51.210.97.29 - - [05/Jul/2021:00:06:08 -0400] "GET /wp-login.php HTTP/1.1" 301 564 "-" "Mozilla/5.0 (X11; Ubuntu; Linux x86_64; rv:62.0) Gecko/20100101 Firefox/62.0"
51.210.97.29 - - [05/Jul/2021:00:06:09 -0400] "GET /wp-login.php HTTP/1.1" 404 5806 "http://justinbodnar.com/wp-login.php" "Mozilla/5.0 (X11; Ubuntu; Linux x86_64; rv:62.0) Gecko/20100101 Firefox/62.0"
173.245.202.201 - - [05/Jul/2021:00:31:45 -0400] "GET /.env HTTP/1.1" 404 491 "-" "Mozilla/5.0 (X11; Linux x86_64) AppleWebKit/537.36 (KHTML, like Gecko) Chrome/81.0.4044.129 Safari/537.36"
173.245.202.201 - - [05/Jul/2021:00:31:46 -0400] "POST / HTTP/1.1" 200 353 "-" "Mozilla/5.0 (X11; Linux x86_64) AppleWebKit/537.36 (KHTML, like Gecko) Chrome/81.0.4044.129 Safari/537.36"
54.245.72.69 - - [05/Jul/2021:00:39:32 -0400] "GET / HTTP/1.1" 200 10213 "-" "Mozilla/5.0 (Macintosh; Intel Mac OS X 10_10_5) AppleWebKit/537.36 (KHTML, like Gecko) Chrome/52.0.2743.116 Safari/537.36"
54.245.72.69 - - [05/Jul/2021:00:39:32 -0400] "GET / HTTP/1.1" 301 540 "-" "Mozilla/5.0 (Macintosh; Intel Mac OS X 10_10_5) AppleWebKit/537.36 (KHTML, like Gecko) Chrome/52.0.2743.116 Safari/537.36"
54.245.72.69 - - [05/Jul/2021:00:39:33 -0400] "GET / HTTP/1.1" 200 15818 "-" "Mozilla/5.0 (Macintosh; Intel Mac OS X 10_10_5) AppleWebKit/537.36 (KHTML, like Gecko) Chrome/52.0.2743.116 Safari/537.36"
::1 - - [05/Jul/2021:00:47:28 -0400] "OPTIONS * HTTP/1.0" 200 126 "-" "Apache/2.4.38 (Debian) OpenSSL/1.1.1d (internal dummy connection)"
147.91.212.248 - - [05/Jul/2021:00:50:24 -0400] "GET / HTTP/1.1" 200 264 "-" "Mozilla/5.0 (Windows NT 6.1; WOW64) AppleWebKit/537.36 (KHTML, like Gecko) Chrome/52.0.2743.116 Safari/537.36"
::1 - - [05/Jul/2021:01:06:22 -0400] "OPTIONS * HTTP/1.0" 200 126 "-" "Apache/2.4.38 (Debian) OpenSSL/1.1.1d (internal dummy connection)"
::1 - - [05/Jul/2021:01:06:23 -0400] "OPTIONS * HTTP/1.0" 200 126 "-" "Apache/2.4.38 (Debian) OpenSSL/1.1.1d (internal dummy connection)"
::1 - - [05/Jul/2021:01:06:24 -0400] "OPTIONS * HTTP/1.0" 200 126 "-" "Apache/2.4.38 (Debian) OpenSSL/1.1.1d (internal dummy connection)"
::1 - - [05/Jul/2021:01:06:25 -0400] "OPTIONS * HTTP/1.0" 200 126 "-" "Apache/2.4.38 (Debian) OpenSSL/1.1.1d (internal dummy connection)"
23.96.121.158 - - [05/Jul/2021:01:10:46 -0400] "GET /vendor/phpunit/phpunit/LICENSE HTTP/1.1" 404 491 "-" "Mozilla/5.0 (X11; Ubuntu; Linux i686; rv:28.0) Gecko/20100101 Firefox/28.0"
23.96.121.158 - - [05/Jul/2021:01:11:05 -0400] "GET /vendor/phpunit/phpunit/src/Util/PHP/ HTTP/1.1" 404 491 "-" "Mozilla/5.0 (X11; Ubuntu; Linux i686; rv:28.0) Gecko/20100101 Firefox/28.0"
23.96.121.158 - - [05/Jul/2021:01:17:28 -0400] "GET /vendor/phpunit/phpunit/LICENSE HTTP/1.1" 404 502 "-" "Mozilla/5.0 (X11; Ubuntu; Linux i686; rv:28.0) Gecko/20100101 Firefox/28.0"
23.96.121.158 - - [05/Jul/2021:01:17:48 -0400] "GET /vendor/phpunit/phpunit/src/Util/PHP/ HTTP/1.1" 404 502 "-" "Mozilla/5.0 (X11; Ubuntu; Linux i686; rv:28.0) Gecko/20100101 Firefox/28.0"
23.96.121.158 - - [05/Jul/2021:01:21:06 -0400] "GET /vendor/phpunit/phpunit/LICENSE HTTP/1.1" 301 637 "-" "Mozilla/5.0 (X11; Ubuntu; Linux i686; rv:28.0) Gecko/20100101 Firefox/28.0"
23.96.121.158 - - [05/Jul/2021:01:21:13 -0400] "GET /vendor/phpunit/phpunit/LICENSE HTTP/1.1" 404 5907 "-" "Mozilla/5.0 (X11; Ubuntu; Linux i686; rv:28.0) Gecko/20100101 Firefox/28.0"
144.217.221.104 - - [05/Jul/2021:01:21:19 -0400] "GET /phpmyadmin/index.php HTTP/1.1" 404 435 "-" "-"
144.217.221.104 - - [05/Jul/2021:01:21:19 -0400] "GET /phpMyAdmin/index.php HTTP/1.1" 404 435 "-" "-"
23.96.121.158 - - [05/Jul/2021:01:21:24 -0400] "GET /vendor/phpunit/phpunit/src/Util/PHP/ HTTP/1.1" 301 649 "-" "Mozilla/5.0 (X11; Ubuntu; Linux i686; rv:28.0) Gecko/20100101 Firefox/28.0"
23.96.121.158 - - [05/Jul/2021:01:21:29 -0400] "GET /vendor/phpunit/phpunit/src/Util/PHP/ HTTP/1.1" 404 5907 "-" "Mozilla/5.0 (X11; Ubuntu; Linux i686; rv:28.0) Gecko/20100101 Firefox/28.0"
1.15.175.155 - - [05/Jul/2021:01:34:44 -0400] "GET / HTTP/1.1" 200 9179 "-" "Mozilla/5.0 (Linux; Android 10; LIO-AN00 Build/HUAWEILIO-AN00; wv) AppleWebKit/537.36 (KHTML, like Gecko) Version/4.0 Chrome/78.0.3904.62 XWEB/2692 MMWEBSDK/200901 Mobile Safari/537.36"
23.96.121.158 - - [05/Jul/2021:01:36:35 -0400] "GET /vendor/phpunit/phpunit/LICENSE HTTP/1.1" 404 502 "-" "Mozilla/5.0 (X11; Ubuntu; Linux i686; rv:28.0) Gecko/20100101 Firefox/28.0"
23.96.121.158 - - [05/Jul/2021:01:36:53 -0400] "GET /vendor/phpunit/phpunit/src/Util/PHP/ HTTP/1.1" 404 502 "-" "Mozilla/5.0 (X11; Ubuntu; Linux i686; rv:28.0) Gecko/20100101 Firefox/28.0"
66.249.64.135 - - [05/Jul/2021:01:37:43 -0400] "GET / HTTP/1.1" 200 9216 "-" "Mozilla/5.0 (compatible; Googlebot/2.1; +http://www.google.com/bot.html)"
66.249.64.128 - - [05/Jul/2021:01:37:46 -0400] "GET /css/font-awesome.min.css HTTP/1.1" 200 13483 "https://justinbodnar.com/" "Mozilla/5.0 AppleWebKit/537.36 (KHTML, like Gecko; compatible; Googlebot/2.1; +http://www.google.com/bot.html) Chrome/91.0.4472.90 Safari/537.36"
66.249.64.158 - - [05/Jul/2021:01:37:46 -0400] "GET /js/jquery.easing.min.js HTTP/1.1" 404 6544 "https://justinbodnar.com/" "Mozilla/5.0 AppleWebKit/537.36 (KHTML, like Gecko; compatible; Googlebot/2.1; +http://www.google.com/bot.html) Chrome/91.0.4472.90 Safari/537.36"
66.249.64.135 - - [05/Jul/2021:01:37:47 -0400] "GET /js/jquery.min.js HTTP/1.1" 404 6544 "https://justinbodnar.com/" "Mozilla/5.0 AppleWebKit/537.36 (KHTML, like Gecko; compatible; Googlebot/2.1; +http://www.google.com/bot.html) Chrome/91.0.4472.90 Safari/537.36"
66.249.64.158 - - [05/Jul/2021:01:37:47 -0400] "GET /css/bootstrap.min.css HTTP/1.1" 200 20193 "https://justinbodnar.com/" "Mozilla/5.0 AppleWebKit/537.36 (KHTML, like Gecko; compatible; Googlebot/2.1; +http://www.google.com/bot.html) Chrome/91.0.4472.90 Safari/537.36"
66.249.64.158 - - [05/Jul/2021:01:37:48 -0400] "GET /js/contactform.js HTTP/1.1" 404 517 "https://justinbodnar.com/" "Mozilla/5.0 AppleWebKit/537.36 (KHTML, like Gecko; compatible; Googlebot/2.1; +http://www.google.com/bot.html) Chrome/91.0.4472.90 Safari/537.36"
66.249.64.128 - - [05/Jul/2021:01:37:48 -0400] "GET /js/custom.js HTTP/1.1" 404 517 "https://justinbodnar.com/" "Mozilla/5.0 AppleWebKit/537.36 (KHTML, like Gecko; compatible; Googlebot/2.1; +http://www.google.com/bot.html) Chrome/91.0.4472.90 Safari/537.36"
66.249.64.128 - - [05/Jul/2021:01:37:49 -0400] "GET /js/wow.js HTTP/1.1" 404 517 "https://justinbodnar.com/" "Mozilla/5.0 AppleWebKit/537.36 (KHTML, like Gecko; compatible; Googlebot/2.1; +http://www.google.com/bot.html) Chrome/91.0.4472.90 Safari/537.36"
66.249.64.128 - - [05/Jul/2021:01:37:49 -0400] "GET /js/bootstrap.min.js HTTP/1.1" 404 517 "https://justinbodnar.com/" "Mozilla/5.0 AppleWebKit/537.36 (KHTML, like Gecko; compatible; Googlebot/2.1; +http://www.google.com/bot.html) Chrome/91.0.4472.90 Safari/537.36"
66.249.64.158 - - [05/Jul/2021:01:37:50 -0400] "GET /css/style.css HTTP/1.1" 200 2295 "https://justinbodnar.com/" "Mozilla/5.0 AppleWebKit/537.36 (KHTML, like Gecko; compatible; Googlebot/2.1; +http://www.google.com/bot.html) Chrome/91.0.4472.90 Safari/537.36"
66.249.64.158 - - [05/Jul/2021:01:37:50 -0400] "GET /css/animate.css HTTP/1.1" 200 4834 "https://justinbodnar.com/" "Mozilla/5.0 AppleWebKit/537.36 (KHTML, like Gecko; compatible; Googlebot/2.1; +http://www.google.com/bot.html) Chrome/91.0.4472.90 Safari/537.36"
::1 - - [05/Jul/2021:01:37:52 -0400] "OPTIONS * HTTP/1.0" 200 126 "-" "Apache/2.4.38 (Debian) OpenSSL/1.1.1d (internal dummy connection)"
::1 - - [05/Jul/2021:01:37:54 -0400] "OPTIONS * HTTP/1.0" 200 126 "-" "Apache/2.4.38 (Debian) OpenSSL/1.1.1d (internal dummy connection)"
::1 - - [05/Jul/2021:01:37:55 -0400] "OPTIONS * HTTP/1.0" 200 126 "-" "Apache/2.4.38 (Debian) OpenSSL/1.1.1d (internal dummy connection)"
66.249.64.158 - - [05/Jul/2021:01:38:16 -0400] "GET /favicon.ico HTTP/1.1" 404 6544 "-" "Googlebot-Image/1.0"
::1 - - [05/Jul/2021:01:39:06 -0400] "OPTIONS * HTTP/1.0" 200 126 "-" "Apache/2.4.38 (Debian) OpenSSL/1.1.1d (internal dummy connection)"
1.15.175.155 - - [05/Jul/2021:01:46:07 -0400] "GET / HTTP/1.1" 200 9179 "-" "Mozilla/5.0 (Linux; Android 10; LIO-AN00 Build/HUAWEILIO-AN00; wv) AppleWebKit/537.36 (KHTML, like Gecko) Version/4.0 Chrome/78.0.3904.62 XWEB/2692 MMWEBSDK/200901 Mobile Safari/537.36"
54.196.102.65 - - [05/Jul/2021:01:47:58 -0400] "GET / HTTP/1.1" 200 297 "-" "Cloud mapping experiment. Contact research@pdrlabs.net"
54.196.102.65 - - [05/Jul/2021:01:49:44 -0400] "GET /clientaccesspolicy.xml HTTP/1.1" 404 435 "-" "Cloud mapping experiment. Contact research@pdrlabs.net"
34.75.32.117 - - [05/Jul/2021:01:56:58 -0400] "GET /robots.txt HTTP/1.0" 404 462 "-" "ZoominfoBot (zoominfobot at zoominfo dot com)"
34.75.32.117 - - [05/Jul/2021:01:56:58 -0400] "GET /index.html HTTP/1.0" 404 462 "-" "ZoominfoBot (zoominfobot at zoominfo dot com)"
::1 - - [05/Jul/2021:01:57:04 -0400] "OPTIONS * HTTP/1.0" 200 126 "-" "Apache/2.4.38 (Debian) OpenSSL/1.1.1d (internal dummy connection)"
::1 - - [05/Jul/2021:01:57:05 -0400] "OPTIONS * HTTP/1.0" 200 126 "-" "Apache/2.4.38 (Debian) OpenSSL/1.1.1d (internal dummy connection)"
::1 - - [05/Jul/2021:01:57:15 -0400] "OPTIONS * HTTP/1.0" 200 126 "-" "Apache/2.4.38 (Debian) OpenSSL/1.1.1d (internal dummy connection)"
::1 - - [05/Jul/2021:01:58:42 -0400] "OPTIONS * HTTP/1.0" 200 126 "-" "Apache/2.4.38 (Debian) OpenSSL/1.1.1d (internal dummy connection)"
::1 - - [05/Jul/2021:01:58:45 -0400] "OPTIONS * HTTP/1.0" 200 126 "-" "Apache/2.4.38 (Debian) OpenSSL/1.1.1d (internal dummy connection)"
::1 - - [05/Jul/2021:01:58:50 -0400] "OPTIONS * HTTP/1.0" 200 126 "-" "Apache/2.4.38 (Debian) OpenSSL/1.1.1d (internal dummy connection)"
34.75.32.117 - - [05/Jul/2021:02:02:11 -0400] "GET /robots.txt HTTP/1.0" 404 5810 "-" "ZoominfoBot (zoominfobot at zoominfo dot com)"
34.75.32.117 - - [05/Jul/2021:02:02:11 -0400] "GET /index.html HTTP/1.0" 404 613 "-" "ZoominfoBot (zoominfobot at zoominfo dot com)"
::1 - - [05/Jul/2021:02:06:13 -0400] "OPTIONS * HTTP/1.0" 200 126 "-" "Apache/2.4.38 (Debian) OpenSSL/1.1.1d (internal dummy connection)"
::1 - - [05/Jul/2021:02:09:19 -0400] "OPTIONS * HTTP/1.0" 200 126 "-" "Apache/2.4.38 (Debian) OpenSSL/1.1.1d (internal dummy connection)"
::1 - - [05/Jul/2021:02:09:20 -0400] "OPTIONS * HTTP/1.0" 200 126 "-" "Apache/2.4.38 (Debian) OpenSSL/1.1.1d (internal dummy connection)"
::1 - - [05/Jul/2021:02:09:21 -0400] "OPTIONS * HTTP/1.0" 200 126 "-" "Apache/2.4.38 (Debian) OpenSSL/1.1.1d (internal dummy connection)"
::1 - - [05/Jul/2021:02:09:22 -0400] "OPTIONS * HTTP/1.0" 200 126 "-" "Apache/2.4.38 (Debian) OpenSSL/1.1.1d (internal dummy connection)"
::1 - - [05/Jul/2021:02:09:23 -0400] "OPTIONS * HTTP/1.0" 200 126 "-" "Apache/2.4.38 (Debian) OpenSSL/1.1.1d (internal dummy connection)"
::1 - - [05/Jul/2021:02:09:24 -0400] "OPTIONS * HTTP/1.0" 200 126 "-" "Apache/2.4.38 (Debian) OpenSSL/1.1.1d (internal dummy connection)"
::1 - - [05/Jul/2021:02:09:25 -0400] "OPTIONS * HTTP/1.0" 200 126 "-" "Apache/2.4.38 (Debian) OpenSSL/1.1.1d (internal dummy connection)"
::1 - - [05/Jul/2021:02:09:26 -0400] "OPTIONS * HTTP/1.0" 200 126 "-" "Apache/2.4.38 (Debian) OpenSSL/1.1.1d (internal dummy connection)"
::1 - - [05/Jul/2021:02:09:27 -0400] "OPTIONS * HTTP/1.0" 200 126 "-" "Apache/2.4.38 (Debian) OpenSSL/1.1.1d (internal dummy connection)"
::1 - - [05/Jul/2021:02:09:28 -0400] "OPTIONS * HTTP/1.0" 200 126 "-" "Apache/2.4.38 (Debian) OpenSSL/1.1.1d (internal dummy connection)"
::1 - - [05/Jul/2021:02:09:29 -0400] "OPTIONS * HTTP/1.0" 200 126 "-" "Apache/2.4.38 (Debian) OpenSSL/1.1.1d (internal dummy connection)"
::1 - - [05/Jul/2021:02:09:30 -0400] "OPTIONS * HTTP/1.0" 200 126 "-" "Apache/2.4.38 (Debian) OpenSSL/1.1.1d (internal dummy connection)"
::1 - - [05/Jul/2021:02:09:32 -0400] "OPTIONS * HTTP/1.0" 200 126 "-" "Apache/2.4.38 (Debian) OpenSSL/1.1.1d (internal dummy connection)"
::1 - - [05/Jul/2021:02:09:33 -0400] "OPTIONS * HTTP/1.0" 200 126 "-" "Apache/2.4.38 (Debian) OpenSSL/1.1.1d (internal dummy connection)"
::1 - - [05/Jul/2021:02:10:04 -0400] "OPTIONS * HTTP/1.0" 200 126 "-" "Apache/2.4.38 (Debian) OpenSSL/1.1.1d (internal dummy connection)"
144.76.68.14 - - [05/Jul/2021:02:21:14 -0400] "GET /robots.txt HTTP/1.1" 301 597 "-" "serpstatbot/2.1 (advanced backlink tracking bot; https://serpstatbot.com/; abuse@serpstatbot.com)"
144.76.68.14 - - [05/Jul/2021:02:21:15 -0400] "GET /robots.txt HTTP/1.1" 404 5896 "-" "serpstatbot/2.1 (advanced backlink tracking bot; https://serpstatbot.com/; abuse@serpstatbot.com)"
144.76.68.14 - - [05/Jul/2021:02:21:15 -0400] "GET / HTTP/1.1" 301 577 "-" "serpstatbot/2.1 (advanced backlink tracking bot; https://serpstatbot.com/; abuse@serpstatbot.com)"
::1 - - [05/Jul/2021:02:29:45 -0400] "OPTIONS * HTTP/1.0" 200 126 "-" "Apache/2.4.38 (Debian) OpenSSL/1.1.1d (internal dummy connection)"
31.210.20.166 - - [05/Jul/2021:02:34:22 -0400] "GET /.env HTTP/1.1" 404 6544 "-" "Mozilla/5.0 (X11; Linux x86_64) AppleWebKit/537.36 (KHTML, like Gecko) Chrome/81.0.4044.129 Safari/537.36"
31.210.20.166 - - [05/Jul/2021:02:34:24 -0400] "GET /vendor/.env HTTP/1.1" 404 6544 "-" "Mozilla/5.0 (X11; Linux x86_64) AppleWebKit/537.36 (KHTML, like Gecko) Chrome/81.0.4044.129 Safari/537.36"
31.210.20.166 - - [05/Jul/2021:02:34:26 -0400] "GET /storage/.env HTTP/1.1" 404 6544 "-" "Mozilla/5.0 (X11; Linux x86_64) AppleWebKit/537.36 (KHTML, like Gecko) Chrome/81.0.4044.129 Safari/537.36"
31.210.20.166 - - [05/Jul/2021:02:34:28 -0400] "GET /public/.env HTTP/1.1" 404 6544 "-" "Mozilla/5.0 (X11; Linux x86_64) AppleWebKit/537.36 (KHTML, like Gecko) Chrome/81.0.4044.129 Safari/537.36"
31.210.20.166 - - [05/Jul/2021:02:34:30 -0400] "POST / HTTP/1.1" 200 9216 "-" "Mozilla/5.0 (X11; Linux x86_64) AppleWebKit/537.36 (KHTML, like Gecko) Chrome/81.0.4044.129 Safari/537.36"
::1 - - [05/Jul/2021:02:34:34 -0400] "OPTIONS * HTTP/1.0" 200 126 "-" "Apache/2.4.38 (Debian) OpenSSL/1.1.1d (internal dummy connection)"
::1 - - [05/Jul/2021:02:34:38 -0400] "OPTIONS * HTTP/1.0" 200 126 "-" "Apache/2.4.38 (Debian) OpenSSL/1.1.1d (internal dummy connection)"
144.76.68.14 - - [05/Jul/2021:02:41:43 -0400] "GET / HTTP/1.1" 200 8582 "-" "serpstatbot/2.1 (advanced backlink tracking bot; https://serpstatbot.com/; abuse@serpstatbot.com)"
110.82.1.55 - - [05/Jul/2021:02:45:02 -0400] "GET / HTTP/1.1" 200 15899 "https://justinbodnar.com/" "Mozilla/5.0 (Windows NT 10.0; Win64; x64) AppleWebKit/537.36 (KHTML, like Gecko) Chrome/80.0.3987.149 Safari/537.36"
::1 - - [05/Jul/2021:02:45:32 -0400] "OPTIONS * HTTP/1.0" 200 126 "-" "Apache/2.4.38 (Debian) OpenSSL/1.1.1d (internal dummy connection)"
::1 - - [05/Jul/2021:02:45:33 -0400] "OPTIONS * HTTP/1.0" 200 126 "-" "Apache/2.4.38 (Debian) OpenSSL/1.1.1d (internal dummy connection)"
::1 - - [05/Jul/2021:02:45:34 -0400] "OPTIONS * HTTP/1.0" 200 126 "-" "Apache/2.4.38 (Debian) OpenSSL/1.1.1d (internal dummy connection)"
200.53.28.141 - - [05/Jul/2021:02:58:49 -0400] "GET / HTTP/1.1" 200 264 "-" "Mozilla/5.0 (Windows NT 6.1; WOW64) AppleWebKit/537.36 (KHTML, like Gecko) Chrome/52.0.2743.116 Safari/537.36"
::1 - - [05/Jul/2021:02:59:41 -0400] "OPTIONS * HTTP/1.0" 200 126 "-" "Apache/2.4.38 (Debian) OpenSSL/1.1.1d (internal dummy connection)"
144.76.68.14 - - [05/Jul/2021:03:01:43 -0400] "GET /index.html HTTP/1.1" 404 5896 "-" "serpstatbot/2.1 (advanced backlink tracking bot; https://serpstatbot.com/; abuse@serpstatbot.com)"
::1 - - [05/Jul/2021:03:02:02 -0400] "OPTIONS * HTTP/1.0" 200 126 "-" "Apache/2.4.38 (Debian) OpenSSL/1.1.1d (internal dummy connection)"
185.220.100.243 - - [05/Jul/2021:03:10:53 -0400] "GET / HTTP/1.0" 301 540 "https://mp3galaxy.art/?kk=queen_vs._the_miami_project" "Mozilla/5.0 (Windows NT 6.3; Win64; x64) AppleWebKit/537.36 (KHTML, like Gecko) Chrome/67.0.3396.79 Safari/537.36"
185.220.101.213 - - [05/Jul/2021:03:10:54 -0400] "GET / HTTP/1.0" 301 540 "https://flexmp3.uno/?f=bomfunk+mc+s" "Mozilla/5.0 (Windows NT 6.3; Win64; x64) AppleWebKit/537.36 (KHTML, like Gecko) Chrome/67.0.3396.99 Safari/537.36"
185.220.100.245 - - [05/Jul/2021:03:10:55 -0400] "GET / HTTP/1.0" 301 540 "https://mp4.email/?u88=ost+\xd0\xb8\xd0\xb3\xd1\x80\xd0\xb0+\xd0\xbf\xd1\x80\xd0\xb5\xd1\x81\xd1\x82\xd0\xbe\xd0\xbb\xd0\xbe\xd0\xb2+ramin+djawadi" "Mozilla/5.0 (Windows NT 6.3; Win64; x64) AppleWebKit/537.36 (KHTML, like Gecko) Chrome/65.0.3325.146 Safari/537.36"
185.220.100.252 - - [05/Jul/2021:03:10:55 -0400] "GET / HTTP/1.0" 301 540 "https://rushs.org/hot-bloomers-school-girls-sex-on-a-bus-5938080-magnet" "Mozilla/5.0 (Windows NT 10.0; Win64; x64) AppleWebKit/537.36 (KHTML, like Gecko) Chrome/66.0.3359.170 Safari/537.36 OPR/53.0.2907.99"
209.141.41.98 - - [05/Jul/2021:03:13:02 -0400] "POST /boaform/admin/formLogin HTTP/1.1" 404 491 "http://204.48.19.85:80/admin/login.asp" "Mozilla/5.0 (X11; Ubuntu; Linux x86_64; rv:71.0) Gecko/20100101 Firefox/71.0"
::1 - - [05/Jul/2021:03:14:52 -0400] "OPTIONS * HTTP/1.0" 200 126 "-" "Apache/2.4.38 (Debian) OpenSSL/1.1.1d (internal dummy connection)"
::1 - - [05/Jul/2021:03:22:18 -0400] "OPTIONS * HTTP/1.0" 200 126 "-" "Apache/2.4.38 (Debian) OpenSSL/1.1.1d (internal dummy connection)"
::1 - - [05/Jul/2021:03:22:19 -0400] "OPTIONS * HTTP/1.0" 200 126 "-" "Apache/2.4.38 (Debian) OpenSSL/1.1.1d (internal dummy connection)"
::1 - - [05/Jul/2021:03:22:20 -0400] "OPTIONS * HTTP/1.0" 200 126 "-" "Apache/2.4.38 (Debian) OpenSSL/1.1.1d (internal dummy connection)"
::1 - - [05/Jul/2021:03:22:21 -0400] "OPTIONS * HTTP/1.0" 200 126 "-" "Apache/2.4.38 (Debian) OpenSSL/1.1.1d (internal dummy connection)"
::1 - - [05/Jul/2021:03:22:22 -0400] "OPTIONS * HTTP/1.0" 200 126 "-" "Apache/2.4.38 (Debian) OpenSSL/1.1.1d (internal dummy connection)"
::1 - - [05/Jul/2021:03:22:23 -0400] "OPTIONS * HTTP/1.0" 200 126 "-" "Apache/2.4.38 (Debian) OpenSSL/1.1.1d (internal dummy connection)"
::1 - - [05/Jul/2021:03:22:25 -0400] "OPTIONS * HTTP/1.0" 200 126 "-" "Apache/2.4.38 (Debian) OpenSSL/1.1.1d (internal dummy connection)"
144.76.68.14 - - [05/Jul/2021:03:40:23 -0400] "GET /index.html HTTP/1.1" 404 5896 "-" "serpstatbot/2.1 (advanced backlink tracking bot; https://serpstatbot.com/; abuse@serpstatbot.com)"
66.249.64.30 - - [05/Jul/2021:03:49:59 -0400] "GET /robots.txt HTTP/1.1" 404 499 "-" "Mozilla/5.0 (compatible; Googlebot/2.1; +http://www.google.com/bot.html)"
66.249.89.30 - - [05/Jul/2021:03:49:59 -0400] "GET / HTTP/1.1" 200 3124 "-" "Mozilla/5.0 (Macintosh; Intel Mac OS X 10_7_3) AppleWebKit/[WEBKIT_VERSION] (KHTML, like Gecko, Mediapartners-Google) Chrome/[CHROME_VERSION] Safari/[WEBKIT_VERSION]"
66.249.89.30 - - [05/Jul/2021:03:49:59 -0400] "GET / HTTP/1.1" 200 3123 "-" "Mozilla/5.0 (Linux; Android 4.0.4; Galaxy Nexus Build/IMM76B) AppleWebKit/[WEBKIT_VERSION] (KHTML, like Gecko; Mediapartners-Google) Chrome/[CHROME_VERSION] Mobile Safari/[WEBKIT_VERSION]"
66.249.89.79 - - [05/Jul/2021:03:50:00 -0400] "GET / HTTP/1.1" 301 577 "-" "Mozilla/5.0 (Macintosh; Intel Mac OS X 10_7_3) AppleWebKit/[WEBKIT_VERSION] (KHTML, like Gecko, Mediapartners-Google) Chrome/[CHROME_VERSION] Safari/[WEBKIT_VERSION]"
66.249.89.85 - - [05/Jul/2021:03:50:00 -0400] "GET / HTTP/1.1" 301 577 "-" "Mozilla/5.0 (Linux; Android 4.0.4; Galaxy Nexus Build/IMM76B) AppleWebKit/[WEBKIT_VERSION] (KHTML, like Gecko; Mediapartners-Google) Chrome/[CHROME_VERSION] Mobile Safari/[WEBKIT_VERSION]"
66.249.89.90 - - [05/Jul/2021:03:50:01 -0400] "GET / HTTP/1.1" 200 9216 "-" "Mozilla/5.0 (Macintosh; Intel Mac OS X 10_7_3) AppleWebKit/[WEBKIT_VERSION] (KHTML, like Gecko, Mediapartners-Google) Chrome/[CHROME_VERSION] Safari/[WEBKIT_VERSION]"
66.249.89.76 - - [05/Jul/2021:03:50:01 -0400] "GET / HTTP/1.1" 200 9216 "-" "Mozilla/5.0 (Linux; Android 4.0.4; Galaxy Nexus Build/IMM76B) AppleWebKit/[WEBKIT_VERSION] (KHTML, like Gecko; Mediapartners-Google) Chrome/[CHROME_VERSION] Mobile Safari/[WEBKIT_VERSION]"
66.249.89.30 - - [05/Jul/2021:03:50:01 -0400] "GET /css/font-awesome.min.css HTTP/1.1" 200 7390 "http://www.justinbodnar.com/" "Mozilla/5.0 (Macintosh; Intel Mac OS X 10_7_3) AppleWebKit/537.36 (KHTML, like Gecko, Mediapartners-Google) Chrome/91.0.4472.90 Safari/537.36"
66.249.89.2 - - [05/Jul/2021:03:50:02 -0400] "GET /js/contactform.js HTTP/1.1" 404 499 "http://www.justinbodnar.com/" "Mozilla/5.0 (Macintosh; Intel Mac OS X 10_7_3) AppleWebKit/537.36 (KHTML, like Gecko, Mediapartners-Google) Chrome/91.0.4472.90 Safari/537.36"
66.249.89.2 - - [05/Jul/2021:03:50:02 -0400] "GET /js/wow.js HTTP/1.1" 404 498 "http://www.justinbodnar.com/" "Mozilla/5.0 (Macintosh; Intel Mac OS X 10_7_3) AppleWebKit/537.36 (KHTML, like Gecko, Mediapartners-Google) Chrome/91.0.4472.90 Safari/537.36"
66.249.89.31 - - [05/Jul/2021:03:50:03 -0400] "GET /css/animate.css HTTP/1.1" 200 4769 "http://www.justinbodnar.com/" "Mozilla/5.0 (Macintosh; Intel Mac OS X 10_7_3) AppleWebKit/537.36 (KHTML, like Gecko, Mediapartners-Google) Chrome/91.0.4472.90 Safari/537.36"
66.249.89.31 - - [05/Jul/2021:03:50:03 -0400] "GET /css/style.css HTTP/1.1" 200 2229 "http://www.justinbodnar.com/" "Mozilla/5.0 (Macintosh; Intel Mac OS X 10_7_3) AppleWebKit/537.36 (KHTML, like Gecko, Mediapartners-Google) Chrome/91.0.4472.90 Safari/537.36"
66.249.89.30 - - [05/Jul/2021:03:50:04 -0400] "GET /js/bootstrap.min.js HTTP/1.1" 404 498 "http://www.justinbodnar.com/" "Mozilla/5.0 (Macintosh; Intel Mac OS X 10_7_3) AppleWebKit/537.36 (KHTML, like Gecko, Mediapartners-Google) Chrome/91.0.4472.90 Safari/537.36"
66.249.89.31 - - [05/Jul/2021:03:50:04 -0400] "GET /css/bootstrap.min.css HTTP/1.1" 200 20083 "http://www.justinbodnar.com/" "Mozilla/5.0 (Macintosh; Intel Mac OS X 10_7_3) AppleWebKit/537.36 (KHTML, like Gecko, Mediapartners-Google) Chrome/91.0.4472.90 Safari/537.36"
66.249.89.30 - - [05/Jul/2021:03:50:05 -0400] "GET /js/jquery.easing.min.js HTTP/1.1" 404 498 "http://www.justinbodnar.com/" "Mozilla/5.0 (Linux; Android 4.0.4; Galaxy Nexus Build/IMM76B) AppleWebKit/537.36 (KHTML, like Gecko; Mediapartners-Google) Chrome/91.0.4472.90 Mobile Safari/537.36"
66.249.89.31 - - [05/Jul/2021:03:50:05 -0400] "GET /js/contactform.js HTTP/1.1" 404 498 "http://www.justinbodnar.com/" "Mozilla/5.0 (Linux; Android 4.0.4; Galaxy Nexus Build/IMM76B) AppleWebKit/537.36 (KHTML, like Gecko; Mediapartners-Google) Chrome/91.0.4472.90 Mobile Safari/537.36"
66.249.89.30 - - [05/Jul/2021:03:50:06 -0400] "GET /js/bootstrap.min.js HTTP/1.1" 404 498 "http://www.justinbodnar.com/" "Mozilla/5.0 (Linux; Android 4.0.4; Galaxy Nexus Build/IMM76B) AppleWebKit/537.36 (KHTML, like Gecko; Mediapartners-Google) Chrome/91.0.4472.90 Mobile Safari/537.36"
66.249.89.31 - - [05/Jul/2021:03:50:06 -0400] "GET /js/custom.js HTTP/1.1" 404 498 "http://www.justinbodnar.com/" "Mozilla/5.0 (Linux; Android 4.0.4; Galaxy Nexus Build/IMM76B) AppleWebKit/537.36 (KHTML, like Gecko; Mediapartners-Google) Chrome/91.0.4472.90 Mobile Safari/537.36"
66.249.89.30 - - [05/Jul/2021:03:50:06 -0400] "GET /js/jquery.easing.min.js HTTP/1.1" 404 498 "http://www.justinbodnar.com/" "Mozilla/5.0 (Macintosh; Intel Mac OS X 10_7_3) AppleWebKit/537.36 (KHTML, like Gecko, Mediapartners-Google) Chrome/91.0.4472.90 Safari/537.36"
66.249.89.30 - - [05/Jul/2021:03:50:07 -0400] "GET /js/jquery.min.js HTTP/1.1" 404 498 "http://www.justinbodnar.com/" "Mozilla/5.0 (Macintosh; Intel Mac OS X 10_7_3) AppleWebKit/537.36 (KHTML, like Gecko, Mediapartners-Google) Chrome/91.0.4472.90 Safari/537.36"
66.249.89.30 - - [05/Jul/2021:03:50:07 -0400] "GET /css/font-awesome.min.css HTTP/1.1" 200 7390 "http://www.justinbodnar.com/" "Mozilla/5.0 (Linux; Android 4.0.4; Galaxy Nexus Build/IMM76B) AppleWebKit/537.36 (KHTML, like Gecko; Mediapartners-Google) Chrome/91.0.4472.90 Mobile Safari/537.36"
66.249.89.30 - - [05/Jul/2021:03:50:08 -0400] "GET /js/custom.js HTTP/1.1" 404 498 "http://www.justinbodnar.com/" "Mozilla/5.0 (Macintosh; Intel Mac OS X 10_7_3) AppleWebKit/537.36 (KHTML, like Gecko, Mediapartners-Google) Chrome/91.0.4472.90 Safari/537.36"
66.249.89.30 - - [05/Jul/2021:03:50:08 -0400] "GET /js/wow.js HTTP/1.1" 404 498 "http://www.justinbodnar.com/" "Mozilla/5.0 (Linux; Android 4.0.4; Galaxy Nexus Build/IMM76B) AppleWebKit/537.36 (KHTML, like Gecko; Mediapartners-Google) Chrome/91.0.4472.90 Mobile Safari/537.36"
66.249.89.30 - - [05/Jul/2021:03:50:09 -0400] "GET /js/jquery.min.js HTTP/1.1" 404 498 "http://www.justinbodnar.com/" "Mozilla/5.0 (Linux; Android 4.0.4; Galaxy Nexus Build/IMM76B) AppleWebKit/537.36 (KHTML, like Gecko; Mediapartners-Google) Chrome/91.0.4472.90 Mobile Safari/537.36"
66.249.89.30 - - [05/Jul/2021:03:50:09 -0400] "GET /css/animate.css HTTP/1.1" 200 4768 "http://www.justinbodnar.com/" "Mozilla/5.0 (Linux; Android 4.0.4; Galaxy Nexus Build/IMM76B) AppleWebKit/537.36 (KHTML, like Gecko; Mediapartners-Google) Chrome/91.0.4472.90 Mobile Safari/537.36"
66.249.89.30 - - [05/Jul/2021:03:50:10 -0400] "GET /css/bootstrap.min.css HTTP/1.1" 200 20083 "http://www.justinbodnar.com/" "Mozilla/5.0 (Linux; Android 4.0.4; Galaxy Nexus Build/IMM76B) AppleWebKit/537.36 (KHTML, like Gecko; Mediapartners-Google) Chrome/91.0.4472.90 Mobile Safari/537.36"
66.249.89.30 - - [05/Jul/2021:03:50:10 -0400] "GET /css/style.css HTTP/1.1" 200 2229 "http://www.justinbodnar.com/" "Mozilla/5.0 (Linux; Android 4.0.4; Galaxy Nexus Build/IMM76B) AppleWebKit/537.36 (KHTML, like Gecko; Mediapartners-Google) Chrome/91.0.4472.90 Mobile Safari/537.36"
66.249.89.74 - - [05/Jul/2021:03:50:11 -0400] "GET /css/bootstrap.min.css HTTP/1.1" 301 619 "http://justinbodnar.com/" "Mozilla/5.0 (Macintosh; Intel Mac OS X 10_7_3) AppleWebKit/537.36 (KHTML, like Gecko, Mediapartners-Google) Chrome/91.0.4472.90 Safari/537.36"
66.249.89.79 - - [05/Jul/2021:03:50:11 -0400] "GET /js/contactform.js HTTP/1.1" 301 611 "http://justinbodnar.com/" "Mozilla/5.0 (Macintosh; Intel Mac OS X 10_7_3) AppleWebKit/537.36 (KHTML, like Gecko, Mediapartners-Google) Chrome/91.0.4472.90 Safari/537.36"
66.249.89.79 - - [05/Jul/2021:03:50:12 -0400] "GET /js/wow.js HTTP/1.1" 301 594 "http://justinbodnar.com/" "Mozilla/5.0 (Macintosh; Intel Mac OS X 10_7_3) AppleWebKit/537.36 (KHTML, like Gecko, Mediapartners-Google) Chrome/91.0.4472.90 Safari/537.36"
66.249.89.79 - - [05/Jul/2021:03:50:12 -0400] "GET /js/jquery.min.js HTTP/1.1" 301 608 "http://justinbodnar.com/" "Mozilla/5.0 (Macintosh; Intel Mac OS X 10_7_3) AppleWebKit/537.36 (KHTML, like Gecko, Mediapartners-Google) Chrome/91.0.4472.90 Safari/537.36"
66.249.89.74 - - [05/Jul/2021:03:50:12 -0400] "GET /js/custom.js HTTP/1.1" 301 600 "http://justinbodnar.com/" "Mozilla/5.0 (Macintosh; Intel Mac OS X 10_7_3) AppleWebKit/537.36 (KHTML, like Gecko, Mediapartners-Google) Chrome/91.0.4472.90 Safari/537.36"
66.249.89.79 - - [05/Jul/2021:03:50:13 -0400] "GET /css/animate.css HTTP/1.1" 301 606 "http://justinbodnar.com/" "Mozilla/5.0 (Macintosh; Intel Mac OS X 10_7_3) AppleWebKit/537.36 (KHTML, like Gecko, Mediapartners-Google) Chrome/91.0.4472.90 Safari/537.36"
66.249.89.79 - - [05/Jul/2021:03:50:13 -0400] "GET /js/bootstrap.min.js HTTP/1.1" 301 614 "http://justinbodnar.com/" "Mozilla/5.0 (Macintosh; Intel Mac OS X 10_7_3) AppleWebKit/537.36 (KHTML, like Gecko, Mediapartners-Google) Chrome/91.0.4472.90 Safari/537.36"
66.249.89.79 - - [05/Jul/2021:03:50:14 -0400] "GET /js/jquery.easing.min.js HTTP/1.1" 301 622 "http://justinbodnar.com/" "Mozilla/5.0 (Macintosh; Intel Mac OS X 10_7_3) AppleWebKit/537.36 (KHTML, like Gecko, Mediapartners-Google) Chrome/91.0.4472.90 Safari/537.36"
66.249.89.79 - - [05/Jul/2021:03:50:14 -0400] "GET /css/font-awesome.min.css HTTP/1.1" 301 624 "http://justinbodnar.com/" "Mozilla/5.0 (Macintosh; Intel Mac OS X 10_7_3) AppleWebKit/537.36 (KHTML, like Gecko, Mediapartners-Google) Chrome/91.0.4472.90 Safari/537.36"
66.249.89.74 - - [05/Jul/2021:03:50:15 -0400] "GET /css/style.css HTTP/1.1" 301 602 "http://justinbodnar.com/" "Mozilla/5.0 (Linux; Android 4.0.4; Galaxy Nexus Build/IMM76B) AppleWebKit/537.36 (KHTML, like Gecko; Mediapartners-Google) Chrome/91.0.4472.90 Mobile Safari/537.36"
66.249.89.74 - - [05/Jul/2021:03:50:15 -0400] "GET /js/jquery.min.js HTTP/1.1" 301 608 "http://justinbodnar.com/" "Mozilla/5.0 (Linux; Android 4.0.4; Galaxy Nexus Build/IMM76B) AppleWebKit/537.36 (KHTML, like Gecko; Mediapartners-Google) Chrome/91.0.4472.90 Mobile Safari/537.36"
66.249.89.74 - - [05/Jul/2021:03:50:16 -0400] "GET /css/font-awesome.min.css HTTP/1.1" 301 624 "http://justinbodnar.com/" "Mozilla/5.0 (Linux; Android 4.0.4; Galaxy Nexus Build/IMM76B) AppleWebKit/537.36 (KHTML, like Gecko; Mediapartners-Google) Chrome/91.0.4472.90 Mobile Safari/537.36"
66.249.89.74 - - [05/Jul/2021:03:50:16 -0400] "GET /js/jquery.easing.min.js HTTP/1.1" 301 622 "http://justinbodnar.com/" "Mozilla/5.0 (Linux; Android 4.0.4; Galaxy Nexus Build/IMM76B) AppleWebKit/537.36 (KHTML, like Gecko; Mediapartners-Google) Chrome/91.0.4472.90 Mobile Safari/537.36"
66.249.89.74 - - [05/Jul/2021:03:50:17 -0400] "GET /css/animate.css HTTP/1.1" 301 606 "http://justinbodnar.com/" "Mozilla/5.0 (Linux; Android 4.0.4; Galaxy Nexus Build/IMM76B) AppleWebKit/537.36 (KHTML, like Gecko; Mediapartners-Google) Chrome/91.0.4472.90 Mobile Safari/537.36"
66.249.89.74 - - [05/Jul/2021:03:50:17 -0400] "GET /js/custom.js HTTP/1.1" 301 600 "http://justinbodnar.com/" "Mozilla/5.0 (Linux; Android 4.0.4; Galaxy Nexus Build/IMM76B) AppleWebKit/537.36 (KHTML, like Gecko; Mediapartners-Google) Chrome/91.0.4472.90 Mobile Safari/537.36"
66.249.89.74 - - [05/Jul/2021:03:50:17 -0400] "GET /js/bootstrap.min.js HTTP/1.1" 301 614 "http://justinbodnar.com/" "Mozilla/5.0 (Linux; Android 4.0.4; Galaxy Nexus Build/IMM76B) AppleWebKit/537.36 (KHTML, like Gecko; Mediapartners-Google) Chrome/91.0.4472.90 Mobile Safari/537.36"
66.249.89.74 - - [05/Jul/2021:03:50:18 -0400] "GET /js/contactform.js HTTP/1.1" 301 610 "http://justinbodnar.com/" "Mozilla/5.0 (Linux; Android 4.0.4; Galaxy Nexus Build/IMM76B) AppleWebKit/537.36 (KHTML, like Gecko; Mediapartners-Google) Chrome/91.0.4472.90 Mobile Safari/537.36"
66.249.89.74 - - [05/Jul/2021:03:50:18 -0400] "GET /css/style.css HTTP/1.1" 301 602 "http://justinbodnar.com/" "Mozilla/5.0 (Macintosh; Intel Mac OS X 10_7_3) AppleWebKit/537.36 (KHTML, like Gecko, Mediapartners-Google) Chrome/91.0.4472.90 Safari/537.36"
66.249.89.74 - - [05/Jul/2021:03:50:19 -0400] "GET /css/bootstrap.min.css HTTP/1.1" 301 618 "http://justinbodnar.com/" "Mozilla/5.0 (Linux; Android 4.0.4; Galaxy Nexus Build/IMM76B) AppleWebKit/537.36 (KHTML, like Gecko; Mediapartners-Google) Chrome/91.0.4472.90 Mobile Safari/537.36"
66.249.89.74 - - [05/Jul/2021:03:50:19 -0400] "GET /js/wow.js HTTP/1.1" 301 594 "http://justinbodnar.com/" "Mozilla/5.0 (Linux; Android 4.0.4; Galaxy Nexus Build/IMM76B) AppleWebKit/537.36 (KHTML, like Gecko; Mediapartners-Google) Chrome/91.0.4472.90 Mobile Safari/537.36"
66.249.89.30 - - [05/Jul/2021:03:50:20 -0400] "GET /js/jquery.easing.min.js HTTP/1.1" 404 499 "http://www.justinbodnar.com/" "Mozilla/5.0 (Macintosh; Intel Mac OS X 10_7_3) AppleWebKit/537.36 (KHTML, like Gecko, Mediapartners-Google) Chrome/91.0.4472.90 Safari/537.36"
66.249.89.30 - - [05/Jul/2021:03:50:20 -0400] "GET /js/jquery.min.js HTTP/1.1" 404 498 "http://www.justinbodnar.com/" "Mozilla/5.0 (Linux; Android 4.0.4; Galaxy Nexus Build/IMM76B) AppleWebKit/537.36 (KHTML, like Gecko; Mediapartners-Google) Chrome/91.0.4472.90 Mobile Safari/537.36"
66.249.89.90 - - [05/Jul/2021:03:50:21 -0400] "GET /css/bootstrap.min.css HTTP/1.1" 200 26220 "http://justinbodnar.com/" "Mozilla/5.0 (Macintosh; Intel Mac OS X 10_7_3) AppleWebKit/537.36 (KHTML, like Gecko, Mediapartners-Google) Chrome/91.0.4472.90 Safari/537.36"
66.249.89.90 - - [05/Jul/2021:03:50:21 -0400] "GET /js/contactform.js HTTP/1.1" 404 517 "http://justinbodnar.com/" "Mozilla/5.0 (Macintosh; Intel Mac OS X 10_7_3) AppleWebKit/537.36 (KHTML, like Gecko, Mediapartners-Google) Chrome/91.0.4472.90 Safari/537.36"
66.249.89.90 - - [05/Jul/2021:03:50:22 -0400] "GET /js/wow.js HTTP/1.1" 404 517 "http://justinbodnar.com/" "Mozilla/5.0 (Macintosh; Intel Mac OS X 10_7_3) AppleWebKit/537.36 (KHTML, like Gecko, Mediapartners-Google) Chrome/91.0.4472.90 Safari/537.36"
66.249.89.90 - - [05/Jul/2021:03:50:22 -0400] "GET /js/jquery.min.js HTTP/1.1" 404 517 "http://justinbodnar.com/" "Mozilla/5.0 (Macintosh; Intel Mac OS X 10_7_3) AppleWebKit/537.36 (KHTML, like Gecko, Mediapartners-Google) Chrome/91.0.4472.90 Safari/537.36"
66.249.89.90 - - [05/Jul/2021:03:50:22 -0400] "GET /js/custom.js HTTP/1.1" 404 517 "http://justinbodnar.com/" "Mozilla/5.0 (Macintosh; Intel Mac OS X 10_7_3) AppleWebKit/537.36 (KHTML, like Gecko, Mediapartners-Google) Chrome/91.0.4472.90 Safari/537.36"
66.249.89.90 - - [05/Jul/2021:03:50:23 -0400] "GET /css/animate.css HTTP/1.1" 200 4834 "http://justinbodnar.com/" "Mozilla/5.0 (Macintosh; Intel Mac OS X 10_7_3) AppleWebKit/537.36 (KHTML, like Gecko, Mediapartners-Google) Chrome/91.0.4472.90 Safari/537.36"
66.249.89.90 - - [05/Jul/2021:03:50:23 -0400] "GET /js/bootstrap.min.js HTTP/1.1" 404 517 "http://justinbodnar.com/" "Mozilla/5.0 (Macintosh; Intel Mac OS X 10_7_3) AppleWebKit/537.36 (KHTML, like Gecko, Mediapartners-Google) Chrome/91.0.4472.90 Safari/537.36"
66.249.89.90 - - [05/Jul/2021:03:50:24 -0400] "GET /js/jquery.easing.min.js HTTP/1.1" 404 517 "http://justinbodnar.com/" "Mozilla/5.0 (Macintosh; Intel Mac OS X 10_7_3) AppleWebKit/537.36 (KHTML, like Gecko, Mediapartners-Google) Chrome/91.0.4472.90 Safari/537.36"
66.249.89.90 - - [05/Jul/2021:03:50:24 -0400] "GET /css/font-awesome.min.css HTTP/1.1" 200 7456 "http://justinbodnar.com/" "Mozilla/5.0 (Macintosh; Intel Mac OS X 10_7_3) AppleWebKit/537.36 (KHTML, like Gecko, Mediapartners-Google) Chrome/91.0.4472.90 Safari/537.36"
66.249.89.90 - - [05/Jul/2021:03:50:25 -0400] "GET /css/style.css HTTP/1.1" 200 2295 "http://justinbodnar.com/" "Mozilla/5.0 (Linux; Android 4.0.4; Galaxy Nexus Build/IMM76B) AppleWebKit/537.36 (KHTML, like Gecko; Mediapartners-Google) Chrome/91.0.4472.90 Mobile Safari/537.36"
66.249.89.90 - - [05/Jul/2021:03:50:25 -0400] "GET /css/font-awesome.min.css HTTP/1.1" 200 7456 "http://justinbodnar.com/" "Mozilla/5.0 (Linux; Android 4.0.4; Galaxy Nexus Build/IMM76B) AppleWebKit/537.36 (KHTML, like Gecko; Mediapartners-Google) Chrome/91.0.4472.90 Mobile Safari/537.36"
66.249.89.90 - - [05/Jul/2021:03:50:26 -0400] "GET /js/jquery.min.js HTTP/1.1" 404 517 "http://justinbodnar.com/" "Mozilla/5.0 (Linux; Android 4.0.4; Galaxy Nexus Build/IMM76B) AppleWebKit/537.36 (KHTML, like Gecko; Mediapartners-Google) Chrome/91.0.4472.90 Mobile Safari/537.36"
66.249.89.90 - - [05/Jul/2021:03:50:26 -0400] "GET /js/jquery.easing.min.js HTTP/1.1" 404 517 "http://justinbodnar.com/" "Mozilla/5.0 (Linux; Android 4.0.4; Galaxy Nexus Build/IMM76B) AppleWebKit/537.36 (KHTML, like Gecko; Mediapartners-Google) Chrome/91.0.4472.90 Mobile Safari/537.36"
66.249.89.90 - - [05/Jul/2021:03:50:27 -0400] "GET /css/animate.css HTTP/1.1" 200 4834 "http://justinbodnar.com/" "Mozilla/5.0 (Linux; Android 4.0.4; Galaxy Nexus Build/IMM76B) AppleWebKit/537.36 (KHTML, like Gecko; Mediapartners-Google) Chrome/91.0.4472.90 Mobile Safari/537.36"
66.249.89.90 - - [05/Jul/2021:03:50:27 -0400] "GET /js/custom.js HTTP/1.1" 404 517 "http://justinbodnar.com/" "Mozilla/5.0 (Linux; Android 4.0.4; Galaxy Nexus Build/IMM76B) AppleWebKit/537.36 (KHTML, like Gecko; Mediapartners-Google) Chrome/91.0.4472.90 Mobile Safari/537.36"
66.249.89.90 - - [05/Jul/2021:03:50:28 -0400] "GET /js/bootstrap.min.js HTTP/1.1" 404 517 "http://justinbodnar.com/" "Mozilla/5.0 (Linux; Android 4.0.4; Galaxy Nexus Build/IMM76B) AppleWebKit/537.36 (KHTML, like Gecko; Mediapartners-Google) Chrome/91.0.4472.90 Mobile Safari/537.36"
66.249.89.90 - - [05/Jul/2021:03:50:28 -0400] "GET /js/contactform.js HTTP/1.1" 404 517 "http://justinbodnar.com/" "Mozilla/5.0 (Linux; Android 4.0.4; Galaxy Nexus Build/IMM76B) AppleWebKit/537.36 (KHTML, like Gecko; Mediapartners-Google) Chrome/91.0.4472.90 Mobile Safari/537.36"
66.249.89.90 - - [05/Jul/2021:03:50:29 -0400] "GET /css/style.css HTTP/1.1" 200 2295 "http://justinbodnar.com/" "Mozilla/5.0 (Macintosh; Intel Mac OS X 10_7_3) AppleWebKit/537.36 (KHTML, like Gecko, Mediapartners-Google) Chrome/91.0.4472.90 Safari/537.36"
66.249.89.90 - - [05/Jul/2021:03:50:29 -0400] "GET /css/bootstrap.min.css HTTP/1.1" 200 20193 "http://justinbodnar.com/" "Mozilla/5.0 (Linux; Android 4.0.4; Galaxy Nexus Build/IMM76B) AppleWebKit/537.36 (KHTML, like Gecko; Mediapartners-Google) Chrome/91.0.4472.90 Mobile Safari/537.36"
66.249.89.30 - - [05/Jul/2021:03:50:30 -0400] "GET /img/banner.png HTTP/1.1" 200 2634547 "http://www.justinbodnar.com/css/style.css" "Mozilla/5.0 (Macintosh; Intel Mac OS X 10_7_3) AppleWebKit/537.36 (KHTML, like Gecko, Mediapartners-Google) Chrome/91.0.4472.90 Safari/537.36"
66.249.89.30 - - [05/Jul/2021:03:50:30 -0400] "GET /img/cta-banner.png HTTP/1.1" 200 278206 "http://www.justinbodnar.com/css/style.css" "Mozilla/5.0 (Macintosh; Intel Mac OS X 10_7_3) AppleWebKit/537.36 (KHTML, like Gecko, Mediapartners-Google) Chrome/91.0.4472.90 Safari/537.36"
66.249.89.30 - - [05/Jul/2021:03:50:31 -0400] "GET /fonts/fontawesome-webfont.woff2?v=4.7.0 HTTP/1.1" 200 77449 "http://www.justinbodnar.com/css/font-awesome.min.css" "Mozilla/5.0 (Macintosh; Intel Mac OS X 10_7_3) AppleWebKit/537.36 (KHTML, like Gecko, Mediapartners-Google) Chrome/91.0.4472.90 Safari/537.36"
66.249.89.30 - - [05/Jul/2021:03:50:31 -0400] "GET /js/jquery.easing.min.js HTTP/1.1" 404 498 "http://www.justinbodnar.com/" "Mozilla/5.0 (Linux; Android 4.0.4; Galaxy Nexus Build/IMM76B) AppleWebKit/537.36 (KHTML, like Gecko; Mediapartners-Google) Chrome/91.0.4472.90 Mobile Safari/537.36"
66.249.89.30 - - [05/Jul/2021:03:50:32 -0400] "GET /img/banner.png HTTP/1.1" 200 2634546 "http://www.justinbodnar.com/css/style.css" "Mozilla/5.0 (Linux; Android 4.0.4; Galaxy Nexus Build/IMM76B) AppleWebKit/537.36 (KHTML, like Gecko; Mediapartners-Google) Chrome/91.0.4472.90 Mobile Safari/537.36"
66.249.89.30 - - [05/Jul/2021:03:50:32 -0400] "GET /img/cta-banner.png HTTP/1.1" 200 278206 "http://www.justinbodnar.com/css/style.css" "Mozilla/5.0 (Linux; Android 4.0.4; Galaxy Nexus Build/IMM76B) AppleWebKit/537.36 (KHTML, like Gecko; Mediapartners-Google) Chrome/91.0.4472.90 Mobile Safari/537.36"
66.249.89.30 - - [05/Jul/2021:03:50:32 -0400] "GET /fonts/fontawesome-webfont.woff2?v=4.7.0 HTTP/1.1" 200 77449 "http://www.justinbodnar.com/css/font-awesome.min.css" "Mozilla/5.0 (Linux; Android 4.0.4; Galaxy Nexus Build/IMM76B) AppleWebKit/537.36 (KHTML, like Gecko; Mediapartners-Google) Chrome/91.0.4472.90 Mobile Safari/537.36"
66.249.89.90 - - [05/Jul/2021:03:50:33 -0400] "GET /js/wow.js HTTP/1.1" 404 517 "http://justinbodnar.com/" "Mozilla/5.0 (Linux; Android 4.0.4; Galaxy Nexus Build/IMM76B) AppleWebKit/537.36 (KHTML, like Gecko; Mediapartners-Google) Chrome/91.0.4472.90 Mobile Safari/537.36"
66.249.89.30 - - [05/Jul/2021:03:50:33 -0400] "GET /js/bootstrap.min.js HTTP/1.1" 404 498 "http://www.justinbodnar.com/" "Mozilla/5.0 (Macintosh; Intel Mac OS X 10_7_3) AppleWebKit/537.36 (KHTML, like Gecko, Mediapartners-Google) Chrome/91.0.4472.90 Safari/537.36"
::1 - - [05/Jul/2021:03:50:34 -0400] "OPTIONS * HTTP/1.0" 200 126 "-" "Apache/2.4.38 (Debian) OpenSSL/1.1.1d (internal dummy connection)"
66.249.89.90 - - [05/Jul/2021:03:50:34 -0400] "GET /js/jquery.min.js HTTP/1.1" 404 517 "http://justinbodnar.com/" "Mozilla/5.0 (Linux; Android 4.0.4; Galaxy Nexus Build/IMM76B) AppleWebKit/537.36 (KHTML, like Gecko; Mediapartners-Google) Chrome/91.0.4472.90 Mobile Safari/537.36"
66.249.89.90 - - [05/Jul/2021:03:50:34 -0400] "GET /js/jquery.min.js HTTP/1.1" 404 517 "http://justinbodnar.com/" "Mozilla/5.0 (Macintosh; Intel Mac OS X 10_7_3) AppleWebKit/537.36 (KHTML, like Gecko, Mediapartners-Google) Chrome/91.0.4472.90 Safari/537.36"
66.249.89.30 - - [05/Jul/2021:03:50:35 -0400] "GET /js/bootstrap.min.js HTTP/1.1" 404 498 "http://www.justinbodnar.com/" "Mozilla/5.0 (Linux; Android 4.0.4; Galaxy Nexus Build/IMM76B) AppleWebKit/537.36 (KHTML, like Gecko; Mediapartners-Google) Chrome/91.0.4472.90 Mobile Safari/537.36"
66.249.89.31 - - [05/Jul/2021:03:50:35 -0400] "GET /js/wow.js HTTP/1.1" 404 499 "http://www.justinbodnar.com/" "Mozilla/5.0 (Macintosh; Intel Mac OS X 10_7_3) AppleWebKit/537.36 (KHTML, like Gecko, Mediapartners-Google) Chrome/91.0.4472.90 Safari/537.36"
66.249.89.90 - - [05/Jul/2021:03:50:36 -0400] "GET /img/banner.png HTTP/1.1" 200 2638110 "https://justinbodnar.com/css/style.css" "Mozilla/5.0 (Linux; Android 4.0.4; Galaxy Nexus Build/IMM76B) AppleWebKit/537.36 (KHTML, like Gecko; Mediapartners-Google) Chrome/91.0.4472.90 Mobile Safari/537.36"
66.249.89.90 - - [05/Jul/2021:03:50:36 -0400] "GET /fonts/fontawesome-webfont.woff2?v=4.7.0 HTTP/1.1" 200 77581 "https://justinbodnar.com/css/font-awesome.min.css" "Mozilla/5.0 (Linux; Android 4.0.4; Galaxy Nexus Build/IMM76B) AppleWebKit/537.36 (KHTML, like Gecko; Mediapartners-Google) Chrome/91.0.4472.90 Mobile Safari/537.36"
66.249.89.90 - - [05/Jul/2021:03:50:37 -0400] "GET /img/cta-banner.png HTTP/1.1" 200 278602 "https://justinbodnar.com/css/style.css" "Mozilla/5.0 (Linux; Android 4.0.4; Galaxy Nexus Build/IMM76B) AppleWebKit/537.36 (KHTML, like Gecko; Mediapartners-Google) Chrome/91.0.4472.90 Mobile Safari/537.36"
66.249.89.90 - - [05/Jul/2021:03:50:37 -0400] "GET /js/jquery.easing.min.js HTTP/1.1" 404 517 "http://justinbodnar.com/" "Mozilla/5.0 (Linux; Android 4.0.4; Galaxy Nexus Build/IMM76B) AppleWebKit/537.36 (KHTML, like Gecko; Mediapartners-Google) Chrome/91.0.4472.90 Mobile Safari/537.36"
66.249.89.90 - - [05/Jul/2021:03:50:38 -0400] "GET /img/banner.png HTTP/1.1" 200 2638110 "https://justinbodnar.com/css/style.css" "Mozilla/5.0 (Macintosh; Intel Mac OS X 10_7_3) AppleWebKit/537.36 (KHTML, like Gecko, Mediapartners-Google) Chrome/91.0.4472.90 Safari/537.36"
66.249.89.90 - - [05/Jul/2021:03:50:38 -0400] "GET /js/jquery.easing.min.js HTTP/1.1" 404 517 "http://justinbodnar.com/" "Mozilla/5.0 (Macintosh; Intel Mac OS X 10_7_3) AppleWebKit/537.36 (KHTML, like Gecko, Mediapartners-Google) Chrome/91.0.4472.90 Safari/537.36"
66.249.89.69 - - [05/Jul/2021:03:50:39 -0400] "GET /img/cta-banner.png HTTP/1.1" 200 284629 "https://justinbodnar.com/css/style.css" "Mozilla/5.0 (Macintosh; Intel Mac OS X 10_7_3) AppleWebKit/537.36 (KHTML, like Gecko, Mediapartners-Google) Chrome/91.0.4472.90 Safari/537.36"
66.249.89.30 - - [05/Jul/2021:03:50:39 -0400] "GET /js/wow.js HTTP/1.1" 404 499 "http://www.justinbodnar.com/" "Mozilla/5.0 (Linux; Android 4.0.4; Galaxy Nexus Build/IMM76B) AppleWebKit/537.36 (KHTML, like Gecko; Mediapartners-Google) Chrome/91.0.4472.90 Mobile Safari/537.36"
66.249.89.69 - - [05/Jul/2021:03:50:40 -0400] "GET /fonts/fontawesome-webfont.woff2?v=4.7.0 HTTP/1.1" 200 77581 "https://justinbodnar.com/css/font-awesome.min.css" "Mozilla/5.0 (Macintosh; Intel Mac OS X 10_7_3) AppleWebKit/537.36 (KHTML, like Gecko, Mediapartners-Google) Chrome/91.0.4472.90 Safari/537.36"
66.249.89.31 - - [05/Jul/2021:03:50:40 -0400] "GET /js/custom.js HTTP/1.1" 404 499 "http://www.justinbodnar.com/" "Mozilla/5.0 (Macintosh; Intel Mac OS X 10_7_3) AppleWebKit/537.36 (KHTML, like Gecko, Mediapartners-Google) Chrome/91.0.4472.90 Safari/537.36"
66.249.89.90 - - [05/Jul/2021:03:50:41 -0400] "GET /fonts/fontawesome-webfont.woff?v=4.7.0 HTTP/1.1" 200 98466 "https://justinbodnar.com/css/font-awesome.min.css" "Mozilla/5.0 (Linux; Android 4.0.4; Galaxy Nexus Build/IMM76B) AppleWebKit/537.36 (KHTML, like Gecko; Mediapartners-Google) Chrome/91.0.4472.90 Mobile Safari/537.36"
66.249.89.30 - - [05/Jul/2021:03:50:41 -0400] "GET /js/custom.js HTTP/1.1" 404 498 "http://www.justinbodnar.com/" "Mozilla/5.0 (Linux; Android 4.0.4; Galaxy Nexus Build/IMM76B) AppleWebKit/537.36 (KHTML, like Gecko; Mediapartners-Google) Chrome/91.0.4472.90 Mobile Safari/537.36"
66.249.89.76 - - [05/Jul/2021:03:50:42 -0400] "GET /js/bootstrap.min.js HTTP/1.1" 404 6544 "http://justinbodnar.com/" "Mozilla/5.0 (Macintosh; Intel Mac OS X 10_7_3) AppleWebKit/537.36 (KHTML, like Gecko, Mediapartners-Google) Chrome/91.0.4472.90 Safari/537.36"
66.249.89.90 - - [05/Jul/2021:03:50:42 -0400] "GET /fonts/fontawesome-webfont.woff?v=4.7.0 HTTP/1.1" 200 98466 "https://justinbodnar.com/css/font-awesome.min.css" "Mozilla/5.0 (Macintosh; Intel Mac OS X 10_7_3) AppleWebKit/537.36 (KHTML, like Gecko, Mediapartners-Google) Chrome/91.0.4472.90 Safari/537.36"
66.249.89.90 - - [05/Jul/2021:03:50:43 -0400] "GET /js/bootstrap.min.js HTTP/1.1" 404 517 "http://justinbodnar.com/" "Mozilla/5.0 (Linux; Android 4.0.4; Galaxy Nexus Build/IMM76B) AppleWebKit/537.36 (KHTML, like Gecko; Mediapartners-Google) Chrome/91.0.4472.90 Mobile Safari/537.36"
66.249.89.69 - - [05/Jul/2021:03:50:43 -0400] "GET /fonts/fontawesome-webfont.ttf?v=4.7.0 HTTP/1.1" 200 166100 "https://justinbodnar.com/css/font-awesome.min.css" "Mozilla/5.0 (Linux; Android 4.0.4; Galaxy Nexus Build/IMM76B) AppleWebKit/537.36 (KHTML, like Gecko; Mediapartners-Google) Chrome/91.0.4472.90 Mobile Safari/537.36"
66.249.89.30 - - [05/Jul/2021:03:50:44 -0400] "GET /js/contactform.js HTTP/1.1" 404 498 "http://www.justinbodnar.com/" "Mozilla/5.0 (Linux; Android 4.0.4; Galaxy Nexus Build/IMM76B) AppleWebKit/537.36 (KHTML, like Gecko; Mediapartners-Google) Chrome/91.0.4472.90 Mobile Safari/537.36"
66.249.89.2 - - [05/Jul/2021:03:50:44 -0400] "GET /js/contactform.js HTTP/1.1" 404 499 "http://www.justinbodnar.com/" "Mozilla/5.0 (Macintosh; Intel Mac OS X 10_7_3) AppleWebKit/537.36 (KHTML, like Gecko, Mediapartners-Google) Chrome/91.0.4472.90 Safari/537.36"
66.249.89.69 - - [05/Jul/2021:03:50:45 -0400] "GET /fonts/fontawesome-webfont.ttf?v=4.7.0 HTTP/1.1" 200 166100 "https://justinbodnar.com/css/font-awesome.min.css" "Mozilla/5.0 (Macintosh; Intel Mac OS X 10_7_3) AppleWebKit/537.36 (KHTML, like Gecko, Mediapartners-Google) Chrome/91.0.4472.90 Safari/537.36"
66.249.89.90 - - [05/Jul/2021:03:50:45 -0400] "GET /js/wow.js HTTP/1.1" 404 517 "http://justinbodnar.com/" "Mozilla/5.0 (Macintosh; Intel Mac OS X 10_7_3) AppleWebKit/537.36 (KHTML, like Gecko, Mediapartners-Google) Chrome/91.0.4472.90 Safari/537.36"
66.249.89.90 - - [05/Jul/2021:03:50:46 -0400] "GET /js/wow.js HTTP/1.1" 404 517 "http://justinbodnar.com/" "Mozilla/5.0 (Linux; Android 4.0.4; Galaxy Nexus Build/IMM76B) AppleWebKit/537.36 (KHTML, like Gecko; Mediapartners-Google) Chrome/91.0.4472.90 Mobile Safari/537.36"
66.249.89.90 - - [05/Jul/2021:03:50:46 -0400] "GET /js/custom.js HTTP/1.1" 404 517 "http://justinbodnar.com/" "Mozilla/5.0 (Macintosh; Intel Mac OS X 10_7_3) AppleWebKit/537.36 (KHTML, like Gecko, Mediapartners-Google) Chrome/91.0.4472.90 Safari/537.36"
66.249.89.76 - - [05/Jul/2021:03:50:47 -0400] "GET /js/contactform.js HTTP/1.1" 404 6544 "http://justinbodnar.com/" "Mozilla/5.0 (Macintosh; Intel Mac OS X 10_7_3) AppleWebKit/537.36 (KHTML, like Gecko, Mediapartners-Google) Chrome/91.0.4472.90 Safari/537.36"
66.249.89.69 - - [05/Jul/2021:03:50:47 -0400] "GET /js/custom.js HTTP/1.1" 404 517 "http://justinbodnar.com/" "Mozilla/5.0 (Linux; Android 4.0.4; Galaxy Nexus Build/IMM76B) AppleWebKit/537.36 (KHTML, like Gecko; Mediapartners-Google) Chrome/91.0.4472.90 Mobile Safari/537.36"
66.249.89.90 - - [05/Jul/2021:03:50:48 -0400] "GET /js/contactform.js HTTP/1.1" 404 517 "http://justinbodnar.com/" "Mozilla/5.0 (Linux; Android 4.0.4; Galaxy Nexus Build/IMM76B) AppleWebKit/537.36 (KHTML, like Gecko; Mediapartners-Google) Chrome/91.0.4472.90 Mobile Safari/537.36"
66.249.89.30 - - [05/Jul/2021:03:50:48 -0400] "GET /js/jquery.easing.min.js HTTP/1.1" 404 499 "http://www.justinbodnar.com/" "Mozilla/5.0 (Macintosh; Intel Mac OS X 10_7_3) AppleWebKit/537.36 (KHTML, like Gecko, Mediapartners-Google) Chrome/91.0.4472.90 Safari/537.36"
66.249.89.31 - - [05/Jul/2021:03:50:49 -0400] "GET /js/wow.js HTTP/1.1" 404 499 "http://www.justinbodnar.com/" "Mozilla/5.0 (Macintosh; Intel Mac OS X 10_7_3) AppleWebKit/537.36 (KHTML, like Gecko, Mediapartners-Google) Chrome/91.0.4472.90 Safari/537.36"
66.249.89.31 - - [05/Jul/2021:03:50:49 -0400] "GET /js/contactform.js HTTP/1.1" 404 498 "http://www.justinbodnar.com/" "Mozilla/5.0 (Macintosh; Intel Mac OS X 10_7_3) AppleWebKit/537.36 (KHTML, like Gecko, Mediapartners-Google) Chrome/91.0.4472.90 Safari/537.36"
66.249.89.30 - - [05/Jul/2021:03:50:50 -0400] "GET /js/bootstrap.min.js HTTP/1.1" 404 498 "http://www.justinbodnar.com/" "Mozilla/5.0 (Macintosh; Intel Mac OS X 10_7_3) AppleWebKit/537.36 (KHTML, like Gecko, Mediapartners-Google) Chrome/91.0.4472.90 Safari/537.36"
66.249.89.30 - - [05/Jul/2021:03:50:50 -0400] "GET /js/custom.js HTTP/1.1" 404 498 "http://www.justinbodnar.com/" "Mozilla/5.0 (Macintosh; Intel Mac OS X 10_7_3) AppleWebKit/537.36 (KHTML, like Gecko, Mediapartners-Google) Chrome/91.0.4472.90 Safari/537.36"
66.249.89.31 - - [05/Jul/2021:03:50:51 -0400] "GET /js/jquery.min.js HTTP/1.1" 404 498 "http://www.justinbodnar.com/" "Mozilla/5.0 (Macintosh; Intel Mac OS X 10_7_3) AppleWebKit/537.36 (KHTML, like Gecko, Mediapartners-Google) Chrome/91.0.4472.90 Safari/537.36"
66.249.89.2 - - [05/Jul/2021:03:50:51 -0400] "GET /js/jquery.min.js HTTP/1.1" 404 499 "http://www.justinbodnar.com/" "Mozilla/5.0 (Linux; Android 4.0.4; Galaxy Nexus Build/IMM76B) AppleWebKit/537.36 (KHTML, like Gecko; Mediapartners-Google) Chrome/91.0.4472.90 Mobile Safari/537.36"
66.249.89.30 - - [05/Jul/2021:03:50:52 -0400] "GET /js/contactform.js HTTP/1.1" 404 498 "http://www.justinbodnar.com/" "Mozilla/5.0 (Linux; Android 4.0.4; Galaxy Nexus Build/IMM76B) AppleWebKit/537.36 (KHTML, like Gecko; Mediapartners-Google) Chrome/91.0.4472.90 Mobile Safari/537.36"
66.249.89.2 - - [05/Jul/2021:03:50:52 -0400] "GET /js/jquery.easing.min.js HTTP/1.1" 404 498 "http://www.justinbodnar.com/" "Mozilla/5.0 (Linux; Android 4.0.4; Galaxy Nexus Build/IMM76B) AppleWebKit/537.36 (KHTML, like Gecko; Mediapartners-Google) Chrome/91.0.4472.90 Mobile Safari/537.36"
