::1 - - [11/Jul/2021:00:01:44 -0400] "OPTIONS * HTTP/1.0" 200 126 "-" "Apache/2.4.38 (Debian) OpenSSL/1.1.1d (internal dummy connection)"
::1 - - [11/Jul/2021:00:01:45 -0400] "OPTIONS * HTTP/1.0" 200 126 "-" "Apache/2.4.38 (Debian) OpenSSL/1.1.1d (internal dummy connection)"
::1 - - [11/Jul/2021:00:01:46 -0400] "OPTIONS * HTTP/1.0" 200 126 "-" "Apache/2.4.38 (Debian) OpenSSL/1.1.1d (internal dummy connection)"
::1 - - [11/Jul/2021:00:01:52 -0400] "OPTIONS * HTTP/1.0" 200 126 "-" "Apache/2.4.38 (Debian) OpenSSL/1.1.1d (internal dummy connection)"
125.41.13.149 - - [11/Jul/2021:00:02:21 -0400] "GET /boaform/admin/formLogin?username=admin&psd=admin HTTP/1.0" 404 451 "-" "-"
186.71.158.79 - - [11/Jul/2021:00:02:52 -0400] "GET / HTTP/1.1" 400 0 "-" "-"
186.70.126.34 - - [11/Jul/2021:00:05:23 -0400] "GET / HTTP/1.1" 400 0 "-" "-"
186.70.126.34 - - [11/Jul/2021:00:05:25 -0400] "GET / HTTP/1.1" 400 0 "-" "-"
34.242.26.182 - - [11/Jul/2021:00:16:16 -0400] "GET / HTTP/1.1" 301 540 "-" "Mozilla/5.0 (Macintosh; Intel Mac OS X 10.15; rv:81.0) Gecko/20100101 Firefox/81.0"
34.242.26.182 - - [11/Jul/2021:00:16:16 -0400] "GET / HTTP/1.1" 200 9179 "http://204.48.19.85" "Mozilla/5.0 (Macintosh; Intel Mac OS X 10.15; rv:81.0) Gecko/20100101 Firefox/81.0"
::1 - - [11/Jul/2021:00:35:35 -0400] "OPTIONS * HTTP/1.0" 200 126 "-" "Apache/2.4.38 (Debian) OpenSSL/1.1.1d (internal dummy connection)"
82.156.251.81 - - [11/Jul/2021:00:45:14 -0400] "GET /phpmyadmin/index.php HTTP/1.1" 404 491 "http://204.48.19.85/phpmyadmin/index.php" "Mozilla/4.0 (compatible; MSIE 9.0; Windows NT 6.1)"
::1 - - [11/Jul/2021:00:45:58 -0400] "OPTIONS * HTTP/1.0" 200 126 "-" "Apache/2.4.38 (Debian) OpenSSL/1.1.1d (internal dummy connection)"
::1 - - [11/Jul/2021:00:45:59 -0400] "OPTIONS * HTTP/1.0" 200 126 "-" "Apache/2.4.38 (Debian) OpenSSL/1.1.1d (internal dummy connection)"
::1 - - [11/Jul/2021:00:46:00 -0400] "OPTIONS * HTTP/1.0" 200 126 "-" "Apache/2.4.38 (Debian) OpenSSL/1.1.1d (internal dummy connection)"
::1 - - [11/Jul/2021:00:54:37 -0400] "OPTIONS * HTTP/1.0" 200 126 "-" "Apache/2.4.38 (Debian) OpenSSL/1.1.1d (internal dummy connection)"
::1 - - [11/Jul/2021:00:54:38 -0400] "OPTIONS * HTTP/1.0" 200 126 "-" "Apache/2.4.38 (Debian) OpenSSL/1.1.1d (internal dummy connection)"
::1 - - [11/Jul/2021:00:54:39 -0400] "OPTIONS * HTTP/1.0" 200 126 "-" "Apache/2.4.38 (Debian) OpenSSL/1.1.1d (internal dummy connection)"
3.249.168.24 - - [11/Jul/2021:00:57:31 -0400] "GET / HTTP/1.1" 301 540 "-" "Mozilla/5.0 (Macintosh; Intel Mac OS X 10.15; rv:81.0) Gecko/20100101 Firefox/81.0"
3.249.168.24 - - [11/Jul/2021:00:57:31 -0400] "GET / HTTP/1.1" 200 9179 "http://204.48.19.85" "Mozilla/5.0 (Macintosh; Intel Mac OS X 10.15; rv:81.0) Gecko/20100101 Firefox/81.0"
3.249.168.24 - - [11/Jul/2021:01:00:03 -0400] "GET /rss.xml HTTP/1.1" 404 6507 "-" "Mozilla/5.0 (Macintosh; Intel Mac OS X 10.15; rv:81.0) Gecko/20100101 Firefox/81.0"
3.249.168.24 - - [11/Jul/2021:01:00:03 -0400] "GET /index.rss HTTP/1.1" 404 6507 "-" "Mozilla/5.0 (Macintosh; Intel Mac OS X 10.15; rv:81.0) Gecko/20100101 Firefox/81.0"
3.249.168.24 - - [11/Jul/2021:01:00:03 -0400] "GET /feeds HTTP/1.1" 404 6507 "-" "Mozilla/5.0 (Macintosh; Intel Mac OS X 10.15; rv:81.0) Gecko/20100101 Firefox/81.0"
3.249.168.24 - - [11/Jul/2021:01:00:03 -0400] "GET /index.rdf HTTP/1.1" 404 6507 "-" "Mozilla/5.0 (Macintosh; Intel Mac OS X 10.15; rv:81.0) Gecko/20100101 Firefox/81.0"
3.249.168.24 - - [11/Jul/2021:01:00:03 -0400] "GET /index.xml HTTP/1.1" 404 6507 "-" "Mozilla/5.0 (Macintosh; Intel Mac OS X 10.15; rv:81.0) Gecko/20100101 Firefox/81.0"
3.249.168.24 - - [11/Jul/2021:01:00:03 -0400] "GET /feed HTTP/1.1" 404 6507 "-" "Mozilla/5.0 (Macintosh; Intel Mac OS X 10.15; rv:81.0) Gecko/20100101 Firefox/81.0"
3.249.168.24 - - [11/Jul/2021:01:00:03 -0400] "GET /?format=feed&type=rss HTTP/1.1" 200 9179 "-" "Mozilla/5.0 (Macintosh; Intel Mac OS X 10.15; rv:81.0) Gecko/20100101 Firefox/81.0"
::1 - - [11/Jul/2021:01:04:56 -0400] "OPTIONS * HTTP/1.0" 200 126 "-" "Apache/2.4.38 (Debian) OpenSSL/1.1.1d (internal dummy connection)"
::1 - - [11/Jul/2021:01:04:57 -0400] "OPTIONS * HTTP/1.0" 200 126 "-" "Apache/2.4.38 (Debian) OpenSSL/1.1.1d (internal dummy connection)"
::1 - - [11/Jul/2021:01:05:04 -0400] "OPTIONS * HTTP/1.0" 200 126 "-" "Apache/2.4.38 (Debian) OpenSSL/1.1.1d (internal dummy connection)"
162.62.123.46 - - [11/Jul/2021:01:06:00 -0400] "GET / HTTP/1.0" 200 283 "-" "-"
176.122.88.209 - - [11/Jul/2021:01:12:13 -0400] "GET / HTTP/1.1" 200 264 "-" "Mozilla/5.0 (Windows NT 6.1; WOW64) AppleWebKit/537.36 (KHTML, like Gecko) Chrome/52.0.2743.116 Safari/537.36"
::1 - - [11/Jul/2021:01:18:21 -0400] "OPTIONS * HTTP/1.0" 200 126 "-" "Apache/2.4.38 (Debian) OpenSSL/1.1.1d (internal dummy connection)"
76.72.172.171 - - [11/Jul/2021:01:20:32 -0400] "GET / HTTP/1.1" 301 521 "-" "Mozilla/5.0 (Windows NT 10.0; WOW64; rv:40.0) Gecko/20100101 Firefox/40.0"
76.72.172.171 - - [11/Jul/2021:01:20:32 -0400] "GET / HTTP/1.1" 206 9222 "-" "Mozilla/5.0 (Windows NT 10.0; WOW64; rv:40.0) Gecko/20100101 Firefox/40.0"
192.241.223.152 - - [11/Jul/2021:01:41:14 -0400] "GET / HTTP/1.1" 200 297 "-" "Mozilla/5.0 zgrab/0.x"
3.121.158.163 - - [11/Jul/2021:01:50:19 -0400] "GET /.env HTTP/1.1" 404 491 "-" "Mozilla/5.0 (Macintosh; Intel Mac OS X 10.15; rv:77.0) Gecko/20100101 Firefox/77.0"
3.121.158.163 - - [11/Jul/2021:01:50:20 -0400] "GET /.env HTTP/1.1" 404 491 "-" "Mozilla/5.0 (Macintosh; Intel Mac OS X 10.15; rv:77.0) Gecko/20100101 Firefox/77.0"
31.202.101.40 - - [11/Jul/2021:01:51:53 -0400] "GET /xmlrpc.php HTTP/1.1" 301 541 "-" "Mozilla/5.0 (Windows NT 6.3; WOW64) AppleWebKit/537.36 (KHTML, like Gecko) Chrome/87.0.4280.141 Safari/537.36"
31.202.101.40 - - [11/Jul/2021:01:51:54 -0400] "GET /xmlrpc.php HTTP/1.1" 404 6017 "-" "Mozilla/5.0 (Windows NT 6.3; WOW64) AppleWebKit/537.36 (KHTML, like Gecko) Chrome/87.0.4280.141 Safari/537.36"
31.202.101.40 - - [11/Jul/2021:01:51:54 -0400] "GET /wp-login.php HTTP/1.1" 301 545 "-" "Mozilla/5.0 (Windows NT 6.3; WOW64) AppleWebKit/537.36 (KHTML, like Gecko) Chrome/87.0.4280.141 Safari/537.36"
31.202.101.40 - - [11/Jul/2021:01:51:55 -0400] "GET /wp-login.php HTTP/1.1" 404 6017 "-" "Mozilla/5.0 (Windows NT 6.3; WOW64) AppleWebKit/537.36 (KHTML, like Gecko) Chrome/87.0.4280.141 Safari/537.36"
14.110.210.54 - - [11/Jul/2021:01:53:50 -0400] "GET / HTTP/1.1" 400 0 "-" "-"
27.157.27.204 - - [11/Jul/2021:01:55:17 -0400] "GET / HTTP/1.1" 200 15899 "https://justinbodnar.com/" "Mozilla/5.0 (Windows NT 10.0; Win64; x64) AppleWebKit/537.36 (KHTML, like Gecko) Chrome/80.0.3987.149 Safari/537.36"
157.230.0.91 - - [11/Jul/2021:02:20:35 -0400] "GET /muieblackcat HTTP/1.1" 404 454 "-" "-"
157.230.0.91 - - [11/Jul/2021:02:20:35 -0400] "GET //phpMyAdmin/scripts/setup.php HTTP/1.1" 404 454 "-" "-"
157.230.0.91 - - [11/Jul/2021:02:20:35 -0400] "GET //phpmyadmin/scripts/setup.php HTTP/1.1" 404 454 "-" "-"
31.44.185.6 - - [11/Jul/2021:02:26:56 -0400] "GET / HTTP/1.0" 200 10165 "-" "masscan/1.3 (https://github.com/robertdavidgraham/masscan)"
94.243.168.105 - - [11/Jul/2021:02:33:27 -0400] "GET / HTTP/1.1" 200 264 "-" "Mozilla/5.0 (Windows NT 10.0; WOW64) AppleWebKit/537.36 (KHTML, like Gecko) Chrome/52.0.2743.116 Safari/537.36"
167.248.133.55 - - [11/Jul/2021:02:33:44 -0400] "GET / HTTP/1.1" 200 264 "-" "-"
167.248.133.55 - - [11/Jul/2021:02:33:44 -0400] "GET / HTTP/1.1" 200 297 "-" "Mozilla/5.0 (compatible; CensysInspect/1.1; +https://about.censys.io/)"
::1 - - [11/Jul/2021:02:48:03 -0400] "OPTIONS * HTTP/1.0" 200 126 "-" "Apache/2.4.38 (Debian) OpenSSL/1.1.1d (internal dummy connection)"
124.158.183.182 - - [11/Jul/2021:02:53:53 -0400] "GET /wp-login.php HTTP/1.1" 301 564 "-" "Mozilla/5.0 (X11; Ubuntu; Linux x86_64; rv:62.0) Gecko/20100101 Firefox/62.0"
124.158.183.182 - - [11/Jul/2021:02:53:54 -0400] "GET /wp-login.php HTTP/1.1" 404 5806 "http://justinbodnar.com/wp-login.php" "Mozilla/5.0 (X11; Ubuntu; Linux x86_64; rv:62.0) Gecko/20100101 Firefox/62.0"
135.125.217.54 - - [11/Jul/2021:03:08:41 -0400] "POST / HTTP/1.1" 200 353 "-" "Mozilla/5.0 (X11; Linux x86_64) AppleWebKit/537.36 (KHTML, like Gecko) Chrome/81.0.4044.129 Safari/537.36"
135.125.217.54 - - [11/Jul/2021:03:08:41 -0400] "GET /.env HTTP/1.1" 404 491 "-" "Mozilla/5.0 (X11; Linux x86_64) AppleWebKit/537.36 (KHTML, like Gecko) Chrome/81.0.4044.129 Safari/537.36"
::1 - - [11/Jul/2021:03:24:16 -0400] "OPTIONS * HTTP/1.0" 200 126 "-" "Apache/2.4.38 (Debian) OpenSSL/1.1.1d (internal dummy connection)"
::1 - - [11/Jul/2021:03:24:29 -0400] "OPTIONS * HTTP/1.0" 200 126 "-" "Apache/2.4.38 (Debian) OpenSSL/1.1.1d (internal dummy connection)"
100.33.70.3 - - [11/Jul/2021:03:27:15 -0400] "GET / HTTP/1.1" 400 0 "-" "-"
::1 - - [11/Jul/2021:03:38:23 -0400] "OPTIONS * HTTP/1.0" 200 126 "-" "Apache/2.4.38 (Debian) OpenSSL/1.1.1d (internal dummy connection)"
66.249.66.205 - - [11/Jul/2021:03:52:44 -0400] "GET /robots.txt HTTP/1.1" 404 499 "-" "Mozilla/5.0 (compatible; Googlebot/2.1; +http://www.google.com/bot.html)"
66.249.92.205 - - [11/Jul/2021:03:52:44 -0400] "GET / HTTP/1.1" 200 3124 "-" "Mozilla/5.0 (Linux; Android 4.0.4; Galaxy Nexus Build/IMM76B) AppleWebKit/[WEBKIT_VERSION] (KHTML, like Gecko; Mediapartners-Google) Chrome/[CHROME_VERSION] Mobile Safari/[WEBKIT_VERSION]"
66.249.66.55 - - [11/Jul/2021:03:52:44 -0400] "GET /robots.txt HTTP/1.1" 301 597 "-" "Mozilla/5.0 (compatible; Googlebot/2.1; +http://www.google.com/bot.html)"
66.249.66.46 - - [11/Jul/2021:03:52:44 -0400] "GET /robots.txt HTTP/1.1" 404 6544 "-" "Mozilla/5.0 (compatible; Googlebot/2.1; +http://www.google.com/bot.html)"
66.249.92.201 - - [11/Jul/2021:03:52:44 -0400] "GET / HTTP/1.1" 200 3124 "-" "Mozilla/5.0 (Macintosh; Intel Mac OS X 10_7_3) AppleWebKit/[WEBKIT_VERSION] (KHTML, like Gecko, Mediapartners-Google) Chrome/[CHROME_VERSION] Safari/[WEBKIT_VERSION]"
66.249.92.51 - - [11/Jul/2021:03:52:45 -0400] "GET / HTTP/1.1" 301 577 "-" "Mozilla/5.0 (Linux; Android 4.0.4; Galaxy Nexus Build/IMM76B) AppleWebKit/[WEBKIT_VERSION] (KHTML, like Gecko; Mediapartners-Google) Chrome/[CHROME_VERSION] Mobile Safari/[WEBKIT_VERSION]"
66.249.92.55 - - [11/Jul/2021:03:52:45 -0400] "GET / HTTP/1.1" 301 577 "-" "Mozilla/5.0 (Macintosh; Intel Mac OS X 10_7_3) AppleWebKit/[WEBKIT_VERSION] (KHTML, like Gecko, Mediapartners-Google) Chrome/[CHROME_VERSION] Safari/[WEBKIT_VERSION]"
66.249.92.50 - - [11/Jul/2021:03:52:46 -0400] "GET / HTTP/1.1" 200 9216 "-" "Mozilla/5.0 (Linux; Android 4.0.4; Galaxy Nexus Build/IMM76B) AppleWebKit/[WEBKIT_VERSION] (KHTML, like Gecko; Mediapartners-Google) Chrome/[CHROME_VERSION] Mobile Safari/[WEBKIT_VERSION]"
66.249.92.50 - - [11/Jul/2021:03:52:46 -0400] "GET / HTTP/1.1" 200 3189 "-" "Mozilla/5.0 (Macintosh; Intel Mac OS X 10_7_3) AppleWebKit/[WEBKIT_VERSION] (KHTML, like Gecko, Mediapartners-Google) Chrome/[CHROME_VERSION] Safari/[WEBKIT_VERSION]"
66.249.92.203 - - [11/Jul/2021:03:52:47 -0400] "GET /css/bootstrap.min.css HTTP/1.1" 200 20084 "http://www.justinbodnar.com/" "Mozilla/5.0 (Linux; Android 4.0.4; Galaxy Nexus Build/IMM76B) AppleWebKit/537.36 (KHTML, like Gecko; Mediapartners-Google) Chrome/91.0.4472.90 Mobile Safari/537.36"
66.249.92.205 - - [11/Jul/2021:03:52:47 -0400] "GET /js/jquery.min.js HTTP/1.1" 404 498 "http://www.justinbodnar.com/" "Mozilla/5.0 (Linux; Android 4.0.4; Galaxy Nexus Build/IMM76B) AppleWebKit/537.36 (KHTML, like Gecko; Mediapartners-Google) Chrome/91.0.4472.90 Mobile Safari/537.36"
66.249.92.203 - - [11/Jul/2021:03:52:47 -0400] "GET /css/style.css HTTP/1.1" 200 2229 "http://www.justinbodnar.com/" "Mozilla/5.0 (Linux; Android 4.0.4; Galaxy Nexus Build/IMM76B) AppleWebKit/537.36 (KHTML, like Gecko; Mediapartners-Google) Chrome/91.0.4472.90 Mobile Safari/537.36"
66.249.92.201 - - [11/Jul/2021:03:52:48 -0400] "GET /js/custom.js HTTP/1.1" 404 498 "http://www.justinbodnar.com/" "Mozilla/5.0 (Macintosh; Intel Mac OS X 10_7_3) AppleWebKit/537.36 (KHTML, like Gecko, Mediapartners-Google) Chrome/91.0.4472.90 Safari/537.36"
66.249.92.201 - - [11/Jul/2021:03:52:48 -0400] "GET /js/jquery.easing.min.js HTTP/1.1" 404 498 "http://www.justinbodnar.com/" "Mozilla/5.0 (Macintosh; Intel Mac OS X 10_7_3) AppleWebKit/537.36 (KHTML, like Gecko, Mediapartners-Google) Chrome/91.0.4472.90 Safari/537.36"
66.249.92.203 - - [11/Jul/2021:03:52:49 -0400] "GET /css/style.css HTTP/1.1" 200 2229 "http://www.justinbodnar.com/" "Mozilla/5.0 (Macintosh; Intel Mac OS X 10_7_3) AppleWebKit/537.36 (KHTML, like Gecko, Mediapartners-Google) Chrome/91.0.4472.90 Safari/537.36"
66.249.92.201 - - [11/Jul/2021:03:52:49 -0400] "GET /js/jquery.min.js HTTP/1.1" 404 498 "http://www.justinbodnar.com/" "Mozilla/5.0 (Macintosh; Intel Mac OS X 10_7_3) AppleWebKit/537.36 (KHTML, like Gecko, Mediapartners-Google) Chrome/91.0.4472.90 Safari/537.36"
66.249.92.203 - - [11/Jul/2021:03:52:50 -0400] "GET /css/font-awesome.min.css HTTP/1.1" 200 7390 "http://www.justinbodnar.com/" "Mozilla/5.0 (Macintosh; Intel Mac OS X 10_7_3) AppleWebKit/537.36 (KHTML, like Gecko, Mediapartners-Google) Chrome/91.0.4472.90 Safari/537.36"
66.249.92.203 - - [11/Jul/2021:03:52:50 -0400] "GET /css/animate.css HTTP/1.1" 200 4768 "http://www.justinbodnar.com/" "Mozilla/5.0 (Macintosh; Intel Mac OS X 10_7_3) AppleWebKit/537.36 (KHTML, like Gecko, Mediapartners-Google) Chrome/91.0.4472.90 Safari/537.36"
66.249.92.203 - - [11/Jul/2021:03:52:51 -0400] "GET /css/font-awesome.min.css HTTP/1.1" 200 7390 "http://www.justinbodnar.com/" "Mozilla/5.0 (Linux; Android 4.0.4; Galaxy Nexus Build/IMM76B) AppleWebKit/537.36 (KHTML, like Gecko; Mediapartners-Google) Chrome/91.0.4472.90 Mobile Safari/537.36"
::1 - - [11/Jul/2021:03:52:51 -0400] "OPTIONS * HTTP/1.0" 200 126 "-" "Apache/2.4.38 (Debian) OpenSSL/1.1.1d (internal dummy connection)"
66.249.92.201 - - [11/Jul/2021:03:52:51 -0400] "GET /js/custom.js HTTP/1.1" 404 498 "http://www.justinbodnar.com/" "Mozilla/5.0 (Linux; Android 4.0.4; Galaxy Nexus Build/IMM76B) AppleWebKit/537.36 (KHTML, like Gecko; Mediapartners-Google) Chrome/91.0.4472.90 Mobile Safari/537.36"
66.249.92.203 - - [11/Jul/2021:03:52:52 -0400] "GET /js/contactform.js HTTP/1.1" 404 498 "http://www.justinbodnar.com/" "Mozilla/5.0 (Macintosh; Intel Mac OS X 10_7_3) AppleWebKit/537.36 (KHTML, like Gecko, Mediapartners-Google) Chrome/91.0.4472.90 Safari/537.36"
66.249.92.201 - - [11/Jul/2021:03:52:52 -0400] "GET /js/jquery.easing.min.js HTTP/1.1" 404 498 "http://www.justinbodnar.com/" "Mozilla/5.0 (Linux; Android 4.0.4; Galaxy Nexus Build/IMM76B) AppleWebKit/537.36 (KHTML, like Gecko; Mediapartners-Google) Chrome/91.0.4472.90 Mobile Safari/537.36"
66.249.92.201 - - [11/Jul/2021:03:52:53 -0400] "GET /js/wow.js HTTP/1.1" 404 498 "http://www.justinbodnar.com/" "Mozilla/5.0 (Macintosh; Intel Mac OS X 10_7_3) AppleWebKit/537.36 (KHTML, like Gecko, Mediapartners-Google) Chrome/91.0.4472.90 Safari/537.36"
::1 - - [11/Jul/2021:03:52:53 -0400] "OPTIONS * HTTP/1.0" 200 126 "-" "Apache/2.4.38 (Debian) OpenSSL/1.1.1d (internal dummy connection)"
66.249.92.201 - - [11/Jul/2021:03:52:53 -0400] "GET /js/bootstrap.min.js HTTP/1.1" 404 498 "http://www.justinbodnar.com/" "Mozilla/5.0 (Macintosh; Intel Mac OS X 10_7_3) AppleWebKit/537.36 (KHTML, like Gecko, Mediapartners-Google) Chrome/91.0.4472.90 Safari/537.36"
66.249.92.201 - - [11/Jul/2021:03:52:53 -0400] "GET /css/animate.css HTTP/1.1" 200 4768 "http://www.justinbodnar.com/" "Mozilla/5.0 (Linux; Android 4.0.4; Galaxy Nexus Build/IMM76B) AppleWebKit/537.36 (KHTML, like Gecko; Mediapartners-Google) Chrome/91.0.4472.90 Mobile Safari/537.36"
66.249.92.201 - - [11/Jul/2021:03:52:54 -0400] "GET /js/contactform.js HTTP/1.1" 404 498 "http://www.justinbodnar.com/" "Mozilla/5.0 (Linux; Android 4.0.4; Galaxy Nexus Build/IMM76B) AppleWebKit/537.36 (KHTML, like Gecko; Mediapartners-Google) Chrome/91.0.4472.90 Mobile Safari/537.36"
66.249.92.51 - - [11/Jul/2021:03:52:54 -0400] "GET /js/jquery.easing.min.js HTTP/1.1" 301 623 "http://justinbodnar.com/" "Mozilla/5.0 (Linux; Android 4.0.4; Galaxy Nexus Build/IMM76B) AppleWebKit/537.36 (KHTML, like Gecko; Mediapartners-Google) Chrome/91.0.4472.90 Mobile Safari/537.36"
66.249.92.53 - - [11/Jul/2021:03:52:55 -0400] "GET /js/contactform.js HTTP/1.1" 301 611 "http://justinbodnar.com/" "Mozilla/5.0 (Linux; Android 4.0.4; Galaxy Nexus Build/IMM76B) AppleWebKit/537.36 (KHTML, like Gecko; Mediapartners-Google) Chrome/91.0.4472.90 Mobile Safari/537.36"
66.249.92.53 - - [11/Jul/2021:03:52:55 -0400] "GET /css/bootstrap.min.css HTTP/1.1" 301 618 "http://justinbodnar.com/" "Mozilla/5.0 (Linux; Android 4.0.4; Galaxy Nexus Build/IMM76B) AppleWebKit/537.36 (KHTML, like Gecko; Mediapartners-Google) Chrome/91.0.4472.90 Mobile Safari/537.36"
66.249.92.53 - - [11/Jul/2021:03:52:56 -0400] "GET /css/font-awesome.min.css HTTP/1.1" 301 624 "http://justinbodnar.com/" "Mozilla/5.0 (Linux; Android 4.0.4; Galaxy Nexus Build/IMM76B) AppleWebKit/537.36 (KHTML, like Gecko; Mediapartners-Google) Chrome/91.0.4472.90 Mobile Safari/537.36"
66.249.92.201 - - [11/Jul/2021:03:52:56 -0400] "GET /css/bootstrap.min.css HTTP/1.1" 200 20083 "http://www.justinbodnar.com/" "Mozilla/5.0 (Macintosh; Intel Mac OS X 10_7_3) AppleWebKit/537.36 (KHTML, like Gecko, Mediapartners-Google) Chrome/91.0.4472.90 Safari/537.36"
66.249.92.51 - - [11/Jul/2021:03:52:57 -0400] "GET /js/wow.js HTTP/1.1" 301 594 "http://justinbodnar.com/" "Mozilla/5.0 (Linux; Android 4.0.4; Galaxy Nexus Build/IMM76B) AppleWebKit/537.36 (KHTML, like Gecko; Mediapartners-Google) Chrome/91.0.4472.90 Mobile Safari/537.36"
66.249.92.51 - - [11/Jul/2021:03:52:57 -0400] "GET /js/jquery.min.js HTTP/1.1" 301 608 "http://justinbodnar.com/" "Mozilla/5.0 (Linux; Android 4.0.4; Galaxy Nexus Build/IMM76B) AppleWebKit/537.36 (KHTML, like Gecko; Mediapartners-Google) Chrome/91.0.4472.90 Mobile Safari/537.36"
66.249.92.51 - - [11/Jul/2021:03:52:58 -0400] "GET /js/custom.js HTTP/1.1" 301 600 "http://justinbodnar.com/" "Mozilla/5.0 (Linux; Android 4.0.4; Galaxy Nexus Build/IMM76B) AppleWebKit/537.36 (KHTML, like Gecko; Mediapartners-Google) Chrome/91.0.4472.90 Mobile Safari/537.36"
66.249.92.53 - - [11/Jul/2021:03:52:58 -0400] "GET /css/style.css HTTP/1.1" 301 602 "http://justinbodnar.com/" "Mozilla/5.0 (Linux; Android 4.0.4; Galaxy Nexus Build/IMM76B) AppleWebKit/537.36 (KHTML, like Gecko; Mediapartners-Google) Chrome/91.0.4472.90 Mobile Safari/537.36"
66.249.92.51 - - [11/Jul/2021:03:52:58 -0400] "GET /css/style.css HTTP/1.1" 301 602 "http://justinbodnar.com/" "Mozilla/5.0 (Macintosh; Intel Mac OS X 10_7_3) AppleWebKit/537.36 (KHTML, like Gecko, Mediapartners-Google) Chrome/91.0.4472.90 Safari/537.36"
66.249.92.51 - - [11/Jul/2021:03:52:59 -0400] "GET /js/wow.js HTTP/1.1" 301 594 "http://justinbodnar.com/" "Mozilla/5.0 (Macintosh; Intel Mac OS X 10_7_3) AppleWebKit/537.36 (KHTML, like Gecko, Mediapartners-Google) Chrome/91.0.4472.90 Safari/537.36"
66.249.92.51 - - [11/Jul/2021:03:52:59 -0400] "GET /js/bootstrap.min.js HTTP/1.1" 301 614 "http://justinbodnar.com/" "Mozilla/5.0 (Macintosh; Intel Mac OS X 10_7_3) AppleWebKit/537.36 (KHTML, like Gecko, Mediapartners-Google) Chrome/91.0.4472.90 Safari/537.36"
66.249.92.51 - - [11/Jul/2021:03:53:00 -0400] "GET /js/bootstrap.min.js HTTP/1.1" 301 614 "http://justinbodnar.com/" "Mozilla/5.0 (Linux; Android 4.0.4; Galaxy Nexus Build/IMM76B) AppleWebKit/537.36 (KHTML, like Gecko; Mediapartners-Google) Chrome/91.0.4472.90 Mobile Safari/537.36"
66.249.92.51 - - [11/Jul/2021:03:53:00 -0400] "GET /css/animate.css HTTP/1.1" 301 606 "http://justinbodnar.com/" "Mozilla/5.0 (Linux; Android 4.0.4; Galaxy Nexus Build/IMM76B) AppleWebKit/537.36 (KHTML, like Gecko; Mediapartners-Google) Chrome/91.0.4472.90 Mobile Safari/537.36"
66.249.92.51 - - [11/Jul/2021:03:53:01 -0400] "GET /js/jquery.easing.min.js HTTP/1.1" 301 622 "http://justinbodnar.com/" "Mozilla/5.0 (Macintosh; Intel Mac OS X 10_7_3) AppleWebKit/537.36 (KHTML, like Gecko, Mediapartners-Google) Chrome/91.0.4472.90 Safari/537.36"
66.249.92.51 - - [11/Jul/2021:03:53:01 -0400] "GET /js/contactform.js HTTP/1.1" 301 610 "http://justinbodnar.com/" "Mozilla/5.0 (Macintosh; Intel Mac OS X 10_7_3) AppleWebKit/537.36 (KHTML, like Gecko, Mediapartners-Google) Chrome/91.0.4472.90 Safari/537.36"
66.249.92.51 - - [11/Jul/2021:03:53:02 -0400] "GET /css/animate.css HTTP/1.1" 301 606 "http://justinbodnar.com/" "Mozilla/5.0 (Macintosh; Intel Mac OS X 10_7_3) AppleWebKit/537.36 (KHTML, like Gecko, Mediapartners-Google) Chrome/91.0.4472.90 Safari/537.36"
66.249.92.51 - - [11/Jul/2021:03:53:02 -0400] "GET /js/jquery.min.js HTTP/1.1" 301 608 "http://justinbodnar.com/" "Mozilla/5.0 (Macintosh; Intel Mac OS X 10_7_3) AppleWebKit/537.36 (KHTML, like Gecko, Mediapartners-Google) Chrome/91.0.4472.90 Safari/537.36"
66.249.92.51 - - [11/Jul/2021:03:53:03 -0400] "GET /js/custom.js HTTP/1.1" 301 600 "http://justinbodnar.com/" "Mozilla/5.0 (Macintosh; Intel Mac OS X 10_7_3) AppleWebKit/537.36 (KHTML, like Gecko, Mediapartners-Google) Chrome/91.0.4472.90 Safari/537.36"
66.249.92.205 - - [11/Jul/2021:03:53:03 -0400] "GET /js/wow.js HTTP/1.1" 404 499 "http://www.justinbodnar.com/" "Mozilla/5.0 (Linux; Android 4.0.4; Galaxy Nexus Build/IMM76B) AppleWebKit/537.36 (KHTML, like Gecko; Mediapartners-Google) Chrome/91.0.4472.90 Mobile Safari/537.36"
66.249.92.51 - - [11/Jul/2021:03:53:03 -0400] "GET /css/font-awesome.min.css HTTP/1.1" 301 624 "http://justinbodnar.com/" "Mozilla/5.0 (Macintosh; Intel Mac OS X 10_7_3) AppleWebKit/537.36 (KHTML, like Gecko, Mediapartners-Google) Chrome/91.0.4472.90 Safari/537.36"
66.249.92.51 - - [11/Jul/2021:03:53:04 -0400] "GET /css/bootstrap.min.css HTTP/1.1" 301 618 "http://justinbodnar.com/" "Mozilla/5.0 (Macintosh; Intel Mac OS X 10_7_3) AppleWebKit/537.36 (KHTML, like Gecko, Mediapartners-Google) Chrome/91.0.4472.90 Safari/537.36"
66.249.92.201 - - [11/Jul/2021:03:53:04 -0400] "GET /js/bootstrap.min.js HTTP/1.1" 404 499 "http://www.justinbodnar.com/" "Mozilla/5.0 (Linux; Android 4.0.4; Galaxy Nexus Build/IMM76B) AppleWebKit/537.36 (KHTML, like Gecko; Mediapartners-Google) Chrome/91.0.4472.90 Mobile Safari/537.36"
66.249.92.205 - - [11/Jul/2021:03:53:05 -0400] "GET /js/jquery.min.js HTTP/1.1" 404 498 "http://www.justinbodnar.com/" "Mozilla/5.0 (Linux; Android 4.0.4; Galaxy Nexus Build/IMM76B) AppleWebKit/537.36 (KHTML, like Gecko; Mediapartners-Google) Chrome/91.0.4472.90 Mobile Safari/537.36"
66.249.92.46 - - [11/Jul/2021:03:53:05 -0400] "GET /css/font-awesome.min.css HTTP/1.1" 200 13483 "http://justinbodnar.com/" "Mozilla/5.0 (Linux; Android 4.0.4; Galaxy Nexus Build/IMM76B) AppleWebKit/537.36 (KHTML, like Gecko; Mediapartners-Google) Chrome/91.0.4472.90 Mobile Safari/537.36"
66.249.92.46 - - [11/Jul/2021:03:53:06 -0400] "GET /css/bootstrap.min.css HTTP/1.1" 200 20193 "http://justinbodnar.com/" "Mozilla/5.0 (Linux; Android 4.0.4; Galaxy Nexus Build/IMM76B) AppleWebKit/537.36 (KHTML, like Gecko; Mediapartners-Google) Chrome/91.0.4472.90 Mobile Safari/537.36"
66.249.92.46 - - [11/Jul/2021:03:53:06 -0400] "GET /js/wow.js HTTP/1.1" 404 517 "http://justinbodnar.com/" "Mozilla/5.0 (Linux; Android 4.0.4; Galaxy Nexus Build/IMM76B) AppleWebKit/537.36 (KHTML, like Gecko; Mediapartners-Google) Chrome/91.0.4472.90 Mobile Safari/537.36"
66.249.92.46 - - [11/Jul/2021:03:53:07 -0400] "GET /js/contactform.js HTTP/1.1" 404 517 "http://justinbodnar.com/" "Mozilla/5.0 (Linux; Android 4.0.4; Galaxy Nexus Build/IMM76B) AppleWebKit/537.36 (KHTML, like Gecko; Mediapartners-Google) Chrome/91.0.4472.90 Mobile Safari/537.36"
66.249.92.203 - - [11/Jul/2021:03:53:07 -0400] "GET /js/jquery.min.js HTTP/1.1" 404 499 "http://www.justinbodnar.com/" "Mozilla/5.0 (Macintosh; Intel Mac OS X 10_7_3) AppleWebKit/537.36 (KHTML, like Gecko, Mediapartners-Google) Chrome/91.0.4472.90 Safari/537.36"
66.249.92.46 - - [11/Jul/2021:03:53:08 -0400] "GET /js/jquery.easing.min.js HTTP/1.1" 404 517 "http://justinbodnar.com/" "Mozilla/5.0 (Linux; Android 4.0.4; Galaxy Nexus Build/IMM76B) AppleWebKit/537.36 (KHTML, like Gecko; Mediapartners-Google) Chrome/91.0.4472.90 Mobile Safari/537.36"
66.249.92.46 - - [11/Jul/2021:03:53:08 -0400] "GET /js/jquery.min.js HTTP/1.1" 404 517 "http://justinbodnar.com/" "Mozilla/5.0 (Linux; Android 4.0.4; Galaxy Nexus Build/IMM76B) AppleWebKit/537.36 (KHTML, like Gecko; Mediapartners-Google) Chrome/91.0.4472.90 Mobile Safari/537.36"
66.249.92.46 - - [11/Jul/2021:03:53:09 -0400] "GET /js/custom.js HTTP/1.1" 404 517 "http://justinbodnar.com/" "Mozilla/5.0 (Linux; Android 4.0.4; Galaxy Nexus Build/IMM76B) AppleWebKit/537.36 (KHTML, like Gecko; Mediapartners-Google) Chrome/91.0.4472.90 Mobile Safari/537.36"
66.249.92.46 - - [11/Jul/2021:03:53:09 -0400] "GET /css/style.css HTTP/1.1" 200 2295 "http://justinbodnar.com/" "Mozilla/5.0 (Macintosh; Intel Mac OS X 10_7_3) AppleWebKit/537.36 (KHTML, like Gecko, Mediapartners-Google) Chrome/91.0.4472.90 Safari/537.36"
66.249.92.46 - - [11/Jul/2021:03:53:09 -0400] "GET /css/style.css HTTP/1.1" 200 2295 "http://justinbodnar.com/" "Mozilla/5.0 (Linux; Android 4.0.4; Galaxy Nexus Build/IMM76B) AppleWebKit/537.36 (KHTML, like Gecko; Mediapartners-Google) Chrome/91.0.4472.90 Mobile Safari/537.36"
66.249.92.46 - - [11/Jul/2021:03:53:10 -0400] "GET /js/wow.js HTTP/1.1" 404 517 "http://justinbodnar.com/" "Mozilla/5.0 (Macintosh; Intel Mac OS X 10_7_3) AppleWebKit/537.36 (KHTML, like Gecko, Mediapartners-Google) Chrome/91.0.4472.90 Safari/537.36"
66.249.92.46 - - [11/Jul/2021:03:53:10 -0400] "GET /js/bootstrap.min.js HTTP/1.1" 404 517 "http://justinbodnar.com/" "Mozilla/5.0 (Linux; Android 4.0.4; Galaxy Nexus Build/IMM76B) AppleWebKit/537.36 (KHTML, like Gecko; Mediapartners-Google) Chrome/91.0.4472.90 Mobile Safari/537.36"
66.249.92.46 - - [11/Jul/2021:03:53:11 -0400] "GET /js/bootstrap.min.js HTTP/1.1" 404 517 "http://justinbodnar.com/" "Mozilla/5.0 (Macintosh; Intel Mac OS X 10_7_3) AppleWebKit/537.36 (KHTML, like Gecko, Mediapartners-Google) Chrome/91.0.4472.90 Safari/537.36"
66.249.92.46 - - [11/Jul/2021:03:53:11 -0400] "GET /css/animate.css HTTP/1.1" 200 4834 "http://justinbodnar.com/" "Mozilla/5.0 (Linux; Android 4.0.4; Galaxy Nexus Build/IMM76B) AppleWebKit/537.36 (KHTML, like Gecko; Mediapartners-Google) Chrome/91.0.4472.90 Mobile Safari/537.36"
66.249.92.46 - - [11/Jul/2021:03:53:12 -0400] "GET /js/contactform.js HTTP/1.1" 404 517 "http://justinbodnar.com/" "Mozilla/5.0 (Macintosh; Intel Mac OS X 10_7_3) AppleWebKit/537.36 (KHTML, like Gecko, Mediapartners-Google) Chrome/91.0.4472.90 Safari/537.36"
66.249.92.46 - - [11/Jul/2021:03:53:12 -0400] "GET /js/jquery.min.js HTTP/1.1" 404 517 "http://justinbodnar.com/" "Mozilla/5.0 (Macintosh; Intel Mac OS X 10_7_3) AppleWebKit/537.36 (KHTML, like Gecko, Mediapartners-Google) Chrome/91.0.4472.90 Safari/537.36"
::1 - - [11/Jul/2021:03:53:13 -0400] "OPTIONS * HTTP/1.0" 200 126 "-" "Apache/2.4.38 (Debian) OpenSSL/1.1.1d (internal dummy connection)"
66.249.92.46 - - [11/Jul/2021:03:53:13 -0400] "GET /css/animate.css HTTP/1.1" 200 4834 "http://justinbodnar.com/" "Mozilla/5.0 (Macintosh; Intel Mac OS X 10_7_3) AppleWebKit/537.36 (KHTML, like Gecko, Mediapartners-Google) Chrome/91.0.4472.90 Safari/537.36"
66.249.92.201 - - [11/Jul/2021:03:53:13 -0400] "GET /js/jquery.easing.min.js HTTP/1.1" 404 499 "http://www.justinbodnar.com/" "Mozilla/5.0 (Linux; Android 4.0.4; Galaxy Nexus Build/IMM76B) AppleWebKit/537.36 (KHTML, like Gecko; Mediapartners-Google) Chrome/91.0.4472.90 Mobile Safari/537.36"
66.249.92.201 - - [11/Jul/2021:03:53:14 -0400] "GET /img/cta-banner.png HTTP/1.1" 200 278206 "http://www.justinbodnar.com/css/style.css" "Mozilla/5.0 (Linux; Android 4.0.4; Galaxy Nexus Build/IMM76B) AppleWebKit/537.36 (KHTML, like Gecko; Mediapartners-Google) Chrome/91.0.4472.90 Mobile Safari/537.36"
66.249.92.201 - - [11/Jul/2021:03:53:14 -0400] "GET /img/banner.png HTTP/1.1" 200 2634546 "http://www.justinbodnar.com/css/style.css" "Mozilla/5.0 (Linux; Android 4.0.4; Galaxy Nexus Build/IMM76B) AppleWebKit/537.36 (KHTML, like Gecko; Mediapartners-Google) Chrome/91.0.4472.90 Mobile Safari/537.36"
66.249.92.46 - - [11/Jul/2021:03:53:15 -0400] "GET /css/font-awesome.min.css HTTP/1.1" 200 7456 "http://justinbodnar.com/" "Mozilla/5.0 (Macintosh; Intel Mac OS X 10_7_3) AppleWebKit/537.36 (KHTML, like Gecko, Mediapartners-Google) Chrome/91.0.4472.90 Safari/537.36"
66.249.92.201 - - [11/Jul/2021:03:53:15 -0400] "GET /fonts/fontawesome-webfont.woff2?v=4.7.0 HTTP/1.1" 200 77449 "http://www.justinbodnar.com/css/font-awesome.min.css" "Mozilla/5.0 (Linux; Android 4.0.4; Galaxy Nexus Build/IMM76B) AppleWebKit/537.36 (KHTML, like Gecko; Mediapartners-Google) Chrome/91.0.4472.90 Mobile Safari/537.36"
66.249.92.46 - - [11/Jul/2021:03:53:16 -0400] "GET /js/custom.js HTTP/1.1" 404 517 "http://justinbodnar.com/" "Mozilla/5.0 (Macintosh; Intel Mac OS X 10_7_3) AppleWebKit/537.36 (KHTML, like Gecko, Mediapartners-Google) Chrome/91.0.4472.90 Safari/537.36"
66.249.92.201 - - [11/Jul/2021:03:53:16 -0400] "GET /js/jquery.easing.min.js HTTP/1.1" 404 498 "http://www.justinbodnar.com/" "Mozilla/5.0 (Macintosh; Intel Mac OS X 10_7_3) AppleWebKit/537.36 (KHTML, like Gecko, Mediapartners-Google) Chrome/91.0.4472.90 Safari/537.36"
66.249.92.201 - - [11/Jul/2021:03:53:17 -0400] "GET /fonts/fontawesome-webfont.woff2?v=4.7.0 HTTP/1.1" 200 77449 "http://www.justinbodnar.com/css/font-awesome.min.css" "Mozilla/5.0 (Macintosh; Intel Mac OS X 10_7_3) AppleWebKit/537.36 (KHTML, like Gecko, Mediapartners-Google) Chrome/91.0.4472.90 Safari/537.36"
66.249.92.201 - - [11/Jul/2021:03:53:17 -0400] "GET /img/banner.png HTTP/1.1" 200 2634546 "http://www.justinbodnar.com/css/style.css" "Mozilla/5.0 (Macintosh; Intel Mac OS X 10_7_3) AppleWebKit/537.36 (KHTML, like Gecko, Mediapartners-Google) Chrome/91.0.4472.90 Safari/537.36"
66.249.92.201 - - [11/Jul/2021:03:53:18 -0400] "GET /img/cta-banner.png HTTP/1.1" 200 278206 "http://www.justinbodnar.com/css/style.css" "Mozilla/5.0 (Macintosh; Intel Mac OS X 10_7_3) AppleWebKit/537.36 (KHTML, like Gecko, Mediapartners-Google) Chrome/91.0.4472.90 Safari/537.36"
66.249.92.46 - - [11/Jul/2021:03:53:18 -0400] "GET /js/jquery.min.js HTTP/1.1" 404 517 "http://justinbodnar.com/" "Mozilla/5.0 (Linux; Android 4.0.4; Galaxy Nexus Build/IMM76B) AppleWebKit/537.36 (KHTML, like Gecko; Mediapartners-Google) Chrome/91.0.4472.90 Mobile Safari/537.36"
66.249.92.46 - - [11/Jul/2021:03:53:19 -0400] "GET /css/bootstrap.min.css HTTP/1.1" 200 20193 "http://justinbodnar.com/" "Mozilla/5.0 (Macintosh; Intel Mac OS X 10_7_3) AppleWebKit/537.36 (KHTML, like Gecko, Mediapartners-Google) Chrome/91.0.4472.90 Safari/537.36"
66.249.92.46 - - [11/Jul/2021:03:53:19 -0400] "GET /js/jquery.easing.min.js HTTP/1.1" 404 517 "http://justinbodnar.com/" "Mozilla/5.0 (Macintosh; Intel Mac OS X 10_7_3) AppleWebKit/537.36 (KHTML, like Gecko, Mediapartners-Google) Chrome/91.0.4472.90 Safari/537.36"
66.249.92.203 - - [11/Jul/2021:03:53:20 -0400] "GET /js/bootstrap.min.js HTTP/1.1" 404 499 "http://www.justinbodnar.com/" "Mozilla/5.0 (Linux; Android 4.0.4; Galaxy Nexus Build/IMM76B) AppleWebKit/537.36 (KHTML, like Gecko; Mediapartners-Google) Chrome/91.0.4472.90 Mobile Safari/537.36"
66.249.92.46 - - [11/Jul/2021:03:53:20 -0400] "GET /fonts/fontawesome-webfont.woff2?v=4.7.0 HTTP/1.1" 200 77581 "https://justinbodnar.com/css/font-awesome.min.css" "Mozilla/5.0 (Linux; Android 4.0.4; Galaxy Nexus Build/IMM76B) AppleWebKit/537.36 (KHTML, like Gecko; Mediapartners-Google) Chrome/91.0.4472.90 Mobile Safari/537.36"
66.249.92.201 - - [11/Jul/2021:03:53:21 -0400] "GET /js/bootstrap.min.js HTTP/1.1" 404 498 "http://www.justinbodnar.com/" "Mozilla/5.0 (Macintosh; Intel Mac OS X 10_7_3) AppleWebKit/537.36 (KHTML, like Gecko, Mediapartners-Google) Chrome/91.0.4472.90 Safari/537.36"
66.249.92.46 - - [11/Jul/2021:03:53:21 -0400] "GET /img/banner.png HTTP/1.1" 200 2638110 "https://justinbodnar.com/css/style.css" "Mozilla/5.0 (Linux; Android 4.0.4; Galaxy Nexus Build/IMM76B) AppleWebKit/537.36 (KHTML, like Gecko; Mediapartners-Google) Chrome/91.0.4472.90 Mobile Safari/537.36"
66.249.92.46 - - [11/Jul/2021:03:53:21 -0400] "GET /img/cta-banner.png HTTP/1.1" 200 278602 "https://justinbodnar.com/css/style.css" "Mozilla/5.0 (Linux; Android 4.0.4; Galaxy Nexus Build/IMM76B) AppleWebKit/537.36 (KHTML, like Gecko; Mediapartners-Google) Chrome/91.0.4472.90 Mobile Safari/537.36"
66.249.92.46 - - [11/Jul/2021:03:53:22 -0400] "GET /js/jquery.easing.min.js HTTP/1.1" 404 517 "http://justinbodnar.com/" "Mozilla/5.0 (Linux; Android 4.0.4; Galaxy Nexus Build/IMM76B) AppleWebKit/537.36 (KHTML, like Gecko; Mediapartners-Google) Chrome/91.0.4472.90 Mobile Safari/537.36"
66.249.92.46 - - [11/Jul/2021:03:53:22 -0400] "GET /js/jquery.min.js HTTP/1.1" 404 517 "http://justinbodnar.com/" "Mozilla/5.0 (Macintosh; Intel Mac OS X 10_7_3) AppleWebKit/537.36 (KHTML, like Gecko, Mediapartners-Google) Chrome/91.0.4472.90 Safari/537.36"
66.249.92.46 - - [11/Jul/2021:03:53:23 -0400] "GET /fonts/fontawesome-webfont.woff?v=4.7.0 HTTP/1.1" 200 98466 "https://justinbodnar.com/css/font-awesome.min.css" "Mozilla/5.0 (Linux; Android 4.0.4; Galaxy Nexus Build/IMM76B) AppleWebKit/537.36 (KHTML, like Gecko; Mediapartners-Google) Chrome/91.0.4472.90 Mobile Safari/537.36"
66.249.92.203 - - [11/Jul/2021:03:53:23 -0400] "GET /js/wow.js HTTP/1.1" 404 498 "http://www.justinbodnar.com/" "Mozilla/5.0 (Macintosh; Intel Mac OS X 10_7_3) AppleWebKit/537.36 (KHTML, like Gecko, Mediapartners-Google) Chrome/91.0.4472.90 Safari/537.36"
66.249.92.46 - - [11/Jul/2021:03:53:24 -0400] "GET /img/cta-banner.png HTTP/1.1" 200 278602 "https://justinbodnar.com/css/style.css" "Mozilla/5.0 (Macintosh; Intel Mac OS X 10_7_3) AppleWebKit/537.36 (KHTML, like Gecko, Mediapartners-Google) Chrome/91.0.4472.90 Safari/537.36"
66.249.92.203 - - [11/Jul/2021:03:53:24 -0400] "GET /js/wow.js HTTP/1.1" 404 498 "http://www.justinbodnar.com/" "Mozilla/5.0 (Linux; Android 4.0.4; Galaxy Nexus Build/IMM76B) AppleWebKit/537.36 (KHTML, like Gecko; Mediapartners-Google) Chrome/91.0.4472.90 Mobile Safari/537.36"
66.249.92.201 - - [11/Jul/2021:03:53:25 -0400] "GET /js/custom.js HTTP/1.1" 404 499 "http://www.justinbodnar.com/" "Mozilla/5.0 (Macintosh; Intel Mac OS X 10_7_3) AppleWebKit/537.36 (KHTML, like Gecko, Mediapartners-Google) Chrome/91.0.4472.90 Safari/537.36"
66.249.92.48 - - [11/Jul/2021:03:53:25 -0400] "GET /js/bootstrap.min.js HTTP/1.1" 404 6544 "http://justinbodnar.com/" "Mozilla/5.0 (Linux; Android 4.0.4; Galaxy Nexus Build/IMM76B) AppleWebKit/537.36 (KHTML, like Gecko; Mediapartners-Google) Chrome/91.0.4472.90 Mobile Safari/537.36"
66.249.92.46 - - [11/Jul/2021:03:53:26 -0400] "GET /fonts/fontawesome-webfont.ttf?v=4.7.0 HTTP/1.1" 200 166100 "https://justinbodnar.com/css/font-awesome.min.css" "Mozilla/5.0 (Linux; Android 4.0.4; Galaxy Nexus Build/IMM76B) AppleWebKit/537.36 (KHTML, like Gecko; Mediapartners-Google) Chrome/91.0.4472.90 Mobile Safari/537.36"
66.249.92.46 - - [11/Jul/2021:03:53:26 -0400] "GET /img/banner.png HTTP/1.1" 200 2638110 "https://justinbodnar.com/css/style.css" "Mozilla/5.0 (Macintosh; Intel Mac OS X 10_7_3) AppleWebKit/537.36 (KHTML, like Gecko, Mediapartners-Google) Chrome/91.0.4472.90 Safari/537.36"
66.249.92.46 - - [11/Jul/2021:03:53:27 -0400] "GET /js/jquery.easing.min.js HTTP/1.1" 404 517 "http://justinbodnar.com/" "Mozilla/5.0 (Macintosh; Intel Mac OS X 10_7_3) AppleWebKit/537.36 (KHTML, like Gecko, Mediapartners-Google) Chrome/91.0.4472.90 Safari/537.36"
66.249.92.201 - - [11/Jul/2021:03:53:27 -0400] "GET /js/custom.js HTTP/1.1" 404 498 "http://www.justinbodnar.com/" "Mozilla/5.0 (Linux; Android 4.0.4; Galaxy Nexus Build/IMM76B) AppleWebKit/537.36 (KHTML, like Gecko; Mediapartners-Google) Chrome/91.0.4472.90 Mobile Safari/537.36"
66.249.92.201 - - [11/Jul/2021:03:53:28 -0400] "GET /js/contactform.js HTTP/1.1" 404 498 "http://www.justinbodnar.com/" "Mozilla/5.0 (Macintosh; Intel Mac OS X 10_7_3) AppleWebKit/537.36 (KHTML, like Gecko, Mediapartners-Google) Chrome/91.0.4472.90 Safari/537.36"
66.249.92.48 - - [11/Jul/2021:03:53:28 -0400] "GET /fonts/fontawesome-webfont.woff2?v=4.7.0 HTTP/1.1" 200 77581 "https://justinbodnar.com/css/font-awesome.min.css" "Mozilla/5.0 (Macintosh; Intel Mac OS X 10_7_3) AppleWebKit/537.36 (KHTML, like Gecko, Mediapartners-Google) Chrome/91.0.4472.90 Safari/537.36"
66.249.92.48 - - [11/Jul/2021:03:53:29 -0400] "GET /js/wow.js HTTP/1.1" 404 517 "http://justinbodnar.com/" "Mozilla/5.0 (Linux; Android 4.0.4; Galaxy Nexus Build/IMM76B) AppleWebKit/537.36 (KHTML, like Gecko; Mediapartners-Google) Chrome/91.0.4472.90 Mobile Safari/537.36"
66.249.92.46 - - [11/Jul/2021:03:53:29 -0400] "GET /js/bootstrap.min.js HTTP/1.1" 404 517 "http://justinbodnar.com/" "Mozilla/5.0 (Macintosh; Intel Mac OS X 10_7_3) AppleWebKit/537.36 (KHTML, like Gecko, Mediapartners-Google) Chrome/91.0.4472.90 Safari/537.36"
66.249.92.201 - - [11/Jul/2021:03:53:30 -0400] "GET /js/contactform.js HTTP/1.1" 404 498 "http://www.justinbodnar.com/" "Mozilla/5.0 (Linux; Android 4.0.4; Galaxy Nexus Build/IMM76B) AppleWebKit/537.36 (KHTML, like Gecko; Mediapartners-Google) Chrome/91.0.4472.90 Mobile Safari/537.36"
66.249.92.46 - - [11/Jul/2021:03:53:30 -0400] "GET /fonts/fontawesome-webfont.woff?v=4.7.0 HTTP/1.1" 200 98466 "https://justinbodnar.com/css/font-awesome.min.css" "Mozilla/5.0 (Macintosh; Intel Mac OS X 10_7_3) AppleWebKit/537.36 (KHTML, like Gecko, Mediapartners-Google) Chrome/91.0.4472.90 Safari/537.36"
66.249.92.50 - - [11/Jul/2021:03:53:31 -0400] "GET /js/wow.js HTTP/1.1" 404 6544 "http://justinbodnar.com/" "Mozilla/5.0 (Macintosh; Intel Mac OS X 10_7_3) AppleWebKit/537.36 (KHTML, like Gecko, Mediapartners-Google) Chrome/91.0.4472.90 Safari/537.36"
66.249.92.50 - - [11/Jul/2021:03:53:31 -0400] "GET /js/custom.js HTTP/1.1" 404 517 "http://justinbodnar.com/" "Mozilla/5.0 (Linux; Android 4.0.4; Galaxy Nexus Build/IMM76B) AppleWebKit/537.36 (KHTML, like Gecko; Mediapartners-Google) Chrome/91.0.4472.90 Mobile Safari/537.36"
66.249.92.50 - - [11/Jul/2021:03:53:32 -0400] "GET /fonts/fontawesome-webfont.ttf?v=4.7.0 HTTP/1.1" 200 166100 "https://justinbodnar.com/css/font-awesome.min.css" "Mozilla/5.0 (Macintosh; Intel Mac OS X 10_7_3) AppleWebKit/537.36 (KHTML, like Gecko, Mediapartners-Google) Chrome/91.0.4472.90 Safari/537.36"
66.249.92.50 - - [11/Jul/2021:03:53:33 -0400] "GET /js/custom.js HTTP/1.1" 404 517 "http://justinbodnar.com/" "Mozilla/5.0 (Macintosh; Intel Mac OS X 10_7_3) AppleWebKit/537.36 (KHTML, like Gecko, Mediapartners-Google) Chrome/91.0.4472.90 Safari/537.36"
66.249.92.46 - - [11/Jul/2021:03:53:34 -0400] "GET /js/contactform.js HTTP/1.1" 404 517 "http://justinbodnar.com/" "Mozilla/5.0 (Linux; Android 4.0.4; Galaxy Nexus Build/IMM76B) AppleWebKit/537.36 (KHTML, like Gecko; Mediapartners-Google) Chrome/91.0.4472.90 Mobile Safari/537.36"
66.249.92.203 - - [11/Jul/2021:03:53:35 -0400] "GET /js/jquery.easing.min.js HTTP/1.1" 404 499 "http://www.justinbodnar.com/" "Mozilla/5.0 (Linux; Android 4.0.4; Galaxy Nexus Build/IMM76B) AppleWebKit/537.36 (KHTML, like Gecko; Mediapartners-Google) Chrome/91.0.4472.90 Mobile Safari/537.36"
66.249.92.201 - - [11/Jul/2021:03:53:35 -0400] "GET /css/font-awesome.min.css HTTP/1.1" 200 7391 "http://www.justinbodnar.com/" "Mozilla/5.0 (Linux; Android 4.0.4; Galaxy Nexus Build/IMM76B) AppleWebKit/537.36 (KHTML, like Gecko; Mediapartners-Google) Chrome/91.0.4472.90 Mobile Safari/537.36"
66.249.92.203 - - [11/Jul/2021:03:53:36 -0400] "GET /js/custom.js HTTP/1.1" 404 498 "http://www.justinbodnar.com/" "Mozilla/5.0 (Linux; Android 4.0.4; Galaxy Nexus Build/IMM76B) AppleWebKit/537.36 (KHTML, like Gecko; Mediapartners-Google) Chrome/91.0.4472.90 Mobile Safari/537.36"
66.249.92.203 - - [11/Jul/2021:03:53:36 -0400] "GET /js/bootstrap.min.js HTTP/1.1" 404 498 "http://www.justinbodnar.com/" "Mozilla/5.0 (Linux; Android 4.0.4; Galaxy Nexus Build/IMM76B) AppleWebKit/537.36 (KHTML, like Gecko; Mediapartners-Google) Chrome/91.0.4472.90 Mobile Safari/537.36"
66.249.92.46 - - [11/Jul/2021:03:53:37 -0400] "GET /js/contactform.js HTTP/1.1" 404 517 "http://justinbodnar.com/" "Mozilla/5.0 (Macintosh; Intel Mac OS X 10_7_3) AppleWebKit/537.36 (KHTML, like Gecko, Mediapartners-Google) Chrome/91.0.4472.90 Safari/537.36"
66.249.92.203 - - [11/Jul/2021:03:53:37 -0400] "GET /css/style.css HTTP/1.1" 200 2229 "http://www.justinbodnar.com/" "Mozilla/5.0 (Linux; Android 4.0.4; Galaxy Nexus Build/IMM76B) AppleWebKit/537.36 (KHTML, like Gecko; Mediapartners-Google) Chrome/91.0.4472.90 Mobile Safari/537.36"
66.249.92.203 - - [11/Jul/2021:03:53:38 -0400] "GET /js/wow.js HTTP/1.1" 404 498 "http://www.justinbodnar.com/" "Mozilla/5.0 (Linux; Android 4.0.4; Galaxy Nexus Build/IMM76B) AppleWebKit/537.36 (KHTML, like Gecko; Mediapartners-Google) Chrome/91.0.4472.90 Mobile Safari/537.36"
66.249.92.203 - - [11/Jul/2021:03:53:38 -0400] "GET /css/bootstrap.min.css HTTP/1.1" 200 20083 "http://www.justinbodnar.com/" "Mozilla/5.0 (Linux; Android 4.0.4; Galaxy Nexus Build/IMM76B) AppleWebKit/537.36 (KHTML, like Gecko; Mediapartners-Google) Chrome/91.0.4472.90 Mobile Safari/537.36"
66.249.92.203 - - [11/Jul/2021:03:53:39 -0400] "GET /css/animate.css HTTP/1.1" 200 4768 "http://www.justinbodnar.com/" "Mozilla/5.0 (Linux; Android 4.0.4; Galaxy Nexus Build/IMM76B) AppleWebKit/537.36 (KHTML, like Gecko; Mediapartners-Google) Chrome/91.0.4472.90 Mobile Safari/537.36"
66.249.92.205 - - [11/Jul/2021:03:53:39 -0400] "GET /js/jquery.min.js HTTP/1.1" 404 499 "http://www.justinbodnar.com/" "Mozilla/5.0 (Linux; Android 4.0.4; Galaxy Nexus Build/IMM76B) AppleWebKit/537.36 (KHTML, like Gecko; Mediapartners-Google) Chrome/91.0.4472.90 Mobile Safari/537.36"
66.249.92.48 - - [11/Jul/2021:03:53:40 -0400] "GET /js/custom.js HTTP/1.1" 404 6544 "http://justinbodnar.com/" "Mozilla/5.0 (Linux; Android 4.0.4; Galaxy Nexus Build/IMM76B) AppleWebKit/537.36 (KHTML, like Gecko; Mediapartners-Google) Chrome/91.0.4472.90 Mobile Safari/537.36"
66.249.92.50 - - [11/Jul/2021:03:53:40 -0400] "GET /js/contactform.js HTTP/1.1" 404 6544 "http://justinbodnar.com/" "Mozilla/5.0 (Linux; Android 4.0.4; Galaxy Nexus Build/IMM76B) AppleWebKit/537.36 (KHTML, like Gecko; Mediapartners-Google) Chrome/91.0.4472.90 Mobile Safari/537.36"
66.249.92.50 - - [11/Jul/2021:03:53:41 -0400] "GET /js/bootstrap.min.js HTTP/1.1" 404 517 "http://justinbodnar.com/" "Mozilla/5.0 (Linux; Android 4.0.4; Galaxy Nexus Build/IMM76B) AppleWebKit/537.36 (KHTML, like Gecko; Mediapartners-Google) Chrome/91.0.4472.90 Mobile Safari/537.36"
66.249.92.50 - - [11/Jul/2021:03:53:41 -0400] "GET /js/jquery.easing.min.js HTTP/1.1" 404 517 "http://justinbodnar.com/" "Mozilla/5.0 (Linux; Android 4.0.4; Galaxy Nexus Build/IMM76B) AppleWebKit/537.36 (KHTML, like Gecko; Mediapartners-Google) Chrome/91.0.4472.90 Mobile Safari/537.36"
66.249.92.46 - - [11/Jul/2021:03:53:42 -0400] "GET /js/jquery.min.js HTTP/1.1" 404 6544 "http://justinbodnar.com/" "Mozilla/5.0 (Linux; Android 4.0.4; Galaxy Nexus Build/IMM76B) AppleWebKit/537.36 (KHTML, like Gecko; Mediapartners-Google) Chrome/91.0.4472.90 Mobile Safari/537.36"
66.249.92.48 - - [11/Jul/2021:03:53:42 -0400] "GET /js/wow.js HTTP/1.1" 404 517 "http://justinbodnar.com/" "Mozilla/5.0 (Linux; Android 4.0.4; Galaxy Nexus Build/IMM76B) AppleWebKit/537.36 (KHTML, like Gecko; Mediapartners-Google) Chrome/91.0.4472.90 Mobile Safari/537.36"
66.249.92.205 - - [11/Jul/2021:03:53:43 -0400] "GET /js/jquery.min.js HTTP/1.1" 404 498 "http://www.justinbodnar.com/" "Mozilla/5.0 (Macintosh; Intel Mac OS X 10_7_3) AppleWebKit/537.36 (KHTML, like Gecko, Mediapartners-Google) Chrome/91.0.4472.90 Safari/537.36"
66.249.92.203 - - [11/Jul/2021:03:53:43 -0400] "GET /js/wow.js HTTP/1.1" 404 499 "http://www.justinbodnar.com/" "Mozilla/5.0 (Macintosh; Intel Mac OS X 10_7_3) AppleWebKit/537.36 (KHTML, like Gecko, Mediapartners-Google) Chrome/91.0.4472.90 Safari/537.36"
66.249.92.203 - - [11/Jul/2021:03:53:43 -0400] "GET /js/custom.js HTTP/1.1" 404 498 "http://www.justinbodnar.com/" "Mozilla/5.0 (Macintosh; Intel Mac OS X 10_7_3) AppleWebKit/537.36 (KHTML, like Gecko, Mediapartners-Google) Chrome/91.0.4472.90 Safari/537.36"
66.249.92.205 - - [11/Jul/2021:03:53:44 -0400] "GET /js/jquery.easing.min.js HTTP/1.1" 404 498 "http://www.justinbodnar.com/" "Mozilla/5.0 (Macintosh; Intel Mac OS X 10_7_3) AppleWebKit/537.36 (KHTML, like Gecko, Mediapartners-Google) Chrome/91.0.4472.90 Safari/537.36"
66.249.92.203 - - [11/Jul/2021:03:53:44 -0400] "GET /js/bootstrap.min.js HTTP/1.1" 404 498 "http://www.justinbodnar.com/" "Mozilla/5.0 (Macintosh; Intel Mac OS X 10_7_3) AppleWebKit/537.36 (KHTML, like Gecko, Mediapartners-Google) Chrome/91.0.4472.90 Safari/537.36"
66.249.92.205 - - [11/Jul/2021:03:53:45 -0400] "GET /js/contactform.js HTTP/1.1" 404 498 "http://www.justinbodnar.com/" "Mozilla/5.0 (Linux; Android 4.0.4; Galaxy Nexus Build/IMM76B) AppleWebKit/537.36 (KHTML, like Gecko; Mediapartners-Google) Chrome/91.0.4472.90 Mobile Safari/537.36"
66.249.92.205 - - [11/Jul/2021:03:53:45 -0400] "GET /js/contactform.js HTTP/1.1" 404 498 "http://www.justinbodnar.com/" "Mozilla/5.0 (Macintosh; Intel Mac OS X 10_7_3) AppleWebKit/537.36 (KHTML, like Gecko, Mediapartners-Google) Chrome/91.0.4472.90 Safari/537.36"
66.249.92.53 - - [11/Jul/2021:03:53:46 -0400] "GET /js/jquery.easing.min.js HTTP/1.1" 301 623 "http://justinbodnar.com/" "Mozilla/5.0 (Macintosh; Intel Mac OS X 10_7_3) AppleWebKit/537.36 (KHTML, like Gecko, Mediapartners-Google) Chrome/91.0.4472.90 Safari/537.36"
66.249.92.53 - - [11/Jul/2021:03:53:46 -0400] "GET /js/custom.js HTTP/1.1" 301 600 "http://justinbodnar.com/" "Mozilla/5.0 (Macintosh; Intel Mac OS X 10_7_3) AppleWebKit/537.36 (KHTML, like Gecko, Mediapartners-Google) Chrome/91.0.4472.90 Safari/537.36"
66.249.92.55 - - [11/Jul/2021:03:53:47 -0400] "GET /js/wow.js HTTP/1.1" 301 595 "http://justinbodnar.com/" "Mozilla/5.0 (Macintosh; Intel Mac OS X 10_7_3) AppleWebKit/537.36 (KHTML, like Gecko, Mediapartners-Google) Chrome/91.0.4472.90 Safari/537.36"
66.249.92.55 - - [11/Jul/2021:03:53:47 -0400] "GET /js/contactform.js HTTP/1.1" 301 610 "http://justinbodnar.com/" "Mozilla/5.0 (Macintosh; Intel Mac OS X 10_7_3) AppleWebKit/537.36 (KHTML, like Gecko, Mediapartners-Google) Chrome/91.0.4472.90 Safari/537.36"
66.249.92.51 - - [11/Jul/2021:03:53:48 -0400] "GET /css/bootstrap.min.css HTTP/1.1" 301 619 "http://justinbodnar.com/" "Mozilla/5.0 (Macintosh; Intel Mac OS X 10_7_3) AppleWebKit/537.36 (KHTML, like Gecko, Mediapartners-Google) Chrome/91.0.4472.90 Safari/537.36"
66.249.92.53 - - [11/Jul/2021:03:53:48 -0400] "GET /css/animate.css HTTP/1.1" 301 606 "http://justinbodnar.com/" "Mozilla/5.0 (Macintosh; Intel Mac OS X 10_7_3) AppleWebKit/537.36 (KHTML, like Gecko, Mediapartners-Google) Chrome/91.0.4472.90 Safari/537.36"
66.249.92.55 - - [11/Jul/2021:03:53:49 -0400] "GET /js/bootstrap.min.js HTTP/1.1" 301 614 "http://justinbodnar.com/" "Mozilla/5.0 (Macintosh; Intel Mac OS X 10_7_3) AppleWebKit/537.36 (KHTML, like Gecko, Mediapartners-Google) Chrome/91.0.4472.90 Safari/537.36"
66.249.92.51 - - [11/Jul/2021:03:53:49 -0400] "GET /css/style.css HTTP/1.1" 301 602 "http://justinbodnar.com/" "Mozilla/5.0 (Macintosh; Intel Mac OS X 10_7_3) AppleWebKit/537.36 (KHTML, like Gecko, Mediapartners-Google) Chrome/91.0.4472.90 Safari/537.36"
66.249.92.51 - - [11/Jul/2021:03:53:50 -0400] "GET /css/font-awesome.min.css HTTP/1.1" 301 624 "http://justinbodnar.com/" "Mozilla/5.0 (Macintosh; Intel Mac OS X 10_7_3) AppleWebKit/537.36 (KHTML, like Gecko, Mediapartners-Google) Chrome/91.0.4472.90 Safari/537.36"
66.249.92.51 - - [11/Jul/2021:03:53:50 -0400] "GET /js/jquery.min.js HTTP/1.1" 301 608 "http://justinbodnar.com/" "Mozilla/5.0 (Macintosh; Intel Mac OS X 10_7_3) AppleWebKit/537.36 (KHTML, like Gecko, Mediapartners-Google) Chrome/91.0.4472.90 Safari/537.36"
66.249.92.48 - - [11/Jul/2021:03:53:51 -0400] "GET /js/jquery.easing.min.js HTTP/1.1" 404 6544 "http://justinbodnar.com/" "Mozilla/5.0 (Linux; Android 4.0.4; Galaxy Nexus Build/IMM76B) AppleWebKit/537.36 (KHTML, like Gecko; Mediapartners-Google) Chrome/91.0.4472.90 Mobile Safari/537.36"
66.249.92.201 - - [11/Jul/2021:03:53:51 -0400] "GET /js/jquery.easing.min.js HTTP/1.1" 404 499 "http://www.justinbodnar.com/" "Mozilla/5.0 (Linux; Android 4.0.4; Galaxy Nexus Build/IMM76B) AppleWebKit/537.36 (KHTML, like Gecko; Mediapartners-Google) Chrome/91.0.4472.90 Mobile Safari/537.36"
66.249.92.203 - - [11/Jul/2021:03:53:52 -0400] "GET /js/jquery.easing.min.js HTTP/1.1" 404 499 "http://www.justinbodnar.com/" "Mozilla/5.0 (Macintosh; Intel Mac OS X 10_7_3) AppleWebKit/537.36 (KHTML, like Gecko, Mediapartners-Google) Chrome/91.0.4472.90 Safari/537.36"
66.249.92.46 - - [11/Jul/2021:03:53:52 -0400] "GET /js/jquery.easing.min.js HTTP/1.1" 404 6544 "http://justinbodnar.com/" "Mozilla/5.0 (Macintosh; Intel Mac OS X 10_7_3) AppleWebKit/537.36 (KHTML, like Gecko, Mediapartners-Google) Chrome/91.0.4472.90 Safari/537.36"
66.249.92.46 - - [11/Jul/2021:03:53:52 -0400] "GET /js/custom.js HTTP/1.1" 404 517 "http://justinbodnar.com/" "Mozilla/5.0 (Macintosh; Intel Mac OS X 10_7_3) AppleWebKit/537.36 (KHTML, like Gecko, Mediapartners-Google) Chrome/91.0.4472.90 Safari/537.36"
66.249.92.48 - - [11/Jul/2021:03:53:53 -0400] "GET /js/wow.js HTTP/1.1" 404 517 "http://justinbodnar.com/" "Mozilla/5.0 (Macintosh; Intel Mac OS X 10_7_3) AppleWebKit/537.36 (KHTML, like Gecko, Mediapartners-Google) Chrome/91.0.4472.90 Safari/537.36"
66.249.92.50 - - [11/Jul/2021:03:53:53 -0400] "GET /js/contactform.js HTTP/1.1" 404 6544 "http://justinbodnar.com/" "Mozilla/5.0 (Macintosh; Intel Mac OS X 10_7_3) AppleWebKit/537.36 (KHTML, like Gecko, Mediapartners-Google) Chrome/91.0.4472.90 Safari/537.36"
66.249.92.48 - - [11/Jul/2021:03:53:54 -0400] "GET /css/bootstrap.min.css HTTP/1.1" 200 20193 "http://justinbodnar.com/" "Mozilla/5.0 (Macintosh; Intel Mac OS X 10_7_3) AppleWebKit/537.36 (KHTML, like Gecko, Mediapartners-Google) Chrome/91.0.4472.90 Safari/537.36"
