14.169.143.126 - - [11/Jul/2021:16:13:45 -0400] "GET / HTTP/1.1" 200 9216 "-" "Mozilla/5.0 (Windows NT 10.0; Win64; x64) AppleWebKit/537.36 (KHTML, like Gecko) Chrome/85.0.4183.121 Safari/537.36"
14.169.143.126 - - [11/Jul/2021:16:14:18 -0400] "GET / HTTP/1.1" 200 9216 "-" "Mozilla/5.0 (Windows NT 10.0; Win64; x64) AppleWebKit/537.36 (KHTML, like Gecko) Chrome/85.0.4183.121 Safari/537.36"
::1 - - [11/Jul/2021:16:22:56 -0400] "OPTIONS * HTTP/1.0" 200 126 "-" "Apache/2.4.38 (Debian) OpenSSL/1.1.1d (internal dummy connection)"
::1 - - [11/Jul/2021:16:22:57 -0400] "OPTIONS * HTTP/1.0" 200 126 "-" "Apache/2.4.38 (Debian) OpenSSL/1.1.1d (internal dummy connection)"
::1 - - [11/Jul/2021:16:22:58 -0400] "OPTIONS * HTTP/1.0" 200 126 "-" "Apache/2.4.38 (Debian) OpenSSL/1.1.1d (internal dummy connection)"
::1 - - [11/Jul/2021:16:22:59 -0400] "OPTIONS * HTTP/1.0" 200 126 "-" "Apache/2.4.38 (Debian) OpenSSL/1.1.1d (internal dummy connection)"
::1 - - [11/Jul/2021:16:23:00 -0400] "OPTIONS * HTTP/1.0" 200 126 "-" "Apache/2.4.38 (Debian) OpenSSL/1.1.1d (internal dummy connection)"
::1 - - [11/Jul/2021:16:23:07 -0400] "OPTIONS * HTTP/1.0" 200 126 "-" "Apache/2.4.38 (Debian) OpenSSL/1.1.1d (internal dummy connection)"
35.232.55.37 - - [11/Jul/2021:16:26:47 -0400] "GET / HTTP/1.1" 200 3068 "-" "Mozilla/5.0 (Windows NT 6.1; rv:57.0) Gecko/20100101 Firefox/57.0"
::1 - - [11/Jul/2021:16:29:12 -0400] "OPTIONS * HTTP/1.0" 200 126 "-" "Apache/2.4.38 (Debian) OpenSSL/1.1.1d (internal dummy connection)"
64.67.111.194 - - [11/Jul/2021:16:30:40 -0400] "GET /sec HTTP/1.1" 301 6649 "-" "Mozilla/5.0 (X11; Linux x86_64) AppleWebKit/537.36 (KHTML, like Gecko) Chrome/91.0.4472.114 Safari/537.36"
64.67.111.194 - - [11/Jul/2021:16:30:40 -0400] "GET /sec/ HTTP/1.1" 200 730 "-" "Mozilla/5.0 (X11; Linux x86_64) AppleWebKit/537.36 (KHTML, like Gecko) Chrome/91.0.4472.114 Safari/537.36"
64.67.111.194 - - [11/Jul/2021:16:30:40 -0400] "GET /icons/blank.gif HTTP/1.1" 200 453 "https://justinbodnar.com/sec/" "Mozilla/5.0 (X11; Linux x86_64) AppleWebKit/537.36 (KHTML, like Gecko) Chrome/91.0.4472.114 Safari/537.36"
64.67.111.194 - - [11/Jul/2021:16:30:40 -0400] "GET /icons/back.gif HTTP/1.1" 200 6563 "https://justinbodnar.com/sec/" "Mozilla/5.0 (X11; Linux x86_64) AppleWebKit/537.36 (KHTML, like Gecko) Chrome/91.0.4472.114 Safari/537.36"
64.67.111.194 - - [11/Jul/2021:16:30:40 -0400] "GET /icons/text.gif HTTP/1.1" 200 534 "https://justinbodnar.com/sec/" "Mozilla/5.0 (X11; Linux x86_64) AppleWebKit/537.36 (KHTML, like Gecko) Chrome/91.0.4472.114 Safari/537.36"
64.246.133.6 - - [11/Jul/2021:16:30:41 -0400] "GET /sec/ HTTP/1.1" 200 6720 "https://www.google.com/" "Mozilla/5.0 (Windows NT 10.0; Win64; x64) AppleWebKit/537.36 (KHTML, like Gecko) Chrome/91.0.4472.77 Safari/537.36"
64.246.133.6 - - [11/Jul/2021:16:30:41 -0400] "GET /icons/text.gif HTTP/1.1" 200 6524 "https://justinbodnar.com/sec/" "Mozilla/5.0 (Windows NT 10.0; Win64; x64) AppleWebKit/537.36 (KHTML, like Gecko) Chrome/91.0.4472.77 Safari/537.36"
209.131.254.134 - - [11/Jul/2021:16:30:41 -0400] "GET /sec HTTP/1.1" 301 6597 "https://www.google.com/" "Mozilla/5.0 (Windows NT 10.0; Win64; x64) AppleWebKit/537.36 (KHTML, like Gecko) Chrome/91.0.4472.77 Safari/537.36"
64.246.133.6 - - [11/Jul/2021:16:30:41 -0400] "GET /icons/blank.gif HTTP/1.1" 200 6443 "https://justinbodnar.com/sec/" "Mozilla/5.0 (Windows NT 10.0; Win64; x64) AppleWebKit/537.36 (KHTML, like Gecko) Chrome/91.0.4472.77 Safari/537.36"
64.246.133.6 - - [11/Jul/2021:16:30:41 -0400] "GET /icons/back.gif HTTP/1.1" 200 6511 "https://justinbodnar.com/sec/" "Mozilla/5.0 (Windows NT 10.0; Win64; x64) AppleWebKit/537.36 (KHTML, like Gecko) Chrome/91.0.4472.77 Safari/537.36"
209.131.254.134 - - [11/Jul/2021:16:30:41 -0400] "GET /sec/ HTTP/1.1" 200 6720 "https://www.google.com/" "Mozilla/5.0 (Windows NT 10.0; Win64; x64) AppleWebKit/537.36 (KHTML, like Gecko) Chrome/91.0.4472.77 Safari/537.36"
209.131.254.134 - - [11/Jul/2021:16:30:42 -0400] "GET /icons/back.gif HTTP/1.1" 200 6511 "https://justinbodnar.com/sec/" "Mozilla/5.0 (Windows NT 10.0; Win64; x64) AppleWebKit/537.36 (KHTML, like Gecko) Chrome/91.0.4472.77 Safari/537.36"
209.131.254.134 - - [11/Jul/2021:16:30:42 -0400] "GET /icons/text.gif HTTP/1.1" 200 6524 "https://justinbodnar.com/sec/" "Mozilla/5.0 (Windows NT 10.0; Win64; x64) AppleWebKit/537.36 (KHTML, like Gecko) Chrome/91.0.4472.77 Safari/537.36"
209.131.254.134 - - [11/Jul/2021:16:30:42 -0400] "GET /icons/blank.gif HTTP/1.1" 200 6443 "https://justinbodnar.com/sec/" "Mozilla/5.0 (Windows NT 10.0; Win64; x64) AppleWebKit/537.36 (KHTML, like Gecko) Chrome/91.0.4472.77 Safari/537.36"
64.67.111.194 - - [11/Jul/2021:16:30:42 -0400] "GET /sec/dev-wcw.html HTTP/1.1" 200 114691 "https://justinbodnar.com/sec/" "Mozilla/5.0 (X11; Linux x86_64) AppleWebKit/537.36 (KHTML, like Gecko) Chrome/91.0.4472.114 Safari/537.36"
::1 - - [11/Jul/2021:16:31:08 -0400] "OPTIONS * HTTP/1.0" 200 126 "-" "Apache/2.4.38 (Debian) OpenSSL/1.1.1d (internal dummy connection)"
64.67.111.194 - - [11/Jul/2021:16:32:30 -0400] "GET /sec/ HTTP/1.1" 200 1306 "-" "Mozilla/5.0 (X11; Linux x86_64) AppleWebKit/537.36 (KHTML, like Gecko) Chrome/91.0.4472.114 Safari/537.36"
64.67.111.194 - - [11/Jul/2021:16:32:31 -0400] "GET /sec/dev-wcw-2.html HTTP/1.1" 200 21306 "https://justinbodnar.com/sec/" "Mozilla/5.0 (X11; Linux x86_64) AppleWebKit/537.36 (KHTML, like Gecko) Chrome/91.0.4472.114 Safari/537.36"
64.67.111.194 - - [11/Jul/2021:16:33:31 -0400] "GET /sec/ HTTP/1.1" 200 1319 "-" "Mozilla/5.0 (X11; Linux x86_64) AppleWebKit/537.36 (KHTML, like Gecko) Chrome/91.0.4472.114 Safari/537.36"
64.67.111.194 - - [11/Jul/2021:16:33:33 -0400] "GET /sec/dev-wcw-3.html HTTP/1.1" 200 1610 "https://justinbodnar.com/sec/" "Mozilla/5.0 (X11; Linux x86_64) AppleWebKit/537.36 (KHTML, like Gecko) Chrome/91.0.4472.114 Safari/537.36"
192.241.215.151 - - [11/Jul/2021:16:36:23 -0400] "GET /manager/text/list HTTP/1.1" 404 435 "-" "Mozilla/5.0 zgrab/0.x"
::1 - - [11/Jul/2021:16:37:30 -0400] "OPTIONS * HTTP/1.0" 200 126 "-" "Apache/2.4.38 (Debian) OpenSSL/1.1.1d (internal dummy connection)"
::1 - - [11/Jul/2021:16:37:33 -0400] "OPTIONS * HTTP/1.0" 200 126 "-" "Apache/2.4.38 (Debian) OpenSSL/1.1.1d (internal dummy connection)"
103.62.48.231 - - [11/Jul/2021:16:38:17 -0400] "GET / HTTP/1.1" 301 577 "-" "Mozilla/5.0 (Windows NT 10.0; Win64; x64) AppleWebKit/537.36 (KHTML, like Gecko) Chrome/79.0 Safari/537.36"
103.62.48.231 - - [11/Jul/2021:16:38:18 -0400] "GET / HTTP/1.1" 200 15928 "-" "Mozilla/5.0 (Windows NT 10.0; Win64; x64) AppleWebKit/537.36 (KHTML, like Gecko) Chrome/79.0 Safari/537.36"
103.62.48.231 - - [11/Jul/2021:16:38:19 -0400] "GET //wp-includes/wlwmanifest.xml HTTP/1.1" 404 524 "-" "Mozilla/5.0 (Windows NT 10.0; Win64; x64) AppleWebKit/537.36 (KHTML, like Gecko) Chrome/79.0 Safari/537.36"
103.62.48.231 - - [11/Jul/2021:16:38:19 -0400] "GET //xmlrpc.php?rsd HTTP/1.1" 404 524 "-" "Mozilla/5.0 (Windows NT 10.0; Win64; x64) AppleWebKit/537.36 (KHTML, like Gecko) Chrome/79.0 Safari/537.36"
103.62.48.231 - - [11/Jul/2021:16:38:19 -0400] "GET / HTTP/1.1" 200 10365 "-" "Mozilla/5.0 (Windows NT 10.0; Win64; x64) AppleWebKit/537.36 (KHTML, like Gecko) Chrome/79.0 Safari/537.36"
103.62.48.231 - - [11/Jul/2021:16:38:19 -0400] "GET //blog/wp-includes/wlwmanifest.xml HTTP/1.1" 404 524 "-" "Mozilla/5.0 (Windows NT 10.0; Win64; x64) AppleWebKit/537.36 (KHTML, like Gecko) Chrome/79.0 Safari/537.36"
103.62.48.231 - - [11/Jul/2021:16:38:19 -0400] "GET //web/wp-includes/wlwmanifest.xml HTTP/1.1" 404 524 "-" "Mozilla/5.0 (Windows NT 10.0; Win64; x64) AppleWebKit/537.36 (KHTML, like Gecko) Chrome/79.0 Safari/537.36"
103.62.48.231 - - [11/Jul/2021:16:38:20 -0400] "GET //wordpress/wp-includes/wlwmanifest.xml HTTP/1.1" 404 524 "-" "Mozilla/5.0 (Windows NT 10.0; Win64; x64) AppleWebKit/537.36 (KHTML, like Gecko) Chrome/79.0 Safari/537.36"
103.62.48.231 - - [11/Jul/2021:16:38:20 -0400] "GET //website/wp-includes/wlwmanifest.xml HTTP/1.1" 404 524 "-" "Mozilla/5.0 (Windows NT 10.0; Win64; x64) AppleWebKit/537.36 (KHTML, like Gecko) Chrome/79.0 Safari/537.36"
103.62.48.231 - - [11/Jul/2021:16:38:20 -0400] "GET //wp/wp-includes/wlwmanifest.xml HTTP/1.1" 404 524 "-" "Mozilla/5.0 (Windows NT 10.0; Win64; x64) AppleWebKit/537.36 (KHTML, like Gecko) Chrome/79.0 Safari/537.36"
103.62.48.231 - - [11/Jul/2021:16:38:20 -0400] "GET //news/wp-includes/wlwmanifest.xml HTTP/1.1" 404 524 "-" "Mozilla/5.0 (Windows NT 10.0; Win64; x64) AppleWebKit/537.36 (KHTML, like Gecko) Chrome/79.0 Safari/537.36"
103.62.48.231 - - [11/Jul/2021:16:38:21 -0400] "GET //wp1/wp-includes/wlwmanifest.xml HTTP/1.1" 404 524 "-" "Mozilla/5.0 (Windows NT 10.0; Win64; x64) AppleWebKit/537.36 (KHTML, like Gecko) Chrome/79.0 Safari/537.36"
103.62.48.231 - - [11/Jul/2021:16:38:21 -0400] "GET //test/wp-includes/wlwmanifest.xml HTTP/1.1" 404 524 "-" "Mozilla/5.0 (Windows NT 10.0; Win64; x64) AppleWebKit/537.36 (KHTML, like Gecko) Chrome/79.0 Safari/537.36"
103.62.48.231 - - [11/Jul/2021:16:38:21 -0400] "GET //wp2/wp-includes/wlwmanifest.xml HTTP/1.1" 404 524 "-" "Mozilla/5.0 (Windows NT 10.0; Win64; x64) AppleWebKit/537.36 (KHTML, like Gecko) Chrome/79.0 Safari/537.36"
103.62.48.231 - - [11/Jul/2021:16:38:21 -0400] "GET //site/wp-includes/wlwmanifest.xml HTTP/1.1" 404 524 "-" "Mozilla/5.0 (Windows NT 10.0; Win64; x64) AppleWebKit/537.36 (KHTML, like Gecko) Chrome/79.0 Safari/537.36"
::1 - - [11/Jul/2021:16:38:21 -0400] "OPTIONS * HTTP/1.0" 200 126 "-" "Apache/2.4.38 (Debian) OpenSSL/1.1.1d (internal dummy connection)"
103.62.48.231 - - [11/Jul/2021:16:38:21 -0400] "GET //cms/wp-includes/wlwmanifest.xml HTTP/1.1" 404 524 "-" "Mozilla/5.0 (Windows NT 10.0; Win64; x64) AppleWebKit/537.36 (KHTML, like Gecko) Chrome/79.0 Safari/537.36"
103.62.48.231 - - [11/Jul/2021:16:38:22 -0400] "GET //sito/wp-includes/wlwmanifest.xml HTTP/1.1" 404 524 "-" "Mozilla/5.0 (Windows NT 10.0; Win64; x64) AppleWebKit/537.36 (KHTML, like Gecko) Chrome/79.0 Safari/537.36"
::1 - - [11/Jul/2021:16:38:27 -0400] "OPTIONS * HTTP/1.0" 200 126 "-" "Apache/2.4.38 (Debian) OpenSSL/1.1.1d (internal dummy connection)"
5.9.22.148 - - [11/Jul/2021:16:38:29 -0400] "GET /wp-login.php HTTP/1.1" 404 465 "-" "Mozilla/5.0 (X11; Ubuntu; Linux x86_64; rv:62.0) Gecko/20100101 Firefox/62.0"
::1 - - [11/Jul/2021:16:38:42 -0400] "OPTIONS * HTTP/1.0" 200 126 "-" "Apache/2.4.38 (Debian) OpenSSL/1.1.1d (internal dummy connection)"
::1 - - [11/Jul/2021:16:38:52 -0400] "OPTIONS * HTTP/1.0" 200 126 "-" "Apache/2.4.38 (Debian) OpenSSL/1.1.1d (internal dummy connection)"
::1 - - [11/Jul/2021:16:39:15 -0400] "OPTIONS * HTTP/1.0" 200 126 "-" "Apache/2.4.38 (Debian) OpenSSL/1.1.1d (internal dummy connection)"
::1 - - [11/Jul/2021:16:40:02 -0400] "OPTIONS * HTTP/1.0" 200 126 "-" "Apache/2.4.38 (Debian) OpenSSL/1.1.1d (internal dummy connection)"
::1 - - [11/Jul/2021:16:40:19 -0400] "OPTIONS * HTTP/1.0" 200 126 "-" "Apache/2.4.38 (Debian) OpenSSL/1.1.1d (internal dummy connection)"
::1 - - [11/Jul/2021:16:40:24 -0400] "OPTIONS * HTTP/1.0" 200 126 "-" "Apache/2.4.38 (Debian) OpenSSL/1.1.1d (internal dummy connection)"
::1 - - [11/Jul/2021:16:40:34 -0400] "OPTIONS * HTTP/1.0" 200 126 "-" "Apache/2.4.38 (Debian) OpenSSL/1.1.1d (internal dummy connection)"
::1 - - [11/Jul/2021:16:40:35 -0400] "OPTIONS * HTTP/1.0" 200 126 "-" "Apache/2.4.38 (Debian) OpenSSL/1.1.1d (internal dummy connection)"
::1 - - [11/Jul/2021:16:40:36 -0400] "OPTIONS * HTTP/1.0" 200 126 "-" "Apache/2.4.38 (Debian) OpenSSL/1.1.1d (internal dummy connection)"
::1 - - [11/Jul/2021:16:40:43 -0400] "OPTIONS * HTTP/1.0" 200 126 "-" "Apache/2.4.38 (Debian) OpenSSL/1.1.1d (internal dummy connection)"
::1 - - [11/Jul/2021:16:41:53 -0400] "OPTIONS * HTTP/1.0" 200 126 "-" "Apache/2.4.38 (Debian) OpenSSL/1.1.1d (internal dummy connection)"
::1 - - [11/Jul/2021:16:44:23 -0400] "OPTIONS * HTTP/1.0" 200 126 "-" "Apache/2.4.38 (Debian) OpenSSL/1.1.1d (internal dummy connection)"
::1 - - [11/Jul/2021:16:44:24 -0400] "OPTIONS * HTTP/1.0" 200 126 "-" "Apache/2.4.38 (Debian) OpenSSL/1.1.1d (internal dummy connection)"
::1 - - [11/Jul/2021:16:45:12 -0400] "OPTIONS * HTTP/1.0" 200 126 "-" "Apache/2.4.38 (Debian) OpenSSL/1.1.1d (internal dummy connection)"
::1 - - [11/Jul/2021:16:45:55 -0400] "OPTIONS * HTTP/1.0" 200 126 "-" "Apache/2.4.38 (Debian) OpenSSL/1.1.1d (internal dummy connection)"
::1 - - [11/Jul/2021:16:45:56 -0400] "OPTIONS * HTTP/1.0" 200 126 "-" "Apache/2.4.38 (Debian) OpenSSL/1.1.1d (internal dummy connection)"
::1 - - [11/Jul/2021:16:46:09 -0400] "OPTIONS * HTTP/1.0" 200 126 "-" "Apache/2.4.38 (Debian) OpenSSL/1.1.1d (internal dummy connection)"
103.123.8.162 - - [11/Jul/2021:16:58:26 -0400] "GET / HTTP/1.1" 200 283 "-" "-"
110.34.81.40 - - [11/Jul/2021:16:59:32 -0400] "GET / HTTP/1.1" 400 0 "-" "-"
::1 - - [11/Jul/2021:17:07:02 -0400] "OPTIONS * HTTP/1.0" 200 126 "-" "Apache/2.4.38 (Debian) OpenSSL/1.1.1d (internal dummy connection)"
::1 - - [11/Jul/2021:17:07:03 -0400] "OPTIONS * HTTP/1.0" 200 126 "-" "Apache/2.4.38 (Debian) OpenSSL/1.1.1d (internal dummy connection)"
::1 - - [11/Jul/2021:17:08:32 -0400] "OPTIONS * HTTP/1.0" 200 126 "-" "Apache/2.4.38 (Debian) OpenSSL/1.1.1d (internal dummy connection)"
::1 - - [11/Jul/2021:17:12:17 -0400] "OPTIONS * HTTP/1.0" 200 126 "-" "Apache/2.4.38 (Debian) OpenSSL/1.1.1d (internal dummy connection)"
::1 - - [11/Jul/2021:17:12:19 -0400] "OPTIONS * HTTP/1.0" 200 126 "-" "Apache/2.4.38 (Debian) OpenSSL/1.1.1d (internal dummy connection)"
::1 - - [11/Jul/2021:17:13:14 -0400] "OPTIONS * HTTP/1.0" 200 126 "-" "Apache/2.4.38 (Debian) OpenSSL/1.1.1d (internal dummy connection)"
186.68.164.96 - - [11/Jul/2021:17:13:45 -0400] "GET / HTTP/1.1" 400 0 "-" "-"
::1 - - [11/Jul/2021:17:15:57 -0400] "OPTIONS * HTTP/1.0" 200 126 "-" "Apache/2.4.38 (Debian) OpenSSL/1.1.1d (internal dummy connection)"
::1 - - [11/Jul/2021:17:15:58 -0400] "OPTIONS * HTTP/1.0" 200 126 "-" "Apache/2.4.38 (Debian) OpenSSL/1.1.1d (internal dummy connection)"
::1 - - [11/Jul/2021:17:17:14 -0400] "OPTIONS * HTTP/1.0" 200 126 "-" "Apache/2.4.38 (Debian) OpenSSL/1.1.1d (internal dummy connection)"
::1 - - [11/Jul/2021:17:23:17 -0400] "OPTIONS * HTTP/1.0" 200 126 "-" "Apache/2.4.38 (Debian) OpenSSL/1.1.1d (internal dummy connection)"
64.67.111.194 - - [11/Jul/2021:17:25:48 -0400] "GET /sec/dev-wcw-3.html HTTP/1.1" 404 6559 "https://justinbodnar.com/sec/" "Mozilla/5.0 (X11; Linux x86_64) AppleWebKit/537.36 (KHTML, like Gecko) Chrome/91.0.4472.114 Safari/537.36"
64.67.111.194 - - [11/Jul/2021:17:25:51 -0400] "GET /sec/ HTTP/1.1" 200 781 "-" "Mozilla/5.0 (X11; Linux x86_64) AppleWebKit/537.36 (KHTML, like Gecko) Chrome/91.0.4472.114 Safari/537.36"
64.67.111.194 - - [11/Jul/2021:17:25:53 -0400] "GET /sec/dev.wilkescw.com-access-log-scalp-3.html HTTP/1.1" 200 1610 "https://justinbodnar.com/sec/" "Mozilla/5.0 (X11; Linux x86_64) AppleWebKit/537.36 (KHTML, like Gecko) Chrome/91.0.4472.114 Safari/537.36"
64.67.111.194 - - [11/Jul/2021:17:26:00 -0400] "GET /sec/dev.wilkescw.com-access-log-scalp-2.html HTTP/1.1" 200 27348 "https://justinbodnar.com/sec/" "Mozilla/5.0 (X11; Linux x86_64) AppleWebKit/537.36 (KHTML, like Gecko) Chrome/91.0.4472.114 Safari/537.36"
::1 - - [11/Jul/2021:17:26:07 -0400] "OPTIONS * HTTP/1.0" 200 126 "-" "Apache/2.4.38 (Debian) OpenSSL/1.1.1d (internal dummy connection)"
::1 - - [11/Jul/2021:17:26:08 -0400] "OPTIONS * HTTP/1.0" 200 126 "-" "Apache/2.4.38 (Debian) OpenSSL/1.1.1d (internal dummy connection)"
::1 - - [11/Jul/2021:17:26:09 -0400] "OPTIONS * HTTP/1.0" 200 126 "-" "Apache/2.4.38 (Debian) OpenSSL/1.1.1d (internal dummy connection)"
::1 - - [11/Jul/2021:17:26:12 -0400] "OPTIONS * HTTP/1.0" 200 126 "-" "Apache/2.4.38 (Debian) OpenSSL/1.1.1d (internal dummy connection)"
::1 - - [11/Jul/2021:17:26:21 -0400] "OPTIONS * HTTP/1.0" 200 126 "-" "Apache/2.4.38 (Debian) OpenSSL/1.1.1d (internal dummy connection)"
::1 - - [11/Jul/2021:17:26:26 -0400] "OPTIONS * HTTP/1.0" 200 126 "-" "Apache/2.4.38 (Debian) OpenSSL/1.1.1d (internal dummy connection)"
::1 - - [11/Jul/2021:17:29:01 -0400] "OPTIONS * HTTP/1.0" 200 126 "-" "Apache/2.4.38 (Debian) OpenSSL/1.1.1d (internal dummy connection)"
::1 - - [11/Jul/2021:17:32:25 -0400] "OPTIONS * HTTP/1.0" 200 126 "-" "Apache/2.4.38 (Debian) OpenSSL/1.1.1d (internal dummy connection)"
::1 - - [11/Jul/2021:17:32:47 -0400] "OPTIONS * HTTP/1.0" 200 126 "-" "Apache/2.4.38 (Debian) OpenSSL/1.1.1d (internal dummy connection)"
::1 - - [11/Jul/2021:17:32:51 -0400] "OPTIONS * HTTP/1.0" 200 126 "-" "Apache/2.4.38 (Debian) OpenSSL/1.1.1d (internal dummy connection)"
::1 - - [11/Jul/2021:17:33:51 -0400] "OPTIONS * HTTP/1.0" 200 126 "-" "Apache/2.4.38 (Debian) OpenSSL/1.1.1d (internal dummy connection)"
::1 - - [11/Jul/2021:17:36:02 -0400] "OPTIONS * HTTP/1.0" 200 126 "-" "Apache/2.4.38 (Debian) OpenSSL/1.1.1d (internal dummy connection)"
::1 - - [11/Jul/2021:17:36:06 -0400] "OPTIONS * HTTP/1.0" 200 126 "-" "Apache/2.4.38 (Debian) OpenSSL/1.1.1d (internal dummy connection)"
::1 - - [11/Jul/2021:17:36:51 -0400] "OPTIONS * HTTP/1.0" 200 126 "-" "Apache/2.4.38 (Debian) OpenSSL/1.1.1d (internal dummy connection)"
::1 - - [11/Jul/2021:17:36:56 -0400] "OPTIONS * HTTP/1.0" 200 126 "-" "Apache/2.4.38 (Debian) OpenSSL/1.1.1d (internal dummy connection)"
::1 - - [11/Jul/2021:17:37:23 -0400] "OPTIONS * HTTP/1.0" 200 126 "-" "Apache/2.4.38 (Debian) OpenSSL/1.1.1d (internal dummy connection)"
::1 - - [11/Jul/2021:17:38:20 -0400] "OPTIONS * HTTP/1.0" 200 126 "-" "Apache/2.4.38 (Debian) OpenSSL/1.1.1d (internal dummy connection)"
::1 - - [11/Jul/2021:17:47:01 -0400] "OPTIONS * HTTP/1.0" 200 126 "-" "Apache/2.4.38 (Debian) OpenSSL/1.1.1d (internal dummy connection)"
201.46.242.119 - - [11/Jul/2021:17:48:30 -0400] "GET / HTTP/1.1" 400 0 "-" "-"
1.85.217.194 - - [11/Jul/2021:17:49:49 -0400] "GET /favicon.ico HTTP/1.1" 404 491 "-" "Mozilla/5.0 (Macintosh; Intel Mac OS X 10_7_0) AppleWebKit/535.11 (KHTML, like Gecko) Chrome/17.0.963.56 Safari/535.11"
120.85.111.231 - - [11/Jul/2021:17:49:50 -0400] "GET /favicon.ico HTTP/1.1" 404 491 "-" "Mozilla/5.0 (Macintosh; Intel Mac OS X 10_7_0) AppleWebKit/535.11 (KHTML, like Gecko) Chrome/17.0.963.56 Safari/535.11"
182.88.79.42 - - [11/Jul/2021:17:49:53 -0400] "GET /favicon.ico HTTP/1.1" 404 491 "-" "Mozilla/5.0 (Macintosh; Intel Mac OS X 10_7_0) AppleWebKit/535.11 (KHTML, like Gecko) Chrome/17.0.963.56 Safari/535.11"
::1 - - [11/Jul/2021:17:53:38 -0400] "OPTIONS * HTTP/1.0" 200 126 "-" "Apache/2.4.38 (Debian) OpenSSL/1.1.1d (internal dummy connection)"
::1 - - [11/Jul/2021:17:53:39 -0400] "OPTIONS * HTTP/1.0" 200 126 "-" "Apache/2.4.38 (Debian) OpenSSL/1.1.1d (internal dummy connection)"
::1 - - [11/Jul/2021:17:53:42 -0400] "OPTIONS * HTTP/1.0" 200 126 "-" "Apache/2.4.38 (Debian) OpenSSL/1.1.1d (internal dummy connection)"
::1 - - [11/Jul/2021:17:53:55 -0400] "OPTIONS * HTTP/1.0" 200 126 "-" "Apache/2.4.38 (Debian) OpenSSL/1.1.1d (internal dummy connection)"
167.88.170.2 - - [11/Jul/2021:18:05:23 -0400] "GET /wp-login.php HTTP/1.1" 404 462 "-" "Mozilla/5.0 (X11; Ubuntu; Linux x86_64; rv:62.0) Gecko/20100101 Firefox/62.0"
::1 - - [11/Jul/2021:18:06:47 -0400] "OPTIONS * HTTP/1.0" 200 126 "-" "Apache/2.4.38 (Debian) OpenSSL/1.1.1d (internal dummy connection)"
::1 - - [11/Jul/2021:18:06:50 -0400] "OPTIONS * HTTP/1.0" 200 126 "-" "Apache/2.4.38 (Debian) OpenSSL/1.1.1d (internal dummy connection)"
::1 - - [11/Jul/2021:18:07:18 -0400] "OPTIONS * HTTP/1.0" 200 126 "-" "Apache/2.4.38 (Debian) OpenSSL/1.1.1d (internal dummy connection)"
::1 - - [11/Jul/2021:18:11:15 -0400] "OPTIONS * HTTP/1.0" 200 126 "-" "Apache/2.4.38 (Debian) OpenSSL/1.1.1d (internal dummy connection)"
::1 - - [11/Jul/2021:18:11:16 -0400] "OPTIONS * HTTP/1.0" 200 126 "-" "Apache/2.4.38 (Debian) OpenSSL/1.1.1d (internal dummy connection)"
::1 - - [11/Jul/2021:18:11:17 -0400] "OPTIONS * HTTP/1.0" 200 126 "-" "Apache/2.4.38 (Debian) OpenSSL/1.1.1d (internal dummy connection)"
::1 - - [11/Jul/2021:18:11:18 -0400] "OPTIONS * HTTP/1.0" 200 126 "-" "Apache/2.4.38 (Debian) OpenSSL/1.1.1d (internal dummy connection)"
::1 - - [11/Jul/2021:18:11:19 -0400] "OPTIONS * HTTP/1.0" 200 126 "-" "Apache/2.4.38 (Debian) OpenSSL/1.1.1d (internal dummy connection)"
::1 - - [11/Jul/2021:18:11:20 -0400] "OPTIONS * HTTP/1.0" 200 126 "-" "Apache/2.4.38 (Debian) OpenSSL/1.1.1d (internal dummy connection)"
::1 - - [11/Jul/2021:18:11:21 -0400] "OPTIONS * HTTP/1.0" 200 126 "-" "Apache/2.4.38 (Debian) OpenSSL/1.1.1d (internal dummy connection)"
::1 - - [11/Jul/2021:18:11:32 -0400] "OPTIONS * HTTP/1.0" 200 126 "-" "Apache/2.4.38 (Debian) OpenSSL/1.1.1d (internal dummy connection)"
::1 - - [11/Jul/2021:18:13:52 -0400] "OPTIONS * HTTP/1.0" 200 126 "-" "Apache/2.4.38 (Debian) OpenSSL/1.1.1d (internal dummy connection)"
34.79.107.251 - - [11/Jul/2021:18:21:59 -0400] "GET / HTTP/1.1" 200 353 "-" "python-requests/2.25.1"
::1 - - [11/Jul/2021:18:22:05 -0400] "OPTIONS * HTTP/1.0" 200 126 "-" "Apache/2.4.38 (Debian) OpenSSL/1.1.1d (internal dummy connection)"
::1 - - [11/Jul/2021:18:27:14 -0400] "OPTIONS * HTTP/1.0" 200 126 "-" "Apache/2.4.38 (Debian) OpenSSL/1.1.1d (internal dummy connection)"
::1 - - [11/Jul/2021:18:27:15 -0400] "OPTIONS * HTTP/1.0" 200 126 "-" "Apache/2.4.38 (Debian) OpenSSL/1.1.1d (internal dummy connection)"
18.236.120.39 - - [11/Jul/2021:18:29:48 -0400] "GET / HTTP/1.1" 301 521 "-" "Mozilla/5.0 (X11; Linux x86_64) AppleWebKit/537.36 (KHTML, like Gecko) Chrome/83.0.4103.97 Safari/537.36"
18.236.120.39 - - [11/Jul/2021:18:29:50 -0400] "GET / HTTP/1.1" 200 9160 "-" "Mozilla/5.0 (X11; Linux x86_64) AppleWebKit/537.36 (KHTML, like Gecko) Chrome/83.0.4103.97 Safari/537.36"
186.71.79.62 - - [11/Jul/2021:18:31:30 -0400] "GET / HTTP/1.1" 400 0 "-" "-"
54.189.21.176 - - [11/Jul/2021:18:31:48 -0400] "GET /favicon.ico HTTP/1.1" 301 543 "-" "Mozilla/5.0 (X11; Linux x86_64) AppleWebKit/537.36 (KHTML, like Gecko) Chrome/83.0.4103.97 Safari/537.36"
54.189.21.176 - - [11/Jul/2021:18:31:53 -0400] "GET / HTTP/1.1" 301 521 "-" "Mozilla/5.0 (X11; Linux x86_64) AppleWebKit/537.36 (KHTML, like Gecko) Chrome/83.0.4103.97 Safari/537.36"
147.139.170.102 - - [11/Jul/2021:18:39:25 -0400] "GET / HTTP/1.1" 200 316 "-" "Go-http-client/1.1"
::1 - - [11/Jul/2021:18:44:37 -0400] "OPTIONS * HTTP/1.0" 200 126 "-" "Apache/2.4.38 (Debian) OpenSSL/1.1.1d (internal dummy connection)"
182.127.17.122 - - [11/Jul/2021:18:53:51 -0400] "GET /boaform/admin/formLogin?username=ec8&psd=ec8 HTTP/1.0" 404 451 "-" "-"
134.209.216.182 - - [11/Jul/2021:19:00:23 -0400] "GET /.env HTTP/1.1" 404 491 "-" "Mozilla/5.0 (X11; Linux x86_64) AppleWebKit/537.36 (KHTML, like Gecko) Chrome/81.0.4044.129 Safari/537.36"
134.209.216.182 - - [11/Jul/2021:19:00:23 -0400] "POST / HTTP/1.1" 200 353 "-" "Mozilla/5.0 (X11; Linux x86_64) AppleWebKit/537.36 (KHTML, like Gecko) Chrome/81.0.4044.129 Safari/537.36"
34.221.250.6 - - [11/Jul/2021:19:00:26 -0400] "GET / HTTP/1.1" 200 9160 "-" "Mozilla/5.0 (X11; Linux x86_64) AppleWebKit/537.36 (KHTML, like Gecko) Chrome/83.0.4103.97 Safari/537.36"
103.145.13.121 - - [11/Jul/2021:19:00:58 -0400] "GET / HTTP/1.1" 200 264 "-" "-"
34.217.100.118 - - [11/Jul/2021:19:01:02 -0400] "GET / HTTP/1.1" 200 9160 "-" "Mozilla/5.0 (X11; Linux x86_64) AppleWebKit/537.36 (KHTML, like Gecko) Chrome/83.0.4103.97 Safari/537.36"
54.213.232.200 - - [11/Jul/2021:19:01:21 -0400] "GET /favicon.ico HTTP/1.1" 404 6488 "-" "Mozilla/5.0 (X11; Linux x86_64) AppleWebKit/537.36 (KHTML, like Gecko) Chrome/83.0.4103.97 Safari/537.36"
54.213.232.200 - - [11/Jul/2021:19:01:25 -0400] "GET / HTTP/1.1" 200 9160 "-" "Mozilla/5.0 (X11; Linux x86_64) AppleWebKit/537.36 (KHTML, like Gecko) Chrome/83.0.4103.97 Safari/537.36"
54.203.6.232 - - [11/Jul/2021:19:01:52 -0400] "GET / HTTP/1.1" 200 9160 "-" "Mozilla/5.0 (X11; Linux x86_64) AppleWebKit/537.36 (KHTML, like Gecko) Chrome/83.0.4103.97 Safari/537.36"
::1 - - [11/Jul/2021:19:07:23 -0400] "OPTIONS * HTTP/1.0" 200 126 "-" "Apache/2.4.38 (Debian) OpenSSL/1.1.1d (internal dummy connection)"
::1 - - [11/Jul/2021:19:07:24 -0400] "OPTIONS * HTTP/1.0" 200 126 "-" "Apache/2.4.38 (Debian) OpenSSL/1.1.1d (internal dummy connection)"
110.177.180.163 - - [11/Jul/2021:19:07:29 -0400] "GET /favicon.ico HTTP/1.1" 404 491 "-" "Mozilla/4.0 (compatible; MSIE 7.0; Windows NT 6.0)"
1.202.112.37 - - [11/Jul/2021:19:07:30 -0400] "GET /favicon.ico HTTP/1.1" 404 491 "-" "Mozilla/4.0 (compatible; MSIE 7.0; Windows NT 6.0)"
112.230.42.220 - - [11/Jul/2021:19:07:31 -0400] "GET /favicon.ico HTTP/1.1" 404 491 "-" "Mozilla/4.0 (compatible; MSIE 7.0; Windows NT 6.0)"
::1 - - [11/Jul/2021:19:08:47 -0400] "OPTIONS * HTTP/1.0" 200 126 "-" "Apache/2.4.38 (Debian) OpenSSL/1.1.1d (internal dummy connection)"
::1 - - [11/Jul/2021:19:08:48 -0400] "OPTIONS * HTTP/1.0" 200 126 "-" "Apache/2.4.38 (Debian) OpenSSL/1.1.1d (internal dummy connection)"
::1 - - [11/Jul/2021:19:08:49 -0400] "OPTIONS * HTTP/1.0" 200 126 "-" "Apache/2.4.38 (Debian) OpenSSL/1.1.1d (internal dummy connection)"
::1 - - [11/Jul/2021:19:10:06 -0400] "OPTIONS * HTTP/1.0" 200 126 "-" "Apache/2.4.38 (Debian) OpenSSL/1.1.1d (internal dummy connection)"
::1 - - [11/Jul/2021:19:14:42 -0400] "OPTIONS * HTTP/1.0" 200 126 "-" "Apache/2.4.38 (Debian) OpenSSL/1.1.1d (internal dummy connection)"
::1 - - [11/Jul/2021:19:14:43 -0400] "OPTIONS * HTTP/1.0" 200 126 "-" "Apache/2.4.38 (Debian) OpenSSL/1.1.1d (internal dummy connection)"
::1 - - [11/Jul/2021:19:14:44 -0400] "OPTIONS * HTTP/1.0" 200 126 "-" "Apache/2.4.38 (Debian) OpenSSL/1.1.1d (internal dummy connection)"
192.241.223.60 - - [11/Jul/2021:19:17:51 -0400] "GET /manager/html HTTP/1.1" 404 435 "-" "Mozilla/5.0 zgrab/0.x"
::1 - - [11/Jul/2021:19:20:40 -0400] "OPTIONS * HTTP/1.0" 200 126 "-" "Apache/2.4.38 (Debian) OpenSSL/1.1.1d (internal dummy connection)"
::1 - - [11/Jul/2021:19:20:41 -0400] "OPTIONS * HTTP/1.0" 200 126 "-" "Apache/2.4.38 (Debian) OpenSSL/1.1.1d (internal dummy connection)"
::1 - - [11/Jul/2021:19:20:42 -0400] "OPTIONS * HTTP/1.0" 200 126 "-" "Apache/2.4.38 (Debian) OpenSSL/1.1.1d (internal dummy connection)"
::1 - - [11/Jul/2021:19:42:05 -0400] "OPTIONS * HTTP/1.0" 200 126 "-" "Apache/2.4.38 (Debian) OpenSSL/1.1.1d (internal dummy connection)"
::1 - - [11/Jul/2021:20:00:35 -0400] "OPTIONS * HTTP/1.0" 200 126 "-" "Apache/2.4.38 (Debian) OpenSSL/1.1.1d (internal dummy connection)"
::1 - - [11/Jul/2021:20:00:36 -0400] "OPTIONS * HTTP/1.0" 200 126 "-" "Apache/2.4.38 (Debian) OpenSSL/1.1.1d (internal dummy connection)"
::1 - - [11/Jul/2021:20:00:38 -0400] "OPTIONS * HTTP/1.0" 200 126 "-" "Apache/2.4.38 (Debian) OpenSSL/1.1.1d (internal dummy connection)"
::1 - - [11/Jul/2021:20:03:48 -0400] "OPTIONS * HTTP/1.0" 200 126 "-" "Apache/2.4.38 (Debian) OpenSSL/1.1.1d (internal dummy connection)"
95.246.13.46 - - [11/Jul/2021:20:09:01 -0400] "GET / HTTP/1.1" 400 0 "-" "-"
157.230.0.91 - - [11/Jul/2021:20:14:04 -0400] "GET /muieblackcat HTTP/1.1" 404 454 "-" "-"
157.230.0.91 - - [11/Jul/2021:20:14:04 -0400] "GET //phpMyAdmin/scripts/setup.php HTTP/1.1" 404 454 "-" "-"
157.230.0.91 - - [11/Jul/2021:20:14:05 -0400] "GET //phpmyadmin/scripts/setup.php HTTP/1.1" 404 454 "-" "-"
::1 - - [11/Jul/2021:20:15:14 -0400] "OPTIONS * HTTP/1.0" 200 126 "-" "Apache/2.4.38 (Debian) OpenSSL/1.1.1d (internal dummy connection)"
::1 - - [11/Jul/2021:20:21:12 -0400] "OPTIONS * HTTP/1.0" 200 126 "-" "Apache/2.4.38 (Debian) OpenSSL/1.1.1d (internal dummy connection)"
::1 - - [11/Jul/2021:20:21:16 -0400] "OPTIONS * HTTP/1.0" 200 126 "-" "Apache/2.4.38 (Debian) OpenSSL/1.1.1d (internal dummy connection)"
::1 - - [11/Jul/2021:20:21:17 -0400] "OPTIONS * HTTP/1.0" 200 126 "-" "Apache/2.4.38 (Debian) OpenSSL/1.1.1d (internal dummy connection)"
209.141.56.79 - - [11/Jul/2021:20:39:39 -0400] "HEAD / HTTP/1.0" 200 147 "-" "-"
185.244.38.182 - - [11/Jul/2021:20:50:36 -0400] "GET /.env HTTP/1.1" 404 491 "-" "Mozilla/5.0 (X11; Linux x86_64) AppleWebKit/537.36 (KHTML, like Gecko) Chrome/81.0.4044.129 Safari/537.36"
185.244.38.182 - - [11/Jul/2021:20:50:37 -0400] "POST / HTTP/1.1" 200 353 "-" "Mozilla/5.0 (X11; Linux x86_64) AppleWebKit/537.36 (KHTML, like Gecko) Chrome/81.0.4044.129 Safari/537.36"
::1 - - [11/Jul/2021:20:53:19 -0400] "OPTIONS * HTTP/1.0" 200 126 "-" "Apache/2.4.38 (Debian) OpenSSL/1.1.1d (internal dummy connection)"
::1 - - [11/Jul/2021:20:53:20 -0400] "OPTIONS * HTTP/1.0" 200 126 "-" "Apache/2.4.38 (Debian) OpenSSL/1.1.1d (internal dummy connection)"
::1 - - [11/Jul/2021:20:53:21 -0400] "OPTIONS * HTTP/1.0" 200 126 "-" "Apache/2.4.38 (Debian) OpenSSL/1.1.1d (internal dummy connection)"
::1 - - [11/Jul/2021:21:08:11 -0400] "OPTIONS * HTTP/1.0" 200 126 "-" "Apache/2.4.38 (Debian) OpenSSL/1.1.1d (internal dummy connection)"
::1 - - [11/Jul/2021:21:08:19 -0400] "OPTIONS * HTTP/1.0" 200 126 "-" "Apache/2.4.38 (Debian) OpenSSL/1.1.1d (internal dummy connection)"
::1 - - [11/Jul/2021:21:08:20 -0400] "OPTIONS * HTTP/1.0" 200 126 "-" "Apache/2.4.38 (Debian) OpenSSL/1.1.1d (internal dummy connection)"
::1 - - [11/Jul/2021:21:21:27 -0400] "OPTIONS * HTTP/1.0" 200 126 "-" "Apache/2.4.38 (Debian) OpenSSL/1.1.1d (internal dummy connection)"
::1 - - [11/Jul/2021:21:31:25 -0400] "OPTIONS * HTTP/1.0" 200 126 "-" "Apache/2.4.38 (Debian) OpenSSL/1.1.1d (internal dummy connection)"
::1 - - [11/Jul/2021:21:31:27 -0400] "OPTIONS * HTTP/1.0" 200 126 "-" "Apache/2.4.38 (Debian) OpenSSL/1.1.1d (internal dummy connection)"
::1 - - [11/Jul/2021:21:31:35 -0400] "OPTIONS * HTTP/1.0" 200 126 "-" "Apache/2.4.38 (Debian) OpenSSL/1.1.1d (internal dummy connection)"
139.59.26.230 - - [11/Jul/2021:21:32:09 -0400] "\x16\x03\x01\x01\xfb\x01" 400 0 "-" "-"
::1 - - [11/Jul/2021:21:32:42 -0400] "OPTIONS * HTTP/1.0" 200 126 "-" "Apache/2.4.38 (Debian) OpenSSL/1.1.1d (internal dummy connection)"
::1 - - [11/Jul/2021:21:32:48 -0400] "OPTIONS * HTTP/1.0" 200 126 "-" "Apache/2.4.38 (Debian) OpenSSL/1.1.1d (internal dummy connection)"
::1 - - [11/Jul/2021:21:33:36 -0400] "OPTIONS * HTTP/1.0" 200 126 "-" "Apache/2.4.38 (Debian) OpenSSL/1.1.1d (internal dummy connection)"
::1 - - [11/Jul/2021:21:33:37 -0400] "OPTIONS * HTTP/1.0" 200 126 "-" "Apache/2.4.38 (Debian) OpenSSL/1.1.1d (internal dummy connection)"
::1 - - [11/Jul/2021:21:33:38 -0400] "OPTIONS * HTTP/1.0" 200 126 "-" "Apache/2.4.38 (Debian) OpenSSL/1.1.1d (internal dummy connection)"
52.211.143.139 - - [11/Jul/2021:21:42:20 -0400] "GET /catalog/vannaya/QklUUklYX1NNX0FCVEVTVF9zMQEBMTY1NDY3NDIyNwEvAQEBAkJJVFJJWF9TTV9HVUVTVF9JRAExOTI4NjgwATE2NTQ2NzQyMjcBLwEBAQJCSVRSSVhfU01fTEFTVF9WSVNJVAExMy4wNi4yMDIxIDEwOjQzOjQ3ATE2NTQ2NzQyMjcBLwEBAQI=&k=70fdc0fa1478f5f53ad3780b158feb79'/QklUUklYX1NNX0FCVEVTVF9zMQEBMTY1NTc5ODU0MQEvAQEBAkJJVFJJWF9TTV9HVUVTVF9JRAExOTU3Mjg3ATE2NTU3OTg1NDEBLwEBAQJCSVRSSVhfU01fTEFTVF9WSVNJVAEyNi4wNi4yMDIxIDExOjAyOjIxATE2NTU3OTg1NDEBLwEBAQI=&k=c104086aab04f3f0ff7846c1e8430579'/QklUUklYX1NNX0FCVEVTVF9zMQEBMTY1NjAxNjEzNwEvAQEBAkJJVFJJWF9TTV9HVUVTVF9JRAExOTYzMjA1ATE2NTYwMTYxMzcBLwEBAQJCSVRSSVhfU01fTEFTVF9WSVNJVAEyOC4wNi4yMDIxIDIzOjI4OjU3ATE2NTYwMTYxMzcBLwEBAQI=&k=dd2e447c1fb8e1ad3c3e74f3a3c82e9e'/QklUUklYX1NNX0FCVEVTVF9zMQEBMTY1NjA3MjM0MgEvAQEBAkJJVFJJWF9TTV9HVUVTVF9JRAExOTY0NjUyATE2NTYwNzIzNDIBLwEBAQJCSVRSSVhfU01fTEFTVF9WSVNJVAEyOS4wNi4yMDIxIDE1OjA1OjQyATE2NTYwNzIzNDIBLwEBAQI=&k=ffb7b184290ba07a34bd610ba6648745'/QklUUklYX1NNX0FCVEVTVF9zMQEBMTY1NjU4NjczMwEvAQEBAkJJVFJJWF9TTV9HVUVTVF9JRAExOTc3Nzg1ATE2N HTTP/1.0" 404 460 "-" "Riddler (http://riddler.io/about)"
201.54.254.71 - - [11/Jul/2021:21:46:48 -0400] "GET / HTTP/1.1" 400 0 "-" "-"
::1 - - [11/Jul/2021:21:48:00 -0400] "OPTIONS * HTTP/1.0" 200 126 "-" "Apache/2.4.38 (Debian) OpenSSL/1.1.1d (internal dummy connection)"
::1 - - [11/Jul/2021:21:48:43 -0400] "OPTIONS * HTTP/1.0" 200 126 "-" "Apache/2.4.38 (Debian) OpenSSL/1.1.1d (internal dummy connection)"
185.53.90.90 - - [11/Jul/2021:22:01:17 -0400] "GET / HTTP/1.1" 200 264 "-" "-"
::1 - - [11/Jul/2021:22:03:01 -0400] "OPTIONS * HTTP/1.0" 200 126 "-" "Apache/2.4.38 (Debian) OpenSSL/1.1.1d (internal dummy connection)"
::1 - - [11/Jul/2021:22:04:07 -0400] "OPTIONS * HTTP/1.0" 200 126 "-" "Apache/2.4.38 (Debian) OpenSSL/1.1.1d (internal dummy connection)"
27.158.244.112 - - [11/Jul/2021:22:23:24 -0400] "GET /member/qp_dan/index.php HTTP/1.1" 404 6058 "https://justinbodnar.com/member/qp_dan/index.php" "Mozilla/5.0 (Windows NT 10.0; Win64; x64) AppleWebKit/537.36 (KHTML, like Gecko) Chrome/80.0.3987.149 Safari/537.36"
103.78.13.3 - - [11/Jul/2021:22:34:46 -0400] "GET / HTTP/1.1" 200 264 "-" "Mozilla/5.0 (Windows NT 10.0; WOW64) AppleWebKit/537.36 (KHTML, like Gecko) Chrome/52.0.2743.116 Safari/537.36"
92.242.220.98 - - [11/Jul/2021:22:40:39 -0400] "GET / HTTP/1.1" 200 264 "-" "Mozilla/5.0 (Windows NT 6.1; WOW64) AppleWebKit/537.36 (KHTML, like Gecko) Chrome/52.0.2743.116 Safari/537.36"
66.249.73.239 - - [11/Jul/2021:23:12:48 -0400] "GET /robots.txt HTTP/1.1" 301 597 "-" "Mozilla/5.0 (compatible; Googlebot/2.1; +http://www.google.com/bot.html)"
66.249.73.224 - - [11/Jul/2021:23:12:48 -0400] "GET /robots.txt HTTP/1.1" 404 6544 "-" "Mozilla/5.0 (compatible; Googlebot/2.1; +http://www.google.com/bot.html)"
::1 - - [11/Jul/2021:23:15:54 -0400] "OPTIONS * HTTP/1.0" 200 126 "-" "Apache/2.4.38 (Debian) OpenSSL/1.1.1d (internal dummy connection)"
::1 - - [11/Jul/2021:23:15:55 -0400] "OPTIONS * HTTP/1.0" 200 126 "-" "Apache/2.4.38 (Debian) OpenSSL/1.1.1d (internal dummy connection)"
::1 - - [11/Jul/2021:23:15:56 -0400] "OPTIONS * HTTP/1.0" 200 126 "-" "Apache/2.4.38 (Debian) OpenSSL/1.1.1d (internal dummy connection)"
::1 - - [11/Jul/2021:23:15:57 -0400] "OPTIONS * HTTP/1.0" 200 126 "-" "Apache/2.4.38 (Debian) OpenSSL/1.1.1d (internal dummy connection)"
::1 - - [11/Jul/2021:23:15:58 -0400] "OPTIONS * HTTP/1.0" 200 126 "-" "Apache/2.4.38 (Debian) OpenSSL/1.1.1d (internal dummy connection)"
::1 - - [11/Jul/2021:23:15:59 -0400] "OPTIONS * HTTP/1.0" 200 126 "-" "Apache/2.4.38 (Debian) OpenSSL/1.1.1d (internal dummy connection)"
::1 - - [11/Jul/2021:23:16:00 -0400] "OPTIONS * HTTP/1.0" 200 126 "-" "Apache/2.4.38 (Debian) OpenSSL/1.1.1d (internal dummy connection)"
::1 - - [11/Jul/2021:23:16:42 -0400] "OPTIONS * HTTP/1.0" 200 126 "-" "Apache/2.4.38 (Debian) OpenSSL/1.1.1d (internal dummy connection)"
::1 - - [11/Jul/2021:23:18:43 -0400] "OPTIONS * HTTP/1.0" 200 126 "-" "Apache/2.4.38 (Debian) OpenSSL/1.1.1d (internal dummy connection)"
::1 - - [11/Jul/2021:23:18:44 -0400] "OPTIONS * HTTP/1.0" 200 126 "-" "Apache/2.4.38 (Debian) OpenSSL/1.1.1d (internal dummy connection)"
::1 - - [11/Jul/2021:23:18:56 -0400] "OPTIONS * HTTP/1.0" 200 126 "-" "Apache/2.4.38 (Debian) OpenSSL/1.1.1d (internal dummy connection)"
::1 - - [11/Jul/2021:23:19:13 -0400] "OPTIONS * HTTP/1.0" 200 126 "-" "Apache/2.4.38 (Debian) OpenSSL/1.1.1d (internal dummy connection)"
::1 - - [11/Jul/2021:23:19:14 -0400] "OPTIONS * HTTP/1.0" 200 126 "-" "Apache/2.4.38 (Debian) OpenSSL/1.1.1d (internal dummy connection)"
::1 - - [11/Jul/2021:23:19:15 -0400] "OPTIONS * HTTP/1.0" 200 126 "-" "Apache/2.4.38 (Debian) OpenSSL/1.1.1d (internal dummy connection)"
::1 - - [11/Jul/2021:23:19:16 -0400] "OPTIONS * HTTP/1.0" 200 126 "-" "Apache/2.4.38 (Debian) OpenSSL/1.1.1d (internal dummy connection)"
::1 - - [11/Jul/2021:23:19:17 -0400] "OPTIONS * HTTP/1.0" 200 126 "-" "Apache/2.4.38 (Debian) OpenSSL/1.1.1d (internal dummy connection)"
::1 - - [11/Jul/2021:23:19:18 -0400] "OPTIONS * HTTP/1.0" 200 126 "-" "Apache/2.4.38 (Debian) OpenSSL/1.1.1d (internal dummy connection)"
::1 - - [11/Jul/2021:23:19:19 -0400] "OPTIONS * HTTP/1.0" 200 126 "-" "Apache/2.4.38 (Debian) OpenSSL/1.1.1d (internal dummy connection)"
128.31.0.13 - - [11/Jul/2021:23:20:11 -0400] "GET /.git/config HTTP/1.1" 404 6488 "-" "Go-http-client/1.1"
185.100.87.244 - - [11/Jul/2021:23:20:12 -0400] "GET /.git/config HTTP/1.1" 301 543 "-" "Go-http-client/1.1"
185.220.101.218 - - [11/Jul/2021:23:20:14 -0400] "GET /.git/config HTTP/1.1" 404 6488 "http://justinbodnar.com/.git/config" "Go-http-client/1.1"
42.227.42.86 - - [11/Jul/2021:23:26:11 -0400] "GET /boaform/admin/formLogin?username=admin&psd=admin HTTP/1.0" 404 451 "-" "-"
::1 - - [11/Jul/2021:23:27:24 -0400] "OPTIONS * HTTP/1.0" 200 126 "-" "Apache/2.4.38 (Debian) OpenSSL/1.1.1d (internal dummy connection)"
::1 - - [11/Jul/2021:23:27:25 -0400] "OPTIONS * HTTP/1.0" 200 126 "-" "Apache/2.4.38 (Debian) OpenSSL/1.1.1d (internal dummy connection)"
::1 - - [11/Jul/2021:23:27:27 -0400] "OPTIONS * HTTP/1.0" 200 126 "-" "Apache/2.4.38 (Debian) OpenSSL/1.1.1d (internal dummy connection)"
112.204.169.142 - - [11/Jul/2021:23:28:05 -0400] "-" 408 0 "-" "-"
112.204.169.142 - - [11/Jul/2021:23:28:05 -0400] "-" 408 0 "-" "-"
::1 - - [11/Jul/2021:23:40:07 -0400] "OPTIONS * HTTP/1.0" 200 126 "-" "Apache/2.4.38 (Debian) OpenSSL/1.1.1d (internal dummy connection)"
::1 - - [11/Jul/2021:23:40:08 -0400] "OPTIONS * HTTP/1.0" 200 126 "-" "Apache/2.4.38 (Debian) OpenSSL/1.1.1d (internal dummy connection)"
::1 - - [11/Jul/2021:23:40:09 -0400] "OPTIONS * HTTP/1.0" 200 126 "-" "Apache/2.4.38 (Debian) OpenSSL/1.1.1d (internal dummy connection)"
34.75.247.217 - - [11/Jul/2021:23:43:04 -0400] "GET /robots.txt HTTP/1.0" 404 462 "-" "ZoominfoBot (zoominfobot at zoominfo dot com)"
34.75.247.217 - - [11/Jul/2021:23:43:04 -0400] "GET /index.html HTTP/1.0" 404 462 "-" "ZoominfoBot (zoominfobot at zoominfo dot com)"
::1 - - [11/Jul/2021:23:46:47 -0400] "OPTIONS * HTTP/1.0" 200 126 "-" "Apache/2.4.38 (Debian) OpenSSL/1.1.1d (internal dummy connection)"
::1 - - [11/Jul/2021:23:46:48 -0400] "OPTIONS * HTTP/1.0" 200 126 "-" "Apache/2.4.38 (Debian) OpenSSL/1.1.1d (internal dummy connection)"
::1 - - [11/Jul/2021:23:47:02 -0400] "OPTIONS * HTTP/1.0" 200 126 "-" "Apache/2.4.38 (Debian) OpenSSL/1.1.1d (internal dummy connection)"
::1 - - [11/Jul/2021:23:47:23 -0400] "OPTIONS * HTTP/1.0" 200 126 "-" "Apache/2.4.38 (Debian) OpenSSL/1.1.1d (internal dummy connection)"
::1 - - [11/Jul/2021:23:47:24 -0400] "OPTIONS * HTTP/1.0" 200 126 "-" "Apache/2.4.38 (Debian) OpenSSL/1.1.1d (internal dummy connection)"
190.202.130.116 - - [11/Jul/2021:23:48:16 -0400] "GET / HTTP/1.1" 200 264 "-" "curl/7.58.0"
34.75.247.217 - - [11/Jul/2021:23:48:39 -0400] "GET /robots.txt HTTP/1.0" 404 5810 "-" "ZoominfoBot (zoominfobot at zoominfo dot com)"
34.75.247.217 - - [11/Jul/2021:23:48:40 -0400] "GET /index.html HTTP/1.0" 404 613 "-" "ZoominfoBot (zoominfobot at zoominfo dot com)"
::1 - - [11/Jul/2021:23:57:51 -0400] "OPTIONS * HTTP/1.0" 200 126 "-" "Apache/2.4.38 (Debian) OpenSSL/1.1.1d (internal dummy connection)"
