66.249.66.132 - - [11/Jul/2021:01:35:57 -0400] "GET /2021/06/30/aunt-esther-purses-1970s/ HTTP/1.1" 200 18600 "-" "Mozilla/5.0 (Linux; Android 6.0.1; Nexus 5X Build/MMB29P) AppleWebKit/537.36 (KHTML, like Gecko) Chrome/91.0.4472.90 Mobile Safari/537.36 (compatible; Googlebot/2.1; +http://www.google.com/bot.html)"
207.46.13.67 - - [11/Jul/2021:01:36:16 -0400] "GET /2018/12/31/ HTTP/1.1" 200 17824 "-" "Mozilla/5.0 (compatible; bingbot/2.0; +http://www.bing.com/bingbot.htm)"
114.119.151.146 - - [11/Jul/2021:01:36:25 -0400] "GET /2019/01/20/pilot-and-auto-test-driver-betty-skelton-at-mcdonnell-aircraft-corp-st-louis-october-1959-bob-sandberg-2107-x-1600 HTTP/1.1" 301 5877 "-" "Mozilla/5.0 (Linux; Android 7.0;) AppleWebKit/537.36 (KHTML, like Gecko) Mobile Safari/537.36 (compatible; PetalBot;+https://webmaster.petalsearch.com/site/petalbot)"
114.119.151.146 - - [11/Jul/2021:01:36:26 -0400] "GET /2019/01/20/pilot-and-auto-test-driver-betty-skelton-at-mcdonnell-aircraft-corp-st-louis-october-1959-bob-sandberg-2107-x-1600/ HTTP/1.1" 200 13012 "-" "Mozilla/5.0 (Linux; Android 7.0;) AppleWebKit/537.36 (KHTML, like Gecko) Mobile Safari/537.36 (compatible; PetalBot;+https://webmaster.petalsearch.com/site/petalbot)"
204.48.19.85 - - [11/Jul/2021:01:37:31 -0400] "POST /wp-cron.php?doing_wp_cron=1625981851.2814719676971435546875 HTTP/1.1" 200 6295 "https://ajhydell.com/wp-cron.php?doing_wp_cron=1625981851.2814719676971435546875" "WordPress/5.7.2; https://ajhydell.com"
114.119.143.168 - - [11/Jul/2021:01:37:31 -0400] "GET /2018/09/21/workers-making-wiring-assemblies-at-a-junction-box-on-the-firewall-of-a-b-25-bomber-at-the-north-american-aviation-plant-at-inglewood-california-united-states-july-1942 HTTP/1.1" 301 5931 "-" "Mozilla/5.0 (Linux; Android 7.0;) AppleWebKit/537.36 (KHTML, like Gecko) Mobile Safari/537.36 (compatible; PetalBot;+https://webmaster.petalsearch.com/site/petalbot)"
114.119.143.168 - - [11/Jul/2021:01:37:32 -0400] "GET /2018/09/21/workers-making-wiring-assemblies-at-a-junction-box-on-the-firewall-of-a-b-25-bomber-at-the-north-american-aviation-plant-at-inglewood-california-united-states-july-1942/ HTTP/1.1" 200 13193 "-" "Mozilla/5.0 (Linux; Android 7.0;) AppleWebKit/537.36 (KHTML, like Gecko) Mobile Safari/537.36 (compatible; PetalBot;+https://webmaster.petalsearch.com/site/petalbot)"
204.48.19.85 - - [11/Jul/2021:01:40:33 -0400] "POST /wp-cron.php?doing_wp_cron=1625982033.8029589653015136718750 HTTP/1.1" 200 6295 "https://ajhydell.com/wp-cron.php?doing_wp_cron=1625982033.8029589653015136718750" "WordPress/5.7.2; https://ajhydell.com"
114.119.143.168 - - [11/Jul/2021:01:40:33 -0400] "GET /2020/04/18/ HTTP/1.1" 200 17644 "-" "Mozilla/5.0 (Linux; Android 7.0;) AppleWebKit/537.36 (KHTML, like Gecko) Mobile Safari/537.36 (compatible; PetalBot;+https://webmaster.petalsearch.com/site/petalbot)"
204.48.19.85 - - [11/Jul/2021:01:40:50 -0400] "POST /wp-cron.php?doing_wp_cron=1625982050.2573831081390380859375 HTTP/1.1" 200 6295 "https://ajhydell.com/wp-cron.php?doing_wp_cron=1625982050.2573831081390380859375" "WordPress/5.7.2; https://ajhydell.com"
114.119.151.93 - - [11/Jul/2021:01:40:50 -0400] "GET /page/44 HTTP/1.1" 301 5714 "-" "Mozilla/5.0 (Linux; Android 7.0;) AppleWebKit/537.36 (KHTML, like Gecko) Mobile Safari/537.36 (compatible; PetalBot;+https://webmaster.petalsearch.com/site/petalbot)"
114.119.151.93 - - [11/Jul/2021:01:40:51 -0400] "GET /page/44/ HTTP/1.1" 200 14904 "-" "Mozilla/5.0 (Linux; Android 7.0;) AppleWebKit/537.36 (KHTML, like Gecko) Mobile Safari/537.36 (compatible; PetalBot;+https://webmaster.petalsearch.com/site/petalbot)"
185.191.171.2 - - [11/Jul/2021:01:41:08 -0400] "GET /2020/11/01/new-turkish-latin-letters-kicking-out-the-arabic-script-circa-1929/ HTTP/1.1" 200 18613 "-" "Mozilla/5.0 (compatible; SemrushBot/7~bl; +http://www.semrush.com/bot.html)"
204.48.19.85 - - [11/Jul/2021:01:41:51 -0400] "POST /wp-cron.php?doing_wp_cron=1625982111.8359398841857910156250 HTTP/1.1" 200 6295 "https://ajhydell.com/wp-cron.php?doing_wp_cron=1625982111.8359398841857910156250" "WordPress/5.7.2; https://ajhydell.com"
114.119.156.206 - - [11/Jul/2021:01:41:51 -0400] "GET /2020/03/page/5/ HTTP/1.1" 200 19552 "-" "Mozilla/5.0 (Linux; Android 7.0;) AppleWebKit/537.36 (KHTML, like Gecko) Mobile Safari/537.36 (compatible; PetalBot;+https://webmaster.petalsearch.com/site/petalbot)"
204.48.19.85 - - [11/Jul/2021:01:42:57 -0400] "POST /wp-cron.php?doing_wp_cron=1625982177.6676139831542968750000 HTTP/1.1" 200 6295 "https://ajhydell.com/wp-cron.php?doing_wp_cron=1625982177.6676139831542968750000" "WordPress/5.7.2; https://ajhydell.com"
54.36.148.117 - - [11/Jul/2021:01:42:57 -0400] "GET /2021/05/18/ralph-valtin-a-pow-interrogator-attached-to-the-1st-infantry-division-talks-to-a-german-battalion-commander-who-surrendered-his-combat-post-in-kreuzau-germany-when-ammunition-ran-out-february-26/ HTTP/1.1" 200 18953 "-" "Mozilla/5.0 (compatible; AhrefsBot/7.0; +http://ahrefs.com/robot/)"
204.48.19.85 - - [11/Jul/2021:01:44:09 -0400] "POST /wp-cron.php?doing_wp_cron=1625982249.8464710712432861328125 HTTP/1.1" 200 6295 "https://ajhydell.com/wp-cron.php?doing_wp_cron=1625982249.8464710712432861328125" "WordPress/5.7.2; https://ajhydell.com"
114.119.132.183 - - [11/Jul/2021:01:44:09 -0400] "GET /2021/02/07/an-unidentified-boy-raises-his-arms-as-german-soldiers-capture-polish-jews-during-the-warsaw-ghetto-uprising-sometime-between-april-19-and-may-16-1943-2766-x-2164-colorized/ HTTP/1.1" 200 18369 "-" "Mozilla/5.0 (Linux; Android 7.0;) AppleWebKit/537.36 (KHTML, like Gecko) Mobile Safari/537.36 (compatible; PetalBot;+https://webmaster.petalsearch.com/site/petalbot)"
40.77.167.81 - - [11/Jul/2021:01:44:40 -0400] "GET /wp-content/uploads/2020/04/picture-86-scaled.jpg HTTP/1.1" 200 715621 "-" "Mozilla/5.0 (compatible; bingbot/2.0; +http://www.bing.com/bingbot.htm)"
204.48.19.85 - - [11/Jul/2021:01:45:28 -0400] "POST /wp-cron.php?doing_wp_cron=1625982328.2624070644378662109375 HTTP/1.1" 200 6295 "https://ajhydell.com/wp-cron.php?doing_wp_cron=1625982328.2624070644378662109375" "WordPress/5.7.2; https://ajhydell.com"
114.119.145.169 - - [11/Jul/2021:01:45:23 -0400] "GET /2020/01/05/the-east-offering-its-riches-to-britannia-east-india-company-1778 HTTP/1.1" 301 5828 "-" "Mozilla/5.0 (Linux; Android 7.0;) AppleWebKit/537.36 (KHTML, like Gecko) Mobile Safari/537.36 (compatible; PetalBot;+https://webmaster.petalsearch.com/site/petalbot)"
114.119.145.169 - - [11/Jul/2021:01:45:35 -0400] "GET /2020/01/05/the-east-offering-its-riches-to-britannia-east-india-company-1778/ HTTP/1.1" 200 12916 "-" "Mozilla/5.0 (Linux; Android 7.0;) AppleWebKit/537.36 (KHTML, like Gecko) Mobile Safari/537.36 (compatible; PetalBot;+https://webmaster.petalsearch.com/site/petalbot)"
204.48.19.85 - - [11/Jul/2021:01:46:29 -0400] "POST /wp-cron.php?doing_wp_cron=1625982389.8250279426574707031250 HTTP/1.1" 200 6295 "https://ajhydell.com/wp-cron.php?doing_wp_cron=1625982389.8250279426574707031250" "WordPress/5.7.2; https://ajhydell.com"
114.119.143.168 - - [11/Jul/2021:01:46:29 -0400] "GET /2018/08/10/front-view-of-nellie-experimental-130-ton-british-underground-tank-intended-to-advance-on-enemy-positions-at-0-5-mph-at-the-bottom-of-a-trench-that-it-itself-was-digging-july-1941/ HTTP/1.1" 200 17848 "-" "Mozilla/5.0 (Linux; Android 7.0;) AppleWebKit/537.36 (KHTML, like Gecko) Mobile Safari/537.36 (compatible; PetalBot;+https://webmaster.petalsearch.com/site/petalbot)"
204.48.19.85 - - [11/Jul/2021:01:47:40 -0400] "POST /wp-cron.php?doing_wp_cron=1625982460.4970099925994873046875 HTTP/1.1" 200 6295 "https://ajhydell.com/wp-cron.php?doing_wp_cron=1625982460.4970099925994873046875" "WordPress/5.7.2; https://ajhydell.com"
114.119.156.206 - - [11/Jul/2021:01:47:40 -0400] "GET /2018/12/ HTTP/1.1" 200 18951 "-" "Mozilla/5.0 (Linux; Android 7.0;) AppleWebKit/537.36 (KHTML, like Gecko) Mobile Safari/537.36 (compatible; PetalBot;+https://webmaster.petalsearch.com/site/petalbot)"
204.48.19.85 - - [11/Jul/2021:01:48:07 -0400] "POST /wp-cron.php?doing_wp_cron=1625982487.7570910453796386718750 HTTP/1.1" 200 6295 "https://ajhydell.com/wp-cron.php?doing_wp_cron=1625982487.7570910453796386718750" "WordPress/5.7.2; https://ajhydell.com"
13.66.139.0 - - [11/Jul/2021:01:48:07 -0400] "GET /2019/01/07/starting-her-plane/ HTTP/1.1" 200 18163 "-" "Mozilla/5.0 (compatible; bingbot/2.0; +http://www.bing.com/bingbot.htm)"
204.48.19.85 - - [11/Jul/2021:01:49:26 -0400] "POST /wp-cron.php?doing_wp_cron=1625982566.0729889869689941406250 HTTP/1.1" 200 6295 "https://ajhydell.com/wp-cron.php?doing_wp_cron=1625982566.0729889869689941406250" "WordPress/5.7.2; https://ajhydell.com"
114.119.147.211 - - [11/Jul/2021:01:49:26 -0400] "GET /2021/02/11/cetshwayo-king-of-the-zulu-who-defeated-the-british-at-the-battle-of-isandlwana-1878-900-x-1058 HTTP/1.1" 301 5858 "-" "Mozilla/5.0 (Linux; Android 7.0;) AppleWebKit/537.36 (KHTML, like Gecko) Mobile Safari/537.36 (compatible; PetalBot;+https://webmaster.petalsearch.com/site/petalbot)"
114.119.147.211 - - [11/Jul/2021:01:49:26 -0400] "GET /2021/02/11/cetshwayo-king-of-the-zulu-who-defeated-the-british-at-the-battle-of-isandlwana-1878-900-x-1058/ HTTP/1.1" 200 12796 "-" "Mozilla/5.0 (Linux; Android 7.0;) AppleWebKit/537.36 (KHTML, like Gecko) Mobile Safari/537.36 (compatible; PetalBot;+https://webmaster.petalsearch.com/site/petalbot)"
207.46.13.113 - - [11/Jul/2021:01:49:49 -0400] "GET /wp-content/uploads/2019/02/picture-24-1024x754.jpg HTTP/1.1" 200 105018 "-" "Mozilla/5.0 (compatible; bingbot/2.0; +http://www.bing.com/bingbot.htm)"
40.77.167.77 - - [11/Jul/2021:01:51:13 -0400] "GET /wp-content/uploads/2020/08/picture-4.jpg HTTP/1.1" 200 1154838 "-" "Mozilla/5.0 (compatible; bingbot/2.0; +http://www.bing.com/bingbot.htm)"
204.48.19.85 - - [11/Jul/2021:01:51:14 -0400] "POST /wp-cron.php?doing_wp_cron=1625982674.5219221115112304687500 HTTP/1.1" 200 6295 "https://ajhydell.com/wp-cron.php?doing_wp_cron=1625982674.5219221115112304687500" "WordPress/5.7.2; https://ajhydell.com"
114.119.151.93 - - [11/Jul/2021:01:51:14 -0400] "GET /author/aj/page/43/ HTTP/1.1" 200 19658 "-" "Mozilla/5.0 (Linux; Android 7.0;) AppleWebKit/537.36 (KHTML, like Gecko) Mobile Safari/537.36 (compatible; PetalBot;+https://webmaster.petalsearch.com/site/petalbot)"
204.48.19.85 - - [11/Jul/2021:01:52:21 -0400] "POST /wp-cron.php?doing_wp_cron=1625982741.4693310260772705078125 HTTP/1.1" 200 6295 "https://ajhydell.com/wp-cron.php?doing_wp_cron=1625982741.4693310260772705078125" "WordPress/5.7.2; https://ajhydell.com"
54.36.148.117 - - [11/Jul/2021:01:52:21 -0400] "GET /2018/09/05/lets-not-be-next-world-war-ii/ HTTP/1.1" 200 18685 "-" "Mozilla/5.0 (compatible; AhrefsBot/7.0; +http://ahrefs.com/robot/)"
204.48.19.85 - - [11/Jul/2021:01:53:15 -0400] "POST /wp-cron.php?doing_wp_cron=1625982795.3947880268096923828125 HTTP/1.1" 200 6295 "https://ajhydell.com/wp-cron.php?doing_wp_cron=1625982795.3947880268096923828125" "WordPress/5.7.2; https://ajhydell.com"
114.119.147.211 - - [11/Jul/2021:01:53:15 -0400] "GET /2020/10/page/8/ HTTP/1.1" 200 19317 "-" "Mozilla/5.0 (Linux; Android 7.0;) AppleWebKit/537.36 (KHTML, like Gecko) Mobile Safari/537.36 (compatible; PetalBot;+https://webmaster.petalsearch.com/site/petalbot)"
5.255.253.148 - - [11/Jul/2021:01:53:16 -0400] "GET /robots.txt HTTP/1.1" 200 6535 "-" "Mozilla/5.0 (compatible; YandexBot/3.0; +http://yandex.com/bots)"
77.75.78.168 - - [11/Jul/2021:01:53:18 -0400] "GET /robots.txt HTTP/1.1" 200 6517 "-" "Mozilla/5.0 (compatible; SeznamBot/3.2; +http://napoveda.seznam.cz/en/seznambot-intro/)"
77.75.78.168 - - [11/Jul/2021:01:53:19 -0400] "GET /category/uncategorized/ HTTP/1.1" 200 19828 "-" "Mozilla/5.0 (compatible; SeznamBot/3.2; +http://napoveda.seznam.cz/en/seznambot-intro/)"
5.255.253.148 - - [11/Jul/2021:01:53:19 -0400] "GET /wp-content/uploads/2018/09/picture-121.jpg HTTP/1.1" 304 277 "-" "Mozilla/5.0 (compatible; YandexImages/3.0; +http://yandex.com/bots)"
114.119.143.168 - - [11/Jul/2021:01:54:19 -0400] "GET /2018/12/29/president-wilson-adjudicating-among-european-claims-1919/ HTTP/1.1" 200 18031 "-" "Mozilla/5.0 (Linux; Android 7.0;) AppleWebKit/537.36 (KHTML, like Gecko) Mobile Safari/537.36 (compatible; PetalBot;+https://webmaster.petalsearch.com/site/petalbot)"
204.48.19.85 - - [11/Jul/2021:01:55:41 -0400] "POST /wp-cron.php?doing_wp_cron=1625982941.2456040382385253906250 HTTP/1.1" 200 6295 "https://ajhydell.com/wp-cron.php?doing_wp_cron=1625982941.2456040382385253906250" "WordPress/5.7.2; https://ajhydell.com"
114.119.147.211 - - [11/Jul/2021:01:55:41 -0400] "GET /2021/01/12/us-veterans-of-four-different-wars-that-lived-in-the-same-town-of-geary-oklahoma-1940s HTTP/1.1" 301 5849 "-" "Mozilla/5.0 (Linux; Android 7.0;) AppleWebKit/537.36 (KHTML, like Gecko) Mobile Safari/537.36 (compatible; PetalBot;+https://webmaster.petalsearch.com/site/petalbot)"
114.119.147.211 - - [11/Jul/2021:01:55:42 -0400] "GET /2021/01/12/us-veterans-of-four-different-wars-that-lived-in-the-same-town-of-geary-oklahoma-1940s/ HTTP/1.1" 200 12847 "-" "Mozilla/5.0 (Linux; Android 7.0;) AppleWebKit/537.36 (KHTML, like Gecko) Mobile Safari/537.36 (compatible; PetalBot;+https://webmaster.petalsearch.com/site/petalbot)"
204.48.19.85 - - [11/Jul/2021:01:56:50 -0400] "POST /wp-cron.php?doing_wp_cron=1625983010.8285040855407714843750 HTTP/1.1" 200 6295 "https://ajhydell.com/wp-cron.php?doing_wp_cron=1625983010.8285040855407714843750" "WordPress/5.7.2; https://ajhydell.com"
114.119.138.170 - - [11/Jul/2021:01:56:50 -0400] "GET /2019/page/57 HTTP/1.1" 301 5719 "-" "Mozilla/5.0 (Linux; Android 7.0;) AppleWebKit/537.36 (KHTML, like Gecko) Mobile Safari/537.36 (compatible; PetalBot;+https://webmaster.petalsearch.com/site/petalbot)"
114.119.138.170 - - [11/Jul/2021:01:56:51 -0400] "GET /2019/page/57/ HTTP/1.1" 200 13858 "-" "Mozilla/5.0 (Linux; Android 7.0;) AppleWebKit/537.36 (KHTML, like Gecko) Mobile Safari/537.36 (compatible; PetalBot;+https://webmaster.petalsearch.com/site/petalbot)"
207.46.13.137 - - [11/Jul/2021:01:56:59 -0400] "GET /2020/02/05/capitalism-hungary-1925/ HTTP/1.1" 200 18393 "-" "Mozilla/5.0 (compatible; bingbot/2.0; +http://www.bing.com/bingbot.htm)"
204.48.19.85 - - [11/Jul/2021:02:00:06 -0400] "POST /wp-cron.php?doing_wp_cron=1625983206.1899530887603759765625 HTTP/1.1" 200 6295 "https://ajhydell.com/wp-cron.php?doing_wp_cron=1625983206.1899530887603759765625" "WordPress/5.7.2; https://ajhydell.com"
114.119.156.206 - - [11/Jul/2021:02:00:06 -0400] "GET /2019/05/23/german-pows-being-shown-footage-of-the-holocaust-1945/ HTTP/1.1" 200 18180 "-" "Mozilla/5.0 (Linux; Android 7.0;) AppleWebKit/537.36 (KHTML, like Gecko) Mobile Safari/537.36 (compatible; PetalBot;+https://webmaster.petalsearch.com/site/petalbot)"
66.249.66.134 - - [11/Jul/2021:02:00:07 -0400] "GET /2019/05/19/hush-puppies-1980/ HTTP/1.1" 200 18585 "-" "Mozilla/5.0 (compatible; Googlebot/2.1; +http://www.google.com/bot.html)"
185.191.171.20 - - [11/Jul/2021:02:00:20 -0400] "GET /2018/12/30/make-it-merry-make-it-mojud-mojud-stickings-1951/ HTTP/1.1" 200 18592 "-" "Mozilla/5.0 (compatible; SemrushBot/7~bl; +http://www.semrush.com/bot.html)"
207.46.13.113 - - [11/Jul/2021:02:00:30 -0400] "GET /wp-content/uploads/2020/01/picture-70.jpg HTTP/1.1" 200 79197 "-" "Mozilla/5.0 (compatible; bingbot/2.0; +http://www.bing.com/bingbot.htm)"
204.48.19.85 - - [11/Jul/2021:02:01:35 -0400] "POST /wp-cron.php?doing_wp_cron=1625983295.8377809524536132812500 HTTP/1.1" 200 6295 "https://ajhydell.com/wp-cron.php?doing_wp_cron=1625983295.8377809524536132812500" "WordPress/5.7.2; https://ajhydell.com"
114.119.143.168 - - [11/Jul/2021:02:01:35 -0400] "GET /2020/04/page/2 HTTP/1.1" 301 5721 "-" "Mozilla/5.0 (Linux; Android 7.0;) AppleWebKit/537.36 (KHTML, like Gecko) Mobile Safari/537.36 (compatible; PetalBot;+https://webmaster.petalsearch.com/site/petalbot)"
114.119.143.168 - - [11/Jul/2021:02:01:36 -0400] "GET /2020/04/page/2/ HTTP/1.1" 200 13831 "-" "Mozilla/5.0 (Linux; Android 7.0;) AppleWebKit/537.36 (KHTML, like Gecko) Mobile Safari/537.36 (compatible; PetalBot;+https://webmaster.petalsearch.com/site/petalbot)"
204.48.19.85 - - [11/Jul/2021:02:01:49 -0400] "POST /wp-cron.php?doing_wp_cron=1625983309.6978530883789062500000 HTTP/1.1" 200 6295 "https://ajhydell.com/wp-cron.php?doing_wp_cron=1625983309.6978530883789062500000" "WordPress/5.7.2; https://ajhydell.com"
54.36.148.117 - - [11/Jul/2021:02:01:49 -0400] "GET /2021/04/16/emily-hobhouse-1860-1926-cornish-human-rights-campaigner-she-was-branded-that-bloody-woman-by-some-but-emily-hobhouse-is-a-forgotten-cornish-hero-she-raised-the-travesty-of-human-rights-abus/ HTTP/1.1" 200 19166 "-" "Mozilla/5.0 (compatible; AhrefsBot/7.0; +http://ahrefs.com/robot/)"
114.119.143.210 - - [11/Jul/2021:02:01:53 -0400] "GET /2021/03/19/two-good-reasons-for-rise-rise-shaving-cream-1975 HTTP/1.1" 301 5812 "-" "Mozilla/5.0 (Linux; Android 7.0;) AppleWebKit/537.36 (KHTML, like Gecko) Mobile Safari/537.36 (compatible; PetalBot;+https://webmaster.petalsearch.com/site/petalbot)"
114.119.143.210 - - [11/Jul/2021:02:01:59 -0400] "GET /2021/03/19/two-good-reasons-for-rise-rise-shaving-cream-1975/ HTTP/1.1" 200 12825 "-" "Mozilla/5.0 (Linux; Android 7.0;) AppleWebKit/537.36 (KHTML, like Gecko) Mobile Safari/537.36 (compatible; PetalBot;+https://webmaster.petalsearch.com/site/petalbot)"
204.48.19.85 - - [11/Jul/2021:02:03:30 -0400] "POST /wp-cron.php?doing_wp_cron=1625983410.2825040817260742187500 HTTP/1.1" 200 6295 "https://ajhydell.com/wp-cron.php?doing_wp_cron=1625983410.2825040817260742187500" "WordPress/5.7.2; https://ajhydell.com"
114.119.158.133 - - [11/Jul/2021:02:03:30 -0400] "GET /2020/08/20/sperry-univac-uts-400-text-editor-brochure-1976/ HTTP/1.1" 200 18070 "-" "Mozilla/5.0 (Linux; Android 7.0;) AppleWebKit/537.36 (KHTML, like Gecko) Mobile Safari/537.36 (compatible; PetalBot;+https://webmaster.petalsearch.com/site/petalbot)"
204.48.19.85 - - [11/Jul/2021:02:04:33 -0400] "POST /wp-cron.php?doing_wp_cron=1625983473.8597431182861328125000 HTTP/1.1" 200 6295 "https://ajhydell.com/wp-cron.php?doing_wp_cron=1625983473.8597431182861328125000" "WordPress/5.7.2; https://ajhydell.com"
114.119.138.170 - - [11/Jul/2021:02:04:33 -0400] "GET /2020/08/23/neighborhood-kids-hornerstown-johnstown-pa-1944-or-1945 HTTP/1.1" 301 5818 "-" "Mozilla/5.0 (Linux; Android 7.0;) AppleWebKit/537.36 (KHTML, like Gecko) Mobile Safari/537.36 (compatible; PetalBot;+https://webmaster.petalsearch.com/site/petalbot)"
114.119.138.170 - - [11/Jul/2021:02:04:34 -0400] "GET /2020/08/23/neighborhood-kids-hornerstown-johnstown-pa-1944-or-1945/ HTTP/1.1" 200 12733 "-" "Mozilla/5.0 (Linux; Android 7.0;) AppleWebKit/537.36 (KHTML, like Gecko) Mobile Safari/537.36 (compatible; PetalBot;+https://webmaster.petalsearch.com/site/petalbot)"
204.48.19.85 - - [11/Jul/2021:02:06:01 -0400] "POST /wp-cron.php?doing_wp_cron=1625983561.1592149734497070312500 HTTP/1.1" 200 6295 "https://ajhydell.com/wp-cron.php?doing_wp_cron=1625983561.1592149734497070312500" "WordPress/5.7.2; https://ajhydell.com"
40.77.167.7 - - [11/Jul/2021:02:06:01 -0400] "GET /2021/04/22/finnish-volunteer-ss-contingent-nordost-returning-to-their-homeland-in-german-freighter-warthe-hanko-finland-1943/ HTTP/1.1" 200 18477 "-" "Mozilla/5.0 (compatible; bingbot/2.0; +http://www.bing.com/bingbot.htm)"
114.119.145.169 - - [11/Jul/2021:02:06:39 -0400] "GET /2020/12/21 HTTP/1.1" 301 5717 "-" "Mozilla/5.0 (Linux; Android 7.0;) AppleWebKit/537.36 (KHTML, like Gecko) Mobile Safari/537.36 (compatible; PetalBot;+https://webmaster.petalsearch.com/site/petalbot)"
114.119.145.169 - - [11/Jul/2021:02:06:43 -0400] "GET /2020/12/21/ HTTP/1.1" 200 12916 "-" "Mozilla/5.0 (Linux; Android 7.0;) AppleWebKit/537.36 (KHTML, like Gecko) Mobile Safari/537.36 (compatible; PetalBot;+https://webmaster.petalsearch.com/site/petalbot)"
204.48.19.85 - - [11/Jul/2021:02:07:50 -0400] "POST /wp-cron.php?doing_wp_cron=1625983670.2258989810943603515625 HTTP/1.1" 200 6295 "https://ajhydell.com/wp-cron.php?doing_wp_cron=1625983670.2258989810943603515625" "WordPress/5.7.2; https://ajhydell.com"
114.119.143.168 - - [11/Jul/2021:02:07:50 -0400] "GET /2021/04/20 HTTP/1.1" 301 5717 "-" "Mozilla/5.0 (Linux; Android 7.0;) AppleWebKit/537.36 (KHTML, like Gecko) Mobile Safari/537.36 (compatible; PetalBot;+https://webmaster.petalsearch.com/site/petalbot)"
207.46.13.67 - - [11/Jul/2021:02:07:51 -0400] "GET /wp-content/uploads/2019/10/picture-50-695x1024.jpg HTTP/1.1" 200 170309 "-" "Mozilla/5.0 (compatible; bingbot/2.0; +http://www.bing.com/bingbot.htm)"
114.119.143.168 - - [11/Jul/2021:02:07:51 -0400] "GET /2021/04/20/ HTTP/1.1" 200 12843 "-" "Mozilla/5.0 (Linux; Android 7.0;) AppleWebKit/537.36 (KHTML, like Gecko) Mobile Safari/537.36 (compatible; PetalBot;+https://webmaster.petalsearch.com/site/petalbot)"
152.228.170.248 - - [11/Jul/2021:02:08:22 -0400] "GET /wp-login.php HTTP/1.1" 301 552 "-" "Mozilla/5.0 (X11; Ubuntu; Linux x86_64; rv:62.0) Gecko/20100101 Firefox/62.0"
152.228.170.248 - - [11/Jul/2021:02:08:23 -0400] "GET /wp-login.php HTTP/1.1" 200 8605 "http://ajhydell.com/wp-login.php" "Mozilla/5.0 (X11; Ubuntu; Linux x86_64; rv:62.0) Gecko/20100101 Firefox/62.0"
152.228.170.248 - - [11/Jul/2021:02:08:23 -0400] "GET ///?author=1 HTTP/1.1" 301 546 "-" "Mozilla/5.0 (X11; Ubuntu; Linux x86_64; rv:62.0) Gecko/20100101 Firefox/62.0"
152.228.170.248 - - [11/Jul/2021:02:08:23 -0400] "GET /?author=1 HTTP/1.1" 404 59962 "http://ajhydell.com///?author=1" "Mozilla/5.0 (X11; Ubuntu; Linux x86_64; rv:62.0) Gecko/20100101 Firefox/62.0"
152.228.170.248 - - [11/Jul/2021:02:08:24 -0400] "GET ///wp-json/wp/v2/users/ HTTP/1.1" 301 568 "-" "Mozilla/5.0 (X11; Ubuntu; Linux x86_64; rv:62.0) Gecko/20100101 Firefox/62.0"
157.55.39.62 - - [11/Jul/2021:02:08:24 -0400] "GET /wp-content/uploads/2020/02/picture-60.jpg HTTP/1.1" 200 157241 "-" "Mozilla/5.0 (compatible; bingbot/2.0; +http://www.bing.com/bingbot.htm)"
152.228.170.248 - - [11/Jul/2021:02:08:24 -0400] "GET /wp-json/wp/v2/users/ HTTP/1.1" 401 5958 "http://ajhydell.com///wp-json/wp/v2/users/" "Mozilla/5.0 (X11; Ubuntu; Linux x86_64; rv:62.0) Gecko/20100101 Firefox/62.0"
204.48.19.85 - - [11/Jul/2021:02:09:04 -0400] "POST /wp-cron.php?doing_wp_cron=1625983744.1970019340515136718750 HTTP/1.1" 200 6295 "https://ajhydell.com/wp-cron.php?doing_wp_cron=1625983744.1970019340515136718750" "WordPress/5.7.2; https://ajhydell.com"
114.119.158.133 - - [11/Jul/2021:02:09:04 -0400] "GET /page/89/ HTTP/1.1" 200 19449 "-" "Mozilla/5.0 (Linux; Android 7.0;) AppleWebKit/537.36 (KHTML, like Gecko) Mobile Safari/537.36 (compatible; PetalBot;+https://webmaster.petalsearch.com/site/petalbot)"
204.48.19.85 - - [11/Jul/2021:02:10:24 -0400] "POST /wp-cron.php?doing_wp_cron=1625983824.1322159767150878906250 HTTP/1.1" 200 6295 "https://ajhydell.com/wp-cron.php?doing_wp_cron=1625983824.1322159767150878906250" "WordPress/5.7.2; https://ajhydell.com"
54.36.148.117 - - [11/Jul/2021:02:10:24 -0400] "GET /2020/03/27/street-car-conductor-in-seattle-not-allowing-passengers-aboard-without-a-mask-during-spanish-flu-pandemic-in-1918/ HTTP/1.1" 200 18884 "-" "Mozilla/5.0 (compatible; AhrefsBot/7.0; +http://ahrefs.com/robot/)"
204.48.19.85 - - [11/Jul/2021:02:10:54 -0400] "POST /wp-cron.php?doing_wp_cron=1625983854.4020740985870361328125 HTTP/1.1" 200 6295 "https://ajhydell.com/wp-cron.php?doing_wp_cron=1625983854.4020740985870361328125" "WordPress/5.7.2; https://ajhydell.com"
114.119.156.206 - - [11/Jul/2021:02:10:54 -0400] "GET /page/109/ HTTP/1.1" 200 19784 "-" "Mozilla/5.0 (Linux; Android 7.0;) AppleWebKit/537.36 (KHTML, like Gecko) Mobile Safari/537.36 (compatible; PetalBot;+https://webmaster.petalsearch.com/site/petalbot)"
204.48.19.85 - - [11/Jul/2021:02:12:03 -0400] "POST /wp-cron.php?doing_wp_cron=1625983923.7069931030273437500000 HTTP/1.1" 200 6295 "https://ajhydell.com/wp-cron.php?doing_wp_cron=1625983923.7069931030273437500000" "WordPress/5.7.2; https://ajhydell.com"
114.119.147.211 - - [11/Jul/2021:02:12:03 -0400] "GET /2018/11/16/peace-conference-versailles-1919-1200-x-900-colorized/ HTTP/1.1" 200 18119 "-" "Mozilla/5.0 (Linux; Android 7.0;) AppleWebKit/537.36 (KHTML, like Gecko) Mobile Safari/537.36 (compatible; PetalBot;+https://webmaster.petalsearch.com/site/petalbot)"
204.48.19.85 - - [11/Jul/2021:02:13:34 -0400] "POST /wp-cron.php?doing_wp_cron=1625984014.1384599208831787109375 HTTP/1.1" 200 6295 "https://ajhydell.com/wp-cron.php?doing_wp_cron=1625984014.1384599208831787109375" "WordPress/5.7.2; https://ajhydell.com"
114.119.138.170 - - [11/Jul/2021:02:13:34 -0400] "GET /2018/11/24/your-new-ford-1924 HTTP/1.1" 301 5781 "-" "Mozilla/5.0 (Linux; Android 7.0;) AppleWebKit/537.36 (KHTML, like Gecko) Mobile Safari/537.36 (compatible; PetalBot;+https://webmaster.petalsearch.com/site/petalbot)"
114.119.138.170 - - [11/Jul/2021:02:13:35 -0400] "GET /2018/11/24/your-new-ford-1924/ HTTP/1.1" 200 12794 "-" "Mozilla/5.0 (Linux; Android 7.0;) AppleWebKit/537.36 (KHTML, like Gecko) Mobile Safari/537.36 (compatible; PetalBot;+https://webmaster.petalsearch.com/site/petalbot)"
204.48.19.85 - - [11/Jul/2021:02:13:47 -0400] "POST /wp-cron.php?doing_wp_cron=1625984027.9225089550018310546875 HTTP/1.1" 200 6295 "https://ajhydell.com/wp-cron.php?doing_wp_cron=1625984027.9225089550018310546875" "WordPress/5.7.2; https://ajhydell.com"
185.191.171.11 - - [11/Jul/2021:02:13:47 -0400] "GET /robots.txt HTTP/1.1" 200 6480 "-" "Mozilla/5.0 (compatible; SemrushBot/7~bl; +http://www.semrush.com/bot.html)"
185.191.171.42 - - [11/Jul/2021:02:13:48 -0400] "GET /2020/06/06/ HTTP/1.1" 200 18322 "-" "Mozilla/5.0 (compatible; SemrushBot/7~bl; +http://www.semrush.com/bot.html)"
204.48.19.85 - - [11/Jul/2021:02:15:15 -0400] "GET / HTTP/1.1" 200 19815 "https://ajhydell.com/" "WordPress/5.7.2; https://ajhydell.com"
204.48.19.85 - - [11/Jul/2021:02:15:14 -0400] "POST /wp-cron.php?doing_wp_cron=1625984114.7790250778198242187500 HTTP/1.1" 200 6295 "https://ajhydell.com/wp-cron.php?doing_wp_cron=1625984114.7790250778198242187500" "WordPress/5.7.2; https://ajhydell.com"
114.119.158.133 - - [11/Jul/2021:02:15:14 -0400] "GET /page/76/ HTTP/1.1" 200 19706 "-" "Mozilla/5.0 (Linux; Android 7.0;) AppleWebKit/537.36 (KHTML, like Gecko) Mobile Safari/537.36 (compatible; PetalBot;+https://webmaster.petalsearch.com/site/petalbot)"
157.55.39.62 - - [11/Jul/2021:02:15:36 -0400] "GET /2020/02/07/the-crew-of-the-italian-heavy-cruiser-zara-c-1940-1941-791-x-548/ HTTP/1.1" 200 18374 "-" "Mozilla/5.0 (compatible; bingbot/2.0; +http://www.bing.com/bingbot.htm)"
204.48.19.85 - - [11/Jul/2021:02:17:03 -0400] "POST /wp-cron.php?doing_wp_cron=1625984223.9520978927612304687500 HTTP/1.1" 200 6295 "https://ajhydell.com/wp-cron.php?doing_wp_cron=1625984223.9520978927612304687500" "WordPress/5.7.2; https://ajhydell.com"
114.119.151.146 - - [11/Jul/2021:02:17:03 -0400] "GET /2020/09/21/ad-for-goobers-ragtime-in-plattsburgh-ny-september-11-1980 HTTP/1.1" 301 5821 "-" "Mozilla/5.0 (Linux; Android 7.0;) AppleWebKit/537.36 (KHTML, like Gecko) Mobile Safari/537.36 (compatible; PetalBot;+https://webmaster.petalsearch.com/site/petalbot)"
114.119.151.146 - - [11/Jul/2021:02:17:04 -0400] "GET /2020/09/21/ad-for-goobers-ragtime-in-plattsburgh-ny-september-11-1980/ HTTP/1.1" 200 12937 "-" "Mozilla/5.0 (Linux; Android 7.0;) AppleWebKit/537.36 (KHTML, like Gecko) Mobile Safari/537.36 (compatible; PetalBot;+https://webmaster.petalsearch.com/site/petalbot)"
54.36.148.117 - - [11/Jul/2021:02:17:09 -0400] "GET /2018/08/10/construction-of-uss-shenandoah-zr-1-at-naval-air-station-lakehurst-new-jersey-29-may-1923/ HTTP/1.1" 200 18412 "-" "Mozilla/5.0 (compatible; AhrefsBot/7.0; +http://ahrefs.com/robot/)"
118.184.177.66 - - [11/Jul/2021:02:17:19 -0400] "GET / HTTP/1.1" 200 19797 "-" "Sogou web spider/4.0(+http://www.sogou.com/docs/help/webmasters.htm#07)"
204.48.19.85 - - [11/Jul/2021:02:18:05 -0400] "POST /wp-cron.php?doing_wp_cron=1625984285.6017820835113525390625 HTTP/1.1" 200 6295 "https://ajhydell.com/wp-cron.php?doing_wp_cron=1625984285.6017820835113525390625" "WordPress/5.7.2; https://ajhydell.com"
114.119.143.168 - - [11/Jul/2021:02:18:05 -0400] "GET /2018/10/16/french-soldiers-on-the-maginot-line-1939 HTTP/1.1" 301 5803 "-" "Mozilla/5.0 (Linux; Android 7.0;) AppleWebKit/537.36 (KHTML, like Gecko) Mobile Safari/537.36 (compatible; PetalBot;+https://webmaster.petalsearch.com/site/petalbot)"
114.119.143.168 - - [11/Jul/2021:02:18:06 -0400] "GET /2018/10/16/french-soldiers-on-the-maginot-line-1939/ HTTP/1.1" 200 12804 "-" "Mozilla/5.0 (Linux; Android 7.0;) AppleWebKit/537.36 (KHTML, like Gecko) Mobile Safari/537.36 (compatible; PetalBot;+https://webmaster.petalsearch.com/site/petalbot)"
204.48.19.85 - - [11/Jul/2021:02:19:40 -0400] "POST /wp-cron.php?doing_wp_cron=1625984380.2972569465637207031250 HTTP/1.1" 200 6295 "https://ajhydell.com/wp-cron.php?doing_wp_cron=1625984380.2972569465637207031250" "WordPress/5.7.2; https://ajhydell.com"
114.119.143.210 - - [11/Jul/2021:02:19:40 -0400] "GET /2021/02/12/italic-styling-by-gf-studios-1958/ HTTP/1.1" 200 18075 "-" "Mozilla/5.0 (Linux; Android 7.0;) AppleWebKit/537.36 (KHTML, like Gecko) Mobile Safari/537.36 (compatible; PetalBot;+https://webmaster.petalsearch.com/site/petalbot)"
204.48.19.85 - - [11/Jul/2021:02:19:53 -0400] "POST /wp-cron.php?doing_wp_cron=1625984393.5979030132293701171875 HTTP/1.1" 200 6295 "https://ajhydell.com/wp-cron.php?doing_wp_cron=1625984393.5979030132293701171875" "WordPress/5.7.2; https://ajhydell.com"
66.249.66.134 - - [11/Jul/2021:02:19:53 -0400] "GET /2020/01/24/washington-post-cartoon-published-amidst-the-cuban-missile-crisis-1962/ HTTP/1.1" 200 18605 "-" "Mozilla/5.0 (compatible; Googlebot/2.1; +http://www.google.com/bot.html)"
207.46.13.137 - - [11/Jul/2021:02:20:42 -0400] "GET /wp-content/uploads/2018/11/picture-65-774x1024.jpg HTTP/1.1" 200 111258 "-" "Mozilla/5.0 (compatible; bingbot/2.0; +http://www.bing.com/bingbot.htm)"
207.46.13.70 - - [11/Jul/2021:02:20:52 -0400] "GET /wp-content/uploads/2020/01/picture-65-717x1024.jpg HTTP/1.1" 200 43258 "-" "Mozilla/5.0 (compatible; bingbot/2.0; +http://www.bing.com/bingbot.htm)"
204.48.19.85 - - [11/Jul/2021:02:21:25 -0400] "POST /wp-cron.php?doing_wp_cron=1625984485.7002830505371093750000 HTTP/1.1" 200 6295 "https://ajhydell.com/wp-cron.php?doing_wp_cron=1625984485.7002830505371093750000" "WordPress/5.7.2; https://ajhydell.com"
114.119.132.183 - - [11/Jul/2021:02:21:25 -0400] "GET /2018/08/13/sikh-soldiers-tying-a-turban-on-a-british-driver-1943/ HTTP/1.1" 200 17993 "-" "Mozilla/5.0 (Linux; Android 7.0;) AppleWebKit/537.36 (KHTML, like Gecko) Mobile Safari/537.36 (compatible; PetalBot;+https://webmaster.petalsearch.com/site/petalbot)"
207.46.13.54 - - [11/Jul/2021:02:21:43 -0400] "GET /wp-content/uploads/2020/03/picture-38.jpg HTTP/1.1" 200 332210 "-" "Mozilla/5.0 (compatible; bingbot/2.0; +http://www.bing.com/bingbot.htm)"
204.48.19.85 - - [11/Jul/2021:02:22:22 -0400] "POST /wp-cron.php?doing_wp_cron=1625984542.9014470577239990234375 HTTP/1.1" 200 6295 "https://ajhydell.com/wp-cron.php?doing_wp_cron=1625984542.9014470577239990234375" "WordPress/5.7.2; https://ajhydell.com"
114.119.143.210 - - [11/Jul/2021:02:22:22 -0400] "GET /2019/10/15/boys-workers-assemble-a-simplified-versions-of-the-maxim-machine-guns-in-the-besieged-leningrad-1942/ HTTP/1.1" 200 18118 "-" "Mozilla/5.0 (Linux; Android 7.0;) AppleWebKit/537.36 (KHTML, like Gecko) Mobile Safari/537.36 (compatible; PetalBot;+https://webmaster.petalsearch.com/site/petalbot)"
204.48.19.85 - - [11/Jul/2021:02:23:47 -0400] "POST /wp-cron.php?doing_wp_cron=1625984627.9615759849548339843750 HTTP/1.1" 200 6295 "https://ajhydell.com/wp-cron.php?doing_wp_cron=1625984627.9615759849548339843750" "WordPress/5.7.2; https://ajhydell.com"
207.46.13.147 - - [11/Jul/2021:02:23:47 -0400] "GET /2019/09/06/finnish-bristol-blenheim-getting-ready-for-takeoff-march-1944-500x332/ HTTP/1.1" 200 18218 "-" "Mozilla/5.0 (compatible; bingbot/2.0; +http://www.bing.com/bingbot.htm)"
54.36.148.117 - - [11/Jul/2021:02:24:30 -0400] "GET /2021/06/22/25-years-ago-yesterday-jurassic-park-the-ride-officially-opened-at-universal-studios-hollywood-here-steven-spielberg-and-jeff-goldblum-lift-the-torches-for-the-rides-grand-opening-on-june-21-19/ HTTP/1.1" 200 19113 "-" "Mozilla/5.0 (compatible; AhrefsBot/7.0; +http://ahrefs.com/robot/)"
204.48.19.85 - - [11/Jul/2021:02:24:50 -0400] "POST /wp-cron.php?doing_wp_cron=1625984690.8862340450286865234375 HTTP/1.1" 200 6295 "https://ajhydell.com/wp-cron.php?doing_wp_cron=1625984690.8862340450286865234375" "WordPress/5.7.2; https://ajhydell.com"
114.119.145.169 - - [11/Jul/2021:02:24:50 -0400] "GET /2018/11/27/a-us-marine-gives-a-cigarette-to-a-japanese-soldier-buried-in-the-sand-iwo-jima-1945-616x715 HTTP/1.1" 301 5855 "-" "Mozilla/5.0 (Linux; Android 7.0;) AppleWebKit/537.36 (KHTML, like Gecko) Mobile Safari/537.36 (compatible; PetalBot;+https://webmaster.petalsearch.com/site/petalbot)"
114.119.145.169 - - [11/Jul/2021:02:24:51 -0400] "GET /2018/11/27/a-us-marine-gives-a-cigarette-to-a-japanese-soldier-buried-in-the-sand-iwo-jima-1945-616x715/ HTTP/1.1" 200 13016 "-" "Mozilla/5.0 (Linux; Android 7.0;) AppleWebKit/537.36 (KHTML, like Gecko) Mobile Safari/537.36 (compatible; PetalBot;+https://webmaster.petalsearch.com/site/petalbot)"
49.7.20.68 - - [11/Jul/2021:02:24:53 -0400] "GET / HTTP/1.1" 200 19796 "-" "Sogou web spider/4.0(+http://www.sogou.com/docs/help/webmasters.htm#07)"
207.46.13.54 - - [11/Jul/2021:02:24:53 -0400] "GET /wp-content/uploads/2020/08/picture-14.jpg HTTP/1.1" 200 147188 "-" "Mozilla/5.0 (compatible; bingbot/2.0; +http://www.bing.com/bingbot.htm)"
204.48.19.85 - - [11/Jul/2021:02:26:47 -0400] "POST /wp-cron.php?doing_wp_cron=1625984807.3868069648742675781250 HTTP/1.1" 200 6295 "https://ajhydell.com/wp-cron.php?doing_wp_cron=1625984807.3868069648742675781250" "WordPress/5.7.2; https://ajhydell.com"
40.77.167.77 - - [11/Jul/2021:02:26:47 -0400] "GET /2021/02/05/magnifique-in-sink-erator-1960/ HTTP/1.1" 200 18226 "-" "Mozilla/5.0 (compatible; bingbot/2.0; +http://www.bing.com/bingbot.htm)"
40.77.167.81 - - [11/Jul/2021:02:27:03 -0400] "GET /wp-content/themes/royal-magazine/assets/libraries/magnific-popup/jquery.magnific-popup.min.js?ver=5.7.2 HTTP/1.1" 200 13424 "-" "Mozilla/5.0 (compatible; bingbot/2.0; +http://www.bing.com/bingbot.htm)"
66.249.66.134 - - [11/Jul/2021:02:27:13 -0400] "GET /robots.txt HTTP/1.1" 200 6517 "-" "Mozilla/5.0 (compatible; Googlebot/2.1; +http://www.google.com/bot.html)"
66.249.66.134 - - [11/Jul/2021:02:27:13 -0400] "GET /2018/11/15/red-army-soldiers-in-the-ruins-of-the-red-october-factory-stalingrad-1941/ HTTP/1.1" 200 18688 "-" "Mozilla/5.0 (compatible; Googlebot/2.1; +http://www.google.com/bot.html)"
204.48.19.85 - - [11/Jul/2021:02:28:29 -0400] "POST /wp-cron.php?doing_wp_cron=1625984909.4281289577484130859375 HTTP/1.1" 200 6295 "https://ajhydell.com/wp-cron.php?doing_wp_cron=1625984909.4281289577484130859375" "WordPress/5.7.2; https://ajhydell.com"
114.119.143.210 - - [11/Jul/2021:02:28:29 -0400] "GET /2021/01/25 HTTP/1.1" 301 5717 "-" "Mozilla/5.0 (Linux; Android 7.0;) AppleWebKit/537.36 (KHTML, like Gecko) Mobile Safari/537.36 (compatible; PetalBot;+https://webmaster.petalsearch.com/site/petalbot)"
185.191.171.36 - - [11/Jul/2021:02:28:30 -0400] "GET /2020/12/15/royal-worcester-and-bon-ton-corsets-1903/ HTTP/1.1" 200 18587 "-" "Mozilla/5.0 (compatible; SemrushBot/7~bl; +http://www.semrush.com/bot.html)"
114.119.143.210 - - [11/Jul/2021:02:28:30 -0400] "GET /2021/01/25/ HTTP/1.1" 200 12835 "-" "Mozilla/5.0 (Linux; Android 7.0;) AppleWebKit/537.36 (KHTML, like Gecko) Mobile Safari/537.36 (compatible; PetalBot;+https://webmaster.petalsearch.com/site/petalbot)"
204.48.19.85 - - [11/Jul/2021:02:28:53 -0400] "POST /wp-cron.php?doing_wp_cron=1625984933.8839828968048095703125 HTTP/1.1" 200 6295 "https://ajhydell.com/wp-cron.php?doing_wp_cron=1625984933.8839828968048095703125" "WordPress/5.7.2; https://ajhydell.com"
207.46.13.70 - - [11/Jul/2021:02:28:53 -0400] "GET /2021/05/20/winston-cigarettes-april-1972/ HTTP/1.1" 200 18133 "-" "Mozilla/5.0 (compatible; bingbot/2.0; +http://www.bing.com/bingbot.htm)"
114.119.143.210 - - [11/Jul/2021:02:29:03 -0400] "GET /2018/12/24/interesting-wwi-australian-propoganda-poster HTTP/1.1" 301 5807 "-" "Mozilla/5.0 (Linux; Android 7.0;) AppleWebKit/537.36 (KHTML, like Gecko) Mobile Safari/537.36 (compatible; PetalBot;+https://webmaster.petalsearch.com/site/petalbot)"
114.119.143.210 - - [11/Jul/2021:02:29:04 -0400] "GET /2018/12/24/interesting-wwi-australian-propoganda-poster/ HTTP/1.1" 200 12819 "-" "Mozilla/5.0 (Linux; Android 7.0;) AppleWebKit/537.36 (KHTML, like Gecko) Mobile Safari/537.36 (compatible; PetalBot;+https://webmaster.petalsearch.com/site/petalbot)"
66.249.66.132 - - [11/Jul/2021:02:29:17 -0400] "GET /wp-content/uploads/2021/04/picture-62.jpg HTTP/1.1" 200 35891 "-" "Googlebot-Image/1.0"
217.236.234.80 - - [11/Jul/2021:02:30:17 -0400] "GET /wp-content/uploads/2019/02/picture-40.jpg HTTP/1.1" 200 37015 "https://yandex.com/images/touch/search?text=Girls%20in%20School%20Showers%201950s&wp=off&p=3&pos=55&rpt=simage&img_url=https%3A%2F%2Fmedia.gettyimages.com%2Fphotos%2F3rd-november-1933-boys-of-tollgate-school-in-the-changing-cubicles-picture-id3069691" "Mozilla/5.0 (Linux; Android 11; SAMSUNG SM-G986B) AppleWebKit/537.36 (KHTML, like Gecko) SamsungBrowser/14.2 Chrome/87.0.4280.141 Mobile Safari/537.36"
204.48.19.85 - - [11/Jul/2021:02:30:30 -0400] "POST /wp-cron.php?doing_wp_cron=1625985030.1147639751434326171875 HTTP/1.1" 200 6295 "https://ajhydell.com/wp-cron.php?doing_wp_cron=1625985030.1147639751434326171875" "WordPress/5.7.2; https://ajhydell.com"
114.119.138.170 - - [11/Jul/2021:02:30:30 -0400] "GET /2018/10/13/shell-shocked-us-marine-vietnam-hue-1968/ HTTP/1.1" 200 18037 "-" "Mozilla/5.0 (Linux; Android 7.0;) AppleWebKit/537.36 (KHTML, like Gecko) Mobile Safari/537.36 (compatible; PetalBot;+https://webmaster.petalsearch.com/site/petalbot)"
66.249.66.134 - - [11/Jul/2021:02:30:30 -0400] "GET /2021/04/11/kraft-taco-dressing-1984/ HTTP/1.1" 200 18665 "-" "Mozilla/5.0 (Linux; Android 6.0.1; Nexus 5X Build/MMB29P) AppleWebKit/537.36 (KHTML, like Gecko) Chrome/91.0.4472.90 Mobile Safari/537.36 (compatible; Googlebot/2.1; +http://www.google.com/bot.html)"
5.255.253.148 - - [11/Jul/2021:02:30:35 -0400] "GET /2018/09/15/cooks-of-the-2nd-australian-battalion-preparing-bully-beef-rissoles-for-the-evening-meal-ypres-wwi/ HTTP/1.1" 200 18885 "-" "Mozilla/5.0 (compatible; YandexBot/3.0; +http://yandex.com/bots)"
157.55.39.62 - - [11/Jul/2021:02:30:37 -0400] "GET /2020/01/07/a-german-messerschmitt-me-262-flashes-through-the-frame-of-an-american-p-51-mustang-gun-camera-1945-1000-x-797/ HTTP/1.1" 200 18300 "-" "Mozilla/5.0 (compatible; bingbot/2.0; +http://www.bing.com/bingbot.htm)"
192.241.201.68 - - [11/Jul/2021:02:30:40 -0400] "GET / HTTP/1.1" 200 19650 "-" "Mozilla/5.0 zgrab/0.x"
204.48.19.85 - - [11/Jul/2021:02:30:51 -0400] "POST /wp-cron.php?doing_wp_cron=1625985051.5577080249786376953125 HTTP/1.1" 200 6295 "https://ajhydell.com/wp-cron.php?doing_wp_cron=1625985051.5577080249786376953125" "WordPress/5.7.2; https://ajhydell.com"
107.77.228.208 - - [11/Jul/2021:02:30:51 -0400] "GET / HTTP/1.1" 200 20352 "-" "Mozilla/5.0 (iPhone; CPU iPhone OS 14_6 like Mac OS X) AppleWebKit/605.1.15 (KHTML, like Gecko) Version/14.1.1 Mobile/15E148 Safari/604.1"
107.77.228.208 - - [11/Jul/2021:02:30:52 -0400] "GET /wp-content/plugins/add-expires-headers/cache/0/com/processed-header-f16a8d323e83e1bc1b76514e283fb81b7090a959.min.css HTTP/1.1" 200 52771 "https://ajhydell.com/" "Mozilla/5.0 (iPhone; CPU iPhone OS 14_6 like Mac OS X) AppleWebKit/605.1.15 (KHTML, like Gecko) Version/14.1.1 Mobile/15E148 Safari/604.1"
107.77.228.208 - - [11/Jul/2021:02:30:52 -0400] "GET /wp-content/themes/royal-magazine/assets/libraries/slick/js/slick.min.js?ver=5.7.2 HTTP/1.1" 200 10690 "https://ajhydell.com/" "Mozilla/5.0 (iPhone; CPU iPhone OS 14_6 like Mac OS X) AppleWebKit/605.1.15 (KHTML, like Gecko) Version/14.1.1 Mobile/15E148 Safari/604.1"
107.77.228.208 - - [11/Jul/2021:02:30:52 -0400] "GET /wp-content/themes/royal-magazine/js/navigation.js?ver=20151215 HTTP/1.1" 200 7375 "https://ajhydell.com/" "Mozilla/5.0 (iPhone; CPU iPhone OS 14_6 like Mac OS X) AppleWebKit/605.1.15 (KHTML, like Gecko) Version/14.1.1 Mobile/15E148 Safari/604.1"
107.77.228.208 - - [11/Jul/2021:02:30:52 -0400] "GET /wp-content/themes/royal-magazine/assets/libraries/marquee/jquery.marquee.js?ver=5.7.2 HTTP/1.1" 200 5071 "https://ajhydell.com/" "Mozilla/5.0 (iPhone; CPU iPhone OS 14_6 like Mac OS X) AppleWebKit/605.1.15 (KHTML, like Gecko) Version/14.1.1 Mobile/15E148 Safari/604.1"
107.77.228.208 - - [11/Jul/2021:02:30:52 -0400] "GET /wp-content/plugins/google-analytics-for-wordpress/assets/js/frontend-gtag.min.js?ver=7.17.0 HTTP/1.1" 200 9333 "https://ajhydell.com/" "Mozilla/5.0 (iPhone; CPU iPhone OS 14_6 like Mac OS X) AppleWebKit/605.1.15 (KHTML, like Gecko) Version/14.1.1 Mobile/15E148 Safari/604.1"
107.77.228.208 - - [11/Jul/2021:02:30:52 -0400] "GET /wp-includes/js/jquery/jquery.min.js?ver=3.5.1 HTTP/1.1" 200 37516 "https://ajhydell.com/" "Mozilla/5.0 (iPhone; CPU iPhone OS 14_6 like Mac OS X) AppleWebKit/605.1.15 (KHTML, like Gecko) Version/14.1.1 Mobile/15E148 Safari/604.1"
107.77.228.208 - - [11/Jul/2021:02:30:52 -0400] "GET /wp-content/plugins/facebook-pagelike-widget/fb.js?ver=1.0 HTTP/1.1" 200 810 "https://ajhydell.com/" "Mozilla/5.0 (iPhone; CPU iPhone OS 14_6 like Mac OS X) AppleWebKit/605.1.15 (KHTML, like Gecko) Version/14.1.1 Mobile/15E148 Safari/604.1"
107.77.228.208 - - [11/Jul/2021:02:30:52 -0400] "GET /wp-includes/js/wp-emoji-release.min.js?ver=5.7.2 HTTP/1.1" 200 5152 "https://ajhydell.com/" "Mozilla/5.0 (iPhone; CPU iPhone OS 14_6 like Mac OS X) AppleWebKit/605.1.15 (KHTML, like Gecko) Version/14.1.1 Mobile/15E148 Safari/604.1"
107.77.228.208 - - [11/Jul/2021:02:30:52 -0400] "GET /wp-content/uploads/2021/07/picture-46-736x600.jpg HTTP/1.1" 200 73248 "https://ajhydell.com/" "Mozilla/5.0 (iPhone; CPU iPhone OS 14_6 like Mac OS X) AppleWebKit/605.1.15 (KHTML, like Gecko) Version/14.1.1 Mobile/15E148 Safari/604.1"
107.77.228.208 - - [11/Jul/2021:02:30:52 -0400] "GET /wp-content/uploads/2021/07/picture-43-730x600.jpg HTTP/1.1" 200 111155 "https://ajhydell.com/" "Mozilla/5.0 (iPhone; CPU iPhone OS 14_6 like Mac OS X) AppleWebKit/605.1.15 (KHTML, like Gecko) Version/14.1.1 Mobile/15E148 Safari/604.1"
107.77.228.208 - - [11/Jul/2021:02:30:52 -0400] "GET /wp-content/uploads/2021/07/picture-44-920x600.jpg HTTP/1.1" 200 113089 "https://ajhydell.com/" "Mozilla/5.0 (iPhone; CPU iPhone OS 14_6 like Mac OS X) AppleWebKit/605.1.15 (KHTML, like Gecko) Version/14.1.1 Mobile/15E148 Safari/604.1"
107.77.228.208 - - [11/Jul/2021:02:30:52 -0400] "GET /wp-content/uploads/2021/07/picture-45-1140x600.jpg HTTP/1.1" 200 157571 "https://ajhydell.com/" "Mozilla/5.0 (iPhone; CPU iPhone OS 14_6 like Mac OS X) AppleWebKit/605.1.15 (KHTML, like Gecko) Version/14.1.1 Mobile/15E148 Safari/604.1"
107.77.228.208 - - [11/Jul/2021:02:30:53 -0400] "GET /wp-content/uploads/2018/08/cropped-logo-192x192.jpg HTTP/1.1" 200 15798 "https://ajhydell.com/" "Mozilla/5.0 (iPhone; CPU iPhone OS 14_6 like Mac OS X) AppleWebKit/605.1.15 (KHTML, like Gecko) Version/14.1.1 Mobile/15E148 Safari/604.1"
107.77.228.208 - - [11/Jul/2021:02:30:54 -0400] "GET /wp-content/uploads/2018/08/cropped-logo-32x32.jpg HTTP/1.1" 200 7356 "https://ajhydell.com/" "Mozilla/5.0 (iPhone; CPU iPhone OS 14_6 like Mac OS X) AppleWebKit/605.1.15 (KHTML, like Gecko) Version/14.1.1 Mobile/15E148 Safari/604.1"
66.249.92.73 - - [11/Jul/2021:02:31:14 -0400] "GET / HTTP/1.1" 200 20306 "-" "Mediapartners-Google"
54.36.148.117 - - [11/Jul/2021:02:31:30 -0400] "GET /2020/06/27/to-humane-democratic-socialism-ussr-1985/ HTTP/1.1" 200 18686 "-" "Mozilla/5.0 (compatible; AhrefsBot/7.0; +http://ahrefs.com/robot/)"
114.119.138.170 - - [11/Jul/2021:02:31:44 -0400] "GET /2019/10/31/the-gay-lothario-of-europe-russia-1897 HTTP/1.1" 301 5801 "-" "Mozilla/5.0 (Linux; Android 7.0;) AppleWebKit/537.36 (KHTML, like Gecko) Mobile Safari/537.36 (compatible; PetalBot;+https://webmaster.petalsearch.com/site/petalbot)"
204.48.19.85 - - [11/Jul/2021:02:31:45 -0400] "POST /wp-cron.php?doing_wp_cron=1625985105.4691679477691650390625 HTTP/1.1" 200 6295 "https://ajhydell.com/wp-cron.php?doing_wp_cron=1625985105.4691679477691650390625" "WordPress/5.7.2; https://ajhydell.com"
114.119.138.170 - - [11/Jul/2021:02:31:45 -0400] "GET /2019/10/31/the-gay-lothario-of-europe-russia-1897/ HTTP/1.1" 200 12757 "-" "Mozilla/5.0 (Linux; Android 7.0;) AppleWebKit/537.36 (KHTML, like Gecko) Mobile Safari/537.36 (compatible; PetalBot;+https://webmaster.petalsearch.com/site/petalbot)"
66.249.66.132 - - [11/Jul/2021:02:32:26 -0400] "GET /feed/ HTTP/1.1" 200 8306 "-" "Mozilla/5.0 (compatible; Googlebot/2.1; +http://www.google.com/bot.html)"
204.48.19.85 - - [11/Jul/2021:02:32:59 -0400] "POST /wp-cron.php?doing_wp_cron=1625985179.2030050754547119140625 HTTP/1.1" 200 6295 "https://ajhydell.com/wp-cron.php?doing_wp_cron=1625985179.2030050754547119140625" "WordPress/5.7.2; https://ajhydell.com"
114.119.158.133 - - [11/Jul/2021:02:32:59 -0400] "GET /2021/02/25/nurse-eunice-rivers-taking-a-blood-sample-from-an-unwitting-participant-of-the-tuskegee-syphilis-study-circa-1953-2354-x-1595/ HTTP/1.1" 200 18180 "-" "Mozilla/5.0 (Linux; Android 7.0;) AppleWebKit/537.36 (KHTML, like Gecko) Mobile Safari/537.36 (compatible; PetalBot;+https://webmaster.petalsearch.com/site/petalbot)"
204.48.19.85 - - [11/Jul/2021:02:34:52 -0400] "POST /wp-cron.php?doing_wp_cron=1625985292.3405818939208984375000 HTTP/1.1" 200 6295 "https://ajhydell.com/wp-cron.php?doing_wp_cron=1625985292.3405818939208984375000" "WordPress/5.7.2; https://ajhydell.com"
17.121.112.155 - - [11/Jul/2021:02:34:52 -0400] "GET /2021/06/30/soviet-soldiers-celebrate-returning-home-alive-1945-700x960/ HTTP/1.1" 200 18118 "-" "Mozilla/5.0 (Macintosh; Intel Mac OS X 10_15_5) AppleWebKit/605.1.15 (KHTML, like Gecko) Version/13.1.1 Safari/605.1.15 (Applebot/0.1; +http://www.apple.com/go/applebot)"
204.48.19.85 - - [11/Jul/2021:02:36:22 -0400] "POST /wp-cron.php?doing_wp_cron=1625985382.2951180934906005859375 HTTP/1.1" 200 6295 "https://ajhydell.com/wp-cron.php?doing_wp_cron=1625985382.2951180934906005859375" "WordPress/5.7.2; https://ajhydell.com"
114.119.151.93 - - [11/Jul/2021:02:36:22 -0400] "GET /2020/03/13/west-germans-face-east-german-border-guards-at-the-brandenburg-gate-1989-1181-x-790 HTTP/1.1" 301 5846 "-" "Mozilla/5.0 (Linux; Android 7.0;) AppleWebKit/537.36 (KHTML, like Gecko) Mobile Safari/537.36 (compatible; PetalBot;+https://webmaster.petalsearch.com/site/petalbot)"
114.119.151.93 - - [11/Jul/2021:02:36:23 -0400] "GET /2020/03/13/west-germans-face-east-german-border-guards-at-the-brandenburg-gate-1989-1181-x-790/ HTTP/1.1" 200 12831 "-" "Mozilla/5.0 (Linux; Android 7.0;) AppleWebKit/537.36 (KHTML, like Gecko) Mobile Safari/537.36 (compatible; PetalBot;+https://webmaster.petalsearch.com/site/petalbot)"
114.119.158.133 - - [11/Jul/2021:02:36:31 -0400] "GET /2018/08/27/muhammad-ali-knocks-out-cleveland-williams-in-3-rounds-in-houston-texas-on-november-14-1966-1252x1252 HTTP/1.1" 301 5864 "-" "Mozilla/5.0 (Linux; Android 7.0;) AppleWebKit/537.36 (KHTML, like Gecko) Mobile Safari/537.36 (compatible; PetalBot;+https://webmaster.petalsearch.com/site/petalbot)"
216.244.66.250 - - [11/Jul/2021:02:36:32 -0400] "GET /robots.txt HTTP/1.1" 301 529 "-" "Mozilla/5.0 (compatible; DotBot/1.2; +https://opensiteexplorer.org/dotbot; help@moz.com)"
114.119.158.133 - - [11/Jul/2021:02:36:32 -0400] "GET /2018/08/27/muhammad-ali-knocks-out-cleveland-williams-in-3-rounds-in-houston-texas-on-november-14-1966-1252x1252/ HTTP/1.1" 200 12932 "-" "Mozilla/5.0 (Linux; Android 7.0;) AppleWebKit/537.36 (KHTML, like Gecko) Mobile Safari/537.36 (compatible; PetalBot;+https://webmaster.petalsearch.com/site/petalbot)"
216.244.66.250 - - [11/Jul/2021:02:36:33 -0400] "GET /robots.txt HTTP/1.1" 200 5859 "-" "Mozilla/5.0 (compatible; DotBot/1.2; +https://opensiteexplorer.org/dotbot; help@moz.com)"
204.48.19.85 - - [11/Jul/2021:02:38:14 -0400] "POST /wp-cron.php?doing_wp_cron=1625985494.0669898986816406250000 HTTP/1.1" 200 6295 "https://ajhydell.com/wp-cron.php?doing_wp_cron=1625985494.0669898986816406250000" "WordPress/5.7.2; https://ajhydell.com"
114.119.151.146 - - [11/Jul/2021:02:38:14 -0400] "GET /2020/09/29/1967-adult-entertainment-ad-in-a-kansas-city-as-official-score-book/ HTTP/1.1" 200 18226 "-" "Mozilla/5.0 (Linux; Android 7.0;) AppleWebKit/537.36 (KHTML, like Gecko) Mobile Safari/537.36 (compatible; PetalBot;+https://webmaster.petalsearch.com/site/petalbot)"
54.198.46.51 - - [11/Jul/2021:02:38:26 -0400] "GET /robots.txt HTTP/1.1" 200 5864 "https://www.google.com/" "Mozilla/5.0 (Macintosh; Intel Mac OS X 10_15_7) AppleWebKit/537.36 (KHTML, like Gecko) Chrome/90.0.4430.212 Safari/537.36"
54.198.46.51 - - [11/Jul/2021:02:38:26 -0400] "GET /feed HTTP/1.1" 301 5846 "-" "Rome Client (http://tinyurl.com/64t5n) Ver: UNKNOWN"
54.198.46.51 - - [11/Jul/2021:02:38:26 -0400] "GET /feed/ HTTP/1.1" 200 2769 "-" "Rome Client (http://tinyurl.com/64t5n) Ver: UNKNOWN"
204.48.19.85 - - [11/Jul/2021:02:40:15 -0400] "POST /wp-cron.php?doing_wp_cron=1625985615.1846790313720703125000 HTTP/1.1" 200 6295 "https://ajhydell.com/wp-cron.php?doing_wp_cron=1625985615.1846790313720703125000" "WordPress/5.7.2; https://ajhydell.com"
114.119.151.93 - - [11/Jul/2021:02:40:15 -0400] "GET /2019/page/48 HTTP/1.1" 301 5719 "-" "Mozilla/5.0 (Linux; Android 7.0;) AppleWebKit/537.36 (KHTML, like Gecko) Mobile Safari/537.36 (compatible; PetalBot;+https://webmaster.petalsearch.com/site/petalbot)"
114.119.151.93 - - [11/Jul/2021:02:40:16 -0400] "GET /2019/page/48/ HTTP/1.1" 200 14140 "-" "Mozilla/5.0 (Linux; Android 7.0;) AppleWebKit/537.36 (KHTML, like Gecko) Mobile Safari/537.36 (compatible; PetalBot;+https://webmaster.petalsearch.com/site/petalbot)"
