204.48.19.85 - - [01/Jul/2021:07:27:15 -0400] "POST /wp-cron.php?doing_wp_cron=1625138835.5259749889373779296875 HTTP/1.1" 200 5463 "https://ajhydell.com/wp-cron.php?doing_wp_cron=1625138835.5259749889373779296875" "WordPress/5.7.2; https://ajhydell.com"
78.55.199.210 - - [01/Jul/2021:07:27:15 -0400] "GET /2020/01/06/a-captured-teenage-german-soldier-cries-as-he-is-treated-for-his-wounds-by-an-american-soldier-as-they-wait-for-a-medic-to-arrive-cherbourg-france-1944/ HTTP/1.1" 200 18443 "https://www.ecosia.org/" "Mozilla/5.0 (Linux; Android 10; LM-X540) AppleWebKit/537.36 (KHTML, like Gecko) Chrome/88.0.4324.181 Mobile Safari/537.36 (Ecosia android@88.0.4324.181)"
78.55.199.210 - - [01/Jul/2021:07:27:15 -0400] "GET /wp-content/plugins/add-expires-headers/cache/0/com/processed-header-f16a8d323e83e1bc1b76514e283fb81b7090a959.min.css HTTP/1.1" 200 52771 "https://ajhydell.com/2020/01/06/a-captured-teenage-german-soldier-cries-as-he-is-treated-for-his-wounds-by-an-american-soldier-as-they-wait-for-a-medic-to-arrive-cherbourg-france-1944/" "Mozilla/5.0 (Linux; Android 10; LM-X540) AppleWebKit/537.36 (KHTML, like Gecko) Chrome/88.0.4324.181 Mobile Safari/537.36 (Ecosia android@88.0.4324.181)"
78.55.199.210 - - [01/Jul/2021:07:27:16 -0400] "GET /wp-content/plugins/google-analytics-for-wordpress/assets/js/frontend-gtag.min.js?ver=7.17.0 HTTP/1.1" 200 8501 "https://ajhydell.com/2020/01/06/a-captured-teenage-german-soldier-cries-as-he-is-treated-for-his-wounds-by-an-american-soldier-as-they-wait-for-a-medic-to-arrive-cherbourg-france-1944/" "Mozilla/5.0 (Linux; Android 10; LM-X540) AppleWebKit/537.36 (KHTML, like Gecko) Chrome/88.0.4324.181 Mobile Safari/537.36 (Ecosia android@88.0.4324.181)"
78.55.199.210 - - [01/Jul/2021:07:27:16 -0400] "GET /wp-includes/js/jquery/jquery.min.js?ver=3.5.1 HTTP/1.1" 200 36684 "https://ajhydell.com/2020/01/06/a-captured-teenage-german-soldier-cries-as-he-is-treated-for-his-wounds-by-an-american-soldier-as-they-wait-for-a-medic-to-arrive-cherbourg-france-1944/" "Mozilla/5.0 (Linux; Android 10; LM-X540) AppleWebKit/537.36 (KHTML, like Gecko) Chrome/88.0.4324.181 Mobile Safari/537.36 (Ecosia android@88.0.4324.181)"
78.55.199.210 - - [01/Jul/2021:07:27:16 -0400] "GET /wp-includes/js/jquery/jquery-migrate.min.js?ver=3.3.2 HTTP/1.1" 200 4659 "https://ajhydell.com/2020/01/06/a-captured-teenage-german-soldier-cries-as-he-is-treated-for-his-wounds-by-an-american-soldier-as-they-wait-for-a-medic-to-arrive-cherbourg-france-1944/" "Mozilla/5.0 (Linux; Android 10; LM-X540) AppleWebKit/537.36 (KHTML, like Gecko) Chrome/88.0.4324.181 Mobile Safari/537.36 (Ecosia android@88.0.4324.181)"
78.55.199.210 - - [01/Jul/2021:07:27:16 -0400] "GET /wp-content/plugins/wp-smushit/app/assets/js/smush-lazy-load.min.js?ver=3.8.7 HTTP/1.1" 200 4174 "https://ajhydell.com/2020/01/06/a-captured-teenage-german-soldier-cries-as-he-is-treated-for-his-wounds-by-an-american-soldier-as-they-wait-for-a-medic-to-arrive-cherbourg-france-1944/" "Mozilla/5.0 (Linux; Android 10; LM-X540) AppleWebKit/537.36 (KHTML, like Gecko) Chrome/88.0.4324.181 Mobile Safari/537.36 (Ecosia android@88.0.4324.181)"
78.55.199.210 - - [01/Jul/2021:07:27:16 -0400] "GET /wp-content/themes/royal-magazine/js/navigation.js?ver=20151215 HTTP/1.1" 200 1333 "https://ajhydell.com/2020/01/06/a-captured-teenage-german-soldier-cries-as-he-is-treated-for-his-wounds-by-an-american-soldier-as-they-wait-for-a-medic-to-arrive-cherbourg-france-1944/" "Mozilla/5.0 (Linux; Android 10; LM-X540) AppleWebKit/537.36 (KHTML, like Gecko) Chrome/88.0.4324.181 Mobile Safari/537.36 (Ecosia android@88.0.4324.181)"
78.55.199.210 - - [01/Jul/2021:07:27:16 -0400] "GET /wp-content/themes/royal-magazine/js/skip-link-focus-fix.js?ver=20151215 HTTP/1.1" 200 924 "https://ajhydell.com/2020/01/06/a-captured-teenage-german-soldier-cries-as-he-is-treated-for-his-wounds-by-an-american-soldier-as-they-wait-for-a-medic-to-arrive-cherbourg-france-1944/" "Mozilla/5.0 (Linux; Android 10; LM-X540) AppleWebKit/537.36 (KHTML, like Gecko) Chrome/88.0.4324.181 Mobile Safari/537.36 (Ecosia android@88.0.4324.181)"
78.55.199.210 - - [01/Jul/2021:07:27:16 -0400] "GET /wp-content/themes/royal-magazine/assets/libraries/slick/js/slick.min.js?ver=5.7.2 HTTP/1.1" 200 10690 "https://ajhydell.com/2020/01/06/a-captured-teenage-german-soldier-cries-as-he-is-treated-for-his-wounds-by-an-american-soldier-as-they-wait-for-a-medic-to-arrive-cherbourg-france-1944/" "Mozilla/5.0 (Linux; Android 10; LM-X540) AppleWebKit/537.36 (KHTML, like Gecko) Chrome/88.0.4324.181 Mobile Safari/537.36 (Ecosia android@88.0.4324.181)"
78.55.199.210 - - [01/Jul/2021:07:27:16 -0400] "GET /wp-content/themes/royal-magazine/assets/libraries/bootstrap/js/bootstrap.min.js?ver=5.7.2 HTTP/1.1" 200 10350 "https://ajhydell.com/2020/01/06/a-captured-teenage-german-soldier-cries-as-he-is-treated-for-his-wounds-by-an-american-soldier-as-they-wait-for-a-medic-to-arrive-cherbourg-france-1944/" "Mozilla/5.0 (Linux; Android 10; LM-X540) AppleWebKit/537.36 (KHTML, like Gecko) Chrome/88.0.4324.181 Mobile Safari/537.36 (Ecosia android@88.0.4324.181)"
78.55.199.210 - - [01/Jul/2021:07:27:17 -0400] "GET /wp-content/themes/royal-magazine/assets/libraries/ionicons/fonts/ionicons.ttf HTTP/1.1" 200 189155 "https://ajhydell.com/wp-content/plugins/add-expires-headers/cache/0/com/processed-header-f16a8d323e83e1bc1b76514e283fb81b7090a959.min.css" "Mozilla/5.0 (Linux; Android 10; LM-X540) AppleWebKit/537.36 (KHTML, like Gecko) Chrome/88.0.4324.181 Mobile Safari/537.36 (Ecosia android@88.0.4324.181)"
78.55.199.210 - - [01/Jul/2021:07:27:17 -0400] "GET /wp-content/themes/royal-magazine/assets/libraries/marquee/jquery.marquee.js?ver=5.7.2 HTTP/1.1" 200 5071 "https://ajhydell.com/2020/01/06/a-captured-teenage-german-soldier-cries-as-he-is-treated-for-his-wounds-by-an-american-soldier-as-they-wait-for-a-medic-to-arrive-cherbourg-france-1944/" "Mozilla/5.0 (Linux; Android 10; LM-X540) AppleWebKit/537.36 (KHTML, like Gecko) Chrome/88.0.4324.181 Mobile Safari/537.36 (Ecosia android@88.0.4324.181)"
78.55.199.210 - - [01/Jul/2021:07:27:17 -0400] "GET /wp-content/themes/royal-magazine/assets/libraries/theiaStickySidebar/theia-sticky-sidebar.min.js?ver=5.7.2 HTTP/1.1" 200 2236 "https://ajhydell.com/2020/01/06/a-captured-teenage-german-soldier-cries-as-he-is-treated-for-his-wounds-by-an-american-soldier-as-they-wait-for-a-medic-to-arrive-cherbourg-france-1944/" "Mozilla/5.0 (Linux; Android 10; LM-X540) AppleWebKit/537.36 (KHTML, like Gecko) Chrome/88.0.4324.181 Mobile Safari/537.36 (Ecosia android@88.0.4324.181)"
78.55.199.210 - - [01/Jul/2021:07:27:17 -0400] "GET /wp-content/themes/royal-magazine/assets/libraries/magnific-popup/jquery.magnific-popup.min.js?ver=5.7.2 HTTP/1.1" 200 7838 "https://ajhydell.com/2020/01/06/a-captured-teenage-german-soldier-cries-as-he-is-treated-for-his-wounds-by-an-american-soldier-as-they-wait-for-a-medic-to-arrive-cherbourg-france-1944/" "Mozilla/5.0 (Linux; Android 10; LM-X540) AppleWebKit/537.36 (KHTML, like Gecko) Chrome/88.0.4324.181 Mobile Safari/537.36 (Ecosia android@88.0.4324.181)"
78.55.199.210 - - [01/Jul/2021:07:27:17 -0400] "GET /wp-content/themes/royal-magazine/assets/twp/js/custom-script.js?ver=5.7.2 HTTP/1.1" 200 2995 "https://ajhydell.com/2020/01/06/a-captured-teenage-german-soldier-cries-as-he-is-treated-for-his-wounds-by-an-american-soldier-as-they-wait-for-a-medic-to-arrive-cherbourg-france-1944/" "Mozilla/5.0 (Linux; Android 10; LM-X540) AppleWebKit/537.36 (KHTML, like Gecko) Chrome/88.0.4324.181 Mobile Safari/537.36 (Ecosia android@88.0.4324.181)"
78.55.199.210 - - [01/Jul/2021:07:27:17 -0400] "GET /wp-includes/js/wp-embed.min.js?ver=5.7.2 HTTP/1.1" 200 1209 "https://ajhydell.com/2020/01/06/a-captured-teenage-german-soldier-cries-as-he-is-treated-for-his-wounds-by-an-american-soldier-as-they-wait-for-a-medic-to-arrive-cherbourg-france-1944/" "Mozilla/5.0 (Linux; Android 10; LM-X540) AppleWebKit/537.36 (KHTML, like Gecko) Chrome/88.0.4324.181 Mobile Safari/537.36 (Ecosia android@88.0.4324.181)"
78.55.199.210 - - [01/Jul/2021:07:27:17 -0400] "GET /wp-content/plugins/facebook-pagelike-widget/fb.js?ver=1.0 HTTP/1.1" 200 810 "https://ajhydell.com/2020/01/06/a-captured-teenage-german-soldier-cries-as-he-is-treated-for-his-wounds-by-an-american-soldier-as-they-wait-for-a-medic-to-arrive-cherbourg-france-1944/" "Mozilla/5.0 (Linux; Android 10; LM-X540) AppleWebKit/537.36 (KHTML, like Gecko) Chrome/88.0.4324.181 Mobile Safari/537.36 (Ecosia android@88.0.4324.181)"
78.55.199.210 - - [01/Jul/2021:07:27:18 -0400] "GET /wp-includes/js/wp-emoji-release.min.js?ver=5.7.2 HTTP/1.1" 200 5152 "https://ajhydell.com/2020/01/06/a-captured-teenage-german-soldier-cries-as-he-is-treated-for-his-wounds-by-an-american-soldier-as-they-wait-for-a-medic-to-arrive-cherbourg-france-1944/" "Mozilla/5.0 (Linux; Android 10; LM-X540) AppleWebKit/537.36 (KHTML, like Gecko) Chrome/88.0.4324.181 Mobile Safari/537.36 (Ecosia android@88.0.4324.181)"
78.55.199.210 - - [01/Jul/2021:07:27:22 -0400] "GET /wp-content/uploads/2018/08/cropped-logo-192x192.jpg HTTP/1.1" 200 9756 "https://ajhydell.com/2020/01/06/a-captured-teenage-german-soldier-cries-as-he-is-treated-for-his-wounds-by-an-american-soldier-as-they-wait-for-a-medic-to-arrive-cherbourg-france-1944/" "Mozilla/5.0 (Linux; Android 10; LM-X540) AppleWebKit/537.36 (KHTML, like Gecko) Chrome/88.0.4324.181 Mobile Safari/537.36 (Ecosia android@88.0.4324.181)"
78.55.199.210 - - [01/Jul/2021:07:27:22 -0400] "GET /wp-content/uploads/2018/08/cropped-logo-180x180.jpg HTTP/1.1" 200 9151 "https://ajhydell.com/2020/01/06/a-captured-teenage-german-soldier-cries-as-he-is-treated-for-his-wounds-by-an-american-soldier-as-they-wait-for-a-medic-to-arrive-cherbourg-france-1944/" "Mozilla/5.0 (Linux; Android 10; LM-X540) AppleWebKit/537.36 (KHTML, like Gecko) Chrome/88.0.4324.181 Mobile Safari/537.36 (Ecosia android@88.0.4324.181)"
204.48.19.85 - - [01/Jul/2021:07:27:59 -0400] "POST /wp-cron.php?doing_wp_cron=1625138879.2048840522766113281250 HTTP/1.1" 200 5463 "https://ajhydell.com/wp-cron.php?doing_wp_cron=1625138879.2048840522766113281250" "WordPress/5.7.2; https://ajhydell.com"
54.197.222.220 - - [01/Jul/2021:07:27:59 -0400] "GET /robots.txt HTTP/1.1" 200 5065 "-" "Mozilla/5.0 (compatible; proximic; +http://www.proximic.com/info/spider.php)"
54.197.222.220 - - [01/Jul/2021:07:27:59 -0400] "GET /ads.txt HTTP/1.1" 200 492 "-" "Mozilla/5.0 (compatible; proximic; +http://www.proximic.com/info/spider.php)"
66.249.66.132 - - [01/Jul/2021:07:28:10 -0400] "GET /feed/ HTTP/1.1" 200 7474 "-" "Mozilla/5.0 (compatible; Googlebot/2.1; +http://www.google.com/bot.html)"
78.55.199.210 - - [01/Jul/2021:07:28:17 -0400] "-" 408 559 "-" "-"
78.55.199.210 - - [01/Jul/2021:07:28:17 -0400] "-" 408 559 "-" "-"
185.191.171.11 - - [01/Jul/2021:07:28:17 -0400] "GET /2021/03/20/meet-the-night-witches-fearless-soviet-female-pilots-who-bombed-nazis-by-night-1941/ HTTP/1.1" 200 18091 "-" "Mozilla/5.0 (compatible; SemrushBot/7~bl; +http://www.semrush.com/bot.html)"
78.55.199.210 - - [01/Jul/2021:07:28:35 -0400] "GET /?wordfence_lh=1&hid=F491489A32A2CDB6BAA5E0AA1951C6A8&r=0.7471350033079749 HTTP/1.1" 200 906 "https://ajhydell.com/2020/01/06/a-captured-teenage-german-soldier-cries-as-he-is-treated-for-his-wounds-by-an-american-soldier-as-they-wait-for-a-medic-to-arrive-cherbourg-france-1944/" "Mozilla/5.0 (Linux; Android 10; LM-X540) AppleWebKit/537.36 (KHTML, like Gecko) Chrome/88.0.4324.181 Mobile Safari/537.36 (Ecosia android@88.0.4324.181)"
78.55.199.210 - - [01/Jul/2021:07:28:36 -0400] "GET /wp-content/uploads/2020/01/picture-16-768x808.jpg HTTP/1.1" 200 109078 "https://ajhydell.com/2020/01/06/a-captured-teenage-german-soldier-cries-as-he-is-treated-for-his-wounds-by-an-american-soldier-as-they-wait-for-a-medic-to-arrive-cherbourg-france-1944/" "Mozilla/5.0 (Linux; Android 10; LM-X540) AppleWebKit/537.36 (KHTML, like Gecko) Chrome/88.0.4324.181 Mobile Safari/537.36 (Ecosia android@88.0.4324.181)"
204.48.19.85 - - [01/Jul/2021:07:29:06 -0400] "POST /wp-cron.php?doing_wp_cron=1625138946.4063661098480224609375 HTTP/1.1" 200 5463 "https://ajhydell.com/wp-cron.php?doing_wp_cron=1625138946.4063661098480224609375" "WordPress/5.7.2; https://ajhydell.com"
207.46.13.151 - - [01/Jul/2021:07:29:06 -0400] "GET /2018/08/12/actresses-playing-mermaids-lounge-during-the-filming-of-peter-pan-1924-564648/ HTTP/1.1" 200 17600 "-" "Mozilla/5.0 (compatible; bingbot/2.0; +http://www.bing.com/bingbot.htm)"
157.55.39.57 - - [01/Jul/2021:07:29:29 -0400] "GET /wp-content/uploads/2018/10/picture-47.jpg HTTP/1.1" 200 911713 "-" "Mozilla/5.0 (compatible; bingbot/2.0; +http://www.bing.com/bingbot.htm)"
132.145.14.70 - - [01/Jul/2021:07:29:44 -0400] "GET /2020/01/06/a-captured-teenage-german-soldier-cries-as-he-is-treated-for-his-wounds-by-an-american-soldier-as-they-wait-for-a-medic-to-arrive-cherbourg-france-1944 HTTP/1.1" 301 493 "-" "Mozilla/5.0 (compatible; GrapeshotCrawler/2.0; +http://www.grapeshot.co.uk/crawler.php)"
132.145.14.70 - - [01/Jul/2021:07:29:44 -0400] "GET /2020/01/06/a-captured-teenage-german-soldier-cries-as-he-is-treated-for-his-wounds-by-an-american-soldier-as-they-wait-for-a-medic-to-arrive-cherbourg-france-1944 HTTP/1.1" 301 5059 "-" "Mozilla/5.0 (compatible; GrapeshotCrawler/2.0; +http://www.grapeshot.co.uk/crawler.php)"
204.48.19.85 - - [01/Jul/2021:07:29:45 -0400] "POST /wp-cron.php?doing_wp_cron=1625138985.0533230304718017578125 HTTP/1.1" 200 5463 "https://ajhydell.com/wp-cron.php?doing_wp_cron=1625138985.0533230304718017578125" "WordPress/5.7.2; https://ajhydell.com"
132.145.14.70 - - [01/Jul/2021:07:29:44 -0400] "GET /2020/01/06/a-captured-teenage-german-soldier-cries-as-he-is-treated-for-his-wounds-by-an-american-soldier-as-they-wait-for-a-medic-to-arrive-cherbourg-france-1944/ HTTP/1.1" 200 13207 "-" "Mozilla/5.0 (compatible; GrapeshotCrawler/2.0; +http://www.grapeshot.co.uk/crawler.php)"
132.145.14.70 - - [01/Jul/2021:07:29:45 -0400] "GET /2020/01/06/a-captured-teenage-german-soldier-cries-as-he-is-treated-for-his-wounds-by-an-american-soldier-as-they-wait-for-a-medic-to-arrive-cherbourg-france-1944/ HTTP/1.1" 200 17742 "-" "Mozilla/5.0 (compatible; GrapeshotCrawler/2.0; +http://www.grapeshot.co.uk/crawler.php)"
54.36.148.24 - - [01/Jul/2021:07:30:22 -0400] "GET /2020/04/16/german-sniper-squads-with-scoped-g43-rifles-of-the-fallschirm-panzer-division-1/ HTTP/1.1" 200 18111 "-" "Mozilla/5.0 (compatible; AhrefsBot/7.0; +http://ahrefs.com/robot/)"
40.77.167.20 - - [01/Jul/2021:07:34:15 -0400] "GET /wp-content/uploads/2020/11/picture-72-768x1118.jpg HTTP/1.1" 200 154803 "-" "Mozilla/5.0 (compatible; bingbot/2.0; +http://www.bing.com/bingbot.htm)"
66.249.66.136 - - [01/Jul/2021:07:34:23 -0400] "GET /wp-content/uploads/2021/06/picture-147.jpg HTTP/1.1" 200 124894 "-" "Googlebot-Image/1.0"
204.48.19.85 - - [01/Jul/2021:07:35:12 -0400] "POST /wp-cron.php?doing_wp_cron=1625139312.0355980396270751953125 HTTP/1.1" 200 5463 "https://ajhydell.com/wp-cron.php?doing_wp_cron=1625139312.0355980396270751953125" "WordPress/5.7.2; https://ajhydell.com"
185.191.171.16 - - [01/Jul/2021:07:35:11 -0400] "GET /page/12/ HTTP/1.1" 200 20011 "-" "Mozilla/5.0 (compatible; SemrushBot/7~bl; +http://www.semrush.com/bot.html)"
207.46.13.22 - - [01/Jul/2021:07:35:53 -0400] "GET /wp-content/uploads/2019/12/picture-23-768x600.jpg HTTP/1.1" 200 78523 "-" "Mozilla/5.0 (compatible; bingbot/2.0; +http://www.bing.com/bingbot.htm)"
204.48.19.85 - - [01/Jul/2021:07:36:24 -0400] "POST /wp-cron.php?doing_wp_cron=1625139384.1200509071350097656250 HTTP/1.1" 200 5463 "https://ajhydell.com/wp-cron.php?doing_wp_cron=1625139384.1200509071350097656250" "WordPress/5.7.2; https://ajhydell.com"
66.249.66.134 - - [01/Jul/2021:07:36:24 -0400] "GET /2019/08/22/vintage-marlboro-ad-featuring-an-nfl-player-1962/feed/ HTTP/1.1" 200 6340 "-" "Mozilla/5.0 (Linux; Android 6.0.1; Nexus 5X Build/MMB29P) AppleWebKit/537.36 (KHTML, like Gecko) Chrome/91.0.4472.90 Mobile Safari/537.36 (compatible; Googlebot/2.1; +http://www.google.com/bot.html)"
207.46.13.151 - - [01/Jul/2021:07:36:37 -0400] "GET /2021/03/28/actress-allison-hayes/ HTTP/1.1" 200 17589 "-" "Mozilla/5.0 (compatible; bingbot/2.0; +http://www.bing.com/bingbot.htm)"
204.48.19.85 - - [01/Jul/2021:07:37:42 -0400] "POST /wp-cron.php?doing_wp_cron=1625139462.7813119888305664062500 HTTP/1.1" 200 5463 "https://ajhydell.com/wp-cron.php?doing_wp_cron=1625139462.7813119888305664062500" "WordPress/5.7.2; https://ajhydell.com"
54.36.148.206 - - [01/Jul/2021:07:37:42 -0400] "GET /2020/12/01/wojtek-a-brown-bear-enlisted-officially-as-a-soldier-with-the-rank-of-private-and-was-subsequently-promoted-to-corporal/ HTTP/1.1" 200 18276 "-" "Mozilla/5.0 (compatible; AhrefsBot/7.0; +http://ahrefs.com/robot/)"
47.196.169.13 - - [01/Jul/2021:07:37:55 -0400] "GET /wp-content/uploads/2020/06/picture-55.jpg HTTP/1.1" 200 65815 "https://www.bing.com/" "Mozilla/5.0 (Windows NT 10.0; Win64; x64) AppleWebKit/537.36 (KHTML, like Gecko) Chrome/91.0.4472.124 Safari/537.36"
204.48.19.85 - - [01/Jul/2021:07:37:58 -0400] "POST /wp-cron.php?doing_wp_cron=1625139478.0025620460510253906250 HTTP/1.1" 200 5463 "https://ajhydell.com/wp-cron.php?doing_wp_cron=1625139478.0025620460510253906250" "WordPress/5.7.2; https://ajhydell.com"
5.255.253.88 - - [01/Jul/2021:07:37:57 -0400] "GET /robots.txt HTTP/1.1" 200 5703 "-" "Mozilla/5.0 (compatible; YandexBot/3.0; +http://yandex.com/bots)"
5.255.253.88 - - [01/Jul/2021:07:38:01 -0400] "GET /2019/10/27/american-world-war-two-propaganda/ HTTP/1.1" 200 12786 "-" "Mozilla/5.0 (compatible; YandexBot/3.0; +http://yandex.com/bots)"
23.100.232.233 - - [01/Jul/2021:07:38:39 -0400] "GET /2019/12/19/they-salute-with-both-hands-now-the-london-evening-standards-david-low-reacts-to-hitlers-purge-of-the-brownshirts-in-the-night-of-the-long-knives-july-3-1934/ HTTP/1.1" 200 17445 "-" "Mozilla/5.0 (compatible; MSIE 9.0; Windows NT 6.0; Trident/5.0;  Trident/5.0)"
23.100.232.233 - - [01/Jul/2021:07:38:40 -0400] "GET /wp-content/plugins/add-expires-headers/cache/0/com/processed-header-f16a8d323e83e1bc1b76514e283fb81b7090a959.min.css HTTP/1.1" 200 52893 "https://ajhydell.com/2019/12/19/they-salute-with-both-hands-now-the-london-evening-standards-david-low-reacts-to-hitlers-purge-of-the-brownshirts-in-the-night-of-the-long-knives-july-3-1934/" "Mozilla/5.0 (compatible; MSIE 9.0; Windows NT 6.0; Trident/5.0;  Trident/5.0)"
23.100.232.233 - - [01/Jul/2021:07:38:40 -0400] "GET /wp-includes/js/jquery/jquery.min.js?ver=3.5.1 HTTP/1.1" 200 31550 "https://ajhydell.com/2019/12/19/they-salute-with-both-hands-now-the-london-evening-standards-david-low-reacts-to-hitlers-purge-of-the-brownshirts-in-the-night-of-the-long-knives-july-3-1934/" "Mozilla/5.0 (compatible; MSIE 9.0; Windows NT 6.0; Trident/5.0;  Trident/5.0)"
23.100.232.233 - - [01/Jul/2021:07:38:40 -0400] "GET /wp-content/plugins/google-analytics-for-wordpress/assets/js/frontend-gtag.min.js?ver=7.17.0 HTTP/1.1" 200 3476 "https://ajhydell.com/2019/12/19/they-salute-with-both-hands-now-the-london-evening-standards-david-low-reacts-to-hitlers-purge-of-the-brownshirts-in-the-night-of-the-long-knives-july-3-1934/" "Mozilla/5.0 (compatible; MSIE 9.0; Windows NT 6.0; Trident/5.0;  Trident/5.0)"
23.100.232.233 - - [01/Jul/2021:07:38:40 -0400] "GET /wp-includes/js/jquery/jquery-migrate.min.js?ver=3.3.2 HTTP/1.1" 200 4687 "https://ajhydell.com/2019/12/19/they-salute-with-both-hands-now-the-london-evening-standards-david-low-reacts-to-hitlers-purge-of-the-brownshirts-in-the-night-of-the-long-knives-july-3-1934/" "Mozilla/5.0 (compatible; MSIE 9.0; Windows NT 6.0; Trident/5.0;  Trident/5.0)"
23.100.232.233 - - [01/Jul/2021:07:38:41 -0400] "GET /wp-includes/js/wp-emoji-release.min.js?ver=5.7.2 HTTP/1.1" 200 5183 "https://ajhydell.com/2019/12/19/they-salute-with-both-hands-now-the-london-evening-standards-david-low-reacts-to-hitlers-purge-of-the-brownshirts-in-the-night-of-the-long-knives-july-3-1934/" "Mozilla/5.0 (compatible; MSIE 9.0; Windows NT 6.0; Trident/5.0;  Trident/5.0)"
23.100.232.233 - - [01/Jul/2021:07:38:41 -0400] "GET /wp-content/themes/royal-magazine/js/navigation.js?ver=20151215 HTTP/1.1" 200 1349 "https://ajhydell.com/2019/12/19/they-salute-with-both-hands-now-the-london-evening-standards-david-low-reacts-to-hitlers-purge-of-the-brownshirts-in-the-night-of-the-long-knives-july-3-1934/" "Mozilla/5.0 (compatible; MSIE 9.0; Windows NT 6.0; Trident/5.0;  Trident/5.0)"
23.100.232.233 - - [01/Jul/2021:07:38:41 -0400] "GET /wp-content/plugins/wp-smushit/app/assets/js/smush-lazy-load.min.js?ver=3.8.7 HTTP/1.1" 200 4207 "https://ajhydell.com/2019/12/19/they-salute-with-both-hands-now-the-london-evening-standards-david-low-reacts-to-hitlers-purge-of-the-brownshirts-in-the-night-of-the-long-knives-july-3-1934/" "Mozilla/5.0 (compatible; MSIE 9.0; Windows NT 6.0; Trident/5.0;  Trident/5.0)"
23.100.232.233 - - [01/Jul/2021:07:38:41 -0400] "GET /wp-content/themes/royal-magazine/js/skip-link-focus-fix.js?ver=20151215 HTTP/1.1" 200 933 "https://ajhydell.com/2019/12/19/they-salute-with-both-hands-now-the-london-evening-standards-david-low-reacts-to-hitlers-purge-of-the-brownshirts-in-the-night-of-the-long-knives-july-3-1934/" "Mozilla/5.0 (compatible; MSIE 9.0; Windows NT 6.0; Trident/5.0;  Trident/5.0)"
23.100.232.233 - - [01/Jul/2021:07:38:41 -0400] "GET /wp-content/themes/royal-magazine/assets/libraries/slick/js/slick.min.js?ver=5.7.2 HTTP/1.1" 200 10740 "https://ajhydell.com/2019/12/19/they-salute-with-both-hands-now-the-london-evening-standards-david-low-reacts-to-hitlers-purge-of-the-brownshirts-in-the-night-of-the-long-knives-july-3-1934/" "Mozilla/5.0 (compatible; MSIE 9.0; Windows NT 6.0; Trident/5.0;  Trident/5.0)"
23.100.232.233 - - [01/Jul/2021:07:38:41 -0400] "GET /wp-content/themes/royal-magazine/assets/libraries/marquee/jquery.marquee.js?ver=5.7.2 HTTP/1.1" 200 5103 "https://ajhydell.com/2019/12/19/they-salute-with-both-hands-now-the-london-evening-standards-david-low-reacts-to-hitlers-purge-of-the-brownshirts-in-the-night-of-the-long-knives-july-3-1934/" "Mozilla/5.0 (compatible; MSIE 9.0; Windows NT 6.0; Trident/5.0;  Trident/5.0)"
23.100.232.233 - - [01/Jul/2021:07:38:41 -0400] "GET /wp-content/themes/royal-magazine/assets/libraries/theiaStickySidebar/theia-sticky-sidebar.min.js?ver=5.7.2 HTTP/1.1" 200 2271 "https://ajhydell.com/2019/12/19/they-salute-with-both-hands-now-the-london-evening-standards-david-low-reacts-to-hitlers-purge-of-the-brownshirts-in-the-night-of-the-long-knives-july-3-1934/" "Mozilla/5.0 (compatible; MSIE 9.0; Windows NT 6.0; Trident/5.0;  Trident/5.0)"
23.100.232.233 - - [01/Jul/2021:07:38:42 -0400] "GET /wp-content/themes/royal-magazine/assets/twp/js/custom-script.js?ver=5.7.2 HTTP/1.1" 200 3023 "https://ajhydell.com/2019/12/19/they-salute-with-both-hands-now-the-london-evening-standards-david-low-reacts-to-hitlers-purge-of-the-brownshirts-in-the-night-of-the-long-knives-july-3-1934/" "Mozilla/5.0 (compatible; MSIE 9.0; Windows NT 6.0; Trident/5.0;  Trident/5.0)"
23.100.232.233 - - [01/Jul/2021:07:38:42 -0400] "GET /wp-includes/js/wp-embed.min.js?ver=5.7.2 HTTP/1.1" 200 1221 "https://ajhydell.com/2019/12/19/they-salute-with-both-hands-now-the-london-evening-standards-david-low-reacts-to-hitlers-purge-of-the-brownshirts-in-the-night-of-the-long-knives-july-3-1934/" "Mozilla/5.0 (compatible; MSIE 9.0; Windows NT 6.0; Trident/5.0;  Trident/5.0)"
23.100.232.233 - - [01/Jul/2021:07:38:42 -0400] "GET /wp-content/themes/royal-magazine/assets/libraries/bootstrap/js/bootstrap.min.js?ver=5.7.2 HTTP/1.1" 200 10404 "https://ajhydell.com/2019/12/19/they-salute-with-both-hands-now-the-london-evening-standards-david-low-reacts-to-hitlers-purge-of-the-brownshirts-in-the-night-of-the-long-knives-july-3-1934/" "Mozilla/5.0 (compatible; MSIE 9.0; Windows NT 6.0; Trident/5.0;  Trident/5.0)"
23.100.232.233 - - [01/Jul/2021:07:38:42 -0400] "GET /wp-content/themes/royal-magazine/assets/libraries/magnific-popup/jquery.magnific-popup.min.js?ver=5.7.2 HTTP/1.1" 200 7871 "https://ajhydell.com/2019/12/19/they-salute-with-both-hands-now-the-london-evening-standards-david-low-reacts-to-hitlers-purge-of-the-brownshirts-in-the-night-of-the-long-knives-july-3-1934/" "Mozilla/5.0 (compatible; MSIE 9.0; Windows NT 6.0; Trident/5.0;  Trident/5.0)"
23.100.232.233 - - [01/Jul/2021:07:38:42 -0400] "GET /wp-content/plugins/facebook-pagelike-widget/fb.js?ver=1.0 HTTP/1.1" 200 821 "https://ajhydell.com/2019/12/19/they-salute-with-both-hands-now-the-london-evening-standards-david-low-reacts-to-hitlers-purge-of-the-brownshirts-in-the-night-of-the-long-knives-july-3-1934/" "Mozilla/5.0 (compatible; MSIE 9.0; Windows NT 6.0; Trident/5.0;  Trident/5.0)"
204.48.19.85 - - [01/Jul/2021:07:38:59 -0400] "POST /wp-cron.php?doing_wp_cron=1625139539.9452230930328369140625 HTTP/1.1" 200 5463 "https://ajhydell.com/wp-cron.php?doing_wp_cron=1625139539.9452230930328369140625" "WordPress/5.7.2; https://ajhydell.com"
185.191.171.39 - - [01/Jul/2021:07:38:59 -0400] "GET /2020/08/05/mass-paratroopers-landing-during-military-exercise-in-kiev-ukraine-ussr-1935-1920x1476/ HTTP/1.1" 200 18044 "-" "Mozilla/5.0 (compatible; SemrushBot/7~bl; +http://www.semrush.com/bot.html)"
5.255.253.88 - - [01/Jul/2021:07:41:12 -0400] "GET /wp-content/uploads/2020/11/picture-22-768x765.jpg HTTP/1.1" 200 141656 "-" "Mozilla/5.0 (compatible; YandexImages/3.0; +http://yandex.com/bots)"
204.48.19.85 - - [01/Jul/2021:07:42:42 -0400] "POST /wp-cron.php?doing_wp_cron=1625139762.6135149002075195312500 HTTP/1.1" 200 5463 "https://ajhydell.com/wp-cron.php?doing_wp_cron=1625139762.6135149002075195312500" "WordPress/5.7.2; https://ajhydell.com"
185.191.171.9 - - [01/Jul/2021:07:42:42 -0400] "GET /2018/11/29/ HTTP/1.1" 200 17722 "-" "Mozilla/5.0 (compatible; SemrushBot/7~bl; +http://www.semrush.com/bot.html)"
154.47.71.196 - - [01/Jul/2021:07:43:24 -0400] "GET /wp-content/uploads/2020/05/picture-5-768x957.jpg HTTP/1.1" 200 162399 "https://www.bing.com/" "Mozilla/5.0 (Windows NT 10.0; Win64; x64) AppleWebKit/537.36 (KHTML, like Gecko) Chrome/91.0.4472.114 Safari/537.36 Edg/91.0.864.59"
204.48.19.85 - - [01/Jul/2021:07:43:45 -0400] "POST /wp-cron.php?doing_wp_cron=1625139825.1460700035095214843750 HTTP/1.1" 200 5463 "https://ajhydell.com/wp-cron.php?doing_wp_cron=1625139825.1460700035095214843750" "WordPress/5.7.2; https://ajhydell.com"
154.47.71.196 - - [01/Jul/2021:07:43:45 -0400] "GET /2020/05/02/on-11-may-1945-the-sudeten-german-civilians-who-inhabited-volary-present-day-czech-republic-are-forced-by-us-troops-to-walk-past-bodies-of-30-jewish-women-who-were-starved-to-death-by-german-ss-t/ HTTP/1.1" 200 14068 "https://www.bing.com/" "Mozilla/5.0 (Windows NT 10.0; Win64; x64) AppleWebKit/537.36 (KHTML, like Gecko) Chrome/91.0.4472.114 Safari/537.36 Edg/91.0.864.59"
154.47.71.196 - - [01/Jul/2021:07:43:45 -0400] "GET /wp-content/plugins/add-expires-headers/cache/0/com/processed-header-f16a8d323e83e1bc1b76514e283fb81b7090a959.min.css HTTP/1.1" 200 52771 "https://ajhydell.com/2020/05/02/on-11-may-1945-the-sudeten-german-civilians-who-inhabited-volary-present-day-czech-republic-are-forced-by-us-troops-to-walk-past-bodies-of-30-jewish-women-who-were-starved-to-death-by-german-ss-t/" "Mozilla/5.0 (Windows NT 10.0; Win64; x64) AppleWebKit/537.36 (KHTML, like Gecko) Chrome/91.0.4472.114 Safari/537.36 Edg/91.0.864.59"
154.47.71.196 - - [01/Jul/2021:07:43:45 -0400] "GET /wp-includes/js/jquery/jquery.min.js?ver=3.5.1 HTTP/1.1" 200 36684 "https://ajhydell.com/2020/05/02/on-11-may-1945-the-sudeten-german-civilians-who-inhabited-volary-present-day-czech-republic-are-forced-by-us-troops-to-walk-past-bodies-of-30-jewish-women-who-were-starved-to-death-by-german-ss-t/" "Mozilla/5.0 (Windows NT 10.0; Win64; x64) AppleWebKit/537.36 (KHTML, like Gecko) Chrome/91.0.4472.114 Safari/537.36 Edg/91.0.864.59"
154.47.71.196 - - [01/Jul/2021:07:43:45 -0400] "GET /wp-includes/js/jquery/jquery-migrate.min.js?ver=3.3.2 HTTP/1.1" 200 5219 "https://ajhydell.com/2020/05/02/on-11-may-1945-the-sudeten-german-civilians-who-inhabited-volary-present-day-czech-republic-are-forced-by-us-troops-to-walk-past-bodies-of-30-jewish-women-who-were-starved-to-death-by-german-ss-t/" "Mozilla/5.0 (Windows NT 10.0; Win64; x64) AppleWebKit/537.36 (KHTML, like Gecko) Chrome/91.0.4472.114 Safari/537.36 Edg/91.0.864.59"
154.47.71.196 - - [01/Jul/2021:07:43:45 -0400] "GET /wp-content/themes/royal-magazine/assets/libraries/slick/js/slick.min.js?ver=5.7.2 HTTP/1.1" 200 10690 "https://ajhydell.com/2020/05/02/on-11-may-1945-the-sudeten-german-civilians-who-inhabited-volary-present-day-czech-republic-are-forced-by-us-troops-to-walk-past-bodies-of-30-jewish-women-who-were-starved-to-death-by-german-ss-t/" "Mozilla/5.0 (Windows NT 10.0; Win64; x64) AppleWebKit/537.36 (KHTML, like Gecko) Chrome/91.0.4472.114 Safari/537.36 Edg/91.0.864.59"
154.47.71.196 - - [01/Jul/2021:07:43:45 -0400] "GET /wp-content/themes/royal-magazine/js/navigation.js?ver=20151215 HTTP/1.1" 200 6543 "https://ajhydell.com/2020/05/02/on-11-may-1945-the-sudeten-german-civilians-who-inhabited-volary-present-day-czech-republic-are-forced-by-us-troops-to-walk-past-bodies-of-30-jewish-women-who-were-starved-to-death-by-german-ss-t/" "Mozilla/5.0 (Windows NT 10.0; Win64; x64) AppleWebKit/537.36 (KHTML, like Gecko) Chrome/91.0.4472.114 Safari/537.36 Edg/91.0.864.59"
154.47.71.196 - - [01/Jul/2021:07:43:45 -0400] "GET /wp-content/plugins/wp-smushit/app/assets/js/smush-lazy-load.min.js?ver=3.8.7 HTTP/1.1" 200 9384 "https://ajhydell.com/2020/05/02/on-11-may-1945-the-sudeten-german-civilians-who-inhabited-volary-present-day-czech-republic-are-forced-by-us-troops-to-walk-past-bodies-of-30-jewish-women-who-were-starved-to-death-by-german-ss-t/" "Mozilla/5.0 (Windows NT 10.0; Win64; x64) AppleWebKit/537.36 (KHTML, like Gecko) Chrome/91.0.4472.114 Safari/537.36 Edg/91.0.864.59"
154.47.71.196 - - [01/Jul/2021:07:43:45 -0400] "GET /wp-content/themes/royal-magazine/js/skip-link-focus-fix.js?ver=20151215 HTTP/1.1" 200 1484 "https://ajhydell.com/2020/05/02/on-11-may-1945-the-sudeten-german-civilians-who-inhabited-volary-present-day-czech-republic-are-forced-by-us-troops-to-walk-past-bodies-of-30-jewish-women-who-were-starved-to-death-by-german-ss-t/" "Mozilla/5.0 (Windows NT 10.0; Win64; x64) AppleWebKit/537.36 (KHTML, like Gecko) Chrome/91.0.4472.114 Safari/537.36 Edg/91.0.864.59"
154.47.71.196 - - [01/Jul/2021:07:43:45 -0400] "GET /wp-content/themes/royal-magazine/assets/libraries/bootstrap/js/bootstrap.min.js?ver=5.7.2 HTTP/1.1" 200 10350 "https://ajhydell.com/2020/05/02/on-11-may-1945-the-sudeten-german-civilians-who-inhabited-volary-present-day-czech-republic-are-forced-by-us-troops-to-walk-past-bodies-of-30-jewish-women-who-were-starved-to-death-by-german-ss-t/" "Mozilla/5.0 (Windows NT 10.0; Win64; x64) AppleWebKit/537.36 (KHTML, like Gecko) Chrome/91.0.4472.114 Safari/537.36 Edg/91.0.864.59"
154.47.71.196 - - [01/Jul/2021:07:43:45 -0400] "GET /wp-content/themes/royal-magazine/assets/libraries/marquee/jquery.marquee.js?ver=5.7.2 HTTP/1.1" 200 5071 "https://ajhydell.com/2020/05/02/on-11-may-1945-the-sudeten-german-civilians-who-inhabited-volary-present-day-czech-republic-are-forced-by-us-troops-to-walk-past-bodies-of-30-jewish-women-who-were-starved-to-death-by-german-ss-t/" "Mozilla/5.0 (Windows NT 10.0; Win64; x64) AppleWebKit/537.36 (KHTML, like Gecko) Chrome/91.0.4472.114 Safari/537.36 Edg/91.0.864.59"
154.47.71.196 - - [01/Jul/2021:07:43:45 -0400] "GET /wp-content/themes/royal-magazine/assets/libraries/magnific-popup/jquery.magnific-popup.min.js?ver=5.7.2 HTTP/1.1" 200 7838 "https://ajhydell.com/2020/05/02/on-11-may-1945-the-sudeten-german-civilians-who-inhabited-volary-present-day-czech-republic-are-forced-by-us-troops-to-walk-past-bodies-of-30-jewish-women-who-were-starved-to-death-by-german-ss-t/" "Mozilla/5.0 (Windows NT 10.0; Win64; x64) AppleWebKit/537.36 (KHTML, like Gecko) Chrome/91.0.4472.114 Safari/537.36 Edg/91.0.864.59"
154.47.71.196 - - [01/Jul/2021:07:43:45 -0400] "GET /wp-content/themes/royal-magazine/assets/libraries/theiaStickySidebar/theia-sticky-sidebar.min.js?ver=5.7.2 HTTP/1.1" 200 2236 "https://ajhydell.com/2020/05/02/on-11-may-1945-the-sudeten-german-civilians-who-inhabited-volary-present-day-czech-republic-are-forced-by-us-troops-to-walk-past-bodies-of-30-jewish-women-who-were-starved-to-death-by-german-ss-t/" "Mozilla/5.0 (Windows NT 10.0; Win64; x64) AppleWebKit/537.36 (KHTML, like Gecko) Chrome/91.0.4472.114 Safari/537.36 Edg/91.0.864.59"
154.47.71.196 - - [01/Jul/2021:07:43:45 -0400] "GET /wp-content/themes/royal-magazine/assets/twp/js/custom-script.js?ver=5.7.2 HTTP/1.1" 200 2995 "https://ajhydell.com/2020/05/02/on-11-may-1945-the-sudeten-german-civilians-who-inhabited-volary-present-day-czech-republic-are-forced-by-us-troops-to-walk-past-bodies-of-30-jewish-women-who-were-starved-to-death-by-german-ss-t/" "Mozilla/5.0 (Windows NT 10.0; Win64; x64) AppleWebKit/537.36 (KHTML, like Gecko) Chrome/91.0.4472.114 Safari/537.36 Edg/91.0.864.59"
154.47.71.196 - - [01/Jul/2021:07:43:45 -0400] "GET /wp-includes/js/wp-embed.min.js?ver=5.7.2 HTTP/1.1" 200 1209 "https://ajhydell.com/2020/05/02/on-11-may-1945-the-sudeten-german-civilians-who-inhabited-volary-present-day-czech-republic-are-forced-by-us-troops-to-walk-past-bodies-of-30-jewish-women-who-were-starved-to-death-by-german-ss-t/" "Mozilla/5.0 (Windows NT 10.0; Win64; x64) AppleWebKit/537.36 (KHTML, like Gecko) Chrome/91.0.4472.114 Safari/537.36 Edg/91.0.864.59"
154.47.71.196 - - [01/Jul/2021:07:43:46 -0400] "GET /wp-includes/js/wp-emoji-release.min.js?ver=5.7.2 HTTP/1.1" 200 5152 "https://ajhydell.com/2020/05/02/on-11-may-1945-the-sudeten-german-civilians-who-inhabited-volary-present-day-czech-republic-are-forced-by-us-troops-to-walk-past-bodies-of-30-jewish-women-who-were-starved-to-death-by-german-ss-t/" "Mozilla/5.0 (Windows NT 10.0; Win64; x64) AppleWebKit/537.36 (KHTML, like Gecko) Chrome/91.0.4472.114 Safari/537.36 Edg/91.0.864.59"
154.47.71.196 - - [01/Jul/2021:07:43:46 -0400] "GET /wp-content/plugins/facebook-pagelike-widget/loader.gif HTTP/1.1" 200 8641 "https://ajhydell.com/2020/05/02/on-11-may-1945-the-sudeten-german-civilians-who-inhabited-volary-present-day-czech-republic-are-forced-by-us-troops-to-walk-past-bodies-of-30-jewish-women-who-were-starved-to-death-by-german-ss-t/" "Mozilla/5.0 (Windows NT 10.0; Win64; x64) AppleWebKit/537.36 (KHTML, like Gecko) Chrome/91.0.4472.114 Safari/537.36 Edg/91.0.864.59"
154.47.71.196 - - [01/Jul/2021:07:43:46 -0400] "GET /wp-content/plugins/facebook-pagelike-widget/fb.js?ver=1.0 HTTP/1.1" 200 810 "https://ajhydell.com/2020/05/02/on-11-may-1945-the-sudeten-german-civilians-who-inhabited-volary-present-day-czech-republic-are-forced-by-us-troops-to-walk-past-bodies-of-30-jewish-women-who-were-starved-to-death-by-german-ss-t/" "Mozilla/5.0 (Windows NT 10.0; Win64; x64) AppleWebKit/537.36 (KHTML, like Gecko) Chrome/91.0.4472.114 Safari/537.36 Edg/91.0.864.59"
154.47.71.196 - - [01/Jul/2021:07:43:46 -0400] "GET /?wordfence_lh=1&hid=61DC56CBD30A2E2D4B2BDACF6F3EA80F&r=0.17767604554184868 HTTP/1.1" 200 347 "https://ajhydell.com/2020/05/02/on-11-may-1945-the-sudeten-german-civilians-who-inhabited-volary-present-day-czech-republic-are-forced-by-us-troops-to-walk-past-bodies-of-30-jewish-women-who-were-starved-to-death-by-german-ss-t/" "Mozilla/5.0 (Windows NT 10.0; Win64; x64) AppleWebKit/537.36 (KHTML, like Gecko) Chrome/91.0.4472.114 Safari/537.36 Edg/91.0.864.59"
154.47.71.196 - - [01/Jul/2021:07:43:46 -0400] "GET /wp-content/themes/royal-magazine/assets/libraries/ionicons/fonts/ionicons.ttf HTTP/1.1" 200 189155 "https://ajhydell.com/wp-content/plugins/add-expires-headers/cache/0/com/processed-header-f16a8d323e83e1bc1b76514e283fb81b7090a959.min.css" "Mozilla/5.0 (Windows NT 10.0; Win64; x64) AppleWebKit/537.36 (KHTML, like Gecko) Chrome/91.0.4472.114 Safari/537.36 Edg/91.0.864.59"
154.47.71.196 - - [01/Jul/2021:07:43:46 -0400] "GET /wp-content/uploads/2020/05/picture-5-scaled.jpg HTTP/1.1" 200 799467 "https://ajhydell.com/2020/05/02/on-11-may-1945-the-sudeten-german-civilians-who-inhabited-volary-present-day-czech-republic-are-forced-by-us-troops-to-walk-past-bodies-of-30-jewish-women-who-were-starved-to-death-by-german-ss-t/" "Mozilla/5.0 (Windows NT 10.0; Win64; x64) AppleWebKit/537.36 (KHTML, like Gecko) Chrome/91.0.4472.114 Safari/537.36 Edg/91.0.864.59"
154.47.71.196 - - [01/Jul/2021:07:43:47 -0400] "GET /wp-content/uploads/2018/08/cropped-logo-32x32.jpg HTTP/1.1" 200 1314 "https://ajhydell.com/2020/05/02/on-11-may-1945-the-sudeten-german-civilians-who-inhabited-volary-present-day-czech-republic-are-forced-by-us-troops-to-walk-past-bodies-of-30-jewish-women-who-were-starved-to-death-by-german-ss-t/" "Mozilla/5.0 (Windows NT 10.0; Win64; x64) AppleWebKit/537.36 (KHTML, like Gecko) Chrome/91.0.4472.114 Safari/537.36 Edg/91.0.864.59"
185.191.171.21 - - [01/Jul/2021:07:43:52 -0400] "GET /2020/10/08/jules-gabriel-verne-the-french-novelist-poet-and-playwright-colourised-by-me-2029x2879-circa-1884/ HTTP/1.1" 200 18154 "-" "Mozilla/5.0 (compatible; SemrushBot/7~bl; +http://www.semrush.com/bot.html)"
5.255.253.88 - - [01/Jul/2021:07:44:20 -0400] "GET /2019/03/23/imperial-japanese-soldier-wears-mosquito-head-cover-while-on-guard-duty-in-china-1941/ HTTP/1.1" 200 18095 "-" "Mozilla/5.0 (compatible; YandexBot/3.0; +http://yandex.com/bots)"
54.36.149.36 - - [01/Jul/2021:07:44:36 -0400] "GET /2021/04/29/hurricane-pilot-ginger-lacey-scored-18-kills-in-battle-of-britain/ HTTP/1.1" 200 18321 "-" "Mozilla/5.0 (compatible; AhrefsBot/7.0; +http://ahrefs.com/robot/)"
204.48.19.85 - - [01/Jul/2021:07:44:55 -0400] "POST /wp-cron.php?doing_wp_cron=1625139895.9225471019744873046875 HTTP/1.1" 200 5463 "https://ajhydell.com/wp-cron.php?doing_wp_cron=1625139895.9225471019744873046875" "WordPress/5.7.2; https://ajhydell.com"
23.100.232.233 - - [01/Jul/2021:07:44:55 -0400] "GET /2019/12/27/vikki-dougan-invents-the-time-machine-1950s-ipad-photoshop/ HTTP/1.1" 200 17157 "-" "Mozilla/5.0 (compatible; MSIE 9.0; Windows NT 6.1; Trident/5.0;  Trident/5.0)"
23.100.232.233 - - [01/Jul/2021:07:44:56 -0400] "GET /wp-content/plugins/add-expires-headers/cache/0/com/processed-header-f16a8d323e83e1bc1b76514e283fb81b7090a959.min.css HTTP/1.1" 200 52893 "https://ajhydell.com/2019/12/27/vikki-dougan-invents-the-time-machine-1950s-ipad-photoshop/" "Mozilla/5.0 (compatible; MSIE 9.0; Windows NT 6.1; Trident/5.0;  Trident/5.0)"
23.100.232.233 - - [01/Jul/2021:07:44:56 -0400] "GET /wp-includes/js/jquery/jquery.min.js?ver=3.5.1 HTTP/1.1" 200 31550 "https://ajhydell.com/2019/12/27/vikki-dougan-invents-the-time-machine-1950s-ipad-photoshop/" "Mozilla/5.0 (compatible; MSIE 9.0; Windows NT 6.1; Trident/5.0;  Trident/5.0)"
23.100.232.233 - - [01/Jul/2021:07:44:56 -0400] "GET /wp-content/plugins/google-analytics-for-wordpress/assets/js/frontend-gtag.min.js?ver=7.17.0 HTTP/1.1" 200 3476 "https://ajhydell.com/2019/12/27/vikki-dougan-invents-the-time-machine-1950s-ipad-photoshop/" "Mozilla/5.0 (compatible; MSIE 9.0; Windows NT 6.1; Trident/5.0;  Trident/5.0)"
23.100.232.233 - - [01/Jul/2021:07:44:56 -0400] "GET /wp-includes/js/jquery/jquery-migrate.min.js?ver=3.3.2 HTTP/1.1" 200 4687 "https://ajhydell.com/2019/12/27/vikki-dougan-invents-the-time-machine-1950s-ipad-photoshop/" "Mozilla/5.0 (compatible; MSIE 9.0; Windows NT 6.1; Trident/5.0;  Trident/5.0)"
23.100.232.233 - - [01/Jul/2021:07:44:56 -0400] "GET /wp-content/plugins/wp-smushit/app/assets/js/smush-lazy-load.min.js?ver=3.8.7 HTTP/1.1" 200 4207 "https://ajhydell.com/2019/12/27/vikki-dougan-invents-the-time-machine-1950s-ipad-photoshop/" "Mozilla/5.0 (compatible; MSIE 9.0; Windows NT 6.1; Trident/5.0;  Trident/5.0)"
23.100.232.233 - - [01/Jul/2021:07:44:56 -0400] "GET /wp-includes/js/wp-emoji-release.min.js?ver=5.7.2 HTTP/1.1" 200 5183 "https://ajhydell.com/2019/12/27/vikki-dougan-invents-the-time-machine-1950s-ipad-photoshop/" "Mozilla/5.0 (compatible; MSIE 9.0; Windows NT 6.1; Trident/5.0;  Trident/5.0)"
23.100.232.233 - - [01/Jul/2021:07:44:56 -0400] "GET /wp-content/themes/royal-magazine/js/skip-link-focus-fix.js?ver=20151215 HTTP/1.1" 200 933 "https://ajhydell.com/2019/12/27/vikki-dougan-invents-the-time-machine-1950s-ipad-photoshop/" "Mozilla/5.0 (compatible; MSIE 9.0; Windows NT 6.1; Trident/5.0;  Trident/5.0)"
23.100.232.233 - - [01/Jul/2021:07:44:56 -0400] "GET /wp-content/themes/royal-magazine/js/navigation.js?ver=20151215 HTTP/1.1" 200 1349 "https://ajhydell.com/2019/12/27/vikki-dougan-invents-the-time-machine-1950s-ipad-photoshop/" "Mozilla/5.0 (compatible; MSIE 9.0; Windows NT 6.1; Trident/5.0;  Trident/5.0)"
23.100.232.233 - - [01/Jul/2021:07:44:56 -0400] "GET /wp-content/themes/royal-magazine/assets/libraries/marquee/jquery.marquee.js?ver=5.7.2 HTTP/1.1" 200 5103 "https://ajhydell.com/2019/12/27/vikki-dougan-invents-the-time-machine-1950s-ipad-photoshop/" "Mozilla/5.0 (compatible; MSIE 9.0; Windows NT 6.1; Trident/5.0;  Trident/5.0)"
23.100.232.233 - - [01/Jul/2021:07:44:56 -0400] "GET /wp-content/themes/royal-magazine/assets/libraries/bootstrap/js/bootstrap.min.js?ver=5.7.2 HTTP/1.1" 200 10404 "https://ajhydell.com/2019/12/27/vikki-dougan-invents-the-time-machine-1950s-ipad-photoshop/" "Mozilla/5.0 (compatible; MSIE 9.0; Windows NT 6.1; Trident/5.0;  Trident/5.0)"
23.100.232.233 - - [01/Jul/2021:07:44:57 -0400] "GET /wp-content/themes/royal-magazine/assets/twp/js/custom-script.js?ver=5.7.2 HTTP/1.1" 200 3023 "https://ajhydell.com/2019/12/27/vikki-dougan-invents-the-time-machine-1950s-ipad-photoshop/" "Mozilla/5.0 (compatible; MSIE 9.0; Windows NT 6.1; Trident/5.0;  Trident/5.0)"
23.100.232.233 - - [01/Jul/2021:07:44:57 -0400] "GET /wp-content/themes/royal-magazine/assets/libraries/magnific-popup/jquery.magnific-popup.min.js?ver=5.7.2 HTTP/1.1" 200 7871 "https://ajhydell.com/2019/12/27/vikki-dougan-invents-the-time-machine-1950s-ipad-photoshop/" "Mozilla/5.0 (compatible; MSIE 9.0; Windows NT 6.1; Trident/5.0;  Trident/5.0)"
23.100.232.233 - - [01/Jul/2021:07:44:57 -0400] "GET /wp-content/plugins/facebook-pagelike-widget/fb.js?ver=1.0 HTTP/1.1" 200 821 "https://ajhydell.com/2019/12/27/vikki-dougan-invents-the-time-machine-1950s-ipad-photoshop/" "Mozilla/5.0 (compatible; MSIE 9.0; Windows NT 6.1; Trident/5.0;  Trident/5.0)"
23.100.232.233 - - [01/Jul/2021:07:44:57 -0400] "GET /wp-content/themes/royal-magazine/assets/libraries/slick/js/slick.min.js?ver=5.7.2 HTTP/1.1" 200 10740 "https://ajhydell.com/2019/12/27/vikki-dougan-invents-the-time-machine-1950s-ipad-photoshop/" "Mozilla/5.0 (compatible; MSIE 9.0; Windows NT 6.1; Trident/5.0;  Trident/5.0)"
23.100.232.233 - - [01/Jul/2021:07:44:57 -0400] "GET /wp-includes/js/wp-embed.min.js?ver=5.7.2 HTTP/1.1" 200 1221 "https://ajhydell.com/2019/12/27/vikki-dougan-invents-the-time-machine-1950s-ipad-photoshop/" "Mozilla/5.0 (compatible; MSIE 9.0; Windows NT 6.1; Trident/5.0;  Trident/5.0)"
23.100.232.233 - - [01/Jul/2021:07:44:57 -0400] "GET /wp-content/themes/royal-magazine/assets/libraries/theiaStickySidebar/theia-sticky-sidebar.min.js?ver=5.7.2 HTTP/1.1" 200 2271 "https://ajhydell.com/2019/12/27/vikki-dougan-invents-the-time-machine-1950s-ipad-photoshop/" "Mozilla/5.0 (compatible; MSIE 9.0; Windows NT 6.1; Trident/5.0;  Trident/5.0)"
20.52.156.93 - - [01/Jul/2021:07:45:17 -0400] "GET / HTTP/1.1" 301 343 "-" "Mozilla/5.0 (Windows NT 10.0; Win64; x64) AppleWebKit/537.36 (KHTML, like Gecko) Chrome/79.0 Safari/537.36"
20.52.156.93 - - [01/Jul/2021:07:45:18 -0400] "GET / HTTP/1.1" 200 102866 "-" "Mozilla/5.0 (Windows NT 10.0; Win64; x64) AppleWebKit/537.36 (KHTML, like Gecko) Chrome/79.0 Safari/537.36"
20.52.156.93 - - [01/Jul/2021:07:45:18 -0400] "GET //wp-includes/wlwmanifest.xml HTTP/1.1" 200 1461 "-" "Mozilla/5.0 (Windows NT 10.0; Win64; x64) AppleWebKit/537.36 (KHTML, like Gecko) Chrome/79.0 Safari/537.36"
20.52.156.93 - - [01/Jul/2021:07:45:18 -0400] "GET //?author=1 HTTP/1.1" 404 55655 "-" "Mozilla/5.0 (Windows NT 10.0; Win64; x64) AppleWebKit/537.36 (KHTML, like Gecko) Chrome/79.0 Safari/537.36"
20.52.156.93 - - [01/Jul/2021:07:45:19 -0400] "GET //?author=2 HTTP/1.1" 404 55655 "-" "Mozilla/5.0 (Windows NT 10.0; Win64; x64) AppleWebKit/537.36 (KHTML, like Gecko) Chrome/79.0 Safari/537.36"
20.52.156.93 - - [01/Jul/2021:07:45:19 -0400] "GET //wp-json/wp/v2/users/ HTTP/1.1" 401 676 "-" "Mozilla/5.0 (Windows NT 10.0; Win64; x64) AppleWebKit/537.36 (KHTML, like Gecko) Chrome/79.0 Safari/537.36"
20.52.156.93 - - [01/Jul/2021:07:45:19 -0400] "GET //wp-json/oembed/1.0/embed?url=https://ajhydell.com/ HTTP/1.1" 404 637 "-" "Mozilla/5.0 (Windows NT 10.0; Win64; x64) AppleWebKit/537.36 (KHTML, like Gecko) Chrome/79.0 Safari/537.36"
20.52.156.93 - - [01/Jul/2021:07:45:19 -0400] "POST //xmlrpc.php HTTP/1.1" 200 688 "-" "Mozilla/5.0 (Windows NT 10.0; Win64; x64) AppleWebKit/537.36 (KHTML, like Gecko) Chrome/79.0 Safari/537.36"
20.52.156.93 - - [01/Jul/2021:07:45:20 -0400] "POST //xmlrpc.php HTTP/1.1" 200 5418 "-" "Mozilla/5.0 (Windows NT 10.0; Win64; x64) AppleWebKit/537.36 (KHTML, like Gecko) Chrome/79.0 Safari/537.36"
20.52.156.93 - - [01/Jul/2021:07:45:21 -0400] "POST //xmlrpc.php HTTP/1.1" 503 23472 "-" "Mozilla/5.0 (Windows NT 10.0; Win64; x64) AppleWebKit/537.36 (KHTML, like Gecko) Chrome/79.0 Safari/537.36"
207.46.13.80 - - [01/Jul/2021:07:45:22 -0400] "GET /wp-content/uploads/2020/07/picture-81.jpg HTTP/1.1" 200 48743 "-" "Mozilla/5.0 (compatible; bingbot/2.0; +http://www.bing.com/bingbot.htm)"
204.48.19.85 - - [01/Jul/2021:07:46:02 -0400] "POST /wp-cron.php?doing_wp_cron=1625139962.1694788932800292968750 HTTP/1.1" 200 5463 "https://ajhydell.com/wp-cron.php?doing_wp_cron=1625139962.1694788932800292968750" "WordPress/5.7.2; https://ajhydell.com"
185.191.171.45 - - [01/Jul/2021:07:46:02 -0400] "GET /2021/06/07/exhausted-civilians-try-to-get-water-during-german-siege-of-stalingrad-1942-563x809/ HTTP/1.1" 200 18214 "-" "Mozilla/5.0 (compatible; SemrushBot/7~bl; +http://www.semrush.com/bot.html)"
40.77.167.20 - - [01/Jul/2021:07:46:09 -0400] "GET /2018/08/14/orville-wright-flying-a-glider-over-the-dunes-of-north-carolina-1902/ HTTP/1.1" 200 17816 "-" "Mozilla/5.0 (compatible; bingbot/2.0; +http://www.bing.com/bingbot.htm)"
66.249.66.132 - - [01/Jul/2021:07:46:23 -0400] "GET /2019/08/22/vintage-marlboro-ad-featuring-an-nfl-player-1962/feed/ HTTP/1.1" 200 6340 "-" "Mozilla/5.0 (compatible; Googlebot/2.1; +http://www.google.com/bot.html)"
66.249.66.132 - - [01/Jul/2021:07:46:23 -0400] "GET /robots.txt HTTP/1.1" 200 5685 "-" "Mozilla/5.0 (compatible; Googlebot/2.1; +http://www.google.com/bot.html)"
207.46.13.120 - - [01/Jul/2021:07:48:50 -0400] "GET /wp-content/uploads/2020/07/picture-93.jpg HTTP/1.1" 200 725216 "-" "Mozilla/5.0 (compatible; bingbot/2.0; +http://www.bing.com/bingbot.htm)"
204.48.19.85 - - [01/Jul/2021:07:50:30 -0400] "POST /wp-cron.php?doing_wp_cron=1625140230.2478380203247070312500 HTTP/1.1" 200 5463 "https://ajhydell.com/wp-cron.php?doing_wp_cron=1625140230.2478380203247070312500" "WordPress/5.7.2; https://ajhydell.com"
13.66.139.0 - - [01/Jul/2021:07:50:30 -0400] "GET /2020/12/19/a-whole-night-of-specials-on-abc-tv-guide-december-14-1973/ HTTP/1.1" 200 17600 "-" "Mozilla/5.0 (compatible; bingbot/2.0; +http://www.bing.com/bingbot.htm)"
157.55.39.134 - - [01/Jul/2021:07:50:39 -0400] "GET /wp-content/themes/royal-magazine/assets/libraries/marquee/jquery.marquee.js?ver=5.7.2 HTTP/1.1" 200 9825 "-" "Mozilla/5.0 (compatible; bingbot/2.0; +http://www.bing.com/bingbot.htm)"
157.55.39.134 - - [01/Jul/2021:07:50:39 -0400] "GET /wp-content/themes/royal-magazine/js/navigation.js?ver=20151215 HTTP/1.1" 200 1340 "-" "Mozilla/5.0 (compatible; bingbot/2.0; +http://www.bing.com/bingbot.htm)"
207.46.13.80 - - [01/Jul/2021:07:50:41 -0400] "GET /wp-content/themes/royal-magazine/assets/libraries/magnific-popup/jquery.magnific-popup.min.js?ver=5.7.2 HTTP/1.1" 200 12592 "-" "Mozilla/5.0 (compatible; bingbot/2.0; +http://www.bing.com/bingbot.htm)"
157.55.39.136 - - [01/Jul/2021:07:50:42 -0400] "GET /wp-content/plugins/wp-smushit/app/assets/js/smush-lazy-load.min.js?ver=3.8.7 HTTP/1.1" 200 8928 "-" "Mozilla/5.0 (compatible; bingbot/2.0; +http://www.bing.com/bingbot.htm)"
207.46.13.22 - - [01/Jul/2021:07:50:43 -0400] "GET /wp-content/themes/royal-magazine/assets/twp/js/custom-script.js?ver=5.7.2 HTTP/1.1" 200 7749 "-" "Mozilla/5.0 (compatible; bingbot/2.0; +http://www.bing.com/bingbot.htm)"
157.55.39.22 - - [01/Jul/2021:07:50:43 -0400] "GET /wp-content/themes/royal-magazine/assets/libraries/bootstrap/js/bootstrap.min.js?ver=5.7.2 HTTP/1.1" 200 15111 "-" "Mozilla/5.0 (compatible; bingbot/2.0; +http://www.bing.com/bingbot.htm)"
157.55.39.22 - - [01/Jul/2021:07:50:43 -0400] "GET /wp-content/themes/royal-magazine/assets/libraries/theiaStickySidebar/theia-sticky-sidebar.min.js?ver=5.7.2 HTTP/1.1" 200 2257 "-" "Mozilla/5.0 (compatible; bingbot/2.0; +http://www.bing.com/bingbot.htm)"
157.55.39.102 - - [01/Jul/2021:07:50:48 -0400] "GET /wp-content/plugins/facebook-pagelike-widget/fb.js?ver=1.0 HTTP/1.1" 200 5550 "-" "Mozilla/5.0 (compatible; bingbot/2.0; +http://www.bing.com/bingbot.htm)"
157.55.39.102 - - [01/Jul/2021:07:50:48 -0400] "GET /wp-content/themes/royal-magazine/js/skip-link-focus-fix.js?ver=20151215 HTTP/1.1" 200 931 "-" "Mozilla/5.0 (compatible; bingbot/2.0; +http://www.bing.com/bingbot.htm)"
207.46.13.120 - - [01/Jul/2021:07:50:48 -0400] "GET /wp-includes/js/jquery/jquery-migrate.min.js?ver=3.3.2 HTTP/1.1" 200 9413 "-" "Mozilla/5.0 (compatible; bingbot/2.0; +http://www.bing.com/bingbot.htm)"
157.55.39.102 - - [01/Jul/2021:07:50:48 -0400] "GET /wp-includes/js/wp-embed.min.js?ver=5.7.2 HTTP/1.1" 200 1216 "-" "Mozilla/5.0 (compatible; bingbot/2.0; +http://www.bing.com/bingbot.htm)"
207.46.13.96 - - [01/Jul/2021:07:50:53 -0400] "GET /wp-content/plugins/add-expires-headers/cache/0/com/processed-header-f16a8d323e83e1bc1b76514e283fb81b7090a959.min.css HTTP/1.1" 200 57567 "-" "Mozilla/5.0 (compatible; bingbot/2.0; +http://www.bing.com/bingbot.htm)"
