54.36.149.36 - - [29/Jun/2021:07:50:15 -0400] "GET /2021/03/17/adolf-the-wolf-u-s-1941-dr-seuss-an-anti-isolationalism-piece-made-by-the-one-and-only-dr-seuss-when-he-was-a-political-cartoonist-for-pm/ HTTP/1.1" 200 18180 "-" "Mozilla/5.0 (compatible; AhrefsBot/7.0; +http://ahrefs.com/robot/)"
204.48.19.85 - - [29/Jun/2021:07:52:54 -0400] "POST /wp-cron.php?doing_wp_cron=1624967574.1534891128540039062500 HTTP/1.1" 200 5463 "https://ajhydell.com/wp-cron.php?doing_wp_cron=1624967574.1534891128540039062500" "WordPress/5.7.2; https://ajhydell.com"
54.36.148.236 - - [29/Jun/2021:07:52:54 -0400] "GET /2020/09/03/a-group-of-vietcong-soldiers-1920-x-1080/ HTTP/1.1" 200 18155 "-" "Mozilla/5.0 (compatible; AhrefsBot/7.0; +http://ahrefs.com/robot/)"
185.191.171.25 - - [29/Jun/2021:07:53:37 -0400] "GET /2019/07/01/ HTTP/1.1" 200 17601 "-" "Mozilla/5.0 (compatible; SemrushBot/7~bl; +http://www.semrush.com/bot.html)"
204.48.19.85 - - [29/Jun/2021:07:54:27 -0400] "POST /wp-cron.php?doing_wp_cron=1624967667.1392629146575927734375 HTTP/1.1" 200 5463 "https://ajhydell.com/wp-cron.php?doing_wp_cron=1624967667.1392629146575927734375" "WordPress/5.7.2; https://ajhydell.com"
185.191.171.37 - - [29/Jun/2021:07:54:27 -0400] "GET /2020/12/01/wojtek-a-brown-bear-enlisted-officially-as-a-soldier-with-the-rank-of-private-and-was-subsequently-promoted-to-corporal/ HTTP/1.1" 200 18313 "-" "Mozilla/5.0 (compatible; SemrushBot/7~bl; +http://www.semrush.com/bot.html)"
204.48.19.85 - - [29/Jun/2021:07:55:33 -0400] "POST /wp-cron.php?doing_wp_cron=1624967733.8721981048583984375000 HTTP/1.1" 200 5463 "https://ajhydell.com/wp-cron.php?doing_wp_cron=1624967733.8721981048583984375000" "WordPress/5.7.2; https://ajhydell.com"
54.36.148.227 - - [29/Jun/2021:07:55:33 -0400] "GET /2020/12/11/ HTTP/1.1" 200 18082 "-" "Mozilla/5.0 (compatible; AhrefsBot/7.0; +http://ahrefs.com/robot/)"
185.191.171.6 - - [29/Jun/2021:07:55:41 -0400] "GET /2018/11/26/member-of-the-3rd-us-armored-division-kia-march-61945-during-the-duel-at-the-cathedral-of-cologne/ HTTP/1.1" 200 18230 "-" "Mozilla/5.0 (compatible; SemrushBot/7~bl; +http://www.semrush.com/bot.html)"
204.48.19.85 - - [29/Jun/2021:07:56:48 -0400] "POST /wp-cron.php?doing_wp_cron=1624967808.8704180717468261718750 HTTP/1.1" 200 5463 "https://ajhydell.com/wp-cron.php?doing_wp_cron=1624967808.8704180717468261718750" "WordPress/5.7.2; https://ajhydell.com"
207.46.13.22 - - [29/Jun/2021:07:56:48 -0400] "GET /2021/05/29/king-edward-vii-and-tsar-nicholas-ii-on-board-the-russian-imperial-yacht-standart-at-reval-russia-now-tallinn-estonia-june-1908/ HTTP/1.1" 200 18034 "-" "Mozilla/5.0 (compatible; bingbot/2.0; +http://www.bing.com/bingbot.htm)"
40.77.190.209 - - [29/Jun/2021:07:56:55 -0400] "GET /?wordfence_lh=1&hid=FEE7B61AEC87E25423C4384EDDB07E39&r=0.5502836985544619 HTTP/1.1" 200 5086 "-" "Mozilla/5.0 (Windows NT 6.1; WOW64) AppleWebKit/534+ (KHTML, like Gecko) BingPreview/1.0b"
5.23.132.112 - - [29/Jun/2021:07:57:06 -0400] "GET /wp-content/uploads/2019/07/picture-88.jpg HTTP/1.1" 200 137132 "https://www.bing.com/" "Mozilla/5.0 (Windows NT 10.0; Win64; x64) AppleWebKit/537.36 (KHTML, like Gecko) Chrome/91.0.4472.114 Safari/537.36 Edg/91.0.864.59"
157.55.39.136 - - [29/Jun/2021:07:57:56 -0400] "GET /wp-content/uploads/2020/02/picture-9.jpg HTTP/1.1" 200 11956 "-" "Mozilla/5.0 (compatible; bingbot/2.0; +http://www.bing.com/bingbot.htm)"
204.48.19.85 - - [29/Jun/2021:07:58:06 -0400] "POST /wp-cron.php?doing_wp_cron=1624967886.9894289970397949218750 HTTP/1.1" 200 5463 "https://ajhydell.com/wp-cron.php?doing_wp_cron=1624967886.9894289970397949218750" "WordPress/5.7.2; https://ajhydell.com"
66.249.79.16 - - [29/Jun/2021:07:58:06 -0400] "GET /2020/11/15/lionel-corporation-1954/feed/ HTTP/1.1" 200 6302 "-" "Mozilla/5.0 (Linux; Android 6.0.1; Nexus 5X Build/MMB29P) AppleWebKit/537.36 (KHTML, like Gecko) Chrome/91.0.4472.90 Mobile Safari/537.36 (compatible; Googlebot/2.1; +http://www.google.com/bot.html)"
54.36.148.99 - - [29/Jun/2021:07:58:08 -0400] "GET /2019/11/04/order-early-to-get-yours-in-time-for-christmas-1949/ HTTP/1.1" 200 18043 "-" "Mozilla/5.0 (compatible; AhrefsBot/7.0; +http://ahrefs.com/robot/)"
207.46.13.96 - - [29/Jun/2021:07:58:14 -0400] "GET /wp-content/uploads/2020/08/picture-107-763x1024.jpg HTTP/1.1" 200 142358 "-" "Mozilla/5.0 (compatible; bingbot/2.0; +http://www.bing.com/bingbot.htm)"
207.46.13.96 - - [29/Jun/2021:07:59:14 -0400] "GET /wp-content/uploads/2019/08/picture-18.jpg HTTP/1.1" 200 89610 "-" "Mozilla/5.0 (compatible; bingbot/2.0; +http://www.bing.com/bingbot.htm)"
204.48.19.85 - - [29/Jun/2021:07:59:52 -0400] "POST /wp-cron.php?doing_wp_cron=1624967992.4009289741516113281250 HTTP/1.1" 200 5463 "https://ajhydell.com/wp-cron.php?doing_wp_cron=1624967992.4009289741516113281250" "WordPress/5.7.2; https://ajhydell.com"
185.191.171.34 - - [29/Jun/2021:07:59:52 -0400] "GET /2019/07/31/otto-von-bismarck-died-on-this-day-in-1898/ HTTP/1.1" 200 18074 "-" "Mozilla/5.0 (compatible; SemrushBot/7~bl; +http://www.semrush.com/bot.html)"
185.191.171.3 - - [29/Jun/2021:08:00:06 -0400] "GET /2019/03/02/ HTTP/1.1" 200 17584 "-" "Mozilla/5.0 (compatible; SemrushBot/7~bl; +http://www.semrush.com/bot.html)"
31.111.19.131 - - [29/Jun/2021:08:00:11 -0400] "GET /wp-content/uploads/2019/06/picture-34.jpg HTTP/1.1" 200 3393941 "https://www.google.com/" "Mozilla/5.0 (Macintosh; Intel Mac OS X 10_13_6) AppleWebKit/537.36 (KHTML, like Gecko) Chrome/90.0.4430.212 Safari/537.36"
204.48.19.85 - - [29/Jun/2021:08:00:18 -0400] "POST /xmlrpc.php HTTP/1.1" 200 6076 "-" "xmlrpclib.py/1.0.1 (by www.pythonware.com)"
204.48.19.85 - - [29/Jun/2021:08:00:19 -0400] "POST /xmlrpc.php HTTP/1.1" 200 6100 "-" "xmlrpclib.py/1.0.1 (by www.pythonware.com)"
204.48.19.85 - - [29/Jun/2021:08:00:21 -0400] "POST /xmlrpc.php HTTP/1.1" 200 5595 "-" "xmlrpclib.py/1.0.1 (by www.pythonware.com)"
204.48.19.85 - - [29/Jun/2021:08:00:28 -0400] "POST /wp-cron.php?doing_wp_cron=1624968028.2069530487060546875000 HTTP/1.1" 200 5463 "https://ajhydell.com/wp-cron.php?doing_wp_cron=1624968028.2069530487060546875000" "WordPress/5.7.2; https://ajhydell.com"
34.145.83.155 - - [29/Jun/2021:08:00:28 -0400] "HEAD / HTTP/1.1" 200 5490 "https://t.co/ztQBTyu01i" "-"
66.249.70.114 - - [29/Jun/2021:08:00:28 -0400] "GET /sitemap.xml HTTP/1.1" 200 6364 "-" "Mozilla/5.0 (compatible; Googlebot/2.1; +http://www.google.com/bot.html)"
66.249.79.16 - - [29/Jun/2021:08:00:29 -0400] "GET /sitemap-pt-post-2021-06.xml HTTP/1.1" 200 13071 "-" "Mozilla/5.0 (compatible; Googlebot/2.1; +http://www.google.com/bot.html)"
31.111.19.131 - - [29/Jun/2021:08:00:31 -0400] "-" 408 5209 "-" "-"
54.36.149.36 - - [29/Jun/2021:08:00:36 -0400] "GET /2019/08/17/jenny-joseph-the-woman-that-modeled-for-columbia-pictures-to-create-their-iconic-logo-1992-640-x-480/ HTTP/1.1" 200 18315 "-" "Mozilla/5.0 (compatible; AhrefsBot/7.0; +http://ahrefs.com/robot/)"
204.48.19.85 - - [29/Jun/2021:08:01:12 -0400] "POST /wp-cron.php?doing_wp_cron=1624968072.3690030574798583984375 HTTP/1.1" 200 5463 "https://ajhydell.com/wp-cron.php?doing_wp_cron=1624968072.3690030574798583984375" "WordPress/5.7.2; https://ajhydell.com"
66.249.79.14 - - [29/Jun/2021:08:01:12 -0400] "GET /2021/06/28/a-young-russian-boy-points-out-german-positions-to-commander-g-v-gvozdev-of-the-11th-squad-3rd-leningrad-partisan-brigade-in-a-small-village-during-the-siege-of-leningrad-near-leningrad-now-st-2/feed/ HTTP/1.1" 200 6544 "-" "Mozilla/5.0 (Linux; Android 6.0.1; Nexus 5X Build/MMB29P) AppleWebKit/537.36 (KHTML, like Gecko) Chrome/91.0.4472.90 Mobile Safari/537.36 (compatible; Googlebot/2.1; +http://www.google.com/bot.html)"
204.48.19.85 - - [29/Jun/2021:08:01:46 -0400] "POST /wp-cron.php?doing_wp_cron=1624968106.0466520786285400390625 HTTP/1.1" 200 5463 "https://ajhydell.com/wp-cron.php?doing_wp_cron=1624968106.0466520786285400390625" "WordPress/5.7.2; https://ajhydell.com"
207.46.13.120 - - [29/Jun/2021:08:01:45 -0400] "GET /2021/06/21/orange-crush-in-krinkly-bottles-1930s/feed/ HTTP/1.1" 200 5917 "-" "Mozilla/5.0 (compatible; bingbot/2.0; +http://www.bing.com/bingbot.htm)"
157.55.39.136 - - [29/Jun/2021:08:02:16 -0400] "GET /wp-content/uploads/2020/09/picture-22-2048x1357.jpg HTTP/1.1" 200 3084012 "-" "Mozilla/5.0 (compatible; bingbot/2.0; +http://www.bing.com/bingbot.htm)"
204.48.19.85 - - [29/Jun/2021:08:03:07 -0400] "POST /wp-cron.php?doing_wp_cron=1624968187.0587821006774902343750 HTTP/1.1" 200 5463 "https://ajhydell.com/wp-cron.php?doing_wp_cron=1624968187.0587821006774902343750" "WordPress/5.7.2; https://ajhydell.com"
54.36.149.36 - - [29/Jun/2021:08:03:07 -0400] "GET /2021/03/15/1962-humble-esso-oil-company/ HTTP/1.1" 200 18101 "-" "Mozilla/5.0 (compatible; AhrefsBot/7.0; +http://ahrefs.com/robot/)"
204.48.19.85 - - [29/Jun/2021:08:04:32 -0400] "POST /wp-cron.php?doing_wp_cron=1624968272.4256060123443603515625 HTTP/1.1" 200 5463 "https://ajhydell.com/wp-cron.php?doing_wp_cron=1624968272.4256060123443603515625" "WordPress/5.7.2; https://ajhydell.com"
185.191.171.3 - - [29/Jun/2021:08:04:32 -0400] "GET /2020/01/31/british-science-fiction-writer-h-g-wells1868-1946/ HTTP/1.1" 200 18094 "-" "Mozilla/5.0 (compatible; SemrushBot/7~bl; +http://www.semrush.com/bot.html)"
204.48.19.85 - - [29/Jun/2021:08:05:29 -0400] "POST /wp-cron.php?doing_wp_cron=1624968329.5436260700225830078125 HTTP/1.1" 200 5463 "https://ajhydell.com/wp-cron.php?doing_wp_cron=1624968329.5436260700225830078125" "WordPress/5.7.2; https://ajhydell.com"
185.191.171.6 - - [29/Jun/2021:08:05:29 -0400] "GET /2020/01/13/my-first-attempt/ HTTP/1.1" 200 18122 "-" "Mozilla/5.0 (compatible; SemrushBot/7~bl; +http://www.semrush.com/bot.html)"
54.36.149.36 - - [29/Jun/2021:08:05:38 -0400] "GET /2018/08/21/a-wounded-german-officer-found-in-the-egyptian-desert-during-the-first-two-days-of-a-british-offensive-is-guarded-by-a-sentry-while-awaiting-backup-on-november-13-1942/ HTTP/1.1" 200 18458 "-" "Mozilla/5.0 (compatible; AhrefsBot/7.0; +http://ahrefs.com/robot/)"
204.48.19.85 - - [29/Jun/2021:08:07:00 -0400] "POST /wp-cron.php?doing_wp_cron=1624968420.4682939052581787109375 HTTP/1.1" 200 5463 "https://ajhydell.com/wp-cron.php?doing_wp_cron=1624968420.4682939052581787109375" "WordPress/5.7.2; https://ajhydell.com"
185.191.171.38 - - [29/Jun/2021:08:07:00 -0400] "GET /2021/06/24/win-with-tin-usa-1942/ HTTP/1.1" 200 18175 "-" "Mozilla/5.0 (compatible; SemrushBot/7~bl; +http://www.semrush.com/bot.html)"
207.46.13.22 - - [29/Jun/2021:08:07:59 -0400] "GET /wp-content/uploads/2019/07/picture-28.jpg HTTP/1.1" 200 84718 "-" "Mozilla/5.0 (compatible; bingbot/2.0; +http://www.bing.com/bingbot.htm)"
204.48.19.85 - - [29/Jun/2021:08:08:12 -0400] "POST /wp-cron.php?doing_wp_cron=1624968491.9943900108337402343750 HTTP/1.1" 200 5463 "https://ajhydell.com/wp-cron.php?doing_wp_cron=1624968491.9943900108337402343750" "WordPress/5.7.2; https://ajhydell.com"
54.36.148.77 - - [29/Jun/2021:08:08:11 -0400] "GET /2019/09/16/the-italian-training-ships-amerigo-vespucci-and-cristoforo-colombo-moored-in-brindisi-in-the-aftermath-of-the-armistice-of-cassibile-september-1943-2100-x-1340/ HTTP/1.1" 200 18294 "-" "Mozilla/5.0 (compatible; AhrefsBot/7.0; +http://ahrefs.com/robot/)"
204.48.19.85 - - [29/Jun/2021:08:08:53 -0400] "POST /wp-cron.php?doing_wp_cron=1624968533.3806281089782714843750 HTTP/1.1" 200 5463 "https://ajhydell.com/wp-cron.php?doing_wp_cron=1624968533.3806281089782714843750" "WordPress/5.7.2; https://ajhydell.com"
111.231.107.30 - - [29/Jun/2021:08:08:53 -0400] "POST /wp-login.php HTTP/1.1" 503 23967 "-" "Mozilla/5.0 (Windows NT 10.0; Win64; x64) AppleWebKit/537.36 (KHTML, like Gecko) Chrome/73.0.3683.75 Safari/537.36"
204.48.19.85 - - [29/Jun/2021:08:09:47 -0400] "POST /wp-cron.php?doing_wp_cron=1624968587.0924749374389648437500 HTTP/1.1" 200 5463 "https://ajhydell.com/wp-cron.php?doing_wp_cron=1624968587.0924749374389648437500" "WordPress/5.7.2; https://ajhydell.com"
185.191.171.5 - - [29/Jun/2021:08:09:47 -0400] "GET /2018/11/18/charlie-chaplin-in-the-kid-1921/ HTTP/1.1" 200 18233 "-" "Mozilla/5.0 (compatible; SemrushBot/7~bl; +http://www.semrush.com/bot.html)"
66.249.70.114 - - [29/Jun/2021:08:10:38 -0400] "GET /2019/07/31/otto-von-bismarck-died-on-this-day-in-1898/feed/ HTTP/1.1" 200 6332 "-" "Mozilla/5.0 (Linux; Android 6.0.1; Nexus 5X Build/MMB29P) AppleWebKit/537.36 (KHTML, like Gecko) Chrome/91.0.4472.90 Mobile Safari/537.36 (compatible; Googlebot/2.1; +http://www.google.com/bot.html)"
54.36.148.119 - - [29/Jun/2021:08:10:39 -0400] "GET /2020/09/06/american-paratroopers-from-the-1st-airborne-task-force-dropping-into-southern-france-during-operation-dragoon-15-august-1944-652-x-513/ HTTP/1.1" 200 18402 "-" "Mozilla/5.0 (compatible; AhrefsBot/7.0; +http://ahrefs.com/robot/)"
204.48.19.85 - - [29/Jun/2021:08:11:23 -0400] "POST /wp-cron.php?doing_wp_cron=1624968683.4649059772491455078125 HTTP/1.1" 200 5463 "https://ajhydell.com/wp-cron.php?doing_wp_cron=1624968683.4649059772491455078125" "WordPress/5.7.2; https://ajhydell.com"
40.77.167.20 - - [29/Jun/2021:08:11:23 -0400] "GET /2018/12/16/walgreens-beer-and-liquor-ad-dec-17-1975-st-louis-mo/ HTTP/1.1" 200 18030 "-" "Mozilla/5.0 (compatible; bingbot/2.0; +http://www.bing.com/bingbot.htm)"
204.48.19.85 - - [29/Jun/2021:08:13:12 -0400] "POST /wp-cron.php?doing_wp_cron=1624968792.2395749092102050781250 HTTP/1.1" 200 5463 "https://ajhydell.com/wp-cron.php?doing_wp_cron=1624968792.2395749092102050781250" "WordPress/5.7.2; https://ajhydell.com"
17.121.113.39 - - [29/Jun/2021:08:13:12 -0400] "GET /robots.txt HTTP/1.1" 200 5013 "-" "Mozilla/5.0 (Macintosh; Intel Mac OS X 10_15_5) AppleWebKit/605.1.15 (KHTML, like Gecko) Version/13.1.1 Safari/605.1.15 (Applebot/0.1; +http://www.apple.com/go/applebot)"
17.121.113.39 - - [29/Jun/2021:08:13:12 -0400] "GET /2018/ HTTP/1.1" 200 13850 "-" "Mozilla/5.0 (Macintosh; Intel Mac OS X 10_15_5) AppleWebKit/605.1.15 (KHTML, like Gecko) Version/13.1.1 Safari/605.1.15 (Applebot/0.1; +http://www.apple.com/go/applebot)"
54.36.149.36 - - [29/Jun/2021:08:13:13 -0400] "GET /2018/08/21/vintage-anti-drunk-driving-poster-by-the-ontario-department-of-transport-c-1950s-1960s/ HTTP/1.1" 200 18411 "-" "Mozilla/5.0 (compatible; AhrefsBot/7.0; +http://ahrefs.com/robot/)"
204.48.19.85 - - [29/Jun/2021:08:15:21 -0400] "POST /wp-cron.php?doing_wp_cron=1624968921.0038390159606933593750 HTTP/1.1" 200 5463 "https://ajhydell.com/wp-cron.php?doing_wp_cron=1624968921.0038390159606933593750" "WordPress/5.7.2; https://ajhydell.com"
54.36.148.142 - - [29/Jun/2021:08:15:20 -0400] "GET / HTTP/1.1" 200 19874 "-" "Mozilla/5.0 (compatible; AhrefsBot/7.0; +http://ahrefs.com/robot/)"
204.48.19.85 - - [29/Jun/2021:08:15:43 -0400] "POST /wp-cron.php?doing_wp_cron=1624968943.1712560653686523437500 HTTP/1.1" 200 5463 "https://ajhydell.com/wp-cron.php?doing_wp_cron=1624968943.1712560653686523437500" "WordPress/5.7.2; https://ajhydell.com"
54.36.148.102 - - [29/Jun/2021:08:15:43 -0400] "GET /2018/08/28/a-messenger-dog-with-a-spool-attached-to-a-harness-for-laying-out-new-electric-line-on-the-western-front-september-1917-572x360/ HTTP/1.1" 200 18199 "-" "Mozilla/5.0 (compatible; AhrefsBot/7.0; +http://ahrefs.com/robot/)"
204.48.19.85 - - [29/Jun/2021:08:18:06 -0400] "POST /wp-cron.php?doing_wp_cron=1624969086.8013739585876464843750 HTTP/1.1" 200 5463 "https://ajhydell.com/wp-cron.php?doing_wp_cron=1624969086.8013739585876464843750" "WordPress/5.7.2; https://ajhydell.com"
66.249.70.114 - - [29/Jun/2021:08:18:06 -0400] "GET /2021/06/29/milk-for-summer-thirst-milk-for-warmth-u-s-wpa-posters-from-1940-1941/ HTTP/1.1" 200 17969 "-" "Mozilla/5.0 (compatible; Googlebot/2.1; +http://www.google.com/bot.html)"
54.36.149.36 - - [29/Jun/2021:08:18:15 -0400] "GET /2019/11/20/united-ww2-yugoslavia/ HTTP/1.1" 200 18026 "-" "Mozilla/5.0 (compatible; AhrefsBot/7.0; +http://ahrefs.com/robot/)"
204.48.19.85 - - [29/Jun/2021:08:19:31 -0400] "POST /wp-cron.php?doing_wp_cron=1624969171.5801188945770263671875 HTTP/1.1" 200 5463 "https://ajhydell.com/wp-cron.php?doing_wp_cron=1624969171.5801188945770263671875" "WordPress/5.7.2; https://ajhydell.com"
185.191.171.35 - - [29/Jun/2021:08:19:31 -0400] "GET /robots.txt HTTP/1.1" 200 5648 "-" "Mozilla/5.0 (compatible; SemrushBot/7~bl; +http://www.semrush.com/bot.html)"
185.191.171.10 - - [29/Jun/2021:08:19:31 -0400] "GET /2019/05/09/ HTTP/1.1" 200 17386 "-" "Mozilla/5.0 (compatible; SemrushBot/7~bl; +http://www.semrush.com/bot.html)"
204.48.19.85 - - [29/Jun/2021:08:20:47 -0400] "POST /wp-cron.php?doing_wp_cron=1624969247.4226360321044921875000 HTTP/1.1" 200 5463 "https://ajhydell.com/wp-cron.php?doing_wp_cron=1624969247.4226360321044921875000" "WordPress/5.7.2; https://ajhydell.com"
54.36.149.88 - - [29/Jun/2021:08:20:47 -0400] "GET /2020/11/27/nikolai-ii-alexandrovich-romanov-the-last-emperor-of-all-russia-1917-1324-x-2000/ HTTP/1.1" 200 18216 "-" "Mozilla/5.0 (compatible; AhrefsBot/7.0; +http://ahrefs.com/robot/)"
5.45.207.81 - - [29/Jun/2021:08:20:48 -0400] "GET /robots.txt HTTP/1.1" 200 5703 "-" "Mozilla/5.0 (compatible; YandexBot/3.0; +http://yandex.com/bots)"
5.45.207.81 - - [29/Jun/2021:08:20:52 -0400] "GET /post-sitemap12.xml HTTP/1.1" 200 9810 "-" "Mozilla/5.0 (compatible; YandexBot/3.0; +http://yandex.com/bots)"
204.48.19.85 - - [29/Jun/2021:08:21:45 -0400] "POST /wp-cron.php?doing_wp_cron=1624969305.5206069946289062500000 HTTP/1.1" 200 5463 "https://ajhydell.com/wp-cron.php?doing_wp_cron=1624969305.5206069946289062500000" "WordPress/5.7.2; https://ajhydell.com"
207.46.13.151 - - [29/Jun/2021:08:21:45 -0400] "GET /2021/03/28/actress-allison-hayes/ HTTP/1.1" 200 17701 "-" "Mozilla/5.0 (compatible; bingbot/2.0; +http://www.bing.com/bingbot.htm)"
185.191.171.14 - - [29/Jun/2021:08:22:29 -0400] "GET /2019/08/24/charlie-chaplin-c-1916/ HTTP/1.1" 200 18018 "-" "Mozilla/5.0 (compatible; SemrushBot/7~bl; +http://www.semrush.com/bot.html)"
204.48.19.85 - - [29/Jun/2021:08:22:45 -0400] "POST /wp-cron.php?doing_wp_cron=1624969365.5171620845794677734375 HTTP/1.1" 200 5463 "https://ajhydell.com/wp-cron.php?doing_wp_cron=1624969365.5171620845794677734375" "WordPress/5.7.2; https://ajhydell.com"
185.191.171.3 - - [29/Jun/2021:08:22:45 -0400] "GET /2019/06/03/finnish-soldiers-during-the-continuation-war-with-the-ussr-june-16-1944/ HTTP/1.1" 200 18056 "-" "Mozilla/5.0 (compatible; SemrushBot/7~bl; +http://www.semrush.com/bot.html)"
54.36.149.36 - - [29/Jun/2021:08:23:18 -0400] "GET /2019/02/06/throne-room-in-the-royal-palace-in-belgrade-kingdom-of-serbia-october-1915-691x960/ HTTP/1.1" 200 18425 "-" "Mozilla/5.0 (compatible; AhrefsBot/7.0; +http://ahrefs.com/robot/)"
104.136.226.240 - - [29/Jun/2021:08:24:19 -0400] "GET /wp-content/uploads/2020/02/tmp-300x300.jpg HTTP/1.1" 200 28982 "https://www.bing.com/" "Mozilla/5.0 (Linux; Android 7.0; SAMSUNG-SM-G890A) AppleWebKit/537.36 (KHTML, like Gecko) Chrome/91.0.4472.120 Mobile Safari/537.36"
104.136.226.240 - - [29/Jun/2021:08:24:39 -0400] "-" 408 5209 "-" "-"
204.48.19.85 - - [29/Jun/2021:08:25:55 -0400] "POST /wp-cron.php?doing_wp_cron=1624969555.6830189228057861328125 HTTP/1.1" 200 5463 "https://ajhydell.com/wp-cron.php?doing_wp_cron=1624969555.6830189228057861328125" "WordPress/5.7.2; https://ajhydell.com"
54.36.149.36 - - [29/Jun/2021:08:25:55 -0400] "GET /2019/08/10/anti-british-sentiment-in-japan-c-1940s/ HTTP/1.1" 200 18168 "-" "Mozilla/5.0 (compatible; AhrefsBot/7.0; +http://ahrefs.com/robot/)"
204.48.19.85 - - [29/Jun/2021:08:27:55 -0400] "POST /wp-cron.php?doing_wp_cron=1624969675.8182690143585205078125 HTTP/1.1" 200 5463 "https://ajhydell.com/wp-cron.php?doing_wp_cron=1624969675.8182690143585205078125" "WordPress/5.7.2; https://ajhydell.com"
185.191.171.6 - - [29/Jun/2021:08:27:55 -0400] "GET /2018/10/09/u-s-troops-wave-american-flags-at-the-nuremberg-stadium-1945/ HTTP/1.1" 200 18074 "-" "Mozilla/5.0 (compatible; SemrushBot/7~bl; +http://www.semrush.com/bot.html)"
54.36.149.65 - - [29/Jun/2021:08:28:23 -0400] "GET /2019/11/02/no-ussr-anti-drinking-propaganda-artist-viktor-govorkov-1954/ HTTP/1.1" 200 18204 "-" "Mozilla/5.0 (compatible; AhrefsBot/7.0; +http://ahrefs.com/robot/)"
204.48.19.85 - - [29/Jun/2021:08:29:34 -0400] "POST /wp-cron.php?doing_wp_cron=1624969774.6157929897308349609375 HTTP/1.1" 200 5463 "https://ajhydell.com/wp-cron.php?doing_wp_cron=1624969774.6157929897308349609375" "WordPress/5.7.2; https://ajhydell.com"
66.249.70.112 - - [29/Jun/2021:08:29:34 -0400] "GET /2020/11/28/women-out-to-market-sarajevo-bosnia-and-herzegovina-1899-772-x-585/feed/ HTTP/1.1" 200 6381 "-" "Mozilla/5.0 (Linux; Android 6.0.1; Nexus 5X Build/MMB29P) AppleWebKit/537.36 (KHTML, like Gecko) Chrome/91.0.4472.90 Mobile Safari/537.36 (compatible; Googlebot/2.1; +http://www.google.com/bot.html)"
204.48.19.85 - - [29/Jun/2021:08:30:53 -0400] "POST /wp-cron.php?doing_wp_cron=1624969853.7425549030303955078125 HTTP/1.1" 200 5463 "https://ajhydell.com/wp-cron.php?doing_wp_cron=1624969853.7425549030303955078125" "WordPress/5.7.2; https://ajhydell.com"
23.100.232.233 - - [29/Jun/2021:08:30:53 -0400] "GET /2020/07/04/the-us-capitol-in-1846/ HTTP/1.1" 200 17189 "-" "Mozilla/5.0 (compatible; MSIE 9.0; Windows NT 6.1; Trident/5.0;  Trident/5.0)"
23.100.232.233 - - [29/Jun/2021:08:30:54 -0400] "GET /wp-content/plugins/add-expires-headers/cache/0/com/processed-header-f16a8d323e83e1bc1b76514e283fb81b7090a959.min.css HTTP/1.1" 200 52893 "https://ajhydell.com/2020/07/04/the-us-capitol-in-1846/" "Mozilla/5.0 (compatible; MSIE 9.0; Windows NT 6.1; Trident/5.0;  Trident/5.0)"
23.100.232.233 - - [29/Jun/2021:08:30:54 -0400] "GET /wp-includes/js/jquery/jquery.min.js?ver=3.5.1 HTTP/1.1" 200 31550 "https://ajhydell.com/2020/07/04/the-us-capitol-in-1846/" "Mozilla/5.0 (compatible; MSIE 9.0; Windows NT 6.1; Trident/5.0;  Trident/5.0)"
23.100.232.233 - - [29/Jun/2021:08:30:54 -0400] "GET /wp-content/plugins/google-analytics-for-wordpress/assets/js/frontend-gtag.min.js?ver=7.17.0 HTTP/1.1" 200 3476 "https://ajhydell.com/2020/07/04/the-us-capitol-in-1846/" "Mozilla/5.0 (compatible; MSIE 9.0; Windows NT 6.1; Trident/5.0;  Trident/5.0)"
23.100.232.233 - - [29/Jun/2021:08:30:54 -0400] "GET /wp-includes/js/jquery/jquery-migrate.min.js?ver=3.3.2 HTTP/1.1" 200 4687 "https://ajhydell.com/2020/07/04/the-us-capitol-in-1846/" "Mozilla/5.0 (compatible; MSIE 9.0; Windows NT 6.1; Trident/5.0;  Trident/5.0)"
23.100.232.233 - - [29/Jun/2021:08:30:54 -0400] "GET /wp-content/plugins/wp-smushit/app/assets/js/smush-lazy-load.min.js?ver=3.8.5 HTTP/1.1" 200 4207 "https://ajhydell.com/2020/07/04/the-us-capitol-in-1846/" "Mozilla/5.0 (compatible; MSIE 9.0; Windows NT 6.1; Trident/5.0;  Trident/5.0)"
23.100.232.233 - - [29/Jun/2021:08:30:54 -0400] "GET /wp-includes/js/wp-emoji-release.min.js?ver=5.7.2 HTTP/1.1" 200 5183 "https://ajhydell.com/2020/07/04/the-us-capitol-in-1846/" "Mozilla/5.0 (compatible; MSIE 9.0; Windows NT 6.1; Trident/5.0;  Trident/5.0)"
23.100.232.233 - - [29/Jun/2021:08:30:54 -0400] "GET /wp-content/themes/royal-magazine/js/skip-link-focus-fix.js?ver=20151215 HTTP/1.1" 200 933 "https://ajhydell.com/2020/07/04/the-us-capitol-in-1846/" "Mozilla/5.0 (compatible; MSIE 9.0; Windows NT 6.1; Trident/5.0;  Trident/5.0)"
23.100.232.233 - - [29/Jun/2021:08:30:54 -0400] "GET /wp-content/themes/royal-magazine/js/navigation.js?ver=20151215 HTTP/1.1" 200 1349 "https://ajhydell.com/2020/07/04/the-us-capitol-in-1846/" "Mozilla/5.0 (compatible; MSIE 9.0; Windows NT 6.1; Trident/5.0;  Trident/5.0)"
23.100.232.233 - - [29/Jun/2021:08:30:55 -0400] "GET /wp-content/themes/royal-magazine/assets/libraries/marquee/jquery.marquee.js?ver=5.7.2 HTTP/1.1" 200 5103 "https://ajhydell.com/2020/07/04/the-us-capitol-in-1846/" "Mozilla/5.0 (compatible; MSIE 9.0; Windows NT 6.1; Trident/5.0;  Trident/5.0)"
23.100.232.233 - - [29/Jun/2021:08:30:55 -0400] "GET /wp-content/themes/royal-magazine/assets/libraries/bootstrap/js/bootstrap.min.js?ver=5.7.2 HTTP/1.1" 200 10404 "https://ajhydell.com/2020/07/04/the-us-capitol-in-1846/" "Mozilla/5.0 (compatible; MSIE 9.0; Windows NT 6.1; Trident/5.0;  Trident/5.0)"
23.100.232.233 - - [29/Jun/2021:08:30:55 -0400] "GET /wp-content/themes/royal-magazine/assets/twp/js/custom-script.js?ver=5.7.2 HTTP/1.1" 200 3023 "https://ajhydell.com/2020/07/04/the-us-capitol-in-1846/" "Mozilla/5.0 (compatible; MSIE 9.0; Windows NT 6.1; Trident/5.0;  Trident/5.0)"
23.100.232.233 - - [29/Jun/2021:08:30:55 -0400] "GET /wp-content/themes/royal-magazine/assets/libraries/magnific-popup/jquery.magnific-popup.min.js?ver=5.7.2 HTTP/1.1" 200 7871 "https://ajhydell.com/2020/07/04/the-us-capitol-in-1846/" "Mozilla/5.0 (compatible; MSIE 9.0; Windows NT 6.1; Trident/5.0;  Trident/5.0)"
23.100.232.233 - - [29/Jun/2021:08:30:55 -0400] "GET /wp-content/plugins/facebook-pagelike-widget/fb.js?ver=1.0 HTTP/1.1" 200 821 "https://ajhydell.com/2020/07/04/the-us-capitol-in-1846/" "Mozilla/5.0 (compatible; MSIE 9.0; Windows NT 6.1; Trident/5.0;  Trident/5.0)"
23.100.232.233 - - [29/Jun/2021:08:30:55 -0400] "GET /wp-content/themes/royal-magazine/assets/libraries/slick/js/slick.min.js?ver=5.7.2 HTTP/1.1" 200 10740 "https://ajhydell.com/2020/07/04/the-us-capitol-in-1846/" "Mozilla/5.0 (compatible; MSIE 9.0; Windows NT 6.1; Trident/5.0;  Trident/5.0)"
23.100.232.233 - - [29/Jun/2021:08:30:55 -0400] "GET /wp-content/themes/royal-magazine/assets/libraries/theiaStickySidebar/theia-sticky-sidebar.min.js?ver=5.7.2 HTTP/1.1" 200 2271 "https://ajhydell.com/2020/07/04/the-us-capitol-in-1846/" "Mozilla/5.0 (compatible; MSIE 9.0; Windows NT 6.1; Trident/5.0;  Trident/5.0)"
23.100.232.233 - - [29/Jun/2021:08:30:55 -0400] "GET /wp-includes/js/wp-embed.min.js?ver=5.7.2 HTTP/1.1" 200 1221 "https://ajhydell.com/2020/07/04/the-us-capitol-in-1846/" "Mozilla/5.0 (compatible; MSIE 9.0; Windows NT 6.1; Trident/5.0;  Trident/5.0)"
54.36.148.230 - - [29/Jun/2021:08:31:11 -0400] "GET /2019/09/10/italian-soldiers-captured-by-the-wehrmacht-during-operation-achse-are-marched-through-bolzano-bozen-on-their-way-to-internment-in-germany-september-1943-798-x-577/ HTTP/1.1" 200 18415 "-" "Mozilla/5.0 (compatible; AhrefsBot/7.0; +http://ahrefs.com/robot/)"
68.102.246.211 - - [29/Jun/2021:08:31:32 -0400] "GET /wp-content/uploads/2018/09/picture-113.jpg HTTP/1.1" 200 556120 "https://www.google.com/" "Mozilla/5.0 (Linux; Android 7.0; LG-M327 Build/NRD90U; wv) AppleWebKit/537.36 (KHTML, like Gecko) Version/4.0 Chrome/91.0.4472.120 Mobile Safari/537.36 GSA/12.24.10.23.arm"
204.48.19.85 - - [29/Jun/2021:08:32:25 -0400] "POST /wp-cron.php?doing_wp_cron=1624969945.6416919231414794921875 HTTP/1.1" 200 5463 "https://ajhydell.com/wp-cron.php?doing_wp_cron=1624969945.6416919231414794921875" "WordPress/5.7.2; https://ajhydell.com"
66.249.70.112 - - [29/Jun/2021:08:32:25 -0400] "GET /feed/ HTTP/1.1" 200 7709 "-" "Mozilla/5.0 (compatible; Googlebot/2.1; +http://www.google.com/bot.html)"
66.249.70.112 - - [29/Jun/2021:08:32:27 -0400] "GET /2021/06/29/milk-for-summer-thirst-milk-for-warmth-u-s-wpa-posters-from-1940-1941/ HTTP/1.1" 200 12803 "-" "Mozilla/5.0 (Linux; Android 6.0.1; Nexus 5X Build/MMB29P) AppleWebKit/537.36 (KHTML, like Gecko) Chrome/91.0.4472.90 Mobile Safari/537.36 (compatible; Googlebot/2.1; +http://www.google.com/bot.html)"
66.249.70.110 - - [29/Jun/2021:08:32:43 -0400] "GET /wp-content/uploads/2021/06/picture-142.jpg HTTP/1.1" 200 34307 "-" "Googlebot-Image/1.0"
204.48.19.85 - - [29/Jun/2021:08:33:47 -0400] "POST /wp-cron.php?doing_wp_cron=1624970027.6922750473022460937500 HTTP/1.1" 200 5463 "https://ajhydell.com/wp-cron.php?doing_wp_cron=1624970027.6922750473022460937500" "WordPress/5.7.2; https://ajhydell.com"
54.36.148.173 - - [29/Jun/2021:08:33:47 -0400] "GET /2020/02/20/native-americans-of-the-blackfoot-tribe-in-glacier-national-park-montana-usa-1913-photo-by-roland-reed-1438x1777/ HTTP/1.1" 200 18315 "-" "Mozilla/5.0 (compatible; AhrefsBot/7.0; +http://ahrefs.com/robot/)"
99.254.234.171 - - [29/Jun/2021:08:35:39 -0400] "GET /wp-content/uploads/2018/12/picture-8.jpg HTTP/1.1" 200 1280908 "https://www.bing.com/" "Mozilla/5.0 (Windows NT 10.0; Win64; x64) AppleWebKit/537.36 (KHTML, like Gecko) Chrome/91.0.4472.77 Safari/537.36 Edg/91.0.864.41"
204.48.19.85 - - [29/Jun/2021:08:36:27 -0400] "POST /wp-cron.php?doing_wp_cron=1624970187.4037499427795410156250 HTTP/1.1" 200 5463 "https://ajhydell.com/wp-cron.php?doing_wp_cron=1624970187.4037499427795410156250" "WordPress/5.7.2; https://ajhydell.com"
54.36.149.13 - - [29/Jun/2021:08:36:27 -0400] "GET /2019/09/09/bert-the-turtle-from-the-federal-civil-defense-administration-1951/ HTTP/1.1" 200 18250 "-" "Mozilla/5.0 (compatible; AhrefsBot/7.0; +http://ahrefs.com/robot/)"
204.48.19.85 - - [29/Jun/2021:08:36:53 -0400] "POST /wp-cron.php?doing_wp_cron=1624970213.2517681121826171875000 HTTP/1.1" 200 5463 "https://ajhydell.com/wp-cron.php?doing_wp_cron=1624970213.2517681121826171875000" "WordPress/5.7.2; https://ajhydell.com"
207.46.13.22 - - [29/Jun/2021:08:36:53 -0400] "GET / HTTP/1.1" 200 19516 "-" "Mozilla/5.0 (compatible; bingbot/2.0; +http://www.bing.com/bingbot.htm)"
45.151.248.70 - - [29/Jun/2021:08:37:05 -0400] "POST /wp-login.php HTTP/1.1" 503 23967 "-" "Mozilla/5.0 (Windows NT 10.0; WOW64) AppleWebKit/537.36 (KHTML, like Gecko) Chrome/55.0.2883.87 Safari/537.36"
204.48.19.85 - - [29/Jun/2021:08:38:27 -0400] "POST /wp-cron.php?doing_wp_cron=1624970307.0016729831695556640625 HTTP/1.1" 200 5463 "https://ajhydell.com/wp-cron.php?doing_wp_cron=1624970307.0016729831695556640625" "WordPress/5.7.2; https://ajhydell.com"
185.191.171.24 - - [29/Jun/2021:08:38:26 -0400] "GET /2018/08/10/einstein-drops-the-wings-of-pacifism-and-raise-the-sword-of-preparedness-against-an-increasingly-hostile-germany-circa-1933/ HTTP/1.1" 200 17915 "-" "Mozilla/5.0 (compatible; SemrushBot/7~bl; +http://www.semrush.com/bot.html)"
207.46.13.1 - - [29/Jun/2021:08:38:40 -0400] "GET /2021/06/29/milk-for-summer-thirst-milk-for-warmth-u-s-wpa-posters-from-1940-1941/ HTTP/1.1" 200 17567 "-" "Mozilla/5.0 (compatible; bingbot/2.0; +http://www.bing.com/bingbot.htm)"
204.48.19.85 - - [29/Jun/2021:08:38:46 -0400] "POST /wp-cron.php?doing_wp_cron=1624970326.3038859367370605468750 HTTP/1.1" 200 5463 "https://ajhydell.com/wp-cron.php?doing_wp_cron=1624970326.3038859367370605468750" "WordPress/5.7.2; https://ajhydell.com"
40.77.139.50 - - [29/Jun/2021:08:38:46 -0400] "GET /?wordfence_lh=1&hid=D20F228AE86067611B8C59C94D8ACD9D&r=0.35014675090395886 HTTP/1.1" 200 5556 "https://ajhydell.com/2021/06/29/milk-for-summer-thirst-milk-for-warmth-u-s-wpa-posters-from-1940-1941/" "Mozilla/5.0 (Windows NT 6.1; WOW64) AppleWebKit/534+ (KHTML, like Gecko) BingPreview/1.0b"
207.46.13.96 - - [29/Jun/2021:08:38:48 -0400] "GET /robots.txt HTTP/1.1" 301 353 "-" "Mozilla/5.0 (compatible; bingbot/2.0; +http://www.bing.com/bingbot.htm)"
207.46.13.96 - - [29/Jun/2021:08:38:49 -0400] "GET /robots.txt HTTP/1.1" 200 5262 "-" "Mozilla/5.0 (compatible; bingbot/2.0; +http://www.bing.com/bingbot.htm)"
54.36.149.36 - - [29/Jun/2021:08:39:01 -0400] "GET /2019/03/25/texas-schoolgirl-receives-typhoid-vaccine-in-1943-5640x4360/ HTTP/1.1" 200 18142 "-" "Mozilla/5.0 (compatible; AhrefsBot/7.0; +http://ahrefs.com/robot/)"
66.249.70.114 - - [29/Jun/2021:08:39:02 -0400] "GET /robots.txt HTTP/1.1" 200 5685 "-" "Mozilla/5.0 (compatible; Googlebot/2.1; +http://www.google.com/bot.html)"
66.249.70.110 - - [29/Jun/2021:08:39:02 -0400] "GET /2020/11/14/warrior-of-the-week-silvestre-s-herrera-found-out-he-was-not-a-u-s-citizen-during-world-war-ii-when-his-uncle-told-him-the-truth-of-his-origins-in-mexico-hoping-to-give-him-a-chance-to-escape-the/feed/ HTTP/1.1" 200 6557 "-" "Mozilla/5.0 (Linux; Android 6.0.1; Nexus 5X Build/MMB29P) AppleWebKit/537.36 (KHTML, like Gecko) Chrome/91.0.4472.90 Mobile Safari/537.36 (compatible; Googlebot/2.1; +http://www.google.com/bot.html)"
124.170.96.73 - - [29/Jun/2021:08:39:06 -0400] "GET /2021/06/27/a-united-states-soldier-holds-up-a-jungle-centipede-during-the-vietnam-war-1967-443x428/ HTTP/1.1" 200 18435 "https://www.bing.com/" "Mozilla/5.0 (Windows NT 10.0; Win64; x64) AppleWebKit/537.36 (KHTML, like Gecko) Chrome/91.0.4472.114 Safari/537.36 Edg/91.0.864.59"
124.170.96.73 - - [29/Jun/2021:08:39:06 -0400] "GET /wp-content/plugins/add-expires-headers/cache/0/com/processed-header-f16a8d323e83e1bc1b76514e283fb81b7090a959.min.css HTTP/1.1" 200 57981 "https://ajhydell.com/2021/06/27/a-united-states-soldier-holds-up-a-jungle-centipede-during-the-vietnam-war-1967-443x428/" "Mozilla/5.0 (Windows NT 10.0; Win64; x64) AppleWebKit/537.36 (KHTML, like Gecko) Chrome/91.0.4472.114 Safari/537.36 Edg/91.0.864.59"
124.170.96.73 - - [29/Jun/2021:08:39:06 -0400] "GET /wp-content/plugins/google-analytics-for-wordpress/assets/js/frontend-gtag.min.js?ver=7.17.0 HTTP/1.1" 200 3291 "https://ajhydell.com/2021/06/27/a-united-states-soldier-holds-up-a-jungle-centipede-during-the-vietnam-war-1967-443x428/" "Mozilla/5.0 (Windows NT 10.0; Win64; x64) AppleWebKit/537.36 (KHTML, like Gecko) Chrome/91.0.4472.114 Safari/537.36 Edg/91.0.864.59"
124.170.96.73 - - [29/Jun/2021:08:39:07 -0400] "GET /wp-includes/js/jquery/jquery.min.js?ver=3.5.1 HTTP/1.1" 200 31474 "https://ajhydell.com/2021/06/27/a-united-states-soldier-holds-up-a-jungle-centipede-during-the-vietnam-war-1967-443x428/" "Mozilla/5.0 (Windows NT 10.0; Win64; x64) AppleWebKit/537.36 (KHTML, like Gecko) Chrome/91.0.4472.114 Safari/537.36 Edg/91.0.864.59"
124.170.96.73 - - [29/Jun/2021:08:39:07 -0400] "GET /wp-includes/js/jquery/jquery-migrate.min.js?ver=3.3.2 HTTP/1.1" 200 5219 "https://ajhydell.com/2021/06/27/a-united-states-soldier-holds-up-a-jungle-centipede-during-the-vietnam-war-1967-443x428/" "Mozilla/5.0 (Windows NT 10.0; Win64; x64) AppleWebKit/537.36 (KHTML, like Gecko) Chrome/91.0.4472.114 Safari/537.36 Edg/91.0.864.59"
124.170.96.73 - - [29/Jun/2021:08:39:07 -0400] "GET /wp-content/plugins/wp-smushit/app/assets/js/smush-lazy-load.min.js?ver=3.8.5 HTTP/1.1" 200 4734 "https://ajhydell.com/2021/06/27/a-united-states-soldier-holds-up-a-jungle-centipede-during-the-vietnam-war-1967-443x428/" "Mozilla/5.0 (Windows NT 10.0; Win64; x64) AppleWebKit/537.36 (KHTML, like Gecko) Chrome/91.0.4472.114 Safari/537.36 Edg/91.0.864.59"
124.170.96.73 - - [29/Jun/2021:08:39:07 -0400] "GET /wp-content/themes/royal-magazine/js/navigation.js?ver=20151215 HTTP/1.1" 200 6543 "https://ajhydell.com/2021/06/27/a-united-states-soldier-holds-up-a-jungle-centipede-during-the-vietnam-war-1967-443x428/" "Mozilla/5.0 (Windows NT 10.0; Win64; x64) AppleWebKit/537.36 (KHTML, like Gecko) Chrome/91.0.4472.114 Safari/537.36 Edg/91.0.864.59"
124.170.96.73 - - [29/Jun/2021:08:39:07 -0400] "GET /wp-content/themes/royal-magazine/js/skip-link-focus-fix.js?ver=20151215 HTTP/1.1" 200 6134 "https://ajhydell.com/2021/06/27/a-united-states-soldier-holds-up-a-jungle-centipede-during-the-vietnam-war-1967-443x428/" "Mozilla/5.0 (Windows NT 10.0; Win64; x64) AppleWebKit/537.36 (KHTML, like Gecko) Chrome/91.0.4472.114 Safari/537.36 Edg/91.0.864.59"
124.170.96.73 - - [29/Jun/2021:08:39:07 -0400] "GET /wp-content/themes/royal-magazine/assets/libraries/slick/js/slick.min.js?ver=5.7.2 HTTP/1.1" 200 10690 "https://ajhydell.com/2021/06/27/a-united-states-soldier-holds-up-a-jungle-centipede-during-the-vietnam-war-1967-443x428/" "Mozilla/5.0 (Windows NT 10.0; Win64; x64) AppleWebKit/537.36 (KHTML, like Gecko) Chrome/91.0.4472.114 Safari/537.36 Edg/91.0.864.59"
124.170.96.73 - - [29/Jun/2021:08:39:07 -0400] "GET /wp-content/themes/royal-magazine/assets/libraries/bootstrap/js/bootstrap.min.js?ver=5.7.2 HTTP/1.1" 200 10350 "https://ajhydell.com/2021/06/27/a-united-states-soldier-holds-up-a-jungle-centipede-during-the-vietnam-war-1967-443x428/" "Mozilla/5.0 (Windows NT 10.0; Win64; x64) AppleWebKit/537.36 (KHTML, like Gecko) Chrome/91.0.4472.114 Safari/537.36 Edg/91.0.864.59"
124.170.96.73 - - [29/Jun/2021:08:39:07 -0400] "GET /wp-content/themes/royal-magazine/assets/libraries/marquee/jquery.marquee.js?ver=5.7.2 HTTP/1.1" 200 5071 "https://ajhydell.com/2021/06/27/a-united-states-soldier-holds-up-a-jungle-centipede-during-the-vietnam-war-1967-443x428/" "Mozilla/5.0 (Windows NT 10.0; Win64; x64) AppleWebKit/537.36 (KHTML, like Gecko) Chrome/91.0.4472.114 Safari/537.36 Edg/91.0.864.59"
124.170.96.73 - - [29/Jun/2021:08:39:07 -0400] "GET /wp-content/themes/royal-magazine/assets/libraries/theiaStickySidebar/theia-sticky-sidebar.min.js?ver=5.7.2 HTTP/1.1" 200 2236 "https://ajhydell.com/2021/06/27/a-united-states-soldier-holds-up-a-jungle-centipede-during-the-vietnam-war-1967-443x428/" "Mozilla/5.0 (Windows NT 10.0; Win64; x64) AppleWebKit/537.36 (KHTML, like Gecko) Chrome/91.0.4472.114 Safari/537.36 Edg/91.0.864.59"
124.170.96.73 - - [29/Jun/2021:08:39:07 -0400] "GET /wp-content/themes/royal-magazine/assets/libraries/magnific-popup/jquery.magnific-popup.min.js?ver=5.7.2 HTTP/1.1" 200 7838 "https://ajhydell.com/2021/06/27/a-united-states-soldier-holds-up-a-jungle-centipede-during-the-vietnam-war-1967-443x428/" "Mozilla/5.0 (Windows NT 10.0; Win64; x64) AppleWebKit/537.36 (KHTML, like Gecko) Chrome/91.0.4472.114 Safari/537.36 Edg/91.0.864.59"
124.170.96.73 - - [29/Jun/2021:08:39:07 -0400] "GET /wp-content/themes/royal-magazine/assets/twp/js/custom-script.js?ver=5.7.2 HTTP/1.1" 200 2995 "https://ajhydell.com/2021/06/27/a-united-states-soldier-holds-up-a-jungle-centipede-during-the-vietnam-war-1967-443x428/" "Mozilla/5.0 (Windows NT 10.0; Win64; x64) AppleWebKit/537.36 (KHTML, like Gecko) Chrome/91.0.4472.114 Safari/537.36 Edg/91.0.864.59"
124.170.96.73 - - [29/Jun/2021:08:39:07 -0400] "GET /wp-includes/js/wp-embed.min.js?ver=5.7.2 HTTP/1.1" 200 1209 "https://ajhydell.com/2021/06/27/a-united-states-soldier-holds-up-a-jungle-centipede-during-the-vietnam-war-1967-443x428/" "Mozilla/5.0 (Windows NT 10.0; Win64; x64) AppleWebKit/537.36 (KHTML, like Gecko) Chrome/91.0.4472.114 Safari/537.36 Edg/91.0.864.59"
124.170.96.73 - - [29/Jun/2021:08:39:07 -0400] "GET /wp-content/plugins/facebook-pagelike-widget/fb.js?ver=1.0 HTTP/1.1" 200 810 "https://ajhydell.com/2021/06/27/a-united-states-soldier-holds-up-a-jungle-centipede-during-the-vietnam-war-1967-443x428/" "Mozilla/5.0 (Windows NT 10.0; Win64; x64) AppleWebKit/537.36 (KHTML, like Gecko) Chrome/91.0.4472.114 Safari/537.36 Edg/91.0.864.59"
124.170.96.73 - - [29/Jun/2021:08:39:07 -0400] "GET /wp-includes/js/wp-emoji-release.min.js?ver=5.7.2 HTTP/1.1" 200 5152 "https://ajhydell.com/2021/06/27/a-united-states-soldier-holds-up-a-jungle-centipede-during-the-vietnam-war-1967-443x428/" "Mozilla/5.0 (Windows NT 10.0; Win64; x64) AppleWebKit/537.36 (KHTML, like Gecko) Chrome/91.0.4472.114 Safari/537.36 Edg/91.0.864.59"
124.170.96.73 - - [29/Jun/2021:08:39:07 -0400] "GET /wp-content/uploads/2021/06/picture-131.jpg HTTP/1.1" 200 56878 "https://ajhydell.com/2021/06/27/a-united-states-soldier-holds-up-a-jungle-centipede-during-the-vietnam-war-1967-443x428/" "Mozilla/5.0 (Windows NT 10.0; Win64; x64) AppleWebKit/537.36 (KHTML, like Gecko) Chrome/91.0.4472.114 Safari/537.36 Edg/91.0.864.59"
124.170.96.73 - - [29/Jun/2021:08:39:07 -0400] "GET /?wordfence_lh=1&hid=4FB053E5BB1885B6C7F8E45A8A5A799B&r=0.16143431396800234 HTTP/1.1" 200 347 "https://ajhydell.com/2021/06/27/a-united-states-soldier-holds-up-a-jungle-centipede-during-the-vietnam-war-1967-443x428/" "Mozilla/5.0 (Windows NT 10.0; Win64; x64) AppleWebKit/537.36 (KHTML, like Gecko) Chrome/91.0.4472.114 Safari/537.36 Edg/91.0.864.59"
124.170.96.73 - - [29/Jun/2021:08:39:08 -0400] "GET /wp-content/plugins/facebook-pagelike-widget/loader.gif HTTP/1.1" 200 8641 "https://ajhydell.com/2021/06/27/a-united-states-soldier-holds-up-a-jungle-centipede-during-the-vietnam-war-1967-443x428/" "Mozilla/5.0 (Windows NT 10.0; Win64; x64) AppleWebKit/537.36 (KHTML, like Gecko) Chrome/91.0.4472.114 Safari/537.36 Edg/91.0.864.59"
124.170.96.73 - - [29/Jun/2021:08:39:07 -0400] "GET /wp-content/themes/royal-magazine/assets/libraries/ionicons/fonts/ionicons.ttf HTTP/1.1" 200 189155 "https://ajhydell.com/wp-content/plugins/add-expires-headers/cache/0/com/processed-header-f16a8d323e83e1bc1b76514e283fb81b7090a959.min.css" "Mozilla/5.0 (Windows NT 10.0; Win64; x64) AppleWebKit/537.36 (KHTML, like Gecko) Chrome/91.0.4472.114 Safari/537.36 Edg/91.0.864.59"
124.170.96.73 - - [29/Jun/2021:08:39:10 -0400] "GET /wp-content/uploads/2018/08/cropped-logo-32x32.jpg HTTP/1.1" 200 1314 "https://ajhydell.com/2021/06/27/a-united-states-soldier-holds-up-a-jungle-centipede-during-the-vietnam-war-1967-443x428/" "Mozilla/5.0 (Windows NT 10.0; Win64; x64) AppleWebKit/537.36 (KHTML, like Gecko) Chrome/91.0.4472.114 Safari/537.36 Edg/91.0.864.59"
124.170.96.73 - - [29/Jun/2021:08:39:31 -0400] "GET /2021/06/27/jewish-soldiers-from-the-german-and-austro-hungarian-empire-celebrating-hanukkah-1916/ HTTP/1.1" 200 13484 "https://ajhydell.com/2021/06/27/a-united-states-soldier-holds-up-a-jungle-centipede-during-the-vietnam-war-1967-443x428/" "Mozilla/5.0 (Windows NT 10.0; Win64; x64) AppleWebKit/537.36 (KHTML, like Gecko) Chrome/91.0.4472.114 Safari/537.36 Edg/91.0.864.59"
124.170.96.73 - - [29/Jun/2021:08:39:31 -0400] "GET /wp-content/uploads/2021/06/picture-130-2048x1531.jpg HTTP/1.1" 200 522268 "https://ajhydell.com/2021/06/27/jewish-soldiers-from-the-german-and-austro-hungarian-empire-celebrating-hanukkah-1916/" "Mozilla/5.0 (Windows NT 10.0; Win64; x64) AppleWebKit/537.36 (KHTML, like Gecko) Chrome/91.0.4472.114 Safari/537.36 Edg/91.0.864.59"
204.48.19.85 - - [29/Jun/2021:08:39:48 -0400] "POST /wp-cron.php?doing_wp_cron=1624970388.7721219062805175781250 HTTP/1.1" 200 5463 "https://ajhydell.com/wp-cron.php?doing_wp_cron=1624970388.7721219062805175781250" "WordPress/5.7.2; https://ajhydell.com"
124.170.96.73 - - [29/Jun/2021:08:39:48 -0400] "GET /?wordfence_lh=1&hid=4FB053E5BB1885B6C7F8E45A8A5A799B&r=0.1788800412638203 HTTP/1.1" 200 906 "https://ajhydell.com/2021/06/27/a-united-states-soldier-holds-up-a-jungle-centipede-during-the-vietnam-war-1967-443x428/" "Mozilla/5.0 (Windows NT 10.0; Win64; x64) AppleWebKit/537.36 (KHTML, like Gecko) Chrome/91.0.4472.114 Safari/537.36 Edg/91.0.864.59"
124.170.96.73 - - [29/Jun/2021:08:39:51 -0400] "-" 408 5209 "-" "-"
124.170.96.73 - - [29/Jun/2021:08:39:54 -0400] "GET /2021/06/27/spoiled-youth-you-better-get-married-soon-soviet-union-1979/ HTTP/1.1" 200 13175 "https://ajhydell.com/2021/06/27/a-united-states-soldier-holds-up-a-jungle-centipede-during-the-vietnam-war-1967-443x428/" "Mozilla/5.0 (Windows NT 10.0; Win64; x64) AppleWebKit/537.36 (KHTML, like Gecko) Chrome/91.0.4472.114 Safari/537.36 Edg/91.0.864.59"
124.170.96.73 - - [29/Jun/2021:08:39:54 -0400] "GET /wp-content/uploads/2021/06/picture-132.jpg HTTP/1.1" 200 327146 "https://ajhydell.com/2021/06/27/spoiled-youth-you-better-get-married-soon-soviet-union-1979/" "Mozilla/5.0 (Windows NT 10.0; Win64; x64) AppleWebKit/537.36 (KHTML, like Gecko) Chrome/91.0.4472.114 Safari/537.36 Edg/91.0.864.59"
124.170.96.73 - - [29/Jun/2021:08:40:14 -0400] "-" 408 559 "-" "-"
124.170.96.73 - - [29/Jun/2021:08:40:14 -0400] "-" 408 5209 "-" "-"
124.170.96.73 - - [29/Jun/2021:08:40:30 -0400] "GET /2021/06/27/soviet-poster-about-hiroshima-c-1991/ HTTP/1.1" 200 13273 "https://ajhydell.com/2021/06/27/spoiled-youth-you-better-get-married-soon-soviet-union-1979/" "Mozilla/5.0 (Windows NT 10.0; Win64; x64) AppleWebKit/537.36 (KHTML, like Gecko) Chrome/91.0.4472.114 Safari/537.36 Edg/91.0.864.59"
124.170.96.73 - - [29/Jun/2021:08:40:31 -0400] "GET /wp-content/uploads/2021/06/picture-133.jpg HTTP/1.1" 200 1094556 "https://ajhydell.com/2021/06/27/soviet-poster-about-hiroshima-c-1991/" "Mozilla/5.0 (Windows NT 10.0; Win64; x64) AppleWebKit/537.36 (KHTML, like Gecko) Chrome/91.0.4472.114 Safari/537.36 Edg/91.0.864.59"
124.170.96.73 - - [29/Jun/2021:08:40:50 -0400] "-" 408 559 "-" "-"
124.170.96.73 - - [29/Jun/2021:08:40:50 -0400] "-" 408 5209 "-" "-"
204.48.19.85 - - [29/Jun/2021:08:41:33 -0400] "POST /wp-cron.php?doing_wp_cron=1624970493.8130838871002197265625 HTTP/1.1" 200 5463 "https://ajhydell.com/wp-cron.php?doing_wp_cron=1624970493.8130838871002197265625" "WordPress/5.7.2; https://ajhydell.com"
54.36.149.36 - - [29/Jun/2021:08:41:33 -0400] "GET /2019/09/11/you-may-think-youre-seeing-double-but-this-is-just-one-washer-that-washes-clothes-and-dishes-thor-automatic-washer-ad-1945/ HTTP/1.1" 200 18357 "-" "Mozilla/5.0 (compatible; AhrefsBot/7.0; +http://ahrefs.com/robot/)"
204.48.19.85 - - [29/Jun/2021:08:42:05 -0400] "POST /wp-cron.php?doing_wp_cron=1624970525.5396389961242675781250 HTTP/1.1" 200 5463 "https://ajhydell.com/wp-cron.php?doing_wp_cron=1624970525.5396389961242675781250" "WordPress/5.7.2; https://ajhydell.com"
185.191.171.38 - - [29/Jun/2021:08:42:05 -0400] "GET /2021/06/25/kohler-bathroom-fixtures-1969/ HTTP/1.1" 200 18034 "-" "Mozilla/5.0 (compatible; SemrushBot/7~bl; +http://www.semrush.com/bot.html)"
204.48.19.85 - - [29/Jun/2021:08:44:12 -0400] "POST /wp-cron.php?doing_wp_cron=1624970652.6552510261535644531250 HTTP/1.1" 200 5463 "https://ajhydell.com/wp-cron.php?doing_wp_cron=1624970652.6552510261535644531250" "WordPress/5.7.2; https://ajhydell.com"
54.36.148.252 - - [29/Jun/2021:08:44:11 -0400] "GET /2020/01/15/the-italian-town-of-recco-before-1940-and-in-1945-a-small-coastal-town-of-5000-inhabitants-in-liguria-east-of-genoa-recco-was-bombed-27-times-owing-to-a-strategically-important-railway-viaduct-ph/ HTTP/1.1" 200 18582 "-" "Mozilla/5.0 (compatible; AhrefsBot/7.0; +http://ahrefs.com/robot/)"
204.48.19.85 - - [29/Jun/2021:08:44:56 -0400] "POST /wp-cron.php?doing_wp_cron=1624970696.2002820968627929687500 HTTP/1.1" 200 5463 "https://ajhydell.com/wp-cron.php?doing_wp_cron=1624970696.2002820968627929687500" "WordPress/5.7.2; https://ajhydell.com"
66.249.70.112 - - [29/Jun/2021:08:44:56 -0400] "GET /feed/ HTTP/1.1" 200 7709 "-" "Mozilla/5.0 (compatible; Googlebot/2.1; +http://www.google.com/bot.html)"
13.89.106.77 - - [29/Jun/2021:08:45:30 -0400] "GET /wp-content/uploads/2019/12/picture-29-745x1024.jpg HTTP/1.1" 200 160681 "-" "DuckDuckBot/1.1; (+http://duckduckgo.com/duckduckbot.html)"
204.48.19.85 - - [29/Jun/2021:08:46:41 -0400] "POST /wp-cron.php?doing_wp_cron=1624970801.5051989555358886718750 HTTP/1.1" 200 5463 "https://ajhydell.com/wp-cron.php?doing_wp_cron=1624970801.5051989555358886718750" "WordPress/5.7.2; https://ajhydell.com"
54.36.148.34 - - [29/Jun/2021:08:46:41 -0400] "GET /2020/05/24/europe-will-be-free-soviet-russian-propaganda-posters-during-ww2-1944/ HTTP/1.1" 200 18179 "-" "Mozilla/5.0 (compatible; AhrefsBot/7.0; +http://ahrefs.com/robot/)"
204.48.19.85 - - [29/Jun/2021:08:48:30 -0400] "POST /wp-cron.php?doing_wp_cron=1624970910.5494248867034912109375 HTTP/1.1" 200 5463 "https://ajhydell.com/wp-cron.php?doing_wp_cron=1624970910.5494248867034912109375" "WordPress/5.7.2; https://ajhydell.com"
66.249.70.110 - - [29/Jun/2021:08:48:30 -0400] "GET /2020/11/15/three-dead-german-waffen-ss-troops-lay-on-the-ground-after-trying-to-stop-an-advance-of-an-american-armored-column-using-a-panzershreck-note-the-stg-44-to-the-right/feed/ HTTP/1.1" 200 6461 "-" "Mozilla/5.0 (Linux; Android 6.0.1; Nexus 5X Build/MMB29P) AppleWebKit/537.36 (KHTML, like Gecko) Chrome/91.0.4472.90 Mobile Safari/537.36 (compatible; Googlebot/2.1; +http://www.google.com/bot.html)"
204.48.19.85 - - [29/Jun/2021:08:49:10 -0400] "POST /wp-cron.php?doing_wp_cron=1624970950.5942480564117431640625 HTTP/1.1" 200 5463 "https://ajhydell.com/wp-cron.php?doing_wp_cron=1624970950.5942480564117431640625" "WordPress/5.7.2; https://ajhydell.com"
54.36.148.183 - - [29/Jun/2021:08:49:10 -0400] "GET /2018/08/21/harold-hamilton-a-scientist-with-the-first-australian-antarctic-expedition-with-the-skeleton-of-a-sea-lion-ca-1913-549x822/ HTTP/1.1" 200 18439 "-" "Mozilla/5.0 (compatible; AhrefsBot/7.0; +http://ahrefs.com/robot/)"
204.48.19.85 - - [29/Jun/2021:08:50:16 -0400] "POST /wp-cron.php?doing_wp_cron=1624971016.3030750751495361328125 HTTP/1.1" 200 5463 "https://ajhydell.com/wp-cron.php?doing_wp_cron=1624971016.3030750751495361328125" "WordPress/5.7.2; https://ajhydell.com"
118.184.177.68 - - [29/Jun/2021:08:50:16 -0400] "GET / HTTP/1.1" 200 19473 "-" "Sogou web spider/4.0(+http://www.sogou.com/docs/help/webmasters.htm#07)"
204.48.19.85 - - [29/Jun/2021:08:51:36 -0400] "POST /wp-cron.php?doing_wp_cron=1624971095.9962720870971679687500 HTTP/1.1" 200 5463 "https://ajhydell.com/wp-cron.php?doing_wp_cron=1624971095.9962720870971679687500" "WordPress/5.7.2; https://ajhydell.com"
54.36.149.36 - - [29/Jun/2021:08:51:35 -0400] "GET /2018/09/20/hair-upstairs-commercial-i-have-no-explanation-for-this-1989/ HTTP/1.1" 200 18195 "-" "Mozilla/5.0 (compatible; AhrefsBot/7.0; +http://ahrefs.com/robot/)"
204.48.19.85 - - [29/Jun/2021:08:53:11 -0400] "POST /wp-cron.php?doing_wp_cron=1624971191.8005280494689941406250 HTTP/1.1" 200 5463 "https://ajhydell.com/wp-cron.php?doing_wp_cron=1624971191.8005280494689941406250" "WordPress/5.7.2; https://ajhydell.com"
185.191.171.21 - - [29/Jun/2021:08:53:11 -0400] "GET /2020/11/26/coal-miner-and-his-family-in-their-home-scotts-run-west-virginia-march-19-1937-3000x2194/ HTTP/1.1" 200 18220 "-" "Mozilla/5.0 (compatible; SemrushBot/7~bl; +http://www.semrush.com/bot.html)"
204.48.19.85 - - [29/Jun/2021:08:53:50 -0400] "POST /wp-cron.php?doing_wp_cron=1624971230.1435549259185791015625 HTTP/1.1" 200 5463 "https://ajhydell.com/wp-cron.php?doing_wp_cron=1624971230.1435549259185791015625" "WordPress/5.7.2; https://ajhydell.com"
54.36.149.24 - - [29/Jun/2021:08:53:50 -0400] "GET /2020/02/17/ibanez-series-ii-guitars-1975/ HTTP/1.1" 200 18172 "-" "Mozilla/5.0 (compatible; AhrefsBot/7.0; +http://ahrefs.com/robot/)"
185.191.171.5 - - [29/Jun/2021:08:54:42 -0400] "GET /2021/04/05/i-serve-the-soviet-union-soviet-poster-1971/ HTTP/1.1" 200 18166 "-" "Mozilla/5.0 (compatible; SemrushBot/7~bl; +http://www.semrush.com/bot.html)"
204.48.19.85 - - [29/Jun/2021:08:55:01 -0400] "POST /wp-cron.php?doing_wp_cron=1624971301.9024848937988281250000 HTTP/1.1" 200 5463 "https://ajhydell.com/wp-cron.php?doing_wp_cron=1624971301.9024848937988281250000" "WordPress/5.7.2; https://ajhydell.com"
