54.36.148.117 - - [09/Jul/2021:06:08:34 -0400] "GET /2021/06/12/tank-destroyer-pre-invasion-practice-slapton-sands-devon-england-exercise-tiger-april-1944/ HTTP/1.1" 200 19161 "-" "Mozilla/5.0 (compatible; AhrefsBot/7.0; +http://ahrefs.com/robot/)"
114.119.147.211 - - [09/Jul/2021:06:08:34 -0400] "GET /2019/04/30/ HTTP/1.1" 200 17641 "-" "Mozilla/5.0 (Linux; Android 7.0;) AppleWebKit/537.36 (KHTML, like Gecko) Mobile Safari/537.36 (compatible; PetalBot;+https://webmaster.petalsearch.com/site/petalbot)"
204.48.19.85 - - [09/Jul/2021:06:09:07 -0400] "POST /wp-cron.php?doing_wp_cron=1625825347.9483349323272705078125 HTTP/1.1" 200 6295 "https://ajhydell.com/wp-cron.php?doing_wp_cron=1625825347.9483349323272705078125" "WordPress/5.7.2; https://ajhydell.com"
54.236.1.11 - - [09/Jul/2021:06:09:07 -0400] "GET /2019/11/20/its-a-salad-its-a-dessert-kraft-philadelphia-cream-cheese-1950/ HTTP/1.1" 200 18404 "-" "Mozilla/5.0 (compatible; Pinterestbot/1.0; +http://www.pinterest.com/bot.html)"
114.119.145.169 - - [09/Jul/2021:06:09:39 -0400] "GET /page/38 HTTP/1.1" 301 5714 "-" "Mozilla/5.0 (Linux; Android 7.0;) AppleWebKit/537.36 (KHTML, like Gecko) Mobile Safari/537.36 (compatible; PetalBot;+https://webmaster.petalsearch.com/site/petalbot)"
114.119.145.169 - - [09/Jul/2021:06:09:40 -0400] "GET /page/38/ HTTP/1.1" 200 15070 "-" "Mozilla/5.0 (Linux; Android 7.0;) AppleWebKit/537.36 (KHTML, like Gecko) Mobile Safari/537.36 (compatible; PetalBot;+https://webmaster.petalsearch.com/site/petalbot)"
204.48.19.85 - - [09/Jul/2021:06:09:51 -0400] "POST /wp-cron.php?doing_wp_cron=1625825391.4855690002441406250000 HTTP/1.1" 200 6295 "https://ajhydell.com/wp-cron.php?doing_wp_cron=1625825391.4855690002441406250000" "WordPress/5.7.2; https://ajhydell.com"
40.77.167.7 - - [09/Jul/2021:06:09:51 -0400] "GET /2021/01/05/anti-iraq-poster-daily-mirror-2003/ HTTP/1.1" 200 18608 "-" "Mozilla/5.0 (compatible; bingbot/2.0; +http://www.bing.com/bingbot.htm)"
185.191.171.8 - - [09/Jul/2021:06:10:06 -0400] "GET /2020/02/17/ibanez-series-ii-guitars-1975/ HTTP/1.1" 200 18953 "-" "Mozilla/5.0 (compatible; SemrushBot/7~bl; +http://www.semrush.com/bot.html)"
5.255.253.148 - - [09/Jul/2021:06:10:25 -0400] "GET /2021/03/02/ HTTP/1.1" 200 18886 "-" "Mozilla/5.0 (compatible; YandexBot/3.0; +http://yandex.com/bots)"
204.48.19.85 - - [09/Jul/2021:06:11:36 -0400] "POST /wp-cron.php?doing_wp_cron=1625825496.6523430347442626953125 HTTP/1.1" 200 6295 "https://ajhydell.com/wp-cron.php?doing_wp_cron=1625825496.6523430347442626953125" "WordPress/5.7.2; https://ajhydell.com"
114.119.143.168 - - [09/Jul/2021:06:11:36 -0400] "GET /2019/04/06/ HTTP/1.1" 200 17643 "-" "Mozilla/5.0 (Linux; Android 7.0;) AppleWebKit/537.36 (KHTML, like Gecko) Mobile Safari/537.36 (compatible; PetalBot;+https://webmaster.petalsearch.com/site/petalbot)"
66.249.66.136 - - [09/Jul/2021:06:13:39 -0400] "GET /wp-content/uploads/2021/06/picture-46-1024x806.jpg HTTP/1.1" 200 151450 "-" "Googlebot-Image/1.0"
204.48.19.85 - - [09/Jul/2021:06:14:48 -0400] "POST /wp-cron.php?doing_wp_cron=1625825688.6624250411987304687500 HTTP/1.1" 200 6295 "https://ajhydell.com/wp-cron.php?doing_wp_cron=1625825688.6624250411987304687500" "WordPress/5.7.2; https://ajhydell.com"
114.119.151.146 - - [09/Jul/2021:06:14:48 -0400] "GET /category/uncategorized/page/27/ HTTP/1.1" 200 19675 "-" "Mozilla/5.0 (Linux; Android 7.0;) AppleWebKit/537.36 (KHTML, like Gecko) Mobile Safari/537.36 (compatible; PetalBot;+https://webmaster.petalsearch.com/site/petalbot)"
66.249.66.134 - - [09/Jul/2021:06:15:22 -0400] "GET /2019/02/28/german-hospital-has-wounded-soldiers-with-artificial-limbs-exercising-for-their-recovery/ HTTP/1.1" 200 19139 "-" "Mozilla/5.0 (compatible; Googlebot/2.1; +http://www.google.com/bot.html)"
204.48.19.85 - - [09/Jul/2021:06:15:52 -0400] "POST /wp-cron.php?doing_wp_cron=1625825752.8858580589294433593750 HTTP/1.1" 200 6295 "https://ajhydell.com/wp-cron.php?doing_wp_cron=1625825752.8858580589294433593750" "WordPress/5.7.2; https://ajhydell.com"
114.119.158.133 - - [09/Jul/2021:06:15:52 -0400] "GET /2021/01/09/us-coast-guard-soldiers-searching-for-german-weather-stations-on-greenland-date-unknown-1280x890 HTTP/1.1" 301 5859 "-" "Mozilla/5.0 (Linux; Android 7.0;) AppleWebKit/537.36 (KHTML, like Gecko) Mobile Safari/537.36 (compatible; PetalBot;+https://webmaster.petalsearch.com/site/petalbot)"
114.119.158.133 - - [09/Jul/2021:06:15:53 -0400] "GET /2021/01/09/us-coast-guard-soldiers-searching-for-german-weather-stations-on-greenland-date-unknown-1280x890/ HTTP/1.1" 200 13177 "-" "Mozilla/5.0 (Linux; Android 7.0;) AppleWebKit/537.36 (KHTML, like Gecko) Mobile Safari/537.36 (compatible; PetalBot;+https://webmaster.petalsearch.com/site/petalbot)"
204.48.19.85 - - [09/Jul/2021:06:16:02 -0400] "POST /wp-cron.php?doing_wp_cron=1625825762.9517419338226318359375 HTTP/1.1" 200 6295 "https://ajhydell.com/wp-cron.php?doing_wp_cron=1625825762.9517419338226318359375" "WordPress/5.7.2; https://ajhydell.com"
185.191.171.40 - - [09/Jul/2021:06:16:02 -0400] "GET /2018/09/21/ HTTP/1.1" 200 19033 "-" "Mozilla/5.0 (compatible; SemrushBot/7~bl; +http://www.semrush.com/bot.html)"
204.48.19.85 - - [09/Jul/2021:06:17:49 -0400] "POST /wp-cron.php?doing_wp_cron=1625825869.5003309249877929687500 HTTP/1.1" 200 6295 "https://ajhydell.com/wp-cron.php?doing_wp_cron=1625825869.5003309249877929687500" "WordPress/5.7.2; https://ajhydell.com"
114.119.151.93 - - [09/Jul/2021:06:17:49 -0400] "GET /2020/05/25/ww2-poster-warning-to-armed-forces-1940s/ HTTP/1.1" 200 18463 "-" "Mozilla/5.0 (Linux; Android 7.0;) AppleWebKit/537.36 (KHTML, like Gecko) Mobile Safari/537.36 (compatible; PetalBot;+https://webmaster.petalsearch.com/site/petalbot)"
204.48.19.85 - - [09/Jul/2021:06:19:43 -0400] "POST /wp-cron.php?doing_wp_cron=1625825983.1454100608825683593750 HTTP/1.1" 200 6295 "https://ajhydell.com/wp-cron.php?doing_wp_cron=1625825983.1454100608825683593750" "WordPress/5.7.2; https://ajhydell.com"
157.55.39.62 - - [09/Jul/2021:06:19:43 -0400] "GET /2018/08/13/young-girl-in-the-hospital-receiving-medical-therapy-from-ducklings-1956-605x537/ HTTP/1.1" 200 18532 "-" "Mozilla/5.0 (compatible; bingbot/2.0; +http://www.bing.com/bingbot.htm)"
204.48.19.85 - - [09/Jul/2021:06:20:42 -0400] "POST /wp-cron.php?doing_wp_cron=1625826042.3296430110931396484375 HTTP/1.1" 200 6295 "https://ajhydell.com/wp-cron.php?doing_wp_cron=1625826042.3296430110931396484375" "WordPress/5.7.2; https://ajhydell.com"
114.119.132.183 - - [09/Jul/2021:06:20:42 -0400] "GET /2021/04/23/ HTTP/1.1" 200 18395 "-" "Mozilla/5.0 (Linux; Android 7.0;) AppleWebKit/537.36 (KHTML, like Gecko) Mobile Safari/537.36 (compatible; PetalBot;+https://webmaster.petalsearch.com/site/petalbot)"
204.48.19.85 - - [09/Jul/2021:06:22:21 -0400] "POST /wp-cron.php?doing_wp_cron=1625826141.8772819042205810546875 HTTP/1.1" 200 6295 "https://ajhydell.com/wp-cron.php?doing_wp_cron=1625826141.8772819042205810546875" "WordPress/5.7.2; https://ajhydell.com"
114.119.143.168 - - [09/Jul/2021:06:22:21 -0400] "GET /2019/01/17 HTTP/1.1" 301 5717 "-" "Mozilla/5.0 (Linux; Android 7.0;) AppleWebKit/537.36 (KHTML, like Gecko) Mobile Safari/537.36 (compatible; PetalBot;+https://webmaster.petalsearch.com/site/petalbot)"
114.119.143.168 - - [09/Jul/2021:06:22:22 -0400] "GET /2019/01/17/ HTTP/1.1" 200 12616 "-" "Mozilla/5.0 (Linux; Android 7.0;) AppleWebKit/537.36 (KHTML, like Gecko) Mobile Safari/537.36 (compatible; PetalBot;+https://webmaster.petalsearch.com/site/petalbot)"
76.170.170.199 - - [09/Jul/2021:06:23:41 -0400] "GET /wp-content/uploads/2018/08/picture-80.jpg HTTP/1.1" 200 532267 "https://www.google.com/" "Mozilla/5.0 (Windows NT 10.0; Win64; x64; rv:89.0) Gecko/20100101 Firefox/89.0"
204.48.19.85 - - [09/Jul/2021:06:24:04 -0400] "POST /wp-cron.php?doing_wp_cron=1625826244.8596770763397216796875 HTTP/1.1" 200 6295 "https://ajhydell.com/wp-cron.php?doing_wp_cron=1625826244.8596770763397216796875" "WordPress/5.7.2; https://ajhydell.com"
17.121.115.87 - - [09/Jul/2021:06:24:04 -0400] "GET /2019/08/29/looters-and-policeman-during-watts-riots-los-angeles-1965-photo-by-julian-wasserman-1200-x-800/ HTTP/1.1" 200 18369 "-" "Mozilla/5.0 (Macintosh; Intel Mac OS X 10_15_5) AppleWebKit/605.1.15 (KHTML, like Gecko) Version/13.1.1 Safari/605.1.15 (Applebot/0.1; +http://www.apple.com/go/applebot)"
5.255.253.148 - - [09/Jul/2021:06:24:35 -0400] "GET /robots.txt HTTP/1.1" 200 6535 "-" "Mozilla/5.0 (compatible; YandexBot/3.0; +http://yandex.com/bots)"
114.119.132.183 - - [09/Jul/2021:06:24:35 -0400] "GET /2019/05/20/bruce-the-shark-from-jaws-1975-600x300 HTTP/1.1" 301 5801 "-" "Mozilla/5.0 (Linux; Android 7.0;) AppleWebKit/537.36 (KHTML, like Gecko) Mobile Safari/537.36 (compatible; PetalBot;+https://webmaster.petalsearch.com/site/petalbot)"
114.119.132.183 - - [09/Jul/2021:06:24:37 -0400] "GET /2019/05/20/bruce-the-shark-from-jaws-1975-600x300/ HTTP/1.1" 200 12976 "-" "Mozilla/5.0 (Linux; Android 7.0;) AppleWebKit/537.36 (KHTML, like Gecko) Mobile Safari/537.36 (compatible; PetalBot;+https://webmaster.petalsearch.com/site/petalbot)"
5.255.253.148 - - [09/Jul/2021:06:24:38 -0400] "GET /wp-content/uploads/2020/04/picture-56.jpg HTTP/1.1" 200 206787 "-" "Mozilla/5.0 (compatible; YandexImages/3.0; +http://yandex.com/bots)"
204.48.19.85 - - [09/Jul/2021:06:24:47 -0400] "POST /wp-cron.php?doing_wp_cron=1625826287.1915190219879150390625 HTTP/1.1" 200 6295 "https://ajhydell.com/wp-cron.php?doing_wp_cron=1625826287.1915190219879150390625" "WordPress/5.7.2; https://ajhydell.com"
173.252.127.15 - - [09/Jul/2021:06:24:47 -0400] "GET /2021/04/14/the-conservative-party-elections-poster-from-1992-united-kingdom-general-election/ HTTP/1.1" 206 19164 "-" "facebookexternalhit/1.1 (+http://www.facebook.com/externalhit_uatext.php)"
173.252.127.12 - - [09/Jul/2021:06:24:47 -0400] "GET /2021/04/14/the-conservative-party-elections-poster-from-1992-united-kingdom-general-election/ HTTP/1.1" 206 19165 "-" "facebookexternalhit/1.1 (+http://www.facebook.com/externalhit_uatext.php)"
111.225.149.172 - - [09/Jul/2021:06:26:10 -0400] "GET /wp-content/uploads/2020/05/picture-56.jpg HTTP/1.1" 301 647 "http://lexiangwan.com/Baged-Cookies-1940.html" "Mozilla/5.0 (Linux; Android 5.0) AppleWebKit/537.36 (KHTML, like Gecko) Mobile Safari/537.36 (compatible; Bytespider; https://zhanzhang.toutiao.com/)"
204.48.19.85 - - [09/Jul/2021:06:26:36 -0400] "POST /wp-cron.php?doing_wp_cron=1625826396.4086389541625976562500 HTTP/1.1" 200 6295 "https://ajhydell.com/wp-cron.php?doing_wp_cron=1625826396.4086389541625976562500" "WordPress/5.7.2; https://ajhydell.com"
114.119.151.146 - - [09/Jul/2021:06:26:36 -0400] "GET /2020/10/08/the-tandy-1000-hx-october-1988 HTTP/1.1" 301 5793 "-" "Mozilla/5.0 (Linux; Android 7.0;) AppleWebKit/537.36 (KHTML, like Gecko) Mobile Safari/537.36 (compatible; PetalBot;+https://webmaster.petalsearch.com/site/petalbot)"
114.119.151.146 - - [09/Jul/2021:06:26:37 -0400] "GET /2020/10/08/the-tandy-1000-hx-october-1988/ HTTP/1.1" 200 13085 "-" "Mozilla/5.0 (Linux; Android 7.0;) AppleWebKit/537.36 (KHTML, like Gecko) Mobile Safari/537.36 (compatible; PetalBot;+https://webmaster.petalsearch.com/site/petalbot)"
204.48.19.85 - - [09/Jul/2021:06:27:48 -0400] "POST /wp-cron.php?doing_wp_cron=1625826468.0151779651641845703125 HTTP/1.1" 200 6295 "https://ajhydell.com/wp-cron.php?doing_wp_cron=1625826468.0151779651641845703125" "WordPress/5.7.2; https://ajhydell.com"
66.249.66.132 - - [09/Jul/2021:06:27:47 -0400] "GET /feed/ HTTP/1.1" 200 8672 "-" "Mozilla/5.0 (compatible; Googlebot/2.1; +http://www.google.com/bot.html)"
207.46.13.67 - - [09/Jul/2021:06:28:06 -0400] "GET /sitemap-pt-customize_changeset-2019-08.xml HTTP/1.1" 200 6330 "-" "Mozilla/5.0 (compatible; bingbot/2.0; +http://www.bing.com/bingbot.htm)"
114.119.143.210 - - [09/Jul/2021:06:28:12 -0400] "GET /2019/10/31/soldiers-of-the-7th-bersaglieri-regiment-during-the-siege-of-tobruk-summer-of-1941-2024-x-1376/ HTTP/1.1" 200 18403 "-" "Mozilla/5.0 (Linux; Android 7.0;) AppleWebKit/537.36 (KHTML, like Gecko) Mobile Safari/537.36 (compatible; PetalBot;+https://webmaster.petalsearch.com/site/petalbot)"
185.191.171.22 - - [09/Jul/2021:06:28:15 -0400] "GET /2021/03/18/american-soldiers-inspecting-the-maginot-line-early-1945/ HTTP/1.1" 200 19152 "-" "Mozilla/5.0 (compatible; SemrushBot/7~bl; +http://www.semrush.com/bot.html)"
204.48.19.85 - - [09/Jul/2021:06:29:27 -0400] "POST /wp-cron.php?doing_wp_cron=1625826567.9293360710144042968750 HTTP/1.1" 200 6295 "https://ajhydell.com/wp-cron.php?doing_wp_cron=1625826567.9293360710144042968750" "WordPress/5.7.2; https://ajhydell.com"
66.249.66.132 - - [09/Jul/2021:06:29:27 -0400] "GET /feed/ HTTP/1.1" 200 8672 "-" "Mozilla/5.0 (compatible; Googlebot/2.1; +http://www.google.com/bot.html)"
204.48.19.85 - - [09/Jul/2021:06:29:50 -0400] "POST /wp-cron.php?doing_wp_cron=1625826590.9069631099700927734375 HTTP/1.1" 200 6295 "https://ajhydell.com/wp-cron.php?doing_wp_cron=1625826590.9069631099700927734375" "WordPress/5.7.2; https://ajhydell.com"
207.46.13.70 - - [09/Jul/2021:06:29:50 -0400] "GET /2021/06/30/john-f-kennedy-campaigning-door-to-door-in-west-virginia-1960-640x793/feed/ HTTP/1.1" 200 6786 "-" "Mozilla/5.0 (compatible; bingbot/2.0; +http://www.bing.com/bingbot.htm)"
114.119.151.93 - - [09/Jul/2021:06:30:10 -0400] "GET /2020/03/28/cover-up-coughs-and-sneezes-spread-diseases-cover-up-nw-pa-tb-health-society-usa-1940s HTTP/1.1" 301 5849 "-" "Mozilla/5.0 (Linux; Android 7.0;) AppleWebKit/537.36 (KHTML, like Gecko) Mobile Safari/537.36 (compatible; PetalBot;+https://webmaster.petalsearch.com/site/petalbot)"
114.119.151.93 - - [09/Jul/2021:06:30:11 -0400] "GET /2020/03/28/cover-up-coughs-and-sneezes-spread-diseases-cover-up-nw-pa-tb-health-society-usa-1940s/ HTTP/1.1" 200 13138 "-" "Mozilla/5.0 (Linux; Android 7.0;) AppleWebKit/537.36 (KHTML, like Gecko) Mobile Safari/537.36 (compatible; PetalBot;+https://webmaster.petalsearch.com/site/petalbot)"
216.244.66.250 - - [09/Jul/2021:06:30:35 -0400] "GET /robots.txt HTTP/1.1" 301 529 "-" "Mozilla/5.0 (compatible; DotBot/1.2; +https://opensiteexplorer.org/dotbot; help@moz.com)"
216.244.66.250 - - [09/Jul/2021:06:30:35 -0400] "GET /robots.txt HTTP/1.1" 200 5859 "-" "Mozilla/5.0 (compatible; DotBot/1.2; +https://opensiteexplorer.org/dotbot; help@moz.com)"
157.55.39.62 - - [09/Jul/2021:06:32:04 -0400] "GET /wp-content/uploads/2020/01/picture-57.jpg HTTP/1.1" 200 98534 "-" "Mozilla/5.0 (compatible; bingbot/2.0; +http://www.bing.com/bingbot.htm)"
204.48.19.85 - - [09/Jul/2021:06:32:08 -0400] "POST /wp-cron.php?doing_wp_cron=1625826728.5874869823455810546875 HTTP/1.1" 200 6295 "https://ajhydell.com/wp-cron.php?doing_wp_cron=1625826728.5874869823455810546875" "WordPress/5.7.2; https://ajhydell.com"
114.119.143.210 - - [09/Jul/2021:06:32:08 -0400] "GET /2019/10/24/a-p2v-neptune-u-s-patrol-plane-flies-over-a-soviet-freighter-during-the-cuban-missile-crisis-in-1962/ HTTP/1.1" 200 18419 "-" "Mozilla/5.0 (Linux; Android 7.0;) AppleWebKit/537.36 (KHTML, like Gecko) Mobile Safari/537.36 (compatible; PetalBot;+https://webmaster.petalsearch.com/site/petalbot)"
54.236.1.11 - - [09/Jul/2021:06:32:16 -0400] "GET /2019/11/21/neither-soviet-star-or-swastika-against-dictatorship-against-violence-and-barbarism-poster-for-the-swedish-labour-party-1930s/ HTTP/1.1" 200 18495 "-" "Mozilla/5.0 (compatible; Pinterestbot/1.0; +http://www.pinterest.com/bot.html)"
185.247.225.61 - - [09/Jul/2021:06:32:25 -0400] "GET /WFimageboard.php HTTP/1.1" 404 64955 "-" "Mozilla/5.0 (Windows NT 10.0; rv:78.0) Gecko/20100101 Firefox/78.0"
204.48.19.85 - - [09/Jul/2021:06:33:30 -0400] "POST /wp-cron.php?doing_wp_cron=1625826810.2111840248107910156250 HTTP/1.1" 200 6295 "https://ajhydell.com/wp-cron.php?doing_wp_cron=1625826810.2111840248107910156250" "WordPress/5.7.2; https://ajhydell.com"
185.191.171.16 - - [09/Jul/2021:06:33:30 -0400] "GET /2021/05/01/ HTTP/1.1" 200 18900 "-" "Mozilla/5.0 (compatible; SemrushBot/7~bl; +http://www.semrush.com/bot.html)"
204.48.19.85 - - [09/Jul/2021:06:34:02 -0400] "POST /wp-cron.php?doing_wp_cron=1625826842.0311520099639892578125 HTTP/1.1" 200 6295 "https://ajhydell.com/wp-cron.php?doing_wp_cron=1625826842.0311520099639892578125" "WordPress/5.7.2; https://ajhydell.com"
114.119.151.146 - - [09/Jul/2021:06:34:01 -0400] "GET /2020/12/23/ HTTP/1.1" 200 18420 "-" "Mozilla/5.0 (Linux; Android 7.0;) AppleWebKit/537.36 (KHTML, like Gecko) Mobile Safari/537.36 (compatible; PetalBot;+https://webmaster.petalsearch.com/site/petalbot)"
77.75.77.11 - - [09/Jul/2021:06:34:37 -0400] "GET /robots.txt HTTP/1.1" 200 6517 "-" "Mozilla/5.0 (compatible; SeznamBot/3.2; +http://napoveda.seznam.cz/en/seznambot-intro/)"
77.75.77.11 - - [09/Jul/2021:06:34:38 -0400] "GET /wp-content/uploads/2021/05/picture-116.jpg HTTP/1.1" 304 6272 "-" "Mozilla/5.0 (compatible; SeznamBot/3.2; +http://napoveda.seznam.cz/en/seznambot-intro/)"
204.48.19.85 - - [09/Jul/2021:06:36:00 -0400] "POST /wp-cron.php?doing_wp_cron=1625826960.1756000518798828125000 HTTP/1.1" 200 6295 "https://ajhydell.com/wp-cron.php?doing_wp_cron=1625826960.1756000518798828125000" "WordPress/5.7.2; https://ajhydell.com"
3.237.104.33 - - [09/Jul/2021:06:36:00 -0400] "HEAD / HTTP/1.1" 200 5715 "-" "scalaj-http/2.4.2"
3.237.104.33 - - [09/Jul/2021:06:36:00 -0400] "GET / HTTP/1.1" 200 20329 "-" "Buck/2.2; (+https://app.hypefactors.com/media-monitoring/about.html)"
3.237.104.33 - - [09/Jul/2021:06:36:00 -0400] "GET /robots.txt HTTP/1.1" 200 5901 "-" "Buck/2.2; (+https://app.hypefactors.com/media-monitoring/about.html)"
213.180.203.138 - - [09/Jul/2021:06:36:25 -0400] "GET /2019/06/20/ HTTP/1.1" 200 18585 "-" "Mozilla/5.0 (compatible; YandexBot/3.0; +http://yandex.com/bots)"
114.119.143.168 - - [09/Jul/2021:06:36:34 -0400] "GET /2021/06/24/ HTTP/1.1" 200 18500 "-" "Mozilla/5.0 (Linux; Android 7.0;) AppleWebKit/537.36 (KHTML, like Gecko) Mobile Safari/537.36 (compatible; PetalBot;+https://webmaster.petalsearch.com/site/petalbot)"
3.237.104.33 - - [09/Jul/2021:06:36:34 -0400] "GET /feed/ HTTP/1.1" 200 8368 "-" "Buck/2.2; (+https://app.hypefactors.com/media-monitoring/about.html)"
3.237.104.33 - - [09/Jul/2021:06:36:35 -0400] "GET /sitemap_index.xml HTTP/1.1" 200 6220 "-" "Buck/2.2; (+https://app.hypefactors.com/media-monitoring/about.html)"
3.237.104.33 - - [09/Jul/2021:06:36:35 -0400] "GET /sitemap.xml HTTP/1.1" 200 6586 "-" "Buck/2.2; (+https://app.hypefactors.com/media-monitoring/about.html)"
3.237.104.33 - - [09/Jul/2021:06:36:35 -0400] "GET /sitemap-pt-post-2021-07.xml HTTP/1.1" 200 8709 "-" "Buck/2.2; (+https://app.hypefactors.com/media-monitoring/about.html)"
23.100.232.233 - - [09/Jul/2021:06:36:38 -0400] "GET /2021/03/06/a-group-of-camels-against-a-backdrop-of-burning-oil-fields-sabotaged-by-iraqi-troops-gulf-war-kuwait-1991-photo-taken-by-mccurry-2048-x-1365/ HTTP/1.1" 200 18325 "-" "Mozilla/5.0 (compatible; MSIE 9.0; Windows NT 6.1; Trident/5.0;  Trident/5.0)"
23.100.232.233 - - [09/Jul/2021:06:36:39 -0400] "GET /wp-content/plugins/add-expires-headers/cache/0/com/processed-header-f16a8d323e83e1bc1b76514e283fb81b7090a959.min.css HTTP/1.1" 200 52893 "https://ajhydell.com/2021/03/06/a-group-of-camels-against-a-backdrop-of-burning-oil-fields-sabotaged-by-iraqi-troops-gulf-war-kuwait-1991-photo-taken-by-mccurry-2048-x-1365/" "Mozilla/5.0 (compatible; MSIE 9.0; Windows NT 6.1; Trident/5.0;  Trident/5.0)"
23.100.232.233 - - [09/Jul/2021:06:36:39 -0400] "GET /wp-content/plugins/google-analytics-for-wordpress/assets/js/frontend-gtag.min.js?ver=7.17.0 HTTP/1.1" 200 3476 "https://ajhydell.com/2021/03/06/a-group-of-camels-against-a-backdrop-of-burning-oil-fields-sabotaged-by-iraqi-troops-gulf-war-kuwait-1991-photo-taken-by-mccurry-2048-x-1365/" "Mozilla/5.0 (compatible; MSIE 9.0; Windows NT 6.1; Trident/5.0;  Trident/5.0)"
23.100.232.233 - - [09/Jul/2021:06:36:39 -0400] "GET /wp-includes/js/jquery/jquery.min.js?ver=3.5.1 HTTP/1.1" 200 31550 "https://ajhydell.com/2021/03/06/a-group-of-camels-against-a-backdrop-of-burning-oil-fields-sabotaged-by-iraqi-troops-gulf-war-kuwait-1991-photo-taken-by-mccurry-2048-x-1365/" "Mozilla/5.0 (compatible; MSIE 9.0; Windows NT 6.1; Trident/5.0;  Trident/5.0)"
23.100.232.233 - - [09/Jul/2021:06:36:39 -0400] "GET /wp-includes/js/jquery/jquery-migrate.min.js?ver=3.3.2 HTTP/1.1" 200 4687 "https://ajhydell.com/2021/03/06/a-group-of-camels-against-a-backdrop-of-burning-oil-fields-sabotaged-by-iraqi-troops-gulf-war-kuwait-1991-photo-taken-by-mccurry-2048-x-1365/" "Mozilla/5.0 (compatible; MSIE 9.0; Windows NT 6.1; Trident/5.0;  Trident/5.0)"
23.100.232.233 - - [09/Jul/2021:06:36:40 -0400] "GET /wp-includes/js/wp-emoji-release.min.js?ver=5.7.2 HTTP/1.1" 200 5183 "https://ajhydell.com/2021/03/06/a-group-of-camels-against-a-backdrop-of-burning-oil-fields-sabotaged-by-iraqi-troops-gulf-war-kuwait-1991-photo-taken-by-mccurry-2048-x-1365/" "Mozilla/5.0 (compatible; MSIE 9.0; Windows NT 6.1; Trident/5.0;  Trident/5.0)"
23.100.232.233 - - [09/Jul/2021:06:36:40 -0400] "GET /wp-content/themes/royal-magazine/js/navigation.js?ver=20151215 HTTP/1.1" 200 1349 "https://ajhydell.com/2021/03/06/a-group-of-camels-against-a-backdrop-of-burning-oil-fields-sabotaged-by-iraqi-troops-gulf-war-kuwait-1991-photo-taken-by-mccurry-2048-x-1365/" "Mozilla/5.0 (compatible; MSIE 9.0; Windows NT 6.1; Trident/5.0;  Trident/5.0)"
23.100.232.233 - - [09/Jul/2021:06:36:40 -0400] "GET /wp-content/plugins/wp-smushit/app/assets/js/smush-lazy-load.min.js?ver=3.8.7 HTTP/1.1" 200 4207 "https://ajhydell.com/2021/03/06/a-group-of-camels-against-a-backdrop-of-burning-oil-fields-sabotaged-by-iraqi-troops-gulf-war-kuwait-1991-photo-taken-by-mccurry-2048-x-1365/" "Mozilla/5.0 (compatible; MSIE 9.0; Windows NT 6.1; Trident/5.0;  Trident/5.0)"
23.100.232.233 - - [09/Jul/2021:06:36:40 -0400] "GET /wp-content/themes/royal-magazine/js/skip-link-focus-fix.js?ver=20151215 HTTP/1.1" 200 933 "https://ajhydell.com/2021/03/06/a-group-of-camels-against-a-backdrop-of-burning-oil-fields-sabotaged-by-iraqi-troops-gulf-war-kuwait-1991-photo-taken-by-mccurry-2048-x-1365/" "Mozilla/5.0 (compatible; MSIE 9.0; Windows NT 6.1; Trident/5.0;  Trident/5.0)"
23.100.232.233 - - [09/Jul/2021:06:36:40 -0400] "GET /wp-content/themes/royal-magazine/assets/libraries/slick/js/slick.min.js?ver=5.7.2 HTTP/1.1" 200 10740 "https://ajhydell.com/2021/03/06/a-group-of-camels-against-a-backdrop-of-burning-oil-fields-sabotaged-by-iraqi-troops-gulf-war-kuwait-1991-photo-taken-by-mccurry-2048-x-1365/" "Mozilla/5.0 (compatible; MSIE 9.0; Windows NT 6.1; Trident/5.0;  Trident/5.0)"
23.100.232.233 - - [09/Jul/2021:06:36:40 -0400] "GET /wp-content/themes/royal-magazine/assets/libraries/theiaStickySidebar/theia-sticky-sidebar.min.js?ver=5.7.2 HTTP/1.1" 200 2271 "https://ajhydell.com/2021/03/06/a-group-of-camels-against-a-backdrop-of-burning-oil-fields-sabotaged-by-iraqi-troops-gulf-war-kuwait-1991-photo-taken-by-mccurry-2048-x-1365/" "Mozilla/5.0 (compatible; MSIE 9.0; Windows NT 6.1; Trident/5.0;  Trident/5.0)"
23.100.232.233 - - [09/Jul/2021:06:36:40 -0400] "GET /wp-content/themes/royal-magazine/assets/libraries/marquee/jquery.marquee.js?ver=5.7.2 HTTP/1.1" 200 5103 "https://ajhydell.com/2021/03/06/a-group-of-camels-against-a-backdrop-of-burning-oil-fields-sabotaged-by-iraqi-troops-gulf-war-kuwait-1991-photo-taken-by-mccurry-2048-x-1365/" "Mozilla/5.0 (compatible; MSIE 9.0; Windows NT 6.1; Trident/5.0;  Trident/5.0)"
23.100.232.233 - - [09/Jul/2021:06:36:40 -0400] "GET /wp-includes/js/wp-embed.min.js?ver=5.7.2 HTTP/1.1" 200 1221 "https://ajhydell.com/2021/03/06/a-group-of-camels-against-a-backdrop-of-burning-oil-fields-sabotaged-by-iraqi-troops-gulf-war-kuwait-1991-photo-taken-by-mccurry-2048-x-1365/" "Mozilla/5.0 (compatible; MSIE 9.0; Windows NT 6.1; Trident/5.0;  Trident/5.0)"
23.100.232.233 - - [09/Jul/2021:06:36:40 -0400] "GET /wp-content/themes/royal-magazine/assets/twp/js/custom-script.js?ver=5.7.2 HTTP/1.1" 200 3023 "https://ajhydell.com/2021/03/06/a-group-of-camels-against-a-backdrop-of-burning-oil-fields-sabotaged-by-iraqi-troops-gulf-war-kuwait-1991-photo-taken-by-mccurry-2048-x-1365/" "Mozilla/5.0 (compatible; MSIE 9.0; Windows NT 6.1; Trident/5.0;  Trident/5.0)"
23.100.232.233 - - [09/Jul/2021:06:36:41 -0400] "GET /wp-content/themes/royal-magazine/assets/libraries/magnific-popup/jquery.magnific-popup.min.js?ver=5.7.2 HTTP/1.1" 200 7871 "https://ajhydell.com/2021/03/06/a-group-of-camels-against-a-backdrop-of-burning-oil-fields-sabotaged-by-iraqi-troops-gulf-war-kuwait-1991-photo-taken-by-mccurry-2048-x-1365/" "Mozilla/5.0 (compatible; MSIE 9.0; Windows NT 6.1; Trident/5.0;  Trident/5.0)"
23.100.232.233 - - [09/Jul/2021:06:36:41 -0400] "GET /wp-content/themes/royal-magazine/assets/libraries/bootstrap/js/bootstrap.min.js?ver=5.7.2 HTTP/1.1" 200 10404 "https://ajhydell.com/2021/03/06/a-group-of-camels-against-a-backdrop-of-burning-oil-fields-sabotaged-by-iraqi-troops-gulf-war-kuwait-1991-photo-taken-by-mccurry-2048-x-1365/" "Mozilla/5.0 (compatible; MSIE 9.0; Windows NT 6.1; Trident/5.0;  Trident/5.0)"
23.100.232.233 - - [09/Jul/2021:06:36:41 -0400] "GET /wp-content/plugins/facebook-pagelike-widget/fb.js?ver=1.0 HTTP/1.1" 200 821 "https://ajhydell.com/2021/03/06/a-group-of-camels-against-a-backdrop-of-burning-oil-fields-sabotaged-by-iraqi-troops-gulf-war-kuwait-1991-photo-taken-by-mccurry-2048-x-1365/" "Mozilla/5.0 (compatible; MSIE 9.0; Windows NT 6.1; Trident/5.0;  Trident/5.0)"
204.48.19.85 - - [09/Jul/2021:06:36:47 -0400] "POST /wp-cron.php?doing_wp_cron=1625827007.5319900512695312500000 HTTP/1.1" 200 6295 "https://ajhydell.com/wp-cron.php?doing_wp_cron=1625827007.5319900512695312500000" "WordPress/5.7.2; https://ajhydell.com"
54.36.148.117 - - [09/Jul/2021:06:36:47 -0400] "GET / HTTP/1.1" 200 20849 "-" "Mozilla/5.0 (compatible; AhrefsBot/7.0; +http://ahrefs.com/robot/)"
3.237.104.33 - - [09/Jul/2021:06:37:06 -0400] "GET /2021/07/09/a-m4a1-sherman-of-the-713th-tank-battalion-equipped-with-a-flamethrower-torches-the-entrance-to-a-cave-in-southern-okinawa-1945/ HTTP/1.1" 200 18306 "-" "Buck/2.2; (+https://app.hypefactors.com/media-monitoring/about.html)"
204.48.19.85 - - [09/Jul/2021:06:38:22 -0400] "POST /wp-cron.php?doing_wp_cron=1625827102.1897959709167480468750 HTTP/1.1" 200 6295 "https://ajhydell.com/wp-cron.php?doing_wp_cron=1625827102.1897959709167480468750" "WordPress/5.7.2; https://ajhydell.com"
114.119.147.211 - - [09/Jul/2021:06:38:22 -0400] "GET /2019/10/27/lieutenant-colonel-john-mccrae-author-of-the-famous-poem-in-flanders-fields-with-his-dog-bonneau-c-1914-1918-1280x720 HTTP/1.1" 301 5880 "-" "Mozilla/5.0 (Linux; Android 7.0;) AppleWebKit/537.36 (KHTML, like Gecko) Mobile Safari/537.36 (compatible; PetalBot;+https://webmaster.petalsearch.com/site/petalbot)"
114.119.147.211 - - [09/Jul/2021:06:38:23 -0400] "GET /2019/10/27/lieutenant-colonel-john-mccrae-author-of-the-famous-poem-in-flanders-fields-with-his-dog-bonneau-c-1914-1918-1280x720/ HTTP/1.1" 200 13371 "-" "Mozilla/5.0 (Linux; Android 7.0;) AppleWebKit/537.36 (KHTML, like Gecko) Mobile Safari/537.36 (compatible; PetalBot;+https://webmaster.petalsearch.com/site/petalbot)"
40.77.167.81 - - [09/Jul/2021:06:38:53 -0400] "GET /wp-content/uploads/2020/11/picture-8-783x1024.jpg HTTP/1.1" 200 176375 "-" "Mozilla/5.0 (compatible; bingbot/2.0; +http://www.bing.com/bingbot.htm)"
204.48.19.85 - - [09/Jul/2021:06:40:03 -0400] "POST /wp-cron.php?doing_wp_cron=1625827203.5476779937744140625000 HTTP/1.1" 200 6295 "https://ajhydell.com/wp-cron.php?doing_wp_cron=1625827203.5476779937744140625000" "WordPress/5.7.2; https://ajhydell.com"
216.244.66.250 - - [09/Jul/2021:06:40:03 -0400] "GET /page/49/ HTTP/1.1" 200 104708 "-" "Mozilla/5.0 (compatible; DotBot/1.2; +https://opensiteexplorer.org/dotbot; help@moz.com)"
216.244.66.250 - - [09/Jul/2021:06:40:10 -0400] "GET /2019/07/08/panasonic-home-video-recorder-1980/ HTTP/1.1" 200 67325 "-" "Mozilla/5.0 (compatible; DotBot/1.2; +https://opensiteexplorer.org/dotbot; help@moz.com)"
52.146.58.236 - - [09/Jul/2021:06:40:24 -0400] "GET /wp-content/uploads/2020/11/picture-111.jpg HTTP/1.1" 200 1943699 "-" "DuckDuckBot/1.1; (+http://duckduckgo.com/duckduckbot.html)"
204.48.19.85 - - [09/Jul/2021:06:40:53 -0400] "POST /wp-cron.php?doing_wp_cron=1625827253.3557460308074951171875 HTTP/1.1" 200 6295 "https://ajhydell.com/wp-cron.php?doing_wp_cron=1625827253.3557460308074951171875" "WordPress/5.7.2; https://ajhydell.com"
114.119.156.206 - - [09/Jul/2021:06:40:53 -0400] "GET /2019/06/30/a-knocked-out-british-tank-with-dead-german-soldiers-next-to-it-in-herenthage-park-after-the-battle-of-langemarck-1917/ HTTP/1.1" 200 18392 "-" "Mozilla/5.0 (Linux; Android 7.0;) AppleWebKit/537.36 (KHTML, like Gecko) Mobile Safari/537.36 (compatible; PetalBot;+https://webmaster.petalsearch.com/site/petalbot)"
40.77.167.77 - - [09/Jul/2021:06:41:00 -0400] "GET /wp-content/uploads/2021/01/picture-68.jpg HTTP/1.1" 200 3939047 "-" "Mozilla/5.0 (compatible; bingbot/2.0; +http://www.bing.com/bingbot.htm)"
204.48.19.85 - - [09/Jul/2021:06:42:03 -0400] "POST /wp-cron.php?doing_wp_cron=1625827323.9774260520935058593750 HTTP/1.1" 200 6295 "https://ajhydell.com/wp-cron.php?doing_wp_cron=1625827323.9774260520935058593750" "WordPress/5.7.2; https://ajhydell.com"
114.119.147.211 - - [09/Jul/2021:06:42:03 -0400] "GET /2021/01/27/insert-upside-down-australia-joke-here-1952 HTTP/1.1" 301 5806 "-" "Mozilla/5.0 (Linux; Android 7.0;) AppleWebKit/537.36 (KHTML, like Gecko) Mobile Safari/537.36 (compatible; PetalBot;+https://webmaster.petalsearch.com/site/petalbot)"
114.119.147.211 - - [09/Jul/2021:06:42:05 -0400] "GET /2021/01/27/insert-upside-down-australia-joke-here-1952/ HTTP/1.1" 200 13158 "-" "Mozilla/5.0 (Linux; Android 7.0;) AppleWebKit/537.36 (KHTML, like Gecko) Mobile Safari/537.36 (compatible; PetalBot;+https://webmaster.petalsearch.com/site/petalbot)"
204.48.19.85 - - [09/Jul/2021:06:44:28 -0400] "POST /wp-cron.php?doing_wp_cron=1625827468.5521800518035888671875 HTTP/1.1" 200 6295 "https://ajhydell.com/wp-cron.php?doing_wp_cron=1625827468.5521800518035888671875" "WordPress/5.7.2; https://ajhydell.com"
207.46.13.67 - - [09/Jul/2021:06:44:28 -0400] "GET /2021/04/17/pioneer-april-1975/ HTTP/1.1" 200 18477 "-" "Mozilla/5.0 (compatible; bingbot/2.0; +http://www.bing.com/bingbot.htm)"
66.249.66.132 - - [09/Jul/2021:06:44:32 -0400] "GET /2018/10/21/empire-marketing-1935/ HTTP/1.1" 200 18915 "-" "Mozilla/5.0 (compatible; Googlebot/2.1; +http://www.google.com/bot.html)"
114.119.138.170 - - [09/Jul/2021:06:44:43 -0400] "GET /2019/01/05 HTTP/1.1" 301 5717 "-" "Mozilla/5.0 (Linux; Android 7.0;) AppleWebKit/537.36 (KHTML, like Gecko) Mobile Safari/537.36 (compatible; PetalBot;+https://webmaster.petalsearch.com/site/petalbot)"
114.119.138.170 - - [09/Jul/2021:06:44:44 -0400] "GET /2019/01/05/ HTTP/1.1" 200 12538 "-" "Mozilla/5.0 (Linux; Android 7.0;) AppleWebKit/537.36 (KHTML, like Gecko) Mobile Safari/537.36 (compatible; PetalBot;+https://webmaster.petalsearch.com/site/petalbot)"
204.48.19.85 - - [09/Jul/2021:06:45:41 -0400] "POST /wp-cron.php?doing_wp_cron=1625827541.7493879795074462890625 HTTP/1.1" 200 6295 "https://ajhydell.com/wp-cron.php?doing_wp_cron=1625827541.7493879795074462890625" "WordPress/5.7.2; https://ajhydell.com"
17.121.115.154 - - [09/Jul/2021:06:45:41 -0400] "GET /2021/06/30/aunt-esther-purses-1970s/ HTTP/1.1" 200 18230 "-" "Mozilla/5.0 (Macintosh; Intel Mac OS X 10_15_5) AppleWebKit/605.1.15 (KHTML, like Gecko) Version/13.1.1 Safari/605.1.15 (Applebot/0.1; +http://www.apple.com/go/applebot)"
204.48.19.85 - - [09/Jul/2021:06:46:21 -0400] "POST /wp-cron.php?doing_wp_cron=1625827581.3089120388031005859375 HTTP/1.1" 200 6295 "https://ajhydell.com/wp-cron.php?doing_wp_cron=1625827581.3089120388031005859375" "WordPress/5.7.2; https://ajhydell.com"
114.119.143.168 - - [09/Jul/2021:06:46:21 -0400] "GET /2019/07/24/where-theres-life-theres-bud-1957 HTTP/1.1" 301 5796 "-" "Mozilla/5.0 (Linux; Android 7.0;) AppleWebKit/537.36 (KHTML, like Gecko) Mobile Safari/537.36 (compatible; PetalBot;+https://webmaster.petalsearch.com/site/petalbot)"
114.119.143.168 - - [09/Jul/2021:06:46:22 -0400] "GET /2019/07/24/where-theres-life-theres-bud-1957/ HTTP/1.1" 200 13019 "-" "Mozilla/5.0 (Linux; Android 7.0;) AppleWebKit/537.36 (KHTML, like Gecko) Mobile Safari/537.36 (compatible; PetalBot;+https://webmaster.petalsearch.com/site/petalbot)"
204.48.19.85 - - [09/Jul/2021:06:46:48 -0400] "POST /wp-cron.php?doing_wp_cron=1625827608.5651268959045410156250 HTTP/1.1" 200 6295 "https://ajhydell.com/wp-cron.php?doing_wp_cron=1625827608.5651268959045410156250" "WordPress/5.7.2; https://ajhydell.com"
54.36.148.117 - - [09/Jul/2021:06:46:48 -0400] "GET /2021/07/09/a-m4a1-sherman-of-the-713th-tank-battalion-equipped-with-a-flamethrower-torches-the-entrance-to-a-cave-in-southern-okinawa-1945/ HTTP/1.1" 200 18739 "-" "Mozilla/5.0 (compatible; AhrefsBot/7.0; +http://ahrefs.com/robot/)"
207.46.13.67 - - [09/Jul/2021:06:46:54 -0400] "GET /2020/12/10/the-bodies-of-bonnie-parker-and-clyde-barrow-in-their-stolen-ford-v-8-minutes-after-the-ambush-louisiana-may-23-1934-colorized-1730x957/ HTTP/1.1" 200 18858 "-" "Mozilla/5.0 (compatible; bingbot/2.0; +http://www.bing.com/bingbot.htm)"
17.121.113.180 - - [09/Jul/2021:06:47:01 -0400] "GET /2020/08/15/polish-troops-at-the-battle-of-warsaw-1920-1200-x-724/ HTTP/1.1" 200 18428 "-" "Mozilla/5.0 (Macintosh; Intel Mac OS X 10_15_5) AppleWebKit/605.1.15 (KHTML, like Gecko) Version/13.1.1 Safari/605.1.15 (Applebot/0.1; +http://www.apple.com/go/applebot)"
204.48.19.85 - - [09/Jul/2021:06:48:14 -0400] "POST /wp-cron.php?doing_wp_cron=1625827694.2239460945129394531250 HTTP/1.1" 200 6295 "https://ajhydell.com/wp-cron.php?doing_wp_cron=1625827694.2239460945129394531250" "WordPress/5.7.2; https://ajhydell.com"
114.119.143.210 - - [09/Jul/2021:06:48:14 -0400] "GET /2021/02/04/two-of-the-miracle-braves-of-1914 HTTP/1.1" 301 5796 "-" "Mozilla/5.0 (Linux; Android 7.0;) AppleWebKit/537.36 (KHTML, like Gecko) Mobile Safari/537.36 (compatible; PetalBot;+https://webmaster.petalsearch.com/site/petalbot)"
114.119.143.210 - - [09/Jul/2021:06:48:15 -0400] "GET /2021/02/04/two-of-the-miracle-braves-of-1914/ HTTP/1.1" 200 13281 "-" "Mozilla/5.0 (Linux; Android 7.0;) AppleWebKit/537.36 (KHTML, like Gecko) Mobile Safari/537.36 (compatible; PetalBot;+https://webmaster.petalsearch.com/site/petalbot)"
204.48.19.85 - - [09/Jul/2021:06:50:07 -0400] "POST /wp-cron.php?doing_wp_cron=1625827807.8776779174804687500000 HTTP/1.1" 200 6295 "https://ajhydell.com/wp-cron.php?doing_wp_cron=1625827807.8776779174804687500000" "WordPress/5.7.2; https://ajhydell.com"
185.191.171.15 - - [09/Jul/2021:06:50:07 -0400] "GET /robots.txt HTTP/1.1" 200 6480 "-" "Mozilla/5.0 (compatible; SemrushBot/7~bl; +http://www.semrush.com/bot.html)"
185.191.171.2 - - [09/Jul/2021:06:50:08 -0400] "GET /2021/05/04/ HTTP/1.1" 200 18805 "-" "Mozilla/5.0 (compatible; SemrushBot/7~bl; +http://www.semrush.com/bot.html)"
204.48.19.85 - - [09/Jul/2021:06:50:53 -0400] "POST /wp-cron.php?doing_wp_cron=1625827853.3217470645904541015625 HTTP/1.1" 200 6295 "https://ajhydell.com/wp-cron.php?doing_wp_cron=1625827853.3217470645904541015625" "WordPress/5.7.2; https://ajhydell.com"
49.7.20.68 - - [09/Jul/2021:06:50:53 -0400] "GET / HTTP/1.1" 200 20417 "-" "Sogou web spider/4.0(+http://www.sogou.com/docs/help/webmasters.htm#07)"
114.119.138.170 - - [09/Jul/2021:06:51:27 -0400] "GET /2021/02/03/muhammad-ali-then-cassius-clay-buys-himself-a-new-pair-of-shoes-at-a-shop-in-rome-wearing-the-gold-medal-he-won-by-defeating-polands-ziggy-pietrzykowski-in-the-light-heavyweight-final-bout-at-the/ HTTP/1.1" 200 18914 "-" "Mozilla/5.0 (Linux; Android 7.0;) AppleWebKit/537.36 (KHTML, like Gecko) Mobile Safari/537.36 (compatible; PetalBot;+https://webmaster.petalsearch.com/site/petalbot)"
204.48.19.85 - - [09/Jul/2021:06:52:32 -0400] "POST /wp-cron.php?doing_wp_cron=1625827952.2537169456481933593750 HTTP/1.1" 200 6295 "https://ajhydell.com/wp-cron.php?doing_wp_cron=1625827952.2537169456481933593750" "WordPress/5.7.2; https://ajhydell.com"
185.191.171.33 - - [09/Jul/2021:06:52:32 -0400] "GET /2020/02/24/children-near-a-shrine-to-the-dead-derry-northern-ireland-in-the-1970s-by-akihiko-okamura-3189-x-2150/ HTTP/1.1" 200 19067 "-" "Mozilla/5.0 (compatible; SemrushBot/7~bl; +http://www.semrush.com/bot.html)"
204.48.19.85 - - [09/Jul/2021:06:53:05 -0400] "POST /wp-cron.php?doing_wp_cron=1625827985.3174810409545898437500 HTTP/1.1" 200 6295 "https://ajhydell.com/wp-cron.php?doing_wp_cron=1625827985.3174810409545898437500" "WordPress/5.7.2; https://ajhydell.com"
114.119.143.210 - - [09/Jul/2021:06:53:05 -0400] "GET /2018/08/20/bicentennial-smoke-in-frolic-fun-fresh-air-free-pot-poster-for-pro-marijuana-protest-washington-crossing-park-united-states-1976 HTTP/1.1" 301 5891 "-" "Mozilla/5.0 (Linux; Android 7.0;) AppleWebKit/537.36 (KHTML, like Gecko) Mobile Safari/537.36 (compatible; PetalBot;+https://webmaster.petalsearch.com/site/petalbot)"
114.119.143.210 - - [09/Jul/2021:06:53:08 -0400] "GET /2018/08/20/bicentennial-smoke-in-frolic-fun-fresh-air-free-pot-poster-for-pro-marijuana-protest-washington-crossing-park-united-states-1976/ HTTP/1.1" 200 13532 "-" "Mozilla/5.0 (Linux; Android 7.0;) AppleWebKit/537.36 (KHTML, like Gecko) Mobile Safari/537.36 (compatible; PetalBot;+https://webmaster.petalsearch.com/site/petalbot)"
204.48.19.85 - - [09/Jul/2021:06:54:30 -0400] "POST /wp-cron.php?doing_wp_cron=1625828070.8942070007324218750000 HTTP/1.1" 200 6295 "https://ajhydell.com/wp-cron.php?doing_wp_cron=1625828070.8942070007324218750000" "WordPress/5.7.2; https://ajhydell.com"
114.119.143.210 - - [09/Jul/2021:06:54:30 -0400] "GET /2018/12/22/admiral-scheer-and-officers-of-the-german-imperial-navy-aboard-of-a-warship-1916-1208x894 HTTP/1.1" 301 5852 "-" "Mozilla/5.0 (Linux; Android 7.0;) AppleWebKit/537.36 (KHTML, like Gecko) Mobile Safari/537.36 (compatible; PetalBot;+https://webmaster.petalsearch.com/site/petalbot)"
114.119.143.210 - - [09/Jul/2021:06:54:31 -0400] "GET /2018/12/22/admiral-scheer-and-officers-of-the-german-imperial-navy-aboard-of-a-warship-1916-1208x894/ HTTP/1.1" 200 13158 "-" "Mozilla/5.0 (Linux; Android 7.0;) AppleWebKit/537.36 (KHTML, like Gecko) Mobile Safari/537.36 (compatible; PetalBot;+https://webmaster.petalsearch.com/site/petalbot)"
204.48.19.85 - - [09/Jul/2021:06:55:18 -0400] "POST /wp-cron.php?doing_wp_cron=1625828118.9213728904724121093750 HTTP/1.1" 200 6295 "https://ajhydell.com/wp-cron.php?doing_wp_cron=1625828118.9213728904724121093750" "WordPress/5.7.2; https://ajhydell.com"
207.46.13.70 - - [09/Jul/2021:06:55:18 -0400] "GET /2021/03/10/death-to-child-killers-ussr-1944/ HTTP/1.1" 200 18603 "-" "Mozilla/5.0 (compatible; bingbot/2.0; +http://www.bing.com/bingbot.htm)"
204.48.19.85 - - [09/Jul/2021:06:56:06 -0400] "POST /wp-cron.php?doing_wp_cron=1625828166.8294169902801513671875 HTTP/1.1" 200 6295 "https://ajhydell.com/wp-cron.php?doing_wp_cron=1625828166.8294169902801513671875" "WordPress/5.7.2; https://ajhydell.com"
157.55.39.62 - - [09/Jul/2021:06:56:06 -0400] "GET /2020/03/16/sailors-on-the-escort-carrier-hms-avenger-look-at-smoke-plume-where-the-ss-mary-luckenbach-used-to-be-they-are-part-of-the-arctic-convoy-pq18-the-luckenbach-which-was-carrying-1000-tons-of-tnt-was/ HTTP/1.1" 200 19059 "-" "Mozilla/5.0 (compatible; bingbot/2.0; +http://www.bing.com/bingbot.htm)"
54.36.148.117 - - [09/Jul/2021:06:56:29 -0400] "GET /2020/10/23/ HTTP/1.1" 200 18865 "-" "Mozilla/5.0 (compatible; AhrefsBot/7.0; +http://ahrefs.com/robot/)"
204.48.19.85 - - [09/Jul/2021:06:58:36 -0400] "POST /wp-cron.php?doing_wp_cron=1625828316.2372639179229736328125 HTTP/1.1" 200 6295 "https://ajhydell.com/wp-cron.php?doing_wp_cron=1625828316.2372639179229736328125" "WordPress/5.7.2; https://ajhydell.com"
114.119.143.110 - - [09/Jul/2021:06:58:36 -0400] "GET /2019/05 HTTP/1.1" 301 5928 "-" "Mozilla/5.0 (Linux; Android 7.0;) AppleWebKit/537.36 (KHTML, like Gecko) Mobile Safari/537.36 (compatible; PetalBot;+https://webmaster.petalsearch.com/site/petalbot)"
114.119.143.110 - - [09/Jul/2021:06:58:36 -0400] "GET /2019/05/ HTTP/1.1" 200 13961 "-" "Mozilla/5.0 (Linux; Android 7.0;) AppleWebKit/537.36 (KHTML, like Gecko) Mobile Safari/537.36 (compatible; PetalBot;+https://webmaster.petalsearch.com/site/petalbot)"
114.119.143.110 - - [09/Jul/2021:06:58:37 -0400] "GET /wp-content/plugins/add-expires-headers/cache/0/com/processed-header-f16a8d323e83e1bc1b76514e283fb81b7090a959.min.css HTTP/1.1" 200 52762 "https://ajhydell.com/2019/05/" "Mozilla/5.0 (Linux; Android 7.0;) AppleWebKit/537.36 (KHTML, like Gecko) Mobile Safari/537.36 (compatible; PetalBot;+https://webmaster.petalsearch.com/site/petalbot)"
114.119.143.110 - - [09/Jul/2021:06:58:37 -0400] "GET /wp-content/plugins/google-analytics-for-wordpress/assets/js/frontend-gtag.min.js?ver=7.17.0 HTTP/1.1" 200 3437 "https://ajhydell.com/2019/05/" "Mozilla/5.0 (Linux; Android 7.0;) AppleWebKit/537.36 (KHTML, like Gecko) Mobile Safari/537.36 (compatible; PetalBot;+https://webmaster.petalsearch.com/site/petalbot)"
114.119.143.110 - - [09/Jul/2021:06:58:37 -0400] "GET /wp-includes/js/jquery/jquery-migrate.min.js?ver=3.3.2 HTTP/1.1" 200 4805 "https://ajhydell.com/2019/05/" "Mozilla/5.0 (Linux; Android 7.0;) AppleWebKit/537.36 (KHTML, like Gecko) Mobile Safari/537.36 (compatible; PetalBot;+https://webmaster.petalsearch.com/site/petalbot)"
114.119.143.110 - - [09/Jul/2021:06:58:37 -0400] "GET /wp-includes/js/jquery/jquery.min.js?ver=3.5.1 HTTP/1.1" 200 31617 "https://ajhydell.com/2019/05/" "Mozilla/5.0 (Linux; Android 7.0;) AppleWebKit/537.36 (KHTML, like Gecko) Mobile Safari/537.36 (compatible; PetalBot;+https://webmaster.petalsearch.com/site/petalbot)"
114.119.143.110 - - [09/Jul/2021:06:58:37 -0400] "GET /wp-content/plugins/wp-smushit/app/assets/js/smush-lazy-load.min.js?ver=3.8.7 HTTP/1.1" 200 4320 "https://ajhydell.com/2019/05/" "Mozilla/5.0 (Linux; Android 7.0;) AppleWebKit/537.36 (KHTML, like Gecko) Mobile Safari/537.36 (compatible; PetalBot;+https://webmaster.petalsearch.com/site/petalbot)"
114.119.143.110 - - [09/Jul/2021:06:58:37 -0400] "GET /wp-content/themes/royal-magazine/js/navigation.js?ver=20151215 HTTP/1.1" 200 1481 "https://ajhydell.com/2019/05/" "Mozilla/5.0 (Linux; Android 7.0;) AppleWebKit/537.36 (KHTML, like Gecko) Mobile Safari/537.36 (compatible; PetalBot;+https://webmaster.petalsearch.com/site/petalbot)"
114.119.143.110 - - [09/Jul/2021:06:58:37 -0400] "GET /wp-content/themes/royal-magazine/js/skip-link-focus-fix.js?ver=20151215 HTTP/1.1" 200 923 "https://ajhydell.com/2019/05/" "Mozilla/5.0 (Linux; Android 7.0;) AppleWebKit/537.36 (KHTML, like Gecko) Mobile Safari/537.36 (compatible; PetalBot;+https://webmaster.petalsearch.com/site/petalbot)"
114.119.143.110 - - [09/Jul/2021:06:58:37 -0400] "GET /wp-content/themes/royal-magazine/assets/libraries/slick/js/slick.min.js?ver=5.7.2 HTTP/1.1" 200 10686 "https://ajhydell.com/2019/05/" "Mozilla/5.0 (Linux; Android 7.0;) AppleWebKit/537.36 (KHTML, like Gecko) Mobile Safari/537.36 (compatible; PetalBot;+https://webmaster.petalsearch.com/site/petalbot)"
114.119.143.110 - - [09/Jul/2021:06:58:37 -0400] "GET /wp-content/themes/royal-magazine/assets/libraries/theiaStickySidebar/theia-sticky-sidebar.min.js?ver=5.7.2 HTTP/1.1" 200 2233 "https://ajhydell.com/2019/05/" "Mozilla/5.0 (Linux; Android 7.0;) AppleWebKit/537.36 (KHTML, like Gecko) Mobile Safari/537.36 (compatible; PetalBot;+https://webmaster.petalsearch.com/site/petalbot)"
114.119.143.110 - - [09/Jul/2021:06:58:37 -0400] "GET /wp-content/themes/royal-magazine/assets/libraries/magnific-popup/jquery.magnific-popup.min.js?ver=5.7.2 HTTP/1.1" 200 7835 "https://ajhydell.com/2019/05/" "Mozilla/5.0 (Linux; Android 7.0;) AppleWebKit/537.36 (KHTML, like Gecko) Mobile Safari/537.36 (compatible; PetalBot;+https://webmaster.petalsearch.com/site/petalbot)"
114.119.143.110 - - [09/Jul/2021:06:58:37 -0400] "GET /wp-content/themes/royal-magazine/assets/libraries/bootstrap/js/bootstrap.min.js?ver=5.7.2 HTTP/1.1" 200 10346 "https://ajhydell.com/2019/05/" "Mozilla/5.0 (Linux; Android 7.0;) AppleWebKit/537.36 (KHTML, like Gecko) Mobile Safari/537.36 (compatible; PetalBot;+https://webmaster.petalsearch.com/site/petalbot)"
114.119.143.110 - - [09/Jul/2021:06:58:37 -0400] "GET /wp-content/themes/royal-magazine/assets/libraries/marquee/jquery.marquee.js?ver=5.7.2 HTTP/1.1" 200 5068 "https://ajhydell.com/2019/05/" "Mozilla/5.0 (Linux; Android 7.0;) AppleWebKit/537.36 (KHTML, like Gecko) Mobile Safari/537.36 (compatible; PetalBot;+https://webmaster.petalsearch.com/site/petalbot)"
114.119.143.110 - - [09/Jul/2021:06:58:37 -0400] "GET /wp-content/themes/royal-magazine/assets/twp/js/custom-script.js?ver=5.7.2 HTTP/1.1" 200 2992 "https://ajhydell.com/2019/05/" "Mozilla/5.0 (Linux; Android 7.0;) AppleWebKit/537.36 (KHTML, like Gecko) Mobile Safari/537.36 (compatible; PetalBot;+https://webmaster.petalsearch.com/site/petalbot)"
114.119.143.110 - - [09/Jul/2021:06:58:38 -0400] "GET /wp-includes/js/wp-embed.min.js?ver=5.7.2 HTTP/1.1" 200 1208 "https://ajhydell.com/2019/05/" "Mozilla/5.0 (Linux; Android 7.0;) AppleWebKit/537.36 (KHTML, like Gecko) Mobile Safari/537.36 (compatible; PetalBot;+https://webmaster.petalsearch.com/site/petalbot)"
114.119.143.110 - - [09/Jul/2021:06:58:38 -0400] "GET /wp-content/plugins/facebook-pagelike-widget/fb.js?ver=1.0 HTTP/1.1" 200 809 "https://ajhydell.com/2019/05/" "Mozilla/5.0 (Linux; Android 7.0;) AppleWebKit/537.36 (KHTML, like Gecko) Mobile Safari/537.36 (compatible; PetalBot;+https://webmaster.petalsearch.com/site/petalbot)"
114.119.143.110 - - [09/Jul/2021:06:58:38 -0400] "GET /wp-includes/js/wp-emoji-release.min.js?ver=5.7.2 HTTP/1.1" 200 5149 "https://ajhydell.com/2019/05/" "Mozilla/5.0 (Linux; Android 7.0;) AppleWebKit/537.36 (KHTML, like Gecko) Mobile Safari/537.36 (compatible; PetalBot;+https://webmaster.petalsearch.com/site/petalbot)"
114.119.143.110 - - [09/Jul/2021:06:58:40 -0400] "GET /wp-content/themes/royal-magazine/assets/libraries/ionicons/fonts/ionicons.ttf HTTP/1.1" 200 189142 "https://ajhydell.com/wp-content/plugins/add-expires-headers/cache/0/com/processed-header-f16a8d323e83e1bc1b76514e283fb81b7090a959.min.css" "Mozilla/5.0 (Linux; Android 7.0;) AppleWebKit/537.36 (KHTML, like Gecko) Mobile Safari/537.36 (compatible; PetalBot;+https://webmaster.petalsearch.com/site/petalbot)"
114.119.143.110 - - [09/Jul/2021:06:58:41 -0400] "GET /?wordfence_lh=1&hid=D2626DEA7AA26F624981BE939E7F19A9&r=0.4289341326727827 HTTP/1.1" 200 346 "https://ajhydell.com/2019/05/" "Mozilla/5.0 (Linux; Android 7.0;) AppleWebKit/537.36 (KHTML, like Gecko) Mobile Safari/537.36 (compatible; PetalBot;+https://webmaster.petalsearch.com/site/petalbot)"
114.119.151.93 - - [09/Jul/2021:06:58:41 -0400] "GET /2020/12/18/europe-from-moscow-map-published-in-time-1952 HTTP/1.1" 301 5808 "-" "Mozilla/5.0 (Linux; Android 7.0;) AppleWebKit/537.36 (KHTML, like Gecko) Mobile Safari/537.36 (compatible; PetalBot;+https://webmaster.petalsearch.com/site/petalbot)"
114.119.151.93 - - [09/Jul/2021:06:58:42 -0400] "GET /2020/12/18/europe-from-moscow-map-published-in-time-1952/ HTTP/1.1" 200 13041 "-" "Mozilla/5.0 (Linux; Android 7.0;) AppleWebKit/537.36 (KHTML, like Gecko) Mobile Safari/537.36 (compatible; PetalBot;+https://webmaster.petalsearch.com/site/petalbot)"
49.7.20.65 - - [09/Jul/2021:06:59:14 -0400] "-" 408 5562 "-" "-"
204.48.19.85 - - [09/Jul/2021:06:59:18 -0400] "POST /wp-cron.php?doing_wp_cron=1625828358.9520709514617919921875 HTTP/1.1" 200 6295 "https://ajhydell.com/wp-cron.php?doing_wp_cron=1625828358.9520709514617919921875" "WordPress/5.7.2; https://ajhydell.com"
5.255.253.148 - - [09/Jul/2021:06:59:18 -0400] "GET /2019/11/30/ HTTP/1.1" 200 18643 "-" "Mozilla/5.0 (compatible; YandexBot/3.0; +http://yandex.com/bots)"
17.121.113.104 - - [09/Jul/2021:06:59:35 -0400] "GET /2020/07/03/himmler-visits-a-wounded-ss-officer-in-a-military-hospital-1942/ HTTP/1.1" 200 18323 "-" "Mozilla/5.0 (Macintosh; Intel Mac OS X 10_15_5) AppleWebKit/605.1.15 (KHTML, like Gecko) Version/13.1.1 Safari/605.1.15 (Applebot/0.1; +http://www.apple.com/go/applebot)"
204.48.19.85 - - [09/Jul/2021:07:00:21 -0400] "POST /wp-cron.php?doing_wp_cron=1625828421.1798169612884521484375 HTTP/1.1" 200 6295 "https://ajhydell.com/wp-cron.php?doing_wp_cron=1625828421.1798169612884521484375" "WordPress/5.7.2; https://ajhydell.com"
207.46.13.54 - - [09/Jul/2021:07:00:21 -0400] "GET /2018/10/27/axis-propaganda-directed-to-india-ww2/ HTTP/1.1" 200 18497 "-" "Mozilla/5.0 (compatible; bingbot/2.0; +http://www.bing.com/bingbot.htm)"
204.48.19.85 - - [09/Jul/2021:07:01:04 -0400] "POST /wp-cron.php?doing_wp_cron=1625828464.7942409515380859375000 HTTP/1.1" 200 6295 "https://ajhydell.com/wp-cron.php?doing_wp_cron=1625828464.7942409515380859375000" "WordPress/5.7.2; https://ajhydell.com"
114.119.147.211 - - [09/Jul/2021:07:01:04 -0400] "GET /2018/09/24/wanted-for-murder-her-careless-talk-costs-lives-1944/ HTTP/1.1" 200 18410 "-" "Mozilla/5.0 (Linux; Android 7.0;) AppleWebKit/537.36 (KHTML, like Gecko) Mobile Safari/537.36 (compatible; PetalBot;+https://webmaster.petalsearch.com/site/petalbot)"
204.48.19.85 - - [09/Jul/2021:07:02:25 -0400] "POST /wp-cron.php?doing_wp_cron=1625828545.0758540630340576171875 HTTP/1.1" 200 6295 "https://ajhydell.com/wp-cron.php?doing_wp_cron=1625828545.0758540630340576171875" "WordPress/5.7.2; https://ajhydell.com"
185.191.171.1 - - [09/Jul/2021:07:02:25 -0400] "GET /2021/05/14/erwin-rommel-in-the-reichswehr-before-the-rise-of-the-third-reich/ HTTP/1.1" 200 18960 "-" "Mozilla/5.0 (compatible; SemrushBot/7~bl; +http://www.semrush.com/bot.html)"
114.119.151.146 - - [09/Jul/2021:07:02:27 -0400] "GET /2020/07/28/marine-nco-sharpshooter-in-action-on-iwo-jima-march-12-1945 HTTP/1.1" 301 5822 "-" "Mozilla/5.0 (Linux; Android 7.0;) AppleWebKit/537.36 (KHTML, like Gecko) Mobile Safari/537.36 (compatible; PetalBot;+https://webmaster.petalsearch.com/site/petalbot)"
