23.100.232.233 - - [01/Jul/2021:01:49:17 -0400] "GET /wp-content/plugins/add-expires-headers/cache/0/com/processed-header-f16a8d323e83e1bc1b76514e283fb81b7090a959.min.css HTTP/1.1" 200 52893 "https://ajhydell.com/2020/06/13/the-june-13-1968-tornado-that-struck-tracy-minnesota-is-photographed-leaving-town-award-winning-photo-by-eric-j-lantz-of-walnut-grove-1000x750/" "Mozilla/5.0 (compatible; MSIE 9.0; Windows NT 6.1; Trident/5.0;  Trident/5.0)"
23.100.232.233 - - [01/Jul/2021:01:49:17 -0400] "GET /wp-content/plugins/google-analytics-for-wordpress/assets/js/frontend-gtag.min.js?ver=7.17.0 HTTP/1.1" 200 3476 "https://ajhydell.com/2020/06/13/the-june-13-1968-tornado-that-struck-tracy-minnesota-is-photographed-leaving-town-award-winning-photo-by-eric-j-lantz-of-walnut-grove-1000x750/" "Mozilla/5.0 (compatible; MSIE 9.0; Windows NT 6.1; Trident/5.0;  Trident/5.0)"
23.100.232.233 - - [01/Jul/2021:01:49:17 -0400] "GET /wp-includes/js/jquery/jquery.min.js?ver=3.5.1 HTTP/1.1" 200 31550 "https://ajhydell.com/2020/06/13/the-june-13-1968-tornado-that-struck-tracy-minnesota-is-photographed-leaving-town-award-winning-photo-by-eric-j-lantz-of-walnut-grove-1000x750/" "Mozilla/5.0 (compatible; MSIE 9.0; Windows NT 6.1; Trident/5.0;  Trident/5.0)"
23.100.232.233 - - [01/Jul/2021:01:49:17 -0400] "GET /wp-includes/js/jquery/jquery-migrate.min.js?ver=3.3.2 HTTP/1.1" 200 4687 "https://ajhydell.com/2020/06/13/the-june-13-1968-tornado-that-struck-tracy-minnesota-is-photographed-leaving-town-award-winning-photo-by-eric-j-lantz-of-walnut-grove-1000x750/" "Mozilla/5.0 (compatible; MSIE 9.0; Windows NT 6.1; Trident/5.0;  Trident/5.0)"
23.100.232.233 - - [01/Jul/2021:01:49:17 -0400] "GET /wp-content/plugins/wp-smushit/app/assets/js/smush-lazy-load.min.js?ver=3.8.7 HTTP/1.1" 200 4207 "https://ajhydell.com/2020/06/13/the-june-13-1968-tornado-that-struck-tracy-minnesota-is-photographed-leaving-town-award-winning-photo-by-eric-j-lantz-of-walnut-grove-1000x750/" "Mozilla/5.0 (compatible; MSIE 9.0; Windows NT 6.1; Trident/5.0;  Trident/5.0)"
23.100.232.233 - - [01/Jul/2021:01:49:17 -0400] "GET /wp-includes/js/wp-emoji-release.min.js?ver=5.7.2 HTTP/1.1" 200 5183 "https://ajhydell.com/2020/06/13/the-june-13-1968-tornado-that-struck-tracy-minnesota-is-photographed-leaving-town-award-winning-photo-by-eric-j-lantz-of-walnut-grove-1000x750/" "Mozilla/5.0 (compatible; MSIE 9.0; Windows NT 6.1; Trident/5.0;  Trident/5.0)"
23.100.232.233 - - [01/Jul/2021:01:49:17 -0400] "GET /wp-content/themes/royal-magazine/js/skip-link-focus-fix.js?ver=20151215 HTTP/1.1" 200 933 "https://ajhydell.com/2020/06/13/the-june-13-1968-tornado-that-struck-tracy-minnesota-is-photographed-leaving-town-award-winning-photo-by-eric-j-lantz-of-walnut-grove-1000x750/" "Mozilla/5.0 (compatible; MSIE 9.0; Windows NT 6.1; Trident/5.0;  Trident/5.0)"
23.100.232.233 - - [01/Jul/2021:01:49:17 -0400] "GET /wp-content/themes/royal-magazine/js/navigation.js?ver=20151215 HTTP/1.1" 200 1349 "https://ajhydell.com/2020/06/13/the-june-13-1968-tornado-that-struck-tracy-minnesota-is-photographed-leaving-town-award-winning-photo-by-eric-j-lantz-of-walnut-grove-1000x750/" "Mozilla/5.0 (compatible; MSIE 9.0; Windows NT 6.1; Trident/5.0;  Trident/5.0)"
23.100.232.233 - - [01/Jul/2021:01:49:17 -0400] "GET /wp-content/themes/royal-magazine/assets/libraries/bootstrap/js/bootstrap.min.js?ver=5.7.2 HTTP/1.1" 200 10404 "https://ajhydell.com/2020/06/13/the-june-13-1968-tornado-that-struck-tracy-minnesota-is-photographed-leaving-town-award-winning-photo-by-eric-j-lantz-of-walnut-grove-1000x750/" "Mozilla/5.0 (compatible; MSIE 9.0; Windows NT 6.1; Trident/5.0;  Trident/5.0)"
23.100.232.233 - - [01/Jul/2021:01:49:17 -0400] "GET /wp-content/themes/royal-magazine/assets/libraries/marquee/jquery.marquee.js?ver=5.7.2 HTTP/1.1" 200 5103 "https://ajhydell.com/2020/06/13/the-june-13-1968-tornado-that-struck-tracy-minnesota-is-photographed-leaving-town-award-winning-photo-by-eric-j-lantz-of-walnut-grove-1000x750/" "Mozilla/5.0 (compatible; MSIE 9.0; Windows NT 6.1; Trident/5.0;  Trident/5.0)"
23.100.232.233 - - [01/Jul/2021:01:49:18 -0400] "GET /wp-content/themes/royal-magazine/assets/twp/js/custom-script.js?ver=5.7.2 HTTP/1.1" 200 3023 "https://ajhydell.com/2020/06/13/the-june-13-1968-tornado-that-struck-tracy-minnesota-is-photographed-leaving-town-award-winning-photo-by-eric-j-lantz-of-walnut-grove-1000x750/" "Mozilla/5.0 (compatible; MSIE 9.0; Windows NT 6.1; Trident/5.0;  Trident/5.0)"
23.100.232.233 - - [01/Jul/2021:01:49:18 -0400] "GET /wp-content/themes/royal-magazine/assets/libraries/magnific-popup/jquery.magnific-popup.min.js?ver=5.7.2 HTTP/1.1" 200 7871 "https://ajhydell.com/2020/06/13/the-june-13-1968-tornado-that-struck-tracy-minnesota-is-photographed-leaving-town-award-winning-photo-by-eric-j-lantz-of-walnut-grove-1000x750/" "Mozilla/5.0 (compatible; MSIE 9.0; Windows NT 6.1; Trident/5.0;  Trident/5.0)"
23.100.232.233 - - [01/Jul/2021:01:49:18 -0400] "GET /wp-content/plugins/facebook-pagelike-widget/fb.js?ver=1.0 HTTP/1.1" 200 821 "https://ajhydell.com/2020/06/13/the-june-13-1968-tornado-that-struck-tracy-minnesota-is-photographed-leaving-town-award-winning-photo-by-eric-j-lantz-of-walnut-grove-1000x750/" "Mozilla/5.0 (compatible; MSIE 9.0; Windows NT 6.1; Trident/5.0;  Trident/5.0)"
23.100.232.233 - - [01/Jul/2021:01:49:18 -0400] "GET /wp-content/themes/royal-magazine/assets/libraries/slick/js/slick.min.js?ver=5.7.2 HTTP/1.1" 200 10740 "https://ajhydell.com/2020/06/13/the-june-13-1968-tornado-that-struck-tracy-minnesota-is-photographed-leaving-town-award-winning-photo-by-eric-j-lantz-of-walnut-grove-1000x750/" "Mozilla/5.0 (compatible; MSIE 9.0; Windows NT 6.1; Trident/5.0;  Trident/5.0)"
23.100.232.233 - - [01/Jul/2021:01:49:18 -0400] "GET /wp-includes/js/wp-embed.min.js?ver=5.7.2 HTTP/1.1" 200 1221 "https://ajhydell.com/2020/06/13/the-june-13-1968-tornado-that-struck-tracy-minnesota-is-photographed-leaving-town-award-winning-photo-by-eric-j-lantz-of-walnut-grove-1000x750/" "Mozilla/5.0 (compatible; MSIE 9.0; Windows NT 6.1; Trident/5.0;  Trident/5.0)"
23.100.232.233 - - [01/Jul/2021:01:49:18 -0400] "GET /wp-content/themes/royal-magazine/assets/libraries/theiaStickySidebar/theia-sticky-sidebar.min.js?ver=5.7.2 HTTP/1.1" 200 2271 "https://ajhydell.com/2020/06/13/the-june-13-1968-tornado-that-struck-tracy-minnesota-is-photographed-leaving-town-award-winning-photo-by-eric-j-lantz-of-walnut-grove-1000x750/" "Mozilla/5.0 (compatible; MSIE 9.0; Windows NT 6.1; Trident/5.0;  Trident/5.0)"
204.48.19.85 - - [01/Jul/2021:01:50:03 -0400] "POST /wp-cron.php?doing_wp_cron=1625118603.4772028923034667968750 HTTP/1.1" 200 5463 "https://ajhydell.com/wp-cron.php?doing_wp_cron=1625118603.4772028923034667968750" "WordPress/5.7.2; https://ajhydell.com"
185.191.171.7 - - [01/Jul/2021:01:50:03 -0400] "GET /2020/09/04/usaaf-ground-crew-working-on-a-shark-b-26-marauder/ HTTP/1.1" 200 18077 "-" "Mozilla/5.0 (compatible; SemrushBot/7~bl; +http://www.semrush.com/bot.html)"
62.210.215.117 - - [01/Jul/2021:01:50:26 -0400] "GET /feed/ HTTP/1.1" 200 7747 "-" "Mozilla/5.0 (X11; Linux i686) AppleWebKit/537.36 (KHTML, like Gecko) Chrome/30.0.1599.66 Safari/537.36"
185.130.44.108 - - [01/Jul/2021:01:50:30 -0400] "GET /WFimageboard.php HTTP/1.1" 421 5252 "-" "Mozilla/5.0 (Windows NT 10.0; rv:78.0) Gecko/20100101 Firefox/78.0"
204.48.19.85 - - [01/Jul/2021:01:50:59 -0400] "POST /wp-cron.php?doing_wp_cron=1625118659.3123700618743896484375 HTTP/1.1" 200 5463 "https://ajhydell.com/wp-cron.php?doing_wp_cron=1625118659.3123700618743896484375" "WordPress/5.7.2; https://ajhydell.com"
66.249.66.134 - - [01/Jul/2021:01:50:59 -0400] "GET /page/13/ HTTP/1.1" 200 19786 "-" "Mozilla/5.0 (Linux; Android 6.0.1; Nexus 5X Build/MMB29P) AppleWebKit/537.36 (KHTML, like Gecko) Chrome/91.0.4472.90 Mobile Safari/537.36 (compatible; Googlebot/2.1; +http://www.google.com/bot.html)"
54.36.149.36 - - [01/Jul/2021:01:51:00 -0400] "GET /2020/11/23/members-of-c-company-us-823rd-tank-destroyer-battalion-pose-in-front-of-a-m10-these-men-were-credited-with-knocking-out-four-tiger-iis-from-schweres-ss-panzerabteilung-501-at-or-around-stavelot-be/ HTTP/1.1" 200 18592 "-" "Mozilla/5.0 (compatible; AhrefsBot/7.0; +http://ahrefs.com/robot/)"
204.48.19.85 - - [01/Jul/2021:01:55:23 -0400] "POST /wp-cron.php?doing_wp_cron=1625118923.7330060005187988281250 HTTP/1.1" 200 5463 "https://ajhydell.com/wp-cron.php?doing_wp_cron=1625118923.7330060005187988281250" "WordPress/5.7.2; https://ajhydell.com"
204.48.19.85 - - [01/Jul/2021:01:55:23 -0400] "POST /wp-cron.php?doing_wp_cron=1625118923.7329940795898437500000 HTTP/1.1" 200 5463 "https://ajhydell.com/wp-cron.php?doing_wp_cron=1625118923.7329940795898437500000" "WordPress/5.7.2; https://ajhydell.com"
66.249.66.134 - - [01/Jul/2021:01:55:23 -0400] "GET /robots.txt HTTP/1.1" 200 5685 "-" "Mozilla/5.0 (compatible; Googlebot/2.1; +http://www.google.com/bot.html)"
66.249.66.136 - - [01/Jul/2021:01:55:23 -0400] "GET /2018/11/22/hishimi-yuriko/ HTTP/1.1" 200 18053 "-" "Mozilla/5.0 (Linux; Android 6.0.1; Nexus 5X Build/MMB29P) AppleWebKit/537.36 (KHTML, like Gecko) Chrome/91.0.4472.90 Mobile Safari/537.36 (compatible; Googlebot/2.1; +http://www.google.com/bot.html)"
51.104.180.47 - - [01/Jul/2021:01:56:50 -0400] "GET /wp-content/uploads/2020/12/picture-134.jpg HTTP/1.1" 200 570520 "-" "DuckDuckBot/1.1; (+http://duckduckgo.com/duckduckbot.html)"
204.48.19.85 - - [01/Jul/2021:01:58:01 -0400] "POST /wp-cron.php?doing_wp_cron=1625119081.3751029968261718750000 HTTP/1.1" 200 5463 "https://ajhydell.com/wp-cron.php?doing_wp_cron=1625119081.3751029968261718750000" "WordPress/5.7.2; https://ajhydell.com"
185.191.171.37 - - [01/Jul/2021:01:58:01 -0400] "GET /2018/12/20/ HTTP/1.1" 200 17313 "-" "Mozilla/5.0 (compatible; SemrushBot/7~bl; +http://www.semrush.com/bot.html)"
207.46.13.80 - - [01/Jul/2021:01:58:08 -0400] "GET /wp-content/themes/royal-magazine/assets/libraries/magnific-popup/jquery.magnific-popup.min.js?ver=5.7.2 HTTP/1.1" 200 12592 "-" "Mozilla/5.0 (compatible; bingbot/2.0; +http://www.bing.com/bingbot.htm)"
54.36.149.85 - - [01/Jul/2021:01:58:36 -0400] "GET /2020/06/23/french-troops-of-the-2nd-armored-divsion-on-their-way-to-liberate-occupied-strasbourg-1944-1000x650/ HTTP/1.1" 200 18156 "-" "Mozilla/5.0 (compatible; AhrefsBot/7.0; +http://ahrefs.com/robot/)"
51.104.146.235 - - [01/Jul/2021:01:59:19 -0400] "GET /wp-content/uploads/2019/07/picture-37.jpg HTTP/1.1" 200 3905677 "-" "DuckDuckBot/1.1; (+http://duckduckgo.com/duckduckbot.html)"
204.48.19.85 - - [01/Jul/2021:02:00:18 -0400] "POST /wp-cron.php?doing_wp_cron=1625119218.4737429618835449218750 HTTP/1.1" 200 5463 "https://ajhydell.com/wp-cron.php?doing_wp_cron=1625119218.4737429618835449218750" "WordPress/5.7.2; https://ajhydell.com"
54.67.123.16 - - [01/Jul/2021:02:00:18 -0400] "GET /owa/auth/logon.aspx HTTP/1.1" 301 5500 "-" "Mozilla/5.0 (Macintosh; Intel Mac OS X 10_11_5) AppleWebKit/537.36 (KHTML, like Gecko) Chrome/50.0.2661.102 Safari/537.36"
195.201.58.104 - - [01/Jul/2021:02:00:29 -0400] "GET /feed/ HTTP/1.1" 200 6877 "-" "AwarioRssBot/1.0 (+https://awario.com/bots.html; bots@awario.com)"
204.48.19.85 - - [01/Jul/2021:02:02:20 -0400] "POST /wp-cron.php?doing_wp_cron=1625119340.3068768978118896484375 HTTP/1.1" 200 5463 "https://ajhydell.com/wp-cron.php?doing_wp_cron=1625119340.3068768978118896484375" "WordPress/5.7.2; https://ajhydell.com"
106.38.241.125 - - [01/Jul/2021:02:02:20 -0400] "GET / HTTP/1.1" 200 19047 "-" "Sogou web spider/4.0(+http://www.sogou.com/docs/help/webmasters.htm#07)"
204.48.19.85 - - [01/Jul/2021:02:02:45 -0400] "POST /wp-cron.php?doing_wp_cron=1625119365.3928239345550537109375 HTTP/1.1" 200 5463 "https://ajhydell.com/wp-cron.php?doing_wp_cron=1625119365.3928239345550537109375" "WordPress/5.7.2; https://ajhydell.com"
185.191.171.5 - - [01/Jul/2021:02:02:45 -0400] "GET /2020/10/02/an-attack-against-one-is-an-attack-against-all-c-1970/ HTTP/1.1" 200 17975 "-" "Mozilla/5.0 (compatible; SemrushBot/7~bl; +http://www.semrush.com/bot.html)"
18.206.235.227 - - [01/Jul/2021:02:03:34 -0400] "HEAD / HTTP/1.1" 200 4883 "-" "scalaj-http/2.4.2"
18.206.235.227 - - [01/Jul/2021:02:03:35 -0400] "GET / HTTP/1.1" 200 18964 "-" "Buck/2.2; (+https://app.hypefactors.com/media-monitoring/about.html)"
18.206.235.227 - - [01/Jul/2021:02:03:38 -0400] "GET /robots.txt HTTP/1.1" 200 5069 "-" "Buck/2.2; (+https://app.hypefactors.com/media-monitoring/about.html)"
204.48.19.85 - - [01/Jul/2021:02:04:07 -0400] "POST /wp-cron.php?doing_wp_cron=1625119447.0771160125732421875000 HTTP/1.1" 200 5463 "https://ajhydell.com/wp-cron.php?doing_wp_cron=1625119447.0771160125732421875000" "WordPress/5.7.2; https://ajhydell.com"
18.206.235.227 - - [01/Jul/2021:02:04:07 -0400] "GET /feed/ HTTP/1.1" 200 7185 "-" "Buck/2.2; (+https://app.hypefactors.com/media-monitoring/about.html)"
18.206.235.227 - - [01/Jul/2021:02:04:07 -0400] "GET /sitemap_index.xml HTTP/1.1" 200 5388 "-" "Buck/2.2; (+https://app.hypefactors.com/media-monitoring/about.html)"
18.206.235.227 - - [01/Jul/2021:02:04:08 -0400] "GET /post-sitemap10.xml HTTP/1.1" 200 15401 "-" "Buck/2.2; (+https://app.hypefactors.com/media-monitoring/about.html)"
18.206.235.227 - - [01/Jul/2021:02:04:08 -0400] "GET /post-sitemap11.xml HTTP/1.1" 200 15210 "-" "Buck/2.2; (+https://app.hypefactors.com/media-monitoring/about.html)"
18.206.235.227 - - [01/Jul/2021:02:04:08 -0400] "GET /post-sitemap12.xml HTTP/1.1" 200 14378 "-" "Buck/2.2; (+https://app.hypefactors.com/media-monitoring/about.html)"
18.206.235.227 - - [01/Jul/2021:02:04:09 -0400] "GET /post-sitemap13.xml HTTP/1.1" 200 14594 "-" "Buck/2.2; (+https://app.hypefactors.com/media-monitoring/about.html)"
18.206.235.227 - - [01/Jul/2021:02:04:09 -0400] "GET /sitemap.xml HTTP/1.1" 200 5750 "-" "Buck/2.2; (+https://app.hypefactors.com/media-monitoring/about.html)"
18.206.235.227 - - [01/Jul/2021:02:04:09 -0400] "GET /sitemap-pt-post-2021-07.xml HTTP/1.1" 200 5511 "-" "Buck/2.2; (+https://app.hypefactors.com/media-monitoring/about.html)"
18.206.235.227 - - [01/Jul/2021:02:04:09 -0400] "GET /sitemap-pt-post-2021-06.xml HTTP/1.1" 200 12713 "-" "Buck/2.2; (+https://app.hypefactors.com/media-monitoring/about.html)"
204.48.19.85 - - [01/Jul/2021:02:06:21 -0400] "POST /wp-cron.php?doing_wp_cron=1625119581.1036920547485351562500 HTTP/1.1" 200 5463 "https://ajhydell.com/wp-cron.php?doing_wp_cron=1625119581.1036920547485351562500" "WordPress/5.7.2; https://ajhydell.com"
54.36.148.30 - - [01/Jul/2021:02:06:21 -0400] "GET /2019/10/11/maos-quote-book-ussr-1969/ HTTP/1.1" 200 18118 "-" "Mozilla/5.0 (compatible; AhrefsBot/7.0; +http://ahrefs.com/robot/)"
40.77.167.20 - - [01/Jul/2021:02:09:25 -0400] "GET /wp-content/uploads/2020/09/picture-23.jpg HTTP/1.1" 200 65611 "-" "Mozilla/5.0 (compatible; bingbot/2.0; +http://www.bing.com/bingbot.htm)"
204.48.19.85 - - [01/Jul/2021:02:10:06 -0400] "POST /wp-cron.php?doing_wp_cron=1625119806.6446421146392822265625 HTTP/1.1" 200 5463 "https://ajhydell.com/wp-cron.php?doing_wp_cron=1625119806.6446421146392822265625" "WordPress/5.7.2; https://ajhydell.com"
131.220.6.152 - - [01/Jul/2021:02:10:06 -0400] "GET / HTTP/1.1" 200 19503 "-" "Mozilla/5.0 (X11; Linux x86_64) AppleWebKit/537.36 (KHTML, like Gecko) Chrome/79.0.3945.79 Safari/537.36"
5.255.253.88 - - [01/Jul/2021:02:11:02 -0400] "GET /wp-content/uploads/2021/02/picture-10.jpg HTTP/1.1" 304 5440 "-" "Mozilla/5.0 (compatible; YandexImages/3.0; +http://yandex.com/bots)"
207.46.13.151 - - [01/Jul/2021:02:11:05 -0400] "GET /wp-content/uploads/2019/03/picture-67-633x1024.jpg HTTP/1.1" 200 122769 "-" "Mozilla/5.0 (compatible; bingbot/2.0; +http://www.bing.com/bingbot.htm)"
207.46.13.120 - - [01/Jul/2021:02:12:36 -0400] "GET /wp-content/uploads/2020/02/picture-13-900x600.jpg HTTP/1.1" 200 116717 "-" "Mozilla/5.0 (compatible; bingbot/2.0; +http://www.bing.com/bingbot.htm)"
204.48.19.85 - - [01/Jul/2021:02:13:29 -0400] "POST /wp-cron.php?doing_wp_cron=1625120009.2027890682220458984375 HTTP/1.1" 200 5463 "https://ajhydell.com/wp-cron.php?doing_wp_cron=1625120009.2027890682220458984375" "WordPress/5.7.2; https://ajhydell.com"
118.184.177.67 - - [01/Jul/2021:02:13:29 -0400] "GET / HTTP/1.1" 200 19048 "-" "Sogou web spider/4.0(+http://www.sogou.com/docs/help/webmasters.htm#07)"
204.48.19.85 - - [01/Jul/2021:02:14:12 -0400] "POST /wp-cron.php?doing_wp_cron=1625120052.9029190540313720703125 HTTP/1.1" 200 5463 "https://ajhydell.com/wp-cron.php?doing_wp_cron=1625120052.9029190540313720703125" "WordPress/5.7.2; https://ajhydell.com"
54.36.148.184 - - [01/Jul/2021:02:14:12 -0400] "GET /2021/06/10/a-hookah-cafe-in-istanbul-ottoman-empire-1885-2399-x-1888/ HTTP/1.1" 200 18075 "-" "Mozilla/5.0 (compatible; AhrefsBot/7.0; +http://ahrefs.com/robot/)"
204.48.19.85 - - [01/Jul/2021:02:15:06 -0400] "GET / HTTP/1.1" 200 19069 "https://ajhydell.com/" "WordPress/5.7.2; https://ajhydell.com"
204.48.19.85 - - [01/Jul/2021:02:15:06 -0400] "POST /wp-cron.php?doing_wp_cron=1625120106.8843998908996582031250 HTTP/1.1" 200 5463 "https://ajhydell.com/wp-cron.php?doing_wp_cron=1625120106.8843998908996582031250" "WordPress/5.7.2; https://ajhydell.com"
185.191.171.22 - - [01/Jul/2021:02:15:06 -0400] "GET /2020/08/22/wwi-a-canadian-soldier-tries-to-comfort-a-little-belgian-baby-who-was-hurt-and-whose-mother-was-killed-by-an-artillery-shell-november-1918-640-x-501/ HTTP/1.1" 200 18206 "-" "Mozilla/5.0 (compatible; SemrushBot/7~bl; +http://www.semrush.com/bot.html)"
204.48.19.85 - - [01/Jul/2021:02:16:57 -0400] "POST /wp-cron.php?doing_wp_cron=1625120217.1519529819488525390625 HTTP/1.1" 200 5463 "https://ajhydell.com/wp-cron.php?doing_wp_cron=1625120217.1519529819488525390625" "WordPress/5.7.2; https://ajhydell.com"
157.55.39.134 - - [01/Jul/2021:02:16:57 -0400] "GET /2020/05/05/u-s-soldier-resting-on-his-final-day-in-the-hospital-tomorrow-he-returns-to-the-front-france-1918/ HTTP/1.1" 200 17818 "-" "Mozilla/5.0 (compatible; bingbot/2.0; +http://www.bing.com/bingbot.htm)"
207.46.13.80 - - [01/Jul/2021:02:18:01 -0400] "GET /wp-content/uploads/2020/09/picture-134.jpg HTTP/1.1" 200 71311 "-" "Mozilla/5.0 (compatible; bingbot/2.0; +http://www.bing.com/bingbot.htm)"
204.48.19.85 - - [01/Jul/2021:02:18:30 -0400] "POST /wp-cron.php?doing_wp_cron=1625120310.9396479129791259765625 HTTP/1.1" 200 5463 "https://ajhydell.com/wp-cron.php?doing_wp_cron=1625120310.9396479129791259765625" "WordPress/5.7.2; https://ajhydell.com"
207.46.13.80 - - [01/Jul/2021:02:18:30 -0400] "GET /2018/11/22/hishimi-yuriko/ HTTP/1.1" 200 17650 "-" "Mozilla/5.0 (compatible; bingbot/2.0; +http://www.bing.com/bingbot.htm)"
204.48.19.85 - - [01/Jul/2021:02:19:13 -0400] "POST /wp-cron.php?doing_wp_cron=1625120353.8659169673919677734375 HTTP/1.1" 200 5463 "https://ajhydell.com/wp-cron.php?doing_wp_cron=1625120353.8659169673919677734375" "WordPress/5.7.2; https://ajhydell.com"
185.191.171.37 - - [01/Jul/2021:02:19:13 -0400] "GET /2020/10/31/a-swedish-tp-47-catalina-sea-rescue-aircraft-shortly-after-being-shot-down-by-a-soviet-mig-15-in-international-airspace-over-the-baltic-sea-june-16-1952-during-the-catalinaaffair-the-aircraft-was-lo/ HTTP/1.1" 200 18406 "-" "Mozilla/5.0 (compatible; SemrushBot/7~bl; +http://www.semrush.com/bot.html)"
157.55.39.134 - - [01/Jul/2021:02:19:58 -0400] "GET /wp-content/uploads/2021/01/picture-10.jpg HTTP/1.1" 200 201990 "-" "Mozilla/5.0 (compatible; bingbot/2.0; +http://www.bing.com/bingbot.htm)"
204.48.19.85 - - [01/Jul/2021:02:20:12 -0400] "GET /wp-json/wp/v2/types/post?context=edit HTTP/1.1" 401 5885 "https://ajhydell.com/wp-json/wp/v2/types/post?context=edit" "WordPress/5.7.2; https://ajhydell.com"
204.48.19.85 - - [01/Jul/2021:02:20:13 -0400] "POST /wp-cron.php HTTP/1.1" 200 5463 "https://ajhydell.com/wp-cron.php" "WordPress/5.7.2; https://ajhydell.com"
204.48.19.85 - - [01/Jul/2021:02:20:13 -0400] "GET / HTTP/1.1" 200 19069 "https://ajhydell.com/" "WordPress/5.7.2; https://ajhydell.com"
204.48.19.85 - - [01/Jul/2021:02:20:12 -0400] "POST /wp-cron.php?doing_wp_cron=1625120412.5683960914611816406250 HTTP/1.1" 200 5463 "https://ajhydell.com/wp-cron.php?doing_wp_cron=1625120412.5683960914611816406250" "WordPress/5.7.2; https://ajhydell.com"
17.121.113.196 - - [01/Jul/2021:02:20:12 -0400] "GET /2019/07/20/propaganda-billboard-by-the-kkk-1960s/ HTTP/1.1" 200 17399 "-" "Mozilla/5.0 (Macintosh; Intel Mac OS X 10_15_5) AppleWebKit/605.1.15 (KHTML, like Gecko) Version/13.1.1 Safari/605.1.15 (Applebot/0.1; +http://www.apple.com/go/applebot)"
162.55.191.247 - - [01/Jul/2021:02:20:22 -0400] "GET /wp-admin/install.php?step=1 HTTP/1.1" 200 6002 "-" "Apache/2.4.34 (Ubuntu) OpenSSL/1.1.1 (internal dummy connection)"
204.48.19.85 - - [01/Jul/2021:02:20:54 -0400] "POST /wp-cron.php?doing_wp_cron=1625120454.7805299758911132812500 HTTP/1.1" 200 5463 "https://ajhydell.com/wp-cron.php?doing_wp_cron=1625120454.7805299758911132812500" "WordPress/5.7.2; https://ajhydell.com"
185.191.171.36 - - [01/Jul/2021:02:20:54 -0400] "GET /2020/12/18/europe-from-moscow-map-published-in-time-1952/ HTTP/1.1" 200 17933 "-" "Mozilla/5.0 (compatible; SemrushBot/7~bl; +http://www.semrush.com/bot.html)"
204.48.19.85 - - [01/Jul/2021:02:21:57 -0400] "POST /wp-cron.php?doing_wp_cron=1625120517.9307360649108886718750 HTTP/1.1" 200 5463 "https://ajhydell.com/wp-cron.php?doing_wp_cron=1625120517.9307360649108886718750" "WordPress/5.7.2; https://ajhydell.com"
5.255.253.88 - - [01/Jul/2021:02:21:57 -0400] "GET /2020/11/11/a-soviet-sergeant-feeding-an-infant-rescued-from-a-village-destroyed-by-retreating-germans-in-1943/feed/ HTTP/1.1" 200 6382 "-" "Mozilla/5.0 (compatible; YandexBot/3.0; +http://yandex.com/bots)"
185.191.171.15 - - [01/Jul/2021:02:22:07 -0400] "GET /2019/11/22/ HTTP/1.1" 200 17513 "-" "Mozilla/5.0 (compatible; SemrushBot/7~bl; +http://www.semrush.com/bot.html)"
54.36.149.36 - - [01/Jul/2021:02:22:23 -0400] "GET /2021/06/08/map-of-europe-probably-made-by-nazis-for-neutral-portugal-too-much-mistakes-in-words-1942/ HTTP/1.1" 200 18172 "-" "Mozilla/5.0 (compatible; AhrefsBot/7.0; +http://ahrefs.com/robot/)"
207.46.13.22 - - [01/Jul/2021:02:22:27 -0400] "GET /2020/07/26/shakeys-pizza-parlor-1966/ HTTP/1.1" 200 17470 "-" "Mozilla/5.0 (compatible; bingbot/2.0; +http://www.bing.com/bingbot.htm)"
204.48.19.85 - - [01/Jul/2021:02:23:16 -0400] "POST /wp-cron.php?doing_wp_cron=1625120596.9925661087036132812500 HTTP/1.1" 200 5463 "https://ajhydell.com/wp-cron.php?doing_wp_cron=1625120596.9925661087036132812500" "WordPress/5.7.2; https://ajhydell.com"
185.191.171.41 - - [01/Jul/2021:02:23:16 -0400] "GET /2019/02/12/ian-curtis-lead-singer-of-the-band-joy-division/ HTTP/1.1" 200 18032 "-" "Mozilla/5.0 (compatible; SemrushBot/7~bl; +http://www.semrush.com/bot.html)"
204.48.19.85 - - [01/Jul/2021:02:24:19 -0400] "POST /wp-cron.php?doing_wp_cron=1625120659.8421308994293212890625 HTTP/1.1" 200 5463 "https://ajhydell.com/wp-cron.php?doing_wp_cron=1625120659.8421308994293212890625" "WordPress/5.7.2; https://ajhydell.com"
185.191.171.18 - - [01/Jul/2021:02:24:19 -0400] "GET /2020/01/27/russian-soldiers-with-liberated-inmates-at-the-auschwitz-birkenau-concentration-camp-in-1945-5100-x-3423/ HTTP/1.1" 200 18094 "-" "Mozilla/5.0 (compatible; SemrushBot/7~bl; +http://www.semrush.com/bot.html)"
204.48.19.85 - - [01/Jul/2021:02:25:10 -0400] "POST /wp-cron.php?doing_wp_cron=1625120710.0750699043273925781250 HTTP/1.1" 200 5463 "https://ajhydell.com/wp-cron.php?doing_wp_cron=1625120710.0750699043273925781250" "WordPress/5.7.2; https://ajhydell.com"
40.77.167.20 - - [01/Jul/2021:02:25:10 -0400] "GET /2020/09/01/courtesy-of-the-2nd-armored-division/ HTTP/1.1" 200 17610 "-" "Mozilla/5.0 (compatible; bingbot/2.0; +http://www.bing.com/bingbot.htm)"
78.46.176.21 - - [01/Jul/2021:02:25:21 -0400] "GET /robots.txt HTTP/1.1" 200 5233 "-" "Mozilla/5.0 (compatible; MJ12bot/v1.4.8; http://mj12bot.com/)"
78.46.176.21 - - [01/Jul/2021:02:25:24 -0400] "GET /2019/04/18/ HTTP/1.1" 200 12091 "-" "Mozilla/5.0 (compatible; MJ12bot/v1.4.8; http://mj12bot.com/)"
78.46.176.21 - - [01/Jul/2021:02:25:27 -0400] "GET /2020/11/page/7/ HTTP/1.1" 200 14108 "-" "Mozilla/5.0 (compatible; MJ12bot/v1.4.8; http://mj12bot.com/)"
78.46.176.21 - - [01/Jul/2021:02:25:32 -0400] "GET /2021/04/11/ HTTP/1.1" 200 12867 "-" "Mozilla/5.0 (compatible; MJ12bot/v1.4.8; http://mj12bot.com/)"
66.249.66.132 - - [01/Jul/2021:02:25:40 -0400] "GET /2019/02/13/malcolm-x-and-muhammad-ali-march-1964/ HTTP/1.1" 200 18146 "-" "Mozilla/5.0 (Linux; Android 6.0.1; Nexus 5X Build/MMB29P) AppleWebKit/537.36 (KHTML, like Gecko) Chrome/91.0.4472.90 Mobile Safari/537.36 (compatible; Googlebot/2.1; +http://www.google.com/bot.html)"
51.104.180.47 - - [01/Jul/2021:02:27:31 -0400] "GET /wp-content/uploads/2020/12/picture-134.jpg HTTP/1.1" 200 570520 "-" "DuckDuckBot/1.1; (+http://duckduckgo.com/duckduckbot.html)"
204.48.19.85 - - [01/Jul/2021:02:29:20 -0400] "POST /wp-cron.php?doing_wp_cron=1625120960.2144920825958251953125 HTTP/1.1" 200 5463 "https://ajhydell.com/wp-cron.php?doing_wp_cron=1625120960.2144920825958251953125" "WordPress/5.7.2; https://ajhydell.com"
40.77.189.244 - - [01/Jul/2021:02:29:20 -0400] "GET /?wordfence_lh=1&hid=A9D09CEB607C1B83F03F3C89FADC00BB&r=0.18865559856748737 HTTP/1.1" 200 5086 "-" "Mozilla/5.0 (Windows NT 6.1; WOW64) AppleWebKit/534+ (KHTML, like Gecko) BingPreview/1.0b"
157.55.39.136 - - [01/Jul/2021:02:30:03 -0400] "GET /wp-content/uploads/2020/07/picture-42-511x1024.jpg HTTP/1.1" 200 217342 "-" "Mozilla/5.0 (compatible; bingbot/2.0; +http://www.bing.com/bingbot.htm)"
204.48.19.85 - - [01/Jul/2021:02:30:16 -0400] "POST /wp-cron.php?doing_wp_cron=1625121016.8551990985870361328125 HTTP/1.1" 200 5463 "https://ajhydell.com/wp-cron.php?doing_wp_cron=1625121016.8551990985870361328125" "WordPress/5.7.2; https://ajhydell.com"
54.36.149.36 - - [01/Jul/2021:02:30:16 -0400] "GET /2021/06/07/exhausted-civilians-try-to-get-water-during-german-siege-of-stalingrad-1942-563x809/ HTTP/1.1" 200 18213 "-" "Mozilla/5.0 (compatible; AhrefsBot/7.0; +http://ahrefs.com/robot/)"
157.55.39.134 - - [01/Jul/2021:02:32:39 -0400] "GET /wp-content/uploads/2020/05/picture-30.jpg HTTP/1.1" 200 75404 "-" "Mozilla/5.0 (compatible; bingbot/2.0; +http://www.bing.com/bingbot.htm)"
66.249.66.134 - - [01/Jul/2021:02:34:38 -0400] "GET /wp-content/uploads/2020/02/picture-69.jpg HTTP/1.1" 200 84025 "-" "Googlebot-Image/1.0"
204.48.19.85 - - [01/Jul/2021:02:35:10 -0400] "POST /wp-cron.php?doing_wp_cron=1625121310.3926270008087158203125 HTTP/1.1" 200 5463 "https://ajhydell.com/wp-cron.php?doing_wp_cron=1625121310.3926270008087158203125" "WordPress/5.7.2; https://ajhydell.com"
185.191.171.39 - - [01/Jul/2021:02:35:10 -0400] "GET /2021/01/17/1904-korean-boatman/ HTTP/1.1" 200 17858 "-" "Mozilla/5.0 (compatible; SemrushBot/7~bl; +http://www.semrush.com/bot.html)"
185.191.171.13 - - [01/Jul/2021:02:35:37 -0400] "GET /2018/11/05/ HTTP/1.1" 200 17505 "-" "Mozilla/5.0 (compatible; SemrushBot/7~bl; +http://www.semrush.com/bot.html)"
207.46.13.120 - - [01/Jul/2021:02:35:44 -0400] "GET /2020/11/23/grand-duchesses-olga-tatiana-maria-and-anastasia-nikolaevna-posing-for-their-last-formal-photo-session-1916-2048-x-1328/ HTTP/1.1" 200 18034 "-" "Mozilla/5.0 (compatible; bingbot/2.0; +http://www.bing.com/bingbot.htm)"
204.48.19.85 - - [01/Jul/2021:02:35:49 -0400] "POST /wp-cron.php?doing_wp_cron=1625121348.9991168975830078125000 HTTP/1.1" 200 5463 "https://ajhydell.com/wp-cron.php?doing_wp_cron=1625121348.9991168975830078125000" "WordPress/5.7.2; https://ajhydell.com"
54.198.46.51 - - [01/Jul/2021:02:35:48 -0400] "GET /robots.txt HTTP/1.1" 200 5032 "https://www.google.com/" "Mozilla/5.0 (Macintosh; Intel Mac OS X 10.15; rv:88.0) Gecko/20100101 Firefox/88.0"
54.198.46.51 - - [01/Jul/2021:02:35:49 -0400] "GET /feed HTTP/1.1" 301 5014 "-" "Rome Client (http://tinyurl.com/64t5n) Ver: UNKNOWN"
54.198.46.51 - - [01/Jul/2021:02:35:49 -0400] "GET /feed/ HTTP/1.1" 200 2783 "-" "Rome Client (http://tinyurl.com/64t5n) Ver: UNKNOWN"
204.48.19.85 - - [01/Jul/2021:02:37:29 -0400] "POST /wp-cron.php?doing_wp_cron=1625121449.4992499351501464843750 HTTP/1.1" 200 5463 "https://ajhydell.com/wp-cron.php?doing_wp_cron=1625121449.4992499351501464843750" "WordPress/5.7.2; https://ajhydell.com"
54.36.149.0 - - [01/Jul/2021:02:37:29 -0400] "GET /2021/06/17/april-13-1924-ford-ad/ HTTP/1.1" 200 17851 "-" "Mozilla/5.0 (compatible; AhrefsBot/7.0; +http://ahrefs.com/robot/)"
204.48.19.85 - - [01/Jul/2021:02:38:36 -0400] "POST /wp-cron.php?doing_wp_cron=1625121515.9975590705871582031250 HTTP/1.1" 200 5463 "https://ajhydell.com/wp-cron.php?doing_wp_cron=1625121515.9975590705871582031250" "WordPress/5.7.2; https://ajhydell.com"
66.249.66.132 - - [01/Jul/2021:02:38:35 -0400] "GET /feed/ HTTP/1.1" 200 7483 "-" "Mozilla/5.0 (compatible; Googlebot/2.1; +http://www.google.com/bot.html)"
204.48.19.85 - - [01/Jul/2021:02:39:28 -0400] "POST /wp-cron.php?doing_wp_cron=1625121568.3380689620971679687500 HTTP/1.1" 200 5463 "https://ajhydell.com/wp-cron.php?doing_wp_cron=1625121568.3380689620971679687500" "WordPress/5.7.2; https://ajhydell.com"
95.163.255.179 - - [01/Jul/2021:02:39:28 -0400] "GET /robots.txt HTTP/1.0" 200 5241 "-" "Mozilla/5.0 (compatible; Linux x86_64; Mail.RU_Bot/2.0; +http://go.mail.ru/help/robots)"
95.163.255.178 - - [01/Jul/2021:02:39:29 -0400] "GET /post-sitemap14.xml HTTP/1.1" 200 14945 "-" "Mozilla/5.0 (compatible; Linux x86_64; Mail.RU_Bot/2.0; +http://go.mail.ru/help/robots)"
204.48.19.85 - - [01/Jul/2021:02:41:53 -0400] "POST /wp-cron.php?doing_wp_cron=1625121713.5502080917358398437500 HTTP/1.1" 200 5463 "https://ajhydell.com/wp-cron.php?doing_wp_cron=1625121713.5502080917358398437500" "WordPress/5.7.2; https://ajhydell.com"
207.46.13.22 - - [01/Jul/2021:02:41:53 -0400] "GET / HTTP/1.1" 200 19088 "-" "Mozilla/5.0 (compatible; bingbot/2.0; +http://www.bing.com/bingbot.htm)"
204.48.19.85 - - [01/Jul/2021:02:44:38 -0400] "POST /wp-cron.php?doing_wp_cron=1625121878.9489269256591796875000 HTTP/1.1" 200 5463 "https://ajhydell.com/wp-cron.php?doing_wp_cron=1625121878.9489269256591796875000" "WordPress/5.7.2; https://ajhydell.com"
54.36.148.187 - - [01/Jul/2021:02:44:38 -0400] "GET /2021/05/24/coming-through-the-rye-scottish-couple-from-canadas-early-years/ HTTP/1.1" 200 18069 "-" "Mozilla/5.0 (compatible; AhrefsBot/7.0; +http://ahrefs.com/robot/)"
204.48.19.85 - - [01/Jul/2021:02:44:51 -0400] "POST /wp-cron.php?doing_wp_cron=1625121891.0180308818817138671875 HTTP/1.1" 200 5463 "https://ajhydell.com/wp-cron.php?doing_wp_cron=1625121891.0180308818817138671875" "WordPress/5.7.2; https://ajhydell.com"
185.191.171.39 - - [01/Jul/2021:02:44:50 -0400] "GET /2019/03/19/ HTTP/1.1" 200 17493 "-" "Mozilla/5.0 (compatible; SemrushBot/7~bl; +http://www.semrush.com/bot.html)"
204.48.19.85 - - [01/Jul/2021:02:46:22 -0400] "POST /wp-cron.php?doing_wp_cron=1625121982.8450450897216796875000 HTTP/1.1" 200 5463 "https://ajhydell.com/wp-cron.php?doing_wp_cron=1625121982.8450450897216796875000" "WordPress/5.7.2; https://ajhydell.com"
185.191.171.13 - - [01/Jul/2021:02:46:22 -0400] "GET /2018/11/24/ HTTP/1.1" 200 17757 "-" "Mozilla/5.0 (compatible; SemrushBot/7~bl; +http://www.semrush.com/bot.html)"
49.7.20.71 - - [01/Jul/2021:02:46:32 -0400] "GET / HTTP/1.1" 301 306 "-" "Sogou web spider/4.0(+http://www.sogou.com/docs/help/webmasters.htm#07)"
204.48.19.85 - - [01/Jul/2021:02:47:15 -0400] "POST /wp-cron.php?doing_wp_cron=1625122035.9680600166320800781250 HTTP/1.1" 200 5463 "https://ajhydell.com/wp-cron.php?doing_wp_cron=1625122035.9680600166320800781250" "WordPress/5.7.2; https://ajhydell.com"
23.100.232.233 - - [01/Jul/2021:02:47:15 -0400] "GET /2019/11/26/the-last-hussar-august-von-mackensengerman-field-marshal-in-world-war-i-in-leib-husaren-regiment-uniform-circa-1914-720x1104/ HTTP/1.1" 200 17301 "-" "Mozilla/5.0 (compatible; MSIE 9.0; Windows NT 6.0; Trident/5.0;  Trident/5.0)"
23.100.232.233 - - [01/Jul/2021:02:47:17 -0400] "GET /wp-content/plugins/add-expires-headers/cache/0/com/processed-header-f16a8d323e83e1bc1b76514e283fb81b7090a959.min.css HTTP/1.1" 200 52893 "https://ajhydell.com/2019/11/26/the-last-hussar-august-von-mackensengerman-field-marshal-in-world-war-i-in-leib-husaren-regiment-uniform-circa-1914-720x1104/" "Mozilla/5.0 (compatible; MSIE 9.0; Windows NT 6.0; Trident/5.0;  Trident/5.0)"
23.100.232.233 - - [01/Jul/2021:02:47:17 -0400] "GET /wp-content/plugins/google-analytics-for-wordpress/assets/js/frontend-gtag.min.js?ver=7.17.0 HTTP/1.1" 200 3476 "https://ajhydell.com/2019/11/26/the-last-hussar-august-von-mackensengerman-field-marshal-in-world-war-i-in-leib-husaren-regiment-uniform-circa-1914-720x1104/" "Mozilla/5.0 (compatible; MSIE 9.0; Windows NT 6.0; Trident/5.0;  Trident/5.0)"
23.100.232.233 - - [01/Jul/2021:02:47:17 -0400] "GET /wp-includes/js/jquery/jquery.min.js?ver=3.5.1 HTTP/1.1" 200 31550 "https://ajhydell.com/2019/11/26/the-last-hussar-august-von-mackensengerman-field-marshal-in-world-war-i-in-leib-husaren-regiment-uniform-circa-1914-720x1104/" "Mozilla/5.0 (compatible; MSIE 9.0; Windows NT 6.0; Trident/5.0;  Trident/5.0)"
23.100.232.233 - - [01/Jul/2021:02:47:17 -0400] "GET /wp-includes/js/jquery/jquery-migrate.min.js?ver=3.3.2 HTTP/1.1" 200 4687 "https://ajhydell.com/2019/11/26/the-last-hussar-august-von-mackensengerman-field-marshal-in-world-war-i-in-leib-husaren-regiment-uniform-circa-1914-720x1104/" "Mozilla/5.0 (compatible; MSIE 9.0; Windows NT 6.0; Trident/5.0;  Trident/5.0)"
23.100.232.233 - - [01/Jul/2021:02:47:19 -0400] "GET /wp-includes/js/wp-emoji-release.min.js?ver=5.7.2 HTTP/1.1" 200 5183 "https://ajhydell.com/2019/11/26/the-last-hussar-august-von-mackensengerman-field-marshal-in-world-war-i-in-leib-husaren-regiment-uniform-circa-1914-720x1104/" "Mozilla/5.0 (compatible; MSIE 9.0; Windows NT 6.0; Trident/5.0;  Trident/5.0)"
23.100.232.233 - - [01/Jul/2021:02:47:21 -0400] "GET /wp-content/plugins/wp-smushit/app/assets/js/smush-lazy-load.min.js?ver=3.8.7 HTTP/1.1" 200 4207 "https://ajhydell.com/2019/11/26/the-last-hussar-august-von-mackensengerman-field-marshal-in-world-war-i-in-leib-husaren-regiment-uniform-circa-1914-720x1104/" "Mozilla/5.0 (compatible; MSIE 9.0; Windows NT 6.0; Trident/5.0;  Trident/5.0)"
23.100.232.233 - - [01/Jul/2021:02:47:21 -0400] "GET /wp-content/themes/royal-magazine/js/navigation.js?ver=20151215 HTTP/1.1" 200 1349 "https://ajhydell.com/2019/11/26/the-last-hussar-august-von-mackensengerman-field-marshal-in-world-war-i-in-leib-husaren-regiment-uniform-circa-1914-720x1104/" "Mozilla/5.0 (compatible; MSIE 9.0; Windows NT 6.0; Trident/5.0;  Trident/5.0)"
23.100.232.233 - - [01/Jul/2021:02:47:22 -0400] "GET /wp-content/themes/royal-magazine/js/skip-link-focus-fix.js?ver=20151215 HTTP/1.1" 200 933 "https://ajhydell.com/2019/11/26/the-last-hussar-august-von-mackensengerman-field-marshal-in-world-war-i-in-leib-husaren-regiment-uniform-circa-1914-720x1104/" "Mozilla/5.0 (compatible; MSIE 9.0; Windows NT 6.0; Trident/5.0;  Trident/5.0)"
23.100.232.233 - - [01/Jul/2021:02:47:22 -0400] "GET /wp-content/themes/royal-magazine/assets/libraries/slick/js/slick.min.js?ver=5.7.2 HTTP/1.1" 200 10740 "https://ajhydell.com/2019/11/26/the-last-hussar-august-von-mackensengerman-field-marshal-in-world-war-i-in-leib-husaren-regiment-uniform-circa-1914-720x1104/" "Mozilla/5.0 (compatible; MSIE 9.0; Windows NT 6.0; Trident/5.0;  Trident/5.0)"
23.100.232.233 - - [01/Jul/2021:02:47:23 -0400] "GET /wp-content/themes/royal-magazine/assets/libraries/marquee/jquery.marquee.js?ver=5.7.2 HTTP/1.1" 200 5103 "https://ajhydell.com/2019/11/26/the-last-hussar-august-von-mackensengerman-field-marshal-in-world-war-i-in-leib-husaren-regiment-uniform-circa-1914-720x1104/" "Mozilla/5.0 (compatible; MSIE 9.0; Windows NT 6.0; Trident/5.0;  Trident/5.0)"
23.100.232.233 - - [01/Jul/2021:02:47:23 -0400] "GET /wp-content/themes/royal-magazine/assets/libraries/theiaStickySidebar/theia-sticky-sidebar.min.js?ver=5.7.2 HTTP/1.1" 200 2271 "https://ajhydell.com/2019/11/26/the-last-hussar-august-von-mackensengerman-field-marshal-in-world-war-i-in-leib-husaren-regiment-uniform-circa-1914-720x1104/" "Mozilla/5.0 (compatible; MSIE 9.0; Windows NT 6.0; Trident/5.0;  Trident/5.0)"
23.100.232.233 - - [01/Jul/2021:02:47:24 -0400] "GET /wp-content/themes/royal-magazine/assets/twp/js/custom-script.js?ver=5.7.2 HTTP/1.1" 200 3023 "https://ajhydell.com/2019/11/26/the-last-hussar-august-von-mackensengerman-field-marshal-in-world-war-i-in-leib-husaren-regiment-uniform-circa-1914-720x1104/" "Mozilla/5.0 (compatible; MSIE 9.0; Windows NT 6.0; Trident/5.0;  Trident/5.0)"
23.100.232.233 - - [01/Jul/2021:02:47:24 -0400] "GET /wp-includes/js/wp-embed.min.js?ver=5.7.2 HTTP/1.1" 200 1221 "https://ajhydell.com/2019/11/26/the-last-hussar-august-von-mackensengerman-field-marshal-in-world-war-i-in-leib-husaren-regiment-uniform-circa-1914-720x1104/" "Mozilla/5.0 (compatible; MSIE 9.0; Windows NT 6.0; Trident/5.0;  Trident/5.0)"
23.100.232.233 - - [01/Jul/2021:02:47:25 -0400] "GET /wp-content/themes/royal-magazine/assets/libraries/bootstrap/js/bootstrap.min.js?ver=5.7.2 HTTP/1.1" 200 10404 "https://ajhydell.com/2019/11/26/the-last-hussar-august-von-mackensengerman-field-marshal-in-world-war-i-in-leib-husaren-regiment-uniform-circa-1914-720x1104/" "Mozilla/5.0 (compatible; MSIE 9.0; Windows NT 6.0; Trident/5.0;  Trident/5.0)"
23.100.232.233 - - [01/Jul/2021:02:47:25 -0400] "GET /wp-content/themes/royal-magazine/assets/libraries/magnific-popup/jquery.magnific-popup.min.js?ver=5.7.2 HTTP/1.1" 200 7871 "https://ajhydell.com/2019/11/26/the-last-hussar-august-von-mackensengerman-field-marshal-in-world-war-i-in-leib-husaren-regiment-uniform-circa-1914-720x1104/" "Mozilla/5.0 (compatible; MSIE 9.0; Windows NT 6.0; Trident/5.0;  Trident/5.0)"
23.100.232.233 - - [01/Jul/2021:02:47:25 -0400] "GET /wp-content/plugins/facebook-pagelike-widget/fb.js?ver=1.0 HTTP/1.1" 200 821 "https://ajhydell.com/2019/11/26/the-last-hussar-august-von-mackensengerman-field-marshal-in-world-war-i-in-leib-husaren-regiment-uniform-circa-1914-720x1104/" "Mozilla/5.0 (compatible; MSIE 9.0; Windows NT 6.0; Trident/5.0;  Trident/5.0)"
204.48.19.85 - - [01/Jul/2021:02:49:05 -0400] "POST /wp-cron.php?doing_wp_cron=1625122145.9161629676818847656250 HTTP/1.1" 200 5463 "https://ajhydell.com/wp-cron.php?doing_wp_cron=1625122145.9161629676818847656250" "WordPress/5.7.2; https://ajhydell.com"
185.191.171.5 - - [01/Jul/2021:02:49:05 -0400] "GET /robots.txt HTTP/1.1" 200 5648 "-" "Mozilla/5.0 (compatible; SemrushBot/7~bl; +http://www.semrush.com/bot.html)"
185.191.171.18 - - [01/Jul/2021:02:49:06 -0400] "GET /2019/08/19/alf-ice-cream-bar-1988/ HTTP/1.1" 200 17782 "-" "Mozilla/5.0 (compatible; SemrushBot/7~bl; +http://www.semrush.com/bot.html)"
77.75.78.164 - - [01/Jul/2021:02:49:10 -0400] "GET /robots.txt HTTP/1.1" 200 5685 "-" "Mozilla/5.0 (compatible; SeznamBot/3.2; +http://napoveda.seznam.cz/en/seznambot-intro/)"
77.75.78.164 - - [01/Jul/2021:02:49:12 -0400] "GET /wp-content/uploads/2021/04/picture-9.jpg HTTP/1.1" 304 5440 "-" "Mozilla/5.0 (compatible; SeznamBot/3.2; +http://napoveda.seznam.cz/en/seznambot-intro/)"
40.77.167.20 - - [01/Jul/2021:02:50:49 -0400] "GET /wp-content/uploads/2020/05/picture-71.jpg HTTP/1.1" 200 135433 "-" "Mozilla/5.0 (compatible; bingbot/2.0; +http://www.bing.com/bingbot.htm)"
204.48.19.85 - - [01/Jul/2021:02:51:29 -0400] "POST /wp-cron.php?doing_wp_cron=1625122289.9614300727844238281250 HTTP/1.1" 200 5463 "https://ajhydell.com/wp-cron.php?doing_wp_cron=1625122289.9614300727844238281250" "WordPress/5.7.2; https://ajhydell.com"
66.249.66.132 - - [01/Jul/2021:02:51:29 -0400] "GET /sitemap-misc.xml HTTP/1.1" 200 6002 "-" "Mozilla/5.0 (compatible; Googlebot/2.1; +http://www.google.com/bot.html)"
54.36.148.144 - - [01/Jul/2021:02:51:38 -0400] "GET /2021/06/15/armours-extract-of-beef-circa-1910/ HTTP/1.1" 200 18015 "-" "Mozilla/5.0 (compatible; AhrefsBot/7.0; +http://ahrefs.com/robot/)"
157.55.39.134 - - [01/Jul/2021:02:52:41 -0400] "GET /wp-content/uploads/2020/11/picture-118.jpg HTTP/1.1" 200 58880 "-" "Mozilla/5.0 (compatible; bingbot/2.0; +http://www.bing.com/bingbot.htm)"
204.48.19.85 - - [01/Jul/2021:02:53:52 -0400] "POST /wp-cron.php?doing_wp_cron=1625122432.5250759124755859375000 HTTP/1.1" 200 5463 "https://ajhydell.com/wp-cron.php?doing_wp_cron=1625122432.5250759124755859375000" "WordPress/5.7.2; https://ajhydell.com"
185.191.171.11 - - [01/Jul/2021:02:53:52 -0400] "GET /2019/08/03/ HTTP/1.1" 200 17484 "-" "Mozilla/5.0 (compatible; SemrushBot/7~bl; +http://www.semrush.com/bot.html)"
185.40.4.126 - - [01/Jul/2021:02:54:17 -0400] "GET / HTTP/1.1" 200 102057 "-" "-"
185.191.171.11 - - [01/Jul/2021:02:54:32 -0400] "GET /2020/04/21/th-pals-a-ww1-poster-depicting-the-kaiser-and-satan-kissing-sadly-could-not-find-year-artist-or-even-the-country-that-issued-it/ HTTP/1.1" 200 18204 "-" "Mozilla/5.0 (compatible; SemrushBot/7~bl; +http://www.semrush.com/bot.html)"
66.249.66.134 - - [01/Jul/2021:02:54:51 -0400] "GET /wp-content/uploads/2021/04/picture-2.jpg HTTP/1.1" 200 220517 "-" "Googlebot-Image/1.0"
204.48.19.85 - - [01/Jul/2021:02:57:54 -0400] "POST /wp-cron.php?doing_wp_cron=1625122674.4295060634613037109375 HTTP/1.1" 200 5463 "https://ajhydell.com/wp-cron.php?doing_wp_cron=1625122674.4295060634613037109375" "WordPress/5.7.2; https://ajhydell.com"
185.191.171.21 - - [01/Jul/2021:02:57:54 -0400] "GET /2019/08/16/wehrmacht-soldier-pays-respects-to-his-dead-friends-war-is-a-sad-affair-regardless-of-which-side/ HTTP/1.1" 200 18032 "-" "Mozilla/5.0 (compatible; SemrushBot/7~bl; +http://www.semrush.com/bot.html)"
54.36.148.26 - - [01/Jul/2021:02:58:33 -0400] "GET /2021/06/21/orange-crush-in-krinkly-bottles-1930s/ HTTP/1.1" 200 18099 "-" "Mozilla/5.0 (compatible; AhrefsBot/7.0; +http://ahrefs.com/robot/)"
106.38.241.125 - - [01/Jul/2021:02:58:44 -0400] "GET / HTTP/1.1" 200 19048 "-" "Sogou web spider/4.0(+http://www.sogou.com/docs/help/webmasters.htm#07)"
103.82.209.59 - - [01/Jul/2021:03:01:41 -0400] "GET /wp-content/uploads/2020/02/picture-3.jpg HTTP/1.1" 200 261348 "https://www.bing.com/" "Mozilla/5.0 (Windows NT 10.0; Win64; x64) AppleWebKit/537.36 (KHTML, like Gecko) Chrome/91.0.4472.124 Safari/537.36"
103.82.209.59 - - [01/Jul/2021:03:02:01 -0400] "-" 408 5209 "-" "-"
219.74.16.30 - - [01/Jul/2021:03:03:25 -0400] "GET /wp-content/uploads/2020/09/picture-60.jpg HTTP/1.1" 200 880508 "https://www.bing.com/" "Mozilla/5.0 (Windows NT 10.0; Win64; x64) AppleWebKit/537.36 (KHTML, like Gecko) Chrome/91.0.4472.124 Safari/537.36"
204.48.19.85 - - [01/Jul/2021:03:05:19 -0400] "POST /wp-cron.php?doing_wp_cron=1625123119.9402608871459960937500 HTTP/1.1" 200 5463 "https://ajhydell.com/wp-cron.php?doing_wp_cron=1625123119.9402608871459960937500" "WordPress/5.7.2; https://ajhydell.com"
49.7.20.67 - - [01/Jul/2021:03:05:19 -0400] "GET / HTTP/1.1" 200 19048 "-" "Sogou web spider/4.0(+http://www.sogou.com/docs/help/webmasters.htm#07)"
54.36.149.36 - - [01/Jul/2021:03:05:43 -0400] "GET /2021/06/08/romanian-anti-communist-poster-in-1980s/ HTTP/1.1" 200 18038 "-" "Mozilla/5.0 (compatible; AhrefsBot/7.0; +http://ahrefs.com/robot/)"
204.48.19.85 - - [01/Jul/2021:03:07:09 -0400] "POST /wp-cron.php?doing_wp_cron=1625123229.6407089233398437500000 HTTP/1.1" 200 232 "http://ajhydell.com/wp-cron.php?doing_wp_cron=1625123229.6407089233398437500000" "WordPress/5.7.2; https://ajhydell.com"
49.7.20.71 - - [01/Jul/2021:03:07:09 -0400] "GET / HTTP/1.1" 301 306 "-" "Sogou web spider/4.0(+http://www.sogou.com/docs/help/webmasters.htm#07)"
204.48.19.85 - - [01/Jul/2021:03:09:38 -0400] "POST /wp-cron.php?doing_wp_cron=1625123378.5095651149749755859375 HTTP/1.1" 200 5463 "https://ajhydell.com/wp-cron.php?doing_wp_cron=1625123378.5095651149749755859375" "WordPress/5.7.2; https://ajhydell.com"
185.191.171.10 - - [01/Jul/2021:03:09:38 -0400] "GET /2020/12/31/kombat-heroic-image-of-a-soviet-political-commissar-of-the-220th-infantry-regiment-calling-soldiers-to-an-assault-eastern-front-in-soviet-ukraine-12-july-1942-it-has-been-said-that-the-subject/ HTTP/1.1" 200 18321 "-" "Mozilla/5.0 (compatible; SemrushBot/7~bl; +http://www.semrush.com/bot.html)"
204.48.19.85 - - [01/Jul/2021:03:10:13 -0400] "POST /wp-cron.php?doing_wp_cron=1625123413.9066040515899658203125 HTTP/1.1" 200 5463 "https://ajhydell.com/wp-cron.php?doing_wp_cron=1625123413.9066040515899658203125" "WordPress/5.7.2; https://ajhydell.com"
49.7.20.68 - - [01/Jul/2021:03:10:13 -0400] "GET / HTTP/1.1" 200 19048 "-" "Sogou web spider/4.0(+http://www.sogou.com/docs/help/webmasters.htm#07)"
40.77.167.20 - - [01/Jul/2021:03:12:10 -0400] "GET /wp-content/uploads/2019/07/picture-58-764x1024.jpg HTTP/1.1" 200 175121 "-" "Mozilla/5.0 (compatible; bingbot/2.0; +http://www.bing.com/bingbot.htm)"
74.71.226.121 - - [01/Jul/2021:03:12:32 -0400] "GET /wp-content/uploads/2020/08/picture-64.jpg HTTP/1.1" 200 85874 "https://www.bing.com/" "Mozilla/5.0 (Macintosh; Intel Mac OS X 10_12_6) AppleWebKit/537.36 (KHTML, like Gecko) Chrome/91.0.4472.114 Safari/537.36"
204.48.19.85 - - [01/Jul/2021:03:13:15 -0400] "POST /wp-cron.php?doing_wp_cron=1625123595.5684759616851806640625 HTTP/1.1" 200 5463 "https://ajhydell.com/wp-cron.php?doing_wp_cron=1625123595.5684759616851806640625" "WordPress/5.7.2; https://ajhydell.com"
54.36.149.84 - - [01/Jul/2021:03:13:15 -0400] "GET /2021/06/21/gmc-cckw-2-1-2-ton-6x6-truck-converted-to-serve-as-a-spectacle-workshop-some-15-of-us-soldiers-used-glasses/ HTTP/1.1" 200 18248 "-" "Mozilla/5.0 (compatible; AhrefsBot/7.0; +http://ahrefs.com/robot/)"
195.201.58.104 - - [01/Jul/2021:03:13:19 -0400] "GET /2021/02/01/ethnic-cambodian-guerilla-fighter-danh-son-huol-is-carried-to-an-improvised-operating-room-in-a-mangrove-swamp-after-he-was-wounded-by-american-bombing-ca-mau-peninsula-15-september-1970-photo-take/feed/ HTTP/1.1" 200 5910 "-" "AwarioRssBot/1.0 (+https://awario.com/bots.html; bots@awario.com)"
195.201.58.104 - - [01/Jul/2021:03:13:19 -0400] "GET /2021/02/01/a-private-first-class-stands-guard-outside-the-palace-of-justice-in-nuremberg-november-1945-colourised-by-me/feed/ HTTP/1.1" 200 5793 "-" "AwarioRssBot/1.0 (+https://awario.com/bots.html; bots@awario.com)"
195.201.58.104 - - [01/Jul/2021:03:13:19 -0400] "GET /2021/02/01/televisions-famous-addams-family-haunted-house-1965/feed/ HTTP/1.1" 200 5737 "-" "AwarioRssBot/1.0 (+https://awario.com/bots.html; bots@awario.com)"
204.48.19.85 - - [01/Jul/2021:03:16:06 -0400] "POST /wp-cron.php?doing_wp_cron=1625123766.6178169250488281250000 HTTP/1.1" 200 5463 "https://ajhydell.com/wp-cron.php?doing_wp_cron=1625123766.6178169250488281250000" "WordPress/5.7.2; https://ajhydell.com"
185.191.171.34 - - [01/Jul/2021:03:16:06 -0400] "GET /2019/08/10/ HTTP/1.1" 200 17461 "-" "Mozilla/5.0 (compatible; SemrushBot/7~bl; +http://www.semrush.com/bot.html)"
195.201.58.104 - - [01/Jul/2021:03:16:36 -0400] "GET /2021/02/02/proletariat-of-all-countries-unite-1968-v-ivanov/feed/ HTTP/1.1" 200 1329 "-" "AwarioRssBot/1.0 (+https://awario.com/bots.html; bots@awario.com)"
204.48.19.85 - - [01/Jul/2021:03:16:53 -0400] "POST /wp-cron.php?doing_wp_cron=1625123813.3520920276641845703125 HTTP/1.1" 200 5463 "https://ajhydell.com/wp-cron.php?doing_wp_cron=1625123813.3520920276641845703125" "WordPress/5.7.2; https://ajhydell.com"
195.201.58.104 - - [01/Jul/2021:03:16:53 -0400] "GET /2021/02/02/german-child-soldiers-captured-by-the-6th-u-s-armored-division-in-giessen-germany-march-19-1945/feed/ HTTP/1.1" 200 1373 "-" "AwarioRssBot/1.0 (+https://awario.com/bots.html; bots@awario.com)"
195.201.58.104 - - [01/Jul/2021:03:17:06 -0400] "GET /2021/02/02/on-the-eastern-front-most-likely-ukraine-1942/feed/ HTTP/1.1" 200 1314 "-" "AwarioRssBot/1.0 (+https://awario.com/bots.html; bots@awario.com)"
62.210.215.117 - - [01/Jul/2021:03:17:29 -0400] "GET /atom HTTP/1.1" 301 5599 "-" "Mozilla/5.0 (X11; Linux i686) AppleWebKit/537.36 (KHTML, like Gecko) Chrome/30.0.1599.66 Safari/537.36"
62.210.215.117 - - [01/Jul/2021:03:17:29 -0400] "GET /feed/atom/ HTTP/1.1" 200 17429 "-" "Mozilla/5.0 (X11; Linux i686) AppleWebKit/537.36 (KHTML, like Gecko) Chrome/30.0.1599.66 Safari/537.36"
204.48.19.85 - - [01/Jul/2021:03:19:20 -0400] "POST /wp-cron.php?doing_wp_cron=1625123960.3851180076599121093750 HTTP/1.1" 200 5463 "https://ajhydell.com/wp-cron.php?doing_wp_cron=1625123960.3851180076599121093750" "WordPress/5.7.2; https://ajhydell.com"
185.191.171.39 - - [01/Jul/2021:03:19:20 -0400] "GET /2020/03/08/emperor-taisho-of-japan-in-the-robes-of-the-order-of-the-garter-c-1912-1408x1832/ HTTP/1.1" 200 18125 "-" "Mozilla/5.0 (compatible; SemrushBot/7~bl; +http://www.semrush.com/bot.html)"
204.48.19.85 - - [01/Jul/2021:03:20:22 -0400] "POST /wp-cron.php?doing_wp_cron=1625124022.3506209850311279296875 HTTP/1.1" 200 5463 "https://ajhydell.com/wp-cron.php?doing_wp_cron=1625124022.3506209850311279296875" "WordPress/5.7.2; https://ajhydell.com"
23.100.232.233 - - [01/Jul/2021:03:20:22 -0400] "GET /2021/02/02/german-child-soldiers-captured-by-the-6th-u-s-armored-division-in-giessen-germany-march-19-1945/ HTTP/1.1" 200 17237 "-" "Mozilla/5.0 (compatible; MSIE 9.0; Windows NT 6.0; Trident/5.0;  Trident/5.0)"
23.100.232.233 - - [01/Jul/2021:03:20:22 -0400] "GET /wp-content/plugins/add-expires-headers/cache/0/com/processed-header-f16a8d323e83e1bc1b76514e283fb81b7090a959.min.css HTTP/1.1" 200 52893 "https://ajhydell.com/2021/02/02/german-child-soldiers-captured-by-the-6th-u-s-armored-division-in-giessen-germany-march-19-1945/" "Mozilla/5.0 (compatible; MSIE 9.0; Windows NT 6.0; Trident/5.0;  Trident/5.0)"
23.100.232.233 - - [01/Jul/2021:03:20:23 -0400] "GET /wp-includes/js/jquery/jquery.min.js?ver=3.5.1 HTTP/1.1" 200 31550 "https://ajhydell.com/2021/02/02/german-child-soldiers-captured-by-the-6th-u-s-armored-division-in-giessen-germany-march-19-1945/" "Mozilla/5.0 (compatible; MSIE 9.0; Windows NT 6.0; Trident/5.0;  Trident/5.0)"
