204.48.19.85 - - [29/Jun/2021:05:46:59 -0400] "POST /wp-cron.php?doing_wp_cron=1624960019.0964410305023193359375 HTTP/1.1" 200 5463 "https://ajhydell.com/wp-cron.php?doing_wp_cron=1624960019.0964410305023193359375" "WordPress/5.7.2; https://ajhydell.com"
54.36.148.190 - - [29/Jun/2021:05:46:59 -0400] "GET /2021/03/27/mattels-new-m-16-marauder-if-you-think-this-gun-looks-great-waitll-you-hear-it-1966/ HTTP/1.1" 200 18210 "-" "Mozilla/5.0 (compatible; AhrefsBot/7.0; +http://ahrefs.com/robot/)"
106.38.241.127 - - [29/Jun/2021:05:47:22 -0400] "GET / HTTP/1.1" 200 19418 "-" "Sogou web spider/4.0(+http://www.sogou.com/docs/help/webmasters.htm#07)"
40.77.167.20 - - [29/Jun/2021:05:47:28 -0400] "GET /wp-content/uploads/2020/11/picture-49-2048x1368.jpg HTTP/1.1" 200 458616 "-" "Mozilla/5.0 (compatible; bingbot/2.0; +http://www.bing.com/bingbot.htm)"
34.212.4.78 - - [29/Jun/2021:05:49:16 -0400] "GET /ads.txt HTTP/1.1" 406 752 "-" "Mozilla/5.0 (X11; Linux x86_64) AppleWebKit/537.36 (KHTML, like Gecko) Chrome/44.0.2403.157 Safari/537.36"
49.7.20.65 - - [29/Jun/2021:05:49:29 -0400] "-" 408 4730 "-" "-"
204.48.19.85 - - [29/Jun/2021:05:49:36 -0400] "POST /wp-cron.php?doing_wp_cron=1624960176.6145350933074951171875 HTTP/1.1" 200 5463 "https://ajhydell.com/wp-cron.php?doing_wp_cron=1624960176.6145350933074951171875" "WordPress/5.7.2; https://ajhydell.com"
54.36.149.106 - - [29/Jun/2021:05:49:36 -0400] "GET /2020/11/05/gis-of-the-1st-infantry-division-the-big-red-one-cautiously-advance-in-front-of-sherman-tanks-belonging-to-745th-tank-battalion-riefensbeek-kamschlacken-germany-april-15-1945-source-us-s/ HTTP/1.1" 200 18470 "-" "Mozilla/5.0 (compatible; AhrefsBot/7.0; +http://ahrefs.com/robot/)"
204.48.19.85 - - [29/Jun/2021:05:52:14 -0400] "POST /wp-cron.php?doing_wp_cron=1624960334.0053060054779052734375 HTTP/1.1" 200 5463 "https://ajhydell.com/wp-cron.php?doing_wp_cron=1624960334.0053060054779052734375" "WordPress/5.7.2; https://ajhydell.com"
54.36.149.36 - - [29/Jun/2021:05:52:13 -0400] "GET /2019/09/02/my-uncles-b-17-crew-in-england-in-1944/ HTTP/1.1" 200 17985 "-" "Mozilla/5.0 (compatible; AhrefsBot/7.0; +http://ahrefs.com/robot/)"
204.48.19.85 - - [29/Jun/2021:05:53:29 -0400] "POST /wp-cron.php?doing_wp_cron=1624960409.4705181121826171875000 HTTP/1.1" 200 5463 "https://ajhydell.com/wp-cron.php?doing_wp_cron=1624960409.4705181121826171875000" "WordPress/5.7.2; https://ajhydell.com"
185.191.171.4 - - [29/Jun/2021:05:53:29 -0400] "GET /2019/03/19/danish-resistance-fighters-holding-up-and-disarming-german-soldiers-copenhagen-1945-colourized-697x828/ HTTP/1.1" 200 18153 "-" "Mozilla/5.0 (compatible; SemrushBot/7~bl; +http://www.semrush.com/bot.html)"
207.46.13.1 - - [29/Jun/2021:05:53:44 -0400] "GET /wp-content/uploads/2021/06/picture-141.jpg HTTP/1.1" 200 103051 "-" "Mozilla/5.0 (compatible; bingbot/2.0; +http://www.bing.com/bingbot.htm)"
207.46.13.1 - - [29/Jun/2021:05:53:44 -0400] "GET /wp-content/uploads/2021/06/picture-141-768x576.jpg HTTP/1.1" 200 83158 "-" "Mozilla/5.0 (compatible; bingbot/2.0; +http://www.bing.com/bingbot.htm)"
204.48.19.85 - - [29/Jun/2021:05:54:52 -0400] "POST /wp-cron.php?doing_wp_cron=1624960492.4024410247802734375000 HTTP/1.1" 200 5463 "https://ajhydell.com/wp-cron.php?doing_wp_cron=1624960492.4024410247802734375000" "WordPress/5.7.2; https://ajhydell.com"
54.36.148.153 - - [29/Jun/2021:05:54:52 -0400] "GET /2019/02/10/david-attenborough-and-daughter-1958/ HTTP/1.1" 200 18058 "-" "Mozilla/5.0 (compatible; AhrefsBot/7.0; +http://ahrefs.com/robot/)"
204.48.19.85 - - [29/Jun/2021:05:56:13 -0400] "POST /wp-cron.php?doing_wp_cron=1624960573.2610340118408203125000 HTTP/1.1" 200 5463 "https://ajhydell.com/wp-cron.php?doing_wp_cron=1624960573.2610340118408203125000" "WordPress/5.7.2; https://ajhydell.com"
23.100.232.233 - - [29/Jun/2021:05:56:13 -0400] "GET /2020/04/27/russian-civilians-digging-anti-tank-ditches-near-moscow-in-1941-with-virtually-every-male-between-16-and-50-drafted-these-work-forces-were-predominantly-female/ HTTP/1.1" 200 17445 "-" "Mozilla/5.0 (compatible; MSIE 9.0; Windows NT 6.0; Trident/5.0;  Trident/5.0)"
23.100.232.233 - - [29/Jun/2021:05:56:13 -0400] "GET /wp-content/plugins/google-analytics-for-wordpress/assets/js/frontend-gtag.min.js?ver=7.17.0 HTTP/1.1" 200 3327 "https://ajhydell.com/2020/04/27/russian-civilians-digging-anti-tank-ditches-near-moscow-in-1941-with-virtually-every-male-between-16-and-50-drafted-these-work-forces-were-predominantly-female/" "Mozilla/5.0 (compatible; MSIE 9.0; Windows NT 6.0; Trident/5.0;  Trident/5.0)"
23.100.232.233 - - [29/Jun/2021:05:56:13 -0400] "GET /wp-includes/js/jquery/jquery.min.js?ver=3.5.1 HTTP/1.1" 200 31550 "https://ajhydell.com/2020/04/27/russian-civilians-digging-anti-tank-ditches-near-moscow-in-1941-with-virtually-every-male-between-16-and-50-drafted-these-work-forces-were-predominantly-female/" "Mozilla/5.0 (compatible; MSIE 9.0; Windows NT 6.0; Trident/5.0;  Trident/5.0)"
23.100.232.233 - - [29/Jun/2021:05:56:13 -0400] "GET /wp-includes/js/jquery/jquery-migrate.min.js?ver=3.3.2 HTTP/1.1" 200 4687 "https://ajhydell.com/2020/04/27/russian-civilians-digging-anti-tank-ditches-near-moscow-in-1941-with-virtually-every-male-between-16-and-50-drafted-these-work-forces-were-predominantly-female/" "Mozilla/5.0 (compatible; MSIE 9.0; Windows NT 6.0; Trident/5.0;  Trident/5.0)"
23.100.232.233 - - [29/Jun/2021:05:56:13 -0400] "GET /wp-content/plugins/add-expires-headers/cache/0/com/processed-header-f16a8d323e83e1bc1b76514e283fb81b7090a959.min.css HTTP/1.1" 200 53042 "https://ajhydell.com/2020/04/27/russian-civilians-digging-anti-tank-ditches-near-moscow-in-1941-with-virtually-every-male-between-16-and-50-drafted-these-work-forces-were-predominantly-female/" "Mozilla/5.0 (compatible; MSIE 9.0; Windows NT 6.0; Trident/5.0;  Trident/5.0)"
23.100.232.233 - - [29/Jun/2021:05:56:14 -0400] "GET /wp-includes/js/wp-emoji-release.min.js?ver=5.7.2 HTTP/1.1" 200 5183 "https://ajhydell.com/2020/04/27/russian-civilians-digging-anti-tank-ditches-near-moscow-in-1941-with-virtually-every-male-between-16-and-50-drafted-these-work-forces-were-predominantly-female/" "Mozilla/5.0 (compatible; MSIE 9.0; Windows NT 6.0; Trident/5.0;  Trident/5.0)"
23.100.232.233 - - [29/Jun/2021:05:56:14 -0400] "GET /wp-content/plugins/wp-smushit/app/assets/js/smush-lazy-load.min.js?ver=3.8.5 HTTP/1.1" 200 4207 "https://ajhydell.com/2020/04/27/russian-civilians-digging-anti-tank-ditches-near-moscow-in-1941-with-virtually-every-male-between-16-and-50-drafted-these-work-forces-were-predominantly-female/" "Mozilla/5.0 (compatible; MSIE 9.0; Windows NT 6.0; Trident/5.0;  Trident/5.0)"
23.100.232.233 - - [29/Jun/2021:05:56:14 -0400] "GET /wp-content/themes/royal-magazine/js/navigation.js?ver=20151215 HTTP/1.1" 200 1349 "https://ajhydell.com/2020/04/27/russian-civilians-digging-anti-tank-ditches-near-moscow-in-1941-with-virtually-every-male-between-16-and-50-drafted-these-work-forces-were-predominantly-female/" "Mozilla/5.0 (compatible; MSIE 9.0; Windows NT 6.0; Trident/5.0;  Trident/5.0)"
23.100.232.233 - - [29/Jun/2021:05:56:14 -0400] "GET /wp-content/themes/royal-magazine/js/skip-link-focus-fix.js?ver=20151215 HTTP/1.1" 200 933 "https://ajhydell.com/2020/04/27/russian-civilians-digging-anti-tank-ditches-near-moscow-in-1941-with-virtually-every-male-between-16-and-50-drafted-these-work-forces-were-predominantly-female/" "Mozilla/5.0 (compatible; MSIE 9.0; Windows NT 6.0; Trident/5.0;  Trident/5.0)"
23.100.232.233 - - [29/Jun/2021:05:56:14 -0400] "GET /wp-content/themes/royal-magazine/assets/libraries/bootstrap/js/bootstrap.min.js?ver=5.7.2 HTTP/1.1" 200 10404 "https://ajhydell.com/2020/04/27/russian-civilians-digging-anti-tank-ditches-near-moscow-in-1941-with-virtually-every-male-between-16-and-50-drafted-these-work-forces-were-predominantly-female/" "Mozilla/5.0 (compatible; MSIE 9.0; Windows NT 6.0; Trident/5.0;  Trident/5.0)"
23.100.232.233 - - [29/Jun/2021:05:56:14 -0400] "GET /wp-content/themes/royal-magazine/assets/libraries/marquee/jquery.marquee.js?ver=5.7.2 HTTP/1.1" 200 5103 "https://ajhydell.com/2020/04/27/russian-civilians-digging-anti-tank-ditches-near-moscow-in-1941-with-virtually-every-male-between-16-and-50-drafted-these-work-forces-were-predominantly-female/" "Mozilla/5.0 (compatible; MSIE 9.0; Windows NT 6.0; Trident/5.0;  Trident/5.0)"
23.100.232.233 - - [29/Jun/2021:05:56:14 -0400] "GET /wp-content/themes/royal-magazine/assets/twp/js/custom-script.js?ver=5.7.2 HTTP/1.1" 200 3023 "https://ajhydell.com/2020/04/27/russian-civilians-digging-anti-tank-ditches-near-moscow-in-1941-with-virtually-every-male-between-16-and-50-drafted-these-work-forces-were-predominantly-female/" "Mozilla/5.0 (compatible; MSIE 9.0; Windows NT 6.0; Trident/5.0;  Trident/5.0)"
23.100.232.233 - - [29/Jun/2021:05:56:14 -0400] "GET /wp-content/themes/royal-magazine/assets/libraries/magnific-popup/jquery.magnific-popup.min.js?ver=5.7.2 HTTP/1.1" 200 7871 "https://ajhydell.com/2020/04/27/russian-civilians-digging-anti-tank-ditches-near-moscow-in-1941-with-virtually-every-male-between-16-and-50-drafted-these-work-forces-were-predominantly-female/" "Mozilla/5.0 (compatible; MSIE 9.0; Windows NT 6.0; Trident/5.0;  Trident/5.0)"
23.100.232.233 - - [29/Jun/2021:05:56:14 -0400] "GET /wp-content/plugins/facebook-pagelike-widget/fb.js?ver=1.0 HTTP/1.1" 200 821 "https://ajhydell.com/2020/04/27/russian-civilians-digging-anti-tank-ditches-near-moscow-in-1941-with-virtually-every-male-between-16-and-50-drafted-these-work-forces-were-predominantly-female/" "Mozilla/5.0 (compatible; MSIE 9.0; Windows NT 6.0; Trident/5.0;  Trident/5.0)"
23.100.232.233 - - [29/Jun/2021:05:56:14 -0400] "GET /wp-content/themes/royal-magazine/assets/libraries/slick/js/slick.min.js?ver=5.7.2 HTTP/1.1" 200 10740 "https://ajhydell.com/2020/04/27/russian-civilians-digging-anti-tank-ditches-near-moscow-in-1941-with-virtually-every-male-between-16-and-50-drafted-these-work-forces-were-predominantly-female/" "Mozilla/5.0 (compatible; MSIE 9.0; Windows NT 6.0; Trident/5.0;  Trident/5.0)"
23.100.232.233 - - [29/Jun/2021:05:56:14 -0400] "GET /wp-includes/js/wp-embed.min.js?ver=5.7.2 HTTP/1.1" 200 1221 "https://ajhydell.com/2020/04/27/russian-civilians-digging-anti-tank-ditches-near-moscow-in-1941-with-virtually-every-male-between-16-and-50-drafted-these-work-forces-were-predominantly-female/" "Mozilla/5.0 (compatible; MSIE 9.0; Windows NT 6.0; Trident/5.0;  Trident/5.0)"
23.100.232.233 - - [29/Jun/2021:05:56:14 -0400] "GET /wp-content/themes/royal-magazine/assets/libraries/theiaStickySidebar/theia-sticky-sidebar.min.js?ver=5.7.2 HTTP/1.1" 200 2271 "https://ajhydell.com/2020/04/27/russian-civilians-digging-anti-tank-ditches-near-moscow-in-1941-with-virtually-every-male-between-16-and-50-drafted-these-work-forces-were-predominantly-female/" "Mozilla/5.0 (compatible; MSIE 9.0; Windows NT 6.0; Trident/5.0;  Trident/5.0)"
5.45.207.81 - - [29/Jun/2021:05:56:26 -0400] "GET /2019/01/11/only-the-stars-are-neutral-1942/ HTTP/1.1" 200 18060 "-" "Mozilla/5.0 (compatible; YandexBot/3.0; +http://yandex.com/bots)"
185.191.171.5 - - [29/Jun/2021:05:56:37 -0400] "GET /2020/05/10/united-states-1942/ HTTP/1.1" 200 17880 "-" "Mozilla/5.0 (compatible; SemrushBot/7~bl; +http://www.semrush.com/bot.html)"
66.249.79.14 - - [29/Jun/2021:05:56:50 -0400] "GET /wp-content/uploads/2021/05/picture-146.jpg HTTP/1.1" 200 211067 "-" "Googlebot-Image/1.0"
204.48.19.85 - - [29/Jun/2021:05:57:25 -0400] "POST /wp-cron.php?doing_wp_cron=1624960645.2170100212097167968750 HTTP/1.1" 200 5463 "https://ajhydell.com/wp-cron.php?doing_wp_cron=1624960645.2170100212097167968750" "WordPress/5.7.2; https://ajhydell.com"
54.36.148.87 - - [29/Jun/2021:05:57:25 -0400] "GET /2020/02/27/in-2-days-across-the-atlantic-germany-1936/ HTTP/1.1" 200 18250 "-" "Mozilla/5.0 (compatible; AhrefsBot/7.0; +http://ahrefs.com/robot/)"
204.48.19.85 - - [29/Jun/2021:05:57:51 -0400] "POST /wp-cron.php?doing_wp_cron=1624960671.7021729946136474609375 HTTP/1.1" 200 5463 "https://ajhydell.com/wp-cron.php?doing_wp_cron=1624960671.7021729946136474609375" "WordPress/5.7.2; https://ajhydell.com"
185.191.171.6 - - [29/Jun/2021:05:57:51 -0400] "GET /2018/12/05/ HTTP/1.1" 200 17838 "-" "Mozilla/5.0 (compatible; SemrushBot/7~bl; +http://www.semrush.com/bot.html)"
23.100.232.233 - - [29/Jun/2021:05:58:12 -0400] "GET /2020/10/28/donald-trump-introducing-his-children-eric-and-ivanka-to-jeffrey-epstein-harley-davidson-cafe-new-york-october-1993-1024-x-690/ HTTP/1.1" 200 17429 "-" "Mozilla/5.0 (compatible; MSIE 9.0; Windows NT 6.1; Trident/5.0;  Trident/5.0)"
23.100.232.233 - - [29/Jun/2021:05:58:12 -0400] "GET /wp-content/plugins/add-expires-headers/cache/0/com/processed-header-f16a8d323e83e1bc1b76514e283fb81b7090a959.min.css HTTP/1.1" 200 52893 "https://ajhydell.com/2020/10/28/donald-trump-introducing-his-children-eric-and-ivanka-to-jeffrey-epstein-harley-davidson-cafe-new-york-october-1993-1024-x-690/" "Mozilla/5.0 (compatible; MSIE 9.0; Windows NT 6.1; Trident/5.0;  Trident/5.0)"
23.100.232.233 - - [29/Jun/2021:05:58:12 -0400] "GET /wp-content/plugins/google-analytics-for-wordpress/assets/js/frontend-gtag.min.js?ver=7.17.0 HTTP/1.1" 200 3476 "https://ajhydell.com/2020/10/28/donald-trump-introducing-his-children-eric-and-ivanka-to-jeffrey-epstein-harley-davidson-cafe-new-york-october-1993-1024-x-690/" "Mozilla/5.0 (compatible; MSIE 9.0; Windows NT 6.1; Trident/5.0;  Trident/5.0)"
23.100.232.233 - - [29/Jun/2021:05:58:12 -0400] "GET /wp-includes/js/jquery/jquery.min.js?ver=3.5.1 HTTP/1.1" 200 31550 "https://ajhydell.com/2020/10/28/donald-trump-introducing-his-children-eric-and-ivanka-to-jeffrey-epstein-harley-davidson-cafe-new-york-october-1993-1024-x-690/" "Mozilla/5.0 (compatible; MSIE 9.0; Windows NT 6.1; Trident/5.0;  Trident/5.0)"
23.100.232.233 - - [29/Jun/2021:05:58:12 -0400] "GET /wp-includes/js/jquery/jquery-migrate.min.js?ver=3.3.2 HTTP/1.1" 200 4687 "https://ajhydell.com/2020/10/28/donald-trump-introducing-his-children-eric-and-ivanka-to-jeffrey-epstein-harley-davidson-cafe-new-york-october-1993-1024-x-690/" "Mozilla/5.0 (compatible; MSIE 9.0; Windows NT 6.1; Trident/5.0;  Trident/5.0)"
23.100.232.233 - - [29/Jun/2021:05:58:13 -0400] "GET /wp-content/plugins/wp-smushit/app/assets/js/smush-lazy-load.min.js?ver=3.8.5 HTTP/1.1" 200 4207 "https://ajhydell.com/2020/10/28/donald-trump-introducing-his-children-eric-and-ivanka-to-jeffrey-epstein-harley-davidson-cafe-new-york-october-1993-1024-x-690/" "Mozilla/5.0 (compatible; MSIE 9.0; Windows NT 6.1; Trident/5.0;  Trident/5.0)"
23.100.232.233 - - [29/Jun/2021:05:58:13 -0400] "GET /wp-includes/js/wp-emoji-release.min.js?ver=5.7.2 HTTP/1.1" 200 5183 "https://ajhydell.com/2020/10/28/donald-trump-introducing-his-children-eric-and-ivanka-to-jeffrey-epstein-harley-davidson-cafe-new-york-october-1993-1024-x-690/" "Mozilla/5.0 (compatible; MSIE 9.0; Windows NT 6.1; Trident/5.0;  Trident/5.0)"
23.100.232.233 - - [29/Jun/2021:05:58:13 -0400] "GET /wp-content/themes/royal-magazine/js/skip-link-focus-fix.js?ver=20151215 HTTP/1.1" 200 933 "https://ajhydell.com/2020/10/28/donald-trump-introducing-his-children-eric-and-ivanka-to-jeffrey-epstein-harley-davidson-cafe-new-york-october-1993-1024-x-690/" "Mozilla/5.0 (compatible; MSIE 9.0; Windows NT 6.1; Trident/5.0;  Trident/5.0)"
23.100.232.233 - - [29/Jun/2021:05:58:13 -0400] "GET /wp-content/themes/royal-magazine/js/navigation.js?ver=20151215 HTTP/1.1" 200 1349 "https://ajhydell.com/2020/10/28/donald-trump-introducing-his-children-eric-and-ivanka-to-jeffrey-epstein-harley-davidson-cafe-new-york-october-1993-1024-x-690/" "Mozilla/5.0 (compatible; MSIE 9.0; Windows NT 6.1; Trident/5.0;  Trident/5.0)"
23.100.232.233 - - [29/Jun/2021:05:58:13 -0400] "GET /wp-content/themes/royal-magazine/assets/libraries/bootstrap/js/bootstrap.min.js?ver=5.7.2 HTTP/1.1" 200 10404 "https://ajhydell.com/2020/10/28/donald-trump-introducing-his-children-eric-and-ivanka-to-jeffrey-epstein-harley-davidson-cafe-new-york-october-1993-1024-x-690/" "Mozilla/5.0 (compatible; MSIE 9.0; Windows NT 6.1; Trident/5.0;  Trident/5.0)"
23.100.232.233 - - [29/Jun/2021:05:58:13 -0400] "GET /wp-content/themes/royal-magazine/assets/libraries/marquee/jquery.marquee.js?ver=5.7.2 HTTP/1.1" 200 5103 "https://ajhydell.com/2020/10/28/donald-trump-introducing-his-children-eric-and-ivanka-to-jeffrey-epstein-harley-davidson-cafe-new-york-october-1993-1024-x-690/" "Mozilla/5.0 (compatible; MSIE 9.0; Windows NT 6.1; Trident/5.0;  Trident/5.0)"
23.100.232.233 - - [29/Jun/2021:05:58:13 -0400] "GET /wp-content/themes/royal-magazine/assets/libraries/magnific-popup/jquery.magnific-popup.min.js?ver=5.7.2 HTTP/1.1" 200 7871 "https://ajhydell.com/2020/10/28/donald-trump-introducing-his-children-eric-and-ivanka-to-jeffrey-epstein-harley-davidson-cafe-new-york-october-1993-1024-x-690/" "Mozilla/5.0 (compatible; MSIE 9.0; Windows NT 6.1; Trident/5.0;  Trident/5.0)"
23.100.232.233 - - [29/Jun/2021:05:58:13 -0400] "GET /wp-includes/js/wp-embed.min.js?ver=5.7.2 HTTP/1.1" 200 1221 "https://ajhydell.com/2020/10/28/donald-trump-introducing-his-children-eric-and-ivanka-to-jeffrey-epstein-harley-davidson-cafe-new-york-october-1993-1024-x-690/" "Mozilla/5.0 (compatible; MSIE 9.0; Windows NT 6.1; Trident/5.0;  Trident/5.0)"
23.100.232.233 - - [29/Jun/2021:05:58:13 -0400] "GET /wp-content/themes/royal-magazine/assets/twp/js/custom-script.js?ver=5.7.2 HTTP/1.1" 200 3023 "https://ajhydell.com/2020/10/28/donald-trump-introducing-his-children-eric-and-ivanka-to-jeffrey-epstein-harley-davidson-cafe-new-york-october-1993-1024-x-690/" "Mozilla/5.0 (compatible; MSIE 9.0; Windows NT 6.1; Trident/5.0;  Trident/5.0)"
23.100.232.233 - - [29/Jun/2021:05:58:13 -0400] "GET /wp-content/themes/royal-magazine/assets/libraries/theiaStickySidebar/theia-sticky-sidebar.min.js?ver=5.7.2 HTTP/1.1" 200 2271 "https://ajhydell.com/2020/10/28/donald-trump-introducing-his-children-eric-and-ivanka-to-jeffrey-epstein-harley-davidson-cafe-new-york-october-1993-1024-x-690/" "Mozilla/5.0 (compatible; MSIE 9.0; Windows NT 6.1; Trident/5.0;  Trident/5.0)"
23.100.232.233 - - [29/Jun/2021:05:58:13 -0400] "GET /wp-content/themes/royal-magazine/assets/libraries/slick/js/slick.min.js?ver=5.7.2 HTTP/1.1" 200 10740 "https://ajhydell.com/2020/10/28/donald-trump-introducing-his-children-eric-and-ivanka-to-jeffrey-epstein-harley-davidson-cafe-new-york-october-1993-1024-x-690/" "Mozilla/5.0 (compatible; MSIE 9.0; Windows NT 6.1; Trident/5.0;  Trident/5.0)"
23.100.232.233 - - [29/Jun/2021:05:58:13 -0400] "GET /wp-content/plugins/facebook-pagelike-widget/fb.js?ver=1.0 HTTP/1.1" 200 821 "https://ajhydell.com/2020/10/28/donald-trump-introducing-his-children-eric-and-ivanka-to-jeffrey-epstein-harley-davidson-cafe-new-york-october-1993-1024-x-690/" "Mozilla/5.0 (compatible; MSIE 9.0; Windows NT 6.1; Trident/5.0;  Trident/5.0)"
204.48.19.85 - - [29/Jun/2021:05:59:46 -0400] "POST /wp-cron.php?doing_wp_cron=1624960786.6487309932708740234375 HTTP/1.1" 200 5463 "https://ajhydell.com/wp-cron.php?doing_wp_cron=1624960786.6487309932708740234375" "WordPress/5.7.2; https://ajhydell.com"
81.88.52.157 - - [29/Jun/2021:05:59:46 -0400] "POST /wp-login.php HTTP/1.1" 503 23965 "-" "Mozilla/5.0 (Windows NT 6.3; Win64; x64) AppleWebKit/537.36 (KHTML, like Gecko) Chrome/79.0.3945.88 Safari/537.36"
204.48.19.85 - - [29/Jun/2021:06:00:03 -0400] "POST /wp-cron.php?doing_wp_cron=1624960803.1452460289001464843750 HTTP/1.1" 200 5463 "https://ajhydell.com/wp-cron.php?doing_wp_cron=1624960803.1452460289001464843750" "WordPress/5.7.2; https://ajhydell.com"
54.36.148.198 - - [29/Jun/2021:06:00:03 -0400] "GET /2018/09/15/workers-with-the-6000th-b-24-bomber-at-ford-motor-company-willow-run-plant-september-9-1944/ HTTP/1.1" 200 18168 "-" "Mozilla/5.0 (compatible; AhrefsBot/7.0; +http://ahrefs.com/robot/)"
185.191.171.43 - - [29/Jun/2021:06:00:07 -0400] "GET /2021/04/27/ HTTP/1.1" 200 17202 "-" "Mozilla/5.0 (compatible; SemrushBot/7~bl; +http://www.semrush.com/bot.html)"
204.48.19.85 - - [29/Jun/2021:06:00:21 -0400] "POST /wp-cron.php?doing_wp_cron=1624960821.5478210449218750000000 HTTP/1.1" 200 5463 "https://ajhydell.com/wp-cron.php?doing_wp_cron=1624960821.5478210449218750000000" "WordPress/5.7.2; https://ajhydell.com"
195.201.58.104 - - [29/Jun/2021:06:00:21 -0400] "GET /feed/ HTTP/1.1" 200 7088 "-" "AwarioRssBot/1.0 (+https://awario.com/bots.html; bots@awario.com)"
136.243.70.68 - - [29/Jun/2021:06:00:22 -0400] "GET /robots.txt HTTP/1.1" 301 353 "-" "-"
136.243.70.68 - - [29/Jun/2021:06:00:22 -0400] "GET /robots.txt HTTP/1.1" 200 5685 "-" "-"
136.243.70.68 - - [29/Jun/2021:06:00:22 -0400] "GET /2021/06/29/sarajevo-1914-the-assassin-gavrilo-princip-being-arrested-moments-after-shooting-archduke-franz-ferdinand-800x600/ HTTP/1.1" 200 17895 "-" "AwarioSmartBot/1.0 (+https://awario.com/bots.html; bots@awario.com)"
157.55.39.136 - - [29/Jun/2021:06:01:56 -0400] "GET /wp-content/uploads/2020/08/picture-13.jpg HTTP/1.1" 200 11038012 "-" "Mozilla/5.0 (compatible; bingbot/2.0; +http://www.bing.com/bingbot.htm)"
204.48.19.85 - - [29/Jun/2021:06:02:33 -0400] "POST /wp-cron.php?doing_wp_cron=1624960953.4861779212951660156250 HTTP/1.1" 200 5463 "https://ajhydell.com/wp-cron.php?doing_wp_cron=1624960953.4861779212951660156250" "WordPress/5.7.2; https://ajhydell.com"
54.36.149.36 - - [29/Jun/2021:06:02:33 -0400] "GET /2020/03/04/ HTTP/1.1" 200 19885 "-" "Mozilla/5.0 (compatible; AhrefsBot/7.0; +http://ahrefs.com/robot/)"
204.48.19.85 - - [29/Jun/2021:06:03:57 -0400] "POST /wp-cron.php?doing_wp_cron=1624961037.5583400726318359375000 HTTP/1.1" 200 5463 "https://ajhydell.com/wp-cron.php?doing_wp_cron=1624961037.5583400726318359375000" "WordPress/5.7.2; https://ajhydell.com"
5.45.207.81 - - [29/Jun/2021:06:03:57 -0400] "GET /2018/11/27/ HTTP/1.1" 200 17830 "-" "Mozilla/5.0 (compatible; YandexBot/3.0; +http://yandex.com/bots)"
204.48.19.85 - - [29/Jun/2021:06:05:00 -0400] "POST /wp-cron.php?doing_wp_cron=1624961100.5971589088439941406250 HTTP/1.1" 200 5463 "https://ajhydell.com/wp-cron.php?doing_wp_cron=1624961100.5971589088439941406250" "WordPress/5.7.2; https://ajhydell.com"
5.45.207.81 - - [29/Jun/2021:06:05:00 -0400] "GET /2018/09/21/this-daguerreotype-is-the-earliest-confirmed-photographic-image-of-abraham-lincoln-it-was-reportedly-made-in-1846-by-nicholas-h-shepherd-shortly-after-lincoln-was-elected-to-the-united-states-house/ HTTP/1.1" 200 18544 "-" "Mozilla/5.0 (compatible; YandexBot/3.0; +http://yandex.com/bots)"
54.36.148.235 - - [29/Jun/2021:06:05:09 -0400] "GET /2018/09/15/actress-anne-francis-1930-2011/ HTTP/1.1" 200 18096 "-" "Mozilla/5.0 (compatible; AhrefsBot/7.0; +http://ahrefs.com/robot/)"
54.236.1.13 - - [29/Jun/2021:06:05:33 -0400] "GET /2019/08/18/cambodian-refugees-arrive-at-wellington-airport-in-new-zealand-1983-sponsored-by-the-local-humanist-society-830x554/ HTTP/1.1" 200 17751 "-" "Mozilla/5.0 (compatible; Pinterestbot/1.0; +http://www.pinterest.com/bot.html)"
185.191.171.43 - - [29/Jun/2021:06:05:41 -0400] "GET /2021/06/24/us-medic-gives-first-aid-to-a-wounded-german-ss-soldier-france-1944-736x557/ HTTP/1.1" 200 18280 "-" "Mozilla/5.0 (compatible; SemrushBot/7~bl; +http://www.semrush.com/bot.html)"
204.48.19.85 - - [29/Jun/2021:06:05:47 -0400] "POST /wp-cron.php?doing_wp_cron=1624961147.5283539295196533203125 HTTP/1.1" 200 5463 "https://ajhydell.com/wp-cron.php?doing_wp_cron=1624961147.5283539295196533203125" "WordPress/5.7.2; https://ajhydell.com"
157.55.39.136 - - [29/Jun/2021:06:05:47 -0400] "GET /sitemap-pt-wphb_minify_group-2020-03.xml HTTP/1.1" 200 5500 "-" "Mozilla/5.0 (compatible; bingbot/2.0; +http://www.bing.com/bingbot.htm)"
157.55.39.22 - - [29/Jun/2021:06:05:51 -0400] "GET /wp-content/uploads/2020/02/picture-33-652x1024.jpg HTTP/1.1" 200 125771 "-" "Mozilla/5.0 (compatible; bingbot/2.0; +http://www.bing.com/bingbot.htm)"
40.89.243.175 - - [29/Jun/2021:06:05:52 -0400] "GET /wp-content/uploads/2019/12/picture-29-745x1024.jpg HTTP/1.1" 200 160681 "-" "DuckDuckBot/1.1; (+http://duckduckgo.com/duckduckbot.html)"
204.48.19.85 - - [29/Jun/2021:06:07:49 -0400] "POST /wp-cron.php?doing_wp_cron=1624961269.5269999504089355468750 HTTP/1.1" 200 5463 "https://ajhydell.com/wp-cron.php?doing_wp_cron=1624961269.5269999504089355468750" "WordPress/5.7.2; https://ajhydell.com"
54.36.149.36 - - [29/Jun/2021:06:07:49 -0400] "GET /2020/03/11/anti-mammal-propaganda-poster-date-unknown/ HTTP/1.1" 200 18172 "-" "Mozilla/5.0 (compatible; AhrefsBot/7.0; +http://ahrefs.com/robot/)"
185.191.171.9 - - [29/Jun/2021:06:07:52 -0400] "GET /2019/01/22/ HTTP/1.1" 200 17670 "-" "Mozilla/5.0 (compatible; SemrushBot/7~bl; +http://www.semrush.com/bot.html)"
204.48.19.85 - - [29/Jun/2021:06:08:50 -0400] "POST /wp-cron.php?doing_wp_cron=1624961330.5419359207153320312500 HTTP/1.1" 200 5463 "https://ajhydell.com/wp-cron.php?doing_wp_cron=1624961330.5419359207153320312500" "WordPress/5.7.2; https://ajhydell.com"
185.191.171.12 - - [29/Jun/2021:06:08:50 -0400] "GET /robots.txt HTTP/1.1" 200 5648 "-" "Mozilla/5.0 (compatible; SemrushBot/7~bl; +http://www.semrush.com/bot.html)"
185.191.171.23 - - [29/Jun/2021:06:08:50 -0400] "GET /2018/10/30/ HTTP/1.1" 200 17648 "-" "Mozilla/5.0 (compatible; SemrushBot/7~bl; +http://www.semrush.com/bot.html)"
185.191.171.4 - - [29/Jun/2021:06:08:53 -0400] "GET /2020/11/19/on-the-night-of-october-19-1917-11-german-zeppelins-slowly-headed-toward-the-english-coast-on-their-way-back-unfortunately-for-them-strong-headwinds-and-fog-made-a-return-almost-impossible-causin/ HTTP/1.1" 200 18652 "-" "Mozilla/5.0 (compatible; SemrushBot/7~bl; +http://www.semrush.com/bot.html)"
5.45.207.81 - - [29/Jun/2021:06:09:19 -0400] "GET /2021/02/14/keep-moving-store-sign-usa-1943/ HTTP/1.1" 200 18223 "-" "Mozilla/5.0 (compatible; YandexBot/3.0; +http://yandex.com/bots)"
204.48.19.85 - - [29/Jun/2021:06:10:25 -0400] "POST /wp-cron.php?doing_wp_cron=1624961425.5756719112396240234375 HTTP/1.1" 200 5463 "https://ajhydell.com/wp-cron.php?doing_wp_cron=1624961425.5756719112396240234375" "WordPress/5.7.2; https://ajhydell.com"
54.36.149.43 - - [29/Jun/2021:06:10:25 -0400] "GET /2019/02/11/us-troops-make-their-way-through-the-smoke-to-fontainebleau-1944/ HTTP/1.1" 200 18158 "-" "Mozilla/5.0 (compatible; AhrefsBot/7.0; +http://ahrefs.com/robot/)"
157.55.39.134 - - [29/Jun/2021:06:10:43 -0400] "GET /wp-content/uploads/2019/07/picture-61-768x775.jpg HTTP/1.1" 200 123045 "-" "Mozilla/5.0 (compatible; bingbot/2.0; +http://www.bing.com/bingbot.htm)"
157.55.39.134 - - [29/Jun/2021:06:12:13 -0400] "GET /wp-content/uploads/2020/03/picture-43.jpg HTTP/1.1" 200 115924 "-" "Mozilla/5.0 (compatible; bingbot/2.0; +http://www.bing.com/bingbot.htm)"
207.46.13.120 - - [29/Jun/2021:06:12:24 -0400] "GET /wp-content/uploads/2020/01/picture-31.jpg HTTP/1.1" 200 28758 "-" "Mozilla/5.0 (compatible; bingbot/2.0; +http://www.bing.com/bingbot.htm)"
204.48.19.85 - - [29/Jun/2021:06:12:35 -0400] "POST /wp-cron.php?doing_wp_cron=1624961555.2109730243682861328125 HTTP/1.1" 200 5463 "https://ajhydell.com/wp-cron.php?doing_wp_cron=1624961555.2109730243682861328125" "WordPress/5.7.2; https://ajhydell.com"
95.163.255.182 - - [29/Jun/2021:06:12:35 -0400] "GET /robots.txt HTTP/1.0" 200 5241 "-" "Mozilla/5.0 (compatible; Linux x86_64; Mail.RU_Bot/2.0; +http://go.mail.ru/help/robots)"
95.163.255.150 - - [29/Jun/2021:06:12:36 -0400] "GET /sitemap-pt-post-2019-06.xml HTTP/1.1" 200 10240 "-" "Mozilla/5.0 (compatible; Linux x86_64; Mail.RU_Bot/2.0; +http://go.mail.ru/help/robots)"
204.48.19.85 - - [29/Jun/2021:06:13:01 -0400] "POST /wp-cron.php?doing_wp_cron=1624961581.5032179355621337890625 HTTP/1.1" 200 5463 "https://ajhydell.com/wp-cron.php?doing_wp_cron=1624961581.5032179355621337890625" "WordPress/5.7.2; https://ajhydell.com"
54.36.148.142 - - [29/Jun/2021:06:13:01 -0400] "GET /2019/02/12/corporal-yukio-araki-age-17-holding-a-puppy-with-four-other-young-men-the-day-before-their-kamikaze-mission-in-okinawa/ HTTP/1.1" 200 18379 "-" "Mozilla/5.0 (compatible; AhrefsBot/7.0; +http://ahrefs.com/robot/)"
5.45.207.81 - - [29/Jun/2021:06:14:24 -0400] "GET /wp-content/uploads/2021/03/picture-42-scaled.jpg HTTP/1.1" 200 861828 "-" "Mozilla/5.0 (compatible; YandexImages/3.0; +http://yandex.com/bots)"
204.48.19.85 - - [29/Jun/2021:06:14:32 -0400] "POST /wp-cron.php?doing_wp_cron=1624961672.8930749893188476562500 HTTP/1.1" 200 5463 "https://ajhydell.com/wp-cron.php?doing_wp_cron=1624961672.8930749893188476562500" "WordPress/5.7.2; https://ajhydell.com"
185.191.171.6 - - [29/Jun/2021:06:14:32 -0400] "GET /2018/09/13/ HTTP/1.1" 200 17963 "-" "Mozilla/5.0 (compatible; SemrushBot/7~bl; +http://www.semrush.com/bot.html)"
5.255.231.190 - - [29/Jun/2021:06:14:42 -0400] "GET /2019/10/02/industrialist-silvio-crespi-with-his-family-1890s-800-x-600/feed/ HTTP/1.1" 200 6354 "-" "Mozilla/5.0 (compatible; YandexBot/3.0; +http://yandex.com/bots)"
204.48.19.85 - - [29/Jun/2021:06:15:32 -0400] "POST /wp-cron.php?doing_wp_cron=1624961732.1075720787048339843750 HTTP/1.1" 200 5463 "https://ajhydell.com/wp-cron.php?doing_wp_cron=1624961732.1075720787048339843750" "WordPress/5.7.2; https://ajhydell.com"
54.36.149.36 - - [29/Jun/2021:06:15:32 -0400] "GET /2019/10/18/mr-gorbachev-tear-down-this-wall-ronald-reagan-at-brandenburg-gate-in-1987-one-of-the-many-small-yet-one-of-the-most-iconic-steps-leading-to-the-fall-of-the-berlin-wall-in-1989-498x750/ HTTP/1.1" 200 18345 "-" "Mozilla/5.0 (compatible; AhrefsBot/7.0; +http://ahrefs.com/robot/)"
204.48.19.85 - - [29/Jun/2021:06:15:43 -0400] "POST /wp-cron.php?doing_wp_cron=1624961743.0704150199890136718750 HTTP/1.1" 200 5463 "https://ajhydell.com/wp-cron.php?doing_wp_cron=1624961743.0704150199890136718750" "WordPress/5.7.2; https://ajhydell.com"
95.163.255.161 - - [29/Jun/2021:06:15:43 -0400] "GET /sitemap-pt-post-2019-02.xml HTTP/1.1" 200 10283 "-" "Mozilla/5.0 (compatible; Linux x86_64; Mail.RU_Bot/2.0; +http://go.mail.ru/help/robots)"
172.58.139.57 - - [29/Jun/2021:06:15:43 -0400] "GET /wp-content/uploads/2019/12/picture-29-745x1024.jpg HTTP/1.1" 200 161463 "https://images.search.yahoo.com/search/images;_ylt=AwrEzdzG8tpg1ogAhLlXNyoA;_ylu=Y29sbwNiZjEEcG9zAzEEdnRpZAMEc2VjA3BpdnM-?p=vikki+dougan&fr2=piv-web&fr=yfp-t-s" "Mozilla/5.0 (Macintosh; Intel Mac OS X 10_15_7) AppleWebKit/537.36 (KHTML, like Gecko) Chrome/91.0.4472.114 Safari/537.36"
204.48.19.85 - - [29/Jun/2021:06:17:59 -0400] "POST /wp-cron.php?doing_wp_cron=1624961879.6284461021423339843750 HTTP/1.1" 200 5463 "https://ajhydell.com/wp-cron.php?doing_wp_cron=1624961879.6284461021423339843750" "WordPress/5.7.2; https://ajhydell.com"
54.36.148.29 - - [29/Jun/2021:06:17:59 -0400] "GET /2020/12/20/youre-not-dressed-in-brands-1984/ HTTP/1.1" 200 18168 "-" "Mozilla/5.0 (compatible; AhrefsBot/7.0; +http://ahrefs.com/robot/)"
118.184.177.68 - - [29/Jun/2021:06:18:23 -0400] "GET / HTTP/1.1" 200 19413 "-" "Sogou web spider/4.0(+http://www.sogou.com/docs/help/webmasters.htm#07)"
69.64.40.160 - - [29/Jun/2021:06:18:31 -0400] "POST /wp-login.php HTTP/1.1" 200 8030 "-" "Mozilla/5.0 (Windows NT 10.0; Win64; x64) AppleWebKit/537.36 (KHTML, like Gecko) Chrome/62.0.3202.89 Safari/537.36"
204.48.19.85 - - [29/Jun/2021:06:19:27 -0400] "POST /wp-cron.php?doing_wp_cron=1624961967.0102438926696777343750 HTTP/1.1" 200 5463 "https://ajhydell.com/wp-cron.php?doing_wp_cron=1624961967.0102438926696777343750" "WordPress/5.7.2; https://ajhydell.com"
185.191.171.5 - - [29/Jun/2021:06:19:26 -0400] "GET /2020/08/27/ HTTP/1.1" 200 18297 "-" "Mozilla/5.0 (compatible; SemrushBot/7~bl; +http://www.semrush.com/bot.html)"
204.48.19.85 - - [29/Jun/2021:06:20:28 -0400] "POST /wp-cron.php?doing_wp_cron=1624962028.4080920219421386718750 HTTP/1.1" 200 5463 "https://ajhydell.com/wp-cron.php?doing_wp_cron=1624962028.4080920219421386718750" "WordPress/5.7.2; https://ajhydell.com"
54.36.149.36 - - [29/Jun/2021:06:20:28 -0400] "GET /2019/02/12/swiss-propaganda-poster-around-1900-the-red-cloud-brings-restlessness-pressure-danger-vote-libertarian/ HTTP/1.1" 200 18192 "-" "Mozilla/5.0 (compatible; AhrefsBot/7.0; +http://ahrefs.com/robot/)"
66.249.79.14 - - [29/Jun/2021:06:20:57 -0400] "GET /wp-content/uploads/2021/05/picture-5-1024x576.jpg HTTP/1.1" 200 124455 "-" "Googlebot-Image/1.0"
204.48.19.85 - - [29/Jun/2021:06:22:10 -0400] "POST /wp-cron.php?doing_wp_cron=1624962130.9038019180297851562500 HTTP/1.1" 200 5463 "https://ajhydell.com/wp-cron.php?doing_wp_cron=1624962130.9038019180297851562500" "WordPress/5.7.2; https://ajhydell.com"
185.191.171.17 - - [29/Jun/2021:06:22:10 -0400] "GET /2019/04/27/british-soldiers-beat-a-teenager-after-shooting-dead-11-unarmed-catholic-civilians-during-the-ballymurphy-massacre-belfast-northern-ireland-11-august-1971-640x404/ HTTP/1.1" 200 18290 "-" "Mozilla/5.0 (compatible; SemrushBot/7~bl; +http://www.semrush.com/bot.html)"
204.48.19.85 - - [29/Jun/2021:06:23:07 -0400] "POST /wp-cron.php?doing_wp_cron=1624962187.4438509941101074218750 HTTP/1.1" 200 5463 "https://ajhydell.com/wp-cron.php?doing_wp_cron=1624962187.4438509941101074218750" "WordPress/5.7.2; https://ajhydell.com"
54.36.149.36 - - [29/Jun/2021:06:23:07 -0400] "GET /2019/02/07/glycerine-toothpaste-ad-from-imperial-russia-1906/ HTTP/1.1" 200 18147 "-" "Mozilla/5.0 (compatible; AhrefsBot/7.0; +http://ahrefs.com/robot/)"
69.4.94.111 - - [29/Jun/2021:06:23:24 -0400] "GET /2018/11/20/nazi-propaganda-minister-joseph-goebbels-glaring-at-a-jewish-photographer-at-a-league-of-nations-meeting-1933-682-x-1000/ HTTP/1.1" 200 68847 "-" "Mozilla/5.0 (Windows NT 10.0; Win64; x64) AppleWebKit/537.36 (KHTML, like Gecko) Chrome/71.0.3578.98 Safari/537.36"
204.48.19.85 - - [29/Jun/2021:06:23:30 -0400] "POST /wp-cron.php?doing_wp_cron=1624962210.4117510318756103515625 HTTP/1.1" 200 5463 "https://ajhydell.com/wp-cron.php?doing_wp_cron=1624962210.4117510318756103515625" "WordPress/5.7.2; https://ajhydell.com"
185.191.171.40 - - [29/Jun/2021:06:23:30 -0400] "GET /2019/10/14/tsar-nicholas-ii-and-king-george-v-date-unknown/ HTTP/1.1" 200 18106 "-" "Mozilla/5.0 (compatible; SemrushBot/7~bl; +http://www.semrush.com/bot.html)"
62.210.215.117 - - [29/Jun/2021:06:23:32 -0400] "GET /atom HTTP/1.1" 301 5599 "-" "Mozilla/5.0 (X11; Linux i686) AppleWebKit/537.36 (KHTML, like Gecko) Chrome/30.0.1599.66 Safari/537.36"
62.210.215.117 - - [29/Jun/2021:06:23:33 -0400] "GET /feed/atom/ HTTP/1.1" 200 18005 "-" "Mozilla/5.0 (X11; Linux i686) AppleWebKit/537.36 (KHTML, like Gecko) Chrome/30.0.1599.66 Safari/537.36"
204.48.19.85 - - [29/Jun/2021:06:24:50 -0400] "POST /wp-cron.php?doing_wp_cron=1624962290.3179559707641601562500 HTTP/1.1" 200 5463 "https://ajhydell.com/wp-cron.php?doing_wp_cron=1624962290.3179559707641601562500" "WordPress/5.7.2; https://ajhydell.com"
185.191.171.19 - - [29/Jun/2021:06:24:50 -0400] "GET /2018/10/07/ HTTP/1.1" 200 17916 "-" "Mozilla/5.0 (compatible; SemrushBot/7~bl; +http://www.semrush.com/bot.html)"
54.36.148.36 - - [29/Jun/2021:06:25:39 -0400] "GET /2018/09/21/workers-making-wiring-assemblies-at-a-junction-box-on-the-firewall-of-a-b-25-bomber-at-the-north-american-aviation-plant-at-inglewood-california-united-states-july-1942/ HTTP/1.1" 200 18485 "-" "Mozilla/5.0 (compatible; AhrefsBot/7.0; +http://ahrefs.com/robot/)"
204.48.19.85 - - [29/Jun/2021:06:26:24 -0400] "POST /wp-cron.php?doing_wp_cron=1624962384.8629040718078613281250 HTTP/1.1" 200 5463 "https://ajhydell.com/wp-cron.php?doing_wp_cron=1624962384.8629040718078613281250" "WordPress/5.7.2; https://ajhydell.com"
185.191.171.26 - - [29/Jun/2021:06:26:24 -0400] "GET /2020/07/10/gene-tierney-in-sundown-1941-2/ HTTP/1.1" 200 18058 "-" "Mozilla/5.0 (compatible; SemrushBot/7~bl; +http://www.semrush.com/bot.html)"
204.48.19.85 - - [29/Jun/2021:06:28:12 -0400] "POST /wp-cron.php?doing_wp_cron=1624962492.6527090072631835937500 HTTP/1.1" 200 5463 "https://ajhydell.com/wp-cron.php?doing_wp_cron=1624962492.6527090072631835937500" "WordPress/5.7.2; https://ajhydell.com"
54.36.149.36 - - [29/Jun/2021:06:28:12 -0400] "GET /2019/03/27/russian-soldier-befriending-a-cat-on-the-front-line-ca-1941-1945-473x700/ HTTP/1.1" 200 18061 "-" "Mozilla/5.0 (compatible; AhrefsBot/7.0; +http://ahrefs.com/robot/)"
5.255.231.190 - - [29/Jun/2021:06:28:33 -0400] "GET /2018/10/23/anti-hitler-postcard-1940s/ HTTP/1.1" 200 18093 "-" "Mozilla/5.0 (compatible; YandexBot/3.0; +http://yandex.com/bots)"
204.48.19.85 - - [29/Jun/2021:06:29:52 -0400] "POST /wp-cron.php?doing_wp_cron=1624962592.4877860546112060546875 HTTP/1.1" 200 5463 "https://ajhydell.com/wp-cron.php?doing_wp_cron=1624962592.4877860546112060546875" "WordPress/5.7.2; https://ajhydell.com"
66.249.79.18 - - [29/Jun/2021:06:29:52 -0400] "GET /2020/11/28/ HTTP/1.1" 200 18095 "-" "Mozilla/5.0 (Linux; Android 6.0.1; Nexus 5X Build/MMB29P) AppleWebKit/537.36 (KHTML, like Gecko) Chrome/91.0.4472.90 Mobile Safari/537.36 (compatible; Googlebot/2.1; +http://www.google.com/bot.html)"
66.249.79.16 - - [29/Jun/2021:06:29:53 -0400] "GET /wp-includes/js/jquery/jquery.min.js?ver=3.5.1 HTTP/1.1" 200 36637 "https://ajhydell.com/2020/11/28/" "Mozilla/5.0 (Linux; Android 6.0.1; Nexus 5X Build/MMB29P) AppleWebKit/537.36 (KHTML, like Gecko) Chrome/91.0.4472.90 Mobile Safari/537.36 (compatible; Googlebot/2.1; +http://www.google.com/bot.html)"
66.249.79.18 - - [29/Jun/2021:06:29:54 -0400] "GET /wp-content/themes/royal-magazine/assets/libraries/bootstrap/js/bootstrap.min.js?ver=5.7.2 HTTP/1.1" 200 10350 "https://ajhydell.com/2020/11/28/" "Mozilla/5.0 (Linux; Android 6.0.1; Nexus 5X Build/MMB29P) AppleWebKit/537.36 (KHTML, like Gecko) Chrome/91.0.4472.90 Mobile Safari/537.36 (compatible; Googlebot/2.1; +http://www.google.com/bot.html)"
66.249.79.18 - - [29/Jun/2021:06:29:54 -0400] "GET /wp-content/plugins/facebook-pagelike-widget/fb.js?ver=1.0 HTTP/1.1" 200 810 "https://ajhydell.com/2020/11/28/" "Mozilla/5.0 (Linux; Android 6.0.1; Nexus 5X Build/MMB29P) AppleWebKit/537.36 (KHTML, like Gecko) Chrome/91.0.4472.90 Mobile Safari/537.36 (compatible; Googlebot/2.1; +http://www.google.com/bot.html)"
54.36.148.25 - - [29/Jun/2021:06:30:43 -0400] "GET /2020/03/10/chaplain-kenny-lynch-conducts-services-north-of-hwacheon-korea-for-men-of-the-31st-regiment-1951-korean-war/ HTTP/1.1" 200 18244 "-" "Mozilla/5.0 (compatible; AhrefsBot/7.0; +http://ahrefs.com/robot/)"
204.48.19.85 - - [29/Jun/2021:06:30:49 -0400] "POST /wp-cron.php?doing_wp_cron=1624962649.9704530239105224609375 HTTP/1.1" 200 5463 "https://ajhydell.com/wp-cron.php?doing_wp_cron=1624962649.9704530239105224609375" "WordPress/5.7.2; https://ajhydell.com"
35.230.96.180 - - [29/Jun/2021:06:30:49 -0400] "HEAD / HTTP/1.1" 200 5490 "https://t.co/ztQBTyu01i" "-"
66.249.79.14 - - [29/Jun/2021:06:31:21 -0400] "GET /feed/ HTTP/1.1" 200 7694 "-" "Mozilla/5.0 (compatible; Googlebot/2.1; +http://www.google.com/bot.html)"
66.249.79.16 - - [29/Jun/2021:06:32:06 -0400] "GET /wp-content/uploads/2021/02/picture-96.jpg HTTP/1.1" 200 210032 "-" "Googlebot-Image/1.0"
204.48.19.85 - - [29/Jun/2021:06:32:06 -0400] "POST /wp-cron.php?doing_wp_cron=1624962726.1777479648590087890625 HTTP/1.1" 200 5463 "https://ajhydell.com/wp-cron.php?doing_wp_cron=1624962726.1777479648590087890625" "WordPress/5.7.2; https://ajhydell.com"
66.249.79.18 - - [29/Jun/2021:06:32:06 -0400] "GET /robots.txt HTTP/1.1" 200 5685 "-" "Mozilla/5.0 (compatible; Googlebot/2.1; +http://www.google.com/bot.html)"
204.48.19.85 - - [29/Jun/2021:06:33:17 -0400] "POST /wp-cron.php?doing_wp_cron=1624962797.9150071144104003906250 HTTP/1.1" 200 5463 "https://ajhydell.com/wp-cron.php?doing_wp_cron=1624962797.9150071144104003906250" "WordPress/5.7.2; https://ajhydell.com"
54.36.148.183 - - [29/Jun/2021:06:33:17 -0400] "GET /2020/09/14/ HTTP/1.1" 200 18083 "-" "Mozilla/5.0 (compatible; AhrefsBot/7.0; +http://ahrefs.com/robot/)"
185.191.171.26 - - [29/Jun/2021:06:33:42 -0400] "GET /2020/01/13/ HTTP/1.1" 200 17708 "-" "Mozilla/5.0 (compatible; SemrushBot/7~bl; +http://www.semrush.com/bot.html)"
204.48.19.85 - - [29/Jun/2021:06:35:51 -0400] "POST /wp-cron.php?doing_wp_cron=1624962951.1318271160125732421875 HTTP/1.1" 200 5463 "https://ajhydell.com/wp-cron.php?doing_wp_cron=1624962951.1318271160125732421875" "WordPress/5.7.2; https://ajhydell.com"
54.36.149.104 - - [29/Jun/2021:06:35:51 -0400] "GET /2019/03/30/filipina-annunciacion-chica-posing-for-a-picture-as-she-holds-a-long-firearm-may-23-1915-batangas-philippines-569-x-720/ HTTP/1.1" 200 18345 "-" "Mozilla/5.0 (compatible; AhrefsBot/7.0; +http://ahrefs.com/robot/)"
66.249.79.16 - - [29/Jun/2021:06:35:58 -0400] "GET /2021/06/28/ HTTP/1.1" 200 17978 "-" "Mozilla/5.0 (Linux; Android 6.0.1; Nexus 5X Build/MMB29P) AppleWebKit/537.36 (KHTML, like Gecko) Chrome/91.0.4472.90 Mobile Safari/537.36 (compatible; Googlebot/2.1; +http://www.google.com/bot.html)"
204.48.19.85 - - [29/Jun/2021:06:38:21 -0400] "POST /wp-cron.php?doing_wp_cron=1624963101.8086869716644287109375 HTTP/1.1" 200 5463 "https://ajhydell.com/wp-cron.php?doing_wp_cron=1624963101.8086869716644287109375" "WordPress/5.7.2; https://ajhydell.com"
54.36.148.226 - - [29/Jun/2021:06:38:21 -0400] "GET /2019/02/03/polish-propaganda-poster-1920/ HTTP/1.1" 200 18016 "-" "Mozilla/5.0 (compatible; AhrefsBot/7.0; +http://ahrefs.com/robot/)"
66.249.79.14 - - [29/Jun/2021:06:39:14 -0400] "GET /wp-content/uploads/2021/05/picture-145.jpg HTTP/1.1" 200 209249 "-" "Googlebot-Image/1.0"
204.48.19.85 - - [29/Jun/2021:06:40:31 -0400] "POST /wp-cron.php?doing_wp_cron=1624963231.8619790077209472656250 HTTP/1.1" 200 5463 "https://ajhydell.com/wp-cron.php?doing_wp_cron=1624963231.8619790077209472656250" "WordPress/5.7.2; https://ajhydell.com"
54.236.1.11 - - [29/Jun/2021:06:40:31 -0400] "GET /2019/11/06/lil-abner-for-cream-of-wheat-1941/ HTTP/1.1" 200 17539 "-" "Mozilla/5.0 (compatible; Pinterestbot/1.0; +http://www.pinterest.com/bot.html)"
204.48.19.85 - - [29/Jun/2021:06:40:47 -0400] "POST /wp-cron.php?doing_wp_cron=1624963247.8062889575958251953125 HTTP/1.1" 200 5463 "https://ajhydell.com/wp-cron.php?doing_wp_cron=1624963247.8062889575958251953125" "WordPress/5.7.2; https://ajhydell.com"
54.36.148.64 - - [29/Jun/2021:06:40:47 -0400] "GET /2019/02/05/grenada-1983-2000-x-1338/ HTTP/1.1" 200 18073 "-" "Mozilla/5.0 (compatible; AhrefsBot/7.0; +http://ahrefs.com/robot/)"
157.55.39.57 - - [29/Jun/2021:06:41:17 -0400] "GET /wp-content/uploads/2019/01/picture-64.jpg HTTP/1.1" 200 645811 "-" "Mozilla/5.0 (compatible; bingbot/2.0; +http://www.bing.com/bingbot.htm)"
204.48.19.85 - - [29/Jun/2021:06:42:25 -0400] "POST /wp-cron.php?doing_wp_cron=1624963345.9130489826202392578125 HTTP/1.1" 200 232 "http://ajhydell.com/wp-cron.php?doing_wp_cron=1624963345.9130489826202392578125" "WordPress/5.7.2; https://ajhydell.com"
173.236.172.182 - - [29/Jun/2021:06:42:25 -0400] "GET /doc.php HTTP/1.1" 301 321 "http://simplesite.com" "Mozilla/5.0 (Windows; U; Windows NT 5.1; en-US) AppleWebKit/533.4 (KHTML, like Gecko) Chrome/5.0.375.99 Safari/533.4"
173.236.172.182 - - [29/Jun/2021:06:42:26 -0400] "GET /doc.php HTTP/1.1" 404 63775 "http://ajhydell.com/doc.php" "Mozilla/5.0 (Windows; U; Windows NT 5.1; en-US) AppleWebKit/533.4 (KHTML, like Gecko) Chrome/5.0.375.99 Safari/533.4"
157.55.39.136 - - [29/Jun/2021:06:42:30 -0400] "GET /wp-content/uploads/2018/10/picture-55-1024x873.jpg HTTP/1.1" 200 187171 "-" "Mozilla/5.0 (compatible; bingbot/2.0; +http://www.bing.com/bingbot.htm)"
204.48.19.85 - - [29/Jun/2021:06:42:47 -0400] "POST /wp-cron.php?doing_wp_cron=1624963367.4148221015930175781250 HTTP/1.1" 200 5463 "https://ajhydell.com/wp-cron.php?doing_wp_cron=1624963367.4148221015930175781250" "WordPress/5.7.2; https://ajhydell.com"
54.236.1.13 - - [29/Jun/2021:06:42:47 -0400] "GET /2019/10/30/the-emancipated-woman-is-building-socialism-artist-adolf-strakhov-ussr-1926/ HTTP/1.1" 200 17556 "-" "Mozilla/5.0 (compatible; Pinterestbot/1.0; +http://www.pinterest.com/bot.html)"
54.36.149.65 - - [29/Jun/2021:06:43:13 -0400] "GET /2021/03/06/ HTTP/1.1" 200 18315 "-" "Mozilla/5.0 (compatible; AhrefsBot/7.0; +http://ahrefs.com/robot/)"
204.48.19.85 - - [29/Jun/2021:06:45:24 -0400] "POST /wp-cron.php?doing_wp_cron=1624963524.1768178939819335937500 HTTP/1.1" 200 5463 "https://ajhydell.com/wp-cron.php?doing_wp_cron=1624963524.1768178939819335937500" "WordPress/5.7.2; https://ajhydell.com"
157.55.39.22 - - [29/Jun/2021:06:45:24 -0400] "GET /2021/06/23/blackjack-chewing-gum-1925 HTTP/1.1" 301 5187 "-" "Mozilla/5.0 (compatible; bingbot/2.0; +http://www.bing.com/bingbot.htm)"
157.55.39.22 - - [29/Jun/2021:06:45:25 -0400] "GET /2021/06/23/blackjack-chewing-gum-1925/ HTTP/1.1" 200 17623 "-" "Mozilla/5.0 (compatible; bingbot/2.0; +http://www.bing.com/bingbot.htm)"
66.249.79.16 - - [29/Jun/2021:06:45:25 -0400] "GET /2020/11/28/british-weapons-to-defeat-hitler-uk-1943/ HTTP/1.1" 200 18203 "-" "Mozilla/5.0 (Linux; Android 6.0.1; Nexus 5X Build/MMB29P) AppleWebKit/537.36 (KHTML, like Gecko) Chrome/91.0.4472.90 Mobile Safari/537.36 (compatible; Googlebot/2.1; +http://www.google.com/bot.html)"
204.48.19.85 - - [29/Jun/2021:06:45:48 -0400] "POST /wp-cron.php?doing_wp_cron=1624963548.3498020172119140625000 HTTP/1.1" 200 5463 "https://ajhydell.com/wp-cron.php?doing_wp_cron=1624963548.3498020172119140625000" "WordPress/5.7.2; https://ajhydell.com"
54.36.148.151 - - [29/Jun/2021:06:45:48 -0400] "GET /2019/12/19/dont-throw-stones-iraq-2004/ HTTP/1.1" 200 18118 "-" "Mozilla/5.0 (compatible; AhrefsBot/7.0; +http://ahrefs.com/robot/)"
204.48.19.85 - - [29/Jun/2021:06:46:55 -0400] "POST /wp-cron.php?doing_wp_cron=1624963615.5472888946533203125000 HTTP/1.1" 200 5463 "https://ajhydell.com/wp-cron.php?doing_wp_cron=1624963615.5472888946533203125000" "WordPress/5.7.2; https://ajhydell.com"
23.100.232.233 - - [29/Jun/2021:06:46:55 -0400] "GET /2021/02/02/german-child-soldiers-captured-by-the-6th-u-s-armored-division-in-giessen-germany-march-19-1945/ HTTP/1.1" 200 17333 "-" "Mozilla/5.0 (compatible; MSIE 9.0; Windows NT 6.1; Trident/5.0;  Trident/5.0)"
23.100.232.233 - - [29/Jun/2021:06:46:56 -0400] "GET /wp-content/plugins/add-expires-headers/cache/0/com/processed-header-f16a8d323e83e1bc1b76514e283fb81b7090a959.min.css HTTP/1.1" 200 52893 "https://ajhydell.com/2021/02/02/german-child-soldiers-captured-by-the-6th-u-s-armored-division-in-giessen-germany-march-19-1945/" "Mozilla/5.0 (compatible; MSIE 9.0; Windows NT 6.1; Trident/5.0;  Trident/5.0)"
23.100.232.233 - - [29/Jun/2021:06:46:56 -0400] "GET /wp-includes/js/jquery/jquery.min.js?ver=3.5.1 HTTP/1.1" 200 31550 "https://ajhydell.com/2021/02/02/german-child-soldiers-captured-by-the-6th-u-s-armored-division-in-giessen-germany-march-19-1945/" "Mozilla/5.0 (compatible; MSIE 9.0; Windows NT 6.1; Trident/5.0;  Trident/5.0)"
23.100.232.233 - - [29/Jun/2021:06:46:56 -0400] "GET /wp-content/plugins/google-analytics-for-wordpress/assets/js/frontend-gtag.min.js?ver=7.17.0 HTTP/1.1" 200 3476 "https://ajhydell.com/2021/02/02/german-child-soldiers-captured-by-the-6th-u-s-armored-division-in-giessen-germany-march-19-1945/" "Mozilla/5.0 (compatible; MSIE 9.0; Windows NT 6.1; Trident/5.0;  Trident/5.0)"
23.100.232.233 - - [29/Jun/2021:06:46:56 -0400] "GET /wp-includes/js/jquery/jquery-migrate.min.js?ver=3.3.2 HTTP/1.1" 200 4687 "https://ajhydell.com/2021/02/02/german-child-soldiers-captured-by-the-6th-u-s-armored-division-in-giessen-germany-march-19-1945/" "Mozilla/5.0 (compatible; MSIE 9.0; Windows NT 6.1; Trident/5.0;  Trident/5.0)"
23.100.232.233 - - [29/Jun/2021:06:46:56 -0400] "GET /wp-content/plugins/wp-smushit/app/assets/js/smush-lazy-load.min.js?ver=3.8.5 HTTP/1.1" 200 4207 "https://ajhydell.com/2021/02/02/german-child-soldiers-captured-by-the-6th-u-s-armored-division-in-giessen-germany-march-19-1945/" "Mozilla/5.0 (compatible; MSIE 9.0; Windows NT 6.1; Trident/5.0;  Trident/5.0)"
23.100.232.233 - - [29/Jun/2021:06:46:56 -0400] "GET /wp-includes/js/wp-emoji-release.min.js?ver=5.7.2 HTTP/1.1" 200 5183 "https://ajhydell.com/2021/02/02/german-child-soldiers-captured-by-the-6th-u-s-armored-division-in-giessen-germany-march-19-1945/" "Mozilla/5.0 (compatible; MSIE 9.0; Windows NT 6.1; Trident/5.0;  Trident/5.0)"
23.100.232.233 - - [29/Jun/2021:06:46:56 -0400] "GET /wp-content/themes/royal-magazine/js/navigation.js?ver=20151215 HTTP/1.1" 200 1349 "https://ajhydell.com/2021/02/02/german-child-soldiers-captured-by-the-6th-u-s-armored-division-in-giessen-germany-march-19-1945/" "Mozilla/5.0 (compatible; MSIE 9.0; Windows NT 6.1; Trident/5.0;  Trident/5.0)"
23.100.232.233 - - [29/Jun/2021:06:46:56 -0400] "GET /wp-content/themes/royal-magazine/js/skip-link-focus-fix.js?ver=20151215 HTTP/1.1" 200 933 "https://ajhydell.com/2021/02/02/german-child-soldiers-captured-by-the-6th-u-s-armored-division-in-giessen-germany-march-19-1945/" "Mozilla/5.0 (compatible; MSIE 9.0; Windows NT 6.1; Trident/5.0;  Trident/5.0)"
23.100.232.233 - - [29/Jun/2021:06:46:56 -0400] "GET /wp-content/themes/royal-magazine/assets/libraries/marquee/jquery.marquee.js?ver=5.7.2 HTTP/1.1" 200 5103 "https://ajhydell.com/2021/02/02/german-child-soldiers-captured-by-the-6th-u-s-armored-division-in-giessen-germany-march-19-1945/" "Mozilla/5.0 (compatible; MSIE 9.0; Windows NT 6.1; Trident/5.0;  Trident/5.0)"
23.100.232.233 - - [29/Jun/2021:06:46:56 -0400] "GET /wp-content/themes/royal-magazine/assets/libraries/bootstrap/js/bootstrap.min.js?ver=5.7.2 HTTP/1.1" 200 10404 "https://ajhydell.com/2021/02/02/german-child-soldiers-captured-by-the-6th-u-s-armored-division-in-giessen-germany-march-19-1945/" "Mozilla/5.0 (compatible; MSIE 9.0; Windows NT 6.1; Trident/5.0;  Trident/5.0)"
23.100.232.233 - - [29/Jun/2021:06:46:56 -0400] "GET /wp-content/themes/royal-magazine/assets/libraries/magnific-popup/jquery.magnific-popup.min.js?ver=5.7.2 HTTP/1.1" 200 7871 "https://ajhydell.com/2021/02/02/german-child-soldiers-captured-by-the-6th-u-s-armored-division-in-giessen-germany-march-19-1945/" "Mozilla/5.0 (compatible; MSIE 9.0; Windows NT 6.1; Trident/5.0;  Trident/5.0)"
