185.191.171.16 - - [05/Jul/2021:00:56:49 -0400] "GET /2020/12/26/colorburst-give-the-gifts-that-give-right-back-december-1978/ HTTP/1.1" 200 18855 "-" "Mozilla/5.0 (compatible; SemrushBot/7~bl; +http://www.semrush.com/bot.html)"
54.36.148.117 - - [05/Jul/2021:00:57:16 -0400] "GET /2021/06/07/lest-we-forget-77-years-ago-today-apprehensive-gis-load-onto-a-british-landing-craft-for-the-invasion-of-normandy-d-day-1944-us-national-archives-original-color-photo-396x500/ HTTP/1.1" 200 19097 "-" "Mozilla/5.0 (compatible; AhrefsBot/7.0; +http://ahrefs.com/robot/)"
204.48.19.85 - - [05/Jul/2021:00:57:54 -0400] "POST /wp-cron.php?doing_wp_cron=1625461074.4025208950042724609375 HTTP/1.1" 200 6295 "https://ajhydell.com/wp-cron.php?doing_wp_cron=1625461074.4025208950042724609375" "WordPress/5.7.2; https://ajhydell.com"
170.83.179.36 - - [05/Jul/2021:00:57:54 -0400] "GET /2020/03/04/marthas-vineyard-a-history-of-deaf-equality-on-a-little-island/ HTTP/1.1" 200 22124 "https://ajhydell.com" "Mozilla/5.0 (Windows NT 10.0; Win64; x64) AppleWebKit/537.36 (KHTML, like Gecko) Chrome/62.0.3202.94 Safari/537.36"
204.48.19.85 - - [05/Jul/2021:00:58:46 -0400] "POST /wp-cron.php?doing_wp_cron=1625461126.9232521057128906250000 HTTP/1.1" 200 6295 "https://ajhydell.com/wp-cron.php?doing_wp_cron=1625461126.9232521057128906250000" "WordPress/5.7.2; https://ajhydell.com"
207.46.13.80 - - [05/Jul/2021:00:58:46 -0400] "GET /2021/07/01/the-mass-murder-suicide-of-909-followers-of-the-peoples-temple-cult-of-jim-jones-jonestown-guyana-1978-1200x1200 HTTP/1.1" 301 6105 "-" "Mozilla/5.0 (compatible; bingbot/2.0; +http://www.bing.com/bingbot.htm)"
207.46.13.80 - - [05/Jul/2021:00:58:48 -0400] "GET /2021/07/01/the-mass-murder-suicide-of-909-followers-of-the-peoples-temple-cult-of-jim-jones-jonestown-guyana-1978-1200x1200/ HTTP/1.1" 200 18801 "-" "Mozilla/5.0 (compatible; bingbot/2.0; +http://www.bing.com/bingbot.htm)"
54.36.148.117 - - [05/Jul/2021:00:59:38 -0400] "GET /2021/05/13/the-three-arrows-symbol-of-the-iron-front-a-movement-in-1930s-germany-against-authoritarianism/ HTTP/1.1" 200 19059 "-" "Mozilla/5.0 (compatible; AhrefsBot/7.0; +http://ahrefs.com/robot/)"
204.48.19.85 - - [05/Jul/2021:01:00:39 -0400] "POST /wp-cron.php?doing_wp_cron=1625461239.7296919822692871093750 HTTP/1.1" 200 6295 "https://ajhydell.com/wp-cron.php?doing_wp_cron=1625461239.7296919822692871093750" "WordPress/5.7.2; https://ajhydell.com"
17.121.113.117 - - [05/Jul/2021:01:00:39 -0400] "GET /2020/06/23/children-with-santa-claus-in-vukovar-croatia-during-the-croatian-war-of-independence-1992-1400x1168/ HTTP/1.1" 200 18353 "-" "Mozilla/5.0 (Macintosh; Intel Mac OS X 10_15_5) AppleWebKit/605.1.15 (KHTML, like Gecko) Version/13.1.1 Safari/605.1.15 (Applebot/0.1; +http://www.apple.com/go/applebot)"
157.55.39.134 - - [05/Jul/2021:01:01:43 -0400] "GET /wp-content/uploads/2019/11/picture-36-2048x1366.jpg HTTP/1.1" 200 3625696 "-" "Mozilla/5.0 (compatible; bingbot/2.0; +http://www.bing.com/bingbot.htm)"
204.48.19.85 - - [05/Jul/2021:01:02:25 -0400] "POST /wp-cron.php?doing_wp_cron=1625461345.2597761154174804687500 HTTP/1.1" 200 6295 "https://ajhydell.com/wp-cron.php?doing_wp_cron=1625461345.2597761154174804687500" "WordPress/5.7.2; https://ajhydell.com"
54.36.148.117 - - [05/Jul/2021:01:02:25 -0400] "GET /2021/06/10/make-every-all-black-a-naked-all-black-new-zealand-1985-coalition-against-the-tour/ HTTP/1.1" 200 18975 "-" "Mozilla/5.0 (compatible; AhrefsBot/7.0; +http://ahrefs.com/robot/)"
185.191.171.20 - - [05/Jul/2021:01:02:25 -0400] "GET /2020/03/29/ HTTP/1.1" 200 18223 "-" "Mozilla/5.0 (compatible; SemrushBot/7~bl; +http://www.semrush.com/bot.html)"
157.55.39.22 - - [05/Jul/2021:01:03:46 -0400] "GET /wp-content/uploads/2019/08/picture-19-734x1024.jpg HTTP/1.1" 200 96648 "-" "Mozilla/5.0 (compatible; bingbot/2.0; +http://www.bing.com/bingbot.htm)"
207.46.13.22 - - [05/Jul/2021:01:04:14 -0400] "GET /wp-content/uploads/2019/07/picture-70-1024x768.jpg HTTP/1.1" 200 145232 "-" "Mozilla/5.0 (compatible; bingbot/2.0; +http://www.bing.com/bingbot.htm)"
204.48.19.85 - - [05/Jul/2021:01:04:16 -0400] "POST /wp-cron.php?doing_wp_cron=1625461456.1724419593811035156250 HTTP/1.1" 200 6295 "https://ajhydell.com/wp-cron.php?doing_wp_cron=1625461456.1724419593811035156250" "WordPress/5.7.2; https://ajhydell.com"
207.46.13.22 - - [05/Jul/2021:01:04:16 -0400] "GET /2018/12/17/support-the-defense-of-the-ussr-1930/ HTTP/1.1" 200 18486 "-" "Mozilla/5.0 (compatible; bingbot/2.0; +http://www.bing.com/bingbot.htm)"
54.36.148.117 - - [05/Jul/2021:01:04:24 -0400] "GET /2021/06/11/shirley-lee-dresses-1950s/ HTTP/1.1" 200 18765 "-" "Mozilla/5.0 (compatible; AhrefsBot/7.0; +http://ahrefs.com/robot/)"
17.121.114.243 - - [05/Jul/2021:01:04:37 -0400] "GET /2018/10/18/moldavian-women-in-traditional-clothes-ca-1920/ HTTP/1.1" 200 18266 "-" "Mozilla/5.0 (Macintosh; Intel Mac OS X 10_15_5) AppleWebKit/605.1.15 (KHTML, like Gecko) Version/13.1.1 Safari/605.1.15 (Applebot/0.1; +http://www.apple.com/go/applebot)"
207.46.13.22 - - [05/Jul/2021:01:05:14 -0400] "GET /wp-content/uploads/2020/09/picture-61.jpg HTTP/1.1" 200 153016 "-" "Mozilla/5.0 (compatible; bingbot/2.0; +http://www.bing.com/bingbot.htm)"
204.48.19.85 - - [05/Jul/2021:01:05:28 -0400] "POST /wp-cron.php?doing_wp_cron=1625461528.3320391178131103515625 HTTP/1.1" 200 6295 "https://ajhydell.com/wp-cron.php?doing_wp_cron=1625461528.3320391178131103515625" "WordPress/5.7.2; https://ajhydell.com"
128.199.187.225 - - [05/Jul/2021:01:05:28 -0400] "GET /wp-login.php HTTP/1.1" 200 8605 "-" "Mozilla/5.0 (X11; Ubuntu; Linux x86_64; rv:62.0) Gecko/20100101 Firefox/62.0"
128.199.187.225 - - [05/Jul/2021:01:05:29 -0400] "POST /wp-login.php HTTP/1.1" 200 8694 "-" "Mozilla/5.0 (X11; Ubuntu; Linux x86_64; rv:62.0) Gecko/20100101 Firefox/62.0"
128.199.187.225 - - [05/Jul/2021:01:05:30 -0400] "POST /xmlrpc.php HTTP/1.1" 200 5852 "-" "Mozilla/5.0 (X11; Ubuntu; Linux x86_64; rv:62.0) Gecko/20100101 Firefox/62.0"
34.231.169.249 - - [05/Jul/2021:01:05:31 -0400] "HEAD / HTTP/1.1" 200 5715 "-" "scalaj-http/2.4.2"
34.231.169.249 - - [05/Jul/2021:01:05:31 -0400] "GET / HTTP/1.1" 200 20115 "-" "Buck/2.2; (+https://app.hypefactors.com/media-monitoring/about.html)"
34.231.169.249 - - [05/Jul/2021:01:05:32 -0400] "GET /robots.txt HTTP/1.1" 200 5901 "-" "Buck/2.2; (+https://app.hypefactors.com/media-monitoring/about.html)"
204.48.19.85 - - [05/Jul/2021:01:06:13 -0400] "POST /wp-cron.php?doing_wp_cron=1625461573.3354909420013427734375 HTTP/1.1" 200 6295 "https://ajhydell.com/wp-cron.php?doing_wp_cron=1625461573.3354909420013427734375" "WordPress/5.7.2; https://ajhydell.com"
34.231.169.249 - - [05/Jul/2021:01:06:13 -0400] "GET /feed/ HTTP/1.1" 200 8307 "-" "Buck/2.2; (+https://app.hypefactors.com/media-monitoring/about.html)"
34.231.169.249 - - [05/Jul/2021:01:06:13 -0400] "GET /sitemap_index.xml HTTP/1.1" 200 6220 "-" "Buck/2.2; (+https://app.hypefactors.com/media-monitoring/about.html)"
34.231.169.249 - - [05/Jul/2021:01:06:14 -0400] "GET /post-sitemap1.xml HTTP/1.1" 200 16024 "-" "Buck/2.2; (+https://app.hypefactors.com/media-monitoring/about.html)"
34.231.169.249 - - [05/Jul/2021:01:06:14 -0400] "GET /post-sitemap2.xml HTTP/1.1" 200 16670 "-" "Buck/2.2; (+https://app.hypefactors.com/media-monitoring/about.html)"
34.231.169.249 - - [05/Jul/2021:01:06:14 -0400] "GET /post-sitemap3.xml HTTP/1.1" 200 16591 "-" "Buck/2.2; (+https://app.hypefactors.com/media-monitoring/about.html)"
34.231.169.249 - - [05/Jul/2021:01:06:14 -0400] "GET /post-sitemap4.xml HTTP/1.1" 200 15918 "-" "Buck/2.2; (+https://app.hypefactors.com/media-monitoring/about.html)"
34.231.169.249 - - [05/Jul/2021:01:06:14 -0400] "GET /sitemap.xml HTTP/1.1" 200 6582 "-" "Buck/2.2; (+https://app.hypefactors.com/media-monitoring/about.html)"
34.231.169.249 - - [05/Jul/2021:01:06:14 -0400] "GET /sitemap-pt-post-2021-07.xml HTTP/1.1" 200 7638 "-" "Buck/2.2; (+https://app.hypefactors.com/media-monitoring/about.html)"
34.231.169.249 - - [05/Jul/2021:01:06:14 -0400] "GET /sitemap-pt-post-2021-06.xml HTTP/1.1" 200 13546 "-" "Buck/2.2; (+https://app.hypefactors.com/media-monitoring/about.html)"
185.191.171.10 - - [05/Jul/2021:01:06:17 -0400] "GET /2020/08/12/brenda-skyes/ HTTP/1.1" 200 18749 "-" "Mozilla/5.0 (compatible; SemrushBot/7~bl; +http://www.semrush.com/bot.html)"
185.191.171.44 - - [05/Jul/2021:01:06:24 -0400] "GET /2020/02/03/a-german-soldier-stands-sentry-over-the-recently-captured-city-of-kiev-capital-of-the-then-ukrainian-soviet-socialist-republic-and-capital-of-todays-ukraine-during-operation-barbarossa-september/ HTTP/1.1" 200 19127 "-" "Mozilla/5.0 (compatible; SemrushBot/7~bl; +http://www.semrush.com/bot.html)"
54.36.148.117 - - [05/Jul/2021:01:06:34 -0400] "GET /2021/06/30/mah-jong-at-bathing-beach-june-6-1924/ HTTP/1.1" 200 18783 "-" "Mozilla/5.0 (compatible; AhrefsBot/7.0; +http://ahrefs.com/robot/)"
204.48.19.85 - - [05/Jul/2021:01:07:04 -0400] "POST /wp-cron.php?doing_wp_cron=1625461624.9475250244140625000000 HTTP/1.1" 200 6295 "https://ajhydell.com/wp-cron.php?doing_wp_cron=1625461624.9475250244140625000000" "WordPress/5.7.2; https://ajhydell.com"
17.121.113.154 - - [05/Jul/2021:01:07:04 -0400] "GET /2020/04/ HTTP/1.1" 200 19812 "-" "Mozilla/5.0 (Macintosh; Intel Mac OS X 10_15_5) AppleWebKit/605.1.15 (KHTML, like Gecko) Version/13.1.1 Safari/605.1.15 (Applebot/0.1; +http://www.apple.com/go/applebot)"
157.55.39.57 - - [05/Jul/2021:01:07:05 -0400] "GET /wp-content/uploads/2018/11/picture-22.jpg HTTP/1.1" 200 1186385 "-" "Mozilla/5.0 (compatible; bingbot/2.0; +http://www.bing.com/bingbot.htm)"
204.48.19.85 - - [05/Jul/2021:01:09:41 -0400] "POST /wp-cron.php?doing_wp_cron=1625461781.5212390422821044921875 HTTP/1.1" 200 6295 "https://ajhydell.com/wp-cron.php?doing_wp_cron=1625461781.5212390422821044921875" "WordPress/5.7.2; https://ajhydell.com"
17.121.112.142 - - [05/Jul/2021:01:09:41 -0400] "GET /2020/08/13/soldiers-of-the-369th-croatian-reinforced-infantry-regiment-1942/ HTTP/1.1" 200 18205 "-" "Mozilla/5.0 (Macintosh; Intel Mac OS X 10_15_5) AppleWebKit/605.1.15 (KHTML, like Gecko) Version/13.1.1 Safari/605.1.15 (Applebot/0.1; +http://www.apple.com/go/applebot)"
204.48.19.85 - - [05/Jul/2021:01:10:05 -0400] "POST /wp-cron.php?doing_wp_cron=1625461805.1344048976898193359375 HTTP/1.1" 200 6295 "https://ajhydell.com/wp-cron.php?doing_wp_cron=1625461805.1344048976898193359375" "WordPress/5.7.2; https://ajhydell.com"
66.249.70.110 - - [05/Jul/2021:01:10:05 -0400] "GET /robots.txt HTTP/1.1" 200 6517 "-" "Mozilla/5.0 (compatible; Googlebot/2.1; +http://www.google.com/bot.html)"
66.249.70.110 - - [05/Jul/2021:01:10:05 -0400] "GET /feed/ HTTP/1.1" 200 2612 "-" "Mozilla/5.0 (compatible; Googlebot/2.1; +http://www.google.com/bot.html)"
204.48.19.85 - - [05/Jul/2021:01:11:01 -0400] "POST /wp-cron.php?doing_wp_cron=1625461861.5386190414428710937500 HTTP/1.1" 200 6295 "https://ajhydell.com/wp-cron.php?doing_wp_cron=1625461861.5386190414428710937500" "WordPress/5.7.2; https://ajhydell.com"
17.121.114.48 - - [05/Jul/2021:01:11:01 -0400] "GET /2018/11/21/french-tankers-pose-in-front-of-their-char-b1-bis-heavy-tank-1940/ HTTP/1.1" 200 18314 "-" "Mozilla/5.0 (Macintosh; Intel Mac OS X 10_15_5) AppleWebKit/605.1.15 (KHTML, like Gecko) Version/13.1.1 Safari/605.1.15 (Applebot/0.1; +http://www.apple.com/go/applebot)"
23.96.121.158 - - [05/Jul/2021:01:11:31 -0400] "GET /vendor/phpunit/phpunit/LICENSE HTTP/1.1" 301 625 "-" "Mozilla/5.0 (X11; Ubuntu; Linux i686; rv:28.0) Gecko/20100101 Firefox/28.0"
204.48.19.85 - - [05/Jul/2021:01:11:50 -0400] "POST /wp-cron.php?doing_wp_cron=1625461910.3577289581298828125000 HTTP/1.1" 200 6295 "https://ajhydell.com/wp-cron.php?doing_wp_cron=1625461910.3577289581298828125000" "WordPress/5.7.2; https://ajhydell.com"
23.96.121.158 - - [05/Jul/2021:01:11:50 -0400] "GET /vendor/phpunit/phpunit/LICENSE HTTP/1.1" 404 64096 "-" "Mozilla/5.0 (X11; Ubuntu; Linux i686; rv:28.0) Gecko/20100101 Firefox/28.0"
23.96.121.158 - - [05/Jul/2021:01:12:18 -0400] "GET /vendor/phpunit/phpunit/src/Util/PHP/ HTTP/1.1" 301 637 "-" "Mozilla/5.0 (X11; Ubuntu; Linux i686; rv:28.0) Gecko/20100101 Firefox/28.0"
49.7.20.68 - - [05/Jul/2021:01:12:30 -0400] "GET / HTTP/1.1" 200 20198 "-" "Sogou web spider/4.0(+http://www.sogou.com/docs/help/webmasters.htm#07)"
23.96.121.158 - - [05/Jul/2021:01:12:36 -0400] "GET /vendor/phpunit/phpunit/src/Util/PHP/ HTTP/1.1" 404 64096 "-" "Mozilla/5.0 (X11; Ubuntu; Linux i686; rv:28.0) Gecko/20100101 Firefox/28.0"
204.48.19.85 - - [05/Jul/2021:01:13:10 -0400] "POST /wp-cron.php?doing_wp_cron=1625461990.6389229297637939453125 HTTP/1.1" 200 6295 "https://ajhydell.com/wp-cron.php?doing_wp_cron=1625461990.6389229297637939453125" "WordPress/5.7.2; https://ajhydell.com"
162.55.216.145 - - [05/Jul/2021:01:13:10 -0400] "GET /category/uncategorized/ HTTP/1.1" 200 89471 "-" "Java/11.0.10"
162.55.216.145 - - [05/Jul/2021:01:13:11 -0400] "GET /2021/07/03/german-soldier-returns-to-his-wife-after-war-captivity-germany-1945/ HTTP/1.1" 200 62861 "-" "Java/11.0.10"
162.55.216.145 - - [05/Jul/2021:01:13:11 -0400] "GET /2021/07/02/election-pamphlet-from-us-1867/ HTTP/1.1" 200 62068 "-" "Java/11.0.10"
162.55.216.145 - - [05/Jul/2021:01:13:11 -0400] "GET /author/aj/ HTTP/1.1" 200 83684 "-" "Java/11.0.10"
162.55.216.145 - - [05/Jul/2021:01:13:11 -0400] "GET /2018/08/10/silhouette-of-the-titanic-at-queenstown-on-her-maiden-voyage-1912-900-x-695/ HTTP/1.1" 200 63366 "-" "Java/11.0.10"
162.55.216.145 - - [05/Jul/2021:01:13:11 -0400] "GET /2021/07/02/a-makeshift-hospital-in-the-vietnam-war-1970-1200x1606/ HTTP/1.1" 200 63003 "-" "Java/11.0.10"
162.55.216.145 - - [05/Jul/2021:01:13:12 -0400] "GET /2019/10/19/not-so-fast-bub-the-birmingham-news-nov-1951/ HTTP/1.1" 200 62519 "-" "Java/11.0.10"
162.55.216.145 - - [05/Jul/2021:01:13:12 -0400] "GET /2021/07/04/german-soldiers-preparing-to-defend-the-soviet-winter-offensive-1943/ HTTP/1.1" 200 62870 "-" "Java/11.0.10"
162.55.216.145 - - [05/Jul/2021:01:13:12 -0400] "GET /3619-2/ HTTP/1.1" 301 377 "-" "Java/11.0.10"
162.55.216.145 - - [05/Jul/2021:01:13:12 -0400] "GET /index.php HTTP/1.1" 301 861 "-" "Java/11.0.10"
162.55.216.145 - - [05/Jul/2021:01:13:13 -0400] "GET / HTTP/1.1" 200 98805 "-" "Java/11.0.10"
162.55.216.145 - - [05/Jul/2021:01:13:13 -0400] "GET /shop/ HTTP/1.1" 307 385 "-" "Java/11.0.10"
162.55.216.145 - - [05/Jul/2021:01:13:14 -0400] "GET / HTTP/1.1" 200 98805 "-" "Java/11.0.10"
162.55.216.145 - - [05/Jul/2021:01:13:14 -0400] "GET /2021/07/03/lustre-creme-shampoo-life-mag-nov-17-1968/ HTTP/1.1" 200 63070 "-" "Java/11.0.10"
162.55.216.145 - - [05/Jul/2021:01:13:14 -0400] "GET /2021/07/04/international-womens-day-we-congratulate-you-dear-women-soviet-union-1963/ HTTP/1.1" 200 63205 "-" "Java/11.0.10"
162.55.216.145 - - [05/Jul/2021:01:13:15 -0400] "GET /2021/07/03/1970-hi-c-drink-ad/ HTTP/1.1" 200 61742 "-" "Java/11.0.10"
162.55.216.145 - - [05/Jul/2021:01:13:15 -0400] "GET /page/2/ HTTP/1.1" 200 97808 "-" "Java/11.0.10"
162.55.216.145 - - [05/Jul/2021:01:13:15 -0400] "GET /2018/08/10/actress-bea-arthur-when-she-was-in-the-us-marine-corps-1943-400x515/ HTTP/1.1" 200 62983 "-" "Java/11.0.10"
162.55.216.145 - - [05/Jul/2021:01:13:15 -0400] "GET /2018/08/04/fidel-castro-laughing-at-a-newspaper-headline-while-visiting-new-york-in-1959-634x674-2/ HTTP/1.1" 200 65968 "-" "Java/11.0.10"
157.55.39.22 - - [05/Jul/2021:01:13:19 -0400] "GET /2019/08/05/boris-the-bear-1987/ HTTP/1.1" 200 18394 "-" "Mozilla/5.0 (compatible; bingbot/2.0; +http://www.bing.com/bingbot.htm)"
135.181.144.209 - - [05/Jul/2021:01:13:35 -0400] "GET /wp-content/uploads/2021/07/picture-1.jpg HTTP/1.1" 200 256163 "-" "Mozilla/5.0 (X11; Fedora; Linux x86_64) AppleWebKit/537.36 (KHTML, like Gecko) Chrome/79.0.3945.117 Safari/537.36"
135.181.144.209 - - [05/Jul/2021:01:13:38 -0400] "GET /wp-content/uploads/2021/07/picture-7.jpg HTTP/1.1" 200 89280 "-" "Mozilla/5.0 (X11; Fedora; Linux x86_64) AppleWebKit/537.36 (KHTML, like Gecko) Chrome/79.0.3945.117 Safari/537.36"
135.181.144.209 - - [05/Jul/2021:01:13:38 -0400] "GET /wp-content/uploads/2021/07/picture-20.jpg HTTP/1.1" 200 160167 "-" "Mozilla/5.0 (X11; Fedora; Linux x86_64) AppleWebKit/537.36 (KHTML, like Gecko) Chrome/79.0.3945.117 Safari/537.36"
135.181.144.209 - - [05/Jul/2021:01:13:39 -0400] "GET /wp-content/uploads/2021/07/picture-2.jpg HTTP/1.1" 200 457262 "-" "Mozilla/5.0 (X11; Fedora; Linux x86_64) AppleWebKit/537.36 (KHTML, like Gecko) Chrome/79.0.3945.117 Safari/537.36"
135.181.144.209 - - [05/Jul/2021:01:13:40 -0400] "GET /wp-content/uploads/2021/07/picture-4.jpg HTTP/1.1" 200 180317 "-" "Mozilla/5.0 (X11; Fedora; Linux x86_64) AppleWebKit/537.36 (KHTML, like Gecko) Chrome/79.0.3945.117 Safari/537.36"
135.181.144.209 - - [05/Jul/2021:01:13:43 -0400] "GET /wp-content/uploads/2021/07/picture-18.jpg HTTP/1.1" 200 153316 "-" "Mozilla/5.0 (X11; Fedora; Linux x86_64) AppleWebKit/537.36 (KHTML, like Gecko) Chrome/79.0.3945.117 Safari/537.36"
135.181.144.209 - - [05/Jul/2021:01:13:44 -0400] "GET /wp-content/uploads/2021/07/picture-6.jpg HTTP/1.1" 200 325767 "-" "Mozilla/5.0 (X11; Fedora; Linux x86_64) AppleWebKit/537.36 (KHTML, like Gecko) Chrome/79.0.3945.117 Safari/537.36"
135.181.144.209 - - [05/Jul/2021:01:13:45 -0400] "GET /wp-content/uploads/2021/07/picture-3.jpg HTTP/1.1" 200 93114 "-" "Mozilla/5.0 (X11; Fedora; Linux x86_64) AppleWebKit/537.36 (KHTML, like Gecko) Chrome/79.0.3945.117 Safari/537.36"
135.181.144.209 - - [05/Jul/2021:01:13:46 -0400] "GET /wp-content/uploads/2021/07/picture-19.jpg HTTP/1.1" 200 1041446 "-" "Mozilla/5.0 (X11; Fedora; Linux x86_64) AppleWebKit/537.36 (KHTML, like Gecko) Chrome/79.0.3945.117 Safari/537.36"
135.181.144.209 - - [05/Jul/2021:01:13:47 -0400] "GET /wp-content/uploads/2021/07/picture-5.jpg HTTP/1.1" 200 86231 "-" "Mozilla/5.0 (X11; Fedora; Linux x86_64) AppleWebKit/537.36 (KHTML, like Gecko) Chrome/79.0.3945.117 Safari/537.36"
204.48.19.85 - - [05/Jul/2021:01:16:56 -0400] "POST /wp-cron.php?doing_wp_cron=1625462216.5670859813690185546875 HTTP/1.1" 200 6295 "https://ajhydell.com/wp-cron.php?doing_wp_cron=1625462216.5670859813690185546875" "WordPress/5.7.2; https://ajhydell.com"
66.249.70.112 - - [05/Jul/2021:01:16:56 -0400] "GET /2018/09/28/colorized-photo-of-a-dead-german-soldier-finland-lappland-tornio-1944/ HTTP/1.1" 200 18984 "-" "Mozilla/5.0 (Linux; Android 6.0.1; Nexus 5X Build/MMB29P) AppleWebKit/537.36 (KHTML, like Gecko) Chrome/91.0.4472.90 Mobile Safari/537.36 (compatible; Googlebot/2.1; +http://www.google.com/bot.html)"
185.191.171.11 - - [05/Jul/2021:01:17:38 -0400] "GET /2019/04/29/ HTTP/1.1" 200 18263 "-" "Mozilla/5.0 (compatible; SemrushBot/7~bl; +http://www.semrush.com/bot.html)"
107.77.197.124 - - [05/Jul/2021:01:17:41 -0400] "GET /wp-content/uploads/2019/10/picture-77.jpg HTTP/1.1" 200 238108 "-" "Dalvik/2.1.0 (Linux; U; Android 10; SM-G970U1 Build/QP1A.190711.020)"
204.48.19.85 - - [05/Jul/2021:01:18:52 -0400] "POST /wp-cron.php?doing_wp_cron=1625462332.7428619861602783203125 HTTP/1.1" 200 6295 "https://ajhydell.com/wp-cron.php?doing_wp_cron=1625462332.7428619861602783203125" "WordPress/5.7.2; https://ajhydell.com"
66.249.70.114 - - [05/Jul/2021:01:18:52 -0400] "GET /2019/10/09/popeyes-fried-chicken-presidential-ballot-october-1980/ HTTP/1.1" 200 18879 "-" "Mozilla/5.0 (compatible; Googlebot/2.1; +http://www.google.com/bot.html)"
112.133.245.178 - - [05/Jul/2021:01:19:08 -0400] "POST /xmlrpc.php HTTP/1.1" 403 6139 "-" "Mozilla/5.0 (X11; Linux i686; rv:2.0.1) Gecko/20100101 Firefox/4.0.1"
112.133.245.178 - - [05/Jul/2021:01:19:12 -0400] "POST /wp-login.php HTTP/1.1" 200 14480 "-" "Mozilla/5.0 (X11; Linux i686; rv:2.0.1) Gecko/20100101 Firefox/4.0.1"
157.55.39.22 - - [05/Jul/2021:01:19:19 -0400] "GET /2020/05/07/religion-is-darkness-ussr-1963/ HTTP/1.1" 200 18400 "-" "Mozilla/5.0 (compatible; bingbot/2.0; +http://www.bing.com/bingbot.htm)"
66.249.70.114 - - [05/Jul/2021:01:19:19 -0400] "GET /2019/10/09/popeyes-fried-chicken-presidential-ballot-october-1980/feed/ HTTP/1.1" 200 7181 "-" "Mozilla/5.0 (Linux; Android 6.0.1; Nexus 5X Build/MMB29P) AppleWebKit/537.36 (KHTML, like Gecko) Chrome/91.0.4472.90 Mobile Safari/537.36 (compatible; Googlebot/2.1; +http://www.google.com/bot.html)"
207.46.13.80 - - [05/Jul/2021:01:19:45 -0400] "GET /wp-content/uploads/2020/10/picture-57-2048x1293.jpg HTTP/1.1" 200 371101 "-" "Mozilla/5.0 (compatible; bingbot/2.0; +http://www.bing.com/bingbot.htm)"
204.48.19.85 - - [05/Jul/2021:01:22:06 -0400] "POST /wp-cron.php?doing_wp_cron=1625462526.7460889816284179687500 HTTP/1.1" 200 6295 "https://ajhydell.com/wp-cron.php?doing_wp_cron=1625462526.7460889816284179687500" "WordPress/5.7.2; https://ajhydell.com"
93.125.75.17 - - [05/Jul/2021:01:22:06 -0400] "GET /wp-login.php HTTP/1.1" 200 8605 "-" "Mozilla/5.0 (X11; Ubuntu; Linux x86_64; rv:62.0) Gecko/20100101 Firefox/62.0"
93.125.75.17 - - [05/Jul/2021:01:22:07 -0400] "POST /wp-login.php HTTP/1.1" 200 8695 "-" "Mozilla/5.0 (X11; Ubuntu; Linux x86_64; rv:62.0) Gecko/20100101 Firefox/62.0"
93.125.75.17 - - [05/Jul/2021:01:22:08 -0400] "POST /xmlrpc.php HTTP/1.1" 200 5852 "-" "Mozilla/5.0 (X11; Ubuntu; Linux x86_64; rv:62.0) Gecko/20100101 Firefox/62.0"
106.75.236.253 - - [05/Jul/2021:01:23:41 -0400] "GET /wp-content/uploads/2018/08/logo.jpg HTTP/1.1" 200 127082 "-" "Mozilla/5.0 (Macintosh; Intel Mac OS X 10_12_6) AppleWebKit/537.36 (KHTML, like Gecko) Chrome/59.0.3071.115 Safari/537.36"
204.48.19.85 - - [05/Jul/2021:01:25:54 -0400] "POST /wp-cron.php?doing_wp_cron=1625462754.5560479164123535156250 HTTP/1.1" 200 6295 "https://ajhydell.com/wp-cron.php?doing_wp_cron=1625462754.5560479164123535156250" "WordPress/5.7.2; https://ajhydell.com"
207.46.13.96 - - [05/Jul/2021:01:25:54 -0400] "GET /2019/05/23/adolf-hitler-in-an-advertising-poster-of-his-book-mein-kampf-on-the-street-of-a-german-city-1925/ HTTP/1.1" 200 18536 "-" "Mozilla/5.0 (compatible; bingbot/2.0; +http://www.bing.com/bingbot.htm)"
204.48.19.85 - - [05/Jul/2021:01:27:35 -0400] "POST /wp-cron.php?doing_wp_cron=1625462855.9497790336608886718750 HTTP/1.1" 200 6295 "https://ajhydell.com/wp-cron.php?doing_wp_cron=1625462855.9497790336608886718750" "WordPress/5.7.2; https://ajhydell.com"
13.66.139.0 - - [05/Jul/2021:01:27:35 -0400] "GET /2019/07/24/combat-on-okinawa/ HTTP/1.1" 200 18540 "-" "Mozilla/5.0 (compatible; bingbot/2.0; +http://www.bing.com/bingbot.htm)"
204.48.19.85 - - [05/Jul/2021:01:28:19 -0400] "POST /wp-cron.php?doing_wp_cron=1625462899.3187859058380126953125 HTTP/1.1" 200 6295 "https://ajhydell.com/wp-cron.php?doing_wp_cron=1625462899.3187859058380126953125" "WordPress/5.7.2; https://ajhydell.com"
112.133.245.178 - - [05/Jul/2021:01:28:19 -0400] "POST /xmlrpc.php HTTP/1.1" 403 6139 "-" "Mozilla/5.0 (X11; Linux i686; rv:2.0.1) Gecko/20100101 Firefox/4.0.1"
112.133.245.178 - - [05/Jul/2021:01:28:23 -0400] "POST /wp-login.php HTTP/1.1" 200 14480 "-" "Mozilla/5.0 (X11; Linux i686; rv:2.0.1) Gecko/20100101 Firefox/4.0.1"
204.48.19.85 - - [05/Jul/2021:01:28:56 -0400] "POST /wp-cron.php?doing_wp_cron=1625462936.0370070934295654296875 HTTP/1.1" 200 6295 "https://ajhydell.com/wp-cron.php?doing_wp_cron=1625462936.0370070934295654296875" "WordPress/5.7.2; https://ajhydell.com"
185.191.171.6 - - [05/Jul/2021:01:28:55 -0400] "GET /robots.txt HTTP/1.1" 200 6480 "-" "Mozilla/5.0 (compatible; SemrushBot/7~bl; +http://www.semrush.com/bot.html)"
185.191.171.24 - - [05/Jul/2021:01:28:56 -0400] "GET /2020/11/20/1960-mercury-advertising/ HTTP/1.1" 200 18778 "-" "Mozilla/5.0 (compatible; SemrushBot/7~bl; +http://www.semrush.com/bot.html)"
157.55.39.57 - - [05/Jul/2021:01:29:19 -0400] "GET /2021/07/01/a-german-messenger-killed-on-his-sdkfz-2-kettenkrad-somewhere-on-the-eastern-front-date-unkown HTTP/1.1" 301 6087 "-" "Mozilla/5.0 (compatible; bingbot/2.0; +http://www.bing.com/bingbot.htm)"
157.55.39.57 - - [05/Jul/2021:01:29:20 -0400] "GET /2021/07/01/a-german-messenger-killed-on-his-sdkfz-2-kettenkrad-somewhere-on-the-eastern-front-date-unkown/ HTTP/1.1" 200 18644 "-" "Mozilla/5.0 (compatible; bingbot/2.0; +http://www.bing.com/bingbot.htm)"
185.191.171.5 - - [05/Jul/2021:01:29:41 -0400] "GET /2021/04/08/irish-suffragette-poster-1910s/ HTTP/1.1" 200 18917 "-" "Mozilla/5.0 (compatible; SemrushBot/7~bl; +http://www.semrush.com/bot.html)"
54.236.1.11 - - [05/Jul/2021:01:30:01 -0400] "GET / HTTP/1.1" 301 565 "-" "Mozilla/5.0 (compatible; Pinterestbot/1.0; +http://www.pinterest.com/bot.html)"
204.48.19.85 - - [05/Jul/2021:01:30:01 -0400] "POST /wp-cron.php?doing_wp_cron=1625463001.9720311164855957031250 HTTP/1.1" 200 6295 "https://ajhydell.com/wp-cron.php?doing_wp_cron=1625463001.9720311164855957031250" "WordPress/5.7.2; https://ajhydell.com"
54.236.1.11 - - [05/Jul/2021:01:30:01 -0400] "GET / HTTP/1.1" 200 20044 "-" "Mozilla/5.0 (compatible; Pinterestbot/1.0; +http://www.pinterest.com/bot.html)"
54.236.1.13 - - [05/Jul/2021:01:30:01 -0400] "GET /2019/08/20/hungarian-anti-war-poster-from-1912-2-years-before-ww1-austro-hungarian-empire/ HTTP/1.1" 200 18388 "-" "Mozilla/5.0 (compatible; Pinterestbot/1.0; +http://www.pinterest.com/bot.html)"
54.36.148.117 - - [05/Jul/2021:01:30:28 -0400] "GET /2020/08/15/opening-ceremony-of-national-art-museum-of-azerbaijan-baku-1937/ HTTP/1.1" 200 18961 "-" "Mozilla/5.0 (compatible; AhrefsBot/7.0; +http://ahrefs.com/robot/)"
207.46.13.80 - - [05/Jul/2021:01:31:17 -0400] "GET /wp-content/uploads/2020/11/picture-141-865x1024.jpg HTTP/1.1" 200 1266423 "-" "Mozilla/5.0 (compatible; bingbot/2.0; +http://www.bing.com/bingbot.htm)"
204.48.19.85 - - [05/Jul/2021:01:32:20 -0400] "POST /wp-cron.php?doing_wp_cron=1625463140.9722430706024169921875 HTTP/1.1" 200 6295 "https://ajhydell.com/wp-cron.php?doing_wp_cron=1625463140.9722430706024169921875" "WordPress/5.7.2; https://ajhydell.com"
157.55.39.57 - - [05/Jul/2021:01:32:20 -0400] "GET /2019/09/30/the-autobahn-put-to-good-use-1945/ HTTP/1.1" 200 18442 "-" "Mozilla/5.0 (compatible; bingbot/2.0; +http://www.bing.com/bingbot.htm)"
185.191.171.12 - - [05/Jul/2021:01:32:28 -0400] "GET /2018/09/30/two-women-on-their-motorcycles-in-great-britain-pause-for-a-smoke-1930s-613x494/ HTTP/1.1" 200 18950 "-" "Mozilla/5.0 (compatible; SemrushBot/7~bl; +http://www.semrush.com/bot.html)"
204.48.19.85 - - [05/Jul/2021:01:33:31 -0400] "POST /wp-cron.php?doing_wp_cron=1625463211.9108629226684570312500 HTTP/1.1" 200 6295 "https://ajhydell.com/wp-cron.php?doing_wp_cron=1625463211.9108629226684570312500" "WordPress/5.7.2; https://ajhydell.com"
213.180.203.138 - - [05/Jul/2021:01:33:31 -0400] "GET /robots.txt HTTP/1.1" 200 6535 "-" "Mozilla/5.0 (compatible; YandexBot/3.0; +http://yandex.com/bots)"
213.180.203.138 - - [05/Jul/2021:01:33:35 -0400] "GET /wp-content/uploads/2020/01/picture-51.jpg HTTP/1.1" 304 277 "-" "Mozilla/5.0 (compatible; YandexImages/3.0; +http://yandex.com/bots)"
54.36.148.117 - - [05/Jul/2021:01:33:35 -0400] "GET /2020/08/14/whoever-believes-in-god-will-come-under-the-banner-of-the-white-eagle-and-the-pahonia-to-defend-our-lady-of-the-gate-of-dawn-polish-poster-made-during-the-polish-soviet-war-1920/ HTTP/1.1" 200 19241 "-" "Mozilla/5.0 (compatible; AhrefsBot/7.0; +http://ahrefs.com/robot/)"
204.48.19.85 - - [05/Jul/2021:01:34:03 -0400] "POST /wp-cron.php?doing_wp_cron=1625463243.7596189975738525390625 HTTP/1.1" 200 6295 "https://ajhydell.com/wp-cron.php?doing_wp_cron=1625463243.7596189975738525390625" "WordPress/5.7.2; https://ajhydell.com"
207.46.13.22 - - [05/Jul/2021:01:34:03 -0400] "GET / HTTP/1.1" 200 20239 "-" "Mozilla/5.0 (compatible; bingbot/2.0; +http://www.bing.com/bingbot.htm)"
204.48.19.85 - - [05/Jul/2021:01:35:25 -0400] "POST /wp-cron.php?doing_wp_cron=1625463325.6662540435791015625000 HTTP/1.1" 200 6295 "https://ajhydell.com/wp-cron.php?doing_wp_cron=1625463325.6662540435791015625000" "WordPress/5.7.2; https://ajhydell.com"
185.191.171.12 - - [05/Jul/2021:01:35:25 -0400] "GET /2020/12/28/world-war-ii-russian-soldier-playing-violin-for-his-fellow-soldiers-in-a-ruined-building/ HTTP/1.1" 200 18845 "-" "Mozilla/5.0 (compatible; SemrushBot/7~bl; +http://www.semrush.com/bot.html)"
17.121.115.187 - - [05/Jul/2021:01:35:37 -0400] "GET /2018/12/ HTTP/1.1" 200 19133 "-" "Mozilla/5.0 (Macintosh; Intel Mac OS X 10_15_5) AppleWebKit/605.1.15 (KHTML, like Gecko) Version/13.1.1 Safari/605.1.15 (Applebot/0.1; +http://www.apple.com/go/applebot)"
207.46.13.80 - - [05/Jul/2021:01:36:27 -0400] "GET /wp-content/uploads/2020/03/picture-25.jpg HTTP/1.1" 200 274363 "-" "Mozilla/5.0 (compatible; bingbot/2.0; +http://www.bing.com/bingbot.htm)"
204.48.19.85 - - [05/Jul/2021:01:36:52 -0400] "POST /wp-cron.php?doing_wp_cron=1625463412.4034419059753417968750 HTTP/1.1" 200 6295 "https://ajhydell.com/wp-cron.php?doing_wp_cron=1625463412.4034419059753417968750" "WordPress/5.7.2; https://ajhydell.com"
54.36.148.117 - - [05/Jul/2021:01:36:52 -0400] "GET /2020/10/20/a-japanese-soldier-practices-guiding-a-kaiten-suicide-torpedo-1945/ HTTP/1.1" 200 18840 "-" "Mozilla/5.0 (compatible; AhrefsBot/7.0; +http://ahrefs.com/robot/)"
207.46.13.80 - - [05/Jul/2021:01:37:48 -0400] "GET /wp-content/uploads/2019/01/picture-77.jpg HTTP/1.1" 200 60890 "-" "Mozilla/5.0 (compatible; bingbot/2.0; +http://www.bing.com/bingbot.htm)"
204.48.19.85 - - [05/Jul/2021:01:39:00 -0400] "POST /wp-cron.php?doing_wp_cron=1625463540.4156439304351806640625 HTTP/1.1" 200 6295 "https://ajhydell.com/wp-cron.php?doing_wp_cron=1625463540.4156439304351806640625" "WordPress/5.7.2; https://ajhydell.com"
66.249.70.112 - - [05/Jul/2021:01:39:00 -0400] "GET /post-sitemap3.xml HTTP/1.1" 200 17186 "-" "Mozilla/5.0 (compatible; Googlebot/2.1; +http://www.google.com/bot.html)"
103.224.80.3 - - [05/Jul/2021:01:39:17 -0400] "GET /wp-login.php HTTP/1.1" 200 8605 "-" "Mozilla/5.0 (X11; Ubuntu; Linux x86_64; rv:62.0) Gecko/20100101 Firefox/62.0"
103.224.80.3 - - [05/Jul/2021:01:39:18 -0400] "POST /wp-login.php HTTP/1.1" 200 8696 "-" "Mozilla/5.0 (X11; Ubuntu; Linux x86_64; rv:62.0) Gecko/20100101 Firefox/62.0"
103.224.80.3 - - [05/Jul/2021:01:39:19 -0400] "POST /xmlrpc.php HTTP/1.1" 200 5852 "-" "Mozilla/5.0 (X11; Ubuntu; Linux x86_64; rv:62.0) Gecko/20100101 Firefox/62.0"
204.48.19.85 - - [05/Jul/2021:01:39:57 -0400] "POST /wp-cron.php?doing_wp_cron=1625463597.8724689483642578125000 HTTP/1.1" 200 6295 "https://ajhydell.com/wp-cron.php?doing_wp_cron=1625463597.8724689483642578125000" "WordPress/5.7.2; https://ajhydell.com"
54.36.148.117 - - [05/Jul/2021:01:39:57 -0400] "GET /2019/11/23/ HTTP/1.1" 200 18523 "-" "Mozilla/5.0 (compatible; AhrefsBot/7.0; +http://ahrefs.com/robot/)"
157.55.39.57 - - [05/Jul/2021:01:40:29 -0400] "GET /2021/03/09/moscow-samba-march-1-1953-new-york-times-guatemala-was-accused-of-having-communist-ties-because-of-seizing-unused-land-of-ufcunited-fruit-company/ HTTP/1.1" 200 18687 "-" "Mozilla/5.0 (compatible; bingbot/2.0; +http://www.bing.com/bingbot.htm)"
204.48.19.85 - - [05/Jul/2021:01:42:59 -0400] "POST /wp-cron.php?doing_wp_cron=1625463779.3996469974517822265625 HTTP/1.1" 200 6295 "https://ajhydell.com/wp-cron.php?doing_wp_cron=1625463779.3996469974517822265625" "WordPress/5.7.2; https://ajhydell.com"
66.249.70.112 - - [05/Jul/2021:01:42:59 -0400] "GET /page/82/ HTTP/1.1" 200 20729 "-" "Mozilla/5.0 (Linux; Android 6.0.1; Nexus 5X Build/MMB29P) AppleWebKit/537.36 (KHTML, like Gecko) Chrome/91.0.4472.90 Mobile Safari/537.36 (compatible; Googlebot/2.1; +http://www.google.com/bot.html)"
54.36.148.117 - - [05/Jul/2021:01:43:10 -0400] "GET /2019/09/08/introducing-the-worlds-first-cologne-exclusively-for-gay-men-by-mail-1978/ HTTP/1.1" 200 18990 "-" "Mozilla/5.0 (compatible; AhrefsBot/7.0; +http://ahrefs.com/robot/)"
204.48.19.85 - - [05/Jul/2021:01:44:27 -0400] "POST /wp-cron.php?doing_wp_cron=1625463867.9916989803314208984375 HTTP/1.1" 200 6295 "https://ajhydell.com/wp-cron.php?doing_wp_cron=1625463867.9916989803314208984375" "WordPress/5.7.2; https://ajhydell.com"
185.191.171.43 - - [05/Jul/2021:01:44:27 -0400] "GET /2020/09/30/boeing-b17-flying-fortress-is-falling-down/ HTTP/1.1" 200 18914 "-" "Mozilla/5.0 (compatible; SemrushBot/7~bl; +http://www.semrush.com/bot.html)"
204.48.19.85 - - [05/Jul/2021:01:46:15 -0400] "POST /wp-cron.php?doing_wp_cron=1625463975.5841679573059082031250 HTTP/1.1" 200 6295 "https://ajhydell.com/wp-cron.php?doing_wp_cron=1625463975.5841679573059082031250" "WordPress/5.7.2; https://ajhydell.com"
54.36.148.117 - - [05/Jul/2021:01:46:15 -0400] "GET /2020/07/28/a-young-boy-greets-his-father-a-soldier-allowed-to-return-home-for-christmas-1944/ HTTP/1.1" 200 19070 "-" "Mozilla/5.0 (compatible; AhrefsBot/7.0; +http://ahrefs.com/robot/)"
207.46.13.22 - - [05/Jul/2021:01:46:31 -0400] "GET /2021/04/27/chairman-mao-is-the-great-liberator-of-the-worlds-revolutionary-people-china-1968-the-poster-references-china-exporting-maoism-to-african-nations/ HTTP/1.1" 404 64146 "-" "Mozilla/5.0 (compatible; bingbot/2.0; +http://www.bing.com/bingbot.htm)"
204.48.19.85 - - [05/Jul/2021:01:46:57 -0400] "POST /wp-cron.php?doing_wp_cron=1625464017.8375849723815917968750 HTTP/1.1" 200 6295 "https://ajhydell.com/wp-cron.php?doing_wp_cron=1625464017.8375849723815917968750" "WordPress/5.7.2; https://ajhydell.com"
62.210.215.117 - - [05/Jul/2021:01:46:57 -0400] "GET /feed/ HTTP/1.1" 200 8871 "-" "Mozilla/5.0 (X11; Linux i686) AppleWebKit/537.36 (KHTML, like Gecko) Chrome/30.0.1599.66 Safari/537.36"
204.48.19.85 - - [05/Jul/2021:01:49:22 -0400] "POST /wp-cron.php?doing_wp_cron=1625464162.3944840431213378906250 HTTP/1.1" 200 6295 "https://ajhydell.com/wp-cron.php?doing_wp_cron=1625464162.3944840431213378906250" "WordPress/5.7.2; https://ajhydell.com"
54.36.148.117 - - [05/Jul/2021:01:49:22 -0400] "GET /2020/04/11/the-world-enters-the-nuclear-age-trinity-test-fireball-0-044-seconds-after-detonation-july-16-1945-2988x2150colourized/ HTTP/1.1" 200 18996 "-" "Mozilla/5.0 (compatible; AhrefsBot/7.0; +http://ahrefs.com/robot/)"
157.55.39.134 - - [05/Jul/2021:01:49:38 -0400] "GET /wp-content/uploads/2018/11/picture-73.jpg HTTP/1.1" 200 243054 "-" "Mozilla/5.0 (compatible; bingbot/2.0; +http://www.bing.com/bingbot.htm)"
204.48.19.85 - - [05/Jul/2021:01:50:56 -0400] "POST /wp-cron.php?doing_wp_cron=1625464256.4147539138793945312500 HTTP/1.1" 200 6295 "https://ajhydell.com/wp-cron.php?doing_wp_cron=1625464256.4147539138793945312500" "WordPress/5.7.2; https://ajhydell.com"
45.146.164.110 - - [05/Jul/2021:01:50:56 -0400] "GET / HTTP/1.1" 301 6286 "-" "Mozilla/5.0 (Windows NT 10.0; Win64; x64) AppleWebKit/537.36 (KHTML, like Gecko) Chrome/78.0.3904.108 Safari/537.36"
45.146.164.110 - - [05/Jul/2021:01:50:57 -0400] "POST /api/jsonws/invoke HTTP/1.1" 404 64637 "-" "Mozilla/5.0 (Windows NT 10.0; Win64; x64) AppleWebKit/537.36 (KHTML, like Gecko) Chrome/78.0.3904.108 Safari/537.36"
45.146.164.110 - - [05/Jul/2021:01:51:00 -0400] "GET /vendor/phpunit/phpunit/src/Util/PHP/eval-stdin.php HTTP/1.1" 301 6363 "-" "Mozilla/5.0 (Windows NT 10.0; Win64; x64) AppleWebKit/537.36 (KHTML, like Gecko) Chrome/78.0.3904.108 Safari/537.36"
45.146.164.110 - - [05/Jul/2021:01:51:02 -0400] "POST /vendor/phpunit/phpunit/src/Util/PHP/eval-stdin.php HTTP/1.1" 404 64637 "-" "Mozilla/5.0 (Windows NT 10.0; Win64; x64) AppleWebKit/537.36 (KHTML, like Gecko) Chrome/78.0.3904.108 Safari/537.36"
185.191.171.4 - - [05/Jul/2021:01:51:05 -0400] "GET /2018/08/10/ballerinas-in-the-cafeteria-at-the-bolshoi-ballet-moscow-russia-1961-480x598/ HTTP/1.1" 200 18774 "-" "Mozilla/5.0 (compatible; SemrushBot/7~bl; +http://www.semrush.com/bot.html)"
45.146.164.110 - - [05/Jul/2021:01:51:06 -0400] "GET /index.php?s=/Index/\\think\\app/invokefunction&function=call_user_func_array&vars[0]=md5&vars[1][]=HelloThinkPHP21 HTTP/1.1" 200 17550 "-" "Mozilla/5.0 (Windows NT 10.0; Win64; x64) AppleWebKit/537.36 (KHTML, like Gecko) Chrome/78.0.3904.108 Safari/537.36"
45.146.164.110 - - [05/Jul/2021:01:51:06 -0400] "GET /?XDEBUG_SESSION_START=phpstorm HTTP/1.1" 301 6316 "-" "Mozilla/5.0 (Windows NT 10.0; Win64; x64) AppleWebKit/537.36 (KHTML, like Gecko) Chrome/78.0.3904.108 Safari/537.36"
45.146.164.110 - - [05/Jul/2021:01:51:08 -0400] "GET /wp-content/plugins/wp-file-manager/readme.txt HTTP/1.1" 301 6358 "-" "Mozilla/5.0 (Windows NT 10.0; Win64; x64) AppleWebKit/537.36 (KHTML, like Gecko) Chrome/78.0.3904.108 Safari/537.36"
45.146.164.110 - - [05/Jul/2021:01:51:08 -0400] "POST /mifs/.;/services/LogService HTTP/1.1" 404 64637 "https://204.48.19.85:443" "Mozilla/5.0 (Windows NT 10.0; Win64; x64) AppleWebKit/537.36 (KHTML, like Gecko) Chrome/78.0.3904.108 Safari/537.36"
45.146.164.110 - - [05/Jul/2021:01:51:09 -0400] "POST /Autodiscover/Autodiscover.xml HTTP/1.1" 404 64637 "-" "Mozilla/5.0 (Windows NT 10.0; Win64; x64) AppleWebKit/537.36 (KHTML, like Gecko) Chrome/78.0.3904.108 Safari/537.36"
45.146.164.110 - - [05/Jul/2021:01:51:12 -0400] "GET /console/ HTTP/1.1" 301 6321 "-" "Mozilla/5.0 (Windows NT 10.0; Win64; x64) AppleWebKit/537.36 (KHTML, like Gecko) Chrome/78.0.3904.108 Safari/537.36"
45.146.164.110 - - [05/Jul/2021:01:51:13 -0400] "GET /_ignition/execute-solution HTTP/1.1" 301 6339 "-" "Mozilla/5.0 (Windows NT 10.0; Win64; x64) AppleWebKit/537.36 (KHTML, like Gecko) Chrome/78.0.3904.108 Safari/537.36"
45.146.164.110 - - [05/Jul/2021:01:51:14 -0400] "GET /vendor/phpunit/phpunit/src/Util/PHP/eval-stdin.php HTTP/1.1" 404 64637 "https://204.48.19.85:443/vendor/phpunit/phpunit/src/Util/PHP/eval-stdin.php" "Mozilla/5.0 (Windows NT 10.0; Win64; x64) AppleWebKit/537.36 (KHTML, like Gecko) Chrome/78.0.3904.108 Safari/537.36"
45.146.164.110 - - [05/Jul/2021:01:51:14 -0400] "GET / HTTP/1.1" 200 20638 "https://204.48.19.85:443/" "Mozilla/5.0 (Windows NT 10.0; Win64; x64) AppleWebKit/537.36 (KHTML, like Gecko) Chrome/78.0.3904.108 Safari/537.36"
17.121.113.145 - - [05/Jul/2021:01:51:23 -0400] "GET /2019/12/27/sugar-can-be-the-willpower-you-need-to-under-eat-1971/ HTTP/1.1" 200 18159 "-" "Mozilla/5.0 (Macintosh; Intel Mac OS X 10_15_5) AppleWebKit/605.1.15 (KHTML, like Gecko) Version/13.1.1 Safari/605.1.15 (Applebot/0.1; +http://www.apple.com/go/applebot)"
204.48.19.85 - - [05/Jul/2021:01:52:04 -0400] "POST /wp-cron.php?doing_wp_cron=1625464324.0303089618682861328125 HTTP/1.1" 200 6295 "https://ajhydell.com/wp-cron.php?doing_wp_cron=1625464324.0303089618682861328125" "WordPress/5.7.2; https://ajhydell.com"
23.100.232.233 - - [05/Jul/2021:01:52:03 -0400] "GET /2019/11/28/thanksgiving-ad-for-lucky-strike-cigarettes-1950/ HTTP/1.1" 200 17909 "-" "Mozilla/5.0 (compatible; MSIE 9.0; Windows NT 6.0; Trident/5.0;  Trident/5.0)"
23.100.232.233 - - [05/Jul/2021:01:52:05 -0400] "GET /wp-content/plugins/add-expires-headers/cache/0/com/processed-header-f16a8d323e83e1bc1b76514e283fb81b7090a959.min.css HTTP/1.1" 200 52893 "https://ajhydell.com/2019/11/28/thanksgiving-ad-for-lucky-strike-cigarettes-1950/" "Mozilla/5.0 (compatible; MSIE 9.0; Windows NT 6.0; Trident/5.0;  Trident/5.0)"
23.100.232.233 - - [05/Jul/2021:01:52:05 -0400] "GET /wp-includes/js/jquery/jquery.min.js?ver=3.5.1 HTTP/1.1" 200 31550 "https://ajhydell.com/2019/11/28/thanksgiving-ad-for-lucky-strike-cigarettes-1950/" "Mozilla/5.0 (compatible; MSIE 9.0; Windows NT 6.0; Trident/5.0;  Trident/5.0)"
23.100.232.233 - - [05/Jul/2021:01:52:05 -0400] "GET /wp-content/plugins/google-analytics-for-wordpress/assets/js/frontend-gtag.min.js?ver=7.17.0 HTTP/1.1" 200 3476 "https://ajhydell.com/2019/11/28/thanksgiving-ad-for-lucky-strike-cigarettes-1950/" "Mozilla/5.0 (compatible; MSIE 9.0; Windows NT 6.0; Trident/5.0;  Trident/5.0)"
23.100.232.233 - - [05/Jul/2021:01:52:05 -0400] "GET /wp-includes/js/jquery/jquery-migrate.min.js?ver=3.3.2 HTTP/1.1" 200 4687 "https://ajhydell.com/2019/11/28/thanksgiving-ad-for-lucky-strike-cigarettes-1950/" "Mozilla/5.0 (compatible; MSIE 9.0; Windows NT 6.0; Trident/5.0;  Trident/5.0)"
23.100.232.233 - - [05/Jul/2021:01:52:06 -0400] "GET /wp-includes/js/wp-emoji-release.min.js?ver=5.7.2 HTTP/1.1" 200 5183 "https://ajhydell.com/2019/11/28/thanksgiving-ad-for-lucky-strike-cigarettes-1950/" "Mozilla/5.0 (compatible; MSIE 9.0; Windows NT 6.0; Trident/5.0;  Trident/5.0)"
23.100.232.233 - - [05/Jul/2021:01:52:06 -0400] "GET /wp-content/plugins/wp-smushit/app/assets/js/smush-lazy-load.min.js?ver=3.8.7 HTTP/1.1" 200 4207 "https://ajhydell.com/2019/11/28/thanksgiving-ad-for-lucky-strike-cigarettes-1950/" "Mozilla/5.0 (compatible; MSIE 9.0; Windows NT 6.0; Trident/5.0;  Trident/5.0)"
23.100.232.233 - - [05/Jul/2021:01:52:06 -0400] "GET /wp-content/themes/royal-magazine/js/navigation.js?ver=20151215 HTTP/1.1" 200 1349 "https://ajhydell.com/2019/11/28/thanksgiving-ad-for-lucky-strike-cigarettes-1950/" "Mozilla/5.0 (compatible; MSIE 9.0; Windows NT 6.0; Trident/5.0;  Trident/5.0)"
23.100.232.233 - - [05/Jul/2021:01:52:06 -0400] "GET /wp-content/themes/royal-magazine/js/skip-link-focus-fix.js?ver=20151215 HTTP/1.1" 200 933 "https://ajhydell.com/2019/11/28/thanksgiving-ad-for-lucky-strike-cigarettes-1950/" "Mozilla/5.0 (compatible; MSIE 9.0; Windows NT 6.0; Trident/5.0;  Trident/5.0)"
23.100.232.233 - - [05/Jul/2021:01:52:06 -0400] "GET /wp-content/themes/royal-magazine/assets/libraries/bootstrap/js/bootstrap.min.js?ver=5.7.2 HTTP/1.1" 200 10404 "https://ajhydell.com/2019/11/28/thanksgiving-ad-for-lucky-strike-cigarettes-1950/" "Mozilla/5.0 (compatible; MSIE 9.0; Windows NT 6.0; Trident/5.0;  Trident/5.0)"
23.100.232.233 - - [05/Jul/2021:01:52:06 -0400] "GET /wp-content/themes/royal-magazine/assets/libraries/marquee/jquery.marquee.js?ver=5.7.2 HTTP/1.1" 200 5103 "https://ajhydell.com/2019/11/28/thanksgiving-ad-for-lucky-strike-cigarettes-1950/" "Mozilla/5.0 (compatible; MSIE 9.0; Windows NT 6.0; Trident/5.0;  Trident/5.0)"
23.100.232.233 - - [05/Jul/2021:01:52:06 -0400] "GET /wp-content/themes/royal-magazine/assets/twp/js/custom-script.js?ver=5.7.2 HTTP/1.1" 200 3023 "https://ajhydell.com/2019/11/28/thanksgiving-ad-for-lucky-strike-cigarettes-1950/" "Mozilla/5.0 (compatible; MSIE 9.0; Windows NT 6.0; Trident/5.0;  Trident/5.0)"
23.100.232.233 - - [05/Jul/2021:01:52:06 -0400] "GET /wp-content/themes/royal-magazine/assets/libraries/magnific-popup/jquery.magnific-popup.min.js?ver=5.7.2 HTTP/1.1" 200 7871 "https://ajhydell.com/2019/11/28/thanksgiving-ad-for-lucky-strike-cigarettes-1950/" "Mozilla/5.0 (compatible; MSIE 9.0; Windows NT 6.0; Trident/5.0;  Trident/5.0)"
23.100.232.233 - - [05/Jul/2021:01:52:07 -0400] "GET /wp-content/plugins/facebook-pagelike-widget/fb.js?ver=1.0 HTTP/1.1" 200 821 "https://ajhydell.com/2019/11/28/thanksgiving-ad-for-lucky-strike-cigarettes-1950/" "Mozilla/5.0 (compatible; MSIE 9.0; Windows NT 6.0; Trident/5.0;  Trident/5.0)"
23.100.232.233 - - [05/Jul/2021:01:52:07 -0400] "GET /wp-content/themes/royal-magazine/assets/libraries/slick/js/slick.min.js?ver=5.7.2 HTTP/1.1" 200 10740 "https://ajhydell.com/2019/11/28/thanksgiving-ad-for-lucky-strike-cigarettes-1950/" "Mozilla/5.0 (compatible; MSIE 9.0; Windows NT 6.0; Trident/5.0;  Trident/5.0)"
23.100.232.233 - - [05/Jul/2021:01:52:07 -0400] "GET /wp-includes/js/wp-embed.min.js?ver=5.7.2 HTTP/1.1" 200 1221 "https://ajhydell.com/2019/11/28/thanksgiving-ad-for-lucky-strike-cigarettes-1950/" "Mozilla/5.0 (compatible; MSIE 9.0; Windows NT 6.0; Trident/5.0;  Trident/5.0)"
23.100.232.233 - - [05/Jul/2021:01:52:07 -0400] "GET /wp-content/themes/royal-magazine/assets/libraries/theiaStickySidebar/theia-sticky-sidebar.min.js?ver=5.7.2 HTTP/1.1" 200 2271 "https://ajhydell.com/2019/11/28/thanksgiving-ad-for-lucky-strike-cigarettes-1950/" "Mozilla/5.0 (compatible; MSIE 9.0; Windows NT 6.0; Trident/5.0;  Trident/5.0)"
54.36.148.117 - - [05/Jul/2021:01:52:28 -0400] "GET /2020/07/22/everytime-you-twist-a-nut-think-of-hitler-from-the-war-production-board-series-1942-1943/ HTTP/1.1" 200 19164 "-" "Mozilla/5.0 (compatible; AhrefsBot/7.0; +http://ahrefs.com/robot/)"
77.75.78.168 - - [05/Jul/2021:01:52:37 -0400] "GET /robots.txt HTTP/1.1" 200 6517 "-" "Mozilla/5.0 (compatible; SeznamBot/3.2; +http://napoveda.seznam.cz/en/seznambot-intro/)"
185.191.171.9 - - [05/Jul/2021:01:52:38 -0400] "GET /2021/05/12/painting-of-the-battle-of-tientsin-14-july-1900/ HTTP/1.1" 200 18897 "-" "Mozilla/5.0 (compatible; SemrushBot/7~bl; +http://www.semrush.com/bot.html)"
77.75.78.168 - - [05/Jul/2021:01:52:38 -0400] "GET /wp-content/uploads/2021/06/picture-89-scaled.jpg HTTP/1.1" 200 284459 "-" "Mozilla/5.0 (compatible; SeznamBot/3.2; +http://napoveda.seznam.cz/en/seznambot-intro/)"
204.48.19.85 - - [05/Jul/2021:01:53:34 -0400] "POST /wp-cron.php?doing_wp_cron=1625464414.6052300930023193359375 HTTP/1.1" 200 6295 "https://ajhydell.com/wp-cron.php?doing_wp_cron=1625464414.6052300930023193359375" "WordPress/5.7.2; https://ajhydell.com"
185.191.171.2 - - [05/Jul/2021:01:53:34 -0400] "GET /2020/05/16/turkish-soldiers-return-home-after-korean-war-1950s-of-istanbul-1950x2394/ HTTP/1.1" 200 18883 "-" "Mozilla/5.0 (compatible; SemrushBot/7~bl; +http://www.semrush.com/bot.html)"
5.255.253.148 - - [05/Jul/2021:01:53:57 -0400] "GET /wp-content/uploads/2021/03/picture-10.jpg HTTP/1.1" 304 6272 "-" "Mozilla/5.0 (compatible; YandexImages/3.0; +http://yandex.com/bots)"
204.48.19.85 - - [05/Jul/2021:01:53:59 -0400] "POST /wp-cron.php?doing_wp_cron=1625464439.3043689727783203125000 HTTP/1.1" 200 6295 "https://ajhydell.com/wp-cron.php?doing_wp_cron=1625464439.3043689727783203125000" "WordPress/5.7.2; https://ajhydell.com"
17.121.112.220 - - [05/Jul/2021:01:53:59 -0400] "GET /2020/06/23/french-troops-of-the-2nd-armored-divsion-on-their-way-to-liberate-occupied-strasbourg-1944-1000x650/ HTTP/1.1" 200 18374 "-" "Mozilla/5.0 (Macintosh; Intel Mac OS X 10_15_5) AppleWebKit/605.1.15 (KHTML, like Gecko) Version/13.1.1 Safari/605.1.15 (Applebot/0.1; +http://www.apple.com/go/applebot)"
112.133.245.178 - - [05/Jul/2021:01:54:03 -0400] "POST /xmlrpc.php HTTP/1.1" 503 24273 "-" "Mozilla/5.0 (X11; Linux i686; rv:2.0.1) Gecko/20100101 Firefox/4.0.1"
112.133.245.178 - - [05/Jul/2021:01:54:05 -0400] "POST /wp-login.php HTTP/1.1" 503 24039 "-" "Mozilla/5.0 (X11; Linux i686; rv:2.0.1) Gecko/20100101 Firefox/4.0.1"
204.48.19.85 - - [05/Jul/2021:01:54:56 -0400] "POST /?wordfence_syncAttackData=1625464496.237 HTTP/1.1" 200 6300 "https://ajhydell.com/?wordfence_syncAttackData=1625464496.237" "WordPress/5.7.2; https://ajhydell.com"
204.48.19.85 - - [05/Jul/2021:01:54:56 -0400] "POST /wp-cron.php?doing_wp_cron=1625464496.3124361038208007812500 HTTP/1.1" 200 6295 "https://ajhydell.com/wp-cron.php?doing_wp_cron=1625464496.3124361038208007812500" "WordPress/5.7.2; https://ajhydell.com"
206.189.177.8 - - [05/Jul/2021:01:54:56 -0400] "HEAD /Archive.zip HTTP/1.1" 404 5644 "-" "Mozilla/5.0 (Windows NT 10.0; Win64; x64) AppleWebKit/537.36 (KHTML, like Gecko) Chrome/60.0.3112.113 Safari/537.36"
198.71.239.41 - - [05/Jul/2021:01:55:01 -0400] "HEAD /site.zip HTTP/1.1" 404 5689 "-" "Mozilla/5.0 (Windows NT 10.0; Win64; x64) AppleWebKit/537.36 (KHTML, like Gecko) Chrome/60.0.3112.113 Safari/537.36"
185.145.203.195 - - [05/Jul/2021:01:55:11 -0400] "HEAD /wp-config.php~ HTTP/1.1" 404 6356 "-" "Mozilla/5.0 (Windows NT 10.0; Win64; x64) AppleWebKit/537.36 (KHTML, like Gecko) Chrome/60.0.3112.113 Safari/537.36"
54.36.148.117 - - [05/Jul/2021:01:55:31 -0400] "GET /2019/02/24/lithuanian-soldiers-marches-through-the-streets-of-vilnius-29-october-1939-colorized/ HTTP/1.1" 200 18987 "-" "Mozilla/5.0 (compatible; AhrefsBot/7.0; +http://ahrefs.com/robot/)"
204.48.19.85 - - [05/Jul/2021:01:55:31 -0400] "POST /wp-cron.php?doing_wp_cron=1625464531.1325159072875976562500 HTTP/1.1" 200 6295 "https://ajhydell.com/wp-cron.php?doing_wp_cron=1625464531.1325159072875976562500" "WordPress/5.7.2; https://ajhydell.com"
157.55.39.102 - - [05/Jul/2021:01:55:37 -0400] "GET /2021/06/22/la-grande-croisade-1942-vichy-france-an-advert-for-the-legion-of-french-volunteers-against-bolshevism HTTP/1.1" 301 6094 "-" "Mozilla/5.0 (compatible; bingbot/2.0; +http://www.bing.com/bingbot.htm)"
157.55.39.102 - - [05/Jul/2021:01:55:38 -0400] "GET /2021/06/22/la-grande-croisade-1942-vichy-france-an-advert-for-the-legion-of-french-volunteers-against-bolshevism/ HTTP/1.1" 200 18968 "-" "Mozilla/5.0 (compatible; bingbot/2.0; +http://www.bing.com/bingbot.htm)"
204.48.19.85 - - [05/Jul/2021:01:55:45 -0400] "POST /wp-cron.php?doing_wp_cron=1625464545.5418770313262939453125 HTTP/1.1" 200 6295 "https://ajhydell.com/wp-cron.php?doing_wp_cron=1625464545.5418770313262939453125" "WordPress/5.7.2; https://ajhydell.com"
50.62.208.138 - - [05/Jul/2021:01:55:45 -0400] "HEAD /well-known.zip HTTP/1.1" 404 5689 "-" "Mozilla/5.0 (Windows NT 10.0; Win64; x64) AppleWebKit/537.36 (KHTML, like Gecko) Chrome/60.0.3112.113 Safari/537.36"
198.71.238.2 - - [05/Jul/2021:01:55:47 -0400] "HEAD /wp-config.php.resetwp_bak HTTP/1.1" 404 5689 "-" "Mozilla/5.0 (Windows NT 10.0; Win64; x64) AppleWebKit/537.36 (KHTML, like Gecko) Chrome/60.0.3112.113 Safari/537.36"
204.48.19.85 - - [05/Jul/2021:01:56:05 -0400] "POST /wp-cron.php?doing_wp_cron=1625464565.9185509681701660156250 HTTP/1.1" 200 6295 "https://ajhydell.com/wp-cron.php?doing_wp_cron=1625464565.9185509681701660156250" "WordPress/5.7.2; https://ajhydell.com"
93.90.144.101 - - [05/Jul/2021:01:56:05 -0400] "HEAD /wp-config.php.bak HTTP/1.1" 404 5689 "-" "Mozilla/5.0 (Windows NT 10.0; Win64; x64) AppleWebKit/537.36 (KHTML, like Gecko) Chrome/60.0.3112.113 Safari/537.36"
188.165.234.205 - - [05/Jul/2021:01:56:15 -0400] "HEAD /wp-config.php.bak.a2 HTTP/1.1" 404 5640 "-" "Mozilla/5.0 (Windows NT 10.0; Win64; x64) AppleWebKit/537.36 (KHTML, like Gecko) Chrome/60.0.3112.113 Safari/537.36"
184.168.193.28 - - [05/Jul/2021:01:56:28 -0400] "HEAD /wp-config.php.save HTTP/1.1" 404 5689 "-" "Mozilla/5.0 (Windows NT 10.0; Win64; x64) AppleWebKit/537.36 (KHTML, like Gecko) Chrome/60.0.3112.113 Safari/537.36"
204.48.19.85 - - [05/Jul/2021:01:57:07 -0400] "POST /wp-cron.php?doing_wp_cron=1625464627.8086318969726562500000 HTTP/1.1" 200 6295 "https://ajhydell.com/wp-cron.php?doing_wp_cron=1625464627.8086318969726562500000" "WordPress/5.7.2; https://ajhydell.com"
