114.119.143.168 - - [09/Jul/2021:01:30:17 -0400] "GET /2020/01/16/a-guard-of-honor-passes-out-as-queen-elizabeth-ii-rides-past-during-the-trooping-the-color-parade-1970-1600-x-960/ HTTP/1.1" 200 18374 "-" "Mozilla/5.0 (Linux; Android 7.0;) AppleWebKit/537.36 (KHTML, like Gecko) Mobile Safari/537.36 (compatible; PetalBot;+https://webmaster.petalsearch.com/site/petalbot)"
207.46.13.54 - - [09/Jul/2021:01:32:48 -0400] "GET /wp-content/uploads/2020/09/picture-136-1024x677.jpg HTTP/1.1" 200 178058 "-" "Mozilla/5.0 (compatible; bingbot/2.0; +http://www.bing.com/bingbot.htm)"
204.48.19.85 - - [09/Jul/2021:01:33:39 -0400] "POST /wp-cron.php?doing_wp_cron=1625808819.1195409297943115234375 HTTP/1.1" 200 6295 "https://ajhydell.com/wp-cron.php?doing_wp_cron=1625808819.1195409297943115234375" "WordPress/5.7.2; https://ajhydell.com"
207.46.13.54 - - [09/Jul/2021:01:33:39 -0400] "GET /2020/01/03/circa-1942-wwii-gem-at-the-henry-ford-museum-gas-rationing-got-pretty-serious/ HTTP/1.1" 200 18669 "-" "Mozilla/5.0 (compatible; bingbot/2.0; +http://www.bing.com/bingbot.htm)"
114.119.156.206 - - [09/Jul/2021:01:33:39 -0400] "GET /2021/02/17/pby-catalina-nose-turret-close-up/ HTTP/1.1" 200 18189 "-" "Mozilla/5.0 (Linux; Android 7.0;) AppleWebKit/537.36 (KHTML, like Gecko) Mobile Safari/537.36 (compatible; PetalBot;+https://webmaster.petalsearch.com/site/petalbot)"
207.46.13.67 - - [09/Jul/2021:01:34:10 -0400] "GET /wp-content/themes/royal-magazine/js/skip-link-focus-fix.js?ver=20151215 HTTP/1.1" 200 6496 "-" "Mozilla/5.0 (compatible; bingbot/2.0; +http://www.bing.com/bingbot.htm)"
204.48.19.85 - - [09/Jul/2021:01:34:14 -0400] "POST /wp-cron.php?doing_wp_cron=1625808854.5232648849487304687500 HTTP/1.1" 200 6295 "https://ajhydell.com/wp-cron.php?doing_wp_cron=1625808854.5232648849487304687500" "WordPress/5.7.2; https://ajhydell.com"
114.119.143.210 - - [09/Jul/2021:01:34:14 -0400] "GET /2020/06/21/some-of-the-men-of-the-369th-15th-new-york-who-won-the-croix-de-guerre-for-gallantry-in-action-during-wwi-1918-600-x-475/ HTTP/1.1" 200 18522 "-" "Mozilla/5.0 (Linux; Android 7.0;) AppleWebKit/537.36 (KHTML, like Gecko) Mobile Safari/537.36 (compatible; PetalBot;+https://webmaster.petalsearch.com/site/petalbot)"
204.48.19.85 - - [09/Jul/2021:01:35:24 -0400] "POST /wp-cron.php?doing_wp_cron=1625808924.7842500209808349609375 HTTP/1.1" 200 6295 "https://ajhydell.com/wp-cron.php?doing_wp_cron=1625808924.7842500209808349609375" "WordPress/5.7.2; https://ajhydell.com"
114.119.145.169 - - [09/Jul/2021:01:35:24 -0400] "GET /2020/07/01/russian-bears-vs-rising-sun-japan-1904-1905 HTTP/1.1" 301 5806 "-" "Mozilla/5.0 (Linux; Android 7.0;) AppleWebKit/537.36 (KHTML, like Gecko) Mobile Safari/537.36 (compatible; PetalBot;+https://webmaster.petalsearch.com/site/petalbot)"
114.119.145.169 - - [09/Jul/2021:01:35:25 -0400] "GET /2020/07/01/russian-bears-vs-rising-sun-japan-1904-1905/ HTTP/1.1" 200 13055 "-" "Mozilla/5.0 (Linux; Android 7.0;) AppleWebKit/537.36 (KHTML, like Gecko) Mobile Safari/537.36 (compatible; PetalBot;+https://webmaster.petalsearch.com/site/petalbot)"
204.48.19.85 - - [09/Jul/2021:01:36:49 -0400] "POST /wp-cron.php?doing_wp_cron=1625809009.5080571174621582031250 HTTP/1.1" 200 6295 "https://ajhydell.com/wp-cron.php?doing_wp_cron=1625809009.5080571174621582031250" "WordPress/5.7.2; https://ajhydell.com"
77.75.78.166 - - [09/Jul/2021:01:36:49 -0400] "GET /robots.txt HTTP/1.1" 200 6517 "-" "Mozilla/5.0 (compatible; SeznamBot/3.2; +http://napoveda.seznam.cz/en/seznambot-intro/)"
77.75.78.166 - - [09/Jul/2021:01:36:50 -0400] "GET /wp-content/uploads/2021/05/picture-109.jpg HTTP/1.1" 304 6272 "-" "Mozilla/5.0 (compatible; SeznamBot/3.2; +http://napoveda.seznam.cz/en/seznambot-intro/)"
204.48.19.85 - - [09/Jul/2021:01:37:46 -0400] "POST /wp-cron.php?doing_wp_cron=1625809066.6273028850555419921875 HTTP/1.1" 200 6295 "https://ajhydell.com/wp-cron.php?doing_wp_cron=1625809066.6273028850555419921875" "WordPress/5.7.2; https://ajhydell.com"
157.55.39.62 - - [09/Jul/2021:01:37:46 -0400] "GET /2020/04/29/german-newspaper-from-1890-advertising-high-quality-combs-that-apparently-are-strong-enough-to-be-used-as-saws/ HTTP/1.1" 200 18753 "-" "Mozilla/5.0 (compatible; bingbot/2.0; +http://www.bing.com/bingbot.htm)"
40.77.167.7 - - [09/Jul/2021:01:38:33 -0400] "GET /wp-content/uploads/2020/07/picture-32.jpg HTTP/1.1" 200 316878 "-" "Mozilla/5.0 (compatible; bingbot/2.0; +http://www.bing.com/bingbot.htm)"
204.48.19.85 - - [09/Jul/2021:01:39:03 -0400] "POST /wp-cron.php?doing_wp_cron=1625809143.6263499259948730468750 HTTP/1.1" 200 6295 "https://ajhydell.com/wp-cron.php?doing_wp_cron=1625809143.6263499259948730468750" "WordPress/5.7.2; https://ajhydell.com"
40.77.167.7 - - [09/Jul/2021:01:39:03 -0400] "GET /2018/08/24/philadelphia-city-hall-ca-1910-3000-x-2201/ HTTP/1.1" 200 18515 "-" "Mozilla/5.0 (compatible; bingbot/2.0; +http://www.bing.com/bingbot.htm)"
114.119.138.170 - - [09/Jul/2021:01:39:30 -0400] "GET /2018/12/30/ HTTP/1.1" 200 17701 "-" "Mozilla/5.0 (Linux; Android 7.0;) AppleWebKit/537.36 (KHTML, like Gecko) Mobile Safari/537.36 (compatible; PetalBot;+https://webmaster.petalsearch.com/site/petalbot)"
114.119.132.183 - - [09/Jul/2021:01:39:36 -0400] "GET /2020/09/page/12/ HTTP/1.1" 200 19532 "-" "Mozilla/5.0 (Linux; Android 7.0;) AppleWebKit/537.36 (KHTML, like Gecko) Mobile Safari/537.36 (compatible; PetalBot;+https://webmaster.petalsearch.com/site/petalbot)"
204.48.19.85 - - [09/Jul/2021:01:39:58 -0400] "POST /wp-cron.php?doing_wp_cron=1625809198.6061561107635498046875 HTTP/1.1" 200 6295 "https://ajhydell.com/wp-cron.php?doing_wp_cron=1625809198.6061561107635498046875" "WordPress/5.7.2; https://ajhydell.com"
40.77.167.77 - - [09/Jul/2021:01:39:58 -0400] "GET /2019/06/page/2/ HTTP/1.1" 200 19741 "-" "Mozilla/5.0 (compatible; bingbot/2.0; +http://www.bing.com/bingbot.htm)"
114.119.147.211 - - [09/Jul/2021:01:40:22 -0400] "GET /page/13 HTTP/1.1" 301 5714 "-" "Mozilla/5.0 (Linux; Android 7.0;) AppleWebKit/537.36 (KHTML, like Gecko) Mobile Safari/537.36 (compatible; PetalBot;+https://webmaster.petalsearch.com/site/petalbot)"
114.119.147.211 - - [09/Jul/2021:01:40:26 -0400] "GET /page/13/ HTTP/1.1" 200 14768 "-" "Mozilla/5.0 (Linux; Android 7.0;) AppleWebKit/537.36 (KHTML, like Gecko) Mobile Safari/537.36 (compatible; PetalBot;+https://webmaster.petalsearch.com/site/petalbot)"
207.46.13.113 - - [09/Jul/2021:01:41:55 -0400] "GET /wp-content/uploads/2021/02/picture-22-1168x1536.jpg HTTP/1.1" 200 3143583 "-" "Mozilla/5.0 (compatible; bingbot/2.0; +http://www.bing.com/bingbot.htm)"
204.48.19.85 - - [09/Jul/2021:01:42:03 -0400] "POST /wp-cron.php?doing_wp_cron=1625809323.7906479835510253906250 HTTP/1.1" 200 6295 "https://ajhydell.com/wp-cron.php?doing_wp_cron=1625809323.7906479835510253906250" "WordPress/5.7.2; https://ajhydell.com"
114.119.145.169 - - [09/Jul/2021:01:42:03 -0400] "GET /2020/12/30/elvis-presley-returns-to-tv-june-5th-1956 HTTP/1.1" 301 5804 "-" "Mozilla/5.0 (Linux; Android 7.0;) AppleWebKit/537.36 (KHTML, like Gecko) Mobile Safari/537.36 (compatible; PetalBot;+https://webmaster.petalsearch.com/site/petalbot)"
114.119.145.169 - - [09/Jul/2021:01:42:04 -0400] "GET /2020/12/30/elvis-presley-returns-to-tv-june-5th-1956/ HTTP/1.1" 200 12908 "-" "Mozilla/5.0 (Linux; Android 7.0;) AppleWebKit/537.36 (KHTML, like Gecko) Mobile Safari/537.36 (compatible; PetalBot;+https://webmaster.petalsearch.com/site/petalbot)"
204.48.19.85 - - [09/Jul/2021:01:43:31 -0400] "POST /wp-cron.php?doing_wp_cron=1625809411.0107769966125488281250 HTTP/1.1" 200 6295 "https://ajhydell.com/wp-cron.php?doing_wp_cron=1625809411.0107769966125488281250" "WordPress/5.7.2; https://ajhydell.com"
207.46.13.137 - - [09/Jul/2021:01:43:30 -0400] "GET /2021/01/13/american-deserters-being-publicly-humiliated-in-florient-france-on-november-5-1918-during-wwi-2657-u-s-servicemen-were-convicted-of-desertion-with-24-being-sentenced-to-death-all-of-the-condem/ HTTP/1.1" 200 18823 "-" "Mozilla/5.0 (compatible; bingbot/2.0; +http://www.bing.com/bingbot.htm)"
114.119.132.183 - - [09/Jul/2021:01:43:42 -0400] "GET /2021/06/25/a-rural-soviet-town-snapped-from-a-passing-train-taken-by-american-spy-martin-manhoff-c-1952-54-1920x1080/ HTTP/1.1" 200 18382 "-" "Mozilla/5.0 (Linux; Android 7.0;) AppleWebKit/537.36 (KHTML, like Gecko) Mobile Safari/537.36 (compatible; PetalBot;+https://webmaster.petalsearch.com/site/petalbot)"
207.46.13.113 - - [09/Jul/2021:01:45:14 -0400] "GET /wp-content/uploads/2021/06/picture-3-298x300.jpg HTTP/1.1" 200 35283 "-" "Mozilla/5.0 (compatible; bingbot/2.0; +http://www.bing.com/bingbot.htm)"
204.48.19.85 - - [09/Jul/2021:01:45:23 -0400] "POST /wp-cron.php?doing_wp_cron=1625809523.0936920642852783203125 HTTP/1.1" 200 6295 "https://ajhydell.com/wp-cron.php?doing_wp_cron=1625809523.0936920642852783203125" "WordPress/5.7.2; https://ajhydell.com"
54.36.148.117 - - [09/Jul/2021:01:45:23 -0400] "GET / HTTP/1.1" 200 20704 "-" "Mozilla/5.0 (compatible; AhrefsBot/7.0; +http://ahrefs.com/robot/)"
114.119.138.170 - - [09/Jul/2021:01:45:33 -0400] "GET /2020/12/13 HTTP/1.1" 301 5717 "-" "Mozilla/5.0 (Linux; Android 7.0;) AppleWebKit/537.36 (KHTML, like Gecko) Mobile Safari/537.36 (compatible; PetalBot;+https://webmaster.petalsearch.com/site/petalbot)"
114.119.138.170 - - [09/Jul/2021:01:45:35 -0400] "GET /2020/12/13/ HTTP/1.1" 200 13257 "-" "Mozilla/5.0 (Linux; Android 7.0;) AppleWebKit/537.36 (KHTML, like Gecko) Mobile Safari/537.36 (compatible; PetalBot;+https://webmaster.petalsearch.com/site/petalbot)"
204.48.19.85 - - [09/Jul/2021:01:46:05 -0400] "POST /wp-cron.php?doing_wp_cron=1625809565.0789160728454589843750 HTTP/1.1" 200 6295 "https://ajhydell.com/wp-cron.php?doing_wp_cron=1625809565.0789160728454589843750" "WordPress/5.7.2; https://ajhydell.com"
207.46.13.70 - - [09/Jul/2021:01:46:05 -0400] "GET /sitemap-pt-page-2019-03.xml HTTP/1.1" 200 6329 "-" "Mozilla/5.0 (compatible; bingbot/2.0; +http://www.bing.com/bingbot.htm)"
223.29.253.16 - - [09/Jul/2021:01:47:00 -0400] "GET / HTTP/1.1" 301 565 "-" "-"
204.48.19.85 - - [09/Jul/2021:01:47:01 -0400] "POST /wp-cron.php?doing_wp_cron=1625809621.5605649948120117187500 HTTP/1.1" 200 6295 "https://ajhydell.com/wp-cron.php?doing_wp_cron=1625809621.5605649948120117187500" "WordPress/5.7.2; https://ajhydell.com"
223.29.253.16 - - [09/Jul/2021:01:47:01 -0400] "GET / HTTP/1.1" 200 104159 "-" "-"
17.121.112.156 - - [09/Jul/2021:01:47:34 -0400] "GET /2020/08/05/us-m5-stuart-in-normandy-1944/ HTTP/1.1" 200 18111 "-" "Mozilla/5.0 (Macintosh; Intel Mac OS X 10_15_5) AppleWebKit/605.1.15 (KHTML, like Gecko) Version/13.1.1 Safari/605.1.15 (Applebot/0.1; +http://www.apple.com/go/applebot)"
185.191.171.36 - - [09/Jul/2021:01:47:37 -0400] "GET /2021/04/18/ HTTP/1.1" 200 18794 "-" "Mozilla/5.0 (compatible; SemrushBot/7~bl; +http://www.semrush.com/bot.html)"
114.119.156.206 - - [09/Jul/2021:01:47:38 -0400] "GET /2021/05/19/eddie-the-eagle-edwards-soars-above-a-roaring-crowd-at-the-1988-winter-olympics-he-finished-last-1080x620/ HTTP/1.1" 200 18437 "-" "Mozilla/5.0 (Linux; Android 7.0;) AppleWebKit/537.36 (KHTML, like Gecko) Mobile Safari/537.36 (compatible; PetalBot;+https://webmaster.petalsearch.com/site/petalbot)"
204.48.19.85 - - [09/Jul/2021:01:48:52 -0400] "POST /wp-cron.php?doing_wp_cron=1625809732.4909319877624511718750 HTTP/1.1" 200 6295 "https://ajhydell.com/wp-cron.php?doing_wp_cron=1625809732.4909319877624511718750" "WordPress/5.7.2; https://ajhydell.com"
114.119.147.211 - - [09/Jul/2021:01:48:52 -0400] "GET /2021/01/15/visit-the-ussr-1960s HTTP/1.1" 301 5783 "-" "Mozilla/5.0 (Linux; Android 7.0;) AppleWebKit/537.36 (KHTML, like Gecko) Mobile Safari/537.36 (compatible; PetalBot;+https://webmaster.petalsearch.com/site/petalbot)"
114.119.147.211 - - [09/Jul/2021:01:48:53 -0400] "GET /2021/01/15/visit-the-ussr-1960s/ HTTP/1.1" 200 13120 "-" "Mozilla/5.0 (Linux; Android 7.0;) AppleWebKit/537.36 (KHTML, like Gecko) Mobile Safari/537.36 (compatible; PetalBot;+https://webmaster.petalsearch.com/site/petalbot)"
54.36.148.117 - - [09/Jul/2021:01:49:33 -0400] "GET /2020/09/24/ HTTP/1.1" 200 18808 "-" "Mozilla/5.0 (compatible; AhrefsBot/7.0; +http://ahrefs.com/robot/)"
204.48.19.85 - - [09/Jul/2021:01:51:17 -0400] "POST /wp-cron.php?doing_wp_cron=1625809877.0555350780487060546875 HTTP/1.1" 200 6295 "https://ajhydell.com/wp-cron.php?doing_wp_cron=1625809877.0555350780487060546875" "WordPress/5.7.2; https://ajhydell.com"
114.119.147.211 - - [09/Jul/2021:01:51:17 -0400] "GET /2018/10/01/ HTTP/1.1" 200 18174 "-" "Mozilla/5.0 (Linux; Android 7.0;) AppleWebKit/537.36 (KHTML, like Gecko) Mobile Safari/537.36 (compatible; PetalBot;+https://webmaster.petalsearch.com/site/petalbot)"
204.48.19.85 - - [09/Jul/2021:01:52:32 -0400] "POST /wp-cron.php?doing_wp_cron=1625809952.8264579772949218750000 HTTP/1.1" 200 6295 "https://ajhydell.com/wp-cron.php?doing_wp_cron=1625809952.8264579772949218750000" "WordPress/5.7.2; https://ajhydell.com"
114.119.143.210 - - [09/Jul/2021:01:52:32 -0400] "GET /2020/05/09/1964-beverly-hillbillies-kelloggs-grocery-store-or-restaurant-display-standee HTTP/1.1" 301 5840 "-" "Mozilla/5.0 (Linux; Android 7.0;) AppleWebKit/537.36 (KHTML, like Gecko) Mobile Safari/537.36 (compatible; PetalBot;+https://webmaster.petalsearch.com/site/petalbot)"
114.119.143.210 - - [09/Jul/2021:01:52:33 -0400] "GET /2020/05/09/1964-beverly-hillbillies-kelloggs-grocery-store-or-restaurant-display-standee/ HTTP/1.1" 200 12964 "-" "Mozilla/5.0 (Linux; Android 7.0;) AppleWebKit/537.36 (KHTML, like Gecko) Mobile Safari/537.36 (compatible; PetalBot;+https://webmaster.petalsearch.com/site/petalbot)"
204.48.19.85 - - [09/Jul/2021:01:52:53 -0400] "POST /wp-cron.php?doing_wp_cron=1625809973.6014831066131591796875 HTTP/1.1" 200 6295 "https://ajhydell.com/wp-cron.php?doing_wp_cron=1625809973.6014831066131591796875" "WordPress/5.7.2; https://ajhydell.com"
185.191.171.42 - - [09/Jul/2021:01:52:53 -0400] "GET /2018/11/06/he-who-stands-for-nothing-will-fall-for-anything-united-states-2012/ HTTP/1.1" 200 18943 "-" "Mozilla/5.0 (compatible; SemrushBot/7~bl; +http://www.semrush.com/bot.html)"
204.48.19.85 - - [09/Jul/2021:01:54:00 -0400] "POST /wp-cron.php?doing_wp_cron=1625810040.0646278858184814453125 HTTP/1.1" 200 6295 "https://ajhydell.com/wp-cron.php?doing_wp_cron=1625810040.0646278858184814453125" "WordPress/5.7.2; https://ajhydell.com"
54.36.148.117 - - [09/Jul/2021:01:54:00 -0400] "GET /2018/10/08/albert-einstein-playing-a-violin-circa-1930/ HTTP/1.1" 200 18781 "-" "Mozilla/5.0 (compatible; AhrefsBot/7.0; +http://ahrefs.com/robot/)"
114.119.132.183 - - [09/Jul/2021:01:54:09 -0400] "GET /2020/05/27/workers-demonstration-in-turin-1976-1992-x-1444 HTTP/1.1" 301 5810 "-" "Mozilla/5.0 (Linux; Android 7.0;) AppleWebKit/537.36 (KHTML, like Gecko) Mobile Safari/537.36 (compatible; PetalBot;+https://webmaster.petalsearch.com/site/petalbot)"
114.119.132.183 - - [09/Jul/2021:01:54:11 -0400] "GET /2020/05/27/workers-demonstration-in-turin-1976-1992-x-1444/ HTTP/1.1" 200 13093 "-" "Mozilla/5.0 (Linux; Android 7.0;) AppleWebKit/537.36 (KHTML, like Gecko) Mobile Safari/537.36 (compatible; PetalBot;+https://webmaster.petalsearch.com/site/petalbot)"
204.48.19.85 - - [09/Jul/2021:01:55:21 -0400] "POST /wp-cron.php?doing_wp_cron=1625810121.2782969474792480468750 HTTP/1.1" 200 6295 "https://ajhydell.com/wp-cron.php?doing_wp_cron=1625810121.2782969474792480468750" "WordPress/5.7.2; https://ajhydell.com"
110.143.129.136 - - [09/Jul/2021:01:55:21 -0400] "GET /2021/05/13/1947-jewish-refugees-arrive-in-palestine-with-a-banner-proclaiming-the-germans-destroyed-our-families-and-homes-dont-you-destroy-our-hopes-1125x603/ HTTP/1.1" 200 18891 "https://www.bing.com/search?q=JEWISH+REFUGEES+ARRIVE+IN+PALESTINE+WITH+A+BANNER&form=EDGSPH&mkt=en-au&httpsmsn=1&msnews=1&refig=0468960313974abc8ed9bff5bb64cbf1&PC=DCTS&sp=-1&ghc=1&pq=jewish+refugees+arrive+in+palestine+with+a+banner&sc=0-49&qs=n&sk=&cvid=0468960313974abc8ed9bff5bb64cbf1" "Mozilla/5.0 (Windows NT 10.0; Win64; x64) AppleWebKit/537.36 (KHTML, like Gecko) Chrome/64.0.3282.140 Safari/537.36 Edge/17.17134"
110.143.129.136 - - [09/Jul/2021:01:55:21 -0400] "GET /wp-includes/js/jquery/jquery.min.js?ver=3.5.1 HTTP/1.1" 200 37081 "https://ajhydell.com/2021/05/13/1947-jewish-refugees-arrive-in-palestine-with-a-banner-proclaiming-the-germans-destroyed-our-families-and-homes-dont-you-destroy-our-hopes-1125x603/" "Mozilla/5.0 (Windows NT 10.0; Win64; x64) AppleWebKit/537.36 (KHTML, like Gecko) Chrome/64.0.3282.140 Safari/537.36 Edge/17.17134"
110.143.129.136 - - [09/Jul/2021:01:55:21 -0400] "GET /wp-includes/js/jquery/jquery-migrate.min.js?ver=3.3.2 HTTP/1.1" 200 4680 "https://ajhydell.com/2021/05/13/1947-jewish-refugees-arrive-in-palestine-with-a-banner-proclaiming-the-germans-destroyed-our-families-and-homes-dont-you-destroy-our-hopes-1125x603/" "Mozilla/5.0 (Windows NT 10.0; Win64; x64) AppleWebKit/537.36 (KHTML, like Gecko) Chrome/64.0.3282.140 Safari/537.36 Edge/17.17134"
110.143.129.136 - - [09/Jul/2021:01:55:22 -0400] "GET /wp-content/plugins/wp-smushit/app/assets/js/smush-lazy-load.min.js?ver=3.8.7 HTTP/1.1" 200 4320 "https://ajhydell.com/2021/05/13/1947-jewish-refugees-arrive-in-palestine-with-a-banner-proclaiming-the-germans-destroyed-our-families-and-homes-dont-you-destroy-our-hopes-1125x603/" "Mozilla/5.0 (Windows NT 10.0; Win64; x64) AppleWebKit/537.36 (KHTML, like Gecko) Chrome/64.0.3282.140 Safari/537.36 Edge/17.17134"
110.143.129.136 - - [09/Jul/2021:01:55:22 -0400] "GET /wp-content/themes/royal-magazine/assets/libraries/magnific-popup/jquery.magnific-popup.min.js?ver=5.7.2 HTTP/1.1" 200 7984 "https://ajhydell.com/2021/05/13/1947-jewish-refugees-arrive-in-palestine-with-a-banner-proclaiming-the-germans-destroyed-our-families-and-homes-dont-you-destroy-our-hopes-1125x603/" "Mozilla/5.0 (Windows NT 10.0; Win64; x64) AppleWebKit/537.36 (KHTML, like Gecko) Chrome/64.0.3282.140 Safari/537.36 Edge/17.17134"
110.143.129.136 - - [09/Jul/2021:01:55:22 -0400] "GET /wp-content/themes/royal-magazine/js/skip-link-focus-fix.js?ver=20151215 HTTP/1.1" 200 1056 "https://ajhydell.com/2021/05/13/1947-jewish-refugees-arrive-in-palestine-with-a-banner-proclaiming-the-germans-destroyed-our-families-and-homes-dont-you-destroy-our-hopes-1125x603/" "Mozilla/5.0 (Windows NT 10.0; Win64; x64) AppleWebKit/537.36 (KHTML, like Gecko) Chrome/64.0.3282.140 Safari/537.36 Edge/17.17134"
110.143.129.136 - - [09/Jul/2021:01:55:22 -0400] "GET /wp-content/themes/royal-magazine/assets/libraries/marquee/jquery.marquee.js?ver=5.7.2 HTTP/1.1" 200 5217 "https://ajhydell.com/2021/05/13/1947-jewish-refugees-arrive-in-palestine-with-a-banner-proclaiming-the-germans-destroyed-our-families-and-homes-dont-you-destroy-our-hopes-1125x603/" "Mozilla/5.0 (Windows NT 10.0; Win64; x64) AppleWebKit/537.36 (KHTML, like Gecko) Chrome/64.0.3282.140 Safari/537.36 Edge/17.17134"
110.143.129.136 - - [09/Jul/2021:01:55:22 -0400] "GET /wp-content/themes/royal-magazine/assets/libraries/slick/js/slick.min.js?ver=5.7.2 HTTP/1.1" 200 10718 "https://ajhydell.com/2021/05/13/1947-jewish-refugees-arrive-in-palestine-with-a-banner-proclaiming-the-germans-destroyed-our-families-and-homes-dont-you-destroy-our-hopes-1125x603/" "Mozilla/5.0 (Windows NT 10.0; Win64; x64) AppleWebKit/537.36 (KHTML, like Gecko) Chrome/64.0.3282.140 Safari/537.36 Edge/17.17134"
110.143.129.136 - - [09/Jul/2021:01:55:22 -0400] "GET /wp-content/plugins/add-expires-headers/cache/0/com/processed-header-f16a8d323e83e1bc1b76514e283fb81b7090a959.min.css HTTP/1.1" 200 52834 "https://ajhydell.com/2021/05/13/1947-jewish-refugees-arrive-in-palestine-with-a-banner-proclaiming-the-germans-destroyed-our-families-and-homes-dont-you-destroy-our-hopes-1125x603/" "Mozilla/5.0 (Windows NT 10.0; Win64; x64) AppleWebKit/537.36 (KHTML, like Gecko) Chrome/64.0.3282.140 Safari/537.36 Edge/17.17134"
110.143.129.136 - - [09/Jul/2021:01:55:22 -0400] "GET /wp-content/themes/royal-magazine/assets/libraries/theiaStickySidebar/theia-sticky-sidebar.min.js?ver=5.7.2 HTTP/1.1" 200 2257 "https://ajhydell.com/2021/05/13/1947-jewish-refugees-arrive-in-palestine-with-a-banner-proclaiming-the-germans-destroyed-our-families-and-homes-dont-you-destroy-our-hopes-1125x603/" "Mozilla/5.0 (Windows NT 10.0; Win64; x64) AppleWebKit/537.36 (KHTML, like Gecko) Chrome/64.0.3282.140 Safari/537.36 Edge/17.17134"
110.143.129.136 - - [09/Jul/2021:01:55:22 -0400] "GET /wp-content/themes/royal-magazine/assets/libraries/bootstrap/js/bootstrap.min.js?ver=5.7.2 HTTP/1.1" 200 10378 "https://ajhydell.com/2021/05/13/1947-jewish-refugees-arrive-in-palestine-with-a-banner-proclaiming-the-germans-destroyed-our-families-and-homes-dont-you-destroy-our-hopes-1125x603/" "Mozilla/5.0 (Windows NT 10.0; Win64; x64) AppleWebKit/537.36 (KHTML, like Gecko) Chrome/64.0.3282.140 Safari/537.36 Edge/17.17134"
110.143.129.136 - - [09/Jul/2021:01:55:22 -0400] "GET /wp-content/plugins/google-analytics-for-wordpress/assets/js/frontend-gtag.min.js?ver=7.17.0 HTTP/1.1" 200 3312 "https://ajhydell.com/2021/05/13/1947-jewish-refugees-arrive-in-palestine-with-a-banner-proclaiming-the-germans-destroyed-our-families-and-homes-dont-you-destroy-our-hopes-1125x603/" "Mozilla/5.0 (Windows NT 10.0; Win64; x64) AppleWebKit/537.36 (KHTML, like Gecko) Chrome/64.0.3282.140 Safari/537.36 Edge/17.17134"
110.143.129.136 - - [09/Jul/2021:01:55:22 -0400] "GET /wp-includes/js/wp-embed.min.js?ver=5.7.2 HTTP/1.1" 200 1216 "https://ajhydell.com/2021/05/13/1947-jewish-refugees-arrive-in-palestine-with-a-banner-proclaiming-the-germans-destroyed-our-families-and-homes-dont-you-destroy-our-hopes-1125x603/" "Mozilla/5.0 (Windows NT 10.0; Win64; x64) AppleWebKit/537.36 (KHTML, like Gecko) Chrome/64.0.3282.140 Safari/537.36 Edge/17.17134"
110.143.129.136 - - [09/Jul/2021:01:55:22 -0400] "GET /wp-content/themes/royal-magazine/js/navigation.js?ver=20151215 HTTP/1.1" 200 1340 "https://ajhydell.com/2021/05/13/1947-jewish-refugees-arrive-in-palestine-with-a-banner-proclaiming-the-germans-destroyed-our-families-and-homes-dont-you-destroy-our-hopes-1125x603/" "Mozilla/5.0 (Windows NT 10.0; Win64; x64) AppleWebKit/537.36 (KHTML, like Gecko) Chrome/64.0.3282.140 Safari/537.36 Edge/17.17134"
110.143.129.136 - - [09/Jul/2021:01:55:22 -0400] "GET /wp-content/themes/royal-magazine/assets/twp/js/custom-script.js?ver=5.7.2 HTTP/1.1" 200 3016 "https://ajhydell.com/2021/05/13/1947-jewish-refugees-arrive-in-palestine-with-a-banner-proclaiming-the-germans-destroyed-our-families-and-homes-dont-you-destroy-our-hopes-1125x603/" "Mozilla/5.0 (Windows NT 10.0; Win64; x64) AppleWebKit/537.36 (KHTML, like Gecko) Chrome/64.0.3282.140 Safari/537.36 Edge/17.17134"
110.143.129.136 - - [09/Jul/2021:01:55:22 -0400] "GET /wp-content/plugins/facebook-pagelike-widget/fb.js?ver=1.0 HTTP/1.1" 200 817 "https://ajhydell.com/2021/05/13/1947-jewish-refugees-arrive-in-palestine-with-a-banner-proclaiming-the-germans-destroyed-our-families-and-homes-dont-you-destroy-our-hopes-1125x603/" "Mozilla/5.0 (Windows NT 10.0; Win64; x64) AppleWebKit/537.36 (KHTML, like Gecko) Chrome/64.0.3282.140 Safari/537.36 Edge/17.17134"
110.143.129.136 - - [09/Jul/2021:01:55:22 -0400] "GET /wp-includes/js/wp-emoji-release.min.js?ver=5.7.2 HTTP/1.1" 200 5173 "https://ajhydell.com/2021/05/13/1947-jewish-refugees-arrive-in-palestine-with-a-banner-proclaiming-the-germans-destroyed-our-families-and-homes-dont-you-destroy-our-hopes-1125x603/" "Mozilla/5.0 (Windows NT 10.0; Win64; x64) AppleWebKit/537.36 (KHTML, like Gecko) Chrome/64.0.3282.140 Safari/537.36 Edge/17.17134"
110.143.129.136 - - [09/Jul/2021:01:55:22 -0400] "GET /wp-content/plugins/facebook-pagelike-widget/loader.gif HTTP/1.1" 200 8655 "https://ajhydell.com/2021/05/13/1947-jewish-refugees-arrive-in-palestine-with-a-banner-proclaiming-the-germans-destroyed-our-families-and-homes-dont-you-destroy-our-hopes-1125x603/" "Mozilla/5.0 (Windows NT 10.0; Win64; x64) AppleWebKit/537.36 (KHTML, like Gecko) Chrome/64.0.3282.140 Safari/537.36 Edge/17.17134"
110.143.129.136 - - [09/Jul/2021:01:55:22 -0400] "GET /wp-content/uploads/2021/05/picture-60.jpg HTTP/1.1" 200 95772 "https://ajhydell.com/2021/05/13/1947-jewish-refugees-arrive-in-palestine-with-a-banner-proclaiming-the-germans-destroyed-our-families-and-homes-dont-you-destroy-our-hopes-1125x603/" "Mozilla/5.0 (Windows NT 10.0; Win64; x64) AppleWebKit/537.36 (KHTML, like Gecko) Chrome/64.0.3282.140 Safari/537.36 Edge/17.17134"
110.143.129.136 - - [09/Jul/2021:01:55:22 -0400] "GET /?wordfence_lh=1&hid=9604CA64DC2A4721E205F0AC0344809C&r=0.1892672410329932 HTTP/1.1" 200 354 "https://ajhydell.com/2021/05/13/1947-jewish-refugees-arrive-in-palestine-with-a-banner-proclaiming-the-germans-destroyed-our-families-and-homes-dont-you-destroy-our-hopes-1125x603/" "Mozilla/5.0 (Windows NT 10.0; Win64; x64) AppleWebKit/537.36 (KHTML, like Gecko) Chrome/64.0.3282.140 Safari/537.36 Edge/17.17134"
110.143.129.136 - - [09/Jul/2021:01:55:22 -0400] "GET /wp-content/themes/royal-magazine/assets/libraries/ionicons/fonts/ionicons.ttf HTTP/1.1" 200 189246 "https://ajhydell.com/2021/05/13/1947-jewish-refugees-arrive-in-palestine-with-a-banner-proclaiming-the-germans-destroyed-our-families-and-homes-dont-you-destroy-our-hopes-1125x603/" "Mozilla/5.0 (Windows NT 10.0; Win64; x64) AppleWebKit/537.36 (KHTML, like Gecko) Chrome/64.0.3282.140 Safari/537.36 Edge/17.17134"
110.143.129.136 - - [09/Jul/2021:01:55:23 -0400] "GET /wp-content/uploads/2018/08/cropped-logo-32x32.jpg HTTP/1.1" 200 6886 "-" "Mozilla/5.0 (Windows NT 10.0; Win64; x64) AppleWebKit/537.36 (KHTML, like Gecko) Chrome/64.0.3282.140 Safari/537.36 Edge/17.17134"
110.143.129.136 - - [09/Jul/2021:01:55:43 -0400] "-" 408 5564 "-" "-"
76.72.172.167 - - [09/Jul/2021:01:56:15 -0400] "GET / HTTP/1.1" 301 509 "-" "Mozilla/5.0 (Windows NT 10.0; WOW64; rv:40.0) Gecko/20100101 Firefox/40.0"
204.48.19.85 - - [09/Jul/2021:01:56:15 -0400] "POST /wp-cron.php?doing_wp_cron=1625810175.4777200222015380859375 HTTP/1.1" 200 6295 "https://ajhydell.com/wp-cron.php?doing_wp_cron=1625810175.4777200222015380859375" "WordPress/5.7.2; https://ajhydell.com"
76.72.172.167 - - [09/Jul/2021:01:56:15 -0400] "GET / HTTP/1.1" 206 20823 "-" "Mozilla/5.0 (Windows NT 10.0; WOW64; rv:40.0) Gecko/20100101 Firefox/40.0"
114.119.143.210 - - [09/Jul/2021:01:56:29 -0400] "GET /2019/04/05/astronaut-dave-scott-looks-at-earth-from-the-apollo-9-command-module-in-march-1969-nasa-photo-727x760 HTTP/1.1" 301 5864 "-" "Mozilla/5.0 (Linux; Android 7.0;) AppleWebKit/537.36 (KHTML, like Gecko) Mobile Safari/537.36 (compatible; PetalBot;+https://webmaster.petalsearch.com/site/petalbot)"
114.119.143.210 - - [09/Jul/2021:01:56:30 -0400] "GET /2019/04/05/astronaut-dave-scott-looks-at-earth-from-the-apollo-9-command-module-in-march-1969-nasa-photo-727x760/ HTTP/1.1" 200 13054 "-" "Mozilla/5.0 (Linux; Android 7.0;) AppleWebKit/537.36 (KHTML, like Gecko) Mobile Safari/537.36 (compatible; PetalBot;+https://webmaster.petalsearch.com/site/petalbot)"
204.48.19.85 - - [09/Jul/2021:01:57:13 -0400] "POST /wp-cron.php?doing_wp_cron=1625810233.2197649478912353515625 HTTP/1.1" 200 6295 "https://ajhydell.com/wp-cron.php?doing_wp_cron=1625810233.2197649478912353515625" "WordPress/5.7.2; https://ajhydell.com"
17.121.113.237 - - [09/Jul/2021:01:57:13 -0400] "GET /2018/09/22/impeach-president-united-states-1964/ HTTP/1.1" 200 18044 "-" "Mozilla/5.0 (Macintosh; Intel Mac OS X 10_15_5) AppleWebKit/605.1.15 (KHTML, like Gecko) Version/13.1.1 Safari/605.1.15 (Applebot/0.1; +http://www.apple.com/go/applebot)"
185.191.171.17 - - [09/Jul/2021:01:57:31 -0400] "GET /2021/05/12/in-the-basements-of-the-cheka-ivan-vladimirov-1919/ HTTP/1.1" 200 18803 "-" "Mozilla/5.0 (compatible; SemrushBot/7~bl; +http://www.semrush.com/bot.html)"
204.48.19.85 - - [09/Jul/2021:01:57:53 -0400] "POST /wp-cron.php?doing_wp_cron=1625810273.8280720710754394531250 HTTP/1.1" 200 6295 "https://ajhydell.com/wp-cron.php?doing_wp_cron=1625810273.8280720710754394531250" "WordPress/5.7.2; https://ajhydell.com"
114.119.143.168 - - [09/Jul/2021:01:57:53 -0400] "GET /2020/10/09/men-of-the-1st-canadian-parachute-battalion-displaying-a-captured-nazi-flag-at-wismar-germany-1945-from-d-day-to-ve-day-12500-canadians-died-in-the-liberation-of-europe/ HTTP/1.1" 200 18548 "-" "Mozilla/5.0 (Linux; Android 7.0;) AppleWebKit/537.36 (KHTML, like Gecko) Mobile Safari/537.36 (compatible; PetalBot;+https://webmaster.petalsearch.com/site/petalbot)"
54.36.148.117 - - [09/Jul/2021:01:58:11 -0400] "GET /2021/06/28/my-god-help-me-to-survive-this-deadly-love-berlin-wall-graffiti-1990/ HTTP/1.1" 200 18971 "-" "Mozilla/5.0 (compatible; AhrefsBot/7.0; +http://ahrefs.com/robot/)"
204.48.19.85 - - [09/Jul/2021:01:59:50 -0400] "POST /wp-cron.php?doing_wp_cron=1625810390.5228888988494873046875 HTTP/1.1" 200 6295 "https://ajhydell.com/wp-cron.php?doing_wp_cron=1625810390.5228888988494873046875" "WordPress/5.7.2; https://ajhydell.com"
114.119.138.170 - - [09/Jul/2021:01:59:50 -0400] "GET /page/72 HTTP/1.1" 301 5714 "-" "Mozilla/5.0 (Linux; Android 7.0;) AppleWebKit/537.36 (KHTML, like Gecko) Mobile Safari/537.36 (compatible; PetalBot;+https://webmaster.petalsearch.com/site/petalbot)"
114.119.138.170 - - [09/Jul/2021:01:59:56 -0400] "GET /page/72/ HTTP/1.1" 200 14854 "-" "Mozilla/5.0 (Linux; Android 7.0;) AppleWebKit/537.36 (KHTML, like Gecko) Mobile Safari/537.36 (compatible; PetalBot;+https://webmaster.petalsearch.com/site/petalbot)"
204.48.19.85 - - [09/Jul/2021:02:00:53 -0400] "POST /wp-cron.php?doing_wp_cron=1625810453.3325350284576416015625 HTTP/1.1" 200 6295 "https://ajhydell.com/wp-cron.php?doing_wp_cron=1625810453.3325350284576416015625" "WordPress/5.7.2; https://ajhydell.com"
17.121.115.88 - - [09/Jul/2021:02:00:53 -0400] "GET /2020/10/24/sniper-of-the-infantry-brigade-princess-irina-of-the-netherlands-during-a-training-exercise-in-great-britain-1940/ HTTP/1.1" 200 18252 "-" "Mozilla/5.0 (Macintosh; Intel Mac OS X 10_15_5) AppleWebKit/605.1.15 (KHTML, like Gecko) Version/13.1.1 Safari/605.1.15 (Applebot/0.1; +http://www.apple.com/go/applebot)"
195.201.58.104 - - [09/Jul/2021:02:01:09 -0400] "GET /feed/ HTTP/1.1" 200 7979 "-" "AwarioRssBot/1.0 (+https://awario.com/bots.html; bots@awario.com)"
114.119.158.133 - - [09/Jul/2021:02:01:22 -0400] "GET /2021/05/29/an-airgunner-stands-before-his-b-24-bomber-wearing-what-it-took-to-survive-at-25000ft-altitude-1944/ HTTP/1.1" 200 18400 "-" "Mozilla/5.0 (Linux; Android 7.0;) AppleWebKit/537.36 (KHTML, like Gecko) Mobile Safari/537.36 (compatible; PetalBot;+https://webmaster.petalsearch.com/site/petalbot)"
204.48.19.85 - - [09/Jul/2021:02:02:25 -0400] "POST /wp-cron.php?doing_wp_cron=1625810545.4872689247131347656250 HTTP/1.1" 200 6295 "https://ajhydell.com/wp-cron.php?doing_wp_cron=1625810545.4872689247131347656250" "WordPress/5.7.2; https://ajhydell.com"
54.36.148.117 - - [09/Jul/2021:02:02:25 -0400] "GET /2019/05/12/ HTTP/1.1" 200 18150 "-" "Mozilla/5.0 (compatible; AhrefsBot/7.0; +http://ahrefs.com/robot/)"
136.243.70.68 - - [09/Jul/2021:02:02:38 -0400] "GET /robots.txt HTTP/1.1" 301 585 "-" "-"
136.243.70.68 - - [09/Jul/2021:02:02:38 -0400] "GET /robots.txt HTTP/1.1" 200 6517 "-" "-"
136.243.70.68 - - [09/Jul/2021:02:02:39 -0400] "GET /2021/07/07/swanson-tv-dinners-1968/ HTTP/1.1" 200 18963 "-" "AwarioSmartBot/1.0 (+https://awario.com/bots.html; bots@awario.com)"
204.48.19.85 - - [09/Jul/2021:02:02:45 -0400] "POST /wp-cron.php?doing_wp_cron=1625810565.3571879863739013671875 HTTP/1.1" 200 6295 "https://ajhydell.com/wp-cron.php?doing_wp_cron=1625810565.3571879863739013671875" "WordPress/5.7.2; https://ajhydell.com"
114.119.147.211 - - [09/Jul/2021:02:02:45 -0400] "GET /2019/02/17/1944-finnish-soldier-with-maxim-mg/ HTTP/1.1" 200 18164 "-" "Mozilla/5.0 (Linux; Android 7.0;) AppleWebKit/537.36 (KHTML, like Gecko) Mobile Safari/537.36 (compatible; PetalBot;+https://webmaster.petalsearch.com/site/petalbot)"
136.243.70.68 - - [09/Jul/2021:02:04:15 -0400] "GET /robots.txt HTTP/1.1" 301 585 "-" "-"
204.48.19.85 - - [09/Jul/2021:02:04:15 -0400] "POST /wp-cron.php?doing_wp_cron=1625810655.4395239353179931640625 HTTP/1.1" 200 6295 "https://ajhydell.com/wp-cron.php?doing_wp_cron=1625810655.4395239353179931640625" "WordPress/5.7.2; https://ajhydell.com"
136.243.70.68 - - [09/Jul/2021:02:04:15 -0400] "GET /robots.txt HTTP/1.1" 200 6517 "-" "-"
136.243.70.68 - - [09/Jul/2021:02:04:15 -0400] "GET /2021/07/07/during-ww2-in-britain-evacuating-children-from-cities-to-the-countryside-to-avoid-german-bombing-campaigns-became-voluntary-but-the-government-made-posters-like-this-to-urge-parents-to-send-their-ch/ HTTP/1.1" 200 18769 "-" "AwarioSmartBot/1.0 (+https://awario.com/bots.html; bots@awario.com)"
204.48.19.85 - - [09/Jul/2021:02:05:11 -0400] "POST /wp-cron.php?doing_wp_cron=1625810711.2472710609436035156250 HTTP/1.1" 200 6295 "https://ajhydell.com/wp-cron.php?doing_wp_cron=1625810711.2472710609436035156250" "WordPress/5.7.2; https://ajhydell.com"
207.46.13.137 - - [09/Jul/2021:02:05:11 -0400] "GET /2021/02/01/ethnic-cambodian-guerilla-fighter-danh-son-huol-is-carried-to-an-improvised-operating-room-in-a-mangrove-swamp-after-he-was-wounded-by-american-bombing-ca-mau-peninsula-15-september-1970-photo-take/ HTTP/1.1" 200 18853 "-" "Mozilla/5.0 (compatible; bingbot/2.0; +http://www.bing.com/bingbot.htm)"
136.243.70.68 - - [09/Jul/2021:02:05:52 -0400] "GET /robots.txt HTTP/1.1" 301 585 "-" "-"
204.48.19.85 - - [09/Jul/2021:02:05:52 -0400] "POST /wp-cron.php?doing_wp_cron=1625810752.6006739139556884765625 HTTP/1.1" 200 6295 "https://ajhydell.com/wp-cron.php?doing_wp_cron=1625810752.6006739139556884765625" "WordPress/5.7.2; https://ajhydell.com"
136.243.70.68 - - [09/Jul/2021:02:05:52 -0400] "GET /robots.txt HTTP/1.1" 200 6517 "-" "-"
136.243.70.68 - - [09/Jul/2021:02:05:52 -0400] "GET /2021/07/07/theodosian-walls-of-constantinople-ottoman-empire-1870-1760x1364/ HTTP/1.1" 200 18863 "-" "AwarioSmartBot/1.0 (+https://awario.com/bots.html; bots@awario.com)"
131.220.6.152 - - [09/Jul/2021:02:06:05 -0400] "GET / HTTP/1.1" 200 20727 "-" "Mozilla/5.0 (X11; Linux x86_64) AppleWebKit/537.36 (KHTML, like Gecko) Chrome/79.0.3945.79 Safari/537.36"
54.36.148.117 - - [09/Jul/2021:02:06:39 -0400] "GET /2020/09/26/ HTTP/1.1" 200 18891 "-" "Mozilla/5.0 (compatible; AhrefsBot/7.0; +http://ahrefs.com/robot/)"
114.119.147.211 - - [09/Jul/2021:02:06:40 -0400] "GET /2020/11/18/italian-postcard-1935-1937-by-a-bertiglia-representing-the-occupation-of-ethiopia-by-fascist-italy HTTP/1.1" 301 5861 "-" "Mozilla/5.0 (Linux; Android 7.0;) AppleWebKit/537.36 (KHTML, like Gecko) Mobile Safari/537.36 (compatible; PetalBot;+https://webmaster.petalsearch.com/site/petalbot)"
114.119.147.211 - - [09/Jul/2021:02:06:41 -0400] "GET /2020/11/18/italian-postcard-1935-1937-by-a-bertiglia-representing-the-occupation-of-ethiopia-by-fascist-italy/ HTTP/1.1" 200 13069 "-" "Mozilla/5.0 (Linux; Android 7.0;) AppleWebKit/537.36 (KHTML, like Gecko) Mobile Safari/537.36 (compatible; PetalBot;+https://webmaster.petalsearch.com/site/petalbot)"
204.48.19.85 - - [09/Jul/2021:02:07:06 -0400] "POST /wp-cron.php?doing_wp_cron=1625810826.8847749233245849609375 HTTP/1.1" 200 6295 "https://ajhydell.com/wp-cron.php?doing_wp_cron=1625810826.8847749233245849609375" "WordPress/5.7.2; https://ajhydell.com"
17.121.115.7 - - [09/Jul/2021:02:07:06 -0400] "GET /2018/08/10/einstein-drops-the-wings-of-pacifism-and-raise-the-sword-of-preparedness-against-an-increasingly-hostile-germany-circa-1933/ HTTP/1.1" 200 17996 "-" "Mozilla/5.0 (Macintosh; Intel Mac OS X 10_15_5) AppleWebKit/605.1.15 (KHTML, like Gecko) Version/13.1.1 Safari/605.1.15 (Applebot/0.1; +http://www.apple.com/go/applebot)"
5.255.253.148 - - [09/Jul/2021:02:07:07 -0400] "GET /wp-content/uploads/2020/11/picture.jpg HTTP/1.1" 304 6272 "-" "Mozilla/5.0 (compatible; YandexImages/3.0; +http://yandex.com/bots)"
114.119.143.168 - - [09/Jul/2021:02:07:12 -0400] "GET /2021/05/17/a-stunned-finnish-soldier-walks-away-without-injury-after-shrapnel-pierced-his-helmet-in-august-1941/ HTTP/1.1" 200 18353 "-" "Mozilla/5.0 (Linux; Android 7.0;) AppleWebKit/537.36 (KHTML, like Gecko) Mobile Safari/537.36 (compatible; PetalBot;+https://webmaster.petalsearch.com/site/petalbot)"
136.243.70.68 - - [09/Jul/2021:02:07:26 -0400] "GET /robots.txt HTTP/1.1" 301 585 "-" "-"
136.243.70.68 - - [09/Jul/2021:02:07:27 -0400] "GET /robots.txt HTTP/1.1" 200 6517 "-" "-"
136.243.70.68 - - [09/Jul/2021:02:07:27 -0400] "GET /2021/07/08/non-stop-to-mexico-hamburger-helper-1982/ HTTP/1.1" 200 18723 "-" "AwarioSmartBot/1.0 (+https://awario.com/bots.html; bots@awario.com)"
204.48.19.85 - - [09/Jul/2021:02:08:45 -0400] "POST /wp-cron.php?doing_wp_cron=1625810925.7209639549255371093750 HTTP/1.1" 200 6295 "https://ajhydell.com/wp-cron.php?doing_wp_cron=1625810925.7209639549255371093750" "WordPress/5.7.2; https://ajhydell.com"
114.119.156.206 - - [09/Jul/2021:02:08:45 -0400] "GET /2020/10/08/libertyville-1936-by-theodor-jung HTTP/1.1" 301 5796 "-" "Mozilla/5.0 (Linux; Android 7.0;) AppleWebKit/537.36 (KHTML, like Gecko) Mobile Safari/537.36 (compatible; PetalBot;+https://webmaster.petalsearch.com/site/petalbot)"
114.119.156.206 - - [09/Jul/2021:02:08:46 -0400] "GET /2020/10/08/libertyville-1936-by-theodor-jung/ HTTP/1.1" 200 13042 "-" "Mozilla/5.0 (Linux; Android 7.0;) AppleWebKit/537.36 (KHTML, like Gecko) Mobile Safari/537.36 (compatible; PetalBot;+https://webmaster.petalsearch.com/site/petalbot)"
136.243.70.68 - - [09/Jul/2021:02:08:55 -0400] "GET /robots.txt HTTP/1.1" 301 585 "-" "-"
136.243.70.68 - - [09/Jul/2021:02:08:55 -0400] "GET /robots.txt HTTP/1.1" 200 6517 "-" "-"
136.243.70.68 - - [09/Jul/2021:02:08:56 -0400] "GET /2021/07/09/mogadishu-1993-an-italian-soldier-gives-food-to-a-local-orphan-540x706/ HTTP/1.1" 200 18583 "-" "AwarioSmartBot/1.0 (+https://awario.com/bots.html; bots@awario.com)"
114.119.143.168 - - [09/Jul/2021:02:09:28 -0400] "GET /2020/01/11/ HTTP/1.1" 200 17780 "-" "Mozilla/5.0 (Linux; Android 7.0;) AppleWebKit/537.36 (KHTML, like Gecko) Mobile Safari/537.36 (compatible; PetalBot;+https://webmaster.petalsearch.com/site/petalbot)"
204.48.19.85 - - [09/Jul/2021:02:11:11 -0400] "POST /wp-cron.php?doing_wp_cron=1625811071.8640739917755126953125 HTTP/1.1" 200 6295 "https://ajhydell.com/wp-cron.php?doing_wp_cron=1625811071.8640739917755126953125" "WordPress/5.7.2; https://ajhydell.com"
114.119.156.206 - - [09/Jul/2021:02:11:11 -0400] "GET /2021/05/02/world-war-ii-poster-encouraging-women-to-join-nursing-positions/ HTTP/1.1" 200 18306 "-" "Mozilla/5.0 (Linux; Android 7.0;) AppleWebKit/537.36 (KHTML, like Gecko) Mobile Safari/537.36 (compatible; PetalBot;+https://webmaster.petalsearch.com/site/petalbot)"
54.36.148.117 - - [09/Jul/2021:02:11:42 -0400] "GET /2019/04/27/ HTTP/1.1" 200 18347 "-" "Mozilla/5.0 (compatible; AhrefsBot/7.0; +http://ahrefs.com/robot/)"
207.46.13.54 - - [09/Jul/2021:02:12:11 -0400] "GET /wp-content/uploads/2020/04/picture-38-1159x1536.jpg HTTP/1.1" 200 2490704 "-" "Mozilla/5.0 (compatible; bingbot/2.0; +http://www.bing.com/bingbot.htm)"
204.48.19.85 - - [09/Jul/2021:02:12:22 -0400] "POST /wp-cron.php?doing_wp_cron=1625811142.9291579723358154296875 HTTP/1.1" 200 6295 "https://ajhydell.com/wp-cron.php?doing_wp_cron=1625811142.9291579723358154296875" "WordPress/5.7.2; https://ajhydell.com"
17.121.115.239 - - [09/Jul/2021:02:12:22 -0400] "GET /2019/10/14/edward-evans-observing-an-occultation-of-jupiter-during-the-terra-nova-antarctic-expedition-june-8-1911-615x797/ HTTP/1.1" 200 18332 "-" "Mozilla/5.0 (Macintosh; Intel Mac OS X 10_15_5) AppleWebKit/605.1.15 (KHTML, like Gecko) Version/13.1.1 Safari/605.1.15 (Applebot/0.1; +http://www.apple.com/go/applebot)"
114.119.158.133 - - [09/Jul/2021:02:12:39 -0400] "GET /2021/05/03/cartoon-1930/ HTTP/1.1" 200 18088 "-" "Mozilla/5.0 (Linux; Android 7.0;) AppleWebKit/537.36 (KHTML, like Gecko) Mobile Safari/537.36 (compatible; PetalBot;+https://webmaster.petalsearch.com/site/petalbot)"
114.119.143.168 - - [09/Jul/2021:02:14:34 -0400] "GET /wp-content/uploads/2020/08/picture-11.jpg HTTP/1.1" 200 5736 "-" "Mozilla/5.0 (Linux; Android 7.0;) AppleWebKit/537.36 (KHTML, like Gecko) Mobile Safari/537.36 (compatible; PetalBot;+https://webmaster.petalsearch.com/site/petalbot)"
204.48.19.85 - - [09/Jul/2021:02:15:09 -0400] "GET / HTTP/1.1" 200 20288 "https://ajhydell.com/" "WordPress/5.7.2; https://ajhydell.com"
204.48.19.85 - - [09/Jul/2021:02:15:08 -0400] "POST /wp-cron.php?doing_wp_cron=1625811308.6353209018707275390625 HTTP/1.1" 200 6295 "https://ajhydell.com/wp-cron.php?doing_wp_cron=1625811308.6353209018707275390625" "WordPress/5.7.2; https://ajhydell.com"
207.46.13.147 - - [09/Jul/2021:02:15:08 -0400] "GET /2019/09/17/75-years-ago-today-operation-market-garden-began-here-we-see-several-british-troopers-surrender-near-arnhems-infamous-bridge-over-the-river-rhine-after-several-days-of-brutal-battle-arnhem-the-n/ HTTP/1.1" 200 18744 "-" "Mozilla/5.0 (compatible; bingbot/2.0; +http://www.bing.com/bingbot.htm)"
207.46.13.147 - - [09/Jul/2021:02:15:09 -0400] "GET /2019/09/20/ceca-drobnjak-miss-kingdom-of-yugoslavia-1930-639x949/ HTTP/1.1" 200 12814 "-" "Mozilla/5.0 (compatible; bingbot/2.0; +http://www.bing.com/bingbot.htm)"
17.121.112.55 - - [09/Jul/2021:02:15:24 -0400] "GET /2019/05/04/an-american-tourist-in-havana-1950s-913x695/ HTTP/1.1" 200 18167 "-" "Mozilla/5.0 (Macintosh; Intel Mac OS X 10_15_5) AppleWebKit/605.1.15 (KHTML, like Gecko) Version/13.1.1 Safari/605.1.15 (Applebot/0.1; +http://www.apple.com/go/applebot)"
207.46.13.70 - - [09/Jul/2021:02:15:31 -0400] "GET /wp-content/uploads/2021/02/picture-131.jpg HTTP/1.1" 200 3812011 "-" "Mozilla/5.0 (compatible; bingbot/2.0; +http://www.bing.com/bingbot.htm)"
204.48.19.85 - - [09/Jul/2021:02:16:05 -0400] "POST /wp-cron.php?doing_wp_cron=1625811365.4494009017944335937500 HTTP/1.1" 200 6295 "https://ajhydell.com/wp-cron.php?doing_wp_cron=1625811365.4494009017944335937500" "WordPress/5.7.2; https://ajhydell.com"
114.119.156.206 - - [09/Jul/2021:02:16:05 -0400] "GET /2021/04/13/then-princess-juliana-of-the-netherlands-with-kaiser-wilhelm-ii-doorn-1938-884-x-489/ HTTP/1.1" 200 18337 "-" "Mozilla/5.0 (Linux; Android 7.0;) AppleWebKit/537.36 (KHTML, like Gecko) Mobile Safari/537.36 (compatible; PetalBot;+https://webmaster.petalsearch.com/site/petalbot)"
68.190.43.244 - - [09/Jul/2021:02:16:14 -0400] "GET /wp-content/uploads/2020/05/picture-18-1536x1015.jpg HTTP/1.1" 200 104584 "https://www.bing.com/" "Mozilla/5.0 (Windows NT 6.1; Win64; x64) AppleWebKit/537.36 (KHTML, like Gecko) Chrome/91.0.4472.124 Safari/537.36 Edg/91.0.864.64"
204.48.19.85 - - [09/Jul/2021:02:16:59 -0400] "POST /wp-cron.php?doing_wp_cron=1625811419.3815391063690185546875 HTTP/1.1" 200 6295 "https://ajhydell.com/wp-cron.php?doing_wp_cron=1625811419.3815391063690185546875" "WordPress/5.7.2; https://ajhydell.com"
54.36.148.117 - - [09/Jul/2021:02:16:59 -0400] "GET /2020/08/24/ HTTP/1.1" 200 18701 "-" "Mozilla/5.0 (compatible; AhrefsBot/7.0; +http://ahrefs.com/robot/)"
204.48.19.85 - - [09/Jul/2021:02:17:49 -0400] "POST /wp-cron.php?doing_wp_cron=1625811469.7752780914306640625000 HTTP/1.1" 200 6295 "https://ajhydell.com/wp-cron.php?doing_wp_cron=1625811469.7752780914306640625000" "WordPress/5.7.2; https://ajhydell.com"
185.191.171.24 - - [09/Jul/2021:02:17:49 -0400] "GET /robots.txt HTTP/1.1" 200 6480 "-" "Mozilla/5.0 (compatible; SemrushBot/7~bl; +http://www.semrush.com/bot.html)"
185.191.171.43 - - [09/Jul/2021:02:17:49 -0400] "GET /2021/06/21/nazi-germany-vision-of-greatness-1933/ HTTP/1.1" 200 18907 "-" "Mozilla/5.0 (compatible; SemrushBot/7~bl; +http://www.semrush.com/bot.html)"
157.55.39.62 - - [09/Jul/2021:02:17:59 -0400] "GET /2018/10/05/a-native-american-klickitat-brave-taken-in-1899-by-benjamin-gifford/ HTTP/1.1" 200 18411 "-" "Mozilla/5.0 (compatible; bingbot/2.0; +http://www.bing.com/bingbot.htm)"
207.46.13.137 - - [09/Jul/2021:02:18:12 -0400] "GET /?wordfence_lh=1&hid=0CBFF4921CBDE5BEC55B417F9C70D06D&r=0.9020562825625029 HTTP/1.1" 200 5918 "-" "Mozilla/5.0 (compatible; bingbot/2.0; +http://www.bing.com/bingbot.htm)"
114.119.138.170 - - [09/Jul/2021:02:18:26 -0400] "GET /2018/08/28/human-fly-george-willig-scales-the-exterior-of-the-world-trade-centers-south-tower-in-1977-completing-the-climb-in-3-5-hours-he-was-arrested-at-the-top-after-signing-several-autographs-and-wa/ HTTP/1.1" 200 18724 "-" "Mozilla/5.0 (Linux; Android 7.0;) AppleWebKit/537.36 (KHTML, like Gecko) Mobile Safari/537.36 (compatible; PetalBot;+https://webmaster.petalsearch.com/site/petalbot)"
204.48.19.85 - - [09/Jul/2021:02:18:56 -0400] "POST /wp-cron.php?doing_wp_cron=1625811536.7948520183563232421875 HTTP/1.1" 200 6295 "https://ajhydell.com/wp-cron.php?doing_wp_cron=1625811536.7948520183563232421875" "WordPress/5.7.2; https://ajhydell.com"
207.46.13.67 - - [09/Jul/2021:02:18:56 -0400] "GET /2020/05/19/the-european-defence-society-threatens-peace-east-germany-1954/ HTTP/1.1" 200 18432 "-" "Mozilla/5.0 (compatible; bingbot/2.0; +http://www.bing.com/bingbot.htm)"
112.133.245.171 - - [09/Jul/2021:02:19:35 -0400] "POST /xmlrpc.php HTTP/1.1" 403 6139 "-" "Mozilla/5.0 (X11; Linux i686; rv:2.0.1) Gecko/20100101 Firefox/4.0.1"
112.133.245.171 - - [09/Jul/2021:02:19:36 -0400] "POST /wp-login.php HTTP/1.1" 200 14480 "-" "Mozilla/5.0 (X11; Linux i686; rv:2.0.1) Gecko/20100101 Firefox/4.0.1"
204.48.19.85 - - [09/Jul/2021:02:20:08 -0400] "POST /wp-cron.php?doing_wp_cron=1625811608.5264890193939208984375 HTTP/1.1" 200 6295 "https://ajhydell.com/wp-cron.php?doing_wp_cron=1625811608.5264890193939208984375" "WordPress/5.7.2; https://ajhydell.com"
114.119.158.133 - - [09/Jul/2021:02:20:08 -0400] "GET /2018/08/25/royal-navy-convoy-from-alexandria-to-malta-meets-and-engages-italian-warships-in-the-mediterranean-22-march-1942-hms-cleopatra-throws-out-smoke-to-shield-the-convoy-as-hms-euryalus-elevates-her-forw HTTP/1.1" 301 5961 "-" "Mozilla/5.0 (Linux; Android 7.0;) AppleWebKit/537.36 (KHTML, like Gecko) Mobile Safari/537.36 (compatible; PetalBot;+https://webmaster.petalsearch.com/site/petalbot)"
114.119.158.133 - - [09/Jul/2021:02:20:10 -0400] "GET /2018/08/25/royal-navy-convoy-from-alexandria-to-malta-meets-and-engages-italian-warships-in-the-mediterranean-22-march-1942-hms-cleopatra-throws-out-smoke-to-shield-the-convoy-as-hms-euryalus-elevates-her-forw/ HTTP/1.1" 200 13369 "-" "Mozilla/5.0 (Linux; Android 7.0;) AppleWebKit/537.36 (KHTML, like Gecko) Mobile Safari/537.36 (compatible; PetalBot;+https://webmaster.petalsearch.com/site/petalbot)"
185.191.171.16 - - [09/Jul/2021:02:20:20 -0400] "GET /2021/01/31/a-de-havilland-mosquito-fb-mark-vi-of-no-110-squadron-raf-taxies-out-for-a-sortie-past-another-aircraft-of-the-squadron-at-joari-india-january-1945/ HTTP/1.1" 200 19160 "-" "Mozilla/5.0 (compatible; SemrushBot/7~bl; +http://www.semrush.com/bot.html)"
157.55.39.106 - - [09/Jul/2021:02:20:44 -0400] "GET /2021/07/05/american-soldiers-watch-the-eruption-of-mt-vesuvius-1944 HTTP/1.1" 301 6049 "-" "Mozilla/5.0 (compatible; bingbot/2.0; +http://www.bing.com/bingbot.htm)"
204.48.19.85 - - [09/Jul/2021:02:20:46 -0400] "POST /wp-cron.php?doing_wp_cron=1625811646.1434519290924072265625 HTTP/1.1" 200 6295 "https://ajhydell.com/wp-cron.php?doing_wp_cron=1625811646.1434519290924072265625" "WordPress/5.7.2; https://ajhydell.com"
207.46.13.70 - - [09/Jul/2021:02:20:46 -0400] "GET /2021/07/05/american-soldiers-watch-the-eruption-of-mt-vesuvius-1944/ HTTP/1.1" 200 18648 "-" "Mozilla/5.0 (compatible; bingbot/2.0; +http://www.bing.com/bingbot.htm)"
54.36.148.117 - - [09/Jul/2021:02:21:04 -0400] "GET /2021/06/19/kool-aid-1956/ HTTP/1.1" 200 18805 "-" "Mozilla/5.0 (compatible; AhrefsBot/7.0; +http://ahrefs.com/robot/)"
185.191.171.43 - - [09/Jul/2021:02:21:07 -0400] "GET /2020/06/06/vietnam-war-a-6ft-5in-machine-gunner-with-the-us-9th-infantry-division-is-submerged-except-for-his-rifle-as-he-crosses-a-muddy-stream-in-the-mekong-delta-south-of-saigon-on-10-september-1968-photogr/ HTTP/1.1" 200 19182 "-" "Mozilla/5.0 (compatible; SemrushBot/7~bl; +http://www.semrush.com/bot.html)"
114.119.143.168 - - [09/Jul/2021:02:21:08 -0400] "GET /2020/09/28 HTTP/1.1" 301 5717 "-" "Mozilla/5.0 (Linux; Android 7.0;) AppleWebKit/537.36 (KHTML, like Gecko) Mobile Safari/537.36 (compatible; PetalBot;+https://webmaster.petalsearch.com/site/petalbot)"
114.119.143.168 - - [09/Jul/2021:02:21:10 -0400] "GET /2020/09/28/ HTTP/1.1" 200 13210 "-" "Mozilla/5.0 (Linux; Android 7.0;) AppleWebKit/537.36 (KHTML, like Gecko) Mobile Safari/537.36 (compatible; PetalBot;+https://webmaster.petalsearch.com/site/petalbot)"
207.46.13.137 - - [09/Jul/2021:02:23:03 -0400] "GET /wp-content/uploads/2020/04/picture-68.jpg HTTP/1.1" 200 2248036 "-" "Mozilla/5.0 (compatible; bingbot/2.0; +http://www.bing.com/bingbot.htm)"
204.48.19.85 - - [09/Jul/2021:02:23:08 -0400] "POST /wp-cron.php?doing_wp_cron=1625811788.7084081172943115234375 HTTP/1.1" 200 6295 "https://ajhydell.com/wp-cron.php?doing_wp_cron=1625811788.7084081172943115234375" "WordPress/5.7.2; https://ajhydell.com"
114.119.158.138 - - [09/Jul/2021:02:23:08 -0400] "GET /2018/12/13 HTTP/1.1" 301 5931 "-" "Mozilla/5.0 (Linux; Android 7.0;) AppleWebKit/537.36 (KHTML, like Gecko) Mobile Safari/537.36 (compatible; PetalBot;+https://webmaster.petalsearch.com/site/petalbot)"
114.119.158.138 - - [09/Jul/2021:02:23:09 -0400] "GET /2018/12/13/ HTTP/1.1" 200 12355 "-" "Mozilla/5.0 (Linux; Android 7.0;) AppleWebKit/537.36 (KHTML, like Gecko) Mobile Safari/537.36 (compatible; PetalBot;+https://webmaster.petalsearch.com/site/petalbot)"
114.119.158.138 - - [09/Jul/2021:02:23:09 -0400] "GET /wp-content/plugins/add-expires-headers/cache/0/com/processed-header-f16a8d323e83e1bc1b76514e283fb81b7090a959.min.css HTTP/1.1" 200 52762 "https://ajhydell.com/2018/12/13/" "Mozilla/5.0 (Linux; Android 7.0;) AppleWebKit/537.36 (KHTML, like Gecko) Mobile Safari/537.36 (compatible; PetalBot;+https://webmaster.petalsearch.com/site/petalbot)"
