114.119.151.93 - - [11/Jul/2021:06:22:30 -0400] "GET /2019/03/10/ HTTP/1.1" 200 12372 "-" "Mozilla/5.0 (Linux; Android 7.0;) AppleWebKit/537.36 (KHTML, like Gecko) Mobile Safari/537.36 (compatible; PetalBot;+https://webmaster.petalsearch.com/site/petalbot)"
45.151.248.94 - - [11/Jul/2021:06:22:38 -0400] "GET /wp-login.php HTTP/1.1" 200 8605 "-" "Mozilla/5.0 (X11; Ubuntu; Linux x86_64; rv:62.0) Gecko/20100101 Firefox/62.0"
173.252.127.19 - - [11/Jul/2021:06:22:47 -0400] "GET /wp-content/uploads/2021/04/picture-51.jpg HTTP/1.1" 200 149971 "-" "facebookexternalhit/1.1 (+http://www.facebook.com/externalhit_uatext.php)"
173.252.127.20 - - [11/Jul/2021:06:22:47 -0400] "GET /wp-content/uploads/2021/04/picture-53.jpg HTTP/1.1" 200 148258 "-" "facebookexternalhit/1.1 (+http://www.facebook.com/externalhit_uatext.php)"
173.252.127.8 - - [11/Jul/2021:06:22:47 -0400] "GET /wp-content/uploads/2021/04/picture-54-752x1024.jpg HTTP/1.1" 200 151498 "-" "facebookexternalhit/1.1 (+http://www.facebook.com/externalhit_uatext.php)"
173.252.127.19 - - [11/Jul/2021:06:22:47 -0400] "GET /wp-content/uploads/2021/04/picture-52.jpg HTTP/1.1" 200 292941 "-" "facebookexternalhit/1.1 (+http://www.facebook.com/externalhit_uatext.php)"
173.252.127.7 - - [11/Jul/2021:06:22:47 -0400] "GET /wp-content/uploads/2021/04/picture-55-1024x778.jpg HTTP/1.1" 200 1440558 "-" "facebookexternalhit/1.1 (+http://www.facebook.com/externalhit_uatext.php)"
204.48.19.85 - - [11/Jul/2021:06:22:57 -0400] "POST /wp-cron.php?doing_wp_cron=1625998977.0174419879913330078125 HTTP/1.1" 200 6295 "https://ajhydell.com/wp-cron.php?doing_wp_cron=1625998977.0174419879913330078125" "WordPress/5.7.2; https://ajhydell.com"
45.151.248.94 - - [11/Jul/2021:06:22:56 -0400] "POST /wp-login.php HTTP/1.1" 200 8696 "-" "Mozilla/5.0 (X11; Ubuntu; Linux x86_64; rv:62.0) Gecko/20100101 Firefox/62.0"
45.151.248.94 - - [11/Jul/2021:06:23:16 -0400] "POST /xmlrpc.php HTTP/1.1" 200 5852 "-" "Mozilla/5.0 (X11; Ubuntu; Linux x86_64; rv:62.0) Gecko/20100101 Firefox/62.0"
204.48.19.85 - - [11/Jul/2021:06:23:53 -0400] "POST /wp-cron.php?doing_wp_cron=1625999033.0918779373168945312500 HTTP/1.1" 200 6295 "https://ajhydell.com/wp-cron.php?doing_wp_cron=1625999033.0918779373168945312500" "WordPress/5.7.2; https://ajhydell.com"
66.249.66.134 - - [11/Jul/2021:06:23:53 -0400] "GET /feed/ HTTP/1.1" 200 8210 "-" "Mozilla/5.0 (compatible; Googlebot/2.1; +http://www.google.com/bot.html)"
204.48.19.85 - - [11/Jul/2021:06:25:11 -0400] "POST /wp-cron.php?doing_wp_cron=1625999111.5281810760498046875000 HTTP/1.1" 200 6295 "https://ajhydell.com/wp-cron.php?doing_wp_cron=1625999111.5281810760498046875000" "WordPress/5.7.2; https://ajhydell.com"
114.119.143.168 - - [11/Jul/2021:06:25:11 -0400] "GET /2021/02/08/ HTTP/1.1" 200 18209 "-" "Mozilla/5.0 (Linux; Android 7.0;) AppleWebKit/537.36 (KHTML, like Gecko) Mobile Safari/537.36 (compatible; PetalBot;+https://webmaster.petalsearch.com/site/petalbot)"
114.119.151.146 - - [11/Jul/2021:06:25:21 -0400] "GET /page/65/ HTTP/1.1" 200 20046 "-" "Mozilla/5.0 (Linux; Android 7.0;) AppleWebKit/537.36 (KHTML, like Gecko) Mobile Safari/537.36 (compatible; PetalBot;+https://webmaster.petalsearch.com/site/petalbot)"
204.48.19.85 - - [11/Jul/2021:06:25:55 -0400] "POST /wp-cron.php?doing_wp_cron=1625999155.8168029785156250000000 HTTP/1.1" 200 6295 "https://ajhydell.com/wp-cron.php?doing_wp_cron=1625999155.8168029785156250000000" "WordPress/5.7.2; https://ajhydell.com"
114.119.143.168 - - [11/Jul/2021:06:25:55 -0400] "GET /2019/10/16 HTTP/1.1" 301 5717 "-" "Mozilla/5.0 (Linux; Android 7.0;) AppleWebKit/537.36 (KHTML, like Gecko) Mobile Safari/537.36 (compatible; PetalBot;+https://webmaster.petalsearch.com/site/petalbot)"
114.119.143.168 - - [11/Jul/2021:06:25:56 -0400] "GET /2019/10/16/ HTTP/1.1" 200 12270 "-" "Mozilla/5.0 (Linux; Android 7.0;) AppleWebKit/537.36 (KHTML, like Gecko) Mobile Safari/537.36 (compatible; PetalBot;+https://webmaster.petalsearch.com/site/petalbot)"
66.249.66.136 - - [11/Jul/2021:06:26:08 -0400] "GET /post-sitemap6.xml HTTP/1.1" 200 16609 "-" "Mozilla/5.0 (compatible; Googlebot/2.1; +http://www.google.com/bot.html)"
92.118.160.5 - - [11/Jul/2021:06:26:49 -0400] "GET / HTTP/1.1" 301 521 "-" "NetSystemsResearch studies the availability of various services across the internet. Our website is netsystemsresearch.com"
204.48.19.85 - - [11/Jul/2021:06:26:50 -0400] "POST /wp-cron.php?doing_wp_cron=1625999210.0824060440063476562500 HTTP/1.1" 200 6295 "https://ajhydell.com/wp-cron.php?doing_wp_cron=1625999210.0824060440063476562500" "WordPress/5.7.2; https://ajhydell.com"
92.118.160.5 - - [11/Jul/2021:06:26:50 -0400] "GET / HTTP/1.1" 301 5683 "http://204.48.19.85:80/" "Go http package"
92.118.160.5 - - [11/Jul/2021:06:26:50 -0400] "GET / HTTP/1.1" 200 101239 "-" "Go http package"
66.249.66.134 - - [11/Jul/2021:06:26:51 -0400] "GET /2019/10/22/ HTTP/1.1" 200 18135 "-" "Mozilla/5.0 (Linux; Android 6.0.1; Nexus 5X Build/MMB29P) AppleWebKit/537.36 (KHTML, like Gecko) Chrome/91.0.4472.90 Mobile Safari/537.36 (compatible; Googlebot/2.1; +http://www.google.com/bot.html)"
185.191.171.5 - - [11/Jul/2021:06:27:27 -0400] "GET /2021/02/25/hitler-wants-to-eat-we-feed-him-1941/ HTTP/1.1" 200 18613 "-" "Mozilla/5.0 (compatible; SemrushBot/7~bl; +http://www.semrush.com/bot.html)"
204.48.19.85 - - [11/Jul/2021:06:28:17 -0400] "POST /wp-cron.php?doing_wp_cron=1625999297.0308020114898681640625 HTTP/1.1" 200 6295 "https://ajhydell.com/wp-cron.php?doing_wp_cron=1625999297.0308020114898681640625" "WordPress/5.7.2; https://ajhydell.com"
114.119.143.168 - - [11/Jul/2021:06:28:16 -0400] "GET /2018/11/22/the-only-known-photograph-of-an-african-american-union-soldier-with-his-family-circa-1863/ HTTP/1.1" 200 18068 "-" "Mozilla/5.0 (Linux; Android 7.0;) AppleWebKit/537.36 (KHTML, like Gecko) Mobile Safari/537.36 (compatible; PetalBot;+https://webmaster.petalsearch.com/site/petalbot)"
204.48.19.85 - - [11/Jul/2021:06:29:22 -0400] "POST /wp-cron.php?doing_wp_cron=1625999362.0114660263061523437500 HTTP/1.1" 200 6295 "https://ajhydell.com/wp-cron.php?doing_wp_cron=1625999362.0114660263061523437500" "WordPress/5.7.2; https://ajhydell.com"
34.241.187.179 - - [11/Jul/2021:06:29:21 -0400] "GET /feed/ HTTP/1.1" 200 8154 "-" "Krzana bot"
168.119.68.178 - - [11/Jul/2021:06:29:36 -0400] "-" 408 6073 "-" "-"
204.48.19.85 - - [11/Jul/2021:06:30:18 -0400] "POST /wp-cron.php?doing_wp_cron=1625999418.3507370948791503906250 HTTP/1.1" 200 6295 "https://ajhydell.com/wp-cron.php?doing_wp_cron=1625999418.3507370948791503906250" "WordPress/5.7.2; https://ajhydell.com"
54.36.148.117 - - [11/Jul/2021:06:30:18 -0400] "GET /2018/10/14/italian-waffen-ss-with-an-anti-tank-gun-on-the-gothic-line-1944/ HTTP/1.1" 200 18542 "-" "Mozilla/5.0 (compatible; AhrefsBot/7.0; +http://ahrefs.com/robot/)"
114.119.147.211 - - [11/Jul/2021:06:30:27 -0400] "GET /2018/11/page/8 HTTP/1.1" 301 5721 "-" "Mozilla/5.0 (Linux; Android 7.0;) AppleWebKit/537.36 (KHTML, like Gecko) Mobile Safari/537.36 (compatible; PetalBot;+https://webmaster.petalsearch.com/site/petalbot)"
114.119.147.211 - - [11/Jul/2021:06:30:28 -0400] "GET /2018/11/page/8/ HTTP/1.1" 200 13782 "-" "Mozilla/5.0 (Linux; Android 7.0;) AppleWebKit/537.36 (KHTML, like Gecko) Mobile Safari/537.36 (compatible; PetalBot;+https://webmaster.petalsearch.com/site/petalbot)"
204.48.19.85 - - [11/Jul/2021:06:30:53 -0400] "POST /wp-cron.php?doing_wp_cron=1625999453.0166380405426025390625 HTTP/1.1" 200 6295 "https://ajhydell.com/wp-cron.php?doing_wp_cron=1625999453.0166380405426025390625" "WordPress/5.7.2; https://ajhydell.com"
185.191.171.18 - - [11/Jul/2021:06:30:52 -0400] "GET /2021/03/09/moscow-samba-march-1-1953-new-york-times-guatemala-was-accused-of-having-communist-ties-because-of-seizing-unused-land-of-ufcunited-fruit-company/ HTTP/1.1" 200 18811 "-" "Mozilla/5.0 (compatible; SemrushBot/7~bl; +http://www.semrush.com/bot.html)"
204.48.19.85 - - [11/Jul/2021:06:32:36 -0400] "POST /wp-cron.php?doing_wp_cron=1625999556.3828539848327636718750 HTTP/1.1" 200 6295 "https://ajhydell.com/wp-cron.php?doing_wp_cron=1625999556.3828539848327636718750" "WordPress/5.7.2; https://ajhydell.com"
114.119.151.93 - - [11/Jul/2021:06:32:36 -0400] "GET /2020/08/page/9 HTTP/1.1" 301 5721 "-" "Mozilla/5.0 (Linux; Android 7.0;) AppleWebKit/537.36 (KHTML, like Gecko) Mobile Safari/537.36 (compatible; PetalBot;+https://webmaster.petalsearch.com/site/petalbot)"
204.48.19.85 - - [11/Jul/2021:06:32:45 -0400] "POST /wp-cron.php?doing_wp_cron=1625999565.2743608951568603515625 HTTP/1.1" 200 6295 "https://ajhydell.com/wp-cron.php?doing_wp_cron=1625999565.2743608951568603515625" "WordPress/5.7.2; https://ajhydell.com"
114.119.151.93 - - [11/Jul/2021:06:32:45 -0400] "GET /2020/08/page/9/ HTTP/1.1" 200 14184 "-" "Mozilla/5.0 (Linux; Android 7.0;) AppleWebKit/537.36 (KHTML, like Gecko) Mobile Safari/537.36 (compatible; PetalBot;+https://webmaster.petalsearch.com/site/petalbot)"
114.119.138.170 - - [11/Jul/2021:06:32:56 -0400] "GET /2019/01/15/ HTTP/1.1" 200 17640 "-" "Mozilla/5.0 (Linux; Android 7.0;) AppleWebKit/537.36 (KHTML, like Gecko) Mobile Safari/537.36 (compatible; PetalBot;+https://webmaster.petalsearch.com/site/petalbot)"
204.48.19.85 - - [11/Jul/2021:06:33:51 -0400] "POST /wp-cron.php?doing_wp_cron=1625999631.7491440773010253906250 HTTP/1.1" 200 6295 "https://ajhydell.com/wp-cron.php?doing_wp_cron=1625999631.7491440773010253906250" "WordPress/5.7.2; https://ajhydell.com"
157.55.39.62 - - [11/Jul/2021:06:33:51 -0400] "GET / HTTP/1.1" 200 19718 "-" "Mozilla/5.0 (compatible; bingbot/2.0; +http://www.bing.com/bingbot.htm)"
66.249.66.134 - - [11/Jul/2021:06:34:02 -0400] "GET /2021/07/10/president-nixon-dines-with-chinese-leaders-in-beijing-1972-2000x1320/feed/ HTTP/1.1" 200 7203 "-" "Mozilla/5.0 (Linux; Android 6.0.1; Nexus 5X Build/MMB29P) AppleWebKit/537.36 (KHTML, like Gecko) Chrome/91.0.4472.90 Mobile Safari/537.36 (compatible; Googlebot/2.1; +http://www.google.com/bot.html)"
114.119.132.183 - - [11/Jul/2021:06:34:16 -0400] "GET /2021/04/14/the-conservative-party-elections-poster-from-1992-united-kingdom-general-election/ HTTP/1.1" 200 18156 "-" "Mozilla/5.0 (Linux; Android 7.0;) AppleWebKit/537.36 (KHTML, like Gecko) Mobile Safari/537.36 (compatible; PetalBot;+https://webmaster.petalsearch.com/site/petalbot)"
204.48.19.85 - - [11/Jul/2021:06:36:09 -0400] "POST /wp-cron.php?doing_wp_cron=1625999769.7968170642852783203125 HTTP/1.1" 200 6295 "https://ajhydell.com/wp-cron.php?doing_wp_cron=1625999769.7968170642852783203125" "WordPress/5.7.2; https://ajhydell.com"
114.119.156.206 - - [11/Jul/2021:06:36:09 -0400] "GET /2021/02/04/ HTTP/1.1" 200 18125 "-" "Mozilla/5.0 (Linux; Android 7.0;) AppleWebKit/537.36 (KHTML, like Gecko) Mobile Safari/537.36 (compatible; PetalBot;+https://webmaster.petalsearch.com/site/petalbot)"
157.55.39.79 - - [11/Jul/2021:06:36:10 -0400] "GET /2021/07/11/american-elections-soviet-union-1970s/ HTTP/1.1" 200 17959 "-" "Mozilla/5.0 (compatible; bingbot/2.0; +http://www.bing.com/bingbot.htm)"
40.77.139.60 - - [11/Jul/2021:06:36:12 -0400] "GET /wp-content/themes/royal-magazine/js/skip-link-focus-fix.js?ver=20151215 HTTP/1.1" 200 6966 "https://ajhydell.com/2021/07/11/american-elections-soviet-union-1970s/" "Mozilla/5.0 (Windows NT 6.1; WOW64) AppleWebKit/534+ (KHTML, like Gecko) BingPreview/1.0b"
40.77.139.60 - - [11/Jul/2021:06:36:12 -0400] "GET /wp-includes/js/wp-embed.min.js?ver=5.7.2 HTTP/1.1" 200 7251 "https://ajhydell.com/2021/07/11/american-elections-soviet-union-1970s/" "Mozilla/5.0 (Windows NT 6.1; WOW64) AppleWebKit/534+ (KHTML, like Gecko) BingPreview/1.0b"
40.77.139.60 - - [11/Jul/2021:06:36:12 -0400] "GET /wp-content/themes/royal-magazine/assets/libraries/slick/js/slick.min.js?ver=5.7.2 HTTP/1.1" 200 16732 "https://ajhydell.com/2021/07/11/american-elections-soviet-union-1970s/" "Mozilla/5.0 (Windows NT 6.1; WOW64) AppleWebKit/534+ (KHTML, like Gecko) BingPreview/1.0b"
40.77.139.60 - - [11/Jul/2021:06:36:12 -0400] "GET /wp-content/themes/royal-magazine/assets/twp/js/custom-script.js?ver=5.7.2 HTTP/1.1" 200 9037 "https://ajhydell.com/2021/07/11/american-elections-soviet-union-1970s/" "Mozilla/5.0 (Windows NT 6.1; WOW64) AppleWebKit/534+ (KHTML, like Gecko) BingPreview/1.0b"
40.77.139.60 - - [11/Jul/2021:06:36:16 -0400] "GET /?wordfence_lh=1&hid=4F7C1A22DD10540462F04FE9F38B15A9&r=0.6544457033661084 HTTP/1.1" 200 347 "https://ajhydell.com/2021/07/11/american-elections-soviet-union-1970s/" "Mozilla/5.0 (Windows NT 6.1; WOW64) AppleWebKit/534+ (KHTML, like Gecko) BingPreview/1.0b"
204.48.19.85 - - [11/Jul/2021:06:36:51 -0400] "POST /wp-cron.php?doing_wp_cron=1625999811.7886168956756591796875 HTTP/1.1" 200 6295 "https://ajhydell.com/wp-cron.php?doing_wp_cron=1625999811.7886168956756591796875" "WordPress/5.7.2; https://ajhydell.com"
114.119.147.211 - - [11/Jul/2021:06:36:51 -0400] "GET /2020/07/20/hospitality-western-style-1952/ HTTP/1.1" 200 17894 "-" "Mozilla/5.0 (Linux; Android 7.0;) AppleWebKit/537.36 (KHTML, like Gecko) Mobile Safari/537.36 (compatible; PetalBot;+https://webmaster.petalsearch.com/site/petalbot)"
207.46.13.1 - - [11/Jul/2021:06:36:51 -0400] "GET /wp-content/uploads/2021/07/picture-47.jpg HTTP/1.1" 200 380894 "-" "Mozilla/5.0 (compatible; bingbot/2.0; +http://www.bing.com/bingbot.htm)"
40.77.167.108 - - [11/Jul/2021:06:36:56 -0400] "GET /wp-content/uploads/2021/07/picture-47-730x1024.jpg HTTP/1.1" 200 168930 "-" "Mozilla/5.0 (compatible; bingbot/2.0; +http://www.bing.com/bingbot.htm)"
40.77.167.85 - - [11/Jul/2021:06:37:00 -0400] "GET /wp-content/uploads/2021/07/picture-47-768x1078.jpg HTTP/1.1" 200 182845 "-" "Mozilla/5.0 (compatible; bingbot/2.0; +http://www.bing.com/bingbot.htm)"
49.7.20.68 - - [11/Jul/2021:06:38:16 -0400] "-" 408 5562 "-" "-"
204.48.19.85 - - [11/Jul/2021:06:38:54 -0400] "POST /wp-cron.php?doing_wp_cron=1625999934.5768449306488037109375 HTTP/1.1" 200 6295 "https://ajhydell.com/wp-cron.php?doing_wp_cron=1625999934.5768449306488037109375" "WordPress/5.7.2; https://ajhydell.com"
114.119.159.160 - - [11/Jul/2021:06:38:54 -0400] "GET /2019/01/06 HTTP/1.1" 301 5931 "-" "Mozilla/5.0 (Linux; Android 7.0;) AppleWebKit/537.36 (KHTML, like Gecko) Mobile Safari/537.36 (compatible; PetalBot;+https://webmaster.petalsearch.com/site/petalbot)"
185.191.171.3 - - [11/Jul/2021:06:38:54 -0400] "GET /2021/05/27/wwii-farewell/ HTTP/1.1" 200 18317 "-" "Mozilla/5.0 (compatible; SemrushBot/7~bl; +http://www.semrush.com/bot.html)"
114.119.159.160 - - [11/Jul/2021:06:38:54 -0400] "GET /2019/01/06/ HTTP/1.1" 200 12232 "-" "Mozilla/5.0 (Linux; Android 7.0;) AppleWebKit/537.36 (KHTML, like Gecko) Mobile Safari/537.36 (compatible; PetalBot;+https://webmaster.petalsearch.com/site/petalbot)"
114.119.159.160 - - [11/Jul/2021:06:38:55 -0400] "GET /wp-content/plugins/add-expires-headers/cache/0/com/processed-header-f16a8d323e83e1bc1b76514e283fb81b7090a959.min.css HTTP/1.1" 200 52762 "https://ajhydell.com/2019/01/06/" "Mozilla/5.0 (Linux; Android 7.0;) AppleWebKit/537.36 (KHTML, like Gecko) Mobile Safari/537.36 (compatible; PetalBot;+https://webmaster.petalsearch.com/site/petalbot)"
114.119.159.160 - - [11/Jul/2021:06:38:55 -0400] "GET /wp-content/plugins/google-analytics-for-wordpress/assets/js/frontend-gtag.min.js?ver=7.17.0 HTTP/1.1" 200 3437 "https://ajhydell.com/2019/01/06/" "Mozilla/5.0 (Linux; Android 7.0;) AppleWebKit/537.36 (KHTML, like Gecko) Mobile Safari/537.36 (compatible; PetalBot;+https://webmaster.petalsearch.com/site/petalbot)"
114.119.159.160 - - [11/Jul/2021:06:38:55 -0400] "GET /wp-content/plugins/wp-smushit/app/assets/js/smush-lazy-load.min.js?ver=3.8.7 HTTP/1.1" 200 4320 "https://ajhydell.com/2019/01/06/" "Mozilla/5.0 (Linux; Android 7.0;) AppleWebKit/537.36 (KHTML, like Gecko) Mobile Safari/537.36 (compatible; PetalBot;+https://webmaster.petalsearch.com/site/petalbot)"
114.119.159.160 - - [11/Jul/2021:06:38:55 -0400] "GET /wp-includes/js/jquery/jquery-migrate.min.js?ver=3.3.2 HTTP/1.1" 200 4805 "https://ajhydell.com/2019/01/06/" "Mozilla/5.0 (Linux; Android 7.0;) AppleWebKit/537.36 (KHTML, like Gecko) Mobile Safari/537.36 (compatible; PetalBot;+https://webmaster.petalsearch.com/site/petalbot)"
114.119.159.160 - - [11/Jul/2021:06:38:55 -0400] "GET /wp-includes/js/jquery/jquery.min.js?ver=3.5.1 HTTP/1.1" 200 31617 "https://ajhydell.com/2019/01/06/" "Mozilla/5.0 (Linux; Android 7.0;) AppleWebKit/537.36 (KHTML, like Gecko) Mobile Safari/537.36 (compatible; PetalBot;+https://webmaster.petalsearch.com/site/petalbot)"
114.119.159.160 - - [11/Jul/2021:06:38:55 -0400] "GET /wp-content/themes/royal-magazine/js/skip-link-focus-fix.js?ver=20151215 HTTP/1.1" 200 923 "https://ajhydell.com/2019/01/06/" "Mozilla/5.0 (Linux; Android 7.0;) AppleWebKit/537.36 (KHTML, like Gecko) Mobile Safari/537.36 (compatible; PetalBot;+https://webmaster.petalsearch.com/site/petalbot)"
114.119.159.160 - - [11/Jul/2021:06:38:55 -0400] "GET /wp-content/themes/royal-magazine/js/navigation.js?ver=20151215 HTTP/1.1" 200 1481 "https://ajhydell.com/2019/01/06/" "Mozilla/5.0 (Linux; Android 7.0;) AppleWebKit/537.36 (KHTML, like Gecko) Mobile Safari/537.36 (compatible; PetalBot;+https://webmaster.petalsearch.com/site/petalbot)"
114.119.159.160 - - [11/Jul/2021:06:38:56 -0400] "GET /wp-content/themes/royal-magazine/assets/libraries/slick/js/slick.min.js?ver=5.7.2 HTTP/1.1" 200 10686 "https://ajhydell.com/2019/01/06/" "Mozilla/5.0 (Linux; Android 7.0;) AppleWebKit/537.36 (KHTML, like Gecko) Mobile Safari/537.36 (compatible; PetalBot;+https://webmaster.petalsearch.com/site/petalbot)"
114.119.159.160 - - [11/Jul/2021:06:38:56 -0400] "GET /wp-content/themes/royal-magazine/assets/libraries/marquee/jquery.marquee.js?ver=5.7.2 HTTP/1.1" 200 5068 "https://ajhydell.com/2019/01/06/" "Mozilla/5.0 (Linux; Android 7.0;) AppleWebKit/537.36 (KHTML, like Gecko) Mobile Safari/537.36 (compatible; PetalBot;+https://webmaster.petalsearch.com/site/petalbot)"
114.119.159.160 - - [11/Jul/2021:06:38:56 -0400] "GET /wp-content/themes/royal-magazine/assets/libraries/bootstrap/js/bootstrap.min.js?ver=5.7.2 HTTP/1.1" 200 10346 "https://ajhydell.com/2019/01/06/" "Mozilla/5.0 (Linux; Android 7.0;) AppleWebKit/537.36 (KHTML, like Gecko) Mobile Safari/537.36 (compatible; PetalBot;+https://webmaster.petalsearch.com/site/petalbot)"
114.119.159.160 - - [11/Jul/2021:06:38:56 -0400] "GET /wp-content/themes/royal-magazine/assets/libraries/theiaStickySidebar/theia-sticky-sidebar.min.js?ver=5.7.2 HTTP/1.1" 200 2233 "https://ajhydell.com/2019/01/06/" "Mozilla/5.0 (Linux; Android 7.0;) AppleWebKit/537.36 (KHTML, like Gecko) Mobile Safari/537.36 (compatible; PetalBot;+https://webmaster.petalsearch.com/site/petalbot)"
114.119.159.160 - - [11/Jul/2021:06:38:56 -0400] "GET /wp-content/themes/royal-magazine/assets/libraries/magnific-popup/jquery.magnific-popup.min.js?ver=5.7.2 HTTP/1.1" 200 7835 "https://ajhydell.com/2019/01/06/" "Mozilla/5.0 (Linux; Android 7.0;) AppleWebKit/537.36 (KHTML, like Gecko) Mobile Safari/537.36 (compatible; PetalBot;+https://webmaster.petalsearch.com/site/petalbot)"
114.119.159.160 - - [11/Jul/2021:06:38:56 -0400] "GET /wp-content/themes/royal-magazine/assets/twp/js/custom-script.js?ver=5.7.2 HTTP/1.1" 200 2992 "https://ajhydell.com/2019/01/06/" "Mozilla/5.0 (Linux; Android 7.0;) AppleWebKit/537.36 (KHTML, like Gecko) Mobile Safari/537.36 (compatible; PetalBot;+https://webmaster.petalsearch.com/site/petalbot)"
114.119.159.160 - - [11/Jul/2021:06:38:56 -0400] "GET /wp-content/plugins/facebook-pagelike-widget/fb.js?ver=1.0 HTTP/1.1" 200 809 "https://ajhydell.com/2019/01/06/" "Mozilla/5.0 (Linux; Android 7.0;) AppleWebKit/537.36 (KHTML, like Gecko) Mobile Safari/537.36 (compatible; PetalBot;+https://webmaster.petalsearch.com/site/petalbot)"
114.119.159.160 - - [11/Jul/2021:06:38:56 -0400] "GET /wp-includes/js/wp-embed.min.js?ver=5.7.2 HTTP/1.1" 200 1208 "https://ajhydell.com/2019/01/06/" "Mozilla/5.0 (Linux; Android 7.0;) AppleWebKit/537.36 (KHTML, like Gecko) Mobile Safari/537.36 (compatible; PetalBot;+https://webmaster.petalsearch.com/site/petalbot)"
114.119.159.160 - - [11/Jul/2021:06:38:56 -0400] "GET /wp-includes/js/wp-emoji-release.min.js?ver=5.7.2 HTTP/1.1" 200 5149 "https://ajhydell.com/2019/01/06/" "Mozilla/5.0 (Linux; Android 7.0;) AppleWebKit/537.36 (KHTML, like Gecko) Mobile Safari/537.36 (compatible; PetalBot;+https://webmaster.petalsearch.com/site/petalbot)"
114.119.159.160 - - [11/Jul/2021:06:38:56 -0400] "GET /wp-content/themes/royal-magazine/assets/libraries/ionicons/fonts/ionicons.ttf HTTP/1.1" 200 189142 "https://ajhydell.com/wp-content/plugins/add-expires-headers/cache/0/com/processed-header-f16a8d323e83e1bc1b76514e283fb81b7090a959.min.css" "Mozilla/5.0 (Linux; Android 7.0;) AppleWebKit/537.36 (KHTML, like Gecko) Mobile Safari/537.36 (compatible; PetalBot;+https://webmaster.petalsearch.com/site/petalbot)"
114.119.159.160 - - [11/Jul/2021:06:38:56 -0400] "GET /?wordfence_lh=1&hid=B3D274A73EE661D291C936965BBE6BB2&r=0.13496658751894564 HTTP/1.1" 200 346 "https://ajhydell.com/2019/01/06/" "Mozilla/5.0 (Linux; Android 7.0;) AppleWebKit/537.36 (KHTML, like Gecko) Mobile Safari/537.36 (compatible; PetalBot;+https://webmaster.petalsearch.com/site/petalbot)"
114.119.143.210 - - [11/Jul/2021:06:39:32 -0400] "GET /2019/01/27/this-is-what-awaits-us-if-the-common-front-disarms-france-france-1940-artwork-by-andre-galland HTTP/1.1" 301 5857 "-" "Mozilla/5.0 (Linux; Android 7.0;) AppleWebKit/537.36 (KHTML, like Gecko) Mobile Safari/537.36 (compatible; PetalBot;+https://webmaster.petalsearch.com/site/petalbot)"
114.119.143.210 - - [11/Jul/2021:06:39:33 -0400] "GET /2019/01/27/this-is-what-awaits-us-if-the-common-front-disarms-france-france-1940-artwork-by-andre-galland/ HTTP/1.1" 200 13015 "-" "Mozilla/5.0 (Linux; Android 7.0;) AppleWebKit/537.36 (KHTML, like Gecko) Mobile Safari/537.36 (compatible; PetalBot;+https://webmaster.petalsearch.com/site/petalbot)"
204.48.19.85 - - [11/Jul/2021:06:40:14 -0400] "POST /wp-cron.php?doing_wp_cron=1626000014.8202788829803466796875 HTTP/1.1" 200 6295 "https://ajhydell.com/wp-cron.php?doing_wp_cron=1626000014.8202788829803466796875" "WordPress/5.7.2; https://ajhydell.com"
54.36.148.117 - - [11/Jul/2021:06:40:14 -0400] "GET /2021/06/11/ HTTP/1.1" 200 18657 "-" "Mozilla/5.0 (compatible; AhrefsBot/7.0; +http://ahrefs.com/robot/)"
204.48.19.85 - - [11/Jul/2021:06:40:59 -0400] "POST /wp-cron.php?doing_wp_cron=1626000059.2893149852752685546875 HTTP/1.1" 200 6295 "https://ajhydell.com/wp-cron.php?doing_wp_cron=1626000059.2893149852752685546875" "WordPress/5.7.2; https://ajhydell.com"
114.119.158.133 - - [11/Jul/2021:06:40:59 -0400] "GET /2019/01/08/an-automobile-arriving-from-the-eastern-sector-of-berlin-is-halted-by-west-berlin-police-in-1953-1033-x-1255/ HTTP/1.1" 200 18230 "-" "Mozilla/5.0 (Linux; Android 7.0;) AppleWebKit/537.36 (KHTML, like Gecko) Mobile Safari/537.36 (compatible; PetalBot;+https://webmaster.petalsearch.com/site/petalbot)"
66.249.66.132 - - [11/Jul/2021:06:41:15 -0400] "GET /robots.txt HTTP/1.1" 200 6517 "-" "Mozilla/5.0 (compatible; Googlebot/2.1; +http://www.google.com/bot.html)"
66.249.66.132 - - [11/Jul/2021:06:41:15 -0400] "GET /2019/10/22/the-friendship-of-the-people-of-china-the-soviet-union-is-everlasting-1962/feed/ HTTP/1.1" 200 7214 "-" "Mozilla/5.0 (Linux; Android 6.0.1; Nexus 5X Build/MMB29P) AppleWebKit/537.36 (KHTML, like Gecko) Chrome/91.0.4472.90 Mobile Safari/537.36 (compatible; Googlebot/2.1; +http://www.google.com/bot.html)"
204.48.19.85 - - [11/Jul/2021:06:43:15 -0400] "POST /wp-cron.php?doing_wp_cron=1626000195.2776460647583007812500 HTTP/1.1" 200 6295 "https://ajhydell.com/wp-cron.php?doing_wp_cron=1626000195.2776460647583007812500" "WordPress/5.7.2; https://ajhydell.com"
114.119.158.133 - - [11/Jul/2021:06:43:15 -0400] "GET /2021/04/08/teddy-roosevelt-in-his-rowing-gear-as-a-harvard-freshman-in-1877-450x665/ HTTP/1.1" 200 17927 "-" "Mozilla/5.0 (Linux; Android 7.0;) AppleWebKit/537.36 (KHTML, like Gecko) Mobile Safari/537.36 (compatible; PetalBot;+https://webmaster.petalsearch.com/site/petalbot)"
40.77.167.81 - - [11/Jul/2021:06:43:31 -0400] "GET /2020/10/03/us-poster-promoting-daily-showers-date-unknown/ HTTP/1.1" 200 18319 "-" "Mozilla/5.0 (compatible; bingbot/2.0; +http://www.bing.com/bingbot.htm)"
204.48.19.85 - - [11/Jul/2021:06:44:44 -0400] "POST /wp-cron.php?doing_wp_cron=1626000284.8860690593719482421875 HTTP/1.1" 200 6295 "https://ajhydell.com/wp-cron.php?doing_wp_cron=1626000284.8860690593719482421875" "WordPress/5.7.2; https://ajhydell.com"
114.119.138.170 - - [11/Jul/2021:06:44:44 -0400] "GET /2020/12/04/an-american-airlines-ad-from-june-1968-national-geographic-and-presumptively-many-other-magazine-brands/ HTTP/1.1" 200 18168 "-" "Mozilla/5.0 (Linux; Android 7.0;) AppleWebKit/537.36 (KHTML, like Gecko) Mobile Safari/537.36 (compatible; PetalBot;+https://webmaster.petalsearch.com/site/petalbot)"
204.48.19.85 - - [11/Jul/2021:06:45:43 -0400] "POST /wp-cron.php?doing_wp_cron=1626000343.1276481151580810546875 HTTP/1.1" 200 6295 "https://ajhydell.com/wp-cron.php?doing_wp_cron=1626000343.1276481151580810546875" "WordPress/5.7.2; https://ajhydell.com"
114.119.156.206 - - [11/Jul/2021:06:45:43 -0400] "GET /2018/08/29 HTTP/1.1" 301 5717 "-" "Mozilla/5.0 (Linux; Android 7.0;) AppleWebKit/537.36 (KHTML, like Gecko) Mobile Safari/537.36 (compatible; PetalBot;+https://webmaster.petalsearch.com/site/petalbot)"
114.119.156.206 - - [11/Jul/2021:06:45:43 -0400] "GET /2018/08/29/ HTTP/1.1" 200 12514 "-" "Mozilla/5.0 (Linux; Android 7.0;) AppleWebKit/537.36 (KHTML, like Gecko) Mobile Safari/537.36 (compatible; PetalBot;+https://webmaster.petalsearch.com/site/petalbot)"
66.249.66.136 - - [11/Jul/2021:06:46:41 -0400] "GET /wp-content/uploads/2021/07/picture-30.jpg HTTP/1.1" 200 60395 "-" "Googlebot-Image/1.0"
204.48.19.85 - - [11/Jul/2021:06:47:24 -0400] "POST /wp-cron.php?doing_wp_cron=1626000444.7367660999298095703125 HTTP/1.1" 200 6295 "https://ajhydell.com/wp-cron.php?doing_wp_cron=1626000444.7367660999298095703125" "WordPress/5.7.2; https://ajhydell.com"
114.119.132.183 - - [11/Jul/2021:06:47:24 -0400] "GET /2019/11/02/ HTTP/1.1" 200 17519 "-" "Mozilla/5.0 (Linux; Android 7.0;) AppleWebKit/537.36 (KHTML, like Gecko) Mobile Safari/537.36 (compatible; PetalBot;+https://webmaster.petalsearch.com/site/petalbot)"
204.48.19.85 - - [11/Jul/2021:06:48:22 -0400] "POST /wp-cron.php?doing_wp_cron=1626000502.8944809436798095703125 HTTP/1.1" 200 6295 "https://ajhydell.com/wp-cron.php?doing_wp_cron=1626000502.8944809436798095703125" "WordPress/5.7.2; https://ajhydell.com"
114.119.147.211 - - [11/Jul/2021:06:48:22 -0400] "GET /2020/03/20/ HTTP/1.1" 200 17588 "-" "Mozilla/5.0 (Linux; Android 7.0;) AppleWebKit/537.36 (KHTML, like Gecko) Mobile Safari/537.36 (compatible; PetalBot;+https://webmaster.petalsearch.com/site/petalbot)"
66.249.66.134 - - [11/Jul/2021:06:48:27 -0400] "GET /2019/05/10/a-rescue-worker-holds-a-cat-amidst-the-devastation-and-rubble-caused-by-a-v-bomb-in-judd-street-london-february-13-1945-1024-x-805/feed/ HTTP/1.1" 200 7271 "-" "Mozilla/5.0 (Linux; Android 6.0.1; Nexus 5X Build/MMB29P) AppleWebKit/537.36 (KHTML, like Gecko) Chrome/91.0.4472.90 Mobile Safari/537.36 (compatible; Googlebot/2.1; +http://www.google.com/bot.html)"
216.244.66.250 - - [11/Jul/2021:06:48:31 -0400] "GET /robots.txt HTTP/1.1" 301 529 "-" "Mozilla/5.0 (compatible; DotBot/1.2; +https://opensiteexplorer.org/dotbot; help@moz.com)"
216.244.66.250 - - [11/Jul/2021:06:48:31 -0400] "GET /robots.txt HTTP/1.1" 200 5859 "-" "Mozilla/5.0 (compatible; DotBot/1.2; +https://opensiteexplorer.org/dotbot; help@moz.com)"
207.46.13.147 - - [11/Jul/2021:06:48:54 -0400] "GET /wp-content/uploads/2020/08/picture-65.jpg HTTP/1.1" 200 89841 "-" "Mozilla/5.0 (compatible; bingbot/2.0; +http://www.bing.com/bingbot.htm)"
204.48.19.85 - - [11/Jul/2021:06:50:07 -0400] "POST /wp-cron.php?doing_wp_cron=1626000607.0919809341430664062500 HTTP/1.1" 200 6295 "https://ajhydell.com/wp-cron.php?doing_wp_cron=1626000607.0919809341430664062500" "WordPress/5.7.2; https://ajhydell.com"
40.77.167.40 - - [11/Jul/2021:06:50:07 -0400] "GET /robots.txt HTTP/1.1" 301 5926 "-" "Mozilla/5.0 (compatible; bingbot/2.0; +http://www.bing.com/bingbot.htm)"
40.77.167.40 - - [11/Jul/2021:06:50:07 -0400] "GET /robots.txt HTTP/1.1" 200 6094 "-" "Mozilla/5.0 (compatible; bingbot/2.0; +http://www.bing.com/bingbot.htm)"
207.46.13.67 - - [11/Jul/2021:06:50:19 -0400] "GET /2017/04/14/charlie-chaplin-with-albert-einstein-at-the-premiere-of-city-lights-1931/ HTTP/1.1" 301 6047 "-" "Mozilla/5.0 (compatible; bingbot/2.0; +http://www.bing.com/bingbot.htm)"
204.48.19.85 - - [11/Jul/2021:06:50:52 -0400] "POST /wp-cron.php?doing_wp_cron=1626000652.9353508949279785156250 HTTP/1.1" 200 6295 "https://ajhydell.com/wp-cron.php?doing_wp_cron=1626000652.9353508949279785156250" "WordPress/5.7.2; https://ajhydell.com"
54.36.148.117 - - [11/Jul/2021:06:50:52 -0400] "GET /2021/05/16/canadian-mortar-team-summer-1944-unknown-location/ HTTP/1.1" 200 18675 "-" "Mozilla/5.0 (compatible; AhrefsBot/7.0; +http://ahrefs.com/robot/)"
114.119.143.210 - - [11/Jul/2021:06:50:59 -0400] "GET /2021/02/18/cocaine-toothache-drops-1885 HTTP/1.1" 301 5791 "-" "Mozilla/5.0 (Linux; Android 7.0;) AppleWebKit/537.36 (KHTML, like Gecko) Mobile Safari/537.36 (compatible; PetalBot;+https://webmaster.petalsearch.com/site/petalbot)"
114.119.143.210 - - [11/Jul/2021:06:51:00 -0400] "GET /2021/02/18/cocaine-toothache-drops-1885/ HTTP/1.1" 200 12680 "-" "Mozilla/5.0 (Linux; Android 7.0;) AppleWebKit/537.36 (KHTML, like Gecko) Mobile Safari/537.36 (compatible; PetalBot;+https://webmaster.petalsearch.com/site/petalbot)"
204.48.19.85 - - [11/Jul/2021:06:51:52 -0400] "POST /wp-cron.php?doing_wp_cron=1626000712.6711769104003906250000 HTTP/1.1" 200 6295 "https://ajhydell.com/wp-cron.php?doing_wp_cron=1626000712.6711769104003906250000" "WordPress/5.7.2; https://ajhydell.com"
114.119.143.168 - - [11/Jul/2021:06:51:52 -0400] "GET /2021/02/18/george-h-w-bush-takes-a-toboggan-ride-with-arnold-schwarzenegger-at-camp-david-1991-900x617/ HTTP/1.1" 200 18225 "-" "Mozilla/5.0 (Linux; Android 7.0;) AppleWebKit/537.36 (KHTML, like Gecko) Mobile Safari/537.36 (compatible; PetalBot;+https://webmaster.petalsearch.com/site/petalbot)"
18.197.18.220 - - [11/Jul/2021:06:53:53 -0400] "GET /wp-content/uploads/2021/02/picture-85.jpg HTTP/1.1" 200 547424 "-" "-"
204.48.19.85 - - [11/Jul/2021:06:53:55 -0400] "POST /wp-cron.php?doing_wp_cron=1626000835.1240520477294921875000 HTTP/1.1" 200 6295 "https://ajhydell.com/wp-cron.php?doing_wp_cron=1626000835.1240520477294921875000" "WordPress/5.7.2; https://ajhydell.com"
114.119.158.133 - - [11/Jul/2021:06:53:55 -0400] "GET /2020/03/27 HTTP/1.1" 301 5717 "-" "Mozilla/5.0 (Linux; Android 7.0;) AppleWebKit/537.36 (KHTML, like Gecko) Mobile Safari/537.36 (compatible; PetalBot;+https://webmaster.petalsearch.com/site/petalbot)"
114.119.158.133 - - [11/Jul/2021:06:53:56 -0400] "GET /2020/03/27/ HTTP/1.1" 200 12440 "-" "Mozilla/5.0 (Linux; Android 7.0;) AppleWebKit/537.36 (KHTML, like Gecko) Mobile Safari/537.36 (compatible; PetalBot;+https://webmaster.petalsearch.com/site/petalbot)"
79.153.6.74 - - [11/Jul/2021:06:54:31 -0400] "GET /wp-content/uploads/2020/04/picture-84-1024x571.jpg HTTP/1.1" 200 95745 "https://www.bing.com/" "Mozilla/5.0 (Linux; Android 11; POCO F2 Pro) AppleWebKit/537.36 (KHTML, like Gecko) Chrome/77.0.3865.116 Mobile Safari/537.36 EdgA/46.05.4.5158"
204.48.19.85 - - [11/Jul/2021:06:55:39 -0400] "POST /wp-cron.php?doing_wp_cron=1626000939.1783530712127685546875 HTTP/1.1" 200 6295 "https://ajhydell.com/wp-cron.php?doing_wp_cron=1626000939.1783530712127685546875" "WordPress/5.7.2; https://ajhydell.com"
66.249.66.136 - - [11/Jul/2021:06:55:39 -0400] "GET /page/71/ HTTP/1.1" 200 20784 "-" "Mozilla/5.0 (Linux; Android 6.0.1; Nexus 5X Build/MMB29P) AppleWebKit/537.36 (KHTML, like Gecko) Chrome/91.0.4472.90 Mobile Safari/537.36 (compatible; Googlebot/2.1; +http://www.google.com/bot.html)"
204.48.19.85 - - [11/Jul/2021:06:55:46 -0400] "POST /wp-cron.php?doing_wp_cron=1626000946.9675600528717041015625 HTTP/1.1" 200 6295 "https://ajhydell.com/wp-cron.php?doing_wp_cron=1626000946.9675600528717041015625" "WordPress/5.7.2; https://ajhydell.com"
114.119.143.168 - - [11/Jul/2021:06:55:46 -0400] "GET /2020/03/18/an-old-french-couple-greeting-soldiers-of-the-308th-and-166th-infantries-upon-their-arrival-during-the-american-advance-6th-november-1918/ HTTP/1.1" 200 18277 "-" "Mozilla/5.0 (Linux; Android 7.0;) AppleWebKit/537.36 (KHTML, like Gecko) Mobile Safari/537.36 (compatible; PetalBot;+https://webmaster.petalsearch.com/site/petalbot)"
204.48.19.85 - - [11/Jul/2021:06:56:52 -0400] "POST /wp-cron.php?doing_wp_cron=1626001012.5775868892669677734375 HTTP/1.1" 200 6295 "https://ajhydell.com/wp-cron.php?doing_wp_cron=1626001012.5775868892669677734375" "WordPress/5.7.2; https://ajhydell.com"
114.119.132.183 - - [11/Jul/2021:06:56:52 -0400] "GET /page/66 HTTP/1.1" 301 5714 "-" "Mozilla/5.0 (Linux; Android 7.0;) AppleWebKit/537.36 (KHTML, like Gecko) Mobile Safari/537.36 (compatible; PetalBot;+https://webmaster.petalsearch.com/site/petalbot)"
114.119.132.183 - - [11/Jul/2021:06:57:00 -0400] "GET /page/66/ HTTP/1.1" 200 14627 "-" "Mozilla/5.0 (Linux; Android 7.0;) AppleWebKit/537.36 (KHTML, like Gecko) Mobile Safari/537.36 (compatible; PetalBot;+https://webmaster.petalsearch.com/site/petalbot)"
40.77.167.77 - - [11/Jul/2021:06:57:23 -0400] "GET /wp-content/uploads/2019/11/picture-46.jpg HTTP/1.1" 200 29082 "-" "Mozilla/5.0 (compatible; bingbot/2.0; +http://www.bing.com/bingbot.htm)"
204.48.19.85 - - [11/Jul/2021:06:57:48 -0400] "POST /wp-cron.php?doing_wp_cron=1626001068.8738639354705810546875 HTTP/1.1" 200 6295 "https://ajhydell.com/wp-cron.php?doing_wp_cron=1626001068.8738639354705810546875" "WordPress/5.7.2; https://ajhydell.com"
185.191.171.18 - - [11/Jul/2021:06:57:48 -0400] "GET /robots.txt HTTP/1.1" 200 6480 "-" "Mozilla/5.0 (compatible; SemrushBot/7~bl; +http://www.semrush.com/bot.html)"
185.191.171.7 - - [11/Jul/2021:06:57:49 -0400] "GET /2020/11/21/the-last-jew-in-vinnitsa-the-text-that-was-written-on-the-back-of-the-photograph-which-was-found-in-a-photo-album-belonging-to-a-german-soldier/ HTTP/1.1" 200 18944 "-" "Mozilla/5.0 (compatible; SemrushBot/7~bl; +http://www.semrush.com/bot.html)"
114.119.143.168 - - [11/Jul/2021:06:57:53 -0400] "GET /2018/11/12/colourised-a-soldiers-stands-in-a-flooded-dugout-on-the-western-front-c-1917-900x653/ HTTP/1.1" 200 18018 "-" "Mozilla/5.0 (Linux; Android 7.0;) AppleWebKit/537.36 (KHTML, like Gecko) Mobile Safari/537.36 (compatible; PetalBot;+https://webmaster.petalsearch.com/site/petalbot)"
207.46.13.147 - - [11/Jul/2021:06:58:38 -0400] "GET /2020/08/01/albert-einstein-and-his-daughter-become-citizens-of-the-united-states-rather-than-return-to-germany-under-hitler-october-1-1940-640-x-467/ HTTP/1.1" 200 18324 "-" "Mozilla/5.0 (compatible; bingbot/2.0; +http://www.bing.com/bingbot.htm)"
204.48.19.85 - - [11/Jul/2021:06:59:40 -0400] "POST /wp-cron.php?doing_wp_cron=1626001180.8043930530548095703125 HTTP/1.1" 200 6295 "https://ajhydell.com/wp-cron.php?doing_wp_cron=1626001180.8043930530548095703125" "WordPress/5.7.2; https://ajhydell.com"
114.119.151.146 - - [11/Jul/2021:06:59:40 -0400] "GET /2018/page/34/ HTTP/1.1" 200 18981 "-" "Mozilla/5.0 (Linux; Android 7.0;) AppleWebKit/537.36 (KHTML, like Gecko) Mobile Safari/537.36 (compatible; PetalBot;+https://webmaster.petalsearch.com/site/petalbot)"
40.77.167.77 - - [11/Jul/2021:07:00:23 -0400] "GET /wp-content/uploads/2018/12/picture.jpg HTTP/1.1" 200 2452354 "-" "Mozilla/5.0 (compatible; bingbot/2.0; +http://www.bing.com/bingbot.htm)"
204.48.19.85 - - [11/Jul/2021:07:00:28 -0400] "POST /wp-cron.php?doing_wp_cron=1626001228.3164660930633544921875 HTTP/1.1" 200 6295 "https://ajhydell.com/wp-cron.php?doing_wp_cron=1626001228.3164660930633544921875" "WordPress/5.7.2; https://ajhydell.com"
54.36.148.117 - - [11/Jul/2021:07:00:28 -0400] "GET /2018/08/04/fidel-castro-laughing-at-a-newspaper-headline-while-visiting-new-york-in-1959-634x674-2/ HTTP/1.1" 200 18929 "-" "Mozilla/5.0 (compatible; AhrefsBot/7.0; +http://ahrefs.com/robot/)"
204.48.19.85 - - [11/Jul/2021:07:01:06 -0400] "POST /wp-cron.php?doing_wp_cron=1626001266.2666039466857910156250 HTTP/1.1" 200 6295 "https://ajhydell.com/wp-cron.php?doing_wp_cron=1626001266.2666039466857910156250" "WordPress/5.7.2; https://ajhydell.com"
114.119.147.211 - - [11/Jul/2021:07:01:06 -0400] "GET /2021/01/29/traffic-officer-leo-brandt-seems-to-have-his-hands-full-in-handing-out-tickets-to-this-bevy-of-gals-who-were-picked-up-for-speeding-along-on-their-animated-kiddy-cars-the-scooters-constitute-the-l/ HTTP/1.1" 200 18445 "-" "Mozilla/5.0 (Linux; Android 7.0;) AppleWebKit/537.36 (KHTML, like Gecko) Mobile Safari/537.36 (compatible; PetalBot;+https://webmaster.petalsearch.com/site/petalbot)"
207.46.13.147 - - [11/Jul/2021:07:01:58 -0400] "GET /wp-content/uploads/2020/11/picture-94-813x1024.jpg HTTP/1.1" 200 70132 "-" "Mozilla/5.0 (compatible; bingbot/2.0; +http://www.bing.com/bingbot.htm)"
66.249.66.136 - - [11/Jul/2021:07:02:51 -0400] "GET /2019/05/09/ HTTP/1.1" 200 17892 "-" "Mozilla/5.0 (Linux; Android 6.0.1; Nexus 5X Build/MMB29P) AppleWebKit/537.36 (KHTML, like Gecko) Chrome/91.0.4472.90 Mobile Safari/537.36 (compatible; Googlebot/2.1; +http://www.google.com/bot.html)"
216.244.66.250 - - [11/Jul/2021:07:03:14 -0400] "GET /2020/06/18/golden-egg-custard-jell-o-1955/ HTTP/1.1" 200 66411 "-" "Mozilla/5.0 (compatible; DotBot/1.2; +https://opensiteexplorer.org/dotbot; help@moz.com)"
204.48.19.85 - - [11/Jul/2021:07:04:08 -0400] "POST /wp-cron.php?doing_wp_cron=1626001448.1257050037384033203125 HTTP/1.1" 200 6295 "https://ajhydell.com/wp-cron.php?doing_wp_cron=1626001448.1257050037384033203125" "WordPress/5.7.2; https://ajhydell.com"
114.119.147.211 - - [11/Jul/2021:07:04:08 -0400] "GET /2019/08/31/empress-of-britain-1920s/ HTTP/1.1" 200 18000 "-" "Mozilla/5.0 (Linux; Android 7.0;) AppleWebKit/537.36 (KHTML, like Gecko) Mobile Safari/537.36 (compatible; PetalBot;+https://webmaster.petalsearch.com/site/petalbot)"
114.119.132.183 - - [11/Jul/2021:07:04:35 -0400] "GET /wp-content/uploads/2021/04/picture-121.jpg HTTP/1.1" 200 44942 "-" "Mozilla/5.0 (Linux; Android 7.0;) AppleWebKit/537.36 (KHTML, like Gecko) Mobile Safari/537.36 (compatible; PetalBot;+https://webmaster.petalsearch.com/site/petalbot)"
204.48.19.85 - - [11/Jul/2021:07:05:53 -0400] "POST /wp-cron.php?doing_wp_cron=1626001553.4453730583190917968750 HTTP/1.1" 200 6295 "https://ajhydell.com/wp-cron.php?doing_wp_cron=1626001553.4453730583190917968750" "WordPress/5.7.2; https://ajhydell.com"
216.244.66.250 - - [11/Jul/2021:07:05:53 -0400] "GET /2019/03/02/reindeer-in-murmansk-1941/ HTTP/1.1" 200 66528 "-" "Mozilla/5.0 (compatible; DotBot/1.2; +https://opensiteexplorer.org/dotbot; help@moz.com)"
66.249.66.136 - - [11/Jul/2021:07:06:04 -0400] "GET /wp-content/uploads/2018/08/picture-3-150x150.jpg HTTP/1.1" 304 6271 "-" "Googlebot-Image/1.0"
66.249.66.132 - - [11/Jul/2021:07:06:05 -0400] "GET /wp-content/plugins/facebook-pagelike-widget/loader.gif HTTP/1.1" 304 6271 "-" "Googlebot-Image/1.0"
49.7.20.65 - - [11/Jul/2021:07:06:45 -0400] "-" 408 5562 "-" "-"
204.48.19.85 - - [11/Jul/2021:07:07:07 -0400] "POST /wp-cron.php?doing_wp_cron=1626001627.1481831073760986328125 HTTP/1.1" 200 6295 "https://ajhydell.com/wp-cron.php?doing_wp_cron=1626001627.1481831073760986328125" "WordPress/5.7.2; https://ajhydell.com"
114.119.147.211 - - [11/Jul/2021:07:07:07 -0400] "GET /2019/01/10/albert-einstein-at-home-in-princeton-new-jersey-1940 HTTP/1.1" 301 5815 "-" "Mozilla/5.0 (Linux; Android 7.0;) AppleWebKit/537.36 (KHTML, like Gecko) Mobile Safari/537.36 (compatible; PetalBot;+https://webmaster.petalsearch.com/site/petalbot)"
114.119.147.211 - - [11/Jul/2021:07:07:08 -0400] "GET /2019/01/10/albert-einstein-at-home-in-princeton-new-jersey-1940/ HTTP/1.1" 200 12689 "-" "Mozilla/5.0 (Linux; Android 7.0;) AppleWebKit/537.36 (KHTML, like Gecko) Mobile Safari/537.36 (compatible; PetalBot;+https://webmaster.petalsearch.com/site/petalbot)"
185.191.171.18 - - [11/Jul/2021:07:07:25 -0400] "GET /2021/07/04/ HTTP/1.1" 200 18608 "-" "Mozilla/5.0 (compatible; SemrushBot/7~bl; +http://www.semrush.com/bot.html)"
207.46.13.137 - - [11/Jul/2021:07:07:30 -0400] "GET /wp-content/uploads/2018/11/picture-78.jpg HTTP/1.1" 200 216186 "-" "Mozilla/5.0 (compatible; bingbot/2.0; +http://www.bing.com/bingbot.htm)"
114.119.151.146 - - [11/Jul/2021:07:07:38 -0400] "GET /2019/07/20/mickey-wants-you-1980/ HTTP/1.1" 200 17905 "-" "Mozilla/5.0 (Linux; Android 7.0;) AppleWebKit/537.36 (KHTML, like Gecko) Mobile Safari/537.36 (compatible; PetalBot;+https://webmaster.petalsearch.com/site/petalbot)"
204.48.19.85 - - [11/Jul/2021:07:09:00 -0400] "POST /wp-cron.php?doing_wp_cron=1626001740.3858950138092041015625 HTTP/1.1" 200 6295 "https://ajhydell.com/wp-cron.php?doing_wp_cron=1626001740.3858950138092041015625" "WordPress/5.7.2; https://ajhydell.com"
54.36.148.117 - - [11/Jul/2021:07:08:55 -0400] "GET /2021/07/06/sergeant-ellis-battle-of-britain-pilot-killed-in-action-on-1-september-1940-body-found-and-buried-with-military-honours-in-1993/ HTTP/1.1" 200 18706 "-" "Mozilla/5.0 (compatible; AhrefsBot/7.0; +http://ahrefs.com/robot/)"
157.55.39.62 - - [11/Jul/2021:07:09:12 -0400] "GET /2020/09/08/struggle-with-a-giant-ray-arabian-sea-off-the-coast-of-karachi-india-1933-683x500/ HTTP/1.1" 200 18291 "-" "Mozilla/5.0 (compatible; bingbot/2.0; +http://www.bing.com/bingbot.htm)"
114.119.143.168 - - [11/Jul/2021:07:09:42 -0400] "GET /2019/01/23/b-17-bombers-encounter-heavy-flak-fire-over-merseburg-germany-c-1944-765x600/ HTTP/1.1" 200 18000 "-" "Mozilla/5.0 (Linux; Android 7.0;) AppleWebKit/537.36 (KHTML, like Gecko) Mobile Safari/537.36 (compatible; PetalBot;+https://webmaster.petalsearch.com/site/petalbot)"
204.48.19.85 - - [11/Jul/2021:07:09:56 -0400] "POST /wp-cron.php?doing_wp_cron=1626001796.3825879096984863281250 HTTP/1.1" 200 6295 "https://ajhydell.com/wp-cron.php?doing_wp_cron=1626001796.3825879096984863281250" "WordPress/5.7.2; https://ajhydell.com"
114.119.143.168 - - [11/Jul/2021:07:09:56 -0400] "GET /2019/12/27 HTTP/1.1" 301 5717 "-" "Mozilla/5.0 (Linux; Android 7.0;) AppleWebKit/537.36 (KHTML, like Gecko) Mobile Safari/537.36 (compatible; PetalBot;+https://webmaster.petalsearch.com/site/petalbot)"
114.119.143.168 - - [11/Jul/2021:07:09:57 -0400] "GET /2019/12/27/ HTTP/1.1" 200 12233 "-" "Mozilla/5.0 (Linux; Android 7.0;) AppleWebKit/537.36 (KHTML, like Gecko) Mobile Safari/537.36 (compatible; PetalBot;+https://webmaster.petalsearch.com/site/petalbot)"
66.249.66.136 - - [11/Jul/2021:07:10:01 -0400] "GET /2019/05/09/people-of-africa-will-overpower-the-colonizers-ussr-circa-1960s/feed/ HTTP/1.1" 200 7184 "-" "Mozilla/5.0 (Linux; Android 6.0.1; Nexus 5X Build/MMB29P) AppleWebKit/537.36 (KHTML, like Gecko) Chrome/91.0.4472.90 Mobile Safari/537.36 (compatible; Googlebot/2.1; +http://www.google.com/bot.html)"
13.66.4.173 - - [11/Jul/2021:07:11:17 -0400] "GET /wp-includes HTTP/1.1" 301 587 "www.google.com" "Mozlila/5.0 (Linux; Android 7.0; SM-G892A Bulid/NRD90M; wv) AppleWebKit/537.36 (KHTML, like Gecko) Version/4.0 Chrome/60.0.3112.107 Moblie Safari/537.36"
13.66.4.173 - - [11/Jul/2021:07:11:23 -0400] "GET /wp-includes HTTP/1.1" 301 6067 "www.google.com" "Mozlila/5.0 (Linux; Android 7.0; SM-G892A Bulid/NRD90M; wv) AppleWebKit/537.36 (KHTML, like Gecko) Version/4.0 Chrome/60.0.3112.107 Moblie Safari/537.36"
204.48.19.85 - - [11/Jul/2021:07:11:26 -0400] "POST /wp-cron.php?doing_wp_cron=1626001886.1593909263610839843750 HTTP/1.1" 200 6295 "https://ajhydell.com/wp-cron.php?doing_wp_cron=1626001886.1593909263610839843750" "WordPress/5.7.2; https://ajhydell.com"
95.221.114.227 - - [11/Jul/2021:07:11:26 -0400] "GET /2021/06/20/stalin-in-bailov-prison-baku-azerbaijan-march-1910-colorized-by-me-1547x931/ HTTP/1.1" 200 18939 "https://yandex.ru/" "Mozilla/5.0 (Windows NT 10.0; Win64; x64) AppleWebKit/537.36 (KHTML, like Gecko) Chrome/90.0.4430.212 Safari/537.36 OPR/76.0.4017.208 (Edition Yx GX 03)"
95.221.114.227 - - [11/Jul/2021:07:11:26 -0400] "GET /wp-content/plugins/add-expires-headers/cache/0/com/processed-header-f16a8d323e83e1bc1b76514e283fb81b7090a959.min.css HTTP/1.1" 200 52771 "https://ajhydell.com/2021/06/20/stalin-in-bailov-prison-baku-azerbaijan-march-1910-colorized-by-me-1547x931/" "Mozilla/5.0 (Windows NT 10.0; Win64; x64) AppleWebKit/537.36 (KHTML, like Gecko) Chrome/90.0.4430.212 Safari/537.36 OPR/76.0.4017.208 (Edition Yx GX 03)"
95.221.114.227 - - [11/Jul/2021:07:11:26 -0400] "GET /wp-content/plugins/google-analytics-for-wordpress/assets/js/frontend-gtag.min.js?ver=7.17.0 HTTP/1.1" 200 3851 "https://ajhydell.com/2021/06/20/stalin-in-bailov-prison-baku-azerbaijan-march-1910-colorized-by-me-1547x931/" "Mozilla/5.0 (Windows NT 10.0; Win64; x64) AppleWebKit/537.36 (KHTML, like Gecko) Chrome/90.0.4430.212 Safari/537.36 OPR/76.0.4017.208 (Edition Yx GX 03)"
95.221.114.227 - - [11/Jul/2021:07:11:26 -0400] "GET /wp-includes/js/jquery/jquery.min.js?ver=3.5.1 HTTP/1.1" 200 31474 "https://ajhydell.com/2021/06/20/stalin-in-bailov-prison-baku-azerbaijan-march-1910-colorized-by-me-1547x931/" "Mozilla/5.0 (Windows NT 10.0; Win64; x64) AppleWebKit/537.36 (KHTML, like Gecko) Chrome/90.0.4430.212 Safari/537.36 OPR/76.0.4017.208 (Edition Yx GX 03)"
95.221.114.227 - - [11/Jul/2021:07:11:26 -0400] "GET /wp-includes/js/jquery/jquery-migrate.min.js?ver=3.3.2 HTTP/1.1" 200 5219 "https://ajhydell.com/2021/06/20/stalin-in-bailov-prison-baku-azerbaijan-march-1910-colorized-by-me-1547x931/" "Mozilla/5.0 (Windows NT 10.0; Win64; x64) AppleWebKit/537.36 (KHTML, like Gecko) Chrome/90.0.4430.212 Safari/537.36 OPR/76.0.4017.208 (Edition Yx GX 03)"
95.221.114.227 - - [11/Jul/2021:07:11:26 -0400] "GET /wp-content/themes/royal-magazine/js/navigation.js?ver=20151215 HTTP/1.1" 200 7375 "https://ajhydell.com/2021/06/20/stalin-in-bailov-prison-baku-azerbaijan-march-1910-colorized-by-me-1547x931/" "Mozilla/5.0 (Windows NT 10.0; Win64; x64) AppleWebKit/537.36 (KHTML, like Gecko) Chrome/90.0.4430.212 Safari/537.36 OPR/76.0.4017.208 (Edition Yx GX 03)"
95.221.114.227 - - [11/Jul/2021:07:11:26 -0400] "GET /wp-content/plugins/wp-smushit/app/assets/js/smush-lazy-load.min.js?ver=3.8.7 HTTP/1.1" 200 10216 "https://ajhydell.com/2021/06/20/stalin-in-bailov-prison-baku-azerbaijan-march-1910-colorized-by-me-1547x931/" "Mozilla/5.0 (Windows NT 10.0; Win64; x64) AppleWebKit/537.36 (KHTML, like Gecko) Chrome/90.0.4430.212 Safari/537.36 OPR/76.0.4017.208 (Edition Yx GX 03)"
95.221.114.227 - - [11/Jul/2021:07:11:26 -0400] "GET /wp-content/themes/royal-magazine/js/skip-link-focus-fix.js?ver=20151215 HTTP/1.1" 200 6966 "https://ajhydell.com/2021/06/20/stalin-in-bailov-prison-baku-azerbaijan-march-1910-colorized-by-me-1547x931/" "Mozilla/5.0 (Windows NT 10.0; Win64; x64) AppleWebKit/537.36 (KHTML, like Gecko) Chrome/90.0.4430.212 Safari/537.36 OPR/76.0.4017.208 (Edition Yx GX 03)"
95.221.114.227 - - [11/Jul/2021:07:11:26 -0400] "GET /wp-content/themes/royal-magazine/assets/libraries/slick/js/slick.min.js?ver=5.7.2 HTTP/1.1" 200 10690 "https://ajhydell.com/2021/06/20/stalin-in-bailov-prison-baku-azerbaijan-march-1910-colorized-by-me-1547x931/" "Mozilla/5.0 (Windows NT 10.0; Win64; x64) AppleWebKit/537.36 (KHTML, like Gecko) Chrome/90.0.4430.212 Safari/537.36 OPR/76.0.4017.208 (Edition Yx GX 03)"
95.221.114.227 - - [11/Jul/2021:07:11:26 -0400] "GET /wp-content/themes/royal-magazine/assets/libraries/marquee/jquery.marquee.js?ver=5.7.2 HTTP/1.1" 200 5071 "https://ajhydell.com/2021/06/20/stalin-in-bailov-prison-baku-azerbaijan-march-1910-colorized-by-me-1547x931/" "Mozilla/5.0 (Windows NT 10.0; Win64; x64) AppleWebKit/537.36 (KHTML, like Gecko) Chrome/90.0.4430.212 Safari/537.36 OPR/76.0.4017.208 (Edition Yx GX 03)"
95.221.114.227 - - [11/Jul/2021:07:11:26 -0400] "GET /wp-content/themes/royal-magazine/assets/libraries/bootstrap/js/bootstrap.min.js?ver=5.7.2 HTTP/1.1" 200 10350 "https://ajhydell.com/2021/06/20/stalin-in-bailov-prison-baku-azerbaijan-march-1910-colorized-by-me-1547x931/" "Mozilla/5.0 (Windows NT 10.0; Win64; x64) AppleWebKit/537.36 (KHTML, like Gecko) Chrome/90.0.4430.212 Safari/537.36 OPR/76.0.4017.208 (Edition Yx GX 03)"
95.221.114.227 - - [11/Jul/2021:07:11:26 -0400] "GET /wp-content/themes/royal-magazine/assets/libraries/theiaStickySidebar/theia-sticky-sidebar.min.js?ver=5.7.2 HTTP/1.1" 200 2236 "https://ajhydell.com/2021/06/20/stalin-in-bailov-prison-baku-azerbaijan-march-1910-colorized-by-me-1547x931/" "Mozilla/5.0 (Windows NT 10.0; Win64; x64) AppleWebKit/537.36 (KHTML, like Gecko) Chrome/90.0.4430.212 Safari/537.36 OPR/76.0.4017.208 (Edition Yx GX 03)"
95.221.114.227 - - [11/Jul/2021:07:11:26 -0400] "GET /wp-content/themes/royal-magazine/assets/libraries/magnific-popup/jquery.magnific-popup.min.js?ver=5.7.2 HTTP/1.1" 200 7838 "https://ajhydell.com/2021/06/20/stalin-in-bailov-prison-baku-azerbaijan-march-1910-colorized-by-me-1547x931/" "Mozilla/5.0 (Windows NT 10.0; Win64; x64) AppleWebKit/537.36 (KHTML, like Gecko) Chrome/90.0.4430.212 Safari/537.36 OPR/76.0.4017.208 (Edition Yx GX 03)"
95.221.114.227 - - [11/Jul/2021:07:11:26 -0400] "GET /wp-content/themes/royal-magazine/assets/twp/js/custom-script.js?ver=5.7.2 HTTP/1.1" 200 2995 "https://ajhydell.com/2021/06/20/stalin-in-bailov-prison-baku-azerbaijan-march-1910-colorized-by-me-1547x931/" "Mozilla/5.0 (Windows NT 10.0; Win64; x64) AppleWebKit/537.36 (KHTML, like Gecko) Chrome/90.0.4430.212 Safari/537.36 OPR/76.0.4017.208 (Edition Yx GX 03)"
95.221.114.227 - - [11/Jul/2021:07:11:27 -0400] "GET /wp-includes/js/wp-embed.min.js?ver=5.7.2 HTTP/1.1" 200 1209 "https://ajhydell.com/2021/06/20/stalin-in-bailov-prison-baku-azerbaijan-march-1910-colorized-by-me-1547x931/" "Mozilla/5.0 (Windows NT 10.0; Win64; x64) AppleWebKit/537.36 (KHTML, like Gecko) Chrome/90.0.4430.212 Safari/537.36 OPR/76.0.4017.208 (Edition Yx GX 03)"
