204.48.19.85 - - [06/Jul/2021:01:37:23 -0400] "POST /wp-cron.php?doing_wp_cron=1625549843.2057070732116699218750 HTTP/1.1" 200 6295 "https://ajhydell.com/wp-cron.php?doing_wp_cron=1625549843.2057070732116699218750" "WordPress/5.7.2; https://ajhydell.com"
54.36.148.117 - - [06/Jul/2021:01:37:23 -0400] "GET /2020/01/09/the-last-moments-of-general-anton-dostler-sentenced-to-for-war-crimes-in-1945-2936-x-2408/ HTTP/1.1" 200 19291 "-" "Mozilla/5.0 (compatible; AhrefsBot/7.0; +http://ahrefs.com/robot/)"
113.210.108.18 - - [06/Jul/2021:01:37:32 -0400] "POST /xmlrpc.php HTTP/1.1" 301 585 "-" "Mozilla/5.0 (X11; Linux i686; rv:2.0.1) Gecko/20100101 Firefox/4.0.1"
113.210.108.18 - - [06/Jul/2021:01:37:33 -0400] "GET /xmlrpc.php HTTP/1.1" 405 5837 "-" "Mozilla/5.0 (X11; Linux i686; rv:2.0.1) Gecko/20100101 Firefox/4.0.1"
204.48.19.85 - - [06/Jul/2021:01:40:43 -0400] "POST /wp-cron.php?doing_wp_cron=1625550043.3769259452819824218750 HTTP/1.1" 200 6295 "https://ajhydell.com/wp-cron.php?doing_wp_cron=1625550043.3769259452819824218750" "WordPress/5.7.2; https://ajhydell.com"
17.121.113.121 - - [06/Jul/2021:01:40:43 -0400] "GET /2019/10/10/remember-pearl-harbor-purl-harder-promoting-civilian-knitting-for-war-production-new-york-city-wpa-war-service-1942/ HTTP/1.1" 200 18563 "-" "Mozilla/5.0 (Macintosh; Intel Mac OS X 10_15_5) AppleWebKit/605.1.15 (KHTML, like Gecko) Version/13.1.1 Safari/605.1.15 (Applebot/0.1; +http://www.apple.com/go/applebot)"
204.48.19.85 - - [06/Jul/2021:01:42:08 -0400] "POST /wp-cron.php?doing_wp_cron=1625550128.4382359981536865234375 HTTP/1.1" 200 6295 "https://ajhydell.com/wp-cron.php?doing_wp_cron=1625550128.4382359981536865234375" "WordPress/5.7.2; https://ajhydell.com"
54.36.148.117 - - [06/Jul/2021:01:42:08 -0400] "GET /2021/05/12/painting-of-the-battle-of-tientsin-14-july-1900/ HTTP/1.1" 200 19096 "-" "Mozilla/5.0 (compatible; AhrefsBot/7.0; +http://ahrefs.com/robot/)"
204.48.19.85 - - [06/Jul/2021:01:44:04 -0400] "POST /wp-cron.php?doing_wp_cron=1625550244.0505130290985107421875 HTTP/1.1" 200 6295 "https://ajhydell.com/wp-cron.php?doing_wp_cron=1625550244.0505130290985107421875" "WordPress/5.7.2; https://ajhydell.com"
207.46.13.120 - - [06/Jul/2021:01:44:03 -0400] "GET /2021/04/28/studebaker-1953/ HTTP/1.1" 301 5990 "-" "Mozilla/5.0 (compatible; bingbot/2.0; +http://www.bing.com/bingbot.htm)"
204.48.19.85 - - [06/Jul/2021:01:46:57 -0400] "POST /wp-cron.php?doing_wp_cron=1625550417.0930190086364746093750 HTTP/1.1" 200 6295 "https://ajhydell.com/wp-cron.php?doing_wp_cron=1625550417.0930190086364746093750" "WordPress/5.7.2; https://ajhydell.com"
54.36.148.117 - - [06/Jul/2021:01:46:57 -0400] "GET /2021/05/29/ HTTP/1.1" 200 19320 "-" "Mozilla/5.0 (compatible; AhrefsBot/7.0; +http://ahrefs.com/robot/)"
204.48.19.85 - - [06/Jul/2021:01:48:13 -0400] "POST /wp-cron.php?doing_wp_cron=1625550493.7162470817565917968750 HTTP/1.1" 200 6295 "https://ajhydell.com/wp-cron.php?doing_wp_cron=1625550493.7162470817565917968750" "WordPress/5.7.2; https://ajhydell.com"
5.188.48.58 - - [06/Jul/2021:01:48:13 -0400] "GET /2020/08/13/modern-furniture-craftsmen-1954/ HTTP/1.0" 200 68144 "https://ajhydell.com/2020/08/13/modern-furniture-craftsmen-1954/" "Mozilla/5.0 (Windows NT 6.3; Win64; x64) AppleWebKit/537.36 (KHTML, like Gecko) Chrome/83.0.4103.44 Safari/537.36"
204.48.19.85 - - [06/Jul/2021:01:51:13 -0400] "POST /wp-cron.php?doing_wp_cron=1625550673.8688778877258300781250 HTTP/1.1" 200 6295 "https://ajhydell.com/wp-cron.php?doing_wp_cron=1625550673.8688778877258300781250" "WordPress/5.7.2; https://ajhydell.com"
67.205.42.180 - - [06/Jul/2021:01:51:13 -0400] "GET /wp-login.php HTTP/1.1" 200 8605 "-" "Mozilla/5.0 (X11; Ubuntu; Linux x86_64; rv:62.0) Gecko/20100101 Firefox/62.0"
67.205.42.180 - - [06/Jul/2021:01:51:14 -0400] "POST /wp-login.php HTTP/1.1" 200 8695 "-" "Mozilla/5.0 (X11; Ubuntu; Linux x86_64; rv:62.0) Gecko/20100101 Firefox/62.0"
67.205.42.180 - - [06/Jul/2021:01:51:14 -0400] "POST /xmlrpc.php HTTP/1.1" 200 5852 "-" "Mozilla/5.0 (X11; Ubuntu; Linux x86_64; rv:62.0) Gecko/20100101 Firefox/62.0"
204.48.19.85 - - [06/Jul/2021:01:52:53 -0400] "POST /wp-cron.php?doing_wp_cron=1625550773.9319629669189453125000 HTTP/1.1" 200 6295 "https://ajhydell.com/wp-cron.php?doing_wp_cron=1625550773.9319629669189453125000" "WordPress/5.7.2; https://ajhydell.com"
185.191.171.1 - - [06/Jul/2021:01:52:53 -0400] "GET /2021/02/02/german-child-soldiers-captured-by-the-6th-u-s-armored-division-in-giessen-germany-march-19-1945/ HTTP/1.1" 200 19160 "-" "Mozilla/5.0 (compatible; SemrushBot/7~bl; +http://www.semrush.com/bot.html)"
204.48.19.85 - - [06/Jul/2021:01:56:00 -0400] "POST /wp-cron.php?doing_wp_cron=1625550960.1901390552520751953125 HTTP/1.1" 200 6295 "https://ajhydell.com/wp-cron.php?doing_wp_cron=1625550960.1901390552520751953125" "WordPress/5.7.2; https://ajhydell.com"
207.46.13.96 - - [06/Jul/2021:01:56:00 -0400] "GET /2019/07/12/my-great-grandmother-as-a-teenager-somewhere-around-1905-1908/ HTTP/1.1" 200 18782 "-" "Mozilla/5.0 (compatible; bingbot/2.0; +http://www.bing.com/bingbot.htm)"
204.48.19.85 - - [06/Jul/2021:01:57:07 -0400] "POST /wp-cron.php?doing_wp_cron=1625551027.7549080848693847656250 HTTP/1.1" 200 6295 "https://ajhydell.com/wp-cron.php?doing_wp_cron=1625551027.7549080848693847656250" "WordPress/5.7.2; https://ajhydell.com"
3.237.51.142 - - [06/Jul/2021:01:57:07 -0400] "HEAD / HTTP/1.1" 200 5715 "-" "scalaj-http/2.4.2"
3.237.51.142 - - [06/Jul/2021:01:57:07 -0400] "GET / HTTP/1.1" 200 20239 "-" "Buck/2.2; (+https://app.hypefactors.com/media-monitoring/about.html)"
3.237.51.142 - - [06/Jul/2021:01:57:08 -0400] "GET /robots.txt HTTP/1.1" 200 5901 "-" "Buck/2.2; (+https://app.hypefactors.com/media-monitoring/about.html)"
3.237.51.142 - - [06/Jul/2021:01:57:32 -0400] "GET /feed/ HTTP/1.1" 200 8263 "-" "Buck/2.2; (+https://app.hypefactors.com/media-monitoring/about.html)"
3.237.51.142 - - [06/Jul/2021:01:57:32 -0400] "GET /sitemap_index.xml HTTP/1.1" 200 6220 "-" "Buck/2.2; (+https://app.hypefactors.com/media-monitoring/about.html)"
3.237.51.142 - - [06/Jul/2021:01:57:32 -0400] "GET /post-sitemap1.xml HTTP/1.1" 200 16024 "-" "Buck/2.2; (+https://app.hypefactors.com/media-monitoring/about.html)"
3.237.51.142 - - [06/Jul/2021:01:57:33 -0400] "GET /post-sitemap2.xml HTTP/1.1" 200 16670 "-" "Buck/2.2; (+https://app.hypefactors.com/media-monitoring/about.html)"
3.237.51.142 - - [06/Jul/2021:01:57:33 -0400] "GET /post-sitemap3.xml HTTP/1.1" 200 16591 "-" "Buck/2.2; (+https://app.hypefactors.com/media-monitoring/about.html)"
3.237.51.142 - - [06/Jul/2021:01:57:33 -0400] "GET /post-sitemap4.xml HTTP/1.1" 200 15918 "-" "Buck/2.2; (+https://app.hypefactors.com/media-monitoring/about.html)"
3.237.51.142 - - [06/Jul/2021:01:57:33 -0400] "GET /sitemap.xml HTTP/1.1" 200 6579 "-" "Buck/2.2; (+https://app.hypefactors.com/media-monitoring/about.html)"
3.237.51.142 - - [06/Jul/2021:01:57:33 -0400] "GET /sitemap-pt-post-2021-07.xml HTTP/1.1" 200 7990 "-" "Buck/2.2; (+https://app.hypefactors.com/media-monitoring/about.html)"
3.237.51.142 - - [06/Jul/2021:01:57:33 -0400] "GET /sitemap-pt-post-2021-06.xml HTTP/1.1" 200 13545 "-" "Buck/2.2; (+https://app.hypefactors.com/media-monitoring/about.html)"
204.48.19.85 - - [06/Jul/2021:01:58:32 -0400] "POST /wp-cron.php?doing_wp_cron=1625551112.6557970046997070312500 HTTP/1.1" 200 6295 "https://ajhydell.com/wp-cron.php?doing_wp_cron=1625551112.6557970046997070312500" "WordPress/5.7.2; https://ajhydell.com"
62.210.215.117 - - [06/Jul/2021:01:58:32 -0400] "GET /rss HTTP/1.1" 301 6425 "-" "Mozilla/5.0 (X11; Linux i686) AppleWebKit/537.36 (KHTML, like Gecko) Chrome/30.0.1599.66 Safari/537.36"
62.210.215.117 - - [06/Jul/2021:01:58:33 -0400] "GET /feed/ HTTP/1.1" 200 8827 "-" "Mozilla/5.0 (X11; Linux i686) AppleWebKit/537.36 (KHTML, like Gecko) Chrome/30.0.1599.66 Safari/537.36"
204.48.19.85 - - [06/Jul/2021:01:59:08 -0400] "POST /wp-cron.php?doing_wp_cron=1625551148.7373859882354736328125 HTTP/1.1" 200 6295 "https://ajhydell.com/wp-cron.php?doing_wp_cron=1625551148.7373859882354736328125" "WordPress/5.7.2; https://ajhydell.com"
71.6.232.7 - - [06/Jul/2021:01:59:08 -0400] "GET / HTTP/1.1" 200 20179 "-" "Mozilla/5.0 (Windows NT 10.0; Win64; x64) AppleWebKit/537.36 (KHTML, like Gecko) Chrome/74.0.3729.131 Safari/537.36"
66.249.70.112 - - [06/Jul/2021:01:59:17 -0400] "GET /wp-content/uploads/2021/04/picture-36.jpg HTTP/1.1" 200 55297 "-" "Googlebot-Image/1.0"
185.191.171.33 - - [06/Jul/2021:01:59:17 -0400] "GET /2019/02/13/malcolm-x-and-muhammad-ali-march-1964/ HTTP/1.1" 200 19134 "-" "Mozilla/5.0 (compatible; SemrushBot/7~bl; +http://www.semrush.com/bot.html)"
204.48.19.85 - - [06/Jul/2021:02:00:05 -0400] "POST /wp-cron.php?doing_wp_cron=1625551205.5910260677337646484375 HTTP/1.1" 200 6295 "https://ajhydell.com/wp-cron.php?doing_wp_cron=1625551205.5910260677337646484375" "WordPress/5.7.2; https://ajhydell.com"
157.55.39.102 - - [06/Jul/2021:02:00:05 -0400] "GET /2021/05/01/20000-americans-attend-a-nazi-rally-in-madison-square-garden-february-20-1939-1200x1073/ HTTP/1.1" 200 18770 "-" "Mozilla/5.0 (compatible; bingbot/2.0; +http://www.bing.com/bingbot.htm)"
207.46.13.80 - - [06/Jul/2021:02:02:08 -0400] "GET /wp-content/uploads/2019/07/picture-29.jpg HTTP/1.1" 200 99866 "-" "Mozilla/5.0 (compatible; bingbot/2.0; +http://www.bing.com/bingbot.htm)"
204.48.19.85 - - [06/Jul/2021:02:05:55 -0400] "POST /wp-cron.php?doing_wp_cron=1625551555.2066729068756103515625 HTTP/1.1" 200 6295 "https://ajhydell.com/wp-cron.php?doing_wp_cron=1625551555.2066729068756103515625" "WordPress/5.7.2; https://ajhydell.com"
106.38.241.125 - - [06/Jul/2021:02:05:55 -0400] "GET / HTTP/1.1" 200 20326 "-" "Sogou web spider/4.0(+http://www.sogou.com/docs/help/webmasters.htm#07)"
157.55.39.22 - - [06/Jul/2021:02:07:34 -0400] "GET /wp-content/uploads/2018/11/picture-65-774x1024.jpg HTTP/1.1" 200 111258 "-" "Mozilla/5.0 (compatible; bingbot/2.0; +http://www.bing.com/bingbot.htm)"
204.48.19.85 - - [06/Jul/2021:02:07:44 -0400] "POST /wp-cron.php?doing_wp_cron=1625551664.3108000755310058593750 HTTP/1.1" 200 6295 "https://ajhydell.com/wp-cron.php?doing_wp_cron=1625551664.3108000755310058593750" "WordPress/5.7.2; https://ajhydell.com"
23.100.232.233 - - [06/Jul/2021:02:07:44 -0400] "GET /2020/07/27/members-of-the-92nd-infantry-division-drying-out-in-a-bomb-shattered-house-in-viareggio-italy-14-february-1944/ HTTP/1.1" 200 18805 "-" "Mozilla/5.0 (compatible; MSIE 9.0; Windows NT 6.1; Trident/5.0;  Trident/5.0)"
23.100.232.233 - - [06/Jul/2021:02:07:45 -0400] "GET /wp-content/plugins/add-expires-headers/cache/0/com/processed-header-f16a8d323e83e1bc1b76514e283fb81b7090a959.min.css HTTP/1.1" 200 52893 "https://ajhydell.com/2020/07/27/members-of-the-92nd-infantry-division-drying-out-in-a-bomb-shattered-house-in-viareggio-italy-14-february-1944/" "Mozilla/5.0 (compatible; MSIE 9.0; Windows NT 6.1; Trident/5.0;  Trident/5.0)"
23.100.232.233 - - [06/Jul/2021:02:07:45 -0400] "GET /wp-includes/js/jquery/jquery.min.js?ver=3.5.1 HTTP/1.1" 200 31550 "https://ajhydell.com/2020/07/27/members-of-the-92nd-infantry-division-drying-out-in-a-bomb-shattered-house-in-viareggio-italy-14-february-1944/" "Mozilla/5.0 (compatible; MSIE 9.0; Windows NT 6.1; Trident/5.0;  Trident/5.0)"
23.100.232.233 - - [06/Jul/2021:02:07:45 -0400] "GET /wp-content/plugins/google-analytics-for-wordpress/assets/js/frontend-gtag.min.js?ver=7.17.0 HTTP/1.1" 200 3476 "https://ajhydell.com/2020/07/27/members-of-the-92nd-infantry-division-drying-out-in-a-bomb-shattered-house-in-viareggio-italy-14-february-1944/" "Mozilla/5.0 (compatible; MSIE 9.0; Windows NT 6.1; Trident/5.0;  Trident/5.0)"
23.100.232.233 - - [06/Jul/2021:02:07:45 -0400] "GET /wp-includes/js/jquery/jquery-migrate.min.js?ver=3.3.2 HTTP/1.1" 200 4687 "https://ajhydell.com/2020/07/27/members-of-the-92nd-infantry-division-drying-out-in-a-bomb-shattered-house-in-viareggio-italy-14-february-1944/" "Mozilla/5.0 (compatible; MSIE 9.0; Windows NT 6.1; Trident/5.0;  Trident/5.0)"
23.100.232.233 - - [06/Jul/2021:02:07:47 -0400] "GET /wp-content/plugins/wp-smushit/app/assets/js/smush-lazy-load.min.js?ver=3.8.7 HTTP/1.1" 200 4207 "https://ajhydell.com/2020/07/27/members-of-the-92nd-infantry-division-drying-out-in-a-bomb-shattered-house-in-viareggio-italy-14-february-1944/" "Mozilla/5.0 (compatible; MSIE 9.0; Windows NT 6.1; Trident/5.0;  Trident/5.0)"
23.100.232.233 - - [06/Jul/2021:02:07:47 -0400] "GET /wp-includes/js/wp-emoji-release.min.js?ver=5.7.2 HTTP/1.1" 200 5183 "https://ajhydell.com/2020/07/27/members-of-the-92nd-infantry-division-drying-out-in-a-bomb-shattered-house-in-viareggio-italy-14-february-1944/" "Mozilla/5.0 (compatible; MSIE 9.0; Windows NT 6.1; Trident/5.0;  Trident/5.0)"
23.100.232.233 - - [06/Jul/2021:02:07:47 -0400] "GET /wp-content/themes/royal-magazine/js/skip-link-focus-fix.js?ver=20151215 HTTP/1.1" 200 933 "https://ajhydell.com/2020/07/27/members-of-the-92nd-infantry-division-drying-out-in-a-bomb-shattered-house-in-viareggio-italy-14-february-1944/" "Mozilla/5.0 (compatible; MSIE 9.0; Windows NT 6.1; Trident/5.0;  Trident/5.0)"
23.100.232.233 - - [06/Jul/2021:02:07:47 -0400] "GET /wp-content/themes/royal-magazine/js/navigation.js?ver=20151215 HTTP/1.1" 200 1349 "https://ajhydell.com/2020/07/27/members-of-the-92nd-infantry-division-drying-out-in-a-bomb-shattered-house-in-viareggio-italy-14-february-1944/" "Mozilla/5.0 (compatible; MSIE 9.0; Windows NT 6.1; Trident/5.0;  Trident/5.0)"
23.100.232.233 - - [06/Jul/2021:02:07:47 -0400] "GET /wp-content/themes/royal-magazine/assets/libraries/marquee/jquery.marquee.js?ver=5.7.2 HTTP/1.1" 200 5103 "https://ajhydell.com/2020/07/27/members-of-the-92nd-infantry-division-drying-out-in-a-bomb-shattered-house-in-viareggio-italy-14-february-1944/" "Mozilla/5.0 (compatible; MSIE 9.0; Windows NT 6.1; Trident/5.0;  Trident/5.0)"
23.100.232.233 - - [06/Jul/2021:02:07:47 -0400] "GET /wp-content/themes/royal-magazine/assets/libraries/bootstrap/js/bootstrap.min.js?ver=5.7.2 HTTP/1.1" 200 10404 "https://ajhydell.com/2020/07/27/members-of-the-92nd-infantry-division-drying-out-in-a-bomb-shattered-house-in-viareggio-italy-14-february-1944/" "Mozilla/5.0 (compatible; MSIE 9.0; Windows NT 6.1; Trident/5.0;  Trident/5.0)"
23.100.232.233 - - [06/Jul/2021:02:07:47 -0400] "GET /wp-content/themes/royal-magazine/assets/libraries/magnific-popup/jquery.magnific-popup.min.js?ver=5.7.2 HTTP/1.1" 200 7871 "https://ajhydell.com/2020/07/27/members-of-the-92nd-infantry-division-drying-out-in-a-bomb-shattered-house-in-viareggio-italy-14-february-1944/" "Mozilla/5.0 (compatible; MSIE 9.0; Windows NT 6.1; Trident/5.0;  Trident/5.0)"
23.100.232.233 - - [06/Jul/2021:02:07:47 -0400] "GET /wp-content/themes/royal-magazine/assets/twp/js/custom-script.js?ver=5.7.2 HTTP/1.1" 200 3023 "https://ajhydell.com/2020/07/27/members-of-the-92nd-infantry-division-drying-out-in-a-bomb-shattered-house-in-viareggio-italy-14-february-1944/" "Mozilla/5.0 (compatible; MSIE 9.0; Windows NT 6.1; Trident/5.0;  Trident/5.0)"
23.100.232.233 - - [06/Jul/2021:02:07:48 -0400] "GET /wp-content/plugins/facebook-pagelike-widget/fb.js?ver=1.0 HTTP/1.1" 200 821 "https://ajhydell.com/2020/07/27/members-of-the-92nd-infantry-division-drying-out-in-a-bomb-shattered-house-in-viareggio-italy-14-february-1944/" "Mozilla/5.0 (compatible; MSIE 9.0; Windows NT 6.1; Trident/5.0;  Trident/5.0)"
23.100.232.233 - - [06/Jul/2021:02:07:48 -0400] "GET /wp-content/themes/royal-magazine/assets/libraries/slick/js/slick.min.js?ver=5.7.2 HTTP/1.1" 200 10740 "https://ajhydell.com/2020/07/27/members-of-the-92nd-infantry-division-drying-out-in-a-bomb-shattered-house-in-viareggio-italy-14-february-1944/" "Mozilla/5.0 (compatible; MSIE 9.0; Windows NT 6.1; Trident/5.0;  Trident/5.0)"
23.100.232.233 - - [06/Jul/2021:02:07:48 -0400] "GET /wp-includes/js/wp-embed.min.js?ver=5.7.2 HTTP/1.1" 200 1221 "https://ajhydell.com/2020/07/27/members-of-the-92nd-infantry-division-drying-out-in-a-bomb-shattered-house-in-viareggio-italy-14-february-1944/" "Mozilla/5.0 (compatible; MSIE 9.0; Windows NT 6.1; Trident/5.0;  Trident/5.0)"
23.100.232.233 - - [06/Jul/2021:02:07:48 -0400] "GET /wp-content/themes/royal-magazine/assets/libraries/theiaStickySidebar/theia-sticky-sidebar.min.js?ver=5.7.2 HTTP/1.1" 200 2271 "https://ajhydell.com/2020/07/27/members-of-the-92nd-infantry-division-drying-out-in-a-bomb-shattered-house-in-viareggio-italy-14-february-1944/" "Mozilla/5.0 (compatible; MSIE 9.0; Windows NT 6.1; Trident/5.0;  Trident/5.0)"
204.48.19.85 - - [06/Jul/2021:02:07:49 -0400] "POST /wp-cron.php?doing_wp_cron=1625551669.4818890094757080078125 HTTP/1.1" 200 6295 "https://ajhydell.com/wp-cron.php?doing_wp_cron=1625551669.4818890094757080078125" "WordPress/5.7.2; https://ajhydell.com"
23.100.232.233 - - [06/Jul/2021:02:07:49 -0400] "GET /?wordfence_lh=1&hid=D7B62D843DDB6CBFE065F1F47F6DD325&r=0.09361187415446398 HTTP/1.1" 200 357 "https://ajhydell.com/2020/07/27/members-of-the-92nd-infantry-division-drying-out-in-a-bomb-shattered-house-in-viareggio-italy-14-february-1944/" "Mozilla/5.0 (compatible; MSIE 9.0; Windows NT 6.1; Trident/5.0;  Trident/5.0)"
216.244.66.250 - - [06/Jul/2021:02:07:55 -0400] "GET /robots.txt HTTP/1.1" 301 529 "-" "Mozilla/5.0 (compatible; DotBot/1.2; +https://opensiteexplorer.org/dotbot; help@moz.com)"
216.244.66.250 - - [06/Jul/2021:02:07:55 -0400] "GET /robots.txt HTTP/1.1" 200 5859 "-" "Mozilla/5.0 (compatible; DotBot/1.2; +https://opensiteexplorer.org/dotbot; help@moz.com)"
204.48.19.85 - - [06/Jul/2021:02:10:17 -0400] "POST /wp-cron.php?doing_wp_cron=1625551817.1654469966888427734375 HTTP/1.1" 200 6295 "https://ajhydell.com/wp-cron.php?doing_wp_cron=1625551817.1654469966888427734375" "WordPress/5.7.2; https://ajhydell.com"
207.46.13.151 - - [06/Jul/2021:02:10:17 -0400] "GET /2019/05/17/elvis-lipstick-keep-me-always-on-your-lips-1966/ HTTP/1.1" 200 18669 "-" "Mozilla/5.0 (compatible; bingbot/2.0; +http://www.bing.com/bingbot.htm)"
204.48.19.85 - - [06/Jul/2021:02:11:40 -0400] "POST /wp-cron.php?doing_wp_cron=1625551900.0676178932189941406250 HTTP/1.1" 200 6295 "https://ajhydell.com/wp-cron.php?doing_wp_cron=1625551900.0676178932189941406250" "WordPress/5.7.2; https://ajhydell.com"
131.220.6.152 - - [06/Jul/2021:02:11:40 -0400] "GET / HTTP/1.1" 200 20781 "-" "Mozilla/5.0 (X11; Linux x86_64) AppleWebKit/537.36 (KHTML, like Gecko) Chrome/79.0.3945.79 Safari/537.36"
34.77.162.31 - - [06/Jul/2021:02:12:10 -0400] "GET / HTTP/1.1" 301 509 "-" "Expanse, a Palo Alto Networks company, searches across the global IPv4 space multiple times per day to identify customers&#39; presences on the Internet. If you would like to be excluded from our scans, please send IP addresses/domains to: scaninfo@paloaltonetworks.com"
204.48.19.85 - - [06/Jul/2021:02:12:19 -0400] "POST /wp-cron.php?doing_wp_cron=1625551939.1070129871368408203125 HTTP/1.1" 200 6295 "https://ajhydell.com/wp-cron.php?doing_wp_cron=1625551939.1070129871368408203125" "WordPress/5.7.2; https://ajhydell.com"
185.191.171.37 - - [06/Jul/2021:02:12:19 -0400] "GET /2021/01/01/ HTTP/1.1" 200 19003 "-" "Mozilla/5.0 (compatible; SemrushBot/7~bl; +http://www.semrush.com/bot.html)"
142.44.224.10 - - [06/Jul/2021:02:14:24 -0400] "GET /wp-login.php HTTP/1.1" 200 8604 "-" "Mozilla/5.0 (X11; Ubuntu; Linux x86_64; rv:62.0) Gecko/20100101 Firefox/62.0"
142.44.224.10 - - [06/Jul/2021:02:14:25 -0400] "POST /wp-login.php HTTP/1.1" 200 8696 "-" "Mozilla/5.0 (X11; Ubuntu; Linux x86_64; rv:62.0) Gecko/20100101 Firefox/62.0"
142.44.224.10 - - [06/Jul/2021:02:14:25 -0400] "POST /xmlrpc.php HTTP/1.1" 200 5852 "-" "Mozilla/5.0 (X11; Ubuntu; Linux x86_64; rv:62.0) Gecko/20100101 Firefox/62.0"
204.48.19.85 - - [06/Jul/2021:02:14:24 -0400] "POST /wp-cron.php?doing_wp_cron=1625552064.2730069160461425781250 HTTP/1.1" 200 6295 "https://ajhydell.com/wp-cron.php?doing_wp_cron=1625552064.2730069160461425781250" "WordPress/5.7.2; https://ajhydell.com"
40.64.105.247 - - [06/Jul/2021:02:15:34 -0400] "GET /wp-content/uploads/2020/02/picture-5.jpg HTTP/1.1" 200 112104 "-" "DuckDuckBot/1.1; (+http://duckduckgo.com/duckduckbot.html)"
174.62.68.254 - - [06/Jul/2021:02:15:37 -0400] "GET /wp-content/uploads/2020/02/picture-5.jpg HTTP/1.1" 200 112883 "https://duckduckgo.com/" "Mozilla/5.0 (Macintosh; Intel Mac OS X 10.12; rv:89.0) Gecko/20100101 Firefox/89.0"
204.48.19.85 - - [06/Jul/2021:02:15:38 -0400] "GET / HTTP/1.1" 200 20340 "https://ajhydell.com/" "WordPress/5.7.2; https://ajhydell.com"
204.48.19.85 - - [06/Jul/2021:02:15:38 -0400] "POST /wp-cron.php?doing_wp_cron=1625552138.3867440223693847656250 HTTP/1.1" 200 6295 "https://ajhydell.com/wp-cron.php?doing_wp_cron=1625552138.3867440223693847656250" "WordPress/5.7.2; https://ajhydell.com"
174.62.68.254 - - [06/Jul/2021:02:15:38 -0400] "GET /favicon.ico HTTP/1.1" 302 466 "https://ajhydell.com/wp-content/uploads/2020/02/picture-5.jpg" "Mozilla/5.0 (Macintosh; Intel Mac OS X 10.12; rv:89.0) Gecko/20100101 Firefox/89.0"
174.62.68.254 - - [06/Jul/2021:02:15:39 -0400] "GET /wp-content/uploads/2018/08/cropped-logo-32x32.jpg HTTP/1.1" 200 1314 "https://ajhydell.com/wp-content/uploads/2020/02/picture-5.jpg" "Mozilla/5.0 (Macintosh; Intel Mac OS X 10.12; rv:89.0) Gecko/20100101 Firefox/89.0"
66.249.70.110 - - [06/Jul/2021:02:16:47 -0400] "GET /feed/ HTTP/1.1" 200 8559 "-" "Mozilla/5.0 (compatible; Googlebot/2.1; +http://www.google.com/bot.html)"
204.48.19.85 - - [06/Jul/2021:02:16:47 -0400] "POST /wp-cron.php?doing_wp_cron=1625552207.7568809986114501953125 HTTP/1.1" 200 6295 "https://ajhydell.com/wp-cron.php?doing_wp_cron=1625552207.7568809986114501953125" "WordPress/5.7.2; https://ajhydell.com"
66.249.70.114 - - [06/Jul/2021:02:16:47 -0400] "GET /robots.txt HTTP/1.1" 200 6517 "-" "Mozilla/5.0 (compatible; Googlebot/2.1; +http://www.google.com/bot.html)"
207.46.13.151 - - [06/Jul/2021:02:17:07 -0400] "GET /2020/03/25/austro-hungarian-troops-together-with-some-citizens-marching-out-of-jerusalem-ww1-1916-2320-x-1584/ HTTP/1.1" 200 18879 "-" "Mozilla/5.0 (compatible; bingbot/2.0; +http://www.bing.com/bingbot.htm)"
157.55.39.22 - - [06/Jul/2021:02:17:55 -0400] "GET /wp-content/uploads/2020/12/picture-109-759x1024.jpg HTTP/1.1" 200 170775 "-" "Mozilla/5.0 (compatible; bingbot/2.0; +http://www.bing.com/bingbot.htm)"
204.48.19.85 - - [06/Jul/2021:02:18:10 -0400] "POST /wp-cron.php?doing_wp_cron=1625552290.9337348937988281250000 HTTP/1.1" 200 6295 "https://ajhydell.com/wp-cron.php?doing_wp_cron=1625552290.9337348937988281250000" "WordPress/5.7.2; https://ajhydell.com"
17.121.114.235 - - [06/Jul/2021:02:18:10 -0400] "GET /2019/06/25/11th-armored-div-m7-priest-battery-approach-a-german-village-april-1945/ HTTP/1.1" 200 18488 "-" "Mozilla/5.0 (Macintosh; Intel Mac OS X 10_15_5) AppleWebKit/605.1.15 (KHTML, like Gecko) Version/13.1.1 Safari/605.1.15 (Applebot/0.1; +http://www.apple.com/go/applebot)"
66.249.70.110 - - [06/Jul/2021:02:18:21 -0400] "GET /feed/ HTTP/1.1" 200 8559 "-" "Mozilla/5.0 (compatible; Googlebot/2.1; +http://www.google.com/bot.html)"
185.191.171.35 - - [06/Jul/2021:02:18:27 -0400] "GET /robots.txt HTTP/1.1" 200 6480 "-" "Mozilla/5.0 (compatible; SemrushBot/7~bl; +http://www.semrush.com/bot.html)"
185.191.171.38 - - [06/Jul/2021:02:18:28 -0400] "GET /2020/05/31/world-war-one-propaganda-map-depicting-australia-under-control-of-germany/ HTTP/1.1" 200 19286 "-" "Mozilla/5.0 (compatible; SemrushBot/7~bl; +http://www.semrush.com/bot.html)"
207.46.13.80 - - [06/Jul/2021:02:19:09 -0400] "GET /wp-content/uploads/2018/12/picture-34-1024x729.jpg HTTP/1.1" 200 173791 "-" "Mozilla/5.0 (compatible; bingbot/2.0; +http://www.bing.com/bingbot.htm)"
204.48.19.85 - - [06/Jul/2021:02:20:59 -0400] "POST /wp-cron.php?doing_wp_cron=1625552459.2393701076507568359375 HTTP/1.1" 200 6295 "https://ajhydell.com/wp-cron.php?doing_wp_cron=1625552459.2393701076507568359375" "WordPress/5.7.2; https://ajhydell.com"
216.244.66.250 - - [06/Jul/2021:02:20:59 -0400] "GET /2019/09/02/totally-straight-navy-sub-recruitment-us-1943/ HTTP/1.1" 200 67574 "-" "Mozilla/5.0 (compatible; DotBot/1.2; +https://opensiteexplorer.org/dotbot; help@moz.com)"
204.48.19.85 - - [06/Jul/2021:02:22:52 -0400] "POST /wp-cron.php?doing_wp_cron=1625552572.5976281166076660156250 HTTP/1.1" 200 6295 "https://ajhydell.com/wp-cron.php?doing_wp_cron=1625552572.5976281166076660156250" "WordPress/5.7.2; https://ajhydell.com"
185.191.171.35 - - [06/Jul/2021:02:22:52 -0400] "GET /2018/08/27/victims-of-kamikazi-attacks-are-buried-at-sea-1944/ HTTP/1.1" 200 19015 "-" "Mozilla/5.0 (compatible; SemrushBot/7~bl; +http://www.semrush.com/bot.html)"
213.180.203.138 - - [06/Jul/2021:02:23:24 -0400] "GET /robots.txt HTTP/1.1" 200 6535 "-" "Mozilla/5.0 (compatible; YandexBot/3.0; +http://yandex.com/bots)"
204.48.19.85 - - [06/Jul/2021:02:23:28 -0400] "POST /wp-cron.php?doing_wp_cron=1625552608.4139559268951416015625 HTTP/1.1" 200 6295 "https://ajhydell.com/wp-cron.php?doing_wp_cron=1625552608.4139559268951416015625" "WordPress/5.7.2; https://ajhydell.com"
213.180.203.138 - - [06/Jul/2021:02:23:28 -0400] "GET /2018/08/15/the-mcdonald-brothers-in-front-of-the-not-yet-opened-first-mcdonalds-november-1948-san-bernadino-ca-2048x1492/ HTTP/1.1" 200 13113 "-" "Mozilla/5.0 (compatible; YandexBot/3.0; +http://yandex.com/bots)"
204.48.19.85 - - [06/Jul/2021:02:23:54 -0400] "POST /wp-cron.php?doing_wp_cron=1625552634.7408649921417236328125 HTTP/1.1" 200 6295 "https://ajhydell.com/wp-cron.php?doing_wp_cron=1625552634.7408649921417236328125" "WordPress/5.7.2; https://ajhydell.com"
157.55.39.22 - - [06/Jul/2021:02:23:54 -0400] "GET /2018/08/10/silhouette-of-the-titanic-at-queenstown-on-her-maiden-voyage-1912-900-x-695/ HTTP/1.1" 200 18408 "-" "Mozilla/5.0 (compatible; bingbot/2.0; +http://www.bing.com/bingbot.htm)"
207.46.13.80 - - [06/Jul/2021:02:24:07 -0400] "GET /wp-content/themes/royal-magazine/assets/libraries/magnific-popup/jquery.magnific-popup.min.js?ver=5.7.2 HTTP/1.1" 200 13424 "-" "Mozilla/5.0 (compatible; bingbot/2.0; +http://www.bing.com/bingbot.htm)"
54.36.148.117 - - [06/Jul/2021:02:24:15 -0400] "GET / HTTP/1.1" 200 20760 "-" "Mozilla/5.0 (compatible; AhrefsBot/7.0; +http://ahrefs.com/robot/)"
204.48.19.85 - - [06/Jul/2021:02:25:20 -0400] "POST /wp-cron.php?doing_wp_cron=1625552720.2765290737152099609375 HTTP/1.1" 200 6295 "https://ajhydell.com/wp-cron.php?doing_wp_cron=1625552720.2765290737152099609375" "WordPress/5.7.2; https://ajhydell.com"
66.249.70.110 - - [06/Jul/2021:02:25:20 -0400] "GET /2019/08/17/jenny-joseph-the-woman-that-modeled-for-columbia-pictures-to-create-their-iconic-logo-1992-640-x-480/ HTTP/1.1" 200 19219 "-" "Mozilla/5.0 (compatible; Googlebot/2.1; +http://www.google.com/bot.html)"
204.48.19.85 - - [06/Jul/2021:02:28:23 -0400] "POST /wp-cron.php?doing_wp_cron=1625552903.0136859416961669921875 HTTP/1.1" 200 6295 "https://ajhydell.com/wp-cron.php?doing_wp_cron=1625552903.0136859416961669921875" "WordPress/5.7.2; https://ajhydell.com"
54.36.148.117 - - [06/Jul/2021:02:28:22 -0400] "GET /2021/02/21/long-live-the-1st-of-may-1954-long-live-the-unity-of-action-of-the-working-class-in-the-fight-for-bread-freedom-and-peace-israeli-communist-party-1954/ HTTP/1.1" 200 19428 "-" "Mozilla/5.0 (compatible; AhrefsBot/7.0; +http://ahrefs.com/robot/)"
204.48.19.85 - - [06/Jul/2021:02:29:33 -0400] "POST /wp-cron.php?doing_wp_cron=1625552973.4361720085144042968750 HTTP/1.1" 200 6295 "https://ajhydell.com/wp-cron.php?doing_wp_cron=1625552973.4361720085144042968750" "WordPress/5.7.2; https://ajhydell.com"
207.46.13.80 - - [06/Jul/2021:02:29:33 -0400] "GET /2021/04/15/atari-1983/ HTTP/1.1" 200 18623 "-" "Mozilla/5.0 (compatible; bingbot/2.0; +http://www.bing.com/bingbot.htm)"
204.48.19.85 - - [06/Jul/2021:02:31:08 -0400] "POST /wp-cron.php?doing_wp_cron=1625553068.8525960445404052734375 HTTP/1.1" 200 6295 "https://ajhydell.com/wp-cron.php?doing_wp_cron=1625553068.8525960445404052734375" "WordPress/5.7.2; https://ajhydell.com"
17.121.112.136 - - [06/Jul/2021:02:31:08 -0400] "GET /2020/09/15/ad-for-mrs-winslows-soothing-syrup-contained-65-mg-of-morphine-per-fluid-ounce-for-children-teething-ca-1820/ HTTP/1.1" 200 18699 "-" "Mozilla/5.0 (Macintosh; Intel Mac OS X 10_15_5) AppleWebKit/605.1.15 (KHTML, like Gecko) Version/13.1.1 Safari/605.1.15 (Applebot/0.1; +http://www.apple.com/go/applebot)"
204.48.19.85 - - [06/Jul/2021:02:32:21 -0400] "POST /wp-cron.php?doing_wp_cron=1625553141.6409211158752441406250 HTTP/1.1" 200 6295 "https://ajhydell.com/wp-cron.php?doing_wp_cron=1625553141.6409211158752441406250" "WordPress/5.7.2; https://ajhydell.com"
54.36.148.117 - - [06/Jul/2021:02:32:21 -0400] "GET /2021/01/22/switzerland-a-good-air-defence-is-good-self-defense-1935/ HTTP/1.1" 200 18987 "-" "Mozilla/5.0 (compatible; AhrefsBot/7.0; +http://ahrefs.com/robot/)"
204.48.19.85 - - [06/Jul/2021:02:36:41 -0400] "POST /wp-cron.php?doing_wp_cron=1625553401.2695109844207763671875 HTTP/1.1" 200 6295 "https://ajhydell.com/wp-cron.php?doing_wp_cron=1625553401.2695109844207763671875" "WordPress/5.7.2; https://ajhydell.com"
54.36.148.117 - - [06/Jul/2021:02:36:41 -0400] "GET /2020/01/09/1984-legendary-luchador-wrestler-el-santos-rodolfo-guzman-huerta-reveals-his-face-to-the-audience-for-the-only-time-in-his-entire-career-he-passed-away-only-10-days-later-900x720/ HTTP/1.1" 200 19539 "-" "Mozilla/5.0 (compatible; AhrefsBot/7.0; +http://ahrefs.com/robot/)"
204.48.19.85 - - [06/Jul/2021:02:37:02 -0400] "POST /wp-cron.php?doing_wp_cron=1625553422.7925589084625244140625 HTTP/1.1" 200 6295 "https://ajhydell.com/wp-cron.php?doing_wp_cron=1625553422.7925589084625244140625" "WordPress/5.7.2; https://ajhydell.com"
213.180.203.138 - - [06/Jul/2021:02:37:02 -0400] "GET /2019/08/19/it-is-dangerous-to-keep-official-documents-with-a-frivolous-person-soviet-propaganda-artist-unknown-1983/ HTTP/1.1" 200 19233 "-" "Mozilla/5.0 (compatible; YandexBot/3.0; +http://yandex.com/bots)"
188.166.233.252 - - [06/Jul/2021:02:37:08 -0400] "GET /wp-login.php HTTP/1.1" 200 8606 "-" "Mozilla/5.0 (X11; Ubuntu; Linux x86_64; rv:62.0) Gecko/20100101 Firefox/62.0"
188.166.233.252 - - [06/Jul/2021:02:37:09 -0400] "POST /wp-login.php HTTP/1.1" 200 8695 "-" "Mozilla/5.0 (X11; Ubuntu; Linux x86_64; rv:62.0) Gecko/20100101 Firefox/62.0"
188.166.233.252 - - [06/Jul/2021:02:37:10 -0400] "POST /xmlrpc.php HTTP/1.1" 200 5852 "-" "Mozilla/5.0 (X11; Ubuntu; Linux x86_64; rv:62.0) Gecko/20100101 Firefox/62.0"
66.249.70.112 - - [06/Jul/2021:02:40:47 -0400] "GET /wp-content/uploads/2021/07/picture-5.jpg HTTP/1.1" 200 86231 "-" "Googlebot-Image/1.0"
204.48.19.85 - - [06/Jul/2021:02:41:05 -0400] "POST /wp-cron.php?doing_wp_cron=1625553665.8142459392547607421875 HTTP/1.1" 200 6295 "https://ajhydell.com/wp-cron.php?doing_wp_cron=1625553665.8142459392547607421875" "WordPress/5.7.2; https://ajhydell.com"
54.36.148.117 - - [06/Jul/2021:02:41:05 -0400] "GET /2020/01/08/british-wwii-evacuation-poster/ HTTP/1.1" 200 19074 "-" "Mozilla/5.0 (compatible; AhrefsBot/7.0; +http://ahrefs.com/robot/)"
207.46.13.151 - - [06/Jul/2021:02:41:18 -0400] "GET /wp-content/uploads/2020/05/picture-19-664x1024.jpg HTTP/1.1" 200 135973 "-" "Mozilla/5.0 (compatible; bingbot/2.0; +http://www.bing.com/bingbot.htm)"
204.48.19.85 - - [06/Jul/2021:02:42:43 -0400] "POST /wp-cron.php?doing_wp_cron=1625553763.0111169815063476562500 HTTP/1.1" 200 6295 "https://ajhydell.com/wp-cron.php?doing_wp_cron=1625553763.0111169815063476562500" "WordPress/5.7.2; https://ajhydell.com"
66.175.209.242 - - [06/Jul/2021:02:42:42 -0400] "GET /feed/ HTTP/1.1" 200 13288 "-" "SerendeputyBot/0.8.6 (http://serendeputy.com/about/serendeputy-bot)"
51.81.11.92 - - [06/Jul/2021:02:42:43 -0400] "GET /wp-login.php HTTP/1.1" 301 552 "-" "Mozilla/5.0 (X11; Ubuntu; Linux x86_64; rv:62.0) Gecko/20100101 Firefox/62.0"
51.81.11.92 - - [06/Jul/2021:02:42:43 -0400] "GET /wp-login.php HTTP/1.1" 200 8605 "http://ajhydell.com/wp-login.php" "Mozilla/5.0 (X11; Ubuntu; Linux x86_64; rv:62.0) Gecko/20100101 Firefox/62.0"
51.81.11.92 - - [06/Jul/2021:02:42:43 -0400] "GET ///?author=1 HTTP/1.1" 301 546 "-" "Mozilla/5.0 (X11; Ubuntu; Linux x86_64; rv:62.0) Gecko/20100101 Firefox/62.0"
51.81.11.92 - - [06/Jul/2021:02:42:43 -0400] "GET ///wp-json/wp/v2/users/ HTTP/1.1" 301 568 "-" "Mozilla/5.0 (X11; Ubuntu; Linux x86_64; rv:62.0) Gecko/20100101 Firefox/62.0"
51.81.11.92 - - [06/Jul/2021:02:42:43 -0400] "GET /?author=1 HTTP/1.1" 404 17150 "http://ajhydell.com///?author=1" "Mozilla/5.0 (X11; Ubuntu; Linux x86_64; rv:62.0) Gecko/20100101 Firefox/62.0"
51.81.11.92 - - [06/Jul/2021:02:42:43 -0400] "GET /wp-json/wp/v2/users/ HTTP/1.1" 401 5958 "http://ajhydell.com///wp-json/wp/v2/users/" "Mozilla/5.0 (X11; Ubuntu; Linux x86_64; rv:62.0) Gecko/20100101 Firefox/62.0"
204.48.19.85 - - [06/Jul/2021:02:42:45 -0400] "POST /wp-cron.php?doing_wp_cron=1625553765.0841870307922363281250 HTTP/1.1" 200 6295 "https://ajhydell.com/wp-cron.php?doing_wp_cron=1625553765.0841870307922363281250" "WordPress/5.7.2; https://ajhydell.com"
45.79.161.118 - - [06/Jul/2021:02:42:45 -0400] "GET /robots.txt HTTP/1.1" 200 5859 "-" "SerendeputyBot/0.8.6 (http://serendeputy.com/about/serendeputy-bot)"
45.79.161.118 - - [06/Jul/2021:02:42:45 -0400] "GET /2021/07/05/american-soldiers-watch-the-eruption-of-mt-vesuvius-1944/ HTTP/1.1" 200 62949 "-" "SerendeputyBot/0.8.6 (http://serendeputy.com/about/serendeputy-bot)"
45.79.161.118 - - [06/Jul/2021:02:42:45 -0400] "GET /2021/07/06/sergeant-ellis-battle-of-britain-pilot-killed-in-action-on-1-september-1940-body-found-and-buried-with-military-honours-in-1993/ HTTP/1.1" 200 63590 "-" "SerendeputyBot/0.8.6 (http://serendeputy.com/about/serendeputy-bot)"
185.191.171.24 - - [06/Jul/2021:02:43:38 -0400] "GET /2018/08/16/laika-ussr-date-unknown/ HTTP/1.1" 200 19018 "-" "Mozilla/5.0 (compatible; SemrushBot/7~bl; +http://www.semrush.com/bot.html)"
204.48.19.85 - - [06/Jul/2021:02:45:05 -0400] "POST /wp-cron.php?doing_wp_cron=1625553905.4547209739685058593750 HTTP/1.1" 200 6295 "https://ajhydell.com/wp-cron.php?doing_wp_cron=1625553905.4547209739685058593750" "WordPress/5.7.2; https://ajhydell.com"
54.36.148.117 - - [06/Jul/2021:02:45:05 -0400] "GET /2021/05/12/husband-and-wife-alexandra-and-ivan-boiko-who-served-as-commander-and-driver-in-the-same-tank-in-the-soviet-48th-guards-heavy-tank-regiment-during-the-second-world-war/ HTTP/1.1" 200 19184 "-" "Mozilla/5.0 (compatible; AhrefsBot/7.0; +http://ahrefs.com/robot/)"
66.249.70.110 - - [06/Jul/2021:02:45:15 -0400] "GET /wp-content/uploads/2018/08/picture-150x150.jpg HTTP/1.1" 200 14445 "-" "Googlebot-Image/1.0"
204.48.19.85 - - [06/Jul/2021:02:46:18 -0400] "POST /wp-cron.php?doing_wp_cron=1625553978.9236130714416503906250 HTTP/1.1" 200 6295 "https://ajhydell.com/wp-cron.php?doing_wp_cron=1625553978.9236130714416503906250" "WordPress/5.7.2; https://ajhydell.com"
207.46.13.22 - - [06/Jul/2021:02:46:18 -0400] "GET /2021/05/07/this-coca-cola-advert-painted-on-a-gable-end-in-glasgow-still-standing-from-possibly-1922-when-they-used-the-slogan-thirst-knows-no-season/ HTTP/1.1" 200 18947 "-" "Mozilla/5.0 (compatible; bingbot/2.0; +http://www.bing.com/bingbot.htm)"
204.48.19.85 - - [06/Jul/2021:02:48:19 -0400] "POST /wp-cron.php?doing_wp_cron=1625554099.1939051151275634765625 HTTP/1.1" 200 6295 "https://ajhydell.com/wp-cron.php?doing_wp_cron=1625554099.1939051151275634765625" "WordPress/5.7.2; https://ajhydell.com"
207.46.13.151 - - [06/Jul/2021:02:48:19 -0400] "GET /2018/10/05/ HTTP/1.1" 200 18227 "-" "Mozilla/5.0 (compatible; bingbot/2.0; +http://www.bing.com/bingbot.htm)"
204.48.19.85 - - [06/Jul/2021:02:48:55 -0400] "POST /wp-cron.php?doing_wp_cron=1625554135.8703000545501708984375 HTTP/1.1" 200 6295 "https://ajhydell.com/wp-cron.php?doing_wp_cron=1625554135.8703000545501708984375" "WordPress/5.7.2; https://ajhydell.com"
207.46.13.96 - - [06/Jul/2021:02:48:55 -0400] "GET /2018/09/11/stalins-son-yakov-dzhugashvili-captured-by-the-germans-1941/ HTTP/1.1" 200 18573 "-" "Mozilla/5.0 (compatible; bingbot/2.0; +http://www.bing.com/bingbot.htm)"
54.36.148.117 - - [06/Jul/2021:02:48:57 -0400] "GET /2020/10/17/harrison-ford-as-a-carpenter-before-he-became-famous-as-an-actor-1970-960-x-540/ HTTP/1.1" 200 19266 "-" "Mozilla/5.0 (compatible; AhrefsBot/7.0; +http://ahrefs.com/robot/)"
204.48.19.85 - - [06/Jul/2021:02:49:51 -0400] "POST /wp-cron.php?doing_wp_cron=1625554191.2544400691986083984375 HTTP/1.1" 200 6295 "https://ajhydell.com/wp-cron.php?doing_wp_cron=1625554191.2544400691986083984375" "WordPress/5.7.2; https://ajhydell.com"
207.46.13.120 - - [06/Jul/2021:02:49:51 -0400] "GET /2018/10/23/can-you-spot-the-camel-filters-smoker-1973/ HTTP/1.1" 200 18701 "-" "Mozilla/5.0 (compatible; bingbot/2.0; +http://www.bing.com/bingbot.htm)"
49.7.20.65 - - [06/Jul/2021:02:51:15 -0400] "GET / HTTP/1.1" 301 528 "-" "Sogou web spider/4.0(+http://www.sogou.com/docs/help/webmasters.htm#07)"
204.48.19.85 - - [06/Jul/2021:02:52:22 -0400] "POST /wp-cron.php?doing_wp_cron=1625554342.6056621074676513671875 HTTP/1.1" 200 6295 "https://ajhydell.com/wp-cron.php?doing_wp_cron=1625554342.6056621074676513671875" "WordPress/5.7.2; https://ajhydell.com"
185.191.171.20 - - [06/Jul/2021:02:52:22 -0400] "GET /2019/11/16/ HTTP/1.1" 200 18880 "-" "Mozilla/5.0 (compatible; SemrushBot/7~bl; +http://www.semrush.com/bot.html)"
17.121.114.125 - - [06/Jul/2021:02:52:23 -0400] "GET /2020/08/13/oldest-photo-of-a-tornado-1884/ HTTP/1.1" 200 18280 "-" "Mozilla/5.0 (Macintosh; Intel Mac OS X 10_15_5) AppleWebKit/605.1.15 (KHTML, like Gecko) Version/13.1.1 Safari/605.1.15 (Applebot/0.1; +http://www.apple.com/go/applebot)"
185.191.171.26 - - [06/Jul/2021:02:52:31 -0400] "GET /2018/08/16/america-single-engine-throwing-sparks-on-the-deck-as-it-crash-lands/ HTTP/1.1" 200 18895 "-" "Mozilla/5.0 (compatible; SemrushBot/7~bl; +http://www.semrush.com/bot.html)"
49.7.20.67 - - [06/Jul/2021:02:52:36 -0400] "GET / HTTP/1.1" 200 20327 "-" "Sogou web spider/4.0(+http://www.sogou.com/docs/help/webmasters.htm#07)"
204.48.19.85 - - [06/Jul/2021:02:53:00 -0400] "POST /wp-cron.php?doing_wp_cron=1625554380.0815620422363281250000 HTTP/1.1" 200 6295 "https://ajhydell.com/wp-cron.php?doing_wp_cron=1625554380.0815620422363281250000" "WordPress/5.7.2; https://ajhydell.com"
54.36.148.117 - - [06/Jul/2021:02:53:00 -0400] "GET /2020/01/09/lance-corporal-chashi-of-northern-rhodesian-rifles-a-company-of-the-british-kings-african-rifles-prepares-to-attack-the-japanese-held-hill-752-in-the-arakan-area-of-burma-november-1944/ HTTP/1.1" 200 19477 "-" "Mozilla/5.0 (compatible; AhrefsBot/7.0; +http://ahrefs.com/robot/)"
207.46.13.80 - - [06/Jul/2021:02:54:34 -0400] "GET /wp-content/uploads/2020/08/picture-15-1024x801.jpg HTTP/1.1" 200 130579 "-" "Mozilla/5.0 (compatible; bingbot/2.0; +http://www.bing.com/bingbot.htm)"
204.48.19.85 - - [06/Jul/2021:02:55:05 -0400] "POST /wp-cron.php?doing_wp_cron=1625554505.4577960968017578125000 HTTP/1.1" 200 6295 "https://ajhydell.com/wp-cron.php?doing_wp_cron=1625554505.4577960968017578125000" "WordPress/5.7.2; https://ajhydell.com"
17.121.112.207 - - [06/Jul/2021:02:55:05 -0400] "GET /2020/09/12/1984-heinz-ketchup-ad-offering-a-ten-cent-coupon-and-a-limited-edition-bottle-telephone-offer/ HTTP/1.1" 200 18630 "-" "Mozilla/5.0 (Macintosh; Intel Mac OS X 10_15_5) AppleWebKit/605.1.15 (KHTML, like Gecko) Version/13.1.1 Safari/605.1.15 (Applebot/0.1; +http://www.apple.com/go/applebot)"
5.255.253.148 - - [06/Jul/2021:02:55:06 -0400] "GET /wp-content/uploads/2020/02/picture-65.jpg HTTP/1.1" 200 133100 "-" "Mozilla/5.0 (compatible; YandexImages/3.0; +http://yandex.com/bots)"
40.77.188.85 - - [06/Jul/2021:02:55:13 -0400] "GET /?wordfence_lh=1&hid=E875BDC38744F9B6CE823D54D00E3FC0&r=0.19464568055827636 HTTP/1.1" 200 5918 "-" "Mozilla/5.0 (Windows NT 6.1; WOW64) AppleWebKit/534+ (KHTML, like Gecko) BingPreview/1.0b"
45.20.197.116 - - [06/Jul/2021:02:55:48 -0400] "-" 408 6041 "-" "-"
204.48.19.85 - - [06/Jul/2021:02:57:05 -0400] "POST /wp-cron.php?doing_wp_cron=1625554625.7671849727630615234375 HTTP/1.1" 200 6295 "https://ajhydell.com/wp-cron.php?doing_wp_cron=1625554625.7671849727630615234375" "WordPress/5.7.2; https://ajhydell.com"
54.36.148.117 - - [06/Jul/2021:02:57:05 -0400] "GET /2020/10/17/american-architecture-date-unknown/ HTTP/1.1" 200 19087 "-" "Mozilla/5.0 (compatible; AhrefsBot/7.0; +http://ahrefs.com/robot/)"
45.20.197.116 - - [06/Jul/2021:02:57:17 -0400] "-" 408 6041 "-" "-"
187.51.127.28 - - [06/Jul/2021:02:57:23 -0400] "GET /wp-login.php HTTP/1.1" 200 8606 "-" "Mozilla/5.0 (X11; Ubuntu; Linux x86_64; rv:62.0) Gecko/20100101 Firefox/62.0"
187.51.127.28 - - [06/Jul/2021:02:57:23 -0400] "POST /wp-login.php HTTP/1.1" 200 8694 "-" "Mozilla/5.0 (X11; Ubuntu; Linux x86_64; rv:62.0) Gecko/20100101 Firefox/62.0"
187.51.127.28 - - [06/Jul/2021:02:57:24 -0400] "POST /xmlrpc.php HTTP/1.1" 200 5852 "-" "Mozilla/5.0 (X11; Ubuntu; Linux x86_64; rv:62.0) Gecko/20100101 Firefox/62.0"
204.48.19.85 - - [06/Jul/2021:02:57:50 -0400] "POST /wp-cron.php?doing_wp_cron=1625554670.3616230487823486328125 HTTP/1.1" 200 6295 "https://ajhydell.com/wp-cron.php?doing_wp_cron=1625554670.3616230487823486328125" "WordPress/5.7.2; https://ajhydell.com"
185.191.171.20 - - [06/Jul/2021:02:57:50 -0400] "GET /2020/04/ HTTP/1.1" 200 20599 "-" "Mozilla/5.0 (compatible; SemrushBot/7~bl; +http://www.semrush.com/bot.html)"
5.255.253.148 - - [06/Jul/2021:02:58:20 -0400] "GET /wp-content/uploads/2018/12/picture-1.jpg HTTP/1.1" 200 138744 "-" "Mozilla/5.0 (compatible; YandexImages/3.0; +http://yandex.com/bots)"
207.46.13.80 - - [06/Jul/2021:02:58:26 -0400] "GET /2021/05/22/one-of-the-many-selfies-that-emperor-nicholas-ii-took-throughout-his-life-1868-1918-736x551/ HTTP/1.1" 200 18761 "-" "Mozilla/5.0 (compatible; bingbot/2.0; +http://www.bing.com/bingbot.htm)"
216.244.66.250 - - [06/Jul/2021:02:59:57 -0400] "GET /robots.txt HTTP/1.1" 301 529 "-" "Mozilla/5.0 (compatible; DotBot/1.2; +https://opensiteexplorer.org/dotbot; help@moz.com)"
204.48.19.85 - - [06/Jul/2021:02:59:58 -0400] "POST /wp-cron.php?doing_wp_cron=1625554798.0985569953918457031250 HTTP/1.1" 200 6295 "https://ajhydell.com/wp-cron.php?doing_wp_cron=1625554798.0985569953918457031250" "WordPress/5.7.2; https://ajhydell.com"
216.244.66.250 - - [06/Jul/2021:02:59:58 -0400] "GET /robots.txt HTTP/1.1" 200 5859 "-" "Mozilla/5.0 (compatible; DotBot/1.2; +https://opensiteexplorer.org/dotbot; help@moz.com)"
207.46.13.120 - - [06/Jul/2021:03:00:20 -0400] "GET /2021/01/17/actress-yvonne-de-carlo-lily-from-the-munsters/ HTTP/1.1" 200 18594 "-" "Mozilla/5.0 (compatible; bingbot/2.0; +http://www.bing.com/bingbot.htm)"
54.36.148.117 - - [06/Jul/2021:03:00:30 -0400] "GET /2020/01/08/my-grandfather-a-wing-commander-in-the-raf-in-front-of-the-treptower-war-memorial-as-part-of-a-nato-delegation-to-east-berlin-march-1974-3210-x-4759/ HTTP/1.1" 200 19275 "-" "Mozilla/5.0 (compatible; AhrefsBot/7.0; +http://ahrefs.com/robot/)"
204.48.19.85 - - [06/Jul/2021:03:03:21 -0400] "POST /wp-cron.php?doing_wp_cron=1625555001.9466550350189208984375 HTTP/1.1" 200 6295 "https://ajhydell.com/wp-cron.php?doing_wp_cron=1625555001.9466550350189208984375" "WordPress/5.7.2; https://ajhydell.com"
54.36.148.117 - - [06/Jul/2021:03:03:21 -0400] "GET /2021/02/26/maybelline-kissing-potion-zodiac-signs-1979/ HTTP/1.1" 200 19147 "-" "Mozilla/5.0 (compatible; AhrefsBot/7.0; +http://ahrefs.com/robot/)"
204.48.19.85 - - [06/Jul/2021:03:03:49 -0400] "POST /wp-cron.php?doing_wp_cron=1625555029.5897340774536132812500 HTTP/1.1" 200 6295 "https://ajhydell.com/wp-cron.php?doing_wp_cron=1625555029.5897340774536132812500" "WordPress/5.7.2; https://ajhydell.com"
23.100.232.233 - - [06/Jul/2021:03:03:49 -0400] "GET /2020/05/11/downtown-cairo-egypt-circa-1960-960x636/ HTTP/1.1" 200 18085 "-" "Mozilla/5.0 (compatible; MSIE 9.0; Windows NT 6.1; Trident/5.0;  Trident/5.0)"
23.100.232.233 - - [06/Jul/2021:03:03:50 -0400] "GET /wp-content/plugins/add-expires-headers/cache/0/com/processed-header-f16a8d323e83e1bc1b76514e283fb81b7090a959.min.css HTTP/1.1" 200 52893 "https://ajhydell.com/2020/05/11/downtown-cairo-egypt-circa-1960-960x636/" "Mozilla/5.0 (compatible; MSIE 9.0; Windows NT 6.1; Trident/5.0;  Trident/5.0)"
23.100.232.233 - - [06/Jul/2021:03:03:50 -0400] "GET /wp-content/plugins/google-analytics-for-wordpress/assets/js/frontend-gtag.min.js?ver=7.17.0 HTTP/1.1" 200 3476 "https://ajhydell.com/2020/05/11/downtown-cairo-egypt-circa-1960-960x636/" "Mozilla/5.0 (compatible; MSIE 9.0; Windows NT 6.1; Trident/5.0;  Trident/5.0)"
23.100.232.233 - - [06/Jul/2021:03:03:50 -0400] "GET /wp-includes/js/jquery/jquery.min.js?ver=3.5.1 HTTP/1.1" 200 31550 "https://ajhydell.com/2020/05/11/downtown-cairo-egypt-circa-1960-960x636/" "Mozilla/5.0 (compatible; MSIE 9.0; Windows NT 6.1; Trident/5.0;  Trident/5.0)"
23.100.232.233 - - [06/Jul/2021:03:03:50 -0400] "GET /wp-includes/js/jquery/jquery-migrate.min.js?ver=3.3.2 HTTP/1.1" 200 4687 "https://ajhydell.com/2020/05/11/downtown-cairo-egypt-circa-1960-960x636/" "Mozilla/5.0 (compatible; MSIE 9.0; Windows NT 6.1; Trident/5.0;  Trident/5.0)"
23.100.232.233 - - [06/Jul/2021:03:03:50 -0400] "GET /wp-content/plugins/wp-smushit/app/assets/js/smush-lazy-load.min.js?ver=3.8.7 HTTP/1.1" 200 4207 "https://ajhydell.com/2020/05/11/downtown-cairo-egypt-circa-1960-960x636/" "Mozilla/5.0 (compatible; MSIE 9.0; Windows NT 6.1; Trident/5.0;  Trident/5.0)"
23.100.232.233 - - [06/Jul/2021:03:03:50 -0400] "GET /wp-includes/js/wp-emoji-release.min.js?ver=5.7.2 HTTP/1.1" 200 5183 "https://ajhydell.com/2020/05/11/downtown-cairo-egypt-circa-1960-960x636/" "Mozilla/5.0 (compatible; MSIE 9.0; Windows NT 6.1; Trident/5.0;  Trident/5.0)"
23.100.232.233 - - [06/Jul/2021:03:03:51 -0400] "GET /wp-content/themes/royal-magazine/js/navigation.js?ver=20151215 HTTP/1.1" 200 1349 "https://ajhydell.com/2020/05/11/downtown-cairo-egypt-circa-1960-960x636/" "Mozilla/5.0 (compatible; MSIE 9.0; Windows NT 6.1; Trident/5.0;  Trident/5.0)"
23.100.232.233 - - [06/Jul/2021:03:03:51 -0400] "GET /wp-content/themes/royal-magazine/js/skip-link-focus-fix.js?ver=20151215 HTTP/1.1" 200 933 "https://ajhydell.com/2020/05/11/downtown-cairo-egypt-circa-1960-960x636/" "Mozilla/5.0 (compatible; MSIE 9.0; Windows NT 6.1; Trident/5.0;  Trident/5.0)"
23.100.232.233 - - [06/Jul/2021:03:03:51 -0400] "GET /wp-content/themes/royal-magazine/assets/libraries/bootstrap/js/bootstrap.min.js?ver=5.7.2 HTTP/1.1" 200 10404 "https://ajhydell.com/2020/05/11/downtown-cairo-egypt-circa-1960-960x636/" "Mozilla/5.0 (compatible; MSIE 9.0; Windows NT 6.1; Trident/5.0;  Trident/5.0)"
23.100.232.233 - - [06/Jul/2021:03:03:51 -0400] "GET /wp-content/themes/royal-magazine/assets/libraries/marquee/jquery.marquee.js?ver=5.7.2 HTTP/1.1" 200 5103 "https://ajhydell.com/2020/05/11/downtown-cairo-egypt-circa-1960-960x636/" "Mozilla/5.0 (compatible; MSIE 9.0; Windows NT 6.1; Trident/5.0;  Trident/5.0)"
23.100.232.233 - - [06/Jul/2021:03:03:51 -0400] "GET /wp-content/themes/royal-magazine/assets/twp/js/custom-script.js?ver=5.7.2 HTTP/1.1" 200 3023 "https://ajhydell.com/2020/05/11/downtown-cairo-egypt-circa-1960-960x636/" "Mozilla/5.0 (compatible; MSIE 9.0; Windows NT 6.1; Trident/5.0;  Trident/5.0)"
23.100.232.233 - - [06/Jul/2021:03:03:51 -0400] "GET /wp-content/themes/royal-magazine/assets/libraries/magnific-popup/jquery.magnific-popup.min.js?ver=5.7.2 HTTP/1.1" 200 7871 "https://ajhydell.com/2020/05/11/downtown-cairo-egypt-circa-1960-960x636/" "Mozilla/5.0 (compatible; MSIE 9.0; Windows NT 6.1; Trident/5.0;  Trident/5.0)"
23.100.232.233 - - [06/Jul/2021:03:03:51 -0400] "GET /wp-content/plugins/facebook-pagelike-widget/fb.js?ver=1.0 HTTP/1.1" 200 821 "https://ajhydell.com/2020/05/11/downtown-cairo-egypt-circa-1960-960x636/" "Mozilla/5.0 (compatible; MSIE 9.0; Windows NT 6.1; Trident/5.0;  Trident/5.0)"
23.100.232.233 - - [06/Jul/2021:03:03:51 -0400] "GET /wp-content/themes/royal-magazine/assets/libraries/slick/js/slick.min.js?ver=5.7.2 HTTP/1.1" 200 10740 "https://ajhydell.com/2020/05/11/downtown-cairo-egypt-circa-1960-960x636/" "Mozilla/5.0 (compatible; MSIE 9.0; Windows NT 6.1; Trident/5.0;  Trident/5.0)"
23.100.232.233 - - [06/Jul/2021:03:03:51 -0400] "GET /wp-includes/js/wp-embed.min.js?ver=5.7.2 HTTP/1.1" 200 1221 "https://ajhydell.com/2020/05/11/downtown-cairo-egypt-circa-1960-960x636/" "Mozilla/5.0 (compatible; MSIE 9.0; Windows NT 6.1; Trident/5.0;  Trident/5.0)"
23.100.232.233 - - [06/Jul/2021:03:03:51 -0400] "GET /wp-content/themes/royal-magazine/assets/libraries/theiaStickySidebar/theia-sticky-sidebar.min.js?ver=5.7.2 HTTP/1.1" 200 2271 "https://ajhydell.com/2020/05/11/downtown-cairo-egypt-circa-1960-960x636/" "Mozilla/5.0 (compatible; MSIE 9.0; Windows NT 6.1; Trident/5.0;  Trident/5.0)"
49.147.118.87 - - [06/Jul/2021:03:04:13 -0400] "GET /wp-content/uploads/2020/11/picture-28-scaled.jpg HTTP/1.1" 200 595508 "https://yandex.com/images/search?text=baseball%201990%20runer%20black%20and%20wight&pos=25&img_url=https%3A%2F%2Fc8.alamy.com%2Fcomp%2FW5K3D3%2Fbaseball-game-with-runner-on-base-W5K3D3.jpg&rpt=simage&rlt_url=https%3A%2F%2Ffthmb.tqn.com%2Fe1JkSEPvsAS08fA4TjRSkDGwqSA%3D%2F2000x1348%2Ffilters%3Afill(auto%2C1)%2Fwillie_mays-515045376-58d84d8e5f9b5846837cfc77.jpg&ogl_url=https%3A%2F%2Fc8.alamy.com%2Fcomp%2FW5K3D3%2Fbaseball-game-with-runner-on-base-W5K3D3.jpg" "Mozilla/5.0 (Windows NT 6.1; Win64; x64) AppleWebKit/537.36 (KHTML, like Gecko) Chrome/91.0.4472.124 Safari/537.36"
207.46.13.96 - - [06/Jul/2021:03:04:16 -0400] "GET /2021/07/02/election-pamphlet-from-us-1867 HTTP/1.1" 301 6023 "-" "Mozilla/5.0 (compatible; bingbot/2.0; +http://www.bing.com/bingbot.htm)"
207.46.13.96 - - [06/Jul/2021:03:04:17 -0400] "GET /2021/07/02/election-pamphlet-from-us-1867/ HTTP/1.1" 200 18511 "-" "Mozilla/5.0 (compatible; bingbot/2.0; +http://www.bing.com/bingbot.htm)"
207.46.13.151 - - [06/Jul/2021:03:04:21 -0400] "GET /2020/04/25/a-10-year-old-jack-black-1979/ HTTP/1.1" 200 18653 "-" "Mozilla/5.0 (compatible; bingbot/2.0; +http://www.bing.com/bingbot.htm)"
49.147.118.87 - - [06/Jul/2021:03:04:33 -0400] "-" 408 6041 "-" "-"
