54.36.148.117 - - [03/Jul/2021:01:41:49 -0400] "GET /2021/06/08/lt-richard-dick-winters-of-the-501st-pir-during-training-at-camp-mackall-1943/ HTTP/1.1" 200 18738 "-" "Mozilla/5.0 (compatible; AhrefsBot/7.0; +http://ahrefs.com/robot/)"
204.48.19.85 - - [03/Jul/2021:01:43:04 -0400] "POST /wp-cron.php?doing_wp_cron=1625290984.7588930130004882812500 HTTP/1.1" 200 6295 "https://ajhydell.com/wp-cron.php?doing_wp_cron=1625290984.7588930130004882812500" "WordPress/5.7.2; https://ajhydell.com"
114.119.156.206 - - [03/Jul/2021:01:43:04 -0400] "GET /2020/10/13/self-determination-for-the-black-belt-vote-communist-usa-1932 HTTP/1.1" 301 5824 "-" "Mozilla/5.0 (Linux; Android 7.0;) AppleWebKit/537.36 (KHTML, like Gecko) Mobile Safari/537.36 (compatible; PetalBot;+https://webmaster.petalsearch.com/site/petalbot)"
114.119.156.206 - - [03/Jul/2021:01:43:05 -0400] "GET /2020/10/13/self-determination-for-the-black-belt-vote-communist-usa-1932/ HTTP/1.1" 200 13019 "-" "Mozilla/5.0 (Linux; Android 7.0;) AppleWebKit/537.36 (KHTML, like Gecko) Mobile Safari/537.36 (compatible; PetalBot;+https://webmaster.petalsearch.com/site/petalbot)"
204.48.19.85 - - [03/Jul/2021:01:44:14 -0400] "POST /wp-cron.php?doing_wp_cron=1625291054.6231429576873779296875 HTTP/1.1" 200 6295 "https://ajhydell.com/wp-cron.php?doing_wp_cron=1625291054.6231429576873779296875" "WordPress/5.7.2; https://ajhydell.com"
54.36.148.117 - - [03/Jul/2021:01:44:14 -0400] "GET /2021/04/05/a-passing-dispatch-rider-reads-a-beachhead-sign-warning-against-butterfly-bombs-normandy-1944/ HTTP/1.1" 200 18773 "-" "Mozilla/5.0 (compatible; AhrefsBot/7.0; +http://ahrefs.com/robot/)"
66.249.66.132 - - [03/Jul/2021:01:44:29 -0400] "GET /wp-content/uploads/2021/07/picture-5.jpg HTTP/1.1" 200 86231 "-" "Googlebot-Image/1.0"
204.48.19.85 - - [03/Jul/2021:01:44:58 -0400] "POST /wp-cron.php?doing_wp_cron=1625291098.9168078899383544921875 HTTP/1.1" 200 6295 "https://ajhydell.com/wp-cron.php?doing_wp_cron=1625291098.9168078899383544921875" "WordPress/5.7.2; https://ajhydell.com"
114.119.145.169 - - [03/Jul/2021:01:44:58 -0400] "GET /2021/04/08/life-savers-1958 HTTP/1.1" 301 5779 "-" "Mozilla/5.0 (Linux; Android 7.0;) AppleWebKit/537.36 (KHTML, like Gecko) Mobile Safari/537.36 (compatible; PetalBot;+https://webmaster.petalsearch.com/site/petalbot)"
114.119.145.169 - - [03/Jul/2021:01:45:00 -0400] "GET /2021/04/08/life-savers-1958/ HTTP/1.1" 200 12896 "-" "Mozilla/5.0 (Linux; Android 7.0;) AppleWebKit/537.36 (KHTML, like Gecko) Mobile Safari/537.36 (compatible; PetalBot;+https://webmaster.petalsearch.com/site/petalbot)"
204.48.19.85 - - [03/Jul/2021:01:46:32 -0400] "POST /wp-cron.php?doing_wp_cron=1625291192.3887679576873779296875 HTTP/1.1" 200 6295 "https://ajhydell.com/wp-cron.php?doing_wp_cron=1625291192.3887679576873779296875" "WordPress/5.7.2; https://ajhydell.com"
54.36.148.117 - - [03/Jul/2021:01:46:32 -0400] "GET /2021/04/08/teddy-roosevelt-in-his-rowing-gear-as-a-harvard-freshman-in-1877-450x665/ HTTP/1.1" 200 18670 "-" "Mozilla/5.0 (compatible; AhrefsBot/7.0; +http://ahrefs.com/robot/)"
204.48.19.85 - - [03/Jul/2021:01:46:47 -0400] "POST /wp-cron.php?doing_wp_cron=1625291207.8949620723724365234375 HTTP/1.1" 200 6295 "https://ajhydell.com/wp-cron.php?doing_wp_cron=1625291207.8949620723724365234375" "WordPress/5.7.2; https://ajhydell.com"
207.46.13.22 - - [03/Jul/2021:01:46:47 -0400] "GET /2019/01/08/ HTTP/1.1" 200 17978 "-" "Mozilla/5.0 (compatible; bingbot/2.0; +http://www.bing.com/bingbot.htm)"
114.119.147.211 - - [03/Jul/2021:01:46:51 -0400] "GET /2021/01/20/glory-to-our-explorers-21st-century-artwork-author-unknown/ HTTP/1.1" 200 18114 "-" "Mozilla/5.0 (Linux; Android 7.0;) AppleWebKit/537.36 (KHTML, like Gecko) Mobile Safari/537.36 (compatible; PetalBot;+https://webmaster.petalsearch.com/site/petalbot)"
77.75.79.17 - - [03/Jul/2021:01:47:38 -0400] "GET /robots.txt HTTP/1.1" 200 6517 "-" "Mozilla/5.0 (compatible; SeznamBot/3.2; +http://napoveda.seznam.cz/en/seznambot-intro/)"
77.75.79.17 - - [03/Jul/2021:01:47:40 -0400] "GET /wp-content/uploads/2021/05/picture-107.jpg HTTP/1.1" 304 6272 "-" "Mozilla/5.0 (compatible; SeznamBot/3.2; +http://napoveda.seznam.cz/en/seznambot-intro/)"
52.152.170.230 - - [03/Jul/2021:01:47:42 -0400] "GET /wp-login.php HTTP/1.1" 200 8605 "-" "Mozilla/5.0 (X11; Ubuntu; Linux x86_64; rv:62.0) Gecko/20100101 Firefox/62.0"
52.152.170.230 - - [03/Jul/2021:01:47:42 -0400] "POST /wp-login.php HTTP/1.1" 200 8696 "-" "Mozilla/5.0 (X11; Ubuntu; Linux x86_64; rv:62.0) Gecko/20100101 Firefox/62.0"
52.152.170.230 - - [03/Jul/2021:01:47:42 -0400] "POST /xmlrpc.php HTTP/1.1" 200 5852 "-" "Mozilla/5.0 (X11; Ubuntu; Linux x86_64; rv:62.0) Gecko/20100101 Firefox/62.0"
204.48.19.85 - - [03/Jul/2021:01:48:43 -0400] "POST /wp-cron.php?doing_wp_cron=1625291323.9375190734863281250000 HTTP/1.1" 200 6295 "https://ajhydell.com/wp-cron.php?doing_wp_cron=1625291323.9375190734863281250000" "WordPress/5.7.2; https://ajhydell.com"
114.119.158.133 - - [03/Jul/2021:01:48:43 -0400] "GET /2021/05/05/pvt-theodore-james-miller-returns-to-the-attack-transport-uss-arthur-middleton-after-two-days-of-combat-on-engebi-the-first-island-of-the-eniwetok-atoll-to-be-invaded-by-american-forces-february-194 HTTP/1.1" 301 5961 "-" "Mozilla/5.0 (Linux; Android 7.0;) AppleWebKit/537.36 (KHTML, like Gecko) Mobile Safari/537.36 (compatible; PetalBot;+https://webmaster.petalsearch.com/site/petalbot)"
204.48.19.85 - - [03/Jul/2021:01:48:46 -0400] "POST /wp-cron.php?doing_wp_cron=1625291326.5003800392150878906250 HTTP/1.1" 200 6295 "https://ajhydell.com/wp-cron.php?doing_wp_cron=1625291326.5003800392150878906250" "WordPress/5.7.2; https://ajhydell.com"
114.119.158.133 - - [03/Jul/2021:01:48:46 -0400] "GET /2021/05/05/pvt-theodore-james-miller-returns-to-the-attack-transport-uss-arthur-middleton-after-two-days-of-combat-on-engebi-the-first-island-of-the-eniwetok-atoll-to-be-invaded-by-american-forces-february-194/ HTTP/1.1" 200 13525 "-" "Mozilla/5.0 (Linux; Android 7.0;) AppleWebKit/537.36 (KHTML, like Gecko) Mobile Safari/537.36 (compatible; PetalBot;+https://webmaster.petalsearch.com/site/petalbot)"
54.36.148.117 - - [03/Jul/2021:01:48:53 -0400] "GET /2018/08/27/ HTTP/1.1" 200 18484 "-" "Mozilla/5.0 (compatible; AhrefsBot/7.0; +http://ahrefs.com/robot/)"
204.48.19.85 - - [03/Jul/2021:01:50:19 -0400] "POST /wp-cron.php?doing_wp_cron=1625291419.3049740791320800781250 HTTP/1.1" 200 6295 "https://ajhydell.com/wp-cron.php?doing_wp_cron=1625291419.3049740791320800781250" "WordPress/5.7.2; https://ajhydell.com"
157.55.39.22 - - [03/Jul/2021:01:50:19 -0400] "GET /2021/04/02/harry-hudec-of-the-82nd-airborne-stands-ready-for-a-combat-jump-in-1944-wounded-in-normandy-he-was-hidden-away-and-cared-for-by-french-farmers-they-remained-lifelong-friends-and-he-returned-to-visi/ HTTP/1.1" 200 18901 "-" "Mozilla/5.0 (compatible; bingbot/2.0; +http://www.bing.com/bingbot.htm)"
207.46.13.22 - - [03/Jul/2021:01:50:23 -0400] "GET / HTTP/1.1" 301 565 "-" "Mozilla/5.0 (compatible; bingbot/2.0; +http://www.bing.com/bingbot.htm)"
114.119.158.133 - - [03/Jul/2021:01:50:40 -0400] "GET /2019/03/page/7/ HTTP/1.1" 200 19198 "-" "Mozilla/5.0 (Linux; Android 7.0;) AppleWebKit/537.36 (KHTML, like Gecko) Mobile Safari/537.36 (compatible; PetalBot;+https://webmaster.petalsearch.com/site/petalbot)"
204.48.19.85 - - [03/Jul/2021:01:51:08 -0400] "POST /wp-cron.php?doing_wp_cron=1625291468.3130359649658203125000 HTTP/1.1" 200 6295 "https://ajhydell.com/wp-cron.php?doing_wp_cron=1625291468.3130359649658203125000" "WordPress/5.7.2; https://ajhydell.com"
40.77.189.130 - - [03/Jul/2021:01:51:08 -0400] "GET /?wordfence_lh=1&hid=A67D5E239B9068E630EC40C1774718C9&r=0.38058400785289437 HTTP/1.1" 200 5918 "-" "Mozilla/5.0 (Windows NT 6.1; WOW64) AppleWebKit/534+ (KHTML, like Gecko) BingPreview/1.0b"
54.36.148.117 - - [03/Jul/2021:01:51:13 -0400] "GET /2020/10/10/soviet-peasants-listen-to-the-radio-for-the-first-time-1928-1080x712/ HTTP/1.1" 200 18753 "-" "Mozilla/5.0 (compatible; AhrefsBot/7.0; +http://ahrefs.com/robot/)"
157.55.39.57 - - [03/Jul/2021:01:51:37 -0400] "GET /2019/07/05/stop-the-militarization-of-space-ussr-early-1980s/ HTTP/1.1" 200 18554 "-" "Mozilla/5.0 (compatible; bingbot/2.0; +http://www.bing.com/bingbot.htm)"
24.24.186.88 - - [03/Jul/2021:01:51:41 -0400] "GET /wp-content/uploads/2019/07/picture-13-1024x655.jpg HTTP/1.1" 200 158868 "https://images.search.yahoo.com/yhs/search;_ylt=AwrXpnTn.t9gUz8AKgQPxQt.;_ylu=Y29sbwNncTEEcG9zAzEEdnRpZAMEc2VjA3BpdnM-?p=italian+partisans+tuscany&type=q3000_A083Q_ext_bcrq&hsimp=yhs-st_mig&hspart=ima&ei=UTF-8&fr=yhs-ima-st_mig" "Mozilla/5.0 (Macintosh; Intel Mac OS X 10_10_5) AppleWebKit/537.36 (KHTML, like Gecko) Chrome/87.0.4280.141 Safari/537.36"
204.48.19.85 - - [03/Jul/2021:01:51:51 -0400] "POST /wp-cron.php?doing_wp_cron=1625291511.7560451030731201171875 HTTP/1.1" 200 6295 "https://ajhydell.com/wp-cron.php?doing_wp_cron=1625291511.7560451030731201171875" "WordPress/5.7.2; https://ajhydell.com"
207.46.13.120 - - [03/Jul/2021:01:51:51 -0400] "GET /2018/09/02/a-u-s-marine-reaches-through-the-barbed-wire-of-a-civilian-containment-area-to-give-a-young-japanese-boy-candy-during-the-battle-of-tinian/ HTTP/1.1" 200 18443 "-" "Mozilla/5.0 (compatible; bingbot/2.0; +http://www.bing.com/bingbot.htm)"
24.24.186.88 - - [03/Jul/2021:01:52:01 -0400] "-" 408 6041 "-" "-"
207.46.13.22 - - [03/Jul/2021:01:52:39 -0400] "GET /wp-content/uploads/2019/05/picture-51.jpg HTTP/1.1" 200 134666 "-" "Mozilla/5.0 (compatible; bingbot/2.0; +http://www.bing.com/bingbot.htm)"
207.46.13.22 - - [03/Jul/2021:01:52:40 -0400] "GET /2019/11/16/a-us-marine-shares-his-water-with-a-kitten-found-under-a-burned-out-japanese-type-95-ha-go-light-tank-during-a-break-in-the-fighting-on-tarawa-november-1943/ HTTP/1.1" 200 18813 "-" "Mozilla/5.0 (compatible; bingbot/2.0; +http://www.bing.com/bingbot.htm)"
114.119.147.211 - - [03/Jul/2021:01:52:40 -0400] "GET /2020/12/23/mother-and-baby-of-family-of-nine-living-in-field-on-u-s-route-70-near-the-tennessee-river-march-1936-1024-x-1408 HTTP/1.1" 301 5876 "-" "Mozilla/5.0 (Linux; Android 7.0;) AppleWebKit/537.36 (KHTML, like Gecko) Mobile Safari/537.36 (compatible; PetalBot;+https://webmaster.petalsearch.com/site/petalbot)"
114.119.147.211 - - [03/Jul/2021:01:52:41 -0400] "GET /2020/12/23/mother-and-baby-of-family-of-nine-living-in-field-on-u-s-route-70-near-the-tennessee-river-march-1936-1024-x-1408/ HTTP/1.1" 200 13154 "-" "Mozilla/5.0 (Linux; Android 7.0;) AppleWebKit/537.36 (KHTML, like Gecko) Mobile Safari/537.36 (compatible; PetalBot;+https://webmaster.petalsearch.com/site/petalbot)"
204.48.19.85 - - [03/Jul/2021:01:53:30 -0400] "POST /wp-cron.php?doing_wp_cron=1625291610.5622570514678955078125 HTTP/1.1" 200 6295 "https://ajhydell.com/wp-cron.php?doing_wp_cron=1625291610.5622570514678955078125" "WordPress/5.7.2; https://ajhydell.com"
54.36.148.117 - - [03/Jul/2021:01:53:30 -0400] "GET /2021/02/20/war-calendar-spain-1939/ HTTP/1.1" 200 18669 "-" "Mozilla/5.0 (compatible; AhrefsBot/7.0; +http://ahrefs.com/robot/)"
52.146.59.154 - - [03/Jul/2021:01:53:45 -0400] "GET /wp-content/uploads/2019/10/picture-77.jpg HTTP/1.1" 200 237321 "-" "DuckDuckBot/1.1; (+http://duckduckgo.com/duckduckbot.html)"
204.48.19.85 - - [03/Jul/2021:01:54:29 -0400] "POST /wp-cron.php?doing_wp_cron=1625291669.4797289371490478515625 HTTP/1.1" 200 6295 "https://ajhydell.com/wp-cron.php?doing_wp_cron=1625291669.4797289371490478515625" "WordPress/5.7.2; https://ajhydell.com"
157.55.39.102 - - [03/Jul/2021:01:54:29 -0400] "GET /2020/08/page/8/ HTTP/1.1" 200 19894 "-" "Mozilla/5.0 (compatible; bingbot/2.0; +http://www.bing.com/bingbot.htm)"
204.48.19.85 - - [03/Jul/2021:01:55:01 -0400] "POST /wp-cron.php?doing_wp_cron=1625291701.7587919235229492187500 HTTP/1.1" 200 6295 "https://ajhydell.com/wp-cron.php?doing_wp_cron=1625291701.7587919235229492187500" "WordPress/5.7.2; https://ajhydell.com"
185.191.171.22 - - [03/Jul/2021:01:55:01 -0400] "GET /2021/04/19/george-carlin-being-arrested-for-violating-wisconsins-obscenity-laws-after-performing-the-controversial-routine-seven-words-you-can-never-say-on-television-may-27th-1972-1963x1575/ HTTP/1.1" 200 19101 "-" "Mozilla/5.0 (compatible; SemrushBot/7~bl; +http://www.semrush.com/bot.html)"
66.249.66.132 - - [03/Jul/2021:01:55:20 -0400] "GET /2021/04/10/u-s-sailors-enjoy-a-swim-at-majuro-may-1944-while-fifth-fleet-carriers-lie-at-anchor-awaiting-the-launch-of-operation-forager-which-is-set-to-begin-next-month/ HTTP/1.1" 200 18910 "-" "Mozilla/5.0 (compatible; Googlebot/2.1; +http://www.google.com/bot.html)"
114.119.143.210 - - [03/Jul/2021:01:55:21 -0400] "GET /2018/12/09/the-official-4-piece-superman-playsuit-1956/ HTTP/1.1" 200 18125 "-" "Mozilla/5.0 (Linux; Android 7.0;) AppleWebKit/537.36 (KHTML, like Gecko) Mobile Safari/537.36 (compatible; PetalBot;+https://webmaster.petalsearch.com/site/petalbot)"
204.48.19.85 - - [03/Jul/2021:01:55:49 -0400] "POST /wp-cron.php?doing_wp_cron=1625291749.2780499458312988281250 HTTP/1.1" 200 6295 "https://ajhydell.com/wp-cron.php?doing_wp_cron=1625291749.2780499458312988281250" "WordPress/5.7.2; https://ajhydell.com"
54.36.148.117 - - [03/Jul/2021:01:55:49 -0400] "GET /2021/04/21/marie-curie-circa-1920s/ HTTP/1.1" 200 18744 "-" "Mozilla/5.0 (compatible; AhrefsBot/7.0; +http://ahrefs.com/robot/)"
17.121.115.118 - - [03/Jul/2021:01:56:09 -0400] "GET /2019/08/23/russia-and-germany-sign-a-non-aggression-pact-catching-poland-off-guard-aug-23-1939/ HTTP/1.1" 200 18146 "-" "Mozilla/5.0 (Macintosh; Intel Mac OS X 10_15_5) AppleWebKit/605.1.15 (KHTML, like Gecko) Version/13.1.1 Safari/605.1.15 (Applebot/0.1; +http://www.apple.com/go/applebot)"
114.119.132.183 - - [03/Jul/2021:01:56:16 -0400] "GET /2020/02/01/a-busy-market-day-at-jacques-cartier-square-montreal-canada-in-1900/ HTTP/1.1" 200 18112 "-" "Mozilla/5.0 (Linux; Android 7.0;) AppleWebKit/537.36 (KHTML, like Gecko) Mobile Safari/537.36 (compatible; PetalBot;+https://webmaster.petalsearch.com/site/petalbot)"
66.249.66.134 - - [03/Jul/2021:01:56:44 -0400] "GET /2019/05/09/people-of-africa-will-overpower-the-colonizers-ussr-circa-1960s/ HTTP/1.1" 200 18794 "-" "Mozilla/5.0 (compatible; Googlebot/2.1; +http://www.google.com/bot.html)"
204.48.19.85 - - [03/Jul/2021:01:56:52 -0400] "POST /wp-cron.php?doing_wp_cron=1625291812.0643060207366943359375 HTTP/1.1" 200 6295 "https://ajhydell.com/wp-cron.php?doing_wp_cron=1625291812.0643060207366943359375" "WordPress/5.7.2; https://ajhydell.com"
207.46.13.96 - - [03/Jul/2021:01:56:52 -0400] "GET /2021/03/28/shepherds-listening-to-music-records-azerbaijan-1939-640x776/ HTTP/1.1" 200 18420 "-" "Mozilla/5.0 (compatible; bingbot/2.0; +http://www.bing.com/bingbot.htm)"
204.48.19.85 - - [03/Jul/2021:01:57:49 -0400] "POST /wp-cron.php?doing_wp_cron=1625291869.9657180309295654296875 HTTP/1.1" 200 6295 "https://ajhydell.com/wp-cron.php?doing_wp_cron=1625291869.9657180309295654296875" "WordPress/5.7.2; https://ajhydell.com"
93.113.111.100 - - [03/Jul/2021:01:57:49 -0400] "GET /wp-login.php HTTP/1.1" 200 8605 "-" "Mozilla/5.0 (X11; Ubuntu; Linux x86_64; rv:62.0) Gecko/20100101 Firefox/62.0"
93.113.111.100 - - [03/Jul/2021:01:57:50 -0400] "POST /wp-login.php HTTP/1.1" 200 8695 "-" "Mozilla/5.0 (X11; Ubuntu; Linux x86_64; rv:62.0) Gecko/20100101 Firefox/62.0"
93.113.111.100 - - [03/Jul/2021:01:57:50 -0400] "POST /xmlrpc.php HTTP/1.1" 503 24026 "-" "Mozilla/5.0 (X11; Ubuntu; Linux x86_64; rv:62.0) Gecko/20100101 Firefox/62.0"
114.119.145.169 - - [03/Jul/2021:01:58:09 -0400] "GET /2020/08/16/pez-space-gun-ad-1956/ HTTP/1.1" 200 18111 "-" "Mozilla/5.0 (Linux; Android 7.0;) AppleWebKit/537.36 (KHTML, like Gecko) Mobile Safari/537.36 (compatible; PetalBot;+https://webmaster.petalsearch.com/site/petalbot)"
54.36.148.117 - - [03/Jul/2021:01:58:10 -0400] "GET /2020/11/07/i-order-you-to-die-cattle-1990s/ HTTP/1.1" 200 18659 "-" "Mozilla/5.0 (compatible; AhrefsBot/7.0; +http://ahrefs.com/robot/)"
204.48.19.85 - - [03/Jul/2021:01:58:26 -0400] "POST /wp-cron.php?doing_wp_cron=1625291906.7804589271545410156250 HTTP/1.1" 200 6295 "https://ajhydell.com/wp-cron.php?doing_wp_cron=1625291906.7804589271545410156250" "WordPress/5.7.2; https://ajhydell.com"
5.255.253.148 - - [03/Jul/2021:01:58:26 -0400] "GET /2018/10/29/tiger-i-turret-being-removed-for-repairs-jan-feb-1944/ HTTP/1.1" 200 18672 "-" "Mozilla/5.0 (compatible; YandexBot/3.0; +http://yandex.com/bots)"
66.249.66.134 - - [03/Jul/2021:01:58:32 -0400] "GET /2018/09/28/colorized-photo-of-a-dead-german-soldier-finland-lappland-tornio-1944/ HTTP/1.1" 200 18859 "-" "Mozilla/5.0 (Linux; Android 6.0.1; Nexus 5X Build/MMB29P) AppleWebKit/537.36 (KHTML, like Gecko) Chrome/91.0.4472.90 Mobile Safari/537.36 (compatible; Googlebot/2.1; +http://www.google.com/bot.html)"
66.249.66.132 - - [03/Jul/2021:01:58:36 -0400] "GET /wp-content/plugins/add-expires-headers/cache/0/com/processed-header-f16a8d323e83e1bc1b76514e283fb81b7090a959.min.css HTTP/1.1" 200 58766 "https://ajhydell.com/2018/09/28/colorized-photo-of-a-dead-german-soldier-finland-lappland-tornio-1944/" "Mozilla/5.0 (Linux; Android 6.0.1; Nexus 5X Build/MMB29P) AppleWebKit/537.36 (KHTML, like Gecko) Chrome/91.0.4472.90 Mobile Safari/537.36 (compatible; Googlebot/2.1; +http://www.google.com/bot.html)"
204.48.19.85 - - [03/Jul/2021:01:59:11 -0400] "POST /wp-cron.php?doing_wp_cron=1625291951.3787109851837158203125 HTTP/1.1" 200 6295 "https://ajhydell.com/wp-cron.php?doing_wp_cron=1625291951.3787109851837158203125" "WordPress/5.7.2; https://ajhydell.com"
185.191.171.7 - - [03/Jul/2021:01:59:11 -0400] "GET /2021/05/11/the-establishment-wig-1968/ HTTP/1.1" 200 18732 "-" "Mozilla/5.0 (compatible; SemrushBot/7~bl; +http://www.semrush.com/bot.html)"
204.48.19.85 - - [03/Jul/2021:02:00:04 -0400] "POST /wp-cron.php?doing_wp_cron=1625292004.9458720684051513671875 HTTP/1.1" 200 6295 "https://ajhydell.com/wp-cron.php?doing_wp_cron=1625292004.9458720684051513671875" "WordPress/5.7.2; https://ajhydell.com"
114.119.132.183 - - [03/Jul/2021:02:00:04 -0400] "GET /2021/04/07 HTTP/1.1" 301 5717 "-" "Mozilla/5.0 (Linux; Android 7.0;) AppleWebKit/537.36 (KHTML, like Gecko) Mobile Safari/537.36 (compatible; PetalBot;+https://webmaster.petalsearch.com/site/petalbot)"
114.119.132.183 - - [03/Jul/2021:02:00:05 -0400] "GET /2021/04/07/ HTTP/1.1" 200 12902 "-" "Mozilla/5.0 (Linux; Android 7.0;) AppleWebKit/537.36 (KHTML, like Gecko) Mobile Safari/537.36 (compatible; PetalBot;+https://webmaster.petalsearch.com/site/petalbot)"
118.184.177.65 - - [03/Jul/2021:02:00:12 -0400] "GET / HTTP/1.1" 301 528 "-" "Sogou web spider/4.0(+http://www.sogou.com/docs/help/webmasters.htm#07)"
118.184.177.68 - - [03/Jul/2021:02:00:15 -0400] "GET / HTTP/1.1" 200 19891 "-" "Sogou web spider/4.0(+http://www.sogou.com/docs/help/webmasters.htm#07)"
195.201.58.104 - - [03/Jul/2021:02:00:19 -0400] "GET /feed/ HTTP/1.1" 200 7732 "-" "AwarioRssBot/1.0 (+https://awario.com/bots.html; bots@awario.com)"
54.36.148.117 - - [03/Jul/2021:02:00:28 -0400] "GET /2020/03/04/minority-women-in-world-war-2/ HTTP/1.1" 200 21106 "-" "Mozilla/5.0 (compatible; AhrefsBot/7.0; +http://ahrefs.com/robot/)"
204.48.19.85 - - [03/Jul/2021:02:01:08 -0400] "POST /wp-cron.php?doing_wp_cron=1625292068.0315089225769042968750 HTTP/1.1" 200 6295 "https://ajhydell.com/wp-cron.php?doing_wp_cron=1625292068.0315089225769042968750" "WordPress/5.7.2; https://ajhydell.com"
20.55.0.127 - - [03/Jul/2021:02:01:07 -0400] "GET //.env HTTP/1.1" 301 5850 "-" "python-requests/2.25.1"
20.55.0.127 - - [03/Jul/2021:02:01:08 -0400] "GET /2020/08/28/environmental-protection-everyones-obligation-russia-1978/ HTTP/1.1" 200 13103 "-" "python-requests/2.25.1"
20.55.0.127 - - [03/Jul/2021:02:01:09 -0400] "GET //.env HTTP/1.1" 301 5850 "-" "python-requests/2.25.1"
20.55.0.127 - - [03/Jul/2021:02:01:09 -0400] "GET /2020/08/28/environmental-protection-everyones-obligation-russia-1978/ HTTP/1.1" 200 13102 "-" "python-requests/2.25.1"
20.55.0.127 - - [03/Jul/2021:02:01:11 -0400] "GET //vendor/phpunit/phpunit/src/Util/PHP/eval-stdin.php HTTP/1.1" 301 5831 "-" "python-requests/2.25.1"
20.55.0.127 - - [03/Jul/2021:02:01:11 -0400] "GET /vendor/phpunit/phpunit/src/Util/PHP/eval-stdin.php HTTP/1.1" 404 58146 "-" "python-requests/2.25.1"
136.169.243.216 - - [03/Jul/2021:02:01:21 -0400] "GET /wp-content/uploads/2020/07/picture-100.jpg HTTP/1.1" 200 146201 "https://yandex.ru/" "Mozilla/5.0 (Windows NT 10.0; Win64; x64; rv:89.0) Gecko/20100101 Firefox/89.0"
204.48.19.85 - - [03/Jul/2021:02:02:04 -0400] "POST /wp-cron.php?doing_wp_cron=1625292124.3733720779418945312500 HTTP/1.1" 200 6295 "https://ajhydell.com/wp-cron.php?doing_wp_cron=1625292124.3733720779418945312500" "WordPress/5.7.2; https://ajhydell.com"
114.119.151.93 - - [03/Jul/2021:02:02:04 -0400] "GET /2018/08/page/4 HTTP/1.1" 301 5721 "-" "Mozilla/5.0 (Linux; Android 7.0;) AppleWebKit/537.36 (KHTML, like Gecko) Mobile Safari/537.36 (compatible; PetalBot;+https://webmaster.petalsearch.com/site/petalbot)"
114.119.151.93 - - [03/Jul/2021:02:02:05 -0400] "GET /2018/08/page/4/ HTTP/1.1" 200 13993 "-" "Mozilla/5.0 (Linux; Android 7.0;) AppleWebKit/537.36 (KHTML, like Gecko) Mobile Safari/537.36 (compatible; PetalBot;+https://webmaster.petalsearch.com/site/petalbot)"
204.48.19.85 - - [03/Jul/2021:02:02:49 -0400] "POST /wp-cron.php?doing_wp_cron=1625292169.0719571113586425781250 HTTP/1.1" 200 6295 "https://ajhydell.com/wp-cron.php?doing_wp_cron=1625292169.0719571113586425781250" "WordPress/5.7.2; https://ajhydell.com"
54.36.148.117 - - [03/Jul/2021:02:02:49 -0400] "GET /2021/01/23/ HTTP/1.1" 200 18750 "-" "Mozilla/5.0 (compatible; AhrefsBot/7.0; +http://ahrefs.com/robot/)"
204.48.19.85 - - [03/Jul/2021:02:03:57 -0400] "POST /wp-cron.php?doing_wp_cron=1625292237.9493529796600341796875 HTTP/1.1" 200 6295 "https://ajhydell.com/wp-cron.php?doing_wp_cron=1625292237.9493529796600341796875" "WordPress/5.7.2; https://ajhydell.com"
114.119.151.146 - - [03/Jul/2021:02:03:57 -0400] "GET /2020/05/04/edwardians-riding-exercise-bikes-whilst-wearing-day-clothes-in-a-gymnasium-on-board-the-cunard-line-liner-rms-franconia-feb-21-1911 HTTP/1.1" 301 5894 "-" "Mozilla/5.0 (Linux; Android 7.0;) AppleWebKit/537.36 (KHTML, like Gecko) Mobile Safari/537.36 (compatible; PetalBot;+https://webmaster.petalsearch.com/site/petalbot)"
114.119.151.146 - - [03/Jul/2021:02:03:58 -0400] "GET /2020/05/04/edwardians-riding-exercise-bikes-whilst-wearing-day-clothes-in-a-gymnasium-on-board-the-cunard-line-liner-rms-franconia-feb-21-1911/ HTTP/1.1" 200 13010 "-" "Mozilla/5.0 (Linux; Android 7.0;) AppleWebKit/537.36 (KHTML, like Gecko) Mobile Safari/537.36 (compatible; PetalBot;+https://webmaster.petalsearch.com/site/petalbot)"
49.7.20.68 - - [03/Jul/2021:02:04:08 -0400] "GET / HTTP/1.1" 200 19892 "-" "Sogou web spider/4.0(+http://www.sogou.com/docs/help/webmasters.htm#07)"
66.249.66.136 - - [03/Jul/2021:02:04:14 -0400] "GET /wp-content/uploads/2019/03/picture-62.jpg HTTP/1.1" 200 1049443 "-" "Googlebot-Image/1.0"
207.46.13.96 - - [03/Jul/2021:02:04:21 -0400] "GET /2021/07/02/election-pamphlet-from-us-1867/ HTTP/1.1" 200 18142 "-" "Mozilla/5.0 (compatible; bingbot/2.0; +http://www.bing.com/bingbot.htm)"
207.46.13.120 - - [03/Jul/2021:02:04:49 -0400] "GET /wp-content/uploads/2018/09/picture-92.jpg HTTP/1.1" 200 412641 "-" "Mozilla/5.0 (compatible; bingbot/2.0; +http://www.bing.com/bingbot.htm)"
204.48.19.85 - - [03/Jul/2021:02:05:10 -0400] "POST /wp-cron.php?doing_wp_cron=1625292310.9546720981597900390625 HTTP/1.1" 200 6295 "https://ajhydell.com/wp-cron.php?doing_wp_cron=1625292310.9546720981597900390625" "WordPress/5.7.2; https://ajhydell.com"
54.36.148.117 - - [03/Jul/2021:02:05:10 -0400] "GET /2020/03/04/today-in-history-boston-newspaper-article-five-ways-of-looking-at-a-brawl/ HTTP/1.1" 200 22825 "-" "Mozilla/5.0 (compatible; AhrefsBot/7.0; +http://ahrefs.com/robot/)"
207.46.13.96 - - [03/Jul/2021:02:05:14 -0400] "GET /2020/01/27/russian-soldiers-with-liberated-inmates-at-the-auschwitz-birkenau-concentration-camp-in-1945-5100-x-3423/ HTTP/1.1" 200 18465 "-" "Mozilla/5.0 (compatible; bingbot/2.0; +http://www.bing.com/bingbot.htm)"
23.100.232.233 - - [03/Jul/2021:02:05:37 -0400] "GET /2019/08/31/the-bluebird-proteus-cn7-is-a-gas-turbine-powered-vehicle-that-was-driven-by-donald-campbell-and-achieved-the-world-land-speed-record-on-lake-eyre-in-australia-on-17-july-1964/ HTTP/1.1" 200 18037 "-" "Mozilla/5.0 (compatible; MSIE 9.0; Windows NT 6.1; Trident/5.0;  Trident/5.0)"
23.100.232.233 - - [03/Jul/2021:02:05:37 -0400] "GET /wp-content/plugins/add-expires-headers/cache/0/com/processed-header-f16a8d323e83e1bc1b76514e283fb81b7090a959.min.css HTTP/1.1" 200 52893 "https://ajhydell.com/2019/08/31/the-bluebird-proteus-cn7-is-a-gas-turbine-powered-vehicle-that-was-driven-by-donald-campbell-and-achieved-the-world-land-speed-record-on-lake-eyre-in-australia-on-17-july-1964/" "Mozilla/5.0 (compatible; MSIE 9.0; Windows NT 6.1; Trident/5.0;  Trident/5.0)"
23.100.232.233 - - [03/Jul/2021:02:05:37 -0400] "GET /wp-content/plugins/google-analytics-for-wordpress/assets/js/frontend-gtag.min.js?ver=7.17.0 HTTP/1.1" 200 3476 "https://ajhydell.com/2019/08/31/the-bluebird-proteus-cn7-is-a-gas-turbine-powered-vehicle-that-was-driven-by-donald-campbell-and-achieved-the-world-land-speed-record-on-lake-eyre-in-australia-on-17-july-1964/" "Mozilla/5.0 (compatible; MSIE 9.0; Windows NT 6.1; Trident/5.0;  Trident/5.0)"
23.100.232.233 - - [03/Jul/2021:02:05:37 -0400] "GET /wp-includes/js/jquery/jquery.min.js?ver=3.5.1 HTTP/1.1" 200 31550 "https://ajhydell.com/2019/08/31/the-bluebird-proteus-cn7-is-a-gas-turbine-powered-vehicle-that-was-driven-by-donald-campbell-and-achieved-the-world-land-speed-record-on-lake-eyre-in-australia-on-17-july-1964/" "Mozilla/5.0 (compatible; MSIE 9.0; Windows NT 6.1; Trident/5.0;  Trident/5.0)"
23.100.232.233 - - [03/Jul/2021:02:05:37 -0400] "GET /wp-includes/js/jquery/jquery-migrate.min.js?ver=3.3.2 HTTP/1.1" 200 4687 "https://ajhydell.com/2019/08/31/the-bluebird-proteus-cn7-is-a-gas-turbine-powered-vehicle-that-was-driven-by-donald-campbell-and-achieved-the-world-land-speed-record-on-lake-eyre-in-australia-on-17-july-1964/" "Mozilla/5.0 (compatible; MSIE 9.0; Windows NT 6.1; Trident/5.0;  Trident/5.0)"
23.100.232.233 - - [03/Jul/2021:02:05:37 -0400] "GET /wp-includes/js/wp-emoji-release.min.js?ver=5.7.2 HTTP/1.1" 200 5183 "https://ajhydell.com/2019/08/31/the-bluebird-proteus-cn7-is-a-gas-turbine-powered-vehicle-that-was-driven-by-donald-campbell-and-achieved-the-world-land-speed-record-on-lake-eyre-in-australia-on-17-july-1964/" "Mozilla/5.0 (compatible; MSIE 9.0; Windows NT 6.1; Trident/5.0;  Trident/5.0)"
23.100.232.233 - - [03/Jul/2021:02:05:38 -0400] "GET /wp-content/themes/royal-magazine/js/navigation.js?ver=20151215 HTTP/1.1" 200 1349 "https://ajhydell.com/2019/08/31/the-bluebird-proteus-cn7-is-a-gas-turbine-powered-vehicle-that-was-driven-by-donald-campbell-and-achieved-the-world-land-speed-record-on-lake-eyre-in-australia-on-17-july-1964/" "Mozilla/5.0 (compatible; MSIE 9.0; Windows NT 6.1; Trident/5.0;  Trident/5.0)"
23.100.232.233 - - [03/Jul/2021:02:05:38 -0400] "GET /wp-content/plugins/wp-smushit/app/assets/js/smush-lazy-load.min.js?ver=3.8.7 HTTP/1.1" 200 4207 "https://ajhydell.com/2019/08/31/the-bluebird-proteus-cn7-is-a-gas-turbine-powered-vehicle-that-was-driven-by-donald-campbell-and-achieved-the-world-land-speed-record-on-lake-eyre-in-australia-on-17-july-1964/" "Mozilla/5.0 (compatible; MSIE 9.0; Windows NT 6.1; Trident/5.0;  Trident/5.0)"
23.100.232.233 - - [03/Jul/2021:02:05:38 -0400] "GET /wp-content/themes/royal-magazine/js/skip-link-focus-fix.js?ver=20151215 HTTP/1.1" 200 933 "https://ajhydell.com/2019/08/31/the-bluebird-proteus-cn7-is-a-gas-turbine-powered-vehicle-that-was-driven-by-donald-campbell-and-achieved-the-world-land-speed-record-on-lake-eyre-in-australia-on-17-july-1964/" "Mozilla/5.0 (compatible; MSIE 9.0; Windows NT 6.1; Trident/5.0;  Trident/5.0)"
23.100.232.233 - - [03/Jul/2021:02:05:38 -0400] "GET /wp-content/themes/royal-magazine/assets/libraries/slick/js/slick.min.js?ver=5.7.2 HTTP/1.1" 200 10740 "https://ajhydell.com/2019/08/31/the-bluebird-proteus-cn7-is-a-gas-turbine-powered-vehicle-that-was-driven-by-donald-campbell-and-achieved-the-world-land-speed-record-on-lake-eyre-in-australia-on-17-july-1964/" "Mozilla/5.0 (compatible; MSIE 9.0; Windows NT 6.1; Trident/5.0;  Trident/5.0)"
23.100.232.233 - - [03/Jul/2021:02:05:38 -0400] "GET /wp-content/themes/royal-magazine/assets/libraries/theiaStickySidebar/theia-sticky-sidebar.min.js?ver=5.7.2 HTTP/1.1" 200 2271 "https://ajhydell.com/2019/08/31/the-bluebird-proteus-cn7-is-a-gas-turbine-powered-vehicle-that-was-driven-by-donald-campbell-and-achieved-the-world-land-speed-record-on-lake-eyre-in-australia-on-17-july-1964/" "Mozilla/5.0 (compatible; MSIE 9.0; Windows NT 6.1; Trident/5.0;  Trident/5.0)"
23.100.232.233 - - [03/Jul/2021:02:05:38 -0400] "GET /wp-content/themes/royal-magazine/assets/libraries/marquee/jquery.marquee.js?ver=5.7.2 HTTP/1.1" 200 5103 "https://ajhydell.com/2019/08/31/the-bluebird-proteus-cn7-is-a-gas-turbine-powered-vehicle-that-was-driven-by-donald-campbell-and-achieved-the-world-land-speed-record-on-lake-eyre-in-australia-on-17-july-1964/" "Mozilla/5.0 (compatible; MSIE 9.0; Windows NT 6.1; Trident/5.0;  Trident/5.0)"
23.100.232.233 - - [03/Jul/2021:02:05:38 -0400] "GET /wp-includes/js/wp-embed.min.js?ver=5.7.2 HTTP/1.1" 200 1221 "https://ajhydell.com/2019/08/31/the-bluebird-proteus-cn7-is-a-gas-turbine-powered-vehicle-that-was-driven-by-donald-campbell-and-achieved-the-world-land-speed-record-on-lake-eyre-in-australia-on-17-july-1964/" "Mozilla/5.0 (compatible; MSIE 9.0; Windows NT 6.1; Trident/5.0;  Trident/5.0)"
23.100.232.233 - - [03/Jul/2021:02:05:38 -0400] "GET /wp-content/themes/royal-magazine/assets/twp/js/custom-script.js?ver=5.7.2 HTTP/1.1" 200 3023 "https://ajhydell.com/2019/08/31/the-bluebird-proteus-cn7-is-a-gas-turbine-powered-vehicle-that-was-driven-by-donald-campbell-and-achieved-the-world-land-speed-record-on-lake-eyre-in-australia-on-17-july-1964/" "Mozilla/5.0 (compatible; MSIE 9.0; Windows NT 6.1; Trident/5.0;  Trident/5.0)"
23.100.232.233 - - [03/Jul/2021:02:05:38 -0400] "GET /wp-content/themes/royal-magazine/assets/libraries/magnific-popup/jquery.magnific-popup.min.js?ver=5.7.2 HTTP/1.1" 200 7871 "https://ajhydell.com/2019/08/31/the-bluebird-proteus-cn7-is-a-gas-turbine-powered-vehicle-that-was-driven-by-donald-campbell-and-achieved-the-world-land-speed-record-on-lake-eyre-in-australia-on-17-july-1964/" "Mozilla/5.0 (compatible; MSIE 9.0; Windows NT 6.1; Trident/5.0;  Trident/5.0)"
23.100.232.233 - - [03/Jul/2021:02:05:38 -0400] "GET /wp-content/themes/royal-magazine/assets/libraries/bootstrap/js/bootstrap.min.js?ver=5.7.2 HTTP/1.1" 200 10404 "https://ajhydell.com/2019/08/31/the-bluebird-proteus-cn7-is-a-gas-turbine-powered-vehicle-that-was-driven-by-donald-campbell-and-achieved-the-world-land-speed-record-on-lake-eyre-in-australia-on-17-july-1964/" "Mozilla/5.0 (compatible; MSIE 9.0; Windows NT 6.1; Trident/5.0;  Trident/5.0)"
23.100.232.233 - - [03/Jul/2021:02:05:38 -0400] "GET /wp-content/plugins/facebook-pagelike-widget/fb.js?ver=1.0 HTTP/1.1" 200 821 "https://ajhydell.com/2019/08/31/the-bluebird-proteus-cn7-is-a-gas-turbine-powered-vehicle-that-was-driven-by-donald-campbell-and-achieved-the-world-land-speed-record-on-lake-eyre-in-australia-on-17-july-1964/" "Mozilla/5.0 (compatible; MSIE 9.0; Windows NT 6.1; Trident/5.0;  Trident/5.0)"
114.119.145.169 - - [03/Jul/2021:02:05:43 -0400] "GET /2019/02/17/bob-dylan-singer-new-york-february-10-1965 HTTP/1.1" 301 5805 "-" "Mozilla/5.0 (Linux; Android 7.0;) AppleWebKit/537.36 (KHTML, like Gecko) Mobile Safari/537.36 (compatible; PetalBot;+https://webmaster.petalsearch.com/site/petalbot)"
204.48.19.85 - - [03/Jul/2021:02:05:47 -0400] "POST /wp-cron.php?doing_wp_cron=1625292347.3187029361724853515625 HTTP/1.1" 200 6295 "https://ajhydell.com/wp-cron.php?doing_wp_cron=1625292347.3187029361724853515625" "WordPress/5.7.2; https://ajhydell.com"
114.119.145.169 - - [03/Jul/2021:02:05:47 -0400] "GET /2019/02/17/bob-dylan-singer-new-york-february-10-1965/ HTTP/1.1" 200 12976 "-" "Mozilla/5.0 (Linux; Android 7.0;) AppleWebKit/537.36 (KHTML, like Gecko) Mobile Safari/537.36 (compatible; PetalBot;+https://webmaster.petalsearch.com/site/petalbot)"
69.171.249.15 - - [03/Jul/2021:02:06:17 -0400] "GET /2018/08/19/poles-sentenced-to-death-without-trial-face-the-firing-squad-in-nazi-occupied-poland-1939-1600x1036/ HTTP/1.1" 206 19130 "-" "facebookexternalhit/1.1 (+http://www.facebook.com/externalhit_uatext.php)"
69.171.249.2 - - [03/Jul/2021:02:06:17 -0400] "GET /2018/08/19/poles-sentenced-to-death-without-trial-face-the-firing-squad-in-nazi-occupied-poland-1939-1600x1036/ HTTP/1.1" 206 19132 "-" "facebookexternalhit/1.1 (+http://www.facebook.com/externalhit_uatext.php)"
34.70.92.180 - - [03/Jul/2021:02:06:30 -0400] "GET /wp-login.php HTTP/1.1" 200 8605 "-" "Mozilla/5.0 (X11; Ubuntu; Linux x86_64; rv:62.0) Gecko/20100101 Firefox/62.0"
34.70.92.180 - - [03/Jul/2021:02:06:31 -0400] "POST /wp-login.php HTTP/1.1" 200 8695 "-" "Mozilla/5.0 (X11; Ubuntu; Linux x86_64; rv:62.0) Gecko/20100101 Firefox/62.0"
34.70.92.180 - - [03/Jul/2021:02:06:33 -0400] "POST /xmlrpc.php HTTP/1.1" 200 5852 "-" "Mozilla/5.0 (X11; Ubuntu; Linux x86_64; rv:62.0) Gecko/20100101 Firefox/62.0"
204.48.19.85 - - [03/Jul/2021:02:07:32 -0400] "POST /wp-cron.php?doing_wp_cron=1625292452.7396230697631835937500 HTTP/1.1" 200 6295 "https://ajhydell.com/wp-cron.php?doing_wp_cron=1625292452.7396230697631835937500" "WordPress/5.7.2; https://ajhydell.com"
157.55.39.136 - - [03/Jul/2021:02:07:32 -0400] "GET /2021/04/10/u-s-sailors-enjoy-a-swim-at-majuro-may-1944-while-fifth-fleet-carriers-lie-at-anchor-awaiting-the-launch-of-operation-forager-which-is-set-to-begin-next-month/ HTTP/1.1" 200 18506 "-" "Mozilla/5.0 (compatible; bingbot/2.0; +http://www.bing.com/bingbot.htm)"
114.119.138.170 - - [03/Jul/2021:02:07:34 -0400] "GET /2019/11/24/searchlights-on-the-rock-of-gibraltar-20-november-1942/ HTTP/1.1" 200 18182 "-" "Mozilla/5.0 (Linux; Android 7.0;) AppleWebKit/537.36 (KHTML, like Gecko) Mobile Safari/537.36 (compatible; PetalBot;+https://webmaster.petalsearch.com/site/petalbot)"
54.36.148.117 - - [03/Jul/2021:02:07:35 -0400] "GET /2021/05/20/ HTTP/1.1" 200 18680 "-" "Mozilla/5.0 (compatible; AhrefsBot/7.0; +http://ahrefs.com/robot/)"
204.48.19.85 - - [03/Jul/2021:02:07:50 -0400] "POST /wp-cron.php?doing_wp_cron=1625292470.1872899532318115234375 HTTP/1.1" 200 6295 "https://ajhydell.com/wp-cron.php?doing_wp_cron=1625292470.1872899532318115234375" "WordPress/5.7.2; https://ajhydell.com"
101.173.79.179 - - [03/Jul/2021:02:07:50 -0400] "GET /2021/07/02/a-man-guards-his-family-from-the-cannibals-during-the-madras-famine-of-1877-at-the-time-of-british-raj-india-976x549/ HTTP/1.1" 200 19086 "https://duckduckgo.com/" "Mozilla/5.0 (Linux; Android 9; SAMSUNG SM-G950F) AppleWebKit/537.36 (KHTML, like Gecko) SamsungBrowser/14.2 Chrome/87.0.4280.141 Mobile Safari/537.36"
101.173.79.179 - - [03/Jul/2021:02:07:50 -0400] "GET /wp-content/plugins/add-expires-headers/cache/0/com/processed-header-f16a8d323e83e1bc1b76514e283fb81b7090a959.min.css HTTP/1.1" 200 52771 "https://ajhydell.com/2021/07/02/a-man-guards-his-family-from-the-cannibals-during-the-madras-famine-of-1877-at-the-time-of-british-raj-india-976x549/" "Mozilla/5.0 (Linux; Android 9; SAMSUNG SM-G950F) AppleWebKit/537.36 (KHTML, like Gecko) SamsungBrowser/14.2 Chrome/87.0.4280.141 Mobile Safari/537.36"
101.173.79.179 - - [03/Jul/2021:02:07:50 -0400] "GET /wp-content/plugins/google-analytics-for-wordpress/assets/js/frontend-gtag.min.js?ver=7.17.0 HTTP/1.1" 200 9333 "https://ajhydell.com/2021/07/02/a-man-guards-his-family-from-the-cannibals-during-the-madras-famine-of-1877-at-the-time-of-british-raj-india-976x549/" "Mozilla/5.0 (Linux; Android 9; SAMSUNG SM-G950F) AppleWebKit/537.36 (KHTML, like Gecko) SamsungBrowser/14.2 Chrome/87.0.4280.141 Mobile Safari/537.36"
101.173.79.179 - - [03/Jul/2021:02:07:50 -0400] "GET /wp-includes/js/jquery/jquery.min.js?ver=3.5.1 HTTP/1.1" 200 37516 "https://ajhydell.com/2021/07/02/a-man-guards-his-family-from-the-cannibals-during-the-madras-famine-of-1877-at-the-time-of-british-raj-india-976x549/" "Mozilla/5.0 (Linux; Android 9; SAMSUNG SM-G950F) AppleWebKit/537.36 (KHTML, like Gecko) SamsungBrowser/14.2 Chrome/87.0.4280.141 Mobile Safari/537.36"
101.173.79.179 - - [03/Jul/2021:02:07:51 -0400] "GET /wp-includes/js/jquery/jquery-migrate.min.js?ver=3.3.2 HTTP/1.1" 200 4659 "https://ajhydell.com/2021/07/02/a-man-guards-his-family-from-the-cannibals-during-the-madras-famine-of-1877-at-the-time-of-british-raj-india-976x549/" "Mozilla/5.0 (Linux; Android 9; SAMSUNG SM-G950F) AppleWebKit/537.36 (KHTML, like Gecko) SamsungBrowser/14.2 Chrome/87.0.4280.141 Mobile Safari/537.36"
101.173.79.179 - - [03/Jul/2021:02:07:51 -0400] "GET /wp-content/plugins/wp-smushit/app/assets/js/smush-lazy-load.min.js?ver=3.8.7 HTTP/1.1" 200 4734 "https://ajhydell.com/2021/07/02/a-man-guards-his-family-from-the-cannibals-during-the-madras-famine-of-1877-at-the-time-of-british-raj-india-976x549/" "Mozilla/5.0 (Linux; Android 9; SAMSUNG SM-G950F) AppleWebKit/537.36 (KHTML, like Gecko) SamsungBrowser/14.2 Chrome/87.0.4280.141 Mobile Safari/537.36"
101.173.79.179 - - [03/Jul/2021:02:07:51 -0400] "GET /wp-content/themes/royal-magazine/js/navigation.js?ver=20151215 HTTP/1.1" 200 1893 "https://ajhydell.com/2021/07/02/a-man-guards-his-family-from-the-cannibals-during-the-madras-famine-of-1877-at-the-time-of-british-raj-india-976x549/" "Mozilla/5.0 (Linux; Android 9; SAMSUNG SM-G950F) AppleWebKit/537.36 (KHTML, like Gecko) SamsungBrowser/14.2 Chrome/87.0.4280.141 Mobile Safari/537.36"
101.173.79.179 - - [03/Jul/2021:02:07:51 -0400] "GET /wp-content/themes/royal-magazine/js/skip-link-focus-fix.js?ver=20151215 HTTP/1.1" 200 924 "https://ajhydell.com/2021/07/02/a-man-guards-his-family-from-the-cannibals-during-the-madras-famine-of-1877-at-the-time-of-british-raj-india-976x549/" "Mozilla/5.0 (Linux; Android 9; SAMSUNG SM-G950F) AppleWebKit/537.36 (KHTML, like Gecko) SamsungBrowser/14.2 Chrome/87.0.4280.141 Mobile Safari/537.36"
101.173.79.179 - - [03/Jul/2021:02:07:51 -0400] "GET /wp-content/themes/royal-magazine/assets/libraries/slick/js/slick.min.js?ver=5.7.2 HTTP/1.1" 200 16732 "https://ajhydell.com/2021/07/02/a-man-guards-his-family-from-the-cannibals-during-the-madras-famine-of-1877-at-the-time-of-british-raj-india-976x549/" "Mozilla/5.0 (Linux; Android 9; SAMSUNG SM-G950F) AppleWebKit/537.36 (KHTML, like Gecko) SamsungBrowser/14.2 Chrome/87.0.4280.141 Mobile Safari/537.36"
101.173.79.179 - - [03/Jul/2021:02:07:51 -0400] "GET /wp-content/themes/royal-magazine/assets/libraries/bootstrap/js/bootstrap.min.js?ver=5.7.2 HTTP/1.1" 200 10350 "https://ajhydell.com/2021/07/02/a-man-guards-his-family-from-the-cannibals-during-the-madras-famine-of-1877-at-the-time-of-british-raj-india-976x549/" "Mozilla/5.0 (Linux; Android 9; SAMSUNG SM-G950F) AppleWebKit/537.36 (KHTML, like Gecko) SamsungBrowser/14.2 Chrome/87.0.4280.141 Mobile Safari/537.36"
101.173.79.179 - - [03/Jul/2021:02:07:51 -0400] "GET /wp-content/themes/royal-magazine/assets/libraries/marquee/jquery.marquee.js?ver=5.7.2 HTTP/1.1" 200 5071 "https://ajhydell.com/2021/07/02/a-man-guards-his-family-from-the-cannibals-during-the-madras-famine-of-1877-at-the-time-of-british-raj-india-976x549/" "Mozilla/5.0 (Linux; Android 9; SAMSUNG SM-G950F) AppleWebKit/537.36 (KHTML, like Gecko) SamsungBrowser/14.2 Chrome/87.0.4280.141 Mobile Safari/537.36"
101.173.79.179 - - [03/Jul/2021:02:07:51 -0400] "GET /wp-content/themes/royal-magazine/assets/libraries/theiaStickySidebar/theia-sticky-sidebar.min.js?ver=5.7.2 HTTP/1.1" 200 2236 "https://ajhydell.com/2021/07/02/a-man-guards-his-family-from-the-cannibals-during-the-madras-famine-of-1877-at-the-time-of-british-raj-india-976x549/" "Mozilla/5.0 (Linux; Android 9; SAMSUNG SM-G950F) AppleWebKit/537.36 (KHTML, like Gecko) SamsungBrowser/14.2 Chrome/87.0.4280.141 Mobile Safari/537.36"
101.173.79.179 - - [03/Jul/2021:02:07:51 -0400] "GET /wp-content/themes/royal-magazine/assets/libraries/magnific-popup/jquery.magnific-popup.min.js?ver=5.7.2 HTTP/1.1" 200 7838 "https://ajhydell.com/2021/07/02/a-man-guards-his-family-from-the-cannibals-during-the-madras-famine-of-1877-at-the-time-of-british-raj-india-976x549/" "Mozilla/5.0 (Linux; Android 9; SAMSUNG SM-G950F) AppleWebKit/537.36 (KHTML, like Gecko) SamsungBrowser/14.2 Chrome/87.0.4280.141 Mobile Safari/537.36"
101.173.79.179 - - [03/Jul/2021:02:07:51 -0400] "GET /wp-content/themes/royal-magazine/assets/twp/js/custom-script.js?ver=5.7.2 HTTP/1.1" 200 2995 "https://ajhydell.com/2021/07/02/a-man-guards-his-family-from-the-cannibals-during-the-madras-famine-of-1877-at-the-time-of-british-raj-india-976x549/" "Mozilla/5.0 (Linux; Android 9; SAMSUNG SM-G950F) AppleWebKit/537.36 (KHTML, like Gecko) SamsungBrowser/14.2 Chrome/87.0.4280.141 Mobile Safari/537.36"
101.173.79.179 - - [03/Jul/2021:02:07:51 -0400] "GET /wp-includes/js/wp-embed.min.js?ver=5.7.2 HTTP/1.1" 200 1209 "https://ajhydell.com/2021/07/02/a-man-guards-his-family-from-the-cannibals-during-the-madras-famine-of-1877-at-the-time-of-british-raj-india-976x549/" "Mozilla/5.0 (Linux; Android 9; SAMSUNG SM-G950F) AppleWebKit/537.36 (KHTML, like Gecko) SamsungBrowser/14.2 Chrome/87.0.4280.141 Mobile Safari/537.36"
101.173.79.179 - - [03/Jul/2021:02:07:51 -0400] "GET /wp-content/plugins/facebook-pagelike-widget/fb.js?ver=1.0 HTTP/1.1" 200 810 "https://ajhydell.com/2021/07/02/a-man-guards-his-family-from-the-cannibals-during-the-madras-famine-of-1877-at-the-time-of-british-raj-india-976x549/" "Mozilla/5.0 (Linux; Android 9; SAMSUNG SM-G950F) AppleWebKit/537.36 (KHTML, like Gecko) SamsungBrowser/14.2 Chrome/87.0.4280.141 Mobile Safari/537.36"
101.173.79.179 - - [03/Jul/2021:02:07:51 -0400] "GET /wp-includes/js/wp-emoji-release.min.js?ver=5.7.2 HTTP/1.1" 200 5152 "https://ajhydell.com/2021/07/02/a-man-guards-his-family-from-the-cannibals-during-the-madras-famine-of-1877-at-the-time-of-british-raj-india-976x549/" "Mozilla/5.0 (Linux; Android 9; SAMSUNG SM-G950F) AppleWebKit/537.36 (KHTML, like Gecko) SamsungBrowser/14.2 Chrome/87.0.4280.141 Mobile Safari/537.36"
101.173.79.179 - - [03/Jul/2021:02:07:51 -0400] "GET /wp-content/themes/royal-magazine/assets/libraries/ionicons/fonts/ionicons.ttf HTTP/1.1" 200 189155 "https://ajhydell.com/wp-content/plugins/add-expires-headers/cache/0/com/processed-header-f16a8d323e83e1bc1b76514e283fb81b7090a959.min.css" "Mozilla/5.0 (Linux; Android 9; SAMSUNG SM-G950F) AppleWebKit/537.36 (KHTML, like Gecko) SamsungBrowser/14.2 Chrome/87.0.4280.141 Mobile Safari/537.36"
54.81.241.141 - - [03/Jul/2021:02:07:53 -0400] "GET /2021/07/02/a-man-guards-his-family-from-the-cannibals-during-the-madras-famine-of-1877-at-the-time-of-british-raj-india-976x549 HTTP/1.1" 301 5916 "-" "Mozilla/5.0 (compatible; proximic; +https://www.comscore.com/Web-Crawler)"
54.197.222.220 - - [03/Jul/2021:02:07:53 -0400] "GET /robots.txt HTTP/1.1" 200 5897 "-" "Mozilla/5.0 (compatible; proximic; +http://www.proximic.com/info/spider.php)"
54.197.222.220 - - [03/Jul/2021:02:07:53 -0400] "GET /ads.txt HTTP/1.1" 301 579 "-" "Mozilla/5.0 (compatible; proximic; +http://www.proximic.com/info/spider.php)"
54.197.222.220 - - [03/Jul/2021:02:07:53 -0400] "GET /ads.txt HTTP/1.1" 200 520 "-" "Mozilla/5.0 (compatible; proximic; +http://www.proximic.com/info/spider.php)"
54.81.241.141 - - [03/Jul/2021:02:07:53 -0400] "GET /2021/07/02/a-man-guards-his-family-from-the-cannibals-during-the-madras-famine-of-1877-at-the-time-of-british-raj-india-976x549/ HTTP/1.1" 200 12922 "-" "Mozilla/5.0 (compatible; proximic; +https://www.comscore.com/Web-Crawler)"
101.173.79.179 - - [03/Jul/2021:02:08:00 -0400] "GET /wp-content/uploads/2018/08/cropped-logo-192x192.jpg HTTP/1.1" 200 10316 "https://ajhydell.com/2021/07/02/a-man-guards-his-family-from-the-cannibals-during-the-madras-famine-of-1877-at-the-time-of-british-raj-india-976x549/" "Mozilla/5.0 (Linux; Android 9; SAMSUNG SM-G950F) AppleWebKit/537.36 (KHTML, like Gecko) SamsungBrowser/14.2 Chrome/87.0.4280.141 Mobile Safari/537.36"
101.173.79.179 - - [03/Jul/2021:02:08:00 -0400] "GET /wp-content/uploads/2018/08/cropped-logo-180x180.jpg HTTP/1.1" 200 9711 "https://ajhydell.com/2021/07/02/a-man-guards-his-family-from-the-cannibals-during-the-madras-famine-of-1877-at-the-time-of-british-raj-india-976x549/" "Mozilla/5.0 (Linux; Android 9; SAMSUNG SM-G950F) AppleWebKit/537.36 (KHTML, like Gecko) SamsungBrowser/14.2 Chrome/87.0.4280.141 Mobile Safari/537.36"
178.250.0.50 - - [03/Jul/2021:02:08:09 -0400] "GET /robots.txt HTTP/1.1" 200 6036 "-" "CriteoBot/0.1 (+https://www.criteo.com/criteo-crawler/)"
178.250.0.50 - - [03/Jul/2021:02:08:10 -0400] "GET /2021/07/02/a-man-guards-his-family-from-the-cannibals-during-the-madras-famine-of-1877-at-the-time-of-british-raj-india-976x549 HTTP/1.1" 301 6051 "-" "CriteoBot/0.1 (+https://www.criteo.com/criteo-crawler/)"
178.250.0.50 - - [03/Jul/2021:02:08:10 -0400] "GET /2021/07/02/a-man-guards-his-family-from-the-cannibals-during-the-madras-famine-of-1877-at-the-time-of-british-raj-india-976x549/ HTTP/1.1" 200 18427 "-" "CriteoBot/0.1 (+https://www.criteo.com/criteo-crawler/)"
182.161.72.192 - - [03/Jul/2021:02:08:15 -0400] "GET /robots.txt HTTP/1.1" 200 6036 "-" "CriteoBot/0.1 (+https://www.criteo.com/criteo-crawler/)"
182.161.72.192 - - [03/Jul/2021:02:08:16 -0400] "GET /2021/07/02/a-man-guards-his-family-from-the-cannibals-during-the-madras-famine-of-1877-at-the-time-of-british-raj-india-976x549 HTTP/1.1" 301 6051 "-" "CriteoBot/0.1 (+https://www.criteo.com/criteo-crawler/)"
182.161.72.192 - - [03/Jul/2021:02:08:17 -0400] "GET /2021/07/02/a-man-guards-his-family-from-the-cannibals-during-the-madras-famine-of-1877-at-the-time-of-british-raj-india-976x549/ HTTP/1.1" 200 18429 "-" "CriteoBot/0.1 (+https://www.criteo.com/criteo-crawler/)"
101.173.79.179 - - [03/Jul/2021:02:08:25 -0400] "GET /?wordfence_lh=1&hid=E5BB06C1B7F37624378F1D4E2E4B5F5C&r=0.8616840100698895 HTTP/1.1" 200 906 "https://ajhydell.com/2021/07/02/a-man-guards-his-family-from-the-cannibals-during-the-madras-famine-of-1877-at-the-time-of-british-raj-india-976x549/" "Mozilla/5.0 (Linux; Android 9; SAMSUNG SM-G950F) AppleWebKit/537.36 (KHTML, like Gecko) SamsungBrowser/14.2 Chrome/87.0.4280.141 Mobile Safari/537.36"
101.173.79.179 - - [03/Jul/2021:02:08:26 -0400] "GET /wp-content/uploads/2021/07/picture-5.jpg HTTP/1.1" 200 80796 "https://ajhydell.com/2021/07/02/a-man-guards-his-family-from-the-cannibals-during-the-madras-famine-of-1877-at-the-time-of-british-raj-india-976x549/" "Mozilla/5.0 (Linux; Android 9; SAMSUNG SM-G950F) AppleWebKit/537.36 (KHTML, like Gecko) SamsungBrowser/14.2 Chrome/87.0.4280.141 Mobile Safari/537.36"
204.48.19.85 - - [03/Jul/2021:02:09:33 -0400] "POST /wp-cron.php?doing_wp_cron=1625292573.7569379806518554687500 HTTP/1.1" 200 6295 "https://ajhydell.com/wp-cron.php?doing_wp_cron=1625292573.7569379806518554687500" "WordPress/5.7.2; https://ajhydell.com"
114.119.151.146 - - [03/Jul/2021:02:09:33 -0400] "GET /2021/02/18 HTTP/1.1" 301 5717 "-" "Mozilla/5.0 (Linux; Android 7.0;) AppleWebKit/537.36 (KHTML, like Gecko) Mobile Safari/537.36 (compatible; PetalBot;+https://webmaster.petalsearch.com/site/petalbot)"
114.119.151.146 - - [03/Jul/2021:02:09:34 -0400] "GET /2021/02/18/ HTTP/1.1" 200 12947 "-" "Mozilla/5.0 (Linux; Android 7.0;) AppleWebKit/537.36 (KHTML, like Gecko) Mobile Safari/537.36 (compatible; PetalBot;+https://webmaster.petalsearch.com/site/petalbot)"
132.145.64.33 - - [03/Jul/2021:02:09:46 -0400] "GET /2021/07/02/a-man-guards-his-family-from-the-cannibals-during-the-madras-famine-of-1877-at-the-time-of-british-raj-india-976x549 HTTP/1.1" 301 763 "-" "Mozilla/5.0 (compatible; GrapeshotCrawler/2.0; +http://www.grapeshot.co.uk/crawler.php)"
132.145.11.125 - - [03/Jul/2021:02:09:46 -0400] "GET /2021/07/02/a-man-guards-his-family-from-the-cannibals-during-the-madras-famine-of-1877-at-the-time-of-british-raj-india-976x549/ HTTP/1.1" 301 765 "-" "Mozilla/5.0 (compatible; GrapeshotCrawler/2.0; +http://www.grapeshot.co.uk/crawler.php)"
204.48.19.85 - - [03/Jul/2021:02:09:47 -0400] "POST /wp-cron.php?doing_wp_cron=1625292587.0891048908233642578125 HTTP/1.1" 200 6295 "https://ajhydell.com/wp-cron.php?doing_wp_cron=1625292587.0891048908233642578125" "WordPress/5.7.2; https://ajhydell.com"
132.145.64.33 - - [03/Jul/2021:02:09:47 -0400] "GET /2021/07/02/a-man-guards-his-family-from-the-cannibals-during-the-madras-famine-of-1877-at-the-time-of-british-raj-india-976x549 HTTP/1.1" 301 5856 "-" "Mozilla/5.0 (compatible; GrapeshotCrawler/2.0; +http://www.grapeshot.co.uk/crawler.php)"
132.145.64.33 - - [03/Jul/2021:02:09:47 -0400] "GET /2021/07/02/a-man-guards-his-family-from-the-cannibals-during-the-madras-famine-of-1877-at-the-time-of-british-raj-india-976x549/ HTTP/1.1" 200 12866 "-" "Mozilla/5.0 (compatible; GrapeshotCrawler/2.0; +http://www.grapeshot.co.uk/crawler.php)"
132.145.11.125 - - [03/Jul/2021:02:09:47 -0400] "GET /2021/07/02/a-man-guards-his-family-from-the-cannibals-during-the-madras-famine-of-1877-at-the-time-of-british-raj-india-976x549/ HTTP/1.1" 200 18233 "-" "Mozilla/5.0 (compatible; GrapeshotCrawler/2.0; +http://www.grapeshot.co.uk/crawler.php)"
132.145.64.33 - - [03/Jul/2021:02:09:47 -0400] "GET /2021/07/02/a-man-guards-his-family-from-the-cannibals-during-the-madras-famine-of-1877-at-the-time-of-british-raj-india-976x549/ HTTP/1.1" 200 12865 "-" "Mozilla/5.0 (compatible; GrapeshotCrawler/2.0; +http://www.grapeshot.co.uk/crawler.php)"
54.36.148.117 - - [03/Jul/2021:02:09:53 -0400] "GET /2020/11/03/my-uncle-bob-killed-fighting-fascism/ HTTP/1.1" 200 18829 "-" "Mozilla/5.0 (compatible; AhrefsBot/7.0; +http://ahrefs.com/robot/)"
