54.36.148.117 - - [03/Jul/2021:04:23:24 -0400] "GET /2019/04/13/b-29-crewman-henry-erwin-lay-swathed-in-bandages-at-the-hospital-in-guam-after-he-threw-the-burning-white-phosphorus-bomb-out-the-plane-during-a-combat-mission-over-koriyama-japan-burning-his-whole/ HTTP/1.1" 200 19539 "-" "Mozilla/5.0 (compatible; AhrefsBot/7.0; +http://ahrefs.com/robot/)"
185.191.171.42 - - [03/Jul/2021:04:23:25 -0400] "GET /2020/01/06/a-captured-teenage-german-soldier-cries-as-he-is-treated-for-his-wounds-by-an-american-soldier-as-they-wait-for-a-medic-to-arrive-cherbourg-france-1944/ HTTP/1.1" 200 19062 "-" "Mozilla/5.0 (compatible; SemrushBot/7~bl; +http://www.semrush.com/bot.html)"
204.48.19.85 - - [03/Jul/2021:04:23:51 -0400] "POST /wp-cron.php?doing_wp_cron=1625300631.9846689701080322265625 HTTP/1.1" 200 6295 "https://ajhydell.com/wp-cron.php?doing_wp_cron=1625300631.9846689701080322265625" "WordPress/5.7.2; https://ajhydell.com"
114.119.132.183 - - [03/Jul/2021:04:23:51 -0400] "GET /2019/12/25/ HTTP/1.1" 200 17636 "-" "Mozilla/5.0 (Linux; Android 7.0;) AppleWebKit/537.36 (KHTML, like Gecko) Mobile Safari/537.36 (compatible; PetalBot;+https://webmaster.petalsearch.com/site/petalbot)"
204.48.19.85 - - [03/Jul/2021:04:25:27 -0400] "POST /wp-cron.php?doing_wp_cron=1625300727.8815989494323730468750 HTTP/1.1" 200 6295 "https://ajhydell.com/wp-cron.php?doing_wp_cron=1625300727.8815989494323730468750" "WordPress/5.7.2; https://ajhydell.com"
54.36.148.117 - - [03/Jul/2021:04:25:27 -0400] "GET /2020/01/23/ HTTP/1.1" 200 18418 "-" "Mozilla/5.0 (compatible; AhrefsBot/7.0; +http://ahrefs.com/robot/)"
204.48.19.85 - - [03/Jul/2021:04:25:47 -0400] "POST /wp-cron.php?doing_wp_cron=1625300747.7491769790649414062500 HTTP/1.1" 200 6295 "https://ajhydell.com/wp-cron.php?doing_wp_cron=1625300747.7491769790649414062500" "WordPress/5.7.2; https://ajhydell.com"
114.119.147.211 - - [03/Jul/2021:04:25:47 -0400] "GET /2018/12 HTTP/1.1" 301 5714 "-" "Mozilla/5.0 (Linux; Android 7.0;) AppleWebKit/537.36 (KHTML, like Gecko) Mobile Safari/537.36 (compatible; PetalBot;+https://webmaster.petalsearch.com/site/petalbot)"
114.119.147.211 - - [03/Jul/2021:04:25:51 -0400] "GET /2018/12/ HTTP/1.1" 200 13793 "-" "Mozilla/5.0 (Linux; Android 7.0;) AppleWebKit/537.36 (KHTML, like Gecko) Mobile Safari/537.36 (compatible; PetalBot;+https://webmaster.petalsearch.com/site/petalbot)"
204.48.19.85 - - [03/Jul/2021:04:27:23 -0400] "POST /wp-cron.php?doing_wp_cron=1625300843.5564930438995361328125 HTTP/1.1" 200 6295 "https://ajhydell.com/wp-cron.php?doing_wp_cron=1625300843.5564930438995361328125" "WordPress/5.7.2; https://ajhydell.com"
54.36.148.117 - - [03/Jul/2021:04:27:23 -0400] "GET /2019/11/04/ HTTP/1.1" 200 18163 "-" "Mozilla/5.0 (compatible; AhrefsBot/7.0; +http://ahrefs.com/robot/)"
204.48.19.85 - - [03/Jul/2021:04:27:45 -0400] "POST /wp-cron.php?doing_wp_cron=1625300865.6411590576171875000000 HTTP/1.1" 200 6295 "https://ajhydell.com/wp-cron.php?doing_wp_cron=1625300865.6411590576171875000000" "WordPress/5.7.2; https://ajhydell.com"
114.119.147.211 - - [03/Jul/2021:04:27:45 -0400] "GET /2019/03/page/4/ HTTP/1.1" 200 19091 "-" "Mozilla/5.0 (Linux; Android 7.0;) AppleWebKit/537.36 (KHTML, like Gecko) Mobile Safari/537.36 (compatible; PetalBot;+https://webmaster.petalsearch.com/site/petalbot)"
5.255.253.148 - - [03/Jul/2021:04:27:52 -0400] "GET /robots.txt HTTP/1.1" 200 6535 "-" "Mozilla/5.0 (compatible; YandexBot/3.0; +http://yandex.com/bots)"
5.255.253.148 - - [03/Jul/2021:04:27:55 -0400] "GET /2020/10/19/willys-overland-jeepster-1950-the-last-year-for-this-vehicle-with-the-improved-75hp-hurricane-inline-4-engine-less-than-20000-vj-jeepsters-were-ever-made-48-49-50/ HTTP/1.1" 200 13110 "-" "Mozilla/5.0 (compatible; YandexBot/3.0; +http://yandex.com/bots)"
185.191.171.18 - - [03/Jul/2021:04:28:09 -0400] "GET /2019/11/25/german-leaflet-dropped-on-us-and-british-troops-during-wwii/ HTTP/1.1" 200 18762 "-" "Mozilla/5.0 (compatible; SemrushBot/7~bl; +http://www.semrush.com/bot.html)"
207.46.13.120 - - [03/Jul/2021:04:28:30 -0400] "GET /sitemap-pt-page-2019-08.xml HTTP/1.1" 200 6329 "-" "Mozilla/5.0 (compatible; bingbot/2.0; +http://www.bing.com/bingbot.htm)"
204.48.19.85 - - [03/Jul/2021:04:29:09 -0400] "POST /wp-cron.php?doing_wp_cron=1625300949.6118919849395751953125 HTTP/1.1" 200 6295 "https://ajhydell.com/wp-cron.php?doing_wp_cron=1625300949.6118919849395751953125" "WordPress/5.7.2; https://ajhydell.com"
54.36.148.117 - - [03/Jul/2021:04:29:09 -0400] "GET /2020/02/24/children-near-a-shrine-to-the-dead-derry-northern-ireland-in-the-1970s-by-akihiko-okamura-3189-x-2150/ HTTP/1.1" 200 18892 "-" "Mozilla/5.0 (compatible; AhrefsBot/7.0; +http://ahrefs.com/robot/)"
114.119.132.183 - - [03/Jul/2021:04:29:30 -0400] "GET /2020/08/03/warsaw-uprising-1944-then-and-now/ HTTP/1.1" 200 18126 "-" "Mozilla/5.0 (Linux; Android 7.0;) AppleWebKit/537.36 (KHTML, like Gecko) Mobile Safari/537.36 (compatible; PetalBot;+https://webmaster.petalsearch.com/site/petalbot)"
204.48.19.85 - - [03/Jul/2021:04:30:25 -0400] "POST /wp-cron.php?doing_wp_cron=1625301025.0965230464935302734375 HTTP/1.1" 200 6295 "https://ajhydell.com/wp-cron.php?doing_wp_cron=1625301025.0965230464935302734375" "WordPress/5.7.2; https://ajhydell.com"
54.39.177.92 - - [03/Jul/2021:04:30:24 -0400] "GET /feed/ HTTP/1.1" 200 7680 "-" "Mozilla/5.0 (compatible; YaK/1.0; http://linkfluence.com/; bot@linkfluence.com)"
54.39.177.173 - - [03/Jul/2021:04:30:26 -0400] "GET /2021/07/03/1970-hi-c-drink-ad/ HTTP/1.1" 200 17785 "-" "Mozilla/5.0 (compatible; YaK/1.0; http://linkfluence.com/; bot@linkfluence.com)"
204.48.19.85 - - [03/Jul/2021:04:30:57 -0400] "POST /wp-cron.php?doing_wp_cron=1625301057.6694159507751464843750 HTTP/1.1" 200 6295 "https://ajhydell.com/wp-cron.php?doing_wp_cron=1625301057.6694159507751464843750" "WordPress/5.7.2; https://ajhydell.com"
185.191.171.6 - - [03/Jul/2021:04:30:57 -0400] "GET /2021/06/11/us-marine-giving-a-child-candy-tinian-mariana-islands-1944/ HTTP/1.1" 200 18841 "-" "Mozilla/5.0 (compatible; SemrushBot/7~bl; +http://www.semrush.com/bot.html)"
54.36.148.117 - - [03/Jul/2021:04:31:00 -0400] "GET /2019/11/05/young-people-to-the-stadiums-ussr-1947/ HTTP/1.1" 200 18682 "-" "Mozilla/5.0 (compatible; AhrefsBot/7.0; +http://ahrefs.com/robot/)"
157.55.39.134 - - [03/Jul/2021:04:31:08 -0400] "GET /2019/06/04/education-will-break-the-bonds-of-slavery-ussr-1920s/ HTTP/1.1" 200 18276 "-" "Mozilla/5.0 (compatible; bingbot/2.0; +http://www.bing.com/bingbot.htm)"
114.119.143.210 - - [03/Jul/2021:04:31:19 -0400] "GET /2020/03/04/ken-burns-the-roosevelts/ HTTP/1.1" 200 19395 "-" "Mozilla/5.0 (Linux; Android 7.0;) AppleWebKit/537.36 (KHTML, like Gecko) Mobile Safari/537.36 (compatible; PetalBot;+https://webmaster.petalsearch.com/site/petalbot)"
67.205.61.254 - - [03/Jul/2021:04:31:20 -0400] "GET /wp-login.php HTTP/1.1" 200 8605 "-" "Mozilla/5.0 (X11; Ubuntu; Linux x86_64; rv:62.0) Gecko/20100101 Firefox/62.0"
67.205.61.254 - - [03/Jul/2021:04:31:20 -0400] "POST /wp-login.php HTTP/1.1" 200 8695 "-" "Mozilla/5.0 (X11; Ubuntu; Linux x86_64; rv:62.0) Gecko/20100101 Firefox/62.0"
67.205.61.254 - - [03/Jul/2021:04:31:21 -0400] "POST /xmlrpc.php HTTP/1.1" 503 24026 "-" "Mozilla/5.0 (X11; Ubuntu; Linux x86_64; rv:62.0) Gecko/20100101 Firefox/62.0"
204.48.19.85 - - [03/Jul/2021:04:32:13 -0400] "POST /wp-cron.php?doing_wp_cron=1625301133.6481130123138427734375 HTTP/1.1" 200 6295 "https://ajhydell.com/wp-cron.php?doing_wp_cron=1625301133.6481130123138427734375" "WordPress/5.7.2; https://ajhydell.com"
17.121.114.229 - - [03/Jul/2021:04:32:13 -0400] "GET /2018/09/14/nobody-is-forgotten-nothing-is-forgotten-ussr-1986/ HTTP/1.1" 200 18133 "-" "Mozilla/5.0 (Macintosh; Intel Mac OS X 10_15_5) AppleWebKit/605.1.15 (KHTML, like Gecko) Version/13.1.1 Safari/605.1.15 (Applebot/0.1; +http://www.apple.com/go/applebot)"
185.191.171.5 - - [03/Jul/2021:04:32:19 -0400] "GET /2020/08/31/angela-merkel-then-angela-kasner-during-a-civil-defense-exercise-in-communist-east-germany-1972-templin-german-democratic-republic-2001x1233/ HTTP/1.1" 200 18988 "-" "Mozilla/5.0 (compatible; SemrushBot/7~bl; +http://www.semrush.com/bot.html)"
204.48.19.85 - - [03/Jul/2021:04:32:45 -0400] "POST /wp-cron.php?doing_wp_cron=1625301165.9194040298461914062500 HTTP/1.1" 200 6295 "https://ajhydell.com/wp-cron.php?doing_wp_cron=1625301165.9194040298461914062500" "WordPress/5.7.2; https://ajhydell.com"
157.55.39.22 - - [03/Jul/2021:04:32:45 -0400] "GET /sitemap-pt-page-2021-04.xml HTTP/1.1" 200 6330 "-" "Mozilla/5.0 (compatible; bingbot/2.0; +http://www.bing.com/bingbot.htm)"
54.36.148.117 - - [03/Jul/2021:04:32:48 -0400] "GET /2019/07/29/nixon-the-pest-out-france-1970s/ HTTP/1.1" 200 18874 "-" "Mozilla/5.0 (compatible; AhrefsBot/7.0; +http://ahrefs.com/robot/)"
114.119.145.169 - - [03/Jul/2021:04:33:14 -0400] "GET /2019/05/27/a-torpedo-being-loaded-on-a-savoia-marchetti-s-m-79-sparviero-sparrowhawk-1000-x-664/ HTTP/1.1" 200 18242 "-" "Mozilla/5.0 (Linux; Android 7.0;) AppleWebKit/537.36 (KHTML, like Gecko) Mobile Safari/537.36 (compatible; PetalBot;+https://webmaster.petalsearch.com/site/petalbot)"
5.255.253.148 - - [03/Jul/2021:04:34:04 -0400] "GET /wp-content/uploads/2021/02/picture-116.jpg HTTP/1.1" 304 6272 "-" "Mozilla/5.0 (compatible; YandexImages/3.0; +http://yandex.com/bots)"
204.48.19.85 - - [03/Jul/2021:04:34:27 -0400] "POST /wp-cron.php?doing_wp_cron=1625301267.0471611022949218750000 HTTP/1.1" 200 6295 "https://ajhydell.com/wp-cron.php?doing_wp_cron=1625301267.0471611022949218750000" "WordPress/5.7.2; https://ajhydell.com"
5.255.253.148 - - [03/Jul/2021:04:34:26 -0400] "GET /2019/03/05/german-troops-scout-through-a-burning-russian-village/ HTTP/1.1" 200 18885 "-" "Mozilla/5.0 (compatible; YandexBot/3.0; +http://yandex.com/bots)"
54.36.148.117 - - [03/Jul/2021:04:34:44 -0400] "GET /2019/05/19/otd-apollo-10-was-launched-1969-902-x-1200/ HTTP/1.1" 200 18675 "-" "Mozilla/5.0 (compatible; AhrefsBot/7.0; +http://ahrefs.com/robot/)"
204.48.19.85 - - [03/Jul/2021:04:35:13 -0400] "POST /wp-cron.php?doing_wp_cron=1625301313.6635649204254150390625 HTTP/1.1" 200 6295 "https://ajhydell.com/wp-cron.php?doing_wp_cron=1625301313.6635649204254150390625" "WordPress/5.7.2; https://ajhydell.com"
114.119.151.93 - - [03/Jul/2021:04:35:13 -0400] "GET /2020/08/24/mcdonalds-muscle-shoals-florence-al-august-1972/ HTTP/1.1" 200 18100 "-" "Mozilla/5.0 (Linux; Android 7.0;) AppleWebKit/537.36 (KHTML, like Gecko) Mobile Safari/537.36 (compatible; PetalBot;+https://webmaster.petalsearch.com/site/petalbot)"
185.191.171.4 - - [03/Jul/2021:04:35:36 -0400] "GET /2021/02/05/anti-ku-klux-klan-poster-by-iww-c-1920s/ HTTP/1.1" 200 18609 "-" "Mozilla/5.0 (compatible; SemrushBot/7~bl; +http://www.semrush.com/bot.html)"
204.48.19.85 - - [03/Jul/2021:04:36:25 -0400] "POST /wp-cron.php?doing_wp_cron=1625301385.5765430927276611328125 HTTP/1.1" 200 6295 "https://ajhydell.com/wp-cron.php?doing_wp_cron=1625301385.5765430927276611328125" "WordPress/5.7.2; https://ajhydell.com"
157.55.39.136 - - [03/Jul/2021:04:36:25 -0400] "GET /2018/08/18/dont-be-an-ass-let-traffic-pass-uk-1948-artwork-by-f-kenwood-giles/ HTTP/1.1" 200 18487 "-" "Mozilla/5.0 (compatible; bingbot/2.0; +http://www.bing.com/bingbot.htm)"
54.36.148.117 - - [03/Jul/2021:04:36:36 -0400] "GET /2019/06/27/there-is-no-god-ussr-1975/ HTTP/1.1" 200 19003 "-" "Mozilla/5.0 (compatible; AhrefsBot/7.0; +http://ahrefs.com/robot/)"
204.48.19.85 - - [03/Jul/2021:04:37:14 -0400] "POST /wp-cron.php?doing_wp_cron=1625301434.7905659675598144531250 HTTP/1.1" 200 6295 "https://ajhydell.com/wp-cron.php?doing_wp_cron=1625301434.7905659675598144531250" "WordPress/5.7.2; https://ajhydell.com"
114.119.143.210 - - [03/Jul/2021:04:37:14 -0400] "GET /2021/01/25/marines-riding-a-m4a3-sherman-of-company-a-6th-tank-battalion-during-the-6th-marine-divisions-drive-along-the-west-coast-of-okinawa-japan-6-april-1945-original-description-and-photo-sourced-by/ HTTP/1.1" 200 18500 "-" "Mozilla/5.0 (Linux; Android 7.0;) AppleWebKit/537.36 (KHTML, like Gecko) Mobile Safari/537.36 (compatible; PetalBot;+https://webmaster.petalsearch.com/site/petalbot)"
204.48.19.85 - - [03/Jul/2021:04:38:31 -0400] "POST /wp-cron.php?doing_wp_cron=1625301511.6705820560455322265625 HTTP/1.1" 200 6295 "https://ajhydell.com/wp-cron.php?doing_wp_cron=1625301511.6705820560455322265625" "WordPress/5.7.2; https://ajhydell.com"
54.36.148.117 - - [03/Jul/2021:04:38:31 -0400] "GET /2019/04/30/there-is-no-other-home-ussr-date-unknown/ HTTP/1.1" 200 18782 "-" "Mozilla/5.0 (compatible; AhrefsBot/7.0; +http://ahrefs.com/robot/)"
204.48.19.85 - - [03/Jul/2021:04:39:10 -0400] "POST /wp-cron.php?doing_wp_cron=1625301550.8647780418395996093750 HTTP/1.1" 200 6295 "https://ajhydell.com/wp-cron.php?doing_wp_cron=1625301550.8647780418395996093750" "WordPress/5.7.2; https://ajhydell.com"
114.119.151.93 - - [03/Jul/2021:04:39:10 -0400] "GET /2019/08/19/it-is-dangerous-to-keep-official-documents-with-a-frivolous-person-soviet-propaganda-artist-unknown-1983/ HTTP/1.1" 200 18296 "-" "Mozilla/5.0 (Linux; Android 7.0;) AppleWebKit/537.36 (KHTML, like Gecko) Mobile Safari/537.36 (compatible; PetalBot;+https://webmaster.petalsearch.com/site/petalbot)"
204.48.19.85 - - [03/Jul/2021:04:39:47 -0400] "POST /wp-cron.php?doing_wp_cron=1625301587.3199501037597656250000 HTTP/1.1" 200 6295 "https://ajhydell.com/wp-cron.php?doing_wp_cron=1625301587.3199501037597656250000" "WordPress/5.7.2; https://ajhydell.com"
185.191.171.20 - - [03/Jul/2021:04:39:46 -0400] "GET /2019/10/03/the-third-eye-sees-all-1960s/ HTTP/1.1" 200 18673 "-" "Mozilla/5.0 (compatible; SemrushBot/7~bl; +http://www.semrush.com/bot.html)"
54.36.148.117 - - [03/Jul/2021:04:40:26 -0400] "GET /2019/06/11/lct-with-barrage-balloons-afloat-unloading-supplies-on-omaha-for-the-break-out-from-normandy/ HTTP/1.1" 200 18848 "-" "Mozilla/5.0 (compatible; AhrefsBot/7.0; +http://ahrefs.com/robot/)"
5.255.253.148 - - [03/Jul/2021:04:40:30 -0400] "GET /2020/01/29/ HTTP/1.1" 200 18366 "-" "Mozilla/5.0 (compatible; YandexBot/3.0; +http://yandex.com/bots)"
204.48.19.85 - - [03/Jul/2021:04:41:06 -0400] "POST /wp-cron.php?doing_wp_cron=1625301666.1595580577850341796875 HTTP/1.1" 200 6295 "https://ajhydell.com/wp-cron.php?doing_wp_cron=1625301666.1595580577850341796875" "WordPress/5.7.2; https://ajhydell.com"
114.119.134.106 - - [03/Jul/2021:04:41:05 -0400] "GET /2020/09/02 HTTP/1.1" 301 5931 "-" "Mozilla/5.0 (Linux; Android 7.0;) AppleWebKit/537.36 (KHTML, like Gecko) Mobile Safari/537.36 (compatible; PetalBot;+https://webmaster.petalsearch.com/site/petalbot)"
114.119.134.106 - - [03/Jul/2021:04:41:06 -0400] "GET /2020/09/02/ HTTP/1.1" 200 12756 "-" "Mozilla/5.0 (Linux; Android 7.0;) AppleWebKit/537.36 (KHTML, like Gecko) Mobile Safari/537.36 (compatible; PetalBot;+https://webmaster.petalsearch.com/site/petalbot)"
114.119.134.106 - - [03/Jul/2021:04:41:07 -0400] "GET /wp-content/plugins/add-expires-headers/cache/0/com/processed-header-f16a8d323e83e1bc1b76514e283fb81b7090a959.min.css HTTP/1.1" 200 52762 "https://ajhydell.com/2020/09/02/" "Mozilla/5.0 (Linux; Android 7.0;) AppleWebKit/537.36 (KHTML, like Gecko) Mobile Safari/537.36 (compatible; PetalBot;+https://webmaster.petalsearch.com/site/petalbot)"
114.119.134.106 - - [03/Jul/2021:04:41:07 -0400] "GET /wp-content/plugins/google-analytics-for-wordpress/assets/js/frontend-gtag.min.js?ver=7.17.0 HTTP/1.1" 200 3437 "https://ajhydell.com/2020/09/02/" "Mozilla/5.0 (Linux; Android 7.0;) AppleWebKit/537.36 (KHTML, like Gecko) Mobile Safari/537.36 (compatible; PetalBot;+https://webmaster.petalsearch.com/site/petalbot)"
114.119.134.106 - - [03/Jul/2021:04:41:07 -0400] "GET /wp-includes/js/jquery/jquery.min.js?ver=3.5.1 HTTP/1.1" 200 31617 "https://ajhydell.com/2020/09/02/" "Mozilla/5.0 (Linux; Android 7.0;) AppleWebKit/537.36 (KHTML, like Gecko) Mobile Safari/537.36 (compatible; PetalBot;+https://webmaster.petalsearch.com/site/petalbot)"
114.119.134.106 - - [03/Jul/2021:04:41:07 -0400] "GET /wp-includes/js/jquery/jquery-migrate.min.js?ver=3.3.2 HTTP/1.1" 200 4805 "https://ajhydell.com/2020/09/02/" "Mozilla/5.0 (Linux; Android 7.0;) AppleWebKit/537.36 (KHTML, like Gecko) Mobile Safari/537.36 (compatible; PetalBot;+https://webmaster.petalsearch.com/site/petalbot)"
114.119.134.106 - - [03/Jul/2021:04:41:07 -0400] "GET /wp-content/plugins/wp-smushit/app/assets/js/smush-lazy-load.min.js?ver=3.8.7 HTTP/1.1" 200 4320 "https://ajhydell.com/2020/09/02/" "Mozilla/5.0 (Linux; Android 7.0;) AppleWebKit/537.36 (KHTML, like Gecko) Mobile Safari/537.36 (compatible; PetalBot;+https://webmaster.petalsearch.com/site/petalbot)"
114.119.134.106 - - [03/Jul/2021:04:41:07 -0400] "GET /wp-content/themes/royal-magazine/js/skip-link-focus-fix.js?ver=20151215 HTTP/1.1" 200 923 "https://ajhydell.com/2020/09/02/" "Mozilla/5.0 (Linux; Android 7.0;) AppleWebKit/537.36 (KHTML, like Gecko) Mobile Safari/537.36 (compatible; PetalBot;+https://webmaster.petalsearch.com/site/petalbot)"
114.119.134.106 - - [03/Jul/2021:04:41:07 -0400] "GET /wp-content/themes/royal-magazine/js/navigation.js?ver=20151215 HTTP/1.1" 200 1481 "https://ajhydell.com/2020/09/02/" "Mozilla/5.0 (Linux; Android 7.0;) AppleWebKit/537.36 (KHTML, like Gecko) Mobile Safari/537.36 (compatible; PetalBot;+https://webmaster.petalsearch.com/site/petalbot)"
114.119.134.106 - - [03/Jul/2021:04:41:08 -0400] "GET /wp-content/themes/royal-magazine/assets/libraries/slick/js/slick.min.js?ver=5.7.2 HTTP/1.1" 200 10686 "https://ajhydell.com/2020/09/02/" "Mozilla/5.0 (Linux; Android 7.0;) AppleWebKit/537.36 (KHTML, like Gecko) Mobile Safari/537.36 (compatible; PetalBot;+https://webmaster.petalsearch.com/site/petalbot)"
114.119.134.106 - - [03/Jul/2021:04:41:08 -0400] "GET /wp-content/themes/royal-magazine/assets/libraries/bootstrap/js/bootstrap.min.js?ver=5.7.2 HTTP/1.1" 200 10346 "https://ajhydell.com/2020/09/02/" "Mozilla/5.0 (Linux; Android 7.0;) AppleWebKit/537.36 (KHTML, like Gecko) Mobile Safari/537.36 (compatible; PetalBot;+https://webmaster.petalsearch.com/site/petalbot)"
114.119.134.106 - - [03/Jul/2021:04:41:08 -0400] "GET /wp-content/themes/royal-magazine/assets/libraries/marquee/jquery.marquee.js?ver=5.7.2 HTTP/1.1" 200 5068 "https://ajhydell.com/2020/09/02/" "Mozilla/5.0 (Linux; Android 7.0;) AppleWebKit/537.36 (KHTML, like Gecko) Mobile Safari/537.36 (compatible; PetalBot;+https://webmaster.petalsearch.com/site/petalbot)"
114.119.134.106 - - [03/Jul/2021:04:41:08 -0400] "GET /wp-content/themes/royal-magazine/assets/libraries/theiaStickySidebar/theia-sticky-sidebar.min.js?ver=5.7.2 HTTP/1.1" 200 2233 "https://ajhydell.com/2020/09/02/" "Mozilla/5.0 (Linux; Android 7.0;) AppleWebKit/537.36 (KHTML, like Gecko) Mobile Safari/537.36 (compatible; PetalBot;+https://webmaster.petalsearch.com/site/petalbot)"
114.119.134.106 - - [03/Jul/2021:04:41:08 -0400] "GET /wp-content/themes/royal-magazine/assets/libraries/magnific-popup/jquery.magnific-popup.min.js?ver=5.7.2 HTTP/1.1" 200 7835 "https://ajhydell.com/2020/09/02/" "Mozilla/5.0 (Linux; Android 7.0;) AppleWebKit/537.36 (KHTML, like Gecko) Mobile Safari/537.36 (compatible; PetalBot;+https://webmaster.petalsearch.com/site/petalbot)"
114.119.134.106 - - [03/Jul/2021:04:41:08 -0400] "GET /wp-content/themes/royal-magazine/assets/twp/js/custom-script.js?ver=5.7.2 HTTP/1.1" 200 2992 "https://ajhydell.com/2020/09/02/" "Mozilla/5.0 (Linux; Android 7.0;) AppleWebKit/537.36 (KHTML, like Gecko) Mobile Safari/537.36 (compatible; PetalBot;+https://webmaster.petalsearch.com/site/petalbot)"
114.119.134.106 - - [03/Jul/2021:04:41:08 -0400] "GET /wp-includes/js/wp-embed.min.js?ver=5.7.2 HTTP/1.1" 200 1208 "https://ajhydell.com/2020/09/02/" "Mozilla/5.0 (Linux; Android 7.0;) AppleWebKit/537.36 (KHTML, like Gecko) Mobile Safari/537.36 (compatible; PetalBot;+https://webmaster.petalsearch.com/site/petalbot)"
114.119.134.106 - - [03/Jul/2021:04:41:08 -0400] "GET /wp-content/plugins/facebook-pagelike-widget/fb.js?ver=1.0 HTTP/1.1" 200 809 "https://ajhydell.com/2020/09/02/" "Mozilla/5.0 (Linux; Android 7.0;) AppleWebKit/537.36 (KHTML, like Gecko) Mobile Safari/537.36 (compatible; PetalBot;+https://webmaster.petalsearch.com/site/petalbot)"
114.119.134.106 - - [03/Jul/2021:04:41:08 -0400] "GET /wp-includes/js/wp-emoji-release.min.js?ver=5.7.2 HTTP/1.1" 200 5149 "https://ajhydell.com/2020/09/02/" "Mozilla/5.0 (Linux; Android 7.0;) AppleWebKit/537.36 (KHTML, like Gecko) Mobile Safari/537.36 (compatible; PetalBot;+https://webmaster.petalsearch.com/site/petalbot)"
114.119.134.106 - - [03/Jul/2021:04:41:08 -0400] "GET /?wordfence_lh=1&hid=F610ED1E5EE652294A17A42A27FCD810&r=0.4269101334313399 HTTP/1.1" 200 346 "https://ajhydell.com/2020/09/02/" "Mozilla/5.0 (Linux; Android 7.0;) AppleWebKit/537.36 (KHTML, like Gecko) Mobile Safari/537.36 (compatible; PetalBot;+https://webmaster.petalsearch.com/site/petalbot)"
114.119.134.106 - - [03/Jul/2021:04:41:08 -0400] "GET /wp-content/themes/royal-magazine/assets/libraries/ionicons/fonts/ionicons.ttf HTTP/1.1" 200 189142 "https://ajhydell.com/wp-content/plugins/add-expires-headers/cache/0/com/processed-header-f16a8d323e83e1bc1b76514e283fb81b7090a959.min.css" "Mozilla/5.0 (Linux; Android 7.0;) AppleWebKit/537.36 (KHTML, like Gecko) Mobile Safari/537.36 (compatible; PetalBot;+https://webmaster.petalsearch.com/site/petalbot)"
132.148.20.66 - - [03/Jul/2021:04:41:35 -0400] "GET /wp-login.php HTTP/1.1" 200 8605 "-" "Mozilla/5.0 (X11; Ubuntu; Linux x86_64; rv:62.0) Gecko/20100101 Firefox/62.0"
132.148.20.66 - - [03/Jul/2021:04:41:35 -0400] "POST /wp-login.php HTTP/1.1" 200 8694 "-" "Mozilla/5.0 (X11; Ubuntu; Linux x86_64; rv:62.0) Gecko/20100101 Firefox/62.0"
132.148.20.66 - - [03/Jul/2021:04:41:36 -0400] "POST /xmlrpc.php HTTP/1.1" 503 24026 "-" "Mozilla/5.0 (X11; Ubuntu; Linux x86_64; rv:62.0) Gecko/20100101 Firefox/62.0"
204.48.19.85 - - [03/Jul/2021:04:42:17 -0400] "POST /wp-cron.php?doing_wp_cron=1625301737.4620199203491210937500 HTTP/1.1" 200 6295 "https://ajhydell.com/wp-cron.php?doing_wp_cron=1625301737.4620199203491210937500" "WordPress/5.7.2; https://ajhydell.com"
54.36.148.117 - - [03/Jul/2021:04:42:17 -0400] "GET /2019/05/17/protection-against-spray-attack-world-war-ii-united-states-1944/ HTTP/1.1" 200 18855 "-" "Mozilla/5.0 (compatible; AhrefsBot/7.0; +http://ahrefs.com/robot/)"
207.46.13.151 - - [03/Jul/2021:04:42:26 -0400] "GET /2019/01/05/a-20-year-old-stephen-hawking-1962/ HTTP/1.1" 200 18302 "-" "Mozilla/5.0 (compatible; bingbot/2.0; +http://www.bing.com/bingbot.htm)"
204.48.19.85 - - [03/Jul/2021:04:43:07 -0400] "POST /wp-cron.php?doing_wp_cron=1625301787.6301898956298828125000 HTTP/1.1" 200 6295 "https://ajhydell.com/wp-cron.php?doing_wp_cron=1625301787.6301898956298828125000" "WordPress/5.7.2; https://ajhydell.com"
114.119.151.93 - - [03/Jul/2021:04:43:07 -0400] "GET /2020/07/28/marine-nco-sharpshooter-in-action-on-iwo-jima-march-12-1945 HTTP/1.1" 301 5822 "-" "Mozilla/5.0 (Linux; Android 7.0;) AppleWebKit/537.36 (KHTML, like Gecko) Mobile Safari/537.36 (compatible; PetalBot;+https://webmaster.petalsearch.com/site/petalbot)"
114.119.151.93 - - [03/Jul/2021:04:43:08 -0400] "GET /2020/07/28/marine-nco-sharpshooter-in-action-on-iwo-jima-march-12-1945/ HTTP/1.1" 200 13138 "-" "Mozilla/5.0 (Linux; Android 7.0;) AppleWebKit/537.36 (KHTML, like Gecko) Mobile Safari/537.36 (compatible; PetalBot;+https://webmaster.petalsearch.com/site/petalbot)"
185.191.171.12 - - [03/Jul/2021:04:43:18 -0400] "GET /2020/10/04/drive-away-the-bureaucrats-from-the-state-apparatus-1979/ HTTP/1.1" 200 18722 "-" "Mozilla/5.0 (compatible; SemrushBot/7~bl; +http://www.semrush.com/bot.html)"
204.48.19.85 - - [03/Jul/2021:04:44:12 -0400] "POST /wp-cron.php?doing_wp_cron=1625301852.0692598819732666015625 HTTP/1.1" 200 6295 "https://ajhydell.com/wp-cron.php?doing_wp_cron=1625301852.0692598819732666015625" "WordPress/5.7.2; https://ajhydell.com"
54.36.148.117 - - [03/Jul/2021:04:44:11 -0400] "GET /2019/03/04/mexican-propaganda-during-world-war-ii/ HTTP/1.1" 200 18718 "-" "Mozilla/5.0 (compatible; AhrefsBot/7.0; +http://ahrefs.com/robot/)"
204.48.19.85 - - [03/Jul/2021:04:45:00 -0400] "POST /wp-cron.php?doing_wp_cron=1625301900.6684150695800781250000 HTTP/1.1" 200 6295 "https://ajhydell.com/wp-cron.php?doing_wp_cron=1625301900.6684150695800781250000" "WordPress/5.7.2; https://ajhydell.com"
185.191.171.38 - - [03/Jul/2021:04:45:00 -0400] "GET /2020/02/16/ HTTP/1.1" 200 18693 "-" "Mozilla/5.0 (compatible; SemrushBot/7~bl; +http://www.semrush.com/bot.html)"
114.119.138.226 - - [03/Jul/2021:04:45:03 -0400] "GET /2021/01/page/13 HTTP/1.1" 301 5936 "-" "Mozilla/5.0 (Linux; Android 7.0;) AppleWebKit/537.36 (KHTML, like Gecko) Mobile Safari/537.36 (compatible; PetalBot;+https://webmaster.petalsearch.com/site/petalbot)"
114.119.138.226 - - [03/Jul/2021:04:45:04 -0400] "GET /2021/01/page/13/ HTTP/1.1" 200 14420 "-" "Mozilla/5.0 (Linux; Android 7.0;) AppleWebKit/537.36 (KHTML, like Gecko) Mobile Safari/537.36 (compatible; PetalBot;+https://webmaster.petalsearch.com/site/petalbot)"
114.119.138.226 - - [03/Jul/2021:04:45:05 -0400] "GET /wp-content/plugins/add-expires-headers/cache/0/com/processed-header-f16a8d323e83e1bc1b76514e283fb81b7090a959.min.css HTTP/1.1" 200 52762 "https://ajhydell.com/2021/01/page/13/" "Mozilla/5.0 (Linux; Android 7.0;) AppleWebKit/537.36 (KHTML, like Gecko) Mobile Safari/537.36 (compatible; PetalBot;+https://webmaster.petalsearch.com/site/petalbot)"
114.119.138.226 - - [03/Jul/2021:04:45:05 -0400] "GET /wp-content/plugins/google-analytics-for-wordpress/assets/js/frontend-gtag.min.js?ver=7.17.0 HTTP/1.1" 200 3437 "https://ajhydell.com/2021/01/page/13/" "Mozilla/5.0 (Linux; Android 7.0;) AppleWebKit/537.36 (KHTML, like Gecko) Mobile Safari/537.36 (compatible; PetalBot;+https://webmaster.petalsearch.com/site/petalbot)"
114.119.138.226 - - [03/Jul/2021:04:45:05 -0400] "GET /wp-includes/js/jquery/jquery.min.js?ver=3.5.1 HTTP/1.1" 200 31617 "https://ajhydell.com/2021/01/page/13/" "Mozilla/5.0 (Linux; Android 7.0;) AppleWebKit/537.36 (KHTML, like Gecko) Mobile Safari/537.36 (compatible; PetalBot;+https://webmaster.petalsearch.com/site/petalbot)"
114.119.138.226 - - [03/Jul/2021:04:45:05 -0400] "GET /wp-includes/js/jquery/jquery-migrate.min.js?ver=3.3.2 HTTP/1.1" 200 4805 "https://ajhydell.com/2021/01/page/13/" "Mozilla/5.0 (Linux; Android 7.0;) AppleWebKit/537.36 (KHTML, like Gecko) Mobile Safari/537.36 (compatible; PetalBot;+https://webmaster.petalsearch.com/site/petalbot)"
114.119.138.226 - - [03/Jul/2021:04:45:05 -0400] "GET /wp-content/plugins/wp-smushit/app/assets/js/smush-lazy-load.min.js?ver=3.8.7 HTTP/1.1" 200 4171 "https://ajhydell.com/2021/01/page/13/" "Mozilla/5.0 (Linux; Android 7.0;) AppleWebKit/537.36 (KHTML, like Gecko) Mobile Safari/537.36 (compatible; PetalBot;+https://webmaster.petalsearch.com/site/petalbot)"
114.119.138.226 - - [03/Jul/2021:04:45:05 -0400] "GET /wp-content/themes/royal-magazine/js/navigation.js?ver=20151215 HTTP/1.1" 200 1332 "https://ajhydell.com/2021/01/page/13/" "Mozilla/5.0 (Linux; Android 7.0;) AppleWebKit/537.36 (KHTML, like Gecko) Mobile Safari/537.36 (compatible; PetalBot;+https://webmaster.petalsearch.com/site/petalbot)"
114.119.138.226 - - [03/Jul/2021:04:45:05 -0400] "GET /wp-content/themes/royal-magazine/assets/libraries/bootstrap/js/bootstrap.min.js?ver=5.7.2 HTTP/1.1" 200 10346 "https://ajhydell.com/2021/01/page/13/" "Mozilla/5.0 (Linux; Android 7.0;) AppleWebKit/537.36 (KHTML, like Gecko) Mobile Safari/537.36 (compatible; PetalBot;+https://webmaster.petalsearch.com/site/petalbot)"
114.119.138.226 - - [03/Jul/2021:04:45:05 -0400] "GET /wp-content/themes/royal-magazine/assets/libraries/slick/js/slick.min.js?ver=5.7.2 HTTP/1.1" 200 10686 "https://ajhydell.com/2021/01/page/13/" "Mozilla/5.0 (Linux; Android 7.0;) AppleWebKit/537.36 (KHTML, like Gecko) Mobile Safari/537.36 (compatible; PetalBot;+https://webmaster.petalsearch.com/site/petalbot)"
114.119.138.226 - - [03/Jul/2021:04:45:05 -0400] "GET /wp-content/themes/royal-magazine/assets/libraries/marquee/jquery.marquee.js?ver=5.7.2 HTTP/1.1" 200 5217 "https://ajhydell.com/2021/01/page/13/" "Mozilla/5.0 (Linux; Android 7.0;) AppleWebKit/537.36 (KHTML, like Gecko) Mobile Safari/537.36 (compatible; PetalBot;+https://webmaster.petalsearch.com/site/petalbot)"
114.119.138.226 - - [03/Jul/2021:04:45:05 -0400] "GET /wp-content/themes/royal-magazine/js/skip-link-focus-fix.js?ver=20151215 HTTP/1.1" 200 923 "https://ajhydell.com/2021/01/page/13/" "Mozilla/5.0 (Linux; Android 7.0;) AppleWebKit/537.36 (KHTML, like Gecko) Mobile Safari/537.36 (compatible; PetalBot;+https://webmaster.petalsearch.com/site/petalbot)"
114.119.138.226 - - [03/Jul/2021:04:45:06 -0400] "GET /wp-content/themes/royal-magazine/assets/libraries/theiaStickySidebar/theia-sticky-sidebar.min.js?ver=5.7.2 HTTP/1.1" 200 2233 "https://ajhydell.com/2021/01/page/13/" "Mozilla/5.0 (Linux; Android 7.0;) AppleWebKit/537.36 (KHTML, like Gecko) Mobile Safari/537.36 (compatible; PetalBot;+https://webmaster.petalsearch.com/site/petalbot)"
114.119.138.226 - - [03/Jul/2021:04:45:06 -0400] "GET /wp-content/themes/royal-magazine/assets/twp/js/custom-script.js?ver=5.7.2 HTTP/1.1" 200 2992 "https://ajhydell.com/2021/01/page/13/" "Mozilla/5.0 (Linux; Android 7.0;) AppleWebKit/537.36 (KHTML, like Gecko) Mobile Safari/537.36 (compatible; PetalBot;+https://webmaster.petalsearch.com/site/petalbot)"
114.119.138.226 - - [03/Jul/2021:04:45:06 -0400] "GET /wp-content/themes/royal-magazine/assets/libraries/magnific-popup/jquery.magnific-popup.min.js?ver=5.7.2 HTTP/1.1" 200 7835 "https://ajhydell.com/2021/01/page/13/" "Mozilla/5.0 (Linux; Android 7.0;) AppleWebKit/537.36 (KHTML, like Gecko) Mobile Safari/537.36 (compatible; PetalBot;+https://webmaster.petalsearch.com/site/petalbot)"
114.119.138.226 - - [03/Jul/2021:04:45:06 -0400] "GET /wp-includes/js/wp-embed.min.js?ver=5.7.2 HTTP/1.1" 200 1208 "https://ajhydell.com/2021/01/page/13/" "Mozilla/5.0 (Linux; Android 7.0;) AppleWebKit/537.36 (KHTML, like Gecko) Mobile Safari/537.36 (compatible; PetalBot;+https://webmaster.petalsearch.com/site/petalbot)"
114.119.138.226 - - [03/Jul/2021:04:45:06 -0400] "GET /wp-content/plugins/facebook-pagelike-widget/fb.js?ver=1.0 HTTP/1.1" 200 809 "https://ajhydell.com/2021/01/page/13/" "Mozilla/5.0 (Linux; Android 7.0;) AppleWebKit/537.36 (KHTML, like Gecko) Mobile Safari/537.36 (compatible; PetalBot;+https://webmaster.petalsearch.com/site/petalbot)"
114.119.138.226 - - [03/Jul/2021:04:45:06 -0400] "GET /wp-includes/js/wp-emoji-release.min.js?ver=5.7.2 HTTP/1.1" 200 5149 "https://ajhydell.com/2021/01/page/13/" "Mozilla/5.0 (Linux; Android 7.0;) AppleWebKit/537.36 (KHTML, like Gecko) Mobile Safari/537.36 (compatible; PetalBot;+https://webmaster.petalsearch.com/site/petalbot)"
114.119.138.226 - - [03/Jul/2021:04:45:06 -0400] "GET /wp-content/themes/royal-magazine/assets/libraries/ionicons/fonts/ionicons.ttf HTTP/1.1" 200 189142 "https://ajhydell.com/wp-content/plugins/add-expires-headers/cache/0/com/processed-header-f16a8d323e83e1bc1b76514e283fb81b7090a959.min.css" "Mozilla/5.0 (Linux; Android 7.0;) AppleWebKit/537.36 (KHTML, like Gecko) Mobile Safari/537.36 (compatible; PetalBot;+https://webmaster.petalsearch.com/site/petalbot)"
114.119.138.226 - - [03/Jul/2021:04:45:06 -0400] "GET /?wordfence_lh=1&hid=ECEF23D17D62CF0A4DD2DCC13A66E8E9&r=0.30142544031450114 HTTP/1.1" 200 346 "https://ajhydell.com/2021/01/page/13/" "Mozilla/5.0 (Linux; Android 7.0;) AppleWebKit/537.36 (KHTML, like Gecko) Mobile Safari/537.36 (compatible; PetalBot;+https://webmaster.petalsearch.com/site/petalbot)"
178.62.79.87 - - [03/Jul/2021:04:45:13 -0400] "POST /wp-login.php HTTP/1.1" 503 24795 "-" "Mozilla/5.0 (Windows NT 6.1) AppleWebKit/537.36 (KHTML, like Gecko) Chrome/61.0.3163.100 Safari/537.36"
114.119.138.226 - - [03/Jul/2021:04:45:26 -0400] "-" 408 148 "-" "-"
66.249.92.69 - - [03/Jul/2021:04:45:29 -0400] "GET /2021/01/page/13/ HTTP/1.1" 200 20481 "-" "Mediapartners-Google"
204.48.19.85 - - [03/Jul/2021:04:45:52 -0400] "POST /wp-cron.php?doing_wp_cron=1625301952.4748339653015136718750 HTTP/1.1" 200 6295 "https://ajhydell.com/wp-cron.php?doing_wp_cron=1625301952.4748339653015136718750" "WordPress/5.7.2; https://ajhydell.com"
54.36.148.117 - - [03/Jul/2021:04:45:52 -0400] "GET /2018/09/03/the-warriors-of-hitler-are-friends-of-the-people-a-nazi-propaganda-poster-in-occupied-ukraine-1942/ HTTP/1.1" 200 18956 "-" "Mozilla/5.0 (compatible; AhrefsBot/7.0; +http://ahrefs.com/robot/)"
157.55.39.134 - - [03/Jul/2021:04:46:09 -0400] "GET /wp-content/uploads/2019/05/picture-45-802x1024.jpg HTTP/1.1" 200 171749 "-" "Mozilla/5.0 (compatible; bingbot/2.0; +http://www.bing.com/bingbot.htm)"
40.77.167.20 - - [03/Jul/2021:04:46:46 -0400] "GET /wp-content/uploads/2019/01/picture-48.jpg HTTP/1.1" 200 91376 "-" "Mozilla/5.0 (compatible; bingbot/2.0; +http://www.bing.com/bingbot.htm)"
204.48.19.85 - - [03/Jul/2021:04:46:59 -0400] "POST /wp-cron.php?doing_wp_cron=1625302019.7955639362335205078125 HTTP/1.1" 200 6295 "https://ajhydell.com/wp-cron.php?doing_wp_cron=1625302019.7955639362335205078125" "WordPress/5.7.2; https://ajhydell.com"
114.119.143.210 - - [03/Jul/2021:04:46:59 -0400] "GET /2020/11/21 HTTP/1.1" 301 5717 "-" "Mozilla/5.0 (Linux; Android 7.0;) AppleWebKit/537.36 (KHTML, like Gecko) Mobile Safari/537.36 (compatible; PetalBot;+https://webmaster.petalsearch.com/site/petalbot)"
114.119.143.210 - - [03/Jul/2021:04:47:00 -0400] "GET /2020/11/21/ HTTP/1.1" 200 13036 "-" "Mozilla/5.0 (Linux; Android 7.0;) AppleWebKit/537.36 (KHTML, like Gecko) Mobile Safari/537.36 (compatible; PetalBot;+https://webmaster.petalsearch.com/site/petalbot)"
54.36.148.117 - - [03/Jul/2021:04:47:36 -0400] "GET /2019/09/24/new-york-city-1970-hard-hats-demonstrate-in-favour-of-the-vietnam-war-1038-x-704/ HTTP/1.1" 200 18738 "-" "Mozilla/5.0 (compatible; AhrefsBot/7.0; +http://ahrefs.com/robot/)"
204.48.19.85 - - [03/Jul/2021:04:48:53 -0400] "POST /wp-cron.php?doing_wp_cron=1625302133.3522040843963623046875 HTTP/1.1" 200 6295 "https://ajhydell.com/wp-cron.php?doing_wp_cron=1625302133.3522040843963623046875" "WordPress/5.7.2; https://ajhydell.com"
114.119.143.210 - - [03/Jul/2021:04:48:53 -0400] "GET /2019/02/03/soviet-sailors-disarming-a-sea-mine HTTP/1.1" 301 5798 "-" "Mozilla/5.0 (Linux; Android 7.0;) AppleWebKit/537.36 (KHTML, like Gecko) Mobile Safari/537.36 (compatible; PetalBot;+https://webmaster.petalsearch.com/site/petalbot)"
114.119.143.210 - - [03/Jul/2021:04:48:54 -0400] "GET /2019/02/03/soviet-sailors-disarming-a-sea-mine/ HTTP/1.1" 200 12756 "-" "Mozilla/5.0 (Linux; Android 7.0;) AppleWebKit/537.36 (KHTML, like Gecko) Mobile Safari/537.36 (compatible; PetalBot;+https://webmaster.petalsearch.com/site/petalbot)"
54.36.148.117 - - [03/Jul/2021:04:49:24 -0400] "GET /2018/08/19/an-italian-lieutenant-talking-with-some-serbian-pows-during-or-shortly-after-the-invasion-of-yugoslavia-spring-1941/ HTTP/1.1" 200 18853 "-" "Mozilla/5.0 (compatible; AhrefsBot/7.0; +http://ahrefs.com/robot/)"
182.48.202.152 - - [03/Jul/2021:04:49:41 -0400] "GET /wp-content/uploads/2021/03/picture-82-768x515.jpg HTTP/1.1" 200 79728 "https://www.bing.com/" "Mozilla/5.0 (Windows NT 10.0; Win64; x64) AppleWebKit/537.36 (KHTML, like Gecko) Chrome/91.0.4472.114 Safari/537.36 Edg/91.0.864.59"
182.48.202.152 - - [03/Jul/2021:04:50:02 -0400] "-" 408 6041 "-" "-"
204.48.19.85 - - [03/Jul/2021:04:50:06 -0400] "POST /wp-cron.php?doing_wp_cron=1625302206.3712410926818847656250 HTTP/1.1" 200 6295 "https://ajhydell.com/wp-cron.php?doing_wp_cron=1625302206.3712410926818847656250" "WordPress/5.7.2; https://ajhydell.com"
185.191.171.12 - - [03/Jul/2021:04:50:05 -0400] "GET /robots.txt HTTP/1.1" 200 6480 "-" "Mozilla/5.0 (compatible; SemrushBot/7~bl; +http://www.semrush.com/bot.html)"
185.191.171.44 - - [03/Jul/2021:04:50:06 -0400] "GET /2018/12/23/ HTTP/1.1" 200 18244 "-" "Mozilla/5.0 (compatible; SemrushBot/7~bl; +http://www.semrush.com/bot.html)"
66.249.66.136 - - [03/Jul/2021:04:50:35 -0400] "GET /wp-content/plugins/facebook-pagelike-widget/loader.gif HTTP/1.1" 304 6271 "-" "Googlebot-Image/1.0"
23.100.232.233 - - [03/Jul/2021:04:50:35 -0400] "GET / HTTP/1.1" 200 19317 "-" "Mozilla/5.0 (compatible; MSIE 9.0; Windows NT 6.1; Trident/5.0;  Trident/5.0)"
66.249.66.134 - - [03/Jul/2021:04:50:36 -0400] "GET /wp-content/uploads/2018/08/cropped-logo-32x32.jpg HTTP/1.1" 304 6270 "-" "Googlebot-Image/1.0"
23.100.232.233 - - [03/Jul/2021:04:50:36 -0400] "GET /wp-content/plugins/add-expires-headers/cache/0/com/processed-header-f16a8d323e83e1bc1b76514e283fb81b7090a959.min.css HTTP/1.1" 200 52893 "https://ajhydell.com/" "Mozilla/5.0 (compatible; MSIE 9.0; Windows NT 6.1; Trident/5.0;  Trident/5.0)"
23.100.232.233 - - [03/Jul/2021:04:50:37 -0400] "GET /wp-includes/js/jquery/jquery.min.js?ver=3.5.1 HTTP/1.1" 200 31550 "https://ajhydell.com/" "Mozilla/5.0 (compatible; MSIE 9.0; Windows NT 6.1; Trident/5.0;  Trident/5.0)"
23.100.232.233 - - [03/Jul/2021:04:50:37 -0400] "GET /wp-content/plugins/google-analytics-for-wordpress/assets/js/frontend-gtag.min.js?ver=7.17.0 HTTP/1.1" 200 3476 "https://ajhydell.com/" "Mozilla/5.0 (compatible; MSIE 9.0; Windows NT 6.1; Trident/5.0;  Trident/5.0)"
23.100.232.233 - - [03/Jul/2021:04:50:37 -0400] "GET /wp-includes/js/jquery/jquery-migrate.min.js?ver=3.3.2 HTTP/1.1" 200 4687 "https://ajhydell.com/" "Mozilla/5.0 (compatible; MSIE 9.0; Windows NT 6.1; Trident/5.0;  Trident/5.0)"
23.100.232.233 - - [03/Jul/2021:04:50:38 -0400] "GET /wp-includes/js/wp-emoji-release.min.js?ver=5.7.2 HTTP/1.1" 200 5183 "https://ajhydell.com/" "Mozilla/5.0 (compatible; MSIE 9.0; Windows NT 6.1; Trident/5.0;  Trident/5.0)"
23.100.232.233 - - [03/Jul/2021:04:50:38 -0400] "GET /wp-content/themes/royal-magazine/js/skip-link-focus-fix.js?ver=20151215 HTTP/1.1" 200 933 "https://ajhydell.com/" "Mozilla/5.0 (compatible; MSIE 9.0; Windows NT 6.1; Trident/5.0;  Trident/5.0)"
23.100.232.233 - - [03/Jul/2021:04:50:38 -0400] "GET /wp-content/themes/royal-magazine/assets/libraries/slick/js/slick.min.js?ver=5.7.2 HTTP/1.1" 200 10740 "https://ajhydell.com/" "Mozilla/5.0 (compatible; MSIE 9.0; Windows NT 6.1; Trident/5.0;  Trident/5.0)"
23.100.232.233 - - [03/Jul/2021:04:50:38 -0400] "GET /wp-content/themes/royal-magazine/assets/libraries/bootstrap/js/bootstrap.min.js?ver=5.7.2 HTTP/1.1" 200 10404 "https://ajhydell.com/" "Mozilla/5.0 (compatible; MSIE 9.0; Windows NT 6.1; Trident/5.0;  Trident/5.0)"
23.100.232.233 - - [03/Jul/2021:04:50:38 -0400] "GET /wp-content/themes/royal-magazine/assets/libraries/theiaStickySidebar/theia-sticky-sidebar.min.js?ver=5.7.2 HTTP/1.1" 200 2271 "https://ajhydell.com/" "Mozilla/5.0 (compatible; MSIE 9.0; Windows NT 6.1; Trident/5.0;  Trident/5.0)"
23.100.232.233 - - [03/Jul/2021:04:50:38 -0400] "GET /wp-content/themes/royal-magazine/assets/libraries/magnific-popup/jquery.magnific-popup.min.js?ver=5.7.2 HTTP/1.1" 200 7871 "https://ajhydell.com/" "Mozilla/5.0 (compatible; MSIE 9.0; Windows NT 6.1; Trident/5.0;  Trident/5.0)"
23.100.232.233 - - [03/Jul/2021:04:50:38 -0400] "GET /wp-includes/js/wp-embed.min.js?ver=5.7.2 HTTP/1.1" 200 1221 "https://ajhydell.com/" "Mozilla/5.0 (compatible; MSIE 9.0; Windows NT 6.1; Trident/5.0;  Trident/5.0)"
23.100.232.233 - - [03/Jul/2021:04:50:38 -0400] "GET /wp-content/plugins/facebook-pagelike-widget/fb.js?ver=1.0 HTTP/1.1" 200 821 "https://ajhydell.com/" "Mozilla/5.0 (compatible; MSIE 9.0; Windows NT 6.1; Trident/5.0;  Trident/5.0)"
66.249.66.136 - - [03/Jul/2021:04:50:38 -0400] "GET /wp-content/uploads/2021/05/picture-17.jpg HTTP/1.1" 200 123265 "-" "Googlebot-Image/1.0"
23.100.232.233 - - [03/Jul/2021:04:50:38 -0400] "GET /wp-content/themes/royal-magazine/js/navigation.js?ver=20151215 HTTP/1.1" 200 1349 "https://ajhydell.com/" "Mozilla/5.0 (compatible; MSIE 9.0; Windows NT 6.1; Trident/5.0;  Trident/5.0)"
23.100.232.233 - - [03/Jul/2021:04:50:38 -0400] "GET /wp-content/themes/royal-magazine/assets/libraries/marquee/jquery.marquee.js?ver=5.7.2 HTTP/1.1" 200 5103 "https://ajhydell.com/" "Mozilla/5.0 (compatible; MSIE 9.0; Windows NT 6.1; Trident/5.0;  Trident/5.0)"
23.100.232.233 - - [03/Jul/2021:04:50:38 -0400] "GET /wp-content/plugins/wp-smushit/app/assets/js/smush-lazy-load.min.js?ver=3.8.7 HTTP/1.1" 200 4207 "https://ajhydell.com/" "Mozilla/5.0 (compatible; MSIE 9.0; Windows NT 6.1; Trident/5.0;  Trident/5.0)"
23.100.232.233 - - [03/Jul/2021:04:50:38 -0400] "GET /wp-content/themes/royal-magazine/assets/twp/js/custom-script.js?ver=5.7.2 HTTP/1.1" 200 3023 "https://ajhydell.com/" "Mozilla/5.0 (compatible; MSIE 9.0; Windows NT 6.1; Trident/5.0;  Trident/5.0)"
204.48.19.85 - - [03/Jul/2021:04:50:47 -0400] "POST /wp-cron.php?doing_wp_cron=1625302247.2578189373016357421875 HTTP/1.1" 200 6295 "https://ajhydell.com/wp-cron.php?doing_wp_cron=1625302247.2578189373016357421875" "WordPress/5.7.2; https://ajhydell.com"
114.119.151.146 - - [03/Jul/2021:04:50:46 -0400] "GET /2019/11/12/rms-queen-elizabeth-returning-us-servicemen-to-new-york-in-1945-2560-x-3192/ HTTP/1.1" 200 18178 "-" "Mozilla/5.0 (Linux; Android 7.0;) AppleWebKit/537.36 (KHTML, like Gecko) Mobile Safari/537.36 (compatible; PetalBot;+https://webmaster.petalsearch.com/site/petalbot)"
185.191.171.37 - - [03/Jul/2021:04:50:53 -0400] "GET /2019/08/25/bren-gunner-arnhem-1944/ HTTP/1.1" 200 18585 "-" "Mozilla/5.0 (compatible; SemrushBot/7~bl; +http://www.semrush.com/bot.html)"
54.36.148.117 - - [03/Jul/2021:04:51:17 -0400] "GET /2018/08/20/ HTTP/1.1" 200 18740 "-" "Mozilla/5.0 (compatible; AhrefsBot/7.0; +http://ahrefs.com/robot/)"
75.119.133.125 - - [03/Jul/2021:04:51:19 -0400] "GET / HTTP/1.0" 301 565 "-" "Mozilla/5.0 (Windows NT 10.0; Win64; x64) AppleWebKit/537.36 (KHTML, like Gecko) Chrome/71.0.3578.98 Safari/537.36"
75.119.133.125 - - [03/Jul/2021:04:51:20 -0400] "GET / HTTP/1.0" 200 102313 "-" "Mozilla/5.0 (Windows NT 10.0; Win64; x64) AppleWebKit/537.36 (KHTML, like Gecko) Chrome/71.0.3578.98 Safari/537.36"
204.48.19.85 - - [03/Jul/2021:04:52:44 -0400] "POST /wp-cron.php?doing_wp_cron=1625302364.1098999977111816406250 HTTP/1.1" 200 6295 "https://ajhydell.com/wp-cron.php?doing_wp_cron=1625302364.1098999977111816406250" "WordPress/5.7.2; https://ajhydell.com"
114.119.156.206 - - [03/Jul/2021:04:52:43 -0400] "GET /2020/08/25/warners-1967 HTTP/1.1" 301 5775 "-" "Mozilla/5.0 (Linux; Android 7.0;) AppleWebKit/537.36 (KHTML, like Gecko) Mobile Safari/537.36 (compatible; PetalBot;+https://webmaster.petalsearch.com/site/petalbot)"
204.48.19.85 - - [03/Jul/2021:04:52:45 -0400] "POST /wp-cron.php?doing_wp_cron=1625302365.6143260002136230468750 HTTP/1.1" 200 6295 "https://ajhydell.com/wp-cron.php?doing_wp_cron=1625302365.6143260002136230468750" "WordPress/5.7.2; https://ajhydell.com"
114.119.156.206 - - [03/Jul/2021:04:52:45 -0400] "GET /2020/08/25/warners-1967/ HTTP/1.1" 200 12938 "-" "Mozilla/5.0 (Linux; Android 7.0;) AppleWebKit/537.36 (KHTML, like Gecko) Mobile Safari/537.36 (compatible; PetalBot;+https://webmaster.petalsearch.com/site/petalbot)"
54.36.148.117 - - [03/Jul/2021:04:52:58 -0400] "GET /2019/08/06/honor-and-glory-to-the-soviet-teacher-ussr-date-unknown/ HTTP/1.1" 200 18832 "-" "Mozilla/5.0 (compatible; AhrefsBot/7.0; +http://ahrefs.com/robot/)"
185.191.171.43 - - [03/Jul/2021:04:53:25 -0400] "GET /2020/09/25/country-store-on-dirt-road-north-carolina-in-1939/ HTTP/1.1" 200 18712 "-" "Mozilla/5.0 (compatible; SemrushBot/7~bl; +http://www.semrush.com/bot.html)"
77.75.79.119 - - [03/Jul/2021:04:53:31 -0400] "GET /robots.txt HTTP/1.1" 200 6517 "-" "Mozilla/5.0 (compatible; SeznamBot/3.2; +http://napoveda.seznam.cz/en/seznambot-intro/)"
77.75.79.119 - - [03/Jul/2021:04:53:33 -0400] "GET /sitemap-misc.xml HTTP/1.1" 200 6835 "-" "Mozilla/5.0 (compatible; SeznamBot/3.2; +http://napoveda.seznam.cz/en/seznambot-intro/)"
157.55.39.22 - - [03/Jul/2021:04:53:57 -0400] "GET /wp-content/uploads/2020/05/picture-77.jpg HTTP/1.1" 200 404434 "-" "Mozilla/5.0 (compatible; bingbot/2.0; +http://www.bing.com/bingbot.htm)"
204.48.19.85 - - [03/Jul/2021:04:54:38 -0400] "POST /wp-cron.php?doing_wp_cron=1625302478.8462560176849365234375 HTTP/1.1" 200 6295 "https://ajhydell.com/wp-cron.php?doing_wp_cron=1625302478.8462560176849365234375" "WordPress/5.7.2; https://ajhydell.com"
114.119.145.169 - - [03/Jul/2021:04:54:38 -0400] "GET /2020/02/11/cosmonautics-day-soviet-poster-1972/ HTTP/1.1" 200 18127 "-" "Mozilla/5.0 (Linux; Android 7.0;) AppleWebKit/537.36 (KHTML, like Gecko) Mobile Safari/537.36 (compatible; PetalBot;+https://webmaster.petalsearch.com/site/petalbot)"
54.36.148.117 - - [03/Jul/2021:04:54:44 -0400] "GET /2020/11/13/australian-soldiers-after-their-release-from-the-japanese-changi-pow-forced-labour-camp-in-singapore-1945/ HTTP/1.1" 200 18877 "-" "Mozilla/5.0 (compatible; AhrefsBot/7.0; +http://ahrefs.com/robot/)"
204.48.19.85 - - [03/Jul/2021:04:56:37 -0400] "POST /wp-cron.php?doing_wp_cron=1625302597.4060618877410888671875 HTTP/1.1" 200 6295 "https://ajhydell.com/wp-cron.php?doing_wp_cron=1625302597.4060618877410888671875" "WordPress/5.7.2; https://ajhydell.com"
54.36.148.117 - - [03/Jul/2021:04:56:37 -0400] "GET /2020/11/13/chanel-no-5-1928/ HTTP/1.1" 200 18699 "-" "Mozilla/5.0 (compatible; AhrefsBot/7.0; +http://ahrefs.com/robot/)"
114.119.132.183 - - [03/Jul/2021:04:56:37 -0400] "GET /2019/05/25/gene-tierney-in-sundown-1941/ HTTP/1.1" 200 18074 "-" "Mozilla/5.0 (Linux; Android 7.0;) AppleWebKit/537.36 (KHTML, like Gecko) Mobile Safari/537.36 (compatible; PetalBot;+https://webmaster.petalsearch.com/site/petalbot)"
157.55.39.22 - - [03/Jul/2021:04:57:17 -0400] "GET /wp-content/uploads/2019/06/picture-49.jpg HTTP/1.1" 200 4375237 "-" "Mozilla/5.0 (compatible; bingbot/2.0; +http://www.bing.com/bingbot.htm)"
204.48.19.85 - - [03/Jul/2021:04:58:26 -0400] "POST /wp-cron.php?doing_wp_cron=1625302706.5884380340576171875000 HTTP/1.1" 200 6295 "https://ajhydell.com/wp-cron.php?doing_wp_cron=1625302706.5884380340576171875000" "WordPress/5.7.2; https://ajhydell.com"
114.119.149.51 - - [03/Jul/2021:04:58:26 -0400] "GET /2021/01/07 HTTP/1.1" 301 5931 "-" "Mozilla/5.0 (Linux; Android 7.0;) AppleWebKit/537.36 (KHTML, like Gecko) Mobile Safari/537.36 (compatible; PetalBot;+https://webmaster.petalsearch.com/site/petalbot)"
114.119.149.51 - - [03/Jul/2021:04:58:27 -0400] "GET /2021/01/07/ HTTP/1.1" 200 12988 "-" "Mozilla/5.0 (Linux; Android 7.0;) AppleWebKit/537.36 (KHTML, like Gecko) Mobile Safari/537.36 (compatible; PetalBot;+https://webmaster.petalsearch.com/site/petalbot)"
114.119.149.51 - - [03/Jul/2021:04:58:28 -0400] "GET /wp-content/plugins/add-expires-headers/cache/0/com/processed-header-f16a8d323e83e1bc1b76514e283fb81b7090a959.min.css HTTP/1.1" 200 52762 "https://ajhydell.com/2021/01/07/" "Mozilla/5.0 (Linux; Android 7.0;) AppleWebKit/537.36 (KHTML, like Gecko) Mobile Safari/537.36 (compatible; PetalBot;+https://webmaster.petalsearch.com/site/petalbot)"
114.119.149.51 - - [03/Jul/2021:04:58:28 -0400] "GET /wp-content/plugins/google-analytics-for-wordpress/assets/js/frontend-gtag.min.js?ver=7.17.0 HTTP/1.1" 200 3437 "https://ajhydell.com/2021/01/07/" "Mozilla/5.0 (Linux; Android 7.0;) AppleWebKit/537.36 (KHTML, like Gecko) Mobile Safari/537.36 (compatible; PetalBot;+https://webmaster.petalsearch.com/site/petalbot)"
114.119.149.51 - - [03/Jul/2021:04:58:28 -0400] "GET /wp-includes/js/jquery/jquery-migrate.min.js?ver=3.3.2 HTTP/1.1" 200 4805 "https://ajhydell.com/2021/01/07/" "Mozilla/5.0 (Linux; Android 7.0;) AppleWebKit/537.36 (KHTML, like Gecko) Mobile Safari/537.36 (compatible; PetalBot;+https://webmaster.petalsearch.com/site/petalbot)"
114.119.149.51 - - [03/Jul/2021:04:58:28 -0400] "GET /wp-content/plugins/wp-smushit/app/assets/js/smush-lazy-load.min.js?ver=3.8.7 HTTP/1.1" 200 4320 "https://ajhydell.com/2021/01/07/" "Mozilla/5.0 (Linux; Android 7.0;) AppleWebKit/537.36 (KHTML, like Gecko) Mobile Safari/537.36 (compatible; PetalBot;+https://webmaster.petalsearch.com/site/petalbot)"
114.119.149.51 - - [03/Jul/2021:04:58:28 -0400] "GET /wp-includes/js/jquery/jquery.min.js?ver=3.5.1 HTTP/1.1" 200 31617 "https://ajhydell.com/2021/01/07/" "Mozilla/5.0 (Linux; Android 7.0;) AppleWebKit/537.36 (KHTML, like Gecko) Mobile Safari/537.36 (compatible; PetalBot;+https://webmaster.petalsearch.com/site/petalbot)"
54.36.148.117 - - [03/Jul/2021:04:58:27 -0400] "GET /2019/05/12/german-national-football-team-in-france-1938-fifa-world-cup-685x809/ HTTP/1.1" 200 18953 "-" "Mozilla/5.0 (compatible; AhrefsBot/7.0; +http://ahrefs.com/robot/)"
114.119.149.51 - - [03/Jul/2021:04:58:28 -0400] "GET /wp-content/themes/royal-magazine/js/navigation.js?ver=20151215 HTTP/1.1" 200 1481 "https://ajhydell.com/2021/01/07/" "Mozilla/5.0 (Linux; Android 7.0;) AppleWebKit/537.36 (KHTML, like Gecko) Mobile Safari/537.36 (compatible; PetalBot;+https://webmaster.petalsearch.com/site/petalbot)"
114.119.149.51 - - [03/Jul/2021:04:58:28 -0400] "GET /wp-content/themes/royal-magazine/js/skip-link-focus-fix.js?ver=20151215 HTTP/1.1" 200 923 "https://ajhydell.com/2021/01/07/" "Mozilla/5.0 (Linux; Android 7.0;) AppleWebKit/537.36 (KHTML, like Gecko) Mobile Safari/537.36 (compatible; PetalBot;+https://webmaster.petalsearch.com/site/petalbot)"
114.119.149.51 - - [03/Jul/2021:04:58:28 -0400] "GET /wp-content/themes/royal-magazine/assets/libraries/slick/js/slick.min.js?ver=5.7.2 HTTP/1.1" 200 10686 "https://ajhydell.com/2021/01/07/" "Mozilla/5.0 (Linux; Android 7.0;) AppleWebKit/537.36 (KHTML, like Gecko) Mobile Safari/537.36 (compatible; PetalBot;+https://webmaster.petalsearch.com/site/petalbot)"
114.119.149.51 - - [03/Jul/2021:04:58:28 -0400] "GET /wp-content/themes/royal-magazine/assets/libraries/bootstrap/js/bootstrap.min.js?ver=5.7.2 HTTP/1.1" 200 10346 "https://ajhydell.com/2021/01/07/" "Mozilla/5.0 (Linux; Android 7.0;) AppleWebKit/537.36 (KHTML, like Gecko) Mobile Safari/537.36 (compatible; PetalBot;+https://webmaster.petalsearch.com/site/petalbot)"
