42.112.30.70 - - [05/Jul/2021:01:57:07 -0400] "HEAD /.well-known.zip HTTP/1.1" 404 5704 "-" "Mozilla/5.0 (Windows NT 10.0; Win64; x64) AppleWebKit/537.36 (KHTML, like Gecko) Chrome/60.0.3112.113 Safari/537.36"
132.148.120.37 - - [05/Jul/2021:01:57:19 -0400] "HEAD /backup.zip HTTP/1.1" 404 6356 "-" "Mozilla/5.0 (Windows NT 10.0; Win64; x64) AppleWebKit/537.36 (KHTML, like Gecko) Chrome/60.0.3112.113 Safari/537.36"
103.57.222.224 - - [05/Jul/2021:01:57:21 -0400] "GET /wp-login.php HTTP/1.1" 200 8605 "-" "Mozilla/5.0 (X11; Ubuntu; Linux x86_64; rv:62.0) Gecko/20100101 Firefox/62.0"
103.57.222.224 - - [05/Jul/2021:01:57:23 -0400] "POST /wp-login.php HTTP/1.1" 200 8694 "-" "Mozilla/5.0 (X11; Ubuntu; Linux x86_64; rv:62.0) Gecko/20100101 Firefox/62.0"
103.57.222.224 - - [05/Jul/2021:01:57:24 -0400] "POST /xmlrpc.php HTTP/1.1" 200 5852 "-" "Mozilla/5.0 (X11; Ubuntu; Linux x86_64; rv:62.0) Gecko/20100101 Firefox/62.0"
50.62.176.49 - - [05/Jul/2021:01:57:27 -0400] "HEAD /cgi-bin.zip HTTP/1.1" 404 6356 "-" "Mozilla/5.0 (Windows NT 10.0; Win64; x64) AppleWebKit/537.36 (KHTML, like Gecko) Chrome/60.0.3112.113 Safari/537.36"
72.34.61.219 - - [05/Jul/2021:01:57:35 -0400] "HEAD /wp-admin.zip HTTP/1.1" 404 6356 "-" "Mozilla/5.0 (Windows NT 10.0; Win64; x64) AppleWebKit/537.36 (KHTML, like Gecko) Chrome/60.0.3112.113 Safari/537.36"
204.48.19.85 - - [05/Jul/2021:01:58:09 -0400] "POST /wp-cron.php?doing_wp_cron=1625464689.5156979560852050781250 HTTP/1.1" 200 6295 "https://ajhydell.com/wp-cron.php?doing_wp_cron=1625464689.5156979560852050781250" "WordPress/5.7.2; https://ajhydell.com"
107.180.120.62 - - [05/Jul/2021:01:58:09 -0400] "HEAD /ajhydell.com.zip HTTP/1.1" 404 5689 "-" "Mozilla/5.0 (Windows NT 10.0; Win64; x64) AppleWebKit/537.36 (KHTML, like Gecko) Chrome/60.0.3112.113 Safari/537.36"
54.36.148.117 - - [05/Jul/2021:01:58:38 -0400] "GET /2020/07/21/brooklyn-dodger-baseball-star-jackie-robinson-holding-his-young-son-jackie-jr-on-his-lap-as-he-sits-with-his-wife-rachel-on-front-steps-of-their-home-brooklyn-new-york-1949-photo-by-nina-leen-1/ HTTP/1.1" 200 19206 "-" "Mozilla/5.0 (compatible; AhrefsBot/7.0; +http://ahrefs.com/robot/)"
204.48.19.85 - - [05/Jul/2021:01:59:10 -0400] "POST /wp-cron.php?doing_wp_cron=1625464750.5805430412292480468750 HTTP/1.1" 200 6295 "https://ajhydell.com/wp-cron.php?doing_wp_cron=1625464750.5805430412292480468750" "WordPress/5.7.2; https://ajhydell.com"
23.100.232.233 - - [05/Jul/2021:01:59:10 -0400] "GET /2021/07/01/a-german-messenger-killed-on-his-sdkfz-2-kettenkrad-somewhere-on-the-eastern-front-date-unkown/ HTTP/1.1" 200 18133 "-" "Mozilla/5.0 (compatible; MSIE 9.0; Windows NT 6.0; Trident/5.0;  Trident/5.0)"
23.100.232.233 - - [05/Jul/2021:01:59:11 -0400] "GET /wp-content/plugins/add-expires-headers/cache/0/com/processed-header-f16a8d323e83e1bc1b76514e283fb81b7090a959.min.css HTTP/1.1" 200 52893 "https://ajhydell.com/2021/07/01/a-german-messenger-killed-on-his-sdkfz-2-kettenkrad-somewhere-on-the-eastern-front-date-unkown/" "Mozilla/5.0 (compatible; MSIE 9.0; Windows NT 6.0; Trident/5.0;  Trident/5.0)"
23.100.232.233 - - [05/Jul/2021:01:59:12 -0400] "GET /wp-includes/js/jquery/jquery.min.js?ver=3.5.1 HTTP/1.1" 200 31550 "https://ajhydell.com/2021/07/01/a-german-messenger-killed-on-his-sdkfz-2-kettenkrad-somewhere-on-the-eastern-front-date-unkown/" "Mozilla/5.0 (compatible; MSIE 9.0; Windows NT 6.0; Trident/5.0;  Trident/5.0)"
23.100.232.233 - - [05/Jul/2021:01:59:13 -0400] "GET /wp-content/plugins/google-analytics-for-wordpress/assets/js/frontend-gtag.min.js?ver=7.17.0 HTTP/1.1" 200 3476 "https://ajhydell.com/2021/07/01/a-german-messenger-killed-on-his-sdkfz-2-kettenkrad-somewhere-on-the-eastern-front-date-unkown/" "Mozilla/5.0 (compatible; MSIE 9.0; Windows NT 6.0; Trident/5.0;  Trident/5.0)"
23.100.232.233 - - [05/Jul/2021:01:59:13 -0400] "GET /wp-includes/js/jquery/jquery-migrate.min.js?ver=3.3.2 HTTP/1.1" 200 4687 "https://ajhydell.com/2021/07/01/a-german-messenger-killed-on-his-sdkfz-2-kettenkrad-somewhere-on-the-eastern-front-date-unkown/" "Mozilla/5.0 (compatible; MSIE 9.0; Windows NT 6.0; Trident/5.0;  Trident/5.0)"
23.100.232.233 - - [05/Jul/2021:01:59:14 -0400] "GET /wp-includes/js/wp-emoji-release.min.js?ver=5.7.2 HTTP/1.1" 200 5183 "https://ajhydell.com/2021/07/01/a-german-messenger-killed-on-his-sdkfz-2-kettenkrad-somewhere-on-the-eastern-front-date-unkown/" "Mozilla/5.0 (compatible; MSIE 9.0; Windows NT 6.0; Trident/5.0;  Trident/5.0)"
23.100.232.233 - - [05/Jul/2021:01:59:14 -0400] "GET /wp-content/themes/royal-magazine/js/skip-link-focus-fix.js?ver=20151215 HTTP/1.1" 200 933 "https://ajhydell.com/2021/07/01/a-german-messenger-killed-on-his-sdkfz-2-kettenkrad-somewhere-on-the-eastern-front-date-unkown/" "Mozilla/5.0 (compatible; MSIE 9.0; Windows NT 6.0; Trident/5.0;  Trident/5.0)"
23.100.232.233 - - [05/Jul/2021:01:59:14 -0400] "GET /wp-content/themes/royal-magazine/assets/libraries/slick/js/slick.min.js?ver=5.7.2 HTTP/1.1" 200 10740 "https://ajhydell.com/2021/07/01/a-german-messenger-killed-on-his-sdkfz-2-kettenkrad-somewhere-on-the-eastern-front-date-unkown/" "Mozilla/5.0 (compatible; MSIE 9.0; Windows NT 6.0; Trident/5.0;  Trident/5.0)"
23.100.232.233 - - [05/Jul/2021:01:59:14 -0400] "GET /wp-content/themes/royal-magazine/assets/libraries/bootstrap/js/bootstrap.min.js?ver=5.7.2 HTTP/1.1" 200 10404 "https://ajhydell.com/2021/07/01/a-german-messenger-killed-on-his-sdkfz-2-kettenkrad-somewhere-on-the-eastern-front-date-unkown/" "Mozilla/5.0 (compatible; MSIE 9.0; Windows NT 6.0; Trident/5.0;  Trident/5.0)"
23.100.232.233 - - [05/Jul/2021:01:59:14 -0400] "GET /wp-content/themes/royal-magazine/assets/libraries/magnific-popup/jquery.magnific-popup.min.js?ver=5.7.2 HTTP/1.1" 200 7871 "https://ajhydell.com/2021/07/01/a-german-messenger-killed-on-his-sdkfz-2-kettenkrad-somewhere-on-the-eastern-front-date-unkown/" "Mozilla/5.0 (compatible; MSIE 9.0; Windows NT 6.0; Trident/5.0;  Trident/5.0)"
23.100.232.233 - - [05/Jul/2021:01:59:14 -0400] "GET /wp-content/themes/royal-magazine/assets/libraries/theiaStickySidebar/theia-sticky-sidebar.min.js?ver=5.7.2 HTTP/1.1" 200 2271 "https://ajhydell.com/2021/07/01/a-german-messenger-killed-on-his-sdkfz-2-kettenkrad-somewhere-on-the-eastern-front-date-unkown/" "Mozilla/5.0 (compatible; MSIE 9.0; Windows NT 6.0; Trident/5.0;  Trident/5.0)"
23.100.232.233 - - [05/Jul/2021:01:59:14 -0400] "GET /wp-includes/js/wp-embed.min.js?ver=5.7.2 HTTP/1.1" 200 1221 "https://ajhydell.com/2021/07/01/a-german-messenger-killed-on-his-sdkfz-2-kettenkrad-somewhere-on-the-eastern-front-date-unkown/" "Mozilla/5.0 (compatible; MSIE 9.0; Windows NT 6.0; Trident/5.0;  Trident/5.0)"
23.100.232.233 - - [05/Jul/2021:01:59:14 -0400] "GET /wp-content/plugins/facebook-pagelike-widget/fb.js?ver=1.0 HTTP/1.1" 200 821 "https://ajhydell.com/2021/07/01/a-german-messenger-killed-on-his-sdkfz-2-kettenkrad-somewhere-on-the-eastern-front-date-unkown/" "Mozilla/5.0 (compatible; MSIE 9.0; Windows NT 6.0; Trident/5.0;  Trident/5.0)"
23.100.232.233 - - [05/Jul/2021:01:59:14 -0400] "GET /wp-content/themes/royal-magazine/js/navigation.js?ver=20151215 HTTP/1.1" 200 1349 "https://ajhydell.com/2021/07/01/a-german-messenger-killed-on-his-sdkfz-2-kettenkrad-somewhere-on-the-eastern-front-date-unkown/" "Mozilla/5.0 (compatible; MSIE 9.0; Windows NT 6.0; Trident/5.0;  Trident/5.0)"
23.100.232.233 - - [05/Jul/2021:01:59:14 -0400] "GET /wp-content/themes/royal-magazine/assets/libraries/marquee/jquery.marquee.js?ver=5.7.2 HTTP/1.1" 200 5103 "https://ajhydell.com/2021/07/01/a-german-messenger-killed-on-his-sdkfz-2-kettenkrad-somewhere-on-the-eastern-front-date-unkown/" "Mozilla/5.0 (compatible; MSIE 9.0; Windows NT 6.0; Trident/5.0;  Trident/5.0)"
23.100.232.233 - - [05/Jul/2021:01:59:15 -0400] "GET /wp-content/plugins/wp-smushit/app/assets/js/smush-lazy-load.min.js?ver=3.8.7 HTTP/1.1" 200 4207 "https://ajhydell.com/2021/07/01/a-german-messenger-killed-on-his-sdkfz-2-kettenkrad-somewhere-on-the-eastern-front-date-unkown/" "Mozilla/5.0 (compatible; MSIE 9.0; Windows NT 6.0; Trident/5.0;  Trident/5.0)"
23.100.232.233 - - [05/Jul/2021:01:59:15 -0400] "GET /wp-content/themes/royal-magazine/assets/twp/js/custom-script.js?ver=5.7.2 HTTP/1.1" 200 3023 "https://ajhydell.com/2021/07/01/a-german-messenger-killed-on-his-sdkfz-2-kettenkrad-somewhere-on-the-eastern-front-date-unkown/" "Mozilla/5.0 (compatible; MSIE 9.0; Windows NT 6.0; Trident/5.0;  Trident/5.0)"
185.191.171.15 - - [05/Jul/2021:01:59:41 -0400] "GET /2021/06/14/berlin-by-night-tourist-poster-for-germany-artist-jupp-wiertz-1930s/ HTTP/1.1" 200 18771 "-" "Mozilla/5.0 (compatible; SemrushBot/7~bl; +http://www.semrush.com/bot.html)"
204.48.19.85 - - [05/Jul/2021:02:00:09 -0400] "POST /wp-cron.php?doing_wp_cron=1625464809.7034280300140380859375 HTTP/1.1" 200 6295 "https://ajhydell.com/wp-cron.php?doing_wp_cron=1625464809.7034280300140380859375" "WordPress/5.7.2; https://ajhydell.com"
195.201.58.104 - - [05/Jul/2021:02:00:09 -0400] "GET /feed/ HTTP/1.1" 200 8001 "-" "AwarioRssBot/1.0 (+https://awario.com/bots.html; bots@awario.com)"
157.55.39.22 - - [05/Jul/2021:02:00:13 -0400] "GET /wp-content/uploads/2019/04/picture-43.jpg HTTP/1.1" 200 177916 "-" "Mozilla/5.0 (compatible; bingbot/2.0; +http://www.bing.com/bingbot.htm)"
204.48.19.85 - - [05/Jul/2021:02:01:27 -0400] "POST /wp-cron.php?doing_wp_cron=1625464887.7883210182189941406250 HTTP/1.1" 200 6295 "https://ajhydell.com/wp-cron.php?doing_wp_cron=1625464887.7883210182189941406250" "WordPress/5.7.2; https://ajhydell.com"
66.249.70.114 - - [05/Jul/2021:02:01:27 -0400] "GET /post-sitemap16.xml HTTP/1.1" 200 16623 "-" "Mozilla/5.0 (compatible; Googlebot/2.1; +http://www.google.com/bot.html)"
204.48.19.85 - - [05/Jul/2021:02:01:53 -0400] "POST /wp-cron.php?doing_wp_cron=1625464913.8351469039916992187500 HTTP/1.1" 200 6295 "https://ajhydell.com/wp-cron.php?doing_wp_cron=1625464913.8351469039916992187500" "WordPress/5.7.2; https://ajhydell.com"
54.36.148.117 - - [05/Jul/2021:02:01:53 -0400] "GET /2020/08/13/modern-furniture-craftsmen-1954/ HTTP/1.1" 200 18770 "-" "Mozilla/5.0 (compatible; AhrefsBot/7.0; +http://ahrefs.com/robot/)"
204.48.19.85 - - [05/Jul/2021:02:03:36 -0400] "POST /wp-cron.php?doing_wp_cron=1625465016.8167560100555419921875 HTTP/1.1" 200 6295 "https://ajhydell.com/wp-cron.php?doing_wp_cron=1625465016.8167560100555419921875" "WordPress/5.7.2; https://ajhydell.com"
157.55.39.136 - - [05/Jul/2021:02:03:36 -0400] "GET /2021/05/09/anti-nazi-demonstration-in-berlin-1932-520x402/ HTTP/1.1" 200 18425 "-" "Mozilla/5.0 (compatible; bingbot/2.0; +http://www.bing.com/bingbot.htm)"
204.48.19.85 - - [05/Jul/2021:02:04:16 -0400] "POST /wp-cron.php?doing_wp_cron=1625465056.4015789031982421875000 HTTP/1.1" 200 6295 "https://ajhydell.com/wp-cron.php?doing_wp_cron=1625465056.4015789031982421875000" "WordPress/5.7.2; https://ajhydell.com"
131.220.6.152 - - [05/Jul/2021:02:04:16 -0400] "GET / HTTP/1.1" 200 20652 "-" "Mozilla/5.0 (X11; Linux x86_64) AppleWebKit/537.36 (KHTML, like Gecko) Chrome/79.0.3945.79 Safari/537.36"
204.48.19.85 - - [05/Jul/2021:02:05:49 -0400] "POST /wp-cron.php?doing_wp_cron=1625465149.1900169849395751953125 HTTP/1.1" 200 6295 "https://ajhydell.com/wp-cron.php?doing_wp_cron=1625465149.1900169849395751953125" "WordPress/5.7.2; https://ajhydell.com"
54.36.148.117 - - [05/Jul/2021:02:05:49 -0400] "GET /2021/01/09/ HTTP/1.1" 200 18877 "-" "Mozilla/5.0 (compatible; AhrefsBot/7.0; +http://ahrefs.com/robot/)"
66.249.70.110 - - [05/Jul/2021:02:06:38 -0400] "GET /feed/ HTTP/1.1" 200 8607 "-" "Mozilla/5.0 (compatible; Googlebot/2.1; +http://www.google.com/bot.html)"
157.55.39.22 - - [05/Jul/2021:02:07:13 -0400] "GET /wp-content/uploads/2020/09/picture-101.jpg HTTP/1.1" 200 73391 "-" "Mozilla/5.0 (compatible; bingbot/2.0; +http://www.bing.com/bingbot.htm)"
5.255.253.148 - - [05/Jul/2021:02:07:37 -0400] "GET /wp-content/uploads/2020/09/picture-117.jpg HTTP/1.1" 200 2971421 "-" "Mozilla/5.0 (compatible; YandexImages/3.0; +http://yandex.com/bots)"
204.48.19.85 - - [05/Jul/2021:02:08:46 -0400] "POST /wp-cron.php?doing_wp_cron=1625465326.4053759574890136718750 HTTP/1.1" 200 6295 "https://ajhydell.com/wp-cron.php?doing_wp_cron=1625465326.4053759574890136718750" "WordPress/5.7.2; https://ajhydell.com"
54.36.148.117 - - [05/Jul/2021:02:08:46 -0400] "GET /2019/02/24/chinese-propaganda-leaflet-dropped-onto-us-troops-during-the-korean-war/ HTTP/1.1" 200 18949 "-" "Mozilla/5.0 (compatible; AhrefsBot/7.0; +http://ahrefs.com/robot/)"
104.254.95.220 - - [05/Jul/2021:02:09:13 -0400] "GET /robots.txt HTTP/1.1" 200 5796 "-" "Scrapy/1.5.1 (+https://scrapy.org)"
104.254.95.220 - - [05/Jul/2021:02:09:13 -0400] "GET /robots.txt HTTP/1.1" 200 5796 "-" "Scrapy/1.5.1 (+https://scrapy.org)"
104.254.95.220 - - [05/Jul/2021:02:09:13 -0400] "GET /robots.txt HTTP/1.1" 200 5796 "-" "Scrapy/1.5.1 (+https://scrapy.org)"
104.254.95.220 - - [05/Jul/2021:02:09:13 -0400] "GET /robots.txt HTTP/1.1" 200 5796 "-" "Scrapy/1.5.2 (+https://scrapy.org)"
104.254.95.220 - - [05/Jul/2021:02:09:13 -0400] "GET /2020/11/23/american-soldiers-capture-a-local-man-during-the-us-invasion-of-the-island-of-grenada-october-1983-2048x1404 HTTP/1.1" 301 473 "-" "Scrapy/1.5.1 (+https://scrapy.org)"
104.254.95.220 - - [05/Jul/2021:02:09:13 -0400] "GET /2020/11/23/american-soldiers-capture-a-local-man-during-the-us-invasion-of-the-island-of-grenada-october-1983-2048x1404 HTTP/1.1" 301 473 "-" "Scrapy/1.5.1 (+https://scrapy.org)"
104.254.95.220 - - [05/Jul/2021:02:09:13 -0400] "GET /robots.txt HTTP/1.1" 200 5796 "-" "Scrapy/1.5.1 (+https://scrapy.org)"
104.254.95.220 - - [05/Jul/2021:02:09:13 -0400] "GET /2020/11/23/american-soldiers-capture-a-local-man-during-the-us-invasion-of-the-island-of-grenada-october-1983-2048x1404 HTTP/1.1" 301 473 "-" "Scrapy/1.5.1 (+https://scrapy.org)"
104.254.95.220 - - [05/Jul/2021:02:09:13 -0400] "GET /2020/11/23/american-soldiers-capture-a-local-man-during-the-us-invasion-of-the-island-of-grenada-october-1983-2048x1404 HTTP/1.1" 301 473 "-" "Scrapy/1.5.2 (+https://scrapy.org)"
104.254.95.220 - - [05/Jul/2021:02:09:13 -0400] "GET /2020/11/23/american-soldiers-capture-a-local-man-during-the-us-invasion-of-the-island-of-grenada-october-1983-2048x1404/ HTTP/1.1" 200 13139 "-" "Scrapy/1.5.1 (+https://scrapy.org)"
104.254.95.220 - - [05/Jul/2021:02:09:13 -0400] "GET /robots.txt HTTP/1.1" 200 5796 "-" "Scrapy/1.5.1 (+https://scrapy.org)"
104.254.95.220 - - [05/Jul/2021:02:09:14 -0400] "GET /2020/11/23/american-soldiers-capture-a-local-man-during-the-us-invasion-of-the-island-of-grenada-october-1983-2048x1404 HTTP/1.1" 301 473 "-" "Scrapy/1.5.1 (+https://scrapy.org)"
104.254.95.220 - - [05/Jul/2021:02:09:14 -0400] "GET /robots.txt HTTP/1.1" 200 5796 "-" "Scrapy/1.5.2 (+https://scrapy.org)"
104.254.95.220 - - [05/Jul/2021:02:09:14 -0400] "GET /2020/11/23/american-soldiers-capture-a-local-man-during-the-us-invasion-of-the-island-of-grenada-october-1983-2048x1404/ HTTP/1.1" 200 13141 "-" "Scrapy/1.5.1 (+https://scrapy.org)"
104.254.95.220 - - [05/Jul/2021:02:09:14 -0400] "GET /2020/11/23/american-soldiers-capture-a-local-man-during-the-us-invasion-of-the-island-of-grenada-october-1983-2048x1404 HTTP/1.1" 301 473 "-" "Scrapy/1.5.1 (+https://scrapy.org)"
104.254.95.220 - - [05/Jul/2021:02:09:14 -0400] "GET /2020/11/23/american-soldiers-capture-a-local-man-during-the-us-invasion-of-the-island-of-grenada-october-1983-2048x1404/ HTTP/1.1" 200 13139 "-" "Scrapy/1.5.2 (+https://scrapy.org)"
104.254.95.220 - - [05/Jul/2021:02:09:14 -0400] "GET /2020/11/23/american-soldiers-capture-a-local-man-during-the-us-invasion-of-the-island-of-grenada-october-1983-2048x1404 HTTP/1.1" 301 473 "-" "Scrapy/1.5.2 (+https://scrapy.org)"
104.254.95.220 - - [05/Jul/2021:02:09:14 -0400] "GET /robots.txt HTTP/1.1" 200 5796 "-" "Scrapy/1.5.2 (+https://scrapy.org)"
104.254.95.220 - - [05/Jul/2021:02:09:14 -0400] "GET /2020/11/23/american-soldiers-capture-a-local-man-during-the-us-invasion-of-the-island-of-grenada-october-1983-2048x1404/ HTTP/1.1" 200 13140 "-" "Scrapy/1.5.1 (+https://scrapy.org)"
104.254.95.220 - - [05/Jul/2021:02:09:14 -0400] "GET /2020/11/23/american-soldiers-capture-a-local-man-during-the-us-invasion-of-the-island-of-grenada-october-1983-2048x1404/ HTTP/1.1" 200 13141 "-" "Scrapy/1.5.1 (+https://scrapy.org)"
104.254.95.220 - - [05/Jul/2021:02:09:14 -0400] "GET /robots.txt HTTP/1.1" 200 5796 "-" "Scrapy/1.5.1 (+https://scrapy.org)"
104.254.95.220 - - [05/Jul/2021:02:09:14 -0400] "GET /2020/11/23/american-soldiers-capture-a-local-man-during-the-us-invasion-of-the-island-of-grenada-october-1983-2048x1404 HTTP/1.1" 301 473 "-" "Scrapy/1.5.2 (+https://scrapy.org)"
104.254.95.220 - - [05/Jul/2021:02:09:14 -0400] "GET /2020/11/23/american-soldiers-capture-a-local-man-during-the-us-invasion-of-the-island-of-grenada-october-1983-2048x1404 HTTP/1.1" 301 473 "-" "Scrapy/1.5.1 (+https://scrapy.org)"
104.254.95.220 - - [05/Jul/2021:02:09:14 -0400] "GET /2020/11/23/american-soldiers-capture-a-local-man-during-the-us-invasion-of-the-island-of-grenada-october-1983-2048x1404/ HTTP/1.1" 200 13141 "-" "Scrapy/1.5.2 (+https://scrapy.org)"
104.254.95.220 - - [05/Jul/2021:02:09:14 -0400] "GET /robots.txt HTTP/1.1" 200 5796 "-" "Scrapy/1.5.1 (+https://scrapy.org)"
104.254.95.220 - - [05/Jul/2021:02:09:14 -0400] "GET /2020/11/23/american-soldiers-capture-a-local-man-during-the-us-invasion-of-the-island-of-grenada-october-1983-2048x1404/ HTTP/1.1" 200 13142 "-" "Scrapy/1.5.1 (+https://scrapy.org)"
104.254.95.220 - - [05/Jul/2021:02:09:14 -0400] "GET /robots.txt HTTP/1.1" 200 5796 "-" "Scrapy/1.5.1 (+https://scrapy.org)"
104.254.95.220 - - [05/Jul/2021:02:09:14 -0400] "GET /2020/11/23/american-soldiers-capture-a-local-man-during-the-us-invasion-of-the-island-of-grenada-october-1983-2048x1404 HTTP/1.1" 301 473 "-" "Scrapy/1.5.1 (+https://scrapy.org)"
104.254.95.220 - - [05/Jul/2021:02:09:14 -0400] "GET /2020/11/23/american-soldiers-capture-a-local-man-during-the-us-invasion-of-the-island-of-grenada-october-1983-2048x1404/ HTTP/1.1" 200 13140 "-" "Scrapy/1.5.2 (+https://scrapy.org)"
104.254.95.220 - - [05/Jul/2021:02:09:15 -0400] "GET /2020/11/23/american-soldiers-capture-a-local-man-during-the-us-invasion-of-the-island-of-grenada-october-1983-2048x1404/ HTTP/1.1" 200 13141 "-" "Scrapy/1.5.1 (+https://scrapy.org)"
104.254.95.220 - - [05/Jul/2021:02:09:15 -0400] "GET /2020/11/23/american-soldiers-capture-a-local-man-during-the-us-invasion-of-the-island-of-grenada-october-1983-2048x1404 HTTP/1.1" 301 473 "-" "Scrapy/1.5.1 (+https://scrapy.org)"
104.254.95.220 - - [05/Jul/2021:02:09:15 -0400] "GET /2020/11/23/american-soldiers-capture-a-local-man-during-the-us-invasion-of-the-island-of-grenada-october-1983-2048x1404/ HTTP/1.1" 200 13139 "-" "Scrapy/1.5.1 (+https://scrapy.org)"
104.254.95.220 - - [05/Jul/2021:02:09:15 -0400] "GET /2020/11/23/american-soldiers-capture-a-local-man-during-the-us-invasion-of-the-island-of-grenada-october-1983-2048x1404/ HTTP/1.1" 200 13142 "-" "Scrapy/1.5.1 (+https://scrapy.org)"
104.254.95.220 - - [05/Jul/2021:02:09:15 -0400] "GET /robots.txt HTTP/1.1" 200 5796 "-" "Scrapy/1.5.1 (+https://scrapy.org)"
104.254.95.220 - - [05/Jul/2021:02:09:15 -0400] "GET /robots.txt HTTP/1.1" 200 5796 "-" "Scrapy/1.5.1 (+https://scrapy.org)"
104.254.95.220 - - [05/Jul/2021:02:09:15 -0400] "GET /robots.txt HTTP/1.1" 200 5796 "-" "Scrapy/1.5.1 (+https://scrapy.org)"
104.254.95.220 - - [05/Jul/2021:02:09:16 -0400] "GET /2020/11/23/american-soldiers-capture-a-local-man-during-the-us-invasion-of-the-island-of-grenada-october-1983-2048x1404 HTTP/1.1" 301 473 "-" "Scrapy/1.5.1 (+https://scrapy.org)"
104.254.95.220 - - [05/Jul/2021:02:09:16 -0400] "GET /2020/11/23/american-soldiers-capture-a-local-man-during-the-us-invasion-of-the-island-of-grenada-october-1983-2048x1404 HTTP/1.1" 301 473 "-" "Scrapy/1.5.1 (+https://scrapy.org)"
104.254.95.220 - - [05/Jul/2021:02:09:16 -0400] "GET /robots.txt HTTP/1.1" 200 5796 "-" "Scrapy/1.5.2 (+https://scrapy.org)"
104.254.95.220 - - [05/Jul/2021:02:09:16 -0400] "GET /2020/11/23/american-soldiers-capture-a-local-man-during-the-us-invasion-of-the-island-of-grenada-october-1983-2048x1404 HTTP/1.1" 301 473 "-" "Scrapy/1.5.2 (+https://scrapy.org)"
104.254.95.220 - - [05/Jul/2021:02:09:16 -0400] "GET /2020/11/23/american-soldiers-capture-a-local-man-during-the-us-invasion-of-the-island-of-grenada-october-1983-2048x1404 HTTP/1.1" 301 473 "-" "Scrapy/1.5.1 (+https://scrapy.org)"
104.254.95.220 - - [05/Jul/2021:02:09:16 -0400] "GET /2020/11/23/american-soldiers-capture-a-local-man-during-the-us-invasion-of-the-island-of-grenada-october-1983-2048x1404/ HTTP/1.1" 200 13140 "-" "Scrapy/1.5.1 (+https://scrapy.org)"
104.254.95.220 - - [05/Jul/2021:02:09:16 -0400] "GET /2020/11/23/american-soldiers-capture-a-local-man-during-the-us-invasion-of-the-island-of-grenada-october-1983-2048x1404/ HTTP/1.1" 200 13142 "-" "Scrapy/1.5.1 (+https://scrapy.org)"
104.254.95.220 - - [05/Jul/2021:02:09:16 -0400] "GET /robots.txt HTTP/1.1" 200 5796 "-" "Scrapy/1.5.1 (+https://scrapy.org)"
104.254.95.220 - - [05/Jul/2021:02:09:16 -0400] "GET /2020/11/23/american-soldiers-capture-a-local-man-during-the-us-invasion-of-the-island-of-grenada-october-1983-2048x1404/ HTTP/1.1" 200 13140 "-" "Scrapy/1.5.2 (+https://scrapy.org)"
104.254.95.220 - - [05/Jul/2021:02:09:16 -0400] "GET /2020/11/23/american-soldiers-capture-a-local-man-during-the-us-invasion-of-the-island-of-grenada-october-1983-2048x1404/ HTTP/1.1" 200 13142 "-" "Scrapy/1.5.1 (+https://scrapy.org)"
104.254.95.220 - - [05/Jul/2021:02:09:17 -0400] "GET /2020/11/23/american-soldiers-capture-a-local-man-during-the-us-invasion-of-the-island-of-grenada-october-1983-2048x1404 HTTP/1.1" 301 473 "-" "Scrapy/1.5.1 (+https://scrapy.org)"
104.254.95.220 - - [05/Jul/2021:02:09:17 -0400] "GET /2020/11/23/american-soldiers-capture-a-local-man-during-the-us-invasion-of-the-island-of-grenada-october-1983-2048x1404/ HTTP/1.1" 200 13139 "-" "Scrapy/1.5.1 (+https://scrapy.org)"
104.254.95.220 - - [05/Jul/2021:02:09:22 -0400] "GET /robots.txt HTTP/1.1" 200 5796 "-" "Scrapy/1.5.1 (+https://scrapy.org)"
104.254.95.220 - - [05/Jul/2021:02:09:22 -0400] "GET /2020/11/23/american-soldiers-capture-a-local-man-during-the-us-invasion-of-the-island-of-grenada-october-1983-2048x1404 HTTP/1.1" 301 473 "-" "Scrapy/1.5.1 (+https://scrapy.org)"
104.254.95.220 - - [05/Jul/2021:02:09:25 -0400] "GET /robots.txt HTTP/1.1" 200 5796 "-" "Mozilla/5.0 (Macintosh; Intel Mac OS X 10_14_6) AppleWebKit/537.36 (KHTML, like Gecko) Chrome/79.0.3945.79 Safari/537.36"
104.254.95.220 - - [05/Jul/2021:02:09:25 -0400] "GET /2020/11/23/american-soldiers-capture-a-local-man-during-the-us-invasion-of-the-island-of-grenada-october-1983-2048x1404 HTTP/1.1" 301 473 "-" "Mozilla/5.0 (Macintosh; Intel Mac OS X 10_14_6) AppleWebKit/537.36 (KHTML, like Gecko) Chrome/79.0.3945.79 Safari/537.36"
104.254.95.220 - - [05/Jul/2021:02:09:26 -0400] "GET /2020/11/23/american-soldiers-capture-a-local-man-during-the-us-invasion-of-the-island-of-grenada-october-1983-2048x1404/ HTTP/1.1" 200 13142 "-" "Scrapy/1.5.1 (+https://scrapy.org)"
104.254.95.220 - - [05/Jul/2021:02:09:28 -0400] "GET /2020/11/23/american-soldiers-capture-a-local-man-during-the-us-invasion-of-the-island-of-grenada-october-1983-2048x1404/ HTTP/1.1" 200 13140 "-" "Mozilla/5.0 (Macintosh; Intel Mac OS X 10_14_6) AppleWebKit/537.36 (KHTML, like Gecko) Chrome/79.0.3945.79 Safari/537.36"
78.46.61.245 - - [05/Jul/2021:02:09:42 -0400] "GET /robots.txt HTTP/1.1" 200 6065 "-" "Mozilla/5.0 (compatible; MJ12bot/v1.4.8; http://mj12bot.com/)"
204.48.19.85 - - [05/Jul/2021:02:09:47 -0400] "POST /wp-cron.php?doing_wp_cron=1625465387.2832651138305664062500 HTTP/1.1" 200 6295 "https://ajhydell.com/wp-cron.php?doing_wp_cron=1625465387.2832651138305664062500" "WordPress/5.7.2; https://ajhydell.com"
78.46.61.245 - - [05/Jul/2021:02:09:47 -0400] "GET /author/aj/page/45/ HTTP/1.1" 200 14114 "-" "Mozilla/5.0 (compatible; MJ12bot/v1.4.8; http://mj12bot.com/)"
78.46.61.245 - - [05/Jul/2021:02:09:51 -0400] "GET /category/uncategorized/page/25/ HTTP/1.1" 200 14312 "-" "Mozilla/5.0 (compatible; MJ12bot/v1.4.8; http://mj12bot.com/)"
157.55.39.22 - - [05/Jul/2021:02:09:51 -0400] "GET /2021/04/18/time-magazine-explains-how-to-distinguish-japanese-from-chinese-soldiers-1941/ HTTP/1.1" 200 18625 "-" "Mozilla/5.0 (compatible; bingbot/2.0; +http://www.bing.com/bingbot.htm)"
78.46.61.245 - - [05/Jul/2021:02:09:55 -0400] "GET /page/28/ HTTP/1.1" 200 14642 "-" "Mozilla/5.0 (compatible; MJ12bot/v1.4.8; http://mj12bot.com/)"
157.55.39.57 - - [05/Jul/2021:02:10:01 -0400] "GET /2021/01/26/frazier-vs-ali-1971/ HTTP/1.1" 200 18245 "-" "Mozilla/5.0 (compatible; bingbot/2.0; +http://www.bing.com/bingbot.htm)"
204.48.19.85 - - [05/Jul/2021:02:11:13 -0400] "POST /wp-cron.php?doing_wp_cron=1625465473.8121199607849121093750 HTTP/1.1" 200 6295 "https://ajhydell.com/wp-cron.php?doing_wp_cron=1625465473.8121199607849121093750" "WordPress/5.7.2; https://ajhydell.com"
54.36.148.117 - - [05/Jul/2021:02:11:13 -0400] "GET /2020/08/03/ HTTP/1.1" 200 18763 "-" "Mozilla/5.0 (compatible; AhrefsBot/7.0; +http://ahrefs.com/robot/)"
66.249.70.114 - - [05/Jul/2021:02:11:33 -0400] "GET /robots.txt HTTP/1.1" 200 6517 "-" "Mozilla/5.0 (compatible; Googlebot/2.1; +http://www.google.com/bot.html)"
66.249.70.114 - - [05/Jul/2021:02:11:33 -0400] "GET /2020/04/20/two-autistic-kids-tied-to-the-radiator-of-an-asylum-spain-1982-1242-x-1430/ HTTP/1.1" 200 18981 "-" "Mozilla/5.0 (compatible; Googlebot/2.1; +http://www.google.com/bot.html)"
66.249.70.112 - - [05/Jul/2021:02:11:39 -0400] "GET /2020/04/20/highlanders-and-dogras-in-a-trench-1915-fauquissart-france/ HTTP/1.1" 200 19025 "-" "Mozilla/5.0 (compatible; Googlebot/2.1; +http://www.google.com/bot.html)"
204.48.19.85 - - [05/Jul/2021:02:12:10 -0400] "POST /wp-cron.php?doing_wp_cron=1625465530.3903179168701171875000 HTTP/1.1" 200 6295 "https://ajhydell.com/wp-cron.php?doing_wp_cron=1625465530.3903179168701171875000" "WordPress/5.7.2; https://ajhydell.com"
66.249.70.114 - - [05/Jul/2021:02:12:10 -0400] "GET /2020/04/20/highlanders-and-dogras-in-a-trench-1915-fauquissart-france/feed/ HTTP/1.1" 200 7177 "-" "Mozilla/5.0 (Linux; Android 6.0.1; Nexus 5X Build/MMB29P) AppleWebKit/537.36 (KHTML, like Gecko) Chrome/91.0.4472.90 Mobile Safari/537.36 (compatible; Googlebot/2.1; +http://www.google.com/bot.html)"
112.133.245.178 - - [05/Jul/2021:02:12:14 -0400] "POST /xmlrpc.php HTTP/1.1" 503 24273 "-" "Mozilla/5.0 (X11; Linux i686; rv:2.0.1) Gecko/20100101 Firefox/4.0.1"
112.133.245.178 - - [05/Jul/2021:02:12:18 -0400] "POST /wp-login.php HTTP/1.1" 503 24039 "-" "Mozilla/5.0 (X11; Linux i686; rv:2.0.1) Gecko/20100101 Firefox/4.0.1"
204.48.19.85 - - [05/Jul/2021:02:13:15 -0400] "POST /?wordfence_syncAttackData=1625465595.4942 HTTP/1.1" 200 6300 "https://ajhydell.com/?wordfence_syncAttackData=1625465595.4942" "WordPress/5.7.2; https://ajhydell.com"
204.48.19.85 - - [05/Jul/2021:02:13:15 -0400] "POST /wp-cron.php?doing_wp_cron=1625465595.5731689929962158203125 HTTP/1.1" 200 6295 "https://ajhydell.com/wp-cron.php?doing_wp_cron=1625465595.5731689929962158203125" "WordPress/5.7.2; https://ajhydell.com"
66.249.70.114 - - [05/Jul/2021:02:13:15 -0400] "GET /2020/04/20/ HTTP/1.1" 200 18495 "-" "Mozilla/5.0 (compatible; Googlebot/2.1; +http://www.google.com/bot.html)"
66.249.70.112 - - [05/Jul/2021:02:13:23 -0400] "GET /feed/ HTTP/1.1" 200 8607 "-" "Mozilla/5.0 (compatible; Googlebot/2.1; +http://www.google.com/bot.html)"
3.91.90.46 - - [05/Jul/2021:02:13:27 -0400] "GET /wp-login.php HTTP/1.1" 200 8605 "-" "Mozilla/5.0 (X11; Ubuntu; Linux x86_64; rv:62.0) Gecko/20100101 Firefox/62.0"
3.91.90.46 - - [05/Jul/2021:02:13:27 -0400] "POST /wp-login.php HTTP/1.1" 200 8695 "-" "Mozilla/5.0 (X11; Ubuntu; Linux x86_64; rv:62.0) Gecko/20100101 Firefox/62.0"
3.91.90.46 - - [05/Jul/2021:02:13:27 -0400] "POST /xmlrpc.php HTTP/1.1" 200 5852 "-" "Mozilla/5.0 (X11; Ubuntu; Linux x86_64; rv:62.0) Gecko/20100101 Firefox/62.0"
73.22.223.138 - - [05/Jul/2021:02:13:36 -0400] "GET /wp-content/uploads/2020/05/picture-12.jpg HTTP/1.1" 200 118674 "https://www.bing.com/" "Mozilla/5.0 (Windows NT 10.0; Win64; x64) AppleWebKit/537.36 (KHTML, like Gecko) Chrome/91.0.4472.124 Safari/537.36 Edg/91.0.864.64"
54.36.148.117 - - [05/Jul/2021:02:13:58 -0400] "GET /2020/09/06/german-grenadiere-and-pz-kpfw-v-advance-during-the-battle-of-bautzen-the-last-german-victory-in-wwii-saxony-april-1945/ HTTP/1.1" 200 19049 "-" "Mozilla/5.0 (compatible; AhrefsBot/7.0; +http://ahrefs.com/robot/)"
204.48.19.85 - - [05/Jul/2021:02:13:58 -0400] "POST /wp-cron.php?doing_wp_cron=1625465638.4822061061859130859375 HTTP/1.1" 200 6295 "https://ajhydell.com/wp-cron.php?doing_wp_cron=1625465638.4822061061859130859375" "WordPress/5.7.2; https://ajhydell.com"
204.48.19.85 - - [05/Jul/2021:02:14:18 -0400] "POST /wp-cron.php?doing_wp_cron=1625465658.3381960391998291015625 HTTP/1.1" 200 6295 "https://ajhydell.com/wp-cron.php?doing_wp_cron=1625465658.3381960391998291015625" "WordPress/5.7.2; https://ajhydell.com"
66.249.70.112 - - [05/Jul/2021:02:14:18 -0400] "GET /2019/06/27/1906-san-francisco-after-the-earthquake-7000x2748/ HTTP/1.1" 200 19120 "-" "Mozilla/5.0 (compatible; Googlebot/2.1; +http://www.google.com/bot.html)"
207.46.13.80 - - [05/Jul/2021:02:15:00 -0400] "GET /wp-content/uploads/2020/06/picture-36-1009x1536.jpg HTTP/1.1" 200 2948096 "-" "Mozilla/5.0 (compatible; bingbot/2.0; +http://www.bing.com/bingbot.htm)"
204.48.19.85 - - [05/Jul/2021:02:15:04 -0400] "GET / HTTP/1.1" 200 20217 "https://ajhydell.com/" "WordPress/5.7.2; https://ajhydell.com"
204.48.19.85 - - [05/Jul/2021:02:15:04 -0400] "POST /wp-cron.php?doing_wp_cron=1625465704.0902879238128662109375 HTTP/1.1" 200 6295 "https://ajhydell.com/wp-cron.php?doing_wp_cron=1625465704.0902879238128662109375" "WordPress/5.7.2; https://ajhydell.com"
185.191.171.17 - - [05/Jul/2021:02:15:04 -0400] "GET /2018/08/25/german-soldier-cleans-his-rifle-in-the-break-between-battles-at-stalingrad-autumn-1942/ HTTP/1.1" 200 18815 "-" "Mozilla/5.0 (compatible; SemrushBot/7~bl; +http://www.semrush.com/bot.html)"
204.48.19.85 - - [05/Jul/2021:02:15:53 -0400] "POST /wp-cron.php?doing_wp_cron=1625465753.7520771026611328125000 HTTP/1.1" 200 6295 "https://ajhydell.com/wp-cron.php?doing_wp_cron=1625465753.7520771026611328125000" "WordPress/5.7.2; https://ajhydell.com"
66.249.70.112 - - [05/Jul/2021:02:15:53 -0400] "GET /2020/04/20/two-autistic-kids-tied-to-the-radiator-of-an-asylum-spain-1982-1242-x-1430/feed/ HTTP/1.1" 200 7206 "-" "Mozilla/5.0 (compatible; Googlebot/2.1; +http://www.google.com/bot.html)"
204.48.19.85 - - [05/Jul/2021:02:16:42 -0400] "POST /wp-cron.php?doing_wp_cron=1625465802.6915109157562255859375 HTTP/1.1" 200 6295 "https://ajhydell.com/wp-cron.php?doing_wp_cron=1625465802.6915109157562255859375" "WordPress/5.7.2; https://ajhydell.com"
54.36.148.117 - - [05/Jul/2021:02:16:42 -0400] "GET /2020/08/13/soldiers-of-the-369th-croatian-reinforced-infantry-regiment-1942/ HTTP/1.1" 200 18844 "-" "Mozilla/5.0 (compatible; AhrefsBot/7.0; +http://ahrefs.com/robot/)"
112.133.245.178 - - [05/Jul/2021:02:17:43 -0400] "POST /xmlrpc.php HTTP/1.1" 503 24039 "-" "Mozilla/5.0 (X11; Linux i686; rv:2.0.1) Gecko/20100101 Firefox/4.0.1"
112.133.245.178 - - [05/Jul/2021:02:17:45 -0400] "POST /wp-login.php HTTP/1.1" 503 24039 "-" "Mozilla/5.0 (X11; Linux i686; rv:2.0.1) Gecko/20100101 Firefox/4.0.1"
204.48.19.85 - - [05/Jul/2021:02:18:47 -0400] "POST /?wordfence_syncAttackData=1625465927.5487 HTTP/1.1" 200 6300 "https://ajhydell.com/?wordfence_syncAttackData=1625465927.5487" "WordPress/5.7.2; https://ajhydell.com"
204.48.19.85 - - [05/Jul/2021:02:18:47 -0400] "POST /wp-cron.php?doing_wp_cron=1625465927.6206378936767578125000 HTTP/1.1" 200 6295 "https://ajhydell.com/wp-cron.php?doing_wp_cron=1625465927.6206378936767578125000" "WordPress/5.7.2; https://ajhydell.com"
66.249.70.114 - - [05/Jul/2021:02:18:47 -0400] "GET /2020/04/20/japanese-soldiers-using-dead-chinese-as-targets-for-bayonet-practice-tientsin-china-september-5-1937-985x768/ HTTP/1.1" 200 18959 "-" "Mozilla/5.0 (compatible; Googlebot/2.1; +http://www.google.com/bot.html)"
66.249.70.114 - - [05/Jul/2021:02:18:48 -0400] "GET /2018/10/14/actress-elizabeth-taylor-1923-2011/ HTTP/1.1" 200 12843 "-" "Mozilla/5.0 (Linux; Android 6.0.1; Nexus 5X Build/MMB29P) AppleWebKit/537.36 (KHTML, like Gecko) Chrome/91.0.4472.90 Mobile Safari/537.36 (compatible; Googlebot/2.1; +http://www.google.com/bot.html)"
204.48.19.85 - - [05/Jul/2021:02:19:21 -0400] "POST /wp-cron.php?doing_wp_cron=1625465961.8546140193939208984375 HTTP/1.1" 200 6295 "https://ajhydell.com/wp-cron.php?doing_wp_cron=1625465961.8546140193939208984375" "WordPress/5.7.2; https://ajhydell.com"
54.36.148.117 - - [05/Jul/2021:02:19:21 -0400] "GET /2019/08/12/albert-einsteins-desk-a-day-after-his-death-on-18th-april-1955-photography-by-ralph-morse-600x600/ HTTP/1.1" 200 18985 "-" "Mozilla/5.0 (compatible; AhrefsBot/7.0; +http://ahrefs.com/robot/)"
87.144.125.156 - - [05/Jul/2021:02:20:04 -0400] "GET /wp-content/uploads/2018/08/cropped-logo-32x32.jpg HTTP/1.1" 200 7356 "-" "Mozilla/5.0 (X11; Linux x86_64) AppleWebKit/537.36 (KHTML, like Gecko) Chrome/80.0.3987.163 Safari/537.36"
204.48.19.85 - - [05/Jul/2021:02:20:42 -0400] "POST /wp-cron.php?doing_wp_cron=1625466042.1177279949188232421875 HTTP/1.1" 200 6295 "https://ajhydell.com/wp-cron.php?doing_wp_cron=1625466042.1177279949188232421875" "WordPress/5.7.2; https://ajhydell.com"
207.46.13.80 - - [05/Jul/2021:02:20:42 -0400] "GET /2021/06/17/fruit-of-the-loom-1957/ HTTP/1.1" 200 18405 "-" "Mozilla/5.0 (compatible; bingbot/2.0; +http://www.bing.com/bingbot.htm)"
207.46.13.22 - - [05/Jul/2021:02:20:44 -0400] "GET / HTTP/1.1" 200 20236 "-" "Mozilla/5.0 (compatible; bingbot/2.0; +http://www.bing.com/bingbot.htm)"
204.48.19.85 - - [05/Jul/2021:02:20:49 -0400] "POST /wp-cron.php?doing_wp_cron=1625466049.6079680919647216796875 HTTP/1.1" 200 6295 "https://ajhydell.com/wp-cron.php?doing_wp_cron=1625466049.6079680919647216796875" "WordPress/5.7.2; https://ajhydell.com"
207.46.13.96 - - [05/Jul/2021:02:20:49 -0400] "GET /2021/03/11/viet-cong-guerrilla/ HTTP/1.1" 200 18634 "-" "Mozilla/5.0 (compatible; bingbot/2.0; +http://www.bing.com/bingbot.htm)"
40.77.167.20 - - [05/Jul/2021:02:20:49 -0400] "GET /2021/04/30/ HTTP/1.1" 200 18393 "-" "Mozilla/5.0 (compatible; bingbot/2.0; +http://www.bing.com/bingbot.htm)"
40.77.167.20 - - [05/Jul/2021:02:21:00 -0400] "GET /2021/06/15/armours-extract-of-beef-circa-1910/ HTTP/1.1" 200 18466 "-" "Mozilla/5.0 (compatible; bingbot/2.0; +http://www.bing.com/bingbot.htm)"
207.46.13.120 - - [05/Jul/2021:02:21:10 -0400] "GET /page/7/ HTTP/1.1" 200 20950 "-" "Mozilla/5.0 (compatible; bingbot/2.0; +http://www.bing.com/bingbot.htm)"
204.48.19.85 - - [05/Jul/2021:02:21:22 -0400] "POST /wp-cron.php?doing_wp_cron=1625466082.1378250122070312500000 HTTP/1.1" 200 6295 "https://ajhydell.com/wp-cron.php?doing_wp_cron=1625466082.1378250122070312500000" "WordPress/5.7.2; https://ajhydell.com"
157.55.39.57 - - [05/Jul/2021:02:21:22 -0400] "GET /2021/06/10/make-every-all-black-a-naked-all-black-new-zealand-1985-coalition-against-the-tour/ HTTP/1.1" 200 18582 "-" "Mozilla/5.0 (compatible; bingbot/2.0; +http://www.bing.com/bingbot.htm)"
157.55.39.57 - - [05/Jul/2021:02:21:23 -0400] "GET /author/aj/ HTTP/1.1" 200 14469 "-" "Mozilla/5.0 (compatible; bingbot/2.0; +http://www.bing.com/bingbot.htm)"
112.133.245.178 - - [05/Jul/2021:02:22:06 -0400] "POST /xmlrpc.php HTTP/1.1" 503 24039 "-" "Mozilla/5.0 (X11; Linux i686; rv:2.0.1) Gecko/20100101 Firefox/4.0.1"
204.48.19.85 - - [05/Jul/2021:02:22:06 -0400] "POST /wp-cron.php?doing_wp_cron=1625466126.0811479091644287109375 HTTP/1.1" 200 6295 "https://ajhydell.com/wp-cron.php?doing_wp_cron=1625466126.0811479091644287109375" "WordPress/5.7.2; https://ajhydell.com"
54.36.148.117 - - [05/Jul/2021:02:22:06 -0400] "GET /2019/03/10/8-of-march-international-womens-day-postcard-circa-1950s/ HTTP/1.1" 200 18822 "-" "Mozilla/5.0 (compatible; AhrefsBot/7.0; +http://ahrefs.com/robot/)"
112.133.245.178 - - [05/Jul/2021:02:22:07 -0400] "POST /wp-login.php HTTP/1.1" 503 24039 "-" "Mozilla/5.0 (X11; Linux i686; rv:2.0.1) Gecko/20100101 Firefox/4.0.1"
204.48.19.85 - - [05/Jul/2021:02:23:06 -0400] "POST /?wordfence_syncAttackData=1625466186.3347 HTTP/1.1" 200 6300 "https://ajhydell.com/?wordfence_syncAttackData=1625466186.3347" "WordPress/5.7.2; https://ajhydell.com"
204.48.19.85 - - [05/Jul/2021:02:23:06 -0400] "POST /wp-cron.php?doing_wp_cron=1625466186.4085121154785156250000 HTTP/1.1" 200 6295 "https://ajhydell.com/wp-cron.php?doing_wp_cron=1625466186.4085121154785156250000" "WordPress/5.7.2; https://ajhydell.com"
23.100.232.233 - - [05/Jul/2021:02:23:06 -0400] "GET /2021/06/17/two-sikh-soldiers-of-the-19th-indian-infantry-brigade-8th-indian-infantry-division-positioning-a-bren-gun-in-the-line-near-villa-grande-italy-january-15-1944/ HTTP/1.1" 200 18085 "-" "Mozilla/5.0 (compatible; MSIE 9.0; Windows NT 6.0; Trident/5.0;  Trident/5.0)"
23.100.232.233 - - [05/Jul/2021:02:23:06 -0400] "GET /wp-content/plugins/add-expires-headers/cache/0/com/processed-header-f16a8d323e83e1bc1b76514e283fb81b7090a959.min.css HTTP/1.1" 200 52893 "https://ajhydell.com/2021/06/17/two-sikh-soldiers-of-the-19th-indian-infantry-brigade-8th-indian-infantry-division-positioning-a-bren-gun-in-the-line-near-villa-grande-italy-january-15-1944/" "Mozilla/5.0 (compatible; MSIE 9.0; Windows NT 6.0; Trident/5.0;  Trident/5.0)"
23.100.232.233 - - [05/Jul/2021:02:23:06 -0400] "GET /wp-includes/js/jquery/jquery.min.js?ver=3.5.1 HTTP/1.1" 200 31550 "https://ajhydell.com/2021/06/17/two-sikh-soldiers-of-the-19th-indian-infantry-brigade-8th-indian-infantry-division-positioning-a-bren-gun-in-the-line-near-villa-grande-italy-january-15-1944/" "Mozilla/5.0 (compatible; MSIE 9.0; Windows NT 6.0; Trident/5.0;  Trident/5.0)"
23.100.232.233 - - [05/Jul/2021:02:23:06 -0400] "GET /wp-content/plugins/google-analytics-for-wordpress/assets/js/frontend-gtag.min.js?ver=7.17.0 HTTP/1.1" 200 3476 "https://ajhydell.com/2021/06/17/two-sikh-soldiers-of-the-19th-indian-infantry-brigade-8th-indian-infantry-division-positioning-a-bren-gun-in-the-line-near-villa-grande-italy-january-15-1944/" "Mozilla/5.0 (compatible; MSIE 9.0; Windows NT 6.0; Trident/5.0;  Trident/5.0)"
23.100.232.233 - - [05/Jul/2021:02:23:06 -0400] "GET /wp-includes/js/jquery/jquery-migrate.min.js?ver=3.3.2 HTTP/1.1" 200 4687 "https://ajhydell.com/2021/06/17/two-sikh-soldiers-of-the-19th-indian-infantry-brigade-8th-indian-infantry-division-positioning-a-bren-gun-in-the-line-near-villa-grande-italy-january-15-1944/" "Mozilla/5.0 (compatible; MSIE 9.0; Windows NT 6.0; Trident/5.0;  Trident/5.0)"
23.100.232.233 - - [05/Jul/2021:02:23:06 -0400] "GET /wp-includes/js/wp-emoji-release.min.js?ver=5.7.2 HTTP/1.1" 200 5183 "https://ajhydell.com/2021/06/17/two-sikh-soldiers-of-the-19th-indian-infantry-brigade-8th-indian-infantry-division-positioning-a-bren-gun-in-the-line-near-villa-grande-italy-january-15-1944/" "Mozilla/5.0 (compatible; MSIE 9.0; Windows NT 6.0; Trident/5.0;  Trident/5.0)"
23.100.232.233 - - [05/Jul/2021:02:23:06 -0400] "GET /wp-content/plugins/wp-smushit/app/assets/js/smush-lazy-load.min.js?ver=3.8.7 HTTP/1.1" 200 4207 "https://ajhydell.com/2021/06/17/two-sikh-soldiers-of-the-19th-indian-infantry-brigade-8th-indian-infantry-division-positioning-a-bren-gun-in-the-line-near-villa-grande-italy-january-15-1944/" "Mozilla/5.0 (compatible; MSIE 9.0; Windows NT 6.0; Trident/5.0;  Trident/5.0)"
23.100.232.233 - - [05/Jul/2021:02:23:06 -0400] "GET /wp-content/themes/royal-magazine/js/navigation.js?ver=20151215 HTTP/1.1" 200 1349 "https://ajhydell.com/2021/06/17/two-sikh-soldiers-of-the-19th-indian-infantry-brigade-8th-indian-infantry-division-positioning-a-bren-gun-in-the-line-near-villa-grande-italy-january-15-1944/" "Mozilla/5.0 (compatible; MSIE 9.0; Windows NT 6.0; Trident/5.0;  Trident/5.0)"
23.100.232.233 - - [05/Jul/2021:02:23:06 -0400] "GET /wp-content/themes/royal-magazine/js/skip-link-focus-fix.js?ver=20151215 HTTP/1.1" 200 933 "https://ajhydell.com/2021/06/17/two-sikh-soldiers-of-the-19th-indian-infantry-brigade-8th-indian-infantry-division-positioning-a-bren-gun-in-the-line-near-villa-grande-italy-january-15-1944/" "Mozilla/5.0 (compatible; MSIE 9.0; Windows NT 6.0; Trident/5.0;  Trident/5.0)"
23.100.232.233 - - [05/Jul/2021:02:23:06 -0400] "GET /wp-content/themes/royal-magazine/assets/libraries/bootstrap/js/bootstrap.min.js?ver=5.7.2 HTTP/1.1" 200 10404 "https://ajhydell.com/2021/06/17/two-sikh-soldiers-of-the-19th-indian-infantry-brigade-8th-indian-infantry-division-positioning-a-bren-gun-in-the-line-near-villa-grande-italy-january-15-1944/" "Mozilla/5.0 (compatible; MSIE 9.0; Windows NT 6.0; Trident/5.0;  Trident/5.0)"
23.100.232.233 - - [05/Jul/2021:02:23:06 -0400] "GET /wp-content/themes/royal-magazine/assets/libraries/marquee/jquery.marquee.js?ver=5.7.2 HTTP/1.1" 200 5103 "https://ajhydell.com/2021/06/17/two-sikh-soldiers-of-the-19th-indian-infantry-brigade-8th-indian-infantry-division-positioning-a-bren-gun-in-the-line-near-villa-grande-italy-january-15-1944/" "Mozilla/5.0 (compatible; MSIE 9.0; Windows NT 6.0; Trident/5.0;  Trident/5.0)"
23.100.232.233 - - [05/Jul/2021:02:23:07 -0400] "GET /wp-content/themes/royal-magazine/assets/libraries/theiaStickySidebar/theia-sticky-sidebar.min.js?ver=5.7.2 HTTP/1.1" 200 2271 "https://ajhydell.com/2021/06/17/two-sikh-soldiers-of-the-19th-indian-infantry-brigade-8th-indian-infantry-division-positioning-a-bren-gun-in-the-line-near-villa-grande-italy-january-15-1944/" "Mozilla/5.0 (compatible; MSIE 9.0; Windows NT 6.0; Trident/5.0;  Trident/5.0)"
23.100.232.233 - - [05/Jul/2021:02:23:07 -0400] "GET /wp-content/themes/royal-magazine/assets/libraries/magnific-popup/jquery.magnific-popup.min.js?ver=5.7.2 HTTP/1.1" 200 7871 "https://ajhydell.com/2021/06/17/two-sikh-soldiers-of-the-19th-indian-infantry-brigade-8th-indian-infantry-division-positioning-a-bren-gun-in-the-line-near-villa-grande-italy-january-15-1944/" "Mozilla/5.0 (compatible; MSIE 9.0; Windows NT 6.0; Trident/5.0;  Trident/5.0)"
23.100.232.233 - - [05/Jul/2021:02:23:07 -0400] "GET /wp-includes/js/wp-embed.min.js?ver=5.7.2 HTTP/1.1" 200 1221 "https://ajhydell.com/2021/06/17/two-sikh-soldiers-of-the-19th-indian-infantry-brigade-8th-indian-infantry-division-positioning-a-bren-gun-in-the-line-near-villa-grande-italy-january-15-1944/" "Mozilla/5.0 (compatible; MSIE 9.0; Windows NT 6.0; Trident/5.0;  Trident/5.0)"
23.100.232.233 - - [05/Jul/2021:02:23:07 -0400] "GET /wp-content/plugins/facebook-pagelike-widget/fb.js?ver=1.0 HTTP/1.1" 200 821 "https://ajhydell.com/2021/06/17/two-sikh-soldiers-of-the-19th-indian-infantry-brigade-8th-indian-infantry-division-positioning-a-bren-gun-in-the-line-near-villa-grande-italy-january-15-1944/" "Mozilla/5.0 (compatible; MSIE 9.0; Windows NT 6.0; Trident/5.0;  Trident/5.0)"
23.100.232.233 - - [05/Jul/2021:02:23:07 -0400] "GET /wp-content/themes/royal-magazine/assets/libraries/slick/js/slick.min.js?ver=5.7.2 HTTP/1.1" 200 10740 "https://ajhydell.com/2021/06/17/two-sikh-soldiers-of-the-19th-indian-infantry-brigade-8th-indian-infantry-division-positioning-a-bren-gun-in-the-line-near-villa-grande-italy-january-15-1944/" "Mozilla/5.0 (compatible; MSIE 9.0; Windows NT 6.0; Trident/5.0;  Trident/5.0)"
23.100.232.233 - - [05/Jul/2021:02:23:07 -0400] "GET /wp-content/themes/royal-magazine/assets/twp/js/custom-script.js?ver=5.7.2 HTTP/1.1" 200 3023 "https://ajhydell.com/2021/06/17/two-sikh-soldiers-of-the-19th-indian-infantry-brigade-8th-indian-infantry-division-positioning-a-bren-gun-in-the-line-near-villa-grande-italy-january-15-1944/" "Mozilla/5.0 (compatible; MSIE 9.0; Windows NT 6.0; Trident/5.0;  Trident/5.0)"
54.172.91.236 - - [05/Jul/2021:02:23:12 -0400] "-" 408 5330 "-" "-"
204.48.19.85 - - [05/Jul/2021:02:23:26 -0400] "POST /wp-cron.php?doing_wp_cron=1625466206.2861800193786621093750 HTTP/1.1" 200 6295 "https://ajhydell.com/wp-cron.php?doing_wp_cron=1625466206.2861800193786621093750" "WordPress/5.7.2; https://ajhydell.com"
66.249.70.112 - - [05/Jul/2021:02:23:26 -0400] "GET /?wordfence_lh=1&hid=9C87E1BC1E2628065968AD44E8A29837 HTTP/1.1" 200 6341 "-" "Mozilla/5.0 (compatible; Googlebot/2.1; +http://www.google.com/bot.html)"
62.210.215.117 - - [05/Jul/2021:02:24:01 -0400] "GET /atom HTTP/1.1" 301 6431 "-" "Mozilla/5.0 (X11; Linux i686) AppleWebKit/537.36 (KHTML, like Gecko) Chrome/30.0.1599.66 Safari/537.36"
204.48.19.85 - - [05/Jul/2021:02:24:01 -0400] "POST /wp-cron.php?doing_wp_cron=1625466241.3411219120025634765625 HTTP/1.1" 200 6295 "https://ajhydell.com/wp-cron.php?doing_wp_cron=1625466241.3411219120025634765625" "WordPress/5.7.2; https://ajhydell.com"
62.210.215.117 - - [05/Jul/2021:02:24:02 -0400] "GET /feed/atom/ HTTP/1.1" 200 19116 "-" "Mozilla/5.0 (X11; Linux i686) AppleWebKit/537.36 (KHTML, like Gecko) Chrome/30.0.1599.66 Safari/537.36"
204.48.19.85 - - [05/Jul/2021:02:24:34 -0400] "POST /wp-cron.php?doing_wp_cron=1625466274.6495130062103271484375 HTTP/1.1" 200 6295 "https://ajhydell.com/wp-cron.php?doing_wp_cron=1625466274.6495130062103271484375" "WordPress/5.7.2; https://ajhydell.com"
54.36.148.117 - - [05/Jul/2021:02:24:34 -0400] "GET /2018/08/20/the-young-austrian-oak-arnold-schwarzenegger-posing-at-the-victoria-palace-theatre-in-london-1968/ HTTP/1.1" 200 19012 "-" "Mozilla/5.0 (compatible; AhrefsBot/7.0; +http://ahrefs.com/robot/)"
204.48.19.85 - - [05/Jul/2021:02:24:47 -0400] "POST /wp-cron.php?doing_wp_cron=1625466287.7671740055084228515625 HTTP/1.1" 200 6295 "https://ajhydell.com/wp-cron.php?doing_wp_cron=1625466287.7671740055084228515625" "WordPress/5.7.2; https://ajhydell.com"
77.247.108.77 - - [05/Jul/2021:02:24:47 -0400] "GET /admin/config.php HTTP/1.1" 404 64072 "-" "Mozilla/5.0 zgrab/0.x"
185.191.171.8 - - [05/Jul/2021:02:25:00 -0400] "GET /2021/03/14/a-crew-member-inspects-the-flak-damage-to-his-b29-after-a-raid-on-tokyo-april-1945-652x514/ HTTP/1.1" 200 18976 "-" "Mozilla/5.0 (compatible; SemrushBot/7~bl; +http://www.semrush.com/bot.html)"
204.48.19.85 - - [05/Jul/2021:02:25:50 -0400] "POST /wp-cron.php?doing_wp_cron=1625466350.8314230442047119140625 HTTP/1.1" 200 6295 "https://ajhydell.com/wp-cron.php?doing_wp_cron=1625466350.8314230442047119140625" "WordPress/5.7.2; https://ajhydell.com"
66.249.70.114 - - [05/Jul/2021:02:25:50 -0400] "GET /2018/11/26/atari-2600-video-computer-system-139-88-new-pac-man-32-97-april-18-1982-available-at-schnucks-super-centers-st-louis-mo/ HTTP/1.1" 200 19116 "-" "Mozilla/5.0 (Linux; Android 6.0.1; Nexus 5X Build/MMB29P) AppleWebKit/537.36 (KHTML, like Gecko) Chrome/91.0.4472.90 Mobile Safari/537.36 (compatible; Googlebot/2.1; +http://www.google.com/bot.html)"
66.249.70.112 - - [05/Jul/2021:02:25:52 -0400] "GET /wp-content/themes/royal-magazine/js/skip-link-focus-fix.js?ver=20151215 HTTP/1.1" 200 6919 "https://ajhydell.com/2018/11/26/atari-2600-video-computer-system-139-88-new-pac-man-32-97-april-18-1982-available-at-schnucks-super-centers-st-louis-mo/" "Mozilla/5.0 (Linux; Android 6.0.1; Nexus 5X Build/MMB29P) AppleWebKit/537.36 (KHTML, like Gecko) Chrome/91.0.4472.90 Mobile Safari/537.36 (compatible; Googlebot/2.1; +http://www.google.com/bot.html)"
66.249.70.114 - - [05/Jul/2021:02:25:54 -0400] "GET /wp-content/plugins/add-expires-headers/cache/0/com/processed-header-f16a8d323e83e1bc1b76514e283fb81b7090a959.min.css HTTP/1.1" 200 52771 "https://ajhydell.com/2018/11/26/atari-2600-video-computer-system-139-88-new-pac-man-32-97-april-18-1982-available-at-schnucks-super-centers-st-louis-mo/" "Mozilla/5.0 (Linux; Android 6.0.1; Nexus 5X Build/MMB29P) AppleWebKit/537.36 (KHTML, like Gecko) Chrome/91.0.4472.90 Mobile Safari/537.36 (compatible; Googlebot/2.1; +http://www.google.com/bot.html)"
204.48.19.85 - - [05/Jul/2021:02:27:00 -0400] "POST /wp-cron.php?doing_wp_cron=1625466420.8923308849334716796875 HTTP/1.1" 200 6295 "https://ajhydell.com/wp-cron.php?doing_wp_cron=1625466420.8923308849334716796875" "WordPress/5.7.2; https://ajhydell.com"
54.36.148.117 - - [05/Jul/2021:02:27:00 -0400] "GET /2021/03/07/american-paratroopers-in-normandy-in-june-1944-thought-they-had-captured-a-japanese-soldier-in-german-uniform-but-he-turned-out-to-be-korean-his-name-was-yang-kyoungjong/ HTTP/1.1" 200 19152 "-" "Mozilla/5.0 (compatible; AhrefsBot/7.0; +http://ahrefs.com/robot/)"
66.249.70.110 - - [05/Jul/2021:02:27:06 -0400] "GET /wp-content/uploads/2021/04/picture-6.jpg HTTP/1.1" 200 97624 "-" "Googlebot-Image/1.0"
204.48.19.85 - - [05/Jul/2021:02:28:40 -0400] "POST /wp-cron.php?doing_wp_cron=1625466520.6599180698394775390625 HTTP/1.1" 200 6295 "https://ajhydell.com/wp-cron.php?doing_wp_cron=1625466520.6599180698394775390625" "WordPress/5.7.2; https://ajhydell.com"
23.100.232.233 - - [05/Jul/2021:02:28:40 -0400] "GET /2019/07/05/italian-partisans-in-a-village-of-the-chisone-valley-val-chisone-piedmont-1944-1000-partisans-established-a-free-zone-in-this-and-the-adjacent-valleys-in-february-march-1944-and-from-may-to-augu/ HTTP/1.1" 200 18405 "-" "Mozilla/5.0 (compatible; MSIE 9.0; Windows NT 6.1; Trident/5.0;  Trident/5.0)"
23.100.232.233 - - [05/Jul/2021:02:28:41 -0400] "GET /wp-content/plugins/add-expires-headers/cache/0/com/processed-header-f16a8d323e83e1bc1b76514e283fb81b7090a959.min.css HTTP/1.1" 200 52893 "https://ajhydell.com/2019/07/05/italian-partisans-in-a-village-of-the-chisone-valley-val-chisone-piedmont-1944-1000-partisans-established-a-free-zone-in-this-and-the-adjacent-valleys-in-february-march-1944-and-from-may-to-augu/" "Mozilla/5.0 (compatible; MSIE 9.0; Windows NT 6.1; Trident/5.0;  Trident/5.0)"
