45.47.209.83 - - [28/Jun/2021:07:38:12 -0400] "GET /wp-content/uploads/2020/03/picture-29.jpg HTTP/1.1" 200 231542 "https://www.bing.com/" "Mozilla/5.0 (Windows NT 10.0; Win64; x64) AppleWebKit/537.36 (KHTML, like Gecko) Chrome/91.0.4472.114 Safari/537.36 Edg/91.0.864.59"
204.48.19.85 - - [28/Jun/2021:07:39:54 -0400] "POST /wp-cron.php?doing_wp_cron=1624880394.2720539569854736328125 HTTP/1.1" 200 5463 "https://ajhydell.com/wp-cron.php?doing_wp_cron=1624880394.2720539569854736328125" "WordPress/5.7.2; https://ajhydell.com"
185.191.171.6 - - [28/Jun/2021:07:39:53 -0400] "GET /2019/06/13/ HTTP/1.1" 200 17737 "-" "Mozilla/5.0 (compatible; SemrushBot/7~bl; +http://www.semrush.com/bot.html)"
45.47.209.83 - - [28/Jun/2021:07:40:43 -0400] "GET /wp-content/uploads/2020/12/picture-23-768x514.jpg HTTP/1.1" 200 89348 "https://www.bing.com/" "Mozilla/5.0 (Windows NT 10.0; Win64; x64) AppleWebKit/537.36 (KHTML, like Gecko) Chrome/91.0.4472.114 Safari/537.36 Edg/91.0.864.59"
204.48.19.85 - - [28/Jun/2021:07:40:51 -0400] "POST /wp-cron.php?doing_wp_cron=1624880451.3556718826293945312500 HTTP/1.1" 200 5463 "https://ajhydell.com/wp-cron.php?doing_wp_cron=1624880451.3556718826293945312500" "WordPress/5.7.2; https://ajhydell.com"
54.36.148.5 - - [28/Jun/2021:07:40:50 -0400] "GET /2020/06/16/build-a-wall-of-resistance-1983-usa/ HTTP/1.1" 200 18264 "-" "Mozilla/5.0 (compatible; AhrefsBot/7.0; +http://ahrefs.com/robot/)"
64.90.48.197 - - [28/Jun/2021:07:41:04 -0400] "GET /wp-login.php HTTP/1.1" 200 7772 "-" "Mozilla/5.0 (X11; Ubuntu; Linux x86_64; rv:62.0) Gecko/20100101 Firefox/62.0"
64.90.48.197 - - [28/Jun/2021:07:41:04 -0400] "POST /wp-login.php HTTP/1.1" 200 7863 "-" "Mozilla/5.0 (X11; Ubuntu; Linux x86_64; rv:62.0) Gecko/20100101 Firefox/62.0"
64.90.48.197 - - [28/Jun/2021:07:41:05 -0400] "POST /xmlrpc.php HTTP/1.1" 200 5020 "-" "Mozilla/5.0 (X11; Ubuntu; Linux x86_64; rv:62.0) Gecko/20100101 Firefox/62.0"
207.46.13.22 - - [28/Jun/2021:07:41:15 -0400] "GET /wp-content/uploads/2020/11/picture-10.jpg HTTP/1.1" 200 234118 "-" "Mozilla/5.0 (compatible; bingbot/2.0; +http://www.bing.com/bingbot.htm)"
204.48.19.85 - - [28/Jun/2021:07:44:14 -0400] "POST /wp-cron.php?doing_wp_cron=1624880654.4395129680633544921875 HTTP/1.1" 200 5463 "https://ajhydell.com/wp-cron.php?doing_wp_cron=1624880654.4395129680633544921875" "WordPress/5.7.2; https://ajhydell.com"
54.36.149.30 - - [28/Jun/2021:07:44:14 -0400] "GET /2020/06/17/jewish-prisoners-after-being-liberated-from-a-death-train-1945-880-x-1056/ HTTP/1.1" 200 18368 "-" "Mozilla/5.0 (compatible; AhrefsBot/7.0; +http://ahrefs.com/robot/)"
157.55.39.134 - - [28/Jun/2021:07:44:24 -0400] "GET /wp-content/uploads/2019/01/picture-75.jpg HTTP/1.1" 200 1921063 "-" "Mozilla/5.0 (compatible; bingbot/2.0; +http://www.bing.com/bingbot.htm)"
185.191.171.12 - - [28/Jun/2021:07:44:37 -0400] "GET /2020/12/23/ HTTP/1.1" 200 18179 "-" "Mozilla/5.0 (compatible; SemrushBot/7~bl; +http://www.semrush.com/bot.html)"
91.206.155.78 - - [28/Jun/2021:07:46:52 -0400] "GET /wp-content/uploads/2019/07/picture-13-1024x655.jpg HTTP/1.1" 200 158036 "https://www.bing.com/" "Mozilla/5.0 (Windows NT 10.0; Win64; x64) AppleWebKit/537.36 (KHTML, like Gecko) Chrome/91.0.4472.114 Safari/537.36 Edg/91.0.864.59"
204.48.19.85 - - [28/Jun/2021:07:47:34 -0400] "POST /wp-cron.php?doing_wp_cron=1624880854.4602429866790771484375 HTTP/1.1" 200 5463 "https://ajhydell.com/wp-cron.php?doing_wp_cron=1624880854.4602429866790771484375" "WordPress/5.7.2; https://ajhydell.com"
54.36.149.36 - - [28/Jun/2021:07:47:34 -0400] "GET /2020/06/20/soviet-citizens-look-at-the-wall-of-sorrow-honoring-the-hundreds-of-thousands-of-people-killed-by-stalinism-in-1988-the-soviet-government-allowed-information-regarding-the-victims-of-stalins/ HTTP/1.1" 200 18756 "-" "Mozilla/5.0 (compatible; AhrefsBot/7.0; +http://ahrefs.com/robot/)"
204.48.19.85 - - [28/Jun/2021:07:49:23 -0400] "POST /wp-cron.php?doing_wp_cron=1624880963.9482240676879882812500 HTTP/1.1" 200 5463 "https://ajhydell.com/wp-cron.php?doing_wp_cron=1624880963.9482240676879882812500" "WordPress/5.7.2; https://ajhydell.com"
40.77.167.20 - - [28/Jun/2021:07:49:23 -0400] "GET /2021/02/12/italic-styling-by-gf-studios-1958/ HTTP/1.1" 200 17764 "-" "Mozilla/5.0 (compatible; bingbot/2.0; +http://www.bing.com/bingbot.htm)"
204.48.19.85 - - [28/Jun/2021:07:50:28 -0400] "POST /wp-cron.php?doing_wp_cron=1624881028.1986730098724365234375 HTTP/1.1" 200 5463 "https://ajhydell.com/wp-cron.php?doing_wp_cron=1624881028.1986730098724365234375" "WordPress/5.7.2; https://ajhydell.com"
185.191.171.26 - - [28/Jun/2021:07:50:27 -0400] "GET /2020/04/26/ HTTP/1.1" 200 17715 "-" "Mozilla/5.0 (compatible; SemrushBot/7~bl; +http://www.semrush.com/bot.html)"
204.48.19.85 - - [28/Jun/2021:07:51:06 -0400] "POST /wp-cron.php?doing_wp_cron=1624881066.2462511062622070312500 HTTP/1.1" 200 5463 "https://ajhydell.com/wp-cron.php?doing_wp_cron=1624881066.2462511062622070312500" "WordPress/5.7.2; https://ajhydell.com"
54.36.148.76 - - [28/Jun/2021:07:51:05 -0400] "GET /2020/08/29/major-dick-winters-commander-of-the-506th-parachute-infantry-regiment-101st-airborne-division-holland-1944/ HTTP/1.1" 200 18303 "-" "Mozilla/5.0 (compatible; AhrefsBot/7.0; +http://ahrefs.com/robot/)"
157.55.39.57 - - [28/Jun/2021:07:51:07 -0400] "GET /wp-content/uploads/2021/01/picture-37.jpg HTTP/1.1" 200 493067 "-" "Mozilla/5.0 (compatible; bingbot/2.0; +http://www.bing.com/bingbot.htm)"
157.55.39.22 - - [28/Jun/2021:07:51:17 -0400] "GET /2020/06/page/3/ HTTP/1.1" 200 19041 "-" "Mozilla/5.0 (compatible; bingbot/2.0; +http://www.bing.com/bingbot.htm)"
204.48.19.85 - - [28/Jun/2021:07:52:29 -0400] "POST /wp-cron.php?doing_wp_cron=1624881149.6181919574737548828125 HTTP/1.1" 200 5463 "https://ajhydell.com/wp-cron.php?doing_wp_cron=1624881149.6181919574737548828125" "WordPress/5.7.2; https://ajhydell.com"
132.148.20.66 - - [28/Jun/2021:07:52:29 -0400] "GET /wp-login.php HTTP/1.1" 200 7773 "-" "Mozilla/5.0 (X11; Ubuntu; Linux x86_64; rv:62.0) Gecko/20100101 Firefox/62.0"
132.148.20.66 - - [28/Jun/2021:07:52:30 -0400] "POST /wp-login.php HTTP/1.1" 200 7864 "-" "Mozilla/5.0 (X11; Ubuntu; Linux x86_64; rv:62.0) Gecko/20100101 Firefox/62.0"
132.148.20.66 - - [28/Jun/2021:07:52:30 -0400] "POST /xmlrpc.php HTTP/1.1" 200 5020 "-" "Mozilla/5.0 (X11; Ubuntu; Linux x86_64; rv:62.0) Gecko/20100101 Firefox/62.0"
204.48.19.85 - - [28/Jun/2021:07:54:13 -0400] "POST /wp-cron.php?doing_wp_cron=1624881253.0794711112976074218750 HTTP/1.1" 200 5463 "https://ajhydell.com/wp-cron.php?doing_wp_cron=1624881253.0794711112976074218750" "WordPress/5.7.2; https://ajhydell.com"
185.191.171.36 - - [28/Jun/2021:07:54:12 -0400] "GET /2019/02/23/ HTTP/1.1" 200 17764 "-" "Mozilla/5.0 (compatible; SemrushBot/7~bl; +http://www.semrush.com/bot.html)"
54.36.148.144 - - [28/Jun/2021:07:54:33 -0400] "GET /2021/01/04/ HTTP/1.1" 200 18145 "-" "Mozilla/5.0 (compatible; AhrefsBot/7.0; +http://ahrefs.com/robot/)"
157.55.39.136 - - [28/Jun/2021:07:56:09 -0400] "GET /wp-content/uploads/2019/04/picture-29.jpg HTTP/1.1" 200 217647 "-" "Mozilla/5.0 (compatible; bingbot/2.0; +http://www.bing.com/bingbot.htm)"
204.48.19.85 - - [28/Jun/2021:07:56:56 -0400] "POST /wp-cron.php?doing_wp_cron=1624881416.4120149612426757812500 HTTP/1.1" 200 5463 "https://ajhydell.com/wp-cron.php?doing_wp_cron=1624881416.4120149612426757812500" "WordPress/5.7.2; https://ajhydell.com"
157.55.39.102 - - [28/Jun/2021:07:56:56 -0400] "GET /page/8/ HTTP/1.1" 200 19533 "-" "Mozilla/5.0 (compatible; bingbot/2.0; +http://www.bing.com/bingbot.htm)"
204.48.19.85 - - [28/Jun/2021:07:57:58 -0400] "POST /wp-cron.php?doing_wp_cron=1624881478.3115160465240478515625 HTTP/1.1" 200 5463 "https://ajhydell.com/wp-cron.php?doing_wp_cron=1624881478.3115160465240478515625" "WordPress/5.7.2; https://ajhydell.com"
54.36.149.36 - - [28/Jun/2021:07:57:57 -0400] "GET /2020/06/15/the-day-sweden-switched-from-driving-on-the-left-hand-side-of-the-road-to-the-right-hand-side-september-3-1967-1200x1200/ HTTP/1.1" 200 18362 "-" "Mozilla/5.0 (compatible; AhrefsBot/7.0; +http://ahrefs.com/robot/)"
98.118.93.19 - - [28/Jun/2021:07:58:31 -0400] "GET /wp-content/uploads/2019/07/picture-89.jpg HTTP/1.1" 200 59676 "https://images.search.yahoo.com/yhs/search;_ylt=AwrExl_Ktdlg0WEAMnM2nIlQ;_ylu=c2VjA3NlYXJjaARzbGsDYnV0dG9u;_ylc=X1MDMTM1MTE5NTcwMgRfcgMyBGFjdG4DY2xrBGNzcmNwdmlkA25IRkw1VEV3TGpJWldZN0VXdzJrWmdKZE9UZ3VNUUFBQUFELko4SWEEZnIDeWhzLXB0eS1wdHlfbWFwcwRmcjIDc2EtZ3AEZ3ByaWQDQXVCSURwRFpRTWFJdHFnOEs5ZlJ5QQRuX3N1Z2cDMARvcmlnaW4DaW1hZ2VzLnNlYXJjaC55YWhvby5jb20EcG9zAzAEcHFzdHIDBHBxc3RybAMEcXN0cmwDMjcEcXVlcnkDcGhvdG9zJTIwYnklMjBqb2huJTIwdmFjaG9uBHRfc3RtcAMxNjI0ODgwNjg1?p=photos+by+john+vachon&fr=yhs-pty-pty_maps&fr2=sb-top-images.search&ei=UTF-8&x=wrt&type=ma_appfocus29_cr&hsimp=yhs-pty_maps&hspart=pty&param1=20190402&param2=253fee94-d1e7-4258-acba-e08f8b6ce051&param3=maps_%7EUS%7Eappfocus29&param4=-bb8%7EChrome%7Ephotos+by+danny+lyon%7E662F1ECE886FE9F295587EF3DC1106EC" "Mozilla/5.0 (Macintosh; Intel Mac OS X 10_9_5) AppleWebKit/537.36 (KHTML, like Gecko) Chrome/67.0.3396.87 Safari/537.36"
204.48.19.85 - - [28/Jun/2021:07:59:41 -0400] "POST /wp-cron.php?doing_wp_cron=1624881581.5258970260620117187500 HTTP/1.1" 200 5463 "https://ajhydell.com/wp-cron.php?doing_wp_cron=1624881581.5258970260620117187500" "WordPress/5.7.2; https://ajhydell.com"
185.191.171.10 - - [28/Jun/2021:07:59:41 -0400] "GET /robots.txt HTTP/1.1" 200 5648 "-" "Mozilla/5.0 (compatible; SemrushBot/7~bl; +http://www.semrush.com/bot.html)"
185.191.171.14 - - [28/Jun/2021:07:59:42 -0400] "GET /2020/05/04/ HTTP/1.1" 200 17641 "-" "Mozilla/5.0 (compatible; SemrushBot/7~bl; +http://www.semrush.com/bot.html)"
204.48.19.85 - - [28/Jun/2021:08:00:19 -0400] "POST /wp-cron.php?doing_wp_cron=1624881619.5847039222717285156250 HTTP/1.1" 200 5463 "https://ajhydell.com/wp-cron.php?doing_wp_cron=1624881619.5847039222717285156250" "WordPress/5.7.2; https://ajhydell.com"
204.48.19.85 - - [28/Jun/2021:08:00:19 -0400] "POST /xmlrpc.php HTTP/1.1" 200 6076 "-" "xmlrpclib.py/1.0.1 (by www.pythonware.com)"
204.48.19.85 - - [28/Jun/2021:08:00:20 -0400] "POST /xmlrpc.php HTTP/1.1" 200 6456 "-" "xmlrpclib.py/1.0.1 (by www.pythonware.com)"
195.201.58.104 - - [28/Jun/2021:08:00:23 -0400] "GET /feed/ HTTP/1.1" 200 6810 "-" "AwarioRssBot/1.0 (+https://awario.com/bots.html; bots@awario.com)"
204.48.19.85 - - [28/Jun/2021:08:00:24 -0400] "POST /xmlrpc.php HTTP/1.1" 200 5595 "-" "xmlrpclib.py/1.0.1 (by www.pythonware.com)"
204.48.19.85 - - [28/Jun/2021:08:00:26 -0400] "POST /wp-cron.php?doing_wp_cron=1624881625.9960649013519287109375 HTTP/1.1" 200 232 "http://ajhydell.com/wp-cron.php?doing_wp_cron=1624881625.9960649013519287109375" "WordPress/5.7.2; https://ajhydell.com"
136.243.70.68 - - [28/Jun/2021:08:00:25 -0400] "GET /robots.txt HTTP/1.1" 301 353 "-" "-"
136.243.70.68 - - [28/Jun/2021:08:00:26 -0400] "GET /robots.txt HTTP/1.1" 200 5685 "-" "-"
136.243.70.68 - - [28/Jun/2021:08:00:27 -0400] "GET /2021/06/27/spoiled-youth-you-better-get-married-soon-soviet-union-1979/ HTTP/1.1" 200 18029 "-" "AwarioSmartBot/1.0 (+https://awario.com/bots.html; bots@awario.com)"
136.243.70.68 - - [28/Jun/2021:08:00:29 -0400] "GET /robots.txt HTTP/1.1" 301 352 "-" "-"
34.82.125.213 - - [28/Jun/2021:08:00:30 -0400] "HEAD / HTTP/1.1" 200 5490 "https://t.co/ztQBTyu01i" "-"
204.48.19.85 - - [28/Jun/2021:08:00:30 -0400] "POST /wp-cron.php?doing_wp_cron=1624881630.6532340049743652343750 HTTP/1.1" 200 5463 "https://ajhydell.com/wp-cron.php?doing_wp_cron=1624881630.6532340049743652343750" "WordPress/5.7.2; https://ajhydell.com"
136.243.70.68 - - [28/Jun/2021:08:00:29 -0400] "GET /robots.txt HTTP/1.1" 200 522 "-" "-"
136.243.70.68 - - [28/Jun/2021:08:00:31 -0400] "GET /2021/06/27/soviet-poster-about-hiroshima-c-1991/ HTTP/1.1" 200 12937 "-" "AwarioSmartBot/1.0 (+https://awario.com/bots.html; bots@awario.com)"
35.233.156.183 - - [28/Jun/2021:08:00:31 -0400] "HEAD / HTTP/1.1" 200 5490 "https://t.co/ztQBTyu01i" "-"
66.249.79.18 - - [28/Jun/2021:08:00:32 -0400] "GET /sitemap-pt-post-2021-06.xml HTTP/1.1" 200 12746 "-" "Mozilla/5.0 (compatible; Googlebot/2.1; +http://www.google.com/bot.html)"
66.249.79.14 - - [28/Jun/2021:08:00:33 -0400] "GET /sitemap.xml HTTP/1.1" 200 6360 "-" "Mozilla/5.0 (compatible; Googlebot/2.1; +http://www.google.com/bot.html)"
136.243.70.68 - - [28/Jun/2021:08:00:33 -0400] "GET /robots.txt HTTP/1.1" 301 352 "-" "-"
136.243.70.68 - - [28/Jun/2021:08:00:33 -0400] "GET /robots.txt HTTP/1.1" 200 522 "-" "-"
136.243.70.68 - - [28/Jun/2021:08:00:34 -0400] "GET /2021/06/27/german-propaganda-leaflet-aimed-at-french-troops-in-1940-the-leaflet-shows-a-british-soldier-and-a-french-soldier-counting-from-one-to-three-at-three-the-french-soldier-jumps-into-the-blood-bath-b/ HTTP/1.1" 200 13048 "-" "AwarioSmartBot/1.0 (+https://awario.com/bots.html; bots@awario.com)"
136.243.70.68 - - [28/Jun/2021:08:00:36 -0400] "GET /robots.txt HTTP/1.1" 301 352 "-" "-"
136.243.70.68 - - [28/Jun/2021:08:00:36 -0400] "GET /robots.txt HTTP/1.1" 200 522 "-" "-"
136.243.70.68 - - [28/Jun/2021:08:00:37 -0400] "GET /2021/06/28/a-young-russian-boy-points-out-german-positions-to-commander-g-v-gvozdev-of-the-11th-squad-3rd-leningrad-partisan-brigade-in-a-small-village-during-the-siege-of-leningrad-near-leningrad-now-st-2/ HTTP/1.1" 200 12932 "-" "AwarioSmartBot/1.0 (+https://awario.com/bots.html; bots@awario.com)"
136.243.70.68 - - [28/Jun/2021:08:00:39 -0400] "GET /robots.txt HTTP/1.1" 301 352 "-" "-"
136.243.70.68 - - [28/Jun/2021:08:00:39 -0400] "GET /robots.txt HTTP/1.1" 200 522 "-" "-"
136.243.70.68 - - [28/Jun/2021:08:00:40 -0400] "GET /2021/06/28/knox-gelatine-1938/ HTTP/1.1" 200 12894 "-" "AwarioSmartBot/1.0 (+https://awario.com/bots.html; bots@awario.com)"
204.48.19.85 - - [28/Jun/2021:08:00:47 -0400] "POST /wp-cron.php?doing_wp_cron=1624881647.5579540729522705078125 HTTP/1.1" 200 5463 "https://ajhydell.com/wp-cron.php?doing_wp_cron=1624881647.5579540729522705078125" "WordPress/5.7.2; https://ajhydell.com"
77.75.79.72 - - [28/Jun/2021:08:00:47 -0400] "GET /robots.txt HTTP/1.1" 200 5685 "-" "Mozilla/5.0 (compatible; SeznamBot/3.2; +http://napoveda.seznam.cz/en/seznambot-intro/)"
77.75.79.72 - - [28/Jun/2021:08:00:50 -0400] "GET /wp-content/uploads/2021/05/picture-93.jpg HTTP/1.1" 304 5440 "-" "Mozilla/5.0 (compatible; SeznamBot/3.2; +http://napoveda.seznam.cz/en/seznambot-intro/)"
77.75.79.72 - - [28/Jun/2021:08:00:51 -0400] "GET /sitemap-pt-post-2021-04.xml HTTP/1.1" 200 8963 "-" "Mozilla/5.0 (compatible; SeznamBot/3.2; +http://napoveda.seznam.cz/en/seznambot-intro/)"
54.36.148.131 - - [28/Jun/2021:08:01:22 -0400] "GET /2020/11/07/wara-begone-polish-poster-during-september-campaign-1939/ HTTP/1.1" 200 18065 "-" "Mozilla/5.0 (compatible; AhrefsBot/7.0; +http://ahrefs.com/robot/)"
185.191.171.33 - - [28/Jun/2021:08:01:27 -0400] "GET /2019/09/20/silence-means-surprise-usa-1942-artist-unknown/ HTTP/1.1" 200 18081 "-" "Mozilla/5.0 (compatible; SemrushBot/7~bl; +http://www.semrush.com/bot.html)"
40.77.167.20 - - [28/Jun/2021:08:01:34 -0400] "GET /2020/05/30/chuck-berry-and-carl-sagan-celebrating-the-success-of-voyager-2-1989-1200x887/ HTTP/1.1" 200 17838 "-" "Mozilla/5.0 (compatible; bingbot/2.0; +http://www.bing.com/bingbot.htm)"
204.48.19.85 - - [28/Jun/2021:08:01:51 -0400] "POST /wp-cron.php?doing_wp_cron=1624881711.3901689052581787109375 HTTP/1.1" 200 5463 "https://ajhydell.com/wp-cron.php?doing_wp_cron=1624881711.3901689052581787109375" "WordPress/5.7.2; https://ajhydell.com"
157.55.39.57 - - [28/Jun/2021:08:01:50 -0400] "GET /2020/01/01/wehrmacht-soldier-with-his-arm-blown-off-somewhere-on-the-eastern-front/ HTTP/1.1" 200 17765 "-" "Mozilla/5.0 (compatible; bingbot/2.0; +http://www.bing.com/bingbot.htm)"
66.249.79.14 - - [28/Jun/2021:08:02:10 -0400] "GET /wp-content/uploads/2021/06/picture-136.jpg HTTP/1.1" 200 81163 "-" "Googlebot-Image/1.0"
185.191.171.20 - - [28/Jun/2021:08:02:13 -0400] "GET /2018/11/06/ HTTP/1.1" 200 17595 "-" "Mozilla/5.0 (compatible; SemrushBot/7~bl; +http://www.semrush.com/bot.html)"
204.48.19.85 - - [28/Jun/2021:08:04:52 -0400] "POST /wp-cron.php?doing_wp_cron=1624881892.9335069656372070312500 HTTP/1.1" 200 5463 "https://ajhydell.com/wp-cron.php?doing_wp_cron=1624881892.9335069656372070312500" "WordPress/5.7.2; https://ajhydell.com"
54.36.148.25 - - [28/Jun/2021:08:04:52 -0400] "GET /2020/05/01/612816sergei-krikalev-emeges-out-of-a-soyuz-capsule-at-the-city-of-arkalykkazakhstan-after-spending-time-on-the-mir-space-station-march-25-1992-man-went-to-space-as-a-soviet-cosmonautwatched-the/ HTTP/1.1" 200 18712 "-" "Mozilla/5.0 (compatible; AhrefsBot/7.0; +http://ahrefs.com/robot/)"
164.132.48.179 - - [28/Jun/2021:08:05:09 -0400] "GET /wp-login.php HTTP/1.1" 200 7772 "-" "Mozilla/5.0 (X11; Ubuntu; Linux x86_64; rv:62.0) Gecko/20100101 Firefox/62.0"
164.132.48.179 - - [28/Jun/2021:08:05:10 -0400] "POST /wp-login.php HTTP/1.1" 200 7863 "-" "Mozilla/5.0 (X11; Ubuntu; Linux x86_64; rv:62.0) Gecko/20100101 Firefox/62.0"
164.132.48.179 - - [28/Jun/2021:08:05:11 -0400] "POST /xmlrpc.php HTTP/1.1" 200 5020 "-" "Mozilla/5.0 (X11; Ubuntu; Linux x86_64; rv:62.0) Gecko/20100101 Firefox/62.0"
204.48.19.85 - - [28/Jun/2021:08:07:42 -0400] "POST /wp-cron.php?doing_wp_cron=1624882062.0758309364318847656250 HTTP/1.1" 200 5463 "https://ajhydell.com/wp-cron.php?doing_wp_cron=1624882062.0758309364318847656250" "WordPress/5.7.2; https://ajhydell.com"
5.255.231.130 - - [28/Jun/2021:08:07:41 -0400] "GET /2020/08/17/his-name-is-karl-we-dont-know-his-family-name-but-he-did-have-a-mona-lisa-smile-he-served-in-8th-company-reserve-infanterie-regiment-nr-239-and-had-this-photo-taken-somewhere-in-the-cham/ HTTP/1.1" 200 18576 "-" "Mozilla/5.0 (compatible; YandexBot/3.0; +http://yandex.com/bots)"
204.48.19.85 - - [28/Jun/2021:08:08:08 -0400] "POST /wp-cron.php?doing_wp_cron=1624882088.0113420486450195312500 HTTP/1.1" 200 5463 "https://ajhydell.com/wp-cron.php?doing_wp_cron=1624882088.0113420486450195312500" "WordPress/5.7.2; https://ajhydell.com"
54.36.148.43 - - [28/Jun/2021:08:08:07 -0400] "GET /2020/05/11/downtown-cairo-egypt-circa-1960-960x636/ HTTP/1.1" 200 18040 "-" "Mozilla/5.0 (compatible; AhrefsBot/7.0; +http://ahrefs.com/robot/)"
204.48.19.85 - - [28/Jun/2021:08:08:45 -0400] "POST /wp-cron.php?doing_wp_cron=1624882125.0760929584503173828125 HTTP/1.1" 200 5463 "https://ajhydell.com/wp-cron.php?doing_wp_cron=1624882125.0760929584503173828125" "WordPress/5.7.2; https://ajhydell.com"
5.45.207.145 - - [28/Jun/2021:08:08:44 -0400] "GET /wp-json/oembed/1.0/embed?url=https%3A%2F%2Fajhydell.com%2F2020%2F08%2F17%2Fhis-name-is-karl-we-dont-know-his-family-name-but-he-did-have-a-mona-lisa-smile-he-served-in-8th-company-reserve-infanterie-regiment-nr-239-and-had-this-photo-taken-somewhere-in-the-cham%2F&format=xml HTTP/1.1" 200 7305 "-" "Mozilla/5.0 (compatible; YandexBot/3.0; +http://yandex.com/bots)"
5.45.207.145 - - [28/Jun/2021:08:08:47 -0400] "GET /2020/08/17/his-name-is-karl-we-dont-know-his-family-name-but-he-did-have-a-mona-lisa-smile-he-served-in-8th-company-reserve-infanterie-regiment-nr-239-and-had-this-photo-taken-somewhere-in-the-cham/feed/ HTTP/1.1" 200 1361 "-" "Mozilla/5.0 (compatible; YandexBot/3.0; +http://yandex.com/bots)"
5.45.207.145 - - [28/Jun/2021:08:08:50 -0400] "GET /2021/06/28/battle-of-seelow-hights/ HTTP/1.1" 200 12636 "-" "Mozilla/5.0 (compatible; YandexBot/3.0; +http://yandex.com/bots)"
5.45.207.145 - - [28/Jun/2021:08:08:52 -0400] "GET /2020/08/17/ HTTP/1.1" 200 13099 "-" "Mozilla/5.0 (compatible; YandexBot/3.0; +http://yandex.com/bots)"
5.255.231.130 - - [28/Jun/2021:08:08:55 -0400] "GET /2021/06/28/knox-gelatine-1938/ HTTP/1.1" 200 18056 "-" "Mozilla/5.0 (compatible; YandexBot/3.0; +http://yandex.com/bots)"
5.255.231.130 - - [28/Jun/2021:08:08:58 -0400] "GET /?p=6950 HTTP/1.1" 301 607 "-" "Mozilla/5.0 (compatible; YandexBot/3.0; +http://yandex.com/bots)"
5.255.231.130 - - [28/Jun/2021:08:09:01 -0400] "GET /2020/08/17/his-name-is-karl-we-dont-know-his-family-name-but-he-did-have-a-mona-lisa-smile-he-served-in-8th-company-reserve-infanterie-regiment-nr-239-and-had-this-photo-taken-somewhere-in-the-cham/ HTTP/1.1" 200 13411 "-" "Mozilla/5.0 (compatible; YandexBot/3.0; +http://yandex.com/bots)"
185.191.171.36 - - [28/Jun/2021:08:09:03 -0400] "GET /2021/06/09/here-are-free-activities-to-help-celebrate-juneteenth-in-a-way-that-uplifts-and-builds-a-foundation-for-future-learning-all-materials-included-http-goosegooseduck-com-juneteenth-2020-your-pre-elem/ HTTP/1.1" 200 18641 "-" "Mozilla/5.0 (compatible; SemrushBot/7~bl; +http://www.semrush.com/bot.html)"
5.255.231.130 - - [28/Jun/2021:08:09:03 -0400] "GET /wp-json/oembed/1.0/embed?url=https%3A%2F%2Fajhydell.com%2F2020%2F08%2F17%2Fhis-name-is-karl-we-dont-know-his-family-name-but-he-did-have-a-mona-lisa-smile-he-served-in-8th-company-reserve-infanterie-regiment-nr-239-and-had-this-photo-taken-somewhere-in-the-cham%2F HTTP/1.1" 200 4031 "-" "Mozilla/5.0 (compatible; YandexBot/3.0; +http://yandex.com/bots)"
5.255.231.130 - - [28/Jun/2021:08:09:06 -0400] "GET /wp-json/wp/v2/posts/6950 HTTP/1.1" 200 3515 "-" "Mozilla/5.0 (compatible; YandexBot/3.0; +http://yandex.com/bots)"
204.48.19.85 - - [28/Jun/2021:08:11:13 -0400] "POST /wp-cron.php?doing_wp_cron=1624882273.3424489498138427734375 HTTP/1.1" 200 5463 "https://ajhydell.com/wp-cron.php?doing_wp_cron=1624882273.3424489498138427734375" "WordPress/5.7.2; https://ajhydell.com"
23.100.232.233 - - [28/Jun/2021:08:11:12 -0400] "GET /2021/06/22/25-years-ago-yesterday-jurassic-park-the-ride-officially-opened-at-universal-studios-hollywood-here-steven-spielberg-and-jeff-goldblum-lift-the-torches-for-the-rides-grand-opening-on-june-21-19/ HTTP/1.1" 200 17621 "-" "Mozilla/5.0 (compatible; MSIE 9.0; Windows NT 6.1; Trident/5.0;  Trident/5.0)"
23.100.232.233 - - [28/Jun/2021:08:11:14 -0400] "GET /wp-content/plugins/add-expires-headers/cache/0/com/processed-header-f16a8d323e83e1bc1b76514e283fb81b7090a959.min.css HTTP/1.1" 200 52893 "https://ajhydell.com/2021/06/22/25-years-ago-yesterday-jurassic-park-the-ride-officially-opened-at-universal-studios-hollywood-here-steven-spielberg-and-jeff-goldblum-lift-the-torches-for-the-rides-grand-opening-on-june-21-19/" "Mozilla/5.0 (compatible; MSIE 9.0; Windows NT 6.1; Trident/5.0;  Trident/5.0)"
23.100.232.233 - - [28/Jun/2021:08:11:14 -0400] "GET /wp-includes/js/jquery/jquery.min.js?ver=3.5.1 HTTP/1.1" 200 31550 "https://ajhydell.com/2021/06/22/25-years-ago-yesterday-jurassic-park-the-ride-officially-opened-at-universal-studios-hollywood-here-steven-spielberg-and-jeff-goldblum-lift-the-torches-for-the-rides-grand-opening-on-june-21-19/" "Mozilla/5.0 (compatible; MSIE 9.0; Windows NT 6.1; Trident/5.0;  Trident/5.0)"
23.100.232.233 - - [28/Jun/2021:08:11:14 -0400] "GET /wp-content/plugins/google-analytics-for-wordpress/assets/js/frontend-gtag.min.js?ver=7.17.0 HTTP/1.1" 200 3476 "https://ajhydell.com/2021/06/22/25-years-ago-yesterday-jurassic-park-the-ride-officially-opened-at-universal-studios-hollywood-here-steven-spielberg-and-jeff-goldblum-lift-the-torches-for-the-rides-grand-opening-on-june-21-19/" "Mozilla/5.0 (compatible; MSIE 9.0; Windows NT 6.1; Trident/5.0;  Trident/5.0)"
23.100.232.233 - - [28/Jun/2021:08:11:15 -0400] "GET /wp-includes/js/jquery/jquery-migrate.min.js?ver=3.3.2 HTTP/1.1" 200 4687 "https://ajhydell.com/2021/06/22/25-years-ago-yesterday-jurassic-park-the-ride-officially-opened-at-universal-studios-hollywood-here-steven-spielberg-and-jeff-goldblum-lift-the-torches-for-the-rides-grand-opening-on-june-21-19/" "Mozilla/5.0 (compatible; MSIE 9.0; Windows NT 6.1; Trident/5.0;  Trident/5.0)"
185.191.171.41 - - [28/Jun/2021:08:11:15 -0400] "GET /2019/03/12/ HTTP/1.1" 200 17717 "-" "Mozilla/5.0 (compatible; SemrushBot/7~bl; +http://www.semrush.com/bot.html)"
23.100.232.233 - - [28/Jun/2021:08:11:15 -0400] "GET /wp-includes/js/wp-emoji-release.min.js?ver=5.7.2 HTTP/1.1" 200 5183 "https://ajhydell.com/2021/06/22/25-years-ago-yesterday-jurassic-park-the-ride-officially-opened-at-universal-studios-hollywood-here-steven-spielberg-and-jeff-goldblum-lift-the-torches-for-the-rides-grand-opening-on-june-21-19/" "Mozilla/5.0 (compatible; MSIE 9.0; Windows NT 6.1; Trident/5.0;  Trident/5.0)"
23.100.232.233 - - [28/Jun/2021:08:11:15 -0400] "GET /wp-content/plugins/wp-smushit/app/assets/js/smush-lazy-load.min.js?ver=3.8.5 HTTP/1.1" 200 4207 "https://ajhydell.com/2021/06/22/25-years-ago-yesterday-jurassic-park-the-ride-officially-opened-at-universal-studios-hollywood-here-steven-spielberg-and-jeff-goldblum-lift-the-torches-for-the-rides-grand-opening-on-june-21-19/" "Mozilla/5.0 (compatible; MSIE 9.0; Windows NT 6.1; Trident/5.0;  Trident/5.0)"
23.100.232.233 - - [28/Jun/2021:08:11:15 -0400] "GET /wp-content/themes/royal-magazine/js/navigation.js?ver=20151215 HTTP/1.1" 200 1349 "https://ajhydell.com/2021/06/22/25-years-ago-yesterday-jurassic-park-the-ride-officially-opened-at-universal-studios-hollywood-here-steven-spielberg-and-jeff-goldblum-lift-the-torches-for-the-rides-grand-opening-on-june-21-19/" "Mozilla/5.0 (compatible; MSIE 9.0; Windows NT 6.1; Trident/5.0;  Trident/5.0)"
23.100.232.233 - - [28/Jun/2021:08:11:15 -0400] "GET /wp-content/themes/royal-magazine/js/skip-link-focus-fix.js?ver=20151215 HTTP/1.1" 200 933 "https://ajhydell.com/2021/06/22/25-years-ago-yesterday-jurassic-park-the-ride-officially-opened-at-universal-studios-hollywood-here-steven-spielberg-and-jeff-goldblum-lift-the-torches-for-the-rides-grand-opening-on-june-21-19/" "Mozilla/5.0 (compatible; MSIE 9.0; Windows NT 6.1; Trident/5.0;  Trident/5.0)"
23.100.232.233 - - [28/Jun/2021:08:11:15 -0400] "GET /wp-content/themes/royal-magazine/assets/libraries/bootstrap/js/bootstrap.min.js?ver=5.7.2 HTTP/1.1" 200 10404 "https://ajhydell.com/2021/06/22/25-years-ago-yesterday-jurassic-park-the-ride-officially-opened-at-universal-studios-hollywood-here-steven-spielberg-and-jeff-goldblum-lift-the-torches-for-the-rides-grand-opening-on-june-21-19/" "Mozilla/5.0 (compatible; MSIE 9.0; Windows NT 6.1; Trident/5.0;  Trident/5.0)"
23.100.232.233 - - [28/Jun/2021:08:11:16 -0400] "GET /wp-content/themes/royal-magazine/assets/libraries/marquee/jquery.marquee.js?ver=5.7.2 HTTP/1.1" 200 5103 "https://ajhydell.com/2021/06/22/25-years-ago-yesterday-jurassic-park-the-ride-officially-opened-at-universal-studios-hollywood-here-steven-spielberg-and-jeff-goldblum-lift-the-torches-for-the-rides-grand-opening-on-june-21-19/" "Mozilla/5.0 (compatible; MSIE 9.0; Windows NT 6.1; Trident/5.0;  Trident/5.0)"
23.100.232.233 - - [28/Jun/2021:08:11:16 -0400] "GET /wp-content/themes/royal-magazine/assets/libraries/theiaStickySidebar/theia-sticky-sidebar.min.js?ver=5.7.2 HTTP/1.1" 200 2271 "https://ajhydell.com/2021/06/22/25-years-ago-yesterday-jurassic-park-the-ride-officially-opened-at-universal-studios-hollywood-here-steven-spielberg-and-jeff-goldblum-lift-the-torches-for-the-rides-grand-opening-on-june-21-19/" "Mozilla/5.0 (compatible; MSIE 9.0; Windows NT 6.1; Trident/5.0;  Trident/5.0)"
23.100.232.233 - - [28/Jun/2021:08:11:16 -0400] "GET /wp-content/themes/royal-magazine/assets/libraries/magnific-popup/jquery.magnific-popup.min.js?ver=5.7.2 HTTP/1.1" 200 7871 "https://ajhydell.com/2021/06/22/25-years-ago-yesterday-jurassic-park-the-ride-officially-opened-at-universal-studios-hollywood-here-steven-spielberg-and-jeff-goldblum-lift-the-torches-for-the-rides-grand-opening-on-june-21-19/" "Mozilla/5.0 (compatible; MSIE 9.0; Windows NT 6.1; Trident/5.0;  Trident/5.0)"
23.100.232.233 - - [28/Jun/2021:08:11:16 -0400] "GET /wp-includes/js/wp-embed.min.js?ver=5.7.2 HTTP/1.1" 200 1221 "https://ajhydell.com/2021/06/22/25-years-ago-yesterday-jurassic-park-the-ride-officially-opened-at-universal-studios-hollywood-here-steven-spielberg-and-jeff-goldblum-lift-the-torches-for-the-rides-grand-opening-on-june-21-19/" "Mozilla/5.0 (compatible; MSIE 9.0; Windows NT 6.1; Trident/5.0;  Trident/5.0)"
23.100.232.233 - - [28/Jun/2021:08:11:16 -0400] "GET /wp-content/themes/royal-magazine/assets/libraries/slick/js/slick.min.js?ver=5.7.2 HTTP/1.1" 200 10740 "https://ajhydell.com/2021/06/22/25-years-ago-yesterday-jurassic-park-the-ride-officially-opened-at-universal-studios-hollywood-here-steven-spielberg-and-jeff-goldblum-lift-the-torches-for-the-rides-grand-opening-on-june-21-19/" "Mozilla/5.0 (compatible; MSIE 9.0; Windows NT 6.1; Trident/5.0;  Trident/5.0)"
23.100.232.233 - - [28/Jun/2021:08:11:16 -0400] "GET /wp-content/themes/royal-magazine/assets/twp/js/custom-script.js?ver=5.7.2 HTTP/1.1" 200 3023 "https://ajhydell.com/2021/06/22/25-years-ago-yesterday-jurassic-park-the-ride-officially-opened-at-universal-studios-hollywood-here-steven-spielberg-and-jeff-goldblum-lift-the-torches-for-the-rides-grand-opening-on-june-21-19/" "Mozilla/5.0 (compatible; MSIE 9.0; Windows NT 6.1; Trident/5.0;  Trident/5.0)"
23.100.232.233 - - [28/Jun/2021:08:11:16 -0400] "GET /wp-content/plugins/facebook-pagelike-widget/fb.js?ver=1.0 HTTP/1.1" 200 821 "https://ajhydell.com/2021/06/22/25-years-ago-yesterday-jurassic-park-the-ride-officially-opened-at-universal-studios-hollywood-here-steven-spielberg-and-jeff-goldblum-lift-the-torches-for-the-rides-grand-opening-on-june-21-19/" "Mozilla/5.0 (compatible; MSIE 9.0; Windows NT 6.1; Trident/5.0;  Trident/5.0)"
204.48.19.85 - - [28/Jun/2021:08:11:49 -0400] "POST /wp-cron.php?doing_wp_cron=1624882308.9960300922393798828125 HTTP/1.1" 200 5463 "https://ajhydell.com/wp-cron.php?doing_wp_cron=1624882308.9960300922393798828125" "WordPress/5.7.2; https://ajhydell.com"
54.36.148.161 - - [28/Jun/2021:08:11:48 -0400] "GET /2021/05/17/bread-or-revolution-ian-turner-member-of-the-i-w-w-industrial-workers-of-the-world-at-a-rally-in-union-square-new-york-city-11-april-1914/ HTTP/1.1" 200 18378 "-" "Mozilla/5.0 (compatible; AhrefsBot/7.0; +http://ahrefs.com/robot/)"
185.191.171.11 - - [28/Jun/2021:08:12:35 -0400] "GET /2020/06/18/ HTTP/1.1" 200 17602 "-" "Mozilla/5.0 (compatible; SemrushBot/7~bl; +http://www.semrush.com/bot.html)"
204.48.19.85 - - [28/Jun/2021:08:13:40 -0400] "POST /wp-cron.php?doing_wp_cron=1624882420.2308139801025390625000 HTTP/1.1" 200 232 "http://ajhydell.com/wp-cron.php?doing_wp_cron=1624882420.2308139801025390625000" "WordPress/5.7.2; https://ajhydell.com"
204.48.19.85 - - [28/Jun/2021:08:13:40 -0400] "POST /wp-cron.php?doing_wp_cron=1624882420.2308259010314941406250 HTTP/1.1" 200 5463 "https://ajhydell.com/wp-cron.php?doing_wp_cron=1624882420.2308259010314941406250" "WordPress/5.7.2; https://ajhydell.com"
54.236.1.11 - - [28/Jun/2021:08:13:39 -0400] "GET / HTTP/1.1" 301 343 "-" "Mozilla/5.0 (compatible; Pinterestbot/1.0; +http://www.pinterest.com/bot.html)"
54.236.1.13 - - [28/Jun/2021:08:13:39 -0400] "GET /2019/11/12/rms-queen-elizabeth-returning-us-servicemen-to-new-york-in-1945-2560-x-3192/ HTTP/1.1" 200 17558 "-" "Mozilla/5.0 (compatible; Pinterestbot/1.0; +http://www.pinterest.com/bot.html)"
54.236.1.11 - - [28/Jun/2021:08:13:40 -0400] "GET / HTTP/1.1" 200 19031 "-" "Mozilla/5.0 (compatible; Pinterestbot/1.0; +http://www.pinterest.com/bot.html)"
66.249.79.16 - - [28/Jun/2021:08:14:10 -0400] "GET /wp-content/uploads/2021/06/picture-132.jpg HTTP/1.1" 200 332309 "-" "Googlebot-Image/1.0"
204.48.19.85 - - [28/Jun/2021:08:15:23 -0400] "POST /wp-cron.php?doing_wp_cron=1624882523.9713840484619140625000 HTTP/1.1" 200 5463 "https://ajhydell.com/wp-cron.php?doing_wp_cron=1624882523.9713840484619140625000" "WordPress/5.7.2; https://ajhydell.com"
54.36.148.206 - - [28/Jun/2021:08:15:23 -0400] "GET /2020/04/30/on-this-day-28-years-ago-april-29-1992-the-los-angeles-riots-breaks-out-in-response-to-the-rodney-king-verdict-63-people-are-killed-2383-injured-12000-arrested-and-1-billion-in-property-dama/ HTTP/1.1" 200 18550 "-" "Mozilla/5.0 (compatible; AhrefsBot/7.0; +http://ahrefs.com/robot/)"
204.48.19.85 - - [28/Jun/2021:08:16:34 -0400] "POST /wp-cron.php?doing_wp_cron=1624882594.1314380168914794921875 HTTP/1.1" 200 5463 "https://ajhydell.com/wp-cron.php?doing_wp_cron=1624882594.1314380168914794921875" "WordPress/5.7.2; https://ajhydell.com"
207.46.13.120 - - [28/Jun/2021:08:16:33 -0400] "GET /2021/06/21/orange-crush-in-krinkly-bottles-1930s/feed/ HTTP/1.1" 200 5917 "-" "Mozilla/5.0 (compatible; bingbot/2.0; +http://www.bing.com/bingbot.htm)"
93.114.234.242 - - [28/Jun/2021:08:16:40 -0400] "GET /wp-login.php HTTP/1.1" 200 7772 "-" "Mozilla/5.0 (X11; Ubuntu; Linux x86_64; rv:62.0) Gecko/20100101 Firefox/62.0"
93.114.234.242 - - [28/Jun/2021:08:16:40 -0400] "POST /wp-login.php HTTP/1.1" 200 7863 "-" "Mozilla/5.0 (X11; Ubuntu; Linux x86_64; rv:62.0) Gecko/20100101 Firefox/62.0"
93.114.234.242 - - [28/Jun/2021:08:16:41 -0400] "POST /xmlrpc.php HTTP/1.1" 200 5020 "-" "Mozilla/5.0 (X11; Ubuntu; Linux x86_64; rv:62.0) Gecko/20100101 Firefox/62.0"
45.114.159.76 - - [28/Jun/2021:08:17:00 -0400] "-" 408 4765 "-" "-"
157.55.39.102 - - [28/Jun/2021:08:17:57 -0400] "GET /wp-content/uploads/2021/01/picture-112.jpg HTTP/1.1" 200 1629581 "-" "Mozilla/5.0 (compatible; bingbot/2.0; +http://www.bing.com/bingbot.htm)"
204.48.19.85 - - [28/Jun/2021:08:18:19 -0400] "POST /wp-cron.php?doing_wp_cron=1624882699.1166090965270996093750 HTTP/1.1" 200 5463 "https://ajhydell.com/wp-cron.php?doing_wp_cron=1624882699.1166090965270996093750" "WordPress/5.7.2; https://ajhydell.com"
185.191.171.18 - - [28/Jun/2021:08:18:18 -0400] "GET /2020/10/10/uss-liberty-commander-w-l-mcgonagle-sitting-in-his-damaged-cabin-after-the-technical-research-ship-spy-ship-had-been-attacked-by-israeli-forces-during-the-six-day-war-he-remained-at-the-bridg/ HTTP/1.1" 200 18501 "-" "Mozilla/5.0 (compatible; SemrushBot/7~bl; +http://www.semrush.com/bot.html)"
204.48.19.85 - - [28/Jun/2021:08:18:57 -0400] "POST /wp-cron.php?doing_wp_cron=1624882737.0918869972229003906250 HTTP/1.1" 200 5463 "https://ajhydell.com/wp-cron.php?doing_wp_cron=1624882737.0918869972229003906250" "WordPress/5.7.2; https://ajhydell.com"
54.36.149.36 - - [28/Jun/2021:08:18:56 -0400] "GET /2020/04/20/two-autistic-kids-tied-to-the-radiator-of-an-asylum-spain-1982-1242-x-1430/ HTTP/1.1" 200 18193 "-" "Mozilla/5.0 (compatible; AhrefsBot/7.0; +http://ahrefs.com/robot/)"
66.249.79.14 - - [28/Jun/2021:08:19:12 -0400] "GET /wp-content/uploads/2018/10/picture-106.jpg HTTP/1.1" 200 307650 "-" "Googlebot-Image/1.0"
204.48.19.85 - - [28/Jun/2021:08:20:30 -0400] "POST /wp-cron.php?doing_wp_cron=1624882830.1423358917236328125000 HTTP/1.1" 200 5463 "https://ajhydell.com/wp-cron.php?doing_wp_cron=1624882830.1423358917236328125000" "WordPress/5.7.2; https://ajhydell.com"
66.249.79.18 - - [28/Jun/2021:08:20:29 -0400] "GET /2020/05/05/75-years-ago-today-4th-may-1945-hans-georg-von-friedeburg-signs-the-surrender-of-the-german-armed-forces-in-montgomerys-tent-color-by-christos-kaplanis/ HTTP/1.1" 200 18335 "-" "Mozilla/5.0 (compatible; Googlebot/2.1; +http://www.google.com/bot.html)"
207.46.13.151 - - [28/Jun/2021:08:20:57 -0400] "GET /wp-content/uploads/2018/12/picture-13.jpg HTTP/1.1" 200 141847 "-" "Mozilla/5.0 (compatible; bingbot/2.0; +http://www.bing.com/bingbot.htm)"
204.48.19.85 - - [28/Jun/2021:08:21:45 -0400] "POST /wp-cron.php?doing_wp_cron=1624882905.4637939929962158203125 HTTP/1.1" 200 5463 "https://ajhydell.com/wp-cron.php?doing_wp_cron=1624882905.4637939929962158203125" "WordPress/5.7.2; https://ajhydell.com"
157.55.39.57 - - [28/Jun/2021:08:21:45 -0400] "GET /2019/07/05/italian-partisans-in-a-village-of-the-chisone-valley-val-chisone-piedmont-1944-1000-partisans-established-a-free-zone-in-this-and-the-adjacent-valleys-in-february-march-1944-and-from-may-to-augu/ HTTP/1.1" 200 18110 "-" "Mozilla/5.0 (compatible; bingbot/2.0; +http://www.bing.com/bingbot.htm)"
5.255.231.130 - - [28/Jun/2021:08:22:14 -0400] "GET /robots.txt HTTP/1.1" 200 5703 "-" "Mozilla/5.0 (compatible; YandexBot/3.0; +http://yandex.com/bots)"
5.255.231.130 - - [28/Jun/2021:08:22:17 -0400] "GET /wp-content/uploads/2020/01/picture-64-scaled.jpg HTTP/1.1" 200 698612 "-" "Mozilla/5.0 (compatible; YandexImages/3.0; +http://yandex.com/bots)"
70.172.3.18 - - [28/Jun/2021:08:22:18 -0400] "GET /wp-content/uploads/2018/12/picture-80.jpg HTTP/1.1" 200 1400177 "https://www.google.com/" "Mozilla/5.0 (Windows NT 10.0; Win64; x64) AppleWebKit/537.36 (KHTML, like Gecko) Chrome/91.0.4472.124 Safari/537.36"
207.46.13.120 - - [28/Jun/2021:08:22:19 -0400] "GET /2019/10/10/remember-pearl-harbor-purl-harder-promoting-civilian-knitting-for-war-production-new-york-city-wpa-war-service-1942/ HTTP/1.1" 200 17856 "-" "Mozilla/5.0 (compatible; bingbot/2.0; +http://www.bing.com/bingbot.htm)"
54.36.148.199 - - [28/Jun/2021:08:22:29 -0400] "GET /2018/08/13/construction-of-uss-shenandoah-zr-1-at-naval-air-station-lakehurst-new-jersey-29-may-1923-2/ HTTP/1.1" 200 17918 "-" "Mozilla/5.0 (compatible; AhrefsBot/7.0; +http://ahrefs.com/robot/)"
185.191.171.8 - - [28/Jun/2021:08:22:34 -0400] "GET /2019/08/03/my-grandfather-in-the-coast-guard-1959/ HTTP/1.1" 200 18007 "-" "Mozilla/5.0 (compatible; SemrushBot/7~bl; +http://www.semrush.com/bot.html)"
207.46.13.120 - - [28/Jun/2021:08:24:05 -0400] "GET /wp-content/uploads/2020/03/picture-82.jpg HTTP/1.1" 200 85520 "-" "Mozilla/5.0 (compatible; bingbot/2.0; +http://www.bing.com/bingbot.htm)"
24.59.226.57 - - [28/Jun/2021:08:25:25 -0400] "GET /wp-content/uploads/2019/12/picture-29-745x1024.jpg HTTP/1.1" 200 161463 "https://images.search.yahoo.com/search/images;_ylt=AwrE1xaqv9lgmWsAJU9XNyoA;_ylu=Y29sbwNiZjEEcG9zAzIEdnRpZAMEc2VjA3Nj?p=vikki+dougan&fr=mcafee" "Mozilla/5.0 (Windows NT 10.0; Win64; x64) AppleWebKit/537.36 (KHTML, like Gecko) Chrome/91.0.4472.114 Safari/537.36"
204.48.19.85 - - [28/Jun/2021:08:26:00 -0400] "POST /wp-cron.php?doing_wp_cron=1624883160.4343039989471435546875 HTTP/1.1" 200 5463 "https://ajhydell.com/wp-cron.php?doing_wp_cron=1624883160.4343039989471435546875" "WordPress/5.7.2; https://ajhydell.com"
185.191.171.23 - - [28/Jun/2021:08:25:59 -0400] "GET /2020/12/11/valiant-japanese-soldiers-are-invincible-in-battle-advanced-japanese-weaponry-is-the-most-dominant-in-the-world-japan-1930s/ HTTP/1.1" 200 18199 "-" "Mozilla/5.0 (compatible; SemrushBot/7~bl; +http://www.semrush.com/bot.html)"
66.249.79.16 - - [28/Jun/2021:08:26:10 -0400] "GET /wp-content/uploads/2021/06/picture-89-646x1024.jpg HTTP/1.1" 200 79106 "-" "Googlebot-Image/1.0"
66.249.79.14 - - [28/Jun/2021:08:26:10 -0400] "GET /robots.txt HTTP/1.1" 200 5685 "-" "Mozilla/5.0 (compatible; Googlebot/2.1; +http://www.google.com/bot.html)"
54.36.149.90 - - [28/Jun/2021:08:26:17 -0400] "GET /2021/04/01/ HTTP/1.1" 200 18328 "-" "Mozilla/5.0 (compatible; AhrefsBot/7.0; +http://ahrefs.com/robot/)"
207.46.13.120 - - [28/Jun/2021:08:26:44 -0400] "GET /2020/06/22/vladimir-lenins-last-photo-he-had-had-three-strokes-at-this-point-and-was-completely-mute-1923-1200-x-1472/ HTTP/1.1" 200 17906 "-" "Mozilla/5.0 (compatible; bingbot/2.0; +http://www.bing.com/bingbot.htm)"
204.48.19.85 - - [28/Jun/2021:08:26:46 -0400] "POST /wp-cron.php?doing_wp_cron=1624883206.7965879440307617187500 HTTP/1.1" 200 5463 "https://ajhydell.com/wp-cron.php?doing_wp_cron=1624883206.7965879440307617187500" "WordPress/5.7.2; https://ajhydell.com"
207.46.13.120 - - [28/Jun/2021:08:26:46 -0400] "GET /2020/11/23/american-soldiers-capture-a-local-man-during-the-us-invasion-of-the-island-of-grenada-october-1983-2048x1404/ HTTP/1.1" 200 17872 "-" "Mozilla/5.0 (compatible; bingbot/2.0; +http://www.bing.com/bingbot.htm)"
40.77.188.125 - - [28/Jun/2021:08:26:53 -0400] "GET /?wordfence_lh=1&hid=243F34CB4D19B014BBF5FF1E08824902&r=0.22938252712555718 HTTP/1.1" 200 5556 "https://ajhydell.com/2020/11/23/american-soldiers-capture-a-local-man-during-the-us-invasion-of-the-island-of-grenada-october-1983-2048x1404/" "Mozilla/5.0 (Windows NT 6.1; WOW64) AppleWebKit/534+ (KHTML, like Gecko) BingPreview/1.0b"
116.62.49.96 - - [28/Jun/2021:08:27:10 -0400] "POST /wp-login.php HTTP/1.1" 503 23967 "-" "Mozilla/5.0 (Windows NT 6.1; WOW64) AppleWebKit/537.36 (KHTML, like Gecko) Chrome/51.0.2704.106 Safari/537.36"
204.48.19.85 - - [28/Jun/2021:08:27:50 -0400] "POST /wp-cron.php?doing_wp_cron=1624883270.0746989250183105468750 HTTP/1.1" 200 5463 "https://ajhydell.com/wp-cron.php?doing_wp_cron=1624883270.0746989250183105468750" "WordPress/5.7.2; https://ajhydell.com"
66.249.79.16 - - [28/Jun/2021:08:27:49 -0400] "GET /feed/ HTTP/1.1" 200 7395 "-" "Mozilla/5.0 (compatible; Googlebot/2.1; +http://www.google.com/bot.html)"
66.249.79.16 - - [28/Jun/2021:08:27:52 -0400] "GET /2021/06/28/battle-of-seelow-hights/ HTTP/1.1" 200 12637 "-" "Mozilla/5.0 (Linux; Android 6.0.1; Nexus 5X Build/MMB29P) AppleWebKit/537.36 (KHTML, like Gecko) Chrome/91.0.4472.90 Mobile Safari/537.36 (compatible; Googlebot/2.1; +http://www.google.com/bot.html)"
66.249.79.14 - - [28/Jun/2021:08:28:05 -0400] "GET /2019/08/08/exercise-for-the-revolution-china-1975/ HTTP/1.1" 200 18086 "-" "Mozilla/5.0 (compatible; Googlebot/2.1; +http://www.google.com/bot.html)"
66.249.79.16 - - [28/Jun/2021:08:28:06 -0400] "GET /wp-content/plugins/facebook-pagelike-widget/fb.js?ver=1.0 HTTP/1.1" 200 5973 "https://ajhydell.com/2021/06/28/battle-of-seelow-hights/" "Mozilla/5.0 (Linux; Android 6.0.1; Nexus 5X Build/MMB29P) AppleWebKit/537.36 (KHTML, like Gecko) Chrome/91.0.4472.90 Mobile Safari/537.36 (compatible; Googlebot/2.1; +http://www.google.com/bot.html)"
66.249.79.14 - - [28/Jun/2021:08:28:11 -0400] "GET /wp-content/plugins/facebook-pagelike-widget/loader.gif HTTP/1.1" 200 13804 "-" "Googlebot-Image/1.0"
66.249.79.14 - - [28/Jun/2021:08:28:11 -0400] "GET /wp-content/uploads/2021/06/picture-137.jpg HTTP/1.1" 200 59255 "-" "Googlebot-Image/1.0"
66.249.79.14 - - [28/Jun/2021:08:28:12 -0400] "GET /wp-content/uploads/2018/08/logo.jpg HTTP/1.1" 200 121087 "-" "Googlebot-Image/1.0"
66.249.79.16 - - [28/Jun/2021:08:28:12 -0400] "GET /wp-content/uploads/2018/08/cropped-logo-32x32.jpg HTTP/1.1" 200 6477 "-" "Googlebot-Image/1.0"
207.46.13.22 - - [28/Jun/2021:08:28:15 -0400] "GET /2020/10/04/together-we-shall-strangle-hitlerism-united-kingdom-ran-between-1940-46-unknown-artist/ HTTP/1.1" 200 17949 "-" "Mozilla/5.0 (compatible; bingbot/2.0; +http://www.bing.com/bingbot.htm)"
23.100.232.233 - - [28/Jun/2021:08:28:35 -0400] "GET /2019/12/19/they-salute-with-both-hands-now-the-london-evening-standards-david-low-reacts-to-hitlers-purge-of-the-brownshirts-in-the-night-of-the-long-knives-july-3-1934/ HTTP/1.1" 200 18005 "-" "Mozilla/5.0 (compatible; MSIE 9.0; Windows NT 6.0; Trident/5.0;  Trident/5.0)"
23.100.232.233 - - [28/Jun/2021:08:28:37 -0400] "GET /wp-content/plugins/add-expires-headers/cache/0/com/processed-header-f16a8d323e83e1bc1b76514e283fb81b7090a959.min.css HTTP/1.1" 200 52893 "https://ajhydell.com/2019/12/19/they-salute-with-both-hands-now-the-london-evening-standards-david-low-reacts-to-hitlers-purge-of-the-brownshirts-in-the-night-of-the-long-knives-july-3-1934/" "Mozilla/5.0 (compatible; MSIE 9.0; Windows NT 6.0; Trident/5.0;  Trident/5.0)"
23.100.232.233 - - [28/Jun/2021:08:28:37 -0400] "GET /wp-content/plugins/google-analytics-for-wordpress/assets/js/frontend-gtag.min.js?ver=7.17.0 HTTP/1.1" 200 3476 "https://ajhydell.com/2019/12/19/they-salute-with-both-hands-now-the-london-evening-standards-david-low-reacts-to-hitlers-purge-of-the-brownshirts-in-the-night-of-the-long-knives-july-3-1934/" "Mozilla/5.0 (compatible; MSIE 9.0; Windows NT 6.0; Trident/5.0;  Trident/5.0)"
23.100.232.233 - - [28/Jun/2021:08:28:37 -0400] "GET /wp-includes/js/jquery/jquery.min.js?ver=3.5.1 HTTP/1.1" 200 31550 "https://ajhydell.com/2019/12/19/they-salute-with-both-hands-now-the-london-evening-standards-david-low-reacts-to-hitlers-purge-of-the-brownshirts-in-the-night-of-the-long-knives-july-3-1934/" "Mozilla/5.0 (compatible; MSIE 9.0; Windows NT 6.0; Trident/5.0;  Trident/5.0)"
23.100.232.233 - - [28/Jun/2021:08:28:38 -0400] "GET /wp-includes/js/jquery/jquery-migrate.min.js?ver=3.3.2 HTTP/1.1" 200 4687 "https://ajhydell.com/2019/12/19/they-salute-with-both-hands-now-the-london-evening-standards-david-low-reacts-to-hitlers-purge-of-the-brownshirts-in-the-night-of-the-long-knives-july-3-1934/" "Mozilla/5.0 (compatible; MSIE 9.0; Windows NT 6.0; Trident/5.0;  Trident/5.0)"
23.100.232.233 - - [28/Jun/2021:08:28:39 -0400] "GET /wp-content/plugins/wp-smushit/app/assets/js/smush-lazy-load.min.js?ver=3.8.5 HTTP/1.1" 200 4207 "https://ajhydell.com/2019/12/19/they-salute-with-both-hands-now-the-london-evening-standards-david-low-reacts-to-hitlers-purge-of-the-brownshirts-in-the-night-of-the-long-knives-july-3-1934/" "Mozilla/5.0 (compatible; MSIE 9.0; Windows NT 6.0; Trident/5.0;  Trident/5.0)"
23.100.232.233 - - [28/Jun/2021:08:28:39 -0400] "GET /wp-includes/js/wp-emoji-release.min.js?ver=5.7.2 HTTP/1.1" 200 5183 "https://ajhydell.com/2019/12/19/they-salute-with-both-hands-now-the-london-evening-standards-david-low-reacts-to-hitlers-purge-of-the-brownshirts-in-the-night-of-the-long-knives-july-3-1934/" "Mozilla/5.0 (compatible; MSIE 9.0; Windows NT 6.0; Trident/5.0;  Trident/5.0)"
23.100.232.233 - - [28/Jun/2021:08:28:40 -0400] "GET /wp-content/themes/royal-magazine/js/navigation.js?ver=20151215 HTTP/1.1" 200 1349 "https://ajhydell.com/2019/12/19/they-salute-with-both-hands-now-the-london-evening-standards-david-low-reacts-to-hitlers-purge-of-the-brownshirts-in-the-night-of-the-long-knives-july-3-1934/" "Mozilla/5.0 (compatible; MSIE 9.0; Windows NT 6.0; Trident/5.0;  Trident/5.0)"
23.100.232.233 - - [28/Jun/2021:08:28:40 -0400] "GET /wp-content/themes/royal-magazine/js/skip-link-focus-fix.js?ver=20151215 HTTP/1.1" 200 933 "https://ajhydell.com/2019/12/19/they-salute-with-both-hands-now-the-london-evening-standards-david-low-reacts-to-hitlers-purge-of-the-brownshirts-in-the-night-of-the-long-knives-july-3-1934/" "Mozilla/5.0 (compatible; MSIE 9.0; Windows NT 6.0; Trident/5.0;  Trident/5.0)"
23.100.232.233 - - [28/Jun/2021:08:28:41 -0400] "GET /wp-content/themes/royal-magazine/assets/libraries/marquee/jquery.marquee.js?ver=5.7.2 HTTP/1.1" 200 5103 "https://ajhydell.com/2019/12/19/they-salute-with-both-hands-now-the-london-evening-standards-david-low-reacts-to-hitlers-purge-of-the-brownshirts-in-the-night-of-the-long-knives-july-3-1934/" "Mozilla/5.0 (compatible; MSIE 9.0; Windows NT 6.0; Trident/5.0;  Trident/5.0)"
23.100.232.233 - - [28/Jun/2021:08:28:41 -0400] "GET /wp-content/themes/royal-magazine/assets/libraries/bootstrap/js/bootstrap.min.js?ver=5.7.2 HTTP/1.1" 200 10404 "https://ajhydell.com/2019/12/19/they-salute-with-both-hands-now-the-london-evening-standards-david-low-reacts-to-hitlers-purge-of-the-brownshirts-in-the-night-of-the-long-knives-july-3-1934/" "Mozilla/5.0 (compatible; MSIE 9.0; Windows NT 6.0; Trident/5.0;  Trident/5.0)"
23.100.232.233 - - [28/Jun/2021:08:28:41 -0400] "GET /wp-content/themes/royal-magazine/assets/twp/js/custom-script.js?ver=5.7.2 HTTP/1.1" 200 3023 "https://ajhydell.com/2019/12/19/they-salute-with-both-hands-now-the-london-evening-standards-david-low-reacts-to-hitlers-purge-of-the-brownshirts-in-the-night-of-the-long-knives-july-3-1934/" "Mozilla/5.0 (compatible; MSIE 9.0; Windows NT 6.0; Trident/5.0;  Trident/5.0)"
23.100.232.233 - - [28/Jun/2021:08:28:41 -0400] "GET /wp-content/themes/royal-magazine/assets/libraries/magnific-popup/jquery.magnific-popup.min.js?ver=5.7.2 HTTP/1.1" 200 7871 "https://ajhydell.com/2019/12/19/they-salute-with-both-hands-now-the-london-evening-standards-david-low-reacts-to-hitlers-purge-of-the-brownshirts-in-the-night-of-the-long-knives-july-3-1934/" "Mozilla/5.0 (compatible; MSIE 9.0; Windows NT 6.0; Trident/5.0;  Trident/5.0)"
23.100.232.233 - - [28/Jun/2021:08:28:42 -0400] "GET /wp-content/plugins/facebook-pagelike-widget/fb.js?ver=1.0 HTTP/1.1" 200 821 "https://ajhydell.com/2019/12/19/they-salute-with-both-hands-now-the-london-evening-standards-david-low-reacts-to-hitlers-purge-of-the-brownshirts-in-the-night-of-the-long-knives-july-3-1934/" "Mozilla/5.0 (compatible; MSIE 9.0; Windows NT 6.0; Trident/5.0;  Trident/5.0)"
23.100.232.233 - - [28/Jun/2021:08:28:42 -0400] "GET /wp-content/themes/royal-magazine/assets/libraries/slick/js/slick.min.js?ver=5.7.2 HTTP/1.1" 200 10740 "https://ajhydell.com/2019/12/19/they-salute-with-both-hands-now-the-london-evening-standards-david-low-reacts-to-hitlers-purge-of-the-brownshirts-in-the-night-of-the-long-knives-july-3-1934/" "Mozilla/5.0 (compatible; MSIE 9.0; Windows NT 6.0; Trident/5.0;  Trident/5.0)"
23.100.232.233 - - [28/Jun/2021:08:28:42 -0400] "GET /wp-includes/js/wp-embed.min.js?ver=5.7.2 HTTP/1.1" 200 1221 "https://ajhydell.com/2019/12/19/they-salute-with-both-hands-now-the-london-evening-standards-david-low-reacts-to-hitlers-purge-of-the-brownshirts-in-the-night-of-the-long-knives-july-3-1934/" "Mozilla/5.0 (compatible; MSIE 9.0; Windows NT 6.0; Trident/5.0;  Trident/5.0)"
23.100.232.233 - - [28/Jun/2021:08:28:42 -0400] "GET /wp-content/themes/royal-magazine/assets/libraries/theiaStickySidebar/theia-sticky-sidebar.min.js?ver=5.7.2 HTTP/1.1" 200 2271 "https://ajhydell.com/2019/12/19/they-salute-with-both-hands-now-the-london-evening-standards-david-low-reacts-to-hitlers-purge-of-the-brownshirts-in-the-night-of-the-long-knives-july-3-1934/" "Mozilla/5.0 (compatible; MSIE 9.0; Windows NT 6.0; Trident/5.0;  Trident/5.0)"
204.48.19.85 - - [28/Jun/2021:08:28:46 -0400] "POST /wp-cron.php?doing_wp_cron=1624883326.7972910404205322265625 HTTP/1.1" 200 5463 "https://ajhydell.com/wp-cron.php?doing_wp_cron=1624883326.7972910404205322265625" "WordPress/5.7.2; https://ajhydell.com"
23.100.232.233 - - [28/Jun/2021:08:28:46 -0400] "GET /?wordfence_lh=1&hid=A0EDA8BDD84AB4BCA3C8578047295D08&r=0.10949717825552363 HTTP/1.1" 200 357 "https://ajhydell.com/2019/12/19/they-salute-with-both-hands-now-the-london-evening-standards-david-low-reacts-to-hitlers-purge-of-the-brownshirts-in-the-night-of-the-long-knives-july-3-1934/" "Mozilla/5.0 (compatible; MSIE 9.0; Windows NT 6.0; Trident/5.0;  Trident/5.0)"
