207.46.13.151 - - [04/Jul/2021:09:48:35 -0400] "GET /2021/01/page/5/ HTTP/1.1" 200 14085 "-" "Mozilla/5.0 (compatible; bingbot/2.0; +http://www.bing.com/bingbot.htm)"
207.46.13.151 - - [04/Jul/2021:09:48:35 -0400] "GET /2020/08/page/8/ HTTP/1.1" 200 14577 "-" "Mozilla/5.0 (compatible; bingbot/2.0; +http://www.bing.com/bingbot.htm)"
207.46.13.151 - - [04/Jul/2021:09:48:35 -0400] "GET /2020/03/page/8/ HTTP/1.1" 200 14228 "-" "Mozilla/5.0 (compatible; bingbot/2.0; +http://www.bing.com/bingbot.htm)"
207.46.13.151 - - [04/Jul/2021:09:48:35 -0400] "GET /2018/08/page/4/ HTTP/1.1" 200 14146 "-" "Mozilla/5.0 (compatible; bingbot/2.0; +http://www.bing.com/bingbot.htm)"
207.46.13.151 - - [04/Jul/2021:09:48:36 -0400] "GET /2021/06/23/ HTTP/1.1" 200 13214 "-" "Mozilla/5.0 (compatible; bingbot/2.0; +http://www.bing.com/bingbot.htm)"
207.46.13.151 - - [04/Jul/2021:09:48:36 -0400] "GET /2021/06/22/la-grande-croisade-1942-vichy-france-an-advert-for-the-legion-of-french-volunteers-against-bolshevism/ HTTP/1.1" 200 13529 "-" "Mozilla/5.0 (compatible; bingbot/2.0; +http://www.bing.com/bingbot.htm)"
207.46.13.151 - - [04/Jul/2021:09:48:36 -0400] "GET /2021/05/02/ HTTP/1.1" 200 13162 "-" "Mozilla/5.0 (compatible; bingbot/2.0; +http://www.bing.com/bingbot.htm)"
157.55.39.134 - - [04/Jul/2021:09:48:43 -0400] "GET /2021/05/14/ HTTP/1.1" 200 18688 "-" "Mozilla/5.0 (compatible; bingbot/2.0; +http://www.bing.com/bingbot.htm)"
157.55.39.134 - - [04/Jul/2021:09:48:43 -0400] "GET /2020/page/7/ HTTP/1.1" 200 13886 "-" "Mozilla/5.0 (compatible; bingbot/2.0; +http://www.bing.com/bingbot.htm)"
157.55.39.134 - - [04/Jul/2021:09:48:43 -0400] "GET /2020/02/page/7/ HTTP/1.1" 200 14332 "-" "Mozilla/5.0 (compatible; bingbot/2.0; +http://www.bing.com/bingbot.htm)"
157.55.39.134 - - [04/Jul/2021:09:48:43 -0400] "GET /2021/06/23/iranian-anti-nazi-caricature-portraying-hitler-as-a-medival-tyrant-ww2/ HTTP/1.1" 200 13169 "-" "Mozilla/5.0 (compatible; bingbot/2.0; +http://www.bing.com/bingbot.htm)"
157.55.39.134 - - [04/Jul/2021:09:48:44 -0400] "GET /2021/06/22/ HTTP/1.1" 200 13348 "-" "Mozilla/5.0 (compatible; bingbot/2.0; +http://www.bing.com/bingbot.htm)"
157.55.39.134 - - [04/Jul/2021:09:48:44 -0400] "GET /2021/06/23/luftwaffe-aces-and-other-knights-cross-recipients-chat-with-hitler-after-a-decoration-ceremony-at-berghof-april-4-1944-notable-pilots-are-gerhard-barkhorn-erich-hartmann-and-walter-krupinski-all/ HTTP/1.1" 200 13653 "-" "Mozilla/5.0 (compatible; bingbot/2.0; +http://www.bing.com/bingbot.htm)"
204.48.19.85 - - [04/Jul/2021:09:48:48 -0400] "POST /wp-cron.php?doing_wp_cron=1625406528.9679811000823974609375 HTTP/1.1" 200 6295 "https://ajhydell.com/wp-cron.php?doing_wp_cron=1625406528.9679811000823974609375" "WordPress/5.7.2; https://ajhydell.com"
207.46.13.96 - - [04/Jul/2021:09:48:48 -0400] "GET /2021/06/page/2/ HTTP/1.1" 200 19922 "-" "Mozilla/5.0 (compatible; bingbot/2.0; +http://www.bing.com/bingbot.htm)"
157.55.39.136 - - [04/Jul/2021:09:48:54 -0400] "GET /2021/03/page/9/ HTTP/1.1" 200 19930 "-" "Mozilla/5.0 (compatible; bingbot/2.0; +http://www.bing.com/bingbot.htm)"
157.55.39.136 - - [04/Jul/2021:09:48:54 -0400] "GET /2020/05/page/8/ HTTP/1.1" 200 14219 "-" "Mozilla/5.0 (compatible; bingbot/2.0; +http://www.bing.com/bingbot.htm)"
157.55.39.136 - - [04/Jul/2021:09:48:54 -0400] "GET /2019/11/17/the-best-fed-soldier-in-the-world-1940s/ HTTP/1.1" 200 12914 "-" "Mozilla/5.0 (compatible; bingbot/2.0; +http://www.bing.com/bingbot.htm)"
157.55.39.136 - - [04/Jul/2021:09:48:54 -0400] "GET /2018/10/page/5/ HTTP/1.1" 200 14245 "-" "Mozilla/5.0 (compatible; bingbot/2.0; +http://www.bing.com/bingbot.htm)"
157.55.39.136 - - [04/Jul/2021:09:48:55 -0400] "GET /2021/06/22/be-afraid-be-very-afraid-poster-ca-2001-election-poster-depicting-william-hague-leader-of-the-conservative-party-with-the-superimposed-hairstyle-and-earrings-of-former-conservative-prime-min/ HTTP/1.1" 200 13382 "-" "Mozilla/5.0 (compatible; bingbot/2.0; +http://www.bing.com/bingbot.htm)"
157.55.39.136 - - [04/Jul/2021:09:48:55 -0400] "GET /2020/02/27/did-another-one-lmk-what-you-all-think/ HTTP/1.1" 404 59066 "-" "Mozilla/5.0 (compatible; bingbot/2.0; +http://www.bing.com/bingbot.htm)"
157.55.39.22 - - [04/Jul/2021:09:49:00 -0400] "GET /2020/07/page/7/ HTTP/1.1" 200 19818 "-" "Mozilla/5.0 (compatible; bingbot/2.0; +http://www.bing.com/bingbot.htm)"
157.55.39.22 - - [04/Jul/2021:09:49:00 -0400] "GET /2018/12/page/7/ HTTP/1.1" 200 14516 "-" "Mozilla/5.0 (compatible; bingbot/2.0; +http://www.bing.com/bingbot.htm)"
157.55.39.22 - - [04/Jul/2021:09:49:00 -0400] "GET /2021/06/23/freddie-mercury-with-his-mother-1947-448x700/ HTTP/1.1" 200 12955 "-" "Mozilla/5.0 (compatible; bingbot/2.0; +http://www.bing.com/bingbot.htm)"
157.55.39.22 - - [04/Jul/2021:09:49:01 -0400] "GET /2021/06/23/blackjack-chewing-gum-1925/ HTTP/1.1" 200 12953 "-" "Mozilla/5.0 (compatible; bingbot/2.0; +http://www.bing.com/bingbot.htm)"
157.55.39.22 - - [04/Jul/2021:09:49:01 -0400] "GET /2021/06/22/uss-cowpens-listing-hard-port-during-typhoon-cobra-in-the-philippine-sea-18-december-1944/ HTTP/1.1" 200 13404 "-" "Mozilla/5.0 (compatible; bingbot/2.0; +http://www.bing.com/bingbot.htm)"
157.55.39.22 - - [04/Jul/2021:09:49:01 -0400] "GET /2021/06/22/hitler-and-mussolini-reviewing-the-fascist-leadership-russian-poster-made-by-the-kukryniksy-ussr-1936/ HTTP/1.1" 200 13322 "-" "Mozilla/5.0 (compatible; bingbot/2.0; +http://www.bing.com/bingbot.htm)"
157.55.39.22 - - [04/Jul/2021:09:49:01 -0400] "GET /2021/06/21/nazi-germany-vision-of-greatness-1933/ HTTP/1.1" 200 13126 "-" "Mozilla/5.0 (compatible; bingbot/2.0; +http://www.bing.com/bingbot.htm)"
157.55.39.22 - - [04/Jul/2021:09:49:01 -0400] "GET /2021/06/06/four-female-pilots-leaving-their-ship-pistol-packin-mama-at-the-four-engine-school-at-lockbourne-aaf-world-war-ii-1944-colourized-by-marina-amaral/ HTTP/1.1" 200 13247 "-" "Mozilla/5.0 (compatible; bingbot/2.0; +http://www.bing.com/bingbot.htm)"
157.55.39.22 - - [04/Jul/2021:09:49:01 -0400] "GET /2021/06/07/kirin-beer-ad-japan-1990s/ HTTP/1.1" 200 13069 "-" "Mozilla/5.0 (compatible; bingbot/2.0; +http://www.bing.com/bingbot.htm)"
157.55.39.22 - - [04/Jul/2021:09:49:02 -0400] "GET /2021/06/12/ HTTP/1.1" 200 13116 "-" "Mozilla/5.0 (compatible; bingbot/2.0; +http://www.bing.com/bingbot.htm)"
157.55.39.22 - - [04/Jul/2021:09:49:02 -0400] "GET /2021/06/13/ HTTP/1.1" 200 12886 "-" "Mozilla/5.0 (compatible; bingbot/2.0; +http://www.bing.com/bingbot.htm)"
207.46.13.22 - - [04/Jul/2021:09:49:12 -0400] "GET /2020/12/04/british-adventurer-soldier-and-author-colonel-thomas-edward-lawrence-or-lawrence-of-arabia-riding-a-camel-1916-1670x2048/ HTTP/1.1" 200 18972 "-" "Mozilla/5.0 (compatible; bingbot/2.0; +http://www.bing.com/bingbot.htm)"
207.46.13.22 - - [04/Jul/2021:09:49:12 -0400] "GET /2021/03/page/10/ HTTP/1.1" 200 14096 "-" "Mozilla/5.0 (compatible; bingbot/2.0; +http://www.bing.com/bingbot.htm)"
207.46.13.22 - - [04/Jul/2021:09:49:12 -0400] "GET /2021/05/05/ HTTP/1.1" 200 13465 "-" "Mozilla/5.0 (compatible; bingbot/2.0; +http://www.bing.com/bingbot.htm)"
207.46.13.22 - - [04/Jul/2021:09:49:12 -0400] "GET /2021/05/08/ HTTP/1.1" 200 13083 "-" "Mozilla/5.0 (compatible; bingbot/2.0; +http://www.bing.com/bingbot.htm)"
207.46.13.22 - - [04/Jul/2021:09:49:13 -0400] "GET /2021/05/26/ HTTP/1.1" 200 12996 "-" "Mozilla/5.0 (compatible; bingbot/2.0; +http://www.bing.com/bingbot.htm)"
207.46.13.22 - - [04/Jul/2021:09:49:13 -0400] "GET /2021/05/27/ HTTP/1.1" 200 12782 "-" "Mozilla/5.0 (compatible; bingbot/2.0; +http://www.bing.com/bingbot.htm)"
207.46.13.22 - - [04/Jul/2021:09:49:13 -0400] "GET /2021/06/05/islam-free-schools-germany-2018/ HTTP/1.1" 200 12952 "-" "Mozilla/5.0 (compatible; bingbot/2.0; +http://www.bing.com/bingbot.htm)"
207.46.13.22 - - [04/Jul/2021:09:49:13 -0400] "GET /2020/06/page/7/ HTTP/1.1" 200 14389 "-" "Mozilla/5.0 (compatible; bingbot/2.0; +http://www.bing.com/bingbot.htm)"
207.46.13.22 - - [04/Jul/2021:09:49:14 -0400] "GET /2020/01/page/8/ HTTP/1.1" 200 13915 "-" "Mozilla/5.0 (compatible; bingbot/2.0; +http://www.bing.com/bingbot.htm)"
207.46.13.22 - - [04/Jul/2021:09:49:14 -0400] "GET /2018/11/page/7/ HTTP/1.1" 200 14579 "-" "Mozilla/5.0 (compatible; bingbot/2.0; +http://www.bing.com/bingbot.htm)"
207.46.13.22 - - [04/Jul/2021:09:49:14 -0400] "GET /2021/page/3/ HTTP/1.1" 200 14173 "-" "Mozilla/5.0 (compatible; bingbot/2.0; +http://www.bing.com/bingbot.htm)"
40.77.167.20 - - [04/Jul/2021:09:49:21 -0400] "GET /2021/04/22/page/2/ HTTP/1.1" 500 55218 "-" "Mozilla/5.0 (compatible; bingbot/2.0; +http://www.bing.com/bingbot.htm)"
40.77.167.20 - - [04/Jul/2021:09:49:21 -0400] "GET /2021/05/28/ HTTP/1.1" 200 13539 "-" "Mozilla/5.0 (compatible; bingbot/2.0; +http://www.bing.com/bingbot.htm)"
40.77.167.20 - - [04/Jul/2021:09:49:22 -0400] "GET /2021/06/03/ HTTP/1.1" 200 12986 "-" "Mozilla/5.0 (compatible; bingbot/2.0; +http://www.bing.com/bingbot.htm)"
40.77.167.20 - - [04/Jul/2021:09:49:22 -0400] "GET /2019/02/04/if-personal-computers-are-for-everybody-how-come-theyre-priced-for-nobody-1984 HTTP/1.1" 301 506 "-" "Mozilla/5.0 (compatible; bingbot/2.0; +http://www.bing.com/bingbot.htm)"
40.77.167.20 - - [04/Jul/2021:09:49:22 -0400] "GET /2021/06/20/ HTTP/1.1" 200 13106 "-" "Mozilla/5.0 (compatible; bingbot/2.0; +http://www.bing.com/bingbot.htm)"
40.77.167.20 - - [04/Jul/2021:09:49:22 -0400] "GET /2021/06/24/shame-genociders-soviet-era-poster-detailing-the-1985-move-bombing-in-philadelphia/ HTTP/1.1" 200 13064 "-" "Mozilla/5.0 (compatible; bingbot/2.0; +http://www.bing.com/bingbot.htm)"
207.46.13.80 - - [04/Jul/2021:09:49:31 -0400] "GET /2021/05/29/ HTTP/1.1" 200 18876 "-" "Mozilla/5.0 (compatible; bingbot/2.0; +http://www.bing.com/bingbot.htm)"
207.46.13.80 - - [04/Jul/2021:09:49:31 -0400] "GET /2021/02/page/4/ HTTP/1.1" 200 14331 "-" "Mozilla/5.0 (compatible; bingbot/2.0; +http://www.bing.com/bingbot.htm)"
207.46.13.80 - - [04/Jul/2021:09:49:31 -0400] "GET /2020/12/page/7/ HTTP/1.1" 200 13907 "-" "Mozilla/5.0 (compatible; bingbot/2.0; +http://www.bing.com/bingbot.htm)"
207.46.13.80 - - [04/Jul/2021:09:49:31 -0400] "GET /2021/06/02/ HTTP/1.1" 200 12881 "-" "Mozilla/5.0 (compatible; bingbot/2.0; +http://www.bing.com/bingbot.htm)"
207.46.13.80 - - [04/Jul/2021:09:49:31 -0400] "GET /2020/05/12/charlie-chaplin-and-buster-keaton-in-limelight-1952-the-only-time-they-appeared-together-in-the-same-film/ HTTP/1.1" 404 59066 "-" "Mozilla/5.0 (compatible; bingbot/2.0; +http://www.bing.com/bingbot.htm)"
207.46.13.80 - - [04/Jul/2021:09:49:32 -0400] "GET /2018/09/page/8/ HTTP/1.1" 200 14334 "-" "Mozilla/5.0 (compatible; bingbot/2.0; +http://www.bing.com/bingbot.htm)"
207.46.13.80 - - [04/Jul/2021:09:49:32 -0400] "GET /2021/06/22/25-years-ago-yesterday-jurassic-park-the-ride-officially-opened-at-universal-studios-hollywood-here-steven-spielberg-and-jeff-goldblum-lift-the-torches-for-the-rides-grand-opening-on-june-21-19/ HTTP/1.1" 200 13474 "-" "Mozilla/5.0 (compatible; bingbot/2.0; +http://www.bing.com/bingbot.htm)"
207.46.13.80 - - [04/Jul/2021:09:49:32 -0400] "GET /2021/06/19/ HTTP/1.1" 200 12953 "-" "Mozilla/5.0 (compatible; bingbot/2.0; +http://www.bing.com/bingbot.htm)"
207.46.13.80 - - [04/Jul/2021:09:49:32 -0400] "GET /2021/06/21/ HTTP/1.1" 200 13084 "-" "Mozilla/5.0 (compatible; bingbot/2.0; +http://www.bing.com/bingbot.htm)"
207.46.13.80 - - [04/Jul/2021:09:49:32 -0400] "GET /2021/06/20/julie-london-c-1948/ HTTP/1.1" 200 13050 "-" "Mozilla/5.0 (compatible; bingbot/2.0; +http://www.bing.com/bingbot.htm)"
207.46.13.80 - - [04/Jul/2021:09:49:32 -0400] "GET /2021/06/15/ HTTP/1.1" 200 12959 "-" "Mozilla/5.0 (compatible; bingbot/2.0; +http://www.bing.com/bingbot.htm)"
207.46.13.80 - - [04/Jul/2021:09:49:33 -0400] "GET /2021/05/ HTTP/1.1" 200 14182 "-" "Mozilla/5.0 (compatible; bingbot/2.0; +http://www.bing.com/bingbot.htm)"
54.36.148.117 - - [04/Jul/2021:09:49:34 -0400] "GET /2020/10/22/if-you-want-to-look-like-that-work-out-1966/ HTTP/1.1" 200 19088 "-" "Mozilla/5.0 (compatible; AhrefsBot/7.0; +http://ahrefs.com/robot/)"
207.46.13.120 - - [04/Jul/2021:09:49:42 -0400] "GET /2020/04/page/9/ HTTP/1.1" 200 19748 "-" "Mozilla/5.0 (compatible; bingbot/2.0; +http://www.bing.com/bingbot.htm)"
207.46.13.120 - - [04/Jul/2021:09:49:42 -0400] "GET /2019/05/16/armenian-wehrmacht-soldiers-preforming-a-traditional-caucasian-warriors-dance-to-celebrate-victory-over-soviet-partisans/ HTTP/1.1" 200 13237 "-" "Mozilla/5.0 (compatible; bingbot/2.0; +http://www.bing.com/bingbot.htm)"
207.46.13.120 - - [04/Jul/2021:09:49:42 -0400] "GET /2021/06/23/a-photograph-from-operation-frantic-american-planes-would-fly-from-the-uk-italy-bomb-germany-land-in-ukraine-to-re-equip-then-bomb-germany-again-on-the-return-flight/ HTTP/1.1" 200 13517 "-" "Mozilla/5.0 (compatible; bingbot/2.0; +http://www.bing.com/bingbot.htm)"
207.46.13.120 - - [04/Jul/2021:09:49:42 -0400] "GET /2021/06/18/ HTTP/1.1" 200 13217 "-" "Mozilla/5.0 (compatible; bingbot/2.0; +http://www.bing.com/bingbot.htm)"
207.46.13.120 - - [04/Jul/2021:09:49:43 -0400] "GET /2021/06/14/ HTTP/1.1" 200 12782 "-" "Mozilla/5.0 (compatible; bingbot/2.0; +http://www.bing.com/bingbot.htm)"
207.46.13.120 - - [04/Jul/2021:09:49:43 -0400] "GET /2021/04/28/studebaker-1953/ HTTP/1.1" 404 59066 "-" "Mozilla/5.0 (compatible; bingbot/2.0; +http://www.bing.com/bingbot.htm)"
207.46.13.120 - - [04/Jul/2021:09:49:43 -0400] "GET /2021/04/22/rommel-at-hanstholm-denmark-in-december-1943-during-his-first-inspection-of-the-atlantic-wall/ HTTP/1.1" 200 13157 "-" "Mozilla/5.0 (compatible; bingbot/2.0; +http://www.bing.com/bingbot.htm)"
207.46.13.120 - - [04/Jul/2021:09:49:43 -0400] "GET /2021/06/page/3/ HTTP/1.1" 200 14016 "-" "Mozilla/5.0 (compatible; bingbot/2.0; +http://www.bing.com/bingbot.htm)"
204.48.19.85 - - [04/Jul/2021:09:49:50 -0400] "POST /wp-cron.php?doing_wp_cron=1625406590.5977070331573486328125 HTTP/1.1" 200 6295 "https://ajhydell.com/wp-cron.php?doing_wp_cron=1625406590.5977070331573486328125" "WordPress/5.7.2; https://ajhydell.com"
157.55.39.57 - - [04/Jul/2021:09:49:50 -0400] "GET /2021/05/04/ HTTP/1.1" 200 18473 "-" "Mozilla/5.0 (compatible; bingbot/2.0; +http://www.bing.com/bingbot.htm)"
157.55.39.57 - - [04/Jul/2021:09:49:50 -0400] "GET /2021/05/05/this-poster-was-produced-before-conscription-was-introduced-in-1916-and-aimed-to-encourage-men-to-join-the-armed-forces-through-emotional-blackmail/ HTTP/1.1" 200 13278 "-" "Mozilla/5.0 (compatible; bingbot/2.0; +http://www.bing.com/bingbot.htm)"
157.55.39.57 - - [04/Jul/2021:09:49:51 -0400] "GET /2021/05/18/ HTTP/1.1" 200 13188 "-" "Mozilla/5.0 (compatible; bingbot/2.0; +http://www.bing.com/bingbot.htm)"
157.55.39.57 - - [04/Jul/2021:09:49:51 -0400] "GET /2021/05/page/3/ HTTP/1.1" 200 13904 "-" "Mozilla/5.0 (compatible; bingbot/2.0; +http://www.bing.com/bingbot.htm)"
157.55.39.57 - - [04/Jul/2021:09:49:51 -0400] "GET /2020/11/page/6/ HTTP/1.1" 200 14527 "-" "Mozilla/5.0 (compatible; bingbot/2.0; +http://www.bing.com/bingbot.htm)"
157.55.39.57 - - [04/Jul/2021:09:49:51 -0400] "GET /2020/10/page/5/ HTTP/1.1" 200 13983 "-" "Mozilla/5.0 (compatible; bingbot/2.0; +http://www.bing.com/bingbot.htm)"
157.55.39.57 - - [04/Jul/2021:09:49:51 -0400] "GET /2018/10/21/page/2/ HTTP/1.1" 500 49659 "-" "Mozilla/5.0 (compatible; bingbot/2.0; +http://www.bing.com/bingbot.htm)"
157.55.39.57 - - [04/Jul/2021:09:49:52 -0400] "GET /2021/06/17/ HTTP/1.1" 200 13042 "-" "Mozilla/5.0 (compatible; bingbot/2.0; +http://www.bing.com/bingbot.htm)"
157.55.39.57 - - [04/Jul/2021:09:49:52 -0400] "GET /2021/page/4/ HTTP/1.1" 200 14059 "-" "Mozilla/5.0 (compatible; bingbot/2.0; +http://www.bing.com/bingbot.htm)"
185.191.171.36 - - [04/Jul/2021:09:49:53 -0400] "GET /2020/12/29/suriname-after-250-years-as-a-dutch-colony-compared-to-other-dutch-colonies-1917/ HTTP/1.1" 200 19016 "-" "Mozilla/5.0 (compatible; SemrushBot/7~bl; +http://www.semrush.com/bot.html)"
204.48.19.85 - - [04/Jul/2021:09:52:48 -0400] "POST /wp-cron.php?doing_wp_cron=1625406768.0569300651550292968750 HTTP/1.1" 200 6295 "https://ajhydell.com/wp-cron.php?doing_wp_cron=1625406768.0569300651550292968750" "WordPress/5.7.2; https://ajhydell.com"
5.255.253.148 - - [04/Jul/2021:09:52:48 -0400] "GET /robots.txt HTTP/1.1" 200 6535 "-" "Mozilla/5.0 (compatible; YandexBot/3.0; +http://yandex.com/bots)"
54.36.148.117 - - [04/Jul/2021:09:52:49 -0400] "GET /2020/10/23/circus-elephants-help-to-clear-bomb-damage-in-hamburg-november-1945/ HTTP/1.1" 200 19042 "-" "Mozilla/5.0 (compatible; AhrefsBot/7.0; +http://ahrefs.com/robot/)"
5.255.253.148 - - [04/Jul/2021:09:52:51 -0400] "GET /wp-content/uploads/2020/07/picture-95.jpg HTTP/1.1" 200 396766 "-" "Mozilla/5.0 (compatible; YandexImages/3.0; +http://yandex.com/bots)"
157.55.39.136 - - [04/Jul/2021:09:53:01 -0400] "GET /wp-content/uploads/2018/10/picture-55-1024x873.jpg HTTP/1.1" 200 188003 "-" "Mozilla/5.0 (compatible; bingbot/2.0; +http://www.bing.com/bingbot.htm)"
185.191.171.34 - - [04/Jul/2021:09:53:07 -0400] "GET /2019/10/25/carving-mount-rushmore-1930s/ HTTP/1.1" 200 18947 "-" "Mozilla/5.0 (compatible; SemrushBot/7~bl; +http://www.semrush.com/bot.html)"
34.139.235.33 - - [04/Jul/2021:09:54:30 -0400] "HEAD /xmlrpc.php HTTP/1.1" 301 247 "-" "Mozilla/5.0 (X11; Linux x86_64) AppleWebKit/537.36 (KHTML, like Gecko) Chrome/84.0.4147.105 Safari/537.36 OPR/70.0.3728.95"
34.139.235.33 - - [04/Jul/2021:09:54:30 -0400] "HEAD /wordpress/xmlrpc.php HTTP/1.1" 301 257 "-" "Mozilla/5.0 (Windows NT 6.1; Win64; x64) AppleWebKit/537.36 (KHTML, like Gecko) Chrome/80.0.3987.149 Safari/537.36"
34.139.235.33 - - [04/Jul/2021:09:54:30 -0400] "HEAD /wp/xmlrpc.php HTTP/1.1" 301 250 "-" "Mozilla/5.0 (Windows NT 10.0; Win64; x64) AppleWebKit/537.36 (KHTML, like Gecko) Chrome/81.0.4044.129 Safari/537.36"
34.139.235.33 - - [04/Jul/2021:09:54:31 -0400] "HEAD /blog/xmlrpc.php HTTP/1.1" 301 252 "-" "Mozilla/5.0 (Windows NT 6.1; Win64; x64) AppleWebKit/537.36 (KHTML, like Gecko) Chrome/79.0.3945.130 Safari/537.36"
34.139.235.33 - - [04/Jul/2021:09:54:31 -0400] "HEAD /new/xmlrpc.php HTTP/1.1" 301 251 "-" "Mozilla/5.0 (Windows NT 10.0) AppleWebKit/537.36 (KHTML, like Gecko) Chrome/84.0.4147.105 Safari/537.36"
34.139.235.33 - - [04/Jul/2021:09:54:31 -0400] "HEAD /old/xmlrpc.php HTTP/1.1" 301 251 "-" "Mozilla/5.0 (X11; Linux i686; rv:79.0) Gecko/20100101 Firefox/79.0"
34.139.235.33 - - [04/Jul/2021:09:54:31 -0400] "HEAD /backup/xmlrpc.php HTTP/1.1" 301 254 "-" "Mozilla/5.0 (Windows NT 10.0) AppleWebKit/537.36 (KHTML, like Gecko) Chrome/72.0.3626.121 Safari/537.36"
34.139.235.33 - - [04/Jul/2021:09:54:31 -0400] "HEAD /oldsite/xmlrpc.php HTTP/1.1" 301 255 "-" "Mozilla/5.0 (Windows NT 10.0; WOW64; Trident/7.0; .NET4.0C; .NET4.0E; .NET CLR 2.0.50727; .NET CLR 3.0.30729; .NET CLR 3.5.30729; rv:11.0) like Gecko"
34.139.235.33 - - [04/Jul/2021:09:54:31 -0400] "HEAD /site/xmlrpc.php HTTP/1.1" 301 252 "-" "Mozilla/5.0 (Windows NT 10.0; Win64; x64) AppleWebKit/537.36 (KHTML, like Gecko) Chrome/83.0.4103.61 Safari/537.36"
34.139.235.33 - - [04/Jul/2021:09:54:31 -0400] "HEAD /back/xmlrpc.php HTTP/1.1" 301 252 "-" "Mozilla/5.0 (Windows NT 10.0; Win64; x64; rv:77.0) Gecko/20100101 Firefox/77.0"
34.139.235.33 - - [04/Jul/2021:09:54:31 -0400] "HEAD /web/xmlrpc.php HTTP/1.1" 301 251 "-" "Mozilla/5.0 (Windows NT 10.0; Win64; x64) AppleWebKit/537.36 (KHTML, like Gecko) Chrome/70.0.3538.77 Safari/537.36"
204.48.19.85 - - [04/Jul/2021:09:54:46 -0400] "POST /wp-cron.php?doing_wp_cron=1625406886.6224598884582519531250 HTTP/1.1" 200 6295 "https://ajhydell.com/wp-cron.php?doing_wp_cron=1625406886.6224598884582519531250" "WordPress/5.7.2; https://ajhydell.com"
211.249.246.164 - - [04/Jul/2021:09:54:46 -0400] "GET /robots.txt HTTP/1.1" 200 5882 "-" "Mozilla/5.0 (compatible; Daum/4.1; +http://cs.daum.net/faq/15/4118.html?faqId=28966)"
211.249.246.164 - - [04/Jul/2021:09:54:47 -0400] "GET /2020/05/03/british-infantryman-advancing-through-a-smokescreen-during-training-in-1941/ HTTP/1.1" 200 68355 "-" "Mozilla/5.0 (compatible; Daum/4.1; +http://cs.daum.net/faq/15/4118.html?faqId=28966)"
211.249.246.164 - - [04/Jul/2021:09:54:53 -0400] "GET /?p=4773 HTTP/1.1" 301 5852 "-" "Mozilla/5.0 (compatible; Daum/4.1; +http://cs.daum.net/faq/15/4118.html?faqId=28966)"
211.249.246.164 - - [04/Jul/2021:09:54:59 -0400] "GET /2020/01/09/the-last-moments-of-general-anton-dostler-sentenced-to-for-war-crimes-in-1945-2936-x-2408/ HTTP/1.1" 200 69250 "-" "Mozilla/5.0 (compatible; Daum/4.1; +http://cs.daum.net/faq/15/4118.html?faqId=28966)"
211.249.246.164 - - [04/Jul/2021:09:55:06 -0400] "GET /2020/05/03/british-infantryman-advancing-through-a-smokescreen-during-training-in-1941/ HTTP/1.1" 200 68355 "-" "Mozilla/5.0 (compatible; Daum/4.1; +http://cs.daum.net/faq/15/4118.html?faqId=28966)"
211.249.246.164 - - [04/Jul/2021:09:55:12 -0400] "GET /?p=4773 HTTP/1.1" 301 5852 "-" "Mozilla/5.0 (compatible; Daum/4.1; +http://cs.daum.net/faq/15/4118.html?faqId=28966)"
211.249.246.164 - - [04/Jul/2021:09:55:25 -0400] "GET /2020/05/03/british-infantryman-advancing-through-a-smokescreen-during-training-in-1941/ HTTP/1.1" 200 68355 "-" "Mozilla/5.0 (compatible; Daum/4.1; +http://cs.daum.net/faq/15/4118.html?faqId=28966)"
211.249.246.164 - - [04/Jul/2021:09:55:31 -0400] "GET /?p=4773 HTTP/1.1" 301 5852 "-" "Mozilla/5.0 (compatible; Daum/4.1; +http://cs.daum.net/faq/15/4118.html?faqId=28966)"
66.249.70.110 - - [04/Jul/2021:09:55:37 -0400] "GET /post-sitemap2.xml HTTP/1.1" 200 17265 "-" "Mozilla/5.0 (compatible; Googlebot/2.1; +http://www.google.com/bot.html)"
211.249.246.164 - - [04/Jul/2021:09:55:42 -0400] "GET /2020/05/03/british-infantryman-advancing-through-a-smokescreen-during-training-in-1941/ HTTP/1.1" 200 68355 "-" "Mozilla/5.0 (compatible; Daum/4.1; +http://cs.daum.net/faq/15/4118.html?faqId=28966)"
204.48.19.85 - - [04/Jul/2021:09:55:49 -0400] "POST /wp-cron.php?doing_wp_cron=1625406949.0977990627288818359375 HTTP/1.1" 200 6295 "https://ajhydell.com/wp-cron.php?doing_wp_cron=1625406949.0977990627288818359375" "WordPress/5.7.2; https://ajhydell.com"
211.249.246.164 - - [04/Jul/2021:09:55:49 -0400] "GET /?p=4773 HTTP/1.1" 301 5852 "-" "Mozilla/5.0 (compatible; Daum/4.1; +http://cs.daum.net/faq/15/4118.html?faqId=28966)"
128.14.134.134 - - [04/Jul/2021:09:55:56 -0400] "GET / HTTP/1.1" 200 20068 "-" "Mozilla/5.0 (Windows NT 10.0; Win64; x64) AppleWebKit/537.36 (KHTML, like Gecko) Chrome/60.0.3112.113 Safari/537.36"
211.249.246.164 - - [04/Jul/2021:09:56:02 -0400] "GET /2020/05/03/british-infantryman-advancing-through-a-smokescreen-during-training-in-1941/ HTTP/1.1" 200 68355 "-" "Mozilla/5.0 (compatible; Daum/4.1; +http://cs.daum.net/faq/15/4118.html?faqId=28966)"
54.36.148.117 - - [04/Jul/2021:09:56:06 -0400] "GET /2020/10/23/kaiser-wilhelm-ii-and-king-george-v-in-1913-960x824/ HTTP/1.1" 200 18957 "-" "Mozilla/5.0 (compatible; AhrefsBot/7.0; +http://ahrefs.com/robot/)"
211.249.246.164 - - [04/Jul/2021:09:56:08 -0400] "GET /?p=4773 HTTP/1.1" 301 5852 "-" "Mozilla/5.0 (compatible; Daum/4.1; +http://cs.daum.net/faq/15/4118.html?faqId=28966)"
203.220.62.212 - - [04/Jul/2021:09:56:22 -0400] "GET /wp-content/uploads/2018/09/picture-54-768x988.jpg HTTP/1.1" 200 98266 "https://www.bing.com/" "Mozilla/5.0 (Linux; Android 11; SM-G973F) AppleWebKit/537.36 (KHTML, like Gecko) Chrome/77.0.3865.116 Mobile Safari/537.36 EdgA/46.05.4.5158"
157.55.39.57 - - [04/Jul/2021:09:56:30 -0400] "GET /2021/01/28/a-german-soldier-aiming-a-mg-13-machine-gun-while-filmmaker-horst-grund-operated-his-camera-constanta-romania-circa-1941/ HTTP/1.1" 200 18878 "-" "Mozilla/5.0 (compatible; bingbot/2.0; +http://www.bing.com/bingbot.htm)"
157.55.39.57 - - [04/Jul/2021:09:56:32 -0400] "GET /2020/12/26/colorburst-give-the-gifts-that-give-right-back-december-1978/ HTTP/1.1" 200 18622 "-" "Mozilla/5.0 (compatible; bingbot/2.0; +http://www.bing.com/bingbot.htm)"
66.249.70.110 - - [04/Jul/2021:09:56:33 -0400] "GET /feed/ HTTP/1.1" 200 8392 "-" "Mozilla/5.0 (compatible; Googlebot/2.1; +http://www.google.com/bot.html)"
203.220.62.212 - - [04/Jul/2021:09:56:42 -0400] "-" 408 6041 "-" "-"
204.48.19.85 - - [04/Jul/2021:09:59:09 -0400] "POST /wp-cron.php?doing_wp_cron=1625407149.1027970314025878906250 HTTP/1.1" 200 6295 "https://ajhydell.com/wp-cron.php?doing_wp_cron=1625407149.1027970314025878906250" "WordPress/5.7.2; https://ajhydell.com"
54.36.148.117 - - [04/Jul/2021:09:59:09 -0400] "GET /2020/10/23/ww2-german-10-5-cm-howitzer-being-fired-by-syrian-rebels-in-may-2015/ HTTP/1.1" 200 19038 "-" "Mozilla/5.0 (compatible; AhrefsBot/7.0; +http://ahrefs.com/robot/)"
194.187.171.105 - - [04/Jul/2021:10:00:24 -0400] "GET /favicon.ico HTTP/1.1" 301 531 "-" "Mozilla/5.0 (compatible; Qwantify/1.0; +https://www.qwant.com/)"
204.48.19.85 - - [04/Jul/2021:10:00:24 -0400] "POST /wp-cron.php?doing_wp_cron=1625407224.5276029109954833984375 HTTP/1.1" 200 6295 "https://ajhydell.com/wp-cron.php?doing_wp_cron=1625407224.5276029109954833984375" "WordPress/5.7.2; https://ajhydell.com"
194.187.171.141 - - [04/Jul/2021:10:00:24 -0400] "GET /favicon.ico HTTP/1.1" 302 6452 "-" "Mozilla/5.0 (compatible; Qwantify/1.0; +https://www.qwant.com/)"
194.187.171.141 - - [04/Jul/2021:10:00:24 -0400] "GET /wp-content/uploads/2018/08/cropped-logo-32x32.jpg HTTP/1.1" 200 1259 "-" "Mozilla/5.0 (compatible; Qwantify/1.0; +https://www.qwant.com/)"
204.48.19.85 - - [04/Jul/2021:10:00:51 -0400] "POST /wp-cron.php?doing_wp_cron=1625407251.1003019809722900390625 HTTP/1.1" 200 6295 "https://ajhydell.com/wp-cron.php?doing_wp_cron=1625407251.1003019809722900390625" "WordPress/5.7.2; https://ajhydell.com"
157.55.39.57 - - [04/Jul/2021:10:00:51 -0400] "GET /2021/06/30/soviet-soldiers-celebrate-returning-home-alive-1945-700x960 HTTP/1.1" 301 6052 "-" "Mozilla/5.0 (compatible; bingbot/2.0; +http://www.bing.com/bingbot.htm)"
157.55.39.57 - - [04/Jul/2021:10:00:51 -0400] "GET /2021/06/30/soviet-soldiers-celebrate-returning-home-alive-1945-700x960/ HTTP/1.1" 200 18676 "-" "Mozilla/5.0 (compatible; bingbot/2.0; +http://www.bing.com/bingbot.htm)"
176.62.91.234 - - [04/Jul/2021:10:01:46 -0400] "GET /wp-content/uploads/2020/03/picture-47.jpg HTTP/1.1" 200 220995 "https://yandex.ru/" "Mozilla/5.0 (X11; Linux x86_64; rv:89.0) Gecko/20100101 Firefox/89.0"
66.249.70.110 - - [04/Jul/2021:10:02:33 -0400] "GET /wp-content/uploads/2021/05/picture-23.jpg HTTP/1.1" 200 543027 "-" "Googlebot-Image/1.0"
204.48.19.85 - - [04/Jul/2021:10:02:34 -0400] "POST /wp-cron.php?doing_wp_cron=1625407354.1754651069641113281250 HTTP/1.1" 200 6295 "https://ajhydell.com/wp-cron.php?doing_wp_cron=1625407354.1754651069641113281250" "WordPress/5.7.2; https://ajhydell.com"
54.36.148.117 - - [04/Jul/2021:10:02:34 -0400] "GET /2020/09/30/american-soldiers-carry-the-m1917-browning-machine-gun-gear-during-the-allied-intervention-in-siberia-1919-1005-x-756/ HTTP/1.1" 200 19163 "-" "Mozilla/5.0 (compatible; AhrefsBot/7.0; +http://ahrefs.com/robot/)"
207.46.13.120 - - [04/Jul/2021:10:03:19 -0400] "GET /wp-content/uploads/2020/11/picture-104-1193x1536.jpg HTTP/1.1" 200 2210357 "-" "Mozilla/5.0 (compatible; bingbot/2.0; +http://www.bing.com/bingbot.htm)"
204.48.19.85 - - [04/Jul/2021:10:03:48 -0400] "POST /wp-cron.php?doing_wp_cron=1625407428.3154509067535400390625 HTTP/1.1" 200 6295 "https://ajhydell.com/wp-cron.php?doing_wp_cron=1625407428.3154509067535400390625" "WordPress/5.7.2; https://ajhydell.com"
49.7.21.82 - - [04/Jul/2021:10:03:48 -0400] "GET / HTTP/1.1" 200 20217 "-" "Sogou web spider/4.0(+http://www.sogou.com/docs/help/webmasters.htm#07)"
207.46.13.22 - - [04/Jul/2021:10:03:52 -0400] "GET /2020/10/07/glory-to-women-1978/ HTTP/1.1" 200 18464 "-" "Mozilla/5.0 (compatible; bingbot/2.0; +http://www.bing.com/bingbot.htm)"
204.48.19.85 - - [04/Jul/2021:10:04:52 -0400] "POST /wp-cron.php?doing_wp_cron=1625407492.5163240432739257812500 HTTP/1.1" 200 6295 "https://ajhydell.com/wp-cron.php?doing_wp_cron=1625407492.5163240432739257812500" "WordPress/5.7.2; https://ajhydell.com"
157.55.39.134 - - [04/Jul/2021:10:04:52 -0400] "GET /2019/02/28/fed-up-queers-fuq-poster-responding-to-the-killing-of-amadou-diallo-new-york-city-february-1999/ HTTP/1.1" 200 18712 "-" "Mozilla/5.0 (compatible; bingbot/2.0; +http://www.bing.com/bingbot.htm)"
54.36.148.117 - - [04/Jul/2021:10:05:40 -0400] "GET /2020/08/10/soviet-poster-criticizing-men-with-long-hair-1969/ HTTP/1.1" 200 18972 "-" "Mozilla/5.0 (compatible; AhrefsBot/7.0; +http://ahrefs.com/robot/)"
64.67.111.194 - - [04/Jul/2021:10:06:50 -0400] "-" 408 559 "-" "-"
195.154.122.192 - - [04/Jul/2021:10:08:39 -0400] "-" 408 6073 "-" "-"
204.48.19.85 - - [04/Jul/2021:10:09:01 -0400] "POST /wp-cron.php?doing_wp_cron=1625407741.1734979152679443359375 HTTP/1.1" 200 6295 "https://ajhydell.com/wp-cron.php?doing_wp_cron=1625407741.1734979152679443359375" "WordPress/5.7.2; https://ajhydell.com"
54.36.148.117 - - [04/Jul/2021:10:09:01 -0400] "GET /2019/11/06/lil-abner-for-cream-of-wheat-1941/ HTTP/1.1" 200 19012 "-" "Mozilla/5.0 (compatible; AhrefsBot/7.0; +http://ahrefs.com/robot/)"
185.191.171.20 - - [04/Jul/2021:10:09:35 -0400] "GET /2019/08/26/boeing-model-314a-clipper-g-agca-berwick-of-boac-lands-on-lagos-lagoon-nigeria-for-moorings-at-the-west-african-flying-boat-terminal-at-iquoi-c-1945/ HTTP/1.1" 200 19303 "-" "Mozilla/5.0 (compatible; SemrushBot/7~bl; +http://www.semrush.com/bot.html)"
204.48.19.85 - - [04/Jul/2021:10:09:55 -0400] "POST /wp-cron.php?doing_wp_cron=1625407795.5498061180114746093750 HTTP/1.1" 200 6295 "https://ajhydell.com/wp-cron.php?doing_wp_cron=1625407795.5498061180114746093750" "WordPress/5.7.2; https://ajhydell.com"
207.46.13.151 - - [04/Jul/2021:10:09:55 -0400] "GET /sitemap-pt-customize_changeset-2019-08.xml HTTP/1.1" 200 6329 "-" "Mozilla/5.0 (compatible; bingbot/2.0; +http://www.bing.com/bingbot.htm)"
204.48.19.85 - - [04/Jul/2021:10:11:30 -0400] "POST /wp-cron.php?doing_wp_cron=1625407890.6956410408020019531250 HTTP/1.1" 200 6295 "https://ajhydell.com/wp-cron.php?doing_wp_cron=1625407890.6956410408020019531250" "WordPress/5.7.2; https://ajhydell.com"
157.55.39.22 - - [04/Jul/2021:10:11:30 -0400] "GET /2021/02/16/burger-king-personal-radio-with-headphones-12-95-sold-only-at-radio-shack-1985/ HTTP/1.1" 200 18860 "-" "Mozilla/5.0 (compatible; bingbot/2.0; +http://www.bing.com/bingbot.htm)"
184.66.102.100 - - [04/Jul/2021:10:11:38 -0400] "GET /wp-content/uploads/2020/07/picture-55-1536x2048.jpg HTTP/1.1" 200 385022 "https://ca.images.search.yahoo.com/yhs/search?p=Alton+W.+Knappenberger&fr=yhs-ima-remarklist&type=ff_q3020_D3KKL_set_bfrq&hspart=ima&hsimp=yhs-remarklist&imgurl=http%3A%2F%2Fwww.jfgvictoryverlag.com%2Fmedalofhonor%2FKnappenberger%2C%2520Alton%2520%28500x375%29.jpg" "Mozilla/5.0 (Macintosh; Intel Mac OS X 10.14; rv:89.0) Gecko/20100101 Firefox/89.0"
204.48.19.85 - - [04/Jul/2021:10:12:09 -0400] "POST /wp-cron.php?doing_wp_cron=1625407929.6340789794921875000000 HTTP/1.1" 200 6295 "https://ajhydell.com/wp-cron.php?doing_wp_cron=1625407929.6340789794921875000000" "WordPress/5.7.2; https://ajhydell.com"
185.191.171.25 - - [04/Jul/2021:10:12:09 -0400] "GET /2020/07/24/ HTTP/1.1" 200 18525 "-" "Mozilla/5.0 (compatible; SemrushBot/7~bl; +http://www.semrush.com/bot.html)"
54.36.148.117 - - [04/Jul/2021:10:12:17 -0400] "GET /2021/03/20/march-madness-michigan-states-magic-johnson-squares-off-against-indiana-states-larry-bird-in-the-1979-ncaa-title-game-1200-x-1200/ HTTP/1.1" 200 19275 "-" "Mozilla/5.0 (compatible; AhrefsBot/7.0; +http://ahrefs.com/robot/)"
54.226.108.121 - - [04/Jul/2021:10:13:52 -0400] "GET /ads.txt HTTP/1.1" 301 579 "-" "AdsTxtCrawler/1.0.2"
54.226.108.121 - - [04/Jul/2021:10:13:52 -0400] "GET /ads.txt HTTP/1.1" 406 6153 "-" "AdsTxtCrawler/1.0.2"
204.48.19.85 - - [04/Jul/2021:10:15:16 -0400] "POST /wp-cron.php?doing_wp_cron=1625408116.0871210098266601562500 HTTP/1.1" 200 6295 "https://ajhydell.com/wp-cron.php?doing_wp_cron=1625408116.0871210098266601562500" "WordPress/5.7.2; https://ajhydell.com"
54.36.148.117 - - [04/Jul/2021:10:15:16 -0400] "GET /2020/11/14/amelia-earhart-during-studio-photoshoot-circa-1928-1935-400-x-623/ HTTP/1.1" 200 19178 "-" "Mozilla/5.0 (compatible; AhrefsBot/7.0; +http://ahrefs.com/robot/)"
204.48.19.85 - - [04/Jul/2021:10:16:11 -0400] "POST /wp-cron.php?doing_wp_cron=1625408171.2138559818267822265625 HTTP/1.1" 200 6295 "https://ajhydell.com/wp-cron.php?doing_wp_cron=1625408171.2138559818267822265625" "WordPress/5.7.2; https://ajhydell.com"
49.7.20.65 - - [04/Jul/2021:10:16:11 -0400] "GET / HTTP/1.1" 200 20213 "-" "Sogou web spider/4.0(+http://www.sogou.com/docs/help/webmasters.htm#07)"
204.48.19.85 - - [04/Jul/2021:10:16:57 -0400] "POST /wp-cron.php?doing_wp_cron=1625408217.7577259540557861328125 HTTP/1.1" 200 6295 "https://ajhydell.com/wp-cron.php?doing_wp_cron=1625408217.7577259540557861328125" "WordPress/5.7.2; https://ajhydell.com"
40.77.167.20 - - [04/Jul/2021:10:16:57 -0400] "GET /2021/03/04/william-t-sherman-1860-colourised-by-me-2811x4292/ HTTP/1.1" 200 18747 "-" "Mozilla/5.0 (compatible; bingbot/2.0; +http://www.bing.com/bingbot.htm)"
204.48.19.85 - - [04/Jul/2021:10:18:29 -0400] "POST /wp-cron.php?doing_wp_cron=1625408309.5203580856323242187500 HTTP/1.1" 200 6295 "https://ajhydell.com/wp-cron.php?doing_wp_cron=1625408309.5203580856323242187500" "WordPress/5.7.2; https://ajhydell.com"
54.36.148.117 - - [04/Jul/2021:10:18:29 -0400] "GET /2020/07/07/kopice-1930/ HTTP/1.1" 200 18888 "-" "Mozilla/5.0 (compatible; AhrefsBot/7.0; +http://ahrefs.com/robot/)"
204.48.19.85 - - [04/Jul/2021:10:20:57 -0400] "POST /wp-cron.php?doing_wp_cron=1625408457.3607039451599121093750 HTTP/1.1" 200 6295 "https://ajhydell.com/wp-cron.php?doing_wp_cron=1625408457.3607039451599121093750" "WordPress/5.7.2; https://ajhydell.com"
54.36.148.117 - - [04/Jul/2021:10:20:57 -0400] "GET /2019/01/17/the-u-s-a-will-save-the-european-culture-1944-the-netherlands/ HTTP/1.1" 200 19155 "-" "Mozilla/5.0 (compatible; AhrefsBot/7.0; +http://ahrefs.com/robot/)"
204.48.19.85 - - [04/Jul/2021:10:22:38 -0400] "POST /wp-cron.php?doing_wp_cron=1625408558.6721858978271484375000 HTTP/1.1" 200 6295 "https://ajhydell.com/wp-cron.php?doing_wp_cron=1625408558.6721858978271484375000" "WordPress/5.7.2; https://ajhydell.com"
185.191.171.8 - - [04/Jul/2021:10:22:38 -0400] "GET /robots.txt HTTP/1.1" 200 6480 "-" "Mozilla/5.0 (compatible; SemrushBot/7~bl; +http://www.semrush.com/bot.html)"
185.191.171.42 - - [04/Jul/2021:10:22:38 -0400] "GET /2019/09/24/ HTTP/1.1" 200 18427 "-" "Mozilla/5.0 (compatible; SemrushBot/7~bl; +http://www.semrush.com/bot.html)"
204.48.19.85 - - [04/Jul/2021:10:23:17 -0400] "POST /wp-cron.php?doing_wp_cron=1625408597.8706259727478027343750 HTTP/1.1" 200 6295 "https://ajhydell.com/wp-cron.php?doing_wp_cron=1625408597.8706259727478027343750" "WordPress/5.7.2; https://ajhydell.com"
54.36.148.117 - - [04/Jul/2021:10:23:17 -0400] "GET /2019/09/06/finnish-bristol-blenheim-getting-ready-for-takeoff-march-1944-500x332/ HTTP/1.1" 200 18943 "-" "Mozilla/5.0 (compatible; AhrefsBot/7.0; +http://ahrefs.com/robot/)"
204.48.19.85 - - [04/Jul/2021:10:24:10 -0400] "POST /wp-cron.php?doing_wp_cron=1625408650.9833428859710693359375 HTTP/1.1" 200 6295 "https://ajhydell.com/wp-cron.php?doing_wp_cron=1625408650.9833428859710693359375" "WordPress/5.7.2; https://ajhydell.com"
116.62.49.96 - - [04/Jul/2021:10:24:10 -0400] "POST /wp-login.php HTTP/1.1" 503 24797 "-" "Mozilla/5.0 (Windows NT 10.0; Win64; x64) AppleWebKit/537.36 (KHTML, like Gecko) Chrome/73.0.3683.75 Safari/537.36"
64.67.111.194 - - [04/Jul/2021:10:24:29 -0400] "-" 408 6041 "-" "-"
204.48.19.85 - - [04/Jul/2021:10:26:05 -0400] "POST /wp-cron.php?doing_wp_cron=1625408765.0813119411468505859375 HTTP/1.1" 200 6295 "https://ajhydell.com/wp-cron.php?doing_wp_cron=1625408765.0813119411468505859375" "WordPress/5.7.2; https://ajhydell.com"
185.191.171.8 - - [04/Jul/2021:10:26:05 -0400] "GET /2021/04/02/ HTTP/1.1" 200 19322 "-" "Mozilla/5.0 (compatible; SemrushBot/7~bl; +http://www.semrush.com/bot.html)"
54.36.148.117 - - [04/Jul/2021:10:26:15 -0400] "GET /2018/09/10/portrait-of-writer-leo-tolstoy-russian-empire-1897-2156x2614/ HTTP/1.1" 200 19206 "-" "Mozilla/5.0 (compatible; AhrefsBot/7.0; +http://ahrefs.com/robot/)"
204.48.19.85 - - [04/Jul/2021:10:28:20 -0400] "POST /wp-cron.php?doing_wp_cron=1625408900.4878849983215332031250 HTTP/1.1" 200 6295 "https://ajhydell.com/wp-cron.php?doing_wp_cron=1625408900.4878849983215332031250" "WordPress/5.7.2; https://ajhydell.com"
1.14.191.227 - - [04/Jul/2021:10:28:20 -0400] "GET /xmlrpc.php HTTP/1.1" 405 5671 "-" "Mozilla/5.0 (Windows NT 6.1; WOW64; rv:45.0) Gecko/20100101 Firefox/45.0"
1.14.191.227 - - [04/Jul/2021:10:28:21 -0400] "GET /wp-login.php HTTP/1.1" 200 8706 "-" "Mozilla/5.0 (Windows NT 6.1; WOW64; rv:45.0) Gecko/20100101 Firefox/45.0"
1.14.191.227 - - [04/Jul/2021:10:28:23 -0400] "GET /?author=1 HTTP/1.1" 404 61767 "-" "Mozilla/5.0 (X11; U; Linux i686)Gecko/20071127 Firefox/2.0.0.11"
204.48.19.85 - - [04/Jul/2021:10:28:47 -0400] "POST /wp-cron.php?doing_wp_cron=1625408927.1868369579315185546875 HTTP/1.1" 200 6295 "https://ajhydell.com/wp-cron.php?doing_wp_cron=1625408927.1868369579315185546875" "WordPress/5.7.2; https://ajhydell.com"
54.36.148.117 - - [04/Jul/2021:10:28:47 -0400] "GET /2021/06/18/a-heavily-armed-serbian-guerrilla-warrior-yugoslavia-1943/ HTTP/1.1" 200 19079 "-" "Mozilla/5.0 (compatible; AhrefsBot/7.0; +http://ahrefs.com/robot/)"
204.48.19.85 - - [04/Jul/2021:10:31:00 -0400] "POST /wp-cron.php?doing_wp_cron=1625409060.4040319919586181640625 HTTP/1.1" 200 6295 "https://ajhydell.com/wp-cron.php?doing_wp_cron=1625409060.4040319919586181640625" "WordPress/5.7.2; https://ajhydell.com"
54.36.148.117 - - [04/Jul/2021:10:31:00 -0400] "GET /2020/02/18/in-honor-of-presidents-day-teddy-roosevelt-at-harvard-1877-455x639/ HTTP/1.1" 200 19104 "-" "Mozilla/5.0 (compatible; AhrefsBot/7.0; +http://ahrefs.com/robot/)"
185.191.171.33 - - [04/Jul/2021:10:31:16 -0400] "GET /2021/07/01/a-german-messenger-killed-on-his-sdkfz-2-kettenkrad-somewhere-on-the-eastern-front-date-unkown/ HTTP/1.1" 200 19137 "-" "Mozilla/5.0 (compatible; SemrushBot/7~bl; +http://www.semrush.com/bot.html)"
185.191.171.23 - - [04/Jul/2021:10:31:34 -0400] "GET /2020/10/29/the-german-tank-destroyer-crewman-marking-defeated-russian-tanks-on-his-gun-barrel/ HTTP/1.1" 200 18973 "-" "Mozilla/5.0 (compatible; SemrushBot/7~bl; +http://www.semrush.com/bot.html)"
204.48.19.85 - - [04/Jul/2021:10:33:24 -0400] "POST /wp-cron.php?doing_wp_cron=1625409204.3395369052886962890625 HTTP/1.1" 200 6295 "https://ajhydell.com/wp-cron.php?doing_wp_cron=1625409204.3395369052886962890625" "WordPress/5.7.2; https://ajhydell.com"
54.36.148.117 - - [04/Jul/2021:10:33:24 -0400] "GET /2020/10/05/north-korea-propaganda-poster-kim-jong-un-2014/ HTTP/1.1" 200 19034 "-" "Mozilla/5.0 (compatible; AhrefsBot/7.0; +http://ahrefs.com/robot/)"
5.255.253.148 - - [04/Jul/2021:10:33:44 -0400] "GET /2018/10/26/chinese-militia-training-to-shoot-from-bicycles-china-ca-1950s/ HTTP/1.1" 200 19080 "-" "Mozilla/5.0 (compatible; YandexBot/3.0; +http://yandex.com/bots)"
66.249.70.114 - - [04/Jul/2021:10:34:02 -0400] "GET /robots.txt HTTP/1.1" 200 6517 "-" "Mozilla/5.0 (compatible; Googlebot/2.1; +http://www.google.com/bot.html)"
204.48.19.85 - - [04/Jul/2021:10:34:02 -0400] "POST /wp-cron.php?doing_wp_cron=1625409242.3283369541168212890625 HTTP/1.1" 200 6295 "https://ajhydell.com/wp-cron.php?doing_wp_cron=1625409242.3283369541168212890625" "WordPress/5.7.2; https://ajhydell.com"
66.249.70.110 - - [04/Jul/2021:10:34:02 -0400] "GET /2021/06/24/win-with-tin-usa-1942/ HTTP/1.1" 200 19055 "-" "Mozilla/5.0 (Linux; Android 6.0.1; Nexus 5X Build/MMB29P) AppleWebKit/537.36 (KHTML, like Gecko) Chrome/91.0.4472.90 Mobile Safari/537.36 (compatible; Googlebot/2.1; +http://www.google.com/bot.html)"
207.46.13.120 - - [04/Jul/2021:10:34:28 -0400] "GET /2020/10/21/very-suspicious-essential-oil-ad-from-1899/ HTTP/1.1" 200 18638 "-" "Mozilla/5.0 (compatible; bingbot/2.0; +http://www.bing.com/bingbot.htm)"
157.55.39.134 - - [04/Jul/2021:10:34:32 -0400] "GET /2019/01/07/political-democracy-social-democracy-economic-democracy-sweden-1950s/ HTTP/1.1" 200 18541 "-" "Mozilla/5.0 (compatible; bingbot/2.0; +http://www.bing.com/bingbot.htm)"
204.48.19.85 - - [04/Jul/2021:10:34:49 -0400] "POST /wp-cron.php?doing_wp_cron=1625409289.4910550117492675781250 HTTP/1.1" 200 6295 "https://ajhydell.com/wp-cron.php?doing_wp_cron=1625409289.4910550117492675781250" "WordPress/5.7.2; https://ajhydell.com"
157.55.39.134 - - [04/Jul/2021:10:34:49 -0400] "GET /?wordfence_lh=1&hid=647E80D4F7D1DE09CFC4AE340B59F106&r=0.9990077430473538 HTTP/1.1" 200 5918 "-" "Mozilla/5.0 (compatible; bingbot/2.0; +http://www.bing.com/bingbot.htm)"
64.67.111.194 - - [04/Jul/2021:10:35:36 -0400] "-" 408 6041 "-" "-"
54.36.148.117 - - [04/Jul/2021:10:35:36 -0400] "GET /2021/06/30/john-f-kennedy-campaigning-door-to-door-in-west-virginia-1960-640x793/ HTTP/1.1" 200 19083 "-" "Mozilla/5.0 (compatible; AhrefsBot/7.0; +http://ahrefs.com/robot/)"
204.48.19.85 - - [04/Jul/2021:10:36:22 -0400] "POST /wp-cron.php?doing_wp_cron=1625409382.2514209747314453125000 HTTP/1.1" 200 6295 "https://ajhydell.com/wp-cron.php?doing_wp_cron=1625409382.2514209747314453125000" "WordPress/5.7.2; https://ajhydell.com"
49.7.21.82 - - [04/Jul/2021:10:36:22 -0400] "GET / HTTP/1.1" 200 20218 "-" "Sogou web spider/4.0(+http://www.sogou.com/docs/help/webmasters.htm#07)"
204.48.19.85 - - [04/Jul/2021:10:38:06 -0400] "POST /wp-cron.php?doing_wp_cron=1625409486.0672280788421630859375 HTTP/1.1" 200 6295 "https://ajhydell.com/wp-cron.php?doing_wp_cron=1625409486.0672280788421630859375" "WordPress/5.7.2; https://ajhydell.com"
54.36.148.117 - - [04/Jul/2021:10:38:05 -0400] "GET /2021/06/19/wayne-wong-ski-jumping-over-his-dodge-aspen-rt-1976/ HTTP/1.1" 200 18923 "-" "Mozilla/5.0 (compatible; AhrefsBot/7.0; +http://ahrefs.com/robot/)"
207.46.13.22 - - [04/Jul/2021:10:39:07 -0400] "GET / HTTP/1.1" 301 565 "-" "Mozilla/5.0 (compatible; bingbot/2.0; +http://www.bing.com/bingbot.htm)"
204.48.19.85 - - [04/Jul/2021:10:40:24 -0400] "POST /wp-cron.php?doing_wp_cron=1625409624.3909540176391601562500 HTTP/1.1" 200 6295 "https://ajhydell.com/wp-cron.php?doing_wp_cron=1625409624.3909540176391601562500" "WordPress/5.7.2; https://ajhydell.com"
157.55.39.57 - - [04/Jul/2021:10:40:24 -0400] "GET /2018/09/11/when-were-these-pictures-taken/ HTTP/1.1" 200 18502 "-" "Mozilla/5.0 (compatible; bingbot/2.0; +http://www.bing.com/bingbot.htm)"
54.36.148.117 - - [04/Jul/2021:10:40:28 -0400] "GET /2021/06/25/my-first-colorized-photo-done-by-me-in-gimp-critiques-more-than-welcome/ HTTP/1.1" 200 19014 "-" "Mozilla/5.0 (compatible; AhrefsBot/7.0; +http://ahrefs.com/robot/)"
204.48.19.85 - - [04/Jul/2021:10:42:19 -0400] "POST /wp-cron.php?doing_wp_cron=1625409739.8088860511779785156250 HTTP/1.1" 200 6295 "https://ajhydell.com/wp-cron.php?doing_wp_cron=1625409739.8088860511779785156250" "WordPress/5.7.2; https://ajhydell.com"
34.250.3.29 - - [04/Jul/2021:10:42:19 -0400] "GET /feed/ HTTP/1.1" 200 8336 "-" "Krzana bot"
204.48.19.85 - - [04/Jul/2021:10:42:45 -0400] "POST /wp-cron.php?doing_wp_cron=1625409765.8145079612731933593750 HTTP/1.1" 200 6295 "https://ajhydell.com/wp-cron.php?doing_wp_cron=1625409765.8145079612731933593750" "WordPress/5.7.2; https://ajhydell.com"
185.191.171.15 - - [04/Jul/2021:10:42:45 -0400] "GET /2020/06/08/a-boy-giving-a-girl-a-popsicle-thought-it-looked-sweet-made-good-practice/ HTTP/1.1" 200 19026 "-" "Mozilla/5.0 (compatible; SemrushBot/7~bl; +http://www.semrush.com/bot.html)"
54.36.148.117 - - [04/Jul/2021:10:43:01 -0400] "GET /2021/06/24/us-medic-gives-first-aid-to-a-wounded-german-ss-soldier-france-1944-736x557/ HTTP/1.1" 200 19198 "-" "Mozilla/5.0 (compatible; AhrefsBot/7.0; +http://ahrefs.com/robot/)"
77.75.76.171 - - [04/Jul/2021:10:43:37 -0400] "GET /robots.txt HTTP/1.1" 200 6517 "-" "Mozilla/5.0 (compatible; SeznamBot/3.2; +http://napoveda.seznam.cz/en/seznambot-intro/)"
77.75.76.171 - - [04/Jul/2021:10:43:39 -0400] "GET /wp-content/uploads/2021/05/picture-117.jpg HTTP/1.1" 304 6272 "-" "Mozilla/5.0 (compatible; SeznamBot/3.2; +http://napoveda.seznam.cz/en/seznambot-intro/)"
204.48.19.85 - - [04/Jul/2021:10:44:06 -0400] "POST /wp-cron.php?doing_wp_cron=1625409846.2007489204406738281250 HTTP/1.1" 200 6295 "https://ajhydell.com/wp-cron.php?doing_wp_cron=1625409846.2007489204406738281250" "WordPress/5.7.2; https://ajhydell.com"
207.46.13.120 - - [04/Jul/2021:10:44:06 -0400] "GET /2020/04/07/british-cartoon-criticizing-mussolinis-ethiopian-war-1935/ HTTP/1.1" 200 18531 "-" "Mozilla/5.0 (compatible; bingbot/2.0; +http://www.bing.com/bingbot.htm)"
128.1.248.26 - - [04/Jul/2021:10:44:42 -0400] "GET / HTTP/1.1" 200 20070 "-" "Mozilla/5.0 (Windows NT 10.0; Win64; x64) AppleWebKit/537.36 (KHTML, like Gecko) Chrome/60.0.3112.113 Safari/537.36"
204.48.19.85 - - [04/Jul/2021:10:47:08 -0400] "POST /wp-cron.php?doing_wp_cron=1625410028.0061790943145751953125 HTTP/1.1" 200 6295 "https://ajhydell.com/wp-cron.php?doing_wp_cron=1625410028.0061790943145751953125" "WordPress/5.7.2; https://ajhydell.com"
207.46.13.8 - - [04/Jul/2021:10:47:07 -0400] "GET /robots.txt HTTP/1.1" 200 6074 "-" "Mozilla/5.0 (compatible; bingbot/2.0; +http://www.bing.com/bingbot.htm)"
157.55.39.57 - - [04/Jul/2021:10:47:14 -0400] "GET /2018/09/01/the-last-jew-in-vinnitsa-1941-nsfw/ HTTP/1.1" 200 18522 "-" "Mozilla/5.0 (compatible; bingbot/2.0; +http://www.bing.com/bingbot.htm)"
204.48.19.85 - - [04/Jul/2021:10:48:34 -0400] "POST /wp-cron.php?doing_wp_cron=1625410114.9314680099487304687500 HTTP/1.1" 200 6295 "https://ajhydell.com/wp-cron.php?doing_wp_cron=1625410114.9314680099487304687500" "WordPress/5.7.2; https://ajhydell.com"
185.191.171.7 - - [04/Jul/2021:10:48:34 -0400] "GET /2021/06/30/wehrmacht-soldiers-flashing-smiles-to-the-camera-while-hanging-suspected-partisans-somewhere-in-the-eastern-front-1941-1942/ HTTP/1.1" 200 19078 "-" "Mozilla/5.0 (compatible; SemrushBot/7~bl; +http://www.semrush.com/bot.html)"
73.68.237.3 - - [04/Jul/2021:10:50:08 -0400] "GET /wp-content/uploads/2020/08/picture-52.jpg HTTP/1.1" 200 138039 "https://www.bing.com/" "Mozilla/5.0 (Windows NT 10.0; Win64; x64; rv:89.0) Gecko/20100101 Firefox/89.0"
204.48.19.85 - - [04/Jul/2021:10:52:05 -0400] "POST /wp-cron.php?doing_wp_cron=1625410325.9429900646209716796875 HTTP/1.1" 200 6295 "https://ajhydell.com/wp-cron.php?doing_wp_cron=1625410325.9429900646209716796875" "WordPress/5.7.2; https://ajhydell.com"
185.191.171.19 - - [04/Jul/2021:10:52:05 -0400] "GET /2019/05/08/a-sailor-who-was-burned-in-a-kamikaze-attack-being-fed-aboard-the-uss-solace-1945-505x499/ HTTP/1.1" 200 19104 "-" "Mozilla/5.0 (compatible; SemrushBot/7~bl; +http://www.semrush.com/bot.html)"
66.249.70.114 - - [04/Jul/2021:10:52:37 -0400] "GET /wp-content/uploads/2021/06/picture-147.jpg HTTP/1.1" 200 125726 "-" "Googlebot-Image/1.0"
207.46.13.151 - - [04/Jul/2021:10:52:50 -0400] "GET /wp-content/uploads/2020/09/picture-14.jpg HTTP/1.1" 200 380244 "-" "Mozilla/5.0 (compatible; bingbot/2.0; +http://www.bing.com/bingbot.htm)"
64.67.111.194 - - [04/Jul/2021:10:54:32 -0400] "-" 408 559 "-" "-"
64.67.111.194 - - [04/Jul/2021:10:54:32 -0400] "-" 408 559 "-" "-"
204.48.19.85 - - [04/Jul/2021:10:56:33 -0400] "POST /wp-cron.php?doing_wp_cron=1625410593.1357131004333496093750 HTTP/1.1" 200 6295 "https://ajhydell.com/wp-cron.php?doing_wp_cron=1625410593.1357131004333496093750" "WordPress/5.7.2; https://ajhydell.com"
185.191.171.25 - - [04/Jul/2021:10:56:33 -0400] "GET /2019/11/01/the-statue-of-liberty-paris-france-1886-before-it-was-transported-to-america/ HTTP/1.1" 200 19000 "-" "Mozilla/5.0 (compatible; SemrushBot/7~bl; +http://www.semrush.com/bot.html)"
66.249.70.112 - - [04/Jul/2021:10:56:33 -0400] "GET /feed/ HTTP/1.1" 200 8392 "-" "Mozilla/5.0 (compatible; Googlebot/2.1; +http://www.google.com/bot.html)"
204.48.19.85 - - [04/Jul/2021:10:57:25 -0400] "POST /wp-cron.php?doing_wp_cron=1625410645.3291990756988525390625 HTTP/1.1" 200 6295 "https://ajhydell.com/wp-cron.php?doing_wp_cron=1625410645.3291990756988525390625" "WordPress/5.7.2; https://ajhydell.com"
172.105.172.151 - - [04/Jul/2021:10:57:25 -0400] "GET /owa/ HTTP/1.1" 404 64557 "-" "Mozilla/5.0 (Windows NT 10.0; Win64; x64) AppleWebKit/537.36 (KHTML, like Gecko) Chrome/60.0.3112.113 Safari/537.36"
199.180.86.131 - - [04/Jul/2021:10:57:34 -0400] "GET /wp-content/uploads/2020/08/picture-64.jpg HTTP/1.1" 200 86706 "https://www.bing.com/" "Mozilla/5.0 (Windows NT 10.0; Win64; x64) AppleWebKit/537.36 (KHTML, like Gecko) Chrome/91.0.4472.124 Safari/537.36 Edg/91.0.864.64"
204.48.19.85 - - [04/Jul/2021:11:02:08 -0400] "POST /wp-cron.php?doing_wp_cron=1625410928.4593551158905029296875 HTTP/1.1" 200 6295 "https://ajhydell.com/wp-cron.php?doing_wp_cron=1625410928.4593551158905029296875" "WordPress/5.7.2; https://ajhydell.com"
47.241.109.116 - - [04/Jul/2021:11:02:08 -0400] "POST /wp-login.php HTTP/1.1" 503 24797 "-" "Mozilla/5.0 (Windows NT 10.0; WOW64) AppleWebKit/537.36 (KHTML, like Gecko) Chrome/56.0.2924.87 Safari/537.36"
50.235.112.130 - - [04/Jul/2021:11:03:54 -0400] "-" 408 6073 "-" "-"
173.252.127.8 - - [04/Jul/2021:11:05:35 -0400] "GET /wp-content/uploads/2021/03/picture-85-1024x1015.jpg HTTP/1.1" 200 76243 "-" "facebookexternalhit/1.1 (+http://www.facebook.com/externalhit_uatext.php)"
173.252.127.21 - - [04/Jul/2021:11:05:37 -0400] "GET /wp-content/uploads/2021/03/picture-64.jpg HTTP/1.1" 200 84227 "-" "facebookexternalhit/1.1 (+http://www.facebook.com/externalhit_uatext.php)"
173.252.127.116 - - [04/Jul/2021:11:05:37 -0400] "GET /wp-content/uploads/2021/03/picture-62.jpg HTTP/1.1" 200 144888 "-" "facebookexternalhit/1.1 (+http://www.facebook.com/externalhit_uatext.php)"
204.48.19.85 - - [04/Jul/2021:11:05:44 -0400] "POST /wp-cron.php?doing_wp_cron=1625411144.1324388980865478515625 HTTP/1.1" 200 6295 "https://ajhydell.com/wp-cron.php?doing_wp_cron=1625411144.1324388980865478515625" "WordPress/5.7.2; https://ajhydell.com"
