204.48.19.85 - - [10/Jul/2021:01:42:08 -0400] "POST /wp-cron.php?doing_wp_cron=1625895728.3993179798126220703125 HTTP/1.1" 200 6295 "https://ajhydell.com/wp-cron.php?doing_wp_cron=1625895728.3993179798126220703125" "WordPress/5.7.2; https://ajhydell.com"
132.145.9.5 - - [10/Jul/2021:01:42:08 -0400] "GET /2020/02/02/hitler-youth-poster-1930s-and-american-meat-industry-poster-1980s HTTP/1.1" 301 5805 "-" "Mozilla/5.0 (compatible; GrapeshotCrawler/2.0; +http://www.grapeshot.co.uk/crawler.php)"
132.145.9.5 - - [10/Jul/2021:01:42:08 -0400] "GET /2020/02/02/hitler-youth-poster-1930s-and-american-meat-industry-poster-1980s/ HTTP/1.1" 200 13119 "-" "Mozilla/5.0 (compatible; GrapeshotCrawler/2.0; +http://www.grapeshot.co.uk/crawler.php)"
132.145.9.5 - - [10/Jul/2021:01:42:08 -0400] "GET /2020/02/02/hitler-youth-poster-1930s-and-american-meat-industry-poster-1980s/ HTTP/1.1" 200 13120 "-" "Mozilla/5.0 (compatible; GrapeshotCrawler/2.0; +http://www.grapeshot.co.uk/crawler.php)"
204.48.19.85 - - [10/Jul/2021:01:42:59 -0400] "POST /wp-cron.php?doing_wp_cron=1625895779.8318569660186767578125 HTTP/1.1" 200 6295 "https://ajhydell.com/wp-cron.php?doing_wp_cron=1625895779.8318569660186767578125" "WordPress/5.7.2; https://ajhydell.com"
114.119.156.206 - - [10/Jul/2021:01:42:59 -0400] "GET /2019/02/20/stop-talking-before-its-too-late-british-wwii-poster-1940s/ HTTP/1.1" 200 18596 "-" "Mozilla/5.0 (Linux; Android 7.0;) AppleWebKit/537.36 (KHTML, like Gecko) Mobile Safari/537.36 (compatible; PetalBot;+https://webmaster.petalsearch.com/site/petalbot)"
114.119.143.210 - - [10/Jul/2021:01:43:10 -0400] "GET /2020/06/23/french-troops-of-the-2nd-armored-divsion-on-their-way-to-liberate-occupied-strasbourg-1944-1000x650/ HTTP/1.1" 200 18521 "-" "Mozilla/5.0 (Linux; Android 7.0;) AppleWebKit/537.36 (KHTML, like Gecko) Mobile Safari/537.36 (compatible; PetalBot;+https://webmaster.petalsearch.com/site/petalbot)"
207.46.13.113 - - [10/Jul/2021:01:44:21 -0400] "GET /wp-content/uploads/2020/03/picture-21.jpg HTTP/1.1" 200 2153370 "-" "Mozilla/5.0 (compatible; bingbot/2.0; +http://www.bing.com/bingbot.htm)"
204.48.19.85 - - [10/Jul/2021:01:44:36 -0400] "POST /wp-cron.php?doing_wp_cron=1625895876.2336978912353515625000 HTTP/1.1" 200 6295 "https://ajhydell.com/wp-cron.php?doing_wp_cron=1625895876.2336978912353515625000" "WordPress/5.7.2; https://ajhydell.com"
114.119.143.168 - - [10/Jul/2021:01:44:36 -0400] "GET /2021/01/13/wwii-1940s-nurse-with-an-m-3-grease-gun/ HTTP/1.1" 200 18353 "-" "Mozilla/5.0 (Linux; Android 7.0;) AppleWebKit/537.36 (KHTML, like Gecko) Mobile Safari/537.36 (compatible; PetalBot;+https://webmaster.petalsearch.com/site/petalbot)"
66.249.66.132 - - [10/Jul/2021:01:44:39 -0400] "GET /feed/ HTTP/1.1" 200 8478 "-" "Mozilla/5.0 (compatible; Googlebot/2.1; +http://www.google.com/bot.html)"
204.48.19.85 - - [10/Jul/2021:01:45:34 -0400] "POST /wp-cron.php?doing_wp_cron=1625895934.9041121006011962890625 HTTP/1.1" 200 6295 "https://ajhydell.com/wp-cron.php?doing_wp_cron=1625895934.9041121006011962890625" "WordPress/5.7.2; https://ajhydell.com"
54.36.148.117 - - [10/Jul/2021:01:45:34 -0400] "GET /2021/06/21/nazi-germany-vision-of-greatness-1933/ HTTP/1.1" 200 19097 "-" "Mozilla/5.0 (compatible; AhrefsBot/7.0; +http://ahrefs.com/robot/)"
204.48.19.85 - - [10/Jul/2021:01:46:06 -0400] "POST /wp-cron.php?doing_wp_cron=1625895966.9357659816741943359375 HTTP/1.1" 200 6295 "https://ajhydell.com/wp-cron.php?doing_wp_cron=1625895966.9357659816741943359375" "WordPress/5.7.2; https://ajhydell.com"
114.119.138.170 - - [10/Jul/2021:01:46:06 -0400] "GET /2019/07/09/boy-seated-in-the-wreckage-of-a-building-after-a-bombing-raid-of-london-during-world-war-ii-photo-by-toni-frissell/ HTTP/1.1" 200 18775 "-" "Mozilla/5.0 (Linux; Android 7.0;) AppleWebKit/537.36 (KHTML, like Gecko) Mobile Safari/537.36 (compatible; PetalBot;+https://webmaster.petalsearch.com/site/petalbot)"
207.46.13.147 - - [10/Jul/2021:01:47:34 -0400] "GET /wp-content/uploads/2019/04/picture-48.jpg HTTP/1.1" 200 220640 "-" "Mozilla/5.0 (compatible; bingbot/2.0; +http://www.bing.com/bingbot.htm)"
204.48.19.85 - - [10/Jul/2021:01:48:24 -0400] "POST /wp-cron.php?doing_wp_cron=1625896104.1564810276031494140625 HTTP/1.1" 200 6295 "https://ajhydell.com/wp-cron.php?doing_wp_cron=1625896104.1564810276031494140625" "WordPress/5.7.2; https://ajhydell.com"
114.119.151.146 - - [10/Jul/2021:01:48:24 -0400] "GET /2020/05/29/kitty-genovese-whose-murder-in-1964-led-to-research-into-the-bystander-effect HTTP/1.1" 301 5840 "-" "Mozilla/5.0 (Linux; Android 7.0;) AppleWebKit/537.36 (KHTML, like Gecko) Mobile Safari/537.36 (compatible; PetalBot;+https://webmaster.petalsearch.com/site/petalbot)"
114.119.151.146 - - [10/Jul/2021:01:48:24 -0400] "GET /2020/05/29/kitty-genovese-whose-murder-in-1964-led-to-research-into-the-bystander-effect/ HTTP/1.1" 200 13438 "-" "Mozilla/5.0 (Linux; Android 7.0;) AppleWebKit/537.36 (KHTML, like Gecko) Mobile Safari/537.36 (compatible; PetalBot;+https://webmaster.petalsearch.com/site/petalbot)"
204.48.19.85 - - [10/Jul/2021:01:49:18 -0400] "POST /wp-cron.php?doing_wp_cron=1625896158.5996220111846923828125 HTTP/1.1" 200 6295 "https://ajhydell.com/wp-cron.php?doing_wp_cron=1625896158.5996220111846923828125" "WordPress/5.7.2; https://ajhydell.com"
114.119.145.169 - - [10/Jul/2021:01:49:18 -0400] "GET /2020/11/06/ HTTP/1.1" 200 18643 "-" "Mozilla/5.0 (Linux; Android 7.0;) AppleWebKit/537.36 (KHTML, like Gecko) Mobile Safari/537.36 (compatible; PetalBot;+https://webmaster.petalsearch.com/site/petalbot)"
65.2.51.172 - - [10/Jul/2021:01:49:38 -0400] "GET /wp-login.php HTTP/1.1" 200 8605 "-" "Mozilla/5.0 (X11; Ubuntu; Linux x86_64; rv:62.0) Gecko/20100101 Firefox/62.0"
65.2.51.172 - - [10/Jul/2021:01:49:38 -0400] "POST /wp-login.php HTTP/1.1" 200 8695 "-" "Mozilla/5.0 (X11; Ubuntu; Linux x86_64; rv:62.0) Gecko/20100101 Firefox/62.0"
65.2.51.172 - - [10/Jul/2021:01:49:39 -0400] "POST /xmlrpc.php HTTP/1.1" 200 5852 "-" "Mozilla/5.0 (X11; Ubuntu; Linux x86_64; rv:62.0) Gecko/20100101 Firefox/62.0"
204.48.19.85 - - [10/Jul/2021:01:49:49 -0400] "POST /wp-cron.php?doing_wp_cron=1625896189.6930549144744873046875 HTTP/1.1" 200 6295 "https://ajhydell.com/wp-cron.php?doing_wp_cron=1625896189.6930549144744873046875" "WordPress/5.7.2; https://ajhydell.com"
66.249.66.136 - - [10/Jul/2021:01:49:49 -0400] "GET /feed/ HTTP/1.1" 200 8478 "-" "Mozilla/5.0 (compatible; Googlebot/2.1; +http://www.google.com/bot.html)"
204.48.19.85 - - [10/Jul/2021:01:51:10 -0400] "POST /wp-cron.php?doing_wp_cron=1625896270.4040389060974121093750 HTTP/1.1" 200 6295 "https://ajhydell.com/wp-cron.php?doing_wp_cron=1625896270.4040389060974121093750" "WordPress/5.7.2; https://ajhydell.com"
114.119.156.206 - - [10/Jul/2021:01:51:10 -0400] "GET /2020/06/26/west-african-troops-somewhere-in-alsace1944-451476x1000/ HTTP/1.1" 200 18423 "-" "Mozilla/5.0 (Linux; Android 7.0;) AppleWebKit/537.36 (KHTML, like Gecko) Mobile Safari/537.36 (compatible; PetalBot;+https://webmaster.petalsearch.com/site/petalbot)"
204.48.19.85 - - [10/Jul/2021:01:52:56 -0400] "POST /wp-cron.php?doing_wp_cron=1625896376.8122100830078125000000 HTTP/1.1" 200 6295 "https://ajhydell.com/wp-cron.php?doing_wp_cron=1625896376.8122100830078125000000" "WordPress/5.7.2; https://ajhydell.com"
114.119.145.169 - - [10/Jul/2021:01:52:56 -0400] "GET /2020/01/page/3 HTTP/1.1" 301 5721 "-" "Mozilla/5.0 (Linux; Android 7.0;) AppleWebKit/537.36 (KHTML, like Gecko) Mobile Safari/537.36 (compatible; PetalBot;+https://webmaster.petalsearch.com/site/petalbot)"
114.119.145.169 - - [10/Jul/2021:01:52:58 -0400] "GET /2020/01/page/3/ HTTP/1.1" 200 14281 "-" "Mozilla/5.0 (Linux; Android 7.0;) AppleWebKit/537.36 (KHTML, like Gecko) Mobile Safari/537.36 (compatible; PetalBot;+https://webmaster.petalsearch.com/site/petalbot)"
40.77.167.77 - - [10/Jul/2021:01:53:02 -0400] "GET /wp-content/uploads/2019/11/picture-51.jpg HTTP/1.1" 200 83314 "-" "Mozilla/5.0 (compatible; bingbot/2.0; +http://www.bing.com/bingbot.htm)"
167.248.133.40 - - [10/Jul/2021:01:53:39 -0400] "GET / HTTP/1.1" 301 5679 "-" "-"
167.248.133.40 - - [10/Jul/2021:01:53:39 -0400] "GET / HTTP/1.1" 200 20377 "-" "Mozilla/5.0 (compatible; CensysInspect/1.1; +https://about.censys.io/)"
204.48.19.85 - - [10/Jul/2021:01:54:33 -0400] "POST /wp-cron.php?doing_wp_cron=1625896473.4589939117431640625000 HTTP/1.1" 200 6295 "https://ajhydell.com/wp-cron.php?doing_wp_cron=1625896473.4589939117431640625000" "WordPress/5.7.2; https://ajhydell.com"
114.119.158.133 - - [10/Jul/2021:01:54:33 -0400] "GET /2019/02/20/president-theodore-roosevelt-reads-a-book-while-his-dog-skip-rests-in-his-lap-in-the-doorway-of-the-west-divide-creek-ranch-house-in-colorado-on-september-12-1905-396-x-600/ HTTP/1.1" 200 18675 "-" "Mozilla/5.0 (Linux; Android 7.0;) AppleWebKit/537.36 (KHTML, like Gecko) Mobile Safari/537.36 (compatible; PetalBot;+https://webmaster.petalsearch.com/site/petalbot)"
204.48.19.85 - - [10/Jul/2021:01:55:21 -0400] "POST /wp-cron.php?doing_wp_cron=1625896521.6310069561004638671875 HTTP/1.1" 200 6295 "https://ajhydell.com/wp-cron.php?doing_wp_cron=1625896521.6310069561004638671875" "WordPress/5.7.2; https://ajhydell.com"
207.46.13.67 - - [10/Jul/2021:01:55:21 -0400] "GET /2020/02/16/the-discovery-f-tutankhamens-tomb/ HTTP/1.1" 200 21024 "-" "Mozilla/5.0 (compatible; bingbot/2.0; +http://www.bing.com/bingbot.htm)"
157.55.39.106 - - [10/Jul/2021:01:55:41 -0400] "GET /wp-content/plugins/akismet/_inc/form.js?ver=4.1.10 HTTP/1.1" 200 6334 "-" "Mozilla/5.0 (compatible; bingbot/2.0; +http://www.bing.com/bingbot.htm)"
157.55.39.62 - - [10/Jul/2021:01:55:45 -0400] "GET /wp-includes/js/comment-reply.min.js?ver=5.7.2 HTTP/1.1" 200 7363 "-" "Mozilla/5.0 (compatible; bingbot/2.0; +http://www.bing.com/bingbot.htm)"
204.48.19.85 - - [10/Jul/2021:01:56:04 -0400] "POST /wp-cron.php?doing_wp_cron=1625896564.0797970294952392578125 HTTP/1.1" 200 6295 "https://ajhydell.com/wp-cron.php?doing_wp_cron=1625896564.0797970294952392578125" "WordPress/5.7.2; https://ajhydell.com"
54.36.148.117 - - [10/Jul/2021:01:56:04 -0400] "GET /page/77/ HTTP/1.1" 200 21295 "-" "Mozilla/5.0 (compatible; AhrefsBot/7.0; +http://ahrefs.com/robot/)"
204.48.19.85 - - [10/Jul/2021:01:56:58 -0400] "POST /wp-cron.php?doing_wp_cron=1625896618.0436170101165771484375 HTTP/1.1" 200 6295 "https://ajhydell.com/wp-cron.php?doing_wp_cron=1625896618.0436170101165771484375" "WordPress/5.7.2; https://ajhydell.com"
114.119.138.170 - - [10/Jul/2021:01:56:57 -0400] "GET /2020/03/13/japanese-soldiers-stand-in-attention-during-sunrise-in-wuchang-wuhan-china-1938-colourised-by-julius-jaaskelainen HTTP/1.1" 301 5876 "-" "Mozilla/5.0 (Linux; Android 7.0;) AppleWebKit/537.36 (KHTML, like Gecko) Mobile Safari/537.36 (compatible; PetalBot;+https://webmaster.petalsearch.com/site/petalbot)"
114.119.138.170 - - [10/Jul/2021:01:57:03 -0400] "GET /2020/03/13/japanese-soldiers-stand-in-attention-during-sunrise-in-wuchang-wuhan-china-1938-colourised-by-julius-jaaskelainen/ HTTP/1.1" 200 13308 "-" "Mozilla/5.0 (Linux; Android 7.0;) AppleWebKit/537.36 (KHTML, like Gecko) Mobile Safari/537.36 (compatible; PetalBot;+https://webmaster.petalsearch.com/site/petalbot)"
207.46.13.54 - - [10/Jul/2021:01:57:22 -0400] "GET /2021/01/31/august-1943-comic-book/ HTTP/1.1" 200 18476 "-" "Mozilla/5.0 (compatible; bingbot/2.0; +http://www.bing.com/bingbot.htm)"
114.119.138.170 - - [10/Jul/2021:01:57:44 -0400] "GET /2019/06/04/the-tiananmen-square-tank-man-stands-his-ground-while-protestors-flee-june-4-1989-960x633 HTTP/1.1" 301 5852 "-" "Mozilla/5.0 (Linux; Android 7.0;) AppleWebKit/537.36 (KHTML, like Gecko) Mobile Safari/537.36 (compatible; PetalBot;+https://webmaster.petalsearch.com/site/petalbot)"
204.48.19.85 - - [10/Jul/2021:01:57:45 -0400] "POST /wp-cron.php?doing_wp_cron=1625896665.9028069972991943359375 HTTP/1.1" 200 6295 "https://ajhydell.com/wp-cron.php?doing_wp_cron=1625896665.9028069972991943359375" "WordPress/5.7.2; https://ajhydell.com"
114.119.138.170 - - [10/Jul/2021:01:57:45 -0400] "GET /2019/06/04/the-tiananmen-square-tank-man-stands-his-ground-while-protestors-flee-june-4-1989-960x633/ HTTP/1.1" 200 13411 "-" "Mozilla/5.0 (Linux; Android 7.0;) AppleWebKit/537.36 (KHTML, like Gecko) Mobile Safari/537.36 (compatible; PetalBot;+https://webmaster.petalsearch.com/site/petalbot)"
40.77.167.77 - - [10/Jul/2021:01:58:41 -0400] "GET /2018/09/05/lets-not-be-next-world-war-ii/ HTTP/1.1" 200 18627 "-" "Mozilla/5.0 (compatible; bingbot/2.0; +http://www.bing.com/bingbot.htm)"
204.48.19.85 - - [10/Jul/2021:01:58:59 -0400] "POST /wp-cron.php?doing_wp_cron=1625896739.7618908882141113281250 HTTP/1.1" 200 6295 "https://ajhydell.com/wp-cron.php?doing_wp_cron=1625896739.7618908882141113281250" "WordPress/5.7.2; https://ajhydell.com"
17.121.114.120 - - [10/Jul/2021:01:58:59 -0400] "GET /2020/08/07/first-electric-chair-execution-auburn-state-penitentiary-august-6th-1890-920x642/ HTTP/1.1" 200 18602 "-" "Mozilla/5.0 (Macintosh; Intel Mac OS X 10_15_5) AppleWebKit/605.1.15 (KHTML, like Gecko) Version/13.1.1 Safari/605.1.15 (Applebot/0.1; +http://www.apple.com/go/applebot)"
34.96.130.25 - - [10/Jul/2021:01:59:19 -0400] "GET / HTTP/1.1" 301 509 "-" "Expanse, a Palo Alto Networks company, searches across the global IPv4 space multiple times per day to identify customers&#39; presences on the Internet. If you would like to be excluded from our scans, please send IP addresses/domains to: scaninfo@paloaltonetworks.com"
114.119.138.170 - - [10/Jul/2021:01:59:35 -0400] "GET /2021/07/04/international-womens-day-we-congratulate-you-dear-women-soviet-union-1963/ HTTP/1.1" 200 18539 "-" "Mozilla/5.0 (Linux; Android 7.0;) AppleWebKit/537.36 (KHTML, like Gecko) Mobile Safari/537.36 (compatible; PetalBot;+https://webmaster.petalsearch.com/site/petalbot)"
204.48.19.85 - - [10/Jul/2021:02:00:05 -0400] "POST /wp-cron.php?doing_wp_cron=1625896805.2028079032897949218750 HTTP/1.1" 200 6295 "https://ajhydell.com/wp-cron.php?doing_wp_cron=1625896805.2028079032897949218750" "WordPress/5.7.2; https://ajhydell.com"
216.10.243.211 - - [10/Jul/2021:02:00:05 -0400] "GET /wp-login.php HTTP/1.1" 200 8605 "-" "Mozilla/5.0 (X11; Ubuntu; Linux x86_64; rv:62.0) Gecko/20100101 Firefox/62.0"
216.10.243.211 - - [10/Jul/2021:02:00:06 -0400] "POST /wp-login.php HTTP/1.1" 200 8694 "-" "Mozilla/5.0 (X11; Ubuntu; Linux x86_64; rv:62.0) Gecko/20100101 Firefox/62.0"
216.10.243.211 - - [10/Jul/2021:02:00:07 -0400] "POST /xmlrpc.php HTTP/1.1" 200 5852 "-" "Mozilla/5.0 (X11; Ubuntu; Linux x86_64; rv:62.0) Gecko/20100101 Firefox/62.0"
207.46.13.70 - - [10/Jul/2021:02:00:17 -0400] "GET /2019/06/05/anti-american-graffiti-iran-date-unknown/ HTTP/1.1" 200 18506 "-" "Mozilla/5.0 (compatible; bingbot/2.0; +http://www.bing.com/bingbot.htm)"
207.46.13.137 - - [10/Jul/2021:02:00:33 -0400] "GET /2021/02/15/make-love-not-war-usa-1967-wilfred-weisser/ HTTP/1.1" 200 18564 "-" "Mozilla/5.0 (compatible; bingbot/2.0; +http://www.bing.com/bingbot.htm)"
54.187.21.32 - - [10/Jul/2021:02:00:35 -0400] "GET / HTTP/1.1" 200 20800 "-" "Mozilla/5.0 (X11; Linux x86_64) AppleWebKit/537.36 (KHTML, like Gecko) Chrome/83.0.4103.97 Safari/537.36"
204.48.19.85 - - [10/Jul/2021:02:00:47 -0400] "POST /wp-cron.php?doing_wp_cron=1625896847.9909000396728515625000 HTTP/1.1" 200 6295 "https://ajhydell.com/wp-cron.php?doing_wp_cron=1625896847.9909000396728515625000" "WordPress/5.7.2; https://ajhydell.com"
114.119.132.149 - - [10/Jul/2021:02:00:47 -0400] "GET /2020/08/02 HTTP/1.1" 301 5931 "-" "Mozilla/5.0 (Linux; Android 7.0;) AppleWebKit/537.36 (KHTML, like Gecko) Mobile Safari/537.36 (compatible; PetalBot;+https://webmaster.petalsearch.com/site/petalbot)"
114.119.132.149 - - [10/Jul/2021:02:00:48 -0400] "GET /2020/08/02/ HTTP/1.1" 200 12904 "-" "Mozilla/5.0 (Linux; Android 7.0;) AppleWebKit/537.36 (KHTML, like Gecko) Mobile Safari/537.36 (compatible; PetalBot;+https://webmaster.petalsearch.com/site/petalbot)"
114.119.132.149 - - [10/Jul/2021:02:00:48 -0400] "GET /wp-content/plugins/add-expires-headers/cache/0/com/processed-header-f16a8d323e83e1bc1b76514e283fb81b7090a959.min.css HTTP/1.1" 200 52762 "https://ajhydell.com/2020/08/02/" "Mozilla/5.0 (Linux; Android 7.0;) AppleWebKit/537.36 (KHTML, like Gecko) Mobile Safari/537.36 (compatible; PetalBot;+https://webmaster.petalsearch.com/site/petalbot)"
114.119.132.149 - - [10/Jul/2021:02:00:49 -0400] "GET /wp-content/plugins/google-analytics-for-wordpress/assets/js/frontend-gtag.min.js?ver=7.17.0 HTTP/1.1" 200 3437 "https://ajhydell.com/2020/08/02/" "Mozilla/5.0 (Linux; Android 7.0;) AppleWebKit/537.36 (KHTML, like Gecko) Mobile Safari/537.36 (compatible; PetalBot;+https://webmaster.petalsearch.com/site/petalbot)"
114.119.132.149 - - [10/Jul/2021:02:00:49 -0400] "GET /wp-content/plugins/wp-smushit/app/assets/js/smush-lazy-load.min.js?ver=3.8.7 HTTP/1.1" 200 4171 "https://ajhydell.com/2020/08/02/" "Mozilla/5.0 (Linux; Android 7.0;) AppleWebKit/537.36 (KHTML, like Gecko) Mobile Safari/537.36 (compatible; PetalBot;+https://webmaster.petalsearch.com/site/petalbot)"
114.119.132.149 - - [10/Jul/2021:02:00:49 -0400] "GET /wp-includes/js/jquery/jquery-migrate.min.js?ver=3.3.2 HTTP/1.1" 200 4805 "https://ajhydell.com/2020/08/02/" "Mozilla/5.0 (Linux; Android 7.0;) AppleWebKit/537.36 (KHTML, like Gecko) Mobile Safari/537.36 (compatible; PetalBot;+https://webmaster.petalsearch.com/site/petalbot)"
114.119.132.149 - - [10/Jul/2021:02:00:49 -0400] "GET /wp-content/themes/royal-magazine/js/navigation.js?ver=20151215 HTTP/1.1" 200 1481 "https://ajhydell.com/2020/08/02/" "Mozilla/5.0 (Linux; Android 7.0;) AppleWebKit/537.36 (KHTML, like Gecko) Mobile Safari/537.36 (compatible; PetalBot;+https://webmaster.petalsearch.com/site/petalbot)"
114.119.132.149 - - [10/Jul/2021:02:00:49 -0400] "GET /wp-includes/js/jquery/jquery.min.js?ver=3.5.1 HTTP/1.1" 200 31617 "https://ajhydell.com/2020/08/02/" "Mozilla/5.0 (Linux; Android 7.0;) AppleWebKit/537.36 (KHTML, like Gecko) Mobile Safari/537.36 (compatible; PetalBot;+https://webmaster.petalsearch.com/site/petalbot)"
114.119.132.149 - - [10/Jul/2021:02:00:49 -0400] "GET /wp-content/themes/royal-magazine/js/skip-link-focus-fix.js?ver=20151215 HTTP/1.1" 200 1072 "https://ajhydell.com/2020/08/02/" "Mozilla/5.0 (Linux; Android 7.0;) AppleWebKit/537.36 (KHTML, like Gecko) Mobile Safari/537.36 (compatible; PetalBot;+https://webmaster.petalsearch.com/site/petalbot)"
114.119.132.149 - - [10/Jul/2021:02:00:49 -0400] "GET /wp-content/themes/royal-magazine/assets/libraries/slick/js/slick.min.js?ver=5.7.2 HTTP/1.1" 200 10686 "https://ajhydell.com/2020/08/02/" "Mozilla/5.0 (Linux; Android 7.0;) AppleWebKit/537.36 (KHTML, like Gecko) Mobile Safari/537.36 (compatible; PetalBot;+https://webmaster.petalsearch.com/site/petalbot)"
114.119.132.149 - - [10/Jul/2021:02:00:49 -0400] "GET /wp-content/themes/royal-magazine/assets/libraries/bootstrap/js/bootstrap.min.js?ver=5.7.2 HTTP/1.1" 200 10346 "https://ajhydell.com/2020/08/02/" "Mozilla/5.0 (Linux; Android 7.0;) AppleWebKit/537.36 (KHTML, like Gecko) Mobile Safari/537.36 (compatible; PetalBot;+https://webmaster.petalsearch.com/site/petalbot)"
114.119.132.149 - - [10/Jul/2021:02:00:49 -0400] "GET /wp-content/themes/royal-magazine/assets/libraries/marquee/jquery.marquee.js?ver=5.7.2 HTTP/1.1" 200 5068 "https://ajhydell.com/2020/08/02/" "Mozilla/5.0 (Linux; Android 7.0;) AppleWebKit/537.36 (KHTML, like Gecko) Mobile Safari/537.36 (compatible; PetalBot;+https://webmaster.petalsearch.com/site/petalbot)"
114.119.132.149 - - [10/Jul/2021:02:00:49 -0400] "GET /wp-content/themes/royal-magazine/assets/libraries/theiaStickySidebar/theia-sticky-sidebar.min.js?ver=5.7.2 HTTP/1.1" 200 2233 "https://ajhydell.com/2020/08/02/" "Mozilla/5.0 (Linux; Android 7.0;) AppleWebKit/537.36 (KHTML, like Gecko) Mobile Safari/537.36 (compatible; PetalBot;+https://webmaster.petalsearch.com/site/petalbot)"
114.119.132.149 - - [10/Jul/2021:02:00:49 -0400] "GET /wp-content/themes/royal-magazine/assets/libraries/magnific-popup/jquery.magnific-popup.min.js?ver=5.7.2 HTTP/1.1" 200 7835 "https://ajhydell.com/2020/08/02/" "Mozilla/5.0 (Linux; Android 7.0;) AppleWebKit/537.36 (KHTML, like Gecko) Mobile Safari/537.36 (compatible; PetalBot;+https://webmaster.petalsearch.com/site/petalbot)"
114.119.132.149 - - [10/Jul/2021:02:00:49 -0400] "GET /wp-content/themes/royal-magazine/assets/twp/js/custom-script.js?ver=5.7.2 HTTP/1.1" 200 2992 "https://ajhydell.com/2020/08/02/" "Mozilla/5.0 (Linux; Android 7.0;) AppleWebKit/537.36 (KHTML, like Gecko) Mobile Safari/537.36 (compatible; PetalBot;+https://webmaster.petalsearch.com/site/petalbot)"
114.119.132.149 - - [10/Jul/2021:02:00:49 -0400] "GET /wp-includes/js/wp-embed.min.js?ver=5.7.2 HTTP/1.1" 200 1208 "https://ajhydell.com/2020/08/02/" "Mozilla/5.0 (Linux; Android 7.0;) AppleWebKit/537.36 (KHTML, like Gecko) Mobile Safari/537.36 (compatible; PetalBot;+https://webmaster.petalsearch.com/site/petalbot)"
114.119.132.149 - - [10/Jul/2021:02:00:49 -0400] "GET /wp-content/plugins/facebook-pagelike-widget/fb.js?ver=1.0 HTTP/1.1" 200 809 "https://ajhydell.com/2020/08/02/" "Mozilla/5.0 (Linux; Android 7.0;) AppleWebKit/537.36 (KHTML, like Gecko) Mobile Safari/537.36 (compatible; PetalBot;+https://webmaster.petalsearch.com/site/petalbot)"
114.119.132.149 - - [10/Jul/2021:02:00:49 -0400] "GET /wp-includes/js/wp-emoji-release.min.js?ver=5.7.2 HTTP/1.1" 200 5149 "https://ajhydell.com/2020/08/02/" "Mozilla/5.0 (Linux; Android 7.0;) AppleWebKit/537.36 (KHTML, like Gecko) Mobile Safari/537.36 (compatible; PetalBot;+https://webmaster.petalsearch.com/site/petalbot)"
114.119.132.149 - - [10/Jul/2021:02:00:49 -0400] "GET /?wordfence_lh=1&hid=2325AC1E19D2ED53DDAE243F7E021626&r=0.2248793976052852 HTTP/1.1" 200 346 "https://ajhydell.com/2020/08/02/" "Mozilla/5.0 (Linux; Android 7.0;) AppleWebKit/537.36 (KHTML, like Gecko) Mobile Safari/537.36 (compatible; PetalBot;+https://webmaster.petalsearch.com/site/petalbot)"
114.119.132.149 - - [10/Jul/2021:02:00:49 -0400] "GET /wp-content/themes/royal-magazine/assets/libraries/ionicons/fonts/ionicons.ttf HTTP/1.1" 200 189142 "https://ajhydell.com/wp-content/plugins/add-expires-headers/cache/0/com/processed-header-f16a8d323e83e1bc1b76514e283fb81b7090a959.min.css" "Mozilla/5.0 (Linux; Android 7.0;) AppleWebKit/537.36 (KHTML, like Gecko) Mobile Safari/537.36 (compatible; PetalBot;+https://webmaster.petalsearch.com/site/petalbot)"
54.185.177.112 - - [10/Jul/2021:02:00:51 -0400] "GET / HTTP/1.1" 200 20801 "-" "Mozilla/5.0 (X11; Linux x86_64) AppleWebKit/537.36 (KHTML, like Gecko) Chrome/83.0.4103.97 Safari/537.36"
54.185.177.112 - - [10/Jul/2021:02:00:51 -0400] "GET /wp-content/uploads/2018/08/cropped-logo-32x32.jpg HTTP/1.1" 200 1259 "-" "Go-http-client/1.1"
66.249.92.73 - - [10/Jul/2021:02:01:13 -0400] "GET /2020/08/02/ HTTP/1.1" 200 18970 "-" "Mediapartners-Google"
40.77.167.81 - - [10/Jul/2021:02:01:14 -0400] "GET /2021/07/01/the-mass-murder-suicide-of-909-followers-of-the-peoples-temple-cult-of-jim-jones-jonestown-guyana-1978-1200x1200/feed/ HTTP/1.1" 200 6833 "-" "Mozilla/5.0 (compatible; bingbot/2.0; +http://www.bing.com/bingbot.htm)"
66.249.92.69 - - [10/Jul/2021:02:01:14 -0400] "GET /2020/08/02/ HTTP/1.1" 200 18970 "-" "Mediapartners-Google"
204.48.19.85 - - [10/Jul/2021:02:02:47 -0400] "POST /wp-cron.php?doing_wp_cron=1625896967.4032499790191650390625 HTTP/1.1" 200 6295 "https://ajhydell.com/wp-cron.php?doing_wp_cron=1625896967.4032499790191650390625" "WordPress/5.7.2; https://ajhydell.com"
114.119.151.93 - - [10/Jul/2021:02:02:47 -0400] "GET /2019/page/8 HTTP/1.1" 301 5718 "-" "Mozilla/5.0 (Linux; Android 7.0;) AppleWebKit/537.36 (KHTML, like Gecko) Mobile Safari/537.36 (compatible; PetalBot;+https://webmaster.petalsearch.com/site/petalbot)"
114.119.151.93 - - [10/Jul/2021:02:02:48 -0400] "GET /2019/page/8/ HTTP/1.1" 200 14374 "-" "Mozilla/5.0 (Linux; Android 7.0;) AppleWebKit/537.36 (KHTML, like Gecko) Mobile Safari/537.36 (compatible; PetalBot;+https://webmaster.petalsearch.com/site/petalbot)"
47.29.128.190 - - [10/Jul/2021:02:03:39 -0400] "GET /wp-content/uploads/2020/09/picture-69.jpg HTTP/1.1" 200 1262494 "https://www.bing.com/" "Mozilla/5.0 (Windows NT 6.3; Win64; x64) AppleWebKit/537.36 (KHTML, like Gecko) Chrome/91.0.4472.124 Safari/537.36 Edg/91.0.864.64"
47.29.128.190 - - [10/Jul/2021:02:04:00 -0400] "-" 408 6041 "-" "-"
204.48.19.85 - - [10/Jul/2021:02:04:26 -0400] "POST /wp-cron.php?doing_wp_cron=1625897066.5182669162750244140625 HTTP/1.1" 200 6295 "https://ajhydell.com/wp-cron.php?doing_wp_cron=1625897066.5182669162750244140625" "WordPress/5.7.2; https://ajhydell.com"
114.119.143.210 - - [10/Jul/2021:02:04:26 -0400] "GET /2020/03/20/the-luxuries-of-flying-in-the-past-as-shown-here-in-this-qantas-airways-747-upper-deck-in-1971962734 HTTP/1.1" 301 5863 "-" "Mozilla/5.0 (Linux; Android 7.0;) AppleWebKit/537.36 (KHTML, like Gecko) Mobile Safari/537.36 (compatible; PetalBot;+https://webmaster.petalsearch.com/site/petalbot)"
207.46.13.67 - - [10/Jul/2021:02:05:20 -0400] "GET /wp-content/uploads/2020/11/picture-139-1024x1002.jpg HTTP/1.1" 200 1717114 "-" "Mozilla/5.0 (compatible; bingbot/2.0; +http://www.bing.com/bingbot.htm)"
204.48.19.85 - - [10/Jul/2021:02:05:38 -0400] "POST /wp-cron.php?doing_wp_cron=1625897138.5196230411529541015625 HTTP/1.1" 200 6295 "https://ajhydell.com/wp-cron.php?doing_wp_cron=1625897138.5196230411529541015625" "WordPress/5.7.2; https://ajhydell.com"
17.121.114.32 - - [10/Jul/2021:02:05:38 -0400] "GET /2019/06/17/unit-control-desk-of-the-chernobyl-nuclear-power-plant-april-18-1983-1200-x-910/ HTTP/1.1" 200 18438 "-" "Mozilla/5.0 (Macintosh; Intel Mac OS X 10_15_5) AppleWebKit/605.1.15 (KHTML, like Gecko) Version/13.1.1 Safari/605.1.15 (Applebot/0.1; +http://www.apple.com/go/applebot)"
54.36.148.117 - - [10/Jul/2021:02:05:41 -0400] "GET /2020/03/17/u-s-marshals-at-the-ole-miss-university-campus-in-oxford-mississippi-deploys-tear-gas-against-white-rioters-who-were-trying-to-prevent-black-military-veteran-james-meredith-from-enrolling-in-the-uni/ HTTP/1.1" 200 19438 "-" "Mozilla/5.0 (compatible; AhrefsBot/7.0; +http://ahrefs.com/robot/)"
204.48.19.85 - - [10/Jul/2021:02:05:53 -0400] "POST /wp-cron.php?doing_wp_cron=1625897153.1832549571990966796875 HTTP/1.1" 200 6295 "https://ajhydell.com/wp-cron.php?doing_wp_cron=1625897153.1832549571990966796875" "WordPress/5.7.2; https://ajhydell.com"
114.119.132.183 - - [10/Jul/2021:02:05:53 -0400] "GET /2020/03/20/ingenuity-at-its-finest HTTP/1.1" 301 5786 "-" "Mozilla/5.0 (Linux; Android 7.0;) AppleWebKit/537.36 (KHTML, like Gecko) Mobile Safari/537.36 (compatible; PetalBot;+https://webmaster.petalsearch.com/site/petalbot)"
114.119.132.183 - - [10/Jul/2021:02:05:54 -0400] "GET /2020/03/20/ingenuity-at-its-finest/ HTTP/1.1" 200 13147 "-" "Mozilla/5.0 (Linux; Android 7.0;) AppleWebKit/537.36 (KHTML, like Gecko) Mobile Safari/537.36 (compatible; PetalBot;+https://webmaster.petalsearch.com/site/petalbot)"
97.107.140.60 - - [10/Jul/2021:02:06:07 -0400] "GET /feed/ HTTP/1.1" 200 13026 "-" "SerendeputyBot/0.8.6 (http://serendeputy.com/about/serendeputy-bot)"
172.104.216.161 - - [10/Jul/2021:02:06:10 -0400] "GET /robots.txt HTTP/1.1" 200 5859 "-" "SerendeputyBot/0.8.6 (http://serendeputy.com/about/serendeputy-bot)"
172.104.216.161 - - [10/Jul/2021:02:06:10 -0400] "GET /2021/07/09/a-dead-gi-and-us-troops-under-sniper-fire-on-the-nibelungen-bridge-in-worms-germany-28-march-1945/ HTTP/1.1" 200 63539 "-" "SerendeputyBot/0.8.6 (http://serendeputy.com/about/serendeputy-bot)"
172.104.216.161 - - [10/Jul/2021:02:06:11 -0400] "GET /2021/07/09/a-m4a1-sherman-of-the-713th-tank-battalion-equipped-with-a-flamethrower-torches-the-entrance-to-a-cave-in-southern-okinawa-1945/ HTTP/1.1" 200 64015 "-" "SerendeputyBot/0.8.6 (http://serendeputy.com/about/serendeputy-bot)"
172.104.216.161 - - [10/Jul/2021:02:06:12 -0400] "GET /2021/07/09/everyone-must-be-vaccinated-in-order-to-thwart-the-plans-of-the-american-imperialists-to-wage-biological-warfare-peoples-republic-of-china-1952/ HTTP/1.1" 200 64339 "-" "SerendeputyBot/0.8.6 (http://serendeputy.com/about/serendeputy-bot)"
172.104.216.161 - - [10/Jul/2021:02:06:12 -0400] "GET /2021/07/09/kiwi-pilots-of-488-nz-squadron-show-of-tail-fin-of-a-ki-46-dinah-the-first-japanese-aircraft-shot-down-over-singapore-jan-1942/ HTTP/1.1" 200 64220 "-" "SerendeputyBot/0.8.6 (http://serendeputy.com/about/serendeputy-bot)"
172.104.216.161 - - [10/Jul/2021:02:06:13 -0400] "GET /2021/07/09/mogadishu-1993-an-italian-soldier-gives-food-to-a-local-orphan-540x706/ HTTP/1.1" 200 62618 "-" "SerendeputyBot/0.8.6 (http://serendeputy.com/about/serendeputy-bot)"
172.104.216.161 - - [10/Jul/2021:02:06:13 -0400] "GET /2021/07/10/one-coat-covers-like-magic-kem-tone-paints-1944/ HTTP/1.1" 200 62311 "-" "SerendeputyBot/0.8.6 (http://serendeputy.com/about/serendeputy-bot)"
204.48.19.85 - - [10/Jul/2021:02:07:47 -0400] "POST /wp-cron.php?doing_wp_cron=1625897267.7944130897521972656250 HTTP/1.1" 200 6295 "https://ajhydell.com/wp-cron.php?doing_wp_cron=1625897267.7944130897521972656250" "WordPress/5.7.2; https://ajhydell.com"
114.119.156.206 - - [10/Jul/2021:02:07:47 -0400] "GET /2021/04/02/100-years-ago-today-april-1-1921-boys-get-big-dick-big-dick-was-a-machine-gun-that-shot-harmless-wooden-pellets-and-no-this-is-not-an-april-fools-day-joke HTTP/1.1" 301 5917 "-" "Mozilla/5.0 (Linux; Android 7.0;) AppleWebKit/537.36 (KHTML, like Gecko) Mobile Safari/537.36 (compatible; PetalBot;+https://webmaster.petalsearch.com/site/petalbot)"
114.119.156.206 - - [10/Jul/2021:02:07:49 -0400] "GET /2021/04/02/100-years-ago-today-april-1-1921-boys-get-big-dick-big-dick-was-a-machine-gun-that-shot-harmless-wooden-pellets-and-no-this-is-not-an-april-fools-day-joke/ HTTP/1.1" 200 13553 "-" "Mozilla/5.0 (Linux; Android 7.0;) AppleWebKit/537.36 (KHTML, like Gecko) Mobile Safari/537.36 (compatible; PetalBot;+https://webmaster.petalsearch.com/site/petalbot)"
204.48.19.85 - - [10/Jul/2021:02:08:59 -0400] "POST /wp-cron.php?doing_wp_cron=1625897339.2040851116180419921875 HTTP/1.1" 200 6295 "https://ajhydell.com/wp-cron.php?doing_wp_cron=1625897339.2040851116180419921875" "WordPress/5.7.2; https://ajhydell.com"
114.119.143.210 - - [10/Jul/2021:02:08:59 -0400] "GET /2021/01/20/a-caricature-by-mexican-artist-miguel-covarrubias-1933/ HTTP/1.1" 200 18346 "-" "Mozilla/5.0 (Linux; Android 7.0;) AppleWebKit/537.36 (KHTML, like Gecko) Mobile Safari/537.36 (compatible; PetalBot;+https://webmaster.petalsearch.com/site/petalbot)"
204.48.19.85 - - [10/Jul/2021:02:10:21 -0400] "POST /wp-cron.php?doing_wp_cron=1625897421.4412000179290771484375 HTTP/1.1" 200 6295 "https://ajhydell.com/wp-cron.php?doing_wp_cron=1625897421.4412000179290771484375" "WordPress/5.7.2; https://ajhydell.com"
146.185.135.169 - - [10/Jul/2021:02:10:21 -0400] "GET /wp-login.php HTTP/1.1" 200 8605 "-" "Mozilla/5.0 (X11; Ubuntu; Linux x86_64; rv:62.0) Gecko/20100101 Firefox/62.0"
146.185.135.169 - - [10/Jul/2021:02:10:26 -0400] "POST /wp-login.php HTTP/1.1" 200 8696 "-" "Mozilla/5.0 (X11; Ubuntu; Linux x86_64; rv:62.0) Gecko/20100101 Firefox/62.0"
146.185.135.169 - - [10/Jul/2021:02:10:32 -0400] "POST /xmlrpc.php HTTP/1.1" 200 5852 "-" "Mozilla/5.0 (X11; Ubuntu; Linux x86_64; rv:62.0) Gecko/20100101 Firefox/62.0"
204.48.19.85 - - [10/Jul/2021:02:11:46 -0400] "POST /wp-cron.php?doing_wp_cron=1625897506.5279819965362548828125 HTTP/1.1" 200 6295 "https://ajhydell.com/wp-cron.php?doing_wp_cron=1625897506.5279819965362548828125" "WordPress/5.7.2; https://ajhydell.com"
114.119.158.133 - - [10/Jul/2021:02:11:46 -0400] "GET /2020/09/13/lorenzo-lamas-the-king-of-the-bed-spanish-ad-from-the-80s/ HTTP/1.1" 200 18365 "-" "Mozilla/5.0 (Linux; Android 7.0;) AppleWebKit/537.36 (KHTML, like Gecko) Mobile Safari/537.36 (compatible; PetalBot;+https://webmaster.petalsearch.com/site/petalbot)"
207.46.13.54 - - [10/Jul/2021:02:11:51 -0400] "GET /2019/01/18/newsweek-in-1983-when-russians-shot-down-a-civilian-aircraft-and-1988-when-americans-shot-down-a-civilian-aircraft/ HTTP/1.1" 200 18739 "-" "Mozilla/5.0 (compatible; bingbot/2.0; +http://www.bing.com/bingbot.htm)"
114.119.132.183 - - [10/Jul/2021:02:12:18 -0400] "GET /2019/02/12/ian-curtis-lead-singer-of-the-band-joy-division HTTP/1.1" 301 5810 "-" "Mozilla/5.0 (Linux; Android 7.0;) AppleWebKit/537.36 (KHTML, like Gecko) Mobile Safari/537.36 (compatible; PetalBot;+https://webmaster.petalsearch.com/site/petalbot)"
114.119.132.183 - - [10/Jul/2021:02:12:19 -0400] "GET /2019/02/12/ian-curtis-lead-singer-of-the-band-joy-division/ HTTP/1.1" 200 13202 "-" "Mozilla/5.0 (Linux; Android 7.0;) AppleWebKit/537.36 (KHTML, like Gecko) Mobile Safari/537.36 (compatible; PetalBot;+https://webmaster.petalsearch.com/site/petalbot)"
204.48.19.85 - - [10/Jul/2021:02:14:13 -0400] "POST /wp-cron.php?doing_wp_cron=1625897653.8986899852752685546875 HTTP/1.1" 200 6295 "https://ajhydell.com/wp-cron.php?doing_wp_cron=1625897653.8986899852752685546875" "WordPress/5.7.2; https://ajhydell.com"
5.255.253.148 - - [10/Jul/2021:02:14:13 -0400] "GET /robots.txt HTTP/1.1" 200 6535 "-" "Mozilla/5.0 (compatible; YandexBot/3.0; +http://yandex.com/bots)"
5.255.253.148 - - [10/Jul/2021:02:14:17 -0400] "GET /2021/02/06/a-canadian-commando-with-a-lanchester-smg-and-bayonet-date-and-location-unknown-colourised-by-me/ HTTP/1.1" 200 13167 "-" "Mozilla/5.0 (compatible; YandexBot/3.0; +http://yandex.com/bots)"
114.119.158.133 - - [10/Jul/2021:02:14:35 -0400] "GET /2018/09/26/seven-up-float-1958/ HTTP/1.1" 200 18274 "-" "Mozilla/5.0 (Linux; Android 7.0;) AppleWebKit/537.36 (KHTML, like Gecko) Mobile Safari/537.36 (compatible; PetalBot;+https://webmaster.petalsearch.com/site/petalbot)"
23.100.232.233 - - [10/Jul/2021:02:14:37 -0400] "GET /2019/06/05/harriet-tubmans-last-portrait-1911/ HTTP/1.1" 200 18229 "-" "Mozilla/5.0 (compatible; MSIE 9.0; Windows NT 6.1; Trident/5.0;  Trident/5.0)"
23.100.232.233 - - [10/Jul/2021:02:14:38 -0400] "GET /wp-content/plugins/add-expires-headers/cache/0/com/processed-header-f16a8d323e83e1bc1b76514e283fb81b7090a959.min.css HTTP/1.1" 200 52893 "https://ajhydell.com/2019/06/05/harriet-tubmans-last-portrait-1911/" "Mozilla/5.0 (compatible; MSIE 9.0; Windows NT 6.1; Trident/5.0;  Trident/5.0)"
23.100.232.233 - - [10/Jul/2021:02:14:38 -0400] "GET /wp-includes/js/jquery/jquery.min.js?ver=3.5.1 HTTP/1.1" 200 31550 "https://ajhydell.com/2019/06/05/harriet-tubmans-last-portrait-1911/" "Mozilla/5.0 (compatible; MSIE 9.0; Windows NT 6.1; Trident/5.0;  Trident/5.0)"
23.100.232.233 - - [10/Jul/2021:02:14:38 -0400] "GET /wp-content/plugins/google-analytics-for-wordpress/assets/js/frontend-gtag.min.js?ver=7.17.0 HTTP/1.1" 200 3476 "https://ajhydell.com/2019/06/05/harriet-tubmans-last-portrait-1911/" "Mozilla/5.0 (compatible; MSIE 9.0; Windows NT 6.1; Trident/5.0;  Trident/5.0)"
23.100.232.233 - - [10/Jul/2021:02:14:38 -0400] "GET /wp-includes/js/jquery/jquery-migrate.min.js?ver=3.3.2 HTTP/1.1" 200 4687 "https://ajhydell.com/2019/06/05/harriet-tubmans-last-portrait-1911/" "Mozilla/5.0 (compatible; MSIE 9.0; Windows NT 6.1; Trident/5.0;  Trident/5.0)"
23.100.232.233 - - [10/Jul/2021:02:14:39 -0400] "GET /wp-includes/js/wp-emoji-release.min.js?ver=5.7.2 HTTP/1.1" 200 5183 "https://ajhydell.com/2019/06/05/harriet-tubmans-last-portrait-1911/" "Mozilla/5.0 (compatible; MSIE 9.0; Windows NT 6.1; Trident/5.0;  Trident/5.0)"
23.100.232.233 - - [10/Jul/2021:02:14:39 -0400] "GET /wp-content/plugins/wp-smushit/app/assets/js/smush-lazy-load.min.js?ver=3.8.7 HTTP/1.1" 200 4207 "https://ajhydell.com/2019/06/05/harriet-tubmans-last-portrait-1911/" "Mozilla/5.0 (compatible; MSIE 9.0; Windows NT 6.1; Trident/5.0;  Trident/5.0)"
23.100.232.233 - - [10/Jul/2021:02:14:40 -0400] "GET /wp-content/themes/royal-magazine/js/navigation.js?ver=20151215 HTTP/1.1" 200 1349 "https://ajhydell.com/2019/06/05/harriet-tubmans-last-portrait-1911/" "Mozilla/5.0 (compatible; MSIE 9.0; Windows NT 6.1; Trident/5.0;  Trident/5.0)"
23.100.232.233 - - [10/Jul/2021:02:14:40 -0400] "GET /wp-content/themes/royal-magazine/js/skip-link-focus-fix.js?ver=20151215 HTTP/1.1" 200 933 "https://ajhydell.com/2019/06/05/harriet-tubmans-last-portrait-1911/" "Mozilla/5.0 (compatible; MSIE 9.0; Windows NT 6.1; Trident/5.0;  Trident/5.0)"
23.100.232.233 - - [10/Jul/2021:02:14:40 -0400] "GET /wp-content/themes/royal-magazine/assets/libraries/bootstrap/js/bootstrap.min.js?ver=5.7.2 HTTP/1.1" 200 10404 "https://ajhydell.com/2019/06/05/harriet-tubmans-last-portrait-1911/" "Mozilla/5.0 (compatible; MSIE 9.0; Windows NT 6.1; Trident/5.0;  Trident/5.0)"
23.100.232.233 - - [10/Jul/2021:02:14:40 -0400] "GET /wp-content/themes/royal-magazine/assets/libraries/marquee/jquery.marquee.js?ver=5.7.2 HTTP/1.1" 200 5103 "https://ajhydell.com/2019/06/05/harriet-tubmans-last-portrait-1911/" "Mozilla/5.0 (compatible; MSIE 9.0; Windows NT 6.1; Trident/5.0;  Trident/5.0)"
23.100.232.233 - - [10/Jul/2021:02:14:40 -0400] "GET /wp-content/themes/royal-magazine/assets/twp/js/custom-script.js?ver=5.7.2 HTTP/1.1" 200 3023 "https://ajhydell.com/2019/06/05/harriet-tubmans-last-portrait-1911/" "Mozilla/5.0 (compatible; MSIE 9.0; Windows NT 6.1; Trident/5.0;  Trident/5.0)"
23.100.232.233 - - [10/Jul/2021:02:14:40 -0400] "GET /wp-content/themes/royal-magazine/assets/libraries/magnific-popup/jquery.magnific-popup.min.js?ver=5.7.2 HTTP/1.1" 200 7871 "https://ajhydell.com/2019/06/05/harriet-tubmans-last-portrait-1911/" "Mozilla/5.0 (compatible; MSIE 9.0; Windows NT 6.1; Trident/5.0;  Trident/5.0)"
23.100.232.233 - - [10/Jul/2021:02:14:40 -0400] "GET /wp-content/plugins/facebook-pagelike-widget/fb.js?ver=1.0 HTTP/1.1" 200 821 "https://ajhydell.com/2019/06/05/harriet-tubmans-last-portrait-1911/" "Mozilla/5.0 (compatible; MSIE 9.0; Windows NT 6.1; Trident/5.0;  Trident/5.0)"
23.100.232.233 - - [10/Jul/2021:02:14:40 -0400] "GET /wp-content/themes/royal-magazine/assets/libraries/slick/js/slick.min.js?ver=5.7.2 HTTP/1.1" 200 10740 "https://ajhydell.com/2019/06/05/harriet-tubmans-last-portrait-1911/" "Mozilla/5.0 (compatible; MSIE 9.0; Windows NT 6.1; Trident/5.0;  Trident/5.0)"
54.36.148.117 - - [10/Jul/2021:02:14:40 -0400] "GET /2021/04/14/the-conservative-party-elections-poster-from-1992-united-kingdom-general-election/ HTTP/1.1" 200 19173 "-" "Mozilla/5.0 (compatible; AhrefsBot/7.0; +http://ahrefs.com/robot/)"
23.100.232.233 - - [10/Jul/2021:02:14:40 -0400] "GET /wp-includes/js/wp-embed.min.js?ver=5.7.2 HTTP/1.1" 200 1221 "https://ajhydell.com/2019/06/05/harriet-tubmans-last-portrait-1911/" "Mozilla/5.0 (compatible; MSIE 9.0; Windows NT 6.1; Trident/5.0;  Trident/5.0)"
23.100.232.233 - - [10/Jul/2021:02:14:40 -0400] "GET /wp-content/themes/royal-magazine/assets/libraries/theiaStickySidebar/theia-sticky-sidebar.min.js?ver=5.7.2 HTTP/1.1" 200 2271 "https://ajhydell.com/2019/06/05/harriet-tubmans-last-portrait-1911/" "Mozilla/5.0 (compatible; MSIE 9.0; Windows NT 6.1; Trident/5.0;  Trident/5.0)"
40.77.167.77 - - [10/Jul/2021:02:16:24 -0400] "GET /wp-content/uploads/2021/01/picture-39.jpg HTTP/1.1" 200 295140 "-" "Mozilla/5.0 (compatible; bingbot/2.0; +http://www.bing.com/bingbot.htm)"
204.48.19.85 - - [10/Jul/2021:02:16:28 -0400] "GET / HTTP/1.1" 200 20360 "https://ajhydell.com/" "WordPress/5.7.2; https://ajhydell.com"
204.48.19.85 - - [10/Jul/2021:02:16:28 -0400] "POST /wp-cron.php?doing_wp_cron=1625897788.5311911106109619140625 HTTP/1.1" 200 6295 "https://ajhydell.com/wp-cron.php?doing_wp_cron=1625897788.5311911106109619140625" "WordPress/5.7.2; https://ajhydell.com"
114.119.138.170 - - [10/Jul/2021:02:16:28 -0400] "GET /2019/09/12/ HTTP/1.1" 200 17491 "-" "Mozilla/5.0 (Linux; Android 7.0;) AppleWebKit/537.36 (KHTML, like Gecko) Mobile Safari/537.36 (compatible; PetalBot;+https://webmaster.petalsearch.com/site/petalbot)"
131.220.6.152 - - [10/Jul/2021:02:17:01 -0400] "GET / HTTP/1.1" 200 20800 "-" "Mozilla/5.0 (X11; Linux x86_64) AppleWebKit/537.36 (KHTML, like Gecko) Chrome/79.0.3945.79 Safari/537.36"
114.119.158.133 - - [10/Jul/2021:02:17:17 -0400] "GET /2019/07/03/picture-of-a-graffito-i-made-1988-in-catalunya HTTP/1.1" 301 5809 "-" "Mozilla/5.0 (Linux; Android 7.0;) AppleWebKit/537.36 (KHTML, like Gecko) Mobile Safari/537.36 (compatible; PetalBot;+https://webmaster.petalsearch.com/site/petalbot)"
114.119.158.133 - - [10/Jul/2021:02:17:18 -0400] "GET /2019/07/03/picture-of-a-graffito-i-made-1988-in-catalunya/ HTTP/1.1" 200 13108 "-" "Mozilla/5.0 (Linux; Android 7.0;) AppleWebKit/537.36 (KHTML, like Gecko) Mobile Safari/537.36 (compatible; PetalBot;+https://webmaster.petalsearch.com/site/petalbot)"
40.77.167.77 - - [10/Jul/2021:02:17:23 -0400] "GET /2021/05/26/ad-in-a-1968-life-magazine/ HTTP/1.1" 200 18579 "-" "Mozilla/5.0 (compatible; bingbot/2.0; +http://www.bing.com/bingbot.htm)"
40.77.188.85 - - [10/Jul/2021:02:17:32 -0400] "GET /?wordfence_lh=1&hid=6E6034670980396CC7F4FBD547BBE542&r=0.21486069492386628 HTTP/1.1" 200 5918 "-" "Mozilla/5.0 (Windows NT 6.1; WOW64) AppleWebKit/534+ (KHTML, like Gecko) BingPreview/1.0b"
204.48.19.85 - - [10/Jul/2021:02:19:02 -0400] "POST /wp-cron.php?doing_wp_cron=1625897942.0885400772094726562500 HTTP/1.1" 200 6295 "https://ajhydell.com/wp-cron.php?doing_wp_cron=1625897942.0885400772094726562500" "WordPress/5.7.2; https://ajhydell.com"
114.119.151.93 - - [10/Jul/2021:02:19:02 -0400] "GET /2019/09/17/an-elderly-female-field-hand-coming-home-from-working-in-the-cotton-fields-1860s-500-x-620/ HTTP/1.1" 200 18621 "-" "Mozilla/5.0 (Linux; Android 7.0;) AppleWebKit/537.36 (KHTML, like Gecko) Mobile Safari/537.36 (compatible; PetalBot;+https://webmaster.petalsearch.com/site/petalbot)"
49.7.20.68 - - [10/Jul/2021:02:20:18 -0400] "-" 408 5562 "-" "-"
204.48.19.85 - - [10/Jul/2021:02:20:23 -0400] "POST /wp-cron.php?doing_wp_cron=1625898023.7999949455261230468750 HTTP/1.1" 200 6295 "https://ajhydell.com/wp-cron.php?doing_wp_cron=1625898023.7999949455261230468750" "WordPress/5.7.2; https://ajhydell.com"
187.44.188.18 - - [10/Jul/2021:02:20:23 -0400] "GET /wp-login.php HTTP/1.1" 200 8605 "-" "Mozilla/5.0 (X11; Ubuntu; Linux x86_64; rv:62.0) Gecko/20100101 Firefox/62.0"
187.44.188.18 - - [10/Jul/2021:02:20:24 -0400] "POST /wp-login.php HTTP/1.1" 200 8696 "-" "Mozilla/5.0 (X11; Ubuntu; Linux x86_64; rv:62.0) Gecko/20100101 Firefox/62.0"
187.44.188.18 - - [10/Jul/2021:02:20:24 -0400] "POST /xmlrpc.php HTTP/1.1" 200 5852 "-" "Mozilla/5.0 (X11; Ubuntu; Linux x86_64; rv:62.0) Gecko/20100101 Firefox/62.0"
204.48.19.85 - - [10/Jul/2021:02:21:10 -0400] "POST /wp-cron.php?doing_wp_cron=1625898070.5358479022979736328125 HTTP/1.1" 200 6295 "https://ajhydell.com/wp-cron.php?doing_wp_cron=1625898070.5358479022979736328125" "WordPress/5.7.2; https://ajhydell.com"
114.119.132.183 - - [10/Jul/2021:02:21:10 -0400] "GET /2020/09/20/there-is-no-force-that-would-enslave-us-1942/ HTTP/1.1" 200 18488 "-" "Mozilla/5.0 (Linux; Android 7.0;) AppleWebKit/537.36 (KHTML, like Gecko) Mobile Safari/537.36 (compatible; PetalBot;+https://webmaster.petalsearch.com/site/petalbot)"
23.228.109.147 - - [10/Jul/2021:02:21:29 -0400] "GET /wp-content/plugins/formcraft/file-upload/server/php/upload.php HTTP/1.1" 301 652 "http://www.google.com/" "Mozilla/5.0 (Windows NT 6.1; Win64; x64) AppleWebKit/537.36 (KHTML, like Gecko) Chrome/56.0.2896.3 Safari/537.36"
23.228.109.147 - - [10/Jul/2021:02:21:30 -0400] "GET /wp-content/plugins/formcraft/file-upload/server/php/upload.php HTTP/1.1" 404 64594 "http://www.google.com/" "Mozilla/5.0 (Windows NT 6.1; Win64; x64) AppleWebKit/537.36 (KHTML, like Gecko) Chrome/56.0.2896.3 Safari/537.36"
204.48.19.85 - - [10/Jul/2021:02:22:17 -0400] "POST /wp-cron.php?doing_wp_cron=1625898137.4794840812683105468750 HTTP/1.1" 200 6295 "https://ajhydell.com/wp-cron.php?doing_wp_cron=1625898137.4794840812683105468750" "WordPress/5.7.2; https://ajhydell.com"
3.249.171.134 - - [10/Jul/2021:02:22:17 -0400] "GET /category/opinion/feed/ HTTP/1.1" 200 6986 "-" "Krzana bot"
114.119.145.169 - - [10/Jul/2021:02:22:35 -0400] "GET /2020/09/03/a-group-of-vietcong-soldiers-1920-x-1080 HTTP/1.1" 301 5803 "-" "Mozilla/5.0 (Linux; Android 7.0;) AppleWebKit/537.36 (KHTML, like Gecko) Mobile Safari/537.36 (compatible; PetalBot;+https://webmaster.petalsearch.com/site/petalbot)"
114.119.145.169 - - [10/Jul/2021:02:22:36 -0400] "GET /2020/09/03/a-group-of-vietcong-soldiers-1920-x-1080/ HTTP/1.1" 200 13211 "-" "Mozilla/5.0 (Linux; Android 7.0;) AppleWebKit/537.36 (KHTML, like Gecko) Mobile Safari/537.36 (compatible; PetalBot;+https://webmaster.petalsearch.com/site/petalbot)"
207.46.13.113 - - [10/Jul/2021:02:22:45 -0400] "GET /wp-content/uploads/2021/02/picture-104.jpg HTTP/1.1" 200 226108 "-" "Mozilla/5.0 (compatible; bingbot/2.0; +http://www.bing.com/bingbot.htm)"
204.48.19.85 - - [10/Jul/2021:02:22:46 -0400] "POST /wp-cron.php?doing_wp_cron=1625898166.2060039043426513671875 HTTP/1.1" 200 6295 "https://ajhydell.com/wp-cron.php?doing_wp_cron=1625898166.2060039043426513671875" "WordPress/5.7.2; https://ajhydell.com"
54.36.148.117 - - [10/Jul/2021:02:22:46 -0400] "GET /2021/07/01/mrs-m-hale-whose-husband-is-fighting-in-france-spends-the-day-giving-us-soldiers-tea-and-other-refreshments-in-the-road-outside-her-house-and-playing-the-accordian-for-all-those-who-want-to-listen/ HTTP/1.1" 200 19427 "-" "Mozilla/5.0 (compatible; AhrefsBot/7.0; +http://ahrefs.com/robot/)"
204.48.19.85 - - [10/Jul/2021:02:23:39 -0400] "POST /wp-cron.php?doing_wp_cron=1625898219.8464450836181640625000 HTTP/1.1" 200 6295 "https://ajhydell.com/wp-cron.php?doing_wp_cron=1625898219.8464450836181640625000" "WordPress/5.7.2; https://ajhydell.com"
35.153.16.49 - - [10/Jul/2021:02:23:39 -0400] "HEAD / HTTP/1.1" 200 5715 "-" "scalaj-http/2.4.2"
35.153.16.49 - - [10/Jul/2021:02:23:39 -0400] "GET / HTTP/1.1" 200 20259 "-" "Buck/2.2; (+https://app.hypefactors.com/media-monitoring/about.html)"
35.153.16.49 - - [10/Jul/2021:02:23:40 -0400] "GET /robots.txt HTTP/1.1" 200 5901 "-" "Buck/2.2; (+https://app.hypefactors.com/media-monitoring/about.html)"
204.48.19.85 - - [10/Jul/2021:02:24:07 -0400] "POST /wp-cron.php?doing_wp_cron=1625898247.8550190925598144531250 HTTP/1.1" 200 6295 "https://ajhydell.com/wp-cron.php?doing_wp_cron=1625898247.8550190925598144531250" "WordPress/5.7.2; https://ajhydell.com"
35.153.16.49 - - [10/Jul/2021:02:24:07 -0400] "GET /feed/ HTTP/1.1" 200 8182 "-" "Buck/2.2; (+https://app.hypefactors.com/media-monitoring/about.html)"
35.153.16.49 - - [10/Jul/2021:02:24:08 -0400] "GET /sitemap_index.xml HTTP/1.1" 200 6220 "-" "Buck/2.2; (+https://app.hypefactors.com/media-monitoring/about.html)"
35.153.16.49 - - [10/Jul/2021:02:24:08 -0400] "GET /sitemap.xml HTTP/1.1" 200 6583 "-" "Buck/2.2; (+https://app.hypefactors.com/media-monitoring/about.html)"
35.153.16.49 - - [10/Jul/2021:02:24:08 -0400] "GET /sitemap-pt-post-2021-07.xml HTTP/1.1" 200 8959 "-" "Buck/2.2; (+https://app.hypefactors.com/media-monitoring/about.html)"
114.119.151.146 - - [10/Jul/2021:02:24:19 -0400] "GET /2020/11/14/amelia-earhart-during-studio-photoshoot-circa-1928-1935-400-x-623 HTTP/1.1" 301 5828 "-" "Mozilla/5.0 (Linux; Android 7.0;) AppleWebKit/537.36 (KHTML, like Gecko) Mobile Safari/537.36 (compatible; PetalBot;+https://webmaster.petalsearch.com/site/petalbot)"
114.119.151.146 - - [10/Jul/2021:02:24:20 -0400] "GET /2020/11/14/amelia-earhart-during-studio-photoshoot-circa-1928-1935-400-x-623/ HTTP/1.1" 200 13339 "-" "Mozilla/5.0 (Linux; Android 7.0;) AppleWebKit/537.36 (KHTML, like Gecko) Mobile Safari/537.36 (compatible; PetalBot;+https://webmaster.petalsearch.com/site/petalbot)"
204.48.19.85 - - [10/Jul/2021:02:25:41 -0400] "POST /wp-cron.php?doing_wp_cron=1625898341.1024730205535888671875 HTTP/1.1" 200 6295 "https://ajhydell.com/wp-cron.php?doing_wp_cron=1625898341.1024730205535888671875" "WordPress/5.7.2; https://ajhydell.com"
185.191.171.35 - - [10/Jul/2021:02:25:41 -0400] "GET /robots.txt HTTP/1.1" 200 6480 "-" "Mozilla/5.0 (compatible; SemrushBot/7~bl; +http://www.semrush.com/bot.html)"
185.191.171.13 - - [10/Jul/2021:02:25:41 -0400] "GET /2020/05/19/ HTTP/1.1" 200 18492 "-" "Mozilla/5.0 (compatible; SemrushBot/7~bl; +http://www.semrush.com/bot.html)"
204.48.19.85 - - [10/Jul/2021:02:26:07 -0400] "POST /wp-cron.php?doing_wp_cron=1625898367.4688260555267333984375 HTTP/1.1" 200 6295 "https://ajhydell.com/wp-cron.php?doing_wp_cron=1625898367.4688260555267333984375" "WordPress/5.7.2; https://ajhydell.com"
114.119.158.133 - - [10/Jul/2021:02:26:07 -0400] "GET /2019/07/26 HTTP/1.1" 301 5717 "-" "Mozilla/5.0 (Linux; Android 7.0;) AppleWebKit/537.36 (KHTML, like Gecko) Mobile Safari/537.36 (compatible; PetalBot;+https://webmaster.petalsearch.com/site/petalbot)"
114.119.158.133 - - [10/Jul/2021:02:26:08 -0400] "GET /2019/07/26/ HTTP/1.1" 200 12774 "-" "Mozilla/5.0 (Linux; Android 7.0;) AppleWebKit/537.36 (KHTML, like Gecko) Mobile Safari/537.36 (compatible; PetalBot;+https://webmaster.petalsearch.com/site/petalbot)"
17.121.112.141 - - [10/Jul/2021:02:26:15 -0400] "GET /2018/11/06/dont-be-an-ass-let-traffic-pass-u-k-1948/ HTTP/1.1" 200 18375 "-" "Mozilla/5.0 (Macintosh; Intel Mac OS X 10_15_5) AppleWebKit/605.1.15 (KHTML, like Gecko) Version/13.1.1 Safari/605.1.15 (Applebot/0.1; +http://www.apple.com/go/applebot)"
207.46.13.70 - - [10/Jul/2021:02:26:38 -0400] "GET /2019/07/18/earliest-known-photograph-of-baseball-being-played-in-california-1860s-2766x1581/ HTTP/1.1" 200 18679 "-" "Mozilla/5.0 (compatible; bingbot/2.0; +http://www.bing.com/bingbot.htm)"
204.48.19.85 - - [10/Jul/2021:02:26:59 -0400] "POST /wp-cron.php?doing_wp_cron=1625898419.9656078815460205078125 HTTP/1.1" 200 6295 "https://ajhydell.com/wp-cron.php?doing_wp_cron=1625898419.9656078815460205078125" "WordPress/5.7.2; https://ajhydell.com"
40.77.190.191 - - [10/Jul/2021:02:26:59 -0400] "GET /?wordfence_lh=1&hid=177E2A583E088A87E96565D212E34F07&r=0.4471911180249746 HTTP/1.1" 200 5918 "-" "Mozilla/5.0 (Windows NT 6.1; WOW64) AppleWebKit/534+ (KHTML, like Gecko) BingPreview/1.0b"
