81.88.49.42 - - [02/Jul/2021:02:45:15 -0400] "GET /wp-admin/css/common.php HTTP/1.1" 301 337 "http://simplesite.com" "Mozilla/5.0 (Windows; U; Windows NT 5.1; en-US) AppleWebKit/533.4 (KHTML, like Gecko) Chrome/5.0.375.99 Safari/533.4"
81.88.49.42 - - [02/Jul/2021:02:45:16 -0400] "GET /wp-admin/css/common.php HTTP/1.1" 404 64847 "http://ajhydell.com/wp-admin/css/common.php" "Mozilla/5.0 (Windows; U; Windows NT 5.1; en-US) AppleWebKit/533.4 (KHTML, like Gecko) Chrome/5.0.375.99 Safari/533.4"
66.249.66.136 - - [02/Jul/2021:02:45:39 -0400] "GET /2021/05/04/russian-bears-versus-rising-sun-japanese-postcard-of-the-russo-japanese-war-1904-1905/ HTTP/1.1" 200 18322 "-" "Mozilla/5.0 (compatible; Googlebot/2.1; +http://www.google.com/bot.html)"
204.48.19.85 - - [02/Jul/2021:02:46:25 -0400] "POST /wp-cron.php?doing_wp_cron=1625208385.0057830810546875000000 HTTP/1.1" 200 232 "http://ajhydell.com/wp-cron.php?doing_wp_cron=1625208385.0057830810546875000000" "WordPress/5.7.2; https://ajhydell.com"
40.88.21.235 - - [02/Jul/2021:02:46:24 -0400] "GET / HTTP/1.1" 301 343 "http://ajhydell.com/" "Mozilla/5.0 (compatible; DuckDuckGo-Favicons-Bot/1.0; +http://duckduckgo.com)"
40.88.21.235 - - [02/Jul/2021:02:46:25 -0400] "GET / HTTP/1.1" 200 19753 "https://ajhydell.com/" "Mozilla/5.0 (compatible; DuckDuckGo-Favicons-Bot/1.0; +http://duckduckgo.com)"
40.88.21.235 - - [02/Jul/2021:02:46:25 -0400] "GET /wp-content/uploads/2018/08/cropped-logo-32x32.jpg HTTP/1.1" 200 1314 "https://ajhydell.com/wp-content/uploads/2018/08/cropped-logo-32x32.jpg" "Mozilla/5.0 (compatible; DuckDuckGo-Favicons-Bot/1.0; +http://duckduckgo.com)"
204.48.19.85 - - [02/Jul/2021:02:46:49 -0400] "POST /wp-cron.php?doing_wp_cron=1625208409.9184310436248779296875 HTTP/1.1" 200 5463 "https://ajhydell.com/wp-cron.php?doing_wp_cron=1625208409.9184310436248779296875" "WordPress/5.7.2; https://ajhydell.com"
157.55.39.134 - - [02/Jul/2021:02:46:49 -0400] "GET /2020/04/25/anzac-day-today-25th-april-remembering-those-who-served-in-the-armed-services-of-australia-and-new-zealand/ HTTP/1.1" 200 17958 "-" "Mozilla/5.0 (compatible; bingbot/2.0; +http://www.bing.com/bingbot.htm)"
204.48.19.85 - - [02/Jul/2021:02:48:29 -0400] "POST /wp-cron.php?doing_wp_cron=1625208509.3603069782257080078125 HTTP/1.1" 200 5463 "https://ajhydell.com/wp-cron.php?doing_wp_cron=1625208509.3603069782257080078125" "WordPress/5.7.2; https://ajhydell.com"
54.36.148.158 - - [02/Jul/2021:02:48:29 -0400] "GET /2020/02/09/ HTTP/1.1" 200 17764 "-" "Mozilla/5.0 (compatible; AhrefsBot/7.0; +http://ahrefs.com/robot/)"
185.191.171.22 - - [02/Jul/2021:02:48:33 -0400] "GET /2021/03/07/esther-williams-movie-promo-photo-with-tom-and-jerry-2/ HTTP/1.1" 200 18169 "-" "Mozilla/5.0 (compatible; SemrushBot/7~bl; +http://www.semrush.com/bot.html)"
204.48.19.85 - - [02/Jul/2021:02:49:09 -0400] "POST /wp-cron.php?doing_wp_cron=1625208549.9340620040893554687500 HTTP/1.1" 200 5463 "https://ajhydell.com/wp-cron.php?doing_wp_cron=1625208549.9340620040893554687500" "WordPress/5.7.2; https://ajhydell.com"
23.250.11.250 - - [02/Jul/2021:02:49:09 -0400] "GET /2018/11/20/nazi-propaganda-minister-joseph-goebbels-glaring-at-a-jewish-photographer-at-a-league-of-nations-meeting-1933-682-x-1000/ HTTP/1.1" 200 68982 "-" "Mozilla/5.0 (Windows NT 10.0; Win64; x64) AppleWebKit/537.36 (KHTML, like Gecko) Chrome/71.0.3578.98 Safari/537.36"
204.48.19.85 - - [02/Jul/2021:02:50:02 -0400] "POST /wp-cron.php?doing_wp_cron=1625208602.5303180217742919921875 HTTP/1.1" 200 5463 "https://ajhydell.com/wp-cron.php?doing_wp_cron=1625208602.5303180217742919921875" "WordPress/5.7.2; https://ajhydell.com"
66.249.66.136 - - [02/Jul/2021:02:50:02 -0400] "GET /feed/ HTTP/1.1" 200 7620 "-" "Mozilla/5.0 (compatible; Googlebot/2.1; +http://www.google.com/bot.html)"
207.46.13.120 - - [02/Jul/2021:02:50:03 -0400] "GET /2021/06/19/kool-aid-1956/ HTTP/1.1" 200 17690 "-" "Mozilla/5.0 (compatible; bingbot/2.0; +http://www.bing.com/bingbot.htm)"
157.55.39.102 - - [02/Jul/2021:02:50:57 -0400] "GET /wp-content/uploads/2020/08/picture-122-797x1024.jpg HTTP/1.1" 200 113498 "-" "Mozilla/5.0 (compatible; bingbot/2.0; +http://www.bing.com/bingbot.htm)"
204.48.19.85 - - [02/Jul/2021:02:51:14 -0400] "POST /wp-cron.php?doing_wp_cron=1625208674.6587150096893310546875 HTTP/1.1" 200 5463 "https://ajhydell.com/wp-cron.php?doing_wp_cron=1625208674.6587150096893310546875" "WordPress/5.7.2; https://ajhydell.com"
216.244.66.250 - - [02/Jul/2021:02:51:14 -0400] "GET /2020/06/04/us-marines-carry-their-weapons-even-to-take-a-bath-which-is-where-they-are-headed-near-their-camp-in-chu-lai-vietnam-on-jan-16-1966-1300-x-971/ HTTP/1.1" 200 68719 "-" "Mozilla/5.0 (compatible; DotBot/1.2; +https://opensiteexplorer.org/dotbot; help@moz.com)"
5.255.253.88 - - [02/Jul/2021:02:51:36 -0400] "GET /2020/10/24/polish-policeman-in-full-assault-gear-1934-577x800/ HTTP/1.1" 200 18138 "-" "Mozilla/5.0 (compatible; YandexBot/3.0; +http://yandex.com/bots)"
204.48.19.85 - - [02/Jul/2021:02:52:14 -0400] "POST /wp-cron.php?doing_wp_cron=1625208734.3308050632476806640625 HTTP/1.1" 200 5463 "https://ajhydell.com/wp-cron.php?doing_wp_cron=1625208734.3308050632476806640625" "WordPress/5.7.2; https://ajhydell.com"
185.191.171.33 - - [02/Jul/2021:02:52:14 -0400] "GET /2019/01/25/ HTTP/1.1" 200 17703 "-" "Mozilla/5.0 (compatible; SemrushBot/7~bl; +http://www.semrush.com/bot.html)"
45.14.12.193 - - [02/Jul/2021:02:52:41 -0400] "GET / HTTP/1.0" 301 306 "-" "Mozilla/5.0 (Windows NT 6.3; Win64; x64) AppleWebKit/537.36 (KHTML, like Gecko) Chrome/75.0.3770.100 Safari/537.36"
45.14.12.193 - - [02/Jul/2021:02:52:42 -0400] "GET / HTTP/1.0" 200 102945 "-" "Mozilla/5.0 (Windows NT 6.3; Win64; x64) AppleWebKit/537.36 (KHTML, like Gecko) Chrome/75.0.3770.100 Safari/537.36"
40.77.167.20 - - [02/Jul/2021:02:52:47 -0400] "GET /wp-content/uploads/2020/01/picture-14-1024x758.jpg HTTP/1.1" 200 131323 "-" "Mozilla/5.0 (compatible; bingbot/2.0; +http://www.bing.com/bingbot.htm)"
207.46.13.151 - - [02/Jul/2021:02:52:51 -0400] "GET /wp-content/uploads/2019/04/picture-50.jpg HTTP/1.1" 200 56387 "-" "Mozilla/5.0 (compatible; bingbot/2.0; +http://www.bing.com/bingbot.htm)"
204.48.19.85 - - [02/Jul/2021:02:55:08 -0400] "POST /wp-cron.php?doing_wp_cron=1625208908.0405509471893310546875 HTTP/1.1" 200 5463 "https://ajhydell.com/wp-cron.php?doing_wp_cron=1625208908.0405509471893310546875" "WordPress/5.7.2; https://ajhydell.com"
185.191.171.23 - - [02/Jul/2021:02:55:07 -0400] "GET /2020/03/28/ HTTP/1.1" 200 17678 "-" "Mozilla/5.0 (compatible; SemrushBot/7~bl; +http://www.semrush.com/bot.html)"
151.192.180.208 - - [02/Jul/2021:02:55:12 -0400] "GET /wp-content/uploads/2019/04/picture-14-1024x350.jpg HTTP/1.1" 200 68541 "https://www.bing.com/" "Mozilla/5.0 (Windows NT 10.0; Win64; x64) AppleWebKit/537.36 (KHTML, like Gecko) Chrome/91.0.4472.114 Safari/537.36 Edg/91.0.864.59"
216.244.66.250 - - [02/Jul/2021:02:55:18 -0400] "GET /page/82/ HTTP/1.1" 200 102468 "-" "Mozilla/5.0 (compatible; DotBot/1.2; +https://opensiteexplorer.org/dotbot; help@moz.com)"
66.249.66.134 - - [02/Jul/2021:02:55:29 -0400] "GET /sitemap-pt-post-2021-01.xml HTTP/1.1" 200 13750 "-" "Mozilla/5.0 (compatible; Googlebot/2.1; +http://www.google.com/bot.html)"
185.191.171.26 - - [02/Jul/2021:02:55:30 -0400] "GET /2020/08/13/soldiers-of-the-369th-croatian-reinforced-infantry-regiment-1942/ HTTP/1.1" 200 18087 "-" "Mozilla/5.0 (compatible; SemrushBot/7~bl; +http://www.semrush.com/bot.html)"
151.192.180.208 - - [02/Jul/2021:02:55:32 -0400] "-" 408 5209 "-" "-"
216.244.66.250 - - [02/Jul/2021:02:55:38 -0400] "GET /2019/02/08/married-japanese-couple-c1955/ HTTP/1.1" 200 66698 "-" "Mozilla/5.0 (compatible; DotBot/1.2; +https://opensiteexplorer.org/dotbot; help@moz.com)"
204.48.19.85 - - [02/Jul/2021:02:55:49 -0400] "POST /wp-cron.php?doing_wp_cron=1625208949.4968891143798828125000 HTTP/1.1" 200 5463 "https://ajhydell.com/wp-cron.php?doing_wp_cron=1625208949.4968891143798828125000" "WordPress/5.7.2; https://ajhydell.com"
17.121.112.131 - - [02/Jul/2021:02:55:49 -0400] "GET /2020/07/27/victims-of-the-massive-allied-bombing-campaign-in-dresden-germany-february-1945/ HTTP/1.1" 200 17505 "-" "Mozilla/5.0 (Macintosh; Intel Mac OS X 10_15_5) AppleWebKit/605.1.15 (KHTML, like Gecko) Version/13.1.1 Safari/605.1.15 (Applebot/0.1; +http://www.apple.com/go/applebot)"
54.205.25.221 - - [02/Jul/2021:02:56:08 -0400] "HEAD / HTTP/1.1" 200 4883 "-" "scalaj-http/2.4.2"
54.205.25.221 - - [02/Jul/2021:02:56:09 -0400] "GET / HTTP/1.1" 200 19225 "-" "Buck/2.2; (+https://app.hypefactors.com/media-monitoring/about.html)"
54.205.25.221 - - [02/Jul/2021:02:56:10 -0400] "GET /robots.txt HTTP/1.1" 200 5069 "-" "Buck/2.2; (+https://app.hypefactors.com/media-monitoring/about.html)"
54.36.148.253 - - [02/Jul/2021:02:56:13 -0400] "GET /2019/11/07/ HTTP/1.1" 200 17684 "-" "Mozilla/5.0 (compatible; AhrefsBot/7.0; +http://ahrefs.com/robot/)"
204.48.19.85 - - [02/Jul/2021:02:56:46 -0400] "POST /wp-cron.php?doing_wp_cron=1625209006.2865059375762939453125 HTTP/1.1" 200 5463 "https://ajhydell.com/wp-cron.php?doing_wp_cron=1625209006.2865059375762939453125" "WordPress/5.7.2; https://ajhydell.com"
54.205.25.221 - - [02/Jul/2021:02:56:46 -0400] "GET /feed/ HTTP/1.1" 200 7323 "-" "Buck/2.2; (+https://app.hypefactors.com/media-monitoring/about.html)"
54.205.25.221 - - [02/Jul/2021:02:56:47 -0400] "GET /sitemap_index.xml HTTP/1.1" 200 5388 "-" "Buck/2.2; (+https://app.hypefactors.com/media-monitoring/about.html)"
54.205.25.221 - - [02/Jul/2021:02:56:47 -0400] "GET /post-sitemap10.xml HTTP/1.1" 200 15401 "-" "Buck/2.2; (+https://app.hypefactors.com/media-monitoring/about.html)"
54.205.25.221 - - [02/Jul/2021:02:56:47 -0400] "GET /post-sitemap11.xml HTTP/1.1" 200 15210 "-" "Buck/2.2; (+https://app.hypefactors.com/media-monitoring/about.html)"
54.205.25.221 - - [02/Jul/2021:02:56:47 -0400] "GET /post-sitemap12.xml HTTP/1.1" 200 14378 "-" "Buck/2.2; (+https://app.hypefactors.com/media-monitoring/about.html)"
54.205.25.221 - - [02/Jul/2021:02:56:47 -0400] "GET /post-sitemap13.xml HTTP/1.1" 200 14594 "-" "Buck/2.2; (+https://app.hypefactors.com/media-monitoring/about.html)"
54.205.25.221 - - [02/Jul/2021:02:56:48 -0400] "GET /sitemap.xml HTTP/1.1" 200 5751 "-" "Buck/2.2; (+https://app.hypefactors.com/media-monitoring/about.html)"
54.205.25.221 - - [02/Jul/2021:02:56:48 -0400] "GET /sitemap-pt-post-2021-07.xml HTTP/1.1" 200 5881 "-" "Buck/2.2; (+https://app.hypefactors.com/media-monitoring/about.html)"
54.205.25.221 - - [02/Jul/2021:02:56:48 -0400] "GET /sitemap-pt-post-2021-06.xml HTTP/1.1" 200 12714 "-" "Buck/2.2; (+https://app.hypefactors.com/media-monitoring/about.html)"
207.46.13.80 - - [02/Jul/2021:02:57:33 -0400] "GET /wp-content/uploads/2021/05/picture-22-891x1024.jpg HTTP/1.1" 200 92657 "-" "Mozilla/5.0 (compatible; bingbot/2.0; +http://www.bing.com/bingbot.htm)"
40.77.167.20 - - [02/Jul/2021:02:57:38 -0400] "GET /2019/12/18/french-resistance-member-georges-blind-smiling-in-front-of-a-german-execution-squad-october-1944-1599x1160/ HTTP/1.1" 200 17927 "-" "Mozilla/5.0 (compatible; bingbot/2.0; +http://www.bing.com/bingbot.htm)"
66.249.66.134 - - [02/Jul/2021:02:57:39 -0400] "GET /robots.txt HTTP/1.1" 200 5685 "-" "Mozilla/5.0 (compatible; Googlebot/2.1; +http://www.google.com/bot.html)"
66.249.66.136 - - [02/Jul/2021:02:57:39 -0400] "GET /2018/08/26/young-marilyn-monroe/ HTTP/1.1" 200 18231 "-" "Mozilla/5.0 (Linux; Android 6.0.1; Nexus 5X Build/MMB29P) AppleWebKit/537.36 (KHTML, like Gecko) Chrome/91.0.4472.90 Mobile Safari/537.36 (compatible; Googlebot/2.1; +http://www.google.com/bot.html)"
66.249.66.132 - - [02/Jul/2021:02:57:43 -0400] "GET /wp-content/plugins/google-analytics-for-wordpress/assets/js/frontend-gtag.min.js?ver=7.17.0 HTTP/1.1" 200 8454 "https://ajhydell.com/2018/08/26/young-marilyn-monroe/" "Mozilla/5.0 (Linux; Android 6.0.1; Nexus 5X Build/MMB29P) AppleWebKit/537.36 (KHTML, like Gecko) Chrome/91.0.4472.90 Mobile Safari/537.36 (compatible; Googlebot/2.1; +http://www.google.com/bot.html)"
204.48.19.85 - - [02/Jul/2021:02:58:06 -0400] "POST /wp-cron.php?doing_wp_cron=1625209086.9005849361419677734375 HTTP/1.1" 200 5463 "https://ajhydell.com/wp-cron.php?doing_wp_cron=1625209086.9005849361419677734375" "WordPress/5.7.2; https://ajhydell.com"
157.55.39.22 - - [02/Jul/2021:02:58:06 -0400] "GET /2020/01/31/the-four-freedoms-united-nations-flags-world-war-ii/ HTTP/1.1" 200 17691 "-" "Mozilla/5.0 (compatible; bingbot/2.0; +http://www.bing.com/bingbot.htm)"
66.249.66.136 - - [02/Jul/2021:02:58:17 -0400] "GET /wp-content/uploads/2018/08/38497330_397960004063337_4338171617570979840_n-150x150.jpg HTTP/1.1" 200 12451 "-" "Googlebot-Image/1.0"
204.48.19.85 - - [02/Jul/2021:02:59:50 -0400] "POST /wp-cron.php?doing_wp_cron=1625209190.5569040775299072265625 HTTP/1.1" 200 5463 "https://ajhydell.com/wp-cron.php?doing_wp_cron=1625209190.5569040775299072265625" "WordPress/5.7.2; https://ajhydell.com"
157.55.39.22 - - [02/Jul/2021:02:59:50 -0400] "GET /2021/04/18/ HTTP/1.1" 200 17716 "-" "Mozilla/5.0 (compatible; bingbot/2.0; +http://www.bing.com/bingbot.htm)"
207.46.13.151 - - [02/Jul/2021:03:00:38 -0400] "GET /2018/11/17/a-russian-girl-tries-to-wake-up-her-dead-mother-following-the-liberation-of-ozarichi-concentration-camp-belarus-march-1944-1408x1896/ HTTP/1.1" 200 17955 "-" "Mozilla/5.0 (compatible; bingbot/2.0; +http://www.bing.com/bingbot.htm)"
204.48.19.85 - - [02/Jul/2021:03:01:13 -0400] "POST /wp-cron.php?doing_wp_cron=1625209273.5692219734191894531250 HTTP/1.1" 200 5463 "https://ajhydell.com/wp-cron.php?doing_wp_cron=1625209273.5692219734191894531250" "WordPress/5.7.2; https://ajhydell.com"
185.191.171.42 - - [02/Jul/2021:03:01:13 -0400] "GET /2018/12/03/north-atlantic-convoy-seen-from-the-flight-deck-of-aircraft-carrier-uss-core-cve-13-1-november-1943-1280-x-1056/ HTTP/1.1" 200 18236 "-" "Mozilla/5.0 (compatible; SemrushBot/7~bl; +http://www.semrush.com/bot.html)"
204.48.19.85 - - [02/Jul/2021:03:02:17 -0400] "POST /wp-cron.php?doing_wp_cron=1625209337.8582990169525146484375 HTTP/1.1" 200 5463 "https://ajhydell.com/wp-cron.php?doing_wp_cron=1625209337.8582990169525146484375" "WordPress/5.7.2; https://ajhydell.com"
148.251.120.201 - - [02/Jul/2021:03:02:17 -0400] "GET /robots.txt HTTP/1.1" 200 5233 "-" "Mozilla/5.0 (compatible; MJ12bot/v1.4.8; http://mj12bot.com/)"
148.251.120.201 - - [02/Jul/2021:03:02:22 -0400] "GET /author/aj/page/20/ HTTP/1.1" 200 14443 "-" "Mozilla/5.0 (compatible; MJ12bot/v1.4.8; http://mj12bot.com/)"
148.251.120.201 - - [02/Jul/2021:03:02:26 -0400] "GET /author/aj/page/31/ HTTP/1.1" 200 14308 "-" "Mozilla/5.0 (compatible; MJ12bot/v1.4.8; http://mj12bot.com/)"
148.251.120.201 - - [02/Jul/2021:03:02:32 -0400] "GET /author/aj/page/6/ HTTP/1.1" 200 19208 "-" "Mozilla/5.0 (compatible; MJ12bot/v1.4.8; http://mj12bot.com/)"
23.100.232.233 - - [02/Jul/2021:03:02:35 -0400] "GET /2020/01/24/washington-post-cartoon-published-amidst-the-cuban-missile-crisis-1962/ HTTP/1.1" 200 17157 "-" "Mozilla/5.0 (compatible; MSIE 9.0; Windows NT 6.1; Trident/5.0;  Trident/5.0)"
23.100.232.233 - - [02/Jul/2021:03:02:35 -0400] "GET /wp-content/plugins/add-expires-headers/cache/0/com/processed-header-f16a8d323e83e1bc1b76514e283fb81b7090a959.min.css HTTP/1.1" 200 52893 "https://ajhydell.com/2020/01/24/washington-post-cartoon-published-amidst-the-cuban-missile-crisis-1962/" "Mozilla/5.0 (compatible; MSIE 9.0; Windows NT 6.1; Trident/5.0;  Trident/5.0)"
23.100.232.233 - - [02/Jul/2021:03:02:35 -0400] "GET /wp-includes/js/jquery/jquery.min.js?ver=3.5.1 HTTP/1.1" 200 31550 "https://ajhydell.com/2020/01/24/washington-post-cartoon-published-amidst-the-cuban-missile-crisis-1962/" "Mozilla/5.0 (compatible; MSIE 9.0; Windows NT 6.1; Trident/5.0;  Trident/5.0)"
23.100.232.233 - - [02/Jul/2021:03:02:35 -0400] "GET /wp-content/plugins/google-analytics-for-wordpress/assets/js/frontend-gtag.min.js?ver=7.17.0 HTTP/1.1" 200 3476 "https://ajhydell.com/2020/01/24/washington-post-cartoon-published-amidst-the-cuban-missile-crisis-1962/" "Mozilla/5.0 (compatible; MSIE 9.0; Windows NT 6.1; Trident/5.0;  Trident/5.0)"
23.100.232.233 - - [02/Jul/2021:03:02:35 -0400] "GET /wp-includes/js/jquery/jquery-migrate.min.js?ver=3.3.2 HTTP/1.1" 200 4687 "https://ajhydell.com/2020/01/24/washington-post-cartoon-published-amidst-the-cuban-missile-crisis-1962/" "Mozilla/5.0 (compatible; MSIE 9.0; Windows NT 6.1; Trident/5.0;  Trident/5.0)"
148.251.120.201 - - [02/Jul/2021:03:02:35 -0400] "GET /category/uncategorized/page/17/ HTTP/1.1" 200 14428 "-" "Mozilla/5.0 (compatible; MJ12bot/v1.4.8; http://mj12bot.com/)"
23.100.232.233 - - [02/Jul/2021:03:02:36 -0400] "GET /wp-content/plugins/wp-smushit/app/assets/js/smush-lazy-load.min.js?ver=3.8.7 HTTP/1.1" 200 4207 "https://ajhydell.com/2020/01/24/washington-post-cartoon-published-amidst-the-cuban-missile-crisis-1962/" "Mozilla/5.0 (compatible; MSIE 9.0; Windows NT 6.1; Trident/5.0;  Trident/5.0)"
23.100.232.233 - - [02/Jul/2021:03:02:36 -0400] "GET /wp-includes/js/wp-emoji-release.min.js?ver=5.7.2 HTTP/1.1" 200 5183 "https://ajhydell.com/2020/01/24/washington-post-cartoon-published-amidst-the-cuban-missile-crisis-1962/" "Mozilla/5.0 (compatible; MSIE 9.0; Windows NT 6.1; Trident/5.0;  Trident/5.0)"
23.100.232.233 - - [02/Jul/2021:03:02:36 -0400] "GET /wp-content/themes/royal-magazine/js/skip-link-focus-fix.js?ver=20151215 HTTP/1.1" 200 933 "https://ajhydell.com/2020/01/24/washington-post-cartoon-published-amidst-the-cuban-missile-crisis-1962/" "Mozilla/5.0 (compatible; MSIE 9.0; Windows NT 6.1; Trident/5.0;  Trident/5.0)"
23.100.232.233 - - [02/Jul/2021:03:02:36 -0400] "GET /wp-content/themes/royal-magazine/js/navigation.js?ver=20151215 HTTP/1.1" 200 1349 "https://ajhydell.com/2020/01/24/washington-post-cartoon-published-amidst-the-cuban-missile-crisis-1962/" "Mozilla/5.0 (compatible; MSIE 9.0; Windows NT 6.1; Trident/5.0;  Trident/5.0)"
23.100.232.233 - - [02/Jul/2021:03:02:36 -0400] "GET /wp-content/themes/royal-magazine/assets/libraries/marquee/jquery.marquee.js?ver=5.7.2 HTTP/1.1" 200 5103 "https://ajhydell.com/2020/01/24/washington-post-cartoon-published-amidst-the-cuban-missile-crisis-1962/" "Mozilla/5.0 (compatible; MSIE 9.0; Windows NT 6.1; Trident/5.0;  Trident/5.0)"
23.100.232.233 - - [02/Jul/2021:03:02:36 -0400] "GET /wp-content/themes/royal-magazine/assets/libraries/bootstrap/js/bootstrap.min.js?ver=5.7.2 HTTP/1.1" 200 10404 "https://ajhydell.com/2020/01/24/washington-post-cartoon-published-amidst-the-cuban-missile-crisis-1962/" "Mozilla/5.0 (compatible; MSIE 9.0; Windows NT 6.1; Trident/5.0;  Trident/5.0)"
23.100.232.233 - - [02/Jul/2021:03:02:36 -0400] "GET /wp-content/themes/royal-magazine/assets/twp/js/custom-script.js?ver=5.7.2 HTTP/1.1" 200 3023 "https://ajhydell.com/2020/01/24/washington-post-cartoon-published-amidst-the-cuban-missile-crisis-1962/" "Mozilla/5.0 (compatible; MSIE 9.0; Windows NT 6.1; Trident/5.0;  Trident/5.0)"
23.100.232.233 - - [02/Jul/2021:03:02:36 -0400] "GET /wp-content/themes/royal-magazine/assets/libraries/magnific-popup/jquery.magnific-popup.min.js?ver=5.7.2 HTTP/1.1" 200 7871 "https://ajhydell.com/2020/01/24/washington-post-cartoon-published-amidst-the-cuban-missile-crisis-1962/" "Mozilla/5.0 (compatible; MSIE 9.0; Windows NT 6.1; Trident/5.0;  Trident/5.0)"
23.100.232.233 - - [02/Jul/2021:03:02:36 -0400] "GET /wp-content/plugins/facebook-pagelike-widget/fb.js?ver=1.0 HTTP/1.1" 200 821 "https://ajhydell.com/2020/01/24/washington-post-cartoon-published-amidst-the-cuban-missile-crisis-1962/" "Mozilla/5.0 (compatible; MSIE 9.0; Windows NT 6.1; Trident/5.0;  Trident/5.0)"
23.100.232.233 - - [02/Jul/2021:03:02:36 -0400] "GET /wp-content/themes/royal-magazine/assets/libraries/slick/js/slick.min.js?ver=5.7.2 HTTP/1.1" 200 10740 "https://ajhydell.com/2020/01/24/washington-post-cartoon-published-amidst-the-cuban-missile-crisis-1962/" "Mozilla/5.0 (compatible; MSIE 9.0; Windows NT 6.1; Trident/5.0;  Trident/5.0)"
23.100.232.233 - - [02/Jul/2021:03:02:36 -0400] "GET /wp-includes/js/wp-embed.min.js?ver=5.7.2 HTTP/1.1" 200 1221 "https://ajhydell.com/2020/01/24/washington-post-cartoon-published-amidst-the-cuban-missile-crisis-1962/" "Mozilla/5.0 (compatible; MSIE 9.0; Windows NT 6.1; Trident/5.0;  Trident/5.0)"
23.100.232.233 - - [02/Jul/2021:03:02:36 -0400] "GET /wp-content/themes/royal-magazine/assets/libraries/theiaStickySidebar/theia-sticky-sidebar.min.js?ver=5.7.2 HTTP/1.1" 200 2271 "https://ajhydell.com/2020/01/24/washington-post-cartoon-published-amidst-the-cuban-missile-crisis-1962/" "Mozilla/5.0 (compatible; MSIE 9.0; Windows NT 6.1; Trident/5.0;  Trident/5.0)"
148.251.120.201 - - [02/Jul/2021:03:02:42 -0400] "GET /category/uncategorized/page/5/ HTTP/1.1" 200 19381 "-" "Mozilla/5.0 (compatible; MJ12bot/v1.4.8; http://mj12bot.com/)"
204.48.19.85 - - [02/Jul/2021:03:02:49 -0400] "POST /wp-cron.php?doing_wp_cron=1625209369.3780748844146728515625 HTTP/1.1" 200 5463 "https://ajhydell.com/wp-cron.php?doing_wp_cron=1625209369.3780748844146728515625" "WordPress/5.7.2; https://ajhydell.com"
148.251.120.201 - - [02/Jul/2021:03:02:49 -0400] "GET /page/20/ HTTP/1.1" 200 19758 "-" "Mozilla/5.0 (compatible; MJ12bot/v1.4.8; http://mj12bot.com/)"
148.251.120.201 - - [02/Jul/2021:03:02:56 -0400] "GET /page/9/ HTTP/1.1" 200 19334 "-" "Mozilla/5.0 (compatible; MJ12bot/v1.4.8; http://mj12bot.com/)"
204.48.19.85 - - [02/Jul/2021:03:03:46 -0400] "POST /wp-cron.php?doing_wp_cron=1625209426.0257470607757568359375 HTTP/1.1" 200 5463 "https://ajhydell.com/wp-cron.php?doing_wp_cron=1625209426.0257470607757568359375" "WordPress/5.7.2; https://ajhydell.com"
54.36.149.30 - - [02/Jul/2021:03:03:45 -0400] "GET /2021/03/29/ HTTP/1.1" 200 18304 "-" "Mozilla/5.0 (compatible; AhrefsBot/7.0; +http://ahrefs.com/robot/)"
157.55.39.22 - - [02/Jul/2021:03:06:46 -0400] "GET /wp-content/uploads/2020/05/picture-38.jpg HTTP/1.1" 200 5215794 "-" "Mozilla/5.0 (compatible; bingbot/2.0; +http://www.bing.com/bingbot.htm)"
204.48.19.85 - - [02/Jul/2021:03:07:05 -0400] "POST /wp-cron.php?doing_wp_cron=1625209624.9955170154571533203125 HTTP/1.1" 200 5463 "https://ajhydell.com/wp-cron.php?doing_wp_cron=1625209624.9955170154571533203125" "WordPress/5.7.2; https://ajhydell.com"
162.55.191.247 - - [02/Jul/2021:03:07:04 -0400] "GET /wp-admin/install.php?step=1 HTTP/1.1" 200 6002 "-" "Apache/2.4.34 (Ubuntu) OpenSSL/1.1.1 (internal dummy connection)"
5.255.253.88 - - [02/Jul/2021:03:07:27 -0400] "GET /robots.txt HTTP/1.1" 200 5703 "-" "Mozilla/5.0 (compatible; YandexBot/3.0; +http://yandex.com/bots)"
5.255.253.88 - - [02/Jul/2021:03:07:30 -0400] "GET /2020/12/25/ HTTP/1.1" 200 13036 "-" "Mozilla/5.0 (compatible; YandexBot/3.0; +http://yandex.com/bots)"
31.121.48.166 - - [02/Jul/2021:03:10:28 -0400] "GET /wp-content/uploads/2019/09/picture-51-768x504.jpg HTTP/1.1" 200 117641 "https://www.bing.com/" "Mozilla/5.0 (Windows NT 10.0; Win64; x64) AppleWebKit/537.36 (KHTML, like Gecko) Chrome/91.0.4472.114 Safari/537.36 Edg/91.0.864.59"
66.215.62.143 - - [02/Jul/2021:03:10:30 -0400] "GET /wp-content/uploads/2020/11/picture-111.jpg HTTP/1.1" 200 1943758 "https://www.bing.com/" "Mozilla/5.0 (Windows NT 10.0; Win64; x64) AppleWebKit/537.36 (KHTML, like Gecko) Chrome/91.0.4472.114 Safari/537.36 Edg/91.0.864.59"
66.215.62.143 - - [02/Jul/2021:03:10:50 -0400] "-" 408 5209 "-" "-"
204.48.19.85 - - [02/Jul/2021:03:10:51 -0400] "POST /wp-cron.php?doing_wp_cron=1625209851.4349229335784912109375 HTTP/1.1" 200 5463 "https://ajhydell.com/wp-cron.php?doing_wp_cron=1625209851.4349229335784912109375" "WordPress/5.7.2; https://ajhydell.com"
66.249.66.136 - - [02/Jul/2021:03:10:51 -0400] "GET /post-sitemap6.xml HTTP/1.1" 200 15777 "-" "Mozilla/5.0 (compatible; Googlebot/2.1; +http://www.google.com/bot.html)"
54.36.149.36 - - [02/Jul/2021:03:11:29 -0400] "GET /2021/04/10/resistance-fighters-maquis-escort-a-free-french-m8-gun-motor-carriage-with-75mm-howitzer-through-the-streets-of-avignon-1944/ HTTP/1.1" 200 18423 "-" "Mozilla/5.0 (compatible; AhrefsBot/7.0; +http://ahrefs.com/robot/)"
185.191.171.10 - - [02/Jul/2021:03:11:43 -0400] "GET /page/14/ HTTP/1.1" 200 19892 "-" "Mozilla/5.0 (compatible; SemrushBot/7~bl; +http://www.semrush.com/bot.html)"
204.48.19.85 - - [02/Jul/2021:03:11:45 -0400] "POST /wp-cron.php?doing_wp_cron=1625209905.1861209869384765625000 HTTP/1.1" 200 5463 "https://ajhydell.com/wp-cron.php?doing_wp_cron=1625209905.1861209869384765625000" "WordPress/5.7.2; https://ajhydell.com"
157.55.39.134 - - [02/Jul/2021:03:11:45 -0400] "GET /2018/08/22/the-last-known-picture-of-adolf-hitler-april-30-1945-577x428/ HTTP/1.1" 200 17653 "-" "Mozilla/5.0 (compatible; bingbot/2.0; +http://www.bing.com/bingbot.htm)"
193.112.127.112 - - [02/Jul/2021:03:12:21 -0400] "POST /wp-login.php HTTP/1.1" 200 8029 "-" "Mozilla/5.0 (Windows NT 10.0; WOW64) AppleWebKit/537.36 (KHTML, like Gecko) Chrome/46.0.2490.80 Safari/537.36"
207.46.13.120 - - [02/Jul/2021:03:13:33 -0400] "GET /wp-content/uploads/2020/10/picture-78.jpg HTTP/1.1" 200 142729 "-" "Mozilla/5.0 (compatible; bingbot/2.0; +http://www.bing.com/bingbot.htm)"
204.48.19.85 - - [02/Jul/2021:03:15:16 -0400] "POST /wp-cron.php?doing_wp_cron=1625210116.0667030811309814453125 HTTP/1.1" 200 5463 "https://ajhydell.com/wp-cron.php?doing_wp_cron=1625210116.0667030811309814453125" "WordPress/5.7.2; https://ajhydell.com"
185.191.171.23 - - [02/Jul/2021:03:15:16 -0400] "GET /2019/06/14/1938-trades-union-congress-tuc-poster-encouraging-workers-to-join-unions/ HTTP/1.1" 200 18212 "-" "Mozilla/5.0 (compatible; SemrushBot/7~bl; +http://www.semrush.com/bot.html)"
204.48.19.85 - - [02/Jul/2021:03:18:01 -0400] "POST /wp-cron.php?doing_wp_cron=1625210281.2710490226745605468750 HTTP/1.1" 200 5463 "https://ajhydell.com/wp-cron.php?doing_wp_cron=1625210281.2710490226745605468750" "WordPress/5.7.2; https://ajhydell.com"
17.121.114.254 - - [02/Jul/2021:03:18:01 -0400] "GET /2019/02/08/books-wanted-for-our-men-in-camp-and-over-there-take-your-gifts-to-the-public-library-usa-1918/ HTTP/1.1" 200 17656 "-" "Mozilla/5.0 (Macintosh; Intel Mac OS X 10_15_5) AppleWebKit/605.1.15 (KHTML, like Gecko) Version/13.1.1 Safari/605.1.15 (Applebot/0.1; +http://www.apple.com/go/applebot)"
207.46.13.80 - - [02/Jul/2021:03:18:09 -0400] "GET /2021/02/17/pby-catalina-nose-turret-close-up/ HTTP/1.1" 200 17705 "-" "Mozilla/5.0 (compatible; bingbot/2.0; +http://www.bing.com/bingbot.htm)"
204.48.19.85 - - [02/Jul/2021:03:19:46 -0400] "POST /wp-cron.php?doing_wp_cron=1625210386.0682599544525146484375 HTTP/1.1" 200 5463 "https://ajhydell.com/wp-cron.php?doing_wp_cron=1625210386.0682599544525146484375" "WordPress/5.7.2; https://ajhydell.com"
54.36.149.36 - - [02/Jul/2021:03:19:46 -0400] "GET /2019/11/06/ HTTP/1.1" 200 17605 "-" "Mozilla/5.0 (compatible; AhrefsBot/7.0; +http://ahrefs.com/robot/)"
157.55.39.136 - - [02/Jul/2021:03:20:26 -0400] "GET /2020/08/17/ HTTP/1.1" 200 17901 "-" "Mozilla/5.0 (compatible; bingbot/2.0; +http://www.bing.com/bingbot.htm)"
204.48.19.85 - - [02/Jul/2021:03:23:37 -0400] "POST /wp-cron.php?doing_wp_cron=1625210617.9882490634918212890625 HTTP/1.1" 200 5463 "https://ajhydell.com/wp-cron.php?doing_wp_cron=1625210617.9882490634918212890625" "WordPress/5.7.2; https://ajhydell.com"
5.255.253.88 - - [02/Jul/2021:03:23:37 -0400] "GET /2019/10/26/do-something-destructive-this-halloween-youll-be-helping-us-october-1942-wwii/ HTTP/1.1" 200 18318 "-" "Mozilla/5.0 (compatible; YandexBot/3.0; +http://yandex.com/bots)"
93.84.7.252 - - [02/Jul/2021:03:24:29 -0400] "-" 408 4737 "-" "-"
157.55.39.22 - - [02/Jul/2021:03:25:27 -0400] "GET /wp-content/uploads/2020/08/picture-95-764x1024.jpg HTTP/1.1" 200 153752 "-" "Mozilla/5.0 (compatible; bingbot/2.0; +http://www.bing.com/bingbot.htm)"
204.48.19.85 - - [02/Jul/2021:03:26:05 -0400] "POST /wp-cron.php?doing_wp_cron=1625210765.5504169464111328125000 HTTP/1.1" 200 5463 "https://ajhydell.com/wp-cron.php?doing_wp_cron=1625210765.5504169464111328125000" "WordPress/5.7.2; https://ajhydell.com"
17.121.113.171 - - [02/Jul/2021:03:26:05 -0400] "GET /2020/03/09/soviet-aviation-is-the-pride-of-the-people-1965/ HTTP/1.1" 200 17531 "-" "Mozilla/5.0 (Macintosh; Intel Mac OS X 10_15_5) AppleWebKit/605.1.15 (KHTML, like Gecko) Version/13.1.1 Safari/605.1.15 (Applebot/0.1; +http://www.apple.com/go/applebot)"
196.17.146.24 - - [02/Jul/2021:03:26:31 -0400] "GET / HTTP/1.1" 200 19867 "-" "Mozilla/5.0 (Macintosh; Intel Mac OS X 10_15_4) AppleWebKit/537.36 (KHTML, like Gecko) Chrome/83.0.4103.97 Safari/537.36"
196.17.146.24 - - [02/Jul/2021:03:26:32 -0400] "GET /wp-content/plugins/google-analytics-for-wordpress/assets/js/frontend-gtag.min.js?ver=7.17.0 HTTP/1.1" 200 3291 "https://ajhydell.com/" "Mozilla/5.0 (Macintosh; Intel Mac OS X 10_15_4) AppleWebKit/537.36 (KHTML, like Gecko) Chrome/83.0.4103.97 Safari/537.36"
196.17.146.24 - - [02/Jul/2021:03:26:32 -0400] "GET /wp-includes/js/jquery/jquery.min.js?ver=3.5.1 HTTP/1.1" 200 31474 "https://ajhydell.com/" "Mozilla/5.0 (Macintosh; Intel Mac OS X 10_15_4) AppleWebKit/537.36 (KHTML, like Gecko) Chrome/83.0.4103.97 Safari/537.36"
196.17.146.24 - - [02/Jul/2021:03:26:32 -0400] "GET /wp-includes/js/jquery/jquery-migrate.min.js?ver=3.3.2 HTTP/1.1" 200 5219 "https://ajhydell.com/" "Mozilla/5.0 (Macintosh; Intel Mac OS X 10_15_4) AppleWebKit/537.36 (KHTML, like Gecko) Chrome/83.0.4103.97 Safari/537.36"
196.17.146.24 - - [02/Jul/2021:03:26:32 -0400] "GET /wp-content/themes/royal-magazine/js/skip-link-focus-fix.js?ver=20151215 HTTP/1.1" 200 6134 "https://ajhydell.com/" "Mozilla/5.0 (Macintosh; Intel Mac OS X 10_15_4) AppleWebKit/537.36 (KHTML, like Gecko) Chrome/83.0.4103.97 Safari/537.36"
196.17.146.24 - - [02/Jul/2021:03:26:32 -0400] "GET /wp-content/themes/royal-magazine/js/navigation.js?ver=20151215 HTTP/1.1" 200 6543 "https://ajhydell.com/" "Mozilla/5.0 (Macintosh; Intel Mac OS X 10_15_4) AppleWebKit/537.36 (KHTML, like Gecko) Chrome/83.0.4103.97 Safari/537.36"
196.17.146.24 - - [02/Jul/2021:03:26:32 -0400] "GET /wp-content/plugins/wp-smushit/app/assets/js/smush-lazy-load.min.js?ver=3.8.7 HTTP/1.1" 200 4734 "https://ajhydell.com/" "Mozilla/5.0 (Macintosh; Intel Mac OS X 10_15_4) AppleWebKit/537.36 (KHTML, like Gecko) Chrome/83.0.4103.97 Safari/537.36"
196.17.146.24 - - [02/Jul/2021:03:26:32 -0400] "GET /wp-content/themes/royal-magazine/assets/libraries/slick/js/slick.min.js?ver=5.7.2 HTTP/1.1" 200 15900 "https://ajhydell.com/" "Mozilla/5.0 (Macintosh; Intel Mac OS X 10_15_4) AppleWebKit/537.36 (KHTML, like Gecko) Chrome/83.0.4103.97 Safari/537.36"
196.17.146.24 - - [02/Jul/2021:03:26:32 -0400] "GET /wp-content/themes/royal-magazine/assets/libraries/bootstrap/js/bootstrap.min.js?ver=5.7.2 HTTP/1.1" 200 10350 "https://ajhydell.com/" "Mozilla/5.0 (Macintosh; Intel Mac OS X 10_15_4) AppleWebKit/537.36 (KHTML, like Gecko) Chrome/83.0.4103.97 Safari/537.36"
196.17.146.24 - - [02/Jul/2021:03:26:33 -0400] "GET /wp-content/themes/royal-magazine/assets/libraries/marquee/jquery.marquee.js?ver=5.7.2 HTTP/1.1" 200 5071 "https://ajhydell.com/" "Mozilla/5.0 (Macintosh; Intel Mac OS X 10_15_4) AppleWebKit/537.36 (KHTML, like Gecko) Chrome/83.0.4103.97 Safari/537.36"
196.17.146.24 - - [02/Jul/2021:03:26:33 -0400] "GET /wp-content/themes/royal-magazine/assets/libraries/theiaStickySidebar/theia-sticky-sidebar.min.js?ver=5.7.2 HTTP/1.1" 200 2236 "https://ajhydell.com/" "Mozilla/5.0 (Macintosh; Intel Mac OS X 10_15_4) AppleWebKit/537.36 (KHTML, like Gecko) Chrome/83.0.4103.97 Safari/537.36"
196.17.146.24 - - [02/Jul/2021:03:26:33 -0400] "GET /wp-content/themes/royal-magazine/assets/libraries/magnific-popup/jquery.magnific-popup.min.js?ver=5.7.2 HTTP/1.1" 200 7838 "https://ajhydell.com/" "Mozilla/5.0 (Macintosh; Intel Mac OS X 10_15_4) AppleWebKit/537.36 (KHTML, like Gecko) Chrome/83.0.4103.97 Safari/537.36"
196.17.146.24 - - [02/Jul/2021:03:26:33 -0400] "GET /wp-content/themes/royal-magazine/assets/twp/js/custom-script.js?ver=5.7.2 HTTP/1.1" 200 2995 "https://ajhydell.com/" "Mozilla/5.0 (Macintosh; Intel Mac OS X 10_15_4) AppleWebKit/537.36 (KHTML, like Gecko) Chrome/83.0.4103.97 Safari/537.36"
196.17.146.24 - - [02/Jul/2021:03:26:33 -0400] "GET /wp-includes/js/wp-embed.min.js?ver=5.7.2 HTTP/1.1" 200 1209 "https://ajhydell.com/" "Mozilla/5.0 (Macintosh; Intel Mac OS X 10_15_4) AppleWebKit/537.36 (KHTML, like Gecko) Chrome/83.0.4103.97 Safari/537.36"
196.17.146.24 - - [02/Jul/2021:03:26:33 -0400] "GET /wp-content/plugins/facebook-pagelike-widget/fb.js?ver=1.0 HTTP/1.1" 200 810 "https://ajhydell.com/" "Mozilla/5.0 (Macintosh; Intel Mac OS X 10_15_4) AppleWebKit/537.36 (KHTML, like Gecko) Chrome/83.0.4103.97 Safari/537.36"
196.17.146.24 - - [02/Jul/2021:03:26:33 -0400] "GET /wp-includes/js/wp-emoji-release.min.js?ver=5.7.2 HTTP/1.1" 200 5152 "https://ajhydell.com/" "Mozilla/5.0 (Macintosh; Intel Mac OS X 10_15_4) AppleWebKit/537.36 (KHTML, like Gecko) Chrome/83.0.4103.97 Safari/537.36"
103.49.117.73 - - [02/Jul/2021:03:26:57 -0400] "GET /security.txt HTTP/1.1" 200 5798 "-" "Mozilla/5.0 (Windows NT 6.1; rv:60.0) Gecko/20100101 Firefox/60.0"
204.48.19.85 - - [02/Jul/2021:03:27:39 -0400] "POST /wp-cron.php?doing_wp_cron=1625210859.7696869373321533203125 HTTP/1.1" 200 5463 "https://ajhydell.com/wp-cron.php?doing_wp_cron=1625210859.7696869373321533203125" "WordPress/5.7.2; https://ajhydell.com"
54.36.149.99 - - [02/Jul/2021:03:27:39 -0400] "GET /2018/08/18/ HTTP/1.1" 200 17947 "-" "Mozilla/5.0 (compatible; AhrefsBot/7.0; +http://ahrefs.com/robot/)"
204.48.19.85 - - [02/Jul/2021:03:28:10 -0400] "POST /wp-cron.php?doing_wp_cron=1625210890.0669810771942138671875 HTTP/1.1" 200 5463 "https://ajhydell.com/wp-cron.php?doing_wp_cron=1625210890.0669810771942138671875" "WordPress/5.7.2; https://ajhydell.com"
66.249.66.134 - - [02/Jul/2021:03:28:10 -0400] "GET / HTTP/1.1" 200 19753 "-" "Mozilla/5.0 (Linux; Android 6.0.1; Nexus 5X Build/MMB29P) AppleWebKit/537.36 (KHTML, like Gecko) Chrome/91.0.4472.90 Mobile Safari/537.36 (compatible; Googlebot/2.1; +http://www.google.com/bot.html)"
69.171.251.19 - - [02/Jul/2021:03:28:35 -0400] "GET /wp-content/uploads/2021/03/picture-51.jpg HTTP/1.1" 200 2423617 "-" "facebookexternalhit/1.1 (+http://www.facebook.com/externalhit_uatext.php)"
204.48.19.85 - - [02/Jul/2021:03:28:59 -0400] "POST /wp-cron.php?doing_wp_cron=1625210939.2269639968872070312500 HTTP/1.1" 200 5463 "https://ajhydell.com/wp-cron.php?doing_wp_cron=1625210939.2269639968872070312500" "WordPress/5.7.2; https://ajhydell.com"
162.221.192.26 - - [02/Jul/2021:03:28:59 -0400] "GET / HTTP/1.1" 200 19163 "-" "Mozilla/5.0 (Windows NT 10.0; Win64; x64) AppleWebKit/537.36 (KHTML, like Gecko) Chrome/60.0.3112.113 Safari/537.36"
204.48.19.85 - - [02/Jul/2021:03:30:47 -0400] "POST /wp-cron.php?doing_wp_cron=1625211047.5860919952392578125000 HTTP/1.1" 200 5463 "https://ajhydell.com/wp-cron.php?doing_wp_cron=1625211047.5860919952392578125000" "WordPress/5.7.2; https://ajhydell.com"
66.249.66.132 - - [02/Jul/2021:03:30:47 -0400] "GET /feed/ HTTP/1.1" 200 7620 "-" "Mozilla/5.0 (compatible; Googlebot/2.1; +http://www.google.com/bot.html)"
204.48.19.85 - - [02/Jul/2021:03:32:31 -0400] "POST /wp-cron.php?doing_wp_cron=1625211151.7411890029907226562500 HTTP/1.1" 200 5463 "https://ajhydell.com/wp-cron.php?doing_wp_cron=1625211151.7411890029907226562500" "WordPress/5.7.2; https://ajhydell.com"
178.214.248.205 - - [02/Jul/2021:03:32:31 -0400] "GET /2018/09/17/have-you-ever-had-a-bad-time-in-levis-1972/ HTTP/1.1" 200 18386 "https://yandex.ru/" "Mozilla/5.0 (Windows NT 6.3; Win64; x64) AppleWebKit/537.36 (KHTML, like Gecko) Chrome/90.0.4430.216 YaBrowser/21.5.4.607 Yowser/2.5 Safari/537.36"
178.214.248.205 - - [02/Jul/2021:03:32:32 -0400] "GET /wp-content/plugins/google-analytics-for-wordpress/assets/js/frontend-gtag.min.js?ver=7.17.0 HTTP/1.1" 200 3291 "https://ajhydell.com/2018/09/17/have-you-ever-had-a-bad-time-in-levis-1972/" "Mozilla/5.0 (Windows NT 6.3; Win64; x64) AppleWebKit/537.36 (KHTML, like Gecko) Chrome/90.0.4430.216 YaBrowser/21.5.4.607 Yowser/2.5 Safari/537.36"
178.214.248.205 - - [02/Jul/2021:03:32:32 -0400] "GET /wp-includes/js/jquery/jquery.min.js?ver=3.5.1 HTTP/1.1" 200 31474 "https://ajhydell.com/2018/09/17/have-you-ever-had-a-bad-time-in-levis-1972/" "Mozilla/5.0 (Windows NT 6.3; Win64; x64) AppleWebKit/537.36 (KHTML, like Gecko) Chrome/90.0.4430.216 YaBrowser/21.5.4.607 Yowser/2.5 Safari/537.36"
178.214.248.205 - - [02/Jul/2021:03:32:32 -0400] "GET /wp-content/plugins/wp-smushit/app/assets/js/smush-lazy-load.min.js?ver=3.8.7 HTTP/1.1" 200 4734 "https://ajhydell.com/2018/09/17/have-you-ever-had-a-bad-time-in-levis-1972/" "Mozilla/5.0 (Windows NT 6.3; Win64; x64) AppleWebKit/537.36 (KHTML, like Gecko) Chrome/90.0.4430.216 YaBrowser/21.5.4.607 Yowser/2.5 Safari/537.36"
178.214.248.205 - - [02/Jul/2021:03:32:32 -0400] "GET /wp-includes/js/jquery/jquery-migrate.min.js?ver=3.3.2 HTTP/1.1" 200 5219 "https://ajhydell.com/2018/09/17/have-you-ever-had-a-bad-time-in-levis-1972/" "Mozilla/5.0 (Windows NT 6.3; Win64; x64) AppleWebKit/537.36 (KHTML, like Gecko) Chrome/90.0.4430.216 YaBrowser/21.5.4.607 Yowser/2.5 Safari/537.36"
178.214.248.205 - - [02/Jul/2021:03:32:32 -0400] "GET /wp-content/themes/royal-magazine/js/navigation.js?ver=20151215 HTTP/1.1" 200 6543 "https://ajhydell.com/2018/09/17/have-you-ever-had-a-bad-time-in-levis-1972/" "Mozilla/5.0 (Windows NT 6.3; Win64; x64) AppleWebKit/537.36 (KHTML, like Gecko) Chrome/90.0.4430.216 YaBrowser/21.5.4.607 Yowser/2.5 Safari/537.36"
178.214.248.205 - - [02/Jul/2021:03:32:32 -0400] "GET /wp-content/plugins/add-expires-headers/cache/0/com/processed-header-f16a8d323e83e1bc1b76514e283fb81b7090a959.min.css HTTP/1.1" 200 57981 "https://ajhydell.com/2018/09/17/have-you-ever-had-a-bad-time-in-levis-1972/" "Mozilla/5.0 (Windows NT 6.3; Win64; x64) AppleWebKit/537.36 (KHTML, like Gecko) Chrome/90.0.4430.216 YaBrowser/21.5.4.607 Yowser/2.5 Safari/537.36"
178.214.248.205 - - [02/Jul/2021:03:32:32 -0400] "GET /wp-content/themes/royal-magazine/js/skip-link-focus-fix.js?ver=20151215 HTTP/1.1" 200 924 "https://ajhydell.com/2018/09/17/have-you-ever-had-a-bad-time-in-levis-1972/" "Mozilla/5.0 (Windows NT 6.3; Win64; x64) AppleWebKit/537.36 (KHTML, like Gecko) Chrome/90.0.4430.216 YaBrowser/21.5.4.607 Yowser/2.5 Safari/537.36"
178.214.248.205 - - [02/Jul/2021:03:32:32 -0400] "GET /wp-content/themes/royal-magazine/assets/libraries/slick/js/slick.min.js?ver=5.7.2 HTTP/1.1" 200 10690 "https://ajhydell.com/2018/09/17/have-you-ever-had-a-bad-time-in-levis-1972/" "Mozilla/5.0 (Windows NT 6.3; Win64; x64) AppleWebKit/537.36 (KHTML, like Gecko) Chrome/90.0.4430.216 YaBrowser/21.5.4.607 Yowser/2.5 Safari/537.36"
178.214.248.205 - - [02/Jul/2021:03:32:32 -0400] "GET /wp-content/themes/royal-magazine/assets/libraries/bootstrap/js/bootstrap.min.js?ver=5.7.2 HTTP/1.1" 200 10350 "https://ajhydell.com/2018/09/17/have-you-ever-had-a-bad-time-in-levis-1972/" "Mozilla/5.0 (Windows NT 6.3; Win64; x64) AppleWebKit/537.36 (KHTML, like Gecko) Chrome/90.0.4430.216 YaBrowser/21.5.4.607 Yowser/2.5 Safari/537.36"
178.214.248.205 - - [02/Jul/2021:03:32:32 -0400] "GET /wp-content/themes/royal-magazine/assets/libraries/marquee/jquery.marquee.js?ver=5.7.2 HTTP/1.1" 200 5071 "https://ajhydell.com/2018/09/17/have-you-ever-had-a-bad-time-in-levis-1972/" "Mozilla/5.0 (Windows NT 6.3; Win64; x64) AppleWebKit/537.36 (KHTML, like Gecko) Chrome/90.0.4430.216 YaBrowser/21.5.4.607 Yowser/2.5 Safari/537.36"
178.214.248.205 - - [02/Jul/2021:03:32:32 -0400] "GET /wp-content/themes/royal-magazine/assets/libraries/theiaStickySidebar/theia-sticky-sidebar.min.js?ver=5.7.2 HTTP/1.1" 200 7446 "https://ajhydell.com/2018/09/17/have-you-ever-had-a-bad-time-in-levis-1972/" "Mozilla/5.0 (Windows NT 6.3; Win64; x64) AppleWebKit/537.36 (KHTML, like Gecko) Chrome/90.0.4430.216 YaBrowser/21.5.4.607 Yowser/2.5 Safari/537.36"
178.214.248.205 - - [02/Jul/2021:03:32:32 -0400] "GET /wp-content/themes/royal-magazine/assets/libraries/magnific-popup/jquery.magnific-popup.min.js?ver=5.7.2 HTTP/1.1" 200 7838 "https://ajhydell.com/2018/09/17/have-you-ever-had-a-bad-time-in-levis-1972/" "Mozilla/5.0 (Windows NT 6.3; Win64; x64) AppleWebKit/537.36 (KHTML, like Gecko) Chrome/90.0.4430.216 YaBrowser/21.5.4.607 Yowser/2.5 Safari/537.36"
178.214.248.205 - - [02/Jul/2021:03:32:32 -0400] "GET /wp-content/themes/royal-magazine/assets/twp/js/custom-script.js?ver=5.7.2 HTTP/1.1" 200 2995 "https://ajhydell.com/2018/09/17/have-you-ever-had-a-bad-time-in-levis-1972/" "Mozilla/5.0 (Windows NT 6.3; Win64; x64) AppleWebKit/537.36 (KHTML, like Gecko) Chrome/90.0.4430.216 YaBrowser/21.5.4.607 Yowser/2.5 Safari/537.36"
178.214.248.205 - - [02/Jul/2021:03:32:32 -0400] "GET /wp-includes/js/wp-embed.min.js?ver=5.7.2 HTTP/1.1" 200 1209 "https://ajhydell.com/2018/09/17/have-you-ever-had-a-bad-time-in-levis-1972/" "Mozilla/5.0 (Windows NT 6.3; Win64; x64) AppleWebKit/537.36 (KHTML, like Gecko) Chrome/90.0.4430.216 YaBrowser/21.5.4.607 Yowser/2.5 Safari/537.36"
178.214.248.205 - - [02/Jul/2021:03:32:32 -0400] "GET /wp-content/plugins/facebook-pagelike-widget/fb.js?ver=1.0 HTTP/1.1" 200 810 "https://ajhydell.com/2018/09/17/have-you-ever-had-a-bad-time-in-levis-1972/" "Mozilla/5.0 (Windows NT 6.3; Win64; x64) AppleWebKit/537.36 (KHTML, like Gecko) Chrome/90.0.4430.216 YaBrowser/21.5.4.607 Yowser/2.5 Safari/537.36"
178.214.248.205 - - [02/Jul/2021:03:32:32 -0400] "GET /wp-includes/js/wp-emoji-release.min.js?ver=5.7.2 HTTP/1.1" 200 5152 "https://ajhydell.com/2018/09/17/have-you-ever-had-a-bad-time-in-levis-1972/" "Mozilla/5.0 (Windows NT 6.3; Win64; x64) AppleWebKit/537.36 (KHTML, like Gecko) Chrome/90.0.4430.216 YaBrowser/21.5.4.607 Yowser/2.5 Safari/537.36"
178.214.248.205 - - [02/Jul/2021:03:32:33 -0400] "GET /wp-content/plugins/facebook-pagelike-widget/loader.gif HTTP/1.1" 200 8641 "https://ajhydell.com/2018/09/17/have-you-ever-had-a-bad-time-in-levis-1972/" "Mozilla/5.0 (Windows NT 6.3; Win64; x64) AppleWebKit/537.36 (KHTML, like Gecko) Chrome/90.0.4430.216 YaBrowser/21.5.4.607 Yowser/2.5 Safari/537.36"
178.214.248.205 - - [02/Jul/2021:03:32:33 -0400] "GET /wp-content/themes/royal-magazine/assets/libraries/ionicons/fonts/ionicons.ttf HTTP/1.1" 200 189155 "https://ajhydell.com/wp-content/plugins/add-expires-headers/cache/0/com/processed-header-f16a8d323e83e1bc1b76514e283fb81b7090a959.min.css" "Mozilla/5.0 (Windows NT 6.3; Win64; x64) AppleWebKit/537.36 (KHTML, like Gecko) Chrome/90.0.4430.216 YaBrowser/21.5.4.607 Yowser/2.5 Safari/537.36"
178.214.248.205 - - [02/Jul/2021:03:32:33 -0400] "GET /wp-content/uploads/2018/09/picture-73.jpg HTTP/1.1" 200 571224 "https://ajhydell.com/2018/09/17/have-you-ever-had-a-bad-time-in-levis-1972/" "Mozilla/5.0 (Windows NT 6.3; Win64; x64) AppleWebKit/537.36 (KHTML, like Gecko) Chrome/90.0.4430.216 YaBrowser/21.5.4.607 Yowser/2.5 Safari/537.36"
40.77.167.20 - - [02/Jul/2021:03:32:33 -0400] "GET /2020/05/31/for-the-young-the-old-the-poor-and-the-black-living-in-america-is-brutal-we-want-an-immediate-end-to-police-brutality-and-murder-of-black-people-other-people-of-color-all-oppressed-people-insi/ HTTP/1.1" 200 18180 "-" "Mozilla/5.0 (compatible; bingbot/2.0; +http://www.bing.com/bingbot.htm)"
204.48.19.85 - - [02/Jul/2021:03:32:56 -0400] "POST /wp-cron.php?doing_wp_cron=1625211176.1425740718841552734375 HTTP/1.1" 200 5463 "https://ajhydell.com/wp-cron.php?doing_wp_cron=1625211176.1425740718841552734375" "WordPress/5.7.2; https://ajhydell.com"
207.46.13.96 - - [02/Jul/2021:03:32:56 -0400] "GET /2021/01/06/kriegsmarine-sailor-posed-next-to-british-churchill-tank-after-failed-dieppe-raid-20-august-1942/ HTTP/1.1" 200 17932 "-" "Mozilla/5.0 (compatible; bingbot/2.0; +http://www.bing.com/bingbot.htm)"
216.244.66.250 - - [02/Jul/2021:03:33:03 -0400] "GET /robots.txt HTTP/1.1" 301 297 "-" "Mozilla/5.0 (compatible; DotBot/1.2; +https://opensiteexplorer.org/dotbot; help@moz.com)"
216.244.66.250 - - [02/Jul/2021:03:33:04 -0400] "GET /robots.txt HTTP/1.1" 200 5027 "-" "Mozilla/5.0 (compatible; DotBot/1.2; +https://opensiteexplorer.org/dotbot; help@moz.com)"
207.46.13.22 - - [02/Jul/2021:03:33:25 -0400] "GET / HTTP/1.1" 200 19351 "-" "Mozilla/5.0 (compatible; bingbot/2.0; +http://www.bing.com/bingbot.htm)"
204.48.19.85 - - [02/Jul/2021:03:34:03 -0400] "POST /wp-cron.php?doing_wp_cron=1625211243.0167469978332519531250 HTTP/1.1" 200 5463 "https://ajhydell.com/wp-cron.php?doing_wp_cron=1625211243.0167469978332519531250" "WordPress/5.7.2; https://ajhydell.com"
185.191.171.7 - - [02/Jul/2021:03:34:02 -0400] "GET /robots.txt HTTP/1.1" 200 5648 "-" "Mozilla/5.0 (compatible; SemrushBot/7~bl; +http://www.semrush.com/bot.html)"
185.191.171.45 - - [02/Jul/2021:03:34:03 -0400] "GET /2019/03/28/jewish-tomes-hidden-in-the-attic-of-rigas-last-synagogue-latvia-1991-2859x1908/ HTTP/1.1" 200 18128 "-" "Mozilla/5.0 (compatible; SemrushBot/7~bl; +http://www.semrush.com/bot.html)"
204.48.19.85 - - [02/Jul/2021:03:34:57 -0400] "POST /wp-cron.php?doing_wp_cron=1625211297.3271439075469970703125 HTTP/1.1" 200 5463 "https://ajhydell.com/wp-cron.php?doing_wp_cron=1625211297.3271439075469970703125" "WordPress/5.7.2; https://ajhydell.com"
157.55.39.136 - - [02/Jul/2021:03:34:57 -0400] "GET /2020/04/page/6/ HTTP/1.1" 200 18766 "-" "Mozilla/5.0 (compatible; bingbot/2.0; +http://www.bing.com/bingbot.htm)"
54.36.149.36 - - [02/Jul/2021:03:35:22 -0400] "GET /2019/10/16/ HTTP/1.1" 200 17628 "-" "Mozilla/5.0 (compatible; AhrefsBot/7.0; +http://ahrefs.com/robot/)"
173.252.127.116 - - [02/Jul/2021:03:35:27 -0400] "GET /2021/04/13/degenerate-music-1938/ HTTP/1.1" 206 18137 "-" "facebookexternalhit/1.1 (+http://www.facebook.com/externalhit_uatext.php)"
157.55.39.57 - - [02/Jul/2021:03:36:53 -0400] "GET /wp-content/uploads/2020/11/picture-29.jpg HTTP/1.1" 200 103873 "-" "Mozilla/5.0 (compatible; bingbot/2.0; +http://www.bing.com/bingbot.htm)"
204.48.19.85 - - [02/Jul/2021:03:37:07 -0400] "POST /wp-cron.php?doing_wp_cron=1625211427.6677660942077636718750 HTTP/1.1" 200 5463 "https://ajhydell.com/wp-cron.php?doing_wp_cron=1625211427.6677660942077636718750" "WordPress/5.7.2; https://ajhydell.com"
95.163.255.162 - - [02/Jul/2021:03:37:07 -0400] "GET /robots.txt HTTP/1.0" 200 5241 "-" "Mozilla/5.0 (compatible; Linux x86_64; Mail.RU_Bot/2.0; +http://go.mail.ru/help/robots)"
95.163.255.166 - - [02/Jul/2021:03:37:09 -0400] "GET /post-sitemap14.xml HTTP/1.1" 200 14945 "-" "Mozilla/5.0 (compatible; Linux x86_64; Mail.RU_Bot/2.0; +http://go.mail.ru/help/robots)"
185.191.171.10 - - [02/Jul/2021:03:37:33 -0400] "GET /2018/08/26/young-marilyn-monroe/ HTTP/1.1" 200 18194 "-" "Mozilla/5.0 (compatible; SemrushBot/7~bl; +http://www.semrush.com/bot.html)"
204.48.19.85 - - [02/Jul/2021:03:38:06 -0400] "POST /wp-cron.php?doing_wp_cron=1625211486.8706989288330078125000 HTTP/1.1" 200 5463 "https://ajhydell.com/wp-cron.php?doing_wp_cron=1625211486.8706989288330078125000" "WordPress/5.7.2; https://ajhydell.com"
117.27.5.88 - - [02/Jul/2021:03:38:06 -0400] "GET / HTTP/1.1" 200 103053 "https://ajhydell.com/" "Mozilla/5.0 (Windows NT 10.0; Win64; x64) AppleWebKit/537.36 (KHTML, like Gecko) Chrome/80.0.3987.149 Safari/537.36"
204.48.19.85 - - [02/Jul/2021:03:39:41 -0400] "POST /wp-cron.php?doing_wp_cron=1625211581.1406838893890380859375 HTTP/1.1" 200 232 "http://ajhydell.com/wp-cron.php?doing_wp_cron=1625211581.1406838893890380859375" "WordPress/5.7.2; https://ajhydell.com"
18.236.70.29 - - [02/Jul/2021:03:39:41 -0400] "GET / HTTP/1.1" 301 287 "-" "Mozilla/5.0 (X11; Linux x86_64) AppleWebKit/537.36 (KHTML, like Gecko) Chrome/83.0.4103.97 Safari/537.36"
204.48.19.85 - - [02/Jul/2021:03:39:46 -0400] "POST /wp-cron.php?doing_wp_cron=1625211586.1315240859985351562500 HTTP/1.1" 200 5463 "https://ajhydell.com/wp-cron.php?doing_wp_cron=1625211586.1315240859985351562500" "WordPress/5.7.2; https://ajhydell.com"
18.236.70.29 - - [02/Jul/2021:03:39:46 -0400] "GET / HTTP/1.1" 200 19766 "-" "Mozilla/5.0 (X11; Linux x86_64) AppleWebKit/537.36 (KHTML, like Gecko) Chrome/83.0.4103.97 Safari/537.36"
216.244.66.250 - - [02/Jul/2021:03:40:11 -0400] "GET /2019/08/25/hitler-reacts-to-a-kiss-from-an-excited-american-women-at-the-1936-olympic-games-1400-x-976/ HTTP/1.1" 200 67667 "-" "Mozilla/5.0 (compatible; DotBot/1.2; +https://opensiteexplorer.org/dotbot; help@moz.com)"
52.25.46.211 - - [02/Jul/2021:03:40:25 -0400] "GET / HTTP/1.1" 301 287 "-" "Mozilla/5.0 (X11; Linux x86_64) AppleWebKit/537.36 (KHTML, like Gecko) Chrome/83.0.4103.97 Safari/537.36"
204.48.19.85 - - [02/Jul/2021:03:41:15 -0400] "POST /wp-cron.php?doing_wp_cron=1625211675.8394830226898193359375 HTTP/1.1" 200 5463 "https://ajhydell.com/wp-cron.php?doing_wp_cron=1625211675.8394830226898193359375" "WordPress/5.7.2; https://ajhydell.com"
216.244.66.250 - - [02/Jul/2021:03:41:15 -0400] "GET /2020/02/27/a-spotter-watches-for-german-air-raids-while-premier-leagues-match-arsenal-vs-carlton-athletic-goes-on-1940-960x750/ HTTP/1.1" 200 68054 "-" "Mozilla/5.0 (compatible; DotBot/1.2; +https://opensiteexplorer.org/dotbot; help@moz.com)"
216.244.66.250 - - [02/Jul/2021:03:41:22 -0400] "GET /2020/06/16/martians-demand-ific-beech-nut-gum-1958/ HTTP/1.1" 200 67486 "-" "Mozilla/5.0 (compatible; DotBot/1.2; +https://opensiteexplorer.org/dotbot; help@moz.com)"
157.55.39.57 - - [02/Jul/2021:03:41:22 -0400] "GET /wp-content/uploads/2020/09/picture-89.jpg HTTP/1.1" 200 1388878 "-" "Mozilla/5.0 (compatible; bingbot/2.0; +http://www.bing.com/bingbot.htm)"
204.48.19.85 - - [02/Jul/2021:03:43:22 -0400] "POST /wp-cron.php?doing_wp_cron=1625211802.6523630619049072265625 HTTP/1.1" 200 5463 "https://ajhydell.com/wp-cron.php?doing_wp_cron=1625211802.6523630619049072265625" "WordPress/5.7.2; https://ajhydell.com"
54.36.149.100 - - [02/Jul/2021:03:43:22 -0400] "GET /2021/05/26/gee-your-hair-smells-terrific-1977/ HTTP/1.1" 200 18148 "-" "Mozilla/5.0 (compatible; AhrefsBot/7.0; +http://ahrefs.com/robot/)"
204.48.19.85 - - [02/Jul/2021:03:45:32 -0400] "POST /wp-cron.php?doing_wp_cron=1625211932.2766571044921875000000 HTTP/1.1" 200 5463 "https://ajhydell.com/wp-cron.php?doing_wp_cron=1625211932.2766571044921875000000" "WordPress/5.7.2; https://ajhydell.com"
