114.119.156.206 - - [03/Jul/2021:03:33:30 -0400] "GET /2020/08/28/environmental-protection-everyones-obligation-russia-1978/ HTTP/1.1" 200 18294 "-" "Mozilla/5.0 (Linux; Android 7.0;) AppleWebKit/537.36 (KHTML, like Gecko) Mobile Safari/537.36 (compatible; PetalBot;+https://webmaster.petalsearch.com/site/petalbot)"
157.55.39.57 - - [03/Jul/2021:03:33:51 -0400] "GET /wp-content/uploads/2018/09/picture-59.jpg HTTP/1.1" 200 165348 "-" "Mozilla/5.0 (compatible; bingbot/2.0; +http://www.bing.com/bingbot.htm)"
204.48.19.85 - - [03/Jul/2021:03:33:56 -0400] "POST /wp-cron.php?doing_wp_cron=1625297636.5607640743255615234375 HTTP/1.1" 200 6295 "https://ajhydell.com/wp-cron.php?doing_wp_cron=1625297636.5607640743255615234375" "WordPress/5.7.2; https://ajhydell.com"
54.36.148.117 - - [03/Jul/2021:03:33:56 -0400] "GET /2021/03/13/in-the-near-future-russia-1917/ HTTP/1.1" 200 18744 "-" "Mozilla/5.0 (compatible; AhrefsBot/7.0; +http://ahrefs.com/robot/)"
207.46.13.120 - - [03/Jul/2021:03:33:59 -0400] "GET /2020/01/06/the-lottery-used-by-the-selective-service-to-determine-who-would-be-drafted-for-vietnam-first-in-each-capsule-is-a-day-of-the-year-determining-the-order-of-draftees-by-their-birthday-washington-d-c/ HTTP/1.1" 200 18756 "-" "Mozilla/5.0 (compatible; bingbot/2.0; +http://www.bing.com/bingbot.htm)"
207.46.13.22 - - [03/Jul/2021:03:34:41 -0400] "GET / HTTP/1.1" 200 19931 "-" "Mozilla/5.0 (compatible; bingbot/2.0; +http://www.bing.com/bingbot.htm)"
204.48.19.85 - - [03/Jul/2021:03:35:29 -0400] "POST /wp-cron.php?doing_wp_cron=1625297729.3795180320739746093750 HTTP/1.1" 200 6295 "https://ajhydell.com/wp-cron.php?doing_wp_cron=1625297729.3795180320739746093750" "WordPress/5.7.2; https://ajhydell.com"
114.119.138.170 - - [03/Jul/2021:03:35:29 -0400] "GET /2020/10/22/taking-a-walk-on-tirpitz-deck HTTP/1.1" 301 5792 "-" "Mozilla/5.0 (Linux; Android 7.0;) AppleWebKit/537.36 (KHTML, like Gecko) Mobile Safari/537.36 (compatible; PetalBot;+https://webmaster.petalsearch.com/site/petalbot)"
114.119.138.170 - - [03/Jul/2021:03:35:31 -0400] "GET /2020/10/22/taking-a-walk-on-tirpitz-deck/ HTTP/1.1" 200 12875 "-" "Mozilla/5.0 (Linux; Android 7.0;) AppleWebKit/537.36 (KHTML, like Gecko) Mobile Safari/537.36 (compatible; PetalBot;+https://webmaster.petalsearch.com/site/petalbot)"
207.46.13.151 - - [03/Jul/2021:03:35:39 -0400] "GET /wp-content/uploads/2020/07/picture-33.jpg HTTP/1.1" 200 76038 "-" "Mozilla/5.0 (compatible; bingbot/2.0; +http://www.bing.com/bingbot.htm)"
204.48.19.85 - - [03/Jul/2021:03:35:52 -0400] "POST /wp-cron.php?doing_wp_cron=1625297752.5816059112548828125000 HTTP/1.1" 200 6295 "https://ajhydell.com/wp-cron.php?doing_wp_cron=1625297752.5816059112548828125000" "WordPress/5.7.2; https://ajhydell.com"
54.36.148.117 - - [03/Jul/2021:03:35:52 -0400] "GET /2020/01/25/wojtek-among-the-soldiers-of-the-22nd-polish-artillery-company-in-1943-2000x1332/ HTTP/1.1" 200 18773 "-" "Mozilla/5.0 (compatible; AhrefsBot/7.0; +http://ahrefs.com/robot/)"
204.48.19.85 - - [03/Jul/2021:03:37:42 -0400] "POST /wp-cron.php?doing_wp_cron=1625297862.3282461166381835937500 HTTP/1.1" 200 6295 "https://ajhydell.com/wp-cron.php?doing_wp_cron=1625297862.3282461166381835937500" "WordPress/5.7.2; https://ajhydell.com"
114.119.151.93 - - [03/Jul/2021:03:37:41 -0400] "GET /2020/09/12/long-live-the-worldwide-socialist-revolution-1929/ HTTP/1.1" 200 18260 "-" "Mozilla/5.0 (Linux; Android 7.0;) AppleWebKit/537.36 (KHTML, like Gecko) Mobile Safari/537.36 (compatible; PetalBot;+https://webmaster.petalsearch.com/site/petalbot)"
204.48.19.85 - - [03/Jul/2021:03:37:49 -0400] "POST /wp-cron.php?doing_wp_cron=1625297869.3722429275512695312500 HTTP/1.1" 200 6295 "https://ajhydell.com/wp-cron.php?doing_wp_cron=1625297869.3722429275512695312500" "WordPress/5.7.2; https://ajhydell.com"
54.36.148.117 - - [03/Jul/2021:03:37:49 -0400] "GET /2019/06/02/norwegian-church-built-in-1756-58-years-before-the-country-saw-its-own-independence-from-denmark-photo-1952/ HTTP/1.1" 200 18793 "-" "Mozilla/5.0 (compatible; AhrefsBot/7.0; +http://ahrefs.com/robot/)"
207.46.13.22 - - [03/Jul/2021:03:38:48 -0400] "GET /wp-content/uploads/2020/05/picture-70.jpg HTTP/1.1" 200 3281157 "-" "Mozilla/5.0 (compatible; bingbot/2.0; +http://www.bing.com/bingbot.htm)"
204.48.19.85 - - [03/Jul/2021:03:39:19 -0400] "POST /wp-cron.php?doing_wp_cron=1625297959.6352829933166503906250 HTTP/1.1" 200 6295 "https://ajhydell.com/wp-cron.php?doing_wp_cron=1625297959.6352829933166503906250" "WordPress/5.7.2; https://ajhydell.com"
114.119.151.93 - - [03/Jul/2021:03:39:19 -0400] "GET /2020/09/page/10 HTTP/1.1" 301 5722 "-" "Mozilla/5.0 (Linux; Android 7.0;) AppleWebKit/537.36 (KHTML, like Gecko) Mobile Safari/537.36 (compatible; PetalBot;+https://webmaster.petalsearch.com/site/petalbot)"
114.119.151.93 - - [03/Jul/2021:03:39:20 -0400] "GET /2020/09/page/10/ HTTP/1.1" 200 14263 "-" "Mozilla/5.0 (Linux; Android 7.0;) AppleWebKit/537.36 (KHTML, like Gecko) Mobile Safari/537.36 (compatible; PetalBot;+https://webmaster.petalsearch.com/site/petalbot)"
185.191.171.5 - - [03/Jul/2021:03:39:43 -0400] "GET /2020/04/14/ HTTP/1.1" 200 18357 "-" "Mozilla/5.0 (compatible; SemrushBot/7~bl; +http://www.semrush.com/bot.html)"
54.36.148.117 - - [03/Jul/2021:03:39:43 -0400] "GET /2019/05/03/my-father-william-arture-age-five-sister-january-1933/ HTTP/1.1" 200 18730 "-" "Mozilla/5.0 (compatible; AhrefsBot/7.0; +http://ahrefs.com/robot/)"
204.48.19.85 - - [03/Jul/2021:03:39:52 -0400] "POST /wp-cron.php?doing_wp_cron=1625297992.7141129970550537109375 HTTP/1.1" 200 6295 "https://ajhydell.com/wp-cron.php?doing_wp_cron=1625297992.7141129970550537109375" "WordPress/5.7.2; https://ajhydell.com"
157.55.39.134 - - [03/Jul/2021:03:39:52 -0400] "GET /sitemap-pt-page-2019-03.xml HTTP/1.1" 200 6329 "-" "Mozilla/5.0 (compatible; bingbot/2.0; +http://www.bing.com/bingbot.htm)"
117.12.233.254 - - [03/Jul/2021:03:40:02 -0400] "GET /wp-content/uploads/2020/12/picture-15.jpg HTTP/1.1" 200 147241 "https://yandex.com/" "Mozilla/5.0 (Windows NT 10.0; Win64; x64; rv:89.0) Gecko/20100101 Firefox/89.0"
136.243.32.189 - - [03/Jul/2021:03:40:13 -0400] "POST /wp-login.php HTTP/1.1" 200 8861 "-" "Mozilla/5.0 (Windows NT 5.1) AppleWebKit/537.36 (KHTML, like Gecko) Chrome/47.0.2526.106 Safari/537.36"
206.189.147.58 - - [03/Jul/2021:03:40:26 -0400] "GET /wp-login.php HTTP/1.1" 200 8605 "-" "Mozilla/5.0 (X11; Ubuntu; Linux x86_64; rv:62.0) Gecko/20100101 Firefox/62.0"
206.189.147.58 - - [03/Jul/2021:03:40:33 -0400] "POST /wp-login.php HTTP/1.1" 200 8695 "-" "Mozilla/5.0 (X11; Ubuntu; Linux x86_64; rv:62.0) Gecko/20100101 Firefox/62.0"
206.189.147.58 - - [03/Jul/2021:03:40:39 -0400] "POST /xmlrpc.php HTTP/1.1" 200 5852 "-" "Mozilla/5.0 (X11; Ubuntu; Linux x86_64; rv:62.0) Gecko/20100101 Firefox/62.0"
204.48.19.85 - - [03/Jul/2021:03:41:18 -0400] "POST /wp-cron.php?doing_wp_cron=1625298078.6019608974456787109375 HTTP/1.1" 200 6295 "https://ajhydell.com/wp-cron.php?doing_wp_cron=1625298078.6019608974456787109375" "WordPress/5.7.2; https://ajhydell.com"
114.119.145.169 - - [03/Jul/2021:03:41:18 -0400] "GET /2018/10/16/churchill-celebrates-his-69th-birthday-with-franklin-roosevelt-and-joseph-stalin-at-the-victorian-drawing-room-of-the-british-legation-in-tehran-iran-30-nov-1943 HTTP/1.1" 301 5924 "-" "Mozilla/5.0 (Linux; Android 7.0;) AppleWebKit/537.36 (KHTML, like Gecko) Mobile Safari/537.36 (compatible; PetalBot;+https://webmaster.petalsearch.com/site/petalbot)"
114.119.145.169 - - [03/Jul/2021:03:41:19 -0400] "GET /2018/10/16/churchill-celebrates-his-69th-birthday-with-franklin-roosevelt-and-joseph-stalin-at-the-victorian-drawing-room-of-the-british-legation-in-tehran-iran-30-nov-1943/ HTTP/1.1" 200 13216 "-" "Mozilla/5.0 (Linux; Android 7.0;) AppleWebKit/537.36 (KHTML, like Gecko) Mobile Safari/537.36 (compatible; PetalBot;+https://webmaster.petalsearch.com/site/petalbot)"
49.7.20.67 - - [03/Jul/2021:03:41:29 -0400] "GET / HTTP/1.1" 301 528 "-" "Sogou web spider/4.0(+http://www.sogou.com/docs/help/webmasters.htm#07)"
54.36.148.117 - - [03/Jul/2021:03:41:40 -0400] "GET /2019/06/27/a-halberstadt-cl-ii-possibly-of-schutzstaffel-27b-the-fuselage-cross-insignia-with-white-borders-was-officially-used-from-29-october-1916-until-17-march-1918-as-such-this-photograph-was-most-likel/ HTTP/1.1" 200 19074 "-" "Mozilla/5.0 (compatible; AhrefsBot/7.0; +http://ahrefs.com/robot/)"
204.48.19.85 - - [03/Jul/2021:03:42:12 -0400] "POST /wp-cron.php?doing_wp_cron=1625298132.4499490261077880859375 HTTP/1.1" 200 6295 "https://ajhydell.com/wp-cron.php?doing_wp_cron=1625298132.4499490261077880859375" "WordPress/5.7.2; https://ajhydell.com"
5.255.253.148 - - [03/Jul/2021:03:42:12 -0400] "GET /2020/11/22/a-waist-gunner-in-a-boeing-b-17-flying-fortress-shakes-hands-with-a-soviet-soldier-1944/ HTTP/1.1" 200 18844 "-" "Mozilla/5.0 (compatible; YandexBot/3.0; +http://yandex.com/bots)"
204.48.19.85 - - [03/Jul/2021:03:43:21 -0400] "POST /wp-cron.php?doing_wp_cron=1625298201.6416900157928466796875 HTTP/1.1" 200 6295 "https://ajhydell.com/wp-cron.php?doing_wp_cron=1625298201.6416900157928466796875" "WordPress/5.7.2; https://ajhydell.com"
114.119.145.169 - - [03/Jul/2021:03:43:21 -0400] "GET /2020/05/31/protester-guy-burmieux-encounters-his-childhood-friend-policeman-jean-yvon-antignac-on-april-6-1972-1280x899 HTTP/1.1" 301 5871 "-" "Mozilla/5.0 (Linux; Android 7.0;) AppleWebKit/537.36 (KHTML, like Gecko) Mobile Safari/537.36 (compatible; PetalBot;+https://webmaster.petalsearch.com/site/petalbot)"
114.119.145.169 - - [03/Jul/2021:03:43:22 -0400] "GET /2020/05/31/protester-guy-burmieux-encounters-his-childhood-friend-policeman-jean-yvon-antignac-on-april-6-1972-1280x899/ HTTP/1.1" 200 13201 "-" "Mozilla/5.0 (Linux; Android 7.0;) AppleWebKit/537.36 (KHTML, like Gecko) Mobile Safari/537.36 (compatible; PetalBot;+https://webmaster.petalsearch.com/site/petalbot)"
54.36.148.117 - - [03/Jul/2021:03:43:35 -0400] "GET /2019/08/18/cambodian-refugees-arrive-at-wellington-airport-in-new-zealand-1983-sponsored-by-the-local-humanist-society-830x554/ HTTP/1.1" 200 18986 "-" "Mozilla/5.0 (compatible; AhrefsBot/7.0; +http://ahrefs.com/robot/)"
157.55.39.136 - - [03/Jul/2021:03:45:07 -0400] "GET /wp-content/uploads/2018/08/picture-113-1024x768.jpg HTTP/1.1" 200 88559 "-" "Mozilla/5.0 (compatible; bingbot/2.0; +http://www.bing.com/bingbot.htm)"
204.48.19.85 - - [03/Jul/2021:03:45:14 -0400] "POST /wp-cron.php?doing_wp_cron=1625298314.1291310787200927734375 HTTP/1.1" 200 6295 "https://ajhydell.com/wp-cron.php?doing_wp_cron=1625298314.1291310787200927734375" "WordPress/5.7.2; https://ajhydell.com"
114.119.138.170 - - [03/Jul/2021:03:45:13 -0400] "GET /2021/01/page/16/ HTTP/1.1" 200 18207 "-" "Mozilla/5.0 (Linux; Android 7.0;) AppleWebKit/537.36 (KHTML, like Gecko) Mobile Safari/537.36 (compatible; PetalBot;+https://webmaster.petalsearch.com/site/petalbot)"
54.36.148.117 - - [03/Jul/2021:03:45:34 -0400] "GET /2020/05/02/ HTTP/1.1" 200 18459 "-" "Mozilla/5.0 (compatible; AhrefsBot/7.0; +http://ahrefs.com/robot/)"
204.48.19.85 - - [03/Jul/2021:03:47:08 -0400] "POST /wp-cron.php?doing_wp_cron=1625298428.1273589134216308593750 HTTP/1.1" 200 6295 "https://ajhydell.com/wp-cron.php?doing_wp_cron=1625298428.1273589134216308593750" "WordPress/5.7.2; https://ajhydell.com"
185.191.171.20 - - [03/Jul/2021:03:47:07 -0400] "GET /robots.txt HTTP/1.1" 200 6480 "-" "Mozilla/5.0 (compatible; SemrushBot/7~bl; +http://www.semrush.com/bot.html)"
185.191.171.17 - - [03/Jul/2021:03:47:08 -0400] "GET /2019/02/19/uss-tennessee-bb-43-sailing-may-12-1943-480x599/ HTTP/1.1" 200 18692 "-" "Mozilla/5.0 (compatible; SemrushBot/7~bl; +http://www.semrush.com/bot.html)"
114.119.132.183 - - [03/Jul/2021:03:47:15 -0400] "GET /2019/11/29/ HTTP/1.1" 200 17764 "-" "Mozilla/5.0 (Linux; Android 7.0;) AppleWebKit/537.36 (KHTML, like Gecko) Mobile Safari/537.36 (compatible; PetalBot;+https://webmaster.petalsearch.com/site/petalbot)"
54.36.148.117 - - [03/Jul/2021:03:47:28 -0400] "GET /2020/02/11/gendarmenmarkt-in-berlin-1857-presumably-one-of-the-oldest-photographs-of-berlin-1012-x-768/ HTTP/1.1" 200 18736 "-" "Mozilla/5.0 (compatible; AhrefsBot/7.0; +http://ahrefs.com/robot/)"
49.7.20.67 - - [03/Jul/2021:03:47:32 -0400] "GET / HTTP/1.1" 200 19891 "-" "Sogou web spider/4.0(+http://www.sogou.com/docs/help/webmasters.htm#07)"
204.48.19.85 - - [03/Jul/2021:03:47:51 -0400] "POST /wp-cron.php?doing_wp_cron=1625298471.6783308982849121093750 HTTP/1.1" 200 6295 "https://ajhydell.com/wp-cron.php?doing_wp_cron=1625298471.6783308982849121093750" "WordPress/5.7.2; https://ajhydell.com"
17.121.112.33 - - [03/Jul/2021:03:47:51 -0400] "GET /2018/09/20/hair-upstairs-commercial-i-have-no-explanation-for-this-1989/ HTTP/1.1" 200 18150 "-" "Mozilla/5.0 (Macintosh; Intel Mac OS X 10_15_5) AppleWebKit/605.1.15 (KHTML, like Gecko) Version/13.1.1 Safari/605.1.15 (Applebot/0.1; +http://www.apple.com/go/applebot)"
157.55.39.22 - - [03/Jul/2021:03:48:23 -0400] "GET /2018/10/02/a-french-resistance-fighter-rests-against-a-barricade-made-of-stones-from-the-streets-of-paris-august-1944-colorization-k-white/ HTTP/1.1" 200 18523 "-" "Mozilla/5.0 (compatible; bingbot/2.0; +http://www.bing.com/bingbot.htm)"
5.255.253.148 - - [03/Jul/2021:03:48:26 -0400] "GET /2020/10/ HTTP/1.1" 200 20182 "-" "Mozilla/5.0 (compatible; YandexBot/3.0; +http://yandex.com/bots)"
185.191.171.39 - - [03/Jul/2021:03:48:28 -0400] "GET /2019/07/07/theodore-roosevelts-big-stick-diplomacy-by-william-allen-rogers-1904/ HTTP/1.1" 200 18738 "-" "Mozilla/5.0 (compatible; SemrushBot/7~bl; +http://www.semrush.com/bot.html)"
20.69.67.192 - - [03/Jul/2021:03:48:51 -0400] "GET /wp-content/uploads/2019/09/picture-6-1024x569.jpg HTTP/1.1" 200 103427 "-" "DuckDuckBot/1.1; (+http://duckduckgo.com/duckduckbot.html)"
204.48.19.85 - - [03/Jul/2021:03:49:18 -0400] "POST /wp-cron.php?doing_wp_cron=1625298558.8022279739379882812500 HTTP/1.1" 200 6295 "https://ajhydell.com/wp-cron.php?doing_wp_cron=1625298558.8022279739379882812500" "WordPress/5.7.2; https://ajhydell.com"
114.119.143.210 - - [03/Jul/2021:03:49:18 -0400] "GET /2021/06/10/japanese-girls-training-in-1945-for-the-anticipated-invasion-of-mainland-japan/ HTTP/1.1" 200 18141 "-" "Mozilla/5.0 (Linux; Android 7.0;) AppleWebKit/537.36 (KHTML, like Gecko) Mobile Safari/537.36 (compatible; PetalBot;+https://webmaster.petalsearch.com/site/petalbot)"
54.36.148.117 - - [03/Jul/2021:03:49:22 -0400] "GET /2019/12/29/bardi-jawi-men-on-jayirri-island-king-sound-gulf-in-the-north-of-western-australia-1917/ HTTP/1.1" 200 18922 "-" "Mozilla/5.0 (compatible; AhrefsBot/7.0; +http://ahrefs.com/robot/)"
207.46.13.120 - - [03/Jul/2021:03:49:47 -0400] "GET /wp-content/uploads/2019/03/picture-72.jpg HTTP/1.1" 200 1973165 "-" "Mozilla/5.0 (compatible; bingbot/2.0; +http://www.bing.com/bingbot.htm)"
204.48.19.85 - - [03/Jul/2021:03:50:08 -0400] "POST /wp-cron.php?doing_wp_cron=1625298608.6373848915100097656250 HTTP/1.1" 200 6295 "https://ajhydell.com/wp-cron.php?doing_wp_cron=1625298608.6373848915100097656250" "WordPress/5.7.2; https://ajhydell.com"
152.67.52.194 - - [03/Jul/2021:03:50:08 -0400] "GET /wp-login.php HTTP/1.1" 200 8606 "-" "Mozilla/5.0 (X11; Ubuntu; Linux x86_64; rv:62.0) Gecko/20100101 Firefox/62.0"
152.67.52.194 - - [03/Jul/2021:03:50:10 -0400] "POST /wp-login.php HTTP/1.1" 200 8695 "-" "Mozilla/5.0 (X11; Ubuntu; Linux x86_64; rv:62.0) Gecko/20100101 Firefox/62.0"
152.67.52.194 - - [03/Jul/2021:03:50:11 -0400] "POST /xmlrpc.php HTTP/1.1" 503 24026 "-" "Mozilla/5.0 (X11; Ubuntu; Linux x86_64; rv:62.0) Gecko/20100101 Firefox/62.0"
204.48.19.85 - - [03/Jul/2021:03:50:56 -0400] "POST /wp-cron.php?doing_wp_cron=1625298656.6509399414062500000000 HTTP/1.1" 200 6295 "https://ajhydell.com/wp-cron.php?doing_wp_cron=1625298656.6509399414062500000000" "WordPress/5.7.2; https://ajhydell.com"
114.119.132.183 - - [03/Jul/2021:03:50:56 -0400] "GET /2021/01/02/navajo-riders-in-the-canyon-de-chelly-arizona-1904-photo-taken-by-edward-curtis-3619-x-2767/ HTTP/1.1" 200 18318 "-" "Mozilla/5.0 (Linux; Android 7.0;) AppleWebKit/537.36 (KHTML, like Gecko) Mobile Safari/537.36 (compatible; PetalBot;+https://webmaster.petalsearch.com/site/petalbot)"
54.36.148.117 - - [03/Jul/2021:03:51:16 -0400] "GET /2020/02/27/ HTTP/1.1" 200 18157 "-" "Mozilla/5.0 (compatible; AhrefsBot/7.0; +http://ahrefs.com/robot/)"
49.224.88.149 - - [03/Jul/2021:03:51:34 -0400] "GET /2021/04/04/american-soldier-wearing-the-crown-of-the-holy-roman-empire-in-a-cave-in-siegen-germany-on-april-3-1945-623x800/ HTTP/1.1" 200 18975 "https://duckduckgo.com/" "Mozilla/5.0 (iPhone; CPU iPhone OS 14_6 like Mac OS X) AppleWebKit/605.1.15 (KHTML, like Gecko) Version/14.1.1 Mobile/15E148 Safari/604.1"
49.224.88.149 - - [03/Jul/2021:03:51:35 -0400] "GET /wp-includes/js/jquery/jquery.min.js?ver=3.5.1 HTTP/1.1" 200 31474 "https://ajhydell.com/2021/04/04/american-soldier-wearing-the-crown-of-the-holy-roman-empire-in-a-cave-in-siegen-germany-on-april-3-1945-623x800/" "Mozilla/5.0 (iPhone; CPU iPhone OS 14_6 like Mac OS X) AppleWebKit/605.1.15 (KHTML, like Gecko) Version/14.1.1 Mobile/15E148 Safari/604.1"
49.224.88.149 - - [03/Jul/2021:03:51:35 -0400] "GET /wp-includes/js/jquery/jquery-migrate.min.js?ver=3.3.2 HTTP/1.1" 200 4659 "https://ajhydell.com/2021/04/04/american-soldier-wearing-the-crown-of-the-holy-roman-empire-in-a-cave-in-siegen-germany-on-april-3-1945-623x800/" "Mozilla/5.0 (iPhone; CPU iPhone OS 14_6 like Mac OS X) AppleWebKit/605.1.15 (KHTML, like Gecko) Version/14.1.1 Mobile/15E148 Safari/604.1"
49.224.88.149 - - [03/Jul/2021:03:51:35 -0400] "GET /wp-includes/js/wp-emoji-release.min.js?ver=5.7.2 HTTP/1.1" 200 11194 "https://ajhydell.com/2021/04/04/american-soldier-wearing-the-crown-of-the-holy-roman-empire-in-a-cave-in-siegen-germany-on-april-3-1945-623x800/" "Mozilla/5.0 (iPhone; CPU iPhone OS 14_6 like Mac OS X) AppleWebKit/605.1.15 (KHTML, like Gecko) Version/14.1.1 Mobile/15E148 Safari/604.1"
49.224.88.149 - - [03/Jul/2021:03:51:35 -0400] "GET /wp-content/plugins/google-analytics-for-wordpress/assets/js/frontend-gtag.min.js?ver=7.17.0 HTTP/1.1" 200 9333 "https://ajhydell.com/2021/04/04/american-soldier-wearing-the-crown-of-the-holy-roman-empire-in-a-cave-in-siegen-germany-on-april-3-1945-623x800/" "Mozilla/5.0 (iPhone; CPU iPhone OS 14_6 like Mac OS X) AppleWebKit/605.1.15 (KHTML, like Gecko) Version/14.1.1 Mobile/15E148 Safari/604.1"
49.224.88.149 - - [03/Jul/2021:03:51:35 -0400] "GET /wp-content/plugins/wp-smushit/app/assets/js/smush-lazy-load.min.js?ver=3.8.7 HTTP/1.1" 200 4174 "https://ajhydell.com/2021/04/04/american-soldier-wearing-the-crown-of-the-holy-roman-empire-in-a-cave-in-siegen-germany-on-april-3-1945-623x800/" "Mozilla/5.0 (iPhone; CPU iPhone OS 14_6 like Mac OS X) AppleWebKit/605.1.15 (KHTML, like Gecko) Version/14.1.1 Mobile/15E148 Safari/604.1"
49.224.88.149 - - [03/Jul/2021:03:51:35 -0400] "GET /wp-content/themes/royal-magazine/js/navigation.js?ver=20151215 HTTP/1.1" 200 1333 "https://ajhydell.com/2021/04/04/american-soldier-wearing-the-crown-of-the-holy-roman-empire-in-a-cave-in-siegen-germany-on-april-3-1945-623x800/" "Mozilla/5.0 (iPhone; CPU iPhone OS 14_6 like Mac OS X) AppleWebKit/605.1.15 (KHTML, like Gecko) Version/14.1.1 Mobile/15E148 Safari/604.1"
49.224.88.149 - - [03/Jul/2021:03:51:35 -0400] "GET /wp-content/themes/royal-magazine/js/skip-link-focus-fix.js?ver=20151215 HTTP/1.1" 200 924 "https://ajhydell.com/2021/04/04/american-soldier-wearing-the-crown-of-the-holy-roman-empire-in-a-cave-in-siegen-germany-on-april-3-1945-623x800/" "Mozilla/5.0 (iPhone; CPU iPhone OS 14_6 like Mac OS X) AppleWebKit/605.1.15 (KHTML, like Gecko) Version/14.1.1 Mobile/15E148 Safari/604.1"
49.224.88.149 - - [03/Jul/2021:03:51:35 -0400] "GET /wp-content/plugins/add-expires-headers/cache/0/com/processed-header-f16a8d323e83e1bc1b76514e283fb81b7090a959.min.css HTTP/1.1" 200 58813 "https://ajhydell.com/2021/04/04/american-soldier-wearing-the-crown-of-the-holy-roman-empire-in-a-cave-in-siegen-germany-on-april-3-1945-623x800/" "Mozilla/5.0 (iPhone; CPU iPhone OS 14_6 like Mac OS X) AppleWebKit/605.1.15 (KHTML, like Gecko) Version/14.1.1 Mobile/15E148 Safari/604.1"
49.224.88.149 - - [03/Jul/2021:03:51:35 -0400] "GET /wp-content/themes/royal-magazine/assets/libraries/slick/js/slick.min.js?ver=5.7.2 HTTP/1.1" 200 10690 "https://ajhydell.com/2021/04/04/american-soldier-wearing-the-crown-of-the-holy-roman-empire-in-a-cave-in-siegen-germany-on-april-3-1945-623x800/" "Mozilla/5.0 (iPhone; CPU iPhone OS 14_6 like Mac OS X) AppleWebKit/605.1.15 (KHTML, like Gecko) Version/14.1.1 Mobile/15E148 Safari/604.1"
49.224.88.149 - - [03/Jul/2021:03:51:35 -0400] "GET /wp-content/themes/royal-magazine/assets/libraries/bootstrap/js/bootstrap.min.js?ver=5.7.2 HTTP/1.1" 200 10350 "https://ajhydell.com/2021/04/04/american-soldier-wearing-the-crown-of-the-holy-roman-empire-in-a-cave-in-siegen-germany-on-april-3-1945-623x800/" "Mozilla/5.0 (iPhone; CPU iPhone OS 14_6 like Mac OS X) AppleWebKit/605.1.15 (KHTML, like Gecko) Version/14.1.1 Mobile/15E148 Safari/604.1"
49.224.88.149 - - [03/Jul/2021:03:51:36 -0400] "GET /wp-content/themes/royal-magazine/assets/libraries/marquee/jquery.marquee.js?ver=5.7.2 HTTP/1.1" 200 5071 "https://ajhydell.com/2021/04/04/american-soldier-wearing-the-crown-of-the-holy-roman-empire-in-a-cave-in-siegen-germany-on-april-3-1945-623x800/" "Mozilla/5.0 (iPhone; CPU iPhone OS 14_6 like Mac OS X) AppleWebKit/605.1.15 (KHTML, like Gecko) Version/14.1.1 Mobile/15E148 Safari/604.1"
49.224.88.149 - - [03/Jul/2021:03:51:36 -0400] "GET /wp-content/themes/royal-magazine/assets/libraries/theiaStickySidebar/theia-sticky-sidebar.min.js?ver=5.7.2 HTTP/1.1" 200 2236 "https://ajhydell.com/2021/04/04/american-soldier-wearing-the-crown-of-the-holy-roman-empire-in-a-cave-in-siegen-germany-on-april-3-1945-623x800/" "Mozilla/5.0 (iPhone; CPU iPhone OS 14_6 like Mac OS X) AppleWebKit/605.1.15 (KHTML, like Gecko) Version/14.1.1 Mobile/15E148 Safari/604.1"
49.224.88.149 - - [03/Jul/2021:03:51:36 -0400] "GET /wp-content/themes/royal-magazine/assets/libraries/magnific-popup/jquery.magnific-popup.min.js?ver=5.7.2 HTTP/1.1" 200 7838 "https://ajhydell.com/2021/04/04/american-soldier-wearing-the-crown-of-the-holy-roman-empire-in-a-cave-in-siegen-germany-on-april-3-1945-623x800/" "Mozilla/5.0 (iPhone; CPU iPhone OS 14_6 like Mac OS X) AppleWebKit/605.1.15 (KHTML, like Gecko) Version/14.1.1 Mobile/15E148 Safari/604.1"
49.224.88.149 - - [03/Jul/2021:03:51:36 -0400] "GET /wp-content/themes/royal-magazine/assets/twp/js/custom-script.js?ver=5.7.2 HTTP/1.1" 200 2995 "https://ajhydell.com/2021/04/04/american-soldier-wearing-the-crown-of-the-holy-roman-empire-in-a-cave-in-siegen-germany-on-april-3-1945-623x800/" "Mozilla/5.0 (iPhone; CPU iPhone OS 14_6 like Mac OS X) AppleWebKit/605.1.15 (KHTML, like Gecko) Version/14.1.1 Mobile/15E148 Safari/604.1"
49.224.88.149 - - [03/Jul/2021:03:51:36 -0400] "GET /wp-includes/js/wp-embed.min.js?ver=5.7.2 HTTP/1.1" 200 1209 "https://ajhydell.com/2021/04/04/american-soldier-wearing-the-crown-of-the-holy-roman-empire-in-a-cave-in-siegen-germany-on-april-3-1945-623x800/" "Mozilla/5.0 (iPhone; CPU iPhone OS 14_6 like Mac OS X) AppleWebKit/605.1.15 (KHTML, like Gecko) Version/14.1.1 Mobile/15E148 Safari/604.1"
49.224.88.149 - - [03/Jul/2021:03:51:36 -0400] "GET /wp-content/plugins/facebook-pagelike-widget/fb.js?ver=1.0 HTTP/1.1" 200 810 "https://ajhydell.com/2021/04/04/american-soldier-wearing-the-crown-of-the-holy-roman-empire-in-a-cave-in-siegen-germany-on-april-3-1945-623x800/" "Mozilla/5.0 (iPhone; CPU iPhone OS 14_6 like Mac OS X) AppleWebKit/605.1.15 (KHTML, like Gecko) Version/14.1.1 Mobile/15E148 Safari/604.1"
49.224.88.149 - - [03/Jul/2021:03:51:36 -0400] "GET /wp-content/themes/royal-magazine/assets/libraries/ionicons/fonts/ionicons.ttf HTTP/1.1" 200 189155 "https://ajhydell.com/2021/04/04/american-soldier-wearing-the-crown-of-the-holy-roman-empire-in-a-cave-in-siegen-germany-on-april-3-1945-623x800/" "Mozilla/5.0 (iPhone; CPU iPhone OS 14_6 like Mac OS X) AppleWebKit/605.1.15 (KHTML, like Gecko) Version/14.1.1 Mobile/15E148 Safari/604.1"
49.224.88.149 - - [03/Jul/2021:03:51:38 -0400] "GET /wp-content/uploads/2018/08/cropped-logo-192x192.jpg HTTP/1.1" 200 15798 "https://ajhydell.com/2021/04/04/american-soldier-wearing-the-crown-of-the-holy-roman-empire-in-a-cave-in-siegen-germany-on-april-3-1945-623x800/" "Mozilla/5.0 (iPhone; CPU iPhone OS 14_6 like Mac OS X) AppleWebKit/605.1.15 (KHTML, like Gecko) Version/14.1.1 Mobile/15E148 Safari/604.1"
49.224.88.149 - - [03/Jul/2021:03:51:38 -0400] "GET /wp-content/uploads/2018/08/cropped-logo-32x32.jpg HTTP/1.1" 200 7356 "https://ajhydell.com/2021/04/04/american-soldier-wearing-the-crown-of-the-holy-roman-empire-in-a-cave-in-siegen-germany-on-april-3-1945-623x800/" "Mozilla/5.0 (iPhone; CPU iPhone OS 14_6 like Mac OS X) AppleWebKit/605.1.15 (KHTML, like Gecko) Version/14.1.1 Mobile/15E148 Safari/604.1"
49.224.88.149 - - [03/Jul/2021:03:51:39 -0400] "GET /?wordfence_lh=1&hid=6E517EC16147CCEA012AEB7A2C402938&r=0.9079636609355798 HTTP/1.1" 200 6388 "https://ajhydell.com/2021/04/04/american-soldier-wearing-the-crown-of-the-holy-roman-empire-in-a-cave-in-siegen-germany-on-april-3-1945-623x800/" "Mozilla/5.0 (iPhone; CPU iPhone OS 14_6 like Mac OS X) AppleWebKit/605.1.15 (KHTML, like Gecko) Version/14.1.1 Mobile/15E148 Safari/604.1"
49.224.88.149 - - [03/Jul/2021:03:51:39 -0400] "GET /wp-content/uploads/2021/04/picture-18.jpg HTTP/1.1" 200 503044 "https://ajhydell.com/2021/04/04/american-soldier-wearing-the-crown-of-the-holy-roman-empire-in-a-cave-in-siegen-germany-on-april-3-1945-623x800/" "Mozilla/5.0 (iPhone; CPU iPhone OS 14_6 like Mac OS X) AppleWebKit/605.1.15 (KHTML, like Gecko) Version/14.1.1 Mobile/15E148 Safari/604.1"
40.77.167.20 - - [03/Jul/2021:03:52:41 -0400] "GET /wp-content/uploads/2018/11/picture-12-768x605.jpg HTTP/1.1" 200 75986 "-" "Mozilla/5.0 (compatible; bingbot/2.0; +http://www.bing.com/bingbot.htm)"
204.48.19.85 - - [03/Jul/2021:03:52:52 -0400] "POST /wp-cron.php?doing_wp_cron=1625298772.7014648914337158203125 HTTP/1.1" 200 6295 "https://ajhydell.com/wp-cron.php?doing_wp_cron=1625298772.7014648914337158203125" "WordPress/5.7.2; https://ajhydell.com"
114.119.151.146 - - [03/Jul/2021:03:52:52 -0400] "GET /2021/02/22/my-late-grandmothers-school-portrait/ HTTP/1.1" 200 18098 "-" "Mozilla/5.0 (Linux; Android 7.0;) AppleWebKit/537.36 (KHTML, like Gecko) Mobile Safari/537.36 (compatible; PetalBot;+https://webmaster.petalsearch.com/site/petalbot)"
54.36.148.117 - - [03/Jul/2021:03:53:09 -0400] "GET /2020/11/13/ottoman-pilot-ahmet-ali-efendi-first-black-pilot-ever-1916-697-x-900/ HTTP/1.1" 200 18741 "-" "Mozilla/5.0 (compatible; AhrefsBot/7.0; +http://ahrefs.com/robot/)"
34.250.29.67 - - [03/Jul/2021:03:53:10 -0400] "GET /feed/ HTTP/1.1" 200 8282 "-" "Krzana bot"
157.55.39.134 - - [03/Jul/2021:03:53:34 -0400] "GET /2020/05/05/u-s-soldier-resting-on-his-final-day-in-the-hospital-tomorrow-he-returns-to-the-front-france-1918/ HTTP/1.1" 200 18557 "-" "Mozilla/5.0 (compatible; bingbot/2.0; +http://www.bing.com/bingbot.htm)"
204.48.19.85 - - [03/Jul/2021:03:54:48 -0400] "POST /wp-cron.php?doing_wp_cron=1625298888.1012630462646484375000 HTTP/1.1" 200 6295 "https://ajhydell.com/wp-cron.php?doing_wp_cron=1625298888.1012630462646484375000" "WordPress/5.7.2; https://ajhydell.com"
114.119.138.170 - - [03/Jul/2021:03:54:47 -0400] "GET /2019/07/17/tsarevich-alexei-nikolaevich-romanov-aboard-the-imperial-yacht-polar-star-c-1907/ HTTP/1.1" 200 18171 "-" "Mozilla/5.0 (Linux; Android 7.0;) AppleWebKit/537.36 (KHTML, like Gecko) Mobile Safari/537.36 (compatible; PetalBot;+https://webmaster.petalsearch.com/site/petalbot)"
54.36.148.117 - - [03/Jul/2021:03:55:03 -0400] "GET /2020/02/20/ussr-vietnam-the-distance-is-long-but-our-hearts-are-close-together-ussr-1958/ HTTP/1.1" 200 18833 "-" "Mozilla/5.0 (compatible; AhrefsBot/7.0; +http://ahrefs.com/robot/)"
106.38.241.125 - - [03/Jul/2021:03:55:05 -0400] "-" 408 5562 "-" "-"
204.48.19.85 - - [03/Jul/2021:03:56:24 -0400] "POST /wp-cron.php?doing_wp_cron=1625298984.5459420680999755859375 HTTP/1.1" 200 6295 "https://ajhydell.com/wp-cron.php?doing_wp_cron=1625298984.5459420680999755859375" "WordPress/5.7.2; https://ajhydell.com"
17.121.112.119 - - [03/Jul/2021:03:56:24 -0400] "GET /2020/10/28/the-notorious-bran-castle-brasov-county-transylvania-romania-1920s-30s/ HTTP/1.1" 200 18275 "-" "Mozilla/5.0 (Macintosh; Intel Mac OS X 10_15_5) AppleWebKit/605.1.15 (KHTML, like Gecko) Version/13.1.1 Safari/605.1.15 (Applebot/0.1; +http://www.apple.com/go/applebot)"
77.75.77.109 - - [03/Jul/2021:03:56:27 -0400] "GET /robots.txt HTTP/1.1" 200 6517 "-" "Mozilla/5.0 (compatible; SeznamBot/3.2; +http://napoveda.seznam.cz/en/seznambot-intro/)"
77.75.77.109 - - [03/Jul/2021:03:56:29 -0400] "GET /wp-content/uploads/2021/05/picture-97.jpg HTTP/1.1" 304 6272 "-" "Mozilla/5.0 (compatible; SeznamBot/3.2; +http://napoveda.seznam.cz/en/seznambot-intro/)"
77.75.77.109 - - [03/Jul/2021:03:56:30 -0400] "GET /wp-content/uploads/2021/05/picture-69.jpg HTTP/1.1" 304 277 "-" "Mozilla/5.0 (compatible; SeznamBot/3.2; +http://napoveda.seznam.cz/en/seznambot-intro/)"
114.119.143.168 - - [03/Jul/2021:03:56:43 -0400] "GET /2020/03/05/ HTTP/1.1" 200 17652 "-" "Mozilla/5.0 (Linux; Android 7.0;) AppleWebKit/537.36 (KHTML, like Gecko) Mobile Safari/537.36 (compatible; PetalBot;+https://webmaster.petalsearch.com/site/petalbot)"
204.48.19.85 - - [03/Jul/2021:03:57:00 -0400] "POST /wp-cron.php?doing_wp_cron=1625299020.7276129722595214843750 HTTP/1.1" 200 6295 "https://ajhydell.com/wp-cron.php?doing_wp_cron=1625299020.7276129722595214843750" "WordPress/5.7.2; https://ajhydell.com"
54.36.148.117 - - [03/Jul/2021:03:57:00 -0400] "GET /2018/08/27/pontiac-club-de-mer-1956/ HTTP/1.1" 200 18791 "-" "Mozilla/5.0 (compatible; AhrefsBot/7.0; +http://ahrefs.com/robot/)"
157.55.39.102 - - [03/Jul/2021:03:57:01 -0400] "GET /wp-content/uploads/2020/04/picture-82.jpg HTTP/1.1" 200 39730 "-" "Mozilla/5.0 (compatible; bingbot/2.0; +http://www.bing.com/bingbot.htm)"
204.48.19.85 - - [03/Jul/2021:03:58:39 -0400] "POST /wp-cron.php?doing_wp_cron=1625299119.5434920787811279296875 HTTP/1.1" 200 6295 "https://ajhydell.com/wp-cron.php?doing_wp_cron=1625299119.5434920787811279296875" "WordPress/5.7.2; https://ajhydell.com"
114.119.156.206 - - [03/Jul/2021:03:58:39 -0400] "GET /2019/08/19/french-poster-for-the-three-musketeers-1949/ HTTP/1.1" 200 18070 "-" "Mozilla/5.0 (Linux; Android 7.0;) AppleWebKit/537.36 (KHTML, like Gecko) Mobile Safari/537.36 (compatible; PetalBot;+https://webmaster.petalsearch.com/site/petalbot)"
204.48.19.85 - - [03/Jul/2021:03:58:52 -0400] "POST /wp-cron.php?doing_wp_cron=1625299132.6998310089111328125000 HTTP/1.1" 200 6295 "https://ajhydell.com/wp-cron.php?doing_wp_cron=1625299132.6998310089111328125000" "WordPress/5.7.2; https://ajhydell.com"
54.36.148.117 - - [03/Jul/2021:03:58:52 -0400] "GET /2020/12/04/fourteen-year-old-mohawk-and-future-olympic-gold-medalist-waneek-horn-miller-cradling-her-younger-sister-after-she-herself-was-bayoneted-in-the-chest-by-a-canadian-soldier-quebec-oka-crisis-26-sept/ HTTP/1.1" 200 19169 "-" "Mozilla/5.0 (compatible; AhrefsBot/7.0; +http://ahrefs.com/robot/)"
91.194.91.202 - - [03/Jul/2021:03:59:38 -0400] "GET /wp-login.php HTTP/1.1" 200 8605 "-" "Mozilla/5.0 (X11; Ubuntu; Linux x86_64; rv:62.0) Gecko/20100101 Firefox/62.0"
91.194.91.202 - - [03/Jul/2021:03:59:39 -0400] "POST /wp-login.php HTTP/1.1" 200 8696 "-" "Mozilla/5.0 (X11; Ubuntu; Linux x86_64; rv:62.0) Gecko/20100101 Firefox/62.0"
91.194.91.202 - - [03/Jul/2021:03:59:39 -0400] "POST /xmlrpc.php HTTP/1.1" 503 24026 "-" "Mozilla/5.0 (X11; Ubuntu; Linux x86_64; rv:62.0) Gecko/20100101 Firefox/62.0"
204.48.19.85 - - [03/Jul/2021:04:00:17 -0400] "POST /wp-cron.php?doing_wp_cron=1625299217.4240798950195312500000 HTTP/1.1" 200 6295 "https://ajhydell.com/wp-cron.php?doing_wp_cron=1625299217.4240798950195312500000" "WordPress/5.7.2; https://ajhydell.com"
5.255.253.148 - - [03/Jul/2021:04:00:17 -0400] "GET /2021/02/11/danish-ice-cream-from-frisko-1974/ HTTP/1.1" 200 18726 "-" "Mozilla/5.0 (compatible; YandexBot/3.0; +http://yandex.com/bots)"
114.119.132.183 - - [03/Jul/2021:04:00:30 -0400] "GET /2019/page/70 HTTP/1.1" 301 5719 "-" "Mozilla/5.0 (Linux; Android 7.0;) AppleWebKit/537.36 (KHTML, like Gecko) Mobile Safari/537.36 (compatible; PetalBot;+https://webmaster.petalsearch.com/site/petalbot)"
114.119.132.183 - - [03/Jul/2021:04:00:31 -0400] "GET /2019/page/70/ HTTP/1.1" 200 14494 "-" "Mozilla/5.0 (Linux; Android 7.0;) AppleWebKit/537.36 (KHTML, like Gecko) Mobile Safari/537.36 (compatible; PetalBot;+https://webmaster.petalsearch.com/site/petalbot)"
204.48.19.85 - - [03/Jul/2021:04:00:45 -0400] "POST /wp-cron.php?doing_wp_cron=1625299245.7930569648742675781250 HTTP/1.1" 200 6295 "https://ajhydell.com/wp-cron.php?doing_wp_cron=1625299245.7930569648742675781250" "WordPress/5.7.2; https://ajhydell.com"
54.36.148.117 - - [03/Jul/2021:04:00:45 -0400] "GET /2021/02/25/ HTTP/1.1" 200 18643 "-" "Mozilla/5.0 (compatible; AhrefsBot/7.0; +http://ahrefs.com/robot/)"
204.48.19.85 - - [03/Jul/2021:04:02:37 -0400] "POST /wp-cron.php?doing_wp_cron=1625299357.3585700988769531250000 HTTP/1.1" 200 6295 "https://ajhydell.com/wp-cron.php?doing_wp_cron=1625299357.3585700988769531250000" "WordPress/5.7.2; https://ajhydell.com"
54.36.148.117 - - [03/Jul/2021:04:02:37 -0400] "GET /2019/05/14/uss-lcil-30-landing-troops-carrying-stretchers-onto-a-beach-during-a-second-assult-wave-sarmi-dutch-new-guinea-17-may-1944/ HTTP/1.1" 200 18896 "-" "Mozilla/5.0 (compatible; AhrefsBot/7.0; +http://ahrefs.com/robot/)"
114.119.143.168 - - [03/Jul/2021:04:02:37 -0400] "GET /2020/09/12/long-live-the-worldwide-socialist-revolution-1929 HTTP/1.1" 301 5812 "-" "Mozilla/5.0 (Linux; Android 7.0;) AppleWebKit/537.36 (KHTML, like Gecko) Mobile Safari/537.36 (compatible; PetalBot;+https://webmaster.petalsearch.com/site/petalbot)"
114.119.143.168 - - [03/Jul/2021:04:02:38 -0400] "GET /2020/09/12/long-live-the-worldwide-socialist-revolution-1929/ HTTP/1.1" 200 13030 "-" "Mozilla/5.0 (Linux; Android 7.0;) AppleWebKit/537.36 (KHTML, like Gecko) Mobile Safari/537.36 (compatible; PetalBot;+https://webmaster.petalsearch.com/site/petalbot)"
204.48.19.85 - - [03/Jul/2021:04:03:14 -0400] "POST /wp-cron.php?doing_wp_cron=1625299394.4758100509643554687500 HTTP/1.1" 200 6295 "https://ajhydell.com/wp-cron.php?doing_wp_cron=1625299394.4758100509643554687500" "WordPress/5.7.2; https://ajhydell.com"
17.121.112.164 - - [03/Jul/2021:04:03:14 -0400] "GET /2019/05/10/union-dues-cost-around-700-a-year-us-2015/ HTTP/1.1" 200 18315 "-" "Mozilla/5.0 (Macintosh; Intel Mac OS X 10_15_5) AppleWebKit/605.1.15 (KHTML, like Gecko) Version/13.1.1 Safari/605.1.15 (Applebot/0.1; +http://www.apple.com/go/applebot)"
204.48.19.85 - - [03/Jul/2021:04:04:23 -0400] "POST /wp-cron.php?doing_wp_cron=1625299463.6042668819427490234375 HTTP/1.1" 200 6295 "https://ajhydell.com/wp-cron.php?doing_wp_cron=1625299463.6042668819427490234375" "WordPress/5.7.2; https://ajhydell.com"
114.119.151.93 - - [03/Jul/2021:04:04:23 -0400] "GET /2021/02/07/a-rare-photo-of-a-traffic-accident-in-the-netherlands-more-than-100-years-ago-the-photo-was-taken-in-1914-855x626/ HTTP/1.1" 200 18397 "-" "Mozilla/5.0 (Linux; Android 7.0;) AppleWebKit/537.36 (KHTML, like Gecko) Mobile Safari/537.36 (compatible; PetalBot;+https://webmaster.petalsearch.com/site/petalbot)"
54.36.148.117 - - [03/Jul/2021:04:04:32 -0400] "GET /2019/05/06/british-prime-minister-william-pitt-the-younger-partitioning-the-world-with-emperor-napoleon-1805/ HTTP/1.1" 200 18882 "-" "Mozilla/5.0 (compatible; AhrefsBot/7.0; +http://ahrefs.com/robot/)"
204.48.19.85 - - [03/Jul/2021:04:05:52 -0400] "POST /wp-cron.php?doing_wp_cron=1625299552.9863109588623046875000 HTTP/1.1" 200 6295 "https://ajhydell.com/wp-cron.php?doing_wp_cron=1625299552.9863109588623046875000" "WordPress/5.7.2; https://ajhydell.com"
66.249.66.136 - - [03/Jul/2021:04:05:52 -0400] "GET /robots.txt HTTP/1.1" 200 6517 "-" "Mozilla/5.0 (compatible; Googlebot/2.1; +http://www.google.com/bot.html)"
66.249.66.132 - - [03/Jul/2021:04:05:53 -0400] "GET /wp-content/plugins/facebook-pagelike-widget/loader.gif HTTP/1.1" 304 6271 "-" "Googlebot-Image/1.0"
66.249.66.132 - - [03/Jul/2021:04:05:53 -0400] "GET /wp-content/uploads/2018/08/cropped-logo-32x32.jpg HTTP/1.1" 304 275 "-" "Googlebot-Image/1.0"
157.55.39.134 - - [03/Jul/2021:04:06:04 -0400] "GET /wp-content/uploads/2020/10/picture-132.jpg HTTP/1.1" 200 94732 "-" "Mozilla/5.0 (compatible; bingbot/2.0; +http://www.bing.com/bingbot.htm)"
114.119.151.146 - - [03/Jul/2021:04:06:21 -0400] "GET /2018/11/04/a-young-soviet-soldier-severely-injured-crawls-towards-his-german-captors-after-surrendering-during-the-battle-of-kursk-july-1943-1186-x-1627 HTTP/1.1" 301 5904 "-" "Mozilla/5.0 (Linux; Android 7.0;) AppleWebKit/537.36 (KHTML, like Gecko) Mobile Safari/537.36 (compatible; PetalBot;+https://webmaster.petalsearch.com/site/petalbot)"
207.46.13.151 - - [03/Jul/2021:04:06:22 -0400] "GET /wp-content/uploads/2019/12/picture-scaled.jpg HTTP/1.1" 200 1050533 "-" "Mozilla/5.0 (compatible; bingbot/2.0; +http://www.bing.com/bingbot.htm)"
114.119.151.146 - - [03/Jul/2021:04:06:23 -0400] "GET /2018/11/04/a-young-soviet-soldier-severely-injured-crawls-towards-his-german-captors-after-surrendering-during-the-battle-of-kursk-july-1943-1186-x-1627/ HTTP/1.1" 200 13232 "-" "Mozilla/5.0 (Linux; Android 7.0;) AppleWebKit/537.36 (KHTML, like Gecko) Mobile Safari/537.36 (compatible; PetalBot;+https://webmaster.petalsearch.com/site/petalbot)"
66.249.66.136 - - [03/Jul/2021:04:06:24 -0400] "GET /wp-content/uploads/2021/05/picture-26.jpg HTTP/1.1" 200 680051 "-" "Googlebot-Image/1.0"
54.36.148.117 - - [03/Jul/2021:04:06:27 -0400] "GET /2019/11/02/ HTTP/1.1" 200 18261 "-" "Mozilla/5.0 (compatible; AhrefsBot/7.0; +http://ahrefs.com/robot/)"
204.48.19.85 - - [03/Jul/2021:04:08:11 -0400] "POST /wp-cron.php?doing_wp_cron=1625299691.3580310344696044921875 HTTP/1.1" 200 6295 "https://ajhydell.com/wp-cron.php?doing_wp_cron=1625299691.3580310344696044921875" "WordPress/5.7.2; https://ajhydell.com"
114.119.143.210 - - [03/Jul/2021:04:08:10 -0400] "GET /2021/05/20/soviet-edition-of-herluf-bidstrup-1960s/ HTTP/1.1" 200 18187 "-" "Mozilla/5.0 (Linux; Android 7.0;) AppleWebKit/537.36 (KHTML, like Gecko) Mobile Safari/537.36 (compatible; PetalBot;+https://webmaster.petalsearch.com/site/petalbot)"
54.36.148.117 - - [03/Jul/2021:04:08:20 -0400] "GET /2020/08/22/ HTTP/1.1" 200 18826 "-" "Mozilla/5.0 (compatible; AhrefsBot/7.0; +http://ahrefs.com/robot/)"
204.48.19.85 - - [03/Jul/2021:04:10:06 -0400] "POST /wp-cron.php?doing_wp_cron=1625299806.2950460910797119140625 HTTP/1.1" 200 6295 "https://ajhydell.com/wp-cron.php?doing_wp_cron=1625299806.2950460910797119140625" "WordPress/5.7.2; https://ajhydell.com"
114.119.145.169 - - [03/Jul/2021:04:10:05 -0400] "GET /2019/01/29/british-tourist-arrives-in-sudan-africa-in-1936-826-x-619 HTTP/1.1" 301 5820 "-" "Mozilla/5.0 (Linux; Android 7.0;) AppleWebKit/537.36 (KHTML, like Gecko) Mobile Safari/537.36 (compatible; PetalBot;+https://webmaster.petalsearch.com/site/petalbot)"
114.119.145.169 - - [03/Jul/2021:04:10:07 -0400] "GET /2019/01/29/british-tourist-arrives-in-sudan-africa-in-1936-826-x-619/ HTTP/1.1" 200 12903 "-" "Mozilla/5.0 (Linux; Android 7.0;) AppleWebKit/537.36 (KHTML, like Gecko) Mobile Safari/537.36 (compatible; PetalBot;+https://webmaster.petalsearch.com/site/petalbot)"
54.36.148.117 - - [03/Jul/2021:04:10:14 -0400] "GET /2021/03/21/fascist-italian-soldiers-in-ethiopia-singing-the-song-faccetta-nera-with-a-native-girl-1936/ HTTP/1.1" 200 18877 "-" "Mozilla/5.0 (compatible; AhrefsBot/7.0; +http://ahrefs.com/robot/)"
192.99.145.57 - - [03/Jul/2021:04:10:21 -0400] "GET /wp-login.php HTTP/1.1" 200 8604 "-" "Mozilla/5.0 (X11; Ubuntu; Linux x86_64; rv:62.0) Gecko/20100101 Firefox/62.0"
192.99.145.57 - - [03/Jul/2021:04:10:21 -0400] "POST /wp-login.php HTTP/1.1" 200 8695 "-" "Mozilla/5.0 (X11; Ubuntu; Linux x86_64; rv:62.0) Gecko/20100101 Firefox/62.0"
192.99.145.57 - - [03/Jul/2021:04:10:22 -0400] "POST /xmlrpc.php HTTP/1.1" 503 24026 "-" "Mozilla/5.0 (X11; Ubuntu; Linux x86_64; rv:62.0) Gecko/20100101 Firefox/62.0"
204.48.19.85 - - [03/Jul/2021:04:11:33 -0400] "POST /wp-cron.php?doing_wp_cron=1625299893.6113719940185546875000 HTTP/1.1" 200 6295 "https://ajhydell.com/wp-cron.php?doing_wp_cron=1625299893.6113719940185546875000" "WordPress/5.7.2; https://ajhydell.com"
207.46.13.22 - - [03/Jul/2021:04:11:33 -0400] "GET /post-sitemap4.xml HTTP/1.1" 200 16111 "-" "Mozilla/5.0 (compatible; bingbot/2.0; +http://www.bing.com/bingbot.htm)"
204.48.19.85 - - [03/Jul/2021:04:12:04 -0400] "POST /wp-cron.php?doing_wp_cron=1625299924.6877911090850830078125 HTTP/1.1" 200 6295 "https://ajhydell.com/wp-cron.php?doing_wp_cron=1625299924.6877911090850830078125" "WordPress/5.7.2; https://ajhydell.com"
114.119.151.93 - - [03/Jul/2021:04:12:04 -0400] "GET /2019/10/04/a-torpedo-being-loaded-on-a-savoia-marchetti-s-m-79-sparviero-sparrowhawk-c-1940-1943-1000-x-664-colorized/ HTTP/1.1" 200 18177 "-" "Mozilla/5.0 (Linux; Android 7.0;) AppleWebKit/537.36 (KHTML, like Gecko) Mobile Safari/537.36 (compatible; PetalBot;+https://webmaster.petalsearch.com/site/petalbot)"
54.36.148.117 - - [03/Jul/2021:04:12:07 -0400] "GET /2019/08/17/ HTTP/1.1" 200 17915 "-" "Mozilla/5.0 (compatible; AhrefsBot/7.0; +http://ahrefs.com/robot/)"
204.48.19.85 - - [03/Jul/2021:04:12:59 -0400] "POST /wp-cron.php?doing_wp_cron=1625299979.6298971176147460937500 HTTP/1.1" 200 6295 "https://ajhydell.com/wp-cron.php?doing_wp_cron=1625299979.6298971176147460937500" "WordPress/5.7.2; https://ajhydell.com"
106.38.241.127 - - [03/Jul/2021:04:12:59 -0400] "GET / HTTP/1.1" 200 19893 "-" "Sogou web spider/4.0(+http://www.sogou.com/docs/help/webmasters.htm#07)"
207.46.13.80 - - [03/Jul/2021:04:13:01 -0400] "GET /wp-content/uploads/2019/05/picture.jpg HTTP/1.1" 200 149060 "-" "Mozilla/5.0 (compatible; bingbot/2.0; +http://www.bing.com/bingbot.htm)"
5.255.253.148 - - [03/Jul/2021:04:13:22 -0400] "GET /2018/09/24/a-lone-african-american-man-attends-a-klan-rally-in-jackson-mississippi-1950-2000-x-1573/ HTTP/1.1" 200 18796 "-" "Mozilla/5.0 (compatible; YandexBot/3.0; +http://yandex.com/bots)"
54.36.148.117 - - [03/Jul/2021:04:14:00 -0400] "GET /2019/07/20/propaganda-billboard-by-the-kkk-1960s/ HTTP/1.1" 200 18768 "-" "Mozilla/5.0 (compatible; AhrefsBot/7.0; +http://ahrefs.com/robot/)"
204.48.19.85 - - [03/Jul/2021:04:14:00 -0400] "POST /wp-cron.php?doing_wp_cron=1625300040.6998119354248046875000 HTTP/1.1" 200 6295 "https://ajhydell.com/wp-cron.php?doing_wp_cron=1625300040.6998119354248046875000" "WordPress/5.7.2; https://ajhydell.com"
114.119.151.93 - - [03/Jul/2021:04:14:00 -0400] "GET /2019/05/16/armenian-wehrmacht-soldiers-preforming-a-traditional-caucasian-warriors-dance-to-celebrate-victory-over-soviet-partisans/ HTTP/1.1" 200 18348 "-" "Mozilla/5.0 (Linux; Android 7.0;) AppleWebKit/537.36 (KHTML, like Gecko) Mobile Safari/537.36 (compatible; PetalBot;+https://webmaster.petalsearch.com/site/petalbot)"
185.191.171.34 - - [03/Jul/2021:04:14:24 -0400] "GET /2021/02/03/yellow-pages-bicentennial-advert-akron-usa-1976/ HTTP/1.1" 200 18793 "-" "Mozilla/5.0 (compatible; SemrushBot/7~bl; +http://www.semrush.com/bot.html)"
54.36.148.117 - - [03/Jul/2021:04:15:52 -0400] "GET /2021/04/20/supreme-commander-and-future-34th-president-of-the-united-states-dwight-d-eisenhower/ HTTP/1.1" 200 18871 "-" "Mozilla/5.0 (compatible; AhrefsBot/7.0; +http://ahrefs.com/robot/)"
204.48.19.85 - - [03/Jul/2021:04:15:52 -0400] "POST /wp-cron.php?doing_wp_cron=1625300152.7752690315246582031250 HTTP/1.1" 200 6295 "https://ajhydell.com/wp-cron.php?doing_wp_cron=1625300152.7752690315246582031250" "WordPress/5.7.2; https://ajhydell.com"
114.119.158.133 - - [03/Jul/2021:04:15:56 -0400] "GET /2020/10/16/international-tailoring-department-1968 HTTP/1.1" 301 5802 "-" "Mozilla/5.0 (Linux; Android 7.0;) AppleWebKit/537.36 (KHTML, like Gecko) Mobile Safari/537.36 (compatible; PetalBot;+https://webmaster.petalsearch.com/site/petalbot)"
114.119.158.133 - - [03/Jul/2021:04:15:57 -0400] "GET /2020/10/16/international-tailoring-department-1968/ HTTP/1.1" 200 12752 "-" "Mozilla/5.0 (Linux; Android 7.0;) AppleWebKit/537.36 (KHTML, like Gecko) Mobile Safari/537.36 (compatible; PetalBot;+https://webmaster.petalsearch.com/site/petalbot)"
204.48.19.85 - - [03/Jul/2021:04:17:48 -0400] "POST /wp-cron.php?doing_wp_cron=1625300268.0072081089019775390625 HTTP/1.1" 200 6295 "https://ajhydell.com/wp-cron.php?doing_wp_cron=1625300268.0072081089019775390625" "WordPress/5.7.2; https://ajhydell.com"
54.36.148.117 - - [03/Jul/2021:04:17:47 -0400] "GET /2019/05/14/the-red-iceberg-usa-1960/ HTTP/1.1" 200 18846 "-" "Mozilla/5.0 (compatible; AhrefsBot/7.0; +http://ahrefs.com/robot/)"
114.119.158.133 - - [03/Jul/2021:04:17:56 -0400] "GET /2020/09/29/a-collection-point-of-marine-weapons-and-gear-waiting-for-repairs-iwo-jima/ HTTP/1.1" 200 18108 "-" "Mozilla/5.0 (Linux; Android 7.0;) AppleWebKit/537.36 (KHTML, like Gecko) Mobile Safari/537.36 (compatible; PetalBot;+https://webmaster.petalsearch.com/site/petalbot)"
204.48.19.85 - - [03/Jul/2021:04:19:13 -0400] "POST /wp-cron.php?doing_wp_cron=1625300353.4792370796203613281250 HTTP/1.1" 200 6295 "https://ajhydell.com/wp-cron.php?doing_wp_cron=1625300353.4792370796203613281250" "WordPress/5.7.2; https://ajhydell.com"
157.55.39.136 - - [03/Jul/2021:04:19:13 -0400] "GET /2018/12/31/greek-poster-celebrating-victory-in-the-balkan-wars-1912-1913/ HTTP/1.1" 200 18349 "-" "Mozilla/5.0 (compatible; bingbot/2.0; +http://www.bing.com/bingbot.htm)"
54.36.148.117 - - [03/Jul/2021:04:19:42 -0400] "GET /2019/01/24/finally-a-vitamin-kids-can-look-up-to-1990/ HTTP/1.1" 200 18689 "-" "Mozilla/5.0 (compatible; AhrefsBot/7.0; +http://ahrefs.com/robot/)"
204.48.19.85 - - [03/Jul/2021:04:20:00 -0400] "POST /wp-cron.php?doing_wp_cron=1625300400.8007891178131103515625 HTTP/1.1" 200 6295 "https://ajhydell.com/wp-cron.php?doing_wp_cron=1625300400.8007891178131103515625" "WordPress/5.7.2; https://ajhydell.com"
114.119.132.183 - - [03/Jul/2021:04:20:00 -0400] "GET /2018/09/19 HTTP/1.1" 301 5717 "-" "Mozilla/5.0 (Linux; Android 7.0;) AppleWebKit/537.36 (KHTML, like Gecko) Mobile Safari/537.36 (compatible; PetalBot;+https://webmaster.petalsearch.com/site/petalbot)"
114.119.132.183 - - [03/Jul/2021:04:20:08 -0400] "GET /2018/09/19/ HTTP/1.1" 200 12682 "-" "Mozilla/5.0 (Linux; Android 7.0;) AppleWebKit/537.36 (KHTML, like Gecko) Mobile Safari/537.36 (compatible; PetalBot;+https://webmaster.petalsearch.com/site/petalbot)"
207.46.13.8 - - [03/Jul/2021:04:20:20 -0400] "GET /robots.txt HTTP/1.1" 200 6074 "-" "Mozilla/5.0 (compatible; bingbot/2.0; +http://www.bing.com/bingbot.htm)"
157.55.39.57 - - [03/Jul/2021:04:20:30 -0400] "GET /2019/10/27/lieutenant-colonel-john-mccrae-author-of-the-famous-poem-in-flanders-fields-with-his-dog-bonneau-c-1914-1918-1280x720/ HTTP/1.1" 200 18622 "-" "Mozilla/5.0 (compatible; bingbot/2.0; +http://www.bing.com/bingbot.htm)"
35.203.161.141 - - [03/Jul/2021:04:20:30 -0400] "GET /wp-login.php HTTP/1.1" 200 8605 "-" "Mozilla/5.0 (X11; Ubuntu; Linux x86_64; rv:62.0) Gecko/20100101 Firefox/62.0"
35.203.161.141 - - [03/Jul/2021:04:20:31 -0400] "POST /wp-login.php HTTP/1.1" 200 8695 "-" "Mozilla/5.0 (X11; Ubuntu; Linux x86_64; rv:62.0) Gecko/20100101 Firefox/62.0"
35.203.161.141 - - [03/Jul/2021:04:20:32 -0400] "POST /xmlrpc.php HTTP/1.1" 503 24026 "-" "Mozilla/5.0 (X11; Ubuntu; Linux x86_64; rv:62.0) Gecko/20100101 Firefox/62.0"
204.48.19.85 - - [03/Jul/2021:04:21:32 -0400] "POST /wp-cron.php?doing_wp_cron=1625300492.2280399799346923828125 HTTP/1.1" 200 6295 "https://ajhydell.com/wp-cron.php?doing_wp_cron=1625300492.2280399799346923828125" "WordPress/5.7.2; https://ajhydell.com"
54.36.148.117 - - [03/Jul/2021:04:21:31 -0400] "GET /2020/11/15/three-dead-german-waffen-ss-troops-lay-on-the-ground-after-trying-to-stop-an-advance-of-an-american-armored-column-using-a-panzershreck-note-the-stg-44-to-the-right/ HTTP/1.1" 200 19125 "-" "Mozilla/5.0 (compatible; AhrefsBot/7.0; +http://ahrefs.com/robot/)"
66.249.66.132 - - [03/Jul/2021:04:21:33 -0400] "GET /feed/ HTTP/1.1" 200 8338 "-" "Mozilla/5.0 (compatible; Googlebot/2.1; +http://www.google.com/bot.html)"
204.48.19.85 - - [03/Jul/2021:04:21:49 -0400] "POST /wp-cron.php?doing_wp_cron=1625300509.7887508869171142578125 HTTP/1.1" 200 6295 "https://ajhydell.com/wp-cron.php?doing_wp_cron=1625300509.7887508869171142578125" "WordPress/5.7.2; https://ajhydell.com"
114.119.156.206 - - [03/Jul/2021:04:21:49 -0400] "GET /2021/02/06/an-ss-soldier-performs-a-practical-rifle-exercise-in-a-100-meter-dash-date-and-location-unkown HTTP/1.1" 301 5857 "-" "Mozilla/5.0 (Linux; Android 7.0;) AppleWebKit/537.36 (KHTML, like Gecko) Mobile Safari/537.36 (compatible; PetalBot;+https://webmaster.petalsearch.com/site/petalbot)"
114.119.156.206 - - [03/Jul/2021:04:21:50 -0400] "GET /2021/02/06/an-ss-soldier-performs-a-practical-rifle-exercise-in-a-100-meter-dash-date-and-location-unkown/ HTTP/1.1" 200 13073 "-" "Mozilla/5.0 (Linux; Android 7.0;) AppleWebKit/537.36 (KHTML, like Gecko) Mobile Safari/537.36 (compatible; PetalBot;+https://webmaster.petalsearch.com/site/petalbot)"
207.46.13.120 - - [03/Jul/2021:04:22:22 -0400] "GET /sitemap-misc.xml HTTP/1.1" 200 6411 "-" "Mozilla/5.0 (compatible; bingbot/2.0; +http://www.bing.com/bingbot.htm)"
204.48.19.85 - - [03/Jul/2021:04:23:24 -0400] "POST /wp-cron.php?doing_wp_cron=1625300604.5765490531921386718750 HTTP/1.1" 200 6295 "https://ajhydell.com/wp-cron.php?doing_wp_cron=1625300604.5765490531921386718750" "WordPress/5.7.2; https://ajhydell.com"
