23.100.232.233 - - [30/Jun/2021:06:53:21 -0400] "GET /wp-content/plugins/google-analytics-for-wordpress/assets/js/frontend-gtag.min.js?ver=7.17.0 HTTP/1.1" 200 3327 "https://ajhydell.com/2020/03/11/piles-of-dead-japanese-soldiers-in-attu-alaska-usa-during-the-last-ditch-attempt-with-a-banzai-charge-many-of-the-dead-included-hundreds-who-killed-themselves-after-giving-up-the-fight-completely/" "Mozilla/5.0 (compatible; MSIE 9.0; Windows NT 6.0; Trident/5.0;  Trident/5.0)"
23.100.232.233 - - [30/Jun/2021:06:53:21 -0400] "GET /wp-content/plugins/add-expires-headers/cache/0/com/processed-header-f16a8d323e83e1bc1b76514e283fb81b7090a959.min.css HTTP/1.1" 200 53042 "https://ajhydell.com/2020/03/11/piles-of-dead-japanese-soldiers-in-attu-alaska-usa-during-the-last-ditch-attempt-with-a-banzai-charge-many-of-the-dead-included-hundreds-who-killed-themselves-after-giving-up-the-fight-completely/" "Mozilla/5.0 (compatible; MSIE 9.0; Windows NT 6.0; Trident/5.0;  Trident/5.0)"
23.100.232.233 - - [30/Jun/2021:06:53:21 -0400] "GET /wp-includes/js/jquery/jquery.min.js?ver=3.5.1 HTTP/1.1" 200 31550 "https://ajhydell.com/2020/03/11/piles-of-dead-japanese-soldiers-in-attu-alaska-usa-during-the-last-ditch-attempt-with-a-banzai-charge-many-of-the-dead-included-hundreds-who-killed-themselves-after-giving-up-the-fight-completely/" "Mozilla/5.0 (compatible; MSIE 9.0; Windows NT 6.0; Trident/5.0;  Trident/5.0)"
23.100.232.233 - - [30/Jun/2021:06:53:21 -0400] "GET /wp-includes/js/jquery/jquery-migrate.min.js?ver=3.3.2 HTTP/1.1" 200 4687 "https://ajhydell.com/2020/03/11/piles-of-dead-japanese-soldiers-in-attu-alaska-usa-during-the-last-ditch-attempt-with-a-banzai-charge-many-of-the-dead-included-hundreds-who-killed-themselves-after-giving-up-the-fight-completely/" "Mozilla/5.0 (compatible; MSIE 9.0; Windows NT 6.0; Trident/5.0;  Trident/5.0)"
23.100.232.233 - - [30/Jun/2021:06:53:22 -0400] "GET /wp-content/plugins/wp-smushit/app/assets/js/smush-lazy-load.min.js?ver=3.8.7 HTTP/1.1" 200 4207 "https://ajhydell.com/2020/03/11/piles-of-dead-japanese-soldiers-in-attu-alaska-usa-during-the-last-ditch-attempt-with-a-banzai-charge-many-of-the-dead-included-hundreds-who-killed-themselves-after-giving-up-the-fight-completely/" "Mozilla/5.0 (compatible; MSIE 9.0; Windows NT 6.0; Trident/5.0;  Trident/5.0)"
23.100.232.233 - - [30/Jun/2021:06:53:22 -0400] "GET /wp-includes/js/wp-emoji-release.min.js?ver=5.7.2 HTTP/1.1" 200 5183 "https://ajhydell.com/2020/03/11/piles-of-dead-japanese-soldiers-in-attu-alaska-usa-during-the-last-ditch-attempt-with-a-banzai-charge-many-of-the-dead-included-hundreds-who-killed-themselves-after-giving-up-the-fight-completely/" "Mozilla/5.0 (compatible; MSIE 9.0; Windows NT 6.0; Trident/5.0;  Trident/5.0)"
23.100.232.233 - - [30/Jun/2021:06:53:22 -0400] "GET /wp-content/themes/royal-magazine/js/skip-link-focus-fix.js?ver=20151215 HTTP/1.1" 200 933 "https://ajhydell.com/2020/03/11/piles-of-dead-japanese-soldiers-in-attu-alaska-usa-during-the-last-ditch-attempt-with-a-banzai-charge-many-of-the-dead-included-hundreds-who-killed-themselves-after-giving-up-the-fight-completely/" "Mozilla/5.0 (compatible; MSIE 9.0; Windows NT 6.0; Trident/5.0;  Trident/5.0)"
23.100.232.233 - - [30/Jun/2021:06:53:22 -0400] "GET /wp-content/themes/royal-magazine/js/navigation.js?ver=20151215 HTTP/1.1" 200 1349 "https://ajhydell.com/2020/03/11/piles-of-dead-japanese-soldiers-in-attu-alaska-usa-during-the-last-ditch-attempt-with-a-banzai-charge-many-of-the-dead-included-hundreds-who-killed-themselves-after-giving-up-the-fight-completely/" "Mozilla/5.0 (compatible; MSIE 9.0; Windows NT 6.0; Trident/5.0;  Trident/5.0)"
23.100.232.233 - - [30/Jun/2021:06:53:22 -0400] "GET /wp-content/themes/royal-magazine/assets/libraries/bootstrap/js/bootstrap.min.js?ver=5.7.2 HTTP/1.1" 200 10404 "https://ajhydell.com/2020/03/11/piles-of-dead-japanese-soldiers-in-attu-alaska-usa-during-the-last-ditch-attempt-with-a-banzai-charge-many-of-the-dead-included-hundreds-who-killed-themselves-after-giving-up-the-fight-completely/" "Mozilla/5.0 (compatible; MSIE 9.0; Windows NT 6.0; Trident/5.0;  Trident/5.0)"
23.100.232.233 - - [30/Jun/2021:06:53:22 -0400] "GET /wp-content/themes/royal-magazine/assets/libraries/marquee/jquery.marquee.js?ver=5.7.2 HTTP/1.1" 200 5103 "https://ajhydell.com/2020/03/11/piles-of-dead-japanese-soldiers-in-attu-alaska-usa-during-the-last-ditch-attempt-with-a-banzai-charge-many-of-the-dead-included-hundreds-who-killed-themselves-after-giving-up-the-fight-completely/" "Mozilla/5.0 (compatible; MSIE 9.0; Windows NT 6.0; Trident/5.0;  Trident/5.0)"
23.100.232.233 - - [30/Jun/2021:06:53:22 -0400] "GET /wp-content/themes/royal-magazine/assets/twp/js/custom-script.js?ver=5.7.2 HTTP/1.1" 200 3023 "https://ajhydell.com/2020/03/11/piles-of-dead-japanese-soldiers-in-attu-alaska-usa-during-the-last-ditch-attempt-with-a-banzai-charge-many-of-the-dead-included-hundreds-who-killed-themselves-after-giving-up-the-fight-completely/" "Mozilla/5.0 (compatible; MSIE 9.0; Windows NT 6.0; Trident/5.0;  Trident/5.0)"
23.100.232.233 - - [30/Jun/2021:06:53:22 -0400] "GET /wp-content/themes/royal-magazine/assets/libraries/magnific-popup/jquery.magnific-popup.min.js?ver=5.7.2 HTTP/1.1" 200 7871 "https://ajhydell.com/2020/03/11/piles-of-dead-japanese-soldiers-in-attu-alaska-usa-during-the-last-ditch-attempt-with-a-banzai-charge-many-of-the-dead-included-hundreds-who-killed-themselves-after-giving-up-the-fight-completely/" "Mozilla/5.0 (compatible; MSIE 9.0; Windows NT 6.0; Trident/5.0;  Trident/5.0)"
23.100.232.233 - - [30/Jun/2021:06:53:22 -0400] "GET /wp-content/plugins/facebook-pagelike-widget/fb.js?ver=1.0 HTTP/1.1" 200 821 "https://ajhydell.com/2020/03/11/piles-of-dead-japanese-soldiers-in-attu-alaska-usa-during-the-last-ditch-attempt-with-a-banzai-charge-many-of-the-dead-included-hundreds-who-killed-themselves-after-giving-up-the-fight-completely/" "Mozilla/5.0 (compatible; MSIE 9.0; Windows NT 6.0; Trident/5.0;  Trident/5.0)"
23.100.232.233 - - [30/Jun/2021:06:53:22 -0400] "GET /wp-content/themes/royal-magazine/assets/libraries/slick/js/slick.min.js?ver=5.7.2 HTTP/1.1" 200 10740 "https://ajhydell.com/2020/03/11/piles-of-dead-japanese-soldiers-in-attu-alaska-usa-during-the-last-ditch-attempt-with-a-banzai-charge-many-of-the-dead-included-hundreds-who-killed-themselves-after-giving-up-the-fight-completely/" "Mozilla/5.0 (compatible; MSIE 9.0; Windows NT 6.0; Trident/5.0;  Trident/5.0)"
23.100.232.233 - - [30/Jun/2021:06:53:22 -0400] "GET /wp-includes/js/wp-embed.min.js?ver=5.7.2 HTTP/1.1" 200 1221 "https://ajhydell.com/2020/03/11/piles-of-dead-japanese-soldiers-in-attu-alaska-usa-during-the-last-ditch-attempt-with-a-banzai-charge-many-of-the-dead-included-hundreds-who-killed-themselves-after-giving-up-the-fight-completely/" "Mozilla/5.0 (compatible; MSIE 9.0; Windows NT 6.0; Trident/5.0;  Trident/5.0)"
23.100.232.233 - - [30/Jun/2021:06:53:22 -0400] "GET /wp-content/themes/royal-magazine/assets/libraries/theiaStickySidebar/theia-sticky-sidebar.min.js?ver=5.7.2 HTTP/1.1" 200 2271 "https://ajhydell.com/2020/03/11/piles-of-dead-japanese-soldiers-in-attu-alaska-usa-during-the-last-ditch-attempt-with-a-banzai-charge-many-of-the-dead-included-hundreds-who-killed-themselves-after-giving-up-the-fight-completely/" "Mozilla/5.0 (compatible; MSIE 9.0; Windows NT 6.0; Trident/5.0;  Trident/5.0)"
73.187.207.20 - - [30/Jun/2021:06:54:58 -0400] "-" 408 5207 "-" "-"
66.249.70.110 - - [30/Jun/2021:06:55:15 -0400] "GET /wp-content/uploads/2021/06/picture-125.jpg HTTP/1.1" 200 50147 "-" "Googlebot-Image/1.0"
157.55.39.136 - - [30/Jun/2021:06:56:59 -0400] "GET /wp-content/uploads/2018/12/picture-37.jpg HTTP/1.1" 200 2859286 "-" "Mozilla/5.0 (compatible; bingbot/2.0; +http://www.bing.com/bingbot.htm)"
204.48.19.85 - - [30/Jun/2021:06:57:20 -0400] "POST /wp-cron.php?doing_wp_cron=1625050640.1251718997955322265625 HTTP/1.1" 200 5463 "https://ajhydell.com/wp-cron.php?doing_wp_cron=1625050640.1251718997955322265625" "WordPress/5.7.2; https://ajhydell.com"
185.191.171.21 - - [30/Jun/2021:06:57:19 -0400] "GET /2019/10/23/ HTTP/1.1" 200 17462 "-" "Mozilla/5.0 (compatible; SemrushBot/7~bl; +http://www.semrush.com/bot.html)"
185.191.171.4 - - [30/Jun/2021:06:57:41 -0400] "GET /2019/02/27/maria-of-romania-the-future-queen-of-yugoslavia-1910s-560x990/ HTTP/1.1" 200 18075 "-" "Mozilla/5.0 (compatible; SemrushBot/7~bl; +http://www.semrush.com/bot.html)"
51.104.180.53 - - [30/Jun/2021:07:03:29 -0400] "GET /wp-content/uploads/2020/07/picture-100.jpg HTTP/1.1" 200 496557 "-" "DuckDuckBot/1.1; (+http://duckduckgo.com/duckduckbot.html)"
204.48.19.85 - - [30/Jun/2021:07:03:39 -0400] "POST /wp-cron.php?doing_wp_cron=1625051019.4321329593658447265625 HTTP/1.1" 200 232 "http://ajhydell.com/wp-cron.php?doing_wp_cron=1625051019.4321329593658447265625" "WordPress/5.7.2; https://ajhydell.com"
185.142.159.194 - - [30/Jun/2021:07:03:39 -0400] "GET /seter.php HTTP/1.1" 301 323 "http://simplesite.com" "Mozilla/5.0 (Windows; U; Windows NT 5.1; en-US) AppleWebKit/533.4 (KHTML, like Gecko) Chrome/5.0.375.99 Safari/533.4"
204.48.19.85 - - [30/Jun/2021:07:04:02 -0400] "POST /wp-cron.php?doing_wp_cron=1625051042.8001289367675781250000 HTTP/1.1" 200 5463 "https://ajhydell.com/wp-cron.php?doing_wp_cron=1625051042.8001289367675781250000" "WordPress/5.7.2; https://ajhydell.com"
185.191.171.23 - - [30/Jun/2021:07:04:02 -0400] "GET /2020/06/14/wwii-a-formation-of-boeing-b-29-superfortresses-of-the-73rd-bomb-wing-fly-over-mt-fuji-japan-in-1945-1600-x-1089/ HTTP/1.1" 200 18103 "-" "Mozilla/5.0 (compatible; SemrushBot/7~bl; +http://www.semrush.com/bot.html)"
54.36.149.36 - - [30/Jun/2021:07:04:17 -0400] "GET /2020/02/05/a-sherman-forcing-its-way-through-the-volturno-river-italy-october-1943/ HTTP/1.1" 200 17984 "-" "Mozilla/5.0 (compatible; AhrefsBot/7.0; +http://ahrefs.com/robot/)"
78.69.173.245 - - [30/Jun/2021:07:04:46 -0400] "GET /wp-content/uploads/2019/03/picture-57-1024x1024.jpg HTTP/1.1" 200 79902 "-" "Mozilla/5.0 (Windows NT 10.0; Win64; x64) AppleWebKit/537.36 (KHTML, like Gecko) Chrome/71.0.3578.98 Safari/537.36"
66.249.70.110 - - [30/Jun/2021:07:05:15 -0400] "GET /wp-content/uploads/2020/06/picture-30.jpg HTTP/1.1" 200 130605 "-" "Googlebot-Image/1.0"
157.55.39.136 - - [30/Jun/2021:07:05:42 -0400] "GET /wp-content/uploads/2020/02/picture-15.jpg HTTP/1.1" 200 412640 "-" "Mozilla/5.0 (compatible; bingbot/2.0; +http://www.bing.com/bingbot.htm)"
204.48.19.85 - - [30/Jun/2021:07:08:15 -0400] "POST /wp-cron.php?doing_wp_cron=1625051295.8401460647583007812500 HTTP/1.1" 200 5463 "https://ajhydell.com/wp-cron.php?doing_wp_cron=1625051295.8401460647583007812500" "WordPress/5.7.2; https://ajhydell.com"
185.191.171.1 - - [30/Jun/2021:07:08:15 -0400] "GET /2019/11/06/homosexuals-are-different-1960-69/ HTTP/1.1" 200 17852 "-" "Mozilla/5.0 (compatible; SemrushBot/7~bl; +http://www.semrush.com/bot.html)"
185.191.171.43 - - [30/Jun/2021:07:08:33 -0400] "GET /2019/08/24/ HTTP/1.1" 200 17353 "-" "Mozilla/5.0 (compatible; SemrushBot/7~bl; +http://www.semrush.com/bot.html)"
157.55.39.134 - - [30/Jun/2021:07:10:08 -0400] "GET /wp-content/uploads/2018/09/picture-69.jpg HTTP/1.1" 200 85059 "-" "Mozilla/5.0 (compatible; bingbot/2.0; +http://www.bing.com/bingbot.htm)"
204.48.19.85 - - [30/Jun/2021:07:10:27 -0400] "POST /wp-cron.php?doing_wp_cron=1625051427.2712349891662597656250 HTTP/1.1" 200 5463 "https://ajhydell.com/wp-cron.php?doing_wp_cron=1625051427.2712349891662597656250" "WordPress/5.7.2; https://ajhydell.com"
185.191.171.40 - - [30/Jun/2021:07:10:27 -0400] "GET /2018/09/19/emmett-tills-killers-jw-milam-and-roy-bryant-smiling-after-being-acquitted-of-the-brutal-murder-in-1955-3200-x-1680/ HTTP/1.1" 200 18111 "-" "Mozilla/5.0 (compatible; SemrushBot/7~bl; +http://www.semrush.com/bot.html)"
207.46.13.22 - - [30/Jun/2021:07:10:32 -0400] "GET /wp-content/uploads/2020/08/picture-113.jpg HTTP/1.1" 200 258698 "-" "Mozilla/5.0 (compatible; bingbot/2.0; +http://www.bing.com/bingbot.htm)"
204.48.19.85 - - [30/Jun/2021:07:10:55 -0400] "POST /wp-cron.php?doing_wp_cron=1625051455.0430541038513183593750 HTTP/1.1" 200 5463 "https://ajhydell.com/wp-cron.php?doing_wp_cron=1625051455.0430541038513183593750" "WordPress/5.7.2; https://ajhydell.com"
62.210.215.117 - - [30/Jun/2021:07:10:54 -0400] "GET /rss HTTP/1.1" 301 5593 "-" "Mozilla/5.0 (X11; Linux i686) AppleWebKit/537.36 (KHTML, like Gecko) Chrome/30.0.1599.66 Safari/537.36"
62.210.215.117 - - [30/Jun/2021:07:10:55 -0400] "GET /feed/ HTTP/1.1" 200 7800 "-" "Mozilla/5.0 (X11; Linux i686) AppleWebKit/537.36 (KHTML, like Gecko) Chrome/30.0.1599.66 Safari/537.36"
42.113.150.241 - - [30/Jun/2021:07:15:01 -0400] "-" 408 4765 "-" "-"
66.249.70.110 - - [30/Jun/2021:07:15:15 -0400] "GET /wp-content/uploads/2021/06/picture-144.jpg HTTP/1.1" 200 408513 "-" "Googlebot-Image/1.0"
204.48.19.85 - - [30/Jun/2021:07:16:03 -0400] "POST /wp-cron.php?doing_wp_cron=1625051763.1035020351409912109375 HTTP/1.1" 200 5463 "https://ajhydell.com/wp-cron.php?doing_wp_cron=1625051763.1035020351409912109375" "WordPress/5.7.2; https://ajhydell.com"
54.36.149.28 - - [30/Jun/2021:07:16:02 -0400] "GET /2020/03/07/ HTTP/1.1" 200 17571 "-" "Mozilla/5.0 (compatible; AhrefsBot/7.0; +http://ahrefs.com/robot/)"
204.48.19.85 - - [30/Jun/2021:07:17:29 -0400] "POST /wp-cron.php?doing_wp_cron=1625051849.1270730495452880859375 HTTP/1.1" 200 5463 "https://ajhydell.com/wp-cron.php?doing_wp_cron=1625051849.1270730495452880859375" "WordPress/5.7.2; https://ajhydell.com"
207.46.13.96 - - [30/Jun/2021:07:17:28 -0400] "GET /2021/03/22/june-1988-up-to-the-minute-fingerwear/ HTTP/1.1" 200 17604 "-" "Mozilla/5.0 (compatible; bingbot/2.0; +http://www.bing.com/bingbot.htm)"
46.28.2.61 - - [30/Jun/2021:07:17:32 -0400] "GET /wpa.php HTTP/1.1" 301 321 "http://simplesite.com" "Mozilla/5.0 (Windows; U; Windows NT 5.1; en-US) AppleWebKit/533.4 (KHTML, like Gecko) Chrome/5.0.375.99 Safari/533.4"
46.28.2.61 - - [30/Jun/2021:07:17:33 -0400] "GET /wpa.php HTTP/1.1" 404 63419 "http://ajhydell.com/wpa.php" "Mozilla/5.0 (Windows; U; Windows NT 5.1; en-US) AppleWebKit/533.4 (KHTML, like Gecko) Chrome/5.0.375.99 Safari/533.4"
204.48.19.85 - - [30/Jun/2021:07:17:46 -0400] "POST /wp-cron.php?doing_wp_cron=1625051866.8648591041564941406250 HTTP/1.1" 200 5463 "https://ajhydell.com/wp-cron.php?doing_wp_cron=1625051866.8648591041564941406250" "WordPress/5.7.2; https://ajhydell.com"
185.191.171.41 - - [30/Jun/2021:07:17:46 -0400] "GET /robots.txt HTTP/1.1" 200 5648 "-" "Mozilla/5.0 (compatible; SemrushBot/7~bl; +http://www.semrush.com/bot.html)"
185.191.171.39 - - [30/Jun/2021:07:17:47 -0400] "GET /2019/08/14/ HTTP/1.1" 200 17244 "-" "Mozilla/5.0 (compatible; SemrushBot/7~bl; +http://www.semrush.com/bot.html)"
157.55.39.22 - - [30/Jun/2021:07:21:48 -0400] "GET /wp-content/uploads/2020/09/picture-101.jpg HTTP/1.1" 200 72559 "-" "Mozilla/5.0 (compatible; bingbot/2.0; +http://www.bing.com/bingbot.htm)"
40.77.167.20 - - [30/Jun/2021:07:23:26 -0400] "GET /wp-content/uploads/2019/05/picture-41.jpg HTTP/1.1" 200 1255932 "-" "Mozilla/5.0 (compatible; bingbot/2.0; +http://www.bing.com/bingbot.htm)"
207.46.13.96 - - [30/Jun/2021:07:23:39 -0400] "GET /wp-content/uploads/2021/03/picture-25-1536x1024.jpg HTTP/1.1" 200 2389137 "-" "Mozilla/5.0 (compatible; bingbot/2.0; +http://www.bing.com/bingbot.htm)"
207.46.13.120 - - [30/Jun/2021:07:24:20 -0400] "GET /wp-content/uploads/2019/11/picture-51.jpg HTTP/1.1" 200 82482 "-" "Mozilla/5.0 (compatible; bingbot/2.0; +http://www.bing.com/bingbot.htm)"
204.48.19.85 - - [30/Jun/2021:07:24:43 -0400] "POST /wp-cron.php?doing_wp_cron=1625052283.0966660976409912109375 HTTP/1.1" 200 232 "http://ajhydell.com/wp-cron.php?doing_wp_cron=1625052283.0966660976409912109375" "WordPress/5.7.2; https://ajhydell.com"
13.90.153.101 - - [30/Jun/2021:07:24:42 -0400] "GET /.env HTTP/1.1" 301 374 "-" "Mozilla/5.0 (X11; Linux x86_64) AppleWebKit/537.36 (KHTML, like Gecko) Chrome/81.0.4044.129 Safari/537.36"
13.90.153.101 - - [30/Jun/2021:07:24:43 -0400] "GET /.env HTTP/1.1" 301 378 "-" "Mozilla/5.0 (X11; Linux x86_64) AppleWebKit/537.36 (KHTML, like Gecko) Chrome/81.0.4044.129 Safari/537.36"
204.48.19.85 - - [30/Jun/2021:07:24:49 -0400] "POST /wp-cron.php?doing_wp_cron=1625052289.1560180187225341796875 HTTP/1.1" 200 232 "http://ajhydell.com/wp-cron.php?doing_wp_cron=1625052289.1560180187225341796875" "WordPress/5.7.2; https://ajhydell.com"
13.90.153.101 - - [30/Jun/2021:07:24:48 -0400] "POST / HTTP/1.1" 301 343 "-" "Mozilla/5.0 (X11; Linux x86_64) AppleWebKit/537.36 (KHTML, like Gecko) Chrome/81.0.4044.129 Safari/537.36"
13.90.153.101 - - [30/Jun/2021:07:24:51 -0400] "POST / HTTP/1.1" 301 347 "-" "Mozilla/5.0 (X11; Linux x86_64) AppleWebKit/537.36 (KHTML, like Gecko) Chrome/81.0.4044.129 Safari/537.36"
185.191.171.13 - - [30/Jun/2021:07:25:12 -0400] "GET /2019/08/15/ HTTP/1.1" 200 17285 "-" "Mozilla/5.0 (compatible; SemrushBot/7~bl; +http://www.semrush.com/bot.html)"
204.48.19.85 - - [30/Jun/2021:07:28:00 -0400] "POST /wp-cron.php?doing_wp_cron=1625052480.1484119892120361328125 HTTP/1.1" 200 5463 "https://ajhydell.com/wp-cron.php?doing_wp_cron=1625052480.1484119892120361328125" "WordPress/5.7.2; https://ajhydell.com"
54.36.148.151 - - [30/Jun/2021:07:27:59 -0400] "GET /2019/07/19/under-the-red-duster-they-sustain-our-island-fortress-1939/ HTTP/1.1" 200 18116 "-" "Mozilla/5.0 (compatible; AhrefsBot/7.0; +http://ahrefs.com/robot/)"
157.55.39.136 - - [30/Jun/2021:07:28:02 -0400] "GET /wp-content/uploads/2020/09/picture-94.jpg HTTP/1.1" 200 185538 "-" "Mozilla/5.0 (compatible; bingbot/2.0; +http://www.bing.com/bingbot.htm)"
204.48.19.85 - - [30/Jun/2021:07:29:14 -0400] "POST /wp-cron.php?doing_wp_cron=1625052554.6541481018066406250000 HTTP/1.1" 200 5463 "https://ajhydell.com/wp-cron.php?doing_wp_cron=1625052554.6541481018066406250000" "WordPress/5.7.2; https://ajhydell.com"
207.46.13.120 - - [30/Jun/2021:07:29:14 -0400] "GET /2021/06/23/a-photograph-from-operation-frantic-american-planes-would-fly-from-the-uk-italy-bomb-germany-land-in-ukraine-to-re-equip-then-bomb-germany-again-on-the-return-flight HTTP/1.1" 301 5326 "-" "Mozilla/5.0 (compatible; bingbot/2.0; +http://www.bing.com/bingbot.htm)"
207.46.13.120 - - [30/Jun/2021:07:29:16 -0400] "GET /2021/06/23/a-photograph-from-operation-frantic-american-planes-would-fly-from-the-uk-italy-bomb-germany-land-in-ukraine-to-re-equip-then-bomb-germany-again-on-the-return-flight/ HTTP/1.1" 200 18039 "-" "Mozilla/5.0 (compatible; bingbot/2.0; +http://www.bing.com/bingbot.htm)"
66.249.70.112 - - [30/Jun/2021:07:31:55 -0400] "GET /robots.txt HTTP/1.1" 200 5685 "-" "Mozilla/5.0 (compatible; Googlebot/2.1; +http://www.google.com/bot.html)"
204.48.19.85 - - [30/Jun/2021:07:31:55 -0400] "POST /wp-cron.php?doing_wp_cron=1625052715.7953379154205322265625 HTTP/1.1" 200 5463 "https://ajhydell.com/wp-cron.php?doing_wp_cron=1625052715.7953379154205322265625" "WordPress/5.7.2; https://ajhydell.com"
66.249.70.112 - - [30/Jun/2021:07:31:55 -0400] "GET /feed/ HTTP/1.1" 200 7539 "-" "Mozilla/5.0 (compatible; Googlebot/2.1; +http://www.google.com/bot.html)"
66.249.70.110 - - [30/Jun/2021:07:32:13 -0400] "GET /wp-content/uploads/2021/06/picture-119.jpg HTTP/1.1" 200 75159 "-" "Googlebot-Image/1.0"
204.48.19.85 - - [30/Jun/2021:07:35:06 -0400] "POST /wp-cron.php?doing_wp_cron=1625052905.9918520450592041015625 HTTP/1.1" 200 5463 "https://ajhydell.com/wp-cron.php?doing_wp_cron=1625052905.9918520450592041015625" "WordPress/5.7.2; https://ajhydell.com"
185.191.171.1 - - [30/Jun/2021:07:35:05 -0400] "GET /2019/05/03/ HTTP/1.1" 200 17239 "-" "Mozilla/5.0 (compatible; SemrushBot/7~bl; +http://www.semrush.com/bot.html)"
207.46.13.22 - - [30/Jun/2021:07:35:44 -0400] "GET /wp-content/uploads/2020/11/picture-141-1297x1536.jpg HTTP/1.1" 200 2701597 "-" "Mozilla/5.0 (compatible; bingbot/2.0; +http://www.bing.com/bingbot.htm)"
207.46.13.120 - - [30/Jun/2021:07:36:32 -0400] "GET /wp-content/uploads/2019/07/picture-13.jpg HTTP/1.1" 200 774386 "-" "Mozilla/5.0 (compatible; bingbot/2.0; +http://www.bing.com/bingbot.htm)"
204.48.19.85 - - [30/Jun/2021:07:40:23 -0400] "POST /wp-cron.php?doing_wp_cron=1625053223.2357699871063232421875 HTTP/1.1" 200 5463 "https://ajhydell.com/wp-cron.php?doing_wp_cron=1625053223.2357699871063232421875" "WordPress/5.7.2; https://ajhydell.com"
207.46.13.96 - - [30/Jun/2021:07:40:23 -0400] "GET /2018/09/27/workmen-remove-a-ferrari-dino-246-gts-that-was-found-buried-in-the-yard-of-a-home-in-la-feb-1978-the-car-has-been-reported-stolen-in-1974-615x695/ HTTP/1.1" 200 17718 "-" "Mozilla/5.0 (compatible; bingbot/2.0; +http://www.bing.com/bingbot.htm)"
185.191.171.43 - - [30/Jun/2021:07:40:31 -0400] "GET /2020/12/21/ HTTP/1.1" 200 18033 "-" "Mozilla/5.0 (compatible; SemrushBot/7~bl; +http://www.semrush.com/bot.html)"
54.36.148.63 - - [30/Jun/2021:07:40:38 -0400] "GET /2020/01/26/an-american-airlines-dc-3-plane-flying-past-a-stagecoach-1949-1200x827/ HTTP/1.1" 200 17957 "-" "Mozilla/5.0 (compatible; AhrefsBot/7.0; +http://ahrefs.com/robot/)"
204.48.19.85 - - [30/Jun/2021:07:40:49 -0400] "POST /wp-cron.php?doing_wp_cron=1625053249.7194690704345703125000 HTTP/1.1" 200 5463 "https://ajhydell.com/wp-cron.php?doing_wp_cron=1625053249.7194690704345703125000" "WordPress/5.7.2; https://ajhydell.com"
157.55.39.57 - - [30/Jun/2021:07:40:49 -0400] "GET /2018/12/14/125th-street-at-night-april-1942-follow-for-more-colorized-photos-from-history/ HTTP/1.1" 200 17716 "-" "Mozilla/5.0 (compatible; bingbot/2.0; +http://www.bing.com/bingbot.htm)"
157.55.39.134 - - [30/Jun/2021:07:41:11 -0400] "GET /wp-content/uploads/2018/12/picture-23.jpg HTTP/1.1" 200 2518963 "-" "Mozilla/5.0 (compatible; bingbot/2.0; +http://www.bing.com/bingbot.htm)"
204.48.19.85 - - [30/Jun/2021:07:44:32 -0400] "POST /wp-cron.php?doing_wp_cron=1625053472.0411150455474853515625 HTTP/1.1" 200 5463 "https://ajhydell.com/wp-cron.php?doing_wp_cron=1625053472.0411150455474853515625" "WordPress/5.7.2; https://ajhydell.com"
185.191.171.36 - - [30/Jun/2021:07:44:31 -0400] "GET /2021/02/26/maybelline-kissing-potion-zodiac-signs-1979/ HTTP/1.1" 200 18022 "-" "Mozilla/5.0 (compatible; SemrushBot/7~bl; +http://www.semrush.com/bot.html)"
204.48.19.85 - - [30/Jun/2021:07:44:59 -0400] "POST /wp-cron.php?doing_wp_cron=1625053499.0117440223693847656250 HTTP/1.1" 200 5463 "https://ajhydell.com/wp-cron.php?doing_wp_cron=1625053499.0117440223693847656250" "WordPress/5.7.2; https://ajhydell.com"
45.33.103.57 - - [30/Jun/2021:07:44:58 -0400] "GET /owa/ HTTP/1.1" 404 62840 "-" "Mozilla/5.0 (Windows NT 10.0; Win64; x64) AppleWebKit/537.36 (KHTML, like Gecko) Chrome/60.0.3112.113 Safari/537.36"
157.55.39.134 - - [30/Jun/2021:07:46:01 -0400] "GET /wp-content/uploads/2018/08/picture-75.jpg HTTP/1.1" 200 1048556 "-" "Mozilla/5.0 (compatible; bingbot/2.0; +http://www.bing.com/bingbot.htm)"
157.55.39.57 - - [30/Jun/2021:07:46:22 -0400] "GET /wp-content/uploads/2020/10/picture-22.jpg HTTP/1.1" 200 133479 "-" "Mozilla/5.0 (compatible; bingbot/2.0; +http://www.bing.com/bingbot.htm)"
157.55.39.134 - - [30/Jun/2021:07:47:31 -0400] "GET /wp-content/uploads/2019/09/picture-66-1024x674.jpg HTTP/1.1" 200 94186 "-" "Mozilla/5.0 (compatible; bingbot/2.0; +http://www.bing.com/bingbot.htm)"
204.48.19.85 - - [30/Jun/2021:07:48:07 -0400] "POST /wp-cron.php?doing_wp_cron=1625053687.4232640266418457031250 HTTP/1.1" 200 5463 "https://ajhydell.com/wp-cron.php?doing_wp_cron=1625053687.4232640266418457031250" "WordPress/5.7.2; https://ajhydell.com"
207.46.13.22 - - [30/Jun/2021:07:48:07 -0400] "GET /2021/02/27/a-french-commando-takes-a-german-heer-infantryman-prisoner-whos-hiding-in-a-ditch-behind-a-shot-up-citroen-traction-11cv-after-a-firefight-in-belfort-france-20th-november-1944/ HTTP/1.1" 200 17885 "-" "Mozilla/5.0 (compatible; bingbot/2.0; +http://www.bing.com/bingbot.htm)"
98.216.10.103 - - [30/Jun/2021:07:48:48 -0400] "GET /wp-content/uploads/2020/11/picture-111.jpg HTTP/1.1" 200 1943758 "https://www.bing.com/" "Mozilla/5.0 (Windows NT 10.0; Win64; x64) AppleWebKit/537.36 (KHTML, like Gecko) Chrome/91.0.4472.114 Safari/537.36 Edg/91.0.864.59"
157.55.39.102 - - [30/Jun/2021:07:50:20 -0400] "GET /wp-content/uploads/2020/01/picture-15-1536x1182.jpg HTTP/1.1" 200 2170937 "-" "Mozilla/5.0 (compatible; bingbot/2.0; +http://www.bing.com/bingbot.htm)"
204.48.19.85 - - [30/Jun/2021:07:51:06 -0400] "POST /wp-cron.php?doing_wp_cron=1625053866.8504419326782226562500 HTTP/1.1" 200 5463 "https://ajhydell.com/wp-cron.php?doing_wp_cron=1625053866.8504419326782226562500" "WordPress/5.7.2; https://ajhydell.com"
163.172.51.184 - - [30/Jun/2021:07:51:06 -0400] "GET /2018/11/20/nazi-propaganda-minister-joseph-goebbels-glaring-at-a-jewish-photographer-at-a-league-of-nations-meeting-1933-682-x-1000/ HTTP/1.1" 200 17954 "https://ajhydell.com/" "Mozilla/5.0 (Windows NT 6.1; Win64; x64) AppleWebKit/537.36 (KHTML, like Gecko) Chrome/66.0.3359.170 Safari/537.36"
185.122.170.167 - - [30/Jun/2021:07:51:07 -0400] "POST /xmlrpc.php HTTP/1.0" 200 5239 "https://ajhydell.com/" "PHP/5.3.08"
185.191.171.15 - - [30/Jun/2021:07:51:23 -0400] "GET /2020/02/27/ HTTP/1.1" 200 17329 "-" "Mozilla/5.0 (compatible; SemrushBot/7~bl; +http://www.semrush.com/bot.html)"
157.55.39.57 - - [30/Jun/2021:07:52:03 -0400] "GET /wp-content/uploads/2020/08/picture-110.jpg HTTP/1.1" 200 167843 "-" "Mozilla/5.0 (compatible; bingbot/2.0; +http://www.bing.com/bingbot.htm)"
66.249.70.114 - - [30/Jun/2021:07:52:13 -0400] "GET /wp-content/uploads/2021/06/picture-137.jpg HTTP/1.1" 200 64418 "-" "Googlebot-Image/1.0"
204.48.19.85 - - [30/Jun/2021:07:52:29 -0400] "POST /wp-cron.php?doing_wp_cron=1625053949.4250459671020507812500 HTTP/1.1" 200 5463 "https://ajhydell.com/wp-cron.php?doing_wp_cron=1625053949.4250459671020507812500" "WordPress/5.7.2; https://ajhydell.com"
54.36.149.36 - - [30/Jun/2021:07:52:29 -0400] "GET /2020/06/25/colorized-photo-of-african-american-soldiers-452nd-anti-aircraft-artillery-battalion-with-an-m1-40mm-bofors-anti-aircraft-gun-by-the-marne-rhin-canal-north-eastern-france-november-9-1944/ HTTP/1.1" 200 18251 "-" "Mozilla/5.0 (compatible; AhrefsBot/7.0; +http://ahrefs.com/robot/)"
157.55.39.57 - - [30/Jun/2021:07:53:22 -0400] "GET /wp-content/uploads/2019/02/picture-74.jpg HTTP/1.1" 200 2234823 "-" "Mozilla/5.0 (compatible; bingbot/2.0; +http://www.bing.com/bingbot.htm)"
204.48.19.85 - - [30/Jun/2021:07:54:51 -0400] "POST /wp-cron.php?doing_wp_cron=1625054091.3100960254669189453125 HTTP/1.1" 200 5463 "https://ajhydell.com/wp-cron.php?doing_wp_cron=1625054091.3100960254669189453125" "WordPress/5.7.2; https://ajhydell.com"
185.191.171.9 - - [30/Jun/2021:07:54:51 -0400] "GET /2019/09/04/mark-twain-1883/ HTTP/1.1" 200 17807 "-" "Mozilla/5.0 (compatible; SemrushBot/7~bl; +http://www.semrush.com/bot.html)"
34.250.29.67 - - [30/Jun/2021:07:55:36 -0400] "GET /feed/ HTTP/1.1" 200 7483 "-" "Krzana bot"
204.48.19.85 - - [30/Jun/2021:07:56:19 -0400] "POST /wp-cron.php?doing_wp_cron=1625054179.6883759498596191406250 HTTP/1.1" 200 5463 "https://ajhydell.com/wp-cron.php?doing_wp_cron=1625054179.6883759498596191406250" "WordPress/5.7.2; https://ajhydell.com"
3.237.80.69 - - [30/Jun/2021:07:56:19 -0400] "HEAD / HTTP/1.1" 200 4883 "-" "scalaj-http/2.4.2"
3.237.80.69 - - [30/Jun/2021:07:56:20 -0400] "GET / HTTP/1.1" 200 18982 "-" "Buck/2.2; (+https://app.hypefactors.com/media-monitoring/about.html)"
3.237.80.69 - - [30/Jun/2021:07:56:21 -0400] "GET /robots.txt HTTP/1.1" 200 5069 "-" "Buck/2.2; (+https://app.hypefactors.com/media-monitoring/about.html)"
204.48.19.85 - - [30/Jun/2021:07:57:05 -0400] "POST /wp-cron.php?doing_wp_cron=1625054225.9422199726104736328125 HTTP/1.1" 200 5463 "https://ajhydell.com/wp-cron.php?doing_wp_cron=1625054225.9422199726104736328125" "WordPress/5.7.2; https://ajhydell.com"
3.237.80.69 - - [30/Jun/2021:07:57:05 -0400] "GET /feed/ HTTP/1.1" 200 7235 "-" "Buck/2.2; (+https://app.hypefactors.com/media-monitoring/about.html)"
3.237.80.69 - - [30/Jun/2021:07:57:06 -0400] "GET /sitemap_index.xml HTTP/1.1" 200 5382 "-" "Buck/2.2; (+https://app.hypefactors.com/media-monitoring/about.html)"
3.237.80.69 - - [30/Jun/2021:07:57:07 -0400] "GET /sitemap.xml HTTP/1.1" 200 5747 "-" "Buck/2.2; (+https://app.hypefactors.com/media-monitoring/about.html)"
3.237.80.69 - - [30/Jun/2021:07:57:07 -0400] "GET /sitemap-pt-post-2021-06.xml HTTP/1.1" 200 12631 "-" "Buck/2.2; (+https://app.hypefactors.com/media-monitoring/about.html)"
207.46.13.151 - - [30/Jun/2021:07:57:10 -0400] "GET /wp-content/uploads/2018/08/picture-114.jpg HTTP/1.1" 200 36058 "-" "Mozilla/5.0 (compatible; bingbot/2.0; +http://www.bing.com/bingbot.htm)"
204.48.19.85 - - [30/Jun/2021:07:57:47 -0400] "POST /wp-cron.php?doing_wp_cron=1625054267.8905920982360839843750 HTTP/1.1" 200 5463 "https://ajhydell.com/wp-cron.php?doing_wp_cron=1625054267.8905920982360839843750" "WordPress/5.7.2; https://ajhydell.com"
207.46.13.22 - - [30/Jun/2021:07:57:47 -0400] "GET / HTTP/1.1" 200 19106 "-" "Mozilla/5.0 (compatible; bingbot/2.0; +http://www.bing.com/bingbot.htm)"
204.48.19.85 - - [30/Jun/2021:07:59:22 -0400] "POST /wp-cron.php?doing_wp_cron=1625054362.1892459392547607421875 HTTP/1.1" 200 5463 "https://ajhydell.com/wp-cron.php?doing_wp_cron=1625054362.1892459392547607421875" "WordPress/5.7.2; https://ajhydell.com"
157.55.39.22 - - [30/Jun/2021:07:59:22 -0400] "GET /2021/03/30/british-railways-1979/ HTTP/1.1" 200 17563 "-" "Mozilla/5.0 (compatible; bingbot/2.0; +http://www.bing.com/bingbot.htm)"
204.48.19.85 - - [30/Jun/2021:08:00:09 -0400] "POST /wp-cron.php?doing_wp_cron=1625054409.7934470176696777343750 HTTP/1.1" 200 5463 "https://ajhydell.com/wp-cron.php?doing_wp_cron=1625054409.7934470176696777343750" "WordPress/5.7.2; https://ajhydell.com"
195.201.58.104 - - [30/Jun/2021:08:00:09 -0400] "GET /feed/ HTTP/1.1" 200 6933 "-" "AwarioRssBot/1.0 (+https://awario.com/bots.html; bots@awario.com)"
136.243.70.68 - - [30/Jun/2021:08:00:10 -0400] "GET /robots.txt HTTP/1.1" 301 353 "-" "-"
136.243.70.68 - - [30/Jun/2021:08:00:10 -0400] "GET /robots.txt HTTP/1.1" 200 5685 "-" "-"
136.243.70.68 - - [30/Jun/2021:08:00:11 -0400] "GET /2021/06/29/milk-for-summer-thirst-milk-for-warmth-u-s-wpa-posters-from-1940-1941/ HTTP/1.1" 200 17825 "-" "AwarioSmartBot/1.0 (+https://awario.com/bots.html; bots@awario.com)"
136.243.70.68 - - [30/Jun/2021:08:00:12 -0400] "GET /robots.txt HTTP/1.1" 301 352 "-" "-"
136.243.70.68 - - [30/Jun/2021:08:00:13 -0400] "GET /robots.txt HTTP/1.1" 200 522 "-" "-"
136.243.70.68 - - [30/Jun/2021:08:00:13 -0400] "GET /2021/06/29/nato-1980-by-kykryniksy/ HTTP/1.1" 200 12626 "-" "AwarioSmartBot/1.0 (+https://awario.com/bots.html; bots@awario.com)"
136.243.70.68 - - [30/Jun/2021:08:00:14 -0400] "GET /robots.txt HTTP/1.1" 301 352 "-" "-"
136.243.70.68 - - [30/Jun/2021:08:00:15 -0400] "GET /robots.txt HTTP/1.1" 200 522 "-" "-"
136.243.70.68 - - [30/Jun/2021:08:00:15 -0400] "GET /2021/06/29/frances-fault-germany-1940-illustrierter-beobachter-magazine-of-the-nsdap/ HTTP/1.1" 200 12679 "-" "AwarioSmartBot/1.0 (+https://awario.com/bots.html; bots@awario.com)"
204.48.19.85 - - [30/Jun/2021:08:00:16 -0400] "POST /xmlrpc.php HTTP/1.1" 200 6076 "-" "xmlrpclib.py/1.0.1 (by www.pythonware.com)"
136.243.70.68 - - [30/Jun/2021:08:00:16 -0400] "GET /robots.txt HTTP/1.1" 301 352 "-" "-"
136.243.70.68 - - [30/Jun/2021:08:00:17 -0400] "GET /robots.txt HTTP/1.1" 200 522 "-" "-"
136.243.70.68 - - [30/Jun/2021:08:00:17 -0400] "GET /2021/06/30/john-f-kennedy-campaigning-door-to-door-in-west-virginia-1960-640x793/ HTTP/1.1" 200 12718 "-" "AwarioSmartBot/1.0 (+https://awario.com/bots.html; bots@awario.com)"
204.48.19.85 - - [30/Jun/2021:08:00:16 -0400] "POST /xmlrpc.php HTTP/1.1" 200 6137 "-" "xmlrpclib.py/1.0.1 (by www.pythonware.com)"
136.243.70.68 - - [30/Jun/2021:08:00:19 -0400] "GET /robots.txt HTTP/1.1" 301 352 "-" "-"
204.48.19.85 - - [30/Jun/2021:08:00:19 -0400] "POST /xmlrpc.php HTTP/1.1" 200 5595 "-" "xmlrpclib.py/1.0.1 (by www.pythonware.com)"
136.243.70.68 - - [30/Jun/2021:08:00:19 -0400] "GET /robots.txt HTTP/1.1" 200 522 "-" "-"
204.48.19.85 - - [30/Jun/2021:08:00:20 -0400] "POST /wp-cron.php?doing_wp_cron=1625054420.3792209625244140625000 HTTP/1.1" 200 5463 "https://ajhydell.com/wp-cron.php?doing_wp_cron=1625054420.3792209625244140625000" "WordPress/5.7.2; https://ajhydell.com"
136.243.70.68 - - [30/Jun/2021:08:00:20 -0400] "GET /2021/06/30/wehrmacht-soldiers-flashing-smiles-to-the-camera-while-hanging-suspected-partisans-somewhere-in-the-eastern-front-1941-1942/ HTTP/1.1" 200 12632 "-" "AwarioSmartBot/1.0 (+https://awario.com/bots.html; bots@awario.com)"
204.48.19.85 - - [30/Jun/2021:08:00:30 -0400] "POST /wp-cron.php?doing_wp_cron=1625054430.7549259662628173828125 HTTP/1.1" 200 5463 "https://ajhydell.com/wp-cron.php?doing_wp_cron=1625054430.7549259662628173828125" "WordPress/5.7.2; https://ajhydell.com"
34.83.141.175 - - [30/Jun/2021:08:00:30 -0400] "HEAD / HTTP/1.1" 200 5490 "https://t.co/ztQBTyu01i" "-"
66.249.70.110 - - [30/Jun/2021:08:00:31 -0400] "GET /sitemap.xml HTTP/1.1" 200 6363 "-" "Mozilla/5.0 (compatible; Googlebot/2.1; +http://www.google.com/bot.html)"
66.249.70.114 - - [30/Jun/2021:08:00:32 -0400] "GET /sitemap-pt-post-2021-06.xml HTTP/1.1" 200 13267 "-" "Mozilla/5.0 (compatible; Googlebot/2.1; +http://www.google.com/bot.html)"
204.48.19.85 - - [30/Jun/2021:08:01:10 -0400] "POST /wp-cron.php?doing_wp_cron=1625054470.1108629703521728515625 HTTP/1.1" 200 5463 "https://ajhydell.com/wp-cron.php?doing_wp_cron=1625054470.1108629703521728515625" "WordPress/5.7.2; https://ajhydell.com"
185.191.171.14 - - [30/Jun/2021:08:01:09 -0400] "GET /2018/11/20/ HTTP/1.1" 200 17593 "-" "Mozilla/5.0 (compatible; SemrushBot/7~bl; +http://www.semrush.com/bot.html)"
185.191.171.13 - - [30/Jun/2021:08:01:40 -0400] "GET /2019/03/01/a-cosmetics-saleswoman-in-a-shop-on-toorak-road-melbourne-australia-1970-551x805/ HTTP/1.1" 200 17914 "-" "Mozilla/5.0 (compatible; SemrushBot/7~bl; +http://www.semrush.com/bot.html)"
204.48.19.85 - - [30/Jun/2021:08:02:14 -0400] "POST /wp-cron.php?doing_wp_cron=1625054534.9343290328979492187500 HTTP/1.1" 200 5463 "https://ajhydell.com/wp-cron.php?doing_wp_cron=1625054534.9343290328979492187500" "WordPress/5.7.2; https://ajhydell.com"
207.46.13.22 - - [30/Jun/2021:08:02:14 -0400] "GET /2020/09/18/revolutionary-assyrian-democratic-movement-fighters-in-northern-iraq-early-to-mid-1980s-960-x-672/ HTTP/1.1" 200 17750 "-" "Mozilla/5.0 (compatible; bingbot/2.0; +http://www.bing.com/bingbot.htm)"
54.36.149.36 - - [30/Jun/2021:08:02:43 -0400] "GET /2021/04/21/kane-tanaka-b-in-1903-at-her-118-years-old-is-the-only-living-human-that-was-alive-both-during-kitty-hawk-first-flight-on-earth-and-ingenuity-first-flight-on-mars/ HTTP/1.1" 200 18111 "-" "Mozilla/5.0 (compatible; AhrefsBot/7.0; +http://ahrefs.com/robot/)"
204.48.19.85 - - [30/Jun/2021:08:03:33 -0400] "POST /wp-cron.php?doing_wp_cron=1625054613.6757369041442871093750 HTTP/1.1" 200 5463 "https://ajhydell.com/wp-cron.php?doing_wp_cron=1625054613.6757369041442871093750" "WordPress/5.7.2; https://ajhydell.com"
66.249.70.110 - - [30/Jun/2021:08:03:33 -0400] "GET /2020/11/06/vice-mayor-dr-ernst-kurt-lisso-his-wife-renate-stephanie-in-the-chair-and-his-daughter-regina-lisso-after-committing-suicide-by-cyanide-to-avoid-capture-by-american-troops-on-april-18-1945/feed/ HTTP/1.1" 200 6489 "-" "Mozilla/5.0 (Linux; Android 6.0.1; Nexus 5X Build/MMB29P) AppleWebKit/537.36 (KHTML, like Gecko) Chrome/91.0.4472.90 Mobile Safari/537.36 (compatible; Googlebot/2.1; +http://www.google.com/bot.html)"
207.46.13.96 - - [30/Jun/2021:08:03:43 -0400] "GET /wp-content/uploads/2020/08/picture-105.jpg HTTP/1.1" 200 218472 "-" "Mozilla/5.0 (compatible; bingbot/2.0; +http://www.bing.com/bingbot.htm)"
204.48.19.85 - - [30/Jun/2021:08:04:02 -0400] "POST /wp-cron.php?doing_wp_cron=1625054642.5378310680389404296875 HTTP/1.1" 200 5463 "https://ajhydell.com/wp-cron.php?doing_wp_cron=1625054642.5378310680389404296875" "WordPress/5.7.2; https://ajhydell.com"
77.75.78.163 - - [30/Jun/2021:08:04:02 -0400] "GET /robots.txt HTTP/1.1" 200 5685 "-" "Mozilla/5.0 (compatible; SeznamBot/3.2; +http://napoveda.seznam.cz/en/seznambot-intro/)"
77.75.78.163 - - [30/Jun/2021:08:04:05 -0400] "GET /wp-content/uploads/2021/04/picture-52.jpg HTTP/1.1" 304 5440 "-" "Mozilla/5.0 (compatible; SeznamBot/3.2; +http://napoveda.seznam.cz/en/seznambot-intro/)"
77.75.78.163 - - [30/Jun/2021:08:04:06 -0400] "GET /wp-content/uploads/2021/06/picture-20.jpg HTTP/1.1" 200 151502 "-" "Mozilla/5.0 (compatible; SeznamBot/3.2; +http://napoveda.seznam.cz/en/seznambot-intro/)"
5.45.207.81 - - [30/Jun/2021:08:04:07 -0400] "GET /robots.txt HTTP/1.1" 200 5703 "-" "Mozilla/5.0 (compatible; YandexBot/3.0; +http://yandex.com/bots)"
5.45.207.81 - - [30/Jun/2021:08:04:11 -0400] "GET /wp-content/uploads/2020/03/picture.jpg HTTP/1.1" 200 135741 "-" "Mozilla/5.0 (compatible; YandexImages/3.0; +http://yandex.com/bots)"
54.74.130.86 - - [30/Jun/2021:08:04:34 -0400] "GET /shop/feed/ HTTP/1.1" 200 6173 "-" "Krzana bot"
82.36.84.175 - - [30/Jun/2021:08:05:23 -0400] "GET /wp-content/uploads/2020/08/picture-105.jpg HTTP/1.1" 200 218851 "https://www.bing.com/" "Mozilla/5.0 (Windows NT 6.1) AppleWebKit/537.36 (KHTML, like Gecko) Chrome/91.0.4472.114 Safari/537.36"
204.48.19.85 - - [30/Jun/2021:08:05:35 -0400] "POST /wp-cron.php?doing_wp_cron=1625054735.6648569107055664062500 HTTP/1.1" 200 232 "http://ajhydell.com/wp-cron.php?doing_wp_cron=1625054735.6648569107055664062500" "WordPress/5.7.2; https://ajhydell.com"
49.7.20.74 - - [30/Jun/2021:08:05:35 -0400] "GET / HTTP/1.1" 301 306 "-" "Sogou web spider/4.0(+http://www.sogou.com/docs/help/webmasters.htm#07)"
204.48.19.85 - - [30/Jun/2021:08:05:57 -0400] "POST /wp-cron.php?doing_wp_cron=1625054757.6293070316314697265625 HTTP/1.1" 200 5463 "https://ajhydell.com/wp-cron.php?doing_wp_cron=1625054757.6293070316314697265625" "WordPress/5.7.2; https://ajhydell.com"
157.55.39.136 - - [30/Jun/2021:08:05:57 -0400] "GET /2021/06/22/be-afraid-be-very-afraid-poster-ca-2001-election-poster-depicting-william-hague-leader-of-the-conservative-party-with-the-superimposed-hairstyle-and-earrings-of-former-conservative-prime-min HTTP/1.1" 301 5351 "-" "Mozilla/5.0 (compatible; bingbot/2.0; +http://www.bing.com/bingbot.htm)"
157.55.39.136 - - [30/Jun/2021:08:05:58 -0400] "GET /2021/06/22/be-afraid-be-very-afraid-poster-ca-2001-election-poster-depicting-william-hague-leader-of-the-conservative-party-with-the-superimposed-hairstyle-and-earrings-of-former-conservative-prime-min/ HTTP/1.1" 200 17854 "-" "Mozilla/5.0 (compatible; bingbot/2.0; +http://www.bing.com/bingbot.htm)"
185.191.171.40 - - [30/Jun/2021:08:05:58 -0400] "GET /2021/01/31/lets-melt-rubber-batons-into-condoms-moscow-ussr-1989/ HTTP/1.1" 200 17956 "-" "Mozilla/5.0 (compatible; SemrushBot/7~bl; +http://www.semrush.com/bot.html)"
185.191.171.8 - - [30/Jun/2021:08:06:36 -0400] "GET /2019/07/25/as-inevitable-as-time-ding-darling-1943/ HTTP/1.1" 200 17850 "-" "Mozilla/5.0 (compatible; SemrushBot/7~bl; +http://www.semrush.com/bot.html)"
66.249.70.114 - - [30/Jun/2021:08:07:13 -0400] "GET /wp-content/uploads/2018/12/picture-67.jpg HTTP/1.1" 200 225558 "-" "Googlebot-Image/1.0"
204.48.19.85 - - [30/Jun/2021:08:07:18 -0400] "POST /wp-cron.php?doing_wp_cron=1625054838.5655260086059570312500 HTTP/1.1" 200 5463 "https://ajhydell.com/wp-cron.php?doing_wp_cron=1625054838.5655260086059570312500" "WordPress/5.7.2; https://ajhydell.com"
81.88.52.157 - - [30/Jun/2021:08:07:18 -0400] "POST /wp-login.php HTTP/1.1" 200 8029 "-" "Mozilla/5.0 (Windows NT 5.1) AppleWebKit/537.36 (KHTML, like Gecko) Chrome/47.0.2526.106 Safari/537.36"
204.48.19.85 - - [30/Jun/2021:08:08:56 -0400] "POST /wp-cron.php?doing_wp_cron=1625054936.1715829372406005859375 HTTP/1.1" 200 5463 "https://ajhydell.com/wp-cron.php?doing_wp_cron=1625054936.1715829372406005859375" "WordPress/5.7.2; https://ajhydell.com"
40.77.167.31 - - [30/Jun/2021:08:08:55 -0400] "GET /2021/06/30/aunt-esther-purses-1970s/ HTTP/1.1" 200 17305 "-" "Mozilla/5.0 (compatible; bingbot/2.0; +http://www.bing.com/bingbot.htm)"
40.77.139.14 - - [30/Jun/2021:08:09:02 -0400] "GET /?wordfence_lh=1&hid=5113242A744CF95CF8366CAE8F001E4E&r=0.4505144608726346 HTTP/1.1" 200 5556 "https://ajhydell.com/2021/06/30/aunt-esther-purses-1970s/" "Mozilla/5.0 (Windows NT 6.1; WOW64) AppleWebKit/534+ (KHTML, like Gecko) BingPreview/1.0b"
207.46.13.96 - - [30/Jun/2021:08:09:03 -0400] "GET /robots.txt HTTP/1.1" 301 353 "-" "Mozilla/5.0 (compatible; bingbot/2.0; +http://www.bing.com/bingbot.htm)"
207.46.13.96 - - [30/Jun/2021:08:09:04 -0400] "GET /robots.txt HTTP/1.1" 200 5262 "-" "Mozilla/5.0 (compatible; bingbot/2.0; +http://www.bing.com/bingbot.htm)"
207.46.13.11 - - [30/Jun/2021:08:09:39 -0400] "GET /wp-content/uploads/2021/06/picture-147.jpg HTTP/1.1" 200 124527 "-" "Mozilla/5.0 (compatible; bingbot/2.0; +http://www.bing.com/bingbot.htm)"
204.48.19.85 - - [30/Jun/2021:08:10:45 -0400] "POST /wp-cron.php?doing_wp_cron=1625055045.5740580558776855468750 HTTP/1.1" 200 5463 "https://ajhydell.com/wp-cron.php?doing_wp_cron=1625055045.5740580558776855468750" "WordPress/5.7.2; https://ajhydell.com"
185.191.171.36 - - [30/Jun/2021:08:10:45 -0400] "GET /2019/10/19/not-so-fast-bub-the-birmingham-news-nov-1951/ HTTP/1.1" 200 17931 "-" "Mozilla/5.0 (compatible; SemrushBot/7~bl; +http://www.semrush.com/bot.html)"
66.249.70.110 - - [30/Jun/2021:08:11:39 -0400] "GET /2021/06/30/aunt-esther-purses-1970s/ HTTP/1.1" 200 17708 "-" "Mozilla/5.0 (compatible; Googlebot/2.1; +http://www.google.com/bot.html)"
204.48.19.85 - - [30/Jun/2021:08:12:41 -0400] "POST /wp-cron.php?doing_wp_cron=1625055161.8196558952331542968750 HTTP/1.1" 200 5463 "https://ajhydell.com/wp-cron.php?doing_wp_cron=1625055161.8196558952331542968750" "WordPress/5.7.2; https://ajhydell.com"
207.46.13.151 - - [30/Jun/2021:08:12:41 -0400] "GET /sitemap-pt-customize_changeset-2019-08.xml HTTP/1.1" 200 5499 "-" "Mozilla/5.0 (compatible; bingbot/2.0; +http://www.bing.com/bingbot.htm)"
204.48.19.85 - - [30/Jun/2021:08:13:01 -0400] "POST /wp-cron.php?doing_wp_cron=1625055181.6736400127410888671875 HTTP/1.1" 200 5463 "https://ajhydell.com/wp-cron.php?doing_wp_cron=1625055181.6736400127410888671875" "WordPress/5.7.2; https://ajhydell.com"
66.249.70.114 - - [30/Jun/2021:08:13:01 -0400] "GET /2021/06/30/aunt-esther-purses-1970s/feed/ HTTP/1.1" 200 6312 "-" "Mozilla/5.0 (Linux; Android 6.0.1; Nexus 5X Build/MMB29P) AppleWebKit/537.36 (KHTML, like Gecko) Chrome/91.0.4472.90 Mobile Safari/537.36 (compatible; Googlebot/2.1; +http://www.google.com/bot.html)"
54.36.149.36 - - [30/Jun/2021:08:13:03 -0400] "GET /2021/06/20/ HTTP/1.1" 200 17966 "-" "Mozilla/5.0 (compatible; AhrefsBot/7.0; +http://ahrefs.com/robot/)"
204.48.19.85 - - [30/Jun/2021:08:13:52 -0400] "POST /wp-cron.php?doing_wp_cron=1625055232.1790750026702880859375 HTTP/1.1" 200 5463 "https://ajhydell.com/wp-cron.php?doing_wp_cron=1625055232.1790750026702880859375" "WordPress/5.7.2; https://ajhydell.com"
34.79.68.246 - - [30/Jun/2021:08:13:52 -0400] "GET / HTTP/1.1" 200 18950 "-" "python-requests/2.25.1"
73.101.107.128 - - [30/Jun/2021:08:16:10 -0400] "-" 408 559 "-" "-"
195.2.76.246 - - [30/Jun/2021:08:17:31 -0400] "GET / HTTP/1.1" 200 19499 "-" "Mozilla/5.0 (Windows NT 10.0; WOW64) AppleWebKit/537.36 (KHTML, like Gecko) Chrome/84.0.4147.125 Safari/537.36"
204.48.19.85 - - [30/Jun/2021:08:17:32 -0400] "POST /wp-cron.php?doing_wp_cron=1625055452.0866630077362060546875 HTTP/1.1" 200 5463 "https://ajhydell.com/wp-cron.php?doing_wp_cron=1625055452.0866630077362060546875" "WordPress/5.7.2; https://ajhydell.com"
195.2.76.246 - - [30/Jun/2021:08:17:31 -0400] "GET / HTTP/1.1" 200 19499 "-" "Mozilla/5.0 (Windows NT 10.0; WOW64) AppleWebKit/537.36 (KHTML, like Gecko) Chrome/84.0.4147.125 Safari/537.36"
195.2.76.246 - - [30/Jun/2021:08:17:32 -0400] "GET / HTTP/1.1" 200 19498 "-" "Mozilla/5.0 (Windows NT 10.0; WOW64) AppleWebKit/537.36 (KHTML, like Gecko) Chrome/84.0.4147.125 Safari/537.36"
195.2.76.246 - - [30/Jun/2021:08:17:33 -0400] "GET / HTTP/1.1" 200 19498 "-" "Mozilla/5.0 (Windows NT 10.0; WOW64) AppleWebKit/537.36 (KHTML, like Gecko) Chrome/84.0.4147.125 Safari/537.36"
195.2.76.246 - - [30/Jun/2021:08:17:33 -0400] "GET / HTTP/1.1" 200 19529 "-" "Mozilla/5.0 (Windows NT 10.0; WOW64) AppleWebKit/537.36 (KHTML, like Gecko) Chrome/84.0.4147.125 Safari/537.36"
195.2.76.246 - - [30/Jun/2021:08:17:33 -0400] "GET / HTTP/1.1" 200 19528 "-" "Mozilla/5.0 (Windows NT 10.0; WOW64) AppleWebKit/537.36 (KHTML, like Gecko) Chrome/84.0.4147.125 Safari/537.36"
195.2.76.246 - - [30/Jun/2021:08:17:34 -0400] "GET /wp-content/plugins/wp-user-avatar/assets/js/frontend.js HTTP/1.1" 404 63208 "-" "Mozilla/5.0 (Windows NT 10.0; WOW64) AppleWebKit/537.36 (KHTML, like Gecko) Chrome/84.0.4147.125 Safari/537.36"
195.2.76.246 - - [30/Jun/2021:08:17:34 -0400] "GET /wp-content/plugins/wp-user-avatar/assets/js/frontend.js HTTP/1.1" 404 63208 "-" "Mozilla/5.0 (Windows NT 10.0; WOW64) AppleWebKit/537.36 (KHTML, like Gecko) Chrome/84.0.4147.125 Safari/537.36"
195.2.76.246 - - [30/Jun/2021:08:17:35 -0400] "GET /wp-content/plugins/wp-user-avatar/assets/js/frontend.js HTTP/1.1" 404 63236 "-" "Mozilla/5.0 (Windows NT 10.0; WOW64) AppleWebKit/537.36 (KHTML, like Gecko) Chrome/84.0.4147.125 Safari/537.36"
195.2.76.246 - - [30/Jun/2021:08:17:35 -0400] "GET /wp-content/plugins/wp-user-avatar/assets/js/frontend.js HTTP/1.1" 404 63236 "-" "Mozilla/5.0 (Windows NT 10.0; WOW64) AppleWebKit/537.36 (KHTML, like Gecko) Chrome/84.0.4147.125 Safari/537.36"
195.2.76.246 - - [30/Jun/2021:08:17:36 -0400] "GET /wp-content/plugins/wp-user-avatar/js/wp-user-avatar.js HTTP/1.1" 404 63208 "-" "Mozilla/5.0 (Windows NT 10.0; WOW64) AppleWebKit/537.36 (KHTML, like Gecko) Chrome/84.0.4147.125 Safari/537.36"
195.2.76.246 - - [30/Jun/2021:08:17:36 -0400] "GET /wp-content/plugins/wp-user-avatar/js/wp-user-avatar.js HTTP/1.1" 404 63208 "-" "Mozilla/5.0 (Windows NT 10.0; WOW64) AppleWebKit/537.36 (KHTML, like Gecko) Chrome/84.0.4147.125 Safari/537.36"
195.2.76.246 - - [30/Jun/2021:08:17:37 -0400] "GET /wp-content/plugins/wp-user-avatar/js/wp-user-avatar.js HTTP/1.1" 404 63236 "-" "Mozilla/5.0 (Windows NT 10.0; WOW64) AppleWebKit/537.36 (KHTML, like Gecko) Chrome/84.0.4147.125 Safari/537.36"
195.2.76.246 - - [30/Jun/2021:08:17:37 -0400] "GET /wp-content/plugins/wp-user-avatar/js/wp-user-avatar.js HTTP/1.1" 404 63236 "-" "Mozilla/5.0 (Windows NT 10.0; WOW64) AppleWebKit/537.36 (KHTML, like Gecko) Chrome/84.0.4147.125 Safari/537.36"
195.2.76.246 - - [30/Jun/2021:08:17:37 -0400] "GET /wp-content/plugins/wp-user-avatar/assets/css/frontend.css HTTP/1.1" 404 63208 "-" "Mozilla/5.0 (Windows NT 10.0; WOW64) AppleWebKit/537.36 (KHTML, like Gecko) Chrome/84.0.4147.125 Safari/537.36"
195.2.76.246 - - [30/Jun/2021:08:17:38 -0400] "GET /wp-content/plugins/wp-user-avatar/assets/css/frontend.css HTTP/1.1" 404 63208 "-" "Mozilla/5.0 (Windows NT 10.0; WOW64) AppleWebKit/537.36 (KHTML, like Gecko) Chrome/84.0.4147.125 Safari/537.36"
195.2.76.246 - - [30/Jun/2021:08:17:38 -0400] "GET /wp-content/plugins/wp-user-avatar/assets/css/frontend.css HTTP/1.1" 404 63236 "-" "Mozilla/5.0 (Windows NT 10.0; WOW64) AppleWebKit/537.36 (KHTML, like Gecko) Chrome/84.0.4147.125 Safari/537.36"
195.2.76.246 - - [30/Jun/2021:08:17:38 -0400] "GET /wp-content/plugins/wp-user-avatar/assets/css/frontend.css HTTP/1.1" 404 63236 "-" "Mozilla/5.0 (Windows NT 10.0; WOW64) AppleWebKit/537.36 (KHTML, like Gecko) Chrome/84.0.4147.125 Safari/537.36"
66.249.70.110 - - [30/Jun/2021:08:17:45 -0400] "GET /wp-content/uploads/2021/05/picture-151.jpg HTTP/1.1" 200 110162 "-" "Googlebot-Image/1.0"
66.249.70.110 - - [30/Jun/2021:08:17:46 -0400] "GET /wp-content/uploads/2018/08/logo.jpg HTTP/1.1" 304 277 "-" "Googlebot-Image/1.0"
204.48.19.85 - - [30/Jun/2021:08:18:27 -0400] "POST /wp-cron.php?doing_wp_cron=1625055507.1283540725708007812500 HTTP/1.1" 200 5463 "https://ajhydell.com/wp-cron.php?doing_wp_cron=1625055507.1283540725708007812500" "WordPress/5.7.2; https://ajhydell.com"
157.55.39.22 - - [30/Jun/2021:08:18:26 -0400] "GET /2021/06/19/yugoslav-partisan-assaulting-a-position-1945/ HTTP/1.1" 200 17433 "-" "Mozilla/5.0 (compatible; bingbot/2.0; +http://www.bing.com/bingbot.htm)"
204.48.19.85 - - [30/Jun/2021:08:20:45 -0400] "POST /wp-cron.php?doing_wp_cron=1625055645.0155808925628662109375 HTTP/1.1" 200 5463 "https://ajhydell.com/wp-cron.php?doing_wp_cron=1625055645.0155808925628662109375" "WordPress/5.7.2; https://ajhydell.com"
45.33.96.205 - - [30/Jun/2021:08:20:44 -0400] "GET / HTTP/1.1" 200 18878 "-" "Mozilla/5.0 (Windows NT 10.0; Win64; x64) AppleWebKit/537.36 (KHTML, like Gecko) Chrome/60.0.3112.113 Safari/537.36"
40.77.167.20 - - [30/Jun/2021:08:21:02 -0400] "GET /wp-content/uploads/2019/07/picture-18-745x1024.jpg HTTP/1.1" 200 199112 "-" "Mozilla/5.0 (compatible; bingbot/2.0; +http://www.bing.com/bingbot.htm)"
5.255.253.88 - - [30/Jun/2021:08:21:27 -0400] "GET /robots.txt HTTP/1.1" 200 5703 "-" "Mozilla/5.0 (compatible; YandexBot/3.0; +http://yandex.com/bots)"
5.255.253.88 - - [30/Jun/2021:08:21:31 -0400] "GET /2020/11/22/ HTTP/1.1" 200 12706 "-" "Mozilla/5.0 (compatible; YandexBot/3.0; +http://yandex.com/bots)"
66.249.70.112 - - [30/Jun/2021:08:22:13 -0400] "GET /wp-content/uploads/2021/06/picture-110.jpg HTTP/1.1" 200 126303 "-" "Googlebot-Image/1.0"
204.48.19.85 - - [30/Jun/2021:08:24:37 -0400] "POST /wp-cron.php?doing_wp_cron=1625055877.6249461174011230468750 HTTP/1.1" 200 5463 "https://ajhydell.com/wp-cron.php?doing_wp_cron=1625055877.6249461174011230468750" "WordPress/5.7.2; https://ajhydell.com"
54.36.148.4 - - [30/Jun/2021:08:24:37 -0400] "GET /2021/05/15/a-korean-german-captured-after-fighting-for-his-country-bravely-at-d-day/ HTTP/1.1" 200 17886 "-" "Mozilla/5.0 (compatible; AhrefsBot/7.0; +http://ahrefs.com/robot/)"
157.55.39.22 - - [30/Jun/2021:08:25:43 -0400] "GET /wp-content/uploads/2020/12/picture-26.jpg HTTP/1.1" 200 81383 "-" "Mozilla/5.0 (compatible; bingbot/2.0; +http://www.bing.com/bingbot.htm)"
