62.210.188.218 - - [12/Jul/2021:04:53:04 -0400] "GET /wp-json/oembed/1.0/embed?url=https%3A%2F%2Fajhydell.com%2F2020%2F04%2F28%2Fyoung-republicans-salute-labor-1956%2F&format=xml HTTP/1.1" 200 7934 "-" "Mozilla/5.0 (compatible; Barkrowler/0.9; +https://babbar.tech/crawler)"
62.210.188.218 - - [12/Jul/2021:04:53:13 -0400] "GET /wp-json/oembed/1.0/embed?url=https%3A%2F%2Fajhydell.com%2F2020%2F10%2F09%2Fedgar-allan-poe-1840s%2F&format=xml HTTP/1.1" 200 7914 "-" "Mozilla/5.0 (compatible; Barkrowler/0.9; +https://babbar.tech/crawler)"
62.210.188.218 - - [12/Jul/2021:04:53:21 -0400] "GET /wp-json/oembed/1.0/embed?url=https%3A%2F%2Fajhydell.com%2F2020%2F10%2F02%2Fthe-bold-look-of-kohler-1968%2F&format=xml HTTP/1.1" 200 7927 "-" "Mozilla/5.0 (compatible; Barkrowler/0.9; +https://babbar.tech/crawler)"
204.48.19.85 - - [12/Jul/2021:04:55:00 -0400] "POST /wp-cron.php?doing_wp_cron=1626080100.9650290012359619140625 HTTP/1.1" 200 6295 "https://ajhydell.com/wp-cron.php?doing_wp_cron=1626080100.9650290012359619140625" "WordPress/5.7.2; https://ajhydell.com"
54.36.148.117 - - [12/Jul/2021:04:55:00 -0400] "GET /2021/02/05/magnifique-in-sink-erator-1960/ HTTP/1.1" 200 18733 "-" "Mozilla/5.0 (compatible; AhrefsBot/7.0; +http://ahrefs.com/robot/)"
18.197.18.220 - - [12/Jul/2021:04:55:14 -0400] "GET /wp-content/uploads/2021/02/picture-31-1024x726.jpg HTTP/1.1" 200 163234 "-" "-"
204.48.19.85 - - [12/Jul/2021:04:56:17 -0400] "POST /wp-cron.php?doing_wp_cron=1626080177.7967579364776611328125 HTTP/1.1" 200 6295 "https://ajhydell.com/wp-cron.php?doing_wp_cron=1626080177.7967579364776611328125" "WordPress/5.7.2; https://ajhydell.com"
77.75.78.164 - - [12/Jul/2021:04:56:17 -0400] "GET /robots.txt HTTP/1.1" 200 6517 "-" "Mozilla/5.0 (compatible; SeznamBot/3.2; +http://napoveda.seznam.cz/en/seznambot-intro/)"
77.75.78.164 - - [12/Jul/2021:04:56:19 -0400] "GET /wp-content/uploads/2021/05/picture-111.jpg HTTP/1.1" 304 6271 "-" "Mozilla/5.0 (compatible; SeznamBot/3.2; +http://napoveda.seznam.cz/en/seznambot-intro/)"
204.48.19.85 - - [12/Jul/2021:04:57:02 -0400] "POST /wp-cron.php?doing_wp_cron=1626080222.0456049442291259765625 HTTP/1.1" 200 6295 "https://ajhydell.com/wp-cron.php?doing_wp_cron=1626080222.0456049442291259765625" "WordPress/5.7.2; https://ajhydell.com"
23.100.232.233 - - [12/Jul/2021:04:57:01 -0400] "GET /2018/08/10/silhouette-of-the-titanic-at-queenstown-on-her-maiden-voyage-1912-900-x-695/ HTTP/1.1" 200 17605 "-" "Mozilla/5.0 (compatible; MSIE 9.0; Windows NT 6.0; Trident/5.0;  Trident/5.0)"
23.100.232.233 - - [12/Jul/2021:04:57:02 -0400] "GET /wp-content/plugins/add-expires-headers/cache/0/com/processed-header-f16a8d323e83e1bc1b76514e283fb81b7090a959.min.css HTTP/1.1" 200 52893 "https://ajhydell.com/2018/08/10/silhouette-of-the-titanic-at-queenstown-on-her-maiden-voyage-1912-900-x-695/" "Mozilla/5.0 (compatible; MSIE 9.0; Windows NT 6.0; Trident/5.0;  Trident/5.0)"
23.100.232.233 - - [12/Jul/2021:04:57:02 -0400] "GET /wp-content/plugins/google-analytics-for-wordpress/assets/js/frontend-gtag.min.js?ver=7.17.0 HTTP/1.1" 200 3476 "https://ajhydell.com/2018/08/10/silhouette-of-the-titanic-at-queenstown-on-her-maiden-voyage-1912-900-x-695/" "Mozilla/5.0 (compatible; MSIE 9.0; Windows NT 6.0; Trident/5.0;  Trident/5.0)"
23.100.232.233 - - [12/Jul/2021:04:57:02 -0400] "GET /wp-includes/js/jquery/jquery.min.js?ver=3.5.1 HTTP/1.1" 200 31550 "https://ajhydell.com/2018/08/10/silhouette-of-the-titanic-at-queenstown-on-her-maiden-voyage-1912-900-x-695/" "Mozilla/5.0 (compatible; MSIE 9.0; Windows NT 6.0; Trident/5.0;  Trident/5.0)"
23.100.232.233 - - [12/Jul/2021:04:57:02 -0400] "GET /wp-includes/js/jquery/jquery-migrate.min.js?ver=3.3.2 HTTP/1.1" 200 4687 "https://ajhydell.com/2018/08/10/silhouette-of-the-titanic-at-queenstown-on-her-maiden-voyage-1912-900-x-695/" "Mozilla/5.0 (compatible; MSIE 9.0; Windows NT 6.0; Trident/5.0;  Trident/5.0)"
23.100.232.233 - - [12/Jul/2021:04:57:03 -0400] "GET /wp-content/plugins/wp-smushit/app/assets/js/smush-lazy-load.min.js?ver=3.8.7 HTTP/1.1" 200 4207 "https://ajhydell.com/2018/08/10/silhouette-of-the-titanic-at-queenstown-on-her-maiden-voyage-1912-900-x-695/" "Mozilla/5.0 (compatible; MSIE 9.0; Windows NT 6.0; Trident/5.0;  Trident/5.0)"
23.100.232.233 - - [12/Jul/2021:04:57:03 -0400] "GET /wp-includes/js/wp-emoji-release.min.js?ver=5.7.2 HTTP/1.1" 200 5183 "https://ajhydell.com/2018/08/10/silhouette-of-the-titanic-at-queenstown-on-her-maiden-voyage-1912-900-x-695/" "Mozilla/5.0 (compatible; MSIE 9.0; Windows NT 6.0; Trident/5.0;  Trident/5.0)"
23.100.232.233 - - [12/Jul/2021:04:57:03 -0400] "GET /wp-content/themes/royal-magazine/js/navigation.js?ver=20151215 HTTP/1.1" 200 1349 "https://ajhydell.com/2018/08/10/silhouette-of-the-titanic-at-queenstown-on-her-maiden-voyage-1912-900-x-695/" "Mozilla/5.0 (compatible; MSIE 9.0; Windows NT 6.0; Trident/5.0;  Trident/5.0)"
23.100.232.233 - - [12/Jul/2021:04:57:03 -0400] "GET /wp-content/themes/royal-magazine/js/skip-link-focus-fix.js?ver=20151215 HTTP/1.1" 200 933 "https://ajhydell.com/2018/08/10/silhouette-of-the-titanic-at-queenstown-on-her-maiden-voyage-1912-900-x-695/" "Mozilla/5.0 (compatible; MSIE 9.0; Windows NT 6.0; Trident/5.0;  Trident/5.0)"
23.100.232.233 - - [12/Jul/2021:04:57:03 -0400] "GET /wp-content/themes/royal-magazine/assets/libraries/bootstrap/js/bootstrap.min.js?ver=5.7.2 HTTP/1.1" 200 10404 "https://ajhydell.com/2018/08/10/silhouette-of-the-titanic-at-queenstown-on-her-maiden-voyage-1912-900-x-695/" "Mozilla/5.0 (compatible; MSIE 9.0; Windows NT 6.0; Trident/5.0;  Trident/5.0)"
23.100.232.233 - - [12/Jul/2021:04:57:03 -0400] "GET /wp-content/themes/royal-magazine/assets/libraries/marquee/jquery.marquee.js?ver=5.7.2 HTTP/1.1" 200 5103 "https://ajhydell.com/2018/08/10/silhouette-of-the-titanic-at-queenstown-on-her-maiden-voyage-1912-900-x-695/" "Mozilla/5.0 (compatible; MSIE 9.0; Windows NT 6.0; Trident/5.0;  Trident/5.0)"
23.100.232.233 - - [12/Jul/2021:04:57:03 -0400] "GET /wp-content/themes/royal-magazine/assets/libraries/magnific-popup/jquery.magnific-popup.min.js?ver=5.7.2 HTTP/1.1" 200 7871 "https://ajhydell.com/2018/08/10/silhouette-of-the-titanic-at-queenstown-on-her-maiden-voyage-1912-900-x-695/" "Mozilla/5.0 (compatible; MSIE 9.0; Windows NT 6.0; Trident/5.0;  Trident/5.0)"
23.100.232.233 - - [12/Jul/2021:04:57:03 -0400] "GET /wp-content/themes/royal-magazine/assets/twp/js/custom-script.js?ver=5.7.2 HTTP/1.1" 200 3023 "https://ajhydell.com/2018/08/10/silhouette-of-the-titanic-at-queenstown-on-her-maiden-voyage-1912-900-x-695/" "Mozilla/5.0 (compatible; MSIE 9.0; Windows NT 6.0; Trident/5.0;  Trident/5.0)"
23.100.232.233 - - [12/Jul/2021:04:57:03 -0400] "GET /wp-content/themes/royal-magazine/assets/libraries/slick/js/slick.min.js?ver=5.7.2 HTTP/1.1" 200 10740 "https://ajhydell.com/2018/08/10/silhouette-of-the-titanic-at-queenstown-on-her-maiden-voyage-1912-900-x-695/" "Mozilla/5.0 (compatible; MSIE 9.0; Windows NT 6.0; Trident/5.0;  Trident/5.0)"
23.100.232.233 - - [12/Jul/2021:04:57:03 -0400] "GET /wp-content/plugins/facebook-pagelike-widget/fb.js?ver=1.0 HTTP/1.1" 200 821 "https://ajhydell.com/2018/08/10/silhouette-of-the-titanic-at-queenstown-on-her-maiden-voyage-1912-900-x-695/" "Mozilla/5.0 (compatible; MSIE 9.0; Windows NT 6.0; Trident/5.0;  Trident/5.0)"
23.100.232.233 - - [12/Jul/2021:04:57:03 -0400] "GET /wp-content/themes/royal-magazine/assets/libraries/theiaStickySidebar/theia-sticky-sidebar.min.js?ver=5.7.2 HTTP/1.1" 200 2271 "https://ajhydell.com/2018/08/10/silhouette-of-the-titanic-at-queenstown-on-her-maiden-voyage-1912-900-x-695/" "Mozilla/5.0 (compatible; MSIE 9.0; Windows NT 6.0; Trident/5.0;  Trident/5.0)"
23.100.232.233 - - [12/Jul/2021:04:57:03 -0400] "GET /wp-includes/js/wp-embed.min.js?ver=5.7.2 HTTP/1.1" 200 1221 "https://ajhydell.com/2018/08/10/silhouette-of-the-titanic-at-queenstown-on-her-maiden-voyage-1912-900-x-695/" "Mozilla/5.0 (compatible; MSIE 9.0; Windows NT 6.0; Trident/5.0;  Trident/5.0)"
204.48.19.85 - - [12/Jul/2021:04:58:22 -0400] "POST /wp-cron.php?doing_wp_cron=1626080302.0661609172821044921875 HTTP/1.1" 200 6295 "https://ajhydell.com/wp-cron.php?doing_wp_cron=1626080302.0661609172821044921875" "WordPress/5.7.2; https://ajhydell.com"
40.77.167.77 - - [12/Jul/2021:04:58:22 -0400] "GET /2020/02/02/hitler-youth-poster-1930s-and-american-meat-industry-poster-1980s/ HTTP/1.1" 200 18493 "-" "Mozilla/5.0 (compatible; bingbot/2.0; +http://www.bing.com/bingbot.htm)"
20.53.92.211 - - [12/Jul/2021:04:58:56 -0400] "GET /wp-content/uploads/2020/04/picture-19-730x1024.jpg HTTP/1.1" 200 120152 "-" "DuckDuckBot/1.1; (+http://duckduckgo.com/duckduckbot.html)"
204.48.19.85 - - [12/Jul/2021:04:59:45 -0400] "POST /wp-cron.php?doing_wp_cron=1626080385.8873810768127441406250 HTTP/1.1" 200 6295 "https://ajhydell.com/wp-cron.php?doing_wp_cron=1626080385.8873810768127441406250" "WordPress/5.7.2; https://ajhydell.com"
17.121.112.71 - - [12/Jul/2021:04:59:45 -0400] "GET /2020/06/29/train-passengers-wearing-masks-to-protect-themselves-from-the-spanish-flu-1918-1920-960x720/ HTTP/1.1" 200 18242 "-" "Mozilla/5.0 (Macintosh; Intel Mac OS X 10_15_5) AppleWebKit/605.1.15 (KHTML, like Gecko) Version/13.1.1 Safari/605.1.15 (Applebot/0.1; +http://www.apple.com/go/applebot)"
20.53.91.2 - - [12/Jul/2021:04:59:56 -0400] "GET /wp-content/uploads/2020/10/picture-138.jpg HTTP/1.1" 200 275430 "-" "DuckDuckBot/1.1; (+http://duckduckgo.com/duckduckbot.html)"
204.48.19.85 - - [12/Jul/2021:05:00:21 -0400] "POST /xmlrpc.php HTTP/1.1" 200 6908 "-" "xmlrpclib.py/1.0.1 (by www.pythonware.com)"
204.48.19.85 - - [12/Jul/2021:05:00:21 -0400] "POST /xmlrpc.php HTTP/1.1" 200 6930 "-" "xmlrpclib.py/1.0.1 (by www.pythonware.com)"
204.48.19.85 - - [12/Jul/2021:05:00:24 -0400] "POST /xmlrpc.php HTTP/1.1" 200 6427 "-" "xmlrpclib.py/1.0.1 (by www.pythonware.com)"
204.48.19.85 - - [12/Jul/2021:05:00:38 -0400] "POST /wp-cron.php?doing_wp_cron=1626080438.2923910617828369140625 HTTP/1.1" 200 6295 "https://ajhydell.com/wp-cron.php?doing_wp_cron=1626080438.2923910617828369140625" "WordPress/5.7.2; https://ajhydell.com"
66.249.65.226 - - [12/Jul/2021:05:00:39 -0400] "GET /sitemap.xml HTTP/1.1" 200 7199 "-" "Mozilla/5.0 (compatible; Googlebot/2.1; +http://www.google.com/bot.html)"
66.249.65.224 - - [12/Jul/2021:05:00:39 -0400] "GET /robots.txt HTTP/1.1" 200 6517 "-" "Mozilla/5.0 (compatible; Googlebot/2.1; +http://www.google.com/bot.html)"
66.249.65.228 - - [12/Jul/2021:05:00:40 -0400] "GET /sitemap-pt-post-2021-07.xml HTTP/1.1" 200 10029 "-" "Mozilla/5.0 (compatible; Googlebot/2.1; +http://www.google.com/bot.html)"
188.166.215.115 - - [12/Jul/2021:05:00:38 -0400] "POST /wp-login.php HTTP/1.1" 503 24797 "-" "Mozilla/5.0 (Windows NT 6.1; Win64; x64) AppleWebKit/537.36 (KHTML, like Gecko) Chrome/78.0.3904.97 Safari/537.36"
66.249.65.226 - - [12/Jul/2021:05:01:12 -0400] "GET /wp-content/uploads/2021/05/picture-60.jpg HTTP/1.1" 200 101718 "-" "Googlebot-Image/1.0"
66.249.65.224 - - [12/Jul/2021:05:01:13 -0400] "GET /wp-content/uploads/2021/05/picture-64.jpg HTTP/1.1" 200 372945 "-" "Googlebot-Image/1.0"
204.48.19.85 - - [12/Jul/2021:05:01:15 -0400] "POST /wp-cron.php?doing_wp_cron=1626080475.0674219131469726562500 HTTP/1.1" 200 6295 "https://ajhydell.com/wp-cron.php?doing_wp_cron=1626080475.0674219131469726562500" "WordPress/5.7.2; https://ajhydell.com"
5.102.173.71 - - [12/Jul/2021:05:01:15 -0400] "GET /robots.txt HTTP/1.1" 200 5811 "-" "Mozilla/5.0 (compatible; MojeekBot/0.10; +https://www.mojeek.com/bot.html)"
5.102.173.71 - - [12/Jul/2021:05:01:15 -0400] "GET /2021/07/11/american-elections-soviet-union-1970s/ HTTP/1.1" 200 12765 "-" "Mozilla/5.0 (compatible; MojeekBot/0.10; +https://www.mojeek.com/bot.html)"
66.249.65.224 - - [12/Jul/2021:05:01:15 -0400] "GET /sitemap.xml HTTP/1.1" 200 1206 "-" "Mozilla/5.0 (compatible; Googlebot/2.1; +http://www.google.com/bot.html)"
40.77.167.7 - - [12/Jul/2021:05:01:44 -0400] "GET /wp-content/uploads/2021/03/picture-137.jpg HTTP/1.1" 200 116689 "-" "Mozilla/5.0 (compatible; bingbot/2.0; +http://www.bing.com/bingbot.htm)"
204.48.19.85 - - [12/Jul/2021:05:02:41 -0400] "POST /wp-cron.php?doing_wp_cron=1626080561.2149960994720458984375 HTTP/1.1" 200 6295 "https://ajhydell.com/wp-cron.php?doing_wp_cron=1626080561.2149960994720458984375" "WordPress/5.7.2; https://ajhydell.com"
185.191.171.19 - - [12/Jul/2021:05:02:41 -0400] "GET /2021/01/05/ HTTP/1.1" 200 18791 "-" "Mozilla/5.0 (compatible; SemrushBot/7~bl; +http://www.semrush.com/bot.html)"
204.48.19.85 - - [12/Jul/2021:05:03:30 -0400] "POST /wp-cron.php?doing_wp_cron=1626080610.1225540637969970703125 HTTP/1.1" 200 6295 "https://ajhydell.com/wp-cron.php?doing_wp_cron=1626080610.1225540637969970703125" "WordPress/5.7.2; https://ajhydell.com"
23.100.232.233 - - [12/Jul/2021:05:03:30 -0400] "GET /2019/06/19/hitler-depicted-as-a-maneater-in-british-wartime-propaganda-poster-1942-source-the-british-library/ HTTP/1.1" 200 18053 "-" "Mozilla/5.0 (compatible; MSIE 9.0; Windows NT 6.1; Trident/5.0;  Trident/5.0)"
23.100.232.233 - - [12/Jul/2021:05:03:30 -0400] "GET /wp-content/plugins/add-expires-headers/cache/0/com/processed-header-f16a8d323e83e1bc1b76514e283fb81b7090a959.min.css HTTP/1.1" 200 52893 "https://ajhydell.com/2019/06/19/hitler-depicted-as-a-maneater-in-british-wartime-propaganda-poster-1942-source-the-british-library/" "Mozilla/5.0 (compatible; MSIE 9.0; Windows NT 6.1; Trident/5.0;  Trident/5.0)"
23.100.232.233 - - [12/Jul/2021:05:03:31 -0400] "GET /wp-content/plugins/google-analytics-for-wordpress/assets/js/frontend-gtag.min.js?ver=7.17.0 HTTP/1.1" 200 3476 "https://ajhydell.com/2019/06/19/hitler-depicted-as-a-maneater-in-british-wartime-propaganda-poster-1942-source-the-british-library/" "Mozilla/5.0 (compatible; MSIE 9.0; Windows NT 6.1; Trident/5.0;  Trident/5.0)"
23.100.232.233 - - [12/Jul/2021:05:03:31 -0400] "GET /wp-includes/js/jquery/jquery.min.js?ver=3.5.1 HTTP/1.1" 200 31550 "https://ajhydell.com/2019/06/19/hitler-depicted-as-a-maneater-in-british-wartime-propaganda-poster-1942-source-the-british-library/" "Mozilla/5.0 (compatible; MSIE 9.0; Windows NT 6.1; Trident/5.0;  Trident/5.0)"
23.100.232.233 - - [12/Jul/2021:05:03:31 -0400] "GET /wp-includes/js/jquery/jquery-migrate.min.js?ver=3.3.2 HTTP/1.1" 200 4687 "https://ajhydell.com/2019/06/19/hitler-depicted-as-a-maneater-in-british-wartime-propaganda-poster-1942-source-the-british-library/" "Mozilla/5.0 (compatible; MSIE 9.0; Windows NT 6.1; Trident/5.0;  Trident/5.0)"
23.100.232.233 - - [12/Jul/2021:05:03:32 -0400] "GET /wp-includes/js/wp-emoji-release.min.js?ver=5.7.2 HTTP/1.1" 200 5183 "https://ajhydell.com/2019/06/19/hitler-depicted-as-a-maneater-in-british-wartime-propaganda-poster-1942-source-the-british-library/" "Mozilla/5.0 (compatible; MSIE 9.0; Windows NT 6.1; Trident/5.0;  Trident/5.0)"
23.100.232.233 - - [12/Jul/2021:05:03:32 -0400] "GET /wp-content/plugins/wp-smushit/app/assets/js/smush-lazy-load.min.js?ver=3.8.7 HTTP/1.1" 200 4207 "https://ajhydell.com/2019/06/19/hitler-depicted-as-a-maneater-in-british-wartime-propaganda-poster-1942-source-the-british-library/" "Mozilla/5.0 (compatible; MSIE 9.0; Windows NT 6.1; Trident/5.0;  Trident/5.0)"
23.100.232.233 - - [12/Jul/2021:05:03:32 -0400] "GET /wp-content/themes/royal-magazine/js/navigation.js?ver=20151215 HTTP/1.1" 200 1349 "https://ajhydell.com/2019/06/19/hitler-depicted-as-a-maneater-in-british-wartime-propaganda-poster-1942-source-the-british-library/" "Mozilla/5.0 (compatible; MSIE 9.0; Windows NT 6.1; Trident/5.0;  Trident/5.0)"
23.100.232.233 - - [12/Jul/2021:05:03:32 -0400] "GET /wp-content/themes/royal-magazine/js/skip-link-focus-fix.js?ver=20151215 HTTP/1.1" 200 933 "https://ajhydell.com/2019/06/19/hitler-depicted-as-a-maneater-in-british-wartime-propaganda-poster-1942-source-the-british-library/" "Mozilla/5.0 (compatible; MSIE 9.0; Windows NT 6.1; Trident/5.0;  Trident/5.0)"
23.100.232.233 - - [12/Jul/2021:05:03:32 -0400] "GET /wp-content/themes/royal-magazine/assets/libraries/slick/js/slick.min.js?ver=5.7.2 HTTP/1.1" 200 10740 "https://ajhydell.com/2019/06/19/hitler-depicted-as-a-maneater-in-british-wartime-propaganda-poster-1942-source-the-british-library/" "Mozilla/5.0 (compatible; MSIE 9.0; Windows NT 6.1; Trident/5.0;  Trident/5.0)"
23.100.232.233 - - [12/Jul/2021:05:03:33 -0400] "GET /wp-content/themes/royal-magazine/assets/libraries/marquee/jquery.marquee.js?ver=5.7.2 HTTP/1.1" 200 5103 "https://ajhydell.com/2019/06/19/hitler-depicted-as-a-maneater-in-british-wartime-propaganda-poster-1942-source-the-british-library/" "Mozilla/5.0 (compatible; MSIE 9.0; Windows NT 6.1; Trident/5.0;  Trident/5.0)"
23.100.232.233 - - [12/Jul/2021:05:03:33 -0400] "GET /wp-content/themes/royal-magazine/assets/libraries/bootstrap/js/bootstrap.min.js?ver=5.7.2 HTTP/1.1" 200 10404 "https://ajhydell.com/2019/06/19/hitler-depicted-as-a-maneater-in-british-wartime-propaganda-poster-1942-source-the-british-library/" "Mozilla/5.0 (compatible; MSIE 9.0; Windows NT 6.1; Trident/5.0;  Trident/5.0)"
23.100.232.233 - - [12/Jul/2021:05:03:34 -0400] "GET /wp-content/themes/royal-magazine/assets/twp/js/custom-script.js?ver=5.7.2 HTTP/1.1" 200 3023 "https://ajhydell.com/2019/06/19/hitler-depicted-as-a-maneater-in-british-wartime-propaganda-poster-1942-source-the-british-library/" "Mozilla/5.0 (compatible; MSIE 9.0; Windows NT 6.1; Trident/5.0;  Trident/5.0)"
23.100.232.233 - - [12/Jul/2021:05:03:34 -0400] "GET /wp-content/themes/royal-magazine/assets/libraries/magnific-popup/jquery.magnific-popup.min.js?ver=5.7.2 HTTP/1.1" 200 7871 "https://ajhydell.com/2019/06/19/hitler-depicted-as-a-maneater-in-british-wartime-propaganda-poster-1942-source-the-british-library/" "Mozilla/5.0 (compatible; MSIE 9.0; Windows NT 6.1; Trident/5.0;  Trident/5.0)"
23.100.232.233 - - [12/Jul/2021:05:03:36 -0400] "GET /wp-content/themes/royal-magazine/assets/libraries/theiaStickySidebar/theia-sticky-sidebar.min.js?ver=5.7.2 HTTP/1.1" 200 2271 "https://ajhydell.com/2019/06/19/hitler-depicted-as-a-maneater-in-british-wartime-propaganda-poster-1942-source-the-british-library/" "Mozilla/5.0 (compatible; MSIE 9.0; Windows NT 6.1; Trident/5.0;  Trident/5.0)"
23.100.232.233 - - [12/Jul/2021:05:03:36 -0400] "GET /wp-content/plugins/facebook-pagelike-widget/fb.js?ver=1.0 HTTP/1.1" 200 821 "https://ajhydell.com/2019/06/19/hitler-depicted-as-a-maneater-in-british-wartime-propaganda-poster-1942-source-the-british-library/" "Mozilla/5.0 (compatible; MSIE 9.0; Windows NT 6.1; Trident/5.0;  Trident/5.0)"
23.100.232.233 - - [12/Jul/2021:05:03:36 -0400] "GET /wp-includes/js/wp-embed.min.js?ver=5.7.2 HTTP/1.1" 200 1221 "https://ajhydell.com/2019/06/19/hitler-depicted-as-a-maneater-in-british-wartime-propaganda-poster-1942-source-the-british-library/" "Mozilla/5.0 (compatible; MSIE 9.0; Windows NT 6.1; Trident/5.0;  Trident/5.0)"
204.48.19.85 - - [12/Jul/2021:05:04:34 -0400] "POST /wp-cron.php?doing_wp_cron=1626080674.3089990615844726562500 HTTP/1.1" 200 6295 "https://ajhydell.com/wp-cron.php?doing_wp_cron=1626080674.3089990615844726562500" "WordPress/5.7.2; https://ajhydell.com"
161.35.208.18 - - [12/Jul/2021:05:04:34 -0400] "POST /wp-login.php HTTP/1.1" 200 8861 "-" "Mozilla/5.0 (Windows NT 6.1; Win64; x64) AppleWebKit/537.36 (KHTML, like Gecko) Chrome/80.0.3987.106 Safari/537.36"
204.48.19.85 - - [12/Jul/2021:05:05:33 -0400] "POST /wp-cron.php?doing_wp_cron=1626080733.6936900615692138671875 HTTP/1.1" 200 6295 "https://ajhydell.com/wp-cron.php?doing_wp_cron=1626080733.6936900615692138671875" "WordPress/5.7.2; https://ajhydell.com"
106.38.241.114 - - [12/Jul/2021:05:05:33 -0400] "GET / HTTP/1.1" 200 19732 "-" "Sogou web spider/4.0(+http://www.sogou.com/docs/help/webmasters.htm#07)"
157.55.39.62 - - [12/Jul/2021:05:10:10 -0400] "GET / HTTP/1.1" 301 565 "-" "Mozilla/5.0 (compatible; bingbot/2.0; +http://www.bing.com/bingbot.htm)"
204.48.19.85 - - [12/Jul/2021:05:12:16 -0400] "POST /wp-cron.php?doing_wp_cron=1626081135.9959199428558349609375 HTTP/1.1" 200 6295 "https://ajhydell.com/wp-cron.php?doing_wp_cron=1626081135.9959199428558349609375" "WordPress/5.7.2; https://ajhydell.com"
5.102.173.71 - - [12/Jul/2021:05:12:15 -0400] "GET /robots.txt HTTP/1.1" 200 5811 "-" "Mozilla/5.0 (compatible; MojeekBot/0.10; +https://www.mojeek.com/bot.html)"
5.102.173.71 - - [12/Jul/2021:05:12:16 -0400] "GET /2021/07/10/a-female-samurai-1860-1309x2048/ HTTP/1.1" 200 12785 "-" "Mozilla/5.0 (compatible; MojeekBot/0.10; +https://www.mojeek.com/bot.html)"
54.36.148.117 - - [12/Jul/2021:05:12:34 -0400] "GET /2021/03/20/police-officer-wearing-a-face-mask-during-the-london-smog-in-1952-1600x1011/ HTTP/1.1" 200 19069 "-" "Mozilla/5.0 (compatible; AhrefsBot/7.0; +http://ahrefs.com/robot/)"
157.55.39.62 - - [12/Jul/2021:05:12:59 -0400] "GET /wp-content/uploads/2021/05/picture-20-686x1024.jpg HTTP/1.1" 200 90237 "-" "Mozilla/5.0 (compatible; bingbot/2.0; +http://www.bing.com/bingbot.htm)"
204.48.19.85 - - [12/Jul/2021:05:13:03 -0400] "POST /wp-cron.php?doing_wp_cron=1626081183.1712200641632080078125 HTTP/1.1" 200 6295 "https://ajhydell.com/wp-cron.php?doing_wp_cron=1626081183.1712200641632080078125" "WordPress/5.7.2; https://ajhydell.com"
5.255.253.148 - - [12/Jul/2021:05:13:03 -0400] "GET /2021/02/27/a-french-commando-takes-a-german-heer-infantryman-prisoner-whos-hiding-in-a-ditch-behind-a-shot-up-citroen-traction-11cv-after-a-firefight-in-belfort-france-20th-november-1944/ HTTP/1.1" 200 19219 "-" "Mozilla/5.0 (compatible; YandexBot/3.0; +http://yandex.com/bots)"
204.48.19.85 - - [12/Jul/2021:05:14:25 -0400] "POST /wp-cron.php?doing_wp_cron=1626081265.1769249439239501953125 HTTP/1.1" 200 6295 "https://ajhydell.com/wp-cron.php?doing_wp_cron=1626081265.1769249439239501953125" "WordPress/5.7.2; https://ajhydell.com"
91.134.248.192 - - [12/Jul/2021:05:14:25 -0400] "POST /wp-login.php HTTP/1.1" 200 8861 "-" "Mozilla/5.0 (Windows NT 6.1) AppleWebKit/537.36 (KHTML, like Gecko) Chrome/58.0.3029.110 Safari/537.36"
204.48.19.85 - - [12/Jul/2021:05:15:01 -0400] "POST /wp-cron.php?doing_wp_cron=1626081301.9415469169616699218750 HTTP/1.1" 200 6295 "https://ajhydell.com/wp-cron.php?doing_wp_cron=1626081301.9415469169616699218750" "WordPress/5.7.2; https://ajhydell.com"
207.46.13.70 - - [12/Jul/2021:05:15:01 -0400] "GET /2021/07/10/one-coat-covers-like-magic-kem-tone-paints-1944 HTTP/1.1" 301 6040 "-" "Mozilla/5.0 (compatible; bingbot/2.0; +http://www.bing.com/bingbot.htm)"
207.46.13.70 - - [12/Jul/2021:05:15:03 -0400] "GET /2021/07/10/one-coat-covers-like-magic-kem-tone-paints-1944/ HTTP/1.1" 200 18553 "-" "Mozilla/5.0 (compatible; bingbot/2.0; +http://www.bing.com/bingbot.htm)"
204.48.19.85 - - [12/Jul/2021:05:17:47 -0400] "POST /wp-cron.php?doing_wp_cron=1626081467.9524950981140136718750 HTTP/1.1" 200 6295 "https://ajhydell.com/wp-cron.php?doing_wp_cron=1626081467.9524950981140136718750" "WordPress/5.7.2; https://ajhydell.com"
40.77.167.94 - - [12/Jul/2021:05:17:47 -0400] "GET /2021/07/10/ HTTP/1.1" 200 18352 "-" "Mozilla/5.0 (compatible; bingbot/2.0; +http://www.bing.com/bingbot.htm)"
207.46.13.54 - - [12/Jul/2021:05:17:52 -0400] "GET /2021/07/12/john-lennon-signing-an-autograph-for-mark-david-chapman-the-man-who-would-kill-him-five-hours-later-nyc-1980-602x382/ HTTP/1.1" 200 18317 "-" "Mozilla/5.0 (compatible; bingbot/2.0; +http://www.bing.com/bingbot.htm)"
40.77.139.53 - - [12/Jul/2021:05:17:57 -0400] "GET /wp-content/themes/royal-magazine/js/skip-link-focus-fix.js?ver=20151215 HTTP/1.1" 200 6900 "-" "Mozilla/5.0 (Windows NT 6.1; WOW64) AppleWebKit/534+ (KHTML, like Gecko) BingPreview/1.0b"
40.77.139.8 - - [12/Jul/2021:05:17:57 -0400] "GET /wp-content/themes/royal-magazine/assets/libraries/slick/js/slick.min.js?ver=5.7.2 HTTP/1.1" 200 48047 "-" "Mozilla/5.0 (Windows NT 6.1; WOW64) AppleWebKit/534+ (KHTML, like Gecko) BingPreview/1.0b"
40.77.139.2 - - [12/Jul/2021:05:17:58 -0400] "GET /wp-includes/js/wp-embed.min.js?ver=5.7.2 HTTP/1.1" 200 7414 "-" "Mozilla/5.0 (Windows NT 6.1; WOW64) AppleWebKit/534+ (KHTML, like Gecko) BingPreview/1.0b"
40.77.190.191 - - [12/Jul/2021:05:17:58 -0400] "GET /?wordfence_lh=1&hid=A27FB30D679BFB3BD6A545E76618BC5A&r=0.49239168998604943 HTTP/1.1" 200 6388 "https://ajhydell.com/2021/07/12/john-lennon-signing-an-autograph-for-mark-david-chapman-the-man-who-would-kill-him-five-hours-later-nyc-1980-602x382/" "Mozilla/5.0 (Windows NT 6.1; WOW64) AppleWebKit/534+ (KHTML, like Gecko) BingPreview/1.0b"
40.77.191.233 - - [12/Jul/2021:05:18:00 -0400] "GET /?wordfence_lh=1&hid=0BC3EF88972C70A2D05B68377C825E7C&r=0.26801771275193986 HTTP/1.1" 200 5918 "-" "Mozilla/5.0 (Windows NT 6.1; WOW64) AppleWebKit/534+ (KHTML, like Gecko) BingPreview/1.0b"
17.121.113.21 - - [12/Jul/2021:05:18:06 -0400] "GET /2020/11/02/german-mg-crew-operating-out-of-a-destroyed-t34/ HTTP/1.1" 200 18166 "-" "Mozilla/5.0 (Macintosh; Intel Mac OS X 10_15_5) AppleWebKit/605.1.15 (KHTML, like Gecko) Version/13.1.1 Safari/605.1.15 (Applebot/0.1; +http://www.apple.com/go/applebot)"
51.195.111.194 - - [12/Jul/2021:05:18:11 -0400] "POST /wp-login.php HTTP/1.1" 503 24797 "-" "Mozilla/5.0 (Windows NT 6.1) AppleWebKit/537.36 (KHTML, like Gecko) Chrome/80.0.3987.149 Safari/537.36"
185.191.171.21 - - [12/Jul/2021:05:18:19 -0400] "GET /2021/01/02/ HTTP/1.1" 200 18977 "-" "Mozilla/5.0 (compatible; SemrushBot/7~bl; +http://www.semrush.com/bot.html)"
40.77.167.81 - - [12/Jul/2021:05:18:40 -0400] "GET /2020/12/27/anti-racist-poster-google-suggestions-circa-2010/ HTTP/1.1" 200 18407 "-" "Mozilla/5.0 (compatible; bingbot/2.0; +http://www.bing.com/bingbot.htm)"
157.55.39.190 - - [12/Jul/2021:05:18:44 -0400] "GET /wp-content/uploads/2021/07/picture-52.jpg HTTP/1.1" 200 67749 "-" "Mozilla/5.0 (compatible; bingbot/2.0; +http://www.bing.com/bingbot.htm)"
204.48.19.85 - - [12/Jul/2021:05:19:17 -0400] "POST /wp-cron.php?doing_wp_cron=1626081557.6193261146545410156250 HTTP/1.1" 200 6295 "https://ajhydell.com/wp-cron.php?doing_wp_cron=1626081557.6193261146545410156250" "WordPress/5.7.2; https://ajhydell.com"
67.205.3.168 - - [12/Jul/2021:05:19:17 -0400] "GET /wp-login.php HTTP/1.1" 200 8605 "-" "Mozilla/5.0 (X11; Ubuntu; Linux x86_64; rv:62.0) Gecko/20100101 Firefox/62.0"
67.205.3.168 - - [12/Jul/2021:05:19:17 -0400] "POST /wp-login.php HTTP/1.1" 200 8702 "-" "Mozilla/5.0 (X11; Ubuntu; Linux x86_64; rv:62.0) Gecko/20100101 Firefox/62.0"
67.205.3.168 - - [12/Jul/2021:05:19:17 -0400] "POST /xmlrpc.php HTTP/1.1" 200 5852 "-" "Mozilla/5.0 (X11; Ubuntu; Linux x86_64; rv:62.0) Gecko/20100101 Firefox/62.0"
40.77.167.7 - - [12/Jul/2021:05:19:18 -0400] "GET /wp-content/uploads/2020/08/picture-79.jpg HTTP/1.1" 200 125113 "-" "Mozilla/5.0 (compatible; bingbot/2.0; +http://www.bing.com/bingbot.htm)"
62.210.188.218 - - [12/Jul/2021:05:19:20 -0400] "GET /wp-json/oembed/1.0/embed?url=https%3A%2F%2Fajhydell.com%2F2020%2F09%2F24%2F10-years-old-joe-biden-1953%2F&format=xml HTTP/1.1" 200 7930 "-" "Mozilla/5.0 (compatible; Barkrowler/0.9; +https://babbar.tech/crawler)"
62.210.188.218 - - [12/Jul/2021:05:19:28 -0400] "GET /wp-json/oembed/1.0/embed?url=https%3A%2F%2Fajhydell.com%2F2020%2F05%2F03%2Fa-1940s-anti-vax-comic%2F&format=xml HTTP/1.1" 200 7915 "-" "Mozilla/5.0 (compatible; Barkrowler/0.9; +https://babbar.tech/crawler)"
62.210.188.218 - - [12/Jul/2021:05:19:37 -0400] "GET /wp-json/oembed/1.0/embed?url=https%3A%2F%2Fajhydell.com%2F2021%2F01%2F02%2Fgolden-fluffo-more-appetizing-1955%2F&format=xml HTTP/1.1" 200 7937 "-" "Mozilla/5.0 (compatible; Barkrowler/0.9; +https://babbar.tech/crawler)"
204.48.19.85 - - [12/Jul/2021:05:19:45 -0400] "POST /wp-cron.php?doing_wp_cron=1626081585.5212941169738769531250 HTTP/1.1" 200 6295 "https://ajhydell.com/wp-cron.php?doing_wp_cron=1626081585.5212941169738769531250" "WordPress/5.7.2; https://ajhydell.com"
62.210.188.218 - - [12/Jul/2021:05:19:45 -0400] "GET /wp-json/oembed/1.0/embed?url=https%3A%2F%2Fajhydell.com%2F2021%2F01%2F08%2Fpepsi-cola-for-perfect-parties-1940%2F HTTP/1.1" 200 9139 "-" "Mozilla/5.0 (compatible; Barkrowler/0.9; +https://babbar.tech/crawler)"
54.36.148.117 - - [12/Jul/2021:05:19:51 -0400] "GET /2020/12/07/a-woman-overlooking-a-snowy-mountain-pass-in-the-pyrenees-mountains-france-1956-1125-x-749/ HTTP/1.1" 200 19020 "-" "Mozilla/5.0 (compatible; AhrefsBot/7.0; +http://ahrefs.com/robot/)"
62.210.188.218 - - [12/Jul/2021:05:19:53 -0400] "GET /wp-json/oembed/1.0/embed?url=https%3A%2F%2Fajhydell.com%2F2021%2F03%2F03%2Fmadballs-by-amtoy-1986%2F&format=xml HTTP/1.1" 200 7917 "-" "Mozilla/5.0 (compatible; Barkrowler/0.9; +https://babbar.tech/crawler)"
62.210.188.218 - - [12/Jul/2021:05:20:02 -0400] "GET /wp-json/oembed/1.0/embed?url=https%3A%2F%2Fajhydell.com%2F2019%2F08%2F19%2Fbaku-intourist-ussr-1930s%2F&format=xml HTTP/1.1" 200 7927 "-" "Mozilla/5.0 (compatible; Barkrowler/0.9; +https://babbar.tech/crawler)"
62.210.188.218 - - [12/Jul/2021:05:20:10 -0400] "GET /wp-json/oembed/1.0/embed?url=https%3A%2F%2Fajhydell.com%2F2019%2F08%2F25%2Facrobats-on-the-empire-state-building-1934%2F HTTP/1.1" 200 9177 "-" "Mozilla/5.0 (compatible; Barkrowler/0.9; +https://babbar.tech/crawler)"
5.102.173.71 - - [12/Jul/2021:05:20:14 -0400] "GET /robots.txt HTTP/1.1" 200 5811 "-" "Mozilla/5.0 (compatible; MojeekBot/0.10; +https://www.mojeek.com/bot.html)"
5.102.173.71 - - [12/Jul/2021:05:20:14 -0400] "GET /2021/07/11/the-amazing-record-eater-1967/ HTTP/1.1" 200 12672 "-" "Mozilla/5.0 (compatible; MojeekBot/0.10; +https://www.mojeek.com/bot.html)"
62.210.188.218 - - [12/Jul/2021:05:20:18 -0400] "GET /wp-json/oembed/1.0/embed?url=https%3A%2F%2Fajhydell.com%2F2019%2F12%2F22%2Fattack-on-all-fronts-canada-wwii%2F&format=xml HTTP/1.1" 200 7941 "-" "Mozilla/5.0 (compatible; Barkrowler/0.9; +https://babbar.tech/crawler)"
62.210.188.218 - - [12/Jul/2021:05:20:27 -0400] "GET /wp-json/oembed/1.0/embed?url=https%3A%2F%2Fajhydell.com%2F2019%2F12%2F30%2Fjfk-and-siblings-1927-500x320%2F HTTP/1.1" 200 9127 "-" "Mozilla/5.0 (compatible; Barkrowler/0.9; +https://babbar.tech/crawler)"
62.210.188.218 - - [12/Jul/2021:05:20:35 -0400] "GET /wp-json/oembed/1.0/embed?url=https%3A%2F%2Fajhydell.com%2F2018%2F08%2F28%2Fdead-germans-piled-outside-stalingrad-1943%2F HTTP/1.1" 200 9175 "-" "Mozilla/5.0 (compatible; Barkrowler/0.9; +https://babbar.tech/crawler)"
62.210.188.218 - - [12/Jul/2021:05:20:43 -0400] "GET /2018/12/25/surveillance-image-of-the-suffragette-prisoner-grace-marcon-my-first-colorization-attempt/feed/ HTTP/1.1" 200 7266 "-" "Mozilla/5.0 (compatible; Barkrowler/0.9; +https://babbar.tech/crawler)"
204.48.19.85 - - [12/Jul/2021:05:20:52 -0400] "POST /wp-cron.php?doing_wp_cron=1626081652.3309760093688964843750 HTTP/1.1" 200 6295 "https://ajhydell.com/wp-cron.php?doing_wp_cron=1626081652.3309760093688964843750" "WordPress/5.7.2; https://ajhydell.com"
62.210.188.218 - - [12/Jul/2021:05:20:52 -0400] "GET /2018/11/18/m8-greyhound-armored-car-passing-under-the-arc-de-triomphe-paris-france-aug-1944/ HTTP/1.1" 200 19003 "-" "Mozilla/5.0 (compatible; Barkrowler/0.9; +https://babbar.tech/crawler)"
62.210.188.218 - - [12/Jul/2021:05:21:00 -0400] "GET /2018/11/25/king-edward-vii-and-tsar-nicholas-ii-pass-by-operation-team-on-the-yacht-standart-1908/ HTTP/1.1" 200 19115 "-" "Mozilla/5.0 (compatible; Barkrowler/0.9; +https://babbar.tech/crawler)"
62.210.188.218 - - [12/Jul/2021:05:21:09 -0400] "GET /2018/11/12/colourised-a-soldiers-stands-in-a-flooded-dugout-on-the-western-front-c-1917-900x653/ HTTP/1.1" 200 18960 "-" "Mozilla/5.0 (compatible; Barkrowler/0.9; +https://babbar.tech/crawler)"
62.210.188.218 - - [12/Jul/2021:05:21:17 -0400] "GET /2019/08/20/hungarian-anti-war-poster-from-1912-2-years-before-ww1-austro-hungarian-empire/feed/ HTTP/1.1" 200 7246 "-" "Mozilla/5.0 (compatible; Barkrowler/0.9; +https://babbar.tech/crawler)"
62.210.188.218 - - [12/Jul/2021:05:21:26 -0400] "GET /2019/12/23/carefully-worded-abortifacient-advert-from-the-june-1936-issue-of-pep-stories/ HTTP/1.1" 200 19072 "-" "Mozilla/5.0 (compatible; Barkrowler/0.9; +https://babbar.tech/crawler)"
62.210.188.218 - - [12/Jul/2021:05:21:34 -0400] "GET /2020/01/25/wojtek-among-the-soldiers-of-the-22nd-polish-artillery-company-in-1943-2000x1332/ HTTP/1.1" 200 18965 "-" "Mozilla/5.0 (compatible; Barkrowler/0.9; +https://babbar.tech/crawler)"
62.210.188.218 - - [12/Jul/2021:05:21:43 -0400] "GET /2020/11/05/paris-august-25-1944-resistance-fighters-and-french-soldier-of-the-2nd-armored-division/feed/ HTTP/1.1" 200 1763 "-" "Mozilla/5.0 (compatible; Barkrowler/0.9; +https://babbar.tech/crawler)"
204.48.19.85 - - [12/Jul/2021:05:21:51 -0400] "POST /wp-cron.php?doing_wp_cron=1626081711.5726580619812011718750 HTTP/1.1" 200 6295 "https://ajhydell.com/wp-cron.php?doing_wp_cron=1626081711.5726580619812011718750" "WordPress/5.7.2; https://ajhydell.com"
62.210.188.218 - - [12/Jul/2021:05:21:51 -0400] "GET /2020/10/04/together-we-shall-strangle-hitlerism-united-kingdom-ran-between-1940-46-unknown-artist/feed/ HTTP/1.1" 200 7295 "-" "Mozilla/5.0 (compatible; Barkrowler/0.9; +https://babbar.tech/crawler)"
62.210.188.218 - - [12/Jul/2021:05:21:59 -0400] "GET /2020/12/29/suriname-after-250-years-as-a-dutch-colony-compared-to-other-dutch-colonies-1917/feed/ HTTP/1.1" 200 7246 "-" "Mozilla/5.0 (compatible; Barkrowler/0.9; +https://babbar.tech/crawler)"
62.210.188.218 - - [12/Jul/2021:05:22:08 -0400] "GET /2020/12/27/the-weathered-face-of-norwegian-polar-explorer-tryggve-gran-1923-337x480/feed/ HTTP/1.1" 200 7262 "-" "Mozilla/5.0 (compatible; Barkrowler/0.9; +https://babbar.tech/crawler)"
66.249.65.228 - - [12/Jul/2021:05:22:11 -0400] "GET /2021/06/27/soviet-poster-about-hiroshima-c-1991/ HTTP/1.1" 200 18969 "-" "Mozilla/5.0 (compatible; Googlebot/2.1; +http://www.google.com/bot.html)"
62.210.188.218 - - [12/Jul/2021:05:22:16 -0400] "GET /2020/06/30/an-uzi-armed-israeli-soldier-on-guard-negev-desert-1956-2048x3072/ HTTP/1.1" 200 19065 "-" "Mozilla/5.0 (compatible; Barkrowler/0.9; +https://babbar.tech/crawler)"
62.210.188.218 - - [12/Jul/2021:05:22:25 -0400] "GET /2020/07/24/to-the-east-1941-to-the-west-1944-by-russian-artist-viktor-deni-denisov-ussr-1944/ HTTP/1.1" 200 19033 "-" "Mozilla/5.0 (compatible; Barkrowler/0.9; +https://babbar.tech/crawler)"
62.210.188.218 - - [12/Jul/2021:05:22:33 -0400] "GET /2020/07/29/silent-parade-1917-new-york-organized-by-naacp-to-promote-civil-rights-761-x-506/ HTTP/1.1" 200 18994 "-" "Mozilla/5.0 (compatible; Barkrowler/0.9; +https://babbar.tech/crawler)"
62.210.188.218 - - [12/Jul/2021:05:22:42 -0400] "GET /2020/07/29/imperial-japanese-navy-special-naval-landing-force-troops-on-a-beach-in-the-dutch-east-indies-1942/feed/ HTTP/1.1" 200 7278 "-" "Mozilla/5.0 (compatible; Barkrowler/0.9; +https://babbar.tech/crawler)"
204.48.19.85 - - [12/Jul/2021:05:22:50 -0400] "POST /wp-cron.php?doing_wp_cron=1626081770.5168800354003906250000 HTTP/1.1" 200 6295 "https://ajhydell.com/wp-cron.php?doing_wp_cron=1626081770.5168800354003906250000" "WordPress/5.7.2; https://ajhydell.com"
62.210.188.218 - - [12/Jul/2021:05:22:50 -0400] "GET /2020/07/23/chairman-mao-zedong-is-the-great-liberator-of-the-worlds-revolutionary-peoples-china-1968/ HTTP/1.1" 200 19033 "-" "Mozilla/5.0 (compatible; Barkrowler/0.9; +https://babbar.tech/crawler)"
62.210.188.218 - - [12/Jul/2021:05:22:59 -0400] "GET /2020/09/08/struggle-with-a-giant-ray-arabian-sea-off-the-coast-of-karachi-india-1933-683x500/ HTTP/1.1" 200 19016 "-" "Mozilla/5.0 (compatible; Barkrowler/0.9; +https://babbar.tech/crawler)"
62.210.188.218 - - [12/Jul/2021:05:23:07 -0400] "GET /2020/09/23/a-u-s-marine-patrol-crosses-the-matanikau-river-on-guadalcanal-in-september-1942/ HTTP/1.1" 200 19142 "-" "Mozilla/5.0 (compatible; Barkrowler/0.9; +https://babbar.tech/crawler)"
62.210.188.218 - - [12/Jul/2021:05:23:15 -0400] "GET /2020/09/23/a-u-s-marine-patrol-crosses-the-matanikau-river-on-guadalcanal-in-september-1942/feed/ HTTP/1.1" 200 7254 "-" "Mozilla/5.0 (compatible; Barkrowler/0.9; +https://babbar.tech/crawler)"
207.46.13.137 - - [12/Jul/2021:05:23:21 -0400] "GET /2020/10/18/sensible-mothers-wear-good-sense-beautiful-children-wear-good-sense-corset-ad-c-1890s/ HTTP/1.1" 200 18594 "-" "Mozilla/5.0 (compatible; bingbot/2.0; +http://www.bing.com/bingbot.htm)"
62.210.188.218 - - [12/Jul/2021:05:23:24 -0400] "GET /2020/09/07/postcard-of-1943-poster-created-by-weimar-pursell-printed-by-government-printing-office/ HTTP/1.1" 200 19158 "-" "Mozilla/5.0 (compatible; Barkrowler/0.9; +https://babbar.tech/crawler)"
204.48.19.85 - - [12/Jul/2021:05:23:32 -0400] "POST /wp-cron.php?doing_wp_cron=1626081812.9160649776458740234375 HTTP/1.1" 200 6295 "https://ajhydell.com/wp-cron.php?doing_wp_cron=1626081812.9160649776458740234375" "WordPress/5.7.2; https://ajhydell.com"
62.210.188.218 - - [12/Jul/2021:05:23:32 -0400] "GET /2020/09/08/land-o-lakes-native-design-jewelry-and-leather-ad-from-seventeen-magazine-june-1970/feed/ HTTP/1.1" 200 7263 "-" "Mozilla/5.0 (compatible; Barkrowler/0.9; +https://babbar.tech/crawler)"
62.210.188.218 - - [12/Jul/2021:05:23:41 -0400] "GET /2020/05/24/frida-kahlo-posing-with-one-of-her-xoloitzcuintles-1944-800-x-882/ HTTP/1.1" 200 18972 "-" "Mozilla/5.0 (compatible; Barkrowler/0.9; +https://babbar.tech/crawler)"
207.46.13.113 - - [12/Jul/2021:05:23:46 -0400] "GET /wp-content/uploads/2021/04/picture-141-768x983.jpg HTTP/1.1" 200 100213 "-" "Mozilla/5.0 (compatible; bingbot/2.0; +http://www.bing.com/bingbot.htm)"
204.48.19.85 - - [12/Jul/2021:05:23:49 -0400] "POST /wp-cron.php?doing_wp_cron=1626081829.7678730487823486328125 HTTP/1.1" 200 6295 "https://ajhydell.com/wp-cron.php?doing_wp_cron=1626081829.7678730487823486328125" "WordPress/5.7.2; https://ajhydell.com"
62.210.188.218 - - [12/Jul/2021:05:23:49 -0400] "GET /2020/05/24/1945-wwii-okinawa-us-marine-lights-a-pipe-for-a-native-1476-x-1200/feed/ HTTP/1.1" 200 7254 "-" "Mozilla/5.0 (compatible; Barkrowler/0.9; +https://babbar.tech/crawler)"
62.210.188.218 - - [12/Jul/2021:05:23:58 -0400] "GET /2020/05/29/kitty-genovese-whose-murder-in-1964-led-to-research-into-the-bystander-effect/feed/ HTTP/1.1" 200 7250 "-" "Mozilla/5.0 (compatible; Barkrowler/0.9; +https://babbar.tech/crawler)"
62.210.188.218 - - [12/Jul/2021:05:24:06 -0400] "GET /2020/05/29/kitty-genovese-whose-murder-in-1964-led-to-research-into-the-bystander-effect/ HTTP/1.1" 200 19225 "-" "Mozilla/5.0 (compatible; Barkrowler/0.9; +https://babbar.tech/crawler)"
62.210.188.218 - - [12/Jul/2021:05:24:14 -0400] "GET /2020/10/13/only-a-strong-america-can-prevent-atomic-war-comic-published-by-ace-comics-in-november-1952/feed/ HTTP/1.1" 200 7283 "-" "Mozilla/5.0 (compatible; Barkrowler/0.9; +https://babbar.tech/crawler)"
62.210.188.218 - - [12/Jul/2021:05:24:23 -0400] "GET /2020/10/13/only-a-strong-america-can-prevent-atomic-war-comic-published-by-ace-comics-in-november-1952/ HTTP/1.1" 200 19113 "-" "Mozilla/5.0 (compatible; Barkrowler/0.9; +https://babbar.tech/crawler)"
40.77.167.81 - - [12/Jul/2021:05:24:29 -0400] "GET /2019/11/01/over-100000-german-prisoners-in-a-makeshift-pow-camp-on-the-western-front-life-magazine-may-1945-1853x1478/ HTTP/1.1" 200 18635 "-" "Mozilla/5.0 (compatible; bingbot/2.0; +http://www.bing.com/bingbot.htm)"
40.77.167.7 - - [12/Jul/2021:05:25:49 -0400] "GET /wp-content/uploads/2021/05/picture-64-768x872.jpg HTTP/1.1" 200 121437 "-" "Mozilla/5.0 (compatible; bingbot/2.0; +http://www.bing.com/bingbot.htm)"
204.48.19.85 - - [12/Jul/2021:05:27:04 -0400] "POST /wp-cron.php?doing_wp_cron=1626082024.8527390956878662109375 HTTP/1.1" 200 6295 "https://ajhydell.com/wp-cron.php?doing_wp_cron=1626082024.8527390956878662109375" "WordPress/5.7.2; https://ajhydell.com"
54.36.148.117 - - [12/Jul/2021:05:27:04 -0400] "GET /2018/09/17/children-of-new-china-1950/ HTTP/1.1" 200 18907 "-" "Mozilla/5.0 (compatible; AhrefsBot/7.0; +http://ahrefs.com/robot/)"
167.172.175.147 - - [12/Jul/2021:05:27:41 -0400] "POST /wp-login.php HTTP/1.1" 503 24797 "-" "Mozilla/5.0 (Windows NT 10.0; WOW64) AppleWebKit/537.36 (KHTML, like Gecko) Chrome/79.0.3945.130 Safari/537.36"
204.48.19.85 - - [12/Jul/2021:05:28:58 -0400] "POST /wp-cron.php?doing_wp_cron=1626082138.3150510787963867187500 HTTP/1.1" 200 6295 "https://ajhydell.com/wp-cron.php?doing_wp_cron=1626082138.3150510787963867187500" "WordPress/5.7.2; https://ajhydell.com"
112.133.245.181 - - [12/Jul/2021:05:28:58 -0400] "POST /xmlrpc.php HTTP/1.1" 503 24275 "-" "Mozilla/5.0 (X11; Linux i686; rv:2.0.1) Gecko/20100101 Firefox/4.0.1"
112.133.245.181 - - [12/Jul/2021:05:29:02 -0400] "POST /wp-login.php HTTP/1.1" 503 24041 "-" "Mozilla/5.0 (X11; Linux i686; rv:2.0.1) Gecko/20100101 Firefox/4.0.1"
204.48.19.85 - - [12/Jul/2021:05:30:20 -0400] "POST /?wordfence_syncAttackData=1626082220.5767 HTTP/1.1" 200 6300 "https://ajhydell.com/?wordfence_syncAttackData=1626082220.5767" "WordPress/5.7.2; https://ajhydell.com"
204.48.19.85 - - [12/Jul/2021:05:30:20 -0400] "POST /wp-cron.php?doing_wp_cron=1626082220.6692440509796142578125 HTTP/1.1" 200 6295 "https://ajhydell.com/wp-cron.php?doing_wp_cron=1626082220.6692440509796142578125" "WordPress/5.7.2; https://ajhydell.com"
66.249.65.226 - - [12/Jul/2021:05:30:20 -0400] "GET /feed/ HTTP/1.1" 200 8150 "-" "Mozilla/5.0 (compatible; Googlebot/2.1; +http://www.google.com/bot.html)"
66.249.65.226 - - [12/Jul/2021:05:30:23 -0400] "GET /2021/07/12/john-lennon-signing-an-autograph-for-mark-david-chapman-the-man-who-would-kill-him-five-hours-later-nyc-1980-602x382/ HTTP/1.1" 200 12721 "-" "Mozilla/5.0 (Linux; Android 6.0.1; Nexus 5X Build/MMB29P) AppleWebKit/537.36 (KHTML, like Gecko) Chrome/91.0.4472.90 Mobile Safari/537.36 (compatible; Googlebot/2.1; +http://www.google.com/bot.html)"
204.48.19.85 - - [12/Jul/2021:05:31:21 -0400] "POST /wp-cron.php?doing_wp_cron=1626082281.4538679122924804687500 HTTP/1.1" 200 6295 "https://ajhydell.com/wp-cron.php?doing_wp_cron=1626082281.4538679122924804687500" "WordPress/5.7.2; https://ajhydell.com"
13.250.52.192 - - [12/Jul/2021:05:31:21 -0400] "POST /wp-login.php HTTP/1.1" 503 24797 "-" "Mozilla/5.0 (Windows NT 6.1) AppleWebKit/537.36 (KHTML, like Gecko) Chrome/80.0.3987.149 Safari/537.36"
66.249.65.226 - - [12/Jul/2021:05:31:42 -0400] "GET /wp-content/uploads/2021/06/picture-57.jpg HTTP/1.1" 200 207750 "-" "Googlebot-Image/1.0"
204.48.19.85 - - [12/Jul/2021:05:31:49 -0400] "POST /wp-cron.php?doing_wp_cron=1626082309.8829829692840576171875 HTTP/1.1" 200 6295 "https://ajhydell.com/wp-cron.php?doing_wp_cron=1626082309.8829829692840576171875" "WordPress/5.7.2; https://ajhydell.com"
185.191.171.37 - - [12/Jul/2021:05:31:49 -0400] "GET /2021/03/11/viet-cong-guerrilla/ HTTP/1.1" 200 19020 "-" "Mozilla/5.0 (compatible; SemrushBot/7~bl; +http://www.semrush.com/bot.html)"
66.249.65.224 - - [12/Jul/2021:05:32:29 -0400] "GET /wp-content/uploads/2021/07/picture-52.jpg HTTP/1.1" 200 68144 "-" "Googlebot-Image/1.0"
204.48.19.85 - - [12/Jul/2021:05:33:28 -0400] "POST /wp-cron.php?doing_wp_cron=1626082408.2424819469451904296875 HTTP/1.1" 200 6295 "https://ajhydell.com/wp-cron.php?doing_wp_cron=1626082408.2424819469451904296875" "WordPress/5.7.2; https://ajhydell.com"
23.100.232.233 - - [12/Jul/2021:05:33:28 -0400] "GET /2018/08/23/lenin-vladimir-ilyich-ulyanov-july-1920/ HTTP/1.1" 200 17893 "-" "Mozilla/5.0 (compatible; MSIE 9.0; Windows NT 6.1; Trident/5.0;  Trident/5.0)"
23.100.232.233 - - [12/Jul/2021:05:33:29 -0400] "GET /wp-content/plugins/add-expires-headers/cache/0/com/processed-header-f16a8d323e83e1bc1b76514e283fb81b7090a959.min.css HTTP/1.1" 200 52893 "https://ajhydell.com/2018/08/23/lenin-vladimir-ilyich-ulyanov-july-1920/" "Mozilla/5.0 (compatible; MSIE 9.0; Windows NT 6.1; Trident/5.0;  Trident/5.0)"
23.100.232.233 - - [12/Jul/2021:05:33:29 -0400] "GET /wp-includes/js/jquery/jquery.min.js?ver=3.5.1 HTTP/1.1" 200 31550 "https://ajhydell.com/2018/08/23/lenin-vladimir-ilyich-ulyanov-july-1920/" "Mozilla/5.0 (compatible; MSIE 9.0; Windows NT 6.1; Trident/5.0;  Trident/5.0)"
23.100.232.233 - - [12/Jul/2021:05:33:29 -0400] "GET /wp-content/plugins/google-analytics-for-wordpress/assets/js/frontend-gtag.min.js?ver=7.17.0 HTTP/1.1" 200 3476 "https://ajhydell.com/2018/08/23/lenin-vladimir-ilyich-ulyanov-july-1920/" "Mozilla/5.0 (compatible; MSIE 9.0; Windows NT 6.1; Trident/5.0;  Trident/5.0)"
23.100.232.233 - - [12/Jul/2021:05:33:30 -0400] "GET /wp-includes/js/jquery/jquery-migrate.min.js?ver=3.3.2 HTTP/1.1" 200 4687 "https://ajhydell.com/2018/08/23/lenin-vladimir-ilyich-ulyanov-july-1920/" "Mozilla/5.0 (compatible; MSIE 9.0; Windows NT 6.1; Trident/5.0;  Trident/5.0)"
23.100.232.233 - - [12/Jul/2021:05:33:31 -0400] "GET /wp-content/themes/royal-magazine/js/skip-link-focus-fix.js?ver=20151215 HTTP/1.1" 200 933 "https://ajhydell.com/2018/08/23/lenin-vladimir-ilyich-ulyanov-july-1920/" "Mozilla/5.0 (compatible; MSIE 9.0; Windows NT 6.1; Trident/5.0;  Trident/5.0)"
23.100.232.233 - - [12/Jul/2021:05:33:31 -0400] "GET /wp-includes/js/wp-emoji-release.min.js?ver=5.7.2 HTTP/1.1" 200 5183 "https://ajhydell.com/2018/08/23/lenin-vladimir-ilyich-ulyanov-july-1920/" "Mozilla/5.0 (compatible; MSIE 9.0; Windows NT 6.1; Trident/5.0;  Trident/5.0)"
23.100.232.233 - - [12/Jul/2021:05:33:31 -0400] "GET /wp-content/themes/royal-magazine/assets/libraries/bootstrap/js/bootstrap.min.js?ver=5.7.2 HTTP/1.1" 200 10404 "https://ajhydell.com/2018/08/23/lenin-vladimir-ilyich-ulyanov-july-1920/" "Mozilla/5.0 (compatible; MSIE 9.0; Windows NT 6.1; Trident/5.0;  Trident/5.0)"
23.100.232.233 - - [12/Jul/2021:05:33:31 -0400] "GET /wp-content/themes/royal-magazine/assets/libraries/slick/js/slick.min.js?ver=5.7.2 HTTP/1.1" 200 10740 "https://ajhydell.com/2018/08/23/lenin-vladimir-ilyich-ulyanov-july-1920/" "Mozilla/5.0 (compatible; MSIE 9.0; Windows NT 6.1; Trident/5.0;  Trident/5.0)"
23.100.232.233 - - [12/Jul/2021:05:33:31 -0400] "GET /wp-content/themes/royal-magazine/assets/libraries/theiaStickySidebar/theia-sticky-sidebar.min.js?ver=5.7.2 HTTP/1.1" 200 2271 "https://ajhydell.com/2018/08/23/lenin-vladimir-ilyich-ulyanov-july-1920/" "Mozilla/5.0 (compatible; MSIE 9.0; Windows NT 6.1; Trident/5.0;  Trident/5.0)"
23.100.232.233 - - [12/Jul/2021:05:33:31 -0400] "GET /wp-content/themes/royal-magazine/assets/libraries/magnific-popup/jquery.magnific-popup.min.js?ver=5.7.2 HTTP/1.1" 200 7871 "https://ajhydell.com/2018/08/23/lenin-vladimir-ilyich-ulyanov-july-1920/" "Mozilla/5.0 (compatible; MSIE 9.0; Windows NT 6.1; Trident/5.0;  Trident/5.0)"
23.100.232.233 - - [12/Jul/2021:05:33:31 -0400] "GET /wp-includes/js/wp-embed.min.js?ver=5.7.2 HTTP/1.1" 200 1221 "https://ajhydell.com/2018/08/23/lenin-vladimir-ilyich-ulyanov-july-1920/" "Mozilla/5.0 (compatible; MSIE 9.0; Windows NT 6.1; Trident/5.0;  Trident/5.0)"
23.100.232.233 - - [12/Jul/2021:05:33:31 -0400] "GET /wp-content/plugins/facebook-pagelike-widget/fb.js?ver=1.0 HTTP/1.1" 200 821 "https://ajhydell.com/2018/08/23/lenin-vladimir-ilyich-ulyanov-july-1920/" "Mozilla/5.0 (compatible; MSIE 9.0; Windows NT 6.1; Trident/5.0;  Trident/5.0)"
23.100.232.233 - - [12/Jul/2021:05:33:32 -0400] "GET /wp-content/themes/royal-magazine/js/navigation.js?ver=20151215 HTTP/1.1" 200 1349 "https://ajhydell.com/2018/08/23/lenin-vladimir-ilyich-ulyanov-july-1920/" "Mozilla/5.0 (compatible; MSIE 9.0; Windows NT 6.1; Trident/5.0;  Trident/5.0)"
23.100.232.233 - - [12/Jul/2021:05:33:32 -0400] "GET /wp-content/themes/royal-magazine/assets/libraries/marquee/jquery.marquee.js?ver=5.7.2 HTTP/1.1" 200 5103 "https://ajhydell.com/2018/08/23/lenin-vladimir-ilyich-ulyanov-july-1920/" "Mozilla/5.0 (compatible; MSIE 9.0; Windows NT 6.1; Trident/5.0;  Trident/5.0)"
23.100.232.233 - - [12/Jul/2021:05:33:32 -0400] "GET /wp-content/themes/royal-magazine/assets/twp/js/custom-script.js?ver=5.7.2 HTTP/1.1" 200 3023 "https://ajhydell.com/2018/08/23/lenin-vladimir-ilyich-ulyanov-july-1920/" "Mozilla/5.0 (compatible; MSIE 9.0; Windows NT 6.1; Trident/5.0;  Trident/5.0)"
23.100.232.233 - - [12/Jul/2021:05:33:32 -0400] "GET /wp-content/plugins/wp-smushit/app/assets/js/smush-lazy-load.min.js?ver=3.8.7 HTTP/1.1" 200 4207 "https://ajhydell.com/2018/08/23/lenin-vladimir-ilyich-ulyanov-july-1920/" "Mozilla/5.0 (compatible; MSIE 9.0; Windows NT 6.1; Trident/5.0;  Trident/5.0)"
112.133.245.181 - - [12/Jul/2021:05:33:32 -0400] "POST /xmlrpc.php HTTP/1.1" 503 24041 "-" "Mozilla/5.0 (X11; Linux i686; rv:2.0.1) Gecko/20100101 Firefox/4.0.1"
112.133.245.181 - - [12/Jul/2021:05:33:33 -0400] "POST /wp-login.php HTTP/1.1" 503 24041 "-" "Mozilla/5.0 (X11; Linux i686; rv:2.0.1) Gecko/20100101 Firefox/4.0.1"
204.48.19.85 - - [12/Jul/2021:05:34:32 -0400] "POST /?wordfence_syncAttackData=1626082472.0841 HTTP/1.1" 200 6300 "https://ajhydell.com/?wordfence_syncAttackData=1626082472.0841" "WordPress/5.7.2; https://ajhydell.com"
204.48.19.85 - - [12/Jul/2021:05:34:32 -0400] "POST /wp-cron.php?doing_wp_cron=1626082472.1596949100494384765625 HTTP/1.1" 200 6295 "https://ajhydell.com/wp-cron.php?doing_wp_cron=1626082472.1596949100494384765625" "WordPress/5.7.2; https://ajhydell.com"
54.36.148.117 - - [12/Jul/2021:05:34:32 -0400] "GET /2019/03/18/international-workers-of-the-world-campaign-for-a-4-hour-work-day-date-unknown/ HTTP/1.1" 200 18886 "-" "Mozilla/5.0 (compatible; AhrefsBot/7.0; +http://ahrefs.com/robot/)"
204.48.19.85 - - [12/Jul/2021:05:35:00 -0400] "POST /wp-cron.php?doing_wp_cron=1626082500.6214818954467773437500 HTTP/1.1" 200 6295 "https://ajhydell.com/wp-cron.php?doing_wp_cron=1626082500.6214818954467773437500" "WordPress/5.7.2; https://ajhydell.com"
207.99.46.204 - - [12/Jul/2021:05:35:00 -0400] "GET / HTTP/1.1" 200 20216 "-" "Mozilla/5.0 (compatible; Googlebot/2.1; +http://www.google.com/bot.html)"
185.191.171.43 - - [12/Jul/2021:05:35:04 -0400] "GET /2021/05/20/photograph-entitled-wait-for-me-daddy-it-shows-a-child-running-to-his-father-a-canadian-soldier-before-being-deployed-during-the-second-world-war-behind-you-can-see-his-mother-october-1-194/ HTTP/1.1" 200 19194 "-" "Mozilla/5.0 (compatible; SemrushBot/7~bl; +http://www.semrush.com/bot.html)"
