157.90.182.30 - - [02/Jul/2021:00:38:23 -0400] "GET /2018/10/27/axis-propaganda-directed-to-india-ww2/ HTTP/1.1" 200 12905 "-" "Mozilla/5.0 (compatible; BLEXBot/1.0; +http://webmeup-crawler.com/)"
157.90.182.30 - - [02/Jul/2021:00:38:26 -0400] "GET /2018/10/27/prostitute-katya-russia-18-years-moscow-1989-120-x-593/ HTTP/1.1" 200 12946 "-" "Mozilla/5.0 (compatible; BLEXBot/1.0; +http://webmeup-crawler.com/)"
157.90.182.30 - - [02/Jul/2021:00:38:29 -0400] "GET /2018/10/27/two-italian-airmen-fencing-at-an-airfield-in-north-africa-january-1941/ HTTP/1.1" 200 13022 "-" "Mozilla/5.0 (compatible; BLEXBot/1.0; +http://webmeup-crawler.com/)"
157.90.182.30 - - [02/Jul/2021:00:38:32 -0400] "GET /2018/10/28/ HTTP/1.1" 200 12709 "-" "Mozilla/5.0 (compatible; BLEXBot/1.0; +http://webmeup-crawler.com/)"
157.90.182.30 - - [02/Jul/2021:00:38:35 -0400] "GET /2018/10/28/john-f-kennedy-campaigning-in-the-hills-of-west-virginia-1960/ HTTP/1.1" 200 13026 "-" "Mozilla/5.0 (compatible; BLEXBot/1.0; +http://webmeup-crawler.com/)"
157.90.182.30 - - [02/Jul/2021:00:38:38 -0400] "GET /2018/10/29/ HTTP/1.1" 200 12443 "-" "Mozilla/5.0 (compatible; BLEXBot/1.0; +http://webmeup-crawler.com/)"
157.90.182.30 - - [02/Jul/2021:00:38:41 -0400] "GET /2018/10/30/ HTTP/1.1" 200 12549 "-" "Mozilla/5.0 (compatible; BLEXBot/1.0; +http://webmeup-crawler.com/)"
157.90.182.30 - - [02/Jul/2021:00:38:44 -0400] "GET /2018/10/31/ HTTP/1.1" 200 12625 "-" "Mozilla/5.0 (compatible; BLEXBot/1.0; +http://webmeup-crawler.com/)"
204.48.19.85 - - [02/Jul/2021:00:38:48 -0400] "POST /wp-cron.php?doing_wp_cron=1625200727.9971489906311035156250 HTTP/1.1" 200 5463 "https://ajhydell.com/wp-cron.php?doing_wp_cron=1625200727.9971489906311035156250" "WordPress/5.7.2; https://ajhydell.com"
157.90.182.30 - - [02/Jul/2021:00:38:47 -0400] "GET /2018/10/page/3/ HTTP/1.1" 200 14046 "-" "Mozilla/5.0 (compatible; BLEXBot/1.0; +http://webmeup-crawler.com/)"
157.90.182.30 - - [02/Jul/2021:00:38:51 -0400] "GET /2018/11/01/new-zealand-anti-prohibition-poster-circa-1925/ HTTP/1.1" 200 12869 "-" "Mozilla/5.0 (compatible; BLEXBot/1.0; +http://webmeup-crawler.com/)"
157.90.182.30 - - [02/Jul/2021:00:38:54 -0400] "GET /2018/12/05/french-troops-on-their-way-to-the-fighting-lines-in-tunisia-shake-hands-with-american-soldiers-at-the-rail-station-in-oran-algeria-north-africa-on-december-2-1942/ HTTP/1.1" 200 13348 "-" "Mozilla/5.0 (compatible; BLEXBot/1.0; +http://webmeup-crawler.com/)"
157.90.182.30 - - [02/Jul/2021:00:38:57 -0400] "GET /2018/12/05/jcpenney-coffee-shop-december-1972/ HTTP/1.1" 200 12966 "-" "Mozilla/5.0 (compatible; BLEXBot/1.0; +http://webmeup-crawler.com/)"
157.90.182.30 - - [02/Jul/2021:00:39:01 -0400] "GET /2018/12/05/martin-luther-king-jr-was-shielded-by-his-aides-from-a-a-mob-of-hostile-whites-after-being-struck-by-a-rock-to-his-head-while-leading-the-march-with-civil-rights-demonstrators-to-protest-housing-dis/ HTTP/1.1" 200 13504 "-" "Mozilla/5.0 (compatible; BLEXBot/1.0; +http://webmeup-crawler.com/)"
157.90.182.30 - - [02/Jul/2021:00:39:06 -0400] "GET /2018/12/06/ethiopian-arbegnoch-partisans-post-for-a-rare-picture-during-the-east-african-campaign-circa-1940-41/ HTTP/1.1" 200 13214 "-" "Mozilla/5.0 (compatible; BLEXBot/1.0; +http://webmeup-crawler.com/)"
157.90.182.30 - - [02/Jul/2021:00:39:09 -0400] "GET /2018/12/06/gothic-botanist/ HTTP/1.1" 200 12797 "-" "Mozilla/5.0 (compatible; BLEXBot/1.0; +http://webmeup-crawler.com/)"
157.90.182.30 - - [02/Jul/2021:00:39:12 -0400] "GET /2018/12/06/your-own-personal-slaves-daniel-garcia-2016/ HTTP/1.1" 200 12969 "-" "Mozilla/5.0 (compatible; BLEXBot/1.0; +http://webmeup-crawler.com/)"
157.90.182.30 - - [02/Jul/2021:00:39:15 -0400] "GET /2018/12/07/dead-u-s-sailor-washed-ashore-at-naval-air-station-kaneohe-bay-during-the-surprise-attack-on-pearl-harbor-december-7-1941-1280-x-990/ HTTP/1.1" 200 13100 "-" "Mozilla/5.0 (compatible; BLEXBot/1.0; +http://webmeup-crawler.com/)"
157.90.182.30 - - [02/Jul/2021:00:39:19 -0400] "GET /2018/12/07/recycled-stahlhelms-in-the-netherlands-after-ww2/ HTTP/1.1" 200 12951 "-" "Mozilla/5.0 (compatible; BLEXBot/1.0; +http://webmeup-crawler.com/)"
157.90.182.30 - - [02/Jul/2021:00:39:22 -0400] "GET /2018/12/07/the-view-from-an-imperial-japanese-navy-bomber-during-the-attack-on-pearl-harbor-december-7-1941-hulton-archive-getty-images-2000-x-1500/ HTTP/1.1" 200 13161 "-" "Mozilla/5.0 (compatible; BLEXBot/1.0; +http://webmeup-crawler.com/)"
157.90.182.30 - - [02/Jul/2021:00:39:25 -0400] "GET /2018/12/08/ HTTP/1.1" 200 12795 "-" "Mozilla/5.0 (compatible; BLEXBot/1.0; +http://webmeup-crawler.com/)"
157.90.182.30 - - [02/Jul/2021:00:39:28 -0400] "GET /2018/12/08/mexican-ww2-propaganda-1942-1945/ HTTP/1.1" 200 13094 "-" "Mozilla/5.0 (compatible; BLEXBot/1.0; +http://webmeup-crawler.com/)"
157.90.182.30 - - [02/Jul/2021:00:39:32 -0400] "GET /2018/12/09/ HTTP/1.1" 200 12546 "-" "Mozilla/5.0 (compatible; BLEXBot/1.0; +http://webmeup-crawler.com/)"
157.90.182.30 - - [02/Jul/2021:00:39:35 -0400] "GET /2018/12/10/ HTTP/1.1" 200 12652 "-" "Mozilla/5.0 (compatible; BLEXBot/1.0; +http://webmeup-crawler.com/)"
157.90.182.30 - - [02/Jul/2021:00:39:38 -0400] "GET /2018/12/page/7/ HTTP/1.1" 200 14447 "-" "Mozilla/5.0 (compatible; BLEXBot/1.0; +http://webmeup-crawler.com/)"
207.46.13.120 - - [02/Jul/2021:00:39:41 -0400] "GET /2019/05/13/bakers-breakfast-cocoa-ad-from-scientific-american-for-april-1886/ HTTP/1.1" 200 17957 "-" "Mozilla/5.0 (compatible; bingbot/2.0; +http://www.bing.com/bingbot.htm)"
157.90.182.30 - - [02/Jul/2021:00:39:41 -0400] "GET /2018/page/9/ HTTP/1.1" 200 14084 "-" "Mozilla/5.0 (compatible; BLEXBot/1.0; +http://webmeup-crawler.com/)"
204.48.19.85 - - [02/Jul/2021:00:39:45 -0400] "POST /wp-cron.php?doing_wp_cron=1625200785.1887030601501464843750 HTTP/1.1" 200 5463 "https://ajhydell.com/wp-cron.php?doing_wp_cron=1625200785.1887030601501464843750" "WordPress/5.7.2; https://ajhydell.com"
157.90.182.30 - - [02/Jul/2021:00:39:45 -0400] "GET /2019/01/03/swedish-volunteers-take-part-for-service-of-worship-tornio-1940-sa-kuva/ HTTP/1.1" 200 13255 "-" "Mozilla/5.0 (compatible; BLEXBot/1.0; +http://webmeup-crawler.com/)"
157.90.182.30 - - [02/Jul/2021:00:39:48 -0400] "GET /2019/01/15/anti-semetic-childrens-book-trust-no-fox-on-his-green-heath-and-no-jew-on-his-oath-depicting-expulsion-of-jewish-students-and-teachers-from-german-schools-nuremberg-1936/ HTTP/1.1" 200 13176 "-" "Mozilla/5.0 (compatible; BLEXBot/1.0; +http://webmeup-crawler.com/)"
157.90.182.30 - - [02/Jul/2021:00:39:51 -0400] "GET /2019/01/15/i-colorized-this-photo-of-butcher-still-very-new-to-this/ HTTP/1.1" 200 13094 "-" "Mozilla/5.0 (compatible; BLEXBot/1.0; +http://webmeup-crawler.com/)"
157.90.182.30 - - [02/Jul/2021:00:39:54 -0400] "GET /2019/01/16/how-to-grow-tall-1903/ HTTP/1.1" 200 13065 "-" "Mozilla/5.0 (compatible; BLEXBot/1.0; +http://webmeup-crawler.com/)"
157.90.182.30 - - [02/Jul/2021:00:39:58 -0400] "GET /2019/01/16/mugshot-of-john-wojtowicz-who-unsuccessfully-tried-to-rob-a-bank-in-1972-to-pay-for-his-wife-edens-gender-reassignment-surgery-612x545/ HTTP/1.1" 200 13120 "-" "Mozilla/5.0 (compatible; BLEXBot/1.0; +http://webmeup-crawler.com/)"
157.90.182.30 - - [02/Jul/2021:00:40:01 -0400] "GET /2019/01/16/the-warsaw-pact-states-are-with-you-vietnam-ussr-poster-during-the-vietnam-war/ HTTP/1.1" 200 13088 "-" "Mozilla/5.0 (compatible; BLEXBot/1.0; +http://webmeup-crawler.com/)"
157.90.182.30 - - [02/Jul/2021:00:40:04 -0400] "GET /2019/01/17/a-german-soldier-fades-in-and-out-of-consciousness-after-losing-an-arm-on-the-eastern-front/ HTTP/1.1" 200 12957 "-" "Mozilla/5.0 (compatible; BLEXBot/1.0; +http://webmeup-crawler.com/)"
157.90.182.30 - - [02/Jul/2021:00:40:07 -0400] "GET /2019/01/17/cromwell-tank-on-the-autobahn-to-hamburg/ HTTP/1.1" 200 12954 "-" "Mozilla/5.0 (compatible; BLEXBot/1.0; +http://webmeup-crawler.com/)"
157.90.182.30 - - [02/Jul/2021:00:40:10 -0400] "GET /2019/01/17/the-u-s-a-will-save-the-european-culture-1944-the-netherlands/ HTTP/1.1" 200 13142 "-" "Mozilla/5.0 (compatible; BLEXBot/1.0; +http://webmeup-crawler.com/)"
157.90.182.30 - - [02/Jul/2021:00:40:16 -0400] "GET /2019/01/18/ HTTP/1.1" 200 13108 "-" "Mozilla/5.0 (compatible; BLEXBot/1.0; +http://webmeup-crawler.com/)"
157.90.182.30 - - [02/Jul/2021:00:40:21 -0400] "GET /2019/01/18/a-french-mademoiselle-waves-the-french-tricolor-in-tribute-to-the-forces-which-liberated-her-city-as-they-march-past-the-notre-dame-cathedral-in-paris-france-august-26-1944/ HTTP/1.1" 200 13267 "-" "Mozilla/5.0 (compatible; BLEXBot/1.0; +http://webmeup-crawler.com/)"
157.90.182.30 - - [02/Jul/2021:00:40:24 -0400] "GET /2019/01/18/newsweek-in-1983-when-russians-shot-down-a-civilian-aircraft-and-1988-when-americans-shot-down-a-civilian-aircraft/ HTTP/1.1" 200 13122 "-" "Mozilla/5.0 (compatible; BLEXBot/1.0; +http://webmeup-crawler.com/)"
54.36.148.8 - - [02/Jul/2021:00:40:26 -0400] "GET /2021/04/21/you-can-stop-this-man-1992-south-africa-asking-white-population-to-support-government-in-referendum-to-end-apartheid-juxtaposed-with-a-picture-of-a-right-wing-afrikaner-extremist-with-a-gun/ HTTP/1.1" 200 18452 "-" "Mozilla/5.0 (compatible; AhrefsBot/7.0; +http://ahrefs.com/robot/)"
157.90.182.30 - - [02/Jul/2021:00:40:27 -0400] "GET /2019/01/19/ HTTP/1.1" 200 12442 "-" "Mozilla/5.0 (compatible; BLEXBot/1.0; +http://webmeup-crawler.com/)"
157.90.182.30 - - [02/Jul/2021:00:40:31 -0400] "GET /2019/01/20/ HTTP/1.1" 200 12630 "-" "Mozilla/5.0 (compatible; BLEXBot/1.0; +http://webmeup-crawler.com/)"
157.90.182.30 - - [02/Jul/2021:00:40:36 -0400] "GET /2019/01/21/ HTTP/1.1" 200 12509 "-" "Mozilla/5.0 (compatible; BLEXBot/1.0; +http://webmeup-crawler.com/)"
157.90.182.30 - - [02/Jul/2021:00:40:42 -0400] "GET /2019/01/page/6/ HTTP/1.1" 200 19346 "-" "Mozilla/5.0 (compatible; BLEXBot/1.0; +http://webmeup-crawler.com/)"
204.48.19.85 - - [02/Jul/2021:00:40:45 -0400] "POST /wp-cron.php?doing_wp_cron=1625200845.7536559104919433593750 HTTP/1.1" 200 5463 "https://ajhydell.com/wp-cron.php?doing_wp_cron=1625200845.7536559104919433593750" "WordPress/5.7.2; https://ajhydell.com"
157.90.182.30 - - [02/Jul/2021:00:40:45 -0400] "GET /2019/02/02/archimandrite-alipius/ HTTP/1.1" 200 12993 "-" "Mozilla/5.0 (compatible; BLEXBot/1.0; +http://webmeup-crawler.com/)"
157.90.182.30 - - [02/Jul/2021:00:40:48 -0400] "GET /2019/02/22/moving-a-7600-ton-apartment-building-to-create-a-boulevard-in-alba-iulia-romania-1987-978-x-729/ HTTP/1.1" 200 13156 "-" "Mozilla/5.0 (compatible; BLEXBot/1.0; +http://webmeup-crawler.com/)"
157.90.182.30 - - [02/Jul/2021:00:40:53 -0400] "GET /2019/02/22/on-this-day-in-1943-munich-university-students-sophie-and-hans-scholl-are-put-to-death-for-non-violent-resistance-to-the-nazis/ HTTP/1.1" 200 13144 "-" "Mozilla/5.0 (compatible; BLEXBot/1.0; +http://webmeup-crawler.com/)"
157.90.182.30 - - [02/Jul/2021:00:40:57 -0400] "GET /2019/02/23/dutch-resistance-fighters-in-winterswijk-after-its-liberation-by-british-forces-the-netherlands-31-march-1945-colorized/ HTTP/1.1" 200 13210 "-" "Mozilla/5.0 (compatible; BLEXBot/1.0; +http://webmeup-crawler.com/)"
157.90.182.30 - - [02/Jul/2021:00:41:00 -0400] "GET /2019/02/23/kalinin-prospekt-moscow-ussr-1977-1280x1173/ HTTP/1.1" 200 13135 "-" "Mozilla/5.0 (compatible; BLEXBot/1.0; +http://webmeup-crawler.com/)"
157.90.182.30 - - [02/Jul/2021:00:41:04 -0400] "GET /2019/02/23/stephen-hawking-with-canes-tariq-ali-and-vanessa-redgrave-front-an-anti-vietnam-war-demonstration-grosvenor-square-london-1968-1024-x-675/ HTTP/1.1" 200 13223 "-" "Mozilla/5.0 (compatible; BLEXBot/1.0; +http://webmeup-crawler.com/)"
157.90.182.30 - - [02/Jul/2021:00:41:07 -0400] "GET /2019/02/24/chinese-propaganda-leaflet-dropped-onto-us-troops-during-the-korean-war/ HTTP/1.1" 200 13047 "-" "Mozilla/5.0 (compatible; BLEXBot/1.0; +http://webmeup-crawler.com/)"
157.90.182.30 - - [02/Jul/2021:00:41:11 -0400] "GET /2019/02/24/lithuanian-soldiers-marches-through-the-streets-of-vilnius-29-october-1939-colorized/ HTTP/1.1" 200 13101 "-" "Mozilla/5.0 (compatible; BLEXBot/1.0; +http://webmeup-crawler.com/)"
157.90.182.30 - - [02/Jul/2021:00:41:14 -0400] "GET /2019/02/24/wing-commander-alan-deere-1917-1995-right-with-squadron-leader-denis-crowley-milling-dso-dfc-1919-1996-left-1940/ HTTP/1.1" 200 13210 "-" "Mozilla/5.0 (compatible; BLEXBot/1.0; +http://webmeup-crawler.com/)"
157.90.182.30 - - [02/Jul/2021:00:41:17 -0400] "GET /2019/02/25/ HTTP/1.1" 200 12590 "-" "Mozilla/5.0 (compatible; BLEXBot/1.0; +http://webmeup-crawler.com/)"
157.90.182.30 - - [02/Jul/2021:00:41:20 -0400] "GET /2019/02/25/condoman-says-dont-be-shame-be-game-aids-awareness-poster-aboriginal-health-workers-of-australia-1991-psa/ HTTP/1.1" 200 13180 "-" "Mozilla/5.0 (compatible; BLEXBot/1.0; +http://webmeup-crawler.com/)"
157.90.182.30 - - [02/Jul/2021:00:41:23 -0400] "GET /2019/02/25/dave-grohl-playing-a-gameboy-during-the-recording-of-nirvanas-in-utero-1993-640x419/ HTTP/1.1" 200 13191 "-" "Mozilla/5.0 (compatible; BLEXBot/1.0; +http://webmeup-crawler.com/)"
157.90.182.30 - - [02/Jul/2021:00:41:27 -0400] "GET /2019/02/26/ HTTP/1.1" 200 12612 "-" "Mozilla/5.0 (compatible; BLEXBot/1.0; +http://webmeup-crawler.com/)"
157.90.182.30 - - [02/Jul/2021:00:41:30 -0400] "GET /2019/02/27/ HTTP/1.1" 200 12629 "-" "Mozilla/5.0 (compatible; BLEXBot/1.0; +http://webmeup-crawler.com/)"
157.90.182.30 - - [02/Jul/2021:00:41:33 -0400] "GET /2019/02/28/ HTTP/1.1" 200 12563 "-" "Mozilla/5.0 (compatible; BLEXBot/1.0; +http://webmeup-crawler.com/)"
157.90.182.30 - - [02/Jul/2021:00:41:36 -0400] "GET /2019/02/page/3/ HTTP/1.1" 200 14034 "-" "Mozilla/5.0 (compatible; BLEXBot/1.0; +http://webmeup-crawler.com/)"
157.90.182.30 - - [02/Jul/2021:00:41:39 -0400] "GET /2019/03/01/a-marine-from-fox-company-2nd-battalion-1st-marine-division-fires-at-a-japanese-sniper-while-a-marine-advances-across-wana-ridge-on-may-20-1945-during-the-battle-of-okinawa/ HTTP/1.1" 200 13275 "-" "Mozilla/5.0 (compatible; BLEXBot/1.0; +http://webmeup-crawler.com/)"
157.90.182.30 - - [02/Jul/2021:00:41:42 -0400] "GET /2019/10/02/an-american-m36-tank-destroyer-covers-a-crossroad-in-the-french-city-of-metz-north-east-of-france-nov-1944/ HTTP/1.1" 200 13104 "-" "Mozilla/5.0 (compatible; BLEXBot/1.0; +http://webmeup-crawler.com/)"
204.48.19.85 - - [02/Jul/2021:00:41:46 -0400] "POST /wp-cron.php?doing_wp_cron=1625200906.1004929542541503906250 HTTP/1.1" 200 5463 "https://ajhydell.com/wp-cron.php?doing_wp_cron=1625200906.1004929542541503906250" "WordPress/5.7.2; https://ajhydell.com"
157.90.182.30 - - [02/Jul/2021:00:41:46 -0400] "GET /2019/10/02/industrialist-silvio-crespi-with-his-family-1890s-800-x-600/ HTTP/1.1" 200 13016 "-" "Mozilla/5.0 (compatible; BLEXBot/1.0; +http://webmeup-crawler.com/)"
157.90.182.30 - - [02/Jul/2021:00:41:49 -0400] "GET /2019/10/03/german-poster-commemorating-the-fallen-jewish-soldiers-of-the-first-world-war-1920/ HTTP/1.1" 200 12946 "-" "Mozilla/5.0 (compatible; BLEXBot/1.0; +http://webmeup-crawler.com/)"
23.100.232.233 - - [02/Jul/2021:00:41:49 -0400] "GET /2021/02/02/german-child-soldiers-captured-by-the-6th-u-s-armored-division-in-giessen-germany-march-19-1945/ HTTP/1.1" 200 17365 "-" "Mozilla/5.0 (compatible; MSIE 9.0; Windows NT 6.1; Trident/5.0;  Trident/5.0)"
23.100.232.233 - - [02/Jul/2021:00:41:51 -0400] "GET /wp-content/plugins/add-expires-headers/cache/0/com/processed-header-f16a8d323e83e1bc1b76514e283fb81b7090a959.min.css HTTP/1.1" 200 52893 "https://ajhydell.com/2021/02/02/german-child-soldiers-captured-by-the-6th-u-s-armored-division-in-giessen-germany-march-19-1945/" "Mozilla/5.0 (compatible; MSIE 9.0; Windows NT 6.1; Trident/5.0;  Trident/5.0)"
23.100.232.233 - - [02/Jul/2021:00:41:51 -0400] "GET /wp-includes/js/jquery/jquery.min.js?ver=3.5.1 HTTP/1.1" 200 31550 "https://ajhydell.com/2021/02/02/german-child-soldiers-captured-by-the-6th-u-s-armored-division-in-giessen-germany-march-19-1945/" "Mozilla/5.0 (compatible; MSIE 9.0; Windows NT 6.1; Trident/5.0;  Trident/5.0)"
23.100.232.233 - - [02/Jul/2021:00:41:52 -0400] "GET /wp-content/plugins/google-analytics-for-wordpress/assets/js/frontend-gtag.min.js?ver=7.17.0 HTTP/1.1" 200 3476 "https://ajhydell.com/2021/02/02/german-child-soldiers-captured-by-the-6th-u-s-armored-division-in-giessen-germany-march-19-1945/" "Mozilla/5.0 (compatible; MSIE 9.0; Windows NT 6.1; Trident/5.0;  Trident/5.0)"
23.100.232.233 - - [02/Jul/2021:00:41:52 -0400] "GET /wp-includes/js/jquery/jquery-migrate.min.js?ver=3.3.2 HTTP/1.1" 200 4687 "https://ajhydell.com/2021/02/02/german-child-soldiers-captured-by-the-6th-u-s-armored-division-in-giessen-germany-march-19-1945/" "Mozilla/5.0 (compatible; MSIE 9.0; Windows NT 6.1; Trident/5.0;  Trident/5.0)"
157.90.182.30 - - [02/Jul/2021:00:41:52 -0400] "GET /2019/10/03/the-peaceful-revolution-leading-to-the-fall-of-the-berlin-wall-1989-832x728/ HTTP/1.1" 200 13013 "-" "Mozilla/5.0 (compatible; BLEXBot/1.0; +http://webmeup-crawler.com/)"
23.100.232.233 - - [02/Jul/2021:00:41:53 -0400] "GET /wp-includes/js/wp-emoji-release.min.js?ver=5.7.2 HTTP/1.1" 200 5183 "https://ajhydell.com/2021/02/02/german-child-soldiers-captured-by-the-6th-u-s-armored-division-in-giessen-germany-march-19-1945/" "Mozilla/5.0 (compatible; MSIE 9.0; Windows NT 6.1; Trident/5.0;  Trident/5.0)"
23.100.232.233 - - [02/Jul/2021:00:41:53 -0400] "GET /wp-content/plugins/wp-smushit/app/assets/js/smush-lazy-load.min.js?ver=3.8.7 HTTP/1.1" 200 4207 "https://ajhydell.com/2021/02/02/german-child-soldiers-captured-by-the-6th-u-s-armored-division-in-giessen-germany-march-19-1945/" "Mozilla/5.0 (compatible; MSIE 9.0; Windows NT 6.1; Trident/5.0;  Trident/5.0)"
23.100.232.233 - - [02/Jul/2021:00:41:54 -0400] "GET /wp-content/themes/royal-magazine/js/skip-link-focus-fix.js?ver=20151215 HTTP/1.1" 200 933 "https://ajhydell.com/2021/02/02/german-child-soldiers-captured-by-the-6th-u-s-armored-division-in-giessen-germany-march-19-1945/" "Mozilla/5.0 (compatible; MSIE 9.0; Windows NT 6.1; Trident/5.0;  Trident/5.0)"
23.100.232.233 - - [02/Jul/2021:00:41:54 -0400] "GET /wp-content/themes/royal-magazine/js/navigation.js?ver=20151215 HTTP/1.1" 200 1349 "https://ajhydell.com/2021/02/02/german-child-soldiers-captured-by-the-6th-u-s-armored-division-in-giessen-germany-march-19-1945/" "Mozilla/5.0 (compatible; MSIE 9.0; Windows NT 6.1; Trident/5.0;  Trident/5.0)"
23.100.232.233 - - [02/Jul/2021:00:41:55 -0400] "GET /wp-content/themes/royal-magazine/assets/libraries/bootstrap/js/bootstrap.min.js?ver=5.7.2 HTTP/1.1" 200 10404 "https://ajhydell.com/2021/02/02/german-child-soldiers-captured-by-the-6th-u-s-armored-division-in-giessen-germany-march-19-1945/" "Mozilla/5.0 (compatible; MSIE 9.0; Windows NT 6.1; Trident/5.0;  Trident/5.0)"
23.100.232.233 - - [02/Jul/2021:00:41:55 -0400] "GET /wp-content/themes/royal-magazine/assets/libraries/marquee/jquery.marquee.js?ver=5.7.2 HTTP/1.1" 200 5103 "https://ajhydell.com/2021/02/02/german-child-soldiers-captured-by-the-6th-u-s-armored-division-in-giessen-germany-march-19-1945/" "Mozilla/5.0 (compatible; MSIE 9.0; Windows NT 6.1; Trident/5.0;  Trident/5.0)"
23.100.232.233 - - [02/Jul/2021:00:41:55 -0400] "GET /wp-content/themes/royal-magazine/assets/libraries/magnific-popup/jquery.magnific-popup.min.js?ver=5.7.2 HTTP/1.1" 200 7871 "https://ajhydell.com/2021/02/02/german-child-soldiers-captured-by-the-6th-u-s-armored-division-in-giessen-germany-march-19-1945/" "Mozilla/5.0 (compatible; MSIE 9.0; Windows NT 6.1; Trident/5.0;  Trident/5.0)"
23.100.232.233 - - [02/Jul/2021:00:41:55 -0400] "GET /wp-content/themes/royal-magazine/assets/twp/js/custom-script.js?ver=5.7.2 HTTP/1.1" 200 3023 "https://ajhydell.com/2021/02/02/german-child-soldiers-captured-by-the-6th-u-s-armored-division-in-giessen-germany-march-19-1945/" "Mozilla/5.0 (compatible; MSIE 9.0; Windows NT 6.1; Trident/5.0;  Trident/5.0)"
23.100.232.233 - - [02/Jul/2021:00:41:55 -0400] "GET /wp-content/plugins/facebook-pagelike-widget/fb.js?ver=1.0 HTTP/1.1" 200 821 "https://ajhydell.com/2021/02/02/german-child-soldiers-captured-by-the-6th-u-s-armored-division-in-giessen-germany-march-19-1945/" "Mozilla/5.0 (compatible; MSIE 9.0; Windows NT 6.1; Trident/5.0;  Trident/5.0)"
23.100.232.233 - - [02/Jul/2021:00:41:55 -0400] "GET /wp-content/themes/royal-magazine/assets/libraries/slick/js/slick.min.js?ver=5.7.2 HTTP/1.1" 200 10740 "https://ajhydell.com/2021/02/02/german-child-soldiers-captured-by-the-6th-u-s-armored-division-in-giessen-germany-march-19-1945/" "Mozilla/5.0 (compatible; MSIE 9.0; Windows NT 6.1; Trident/5.0;  Trident/5.0)"
23.100.232.233 - - [02/Jul/2021:00:41:55 -0400] "GET /wp-includes/js/wp-embed.min.js?ver=5.7.2 HTTP/1.1" 200 1221 "https://ajhydell.com/2021/02/02/german-child-soldiers-captured-by-the-6th-u-s-armored-division-in-giessen-germany-march-19-1945/" "Mozilla/5.0 (compatible; MSIE 9.0; Windows NT 6.1; Trident/5.0;  Trident/5.0)"
23.100.232.233 - - [02/Jul/2021:00:41:55 -0400] "GET /wp-content/themes/royal-magazine/assets/libraries/theiaStickySidebar/theia-sticky-sidebar.min.js?ver=5.7.2 HTTP/1.1" 200 2271 "https://ajhydell.com/2021/02/02/german-child-soldiers-captured-by-the-6th-u-s-armored-division-in-giessen-germany-march-19-1945/" "Mozilla/5.0 (compatible; MSIE 9.0; Windows NT 6.1; Trident/5.0;  Trident/5.0)"
157.90.182.30 - - [02/Jul/2021:00:41:55 -0400] "GET /2019/10/03/the-third-eye-sees-all-1960s/ HTTP/1.1" 200 12938 "-" "Mozilla/5.0 (compatible; BLEXBot/1.0; +http://webmeup-crawler.com/)"
157.90.182.30 - - [02/Jul/2021:00:41:59 -0400] "GET /2019/10/04/a-torpedo-being-loaded-on-a-savoia-marchetti-s-m-79-sparviero-sparrowhawk-c-1940-1943-1000-x-664-colorized/ HTTP/1.1" 200 13022 "-" "Mozilla/5.0 (compatible; BLEXBot/1.0; +http://webmeup-crawler.com/)"
157.90.182.30 - - [02/Jul/2021:00:42:02 -0400] "GET /2019/10/04/an-old-caricature-addressing-the-different-colonial-empires-in-africa-date-early-1900s/ HTTP/1.1" 200 12905 "-" "Mozilla/5.0 (compatible; BLEXBot/1.0; +http://webmeup-crawler.com/)"
157.90.182.30 - - [02/Jul/2021:00:42:05 -0400] "GET /2019/10/04/pop-tarts-1964/ HTTP/1.1" 200 12916 "-" "Mozilla/5.0 (compatible; BLEXBot/1.0; +http://webmeup-crawler.com/)"
157.90.182.30 - - [02/Jul/2021:00:42:08 -0400] "GET /2019/10/05/ HTTP/1.1" 200 12598 "-" "Mozilla/5.0 (compatible; BLEXBot/1.0; +http://webmeup-crawler.com/)"
157.90.182.30 - - [02/Jul/2021:00:42:11 -0400] "GET /2019/10/05/the-horror-of-dishpan-hands/ HTTP/1.1" 200 12961 "-" "Mozilla/5.0 (compatible; BLEXBot/1.0; +http://webmeup-crawler.com/)"
157.90.182.30 - - [02/Jul/2021:00:42:15 -0400] "GET /2019/10/05/troop-446-boy-scouts-meeting-in-the-community-center-of-the-ida-b-wells-housing-project-chicago-1942/ HTTP/1.1" 200 13173 "-" "Mozilla/5.0 (compatible; BLEXBot/1.0; +http://webmeup-crawler.com/)"
157.90.182.30 - - [02/Jul/2021:00:42:18 -0400] "GET /2019/10/06/ HTTP/1.1" 200 12478 "-" "Mozilla/5.0 (compatible; BLEXBot/1.0; +http://webmeup-crawler.com/)"
157.90.182.30 - - [02/Jul/2021:00:42:21 -0400] "GET /2019/10/07/ HTTP/1.1" 200 12478 "-" "Mozilla/5.0 (compatible; BLEXBot/1.0; +http://webmeup-crawler.com/)"
157.90.182.30 - - [02/Jul/2021:00:42:24 -0400] "GET /2019/10/08/ HTTP/1.1" 200 12592 "-" "Mozilla/5.0 (compatible; BLEXBot/1.0; +http://webmeup-crawler.com/)"
157.90.182.30 - - [02/Jul/2021:00:42:28 -0400] "GET /2019/10/page/10/ HTTP/1.1" 200 12848 "-" "Mozilla/5.0 (compatible; BLEXBot/1.0; +http://webmeup-crawler.com/)"
157.90.182.30 - - [02/Jul/2021:00:42:31 -0400] "GET /2019/11/03/ HTTP/1.1" 200 12412 "-" "Mozilla/5.0 (compatible; BLEXBot/1.0; +http://webmeup-crawler.com/)"
157.90.182.30 - - [02/Jul/2021:00:42:34 -0400] "GET /2019/11/03/yoko-ono-recording-the-album-fly-1971/ HTTP/1.1" 200 12858 "-" "Mozilla/5.0 (compatible; BLEXBot/1.0; +http://webmeup-crawler.com/)"
157.90.182.30 - - [02/Jul/2021:00:42:37 -0400] "GET /2019/11/10/coca-cola-ad-1960s/ HTTP/1.1" 200 12891 "-" "Mozilla/5.0 (compatible; BLEXBot/1.0; +http://webmeup-crawler.com/)"
157.90.182.30 - - [02/Jul/2021:00:42:40 -0400] "GET /2019/11/10/return-the-book-you-borrowed-on-time-other-readers-are-waiting-for-it-ussr-1929/ HTTP/1.1" 200 13063 "-" "Mozilla/5.0 (compatible; BLEXBot/1.0; +http://webmeup-crawler.com/)"
157.90.182.30 - - [02/Jul/2021:00:42:43 -0400] "GET /2019/11/11/a-serbian-soldier-sleeps-with-his-father-who-came-to-visit-him-on-the-front-line-near-belgrade-1914-1915-1024x796/ HTTP/1.1" 200 13064 "-" "Mozilla/5.0 (compatible; BLEXBot/1.0; +http://webmeup-crawler.com/)"
204.48.19.85 - - [02/Jul/2021:00:42:47 -0400] "POST /wp-cron.php?doing_wp_cron=1625200967.0926890373229980468750 HTTP/1.1" 200 5463 "https://ajhydell.com/wp-cron.php?doing_wp_cron=1625200967.0926890373229980468750" "WordPress/5.7.2; https://ajhydell.com"
157.90.182.30 - - [02/Jul/2021:00:42:47 -0400] "GET /2019/11/11/a-wounded-marine-proudly-exhibits-a-japanese-sword-tarawa-november-1943/ HTTP/1.1" 200 13026 "-" "Mozilla/5.0 (compatible; BLEXBot/1.0; +http://webmeup-crawler.com/)"
157.90.182.30 - - [02/Jul/2021:00:42:50 -0400] "GET /2019/11/12/really-liked-this-pennzoil-ad-for-some-reason/ HTTP/1.1" 200 12971 "-" "Mozilla/5.0 (compatible; BLEXBot/1.0; +http://webmeup-crawler.com/)"
157.90.182.30 - - [02/Jul/2021:00:42:53 -0400] "GET /2019/11/12/rms-queen-elizabeth-returning-us-servicemen-to-new-york-in-1945-2560-x-3192/ HTTP/1.1" 200 13034 "-" "Mozilla/5.0 (compatible; BLEXBot/1.0; +http://webmeup-crawler.com/)"
157.90.182.30 - - [02/Jul/2021:00:42:56 -0400] "GET /2019/11/13/82nd-airborne-325th-glider-regiment-soldiers-manning-an-m1919-browning-somewhere-in-the-ardennes-1944/ HTTP/1.1" 200 13258 "-" "Mozilla/5.0 (compatible; BLEXBot/1.0; +http://webmeup-crawler.com/)"
157.90.182.30 - - [02/Jul/2021:00:43:00 -0400] "GET /2019/11/13/chania-crete-old-town/ HTTP/1.1" 200 13066 "-" "Mozilla/5.0 (compatible; BLEXBot/1.0; +http://webmeup-crawler.com/)"
157.90.182.30 - - [02/Jul/2021:00:43:03 -0400] "GET /2019/11/13/study-in-survival-at-lake-charles-louisiana-mcneese-state-college-students-kelly-mcright-l-dan-sistrunk-are-deep-in-a-survival-test-they-spent-three-days-inside-this-fallout-shelter-in-an-ex/ HTTP/1.1" 200 13488 "-" "Mozilla/5.0 (compatible; BLEXBot/1.0; +http://webmeup-crawler.com/)"
157.90.182.30 - - [02/Jul/2021:00:43:06 -0400] "GET /2019/11/14/ HTTP/1.1" 200 12590 "-" "Mozilla/5.0 (compatible; BLEXBot/1.0; +http://webmeup-crawler.com/)"
157.90.182.30 - - [02/Jul/2021:00:43:09 -0400] "GET /2019/11/14/the-last-survivor-of-the-transatlantic-slave-trade-cudjo-lewis-1931/ HTTP/1.1" 200 12996 "-" "Mozilla/5.0 (compatible; BLEXBot/1.0; +http://webmeup-crawler.com/)"
157.90.182.30 - - [02/Jul/2021:00:43:12 -0400] "GET /2019/11/15/ HTTP/1.1" 200 12627 "-" "Mozilla/5.0 (compatible; BLEXBot/1.0; +http://webmeup-crawler.com/)"
157.90.182.30 - - [02/Jul/2021:00:43:16 -0400] "GET /2019/11/16/ HTTP/1.1" 200 12840 "-" "Mozilla/5.0 (compatible; BLEXBot/1.0; +http://webmeup-crawler.com/)"
3.83.166.173 - - [02/Jul/2021:00:43:17 -0400] "GET / HTTP/1.1" 200 19785 "-" "Mozilla/5.0 (Windows NT 6.2;en-US) AppleWebKit/537.32.36 (KHTML, live Gecko) Chrome/58.0.3082.77 Safari/537.32"
3.83.166.173 - - [02/Jul/2021:00:43:20 -0400] "GET / HTTP/1.1" 200 84718 "-" "Mozilla/5.0 (Windows NT 6.1; WOW64) AppleWebKit/537.36 (KHTML, like Gecko) Chrome/81.0.4044.138 Safari/537.36"
3.83.166.173 - - [02/Jul/2021:00:43:20 -0400] "GET / HTTP/1.1" 200 103379 "-" "Mozilla/5.0 (Windows NT 6.1; WOW64) AppleWebKit/537.36 (KHTML, like Gecko) Chrome/81.0.4044.138 Safari/537.36"
3.83.166.173 - - [02/Jul/2021:00:43:20 -0400] "GET / HTTP/1.1" 200 84766 "-" "Mozilla/5.0 (Windows NT 6.1; WOW64) AppleWebKit/537.36 (KHTML, like Gecko) Chrome/81.0.4044.138 Safari/537.36"
3.83.166.173 - - [02/Jul/2021:00:43:20 -0400] "GET / HTTP/1.1" 200 84766 "-" "Mozilla/5.0 (Windows NT 6.1; WOW64) AppleWebKit/537.36 (KHTML, like Gecko) Chrome/81.0.4044.138 Safari/537.36"
3.83.166.173 - - [02/Jul/2021:00:43:21 -0400] "GET / HTTP/1.1" 200 84766 "-" "Mozilla/5.0 (Windows NT 6.1; WOW64) AppleWebKit/537.36 (KHTML, like Gecko) Chrome/81.0.4044.138 Safari/537.36"
157.90.182.30 - - [02/Jul/2021:00:43:21 -0400] "GET /2019/11/page/7/ HTTP/1.1" 200 18958 "-" "Mozilla/5.0 (compatible; BLEXBot/1.0; +http://webmeup-crawler.com/)"
157.90.182.30 - - [02/Jul/2021:00:43:25 -0400] "GET /2019/page/10/ HTTP/1.1" 200 14230 "-" "Mozilla/5.0 (compatible; BLEXBot/1.0; +http://webmeup-crawler.com/)"
157.90.182.30 - - [02/Jul/2021:00:43:28 -0400] "GET /2020/01/03/ HTTP/1.1" 200 12692 "-" "Mozilla/5.0 (compatible; BLEXBot/1.0; +http://webmeup-crawler.com/)"
157.90.182.30 - - [02/Jul/2021:00:43:32 -0400] "GET /2020/01/03/a-bleeding-reporter-interviews-a-bleeding-activist-after-one-of-the-mass-anti-war-demonstrations-at-the-1968-democratic-national-convention-which-were-violently-broken-up-by-chicago-police-and-federa/ HTTP/1.1" 200 13303 "-" "Mozilla/5.0 (compatible; BLEXBot/1.0; +http://webmeup-crawler.com/)"
3.83.166.173 - - [02/Jul/2021:00:43:36 -0400] "GET / HTTP/1.1" 200 94140 "-" "Mozilla/5.0 (Windows NT 6.1; WOW64) AppleWebKit/537.36 (KHTML, like Gecko) Chrome/81.0.4044.138 Safari/537.36"
3.83.166.173 - - [02/Jul/2021:00:43:36 -0400] "GET / HTTP/1.1" 200 94164 "-" "Mozilla/5.0 (Windows NT 6.1; WOW64) AppleWebKit/537.36 (KHTML, like Gecko) Chrome/81.0.4044.138 Safari/537.36"
3.83.166.173 - - [02/Jul/2021:00:43:36 -0400] "GET / HTTP/1.1" 200 103909 "-" "Mozilla/5.0 (Windows NT 6.1; WOW64) AppleWebKit/537.36 (KHTML, like Gecko) Chrome/81.0.4044.138 Safari/537.36"
157.90.182.30 - - [02/Jul/2021:00:43:36 -0400] "GET /2020/01/07/a-german-messerschmitt-me-262-flashes-through-the-frame-of-an-american-p-51-mustang-gun-camera-1945-1000-x-797/ HTTP/1.1" 200 13004 "-" "Mozilla/5.0 (compatible; BLEXBot/1.0; +http://webmeup-crawler.com/)"
3.83.166.173 - - [02/Jul/2021:00:43:36 -0400] "GET / HTTP/1.1" 200 100278 "-" "Mozilla/5.0 (Windows NT 6.1; WOW64) AppleWebKit/537.36 (KHTML, like Gecko) Chrome/81.0.4044.138 Safari/537.36"
3.83.166.173 - - [02/Jul/2021:00:43:36 -0400] "GET / HTTP/1.1" 200 100302 "-" "Mozilla/5.0 (Windows NT 6.1; WOW64) AppleWebKit/537.36 (KHTML, like Gecko) Chrome/81.0.4044.138 Safari/537.36"
3.83.166.173 - - [02/Jul/2021:00:43:36 -0400] "GET / HTTP/1.1" 200 100302 "-" "Mozilla/5.0 (Windows NT 6.1; WOW64) AppleWebKit/537.36 (KHTML, like Gecko) Chrome/81.0.4044.138 Safari/537.36"
3.83.166.173 - - [02/Jul/2021:00:43:36 -0400] "GET / HTTP/1.1" 200 100720 "-" "Mozilla/5.0 (Windows NT 6.1; WOW64) AppleWebKit/537.36 (KHTML, like Gecko) Chrome/81.0.4044.138 Safari/537.36"
3.83.166.173 - - [02/Jul/2021:00:43:36 -0400] "GET / HTTP/1.1" 200 100744 "-" "Mozilla/5.0 (Windows NT 6.1; WOW64) AppleWebKit/537.36 (KHTML, like Gecko) Chrome/81.0.4044.138 Safari/537.36"
3.83.166.173 - - [02/Jul/2021:00:43:36 -0400] "GET / HTTP/1.1" 200 94140 "-" "Mozilla/5.0 (Windows NT 6.1; WOW64) AppleWebKit/537.36 (KHTML, like Gecko) Chrome/81.0.4044.138 Safari/537.36"
3.83.166.173 - - [02/Jul/2021:00:43:37 -0400] "GET / HTTP/1.1" 200 100278 "-" "Mozilla/5.0 (Windows NT 6.1; WOW64) AppleWebKit/537.36 (KHTML, like Gecko) Chrome/81.0.4044.138 Safari/537.36"
3.83.166.173 - - [02/Jul/2021:00:43:37 -0400] "GET / HTTP/1.1" 200 94180 "-" "Mozilla/5.0 (Windows NT 6.1; WOW64) AppleWebKit/537.36 (KHTML, like Gecko) Chrome/81.0.4044.138 Safari/537.36"
3.83.166.173 - - [02/Jul/2021:00:43:37 -0400] "GET / HTTP/1.1" 200 100318 "-" "Mozilla/5.0 (Windows NT 6.1; WOW64) AppleWebKit/537.36 (KHTML, like Gecko) Chrome/81.0.4044.138 Safari/537.36"
3.83.166.173 - - [02/Jul/2021:00:43:37 -0400] "GET / HTTP/1.1" 200 100760 "-" "Mozilla/5.0 (Windows NT 6.1; WOW64) AppleWebKit/537.36 (KHTML, like Gecko) Chrome/81.0.4044.138 Safari/537.36"
3.83.166.173 - - [02/Jul/2021:00:43:37 -0400] "GET / HTTP/1.1" 200 94180 "-" "Mozilla/5.0 (Windows NT 6.1; WOW64) AppleWebKit/537.36 (KHTML, like Gecko) Chrome/81.0.4044.138 Safari/537.36"
3.83.166.173 - - [02/Jul/2021:00:43:37 -0400] "GET / HTTP/1.1" 200 100720 "-" "Mozilla/5.0 (Windows NT 6.1; WOW64) AppleWebKit/537.36 (KHTML, like Gecko) Chrome/81.0.4044.138 Safari/537.36"
3.83.166.173 - - [02/Jul/2021:00:43:37 -0400] "GET / HTTP/1.1" 200 100334 "-" "Mozilla/5.0 (Windows NT 6.1; WOW64) AppleWebKit/537.36 (KHTML, like Gecko) Chrome/81.0.4044.138 Safari/537.36"
3.83.166.173 - - [02/Jul/2021:00:43:37 -0400] "GET / HTTP/1.1" 200 84816 "-" "Mozilla/5.0 (Windows NT 6.1; WOW64) AppleWebKit/537.36 (KHTML, like Gecko) Chrome/81.0.4044.138 Safari/537.36"
3.83.166.173 - - [02/Jul/2021:00:43:37 -0400] "GET / HTTP/1.1" 200 100241 "-" "Mozilla/5.0 (Windows NT 6.1; WOW64) AppleWebKit/537.36 (KHTML, like Gecko) Chrome/81.0.4044.138 Safari/537.36"
3.83.166.173 - - [02/Jul/2021:00:43:37 -0400] "GET / HTTP/1.1" 200 99956 "-" "Mozilla/5.0 (Windows NT 6.1; WOW64) AppleWebKit/537.36 (KHTML, like Gecko) Chrome/81.0.4044.138 Safari/537.36"
3.83.166.173 - - [02/Jul/2021:00:43:38 -0400] "GET / HTTP/1.1" 200 103074 "-" "Mozilla/5.0 (Windows NT 6.1; WOW64) AppleWebKit/537.36 (KHTML, like Gecko) Chrome/81.0.4044.138 Safari/537.36"
3.83.166.173 - - [02/Jul/2021:00:43:38 -0400] "GET / HTTP/1.1" 200 100278 "-" "Mozilla/5.0 (Windows NT 6.1; WOW64) AppleWebKit/537.36 (KHTML, like Gecko) Chrome/81.0.4044.138 Safari/537.36"
3.83.166.173 - - [02/Jul/2021:00:43:38 -0400] "GET / HTTP/1.1" 200 100742 "-" "Mozilla/5.0 (Windows NT 6.1; WOW64) AppleWebKit/537.36 (KHTML, like Gecko) Chrome/81.0.4044.138 Safari/537.36"
3.83.166.173 - - [02/Jul/2021:00:43:38 -0400] "GET / HTTP/1.1" 200 84372 "-" "Mozilla/5.0 (Windows NT 6.1; WOW64) AppleWebKit/537.36 (KHTML, like Gecko) Chrome/81.0.4044.138 Safari/537.36"
3.83.166.173 - - [02/Jul/2021:00:43:38 -0400] "GET / HTTP/1.1" 200 100742 "-" "Mozilla/5.0 (Windows NT 6.1; WOW64) AppleWebKit/537.36 (KHTML, like Gecko) Chrome/81.0.4044.138 Safari/537.36"
3.83.166.173 - - [02/Jul/2021:00:43:38 -0400] "GET / HTTP/1.1" 200 100300 "-" "Mozilla/5.0 (Windows NT 6.1; WOW64) AppleWebKit/537.36 (KHTML, like Gecko) Chrome/81.0.4044.138 Safari/537.36"
3.83.166.173 - - [02/Jul/2021:00:43:38 -0400] "GET / HTTP/1.1" 200 94164 "-" "Mozilla/5.0 (Windows NT 6.1; WOW64) AppleWebKit/537.36 (KHTML, like Gecko) Chrome/81.0.4044.138 Safari/537.36"
3.83.166.173 - - [02/Jul/2021:00:43:38 -0400] "GET / HTTP/1.1" 200 94164 "-" "Mozilla/5.0 (Windows NT 6.1; WOW64) AppleWebKit/537.36 (KHTML, like Gecko) Chrome/81.0.4044.138 Safari/537.36"
3.83.166.173 - - [02/Jul/2021:00:43:39 -0400] "GET / HTTP/1.1" 200 100300 "-" "Mozilla/5.0 (Windows NT 6.1; WOW64) AppleWebKit/537.36 (KHTML, like Gecko) Chrome/81.0.4044.138 Safari/537.36"
3.83.166.173 - - [02/Jul/2021:00:43:39 -0400] "GET / HTTP/1.1" 200 100300 "-" "Mozilla/5.0 (Windows NT 6.1; WOW64) AppleWebKit/537.36 (KHTML, like Gecko) Chrome/81.0.4044.138 Safari/537.36"
3.83.166.173 - - [02/Jul/2021:00:43:39 -0400] "GET / HTTP/1.1" 200 100284 "-" "Mozilla/5.0 (Windows NT 6.1; WOW64) AppleWebKit/537.36 (KHTML, like Gecko) Chrome/81.0.4044.138 Safari/537.36"
3.83.166.173 - - [02/Jul/2021:00:43:39 -0400] "GET / HTTP/1.1" 200 100726 "-" "Mozilla/5.0 (Windows NT 6.1; WOW64) AppleWebKit/537.36 (KHTML, like Gecko) Chrome/81.0.4044.138 Safari/537.36"
3.83.166.173 - - [02/Jul/2021:00:43:39 -0400] "GET / HTTP/1.1" 200 94148 "-" "Mozilla/5.0 (Windows NT 6.1; WOW64) AppleWebKit/537.36 (KHTML, like Gecko) Chrome/81.0.4044.138 Safari/537.36"
3.83.166.173 - - [02/Jul/2021:00:43:39 -0400] "GET / HTTP/1.1" 200 103145 "-" "Mozilla/5.0 (Windows NT 6.1; WOW64) AppleWebKit/537.36 (KHTML, like Gecko) Chrome/81.0.4044.138 Safari/537.36"
3.83.166.173 - - [02/Jul/2021:00:43:39 -0400] "GET / HTTP/1.1" 200 99940 "-" "Mozilla/5.0 (Windows NT 6.1; WOW64) AppleWebKit/537.36 (KHTML, like Gecko) Chrome/81.0.4044.138 Safari/537.36"
3.83.166.173 - - [02/Jul/2021:00:43:39 -0400] "GET / HTTP/1.1" 200 100726 "-" "Mozilla/5.0 (Windows NT 6.1; WOW64) AppleWebKit/537.36 (KHTML, like Gecko) Chrome/81.0.4044.138 Safari/537.36"
3.83.166.173 - - [02/Jul/2021:00:43:40 -0400] "GET / HTTP/1.1" 200 100284 "-" "Mozilla/5.0 (Windows NT 6.1; WOW64) AppleWebKit/537.36 (KHTML, like Gecko) Chrome/81.0.4044.138 Safari/537.36"
3.83.166.173 - - [02/Jul/2021:00:43:40 -0400] "GET / HTTP/1.1" 200 100284 "-" "Mozilla/5.0 (Windows NT 6.1; WOW64) AppleWebKit/537.36 (KHTML, like Gecko) Chrome/81.0.4044.138 Safari/537.36"
157.90.182.30 - - [02/Jul/2021:00:43:40 -0400] "GET /2020/01/07/st-louis-cotton-club-band-c-1925/ HTTP/1.1" 200 13181 "-" "Mozilla/5.0 (compatible; BLEXBot/1.0; +http://webmeup-crawler.com/)"
157.90.182.30 - - [02/Jul/2021:00:43:43 -0400] "GET /2020/01/07/uss-enterprise-june-1941/ HTTP/1.1" 200 12886 "-" "Mozilla/5.0 (compatible; BLEXBot/1.0; +http://webmeup-crawler.com/)"
204.48.19.85 - - [02/Jul/2021:00:43:47 -0400] "POST /wp-cron.php?doing_wp_cron=1625201027.5124919414520263671875 HTTP/1.1" 200 5463 "https://ajhydell.com/wp-cron.php?doing_wp_cron=1625201027.5124919414520263671875" "WordPress/5.7.2; https://ajhydell.com"
157.90.182.30 - - [02/Jul/2021:00:43:47 -0400] "GET /2020/01/08/british-wwii-evacuation-poster/ HTTP/1.1" 200 13001 "-" "Mozilla/5.0 (compatible; BLEXBot/1.0; +http://webmeup-crawler.com/)"
157.90.182.30 - - [02/Jul/2021:00:43:52 -0400] "GET /2020/01/08/damage-caused-after-a-night-out-in-london-1940/ HTTP/1.1" 200 13041 "-" "Mozilla/5.0 (compatible; BLEXBot/1.0; +http://webmeup-crawler.com/)"
157.90.182.30 - - [02/Jul/2021:00:43:56 -0400] "GET /2020/01/08/my-grandfather-a-wing-commander-in-the-raf-in-front-of-the-treptower-war-memorial-as-part-of-a-nato-delegation-to-east-berlin-march-1974-3210-x-4759/ HTTP/1.1" 200 13204 "-" "Mozilla/5.0 (compatible; BLEXBot/1.0; +http://webmeup-crawler.com/)"
157.90.182.30 - - [02/Jul/2021:00:44:00 -0400] "GET /2020/01/09/1984-legendary-luchador-wrestler-el-santos-rodolfo-guzman-huerta-reveals-his-face-to-the-audience-for-the-only-time-in-his-entire-career-he-passed-away-only-10-days-later-900x720/ HTTP/1.1" 200 13453 "-" "Mozilla/5.0 (compatible; BLEXBot/1.0; +http://webmeup-crawler.com/)"
157.90.182.30 - - [02/Jul/2021:00:44:04 -0400] "GET /2020/01/09/lance-corporal-chashi-of-northern-rhodesian-rifles-a-company-of-the-british-kings-african-rifles-prepares-to-attack-the-japanese-held-hill-752-in-the-arakan-area-of-burma-november-1944/ HTTP/1.1" 200 13405 "-" "Mozilla/5.0 (compatible; BLEXBot/1.0; +http://webmeup-crawler.com/)"
157.90.182.30 - - [02/Jul/2021:00:44:08 -0400] "GET /2020/01/09/the-last-moments-of-general-anton-dostler-sentenced-to-for-war-crimes-in-1945-2936-x-2408/ HTTP/1.1" 200 13220 "-" "Mozilla/5.0 (compatible; BLEXBot/1.0; +http://webmeup-crawler.com/)"
157.90.182.30 - - [02/Jul/2021:00:44:11 -0400] "GET /2020/01/10/ HTTP/1.1" 200 12505 "-" "Mozilla/5.0 (compatible; BLEXBot/1.0; +http://webmeup-crawler.com/)"
157.90.182.30 - - [02/Jul/2021:00:44:14 -0400] "GET /2020/01/10/soviet-infantry-advancing-through-the-countryside-germany-1945/ HTTP/1.1" 200 13158 "-" "Mozilla/5.0 (compatible; BLEXBot/1.0; +http://webmeup-crawler.com/)"
157.90.182.30 - - [02/Jul/2021:00:44:17 -0400] "GET /2020/01/11/ HTTP/1.1" 200 12533 "-" "Mozilla/5.0 (compatible; BLEXBot/1.0; +http://webmeup-crawler.com/)"
157.90.182.30 - - [02/Jul/2021:00:44:21 -0400] "GET /2020/01/12/ HTTP/1.1" 200 12327 "-" "Mozilla/5.0 (compatible; BLEXBot/1.0; +http://webmeup-crawler.com/)"
157.90.182.30 - - [02/Jul/2021:00:44:24 -0400] "GET /2020/01/13/ HTTP/1.1" 200 12609 "-" "Mozilla/5.0 (compatible; BLEXBot/1.0; +http://webmeup-crawler.com/)"
157.90.182.30 - - [02/Jul/2021:00:44:27 -0400] "GET /2020/01/page/7/ HTTP/1.1" 200 14476 "-" "Mozilla/5.0 (compatible; BLEXBot/1.0; +http://webmeup-crawler.com/)"
157.90.182.30 - - [02/Jul/2021:00:44:30 -0400] "GET /2020/02/02/ HTTP/1.1" 200 12600 "-" "Mozilla/5.0 (compatible; BLEXBot/1.0; +http://webmeup-crawler.com/)"
157.90.182.30 - - [02/Jul/2021:00:44:33 -0400] "GET /2020/02/02/germanys-saviors-1930s-c-horn-nazi-germany/ HTTP/1.1" 200 13099 "-" "Mozilla/5.0 (compatible; BLEXBot/1.0; +http://webmeup-crawler.com/)"
157.90.182.30 - - [02/Jul/2021:00:44:36 -0400] "GET /2020/02/19/navajo-man-1905/ HTTP/1.1" 200 12966 "-" "Mozilla/5.0 (compatible; BLEXBot/1.0; +http://webmeup-crawler.com/)"
157.90.182.30 - - [02/Jul/2021:00:44:40 -0400] "GET /2020/02/20/dutch-roadworker-smoking-a-cigarette/ HTTP/1.1" 200 12947 "-" "Mozilla/5.0 (compatible; BLEXBot/1.0; +http://webmeup-crawler.com/)"
157.90.182.30 - - [02/Jul/2021:00:44:43 -0400] "GET /2020/02/20/native-americans-of-the-blackfoot-tribe-in-glacier-national-park-montana-usa-1913-photo-by-roland-reed-1438x1777/ HTTP/1.1" 200 13138 "-" "Mozilla/5.0 (compatible; BLEXBot/1.0; +http://webmeup-crawler.com/)"
204.48.19.85 - - [02/Jul/2021:00:44:46 -0400] "POST /wp-cron.php?doing_wp_cron=1625201086.8458499908447265625000 HTTP/1.1" 200 5463 "https://ajhydell.com/wp-cron.php?doing_wp_cron=1625201086.8458499908447265625000" "WordPress/5.7.2; https://ajhydell.com"
157.90.182.30 - - [02/Jul/2021:00:44:46 -0400] "GET /2020/02/20/ussr-vietnam-the-distance-is-long-but-our-hearts-are-close-together-ussr-1958/ HTTP/1.1" 200 13067 "-" "Mozilla/5.0 (compatible; BLEXBot/1.0; +http://webmeup-crawler.com/)"
157.90.182.30 - - [02/Jul/2021:00:44:50 -0400] "GET /2020/02/21/german-propaganda-posters-appealing-to-the-citizens-of-smolensk-during-german-occupation-1942/ HTTP/1.1" 200 12968 "-" "Mozilla/5.0 (compatible; BLEXBot/1.0; +http://webmeup-crawler.com/)"
157.90.182.30 - - [02/Jul/2021:00:44:53 -0400] "GET /2020/02/21/liberian-psa-against-child-sexual-abuse-2000s/ HTTP/1.1" 200 12900 "-" "Mozilla/5.0 (compatible; BLEXBot/1.0; +http://webmeup-crawler.com/)"
157.90.182.30 - - [02/Jul/2021:00:44:56 -0400] "GET /2020/02/21/merle-oberon-sits-for-a-portrait-by-gerald-brockhurst-1937/ HTTP/1.1" 200 13075 "-" "Mozilla/5.0 (compatible; BLEXBot/1.0; +http://webmeup-crawler.com/)"
157.90.182.30 - - [02/Jul/2021:00:45:00 -0400] "GET /2020/02/22/16-b-25-mitchell-bombers-on-the-uss-enterprise-preparing-to-take-off-for-the-raid-on-toykodoolittle-raidapril-18-1942780621/ HTTP/1.1" 200 13197 "-" "Mozilla/5.0 (compatible; BLEXBot/1.0; +http://webmeup-crawler.com/)"
157.90.182.30 - - [02/Jul/2021:00:45:03 -0400] "GET /2020/02/22/the-boy-who-shot-the-sheriff-herbert-niccolls-the-12-year-old-who-shot-and-killed-asotin-countys-washington-sheriff-in-1931/ HTTP/1.1" 200 13164 "-" "Mozilla/5.0 (compatible; BLEXBot/1.0; +http://webmeup-crawler.com/)"
157.90.182.30 - - [02/Jul/2021:00:45:06 -0400] "GET /2020/02/22/ussr-1986-there-is-no-other-home/ HTTP/1.1" 200 13032 "-" "Mozilla/5.0 (compatible; BLEXBot/1.0; +http://webmeup-crawler.com/)"
157.90.182.30 - - [02/Jul/2021:00:45:09 -0400] "GET /2020/02/23/ HTTP/1.1" 200 12565 "-" "Mozilla/5.0 (compatible; BLEXBot/1.0; +http://webmeup-crawler.com/)"
157.90.182.30 - - [02/Jul/2021:00:45:13 -0400] "GET /2020/02/24/ HTTP/1.1" 200 12550 "-" "Mozilla/5.0 (compatible; BLEXBot/1.0; +http://webmeup-crawler.com/)"
157.90.182.30 - - [02/Jul/2021:00:45:16 -0400] "GET /2020/02/25/ HTTP/1.1" 200 12656 "-" "Mozilla/5.0 (compatible; BLEXBot/1.0; +http://webmeup-crawler.com/)"
157.90.182.30 - - [02/Jul/2021:00:45:19 -0400] "GET /2020/02/page/4/ HTTP/1.1" 200 14024 "-" "Mozilla/5.0 (compatible; BLEXBot/1.0; +http://webmeup-crawler.com/)"
173.228.198.252 - - [02/Jul/2021:00:45:22 -0400] "GET /wp-content/uploads/2021/06/picture-146.jpg HTTP/1.1" 200 192675 "https://www.bing.com/" "Mozilla/5.0 (iPhone; CPU iPhone OS 14_2_1 like Mac OS X) AppleWebKit/605.1.15 (KHTML, like Gecko) Version/14.0.1 Mobile/15E148 Safari/604.1"
157.90.182.30 - - [02/Jul/2021:00:45:22 -0400] "GET /2020/03/ HTTP/1.1" 200 14043 "-" "Mozilla/5.0 (compatible; BLEXBot/1.0; +http://webmeup-crawler.com/)"
157.90.182.30 - - [02/Jul/2021:00:45:25 -0400] "GET /2020/03/01/ HTTP/1.1" 200 12383 "-" "Mozilla/5.0 (compatible; BLEXBot/1.0; +http://webmeup-crawler.com/)"
157.90.182.30 - - [02/Jul/2021:00:45:28 -0400] "GET /2020/03/01/german-pows-reacting-to-footage-of-concentration-camps-1945/ HTTP/1.1" 200 12837 "-" "Mozilla/5.0 (compatible; BLEXBot/1.0; +http://webmeup-crawler.com/)"
157.90.182.30 - - [02/Jul/2021:00:45:32 -0400] "GET /2020/12/20/75-years-difference-but-still-the-same-czech-tobruk-rat-from-czechoslovak-11th-infantry-battalion-east-in-tobruk-libya-in-1941-and-czech-soldier-from-102nd-reconnaissance-battalion-a-bagram-a/ HTTP/1.1" 200 13282 "-" "Mozilla/5.0 (compatible; BLEXBot/1.0; +http://webmeup-crawler.com/)"
157.90.182.30 - - [02/Jul/2021:00:45:35 -0400] "GET /2020/12/20/clara-bloodgood-ca-1900/ HTTP/1.1" 200 13092 "-" "Mozilla/5.0 (compatible; BLEXBot/1.0; +http://webmeup-crawler.com/)"
157.90.182.30 - - [02/Jul/2021:00:45:38 -0400] "GET /2020/12/20/frame-from-the-bw-film-the-captain-2017/ HTTP/1.1" 200 12845 "-" "Mozilla/5.0 (compatible; BLEXBot/1.0; +http://webmeup-crawler.com/)"
157.90.182.30 - - [02/Jul/2021:00:45:42 -0400] "GET /2020/12/20/when-the-car-is-more-flammable-than-the-tree/ HTTP/1.1" 200 12982 "-" "Mozilla/5.0 (compatible; BLEXBot/1.0; +http://webmeup-crawler.com/)"
204.48.19.85 - - [02/Jul/2021:00:45:45 -0400] "POST /wp-cron.php?doing_wp_cron=1625201145.7849779129028320312500 HTTP/1.1" 200 5463 "https://ajhydell.com/wp-cron.php?doing_wp_cron=1625201145.7849779129028320312500" "WordPress/5.7.2; https://ajhydell.com"
157.90.182.30 - - [02/Jul/2021:00:45:45 -0400] "GET /2020/12/20/youre-not-dressed-in-brands-1984/ HTTP/1.1" 200 13039 "-" "Mozilla/5.0 (compatible; BLEXBot/1.0; +http://webmeup-crawler.com/)"
157.90.182.30 - - [02/Jul/2021:00:45:48 -0400] "GET /2020/12/21/76-years-ago-today-troops-of-the-325th-glider-infantry-regiment-move-through-the-fog-to-a-new-position-ardennes-belgium-december-20-1944-colour-by-pieceofjake/ HTTP/1.1" 200 13248 "-" "Mozilla/5.0 (compatible; BLEXBot/1.0; +http://webmeup-crawler.com/)"
157.90.182.30 - - [02/Jul/2021:00:45:55 -0400] "GET /2020/12/21/finnish-ski-troops-march-against-invading-russians-with-their-reindeer-on-march-28-1940-991x602/ HTTP/1.1" 200 18218 "-" "Mozilla/5.0 (compatible; BLEXBot/1.0; +http://webmeup-crawler.com/)"
157.90.182.30 - - [02/Jul/2021:00:45:59 -0400] "GET /2020/12/21/soviet-officer-and-finnish-officer-comparing-watches-vyborg-september-4-1944-3438x4631/ HTTP/1.1" 200 13074 "-" "Mozilla/5.0 (compatible; BLEXBot/1.0; +http://webmeup-crawler.com/)"
185.191.171.15 - - [02/Jul/2021:00:46:01 -0400] "GET /2019/08/07/ HTTP/1.1" 200 17787 "-" "Mozilla/5.0 (compatible; SemrushBot/7~bl; +http://www.semrush.com/bot.html)"
157.90.182.30 - - [02/Jul/2021:00:46:02 -0400] "GET /2020/12/21/stop-him-1943/ HTTP/1.1" 200 12999 "-" "Mozilla/5.0 (compatible; BLEXBot/1.0; +http://webmeup-crawler.com/)"
157.90.182.30 - - [02/Jul/2021:00:46:05 -0400] "GET /2020/12/21/we-promise-that-you-wont-use-the-commodore-64-more-than-24-hours-a-day-1985/ HTTP/1.1" 200 13111 "-" "Mozilla/5.0 (compatible; BLEXBot/1.0; +http://webmeup-crawler.com/)"
157.90.182.30 - - [02/Jul/2021:00:46:09 -0400] "GET /2020/12/22/ HTTP/1.1" 200 13058 "-" "Mozilla/5.0 (compatible; BLEXBot/1.0; +http://webmeup-crawler.com/)"
157.90.182.30 - - [02/Jul/2021:00:46:12 -0400] "GET /2020/12/23/ HTTP/1.1" 200 13061 "-" "Mozilla/5.0 (compatible; BLEXBot/1.0; +http://webmeup-crawler.com/)"
157.90.182.30 - - [02/Jul/2021:00:46:16 -0400] "GET /2020/12/page/5/ HTTP/1.1" 200 14307 "-" "Mozilla/5.0 (compatible; BLEXBot/1.0; +http://webmeup-crawler.com/)"
157.90.182.30 - - [02/Jul/2021:00:46:19 -0400] "GET /2020/page/7/ HTTP/1.1" 200 13825 "-" "Mozilla/5.0 (compatible; BLEXBot/1.0; +http://webmeup-crawler.com/)"
95.163.255.161 - - [02/Jul/2021:00:46:21 -0400] "GET /robots.txt HTTP/1.0" 200 5241 "-" "Mozilla/5.0 (compatible; Linux x86_64; Mail.RU_Bot/2.0; +http://go.mail.ru/help/robots)"
157.90.182.30 - - [02/Jul/2021:00:46:22 -0400] "GET /2021/01/02/ HTTP/1.1" 200 13095 "-" "Mozilla/5.0 (compatible; BLEXBot/1.0; +http://webmeup-crawler.com/)"
95.163.255.164 - - [02/Jul/2021:00:46:23 -0400] "GET /post-sitemap1.xml HTTP/1.1" 200 15346 "-" "Mozilla/5.0 (compatible; Linux x86_64; Mail.RU_Bot/2.0; +http://go.mail.ru/help/robots)"
157.90.182.30 - - [02/Jul/2021:00:46:26 -0400] "GET /2021/01/02/golden-fluffo-more-appetizing-1955/ HTTP/1.1" 200 13084 "-" "Mozilla/5.0 (compatible; BLEXBot/1.0; +http://webmeup-crawler.com/)"
157.90.182.30 - - [02/Jul/2021:00:46:35 -0400] "GET /2021/01/26/coney-island-the-bowery-1903/ HTTP/1.1" 200 13397 "-" "Mozilla/5.0 (compatible; BLEXBot/1.0; +http://webmeup-crawler.com/)"
157.90.182.30 - - [02/Jul/2021:00:46:39 -0400] "GET /2021/01/26/frazier-vs-ali-1971/ HTTP/1.1" 200 12750 "-" "Mozilla/5.0 (compatible; BLEXBot/1.0; +http://webmeup-crawler.com/)"
157.90.182.30 - - [02/Jul/2021:00:46:42 -0400] "GET /2021/01/26/soldiers-of-the-finnish-4th-light-detachment-during-the-winter-war-1939/ HTTP/1.1" 200 13061 "-" "Mozilla/5.0 (compatible; BLEXBot/1.0; +http://webmeup-crawler.com/)"
204.48.19.85 - - [02/Jul/2021:00:46:45 -0400] "POST /wp-cron.php?doing_wp_cron=1625201205.5116250514984130859375 HTTP/1.1" 200 5463 "https://ajhydell.com/wp-cron.php?doing_wp_cron=1625201205.5116250514984130859375" "WordPress/5.7.2; https://ajhydell.com"
157.90.182.30 - - [02/Jul/2021:00:46:45 -0400] "GET /2021/01/26/the-queen-during-her-first-tour-of-australia-3rd-february-1954-2000-x-1617/ HTTP/1.1" 200 12973 "-" "Mozilla/5.0 (compatible; BLEXBot/1.0; +http://webmeup-crawler.com/)"
157.90.182.30 - - [02/Jul/2021:00:46:48 -0400] "GET /2021/01/27/76-years-ago-today-medal-of-honor-recipient-audie-murphy-single-handedly-stopped-a-german-attack-from-an-exposed-position-on-top-of-a-burning-tank-destroyer-killing-over-20-german-soldiers-in-the-pr/ HTTP/1.1" 200 13226 "-" "Mozilla/5.0 (compatible; BLEXBot/1.0; +http://webmeup-crawler.com/)"
157.90.182.30 - - [02/Jul/2021:00:46:51 -0400] "GET /2021/01/27/captured-prisoners-of-the-first-world-war-from-eight-different-nations-at-an-unknown-german-prisoner-of-war-camp/ HTTP/1.1" 200 13040 "-" "Mozilla/5.0 (compatible; BLEXBot/1.0; +http://webmeup-crawler.com/)"
157.90.182.30 - - [02/Jul/2021:00:46:55 -0400] "GET /2021/01/27/insert-upside-down-australia-joke-here-1952/ HTTP/1.1" 200 13028 "-" "Mozilla/5.0 (compatible; BLEXBot/1.0; +http://webmeup-crawler.com/)"
