23.100.232.233 - - [02/Jul/2021:06:48:58 -0400] "GET /wp-content/plugins/add-expires-headers/cache/0/com/processed-header-f16a8d323e83e1bc1b76514e283fb81b7090a959.min.css HTTP/1.1" 200 52893 "https://ajhydell.com/2021/06/28/my-god-help-me-to-survive-this-deadly-love-berlin-wall-graffiti-1990/" "Mozilla/5.0 (compatible; MSIE 9.0; Windows NT 6.1; Trident/5.0;  Trident/5.0)"
23.100.232.233 - - [02/Jul/2021:06:48:58 -0400] "GET /wp-content/plugins/google-analytics-for-wordpress/assets/js/frontend-gtag.min.js?ver=7.17.0 HTTP/1.1" 200 3476 "https://ajhydell.com/2021/06/28/my-god-help-me-to-survive-this-deadly-love-berlin-wall-graffiti-1990/" "Mozilla/5.0 (compatible; MSIE 9.0; Windows NT 6.1; Trident/5.0;  Trident/5.0)"
23.100.232.233 - - [02/Jul/2021:06:48:58 -0400] "GET /wp-includes/js/jquery/jquery.min.js?ver=3.5.1 HTTP/1.1" 200 31550 "https://ajhydell.com/2021/06/28/my-god-help-me-to-survive-this-deadly-love-berlin-wall-graffiti-1990/" "Mozilla/5.0 (compatible; MSIE 9.0; Windows NT 6.1; Trident/5.0;  Trident/5.0)"
23.100.232.233 - - [02/Jul/2021:06:48:58 -0400] "GET /wp-includes/js/jquery/jquery-migrate.min.js?ver=3.3.2 HTTP/1.1" 200 4687 "https://ajhydell.com/2021/06/28/my-god-help-me-to-survive-this-deadly-love-berlin-wall-graffiti-1990/" "Mozilla/5.0 (compatible; MSIE 9.0; Windows NT 6.1; Trident/5.0;  Trident/5.0)"
23.100.232.233 - - [02/Jul/2021:06:48:58 -0400] "GET /wp-includes/js/wp-emoji-release.min.js?ver=5.7.2 HTTP/1.1" 200 5183 "https://ajhydell.com/2021/06/28/my-god-help-me-to-survive-this-deadly-love-berlin-wall-graffiti-1990/" "Mozilla/5.0 (compatible; MSIE 9.0; Windows NT 6.1; Trident/5.0;  Trident/5.0)"
23.100.232.233 - - [02/Jul/2021:06:48:59 -0400] "GET /wp-content/plugins/wp-smushit/app/assets/js/smush-lazy-load.min.js?ver=3.8.7 HTTP/1.1" 200 4207 "https://ajhydell.com/2021/06/28/my-god-help-me-to-survive-this-deadly-love-berlin-wall-graffiti-1990/" "Mozilla/5.0 (compatible; MSIE 9.0; Windows NT 6.1; Trident/5.0;  Trident/5.0)"
23.100.232.233 - - [02/Jul/2021:06:48:59 -0400] "GET /wp-content/themes/royal-magazine/js/navigation.js?ver=20151215 HTTP/1.1" 200 1349 "https://ajhydell.com/2021/06/28/my-god-help-me-to-survive-this-deadly-love-berlin-wall-graffiti-1990/" "Mozilla/5.0 (compatible; MSIE 9.0; Windows NT 6.1; Trident/5.0;  Trident/5.0)"
23.100.232.233 - - [02/Jul/2021:06:48:59 -0400] "GET /wp-content/themes/royal-magazine/js/skip-link-focus-fix.js?ver=20151215 HTTP/1.1" 200 933 "https://ajhydell.com/2021/06/28/my-god-help-me-to-survive-this-deadly-love-berlin-wall-graffiti-1990/" "Mozilla/5.0 (compatible; MSIE 9.0; Windows NT 6.1; Trident/5.0;  Trident/5.0)"
23.100.232.233 - - [02/Jul/2021:06:48:59 -0400] "GET /wp-content/themes/royal-magazine/assets/libraries/bootstrap/js/bootstrap.min.js?ver=5.7.2 HTTP/1.1" 200 10404 "https://ajhydell.com/2021/06/28/my-god-help-me-to-survive-this-deadly-love-berlin-wall-graffiti-1990/" "Mozilla/5.0 (compatible; MSIE 9.0; Windows NT 6.1; Trident/5.0;  Trident/5.0)"
23.100.232.233 - - [02/Jul/2021:06:48:59 -0400] "GET /wp-content/themes/royal-magazine/assets/libraries/slick/js/slick.min.js?ver=5.7.2 HTTP/1.1" 200 10740 "https://ajhydell.com/2021/06/28/my-god-help-me-to-survive-this-deadly-love-berlin-wall-graffiti-1990/" "Mozilla/5.0 (compatible; MSIE 9.0; Windows NT 6.1; Trident/5.0;  Trident/5.0)"
23.100.232.233 - - [02/Jul/2021:06:49:00 -0400] "GET /wp-content/themes/royal-magazine/assets/libraries/theiaStickySidebar/theia-sticky-sidebar.min.js?ver=5.7.2 HTTP/1.1" 200 2271 "https://ajhydell.com/2021/06/28/my-god-help-me-to-survive-this-deadly-love-berlin-wall-graffiti-1990/" "Mozilla/5.0 (compatible; MSIE 9.0; Windows NT 6.1; Trident/5.0;  Trident/5.0)"
23.100.232.233 - - [02/Jul/2021:06:49:00 -0400] "GET /wp-content/themes/royal-magazine/assets/libraries/magnific-popup/jquery.magnific-popup.min.js?ver=5.7.2 HTTP/1.1" 200 7871 "https://ajhydell.com/2021/06/28/my-god-help-me-to-survive-this-deadly-love-berlin-wall-graffiti-1990/" "Mozilla/5.0 (compatible; MSIE 9.0; Windows NT 6.1; Trident/5.0;  Trident/5.0)"
23.100.232.233 - - [02/Jul/2021:06:49:00 -0400] "GET /wp-includes/js/wp-embed.min.js?ver=5.7.2 HTTP/1.1" 200 1221 "https://ajhydell.com/2021/06/28/my-god-help-me-to-survive-this-deadly-love-berlin-wall-graffiti-1990/" "Mozilla/5.0 (compatible; MSIE 9.0; Windows NT 6.1; Trident/5.0;  Trident/5.0)"
23.100.232.233 - - [02/Jul/2021:06:49:00 -0400] "GET /wp-content/plugins/facebook-pagelike-widget/fb.js?ver=1.0 HTTP/1.1" 200 821 "https://ajhydell.com/2021/06/28/my-god-help-me-to-survive-this-deadly-love-berlin-wall-graffiti-1990/" "Mozilla/5.0 (compatible; MSIE 9.0; Windows NT 6.1; Trident/5.0;  Trident/5.0)"
23.100.232.233 - - [02/Jul/2021:06:49:00 -0400] "GET /wp-content/themes/royal-magazine/assets/libraries/marquee/jquery.marquee.js?ver=5.7.2 HTTP/1.1" 200 5103 "https://ajhydell.com/2021/06/28/my-god-help-me-to-survive-this-deadly-love-berlin-wall-graffiti-1990/" "Mozilla/5.0 (compatible; MSIE 9.0; Windows NT 6.1; Trident/5.0;  Trident/5.0)"
23.100.232.233 - - [02/Jul/2021:06:49:00 -0400] "GET /wp-content/themes/royal-magazine/assets/twp/js/custom-script.js?ver=5.7.2 HTTP/1.1" 200 3023 "https://ajhydell.com/2021/06/28/my-god-help-me-to-survive-this-deadly-love-berlin-wall-graffiti-1990/" "Mozilla/5.0 (compatible; MSIE 9.0; Windows NT 6.1; Trident/5.0;  Trident/5.0)"
207.46.13.22 - - [02/Jul/2021:06:49:00 -0400] "GET /2019/10/21/ HTTP/1.1" 200 17319 "-" "Mozilla/5.0 (compatible; bingbot/2.0; +http://www.bing.com/bingbot.htm)"
23.100.232.233 - - [02/Jul/2021:06:49:01 -0400] "GET /?wordfence_lh=1&hid=959AAEB09BF681B8383377BF07B0954C&r=0.0692267825491244 HTTP/1.1" 200 357 "https://ajhydell.com/2021/06/28/my-god-help-me-to-survive-this-deadly-love-berlin-wall-graffiti-1990/" "Mozilla/5.0 (compatible; MSIE 9.0; Windows NT 6.1; Trident/5.0;  Trident/5.0)"
114.119.145.169 - - [02/Jul/2021:06:49:18 -0400] "GET /2019/05/20/rca-a-tradition-on-the-move-1980/ HTTP/1.1" 200 17383 "-" "Mozilla/5.0 (Linux; Android 7.0;) AppleWebKit/537.36 (KHTML, like Gecko) Mobile Safari/537.36 (compatible; PetalBot;+https://webmaster.petalsearch.com/site/petalbot)"
204.48.19.85 - - [02/Jul/2021:06:50:26 -0400] "POST /wp-cron.php?doing_wp_cron=1625223026.4292058944702148437500 HTTP/1.1" 200 5463 "https://ajhydell.com/wp-cron.php?doing_wp_cron=1625223026.4292058944702148437500" "WordPress/5.7.2; https://ajhydell.com"
112.133.245.189 - - [02/Jul/2021:06:50:26 -0400] "POST /xmlrpc.php HTTP/1.1" 503 23443 "-" "Mozilla/5.0 (X11; Linux i686; rv:2.0.1) Gecko/20100101 Firefox/4.0.1"
112.133.245.189 - - [02/Jul/2021:06:50:28 -0400] "POST /wp-login.php HTTP/1.1" 503 23209 "-" "Mozilla/5.0 (X11; Linux i686; rv:2.0.1) Gecko/20100101 Firefox/4.0.1"
204.48.19.85 - - [02/Jul/2021:06:50:31 -0400] "POST /?wordfence_syncAttackData=1625223031.1029 HTTP/1.1" 200 5468 "https://ajhydell.com/?wordfence_syncAttackData=1625223031.1029" "WordPress/5.7.2; https://ajhydell.com"
204.48.19.85 - - [02/Jul/2021:06:50:31 -0400] "POST /wp-cron.php?doing_wp_cron=1625223031.1825869083404541015625 HTTP/1.1" 200 5463 "https://ajhydell.com/wp-cron.php?doing_wp_cron=1625223031.1825869083404541015625" "WordPress/5.7.2; https://ajhydell.com"
54.36.148.86 - - [02/Jul/2021:06:50:31 -0400] "GET /2020/01/02/ HTTP/1.1" 200 17674 "-" "Mozilla/5.0 (compatible; AhrefsBot/7.0; +http://ahrefs.com/robot/)"
114.119.138.170 - - [02/Jul/2021:06:50:40 -0400] "GET /2021/05/13/edward-van-halen-and-david-lee-roth-crestwood-mo-1978/ HTTP/1.1" 200 17541 "-" "Mozilla/5.0 (Linux; Android 7.0;) AppleWebKit/537.36 (KHTML, like Gecko) Mobile Safari/537.36 (compatible; PetalBot;+https://webmaster.petalsearch.com/site/petalbot)"
204.48.19.85 - - [02/Jul/2021:06:50:51 -0400] "POST /wp-cron.php?doing_wp_cron=1625223051.3977799415588378906250 HTTP/1.1" 200 5463 "https://ajhydell.com/wp-cron.php?doing_wp_cron=1625223051.3977799415588378906250" "WordPress/5.7.2; https://ajhydell.com"
207.46.13.151 - - [02/Jul/2021:06:50:51 -0400] "GET /2021/06/22/la-grande-croisade-1942-vichy-france-an-advert-for-the-legion-of-french-volunteers-against-bolshevism HTTP/1.1" 301 5262 "-" "Mozilla/5.0 (compatible; bingbot/2.0; +http://www.bing.com/bingbot.htm)"
207.46.13.151 - - [02/Jul/2021:06:50:52 -0400] "GET /2021/06/22/la-grande-croisade-1942-vichy-france-an-advert-for-the-legion-of-french-volunteers-against-bolshevism/ HTTP/1.1" 200 18185 "-" "Mozilla/5.0 (compatible; bingbot/2.0; +http://www.bing.com/bingbot.htm)"
112.133.245.189 - - [02/Jul/2021:06:51:33 -0400] "POST /xmlrpc.php HTTP/1.1" 503 23209 "-" "Mozilla/5.0 (X11; Linux i686; rv:2.0.1) Gecko/20100101 Firefox/4.0.1"
112.133.245.189 - - [02/Jul/2021:06:51:34 -0400] "POST /wp-login.php HTTP/1.1" 503 23209 "-" "Mozilla/5.0 (X11; Linux i686; rv:2.0.1) Gecko/20100101 Firefox/4.0.1"
204.48.19.85 - - [02/Jul/2021:06:52:03 -0400] "POST /?wordfence_syncAttackData=1625223123.5311 HTTP/1.1" 200 5468 "https://ajhydell.com/?wordfence_syncAttackData=1625223123.5311" "WordPress/5.7.2; https://ajhydell.com"
204.48.19.85 - - [02/Jul/2021:06:52:03 -0400] "POST /wp-cron.php?doing_wp_cron=1625223123.6368660926818847656250 HTTP/1.1" 200 5463 "https://ajhydell.com/wp-cron.php?doing_wp_cron=1625223123.6368660926818847656250" "WordPress/5.7.2; https://ajhydell.com"
114.119.132.183 - - [02/Jul/2021:06:52:03 -0400] "GET /2020/11/21/the-last-jew-in-vinnitsa-the-text-that-was-written-on-the-back-of-the-photograph-which-was-found-in-a-photo-album-belonging-to-a-german-soldier HTTP/1.1" 301 5074 "-" "Mozilla/5.0 (Linux; Android 7.0;) AppleWebKit/537.36 (KHTML, like Gecko) Mobile Safari/537.36 (compatible; PetalBot;+https://webmaster.petalsearch.com/site/petalbot)"
114.119.132.183 - - [02/Jul/2021:06:52:05 -0400] "GET /2020/11/21/the-last-jew-in-vinnitsa-the-text-that-was-written-on-the-back-of-the-photograph-which-was-found-in-a-photo-album-belonging-to-a-german-soldier/ HTTP/1.1" 200 13406 "-" "Mozilla/5.0 (Linux; Android 7.0;) AppleWebKit/537.36 (KHTML, like Gecko) Mobile Safari/537.36 (compatible; PetalBot;+https://webmaster.petalsearch.com/site/petalbot)"
17.121.112.8 - - [02/Jul/2021:06:52:39 -0400] "GET /2020/04/17/the-glorious-ww2-posters-of-patrick-keely-1943/ HTTP/1.1" 200 17460 "-" "Mozilla/5.0 (Macintosh; Intel Mac OS X 10_15_5) AppleWebKit/605.1.15 (KHTML, like Gecko) Version/13.1.1 Safari/605.1.15 (Applebot/0.1; +http://www.apple.com/go/applebot)"
204.48.19.85 - - [02/Jul/2021:06:53:41 -0400] "POST /wp-cron.php?doing_wp_cron=1625223221.7440888881683349609375 HTTP/1.1" 200 5463 "https://ajhydell.com/wp-cron.php?doing_wp_cron=1625223221.7440888881683349609375" "WordPress/5.7.2; https://ajhydell.com"
114.119.132.183 - - [02/Jul/2021:06:53:41 -0400] "GET /2020/03/31/rows-of-infected-people-assembled-into-warehouses-suffering-from-1918-influenza-pandemic-a-total-of-50-100-million-people-were-killed-c-1918-1417x796/ HTTP/1.1" 200 17636 "-" "Mozilla/5.0 (Linux; Android 7.0;) AppleWebKit/537.36 (KHTML, like Gecko) Mobile Safari/537.36 (compatible; PetalBot;+https://webmaster.petalsearch.com/site/petalbot)"
204.48.19.85 - - [02/Jul/2021:06:54:57 -0400] "POST /wp-cron.php?doing_wp_cron=1625223297.5304529666900634765625 HTTP/1.1" 200 5463 "https://ajhydell.com/wp-cron.php?doing_wp_cron=1625223297.5304529666900634765625" "WordPress/5.7.2; https://ajhydell.com"
114.119.138.170 - - [02/Jul/2021:06:54:57 -0400] "GET /2019/12/page/5/ HTTP/1.1" 200 17048 "-" "Mozilla/5.0 (Linux; Android 7.0;) AppleWebKit/537.36 (KHTML, like Gecko) Mobile Safari/537.36 (compatible; PetalBot;+https://webmaster.petalsearch.com/site/petalbot)"
204.48.19.85 - - [02/Jul/2021:06:55:42 -0400] "POST /wp-cron.php?doing_wp_cron=1625223342.4312300682067871093750 HTTP/1.1" 200 5463 "https://ajhydell.com/wp-cron.php?doing_wp_cron=1625223342.4312300682067871093750" "WordPress/5.7.2; https://ajhydell.com"
185.191.171.43 - - [02/Jul/2021:06:55:42 -0400] "GET /2019/01/29/british-tourist-arrives-in-sudan-africa-in-1936-826-x-619/ HTTP/1.1" 200 18072 "-" "Mozilla/5.0 (compatible; SemrushBot/7~bl; +http://www.semrush.com/bot.html)"
66.157.208.245 - - [02/Jul/2021:06:56:24 -0400] "GET /wp-content/uploads/2019/12/picture-29-745x1024.jpg HTTP/1.1" 200 161463 "https://www.bing.com/" "Mozilla/5.0 (Windows NT 10.0; Win64; x64) AppleWebKit/537.36 (KHTML, like Gecko) Chrome/91.0.4472.114 Safari/537.36 Edg/91.0.864.59"
66.157.208.245 - - [02/Jul/2021:06:56:44 -0400] "-" 408 5209 "-" "-"
204.48.19.85 - - [02/Jul/2021:06:57:00 -0400] "POST /wp-cron.php?doing_wp_cron=1625223420.2254390716552734375000 HTTP/1.1" 200 5463 "https://ajhydell.com/wp-cron.php?doing_wp_cron=1625223420.2254390716552734375000" "WordPress/5.7.2; https://ajhydell.com"
114.119.156.206 - - [02/Jul/2021:06:57:00 -0400] "GET /2021/04/20/basic-calculus-1928-el-lissitzky HTTP/1.1" 301 4963 "-" "Mozilla/5.0 (Linux; Android 7.0;) AppleWebKit/537.36 (KHTML, like Gecko) Mobile Safari/537.36 (compatible; PetalBot;+https://webmaster.petalsearch.com/site/petalbot)"
114.119.156.206 - - [02/Jul/2021:06:57:01 -0400] "GET /2021/04/20/basic-calculus-1928-el-lissitzky/ HTTP/1.1" 200 13096 "-" "Mozilla/5.0 (Linux; Android 7.0;) AppleWebKit/537.36 (KHTML, like Gecko) Mobile Safari/537.36 (compatible; PetalBot;+https://webmaster.petalsearch.com/site/petalbot)"
207.46.13.120 - - [02/Jul/2021:06:57:15 -0400] "GET /wp-content/uploads/2020/07/picture-59.jpg HTTP/1.1" 200 3239485 "-" "Mozilla/5.0 (compatible; bingbot/2.0; +http://www.bing.com/bingbot.htm)"
112.133.245.189 - - [02/Jul/2021:06:57:42 -0400] "POST /xmlrpc.php HTTP/1.1" 503 23209 "-" "Mozilla/5.0 (X11; Linux i686; rv:2.0.1) Gecko/20100101 Firefox/4.0.1"
112.133.245.189 - - [02/Jul/2021:06:57:44 -0400] "POST /wp-login.php HTTP/1.1" 503 23209 "-" "Mozilla/5.0 (X11; Linux i686; rv:2.0.1) Gecko/20100101 Firefox/4.0.1"
204.48.19.85 - - [02/Jul/2021:06:57:53 -0400] "POST /?wordfence_syncAttackData=1625223473.8825 HTTP/1.1" 200 5468 "https://ajhydell.com/?wordfence_syncAttackData=1625223473.8825" "WordPress/5.7.2; https://ajhydell.com"
204.48.19.85 - - [02/Jul/2021:06:57:53 -0400] "POST /wp-cron.php?doing_wp_cron=1625223473.9618439674377441406250 HTTP/1.1" 200 5463 "https://ajhydell.com/wp-cron.php?doing_wp_cron=1625223473.9618439674377441406250" "WordPress/5.7.2; https://ajhydell.com"
54.36.148.118 - - [02/Jul/2021:06:57:53 -0400] "GET /2020/05/23/ HTTP/1.1" 200 17493 "-" "Mozilla/5.0 (compatible; AhrefsBot/7.0; +http://ahrefs.com/robot/)"
114.119.151.93 - - [02/Jul/2021:06:58:06 -0400] "GET /2021/03/01/vintage-japanese-ad-for-kelloggs-cornfrost-frosted-flakes-cereal-1966/ HTTP/1.1" 200 17399 "-" "Mozilla/5.0 (Linux; Android 7.0;) AppleWebKit/537.36 (KHTML, like Gecko) Mobile Safari/537.36 (compatible; PetalBot;+https://webmaster.petalsearch.com/site/petalbot)"
207.46.13.151 - - [02/Jul/2021:06:58:11 -0400] "GET /wp-content/uploads/2018/08/picture-58.jpg HTTP/1.1" 200 998513 "-" "Mozilla/5.0 (compatible; bingbot/2.0; +http://www.bing.com/bingbot.htm)"
40.77.188.15 - - [02/Jul/2021:06:58:52 -0400] "GET /?wordfence_lh=1&hid=1523D37F2024B5F3376A69388C9E47C9&r=0.9472073781229855 HTTP/1.1" 200 5556 "https://ajhydell.com/2020/12/30/no-to-racism-1960s/" "Mozilla/5.0 (Windows NT 6.1; WOW64) AppleWebKit/534+ (KHTML, like Gecko) BingPreview/1.0b"
204.48.19.85 - - [02/Jul/2021:06:58:52 -0400] "POST /wp-cron.php?doing_wp_cron=1625223532.4271929264068603515625 HTTP/1.1" 200 5463 "https://ajhydell.com/wp-cron.php?doing_wp_cron=1625223532.4271929264068603515625" "WordPress/5.7.2; https://ajhydell.com"
207.46.13.120 - - [02/Jul/2021:06:58:55 -0400] "GET /2020/02/07/ HTTP/1.1" 200 17363 "-" "Mozilla/5.0 (compatible; bingbot/2.0; +http://www.bing.com/bingbot.htm)"
204.48.19.85 - - [02/Jul/2021:06:59:31 -0400] "POST /wp-cron.php?doing_wp_cron=1625223571.2507960796356201171875 HTTP/1.1" 200 5463 "https://ajhydell.com/wp-cron.php?doing_wp_cron=1625223571.2507960796356201171875" "WordPress/5.7.2; https://ajhydell.com"
114.119.151.146 - - [02/Jul/2021:06:59:31 -0400] "GET /2020/04/21/the-all-black-u-s-15th-regiment-is-given-a-military-parade-in-fifth-avenue-new-york-1916-2405-x-1853/ HTTP/1.1" 200 17676 "-" "Mozilla/5.0 (Linux; Android 7.0;) AppleWebKit/537.36 (KHTML, like Gecko) Mobile Safari/537.36 (compatible; PetalBot;+https://webmaster.petalsearch.com/site/petalbot)"
204.48.19.85 - - [02/Jul/2021:06:59:59 -0400] "POST /wp-cron.php?doing_wp_cron=1625223599.4645040035247802734375 HTTP/1.1" 200 5463 "https://ajhydell.com/wp-cron.php?doing_wp_cron=1625223599.4645040035247802734375" "WordPress/5.7.2; https://ajhydell.com"
185.191.171.22 - - [02/Jul/2021:06:59:59 -0400] "GET /2021/06/29/frances-fault-germany-1940-illustrierter-beobachter-magazine-of-the-nsdap/ HTTP/1.1" 200 18119 "-" "Mozilla/5.0 (compatible; SemrushBot/7~bl; +http://www.semrush.com/bot.html)"
204.48.19.85 - - [02/Jul/2021:07:00:08 -0400] "POST /wp-cron.php?doing_wp_cron=1625223608.6809670925140380859375 HTTP/1.1" 200 5463 "https://ajhydell.com/wp-cron.php?doing_wp_cron=1625223608.6809670925140380859375" "WordPress/5.7.2; https://ajhydell.com"
66.249.66.136 - - [02/Jul/2021:07:00:08 -0400] "GET /2021/06/30/aunt-esther-purses-1970s/ HTTP/1.1" 200 17989 "-" "Mozilla/5.0 (Linux; Android 6.0.1; Nexus 5X Build/MMB29P) AppleWebKit/537.36 (KHTML, like Gecko) Chrome/91.0.4472.90 Mobile Safari/537.36 (compatible; Googlebot/2.1; +http://www.google.com/bot.html)"
216.244.66.250 - - [02/Jul/2021:07:00:11 -0400] "GET /robots.txt HTTP/1.1" 301 297 "-" "Mozilla/5.0 (compatible; DotBot/1.2; +https://opensiteexplorer.org/dotbot; help@moz.com)"
216.244.66.250 - - [02/Jul/2021:07:00:11 -0400] "GET /robots.txt HTTP/1.1" 200 5027 "-" "Mozilla/5.0 (compatible; DotBot/1.2; +https://opensiteexplorer.org/dotbot; help@moz.com)"
204.48.19.85 - - [02/Jul/2021:07:01:01 -0400] "POST /wp-cron.php?doing_wp_cron=1625223661.8346819877624511718750 HTTP/1.1" 200 5463 "https://ajhydell.com/wp-cron.php?doing_wp_cron=1625223661.8346819877624511718750" "WordPress/5.7.2; https://ajhydell.com"
114.119.132.183 - - [02/Jul/2021:07:01:01 -0400] "GET /2018/page/39/ HTTP/1.1" 200 18608 "-" "Mozilla/5.0 (Linux; Android 7.0;) AppleWebKit/537.36 (KHTML, like Gecko) Mobile Safari/537.36 (compatible; PetalBot;+https://webmaster.petalsearch.com/site/petalbot)"
114.119.143.168 - - [02/Jul/2021:07:02:19 -0400] "GET /2020/03/20/ingenuity-at-its-finest/ HTTP/1.1" 200 17449 "-" "Mozilla/5.0 (Linux; Android 7.0;) AppleWebKit/537.36 (KHTML, like Gecko) Mobile Safari/537.36 (compatible; PetalBot;+https://webmaster.petalsearch.com/site/petalbot)"
204.48.19.85 - - [02/Jul/2021:07:02:19 -0400] "POST /wp-cron.php?doing_wp_cron=1625223739.7691268920898437500000 HTTP/1.1" 200 5463 "https://ajhydell.com/wp-cron.php?doing_wp_cron=1625223739.7691268920898437500000" "WordPress/5.7.2; https://ajhydell.com"
114.119.143.168 - - [02/Jul/2021:07:04:01 -0400] "GET /2021/01/30 HTTP/1.1" 301 4885 "-" "Mozilla/5.0 (Linux; Android 7.0;) AppleWebKit/537.36 (KHTML, like Gecko) Mobile Safari/537.36 (compatible; PetalBot;+https://webmaster.petalsearch.com/site/petalbot)"
204.48.19.85 - - [02/Jul/2021:07:04:01 -0400] "POST /wp-cron.php?doing_wp_cron=1625223841.4988451004028320312500 HTTP/1.1" 200 5463 "https://ajhydell.com/wp-cron.php?doing_wp_cron=1625223841.4988451004028320312500" "WordPress/5.7.2; https://ajhydell.com"
114.119.143.168 - - [02/Jul/2021:07:04:03 -0400] "GET /2021/01/30/ HTTP/1.1" 200 13175 "-" "Mozilla/5.0 (Linux; Android 7.0;) AppleWebKit/537.36 (KHTML, like Gecko) Mobile Safari/537.36 (compatible; PetalBot;+https://webmaster.petalsearch.com/site/petalbot)"
66.157.208.245 - - [02/Jul/2021:07:04:22 -0400] "GET /wp-content/uploads/2019/12/picture-29-745x1024.jpg HTTP/1.1" 200 161463 "https://www.bing.com/" "Mozilla/5.0 (Windows NT 10.0; Win64; x64) AppleWebKit/537.36 (KHTML, like Gecko) Chrome/91.0.4472.114 Safari/537.36 Edg/91.0.864.59"
204.48.19.85 - - [02/Jul/2021:07:05:14 -0400] "POST /wp-cron.php?doing_wp_cron=1625223914.4437220096588134765625 HTTP/1.1" 200 5463 "https://ajhydell.com/wp-cron.php?doing_wp_cron=1625223914.4437220096588134765625" "WordPress/5.7.2; https://ajhydell.com"
54.36.149.56 - - [02/Jul/2021:07:05:14 -0400] "GET /2020/11/22/1979-big-mac-ad/ HTTP/1.1" 200 17926 "-" "Mozilla/5.0 (compatible; AhrefsBot/7.0; +http://ahrefs.com/robot/)"
114.119.138.170 - - [02/Jul/2021:07:05:23 -0400] "GET /2018/10/31/pardon-my-back-but-it-shows-the-cleaning-jobs-i-do-the-clorox-co-1973 HTTP/1.1" 301 5000 "-" "Mozilla/5.0 (Linux; Android 7.0;) AppleWebKit/537.36 (KHTML, like Gecko) Mobile Safari/537.36 (compatible; PetalBot;+https://webmaster.petalsearch.com/site/petalbot)"
114.119.138.170 - - [02/Jul/2021:07:05:24 -0400] "GET /2018/10/31/pardon-my-back-but-it-shows-the-cleaning-jobs-i-do-the-clorox-co-1973/ HTTP/1.1" 200 13258 "-" "Mozilla/5.0 (Linux; Android 7.0;) AppleWebKit/537.36 (KHTML, like Gecko) Mobile Safari/537.36 (compatible; PetalBot;+https://webmaster.petalsearch.com/site/petalbot)"
204.48.19.85 - - [02/Jul/2021:07:05:46 -0400] "POST /wp-cron.php?doing_wp_cron=1625223946.2168059349060058593750 HTTP/1.1" 200 5463 "https://ajhydell.com/wp-cron.php?doing_wp_cron=1625223946.2168059349060058593750" "WordPress/5.7.2; https://ajhydell.com"
207.46.13.80 - - [02/Jul/2021:07:05:46 -0400] "GET /2021/02/07/bit-o-honey-1945-candy-with-a-side-of-numerology/ HTTP/1.1" 200 17881 "-" "Mozilla/5.0 (compatible; bingbot/2.0; +http://www.bing.com/bingbot.htm)"
204.48.19.85 - - [02/Jul/2021:07:06:45 -0400] "POST /wp-cron.php?doing_wp_cron=1625224005.6084649562835693359375 HTTP/1.1" 200 5463 "https://ajhydell.com/wp-cron.php?doing_wp_cron=1625224005.6084649562835693359375" "WordPress/5.7.2; https://ajhydell.com"
114.119.156.206 - - [02/Jul/2021:07:06:45 -0400] "GET /2020/05/29/ HTTP/1.1" 200 17301 "-" "Mozilla/5.0 (Linux; Android 7.0;) AppleWebKit/537.36 (KHTML, like Gecko) Mobile Safari/537.36 (compatible; PetalBot;+https://webmaster.petalsearch.com/site/petalbot)"
204.48.19.85 - - [02/Jul/2021:07:08:09 -0400] "POST /wp-cron.php?doing_wp_cron=1625224089.5447020530700683593750 HTTP/1.1" 200 5463 "https://ajhydell.com/wp-cron.php?doing_wp_cron=1625224089.5447020530700683593750" "WordPress/5.7.2; https://ajhydell.com"
114.119.138.170 - - [02/Jul/2021:07:08:09 -0400] "GET /2019/05/03/ HTTP/1.1" 200 16771 "-" "Mozilla/5.0 (Linux; Android 7.0;) AppleWebKit/537.36 (KHTML, like Gecko) Mobile Safari/537.36 (compatible; PetalBot;+https://webmaster.petalsearch.com/site/petalbot)"
185.191.171.20 - - [02/Jul/2021:07:08:15 -0400] "GET /2019/01/19/john-f-kennedy-in-commack-long-island-nov-6-1960-1200x951/ HTTP/1.1" 200 18025 "-" "Mozilla/5.0 (compatible; SemrushBot/7~bl; +http://www.semrush.com/bot.html)"
216.244.66.250 - - [02/Jul/2021:07:08:17 -0400] "GET /2019/08/25/acrobats-on-the-empire-state-building-1934/ HTTP/1.1" 200 66604 "-" "Mozilla/5.0 (compatible; DotBot/1.2; +https://opensiteexplorer.org/dotbot; help@moz.com)"
185.191.171.2 - - [02/Jul/2021:07:08:18 -0400] "GET /2019/10/20/ HTTP/1.1" 200 17539 "-" "Mozilla/5.0 (compatible; SemrushBot/7~bl; +http://www.semrush.com/bot.html)"
216.244.66.250 - - [02/Jul/2021:07:08:24 -0400] "GET /2019/08/30/silent-film-starlet-lillian-gish-on-the-set-of-her-1927-dramatic-film-annie-laurie/ HTTP/1.1" 200 67447 "-" "Mozilla/5.0 (compatible; DotBot/1.2; +https://opensiteexplorer.org/dotbot; help@moz.com)"
204.48.19.85 - - [02/Jul/2021:07:09:29 -0400] "POST /wp-cron.php?doing_wp_cron=1625224169.2735030651092529296875 HTTP/1.1" 200 5463 "https://ajhydell.com/wp-cron.php?doing_wp_cron=1625224169.2735030651092529296875" "WordPress/5.7.2; https://ajhydell.com"
112.133.245.189 - - [02/Jul/2021:07:09:29 -0400] "POST /xmlrpc.php HTTP/1.1" 403 5307 "-" "Mozilla/5.0 (X11; Linux i686; rv:2.0.1) Gecko/20100101 Firefox/4.0.1"
112.133.245.189 - - [02/Jul/2021:07:09:33 -0400] "POST /wp-login.php HTTP/1.1" 200 13648 "-" "Mozilla/5.0 (X11; Linux i686; rv:2.0.1) Gecko/20100101 Firefox/4.0.1"
204.48.19.85 - - [02/Jul/2021:07:09:55 -0400] "POST /wp-cron.php?doing_wp_cron=1625224195.4376819133758544921875 HTTP/1.1" 200 5463 "https://ajhydell.com/wp-cron.php?doing_wp_cron=1625224195.4376819133758544921875" "WordPress/5.7.2; https://ajhydell.com"
114.119.158.133 - - [02/Jul/2021:07:09:55 -0400] "GET /author/aj/page/13 HTTP/1.1" 301 4892 "-" "Mozilla/5.0 (Linux; Android 7.0;) AppleWebKit/537.36 (KHTML, like Gecko) Mobile Safari/537.36 (compatible; PetalBot;+https://webmaster.petalsearch.com/site/petalbot)"
114.119.158.133 - - [02/Jul/2021:07:10:07 -0400] "GET /author/aj/page/13/ HTTP/1.1" 200 14617 "-" "Mozilla/5.0 (Linux; Android 7.0;) AppleWebKit/537.36 (KHTML, like Gecko) Mobile Safari/537.36 (compatible; PetalBot;+https://webmaster.petalsearch.com/site/petalbot)"
207.46.13.96 - - [02/Jul/2021:07:10:25 -0400] "GET /2018/11/12/ HTTP/1.1" 200 17377 "-" "Mozilla/5.0 (compatible; bingbot/2.0; +http://www.bing.com/bingbot.htm)"
204.48.19.85 - - [02/Jul/2021:07:11:13 -0400] "POST /wp-cron.php?doing_wp_cron=1625224273.5359790325164794921875 HTTP/1.1" 200 5463 "https://ajhydell.com/wp-cron.php?doing_wp_cron=1625224273.5359790325164794921875" "WordPress/5.7.2; https://ajhydell.com"
114.119.145.169 - - [02/Jul/2021:07:11:13 -0400] "GET /2018/09/10/leon-redbones-this-buds-for-you-commercial-1982/ HTTP/1.1" 200 17501 "-" "Mozilla/5.0 (Linux; Android 7.0;) AppleWebKit/537.36 (KHTML, like Gecko) Mobile Safari/537.36 (compatible; PetalBot;+https://webmaster.petalsearch.com/site/petalbot)"
216.244.66.250 - - [02/Jul/2021:07:11:28 -0400] "GET /2018/12/05/jcpenney-coffee-shop-december-1972/ HTTP/1.1" 200 66259 "-" "Mozilla/5.0 (compatible; DotBot/1.2; +https://opensiteexplorer.org/dotbot; help@moz.com)"
216.244.66.250 - - [02/Jul/2021:07:11:33 -0400] "GET /page/79/ HTTP/1.1" 200 101660 "-" "Mozilla/5.0 (compatible; DotBot/1.2; +https://opensiteexplorer.org/dotbot; help@moz.com)"
204.48.19.85 - - [02/Jul/2021:07:11:57 -0400] "POST /wp-cron.php?doing_wp_cron=1625224317.5621190071105957031250 HTTP/1.1" 200 5463 "https://ajhydell.com/wp-cron.php?doing_wp_cron=1625224317.5621190071105957031250" "WordPress/5.7.2; https://ajhydell.com"
207.46.13.120 - - [02/Jul/2021:07:11:57 -0400] "GET /post-sitemap5.xml HTTP/1.1" 200 15189 "-" "Mozilla/5.0 (compatible; bingbot/2.0; +http://www.bing.com/bingbot.htm)"
114.119.158.133 - - [02/Jul/2021:07:12:38 -0400] "GET /2020/12/17/japanese-prisoner-of-war-listening-to-emperor-showas-surrender-announcement-guam-15-aug-1945 HTTP/1.1" 301 5023 "-" "Mozilla/5.0 (Linux; Android 7.0;) AppleWebKit/537.36 (KHTML, like Gecko) Mobile Safari/537.36 (compatible; PetalBot;+https://webmaster.petalsearch.com/site/petalbot)"
114.119.158.133 - - [02/Jul/2021:07:12:39 -0400] "GET /2020/12/17/japanese-prisoner-of-war-listening-to-emperor-showas-surrender-announcement-guam-15-aug-1945/ HTTP/1.1" 200 13119 "-" "Mozilla/5.0 (Linux; Android 7.0;) AppleWebKit/537.36 (KHTML, like Gecko) Mobile Safari/537.36 (compatible; PetalBot;+https://webmaster.petalsearch.com/site/petalbot)"
54.36.149.65 - - [02/Jul/2021:07:12:41 -0400] "GET /2019/12/28/ HTTP/1.1" 200 17751 "-" "Mozilla/5.0 (compatible; AhrefsBot/7.0; +http://ahrefs.com/robot/)"
204.48.19.85 - - [02/Jul/2021:07:13:00 -0400] "POST /wp-cron.php?doing_wp_cron=1625224380.5167748928070068359375 HTTP/1.1" 200 232 "http://ajhydell.com/wp-cron.php?doing_wp_cron=1625224380.5167748928070068359375" "WordPress/5.7.2; https://ajhydell.com"
124.206.180.139 - - [02/Jul/2021:07:13:00 -0400] "GET / HTTP/1.1" 301 306 "-" "Mozilla/5.0 Firefox/35.0"
124.206.180.139 - - [02/Jul/2021:07:13:01 -0400] "GET / HTTP/1.1" 200 103061 "-" "Mozilla/5.0 Firefox/35.0"
52.87.254.228 - - [02/Jul/2021:07:13:19 -0400] "HEAD / HTTP/1.1" 200 4883 "-" "scalaj-http/2.4.2"
52.87.254.228 - - [02/Jul/2021:07:13:19 -0400] "GET / HTTP/1.1" 200 19175 "-" "Buck/2.2; (+https://app.hypefactors.com/media-monitoring/about.html)"
52.87.254.228 - - [02/Jul/2021:07:13:20 -0400] "GET /robots.txt HTTP/1.1" 200 5069 "-" "Buck/2.2; (+https://app.hypefactors.com/media-monitoring/about.html)"
204.48.19.85 - - [02/Jul/2021:07:13:48 -0400] "POST /wp-cron.php?doing_wp_cron=1625224428.8780989646911621093750 HTTP/1.1" 200 5463 "https://ajhydell.com/wp-cron.php?doing_wp_cron=1625224428.8780989646911621093750" "WordPress/5.7.2; https://ajhydell.com"
52.87.254.228 - - [02/Jul/2021:07:13:48 -0400] "GET /feed/ HTTP/1.1" 200 7299 "-" "Buck/2.2; (+https://app.hypefactors.com/media-monitoring/about.html)"
52.87.254.228 - - [02/Jul/2021:07:13:49 -0400] "GET /sitemap_index.xml HTTP/1.1" 200 5388 "-" "Buck/2.2; (+https://app.hypefactors.com/media-monitoring/about.html)"
52.87.254.228 - - [02/Jul/2021:07:13:49 -0400] "GET /post-sitemap10.xml HTTP/1.1" 200 15401 "-" "Buck/2.2; (+https://app.hypefactors.com/media-monitoring/about.html)"
52.87.254.228 - - [02/Jul/2021:07:13:49 -0400] "GET /post-sitemap11.xml HTTP/1.1" 200 15210 "-" "Buck/2.2; (+https://app.hypefactors.com/media-monitoring/about.html)"
52.87.254.228 - - [02/Jul/2021:07:13:50 -0400] "GET /post-sitemap12.xml HTTP/1.1" 200 14378 "-" "Buck/2.2; (+https://app.hypefactors.com/media-monitoring/about.html)"
52.87.254.228 - - [02/Jul/2021:07:13:50 -0400] "GET /post-sitemap13.xml HTTP/1.1" 200 14594 "-" "Buck/2.2; (+https://app.hypefactors.com/media-monitoring/about.html)"
52.87.254.228 - - [02/Jul/2021:07:13:50 -0400] "GET /sitemap.xml HTTP/1.1" 200 5756 "-" "Buck/2.2; (+https://app.hypefactors.com/media-monitoring/about.html)"
52.87.254.228 - - [02/Jul/2021:07:13:50 -0400] "GET /sitemap-pt-post-2021-07.xml HTTP/1.1" 200 5939 "-" "Buck/2.2; (+https://app.hypefactors.com/media-monitoring/about.html)"
52.87.254.228 - - [02/Jul/2021:07:13:50 -0400] "GET /sitemap-pt-post-2021-06.xml HTTP/1.1" 200 12715 "-" "Buck/2.2; (+https://app.hypefactors.com/media-monitoring/about.html)"
114.119.156.206 - - [02/Jul/2021:07:13:58 -0400] "GET /2021/02/20/coal-miners-coming-up-a-coal-mine-elevator-after-a-day-of-work-in-1920s-belgium-503x640 HTTP/1.1" 301 5018 "-" "Mozilla/5.0 (Linux; Android 7.0;) AppleWebKit/537.36 (KHTML, like Gecko) Mobile Safari/537.36 (compatible; PetalBot;+https://webmaster.petalsearch.com/site/petalbot)"
114.119.156.206 - - [02/Jul/2021:07:13:59 -0400] "GET /2021/02/20/coal-miners-coming-up-a-coal-mine-elevator-after-a-day-of-work-in-1920s-belgium-503x640/ HTTP/1.1" 200 13309 "-" "Mozilla/5.0 (Linux; Android 7.0;) AppleWebKit/537.36 (KHTML, like Gecko) Mobile Safari/537.36 (compatible; PetalBot;+https://webmaster.petalsearch.com/site/petalbot)"
204.48.19.85 - - [02/Jul/2021:07:15:59 -0400] "POST /wp-cron.php?doing_wp_cron=1625224559.2897419929504394531250 HTTP/1.1" 200 5463 "https://ajhydell.com/wp-cron.php?doing_wp_cron=1625224559.2897419929504394531250" "WordPress/5.7.2; https://ajhydell.com"
185.191.171.3 - - [02/Jul/2021:07:15:59 -0400] "GET /2018/12/31/ HTTP/1.1" 200 17601 "-" "Mozilla/5.0 (compatible; SemrushBot/7~bl; +http://www.semrush.com/bot.html)"
204.48.19.85 - - [02/Jul/2021:07:16:02 -0400] "POST /wp-cron.php?doing_wp_cron=1625224562.9248039722442626953125 HTTP/1.1" 200 5463 "https://ajhydell.com/wp-cron.php?doing_wp_cron=1625224562.9248039722442626953125" "WordPress/5.7.2; https://ajhydell.com"
114.119.151.93 - - [02/Jul/2021:07:16:02 -0400] "GET /category/uncategorized/page/48/ HTTP/1.1" 200 18806 "-" "Mozilla/5.0 (Linux; Android 7.0;) AppleWebKit/537.36 (KHTML, like Gecko) Mobile Safari/537.36 (compatible; PetalBot;+https://webmaster.petalsearch.com/site/petalbot)"
36.72.212.147 - - [02/Jul/2021:07:16:16 -0400] "GET /wp-content/uploads/2020/10/picture-21.jpg HTTP/1.1" 200 151839 "-" "okhttp/4.10.0-RC1"
167.98.80.200 - - [02/Jul/2021:07:16:24 -0400] "GET /wp-content/uploads/2020/05/picture-5-768x957.jpg HTTP/1.1" 200 162352 "https://www.bing.com/" "Mozilla/5.0 (Windows NT 10.0; Win64; x64) AppleWebKit/537.36 (KHTML, like Gecko) Chrome/91.0.4472.114 Safari/537.36 Edg/91.0.864.59"
66.249.66.132 - - [02/Jul/2021:07:16:42 -0400] "GET /wp-content/uploads/2021/06/picture-58.jpg HTTP/1.1" 200 874086 "-" "Googlebot-Image/1.0"
207.46.13.120 - - [02/Jul/2021:07:16:57 -0400] "GET /wp-content/uploads/2019/07/picture-63.jpg HTTP/1.1" 200 239135 "-" "Mozilla/5.0 (compatible; bingbot/2.0; +http://www.bing.com/bingbot.htm)"
204.48.19.85 - - [02/Jul/2021:07:17:07 -0400] "POST /wp-cron.php?doing_wp_cron=1625224627.4484488964080810546875 HTTP/1.1" 200 5463 "https://ajhydell.com/wp-cron.php?doing_wp_cron=1625224627.4484488964080810546875" "WordPress/5.7.2; https://ajhydell.com"
185.191.171.22 - - [02/Jul/2021:07:17:07 -0400] "GET /2020/11/07/ HTTP/1.1" 200 17806 "-" "Mozilla/5.0 (compatible; SemrushBot/7~bl; +http://www.semrush.com/bot.html)"
114.119.143.210 - - [02/Jul/2021:07:17:14 -0400] "GET /2020/05/14/prohibitionist-propaganda-poster-late-1910s HTTP/1.1" 404 63198 "-" "Mozilla/5.0 (Linux; Android 7.0;) AppleWebKit/537.36 (KHTML, like Gecko) Mobile Safari/537.36 (compatible; PetalBot;+https://webmaster.petalsearch.com/site/petalbot)"
66.249.66.136 - - [02/Jul/2021:07:17:51 -0400] "GET /wp-content/uploads/2021/04/picture-146.jpg HTTP/1.1" 200 145691 "-" "Googlebot-Image/1.0"
204.48.19.85 - - [02/Jul/2021:07:17:51 -0400] "POST /wp-cron.php?doing_wp_cron=1625224671.2417569160461425781250 HTTP/1.1" 200 5463 "https://ajhydell.com/wp-cron.php?doing_wp_cron=1625224671.2417569160461425781250" "WordPress/5.7.2; https://ajhydell.com"
66.249.66.132 - - [02/Jul/2021:07:17:51 -0400] "GET /robots.txt HTTP/1.1" 200 5685 "-" "Mozilla/5.0 (compatible; Googlebot/2.1; +http://www.google.com/bot.html)"
118.184.177.68 - - [02/Jul/2021:07:18:04 -0400] "GET / HTTP/1.1" 200 19259 "-" "Sogou web spider/4.0(+http://www.sogou.com/docs/help/webmasters.htm#07)"
114.119.143.210 - - [02/Jul/2021:07:18:34 -0400] "GET /2020/07/page/7/ HTTP/1.1" 200 18657 "-" "Mozilla/5.0 (Linux; Android 7.0;) AppleWebKit/537.36 (KHTML, like Gecko) Mobile Safari/537.36 (compatible; PetalBot;+https://webmaster.petalsearch.com/site/petalbot)"
204.48.19.85 - - [02/Jul/2021:07:20:06 -0400] "POST /wp-cron.php?doing_wp_cron=1625224806.1429040431976318359375 HTTP/1.1" 200 5463 "https://ajhydell.com/wp-cron.php?doing_wp_cron=1625224806.1429040431976318359375" "WordPress/5.7.2; https://ajhydell.com"
114.119.133.146 - - [02/Jul/2021:07:20:06 -0400] "GET /2020/05/page/5 HTTP/1.1" 301 5103 "-" "Mozilla/5.0 (Linux; Android 7.0;) AppleWebKit/537.36 (KHTML, like Gecko) Mobile Safari/537.36 (compatible; PetalBot;+https://webmaster.petalsearch.com/site/petalbot)"
114.119.133.146 - - [02/Jul/2021:07:20:06 -0400] "GET /2020/05/page/5/ HTTP/1.1" 200 13906 "-" "Mozilla/5.0 (Linux; Android 7.0;) AppleWebKit/537.36 (KHTML, like Gecko) Mobile Safari/537.36 (compatible; PetalBot;+https://webmaster.petalsearch.com/site/petalbot)"
114.119.133.146 - - [02/Jul/2021:07:20:07 -0400] "GET /wp-content/plugins/add-expires-headers/cache/0/com/processed-header-f16a8d323e83e1bc1b76514e283fb81b7090a959.min.css HTTP/1.1" 200 52762 "https://ajhydell.com/2020/05/page/5/" "Mozilla/5.0 (Linux; Android 7.0;) AppleWebKit/537.36 (KHTML, like Gecko) Mobile Safari/537.36 (compatible; PetalBot;+https://webmaster.petalsearch.com/site/petalbot)"
114.119.133.146 - - [02/Jul/2021:07:20:07 -0400] "GET /wp-content/plugins/google-analytics-for-wordpress/assets/js/frontend-gtag.min.js?ver=7.17.0 HTTP/1.1" 200 3437 "https://ajhydell.com/2020/05/page/5/" "Mozilla/5.0 (Linux; Android 7.0;) AppleWebKit/537.36 (KHTML, like Gecko) Mobile Safari/537.36 (compatible; PetalBot;+https://webmaster.petalsearch.com/site/petalbot)"
114.119.133.146 - - [02/Jul/2021:07:20:07 -0400] "GET /wp-includes/js/jquery/jquery.min.js?ver=3.5.1 HTTP/1.1" 200 31617 "https://ajhydell.com/2020/05/page/5/" "Mozilla/5.0 (Linux; Android 7.0;) AppleWebKit/537.36 (KHTML, like Gecko) Mobile Safari/537.36 (compatible; PetalBot;+https://webmaster.petalsearch.com/site/petalbot)"
114.119.133.146 - - [02/Jul/2021:07:20:07 -0400] "GET /wp-content/plugins/wp-smushit/app/assets/js/smush-lazy-load.min.js?ver=3.8.7 HTTP/1.1" 200 4320 "https://ajhydell.com/2020/05/page/5/" "Mozilla/5.0 (Linux; Android 7.0;) AppleWebKit/537.36 (KHTML, like Gecko) Mobile Safari/537.36 (compatible; PetalBot;+https://webmaster.petalsearch.com/site/petalbot)"
114.119.133.146 - - [02/Jul/2021:07:20:07 -0400] "GET /wp-includes/js/jquery/jquery-migrate.min.js?ver=3.3.2 HTTP/1.1" 200 4805 "https://ajhydell.com/2020/05/page/5/" "Mozilla/5.0 (Linux; Android 7.0;) AppleWebKit/537.36 (KHTML, like Gecko) Mobile Safari/537.36 (compatible; PetalBot;+https://webmaster.petalsearch.com/site/petalbot)"
114.119.133.146 - - [02/Jul/2021:07:20:07 -0400] "GET /wp-content/themes/royal-magazine/js/navigation.js?ver=20151215 HTTP/1.1" 200 1481 "https://ajhydell.com/2020/05/page/5/" "Mozilla/5.0 (Linux; Android 7.0;) AppleWebKit/537.36 (KHTML, like Gecko) Mobile Safari/537.36 (compatible; PetalBot;+https://webmaster.petalsearch.com/site/petalbot)"
114.119.133.146 - - [02/Jul/2021:07:20:07 -0400] "GET /wp-content/themes/royal-magazine/js/skip-link-focus-fix.js?ver=20151215 HTTP/1.1" 200 923 "https://ajhydell.com/2020/05/page/5/" "Mozilla/5.0 (Linux; Android 7.0;) AppleWebKit/537.36 (KHTML, like Gecko) Mobile Safari/537.36 (compatible; PetalBot;+https://webmaster.petalsearch.com/site/petalbot)"
114.119.133.146 - - [02/Jul/2021:07:20:07 -0400] "GET /wp-content/themes/royal-magazine/assets/libraries/slick/js/slick.min.js?ver=5.7.2 HTTP/1.1" 200 10686 "https://ajhydell.com/2020/05/page/5/" "Mozilla/5.0 (Linux; Android 7.0;) AppleWebKit/537.36 (KHTML, like Gecko) Mobile Safari/537.36 (compatible; PetalBot;+https://webmaster.petalsearch.com/site/petalbot)"
114.119.133.146 - - [02/Jul/2021:07:20:07 -0400] "GET /wp-content/themes/royal-magazine/assets/libraries/marquee/jquery.marquee.js?ver=5.7.2 HTTP/1.1" 200 5068 "https://ajhydell.com/2020/05/page/5/" "Mozilla/5.0 (Linux; Android 7.0;) AppleWebKit/537.36 (KHTML, like Gecko) Mobile Safari/537.36 (compatible; PetalBot;+https://webmaster.petalsearch.com/site/petalbot)"
114.119.133.146 - - [02/Jul/2021:07:20:07 -0400] "GET /wp-content/themes/royal-magazine/assets/libraries/bootstrap/js/bootstrap.min.js?ver=5.7.2 HTTP/1.1" 200 10346 "https://ajhydell.com/2020/05/page/5/" "Mozilla/5.0 (Linux; Android 7.0;) AppleWebKit/537.36 (KHTML, like Gecko) Mobile Safari/537.36 (compatible; PetalBot;+https://webmaster.petalsearch.com/site/petalbot)"
114.119.133.146 - - [02/Jul/2021:07:20:07 -0400] "GET /wp-content/themes/royal-magazine/assets/libraries/theiaStickySidebar/theia-sticky-sidebar.min.js?ver=5.7.2 HTTP/1.1" 200 2233 "https://ajhydell.com/2020/05/page/5/" "Mozilla/5.0 (Linux; Android 7.0;) AppleWebKit/537.36 (KHTML, like Gecko) Mobile Safari/537.36 (compatible; PetalBot;+https://webmaster.petalsearch.com/site/petalbot)"
114.119.133.146 - - [02/Jul/2021:07:20:07 -0400] "GET /wp-content/themes/royal-magazine/assets/libraries/magnific-popup/jquery.magnific-popup.min.js?ver=5.7.2 HTTP/1.1" 200 7835 "https://ajhydell.com/2020/05/page/5/" "Mozilla/5.0 (Linux; Android 7.0;) AppleWebKit/537.36 (KHTML, like Gecko) Mobile Safari/537.36 (compatible; PetalBot;+https://webmaster.petalsearch.com/site/petalbot)"
114.119.133.146 - - [02/Jul/2021:07:20:07 -0400] "GET /wp-content/themes/royal-magazine/assets/twp/js/custom-script.js?ver=5.7.2 HTTP/1.1" 200 2992 "https://ajhydell.com/2020/05/page/5/" "Mozilla/5.0 (Linux; Android 7.0;) AppleWebKit/537.36 (KHTML, like Gecko) Mobile Safari/537.36 (compatible; PetalBot;+https://webmaster.petalsearch.com/site/petalbot)"
114.119.133.146 - - [02/Jul/2021:07:20:07 -0400] "GET /wp-includes/js/wp-embed.min.js?ver=5.7.2 HTTP/1.1" 200 1208 "https://ajhydell.com/2020/05/page/5/" "Mozilla/5.0 (Linux; Android 7.0;) AppleWebKit/537.36 (KHTML, like Gecko) Mobile Safari/537.36 (compatible; PetalBot;+https://webmaster.petalsearch.com/site/petalbot)"
114.119.133.146 - - [02/Jul/2021:07:20:07 -0400] "GET /wp-content/plugins/facebook-pagelike-widget/fb.js?ver=1.0 HTTP/1.1" 200 809 "https://ajhydell.com/2020/05/page/5/" "Mozilla/5.0 (Linux; Android 7.0;) AppleWebKit/537.36 (KHTML, like Gecko) Mobile Safari/537.36 (compatible; PetalBot;+https://webmaster.petalsearch.com/site/petalbot)"
114.119.133.146 - - [02/Jul/2021:07:20:07 -0400] "GET /wp-includes/js/wp-emoji-release.min.js?ver=5.7.2 HTTP/1.1" 200 5149 "https://ajhydell.com/2020/05/page/5/" "Mozilla/5.0 (Linux; Android 7.0;) AppleWebKit/537.36 (KHTML, like Gecko) Mobile Safari/537.36 (compatible; PetalBot;+https://webmaster.petalsearch.com/site/petalbot)"
114.119.133.146 - - [02/Jul/2021:07:20:07 -0400] "GET /wp-content/themes/royal-magazine/assets/libraries/ionicons/fonts/ionicons.ttf HTTP/1.1" 200 189142 "https://ajhydell.com/wp-content/plugins/add-expires-headers/cache/0/com/processed-header-f16a8d323e83e1bc1b76514e283fb81b7090a959.min.css" "Mozilla/5.0 (Linux; Android 7.0;) AppleWebKit/537.36 (KHTML, like Gecko) Mobile Safari/537.36 (compatible; PetalBot;+https://webmaster.petalsearch.com/site/petalbot)"
114.119.133.146 - - [02/Jul/2021:07:20:08 -0400] "GET /?wordfence_lh=1&hid=762C8FDF19FFF6A4F8F36982A9597887&r=0.36985483072873193 HTTP/1.1" 200 346 "https://ajhydell.com/2020/05/page/5/" "Mozilla/5.0 (Linux; Android 7.0;) AppleWebKit/537.36 (KHTML, like Gecko) Mobile Safari/537.36 (compatible; PetalBot;+https://webmaster.petalsearch.com/site/petalbot)"
54.36.148.214 - - [02/Jul/2021:07:20:08 -0400] "GET /2021/03/12/communist-showdown-cartoon-by-fritz-berendt-1964/ HTTP/1.1" 200 18169 "-" "Mozilla/5.0 (compatible; AhrefsBot/7.0; +http://ahrefs.com/robot/)"
66.249.66.136 - - [02/Jul/2021:07:20:18 -0400] "GET /2019/08/24/charlie-chaplin-c-1916/ HTTP/1.1" 200 17986 "-" "Mozilla/5.0 (compatible; Googlebot/2.1; +http://www.google.com/bot.html)"
66.249.92.71 - - [02/Jul/2021:07:20:31 -0400] "GET /2020/05/page/5/ HTTP/1.1" 200 19141 "-" "Mediapartners-Google"
66.249.66.134 - - [02/Jul/2021:07:20:35 -0400] "GET /wp-content/uploads/2021/04/picture-140.jpg HTTP/1.1" 200 59723 "-" "Googlebot-Image/1.0"
157.55.39.57 - - [02/Jul/2021:07:20:44 -0400] "GET /wp-content/uploads/2020/10/picture-54.jpg HTTP/1.1" 200 3700579 "-" "Mozilla/5.0 (compatible; bingbot/2.0; +http://www.bing.com/bingbot.htm)"
204.48.19.85 - - [02/Jul/2021:07:21:27 -0400] "POST /wp-cron.php?doing_wp_cron=1625224887.8086791038513183593750 HTTP/1.1" 200 5463 "https://ajhydell.com/wp-cron.php?doing_wp_cron=1625224887.8086791038513183593750" "WordPress/5.7.2; https://ajhydell.com"
114.119.132.183 - - [02/Jul/2021:07:21:27 -0400] "GET /2019/03/18/ HTTP/1.1" 200 16954 "-" "Mozilla/5.0 (Linux; Android 7.0;) AppleWebKit/537.36 (KHTML, like Gecko) Mobile Safari/537.36 (compatible; PetalBot;+https://webmaster.petalsearch.com/site/petalbot)"
204.48.19.85 - - [02/Jul/2021:07:22:42 -0400] "POST /wp-cron.php?doing_wp_cron=1625224962.5646131038665771484375 HTTP/1.1" 200 5463 "https://ajhydell.com/wp-cron.php?doing_wp_cron=1625224962.5646131038665771484375" "WordPress/5.7.2; https://ajhydell.com"
114.119.156.206 - - [02/Jul/2021:07:22:42 -0400] "GET /2020/11/20/the-rough-rider-theodore-roosevelt-1907 HTTP/1.1" 301 4970 "-" "Mozilla/5.0 (Linux; Android 7.0;) AppleWebKit/537.36 (KHTML, like Gecko) Mobile Safari/537.36 (compatible; PetalBot;+https://webmaster.petalsearch.com/site/petalbot)"
114.119.156.206 - - [02/Jul/2021:07:22:43 -0400] "GET /2020/11/20/the-rough-rider-theodore-roosevelt-1907/ HTTP/1.1" 200 13204 "-" "Mozilla/5.0 (Linux; Android 7.0;) AppleWebKit/537.36 (KHTML, like Gecko) Mobile Safari/537.36 (compatible; PetalBot;+https://webmaster.petalsearch.com/site/petalbot)"
204.48.19.85 - - [02/Jul/2021:07:23:59 -0400] "POST /wp-cron.php?doing_wp_cron=1625225039.3384819030761718750000 HTTP/1.1" 200 5463 "https://ajhydell.com/wp-cron.php?doing_wp_cron=1625225039.3384819030761718750000" "WordPress/5.7.2; https://ajhydell.com"
207.46.13.80 - - [02/Jul/2021:07:23:59 -0400] "GET /sitemap-pt-post-2021-06.xml HTTP/1.1" 200 12906 "-" "Mozilla/5.0 (compatible; bingbot/2.0; +http://www.bing.com/bingbot.htm)"
207.46.13.120 - - [02/Jul/2021:07:24:08 -0400] "GET /sitemap-misc.xml HTTP/1.1" 200 5581 "-" "Mozilla/5.0 (compatible; bingbot/2.0; +http://www.bing.com/bingbot.htm)"
114.119.132.183 - - [02/Jul/2021:07:24:30 -0400] "GET /2020/12/29/suriname-after-250-years-as-a-dutch-colony-compared-to-other-dutch-colonies-1917/ HTTP/1.1" 200 17509 "-" "Mozilla/5.0 (Linux; Android 7.0;) AppleWebKit/537.36 (KHTML, like Gecko) Mobile Safari/537.36 (compatible; PetalBot;+https://webmaster.petalsearch.com/site/petalbot)"
204.48.19.85 - - [02/Jul/2021:07:25:33 -0400] "POST /wp-cron.php?doing_wp_cron=1625225133.1326839923858642578125 HTTP/1.1" 200 5463 "https://ajhydell.com/wp-cron.php?doing_wp_cron=1625225133.1326839923858642578125" "WordPress/5.7.2; https://ajhydell.com"
175.44.42.105 - - [02/Jul/2021:07:25:33 -0400] "GET / HTTP/1.1" 200 19817 "http://ljf.cahuo.net/" "Mozilla/5.0 (Windows NT 10.0; Win64; x64) AppleWebKit/537.36 (KHTML, like Gecko) Chrome/91.0.4472.106 Safari/537.36"
175.44.42.105 - - [02/Jul/2021:07:25:33 -0400] "GET /wp-content/plugins/google-analytics-for-wordpress/assets/js/frontend-gtag.min.js?ver=7.17.0 HTTP/1.1" 200 3291 "http://ljf.cahuo.net/post/7292742/sure-fire-ways-to-get-more-wordpress-traffic/" "Mozilla/5.0 (Windows NT 10.0; Win64; x64) AppleWebKit/537.36 (KHTML, like Gecko) Chrome/91.0.4472.106 Safari/537.36"
204.48.19.85 - - [02/Jul/2021:07:25:52 -0400] "POST /wp-cron.php?doing_wp_cron=1625225152.7199940681457519531250 HTTP/1.1" 200 5463 "https://ajhydell.com/wp-cron.php?doing_wp_cron=1625225152.7199940681457519531250" "WordPress/5.7.2; https://ajhydell.com"
114.119.132.183 - - [02/Jul/2021:07:25:52 -0400] "GET /2019/03/21/glory-to-the-soldier-liberator-soviet-poster-probably-from-1960s HTTP/1.1" 301 4995 "-" "Mozilla/5.0 (Linux; Android 7.0;) AppleWebKit/537.36 (KHTML, like Gecko) Mobile Safari/537.36 (compatible; PetalBot;+https://webmaster.petalsearch.com/site/petalbot)"
114.119.132.183 - - [02/Jul/2021:07:25:53 -0400] "GET /2019/03/21/glory-to-the-soldier-liberator-soviet-poster-probably-from-1960s/ HTTP/1.1" 200 13066 "-" "Mozilla/5.0 (Linux; Android 7.0;) AppleWebKit/537.36 (KHTML, like Gecko) Mobile Safari/537.36 (compatible; PetalBot;+https://webmaster.petalsearch.com/site/petalbot)"
175.44.42.105 - - [02/Jul/2021:07:25:54 -0400] "-" 408 559 "-" "-"
204.48.19.85 - - [02/Jul/2021:07:27:10 -0400] "POST /wp-cron.php?doing_wp_cron=1625225230.6052119731903076171875 HTTP/1.1" 200 5463 "https://ajhydell.com/wp-cron.php?doing_wp_cron=1625225230.6052119731903076171875" "WordPress/5.7.2; https://ajhydell.com"
114.119.145.169 - - [02/Jul/2021:07:27:10 -0400] "GET /2020/01/03/a-bleeding-reporter-interviews-a-bleeding-activist-after-one-of-the-mass-anti-war-demonstrations-at-the-1968-democratic-national-convention-which-were-violently-broken-up-by-chicago-police-and-federa/ HTTP/1.1" 200 17786 "-" "Mozilla/5.0 (Linux; Android 7.0;) AppleWebKit/537.36 (KHTML, like Gecko) Mobile Safari/537.36 (compatible; PetalBot;+https://webmaster.petalsearch.com/site/petalbot)"
54.36.148.19 - - [02/Jul/2021:07:27:14 -0400] "GET /2020/11/17/ HTTP/1.1" 200 17918 "-" "Mozilla/5.0 (compatible; AhrefsBot/7.0; +http://ahrefs.com/robot/)"
204.48.19.85 - - [02/Jul/2021:07:28:34 -0400] "POST /wp-cron.php?doing_wp_cron=1625225314.2394049167633056640625 HTTP/1.1" 200 5463 "https://ajhydell.com/wp-cron.php?doing_wp_cron=1625225314.2394049167633056640625" "WordPress/5.7.2; https://ajhydell.com"
114.119.151.93 - - [02/Jul/2021:07:28:34 -0400] "GET /2018/08/12/russian-soldiers-outside-the-reichstag-berlin-1945-1844x1335 HTTP/1.1" 301 4991 "-" "Mozilla/5.0 (Linux; Android 7.0;) AppleWebKit/537.36 (KHTML, like Gecko) Mobile Safari/537.36 (compatible; PetalBot;+https://webmaster.petalsearch.com/site/petalbot)"
114.119.151.93 - - [02/Jul/2021:07:28:35 -0400] "GET /2018/08/12/russian-soldiers-outside-the-reichstag-berlin-1945-1844x1335/ HTTP/1.1" 200 13047 "-" "Mozilla/5.0 (Linux; Android 7.0;) AppleWebKit/537.36 (KHTML, like Gecko) Mobile Safari/537.36 (compatible; PetalBot;+https://webmaster.petalsearch.com/site/petalbot)"
204.48.19.85 - - [02/Jul/2021:07:29:59 -0400] "POST /wp-cron.php?doing_wp_cron=1625225399.1489760875701904296875 HTTP/1.1" 200 5463 "https://ajhydell.com/wp-cron.php?doing_wp_cron=1625225399.1489760875701904296875" "WordPress/5.7.2; https://ajhydell.com"
114.119.132.183 - - [02/Jul/2021:07:29:59 -0400] "GET /2021/06/05/ww-ii-1940s-american-dukws-motoring-trough-venice-736x932/ HTTP/1.1" 200 17479 "-" "Mozilla/5.0 (Linux; Android 7.0;) AppleWebKit/537.36 (KHTML, like Gecko) Mobile Safari/537.36 (compatible; PetalBot;+https://webmaster.petalsearch.com/site/petalbot)"
83.41.123.192 - - [02/Jul/2021:07:30:15 -0400] "GET / HTTP/1.1" 200 19111 "-" "Mozilla/5.0 zgrab/0.x"
185.191.171.37 - - [02/Jul/2021:07:30:38 -0400] "GET /2019/03/13/ HTTP/1.1" 200 17831 "-" "Mozilla/5.0 (compatible; SemrushBot/7~bl; +http://www.semrush.com/bot.html)"
204.48.19.85 - - [02/Jul/2021:07:31:46 -0400] "POST /wp-cron.php?doing_wp_cron=1625225506.6075859069824218750000 HTTP/1.1" 200 5463 "https://ajhydell.com/wp-cron.php?doing_wp_cron=1625225506.6075859069824218750000" "WordPress/5.7.2; https://ajhydell.com"
114.119.158.133 - - [02/Jul/2021:07:31:46 -0400] "GET /2020/12/11 HTTP/1.1" 301 4885 "-" "Mozilla/5.0 (Linux; Android 7.0;) AppleWebKit/537.36 (KHTML, like Gecko) Mobile Safari/537.36 (compatible; PetalBot;+https://webmaster.petalsearch.com/site/petalbot)"
114.119.158.133 - - [02/Jul/2021:07:31:47 -0400] "GET /2020/12/11/ HTTP/1.1" 200 13038 "-" "Mozilla/5.0 (Linux; Android 7.0;) AppleWebKit/537.36 (KHTML, like Gecko) Mobile Safari/537.36 (compatible; PetalBot;+https://webmaster.petalsearch.com/site/petalbot)"
204.48.19.85 - - [02/Jul/2021:07:32:53 -0400] "POST /wp-cron.php?doing_wp_cron=1625225573.0753710269927978515625 HTTP/1.1" 200 5463 "https://ajhydell.com/wp-cron.php?doing_wp_cron=1625225573.0753710269927978515625" "WordPress/5.7.2; https://ajhydell.com"
17.121.113.230 - - [02/Jul/2021:07:32:53 -0400] "GET /2018/08/22/frank-sinatra-getting-off-a-helicopter-with-a-drink-in-hand-photographed-by-yul-brenner-in-1964-500x700/ HTTP/1.1" 200 17454 "-" "Mozilla/5.0 (Macintosh; Intel Mac OS X 10_15_5) AppleWebKit/605.1.15 (KHTML, like Gecko) Version/13.1.1 Safari/605.1.15 (Applebot/0.1; +http://www.apple.com/go/applebot)"
