157.55.39.62 - - [10/Jul/2021:06:40:22 -0400] "GET /wp-content/uploads/2020/07/picture-83-scaled.jpg HTTP/1.1" 200 853840 "-" "Mozilla/5.0 (compatible; bingbot/2.0; +http://www.bing.com/bingbot.htm)"
66.249.66.134 - - [10/Jul/2021:06:40:26 -0400] "GET /feed/ HTTP/1.1" 200 8526 "-" "Mozilla/5.0 (compatible; Googlebot/2.1; +http://www.google.com/bot.html)"
204.48.19.85 - - [10/Jul/2021:06:41:23 -0400] "POST /wp-cron.php?doing_wp_cron=1625913683.8275680541992187500000 HTTP/1.1" 200 6295 "https://ajhydell.com/wp-cron.php?doing_wp_cron=1625913683.8275680541992187500000" "WordPress/5.7.2; https://ajhydell.com"
114.119.151.93 - - [10/Jul/2021:06:41:23 -0400] "GET /2021/03/11/my-grandfather-edward-driver-rasc-british-expeditionary-force-died-december-1940-from-wounds-received-after-evacuation-from-dunkirk/ HTTP/1.1" 200 18445 "-" "Mozilla/5.0 (Linux; Android 7.0;) AppleWebKit/537.36 (KHTML, like Gecko) Mobile Safari/537.36 (compatible; PetalBot;+https://webmaster.petalsearch.com/site/petalbot)"
204.48.19.85 - - [10/Jul/2021:06:42:06 -0400] "POST /wp-cron.php?doing_wp_cron=1625913726.4970910549163818359375 HTTP/1.1" 200 6295 "https://ajhydell.com/wp-cron.php?doing_wp_cron=1625913726.4970910549163818359375" "WordPress/5.7.2; https://ajhydell.com"
54.36.148.117 - - [10/Jul/2021:06:42:06 -0400] "GET /2021/01/18/author-jack-london-circa-1904-photo-by-arnold-genthe-1200x1481/ HTTP/1.1" 200 18955 "-" "Mozilla/5.0 (compatible; AhrefsBot/7.0; +http://ahrefs.com/robot/)"
5.255.253.148 - - [10/Jul/2021:06:42:14 -0400] "GET /2020/03/07/ HTTP/1.1" 200 18591 "-" "Mozilla/5.0 (compatible; YandexBot/3.0; +http://yandex.com/bots)"
204.48.19.85 - - [10/Jul/2021:06:42:46 -0400] "POST /wp-cron.php?doing_wp_cron=1625913766.5229759216308593750000 HTTP/1.1" 200 6295 "https://ajhydell.com/wp-cron.php?doing_wp_cron=1625913766.5229759216308593750000" "WordPress/5.7.2; https://ajhydell.com"
114.119.145.169 - - [10/Jul/2021:06:42:46 -0400] "GET /2019/02/06/frank-sinatra-arrested-on-charges-of-seduction-and-adultery-mugshot-from-27-nov-1938 HTTP/1.1" 301 5847 "-" "Mozilla/5.0 (Linux; Android 7.0;) AppleWebKit/537.36 (KHTML, like Gecko) Mobile Safari/537.36 (compatible; PetalBot;+https://webmaster.petalsearch.com/site/petalbot)"
114.119.145.169 - - [10/Jul/2021:06:42:47 -0400] "GET /2019/02/06/frank-sinatra-arrested-on-charges-of-seduction-and-adultery-mugshot-from-27-nov-1938/ HTTP/1.1" 200 13299 "-" "Mozilla/5.0 (Linux; Android 7.0;) AppleWebKit/537.36 (KHTML, like Gecko) Mobile Safari/537.36 (compatible; PetalBot;+https://webmaster.petalsearch.com/site/petalbot)"
66.249.66.136 - - [10/Jul/2021:06:43:29 -0400] "GET /?wordfence_lh=1&hid=4A541AB60B3748B5428F44E056482FCE HTTP/1.1" 200 6341 "-" "Mozilla/5.0 (compatible; Googlebot/2.1; +http://www.google.com/bot.html)"
204.48.19.85 - - [10/Jul/2021:06:44:43 -0400] "POST /wp-cron.php?doing_wp_cron=1625913883.5030651092529296875000 HTTP/1.1" 200 6295 "https://ajhydell.com/wp-cron.php?doing_wp_cron=1625913883.5030651092529296875000" "WordPress/5.7.2; https://ajhydell.com"
207.46.13.70 - - [10/Jul/2021:06:44:43 -0400] "GET /2019/11/17/soldier-pictured-in-1943-colourised-by-me/ HTTP/1.1" 200 18409 "-" "Mozilla/5.0 (compatible; bingbot/2.0; +http://www.bing.com/bingbot.htm)"
204.48.19.85 - - [10/Jul/2021:06:45:04 -0400] "POST /wp-cron.php?doing_wp_cron=1625913904.5303781032562255859375 HTTP/1.1" 200 6295 "https://ajhydell.com/wp-cron.php?doing_wp_cron=1625913904.5303781032562255859375" "WordPress/5.7.2; https://ajhydell.com"
114.119.156.206 - - [10/Jul/2021:06:45:04 -0400] "GET /page/23 HTTP/1.1" 301 5714 "-" "Mozilla/5.0 (Linux; Android 7.0;) AppleWebKit/537.36 (KHTML, like Gecko) Mobile Safari/537.36 (compatible; PetalBot;+https://webmaster.petalsearch.com/site/petalbot)"
114.119.156.206 - - [10/Jul/2021:06:45:05 -0400] "GET /page/23/ HTTP/1.1" 200 15022 "-" "Mozilla/5.0 (Linux; Android 7.0;) AppleWebKit/537.36 (KHTML, like Gecko) Mobile Safari/537.36 (compatible; PetalBot;+https://webmaster.petalsearch.com/site/petalbot)"
173.252.127.19 - - [10/Jul/2021:06:45:43 -0400] "GET /wp-content/uploads/2021/04/picture-49.jpg HTTP/1.1" 200 98689 "-" "facebookexternalhit/1.1 (+http://www.facebook.com/externalhit_uatext.php)"
173.252.127.118 - - [10/Jul/2021:06:45:43 -0400] "GET /wp-content/uploads/2021/04/picture-50.jpg HTTP/1.1" 200 93562 "-" "facebookexternalhit/1.1 (+http://www.facebook.com/externalhit_uatext.php)"
173.252.127.118 - - [10/Jul/2021:06:45:43 -0400] "GET /wp-content/uploads/2021/04/picture-47.jpg HTTP/1.1" 200 73109 "-" "facebookexternalhit/1.1 (+http://www.facebook.com/externalhit_uatext.php)"
173.252.127.7 - - [10/Jul/2021:06:45:43 -0400] "GET /wp-content/uploads/2021/04/picture-46.jpg HTTP/1.1" 200 350887 "-" "facebookexternalhit/1.1 (+http://www.facebook.com/externalhit_uatext.php)"
204.48.19.85 - - [10/Jul/2021:06:46:12 -0400] "POST /wp-cron.php?doing_wp_cron=1625913972.2328710556030273437500 HTTP/1.1" 200 6295 "https://ajhydell.com/wp-cron.php?doing_wp_cron=1625913972.2328710556030273437500" "WordPress/5.7.2; https://ajhydell.com"
185.191.171.16 - - [10/Jul/2021:06:46:12 -0400] "GET /2021/06/17/two-sikh-soldiers-of-the-19th-indian-infantry-brigade-8th-indian-infantry-division-positioning-a-bren-gun-in-the-line-near-villa-grande-italy-january-15-1944/ HTTP/1.1" 200 19077 "-" "Mozilla/5.0 (compatible; SemrushBot/7~bl; +http://www.semrush.com/bot.html)"
114.119.156.206 - - [10/Jul/2021:06:46:17 -0400] "GET /2019/page/31 HTTP/1.1" 301 5719 "-" "Mozilla/5.0 (Linux; Android 7.0;) AppleWebKit/537.36 (KHTML, like Gecko) Mobile Safari/537.36 (compatible; PetalBot;+https://webmaster.petalsearch.com/site/petalbot)"
114.119.156.206 - - [10/Jul/2021:06:46:18 -0400] "GET /2019/page/31/ HTTP/1.1" 200 14008 "-" "Mozilla/5.0 (Linux; Android 7.0;) AppleWebKit/537.36 (KHTML, like Gecko) Mobile Safari/537.36 (compatible; PetalBot;+https://webmaster.petalsearch.com/site/petalbot)"
204.48.19.85 - - [10/Jul/2021:06:47:11 -0400] "POST /wp-cron.php?doing_wp_cron=1625914031.0756371021270751953125 HTTP/1.1" 200 6295 "https://ajhydell.com/wp-cron.php?doing_wp_cron=1625914031.0756371021270751953125" "WordPress/5.7.2; https://ajhydell.com"
54.36.148.117 - - [10/Jul/2021:06:47:11 -0400] "GET /2020/02/01/the-pact-of-steel-germany-takes-italy-to-the-victory-turkey-1941/ HTTP/1.1" 200 18945 "-" "Mozilla/5.0 (compatible; AhrefsBot/7.0; +http://ahrefs.com/robot/)"
204.48.19.85 - - [10/Jul/2021:06:48:04 -0400] "POST /wp-cron.php?doing_wp_cron=1625914084.2052490711212158203125 HTTP/1.1" 200 6295 "https://ajhydell.com/wp-cron.php?doing_wp_cron=1625914084.2052490711212158203125" "WordPress/5.7.2; https://ajhydell.com"
114.119.138.170 - - [10/Jul/2021:06:48:04 -0400] "GET /2021/05/05/pvt-theodore-james-miller-returns-to-the-attack-transport-uss-arthur-middleton-after-two-days-of-combat-on-engebi-the-first-island-of-the-eniwetok-atoll-to-be-invaded-by-american-forces-february-194 HTTP/1.1" 301 5961 "-" "Mozilla/5.0 (Linux; Android 7.0;) AppleWebKit/537.36 (KHTML, like Gecko) Mobile Safari/537.36 (compatible; PetalBot;+https://webmaster.petalsearch.com/site/petalbot)"
114.119.138.170 - - [10/Jul/2021:06:48:05 -0400] "GET /2021/05/05/pvt-theodore-james-miller-returns-to-the-attack-transport-uss-arthur-middleton-after-two-days-of-combat-on-engebi-the-first-island-of-the-eniwetok-atoll-to-be-invaded-by-american-forces-february-194/ HTTP/1.1" 200 13719 "-" "Mozilla/5.0 (Linux; Android 7.0;) AppleWebKit/537.36 (KHTML, like Gecko) Mobile Safari/537.36 (compatible; PetalBot;+https://webmaster.petalsearch.com/site/petalbot)"
185.191.171.37 - - [10/Jul/2021:06:48:12 -0400] "GET /2020/05/20/a-cowboy-resting-with-his-horse-1910-955x760-colorized-by-me/ HTTP/1.1" 200 18929 "-" "Mozilla/5.0 (compatible; SemrushBot/7~bl; +http://www.semrush.com/bot.html)"
207.46.13.70 - - [10/Jul/2021:06:48:55 -0400] "GET /wp-content/uploads/2020/11/picture-104-796x1024.jpg HTTP/1.1" 200 1117280 "-" "Mozilla/5.0 (compatible; bingbot/2.0; +http://www.bing.com/bingbot.htm)"
204.48.19.85 - - [10/Jul/2021:06:49:00 -0400] "POST /wp-cron.php?doing_wp_cron=1625914140.8530709743499755859375 HTTP/1.1" 200 6295 "https://ajhydell.com/wp-cron.php?doing_wp_cron=1625914140.8530709743499755859375" "WordPress/5.7.2; https://ajhydell.com"
213.180.203.138 - - [10/Jul/2021:06:49:00 -0400] "GET /2019/09/01/ HTTP/1.1" 200 18494 "-" "Mozilla/5.0 (compatible; YandexBot/3.0; +http://yandex.com/bots)"
114.119.143.210 - - [10/Jul/2021:06:49:23 -0400] "GET /2020/01/24/soviet-marines-1942/ HTTP/1.1" 200 18229 "-" "Mozilla/5.0 (Linux; Android 7.0;) AppleWebKit/537.36 (KHTML, like Gecko) Mobile Safari/537.36 (compatible; PetalBot;+https://webmaster.petalsearch.com/site/petalbot)"
204.48.19.85 - - [10/Jul/2021:06:50:28 -0400] "POST /wp-cron.php?doing_wp_cron=1625914228.9794020652770996093750 HTTP/1.1" 200 6295 "https://ajhydell.com/wp-cron.php?doing_wp_cron=1625914228.9794020652770996093750" "WordPress/5.7.2; https://ajhydell.com"
192.241.213.17 - - [10/Jul/2021:06:50:28 -0400] "GET /actuator/health HTTP/1.1" 404 64217 "-" "Mozilla/5.0 zgrab/0.x"
5.255.253.148 - - [10/Jul/2021:06:50:30 -0400] "GET /wp-content/uploads/2018/09/picture-114.jpg HTTP/1.1" 304 6273 "-" "Mozilla/5.0 (compatible; YandexImages/3.0; +http://yandex.com/bots)"
207.46.13.147 - - [10/Jul/2021:06:50:36 -0400] "GET /2021/07/07/during-ww2-in-britain-evacuating-children-from-cities-to-the-countryside-to-avoid-german-bombing-campaigns-became-voluntary-but-the-government-made-posters-like-this-to-urge-parents-to-send-their-ch HTTP/1.1" 301 6191 "-" "Mozilla/5.0 (compatible; bingbot/2.0; +http://www.bing.com/bingbot.htm)"
207.46.13.147 - - [10/Jul/2021:06:50:39 -0400] "GET /2021/07/07/during-ww2-in-britain-evacuating-children-from-cities-to-the-countryside-to-avoid-german-bombing-campaigns-became-voluntary-but-the-government-made-posters-like-this-to-urge-parents-to-send-their-ch/ HTTP/1.1" 200 18893 "-" "Mozilla/5.0 (compatible; bingbot/2.0; +http://www.bing.com/bingbot.htm)"
204.48.19.85 - - [10/Jul/2021:06:50:49 -0400] "POST /wp-cron.php?doing_wp_cron=1625914249.0941190719604492187500 HTTP/1.1" 200 6295 "https://ajhydell.com/wp-cron.php?doing_wp_cron=1625914249.0941190719604492187500" "WordPress/5.7.2; https://ajhydell.com"
114.119.132.183 - - [10/Jul/2021:06:50:49 -0400] "GET /2020/06/20/soviet-citizens-look-at-the-wall-of-sorrow-honoring-the-hundreds-of-thousands-of-people-killed-by-stalinism-in-1988-the-soviet-government-allowed-information-regarding-the-victims-of-stalins/ HTTP/1.1" 200 18962 "-" "Mozilla/5.0 (Linux; Android 7.0;) AppleWebKit/537.36 (KHTML, like Gecko) Mobile Safari/537.36 (compatible; PetalBot;+https://webmaster.petalsearch.com/site/petalbot)"
213.180.203.138 - - [10/Jul/2021:06:51:06 -0400] "GET /2020/03/17/american-soldiers-with-two-captured-japanese-military-personnel-and-an-okinawan-civilian-during-the-battle-of-okinawa-the-japanese-soldier-on-the-left-is-reading-a-propaganda-leaflet-may-1945/ HTTP/1.1" 200 19321 "-" "Mozilla/5.0 (compatible; YandexBot/3.0; +http://yandex.com/bots)"
54.36.148.117 - - [10/Jul/2021:06:51:33 -0400] "GET /2021/04/14/leni-riefenstahl-director-of-the-triumph-of-the-will-reacts-as-polish-civilians-are-shot-by-german-soldiers-1939-936-x-634/ HTTP/1.1" 200 19180 "-" "Mozilla/5.0 (compatible; AhrefsBot/7.0; +http://ahrefs.com/robot/)"
17.121.113.134 - - [10/Jul/2021:06:51:35 -0400] "GET /2018/09/18/wwii-refugee-children-as-they-enter-the-united-states-1946/ HTTP/1.1" 200 18348 "-" "Mozilla/5.0 (Macintosh; Intel Mac OS X 10_15_5) AppleWebKit/605.1.15 (KHTML, like Gecko) Version/13.1.1 Safari/605.1.15 (Applebot/0.1; +http://www.apple.com/go/applebot)"
204.48.19.85 - - [10/Jul/2021:06:52:25 -0400] "POST /wp-cron.php?doing_wp_cron=1625914345.5237300395965576171875 HTTP/1.1" 200 6295 "https://ajhydell.com/wp-cron.php?doing_wp_cron=1625914345.5237300395965576171875" "WordPress/5.7.2; https://ajhydell.com"
114.119.147.211 - - [10/Jul/2021:06:52:25 -0400] "GET /2020/09/12/long-live-the-worldwide-socialist-revolution-1929 HTTP/1.1" 301 5812 "-" "Mozilla/5.0 (Linux; Android 7.0;) AppleWebKit/537.36 (KHTML, like Gecko) Mobile Safari/537.36 (compatible; PetalBot;+https://webmaster.petalsearch.com/site/petalbot)"
114.119.147.211 - - [10/Jul/2021:06:52:27 -0400] "GET /2020/09/12/long-live-the-worldwide-socialist-revolution-1929/ HTTP/1.1" 200 13232 "-" "Mozilla/5.0 (Linux; Android 7.0;) AppleWebKit/537.36 (KHTML, like Gecko) Mobile Safari/537.36 (compatible; PetalBot;+https://webmaster.petalsearch.com/site/petalbot)"
77.165.182.77 - - [10/Jul/2021:06:52:50 -0400] "GET /wp-content/uploads/2019/04/picture-13-300x289.jpg HTTP/1.1" 200 20170 "https://www.bing.com/" "Mozilla/5.0 (Windows NT 10.0; Win64; x64) AppleWebKit/537.36 (KHTML, like Gecko) Chrome/91.0.4472.124 Safari/537.36 Edg/91.0.864.64"
204.48.19.85 - - [10/Jul/2021:06:52:59 -0400] "POST /wp-cron.php?doing_wp_cron=1625914379.4813148975372314453125 HTTP/1.1" 200 6295 "https://ajhydell.com/wp-cron.php?doing_wp_cron=1625914379.4813148975372314453125" "WordPress/5.7.2; https://ajhydell.com"
40.77.167.108 - - [10/Jul/2021:06:52:59 -0400] "GET /2021/07/10/president-nixon-dines-with-chinese-leaders-in-beijing-1972-2000x1320/ HTTP/1.1" 200 18346 "-" "Mozilla/5.0 (compatible; bingbot/2.0; +http://www.bing.com/bingbot.htm)"
40.77.139.32 - - [10/Jul/2021:06:53:01 -0400] "GET /wp-content/themes/royal-magazine/js/skip-link-focus-fix.js?ver=20151215 HTTP/1.1" 200 6966 "https://ajhydell.com/2021/07/10/president-nixon-dines-with-chinese-leaders-in-beijing-1972-2000x1320/" "Mozilla/5.0 (Windows NT 6.1; WOW64) AppleWebKit/534+ (KHTML, like Gecko) BingPreview/1.0b"
40.77.139.32 - - [10/Jul/2021:06:53:01 -0400] "GET /wp-includes/js/wp-embed.min.js?ver=5.7.2 HTTP/1.1" 200 7251 "https://ajhydell.com/2021/07/10/president-nixon-dines-with-chinese-leaders-in-beijing-1972-2000x1320/" "Mozilla/5.0 (Windows NT 6.1; WOW64) AppleWebKit/534+ (KHTML, like Gecko) BingPreview/1.0b"
40.77.139.32 - - [10/Jul/2021:06:53:01 -0400] "GET /wp-content/themes/royal-magazine/assets/libraries/slick/js/slick.min.js?ver=5.7.2 HTTP/1.1" 200 16732 "https://ajhydell.com/2021/07/10/president-nixon-dines-with-chinese-leaders-in-beijing-1972-2000x1320/" "Mozilla/5.0 (Windows NT 6.1; WOW64) AppleWebKit/534+ (KHTML, like Gecko) BingPreview/1.0b"
40.77.139.32 - - [10/Jul/2021:06:53:05 -0400] "GET /?wordfence_lh=1&hid=D85F7877FE32AD88564173309C3F7D23&r=0.37012183443261004 HTTP/1.1" 200 347 "https://ajhydell.com/2021/07/10/president-nixon-dines-with-chinese-leaders-in-beijing-1972-2000x1320/" "Mozilla/5.0 (Windows NT 6.1; WOW64) AppleWebKit/534+ (KHTML, like Gecko) BingPreview/1.0b"
207.46.13.1 - - [10/Jul/2021:06:53:47 -0400] "GET /wp-content/uploads/2021/07/picture-42.jpg HTTP/1.1" 200 442546 "-" "Mozilla/5.0 (compatible; bingbot/2.0; +http://www.bing.com/bingbot.htm)"
40.77.167.91 - - [10/Jul/2021:06:53:52 -0400] "GET /wp-content/uploads/2021/07/picture-42-1024x676.jpg HTTP/1.1" 200 158310 "-" "Mozilla/5.0 (compatible; bingbot/2.0; +http://www.bing.com/bingbot.htm)"
40.77.167.94 - - [10/Jul/2021:06:53:56 -0400] "GET /wp-content/uploads/2021/07/picture-42-1536x1014.jpg HTTP/1.1" 200 305919 "-" "Mozilla/5.0 (compatible; bingbot/2.0; +http://www.bing.com/bingbot.htm)"
204.48.19.85 - - [10/Jul/2021:06:54:02 -0400] "POST /wp-cron.php?doing_wp_cron=1625914442.0672519207000732421875 HTTP/1.1" 200 6295 "https://ajhydell.com/wp-cron.php?doing_wp_cron=1625914442.0672519207000732421875" "WordPress/5.7.2; https://ajhydell.com"
114.119.145.169 - - [10/Jul/2021:06:54:02 -0400] "GET /2021/04/21/kane-tanaka-b-in-1903-at-her-118-years-old-is-the-only-living-human-that-was-alive-both-during-kitty-hawk-first-flight-on-earth-and-ingenuity-first-flight-on-mars HTTP/1.1" 301 5925 "-" "Mozilla/5.0 (Linux; Android 7.0;) AppleWebKit/537.36 (KHTML, like Gecko) Mobile Safari/537.36 (compatible; PetalBot;+https://webmaster.petalsearch.com/site/petalbot)"
114.119.145.169 - - [10/Jul/2021:06:54:02 -0400] "GET /2021/04/21/kane-tanaka-b-in-1903-at-her-118-years-old-is-the-only-living-human-that-was-alive-both-during-kitty-hawk-first-flight-on-earth-and-ingenuity-first-flight-on-mars/ HTTP/1.1" 200 13304 "-" "Mozilla/5.0 (Linux; Android 7.0;) AppleWebKit/537.36 (KHTML, like Gecko) Mobile Safari/537.36 (compatible; PetalBot;+https://webmaster.petalsearch.com/site/petalbot)"
204.48.19.85 - - [10/Jul/2021:06:55:11 -0400] "POST /wp-cron.php?doing_wp_cron=1625914511.2805430889129638671875 HTTP/1.1" 200 6295 "https://ajhydell.com/wp-cron.php?doing_wp_cron=1625914511.2805430889129638671875" "WordPress/5.7.2; https://ajhydell.com"
207.46.13.137 - - [10/Jul/2021:06:55:11 -0400] "GET /2020/09/18/americans-stand-on-the-site-of-the-main-altar-in-the-historic-aachen-cathedral-world-war-ii/ HTTP/1.1" 200 18698 "-" "Mozilla/5.0 (compatible; bingbot/2.0; +http://www.bing.com/bingbot.htm)"
162.241.115.161 - - [10/Jul/2021:06:55:23 -0400] "GET /wp-login.php HTTP/1.1" 200 8605 "-" "Mozilla/5.0 (X11; Ubuntu; Linux x86_64; rv:62.0) Gecko/20100101 Firefox/62.0"
162.241.115.161 - - [10/Jul/2021:06:55:23 -0400] "POST /wp-login.php HTTP/1.1" 200 8695 "-" "Mozilla/5.0 (X11; Ubuntu; Linux x86_64; rv:62.0) Gecko/20100101 Firefox/62.0"
162.241.115.161 - - [10/Jul/2021:06:55:23 -0400] "POST /xmlrpc.php HTTP/1.1" 200 5852 "-" "Mozilla/5.0 (X11; Ubuntu; Linux x86_64; rv:62.0) Gecko/20100101 Firefox/62.0"
114.119.138.170 - - [10/Jul/2021:06:55:37 -0400] "GET /2019/06/30/a-fiat-g-50-in-north-africa HTTP/1.1" 301 5790 "-" "Mozilla/5.0 (Linux; Android 7.0;) AppleWebKit/537.36 (KHTML, like Gecko) Mobile Safari/537.36 (compatible; PetalBot;+https://webmaster.petalsearch.com/site/petalbot)"
114.119.138.170 - - [10/Jul/2021:06:55:38 -0400] "GET /2019/06/30/a-fiat-g-50-in-north-africa/ HTTP/1.1" 200 13175 "-" "Mozilla/5.0 (Linux; Android 7.0;) AppleWebKit/537.36 (KHTML, like Gecko) Mobile Safari/537.36 (compatible; PetalBot;+https://webmaster.petalsearch.com/site/petalbot)"
204.48.19.85 - - [10/Jul/2021:06:56:15 -0400] "POST /wp-cron.php?doing_wp_cron=1625914575.3139998912811279296875 HTTP/1.1" 200 6295 "https://ajhydell.com/wp-cron.php?doing_wp_cron=1625914575.3139998912811279296875" "WordPress/5.7.2; https://ajhydell.com"
54.36.148.117 - - [10/Jul/2021:06:56:15 -0400] "GET /2019/02/22/moving-a-7600-ton-apartment-building-to-create-a-boulevard-in-alba-iulia-romania-1987-978-x-729/ HTTP/1.1" 200 19138 "-" "Mozilla/5.0 (compatible; AhrefsBot/7.0; +http://ahrefs.com/robot/)"
204.48.19.85 - - [10/Jul/2021:06:57:30 -0400] "POST /wp-cron.php?doing_wp_cron=1625914650.6250419616699218750000 HTTP/1.1" 200 6295 "https://ajhydell.com/wp-cron.php?doing_wp_cron=1625914650.6250419616699218750000" "WordPress/5.7.2; https://ajhydell.com"
114.119.147.211 - - [10/Jul/2021:06:57:30 -0400] "GET /2020/10/13 HTTP/1.1" 301 5717 "-" "Mozilla/5.0 (Linux; Android 7.0;) AppleWebKit/537.36 (KHTML, like Gecko) Mobile Safari/537.36 (compatible; PetalBot;+https://webmaster.petalsearch.com/site/petalbot)"
114.119.147.211 - - [10/Jul/2021:06:57:31 -0400] "GET /2020/10/13/ HTTP/1.1" 200 13261 "-" "Mozilla/5.0 (Linux; Android 7.0;) AppleWebKit/537.36 (KHTML, like Gecko) Mobile Safari/537.36 (compatible; PetalBot;+https://webmaster.petalsearch.com/site/petalbot)"
204.48.19.85 - - [10/Jul/2021:06:58:58 -0400] "POST /wp-cron.php?doing_wp_cron=1625914738.7082309722900390625000 HTTP/1.1" 200 6295 "https://ajhydell.com/wp-cron.php?doing_wp_cron=1625914738.7082309722900390625000" "WordPress/5.7.2; https://ajhydell.com"
114.119.145.169 - - [10/Jul/2021:06:58:58 -0400] "GET /2020/01/14/german-soldier-burying-an-unknown-british-pilot-1940-egypt HTTP/1.1" 301 5821 "-" "Mozilla/5.0 (Linux; Android 7.0;) AppleWebKit/537.36 (KHTML, like Gecko) Mobile Safari/537.36 (compatible; PetalBot;+https://webmaster.petalsearch.com/site/petalbot)"
114.119.145.169 - - [10/Jul/2021:06:58:59 -0400] "GET /2020/01/14/german-soldier-burying-an-unknown-british-pilot-1940-egypt/ HTTP/1.1" 200 13267 "-" "Mozilla/5.0 (Linux; Android 7.0;) AppleWebKit/537.36 (KHTML, like Gecko) Mobile Safari/537.36 (compatible; PetalBot;+https://webmaster.petalsearch.com/site/petalbot)"
204.48.19.85 - - [10/Jul/2021:07:00:39 -0400] "POST /wp-cron.php?doing_wp_cron=1625914839.6687729358673095703125 HTTP/1.1" 200 6295 "https://ajhydell.com/wp-cron.php?doing_wp_cron=1625914839.6687729358673095703125" "WordPress/5.7.2; https://ajhydell.com"
54.85.60.68 - - [10/Jul/2021:07:00:39 -0400] "HEAD / HTTP/1.1" 200 5711 "-" "scalaj-http/2.4.2"
54.85.60.68 - - [10/Jul/2021:07:00:39 -0400] "GET / HTTP/1.1" 200 20282 "-" "Buck/2.2; (+https://app.hypefactors.com/media-monitoring/about.html)"
54.85.60.68 - - [10/Jul/2021:07:00:40 -0400] "GET /robots.txt HTTP/1.1" 200 5893 "-" "Buck/2.2; (+https://app.hypefactors.com/media-monitoring/about.html)"
204.48.19.85 - - [10/Jul/2021:07:00:53 -0400] "POST /wp-cron.php?doing_wp_cron=1625914853.7584209442138671875000 HTTP/1.1" 200 6295 "https://ajhydell.com/wp-cron.php?doing_wp_cron=1625914853.7584209442138671875000" "WordPress/5.7.2; https://ajhydell.com"
54.36.148.117 - - [10/Jul/2021:07:00:53 -0400] "GET /2019/01/16/mugshot-of-john-wojtowicz-who-unsuccessfully-tried-to-rob-a-bank-in-1972-to-pay-for-his-wife-edens-gender-reassignment-surgery-612x545/ HTTP/1.1" 200 19110 "-" "Mozilla/5.0 (compatible; AhrefsBot/7.0; +http://ahrefs.com/robot/)"
54.85.60.68 - - [10/Jul/2021:07:01:12 -0400] "GET /feed/ HTTP/1.1" 200 8221 "-" "Buck/2.2; (+https://app.hypefactors.com/media-monitoring/about.html)"
54.85.60.68 - - [10/Jul/2021:07:01:12 -0400] "GET /sitemap_index.xml HTTP/1.1" 200 6212 "-" "Buck/2.2; (+https://app.hypefactors.com/media-monitoring/about.html)"
54.85.60.68 - - [10/Jul/2021:07:01:12 -0400] "GET /sitemap.xml HTTP/1.1" 200 6578 "-" "Buck/2.2; (+https://app.hypefactors.com/media-monitoring/about.html)"
54.85.60.68 - - [10/Jul/2021:07:01:12 -0400] "GET /sitemap-pt-post-2021-07.xml HTTP/1.1" 200 8992 "-" "Buck/2.2; (+https://app.hypefactors.com/media-monitoring/about.html)"
114.119.151.146 - - [10/Jul/2021:07:01:25 -0400] "GET /2019/01/16/the-warsaw-pact-states-are-with-you-vietnam-ussr-poster-during-the-vietnam-war HTTP/1.1" 301 5841 "-" "Mozilla/5.0 (Linux; Android 7.0;) AppleWebKit/537.36 (KHTML, like Gecko) Mobile Safari/537.36 (compatible; PetalBot;+https://webmaster.petalsearch.com/site/petalbot)"
114.119.151.146 - - [10/Jul/2021:07:01:26 -0400] "GET /2019/01/16/the-warsaw-pact-states-are-with-you-vietnam-ussr-poster-during-the-vietnam-war/ HTTP/1.1" 200 13231 "-" "Mozilla/5.0 (Linux; Android 7.0;) AppleWebKit/537.36 (KHTML, like Gecko) Mobile Safari/537.36 (compatible; PetalBot;+https://webmaster.petalsearch.com/site/petalbot)"
204.48.19.85 - - [10/Jul/2021:07:01:52 -0400] "POST /wp-cron.php?doing_wp_cron=1625914912.1855700016021728515625 HTTP/1.1" 200 6295 "https://ajhydell.com/wp-cron.php?doing_wp_cron=1625914912.1855700016021728515625" "WordPress/5.7.2; https://ajhydell.com"
54.85.60.68 - - [10/Jul/2021:07:01:52 -0400] "GET /2021/07/10/president-nixon-dines-with-chinese-leaders-in-beijing-1972-2000x1320/ HTTP/1.1" 200 18297 "-" "Buck/2.2; (+https://app.hypefactors.com/media-monitoring/about.html)"
114.119.158.133 - - [10/Jul/2021:07:02:20 -0400] "GET /2019/06/18/pilots-of-american-8th-bomber-command-wearing-high-altitude-oxygen-masks-and-flight-goggles-1942-705x919/ HTTP/1.1" 200 18503 "-" "Mozilla/5.0 (Linux; Android 7.0;) AppleWebKit/537.36 (KHTML, like Gecko) Mobile Safari/537.36 (compatible; PetalBot;+https://webmaster.petalsearch.com/site/petalbot)"
157.55.39.62 - - [10/Jul/2021:07:03:45 -0400] "GET /wp-content/uploads/2020/12/picture-67-1363x2048.jpg HTTP/1.1" 200 2516086 "-" "Mozilla/5.0 (compatible; bingbot/2.0; +http://www.bing.com/bingbot.htm)"
204.48.19.85 - - [10/Jul/2021:07:03:50 -0400] "POST /wp-cron.php?doing_wp_cron=1625915030.2786109447479248046875 HTTP/1.1" 200 6295 "https://ajhydell.com/wp-cron.php?doing_wp_cron=1625915030.2786109447479248046875" "WordPress/5.7.2; https://ajhydell.com"
114.119.138.170 - - [10/Jul/2021:07:03:50 -0400] "GET /page/74/ HTTP/1.1" 200 20499 "-" "Mozilla/5.0 (Linux; Android 7.0;) AppleWebKit/537.36 (KHTML, like Gecko) Mobile Safari/537.36 (compatible; PetalBot;+https://webmaster.petalsearch.com/site/petalbot)"
17.121.114.247 - - [10/Jul/2021:07:04:43 -0400] "GET /2019/04/29/turkish-officer-in-a-gas-mask-during-the-air-practice-ww2-istanbul-turkey-1939-1119x2007/ HTTP/1.1" 200 18484 "-" "Mozilla/5.0 (Macintosh; Intel Mac OS X 10_15_5) AppleWebKit/605.1.15 (KHTML, like Gecko) Version/13.1.1 Safari/605.1.15 (Applebot/0.1; +http://www.apple.com/go/applebot)"
204.48.19.85 - - [10/Jul/2021:07:05:09 -0400] "POST /wp-cron.php?doing_wp_cron=1625915109.9109799861907958984375 HTTP/1.1" 200 6295 "https://ajhydell.com/wp-cron.php?doing_wp_cron=1625915109.9109799861907958984375" "WordPress/5.7.2; https://ajhydell.com"
185.191.171.8 - - [10/Jul/2021:07:05:09 -0400] "GET /robots.txt HTTP/1.1" 200 6480 "-" "Mozilla/5.0 (compatible; SemrushBot/7~bl; +http://www.semrush.com/bot.html)"
185.191.171.2 - - [10/Jul/2021:07:05:11 -0400] "GET /2021/02/15/uss-enterprise-cv-6-one-of-the-few-pre-ww2-aircraft-carriers-to-survive-and-the-most-decorated-us-navy-warship-in-ww2-including-the-only-to-receive-the-highest-honor-from-the-royal-navy-being-towe/ HTTP/1.1" 200 19301 "-" "Mozilla/5.0 (compatible; SemrushBot/7~bl; +http://www.semrush.com/bot.html)"
114.119.138.170 - - [10/Jul/2021:07:05:34 -0400] "GET /2019/08/20/in-1921-u-s-marines-were-deployed-as-mail-guards-to-prevent-theft-or-robbery-of-precious-cargoes-mail-robberies-declined-significantly-after-marines-began-guarding-the-u-s-mail-2025-x-1173 HTTP/1.1" 301 5951 "-" "Mozilla/5.0 (Linux; Android 7.0;) AppleWebKit/537.36 (KHTML, like Gecko) Mobile Safari/537.36 (compatible; PetalBot;+https://webmaster.petalsearch.com/site/petalbot)"
157.55.39.62 - - [10/Jul/2021:07:05:35 -0400] "GET /wp-content/uploads/2019/11/picture-37-742x1024.jpg HTTP/1.1" 200 223031 "-" "Mozilla/5.0 (compatible; bingbot/2.0; +http://www.bing.com/bingbot.htm)"
114.119.138.170 - - [10/Jul/2021:07:05:36 -0400] "GET /2019/08/20/in-1921-u-s-marines-were-deployed-as-mail-guards-to-prevent-theft-or-robbery-of-precious-cargoes-mail-robberies-declined-significantly-after-marines-began-guarding-the-u-s-mail-2025-x-1173/ HTTP/1.1" 200 13503 "-" "Mozilla/5.0 (Linux; Android 7.0;) AppleWebKit/537.36 (KHTML, like Gecko) Mobile Safari/537.36 (compatible; PetalBot;+https://webmaster.petalsearch.com/site/petalbot)"
204.48.19.85 - - [10/Jul/2021:07:05:57 -0400] "POST /wp-cron.php?doing_wp_cron=1625915157.8346230983734130859375 HTTP/1.1" 200 6295 "https://ajhydell.com/wp-cron.php?doing_wp_cron=1625915157.8346230983734130859375" "WordPress/5.7.2; https://ajhydell.com"
54.36.148.117 - - [10/Jul/2021:07:05:57 -0400] "GET /2020/01/09/ HTTP/1.1" 200 18801 "-" "Mozilla/5.0 (compatible; AhrefsBot/7.0; +http://ahrefs.com/robot/)"
204.48.19.85 - - [10/Jul/2021:07:06:46 -0400] "POST /wp-cron.php?doing_wp_cron=1625915206.6354069709777832031250 HTTP/1.1" 200 6295 "https://ajhydell.com/wp-cron.php?doing_wp_cron=1625915206.6354069709777832031250" "WordPress/5.7.2; https://ajhydell.com"
114.119.158.133 - - [10/Jul/2021:07:06:46 -0400] "GET /2019/09/03/the-shave-ussr-ww2-1945 HTTP/1.1" 301 5786 "-" "Mozilla/5.0 (Linux; Android 7.0;) AppleWebKit/537.36 (KHTML, like Gecko) Mobile Safari/537.36 (compatible; PetalBot;+https://webmaster.petalsearch.com/site/petalbot)"
114.119.158.133 - - [10/Jul/2021:07:06:50 -0400] "GET /2019/09/03/the-shave-ussr-ww2-1945/ HTTP/1.1" 200 12974 "-" "Mozilla/5.0 (Linux; Android 7.0;) AppleWebKit/537.36 (KHTML, like Gecko) Mobile Safari/537.36 (compatible; PetalBot;+https://webmaster.petalsearch.com/site/petalbot)"
185.191.171.37 - - [10/Jul/2021:07:07:34 -0400] "GET /2020/09/14/boeing-plant-in-seattle-camouflaged-to-look-like-a-small-town/ HTTP/1.1" 200 19009 "-" "Mozilla/5.0 (compatible; SemrushBot/7~bl; +http://www.semrush.com/bot.html)"
204.48.19.85 - - [10/Jul/2021:07:08:27 -0400] "POST /wp-cron.php?doing_wp_cron=1625915307.3535308837890625000000 HTTP/1.1" 200 6295 "https://ajhydell.com/wp-cron.php?doing_wp_cron=1625915307.3535308837890625000000" "WordPress/5.7.2; https://ajhydell.com"
83.145.36.70 - - [10/Jul/2021:07:08:27 -0400] "HEAD / HTTP/1.1" 200 6322 "-" "Mozilla/5.0 (Macintosh; Intel Mac OS X 11_2_3) AppleWebKit/537.36 (KHTML, like Gecko) Chrome/89.0.4389.90 Safari/537.36"
114.119.156.206 - - [10/Jul/2021:07:08:32 -0400] "GET /2020/01/11/robin-williams-at-six-years-old-with-his-mother-laurie-chicago-1957-557-x-800/ HTTP/1.1" 200 18374 "-" "Mozilla/5.0 (Linux; Android 7.0;) AppleWebKit/537.36 (KHTML, like Gecko) Mobile Safari/537.36 (compatible; PetalBot;+https://webmaster.petalsearch.com/site/petalbot)"
204.48.19.85 - - [10/Jul/2021:07:10:22 -0400] "POST /wp-cron.php?doing_wp_cron=1625915422.3843278884887695312500 HTTP/1.1" 200 6295 "https://ajhydell.com/wp-cron.php?doing_wp_cron=1625915422.3843278884887695312500" "WordPress/5.7.2; https://ajhydell.com"
162.214.188.24 - - [10/Jul/2021:07:10:22 -0400] "GET /wp-login.php HTTP/1.1" 200 8605 "-" "Mozilla/5.0 (X11; Ubuntu; Linux x86_64; rv:62.0) Gecko/20100101 Firefox/62.0"
162.214.188.24 - - [10/Jul/2021:07:10:23 -0400] "POST /wp-login.php HTTP/1.1" 200 8695 "-" "Mozilla/5.0 (X11; Ubuntu; Linux x86_64; rv:62.0) Gecko/20100101 Firefox/62.0"
162.214.188.24 - - [10/Jul/2021:07:10:30 -0400] "POST /xmlrpc.php HTTP/1.1" 200 5852 "-" "Mozilla/5.0 (X11; Ubuntu; Linux x86_64; rv:62.0) Gecko/20100101 Firefox/62.0"
114.119.147.211 - - [10/Jul/2021:07:10:39 -0400] "GET /2020/09/27/and-they-say-that-we-are-pigs-soviet-anti-alcohol-poster-1958 HTTP/1.1" 301 5824 "-" "Mozilla/5.0 (Linux; Android 7.0;) AppleWebKit/537.36 (KHTML, like Gecko) Mobile Safari/537.36 (compatible; PetalBot;+https://webmaster.petalsearch.com/site/petalbot)"
114.119.147.211 - - [10/Jul/2021:07:10:40 -0400] "GET /2020/09/27/and-they-say-that-we-are-pigs-soviet-anti-alcohol-poster-1958/ HTTP/1.1" 200 13066 "-" "Mozilla/5.0 (Linux; Android 7.0;) AppleWebKit/537.36 (KHTML, like Gecko) Mobile Safari/537.36 (compatible; PetalBot;+https://webmaster.petalsearch.com/site/petalbot)"
204.48.19.85 - - [10/Jul/2021:07:11:43 -0400] "POST /wp-cron.php?doing_wp_cron=1625915503.9019389152526855468750 HTTP/1.1" 200 6295 "https://ajhydell.com/wp-cron.php?doing_wp_cron=1625915503.9019389152526855468750" "WordPress/5.7.2; https://ajhydell.com"
54.36.148.117 - - [10/Jul/2021:07:11:43 -0400] "GET /2021/07/05/the-washington-dove-soviet-cartoon-published-in-1953-showing-american-agents-and-military-officers-disguising-a-bomb-as-a-dove-of-peace-courtsey-propagandopolisinsta/ HTTP/1.1" 200 19208 "-" "Mozilla/5.0 (compatible; AhrefsBot/7.0; +http://ahrefs.com/robot/)"
204.48.19.85 - - [10/Jul/2021:07:11:59 -0400] "POST /wp-cron.php?doing_wp_cron=1625915519.3002779483795166015625 HTTP/1.1" 200 6295 "https://ajhydell.com/wp-cron.php?doing_wp_cron=1625915519.3002779483795166015625" "WordPress/5.7.2; https://ajhydell.com"
114.119.151.146 - - [10/Jul/2021:07:11:59 -0400] "GET /2021/03/13/san-franciscos-iconic-cliff-house-shortly-before-it-was-destroyed-by-fire-in-1907-1000x784/ HTTP/1.1" 200 18391 "-" "Mozilla/5.0 (Linux; Android 7.0;) AppleWebKit/537.36 (KHTML, like Gecko) Mobile Safari/537.36 (compatible; PetalBot;+https://webmaster.petalsearch.com/site/petalbot)"
204.48.19.85 - - [10/Jul/2021:07:12:48 -0400] "POST /wp-cron.php?doing_wp_cron=1625915568.2372150421142578125000 HTTP/1.1" 200 6295 "https://ajhydell.com/wp-cron.php?doing_wp_cron=1625915568.2372150421142578125000" "WordPress/5.7.2; https://ajhydell.com"
207.46.13.147 - - [10/Jul/2021:07:12:48 -0400] "GET /2021/07/07/expand-the-area-of-cannabis-crops-in-peatlands-belarussian-ssr-around-1960 HTTP/1.1" 301 6067 "-" "Mozilla/5.0 (compatible; bingbot/2.0; +http://www.bing.com/bingbot.htm)"
207.46.13.147 - - [10/Jul/2021:07:12:49 -0400] "GET /2021/07/07/expand-the-area-of-cannabis-crops-in-peatlands-belarussian-ssr-around-1960/ HTTP/1.1" 200 18734 "-" "Mozilla/5.0 (compatible; bingbot/2.0; +http://www.bing.com/bingbot.htm)"
204.48.19.85 - - [10/Jul/2021:07:13:55 -0400] "POST /wp-cron.php?doing_wp_cron=1625915635.0850589275360107421875 HTTP/1.1" 200 6295 "https://ajhydell.com/wp-cron.php?doing_wp_cron=1625915635.0850589275360107421875" "WordPress/5.7.2; https://ajhydell.com"
207.46.13.67 - - [10/Jul/2021:07:13:55 -0400] "GET /2019/07/28/girls-1910/ HTTP/1.1" 200 18487 "-" "Mozilla/5.0 (compatible; bingbot/2.0; +http://www.bing.com/bingbot.htm)"
66.249.66.134 - - [10/Jul/2021:07:14:27 -0400] "GET /robots.txt HTTP/1.1" 200 6517 "-" "Mozilla/5.0 (compatible; Googlebot/2.1; +http://www.google.com/bot.html)"
66.249.66.136 - - [10/Jul/2021:07:14:27 -0400] "GET /wp-content/uploads/2019/08/picture-91.jpg HTTP/1.1" 200 251844 "-" "Googlebot-Image/1.0"
204.48.19.85 - - [10/Jul/2021:07:14:58 -0400] "POST /wp-cron.php?doing_wp_cron=1625915698.0819959640502929687500 HTTP/1.1" 200 6295 "https://ajhydell.com/wp-cron.php?doing_wp_cron=1625915698.0819959640502929687500" "WordPress/5.7.2; https://ajhydell.com"
114.119.158.133 - - [10/Jul/2021:07:14:58 -0400] "GET /2020/12/06 HTTP/1.1" 301 5717 "-" "Mozilla/5.0 (Linux; Android 7.0;) AppleWebKit/537.36 (KHTML, like Gecko) Mobile Safari/537.36 (compatible; PetalBot;+https://webmaster.petalsearch.com/site/petalbot)"
114.119.158.133 - - [10/Jul/2021:07:14:59 -0400] "GET /2020/12/06/ HTTP/1.1" 200 13121 "-" "Mozilla/5.0 (Linux; Android 7.0;) AppleWebKit/537.36 (KHTML, like Gecko) Mobile Safari/537.36 (compatible; PetalBot;+https://webmaster.petalsearch.com/site/petalbot)"
204.48.19.85 - - [10/Jul/2021:07:16:14 -0400] "POST /wp-cron.php?doing_wp_cron=1625915774.9364309310913085937500 HTTP/1.1" 200 6295 "https://ajhydell.com/wp-cron.php?doing_wp_cron=1625915774.9364309310913085937500" "WordPress/5.7.2; https://ajhydell.com"
114.119.143.168 - - [10/Jul/2021:07:16:14 -0400] "GET /2021/03/28/shepherds-listening-to-music-records-azerbaijan-1939-640x776 HTTP/1.1" 301 5823 "-" "Mozilla/5.0 (Linux; Android 7.0;) AppleWebKit/537.36 (KHTML, like Gecko) Mobile Safari/537.36 (compatible; PetalBot;+https://webmaster.petalsearch.com/site/petalbot)"
114.119.143.168 - - [10/Jul/2021:07:16:15 -0400] "GET /2021/03/28/shepherds-listening-to-music-records-azerbaijan-1939-640x776/ HTTP/1.1" 200 13175 "-" "Mozilla/5.0 (Linux; Android 7.0;) AppleWebKit/537.36 (KHTML, like Gecko) Mobile Safari/537.36 (compatible; PetalBot;+https://webmaster.petalsearch.com/site/petalbot)"
204.48.19.85 - - [10/Jul/2021:07:16:46 -0400] "POST /wp-cron.php?doing_wp_cron=1625915806.4783940315246582031250 HTTP/1.1" 200 6295 "https://ajhydell.com/wp-cron.php?doing_wp_cron=1625915806.4783940315246582031250" "WordPress/5.7.2; https://ajhydell.com"
114.119.132.183 - - [10/Jul/2021:07:16:46 -0400] "GET /2019/08/07/private-v-kurilov-one-of-the-first-soldiers-to-enter-vyborg-collapsed-on-the-towns-cobblestone-pavement-with-exhaustion-and-fell-asleep-after-a-full-day-of-fighting-20-june-1944 HTTP/1.1" 301 5940 "-" "Mozilla/5.0 (Linux; Android 7.0;) AppleWebKit/537.36 (KHTML, like Gecko) Mobile Safari/537.36 (compatible; PetalBot;+https://webmaster.petalsearch.com/site/petalbot)"
114.119.132.183 - - [10/Jul/2021:07:16:47 -0400] "GET /2019/08/07/private-v-kurilov-one-of-the-first-soldiers-to-enter-vyborg-collapsed-on-the-towns-cobblestone-pavement-with-exhaustion-and-fell-asleep-after-a-full-day-of-fighting-20-june-1944/ HTTP/1.1" 200 13462 "-" "Mozilla/5.0 (Linux; Android 7.0;) AppleWebKit/537.36 (KHTML, like Gecko) Mobile Safari/537.36 (compatible; PetalBot;+https://webmaster.petalsearch.com/site/petalbot)"
54.36.148.117 - - [10/Jul/2021:07:17:20 -0400] "GET /2018/10/02/guinness-advert-1968/ HTTP/1.1" 200 18902 "-" "Mozilla/5.0 (compatible; AhrefsBot/7.0; +http://ahrefs.com/robot/)"
204.48.19.85 - - [10/Jul/2021:07:17:45 -0400] "POST /wp-cron.php?doing_wp_cron=1625915865.3272399902343750000000 HTTP/1.1" 200 6295 "https://ajhydell.com/wp-cron.php?doing_wp_cron=1625915865.3272399902343750000000" "WordPress/5.7.2; https://ajhydell.com"
114.119.147.211 - - [10/Jul/2021:07:17:45 -0400] "GET /2020/11/03/my-uncle-bob-killed-fighting-fascism/ HTTP/1.1" 200 18421 "-" "Mozilla/5.0 (Linux; Android 7.0;) AppleWebKit/537.36 (KHTML, like Gecko) Mobile Safari/537.36 (compatible; PetalBot;+https://webmaster.petalsearch.com/site/petalbot)"
204.48.19.85 - - [10/Jul/2021:07:19:24 -0400] "POST /wp-cron.php?doing_wp_cron=1625915964.5690710544586181640625 HTTP/1.1" 200 6295 "https://ajhydell.com/wp-cron.php?doing_wp_cron=1625915964.5690710544586181640625" "WordPress/5.7.2; https://ajhydell.com"
114.119.137.141 - - [10/Jul/2021:07:19:24 -0400] "GET /2020/12/page/7 HTTP/1.1" 301 5935 "-" "Mozilla/5.0 (Linux; Android 7.0;) AppleWebKit/537.36 (KHTML, like Gecko) Mobile Safari/537.36 (compatible; PetalBot;+https://webmaster.petalsearch.com/site/petalbot)"
114.119.137.141 - - [10/Jul/2021:07:19:24 -0400] "GET /2020/12/page/7/ HTTP/1.1" 200 13838 "-" "Mozilla/5.0 (Linux; Android 7.0;) AppleWebKit/537.36 (KHTML, like Gecko) Mobile Safari/537.36 (compatible; PetalBot;+https://webmaster.petalsearch.com/site/petalbot)"
114.119.137.141 - - [10/Jul/2021:07:19:25 -0400] "GET /wp-content/plugins/add-expires-headers/cache/0/com/processed-header-f16a8d323e83e1bc1b76514e283fb81b7090a959.min.css HTTP/1.1" 200 52762 "https://ajhydell.com/2020/12/page/7/" "Mozilla/5.0 (Linux; Android 7.0;) AppleWebKit/537.36 (KHTML, like Gecko) Mobile Safari/537.36 (compatible; PetalBot;+https://webmaster.petalsearch.com/site/petalbot)"
114.119.137.141 - - [10/Jul/2021:07:19:25 -0400] "GET /wp-content/plugins/google-analytics-for-wordpress/assets/js/frontend-gtag.min.js?ver=7.17.0 HTTP/1.1" 200 3437 "https://ajhydell.com/2020/12/page/7/" "Mozilla/5.0 (Linux; Android 7.0;) AppleWebKit/537.36 (KHTML, like Gecko) Mobile Safari/537.36 (compatible; PetalBot;+https://webmaster.petalsearch.com/site/petalbot)"
114.119.137.141 - - [10/Jul/2021:07:19:25 -0400] "GET /wp-includes/js/jquery/jquery.min.js?ver=3.5.1 HTTP/1.1" 200 31617 "https://ajhydell.com/2020/12/page/7/" "Mozilla/5.0 (Linux; Android 7.0;) AppleWebKit/537.36 (KHTML, like Gecko) Mobile Safari/537.36 (compatible; PetalBot;+https://webmaster.petalsearch.com/site/petalbot)"
114.119.137.141 - - [10/Jul/2021:07:19:25 -0400] "GET /wp-includes/js/jquery/jquery-migrate.min.js?ver=3.3.2 HTTP/1.1" 200 4805 "https://ajhydell.com/2020/12/page/7/" "Mozilla/5.0 (Linux; Android 7.0;) AppleWebKit/537.36 (KHTML, like Gecko) Mobile Safari/537.36 (compatible; PetalBot;+https://webmaster.petalsearch.com/site/petalbot)"
114.119.137.141 - - [10/Jul/2021:07:19:25 -0400] "GET /wp-content/themes/royal-magazine/js/navigation.js?ver=20151215 HTTP/1.1" 200 1481 "https://ajhydell.com/2020/12/page/7/" "Mozilla/5.0 (Linux; Android 7.0;) AppleWebKit/537.36 (KHTML, like Gecko) Mobile Safari/537.36 (compatible; PetalBot;+https://webmaster.petalsearch.com/site/petalbot)"
114.119.137.141 - - [10/Jul/2021:07:19:25 -0400] "GET /wp-content/plugins/wp-smushit/app/assets/js/smush-lazy-load.min.js?ver=3.8.7 HTTP/1.1" 200 4320 "https://ajhydell.com/2020/12/page/7/" "Mozilla/5.0 (Linux; Android 7.0;) AppleWebKit/537.36 (KHTML, like Gecko) Mobile Safari/537.36 (compatible; PetalBot;+https://webmaster.petalsearch.com/site/petalbot)"
114.119.137.141 - - [10/Jul/2021:07:19:25 -0400] "GET /wp-content/themes/royal-magazine/js/skip-link-focus-fix.js?ver=20151215 HTTP/1.1" 200 923 "https://ajhydell.com/2020/12/page/7/" "Mozilla/5.0 (Linux; Android 7.0;) AppleWebKit/537.36 (KHTML, like Gecko) Mobile Safari/537.36 (compatible; PetalBot;+https://webmaster.petalsearch.com/site/petalbot)"
114.119.137.141 - - [10/Jul/2021:07:19:25 -0400] "GET /wp-content/themes/royal-magazine/assets/libraries/bootstrap/js/bootstrap.min.js?ver=5.7.2 HTTP/1.1" 200 10346 "https://ajhydell.com/2020/12/page/7/" "Mozilla/5.0 (Linux; Android 7.0;) AppleWebKit/537.36 (KHTML, like Gecko) Mobile Safari/537.36 (compatible; PetalBot;+https://webmaster.petalsearch.com/site/petalbot)"
114.119.137.141 - - [10/Jul/2021:07:19:25 -0400] "GET /wp-content/themes/royal-magazine/assets/libraries/marquee/jquery.marquee.js?ver=5.7.2 HTTP/1.1" 200 5068 "https://ajhydell.com/2020/12/page/7/" "Mozilla/5.0 (Linux; Android 7.0;) AppleWebKit/537.36 (KHTML, like Gecko) Mobile Safari/537.36 (compatible; PetalBot;+https://webmaster.petalsearch.com/site/petalbot)"
114.119.137.141 - - [10/Jul/2021:07:19:25 -0400] "GET /wp-content/themes/royal-magazine/assets/libraries/slick/js/slick.min.js?ver=5.7.2 HTTP/1.1" 200 10686 "https://ajhydell.com/2020/12/page/7/" "Mozilla/5.0 (Linux; Android 7.0;) AppleWebKit/537.36 (KHTML, like Gecko) Mobile Safari/537.36 (compatible; PetalBot;+https://webmaster.petalsearch.com/site/petalbot)"
114.119.137.141 - - [10/Jul/2021:07:19:25 -0400] "GET /wp-content/themes/royal-magazine/assets/libraries/theiaStickySidebar/theia-sticky-sidebar.min.js?ver=5.7.2 HTTP/1.1" 200 2233 "https://ajhydell.com/2020/12/page/7/" "Mozilla/5.0 (Linux; Android 7.0;) AppleWebKit/537.36 (KHTML, like Gecko) Mobile Safari/537.36 (compatible; PetalBot;+https://webmaster.petalsearch.com/site/petalbot)"
114.119.137.141 - - [10/Jul/2021:07:19:26 -0400] "GET /wp-content/themes/royal-magazine/assets/libraries/magnific-popup/jquery.magnific-popup.min.js?ver=5.7.2 HTTP/1.1" 200 7835 "https://ajhydell.com/2020/12/page/7/" "Mozilla/5.0 (Linux; Android 7.0;) AppleWebKit/537.36 (KHTML, like Gecko) Mobile Safari/537.36 (compatible; PetalBot;+https://webmaster.petalsearch.com/site/petalbot)"
114.119.137.141 - - [10/Jul/2021:07:19:26 -0400] "GET /wp-content/themes/royal-magazine/assets/twp/js/custom-script.js?ver=5.7.2 HTTP/1.1" 200 2992 "https://ajhydell.com/2020/12/page/7/" "Mozilla/5.0 (Linux; Android 7.0;) AppleWebKit/537.36 (KHTML, like Gecko) Mobile Safari/537.36 (compatible; PetalBot;+https://webmaster.petalsearch.com/site/petalbot)"
114.119.137.141 - - [10/Jul/2021:07:19:26 -0400] "GET /wp-content/plugins/facebook-pagelike-widget/fb.js?ver=1.0 HTTP/1.1" 200 809 "https://ajhydell.com/2020/12/page/7/" "Mozilla/5.0 (Linux; Android 7.0;) AppleWebKit/537.36 (KHTML, like Gecko) Mobile Safari/537.36 (compatible; PetalBot;+https://webmaster.petalsearch.com/site/petalbot)"
114.119.137.141 - - [10/Jul/2021:07:19:26 -0400] "GET /wp-includes/js/wp-embed.min.js?ver=5.7.2 HTTP/1.1" 200 1208 "https://ajhydell.com/2020/12/page/7/" "Mozilla/5.0 (Linux; Android 7.0;) AppleWebKit/537.36 (KHTML, like Gecko) Mobile Safari/537.36 (compatible; PetalBot;+https://webmaster.petalsearch.com/site/petalbot)"
114.119.137.141 - - [10/Jul/2021:07:19:26 -0400] "GET /wp-includes/js/wp-emoji-release.min.js?ver=5.7.2 HTTP/1.1" 200 5149 "https://ajhydell.com/2020/12/page/7/" "Mozilla/5.0 (Linux; Android 7.0;) AppleWebKit/537.36 (KHTML, like Gecko) Mobile Safari/537.36 (compatible; PetalBot;+https://webmaster.petalsearch.com/site/petalbot)"
114.119.137.141 - - [10/Jul/2021:07:19:26 -0400] "GET /wp-content/themes/royal-magazine/assets/libraries/ionicons/fonts/ionicons.ttf HTTP/1.1" 200 189142 "https://ajhydell.com/wp-content/plugins/add-expires-headers/cache/0/com/processed-header-f16a8d323e83e1bc1b76514e283fb81b7090a959.min.css" "Mozilla/5.0 (Linux; Android 7.0;) AppleWebKit/537.36 (KHTML, like Gecko) Mobile Safari/537.36 (compatible; PetalBot;+https://webmaster.petalsearch.com/site/petalbot)"
114.119.137.141 - - [10/Jul/2021:07:19:26 -0400] "GET /?wordfence_lh=1&hid=14B3715E6E24E2C26D6328399EC8D540&r=0.9265132546394887 HTTP/1.1" 200 346 "https://ajhydell.com/2020/12/page/7/" "Mozilla/5.0 (Linux; Android 7.0;) AppleWebKit/537.36 (KHTML, like Gecko) Mobile Safari/537.36 (compatible; PetalBot;+https://webmaster.petalsearch.com/site/petalbot)"
157.55.39.62 - - [10/Jul/2021:07:19:36 -0400] "GET /wp-content/uploads/2021/01/picture-19.jpg HTTP/1.1" 200 265307 "-" "Mozilla/5.0 (compatible; bingbot/2.0; +http://www.bing.com/bingbot.htm)"
204.48.19.85 - - [10/Jul/2021:07:19:49 -0400] "POST /wp-cron.php?doing_wp_cron=1625915989.5654211044311523437500 HTTP/1.1" 200 6295 "https://ajhydell.com/wp-cron.php?doing_wp_cron=1625915989.5654211044311523437500" "WordPress/5.7.2; https://ajhydell.com"
66.249.92.71 - - [10/Jul/2021:07:19:49 -0400] "GET /2020/12/page/7/ HTTP/1.1" 200 19904 "-" "Mediapartners-Google"
66.249.92.73 - - [10/Jul/2021:07:19:50 -0400] "GET /2020/12/page/7/ HTTP/1.1" 200 19907 "-" "Mediapartners-Google"
204.48.19.85 - - [10/Jul/2021:07:21:09 -0400] "POST /wp-cron.php?doing_wp_cron=1625916069.6423349380493164062500 HTTP/1.1" 200 6295 "https://ajhydell.com/wp-cron.php?doing_wp_cron=1625916069.6423349380493164062500" "WordPress/5.7.2; https://ajhydell.com"
66.249.66.132 - - [10/Jul/2021:07:21:09 -0400] "GET /2018/09/09/american-troops-at-a-grave-site/ HTTP/1.1" 200 18967 "-" "Mozilla/5.0 (compatible; Googlebot/2.1; +http://www.google.com/bot.html)"
204.48.19.85 - - [10/Jul/2021:07:21:58 -0400] "POST /wp-cron.php?doing_wp_cron=1625916118.4622859954833984375000 HTTP/1.1" 200 6295 "https://ajhydell.com/wp-cron.php?doing_wp_cron=1625916118.4622859954833984375000" "WordPress/5.7.2; https://ajhydell.com"
45.152.183.61 - - [10/Jul/2021:07:21:58 -0400] "GET /2020/12/05/a-chechen-man-prays-during-the-first-battle-of-grozny-january-1995-the-flame-in-the-background-is-coming-from-a-gas-pipeline-which-was-hit-by-shrapnel-968x1487/ HTTP/1.1" 200 19395 "-" "Mozilla/5.0 (Windows NT 10.0; rv:78.0) Gecko/20100101 Firefox/78.0"
45.152.183.61 - - [10/Jul/2021:07:21:59 -0400] "GET /2020/12/05/dead-german-soldiers-after-the-battle-of-stalingrad-in-one-of-the-many-mass-graves-1943/ HTTP/1.1" 200 19331 "-" "Mozilla/5.0 (Windows NT 10.0; rv:78.0) Gecko/20100101 Firefox/78.0"
45.152.183.61 - - [10/Jul/2021:07:21:59 -0400] "GET /2021/07/09/a-dead-gi-and-us-troops-under-sniper-fire-on-the-nibelungen-bridge-in-worms-germany-28-march-1945/ HTTP/1.1" 200 13088 "-" "Mozilla/5.0 (Windows NT 10.0; rv:78.0) Gecko/20100101 Firefox/78.0"
45.152.183.61 - - [10/Jul/2021:07:22:00 -0400] "GET /wp-content/themes/royal-magazine/js/skip-link-focus-fix.js?ver=20151215 HTTP/1.1" 200 6966 "https://ajhydell.com/2020/12/05/dead-german-soldiers-after-the-battle-of-stalingrad-in-one-of-the-many-mass-graves-1943/" "Mozilla/5.0 (Windows NT 10.0; rv:78.0) Gecko/20100101 Firefox/78.0"
45.152.183.61 - - [10/Jul/2021:07:22:00 -0400] "GET /page/2/ HTTP/1.1" 200 15294 "-" "Mozilla/5.0 (Windows NT 10.0; rv:78.0) Gecko/20100101 Firefox/78.0"
45.152.183.61 - - [10/Jul/2021:07:22:00 -0400] "GET /wp-content/plugins/add-expires-headers/cache/0/com/processed-header-f16a8d323e83e1bc1b76514e283fb81b7090a959.min.css HTTP/1.1" 200 44418 "https://ajhydell.com/2020/12/05/dead-german-soldiers-after-the-battle-of-stalingrad-in-one-of-the-many-mass-graves-1943/" "Mozilla/5.0 (Windows NT 10.0; rv:78.0) Gecko/20100101 Firefox/78.0"
45.152.183.61 - - [10/Jul/2021:07:22:04 -0400] "GET /wp-content/uploads/2021/07/picture-40.jpg HTTP/1.1" 200 45152 "https://ajhydell.com/2021/07/09/a-dead-gi-and-us-troops-under-sniper-fire-on-the-nibelungen-bridge-in-worms-germany-28-march-1945/" "Mozilla/5.0 (Windows NT 10.0; rv:78.0) Gecko/20100101 Firefox/78.0"
45.152.183.61 - - [10/Jul/2021:07:22:06 -0400] "GET /wp-content/uploads/2021/07/picture-42-1140x600.jpg HTTP/1.1" 200 151109 "https://ajhydell.com/page/2/" "Mozilla/5.0 (Windows NT 10.0; rv:78.0) Gecko/20100101 Firefox/78.0"
54.36.148.117 - - [10/Jul/2021:07:22:39 -0400] "GET /2018/09/09/american-troops-at-a-grave-site/ HTTP/1.1" 200 18958 "-" "Mozilla/5.0 (compatible; AhrefsBot/7.0; +http://ahrefs.com/robot/)"
114.119.158.133 - - [10/Jul/2021:07:22:44 -0400] "GET /wp-content/uploads/2021/06/picture-138.jpg HTTP/1.1" 200 83186 "-" "Mozilla/5.0 (Linux; Android 7.0;) AppleWebKit/537.36 (KHTML, like Gecko) Mobile Safari/537.36 (compatible; PetalBot;+https://webmaster.petalsearch.com/site/petalbot)"
204.48.19.85 - - [10/Jul/2021:07:23:24 -0400] "POST /wp-cron.php?doing_wp_cron=1625916204.6411249637603759765625 HTTP/1.1" 200 6295 "https://ajhydell.com/wp-cron.php?doing_wp_cron=1625916204.6411249637603759765625" "WordPress/5.7.2; https://ajhydell.com"
114.119.151.93 - - [10/Jul/2021:07:23:24 -0400] "GET /2020/10/18/messenger-dog-leaping-over-a-german-trench-may-1917-800-x-580/ HTTP/1.1" 200 18420 "-" "Mozilla/5.0 (Linux; Android 7.0;) AppleWebKit/537.36 (KHTML, like Gecko) Mobile Safari/537.36 (compatible; PetalBot;+https://webmaster.petalsearch.com/site/petalbot)"
204.48.19.85 - - [10/Jul/2021:07:24:16 -0400] "POST /wp-cron.php?doing_wp_cron=1625916256.2961449623107910156250 HTTP/1.1" 200 6295 "https://ajhydell.com/wp-cron.php?doing_wp_cron=1625916256.2961449623107910156250" "WordPress/5.7.2; https://ajhydell.com"
17.121.113.104 - - [10/Jul/2021:07:24:16 -0400] "GET /2020/01/14/old-vs-new-east-berlin-in-1985-photo-p-zimmermann-1000x686/ HTTP/1.1" 200 18303 "-" "Mozilla/5.0 (Macintosh; Intel Mac OS X 10_15_5) AppleWebKit/605.1.15 (KHTML, like Gecko) Version/13.1.1 Safari/605.1.15 (Applebot/0.1; +http://www.apple.com/go/applebot)"
207.46.13.70 - - [10/Jul/2021:07:24:19 -0400] "GET /2019/11/28/thanksgiving-ad-for-lucky-strike-cigarettes-1950/ HTTP/1.1" 200 18509 "-" "Mozilla/5.0 (compatible; bingbot/2.0; +http://www.bing.com/bingbot.htm)"
162.241.120.138 - - [10/Jul/2021:07:24:20 -0400] "GET /wp-login.php HTTP/1.1" 200 8605 "-" "Mozilla/5.0 (X11; Ubuntu; Linux x86_64; rv:62.0) Gecko/20100101 Firefox/62.0"
162.241.120.138 - - [10/Jul/2021:07:24:20 -0400] "POST /wp-login.php HTTP/1.1" 200 8695 "-" "Mozilla/5.0 (X11; Ubuntu; Linux x86_64; rv:62.0) Gecko/20100101 Firefox/62.0"
162.241.120.138 - - [10/Jul/2021:07:24:20 -0400] "POST /xmlrpc.php HTTP/1.1" 200 5852 "-" "Mozilla/5.0 (X11; Ubuntu; Linux x86_64; rv:62.0) Gecko/20100101 Firefox/62.0"
204.48.19.85 - - [10/Jul/2021:07:26:05 -0400] "POST /wp-cron.php?doing_wp_cron=1625916365.8429470062255859375000 HTTP/1.1" 200 6295 "https://ajhydell.com/wp-cron.php?doing_wp_cron=1625916365.8429470062255859375000" "WordPress/5.7.2; https://ajhydell.com"
