40.77.167.7 - - [07/Jul/2021:08:48:13 -0400] "GET /2019/02/24/chinese-propaganda-leaflet-dropped-onto-us-troops-during-the-korean-war/feed/ HTTP/1.1" 200 6768 "-" "Mozilla/5.0 (compatible; bingbot/2.0; +http://www.bing.com/bingbot.htm)"
54.36.148.117 - - [07/Jul/2021:08:48:25 -0400] "GET /2019/04/13/sarah-forbes-bonetta-a-west-african-egbado-princess-of-the-yoruba-people-who-was-orphaned-in-intertribal-warfare-sold-into-slavery-and-in-a-remarkable-twist-of-events-was-liberated-from-enslavemen/ HTTP/1.1" 200 19686 "-" "Mozilla/5.0 (compatible; AhrefsBot/7.0; +http://ahrefs.com/robot/)"
204.48.19.85 - - [07/Jul/2021:08:49:09 -0400] "POST /wp-cron.php?doing_wp_cron=1625662149.3021140098571777343750 HTTP/1.1" 200 6295 "https://ajhydell.com/wp-cron.php?doing_wp_cron=1625662149.3021140098571777343750" "WordPress/5.7.2; https://ajhydell.com"
40.77.167.81 - - [07/Jul/2021:08:49:09 -0400] "GET /2020/08/10/benito-mussolini-reviewing-the-5th-alpine-mobile-black-brigade-in-1945/ HTTP/1.1" 200 18627 "-" "Mozilla/5.0 (compatible; bingbot/2.0; +http://www.bing.com/bingbot.htm)"
204.48.19.85 - - [07/Jul/2021:08:49:48 -0400] "POST /wp-cron.php?doing_wp_cron=1625662188.4773590564727783203125 HTTP/1.1" 200 6295 "https://ajhydell.com/wp-cron.php?doing_wp_cron=1625662188.4773590564727783203125" "WordPress/5.7.2; https://ajhydell.com"
213.180.203.138 - - [07/Jul/2021:08:49:48 -0400] "GET /robots.txt HTTP/1.1" 200 6535 "-" "Mozilla/5.0 (compatible; YandexBot/3.0; +http://yandex.com/bots)"
157.55.39.62 - - [07/Jul/2021:08:49:51 -0400] "GET /2020/10/22/onthisday-in-1895-in-paris-an-express-train-overruns-a-buffer-stop-crosses-more-than-30-meters-of-concourse-before-plummeting-through-a-window-at-gare-montparnasse/ HTTP/1.1" 200 18883 "-" "Mozilla/5.0 (compatible; bingbot/2.0; +http://www.bing.com/bingbot.htm)"
141.8.142.94 - - [07/Jul/2021:08:49:52 -0400] "GET /2020/02/03/ HTTP/1.1" 200 18759 "-" "Mozilla/5.0 (compatible; YandexBot/3.0; +http://yandex.com/bots)"
114.119.147.211 - - [07/Jul/2021:08:49:57 -0400] "GET /2019/12/29/benito-mussolini-with-his-family-1930-1000-x-641 HTTP/1.1" 301 5811 "-" "Mozilla/5.0 (Linux; Android 7.0;) AppleWebKit/537.36 (KHTML, like Gecko) Mobile Safari/537.36 (compatible; PetalBot;+https://webmaster.petalsearch.com/site/petalbot)"
114.119.147.211 - - [07/Jul/2021:08:49:57 -0400] "GET /2019/12/29/benito-mussolini-with-his-family-1930-1000-x-641/ HTTP/1.1" 200 13204 "-" "Mozilla/5.0 (Linux; Android 7.0;) AppleWebKit/537.36 (KHTML, like Gecko) Mobile Safari/537.36 (compatible; PetalBot;+https://webmaster.petalsearch.com/site/petalbot)"
141.8.142.94 - - [07/Jul/2021:08:50:11 -0400] "GET /2020/02/07/the-crew-of-the-italian-heavy-cruiser-zara-c-1940-1941-791-x-548/ HTTP/1.1" 200 19179 "-" "Mozilla/5.0 (compatible; YandexBot/3.0; +http://yandex.com/bots)"
5.255.253.148 - - [07/Jul/2021:08:50:15 -0400] "GET /2019/06/30/a-fiat-g-50-in-north-africa/ HTTP/1.1" 200 19149 "-" "Mozilla/5.0 (compatible; YandexBot/3.0; +http://yandex.com/bots)"
5.255.253.148 - - [07/Jul/2021:08:50:17 -0400] "GET /2020/11/17/new-york-central-rr-1942-45/ HTTP/1.1" 200 13168 "-" "Mozilla/5.0 (compatible; YandexBot/3.0; +http://yandex.com/bots)"
5.255.253.148 - - [07/Jul/2021:08:50:20 -0400] "GET /2020/07/22/everytime-you-twist-a-nut-think-of-hitler-from-the-war-production-board-series-1942-1943/ HTTP/1.1" 200 13386 "-" "Mozilla/5.0 (compatible; YandexBot/3.0; +http://yandex.com/bots)"
5.255.253.148 - - [07/Jul/2021:08:50:23 -0400] "GET /2018/10/21/the-queen-and-princess-elizabeth-talk-to-paratroopers-in-front-of-a-halifax-aircraft-during-a-tour-of-airborne-forces-19-may-1944/ HTTP/1.1" 200 13218 "-" "Mozilla/5.0 (compatible; YandexBot/3.0; +http://yandex.com/bots)"
5.255.253.148 - - [07/Jul/2021:08:50:25 -0400] "GET /2020/08/22/russian-dancer-elizaveta-lila-nikolska-a-member-of-the-prague-national-ballet-on-the-acropolis-athens-november-1930-768x562/ HTTP/1.1" 200 13239 "-" "Mozilla/5.0 (compatible; YandexBot/3.0; +http://yandex.com/bots)"
5.255.253.148 - - [07/Jul/2021:08:50:28 -0400] "GET /2018/10/27/two-italian-airmen-fencing-at-an-airfield-in-north-africa-january-1941/ HTTP/1.1" 200 13127 "-" "Mozilla/5.0 (compatible; YandexBot/3.0; +http://yandex.com/bots)"
5.255.253.148 - - [07/Jul/2021:08:50:31 -0400] "GET /2020/09/30/sony-walkman-1980/ HTTP/1.1" 200 12900 "-" "Mozilla/5.0 (compatible; YandexBot/3.0; +http://yandex.com/bots)"
5.255.253.148 - - [07/Jul/2021:08:50:33 -0400] "GET /2021/03/29/the-funeral-procession-for-abraham-lincoln-after-his-assassination-on-april-15th-1861-a-young-teddy-roosevelt-watches-the-procession-from-the-open-second-story-window-in-the-left-of-the-photo-1050/ HTTP/1.1" 200 13362 "-" "Mozilla/5.0 (compatible; YandexBot/3.0; +http://yandex.com/bots)"
5.255.253.148 - - [07/Jul/2021:08:50:36 -0400] "GET /2020/01/27/the-deserter-anti-war-drawing-1916/ HTTP/1.1" 200 13056 "-" "Mozilla/5.0 (compatible; YandexBot/3.0; +http://yandex.com/bots)"
5.255.253.148 - - [07/Jul/2021:08:50:38 -0400] "GET / HTTP/1.1" 200 14866 "-" "Mozilla/5.0 (compatible; YandexBot/3.0; +http://yandex.com/bots)"
5.255.253.148 - - [07/Jul/2021:08:50:41 -0400] "GET /2020/08/28/a-man-looks-at-murdered-civilians-during-the-battle-of-manila-in-the-philippines-in-1945-the-1-month-battle-to-retake-the-city-from-japanese-occupation-proved-costly-for-the-populace-as-the-japanese/ HTTP/1.1" 200 13568 "-" "Mozilla/5.0 (compatible; YandexBot/3.0; +http://yandex.com/bots)"
204.48.19.85 - - [07/Jul/2021:08:51:14 -0400] "POST /wp-cron.php?doing_wp_cron=1625662274.6370589733123779296875 HTTP/1.1" 200 6295 "https://ajhydell.com/wp-cron.php?doing_wp_cron=1625662274.6370589733123779296875" "WordPress/5.7.2; https://ajhydell.com"
207.46.13.137 - - [07/Jul/2021:08:51:14 -0400] "GET /2019/07/31/otto-von-bismarck-died-on-this-day-in-1898/ HTTP/1.1" 200 18691 "-" "Mozilla/5.0 (compatible; bingbot/2.0; +http://www.bing.com/bingbot.htm)"
204.48.19.85 - - [07/Jul/2021:08:52:14 -0400] "POST /wp-cron.php?doing_wp_cron=1625662334.5086369514465332031250 HTTP/1.1" 200 6295 "https://ajhydell.com/wp-cron.php?doing_wp_cron=1625662334.5086369514465332031250" "WordPress/5.7.2; https://ajhydell.com"
114.119.151.93 - - [07/Jul/2021:08:52:14 -0400] "GET /2018/11/29/sailor-being-treated-for-burns-received-during-the-attack-on-pearl-harbor-december-1941-photo-by-j-r-eyerman-for-life-magazine-990-x-1280/ HTTP/1.1" 200 18717 "-" "Mozilla/5.0 (Linux; Android 7.0;) AppleWebKit/537.36 (KHTML, like Gecko) Mobile Safari/537.36 (compatible; PetalBot;+https://webmaster.petalsearch.com/site/petalbot)"
204.48.19.85 - - [07/Jul/2021:08:52:55 -0400] "POST /wp-cron.php?doing_wp_cron=1625662375.2681488990783691406250 HTTP/1.1" 200 6295 "https://ajhydell.com/wp-cron.php?doing_wp_cron=1625662375.2681488990783691406250" "WordPress/5.7.2; https://ajhydell.com"
40.77.167.7 - - [07/Jul/2021:08:52:55 -0400] "GET /2019/08/27/serbian-taunting-propaganda-poster-after-downing-a-us-f117-stealthy-fighter-jet-1999/ HTTP/1.1" 200 18803 "-" "Mozilla/5.0 (compatible; bingbot/2.0; +http://www.bing.com/bingbot.htm)"
54.36.148.117 - - [07/Jul/2021:08:53:26 -0400] "GET /2021/02/05/ HTTP/1.1" 200 18897 "-" "Mozilla/5.0 (compatible; AhrefsBot/7.0; +http://ahrefs.com/robot/)"
204.48.19.85 - - [07/Jul/2021:08:54:06 -0400] "POST /wp-cron.php?doing_wp_cron=1625662446.9170780181884765625000 HTTP/1.1" 200 6295 "https://ajhydell.com/wp-cron.php?doing_wp_cron=1625662446.9170780181884765625000" "WordPress/5.7.2; https://ajhydell.com"
114.119.147.211 - - [07/Jul/2021:08:54:06 -0400] "GET /2019/09/03/the-shave-ussr-ww2-1945/ HTTP/1.1" 200 18322 "-" "Mozilla/5.0 (Linux; Android 7.0;) AppleWebKit/537.36 (KHTML, like Gecko) Mobile Safari/537.36 (compatible; PetalBot;+https://webmaster.petalsearch.com/site/petalbot)"
204.48.19.85 - - [07/Jul/2021:08:55:18 -0400] "POST /wp-cron.php?doing_wp_cron=1625662518.4787149429321289062500 HTTP/1.1" 200 6295 "https://ajhydell.com/wp-cron.php?doing_wp_cron=1625662518.4787149429321289062500" "WordPress/5.7.2; https://ajhydell.com"
192.185.130.172 - - [07/Jul/2021:08:55:18 -0400] "POST /wp-login.php HTTP/1.1" 200 8861 "-" "Mozilla/5.0 (Windows NT 5.1) AppleWebKit/537.36 (KHTML, like Gecko) Chrome/47.0.2526.106 Safari/537.36"
204.48.19.85 - - [07/Jul/2021:08:56:28 -0400] "POST /wp-cron.php?doing_wp_cron=1625662588.6852409839630126953125 HTTP/1.1" 200 6295 "https://ajhydell.com/wp-cron.php?doing_wp_cron=1625662588.6852409839630126953125" "WordPress/5.7.2; https://ajhydell.com"
114.119.138.170 - - [07/Jul/2021:08:56:28 -0400] "GET /2019/05/05 HTTP/1.1" 301 5717 "-" "Mozilla/5.0 (Linux; Android 7.0;) AppleWebKit/537.36 (KHTML, like Gecko) Mobile Safari/537.36 (compatible; PetalBot;+https://webmaster.petalsearch.com/site/petalbot)"
114.119.138.170 - - [07/Jul/2021:08:56:30 -0400] "GET /2019/05/05/ HTTP/1.1" 200 12556 "-" "Mozilla/5.0 (Linux; Android 7.0;) AppleWebKit/537.36 (KHTML, like Gecko) Mobile Safari/537.36 (compatible; PetalBot;+https://webmaster.petalsearch.com/site/petalbot)"
64.90.48.197 - - [07/Jul/2021:08:56:36 -0400] "GET /wp-login.php HTTP/1.1" 200 8605 "-" "Mozilla/5.0 (X11; Ubuntu; Linux x86_64; rv:62.0) Gecko/20100101 Firefox/62.0"
64.90.48.197 - - [07/Jul/2021:08:56:37 -0400] "POST /wp-login.php HTTP/1.1" 200 8695 "-" "Mozilla/5.0 (X11; Ubuntu; Linux x86_64; rv:62.0) Gecko/20100101 Firefox/62.0"
64.90.48.197 - - [07/Jul/2021:08:56:37 -0400] "POST /xmlrpc.php HTTP/1.1" 200 5852 "-" "Mozilla/5.0 (X11; Ubuntu; Linux x86_64; rv:62.0) Gecko/20100101 Firefox/62.0"
204.48.19.85 - - [07/Jul/2021:08:56:52 -0400] "POST /wp-cron.php?doing_wp_cron=1625662612.4299809932708740234375 HTTP/1.1" 200 6295 "https://ajhydell.com/wp-cron.php?doing_wp_cron=1625662612.4299809932708740234375" "WordPress/5.7.2; https://ajhydell.com"
207.46.13.67 - - [07/Jul/2021:08:56:52 -0400] "GET /2020/12/10/the-bodies-of-bonnie-parker-and-clyde-barrow-in-their-stolen-ford-v-8-minutes-after-the-ambush-louisiana-may-23-1934-colorized-1730x957/ HTTP/1.1" 200 18970 "-" "Mozilla/5.0 (compatible; bingbot/2.0; +http://www.bing.com/bingbot.htm)"
49.7.20.68 - - [07/Jul/2021:08:57:43 -0400] "-" 408 5562 "-" "-"
204.48.19.85 - - [07/Jul/2021:08:57:55 -0400] "POST /wp-cron.php?doing_wp_cron=1625662675.6087670326232910156250 HTTP/1.1" 200 6295 "https://ajhydell.com/wp-cron.php?doing_wp_cron=1625662675.6087670326232910156250" "WordPress/5.7.2; https://ajhydell.com"
114.119.156.206 - - [07/Jul/2021:08:57:55 -0400] "GET /2019/02/24/lithuanian-soldiers-marches-through-the-streets-of-vilnius-29-october-1939-colorized HTTP/1.1" 301 5847 "-" "Mozilla/5.0 (Linux; Android 7.0;) AppleWebKit/537.36 (KHTML, like Gecko) Mobile Safari/537.36 (compatible; PetalBot;+https://webmaster.petalsearch.com/site/petalbot)"
114.119.156.206 - - [07/Jul/2021:08:57:56 -0400] "GET /2019/02/24/lithuanian-soldiers-marches-through-the-streets-of-vilnius-29-october-1939-colorized/ HTTP/1.1" 200 13342 "-" "Mozilla/5.0 (Linux; Android 7.0;) AppleWebKit/537.36 (KHTML, like Gecko) Mobile Safari/537.36 (compatible; PetalBot;+https://webmaster.petalsearch.com/site/petalbot)"
54.36.148.117 - - [07/Jul/2021:08:58:14 -0400] "GET /2021/05/17/bread-or-revolution-ian-turner-member-of-the-i-w-w-industrial-workers-of-the-world-at-a-rally-in-union-square-new-york-city-11-april-1914/ HTTP/1.1" 200 19355 "-" "Mozilla/5.0 (compatible; AhrefsBot/7.0; +http://ahrefs.com/robot/)"
204.48.19.85 - - [07/Jul/2021:08:58:54 -0400] "POST /wp-cron.php?doing_wp_cron=1625662734.7636449337005615234375 HTTP/1.1" 200 6295 "https://ajhydell.com/wp-cron.php?doing_wp_cron=1625662734.7636449337005615234375" "WordPress/5.7.2; https://ajhydell.com"
185.191.171.24 - - [07/Jul/2021:08:58:54 -0400] "GET /2020/03/07/actress-mamie-van-doren/ HTTP/1.1" 200 19075 "-" "Mozilla/5.0 (compatible; SemrushBot/7~bl; +http://www.semrush.com/bot.html)"
204.48.19.85 - - [07/Jul/2021:09:00:20 -0400] "POST /wp-cron.php?doing_wp_cron=1625662820.6124200820922851562500 HTTP/1.1" 200 6295 "https://ajhydell.com/wp-cron.php?doing_wp_cron=1625662820.6124200820922851562500" "WordPress/5.7.2; https://ajhydell.com"
114.119.132.183 - - [07/Jul/2021:09:00:20 -0400] "GET /2019/11/11/a-wounded-marine-proudly-exhibits-a-japanese-sword-tarawa-november-1943/ HTTP/1.1" 200 18497 "-" "Mozilla/5.0 (Linux; Android 7.0;) AppleWebKit/537.36 (KHTML, like Gecko) Mobile Safari/537.36 (compatible; PetalBot;+https://webmaster.petalsearch.com/site/petalbot)"
204.48.19.85 - - [07/Jul/2021:09:00:59 -0400] "POST /wp-cron.php?doing_wp_cron=1625662859.7906661033630371093750 HTTP/1.1" 200 6295 "https://ajhydell.com/wp-cron.php?doing_wp_cron=1625662859.7906661033630371093750" "WordPress/5.7.2; https://ajhydell.com"
207.46.13.113 - - [07/Jul/2021:09:00:59 -0400] "GET /2018/11/01/niels-bohr-1955-danish-physicist-nobel-prize-laureate-who-made-fundamental-contributions-to-understanding-atomic-structure-and-quantum-theory/ HTTP/1.1" 200 18748 "-" "Mozilla/5.0 (compatible; bingbot/2.0; +http://www.bing.com/bingbot.htm)"
3.87.44.180 - - [07/Jul/2021:09:01:10 -0400] "GET /ads.txt HTTP/1.1" 301 579 "-" "AdsTxtCrawler/1.0.2"
3.87.44.180 - - [07/Jul/2021:09:01:11 -0400] "GET /ads.txt HTTP/1.1" 406 6153 "-" "AdsTxtCrawler/1.0.2"
114.119.145.169 - - [07/Jul/2021:09:01:32 -0400] "GET /2020/12/06/chinese-resistance-fighter-cheng-benhua-moments-before-she-was-bayoneted-to-death-by-japanese-soldiers-in-1939/ HTTP/1.1" 200 18533 "-" "Mozilla/5.0 (Linux; Android 7.0;) AppleWebKit/537.36 (KHTML, like Gecko) Mobile Safari/537.36 (compatible; PetalBot;+https://webmaster.petalsearch.com/site/petalbot)"
40.77.167.77 - - [07/Jul/2021:09:01:43 -0400] "GET /2020/07/28/in-capitalist-nations-talent-is-on-the-road-in-socialist-nations-make-way-for-talent-soviet-union-cold-war-era/ HTTP/1.1" 200 18750 "-" "Mozilla/5.0 (compatible; bingbot/2.0; +http://www.bing.com/bingbot.htm)"
204.48.19.85 - - [07/Jul/2021:09:02:58 -0400] "POST /wp-cron.php?doing_wp_cron=1625662978.9497230052947998046875 HTTP/1.1" 200 6295 "https://ajhydell.com/wp-cron.php?doing_wp_cron=1625662978.9497230052947998046875" "WordPress/5.7.2; https://ajhydell.com"
69.63.184.2 - - [07/Jul/2021:09:02:58 -0400] "GET /2021/04/25/soldiers-from-the-soviet-union-the-united-states-and-the-united-kingdom-pose-together-for-a-photograph-on-pariser-platz-berlin-22-august-1945/ HTTP/1.1" 206 19303 "-" "facebookexternalhit/1.1 (+http://www.facebook.com/externalhit_uatext.php)"
54.36.148.117 - - [07/Jul/2021:09:03:05 -0400] "GET /2020/03/14/mother-and-child-africa-circa-1936/ HTTP/1.1" 200 19026 "-" "Mozilla/5.0 (compatible; AhrefsBot/7.0; +http://ahrefs.com/robot/)"
114.119.158.133 - - [07/Jul/2021:09:03:25 -0400] "GET /2019/06/page/10/ HTTP/1.1" 200 17924 "-" "Mozilla/5.0 (Linux; Android 7.0;) AppleWebKit/537.36 (KHTML, like Gecko) Mobile Safari/537.36 (compatible; PetalBot;+https://webmaster.petalsearch.com/site/petalbot)"
36.67.156.217 - - [07/Jul/2021:09:04:10 -0400] "GET / HTTP/1.0" 400 0 "-" "-"
204.48.19.85 - - [07/Jul/2021:09:04:50 -0400] "POST /wp-cron.php?doing_wp_cron=1625663090.1974229812622070312500 HTTP/1.1" 200 6295 "https://ajhydell.com/wp-cron.php?doing_wp_cron=1625663090.1974229812622070312500" "WordPress/5.7.2; https://ajhydell.com"
207.46.13.70 - - [07/Jul/2021:09:04:50 -0400] "GET /2018/11/26/member-of-the-3rd-us-armored-division-kia-march-61945-during-the-duel-at-the-cathedral-of-cologne/ HTTP/1.1" 200 18832 "-" "Mozilla/5.0 (compatible; bingbot/2.0; +http://www.bing.com/bingbot.htm)"
193.0.216.10 - - [07/Jul/2021:09:04:51 -0400] "GET / HTTP/1.1" 301 565 "-" "Mozilla/5.0 (Windows NT 10.0; Win64; x64) AppleWebKit/537.36 (KHTML, like Gecko) Chrome/88.0.4240.193 Safari/537.36"
17.121.113.237 - - [07/Jul/2021:09:04:55 -0400] "GET /2020/02/21/liberian-psa-against-child-sexual-abuse-2000s/ HTTP/1.1" 200 18352 "-" "Mozilla/5.0 (Macintosh; Intel Mac OS X 10_15_5) AppleWebKit/605.1.15 (KHTML, like Gecko) Version/13.1.1 Safari/605.1.15 (Applebot/0.1; +http://www.apple.com/go/applebot)"
114.119.147.211 - - [07/Jul/2021:09:05:42 -0400] "GET /2020/10/30/ HTTP/1.1" 200 18588 "-" "Mozilla/5.0 (Linux; Android 7.0;) AppleWebKit/537.36 (KHTML, like Gecko) Mobile Safari/537.36 (compatible; PetalBot;+https://webmaster.petalsearch.com/site/petalbot)"
204.48.19.85 - - [07/Jul/2021:09:06:49 -0400] "POST /wp-cron.php?doing_wp_cron=1625663209.4164888858795166015625 HTTP/1.1" 200 6295 "https://ajhydell.com/wp-cron.php?doing_wp_cron=1625663209.4164888858795166015625" "WordPress/5.7.2; https://ajhydell.com"
185.191.171.13 - - [07/Jul/2021:09:06:49 -0400] "GET /2018/08/10/ballerinas-in-the-cafeteria-at-the-bolshoi-ballet-moscow-russia-1961-480x598/ HTTP/1.1" 200 18984 "-" "Mozilla/5.0 (compatible; SemrushBot/7~bl; +http://www.semrush.com/bot.html)"
114.119.143.210 - - [07/Jul/2021:09:07:17 -0400] "GET /2020/08/02/mens-short-long-sleeve-business-shirts-1979 HTTP/1.1" 301 5806 "-" "Mozilla/5.0 (Linux; Android 7.0;) AppleWebKit/537.36 (KHTML, like Gecko) Mobile Safari/537.36 (compatible; PetalBot;+https://webmaster.petalsearch.com/site/petalbot)"
114.119.143.210 - - [07/Jul/2021:09:07:18 -0400] "GET /2020/08/02/mens-short-long-sleeve-business-shirts-1979/ HTTP/1.1" 200 13236 "-" "Mozilla/5.0 (Linux; Android 7.0;) AppleWebKit/537.36 (KHTML, like Gecko) Mobile Safari/537.36 (compatible; PetalBot;+https://webmaster.petalsearch.com/site/petalbot)"
66.249.70.112 - - [07/Jul/2021:09:07:22 -0400] "GET /wp-content/plugins/facebook-pagelike-widget/loader.gif HTTP/1.1" 304 6271 "-" "Googlebot-Image/1.0"
66.249.70.112 - - [07/Jul/2021:09:07:23 -0400] "GET /wp-content/uploads/2018/08/logo.jpg HTTP/1.1" 304 277 "-" "Googlebot-Image/1.0"
66.249.70.110 - - [07/Jul/2021:09:07:24 -0400] "GET /wp-content/uploads/2018/08/picture-3-150x150.jpg HTTP/1.1" 200 13274 "-" "Googlebot-Image/1.0"
54.36.148.117 - - [07/Jul/2021:09:07:31 -0400] "GET /2020/03/ HTTP/1.1" 200 20135 "-" "Mozilla/5.0 (compatible; AhrefsBot/7.0; +http://ahrefs.com/robot/)"
46.252.216.158 - - [07/Jul/2021:09:07:40 -0400] "GET /wp-content/uploads/2020/07/picture-2.jpg HTTP/1.1" 200 122625 "https://www.reddit.com/" "Mozilla/5.0 (X11; Linux x86_64) AppleWebKit/537.36 (KHTML, like Gecko) Chrome/91.0.4472.114 Safari/537.36"
5.62.41.153 - - [07/Jul/2021:09:08:24 -0400] "GET / HTTP/1.1" 301 565 "-" "Mozilla/5.0 (Windows NT 10.0; Win64; x64) AppleWebKit/537.36 (KHTML, like Gecko) Chrome/88.0.4240.193 Safari/537.36"
204.48.19.85 - - [07/Jul/2021:09:08:56 -0400] "POST /wp-cron.php?doing_wp_cron=1625663336.3259088993072509765625 HTTP/1.1" 200 6295 "https://ajhydell.com/wp-cron.php?doing_wp_cron=1625663336.3259088993072509765625" "WordPress/5.7.2; https://ajhydell.com"
114.119.158.133 - - [07/Jul/2021:09:08:56 -0400] "GET /2021/03/14/a-native-american-man-looking-over-the-newly-completed-transcontinental-railroad-in-nevada-1869-2092x2016/ HTTP/1.1" 200 18640 "-" "Mozilla/5.0 (Linux; Android 7.0;) AppleWebKit/537.36 (KHTML, like Gecko) Mobile Safari/537.36 (compatible; PetalBot;+https://webmaster.petalsearch.com/site/petalbot)"
204.48.19.85 - - [07/Jul/2021:09:09:47 -0400] "POST /wp-cron.php?doing_wp_cron=1625663387.7721529006958007812500 HTTP/1.1" 200 6295 "https://ajhydell.com/wp-cron.php?doing_wp_cron=1625663387.7721529006958007812500" "WordPress/5.7.2; https://ajhydell.com"
17.121.112.170 - - [07/Jul/2021:09:09:47 -0400] "GET /2018/11/17/worker-the-vice-will-lead-you-to-despair-and-madness-avoid-it-spain-cnt-ait-1930s/ HTTP/1.1" 200 18757 "-" "Mozilla/5.0 (Macintosh; Intel Mac OS X 10_15_5) AppleWebKit/605.1.15 (KHTML, like Gecko) Version/13.1.1 Safari/605.1.15 (Applebot/0.1; +http://www.apple.com/go/applebot)"
193.118.53.194 - - [07/Jul/2021:09:10:02 -0400] "GET / HTTP/1.1" 200 20271 "-" "Mozilla/5.0 (Windows NT 10.0; Win64; x64) AppleWebKit/537.36 (KHTML, like Gecko) Chrome/60.0.3112.113 Safari/537.36"
204.48.19.85 - - [07/Jul/2021:09:11:07 -0400] "POST /wp-cron.php?doing_wp_cron=1625663467.7939739227294921875000 HTTP/1.1" 200 6295 "https://ajhydell.com/wp-cron.php?doing_wp_cron=1625663467.7939739227294921875000" "WordPress/5.7.2; https://ajhydell.com"
114.119.158.133 - - [07/Jul/2021:09:11:07 -0400] "GET /2018/11/16/syphilis-all-of-these-men-have-it-women-stay-away-from-dance-halls-usa-1944/ HTTP/1.1" 200 18527 "-" "Mozilla/5.0 (Linux; Android 7.0;) AppleWebKit/537.36 (KHTML, like Gecko) Mobile Safari/537.36 (compatible; PetalBot;+https://webmaster.petalsearch.com/site/petalbot)"
116.206.40.73 - - [07/Jul/2021:09:11:37 -0400] "GET /wp-content/uploads/2020/08/picture-64.jpg HTTP/1.1" 200 49441 "https://www.bing.com/" "Mozilla/5.0 (Windows NT 10.0; Win64; x64) AppleWebKit/537.36 (KHTML, like Gecko) Chrome/91.0.4472.124 Safari/537.36 Edg/91.0.864.64"
116.206.40.73 - - [07/Jul/2021:09:11:57 -0400] "-" 408 6041 "-" "-"
204.48.19.85 - - [07/Jul/2021:09:12:33 -0400] "POST /wp-cron.php?doing_wp_cron=1625663553.9923329353332519531250 HTTP/1.1" 200 6295 "https://ajhydell.com/wp-cron.php?doing_wp_cron=1625663553.9923329353332519531250" "WordPress/5.7.2; https://ajhydell.com"
17.121.114.197 - - [07/Jul/2021:09:12:33 -0400] "GET /2019/12/20/nancy-reagan-and-mr-t-christmas-at-the-white-house-1983-1120-x-1691/ HTTP/1.1" 200 18477 "-" "Mozilla/5.0 (Macintosh; Intel Mac OS X 10_15_5) AppleWebKit/605.1.15 (KHTML, like Gecko) Version/13.1.1 Safari/605.1.15 (Applebot/0.1; +http://www.apple.com/go/applebot)"
204.48.19.85 - - [07/Jul/2021:09:13:12 -0400] "POST /wp-cron.php?doing_wp_cron=1625663592.4352118968963623046875 HTTP/1.1" 200 6295 "https://ajhydell.com/wp-cron.php?doing_wp_cron=1625663592.4352118968963623046875" "WordPress/5.7.2; https://ajhydell.com"
40.77.167.81 - - [07/Jul/2021:09:13:12 -0400] "GET /2021/03/05/mcdonalds-arch-deluxe-1996/ HTTP/1.1" 200 18881 "-" "Mozilla/5.0 (compatible; bingbot/2.0; +http://www.bing.com/bingbot.htm)"
204.48.19.85 - - [07/Jul/2021:09:13:47 -0400] "POST /wp-cron.php?doing_wp_cron=1625663627.3674149513244628906250 HTTP/1.1" 200 6295 "https://ajhydell.com/wp-cron.php?doing_wp_cron=1625663627.3674149513244628906250" "WordPress/5.7.2; https://ajhydell.com"
114.119.143.210 - - [07/Jul/2021:09:13:47 -0400] "GET /2021/03/19/a-german-civilian-looks-at-a-large-poster-portrait-of-stalin-at-center-of-berlin3-june-1945-718x800/ HTTP/1.1" 200 18534 "-" "Mozilla/5.0 (Linux; Android 7.0;) AppleWebKit/537.36 (KHTML, like Gecko) Mobile Safari/537.36 (compatible; PetalBot;+https://webmaster.petalsearch.com/site/petalbot)"
204.48.19.85 - - [07/Jul/2021:09:14:45 -0400] "POST /wp-cron.php?doing_wp_cron=1625663685.8017199039459228515625 HTTP/1.1" 200 6295 "https://ajhydell.com/wp-cron.php?doing_wp_cron=1625663685.8017199039459228515625" "WordPress/5.7.2; https://ajhydell.com"
114.119.147.211 - - [07/Jul/2021:09:14:45 -0400] "GET /2020/07/30/a-dog-sits-in-the-snow-against-the-background-of-a-column-of-italian-troops-retreating-from-stalingrad-december-1942/ HTTP/1.1" 200 18760 "-" "Mozilla/5.0 (Linux; Android 7.0;) AppleWebKit/537.36 (KHTML, like Gecko) Mobile Safari/537.36 (compatible; PetalBot;+https://webmaster.petalsearch.com/site/petalbot)"
35.188.119.145 - - [07/Jul/2021:09:15:21 -0400] "GET /wp-login.php HTTP/1.1" 200 8605 "-" "Mozilla/5.0 (X11; Ubuntu; Linux x86_64; rv:62.0) Gecko/20100101 Firefox/62.0"
35.188.119.145 - - [07/Jul/2021:09:15:21 -0400] "POST /wp-login.php HTTP/1.1" 200 8695 "-" "Mozilla/5.0 (X11; Ubuntu; Linux x86_64; rv:62.0) Gecko/20100101 Firefox/62.0"
35.188.119.145 - - [07/Jul/2021:09:15:21 -0400] "POST /xmlrpc.php HTTP/1.1" 200 5852 "-" "Mozilla/5.0 (X11; Ubuntu; Linux x86_64; rv:62.0) Gecko/20100101 Firefox/62.0"
66.249.70.112 - - [07/Jul/2021:09:16:56 -0400] "GET /robots.txt HTTP/1.1" 200 6517 "-" "Mozilla/5.0 (compatible; Googlebot/2.1; +http://www.google.com/bot.html)"
204.48.19.85 - - [07/Jul/2021:09:16:56 -0400] "POST /wp-cron.php?doing_wp_cron=1625663816.5486690998077392578125 HTTP/1.1" 200 6295 "https://ajhydell.com/wp-cron.php?doing_wp_cron=1625663816.5486690998077392578125" "WordPress/5.7.2; https://ajhydell.com"
66.249.70.112 - - [07/Jul/2021:09:16:56 -0400] "GET /feed/ HTTP/1.1" 200 8613 "-" "Mozilla/5.0 (compatible; Googlebot/2.1; +http://www.google.com/bot.html)"
114.119.143.168 - - [07/Jul/2021:09:17:08 -0400] "GET /2019/11/21 HTTP/1.1" 301 5717 "-" "Mozilla/5.0 (Linux; Android 7.0;) AppleWebKit/537.36 (KHTML, like Gecko) Mobile Safari/537.36 (compatible; PetalBot;+https://webmaster.petalsearch.com/site/petalbot)"
114.119.143.168 - - [07/Jul/2021:09:17:09 -0400] "GET /2019/11/21/ HTTP/1.1" 200 12759 "-" "Mozilla/5.0 (Linux; Android 7.0;) AppleWebKit/537.36 (KHTML, like Gecko) Mobile Safari/537.36 (compatible; PetalBot;+https://webmaster.petalsearch.com/site/petalbot)"
204.48.19.85 - - [07/Jul/2021:09:18:07 -0400] "POST /wp-cron.php?doing_wp_cron=1625663887.6396770477294921875000 HTTP/1.1" 200 6295 "https://ajhydell.com/wp-cron.php?doing_wp_cron=1625663887.6396770477294921875000" "WordPress/5.7.2; https://ajhydell.com"
207.46.13.137 - - [07/Jul/2021:09:18:07 -0400] "GET /2021/07/04/grande-hotel-beira-mozambique-1960s-2000s-714x849 HTTP/1.1" 301 6042 "-" "Mozilla/5.0 (compatible; bingbot/2.0; +http://www.bing.com/bingbot.htm)"
207.46.13.137 - - [07/Jul/2021:09:18:09 -0400] "GET /2021/07/04/grande-hotel-beira-mozambique-1960s-2000s-714x849/ HTTP/1.1" 200 18668 "-" "Mozilla/5.0 (compatible; bingbot/2.0; +http://www.bing.com/bingbot.htm)"
5.255.253.148 - - [07/Jul/2021:09:18:10 -0400] "GET /2019/10/06/ HTTP/1.1" 200 18582 "-" "Mozilla/5.0 (compatible; YandexBot/3.0; +http://yandex.com/bots)"
114.119.138.170 - - [07/Jul/2021:09:18:40 -0400] "GET /2018/12/15/petition-for-peace-1967 HTTP/1.1" 301 5786 "-" "Mozilla/5.0 (Linux; Android 7.0;) AppleWebKit/537.36 (KHTML, like Gecko) Mobile Safari/537.36 (compatible; PetalBot;+https://webmaster.petalsearch.com/site/petalbot)"
144.217.12.17 - - [07/Jul/2021:09:18:37 -0400] "POST /wp-login.php HTTP/1.1" 200 8861 "-" "Mozilla/5.0 (Windows NT 6.1) AppleWebKit/537.36 (KHTML, like Gecko) Chrome/56.0.2924.87 Safari/537.36"
114.119.138.170 - - [07/Jul/2021:09:18:41 -0400] "GET /2018/12/15/petition-for-peace-1967/ HTTP/1.1" 200 13240 "-" "Mozilla/5.0 (Linux; Android 7.0;) AppleWebKit/537.36 (KHTML, like Gecko) Mobile Safari/537.36 (compatible; PetalBot;+https://webmaster.petalsearch.com/site/petalbot)"
5.255.253.148 - - [07/Jul/2021:09:18:42 -0400] "GET /wp-content/uploads/2019/08/picture-62-768x1024.jpg HTTP/1.1" 304 6272 "-" "Mozilla/5.0 (compatible; YandexImages/3.0; +http://yandex.com/bots)"
204.48.19.85 - - [07/Jul/2021:09:19:44 -0400] "POST /wp-cron.php?doing_wp_cron=1625663984.9818489551544189453125 HTTP/1.1" 200 6295 "https://ajhydell.com/wp-cron.php?doing_wp_cron=1625663984.9818489551544189453125" "WordPress/5.7.2; https://ajhydell.com"
3.249.172.50 - - [07/Jul/2021:09:19:44 -0400] "GET /feed/ HTTP/1.1" 200 8557 "-" "Krzana bot"
114.119.132.183 - - [07/Jul/2021:09:20:24 -0400] "GET /2021/04/03/soviet-pilot-victor-radkevitch-gestures-as-he-tells-his-fellow-pilots-how-he-forced-a-german-luftwaffe-airplane-down-behind-soviet-lines-ussr-january-1942-1024-x-775 HTTP/1.1" 301 5928 "-" "Mozilla/5.0 (Linux; Android 7.0;) AppleWebKit/537.36 (KHTML, like Gecko) Mobile Safari/537.36 (compatible; PetalBot;+https://webmaster.petalsearch.com/site/petalbot)"
114.119.132.183 - - [07/Jul/2021:09:20:25 -0400] "GET /2021/04/03/soviet-pilot-victor-radkevitch-gestures-as-he-tells-his-fellow-pilots-how-he-forced-a-german-luftwaffe-airplane-down-behind-soviet-lines-ussr-january-1942-1024-x-775/ HTTP/1.1" 200 13571 "-" "Mozilla/5.0 (Linux; Android 7.0;) AppleWebKit/537.36 (KHTML, like Gecko) Mobile Safari/537.36 (compatible; PetalBot;+https://webmaster.petalsearch.com/site/petalbot)"
204.48.19.85 - - [07/Jul/2021:09:21:15 -0400] "POST /wp-cron.php?doing_wp_cron=1625664075.6889050006866455078125 HTTP/1.1" 200 6295 "https://ajhydell.com/wp-cron.php?doing_wp_cron=1625664075.6889050006866455078125" "WordPress/5.7.2; https://ajhydell.com"
207.46.13.67 - - [07/Jul/2021:09:21:15 -0400] "GET /2019/12/22/heres-an-actual-historical-picture-of-cigarette-lighting-from-a-flammenwerfer/ HTTP/1.1" 200 18803 "-" "Mozilla/5.0 (compatible; bingbot/2.0; +http://www.bing.com/bingbot.htm)"
204.48.19.85 - - [07/Jul/2021:09:21:47 -0400] "POST /wp-cron.php?doing_wp_cron=1625664107.4492230415344238281250 HTTP/1.1" 200 6295 "https://ajhydell.com/wp-cron.php?doing_wp_cron=1625664107.4492230415344238281250" "WordPress/5.7.2; https://ajhydell.com"
207.46.13.147 - - [07/Jul/2021:09:21:47 -0400] "GET /2021/01/29/east-german-border-guard-fires-at-a-fleeing-citizen-1989-1280x720/ HTTP/1.1" 200 18646 "-" "Mozilla/5.0 (compatible; bingbot/2.0; +http://www.bing.com/bingbot.htm)"
114.119.143.168 - - [07/Jul/2021:09:22:19 -0400] "GET /2019/page/42 HTTP/1.1" 301 5719 "-" "Mozilla/5.0 (Linux; Android 7.0;) AppleWebKit/537.36 (KHTML, like Gecko) Mobile Safari/537.36 (compatible; PetalBot;+https://webmaster.petalsearch.com/site/petalbot)"
114.119.143.168 - - [07/Jul/2021:09:22:20 -0400] "GET /2019/page/42/ HTTP/1.1" 200 14388 "-" "Mozilla/5.0 (Linux; Android 7.0;) AppleWebKit/537.36 (KHTML, like Gecko) Mobile Safari/537.36 (compatible; PetalBot;+https://webmaster.petalsearch.com/site/petalbot)"
49.7.20.65 - - [07/Jul/2021:09:22:39 -0400] "GET / HTTP/1.1" 200 20417 "-" "Sogou web spider/4.0(+http://www.sogou.com/docs/help/webmasters.htm#07)"
204.48.19.85 - - [07/Jul/2021:09:24:04 -0400] "POST /wp-cron.php?doing_wp_cron=1625664244.1757819652557373046875 HTTP/1.1" 200 6295 "https://ajhydell.com/wp-cron.php?doing_wp_cron=1625664244.1757819652557373046875" "WordPress/5.7.2; https://ajhydell.com"
114.119.147.211 - - [07/Jul/2021:09:24:04 -0400] "GET /2019/03/13/a-japanese-boy-standing-at-attention-after-having-brought-his-dead-younger-brother-to-a-cremation-pyre-1945-800x1101/ HTTP/1.1" 200 18626 "-" "Mozilla/5.0 (Linux; Android 7.0;) AppleWebKit/537.36 (KHTML, like Gecko) Mobile Safari/537.36 (compatible; PetalBot;+https://webmaster.petalsearch.com/site/petalbot)"
204.48.19.85 - - [07/Jul/2021:09:26:08 -0400] "POST /wp-cron.php?doing_wp_cron=1625664368.3430690765380859375000 HTTP/1.1" 200 6295 "https://ajhydell.com/wp-cron.php?doing_wp_cron=1625664368.3430690765380859375000" "WordPress/5.7.2; https://ajhydell.com"
114.119.151.93 - - [07/Jul/2021:09:26:08 -0400] "GET /2019/07/28/girls-1910 HTTP/1.1" 301 5773 "-" "Mozilla/5.0 (Linux; Android 7.0;) AppleWebKit/537.36 (KHTML, like Gecko) Mobile Safari/537.36 (compatible; PetalBot;+https://webmaster.petalsearch.com/site/petalbot)"
114.119.151.93 - - [07/Jul/2021:09:26:09 -0400] "GET /2019/07/28/girls-1910/ HTTP/1.1" 200 13136 "-" "Mozilla/5.0 (Linux; Android 7.0;) AppleWebKit/537.36 (KHTML, like Gecko) Mobile Safari/537.36 (compatible; PetalBot;+https://webmaster.petalsearch.com/site/petalbot)"
204.48.19.85 - - [07/Jul/2021:09:26:52 -0400] "POST /wp-cron.php?doing_wp_cron=1625664412.5093629360198974609375 HTTP/1.1" 200 6295 "https://ajhydell.com/wp-cron.php?doing_wp_cron=1625664412.5093629360198974609375" "WordPress/5.7.2; https://ajhydell.com"
207.46.13.113 - - [07/Jul/2021:09:26:52 -0400] "GET /2020/09/21/derailment-at-montparnasse-terminus-in-paris-1895-1750x2100/ HTTP/1.1" 200 18740 "-" "Mozilla/5.0 (compatible; bingbot/2.0; +http://www.bing.com/bingbot.htm)"
204.48.19.85 - - [07/Jul/2021:09:27:56 -0400] "POST /wp-cron.php?doing_wp_cron=1625664476.3053040504455566406250 HTTP/1.1" 200 6295 "https://ajhydell.com/wp-cron.php?doing_wp_cron=1625664476.3053040504455566406250" "WordPress/5.7.2; https://ajhydell.com"
114.119.143.210 - - [07/Jul/2021:09:27:56 -0400] "GET /2021/02/17/popples-1986/ HTTP/1.1" 200 18343 "-" "Mozilla/5.0 (Linux; Android 7.0;) AppleWebKit/537.36 (KHTML, like Gecko) Mobile Safari/537.36 (compatible; PetalBot;+https://webmaster.petalsearch.com/site/petalbot)"
204.48.19.85 - - [07/Jul/2021:09:29:18 -0400] "POST /wp-cron.php?doing_wp_cron=1625664558.6110570430755615234375 HTTP/1.1" 200 6295 "https://ajhydell.com/wp-cron.php?doing_wp_cron=1625664558.6110570430755615234375" "WordPress/5.7.2; https://ajhydell.com"
207.46.13.54 - - [07/Jul/2021:09:29:18 -0400] "GET /2020/02/12/president-george-h-w-bush-makes-a-hospital-visit-to-injured-los-angeles-fire-captain-scott-miller-who-was-shot-in-the-face-by-a-sniper-while-responding-to-one-of-many-fires-set-during-the-first-nig/ HTTP/1.1" 200 19094 "-" "Mozilla/5.0 (compatible; bingbot/2.0; +http://www.bing.com/bingbot.htm)"
207.46.13.54 - - [07/Jul/2021:09:29:19 -0400] "GET /2020/08/30/us-marine-colonel-francis-fenton-conducting-the-funeral-of-his-son-private-first-class-mike-fenton-near-shuri-okinawa-may-1945-1600-x-1326-see-comment/ HTTP/1.1" 200 13279 "-" "Mozilla/5.0 (compatible; bingbot/2.0; +http://www.bing.com/bingbot.htm)"
204.48.19.85 - - [07/Jul/2021:09:29:46 -0400] "POST /wp-cron.php?doing_wp_cron=1625664586.3107988834381103515625 HTTP/1.1" 200 6295 "https://ajhydell.com/wp-cron.php?doing_wp_cron=1625664586.3107988834381103515625" "WordPress/5.7.2; https://ajhydell.com"
114.119.156.206 - - [07/Jul/2021:09:29:46 -0400] "GET /2020/06/03/happy-world-bicycle-day-here-we-have-alvey-a-adee-assistant-secretary-of-state-age-72-famously-known-for-biking-daily-to-his-work-in-d-c-and-his-yearly-biking-tours-to-europe-1914 HTTP/1.1" 301 5942 "-" "Mozilla/5.0 (Linux; Android 7.0;) AppleWebKit/537.36 (KHTML, like Gecko) Mobile Safari/537.36 (compatible; PetalBot;+https://webmaster.petalsearch.com/site/petalbot)"
114.119.156.206 - - [07/Jul/2021:09:29:47 -0400] "GET /2020/06/03/happy-world-bicycle-day-here-we-have-alvey-a-adee-assistant-secretary-of-state-age-72-famously-known-for-biking-daily-to-his-work-in-d-c-and-his-yearly-biking-tours-to-europe-1914/ HTTP/1.1" 200 13568 "-" "Mozilla/5.0 (Linux; Android 7.0;) AppleWebKit/537.36 (KHTML, like Gecko) Mobile Safari/537.36 (compatible; PetalBot;+https://webmaster.petalsearch.com/site/petalbot)"
54.36.148.117 - - [07/Jul/2021:09:30:34 -0400] "GET /2021/07/07/swanson-tv-dinners-1968/ HTTP/1.1" 200 18944 "-" "Mozilla/5.0 (compatible; AhrefsBot/7.0; +http://ahrefs.com/robot/)"
204.48.19.85 - - [07/Jul/2021:09:31:11 -0400] "POST /wp-cron.php?doing_wp_cron=1625664671.0577089786529541015625 HTTP/1.1" 200 6295 "https://ajhydell.com/wp-cron.php?doing_wp_cron=1625664671.0577089786529541015625" "WordPress/5.7.2; https://ajhydell.com"
134.122.1.233 - - [07/Jul/2021:09:31:10 -0400] "GET / HTTP/1.0" 200 103879 "-" "Mozilla/5.0 (compatible; NetcraftSurveyAgent/1.0; +info@netcraft.com)"
204.48.19.85 - - [07/Jul/2021:09:31:55 -0400] "POST /wp-cron.php?doing_wp_cron=1625664715.0736050605773925781250 HTTP/1.1" 200 6295 "https://ajhydell.com/wp-cron.php?doing_wp_cron=1625664715.0736050605773925781250" "WordPress/5.7.2; https://ajhydell.com"
70.36.15.82 - - [07/Jul/2021:09:31:55 -0400] "POST /wp-login.php HTTP/1.1" 503 24797 "-" "Mozilla/5.0 (Windows NT 6.1; WOW64) AppleWebKit/537.36 (KHTML, like Gecko) Chrome/63.0.3239.132 Safari/537.36"
204.48.19.85 - - [07/Jul/2021:09:32:19 -0400] "POST /wp-cron.php?doing_wp_cron=1625664739.9406991004943847656250 HTTP/1.1" 200 6295 "https://ajhydell.com/wp-cron.php?doing_wp_cron=1625664739.9406991004943847656250" "WordPress/5.7.2; https://ajhydell.com"
185.191.171.20 - - [07/Jul/2021:09:32:19 -0400] "GET /robots.txt HTTP/1.1" 200 6480 "-" "Mozilla/5.0 (compatible; SemrushBot/7~bl; +http://www.semrush.com/bot.html)"
185.191.171.37 - - [07/Jul/2021:09:32:20 -0400] "GET /2019/01/24/king-george-v-meets-a-child-miner-in-sunderland-england-1911-806-x-1024/ HTTP/1.1" 200 19042 "-" "Mozilla/5.0 (compatible; SemrushBot/7~bl; +http://www.semrush.com/bot.html)"
204.48.19.85 - - [07/Jul/2021:09:32:33 -0400] "POST /wp-cron.php?doing_wp_cron=1625664753.0312399864196777343750 HTTP/1.1" 200 6295 "https://ajhydell.com/wp-cron.php?doing_wp_cron=1625664753.0312399864196777343750" "WordPress/5.7.2; https://ajhydell.com"
114.119.143.210 - - [07/Jul/2021:09:32:32 -0400] "GET /2020/03/13/japanese-soldiers-stand-in-attention-during-sunrise-in-wuchang-wuhan-china-1938-colourised-by-julius-jaaskelainen/ HTTP/1.1" 200 18595 "-" "Mozilla/5.0 (Linux; Android 7.0;) AppleWebKit/537.36 (KHTML, like Gecko) Mobile Safari/537.36 (compatible; PetalBot;+https://webmaster.petalsearch.com/site/petalbot)"
204.48.19.85 - - [07/Jul/2021:09:33:19 -0400] "POST /wp-cron.php?doing_wp_cron=1625664799.0992350578308105468750 HTTP/1.1" 200 6295 "https://ajhydell.com/wp-cron.php?doing_wp_cron=1625664799.0992350578308105468750" "WordPress/5.7.2; https://ajhydell.com"
207.46.13.147 - - [07/Jul/2021:09:33:19 -0400] "GET /2018/11/07/my-great-grandfather-on-left-in-a-trench-bunker-during-wwi-in-galicia-1917-1055x916/ HTTP/1.1" 200 18722 "-" "Mozilla/5.0 (compatible; bingbot/2.0; +http://www.bing.com/bingbot.htm)"
115.132.5.28 - - [07/Jul/2021:09:33:34 -0400] "GET /wp-content/uploads/2020/04/picture-85-611x1024.jpg HTTP/1.1" 200 126758 "https://yandex.com/images/search?url=https%3A%2F%2Favatars.mds.yandex.net%2Fget-images-cbir%2F1513772%2FOAl2z3hanEiuE3EH3THWyA3435%2Forig&rpt=imageview&cbir_id=1513772%2FOAl2z3hanEiuE3EH3THWyA3435&cbir_page=similar" "Mozilla/5.0 (Windows NT 6.3; Win64; x64; rv:80.0) Gecko/20100101 Firefox/80.0"
114.119.151.146 - - [07/Jul/2021:09:33:43 -0400] "GET /2020/07/24/to-the-east-1941-to-the-west-1944-by-russian-artist-viktor-deni-denisov-ussr-1944/ HTTP/1.1" 200 18525 "-" "Mozilla/5.0 (Linux; Android 7.0;) AppleWebKit/537.36 (KHTML, like Gecko) Mobile Safari/537.36 (compatible; PetalBot;+https://webmaster.petalsearch.com/site/petalbot)"
204.48.19.85 - - [07/Jul/2021:09:33:45 -0400] "POST /wp-cron.php?doing_wp_cron=1625664825.1686480045318603515625 HTTP/1.1" 200 6295 "https://ajhydell.com/wp-cron.php?doing_wp_cron=1625664825.1686480045318603515625" "WordPress/5.7.2; https://ajhydell.com"
157.55.39.62 - - [07/Jul/2021:09:33:45 -0400] "GET /2020/03/04/smithsonian-snapshot-amelia-earharts-transatlantic-record-airplane-a-lockheed-vega-5b-1932/ HTTP/1.1" 200 20290 "-" "Mozilla/5.0 (compatible; bingbot/2.0; +http://www.bing.com/bingbot.htm)"
204.48.19.85 - - [07/Jul/2021:09:35:30 -0400] "POST /wp-cron.php?doing_wp_cron=1625664930.4967141151428222656250 HTTP/1.1" 200 6295 "https://ajhydell.com/wp-cron.php?doing_wp_cron=1625664930.4967141151428222656250" "WordPress/5.7.2; https://ajhydell.com"
114.119.143.168 - - [07/Jul/2021:09:35:30 -0400] "GET /2020/05/21/ HTTP/1.1" 200 18078 "-" "Mozilla/5.0 (Linux; Android 7.0;) AppleWebKit/537.36 (KHTML, like Gecko) Mobile Safari/537.36 (compatible; PetalBot;+https://webmaster.petalsearch.com/site/petalbot)"
54.36.148.117 - - [07/Jul/2021:09:35:34 -0400] "GET /2019/10/20/flight-simulator-ii-sublogic-1984/ HTTP/1.1" 200 19100 "-" "Mozilla/5.0 (compatible; AhrefsBot/7.0; +http://ahrefs.com/robot/)"
204.48.19.85 - - [07/Jul/2021:09:37:18 -0400] "POST /wp-cron.php?doing_wp_cron=1625665038.4436249732971191406250 HTTP/1.1" 200 6295 "https://ajhydell.com/wp-cron.php?doing_wp_cron=1625665038.4436249732971191406250" "WordPress/5.7.2; https://ajhydell.com"
114.119.147.211 - - [07/Jul/2021:09:37:18 -0400] "GET /page/50/ HTTP/1.1" 200 20592 "-" "Mozilla/5.0 (Linux; Android 7.0;) AppleWebKit/537.36 (KHTML, like Gecko) Mobile Safari/537.36 (compatible; PetalBot;+https://webmaster.petalsearch.com/site/petalbot)"
204.48.19.85 - - [07/Jul/2021:09:38:08 -0400] "POST /wp-cron.php?doing_wp_cron=1625665088.5044760704040527343750 HTTP/1.1" 200 6295 "https://ajhydell.com/wp-cron.php?doing_wp_cron=1625665088.5044760704040527343750" "WordPress/5.7.2; https://ajhydell.com"
207.46.13.137 - - [07/Jul/2021:09:38:08 -0400] "GET /2021/05/10/us-troops-pose-on-a-captured-german-railway-gun/ HTTP/1.1" 200 18587 "-" "Mozilla/5.0 (compatible; bingbot/2.0; +http://www.bing.com/bingbot.htm)"
193.0.216.10 - - [07/Jul/2021:09:38:16 -0400] "GET //wp-includes/wlwmanifest.xml HTTP/1.1" 400 5562 "-" "Mozilla/5.0 (Windows NT 10.0; Win64; x64) AppleWebKit/537.36 (KHTML, like Gecko) Chrome/88.0.4240.193 Safari/537.36"
204.48.19.85 - - [07/Jul/2021:09:39:39 -0400] "POST /wp-cron.php?doing_wp_cron=1625665179.0420539379119873046875 HTTP/1.1" 200 6295 "https://ajhydell.com/wp-cron.php?doing_wp_cron=1625665179.0420539379119873046875" "WordPress/5.7.2; https://ajhydell.com"
66.249.70.112 - - [07/Jul/2021:09:39:38 -0400] "GET /feed/ HTTP/1.1" 200 8613 "-" "Mozilla/5.0 (compatible; Googlebot/2.1; +http://www.google.com/bot.html)"
204.48.19.85 - - [07/Jul/2021:09:40:03 -0400] "POST /wp-cron.php?doing_wp_cron=1625665202.9933249950408935546875 HTTP/1.1" 200 6295 "https://ajhydell.com/wp-cron.php?doing_wp_cron=1625665202.9933249950408935546875" "WordPress/5.7.2; https://ajhydell.com"
114.119.143.210 - - [07/Jul/2021:09:40:02 -0400] "GET /2020/11/11 HTTP/1.1" 301 5717 "-" "Mozilla/5.0 (Linux; Android 7.0;) AppleWebKit/537.36 (KHTML, like Gecko) Mobile Safari/537.36 (compatible; PetalBot;+https://webmaster.petalsearch.com/site/petalbot)"
114.119.143.210 - - [07/Jul/2021:09:40:03 -0400] "GET /2020/11/11/ HTTP/1.1" 200 13176 "-" "Mozilla/5.0 (Linux; Android 7.0;) AppleWebKit/537.36 (KHTML, like Gecko) Mobile Safari/537.36 (compatible; PetalBot;+https://webmaster.petalsearch.com/site/petalbot)"
54.36.148.117 - - [07/Jul/2021:09:40:36 -0400] "GET /2019/01/14/the-marine-and-the-kitten-korean-war-1952-credit-marine-corps-archives-1150x1442/ HTTP/1.1" 200 19183 "-" "Mozilla/5.0 (compatible; AhrefsBot/7.0; +http://ahrefs.com/robot/)"
204.48.19.85 - - [07/Jul/2021:09:41:46 -0400] "POST /wp-cron.php?doing_wp_cron=1625665306.8230929374694824218750 HTTP/1.1" 200 6295 "https://ajhydell.com/wp-cron.php?doing_wp_cron=1625665306.8230929374694824218750" "WordPress/5.7.2; https://ajhydell.com"
114.119.151.93 - - [07/Jul/2021:09:41:46 -0400] "GET /2019/04/02/lysol-1922-to-1957-at-its-peak-for-female-hygiene-many-women-died-and-many-used-this-a-birth-control/ HTTP/1.1" 200 18647 "-" "Mozilla/5.0 (Linux; Android 7.0;) AppleWebKit/537.36 (KHTML, like Gecko) Mobile Safari/537.36 (compatible; PetalBot;+https://webmaster.petalsearch.com/site/petalbot)"
204.48.19.85 - - [07/Jul/2021:09:42:51 -0400] "POST /wp-cron.php?doing_wp_cron=1625665371.0847129821777343750000 HTTP/1.1" 200 6295 "https://ajhydell.com/wp-cron.php?doing_wp_cron=1625665371.0847129821777343750000" "WordPress/5.7.2; https://ajhydell.com"
114.119.143.210 - - [07/Jul/2021:09:42:51 -0400] "GET /2019/11/14/nuclear-war-remade-soviet-union-1980s/ HTTP/1.1" 200 18477 "-" "Mozilla/5.0 (Linux; Android 7.0;) AppleWebKit/537.36 (KHTML, like Gecko) Mobile Safari/537.36 (compatible; PetalBot;+https://webmaster.petalsearch.com/site/petalbot)"
204.48.19.85 - - [07/Jul/2021:09:43:56 -0400] "POST /wp-cron.php?doing_wp_cron=1625665436.7135810852050781250000 HTTP/1.1" 200 6295 "https://ajhydell.com/wp-cron.php?doing_wp_cron=1625665436.7135810852050781250000" "WordPress/5.7.2; https://ajhydell.com"
185.191.171.34 - - [07/Jul/2021:09:43:56 -0400] "GET /2021/04/15/happy-birthday-claudia-cardinale-she-is-a-tunisian-born-italian-film-actress-who-starred-in-some-of-the-most-acclaimed-european-films-of-the-1960s-and-1970s-mainly-italian-or-french-but-also-in-ma/ HTTP/1.1" 200 19467 "-" "Mozilla/5.0 (compatible; SemrushBot/7~bl; +http://www.semrush.com/bot.html)"
204.48.19.85 - - [07/Jul/2021:09:44:47 -0400] "POST /wp-cron.php?doing_wp_cron=1625665487.9472529888153076171875 HTTP/1.1" 200 6295 "https://ajhydell.com/wp-cron.php?doing_wp_cron=1625665487.9472529888153076171875" "WordPress/5.7.2; https://ajhydell.com"
114.119.143.168 - - [07/Jul/2021:09:44:47 -0400] "GET /2020/10/17/american-architecture-date-unknown HTTP/1.1" 301 5797 "-" "Mozilla/5.0 (Linux; Android 7.0;) AppleWebKit/537.36 (KHTML, like Gecko) Mobile Safari/537.36 (compatible; PetalBot;+https://webmaster.petalsearch.com/site/petalbot)"
114.119.143.168 - - [07/Jul/2021:09:45:00 -0400] "GET /2020/10/17/american-architecture-date-unknown/ HTTP/1.1" 200 13268 "-" "Mozilla/5.0 (Linux; Android 7.0;) AppleWebKit/537.36 (KHTML, like Gecko) Mobile Safari/537.36 (compatible; PetalBot;+https://webmaster.petalsearch.com/site/petalbot)"
54.36.148.117 - - [07/Jul/2021:09:45:43 -0400] "GET /2019/10/30/october-29th-1929-the-last-day-of-the-stock-market-crash-that-would-become-known-as-black-tuesday/ HTTP/1.1" 200 19153 "-" "Mozilla/5.0 (compatible; AhrefsBot/7.0; +http://ahrefs.com/robot/)"
204.48.19.85 - - [07/Jul/2021:09:46:33 -0400] "POST /wp-cron.php?doing_wp_cron=1625665593.0818450450897216796875 HTTP/1.1" 200 6295 "https://ajhydell.com/wp-cron.php?doing_wp_cron=1625665593.0818450450897216796875" "WordPress/5.7.2; https://ajhydell.com"
85.14.240.146 - - [07/Jul/2021:09:46:33 -0400] "POST /wp-login.php HTTP/1.1" 503 24797 "-" "Mozilla/5.0 (Windows NT 6.1) AppleWebKit/537.36 (KHTML, like Gecko) Chrome/59.0.3071.115 Safari/537.36"
204.48.19.85 - - [07/Jul/2021:09:46:53 -0400] "POST /wp-cron.php?doing_wp_cron=1625665613.0311601161956787109375 HTTP/1.1" 200 6295 "https://ajhydell.com/wp-cron.php?doing_wp_cron=1625665613.0311601161956787109375" "WordPress/5.7.2; https://ajhydell.com"
114.119.132.183 - - [07/Jul/2021:09:46:52 -0400] "GET /2020/10/30/the-american-nazis-nearly-1000-uniformed-men-wearing-swastika-arm-bands-and-carrying-nazi-banners-parade-past-a-reviewing-stand-in-new-jersey-on-july-18-1937/ HTTP/1.1" 200 18647 "-" "Mozilla/5.0 (Linux; Android 7.0;) AppleWebKit/537.36 (KHTML, like Gecko) Mobile Safari/537.36 (compatible; PetalBot;+https://webmaster.petalsearch.com/site/petalbot)"
204.48.19.85 - - [07/Jul/2021:09:47:59 -0400] "POST /wp-cron.php?doing_wp_cron=1625665679.8753139972686767578125 HTTP/1.1" 200 6295 "https://ajhydell.com/wp-cron.php?doing_wp_cron=1625665679.8753139972686767578125" "WordPress/5.7.2; https://ajhydell.com"
23.99.196.200 - - [07/Jul/2021:09:47:59 -0400] "GET /2019/08/24/charlie-chaplin-c-1916/ HTTP/1.1" 200 18931 "-" "-"
204.48.19.85 - - [07/Jul/2021:09:48:49 -0400] "POST /wp-cron.php?doing_wp_cron=1625665729.4467880725860595703125 HTTP/1.1" 200 6295 "https://ajhydell.com/wp-cron.php?doing_wp_cron=1625665729.4467880725860595703125" "WordPress/5.7.2; https://ajhydell.com"
207.46.13.54 - - [07/Jul/2021:09:48:49 -0400] "GET /2020/07/05/a-destroyed-panzer-iv-left-over-from-the-battle-of-narva-along-the-tannenberg-line-1949/ HTTP/1.1" 200 18663 "-" "Mozilla/5.0 (compatible; bingbot/2.0; +http://www.bing.com/bingbot.htm)"
204.48.19.85 - - [07/Jul/2021:09:50:41 -0400] "POST /wp-cron.php?doing_wp_cron=1625665841.0094120502471923828125 HTTP/1.1" 200 6295 "https://ajhydell.com/wp-cron.php?doing_wp_cron=1625665841.0094120502471923828125" "WordPress/5.7.2; https://ajhydell.com"
5.255.253.148 - - [07/Jul/2021:09:50:40 -0400] "GET /robots.txt HTTP/1.1" 200 6535 "-" "Mozilla/5.0 (compatible; YandexBot/3.0; +http://yandex.com/bots)"
5.255.253.148 - - [07/Jul/2021:09:50:44 -0400] "GET /2019/01/31/this-day-47-years-ago-british-troops-opened-fire-on-unarmed-catholic-civil-rights-protestors-killing-14-people-30-january-1972-derry-northern-ireland-620x349/ HTTP/1.1" 200 13315 "-" "Mozilla/5.0 (compatible; YandexBot/3.0; +http://yandex.com/bots)"
204.48.19.85 - - [07/Jul/2021:09:50:47 -0400] "POST /wp-cron.php?doing_wp_cron=1625665847.3133230209350585937500 HTTP/1.1" 200 6295 "https://ajhydell.com/wp-cron.php?doing_wp_cron=1625665847.3133230209350585937500" "WordPress/5.7.2; https://ajhydell.com"
54.36.148.117 - - [07/Jul/2021:09:50:47 -0400] "GET /2021/04/07/ HTTP/1.1" 200 19077 "-" "Mozilla/5.0 (compatible; AhrefsBot/7.0; +http://ahrefs.com/robot/)"
114.119.147.211 - - [07/Jul/2021:09:50:54 -0400] "GET /2020/01/23/the-minister-of-munitions-winston-churchill-watching-the-march-past-of-the-47th-2nd-london-division-in-the-grande-place-lille-in-front-of-him-is-the-divisions-not-yet-well-known-and-young-chie HTTP/1.1" 301 5955 "-" "Mozilla/5.0 (Linux; Android 7.0;) AppleWebKit/537.36 (KHTML, like Gecko) Mobile Safari/537.36 (compatible; PetalBot;+https://webmaster.petalsearch.com/site/petalbot)"
114.119.147.211 - - [07/Jul/2021:09:50:55 -0400] "GET /2020/01/23/the-minister-of-munitions-winston-churchill-watching-the-march-past-of-the-47th-2nd-london-division-in-the-grande-place-lille-in-front-of-him-is-the-divisions-not-yet-well-known-and-young-chie/ HTTP/1.1" 200 13629 "-" "Mozilla/5.0 (Linux; Android 7.0;) AppleWebKit/537.36 (KHTML, like Gecko) Mobile Safari/537.36 (compatible; PetalBot;+https://webmaster.petalsearch.com/site/petalbot)"
204.48.19.85 - - [07/Jul/2021:09:54:24 -0400] "POST /wp-cron.php?doing_wp_cron=1625666064.8683149814605712890625 HTTP/1.1" 200 6295 "https://ajhydell.com/wp-cron.php?doing_wp_cron=1625666064.8683149814605712890625" "WordPress/5.7.2; https://ajhydell.com"
114.119.156.206 - - [07/Jul/2021:09:54:24 -0400] "GET /2020/11/29/powerhouse-mechanic-and-steam-pump-1920 HTTP/1.1" 301 5802 "-" "Mozilla/5.0 (Linux; Android 7.0;) AppleWebKit/537.36 (KHTML, like Gecko) Mobile Safari/537.36 (compatible; PetalBot;+https://webmaster.petalsearch.com/site/petalbot)"
114.119.156.206 - - [07/Jul/2021:09:54:25 -0400] "GET /2020/11/29/powerhouse-mechanic-and-steam-pump-1920/ HTTP/1.1" 200 13225 "-" "Mozilla/5.0 (Linux; Android 7.0;) AppleWebKit/537.36 (KHTML, like Gecko) Mobile Safari/537.36 (compatible; PetalBot;+https://webmaster.petalsearch.com/site/petalbot)"
204.48.19.85 - - [07/Jul/2021:09:55:14 -0400] "POST /wp-cron.php?doing_wp_cron=1625666114.7956790924072265625000 HTTP/1.1" 200 6295 "https://ajhydell.com/wp-cron.php?doing_wp_cron=1625666114.7956790924072265625000" "WordPress/5.7.2; https://ajhydell.com"
207.46.13.113 - - [07/Jul/2021:09:55:14 -0400] "GET /2021/03/28/jews-making-matzo-in-the-lodz-ghetto-1943-733x500/ HTTP/1.1" 200 18611 "-" "Mozilla/5.0 (compatible; bingbot/2.0; +http://www.bing.com/bingbot.htm)"
192.53.170.243 - - [07/Jul/2021:09:55:35 -0400] "GET / HTTP/1.1" 200 20265 "-" "Mozilla/5.0 (Windows NT 10.0; Win64; x64) AppleWebKit/537.36 (KHTML, like Gecko) Chrome/60.0.3112.113 Safari/537.36"
204.48.19.85 - - [07/Jul/2021:09:56:41 -0400] "POST /wp-cron.php?doing_wp_cron=1625666201.1124229431152343750000 HTTP/1.1" 200 6295 "https://ajhydell.com/wp-cron.php?doing_wp_cron=1625666201.1124229431152343750000" "WordPress/5.7.2; https://ajhydell.com"
