204.48.19.85 - - [29/Jun/2021:00:00:22 -0400] "POST /?wordfence_syncAttackData=1624939222.5418 HTTP/1.1" 200 5468 "https://ajhydell.com/?wordfence_syncAttackData=1624939222.5418" "WordPress/5.7.2; https://ajhydell.com"
212.192.241.205 - - [29/Jun/2021:00:00:23 -0400] "GET /old-ajhydell/xmlrpc.php HTTP/1.1" 403 17269 "www.google.com" "Mozlila/5.0 (Linux; Android 7.0; SM-G892A Bulid/NRD90M; wv) AppleWebKit/537.36 (KHTML, like Gecko) Version/4.0 Chrome/60.0.3112.107 Moblie Safari/537.36"
195.201.58.104 - - [29/Jun/2021:00:00:21 -0400] "GET /feed/ HTTP/1.1" 200 7049 "-" "AwarioRssBot/1.0 (+https://awario.com/bots.html; bots@awario.com)"
204.48.19.85 - - [29/Jun/2021:00:00:22 -0400] "POST /wp-cron.php?doing_wp_cron=1624939222.7552978992462158203125 HTTP/1.1" 200 5463 "https://ajhydell.com/wp-cron.php?doing_wp_cron=1624939222.7552978992462158203125" "WordPress/5.7.2; https://ajhydell.com"
212.192.241.205 - - [29/Jun/2021:00:00:50 -0400] "GET /Old-ajhydell/xmlrpc.php HTTP/1.1" 403 17269 "www.google.com" "Mozlila/5.0 (Linux; Android 7.0; SM-G892A Bulid/NRD90M; wv) AppleWebKit/537.36 (KHTML, like Gecko) Version/4.0 Chrome/60.0.3112.107 Moblie Safari/537.36"
204.48.19.85 - - [29/Jun/2021:00:01:21 -0400] "POST /?wordfence_syncAttackData=1624939281.795 HTTP/1.1" 200 5468 "https://ajhydell.com/?wordfence_syncAttackData=1624939281.795" "WordPress/5.7.2; https://ajhydell.com"
204.48.19.85 - - [29/Jun/2021:00:01:21 -0400] "POST /wp-cron.php?doing_wp_cron=1624939281.9259259700775146484375 HTTP/1.1" 200 5463 "https://ajhydell.com/wp-cron.php?doing_wp_cron=1624939281.9259259700775146484375" "WordPress/5.7.2; https://ajhydell.com"
54.36.149.36 - - [29/Jun/2021:00:01:21 -0400] "GET /2019/02/03/l-a-river-drag-racing-in-the-1950s-under-the-old-6th-st-bridge/ HTTP/1.1" 200 18017 "-" "Mozilla/5.0 (compatible; AhrefsBot/7.0; +http://ahrefs.com/robot/)"
185.191.171.25 - - [29/Jun/2021:00:01:24 -0400] "GET /2020/10/16/mcdonalds-november-1974-student-body/ HTTP/1.1" 200 18009 "-" "Mozilla/5.0 (compatible; SemrushBot/7~bl; +http://www.semrush.com/bot.html)"
212.192.241.205 - - [29/Jun/2021:00:01:31 -0400] "GET /OLD-ajhydell/xmlrpc.php HTTP/1.1" 403 17269 "www.google.com" "Mozlila/5.0 (Linux; Android 7.0; SM-G892A Bulid/NRD90M; wv) AppleWebKit/537.36 (KHTML, like Gecko) Version/4.0 Chrome/60.0.3112.107 Moblie Safari/537.36"
212.192.241.205 - - [29/Jun/2021:00:01:52 -0400] "GET /ajhydell_OLD/xmlrpc.php HTTP/1.1" 403 17269 "www.google.com" "Mozlila/5.0 (Linux; Android 7.0; SM-G892A Bulid/NRD90M; wv) AppleWebKit/537.36 (KHTML, like Gecko) Version/4.0 Chrome/60.0.3112.107 Moblie Safari/537.36"
212.192.241.205 - - [29/Jun/2021:00:02:17 -0400] "GET /ajhydell_Old/xmlrpc.php HTTP/1.1" 403 17269 "www.google.com" "Mozlila/5.0 (Linux; Android 7.0; SM-G892A Bulid/NRD90M; wv) AppleWebKit/537.36 (KHTML, like Gecko) Version/4.0 Chrome/60.0.3112.107 Moblie Safari/537.36"
204.48.19.85 - - [29/Jun/2021:00:02:30 -0400] "POST /?wordfence_syncAttackData=1624939350.7988 HTTP/1.1" 200 5468 "https://ajhydell.com/?wordfence_syncAttackData=1624939350.7988" "WordPress/5.7.2; https://ajhydell.com"
204.48.19.85 - - [29/Jun/2021:00:02:30 -0400] "POST /wp-cron.php?doing_wp_cron=1624939350.8834629058837890625000 HTTP/1.1" 200 5463 "https://ajhydell.com/wp-cron.php?doing_wp_cron=1624939350.8834629058837890625000" "WordPress/5.7.2; https://ajhydell.com"
207.46.13.80 - - [29/Jun/2021:00:02:30 -0400] "GET /2021/06/21/gmc-cckw-2-1-2-ton-6x6-truck-converted-to-serve-as-a-spectacle-workshop-some-15-of-us-soldiers-used-glasses/feed/ HTTP/1.1" 200 5996 "-" "Mozilla/5.0 (compatible; bingbot/2.0; +http://www.bing.com/bingbot.htm)"
173.252.127.22 - - [29/Jun/2021:00:02:34 -0400] "GET /wp-content/uploads/2021/04/picture-68.jpg HTTP/1.1" 200 69985 "-" "facebookexternalhit/1.1 (+http://www.facebook.com/externalhit_uatext.php)"
173.252.107.10 - - [29/Jun/2021:00:02:35 -0400] "GET /2021/03/16/a-native-american-mother-and-her-child-1900s-1200x1500/ HTTP/1.1" 206 18070 "-" "facebookexternalhit/1.1 (+http://www.facebook.com/externalhit_uatext.php)"
173.252.107.116 - - [29/Jun/2021:00:02:36 -0400] "GET /2021/03/29/israeli-soldier-taking-a-glass-of-water-from-the-jordan-river-after-the-six-day-war-on-his-left-arm-is-a-serial-number-from-the-holocaust-july-1967-606x612/ HTTP/1.1" 206 18305 "-" "facebookexternalhit/1.1 (+http://www.facebook.com/externalhit_uatext.php)"
212.192.241.205 - - [29/Jun/2021:00:02:36 -0400] "GET /ajhydell_Backup/xmlrpc.php HTTP/1.1" 403 17269 "www.google.com" "Mozlila/5.0 (Linux; Android 7.0; SM-G892A Bulid/NRD90M; wv) AppleWebKit/537.36 (KHTML, like Gecko) Version/4.0 Chrome/60.0.3112.107 Moblie Safari/537.36"
66.220.149.46 - - [29/Jun/2021:00:02:37 -0400] "GET /wp-content/uploads/2021/03/picture-133.jpg HTTP/1.1" 200 60344 "-" "facebookexternalhit/1.1 (+http://www.facebook.com/externalhit_uatext.php)"
66.220.149.55 - - [29/Jun/2021:00:02:37 -0400] "GET /wp-content/uploads/2021/03/picture-78.jpg HTTP/1.1" 200 247575 "-" "facebookexternalhit/1.1 (+http://www.facebook.com/externalhit_uatext.php)"
212.192.241.205 - - [29/Jun/2021:00:03:12 -0400] "GET /backup_old/xmlrpc.php HTTP/1.1" 403 17269 "www.google.com" "Mozlila/5.0 (Linux; Android 7.0; SM-G892A Bulid/NRD90M; wv) AppleWebKit/537.36 (KHTML, like Gecko) Version/4.0 Chrome/60.0.3112.107 Moblie Safari/537.36"
204.48.19.85 - - [29/Jun/2021:00:03:26 -0400] "POST /?wordfence_syncAttackData=1624939406.2472 HTTP/1.1" 200 5468 "https://ajhydell.com/?wordfence_syncAttackData=1624939406.2472" "WordPress/5.7.2; https://ajhydell.com"
173.252.107.23 - - [29/Jun/2021:00:03:26 -0400] "GET /2021/04/22/rommel-at-hanstholm-denmark-in-december-1943-during-his-first-inspection-of-the-atlantic-wall/ HTTP/1.1" 206 18167 "-" "facebookexternalhit/1.1 (+http://www.facebook.com/externalhit_uatext.php)"
173.252.107.15 - - [29/Jun/2021:00:03:26 -0400] "GET /2021/04/01/george-blind-member-of-the-french-resistance-smiling-at-a-german-firing-squad-1944-1599x1160/ HTTP/1.1" 206 18187 "-" "facebookexternalhit/1.1 (+http://www.facebook.com/externalhit_uatext.php)"
173.252.107.23 - - [29/Jun/2021:00:03:26 -0400] "GET /2021/04/01/george-blind-member-of-the-french-resistance-smiling-at-a-german-firing-squad-1944-1599x1160/ HTTP/1.1" 206 18187 "-" "facebookexternalhit/1.1 (+http://www.facebook.com/externalhit_uatext.php)"
204.48.19.85 - - [29/Jun/2021:00:03:26 -0400] "POST /?wordfence_syncAttackData=1624939406.2474 HTTP/1.1" 200 19276 "https://ajhydell.com/?wordfence_syncAttackData=1624939406.2474" "WordPress/5.7.2; https://ajhydell.com"
173.252.107.5 - - [29/Jun/2021:00:03:26 -0400] "GET /2021/04/22/high-school-photo-of-bettie-page-before-her-pin-up-days/ HTTP/1.1" 206 18071 "-" "facebookexternalhit/1.1 (+http://www.facebook.com/externalhit_uatext.php)"
173.252.107.15 - - [29/Jun/2021:00:03:26 -0400] "GET /2021/04/14/a-navy-photographer-snapped-this-photograph-of-the-japanese-attack-on-pearl-harbor-in-hawaii-on-december-7-1941-just-as-the-uss-shaw-exploded/ HTTP/1.1" 206 18312 "-" "facebookexternalhit/1.1 (+http://www.facebook.com/externalhit_uatext.php)"
204.48.19.85 - - [29/Jun/2021:00:03:26 -0400] "POST /?wordfence_syncAttackData=1624939406.2793 HTTP/1.1" 200 19276 "https://ajhydell.com/?wordfence_syncAttackData=1624939406.2793" "WordPress/5.7.2; https://ajhydell.com"
173.252.107.10 - - [29/Jun/2021:00:03:26 -0400] "GET /2021/04/06/survivors-of-1972-of-the-infamous-andes-plane-crash-the-passengers-resorted-to-cannibalism-to-survive-72-days-in-the-snow-634-x-414/ HTTP/1.1" 206 18221 "-" "facebookexternalhit/1.1 (+http://www.facebook.com/externalhit_uatext.php)"
204.48.19.85 - - [29/Jun/2021:00:03:26 -0400] "POST /wp-cron.php?doing_wp_cron=1624939406.3586449623107910156250 HTTP/1.1" 200 5463 "https://ajhydell.com/wp-cron.php?doing_wp_cron=1624939406.3586449623107910156250" "WordPress/5.7.2; https://ajhydell.com"
173.252.107.17 - - [29/Jun/2021:00:03:26 -0400] "GET /2021/04/06/survivors-of-1972-of-the-infamous-andes-plane-crash-the-passengers-resorted-to-cannibalism-to-survive-72-days-in-the-snow-634-x-414/ HTTP/1.1" 206 18221 "-" "facebookexternalhit/1.1 (+http://www.facebook.com/externalhit_uatext.php)"
212.192.241.205 - - [29/Jun/2021:00:03:33 -0400] "GET /wp/xmlrpc.php HTTP/1.1" 403 17269 "www.google.com" "Mozlila/5.0 (Linux; Android 7.0; SM-G892A Bulid/NRD90M; wv) AppleWebKit/537.36 (KHTML, like Gecko) Version/4.0 Chrome/60.0.3112.107 Moblie Safari/537.36"
98.171.120.78 - - [29/Jun/2021:00:03:36 -0400] "GET /wp-content/uploads/2020/05/picture-40-768x737.jpg HTTP/1.1" 200 196991 "https://www.bing.com/" "Mozilla/5.0 (Windows NT 10.0; Win64; x64) AppleWebKit/537.36 (KHTML, like Gecko) Chrome/91.0.4472.114 Safari/537.36 Edg/91.0.864.59"
204.48.19.85 - - [29/Jun/2021:00:03:49 -0400] "POST /?wordfence_syncAttackData=1624939429.0021 HTTP/1.1" 200 5468 "https://ajhydell.com/?wordfence_syncAttackData=1624939429.0021" "WordPress/5.7.2; https://ajhydell.com"
204.48.19.85 - - [29/Jun/2021:00:03:49 -0400] "POST /wp-cron.php?doing_wp_cron=1624939429.0734701156616210937500 HTTP/1.1" 200 5463 "https://ajhydell.com/wp-cron.php?doing_wp_cron=1624939429.0734701156616210937500" "WordPress/5.7.2; https://ajhydell.com"
54.36.149.36 - - [29/Jun/2021:00:03:48 -0400] "GET /2019/03/29/forward-torpedo-tubes-of-gato-class-submarine-uss-cero-ss-225-during-a-simulated-torpedo-attack-while-at-the-groton-connecticut-submarine-base-in-august-1943-photographed-by-lieutenant-commande/ HTTP/1.1" 200 18366 "-" "Mozilla/5.0 (compatible; AhrefsBot/7.0; +http://ahrefs.com/robot/)"
212.192.241.205 - - [29/Jun/2021:00:03:54 -0400] "GET /WP/xmlrpc.php HTTP/1.1" 403 17269 "www.google.com" "Mozlila/5.0 (Linux; Android 7.0; SM-G892A Bulid/NRD90M; wv) AppleWebKit/537.36 (KHTML, like Gecko) Version/4.0 Chrome/60.0.3112.107 Moblie Safari/537.36"
212.192.241.205 - - [29/Jun/2021:00:04:28 -0400] "GET /Wp/xmlrpc.php HTTP/1.1" 403 17269 "www.google.com" "Mozlila/5.0 (Linux; Android 7.0; SM-G892A Bulid/NRD90M; wv) AppleWebKit/537.36 (KHTML, like Gecko) Version/4.0 Chrome/60.0.3112.107 Moblie Safari/537.36"
212.192.241.205 - - [29/Jun/2021:00:04:59 -0400] "GET /Wp1/xmlrpc.php HTTP/1.1" 403 17269 "www.google.com" "Mozlila/5.0 (Linux; Android 7.0; SM-G892A Bulid/NRD90M; wv) AppleWebKit/537.36 (KHTML, like Gecko) Version/4.0 Chrome/60.0.3112.107 Moblie Safari/537.36"
212.192.241.205 - - [29/Jun/2021:00:05:18 -0400] "GET /wp1/xmlrpc.php HTTP/1.1" 403 17269 "www.google.com" "Mozlila/5.0 (Linux; Android 7.0; SM-G892A Bulid/NRD90M; wv) AppleWebKit/537.36 (KHTML, like Gecko) Version/4.0 Chrome/60.0.3112.107 Moblie Safari/537.36"
204.48.19.85 - - [29/Jun/2021:00:05:33 -0400] "POST /?wordfence_syncAttackData=1624939533.8814 HTTP/1.1" 200 5468 "https://ajhydell.com/?wordfence_syncAttackData=1624939533.8814" "WordPress/5.7.2; https://ajhydell.com"
204.48.19.85 - - [29/Jun/2021:00:05:33 -0400] "POST /wp-cron.php?doing_wp_cron=1624939533.9638340473175048828125 HTTP/1.1" 200 232 "http://ajhydell.com/wp-cron.php?doing_wp_cron=1624939533.9638340473175048828125" "WordPress/5.7.2; https://ajhydell.com"
118.184.177.68 - - [29/Jun/2021:00:05:33 -0400] "GET / HTTP/1.1" 301 306 "-" "Sogou web spider/4.0(+http://www.sogou.com/docs/help/webmasters.htm#07)"
118.184.177.68 - - [29/Jun/2021:00:05:34 -0400] "GET / HTTP/1.1" 200 19225 "-" "Sogou web spider/4.0(+http://www.sogou.com/docs/help/webmasters.htm#07)"
5.255.231.130 - - [29/Jun/2021:00:05:37 -0400] "GET /2020/02/09/a-british-soldier-dresses-the-wounds-of-a-german-prisoner-near-bernafay-wood-july-19-1916-1600-x-1179px/ HTTP/1.1" 200 18202 "-" "Mozilla/5.0 (compatible; YandexBot/3.0; +http://yandex.com/bots)"
212.192.241.205 - - [29/Jun/2021:00:05:39 -0400] "GET /WP1/xmlrpc.php HTTP/1.1" 403 17269 "www.google.com" "Mozlila/5.0 (Linux; Android 7.0; SM-G892A Bulid/NRD90M; wv) AppleWebKit/537.36 (KHTML, like Gecko) Version/4.0 Chrome/60.0.3112.107 Moblie Safari/537.36"
212.192.241.205 - - [29/Jun/2021:00:06:06 -0400] "GET /wp2/xmlrpc.php HTTP/1.1" 403 17269 "www.google.com" "Mozlila/5.0 (Linux; Android 7.0; SM-G892A Bulid/NRD90M; wv) AppleWebKit/537.36 (KHTML, like Gecko) Version/4.0 Chrome/60.0.3112.107 Moblie Safari/537.36"
204.48.19.85 - - [29/Jun/2021:00:06:20 -0400] "POST /?wordfence_syncAttackData=1624939580.5186 HTTP/1.1" 200 5468 "https://ajhydell.com/?wordfence_syncAttackData=1624939580.5186" "WordPress/5.7.2; https://ajhydell.com"
204.48.19.85 - - [29/Jun/2021:00:06:20 -0400] "POST /wp-cron.php?doing_wp_cron=1624939580.5985209941864013671875 HTTP/1.1" 200 5463 "https://ajhydell.com/wp-cron.php?doing_wp_cron=1624939580.5985209941864013671875" "WordPress/5.7.2; https://ajhydell.com"
54.36.148.127 - - [29/Jun/2021:00:06:20 -0400] "GET /2019/03/28/knockout-board-game-commercial-1992/ HTTP/1.1" 200 17823 "-" "Mozilla/5.0 (compatible; AhrefsBot/7.0; +http://ahrefs.com/robot/)"
212.192.241.205 - - [29/Jun/2021:00:06:33 -0400] "GET /Wp2/xmlrpc.php HTTP/1.1" 403 17269 "www.google.com" "Mozlila/5.0 (Linux; Android 7.0; SM-G892A Bulid/NRD90M; wv) AppleWebKit/537.36 (KHTML, like Gecko) Version/4.0 Chrome/60.0.3112.107 Moblie Safari/537.36"
212.192.241.205 - - [29/Jun/2021:00:07:06 -0400] "GET /wordpress/xmlrpc.php HTTP/1.1" 403 17269 "www.google.com" "Mozlila/5.0 (Linux; Android 7.0; SM-G892A Bulid/NRD90M; wv) AppleWebKit/537.36 (KHTML, like Gecko) Version/4.0 Chrome/60.0.3112.107 Moblie Safari/537.36"
204.48.19.85 - - [29/Jun/2021:00:07:11 -0400] "POST /?wordfence_syncAttackData=1624939631.3132 HTTP/1.1" 200 5468 "https://ajhydell.com/?wordfence_syncAttackData=1624939631.3132" "WordPress/5.7.2; https://ajhydell.com"
204.48.19.85 - - [29/Jun/2021:00:07:11 -0400] "POST /wp-cron.php?doing_wp_cron=1624939631.3971130847930908203125 HTTP/1.1" 200 5463 "https://ajhydell.com/wp-cron.php?doing_wp_cron=1624939631.3971130847930908203125" "WordPress/5.7.2; https://ajhydell.com"
185.191.171.21 - - [29/Jun/2021:00:07:11 -0400] "GET /2020/10/30/happy-night-a-good-square-meal-1957/ HTTP/1.1" 200 17999 "-" "Mozilla/5.0 (compatible; SemrushBot/7~bl; +http://www.semrush.com/bot.html)"
66.249.79.18 - - [29/Jun/2021:00:07:22 -0400] "GET /wp-content/uploads/2021/04/picture-6.jpg HTTP/1.1" 200 96792 "-" "Googlebot-Image/1.0"
212.192.241.205 - - [29/Jun/2021:00:07:41 -0400] "GET /WordPress/xmlrpc.php HTTP/1.1" 403 17269 "www.google.com" "Mozlila/5.0 (Linux; Android 7.0; SM-G892A Bulid/NRD90M; wv) AppleWebKit/537.36 (KHTML, like Gecko) Version/4.0 Chrome/60.0.3112.107 Moblie Safari/537.36"
204.48.19.85 - - [29/Jun/2021:00:07:42 -0400] "POST /?wordfence_syncAttackData=1624939662.3605 HTTP/1.1" 200 5468 "https://ajhydell.com/?wordfence_syncAttackData=1624939662.3605" "WordPress/5.7.2; https://ajhydell.com"
42.192.184.76 - - [29/Jun/2021:00:07:42 -0400] "GET / HTTP/1.1" 200 19697 "-" "Mozilla/5.0 (Linux; Android 10; LIO-AN00 Build/HUAWEILIO-AN00; wv) AppleWebKit/537.36 (KHTML, like Gecko) Version/4.0 Chrome/78.0.3904.62 XWEB/2692 MMWEBSDK/200901 Mobile Safari/537.36"
204.48.19.85 - - [29/Jun/2021:00:07:50 -0400] "POST /wp-cron.php?doing_wp_cron=1624939670.0623099803924560546875 HTTP/1.1" 200 5463 "https://ajhydell.com/wp-cron.php?doing_wp_cron=1624939670.0623099803924560546875" "WordPress/5.7.2; https://ajhydell.com"
34.219.233.193 - - [29/Jun/2021:00:07:50 -0400] "GET / HTTP/1.1" 200 19678 "-" "Mozilla/5.0 (X11; Linux x86_64) AppleWebKit/537.36 (KHTML, like Gecko) Chrome/83.0.4103.97 Safari/537.36"
212.192.241.205 - - [29/Jun/2021:00:08:10 -0400] "GET /WORDPRESS/xmlrpc.php HTTP/1.1" 403 17269 "www.google.com" "Mozlila/5.0 (Linux; Android 7.0; SM-G892A Bulid/NRD90M; wv) AppleWebKit/537.36 (KHTML, like Gecko) Version/4.0 Chrome/60.0.3112.107 Moblie Safari/537.36"
212.192.241.205 - - [29/Jun/2021:00:08:44 -0400] "GET /wp-admin/xmlrpc.php HTTP/1.1" 403 17269 "www.google.com" "Mozlila/5.0 (Linux; Android 7.0; SM-G892A Bulid/NRD90M; wv) AppleWebKit/537.36 (KHTML, like Gecko) Version/4.0 Chrome/60.0.3112.107 Moblie Safari/537.36"
204.48.19.85 - - [29/Jun/2021:00:08:46 -0400] "POST /?wordfence_syncAttackData=1624939726.4707 HTTP/1.1" 200 5468 "https://ajhydell.com/?wordfence_syncAttackData=1624939726.4707" "WordPress/5.7.2; https://ajhydell.com"
204.48.19.85 - - [29/Jun/2021:00:08:46 -0400] "POST /wp-cron.php?doing_wp_cron=1624939726.5469200611114501953125 HTTP/1.1" 200 5463 "https://ajhydell.com/wp-cron.php?doing_wp_cron=1624939726.5469200611114501953125" "WordPress/5.7.2; https://ajhydell.com"
54.36.148.238 - - [29/Jun/2021:00:08:46 -0400] "GET /2020/09/21/ad-for-goobers-ragtime-in-plattsburgh-ny-september-11-1980/ HTTP/1.1" 200 18124 "-" "Mozilla/5.0 (compatible; AhrefsBot/7.0; +http://ahrefs.com/robot/)"
212.192.241.205 - - [29/Jun/2021:00:09:05 -0400] "GET /blog/xmlrpc.php HTTP/1.1" 403 17269 "www.google.com" "Mozlila/5.0 (Linux; Android 7.0; SM-G892A Bulid/NRD90M; wv) AppleWebKit/537.36 (KHTML, like Gecko) Version/4.0 Chrome/60.0.3112.107 Moblie Safari/537.36"
212.192.241.205 - - [29/Jun/2021:00:09:51 -0400] "GET /Blog/xmlrpc.php HTTP/1.1" 403 17269 "www.google.com" "Mozlila/5.0 (Linux; Android 7.0; SM-G892A Bulid/NRD90M; wv) AppleWebKit/537.36 (KHTML, like Gecko) Version/4.0 Chrome/60.0.3112.107 Moblie Safari/537.36"
212.192.241.205 - - [29/Jun/2021:00:10:27 -0400] "GET /new/xmlrpc.php HTTP/1.1" 403 17269 "www.google.com" "Mozlila/5.0 (Linux; Android 7.0; SM-G892A Bulid/NRD90M; wv) AppleWebKit/537.36 (KHTML, like Gecko) Version/4.0 Chrome/60.0.3112.107 Moblie Safari/537.36"
204.48.19.85 - - [29/Jun/2021:00:10:37 -0400] "POST /?wordfence_syncAttackData=1624939837.878 HTTP/1.1" 200 5468 "https://ajhydell.com/?wordfence_syncAttackData=1624939837.878" "WordPress/5.7.2; https://ajhydell.com"
204.48.19.85 - - [29/Jun/2021:00:10:37 -0400] "POST /wp-cron.php?doing_wp_cron=1624939837.9560070037841796875000 HTTP/1.1" 200 5463 "https://ajhydell.com/wp-cron.php?doing_wp_cron=1624939837.9560070037841796875000" "WordPress/5.7.2; https://ajhydell.com"
185.191.171.5 - - [29/Jun/2021:00:10:37 -0400] "GET /2018/10/31/pardon-my-back-but-it-shows-the-cleaning-jobs-i-do-the-clorox-co-1973/ HTTP/1.1" 200 18172 "-" "Mozilla/5.0 (compatible; SemrushBot/7~bl; +http://www.semrush.com/bot.html)"
185.191.171.23 - - [29/Jun/2021:00:10:39 -0400] "GET /2020/12/21/stop-him-1943/ HTTP/1.1" 200 17981 "-" "Mozilla/5.0 (compatible; SemrushBot/7~bl; +http://www.semrush.com/bot.html)"
212.192.241.205 - - [29/Jun/2021:00:11:08 -0400] "GET /New/xmlrpc.php HTTP/1.1" 403 17269 "www.google.com" "Mozlila/5.0 (Linux; Android 7.0; SM-G892A Bulid/NRD90M; wv) AppleWebKit/537.36 (KHTML, like Gecko) Version/4.0 Chrome/60.0.3112.107 Moblie Safari/537.36"
204.48.19.85 - - [29/Jun/2021:00:11:09 -0400] "POST /?wordfence_syncAttackData=1624939869.2244 HTTP/1.1" 200 5468 "https://ajhydell.com/?wordfence_syncAttackData=1624939869.2244" "WordPress/5.7.2; https://ajhydell.com"
204.48.19.85 - - [29/Jun/2021:00:11:09 -0400] "POST /wp-cron.php?doing_wp_cron=1624939869.3010969161987304687500 HTTP/1.1" 200 5463 "https://ajhydell.com/wp-cron.php?doing_wp_cron=1624939869.3010969161987304687500" "WordPress/5.7.2; https://ajhydell.com"
207.46.13.151 - - [29/Jun/2021:00:11:09 -0400] "GET /2019/11/01/a-sherman-with-an-octopus-attachment-north-africa-1943/ HTTP/1.1" 200 17687 "-" "Mozilla/5.0 (compatible; bingbot/2.0; +http://www.bing.com/bingbot.htm)"
54.36.149.36 - - [29/Jun/2021:00:11:12 -0400] "GET /2019/01/29/british-tourist-arrives-in-sudan-africa-in-1936-826-x-619/ HTTP/1.1" 200 18005 "-" "Mozilla/5.0 (compatible; AhrefsBot/7.0; +http://ahrefs.com/robot/)"
212.192.241.205 - - [29/Jun/2021:00:11:42 -0400] "GET /NEW/xmlrpc.php HTTP/1.1" 403 17269 "www.google.com" "Mozlila/5.0 (Linux; Android 7.0; SM-G892A Bulid/NRD90M; wv) AppleWebKit/537.36 (KHTML, like Gecko) Version/4.0 Chrome/60.0.3112.107 Moblie Safari/537.36"
212.192.241.205 - - [29/Jun/2021:00:12:11 -0400] "GET /old/xmlrpc.php HTTP/1.1" 403 17269 "www.google.com" "Mozlila/5.0 (Linux; Android 7.0; SM-G892A Bulid/NRD90M; wv) AppleWebKit/537.36 (KHTML, like Gecko) Version/4.0 Chrome/60.0.3112.107 Moblie Safari/537.36"
212.192.241.205 - - [29/Jun/2021:00:12:38 -0400] "GET /Old/xmlrpc.php HTTP/1.1" 403 17269 "www.google.com" "Mozlila/5.0 (Linux; Android 7.0; SM-G892A Bulid/NRD90M; wv) AppleWebKit/537.36 (KHTML, like Gecko) Version/4.0 Chrome/60.0.3112.107 Moblie Safari/537.36"
212.192.241.205 - - [29/Jun/2021:00:13:07 -0400] "GET /OLD/xmlrpc.php HTTP/1.1" 403 17269 "www.google.com" "Mozlila/5.0 (Linux; Android 7.0; SM-G892A Bulid/NRD90M; wv) AppleWebKit/537.36 (KHTML, like Gecko) Version/4.0 Chrome/60.0.3112.107 Moblie Safari/537.36"
204.48.19.85 - - [29/Jun/2021:00:13:25 -0400] "POST /?wordfence_syncAttackData=1624940005.0059 HTTP/1.1" 200 5468 "https://ajhydell.com/?wordfence_syncAttackData=1624940005.0059" "WordPress/5.7.2; https://ajhydell.com"
204.48.19.85 - - [29/Jun/2021:00:13:25 -0400] "POST /wp-cron.php?doing_wp_cron=1624940005.0885279178619384765625 HTTP/1.1" 200 5463 "https://ajhydell.com/wp-cron.php?doing_wp_cron=1624940005.0885279178619384765625" "WordPress/5.7.2; https://ajhydell.com"
185.191.171.25 - - [29/Jun/2021:00:13:24 -0400] "GET /2021/04/02/harry-hudec-of-the-82nd-airborne-stands-ready-for-a-combat-jump-in-1944-wounded-in-normandy-he-was-hidden-away-and-cared-for-by-french-farmers-they-remained-lifelong-friends-and-he-returned-to-visi/ HTTP/1.1" 200 18510 "-" "Mozilla/5.0 (compatible; SemrushBot/7~bl; +http://www.semrush.com/bot.html)"
212.192.241.205 - - [29/Jun/2021:00:13:35 -0400] "GET /demo/xmlrpc.php HTTP/1.1" 403 17269 "www.google.com" "Mozlila/5.0 (Linux; Android 7.0; SM-G892A Bulid/NRD90M; wv) AppleWebKit/537.36 (KHTML, like Gecko) Version/4.0 Chrome/60.0.3112.107 Moblie Safari/537.36"
204.48.19.85 - - [29/Jun/2021:00:13:41 -0400] "POST /?wordfence_syncAttackData=1624940021.8889 HTTP/1.1" 200 5468 "https://ajhydell.com/?wordfence_syncAttackData=1624940021.8889" "WordPress/5.7.2; https://ajhydell.com"
54.36.148.135 - - [29/Jun/2021:00:13:41 -0400] "GET /2018/10/21/night-witches/ HTTP/1.1" 200 17942 "-" "Mozilla/5.0 (compatible; AhrefsBot/7.0; +http://ahrefs.com/robot/)"
212.192.241.205 - - [29/Jun/2021:00:13:56 -0400] "GET /demo1/xmlrpc.php HTTP/1.1" 403 17269 "www.google.com" "Mozlila/5.0 (Linux; Android 7.0; SM-G892A Bulid/NRD90M; wv) AppleWebKit/537.36 (KHTML, like Gecko) Version/4.0 Chrome/60.0.3112.107 Moblie Safari/537.36"
212.192.241.205 - - [29/Jun/2021:00:14:34 -0400] "GET /DEMO/xmlrpc.php HTTP/1.1" 403 17269 "www.google.com" "Mozlila/5.0 (Linux; Android 7.0; SM-G892A Bulid/NRD90M; wv) AppleWebKit/537.36 (KHTML, like Gecko) Version/4.0 Chrome/60.0.3112.107 Moblie Safari/537.36"
212.192.241.205 - - [29/Jun/2021:00:15:07 -0400] "GET /backup/xmlrpc.php HTTP/1.1" 403 17269 "www.google.com" "Mozlila/5.0 (Linux; Android 7.0; SM-G892A Bulid/NRD90M; wv) AppleWebKit/537.36 (KHTML, like Gecko) Version/4.0 Chrome/60.0.3112.107 Moblie Safari/537.36"
212.192.241.205 - - [29/Jun/2021:00:15:40 -0400] "GET /Backup/xmlrpc.php HTTP/1.1" 403 17269 "www.google.com" "Mozlila/5.0 (Linux; Android 7.0; SM-G892A Bulid/NRD90M; wv) AppleWebKit/537.36 (KHTML, like Gecko) Version/4.0 Chrome/60.0.3112.107 Moblie Safari/537.36"
204.48.19.85 - - [29/Jun/2021:00:16:01 -0400] "POST /?wordfence_syncAttackData=1624940161.1569 HTTP/1.1" 200 5468 "https://ajhydell.com/?wordfence_syncAttackData=1624940161.1569" "WordPress/5.7.2; https://ajhydell.com"
204.48.19.85 - - [29/Jun/2021:00:16:01 -0400] "POST /wp-cron.php?doing_wp_cron=1624940161.2352380752563476562500 HTTP/1.1" 200 5463 "https://ajhydell.com/wp-cron.php?doing_wp_cron=1624940161.2352380752563476562500" "WordPress/5.7.2; https://ajhydell.com"
66.249.79.16 - - [29/Jun/2021:00:16:01 -0400] "GET /feed/ HTTP/1.1" 200 7655 "-" "Mozilla/5.0 (compatible; Googlebot/2.1; +http://www.google.com/bot.html)"
54.36.149.19 - - [29/Jun/2021:00:16:09 -0400] "GET /2020/05/24/frida-kahlo-posing-with-one-of-her-xoloitzcuintles-1944-800-x-882/ HTTP/1.1" 200 18011 "-" "Mozilla/5.0 (compatible; AhrefsBot/7.0; +http://ahrefs.com/robot/)"
212.192.241.205 - - [29/Jun/2021:00:16:11 -0400] "GET /BackUp/xmlrpc.php HTTP/1.1" 403 17269 "www.google.com" "Mozlila/5.0 (Linux; Android 7.0; SM-G892A Bulid/NRD90M; wv) AppleWebKit/537.36 (KHTML, like Gecko) Version/4.0 Chrome/60.0.3112.107 Moblie Safari/537.36"
212.192.241.205 - - [29/Jun/2021:00:16:59 -0400] "GET /BACKUP/xmlrpc.php HTTP/1.1" 403 17269 "www.google.com" "Mozlila/5.0 (Linux; Android 7.0; SM-G892A Bulid/NRD90M; wv) AppleWebKit/537.36 (KHTML, like Gecko) Version/4.0 Chrome/60.0.3112.107 Moblie Safari/537.36"
212.192.241.205 - - [29/Jun/2021:00:17:20 -0400] "GET /backup_Old/xmlrpc.php HTTP/1.1" 403 17269 "www.google.com" "Mozlila/5.0 (Linux; Android 7.0; SM-G892A Bulid/NRD90M; wv) AppleWebKit/537.36 (KHTML, like Gecko) Version/4.0 Chrome/60.0.3112.107 Moblie Safari/537.36"
212.192.241.205 - - [29/Jun/2021:00:17:48 -0400] "GET /Backup_new/xmlrpc.php HTTP/1.1" 403 17269 "www.google.com" "Mozlila/5.0 (Linux; Android 7.0; SM-G892A Bulid/NRD90M; wv) AppleWebKit/537.36 (KHTML, like Gecko) Version/4.0 Chrome/60.0.3112.107 Moblie Safari/537.36"
212.192.241.205 - - [29/Jun/2021:00:18:19 -0400] "GET /backup_new/xmlrpc.php HTTP/1.1" 403 17269 "www.google.com" "Mozlila/5.0 (Linux; Android 7.0; SM-G892A Bulid/NRD90M; wv) AppleWebKit/537.36 (KHTML, like Gecko) Version/4.0 Chrome/60.0.3112.107 Moblie Safari/537.36"
204.48.19.85 - - [29/Jun/2021:00:18:36 -0400] "POST /?wordfence_syncAttackData=1624940316.9895 HTTP/1.1" 200 5468 "https://ajhydell.com/?wordfence_syncAttackData=1624940316.9895" "WordPress/5.7.2; https://ajhydell.com"
204.48.19.85 - - [29/Jun/2021:00:18:37 -0400] "POST /wp-cron.php?doing_wp_cron=1624940317.0650510787963867187500 HTTP/1.1" 200 5463 "https://ajhydell.com/wp-cron.php?doing_wp_cron=1624940317.0650510787963867187500" "WordPress/5.7.2; https://ajhydell.com"
159.89.224.103 - - [29/Jun/2021:00:18:36 -0400] "POST /wp-login.php HTTP/1.1" 200 8030 "-" "Mozilla/5.0 (Windows NT 10.0; Win64; x64) AppleWebKit/537.36 (KHTML, like Gecko) Chrome/54.0.2840.99 Safari/537.36"
212.192.241.205 - - [29/Jun/2021:00:18:40 -0400] "GET /backup-old/xmlrpc.php HTTP/1.1" 403 17269 "www.google.com" "Mozlila/5.0 (Linux; Android 7.0; SM-G892A Bulid/NRD90M; wv) AppleWebKit/537.36 (KHTML, like Gecko) Version/4.0 Chrome/60.0.3112.107 Moblie Safari/537.36"
204.48.19.85 - - [29/Jun/2021:00:18:42 -0400] "POST /wp-cron.php?doing_wp_cron=1624940322.5827260017395019531250 HTTP/1.1" 200 5463 "https://ajhydell.com/wp-cron.php?doing_wp_cron=1624940322.5827260017395019531250" "WordPress/5.7.2; https://ajhydell.com"
54.36.148.195 - - [29/Jun/2021:00:18:42 -0400] "GET /2019/08/28/ HTTP/1.1" 200 17729 "-" "Mozilla/5.0 (compatible; AhrefsBot/7.0; +http://ahrefs.com/robot/)"
212.192.241.205 - - [29/Jun/2021:00:19:00 -0400] "GET /test/xmlrpc.php HTTP/1.1" 403 17269 "www.google.com" "Mozlila/5.0 (Linux; Android 7.0; SM-G892A Bulid/NRD90M; wv) AppleWebKit/537.36 (KHTML, like Gecko) Version/4.0 Chrome/60.0.3112.107 Moblie Safari/537.36"
212.192.241.205 - - [29/Jun/2021:00:19:26 -0400] "GET /home/xmlrpc.php HTTP/1.1" 403 17269 "www.google.com" "Mozlila/5.0 (Linux; Android 7.0; SM-G892A Bulid/NRD90M; wv) AppleWebKit/537.36 (KHTML, like Gecko) Version/4.0 Chrome/60.0.3112.107 Moblie Safari/537.36"
204.48.19.85 - - [29/Jun/2021:00:19:40 -0400] "POST /?wordfence_syncAttackData=1624940380.2341 HTTP/1.1" 200 5468 "https://ajhydell.com/?wordfence_syncAttackData=1624940380.2341" "WordPress/5.7.2; https://ajhydell.com"
204.48.19.85 - - [29/Jun/2021:00:19:40 -0400] "POST /wp-cron.php?doing_wp_cron=1624940380.3133571147918701171875 HTTP/1.1" 200 5463 "https://ajhydell.com/wp-cron.php?doing_wp_cron=1624940380.3133571147918701171875" "WordPress/5.7.2; https://ajhydell.com"
207.46.13.80 - - [29/Jun/2021:00:19:40 -0400] "GET /2020/10/24/war-is-hell-finnish-soldier-looks-on-at-the-burning-town-of-karelia-russia-1944/ HTTP/1.1" 200 17592 "-" "Mozilla/5.0 (compatible; bingbot/2.0; +http://www.bing.com/bingbot.htm)"
212.192.241.205 - - [29/Jun/2021:00:19:46 -0400] "GET /Home/xmlrpc.php HTTP/1.1" 403 17269 "www.google.com" "Mozlila/5.0 (Linux; Android 7.0; SM-G892A Bulid/NRD90M; wv) AppleWebKit/537.36 (KHTML, like Gecko) Version/4.0 Chrome/60.0.3112.107 Moblie Safari/537.36"
212.192.241.205 - - [29/Jun/2021:00:20:08 -0400] "GET /site/xmlrpc.php HTTP/1.1" 403 17269 "www.google.com" "Mozlila/5.0 (Linux; Android 7.0; SM-G892A Bulid/NRD90M; wv) AppleWebKit/537.36 (KHTML, like Gecko) Version/4.0 Chrome/60.0.3112.107 Moblie Safari/537.36"
204.48.19.85 - - [29/Jun/2021:00:20:14 -0400] "POST /?wordfence_syncAttackData=1624940414.6205 HTTP/1.1" 200 5468 "https://ajhydell.com/?wordfence_syncAttackData=1624940414.6205" "WordPress/5.7.2; https://ajhydell.com"
204.48.19.85 - - [29/Jun/2021:00:20:14 -0400] "POST /wp-cron.php?doing_wp_cron=1624940414.7122340202331542968750 HTTP/1.1" 200 5463 "https://ajhydell.com/wp-cron.php?doing_wp_cron=1624940414.7122340202331542968750" "WordPress/5.7.2; https://ajhydell.com"
157.55.39.22 - - [29/Jun/2021:00:20:14 -0400] "GET /2021/06/21/our-honor-is-faith-norwegian-waffen-ss-recruitment-poster-1940s-artist-harald-damsleth/feed/ HTTP/1.1" 200 5975 "-" "Mozilla/5.0 (compatible; bingbot/2.0; +http://www.bing.com/bingbot.htm)"
212.192.241.205 - - [29/Jun/2021:00:20:42 -0400] "GET /web/xmlrpc.php HTTP/1.1" 403 17269 "www.google.com" "Mozlila/5.0 (Linux; Android 7.0; SM-G892A Bulid/NRD90M; wv) AppleWebKit/537.36 (KHTML, like Gecko) Version/4.0 Chrome/60.0.3112.107 Moblie Safari/537.36"
212.192.241.205 - - [29/Jun/2021:00:21:08 -0400] "GET /Web/xmlrpc.php HTTP/1.1" 403 17269 "www.google.com" "Mozlila/5.0 (Linux; Android 7.0; SM-G892A Bulid/NRD90M; wv) AppleWebKit/537.36 (KHTML, like Gecko) Version/4.0 Chrome/60.0.3112.107 Moblie Safari/537.36"
204.48.19.85 - - [29/Jun/2021:00:21:12 -0400] "POST /?wordfence_syncAttackData=1624940472.4303 HTTP/1.1" 200 5468 "https://ajhydell.com/?wordfence_syncAttackData=1624940472.4303" "WordPress/5.7.2; https://ajhydell.com"
204.48.19.85 - - [29/Jun/2021:00:21:12 -0400] "POST /wp-cron.php?doing_wp_cron=1624940472.5050189495086669921875 HTTP/1.1" 200 5463 "https://ajhydell.com/wp-cron.php?doing_wp_cron=1624940472.5050189495086669921875" "WordPress/5.7.2; https://ajhydell.com"
54.36.149.36 - - [29/Jun/2021:00:21:12 -0400] "GET /2019/11/12/rms-queen-elizabeth-returning-us-servicemen-to-new-york-in-1945-2560-x-3192/ HTTP/1.1" 200 18053 "-" "Mozilla/5.0 (compatible; AhrefsBot/7.0; +http://ahrefs.com/robot/)"
65.49.20.67 - - [29/Jun/2021:00:21:26 -0400] "GET / HTTP/1.1" 200 102289 "-" "-"
212.192.241.205 - - [29/Jun/2021:00:21:52 -0400] "GET /newsite/xmlrpc.php HTTP/1.1" 403 17269 "www.google.com" "Mozlila/5.0 (Linux; Android 7.0; SM-G892A Bulid/NRD90M; wv) AppleWebKit/537.36 (KHTML, like Gecko) Version/4.0 Chrome/60.0.3112.107 Moblie Safari/537.36"
212.192.241.205 - - [29/Jun/2021:00:22:13 -0400] "GET /oldsite/xmlrpc.php HTTP/1.1" 403 17269 "www.google.com" "Mozlila/5.0 (Linux; Android 7.0; SM-G892A Bulid/NRD90M; wv) AppleWebKit/537.36 (KHTML, like Gecko) Version/4.0 Chrome/60.0.3112.107 Moblie Safari/537.36"
212.192.241.205 - - [29/Jun/2021:00:22:35 -0400] "GET /staging/xmlrpc.php HTTP/1.1" 403 17269 "www.google.com" "Mozlila/5.0 (Linux; Android 7.0; SM-G892A Bulid/NRD90M; wv) AppleWebKit/537.36 (KHTML, like Gecko) Version/4.0 Chrome/60.0.3112.107 Moblie Safari/537.36"
212.192.241.205 - - [29/Jun/2021:00:22:56 -0400] "GET /2/xmlrpc.php HTTP/1.1" 403 17269 "www.google.com" "Mozlila/5.0 (Linux; Android 7.0; SM-G892A Bulid/NRD90M; wv) AppleWebKit/537.36 (KHTML, like Gecko) Version/4.0 Chrome/60.0.3112.107 Moblie Safari/537.36"
204.48.19.85 - - [29/Jun/2021:00:23:32 -0400] "POST /?wordfence_syncAttackData=1624940612.6219 HTTP/1.1" 200 5468 "https://ajhydell.com/?wordfence_syncAttackData=1624940612.6219" "WordPress/5.7.2; https://ajhydell.com"
204.48.19.85 - - [29/Jun/2021:00:23:32 -0400] "POST /wp-cron.php?doing_wp_cron=1624940612.7016799449920654296875 HTTP/1.1" 200 5463 "https://ajhydell.com/wp-cron.php?doing_wp_cron=1624940612.7016799449920654296875" "WordPress/5.7.2; https://ajhydell.com"
207.46.13.96 - - [29/Jun/2021:00:23:32 -0400] "GET /2018/09/15/cooks-of-the-2nd-australian-battalion-preparing-bully-beef-rissoles-for-the-evening-meal-ypres-wwi/ HTTP/1.1" 200 17811 "-" "Mozilla/5.0 (compatible; bingbot/2.0; +http://www.bing.com/bingbot.htm)"
204.48.19.85 - - [29/Jun/2021:00:23:46 -0400] "POST /wp-cron.php?doing_wp_cron=1624940626.5812358856201171875000 HTTP/1.1" 200 5463 "https://ajhydell.com/wp-cron.php?doing_wp_cron=1624940626.5812358856201171875000" "WordPress/5.7.2; https://ajhydell.com"
54.36.149.24 - - [29/Jun/2021:00:23:46 -0400] "GET /2021/04/22/queen-elizabeth-at-buckingham-palace-photograph-by-cecil-beaton-1942/ HTTP/1.1" 200 18211 "-" "Mozilla/5.0 (compatible; AhrefsBot/7.0; +http://ahrefs.com/robot/)"
207.46.13.120 - - [29/Jun/2021:00:24:01 -0400] "GET /2021/05/13/1947-jewish-refugees-arrive-in-palestine-with-a-banner-proclaiming-the-germans-destroyed-our-families-and-homes-dont-you-destroy-our-hopes-1125x603/ HTTP/1.1" 200 17890 "-" "Mozilla/5.0 (compatible; bingbot/2.0; +http://www.bing.com/bingbot.htm)"
185.191.171.42 - - [29/Jun/2021:00:24:25 -0400] "GET /2018/08/31/shabbat-service-lead-by-rabbi-herschel-schacter-for-the-newly-liberated-inmates-of-buchenwald-1945-1600x1246/ HTTP/1.1" 200 18166 "-" "Mozilla/5.0 (compatible; SemrushBot/7~bl; +http://www.semrush.com/bot.html)"
62.210.215.117 - - [29/Jun/2021:00:24:34 -0400] "GET /rss HTTP/1.1" 301 5593 "-" "Mozilla/5.0 (X11; Linux i686) AppleWebKit/537.36 (KHTML, like Gecko) Chrome/30.0.1599.66 Safari/537.36"
62.210.215.117 - - [29/Jun/2021:00:24:35 -0400] "GET /feed/ HTTP/1.1" 200 7920 "-" "Mozilla/5.0 (X11; Linux i686) AppleWebKit/537.36 (KHTML, like Gecko) Chrome/30.0.1599.66 Safari/537.36"
40.77.191.41 - - [29/Jun/2021:00:25:58 -0400] "GET /wp-content/themes/royal-magazine/js/skip-link-focus-fix.js?ver=20151215 HTTP/1.1" 200 6134 "https://ajhydell.com/2021/05/13/1947-jewish-refugees-arrive-in-palestine-with-a-banner-proclaiming-the-germans-destroyed-our-families-and-homes-dont-you-destroy-our-hopes-1125x603/" "Mozilla/5.0 (Windows NT 6.1; WOW64) AppleWebKit/534+ (KHTML, like Gecko) BingPreview/1.0b"
204.48.19.85 - - [29/Jun/2021:00:26:03 -0400] "POST /wp-cron.php?doing_wp_cron=1624940763.1044020652770996093750 HTTP/1.1" 200 5463 "https://ajhydell.com/wp-cron.php?doing_wp_cron=1624940763.1044020652770996093750" "WordPress/5.7.2; https://ajhydell.com"
40.77.191.41 - - [29/Jun/2021:00:26:03 -0400] "GET /?wordfence_lh=1&hid=372AD9AF3125A6FDA819D1B5031F0F36&r=0.7690068879723873 HTTP/1.1" 200 347 "https://ajhydell.com/2021/05/13/1947-jewish-refugees-arrive-in-palestine-with-a-banner-proclaiming-the-germans-destroyed-our-families-and-homes-dont-you-destroy-our-hopes-1125x603/" "Mozilla/5.0 (Windows NT 6.1; WOW64) AppleWebKit/534+ (KHTML, like Gecko) BingPreview/1.0b"
106.38.241.125 - - [29/Jun/2021:00:26:22 -0400] "-" 408 4730 "-" "-"
54.36.149.43 - - [29/Jun/2021:00:26:25 -0400] "GET /2018/10/21/home-sweet-home/ HTTP/1.1" 200 17829 "-" "Mozilla/5.0 (compatible; AhrefsBot/7.0; +http://ahrefs.com/robot/)"
97.107.140.60 - - [29/Jun/2021:00:26:27 -0400] "GET /feed/ HTTP/1.1" 200 12235 "-" "SerendeputyBot/0.8.6 (http://serendeputy.com/about/serendeputy-bot)"
198.74.56.254 - - [29/Jun/2021:00:26:32 -0400] "GET /robots.txt HTTP/1.1" 200 5027 "-" "SerendeputyBot/0.8.6 (http://serendeputy.com/about/serendeputy-bot)"
198.74.56.254 - - [29/Jun/2021:00:26:32 -0400] "GET /2021/06/28/tollund-man-a-dane-who-died-4-years-before-jesus-christ-was-born-his-body-was-discovered-in-1950-and-had-been-well-preserved-due-to-it-being-protected-by-several-layers-of-mud-2244x1983/ HTTP/1.1" 200 64708 "-" "SerendeputyBot/0.8.6 (http://serendeputy.com/about/serendeputy-bot)"
198.74.56.254 - - [29/Jun/2021:00:26:33 -0400] "GET /2021/06/29/protect-our-community-from-racist-rodents-anti-nazi-sticker-in-ireland-2016/ HTTP/1.1" 200 62763 "-" "SerendeputyBot/0.8.6 (http://serendeputy.com/about/serendeputy-bot)"
204.48.19.85 - - [29/Jun/2021:00:27:34 -0400] "POST /wp-cron.php?doing_wp_cron=1624940854.2972550392150878906250 HTTP/1.1" 200 5463 "https://ajhydell.com/wp-cron.php?doing_wp_cron=1624940854.2972550392150878906250" "WordPress/5.7.2; https://ajhydell.com"
54.236.1.11 - - [29/Jun/2021:00:27:34 -0400] "GET /2019/08/30/acme-markets-ad-from-1961/ HTTP/1.1" 200 17310 "-" "Mozilla/5.0 (compatible; Pinterestbot/1.0; +http://www.pinterest.com/bot.html)"
204.48.19.85 - - [29/Jun/2021:00:28:11 -0400] "POST /wp-cron.php?doing_wp_cron=1624940891.7559840679168701171875 HTTP/1.1" 200 5463 "https://ajhydell.com/wp-cron.php?doing_wp_cron=1624940891.7559840679168701171875" "WordPress/5.7.2; https://ajhydell.com"
185.191.171.10 - - [29/Jun/2021:00:28:11 -0400] "GET /2019/04/07/ HTTP/1.1" 200 17764 "-" "Mozilla/5.0 (compatible; SemrushBot/7~bl; +http://www.semrush.com/bot.html)"
204.48.19.85 - - [29/Jun/2021:00:29:02 -0400] "POST /wp-cron.php?doing_wp_cron=1624940942.2064609527587890625000 HTTP/1.1" 200 5463 "https://ajhydell.com/wp-cron.php?doing_wp_cron=1624940942.2064609527587890625000" "WordPress/5.7.2; https://ajhydell.com"
23.100.232.233 - - [29/Jun/2021:00:29:02 -0400] "GET /2020/06/01/the-body-of-a-tulsa-massacre-victim-lies-in-the-street-on-may-31-1921-352-x-595/ HTTP/1.1" 200 17301 "-" "Mozilla/5.0 (compatible; MSIE 9.0; Windows NT 6.1; Trident/5.0;  Trident/5.0)"
23.100.232.233 - - [29/Jun/2021:00:29:02 -0400] "GET /wp-content/plugins/add-expires-headers/cache/0/com/processed-header-f16a8d323e83e1bc1b76514e283fb81b7090a959.min.css HTTP/1.1" 200 52893 "https://ajhydell.com/2020/06/01/the-body-of-a-tulsa-massacre-victim-lies-in-the-street-on-may-31-1921-352-x-595/" "Mozilla/5.0 (compatible; MSIE 9.0; Windows NT 6.1; Trident/5.0;  Trident/5.0)"
23.100.232.233 - - [29/Jun/2021:00:29:02 -0400] "GET /wp-content/plugins/google-analytics-for-wordpress/assets/js/frontend-gtag.min.js?ver=7.17.0 HTTP/1.1" 200 3476 "https://ajhydell.com/2020/06/01/the-body-of-a-tulsa-massacre-victim-lies-in-the-street-on-may-31-1921-352-x-595/" "Mozilla/5.0 (compatible; MSIE 9.0; Windows NT 6.1; Trident/5.0;  Trident/5.0)"
23.100.232.233 - - [29/Jun/2021:00:29:02 -0400] "GET /wp-includes/js/jquery/jquery.min.js?ver=3.5.1 HTTP/1.1" 200 31550 "https://ajhydell.com/2020/06/01/the-body-of-a-tulsa-massacre-victim-lies-in-the-street-on-may-31-1921-352-x-595/" "Mozilla/5.0 (compatible; MSIE 9.0; Windows NT 6.1; Trident/5.0;  Trident/5.0)"
23.100.232.233 - - [29/Jun/2021:00:29:02 -0400] "GET /wp-includes/js/jquery/jquery-migrate.min.js?ver=3.3.2 HTTP/1.1" 200 4687 "https://ajhydell.com/2020/06/01/the-body-of-a-tulsa-massacre-victim-lies-in-the-street-on-may-31-1921-352-x-595/" "Mozilla/5.0 (compatible; MSIE 9.0; Windows NT 6.1; Trident/5.0;  Trident/5.0)"
23.100.232.233 - - [29/Jun/2021:00:29:02 -0400] "GET /wp-includes/js/wp-emoji-release.min.js?ver=5.7.2 HTTP/1.1" 200 5183 "https://ajhydell.com/2020/06/01/the-body-of-a-tulsa-massacre-victim-lies-in-the-street-on-may-31-1921-352-x-595/" "Mozilla/5.0 (compatible; MSIE 9.0; Windows NT 6.1; Trident/5.0;  Trident/5.0)"
23.100.232.233 - - [29/Jun/2021:00:29:02 -0400] "GET /wp-content/plugins/wp-smushit/app/assets/js/smush-lazy-load.min.js?ver=3.8.5 HTTP/1.1" 200 4207 "https://ajhydell.com/2020/06/01/the-body-of-a-tulsa-massacre-victim-lies-in-the-street-on-may-31-1921-352-x-595/" "Mozilla/5.0 (compatible; MSIE 9.0; Windows NT 6.1; Trident/5.0;  Trident/5.0)"
23.100.232.233 - - [29/Jun/2021:00:29:02 -0400] "GET /wp-content/themes/royal-magazine/js/navigation.js?ver=20151215 HTTP/1.1" 200 1349 "https://ajhydell.com/2020/06/01/the-body-of-a-tulsa-massacre-victim-lies-in-the-street-on-may-31-1921-352-x-595/" "Mozilla/5.0 (compatible; MSIE 9.0; Windows NT 6.1; Trident/5.0;  Trident/5.0)"
23.100.232.233 - - [29/Jun/2021:00:29:02 -0400] "GET /wp-content/themes/royal-magazine/js/skip-link-focus-fix.js?ver=20151215 HTTP/1.1" 200 933 "https://ajhydell.com/2020/06/01/the-body-of-a-tulsa-massacre-victim-lies-in-the-street-on-may-31-1921-352-x-595/" "Mozilla/5.0 (compatible; MSIE 9.0; Windows NT 6.1; Trident/5.0;  Trident/5.0)"
23.100.232.233 - - [29/Jun/2021:00:29:02 -0400] "GET /wp-content/themes/royal-magazine/assets/libraries/slick/js/slick.min.js?ver=5.7.2 HTTP/1.1" 200 10740 "https://ajhydell.com/2020/06/01/the-body-of-a-tulsa-massacre-victim-lies-in-the-street-on-may-31-1921-352-x-595/" "Mozilla/5.0 (compatible; MSIE 9.0; Windows NT 6.1; Trident/5.0;  Trident/5.0)"
23.100.232.233 - - [29/Jun/2021:00:29:02 -0400] "GET /wp-content/themes/royal-magazine/assets/libraries/marquee/jquery.marquee.js?ver=5.7.2 HTTP/1.1" 200 5103 "https://ajhydell.com/2020/06/01/the-body-of-a-tulsa-massacre-victim-lies-in-the-street-on-may-31-1921-352-x-595/" "Mozilla/5.0 (compatible; MSIE 9.0; Windows NT 6.1; Trident/5.0;  Trident/5.0)"
23.100.232.233 - - [29/Jun/2021:00:29:02 -0400] "GET /wp-content/themes/royal-magazine/assets/libraries/theiaStickySidebar/theia-sticky-sidebar.min.js?ver=5.7.2 HTTP/1.1" 200 2271 "https://ajhydell.com/2020/06/01/the-body-of-a-tulsa-massacre-victim-lies-in-the-street-on-may-31-1921-352-x-595/" "Mozilla/5.0 (compatible; MSIE 9.0; Windows NT 6.1; Trident/5.0;  Trident/5.0)"
23.100.232.233 - - [29/Jun/2021:00:29:02 -0400] "GET /wp-content/themes/royal-magazine/assets/twp/js/custom-script.js?ver=5.7.2 HTTP/1.1" 200 3023 "https://ajhydell.com/2020/06/01/the-body-of-a-tulsa-massacre-victim-lies-in-the-street-on-may-31-1921-352-x-595/" "Mozilla/5.0 (compatible; MSIE 9.0; Windows NT 6.1; Trident/5.0;  Trident/5.0)"
23.100.232.233 - - [29/Jun/2021:00:29:02 -0400] "GET /wp-content/themes/royal-magazine/assets/libraries/magnific-popup/jquery.magnific-popup.min.js?ver=5.7.2 HTTP/1.1" 200 7871 "https://ajhydell.com/2020/06/01/the-body-of-a-tulsa-massacre-victim-lies-in-the-street-on-may-31-1921-352-x-595/" "Mozilla/5.0 (compatible; MSIE 9.0; Windows NT 6.1; Trident/5.0;  Trident/5.0)"
23.100.232.233 - - [29/Jun/2021:00:29:02 -0400] "GET /wp-includes/js/wp-embed.min.js?ver=5.7.2 HTTP/1.1" 200 1221 "https://ajhydell.com/2020/06/01/the-body-of-a-tulsa-massacre-victim-lies-in-the-street-on-may-31-1921-352-x-595/" "Mozilla/5.0 (compatible; MSIE 9.0; Windows NT 6.1; Trident/5.0;  Trident/5.0)"
23.100.232.233 - - [29/Jun/2021:00:29:02 -0400] "GET /wp-content/plugins/facebook-pagelike-widget/fb.js?ver=1.0 HTTP/1.1" 200 821 "https://ajhydell.com/2020/06/01/the-body-of-a-tulsa-massacre-victim-lies-in-the-street-on-may-31-1921-352-x-595/" "Mozilla/5.0 (compatible; MSIE 9.0; Windows NT 6.1; Trident/5.0;  Trident/5.0)"
23.100.232.233 - - [29/Jun/2021:00:29:02 -0400] "GET /wp-content/themes/royal-magazine/assets/libraries/bootstrap/js/bootstrap.min.js?ver=5.7.2 HTTP/1.1" 200 10404 "https://ajhydell.com/2020/06/01/the-body-of-a-tulsa-massacre-victim-lies-in-the-street-on-may-31-1921-352-x-595/" "Mozilla/5.0 (compatible; MSIE 9.0; Windows NT 6.1; Trident/5.0;  Trident/5.0)"
54.36.149.36 - - [29/Jun/2021:00:29:13 -0400] "GET /2020/01/27/russian-soldiers-with-liberated-inmates-at-the-auschwitz-birkenau-concentration-camp-in-1945-5100-x-3423/ HTTP/1.1" 200 18113 "-" "Mozilla/5.0 (compatible; AhrefsBot/7.0; +http://ahrefs.com/robot/)"
207.46.13.80 - - [29/Jun/2021:00:29:34 -0400] "GET /2020/12/03/schlitz-oooh-that-kiss-9-18-1961/ HTTP/1.1" 200 17628 "-" "Mozilla/5.0 (compatible; bingbot/2.0; +http://www.bing.com/bingbot.htm)"
204.48.19.85 - - [29/Jun/2021:00:31:26 -0400] "POST /wp-cron.php?doing_wp_cron=1624941086.2226350307464599609375 HTTP/1.1" 200 5463 "https://ajhydell.com/wp-cron.php?doing_wp_cron=1624941086.2226350307464599609375" "WordPress/5.7.2; https://ajhydell.com"
5.45.207.95 - - [29/Jun/2021:00:31:26 -0400] "GET /robots.txt HTTP/1.1" 200 5703 "-" "Mozilla/5.0 (compatible; YandexBot/3.0; +http://yandex.com/bots)"
185.191.171.43 - - [29/Jun/2021:00:31:26 -0400] "GET /2018/10/21/jack-lemmon-in-1967s-luv-photographed-by-bob-willoughby/ HTTP/1.1" 200 18031 "-" "Mozilla/5.0 (compatible; SemrushBot/7~bl; +http://www.semrush.com/bot.html)"
213.180.203.79 - - [29/Jun/2021:00:31:30 -0400] "GET /2020/03/17/ HTTP/1.1" 200 17757 "-" "Mozilla/5.0 (compatible; YandexBot/3.0; +http://yandex.com/bots)"
54.36.149.36 - - [29/Jun/2021:00:31:39 -0400] "GET /2020/03/13/famous-american-childrens-author-theodor-seuss-geisel-dr-seuss-1903-1991/ HTTP/1.1" 200 18116 "-" "Mozilla/5.0 (compatible; AhrefsBot/7.0; +http://ahrefs.com/robot/)"
204.48.19.85 - - [29/Jun/2021:00:32:04 -0400] "POST /wp-cron.php?doing_wp_cron=1624941124.2723660469055175781250 HTTP/1.1" 200 5463 "https://ajhydell.com/wp-cron.php?doing_wp_cron=1624941124.2723660469055175781250" "WordPress/5.7.2; https://ajhydell.com"
34.236.144.67 - - [29/Jun/2021:00:32:04 -0400] "HEAD / HTTP/1.1" 200 4883 "-" "scalaj-http/2.4.2"
34.236.144.67 - - [29/Jun/2021:00:32:04 -0400] "GET / HTTP/1.1" 200 19140 "-" "Buck/2.2; (+https://app.hypefactors.com/media-monitoring/about.html)"
34.236.144.67 - - [29/Jun/2021:00:32:05 -0400] "GET /robots.txt HTTP/1.1" 200 5069 "-" "Buck/2.2; (+https://app.hypefactors.com/media-monitoring/about.html)"
185.191.171.42 - - [29/Jun/2021:00:32:08 -0400] "GET /2020/03/17/some-jagdtigers-being-unloaded/ HTTP/1.1" 200 18218 "-" "Mozilla/5.0 (compatible; SemrushBot/7~bl; +http://www.semrush.com/bot.html)"
34.236.144.67 - - [29/Jun/2021:00:32:36 -0400] "GET /feed/ HTTP/1.1" 200 7356 "-" "Buck/2.2; (+https://app.hypefactors.com/media-monitoring/about.html)"
34.236.144.67 - - [29/Jun/2021:00:32:36 -0400] "GET /sitemap_index.xml HTTP/1.1" 200 5382 "-" "Buck/2.2; (+https://app.hypefactors.com/media-monitoring/about.html)"
34.236.144.67 - - [29/Jun/2021:00:32:36 -0400] "GET /sitemap.xml HTTP/1.1" 200 5745 "-" "Buck/2.2; (+https://app.hypefactors.com/media-monitoring/about.html)"
34.236.144.67 - - [29/Jun/2021:00:32:37 -0400] "GET /sitemap-pt-post-2021-06.xml HTTP/1.1" 200 12345 "-" "Buck/2.2; (+https://app.hypefactors.com/media-monitoring/about.html)"
207.46.13.96 - - [29/Jun/2021:00:33:31 -0400] "GET /wp-content/uploads/2020/12/picture-69-768x1004.jpg HTTP/1.1" 200 163865 "-" "Mozilla/5.0 (compatible; bingbot/2.0; +http://www.bing.com/bingbot.htm)"
204.48.19.85 - - [29/Jun/2021:00:34:14 -0400] "POST /wp-cron.php?doing_wp_cron=1624941254.9452788829803466796875 HTTP/1.1" 200 5463 "https://ajhydell.com/wp-cron.php?doing_wp_cron=1624941254.9452788829803466796875" "WordPress/5.7.2; https://ajhydell.com"
54.36.148.168 - - [29/Jun/2021:00:34:14 -0400] "GET /2019/01/31/finnish-soldiers-and-german-waffen-ss-volunteers-on-a-rail-cart-in-kiestinki-karelia-22-august-1941/ HTTP/1.1" 200 18236 "-" "Mozilla/5.0 (compatible; AhrefsBot/7.0; +http://ahrefs.com/robot/)"
204.48.19.85 - - [29/Jun/2021:00:36:51 -0400] "POST /wp-cron.php?doing_wp_cron=1624941411.7967081069946289062500 HTTP/1.1" 200 5463 "https://ajhydell.com/wp-cron.php?doing_wp_cron=1624941411.7967081069946289062500" "WordPress/5.7.2; https://ajhydell.com"
54.36.149.46 - - [29/Jun/2021:00:36:51 -0400] "GET /2019/04/02/this-african-girl-was-exhibited-in-a-human-zoo-in-brussels-belgium-in-1958-640-x-512/ HTTP/1.1" 200 18054 "-" "Mozilla/5.0 (compatible; AhrefsBot/7.0; +http://ahrefs.com/robot/)"
157.55.39.136 - - [29/Jun/2021:00:37:45 -0400] "GET /wp-content/uploads/2020/12/picture-18-1253x1536.jpg HTTP/1.1" 200 2246650 "-" "Mozilla/5.0 (compatible; bingbot/2.0; +http://www.bing.com/bingbot.htm)"
204.48.19.85 - - [29/Jun/2021:00:39:20 -0400] "POST /wp-cron.php?doing_wp_cron=1624941560.5768079757690429687500 HTTP/1.1" 200 5463 "https://ajhydell.com/wp-cron.php?doing_wp_cron=1624941560.5768079757690429687500" "WordPress/5.7.2; https://ajhydell.com"
54.36.148.255 - - [29/Jun/2021:00:39:20 -0400] "GET /2019/10/16/woman-in-zanzibar-1900-681x1024/ HTTP/1.1" 200 17980 "-" "Mozilla/5.0 (compatible; AhrefsBot/7.0; +http://ahrefs.com/robot/)"
204.48.19.85 - - [29/Jun/2021:00:40:25 -0400] "POST /wp-cron.php?doing_wp_cron=1624941625.2965340614318847656250 HTTP/1.1" 200 5463 "https://ajhydell.com/wp-cron.php?doing_wp_cron=1624941625.2965340614318847656250" "WordPress/5.7.2; https://ajhydell.com"
66.249.79.16 - - [29/Jun/2021:00:40:25 -0400] "GET /robots.txt HTTP/1.1" 200 5685 "-" "Mozilla/5.0 (compatible; Googlebot/2.1; +http://www.google.com/bot.html)"
66.249.79.14 - - [29/Jun/2021:00:40:25 -0400] "GET /wp-content/uploads/2019/08/picture-14.jpg HTTP/1.1" 200 2075422 "-" "Googlebot-Image/1.0"
72.191.227.150 - - [29/Jun/2021:00:41:10 -0400] "GET /wp-content/uploads/2020/02/picture-5.jpg HTTP/1.1" 200 112051 "https://www.bing.com/" "Mozilla/5.0 (Windows NT 10.0; Win64; x64; rv:89.0) Gecko/20100101 Firefox/89.0"
204.48.19.85 - - [29/Jun/2021:00:41:38 -0400] "POST /wp-cron.php?doing_wp_cron=1624941698.0286929607391357421875 HTTP/1.1" 200 5463 "https://ajhydell.com/wp-cron.php?doing_wp_cron=1624941698.0286929607391357421875" "WordPress/5.7.2; https://ajhydell.com"
207.46.13.120 - - [29/Jun/2021:00:41:37 -0400] "GET /2018/08/15/the-mcdonald-brothers-in-front-of-the-not-yet-opened-first-mcdonalds-november-1948-san-bernadino-ca-2048x1492/ HTTP/1.1" 200 17683 "-" "Mozilla/5.0 (compatible; bingbot/2.0; +http://www.bing.com/bingbot.htm)"
204.48.19.85 - - [29/Jun/2021:00:41:45 -0400] "POST /wp-cron.php?doing_wp_cron=1624941705.0073809623718261718750 HTTP/1.1" 200 5463 "https://ajhydell.com/wp-cron.php?doing_wp_cron=1624941705.0073809623718261718750" "WordPress/5.7.2; https://ajhydell.com"
185.191.171.22 - - [29/Jun/2021:00:41:44 -0400] "GET /2019/01/13/mafia-boss-charles-lucky-luciano-in-exile-sicily-italy-31-december-1948/ HTTP/1.1" 200 18145 "-" "Mozilla/5.0 (compatible; SemrushBot/7~bl; +http://www.semrush.com/bot.html)"
54.36.148.94 - - [29/Jun/2021:00:41:54 -0400] "GET /2020/09/02/brewery-workers-1918-cheshire/ HTTP/1.1" 200 18062 "-" "Mozilla/5.0 (compatible; AhrefsBot/7.0; +http://ahrefs.com/robot/)"
204.48.19.85 - - [29/Jun/2021:00:42:48 -0400] "POST /wp-cron.php?doing_wp_cron=1624941768.0930900573730468750000 HTTP/1.1" 200 5463 "https://ajhydell.com/wp-cron.php?doing_wp_cron=1624941768.0930900573730468750000" "WordPress/5.7.2; https://ajhydell.com"
157.55.39.136 - - [29/Jun/2021:00:42:48 -0400] "GET /2019/09/20/ceca-drobnjak-miss-kingdom-of-yugoslavia-1930-639x949/ HTTP/1.1" 200 17525 "-" "Mozilla/5.0 (compatible; bingbot/2.0; +http://www.bing.com/bingbot.htm)"
