204.48.19.85 - - [01/Jul/2021:00:00:30 -0400] "POST /wp-cron.php?doing_wp_cron=1625112030.5343620777130126953125 HTTP/1.1" 200 5463 "https://ajhydell.com/wp-cron.php?doing_wp_cron=1625112030.5343620777130126953125" "WordPress/5.7.2; https://ajhydell.com"
195.201.58.104 - - [01/Jul/2021:00:00:29 -0400] "GET /feed/ HTTP/1.1" 200 6877 "-" "AwarioRssBot/1.0 (+https://awario.com/bots.html; bots@awario.com)"
204.48.19.85 - - [01/Jul/2021:00:01:52 -0400] "POST /wp-cron.php?doing_wp_cron=1625112112.1735699176788330078125 HTTP/1.1" 200 5463 "https://ajhydell.com/wp-cron.php?doing_wp_cron=1625112112.1735699176788330078125" "WordPress/5.7.2; https://ajhydell.com"
207.46.13.120 - - [01/Jul/2021:00:01:52 -0400] "GET /2021/04/22/gis-from-the-79th-infantry-division-fighting-in-bocage-terrain-south-of-the-cotentin-peninsula-in-mid-july-1944/ HTTP/1.1" 200 17713 "-" "Mozilla/5.0 (compatible; bingbot/2.0; +http://www.bing.com/bingbot.htm)"
204.48.19.85 - - [01/Jul/2021:00:03:19 -0400] "POST /wp-cron.php?doing_wp_cron=1625112199.8863890171051025390625 HTTP/1.1" 200 5463 "https://ajhydell.com/wp-cron.php?doing_wp_cron=1625112199.8863890171051025390625" "WordPress/5.7.2; https://ajhydell.com"
157.55.39.136 - - [01/Jul/2021:00:03:19 -0400] "GET /2021/06/16/ HTTP/1.1" 200 17747 "-" "Mozilla/5.0 (compatible; bingbot/2.0; +http://www.bing.com/bingbot.htm)"
204.48.19.85 - - [01/Jul/2021:00:04:55 -0400] "POST /wp-cron.php?doing_wp_cron=1625112295.7988030910491943359375 HTTP/1.1" 200 5463 "https://ajhydell.com/wp-cron.php?doing_wp_cron=1625112295.7988030910491943359375" "WordPress/5.7.2; https://ajhydell.com"
54.36.149.36 - - [01/Jul/2021:00:04:55 -0400] "GET / HTTP/1.1" 200 19481 "-" "Mozilla/5.0 (compatible; AhrefsBot/7.0; +http://ahrefs.com/robot/)"
204.48.19.85 - - [01/Jul/2021:00:11:30 -0400] "POST /wp-cron.php?doing_wp_cron=1625112690.8785219192504882812500 HTTP/1.1" 200 5463 "https://ajhydell.com/wp-cron.php?doing_wp_cron=1625112690.8785219192504882812500" "WordPress/5.7.2; https://ajhydell.com"
157.55.39.57 - - [01/Jul/2021:00:11:30 -0400] "GET /2019/04/16/heavily-armed-sas-special-air-services-l-detachment-troops-in-jeeps-after-a-three-month-long-patrol-in-north-africa-they-copied-the-lrdp-style-of-arab-headdress-frequently-during-their-missions/ HTTP/1.1" 200 18196 "-" "Mozilla/5.0 (compatible; bingbot/2.0; +http://www.bing.com/bingbot.htm)"
204.48.19.85 - - [01/Jul/2021:00:13:04 -0400] "POST /wp-cron.php?doing_wp_cron=1625112784.9917359352111816406250 HTTP/1.1" 200 5463 "https://ajhydell.com/wp-cron.php?doing_wp_cron=1625112784.9917359352111816406250" "WordPress/5.7.2; https://ajhydell.com"
54.36.149.36 - - [01/Jul/2021:00:13:04 -0400] "GET /2021/07/01/mrs-m-hale-whose-husband-is-fighting-in-france-spends-the-day-giving-us-soldiers-tea-and-other-refreshments-in-the-road-outside-her-house-and-playing-the-accordian-for-all-those-who-want-to-listen/ HTTP/1.1" 200 17847 "-" "Mozilla/5.0 (compatible; AhrefsBot/7.0; +http://ahrefs.com/robot/)"
207.46.13.22 - - [01/Jul/2021:00:15:46 -0400] "GET /wp-content/uploads/2020/02/picture-60.jpg HTTP/1.1" 200 156409 "-" "Mozilla/5.0 (compatible; bingbot/2.0; +http://www.bing.com/bingbot.htm)"
204.48.19.85 - - [01/Jul/2021:00:17:38 -0400] "POST /wp-cron.php?doing_wp_cron=1625113058.4318990707397460937500 HTTP/1.1" 200 232 "http://ajhydell.com/wp-cron.php?doing_wp_cron=1625113058.4318990707397460937500" "WordPress/5.7.2; https://ajhydell.com"
103.114.144.248 - - [01/Jul/2021:00:17:38 -0400] "GET //semalt.com HTTP/1.1" 301 381 "https://www.bing.com/search?q=semalt.com" "Mozilla/5.0 (Windows NT 10.0; Win64; x64) AppleWebKit/537.36 (KHTML, like Gecko) Chrome/74.0.3729.169 Safari/537.36"
204.48.19.85 - - [01/Jul/2021:00:18:57 -0400] "POST /wp-cron.php?doing_wp_cron=1625113137.6175920963287353515625 HTTP/1.1" 200 5463 "https://ajhydell.com/wp-cron.php?doing_wp_cron=1625113137.6175920963287353515625" "WordPress/5.7.2; https://ajhydell.com"
40.77.167.20 - - [01/Jul/2021:00:18:57 -0400] "GET /page/6/ HTTP/1.1" 200 19519 "-" "Mozilla/5.0 (compatible; bingbot/2.0; +http://www.bing.com/bingbot.htm)"
107.192.243.198 - - [01/Jul/2021:00:19:34 -0400] "GET /wp-content/uploads/2020/05/picture-23-1024x768.jpg HTTP/1.1" 200 143846 "https://www.bing.com/" "Mozilla/5.0 (Windows NT 10.0; Win64; x64) AppleWebKit/537.36 (KHTML, like Gecko) Chrome/91.0.4472.114 Safari/537.36 Edg/91.0.864.59"
54.151.73.25 - - [01/Jul/2021:00:19:42 -0400] "GET /robots.txt HTTP/1.1" 301 316 "-" "Mozilla/5.0 (Macintosh; Intel Mac OS X 10_11_4) AppleWebKit/537.36 (KHTML, like Gecko) Chrome/50.0.2661.102 Safari/537.36"
54.219.1.191 - - [01/Jul/2021:00:19:43 -0400] "GET / HTTP/1.1" 301 343 "-" "Mozilla/5.0 (X11; Linux x86_64) AppleWebKit/537.36 (KHTML, like Gecko) HeadlessChrome/77.0.3835.0 Safari/537.36"
54.219.1.191 - - [01/Jul/2021:00:19:43 -0400] "GET / HTTP/1.1" 200 19605 "-" "Mozilla/5.0 (X11; Linux x86_64) AppleWebKit/537.36 (KHTML, like Gecko) HeadlessChrome/77.0.3835.0 Safari/537.36"
54.219.1.191 - - [01/Jul/2021:00:19:43 -0400] "GET /wp-content/plugins/add-expires-headers/cache/0/com/processed-header-f16a8d323e83e1bc1b76514e283fb81b7090a959.min.css HTTP/1.1" 200 52771 "https://ajhydell.com/" "Mozilla/5.0 (X11; Linux x86_64) AppleWebKit/537.36 (KHTML, like Gecko) HeadlessChrome/77.0.3835.0 Safari/537.36"
54.219.1.191 - - [01/Jul/2021:00:19:43 -0400] "GET /wp-content/plugins/google-analytics-for-wordpress/assets/js/frontend-gtag.min.js?ver=7.17.0 HTTP/1.1" 200 3291 "https://ajhydell.com/" "Mozilla/5.0 (X11; Linux x86_64) AppleWebKit/537.36 (KHTML, like Gecko) HeadlessChrome/77.0.3835.0 Safari/537.36"
54.219.1.191 - - [01/Jul/2021:00:19:43 -0400] "GET /wp-includes/js/jquery/jquery.min.js?ver=3.5.1 HTTP/1.1" 200 32034 "https://ajhydell.com/" "Mozilla/5.0 (X11; Linux x86_64) AppleWebKit/537.36 (KHTML, like Gecko) HeadlessChrome/77.0.3835.0 Safari/537.36"
54.219.1.191 - - [01/Jul/2021:00:19:43 -0400] "GET /wp-includes/js/jquery/jquery-migrate.min.js?ver=3.3.2 HTTP/1.1" 200 5219 "https://ajhydell.com/" "Mozilla/5.0 (X11; Linux x86_64) AppleWebKit/537.36 (KHTML, like Gecko) HeadlessChrome/77.0.3835.0 Safari/537.36"
54.219.1.191 - - [01/Jul/2021:00:19:43 -0400] "GET /wp-content/themes/royal-magazine/js/navigation.js?ver=20151215 HTTP/1.1" 200 6543 "https://ajhydell.com/" "Mozilla/5.0 (X11; Linux x86_64) AppleWebKit/537.36 (KHTML, like Gecko) HeadlessChrome/77.0.3835.0 Safari/537.36"
54.219.1.191 - - [01/Jul/2021:00:19:43 -0400] "GET /wp-content/themes/royal-magazine/js/skip-link-focus-fix.js?ver=20151215 HTTP/1.1" 200 6134 "https://ajhydell.com/" "Mozilla/5.0 (X11; Linux x86_64) AppleWebKit/537.36 (KHTML, like Gecko) HeadlessChrome/77.0.3835.0 Safari/537.36"
54.219.1.191 - - [01/Jul/2021:00:19:43 -0400] "GET /wp-content/plugins/wp-smushit/app/assets/js/smush-lazy-load.min.js?ver=3.8.7 HTTP/1.1" 200 9384 "https://ajhydell.com/" "Mozilla/5.0 (X11; Linux x86_64) AppleWebKit/537.36 (KHTML, like Gecko) HeadlessChrome/77.0.3835.0 Safari/537.36"
54.219.1.191 - - [01/Jul/2021:00:19:43 -0400] "GET /wp-content/themes/royal-magazine/assets/libraries/slick/js/slick.min.js?ver=5.7.2 HTTP/1.1" 200 10690 "https://ajhydell.com/" "Mozilla/5.0 (X11; Linux x86_64) AppleWebKit/537.36 (KHTML, like Gecko) HeadlessChrome/77.0.3835.0 Safari/537.36"
54.219.1.191 - - [01/Jul/2021:00:19:44 -0400] "GET /wp-content/themes/royal-magazine/assets/libraries/bootstrap/js/bootstrap.min.js?ver=5.7.2 HTTP/1.1" 200 10350 "https://ajhydell.com/" "Mozilla/5.0 (X11; Linux x86_64) AppleWebKit/537.36 (KHTML, like Gecko) HeadlessChrome/77.0.3835.0 Safari/537.36"
54.219.1.191 - - [01/Jul/2021:00:19:44 -0400] "GET /wp-content/themes/royal-magazine/assets/libraries/marquee/jquery.marquee.js?ver=5.7.2 HTTP/1.1" 200 5071 "https://ajhydell.com/" "Mozilla/5.0 (X11; Linux x86_64) AppleWebKit/537.36 (KHTML, like Gecko) HeadlessChrome/77.0.3835.0 Safari/537.36"
54.219.1.191 - - [01/Jul/2021:00:19:44 -0400] "GET /wp-content/themes/royal-magazine/assets/libraries/theiaStickySidebar/theia-sticky-sidebar.min.js?ver=5.7.2 HTTP/1.1" 200 2236 "https://ajhydell.com/" "Mozilla/5.0 (X11; Linux x86_64) AppleWebKit/537.36 (KHTML, like Gecko) HeadlessChrome/77.0.3835.0 Safari/537.36"
54.219.1.191 - - [01/Jul/2021:00:19:44 -0400] "GET /wp-content/themes/royal-magazine/assets/libraries/magnific-popup/jquery.magnific-popup.min.js?ver=5.7.2 HTTP/1.1" 200 7838 "https://ajhydell.com/" "Mozilla/5.0 (X11; Linux x86_64) AppleWebKit/537.36 (KHTML, like Gecko) HeadlessChrome/77.0.3835.0 Safari/537.36"
54.219.1.191 - - [01/Jul/2021:00:19:44 -0400] "GET /wp-content/themes/royal-magazine/assets/twp/js/custom-script.js?ver=5.7.2 HTTP/1.1" 200 2995 "https://ajhydell.com/" "Mozilla/5.0 (X11; Linux x86_64) AppleWebKit/537.36 (KHTML, like Gecko) HeadlessChrome/77.0.3835.0 Safari/537.36"
54.219.1.191 - - [01/Jul/2021:00:19:44 -0400] "GET /wp-includes/js/wp-embed.min.js?ver=5.7.2 HTTP/1.1" 200 1209 "https://ajhydell.com/" "Mozilla/5.0 (X11; Linux x86_64) AppleWebKit/537.36 (KHTML, like Gecko) HeadlessChrome/77.0.3835.0 Safari/537.36"
54.219.1.191 - - [01/Jul/2021:00:19:44 -0400] "GET /wp-content/plugins/facebook-pagelike-widget/fb.js?ver=1.0 HTTP/1.1" 200 810 "https://ajhydell.com/" "Mozilla/5.0 (X11; Linux x86_64) AppleWebKit/537.36 (KHTML, like Gecko) HeadlessChrome/77.0.3835.0 Safari/537.36"
54.219.1.191 - - [01/Jul/2021:00:19:44 -0400] "GET /wp-includes/js/wp-emoji-release.min.js?ver=5.7.2 HTTP/1.1" 200 5152 "https://ajhydell.com/" "Mozilla/5.0 (X11; Linux x86_64) AppleWebKit/537.36 (KHTML, like Gecko) HeadlessChrome/77.0.3835.0 Safari/537.36"
54.151.73.25 - - [01/Jul/2021:00:19:44 -0400] "GET /robots.txt HTTP/1.1" 200 5178 "-" "Mozilla/5.0 (Macintosh; Intel Mac OS X 10_11_4) AppleWebKit/537.36 (KHTML, like Gecko) Chrome/50.0.2661.102 Safari/537.36"
54.219.1.191 - - [01/Jul/2021:00:19:45 -0400] "GET /wp-content/themes/royal-magazine/assets/libraries/ionicons/fonts/ionicons.ttf HTTP/1.1" 200 189155 "https://ajhydell.com/wp-content/plugins/add-expires-headers/cache/0/com/processed-header-f16a8d323e83e1bc1b76514e283fb81b7090a959.min.css" "Mozilla/5.0 (X11; Linux x86_64) AppleWebKit/537.36 (KHTML, like Gecko) HeadlessChrome/77.0.3835.0 Safari/537.36"
207.46.13.96 - - [01/Jul/2021:00:19:46 -0400] "GET /wp-content/uploads/2020/10/picture-655x1024.jpg HTTP/1.1" 200 96958 "-" "Mozilla/5.0 (compatible; bingbot/2.0; +http://www.bing.com/bingbot.htm)"
204.48.19.85 - - [01/Jul/2021:00:19:46 -0400] "POST /wp-cron.php?doing_wp_cron=1625113186.7211980819702148437500 HTTP/1.1" 200 5463 "https://ajhydell.com/wp-cron.php?doing_wp_cron=1625113186.7211980819702148437500" "WordPress/5.7.2; https://ajhydell.com"
54.151.73.25 - - [01/Jul/2021:00:19:46 -0400] "HEAD / HTTP/1.1" 200 4992 "-" "Mozilla/5.0 (Macintosh; Intel Mac OS X 10_11_4) AppleWebKit/537.36 (KHTML, like Gecko) Chrome/50.0.2661.102 Safari/537.36"
54.151.73.25 - - [01/Jul/2021:00:19:48 -0400] "GET / HTTP/1.1" 200 19030 "-" "Mozilla/5.0 (Macintosh; Intel Mac OS X 10_11_4) AppleWebKit/537.36 (KHTML, like Gecko) Chrome/50.0.2661.102 Safari/537.36"
54.151.73.25 - - [01/Jul/2021:00:19:49 -0400] "HEAD / HTTP/1.1" 200 4992 "-" "Mozilla/5.0 (Macintosh; Intel Mac OS X 10_11_4) AppleWebKit/537.36 (KHTML, like Gecko) Chrome/50.0.2661.102 Safari/537.36"
54.151.73.25 - - [01/Jul/2021:00:19:53 -0400] "HEAD /2021/07/01/mrs-m-hale-whose-husband-is-fighting-in-france-spends-the-day-giving-us-soldiers-tea-and-other-refreshments-in-the-road-outside-her-house-and-playing-the-accordian-for-all-those-who-want-to-listen/ HTTP/1.1" 200 5189 "-" "Mozilla/5.0 (Macintosh; Intel Mac OS X 10_11_4) AppleWebKit/537.36 (KHTML, like Gecko) Chrome/50.0.2661.102 Safari/537.36"
54.151.73.25 - - [01/Jul/2021:00:19:55 -0400] "HEAD /2021/06/30/soviet-soldiers-celebrate-returning-home-alive-1945-700x960/ HTTP/1.1" 200 5189 "-" "Mozilla/5.0 (Macintosh; Intel Mac OS X 10_11_4) AppleWebKit/537.36 (KHTML, like Gecko) Chrome/50.0.2661.102 Safari/537.36"
54.151.73.25 - - [01/Jul/2021:00:19:56 -0400] "HEAD /2021/06/30/mah-jong-at-bathing-beach-june-6-1924/ HTTP/1.1" 200 5189 "-" "Mozilla/5.0 (Macintosh; Intel Mac OS X 10_11_4) AppleWebKit/537.36 (KHTML, like Gecko) Chrome/50.0.2661.102 Safari/537.36"
54.151.73.25 - - [01/Jul/2021:00:19:59 -0400] "HEAD /2021/06/30/aunt-esther-purses-1970s/ HTTP/1.1" 200 5189 "-" "Mozilla/5.0 (Macintosh; Intel Mac OS X 10_11_4) AppleWebKit/537.36 (KHTML, like Gecko) Chrome/50.0.2661.102 Safari/537.36"
1.129.105.89 - - [01/Jul/2021:00:19:56 -0400] "GET /wp-content/uploads/2019/12/picture-9.jpg HTTP/1.1" 200 3254488 "https://www.bing.com/" "Mozilla/5.0 (Windows NT 10.0; Win64; x64) AppleWebKit/537.36 (KHTML, like Gecko) Chrome/91.0.4472.114 Safari/537.36 Edg/91.0.864.59"
54.151.73.25 - - [01/Jul/2021:00:20:01 -0400] "HEAD /2021/06/30/wehrmacht-soldiers-flashing-smiles-to-the-camera-while-hanging-suspected-partisans-somewhere-in-the-eastern-front-1941-1942/ HTTP/1.1" 200 5189 "-" "Mozilla/5.0 (Macintosh; Intel Mac OS X 10_11_4) AppleWebKit/537.36 (KHTML, like Gecko) Chrome/50.0.2661.102 Safari/537.36"
54.151.73.25 - - [01/Jul/2021:00:20:02 -0400] "HEAD / HTTP/1.1" 200 4992 "-" "Mozilla/5.0 (Macintosh; Intel Mac OS X 10_11_4) AppleWebKit/537.36 (KHTML, like Gecko) Chrome/50.0.2661.102 Safari/537.36"
54.151.73.25 - - [01/Jul/2021:00:20:04 -0400] "GET / HTTP/1.1" 200 19029 "-" "Mozilla/5.0 (Macintosh; Intel Mac OS X 10_11_4) AppleWebKit/537.36 (KHTML, like Gecko) Chrome/50.0.2661.102 Safari/537.36"
54.151.73.25 - - [01/Jul/2021:00:20:05 -0400] "GET /2021/07/01/mrs-m-hale-whose-husband-is-fighting-in-france-spends-the-day-giving-us-soldiers-tea-and-other-refreshments-in-the-road-outside-her-house-and-playing-the-accordian-for-all-those-who-want-to-listen/ HTTP/1.1" 200 12778 "-" "Mozilla/5.0 (Macintosh; Intel Mac OS X 10_11_4) AppleWebKit/537.36 (KHTML, like Gecko) Chrome/50.0.2661.102 Safari/537.36"
207.46.13.151 - - [01/Jul/2021:00:20:05 -0400] "GET /2018/08/11/sd-personnel-humiliates-polish-jew-by-cutting-his-beard-poland-1939/ HTTP/1.1" 200 17576 "-" "Mozilla/5.0 (compatible; bingbot/2.0; +http://www.bing.com/bingbot.htm)"
54.151.73.25 - - [01/Jul/2021:00:20:05 -0400] "GET /2021/06/30/soviet-soldiers-celebrate-returning-home-alive-1945-700x960/ HTTP/1.1" 200 12921 "-" "Mozilla/5.0 (Macintosh; Intel Mac OS X 10_11_4) AppleWebKit/537.36 (KHTML, like Gecko) Chrome/50.0.2661.102 Safari/537.36"
54.151.73.25 - - [01/Jul/2021:00:20:06 -0400] "GET /2021/06/30/mah-jong-at-bathing-beach-june-6-1924/ HTTP/1.1" 200 12776 "-" "Mozilla/5.0 (Macintosh; Intel Mac OS X 10_11_4) AppleWebKit/537.36 (KHTML, like Gecko) Chrome/50.0.2661.102 Safari/537.36"
207.46.13.96 - - [01/Jul/2021:00:20:06 -0400] "GET /2020/04/13/have-a-chilled-milky-way-1948/ HTTP/1.1" 200 17647 "-" "Mozilla/5.0 (compatible; bingbot/2.0; +http://www.bing.com/bingbot.htm)"
157.55.39.134 - - [01/Jul/2021:00:20:07 -0400] "GET /2019/05/02/1924-liberal-party-poster-uk/ HTTP/1.1" 200 17532 "-" "Mozilla/5.0 (compatible; bingbot/2.0; +http://www.bing.com/bingbot.htm)"
54.151.73.25 - - [01/Jul/2021:00:20:07 -0400] "GET /2021/06/30/aunt-esther-purses-1970s/ HTTP/1.1" 200 12740 "-" "Mozilla/5.0 (Macintosh; Intel Mac OS X 10_11_4) AppleWebKit/537.36 (KHTML, like Gecko) Chrome/50.0.2661.102 Safari/537.36"
157.55.39.22 - - [01/Jul/2021:00:20:08 -0400] "GET /2019/12/18/a-painting-by-the-french-impressionist-edouard-manet-titled-dans-la-serre-discovered-in-the-vault-at-merkers-germany-25-april-1945/ HTTP/1.1" 200 17904 "-" "Mozilla/5.0 (compatible; bingbot/2.0; +http://www.bing.com/bingbot.htm)"
54.151.73.25 - - [01/Jul/2021:00:20:08 -0400] "GET /2021/06/30/wehrmacht-soldiers-flashing-smiles-to-the-camera-while-hanging-suspected-partisans-somewhere-in-the-eastern-front-1941-1942/ HTTP/1.1" 200 12839 "-" "Mozilla/5.0 (Macintosh; Intel Mac OS X 10_11_4) AppleWebKit/537.36 (KHTML, like Gecko) Chrome/50.0.2661.102 Safari/537.36"
40.77.167.20 - - [01/Jul/2021:00:20:09 -0400] "GET /2021/04/05/ HTTP/1.1" 200 17540 "-" "Mozilla/5.0 (compatible; bingbot/2.0; +http://www.bing.com/bingbot.htm)"
40.77.167.20 - - [01/Jul/2021:00:20:09 -0400] "GET /2021/05/31/hitler-rehearsing-a-speech-in-front-of-a-mirror-taken-by-his-personal-photographer-heinrich-hoffman-1925-1436x1600/ HTTP/1.1" 200 13095 "-" "Mozilla/5.0 (compatible; bingbot/2.0; +http://www.bing.com/bingbot.htm)"
54.151.73.25 - - [01/Jul/2021:00:20:09 -0400] "GET / HTTP/1.1" 200 14337 "-" "Mozilla/5.0 (Macintosh; Intel Mac OS X 10_11_4) AppleWebKit/537.36 (KHTML, like Gecko) Chrome/50.0.2661.102 Safari/537.36"
40.77.167.20 - - [01/Jul/2021:00:20:09 -0400] "GET /2021/04/page/5/ HTTP/1.1" 200 14147 "-" "Mozilla/5.0 (compatible; bingbot/2.0; +http://www.bing.com/bingbot.htm)"
157.55.39.136 - - [01/Jul/2021:00:20:11 -0400] "GET /2020/12/16/when-i-got-cnn-i-got-control-of-the-world-1984/ HTTP/1.1" 200 17709 "-" "Mozilla/5.0 (compatible; bingbot/2.0; +http://www.bing.com/bingbot.htm)"
35.185.241.102 - - [01/Jul/2021:00:20:11 -0400] "GET / HTTP/1.1" 301 343 "-" "Mozilla/5.0 (Windows NT 10.0; Win64; x64) AppleWebKit/537.36 (KHTML, like Gecko) Chrome/91.0.4472.114 Safari/537.36 Edg/91.0.864.59"
35.185.241.102 - - [01/Jul/2021:00:20:12 -0400] "GET / HTTP/1.1" 200 102094 "-" "Mozilla/5.0 (Windows NT 10.0; Win64; x64) AppleWebKit/537.36 (KHTML, like Gecko) Chrome/91.0.4472.114 Safari/537.36 Edg/91.0.864.59"
65.208.210.98 - - [01/Jul/2021:00:20:12 -0400] "GET /wp-content/uploads/2020/11/picture-22-768x765.jpg HTTP/1.1" 200 141703 "https://images.search.yahoo.com/search/images;_ylt=Awr9DtR7Lt1gTyUARwxXNyoA;_ylu=Y29sbwNncTEEcG9zAzIEdnRpZAMEc2VjA3Nj?p=745th+battalion&fr=yfp-t-s" "Mozilla/5.0 (Windows NT 10.0; Win64; x64) AppleWebKit/537.36 (KHTML, like Gecko) Chrome/91.0.4472.114 Safari/537.36 Edg/91.0.864.59"
207.46.13.80 - - [01/Jul/2021:00:20:14 -0400] "GET /2021/03/31/the-imprint-of-a-mitsubishi-kamikaze-zero-along-the-side-of-h-m-s-sussex-1945/ HTTP/1.1" 200 17700 "-" "Mozilla/5.0 (compatible; bingbot/2.0; +http://www.bing.com/bingbot.htm)"
207.46.13.80 - - [01/Jul/2021:00:20:15 -0400] "GET /2021/03/12/ HTTP/1.1" 200 12866 "-" "Mozilla/5.0 (compatible; bingbot/2.0; +http://www.bing.com/bingbot.htm)"
207.46.13.80 - - [01/Jul/2021:00:20:15 -0400] "GET /2021/06/08/romanian-anti-communist-poster-in-1980s/ HTTP/1.1" 200 12911 "-" "Mozilla/5.0 (compatible; bingbot/2.0; +http://www.bing.com/bingbot.htm)"
207.46.13.80 - - [01/Jul/2021:00:20:15 -0400] "GET /2021/06/08/map-of-europe-probably-made-by-nazis-for-neutral-portugal-too-much-mistakes-in-words-1942/ HTTP/1.1" 200 13045 "-" "Mozilla/5.0 (compatible; bingbot/2.0; +http://www.bing.com/bingbot.htm)"
207.46.13.80 - - [01/Jul/2021:00:20:15 -0400] "GET /2021/04/15/atari-1983/ HTTP/1.1" 200 12852 "-" "Mozilla/5.0 (compatible; bingbot/2.0; +http://www.bing.com/bingbot.htm)"
1.129.105.89 - - [01/Jul/2021:00:20:16 -0400] "-" 408 5209 "-" "-"
207.46.13.22 - - [01/Jul/2021:00:20:19 -0400] "GET /2021/06/08/lt-richard-dick-winters-of-the-501st-pir-during-training-at-camp-mackall-1943/ HTTP/1.1" 200 17618 "-" "Mozilla/5.0 (compatible; bingbot/2.0; +http://www.bing.com/bingbot.htm)"
207.46.13.96 - - [01/Jul/2021:00:20:19 -0400] "GET /2021/06/08/the-invasion-begins-june-8th-1944/ HTTP/1.1" 200 17574 "-" "Mozilla/5.0 (compatible; bingbot/2.0; +http://www.bing.com/bingbot.htm)"
157.55.39.136 - - [01/Jul/2021:00:20:24 -0400] "GET /2020/11/10/col-sabodus-has-been-the-mascot-of-an-armored-regiment-in-action-in-italy-since-the-outfit-picked-up-the-burro-in-mountains-in-algeria/ HTTP/1.1" 200 18002 "-" "Mozilla/5.0 (compatible; bingbot/2.0; +http://www.bing.com/bingbot.htm)"
157.55.39.136 - - [01/Jul/2021:00:20:24 -0400] "GET /2019/02/13/two-assyrian-soldiers-forcing-babylonian-captive-to-grind-bones-of-his-family-7th-6th-c-bce-2045x2046-from-nineveh-palace/ HTTP/1.1" 200 13289 "-" "Mozilla/5.0 (compatible; bingbot/2.0; +http://www.bing.com/bingbot.htm)"
157.55.39.136 - - [01/Jul/2021:00:20:24 -0400] "GET /2021/04/25/coca-cola-1901/ HTTP/1.1" 200 12684 "-" "Mozilla/5.0 (compatible; bingbot/2.0; +http://www.bing.com/bingbot.htm)"
157.55.39.136 - - [01/Jul/2021:00:20:25 -0400] "GET /2021/04/25/an-aerial-photo-of-the-kowloon-walled-city-hong-kong-taken-in-1989-1942-x-1466/ HTTP/1.1" 200 12978 "-" "Mozilla/5.0 (compatible; bingbot/2.0; +http://www.bing.com/bingbot.htm)"
157.55.39.134 - - [01/Jul/2021:00:20:29 -0400] "GET /page/15/ HTTP/1.1" 200 19217 "-" "Mozilla/5.0 (compatible; bingbot/2.0; +http://www.bing.com/bingbot.htm)"
157.55.39.57 - - [01/Jul/2021:00:20:34 -0400] "GET /2021/06/10/make-every-all-black-a-naked-all-black-new-zealand-1985-coalition-against-the-tour/ HTTP/1.1" 200 17728 "-" "Mozilla/5.0 (compatible; bingbot/2.0; +http://www.bing.com/bingbot.htm)"
157.55.39.57 - - [01/Jul/2021:00:20:35 -0400] "GET /2021/04/14/a-navy-photographer-snapped-this-photograph-of-the-japanese-attack-on-pearl-harbor-in-hawaii-on-december-7-1941-just-as-the-uss-shaw-exploded/ HTTP/1.1" 200 13157 "-" "Mozilla/5.0 (compatible; bingbot/2.0; +http://www.bing.com/bingbot.htm)"
204.48.19.85 - - [01/Jul/2021:00:20:48 -0400] "POST /wp-cron.php?doing_wp_cron=1625113248.3639519214630126953125 HTTP/1.1" 200 5463 "https://ajhydell.com/wp-cron.php?doing_wp_cron=1625113248.3639519214630126953125" "WordPress/5.7.2; https://ajhydell.com"
185.191.171.18 - - [01/Jul/2021:00:20:48 -0400] "GET /2021/06/27/german-propaganda-leaflet-aimed-at-french-troops-in-1940-the-leaflet-shows-a-british-soldier-and-a-french-soldier-counting-from-one-to-three-at-three-the-french-soldier-jumps-into-the-blood-bath-b/ HTTP/1.1" 200 18471 "-" "Mozilla/5.0 (compatible; SemrushBot/7~bl; +http://www.semrush.com/bot.html)"
54.36.148.91 - - [01/Jul/2021:00:21:00 -0400] "GET /2020/12/11/at-last-the-phone-designed-with-your-comfort-in-mind-ericofon-ad-1957/ HTTP/1.1" 200 18091 "-" "Mozilla/5.0 (compatible; AhrefsBot/7.0; +http://ahrefs.com/robot/)"
185.191.171.41 - - [01/Jul/2021:00:21:11 -0400] "GET /2021/05/12/husband-and-wife-alexandra-and-ivan-boiko-who-served-as-commander-and-driver-in-the-same-tank-in-the-soviet-48th-guards-heavy-tank-regiment-during-the-second-world-war/ HTTP/1.1" 200 18116 "-" "Mozilla/5.0 (compatible; SemrushBot/7~bl; +http://www.semrush.com/bot.html)"
204.48.19.85 - - [01/Jul/2021:00:23:11 -0400] "POST /wp-cron.php?doing_wp_cron=1625113391.2405719757080078125000 HTTP/1.1" 200 5463 "https://ajhydell.com/wp-cron.php?doing_wp_cron=1625113391.2405719757080078125000" "WordPress/5.7.2; https://ajhydell.com"
66.249.66.136 - - [01/Jul/2021:00:23:11 -0400] "GET /2018/08/27/carlos-latuff-caricature-accusing-both-obama-and-mccain-of-being-imperialists-brazil-2008/ HTTP/1.1" 200 18089 "-" "Mozilla/5.0 (Linux; Android 6.0.1; Nexus 5X Build/MMB29P) AppleWebKit/537.36 (KHTML, like Gecko) Chrome/91.0.4472.90 Mobile Safari/537.36 (compatible; Googlebot/2.1; +http://www.google.com/bot.html)"
204.48.19.85 - - [01/Jul/2021:00:23:38 -0400] "POST /wp-cron.php?doing_wp_cron=1625113418.2912600040435791015625 HTTP/1.1" 200 5463 "https://ajhydell.com/wp-cron.php?doing_wp_cron=1625113418.2912600040435791015625" "WordPress/5.7.2; https://ajhydell.com"
207.46.13.120 - - [01/Jul/2021:00:23:38 -0400] "GET /2021/04/08/ HTTP/1.1" 200 17525 "-" "Mozilla/5.0 (compatible; bingbot/2.0; +http://www.bing.com/bingbot.htm)"
207.46.13.120 - - [01/Jul/2021:00:23:38 -0400] "GET /2021/04/07/marshals-of-soviet-union-during-world-war-ii/ HTTP/1.1" 200 12822 "-" "Mozilla/5.0 (compatible; bingbot/2.0; +http://www.bing.com/bingbot.htm)"
204.48.19.85 - - [01/Jul/2021:00:24:15 -0400] "POST /wp-cron.php?doing_wp_cron=1625113455.3595750331878662109375 HTTP/1.1" 200 5463 "https://ajhydell.com/wp-cron.php?doing_wp_cron=1625113455.3595750331878662109375" "WordPress/5.7.2; https://ajhydell.com"
66.249.66.134 - - [01/Jul/2021:00:24:15 -0400] "GET /2018/08/26/young-marilyn-monroe/ HTTP/1.1" 200 18115 "-" "Mozilla/5.0 (Linux; Android 6.0.1; Nexus 5X Build/MMB29P) AppleWebKit/537.36 (KHTML, like Gecko) Chrome/91.0.4472.90 Mobile Safari/537.36 (compatible; Googlebot/2.1; +http://www.google.com/bot.html)"
204.48.19.85 - - [01/Jul/2021:00:25:10 -0400] "POST /wp-cron.php?doing_wp_cron=1625113510.0446240901947021484375 HTTP/1.1" 200 232 "http://ajhydell.com/wp-cron.php?doing_wp_cron=1625113510.0446240901947021484375" "WordPress/5.7.2; https://ajhydell.com"
54.36.148.181 - - [01/Jul/2021:00:25:09 -0400] "GET /robots.txt HTTP/1.1" 301 297 "-" "Mozilla/5.0 (compatible; AhrefsBot/7.0; +http://ahrefs.com/robot/)"
54.36.148.181 - - [01/Jul/2021:00:25:10 -0400] "GET /robots.txt HTTP/1.1" 200 5676 "-" "Mozilla/5.0 (compatible; AhrefsBot/7.0; +http://ahrefs.com/robot/)"
54.36.148.92 - - [01/Jul/2021:00:25:11 -0400] "GET /index.php/2017/10/20/wwii-japan-advertisement-france-have-been-defeated-artificial-beauty-is-weak-achieve-natural-beauty-required-by-the-new-system-with-kao-shampoo/ HTTP/1.1" 301 479 "-" "Mozilla/5.0 (compatible; AhrefsBot/7.0; +http://ahrefs.com/robot/)"
204.48.19.85 - - [01/Jul/2021:00:25:57 -0400] "POST /wp-cron.php?doing_wp_cron=1625113557.8983750343322753906250 HTTP/1.1" 200 5463 "https://ajhydell.com/wp-cron.php?doing_wp_cron=1625113557.8983750343322753906250" "WordPress/5.7.2; https://ajhydell.com"
23.100.232.233 - - [01/Jul/2021:00:25:57 -0400] "GET /2020/03/11/piles-of-dead-japanese-soldiers-in-attu-alaska-usa-during-the-last-ditch-attempt-with-a-banzai-charge-many-of-the-dead-included-hundreds-who-killed-themselves-after-giving-up-the-fight-completely/ HTTP/1.1" 200 17557 "-" "Mozilla/5.0 (compatible; MSIE 9.0; Windows NT 6.1; Trident/5.0;  Trident/5.0)"
23.100.232.233 - - [01/Jul/2021:00:25:58 -0400] "GET /wp-content/plugins/add-expires-headers/cache/0/com/processed-header-f16a8d323e83e1bc1b76514e283fb81b7090a959.min.css HTTP/1.1" 200 52893 "https://ajhydell.com/2020/03/11/piles-of-dead-japanese-soldiers-in-attu-alaska-usa-during-the-last-ditch-attempt-with-a-banzai-charge-many-of-the-dead-included-hundreds-who-killed-themselves-after-giving-up-the-fight-completely/" "Mozilla/5.0 (compatible; MSIE 9.0; Windows NT 6.1; Trident/5.0;  Trident/5.0)"
23.100.232.233 - - [01/Jul/2021:00:25:59 -0400] "GET /wp-includes/js/jquery/jquery-migrate.min.js?ver=3.3.2 HTTP/1.1" 200 4687 "https://ajhydell.com/2020/03/11/piles-of-dead-japanese-soldiers-in-attu-alaska-usa-during-the-last-ditch-attempt-with-a-banzai-charge-many-of-the-dead-included-hundreds-who-killed-themselves-after-giving-up-the-fight-completely/" "Mozilla/5.0 (compatible; MSIE 9.0; Windows NT 6.1; Trident/5.0;  Trident/5.0)"
23.100.232.233 - - [01/Jul/2021:00:25:59 -0400] "GET /wp-includes/js/jquery/jquery.min.js?ver=3.5.1 HTTP/1.1" 200 31550 "https://ajhydell.com/2020/03/11/piles-of-dead-japanese-soldiers-in-attu-alaska-usa-during-the-last-ditch-attempt-with-a-banzai-charge-many-of-the-dead-included-hundreds-who-killed-themselves-after-giving-up-the-fight-completely/" "Mozilla/5.0 (compatible; MSIE 9.0; Windows NT 6.1; Trident/5.0;  Trident/5.0)"
23.100.232.233 - - [01/Jul/2021:00:25:59 -0400] "GET /wp-content/plugins/google-analytics-for-wordpress/assets/js/frontend-gtag.min.js?ver=7.17.0 HTTP/1.1" 200 3476 "https://ajhydell.com/2020/03/11/piles-of-dead-japanese-soldiers-in-attu-alaska-usa-during-the-last-ditch-attempt-with-a-banzai-charge-many-of-the-dead-included-hundreds-who-killed-themselves-after-giving-up-the-fight-completely/" "Mozilla/5.0 (compatible; MSIE 9.0; Windows NT 6.1; Trident/5.0;  Trident/5.0)"
23.100.232.233 - - [01/Jul/2021:00:26:01 -0400] "GET /wp-includes/js/wp-emoji-release.min.js?ver=5.7.2 HTTP/1.1" 200 5183 "https://ajhydell.com/2020/03/11/piles-of-dead-japanese-soldiers-in-attu-alaska-usa-during-the-last-ditch-attempt-with-a-banzai-charge-many-of-the-dead-included-hundreds-who-killed-themselves-after-giving-up-the-fight-completely/" "Mozilla/5.0 (compatible; MSIE 9.0; Windows NT 6.1; Trident/5.0;  Trident/5.0)"
23.100.232.233 - - [01/Jul/2021:00:26:01 -0400] "GET /wp-content/plugins/wp-smushit/app/assets/js/smush-lazy-load.min.js?ver=3.8.7 HTTP/1.1" 200 4207 "https://ajhydell.com/2020/03/11/piles-of-dead-japanese-soldiers-in-attu-alaska-usa-during-the-last-ditch-attempt-with-a-banzai-charge-many-of-the-dead-included-hundreds-who-killed-themselves-after-giving-up-the-fight-completely/" "Mozilla/5.0 (compatible; MSIE 9.0; Windows NT 6.1; Trident/5.0;  Trident/5.0)"
23.100.232.233 - - [01/Jul/2021:00:26:01 -0400] "GET /wp-content/themes/royal-magazine/js/skip-link-focus-fix.js?ver=20151215 HTTP/1.1" 200 933 "https://ajhydell.com/2020/03/11/piles-of-dead-japanese-soldiers-in-attu-alaska-usa-during-the-last-ditch-attempt-with-a-banzai-charge-many-of-the-dead-included-hundreds-who-killed-themselves-after-giving-up-the-fight-completely/" "Mozilla/5.0 (compatible; MSIE 9.0; Windows NT 6.1; Trident/5.0;  Trident/5.0)"
23.100.232.233 - - [01/Jul/2021:00:26:01 -0400] "GET /wp-content/themes/royal-magazine/js/navigation.js?ver=20151215 HTTP/1.1" 200 1349 "https://ajhydell.com/2020/03/11/piles-of-dead-japanese-soldiers-in-attu-alaska-usa-during-the-last-ditch-attempt-with-a-banzai-charge-many-of-the-dead-included-hundreds-who-killed-themselves-after-giving-up-the-fight-completely/" "Mozilla/5.0 (compatible; MSIE 9.0; Windows NT 6.1; Trident/5.0;  Trident/5.0)"
23.100.232.233 - - [01/Jul/2021:00:26:02 -0400] "GET /wp-content/themes/royal-magazine/assets/libraries/bootstrap/js/bootstrap.min.js?ver=5.7.2 HTTP/1.1" 200 10404 "https://ajhydell.com/2020/03/11/piles-of-dead-japanese-soldiers-in-attu-alaska-usa-during-the-last-ditch-attempt-with-a-banzai-charge-many-of-the-dead-included-hundreds-who-killed-themselves-after-giving-up-the-fight-completely/" "Mozilla/5.0 (compatible; MSIE 9.0; Windows NT 6.1; Trident/5.0;  Trident/5.0)"
23.100.232.233 - - [01/Jul/2021:00:26:02 -0400] "GET /wp-content/themes/royal-magazine/assets/libraries/marquee/jquery.marquee.js?ver=5.7.2 HTTP/1.1" 200 5103 "https://ajhydell.com/2020/03/11/piles-of-dead-japanese-soldiers-in-attu-alaska-usa-during-the-last-ditch-attempt-with-a-banzai-charge-many-of-the-dead-included-hundreds-who-killed-themselves-after-giving-up-the-fight-completely/" "Mozilla/5.0 (compatible; MSIE 9.0; Windows NT 6.1; Trident/5.0;  Trident/5.0)"
23.100.232.233 - - [01/Jul/2021:00:26:03 -0400] "GET /wp-content/themes/royal-magazine/assets/twp/js/custom-script.js?ver=5.7.2 HTTP/1.1" 200 3023 "https://ajhydell.com/2020/03/11/piles-of-dead-japanese-soldiers-in-attu-alaska-usa-during-the-last-ditch-attempt-with-a-banzai-charge-many-of-the-dead-included-hundreds-who-killed-themselves-after-giving-up-the-fight-completely/" "Mozilla/5.0 (compatible; MSIE 9.0; Windows NT 6.1; Trident/5.0;  Trident/5.0)"
23.100.232.233 - - [01/Jul/2021:00:26:03 -0400] "GET /wp-content/themes/royal-magazine/assets/libraries/magnific-popup/jquery.magnific-popup.min.js?ver=5.7.2 HTTP/1.1" 200 7871 "https://ajhydell.com/2020/03/11/piles-of-dead-japanese-soldiers-in-attu-alaska-usa-during-the-last-ditch-attempt-with-a-banzai-charge-many-of-the-dead-included-hundreds-who-killed-themselves-after-giving-up-the-fight-completely/" "Mozilla/5.0 (compatible; MSIE 9.0; Windows NT 6.1; Trident/5.0;  Trident/5.0)"
23.100.232.233 - - [01/Jul/2021:00:26:04 -0400] "GET /wp-content/plugins/facebook-pagelike-widget/fb.js?ver=1.0 HTTP/1.1" 200 821 "https://ajhydell.com/2020/03/11/piles-of-dead-japanese-soldiers-in-attu-alaska-usa-during-the-last-ditch-attempt-with-a-banzai-charge-many-of-the-dead-included-hundreds-who-killed-themselves-after-giving-up-the-fight-completely/" "Mozilla/5.0 (compatible; MSIE 9.0; Windows NT 6.1; Trident/5.0;  Trident/5.0)"
23.100.232.233 - - [01/Jul/2021:00:26:04 -0400] "GET /wp-content/themes/royal-magazine/assets/libraries/slick/js/slick.min.js?ver=5.7.2 HTTP/1.1" 200 10740 "https://ajhydell.com/2020/03/11/piles-of-dead-japanese-soldiers-in-attu-alaska-usa-during-the-last-ditch-attempt-with-a-banzai-charge-many-of-the-dead-included-hundreds-who-killed-themselves-after-giving-up-the-fight-completely/" "Mozilla/5.0 (compatible; MSIE 9.0; Windows NT 6.1; Trident/5.0;  Trident/5.0)"
23.100.232.233 - - [01/Jul/2021:00:26:04 -0400] "GET /wp-includes/js/wp-embed.min.js?ver=5.7.2 HTTP/1.1" 200 1221 "https://ajhydell.com/2020/03/11/piles-of-dead-japanese-soldiers-in-attu-alaska-usa-during-the-last-ditch-attempt-with-a-banzai-charge-many-of-the-dead-included-hundreds-who-killed-themselves-after-giving-up-the-fight-completely/" "Mozilla/5.0 (compatible; MSIE 9.0; Windows NT 6.1; Trident/5.0;  Trident/5.0)"
23.100.232.233 - - [01/Jul/2021:00:26:04 -0400] "GET /wp-content/themes/royal-magazine/assets/libraries/theiaStickySidebar/theia-sticky-sidebar.min.js?ver=5.7.2 HTTP/1.1" 200 2271 "https://ajhydell.com/2020/03/11/piles-of-dead-japanese-soldiers-in-attu-alaska-usa-during-the-last-ditch-attempt-with-a-banzai-charge-many-of-the-dead-included-hundreds-who-killed-themselves-after-giving-up-the-fight-completely/" "Mozilla/5.0 (compatible; MSIE 9.0; Windows NT 6.1; Trident/5.0;  Trident/5.0)"
149.154.161.16 - - [01/Jul/2021:00:26:35 -0400] "GET /wp-content/uploads/2020/09/picture-13.jpg HTTP/1.1" 200 259277 "-" "TelegramBot (like TwitterBot)"
204.48.19.85 - - [01/Jul/2021:00:27:39 -0400] "POST /wp-cron.php?doing_wp_cron=1625113659.5771648883819580078125 HTTP/1.1" 200 5463 "https://ajhydell.com/wp-cron.php?doing_wp_cron=1625113659.5771648883819580078125" "WordPress/5.7.2; https://ajhydell.com"
207.46.13.80 - - [01/Jul/2021:00:27:39 -0400] "GET /2019/10/17/ HTTP/1.1" 200 17131 "-" "Mozilla/5.0 (compatible; bingbot/2.0; +http://www.bing.com/bingbot.htm)"
204.48.19.85 - - [01/Jul/2021:00:28:23 -0400] "POST /wp-cron.php?doing_wp_cron=1625113703.2354619503021240234375 HTTP/1.1" 200 5463 "https://ajhydell.com/wp-cron.php?doing_wp_cron=1625113703.2354619503021240234375" "WordPress/5.7.2; https://ajhydell.com"
5.255.253.88 - - [01/Jul/2021:00:28:22 -0400] "GET /2019/10/01/ HTTP/1.1" 200 17602 "-" "Mozilla/5.0 (compatible; YandexBot/3.0; +http://yandex.com/bots)"
204.48.19.85 - - [01/Jul/2021:00:29:08 -0400] "POST /wp-cron.php?doing_wp_cron=1625113748.5849390029907226562500 HTTP/1.1" 200 5463 "https://ajhydell.com/wp-cron.php?doing_wp_cron=1625113748.5849390029907226562500" "WordPress/5.7.2; https://ajhydell.com"
54.36.148.149 - - [01/Jul/2021:00:29:08 -0400] "GET /2020/12/11/valiant-japanese-soldiers-are-invincible-in-battle-advanced-japanese-weaponry-is-the-most-dominant-in-the-world-japan-1930s/ HTTP/1.1" 200 18158 "-" "Mozilla/5.0 (compatible; AhrefsBot/7.0; +http://ahrefs.com/robot/)"
40.77.167.20 - - [01/Jul/2021:00:29:36 -0400] "GET /2020/09/06/german-grenadiere-and-pz-kpfw-v-advance-during-the-battle-of-bautzen-the-last-german-victory-in-wwii-saxony-april-1945/ HTTP/1.1" 200 17804 "-" "Mozilla/5.0 (compatible; bingbot/2.0; +http://www.bing.com/bingbot.htm)"
204.48.19.85 - - [01/Jul/2021:00:31:23 -0400] "POST /wp-cron.php?doing_wp_cron=1625113883.1071081161499023437500 HTTP/1.1" 200 5463 "https://ajhydell.com/wp-cron.php?doing_wp_cron=1625113883.1071081161499023437500" "WordPress/5.7.2; https://ajhydell.com"
135.181.134.15 - - [01/Jul/2021:00:31:22 -0400] "GET /2021/05/23/the-poster-was-introduced-in-the-2003-flinn-scientific-catalog-reference-manual-and-distributed-free-to-science-teachers-who-placed-an-order-for-laboratory-chemicals-with-flinn-scientific/ HTTP/1.1" 200 18015 "-" "Mozilla/5.0 (compatible; Googlebot/2.1; +http://www.google.com/bot.html)"
204.48.19.85 - - [01/Jul/2021:00:32:34 -0400] "POST /wp-cron.php?doing_wp_cron=1625113954.2066709995269775390625 HTTP/1.1" 200 5463 "https://ajhydell.com/wp-cron.php?doing_wp_cron=1625113954.2066709995269775390625" "WordPress/5.7.2; https://ajhydell.com"
157.55.39.136 - - [01/Jul/2021:00:32:34 -0400] "GET /2021/06/28/battle-of-seelow-hights HTTP/1.1" 301 5184 "-" "Mozilla/5.0 (compatible; bingbot/2.0; +http://www.bing.com/bingbot.htm)"
157.55.39.136 - - [01/Jul/2021:00:32:35 -0400] "GET /2021/06/28/battle-of-seelow-hights/ HTTP/1.1" 200 17482 "-" "Mozilla/5.0 (compatible; bingbot/2.0; +http://www.bing.com/bingbot.htm)"
204.48.19.85 - - [01/Jul/2021:00:33:01 -0400] "POST /wp-cron.php?doing_wp_cron=1625113981.0675499439239501953125 HTTP/1.1" 200 5463 "https://ajhydell.com/wp-cron.php?doing_wp_cron=1625113981.0675499439239501953125" "WordPress/5.7.2; https://ajhydell.com"
66.249.66.134 - - [01/Jul/2021:00:33:01 -0400] "GET /2018/10/26/tsar-nicholas-ii-and-king-george-v-in-german-military-uniforms-berlin-1913/ HTTP/1.1" 200 18089 "-" "Mozilla/5.0 (Linux; Android 6.0.1; Nexus 5X Build/MMB29P) AppleWebKit/537.36 (KHTML, like Gecko) Chrome/91.0.4472.90 Mobile Safari/537.36 (compatible; Googlebot/2.1; +http://www.google.com/bot.html)"
66.249.66.132 - - [01/Jul/2021:00:34:38 -0400] "GET /wp-content/uploads/2020/07/picture-75-710x1024.jpg HTTP/1.1" 200 165016 "-" "Googlebot-Image/1.0"
204.48.19.85 - - [01/Jul/2021:00:34:58 -0400] "POST /wp-cron.php?doing_wp_cron=1625114098.7155179977416992187500 HTTP/1.1" 200 5463 "https://ajhydell.com/wp-cron.php?doing_wp_cron=1625114098.7155179977416992187500" "WordPress/5.7.2; https://ajhydell.com"
207.46.13.96 - - [01/Jul/2021:00:34:58 -0400] "GET /2021/06/17/april-13-1924-ford-ad HTTP/1.1" 301 5182 "-" "Mozilla/5.0 (compatible; bingbot/2.0; +http://www.bing.com/bingbot.htm)"
204.48.19.85 - - [01/Jul/2021:00:36:09 -0400] "POST /wp-cron.php?doing_wp_cron=1625114169.6401491165161132812500 HTTP/1.1" 200 5463 "https://ajhydell.com/wp-cron.php?doing_wp_cron=1625114169.6401491165161132812500" "WordPress/5.7.2; https://ajhydell.com"
185.191.171.43 - - [01/Jul/2021:00:36:09 -0400] "GET /2021/06/28/a-young-russian-boy-points-out-german-positions-to-commander-g-v-gvozdev-of-the-11th-squad-3rd-leningrad-partisan-brigade-in-a-small-village-during-the-siege-of-leningrad-near-leningrad-now-st-2/ HTTP/1.1" 200 18460 "-" "Mozilla/5.0 (compatible; SemrushBot/7~bl; +http://www.semrush.com/bot.html)"
64.62.197.92 - - [01/Jul/2021:00:36:42 -0400] "GET / HTTP/1.1" 200 101756 "-" "-"
204.48.19.85 - - [01/Jul/2021:00:36:45 -0400] "POST /wp-cron.php?doing_wp_cron=1625114205.2664830684661865234375 HTTP/1.1" 200 5463 "https://ajhydell.com/wp-cron.php?doing_wp_cron=1625114205.2664830684661865234375" "WordPress/5.7.2; https://ajhydell.com"
157.55.39.57 - - [01/Jul/2021:00:36:45 -0400] "GET /2021/04/20/people-gathering-on-the-steps-of-eros-in-piccadilly-circus-in-london-1953-photo-by-bert-hardy/ HTTP/1.1" 200 17726 "-" "Mozilla/5.0 (compatible; bingbot/2.0; +http://www.bing.com/bingbot.htm)"
54.36.149.36 - - [01/Jul/2021:00:36:53 -0400] "GET /2019/09/01/ HTTP/1.1" 200 17528 "-" "Mozilla/5.0 (compatible; AhrefsBot/7.0; +http://ahrefs.com/robot/)"
204.48.19.85 - - [01/Jul/2021:00:41:07 -0400] "POST /wp-cron.php?doing_wp_cron=1625114467.0188660621643066406250 HTTP/1.1" 200 5463 "https://ajhydell.com/wp-cron.php?doing_wp_cron=1625114467.0188660621643066406250" "WordPress/5.7.2; https://ajhydell.com"
23.100.232.233 - - [01/Jul/2021:00:41:06 -0400] "GET /2021/05/06/usaaf-p-47-thunderbolt-over-mont-saint-michel-normandy-france/ HTTP/1.1" 200 17141 "-" "Mozilla/5.0 (compatible; MSIE 9.0; Windows NT 6.1; Trident/5.0;  Trident/5.0)"
23.100.232.233 - - [01/Jul/2021:00:41:07 -0400] "GET /wp-content/plugins/add-expires-headers/cache/0/com/processed-header-f16a8d323e83e1bc1b76514e283fb81b7090a959.min.css HTTP/1.1" 200 52893 "https://ajhydell.com/2021/05/06/usaaf-p-47-thunderbolt-over-mont-saint-michel-normandy-france/" "Mozilla/5.0 (compatible; MSIE 9.0; Windows NT 6.1; Trident/5.0;  Trident/5.0)"
23.100.232.233 - - [01/Jul/2021:00:41:07 -0400] "GET /wp-includes/js/jquery/jquery.min.js?ver=3.5.1 HTTP/1.1" 200 31550 "https://ajhydell.com/2021/05/06/usaaf-p-47-thunderbolt-over-mont-saint-michel-normandy-france/" "Mozilla/5.0 (compatible; MSIE 9.0; Windows NT 6.1; Trident/5.0;  Trident/5.0)"
23.100.232.233 - - [01/Jul/2021:00:41:07 -0400] "GET /wp-content/plugins/google-analytics-for-wordpress/assets/js/frontend-gtag.min.js?ver=7.17.0 HTTP/1.1" 200 3476 "https://ajhydell.com/2021/05/06/usaaf-p-47-thunderbolt-over-mont-saint-michel-normandy-france/" "Mozilla/5.0 (compatible; MSIE 9.0; Windows NT 6.1; Trident/5.0;  Trident/5.0)"
23.100.232.233 - - [01/Jul/2021:00:41:07 -0400] "GET /wp-includes/js/jquery/jquery-migrate.min.js?ver=3.3.2 HTTP/1.1" 200 4687 "https://ajhydell.com/2021/05/06/usaaf-p-47-thunderbolt-over-mont-saint-michel-normandy-france/" "Mozilla/5.0 (compatible; MSIE 9.0; Windows NT 6.1; Trident/5.0;  Trident/5.0)"
23.100.232.233 - - [01/Jul/2021:00:41:09 -0400] "GET /wp-includes/js/wp-emoji-release.min.js?ver=5.7.2 HTTP/1.1" 200 5183 "https://ajhydell.com/2021/05/06/usaaf-p-47-thunderbolt-over-mont-saint-michel-normandy-france/" "Mozilla/5.0 (compatible; MSIE 9.0; Windows NT 6.1; Trident/5.0;  Trident/5.0)"
23.100.232.233 - - [01/Jul/2021:00:41:09 -0400] "GET /wp-content/plugins/wp-smushit/app/assets/js/smush-lazy-load.min.js?ver=3.8.7 HTTP/1.1" 200 4207 "https://ajhydell.com/2021/05/06/usaaf-p-47-thunderbolt-over-mont-saint-michel-normandy-france/" "Mozilla/5.0 (compatible; MSIE 9.0; Windows NT 6.1; Trident/5.0;  Trident/5.0)"
23.100.232.233 - - [01/Jul/2021:00:41:09 -0400] "GET /wp-content/themes/royal-magazine/js/navigation.js?ver=20151215 HTTP/1.1" 200 1349 "https://ajhydell.com/2021/05/06/usaaf-p-47-thunderbolt-over-mont-saint-michel-normandy-france/" "Mozilla/5.0 (compatible; MSIE 9.0; Windows NT 6.1; Trident/5.0;  Trident/5.0)"
23.100.232.233 - - [01/Jul/2021:00:41:09 -0400] "GET /wp-content/themes/royal-magazine/js/skip-link-focus-fix.js?ver=20151215 HTTP/1.1" 200 933 "https://ajhydell.com/2021/05/06/usaaf-p-47-thunderbolt-over-mont-saint-michel-normandy-france/" "Mozilla/5.0 (compatible; MSIE 9.0; Windows NT 6.1; Trident/5.0;  Trident/5.0)"
23.100.232.233 - - [01/Jul/2021:00:41:09 -0400] "GET /wp-content/themes/royal-magazine/assets/libraries/marquee/jquery.marquee.js?ver=5.7.2 HTTP/1.1" 200 5103 "https://ajhydell.com/2021/05/06/usaaf-p-47-thunderbolt-over-mont-saint-michel-normandy-france/" "Mozilla/5.0 (compatible; MSIE 9.0; Windows NT 6.1; Trident/5.0;  Trident/5.0)"
23.100.232.233 - - [01/Jul/2021:00:41:09 -0400] "GET /wp-content/themes/royal-magazine/assets/libraries/bootstrap/js/bootstrap.min.js?ver=5.7.2 HTTP/1.1" 200 10404 "https://ajhydell.com/2021/05/06/usaaf-p-47-thunderbolt-over-mont-saint-michel-normandy-france/" "Mozilla/5.0 (compatible; MSIE 9.0; Windows NT 6.1; Trident/5.0;  Trident/5.0)"
23.100.232.233 - - [01/Jul/2021:00:41:09 -0400] "GET /wp-content/themes/royal-magazine/assets/twp/js/custom-script.js?ver=5.7.2 HTTP/1.1" 200 3023 "https://ajhydell.com/2021/05/06/usaaf-p-47-thunderbolt-over-mont-saint-michel-normandy-france/" "Mozilla/5.0 (compatible; MSIE 9.0; Windows NT 6.1; Trident/5.0;  Trident/5.0)"
23.100.232.233 - - [01/Jul/2021:00:41:09 -0400] "GET /wp-content/themes/royal-magazine/assets/libraries/magnific-popup/jquery.magnific-popup.min.js?ver=5.7.2 HTTP/1.1" 200 7871 "https://ajhydell.com/2021/05/06/usaaf-p-47-thunderbolt-over-mont-saint-michel-normandy-france/" "Mozilla/5.0 (compatible; MSIE 9.0; Windows NT 6.1; Trident/5.0;  Trident/5.0)"
23.100.232.233 - - [01/Jul/2021:00:41:09 -0400] "GET /wp-content/plugins/facebook-pagelike-widget/fb.js?ver=1.0 HTTP/1.1" 200 821 "https://ajhydell.com/2021/05/06/usaaf-p-47-thunderbolt-over-mont-saint-michel-normandy-france/" "Mozilla/5.0 (compatible; MSIE 9.0; Windows NT 6.1; Trident/5.0;  Trident/5.0)"
23.100.232.233 - - [01/Jul/2021:00:41:09 -0400] "GET /wp-content/themes/royal-magazine/assets/libraries/slick/js/slick.min.js?ver=5.7.2 HTTP/1.1" 200 10740 "https://ajhydell.com/2021/05/06/usaaf-p-47-thunderbolt-over-mont-saint-michel-normandy-france/" "Mozilla/5.0 (compatible; MSIE 9.0; Windows NT 6.1; Trident/5.0;  Trident/5.0)"
23.100.232.233 - - [01/Jul/2021:00:41:10 -0400] "GET /wp-includes/js/wp-embed.min.js?ver=5.7.2 HTTP/1.1" 200 1221 "https://ajhydell.com/2021/05/06/usaaf-p-47-thunderbolt-over-mont-saint-michel-normandy-france/" "Mozilla/5.0 (compatible; MSIE 9.0; Windows NT 6.1; Trident/5.0;  Trident/5.0)"
23.100.232.233 - - [01/Jul/2021:00:41:10 -0400] "GET /wp-content/themes/royal-magazine/assets/libraries/theiaStickySidebar/theia-sticky-sidebar.min.js?ver=5.7.2 HTTP/1.1" 200 2271 "https://ajhydell.com/2021/05/06/usaaf-p-47-thunderbolt-over-mont-saint-michel-normandy-france/" "Mozilla/5.0 (compatible; MSIE 9.0; Windows NT 6.1; Trident/5.0;  Trident/5.0)"
5.255.253.88 - - [01/Jul/2021:00:41:16 -0400] "GET /2018/12/02/wreckage-left-on-sword-beach-following-the-d-day-landings-in-normandy-france-in-this-case-a-p-47-thunderbolt-that-was-shot-down-10-jun-1944-on-a-mission-to-cherbourg-france-july-2-1944/ HTTP/1.1" 200 18341 "-" "Mozilla/5.0 (compatible; YandexBot/3.0; +http://yandex.com/bots)"
204.48.19.85 - - [01/Jul/2021:00:42:31 -0400] "POST /wp-cron.php?doing_wp_cron=1625114551.9520208835601806640625 HTTP/1.1" 200 5463 "https://ajhydell.com/wp-cron.php?doing_wp_cron=1625114551.9520208835601806640625" "WordPress/5.7.2; https://ajhydell.com"
5.255.253.88 - - [01/Jul/2021:00:42:31 -0400] "GET /2020/03/29/1916-propaganda-poster/ HTTP/1.1" 200 17909 "-" "Mozilla/5.0 (compatible; YandexBot/3.0; +http://yandex.com/bots)"
5.255.253.88 - - [01/Jul/2021:00:42:36 -0400] "GET /wp-content/uploads/2018/11/picture-41.jpg HTTP/1.1" 200 126427 "-" "Mozilla/5.0 (compatible; YandexImages/3.0; +http://yandex.com/bots)"
204.48.19.85 - - [01/Jul/2021:00:43:17 -0400] "POST /wp-cron.php?doing_wp_cron=1625114597.1209180355072021484375 HTTP/1.1" 200 5463 "https://ajhydell.com/wp-cron.php?doing_wp_cron=1625114597.1209180355072021484375" "WordPress/5.7.2; https://ajhydell.com"
66.249.66.132 - - [01/Jul/2021:00:43:17 -0400] "GET /feed/ HTTP/1.1" 200 7483 "-" "Mozilla/5.0 (compatible; Googlebot/2.1; +http://www.google.com/bot.html)"
204.48.19.85 - - [01/Jul/2021:00:44:22 -0400] "POST /wp-cron.php?doing_wp_cron=1625114662.4356551170349121093750 HTTP/1.1" 200 5463 "https://ajhydell.com/wp-cron.php?doing_wp_cron=1625114662.4356551170349121093750" "WordPress/5.7.2; https://ajhydell.com"
185.191.171.21 - - [01/Jul/2021:00:44:22 -0400] "GET /robots.txt HTTP/1.1" 200 5648 "-" "Mozilla/5.0 (compatible; SemrushBot/7~bl; +http://www.semrush.com/bot.html)"
185.191.171.38 - - [01/Jul/2021:00:44:22 -0400] "GET /2021/04/25/an-aerial-photo-of-the-kowloon-walled-city-hong-kong-taken-in-1989-1942-x-1466/ HTTP/1.1" 200 18080 "-" "Mozilla/5.0 (compatible; SemrushBot/7~bl; +http://www.semrush.com/bot.html)"
54.36.149.61 - - [01/Jul/2021:00:44:26 -0400] "GET /2020/05/02/on-11-may-1945-the-sudeten-german-civilians-who-inhabited-volary-present-day-czech-republic-are-forced-by-us-troops-to-walk-past-bodies-of-30-jewish-women-who-were-starved-to-death-by-german-ss-t/ HTTP/1.1" 200 18488 "-" "Mozilla/5.0 (compatible; AhrefsBot/7.0; +http://ahrefs.com/robot/)"
157.55.39.136 - - [01/Jul/2021:00:44:52 -0400] "GET /wp-content/uploads/2019/07/picture-68-768x506.jpg HTTP/1.1" 200 71524 "-" "Mozilla/5.0 (compatible; bingbot/2.0; +http://www.bing.com/bingbot.htm)"
207.46.13.80 - - [01/Jul/2021:00:45:52 -0400] "GET /wp-content/uploads/2020/07/picture-53.jpg HTTP/1.1" 200 160538 "-" "Mozilla/5.0 (compatible; bingbot/2.0; +http://www.bing.com/bingbot.htm)"
204.48.19.85 - - [01/Jul/2021:00:46:28 -0400] "POST /wp-cron.php?doing_wp_cron=1625114788.2649068832397460937500 HTTP/1.1" 200 5463 "https://ajhydell.com/wp-cron.php?doing_wp_cron=1625114788.2649068832397460937500" "WordPress/5.7.2; https://ajhydell.com"
40.77.167.20 - - [01/Jul/2021:00:46:28 -0400] "GET /2021/06/28/knox-gelatine-1938 HTTP/1.1" 301 5179 "-" "Mozilla/5.0 (compatible; bingbot/2.0; +http://www.bing.com/bingbot.htm)"
40.77.167.20 - - [01/Jul/2021:00:46:28 -0400] "GET /2021/06/28/knox-gelatine-1938/ HTTP/1.1" 200 17621 "-" "Mozilla/5.0 (compatible; bingbot/2.0; +http://www.bing.com/bingbot.htm)"
207.46.13.22 - - [01/Jul/2021:00:46:32 -0400] "GET /2018/09/05/time-to-relax-and-sunbathe-on-the-beach-at-bournemouth-dorset-uk-on-bank-holiday-monday-28-august-1944-colourized1080x807/ HTTP/1.1" 200 17740 "-" "Mozilla/5.0 (compatible; bingbot/2.0; +http://www.bing.com/bingbot.htm)"
207.46.13.96 - - [01/Jul/2021:00:47:29 -0400] "GET /wp-content/uploads/2020/12/picture-102-scaled.jpg HTTP/1.1" 200 932988 "-" "Mozilla/5.0 (compatible; bingbot/2.0; +http://www.bing.com/bingbot.htm)"
204.48.19.85 - - [01/Jul/2021:00:48:01 -0400] "POST /wp-cron.php?doing_wp_cron=1625114881.1487019062042236328125 HTTP/1.1" 200 5463 "https://ajhydell.com/wp-cron.php?doing_wp_cron=1625114881.1487019062042236328125" "WordPress/5.7.2; https://ajhydell.com"
185.191.171.8 - - [01/Jul/2021:00:48:01 -0400] "GET /2019/11/23/ HTTP/1.1" 200 17636 "-" "Mozilla/5.0 (compatible; SemrushBot/7~bl; +http://www.semrush.com/bot.html)"
5.255.253.88 - - [01/Jul/2021:00:49:21 -0400] "GET /wp-content/uploads/2018/10/picture-119.jpg HTTP/1.1" 304 5440 "-" "Mozilla/5.0 (compatible; YandexImages/3.0; +http://yandex.com/bots)"
204.48.19.85 - - [01/Jul/2021:00:50:06 -0400] "POST /wp-cron.php?doing_wp_cron=1625115006.3133249282836914062500 HTTP/1.1" 200 5463 "https://ajhydell.com/wp-cron.php?doing_wp_cron=1625115006.3133249282836914062500" "WordPress/5.7.2; https://ajhydell.com"
185.191.171.13 - - [01/Jul/2021:00:50:06 -0400] "GET /2019/01/08/ HTTP/1.1" 200 17606 "-" "Mozilla/5.0 (compatible; SemrushBot/7~bl; +http://www.semrush.com/bot.html)"
77.75.78.164 - - [01/Jul/2021:00:50:20 -0400] "GET /robots.txt HTTP/1.1" 200 5685 "-" "Mozilla/5.0 (compatible; SeznamBot/3.2; +http://napoveda.seznam.cz/en/seznambot-intro/)"
77.75.78.164 - - [01/Jul/2021:00:50:22 -0400] "GET /sitemap-pt-post-2021-06.xml HTTP/1.1" 200 13324 "-" "Mozilla/5.0 (compatible; SeznamBot/3.2; +http://napoveda.seznam.cz/en/seznambot-intro/)"
157.55.39.22 - - [01/Jul/2021:00:50:30 -0400] "GET /wp-content/uploads/2020/07/picture-69-scaled.jpg HTTP/1.1" 200 394709 "-" "Mozilla/5.0 (compatible; bingbot/2.0; +http://www.bing.com/bingbot.htm)"
204.48.19.85 - - [01/Jul/2021:00:51:42 -0400] "POST /wp-cron.php?doing_wp_cron=1625115102.7636370658874511718750 HTTP/1.1" 200 5463 "https://ajhydell.com/wp-cron.php?doing_wp_cron=1625115102.7636370658874511718750" "WordPress/5.7.2; https://ajhydell.com"
