204.48.19.85 - - [07/Jul/2021:00:00:15 -0400] "POST /wp-cron.php?doing_wp_cron=1625630415.8491098880767822265625 HTTP/1.1" 200 6295 "https://ajhydell.com/wp-cron.php?doing_wp_cron=1625630415.8491098880767822265625" "WordPress/5.7.2; https://ajhydell.com"
195.201.58.104 - - [07/Jul/2021:00:00:14 -0400] "GET /feed/ HTTP/1.1" 200 8009 "-" "AwarioRssBot/1.0 (+https://awario.com/bots.html; bots@awario.com)"
17.121.112.207 - - [07/Jul/2021:00:00:24 -0400] "GET /2020/01/23/switzerland-1936-air-protection-is-self-protection-air-defense-exhibition/ HTTP/1.1" 200 18484 "-" "Mozilla/5.0 (Macintosh; Intel Mac OS X 10_15_5) AppleWebKit/605.1.15 (KHTML, like Gecko) Version/13.1.1 Safari/605.1.15 (Applebot/0.1; +http://www.apple.com/go/applebot)"
204.48.19.85 - - [07/Jul/2021:00:01:23 -0400] "POST /wp-cron.php?doing_wp_cron=1625630483.4832620620727539062500 HTTP/1.1" 200 6295 "https://ajhydell.com/wp-cron.php?doing_wp_cron=1625630483.4832620620727539062500" "WordPress/5.7.2; https://ajhydell.com"
128.14.133.58 - - [07/Jul/2021:00:01:23 -0400] "GET / HTTP/1.1" 200 20112 "-" "Mozilla/5.0 (Windows NT 10.0; Win64; x64) AppleWebKit/537.36 (KHTML, like Gecko) Chrome/60.0.3112.113 Safari/537.36"
204.48.19.85 - - [07/Jul/2021:00:01:53 -0400] "POST /wp-cron.php?doing_wp_cron=1625630513.8013288974761962890625 HTTP/1.1" 200 6295 "https://ajhydell.com/wp-cron.php?doing_wp_cron=1625630513.8013288974761962890625" "WordPress/5.7.2; https://ajhydell.com"
54.36.148.117 - - [07/Jul/2021:00:01:53 -0400] "GET /2021/07/07/ HTTP/1.1" 200 18026 "-" "Mozilla/5.0 (compatible; AhrefsBot/7.0; +http://ahrefs.com/robot/)"
204.48.19.85 - - [07/Jul/2021:00:03:10 -0400] "POST /wp-cron.php?doing_wp_cron=1625630590.0710299015045166015625 HTTP/1.1" 200 6295 "https://ajhydell.com/wp-cron.php?doing_wp_cron=1625630590.0710299015045166015625" "WordPress/5.7.2; https://ajhydell.com"
17.121.114.197 - - [07/Jul/2021:00:03:10 -0400] "GET /2018/10/09/ireland-as-palestine-date-unknown/ HTTP/1.1" 200 18230 "-" "Mozilla/5.0 (Macintosh; Intel Mac OS X 10_15_5) AppleWebKit/605.1.15 (KHTML, like Gecko) Version/13.1.1 Safari/605.1.15 (Applebot/0.1; +http://www.apple.com/go/applebot)"
163.44.198.33 - - [07/Jul/2021:00:03:11 -0400] "GET /wp-login.php HTTP/1.1" 200 8604 "-" "Mozilla/5.0 (X11; Ubuntu; Linux x86_64; rv:62.0) Gecko/20100101 Firefox/62.0"
163.44.198.33 - - [07/Jul/2021:00:03:12 -0400] "POST /wp-login.php HTTP/1.1" 200 8694 "-" "Mozilla/5.0 (X11; Ubuntu; Linux x86_64; rv:62.0) Gecko/20100101 Firefox/62.0"
163.44.198.33 - - [07/Jul/2021:00:03:13 -0400] "POST /xmlrpc.php HTTP/1.1" 200 5852 "-" "Mozilla/5.0 (X11; Ubuntu; Linux x86_64; rv:62.0) Gecko/20100101 Firefox/62.0"
112.133.245.181 - - [07/Jul/2021:00:03:27 -0400] "POST /xmlrpc.php HTTP/1.1" 403 6139 "-" "Mozilla/5.0 (X11; Linux i686; rv:2.0.1) Gecko/20100101 Firefox/4.0.1"
112.133.245.181 - - [07/Jul/2021:00:03:31 -0400] "POST /wp-login.php HTTP/1.1" 200 14480 "-" "Mozilla/5.0 (X11; Linux i686; rv:2.0.1) Gecko/20100101 Firefox/4.0.1"
204.48.19.85 - - [07/Jul/2021:00:04:00 -0400] "POST /wp-cron.php?doing_wp_cron=1625630640.3345010280609130859375 HTTP/1.1" 200 6295 "https://ajhydell.com/wp-cron.php?doing_wp_cron=1625630640.3345010280609130859375" "WordPress/5.7.2; https://ajhydell.com"
207.46.13.67 - - [07/Jul/2021:00:04:00 -0400] "GET /2019/12/22/heres-an-actual-historical-picture-of-cigarette-lighting-from-a-flammenwerfer/ HTTP/1.1" 200 18668 "-" "Mozilla/5.0 (compatible; bingbot/2.0; +http://www.bing.com/bingbot.htm)"
204.48.19.85 - - [07/Jul/2021:00:05:12 -0400] "POST /wp-cron.php?doing_wp_cron=1625630712.2291069030761718750000 HTTP/1.1" 200 6295 "https://ajhydell.com/wp-cron.php?doing_wp_cron=1625630712.2291069030761718750000" "WordPress/5.7.2; https://ajhydell.com"
112.133.245.181 - - [07/Jul/2021:00:05:12 -0400] "POST /xmlrpc.php HTTP/1.1" 403 6139 "-" "Mozilla/5.0 (X11; Linux i686; rv:2.0.1) Gecko/20100101 Firefox/4.0.1"
112.133.245.181 - - [07/Jul/2021:00:05:16 -0400] "POST /wp-login.php HTTP/1.1" 200 14480 "-" "Mozilla/5.0 (X11; Linux i686; rv:2.0.1) Gecko/20100101 Firefox/4.0.1"
71.237.174.184 - - [07/Jul/2021:00:06:48 -0400] "GET /wp-content/uploads/2018/08/picture-38.jpg HTTP/1.1" 200 1658669 "https://yandex.com/" "Mozilla/5.0 (Macintosh; Intel Mac OS X 10.15; rv:78.0) Gecko/20100101 Firefox/78.0"
216.244.66.250 - - [07/Jul/2021:00:06:49 -0400] "GET /robots.txt HTTP/1.1" 301 529 "-" "Mozilla/5.0 (compatible; DotBot/1.2; +https://opensiteexplorer.org/dotbot; help@moz.com)"
204.48.19.85 - - [07/Jul/2021:00:06:49 -0400] "POST /wp-cron.php?doing_wp_cron=1625630809.9376599788665771484375 HTTP/1.1" 200 6295 "https://ajhydell.com/wp-cron.php?doing_wp_cron=1625630809.9376599788665771484375" "WordPress/5.7.2; https://ajhydell.com"
204.48.19.85 - - [07/Jul/2021:00:06:49 -0400] "POST /wp-cron.php?doing_wp_cron=1625630809.9376580715179443359375 HTTP/1.1" 200 6295 "https://ajhydell.com/wp-cron.php?doing_wp_cron=1625630809.9376580715179443359375" "WordPress/5.7.2; https://ajhydell.com"
216.244.66.250 - - [07/Jul/2021:00:06:49 -0400] "GET /robots.txt HTTP/1.1" 200 5859 "-" "Mozilla/5.0 (compatible; DotBot/1.2; +https://opensiteexplorer.org/dotbot; help@moz.com)"
112.133.245.181 - - [07/Jul/2021:00:06:49 -0400] "POST /xmlrpc.php HTTP/1.1" 403 6139 "-" "Mozilla/5.0 (X11; Linux i686; rv:2.0.1) Gecko/20100101 Firefox/4.0.1"
112.133.245.181 - - [07/Jul/2021:00:06:54 -0400] "POST /wp-login.php HTTP/1.1" 200 14480 "-" "Mozilla/5.0 (X11; Linux i686; rv:2.0.1) Gecko/20100101 Firefox/4.0.1"
204.48.19.85 - - [07/Jul/2021:00:08:52 -0400] "POST /wp-cron.php?doing_wp_cron=1625630932.6860489845275878906250 HTTP/1.1" 200 6295 "https://ajhydell.com/wp-cron.php?doing_wp_cron=1625630932.6860489845275878906250" "WordPress/5.7.2; https://ajhydell.com"
17.121.112.161 - - [07/Jul/2021:00:08:52 -0400] "GET /2019/03/09/why-we-oppose-votes-for-men-suffragette-satirical-cartoon-us-1915/ HTTP/1.1" 200 18376 "-" "Mozilla/5.0 (Macintosh; Intel Mac OS X 10_15_5) AppleWebKit/605.1.15 (KHTML, like Gecko) Version/13.1.1 Safari/605.1.15 (Applebot/0.1; +http://www.apple.com/go/applebot)"
162.55.53.198 - - [07/Jul/2021:00:09:26 -0400] "POST /wp-login.php HTTP/1.1" 503 24795 "-" "Mozilla/5.0 (Windows NT 6.1) AppleWebKit/537.36 (KHTML, like Gecko) Chrome/80.0.3987.149 Safari/537.36"
204.48.19.85 - - [07/Jul/2021:00:09:54 -0400] "POST /wp-cron.php?doing_wp_cron=1625630994.8980979919433593750000 HTTP/1.1" 200 6295 "https://ajhydell.com/wp-cron.php?doing_wp_cron=1625630994.8980979919433593750000" "WordPress/5.7.2; https://ajhydell.com"
52.211.143.139 - - [07/Jul/2021:00:09:54 -0400] "GET //wikidiff.com/wellings/wikidiffcom HTTP/1.0" 301 5908 "-" "Riddler (http://riddler.io/about)"
204.48.19.85 - - [07/Jul/2021:00:12:47 -0400] "POST /wp-cron.php?doing_wp_cron=1625631167.8200860023498535156250 HTTP/1.1" 200 6295 "https://ajhydell.com/wp-cron.php?doing_wp_cron=1625631167.8200860023498535156250" "WordPress/5.7.2; https://ajhydell.com"
34.92.46.58 - - [07/Jul/2021:00:12:47 -0400] "GET /wp-login.php HTTP/1.1" 200 8604 "-" "Mozilla/5.0 (X11; Ubuntu; Linux x86_64; rv:62.0) Gecko/20100101 Firefox/62.0"
34.92.46.58 - - [07/Jul/2021:00:12:48 -0400] "POST /wp-login.php HTTP/1.1" 200 8694 "-" "Mozilla/5.0 (X11; Ubuntu; Linux x86_64; rv:62.0) Gecko/20100101 Firefox/62.0"
34.92.46.58 - - [07/Jul/2021:00:12:49 -0400] "POST /xmlrpc.php HTTP/1.1" 200 5852 "-" "Mozilla/5.0 (X11; Ubuntu; Linux x86_64; rv:62.0) Gecko/20100101 Firefox/62.0"
66.249.70.114 - - [07/Jul/2021:00:13:02 -0400] "GET /feed/ HTTP/1.1" 200 8615 "-" "Mozilla/5.0 (compatible; Googlebot/2.1; +http://www.google.com/bot.html)"
66.249.70.114 - - [07/Jul/2021:00:13:02 -0400] "GET /robots.txt HTTP/1.1" 200 6517 "-" "Mozilla/5.0 (compatible; Googlebot/2.1; +http://www.google.com/bot.html)"
204.48.19.85 - - [07/Jul/2021:00:13:52 -0400] "POST /wp-cron.php?doing_wp_cron=1625631232.3268089294433593750000 HTTP/1.1" 200 6295 "https://ajhydell.com/wp-cron.php?doing_wp_cron=1625631232.3268089294433593750000" "WordPress/5.7.2; https://ajhydell.com"
46.101.28.212 - - [07/Jul/2021:00:13:52 -0400] "GET /wp-login.php HTTP/1.1" 200 8604 "-" "Mozilla/5.0 (X11; Ubuntu; Linux x86_64; rv:62.0) Gecko/20100101 Firefox/62.0"
46.101.28.212 - - [07/Jul/2021:00:13:52 -0400] "POST /wp-login.php HTTP/1.1" 200 8693 "-" "Mozilla/5.0 (X11; Ubuntu; Linux x86_64; rv:62.0) Gecko/20100101 Firefox/62.0"
46.101.28.212 - - [07/Jul/2021:00:13:53 -0400] "POST /xmlrpc.php HTTP/1.1" 200 5852 "-" "Mozilla/5.0 (X11; Ubuntu; Linux x86_64; rv:62.0) Gecko/20100101 Firefox/62.0"
204.48.19.85 - - [07/Jul/2021:00:16:53 -0400] "POST /wp-cron.php?doing_wp_cron=1625631413.5646030902862548828125 HTTP/1.1" 200 6295 "https://ajhydell.com/wp-cron.php?doing_wp_cron=1625631413.5646030902862548828125" "WordPress/5.7.2; https://ajhydell.com"
62.210.215.117 - - [07/Jul/2021:00:16:53 -0400] "GET /feed/ HTTP/1.1" 200 8884 "-" "Mozilla/5.0 (X11; Linux i686) AppleWebKit/537.36 (KHTML, like Gecko) Chrome/30.0.1599.66 Safari/537.36"
185.191.171.7 - - [07/Jul/2021:00:17:14 -0400] "GET /robots.txt HTTP/1.1" 200 6480 "-" "Mozilla/5.0 (compatible; SemrushBot/7~bl; +http://www.semrush.com/bot.html)"
185.191.171.19 - - [07/Jul/2021:00:17:14 -0400] "GET /2020/04/12/this-will-happen-to-the-fascist-beast-1944/ HTTP/1.1" 200 18995 "-" "Mozilla/5.0 (compatible; SemrushBot/7~bl; +http://www.semrush.com/bot.html)"
216.244.66.250 - - [07/Jul/2021:00:17:17 -0400] "GET /2019/03/01/charles-lindbergh-in-the-open-cockpit-of-airplane-at-lambert-field-st-louis-missouri-in-1923/ HTTP/1.1" 200 68599 "-" "Mozilla/5.0 (compatible; DotBot/1.2; +https://opensiteexplorer.org/dotbot; help@moz.com)"
204.48.19.85 - - [07/Jul/2021:00:17:45 -0400] "POST /wp-cron.php?doing_wp_cron=1625631465.1848299503326416015625 HTTP/1.1" 200 6295 "https://ajhydell.com/wp-cron.php?doing_wp_cron=1625631465.1848299503326416015625" "WordPress/5.7.2; https://ajhydell.com"
175.184.166.111 - - [07/Jul/2021:00:17:45 -0400] "GET /favicon.ico HTTP/1.1" 302 5971 "-" "Mozilla/4.0 (compatible; MSIE 7.0; Windows NT 5.1; Avant Browser)"
36.5.218.215 - - [07/Jul/2021:00:17:48 -0400] "GET /favicon.ico HTTP/1.1" 302 5971 "-" "Mozilla/5.0 (Macintosh; U; Intel Mac OS X 10_6_8; en-us) AppleWebKit/534.50 (KHTML, like Gecko) Version/5.1 Safari/534.50"
124.225.44.79 - - [07/Jul/2021:00:17:50 -0400] "GET /wp-content/uploads/2018/08/cropped-logo-32x32.jpg HTTP/1.1" 200 6839 "-" "Mozilla/4.0 (compatible; MSIE 7.0; Windows NT 5.1; Avant Browser)"
204.48.19.85 - - [07/Jul/2021:00:24:14 -0400] "POST /wp-cron.php?doing_wp_cron=1625631854.2724568843841552734375 HTTP/1.1" 200 6295 "https://ajhydell.com/wp-cron.php?doing_wp_cron=1625631854.2724568843841552734375" "WordPress/5.7.2; https://ajhydell.com"
188.34.132.6 - - [07/Jul/2021:00:24:14 -0400] "GET /wp-login.php HTTP/1.1" 200 8603 "-" "Mozilla/5.0 (X11; Ubuntu; Linux x86_64; rv:62.0) Gecko/20100101 Firefox/62.0"
188.34.132.6 - - [07/Jul/2021:00:24:14 -0400] "POST /wp-login.php HTTP/1.1" 200 8692 "-" "Mozilla/5.0 (X11; Ubuntu; Linux x86_64; rv:62.0) Gecko/20100101 Firefox/62.0"
188.34.132.6 - - [07/Jul/2021:00:24:15 -0400] "POST /xmlrpc.php HTTP/1.1" 200 5852 "-" "Mozilla/5.0 (X11; Ubuntu; Linux x86_64; rv:62.0) Gecko/20100101 Firefox/62.0"
5.255.231.37 - - [07/Jul/2021:00:24:42 -0400] "GET /robots.txt HTTP/1.1" 200 6535 "-" "Mozilla/5.0 (compatible; YandexBot/3.0; +http://yandex.com/bots)"
204.48.19.85 - - [07/Jul/2021:00:24:46 -0400] "POST /wp-cron.php?doing_wp_cron=1625631886.3687291145324707031250 HTTP/1.1" 200 6295 "https://ajhydell.com/wp-cron.php?doing_wp_cron=1625631886.3687291145324707031250" "WordPress/5.7.2; https://ajhydell.com"
49.7.20.65 - - [07/Jul/2021:00:24:46 -0400] "GET / HTTP/1.1" 200 20259 "-" "Sogou web spider/4.0(+http://www.sogou.com/docs/help/webmasters.htm#07)"
5.255.253.148 - - [07/Jul/2021:00:24:46 -0400] "GET /sitemap-pt-post-2019-12.xml HTTP/1.1" 200 9144 "-" "Mozilla/5.0 (compatible; YandexBot/3.0; +http://yandex.com/bots)"
204.48.19.85 - - [07/Jul/2021:00:27:15 -0400] "POST /wp-cron.php?doing_wp_cron=1625632035.8157920837402343750000 HTTP/1.1" 200 6295 "https://ajhydell.com/wp-cron.php?doing_wp_cron=1625632035.8157920837402343750000" "WordPress/5.7.2; https://ajhydell.com"
23.100.232.233 - - [07/Jul/2021:00:27:15 -0400] "GET /2020/02/16/the-discovery-f-tutankhamens-tomb/ HTTP/1.1" 200 20453 "-" "Mozilla/5.0 (compatible; MSIE 9.0; Windows NT 6.1; Trident/5.0;  Trident/5.0)"
23.100.232.233 - - [07/Jul/2021:00:27:16 -0400] "GET /wp-content/plugins/add-expires-headers/cache/0/com/processed-header-f16a8d323e83e1bc1b76514e283fb81b7090a959.min.css HTTP/1.1" 200 52893 "https://ajhydell.com/2020/02/16/the-discovery-f-tutankhamens-tomb/" "Mozilla/5.0 (compatible; MSIE 9.0; Windows NT 6.1; Trident/5.0;  Trident/5.0)"
23.100.232.233 - - [07/Jul/2021:00:27:16 -0400] "GET /wp-content/plugins/google-analytics-for-wordpress/assets/js/frontend-gtag.min.js?ver=7.17.0 HTTP/1.1" 200 3476 "https://ajhydell.com/2020/02/16/the-discovery-f-tutankhamens-tomb/" "Mozilla/5.0 (compatible; MSIE 9.0; Windows NT 6.1; Trident/5.0;  Trident/5.0)"
23.100.232.233 - - [07/Jul/2021:00:27:16 -0400] "GET /wp-includes/js/jquery/jquery.min.js?ver=3.5.1 HTTP/1.1" 200 31550 "https://ajhydell.com/2020/02/16/the-discovery-f-tutankhamens-tomb/" "Mozilla/5.0 (compatible; MSIE 9.0; Windows NT 6.1; Trident/5.0;  Trident/5.0)"
23.100.232.233 - - [07/Jul/2021:00:27:17 -0400] "GET /wp-includes/js/jquery/jquery-migrate.min.js?ver=3.3.2 HTTP/1.1" 200 4687 "https://ajhydell.com/2020/02/16/the-discovery-f-tutankhamens-tomb/" "Mozilla/5.0 (compatible; MSIE 9.0; Windows NT 6.1; Trident/5.0;  Trident/5.0)"
23.100.232.233 - - [07/Jul/2021:00:27:18 -0400] "GET /wp-content/plugins/wp-smushit/app/assets/js/smush-lazy-load.min.js?ver=3.8.7 HTTP/1.1" 200 4207 "https://ajhydell.com/2020/02/16/the-discovery-f-tutankhamens-tomb/" "Mozilla/5.0 (compatible; MSIE 9.0; Windows NT 6.1; Trident/5.0;  Trident/5.0)"
23.100.232.233 - - [07/Jul/2021:00:27:18 -0400] "GET /wp-includes/js/wp-emoji-release.min.js?ver=5.7.2 HTTP/1.1" 200 5183 "https://ajhydell.com/2020/02/16/the-discovery-f-tutankhamens-tomb/" "Mozilla/5.0 (compatible; MSIE 9.0; Windows NT 6.1; Trident/5.0;  Trident/5.0)"
23.100.232.233 - - [07/Jul/2021:00:27:18 -0400] "GET /wp-content/themes/royal-magazine/js/navigation.js?ver=20151215 HTTP/1.1" 200 1349 "https://ajhydell.com/2020/02/16/the-discovery-f-tutankhamens-tomb/" "Mozilla/5.0 (compatible; MSIE 9.0; Windows NT 6.1; Trident/5.0;  Trident/5.0)"
23.100.232.233 - - [07/Jul/2021:00:27:18 -0400] "GET /wp-content/themes/royal-magazine/js/skip-link-focus-fix.js?ver=20151215 HTTP/1.1" 200 933 "https://ajhydell.com/2020/02/16/the-discovery-f-tutankhamens-tomb/" "Mozilla/5.0 (compatible; MSIE 9.0; Windows NT 6.1; Trident/5.0;  Trident/5.0)"
23.100.232.233 - - [07/Jul/2021:00:27:18 -0400] "GET /wp-content/themes/royal-magazine/assets/libraries/bootstrap/js/bootstrap.min.js?ver=5.7.2 HTTP/1.1" 200 10404 "https://ajhydell.com/2020/02/16/the-discovery-f-tutankhamens-tomb/" "Mozilla/5.0 (compatible; MSIE 9.0; Windows NT 6.1; Trident/5.0;  Trident/5.0)"
23.100.232.233 - - [07/Jul/2021:00:27:18 -0400] "GET /wp-content/themes/royal-magazine/assets/libraries/marquee/jquery.marquee.js?ver=5.7.2 HTTP/1.1" 200 5103 "https://ajhydell.com/2020/02/16/the-discovery-f-tutankhamens-tomb/" "Mozilla/5.0 (compatible; MSIE 9.0; Windows NT 6.1; Trident/5.0;  Trident/5.0)"
23.100.232.233 - - [07/Jul/2021:00:27:18 -0400] "GET /wp-content/themes/royal-magazine/assets/libraries/magnific-popup/jquery.magnific-popup.min.js?ver=5.7.2 HTTP/1.1" 200 7871 "https://ajhydell.com/2020/02/16/the-discovery-f-tutankhamens-tomb/" "Mozilla/5.0 (compatible; MSIE 9.0; Windows NT 6.1; Trident/5.0;  Trident/5.0)"
23.100.232.233 - - [07/Jul/2021:00:27:18 -0400] "GET /wp-content/themes/royal-magazine/assets/twp/js/custom-script.js?ver=5.7.2 HTTP/1.1" 200 3023 "https://ajhydell.com/2020/02/16/the-discovery-f-tutankhamens-tomb/" "Mozilla/5.0 (compatible; MSIE 9.0; Windows NT 6.1; Trident/5.0;  Trident/5.0)"
23.100.232.233 - - [07/Jul/2021:00:27:18 -0400] "GET /wp-includes/js/wp-embed.min.js?ver=5.7.2 HTTP/1.1" 200 1221 "https://ajhydell.com/2020/02/16/the-discovery-f-tutankhamens-tomb/" "Mozilla/5.0 (compatible; MSIE 9.0; Windows NT 6.1; Trident/5.0;  Trident/5.0)"
23.100.232.233 - - [07/Jul/2021:00:27:18 -0400] "GET /wp-content/plugins/akismet/_inc/form.js?ver=4.1.9 HTTP/1.1" 200 773 "https://ajhydell.com/2020/02/16/the-discovery-f-tutankhamens-tomb/" "Mozilla/5.0 (compatible; MSIE 9.0; Windows NT 6.1; Trident/5.0;  Trident/5.0)"
23.100.232.233 - - [07/Jul/2021:00:27:18 -0400] "GET /wp-content/themes/royal-magazine/assets/libraries/theiaStickySidebar/theia-sticky-sidebar.min.js?ver=5.7.2 HTTP/1.1" 200 2271 "https://ajhydell.com/2020/02/16/the-discovery-f-tutankhamens-tomb/" "Mozilla/5.0 (compatible; MSIE 9.0; Windows NT 6.1; Trident/5.0;  Trident/5.0)"
23.100.232.233 - - [07/Jul/2021:00:27:18 -0400] "GET /wp-content/themes/royal-magazine/assets/libraries/slick/js/slick.min.js?ver=5.7.2 HTTP/1.1" 200 10740 "https://ajhydell.com/2020/02/16/the-discovery-f-tutankhamens-tomb/" "Mozilla/5.0 (compatible; MSIE 9.0; Windows NT 6.1; Trident/5.0;  Trident/5.0)"
23.100.232.233 - - [07/Jul/2021:00:27:18 -0400] "GET /wp-includes/js/comment-reply.min.js?ver=5.7.2 HTTP/1.1" 200 1797 "https://ajhydell.com/2020/02/16/the-discovery-f-tutankhamens-tomb/" "Mozilla/5.0 (compatible; MSIE 9.0; Windows NT 6.1; Trident/5.0;  Trident/5.0)"
23.100.232.233 - - [07/Jul/2021:00:27:18 -0400] "GET /wp-content/plugins/facebook-pagelike-widget/fb.js?ver=1.0 HTTP/1.1" 200 821 "https://ajhydell.com/2020/02/16/the-discovery-f-tutankhamens-tomb/" "Mozilla/5.0 (compatible; MSIE 9.0; Windows NT 6.1; Trident/5.0;  Trident/5.0)"
204.48.19.85 - - [07/Jul/2021:00:29:44 -0400] "POST /wp-cron.php?doing_wp_cron=1625632184.0775868892669677734375 HTTP/1.1" 200 6295 "https://ajhydell.com/wp-cron.php?doing_wp_cron=1625632184.0775868892669677734375" "WordPress/5.7.2; https://ajhydell.com"
207.46.13.181 - - [07/Jul/2021:00:29:44 -0400] "GET /2019/01/14/abdul-hamid-ii-r-1876-1909-34th-sultan-of-the-ottoman-empire-represented-as-making-the-rope-to-hang-himself-judge-magazine-usa-september-1903/ HTTP/1.1" 200 18874 "-" "Mozilla/5.0 (compatible; bingbot/2.0; +http://www.bing.com/bingbot.htm)"
204.48.19.85 - - [07/Jul/2021:00:30:50 -0400] "POST /wp-cron.php?doing_wp_cron=1625632250.5888640880584716796875 HTTP/1.1" 200 6295 "https://ajhydell.com/wp-cron.php?doing_wp_cron=1625632250.5888640880584716796875" "WordPress/5.7.2; https://ajhydell.com"
101.32.178.221 - - [07/Jul/2021:00:30:50 -0400] "POST /wp-login.php HTTP/1.1" 503 24795 "-" "Mozilla/5.0 (Windows NT 10.0; Win64; x64) AppleWebKit/537.36 (KHTML, like Gecko) Chrome/66.0.3359.117 Safari/537.36"
204.48.19.85 - - [07/Jul/2021:00:31:22 -0400] "POST /wp-cron.php?doing_wp_cron=1625632282.1144409179687500000000 HTTP/1.1" 200 6295 "https://ajhydell.com/wp-cron.php?doing_wp_cron=1625632282.1144409179687500000000" "WordPress/5.7.2; https://ajhydell.com"
185.191.171.37 - - [07/Jul/2021:00:31:22 -0400] "GET /2019/08/27/mogadishu-somalia-in-the-1930s-2180-x-1464/ HTTP/1.1" 200 18853 "-" "Mozilla/5.0 (compatible; SemrushBot/7~bl; +http://www.semrush.com/bot.html)"
204.48.19.85 - - [07/Jul/2021:00:32:38 -0400] "POST /wp-cron.php?doing_wp_cron=1625632358.3759479522705078125000 HTTP/1.1" 200 6295 "https://ajhydell.com/wp-cron.php?doing_wp_cron=1625632358.3759479522705078125000" "WordPress/5.7.2; https://ajhydell.com"
103.1.239.126 - - [07/Jul/2021:00:32:38 -0400] "GET /wp-login.php HTTP/1.1" 200 8603 "-" "Mozilla/5.0 (X11; Ubuntu; Linux x86_64; rv:62.0) Gecko/20100101 Firefox/62.0"
103.1.239.126 - - [07/Jul/2021:00:32:39 -0400] "POST /wp-login.php HTTP/1.1" 200 8695 "-" "Mozilla/5.0 (X11; Ubuntu; Linux x86_64; rv:62.0) Gecko/20100101 Firefox/62.0"
103.1.239.126 - - [07/Jul/2021:00:32:40 -0400] "POST /xmlrpc.php HTTP/1.1" 200 5852 "-" "Mozilla/5.0 (X11; Ubuntu; Linux x86_64; rv:62.0) Gecko/20100101 Firefox/62.0"
204.48.19.85 - - [07/Jul/2021:00:33:18 -0400] "POST /wp-cron.php?doing_wp_cron=1625632398.5623319149017333984375 HTTP/1.1" 200 6295 "https://ajhydell.com/wp-cron.php?doing_wp_cron=1625632398.5623319149017333984375" "WordPress/5.7.2; https://ajhydell.com"
112.133.245.181 - - [07/Jul/2021:00:33:18 -0400] "POST /xmlrpc.php HTTP/1.1" 403 6139 "-" "Mozilla/5.0 (X11; Linux i686; rv:2.0.1) Gecko/20100101 Firefox/4.0.1"
112.133.245.181 - - [07/Jul/2021:00:33:20 -0400] "POST /wp-login.php HTTP/1.1" 200 14480 "-" "Mozilla/5.0 (X11; Linux i686; rv:2.0.1) Gecko/20100101 Firefox/4.0.1"
204.48.19.85 - - [07/Jul/2021:00:34:25 -0400] "POST /wp-cron.php?doing_wp_cron=1625632465.1435110569000244140625 HTTP/1.1" 200 6295 "https://ajhydell.com/wp-cron.php?doing_wp_cron=1625632465.1435110569000244140625" "WordPress/5.7.2; https://ajhydell.com"
112.133.245.181 - - [07/Jul/2021:00:34:25 -0400] "POST /xmlrpc.php HTTP/1.1" 503 24273 "-" "Mozilla/5.0 (X11; Linux i686; rv:2.0.1) Gecko/20100101 Firefox/4.0.1"
204.48.19.85 - - [07/Jul/2021:00:34:26 -0400] "POST /wp-cron.php?doing_wp_cron=1625632466.5389161109924316406250 HTTP/1.1" 200 6295 "https://ajhydell.com/wp-cron.php?doing_wp_cron=1625632466.5389161109924316406250" "WordPress/5.7.2; https://ajhydell.com"
217.160.15.151 - - [07/Jul/2021:00:34:26 -0400] "GET /wp-login.php HTTP/1.1" 200 8602 "-" "Mozilla/5.0 (X11; Ubuntu; Linux x86_64; rv:62.0) Gecko/20100101 Firefox/62.0"
112.133.245.181 - - [07/Jul/2021:00:34:26 -0400] "POST /wp-login.php HTTP/1.1" 503 24039 "-" "Mozilla/5.0 (X11; Linux i686; rv:2.0.1) Gecko/20100101 Firefox/4.0.1"
204.48.19.85 - - [07/Jul/2021:00:34:27 -0400] "POST /?wordfence_syncAttackData=1625632467.0563 HTTP/1.1" 200 6300 "https://ajhydell.com/?wordfence_syncAttackData=1625632467.0563" "WordPress/5.7.2; https://ajhydell.com"
217.160.15.151 - - [07/Jul/2021:00:34:27 -0400] "POST /wp-login.php HTTP/1.1" 200 8695 "-" "Mozilla/5.0 (X11; Ubuntu; Linux x86_64; rv:62.0) Gecko/20100101 Firefox/62.0"
217.160.15.151 - - [07/Jul/2021:00:34:27 -0400] "POST /xmlrpc.php HTTP/1.1" 503 24026 "-" "Mozilla/5.0 (X11; Ubuntu; Linux x86_64; rv:62.0) Gecko/20100101 Firefox/62.0"
207.46.13.67 - - [07/Jul/2021:00:34:36 -0400] "GET /2020/06/16/build-a-wall-of-resistance-1983-usa/ HTTP/1.1" 200 18697 "-" "Mozilla/5.0 (compatible; bingbot/2.0; +http://www.bing.com/bingbot.htm)"
207.46.13.67 - - [07/Jul/2021:00:34:41 -0400] "GET /2021/02/27/first-ever-coca-cola-magazine-ad-1905-featuring-lillian-nordica-and-coupon-for-free-coke/ HTTP/1.1" 200 18688 "-" "Mozilla/5.0 (compatible; bingbot/2.0; +http://www.bing.com/bingbot.htm)"
20.62.91.188 - - [07/Jul/2021:00:39:03 -0400] "GET / HTTP/1.1" 301 565 "-" "Mozilla/5.0 (Windows NT 10.0; Win64; x64) AppleWebKit/537.36 (KHTML, like Gecko) Chrome/88.0.4240.193 Safari/537.36"
20.62.91.188 - - [07/Jul/2021:00:39:03 -0400] "GET / HTTP/1.1" 200 103192 "-" "Mozilla/5.0 (Windows NT 10.0; Win64; x64) AppleWebKit/537.36 (KHTML, like Gecko) Chrome/88.0.4240.193 Safari/537.36"
20.62.91.188 - - [07/Jul/2021:00:39:05 -0400] "GET //wp-includes/wlwmanifest.xml HTTP/1.1" 200 1461 "-" "Mozilla/5.0 (Windows NT 10.0; Win64; x64) AppleWebKit/537.36 (KHTML, like Gecko) Chrome/88.0.4240.193 Safari/537.36"
204.48.19.85 - - [07/Jul/2021:00:39:04 -0400] "POST /wp-cron.php?doing_wp_cron=1625632744.4281771183013916015625 HTTP/1.1" 200 6295 "https://ajhydell.com/wp-cron.php?doing_wp_cron=1625632744.4281771183013916015625" "WordPress/5.7.2; https://ajhydell.com"
20.62.91.188 - - [07/Jul/2021:00:39:05 -0400] "GET //?author=1 HTTP/1.1" 404 55873 "-" "Mozilla/5.0 (Windows NT 10.0; Win64; x64) AppleWebKit/537.36 (KHTML, like Gecko) Chrome/88.0.4240.193 Safari/537.36"
20.62.91.188 - - [07/Jul/2021:00:39:06 -0400] "GET //?author=2 HTTP/1.1" 404 55873 "-" "Mozilla/5.0 (Windows NT 10.0; Win64; x64) AppleWebKit/537.36 (KHTML, like Gecko) Chrome/88.0.4240.193 Safari/537.36"
20.62.91.188 - - [07/Jul/2021:00:39:06 -0400] "GET //?author=3 HTTP/1.1" 404 55873 "-" "Mozilla/5.0 (Windows NT 10.0; Win64; x64) AppleWebKit/537.36 (KHTML, like Gecko) Chrome/88.0.4240.193 Safari/537.36"
20.62.91.188 - - [07/Jul/2021:00:39:06 -0400] "GET //wp-json/wp/v2/users/ HTTP/1.1" 401 676 "-" "Mozilla/5.0 (Windows NT 10.0; Win64; x64) AppleWebKit/537.36 (KHTML, like Gecko) Chrome/88.0.4240.193 Safari/537.36"
20.62.91.188 - - [07/Jul/2021:00:39:07 -0400] "GET //wp-json/oembed/1.0/embed?url=https://ajhydell.com/ HTTP/1.1" 404 637 "-" "Mozilla/5.0 (Windows NT 10.0; Win64; x64) AppleWebKit/537.36 (KHTML, like Gecko) Chrome/88.0.4240.193 Safari/537.36"
20.62.91.188 - - [07/Jul/2021:00:39:07 -0400] "POST //xmlrpc.php HTTP/1.1" 503 18740 "-" "Mozilla/5.0 (Windows NT 10.0; Win64; x64) AppleWebKit/537.36 (KHTML, like Gecko) Chrome/88.0.4240.193 Safari/537.36"
185.191.171.24 - - [07/Jul/2021:00:40:20 -0400] "GET /2021/02/24/another-shotgun-wedding-with-neither-party-willingpublished-in-1897/ HTTP/1.1" 200 18828 "-" "Mozilla/5.0 (compatible; SemrushBot/7~bl; +http://www.semrush.com/bot.html)"
204.48.19.85 - - [07/Jul/2021:00:40:20 -0400] "POST /wp-cron.php?doing_wp_cron=1625632820.3570599555969238281250 HTTP/1.1" 200 6295 "https://ajhydell.com/wp-cron.php?doing_wp_cron=1625632820.3570599555969238281250" "WordPress/5.7.2; https://ajhydell.com"
17.121.113.96 - - [07/Jul/2021:00:40:59 -0400] "GET /2019/01/17/the-u-s-a-will-save-the-european-culture-1944-the-netherlands/ HTTP/1.1" 200 18468 "-" "Mozilla/5.0 (Macintosh; Intel Mac OS X 10_15_5) AppleWebKit/605.1.15 (KHTML, like Gecko) Version/13.1.1 Safari/605.1.15 (Applebot/0.1; +http://www.apple.com/go/applebot)"
204.48.19.85 - - [07/Jul/2021:00:40:59 -0400] "POST /wp-cron.php?doing_wp_cron=1625632859.7199549674987792968750 HTTP/1.1" 200 6295 "https://ajhydell.com/wp-cron.php?doing_wp_cron=1625632859.7199549674987792968750" "WordPress/5.7.2; https://ajhydell.com"
17.121.115.73 - - [07/Jul/2021:00:41:02 -0400] "GET /2019/07/01/archery-training-in-japanese-girls-high-school-imperial-japan-c-1939-1192x845/ HTTP/1.1" 200 18315 "-" "Mozilla/5.0 (Macintosh; Intel Mac OS X 10_15_5) AppleWebKit/605.1.15 (KHTML, like Gecko) Version/13.1.1 Safari/605.1.15 (Applebot/0.1; +http://www.apple.com/go/applebot)"
54.36.148.117 - - [07/Jul/2021:00:41:27 -0400] "GET /2019/01/14/abdul-hamid-ii-r-1876-1909-34th-sultan-of-the-ottoman-empire-represented-as-making-the-rope-to-hang-himself-judge-magazine-usa-september-1903/ HTTP/1.1" 200 19269 "-" "Mozilla/5.0 (compatible; AhrefsBot/7.0; +http://ahrefs.com/robot/)"
204.48.19.85 - - [07/Jul/2021:00:42:14 -0400] "POST /wp-cron.php?doing_wp_cron=1625632934.2148740291595458984375 HTTP/1.1" 200 6295 "https://ajhydell.com/wp-cron.php?doing_wp_cron=1625632934.2148740291595458984375" "WordPress/5.7.2; https://ajhydell.com"
17.121.114.172 - - [07/Jul/2021:00:42:13 -0400] "GET /2020/10/23/finnish-soldier-in-a-crash-landed-russian-yak-9d-september-1944/ HTTP/1.1" 200 18363 "-" "Mozilla/5.0 (Macintosh; Intel Mac OS X 10_15_5) AppleWebKit/605.1.15 (KHTML, like Gecko) Version/13.1.1 Safari/605.1.15 (Applebot/0.1; +http://www.apple.com/go/applebot)"
17.121.113.152 - - [07/Jul/2021:00:44:00 -0400] "GET /2020/05/20/1943-u-s-propaganda-poster-shows-an-ex-soldier-working-on-the-home-front/ HTTP/1.1" 200 18283 "-" "Mozilla/5.0 (Macintosh; Intel Mac OS X 10_15_5) AppleWebKit/605.1.15 (KHTML, like Gecko) Version/13.1.1 Safari/605.1.15 (Applebot/0.1; +http://www.apple.com/go/applebot)"
204.48.19.85 - - [07/Jul/2021:00:44:01 -0400] "POST /wp-cron.php?doing_wp_cron=1625633041.0040509700775146484375 HTTP/1.1" 200 6295 "https://ajhydell.com/wp-cron.php?doing_wp_cron=1625633041.0040509700775146484375" "WordPress/5.7.2; https://ajhydell.com"
89.212.48.69 - - [07/Jul/2021:00:45:53 -0400] "GET /wp-login.php HTTP/1.1" 200 8605 "-" "Mozilla/5.0 (X11; Ubuntu; Linux x86_64; rv:62.0) Gecko/20100101 Firefox/62.0"
204.48.19.85 - - [07/Jul/2021:00:45:53 -0400] "POST /wp-cron.php?doing_wp_cron=1625633153.8163020610809326171875 HTTP/1.1" 200 6295 "https://ajhydell.com/wp-cron.php?doing_wp_cron=1625633153.8163020610809326171875" "WordPress/5.7.2; https://ajhydell.com"
89.212.48.69 - - [07/Jul/2021:00:45:55 -0400] "POST /wp-login.php HTTP/1.1" 200 8695 "-" "Mozilla/5.0 (X11; Ubuntu; Linux x86_64; rv:62.0) Gecko/20100101 Firefox/62.0"
89.212.48.69 - - [07/Jul/2021:00:45:55 -0400] "POST /xmlrpc.php HTTP/1.1" 200 5852 "-" "Mozilla/5.0 (X11; Ubuntu; Linux x86_64; rv:62.0) Gecko/20100101 Firefox/62.0"
112.133.245.181 - - [07/Jul/2021:00:46:51 -0400] "POST /xmlrpc.php HTTP/1.1" 403 6139 "-" "Mozilla/5.0 (X11; Linux i686; rv:2.0.1) Gecko/20100101 Firefox/4.0.1"
204.48.19.85 - - [07/Jul/2021:00:46:52 -0400] "POST /wp-cron.php?doing_wp_cron=1625633211.9812400341033935546875 HTTP/1.1" 200 6295 "https://ajhydell.com/wp-cron.php?doing_wp_cron=1625633211.9812400341033935546875" "WordPress/5.7.2; https://ajhydell.com"
112.133.245.181 - - [07/Jul/2021:00:46:55 -0400] "POST /wp-login.php HTTP/1.1" 200 14480 "-" "Mozilla/5.0 (X11; Linux i686; rv:2.0.1) Gecko/20100101 Firefox/4.0.1"
75.23.184.186 - - [07/Jul/2021:00:47:48 -0400] "GET /wp-content/uploads/2018/09/picture-87.jpg HTTP/1.1" 200 3667443 "https://search.aol.com/aol/image?q=map+of+north+american+aviation+inglewood+calif&s_it=img-ans&v_t=comsearch&fr=comsearch&imgurl=https%3A%2F%2Fupload.wikimedia.org%2Fwikipedia%2Fcommons%2Fd%2Fdc%2FNorth_American_Aviation%2527s_wing_assembly_department_in_Inglewood%252C_Calif._-_NARA_-_195481.jpg" "Mozilla/5.0 (Windows NT 10.0; Win64; x64) AppleWebKit/537.36 (KHTML, like Gecko) Chrome/91.0.4472.124 Safari/537.36 Edg/91.0.864.64"
54.36.148.117 - - [07/Jul/2021:00:48:57 -0400] "GET /2021/05/16/ HTTP/1.1" 200 18954 "-" "Mozilla/5.0 (compatible; AhrefsBot/7.0; +http://ahrefs.com/robot/)"
204.48.19.85 - - [07/Jul/2021:00:48:57 -0400] "POST /wp-cron.php?doing_wp_cron=1625633337.5282979011535644531250 HTTP/1.1" 200 6295 "https://ajhydell.com/wp-cron.php?doing_wp_cron=1625633337.5282979011535644531250" "WordPress/5.7.2; https://ajhydell.com"
204.48.19.85 - - [07/Jul/2021:00:50:04 -0400] "POST /wp-cron.php?doing_wp_cron=1625633404.2143759727478027343750 HTTP/1.1" 200 6295 "https://ajhydell.com/wp-cron.php?doing_wp_cron=1625633404.2143759727478027343750" "WordPress/5.7.2; https://ajhydell.com"
185.191.171.42 - - [07/Jul/2021:00:50:04 -0400] "GET /2021/06/15/spinning-tops-is-fun-dprk-date-unknown/ HTTP/1.1" 200 18836 "-" "Mozilla/5.0 (compatible; SemrushBot/7~bl; +http://www.semrush.com/bot.html)"
31.207.39.12 - - [07/Jul/2021:00:51:47 -0400] "GET /wp-login.php HTTP/1.1" 200 8604 "-" "Mozilla/5.0 (X11; Ubuntu; Linux x86_64; rv:62.0) Gecko/20100101 Firefox/62.0"
204.48.19.85 - - [07/Jul/2021:00:51:47 -0400] "POST /wp-cron.php?doing_wp_cron=1625633507.8205859661102294921875 HTTP/1.1" 200 6295 "https://ajhydell.com/wp-cron.php?doing_wp_cron=1625633507.8205859661102294921875" "WordPress/5.7.2; https://ajhydell.com"
31.207.39.12 - - [07/Jul/2021:00:51:49 -0400] "POST /wp-login.php HTTP/1.1" 200 8695 "-" "Mozilla/5.0 (X11; Ubuntu; Linux x86_64; rv:62.0) Gecko/20100101 Firefox/62.0"
31.207.39.12 - - [07/Jul/2021:00:51:49 -0400] "POST /xmlrpc.php HTTP/1.1" 200 5852 "-" "Mozilla/5.0 (X11; Ubuntu; Linux x86_64; rv:62.0) Gecko/20100101 Firefox/62.0"
23.100.232.233 - - [07/Jul/2021:00:51:52 -0400] "GET /2018/12/03/leonid-rogozov-cutting-out-his-own-appendix-30-april-1961/ HTTP/1.1" 200 18149 "-" "Mozilla/5.0 (compatible; MSIE 9.0; Windows NT 6.1; Trident/5.0;  Trident/5.0)"
23.100.232.233 - - [07/Jul/2021:00:51:52 -0400] "GET /wp-content/plugins/add-expires-headers/cache/0/com/processed-header-f16a8d323e83e1bc1b76514e283fb81b7090a959.min.css HTTP/1.1" 200 52893 "https://ajhydell.com/2018/12/03/leonid-rogozov-cutting-out-his-own-appendix-30-april-1961/" "Mozilla/5.0 (compatible; MSIE 9.0; Windows NT 6.1; Trident/5.0;  Trident/5.0)"
23.100.232.233 - - [07/Jul/2021:00:51:53 -0400] "GET /wp-includes/js/jquery/jquery.min.js?ver=3.5.1 HTTP/1.1" 200 31550 "https://ajhydell.com/2018/12/03/leonid-rogozov-cutting-out-his-own-appendix-30-april-1961/" "Mozilla/5.0 (compatible; MSIE 9.0; Windows NT 6.1; Trident/5.0;  Trident/5.0)"
23.100.232.233 - - [07/Jul/2021:00:51:53 -0400] "GET /wp-content/plugins/google-analytics-for-wordpress/assets/js/frontend-gtag.min.js?ver=7.17.0 HTTP/1.1" 200 3476 "https://ajhydell.com/2018/12/03/leonid-rogozov-cutting-out-his-own-appendix-30-april-1961/" "Mozilla/5.0 (compatible; MSIE 9.0; Windows NT 6.1; Trident/5.0;  Trident/5.0)"
23.100.232.233 - - [07/Jul/2021:00:51:53 -0400] "GET /wp-includes/js/jquery/jquery-migrate.min.js?ver=3.3.2 HTTP/1.1" 200 4687 "https://ajhydell.com/2018/12/03/leonid-rogozov-cutting-out-his-own-appendix-30-april-1961/" "Mozilla/5.0 (compatible; MSIE 9.0; Windows NT 6.1; Trident/5.0;  Trident/5.0)"
23.100.232.233 - - [07/Jul/2021:00:51:55 -0400] "GET /wp-includes/js/wp-emoji-release.min.js?ver=5.7.2 HTTP/1.1" 200 5183 "https://ajhydell.com/2018/12/03/leonid-rogozov-cutting-out-his-own-appendix-30-april-1961/" "Mozilla/5.0 (compatible; MSIE 9.0; Windows NT 6.1; Trident/5.0;  Trident/5.0)"
23.100.232.233 - - [07/Jul/2021:00:51:55 -0400] "GET /wp-content/plugins/wp-smushit/app/assets/js/smush-lazy-load.min.js?ver=3.8.7 HTTP/1.1" 200 4207 "https://ajhydell.com/2018/12/03/leonid-rogozov-cutting-out-his-own-appendix-30-april-1961/" "Mozilla/5.0 (compatible; MSIE 9.0; Windows NT 6.1; Trident/5.0;  Trident/5.0)"
23.100.232.233 - - [07/Jul/2021:00:51:55 -0400] "GET /wp-content/themes/royal-magazine/js/skip-link-focus-fix.js?ver=20151215 HTTP/1.1" 200 933 "https://ajhydell.com/2018/12/03/leonid-rogozov-cutting-out-his-own-appendix-30-april-1961/" "Mozilla/5.0 (compatible; MSIE 9.0; Windows NT 6.1; Trident/5.0;  Trident/5.0)"
23.100.232.233 - - [07/Jul/2021:00:51:55 -0400] "GET /wp-content/themes/royal-magazine/js/navigation.js?ver=20151215 HTTP/1.1" 200 1349 "https://ajhydell.com/2018/12/03/leonid-rogozov-cutting-out-his-own-appendix-30-april-1961/" "Mozilla/5.0 (compatible; MSIE 9.0; Windows NT 6.1; Trident/5.0;  Trident/5.0)"
23.100.232.233 - - [07/Jul/2021:00:51:55 -0400] "GET /wp-content/themes/royal-magazine/assets/libraries/marquee/jquery.marquee.js?ver=5.7.2 HTTP/1.1" 200 5103 "https://ajhydell.com/2018/12/03/leonid-rogozov-cutting-out-his-own-appendix-30-april-1961/" "Mozilla/5.0 (compatible; MSIE 9.0; Windows NT 6.1; Trident/5.0;  Trident/5.0)"
23.100.232.233 - - [07/Jul/2021:00:51:55 -0400] "GET /wp-content/themes/royal-magazine/assets/libraries/bootstrap/js/bootstrap.min.js?ver=5.7.2 HTTP/1.1" 200 10404 "https://ajhydell.com/2018/12/03/leonid-rogozov-cutting-out-his-own-appendix-30-april-1961/" "Mozilla/5.0 (compatible; MSIE 9.0; Windows NT 6.1; Trident/5.0;  Trident/5.0)"
23.100.232.233 - - [07/Jul/2021:00:51:55 -0400] "GET /wp-content/themes/royal-magazine/assets/twp/js/custom-script.js?ver=5.7.2 HTTP/1.1" 200 3023 "https://ajhydell.com/2018/12/03/leonid-rogozov-cutting-out-his-own-appendix-30-april-1961/" "Mozilla/5.0 (compatible; MSIE 9.0; Windows NT 6.1; Trident/5.0;  Trident/5.0)"
23.100.232.233 - - [07/Jul/2021:00:51:55 -0400] "GET /wp-content/themes/royal-magazine/assets/libraries/magnific-popup/jquery.magnific-popup.min.js?ver=5.7.2 HTTP/1.1" 200 7871 "https://ajhydell.com/2018/12/03/leonid-rogozov-cutting-out-his-own-appendix-30-april-1961/" "Mozilla/5.0 (compatible; MSIE 9.0; Windows NT 6.1; Trident/5.0;  Trident/5.0)"
23.100.232.233 - - [07/Jul/2021:00:51:56 -0400] "GET /wp-content/plugins/facebook-pagelike-widget/fb.js?ver=1.0 HTTP/1.1" 200 821 "https://ajhydell.com/2018/12/03/leonid-rogozov-cutting-out-his-own-appendix-30-april-1961/" "Mozilla/5.0 (compatible; MSIE 9.0; Windows NT 6.1; Trident/5.0;  Trident/5.0)"
23.100.232.233 - - [07/Jul/2021:00:51:56 -0400] "GET /wp-content/themes/royal-magazine/assets/libraries/slick/js/slick.min.js?ver=5.7.2 HTTP/1.1" 200 10740 "https://ajhydell.com/2018/12/03/leonid-rogozov-cutting-out-his-own-appendix-30-april-1961/" "Mozilla/5.0 (compatible; MSIE 9.0; Windows NT 6.1; Trident/5.0;  Trident/5.0)"
23.100.232.233 - - [07/Jul/2021:00:51:56 -0400] "GET /wp-content/themes/royal-magazine/assets/libraries/theiaStickySidebar/theia-sticky-sidebar.min.js?ver=5.7.2 HTTP/1.1" 200 2271 "https://ajhydell.com/2018/12/03/leonid-rogozov-cutting-out-his-own-appendix-30-april-1961/" "Mozilla/5.0 (compatible; MSIE 9.0; Windows NT 6.1; Trident/5.0;  Trident/5.0)"
23.100.232.233 - - [07/Jul/2021:00:51:56 -0400] "GET /wp-includes/js/wp-embed.min.js?ver=5.7.2 HTTP/1.1" 200 1221 "https://ajhydell.com/2018/12/03/leonid-rogozov-cutting-out-his-own-appendix-30-april-1961/" "Mozilla/5.0 (compatible; MSIE 9.0; Windows NT 6.1; Trident/5.0;  Trident/5.0)"
3.89.31.143 - - [07/Jul/2021:00:52:01 -0400] "HEAD / HTTP/1.1" 200 5715 "-" "scalaj-http/2.4.2"
3.89.31.143 - - [07/Jul/2021:00:52:01 -0400] "GET / HTTP/1.1" 200 20176 "-" "Buck/2.2; (+https://app.hypefactors.com/media-monitoring/about.html)"
3.89.31.143 - - [07/Jul/2021:00:52:02 -0400] "GET /robots.txt HTTP/1.1" 200 5901 "-" "Buck/2.2; (+https://app.hypefactors.com/media-monitoring/about.html)"
207.46.13.67 - - [07/Jul/2021:00:52:25 -0400] "GET /2019/05/24/dream-dare-create-ussr-1970s/ HTTP/1.1" 200 18584 "-" "Mozilla/5.0 (compatible; bingbot/2.0; +http://www.bing.com/bingbot.htm)"
204.48.19.85 - - [07/Jul/2021:00:52:25 -0400] "POST /wp-cron.php?doing_wp_cron=1625633545.7203550338745117187500 HTTP/1.1" 200 6295 "https://ajhydell.com/wp-cron.php?doing_wp_cron=1625633545.7203550338745117187500" "WordPress/5.7.2; https://ajhydell.com"
3.89.31.143 - - [07/Jul/2021:00:52:44 -0400] "GET /feed/ HTTP/1.1" 200 8320 "-" "Buck/2.2; (+https://app.hypefactors.com/media-monitoring/about.html)"
3.89.31.143 - - [07/Jul/2021:00:52:44 -0400] "GET /sitemap_index.xml HTTP/1.1" 200 6220 "-" "Buck/2.2; (+https://app.hypefactors.com/media-monitoring/about.html)"
3.89.31.143 - - [07/Jul/2021:00:52:44 -0400] "GET /sitemap.xml HTTP/1.1" 200 6581 "-" "Buck/2.2; (+https://app.hypefactors.com/media-monitoring/about.html)"
3.89.31.143 - - [07/Jul/2021:00:52:44 -0400] "GET /sitemap-pt-post-2021-07.xml HTTP/1.1" 200 8260 "-" "Buck/2.2; (+https://app.hypefactors.com/media-monitoring/about.html)"
106.38.241.125 - - [07/Jul/2021:00:54:28 -0400] "-" 408 5562 "-" "-"
216.244.66.250 - - [07/Jul/2021:00:56:12 -0400] "GET /robots.txt HTTP/1.1" 301 529 "-" "Mozilla/5.0 (compatible; DotBot/1.2; +https://opensiteexplorer.org/dotbot; help@moz.com)"
216.244.66.250 - - [07/Jul/2021:00:56:13 -0400] "GET /robots.txt HTTP/1.1" 200 5859 "-" "Mozilla/5.0 (compatible; DotBot/1.2; +https://opensiteexplorer.org/dotbot; help@moz.com)"
204.48.19.85 - - [07/Jul/2021:00:56:13 -0400] "POST /wp-cron.php?doing_wp_cron=1625633773.3106551170349121093750 HTTP/1.1" 200 6295 "https://ajhydell.com/wp-cron.php?doing_wp_cron=1625633773.3106551170349121093750" "WordPress/5.7.2; https://ajhydell.com"
185.191.171.40 - - [07/Jul/2021:00:56:27 -0400] "GET /2021/07/01/ HTTP/1.1" 200 19128 "-" "Mozilla/5.0 (compatible; SemrushBot/7~bl; +http://www.semrush.com/bot.html)"
185.191.171.8 - - [07/Jul/2021:00:56:39 -0400] "GET /2021/07/03/german-soldier-returns-to-his-wife-after-war-captivity-germany-1945/ HTTP/1.1" 200 19006 "-" "Mozilla/5.0 (compatible; SemrushBot/7~bl; +http://www.semrush.com/bot.html)"
204.48.19.85 - - [07/Jul/2021:00:57:00 -0400] "POST /wp-cron.php?doing_wp_cron=1625633820.5568780899047851562500 HTTP/1.1" 200 6295 "https://ajhydell.com/wp-cron.php?doing_wp_cron=1625633820.5568780899047851562500" "WordPress/5.7.2; https://ajhydell.com"
54.36.148.117 - - [07/Jul/2021:00:57:00 -0400] "GET /2019/10/07/pour-it-on-united-states-war-production-board-illustrated-by-garrett-price-1942/ HTTP/1.1" 200 18964 "-" "Mozilla/5.0 (compatible; AhrefsBot/7.0; +http://ahrefs.com/robot/)"
45.55.60.110 - - [07/Jul/2021:00:57:33 -0400] "GET /wp-login.php HTTP/1.1" 200 8604 "-" "Mozilla/5.0 (X11; Ubuntu; Linux x86_64; rv:62.0) Gecko/20100101 Firefox/62.0"
204.48.19.85 - - [07/Jul/2021:00:57:33 -0400] "POST /wp-cron.php?doing_wp_cron=1625633853.0965399742126464843750 HTTP/1.1" 200 6295 "https://ajhydell.com/wp-cron.php?doing_wp_cron=1625633853.0965399742126464843750" "WordPress/5.7.2; https://ajhydell.com"
45.55.60.110 - - [07/Jul/2021:00:57:34 -0400] "POST /wp-login.php HTTP/1.1" 200 8695 "-" "Mozilla/5.0 (X11; Ubuntu; Linux x86_64; rv:62.0) Gecko/20100101 Firefox/62.0"
45.55.60.110 - - [07/Jul/2021:00:57:34 -0400] "POST /xmlrpc.php HTTP/1.1" 200 5852 "-" "Mozilla/5.0 (X11; Ubuntu; Linux x86_64; rv:62.0) Gecko/20100101 Firefox/62.0"
204.48.19.85 - - [07/Jul/2021:00:57:49 -0400] "POST /wp-cron.php?doing_wp_cron=1625633869.6567199230194091796875 HTTP/1.1" 200 6295 "https://ajhydell.com/wp-cron.php?doing_wp_cron=1625633869.6567199230194091796875" "WordPress/5.7.2; https://ajhydell.com"
185.191.171.5 - - [07/Jul/2021:00:57:49 -0400] "GET /2021/02/12/maud-wagner-the-first-known-female-tattoo-artist-in-the-united-states-1907/ HTTP/1.1" 200 18897 "-" "Mozilla/5.0 (compatible; SemrushBot/7~bl; +http://www.semrush.com/bot.html)"
204.48.19.85 - - [07/Jul/2021:00:59:48 -0400] "POST /wp-cron.php?doing_wp_cron=1625633988.9248280525207519531250 HTTP/1.1" 200 6295 "https://ajhydell.com/wp-cron.php?doing_wp_cron=1625633988.9248280525207519531250" "WordPress/5.7.2; https://ajhydell.com"
5.102.173.71 - - [07/Jul/2021:00:59:48 -0400] "GET /robots.txt HTTP/1.1" 200 6055 "-" "Mozilla/5.0 (compatible; MojeekBot/0.10; +https://www.mojeek.com/bot.html)"
5.102.173.71 - - [07/Jul/2021:00:59:49 -0400] "GET /2020/02/25/nicholas-ii-last-tzar-of-russia-informal-photo-of-him-unknown-date/ HTTP/1.1" 200 13142 "-" "Mozilla/5.0 (compatible; MojeekBot/0.10; +https://www.mojeek.com/bot.html)"
204.48.19.85 - - [07/Jul/2021:01:01:10 -0400] "POST /wp-cron.php?doing_wp_cron=1625634070.0153698921203613281250 HTTP/1.1" 200 6295 "https://ajhydell.com/wp-cron.php?doing_wp_cron=1625634070.0153698921203613281250" "WordPress/5.7.2; https://ajhydell.com"
5.255.253.148 - - [07/Jul/2021:01:01:09 -0400] "GET /2019/01/03/ HTTP/1.1" 200 18542 "-" "Mozilla/5.0 (compatible; YandexBot/3.0; +http://yandex.com/bots)"
204.48.19.85 - - [07/Jul/2021:01:03:19 -0400] "POST /wp-cron.php?doing_wp_cron=1625634199.9004249572753906250000 HTTP/1.1" 200 6295 "https://ajhydell.com/wp-cron.php?doing_wp_cron=1625634199.9004249572753906250000" "WordPress/5.7.2; https://ajhydell.com"
5.255.253.148 - - [07/Jul/2021:01:03:19 -0400] "GET /2019/01/03/swedish-volunteers-take-part-for-service-of-worship-tornio-1940-sa-kuva/ HTTP/1.1" 200 19232 "-" "Mozilla/5.0 (compatible; YandexBot/3.0; +http://yandex.com/bots)"
192.241.198.64 - - [07/Jul/2021:01:03:20 -0400] "GET /actuator/health HTTP/1.1" 404 64218 "-" "Mozilla/5.0 zgrab/0.x"
5.255.253.148 - - [07/Jul/2021:01:03:23 -0400] "GET /wp-content/uploads/2018/08/logo.jpg HTTP/1.1" 304 277 "-" "Mozilla/5.0 (compatible; YandexImages/3.0; +http://yandex.com/bots)"
5.255.253.148 - - [07/Jul/2021:01:03:26 -0400] "GET /wp-content/uploads/2019/01/picture-6.jpg HTTP/1.1" 304 278 "-" "Mozilla/5.0 (compatible; YandexImages/3.0; +http://yandex.com/bots)"
5.255.253.148 - - [07/Jul/2021:01:03:28 -0400] "GET /wp-content/uploads/2018/08/picture-3-150x150.jpg HTTP/1.1" 304 276 "-" "Mozilla/5.0 (compatible; YandexImages/3.0; +http://yandex.com/bots)"
5.255.253.148 - - [07/Jul/2021:01:03:31 -0400] "GET /wp-content/uploads/2019/01/picture-7.jpg HTTP/1.1" 304 276 "-" "Mozilla/5.0 (compatible; YandexImages/3.0; +http://yandex.com/bots)"
5.255.253.148 - - [07/Jul/2021:01:03:33 -0400] "GET /2021/07/06/bolshevik-freedom-poland-around-1920/ HTTP/1.1" 200 12919 "-" "Mozilla/5.0 (compatible; YandexBot/3.0; +http://yandex.com/bots)"
5.255.253.148 - - [07/Jul/2021:01:03:35 -0400] "GET /wp-content/uploads/2019/01/picture-8.jpg HTTP/1.1" 200 50220 "-" "Mozilla/5.0 (compatible; YandexImages/3.0; +http://yandex.com/bots)"
5.255.253.148 - - [07/Jul/2021:01:03:38 -0400] "GET /2018/08/10/silhouette-of-the-titanic-at-queenstown-on-her-maiden-voyage-1912-900-x-695/ HTTP/1.1" 200 12703 "-" "Mozilla/5.0 (compatible; YandexBot/3.0; +http://yandex.com/bots)"
5.255.253.148 - - [07/Jul/2021:01:03:40 -0400] "GET /2021/07/07/expand-the-area-of-cannabis-crops-in-peatlands-belarussian-ssr-around-1960/ HTTP/1.1" 200 12754 "-" "Mozilla/5.0 (compatible; YandexBot/3.0; +http://yandex.com/bots)"
5.255.253.148 - - [07/Jul/2021:01:03:43 -0400] "GET / HTTP/1.1" 200 14706 "-" "Mozilla/5.0 (compatible; YandexBot/3.0; +http://yandex.com/bots)"
204.48.19.85 - - [07/Jul/2021:01:03:46 -0400] "POST /wp-cron.php?doing_wp_cron=1625634226.6788239479064941406250 HTTP/1.1" 200 6295 "https://ajhydell.com/wp-cron.php?doing_wp_cron=1625634226.6788239479064941406250" "WordPress/5.7.2; https://ajhydell.com"
5.255.253.148 - - [07/Jul/2021:01:03:46 -0400] "GET /2019/01/ HTTP/1.1" 200 14057 "-" "Mozilla/5.0 (compatible; YandexBot/3.0; +http://yandex.com/bots)"
5.255.253.148 - - [07/Jul/2021:01:03:48 -0400] "GET /xmlrpc.php?rsd HTTP/1.1" 200 640 "-" "Mozilla/5.0 (compatible; YandexBot/3.0; +http://yandex.com/bots)"
5.255.253.148 - - [07/Jul/2021:01:03:51 -0400] "GET /2021/07/06/president-of-lithuania-kazys-grinius-c-1926/ HTTP/1.1" 200 12849 "-" "Mozilla/5.0 (compatible; YandexBot/3.0; +http://yandex.com/bots)"
204.48.19.85 - - [07/Jul/2021:01:05:01 -0400] "POST /wp-cron.php?doing_wp_cron=1625634301.7969009876251220703125 HTTP/1.1" 200 6295 "https://ajhydell.com/wp-cron.php?doing_wp_cron=1625634301.7969009876251220703125" "WordPress/5.7.2; https://ajhydell.com"
216.244.66.250 - - [07/Jul/2021:01:05:01 -0400] "GET /2020/06/13/willis-winn-an-ex-slave-holding-the-horn-with-which-slaves-were-called-1936/ HTTP/1.1" 200 68570 "-" "Mozilla/5.0 (compatible; DotBot/1.2; +https://opensiteexplorer.org/dotbot; help@moz.com)"
54.36.148.117 - - [07/Jul/2021:01:05:09 -0400] "GET /2021/05/16/american-troops-treat-a-wounded-dog-on-orote-pennisula-w-eugene-smith-1944-999x1024/ HTTP/1.1" 200 18965 "-" "Mozilla/5.0 (compatible; AhrefsBot/7.0; +http://ahrefs.com/robot/)"
69.117.194.173 - - [07/Jul/2021:01:05:15 -0400] "GET /wp-content/uploads/2018/10/picture-39.jpg HTTP/1.1" 200 300017 "https://www.google.com/" "Mozilla/5.0 (Linux; Android 10; SM-G960U) AppleWebKit/537.36 (KHTML, like Gecko) Chrome/91.0.4472.120 Mobile Safari/537.36"
204.48.19.85 - - [07/Jul/2021:01:06:20 -0400] "POST /wp-cron.php?doing_wp_cron=1625634380.2079460620880126953125 HTTP/1.1" 200 6295 "https://ajhydell.com/wp-cron.php?doing_wp_cron=1625634380.2079460620880126953125" "WordPress/5.7.2; https://ajhydell.com"
5.255.253.148 - - [07/Jul/2021:01:06:20 -0400] "GET /2019/01/03/a-king-tiger-with-a-crew-member-that-gives-a-good-comparison-detailing-the-size-of-this-tank/ HTTP/1.1" 200 19008 "-" "Mozilla/5.0 (compatible; YandexBot/3.0; +http://yandex.com/bots)"
204.48.19.85 - - [07/Jul/2021:01:06:57 -0400] "POST /wp-cron.php?doing_wp_cron=1625634417.7003929615020751953125 HTTP/1.1" 200 6295 "https://ajhydell.com/wp-cron.php?doing_wp_cron=1625634417.7003929615020751953125" "WordPress/5.7.2; https://ajhydell.com"
5.255.253.148 - - [07/Jul/2021:01:06:57 -0400] "GET /2021/07/06/lt-col-ronald-speirs-one-of-the-toughest-soldiers-in-easy-company-band-of-brothers-colour-by-pieceofjake/ HTTP/1.1" 200 19053 "-" "Mozilla/5.0 (compatible; YandexBot/3.0; +http://yandex.com/bots)"
5.255.253.148 - - [07/Jul/2021:01:06:59 -0400] "GET /wp-includes/wlwmanifest.xml HTTP/1.1" 200 897 "-" "Mozilla/5.0 (compatible; YandexBot/3.0; +http://yandex.com/bots)"
106.38.241.125 - - [07/Jul/2021:01:07:44 -0400] "-" 408 5562 "-" "-"
204.48.19.85 - - [07/Jul/2021:01:08:43 -0400] "POST /wp-cron.php?doing_wp_cron=1625634523.2175650596618652343750 HTTP/1.1" 200 6295 "https://ajhydell.com/wp-cron.php?doing_wp_cron=1625634523.2175650596618652343750" "WordPress/5.7.2; https://ajhydell.com"
104.45.41.45 - - [07/Jul/2021:01:08:43 -0400] "GET /wp-login.php HTTP/1.1" 200 8604 "-" "Mozilla/5.0 (X11; Ubuntu; Linux x86_64; rv:62.0) Gecko/20100101 Firefox/62.0"
5.255.253.148 - - [07/Jul/2021:01:08:43 -0400] "GET /2021/07/06/first-lady-of-south-korea-yuk-young-soo-slumps-down-after-being-shot-by-a-north-korean-sympathiser-during-an-assasination-attempt-on-her-husband-president-of-south-korea-park-chung-hee-on-korean-ind/ HTTP/1.1" 200 18874 "-" "Mozilla/5.0 (compatible; YandexBot/3.0; +http://yandex.com/bots)"
104.45.41.45 - - [07/Jul/2021:01:08:43 -0400] "POST /wp-login.php HTTP/1.1" 200 8694 "-" "Mozilla/5.0 (X11; Ubuntu; Linux x86_64; rv:62.0) Gecko/20100101 Firefox/62.0"
104.45.41.45 - - [07/Jul/2021:01:08:44 -0400] "POST /xmlrpc.php HTTP/1.1" 200 5852 "-" "Mozilla/5.0 (X11; Ubuntu; Linux x86_64; rv:62.0) Gecko/20100101 Firefox/62.0"
68.184.167.1 - - [07/Jul/2021:01:10:05 -0400] "GET /wp-content/uploads/2018/08/picture-99.jpg HTTP/1.1" 200 434325 "https://images.search.yahoo.com/search/images?p=buddy+ebson&fr=yset_chr_syc_hp-s&imgurl=http%3A%2F%2Fwww.trbimg.com%2Fimg-577bf211%2Fturbine%2Fla-1467740919-snap-photo%2F2000" "Mozilla/5.0 (Windows NT 6.3; Win64; x64) AppleWebKit/537.36 (KHTML, like Gecko) Chrome/91.0.4472.124 Safari/537.36"
204.48.19.85 - - [07/Jul/2021:01:11:03 -0400] "POST /wp-cron.php?doing_wp_cron=1625634663.3521668910980224609375 HTTP/1.1" 200 6295 "https://ajhydell.com/wp-cron.php?doing_wp_cron=1625634663.3521668910980224609375" "WordPress/5.7.2; https://ajhydell.com"
62.182.20.45 - - [07/Jul/2021:01:11:03 -0400] "GET /wp-login.php HTTP/1.1" 200 8604 "-" "Mozilla/5.0 (X11; Ubuntu; Linux x86_64; rv:62.0) Gecko/20100101 Firefox/62.0"
62.182.20.45 - - [07/Jul/2021:01:11:03 -0400] "POST /wp-login.php HTTP/1.1" 200 8695 "-" "Mozilla/5.0 (X11; Ubuntu; Linux x86_64; rv:62.0) Gecko/20100101 Firefox/62.0"
62.182.20.45 - - [07/Jul/2021:01:11:04 -0400] "POST /xmlrpc.php HTTP/1.1" 200 5852 "-" "Mozilla/5.0 (X11; Ubuntu; Linux x86_64; rv:62.0) Gecko/20100101 Firefox/62.0"
117.6.44.214 - - [07/Jul/2021:01:11:09 -0400] "-" 408 5326 "-" "-"
204.48.19.85 - - [07/Jul/2021:01:13:21 -0400] "POST /wp-cron.php?doing_wp_cron=1625634801.4404718875885009765625 HTTP/1.1" 200 6295 "https://ajhydell.com/wp-cron.php?doing_wp_cron=1625634801.4404718875885009765625" "WordPress/5.7.2; https://ajhydell.com"
45.83.65.19 - - [07/Jul/2021:01:13:21 -0400] "GET / HTTP/1.1" 200 20168 "-" "Mozilla/5.0 (Windows NT 10.0; Win64; x64; rv:65.0) Gecko/20100101 Firefox/65.0"
