204.48.19.85 - - [05/Jul/2021:10:52:32 -0400] "POST /wp-cron.php?doing_wp_cron=1625496752.2103769779205322265625 HTTP/1.1" 200 6295 "https://ajhydell.com/wp-cron.php?doing_wp_cron=1625496752.2103769779205322265625" "WordPress/5.7.2; https://ajhydell.com"
185.191.171.7 - - [05/Jul/2021:10:52:32 -0400] "GET /2021/05/15/a-russian-pow-stares-down-heinrich-himmler-1941-1600-x-1421/ HTTP/1.1" 200 19012 "-" "Mozilla/5.0 (compatible; SemrushBot/7~bl; +http://www.semrush.com/bot.html)"
79.173.188.4 - - [05/Jul/2021:10:53:26 -0400] "-" 408 575 "-" "-"
79.173.188.4 - - [05/Jul/2021:10:53:26 -0400] "-" 408 575 "-" "-"
204.48.19.85 - - [05/Jul/2021:10:53:39 -0400] "POST /wp-cron.php?doing_wp_cron=1625496819.1148970127105712890625 HTTP/1.1" 200 6295 "https://ajhydell.com/wp-cron.php?doing_wp_cron=1625496819.1148970127105712890625" "WordPress/5.7.2; https://ajhydell.com"
185.191.171.42 - - [05/Jul/2021:10:53:39 -0400] "GET /2021/02/11/danish-ice-cream-from-frisko-1974/ HTTP/1.1" 200 18923 "-" "Mozilla/5.0 (compatible; SemrushBot/7~bl; +http://www.semrush.com/bot.html)"
54.36.148.117 - - [05/Jul/2021:10:53:42 -0400] "GET /2019/10/21/people-seeking-shelter-behind-lamp-posts-at-dam-square-amsterdam-after-german-troops-opened-fire-at-the-celebrating-masses-22-killed-120-injured-7-may-1945-1024x768/ HTTP/1.1" 200 19162 "-" "Mozilla/5.0 (compatible; AhrefsBot/7.0; +http://ahrefs.com/robot/)"
207.46.13.151 - - [05/Jul/2021:10:54:48 -0400] "GET /wp-content/uploads/2020/01/picture-15-1536x1182.jpg HTTP/1.1" 200 2171769 "-" "Mozilla/5.0 (compatible; bingbot/2.0; +http://www.bing.com/bingbot.htm)"
185.163.110.69 - - [05/Jul/2021:10:54:56 -0400] "GET /.git/config HTTP/1.1" 301 531 "-" "internetwache.org v3.4"
66.249.70.114 - - [05/Jul/2021:10:55:21 -0400] "GET /wp-content/plugins/facebook-pagelike-widget/loader.gif HTTP/1.1" 304 6271 "-" "Googlebot-Image/1.0"
66.249.70.114 - - [05/Jul/2021:10:55:22 -0400] "GET /wp-content/uploads/2021/06/picture-21.jpg HTTP/1.1" 200 145478 "-" "Googlebot-Image/1.0"
204.48.19.85 - - [05/Jul/2021:10:56:00 -0400] "POST /wp-cron.php?doing_wp_cron=1625496960.0850028991699218750000 HTTP/1.1" 200 6295 "https://ajhydell.com/wp-cron.php?doing_wp_cron=1625496960.0850028991699218750000" "WordPress/5.7.2; https://ajhydell.com"
54.36.148.117 - - [05/Jul/2021:10:56:00 -0400] "GET /2021/03/03/a-member-of-the-raf-holds-up-a-bulletproof-window-from-a-captured-messerschmitt-bf-109-colourised/ HTTP/1.1" 200 19173 "-" "Mozilla/5.0 (compatible; AhrefsBot/7.0; +http://ahrefs.com/robot/)"
157.55.39.22 - - [05/Jul/2021:10:56:24 -0400] "GET /wp-content/uploads/2020/10/picture-96.jpg HTTP/1.1" 200 1045221 "-" "Mozilla/5.0 (compatible; bingbot/2.0; +http://www.bing.com/bingbot.htm)"
204.48.19.85 - - [05/Jul/2021:10:58:36 -0400] "POST /wp-cron.php?doing_wp_cron=1625497116.0092608928680419921875 HTTP/1.1" 200 6295 "https://ajhydell.com/wp-cron.php?doing_wp_cron=1625497116.0092608928680419921875" "WordPress/5.7.2; https://ajhydell.com"
54.36.148.117 - - [05/Jul/2021:10:58:35 -0400] "GET /2019/06/30/ HTTP/1.1" 200 18593 "-" "Mozilla/5.0 (compatible; AhrefsBot/7.0; +http://ahrefs.com/robot/)"
204.48.19.85 - - [05/Jul/2021:10:59:40 -0400] "POST /wp-cron.php?doing_wp_cron=1625497180.8892409801483154296875 HTTP/1.1" 200 6295 "https://ajhydell.com/wp-cron.php?doing_wp_cron=1625497180.8892409801483154296875" "WordPress/5.7.2; https://ajhydell.com"
65.21.133.222 - - [05/Jul/2021:10:59:40 -0400] "GET /2021/05/23/the-poster-was-introduced-in-the-2003-flinn-scientific-catalog-reference-manual-and-distributed-free-to-science-teachers-who-placed-an-order-for-laboratory-chemicals-with-flinn-scientific/ HTTP/1.1" 200 18963 "-" "Mozilla/5.0 (compatible; Googlebot/2.1; +http://www.google.com/bot.html)"
65.95.232.41 - - [05/Jul/2021:11:00:45 -0400] "GET /wp-content/uploads/2020/05/picture-41.jpg HTTP/1.1" 200 162773 "https://www.bing.com/" "Mozilla/5.0 (Windows NT 10.0; Win64; x64) AppleWebKit/537.36 (KHTML, like Gecko) Chrome/91.0.4472.124 Safari/537.36 Edg/91.0.864.64"
204.48.19.85 - - [05/Jul/2021:11:01:05 -0400] "POST /wp-cron.php?doing_wp_cron=1625497265.8847699165344238281250 HTTP/1.1" 200 6295 "https://ajhydell.com/wp-cron.php?doing_wp_cron=1625497265.8847699165344238281250" "WordPress/5.7.2; https://ajhydell.com"
185.191.171.15 - - [05/Jul/2021:11:01:05 -0400] "GET /2020/08/31/angela-merkel-then-angela-kasner-during-a-civil-defense-exercise-in-communist-east-germany-1972-templin-german-democratic-republic-2001x1233/ HTTP/1.1" 200 19209 "-" "Mozilla/5.0 (compatible; SemrushBot/7~bl; +http://www.semrush.com/bot.html)"
54.36.148.117 - - [05/Jul/2021:11:01:44 -0400] "GET /2021/03/17/ HTTP/1.1" 200 19098 "-" "Mozilla/5.0 (compatible; AhrefsBot/7.0; +http://ahrefs.com/robot/)"
204.48.19.85 - - [05/Jul/2021:11:03:29 -0400] "POST /wp-cron.php?doing_wp_cron=1625497409.3532459735870361328125 HTTP/1.1" 200 6295 "https://ajhydell.com/wp-cron.php?doing_wp_cron=1625497409.3532459735870361328125" "WordPress/5.7.2; https://ajhydell.com"
66.249.70.114 - - [05/Jul/2021:11:03:29 -0400] "GET /feed/ HTTP/1.1" 200 8608 "-" "Mozilla/5.0 (compatible; Googlebot/2.1; +http://www.google.com/bot.html)"
54.36.148.117 - - [05/Jul/2021:11:03:33 -0400] "GET /2020/07/19/german-soldiers-were-welcomed-by-an-old-lady-in-sudetenland-1938/ HTTP/1.1" 200 18873 "-" "Mozilla/5.0 (compatible; AhrefsBot/7.0; +http://ahrefs.com/robot/)"
204.48.19.85 - - [05/Jul/2021:11:04:10 -0400] "POST /wp-cron.php?doing_wp_cron=1625497450.2083120346069335937500 HTTP/1.1" 200 6295 "https://ajhydell.com/wp-cron.php?doing_wp_cron=1625497450.2083120346069335937500" "WordPress/5.7.2; https://ajhydell.com"
216.244.66.250 - - [05/Jul/2021:11:04:10 -0400] "GET /2020/03/04/the-progressive-movement-in-context/ HTTP/1.1" 200 72180 "-" "Mozilla/5.0 (compatible; DotBot/1.2; +https://opensiteexplorer.org/dotbot; help@moz.com)"
216.244.66.250 - - [05/Jul/2021:11:04:20 -0400] "GET /2019/01/14/soviet-pow-in-finland-1940/ HTTP/1.1" 200 67037 "-" "Mozilla/5.0 (compatible; DotBot/1.2; +https://opensiteexplorer.org/dotbot; help@moz.com)"
216.244.66.250 - - [05/Jul/2021:11:04:24 -0400] "GET /2020/03/11/the-space-shuttle-challenger-as-it-launches-from-cape-canaveral-for-the-sts-7-space-mission-june-18th-1983-3454x3425/ HTTP/1.1" 200 70118 "-" "Mozilla/5.0 (compatible; DotBot/1.2; +https://opensiteexplorer.org/dotbot; help@moz.com)"
64.67.111.194 - - [05/Jul/2021:11:05:12 -0400] "-" 408 6041 "-" "-"
204.48.19.85 - - [05/Jul/2021:11:05:28 -0400] "POST /wp-cron.php?doing_wp_cron=1625497528.3941171169281005859375 HTTP/1.1" 200 6295 "https://ajhydell.com/wp-cron.php?doing_wp_cron=1625497528.3941171169281005859375" "WordPress/5.7.2; https://ajhydell.com"
54.36.148.117 - - [05/Jul/2021:11:05:28 -0400] "GET /2021/06/12/turn-off-the-light-when-you-leave-ussr-1987/ HTTP/1.1" 200 18983 "-" "Mozilla/5.0 (compatible; AhrefsBot/7.0; +http://ahrefs.com/robot/)"
213.180.203.138 - - [05/Jul/2021:11:05:28 -0400] "GET /2020/05/01/general-heinz-guderian-and-his-communications-team-sending-a-secret-message-using-the-legendary-enigma-machine-to-encrypt-the-message-a-failure-of-operational-security-opsec-explains-the-fact-that/ HTTP/1.1" 200 19587 "-" "Mozilla/5.0 (compatible; YandexBot/3.0; +http://yandex.com/bots)"
204.48.19.85 - - [05/Jul/2021:11:07:05 -0400] "POST /wp-cron.php?doing_wp_cron=1625497625.5841419696807861328125 HTTP/1.1" 200 6295 "https://ajhydell.com/wp-cron.php?doing_wp_cron=1625497625.5841419696807861328125" "WordPress/5.7.2; https://ajhydell.com"
54.36.148.117 - - [05/Jul/2021:11:07:05 -0400] "GET /2019/03/09/why-we-oppose-votes-for-men-suffragette-satirical-cartoon-us-1915/ HTTP/1.1" 200 19035 "-" "Mozilla/5.0 (compatible; AhrefsBot/7.0; +http://ahrefs.com/robot/)"
64.67.111.194 - - [05/Jul/2021:11:07:07 -0400] "-" 408 559 "-" "-"
207.46.13.22 - - [05/Jul/2021:11:07:16 -0400] "GET /2021/06/05/islam-free-schools-germany-2018/ HTTP/1.1" 200 18488 "-" "Mozilla/5.0 (compatible; bingbot/2.0; +http://www.bing.com/bingbot.htm)"
71.139.108.252 - - [05/Jul/2021:11:07:30 -0400] "GET /wp-content/uploads/2020/09/picture-90.jpg HTTP/1.1" 200 51056 "https://www.bing.com/" "Mozilla/5.0 (Windows NT 10.0; Win64; x64) AppleWebKit/537.36 (KHTML, like Gecko) Chrome/91.0.4472.124 Safari/537.36 Edg/91.0.864.64"
204.48.19.85 - - [05/Jul/2021:11:09:03 -0400] "POST /wp-cron.php?doing_wp_cron=1625497743.9757978916168212890625 HTTP/1.1" 200 6295 "https://ajhydell.com/wp-cron.php?doing_wp_cron=1625497743.9757978916168212890625" "WordPress/5.7.2; https://ajhydell.com"
54.36.148.117 - - [05/Jul/2021:11:09:03 -0400] "GET /2019/02/17/bob-dylan-singer-new-york-february-10-1965/ HTTP/1.1" 200 19059 "-" "Mozilla/5.0 (compatible; AhrefsBot/7.0; +http://ahrefs.com/robot/)"
45.153.160.136 - - [05/Jul/2021:11:09:05 -0400] "-" 408 5958 "-" "-"
216.244.66.250 - - [05/Jul/2021:11:09:27 -0400] "GET /page/127/ HTTP/1.1" 200 104136 "-" "Mozilla/5.0 (compatible; DotBot/1.2; +https://opensiteexplorer.org/dotbot; help@moz.com)"
216.244.66.250 - - [05/Jul/2021:11:09:32 -0400] "GET /page/91/ HTTP/1.1" 200 105351 "-" "Mozilla/5.0 (compatible; DotBot/1.2; +https://opensiteexplorer.org/dotbot; help@moz.com)"
216.244.66.250 - - [05/Jul/2021:11:09:44 -0400] "GET /2018/09/22/photo-taken-at-the-instant-bullets-from-a-french-firing-squad-hit-a-frenchman-who-collaborated-with-the-germans-this-execution-took-place-in-rennes-france-november-21-1944/ HTTP/1.1" 200 70447 "-" "Mozilla/5.0 (compatible; DotBot/1.2; +https://opensiteexplorer.org/dotbot; help@moz.com)"
204.48.19.85 - - [05/Jul/2021:11:10:12 -0400] "POST /wp-cron.php?doing_wp_cron=1625497812.4689259529113769531250 HTTP/1.1" 200 6295 "https://ajhydell.com/wp-cron.php?doing_wp_cron=1625497812.4689259529113769531250" "WordPress/5.7.2; https://ajhydell.com"
162.221.192.26 - - [05/Jul/2021:11:10:12 -0400] "GET / HTTP/1.1" 200 20146 "-" "Mozilla/5.0 (Windows NT 10.0; Win64; x64) AppleWebKit/537.36 (KHTML, like Gecko) Chrome/60.0.3112.113 Safari/537.36"
204.48.19.85 - - [05/Jul/2021:11:10:47 -0400] "POST /wp-cron.php?doing_wp_cron=1625497847.4565250873565673828125 HTTP/1.1" 200 6295 "https://ajhydell.com/wp-cron.php?doing_wp_cron=1625497847.4565250873565673828125" "WordPress/5.7.2; https://ajhydell.com"
66.249.70.114 - - [05/Jul/2021:11:10:47 -0400] "GET /feed/ HTTP/1.1" 200 8608 "-" "Mozilla/5.0 (compatible; Googlebot/2.1; +http://www.google.com/bot.html)"
54.36.148.117 - - [05/Jul/2021:11:11:00 -0400] "GET /2020/07/24/ponte-bridge-25-de-abril-under-construction-lisbon-60s/ HTTP/1.1" 200 18966 "-" "Mozilla/5.0 (compatible; AhrefsBot/7.0; +http://ahrefs.com/robot/)"
207.46.13.80 - - [05/Jul/2021:11:11:32 -0400] "GET /wp-content/uploads/2019/10/picture-90.jpg HTTP/1.1" 200 2250693 "-" "Mozilla/5.0 (compatible; bingbot/2.0; +http://www.bing.com/bingbot.htm)"
64.67.111.194 - - [05/Jul/2021:11:12:37 -0400] "-" 408 559 "-" "-"
204.48.19.85 - - [05/Jul/2021:11:13:04 -0400] "POST /wp-cron.php?doing_wp_cron=1625497984.5048871040344238281250 HTTP/1.1" 200 6295 "https://ajhydell.com/wp-cron.php?doing_wp_cron=1625497984.5048871040344238281250" "WordPress/5.7.2; https://ajhydell.com"
54.36.148.117 - - [05/Jul/2021:11:13:04 -0400] "GET /2019/02/22/metal-workers-casting-iron-during-the-siege-of-leningrad-january-1942-600x401/ HTTP/1.1" 200 18994 "-" "Mozilla/5.0 (compatible; AhrefsBot/7.0; +http://ahrefs.com/robot/)"
204.48.19.85 - - [05/Jul/2021:11:14:58 -0400] "POST /wp-cron.php?doing_wp_cron=1625498098.8593230247497558593750 HTTP/1.1" 200 6295 "https://ajhydell.com/wp-cron.php?doing_wp_cron=1625498098.8593230247497558593750" "WordPress/5.7.2; https://ajhydell.com"
54.36.148.117 - - [05/Jul/2021:11:14:58 -0400] "GET /2020/09/20/an-anti-kkk-group-called-the-knights-of-the-invisible-jungle-of-the-tigers-eye-circa-1921-619x480/ HTTP/1.1" 200 19033 "-" "Mozilla/5.0 (compatible; AhrefsBot/7.0; +http://ahrefs.com/robot/)"
23.100.232.233 - - [05/Jul/2021:11:15:16 -0400] "GET /2021/07/02/katherine-douglas-smith-addressing-a-crowd-of-men-at-portsmouth-circa-1910/ HTTP/1.1" 200 18229 "-" "Mozilla/5.0 (compatible; MSIE 9.0; Windows NT 6.0; Trident/5.0;  Trident/5.0)"
23.100.232.233 - - [05/Jul/2021:11:15:18 -0400] "GET /wp-content/plugins/add-expires-headers/cache/0/com/processed-header-f16a8d323e83e1bc1b76514e283fb81b7090a959.min.css HTTP/1.1" 200 52893 "https://ajhydell.com/2021/07/02/katherine-douglas-smith-addressing-a-crowd-of-men-at-portsmouth-circa-1910/" "Mozilla/5.0 (compatible; MSIE 9.0; Windows NT 6.0; Trident/5.0;  Trident/5.0)"
23.100.232.233 - - [05/Jul/2021:11:15:18 -0400] "GET /wp-content/plugins/google-analytics-for-wordpress/assets/js/frontend-gtag.min.js?ver=7.17.0 HTTP/1.1" 200 3476 "https://ajhydell.com/2021/07/02/katherine-douglas-smith-addressing-a-crowd-of-men-at-portsmouth-circa-1910/" "Mozilla/5.0 (compatible; MSIE 9.0; Windows NT 6.0; Trident/5.0;  Trident/5.0)"
23.100.232.233 - - [05/Jul/2021:11:15:18 -0400] "GET /wp-includes/js/jquery/jquery.min.js?ver=3.5.1 HTTP/1.1" 200 31550 "https://ajhydell.com/2021/07/02/katherine-douglas-smith-addressing-a-crowd-of-men-at-portsmouth-circa-1910/" "Mozilla/5.0 (compatible; MSIE 9.0; Windows NT 6.0; Trident/5.0;  Trident/5.0)"
23.100.232.233 - - [05/Jul/2021:11:15:18 -0400] "GET /wp-includes/js/jquery/jquery-migrate.min.js?ver=3.3.2 HTTP/1.1" 200 4687 "https://ajhydell.com/2021/07/02/katherine-douglas-smith-addressing-a-crowd-of-men-at-portsmouth-circa-1910/" "Mozilla/5.0 (compatible; MSIE 9.0; Windows NT 6.0; Trident/5.0;  Trident/5.0)"
23.100.232.233 - - [05/Jul/2021:11:15:20 -0400] "GET /wp-content/plugins/wp-smushit/app/assets/js/smush-lazy-load.min.js?ver=3.8.7 HTTP/1.1" 200 4207 "https://ajhydell.com/2021/07/02/katherine-douglas-smith-addressing-a-crowd-of-men-at-portsmouth-circa-1910/" "Mozilla/5.0 (compatible; MSIE 9.0; Windows NT 6.0; Trident/5.0;  Trident/5.0)"
23.100.232.233 - - [05/Jul/2021:11:15:20 -0400] "GET /wp-includes/js/wp-emoji-release.min.js?ver=5.7.2 HTTP/1.1" 200 5183 "https://ajhydell.com/2021/07/02/katherine-douglas-smith-addressing-a-crowd-of-men-at-portsmouth-circa-1910/" "Mozilla/5.0 (compatible; MSIE 9.0; Windows NT 6.0; Trident/5.0;  Trident/5.0)"
23.100.232.233 - - [05/Jul/2021:11:15:20 -0400] "GET /wp-content/themes/royal-magazine/js/navigation.js?ver=20151215 HTTP/1.1" 200 1349 "https://ajhydell.com/2021/07/02/katherine-douglas-smith-addressing-a-crowd-of-men-at-portsmouth-circa-1910/" "Mozilla/5.0 (compatible; MSIE 9.0; Windows NT 6.0; Trident/5.0;  Trident/5.0)"
23.100.232.233 - - [05/Jul/2021:11:15:20 -0400] "GET /wp-content/themes/royal-magazine/js/skip-link-focus-fix.js?ver=20151215 HTTP/1.1" 200 933 "https://ajhydell.com/2021/07/02/katherine-douglas-smith-addressing-a-crowd-of-men-at-portsmouth-circa-1910/" "Mozilla/5.0 (compatible; MSIE 9.0; Windows NT 6.0; Trident/5.0;  Trident/5.0)"
23.100.232.233 - - [05/Jul/2021:11:15:20 -0400] "GET /wp-content/themes/royal-magazine/assets/libraries/bootstrap/js/bootstrap.min.js?ver=5.7.2 HTTP/1.1" 200 10404 "https://ajhydell.com/2021/07/02/katherine-douglas-smith-addressing-a-crowd-of-men-at-portsmouth-circa-1910/" "Mozilla/5.0 (compatible; MSIE 9.0; Windows NT 6.0; Trident/5.0;  Trident/5.0)"
23.100.232.233 - - [05/Jul/2021:11:15:20 -0400] "GET /wp-content/themes/royal-magazine/assets/libraries/marquee/jquery.marquee.js?ver=5.7.2 HTTP/1.1" 200 5103 "https://ajhydell.com/2021/07/02/katherine-douglas-smith-addressing-a-crowd-of-men-at-portsmouth-circa-1910/" "Mozilla/5.0 (compatible; MSIE 9.0; Windows NT 6.0; Trident/5.0;  Trident/5.0)"
23.100.232.233 - - [05/Jul/2021:11:15:20 -0400] "GET /wp-content/themes/royal-magazine/assets/libraries/magnific-popup/jquery.magnific-popup.min.js?ver=5.7.2 HTTP/1.1" 200 7871 "https://ajhydell.com/2021/07/02/katherine-douglas-smith-addressing-a-crowd-of-men-at-portsmouth-circa-1910/" "Mozilla/5.0 (compatible; MSIE 9.0; Windows NT 6.0; Trident/5.0;  Trident/5.0)"
23.100.232.233 - - [05/Jul/2021:11:15:20 -0400] "GET /wp-content/themes/royal-magazine/assets/twp/js/custom-script.js?ver=5.7.2 HTTP/1.1" 200 3023 "https://ajhydell.com/2021/07/02/katherine-douglas-smith-addressing-a-crowd-of-men-at-portsmouth-circa-1910/" "Mozilla/5.0 (compatible; MSIE 9.0; Windows NT 6.0; Trident/5.0;  Trident/5.0)"
23.100.232.233 - - [05/Jul/2021:11:15:21 -0400] "GET /wp-content/plugins/facebook-pagelike-widget/fb.js?ver=1.0 HTTP/1.1" 200 821 "https://ajhydell.com/2021/07/02/katherine-douglas-smith-addressing-a-crowd-of-men-at-portsmouth-circa-1910/" "Mozilla/5.0 (compatible; MSIE 9.0; Windows NT 6.0; Trident/5.0;  Trident/5.0)"
23.100.232.233 - - [05/Jul/2021:11:15:21 -0400] "GET /wp-content/themes/royal-magazine/assets/libraries/slick/js/slick.min.js?ver=5.7.2 HTTP/1.1" 200 10740 "https://ajhydell.com/2021/07/02/katherine-douglas-smith-addressing-a-crowd-of-men-at-portsmouth-circa-1910/" "Mozilla/5.0 (compatible; MSIE 9.0; Windows NT 6.0; Trident/5.0;  Trident/5.0)"
23.100.232.233 - - [05/Jul/2021:11:15:21 -0400] "GET /wp-includes/js/wp-embed.min.js?ver=5.7.2 HTTP/1.1" 200 1221 "https://ajhydell.com/2021/07/02/katherine-douglas-smith-addressing-a-crowd-of-men-at-portsmouth-circa-1910/" "Mozilla/5.0 (compatible; MSIE 9.0; Windows NT 6.0; Trident/5.0;  Trident/5.0)"
23.100.232.233 - - [05/Jul/2021:11:15:21 -0400] "GET /wp-content/themes/royal-magazine/assets/libraries/theiaStickySidebar/theia-sticky-sidebar.min.js?ver=5.7.2 HTTP/1.1" 200 2271 "https://ajhydell.com/2021/07/02/katherine-douglas-smith-addressing-a-crowd-of-men-at-portsmouth-circa-1910/" "Mozilla/5.0 (compatible; MSIE 9.0; Windows NT 6.0; Trident/5.0;  Trident/5.0)"
204.48.19.85 - - [05/Jul/2021:11:15:53 -0400] "POST /wp-cron.php?doing_wp_cron=1625498153.3024709224700927734375 HTTP/1.1" 200 6295 "https://ajhydell.com/wp-cron.php?doing_wp_cron=1625498153.3024709224700927734375" "WordPress/5.7.2; https://ajhydell.com"
185.191.171.12 - - [05/Jul/2021:11:15:53 -0400] "GET /2020/02/16/ HTTP/1.1" 200 18923 "-" "Mozilla/5.0 (compatible; SemrushBot/7~bl; +http://www.semrush.com/bot.html)"
204.48.19.85 - - [05/Jul/2021:11:17:04 -0400] "POST /wp-cron.php?doing_wp_cron=1625498224.5803840160369873046875 HTTP/1.1" 200 6295 "https://ajhydell.com/wp-cron.php?doing_wp_cron=1625498224.5803840160369873046875" "WordPress/5.7.2; https://ajhydell.com"
54.36.148.117 - - [05/Jul/2021:11:17:04 -0400] "GET /2021/05/27/ HTTP/1.1" 200 18710 "-" "Mozilla/5.0 (compatible; AhrefsBot/7.0; +http://ahrefs.com/robot/)"
49.7.20.65 - - [05/Jul/2021:11:17:06 -0400] "GET / HTTP/1.1" 200 20293 "-" "Sogou web spider/4.0(+http://www.sogou.com/docs/help/webmasters.htm#07)"
64.67.111.194 - - [05/Jul/2021:11:17:48 -0400] "-" 408 559 "-" "-"
204.48.19.85 - - [05/Jul/2021:11:17:55 -0400] "POST /wp-cron.php?doing_wp_cron=1625498275.1652340888977050781250 HTTP/1.1" 200 6295 "https://ajhydell.com/wp-cron.php?doing_wp_cron=1625498275.1652340888977050781250" "WordPress/5.7.2; https://ajhydell.com"
207.46.13.120 - - [05/Jul/2021:11:17:55 -0400] "GET /2021/05/03/cosco-two-in-one-step-stool-1957/ HTTP/1.1" 200 18443 "-" "Mozilla/5.0 (compatible; bingbot/2.0; +http://www.bing.com/bingbot.htm)"
204.48.19.85 - - [05/Jul/2021:11:19:22 -0400] "POST /wp-cron.php?doing_wp_cron=1625498362.5078549385070800781250 HTTP/1.1" 200 6295 "https://ajhydell.com/wp-cron.php?doing_wp_cron=1625498362.5078549385070800781250" "WordPress/5.7.2; https://ajhydell.com"
185.191.171.43 - - [05/Jul/2021:11:19:22 -0400] "GET /2020/12/14/chaplin-gandhi-canning-town-london-england-uk-sep-22-1931/ HTTP/1.1" 200 18980 "-" "Mozilla/5.0 (compatible; SemrushBot/7~bl; +http://www.semrush.com/bot.html)"
64.67.111.194 - - [05/Jul/2021:11:19:25 -0400] "-" 408 559 "-" "-"
207.46.13.151 - - [05/Jul/2021:11:19:40 -0400] "GET /wp-content/uploads/2019/11/picture-84.jpg HTTP/1.1" 200 70962 "-" "Mozilla/5.0 (compatible; bingbot/2.0; +http://www.bing.com/bingbot.htm)"
204.48.19.85 - - [05/Jul/2021:11:19:56 -0400] "POST /wp-cron.php?doing_wp_cron=1625498396.9718179702758789062500 HTTP/1.1" 200 6295 "https://ajhydell.com/wp-cron.php?doing_wp_cron=1625498396.9718179702758789062500" "WordPress/5.7.2; https://ajhydell.com"
207.46.13.80 - - [05/Jul/2021:11:19:56 -0400] "GET /2020/11/28/pfc-herman-stanley-sorting-surrendered-german-sidearms-1945/ HTTP/1.1" 200 18556 "-" "Mozilla/5.0 (compatible; bingbot/2.0; +http://www.bing.com/bingbot.htm)"
185.191.171.8 - - [05/Jul/2021:11:20:09 -0400] "GET /2019/01/29/marines-attack-heavily-armed-japanese-pillbox-on-tarawa-gilbert-islands-by-climbing-on-top-and-shootting-down-in-11-21-43/ HTTP/1.1" 200 19092 "-" "Mozilla/5.0 (compatible; SemrushBot/7~bl; +http://www.semrush.com/bot.html)"
62.210.215.117 - - [05/Jul/2021:11:20:20 -0400] "GET /atom HTTP/1.1" 301 6431 "-" "Mozilla/5.0 (X11; Linux i686) AppleWebKit/537.36 (KHTML, like Gecko) Chrome/30.0.1599.66 Safari/537.36"
62.210.215.117 - - [05/Jul/2021:11:20:20 -0400] "GET /feed/atom/ HTTP/1.1" 200 19178 "-" "Mozilla/5.0 (X11; Linux i686) AppleWebKit/537.36 (KHTML, like Gecko) Chrome/30.0.1599.66 Safari/537.36"
64.67.111.194 - - [05/Jul/2021:11:20:30 -0400] "-" 408 559 "-" "-"
157.55.39.57 - - [05/Jul/2021:11:20:32 -0400] "GET /wp-content/uploads/2021/02/picture-104.jpg HTTP/1.1" 200 226108 "-" "Mozilla/5.0 (compatible; bingbot/2.0; +http://www.bing.com/bingbot.htm)"
112.198.123.79 - - [05/Jul/2021:11:20:38 -0400] "GET /wp-login.php HTTP/1.1" 403 22889 "-" "Mozilla/4.0 (compatible; MSIE 6.0; Windows NT 5.0)"
204.48.19.85 - - [05/Jul/2021:11:20:51 -0400] "POST /?wordfence_syncAttackData=1625498451.141 HTTP/1.1" 200 6300 "https://ajhydell.com/?wordfence_syncAttackData=1625498451.141" "WordPress/5.7.2; https://ajhydell.com"
204.48.19.85 - - [05/Jul/2021:11:20:51 -0400] "POST /wp-cron.php?doing_wp_cron=1625498451.2182159423828125000000 HTTP/1.1" 200 6295 "https://ajhydell.com/wp-cron.php?doing_wp_cron=1625498451.2182159423828125000000" "WordPress/5.7.2; https://ajhydell.com"
185.191.171.41 - - [05/Jul/2021:11:20:51 -0400] "GET /2019/ HTTP/1.1" 200 20202 "-" "Mozilla/5.0 (compatible; SemrushBot/7~bl; +http://www.semrush.com/bot.html)"
64.67.111.194 - - [05/Jul/2021:11:22:05 -0400] "-" 408 559 "-" "-"
40.77.167.20 - - [05/Jul/2021:11:24:50 -0400] "GET /wp-content/uploads/2019/11/picture-76.jpg HTTP/1.1" 200 276227 "-" "Mozilla/5.0 (compatible; bingbot/2.0; +http://www.bing.com/bingbot.htm)"
5.255.253.148 - - [05/Jul/2021:11:26:14 -0400] "GET /wp-content/uploads/2019/08/picture-67-790x1024.jpg HTTP/1.1" 304 6272 "-" "Mozilla/5.0 (compatible; YandexImages/3.0; +http://yandex.com/bots)"
40.77.167.20 - - [05/Jul/2021:11:30:21 -0400] "GET /wp-content/uploads/2020/11/picture-138-768x509.jpg HTTP/1.1" 200 117175 "-" "Mozilla/5.0 (compatible; bingbot/2.0; +http://www.bing.com/bingbot.htm)"
204.48.19.85 - - [05/Jul/2021:11:30:35 -0400] "POST /wp-cron.php?doing_wp_cron=1625499035.7442319393157958984375 HTTP/1.1" 200 6295 "https://ajhydell.com/wp-cron.php?doing_wp_cron=1625499035.7442319393157958984375" "WordPress/5.7.2; https://ajhydell.com"
207.46.13.22 - - [05/Jul/2021:11:30:35 -0400] "GET /2020/04/22/defying-apartheid-laws-archbishop-desmond-tutu-blue-shirt-and-his-supporters-jog-across-a-whites-only-beach-in-cape-town-south-africa-september-1989-1000-x-677/ HTTP/1.1" 200 18851 "-" "Mozilla/5.0 (compatible; bingbot/2.0; +http://www.bing.com/bingbot.htm)"
103.217.123.58 - - [05/Jul/2021:11:30:38 -0400] "GET /wp-content/uploads/2020/06/picture-21.jpg HTTP/1.1" 200 1016715 "-" "Dalvik/2.1.0 (Linux; U; Android 11; vivo 1906 Build/RP1A.200720.012)"
204.48.19.85 - - [05/Jul/2021:11:33:24 -0400] "POST /wp-cron.php?doing_wp_cron=1625499204.3687059879302978515625 HTTP/1.1" 200 6295 "https://ajhydell.com/wp-cron.php?doing_wp_cron=1625499204.3687059879302978515625" "WordPress/5.7.2; https://ajhydell.com"
207.46.13.80 - - [05/Jul/2021:11:33:24 -0400] "GET /2021/05/06/female-models-wearing-swimsuits-and-ortho-ammonium-sulfate-bags-posed-next-to-bagging-machines-1956-1151x906/ HTTP/1.1" 200 18705 "-" "Mozilla/5.0 (compatible; bingbot/2.0; +http://www.bing.com/bingbot.htm)"
64.67.111.194 - - [05/Jul/2021:11:33:50 -0400] "-" 408 6041 "-" "-"
204.48.19.85 - - [05/Jul/2021:11:35:30 -0400] "POST /wp-cron.php?doing_wp_cron=1625499330.0373589992523193359375 HTTP/1.1" 200 6295 "https://ajhydell.com/wp-cron.php?doing_wp_cron=1625499330.0373589992523193359375" "WordPress/5.7.2; https://ajhydell.com"
185.191.171.23 - - [05/Jul/2021:11:35:29 -0400] "GET /robots.txt HTTP/1.1" 200 6480 "-" "Mozilla/5.0 (compatible; SemrushBot/7~bl; +http://www.semrush.com/bot.html)"
185.191.171.25 - - [05/Jul/2021:11:35:30 -0400] "GET /2018/11/19/ HTTP/1.1" 200 18515 "-" "Mozilla/5.0 (compatible; SemrushBot/7~bl; +http://www.semrush.com/bot.html)"
207.46.13.120 - - [05/Jul/2021:11:35:33 -0400] "GET /2021/04/16/dprk-north-korea-death-to-the-enemies-of-reunification-2008/ HTTP/1.1" 200 18703 "-" "Mozilla/5.0 (compatible; bingbot/2.0; +http://www.bing.com/bingbot.htm)"
207.46.13.96 - - [05/Jul/2021:11:35:44 -0400] "GET /2021/06/13/the-white-death-austro-hungarian-poster-from-the-magazine-die-muskete-its-portraying-the-horrendous-conditions-the-troops-were-subjected-to-on-the-eastern-front-march-1917/ HTTP/1.1" 200 18713 "-" "Mozilla/5.0 (compatible; bingbot/2.0; +http://www.bing.com/bingbot.htm)"
159.65.157.77 - - [05/Jul/2021:11:36:01 -0400] "GET / HTTP/1.0" 400 0 "-" "-"
64.67.111.194 - - [05/Jul/2021:11:38:22 -0400] "-" 408 559 "-" "-"
64.67.111.194 - - [05/Jul/2021:11:39:11 -0400] "-" 408 559 "-" "-"
204.48.19.85 - - [05/Jul/2021:11:39:30 -0400] "POST /wp-cron.php?doing_wp_cron=1625499570.8721840381622314453125 HTTP/1.1" 200 6295 "https://ajhydell.com/wp-cron.php?doing_wp_cron=1625499570.8721840381622314453125" "WordPress/5.7.2; https://ajhydell.com"
185.191.171.21 - - [05/Jul/2021:11:39:30 -0400] "GET /2019/09/ HTTP/1.1" 200 19827 "-" "Mozilla/5.0 (compatible; SemrushBot/7~bl; +http://www.semrush.com/bot.html)"
204.48.19.85 - - [05/Jul/2021:11:40:13 -0400] "POST /wp-cron.php?doing_wp_cron=1625499613.2978079319000244140625 HTTP/1.1" 200 6295 "https://ajhydell.com/wp-cron.php?doing_wp_cron=1625499613.2978079319000244140625" "WordPress/5.7.2; https://ajhydell.com"
207.46.13.151 - - [05/Jul/2021:11:40:13 -0400] "GET /2018/10/16/color-an-american-soldier-cradles-a-wounded-japanese-boy-and-shelters-him-from-the-rain-in-an-airplane-cockpit-during-the-battle-of-saipan-while-waiting-to-transport-him-to-a-field-hospital-july-19/ HTTP/1.1" 200 19075 "-" "Mozilla/5.0 (compatible; bingbot/2.0; +http://www.bing.com/bingbot.htm)"
157.55.39.57 - - [05/Jul/2021:11:40:40 -0400] "GET /2019/06/12/a-liberated-jewish-prisoner-at-dachau-concentration-camp-attacks-a-captured-nazi-camp-guard-april-29th-1945/ HTTP/1.1" 200 18893 "-" "Mozilla/5.0 (compatible; bingbot/2.0; +http://www.bing.com/bingbot.htm)"
204.48.19.85 - - [05/Jul/2021:11:41:41 -0400] "POST /wp-cron.php?doing_wp_cron=1625499701.3662469387054443359375 HTTP/1.1" 200 6295 "https://ajhydell.com/wp-cron.php?doing_wp_cron=1625499701.3662469387054443359375" "WordPress/5.7.2; https://ajhydell.com"
185.191.171.9 - - [05/Jul/2021:11:41:41 -0400] "GET /2021/01/08/ HTTP/1.1" 200 19045 "-" "Mozilla/5.0 (compatible; SemrushBot/7~bl; +http://www.semrush.com/bot.html)"
92.118.160.41 - - [05/Jul/2021:11:43:58 -0400] "GET / HTTP/1.1" 301 509 "-" "NetSystemsResearch studies the availability of various services across the internet. Our website is netsystemsresearch.com"
92.118.160.41 - - [05/Jul/2021:11:43:58 -0400] "GET / HTTP/1.1" 200 103651 "http://204.48.19.85:80/" "Go http package"
204.48.19.85 - - [05/Jul/2021:11:43:59 -0400] "POST /wp-cron.php?doing_wp_cron=1625499839.4997189044952392578125 HTTP/1.1" 200 6295 "https://ajhydell.com/wp-cron.php?doing_wp_cron=1625499839.4997189044952392578125" "WordPress/5.7.2; https://ajhydell.com"
31.13.127.4 - - [05/Jul/2021:11:44:20 -0400] "GET /wp-content/uploads/2021/03/picture-110.jpg HTTP/1.1" 200 71548 "-" "facebookexternalhit/1.1 (+http://www.facebook.com/externalhit_uatext.php)"
207.46.13.96 - - [05/Jul/2021:11:47:56 -0400] "GET /wp-content/uploads/2018/11/picture-34.jpg HTTP/1.1" 200 354054 "-" "Mozilla/5.0 (compatible; bingbot/2.0; +http://www.bing.com/bingbot.htm)"
204.48.19.85 - - [05/Jul/2021:11:48:38 -0400] "POST /wp-cron.php?doing_wp_cron=1625500118.7969839572906494140625 HTTP/1.1" 200 6295 "https://ajhydell.com/wp-cron.php?doing_wp_cron=1625500118.7969839572906494140625" "WordPress/5.7.2; https://ajhydell.com"
207.46.13.120 - - [05/Jul/2021:11:48:38 -0400] "GET /2020/10/07/princess-elizabeth-reading-a-book-at-windsor-castle-june-1940/ HTTP/1.1" 200 18677 "-" "Mozilla/5.0 (compatible; bingbot/2.0; +http://www.bing.com/bingbot.htm)"
40.77.167.20 - - [05/Jul/2021:11:48:43 -0400] "GET /wp-content/uploads/2019/09/picture-72.jpg HTTP/1.1" 200 166196 "-" "Mozilla/5.0 (compatible; bingbot/2.0; +http://www.bing.com/bingbot.htm)"
216.244.66.250 - - [05/Jul/2021:11:50:02 -0400] "GET /robots.txt HTTP/1.1" 301 529 "-" "Mozilla/5.0 (compatible; DotBot/1.2; +https://opensiteexplorer.org/dotbot; help@moz.com)"
204.48.19.85 - - [05/Jul/2021:11:50:03 -0400] "POST /wp-cron.php?doing_wp_cron=1625500203.4247710704803466796875 HTTP/1.1" 200 6295 "https://ajhydell.com/wp-cron.php?doing_wp_cron=1625500203.4247710704803466796875" "WordPress/5.7.2; https://ajhydell.com"
216.244.66.250 - - [05/Jul/2021:11:50:03 -0400] "GET /robots.txt HTTP/1.1" 200 5859 "-" "Mozilla/5.0 (compatible; DotBot/1.2; +https://opensiteexplorer.org/dotbot; help@moz.com)"
204.48.19.85 - - [05/Jul/2021:11:50:49 -0400] "POST /wp-cron.php?doing_wp_cron=1625500249.0913569927215576171875 HTTP/1.1" 200 6295 "https://ajhydell.com/wp-cron.php?doing_wp_cron=1625500249.0913569927215576171875" "WordPress/5.7.2; https://ajhydell.com"
185.191.171.43 - - [05/Jul/2021:11:50:48 -0400] "GET /2019/04/12/uss-alcedo-sp-166-while-off-ny-city-in-august-1917-while-escorting-a-convoy-en-route-to-brest-france-alcedo-was-torpedoed-and-sunk-by-uc-71-on-5-november-1917-twenty-one-crewmembers-were-lost-wi/ HTTP/1.1" 200 19626 "-" "Mozilla/5.0 (compatible; SemrushBot/7~bl; +http://www.semrush.com/bot.html)"
5.9.144.234 - - [05/Jul/2021:11:51:36 -0400] "GET /robots.txt HTTP/1.1" 200 6065 "-" "Mozilla/5.0 (compatible; MJ12bot/v1.4.8; http://mj12bot.com/)"
5.9.144.234 - - [05/Jul/2021:11:51:43 -0400] "GET /2021/07/04/world-war-ii-photo-of-a-russian-military-couple-shortly-after-the-victory-day-in-europe-1945/feed/ HTTP/1.1" 200 6708 "-" "Mozilla/5.0 (compatible; MJ12bot/v1.4.8; http://mj12bot.com/)"
204.48.19.85 - - [05/Jul/2021:11:51:47 -0400] "POST /wp-cron.php?doing_wp_cron=1625500307.8280339241027832031250 HTTP/1.1" 200 6295 "https://ajhydell.com/wp-cron.php?doing_wp_cron=1625500307.8280339241027832031250" "WordPress/5.7.2; https://ajhydell.com"
5.9.144.234 - - [05/Jul/2021:11:51:47 -0400] "GET /2021/07/05/ HTTP/1.1" 200 12622 "-" "Mozilla/5.0 (compatible; MJ12bot/v1.4.8; http://mj12bot.com/)"
5.9.144.234 - - [05/Jul/2021:11:51:56 -0400] "GET /2021/07/05/the-washington-dove-soviet-cartoon-published-in-1953-showing-american-agents-and-military-officers-disguising-a-bomb-as-a-dove-of-peace-courtsey-propagandopolisinsta/feed/ HTTP/1.1" 200 6776 "-" "Mozilla/5.0 (compatible; MJ12bot/v1.4.8; http://mj12bot.com/)"
5.9.144.234 - - [05/Jul/2021:11:52:03 -0400] "GET /category/uncategorized/page/226/ HTTP/1.1" 200 19753 "-" "Mozilla/5.0 (compatible; MJ12bot/v1.4.8; http://mj12bot.com/)"
199.83.199.114 - - [05/Jul/2021:11:52:18 -0400] "GET /wp-content/uploads/2020/11/picture-111.jpg HTTP/1.1" 200 1944590 "https://www.bing.com/" "Mozilla/5.0 (Windows NT 10.0; Win64; x64) AppleWebKit/537.36 (KHTML, like Gecko) Chrome/91.0.4472.114 Safari/537.36 Edg/91.0.864.59"
82.30.230.217 - - [05/Jul/2021:11:52:24 -0400] "GET /wp-content/uploads/2018/10/picture-39.jpg HTTP/1.1" 200 300017 "https://www.google.com/" "Mozilla/5.0 (Linux; Android 8.1.0; 9027X_EEA) AppleWebKit/537.36 (KHTML, like Gecko) Chrome/91.0.4472.120 Mobile Safari/537.36"
77.75.79.62 - - [05/Jul/2021:11:52:30 -0400] "GET /robots.txt HTTP/1.1" 200 6517 "-" "Mozilla/5.0 (compatible; SeznamBot/3.2; +http://napoveda.seznam.cz/en/seznambot-intro/)"
157.55.39.136 - - [05/Jul/2021:11:52:31 -0400] "GET /2018/10/29/wwi-recruitment-poster-from-canterbury-museum-new-zealand/ HTTP/1.1" 200 18736 "-" "Mozilla/5.0 (compatible; bingbot/2.0; +http://www.bing.com/bingbot.htm)"
77.75.79.62 - - [05/Jul/2021:11:52:32 -0400] "GET /wp-content/uploads/2021/04/picture-35.jpg HTTP/1.1" 304 6271 "-" "Mozilla/5.0 (compatible; SeznamBot/3.2; +http://napoveda.seznam.cz/en/seznambot-intro/)"
27.158.235.134 - - [05/Jul/2021:11:52:36 -0400] "GET /pc HTTP/1.1" 404 64603 "https://ajhydell.com/pc" "Mozilla/5.0 (Windows NT 10.0; Win64; x64) AppleWebKit/537.36 (KHTML, like Gecko) Chrome/80.0.3987.149 Safari/537.36"
199.83.199.114 - - [05/Jul/2021:11:52:38 -0400] "-" 408 6041 "-" "-"
82.30.230.217 - - [05/Jul/2021:11:52:44 -0400] "-" 408 6041 "-" "-"
85.10.204.202 - - [05/Jul/2021:11:52:53 -0400] "GET /test/wp-admin/ HTTP/1.1" 301 537 "http://ajhydell.com/" "Mozilla/5.0 (Windows NT 10.0; Win64; x64) AppleWebKit/537.36 (KHTML, like Gecko) Chrome/78.0.3904.97 Safari/537.36"
204.48.19.85 - - [05/Jul/2021:11:52:54 -0400] "POST /wp-cron.php?doing_wp_cron=1625500374.0675280094146728515625 HTTP/1.1" 200 6295 "https://ajhydell.com/wp-cron.php?doing_wp_cron=1625500374.0675280094146728515625" "WordPress/5.7.2; https://ajhydell.com"
85.10.204.202 - - [05/Jul/2021:11:52:53 -0400] "GET /test/wp-admin/ HTTP/1.1" 404 65273 "http://ajhydell.com/" "Mozilla/5.0 (Windows NT 10.0; Win64; x64) AppleWebKit/537.36 (KHTML, like Gecko) Chrome/78.0.3904.97 Safari/537.36"
204.48.19.85 - - [05/Jul/2021:11:54:53 -0400] "POST /wp-cron.php?doing_wp_cron=1625500493.8442120552062988281250 HTTP/1.1" 200 6295 "https://ajhydell.com/wp-cron.php?doing_wp_cron=1625500493.8442120552062988281250" "WordPress/5.7.2; https://ajhydell.com"
54.36.148.117 - - [05/Jul/2021:11:54:53 -0400] "GET /2021/03/26/1973-opel-gt-german-precision-imported-by-general-motors/ HTTP/1.1" 200 18997 "-" "Mozilla/5.0 (compatible; AhrefsBot/7.0; +http://ahrefs.com/robot/)"
207.46.13.22 - - [05/Jul/2021:11:55:13 -0400] "GET /wp-content/uploads/2018/11/picture-27.jpg HTTP/1.1" 200 258576 "-" "Mozilla/5.0 (compatible; bingbot/2.0; +http://www.bing.com/bingbot.htm)"
204.48.19.85 - - [05/Jul/2021:11:56:46 -0400] "POST /wp-cron.php?doing_wp_cron=1625500606.0307960510253906250000 HTTP/1.1" 200 6295 "https://ajhydell.com/wp-cron.php?doing_wp_cron=1625500606.0307960510253906250000" "WordPress/5.7.2; https://ajhydell.com"
194.48.199.78 - - [05/Jul/2021:11:56:45 -0400] "GET /OpenAM/js/openam.js HTTP/1.1" 404 64427 "-" "() { :; }; echo ; /bin/bash -c 'expr 16356 \\* 999'"
18.144.48.174 - - [05/Jul/2021:11:56:55 -0400] "GET /.env HTTP/1.1" 404 64498 "-" "Mozilla/5.0 (X11; Linux x86_64) AppleWebKit/537.36 (KHTML, like Gecko) Chrome/81.0.4044.129 Safari/537.36"
18.144.48.174 - - [05/Jul/2021:11:56:56 -0400] "POST / HTTP/1.1" 200 20216 "-" "Mozilla/5.0 (X11; Linux x86_64) AppleWebKit/537.36 (KHTML, like Gecko) Chrome/81.0.4044.129 Safari/537.36"
207.46.13.22 - - [05/Jul/2021:11:57:53 -0400] "GET /wp-content/uploads/2020/12/picture-67-1363x2048.jpg HTTP/1.1" 200 2516086 "-" "Mozilla/5.0 (compatible; bingbot/2.0; +http://www.bing.com/bingbot.htm)"
204.48.19.85 - - [05/Jul/2021:11:57:56 -0400] "POST /wp-cron.php?doing_wp_cron=1625500676.0092411041259765625000 HTTP/1.1" 200 6295 "https://ajhydell.com/wp-cron.php?doing_wp_cron=1625500676.0092411041259765625000" "WordPress/5.7.2; https://ajhydell.com"
27.7.200.170 - - [05/Jul/2021:11:57:55 -0400] "GET / HTTP/1.1" 301 6354 "-" "Go-http-client/1.1"
54.36.148.117 - - [05/Jul/2021:11:58:06 -0400] "GET /2020/07/25/color-sergeant-mcgregor-1856/ HTTP/1.1" 200 18816 "-" "Mozilla/5.0 (compatible; AhrefsBot/7.0; +http://ahrefs.com/robot/)"
213.180.203.138 - - [05/Jul/2021:12:00:15 -0400] "GET /robots.txt HTTP/1.1" 200 6535 "-" "Mozilla/5.0 (compatible; YandexBot/3.0; +http://yandex.com/bots)"
204.48.19.85 - - [05/Jul/2021:12:00:17 -0400] "POST /xmlrpc.php HTTP/1.1" 200 6908 "-" "xmlrpclib.py/1.0.1 (by www.pythonware.com)"
204.48.19.85 - - [05/Jul/2021:12:00:16 -0400] "POST /wp-cron.php?doing_wp_cron=1625500816.1644389629364013671875 HTTP/1.1" 200 6295 "https://ajhydell.com/wp-cron.php?doing_wp_cron=1625500816.1644389629364013671875" "WordPress/5.7.2; https://ajhydell.com"
213.180.203.138 - - [05/Jul/2021:12:00:19 -0400] "GET /wp-content/uploads/2019/06/picture-76.jpg HTTP/1.1" 304 277 "-" "Mozilla/5.0 (compatible; YandexImages/3.0; +http://yandex.com/bots)"
204.48.19.85 - - [05/Jul/2021:12:00:17 -0400] "POST /xmlrpc.php HTTP/1.1" 200 7023 "-" "xmlrpclib.py/1.0.1 (by www.pythonware.com)"
204.48.19.85 - - [05/Jul/2021:12:00:21 -0400] "POST /xmlrpc.php HTTP/1.1" 200 6427 "-" "xmlrpclib.py/1.0.1 (by www.pythonware.com)"
204.48.19.85 - - [05/Jul/2021:12:00:51 -0400] "POST /wp-cron.php?doing_wp_cron=1625500851.8384640216827392578125 HTTP/1.1" 200 6295 "https://ajhydell.com/wp-cron.php?doing_wp_cron=1625500851.8384640216827392578125" "WordPress/5.7.2; https://ajhydell.com"
66.249.70.114 - - [05/Jul/2021:12:00:51 -0400] "GET /robots.txt HTTP/1.1" 200 6517 "-" "Mozilla/5.0 (compatible; Googlebot/2.1; +http://www.google.com/bot.html)"
66.249.70.112 - - [05/Jul/2021:12:00:52 -0400] "GET /feed/ HTTP/1.1" 200 8772 "-" "Mozilla/5.0 (compatible; Googlebot/2.1; +http://www.google.com/bot.html)"
66.249.70.110 - - [05/Jul/2021:12:00:53 -0400] "GET /sitemap-pt-post-2021-07.xml HTTP/1.1" 200 8491 "-" "Mozilla/5.0 (compatible; Googlebot/2.1; +http://www.google.com/bot.html)"
66.249.70.110 - - [05/Jul/2021:12:00:53 -0400] "GET /sitemap.xml HTTP/1.1" 200 1210 "-" "Mozilla/5.0 (compatible; Googlebot/2.1; +http://www.google.com/bot.html)"
66.249.70.114 - - [05/Jul/2021:12:00:54 -0400] "GET /2021/07/05/consolidated-c-87-liberator-express-the-b-24-transport-variant-at-natal-brazil-1943-the-us-set-a-base-there-playing-an-important-role-during-ww2-for-anti-sub-patrols-and-as-a-strategic-base-for-a/ HTTP/1.1" 200 13093 "-" "Mozilla/5.0 (Linux; Android 6.0.1; Nexus 5X Build/MMB29P) AppleWebKit/537.36 (KHTML, like Gecko) Chrome/91.0.4472.90 Mobile Safari/537.36 (compatible; Googlebot/2.1; +http://www.google.com/bot.html)"
5.255.253.148 - - [05/Jul/2021:12:01:08 -0400] "GET /wp-content/uploads/2021/03/picture-18-scaled.jpg HTTP/1.1" 304 6272 "-" "Mozilla/5.0 (compatible; YandexImages/3.0; +http://yandex.com/bots)"
66.249.70.114 - - [05/Jul/2021:12:01:21 -0400] "GET /wp-content/plugins/facebook-pagelike-widget/loader.gif HTTP/1.1" 304 6271 "-" "Googlebot-Image/1.0"
66.249.70.114 - - [05/Jul/2021:12:01:22 -0400] "GET /wp-content/uploads/2021/07/picture-23.jpg HTTP/1.1" 200 231086 "-" "Googlebot-Image/1.0"
66.249.70.114 - - [05/Jul/2021:12:01:22 -0400] "GET /wp-content/uploads/2018/08/logo.jpg HTTP/1.1" 304 277 "-" "Googlebot-Image/1.0"
66.249.70.114 - - [05/Jul/2021:12:01:23 -0400] "GET /wp-content/uploads/2018/08/cropped-logo-32x32.jpg HTTP/1.1" 304 275 "-" "Googlebot-Image/1.0"
54.36.148.117 - - [05/Jul/2021:12:01:40 -0400] "GET /2020/07/25/revolution-begins-in-the-sink-iww-1999/ HTTP/1.1" 200 19113 "-" "Mozilla/5.0 (compatible; AhrefsBot/7.0; +http://ahrefs.com/robot/)"
64.67.111.194 - - [05/Jul/2021:12:01:40 -0400] "-" 408 6041 "-" "-"
204.48.19.85 - - [05/Jul/2021:12:03:20 -0400] "POST /wp-cron.php?doing_wp_cron=1625501000.6320519447326660156250 HTTP/1.1" 200 6295 "https://ajhydell.com/wp-cron.php?doing_wp_cron=1625501000.6320519447326660156250" "WordPress/5.7.2; https://ajhydell.com"
216.244.66.250 - - [05/Jul/2021:12:03:20 -0400] "GET /2019/08/26/only-4999-00-in-1984-12344-adjusted-for-inflation/ HTTP/1.1" 200 67819 "-" "Mozilla/5.0 (compatible; DotBot/1.2; +https://opensiteexplorer.org/dotbot; help@moz.com)"
204.48.19.85 - - [05/Jul/2021:12:05:29 -0400] "POST /wp-cron.php?doing_wp_cron=1625501129.9632000923156738281250 HTTP/1.1" 200 6295 "https://ajhydell.com/wp-cron.php?doing_wp_cron=1625501129.9632000923156738281250" "WordPress/5.7.2; https://ajhydell.com"
54.36.148.117 - - [05/Jul/2021:12:05:29 -0400] "GET /2020/08/27/here-comes-the-brach-candy-express-fresh-from-brachs-candyland-1966/ HTTP/1.1" 200 19223 "-" "Mozilla/5.0 (compatible; AhrefsBot/7.0; +http://ahrefs.com/robot/)"
204.48.19.85 - - [05/Jul/2021:12:06:47 -0400] "POST /wp-cron.php?doing_wp_cron=1625501207.1835761070251464843750 HTTP/1.1" 200 6295 "https://ajhydell.com/wp-cron.php?doing_wp_cron=1625501207.1835761070251464843750" "WordPress/5.7.2; https://ajhydell.com"
40.77.167.20 - - [05/Jul/2021:12:06:46 -0400] "GET /2020/12/09/it-will-be-a-great-day-usa-1970/ HTTP/1.1" 200 18734 "-" "Mozilla/5.0 (compatible; bingbot/2.0; +http://www.bing.com/bingbot.htm)"
216.244.66.250 - - [05/Jul/2021:12:07:38 -0400] "GET /2019/02/04/sugar-information-ad-i-found-in-national-geographic-oct-1972/ HTTP/1.1" 200 68338 "-" "Mozilla/5.0 (compatible; DotBot/1.2; +https://opensiteexplorer.org/dotbot; help@moz.com)"
204.48.19.85 - - [05/Jul/2021:12:09:08 -0400] "POST /wp-cron.php?doing_wp_cron=1625501348.9443991184234619140625 HTTP/1.1" 200 6295 "https://ajhydell.com/wp-cron.php?doing_wp_cron=1625501348.9443991184234619140625" "WordPress/5.7.2; https://ajhydell.com"
54.36.148.117 - - [05/Jul/2021:12:09:08 -0400] "GET /2020/05/11/american-propaganda-posters-during-ww2/ HTTP/1.1" 200 18997 "-" "Mozilla/5.0 (compatible; AhrefsBot/7.0; +http://ahrefs.com/robot/)"
204.48.19.85 - - [05/Jul/2021:12:11:47 -0400] "POST /wp-cron.php?doing_wp_cron=1625501507.6852440834045410156250 HTTP/1.1" 200 6295 "https://ajhydell.com/wp-cron.php?doing_wp_cron=1625501507.6852440834045410156250" "WordPress/5.7.2; https://ajhydell.com"
185.191.171.7 - - [05/Jul/2021:12:11:47 -0400] "GET /2020/12/25/storming-the-beaches-of-iwo-jima/ HTTP/1.1" 200 19006 "-" "Mozilla/5.0 (compatible; SemrushBot/7~bl; +http://www.semrush.com/bot.html)"
157.55.39.134 - - [05/Jul/2021:12:12:07 -0400] "GET /wp-content/uploads/2020/08/picture-78.jpg HTTP/1.1" 200 368957 "-" "Mozilla/5.0 (compatible; bingbot/2.0; +http://www.bing.com/bingbot.htm)"
204.48.19.85 - - [05/Jul/2021:12:12:48 -0400] "POST /wp-cron.php?doing_wp_cron=1625501568.1690011024475097656250 HTTP/1.1" 200 6295 "https://ajhydell.com/wp-cron.php?doing_wp_cron=1625501568.1690011024475097656250" "WordPress/5.7.2; https://ajhydell.com"
54.36.148.117 - - [05/Jul/2021:12:12:47 -0400] "GET /2019/03/16/muhammed-ali-with-his-winnings-from-the-rumble-in-the-jungle-1974-500x622/ HTTP/1.1" 200 19298 "-" "Mozilla/5.0 (compatible; AhrefsBot/7.0; +http://ahrefs.com/robot/)"
204.48.19.85 - - [05/Jul/2021:12:13:55 -0400] "POST /wp-cron.php?doing_wp_cron=1625501635.2044119834899902343750 HTTP/1.1" 200 6295 "https://ajhydell.com/wp-cron.php?doing_wp_cron=1625501635.2044119834899902343750" "WordPress/5.7.2; https://ajhydell.com"
66.249.70.110 - - [05/Jul/2021:12:13:55 -0400] "GET /2021/07/05/consolidated-c-87-liberator-express-the-b-24-transport-variant-at-natal-brazil-1943-the-us-set-a-base-there-playing-an-important-role-during-ww2-for-anti-sub-patrols-and-as-a-strategic-base-for-a/ HTTP/1.1" 200 19087 "-" "Mozilla/5.0 (compatible; Googlebot/2.1; +http://www.google.com/bot.html)"
66.249.70.110 - - [05/Jul/2021:12:13:58 -0400] "GET /wp-content/plugins/add-expires-headers/cache/0/com/processed-header-f16a8d323e83e1bc1b76514e283fb81b7090a959.min.css HTTP/1.1" 200 52771 "https://ajhydell.com/2021/07/05/consolidated-c-87-liberator-express-the-b-24-transport-variant-at-natal-brazil-1943-the-us-set-a-base-there-playing-an-important-role-during-ww2-for-anti-sub-patrols-and-as-a-strategic-base-for-a/" "Mozilla/5.0 AppleWebKit/537.36 (KHTML, like Gecko; compatible; Googlebot/2.1; +http://www.google.com/bot.html) Chrome/91.0.4472.90 Safari/537.36"
207.46.13.22 - - [05/Jul/2021:12:14:26 -0400] "GET / HTTP/1.1" 200 20576 "-" "Mozilla/5.0 (compatible; bingbot/2.0; +http://www.bing.com/bingbot.htm)"
204.48.19.85 - - [05/Jul/2021:12:16:20 -0400] "POST /wp-cron.php?doing_wp_cron=1625501780.1459710597991943359375 HTTP/1.1" 200 6295 "https://ajhydell.com/wp-cron.php?doing_wp_cron=1625501780.1459710597991943359375" "WordPress/5.7.2; https://ajhydell.com"
54.36.148.117 - - [05/Jul/2021:12:16:19 -0400] "GET /2020/04/11/ HTTP/1.1" 200 18725 "-" "Mozilla/5.0 (compatible; AhrefsBot/7.0; +http://ahrefs.com/robot/)"
54.245.140.187 - - [05/Jul/2021:12:18:26 -0400] "GET / HTTP/1.1" 301 565 "-" "-"
204.48.19.85 - - [05/Jul/2021:12:18:29 -0400] "POST /wp-cron.php?doing_wp_cron=1625501909.8667891025543212890625 HTTP/1.1" 200 6295 "https://ajhydell.com/wp-cron.php?doing_wp_cron=1625501909.8667891025543212890625" "WordPress/5.7.2; https://ajhydell.com"
54.245.140.187 - - [05/Jul/2021:12:18:29 -0400] "GET / HTTP/1.1" 200 105379 "-" "-"
185.191.171.7 - - [05/Jul/2021:12:18:39 -0400] "GET /2021/01/03/happy-new-year-dear-stalin-ussr-1952-k-ivanov/ HTTP/1.1" 200 19156 "-" "Mozilla/5.0 (compatible; SemrushBot/7~bl; +http://www.semrush.com/bot.html)"
204.48.19.85 - - [05/Jul/2021:12:20:02 -0400] "POST /wp-cron.php?doing_wp_cron=1625502002.3265399932861328125000 HTTP/1.1" 200 6295 "https://ajhydell.com/wp-cron.php?doing_wp_cron=1625502002.3265399932861328125000" "WordPress/5.7.2; https://ajhydell.com"
54.36.148.117 - - [05/Jul/2021:12:20:02 -0400] "GET /2020/09/07/when-the-color-lasts-and-the-fit-lasts-and-the-quality-lasts-and-the-joy-lasts-its-got-to-be-underoos-the-underwear-that-fun-to-wear-1981/ HTTP/1.1" 200 19382 "-" "Mozilla/5.0 (compatible; AhrefsBot/7.0; +http://ahrefs.com/robot/)"
64.67.111.194 - - [05/Jul/2021:12:21:42 -0400] "-" 408 6041 "-" "-"
204.48.19.85 - - [05/Jul/2021:12:21:46 -0400] "POST /wp-cron.php?doing_wp_cron=1625502106.5778119564056396484375 HTTP/1.1" 200 6295 "https://ajhydell.com/wp-cron.php?doing_wp_cron=1625502106.5778119564056396484375" "WordPress/5.7.2; https://ajhydell.com"
157.55.39.136 - - [05/Jul/2021:12:21:46 -0400] "GET /2020/04/09/a-fundamentalist-cartoon-portraying-modernism-as-the-descent-from-christianity-to-atheism-first-published-in-1922-and-then-used-in-seven-questions-in-dispute-by-william-jennings-bryan/ HTTP/1.1" 200 19075 "-" "Mozilla/5.0 (compatible; bingbot/2.0; +http://www.bing.com/bingbot.htm)"
157.55.39.57 - - [05/Jul/2021:12:22:42 -0400] "GET /2018/09/30/japanese-issue-of-manga-from-1943-showing-winston-churchill-in-indian-robes-and-chewing-a-bone-in-response-to-japanese-successful-invasion-of-malaya-and-burma/ HTTP/1.1" 200 19153 "-" "Mozilla/5.0 (compatible; bingbot/2.0; +http://www.bing.com/bingbot.htm)"
204.48.19.85 - - [05/Jul/2021:12:23:03 -0400] "POST /wp-cron.php?doing_wp_cron=1625502183.6143710613250732421875 HTTP/1.1" 200 6295 "https://ajhydell.com/wp-cron.php?doing_wp_cron=1625502183.6143710613250732421875" "WordPress/5.7.2; https://ajhydell.com"
157.55.39.136 - - [05/Jul/2021:12:23:03 -0400] "GET /2020/05/08/go-and-vote-for-a-nuclear-free-europe-rob-wout-aka-opland-netherlands-1984/ HTTP/1.1" 200 18852 "-" "Mozilla/5.0 (compatible; bingbot/2.0; +http://www.bing.com/bingbot.htm)"
54.36.148.117 - - [05/Jul/2021:12:23:16 -0400] "GET /2019/01/22/ HTTP/1.1" 200 18734 "-" "Mozilla/5.0 (compatible; AhrefsBot/7.0; +http://ahrefs.com/robot/)"
157.55.39.57 - - [05/Jul/2021:12:23:18 -0400] "GET /wp-content/uploads/2018/12/picture-10.jpg HTTP/1.1" 200 61603 "-" "Mozilla/5.0 (compatible; bingbot/2.0; +http://www.bing.com/bingbot.htm)"
204.48.19.85 - - [05/Jul/2021:12:23:41 -0400] "POST /wp-cron.php?doing_wp_cron=1625502221.3212590217590332031250 HTTP/1.1" 200 6295 "https://ajhydell.com/wp-cron.php?doing_wp_cron=1625502221.3212590217590332031250" "WordPress/5.7.2; https://ajhydell.com"
66.249.70.110 - - [05/Jul/2021:12:23:41 -0400] "GET /2021/07/05/consolidated-c-87-liberator-express-the-b-24-transport-variant-at-natal-brazil-1943-the-us-set-a-base-there-playing-an-important-role-during-ww2-for-anti-sub-patrols-and-as-a-strategic-base-for-a/feed/ HTTP/1.1" 200 7361 "-" "Mozilla/5.0 (Linux; Android 6.0.1; Nexus 5X Build/MMB29P) AppleWebKit/537.36 (KHTML, like Gecko) Chrome/91.0.4472.90 Mobile Safari/537.36 (compatible; Googlebot/2.1; +http://www.google.com/bot.html)"
204.48.19.85 - - [05/Jul/2021:12:24:36 -0400] "POST /wp-cron.php?doing_wp_cron=1625502276.3310730457305908203125 HTTP/1.1" 200 6295 "https://ajhydell.com/wp-cron.php?doing_wp_cron=1625502276.3310730457305908203125" "WordPress/5.7.2; https://ajhydell.com"
157.55.39.134 - - [05/Jul/2021:12:24:36 -0400] "GET /2017/10/25/ HTTP/1.1" 404 65178 "-" "Mozilla/5.0 (compatible; bingbot/2.0; +http://www.bing.com/bingbot.htm)"
54.172.91.236 - - [05/Jul/2021:12:24:38 -0400] "-" 408 5330 "-" "-"
94.230.195.176 - - [05/Jul/2021:12:25:23 -0400] "GET /wp-content/uploads/2020/07/picture-2.jpg HTTP/1.1" 200 122625 "https://www.reddit.com/" "Mozilla/5.0 (X11; Linux x86_64) AppleWebKit/537.36 (KHTML, like Gecko) Chrome/91.0.4472.114 Safari/537.36"
94.230.195.176 - - [05/Jul/2021:12:25:43 -0400] "-" 408 6041 "-" "-"
94.230.195.176 - - [05/Jul/2021:12:25:54 -0400] "GET /wp-content/uploads/2020/07/picture-2.jpg HTTP/1.1" 206 995 "https://www.reddit.com/" "Mozilla/5.0 (X11; Linux x86_64) AppleWebKit/537.36 (KHTML, like Gecko) Chrome/91.0.4472.114 Safari/537.36"
94.230.195.176 - - [05/Jul/2021:12:25:54 -0400] "GET /wp-content/uploads/2020/07/picture-2.jpg HTTP/1.1" 206 67419 "https://www.reddit.com/" "Mozilla/5.0 (X11; Linux x86_64) AppleWebKit/537.36 (KHTML, like Gecko) Chrome/91.0.4472.114 Safari/537.36"
204.48.19.85 - - [05/Jul/2021:12:26:40 -0400] "POST /wp-cron.php?doing_wp_cron=1625502400.0504100322723388671875 HTTP/1.1" 200 6295 "https://ajhydell.com/wp-cron.php?doing_wp_cron=1625502400.0504100322723388671875" "WordPress/5.7.2; https://ajhydell.com"
54.36.148.117 - - [05/Jul/2021:12:26:39 -0400] "GET /2019/08/01/ HTTP/1.1" 200 18606 "-" "Mozilla/5.0 (compatible; AhrefsBot/7.0; +http://ahrefs.com/robot/)"
204.48.19.85 - - [05/Jul/2021:12:29:22 -0400] "POST /wp-cron.php?doing_wp_cron=1625502562.5452139377593994140625 HTTP/1.1" 200 6295 "https://ajhydell.com/wp-cron.php?doing_wp_cron=1625502562.5452139377593994140625" "WordPress/5.7.2; https://ajhydell.com"
157.55.39.57 - - [05/Jul/2021:12:29:22 -0400] "GET /2018/12/12/finnish-soldiers-enjoying-their-christmas-eve-karelian-isthmus-1941-colorized/ HTTP/1.1" 200 18779 "-" "Mozilla/5.0 (compatible; bingbot/2.0; +http://www.bing.com/bingbot.htm)"
