3.81.150.98 - - [07/Jul/2021:07:53:11 -0400] "GET /sitemap.xml HTTP/1.1" 200 6588 "-" "Buck/2.2; (+https://app.hypefactors.com/media-monitoring/about.html)"
3.81.150.98 - - [07/Jul/2021:07:53:12 -0400] "GET /sitemap-pt-post-2021-07.xml HTTP/1.1" 200 8372 "-" "Buck/2.2; (+https://app.hypefactors.com/media-monitoring/about.html)"
204.48.19.85 - - [07/Jul/2021:07:53:57 -0400] "POST /wp-cron.php?doing_wp_cron=1625658837.7595620155334472656250 HTTP/1.1" 200 6295 "https://ajhydell.com/wp-cron.php?doing_wp_cron=1625658837.7595620155334472656250" "WordPress/5.7.2; https://ajhydell.com"
114.119.132.183 - - [07/Jul/2021:07:53:57 -0400] "GET /2019/02/20/stop-talking-before-its-too-late-british-wwii-poster-1940s HTTP/1.1" 301 5821 "-" "Mozilla/5.0 (Linux; Android 7.0;) AppleWebKit/537.36 (KHTML, like Gecko) Mobile Safari/537.36 (compatible; PetalBot;+https://webmaster.petalsearch.com/site/petalbot)"
114.119.132.183 - - [07/Jul/2021:07:53:58 -0400] "GET /2019/02/20/stop-talking-before-its-too-late-british-wwii-poster-1940s/ HTTP/1.1" 200 13447 "-" "Mozilla/5.0 (Linux; Android 7.0;) AppleWebKit/537.36 (KHTML, like Gecko) Mobile Safari/537.36 (compatible; PetalBot;+https://webmaster.petalsearch.com/site/petalbot)"
62.210.215.117 - - [07/Jul/2021:07:54:08 -0400] "GET /rss HTTP/1.1" 301 6425 "-" "Mozilla/5.0 (X11; Linux i686) AppleWebKit/537.36 (KHTML, like Gecko) Chrome/30.0.1599.66 Safari/537.36"
62.210.215.117 - - [07/Jul/2021:07:54:08 -0400] "GET /feed/ HTTP/1.1" 200 9031 "-" "Mozilla/5.0 (X11; Linux i686) AppleWebKit/537.36 (KHTML, like Gecko) Chrome/30.0.1599.66 Safari/537.36"
5.135.210.0 - - [07/Jul/2021:07:54:28 -0400] "GET /2021/07/07/high-school-teacher-john-t-scopes-is-brought-to-trial-in-dayton-tennessee-for-teaching-the-theory-of-evolution-which-was-prohibited-under-state-law-july-10-1925-2000x1320/ HTTP/1.1" 200 19018 "-" "Mozilla/5.0 (Macintosh; Intel Mac OS X 10_14_1) AppleWebKit/537.36 (KHTML, like Gecko) Chrome/71.0.3578.62 Safari/537.36"
204.48.19.85 - - [07/Jul/2021:07:54:56 -0400] "POST /wp-cron.php?doing_wp_cron=1625658896.2043249607086181640625 HTTP/1.1" 200 6295 "https://ajhydell.com/wp-cron.php?doing_wp_cron=1625658896.2043249607086181640625" "WordPress/5.7.2; https://ajhydell.com"
54.36.148.117 - - [07/Jul/2021:07:54:56 -0400] "GET /2021/07/07/high-school-teacher-john-t-scopes-is-brought-to-trial-in-dayton-tennessee-for-teaching-the-theory-of-evolution-which-was-prohibited-under-state-law-july-10-1925-2000x1320/ HTTP/1.1" 200 18903 "-" "Mozilla/5.0 (compatible; AhrefsBot/7.0; +http://ahrefs.com/robot/)"
13.66.139.0 - - [07/Jul/2021:07:55:27 -0400] "GET /2020/10/25/1969-ad-introducing-the-two-job-pill/ HTTP/1.1" 200 18602 "-" "Mozilla/5.0 (compatible; bingbot/2.0; +http://www.bing.com/bingbot.htm)"
204.48.19.85 - - [07/Jul/2021:07:56:07 -0400] "POST /wp-cron.php?doing_wp_cron=1625658967.1001629829406738281250 HTTP/1.1" 200 6295 "https://ajhydell.com/wp-cron.php?doing_wp_cron=1625658967.1001629829406738281250" "WordPress/5.7.2; https://ajhydell.com"
114.119.151.146 - - [07/Jul/2021:07:56:07 -0400] "GET /2020/04/14/in-the-country-of-lord-god-that-is-in-the-united-states-of-america-ussr-1930/ HTTP/1.1" 200 18656 "-" "Mozilla/5.0 (Linux; Android 7.0;) AppleWebKit/537.36 (KHTML, like Gecko) Mobile Safari/537.36 (compatible; PetalBot;+https://webmaster.petalsearch.com/site/petalbot)"
116.203.58.207 - - [07/Jul/2021:07:56:26 -0400] "GET /.env HTTP/1.1" 404 65351 "-" "Mozilla/5.0 (X11; Linux x86_64) AppleWebKit/537.36 (KHTML, like Gecko) Chrome/81.0.4044.129 Safari/537.36"
116.203.58.207 - - [07/Jul/2021:07:56:27 -0400] "POST / HTTP/1.1" 200 21033 "-" "Mozilla/5.0 (X11; Linux x86_64) AppleWebKit/537.36 (KHTML, like Gecko) Chrome/81.0.4044.129 Safari/537.36"
45.153.160.2 - - [07/Jul/2021:07:56:39 -0400] "GET /WFimageboard.php HTTP/1.1" 404 65419 "-" "Mozilla/5.0 (Windows NT 10.0; rv:78.0) Gecko/20100101 Firefox/78.0"
204.48.19.85 - - [07/Jul/2021:07:57:45 -0400] "POST /wp-cron.php?doing_wp_cron=1625659065.9705579280853271484375 HTTP/1.1" 200 6295 "https://ajhydell.com/wp-cron.php?doing_wp_cron=1625659065.9705579280853271484375" "WordPress/5.7.2; https://ajhydell.com"
114.119.156.206 - - [07/Jul/2021:07:57:45 -0400] "GET /2019/06/10/the-black-conscription-confederate-states-of-america-1863/ HTTP/1.1" 200 18418 "-" "Mozilla/5.0 (Linux; Android 7.0;) AppleWebKit/537.36 (KHTML, like Gecko) Mobile Safari/537.36 (compatible; PetalBot;+https://webmaster.petalsearch.com/site/petalbot)"
71.6.146.186 - - [07/Jul/2021:07:57:54 -0400] "GET / HTTP/1.1" 200 105058 "-" "Mozilla/5.0 (X11; Linux x86_64) AppleWebKit/537.36 (KHTML, like Gecko) Chrome/34.0.1847.137 Safari/537.36"
71.6.146.186 - - [07/Jul/2021:07:57:58 -0400] "\n" 400 5548 "-" "-"
71.6.146.186 - - [07/Jul/2021:07:58:00 -0400] "\n" 400 5564 "-" "-"
71.6.146.186 - - [07/Jul/2021:07:58:00 -0400] "\n" 400 5542 "-" "-"
71.6.146.186 - - [07/Jul/2021:07:58:00 -0400] "\n" 400 5958 "-" "-"
71.6.146.186 - - [07/Jul/2021:07:58:00 -0400] "\n" 400 5542 "-" "-"
71.6.146.186 - - [07/Jul/2021:07:58:01 -0400] "\n" 400 5542 "-" "-"
71.6.146.186 - - [07/Jul/2021:07:58:04 -0400] "GET /robots.txt HTTP/1.1" 200 6034 "-" "-"
71.6.146.186 - - [07/Jul/2021:07:58:05 -0400] "GET /sitemap.xml HTTP/1.1" 200 11446 "-" "-"
71.6.146.186 - - [07/Jul/2021:07:58:05 -0400] "GET /.well-known/security.txt HTTP/1.1" 404 64795 "-" "-"
71.6.146.186 - - [07/Jul/2021:07:58:06 -0400] "GET /wp-content/uploads/2018/08/cropped-logo-192x192.jpg HTTP/1.1" 200 15333 "-" "Mozilla/5.0 (Macintosh; Intel Mac OS X 10.15; rv:80.0) Gecko/20100101 Firefox/80.0"
71.6.146.186 - - [07/Jul/2021:07:58:07 -0400] "\n" 400 5984 "-" "-"
34.79.68.246 - - [07/Jul/2021:07:58:11 -0400] "GET / HTTP/1.1" 200 20482 "-" "python-requests/2.25.1"
185.191.171.42 - - [07/Jul/2021:07:58:32 -0400] "GET /2020/12/26/colorburst-give-the-gifts-that-give-right-back-december-1978/ HTTP/1.1" 200 19073 "-" "Mozilla/5.0 (compatible; SemrushBot/7~bl; +http://www.semrush.com/bot.html)"
204.48.19.85 - - [07/Jul/2021:07:59:38 -0400] "POST /wp-cron.php?doing_wp_cron=1625659178.2120668888092041015625 HTTP/1.1" 200 6295 "https://ajhydell.com/wp-cron.php?doing_wp_cron=1625659178.2120668888092041015625" "WordPress/5.7.2; https://ajhydell.com"
114.119.143.210 - - [07/Jul/2021:07:59:38 -0400] "GET /2019/12/page/3 HTTP/1.1" 301 5721 "-" "Mozilla/5.0 (Linux; Android 7.0;) AppleWebKit/537.36 (KHTML, like Gecko) Mobile Safari/537.36 (compatible; PetalBot;+https://webmaster.petalsearch.com/site/petalbot)"
204.48.19.85 - - [07/Jul/2021:07:59:46 -0400] "POST /wp-cron.php?doing_wp_cron=1625659186.9210219383239746093750 HTTP/1.1" 200 6295 "https://ajhydell.com/wp-cron.php?doing_wp_cron=1625659186.9210219383239746093750" "WordPress/5.7.2; https://ajhydell.com"
114.119.143.210 - - [07/Jul/2021:07:59:46 -0400] "GET /2019/12/page/3/ HTTP/1.1" 200 19767 "-" "Mozilla/5.0 (Linux; Android 7.0;) AppleWebKit/537.36 (KHTML, like Gecko) Mobile Safari/537.36 (compatible; PetalBot;+https://webmaster.petalsearch.com/site/petalbot)"
207.46.13.70 - - [07/Jul/2021:07:59:51 -0400] "GET /2021/04/19/millions-now-living-will-never-die-boston-massachusetts-united-states-december-17-1920-watchtower-ad-for-lecture-about-imminent-end-of-the-times-held-by-judge-joseph-rutherford-lea/ HTTP/1.1" 200 19206 "-" "Mozilla/5.0 (compatible; bingbot/2.0; +http://www.bing.com/bingbot.htm)"
204.48.19.85 - - [07/Jul/2021:08:00:18 -0400] "POST /xmlrpc.php HTTP/1.1" 200 6908 "-" "xmlrpclib.py/1.0.1 (by www.pythonware.com)"
204.48.19.85 - - [07/Jul/2021:08:00:18 -0400] "POST /xmlrpc.php HTTP/1.1" 200 6997 "-" "xmlrpclib.py/1.0.1 (by www.pythonware.com)"
204.48.19.85 - - [07/Jul/2021:08:00:22 -0400] "POST /xmlrpc.php HTTP/1.1" 200 6427 "-" "xmlrpclib.py/1.0.1 (by www.pythonware.com)"
204.48.19.85 - - [07/Jul/2021:08:00:38 -0400] "POST /wp-cron.php?doing_wp_cron=1625659238.1781170368194580078125 HTTP/1.1" 200 6295 "https://ajhydell.com/wp-cron.php?doing_wp_cron=1625659238.1781170368194580078125" "WordPress/5.7.2; https://ajhydell.com"
35.233.171.87 - - [07/Jul/2021:08:00:38 -0400] "HEAD / HTTP/1.1" 200 6322 "https://t.co/ztQBTyu01i" "-"
66.249.70.112 - - [07/Jul/2021:08:00:38 -0400] "GET /sitemap-pt-post-2021-07.xml HTTP/1.1" 200 9001 "-" "Mozilla/5.0 (compatible; Googlebot/2.1; +http://www.google.com/bot.html)"
66.249.70.112 - - [07/Jul/2021:08:00:39 -0400] "GET /sitemap.xml HTTP/1.1" 200 1207 "-" "Mozilla/5.0 (compatible; Googlebot/2.1; +http://www.google.com/bot.html)"
204.48.19.85 - - [07/Jul/2021:08:00:46 -0400] "POST /wp-cron.php?doing_wp_cron=1625659246.0379528999328613281250 HTTP/1.1" 200 6295 "https://ajhydell.com/wp-cron.php?doing_wp_cron=1625659246.0379528999328613281250" "WordPress/5.7.2; https://ajhydell.com"
34.127.79.104 - - [07/Jul/2021:08:00:45 -0400] "HEAD / HTTP/1.1" 200 6322 "https://t.co/ztQBTyu01i" "-"
66.249.70.112 - - [07/Jul/2021:08:00:55 -0400] "GET /2021/07/07/swanson-tv-dinners-1968/ HTTP/1.1" 200 18957 "-" "Mozilla/5.0 (Linux; Android 6.0.1; Nexus 5X Build/MMB29P) AppleWebKit/537.36 (KHTML, like Gecko) Chrome/91.0.4472.90 Mobile Safari/537.36 (compatible; Googlebot/2.1; +http://www.google.com/bot.html)"
66.249.70.112 - - [07/Jul/2021:08:00:55 -0400] "GET /2021/07/07/swanson-tv-dinners-1968/ HTTP/1.1" 200 12963 "-" "Mozilla/5.0 (compatible; Googlebot/2.1; +http://www.google.com/bot.html)"
66.249.70.110 - - [07/Jul/2021:08:00:59 -0400] "GET /wp-content/plugins/add-expires-headers/cache/0/com/processed-header-f16a8d323e83e1bc1b76514e283fb81b7090a959.min.css HTTP/1.1" 200 58766 "https://ajhydell.com/2021/07/07/swanson-tv-dinners-1968/" "Mozilla/5.0 (Linux; Android 6.0.1; Nexus 5X Build/MMB29P) AppleWebKit/537.36 (KHTML, like Gecko) Chrome/91.0.4472.90 Mobile Safari/537.36 (compatible; Googlebot/2.1; +http://www.google.com/bot.html)"
204.48.19.85 - - [07/Jul/2021:08:01:51 -0400] "POST /wp-cron.php?doing_wp_cron=1625659311.8280858993530273437500 HTTP/1.1" 200 6295 "https://ajhydell.com/wp-cron.php?doing_wp_cron=1625659311.8280858993530273437500" "WordPress/5.7.2; https://ajhydell.com"
114.119.147.211 - - [07/Jul/2021:08:01:51 -0400] "GET /2018/11/18/ HTTP/1.1" 200 18114 "-" "Mozilla/5.0 (Linux; Android 7.0;) AppleWebKit/537.36 (KHTML, like Gecko) Mobile Safari/537.36 (compatible; PetalBot;+https://webmaster.petalsearch.com/site/petalbot)"
54.36.148.117 - - [07/Jul/2021:08:01:57 -0400] "GET /2020/04/07/ HTTP/1.1" 200 18639 "-" "Mozilla/5.0 (compatible; AhrefsBot/7.0; +http://ahrefs.com/robot/)"
204.48.19.85 - - [07/Jul/2021:08:02:49 -0400] "POST /wp-cron.php?doing_wp_cron=1625659369.9252479076385498046875 HTTP/1.1" 200 6295 "https://ajhydell.com/wp-cron.php?doing_wp_cron=1625659369.9252479076385498046875" "WordPress/5.7.2; https://ajhydell.com"
207.46.13.137 - - [07/Jul/2021:08:02:49 -0400] "GET /2020/11/14/seashore-at-your-door-free-public-baths-nyc-1935/ HTTP/1.1" 200 18951 "-" "Mozilla/5.0 (compatible; bingbot/2.0; +http://www.bing.com/bingbot.htm)"
157.245.231.45 - - [07/Jul/2021:08:03:03 -0400] "GET /wp-login.php HTTP/1.1" 200 8605 "-" "Mozilla/5.0 (X11; Ubuntu; Linux x86_64; rv:62.0) Gecko/20100101 Firefox/62.0"
157.245.231.45 - - [07/Jul/2021:08:03:03 -0400] "POST /wp-login.php HTTP/1.1" 200 8696 "-" "Mozilla/5.0 (X11; Ubuntu; Linux x86_64; rv:62.0) Gecko/20100101 Firefox/62.0"
157.245.231.45 - - [07/Jul/2021:08:03:03 -0400] "POST /xmlrpc.php HTTP/1.1" 200 5852 "-" "Mozilla/5.0 (X11; Ubuntu; Linux x86_64; rv:62.0) Gecko/20100101 Firefox/62.0"
114.119.151.93 - - [07/Jul/2021:08:03:38 -0400] "GET /2020/07/11/schoolgirls-design-posters-with-womens-equality-themes-as-they-compete-for-a-prize-in-a-suffrage-poster-contest-at-the-fine-arts-club-october-14-1915 HTTP/1.1" 301 5912 "-" "Mozilla/5.0 (Linux; Android 7.0;) AppleWebKit/537.36 (KHTML, like Gecko) Mobile Safari/537.36 (compatible; PetalBot;+https://webmaster.petalsearch.com/site/petalbot)"
114.119.151.93 - - [07/Jul/2021:08:03:39 -0400] "GET /2020/07/11/schoolgirls-design-posters-with-womens-equality-themes-as-they-compete-for-a-prize-in-a-suffrage-poster-contest-at-the-fine-arts-club-october-14-1915/ HTTP/1.1" 200 13487 "-" "Mozilla/5.0 (Linux; Android 7.0;) AppleWebKit/537.36 (KHTML, like Gecko) Mobile Safari/537.36 (compatible; PetalBot;+https://webmaster.petalsearch.com/site/petalbot)"
204.48.19.85 - - [07/Jul/2021:08:04:05 -0400] "POST /wp-cron.php?doing_wp_cron=1625659445.6302990913391113281250 HTTP/1.1" 200 6295 "https://ajhydell.com/wp-cron.php?doing_wp_cron=1625659445.6302990913391113281250" "WordPress/5.7.2; https://ajhydell.com"
23.100.232.233 - - [07/Jul/2021:08:04:05 -0400] "GET /2020/01/16/pro-irish-reunification-poster-2014/ HTTP/1.1" 200 18085 "-" "Mozilla/5.0 (compatible; MSIE 9.0; Windows NT 6.0; Trident/5.0;  Trident/5.0)"
23.100.232.233 - - [07/Jul/2021:08:04:06 -0400] "GET /wp-content/plugins/add-expires-headers/cache/0/com/processed-header-f16a8d323e83e1bc1b76514e283fb81b7090a959.min.css HTTP/1.1" 200 52893 "https://ajhydell.com/2020/01/16/pro-irish-reunification-poster-2014/" "Mozilla/5.0 (compatible; MSIE 9.0; Windows NT 6.0; Trident/5.0;  Trident/5.0)"
23.100.232.233 - - [07/Jul/2021:08:04:06 -0400] "GET /wp-content/plugins/google-analytics-for-wordpress/assets/js/frontend-gtag.min.js?ver=7.17.0 HTTP/1.1" 200 3476 "https://ajhydell.com/2020/01/16/pro-irish-reunification-poster-2014/" "Mozilla/5.0 (compatible; MSIE 9.0; Windows NT 6.0; Trident/5.0;  Trident/5.0)"
23.100.232.233 - - [07/Jul/2021:08:04:06 -0400] "GET /wp-includes/js/jquery/jquery.min.js?ver=3.5.1 HTTP/1.1" 200 31550 "https://ajhydell.com/2020/01/16/pro-irish-reunification-poster-2014/" "Mozilla/5.0 (compatible; MSIE 9.0; Windows NT 6.0; Trident/5.0;  Trident/5.0)"
23.100.232.233 - - [07/Jul/2021:08:04:06 -0400] "GET /wp-includes/js/jquery/jquery-migrate.min.js?ver=3.3.2 HTTP/1.1" 200 4687 "https://ajhydell.com/2020/01/16/pro-irish-reunification-poster-2014/" "Mozilla/5.0 (compatible; MSIE 9.0; Windows NT 6.0; Trident/5.0;  Trident/5.0)"
23.100.232.233 - - [07/Jul/2021:08:04:06 -0400] "GET /wp-includes/js/wp-emoji-release.min.js?ver=5.7.2 HTTP/1.1" 200 5183 "https://ajhydell.com/2020/01/16/pro-irish-reunification-poster-2014/" "Mozilla/5.0 (compatible; MSIE 9.0; Windows NT 6.0; Trident/5.0;  Trident/5.0)"
23.100.232.233 - - [07/Jul/2021:08:04:06 -0400] "GET /wp-content/plugins/wp-smushit/app/assets/js/smush-lazy-load.min.js?ver=3.8.7 HTTP/1.1" 200 4207 "https://ajhydell.com/2020/01/16/pro-irish-reunification-poster-2014/" "Mozilla/5.0 (compatible; MSIE 9.0; Windows NT 6.0; Trident/5.0;  Trident/5.0)"
23.100.232.233 - - [07/Jul/2021:08:04:06 -0400] "GET /wp-content/themes/royal-magazine/js/skip-link-focus-fix.js?ver=20151215 HTTP/1.1" 200 933 "https://ajhydell.com/2020/01/16/pro-irish-reunification-poster-2014/" "Mozilla/5.0 (compatible; MSIE 9.0; Windows NT 6.0; Trident/5.0;  Trident/5.0)"
23.100.232.233 - - [07/Jul/2021:08:04:06 -0400] "GET /wp-content/themes/royal-magazine/js/navigation.js?ver=20151215 HTTP/1.1" 200 1349 "https://ajhydell.com/2020/01/16/pro-irish-reunification-poster-2014/" "Mozilla/5.0 (compatible; MSIE 9.0; Windows NT 6.0; Trident/5.0;  Trident/5.0)"
23.100.232.233 - - [07/Jul/2021:08:04:06 -0400] "GET /wp-content/themes/royal-magazine/assets/libraries/bootstrap/js/bootstrap.min.js?ver=5.7.2 HTTP/1.1" 200 10404 "https://ajhydell.com/2020/01/16/pro-irish-reunification-poster-2014/" "Mozilla/5.0 (compatible; MSIE 9.0; Windows NT 6.0; Trident/5.0;  Trident/5.0)"
23.100.232.233 - - [07/Jul/2021:08:04:06 -0400] "GET /wp-content/themes/royal-magazine/assets/libraries/marquee/jquery.marquee.js?ver=5.7.2 HTTP/1.1" 200 5103 "https://ajhydell.com/2020/01/16/pro-irish-reunification-poster-2014/" "Mozilla/5.0 (compatible; MSIE 9.0; Windows NT 6.0; Trident/5.0;  Trident/5.0)"
23.100.232.233 - - [07/Jul/2021:08:04:06 -0400] "GET /wp-content/themes/royal-magazine/assets/libraries/theiaStickySidebar/theia-sticky-sidebar.min.js?ver=5.7.2 HTTP/1.1" 200 2271 "https://ajhydell.com/2020/01/16/pro-irish-reunification-poster-2014/" "Mozilla/5.0 (compatible; MSIE 9.0; Windows NT 6.0; Trident/5.0;  Trident/5.0)"
23.100.232.233 - - [07/Jul/2021:08:04:06 -0400] "GET /wp-content/themes/royal-magazine/assets/twp/js/custom-script.js?ver=5.7.2 HTTP/1.1" 200 3023 "https://ajhydell.com/2020/01/16/pro-irish-reunification-poster-2014/" "Mozilla/5.0 (compatible; MSIE 9.0; Windows NT 6.0; Trident/5.0;  Trident/5.0)"
23.100.232.233 - - [07/Jul/2021:08:04:06 -0400] "GET /wp-content/plugins/facebook-pagelike-widget/fb.js?ver=1.0 HTTP/1.1" 200 821 "https://ajhydell.com/2020/01/16/pro-irish-reunification-poster-2014/" "Mozilla/5.0 (compatible; MSIE 9.0; Windows NT 6.0; Trident/5.0;  Trident/5.0)"
23.100.232.233 - - [07/Jul/2021:08:04:06 -0400] "GET /wp-includes/js/wp-embed.min.js?ver=5.7.2 HTTP/1.1" 200 1221 "https://ajhydell.com/2020/01/16/pro-irish-reunification-poster-2014/" "Mozilla/5.0 (compatible; MSIE 9.0; Windows NT 6.0; Trident/5.0;  Trident/5.0)"
23.100.232.233 - - [07/Jul/2021:08:04:07 -0400] "GET /wp-content/themes/royal-magazine/assets/libraries/magnific-popup/jquery.magnific-popup.min.js?ver=5.7.2 HTTP/1.1" 200 7871 "https://ajhydell.com/2020/01/16/pro-irish-reunification-poster-2014/" "Mozilla/5.0 (compatible; MSIE 9.0; Windows NT 6.0; Trident/5.0;  Trident/5.0)"
23.100.232.233 - - [07/Jul/2021:08:04:07 -0400] "GET /wp-content/themes/royal-magazine/assets/libraries/slick/js/slick.min.js?ver=5.7.2 HTTP/1.1" 200 10740 "https://ajhydell.com/2020/01/16/pro-irish-reunification-poster-2014/" "Mozilla/5.0 (compatible; MSIE 9.0; Windows NT 6.0; Trident/5.0;  Trident/5.0)"
204.48.19.85 - - [07/Jul/2021:08:05:47 -0400] "POST /wp-cron.php?doing_wp_cron=1625659547.8004140853881835937500 HTTP/1.1" 200 6295 "https://ajhydell.com/wp-cron.php?doing_wp_cron=1625659547.8004140853881835937500" "WordPress/5.7.2; https://ajhydell.com"
114.119.132.183 - - [07/Jul/2021:08:05:47 -0400] "GET /2019/06/16/henry-behrens-the-smallest-man-in-the-world-dances-with-his-pet-cat-in-the-doorway-of-his-worthing-home-1956/ HTTP/1.1" 200 18554 "-" "Mozilla/5.0 (Linux; Android 7.0;) AppleWebKit/537.36 (KHTML, like Gecko) Mobile Safari/537.36 (compatible; PetalBot;+https://webmaster.petalsearch.com/site/petalbot)"
40.77.167.77 - - [07/Jul/2021:08:06:36 -0400] "GET /2020/12/12/degenerate-music-nazi-germany-1938/ HTTP/1.1" 200 18691 "-" "Mozilla/5.0 (compatible; bingbot/2.0; +http://www.bing.com/bingbot.htm)"
204.48.19.85 - - [07/Jul/2021:08:06:57 -0400] "POST /wp-cron.php?doing_wp_cron=1625659617.7934119701385498046875 HTTP/1.1" 200 6295 "https://ajhydell.com/wp-cron.php?doing_wp_cron=1625659617.7934119701385498046875" "WordPress/5.7.2; https://ajhydell.com"
40.77.167.77 - - [07/Jul/2021:08:06:57 -0400] "GET /2021/04/15/with-its-33-m-barrel-and-a-weight-of-over-300-tons-the-21-cm-k12-is-fired-from-occupied-france-towards-the-british-channel/ HTTP/1.1" 200 18752 "-" "Mozilla/5.0 (compatible; bingbot/2.0; +http://www.bing.com/bingbot.htm)"
128.14.133.58 - - [07/Jul/2021:08:07:16 -0400] "GET / HTTP/1.1" 200 20270 "-" "Mozilla/5.0 (Windows NT 10.0; Win64; x64) AppleWebKit/537.36 (KHTML, like Gecko) Chrome/60.0.3112.113 Safari/537.36"
114.119.147.211 - - [07/Jul/2021:08:07:28 -0400] "GET /wp-content/uploads/2021/06/picture-142.jpg HTTP/1.1" 200 34500 "-" "Mozilla/5.0 (Linux; Android 7.0;) AppleWebKit/537.36 (KHTML, like Gecko) Mobile Safari/537.36 (compatible; PetalBot;+https://webmaster.petalsearch.com/site/petalbot)"
204.48.19.85 - - [07/Jul/2021:08:07:59 -0400] "POST /wp-cron.php?doing_wp_cron=1625659679.4501390457153320312500 HTTP/1.1" 200 6295 "https://ajhydell.com/wp-cron.php?doing_wp_cron=1625659679.4501390457153320312500" "WordPress/5.7.2; https://ajhydell.com"
54.36.148.117 - - [07/Jul/2021:08:07:59 -0400] "GET /2020/01/02/russian-caricature-c-1905-showing-rasputins-manipulation-of-tsar-nicholas-ii-and-tsarina-alexandra/ HTTP/1.1" 200 19214 "-" "Mozilla/5.0 (compatible; AhrefsBot/7.0; +http://ahrefs.com/robot/)"
157.55.39.62 - - [07/Jul/2021:08:08:16 -0400] "GET / HTTP/1.1" 301 565 "-" "Mozilla/5.0 (compatible; bingbot/2.0; +http://www.bing.com/bingbot.htm)"
5.255.253.148 - - [07/Jul/2021:08:08:30 -0400] "GET /2019/06/27/ HTTP/1.1" 200 18737 "-" "Mozilla/5.0 (compatible; YandexBot/3.0; +http://yandex.com/bots)"
66.249.70.112 - - [07/Jul/2021:08:08:31 -0400] "GET /2021/07/07/swanson-tv-dinners-1968/feed/ HTTP/1.1" 200 7145 "-" "Mozilla/5.0 (Linux; Android 6.0.1; Nexus 5X Build/MMB29P) AppleWebKit/537.36 (KHTML, like Gecko) Chrome/91.0.4472.90 Mobile Safari/537.36 (compatible; Googlebot/2.1; +http://www.google.com/bot.html)"
66.249.70.112 - - [07/Jul/2021:08:08:31 -0400] "GET /robots.txt HTTP/1.1" 200 6517 "-" "Mozilla/5.0 (compatible; Googlebot/2.1; +http://www.google.com/bot.html)"
204.48.19.85 - - [07/Jul/2021:08:09:03 -0400] "POST /wp-cron.php?doing_wp_cron=1625659743.7304239273071289062500 HTTP/1.1" 200 6295 "https://ajhydell.com/wp-cron.php?doing_wp_cron=1625659743.7304239273071289062500" "WordPress/5.7.2; https://ajhydell.com"
207.46.13.70 - - [07/Jul/2021:08:09:03 -0400] "GET /2021/07/03/german-soldier-returns-to-his-wife-after-war-captivity-germany-1945 HTTP/1.1" 301 6060 "-" "Mozilla/5.0 (compatible; bingbot/2.0; +http://www.bing.com/bingbot.htm)"
207.46.13.70 - - [07/Jul/2021:08:09:04 -0400] "GET /2021/07/03/german-soldier-returns-to-his-wife-after-war-captivity-germany-1945/ HTTP/1.1" 200 18767 "-" "Mozilla/5.0 (compatible; bingbot/2.0; +http://www.bing.com/bingbot.htm)"
114.119.151.146 - - [07/Jul/2021:08:09:40 -0400] "GET /2021/03/01/walt-whitman-1860s/ HTTP/1.1" 200 18516 "-" "Mozilla/5.0 (Linux; Android 7.0;) AppleWebKit/537.36 (KHTML, like Gecko) Mobile Safari/537.36 (compatible; PetalBot;+https://webmaster.petalsearch.com/site/petalbot)"
204.48.19.85 - - [07/Jul/2021:08:11:28 -0400] "POST /wp-cron.php?doing_wp_cron=1625659888.3900020122528076171875 HTTP/1.1" 200 6295 "https://ajhydell.com/wp-cron.php?doing_wp_cron=1625659888.3900020122528076171875" "WordPress/5.7.2; https://ajhydell.com"
114.119.132.183 - - [07/Jul/2021:08:11:28 -0400] "GET /2018/08/13/cigar-institute-of-america-father-son-1962/ HTTP/1.1" 200 18369 "-" "Mozilla/5.0 (Linux; Android 7.0;) AppleWebKit/537.36 (KHTML, like Gecko) Mobile Safari/537.36 (compatible; PetalBot;+https://webmaster.petalsearch.com/site/petalbot)"
40.77.167.87 - - [07/Jul/2021:08:11:39 -0400] "GET /2021/07/07/swanson-tv-dinners-1968/ HTTP/1.1" 200 18554 "-" "Mozilla/5.0 (compatible; bingbot/2.0; +http://www.bing.com/bingbot.htm)"
204.48.19.85 - - [07/Jul/2021:08:11:45 -0400] "POST /wp-cron.php?doing_wp_cron=1625659905.7641410827636718750000 HTTP/1.1" 200 6295 "https://ajhydell.com/wp-cron.php?doing_wp_cron=1625659905.7641410827636718750000" "WordPress/5.7.2; https://ajhydell.com"
40.77.139.10 - - [07/Jul/2021:08:11:45 -0400] "GET /?wordfence_lh=1&hid=58BFA7A08B8027AC1884E67EDFBBBBF8&r=0.40645479739255963 HTTP/1.1" 200 6388 "https://ajhydell.com/2021/07/07/swanson-tv-dinners-1968/" "Mozilla/5.0 (Windows NT 6.1; WOW64) AppleWebKit/534+ (KHTML, like Gecko) BingPreview/1.0b"
40.77.167.7 - - [07/Jul/2021:08:11:46 -0400] "GET /robots.txt HTTP/1.1" 301 585 "-" "Mozilla/5.0 (compatible; bingbot/2.0; +http://www.bing.com/bingbot.htm)"
40.77.167.7 - - [07/Jul/2021:08:11:48 -0400] "GET /robots.txt HTTP/1.1" 200 6094 "-" "Mozilla/5.0 (compatible; bingbot/2.0; +http://www.bing.com/bingbot.htm)"
40.77.139.10 - - [07/Jul/2021:08:12:05 -0400] "-" 408 6041 "-" "-"
204.48.19.85 - - [07/Jul/2021:08:13:25 -0400] "POST /wp-cron.php?doing_wp_cron=1625660005.4048800468444824218750 HTTP/1.1" 200 6295 "https://ajhydell.com/wp-cron.php?doing_wp_cron=1625660005.4048800468444824218750" "WordPress/5.7.2; https://ajhydell.com"
114.119.132.183 - - [07/Jul/2021:08:13:25 -0400] "GET /2019/07/22/british-columbian-forest-1950/ HTTP/1.1" 200 18385 "-" "Mozilla/5.0 (Linux; Android 7.0;) AppleWebKit/537.36 (KHTML, like Gecko) Mobile Safari/537.36 (compatible; PetalBot;+https://webmaster.petalsearch.com/site/petalbot)"
54.36.148.117 - - [07/Jul/2021:08:13:40 -0400] "GET /2020/09/15/ad-for-mrs-winslows-soothing-syrup-contained-65-mg-of-morphine-per-fluid-ounce-for-children-teething-ca-1820/ HTTP/1.1" 200 19369 "-" "Mozilla/5.0 (compatible; AhrefsBot/7.0; +http://ahrefs.com/robot/)"
204.48.19.85 - - [07/Jul/2021:08:14:07 -0400] "POST /wp-cron.php?doing_wp_cron=1625660047.6629400253295898437500 HTTP/1.1" 200 6295 "https://ajhydell.com/wp-cron.php?doing_wp_cron=1625660047.6629400253295898437500" "WordPress/5.7.2; https://ajhydell.com"
157.55.39.62 - - [07/Jul/2021:08:14:07 -0400] "GET / HTTP/1.1" 200 20457 "-" "Mozilla/5.0 (compatible; bingbot/2.0; +http://www.bing.com/bingbot.htm)"
66.249.70.112 - - [07/Jul/2021:08:14:21 -0400] "GET /feed/ HTTP/1.1" 200 8613 "-" "Mozilla/5.0 (compatible; Googlebot/2.1; +http://www.google.com/bot.html)"
66.249.70.112 - - [07/Jul/2021:08:14:31 -0400] "GET /wp-content/uploads/2021/07/picture-32.jpg HTTP/1.1" 200 118034 "-" "Googlebot-Image/1.0"
204.48.19.85 - - [07/Jul/2021:08:15:21 -0400] "POST /wp-cron.php?doing_wp_cron=1625660121.8802208900451660156250 HTTP/1.1" 200 6295 "https://ajhydell.com/wp-cron.php?doing_wp_cron=1625660121.8802208900451660156250" "WordPress/5.7.2; https://ajhydell.com"
114.119.143.168 - - [07/Jul/2021:08:15:21 -0400] "GET /2020/02/12/president-george-h-w-bush-makes-a-hospital-visit-to-injured-los-angeles-fire-captain-scott-miller-who-was-shot-in-the-face-by-a-sniper-while-responding-to-one-of-many-fires-set-during-the-first-nig HTTP/1.1" 301 5960 "-" "Mozilla/5.0 (Linux; Android 7.0;) AppleWebKit/537.36 (KHTML, like Gecko) Mobile Safari/537.36 (compatible; PetalBot;+https://webmaster.petalsearch.com/site/petalbot)"
114.119.143.168 - - [07/Jul/2021:08:15:23 -0400] "GET /2020/02/12/president-george-h-w-bush-makes-a-hospital-visit-to-injured-los-angeles-fire-captain-scott-miller-who-was-shot-in-the-face-by-a-sniper-while-responding-to-one-of-many-fires-set-during-the-first-nig/ HTTP/1.1" 200 13634 "-" "Mozilla/5.0 (Linux; Android 7.0;) AppleWebKit/537.36 (KHTML, like Gecko) Mobile Safari/537.36 (compatible; PetalBot;+https://webmaster.petalsearch.com/site/petalbot)"
204.48.19.85 - - [07/Jul/2021:08:17:29 -0400] "POST /wp-cron.php?doing_wp_cron=1625660249.0399770736694335937500 HTTP/1.1" 200 6295 "https://ajhydell.com/wp-cron.php?doing_wp_cron=1625660249.0399770736694335937500" "WordPress/5.7.2; https://ajhydell.com"
114.119.143.168 - - [07/Jul/2021:08:17:28 -0400] "GET /page/65/ HTTP/1.1" 200 20429 "-" "Mozilla/5.0 (Linux; Android 7.0;) AppleWebKit/537.36 (KHTML, like Gecko) Mobile Safari/537.36 (compatible; PetalBot;+https://webmaster.petalsearch.com/site/petalbot)"
204.48.19.85 - - [07/Jul/2021:08:18:18 -0400] "POST /wp-cron.php?doing_wp_cron=1625660297.9986789226531982421875 HTTP/1.1" 200 6295 "https://ajhydell.com/wp-cron.php?doing_wp_cron=1625660297.9986789226531982421875" "WordPress/5.7.2; https://ajhydell.com"
40.77.167.77 - - [07/Jul/2021:08:18:17 -0400] "GET /2019/05/27/a-torpedo-being-loaded-on-a-savoia-marchetti-s-m-79-sparviero-sparrowhawk-1000-x-664/ HTTP/1.1" 200 18792 "-" "Mozilla/5.0 (compatible; bingbot/2.0; +http://www.bing.com/bingbot.htm)"
204.48.19.85 - - [07/Jul/2021:08:19:03 -0400] "POST /wp-cron.php?doing_wp_cron=1625660343.2626190185546875000000 HTTP/1.1" 200 6295 "https://ajhydell.com/wp-cron.php?doing_wp_cron=1625660343.2626190185546875000000" "WordPress/5.7.2; https://ajhydell.com"
17.121.113.219 - - [07/Jul/2021:08:19:03 -0400] "GET /2020/08/31/woman-standing-on-the-frozen-mississippi-river-1905/ HTTP/1.1" 200 18440 "-" "Mozilla/5.0 (Macintosh; Intel Mac OS X 10_15_5) AppleWebKit/605.1.15 (KHTML, like Gecko) Version/13.1.1 Safari/605.1.15 (Applebot/0.1; +http://www.apple.com/go/applebot)"
114.119.156.206 - - [07/Jul/2021:08:19:15 -0400] "GET /2021/05/13/edward-van-halen-and-david-lee-roth-crestwood-mo-1978/ HTTP/1.1" 200 18538 "-" "Mozilla/5.0 (Linux; Android 7.0;) AppleWebKit/537.36 (KHTML, like Gecko) Mobile Safari/537.36 (compatible; PetalBot;+https://webmaster.petalsearch.com/site/petalbot)"
185.191.171.3 - - [07/Jul/2021:08:19:36 -0400] "GET /robots.txt HTTP/1.1" 200 6480 "-" "Mozilla/5.0 (compatible; SemrushBot/7~bl; +http://www.semrush.com/bot.html)"
185.191.171.1 - - [07/Jul/2021:08:19:36 -0400] "GET /2018/08/15/tiger-i-crew-on-the-eastern-front/ HTTP/1.1" 200 19022 "-" "Mozilla/5.0 (compatible; SemrushBot/7~bl; +http://www.semrush.com/bot.html)"
54.36.148.117 - - [07/Jul/2021:08:19:38 -0400] "GET /2021/05/28/ HTTP/1.1" 200 19446 "-" "Mozilla/5.0 (compatible; AhrefsBot/7.0; +http://ahrefs.com/robot/)"
204.48.19.85 - - [07/Jul/2021:08:19:55 -0400] "POST /wp-cron.php?doing_wp_cron=1625660395.7428989410400390625000 HTTP/1.1" 200 6295 "https://ajhydell.com/wp-cron.php?doing_wp_cron=1625660395.7428989410400390625000" "WordPress/5.7.2; https://ajhydell.com"
54.39.22.135 - - [07/Jul/2021:08:19:55 -0400] "GET /wp-login.php HTTP/1.1" 200 8605 "-" "Mozilla/5.0 (X11; Ubuntu; Linux x86_64; rv:62.0) Gecko/20100101 Firefox/62.0"
54.39.22.135 - - [07/Jul/2021:08:19:55 -0400] "POST /wp-login.php HTTP/1.1" 200 8696 "-" "Mozilla/5.0 (X11; Ubuntu; Linux x86_64; rv:62.0) Gecko/20100101 Firefox/62.0"
54.39.22.135 - - [07/Jul/2021:08:19:56 -0400] "POST /xmlrpc.php HTTP/1.1" 200 5852 "-" "Mozilla/5.0 (X11; Ubuntu; Linux x86_64; rv:62.0) Gecko/20100101 Firefox/62.0"
185.191.171.24 - - [07/Jul/2021:08:20:36 -0400] "GET /2021/02/14/father-and-son-gis-pvt-william-r-loop-of-binghamton-n-y-and-his-father-cpl-roderick-r-loop-in-italy-both-father-and-son-enlisted-together-and-served-in-the-191st-tank-battalion-the-senior/ HTTP/1.1" 200 19374 "-" "Mozilla/5.0 (compatible; SemrushBot/7~bl; +http://www.semrush.com/bot.html)"
204.48.19.85 - - [07/Jul/2021:08:21:15 -0400] "POST /wp-cron.php?doing_wp_cron=1625660475.1540100574493408203125 HTTP/1.1" 200 6295 "https://ajhydell.com/wp-cron.php?doing_wp_cron=1625660475.1540100574493408203125" "WordPress/5.7.2; https://ajhydell.com"
114.119.138.170 - - [07/Jul/2021:08:21:15 -0400] "GET /2020/11/25/studebaker-avanti-1963 HTTP/1.1" 301 5785 "-" "Mozilla/5.0 (Linux; Android 7.0;) AppleWebKit/537.36 (KHTML, like Gecko) Mobile Safari/537.36 (compatible; PetalBot;+https://webmaster.petalsearch.com/site/petalbot)"
114.119.138.170 - - [07/Jul/2021:08:21:16 -0400] "GET /2020/11/25/studebaker-avanti-1963/ HTTP/1.1" 200 13194 "-" "Mozilla/5.0 (Linux; Android 7.0;) AppleWebKit/537.36 (KHTML, like Gecko) Mobile Safari/537.36 (compatible; PetalBot;+https://webmaster.petalsearch.com/site/petalbot)"
178.192.173.201 - - [07/Jul/2021:08:22:53 -0400] "GET /wp-content/uploads/2018/09/picture-114.jpg HTTP/1.1" 200 3738502 "https://www.bing.com/" "Mozilla/5.0 (Windows NT 10.0; Win64; x64) AppleWebKit/537.36 (KHTML, like Gecko) Chrome/91.0.4472.124 Safari/537.36 Edg/91.0.864.64"
66.249.70.114 - - [07/Jul/2021:08:23:09 -0400] "GET /wp-content/uploads/2018/08/picture-47.jpg HTTP/1.1" 200 1815343 "-" "Googlebot-Image/1.0"
204.48.19.85 - - [07/Jul/2021:08:23:20 -0400] "POST /wp-cron.php?doing_wp_cron=1625660600.4144189357757568359375 HTTP/1.1" 200 6295 "https://ajhydell.com/wp-cron.php?doing_wp_cron=1625660600.4144189357757568359375" "WordPress/5.7.2; https://ajhydell.com"
114.119.147.211 - - [07/Jul/2021:08:23:20 -0400] "GET /2018/09/page/11 HTTP/1.1" 301 5722 "-" "Mozilla/5.0 (Linux; Android 7.0;) AppleWebKit/537.36 (KHTML, like Gecko) Mobile Safari/537.36 (compatible; PetalBot;+https://webmaster.petalsearch.com/site/petalbot)"
114.119.147.211 - - [07/Jul/2021:08:23:21 -0400] "GET /2018/09/page/11/ HTTP/1.1" 200 14306 "-" "Mozilla/5.0 (Linux; Android 7.0;) AppleWebKit/537.36 (KHTML, like Gecko) Mobile Safari/537.36 (compatible; PetalBot;+https://webmaster.petalsearch.com/site/petalbot)"
204.48.19.85 - - [07/Jul/2021:08:25:06 -0400] "POST /wp-cron.php?doing_wp_cron=1625660706.2555959224700927734375 HTTP/1.1" 200 6295 "https://ajhydell.com/wp-cron.php?doing_wp_cron=1625660706.2555959224700927734375" "WordPress/5.7.2; https://ajhydell.com"
114.119.147.211 - - [07/Jul/2021:08:25:06 -0400] "GET /2021/04/20/basic-calculus-1928-el-lissitzky HTTP/1.1" 301 5795 "-" "Mozilla/5.0 (Linux; Android 7.0;) AppleWebKit/537.36 (KHTML, like Gecko) Mobile Safari/537.36 (compatible; PetalBot;+https://webmaster.petalsearch.com/site/petalbot)"
114.119.147.211 - - [07/Jul/2021:08:25:07 -0400] "GET /2021/04/20/basic-calculus-1928-el-lissitzky/ HTTP/1.1" 200 13255 "-" "Mozilla/5.0 (Linux; Android 7.0;) AppleWebKit/537.36 (KHTML, like Gecko) Mobile Safari/537.36 (compatible; PetalBot;+https://webmaster.petalsearch.com/site/petalbot)"
204.48.19.85 - - [07/Jul/2021:08:25:46 -0400] "POST /wp-cron.php?doing_wp_cron=1625660746.3385291099548339843750 HTTP/1.1" 200 6295 "https://ajhydell.com/wp-cron.php?doing_wp_cron=1625660746.3385291099548339843750" "WordPress/5.7.2; https://ajhydell.com"
54.36.148.117 - - [07/Jul/2021:08:25:46 -0400] "GET /2019/09/23/polish-pilots-during-the-battle-of-britain/ HTTP/1.1" 200 19077 "-" "Mozilla/5.0 (compatible; AhrefsBot/7.0; +http://ahrefs.com/robot/)"
104.163.183.194 - - [07/Jul/2021:08:26:46 -0400] "GET /wp-content/uploads/2020/11/picture-111.jpg HTTP/1.1" 200 1944590 "https://www.bing.com/" "Mozilla/5.0 (Windows NT 10.0) AppleWebKit/537.36 (KHTML, like Gecko) Chrome/91.0.4472.124 Safari/537.36 Edg/91.0.864.64"
204.48.19.85 - - [07/Jul/2021:08:26:59 -0400] "POST /wp-cron.php?doing_wp_cron=1625660819.4940369129180908203125 HTTP/1.1" 200 6295 "https://ajhydell.com/wp-cron.php?doing_wp_cron=1625660819.4940369129180908203125" "WordPress/5.7.2; https://ajhydell.com"
114.119.151.146 - - [07/Jul/2021:08:26:59 -0400] "GET /2021/01/30 HTTP/1.1" 301 5717 "-" "Mozilla/5.0 (Linux; Android 7.0;) AppleWebKit/537.36 (KHTML, like Gecko) Mobile Safari/537.36 (compatible; PetalBot;+https://webmaster.petalsearch.com/site/petalbot)"
114.119.151.146 - - [07/Jul/2021:08:27:00 -0400] "GET /2021/01/30/ HTTP/1.1" 200 13336 "-" "Mozilla/5.0 (Linux; Android 7.0;) AppleWebKit/537.36 (KHTML, like Gecko) Mobile Safari/537.36 (compatible; PetalBot;+https://webmaster.petalsearch.com/site/petalbot)"
204.48.19.85 - - [07/Jul/2021:08:28:28 -0400] "POST /wp-cron.php?doing_wp_cron=1625660908.2082979679107666015625 HTTP/1.1" 200 6295 "https://ajhydell.com/wp-cron.php?doing_wp_cron=1625660908.2082979679107666015625" "WordPress/5.7.2; https://ajhydell.com"
207.46.13.67 - - [07/Jul/2021:08:28:28 -0400] "GET /2021/06/21/orange-crush-in-krinkly-bottles-1930s HTTP/1.1" 301 6030 "-" "Mozilla/5.0 (compatible; bingbot/2.0; +http://www.bing.com/bingbot.htm)"
207.46.13.67 - - [07/Jul/2021:08:28:28 -0400] "GET /2021/06/21/orange-crush-in-krinkly-bottles-1930s/ HTTP/1.1" 200 18759 "-" "Mozilla/5.0 (compatible; bingbot/2.0; +http://www.bing.com/bingbot.htm)"
204.48.19.85 - - [07/Jul/2021:08:29:27 -0400] "POST /wp-cron.php?doing_wp_cron=1625660967.9504909515380859375000 HTTP/1.1" 200 6295 "https://ajhydell.com/wp-cron.php?doing_wp_cron=1625660967.9504909515380859375000" "WordPress/5.7.2; https://ajhydell.com"
114.119.151.93 - - [07/Jul/2021:08:29:27 -0400] "GET /2020/10/09/men-of-the-1st-canadian-parachute-battalion-displaying-a-captured-nazi-flag-at-wismar-germany-1945-from-d-day-to-ve-day-12500-canadians-died-in-the-liberation-of-europe HTTP/1.1" 301 5931 "-" "Mozilla/5.0 (Linux; Android 7.0;) AppleWebKit/537.36 (KHTML, like Gecko) Mobile Safari/537.36 (compatible; PetalBot;+https://webmaster.petalsearch.com/site/petalbot)"
114.119.151.93 - - [07/Jul/2021:08:29:28 -0400] "GET /2020/10/09/men-of-the-1st-canadian-parachute-battalion-displaying-a-captured-nazi-flag-at-wismar-germany-1945-from-d-day-to-ve-day-12500-canadians-died-in-the-liberation-of-europe/ HTTP/1.1" 200 13552 "-" "Mozilla/5.0 (Linux; Android 7.0;) AppleWebKit/537.36 (KHTML, like Gecko) Mobile Safari/537.36 (compatible; PetalBot;+https://webmaster.petalsearch.com/site/petalbot)"
204.48.19.85 - - [07/Jul/2021:08:31:03 -0400] "POST /wp-cron.php?doing_wp_cron=1625661063.1201159954071044921875 HTTP/1.1" 200 6295 "https://ajhydell.com/wp-cron.php?doing_wp_cron=1625661063.1201159954071044921875" "WordPress/5.7.2; https://ajhydell.com"
114.119.147.211 - - [07/Jul/2021:08:31:03 -0400] "GET /2020/07/page/7/ HTTP/1.1" 200 19660 "-" "Mozilla/5.0 (Linux; Android 7.0;) AppleWebKit/537.36 (KHTML, like Gecko) Mobile Safari/537.36 (compatible; PetalBot;+https://webmaster.petalsearch.com/site/petalbot)"
209.190.81.217 - - [07/Jul/2021:08:31:22 -0400] "GET /2021/04/26/emperor-of-japan-hirohito-and-empress-nagako-with-their-children-and-grandchildren-1970s-1440x1132 HTTP/1.1" 301 5838 "-" "Mozilla/5.0 (Windows NT 6.1; WOW64) AppleWebKit/537.36 (KHTML, like Gecko) Chrome/58.0.3029.110 YaBrowser/17.6.1.749 Yowser/2.5 Safari/537.36"
54.36.148.117 - - [07/Jul/2021:08:31:44 -0400] "GET /2019/11/09/merceds-benz-ww2-poster-1940s/ HTTP/1.1" 200 18911 "-" "Mozilla/5.0 (compatible; AhrefsBot/7.0; +http://ahrefs.com/robot/)"
204.48.19.85 - - [07/Jul/2021:08:32:24 -0400] "POST /wp-cron.php?doing_wp_cron=1625661144.3141660690307617187500 HTTP/1.1" 200 6295 "https://ajhydell.com/wp-cron.php?doing_wp_cron=1625661144.3141660690307617187500" "WordPress/5.7.2; https://ajhydell.com"
17.121.115.13 - - [07/Jul/2021:08:32:24 -0400] "GET /2019/09/12/the-domino-theory-usa-1961/ HTTP/1.1" 200 18471 "-" "Mozilla/5.0 (Macintosh; Intel Mac OS X 10_15_5) AppleWebKit/605.1.15 (KHTML, like Gecko) Version/13.1.1 Safari/605.1.15 (Applebot/0.1; +http://www.apple.com/go/applebot)"
204.48.19.85 - - [07/Jul/2021:08:32:49 -0400] "POST /wp-cron.php?doing_wp_cron=1625661169.0238080024719238281250 HTTP/1.1" 200 6295 "https://ajhydell.com/wp-cron.php?doing_wp_cron=1625661169.0238080024719238281250" "WordPress/5.7.2; https://ajhydell.com"
207.46.13.113 - - [07/Jul/2021:08:32:48 -0400] "GET /2019/03/20/a-congolese-man-looking-at-the-severed-hand-and-foot-of-his-five-year-old-daughter-who-was-killed-and-allegedly-cannibalized-by-the-members-of-anglo-belgian-india-rubber-company-militia-1904-1400x8/ HTTP/1.1" 200 18950 "-" "Mozilla/5.0 (compatible; bingbot/2.0; +http://www.bing.com/bingbot.htm)"
47.241.15.39 - - [07/Jul/2021:08:32:59 -0400] "POST /wp-login.php HTTP/1.1" 200 8861 "-" "Mozilla/5.0 (Windows NT 6.1; Win64; x64) AppleWebKit/537.36 (KHTML, like Gecko) Chrome/80.0.3987.106 Safari/537.36"
204.48.19.85 - - [07/Jul/2021:08:34:02 -0400] "POST /wp-cron.php?doing_wp_cron=1625661242.9592950344085693359375 HTTP/1.1" 200 6295 "https://ajhydell.com/wp-cron.php?doing_wp_cron=1625661242.9592950344085693359375" "WordPress/5.7.2; https://ajhydell.com"
114.119.145.169 - - [07/Jul/2021:08:34:02 -0400] "GET /2019/03/18/ HTTP/1.1" 200 17951 "-" "Mozilla/5.0 (Linux; Android 7.0;) AppleWebKit/537.36 (KHTML, like Gecko) Mobile Safari/537.36 (compatible; PetalBot;+https://webmaster.petalsearch.com/site/petalbot)"
114.119.156.206 - - [07/Jul/2021:08:34:35 -0400] "GET /2021/01/23/modess-advertisement-ebony-magazine-april-1960/ HTTP/1.1" 200 18451 "-" "Mozilla/5.0 (Linux; Android 7.0;) AppleWebKit/537.36 (KHTML, like Gecko) Mobile Safari/537.36 (compatible; PetalBot;+https://webmaster.petalsearch.com/site/petalbot)"
204.48.19.85 - - [07/Jul/2021:08:35:15 -0400] "POST /wp-cron.php?doing_wp_cron=1625661315.7557260990142822265625 HTTP/1.1" 200 6295 "https://ajhydell.com/wp-cron.php?doing_wp_cron=1625661315.7557260990142822265625" "WordPress/5.7.2; https://ajhydell.com"
207.46.13.70 - - [07/Jul/2021:08:35:15 -0400] "GET /2018/10/22/the-first-two-germans-to-travel-into-outer-space-sigmund-jahn-east-germany-and-ulf-merbold-west-germany-meet-years-later-in-1990-822x462/ HTTP/1.1" 200 18891 "-" "Mozilla/5.0 (compatible; bingbot/2.0; +http://www.bing.com/bingbot.htm)"
204.48.19.85 - - [07/Jul/2021:08:35:48 -0400] "POST /wp-cron.php?doing_wp_cron=1625661348.5547549724578857421875 HTTP/1.1" 200 6295 "https://ajhydell.com/wp-cron.php?doing_wp_cron=1625661348.5547549724578857421875" "WordPress/5.7.2; https://ajhydell.com"
207.46.13.113 - - [07/Jul/2021:08:35:48 -0400] "GET /2019/07/05/stop-the-militarization-of-space-ussr-early-1980s/ HTTP/1.1" 200 18874 "-" "Mozilla/5.0 (compatible; bingbot/2.0; +http://www.bing.com/bingbot.htm)"
157.55.39.62 - - [07/Jul/2021:08:35:59 -0400] "GET /2019/06/06/1937-anti-drunk-driving-poster-produced-by-the-works-progress-administration/ HTTP/1.1" 200 18666 "-" "Mozilla/5.0 (compatible; bingbot/2.0; +http://www.bing.com/bingbot.htm)"
204.48.19.85 - - [07/Jul/2021:08:37:18 -0400] "POST /wp-cron.php?doing_wp_cron=1625661438.2295980453491210937500 HTTP/1.1" 200 6295 "https://ajhydell.com/wp-cron.php?doing_wp_cron=1625661438.2295980453491210937500" "WordPress/5.7.2; https://ajhydell.com"
114.119.132.183 - - [07/Jul/2021:08:37:18 -0400] "GET /2020/12/11 HTTP/1.1" 301 5717 "-" "Mozilla/5.0 (Linux; Android 7.0;) AppleWebKit/537.36 (KHTML, like Gecko) Mobile Safari/537.36 (compatible; PetalBot;+https://webmaster.petalsearch.com/site/petalbot)"
114.119.132.183 - - [07/Jul/2021:08:37:19 -0400] "GET /2020/12/11/ HTTP/1.1" 200 13195 "-" "Mozilla/5.0 (Linux; Android 7.0;) AppleWebKit/537.36 (KHTML, like Gecko) Mobile Safari/537.36 (compatible; PetalBot;+https://webmaster.petalsearch.com/site/petalbot)"
204.48.19.85 - - [07/Jul/2021:08:38:03 -0400] "POST /wp-cron.php?doing_wp_cron=1625661483.0347609519958496093750 HTTP/1.1" 200 6295 "https://ajhydell.com/wp-cron.php?doing_wp_cron=1625661483.0347609519958496093750" "WordPress/5.7.2; https://ajhydell.com"
54.36.148.117 - - [07/Jul/2021:08:38:02 -0400] "GET /2018/08/10/construction-of-uss-shenandoah-zr-1-at-naval-air-station-lakehurst-new-jersey-29-may-1923/ HTTP/1.1" 200 18819 "-" "Mozilla/5.0 (compatible; AhrefsBot/7.0; +http://ahrefs.com/robot/)"
157.55.39.62 - - [07/Jul/2021:08:38:18 -0400] "GET /2020/07/29/you-cant-buy-a-better-vodka-for-love-nor-rubles-gilbeys-vodka-1967/ HTTP/1.1" 200 18714 "-" "Mozilla/5.0 (compatible; bingbot/2.0; +http://www.bing.com/bingbot.htm)"
204.48.19.85 - - [07/Jul/2021:08:38:45 -0400] "POST /wp-cron.php?doing_wp_cron=1625661525.4486958980560302734375 HTTP/1.1" 200 6295 "https://ajhydell.com/wp-cron.php?doing_wp_cron=1625661525.4486958980560302734375" "WordPress/5.7.2; https://ajhydell.com"
114.119.151.93 - - [07/Jul/2021:08:38:45 -0400] "GET /2020/05/27/today-80-years-ago-operation-dynamo-the-evacuation-of-the-bef-at-dunkirk-began-more-than-330000-soldiers-made-it-to-the-uk HTTP/1.1" 301 5885 "-" "Mozilla/5.0 (Linux; Android 7.0;) AppleWebKit/537.36 (KHTML, like Gecko) Mobile Safari/537.36 (compatible; PetalBot;+https://webmaster.petalsearch.com/site/petalbot)"
114.119.151.93 - - [07/Jul/2021:08:38:46 -0400] "GET /2020/05/27/today-80-years-ago-operation-dynamo-the-evacuation-of-the-bef-at-dunkirk-began-more-than-330000-soldiers-made-it-to-the-uk/ HTTP/1.1" 200 13361 "-" "Mozilla/5.0 (Linux; Android 7.0;) AppleWebKit/537.36 (KHTML, like Gecko) Mobile Safari/537.36 (compatible; PetalBot;+https://webmaster.petalsearch.com/site/petalbot)"
47.97.80.51 - - [07/Jul/2021:08:39:19 -0400] "GET /wp-login.php HTTP/1.1" 200 8605 "-" "Mozilla/5.0 (X11; Ubuntu; Linux x86_64; rv:62.0) Gecko/20100101 Firefox/62.0"
47.97.80.51 - - [07/Jul/2021:08:39:20 -0400] "POST /wp-login.php HTTP/1.1" 200 8695 "-" "Mozilla/5.0 (X11; Ubuntu; Linux x86_64; rv:62.0) Gecko/20100101 Firefox/62.0"
47.97.80.51 - - [07/Jul/2021:08:39:22 -0400] "POST /xmlrpc.php HTTP/1.1" 200 5852 "-" "Mozilla/5.0 (X11; Ubuntu; Linux x86_64; rv:62.0) Gecko/20100101 Firefox/62.0"
106.38.241.125 - - [07/Jul/2021:08:39:37 -0400] "-" 408 5562 "-" "-"
204.48.19.85 - - [07/Jul/2021:08:40:30 -0400] "POST /wp-cron.php?doing_wp_cron=1625661630.5150780677795410156250 HTTP/1.1" 200 6295 "https://ajhydell.com/wp-cron.php?doing_wp_cron=1625661630.5150780677795410156250" "WordPress/5.7.2; https://ajhydell.com"
114.119.143.210 - - [07/Jul/2021:08:40:30 -0400] "GET /2021/02/20/war-calendar-spain-1939/ HTTP/1.1" 200 18380 "-" "Mozilla/5.0 (Linux; Android 7.0;) AppleWebKit/537.36 (KHTML, like Gecko) Mobile Safari/537.36 (compatible; PetalBot;+https://webmaster.petalsearch.com/site/petalbot)"
207.46.13.147 - - [07/Jul/2021:08:40:33 -0400] "GET /2019/06/14/a-captured-german-submariner-of-u-boat-175-is-given-a-blanket-after-being-brought-on-board-coast-guard-cutter-uss-spencer-april-17th-1943-900-x-728/ HTTP/1.1" 200 18966 "-" "Mozilla/5.0 (compatible; bingbot/2.0; +http://www.bing.com/bingbot.htm)"
204.48.19.85 - - [07/Jul/2021:08:41:01 -0400] "POST /wp-cron.php?doing_wp_cron=1625661661.8031249046325683593750 HTTP/1.1" 200 6295 "https://ajhydell.com/wp-cron.php?doing_wp_cron=1625661661.8031249046325683593750" "WordPress/5.7.2; https://ajhydell.com"
185.191.171.41 - - [07/Jul/2021:08:41:01 -0400] "GET /2021/04/17/a-pair-of-camouflaged-t34-calliopes-along-a-roadside-in-france-circa-1944/ HTTP/1.1" 200 19049 "-" "Mozilla/5.0 (compatible; SemrushBot/7~bl; +http://www.semrush.com/bot.html)"
40.77.167.81 - - [07/Jul/2021:08:41:10 -0400] "GET /2021/03/04/serbian-nationalists-chetniks-kill-a-communist-partisan-by-cutting-out-his-heart-yugoslavia/ HTTP/1.1" 200 18738 "-" "Mozilla/5.0 (compatible; bingbot/2.0; +http://www.bing.com/bingbot.htm)"
204.48.19.85 - - [07/Jul/2021:08:42:21 -0400] "POST /wp-cron.php?doing_wp_cron=1625661741.2487220764160156250000 HTTP/1.1" 200 6295 "https://ajhydell.com/wp-cron.php?doing_wp_cron=1625661741.2487220764160156250000" "WordPress/5.7.2; https://ajhydell.com"
114.119.132.183 - - [07/Jul/2021:08:42:21 -0400] "GET /2019/08/19/ HTTP/1.1" 200 19226 "-" "Mozilla/5.0 (Linux; Android 7.0;) AppleWebKit/537.36 (KHTML, like Gecko) Mobile Safari/537.36 (compatible; PetalBot;+https://webmaster.petalsearch.com/site/petalbot)"
204.48.19.85 - - [07/Jul/2021:08:43:45 -0400] "POST /wp-cron.php?doing_wp_cron=1625661825.2076349258422851562500 HTTP/1.1" 200 6295 "https://ajhydell.com/wp-cron.php?doing_wp_cron=1625661825.2076349258422851562500" "WordPress/5.7.2; https://ajhydell.com"
54.36.148.117 - - [07/Jul/2021:08:43:45 -0400] "GET /2020/09/09/a-member-of-the-ku-klux-klan-stands-behind-a-police-officer-for-protection-after-a-mob-surrounded-his-klan-rally-in-austin-texas-1983-600-x-445/ HTTP/1.1" 200 19193 "-" "Mozilla/5.0 (compatible; AhrefsBot/7.0; +http://ahrefs.com/robot/)"
114.119.147.211 - - [07/Jul/2021:08:44:34 -0400] "GET /2018/12/26/british-and-german-soldiers-shown-fraternizing-in-no-mans-land-on-the-western-front-throughout-the-unofficial-christmas-truce-christmas-day-1914-800-x-745 HTTP/1.1" 301 5917 "-" "Mozilla/5.0 (Linux; Android 7.0;) AppleWebKit/537.36 (KHTML, like Gecko) Mobile Safari/537.36 (compatible; PetalBot;+https://webmaster.petalsearch.com/site/petalbot)"
114.119.147.211 - - [07/Jul/2021:08:44:34 -0400] "GET /2018/12/26/british-and-german-soldiers-shown-fraternizing-in-no-mans-land-on-the-western-front-throughout-the-unofficial-christmas-truce-christmas-day-1914-800-x-745/ HTTP/1.1" 200 13343 "-" "Mozilla/5.0 (Linux; Android 7.0;) AppleWebKit/537.36 (KHTML, like Gecko) Mobile Safari/537.36 (compatible; PetalBot;+https://webmaster.petalsearch.com/site/petalbot)"
157.55.39.62 - - [07/Jul/2021:08:44:39 -0400] "GET /2021/06/27/german-propaganda-leaflet-aimed-at-french-troops-in-1940-the-leaflet-shows-a-british-soldier-and-a-french-soldier-counting-from-one-to-three-at-three-the-french-soldier-jumps-into-the-blood-bath-b/feed/ HTTP/1.1" 200 6895 "-" "Mozilla/5.0 (compatible; bingbot/2.0; +http://www.bing.com/bingbot.htm)"
185.191.171.16 - - [07/Jul/2021:08:44:40 -0400] "GET /2019/06/16/capitalism-1912/ HTTP/1.1" 200 18976 "-" "Mozilla/5.0 (compatible; SemrushBot/7~bl; +http://www.semrush.com/bot.html)"
204.48.19.85 - - [07/Jul/2021:08:45:46 -0400] "POST /wp-cron.php?doing_wp_cron=1625661946.2533149719238281250000 HTTP/1.1" 200 6295 "https://ajhydell.com/wp-cron.php?doing_wp_cron=1625661946.2533149719238281250000" "WordPress/5.7.2; https://ajhydell.com"
112.137.129.111 - - [07/Jul/2021:08:45:46 -0400] "GET / HTTP/1.1" 200 20270 "-" "Mozilla/5.0 zgrab/0.x"
54.36.148.55 - - [07/Jul/2021:08:46:43 -0400] "GET /index.php/2017/10/20/1987-budweiser-ad/ HTTP/1.1" 301 6406 "-" "Mozilla/5.0 (compatible; AhrefsBot/7.0; +http://ahrefs.com/robot/)"
204.48.19.85 - - [07/Jul/2021:08:46:56 -0400] "POST /wp-cron.php?doing_wp_cron=1625662016.9308340549468994140625 HTTP/1.1" 200 6295 "https://ajhydell.com/wp-cron.php?doing_wp_cron=1625662016.9308340549468994140625" "WordPress/5.7.2; https://ajhydell.com"
114.119.158.133 - - [07/Jul/2021:08:46:56 -0400] "GET /2018/page/24/ HTTP/1.1" 200 19605 "-" "Mozilla/5.0 (Linux; Android 7.0;) AppleWebKit/537.36 (KHTML, like Gecko) Mobile Safari/537.36 (compatible; PetalBot;+https://webmaster.petalsearch.com/site/petalbot)"
69.171.249.11 - - [07/Jul/2021:08:47:30 -0400] "GET /wp-content/uploads/2021/04/picture-32.jpg HTTP/1.1" 200 103232 "-" "facebookexternalhit/1.1 (+http://www.facebook.com/externalhit_uatext.php)"
69.171.249.8 - - [07/Jul/2021:08:47:30 -0400] "GET /wp-content/uploads/2021/04/picture-36.jpg HTTP/1.1" 200 55288 "-" "facebookexternalhit/1.1 (+http://www.facebook.com/externalhit_uatext.php)"
69.171.249.18 - - [07/Jul/2021:08:47:30 -0400] "GET /wp-content/uploads/2021/04/picture-16.jpg HTTP/1.1" 200 229298 "-" "facebookexternalhit/1.1 (+http://www.facebook.com/externalhit_uatext.php)"
69.171.249.20 - - [07/Jul/2021:08:47:30 -0400] "GET /wp-content/uploads/2021/04/picture-34-1024x819.jpg HTTP/1.1" 200 137223 "-" "facebookexternalhit/1.1 (+http://www.facebook.com/externalhit_uatext.php)"
69.171.249.12 - - [07/Jul/2021:08:47:30 -0400] "GET /wp-content/uploads/2021/04/picture-35.jpg HTTP/1.1" 200 71325 "-" "facebookexternalhit/1.1 (+http://www.facebook.com/externalhit_uatext.php)"
69.171.249.12 - - [07/Jul/2021:08:47:31 -0400] "GET /wp-content/uploads/2021/04/picture-33.jpg HTTP/1.1" 200 262177 "-" "facebookexternalhit/1.1 (+http://www.facebook.com/externalhit_uatext.php)"
114.119.151.93 - - [07/Jul/2021:08:48:06 -0400] "GET /wp-content/uploads/2018/11/picture-89.jpg HTTP/1.1" 200 52501 "-" "Mozilla/5.0 (Linux; Android 7.0;) AppleWebKit/537.36 (KHTML, like Gecko) Mobile Safari/537.36 (compatible; PetalBot;+https://webmaster.petalsearch.com/site/petalbot)"
204.48.19.85 - - [07/Jul/2021:08:48:14 -0400] "POST /wp-cron.php?doing_wp_cron=1625662094.0634560585021972656250 HTTP/1.1" 200 6295 "https://ajhydell.com/wp-cron.php?doing_wp_cron=1625662094.0634560585021972656250" "WordPress/5.7.2; https://ajhydell.com"
