207.46.13.96 - - [06/Jul/2021:05:39:30 -0400] "GET /robots.txt HTTP/1.1" 301 585 "-" "Mozilla/5.0 (compatible; bingbot/2.0; +http://www.bing.com/bingbot.htm)"
207.46.13.96 - - [06/Jul/2021:05:39:30 -0400] "GET /robots.txt HTTP/1.1" 200 6094 "-" "Mozilla/5.0 (compatible; bingbot/2.0; +http://www.bing.com/bingbot.htm)"
207.46.13.96 - - [06/Jul/2021:05:39:31 -0400] "GET /robots.txt HTTP/1.1" 301 585 "-" "Mozilla/5.0 (compatible; bingbot/2.0; +http://www.bing.com/bingbot.htm)"
40.77.139.19 - - [06/Jul/2021:05:39:31 -0400] "GET /?wordfence_lh=1&hid=9469FBC8AFE13FEBF1B5F3D26C6C76E1&r=0.3166907071394107 HTTP/1.1" 200 347 "https://ajhydell.com/2021/07/06/president-of-lithuania-kazys-grinius-c-1926/" "Mozilla/5.0 (Windows NT 6.1; WOW64) AppleWebKit/534+ (KHTML, like Gecko) BingPreview/1.0b"
207.46.13.96 - - [06/Jul/2021:05:39:31 -0400] "GET /robots.txt HTTP/1.1" 200 6094 "-" "Mozilla/5.0 (compatible; bingbot/2.0; +http://www.bing.com/bingbot.htm)"
207.46.13.96 - - [06/Jul/2021:05:39:31 -0400] "GET /robots.txt HTTP/1.1" 301 585 "-" "Mozilla/5.0 (compatible; bingbot/2.0; +http://www.bing.com/bingbot.htm)"
207.46.13.96 - - [06/Jul/2021:05:39:39 -0400] "GET /robots.txt HTTP/1.1" 200 6094 "-" "Mozilla/5.0 (compatible; bingbot/2.0; +http://www.bing.com/bingbot.htm)"
207.46.13.96 - - [06/Jul/2021:05:39:40 -0400] "GET /robots.txt HTTP/1.1" 301 585 "-" "Mozilla/5.0 (compatible; bingbot/2.0; +http://www.bing.com/bingbot.htm)"
207.46.13.96 - - [06/Jul/2021:05:39:40 -0400] "GET /robots.txt HTTP/1.1" 200 6094 "-" "Mozilla/5.0 (compatible; bingbot/2.0; +http://www.bing.com/bingbot.htm)"
207.46.13.96 - - [06/Jul/2021:05:39:40 -0400] "GET /robots.txt HTTP/1.1" 301 585 "-" "Mozilla/5.0 (compatible; bingbot/2.0; +http://www.bing.com/bingbot.htm)"
207.46.13.96 - - [06/Jul/2021:05:39:41 -0400] "GET /robots.txt HTTP/1.1" 200 6094 "-" "Mozilla/5.0 (compatible; bingbot/2.0; +http://www.bing.com/bingbot.htm)"
113.210.108.18 - - [06/Jul/2021:05:40:29 -0400] "POST /xmlrpc.php HTTP/1.1" 301 585 "-" "Mozilla/5.0 (X11; Linux i686; rv:2.0.1) Gecko/20100101 Firefox/4.0.1"
204.48.19.85 - - [06/Jul/2021:05:40:30 -0400] "POST /wp-cron.php?doing_wp_cron=1625564430.4285318851470947265625 HTTP/1.1" 200 6295 "https://ajhydell.com/wp-cron.php?doing_wp_cron=1625564430.4285318851470947265625" "WordPress/5.7.2; https://ajhydell.com"
113.210.108.18 - - [06/Jul/2021:05:40:30 -0400] "GET /xmlrpc.php HTTP/1.1" 405 5837 "-" "Mozilla/5.0 (X11; Linux i686; rv:2.0.1) Gecko/20100101 Firefox/4.0.1"
54.39.22.135 - - [06/Jul/2021:05:40:32 -0400] "GET /wp-login.php HTTP/1.1" 200 8606 "-" "Mozilla/5.0 (X11; Ubuntu; Linux x86_64; rv:62.0) Gecko/20100101 Firefox/62.0"
54.39.22.135 - - [06/Jul/2021:05:40:32 -0400] "POST /wp-login.php HTTP/1.1" 200 8695 "-" "Mozilla/5.0 (X11; Ubuntu; Linux x86_64; rv:62.0) Gecko/20100101 Firefox/62.0"
54.39.22.135 - - [06/Jul/2021:05:40:33 -0400] "POST /xmlrpc.php HTTP/1.1" 200 5852 "-" "Mozilla/5.0 (X11; Ubuntu; Linux x86_64; rv:62.0) Gecko/20100101 Firefox/62.0"
54.36.148.117 - - [06/Jul/2021:05:40:35 -0400] "GET /2019/06/28/ HTTP/1.1" 200 18729 "-" "Mozilla/5.0 (compatible; AhrefsBot/7.0; +http://ahrefs.com/robot/)"
113.210.108.18 - - [06/Jul/2021:05:41:30 -0400] "POST /xmlrpc.php HTTP/1.1" 301 585 "-" "Mozilla/5.0 (X11; Linux i686; rv:2.0.1) Gecko/20100101 Firefox/4.0.1"
204.48.19.85 - - [06/Jul/2021:05:41:31 -0400] "POST /wp-cron.php?doing_wp_cron=1625564491.8637399673461914062500 HTTP/1.1" 200 6295 "https://ajhydell.com/wp-cron.php?doing_wp_cron=1625564491.8637399673461914062500" "WordPress/5.7.2; https://ajhydell.com"
113.210.108.18 - - [06/Jul/2021:05:41:31 -0400] "GET /xmlrpc.php HTTP/1.1" 405 5837 "-" "Mozilla/5.0 (X11; Linux i686; rv:2.0.1) Gecko/20100101 Firefox/4.0.1"
204.48.19.85 - - [06/Jul/2021:05:41:52 -0400] "POST /wp-cron.php?doing_wp_cron=1625564512.9205279350280761718750 HTTP/1.1" 200 6295 "https://ajhydell.com/wp-cron.php?doing_wp_cron=1625564512.9205279350280761718750" "WordPress/5.7.2; https://ajhydell.com"
185.191.171.44 - - [06/Jul/2021:05:41:52 -0400] "GET /2020/12/22/all-of-them-pick-shrimp-at-the-peerless-oyster-co-photo-was-taken-while-bosses-were-at-dinner-as-they-refused-to-permit-the-children-to-be-in-photos-out-of-60-workers-15-were-apparently-under-12-yr/ HTTP/1.1" 200 19436 "-" "Mozilla/5.0 (compatible; SemrushBot/7~bl; +http://www.semrush.com/bot.html)"
17.121.115.31 - - [06/Jul/2021:05:42:16 -0400] "GET /2020/11/07/chinese-victims-being-forcibly-buried-alive-during-the-rape-of-nanking1937-800x652/ HTTP/1.1" 200 18419 "-" "Mozilla/5.0 (Macintosh; Intel Mac OS X 10_15_5) AppleWebKit/605.1.15 (KHTML, like Gecko) Version/13.1.1 Safari/605.1.15 (Applebot/0.1; +http://www.apple.com/go/applebot)"
113.210.108.18 - - [06/Jul/2021:05:42:31 -0400] "POST /xmlrpc.php HTTP/1.1" 301 585 "-" "Mozilla/5.0 (X11; Linux i686; rv:2.0.1) Gecko/20100101 Firefox/4.0.1"
113.210.108.18 - - [06/Jul/2021:05:42:32 -0400] "GET /xmlrpc.php HTTP/1.1" 405 5837 "-" "Mozilla/5.0 (X11; Linux i686; rv:2.0.1) Gecko/20100101 Firefox/4.0.1"
209.242.216.89 - - [06/Jul/2021:05:42:36 -0400] "GET / HTTP/1.0" 200 20385 "https://ajhydell.com/" "Mozilla/5.0 (Windows NT 6.1; WOW64) AppleWebKit/537.36 (KHTML, like Gecko) Chrome/53.0.2785.89 Safari/537.36 QQBrowser"
209.242.216.89 - - [06/Jul/2021:05:42:37 -0400] "GET /wp-login.php?action=register HTTP/1.1" 302 6079 "https://ajhydell.com/" "Mozilla/5.0 (Windows NT 6.1; WOW64) AppleWebKit/537.36 (KHTML, like Gecko) Chrome/53.0.2785.89 Safari/537.36 QQBrowser"
209.242.216.89 - - [06/Jul/2021:05:42:38 -0400] "GET /wp-login.php?registration=disabled HTTP/1.1" 200 8960 "https://ajhydell.com/wp-login.php?action=register" "Mozilla/5.0 (Windows NT 6.1; WOW64) AppleWebKit/537.36 (KHTML, like Gecko) Chrome/53.0.2785.89 Safari/537.36 QQBrowser"
113.210.108.18 - - [06/Jul/2021:05:43:32 -0400] "POST /xmlrpc.php HTTP/1.1" 301 585 "-" "Mozilla/5.0 (X11; Linux i686; rv:2.0.1) Gecko/20100101 Firefox/4.0.1"
204.48.19.85 - - [06/Jul/2021:05:43:33 -0400] "POST /wp-cron.php?doing_wp_cron=1625564613.6614830493927001953125 HTTP/1.1" 200 6295 "https://ajhydell.com/wp-cron.php?doing_wp_cron=1625564613.6614830493927001953125" "WordPress/5.7.2; https://ajhydell.com"
113.210.108.18 - - [06/Jul/2021:05:43:33 -0400] "GET /xmlrpc.php HTTP/1.1" 405 5837 "-" "Mozilla/5.0 (X11; Linux i686; rv:2.0.1) Gecko/20100101 Firefox/4.0.1"
100.21.218.158 - - [06/Jul/2021:05:43:52 -0400] "GET / HTTP/1.1" 301 509 "-" "Mozilla/5.0 (X11; Ubuntu; Linux x86_64; rv:82.0) Gecko/20100101 Firefox/82.0"
204.48.19.85 - - [06/Jul/2021:05:43:52 -0400] "POST /wp-cron.php?doing_wp_cron=1625564632.7690930366516113281250 HTTP/1.1" 200 6295 "https://ajhydell.com/wp-cron.php?doing_wp_cron=1625564632.7690930366516113281250" "WordPress/5.7.2; https://ajhydell.com"
100.21.218.158 - - [06/Jul/2021:05:43:52 -0400] "GET / HTTP/1.1" 200 20768 "http://ajhydell.com" "Mozilla/5.0 (X11; Ubuntu; Linux x86_64; rv:82.0) Gecko/20100101 Firefox/82.0"
121.111.145.94 - - [06/Jul/2021:05:43:56 -0400] "GET /wp-content/uploads/2020/07/picture-26-768x578.jpg HTTP/1.1" 200 93465 "https://www.bing.com/" "Mozilla/5.0 (Windows NT 10.0; Win64; x64) AppleWebKit/537.36 (KHTML, like Gecko) Chrome/91.0.4472.124 Safari/537.36 Edg/91.0.864.64"
121.111.145.94 - - [06/Jul/2021:05:44:16 -0400] "-" 408 6041 "-" "-"
113.210.108.18 - - [06/Jul/2021:05:44:33 -0400] "POST /xmlrpc.php HTTP/1.1" 301 585 "-" "Mozilla/5.0 (X11; Linux i686; rv:2.0.1) Gecko/20100101 Firefox/4.0.1"
113.210.108.18 - - [06/Jul/2021:05:44:34 -0400] "GET /xmlrpc.php HTTP/1.1" 405 5837 "-" "Mozilla/5.0 (X11; Linux i686; rv:2.0.1) Gecko/20100101 Firefox/4.0.1"
204.48.19.85 - - [06/Jul/2021:05:45:06 -0400] "POST /wp-cron.php?doing_wp_cron=1625564706.9114909172058105468750 HTTP/1.1" 200 6295 "https://ajhydell.com/wp-cron.php?doing_wp_cron=1625564706.9114909172058105468750" "WordPress/5.7.2; https://ajhydell.com"
17.121.113.23 - - [06/Jul/2021:05:45:06 -0400] "GET /2018/10/26/chinese-militia-training-to-shoot-from-bicycles-china-ca-1950s/ HTTP/1.1" 200 18501 "-" "Mozilla/5.0 (Macintosh; Intel Mac OS X 10_15_5) AppleWebKit/605.1.15 (KHTML, like Gecko) Version/13.1.1 Safari/605.1.15 (Applebot/0.1; +http://www.apple.com/go/applebot)"
207.46.13.22 - - [06/Jul/2021:05:45:11 -0400] "GET /2020/12/06/the-brightest-tree-in-the-neighborhood-metalized-saran-icicles-made-it-so-dow-chemical-company-1963/ HTTP/1.1" 200 18867 "-" "Mozilla/5.0 (compatible; bingbot/2.0; +http://www.bing.com/bingbot.htm)"
54.36.148.117 - - [06/Jul/2021:05:45:33 -0400] "GET /2020/08/18/black-child-and-shady-characters-ussr-1956/ HTTP/1.1" 200 19060 "-" "Mozilla/5.0 (compatible; AhrefsBot/7.0; +http://ahrefs.com/robot/)"
113.210.108.18 - - [06/Jul/2021:05:45:34 -0400] "POST /xmlrpc.php HTTP/1.1" 301 585 "-" "Mozilla/5.0 (X11; Linux i686; rv:2.0.1) Gecko/20100101 Firefox/4.0.1"
113.210.108.18 - - [06/Jul/2021:05:45:35 -0400] "GET /xmlrpc.php HTTP/1.1" 405 5837 "-" "Mozilla/5.0 (X11; Linux i686; rv:2.0.1) Gecko/20100101 Firefox/4.0.1"
66.160.140.184 - - [06/Jul/2021:05:45:37 -0400] "GET /robots.txt HTTP/1.1" 301 585 "-" "The Knowledge AI"
66.160.140.184 - - [06/Jul/2021:05:45:37 -0400] "GET /robots.txt HTTP/1.1" 200 5901 "-" "The Knowledge AI"
66.160.140.184 - - [06/Jul/2021:05:45:48 -0400] "GET / HTTP/1.1" 301 565 "-" "The Knowledge AI"
204.48.19.85 - - [06/Jul/2021:05:46:09 -0400] "POST /wp-cron.php?doing_wp_cron=1625564769.1487679481506347656250 HTTP/1.1" 200 6295 "https://ajhydell.com/wp-cron.php?doing_wp_cron=1625564769.1487679481506347656250" "WordPress/5.7.2; https://ajhydell.com"
17.121.112.44 - - [06/Jul/2021:05:46:09 -0400] "GET /2020/11/20/general-heinz-guderian-in-his-command-half-track-during-the-battle-of-france-in-1940-note-the-enigma-machine/ HTTP/1.1" 200 18506 "-" "Mozilla/5.0 (Macintosh; Intel Mac OS X 10_15_5) AppleWebKit/605.1.15 (KHTML, like Gecko) Version/13.1.1 Safari/605.1.15 (Applebot/0.1; +http://www.apple.com/go/applebot)"
17.121.112.243 - - [06/Jul/2021:05:46:20 -0400] "GET /2019/02/16/japanese-stereotype-map-from-1932/ HTTP/1.1" 200 18355 "-" "Mozilla/5.0 (Macintosh; Intel Mac OS X 10_15_5) AppleWebKit/605.1.15 (KHTML, like Gecko) Version/13.1.1 Safari/605.1.15 (Applebot/0.1; +http://www.apple.com/go/applebot)"
113.210.108.18 - - [06/Jul/2021:05:46:35 -0400] "POST /xmlrpc.php HTTP/1.1" 301 585 "-" "Mozilla/5.0 (X11; Linux i686; rv:2.0.1) Gecko/20100101 Firefox/4.0.1"
113.210.108.18 - - [06/Jul/2021:05:46:36 -0400] "GET /xmlrpc.php HTTP/1.1" 405 5837 "-" "Mozilla/5.0 (X11; Linux i686; rv:2.0.1) Gecko/20100101 Firefox/4.0.1"
207.46.13.80 - - [06/Jul/2021:05:46:49 -0400] "GET /wp-content/uploads/2020/01/picture-53.jpg HTTP/1.1" 200 60886 "-" "Mozilla/5.0 (compatible; bingbot/2.0; +http://www.bing.com/bingbot.htm)"
49.7.20.65 - - [06/Jul/2021:05:47:32 -0400] "GET / HTTP/1.1" 301 528 "-" "Sogou web spider/4.0(+http://www.sogou.com/docs/help/webmasters.htm#07)"
113.210.108.18 - - [06/Jul/2021:05:47:36 -0400] "POST /xmlrpc.php HTTP/1.1" 301 585 "-" "Mozilla/5.0 (X11; Linux i686; rv:2.0.1) Gecko/20100101 Firefox/4.0.1"
204.48.19.85 - - [06/Jul/2021:05:47:37 -0400] "POST /wp-cron.php?doing_wp_cron=1625564857.9591178894042968750000 HTTP/1.1" 200 6295 "https://ajhydell.com/wp-cron.php?doing_wp_cron=1625564857.9591178894042968750000" "WordPress/5.7.2; https://ajhydell.com"
113.210.108.18 - - [06/Jul/2021:05:47:37 -0400] "GET /xmlrpc.php HTTP/1.1" 405 5837 "-" "Mozilla/5.0 (X11; Linux i686; rv:2.0.1) Gecko/20100101 Firefox/4.0.1"
68.169.135.123 - - [06/Jul/2021:05:48:09 -0400] "GET /wp-content/uploads/2020/08/picture-64.jpg HTTP/1.1" 200 86706 "https://www.bing.com/" "Mozilla/5.0 (Windows NT 10.0; Win64; x64) AppleWebKit/537.36 (KHTML, like Gecko) Chrome/91.0.4472.124 Safari/537.36"
113.210.108.18 - - [06/Jul/2021:05:48:37 -0400] "POST /xmlrpc.php HTTP/1.1" 301 585 "-" "Mozilla/5.0 (X11; Linux i686; rv:2.0.1) Gecko/20100101 Firefox/4.0.1"
204.48.19.85 - - [06/Jul/2021:05:48:38 -0400] "POST /wp-cron.php?doing_wp_cron=1625564918.3713500499725341796875 HTTP/1.1" 200 6295 "https://ajhydell.com/wp-cron.php?doing_wp_cron=1625564918.3713500499725341796875" "WordPress/5.7.2; https://ajhydell.com"
113.210.108.18 - - [06/Jul/2021:05:48:38 -0400] "GET /xmlrpc.php HTTP/1.1" 405 5837 "-" "Mozilla/5.0 (X11; Linux i686; rv:2.0.1) Gecko/20100101 Firefox/4.0.1"
204.48.19.85 - - [06/Jul/2021:05:49:01 -0400] "POST /wp-cron.php?doing_wp_cron=1625564941.3851399421691894531250 HTTP/1.1" 200 6295 "https://ajhydell.com/wp-cron.php?doing_wp_cron=1625564941.3851399421691894531250" "WordPress/5.7.2; https://ajhydell.com"
216.244.66.250 - - [06/Jul/2021:05:49:01 -0400] "GET /2020/06/06/vietnam-war-a-6ft-5in-machine-gunner-with-the-us-9th-infantry-division-is-submerged-except-for-his-rifle-as-he-crosses-a-muddy-stream-in-the-mekong-delta-south-of-saigon-on-10-september-1968-photogr/ HTTP/1.1" 200 71250 "-" "Mozilla/5.0 (compatible; DotBot/1.2; +https://opensiteexplorer.org/dotbot; help@moz.com)"
113.210.108.18 - - [06/Jul/2021:05:49:38 -0400] "POST /xmlrpc.php HTTP/1.1" 301 585 "-" "Mozilla/5.0 (X11; Linux i686; rv:2.0.1) Gecko/20100101 Firefox/4.0.1"
113.210.108.18 - - [06/Jul/2021:05:49:39 -0400] "GET /xmlrpc.php HTTP/1.1" 405 5837 "-" "Mozilla/5.0 (X11; Linux i686; rv:2.0.1) Gecko/20100101 Firefox/4.0.1"
204.48.19.85 - - [06/Jul/2021:05:50:30 -0400] "POST /wp-cron.php?doing_wp_cron=1625565030.0622279644012451171875 HTTP/1.1" 200 6295 "https://ajhydell.com/wp-cron.php?doing_wp_cron=1625565030.0622279644012451171875" "WordPress/5.7.2; https://ajhydell.com"
54.36.148.117 - - [06/Jul/2021:05:50:29 -0400] "GET /2020/04/08/ HTTP/1.1" 200 18724 "-" "Mozilla/5.0 (compatible; AhrefsBot/7.0; +http://ahrefs.com/robot/)"
207.46.13.96 - - [06/Jul/2021:05:50:32 -0400] "GET /2018/12/24/ HTTP/1.1" 200 18240 "-" "Mozilla/5.0 (compatible; bingbot/2.0; +http://www.bing.com/bingbot.htm)"
113.210.108.18 - - [06/Jul/2021:05:50:40 -0400] "POST /xmlrpc.php HTTP/1.1" 301 585 "-" "Mozilla/5.0 (X11; Linux i686; rv:2.0.1) Gecko/20100101 Firefox/4.0.1"
113.210.108.18 - - [06/Jul/2021:05:50:41 -0400] "GET /xmlrpc.php HTTP/1.1" 405 5837 "-" "Mozilla/5.0 (X11; Linux i686; rv:2.0.1) Gecko/20100101 Firefox/4.0.1"
204.48.19.85 - - [06/Jul/2021:05:51:23 -0400] "POST /wp-cron.php?doing_wp_cron=1625565082.9976580142974853515625 HTTP/1.1" 200 6295 "https://ajhydell.com/wp-cron.php?doing_wp_cron=1625565082.9976580142974853515625" "WordPress/5.7.2; https://ajhydell.com"
185.191.171.41 - - [06/Jul/2021:05:51:22 -0400] "GET /2021/06/07/ HTTP/1.1" 200 19119 "-" "Mozilla/5.0 (compatible; SemrushBot/7~bl; +http://www.semrush.com/bot.html)"
113.210.108.18 - - [06/Jul/2021:05:51:42 -0400] "POST /xmlrpc.php HTTP/1.1" 301 585 "-" "Mozilla/5.0 (X11; Linux i686; rv:2.0.1) Gecko/20100101 Firefox/4.0.1"
113.210.108.18 - - [06/Jul/2021:05:51:43 -0400] "GET /xmlrpc.php HTTP/1.1" 405 5837 "-" "Mozilla/5.0 (X11; Linux i686; rv:2.0.1) Gecko/20100101 Firefox/4.0.1"
113.210.108.18 - - [06/Jul/2021:05:52:42 -0400] "POST /xmlrpc.php HTTP/1.1" 301 585 "-" "Mozilla/5.0 (X11; Linux i686; rv:2.0.1) Gecko/20100101 Firefox/4.0.1"
204.48.19.85 - - [06/Jul/2021:05:52:44 -0400] "POST /wp-cron.php?doing_wp_cron=1625565164.0562520027160644531250 HTTP/1.1" 200 6295 "https://ajhydell.com/wp-cron.php?doing_wp_cron=1625565164.0562520027160644531250" "WordPress/5.7.2; https://ajhydell.com"
113.210.108.18 - - [06/Jul/2021:05:52:43 -0400] "GET /xmlrpc.php HTTP/1.1" 405 5837 "-" "Mozilla/5.0 (X11; Linux i686; rv:2.0.1) Gecko/20100101 Firefox/4.0.1"
5.255.253.148 - - [06/Jul/2021:05:52:56 -0400] "GET /wp-content/uploads/2020/11/picture-84.jpg HTTP/1.1" 304 6272 "-" "Mozilla/5.0 (compatible; YandexImages/3.0; +http://yandex.com/bots)"
204.48.19.85 - - [06/Jul/2021:05:53:42 -0400] "POST /wp-cron.php?doing_wp_cron=1625565222.4900679588317871093750 HTTP/1.1" 200 6295 "https://ajhydell.com/wp-cron.php?doing_wp_cron=1625565222.4900679588317871093750" "WordPress/5.7.2; https://ajhydell.com"
62.210.215.117 - - [06/Jul/2021:05:53:42 -0400] "GET /atom HTTP/1.1" 301 6431 "-" "Mozilla/5.0 (X11; Linux i686) AppleWebKit/537.36 (KHTML, like Gecko) Chrome/30.0.1599.66 Safari/537.36"
62.210.215.117 - - [06/Jul/2021:05:53:43 -0400] "GET /feed/atom/ HTTP/1.1" 200 18977 "-" "Mozilla/5.0 (X11; Linux i686) AppleWebKit/537.36 (KHTML, like Gecko) Chrome/30.0.1599.66 Safari/537.36"
113.210.108.18 - - [06/Jul/2021:05:53:56 -0400] "POST /xmlrpc.php HTTP/1.1" 301 585 "-" "Mozilla/5.0 (X11; Linux i686; rv:2.0.1) Gecko/20100101 Firefox/4.0.1"
204.48.19.85 - - [06/Jul/2021:05:53:57 -0400] "POST /wp-cron.php?doing_wp_cron=1625565237.2870149612426757812500 HTTP/1.1" 200 6295 "https://ajhydell.com/wp-cron.php?doing_wp_cron=1625565237.2870149612426757812500" "WordPress/5.7.2; https://ajhydell.com"
113.210.108.18 - - [06/Jul/2021:05:53:57 -0400] "GET /xmlrpc.php HTTP/1.1" 405 5837 "-" "Mozilla/5.0 (X11; Linux i686; rv:2.0.1) Gecko/20100101 Firefox/4.0.1"
17.121.112.194 - - [06/Jul/2021:05:54:13 -0400] "GET /2020/11/23/empire-state-building-in-1941-530-x-776/ HTTP/1.1" 200 18385 "-" "Mozilla/5.0 (Macintosh; Intel Mac OS X 10_15_5) AppleWebKit/605.1.15 (KHTML, like Gecko) Version/13.1.1 Safari/605.1.15 (Applebot/0.1; +http://www.apple.com/go/applebot)"
204.48.19.85 - - [06/Jul/2021:05:54:46 -0400] "POST /wp-cron.php?doing_wp_cron=1625565286.9134380817413330078125 HTTP/1.1" 200 6295 "https://ajhydell.com/wp-cron.php?doing_wp_cron=1625565286.9134380817413330078125" "WordPress/5.7.2; https://ajhydell.com"
54.36.148.117 - - [06/Jul/2021:05:54:46 -0400] "GET /2019/07/21/ HTTP/1.1" 200 18567 "-" "Mozilla/5.0 (compatible; AhrefsBot/7.0; +http://ahrefs.com/robot/)"
113.210.108.18 - - [06/Jul/2021:05:54:56 -0400] "POST /xmlrpc.php HTTP/1.1" 301 585 "-" "Mozilla/5.0 (X11; Linux i686; rv:2.0.1) Gecko/20100101 Firefox/4.0.1"
113.210.108.18 - - [06/Jul/2021:05:54:57 -0400] "GET /xmlrpc.php HTTP/1.1" 405 5837 "-" "Mozilla/5.0 (X11; Linux i686; rv:2.0.1) Gecko/20100101 Firefox/4.0.1"
204.48.19.85 - - [06/Jul/2021:05:55:54 -0400] "POST /wp-cron.php?doing_wp_cron=1625565354.1128010749816894531250 HTTP/1.1" 200 6295 "https://ajhydell.com/wp-cron.php?doing_wp_cron=1625565354.1128010749816894531250" "WordPress/5.7.2; https://ajhydell.com"
157.55.39.57 - - [06/Jul/2021:05:55:53 -0400] "GET /2021/03/01/british-soldiers-interrupted-during-drag-show-rehearsals-by-a-german-raid-manning-a-bl-6-inch-mk-vii-naval-gun-at-shornemead-fort-england-in-1940-1924x1376-colorized-upsampled/ HTTP/1.1" 200 18900 "-" "Mozilla/5.0 (compatible; bingbot/2.0; +http://www.bing.com/bingbot.htm)"
113.210.108.18 - - [06/Jul/2021:05:55:57 -0400] "POST /xmlrpc.php HTTP/1.1" 301 585 "-" "Mozilla/5.0 (X11; Linux i686; rv:2.0.1) Gecko/20100101 Firefox/4.0.1"
113.210.108.18 - - [06/Jul/2021:05:55:58 -0400] "GET /xmlrpc.php HTTP/1.1" 405 5837 "-" "Mozilla/5.0 (X11; Linux i686; rv:2.0.1) Gecko/20100101 Firefox/4.0.1"
34.245.236.138 - - [06/Jul/2021:05:56:37 -0400] "GET /category/opinion/feed/ HTTP/1.1" 200 6987 "-" "Krzana bot"
204.48.19.85 - - [06/Jul/2021:05:56:57 -0400] "POST /wp-cron.php?doing_wp_cron=1625565417.0225529670715332031250 HTTP/1.1" 200 6295 "https://ajhydell.com/wp-cron.php?doing_wp_cron=1625565417.0225529670715332031250" "WordPress/5.7.2; https://ajhydell.com"
157.55.39.57 - - [06/Jul/2021:05:56:56 -0400] "GET /2019/03/page/4/ HTTP/1.1" 200 19640 "-" "Mozilla/5.0 (compatible; bingbot/2.0; +http://www.bing.com/bingbot.htm)"
113.210.108.18 - - [06/Jul/2021:05:56:58 -0400] "POST /xmlrpc.php HTTP/1.1" 301 585 "-" "Mozilla/5.0 (X11; Linux i686; rv:2.0.1) Gecko/20100101 Firefox/4.0.1"
113.210.108.18 - - [06/Jul/2021:05:56:59 -0400] "GET /xmlrpc.php HTTP/1.1" 405 5837 "-" "Mozilla/5.0 (X11; Linux i686; rv:2.0.1) Gecko/20100101 Firefox/4.0.1"
77.75.76.161 - - [06/Jul/2021:05:57:30 -0400] "GET /robots.txt HTTP/1.1" 200 6517 "-" "Mozilla/5.0 (compatible; SeznamBot/3.2; +http://napoveda.seznam.cz/en/seznambot-intro/)"
77.75.76.161 - - [06/Jul/2021:05:57:32 -0400] "GET /sitemap-pt-post-2020-03.xml HTTP/1.1" 200 12157 "-" "Mozilla/5.0 (compatible; SeznamBot/3.2; +http://napoveda.seznam.cz/en/seznambot-intro/)"
113.210.108.18 - - [06/Jul/2021:05:57:59 -0400] "POST /xmlrpc.php HTTP/1.1" 301 585 "-" "Mozilla/5.0 (X11; Linux i686; rv:2.0.1) Gecko/20100101 Firefox/4.0.1"
204.48.19.85 - - [06/Jul/2021:05:58:00 -0400] "POST /wp-cron.php?doing_wp_cron=1625565480.7887859344482421875000 HTTP/1.1" 200 6295 "https://ajhydell.com/wp-cron.php?doing_wp_cron=1625565480.7887859344482421875000" "WordPress/5.7.2; https://ajhydell.com"
113.210.108.18 - - [06/Jul/2021:05:58:00 -0400] "GET /xmlrpc.php HTTP/1.1" 405 5837 "-" "Mozilla/5.0 (X11; Linux i686; rv:2.0.1) Gecko/20100101 Firefox/4.0.1"
54.36.148.117 - - [06/Jul/2021:05:58:33 -0400] "GET /2019/06/24/ HTTP/1.1" 200 18610 "-" "Mozilla/5.0 (compatible; AhrefsBot/7.0; +http://ahrefs.com/robot/)"
113.210.108.18 - - [06/Jul/2021:05:59:00 -0400] "POST /xmlrpc.php HTTP/1.1" 301 585 "-" "Mozilla/5.0 (X11; Linux i686; rv:2.0.1) Gecko/20100101 Firefox/4.0.1"
204.48.19.85 - - [06/Jul/2021:05:59:01 -0400] "POST /wp-cron.php?doing_wp_cron=1625565541.9246010780334472656250 HTTP/1.1" 200 6295 "https://ajhydell.com/wp-cron.php?doing_wp_cron=1625565541.9246010780334472656250" "WordPress/5.7.2; https://ajhydell.com"
113.210.108.18 - - [06/Jul/2021:05:59:01 -0400] "GET /xmlrpc.php HTTP/1.1" 405 5837 "-" "Mozilla/5.0 (X11; Linux i686; rv:2.0.1) Gecko/20100101 Firefox/4.0.1"
207.46.13.120 - - [06/Jul/2021:05:59:38 -0400] "GET /wp-content/uploads/2020/03/picture-53-scaled.jpg HTTP/1.1" 200 364284 "-" "Mozilla/5.0 (compatible; bingbot/2.0; +http://www.bing.com/bingbot.htm)"
113.210.108.18 - - [06/Jul/2021:06:00:01 -0400] "POST /xmlrpc.php HTTP/1.1" 301 585 "-" "Mozilla/5.0 (X11; Linux i686; rv:2.0.1) Gecko/20100101 Firefox/4.0.1"
204.48.19.85 - - [06/Jul/2021:06:00:02 -0400] "POST /wp-cron.php?doing_wp_cron=1625565602.7942869663238525390625 HTTP/1.1" 200 6295 "https://ajhydell.com/wp-cron.php?doing_wp_cron=1625565602.7942869663238525390625" "WordPress/5.7.2; https://ajhydell.com"
113.210.108.18 - - [06/Jul/2021:06:00:02 -0400] "GET /xmlrpc.php HTTP/1.1" 405 5837 "-" "Mozilla/5.0 (X11; Linux i686; rv:2.0.1) Gecko/20100101 Firefox/4.0.1"
40.77.167.33 - - [06/Jul/2021:06:00:06 -0400] "GET /wp-content/uploads/2021/07/picture-26.jpg HTTP/1.1" 200 667086 "-" "Mozilla/5.0 (compatible; bingbot/2.0; +http://www.bing.com/bingbot.htm)"
104.248.144.242 - - [06/Jul/2021:06:00:12 -0400] "GET /wp-login.php HTTP/1.1" 200 8606 "-" "Mozilla/5.0 (X11; Ubuntu; Linux x86_64; rv:62.0) Gecko/20100101 Firefox/62.0"
104.248.144.242 - - [06/Jul/2021:06:00:13 -0400] "POST /wp-login.php HTTP/1.1" 200 8694 "-" "Mozilla/5.0 (X11; Ubuntu; Linux x86_64; rv:62.0) Gecko/20100101 Firefox/62.0"
104.248.144.242 - - [06/Jul/2021:06:00:15 -0400] "POST /xmlrpc.php HTTP/1.1" 200 5852 "-" "Mozilla/5.0 (X11; Ubuntu; Linux x86_64; rv:62.0) Gecko/20100101 Firefox/62.0"
113.210.108.18 - - [06/Jul/2021:06:01:02 -0400] "POST /xmlrpc.php HTTP/1.1" 301 585 "-" "Mozilla/5.0 (X11; Linux i686; rv:2.0.1) Gecko/20100101 Firefox/4.0.1"
204.48.19.85 - - [06/Jul/2021:06:01:03 -0400] "POST /wp-cron.php?doing_wp_cron=1625565663.4273118972778320312500 HTTP/1.1" 200 6295 "https://ajhydell.com/wp-cron.php?doing_wp_cron=1625565663.4273118972778320312500" "WordPress/5.7.2; https://ajhydell.com"
113.210.108.18 - - [06/Jul/2021:06:01:03 -0400] "GET /xmlrpc.php HTTP/1.1" 405 5837 "-" "Mozilla/5.0 (X11; Linux i686; rv:2.0.1) Gecko/20100101 Firefox/4.0.1"
113.210.108.18 - - [06/Jul/2021:06:02:03 -0400] "POST /xmlrpc.php HTTP/1.1" 301 585 "-" "Mozilla/5.0 (X11; Linux i686; rv:2.0.1) Gecko/20100101 Firefox/4.0.1"
204.48.19.85 - - [06/Jul/2021:06:02:05 -0400] "POST /wp-cron.php?doing_wp_cron=1625565725.4339048862457275390625 HTTP/1.1" 200 6295 "https://ajhydell.com/wp-cron.php?doing_wp_cron=1625565725.4339048862457275390625" "WordPress/5.7.2; https://ajhydell.com"
113.210.108.18 - - [06/Jul/2021:06:02:05 -0400] "GET /xmlrpc.php HTTP/1.1" 405 5837 "-" "Mozilla/5.0 (X11; Linux i686; rv:2.0.1) Gecko/20100101 Firefox/4.0.1"
54.36.148.117 - - [06/Jul/2021:06:02:22 -0400] "GET /2019/06/26/ HTTP/1.1" 200 18736 "-" "Mozilla/5.0 (compatible; AhrefsBot/7.0; +http://ahrefs.com/robot/)"
207.46.13.151 - - [06/Jul/2021:06:02:28 -0400] "GET /wp-content/uploads/2018/09/picture-1.jpg HTTP/1.1" 200 123415 "-" "Mozilla/5.0 (compatible; bingbot/2.0; +http://www.bing.com/bingbot.htm)"
113.210.108.18 - - [06/Jul/2021:06:03:04 -0400] "POST /xmlrpc.php HTTP/1.1" 301 585 "-" "Mozilla/5.0 (X11; Linux i686; rv:2.0.1) Gecko/20100101 Firefox/4.0.1"
204.48.19.85 - - [06/Jul/2021:06:03:05 -0400] "POST /wp-cron.php?doing_wp_cron=1625565785.7225260734558105468750 HTTP/1.1" 200 6295 "https://ajhydell.com/wp-cron.php?doing_wp_cron=1625565785.7225260734558105468750" "WordPress/5.7.2; https://ajhydell.com"
113.210.108.18 - - [06/Jul/2021:06:03:05 -0400] "GET /xmlrpc.php HTTP/1.1" 405 5837 "-" "Mozilla/5.0 (X11; Linux i686; rv:2.0.1) Gecko/20100101 Firefox/4.0.1"
113.210.108.18 - - [06/Jul/2021:06:04:05 -0400] "POST /xmlrpc.php HTTP/1.1" 301 585 "-" "Mozilla/5.0 (X11; Linux i686; rv:2.0.1) Gecko/20100101 Firefox/4.0.1"
204.48.19.85 - - [06/Jul/2021:06:04:06 -0400] "POST /wp-cron.php?doing_wp_cron=1625565846.5812680721282958984375 HTTP/1.1" 200 6295 "https://ajhydell.com/wp-cron.php?doing_wp_cron=1625565846.5812680721282958984375" "WordPress/5.7.2; https://ajhydell.com"
113.210.108.18 - - [06/Jul/2021:06:04:06 -0400] "GET /xmlrpc.php HTTP/1.1" 405 5837 "-" "Mozilla/5.0 (X11; Linux i686; rv:2.0.1) Gecko/20100101 Firefox/4.0.1"
157.55.39.134 - - [06/Jul/2021:06:04:20 -0400] "GET /wp-content/uploads/2019/07/picture-73.jpg HTTP/1.1" 200 1339649 "-" "Mozilla/5.0 (compatible; bingbot/2.0; +http://www.bing.com/bingbot.htm)"
113.210.108.18 - - [06/Jul/2021:06:05:07 -0400] "POST /xmlrpc.php HTTP/1.1" 301 585 "-" "Mozilla/5.0 (X11; Linux i686; rv:2.0.1) Gecko/20100101 Firefox/4.0.1"
204.48.19.85 - - [06/Jul/2021:06:05:08 -0400] "POST /wp-cron.php?doing_wp_cron=1625565908.6095490455627441406250 HTTP/1.1" 200 6295 "https://ajhydell.com/wp-cron.php?doing_wp_cron=1625565908.6095490455627441406250" "WordPress/5.7.2; https://ajhydell.com"
113.210.108.18 - - [06/Jul/2021:06:05:08 -0400] "GET /xmlrpc.php HTTP/1.1" 405 5837 "-" "Mozilla/5.0 (X11; Linux i686; rv:2.0.1) Gecko/20100101 Firefox/4.0.1"
207.46.13.151 - - [06/Jul/2021:06:05:18 -0400] "GET /wp-content/uploads/2020/05/picture-58.jpg HTTP/1.1" 200 123147 "-" "Mozilla/5.0 (compatible; bingbot/2.0; +http://www.bing.com/bingbot.htm)"
113.210.108.18 - - [06/Jul/2021:06:06:10 -0400] "POST /xmlrpc.php HTTP/1.1" 301 585 "-" "Mozilla/5.0 (X11; Linux i686; rv:2.0.1) Gecko/20100101 Firefox/4.0.1"
204.48.19.85 - - [06/Jul/2021:06:06:11 -0400] "POST /wp-cron.php?doing_wp_cron=1625565971.7310099601745605468750 HTTP/1.1" 200 6295 "https://ajhydell.com/wp-cron.php?doing_wp_cron=1625565971.7310099601745605468750" "WordPress/5.7.2; https://ajhydell.com"
113.210.108.18 - - [06/Jul/2021:06:06:11 -0400] "GET /xmlrpc.php HTTP/1.1" 405 5837 "-" "Mozilla/5.0 (X11; Linux i686; rv:2.0.1) Gecko/20100101 Firefox/4.0.1"
54.36.148.117 - - [06/Jul/2021:06:06:25 -0400] "GET /2020/09/08/land-o-lakes-native-design-jewelry-and-leather-ad-from-seventeen-magazine-june-1970/ HTTP/1.1" 200 19125 "-" "Mozilla/5.0 (compatible; AhrefsBot/7.0; +http://ahrefs.com/robot/)"
173.252.127.116 - - [06/Jul/2021:06:06:35 -0400] "GET /wp-content/uploads/2021/03/picture-104.jpg HTTP/1.1" 200 721429 "-" "facebookexternalhit/1.1 (+http://www.facebook.com/externalhit_uatext.php)"
173.252.127.15 - - [06/Jul/2021:06:06:34 -0400] "GET /2021/03/21/fascist-italian-soldiers-in-ethiopia-singing-the-song-faccetta-nera-with-a-native-girl-1936/ HTTP/1.1" 206 19245 "-" "facebookexternalhit/1.1 (+http://www.facebook.com/externalhit_uatext.php)"
173.252.127.116 - - [06/Jul/2021:06:06:34 -0400] "GET /2021/03/21/fascist-italian-soldiers-in-ethiopia-singing-the-song-faccetta-nera-with-a-native-girl-1936/ HTTP/1.1" 206 19247 "-" "facebookexternalhit/1.1 (+http://www.facebook.com/externalhit_uatext.php)"
113.210.108.18 - - [06/Jul/2021:06:07:11 -0400] "POST /xmlrpc.php HTTP/1.1" 301 585 "-" "Mozilla/5.0 (X11; Linux i686; rv:2.0.1) Gecko/20100101 Firefox/4.0.1"
204.48.19.85 - - [06/Jul/2021:06:07:13 -0400] "POST /wp-cron.php?doing_wp_cron=1625566033.5244960784912109375000 HTTP/1.1" 200 6295 "https://ajhydell.com/wp-cron.php?doing_wp_cron=1625566033.5244960784912109375000" "WordPress/5.7.2; https://ajhydell.com"
113.210.108.18 - - [06/Jul/2021:06:07:13 -0400] "GET /xmlrpc.php HTTP/1.1" 405 5837 "-" "Mozilla/5.0 (X11; Linux i686; rv:2.0.1) Gecko/20100101 Firefox/4.0.1"
113.210.108.18 - - [06/Jul/2021:06:08:12 -0400] "POST /xmlrpc.php HTTP/1.1" 301 585 "-" "Mozilla/5.0 (X11; Linux i686; rv:2.0.1) Gecko/20100101 Firefox/4.0.1"
204.48.19.85 - - [06/Jul/2021:06:08:14 -0400] "POST /wp-cron.php?doing_wp_cron=1625566094.0337591171264648437500 HTTP/1.1" 200 6295 "https://ajhydell.com/wp-cron.php?doing_wp_cron=1625566094.0337591171264648437500" "WordPress/5.7.2; https://ajhydell.com"
113.210.108.18 - - [06/Jul/2021:06:08:13 -0400] "GET /xmlrpc.php HTTP/1.1" 405 5837 "-" "Mozilla/5.0 (X11; Linux i686; rv:2.0.1) Gecko/20100101 Firefox/4.0.1"
113.210.108.18 - - [06/Jul/2021:06:09:14 -0400] "POST /xmlrpc.php HTTP/1.1" 301 585 "-" "Mozilla/5.0 (X11; Linux i686; rv:2.0.1) Gecko/20100101 Firefox/4.0.1"
204.48.19.85 - - [06/Jul/2021:06:09:16 -0400] "POST /wp-cron.php?doing_wp_cron=1625566156.9114220142364501953125 HTTP/1.1" 200 6295 "https://ajhydell.com/wp-cron.php?doing_wp_cron=1625566156.9114220142364501953125" "WordPress/5.7.2; https://ajhydell.com"
113.210.108.18 - - [06/Jul/2021:06:09:16 -0400] "GET /xmlrpc.php HTTP/1.1" 405 5837 "-" "Mozilla/5.0 (X11; Linux i686; rv:2.0.1) Gecko/20100101 Firefox/4.0.1"
113.210.108.18 - - [06/Jul/2021:06:10:15 -0400] "POST /xmlrpc.php HTTP/1.1" 301 585 "-" "Mozilla/5.0 (X11; Linux i686; rv:2.0.1) Gecko/20100101 Firefox/4.0.1"
204.48.19.85 - - [06/Jul/2021:06:10:16 -0400] "POST /wp-cron.php?doing_wp_cron=1625566216.6652419567108154296875 HTTP/1.1" 200 6295 "https://ajhydell.com/wp-cron.php?doing_wp_cron=1625566216.6652419567108154296875" "WordPress/5.7.2; https://ajhydell.com"
113.210.108.18 - - [06/Jul/2021:06:10:16 -0400] "GET /xmlrpc.php HTTP/1.1" 405 5837 "-" "Mozilla/5.0 (X11; Linux i686; rv:2.0.1) Gecko/20100101 Firefox/4.0.1"
40.77.167.20 - - [06/Jul/2021:06:10:19 -0400] "GET /wp-content/uploads/2020/03/picture-63.jpg HTTP/1.1" 200 76981 "-" "Mozilla/5.0 (compatible; bingbot/2.0; +http://www.bing.com/bingbot.htm)"
54.36.148.117 - - [06/Jul/2021:06:10:29 -0400] "GET /2021/06/06/ HTTP/1.1" 200 19120 "-" "Mozilla/5.0 (compatible; AhrefsBot/7.0; +http://ahrefs.com/robot/)"
34.212.4.78 - - [06/Jul/2021:06:11:10 -0400] "GET /ads.txt HTTP/1.1" 301 579 "-" "Mozilla/5.0 (X11; Linux x86_64) AppleWebKit/537.36 (KHTML, like Gecko) Chrome/44.0.2403.157 Safari/537.36"
34.212.4.78 - - [06/Jul/2021:06:11:10 -0400] "GET /ads.txt HTTP/1.1" 406 6153 "-" "Mozilla/5.0 (X11; Linux x86_64) AppleWebKit/537.36 (KHTML, like Gecko) Chrome/44.0.2403.157 Safari/537.36"
113.210.108.18 - - [06/Jul/2021:06:11:16 -0400] "POST /xmlrpc.php HTTP/1.1" 301 585 "-" "Mozilla/5.0 (X11; Linux i686; rv:2.0.1) Gecko/20100101 Firefox/4.0.1"
204.48.19.85 - - [06/Jul/2021:06:11:17 -0400] "POST /wp-cron.php?doing_wp_cron=1625566277.3240280151367187500000 HTTP/1.1" 200 6295 "https://ajhydell.com/wp-cron.php?doing_wp_cron=1625566277.3240280151367187500000" "WordPress/5.7.2; https://ajhydell.com"
113.210.108.18 - - [06/Jul/2021:06:11:17 -0400] "GET /xmlrpc.php HTTP/1.1" 405 5837 "-" "Mozilla/5.0 (X11; Linux i686; rv:2.0.1) Gecko/20100101 Firefox/4.0.1"
185.191.171.19 - - [06/Jul/2021:06:11:18 -0400] "GET /robots.txt HTTP/1.1" 200 6480 "-" "Mozilla/5.0 (compatible; SemrushBot/7~bl; +http://www.semrush.com/bot.html)"
185.191.171.10 - - [06/Jul/2021:06:11:18 -0400] "GET /2020/10/22/if-you-want-to-look-like-that-work-out-1966/ HTTP/1.1" 200 19134 "-" "Mozilla/5.0 (compatible; SemrushBot/7~bl; +http://www.semrush.com/bot.html)"
66.249.70.112 - - [06/Jul/2021:06:11:32 -0400] "GET /wp-content/uploads/2021/06/picture-29.jpg HTTP/1.1" 200 254701 "-" "Googlebot-Image/1.0"
113.210.108.18 - - [06/Jul/2021:06:12:17 -0400] "POST /xmlrpc.php HTTP/1.1" 301 585 "-" "Mozilla/5.0 (X11; Linux i686; rv:2.0.1) Gecko/20100101 Firefox/4.0.1"
204.48.19.85 - - [06/Jul/2021:06:12:18 -0400] "POST /wp-cron.php?doing_wp_cron=1625566338.7032570838928222656250 HTTP/1.1" 200 6295 "https://ajhydell.com/wp-cron.php?doing_wp_cron=1625566338.7032570838928222656250" "WordPress/5.7.2; https://ajhydell.com"
113.210.108.18 - - [06/Jul/2021:06:12:18 -0400] "GET /xmlrpc.php HTTP/1.1" 405 5837 "-" "Mozilla/5.0 (X11; Linux i686; rv:2.0.1) Gecko/20100101 Firefox/4.0.1"
52.146.58.236 - - [06/Jul/2021:06:12:32 -0400] "GET /wp-content/uploads/2020/11/picture-111.jpg HTTP/1.1" 200 1943699 "-" "DuckDuckBot/1.1; (+http://duckduckgo.com/duckduckbot.html)"
113.210.108.18 - - [06/Jul/2021:06:13:18 -0400] "POST /xmlrpc.php HTTP/1.1" 301 585 "-" "Mozilla/5.0 (X11; Linux i686; rv:2.0.1) Gecko/20100101 Firefox/4.0.1"
204.48.19.85 - - [06/Jul/2021:06:13:19 -0400] "POST /wp-cron.php?doing_wp_cron=1625566399.4353220462799072265625 HTTP/1.1" 200 6295 "https://ajhydell.com/wp-cron.php?doing_wp_cron=1625566399.4353220462799072265625" "WordPress/5.7.2; https://ajhydell.com"
113.210.108.18 - - [06/Jul/2021:06:13:19 -0400] "GET /xmlrpc.php HTTP/1.1" 405 5837 "-" "Mozilla/5.0 (X11; Linux i686; rv:2.0.1) Gecko/20100101 Firefox/4.0.1"
113.210.108.18 - - [06/Jul/2021:06:14:19 -0400] "POST /xmlrpc.php HTTP/1.1" 301 585 "-" "Mozilla/5.0 (X11; Linux i686; rv:2.0.1) Gecko/20100101 Firefox/4.0.1"
204.48.19.85 - - [06/Jul/2021:06:14:20 -0400] "POST /wp-cron.php?doing_wp_cron=1625566460.3591020107269287109375 HTTP/1.1" 200 6295 "https://ajhydell.com/wp-cron.php?doing_wp_cron=1625566460.3591020107269287109375" "WordPress/5.7.2; https://ajhydell.com"
113.210.108.18 - - [06/Jul/2021:06:14:20 -0400] "GET /xmlrpc.php HTTP/1.1" 405 5837 "-" "Mozilla/5.0 (X11; Linux i686; rv:2.0.1) Gecko/20100101 Firefox/4.0.1"
157.55.39.57 - - [06/Jul/2021:06:14:41 -0400] "GET /wp-content/uploads/2020/10/picture-91-787x1024.jpg HTTP/1.1" 200 172672 "-" "Mozilla/5.0 (compatible; bingbot/2.0; +http://www.bing.com/bingbot.htm)"
204.48.19.85 - - [06/Jul/2021:06:14:47 -0400] "POST /wp-cron.php?doing_wp_cron=1625566487.2324569225311279296875 HTTP/1.1" 200 6295 "https://ajhydell.com/wp-cron.php?doing_wp_cron=1625566487.2324569225311279296875" "WordPress/5.7.2; https://ajhydell.com"
54.36.148.117 - - [06/Jul/2021:06:14:47 -0400] "GET /2021/07/01/bbc-war-correspondent-robin-duff-makes-a-recording-during-the-d-day-landings-1944-colorization-976x549/ HTTP/1.1" 200 19237 "-" "Mozilla/5.0 (compatible; AhrefsBot/7.0; +http://ahrefs.com/robot/)"
113.210.108.18 - - [06/Jul/2021:06:15:20 -0400] "POST /xmlrpc.php HTTP/1.1" 301 585 "-" "Mozilla/5.0 (X11; Linux i686; rv:2.0.1) Gecko/20100101 Firefox/4.0.1"
113.210.108.18 - - [06/Jul/2021:06:15:21 -0400] "GET /xmlrpc.php HTTP/1.1" 405 5837 "-" "Mozilla/5.0 (X11; Linux i686; rv:2.0.1) Gecko/20100101 Firefox/4.0.1"
113.210.108.18 - - [06/Jul/2021:06:16:21 -0400] "POST /xmlrpc.php HTTP/1.1" 301 585 "-" "Mozilla/5.0 (X11; Linux i686; rv:2.0.1) Gecko/20100101 Firefox/4.0.1"
204.48.19.85 - - [06/Jul/2021:06:16:22 -0400] "POST /wp-cron.php?doing_wp_cron=1625566582.3872759342193603515625 HTTP/1.1" 200 6295 "https://ajhydell.com/wp-cron.php?doing_wp_cron=1625566582.3872759342193603515625" "WordPress/5.7.2; https://ajhydell.com"
113.210.108.18 - - [06/Jul/2021:06:16:22 -0400] "GET /xmlrpc.php HTTP/1.1" 405 5837 "-" "Mozilla/5.0 (X11; Linux i686; rv:2.0.1) Gecko/20100101 Firefox/4.0.1"
204.48.19.85 - - [06/Jul/2021:06:17:00 -0400] "POST /wp-cron.php?doing_wp_cron=1625566620.0337851047515869140625 HTTP/1.1" 200 6295 "https://ajhydell.com/wp-cron.php?doing_wp_cron=1625566620.0337851047515869140625" "WordPress/5.7.2; https://ajhydell.com"
207.46.13.151 - - [06/Jul/2021:06:16:59 -0400] "GET /2019/10/19/ HTTP/1.1" 200 18310 "-" "Mozilla/5.0 (compatible; bingbot/2.0; +http://www.bing.com/bingbot.htm)"
113.210.108.18 - - [06/Jul/2021:06:17:22 -0400] "POST /xmlrpc.php HTTP/1.1" 301 585 "-" "Mozilla/5.0 (X11; Linux i686; rv:2.0.1) Gecko/20100101 Firefox/4.0.1"
113.210.108.18 - - [06/Jul/2021:06:17:23 -0400] "GET /xmlrpc.php HTTP/1.1" 405 5837 "-" "Mozilla/5.0 (X11; Linux i686; rv:2.0.1) Gecko/20100101 Firefox/4.0.1"
113.210.108.18 - - [06/Jul/2021:06:18:23 -0400] "POST /xmlrpc.php HTTP/1.1" 301 585 "-" "Mozilla/5.0 (X11; Linux i686; rv:2.0.1) Gecko/20100101 Firefox/4.0.1"
204.48.19.85 - - [06/Jul/2021:06:18:24 -0400] "POST /wp-cron.php?doing_wp_cron=1625566704.4717528820037841796875 HTTP/1.1" 200 6295 "https://ajhydell.com/wp-cron.php?doing_wp_cron=1625566704.4717528820037841796875" "WordPress/5.7.2; https://ajhydell.com"
113.210.108.18 - - [06/Jul/2021:06:18:24 -0400] "GET /xmlrpc.php HTTP/1.1" 405 5837 "-" "Mozilla/5.0 (X11; Linux i686; rv:2.0.1) Gecko/20100101 Firefox/4.0.1"
113.210.108.18 - - [06/Jul/2021:06:19:24 -0400] "POST /xmlrpc.php HTTP/1.1" 301 585 "-" "Mozilla/5.0 (X11; Linux i686; rv:2.0.1) Gecko/20100101 Firefox/4.0.1"
204.48.19.85 - - [06/Jul/2021:06:19:25 -0400] "POST /wp-cron.php?doing_wp_cron=1625566765.9325120449066162109375 HTTP/1.1" 200 6295 "https://ajhydell.com/wp-cron.php?doing_wp_cron=1625566765.9325120449066162109375" "WordPress/5.7.2; https://ajhydell.com"
113.210.108.18 - - [06/Jul/2021:06:19:25 -0400] "GET /xmlrpc.php HTTP/1.1" 405 5837 "-" "Mozilla/5.0 (X11; Linux i686; rv:2.0.1) Gecko/20100101 Firefox/4.0.1"
213.180.203.138 - - [06/Jul/2021:06:19:43 -0400] "GET /sitemap.xml HTTP/1.1" 200 7203 "-" "Mozilla/5.0 (compatible; YandexBot/3.0; +http://yandex.com/bots)"
204.48.19.85 - - [06/Jul/2021:06:19:46 -0400] "POST /wp-cron.php?doing_wp_cron=1625566786.4855480194091796875000 HTTP/1.1" 200 6295 "https://ajhydell.com/wp-cron.php?doing_wp_cron=1625566786.4855480194091796875000" "WordPress/5.7.2; https://ajhydell.com"
213.180.203.138 - - [06/Jul/2021:06:19:46 -0400] "GET /sitemap_index.xml HTTP/1.1" 200 841 "-" "Mozilla/5.0 (compatible; YandexBot/3.0; +http://yandex.com/bots)"
113.210.108.18 - - [06/Jul/2021:06:20:25 -0400] "POST /xmlrpc.php HTTP/1.1" 301 585 "-" "Mozilla/5.0 (X11; Linux i686; rv:2.0.1) Gecko/20100101 Firefox/4.0.1"
113.210.108.18 - - [06/Jul/2021:06:20:26 -0400] "GET /xmlrpc.php HTTP/1.1" 405 5837 "-" "Mozilla/5.0 (X11; Linux i686; rv:2.0.1) Gecko/20100101 Firefox/4.0.1"
157.55.39.134 - - [06/Jul/2021:06:20:35 -0400] "GET /2021/03/25/if-you-talk-to-much-this-man-may-die-written-around-a-mirror-world-war-ii/ HTTP/1.1" 200 18758 "-" "Mozilla/5.0 (compatible; bingbot/2.0; +http://www.bing.com/bingbot.htm)"
66.249.70.110 - - [06/Jul/2021:06:21:12 -0400] "GET /robots.txt HTTP/1.1" 200 6517 "-" "Mozilla/5.0 (compatible; Googlebot/2.1; +http://www.google.com/bot.html)"
204.48.19.85 - - [06/Jul/2021:06:21:12 -0400] "POST /wp-cron.php?doing_wp_cron=1625566872.3663289546966552734375 HTTP/1.1" 200 6295 "https://ajhydell.com/wp-cron.php?doing_wp_cron=1625566872.3663289546966552734375" "WordPress/5.7.2; https://ajhydell.com"
66.249.70.110 - - [06/Jul/2021:06:21:12 -0400] "GET /feed/ HTTP/1.1" 200 8531 "-" "Mozilla/5.0 (compatible; Googlebot/2.1; +http://www.google.com/bot.html)"
113.210.108.18 - - [06/Jul/2021:06:21:26 -0400] "POST /xmlrpc.php HTTP/1.1" 301 585 "-" "Mozilla/5.0 (X11; Linux i686; rv:2.0.1) Gecko/20100101 Firefox/4.0.1"
113.210.108.18 - - [06/Jul/2021:06:21:27 -0400] "GET /xmlrpc.php HTTP/1.1" 405 5837 "-" "Mozilla/5.0 (X11; Linux i686; rv:2.0.1) Gecko/20100101 Firefox/4.0.1"
204.48.19.85 - - [06/Jul/2021:06:22:16 -0400] "POST /wp-cron.php?doing_wp_cron=1625566936.6377539634704589843750 HTTP/1.1" 200 6295 "https://ajhydell.com/wp-cron.php?doing_wp_cron=1625566936.6377539634704589843750" "WordPress/5.7.2; https://ajhydell.com"
17.121.112.243 - - [06/Jul/2021:06:22:16 -0400] "GET /2020/05/18/dr-seuss-propaganda-poster-date-1940s/ HTTP/1.1" 200 18339 "-" "Mozilla/5.0 (Macintosh; Intel Mac OS X 10_15_5) AppleWebKit/605.1.15 (KHTML, like Gecko) Version/13.1.1 Safari/605.1.15 (Applebot/0.1; +http://www.apple.com/go/applebot)"
113.210.108.18 - - [06/Jul/2021:06:22:27 -0400] "POST /xmlrpc.php HTTP/1.1" 301 585 "-" "Mozilla/5.0 (X11; Linux i686; rv:2.0.1) Gecko/20100101 Firefox/4.0.1"
113.210.108.18 - - [06/Jul/2021:06:22:28 -0400] "GET /xmlrpc.php HTTP/1.1" 405 5837 "-" "Mozilla/5.0 (X11; Linux i686; rv:2.0.1) Gecko/20100101 Firefox/4.0.1"
204.48.19.85 - - [06/Jul/2021:06:22:49 -0400] "POST /wp-cron.php?doing_wp_cron=1625566969.9823191165924072265625 HTTP/1.1" 200 6295 "https://ajhydell.com/wp-cron.php?doing_wp_cron=1625566969.9823191165924072265625" "WordPress/5.7.2; https://ajhydell.com"
66.249.70.114 - - [06/Jul/2021:06:22:49 -0400] "GET /feed/ HTTP/1.1" 200 8531 "-" "Mozilla/5.0 (compatible; Googlebot/2.1; +http://www.google.com/bot.html)"
113.210.108.18 - - [06/Jul/2021:06:23:28 -0400] "POST /xmlrpc.php HTTP/1.1" 301 585 "-" "Mozilla/5.0 (X11; Linux i686; rv:2.0.1) Gecko/20100101 Firefox/4.0.1"
204.48.19.85 - - [06/Jul/2021:06:23:29 -0400] "POST /wp-cron.php?doing_wp_cron=1625567009.9044570922851562500000 HTTP/1.1" 200 6295 "https://ajhydell.com/wp-cron.php?doing_wp_cron=1625567009.9044570922851562500000" "WordPress/5.7.2; https://ajhydell.com"
113.210.108.18 - - [06/Jul/2021:06:23:29 -0400] "GET /xmlrpc.php HTTP/1.1" 405 5837 "-" "Mozilla/5.0 (X11; Linux i686; rv:2.0.1) Gecko/20100101 Firefox/4.0.1"
93.186.9.71 - - [06/Jul/2021:06:24:22 -0400] "GET /wp-content/uploads/2020/09/picture-13.jpg HTTP/1.1" 200 260705 "https://www.bing.com/" "Mozilla/5.0 (Windows NT 10.0; Win64; x64) AppleWebKit/537.36 (KHTML, like Gecko) Chrome/91.0.4472.114 Safari/537.36 Edg/91.0.864.59"
113.210.108.18 - - [06/Jul/2021:06:24:29 -0400] "POST /xmlrpc.php HTTP/1.1" 301 585 "-" "Mozilla/5.0 (X11; Linux i686; rv:2.0.1) Gecko/20100101 Firefox/4.0.1"
204.48.19.85 - - [06/Jul/2021:06:24:30 -0400] "POST /wp-cron.php?doing_wp_cron=1625567070.4505119323730468750000 HTTP/1.1" 200 6295 "https://ajhydell.com/wp-cron.php?doing_wp_cron=1625567070.4505119323730468750000" "WordPress/5.7.2; https://ajhydell.com"
113.210.108.18 - - [06/Jul/2021:06:24:30 -0400] "GET /xmlrpc.php HTTP/1.1" 405 5837 "-" "Mozilla/5.0 (X11; Linux i686; rv:2.0.1) Gecko/20100101 Firefox/4.0.1"
93.186.9.71 - - [06/Jul/2021:06:24:42 -0400] "-" 408 6041 "-" "-"
204.48.19.85 - - [06/Jul/2021:06:24:49 -0400] "POST /wp-cron.php?doing_wp_cron=1625567089.1477909088134765625000 HTTP/1.1" 200 6295 "https://ajhydell.com/wp-cron.php?doing_wp_cron=1625567089.1477909088134765625000" "WordPress/5.7.2; https://ajhydell.com"
157.230.141.171 - - [06/Jul/2021:06:24:49 -0400] "GET /wp-login.php HTTP/1.1" 200 8605 "-" "Mozilla/5.0 (X11; Ubuntu; Linux x86_64; rv:62.0) Gecko/20100101 Firefox/62.0"
157.230.141.171 - - [06/Jul/2021:06:24:52 -0400] "POST /wp-login.php HTTP/1.1" 200 8697 "-" "Mozilla/5.0 (X11; Ubuntu; Linux x86_64; rv:62.0) Gecko/20100101 Firefox/62.0"
157.230.141.171 - - [06/Jul/2021:06:24:53 -0400] "POST /xmlrpc.php HTTP/1.1" 200 5852 "-" "Mozilla/5.0 (X11; Ubuntu; Linux x86_64; rv:62.0) Gecko/20100101 Firefox/62.0"
40.77.167.20 - - [06/Jul/2021:06:25:00 -0400] "GET /wp-content/uploads/2019/02/picture-26-768x1187.jpg HTTP/1.1" 200 217432 "-" "Mozilla/5.0 (compatible; bingbot/2.0; +http://www.bing.com/bingbot.htm)"
113.210.108.18 - - [06/Jul/2021:06:25:30 -0400] "POST /xmlrpc.php HTTP/1.1" 301 585 "-" "Mozilla/5.0 (X11; Linux i686; rv:2.0.1) Gecko/20100101 Firefox/4.0.1"
113.210.108.18 - - [06/Jul/2021:06:25:31 -0400] "GET /xmlrpc.php HTTP/1.1" 405 5837 "-" "Mozilla/5.0 (X11; Linux i686; rv:2.0.1) Gecko/20100101 Firefox/4.0.1"
5.255.253.148 - - [06/Jul/2021:06:25:35 -0400] "GET /sitemap-pt-post-2019-06.xml HTTP/1.1" 200 11526 "-" "Mozilla/5.0 (compatible; YandexBot/3.0; +http://yandex.com/bots)"
204.48.19.85 - - [06/Jul/2021:06:26:19 -0400] "POST /wp-cron.php?doing_wp_cron=1625567179.1365830898284912109375 HTTP/1.1" 200 6295 "https://ajhydell.com/wp-cron.php?doing_wp_cron=1625567179.1365830898284912109375" "WordPress/5.7.2; https://ajhydell.com"
17.121.113.85 - - [06/Jul/2021:06:26:18 -0400] "GET /2019/04/12/smoking-cyberman-1968-from-behind-the-scenes-of-the-1969-doctor-who-story-the-invasion-opinions-appreciated/ HTTP/1.1" 200 18662 "-" "Mozilla/5.0 (Macintosh; Intel Mac OS X 10_15_5) AppleWebKit/605.1.15 (KHTML, like Gecko) Version/13.1.1 Safari/605.1.15 (Applebot/0.1; +http://www.apple.com/go/applebot)"
157.55.39.57 - - [06/Jul/2021:06:26:30 -0400] "GET /2018/10/20/first-woman-to-go-into-space-valentina-tereshkova-in-1963-she-spent-almost-three-days-in-space-and-orbited-earth-48-times-in-her-space-capsule-vostok-6/ HTTP/1.1" 200 18965 "-" "Mozilla/5.0 (compatible; bingbot/2.0; +http://www.bing.com/bingbot.htm)"
113.210.108.18 - - [06/Jul/2021:06:26:31 -0400] "POST /xmlrpc.php HTTP/1.1" 301 585 "-" "Mozilla/5.0 (X11; Linux i686; rv:2.0.1) Gecko/20100101 Firefox/4.0.1"
113.210.108.18 - - [06/Jul/2021:06:26:32 -0400] "GET /xmlrpc.php HTTP/1.1" 405 5837 "-" "Mozilla/5.0 (X11; Linux i686; rv:2.0.1) Gecko/20100101 Firefox/4.0.1"
106.38.241.127 - - [06/Jul/2021:06:26:52 -0400] "-" 408 5562 "-" "-"
204.48.19.85 - - [06/Jul/2021:06:26:56 -0400] "POST /wp-cron.php?doing_wp_cron=1625567216.0068359375000000000000 HTTP/1.1" 200 6295 "https://ajhydell.com/wp-cron.php?doing_wp_cron=1625567216.0068359375000000000000" "WordPress/5.7.2; https://ajhydell.com"
17.121.115.172 - - [06/Jul/2021:06:26:55 -0400] "GET /2019/05/23/adolf-hitler-in-an-advertising-poster-of-his-book-mein-kampf-on-the-street-of-a-german-city-1925/ HTTP/1.1" 200 18472 "-" "Mozilla/5.0 (Macintosh; Intel Mac OS X 10_15_5) AppleWebKit/605.1.15 (KHTML, like Gecko) Version/13.1.1 Safari/605.1.15 (Applebot/0.1; +http://www.apple.com/go/applebot)"
113.210.108.18 - - [06/Jul/2021:06:27:32 -0400] "POST /xmlrpc.php HTTP/1.1" 301 585 "-" "Mozilla/5.0 (X11; Linux i686; rv:2.0.1) Gecko/20100101 Firefox/4.0.1"
113.210.108.18 - - [06/Jul/2021:06:27:33 -0400] "GET /xmlrpc.php HTTP/1.1" 405 5837 "-" "Mozilla/5.0 (X11; Linux i686; rv:2.0.1) Gecko/20100101 Firefox/4.0.1"
204.48.19.85 - - [06/Jul/2021:06:27:45 -0400] "POST /wp-cron.php?doing_wp_cron=1625567265.2559270858764648437500 HTTP/1.1" 200 6295 "https://ajhydell.com/wp-cron.php?doing_wp_cron=1625567265.2559270858764648437500" "WordPress/5.7.2; https://ajhydell.com"
17.121.115.72 - - [06/Jul/2021:06:27:45 -0400] "GET /2020/02/28/onesies-for-men-from-the-1970s/ HTTP/1.1" 200 18428 "-" "Mozilla/5.0 (Macintosh; Intel Mac OS X 10_15_5) AppleWebKit/605.1.15 (KHTML, like Gecko) Version/13.1.1 Safari/605.1.15 (Applebot/0.1; +http://www.apple.com/go/applebot)"
207.46.13.80 - - [06/Jul/2021:06:28:33 -0400] "GET /wp-content/uploads/2018/09/picture-105.jpg HTTP/1.1" 200 136801 "-" "Mozilla/5.0 (compatible; bingbot/2.0; +http://www.bing.com/bingbot.htm)"
113.210.108.18 - - [06/Jul/2021:06:28:33 -0400] "POST /xmlrpc.php HTTP/1.1" 301 585 "-" "Mozilla/5.0 (X11; Linux i686; rv:2.0.1) Gecko/20100101 Firefox/4.0.1"
113.210.108.18 - - [06/Jul/2021:06:28:34 -0400] "GET /xmlrpc.php HTTP/1.1" 405 5837 "-" "Mozilla/5.0 (X11; Linux i686; rv:2.0.1) Gecko/20100101 Firefox/4.0.1"
216.244.66.250 - - [06/Jul/2021:06:29:20 -0400] "GET /robots.txt HTTP/1.1" 301 529 "-" "Mozilla/5.0 (compatible; DotBot/1.2; +https://opensiteexplorer.org/dotbot; help@moz.com)"
204.48.19.85 - - [06/Jul/2021:06:29:20 -0400] "POST /wp-cron.php?doing_wp_cron=1625567360.4965519905090332031250 HTTP/1.1" 200 6295 "https://ajhydell.com/wp-cron.php?doing_wp_cron=1625567360.4965519905090332031250" "WordPress/5.7.2; https://ajhydell.com"
216.244.66.250 - - [06/Jul/2021:06:29:20 -0400] "GET /robots.txt HTTP/1.1" 200 5859 "-" "Mozilla/5.0 (compatible; DotBot/1.2; +https://opensiteexplorer.org/dotbot; help@moz.com)"
113.210.108.18 - - [06/Jul/2021:06:29:34 -0400] "POST /xmlrpc.php HTTP/1.1" 301 585 "-" "Mozilla/5.0 (X11; Linux i686; rv:2.0.1) Gecko/20100101 Firefox/4.0.1"
113.210.108.18 - - [06/Jul/2021:06:29:35 -0400] "GET /xmlrpc.php HTTP/1.1" 405 5837 "-" "Mozilla/5.0 (X11; Linux i686; rv:2.0.1) Gecko/20100101 Firefox/4.0.1"
204.48.19.85 - - [06/Jul/2021:06:30:19 -0400] "POST /wp-cron.php?doing_wp_cron=1625567419.1451940536499023437500 HTTP/1.1" 200 6295 "https://ajhydell.com/wp-cron.php?doing_wp_cron=1625567419.1451940536499023437500" "WordPress/5.7.2; https://ajhydell.com"
5.102.173.71 - - [06/Jul/2021:06:30:19 -0400] "GET /robots.txt HTTP/1.1" 200 6055 "-" "Mozilla/5.0 (compatible; MojeekBot/0.10; +https://www.mojeek.com/bot.html)"
5.102.173.71 - - [06/Jul/2021:06:30:19 -0400] "GET / HTTP/1.1" 200 14699 "-" "Mozilla/5.0 (compatible; MojeekBot/0.10; +https://www.mojeek.com/bot.html)"
113.210.108.18 - - [06/Jul/2021:06:30:35 -0400] "POST /xmlrpc.php HTTP/1.1" 301 585 "-" "Mozilla/5.0 (X11; Linux i686; rv:2.0.1) Gecko/20100101 Firefox/4.0.1"
113.210.108.18 - - [06/Jul/2021:06:30:36 -0400] "GET /xmlrpc.php HTTP/1.1" 405 5837 "-" "Mozilla/5.0 (X11; Linux i686; rv:2.0.1) Gecko/20100101 Firefox/4.0.1"
157.55.39.57 - - [06/Jul/2021:06:31:13 -0400] "GET /wp-content/uploads/2019/08/picture-48.jpg HTTP/1.1" 200 568725 "-" "Mozilla/5.0 (compatible; bingbot/2.0; +http://www.bing.com/bingbot.htm)"
113.210.108.18 - - [06/Jul/2021:06:31:36 -0400] "POST /xmlrpc.php HTTP/1.1" 301 585 "-" "Mozilla/5.0 (X11; Linux i686; rv:2.0.1) Gecko/20100101 Firefox/4.0.1"
204.48.19.85 - - [06/Jul/2021:06:31:37 -0400] "POST /wp-cron.php?doing_wp_cron=1625567497.3846769332885742187500 HTTP/1.1" 200 6295 "https://ajhydell.com/wp-cron.php?doing_wp_cron=1625567497.3846769332885742187500" "WordPress/5.7.2; https://ajhydell.com"
113.210.108.18 - - [06/Jul/2021:06:31:37 -0400] "GET /xmlrpc.php HTTP/1.1" 405 5837 "-" "Mozilla/5.0 (X11; Linux i686; rv:2.0.1) Gecko/20100101 Firefox/4.0.1"
207.46.13.96 - - [06/Jul/2021:06:31:46 -0400] "GET /wp-content/uploads/2020/04/picture-17-736x1024.jpg HTTP/1.1" 200 216979 "-" "Mozilla/5.0 (compatible; bingbot/2.0; +http://www.bing.com/bingbot.htm)"
204.48.19.85 - - [06/Jul/2021:06:31:59 -0400] "POST /wp-cron.php?doing_wp_cron=1625567519.0175249576568603515625 HTTP/1.1" 200 6295 "https://ajhydell.com/wp-cron.php?doing_wp_cron=1625567519.0175249576568603515625" "WordPress/5.7.2; https://ajhydell.com"
