40.77.167.20 - - [28/Jun/2021:08:29:30 -0400] "GET /2019/02/25/cleaning-women-washing-a-crucifix-1938-665x597/ HTTP/1.1" 200 17753 "-" "Mozilla/5.0 (compatible; bingbot/2.0; +http://www.bing.com/bingbot.htm)"
204.48.19.85 - - [28/Jun/2021:08:29:48 -0400] "POST /wp-cron.php?doing_wp_cron=1624883388.3637120723724365234375 HTTP/1.1" 200 5463 "https://ajhydell.com/wp-cron.php?doing_wp_cron=1624883388.3637120723724365234375" "WordPress/5.7.2; https://ajhydell.com"
34.94.247.253 - - [28/Jun/2021:08:29:48 -0400] "GET /wp-login.php HTTP/1.1" 200 7772 "-" "Mozilla/5.0 (X11; Ubuntu; Linux x86_64; rv:62.0) Gecko/20100101 Firefox/62.0"
34.94.247.253 - - [28/Jun/2021:08:29:49 -0400] "POST /wp-login.php HTTP/1.1" 200 7863 "-" "Mozilla/5.0 (X11; Ubuntu; Linux x86_64; rv:62.0) Gecko/20100101 Firefox/62.0"
34.94.247.253 - - [28/Jun/2021:08:29:49 -0400] "POST /xmlrpc.php HTTP/1.1" 200 5020 "-" "Mozilla/5.0 (X11; Ubuntu; Linux x86_64; rv:62.0) Gecko/20100101 Firefox/62.0"
54.36.149.36 - - [28/Jun/2021:08:29:52 -0400] "GET /2020/04/19/our-liberators-nazi-germany-1944/ HTTP/1.1" 200 18249 "-" "Mozilla/5.0 (compatible; AhrefsBot/7.0; +http://ahrefs.com/robot/)"
185.191.171.15 - - [28/Jun/2021:08:30:11 -0400] "GET /2020/03/28/cover-up-coughs-and-sneezes-spread-diseases-cover-up-nw-pa-tb-health-society-usa-1940s/ HTTP/1.1" 200 18096 "-" "Mozilla/5.0 (compatible; SemrushBot/7~bl; +http://www.semrush.com/bot.html)"
204.48.19.85 - - [28/Jun/2021:08:30:54 -0400] "POST /wp-cron.php?doing_wp_cron=1624883454.4078409671783447265625 HTTP/1.1" 200 5463 "https://ajhydell.com/wp-cron.php?doing_wp_cron=1624883454.4078409671783447265625" "WordPress/5.7.2; https://ajhydell.com"
185.191.171.36 - - [28/Jun/2021:08:30:54 -0400] "GET /2018/09/05/ HTTP/1.1" 200 17781 "-" "Mozilla/5.0 (compatible; SemrushBot/7~bl; +http://www.semrush.com/bot.html)"
157.55.39.136 - - [28/Jun/2021:08:31:22 -0400] "GET /wp-content/uploads/2020/02/picture-75-1536x1014.jpg HTTP/1.1" 200 2223569 "-" "Mozilla/5.0 (compatible; bingbot/2.0; +http://www.bing.com/bingbot.htm)"
70.172.3.18 - - [28/Jun/2021:08:32:34 -0400] "GET /wp-content/uploads/2018/12/picture-80.jpg HTTP/1.1" 200 1400177 "https://www.google.com/" "Mozilla/5.0 (Windows NT 10.0; Win64; x64) AppleWebKit/537.36 (KHTML, like Gecko) Chrome/91.0.4472.124 Safari/537.36"
207.46.13.151 - - [28/Jun/2021:08:33:18 -0400] "GET /wp-content/uploads/2019/12/picture-22.jpg HTTP/1.1" 200 1691946 "-" "Mozilla/5.0 (compatible; bingbot/2.0; +http://www.bing.com/bingbot.htm)"
204.48.19.85 - - [28/Jun/2021:08:33:26 -0400] "POST /wp-cron.php?doing_wp_cron=1624883606.2574319839477539062500 HTTP/1.1" 200 5463 "https://ajhydell.com/wp-cron.php?doing_wp_cron=1624883606.2574319839477539062500" "WordPress/5.7.2; https://ajhydell.com"
54.36.149.17 - - [28/Jun/2021:08:33:25 -0400] "GET /2020/06/14/russian-nurse-russia-world-war-ii/ HTTP/1.1" 200 18112 "-" "Mozilla/5.0 (compatible; AhrefsBot/7.0; +http://ahrefs.com/robot/)"
204.48.19.85 - - [28/Jun/2021:08:34:58 -0400] "POST /wp-cron.php?doing_wp_cron=1624883698.7880320549011230468750 HTTP/1.1" 200 5463 "https://ajhydell.com/wp-cron.php?doing_wp_cron=1624883698.7880320549011230468750" "WordPress/5.7.2; https://ajhydell.com"
207.46.13.96 - - [28/Jun/2021:08:34:58 -0400] "GET /2020/12/21/we-promise-that-you-wont-use-the-commodore-64-more-than-24-hours-a-day-1985/ HTTP/1.1" 200 17840 "-" "Mozilla/5.0 (compatible; bingbot/2.0; +http://www.bing.com/bingbot.htm)"
207.46.13.80 - - [28/Jun/2021:08:35:02 -0400] "GET /2020/09/page/3/ HTTP/1.1" 200 18809 "-" "Mozilla/5.0 (compatible; bingbot/2.0; +http://www.bing.com/bingbot.htm)"
204.48.19.85 - - [28/Jun/2021:08:36:56 -0400] "POST /wp-cron.php?doing_wp_cron=1624883816.2983798980712890625000 HTTP/1.1" 200 5463 "https://ajhydell.com/wp-cron.php?doing_wp_cron=1624883816.2983798980712890625000" "WordPress/5.7.2; https://ajhydell.com"
54.36.149.36 - - [28/Jun/2021:08:36:55 -0400] "GET /2020/04/29/german-newspaper-from-1890-advertising-high-quality-combs-that-apparently-are-strong-enough-to-be-used-as-saws/ HTTP/1.1" 200 18393 "-" "Mozilla/5.0 (compatible; AhrefsBot/7.0; +http://ahrefs.com/robot/)"
204.48.19.85 - - [28/Jun/2021:08:39:14 -0400] "POST /wp-cron.php?doing_wp_cron=1624883953.9960639476776123046875 HTTP/1.1" 200 5463 "https://ajhydell.com/wp-cron.php?doing_wp_cron=1624883953.9960639476776123046875" "WordPress/5.7.2; https://ajhydell.com"
207.46.13.22 - - [28/Jun/2021:08:39:13 -0400] "GET / HTTP/1.1" 200 19223 "-" "Mozilla/5.0 (compatible; bingbot/2.0; +http://www.bing.com/bingbot.htm)"
204.48.19.85 - - [28/Jun/2021:08:40:24 -0400] "POST /wp-cron.php?doing_wp_cron=1624884024.7492079734802246093750 HTTP/1.1" 200 5463 "https://ajhydell.com/wp-cron.php?doing_wp_cron=1624884024.7492079734802246093750" "WordPress/5.7.2; https://ajhydell.com"
207.46.13.80 - - [28/Jun/2021:08:40:24 -0400] "GET /2020/09/06/no-title-russia-1980s/ HTTP/1.1" 200 17755 "-" "Mozilla/5.0 (compatible; bingbot/2.0; +http://www.bing.com/bingbot.htm)"
54.36.149.36 - - [28/Jun/2021:08:40:29 -0400] "GET /2020/05/01/german-soldiers-lead-jewish-civilians-out-of-the-warsaw-ghetto-during-the-uprising-19th-april-1944/ HTTP/1.1" 200 18347 "-" "Mozilla/5.0 (compatible; AhrefsBot/7.0; +http://ahrefs.com/robot/)"
185.191.171.6 - - [28/Jun/2021:08:40:40 -0400] "GET /2019/06/26/ HTTP/1.1" 200 17736 "-" "Mozilla/5.0 (compatible; SemrushBot/7~bl; +http://www.semrush.com/bot.html)"
204.48.19.85 - - [28/Jun/2021:08:41:39 -0400] "POST /wp-cron.php?doing_wp_cron=1624884099.4943370819091796875000 HTTP/1.1" 200 5463 "https://ajhydell.com/wp-cron.php?doing_wp_cron=1624884099.4943370819091796875000" "WordPress/5.7.2; https://ajhydell.com"
207.46.13.11 - - [28/Jun/2021:08:41:39 -0400] "GET /2021/06/28/knox-gelatine-1938/ HTTP/1.1" 200 17655 "-" "Mozilla/5.0 (compatible; bingbot/2.0; +http://www.bing.com/bingbot.htm)"
40.77.139.39 - - [28/Jun/2021:08:41:42 -0400] "GET /wp-includes/js/jquery/jquery-migrate.min.js?ver=3.3.2 HTTP/1.1" 200 9869 "https://ajhydell.com/2021/06/28/knox-gelatine-1938/" "Mozilla/5.0 (Windows NT 6.1; WOW64) AppleWebKit/534+ (KHTML, like Gecko) BingPreview/1.0b"
40.77.139.39 - - [28/Jun/2021:08:41:42 -0400] "GET /wp-content/themes/royal-magazine/js/skip-link-focus-fix.js?ver=20151215 HTTP/1.1" 200 6134 "https://ajhydell.com/2021/06/28/knox-gelatine-1938/" "Mozilla/5.0 (Windows NT 6.1; WOW64) AppleWebKit/534+ (KHTML, like Gecko) BingPreview/1.0b"
40.77.139.39 - - [28/Jun/2021:08:41:42 -0400] "GET /wp-content/plugins/wp-smushit/app/assets/js/smush-lazy-load.min.js?ver=3.8.5 HTTP/1.1" 200 9384 "https://ajhydell.com/2021/06/28/knox-gelatine-1938/" "Mozilla/5.0 (Windows NT 6.1; WOW64) AppleWebKit/534+ (KHTML, like Gecko) BingPreview/1.0b"
40.77.139.39 - - [28/Jun/2021:08:41:42 -0400] "GET /wp-content/themes/royal-magazine/assets/twp/js/custom-script.js?ver=5.7.2 HTTP/1.1" 200 8205 "https://ajhydell.com/2021/06/28/knox-gelatine-1938/" "Mozilla/5.0 (Windows NT 6.1; WOW64) AppleWebKit/534+ (KHTML, like Gecko) BingPreview/1.0b"
40.77.139.39 - - [28/Jun/2021:08:41:42 -0400] "GET /wp-content/themes/royal-magazine/assets/libraries/slick/js/slick.min.js?ver=5.7.2 HTTP/1.1" 200 15900 "https://ajhydell.com/2021/06/28/knox-gelatine-1938/" "Mozilla/5.0 (Windows NT 6.1; WOW64) AppleWebKit/534+ (KHTML, like Gecko) BingPreview/1.0b"
40.77.139.39 - - [28/Jun/2021:08:41:42 -0400] "GET /wp-content/plugins/add-expires-headers/cache/0/com/processed-header-f16a8d323e83e1bc1b76514e283fb81b7090a959.min.css HTTP/1.1" 200 57981 "https://ajhydell.com/2021/06/28/knox-gelatine-1938/" "Mozilla/5.0 (Windows NT 6.1; WOW64) AppleWebKit/534+ (KHTML, like Gecko) BingPreview/1.0b"
40.77.139.39 - - [28/Jun/2021:08:41:42 -0400] "GET /wp-includes/js/wp-embed.min.js?ver=5.7.2 HTTP/1.1" 200 1209 "https://ajhydell.com/2021/06/28/knox-gelatine-1938/" "Mozilla/5.0 (Windows NT 6.1; WOW64) AppleWebKit/534+ (KHTML, like Gecko) BingPreview/1.0b"
40.77.139.39 - - [28/Jun/2021:08:41:42 -0400] "GET /wp-content/plugins/facebook-pagelike-widget/fb.js?ver=1.0 HTTP/1.1" 200 810 "https://ajhydell.com/2021/06/28/knox-gelatine-1938/" "Mozilla/5.0 (Windows NT 6.1; WOW64) AppleWebKit/534+ (KHTML, like Gecko) BingPreview/1.0b"
40.77.139.39 - - [28/Jun/2021:08:41:42 -0400] "GET /wp-includes/js/wp-emoji-release.min.js?ver=5.7.2 HTTP/1.1" 200 5152 "https://ajhydell.com/2021/06/28/knox-gelatine-1938/" "Mozilla/5.0 (Windows NT 6.1; WOW64) AppleWebKit/534+ (KHTML, like Gecko) BingPreview/1.0b"
207.46.13.1 - - [28/Jun/2021:08:41:44 -0400] "GET /2021/06/28/battle-of-seelow-hights/ HTTP/1.1" 200 17396 "-" "Mozilla/5.0 (compatible; bingbot/2.0; +http://www.bing.com/bingbot.htm)"
204.48.19.85 - - [28/Jun/2021:08:41:47 -0400] "POST /wp-cron.php?doing_wp_cron=1624884107.8337390422821044921875 HTTP/1.1" 200 5463 "https://ajhydell.com/wp-cron.php?doing_wp_cron=1624884107.8337390422821044921875" "WordPress/5.7.2; https://ajhydell.com"
40.77.139.39 - - [28/Jun/2021:08:41:47 -0400] "GET /?wordfence_lh=1&hid=D424E3A226DF5449409D96AD095F592F&r=0.10283045954883718 HTTP/1.1" 200 347 "https://ajhydell.com/2021/06/28/knox-gelatine-1938/" "Mozilla/5.0 (Windows NT 6.1; WOW64) AppleWebKit/534+ (KHTML, like Gecko) BingPreview/1.0b"
207.46.13.96 - - [28/Jun/2021:08:41:49 -0400] "GET /robots.txt HTTP/1.1" 301 353 "-" "Mozilla/5.0 (compatible; bingbot/2.0; +http://www.bing.com/bingbot.htm)"
40.77.191.236 - - [28/Jun/2021:08:41:50 -0400] "GET /?wordfence_lh=1&hid=03A9A79F1C9DBBD8A0B0D02034509EDB&r=0.3962220206752032 HTTP/1.1" 200 5556 "https://ajhydell.com/2021/06/28/battle-of-seelow-hights/" "Mozilla/5.0 (Windows NT 6.1; WOW64) AppleWebKit/534+ (KHTML, like Gecko) BingPreview/1.0b"
207.46.13.96 - - [28/Jun/2021:08:41:50 -0400] "GET /robots.txt HTTP/1.1" 200 5262 "-" "Mozilla/5.0 (compatible; bingbot/2.0; +http://www.bing.com/bingbot.htm)"
207.46.13.1 - - [28/Jun/2021:08:42:21 -0400] "GET /wp-content/uploads/2021/06/picture-136.jpg HTTP/1.1" 200 80775 "-" "Mozilla/5.0 (compatible; bingbot/2.0; +http://www.bing.com/bingbot.htm)"
5.255.231.130 - - [28/Jun/2021:08:42:28 -0400] "GET /wp-content/uploads/2020/05/picture-5-scaled.jpg HTTP/1.1" 200 804630 "-" "Mozilla/5.0 (compatible; YandexImages/3.0; +http://yandex.com/bots)"
40.77.167.31 - - [28/Jun/2021:08:42:36 -0400] "GET /wp-content/uploads/2021/06/picture-137-768x485.jpg HTTP/1.1" 200 62832 "-" "Mozilla/5.0 (compatible; bingbot/2.0; +http://www.bing.com/bingbot.htm)"
207.46.13.1 - - [28/Jun/2021:08:42:41 -0400] "GET /wp-content/uploads/2021/06/picture-137.jpg HTTP/1.1" 200 64023 "-" "Mozilla/5.0 (compatible; bingbot/2.0; +http://www.bing.com/bingbot.htm)"
204.48.19.85 - - [28/Jun/2021:08:43:17 -0400] "POST /wp-cron.php?doing_wp_cron=1624884197.0453579425811767578125 HTTP/1.1" 200 5463 "https://ajhydell.com/wp-cron.php?doing_wp_cron=1624884197.0453579425811767578125" "WordPress/5.7.2; https://ajhydell.com"
50.62.57.15 - - [28/Jun/2021:08:43:16 -0400] "GET /wp-login.php HTTP/1.1" 200 7773 "-" "Mozilla/5.0 (X11; Ubuntu; Linux x86_64; rv:62.0) Gecko/20100101 Firefox/62.0"
50.62.57.15 - - [28/Jun/2021:08:43:18 -0400] "POST /wp-login.php HTTP/1.1" 200 7861 "-" "Mozilla/5.0 (X11; Ubuntu; Linux x86_64; rv:62.0) Gecko/20100101 Firefox/62.0"
50.62.57.15 - - [28/Jun/2021:08:43:18 -0400] "POST /xmlrpc.php HTTP/1.1" 200 5020 "-" "Mozilla/5.0 (X11; Ubuntu; Linux x86_64; rv:62.0) Gecko/20100101 Firefox/62.0"
204.48.19.85 - - [28/Jun/2021:08:43:46 -0400] "POST /wp-cron.php?doing_wp_cron=1624884226.1160900592803955078125 HTTP/1.1" 200 5463 "https://ajhydell.com/wp-cron.php?doing_wp_cron=1624884226.1160900592803955078125" "WordPress/5.7.2; https://ajhydell.com"
54.36.148.230 - - [28/Jun/2021:08:43:45 -0400] "GET /2020/06/19/moscow-nest-of-bolshevism-is-in-german-hands-german-poster-in-occupied-poland-1941/ HTTP/1.1" 200 18226 "-" "Mozilla/5.0 (compatible; AhrefsBot/7.0; +http://ahrefs.com/robot/)"
188.68.216.226 - - [28/Jun/2021:08:44:08 -0400] "GET /wp-login.php HTTP/1.0" 302 306 "http://ajhydell.com/wp-login.php" "Mozilla/5.0 (Windows NT 6.3; Win64; x64) AppleWebKit/537.36 (KHTML, like Gecko) Chrome/83.0.4103.44 Safari/537.36"
5.188.119.3 - - [28/Jun/2021:08:44:08 -0400] "GET /wp-login.php HTTP/1.0" 302 306 "http://ajhydell.com/wp-login.php" "Mozilla/5.0 (Windows NT 10.0; Win64; x64) AppleWebKit/537.36 (KHTML, like Gecko) Chrome/83.0.4093.3 Safari/537.36"
188.68.216.226 - - [28/Jun/2021:08:44:08 -0400] "GET /wp-login.php HTTP/1.0" 200 14532 "https://ajhydell.com/wp-login.php" "Mozilla/5.0 (Windows NT 6.3; Win64; x64) AppleWebKit/537.36 (KHTML, like Gecko) Chrome/83.0.4103.44 Safari/537.36"
5.188.119.3 - - [28/Jun/2021:08:44:09 -0400] "GET /wp-login.php HTTP/1.0" 200 14532 "https://ajhydell.com/wp-login.php" "Mozilla/5.0 (Windows NT 10.0; Win64; x64) AppleWebKit/537.36 (KHTML, like Gecko) Chrome/83.0.4093.3 Safari/537.36"
54.38.42.20 - - [28/Jun/2021:08:44:44 -0400] "GET /wp-content/uploads/2021/01/picture-112.jpg HTTP/1.1" 200 1628686 "-" "-"
204.48.19.85 - - [28/Jun/2021:08:45:50 -0400] "POST /wp-cron.php?doing_wp_cron=1624884350.4513928890228271484375 HTTP/1.1" 200 5463 "https://ajhydell.com/wp-cron.php?doing_wp_cron=1624884350.4513928890228271484375" "WordPress/5.7.2; https://ajhydell.com"
40.77.167.20 - - [28/Jun/2021:08:45:50 -0400] "GET /2020/09/21/ad-for-goobers-ragtime-in-plattsburgh-ny-september-11-1980/ HTTP/1.1" 200 17821 "-" "Mozilla/5.0 (compatible; bingbot/2.0; +http://www.bing.com/bingbot.htm)"
147.135.219.225 - - [28/Jun/2021:08:46:54 -0400] "GET /wp-content/uploads/2020/05/picture-54.jpg HTTP/1.1" 200 371094 "-" "-"
54.37.22.167 - - [28/Jun/2021:08:46:55 -0400] "GET /wp-content/uploads/2021/02/picture-91.jpg HTTP/1.1" 200 439421 "-" "-"
204.48.19.85 - - [28/Jun/2021:08:46:57 -0400] "POST /wp-cron.php?doing_wp_cron=1624884417.9364318847656250000000 HTTP/1.1" 200 5463 "https://ajhydell.com/wp-cron.php?doing_wp_cron=1624884417.9364318847656250000000" "WordPress/5.7.2; https://ajhydell.com"
54.36.149.19 - - [28/Jun/2021:08:46:57 -0400] "GET /2020/05/07/sally-mann-candy-cigarette-1989/ HTTP/1.1" 200 18083 "-" "Mozilla/5.0 (compatible; AhrefsBot/7.0; +http://ahrefs.com/robot/)"
185.191.171.44 - - [28/Jun/2021:08:47:02 -0400] "GET /2020/11/04/czechoslovak-paratroopers-during-sillent-killing-soe-combat-training-scotland-sts-special-training-school-25-940x768/ HTTP/1.1" 200 18241 "-" "Mozilla/5.0 (compatible; SemrushBot/7~bl; +http://www.semrush.com/bot.html)"
54.39.177.92 - - [28/Jun/2021:08:47:02 -0400] "GET /feed/ HTTP/1.1" 200 6737 "-" "Mozilla/5.0 (compatible; YaK/1.0; http://linkfluence.com/; bot@linkfluence.com)"
54.39.177.173 - - [28/Jun/2021:08:47:04 -0400] "GET /2021/06/28/knox-gelatine-1938/ HTTP/1.1" 200 17405 "-" "Mozilla/5.0 (compatible; YaK/1.0; http://linkfluence.com/; bot@linkfluence.com)"
54.39.177.173 - - [28/Jun/2021:08:47:05 -0400] "GET /2021/06/28/battle-of-seelow-hights/ HTTP/1.1" 200 12607 "-" "Mozilla/5.0 (compatible; YaK/1.0; http://linkfluence.com/; bot@linkfluence.com)"
54.37.22.167 - - [28/Jun/2021:08:47:14 -0400] "GET /wp-content/uploads/2021/01/picture-89.jpg HTTP/1.1" 200 393939 "-" "-"
54.37.22.167 - - [28/Jun/2021:08:47:34 -0400] "GET /wp-content/uploads/2020/10/picture-129.jpg HTTP/1.1" 200 401077 "-" "-"
66.249.79.16 - - [28/Jun/2021:08:49:05 -0400] "GET /wp-content/uploads/2021/06/picture-59.jpg HTTP/1.1" 200 204908 "-" "Googlebot-Image/1.0"
157.55.39.22 - - [28/Jun/2021:08:49:53 -0400] "GET /wp-content/uploads/2018/09/picture-112.jpg HTTP/1.1" 200 208388 "-" "Mozilla/5.0 (compatible; bingbot/2.0; +http://www.bing.com/bingbot.htm)"
207.46.13.22 - - [28/Jun/2021:08:50:01 -0400] "GET /wp-content/uploads/2019/10/picture-35-799x1024.jpg HTTP/1.1" 200 174990 "-" "Mozilla/5.0 (compatible; bingbot/2.0; +http://www.bing.com/bingbot.htm)"
204.48.19.85 - - [28/Jun/2021:08:50:10 -0400] "POST /wp-cron.php?doing_wp_cron=1624884610.4920420646667480468750 HTTP/1.1" 200 5463 "https://ajhydell.com/wp-cron.php?doing_wp_cron=1624884610.4920420646667480468750" "WordPress/5.7.2; https://ajhydell.com"
54.36.149.91 - - [28/Jun/2021:08:50:10 -0400] "GET /2021/06/13/1892-logging-family-with-a-1300-year-old-tree1080x1260/ HTTP/1.1" 200 18043 "-" "Mozilla/5.0 (compatible; AhrefsBot/7.0; +http://ahrefs.com/robot/)"
113.31.114.242 - - [28/Jun/2021:08:50:26 -0400] "GET / HTTP/1.1" 301 343 "-" "Dalvik/2.1.0 (Linux; U; Android 7.0; ZTE BA520 Build/MRA58K)"
113.31.114.242 - - [28/Jun/2021:08:50:27 -0400] "GET / HTTP/1.1" 200 19694 "-" "Dalvik/2.1.0 (Linux; U; Android 7.0; ZTE BA520 Build/MRA58K)"
5.255.231.130 - - [28/Jun/2021:08:50:41 -0400] "GET /2019/07/23/the-italian-royal-family-in-a-photo-taken-in-june-1922-2000-x-1317/ HTTP/1.1" 200 18282 "-" "Mozilla/5.0 (compatible; YandexBot/3.0; +http://yandex.com/bots)"
157.55.39.57 - - [28/Jun/2021:08:50:43 -0400] "GET /wp-content/uploads/2019/05/picture-28-211x300.jpg HTTP/1.1" 200 30286 "-" "Mozilla/5.0 (compatible; bingbot/2.0; +http://www.bing.com/bingbot.htm)"
204.48.19.85 - - [28/Jun/2021:08:51:32 -0400] "POST /wp-cron.php?doing_wp_cron=1624884692.0703999996185302734375 HTTP/1.1" 200 5463 "https://ajhydell.com/wp-cron.php?doing_wp_cron=1624884692.0703999996185302734375" "WordPress/5.7.2; https://ajhydell.com"
5.255.231.130 - - [28/Jun/2021:08:51:31 -0400] "GET /wp-json/oembed/1.0/embed?url=https%3A%2F%2Fajhydell.com%2F2019%2F07%2F23%2Fthe-italian-royal-family-in-a-photo-taken-in-june-1922-2000-x-1317%2F HTTP/1.1" 200 8419 "-" "Mozilla/5.0 (compatible; YandexBot/3.0; +http://yandex.com/bots)"
207.46.13.96 - - [28/Jun/2021:08:51:31 -0400] "GET /wp-content/uploads/2018/08/picture-123.jpg HTTP/1.1" 200 2337038 "-" "Mozilla/5.0 (compatible; bingbot/2.0; +http://www.bing.com/bingbot.htm)"
5.255.231.130 - - [28/Jun/2021:08:51:34 -0400] "GET /wp-json/wp/v2/posts/3415 HTTP/1.1" 200 2865 "-" "Mozilla/5.0 (compatible; YandexBot/3.0; +http://yandex.com/bots)"
5.255.231.130 - - [28/Jun/2021:08:51:37 -0400] "GET /2019/07/23/ HTTP/1.1" 200 12496 "-" "Mozilla/5.0 (compatible; YandexBot/3.0; +http://yandex.com/bots)"
5.255.231.130 - - [28/Jun/2021:08:51:39 -0400] "GET /2021/06/28/battle-of-seelow-hights/ HTTP/1.1" 200 12636 "-" "Mozilla/5.0 (compatible; YandexBot/3.0; +http://yandex.com/bots)"
5.255.231.130 - - [28/Jun/2021:08:51:42 -0400] "GET /?p=3415 HTTP/1.1" 301 487 "-" "Mozilla/5.0 (compatible; YandexBot/3.0; +http://yandex.com/bots)"
204.48.19.85 - - [28/Jun/2021:08:51:46 -0400] "POST /wp-cron.php?doing_wp_cron=1624884706.8990349769592285156250 HTTP/1.1" 200 5463 "https://ajhydell.com/wp-cron.php?doing_wp_cron=1624884706.8990349769592285156250" "WordPress/5.7.2; https://ajhydell.com"
5.45.207.145 - - [28/Jun/2021:08:51:46 -0400] "GET /2019/07/23/the-italian-royal-family-in-a-photo-taken-in-june-1922-2000-x-1317/ HTTP/1.1" 200 18280 "-" "Mozilla/5.0 (compatible; YandexBot/3.0; +http://yandex.com/bots)"
5.45.207.145 - - [28/Jun/2021:08:51:48 -0400] "GET /2019/07/23/the-italian-royal-family-in-a-photo-taken-in-june-1922-2000-x-1317/feed/ HTTP/1.1" 200 1201 "-" "Mozilla/5.0 (compatible; YandexBot/3.0; +http://yandex.com/bots)"
5.45.207.145 - - [28/Jun/2021:08:51:50 -0400] "GET /wp-json/oembed/1.0/embed?url=https%3A%2F%2Fajhydell.com%2F2019%2F07%2F23%2Fthe-italian-royal-family-in-a-photo-taken-in-june-1922-2000-x-1317%2F&format=xml HTTP/1.1" 200 1930 "-" "Mozilla/5.0 (compatible; YandexBot/3.0; +http://yandex.com/bots)"
185.191.171.5 - - [28/Jun/2021:08:51:56 -0400] "GET /2021/02/16/burger-king-personal-radio-with-headphones-12-95-sold-only-at-radio-shack-1985/ HTTP/1.1" 200 18336 "-" "Mozilla/5.0 (compatible; SemrushBot/7~bl; +http://www.semrush.com/bot.html)"
52.90.127.111 - - [28/Jun/2021:08:51:57 -0400] "HEAD / HTTP/1.1" 200 4883 "-" "scalaj-http/2.4.2"
52.90.127.111 - - [28/Jun/2021:08:51:57 -0400] "GET / HTTP/1.1" 200 19098 "-" "Buck/2.2; (+https://app.hypefactors.com/media-monitoring/about.html)"
52.90.127.111 - - [28/Jun/2021:08:51:59 -0400] "GET /robots.txt HTTP/1.1" 200 5069 "-" "Buck/2.2; (+https://app.hypefactors.com/media-monitoring/about.html)"
52.90.127.111 - - [28/Jun/2021:08:52:38 -0400] "GET /feed/ HTTP/1.1" 200 7095 "-" "Buck/2.2; (+https://app.hypefactors.com/media-monitoring/about.html)"
52.90.127.111 - - [28/Jun/2021:08:52:39 -0400] "GET /sitemap_index.xml HTTP/1.1" 200 5382 "-" "Buck/2.2; (+https://app.hypefactors.com/media-monitoring/about.html)"
52.90.127.111 - - [28/Jun/2021:08:52:39 -0400] "GET /sitemap.xml HTTP/1.1" 200 5747 "-" "Buck/2.2; (+https://app.hypefactors.com/media-monitoring/about.html)"
52.90.127.111 - - [28/Jun/2021:08:52:40 -0400] "GET /sitemap-pt-post-2021-06.xml HTTP/1.1" 200 12140 "-" "Buck/2.2; (+https://app.hypefactors.com/media-monitoring/about.html)"
5.45.207.145 - - [28/Jun/2021:08:52:42 -0400] "GET /wp-content/uploads/2019/02/picture-69.jpg HTTP/1.1" 304 5440 "-" "Mozilla/5.0 (compatible; YandexImages/3.0; +http://yandex.com/bots)"
204.48.19.85 - - [28/Jun/2021:08:53:13 -0400] "POST /wp-cron.php?doing_wp_cron=1624884793.9056630134582519531250 HTTP/1.1" 200 5463 "https://ajhydell.com/wp-cron.php?doing_wp_cron=1624884793.9056630134582519531250" "WordPress/5.7.2; https://ajhydell.com"
52.90.127.111 - - [28/Jun/2021:08:53:13 -0400] "GET /2021/06/28/battle-of-seelow-hights/ HTTP/1.1" 200 17347 "-" "Buck/2.2; (+https://app.hypefactors.com/media-monitoring/about.html)"
54.36.149.36 - - [28/Jun/2021:08:53:20 -0400] "GET /2020/05/07/bean-picker-1941/ HTTP/1.1" 200 18047 "-" "Mozilla/5.0 (compatible; AhrefsBot/7.0; +http://ahrefs.com/robot/)"
185.191.171.14 - - [28/Jun/2021:08:53:30 -0400] "GET /2021/02/19/german-firefighters-during-the-nazi-regime-1933-1945-986x896/ HTTP/1.1" 200 18039 "-" "Mozilla/5.0 (compatible; SemrushBot/7~bl; +http://www.semrush.com/bot.html)"
204.48.19.85 - - [28/Jun/2021:08:53:51 -0400] "POST /wp-cron.php?doing_wp_cron=1624884831.1905770301818847656250 HTTP/1.1" 200 5463 "https://ajhydell.com/wp-cron.php?doing_wp_cron=1624884831.1905770301818847656250" "WordPress/5.7.2; https://ajhydell.com"
207.46.13.96 - - [28/Jun/2021:08:53:50 -0400] "GET /2020/12/12/ HTTP/1.1" 200 17708 "-" "Mozilla/5.0 (compatible; bingbot/2.0; +http://www.bing.com/bingbot.htm)"
162.210.196.129 - - [28/Jun/2021:08:54:06 -0400] "GET /robots.txt HTTP/1.1" 301 353 "-" "Mozilla/5.0 (compatible; MJ12bot/v1.4.8; http://mj12bot.com/)"
162.210.196.129 - - [28/Jun/2021:08:54:07 -0400] "GET /robots.txt HTTP/1.1" 200 5233 "-" "Mozilla/5.0 (compatible; MJ12bot/v1.4.8; http://mj12bot.com/)"
173.252.127.1 - - [28/Jun/2021:08:54:25 -0400] "GET /2021/04/07/charles-s-l-baker-1859-1926-was-an-american-inventor-who-patented-the-friction-heater-photograph-shows-african-american-inventor-charles-s-l-baker-and-another-man-possibly-bakers-brother-pete/ HTTP/1.1" 206 18521 "-" "facebookexternalhit/1.1 (+http://www.facebook.com/externalhit_uatext.php)"
162.210.196.129 - - [28/Jun/2021:08:54:35 -0400] "GET / HTTP/1.1" 301 287 "-" "Mozilla/5.0 (compatible; MJ12bot/v1.4.8; http://mj12bot.com/)"
162.210.196.129 - - [28/Jun/2021:08:54:37 -0400] "GET / HTTP/1.1" 200 19095 "-" "Mozilla/5.0 (compatible; MJ12bot/v1.4.8; http://mj12bot.com/)"
204.48.19.85 - - [28/Jun/2021:08:55:11 -0400] "POST /wp-cron.php?doing_wp_cron=1624884911.7642049789428710937500 HTTP/1.1" 200 5463 "https://ajhydell.com/wp-cron.php?doing_wp_cron=1624884911.7642049789428710937500" "WordPress/5.7.2; https://ajhydell.com"
54.236.1.11 - - [28/Jun/2021:08:55:11 -0400] "GET /2019/11/19/when-nazis-asked-lepa-radic-who-were-her-accomplices-before-they-hanged-her-she-responded-youll-know-them-when-they-come-to-avenge-me-young-serbian-girl-was-hanged-at-the-age-of-17-near-gr/ HTTP/1.1" 200 18026 "-" "Mozilla/5.0 (compatible; Pinterestbot/1.0; +http://www.pinterest.com/bot.html)"
204.48.19.85 - - [28/Jun/2021:08:55:50 -0400] "POST /wp-cron.php?doing_wp_cron=1624884950.7344601154327392578125 HTTP/1.1" 200 5463 "https://ajhydell.com/wp-cron.php?doing_wp_cron=1624884950.7344601154327392578125" "WordPress/5.7.2; https://ajhydell.com"
157.230.118.118 - - [28/Jun/2021:08:55:50 -0400] "GET /wp-login.php HTTP/1.1" 200 7772 "-" "Mozilla/5.0 (X11; Ubuntu; Linux x86_64; rv:62.0) Gecko/20100101 Firefox/62.0"
157.230.118.118 - - [28/Jun/2021:08:55:56 -0400] "POST /wp-login.php HTTP/1.1" 200 7864 "-" "Mozilla/5.0 (X11; Ubuntu; Linux x86_64; rv:62.0) Gecko/20100101 Firefox/62.0"
157.230.118.118 - - [28/Jun/2021:08:55:58 -0400] "POST /xmlrpc.php HTTP/1.1" 200 5020 "-" "Mozilla/5.0 (X11; Ubuntu; Linux x86_64; rv:62.0) Gecko/20100101 Firefox/62.0"
54.36.148.42 - - [28/Jun/2021:08:56:35 -0400] "GET /2020/05/02/japanese-girls-enjoying-their-first-snowfall-1950/ HTTP/1.1" 200 18095 "-" "Mozilla/5.0 (compatible; AhrefsBot/7.0; +http://ahrefs.com/robot/)"
204.48.19.85 - - [28/Jun/2021:08:57:12 -0400] "POST /wp-cron.php?doing_wp_cron=1624885032.6552619934082031250000 HTTP/1.1" 200 5463 "https://ajhydell.com/wp-cron.php?doing_wp_cron=1624885032.6552619934082031250000" "WordPress/5.7.2; https://ajhydell.com"
185.191.171.24 - - [28/Jun/2021:08:57:12 -0400] "GET /2021/06/26/griffin-microsheen-shoe-polish-1950s/ HTTP/1.1" 200 17943 "-" "Mozilla/5.0 (compatible; SemrushBot/7~bl; +http://www.semrush.com/bot.html)"
185.191.171.23 - - [28/Jun/2021:08:57:23 -0400] "GET /2020/02/04/keeping-warm-on-the-eastern-front-no-date-given/ HTTP/1.1" 200 18120 "-" "Mozilla/5.0 (compatible; SemrushBot/7~bl; +http://www.semrush.com/bot.html)"
204.48.19.85 - - [28/Jun/2021:08:58:55 -0400] "POST /wp-cron.php?doing_wp_cron=1624885135.7013909816741943359375 HTTP/1.1" 200 5463 "https://ajhydell.com/wp-cron.php?doing_wp_cron=1624885135.7013909816741943359375" "WordPress/5.7.2; https://ajhydell.com"
185.191.171.4 - - [28/Jun/2021:08:58:55 -0400] "GET /2021/03/26/a-u-s-marine-rescues-two-vietnamese-children-during-a-gun-battle-at-the-city-of-hue-during-the-tet-offensive-of-the-vietnam-war-1968-460-x-345/ HTTP/1.1" 200 18282 "-" "Mozilla/5.0 (compatible; SemrushBot/7~bl; +http://www.semrush.com/bot.html)"
54.36.149.36 - - [28/Jun/2021:08:59:43 -0400] "GET /2020/07/08/kraft-marshmallow-creme-1960/ HTTP/1.1" 200 18009 "-" "Mozilla/5.0 (compatible; AhrefsBot/7.0; +http://ahrefs.com/robot/)"
204.48.19.85 - - [28/Jun/2021:08:59:48 -0400] "POST /wp-cron.php?doing_wp_cron=1624885188.9598419666290283203125 HTTP/1.1" 200 5463 "https://ajhydell.com/wp-cron.php?doing_wp_cron=1624885188.9598419666290283203125" "WordPress/5.7.2; https://ajhydell.com"
185.191.171.14 - - [28/Jun/2021:08:59:48 -0400] "GET /robots.txt HTTP/1.1" 200 5648 "-" "Mozilla/5.0 (compatible; SemrushBot/7~bl; +http://www.semrush.com/bot.html)"
185.191.171.1 - - [28/Jun/2021:08:59:49 -0400] "GET /2021/06/06/four-female-pilots-leaving-their-ship-pistol-packin-mama-at-the-four-engine-school-at-lockbourne-aaf-world-war-ii-1944-colourized-by-marina-amaral/ HTTP/1.1" 200 18279 "-" "Mozilla/5.0 (compatible; SemrushBot/7~bl; +http://www.semrush.com/bot.html)"
185.191.171.9 - - [28/Jun/2021:09:00:41 -0400] "GET /2019/12/30/leading-aircraftmen-norman-bond-of-swindon-and-william-webb-of-addington-surrey-carry-a-rocket-projectile-to-load-under-the-wing-of-bristol-beaufighter-mark-x-ne646-v-of-no-211-squadron-raf-d/ HTTP/1.1" 200 18483 "-" "Mozilla/5.0 (compatible; SemrushBot/7~bl; +http://www.semrush.com/bot.html)"
204.48.19.85 - - [28/Jun/2021:09:00:46 -0400] "POST /wp-cron.php?doing_wp_cron=1624885246.3889288902282714843750 HTTP/1.1" 200 5463 "https://ajhydell.com/wp-cron.php?doing_wp_cron=1624885246.3889288902282714843750" "WordPress/5.7.2; https://ajhydell.com"
62.210.215.117 - - [28/Jun/2021:09:00:45 -0400] "GET /2019/09/05/us-recruitment-poster-wwii/feed/ HTTP/1.1" 200 6278 "-" "Mozilla/5.0 (X11; Linux i686) AppleWebKit/537.36 (KHTML, like Gecko) Chrome/30.0.1599.66 Safari/537.36"
185.191.171.41 - - [28/Jun/2021:09:01:08 -0400] "GET /2018/10/11/ HTTP/1.1" 200 17840 "-" "Mozilla/5.0 (compatible; SemrushBot/7~bl; +http://www.semrush.com/bot.html)"
204.48.19.85 - - [28/Jun/2021:09:02:49 -0400] "POST /wp-cron.php?doing_wp_cron=1624885369.5088059902191162109375 HTTP/1.1" 200 5463 "https://ajhydell.com/wp-cron.php?doing_wp_cron=1624885369.5088059902191162109375" "WordPress/5.7.2; https://ajhydell.com"
54.36.149.36 - - [28/Jun/2021:09:02:49 -0400] "GET /2020/04/30/my-grandfather-who-fought-in-ww2-for-british-allied-forces-remembering-him-today-on-his-birthday-photo-taken-in-1944/ HTTP/1.1" 200 18428 "-" "Mozilla/5.0 (compatible; AhrefsBot/7.0; +http://ahrefs.com/robot/)"
185.191.171.35 - - [28/Jun/2021:09:03:27 -0400] "GET /2018/11/18/usmc-photographer-s-sgt-norman-hatch-provides-water-to-a-stray-kitten-found-hiding-under-a-knocked-out-type-95-ha-go-tank-tarawa-atoll-november-24th-1943-2816x2014/ HTTP/1.1" 200 18492 "-" "Mozilla/5.0 (compatible; SemrushBot/7~bl; +http://www.semrush.com/bot.html)"
204.48.19.85 - - [28/Jun/2021:09:04:11 -0400] "POST /wp-cron.php?doing_wp_cron=1624885451.5272610187530517578125 HTTP/1.1" 200 5463 "https://ajhydell.com/wp-cron.php?doing_wp_cron=1624885451.5272610187530517578125" "WordPress/5.7.2; https://ajhydell.com"
66.75.249.255 - - [28/Jun/2021:09:04:11 -0400] "GET / HTTP/1.1" 200 19638 "-" "Mozilla/5.0 (X11; Linux x86_64) AppleWebKit/537.36 (KHTML, like Gecko) HeadlessChrome/88.0.4324.146 Safari/537.36"
66.75.249.255 - - [28/Jun/2021:09:04:12 -0400] "GET /wp-includes/js/jquery/jquery-migrate.min.js?ver=3.3.2 HTTP/1.1" 200 9766 "https://ajhydell.com/" "Mozilla/5.0 (X11; Linux x86_64) AppleWebKit/537.36 (KHTML, like Gecko) HeadlessChrome/88.0.4324.146 Safari/537.36"
66.75.249.255 - - [28/Jun/2021:09:04:12 -0400] "GET /wp-content/plugins/google-analytics-for-wordpress/assets/js/frontend-gtag.min.js?ver=7.17.0 HTTP/1.1" 200 8398 "https://ajhydell.com/" "Mozilla/5.0 (X11; Linux x86_64) AppleWebKit/537.36 (KHTML, like Gecko) HeadlessChrome/88.0.4324.146 Safari/537.36"
66.75.249.255 - - [28/Jun/2021:09:04:12 -0400] "GET /wp-content/themes/royal-magazine/js/navigation.js?ver=20151215 HTTP/1.1" 200 6440 "https://ajhydell.com/" "Mozilla/5.0 (X11; Linux x86_64) AppleWebKit/537.36 (KHTML, like Gecko) HeadlessChrome/88.0.4324.146 Safari/537.36"
66.75.249.255 - - [28/Jun/2021:09:04:12 -0400] "GET /wp-includes/js/jquery/jquery.min.js?ver=3.5.1 HTTP/1.1" 200 36581 "https://ajhydell.com/" "Mozilla/5.0 (X11; Linux x86_64) AppleWebKit/537.36 (KHTML, like Gecko) HeadlessChrome/88.0.4324.146 Safari/537.36"
66.75.249.255 - - [28/Jun/2021:09:04:12 -0400] "GET /wp-content/plugins/wp-smushit/app/assets/js/smush-lazy-load.min.js?ver=3.8.5 HTTP/1.1" 200 9281 "https://ajhydell.com/" "Mozilla/5.0 (X11; Linux x86_64) AppleWebKit/537.36 (KHTML, like Gecko) HeadlessChrome/88.0.4324.146 Safari/537.36"
66.75.249.255 - - [28/Jun/2021:09:04:12 -0400] "GET /wp-content/plugins/add-expires-headers/cache/0/com/processed-header-f16a8d323e83e1bc1b76514e283fb81b7090a959.min.css HTTP/1.1" 200 57878 "https://ajhydell.com/" "Mozilla/5.0 (X11; Linux x86_64) AppleWebKit/537.36 (KHTML, like Gecko) HeadlessChrome/88.0.4324.146 Safari/537.36"
66.75.249.255 - - [28/Jun/2021:09:04:12 -0400] "GET /wp-content/themes/royal-magazine/assets/libraries/bootstrap/js/bootstrap.min.js?ver=5.7.2 HTTP/1.1" 200 15457 "https://ajhydell.com/" "Mozilla/5.0 (X11; Linux x86_64) AppleWebKit/537.36 (KHTML, like Gecko) HeadlessChrome/88.0.4324.146 Safari/537.36"
66.75.249.255 - - [28/Jun/2021:09:04:12 -0400] "GET /wp-content/themes/royal-magazine/assets/libraries/theiaStickySidebar/theia-sticky-sidebar.min.js?ver=5.7.2 HTTP/1.1" 200 7343 "https://ajhydell.com/" "Mozilla/5.0 (X11; Linux x86_64) AppleWebKit/537.36 (KHTML, like Gecko) HeadlessChrome/88.0.4324.146 Safari/537.36"
66.75.249.255 - - [28/Jun/2021:09:04:12 -0400] "GET /wp-content/themes/royal-magazine/assets/libraries/marquee/jquery.marquee.js?ver=5.7.2 HTTP/1.1" 200 10178 "https://ajhydell.com/" "Mozilla/5.0 (X11; Linux x86_64) AppleWebKit/537.36 (KHTML, like Gecko) HeadlessChrome/88.0.4324.146 Safari/537.36"
66.75.249.255 - - [28/Jun/2021:09:04:12 -0400] "GET /wp-content/themes/royal-magazine/assets/libraries/slick/js/slick.min.js?ver=5.7.2 HTTP/1.1" 200 15797 "https://ajhydell.com/" "Mozilla/5.0 (X11; Linux x86_64) AppleWebKit/537.36 (KHTML, like Gecko) HeadlessChrome/88.0.4324.146 Safari/537.36"
66.75.249.255 - - [28/Jun/2021:09:04:12 -0400] "GET /wp-content/themes/royal-magazine/assets/libraries/magnific-popup/jquery.magnific-popup.min.js?ver=5.7.2 HTTP/1.1" 200 12945 "https://ajhydell.com/" "Mozilla/5.0 (X11; Linux x86_64) AppleWebKit/537.36 (KHTML, like Gecko) HeadlessChrome/88.0.4324.146 Safari/537.36"
66.75.249.255 - - [28/Jun/2021:09:04:12 -0400] "GET /wp-content/themes/royal-magazine/assets/twp/js/custom-script.js?ver=5.7.2 HTTP/1.1" 200 8102 "https://ajhydell.com/" "Mozilla/5.0 (X11; Linux x86_64) AppleWebKit/537.36 (KHTML, like Gecko) HeadlessChrome/88.0.4324.146 Safari/537.36"
66.75.249.255 - - [28/Jun/2021:09:04:13 -0400] "GET /wp-includes/js/wp-embed.min.js?ver=5.7.2 HTTP/1.1" 200 6316 "https://ajhydell.com/" "Mozilla/5.0 (X11; Linux x86_64) AppleWebKit/537.36 (KHTML, like Gecko) HeadlessChrome/88.0.4324.146 Safari/537.36"
66.75.249.255 - - [28/Jun/2021:09:04:13 -0400] "GET /wp-content/plugins/facebook-pagelike-widget/fb.js?ver=1.0 HTTP/1.1" 200 5917 "https://ajhydell.com/" "Mozilla/5.0 (X11; Linux x86_64) AppleWebKit/537.36 (KHTML, like Gecko) HeadlessChrome/88.0.4324.146 Safari/537.36"
66.75.249.255 - - [28/Jun/2021:09:04:13 -0400] "GET /wp-content/themes/royal-magazine/js/skip-link-focus-fix.js?ver=20151215 HTTP/1.1" 200 6031 "https://ajhydell.com/" "Mozilla/5.0 (X11; Linux x86_64) AppleWebKit/537.36 (KHTML, like Gecko) HeadlessChrome/88.0.4324.146 Safari/537.36"
66.75.249.255 - - [28/Jun/2021:09:04:13 -0400] "GET /wp-content/themes/royal-magazine/assets/libraries/ionicons/fonts/ionicons.ttf HTTP/1.1" 200 194262 "https://ajhydell.com/wp-content/plugins/add-expires-headers/cache/0/com/processed-header-f16a8d323e83e1bc1b76514e283fb81b7090a959.min.css" "Mozilla/5.0 (X11; Linux x86_64) AppleWebKit/537.36 (KHTML, like Gecko) HeadlessChrome/88.0.4324.146 Safari/537.36"
66.75.249.255 - - [28/Jun/2021:09:04:13 -0400] "GET /wp-includes/js/wp-emoji-release.min.js?ver=5.7.2 HTTP/1.1" 200 10259 "https://ajhydell.com/" "Mozilla/5.0 (X11; Linux x86_64) AppleWebKit/537.36 (KHTML, like Gecko) HeadlessChrome/88.0.4324.146 Safari/537.36"
66.75.249.255 - - [28/Jun/2021:09:04:13 -0400] "GET /wp-content/uploads/2021/06/picture-136-598x600.jpg HTTP/1.1" 200 97694 "https://ajhydell.com/" "Mozilla/5.0 (X11; Linux x86_64) AppleWebKit/537.36 (KHTML, like Gecko) HeadlessChrome/88.0.4324.146 Safari/537.36"
66.75.249.255 - - [28/Jun/2021:09:04:13 -0400] "GET /wp-content/uploads/2021/06/picture-137.jpg HTTP/1.1" 200 64362 "https://ajhydell.com/" "Mozilla/5.0 (X11; Linux x86_64) AppleWebKit/537.36 (KHTML, like Gecko) HeadlessChrome/88.0.4324.146 Safari/537.36"
66.75.249.255 - - [28/Jun/2021:09:04:13 -0400] "GET /?wordfence_lh=1&hid=973853ADC8AFFA8ADEF404719B3FD85E&r=0.35010873420990496 HTTP/1.1" 200 5509 "https://ajhydell.com/" "Mozilla/5.0 (X11; Linux x86_64) AppleWebKit/537.36 (KHTML, like Gecko) HeadlessChrome/88.0.4324.146 Safari/537.36"
66.75.249.255 - - [28/Jun/2021:09:04:13 -0400] "GET /wp-content/uploads/2021/06/picture-135-944x600.jpg HTTP/1.1" 200 115128 "https://ajhydell.com/" "Mozilla/5.0 (X11; Linux x86_64) AppleWebKit/537.36 (KHTML, like Gecko) HeadlessChrome/88.0.4324.146 Safari/537.36"
66.75.249.255 - - [28/Jun/2021:09:04:13 -0400] "GET /wp-content/uploads/2021/06/picture-134-1140x600.jpg HTTP/1.1" 200 179633 "https://ajhydell.com/" "Mozilla/5.0 (X11; Linux x86_64) AppleWebKit/537.36 (KHTML, like Gecko) HeadlessChrome/88.0.4324.146 Safari/537.36"
207.46.13.120 - - [28/Jun/2021:09:05:00 -0400] "GET /wp-content/uploads/2020/09/picture-6.jpg HTTP/1.1" 200 2098064 "-" "Mozilla/5.0 (compatible; bingbot/2.0; +http://www.bing.com/bingbot.htm)"
204.48.19.85 - - [28/Jun/2021:09:06:06 -0400] "POST /wp-cron.php?doing_wp_cron=1624885566.7610499858856201171875 HTTP/1.1" 200 5463 "https://ajhydell.com/wp-cron.php?doing_wp_cron=1624885566.7610499858856201171875" "WordPress/5.7.2; https://ajhydell.com"
54.36.149.36 - - [28/Jun/2021:09:06:06 -0400] "GET /2020/06/13/willis-winn-an-ex-slave-holding-the-horn-with-which-slaves-were-called-1936/ HTTP/1.1" 200 18209 "-" "Mozilla/5.0 (compatible; AhrefsBot/7.0; +http://ahrefs.com/robot/)"
204.48.19.85 - - [28/Jun/2021:09:08:24 -0400] "POST /wp-cron.php?doing_wp_cron=1624885704.8156590461730957031250 HTTP/1.1" 200 5463 "https://ajhydell.com/wp-cron.php?doing_wp_cron=1624885704.8156590461730957031250" "WordPress/5.7.2; https://ajhydell.com"
13.67.49.60 - - [28/Jun/2021:09:08:24 -0400] "GET /wp-login.php HTTP/1.1" 200 7773 "-" "Mozilla/5.0 (X11; Ubuntu; Linux x86_64; rv:62.0) Gecko/20100101 Firefox/62.0"
13.67.49.60 - - [28/Jun/2021:09:08:26 -0400] "POST /wp-login.php HTTP/1.1" 200 7862 "-" "Mozilla/5.0 (X11; Ubuntu; Linux x86_64; rv:62.0) Gecko/20100101 Firefox/62.0"
13.67.49.60 - - [28/Jun/2021:09:08:27 -0400] "POST /xmlrpc.php HTTP/1.1" 200 5020 "-" "Mozilla/5.0 (X11; Ubuntu; Linux x86_64; rv:62.0) Gecko/20100101 Firefox/62.0"
77.75.79.119 - - [28/Jun/2021:09:08:34 -0400] "GET /robots.txt HTTP/1.1" 200 5685 "-" "Mozilla/5.0 (compatible; SeznamBot/3.2; +http://napoveda.seznam.cz/en/seznambot-intro/)"
77.75.79.119 - - [28/Jun/2021:09:08:37 -0400] "GET /wp-content/uploads/2021/05/picture-66-scaled.jpg HTTP/1.1" 304 5441 "-" "Mozilla/5.0 (compatible; SeznamBot/3.2; +http://napoveda.seznam.cz/en/seznambot-intro/)"
77.75.79.119 - - [28/Jun/2021:09:08:37 -0400] "GET /wp-content/uploads/2021/05/picture-7-scaled.jpg HTTP/1.1" 304 277 "-" "Mozilla/5.0 (compatible; SeznamBot/3.2; +http://napoveda.seznam.cz/en/seznambot-intro/)"
182.1.32.158 - - [28/Jun/2021:09:08:56 -0400] "-" 408 4765 "-" "-"
204.48.19.85 - - [28/Jun/2021:09:09:05 -0400] "POST /wp-cron.php?doing_wp_cron=1624885745.5580029487609863281250 HTTP/1.1" 200 5463 "https://ajhydell.com/wp-cron.php?doing_wp_cron=1624885745.5580029487609863281250" "WordPress/5.7.2; https://ajhydell.com"
66.249.79.14 - - [28/Jun/2021:09:09:05 -0400] "GET /sitemap-pt-post-2019-11.xml HTTP/1.1" 200 10126 "-" "Mozilla/5.0 (compatible; Googlebot/2.1; +http://www.google.com/bot.html)"
54.36.149.36 - - [28/Jun/2021:09:09:14 -0400] "GET /2020/04/20/japanese-soldiers-using-dead-chinese-as-targets-for-bayonet-practice-tientsin-china-september-5-1937-985x768/ HTTP/1.1" 200 18169 "-" "Mozilla/5.0 (compatible; AhrefsBot/7.0; +http://ahrefs.com/robot/)"
207.46.13.120 - - [28/Jun/2021:09:09:40 -0400] "GET /2021/06/20/a-german-dornier-twin-engine-bomber-crashes-into-a-london-residence-during-the-battle-of-britain-1940/feed/ HTTP/1.1" 200 5975 "-" "Mozilla/5.0 (compatible; bingbot/2.0; +http://www.bing.com/bingbot.htm)"
204.48.19.85 - - [28/Jun/2021:09:12:15 -0400] "POST /wp-cron.php?doing_wp_cron=1624885935.2724521160125732421875 HTTP/1.1" 200 5463 "https://ajhydell.com/wp-cron.php?doing_wp_cron=1624885935.2724521160125732421875" "WordPress/5.7.2; https://ajhydell.com"
185.191.171.34 - - [28/Jun/2021:09:12:14 -0400] "GET /2020/12/05/a-chechen-man-prays-during-the-first-battle-of-grozny-january-1995-the-flame-in-the-background-is-coming-from-a-gas-pipeline-which-was-hit-by-shrapnel-968x1487/ HTTP/1.1" 200 18264 "-" "Mozilla/5.0 (compatible; SemrushBot/7~bl; +http://www.semrush.com/bot.html)"
54.36.148.81 - - [28/Jun/2021:09:12:26 -0400] "GET /2020/06/20/squadron-leader-johnny-kent-with-a-group-of-polish-pilots-of-303-squadron-at-raf-northolt-leads-his-men-away-from-a-hurricane-in-october-1940/ HTTP/1.1" 200 18405 "-" "Mozilla/5.0 (compatible; AhrefsBot/7.0; +http://ahrefs.com/robot/)"
204.48.19.85 - - [28/Jun/2021:09:13:15 -0400] "POST /wp-cron.php?doing_wp_cron=1624885995.7721779346466064453125 HTTP/1.1" 200 232 "http://ajhydell.com/wp-cron.php?doing_wp_cron=1624885995.7721779346466064453125" "WordPress/5.7.2; https://ajhydell.com"
113.31.114.242 - - [28/Jun/2021:09:13:15 -0400] "GET / HTTP/1.1" 301 343 "-" "Dalvik/2.1.0 (Linux; U; Android 7.0; ZTE BA520 Build/MRA58K)"
113.31.114.242 - - [28/Jun/2021:09:13:17 -0400] "GET / HTTP/1.1" 200 19694 "-" "Dalvik/2.1.0 (Linux; U; Android 7.0; ZTE BA520 Build/MRA58K)"
66.249.79.14 - - [28/Jun/2021:09:13:32 -0400] "GET /page/75/?ga_action=googleanalytics_get_script HTTP/1.1" 200 20257 "-" "Mozilla/5.0 (Linux; Android 6.0.1; Nexus 5X Build/MMB29P) AppleWebKit/537.36 (KHTML, like Gecko) Chrome/91.0.4472.90 Mobile Safari/537.36 (compatible; Googlebot/2.1; +http://www.google.com/bot.html)"
204.48.19.85 - - [28/Jun/2021:09:14:18 -0400] "POST /wp-cron.php?doing_wp_cron=1624886058.8492441177368164062500 HTTP/1.1" 200 5463 "https://ajhydell.com/wp-cron.php?doing_wp_cron=1624886058.8492441177368164062500" "WordPress/5.7.2; https://ajhydell.com"
69.63.184.118 - - [28/Jun/2021:09:14:18 -0400] "GET /2021/04/26/emperor-of-japan-hirohito-and-empress-nagako-with-their-children-and-grandchildren-1970s-1440x1132/ HTTP/1.1" 206 18305 "-" "facebookexternalhit/1.1 (+http://www.facebook.com/externalhit_uatext.php)"
204.48.19.85 - - [28/Jun/2021:09:15:39 -0400] "POST /wp-cron.php?doing_wp_cron=1624886139.7634859085083007812500 HTTP/1.1" 200 5463 "https://ajhydell.com/wp-cron.php?doing_wp_cron=1624886139.7634859085083007812500" "WordPress/5.7.2; https://ajhydell.com"
54.36.149.36 - - [28/Jun/2021:09:15:39 -0400] "GET /2020/05/09/1964-beverly-hillbillies-kelloggs-grocery-store-or-restaurant-display-standee/ HTTP/1.1" 200 18073 "-" "Mozilla/5.0 (compatible; AhrefsBot/7.0; +http://ahrefs.com/robot/)"
204.48.19.85 - - [28/Jun/2021:09:18:56 -0400] "POST /wp-cron.php?doing_wp_cron=1624886336.0697519779205322265625 HTTP/1.1" 200 5463 "https://ajhydell.com/wp-cron.php?doing_wp_cron=1624886336.0697519779205322265625" "WordPress/5.7.2; https://ajhydell.com"
54.36.148.40 - - [28/Jun/2021:09:18:55 -0400] "GET /2020/05/09/1886-advertisement-for-magic-washer-the-chinese-must-go/ HTTP/1.1" 200 18066 "-" "Mozilla/5.0 (compatible; AhrefsBot/7.0; +http://ahrefs.com/robot/)"
204.48.19.85 - - [28/Jun/2021:09:19:54 -0400] "POST /wp-cron.php?doing_wp_cron=1624886394.7122640609741210937500 HTTP/1.1" 200 5463 "https://ajhydell.com/wp-cron.php?doing_wp_cron=1624886394.7122640609741210937500" "WordPress/5.7.2; https://ajhydell.com"
185.191.171.24 - - [28/Jun/2021:09:19:54 -0400] "GET /2021/04/19/down-the-street/ HTTP/1.1" 200 18121 "-" "Mozilla/5.0 (compatible; SemrushBot/7~bl; +http://www.semrush.com/bot.html)"
185.191.171.4 - - [28/Jun/2021:09:19:58 -0400] "GET /2021/06/04/multnomah-falls-in-1918-691-x-960/ HTTP/1.1" 200 17991 "-" "Mozilla/5.0 (compatible; SemrushBot/7~bl; +http://www.semrush.com/bot.html)"
207.46.13.22 - - [28/Jun/2021:09:20:06 -0400] "GET /2021/06/17/german-sappers-look-for-mines-in-front-of-a-stug-iii/ HTTP/1.1" 200 17802 "-" "Mozilla/5.0 (compatible; bingbot/2.0; +http://www.bing.com/bingbot.htm)"
207.46.13.96 - - [28/Jun/2021:09:21:23 -0400] "GET /wp-content/plugins/add-expires-headers/cache/0/com/processed-header-f16a8d323e83e1bc1b76514e283fb81b7090a959.min.css HTTP/1.1" 200 57567 "-" "Mozilla/5.0 (compatible; bingbot/2.0; +http://www.bing.com/bingbot.htm)"
207.46.13.80 - - [28/Jun/2021:09:21:27 -0400] "GET /wp-content/themes/royal-magazine/assets/libraries/magnific-popup/jquery.magnific-popup.min.js?ver=5.7.2 HTTP/1.1" 200 12592 "-" "Mozilla/5.0 (compatible; bingbot/2.0; +http://www.bing.com/bingbot.htm)"
204.48.19.85 - - [28/Jun/2021:09:22:10 -0400] "POST /wp-cron.php?doing_wp_cron=1624886530.2670900821685791015625 HTTP/1.1" 200 5463 "https://ajhydell.com/wp-cron.php?doing_wp_cron=1624886530.2670900821685791015625" "WordPress/5.7.2; https://ajhydell.com"
54.36.149.36 - - [28/Jun/2021:09:22:09 -0400] "GET /2020/06/12/major-charles-young-in-1916-3rd-african-american-to-graduate-from-west-point-1st-black-u-s-national-park-superintendent-1st-black-man-to-become-colonel-after-being-denied-promotion-he-rode-on-ho/ HTTP/1.1" 200 18616 "-" "Mozilla/5.0 (compatible; AhrefsBot/7.0; +http://ahrefs.com/robot/)"
66.249.79.18 - - [28/Jun/2021:09:22:17 -0400] "GET /feed/ HTTP/1.1" 200 7395 "-" "Mozilla/5.0 (compatible; Googlebot/2.1; +http://www.google.com/bot.html)"
167.71.111.16 - - [28/Jun/2021:09:22:30 -0400] "GET /wp-login.php HTTP/1.1" 200 7774 "-" "Mozilla/5.0 (X11; Ubuntu; Linux x86_64; rv:62.0) Gecko/20100101 Firefox/62.0"
167.71.111.16 - - [28/Jun/2021:09:22:31 -0400] "POST /wp-login.php HTTP/1.1" 200 7863 "-" "Mozilla/5.0 (X11; Ubuntu; Linux x86_64; rv:62.0) Gecko/20100101 Firefox/62.0"
167.71.111.16 - - [28/Jun/2021:09:22:32 -0400] "POST /xmlrpc.php HTTP/1.1" 200 5020 "-" "Mozilla/5.0 (X11; Ubuntu; Linux x86_64; rv:62.0) Gecko/20100101 Firefox/62.0"
157.55.39.57 - - [28/Jun/2021:09:22:35 -0400] "GET /wp-content/uploads/2020/11/picture-47.jpg HTTP/1.1" 200 34292 "-" "Mozilla/5.0 (compatible; bingbot/2.0; +http://www.bing.com/bingbot.htm)"
69.63.184.117 - - [28/Jun/2021:09:23:26 -0400] "GET /2021/04/26/general-mills-1960/ HTTP/1.1" 206 18150 "-" "facebookexternalhit/1.1 (+http://www.facebook.com/externalhit_uatext.php)"
204.48.19.85 - - [28/Jun/2021:09:23:26 -0400] "POST /wp-cron.php?doing_wp_cron=1624886606.5510659217834472656250 HTTP/1.1" 200 5463 "https://ajhydell.com/wp-cron.php?doing_wp_cron=1624886606.5510659217834472656250" "WordPress/5.7.2; https://ajhydell.com"
69.63.184.2 - - [28/Jun/2021:09:23:26 -0400] "GET /2021/04/26/general-mills-1960/ HTTP/1.1" 206 18148 "-" "facebookexternalhit/1.1 (+http://www.facebook.com/externalhit_uatext.php)"
157.55.39.134 - - [28/Jun/2021:09:23:34 -0400] "GET /wp-content/uploads/2020/10/picture-132.jpg HTTP/1.1" 200 93900 "-" "Mozilla/5.0 (compatible; bingbot/2.0; +http://www.bing.com/bingbot.htm)"
204.48.19.85 - - [28/Jun/2021:09:24:29 -0400] "POST /wp-cron.php?doing_wp_cron=1624886669.8605449199676513671875 HTTP/1.1" 200 5463 "https://ajhydell.com/wp-cron.php?doing_wp_cron=1624886669.8605449199676513671875" "WordPress/5.7.2; https://ajhydell.com"
157.55.39.136 - - [28/Jun/2021:09:24:29 -0400] "GET /2019/10/26/soviet-soldier-capturing-a-german-hiding-in-a-basement-during-the-battle-of-berlin-april-1945/ HTTP/1.1" 200 17960 "-" "Mozilla/5.0 (compatible; bingbot/2.0; +http://www.bing.com/bingbot.htm)"
204.48.19.85 - - [28/Jun/2021:09:25:08 -0400] "POST /wp-cron.php?doing_wp_cron=1624886708.2338030338287353515625 HTTP/1.1" 200 5463 "https://ajhydell.com/wp-cron.php?doing_wp_cron=1624886708.2338030338287353515625" "WordPress/5.7.2; https://ajhydell.com"
160.153.245.184 - - [28/Jun/2021:09:25:07 -0400] "POST /wp-login.php HTTP/1.1" 503 23967 "-" "Mozilla/5.0 (Windows NT 6.1) AppleWebKit/537.36 (KHTML, like Gecko) Chrome/63.0.3239.84 Safari/537.36"
204.48.19.85 - - [28/Jun/2021:09:25:21 -0400] "POST /wp-cron.php?doing_wp_cron=1624886721.3898301124572753906250 HTTP/1.1" 200 5463 "https://ajhydell.com/wp-cron.php?doing_wp_cron=1624886721.3898301124572753906250" "WordPress/5.7.2; https://ajhydell.com"
54.36.149.36 - - [28/Jun/2021:09:25:21 -0400] "GET /2020/05/01/general-heinz-guderian-and-his-communications-team-sending-a-secret-message-using-the-legendary-enigma-machine-to-encrypt-the-message-a-failure-of-operational-security-opsec-explains-the-fact-that/ HTTP/1.1" 200 18684 "-" "Mozilla/5.0 (compatible; AhrefsBot/7.0; +http://ahrefs.com/robot/)"
204.48.19.85 - - [28/Jun/2021:09:26:17 -0400] "POST /wp-cron.php?doing_wp_cron=1624886777.4605920314788818359375 HTTP/1.1" 200 5463 "https://ajhydell.com/wp-cron.php?doing_wp_cron=1624886777.4605920314788818359375" "WordPress/5.7.2; https://ajhydell.com"
185.191.171.4 - - [28/Jun/2021:09:26:17 -0400] "GET /2020/11/08/a-gi-of-the-65th-infantry-division-in-katharinenberg-germany-on-april-9-1945-note-the-taped-30-round-magazines-in-his-m1a1-thompson-for-a-faster-reload/ HTTP/1.1" 200 18288 "-" "Mozilla/5.0 (compatible; SemrushBot/7~bl; +http://www.semrush.com/bot.html)"
173.252.111.10 - - [28/Jun/2021:09:27:49 -0400] "GET /wp-content/uploads/2021/03/picture-51.jpg HTTP/1.1" 200 2423617 "-" "facebookexternalhit/1.1 (+http://www.facebook.com/externalhit_uatext.php)"
204.48.19.85 - - [28/Jun/2021:09:28:02 -0400] "POST /wp-cron.php?doing_wp_cron=1624886882.4084930419921875000000 HTTP/1.1" 200 232 "http://ajhydell.com/wp-cron.php?doing_wp_cron=1624886882.4084930419921875000000" "WordPress/5.7.2; https://ajhydell.com"
195.228.152.16 - - [28/Jun/2021:09:28:02 -0400] "GET /docindex.php HTTP/1.1" 301 326 "http://simplesite.com" "Mozilla/5.0 (Windows; U; Windows NT 5.1; en-US) AppleWebKit/533.4 (KHTML, like Gecko) Chrome/5.0.375.99 Safari/533.4"
195.228.152.16 - - [28/Jun/2021:09:28:04 -0400] "GET /docindex.php HTTP/1.1" 404 63942 "http://ajhydell.com/docindex.php" "Mozilla/5.0 (Windows; U; Windows NT 5.1; en-US) AppleWebKit/533.4 (KHTML, like Gecko) Chrome/5.0.375.99 Safari/533.4"
54.36.148.145 - - [28/Jun/2021:09:28:36 -0400] "GET / HTTP/1.1" 200 19616 "-" "Mozilla/5.0 (compatible; AhrefsBot/7.0; +http://ahrefs.com/robot/)"
185.191.171.34 - - [28/Jun/2021:09:28:36 -0400] "GET /2019/03/17/ HTTP/1.1" 200 17610 "-" "Mozilla/5.0 (compatible; SemrushBot/7~bl; +http://www.semrush.com/bot.html)"
66.249.79.16 - - [28/Jun/2021:09:29:15 -0400] "GET /feed/ HTTP/1.1" 200 7395 "-" "Mozilla/5.0 (compatible; Googlebot/2.1; +http://www.google.com/bot.html)"
204.48.19.85 - - [28/Jun/2021:09:29:16 -0400] "POST /wp-cron.php?doing_wp_cron=1624886956.2306940555572509765625 HTTP/1.1" 200 5463 "https://ajhydell.com/wp-cron.php?doing_wp_cron=1624886956.2306940555572509765625" "WordPress/5.7.2; https://ajhydell.com"
66.249.79.18 - - [28/Jun/2021:09:29:15 -0400] "GET /robots.txt HTTP/1.1" 200 5685 "-" "Mozilla/5.0 (compatible; Googlebot/2.1; +http://www.google.com/bot.html)"
204.48.19.85 - - [28/Jun/2021:09:29:56 -0400] "POST /wp-cron.php?doing_wp_cron=1624886996.2536869049072265625000 HTTP/1.1" 200 5463 "https://ajhydell.com/wp-cron.php?doing_wp_cron=1624886996.2536869049072265625000" "WordPress/5.7.2; https://ajhydell.com"
47.99.54.166 - - [28/Jun/2021:09:29:55 -0400] "POST /wp-login.php HTTP/1.1" 503 23967 "-" "Mozilla/5.0 (Windows NT 10.0; Win64; x64) AppleWebKit/537.36 (KHTML, like Gecko) Chrome/62.0.3202.89 Safari/537.36"
204.48.19.85 - - [28/Jun/2021:09:31:48 -0400] "POST /wp-cron.php?doing_wp_cron=1624887108.6190519332885742187500 HTTP/1.1" 200 5463 "https://ajhydell.com/wp-cron.php?doing_wp_cron=1624887108.6190519332885742187500" "WordPress/5.7.2; https://ajhydell.com"
