103.42.58.102 - - [12/Jul/2021:04:22:23 -0400] "POST /xmlrpc.php HTTP/1.1" 200 5852 "-" "Mozilla/5.0 (X11; Ubuntu; Linux x86_64; rv:62.0) Gecko/20100101 Firefox/62.0"
62.210.188.218 - - [12/Jul/2021:04:22:24 -0400] "GET /wp-json/oembed/1.0/embed?url=https%3A%2F%2Fajhydell.com%2F2020%2F09%2F25%2Fthe-greatest-cereal-on-earth-1955%2F HTTP/1.1" 200 9133 "-" "Mozilla/5.0 (compatible; Barkrowler/0.9; +https://babbar.tech/crawler)"
62.210.188.218 - - [12/Jul/2021:04:22:33 -0400] "GET /wp-json/oembed/1.0/embed?url=https%3A%2F%2Fajhydell.com%2F2021%2F01%2F10%2Fad-for-timber-structures-inc-1959%2F HTTP/1.1" 200 9132 "-" "Mozilla/5.0 (compatible; Barkrowler/0.9; +https://babbar.tech/crawler)"
204.48.19.85 - - [12/Jul/2021:04:22:41 -0400] "POST /wp-cron.php?doing_wp_cron=1626078161.7287089824676513671875 HTTP/1.1" 200 6295 "https://ajhydell.com/wp-cron.php?doing_wp_cron=1626078161.7287089824676513671875" "WordPress/5.7.2; https://ajhydell.com"
62.210.188.218 - - [12/Jul/2021:04:22:41 -0400] "GET /wp-json/oembed/1.0/embed?url=https%3A%2F%2Fajhydell.com%2F2021%2F02%2F05%2Fmagnifique-in-sink-erator-1960%2F HTTP/1.1" 200 9120 "-" "Mozilla/5.0 (compatible; Barkrowler/0.9; +https://babbar.tech/crawler)"
204.48.19.85 - - [12/Jul/2021:04:22:50 -0400] "POST /wp-cron.php?doing_wp_cron=1626078170.2414970397949218750000 HTTP/1.1" 200 6295 "https://ajhydell.com/wp-cron.php?doing_wp_cron=1626078170.2414970397949218750000" "WordPress/5.7.2; https://ajhydell.com"
62.210.188.218 - - [12/Jul/2021:04:22:50 -0400] "GET /wp-json/oembed/1.0/embed?url=https%3A%2F%2Fajhydell.com%2F2021%2F04%2F30%2Fa-1907-postcard-of-the-4th-of-july%2F HTTP/1.1" 200 9135 "-" "Mozilla/5.0 (compatible; Barkrowler/0.9; +https://babbar.tech/crawler)"
204.48.19.85 - - [12/Jul/2021:04:22:59 -0400] "POST /wp-cron.php?doing_wp_cron=1626078179.8909239768981933593750 HTTP/1.1" 200 6295 "https://ajhydell.com/wp-cron.php?doing_wp_cron=1626078179.8909239768981933593750" "WordPress/5.7.2; https://ajhydell.com"
62.210.188.218 - - [12/Jul/2021:04:22:59 -0400] "GET /wp-json/oembed/1.0/embed?url=https%3A%2F%2Fajhydell.com%2F2021%2F01%2F01%2Fvolkswagen-scirocco-ad-1979%2F&format=xml HTTP/1.1" 200 7915 "-" "Mozilla/5.0 (compatible; Barkrowler/0.9; +https://babbar.tech/crawler)"
62.210.188.218 - - [12/Jul/2021:04:23:10 -0400] "GET /wp-json/oembed/1.0/embed?url=https%3A%2F%2Fajhydell.com%2F2021%2F05%2F01%2Frefresh-yourself-salem-cigarettes-1975%2F HTTP/1.1" 200 9180 "-" "Mozilla/5.0 (compatible; Barkrowler/0.9; +https://babbar.tech/crawler)"
81.154.230.244 - - [12/Jul/2021:04:23:12 -0400] "GET /2020/11/23/american-soldiers-capture-a-local-man-during-the-us-invasion-of-the-island-of-grenada-october-1983-2048x1404/ HTTP/1.1" 200 19138 "https://r.search.yahoo.com/_ylt=AwrJ5szn..tg140AlARNBQx.;_ylu=c2VjA3NyBHNsawNpbWcEb2lkAzE3Yjc1MTRiOWE5YTM0ODUwOTA2YTMwODcwNTA4NDI4BGdwb3MDMTkEaXQDYmluZw--/RV=2/RE=1626106983/RO=11/RU=https%3a%2f%2fajhydell.com%2f2020%2f11%2f23%2famerican-soldiers-capture-a-local-man-during-the-us-invasion-of-the-island-of-grenada-october-1983-2048x1404%2f/RK=2/RS=BRXRJmoaQ38VkTXkdjlA3hs7pC8-" "Mozilla/5.0 (Windows NT 10.0; Win64; x64) AppleWebKit/537.36 (KHTML, like Gecko) Chrome/91.0.4472.124 Safari/537.36"
81.154.230.244 - - [12/Jul/2021:04:23:12 -0400] "GET /wp-content/plugins/add-expires-headers/cache/0/com/processed-header-f16a8d323e83e1bc1b76514e283fb81b7090a959.min.css HTTP/1.1" 200 58813 "https://ajhydell.com/2020/11/23/american-soldiers-capture-a-local-man-during-the-us-invasion-of-the-island-of-grenada-october-1983-2048x1404/" "Mozilla/5.0 (Windows NT 10.0; Win64; x64) AppleWebKit/537.36 (KHTML, like Gecko) Chrome/91.0.4472.124 Safari/537.36"
81.154.230.244 - - [12/Jul/2021:04:23:12 -0400] "GET /wp-content/plugins/google-analytics-for-wordpress/assets/js/frontend-gtag.min.js?ver=7.17.0 HTTP/1.1" 200 3291 "https://ajhydell.com/2020/11/23/american-soldiers-capture-a-local-man-during-the-us-invasion-of-the-island-of-grenada-october-1983-2048x1404/" "Mozilla/5.0 (Windows NT 10.0; Win64; x64) AppleWebKit/537.36 (KHTML, like Gecko) Chrome/91.0.4472.124 Safari/537.36"
81.154.230.244 - - [12/Jul/2021:04:23:12 -0400] "GET /wp-includes/js/jquery/jquery.min.js?ver=3.5.1 HTTP/1.1" 200 31474 "https://ajhydell.com/2020/11/23/american-soldiers-capture-a-local-man-during-the-us-invasion-of-the-island-of-grenada-october-1983-2048x1404/" "Mozilla/5.0 (Windows NT 10.0; Win64; x64) AppleWebKit/537.36 (KHTML, like Gecko) Chrome/91.0.4472.124 Safari/537.36"
81.154.230.244 - - [12/Jul/2021:04:23:13 -0400] "GET /wp-includes/js/jquery/jquery-migrate.min.js?ver=3.3.2 HTTP/1.1" 200 5219 "https://ajhydell.com/2020/11/23/american-soldiers-capture-a-local-man-during-the-us-invasion-of-the-island-of-grenada-october-1983-2048x1404/" "Mozilla/5.0 (Windows NT 10.0; Win64; x64) AppleWebKit/537.36 (KHTML, like Gecko) Chrome/91.0.4472.124 Safari/537.36"
81.154.230.244 - - [12/Jul/2021:04:23:13 -0400] "GET /wp-content/themes/royal-magazine/js/skip-link-focus-fix.js?ver=20151215 HTTP/1.1" 200 6966 "https://ajhydell.com/2020/11/23/american-soldiers-capture-a-local-man-during-the-us-invasion-of-the-island-of-grenada-october-1983-2048x1404/" "Mozilla/5.0 (Windows NT 10.0; Win64; x64) AppleWebKit/537.36 (KHTML, like Gecko) Chrome/91.0.4472.124 Safari/537.36"
81.154.230.244 - - [12/Jul/2021:04:23:13 -0400] "GET /wp-content/themes/royal-magazine/js/navigation.js?ver=20151215 HTTP/1.1" 200 7375 "https://ajhydell.com/2020/11/23/american-soldiers-capture-a-local-man-during-the-us-invasion-of-the-island-of-grenada-october-1983-2048x1404/" "Mozilla/5.0 (Windows NT 10.0; Win64; x64) AppleWebKit/537.36 (KHTML, like Gecko) Chrome/91.0.4472.124 Safari/537.36"
81.154.230.244 - - [12/Jul/2021:04:23:13 -0400] "GET /wp-content/plugins/wp-smushit/app/assets/js/smush-lazy-load.min.js?ver=3.8.7 HTTP/1.1" 200 4734 "https://ajhydell.com/2020/11/23/american-soldiers-capture-a-local-man-during-the-us-invasion-of-the-island-of-grenada-october-1983-2048x1404/" "Mozilla/5.0 (Windows NT 10.0; Win64; x64) AppleWebKit/537.36 (KHTML, like Gecko) Chrome/91.0.4472.124 Safari/537.36"
81.154.230.244 - - [12/Jul/2021:04:23:13 -0400] "GET /wp-content/themes/royal-magazine/assets/libraries/slick/js/slick.min.js?ver=5.7.2 HTTP/1.1" 200 10690 "https://ajhydell.com/2020/11/23/american-soldiers-capture-a-local-man-during-the-us-invasion-of-the-island-of-grenada-october-1983-2048x1404/" "Mozilla/5.0 (Windows NT 10.0; Win64; x64) AppleWebKit/537.36 (KHTML, like Gecko) Chrome/91.0.4472.124 Safari/537.36"
81.154.230.244 - - [12/Jul/2021:04:23:13 -0400] "GET /wp-content/themes/royal-magazine/assets/libraries/bootstrap/js/bootstrap.min.js?ver=5.7.2 HTTP/1.1" 200 10350 "https://ajhydell.com/2020/11/23/american-soldiers-capture-a-local-man-during-the-us-invasion-of-the-island-of-grenada-october-1983-2048x1404/" "Mozilla/5.0 (Windows NT 10.0; Win64; x64) AppleWebKit/537.36 (KHTML, like Gecko) Chrome/91.0.4472.124 Safari/537.36"
81.154.230.244 - - [12/Jul/2021:04:23:13 -0400] "GET /wp-content/themes/royal-magazine/assets/libraries/marquee/jquery.marquee.js?ver=5.7.2 HTTP/1.1" 200 5071 "https://ajhydell.com/2020/11/23/american-soldiers-capture-a-local-man-during-the-us-invasion-of-the-island-of-grenada-october-1983-2048x1404/" "Mozilla/5.0 (Windows NT 10.0; Win64; x64) AppleWebKit/537.36 (KHTML, like Gecko) Chrome/91.0.4472.124 Safari/537.36"
81.154.230.244 - - [12/Jul/2021:04:23:13 -0400] "GET /wp-content/themes/royal-magazine/assets/libraries/magnific-popup/jquery.magnific-popup.min.js?ver=5.7.2 HTTP/1.1" 200 7838 "https://ajhydell.com/2020/11/23/american-soldiers-capture-a-local-man-during-the-us-invasion-of-the-island-of-grenada-october-1983-2048x1404/" "Mozilla/5.0 (Windows NT 10.0; Win64; x64) AppleWebKit/537.36 (KHTML, like Gecko) Chrome/91.0.4472.124 Safari/537.36"
81.154.230.244 - - [12/Jul/2021:04:23:13 -0400] "GET /wp-content/themes/royal-magazine/assets/libraries/theiaStickySidebar/theia-sticky-sidebar.min.js?ver=5.7.2 HTTP/1.1" 200 2236 "https://ajhydell.com/2020/11/23/american-soldiers-capture-a-local-man-during-the-us-invasion-of-the-island-of-grenada-october-1983-2048x1404/" "Mozilla/5.0 (Windows NT 10.0; Win64; x64) AppleWebKit/537.36 (KHTML, like Gecko) Chrome/91.0.4472.124 Safari/537.36"
81.154.230.244 - - [12/Jul/2021:04:23:13 -0400] "GET /wp-content/themes/royal-magazine/assets/twp/js/custom-script.js?ver=5.7.2 HTTP/1.1" 200 2995 "https://ajhydell.com/2020/11/23/american-soldiers-capture-a-local-man-during-the-us-invasion-of-the-island-of-grenada-october-1983-2048x1404/" "Mozilla/5.0 (Windows NT 10.0; Win64; x64) AppleWebKit/537.36 (KHTML, like Gecko) Chrome/91.0.4472.124 Safari/537.36"
81.154.230.244 - - [12/Jul/2021:04:23:13 -0400] "GET /wp-includes/js/wp-embed.min.js?ver=5.7.2 HTTP/1.1" 200 1209 "https://ajhydell.com/2020/11/23/american-soldiers-capture-a-local-man-during-the-us-invasion-of-the-island-of-grenada-october-1983-2048x1404/" "Mozilla/5.0 (Windows NT 10.0; Win64; x64) AppleWebKit/537.36 (KHTML, like Gecko) Chrome/91.0.4472.124 Safari/537.36"
81.154.230.244 - - [12/Jul/2021:04:23:13 -0400] "GET /wp-content/plugins/facebook-pagelike-widget/fb.js?ver=1.0 HTTP/1.1" 200 810 "https://ajhydell.com/2020/11/23/american-soldiers-capture-a-local-man-during-the-us-invasion-of-the-island-of-grenada-october-1983-2048x1404/" "Mozilla/5.0 (Windows NT 10.0; Win64; x64) AppleWebKit/537.36 (KHTML, like Gecko) Chrome/91.0.4472.124 Safari/537.36"
81.154.230.244 - - [12/Jul/2021:04:23:13 -0400] "GET /wp-includes/js/wp-emoji-release.min.js?ver=5.7.2 HTTP/1.1" 200 5152 "https://ajhydell.com/2020/11/23/american-soldiers-capture-a-local-man-during-the-us-invasion-of-the-island-of-grenada-october-1983-2048x1404/" "Mozilla/5.0 (Windows NT 10.0; Win64; x64) AppleWebKit/537.36 (KHTML, like Gecko) Chrome/91.0.4472.124 Safari/537.36"
81.154.230.244 - - [12/Jul/2021:04:23:13 -0400] "GET /?wordfence_lh=1&hid=E9D2F2BEA22AF5F7B0857EEBC22A23F4&r=0.9257633180269733 HTTP/1.1" 200 347 "https://ajhydell.com/2020/11/23/american-soldiers-capture-a-local-man-during-the-us-invasion-of-the-island-of-grenada-october-1983-2048x1404/" "Mozilla/5.0 (Windows NT 10.0; Win64; x64) AppleWebKit/537.36 (KHTML, like Gecko) Chrome/91.0.4472.124 Safari/537.36"
81.154.230.244 - - [12/Jul/2021:04:23:13 -0400] "GET /wp-content/themes/royal-magazine/assets/libraries/ionicons/fonts/ionicons.ttf HTTP/1.1" 200 189155 "https://ajhydell.com/wp-content/plugins/add-expires-headers/cache/0/com/processed-header-f16a8d323e83e1bc1b76514e283fb81b7090a959.min.css" "Mozilla/5.0 (Windows NT 10.0; Win64; x64) AppleWebKit/537.36 (KHTML, like Gecko) Chrome/91.0.4472.124 Safari/537.36"
81.154.230.244 - - [12/Jul/2021:04:23:14 -0400] "GET /wp-content/plugins/facebook-pagelike-widget/loader.gif HTTP/1.1" 200 8641 "https://ajhydell.com/2020/11/23/american-soldiers-capture-a-local-man-during-the-us-invasion-of-the-island-of-grenada-october-1983-2048x1404/" "Mozilla/5.0 (Windows NT 10.0; Win64; x64) AppleWebKit/537.36 (KHTML, like Gecko) Chrome/91.0.4472.124 Safari/537.36"
81.154.230.244 - - [12/Jul/2021:04:23:13 -0400] "GET /wp-content/uploads/2020/11/picture-111.jpg HTTP/1.1" 200 1938548 "https://ajhydell.com/2020/11/23/american-soldiers-capture-a-local-man-during-the-us-invasion-of-the-island-of-grenada-october-1983-2048x1404/" "Mozilla/5.0 (Windows NT 10.0; Win64; x64) AppleWebKit/537.36 (KHTML, like Gecko) Chrome/91.0.4472.124 Safari/537.36"
81.154.230.244 - - [12/Jul/2021:04:23:15 -0400] "GET /wp-content/uploads/2018/08/cropped-logo-32x32.jpg HTTP/1.1" 200 1314 "https://ajhydell.com/2020/11/23/american-soldiers-capture-a-local-man-during-the-us-invasion-of-the-island-of-grenada-october-1983-2048x1404/" "Mozilla/5.0 (Windows NT 10.0; Win64; x64) AppleWebKit/537.36 (KHTML, like Gecko) Chrome/91.0.4472.124 Safari/537.36"
62.210.188.218 - - [12/Jul/2021:04:23:21 -0400] "GET /wp-json/oembed/1.0/embed?url=https%3A%2F%2Fajhydell.com%2F2018%2F12%2F19%2Fkathleen-beller-bic-pens-ad-1970s%2F&format=xml HTTP/1.1" 200 7934 "-" "Mozilla/5.0 (compatible; Barkrowler/0.9; +https://babbar.tech/crawler)"
54.197.222.220 - - [12/Jul/2021:04:23:22 -0400] "GET /robots.txt HTTP/1.1" 200 5897 "-" "Mozilla/5.0 (compatible; proximic; +http://www.proximic.com/info/spider.php)"
54.197.222.220 - - [12/Jul/2021:04:23:22 -0400] "GET /ads.txt HTTP/1.1" 301 579 "-" "Mozilla/5.0 (compatible; proximic; +http://www.proximic.com/info/spider.php)"
54.197.222.220 - - [12/Jul/2021:04:23:22 -0400] "GET /ads.txt HTTP/1.1" 200 520 "-" "Mozilla/5.0 (compatible; proximic; +http://www.proximic.com/info/spider.php)"
204.48.19.85 - - [12/Jul/2021:04:23:29 -0400] "POST /wp-cron.php?doing_wp_cron=1626078209.7145569324493408203125 HTTP/1.1" 200 6295 "https://ajhydell.com/wp-cron.php?doing_wp_cron=1626078209.7145569324493408203125" "WordPress/5.7.2; https://ajhydell.com"
62.210.188.218 - - [12/Jul/2021:04:23:29 -0400] "GET /wp-json/oembed/1.0/embed?url=https%3A%2F%2Fajhydell.com%2F2018%2F12%2F29%2Fbea-alerte-says-canada-c-1950s%2F&format=xml HTTP/1.1" 200 7931 "-" "Mozilla/5.0 (compatible; Barkrowler/0.9; +https://babbar.tech/crawler)"
209.85.238.99 - - [12/Jul/2021:04:23:38 -0400] "GET /2020/11/23/american-soldiers-capture-a-local-man-during-the-us-invasion-of-the-island-of-grenada-october-1983-2048x1404/ HTTP/1.1" 200 19091 "-" "Mediapartners-Google"
204.48.19.85 - - [12/Jul/2021:04:23:48 -0400] "POST /wp-cron.php?doing_wp_cron=1626078228.3963730335235595703125 HTTP/1.1" 200 6295 "https://ajhydell.com/wp-cron.php?doing_wp_cron=1626078228.3963730335235595703125" "WordPress/5.7.2; https://ajhydell.com"
62.210.188.218 - - [12/Jul/2021:04:23:48 -0400] "GET /wp-json/oembed/1.0/embed?url=https%3A%2F%2Fajhydell.com%2F2018%2F12%2F26%2Fportrait-of-an-old-man-practicing-skin-tones%2F HTTP/1.1" 200 9187 "-" "Mozilla/5.0 (compatible; Barkrowler/0.9; +https://babbar.tech/crawler)"
62.210.188.218 - - [12/Jul/2021:04:23:56 -0400] "GET /wp-json/oembed/1.0/embed?url=https%3A%2F%2Fajhydell.com%2F2018%2F08%2F29%2Fv1-flying-bombs-in-underground-production-line%2F HTTP/1.1" 200 9234 "-" "Mozilla/5.0 (compatible; Barkrowler/0.9; +https://babbar.tech/crawler)"
62.210.188.218 - - [12/Jul/2021:04:24:05 -0400] "GET /2018/12/25/surveillance-image-of-the-suffragette-prisoner-grace-marcon-my-first-colorization-attempt/ HTTP/1.1" 200 18960 "-" "Mozilla/5.0 (compatible; Barkrowler/0.9; +https://babbar.tech/crawler)"
62.210.188.218 - - [12/Jul/2021:04:24:15 -0400] "GET /2018/11/24/police-officer-john-shuttleworth-waist-high-in-flood-waters-cambridge-ontario-1974-1024x948/ HTTP/1.1" 200 19007 "-" "Mozilla/5.0 (compatible; Barkrowler/0.9; +https://babbar.tech/crawler)"
106.38.241.125 - - [12/Jul/2021:04:24:19 -0400] "GET / HTTP/1.1" 301 528 "-" "Sogou web spider/4.0(+http://www.sogou.com/docs/help/webmasters.htm#07)"
62.210.188.218 - - [12/Jul/2021:04:24:24 -0400] "GET /2018/12/30/british-airborne-pathfinders-check-their-watches-on-the-night-before-d-day-1944-colorized/feed/ HTTP/1.1" 200 1770 "-" "Mozilla/5.0 (compatible; Barkrowler/0.9; +https://babbar.tech/crawler)"
54.36.148.117 - - [12/Jul/2021:04:24:30 -0400] "GET /2019/05/30/german-stug-iii-assault-gun-in-stalingrad-russia-sep-1942-and-the-same-place/ HTTP/1.1" 200 18838 "-" "Mozilla/5.0 (compatible; AhrefsBot/7.0; +http://ahrefs.com/robot/)"
34.240.166.66 - - [12/Jul/2021:04:24:40 -0400] "GET /feed/ HTTP/1.1" 200 7988 "-" "Krzana bot"
132.145.66.116 - - [12/Jul/2021:04:24:42 -0400] "GET /robots.txt HTTP/1.1" 301 529 "-" "Mozilla/5.0 (compatible; GrapeshotCrawler/2.0; +http://www.grapeshot.co.uk/crawler.php)"
132.145.66.116 - - [12/Jul/2021:04:24:42 -0400] "GET /robots.txt HTTP/1.1" 200 5841 "-" "Mozilla/5.0 (compatible; GrapeshotCrawler/2.0; +http://www.grapeshot.co.uk/crawler.php)"
140.238.95.199 - - [12/Jul/2021:04:24:42 -0400] "GET /2020/11/23/american-soldiers-capture-a-local-man-during-the-us-invasion-of-the-island-of-grenada-october-1983-2048x1404 HTTP/1.1" 301 747 "-" "Mozilla/5.0 (compatible; GrapeshotCrawler/2.0; +http://www.grapeshot.co.uk/crawler.php)"
140.238.95.199 - - [12/Jul/2021:04:24:43 -0400] "GET /2020/11/23/american-soldiers-capture-a-local-man-during-the-us-invasion-of-the-island-of-grenada-october-1983-2048x1404 HTTP/1.1" 301 5848 "-" "Mozilla/5.0 (compatible; GrapeshotCrawler/2.0; +http://www.grapeshot.co.uk/crawler.php)"
140.238.95.199 - - [12/Jul/2021:04:24:43 -0400] "GET /2020/11/23/american-soldiers-capture-a-local-man-during-the-us-invasion-of-the-island-of-grenada-october-1983-2048x1404/ HTTP/1.1" 200 12927 "-" "Mozilla/5.0 (compatible; GrapeshotCrawler/2.0; +http://www.grapeshot.co.uk/crawler.php)"
204.48.19.85 - - [12/Jul/2021:04:24:47 -0400] "POST /wp-cron.php?doing_wp_cron=1626078287.4962570667266845703125 HTTP/1.1" 200 6295 "https://ajhydell.com/wp-cron.php?doing_wp_cron=1626078287.4962570667266845703125" "WordPress/5.7.2; https://ajhydell.com"
140.238.95.199 - - [12/Jul/2021:04:24:47 -0400] "GET /2020/11/23/american-soldiers-capture-a-local-man-during-the-us-invasion-of-the-island-of-grenada-october-1983-2048x1404/ HTTP/1.1" 200 18293 "-" "Mozilla/5.0 (compatible; GrapeshotCrawler/2.0; +http://www.grapeshot.co.uk/crawler.php)"
112.133.245.181 - - [12/Jul/2021:04:25:06 -0400] "POST /xmlrpc.php HTTP/1.1" 503 24041 "-" "Mozilla/5.0 (X11; Linux i686; rv:2.0.1) Gecko/20100101 Firefox/4.0.1"
112.133.245.181 - - [12/Jul/2021:04:25:08 -0400] "POST /wp-login.php HTTP/1.1" 503 24041 "-" "Mozilla/5.0 (X11; Linux i686; rv:2.0.1) Gecko/20100101 Firefox/4.0.1"
204.48.19.85 - - [12/Jul/2021:04:26:07 -0400] "POST /?wordfence_syncAttackData=1626078367.1095 HTTP/1.1" 200 6300 "https://ajhydell.com/?wordfence_syncAttackData=1626078367.1095" "WordPress/5.7.2; https://ajhydell.com"
204.48.19.85 - - [12/Jul/2021:04:26:07 -0400] "POST /wp-cron.php?doing_wp_cron=1626078367.2055809497833251953125 HTTP/1.1" 200 6295 "https://ajhydell.com/wp-cron.php?doing_wp_cron=1626078367.2055809497833251953125" "WordPress/5.7.2; https://ajhydell.com"
157.55.39.62 - - [12/Jul/2021:04:26:07 -0400] "GET /2019/01/21/the-american-railroad-businessman-henry-meiggs-in-his-youth-file-photo-helsby-and-ca/ HTTP/1.1" 200 18514 "-" "Mozilla/5.0 (compatible; bingbot/2.0; +http://www.bing.com/bingbot.htm)"
207.46.13.137 - - [12/Jul/2021:04:27:14 -0400] "GET /wp-content/uploads/2021/05/picture-73-225x300.jpg HTTP/1.1" 200 141734 "-" "Mozilla/5.0 (compatible; bingbot/2.0; +http://www.bing.com/bingbot.htm)"
204.48.19.85 - - [12/Jul/2021:04:27:28 -0400] "POST /wp-cron.php?doing_wp_cron=1626078448.8523321151733398437500 HTTP/1.1" 200 6295 "https://ajhydell.com/wp-cron.php?doing_wp_cron=1626078448.8523321151733398437500" "WordPress/5.7.2; https://ajhydell.com"
207.46.13.113 - - [12/Jul/2021:04:27:28 -0400] "GET /2019/11/23/ HTTP/1.1" 200 18035 "-" "Mozilla/5.0 (compatible; bingbot/2.0; +http://www.bing.com/bingbot.htm)"
192.241.223.165 - - [12/Jul/2021:04:27:31 -0400] "GET / HTTP/1.1" 200 19519 "-" "Mozilla/5.0 zgrab/0.x"
89.241.123.89 - - [12/Jul/2021:04:29:58 -0400] "GET /wp-content/uploads/2018/09/picture-114.jpg HTTP/1.1" 200 3738502 "https://www.bing.com/" "Mozilla/5.0 (Windows NT 10.0; Win64; x64) AppleWebKit/537.36 (KHTML, like Gecko) Chrome/91.0.4472.124 Safari/537.36 Edg/91.0.864.67"
66.249.65.228 - - [12/Jul/2021:04:30:17 -0400] "GET /feed/ HTTP/1.1" 200 8044 "-" "Mozilla/5.0 (compatible; Googlebot/2.1; +http://www.google.com/bot.html)"
204.48.19.85 - - [12/Jul/2021:04:30:17 -0400] "POST /wp-cron.php?doing_wp_cron=1626078617.1921079158782958984375 HTTP/1.1" 200 6295 "https://ajhydell.com/wp-cron.php?doing_wp_cron=1626078617.1921079158782958984375" "WordPress/5.7.2; https://ajhydell.com"
89.241.123.89 - - [12/Jul/2021:04:30:18 -0400] "-" 408 6041 "-" "-"
204.48.19.85 - - [12/Jul/2021:04:30:46 -0400] "POST /wp-cron.php?doing_wp_cron=1626078646.6046500205993652343750 HTTP/1.1" 200 6295 "https://ajhydell.com/wp-cron.php?doing_wp_cron=1626078646.6046500205993652343750" "WordPress/5.7.2; https://ajhydell.com"
157.55.39.62 - - [12/Jul/2021:04:30:46 -0400] "GET /2019/01/08/the-apollo-11-crew-1969/ HTTP/1.1" 200 18378 "-" "Mozilla/5.0 (compatible; bingbot/2.0; +http://www.bing.com/bingbot.htm)"
23.100.232.233 - - [12/Jul/2021:04:31:05 -0400] "GET /2020/10/28/donald-trump-introducing-his-children-eric-and-ivanka-to-jeffrey-epstein-harley-davidson-cafe-new-york-october-1993-1024-x-690/ HTTP/1.1" 200 18597 "-" "Mozilla/5.0 (compatible; MSIE 9.0; Windows NT 6.1; Trident/5.0;  Trident/5.0)"
204.48.19.85 - - [12/Jul/2021:04:31:05 -0400] "POST /wp-cron.php?doing_wp_cron=1626078665.7444570064544677734375 HTTP/1.1" 200 6295 "https://ajhydell.com/wp-cron.php?doing_wp_cron=1626078665.7444570064544677734375" "WordPress/5.7.2; https://ajhydell.com"
23.100.232.233 - - [12/Jul/2021:04:31:08 -0400] "GET /wp-content/plugins/add-expires-headers/cache/0/com/processed-header-f16a8d323e83e1bc1b76514e283fb81b7090a959.min.css HTTP/1.1" 200 52893 "https://ajhydell.com/2020/10/28/donald-trump-introducing-his-children-eric-and-ivanka-to-jeffrey-epstein-harley-davidson-cafe-new-york-october-1993-1024-x-690/" "Mozilla/5.0 (compatible; MSIE 9.0; Windows NT 6.1; Trident/5.0;  Trident/5.0)"
23.100.232.233 - - [12/Jul/2021:04:31:09 -0400] "GET /wp-includes/js/jquery/jquery.min.js?ver=3.5.1 HTTP/1.1" 200 31550 "https://ajhydell.com/2020/10/28/donald-trump-introducing-his-children-eric-and-ivanka-to-jeffrey-epstein-harley-davidson-cafe-new-york-october-1993-1024-x-690/" "Mozilla/5.0 (compatible; MSIE 9.0; Windows NT 6.1; Trident/5.0;  Trident/5.0)"
23.100.232.233 - - [12/Jul/2021:04:31:09 -0400] "GET /wp-content/plugins/google-analytics-for-wordpress/assets/js/frontend-gtag.min.js?ver=7.17.0 HTTP/1.1" 200 3476 "https://ajhydell.com/2020/10/28/donald-trump-introducing-his-children-eric-and-ivanka-to-jeffrey-epstein-harley-davidson-cafe-new-york-october-1993-1024-x-690/" "Mozilla/5.0 (compatible; MSIE 9.0; Windows NT 6.1; Trident/5.0;  Trident/5.0)"
23.100.232.233 - - [12/Jul/2021:04:31:09 -0400] "GET /wp-includes/js/jquery/jquery-migrate.min.js?ver=3.3.2 HTTP/1.1" 200 4687 "https://ajhydell.com/2020/10/28/donald-trump-introducing-his-children-eric-and-ivanka-to-jeffrey-epstein-harley-davidson-cafe-new-york-october-1993-1024-x-690/" "Mozilla/5.0 (compatible; MSIE 9.0; Windows NT 6.1; Trident/5.0;  Trident/5.0)"
23.100.232.233 - - [12/Jul/2021:04:31:12 -0400] "GET /wp-includes/js/wp-emoji-release.min.js?ver=5.7.2 HTTP/1.1" 200 5183 "https://ajhydell.com/2020/10/28/donald-trump-introducing-his-children-eric-and-ivanka-to-jeffrey-epstein-harley-davidson-cafe-new-york-october-1993-1024-x-690/" "Mozilla/5.0 (compatible; MSIE 9.0; Windows NT 6.1; Trident/5.0;  Trident/5.0)"
23.100.232.233 - - [12/Jul/2021:04:31:12 -0400] "GET /wp-content/plugins/wp-smushit/app/assets/js/smush-lazy-load.min.js?ver=3.8.7 HTTP/1.1" 200 4207 "https://ajhydell.com/2020/10/28/donald-trump-introducing-his-children-eric-and-ivanka-to-jeffrey-epstein-harley-davidson-cafe-new-york-october-1993-1024-x-690/" "Mozilla/5.0 (compatible; MSIE 9.0; Windows NT 6.1; Trident/5.0;  Trident/5.0)"
23.100.232.233 - - [12/Jul/2021:04:31:12 -0400] "GET /wp-content/themes/royal-magazine/js/navigation.js?ver=20151215 HTTP/1.1" 200 1349 "https://ajhydell.com/2020/10/28/donald-trump-introducing-his-children-eric-and-ivanka-to-jeffrey-epstein-harley-davidson-cafe-new-york-october-1993-1024-x-690/" "Mozilla/5.0 (compatible; MSIE 9.0; Windows NT 6.1; Trident/5.0;  Trident/5.0)"
23.100.232.233 - - [12/Jul/2021:04:31:12 -0400] "GET /wp-content/themes/royal-magazine/js/skip-link-focus-fix.js?ver=20151215 HTTP/1.1" 200 933 "https://ajhydell.com/2020/10/28/donald-trump-introducing-his-children-eric-and-ivanka-to-jeffrey-epstein-harley-davidson-cafe-new-york-october-1993-1024-x-690/" "Mozilla/5.0 (compatible; MSIE 9.0; Windows NT 6.1; Trident/5.0;  Trident/5.0)"
23.100.232.233 - - [12/Jul/2021:04:31:13 -0400] "GET /wp-content/themes/royal-magazine/assets/libraries/marquee/jquery.marquee.js?ver=5.7.2 HTTP/1.1" 200 5103 "https://ajhydell.com/2020/10/28/donald-trump-introducing-his-children-eric-and-ivanka-to-jeffrey-epstein-harley-davidson-cafe-new-york-october-1993-1024-x-690/" "Mozilla/5.0 (compatible; MSIE 9.0; Windows NT 6.1; Trident/5.0;  Trident/5.0)"
23.100.232.233 - - [12/Jul/2021:04:31:13 -0400] "GET /wp-content/themes/royal-magazine/assets/libraries/bootstrap/js/bootstrap.min.js?ver=5.7.2 HTTP/1.1" 200 10404 "https://ajhydell.com/2020/10/28/donald-trump-introducing-his-children-eric-and-ivanka-to-jeffrey-epstein-harley-davidson-cafe-new-york-october-1993-1024-x-690/" "Mozilla/5.0 (compatible; MSIE 9.0; Windows NT 6.1; Trident/5.0;  Trident/5.0)"
23.100.232.233 - - [12/Jul/2021:04:31:14 -0400] "GET /wp-content/themes/royal-magazine/assets/libraries/magnific-popup/jquery.magnific-popup.min.js?ver=5.7.2 HTTP/1.1" 200 7871 "https://ajhydell.com/2020/10/28/donald-trump-introducing-his-children-eric-and-ivanka-to-jeffrey-epstein-harley-davidson-cafe-new-york-october-1993-1024-x-690/" "Mozilla/5.0 (compatible; MSIE 9.0; Windows NT 6.1; Trident/5.0;  Trident/5.0)"
23.100.232.233 - - [12/Jul/2021:04:31:14 -0400] "GET /wp-content/themes/royal-magazine/assets/twp/js/custom-script.js?ver=5.7.2 HTTP/1.1" 200 3023 "https://ajhydell.com/2020/10/28/donald-trump-introducing-his-children-eric-and-ivanka-to-jeffrey-epstein-harley-davidson-cafe-new-york-october-1993-1024-x-690/" "Mozilla/5.0 (compatible; MSIE 9.0; Windows NT 6.1; Trident/5.0;  Trident/5.0)"
23.100.232.233 - - [12/Jul/2021:04:31:14 -0400] "GET /wp-content/plugins/facebook-pagelike-widget/fb.js?ver=1.0 HTTP/1.1" 200 821 "https://ajhydell.com/2020/10/28/donald-trump-introducing-his-children-eric-and-ivanka-to-jeffrey-epstein-harley-davidson-cafe-new-york-october-1993-1024-x-690/" "Mozilla/5.0 (compatible; MSIE 9.0; Windows NT 6.1; Trident/5.0;  Trident/5.0)"
23.100.232.233 - - [12/Jul/2021:04:31:14 -0400] "GET /wp-content/themes/royal-magazine/assets/libraries/slick/js/slick.min.js?ver=5.7.2 HTTP/1.1" 200 10740 "https://ajhydell.com/2020/10/28/donald-trump-introducing-his-children-eric-and-ivanka-to-jeffrey-epstein-harley-davidson-cafe-new-york-october-1993-1024-x-690/" "Mozilla/5.0 (compatible; MSIE 9.0; Windows NT 6.1; Trident/5.0;  Trident/5.0)"
23.100.232.233 - - [12/Jul/2021:04:31:15 -0400] "GET /wp-includes/js/wp-embed.min.js?ver=5.7.2 HTTP/1.1" 200 1221 "https://ajhydell.com/2020/10/28/donald-trump-introducing-his-children-eric-and-ivanka-to-jeffrey-epstein-harley-davidson-cafe-new-york-october-1993-1024-x-690/" "Mozilla/5.0 (compatible; MSIE 9.0; Windows NT 6.1; Trident/5.0;  Trident/5.0)"
23.100.232.233 - - [12/Jul/2021:04:31:15 -0400] "GET /wp-content/themes/royal-magazine/assets/libraries/theiaStickySidebar/theia-sticky-sidebar.min.js?ver=5.7.2 HTTP/1.1" 200 2271 "https://ajhydell.com/2020/10/28/donald-trump-introducing-his-children-eric-and-ivanka-to-jeffrey-epstein-harley-davidson-cafe-new-york-october-1993-1024-x-690/" "Mozilla/5.0 (compatible; MSIE 9.0; Windows NT 6.1; Trident/5.0;  Trident/5.0)"
204.48.19.85 - - [12/Jul/2021:04:31:17 -0400] "POST /wp-cron.php?doing_wp_cron=1626078677.8397541046142578125000 HTTP/1.1" 200 6295 "https://ajhydell.com/wp-cron.php?doing_wp_cron=1626078677.8397541046142578125000" "WordPress/5.7.2; https://ajhydell.com"
23.100.232.233 - - [12/Jul/2021:04:31:17 -0400] "GET /?wordfence_lh=1&hid=CB1DF7C4E37BB2D76C78C62CECD62B05&r=0.2746366433577652 HTTP/1.1" 200 357 "https://ajhydell.com/2020/10/28/donald-trump-introducing-his-children-eric-and-ivanka-to-jeffrey-epstein-harley-davidson-cafe-new-york-october-1993-1024-x-690/" "Mozilla/5.0 (compatible; MSIE 9.0; Windows NT 6.1; Trident/5.0;  Trident/5.0)"
204.48.19.85 - - [12/Jul/2021:04:31:41 -0400] "POST /wp-cron.php?doing_wp_cron=1626078701.4812150001525878906250 HTTP/1.1" 200 6295 "https://ajhydell.com/wp-cron.php?doing_wp_cron=1626078701.4812150001525878906250" "WordPress/5.7.2; https://ajhydell.com"
114.119.138.170 - - [12/Jul/2021:04:31:41 -0400] "GET /2019/page/7 HTTP/1.1" 301 5718 "-" "Mozilla/5.0 (Linux; Android 7.0;) AppleWebKit/537.36 (KHTML, like Gecko) Mobile Safari/537.36 (compatible; PetalBot;+https://webmaster.petalsearch.com/site/petalbot)"
114.119.138.170 - - [12/Jul/2021:04:31:42 -0400] "GET /2019/page/7/ HTTP/1.1" 200 13963 "-" "Mozilla/5.0 (Linux; Android 7.0;) AppleWebKit/537.36 (KHTML, like Gecko) Mobile Safari/537.36 (compatible; PetalBot;+https://webmaster.petalsearch.com/site/petalbot)"
204.48.19.85 - - [12/Jul/2021:04:32:28 -0400] "POST /wp-cron.php?doing_wp_cron=1626078748.6136651039123535156250 HTTP/1.1" 200 6295 "https://ajhydell.com/wp-cron.php?doing_wp_cron=1626078748.6136651039123535156250" "WordPress/5.7.2; https://ajhydell.com"
207.46.13.54 - - [12/Jul/2021:04:32:28 -0400] "GET /2021/02/page/2/ HTTP/1.1" 200 19478 "-" "Mozilla/5.0 (compatible; bingbot/2.0; +http://www.bing.com/bingbot.htm)"
54.36.148.117 - - [12/Jul/2021:04:32:32 -0400] "GET /2018/09/15/mafia-boss-joe-masseria-lays-dead-on-a-brooklyn-restaurant-floor-holding-the-ace-of-spades-1931-700x898/ HTTP/1.1" 200 19073 "-" "Mozilla/5.0 (compatible; AhrefsBot/7.0; +http://ahrefs.com/robot/)"
162.144.195.153 - - [12/Jul/2021:04:32:38 -0400] "POST /wp-login.php HTTP/1.1" 503 24797 "-" "Mozilla/5.0 (Windows NT 6.1; Win64; x64) AppleWebKit/537.36 (KHTML, like Gecko) Chrome/67.0.3396.87 Safari/537.36"
204.48.19.85 - - [12/Jul/2021:04:36:04 -0400] "POST /wp-cron.php?doing_wp_cron=1626078964.3381090164184570312500 HTTP/1.1" 200 6295 "https://ajhydell.com/wp-cron.php?doing_wp_cron=1626078964.3381090164184570312500" "WordPress/5.7.2; https://ajhydell.com"
207.46.13.147 - - [12/Jul/2021:04:36:04 -0400] "GET /2019/10/06/a-young-woman-embraces-a-us-soldier-at-a-train-station-in-new-hope-connecticut-1945/ HTTP/1.1" 200 18376 "-" "Mozilla/5.0 (compatible; bingbot/2.0; +http://www.bing.com/bingbot.htm)"
204.48.19.85 - - [12/Jul/2021:04:38:15 -0400] "POST /wp-cron.php?doing_wp_cron=1626079095.8336949348449707031250 HTTP/1.1" 200 6295 "https://ajhydell.com/wp-cron.php?doing_wp_cron=1626079095.8336949348449707031250" "WordPress/5.7.2; https://ajhydell.com"
207.46.13.54 - - [12/Jul/2021:04:38:15 -0400] "GET /sitemap-pt-advanced_ads-2019-12.xml HTTP/1.1" 200 6329 "-" "Mozilla/5.0 (compatible; bingbot/2.0; +http://www.bing.com/bingbot.htm)"
173.252.127.15 - - [12/Jul/2021:04:38:31 -0400] "GET /2021/03/28/actress-allison-hayes/ HTTP/1.1" 206 18762 "-" "facebookexternalhit/1.1 (+http://www.facebook.com/externalhit_uatext.php)"
204.48.19.85 - - [12/Jul/2021:04:39:02 -0400] "POST /wp-cron.php?doing_wp_cron=1626079142.2392280101776123046875 HTTP/1.1" 200 6295 "https://ajhydell.com/wp-cron.php?doing_wp_cron=1626079142.2392280101776123046875" "WordPress/5.7.2; https://ajhydell.com"
106.38.241.114 - - [12/Jul/2021:04:39:02 -0400] "GET / HTTP/1.1" 200 19665 "-" "Sogou web spider/4.0(+http://www.sogou.com/docs/help/webmasters.htm#07)"
207.46.13.137 - - [12/Jul/2021:04:39:04 -0400] "GET /wp-content/uploads/2021/04/picture-76-768x586.jpg HTTP/1.1" 200 362932 "-" "Mozilla/5.0 (compatible; bingbot/2.0; +http://www.bing.com/bingbot.htm)"
157.230.141.171 - - [12/Jul/2021:04:39:05 -0400] "GET /wp-login.php HTTP/1.1" 200 8606 "-" "Mozilla/5.0 (X11; Ubuntu; Linux x86_64; rv:62.0) Gecko/20100101 Firefox/62.0"
157.230.141.171 - - [12/Jul/2021:04:39:08 -0400] "POST /wp-login.php HTTP/1.1" 200 8699 "-" "Mozilla/5.0 (X11; Ubuntu; Linux x86_64; rv:62.0) Gecko/20100101 Firefox/62.0"
157.230.141.171 - - [12/Jul/2021:04:39:09 -0400] "POST /xmlrpc.php HTTP/1.1" 200 5852 "-" "Mozilla/5.0 (X11; Ubuntu; Linux x86_64; rv:62.0) Gecko/20100101 Firefox/62.0"
204.48.19.85 - - [12/Jul/2021:04:40:32 -0400] "POST /wp-cron.php?doing_wp_cron=1626079232.8849980831146240234375 HTTP/1.1" 200 6295 "https://ajhydell.com/wp-cron.php?doing_wp_cron=1626079232.8849980831146240234375" "WordPress/5.7.2; https://ajhydell.com"
54.36.148.117 - - [12/Jul/2021:04:40:32 -0400] "GET /2021/05/30/lets-all-go-for-harvesting-north-korea-circa-2000s/ HTTP/1.1" 200 18872 "-" "Mozilla/5.0 (compatible; AhrefsBot/7.0; +http://ahrefs.com/robot/)"
185.157.6.124 - - [12/Jul/2021:04:42:00 -0400] "GET /wp-content/uploads/2019/12/picture-5.jpg HTTP/1.1" 200 185273 "https://yandex.com/images/search?ncrnd=0.986718808076866&lr=10430&rpt=imageview&url=https%3A%2F%2Favatars.mds.yandex.net%2Fget-images-cbir%2F1494562%2FKKV0Re861Fgvy0rfdOB70Q6677%2Forig&cbir_id=1494562%2FKKV0Re861Fgvy0rfdOB70Q6677" "Mozilla/5.0 (Windows NT 10.0; Win64; x64) AppleWebKit/537.36 (KHTML, like Gecko) Chrome/91.0.4472.124 Safari/537.36"
204.48.19.85 - - [12/Jul/2021:04:42:01 -0400] "POST /wp-cron.php?doing_wp_cron=1626079321.3320438861846923828125 HTTP/1.1" 200 6295 "https://ajhydell.com/wp-cron.php?doing_wp_cron=1626079321.3320438861846923828125" "WordPress/5.7.2; https://ajhydell.com"
185.157.6.124 - - [12/Jul/2021:04:42:01 -0400] "GET /favicon.ico HTTP/1.1" 302 466 "https://ajhydell.com/wp-content/uploads/2019/12/picture-5.jpg" "Mozilla/5.0 (Windows NT 10.0; Win64; x64) AppleWebKit/537.36 (KHTML, like Gecko) Chrome/91.0.4472.124 Safari/537.36"
185.157.6.124 - - [12/Jul/2021:04:42:01 -0400] "GET /wp-content/uploads/2018/08/cropped-logo-32x32.jpg HTTP/1.1" 200 1314 "https://ajhydell.com/wp-content/uploads/2019/12/picture-5.jpg" "Mozilla/5.0 (Windows NT 10.0; Win64; x64) AppleWebKit/537.36 (KHTML, like Gecko) Chrome/91.0.4472.124 Safari/537.36"
185.157.6.124 - - [12/Jul/2021:04:42:20 -0400] "-" 408 6041 "-" "-"
40.77.167.77 - - [12/Jul/2021:04:42:31 -0400] "GET /2021/04/07/the-hells-angels-at-woodstock-bethel-new-york-1969-425x640/ HTTP/1.1" 200 18288 "-" "Mozilla/5.0 (compatible; bingbot/2.0; +http://www.bing.com/bingbot.htm)"
40.77.189.2 - - [12/Jul/2021:04:42:38 -0400] "GET /?wordfence_lh=1&hid=2EE2763A3C6BD1A60CA4546AD2D32710&r=0.5471396849082817 HTTP/1.1" 200 6388 "https://ajhydell.com/2021/04/07/the-hells-angels-at-woodstock-bethel-new-york-1969-425x640/" "Mozilla/5.0 (Windows NT 6.1; WOW64) AppleWebKit/534+ (KHTML, like Gecko) BingPreview/1.0b"
204.48.19.85 - - [12/Jul/2021:04:43:07 -0400] "POST /wp-cron.php?doing_wp_cron=1626079387.9010291099548339843750 HTTP/1.1" 200 6295 "https://ajhydell.com/wp-cron.php?doing_wp_cron=1626079387.9010291099548339843750" "WordPress/5.7.2; https://ajhydell.com"
17.121.114.24 - - [12/Jul/2021:04:43:07 -0400] "GET /2019/03/22/women-dont-travel-like-they-used-to-1970s/ HTTP/1.1" 200 18088 "-" "Mozilla/5.0 (Macintosh; Intel Mac OS X 10_15_5) AppleWebKit/605.1.15 (KHTML, like Gecko) Version/13.1.1 Safari/605.1.15 (Applebot/0.1; +http://www.apple.com/go/applebot)"
207.46.13.137 - - [12/Jul/2021:04:45:16 -0400] "GET /wp-content/uploads/2021/04/picture-139-488x1024.jpg HTTP/1.1" 200 91518 "-" "Mozilla/5.0 (compatible; bingbot/2.0; +http://www.bing.com/bingbot.htm)"
204.48.19.85 - - [12/Jul/2021:04:46:41 -0400] "POST /wp-cron.php?doing_wp_cron=1626079601.4420859813690185546875 HTTP/1.1" 200 6295 "https://ajhydell.com/wp-cron.php?doing_wp_cron=1626079601.4420859813690185546875" "WordPress/5.7.2; https://ajhydell.com"
159.65.154.142 - - [12/Jul/2021:04:46:41 -0400] "POST /wp-login.php HTTP/1.1" 503 24797 "-" "Mozilla/5.0 (Windows NT 6.1) AppleWebKit/537.36 (KHTML, like Gecko) Chrome/62.0.3202.94 Safari/537.36"
204.48.19.85 - - [12/Jul/2021:04:46:45 -0400] "POST /wp-cron.php?doing_wp_cron=1626079605.2187941074371337890625 HTTP/1.1" 200 6295 "https://ajhydell.com/wp-cron.php?doing_wp_cron=1626079605.2187941074371337890625" "WordPress/5.7.2; https://ajhydell.com"
5.102.173.71 - - [12/Jul/2021:04:46:45 -0400] "GET /robots.txt HTTP/1.1" 200 5811 "-" "Mozilla/5.0 (compatible; MojeekBot/0.10; +https://www.mojeek.com/bot.html)"
5.102.173.71 - - [12/Jul/2021:04:46:45 -0400] "GET /2021/07/11/soviet-soldiers-after-withdrawing-from-afghanistan-late-1980s-1020-x-655/ HTTP/1.1" 200 12591 "-" "Mozilla/5.0 (compatible; MojeekBot/0.10; +https://www.mojeek.com/bot.html)"
17.121.115.105 - - [12/Jul/2021:04:46:52 -0400] "GET /2018/10/03/rittmeister-manfred-von-richthofen-1892-1918/ HTTP/1.1" 200 18003 "-" "Mozilla/5.0 (Macintosh; Intel Mac OS X 10_15_5) AppleWebKit/605.1.15 (KHTML, like Gecko) Version/13.1.1 Safari/605.1.15 (Applebot/0.1; +http://www.apple.com/go/applebot)"
204.48.19.85 - - [12/Jul/2021:04:47:53 -0400] "POST /wp-cron.php?doing_wp_cron=1626079673.3932309150695800781250 HTTP/1.1" 200 6295 "https://ajhydell.com/wp-cron.php?doing_wp_cron=1626079673.3932309150695800781250" "WordPress/5.7.2; https://ajhydell.com"
62.210.188.218 - - [12/Jul/2021:04:47:53 -0400] "GET /2018/11/17/worker-the-vice-will-lead-you-to-despair-and-madness-avoid-it-spain-cnt-ait-1930s/ HTTP/1.1" 200 19168 "-" "Mozilla/5.0 (compatible; Barkrowler/0.9; +https://babbar.tech/crawler)"
54.36.148.117 - - [12/Jul/2021:04:47:55 -0400] "GET /2021/03/20/meet-the-night-witches-fearless-soviet-female-pilots-who-bombed-nazis-by-night-1941/ HTTP/1.1" 200 18853 "-" "Mozilla/5.0 (compatible; AhrefsBot/7.0; +http://ahrefs.com/robot/)"
62.210.188.218 - - [12/Jul/2021:04:48:02 -0400] "GET /2018/08/27/carlos-latuff-caricature-accusing-both-obama-and-mccain-of-being-imperialists-brazil-2008/feed/ HTTP/1.1" 200 7260 "-" "Mozilla/5.0 (compatible; Barkrowler/0.9; +https://babbar.tech/crawler)"
185.191.171.8 - - [12/Jul/2021:04:48:10 -0400] "GET /robots.txt HTTP/1.1" 200 6480 "-" "Mozilla/5.0 (compatible; SemrushBot/7~bl; +http://www.semrush.com/bot.html)"
62.210.188.218 - - [12/Jul/2021:04:48:10 -0400] "GET /2019/11/28/the-greatest-crime-in-christendom-eat-less-waste-nothing-us-food-administration-1918/ HTTP/1.1" 200 19007 "-" "Mozilla/5.0 (compatible; Barkrowler/0.9; +https://babbar.tech/crawler)"
185.191.171.25 - - [12/Jul/2021:04:48:10 -0400] "GET /2020/08/02/what-is-now-the-fully-developed-las-vegas-strip-1955-494-x-492/ HTTP/1.1" 200 18714 "-" "Mozilla/5.0 (compatible; SemrushBot/7~bl; +http://www.semrush.com/bot.html)"
62.210.188.218 - - [12/Jul/2021:04:48:19 -0400] "GET /2019/08/20/hungarian-anti-war-poster-from-1912-2-years-before-ww1-austro-hungarian-empire/ HTTP/1.1" 200 18940 "-" "Mozilla/5.0 (compatible; Barkrowler/0.9; +https://babbar.tech/crawler)"
62.210.188.218 - - [12/Jul/2021:04:48:28 -0400] "GET /2019/08/23/anti-aircraft-fire-over-belgrade-capital-of-yugoslavia-spring-1999-1200x675/ HTTP/1.1" 200 18870 "-" "Mozilla/5.0 (compatible; Barkrowler/0.9; +https://babbar.tech/crawler)"
106.38.241.114 - - [12/Jul/2021:04:48:31 -0400] "GET / HTTP/1.1" 200 19662 "-" "Sogou web spider/4.0(+http://www.sogou.com/docs/help/webmasters.htm#07)"
62.210.188.218 - - [12/Jul/2021:04:48:36 -0400] "GET /2019/12/24/all-powerful-gold-i-love-no-other-god-but-you-anticlerical-cartoon-france-1901/ HTTP/1.1" 200 13410 "-" "Mozilla/5.0 (compatible; Barkrowler/0.9; +https://babbar.tech/crawler)"
204.48.19.85 - - [12/Jul/2021:04:48:45 -0400] "POST /wp-cron.php?doing_wp_cron=1626079725.3373680114746093750000 HTTP/1.1" 200 6295 "https://ajhydell.com/wp-cron.php?doing_wp_cron=1626079725.3373680114746093750000" "WordPress/5.7.2; https://ajhydell.com"
62.210.188.218 - - [12/Jul/2021:04:48:45 -0400] "GET /2020/11/08/a-worker-standing-in-one-of-the-canal-locks-of-the-panama-canal-circa-1912-1348x1600/ HTTP/1.1" 200 13586 "-" "Mozilla/5.0 (compatible; Barkrowler/0.9; +https://babbar.tech/crawler)"
62.210.188.218 - - [12/Jul/2021:04:48:53 -0400] "GET /2020/11/17/otto-funk-when-he-was-18-he-destroyed-its-first-tank-with-a-mg-42-in-1944/ HTTP/1.1" 200 18947 "-" "Mozilla/5.0 (compatible; Barkrowler/0.9; +https://babbar.tech/crawler)"
62.210.188.218 - - [12/Jul/2021:04:49:02 -0400] "GET /2020/11/05/paris-august-25-1944-resistance-fighters-and-french-soldier-of-the-2nd-armored-division/ HTTP/1.1" 200 18799 "-" "Mozilla/5.0 (compatible; Barkrowler/0.9; +https://babbar.tech/crawler)"
62.210.188.218 - - [12/Jul/2021:04:49:10 -0400] "GET /2020/10/29/the-german-tank-destroyer-crewman-marking-defeated-russian-tanks-on-his-gun-barrel/ HTTP/1.1" 200 18840 "-" "Mozilla/5.0 (compatible; Barkrowler/0.9; +https://babbar.tech/crawler)"
62.210.188.218 - - [12/Jul/2021:04:49:19 -0400] "GET /2020/10/29/the-german-tank-destroyer-crewman-marking-defeated-russian-tanks-on-his-gun-barrel/feed/ HTTP/1.1" 200 7249 "-" "Mozilla/5.0 (compatible; Barkrowler/0.9; +https://babbar.tech/crawler)"
62.210.188.218 - - [12/Jul/2021:04:49:27 -0400] "GET /2020/12/29/suriname-after-250-years-as-a-dutch-colony-compared-to-other-dutch-colonies-1917/ HTTP/1.1" 200 18884 "-" "Mozilla/5.0 (compatible; Barkrowler/0.9; +https://babbar.tech/crawler)"
62.210.188.218 - - [12/Jul/2021:04:49:35 -0400] "GET /2020/12/27/the-weathered-face-of-norwegian-polar-explorer-tryggve-gran-1923-337x480/ HTTP/1.1" 200 18887 "-" "Mozilla/5.0 (compatible; Barkrowler/0.9; +https://babbar.tech/crawler)"
62.210.188.218 - - [12/Jul/2021:04:49:44 -0400] "GET /2020/07/29/imperial-japanese-navy-special-naval-landing-force-troops-on-a-beach-in-the-dutch-east-indies-1942/ HTTP/1.1" 200 18940 "-" "Mozilla/5.0 (compatible; Barkrowler/0.9; +https://babbar.tech/crawler)"
204.48.19.85 - - [12/Jul/2021:04:49:54 -0400] "POST /wp-cron.php?doing_wp_cron=1626079794.7866449356079101562500 HTTP/1.1" 200 6295 "https://ajhydell.com/wp-cron.php?doing_wp_cron=1626079794.7866449356079101562500" "WordPress/5.7.2; https://ajhydell.com"
62.210.188.218 - - [12/Jul/2021:04:49:54 -0400] "GET /2020/07/29/you-cant-buy-a-better-vodka-for-love-nor-rubles-gilbeys-vodka-1967/ HTTP/1.1" 200 18858 "-" "Mozilla/5.0 (compatible; Barkrowler/0.9; +https://babbar.tech/crawler)"
62.210.188.218 - - [12/Jul/2021:04:50:03 -0400] "GET /2020/09/16/weapons-collection-point-in-germany-never-seen-so-many-goliath-demolition-units-together/ HTTP/1.1" 200 19083 "-" "Mozilla/5.0 (compatible; Barkrowler/0.9; +https://babbar.tech/crawler)"
62.210.188.218 - - [12/Jul/2021:04:50:11 -0400] "GET /2020/09/04/be-nice-to-your-nose-with-screenz-the-original-stainless-steel-coke-screen-1976/ HTTP/1.1" 200 18811 "-" "Mozilla/5.0 (compatible; Barkrowler/0.9; +https://babbar.tech/crawler)"
62.210.188.218 - - [12/Jul/2021:04:50:20 -0400] "GET /2020/05/27/mormonism-in-utah-cave-of-despair-frank-leslies-illustrated-newspaper-1882/feed/ HTTP/1.1" 200 7263 "-" "Mozilla/5.0 (compatible; Barkrowler/0.9; +https://babbar.tech/crawler)"
62.210.188.218 - - [12/Jul/2021:04:50:28 -0400] "GET /2020/05/30/chuck-berry-and-carl-sagan-celebrating-the-success-of-voyager-2-1989-1200x887/feed/ HTTP/1.1" 200 1770 "-" "Mozilla/5.0 (compatible; Barkrowler/0.9; +https://babbar.tech/crawler)"
173.236.136.5 - - [12/Jul/2021:04:50:29 -0400] "POST /wp-login.php HTTP/1.1" 503 24797 "-" "Mozilla/5.0 (Windows NT 6.1; WOW64) AppleWebKit/537.36 (KHTML, like Gecko) Chrome/48.0.2564.109 Safari/537.36"
62.210.188.218 - - [12/Jul/2021:04:50:36 -0400] "GET /2020/10/12/famous-czar-and-kaiser-cousins-with-puzzling-french-caption-1905-4236x2674/feed/ HTTP/1.1" 200 1769 "-" "Mozilla/5.0 (compatible; Barkrowler/0.9; +https://babbar.tech/crawler)"
204.48.19.85 - - [12/Jul/2021:04:50:45 -0400] "POST /wp-cron.php?doing_wp_cron=1626079845.2467219829559326171875 HTTP/1.1" 200 6295 "https://ajhydell.com/wp-cron.php?doing_wp_cron=1626079845.2467219829559326171875" "WordPress/5.7.2; https://ajhydell.com"
62.210.188.218 - - [12/Jul/2021:04:50:45 -0400] "GET /2020/12/12/south-african-soldiers-posing-with-a-captured-italian-flag-during-the-east-african-campaign-1941/ HTTP/1.1" 200 18960 "-" "Mozilla/5.0 (compatible; Barkrowler/0.9; +https://babbar.tech/crawler)"
204.48.19.85 - - [12/Jul/2021:04:51:07 -0400] "POST /wp-cron.php?doing_wp_cron=1626079867.7815780639648437500000 HTTP/1.1" 200 6295 "https://ajhydell.com/wp-cron.php?doing_wp_cron=1626079867.7815780639648437500000" "WordPress/5.7.2; https://ajhydell.com"
62.210.188.218 - - [12/Jul/2021:04:51:08 -0400] "GET /2021/03/25/if-you-talk-to-much-this-man-may-die-written-around-a-mirror-world-war-ii/ HTTP/1.1" 200 18930 "-" "Mozilla/5.0 (compatible; Barkrowler/0.9; +https://babbar.tech/crawler)"
112.133.245.181 - - [12/Jul/2021:04:51:07 -0400] "POST /xmlrpc.php HTTP/1.1" 403 6139 "-" "Mozilla/5.0 (X11; Linux i686; rv:2.0.1) Gecko/20100101 Firefox/4.0.1"
112.133.245.181 - - [12/Jul/2021:04:51:10 -0400] "POST /wp-login.php HTTP/1.1" 200 14480 "-" "Mozilla/5.0 (X11; Linux i686; rv:2.0.1) Gecko/20100101 Firefox/4.0.1"
62.210.188.218 - - [12/Jul/2021:04:51:16 -0400] "GET /2021/01/12/us-veterans-of-four-different-wars-that-lived-in-the-same-town-of-geary-oklahoma-1940s/ HTTP/1.1" 200 18864 "-" "Mozilla/5.0 (compatible; Barkrowler/0.9; +https://babbar.tech/crawler)"
62.210.188.218 - - [12/Jul/2021:04:51:25 -0400] "GET /2021/01/09/us-coast-guard-soldiers-searching-for-german-weather-stations-on-greenland-date-unknown-1280x890/ HTTP/1.1" 200 18905 "-" "Mozilla/5.0 (compatible; Barkrowler/0.9; +https://babbar.tech/crawler)"
5.255.253.148 - - [12/Jul/2021:04:51:31 -0400] "GET /robots.txt HTTP/1.1" 200 6535 "-" "Mozilla/5.0 (compatible; YandexBot/3.0; +http://yandex.com/bots)"
62.210.188.218 - - [12/Jul/2021:04:51:33 -0400] "GET /2021/02/03/german-panzer-iv-and-infantry-engaged-in-a-field-near-volchov-forest-1942/feed/ HTTP/1.1" 200 7255 "-" "Mozilla/5.0 (compatible; Barkrowler/0.9; +https://babbar.tech/crawler)"
5.255.253.148 - - [12/Jul/2021:04:51:35 -0400] "GET /wp-content/uploads/2019/12/picture-29-745x1024.jpg HTTP/1.1" 304 277 "-" "Mozilla/5.0 (compatible; YandexImages/3.0; +http://yandex.com/bots)"
204.48.19.85 - - [12/Jul/2021:04:51:41 -0400] "POST /wp-cron.php?doing_wp_cron=1626079901.9252319335937500000000 HTTP/1.1" 200 6295 "https://ajhydell.com/wp-cron.php?doing_wp_cron=1626079901.9252319335937500000000" "WordPress/5.7.2; https://ajhydell.com"
62.210.188.218 - - [12/Jul/2021:04:51:41 -0400] "GET /2021/03/19/a-crew-member-inspects-the-flak-damage-to-his-b29-after-a-raid-on-tokyo-april-1945/ HTTP/1.1" 200 18839 "-" "Mozilla/5.0 (compatible; Barkrowler/0.9; +https://babbar.tech/crawler)"
204.48.19.85 - - [12/Jul/2021:04:51:50 -0400] "POST /wp-cron.php?doing_wp_cron=1626079910.4109110832214355468750 HTTP/1.1" 200 6295 "https://ajhydell.com/wp-cron.php?doing_wp_cron=1626079910.4109110832214355468750" "WordPress/5.7.2; https://ajhydell.com"
62.210.188.218 - - [12/Jul/2021:04:51:50 -0400] "GET /2021/05/04/mounted-cop-flies-down-tremont-street-boston-1920s-photo-by-leslie-jones600x475/ HTTP/1.1" 200 18917 "-" "Mozilla/5.0 (compatible; Barkrowler/0.9; +https://babbar.tech/crawler)"
62.210.188.218 - - [12/Jul/2021:04:51:58 -0400] "GET /2021/03/02/soviet-soldier-carrying-the-head-of-a-statue-of-hitler-berlin-1945-3701-x-5480/ HTTP/1.1" 200 18978 "-" "Mozilla/5.0 (compatible; Barkrowler/0.9; +https://babbar.tech/crawler)"
62.210.188.218 - - [12/Jul/2021:04:52:07 -0400] "GET /wp-json/oembed/1.0/embed?url=https%3A%2F%2Fajhydell.com%2F2020%2F09%2F10%2Fkodak-ad-in-sensation-comics-46-1945%2F HTTP/1.1" 200 9147 "-" "Mozilla/5.0 (compatible; Barkrowler/0.9; +https://babbar.tech/crawler)"
92.204.174.134 - - [12/Jul/2021:04:52:14 -0400] "GET /2020/10/26/marcus-mosiah-garvey-jr-onh-was-a-jamaican-political-activist-publisher-journalist-entrepreneur-and-orator-he-was-the-founder-and-first-president-general-of-the-universal-negro-improvement-assoc/ HTTP/1.0" 200 71220 "https://ajhydell.com/2020/10/26/marcus-mosiah-garvey-jr-onh-was-a-jamaican-political-activist-publisher-journalist-entrepreneur-and-orator-he-was-the-founder-and-first-president-general-of-the-universal-negro-improvement-assoc/" "Mozilla/5.0 (Windows NT 10.0; Win64; x64) AppleWebKit/537.36 (KHTML, like Gecko) Chrome/83.0.4098.0 Safari/537.36"
62.210.188.218 - - [12/Jul/2021:04:52:15 -0400] "GET /wp-json/oembed/1.0/embed?url=https%3A%2F%2Fajhydell.com%2F2020%2F07%2F31%2Fus-paratroopers-in-normandy-1944%2F HTTP/1.1" 200 9125 "-" "Mozilla/5.0 (compatible; Barkrowler/0.9; +https://babbar.tech/crawler)"
92.204.174.134 - - [12/Jul/2021:04:52:16 -0400] "GET /2020/10/26/casino-and-boardwalk-asbury-park-n-j-1900s/ HTTP/1.0" 200 68508 "https://ajhydell.com/2020/10/26/casino-and-boardwalk-asbury-park-n-j-1900s/" "Mozilla/5.0 (Windows NT 10.0; Win64; x64) AppleWebKit/537.36 (KHTML, like Gecko) Chrome/83.0.4098.0 Safari/537.36"
92.204.174.134 - - [12/Jul/2021:04:52:16 -0400] "GET /wp-json/oembed/1.0/embed?url=https%3A%2F%2Fajhydell.com%2F2020%2F10%2F26%2Fcasino-and-boardwalk-asbury-park-n-j-1900s%2F HTTP/1.0" 200 8680 "https://ajhydell.com/wp-json/oembed/1.0/embed?url=https%3A%2F%2Fajhydell.com%2F2020%2F10%2F26%2Fcasino-and-boardwalk-asbury-park-n-j-1900s%2F" "Mozilla/5.0 (Windows NT 10.0; Win64; x64) AppleWebKit/537.36 (KHTML, like Gecko) Chrome/83.0.4098.0 Safari/537.36"
62.210.188.218 - - [12/Jul/2021:04:52:24 -0400] "GET /wp-json/oembed/1.0/embed?url=https%3A%2F%2Fajhydell.com%2F2020%2F07%2F02%2Falgerian-soldiers-1914-or-1915%2F&format=xml HTTP/1.1" 200 7919 "-" "Mozilla/5.0 (compatible; Barkrowler/0.9; +https://babbar.tech/crawler)"
51.104.180.47 - - [12/Jul/2021:04:52:33 -0400] "GET /wp-content/uploads/2020/09/picture-13.jpg HTTP/1.1" 200 259917 "-" "DuckDuckBot/1.1; (+http://duckduckgo.com/duckduckbot.html)"
62.210.188.218 - - [12/Jul/2021:04:52:39 -0400] "GET /wp-json/oembed/1.0/embed?url=https%3A%2F%2Fajhydell.com%2F2020%2F04%2F18%2Fdetroit-michigan-1940s-885x615%2F&format=xml HTTP/1.1" 200 7935 "-" "Mozilla/5.0 (compatible; Barkrowler/0.9; +https://babbar.tech/crawler)"
204.48.19.85 - - [12/Jul/2021:04:52:48 -0400] "POST /wp-cron.php?doing_wp_cron=1626079968.0088450908660888671875 HTTP/1.1" 200 6295 "https://ajhydell.com/wp-cron.php?doing_wp_cron=1626079968.0088450908660888671875" "WordPress/5.7.2; https://ajhydell.com"
62.210.188.218 - - [12/Jul/2021:04:52:47 -0400] "GET /wp-json/oembed/1.0/embed?url=https%3A%2F%2Fajhydell.com%2F2020%2F10%2F15%2F72-highlanders-crimean-war-1850s%2F&format=xml HTTP/1.1" 200 7927 "-" "Mozilla/5.0 (compatible; Barkrowler/0.9; +https://babbar.tech/crawler)"
40.77.167.81 - - [12/Jul/2021:04:52:56 -0400] "GET /wp-content/uploads/2021/04/picture-56-768x1031.jpg HTTP/1.1" 200 912963 "-" "Mozilla/5.0 (compatible; bingbot/2.0; +http://www.bing.com/bingbot.htm)"
62.210.188.218 - - [12/Jul/2021:04:52:56 -0400] "GET /wp-json/oembed/1.0/embed?url=https%3A%2F%2Fajhydell.com%2F2020%2F11%2F08%2Fall-the-benefits-of-an-import-but-ford%2F&format=xml HTTP/1.1" 200 7941 "-" "Mozilla/5.0 (compatible; Barkrowler/0.9; +https://babbar.tech/crawler)"
