204.48.19.85 - - [10/Jul/2021:04:07:13 -0400] "POST /wp-cron.php?doing_wp_cron=1625904433.8524200916290283203125 HTTP/1.1" 200 6295 "https://ajhydell.com/wp-cron.php?doing_wp_cron=1625904433.8524200916290283203125" "WordPress/5.7.2; https://ajhydell.com"
207.46.13.70 - - [10/Jul/2021:04:07:13 -0400] "GET /2020/01/22/ HTTP/1.1" 200 18427 "-" "Mozilla/5.0 (compatible; bingbot/2.0; +http://www.bing.com/bingbot.htm)"
206.81.16.252 - - [10/Jul/2021:04:07:29 -0400] "GET /wp-login.php HTTP/1.1" 200 8606 "-" "Mozilla/5.0 (X11; Ubuntu; Linux x86_64; rv:62.0) Gecko/20100101 Firefox/62.0"
206.81.16.252 - - [10/Jul/2021:04:07:31 -0400] "POST /wp-login.php HTTP/1.1" 200 8696 "-" "Mozilla/5.0 (X11; Ubuntu; Linux x86_64; rv:62.0) Gecko/20100101 Firefox/62.0"
206.81.16.252 - - [10/Jul/2021:04:07:32 -0400] "POST /xmlrpc.php HTTP/1.1" 200 5852 "-" "Mozilla/5.0 (X11; Ubuntu; Linux x86_64; rv:62.0) Gecko/20100101 Firefox/62.0"
18.197.18.220 - - [10/Jul/2021:04:08:21 -0400] "GET /wp-content/uploads/2020/10/picture-144.jpg HTTP/1.1" 200 63592 "-" "-"
207.46.13.67 - - [10/Jul/2021:04:08:32 -0400] "GET /wp-content/uploads/2019/04/picture-31.jpg HTTP/1.1" 200 342920 "-" "Mozilla/5.0 (compatible; bingbot/2.0; +http://www.bing.com/bingbot.htm)"
18.197.18.220 - - [10/Jul/2021:04:08:33 -0400] "GET /wp-content/uploads/2020/11/picture-44.jpg HTTP/1.1" 200 772016 "-" "-"
114.119.156.206 - - [10/Jul/2021:04:08:44 -0400] "GET /wp-content/uploads/2021/07/picture-30.jpg HTTP/1.1" 200 59770 "-" "Mozilla/5.0 (Linux; Android 7.0;) AppleWebKit/537.36 (KHTML, like Gecko) Mobile Safari/537.36 (compatible; PetalBot;+https://webmaster.petalsearch.com/site/petalbot)"
204.48.19.85 - - [10/Jul/2021:04:09:56 -0400] "POST /wp-cron.php?doing_wp_cron=1625904596.6421210765838623046875 HTTP/1.1" 200 6295 "https://ajhydell.com/wp-cron.php?doing_wp_cron=1625904596.6421210765838623046875" "WordPress/5.7.2; https://ajhydell.com"
114.119.151.93 - - [10/Jul/2021:04:09:56 -0400] "GET /2018/12/14/125th-street-at-night-april-1942-follow-for-more-colorized-photos-from-history HTTP/1.1" 301 5841 "-" "Mozilla/5.0 (Linux; Android 7.0;) AppleWebKit/537.36 (KHTML, like Gecko) Mobile Safari/537.36 (compatible; PetalBot;+https://webmaster.petalsearch.com/site/petalbot)"
114.119.151.93 - - [10/Jul/2021:04:09:57 -0400] "GET /2018/12/14/125th-street-at-night-april-1942-follow-for-more-colorized-photos-from-history/ HTTP/1.1" 200 13319 "-" "Mozilla/5.0 (Linux; Android 7.0;) AppleWebKit/537.36 (KHTML, like Gecko) Mobile Safari/537.36 (compatible; PetalBot;+https://webmaster.petalsearch.com/site/petalbot)"
114.119.151.93 - - [10/Jul/2021:04:10:33 -0400] "GET /2020/09/27/you-wouldnt-care-to-meet-marvin-listerine-ad-1929 HTTP/1.1" 301 5812 "-" "Mozilla/5.0 (Linux; Android 7.0;) AppleWebKit/537.36 (KHTML, like Gecko) Mobile Safari/537.36 (compatible; PetalBot;+https://webmaster.petalsearch.com/site/petalbot)"
114.119.151.93 - - [10/Jul/2021:04:10:34 -0400] "GET /2020/09/27/you-wouldnt-care-to-meet-marvin-listerine-ad-1929/ HTTP/1.1" 200 13144 "-" "Mozilla/5.0 (Linux; Android 7.0;) AppleWebKit/537.36 (KHTML, like Gecko) Mobile Safari/537.36 (compatible; PetalBot;+https://webmaster.petalsearch.com/site/petalbot)"
204.48.19.85 - - [10/Jul/2021:04:12:18 -0400] "POST /wp-cron.php?doing_wp_cron=1625904738.3719139099121093750000 HTTP/1.1" 200 6295 "https://ajhydell.com/wp-cron.php?doing_wp_cron=1625904738.3719139099121093750000" "WordPress/5.7.2; https://ajhydell.com"
114.119.143.168 - - [10/Jul/2021:04:12:18 -0400] "GET /2018/11/15 HTTP/1.1" 301 5717 "-" "Mozilla/5.0 (Linux; Android 7.0;) AppleWebKit/537.36 (KHTML, like Gecko) Mobile Safari/537.36 (compatible; PetalBot;+https://webmaster.petalsearch.com/site/petalbot)"
114.119.143.168 - - [10/Jul/2021:04:12:19 -0400] "GET /2018/11/15/ HTTP/1.1" 200 12680 "-" "Mozilla/5.0 (Linux; Android 7.0;) AppleWebKit/537.36 (KHTML, like Gecko) Mobile Safari/537.36 (compatible; PetalBot;+https://webmaster.petalsearch.com/site/petalbot)"
204.48.19.85 - - [10/Jul/2021:04:13:13 -0400] "POST /wp-cron.php?doing_wp_cron=1625904793.8067700862884521484375 HTTP/1.1" 200 6295 "https://ajhydell.com/wp-cron.php?doing_wp_cron=1625904793.8067700862884521484375" "WordPress/5.7.2; https://ajhydell.com"
23.100.232.233 - - [10/Jul/2021:04:13:13 -0400] "GET /2020/07/19/pro-ira-poster-circa-1969-to-1975/ HTTP/1.1" 200 18165 "-" "Mozilla/5.0 (compatible; MSIE 9.0; Windows NT 6.0; Trident/5.0;  Trident/5.0)"
23.100.232.233 - - [10/Jul/2021:04:13:14 -0400] "GET /wp-content/plugins/add-expires-headers/cache/0/com/processed-header-f16a8d323e83e1bc1b76514e283fb81b7090a959.min.css HTTP/1.1" 200 52893 "https://ajhydell.com/2020/07/19/pro-ira-poster-circa-1969-to-1975/" "Mozilla/5.0 (compatible; MSIE 9.0; Windows NT 6.0; Trident/5.0;  Trident/5.0)"
23.100.232.233 - - [10/Jul/2021:04:13:15 -0400] "GET /wp-content/plugins/google-analytics-for-wordpress/assets/js/frontend-gtag.min.js?ver=7.17.0 HTTP/1.1" 200 3476 "https://ajhydell.com/2020/07/19/pro-ira-poster-circa-1969-to-1975/" "Mozilla/5.0 (compatible; MSIE 9.0; Windows NT 6.0; Trident/5.0;  Trident/5.0)"
23.100.232.233 - - [10/Jul/2021:04:13:15 -0400] "GET /wp-includes/js/jquery/jquery.min.js?ver=3.5.1 HTTP/1.1" 200 31550 "https://ajhydell.com/2020/07/19/pro-ira-poster-circa-1969-to-1975/" "Mozilla/5.0 (compatible; MSIE 9.0; Windows NT 6.0; Trident/5.0;  Trident/5.0)"
23.100.232.233 - - [10/Jul/2021:04:13:15 -0400] "GET /wp-includes/js/jquery/jquery-migrate.min.js?ver=3.3.2 HTTP/1.1" 200 4687 "https://ajhydell.com/2020/07/19/pro-ira-poster-circa-1969-to-1975/" "Mozilla/5.0 (compatible; MSIE 9.0; Windows NT 6.0; Trident/5.0;  Trident/5.0)"
23.100.232.233 - - [10/Jul/2021:04:13:15 -0400] "GET /wp-includes/js/wp-emoji-release.min.js?ver=5.7.2 HTTP/1.1" 200 5183 "https://ajhydell.com/2020/07/19/pro-ira-poster-circa-1969-to-1975/" "Mozilla/5.0 (compatible; MSIE 9.0; Windows NT 6.0; Trident/5.0;  Trident/5.0)"
23.100.232.233 - - [10/Jul/2021:04:13:15 -0400] "GET /wp-content/themes/royal-magazine/assets/libraries/bootstrap/js/bootstrap.min.js?ver=5.7.2 HTTP/1.1" 200 10404 "https://ajhydell.com/2020/07/19/pro-ira-poster-circa-1969-to-1975/" "Mozilla/5.0 (compatible; MSIE 9.0; Windows NT 6.0; Trident/5.0;  Trident/5.0)"
23.100.232.233 - - [10/Jul/2021:04:13:15 -0400] "GET /wp-content/themes/royal-magazine/assets/libraries/theiaStickySidebar/theia-sticky-sidebar.min.js?ver=5.7.2 HTTP/1.1" 200 2271 "https://ajhydell.com/2020/07/19/pro-ira-poster-circa-1969-to-1975/" "Mozilla/5.0 (compatible; MSIE 9.0; Windows NT 6.0; Trident/5.0;  Trident/5.0)"
23.100.232.233 - - [10/Jul/2021:04:13:15 -0400] "GET /wp-content/themes/royal-magazine/assets/libraries/marquee/jquery.marquee.js?ver=5.7.2 HTTP/1.1" 200 5103 "https://ajhydell.com/2020/07/19/pro-ira-poster-circa-1969-to-1975/" "Mozilla/5.0 (compatible; MSIE 9.0; Windows NT 6.0; Trident/5.0;  Trident/5.0)"
23.100.232.233 - - [10/Jul/2021:04:13:16 -0400] "GET /wp-includes/js/wp-embed.min.js?ver=5.7.2 HTTP/1.1" 200 1221 "https://ajhydell.com/2020/07/19/pro-ira-poster-circa-1969-to-1975/" "Mozilla/5.0 (compatible; MSIE 9.0; Windows NT 6.0; Trident/5.0;  Trident/5.0)"
23.100.232.233 - - [10/Jul/2021:04:13:16 -0400] "GET /wp-content/themes/royal-magazine/assets/twp/js/custom-script.js?ver=5.7.2 HTTP/1.1" 200 3023 "https://ajhydell.com/2020/07/19/pro-ira-poster-circa-1969-to-1975/" "Mozilla/5.0 (compatible; MSIE 9.0; Windows NT 6.0; Trident/5.0;  Trident/5.0)"
23.100.232.233 - - [10/Jul/2021:04:13:16 -0400] "GET /wp-content/themes/royal-magazine/js/navigation.js?ver=20151215 HTTP/1.1" 200 1349 "https://ajhydell.com/2020/07/19/pro-ira-poster-circa-1969-to-1975/" "Mozilla/5.0 (compatible; MSIE 9.0; Windows NT 6.0; Trident/5.0;  Trident/5.0)"
23.100.232.233 - - [10/Jul/2021:04:13:16 -0400] "GET /wp-content/plugins/wp-smushit/app/assets/js/smush-lazy-load.min.js?ver=3.8.7 HTTP/1.1" 200 4207 "https://ajhydell.com/2020/07/19/pro-ira-poster-circa-1969-to-1975/" "Mozilla/5.0 (compatible; MSIE 9.0; Windows NT 6.0; Trident/5.0;  Trident/5.0)"
23.100.232.233 - - [10/Jul/2021:04:13:16 -0400] "GET /wp-content/themes/royal-magazine/assets/libraries/slick/js/slick.min.js?ver=5.7.2 HTTP/1.1" 200 10740 "https://ajhydell.com/2020/07/19/pro-ira-poster-circa-1969-to-1975/" "Mozilla/5.0 (compatible; MSIE 9.0; Windows NT 6.0; Trident/5.0;  Trident/5.0)"
23.100.232.233 - - [10/Jul/2021:04:13:16 -0400] "GET /wp-content/themes/royal-magazine/assets/libraries/magnific-popup/jquery.magnific-popup.min.js?ver=5.7.2 HTTP/1.1" 200 7871 "https://ajhydell.com/2020/07/19/pro-ira-poster-circa-1969-to-1975/" "Mozilla/5.0 (compatible; MSIE 9.0; Windows NT 6.0; Trident/5.0;  Trident/5.0)"
23.100.232.233 - - [10/Jul/2021:04:13:16 -0400] "GET /wp-content/themes/royal-magazine/js/skip-link-focus-fix.js?ver=20151215 HTTP/1.1" 200 933 "https://ajhydell.com/2020/07/19/pro-ira-poster-circa-1969-to-1975/" "Mozilla/5.0 (compatible; MSIE 9.0; Windows NT 6.0; Trident/5.0;  Trident/5.0)"
23.100.232.233 - - [10/Jul/2021:04:13:16 -0400] "GET /wp-content/plugins/facebook-pagelike-widget/fb.js?ver=1.0 HTTP/1.1" 200 821 "https://ajhydell.com/2020/07/19/pro-ira-poster-circa-1969-to-1975/" "Mozilla/5.0 (compatible; MSIE 9.0; Windows NT 6.0; Trident/5.0;  Trident/5.0)"
18.197.18.220 - - [10/Jul/2021:04:14:07 -0400] "GET /wp-content/uploads/2020/05/picture-34.jpg HTTP/1.1" 200 74426 "-" "-"
204.48.19.85 - - [10/Jul/2021:04:14:39 -0400] "POST /wp-cron.php?doing_wp_cron=1625904879.5447640419006347656250 HTTP/1.1" 200 6295 "https://ajhydell.com/wp-cron.php?doing_wp_cron=1625904879.5447640419006347656250" "WordPress/5.7.2; https://ajhydell.com"
114.119.147.211 - - [10/Jul/2021:04:14:39 -0400] "GET /2020/12/13/german-ww1-poster-depicting-the-power-of-their-42-cm-caliber-guns-1914 HTTP/1.1" 301 5833 "-" "Mozilla/5.0 (Linux; Android 7.0;) AppleWebKit/537.36 (KHTML, like Gecko) Mobile Safari/537.36 (compatible; PetalBot;+https://webmaster.petalsearch.com/site/petalbot)"
114.119.147.211 - - [10/Jul/2021:04:14:40 -0400] "GET /2020/12/13/german-ww1-poster-depicting-the-power-of-their-42-cm-caliber-guns-1914/ HTTP/1.1" 200 13278 "-" "Mozilla/5.0 (Linux; Android 7.0;) AppleWebKit/537.36 (KHTML, like Gecko) Mobile Safari/537.36 (compatible; PetalBot;+https://webmaster.petalsearch.com/site/petalbot)"
204.48.19.85 - - [10/Jul/2021:04:15:00 -0400] "POST /wp-cron.php?doing_wp_cron=1625904900.2275350093841552734375 HTTP/1.1" 200 6295 "https://ajhydell.com/wp-cron.php?doing_wp_cron=1625904900.2275350093841552734375" "WordPress/5.7.2; https://ajhydell.com"
157.55.39.62 - - [10/Jul/2021:04:15:00 -0400] "GET /2021/01/06/brig-upon-the-water-early-high-dynamic-range-imaging-sample-by-exposing-two-monochromatic-negative-images-one-for-the-sky-the-other-for-the-sea-taken-by-gustave-le-gray-in-1856-4001x3143/ HTTP/1.1" 200 19216 "-" "Mozilla/5.0 (compatible; bingbot/2.0; +http://www.bing.com/bingbot.htm)"
114.119.151.146 - - [10/Jul/2021:04:15:39 -0400] "GET /2019/07/05/stop-the-militarization-of-space-ussr-early-1980s HTTP/1.1" 301 5812 "-" "Mozilla/5.0 (Linux; Android 7.0;) AppleWebKit/537.36 (KHTML, like Gecko) Mobile Safari/537.36 (compatible; PetalBot;+https://webmaster.petalsearch.com/site/petalbot)"
114.119.151.146 - - [10/Jul/2021:04:15:40 -0400] "GET /2019/07/05/stop-the-militarization-of-space-ussr-early-1980s/ HTTP/1.1" 200 13350 "-" "Mozilla/5.0 (Linux; Android 7.0;) AppleWebKit/537.36 (KHTML, like Gecko) Mobile Safari/537.36 (compatible; PetalBot;+https://webmaster.petalsearch.com/site/petalbot)"
207.46.13.70 - - [10/Jul/2021:04:15:46 -0400] "GET /wp-content/uploads/2018/09/picture-69.jpg HTTP/1.1" 200 85891 "-" "Mozilla/5.0 (compatible; bingbot/2.0; +http://www.bing.com/bingbot.htm)"
204.48.19.85 - - [10/Jul/2021:04:15:51 -0400] "POST /wp-cron.php?doing_wp_cron=1625904951.1503770351409912109375 HTTP/1.1" 200 6295 "https://ajhydell.com/wp-cron.php?doing_wp_cron=1625904951.1503770351409912109375" "WordPress/5.7.2; https://ajhydell.com"
157.55.39.62 - - [10/Jul/2021:04:15:51 -0400] "GET / HTTP/1.1" 200 20385 "-" "Mozilla/5.0 (compatible; bingbot/2.0; +http://www.bing.com/bingbot.htm)"
54.36.148.117 - - [10/Jul/2021:04:15:57 -0400] "GET /2020/01/31/the-four-freedoms-united-nations-flags-world-war-ii/ HTTP/1.1" 200 18963 "-" "Mozilla/5.0 (compatible; AhrefsBot/7.0; +http://ahrefs.com/robot/)"
204.48.19.85 - - [10/Jul/2021:04:18:11 -0400] "POST /wp-cron.php?doing_wp_cron=1625905091.6410150527954101562500 HTTP/1.1" 200 6295 "https://ajhydell.com/wp-cron.php?doing_wp_cron=1625905091.6410150527954101562500" "WordPress/5.7.2; https://ajhydell.com"
114.119.130.147 - - [10/Jul/2021:04:18:11 -0400] "GET /2018/11/06/he-who-stands-for-nothing-will-fall-for-anything-united-states-2012 HTTP/1.1" 301 6044 "-" "Mozilla/5.0 (Linux; Android 7.0;) AppleWebKit/537.36 (KHTML, like Gecko) Mobile Safari/537.36 (compatible; PetalBot;+https://webmaster.petalsearch.com/site/petalbot)"
114.119.130.147 - - [10/Jul/2021:04:18:11 -0400] "GET /2018/11/06/he-who-stands-for-nothing-will-fall-for-anything-united-states-2012/ HTTP/1.1" 200 13143 "-" "Mozilla/5.0 (Linux; Android 7.0;) AppleWebKit/537.36 (KHTML, like Gecko) Mobile Safari/537.36 (compatible; PetalBot;+https://webmaster.petalsearch.com/site/petalbot)"
114.119.130.147 - - [10/Jul/2021:04:18:12 -0400] "GET /wp-content/plugins/add-expires-headers/cache/0/com/processed-header-f16a8d323e83e1bc1b76514e283fb81b7090a959.min.css HTTP/1.1" 200 52762 "https://ajhydell.com/2018/11/06/he-who-stands-for-nothing-will-fall-for-anything-united-states-2012/" "Mozilla/5.0 (Linux; Android 7.0;) AppleWebKit/537.36 (KHTML, like Gecko) Mobile Safari/537.36 (compatible; PetalBot;+https://webmaster.petalsearch.com/site/petalbot)"
114.119.130.147 - - [10/Jul/2021:04:18:12 -0400] "GET /wp-content/plugins/google-analytics-for-wordpress/assets/js/frontend-gtag.min.js?ver=7.17.0 HTTP/1.1" 200 3437 "https://ajhydell.com/2018/11/06/he-who-stands-for-nothing-will-fall-for-anything-united-states-2012/" "Mozilla/5.0 (Linux; Android 7.0;) AppleWebKit/537.36 (KHTML, like Gecko) Mobile Safari/537.36 (compatible; PetalBot;+https://webmaster.petalsearch.com/site/petalbot)"
114.119.130.147 - - [10/Jul/2021:04:18:12 -0400] "GET /wp-includes/js/jquery/jquery-migrate.min.js?ver=3.3.2 HTTP/1.1" 200 4805 "https://ajhydell.com/2018/11/06/he-who-stands-for-nothing-will-fall-for-anything-united-states-2012/" "Mozilla/5.0 (Linux; Android 7.0;) AppleWebKit/537.36 (KHTML, like Gecko) Mobile Safari/537.36 (compatible; PetalBot;+https://webmaster.petalsearch.com/site/petalbot)"
114.119.130.147 - - [10/Jul/2021:04:18:12 -0400] "GET /wp-content/plugins/wp-smushit/app/assets/js/smush-lazy-load.min.js?ver=3.8.7 HTTP/1.1" 200 4320 "https://ajhydell.com/2018/11/06/he-who-stands-for-nothing-will-fall-for-anything-united-states-2012/" "Mozilla/5.0 (Linux; Android 7.0;) AppleWebKit/537.36 (KHTML, like Gecko) Mobile Safari/537.36 (compatible; PetalBot;+https://webmaster.petalsearch.com/site/petalbot)"
114.119.130.147 - - [10/Jul/2021:04:18:12 -0400] "GET /wp-includes/js/jquery/jquery.min.js?ver=3.5.1 HTTP/1.1" 200 31617 "https://ajhydell.com/2018/11/06/he-who-stands-for-nothing-will-fall-for-anything-united-states-2012/" "Mozilla/5.0 (Linux; Android 7.0;) AppleWebKit/537.36 (KHTML, like Gecko) Mobile Safari/537.36 (compatible; PetalBot;+https://webmaster.petalsearch.com/site/petalbot)"
114.119.130.147 - - [10/Jul/2021:04:18:12 -0400] "GET /wp-content/themes/royal-magazine/js/navigation.js?ver=20151215 HTTP/1.1" 200 1481 "https://ajhydell.com/2018/11/06/he-who-stands-for-nothing-will-fall-for-anything-united-states-2012/" "Mozilla/5.0 (Linux; Android 7.0;) AppleWebKit/537.36 (KHTML, like Gecko) Mobile Safari/537.36 (compatible; PetalBot;+https://webmaster.petalsearch.com/site/petalbot)"
114.119.130.147 - - [10/Jul/2021:04:18:13 -0400] "GET /wp-content/themes/royal-magazine/js/skip-link-focus-fix.js?ver=20151215 HTTP/1.1" 200 923 "https://ajhydell.com/2018/11/06/he-who-stands-for-nothing-will-fall-for-anything-united-states-2012/" "Mozilla/5.0 (Linux; Android 7.0;) AppleWebKit/537.36 (KHTML, like Gecko) Mobile Safari/537.36 (compatible; PetalBot;+https://webmaster.petalsearch.com/site/petalbot)"
114.119.130.147 - - [10/Jul/2021:04:18:13 -0400] "GET /wp-content/themes/royal-magazine/assets/libraries/slick/js/slick.min.js?ver=5.7.2 HTTP/1.1" 200 10686 "https://ajhydell.com/2018/11/06/he-who-stands-for-nothing-will-fall-for-anything-united-states-2012/" "Mozilla/5.0 (Linux; Android 7.0;) AppleWebKit/537.36 (KHTML, like Gecko) Mobile Safari/537.36 (compatible; PetalBot;+https://webmaster.petalsearch.com/site/petalbot)"
114.119.130.147 - - [10/Jul/2021:04:18:13 -0400] "GET /wp-content/themes/royal-magazine/assets/libraries/bootstrap/js/bootstrap.min.js?ver=5.7.2 HTTP/1.1" 200 10346 "https://ajhydell.com/2018/11/06/he-who-stands-for-nothing-will-fall-for-anything-united-states-2012/" "Mozilla/5.0 (Linux; Android 7.0;) AppleWebKit/537.36 (KHTML, like Gecko) Mobile Safari/537.36 (compatible; PetalBot;+https://webmaster.petalsearch.com/site/petalbot)"
114.119.130.147 - - [10/Jul/2021:04:18:13 -0400] "GET /wp-content/themes/royal-magazine/assets/libraries/marquee/jquery.marquee.js?ver=5.7.2 HTTP/1.1" 200 5068 "https://ajhydell.com/2018/11/06/he-who-stands-for-nothing-will-fall-for-anything-united-states-2012/" "Mozilla/5.0 (Linux; Android 7.0;) AppleWebKit/537.36 (KHTML, like Gecko) Mobile Safari/537.36 (compatible; PetalBot;+https://webmaster.petalsearch.com/site/petalbot)"
114.119.130.147 - - [10/Jul/2021:04:18:13 -0400] "GET /wp-content/themes/royal-magazine/assets/libraries/theiaStickySidebar/theia-sticky-sidebar.min.js?ver=5.7.2 HTTP/1.1" 200 2233 "https://ajhydell.com/2018/11/06/he-who-stands-for-nothing-will-fall-for-anything-united-states-2012/" "Mozilla/5.0 (Linux; Android 7.0;) AppleWebKit/537.36 (KHTML, like Gecko) Mobile Safari/537.36 (compatible; PetalBot;+https://webmaster.petalsearch.com/site/petalbot)"
114.119.130.147 - - [10/Jul/2021:04:18:13 -0400] "GET /wp-content/themes/royal-magazine/assets/libraries/magnific-popup/jquery.magnific-popup.min.js?ver=5.7.2 HTTP/1.1" 200 7835 "https://ajhydell.com/2018/11/06/he-who-stands-for-nothing-will-fall-for-anything-united-states-2012/" "Mozilla/5.0 (Linux; Android 7.0;) AppleWebKit/537.36 (KHTML, like Gecko) Mobile Safari/537.36 (compatible; PetalBot;+https://webmaster.petalsearch.com/site/petalbot)"
114.119.130.147 - - [10/Jul/2021:04:18:13 -0400] "GET /wp-content/themes/royal-magazine/assets/twp/js/custom-script.js?ver=5.7.2 HTTP/1.1" 200 2992 "https://ajhydell.com/2018/11/06/he-who-stands-for-nothing-will-fall-for-anything-united-states-2012/" "Mozilla/5.0 (Linux; Android 7.0;) AppleWebKit/537.36 (KHTML, like Gecko) Mobile Safari/537.36 (compatible; PetalBot;+https://webmaster.petalsearch.com/site/petalbot)"
114.119.130.147 - - [10/Jul/2021:04:18:13 -0400] "GET /wp-includes/js/wp-embed.min.js?ver=5.7.2 HTTP/1.1" 200 1208 "https://ajhydell.com/2018/11/06/he-who-stands-for-nothing-will-fall-for-anything-united-states-2012/" "Mozilla/5.0 (Linux; Android 7.0;) AppleWebKit/537.36 (KHTML, like Gecko) Mobile Safari/537.36 (compatible; PetalBot;+https://webmaster.petalsearch.com/site/petalbot)"
114.119.130.147 - - [10/Jul/2021:04:18:13 -0400] "GET /wp-content/plugins/facebook-pagelike-widget/fb.js?ver=1.0 HTTP/1.1" 200 809 "https://ajhydell.com/2018/11/06/he-who-stands-for-nothing-will-fall-for-anything-united-states-2012/" "Mozilla/5.0 (Linux; Android 7.0;) AppleWebKit/537.36 (KHTML, like Gecko) Mobile Safari/537.36 (compatible; PetalBot;+https://webmaster.petalsearch.com/site/petalbot)"
114.119.130.147 - - [10/Jul/2021:04:18:13 -0400] "GET /wp-includes/js/wp-emoji-release.min.js?ver=5.7.2 HTTP/1.1" 200 5149 "https://ajhydell.com/2018/11/06/he-who-stands-for-nothing-will-fall-for-anything-united-states-2012/" "Mozilla/5.0 (Linux; Android 7.0;) AppleWebKit/537.36 (KHTML, like Gecko) Mobile Safari/537.36 (compatible; PetalBot;+https://webmaster.petalsearch.com/site/petalbot)"
114.119.130.147 - - [10/Jul/2021:04:18:13 -0400] "GET /?wordfence_lh=1&hid=160AA69CD57840F1EDCE378FB51CBA78&r=0.06466114900912845 HTTP/1.1" 200 346 "https://ajhydell.com/2018/11/06/he-who-stands-for-nothing-will-fall-for-anything-united-states-2012/" "Mozilla/5.0 (Linux; Android 7.0;) AppleWebKit/537.36 (KHTML, like Gecko) Mobile Safari/537.36 (compatible; PetalBot;+https://webmaster.petalsearch.com/site/petalbot)"
114.119.130.147 - - [10/Jul/2021:04:18:13 -0400] "GET /wp-content/themes/royal-magazine/assets/libraries/ionicons/fonts/ionicons.ttf HTTP/1.1" 200 189142 "https://ajhydell.com/wp-content/plugins/add-expires-headers/cache/0/com/processed-header-f16a8d323e83e1bc1b76514e283fb81b7090a959.min.css" "Mozilla/5.0 (Linux; Android 7.0;) AppleWebKit/537.36 (KHTML, like Gecko) Mobile Safari/537.36 (compatible; PetalBot;+https://webmaster.petalsearch.com/site/petalbot)"
40.77.167.77 - - [10/Jul/2021:04:18:26 -0400] "GET /wp-content/uploads/2019/07/picture-13.jpg HTTP/1.1" 200 775218 "-" "Mozilla/5.0 (compatible; bingbot/2.0; +http://www.bing.com/bingbot.htm)"
114.119.151.146 - - [10/Jul/2021:04:18:37 -0400] "GET /2019/01/15/anti-semetic-childrens-book-trust-no-fox-on-his-green-heath-and-no-jew-on-his-oath-depicting-expulsion-of-jewish-students-and-teachers-from-german-schools-nuremberg-1936 HTTP/1.1" 301 5932 "-" "Mozilla/5.0 (Linux; Android 7.0;) AppleWebKit/537.36 (KHTML, like Gecko) Mobile Safari/537.36 (compatible; PetalBot;+https://webmaster.petalsearch.com/site/petalbot)"
204.48.19.85 - - [10/Jul/2021:04:18:51 -0400] "POST /wp-cron.php?doing_wp_cron=1625905131.4580290317535400390625 HTTP/1.1" 200 6295 "https://ajhydell.com/wp-cron.php?doing_wp_cron=1625905131.4580290317535400390625" "WordPress/5.7.2; https://ajhydell.com"
114.119.151.146 - - [10/Jul/2021:04:18:51 -0400] "GET /2019/01/15/anti-semetic-childrens-book-trust-no-fox-on-his-green-heath-and-no-jew-on-his-oath-depicting-expulsion-of-jewish-students-and-teachers-from-german-schools-nuremberg-1936/ HTTP/1.1" 200 13370 "-" "Mozilla/5.0 (Linux; Android 7.0;) AppleWebKit/537.36 (KHTML, like Gecko) Mobile Safari/537.36 (compatible; PetalBot;+https://webmaster.petalsearch.com/site/petalbot)"
88.99.71.3 - - [10/Jul/2021:04:19:04 -0400] "GET /wp-login.php HTTP/1.1" 200 8605 "-" "Mozilla/5.0 (X11; Ubuntu; Linux x86_64; rv:62.0) Gecko/20100101 Firefox/62.0"
88.99.71.3 - - [10/Jul/2021:04:19:04 -0400] "POST /wp-login.php HTTP/1.1" 200 8695 "-" "Mozilla/5.0 (X11; Ubuntu; Linux x86_64; rv:62.0) Gecko/20100101 Firefox/62.0"
88.99.71.3 - - [10/Jul/2021:04:19:05 -0400] "POST /xmlrpc.php HTTP/1.1" 200 5852 "-" "Mozilla/5.0 (X11; Ubuntu; Linux x86_64; rv:62.0) Gecko/20100101 Firefox/62.0"
204.48.19.85 - - [10/Jul/2021:04:21:15 -0400] "POST /wp-cron.php?doing_wp_cron=1625905274.9925119876861572265625 HTTP/1.1" 200 6295 "https://ajhydell.com/wp-cron.php?doing_wp_cron=1625905274.9925119876861572265625" "WordPress/5.7.2; https://ajhydell.com"
114.119.145.169 - - [10/Jul/2021:04:21:14 -0400] "GET /2019/08/23/russia-and-germany-sign-a-non-aggression-pact-catching-poland-off-guard-aug-23-1939 HTTP/1.1" 301 5846 "-" "Mozilla/5.0 (Linux; Android 7.0;) AppleWebKit/537.36 (KHTML, like Gecko) Mobile Safari/537.36 (compatible; PetalBot;+https://webmaster.petalsearch.com/site/petalbot)"
114.119.145.169 - - [10/Jul/2021:04:21:16 -0400] "GET /2019/08/23/russia-and-germany-sign-a-non-aggression-pact-catching-poland-off-guard-aug-23-1939/ HTTP/1.1" 200 13197 "-" "Mozilla/5.0 (Linux; Android 7.0;) AppleWebKit/537.36 (KHTML, like Gecko) Mobile Safari/537.36 (compatible; PetalBot;+https://webmaster.petalsearch.com/site/petalbot)"
20.69.67.192 - - [10/Jul/2021:04:22:06 -0400] "GET /wp-content/uploads/2020/12/picture-48.jpg HTTP/1.1" 200 79580 "-" "DuckDuckBot/1.1; (+http://duckduckgo.com/duckduckbot.html)"
204.48.19.85 - - [10/Jul/2021:04:22:10 -0400] "POST /wp-cron.php?doing_wp_cron=1625905330.4578640460968017578125 HTTP/1.1" 200 6295 "https://ajhydell.com/wp-cron.php?doing_wp_cron=1625905330.4578640460968017578125" "WordPress/5.7.2; https://ajhydell.com"
114.119.156.206 - - [10/Jul/2021:04:22:10 -0400] "GET /2019/10/06/reykjavik-iceland-1934-1280x941/ HTTP/1.1" 200 18310 "-" "Mozilla/5.0 (Linux; Android 7.0;) AppleWebKit/537.36 (KHTML, like Gecko) Mobile Safari/537.36 (compatible; PetalBot;+https://webmaster.petalsearch.com/site/petalbot)"
54.36.148.117 - - [10/Jul/2021:04:22:25 -0400] "GET /page/55/ HTTP/1.1" 200 21427 "-" "Mozilla/5.0 (compatible; AhrefsBot/7.0; +http://ahrefs.com/robot/)"
204.48.19.85 - - [10/Jul/2021:04:23:34 -0400] "POST /wp-cron.php?doing_wp_cron=1625905414.3127000331878662109375 HTTP/1.1" 200 6295 "https://ajhydell.com/wp-cron.php?doing_wp_cron=1625905414.3127000331878662109375" "WordPress/5.7.2; https://ajhydell.com"
114.119.143.210 - - [10/Jul/2021:04:23:34 -0400] "GET /2019/03/31/richard-nixon-at-his-wifes-funeral-june-26-1993-760x488 HTTP/1.1" 301 5818 "-" "Mozilla/5.0 (Linux; Android 7.0;) AppleWebKit/537.36 (KHTML, like Gecko) Mobile Safari/537.36 (compatible; PetalBot;+https://webmaster.petalsearch.com/site/petalbot)"
114.119.143.210 - - [10/Jul/2021:04:23:36 -0400] "GET /2019/03/31/richard-nixon-at-his-wifes-funeral-june-26-1993-760x488/ HTTP/1.1" 200 13341 "-" "Mozilla/5.0 (Linux; Android 7.0;) AppleWebKit/537.36 (KHTML, like Gecko) Mobile Safari/537.36 (compatible; PetalBot;+https://webmaster.petalsearch.com/site/petalbot)"
157.55.39.62 - - [10/Jul/2021:04:25:19 -0400] "GET /wp-content/uploads/2020/10/picture-135-719x1024.jpg HTTP/1.1" 200 207489 "-" "Mozilla/5.0 (compatible; bingbot/2.0; +http://www.bing.com/bingbot.htm)"
204.48.19.85 - - [10/Jul/2021:04:26:55 -0400] "POST /wp-cron.php?doing_wp_cron=1625905615.3470470905303955078125 HTTP/1.1" 200 6295 "https://ajhydell.com/wp-cron.php?doing_wp_cron=1625905615.3470470905303955078125" "WordPress/5.7.2; https://ajhydell.com"
207.46.13.137 - - [10/Jul/2021:04:26:55 -0400] "GET /2021/06/23/freddie-mercury-with-his-mother-1947-448x700/ HTTP/1.1" 200 18539 "-" "Mozilla/5.0 (compatible; bingbot/2.0; +http://www.bing.com/bingbot.htm)"
62.210.215.117 - - [10/Jul/2021:04:26:58 -0400] "GET /feed HTTP/1.1" 301 6425 "-" "Mozilla/5.0 (X11; Linux i686) AppleWebKit/537.36 (KHTML, like Gecko) Chrome/30.0.1599.66 Safari/537.36"
114.119.143.210 - - [10/Jul/2021:04:26:58 -0400] "GET /2019/11/15/ HTTP/1.1" 200 18042 "-" "Mozilla/5.0 (Linux; Android 7.0;) AppleWebKit/537.36 (KHTML, like Gecko) Mobile Safari/537.36 (compatible; PetalBot;+https://webmaster.petalsearch.com/site/petalbot)"
62.210.215.117 - - [10/Jul/2021:04:26:59 -0400] "GET /feed/ HTTP/1.1" 200 8743 "-" "Mozilla/5.0 (X11; Linux i686) AppleWebKit/537.36 (KHTML, like Gecko) Chrome/30.0.1599.66 Safari/537.36"
40.77.189.37 - - [10/Jul/2021:04:27:01 -0400] "GET /?wordfence_lh=1&hid=56F24B7794FA59E39BB83C69CC404720&r=0.56881786806897 HTTP/1.1" 200 6388 "https://ajhydell.com/2021/06/23/freddie-mercury-with-his-mother-1947-448x700/" "Mozilla/5.0 (Windows NT 6.1; WOW64) AppleWebKit/534+ (KHTML, like Gecko) BingPreview/1.0b"
106.38.241.125 - - [10/Jul/2021:04:27:39 -0400] "GET / HTTP/1.1" 200 20346 "-" "Sogou web spider/4.0(+http://www.sogou.com/docs/help/webmasters.htm#07)"
204.48.19.85 - - [10/Jul/2021:04:27:54 -0400] "POST /wp-cron.php?doing_wp_cron=1625905674.3346939086914062500000 HTTP/1.1" 200 6295 "https://ajhydell.com/wp-cron.php?doing_wp_cron=1625905674.3346939086914062500000" "WordPress/5.7.2; https://ajhydell.com"
54.36.148.117 - - [10/Jul/2021:04:27:54 -0400] "GET /2019/01/12/atari-brings-the-computer-age-home-atari-400-ad-1981/ HTTP/1.1" 200 19040 "-" "Mozilla/5.0 (compatible; AhrefsBot/7.0; +http://ahrefs.com/robot/)"
114.119.147.211 - - [10/Jul/2021:04:28:09 -0400] "GET /2021/04/07/the-hells-angels-at-woodstock-bethel-new-york-1969-425x640 HTTP/1.1" 301 5821 "-" "Mozilla/5.0 (Linux; Android 7.0;) AppleWebKit/537.36 (KHTML, like Gecko) Mobile Safari/537.36 (compatible; PetalBot;+https://webmaster.petalsearch.com/site/petalbot)"
114.119.147.211 - - [10/Jul/2021:04:28:12 -0400] "GET /2021/04/07/the-hells-angels-at-woodstock-bethel-new-york-1969-425x640/ HTTP/1.1" 200 13080 "-" "Mozilla/5.0 (Linux; Android 7.0;) AppleWebKit/537.36 (KHTML, like Gecko) Mobile Safari/537.36 (compatible; PetalBot;+https://webmaster.petalsearch.com/site/petalbot)"
204.48.19.85 - - [10/Jul/2021:04:29:19 -0400] "POST /wp-cron.php?doing_wp_cron=1625905759.9486269950866699218750 HTTP/1.1" 200 6295 "https://ajhydell.com/wp-cron.php?doing_wp_cron=1625905759.9486269950866699218750" "WordPress/5.7.2; https://ajhydell.com"
114.119.143.168 - - [10/Jul/2021:04:29:19 -0400] "GET /2020/03/02/union-soldiers-lie-dead-near-dunker-church-after-the-battle-of-antietam-the-bloodiest-battle-in-the-american-civil-war-1862-colorized-2048x1763/ HTTP/1.1" 200 18638 "-" "Mozilla/5.0 (Linux; Android 7.0;) AppleWebKit/537.36 (KHTML, like Gecko) Mobile Safari/537.36 (compatible; PetalBot;+https://webmaster.petalsearch.com/site/petalbot)"
40.77.167.81 - - [10/Jul/2021:04:29:58 -0400] "GET /wp-content/uploads/2020/06/picture-14.jpg HTTP/1.1" 200 81461 "-" "Mozilla/5.0 (compatible; bingbot/2.0; +http://www.bing.com/bingbot.htm)"
204.48.19.85 - - [10/Jul/2021:04:30:28 -0400] "POST /wp-cron.php?doing_wp_cron=1625905828.5037930011749267578125 HTTP/1.1" 200 6295 "https://ajhydell.com/wp-cron.php?doing_wp_cron=1625905828.5037930011749267578125" "WordPress/5.7.2; https://ajhydell.com"
17.121.115.118 - - [10/Jul/2021:04:30:28 -0400] "GET /2020/12/15/royal-worcester-and-bon-ton-corsets-1903/ HTTP/1.1" 200 18318 "-" "Mozilla/5.0 (Macintosh; Intel Mac OS X 10_15_5) AppleWebKit/605.1.15 (KHTML, like Gecko) Version/13.1.1 Safari/605.1.15 (Applebot/0.1; +http://www.apple.com/go/applebot)"
204.48.19.85 - - [10/Jul/2021:04:31:07 -0400] "POST /wp-cron.php?doing_wp_cron=1625905867.6583490371704101562500 HTTP/1.1" 200 6295 "https://ajhydell.com/wp-cron.php?doing_wp_cron=1625905867.6583490371704101562500" "WordPress/5.7.2; https://ajhydell.com"
172.104.235.130 - - [10/Jul/2021:04:31:07 -0400] "GET /wp-login.php HTTP/1.1" 200 8606 "-" "Mozilla/5.0 (X11; Ubuntu; Linux x86_64; rv:62.0) Gecko/20100101 Firefox/62.0"
172.104.235.130 - - [10/Jul/2021:04:31:08 -0400] "POST /wp-login.php HTTP/1.1" 200 8695 "-" "Mozilla/5.0 (X11; Ubuntu; Linux x86_64; rv:62.0) Gecko/20100101 Firefox/62.0"
172.104.235.130 - - [10/Jul/2021:04:31:08 -0400] "POST /xmlrpc.php HTTP/1.1" 200 5852 "-" "Mozilla/5.0 (X11; Ubuntu; Linux x86_64; rv:62.0) Gecko/20100101 Firefox/62.0"
204.48.19.85 - - [10/Jul/2021:04:31:55 -0400] "POST /wp-cron.php?doing_wp_cron=1625905915.7213709354400634765625 HTTP/1.1" 200 6295 "https://ajhydell.com/wp-cron.php?doing_wp_cron=1625905915.7213709354400634765625" "WordPress/5.7.2; https://ajhydell.com"
207.46.13.137 - - [10/Jul/2021:04:31:55 -0400] "GET /2020/04/06/the-future-worker-of-communism-josep-renau-berenguer-1969/ HTTP/1.1" 200 18687 "-" "Mozilla/5.0 (compatible; bingbot/2.0; +http://www.bing.com/bingbot.htm)"
114.119.143.168 - - [10/Jul/2021:04:31:58 -0400] "GET /2020/06/12/sign-painted-on-a-shop-in-london-to-stop-it-being-attacked-in-anti-german-protests-1915-647-x-582/ HTTP/1.1" 200 18630 "-" "Mozilla/5.0 (Linux; Android 7.0;) AppleWebKit/537.36 (KHTML, like Gecko) Mobile Safari/537.36 (compatible; PetalBot;+https://webmaster.petalsearch.com/site/petalbot)"
207.46.13.113 - - [10/Jul/2021:04:32:27 -0400] "GET /2020/09/09/ HTTP/1.1" 200 18528 "-" "Mozilla/5.0 (compatible; bingbot/2.0; +http://www.bing.com/bingbot.htm)"
204.48.19.85 - - [10/Jul/2021:04:33:19 -0400] "POST /wp-cron.php?doing_wp_cron=1625905999.3938748836517333984375 HTTP/1.1" 200 6295 "https://ajhydell.com/wp-cron.php?doing_wp_cron=1625905999.3938748836517333984375" "WordPress/5.7.2; https://ajhydell.com"
54.36.148.117 - - [10/Jul/2021:04:33:19 -0400] "GET /page/71/ HTTP/1.1" 200 21346 "-" "Mozilla/5.0 (compatible; AhrefsBot/7.0; +http://ahrefs.com/robot/)"
114.119.132.183 - - [10/Jul/2021:04:33:29 -0400] "GET /2020/10/10 HTTP/1.1" 301 5717 "-" "Mozilla/5.0 (Linux; Android 7.0;) AppleWebKit/537.36 (KHTML, like Gecko) Mobile Safari/537.36 (compatible; PetalBot;+https://webmaster.petalsearch.com/site/petalbot)"
114.119.132.183 - - [10/Jul/2021:04:33:31 -0400] "GET /2020/10/10/ HTTP/1.1" 200 13225 "-" "Mozilla/5.0 (Linux; Android 7.0;) AppleWebKit/537.36 (KHTML, like Gecko) Mobile Safari/537.36 (compatible; PetalBot;+https://webmaster.petalsearch.com/site/petalbot)"
204.48.19.85 - - [10/Jul/2021:04:34:52 -0400] "POST /wp-cron.php?doing_wp_cron=1625906092.9663870334625244140625 HTTP/1.1" 200 6295 "https://ajhydell.com/wp-cron.php?doing_wp_cron=1625906092.9663870334625244140625" "WordPress/5.7.2; https://ajhydell.com"
114.119.151.93 - - [10/Jul/2021:04:34:52 -0400] "GET /2020/07/23 HTTP/1.1" 301 5717 "-" "Mozilla/5.0 (Linux; Android 7.0;) AppleWebKit/537.36 (KHTML, like Gecko) Mobile Safari/537.36 (compatible; PetalBot;+https://webmaster.petalsearch.com/site/petalbot)"
114.119.151.93 - - [10/Jul/2021:04:34:54 -0400] "GET /2020/07/23/ HTTP/1.1" 200 12903 "-" "Mozilla/5.0 (Linux; Android 7.0;) AppleWebKit/537.36 (KHTML, like Gecko) Mobile Safari/537.36 (compatible; PetalBot;+https://webmaster.petalsearch.com/site/petalbot)"
207.46.13.113 - - [10/Jul/2021:04:34:59 -0400] "GET /2019/10/17/for-the-motherland-for-honor-for-freedom-by-victor-ivanov-1941/ HTTP/1.1" 200 18616 "-" "Mozilla/5.0 (compatible; bingbot/2.0; +http://www.bing.com/bingbot.htm)"
204.48.19.85 - - [10/Jul/2021:04:36:37 -0400] "POST /wp-cron.php?doing_wp_cron=1625906197.3396620750427246093750 HTTP/1.1" 200 6295 "https://ajhydell.com/wp-cron.php?doing_wp_cron=1625906197.3396620750427246093750" "WordPress/5.7.2; https://ajhydell.com"
114.119.132.183 - - [10/Jul/2021:04:36:37 -0400] "GET /2020/11/09/a-kgb-agent-runs-through-the-night-to-escape-capture-in-wellington-new-zealand-in-september-1974-720x523 HTTP/1.1" 301 5867 "-" "Mozilla/5.0 (Linux; Android 7.0;) AppleWebKit/537.36 (KHTML, like Gecko) Mobile Safari/537.36 (compatible; PetalBot;+https://webmaster.petalsearch.com/site/petalbot)"
114.119.132.183 - - [10/Jul/2021:04:36:38 -0400] "GET /2020/11/09/a-kgb-agent-runs-through-the-night-to-escape-capture-in-wellington-new-zealand-in-september-1974-720x523/ HTTP/1.1" 200 13212 "-" "Mozilla/5.0 (Linux; Android 7.0;) AppleWebKit/537.36 (KHTML, like Gecko) Mobile Safari/537.36 (compatible; PetalBot;+https://webmaster.petalsearch.com/site/petalbot)"
207.46.13.113 - - [10/Jul/2021:04:37:27 -0400] "GET /wp-content/uploads/2019/12/picture-39.jpg HTTP/1.1" 200 38094 "-" "Mozilla/5.0 (compatible; bingbot/2.0; +http://www.bing.com/bingbot.htm)"
204.48.19.85 - - [10/Jul/2021:04:38:21 -0400] "POST /wp-cron.php?doing_wp_cron=1625906301.3678619861602783203125 HTTP/1.1" 200 6295 "https://ajhydell.com/wp-cron.php?doing_wp_cron=1625906301.3678619861602783203125" "WordPress/5.7.2; https://ajhydell.com"
114.119.132.183 - - [10/Jul/2021:04:38:21 -0400] "GET /2020/10/12/order-the-belly-flattener-on-approval-1950 HTTP/1.1" 301 5805 "-" "Mozilla/5.0 (Linux; Android 7.0;) AppleWebKit/537.36 (KHTML, like Gecko) Mobile Safari/537.36 (compatible; PetalBot;+https://webmaster.petalsearch.com/site/petalbot)"
114.119.132.183 - - [10/Jul/2021:04:38:22 -0400] "GET /2020/10/12/order-the-belly-flattener-on-approval-1950/ HTTP/1.1" 200 13303 "-" "Mozilla/5.0 (Linux; Android 7.0;) AppleWebKit/537.36 (KHTML, like Gecko) Mobile Safari/537.36 (compatible; PetalBot;+https://webmaster.petalsearch.com/site/petalbot)"
17.121.114.184 - - [10/Jul/2021:04:38:23 -0400] "GET /2019/03/11/a-starving-child-during-the-russian-famine-of-1921-1922-337x539/ HTTP/1.1" 200 18329 "-" "Mozilla/5.0 (Macintosh; Intel Mac OS X 10_15_5) AppleWebKit/605.1.15 (KHTML, like Gecko) Version/13.1.1 Safari/605.1.15 (Applebot/0.1; +http://www.apple.com/go/applebot)"
54.36.148.117 - - [10/Jul/2021:04:38:31 -0400] "GET /2021/06/26/terrorism-stops-here-rhodesia-1978/ HTTP/1.1" 200 18900 "-" "Mozilla/5.0 (compatible; AhrefsBot/7.0; +http://ahrefs.com/robot/)"
204.48.19.85 - - [10/Jul/2021:04:39:36 -0400] "POST /wp-cron.php?doing_wp_cron=1625906376.1522989273071289062500 HTTP/1.1" 200 6295 "https://ajhydell.com/wp-cron.php?doing_wp_cron=1625906376.1522989273071289062500" "WordPress/5.7.2; https://ajhydell.com"
54.198.25.26 - - [10/Jul/2021:04:39:36 -0400] "HEAD / HTTP/1.1" 200 5715 "-" "scalaj-http/2.4.2"
54.198.25.26 - - [10/Jul/2021:04:39:41 -0400] "GET / HTTP/1.1" 200 20263 "-" "Buck/2.2; (+https://app.hypefactors.com/media-monitoring/about.html)"
66.249.66.134 - - [10/Jul/2021:04:39:49 -0400] "GET /robots.txt HTTP/1.1" 200 6517 "-" "Mozilla/5.0 (compatible; Googlebot/2.1; +http://www.google.com/bot.html)"
204.48.19.85 - - [10/Jul/2021:04:39:49 -0400] "POST /wp-cron.php?doing_wp_cron=1625906389.5372619628906250000000 HTTP/1.1" 200 6295 "https://ajhydell.com/wp-cron.php?doing_wp_cron=1625906389.5372619628906250000000" "WordPress/5.7.2; https://ajhydell.com"
54.198.25.26 - - [10/Jul/2021:04:39:49 -0400] "GET /robots.txt HTTP/1.1" 200 5901 "-" "Buck/2.2; (+https://app.hypefactors.com/media-monitoring/about.html)"
66.249.66.132 - - [10/Jul/2021:04:39:49 -0400] "GET /feed/ HTTP/1.1" 200 8478 "-" "Mozilla/5.0 (compatible; Googlebot/2.1; +http://www.google.com/bot.html)"
114.119.151.93 - - [10/Jul/2021:04:40:01 -0400] "GET /2020/06/26/ HTTP/1.1" 200 18043 "-" "Mozilla/5.0 (Linux; Android 7.0;) AppleWebKit/537.36 (KHTML, like Gecko) Mobile Safari/537.36 (compatible; PetalBot;+https://webmaster.petalsearch.com/site/petalbot)"
54.198.25.26 - - [10/Jul/2021:04:40:29 -0400] "GET /feed/ HTTP/1.1" 200 8178 "-" "Buck/2.2; (+https://app.hypefactors.com/media-monitoring/about.html)"
54.198.25.26 - - [10/Jul/2021:04:40:30 -0400] "GET /sitemap_index.xml HTTP/1.1" 200 6220 "-" "Buck/2.2; (+https://app.hypefactors.com/media-monitoring/about.html)"
54.198.25.26 - - [10/Jul/2021:04:40:31 -0400] "GET /sitemap.xml HTTP/1.1" 200 6584 "-" "Buck/2.2; (+https://app.hypefactors.com/media-monitoring/about.html)"
54.198.25.26 - - [10/Jul/2021:04:40:31 -0400] "GET /sitemap-pt-post-2021-07.xml HTTP/1.1" 200 8960 "-" "Buck/2.2; (+https://app.hypefactors.com/media-monitoring/about.html)"
204.48.19.85 - - [10/Jul/2021:04:41:26 -0400] "POST /wp-cron.php?doing_wp_cron=1625906486.1958870887756347656250 HTTP/1.1" 200 6295 "https://ajhydell.com/wp-cron.php?doing_wp_cron=1625906486.1958870887756347656250" "WordPress/5.7.2; https://ajhydell.com"
114.119.143.210 - - [10/Jul/2021:04:41:26 -0400] "GET /2019/04/07/workers-at-the-american-woolen-company-lawrence-massachusetts-1935-1103x695/ HTTP/1.1" 200 18342 "-" "Mozilla/5.0 (Linux; Android 7.0;) AppleWebKit/537.36 (KHTML, like Gecko) Mobile Safari/537.36 (compatible; PetalBot;+https://webmaster.petalsearch.com/site/petalbot)"
185.191.171.24 - - [10/Jul/2021:04:41:37 -0400] "GET /2018/12/19/i-suppose-the-question-to-ask-is-did-they-manage-to-get-it-down-again/ HTTP/1.1" 200 18996 "-" "Mozilla/5.0 (compatible; SemrushBot/7~bl; +http://www.semrush.com/bot.html)"
204.48.19.85 - - [10/Jul/2021:04:41:49 -0400] "POST /wp-cron.php?doing_wp_cron=1625906509.9217829704284667968750 HTTP/1.1" 200 6295 "https://ajhydell.com/wp-cron.php?doing_wp_cron=1625906509.9217829704284667968750" "WordPress/5.7.2; https://ajhydell.com"
207.46.13.137 - - [10/Jul/2021:04:41:49 -0400] "GET /2021/03/27/annette-kellerman-promotes-womens-right-to-wear-a-fitted-one-piece-bathing-she-was-arrested-for-indecency-1907-1180x756/ HTTP/1.1" 200 18744 "-" "Mozilla/5.0 (compatible; bingbot/2.0; +http://www.bing.com/bingbot.htm)"
40.77.167.77 - - [10/Jul/2021:04:42:38 -0400] "GET /2020/09/19/l-alex-wilson-reporter-for-the-tri-state-defender-memphis-attacked-by-a-white-mob-near-central-high-school-little-rock-arkansas-in-9-23-1957478x376/feed/ HTTP/1.1" 200 6884 "-" "Mozilla/5.0 (compatible; bingbot/2.0; +http://www.bing.com/bingbot.htm)"
204.48.19.85 - - [10/Jul/2021:04:43:55 -0400] "POST /wp-cron.php?doing_wp_cron=1625906635.0375230312347412109375 HTTP/1.1" 200 6295 "https://ajhydell.com/wp-cron.php?doing_wp_cron=1625906635.0375230312347412109375" "WordPress/5.7.2; https://ajhydell.com"
54.36.148.117 - - [10/Jul/2021:04:43:54 -0400] "GET /2021/06/17/american-soldiers-at-mass-in-the-ruins-of-cologne-cathedral-march-1945/ HTTP/1.1" 200 19014 "-" "Mozilla/5.0 (compatible; AhrefsBot/7.0; +http://ahrefs.com/robot/)"
114.119.132.183 - - [10/Jul/2021:04:43:59 -0400] "GET /2019/09/16/the-italian-training-ships-amerigo-vespucci-and-cristoforo-colombo-moored-in-brindisi-in-the-aftermath-of-the-armistice-of-cassibile-september-1943-2100-x-1340 HTTP/1.1" 301 5922 "-" "Mozilla/5.0 (Linux; Android 7.0;) AppleWebKit/537.36 (KHTML, like Gecko) Mobile Safari/537.36 (compatible; PetalBot;+https://webmaster.petalsearch.com/site/petalbot)"
114.119.132.183 - - [10/Jul/2021:04:44:00 -0400] "GET /2019/09/16/the-italian-training-ships-amerigo-vespucci-and-cristoforo-colombo-moored-in-brindisi-in-the-aftermath-of-the-armistice-of-cassibile-september-1943-2100-x-1340/ HTTP/1.1" 200 13300 "-" "Mozilla/5.0 (Linux; Android 7.0;) AppleWebKit/537.36 (KHTML, like Gecko) Mobile Safari/537.36 (compatible; PetalBot;+https://webmaster.petalsearch.com/site/petalbot)"
62.210.215.117 - - [10/Jul/2021:04:44:19 -0400] "GET /rss HTTP/1.1" 301 6425 "-" "Mozilla/5.0 (X11; Linux i686) AppleWebKit/537.36 (KHTML, like Gecko) Chrome/30.0.1599.66 Safari/537.36"
62.210.215.117 - - [10/Jul/2021:04:44:20 -0400] "GET /feed/ HTTP/1.1" 200 8746 "-" "Mozilla/5.0 (X11; Linux i686) AppleWebKit/537.36 (KHTML, like Gecko) Chrome/30.0.1599.66 Safari/537.36"
204.48.19.85 - - [10/Jul/2021:04:45:51 -0400] "POST /wp-cron.php?doing_wp_cron=1625906751.2960619926452636718750 HTTP/1.1" 200 6295 "https://ajhydell.com/wp-cron.php?doing_wp_cron=1625906751.2960619926452636718750" "WordPress/5.7.2; https://ajhydell.com"
35.247.71.19 - - [10/Jul/2021:04:45:51 -0400] "GET /wp-login.php HTTP/1.1" 200 8605 "-" "Mozilla/5.0 (X11; Ubuntu; Linux x86_64; rv:62.0) Gecko/20100101 Firefox/62.0"
185.191.171.22 - - [10/Jul/2021:04:45:53 -0400] "GET /robots.txt HTTP/1.1" 200 6480 "-" "Mozilla/5.0 (compatible; SemrushBot/7~bl; +http://www.semrush.com/bot.html)"
185.191.171.1 - - [10/Jul/2021:04:45:54 -0400] "GET /2019/03/16/ HTTP/1.1" 200 18604 "-" "Mozilla/5.0 (compatible; SemrushBot/7~bl; +http://www.semrush.com/bot.html)"
35.247.71.19 - - [10/Jul/2021:04:46:00 -0400] "POST /wp-login.php HTTP/1.1" 200 8695 "-" "Mozilla/5.0 (X11; Ubuntu; Linux x86_64; rv:62.0) Gecko/20100101 Firefox/62.0"
35.247.71.19 - - [10/Jul/2021:04:46:10 -0400] "POST /xmlrpc.php HTTP/1.1" 200 5852 "-" "Mozilla/5.0 (X11; Ubuntu; Linux x86_64; rv:62.0) Gecko/20100101 Firefox/62.0"
74.207.243.182 - - [10/Jul/2021:04:46:16 -0400] "GET /wp/wp-admin/ HTTP/1.1" 301 533 "http://ajhydell.com/" "Mozilla/5.0 (Windows NT 10.0; Win64; x64) AppleWebKit/537.36 (KHTML, like Gecko) Chrome/78.0.3904.97 Safari/537.36"
74.207.243.182 - - [10/Jul/2021:04:46:16 -0400] "GET /wp/wp-admin/ HTTP/1.1" 404 65301 "http://ajhydell.com/" "Mozilla/5.0 (Windows NT 10.0; Win64; x64) AppleWebKit/537.36 (KHTML, like Gecko) Chrome/78.0.3904.97 Safari/537.36"
108.179.192.120 - - [10/Jul/2021:04:46:45 -0400] "GET /old/wp-admin/ HTTP/1.1" 301 535 "http://ajhydell.com/" "Mozilla/5.0 (Windows NT 10.0; Win64; x64) AppleWebKit/537.36 (KHTML, like Gecko) Chrome/78.0.3904.97 Safari/537.36"
204.48.19.85 - - [10/Jul/2021:04:46:45 -0400] "POST /wp-cron.php?doing_wp_cron=1625906805.8765740394592285156250 HTTP/1.1" 200 6295 "https://ajhydell.com/wp-cron.php?doing_wp_cron=1625906805.8765740394592285156250" "WordPress/5.7.2; https://ajhydell.com"
108.179.192.120 - - [10/Jul/2021:04:46:45 -0400] "GET /old/wp-admin/ HTTP/1.1" 404 65911 "http://ajhydell.com/" "Mozilla/5.0 (Windows NT 10.0; Win64; x64) AppleWebKit/537.36 (KHTML, like Gecko) Chrome/78.0.3904.97 Safari/537.36"
114.119.151.146 - - [10/Jul/2021:04:46:54 -0400] "GET /2020/09/28/serve-all-your-meals-on-genuine-asbestos-1909/ HTTP/1.1" 200 18334 "-" "Mozilla/5.0 (Linux; Android 7.0;) AppleWebKit/537.36 (KHTML, like Gecko) Mobile Safari/537.36 (compatible; PetalBot;+https://webmaster.petalsearch.com/site/petalbot)"
204.48.19.85 - - [10/Jul/2021:04:48:33 -0400] "POST /wp-cron.php?doing_wp_cron=1625906913.0701229572296142578125 HTTP/1.1" 200 6295 "https://ajhydell.com/wp-cron.php?doing_wp_cron=1625906913.0701229572296142578125" "WordPress/5.7.2; https://ajhydell.com"
114.119.151.146 - - [10/Jul/2021:04:48:33 -0400] "GET /author/aj/page/8 HTTP/1.1" 301 5723 "-" "Mozilla/5.0 (Linux; Android 7.0;) AppleWebKit/537.36 (KHTML, like Gecko) Mobile Safari/537.36 (compatible; PetalBot;+https://webmaster.petalsearch.com/site/petalbot)"
114.119.151.146 - - [10/Jul/2021:04:48:33 -0400] "GET /author/aj/page/8/ HTTP/1.1" 200 14519 "-" "Mozilla/5.0 (Linux; Android 7.0;) AppleWebKit/537.36 (KHTML, like Gecko) Mobile Safari/537.36 (compatible; PetalBot;+https://webmaster.petalsearch.com/site/petalbot)"
204.48.19.85 - - [10/Jul/2021:04:49:07 -0400] "POST /wp-cron.php?doing_wp_cron=1625906947.7833900451660156250000 HTTP/1.1" 200 6295 "https://ajhydell.com/wp-cron.php?doing_wp_cron=1625906947.7833900451660156250000" "WordPress/5.7.2; https://ajhydell.com"
54.36.148.117 - - [10/Jul/2021:04:49:07 -0400] "GET /2021/06/26/griffin-microsheen-shoe-polish-1950s/ HTTP/1.1" 200 18898 "-" "Mozilla/5.0 (compatible; AhrefsBot/7.0; +http://ahrefs.com/robot/)"
114.119.151.146 - - [10/Jul/2021:04:49:22 -0400] "GET /2021/01/26/soldiers-of-the-finnish-4th-light-detachment-during-the-winter-war-1939/ HTTP/1.1" 200 18493 "-" "Mozilla/5.0 (Linux; Android 7.0;) AppleWebKit/537.36 (KHTML, like Gecko) Mobile Safari/537.36 (compatible; PetalBot;+https://webmaster.petalsearch.com/site/petalbot)"
18.197.18.220 - - [10/Jul/2021:04:49:41 -0400] "GET /wp-content/uploads/2021/02/picture-67.jpg HTTP/1.1" 200 932293 "-" "-"
204.48.19.85 - - [10/Jul/2021:04:50:16 -0400] "POST /wp-cron.php?doing_wp_cron=1625907016.8004069328308105468750 HTTP/1.1" 200 6295 "https://ajhydell.com/wp-cron.php?doing_wp_cron=1625907016.8004069328308105468750" "WordPress/5.7.2; https://ajhydell.com"
114.119.151.146 - - [10/Jul/2021:04:50:16 -0400] "GET /2018/12/26 HTTP/1.1" 301 5717 "-" "Mozilla/5.0 (Linux; Android 7.0;) AppleWebKit/537.36 (KHTML, like Gecko) Mobile Safari/537.36 (compatible; PetalBot;+https://webmaster.petalsearch.com/site/petalbot)"
114.119.151.146 - - [10/Jul/2021:04:50:17 -0400] "GET /2018/12/26/ HTTP/1.1" 200 12700 "-" "Mozilla/5.0 (Linux; Android 7.0;) AppleWebKit/537.36 (KHTML, like Gecko) Mobile Safari/537.36 (compatible; PetalBot;+https://webmaster.petalsearch.com/site/petalbot)"
162.241.217.180 - - [10/Jul/2021:04:50:56 -0400] "GET /backup/wp-admin/ HTTP/1.1" 301 541 "http://ajhydell.com/" "Mozilla/5.0 (Windows NT 10.0; Win64; x64) AppleWebKit/537.36 (KHTML, like Gecko) Chrome/78.0.3904.97 Safari/537.36"
204.48.19.85 - - [10/Jul/2021:04:50:56 -0400] "POST /wp-cron.php?doing_wp_cron=1625907056.4998381137847900390625 HTTP/1.1" 200 6295 "https://ajhydell.com/wp-cron.php?doing_wp_cron=1625907056.4998381137847900390625" "WordPress/5.7.2; https://ajhydell.com"
162.241.217.180 - - [10/Jul/2021:04:50:56 -0400] "GET /backup/wp-admin/ HTTP/1.1" 404 65911 "http://ajhydell.com/" "Mozilla/5.0 (Windows NT 10.0; Win64; x64) AppleWebKit/537.36 (KHTML, like Gecko) Chrome/78.0.3904.97 Safari/537.36"
114.119.132.183 - - [10/Jul/2021:04:51:08 -0400] "GET /2020/11/07/wara-begone-polish-poster-during-september-campaign-1939/ HTTP/1.1" 200 18372 "-" "Mozilla/5.0 (Linux; Android 7.0;) AppleWebKit/537.36 (KHTML, like Gecko) Mobile Safari/537.36 (compatible; PetalBot;+https://webmaster.petalsearch.com/site/petalbot)"
207.46.13.70 - - [10/Jul/2021:04:52:44 -0400] "GET /wp-content/uploads/2020/03/picture-1.jpg HTTP/1.1" 200 80058 "-" "Mozilla/5.0 (compatible; bingbot/2.0; +http://www.bing.com/bingbot.htm)"
204.48.19.85 - - [10/Jul/2021:04:52:59 -0400] "POST /wp-cron.php?doing_wp_cron=1625907179.2536880970001220703125 HTTP/1.1" 200 6295 "https://ajhydell.com/wp-cron.php?doing_wp_cron=1625907179.2536880970001220703125" "WordPress/5.7.2; https://ajhydell.com"
207.46.13.137 - - [10/Jul/2021:04:52:59 -0400] "GET /2020/01/29/pin-friend-of-children-that-voluntary-compulsory-soviet-society-helped-to-socialize-millions-of-homeless-kids-after-russian-civil-war-1923/ HTTP/1.1" 200 18878 "-" "Mozilla/5.0 (compatible; bingbot/2.0; +http://www.bing.com/bingbot.htm)"
17.121.114.115 - - [10/Jul/2021:04:53:02 -0400] "GET /2020/06/09/wwi-german-zeppelin-forced-to-land-over-france-recovered-intact-1917-colorized-by-me-5000-x-3728/ HTTP/1.1" 200 18735 "-" "Mozilla/5.0 (Macintosh; Intel Mac OS X 10_15_5) AppleWebKit/605.1.15 (KHTML, like Gecko) Version/13.1.1 Safari/605.1.15 (Applebot/0.1; +http://www.apple.com/go/applebot)"
114.119.145.169 - - [10/Jul/2021:04:53:13 -0400] "GET /2021/05/22/one-of-the-many-selfies-that-emperor-nicholas-ii-took-throughout-his-life-1868-1918-736x551/ HTTP/1.1" 200 18486 "-" "Mozilla/5.0 (Linux; Android 7.0;) AppleWebKit/537.36 (KHTML, like Gecko) Mobile Safari/537.36 (compatible; PetalBot;+https://webmaster.petalsearch.com/site/petalbot)"
185.191.171.1 - - [10/Jul/2021:04:53:26 -0400] "GET /2020/05/18/1950s-necklines-colorized-by-me/ HTTP/1.1" 200 18964 "-" "Mozilla/5.0 (compatible; SemrushBot/7~bl; +http://www.semrush.com/bot.html)"
114.75.177.58 - - [10/Jul/2021:04:53:35 -0400] "GET /wp-content/uploads/2018/09/picture-114.jpg HTTP/1.1" 200 3738502 "https://www.bing.com/" "Mozilla/5.0 (Windows NT 10.0; Win64; x64) AppleWebKit/537.36 (KHTML, like Gecko) Chrome/91.0.4472.124 Safari/537.36 Edg/91.0.864.64"
204.48.19.85 - - [10/Jul/2021:04:54:51 -0400] "POST /wp-cron.php?doing_wp_cron=1625907291.7578570842742919921875 HTTP/1.1" 200 6295 "https://ajhydell.com/wp-cron.php?doing_wp_cron=1625907291.7578570842742919921875" "WordPress/5.7.2; https://ajhydell.com"
114.119.151.93 - - [10/Jul/2021:04:54:50 -0400] "GET /page/111 HTTP/1.1" 301 5715 "-" "Mozilla/5.0 (Linux; Android 7.0;) AppleWebKit/537.36 (KHTML, like Gecko) Mobile Safari/537.36 (compatible; PetalBot;+https://webmaster.petalsearch.com/site/petalbot)"
185.80.92.151 - - [10/Jul/2021:04:54:54 -0400] "GET /wp-login.php HTTP/1.1" 200 8605 "-" "Mozilla/5.0 (X11; Ubuntu; Linux x86_64; rv:62.0) Gecko/20100101 Firefox/62.0"
