66.249.66.132 - - [03/Jul/2021:02:54:25 -0400] "GET /?wordfence_lh=1&hid=6E51282B818AEF129D732148EAF8E83D HTTP/1.1" 200 6341 "-" "Mozilla/5.0 (compatible; Googlebot/2.1; +http://www.google.com/bot.html)"
66.249.66.136 - - [03/Jul/2021:02:54:25 -0400] "GET /?wordfence_lh=1&hid=6E51282B818AEF129D732148EAF8E83D HTTP/1.1" 200 347 "-" "Mozilla/5.0 (compatible; Googlebot/2.1; +http://www.google.com/bot.html)"
204.48.19.85 - - [03/Jul/2021:02:55:02 -0400] "POST /wp-cron.php?doing_wp_cron=1625295302.7514839172363281250000 HTTP/1.1" 200 6295 "https://ajhydell.com/wp-cron.php?doing_wp_cron=1625295302.7514839172363281250000" "WordPress/5.7.2; https://ajhydell.com"
114.119.151.93 - - [03/Jul/2021:02:55:02 -0400] "GET /2021/05/16/anti-burqa-and-beard-regulation-poster-in-xinjiang-2012-wear-traditional-clothes-and-strive-to-be-a-civilized-citizen/ HTTP/1.1" 200 18301 "-" "Mozilla/5.0 (Linux; Android 7.0;) AppleWebKit/537.36 (KHTML, like Gecko) Mobile Safari/537.36 (compatible; PetalBot;+https://webmaster.petalsearch.com/site/petalbot)"
49.7.20.67 - - [03/Jul/2021:02:55:12 -0400] "GET / HTTP/1.1" 200 19893 "-" "Sogou web spider/4.0(+http://www.sogou.com/docs/help/webmasters.htm#07)"
204.48.19.85 - - [03/Jul/2021:02:56:25 -0400] "POST /wp-cron.php?doing_wp_cron=1625295385.4236319065093994140625 HTTP/1.1" 200 6295 "https://ajhydell.com/wp-cron.php?doing_wp_cron=1625295385.4236319065093994140625" "WordPress/5.7.2; https://ajhydell.com"
54.36.148.117 - - [03/Jul/2021:02:56:25 -0400] "GET /2020/01/01/wehrmacht-soldier-with-his-arm-blown-off-somewhere-on-the-eastern-front/ HTTP/1.1" 200 18811 "-" "Mozilla/5.0 (compatible; AhrefsBot/7.0; +http://ahrefs.com/robot/)"
204.48.19.85 - - [03/Jul/2021:02:57:00 -0400] "POST /wp-cron.php?doing_wp_cron=1625295420.5400269031524658203125 HTTP/1.1" 200 6295 "https://ajhydell.com/wp-cron.php?doing_wp_cron=1625295420.5400269031524658203125" "WordPress/5.7.2; https://ajhydell.com"
114.119.147.211 - - [03/Jul/2021:02:57:00 -0400] "GET /2021/05/10/the-traffic-officer-says-1910/ HTTP/1.1" 200 18010 "-" "Mozilla/5.0 (Linux; Android 7.0;) AppleWebKit/537.36 (KHTML, like Gecko) Mobile Safari/537.36 (compatible; PetalBot;+https://webmaster.petalsearch.com/site/petalbot)"
40.77.167.20 - - [03/Jul/2021:02:57:17 -0400] "GET /post-sitemap11.xml HTTP/1.1" 200 16235 "-" "Mozilla/5.0 (compatible; bingbot/2.0; +http://www.bing.com/bingbot.htm)"
204.48.19.85 - - [03/Jul/2021:02:58:45 -0400] "POST /wp-cron.php?doing_wp_cron=1625295525.4922239780426025390625 HTTP/1.1" 200 6295 "https://ajhydell.com/wp-cron.php?doing_wp_cron=1625295525.4922239780426025390625" "WordPress/5.7.2; https://ajhydell.com"
207.46.13.80 - - [03/Jul/2021:02:58:45 -0400] "GET /2019/02/28/2-soldiers-from-the-4th-infantry-division-showing-off-their-dinner-during-the-battle-of-the-bulge-1944/ HTTP/1.1" 200 18426 "-" "Mozilla/5.0 (compatible; bingbot/2.0; +http://www.bing.com/bingbot.htm)"
54.36.148.117 - - [03/Jul/2021:02:58:48 -0400] "GET /2019/06/30/a-knocked-out-british-tank-with-dead-german-soldiers-next-to-it-in-herenthage-park-after-the-battle-of-langemarck-1917/ HTTP/1.1" 200 18776 "-" "Mozilla/5.0 (compatible; AhrefsBot/7.0; +http://ahrefs.com/robot/)"
114.119.138.170 - - [03/Jul/2021:02:58:53 -0400] "GET /2019/03/26/day-of-solidarity-with-angola-1972 HTTP/1.1" 301 5797 "-" "Mozilla/5.0 (Linux; Android 7.0;) AppleWebKit/537.36 (KHTML, like Gecko) Mobile Safari/537.36 (compatible; PetalBot;+https://webmaster.petalsearch.com/site/petalbot)"
114.119.138.170 - - [03/Jul/2021:02:58:54 -0400] "GET /2019/03/26/day-of-solidarity-with-angola-1972/ HTTP/1.1" 200 12791 "-" "Mozilla/5.0 (Linux; Android 7.0;) AppleWebKit/537.36 (KHTML, like Gecko) Mobile Safari/537.36 (compatible; PetalBot;+https://webmaster.petalsearch.com/site/petalbot)"
185.191.171.35 - - [03/Jul/2021:02:59:37 -0400] "GET /2021/06/27/a-united-states-soldier-holds-up-a-jungle-centipede-during-the-vietnam-war-1967-443x428/ HTTP/1.1" 200 18751 "-" "Mozilla/5.0 (compatible; SemrushBot/7~bl; +http://www.semrush.com/bot.html)"
157.55.39.134 - - [03/Jul/2021:02:59:59 -0400] "GET /wp-content/uploads/2018/09/picture-96.jpg HTTP/1.1" 200 110739 "-" "Mozilla/5.0 (compatible; bingbot/2.0; +http://www.bing.com/bingbot.htm)"
204.48.19.85 - - [03/Jul/2021:03:00:03 -0400] "POST /wp-cron.php?doing_wp_cron=1625295603.2624149322509765625000 HTTP/1.1" 200 6295 "https://ajhydell.com/wp-cron.php?doing_wp_cron=1625295603.2624149322509765625000" "WordPress/5.7.2; https://ajhydell.com"
77.75.78.171 - - [03/Jul/2021:03:00:02 -0400] "GET /robots.txt HTTP/1.1" 200 6517 "-" "Mozilla/5.0 (compatible; SeznamBot/3.2; +http://napoveda.seznam.cz/en/seznambot-intro/)"
77.75.78.171 - - [03/Jul/2021:03:00:06 -0400] "GET /wp-content/uploads/2021/05/picture-72.jpg HTTP/1.1" 304 6272 "-" "Mozilla/5.0 (compatible; SeznamBot/3.2; +http://napoveda.seznam.cz/en/seznambot-intro/)"
204.48.19.85 - - [03/Jul/2021:03:00:47 -0400] "POST /wp-cron.php?doing_wp_cron=1625295647.1696140766143798828125 HTTP/1.1" 200 6295 "https://ajhydell.com/wp-cron.php?doing_wp_cron=1625295647.1696140766143798828125" "WordPress/5.7.2; https://ajhydell.com"
207.46.13.151 - - [03/Jul/2021:03:00:46 -0400] "GET /post-sitemap15.xml HTTP/1.1" 200 16607 "-" "Mozilla/5.0 (compatible; bingbot/2.0; +http://www.bing.com/bingbot.htm)"
114.119.138.170 - - [03/Jul/2021:03:00:52 -0400] "GET /2020/04/02/from-aloha-to-cumback-ac-oil-filter-1958/ HTTP/1.1" 200 18334 "-" "Mozilla/5.0 (Linux; Android 7.0;) AppleWebKit/537.36 (KHTML, like Gecko) Mobile Safari/537.36 (compatible; PetalBot;+https://webmaster.petalsearch.com/site/petalbot)"
23.100.232.233 - - [03/Jul/2021:03:01:01 -0400] "GET /2020/02/04/steve-irwin-aged-17-playing-for-the-local-rugby-league-team-1979-350-x-240/ HTTP/1.1" 200 17893 "-" "Mozilla/5.0 (compatible; MSIE 9.0; Windows NT 6.1; Trident/5.0;  Trident/5.0)"
54.36.148.117 - - [03/Jul/2021:03:01:02 -0400] "GET /2019/08/13/ HTTP/1.1" 200 18097 "-" "Mozilla/5.0 (compatible; AhrefsBot/7.0; +http://ahrefs.com/robot/)"
23.100.232.233 - - [03/Jul/2021:03:01:04 -0400] "GET /wp-content/plugins/add-expires-headers/cache/0/com/processed-header-f16a8d323e83e1bc1b76514e283fb81b7090a959.min.css HTTP/1.1" 200 52893 "https://ajhydell.com/2020/02/04/steve-irwin-aged-17-playing-for-the-local-rugby-league-team-1979-350-x-240/" "Mozilla/5.0 (compatible; MSIE 9.0; Windows NT 6.1; Trident/5.0;  Trident/5.0)"
23.100.232.233 - - [03/Jul/2021:03:01:04 -0400] "GET /wp-includes/js/jquery/jquery.min.js?ver=3.5.1 HTTP/1.1" 200 31550 "https://ajhydell.com/2020/02/04/steve-irwin-aged-17-playing-for-the-local-rugby-league-team-1979-350-x-240/" "Mozilla/5.0 (compatible; MSIE 9.0; Windows NT 6.1; Trident/5.0;  Trident/5.0)"
23.100.232.233 - - [03/Jul/2021:03:01:04 -0400] "GET /wp-content/plugins/google-analytics-for-wordpress/assets/js/frontend-gtag.min.js?ver=7.17.0 HTTP/1.1" 200 3476 "https://ajhydell.com/2020/02/04/steve-irwin-aged-17-playing-for-the-local-rugby-league-team-1979-350-x-240/" "Mozilla/5.0 (compatible; MSIE 9.0; Windows NT 6.1; Trident/5.0;  Trident/5.0)"
23.100.232.233 - - [03/Jul/2021:03:01:05 -0400] "GET /wp-includes/js/jquery/jquery-migrate.min.js?ver=3.3.2 HTTP/1.1" 200 4687 "https://ajhydell.com/2020/02/04/steve-irwin-aged-17-playing-for-the-local-rugby-league-team-1979-350-x-240/" "Mozilla/5.0 (compatible; MSIE 9.0; Windows NT 6.1; Trident/5.0;  Trident/5.0)"
23.100.232.233 - - [03/Jul/2021:03:01:07 -0400] "GET /wp-includes/js/wp-emoji-release.min.js?ver=5.7.2 HTTP/1.1" 200 5183 "https://ajhydell.com/2020/02/04/steve-irwin-aged-17-playing-for-the-local-rugby-league-team-1979-350-x-240/" "Mozilla/5.0 (compatible; MSIE 9.0; Windows NT 6.1; Trident/5.0;  Trident/5.0)"
23.100.232.233 - - [03/Jul/2021:03:01:08 -0400] "GET /wp-content/themes/royal-magazine/js/navigation.js?ver=20151215 HTTP/1.1" 200 1349 "https://ajhydell.com/2020/02/04/steve-irwin-aged-17-playing-for-the-local-rugby-league-team-1979-350-x-240/" "Mozilla/5.0 (compatible; MSIE 9.0; Windows NT 6.1; Trident/5.0;  Trident/5.0)"
23.100.232.233 - - [03/Jul/2021:03:01:08 -0400] "GET /wp-content/plugins/wp-smushit/app/assets/js/smush-lazy-load.min.js?ver=3.8.7 HTTP/1.1" 200 4207 "https://ajhydell.com/2020/02/04/steve-irwin-aged-17-playing-for-the-local-rugby-league-team-1979-350-x-240/" "Mozilla/5.0 (compatible; MSIE 9.0; Windows NT 6.1; Trident/5.0;  Trident/5.0)"
23.100.232.233 - - [03/Jul/2021:03:01:08 -0400] "GET /wp-content/themes/royal-magazine/js/skip-link-focus-fix.js?ver=20151215 HTTP/1.1" 200 933 "https://ajhydell.com/2020/02/04/steve-irwin-aged-17-playing-for-the-local-rugby-league-team-1979-350-x-240/" "Mozilla/5.0 (compatible; MSIE 9.0; Windows NT 6.1; Trident/5.0;  Trident/5.0)"
23.100.232.233 - - [03/Jul/2021:03:01:08 -0400] "GET /wp-content/themes/royal-magazine/assets/libraries/slick/js/slick.min.js?ver=5.7.2 HTTP/1.1" 200 10740 "https://ajhydell.com/2020/02/04/steve-irwin-aged-17-playing-for-the-local-rugby-league-team-1979-350-x-240/" "Mozilla/5.0 (compatible; MSIE 9.0; Windows NT 6.1; Trident/5.0;  Trident/5.0)"
23.100.232.233 - - [03/Jul/2021:03:01:08 -0400] "GET /wp-content/themes/royal-magazine/assets/libraries/theiaStickySidebar/theia-sticky-sidebar.min.js?ver=5.7.2 HTTP/1.1" 200 2271 "https://ajhydell.com/2020/02/04/steve-irwin-aged-17-playing-for-the-local-rugby-league-team-1979-350-x-240/" "Mozilla/5.0 (compatible; MSIE 9.0; Windows NT 6.1; Trident/5.0;  Trident/5.0)"
23.100.232.233 - - [03/Jul/2021:03:01:08 -0400] "GET /wp-content/themes/royal-magazine/assets/libraries/marquee/jquery.marquee.js?ver=5.7.2 HTTP/1.1" 200 5103 "https://ajhydell.com/2020/02/04/steve-irwin-aged-17-playing-for-the-local-rugby-league-team-1979-350-x-240/" "Mozilla/5.0 (compatible; MSIE 9.0; Windows NT 6.1; Trident/5.0;  Trident/5.0)"
23.100.232.233 - - [03/Jul/2021:03:01:09 -0400] "GET /wp-includes/js/wp-embed.min.js?ver=5.7.2 HTTP/1.1" 200 1221 "https://ajhydell.com/2020/02/04/steve-irwin-aged-17-playing-for-the-local-rugby-league-team-1979-350-x-240/" "Mozilla/5.0 (compatible; MSIE 9.0; Windows NT 6.1; Trident/5.0;  Trident/5.0)"
23.100.232.233 - - [03/Jul/2021:03:01:09 -0400] "GET /wp-content/themes/royal-magazine/assets/twp/js/custom-script.js?ver=5.7.2 HTTP/1.1" 200 3023 "https://ajhydell.com/2020/02/04/steve-irwin-aged-17-playing-for-the-local-rugby-league-team-1979-350-x-240/" "Mozilla/5.0 (compatible; MSIE 9.0; Windows NT 6.1; Trident/5.0;  Trident/5.0)"
23.100.232.233 - - [03/Jul/2021:03:01:09 -0400] "GET /wp-content/themes/royal-magazine/assets/libraries/magnific-popup/jquery.magnific-popup.min.js?ver=5.7.2 HTTP/1.1" 200 7871 "https://ajhydell.com/2020/02/04/steve-irwin-aged-17-playing-for-the-local-rugby-league-team-1979-350-x-240/" "Mozilla/5.0 (compatible; MSIE 9.0; Windows NT 6.1; Trident/5.0;  Trident/5.0)"
23.100.232.233 - - [03/Jul/2021:03:01:09 -0400] "GET /wp-content/themes/royal-magazine/assets/libraries/bootstrap/js/bootstrap.min.js?ver=5.7.2 HTTP/1.1" 200 10404 "https://ajhydell.com/2020/02/04/steve-irwin-aged-17-playing-for-the-local-rugby-league-team-1979-350-x-240/" "Mozilla/5.0 (compatible; MSIE 9.0; Windows NT 6.1; Trident/5.0;  Trident/5.0)"
23.100.232.233 - - [03/Jul/2021:03:01:10 -0400] "GET /wp-content/plugins/facebook-pagelike-widget/fb.js?ver=1.0 HTTP/1.1" 200 821 "https://ajhydell.com/2020/02/04/steve-irwin-aged-17-playing-for-the-local-rugby-league-team-1979-350-x-240/" "Mozilla/5.0 (compatible; MSIE 9.0; Windows NT 6.1; Trident/5.0;  Trident/5.0)"
204.48.19.85 - - [03/Jul/2021:03:01:45 -0400] "POST /wp-cron.php?doing_wp_cron=1625295705.8679199218750000000000 HTTP/1.1" 200 6295 "https://ajhydell.com/wp-cron.php?doing_wp_cron=1625295705.8679199218750000000000" "WordPress/5.7.2; https://ajhydell.com"
124.158.183.182 - - [03/Jul/2021:03:01:45 -0400] "GET /wp-login.php HTTP/1.1" 200 8605 "-" "Mozilla/5.0 (X11; Ubuntu; Linux x86_64; rv:62.0) Gecko/20100101 Firefox/62.0"
124.158.183.182 - - [03/Jul/2021:03:01:47 -0400] "POST /wp-login.php HTTP/1.1" 200 8695 "-" "Mozilla/5.0 (X11; Ubuntu; Linux x86_64; rv:62.0) Gecko/20100101 Firefox/62.0"
124.158.183.182 - - [03/Jul/2021:03:01:48 -0400] "POST /xmlrpc.php HTTP/1.1" 503 24026 "-" "Mozilla/5.0 (X11; Ubuntu; Linux x86_64; rv:62.0) Gecko/20100101 Firefox/62.0"
204.48.19.85 - - [03/Jul/2021:03:02:51 -0400] "POST /wp-cron.php?doing_wp_cron=1625295771.3785629272460937500000 HTTP/1.1" 200 6295 "https://ajhydell.com/wp-cron.php?doing_wp_cron=1625295771.3785629272460937500000" "WordPress/5.7.2; https://ajhydell.com"
114.119.158.133 - - [03/Jul/2021:03:02:51 -0400] "GET /2018/10/13/little-girl-and-her-pet-toad-at-a-pet-show-venice-beach-california-1936 HTTP/1.1" 301 5834 "-" "Mozilla/5.0 (Linux; Android 7.0;) AppleWebKit/537.36 (KHTML, like Gecko) Mobile Safari/537.36 (compatible; PetalBot;+https://webmaster.petalsearch.com/site/petalbot)"
114.119.158.133 - - [03/Jul/2021:03:02:52 -0400] "GET /2018/10/13/little-girl-and-her-pet-toad-at-a-pet-show-venice-beach-california-1936/ HTTP/1.1" 200 12960 "-" "Mozilla/5.0 (Linux; Android 7.0;) AppleWebKit/537.36 (KHTML, like Gecko) Mobile Safari/537.36 (compatible; PetalBot;+https://webmaster.petalsearch.com/site/petalbot)"
54.36.148.117 - - [03/Jul/2021:03:03:24 -0400] "GET /2019/01/25/ HTTP/1.1" 200 18347 "-" "Mozilla/5.0 (compatible; AhrefsBot/7.0; +http://ahrefs.com/robot/)"
204.48.19.85 - - [03/Jul/2021:03:04:09 -0400] "POST /wp-cron.php?doing_wp_cron=1625295849.5680379867553710937500 HTTP/1.1" 200 6295 "https://ajhydell.com/wp-cron.php?doing_wp_cron=1625295849.5680379867553710937500" "WordPress/5.7.2; https://ajhydell.com"
185.191.171.5 - - [03/Jul/2021:03:04:09 -0400] "GET /2019/06/11/may-the-soviet-mongolian-friendship-grow-stronger-soviet-poster-1950s/ HTTP/1.1" 200 18731 "-" "Mozilla/5.0 (compatible; SemrushBot/7~bl; +http://www.semrush.com/bot.html)"
204.48.19.85 - - [03/Jul/2021:03:04:52 -0400] "POST /wp-cron.php?doing_wp_cron=1625295892.6020219326019287109375 HTTP/1.1" 200 6295 "https://ajhydell.com/wp-cron.php?doing_wp_cron=1625295892.6020219326019287109375" "WordPress/5.7.2; https://ajhydell.com"
114.119.151.93 - - [03/Jul/2021:03:04:52 -0400] "GET /2018/09/10/leon-redbones-this-buds-for-you-commercial-1982 HTTP/1.1" 301 5810 "-" "Mozilla/5.0 (Linux; Android 7.0;) AppleWebKit/537.36 (KHTML, like Gecko) Mobile Safari/537.36 (compatible; PetalBot;+https://webmaster.petalsearch.com/site/petalbot)"
114.119.151.93 - - [03/Jul/2021:03:04:53 -0400] "GET /2018/09/10/leon-redbones-this-buds-for-you-commercial-1982/ HTTP/1.1" 200 12934 "-" "Mozilla/5.0 (Linux; Android 7.0;) AppleWebKit/537.36 (KHTML, like Gecko) Mobile Safari/537.36 (compatible; PetalBot;+https://webmaster.petalsearch.com/site/petalbot)"
54.36.148.117 - - [03/Jul/2021:03:05:39 -0400] "GET /2018/10/27/axis-propaganda-directed-to-india-ww2/ HTTP/1.1" 200 18677 "-" "Mozilla/5.0 (compatible; AhrefsBot/7.0; +http://ahrefs.com/robot/)"
204.48.19.85 - - [03/Jul/2021:03:06:39 -0400] "POST /wp-cron.php?doing_wp_cron=1625295999.9149310588836669921875 HTTP/1.1" 200 6295 "https://ajhydell.com/wp-cron.php?doing_wp_cron=1625295999.9149310588836669921875" "WordPress/5.7.2; https://ajhydell.com"
185.191.171.25 - - [03/Jul/2021:03:06:39 -0400] "GET /2021/01/28/ HTTP/1.1" 200 18885 "-" "Mozilla/5.0 (compatible; SemrushBot/7~bl; +http://www.semrush.com/bot.html)"
204.48.19.85 - - [03/Jul/2021:03:06:46 -0400] "POST /wp-cron.php?doing_wp_cron=1625296006.0311160087585449218750 HTTP/1.1" 200 6295 "https://ajhydell.com/wp-cron.php?doing_wp_cron=1625296006.0311160087585449218750" "WordPress/5.7.2; https://ajhydell.com"
185.191.171.5 - - [03/Jul/2021:03:06:45 -0400] "GET /2021/05/14/no-one-knows-im-wearing-support-pantyhose-hanes-hosiery-1979/ HTTP/1.1" 200 18993 "-" "Mozilla/5.0 (compatible; SemrushBot/7~bl; +http://www.semrush.com/bot.html)"
114.119.143.210 - - [03/Jul/2021:03:06:49 -0400] "GET /2019/07/30/dock-worker-in-new-orleans-1943-photo-by-john-vachon HTTP/1.1" 301 5815 "-" "Mozilla/5.0 (Linux; Android 7.0;) AppleWebKit/537.36 (KHTML, like Gecko) Mobile Safari/537.36 (compatible; PetalBot;+https://webmaster.petalsearch.com/site/petalbot)"
114.119.143.210 - - [03/Jul/2021:03:06:53 -0400] "GET /2019/07/30/dock-worker-in-new-orleans-1943-photo-by-john-vachon/ HTTP/1.1" 200 12859 "-" "Mozilla/5.0 (Linux; Android 7.0;) AppleWebKit/537.36 (KHTML, like Gecko) Mobile Safari/537.36 (compatible; PetalBot;+https://webmaster.petalsearch.com/site/petalbot)"
204.48.19.85 - - [03/Jul/2021:03:07:54 -0400] "POST /wp-cron.php?doing_wp_cron=1625296074.1112420558929443359375 HTTP/1.1" 200 6295 "https://ajhydell.com/wp-cron.php?doing_wp_cron=1625296074.1112420558929443359375" "WordPress/5.7.2; https://ajhydell.com"
54.36.148.117 - - [03/Jul/2021:03:07:53 -0400] "GET /2019/08/12/ HTTP/1.1" 200 18155 "-" "Mozilla/5.0 (compatible; AhrefsBot/7.0; +http://ahrefs.com/robot/)"
204.48.19.85 - - [03/Jul/2021:03:08:51 -0400] "POST /wp-cron.php?doing_wp_cron=1625296131.5000760555267333984375 HTTP/1.1" 200 6295 "https://ajhydell.com/wp-cron.php?doing_wp_cron=1625296131.5000760555267333984375" "WordPress/5.7.2; https://ajhydell.com"
157.55.39.134 - - [03/Jul/2021:03:08:51 -0400] "GET /page/15/ HTTP/1.1" 200 20116 "-" "Mozilla/5.0 (compatible; bingbot/2.0; +http://www.bing.com/bingbot.htm)"
114.119.138.170 - - [03/Jul/2021:03:09:05 -0400] "GET /2021/05/18/a-housewife-and-her-baby-brings-her-contribution-of-pots-and-pans-to-chelsea-town-hall-london-oct-7-1940-after-lord-beaverbrook-made-an-appeal-to-the-women-of-britain-to-give-spare-aluminium-to-be/ HTTP/1.1" 200 18460 "-" "Mozilla/5.0 (Linux; Android 7.0;) AppleWebKit/537.36 (KHTML, like Gecko) Mobile Safari/537.36 (compatible; PetalBot;+https://webmaster.petalsearch.com/site/petalbot)"
204.48.19.85 - - [03/Jul/2021:03:10:05 -0400] "POST /wp-cron.php?doing_wp_cron=1625296205.6716229915618896484375 HTTP/1.1" 200 6295 "https://ajhydell.com/wp-cron.php?doing_wp_cron=1625296205.6716229915618896484375" "WordPress/5.7.2; https://ajhydell.com"
54.36.148.117 - - [03/Jul/2021:03:10:05 -0400] "GET /2021/04/30/young-agatha-christie/ HTTP/1.1" 200 18830 "-" "Mozilla/5.0 (compatible; AhrefsBot/7.0; +http://ahrefs.com/robot/)"
40.77.190.102 - - [03/Jul/2021:03:10:24 -0400] "GET /?wordfence_lh=1&hid=1BF33EB1169D9FF1BA177625F1DB4EEE&r=0.2855368344208973 HTTP/1.1" 200 6388 "https://ajhydell.com/2021/01/09/the-protectors-of-our-industries-united-states-1883/" "Mozilla/5.0 (Windows NT 6.1; WOW64) AppleWebKit/534+ (KHTML, like Gecko) BingPreview/1.0b"
114.119.143.210 - - [03/Jul/2021:03:10:36 -0400] "GET /2019/07/11 HTTP/1.1" 301 5717 "-" "Mozilla/5.0 (Linux; Android 7.0;) AppleWebKit/537.36 (KHTML, like Gecko) Mobile Safari/537.36 (compatible; PetalBot;+https://webmaster.petalsearch.com/site/petalbot)"
114.119.143.210 - - [03/Jul/2021:03:10:37 -0400] "GET /2019/07/11/ HTTP/1.1" 200 12338 "-" "Mozilla/5.0 (Linux; Android 7.0;) AppleWebKit/537.36 (KHTML, like Gecko) Mobile Safari/537.36 (compatible; PetalBot;+https://webmaster.petalsearch.com/site/petalbot)"
204.48.19.85 - - [03/Jul/2021:03:10:48 -0400] "POST /wp-cron.php?doing_wp_cron=1625296248.6696639060974121093750 HTTP/1.1" 200 6295 "https://ajhydell.com/wp-cron.php?doing_wp_cron=1625296248.6696639060974121093750" "WordPress/5.7.2; https://ajhydell.com"
185.191.171.44 - - [03/Jul/2021:03:10:48 -0400] "GET /2019/11/26/the-aftermath-of-naval-bombardment-uss-miami-palau-islands-7th-sept-1944/ HTTP/1.1" 200 18768 "-" "Mozilla/5.0 (compatible; SemrushBot/7~bl; +http://www.semrush.com/bot.html)"
173.236.152.14 - - [03/Jul/2021:03:11:03 -0400] "GET /wp-login.php HTTP/1.1" 200 8605 "-" "Mozilla/5.0 (X11; Ubuntu; Linux x86_64; rv:62.0) Gecko/20100101 Firefox/62.0"
173.236.152.14 - - [03/Jul/2021:03:11:03 -0400] "POST /wp-login.php HTTP/1.1" 200 8695 "-" "Mozilla/5.0 (X11; Ubuntu; Linux x86_64; rv:62.0) Gecko/20100101 Firefox/62.0"
173.236.152.14 - - [03/Jul/2021:03:11:04 -0400] "POST /xmlrpc.php HTTP/1.1" 200 5852 "-" "Mozilla/5.0 (X11; Ubuntu; Linux x86_64; rv:62.0) Gecko/20100101 Firefox/62.0"
157.55.39.136 - - [03/Jul/2021:03:11:36 -0400] "GET /2021/06/22/be-afraid-be-very-afraid-poster-ca-2001-election-poster-depicting-william-hague-leader-of-the-conservative-party-with-the-superimposed-hairstyle-and-earrings-of-former-conservative-prime-min HTTP/1.1" 301 6183 "-" "Mozilla/5.0 (compatible; bingbot/2.0; +http://www.bing.com/bingbot.htm)"
157.55.39.136 - - [03/Jul/2021:03:11:38 -0400] "GET /2021/06/22/be-afraid-be-very-afraid-poster-ca-2001-election-poster-depicting-william-hague-leader-of-the-conservative-party-with-the-superimposed-hairstyle-and-earrings-of-former-conservative-prime-min/ HTTP/1.1" 200 18706 "-" "Mozilla/5.0 (compatible; bingbot/2.0; +http://www.bing.com/bingbot.htm)"
204.48.19.85 - - [03/Jul/2021:03:12:17 -0400] "POST /wp-cron.php?doing_wp_cron=1625296337.4216609001159667968750 HTTP/1.1" 200 6295 "https://ajhydell.com/wp-cron.php?doing_wp_cron=1625296337.4216609001159667968750" "WordPress/5.7.2; https://ajhydell.com"
54.36.148.117 - - [03/Jul/2021:03:12:17 -0400] "GET /2019/04/17/the-cologne-cathedral-stands-amidst-the-ruins-of-the-city-after-allied-bombings-1944-the-cathedral-suffered-fourteen-direct-hits-by-aerial-bombs-during-the-war-but-did-not-collapse-1290-x-996/ HTTP/1.1" 200 19084 "-" "Mozilla/5.0 (compatible; AhrefsBot/7.0; +http://ahrefs.com/robot/)"
114.119.143.210 - - [03/Jul/2021:03:12:32 -0400] "GET /2019/02/24/chinese-propaganda-leaflet-dropped-onto-us-troops-during-the-korean-war HTTP/1.1" 301 5834 "-" "Mozilla/5.0 (Linux; Android 7.0;) AppleWebKit/537.36 (KHTML, like Gecko) Mobile Safari/537.36 (compatible; PetalBot;+https://webmaster.petalsearch.com/site/petalbot)"
114.119.143.210 - - [03/Jul/2021:03:12:33 -0400] "GET /2019/02/24/chinese-propaganda-leaflet-dropped-onto-us-troops-during-the-korean-war/ HTTP/1.1" 200 12964 "-" "Mozilla/5.0 (Linux; Android 7.0;) AppleWebKit/537.36 (KHTML, like Gecko) Mobile Safari/537.36 (compatible; PetalBot;+https://webmaster.petalsearch.com/site/petalbot)"
204.48.19.85 - - [03/Jul/2021:03:12:47 -0400] "POST /wp-cron.php?doing_wp_cron=1625296367.0544021129608154296875 HTTP/1.1" 200 6295 "https://ajhydell.com/wp-cron.php?doing_wp_cron=1625296367.0544021129608154296875" "WordPress/5.7.2; https://ajhydell.com"
17.121.112.193 - - [03/Jul/2021:03:12:46 -0400] "GET /2020/12/08/inmates-at-bergen-belsen-concentration-camp-chase-down-and-beat-a-former-kapo-guard-april-16-1945/ HTTP/1.1" 200 18172 "-" "Mozilla/5.0 (Macintosh; Intel Mac OS X 10_15_5) AppleWebKit/605.1.15 (KHTML, like Gecko) Version/13.1.1 Safari/605.1.15 (Applebot/0.1; +http://www.apple.com/go/applebot)"
66.249.66.132 - - [03/Jul/2021:03:13:27 -0400] "GET /feed/ HTTP/1.1" 200 8338 "-" "Mozilla/5.0 (compatible; Googlebot/2.1; +http://www.google.com/bot.html)"
204.48.19.85 - - [03/Jul/2021:03:14:27 -0400] "POST /wp-cron.php?doing_wp_cron=1625296467.8489849567413330078125 HTTP/1.1" 200 6295 "https://ajhydell.com/wp-cron.php?doing_wp_cron=1625296467.8489849567413330078125" "WordPress/5.7.2; https://ajhydell.com"
54.36.148.117 - - [03/Jul/2021:03:14:27 -0400] "GET /2020/01/01/a-finnish-snowmobile-during-the-continuation-war-1941-1944-the-swastika-was-the-emblem-of-the-finnish-air-force-and-tank-corps-from-1918-to-1945/ HTTP/1.1" 200 18994 "-" "Mozilla/5.0 (compatible; AhrefsBot/7.0; +http://ahrefs.com/robot/)"
66.249.66.136 - - [03/Jul/2021:03:14:29 -0400] "GET /wp-content/uploads/2021/06/picture-78.jpg HTTP/1.1" 200 256685 "-" "Googlebot-Image/1.0"
114.119.138.170 - - [03/Jul/2021:03:14:31 -0400] "GET /2019/01/07/starting-her-plane/ HTTP/1.1" 200 18012 "-" "Mozilla/5.0 (Linux; Android 7.0;) AppleWebKit/537.36 (KHTML, like Gecko) Mobile Safari/537.36 (compatible; PetalBot;+https://webmaster.petalsearch.com/site/petalbot)"
204.48.19.85 - - [03/Jul/2021:03:15:39 -0400] "POST /wp-cron.php?doing_wp_cron=1625296539.0524520874023437500000 HTTP/1.1" 200 6295 "https://ajhydell.com/wp-cron.php?doing_wp_cron=1625296539.0524520874023437500000" "WordPress/5.7.2; https://ajhydell.com"
211.249.246.164 - - [03/Jul/2021:03:15:38 -0400] "GET /robots.txt HTTP/1.1" 200 5882 "-" "Mozilla/5.0 (compatible; Daum/4.1; +http://cs.daum.net/faq/15/4118.html?faqId=28966)"
211.249.246.164 - - [03/Jul/2021:03:15:40 -0400] "GET /wp-json/oembed/1.0/embed?url=https%3A%2F%2Fajhydell.com%2F2020%2F02%2F16%2Fon-the-policy-of-neutrality-in-europe-1939%2F&format=xml HTTP/1.1" 200 8590 "-" "Mozilla/5.0 (compatible; Daum/4.1; +http://cs.daum.net/faq/15/4118.html?faqId=28966)"
207.46.13.22 - - [03/Jul/2021:03:15:45 -0400] "GET /wp-content/uploads/2021/01/picture-95.jpg HTTP/1.1" 200 31213 "-" "Mozilla/5.0 (compatible; bingbot/2.0; +http://www.bing.com/bingbot.htm)"
204.48.19.85 - - [03/Jul/2021:03:15:46 -0400] "POST /wp-cron.php?doing_wp_cron=1625296546.8579859733581542968750 HTTP/1.1" 200 6295 "https://ajhydell.com/wp-cron.php?doing_wp_cron=1625296546.8579859733581542968750" "WordPress/5.7.2; https://ajhydell.com"
211.249.246.164 - - [03/Jul/2021:03:15:46 -0400] "GET /2021/04/11/us-eighth-air-force-bombers-bombing-german-jet-bases-april-10th-1945/ HTTP/1.1" 200 67736 "-" "Mozilla/5.0 (compatible; Daum/4.1; +http://cs.daum.net/faq/15/4118.html?faqId=28966)"
51.104.180.47 - - [03/Jul/2021:03:15:54 -0400] "GET /wp-content/uploads/2020/11/picture-111.jpg HTTP/1.1" 200 1943699 "-" "DuckDuckBot/1.1; (+http://duckduckgo.com/duckduckbot.html)"
211.249.246.164 - - [03/Jul/2021:03:15:54 -0400] "GET /2019/09/21/taking-cover-behind-newspapers-berlin-1919-2662x3814/feed/ HTTP/1.1" 200 6919 "-" "Mozilla/5.0 (compatible; Daum/4.1; +http://cs.daum.net/faq/15/4118.html?faqId=28966)"
204.48.19.85 - - [03/Jul/2021:03:16:00 -0400] "POST /wp-cron.php?doing_wp_cron=1625296560.5991740226745605468750 HTTP/1.1" 200 6295 "https://ajhydell.com/wp-cron.php?doing_wp_cron=1625296560.5991740226745605468750" "WordPress/5.7.2; https://ajhydell.com"
211.249.246.164 - - [03/Jul/2021:03:16:00 -0400] "GET /wp-json/oembed/1.0/embed?url=https%3A%2F%2Fajhydell.com%2F2019%2F08%2F26%2Fonly-4999-00-in-1984-12344-adjusted-for-inflation%2F HTTP/1.1" 200 8526 "-" "Mozilla/5.0 (compatible; Daum/4.1; +http://cs.daum.net/faq/15/4118.html?faqId=28966)"
211.249.246.164 - - [03/Jul/2021:03:16:06 -0400] "GET /2020/05/24/europe-will-be-free-soviet-russian-propaganda-posters-during-ww2-1944/ HTTP/1.1" 200 67489 "-" "Mozilla/5.0 (compatible; Daum/4.1; +http://cs.daum.net/faq/15/4118.html?faqId=28966)"
211.249.246.164 - - [03/Jul/2021:03:16:13 -0400] "GET /wp-json/oembed/1.0/embed?url=https%3A%2F%2Fajhydell.com%2F2020%2F02%2F16%2Fon-the-policy-of-neutrality-in-europe-1939%2F&format=xml HTTP/1.1" 200 8590 "-" "Mozilla/5.0 (compatible; Daum/4.1; +http://cs.daum.net/faq/15/4118.html?faqId=28966)"
207.46.13.120 - - [03/Jul/2021:03:16:14 -0400] "GET /wp-content/uploads/2020/08/picture-107-scaled.jpg HTTP/1.1" 200 734397 "-" "Mozilla/5.0 (compatible; bingbot/2.0; +http://www.bing.com/bingbot.htm)"
211.249.246.164 - - [03/Jul/2021:03:16:19 -0400] "GET /2021/04/11/us-eighth-air-force-bombers-bombing-german-jet-bases-april-10th-1945/ HTTP/1.1" 200 67736 "-" "Mozilla/5.0 (compatible; Daum/4.1; +http://cs.daum.net/faq/15/4118.html?faqId=28966)"
114.119.147.211 - - [03/Jul/2021:03:16:24 -0400] "GET /2018/09/09/advertisement-to-see-captain-costentenus-a-greek-albanian-tattooed-from-head-to-foot-at-the-royal-aquarium-in-london-c-1800s HTTP/1.1" 301 5887 "-" "Mozilla/5.0 (Linux; Android 7.0;) AppleWebKit/537.36 (KHTML, like Gecko) Mobile Safari/537.36 (compatible; PetalBot;+https://webmaster.petalsearch.com/site/petalbot)"
114.119.147.211 - - [03/Jul/2021:03:16:25 -0400] "GET /2018/09/09/advertisement-to-see-captain-costentenus-a-greek-albanian-tattooed-from-head-to-foot-at-the-royal-aquarium-in-london-c-1800s/ HTTP/1.1" 200 12998 "-" "Mozilla/5.0 (Linux; Android 7.0;) AppleWebKit/537.36 (KHTML, like Gecko) Mobile Safari/537.36 (compatible; PetalBot;+https://webmaster.petalsearch.com/site/petalbot)"
211.249.246.164 - - [03/Jul/2021:03:16:26 -0400] "GET /2019/09/21/taking-cover-behind-newspapers-berlin-1919-2662x3814/feed/ HTTP/1.1" 200 6919 "-" "Mozilla/5.0 (compatible; Daum/4.1; +http://cs.daum.net/faq/15/4118.html?faqId=28966)"
211.249.246.164 - - [03/Jul/2021:03:16:32 -0400] "GET /wp-json/oembed/1.0/embed?url=https%3A%2F%2Fajhydell.com%2F2019%2F08%2F26%2Fonly-4999-00-in-1984-12344-adjusted-for-inflation%2F HTTP/1.1" 200 8526 "-" "Mozilla/5.0 (compatible; Daum/4.1; +http://cs.daum.net/faq/15/4118.html?faqId=28966)"
211.249.246.164 - - [03/Jul/2021:03:16:38 -0400] "GET /2020/05/24/europe-will-be-free-soviet-russian-propaganda-posters-during-ww2-1944/ HTTP/1.1" 200 67489 "-" "Mozilla/5.0 (compatible; Daum/4.1; +http://cs.daum.net/faq/15/4118.html?faqId=28966)"
54.36.148.117 - - [03/Jul/2021:03:16:42 -0400] "GET /2021/04/29/i-know-no-parties-anymore-i-know-only-germans-1914-germany-kaiser-wilhelm-ii-is-extending-his-hands-to-the-workers-to-symbolize-unity/ HTTP/1.1" 200 18859 "-" "Mozilla/5.0 (compatible; AhrefsBot/7.0; +http://ahrefs.com/robot/)"
204.48.19.85 - - [03/Jul/2021:03:16:45 -0400] "POST /wp-cron.php?doing_wp_cron=1625296605.5402729511260986328125 HTTP/1.1" 200 6295 "https://ajhydell.com/wp-cron.php?doing_wp_cron=1625296605.5402729511260986328125" "WordPress/5.7.2; https://ajhydell.com"
211.249.246.164 - - [03/Jul/2021:03:16:45 -0400] "GET /wp-json/oembed/1.0/embed?url=https%3A%2F%2Fajhydell.com%2F2020%2F02%2F16%2Fon-the-policy-of-neutrality-in-europe-1939%2F&format=xml HTTP/1.1" 200 8590 "-" "Mozilla/5.0 (compatible; Daum/4.1; +http://cs.daum.net/faq/15/4118.html?faqId=28966)"
211.249.246.164 - - [03/Jul/2021:03:16:52 -0400] "GET /2021/04/11/us-eighth-air-force-bombers-bombing-german-jet-bases-april-10th-1945/ HTTP/1.1" 200 67736 "-" "Mozilla/5.0 (compatible; Daum/4.1; +http://cs.daum.net/faq/15/4118.html?faqId=28966)"
211.249.246.164 - - [03/Jul/2021:03:16:58 -0400] "GET /2019/09/21/taking-cover-behind-newspapers-berlin-1919-2662x3814/feed/ HTTP/1.1" 200 6919 "-" "Mozilla/5.0 (compatible; Daum/4.1; +http://cs.daum.net/faq/15/4118.html?faqId=28966)"
211.249.246.164 - - [03/Jul/2021:03:17:05 -0400] "GET /wp-json/oembed/1.0/embed?url=https%3A%2F%2Fajhydell.com%2F2019%2F08%2F26%2Fonly-4999-00-in-1984-12344-adjusted-for-inflation%2F HTTP/1.1" 200 8526 "-" "Mozilla/5.0 (compatible; Daum/4.1; +http://cs.daum.net/faq/15/4118.html?faqId=28966)"
5.255.253.148 - - [03/Jul/2021:03:17:05 -0400] "GET /robots.txt HTTP/1.1" 200 6535 "-" "Mozilla/5.0 (compatible; YandexBot/3.0; +http://yandex.com/bots)"
5.255.253.148 - - [03/Jul/2021:03:17:09 -0400] "GET /wp-content/uploads/2019/12/picture-22.jpg HTTP/1.1" 304 278 "-" "Mozilla/5.0 (compatible; YandexImages/3.0; +http://yandex.com/bots)"
211.249.246.164 - - [03/Jul/2021:03:17:11 -0400] "GET /2020/05/24/europe-will-be-free-soviet-russian-propaganda-posters-during-ww2-1944/ HTTP/1.1" 200 67489 "-" "Mozilla/5.0 (compatible; Daum/4.1; +http://cs.daum.net/faq/15/4118.html?faqId=28966)"
211.249.246.164 - - [03/Jul/2021:03:17:18 -0400] "GET /wp-json/oembed/1.0/embed?url=https%3A%2F%2Fajhydell.com%2F2020%2F02%2F16%2Fon-the-policy-of-neutrality-in-europe-1939%2F&format=xml HTTP/1.1" 200 8590 "-" "Mozilla/5.0 (compatible; Daum/4.1; +http://cs.daum.net/faq/15/4118.html?faqId=28966)"
211.249.246.164 - - [03/Jul/2021:03:17:24 -0400] "GET /2021/04/11/us-eighth-air-force-bombers-bombing-german-jet-bases-april-10th-1945/ HTTP/1.1" 200 67736 "-" "Mozilla/5.0 (compatible; Daum/4.1; +http://cs.daum.net/faq/15/4118.html?faqId=28966)"
211.249.246.164 - - [03/Jul/2021:03:17:31 -0400] "GET /2019/09/21/taking-cover-behind-newspapers-berlin-1919-2662x3814/feed/ HTTP/1.1" 200 6919 "-" "Mozilla/5.0 (compatible; Daum/4.1; +http://cs.daum.net/faq/15/4118.html?faqId=28966)"
211.249.246.164 - - [03/Jul/2021:03:17:37 -0400] "GET /wp-json/oembed/1.0/embed?url=https%3A%2F%2Fajhydell.com%2F2019%2F08%2F26%2Fonly-4999-00-in-1984-12344-adjusted-for-inflation%2F HTTP/1.1" 200 8526 "-" "Mozilla/5.0 (compatible; Daum/4.1; +http://cs.daum.net/faq/15/4118.html?faqId=28966)"
211.249.246.164 - - [03/Jul/2021:03:17:43 -0400] "GET /2020/05/24/europe-will-be-free-soviet-russian-propaganda-posters-during-ww2-1944/ HTTP/1.1" 200 67489 "-" "Mozilla/5.0 (compatible; Daum/4.1; +http://cs.daum.net/faq/15/4118.html?faqId=28966)"
204.48.19.85 - - [03/Jul/2021:03:17:50 -0400] "POST /wp-cron.php?doing_wp_cron=1625296670.5355880260467529296875 HTTP/1.1" 200 6295 "https://ajhydell.com/wp-cron.php?doing_wp_cron=1625296670.5355880260467529296875" "WordPress/5.7.2; https://ajhydell.com"
211.249.246.164 - - [03/Jul/2021:03:17:50 -0400] "GET /wp-json/oembed/1.0/embed?url=https%3A%2F%2Fajhydell.com%2F2020%2F02%2F16%2Fon-the-policy-of-neutrality-in-europe-1939%2F&format=xml HTTP/1.1" 200 8590 "-" "Mozilla/5.0 (compatible; Daum/4.1; +http://cs.daum.net/faq/15/4118.html?faqId=28966)"
211.249.246.164 - - [03/Jul/2021:03:17:56 -0400] "GET /2021/04/11/us-eighth-air-force-bombers-bombing-german-jet-bases-april-10th-1945/ HTTP/1.1" 200 67736 "-" "Mozilla/5.0 (compatible; Daum/4.1; +http://cs.daum.net/faq/15/4118.html?faqId=28966)"
211.249.246.164 - - [03/Jul/2021:03:18:03 -0400] "GET /2019/09/21/taking-cover-behind-newspapers-berlin-1919-2662x3814/feed/ HTTP/1.1" 200 6919 "-" "Mozilla/5.0 (compatible; Daum/4.1; +http://cs.daum.net/faq/15/4118.html?faqId=28966)"
211.249.246.164 - - [03/Jul/2021:03:18:09 -0400] "GET /wp-json/oembed/1.0/embed?url=https%3A%2F%2Fajhydell.com%2F2019%2F08%2F26%2Fonly-4999-00-in-1984-12344-adjusted-for-inflation%2F HTTP/1.1" 200 8526 "-" "Mozilla/5.0 (compatible; Daum/4.1; +http://cs.daum.net/faq/15/4118.html?faqId=28966)"
211.249.246.164 - - [03/Jul/2021:03:18:15 -0400] "GET /2020/05/24/europe-will-be-free-soviet-russian-propaganda-posters-during-ww2-1944/ HTTP/1.1" 200 67489 "-" "Mozilla/5.0 (compatible; Daum/4.1; +http://cs.daum.net/faq/15/4118.html?faqId=28966)"
114.119.156.206 - - [03/Jul/2021:03:18:32 -0400] "GET /2020/10/07/b-17-in-german-service-with-the-luftwaffe-kg-200-which-was-the-unit-in-charge-of-many-of-the-luftwaffe-special-operations-including-flying-and-evaluating-captured-aircraft HTTP/1.1" 301 5934 "-" "Mozilla/5.0 (Linux; Android 7.0;) AppleWebKit/537.36 (KHTML, like Gecko) Mobile Safari/537.36 (compatible; PetalBot;+https://webmaster.petalsearch.com/site/petalbot)"
114.119.156.206 - - [03/Jul/2021:03:18:33 -0400] "GET /2020/10/07/b-17-in-german-service-with-the-luftwaffe-kg-200-which-was-the-unit-in-charge-of-many-of-the-luftwaffe-special-operations-including-flying-and-evaluating-captured-aircraft/ HTTP/1.1" 200 13075 "-" "Mozilla/5.0 (Linux; Android 7.0;) AppleWebKit/537.36 (KHTML, like Gecko) Mobile Safari/537.36 (compatible; PetalBot;+https://webmaster.petalsearch.com/site/petalbot)"
204.48.19.85 - - [03/Jul/2021:03:18:58 -0400] "POST /wp-cron.php?doing_wp_cron=1625296738.0207419395446777343750 HTTP/1.1" 200 6295 "https://ajhydell.com/wp-cron.php?doing_wp_cron=1625296738.0207419395446777343750" "WordPress/5.7.2; https://ajhydell.com"
54.36.148.117 - - [03/Jul/2021:03:18:57 -0400] "GET /2019/10/01/ HTTP/1.1" 200 18327 "-" "Mozilla/5.0 (compatible; AhrefsBot/7.0; +http://ahrefs.com/robot/)"
204.48.19.85 - - [03/Jul/2021:03:19:45 -0400] "POST /wp-cron.php?doing_wp_cron=1625296785.5653169155120849609375 HTTP/1.1" 200 6295 "https://ajhydell.com/wp-cron.php?doing_wp_cron=1625296785.5653169155120849609375" "WordPress/5.7.2; https://ajhydell.com"
106.38.241.125 - - [03/Jul/2021:03:19:45 -0400] "GET / HTTP/1.1" 200 19891 "-" "Sogou web spider/4.0(+http://www.sogou.com/docs/help/webmasters.htm#07)"
114.119.138.170 - - [03/Jul/2021:03:20:06 -0400] "GET /2018/12/13/1st-canadian-division-german-demonstration-team-1943 HTTP/1.1" 301 5815 "-" "Mozilla/5.0 (Linux; Android 7.0;) AppleWebKit/537.36 (KHTML, like Gecko) Mobile Safari/537.36 (compatible; PetalBot;+https://webmaster.petalsearch.com/site/petalbot)"
114.119.138.170 - - [03/Jul/2021:03:20:07 -0400] "GET /2018/12/13/1st-canadian-division-german-demonstration-team-1943/ HTTP/1.1" 200 12823 "-" "Mozilla/5.0 (Linux; Android 7.0;) AppleWebKit/537.36 (KHTML, like Gecko) Mobile Safari/537.36 (compatible; PetalBot;+https://webmaster.petalsearch.com/site/petalbot)"
204.48.19.85 - - [03/Jul/2021:03:20:58 -0400] "POST /wp-cron.php?doing_wp_cron=1625296858.1285519599914550781250 HTTP/1.1" 200 6295 "https://ajhydell.com/wp-cron.php?doing_wp_cron=1625296858.1285519599914550781250" "WordPress/5.7.2; https://ajhydell.com"
47.254.247.161 - - [03/Jul/2021:03:20:57 -0400] "GET /wp-login.php HTTP/1.1" 200 8602 "-" "Mozilla/5.0 (X11; Ubuntu; Linux x86_64; rv:62.0) Gecko/20100101 Firefox/62.0"
47.254.247.161 - - [03/Jul/2021:03:20:59 -0400] "POST /wp-login.php HTTP/1.1" 200 8695 "-" "Mozilla/5.0 (X11; Ubuntu; Linux x86_64; rv:62.0) Gecko/20100101 Firefox/62.0"
47.254.247.161 - - [03/Jul/2021:03:21:00 -0400] "POST /xmlrpc.php HTTP/1.1" 503 24026 "-" "Mozilla/5.0 (X11; Ubuntu; Linux x86_64; rv:62.0) Gecko/20100101 Firefox/62.0"
54.36.148.117 - - [03/Jul/2021:03:21:10 -0400] "GET /2020/09/15/ HTTP/1.1" 200 18780 "-" "Mozilla/5.0 (compatible; AhrefsBot/7.0; +http://ahrefs.com/robot/)"
204.48.19.85 - - [03/Jul/2021:03:22:07 -0400] "POST /wp-cron.php?doing_wp_cron=1625296927.7896211147308349609375 HTTP/1.1" 200 6295 "https://ajhydell.com/wp-cron.php?doing_wp_cron=1625296927.7896211147308349609375" "WordPress/5.7.2; https://ajhydell.com"
114.119.143.168 - - [03/Jul/2021:03:22:07 -0400] "GET /2020/03/16/soldiers-laughing-to-the-bob-hope-show-at-seoul-korea-oct-23-1950 HTTP/1.1" 301 5828 "-" "Mozilla/5.0 (Linux; Android 7.0;) AppleWebKit/537.36 (KHTML, like Gecko) Mobile Safari/537.36 (compatible; PetalBot;+https://webmaster.petalsearch.com/site/petalbot)"
114.119.143.168 - - [03/Jul/2021:03:22:08 -0400] "GET /2020/03/16/soldiers-laughing-to-the-bob-hope-show-at-seoul-korea-oct-23-1950/ HTTP/1.1" 200 12947 "-" "Mozilla/5.0 (Linux; Android 7.0;) AppleWebKit/537.36 (KHTML, like Gecko) Mobile Safari/537.36 (compatible; PetalBot;+https://webmaster.petalsearch.com/site/petalbot)"
185.191.171.39 - - [03/Jul/2021:03:22:35 -0400] "GET /2021/06/15/matilda-ii-tank-being-pulled-out-of-the-factory/ HTTP/1.1" 200 18640 "-" "Mozilla/5.0 (compatible; SemrushBot/7~bl; +http://www.semrush.com/bot.html)"
51.104.180.53 - - [03/Jul/2021:03:22:44 -0400] "GET /wp-content/uploads/2020/12/picture-44.jpg HTTP/1.1" 200 138095 "-" "DuckDuckBot/1.1; (+http://duckduckgo.com/duckduckbot.html)"
204.48.19.85 - - [03/Jul/2021:03:23:16 -0400] "POST /wp-cron.php?doing_wp_cron=1625296996.8933010101318359375000 HTTP/1.1" 200 6295 "https://ajhydell.com/wp-cron.php?doing_wp_cron=1625296996.8933010101318359375000" "WordPress/5.7.2; https://ajhydell.com"
54.36.148.117 - - [03/Jul/2021:03:23:16 -0400] "GET /2019/04/18/astrid-kirchherr-the-woman-who-first-photographed-the-beatles-self-portrait-1960/ HTTP/1.1" 200 18704 "-" "Mozilla/5.0 (compatible; AhrefsBot/7.0; +http://ahrefs.com/robot/)"
66.249.66.132 - - [03/Jul/2021:03:23:57 -0400] "GET /wp-content/plugins/facebook-pagelike-widget/loader.gif HTTP/1.1" 304 6271 "-" "Googlebot-Image/1.0"
66.249.66.132 - - [03/Jul/2021:03:23:59 -0400] "GET /wp-content/uploads/2018/08/cropped-logo-32x32.jpg HTTP/1.1" 200 1314 "-" "Googlebot-Image/1.0"
204.48.19.85 - - [03/Jul/2021:03:24:02 -0400] "POST /wp-cron.php?doing_wp_cron=1625297042.9189898967742919921875 HTTP/1.1" 200 6295 "https://ajhydell.com/wp-cron.php?doing_wp_cron=1625297042.9189898967742919921875" "WordPress/5.7.2; https://ajhydell.com"
114.119.132.183 - - [03/Jul/2021:03:24:02 -0400] "GET /2020/10/12/greasy-kids-stuff-1962/ HTTP/1.1" 200 17975 "-" "Mozilla/5.0 (Linux; Android 7.0;) AppleWebKit/537.36 (KHTML, like Gecko) Mobile Safari/537.36 (compatible; PetalBot;+https://webmaster.petalsearch.com/site/petalbot)"
204.48.19.85 - - [03/Jul/2021:03:24:55 -0400] "POST /wp-cron.php?doing_wp_cron=1625297095.0786080360412597656250 HTTP/1.1" 200 6295 "https://ajhydell.com/wp-cron.php?doing_wp_cron=1625297095.0786080360412597656250" "WordPress/5.7.2; https://ajhydell.com"
157.55.39.57 - - [03/Jul/2021:03:24:54 -0400] "GET /2020/10/20/soviet-and-american-airmen-pose-with-the-bombs-on-which-theyd-written-messages-for-the-germans-at-a-russian-airbase-on-june-2-1944/ HTTP/1.1" 200 18455 "-" "Mozilla/5.0 (compatible; bingbot/2.0; +http://www.bing.com/bingbot.htm)"
54.36.148.117 - - [03/Jul/2021:03:25:25 -0400] "GET /2019/03/01/charles-lindbergh-in-the-open-cockpit-of-airplane-at-lambert-field-st-louis-missouri-in-1923/ HTTP/1.1" 200 18947 "-" "Mozilla/5.0 (compatible; AhrefsBot/7.0; +http://ahrefs.com/robot/)"
204.48.19.85 - - [03/Jul/2021:03:25:49 -0400] "POST /wp-cron.php?doing_wp_cron=1625297149.5686318874359130859375 HTTP/1.1" 200 6295 "https://ajhydell.com/wp-cron.php?doing_wp_cron=1625297149.5686318874359130859375" "WordPress/5.7.2; https://ajhydell.com"
114.119.143.210 - - [03/Jul/2021:03:25:49 -0400] "GET /category/uncategorized/page/37/ HTTP/1.1" 200 19592 "-" "Mozilla/5.0 (Linux; Android 7.0;) AppleWebKit/537.36 (KHTML, like Gecko) Mobile Safari/537.36 (compatible; PetalBot;+https://webmaster.petalsearch.com/site/petalbot)"
18.234.46.32 - - [03/Jul/2021:03:25:50 -0400] "HEAD / HTTP/1.1" 200 5715 "-" "scalaj-http/2.4.2"
18.234.46.32 - - [03/Jul/2021:03:25:51 -0400] "GET / HTTP/1.1" 200 19806 "-" "Buck/2.2; (+https://app.hypefactors.com/media-monitoring/about.html)"
18.234.46.32 - - [03/Jul/2021:03:25:52 -0400] "GET /robots.txt HTTP/1.1" 200 5901 "-" "Buck/2.2; (+https://app.hypefactors.com/media-monitoring/about.html)"
207.46.13.80 - - [03/Jul/2021:03:26:17 -0400] "GET /sitemap-pt-post-2021-06.xml HTTP/1.1" 200 13738 "-" "Mozilla/5.0 (compatible; bingbot/2.0; +http://www.bing.com/bingbot.htm)"
18.234.46.32 - - [03/Jul/2021:03:26:33 -0400] "GET /feed/ HTTP/1.1" 200 8039 "-" "Buck/2.2; (+https://app.hypefactors.com/media-monitoring/about.html)"
18.234.46.32 - - [03/Jul/2021:03:26:34 -0400] "GET /sitemap_index.xml HTTP/1.1" 200 6220 "-" "Buck/2.2; (+https://app.hypefactors.com/media-monitoring/about.html)"
18.234.46.32 - - [03/Jul/2021:03:26:35 -0400] "GET /post-sitemap10.xml HTTP/1.1" 200 16233 "-" "Buck/2.2; (+https://app.hypefactors.com/media-monitoring/about.html)"
18.234.46.32 - - [03/Jul/2021:03:26:35 -0400] "GET /post-sitemap11.xml HTTP/1.1" 200 16042 "-" "Buck/2.2; (+https://app.hypefactors.com/media-monitoring/about.html)"
18.234.46.32 - - [03/Jul/2021:03:26:36 -0400] "GET /post-sitemap12.xml HTTP/1.1" 200 15210 "-" "Buck/2.2; (+https://app.hypefactors.com/media-monitoring/about.html)"
18.234.46.32 - - [03/Jul/2021:03:26:36 -0400] "GET /post-sitemap13.xml HTTP/1.1" 200 15426 "-" "Buck/2.2; (+https://app.hypefactors.com/media-monitoring/about.html)"
18.234.46.32 - - [03/Jul/2021:03:26:37 -0400] "GET /sitemap.xml HTTP/1.1" 200 6585 "-" "Buck/2.2; (+https://app.hypefactors.com/media-monitoring/about.html)"
18.234.46.32 - - [03/Jul/2021:03:26:37 -0400] "GET /sitemap-pt-post-2021-07.xml HTTP/1.1" 200 6939 "-" "Buck/2.2; (+https://app.hypefactors.com/media-monitoring/about.html)"
18.234.46.32 - - [03/Jul/2021:03:26:38 -0400] "GET /sitemap-pt-post-2021-06.xml HTTP/1.1" 200 13547 "-" "Buck/2.2; (+https://app.hypefactors.com/media-monitoring/about.html)"
204.48.19.85 - - [03/Jul/2021:03:27:14 -0400] "POST /wp-cron.php?doing_wp_cron=1625297234.7475070953369140625000 HTTP/1.1" 200 6295 "https://ajhydell.com/wp-cron.php?doing_wp_cron=1625297234.7475070953369140625000" "WordPress/5.7.2; https://ajhydell.com"
157.55.39.136 - - [03/Jul/2021:03:27:14 -0400] "GET /2019/05/07/ HTTP/1.1" 200 17750 "-" "Mozilla/5.0 (compatible; bingbot/2.0; +http://www.bing.com/bingbot.htm)"
54.36.148.117 - - [03/Jul/2021:03:27:29 -0400] "GET /2019/10/18/ HTTP/1.1" 200 18370 "-" "Mozilla/5.0 (compatible; AhrefsBot/7.0; +http://ahrefs.com/robot/)"
114.119.145.169 - - [03/Jul/2021:03:27:40 -0400] "GET /2020/09/23/marines-in-foxhole-near-front-lines-on-saipan-mariana-islands-1-july-1944-1800x1200/ HTTP/1.1" 200 18261 "-" "Mozilla/5.0 (Linux; Android 7.0;) AppleWebKit/537.36 (KHTML, like Gecko) Mobile Safari/537.36 (compatible; PetalBot;+https://webmaster.petalsearch.com/site/petalbot)"
58.231.47.31 - - [03/Jul/2021:03:28:26 -0400] "GET /wp-content/uploads/2020/02/picture-18-768x624.jpg HTTP/1.1" 200 97116 "https://www.bing.com/" "Mozilla/5.0 (Windows NT 6.3; Win64; x64) AppleWebKit/537.36 (KHTML, like Gecko) Chrome/91.0.4472.114 Safari/537.36 Edg/91.0.864.59"
204.48.19.85 - - [03/Jul/2021:03:28:39 -0400] "POST /wp-cron.php?doing_wp_cron=1625297319.7912559509277343750000 HTTP/1.1" 200 6295 "https://ajhydell.com/wp-cron.php?doing_wp_cron=1625297319.7912559509277343750000" "WordPress/5.7.2; https://ajhydell.com"
40.77.167.20 - - [03/Jul/2021:03:28:39 -0400] "GET /2019/07/26/the-first-five-year-plan-the-sixth-five-year-plan-by-v-govorkov-1956/ HTTP/1.1" 200 18482 "-" "Mozilla/5.0 (compatible; bingbot/2.0; +http://www.bing.com/bingbot.htm)"
58.231.47.31 - - [03/Jul/2021:03:28:46 -0400] "-" 408 6041 "-" "-"
207.46.13.22 - - [03/Jul/2021:03:29:07 -0400] "GET /wp-content/uploads/2020/09/picture-51.jpg HTTP/1.1" 200 163734 "-" "Mozilla/5.0 (compatible; bingbot/2.0; +http://www.bing.com/bingbot.htm)"
204.48.19.85 - - [03/Jul/2021:03:29:32 -0400] "POST /wp-cron.php?doing_wp_cron=1625297372.3619329929351806640625 HTTP/1.1" 200 6295 "https://ajhydell.com/wp-cron.php?doing_wp_cron=1625297372.3619329929351806640625" "WordPress/5.7.2; https://ajhydell.com"
54.36.148.117 - - [03/Jul/2021:03:29:32 -0400] "GET /2020/03/09/a-scarecrow-guards-a-seaside-field-for-an-evacuated-japanese-immigrant-farmer-in-los-angeles-for-inland-internment-camps-c-march-1942-1020-x-1309/ HTTP/1.1" 200 18918 "-" "Mozilla/5.0 (compatible; AhrefsBot/7.0; +http://ahrefs.com/robot/)"
209.93.94.62 - - [03/Jul/2021:03:29:34 -0400] "GET /wp-content/uploads/2021/07/picture-6.jpg HTTP/1.1" 200 325814 "https://www.bing.com/" "Mozilla/5.0 (Windows NT 10.0; Win64; x64) AppleWebKit/537.36 (KHTML, like Gecko) Chrome/91.0.4472.124 Safari/537.36 Edg/91.0.864.64"
114.119.147.211 - - [03/Jul/2021:03:29:36 -0400] "GET /2019/10/01/he-used-to-duck-me-now-he-dates-me-nadinola-bleaching-cream-ebony-magazine-may-1963/ HTTP/1.1" 200 18252 "-" "Mozilla/5.0 (Linux; Android 7.0;) AppleWebKit/537.36 (KHTML, like Gecko) Mobile Safari/537.36 (compatible; PetalBot;+https://webmaster.petalsearch.com/site/petalbot)"
209.93.94.62 - - [03/Jul/2021:03:29:54 -0400] "-" 408 6041 "-" "-"
204.48.19.85 - - [03/Jul/2021:03:30:01 -0400] "POST /wp-cron.php?doing_wp_cron=1625297401.8400731086730957031250 HTTP/1.1" 200 6295 "https://ajhydell.com/wp-cron.php?doing_wp_cron=1625297401.8400731086730957031250" "WordPress/5.7.2; https://ajhydell.com"
17.121.113.129 - - [03/Jul/2021:03:30:01 -0400] "GET /2020/04/04/the-beatles-we-havent-broken-up-photo-shoot-1969/ HTTP/1.1" 200 18171 "-" "Mozilla/5.0 (Macintosh; Intel Mac OS X 10_15_5) AppleWebKit/605.1.15 (KHTML, like Gecko) Version/13.1.1 Safari/605.1.15 (Applebot/0.1; +http://www.apple.com/go/applebot)"
64.90.36.110 - - [03/Jul/2021:03:30:34 -0400] "GET /wp-login.php HTTP/1.1" 200 8603 "-" "Mozilla/5.0 (X11; Ubuntu; Linux x86_64; rv:62.0) Gecko/20100101 Firefox/62.0"
64.90.36.110 - - [03/Jul/2021:03:30:35 -0400] "POST /wp-login.php HTTP/1.1" 200 8695 "-" "Mozilla/5.0 (X11; Ubuntu; Linux x86_64; rv:62.0) Gecko/20100101 Firefox/62.0"
64.90.36.110 - - [03/Jul/2021:03:30:36 -0400] "POST /xmlrpc.php HTTP/1.1" 200 5852 "-" "Mozilla/5.0 (X11; Ubuntu; Linux x86_64; rv:62.0) Gecko/20100101 Firefox/62.0"
204.48.19.85 - - [03/Jul/2021:03:30:52 -0400] "POST /wp-cron.php?doing_wp_cron=1625297452.2161829471588134765625 HTTP/1.1" 200 6295 "https://ajhydell.com/wp-cron.php?doing_wp_cron=1625297452.2161829471588134765625" "WordPress/5.7.2; https://ajhydell.com"
157.55.39.57 - - [03/Jul/2021:03:30:51 -0400] "GET /2019/04/16/baron-georg-von-trapp-whose-life-was-later-romanticized-the-sound-of-music-in-officer-uniform-of-austro-hungarian-navy-around-ww1-exact-date-unknown-868x1189/ HTTP/1.1" 200 18893 "-" "Mozilla/5.0 (compatible; bingbot/2.0; +http://www.bing.com/bingbot.htm)"
54.36.148.117 - - [03/Jul/2021:03:31:34 -0400] "GET /2021/02/23/ HTTP/1.1" 200 19209 "-" "Mozilla/5.0 (compatible; AhrefsBot/7.0; +http://ahrefs.com/robot/)"
114.119.151.93 - - [03/Jul/2021:03:31:35 -0400] "GET /2019/06/03/a-column-of-finnish-stug-iii-ausf-gs-salute-in-passing-1943-4845x3055 HTTP/1.1" 301 5832 "-" "Mozilla/5.0 (Linux; Android 7.0;) AppleWebKit/537.36 (KHTML, like Gecko) Mobile Safari/537.36 (compatible; PetalBot;+https://webmaster.petalsearch.com/site/petalbot)"
114.119.151.93 - - [03/Jul/2021:03:31:36 -0400] "GET /2019/06/03/a-column-of-finnish-stug-iii-ausf-gs-salute-in-passing-1943-4845x3055/ HTTP/1.1" 200 12915 "-" "Mozilla/5.0 (Linux; Android 7.0;) AppleWebKit/537.36 (KHTML, like Gecko) Mobile Safari/537.36 (compatible; PetalBot;+https://webmaster.petalsearch.com/site/petalbot)"
47.90.42.101 - - [03/Jul/2021:03:32:03 -0400] "GET /assets/images/doc.php HTTP/1.1" 301 551 "http://simplesite.com" "Mozilla/5.0 (Windows; U; Windows NT 5.1; en-US) AppleWebKit/533.4 (KHTML, like Gecko) Chrome/5.0.375.99 Safari/533.4"
204.48.19.85 - - [03/Jul/2021:03:32:31 -0400] "POST /wp-cron.php?doing_wp_cron=1625297551.6480069160461425781250 HTTP/1.1" 200 6295 "https://ajhydell.com/wp-cron.php?doing_wp_cron=1625297551.6480069160461425781250" "WordPress/5.7.2; https://ajhydell.com"
207.46.13.96 - - [03/Jul/2021:03:32:31 -0400] "GET /2021/06/04/sergeant-r-gregory-photographs-driver-a-hardman-during-a-tour-of-the-acropolis-in-athens-october-1944/ HTTP/1.1" 200 18406 "-" "Mozilla/5.0 (compatible; bingbot/2.0; +http://www.bing.com/bingbot.htm)"
157.55.39.22 - - [03/Jul/2021:03:32:44 -0400] "GET /2020/09/01/british-war-industry-production-poster-1940s/ HTTP/1.1" 200 18357 "-" "Mozilla/5.0 (compatible; bingbot/2.0; +http://www.bing.com/bingbot.htm)"
204.48.19.85 - - [03/Jul/2021:03:33:30 -0400] "POST /wp-cron.php?doing_wp_cron=1625297610.5770499706268310546875 HTTP/1.1" 200 6295 "https://ajhydell.com/wp-cron.php?doing_wp_cron=1625297610.5770499706268310546875" "WordPress/5.7.2; https://ajhydell.com"
