17.121.115.69 - - [07/Jul/2021:02:08:45 -0400] "GET /2020/04/26/if-you-want-to-be-healthy-take-cold-showers-ussr-1953/ HTTP/1.1" 200 18442 "-" "Mozilla/5.0 (Macintosh; Intel Mac OS X 10_15_5) AppleWebKit/605.1.15 (KHTML, like Gecko) Version/13.1.1 Safari/605.1.15 (Applebot/0.1; +http://www.apple.com/go/applebot)"
66.249.70.112 - - [07/Jul/2021:02:09:18 -0400] "GET /2021/07/03/ HTTP/1.1" 200 19023 "-" "Mozilla/5.0 (Linux; Android 6.0.1; Nexus 5X Build/MMB29P) AppleWebKit/537.36 (KHTML, like Gecko) Chrome/91.0.4472.90 Mobile Safari/537.36 (compatible; Googlebot/2.1; +http://www.google.com/bot.html)"
66.249.70.112 - - [07/Jul/2021:02:09:37 -0400] "GET /page/13/?ga_action=googleanalytics_get_script HTTP/1.1" 200 20976 "-" "Mozilla/5.0 (Linux; Android 6.0.1; Nexus 5X Build/MMB29P) AppleWebKit/537.36 (KHTML, like Gecko) Chrome/91.0.4472.90 Mobile Safari/537.36 (compatible; Googlebot/2.1; +http://www.google.com/bot.html)"
17.121.115.211 - - [07/Jul/2021:02:09:44 -0400] "GET /2019/10/16/woman-in-zanzibar-1900-681x1024/ HTTP/1.1" 200 18289 "-" "Mozilla/5.0 (Macintosh; Intel Mac OS X 10_15_5) AppleWebKit/605.1.15 (KHTML, like Gecko) Version/13.1.1 Safari/605.1.15 (Applebot/0.1; +http://www.apple.com/go/applebot)"
204.48.19.85 - - [07/Jul/2021:02:10:14 -0400] "POST /wp-cron.php?doing_wp_cron=1625638214.7452139854431152343750 HTTP/1.1" 200 6295 "https://ajhydell.com/wp-cron.php?doing_wp_cron=1625638214.7452139854431152343750" "WordPress/5.7.2; https://ajhydell.com"
128.14.209.162 - - [07/Jul/2021:02:10:14 -0400] "GET / HTTP/1.1" 200 20113 "-" "Mozilla/5.0 (Windows NT 10.0; Win64; x64) AppleWebKit/537.36 (KHTML, like Gecko) Chrome/60.0.3112.113 Safari/537.36"
51.79.82.137 - - [07/Jul/2021:02:10:17 -0400] "GET /wp-login.php HTTP/1.1" 200 8604 "-" "Mozilla/5.0 (X11; Ubuntu; Linux x86_64; rv:62.0) Gecko/20100101 Firefox/62.0"
51.79.82.137 - - [07/Jul/2021:02:10:18 -0400] "POST /wp-login.php HTTP/1.1" 200 8694 "-" "Mozilla/5.0 (X11; Ubuntu; Linux x86_64; rv:62.0) Gecko/20100101 Firefox/62.0"
51.79.82.137 - - [07/Jul/2021:02:10:18 -0400] "POST /xmlrpc.php HTTP/1.1" 200 5852 "-" "Mozilla/5.0 (X11; Ubuntu; Linux x86_64; rv:62.0) Gecko/20100101 Firefox/62.0"
66.249.70.112 - - [07/Jul/2021:02:14:05 -0400] "GET /2018/09/28/colorized-photo-of-a-dead-german-soldier-finland-lappland-tornio-1944/ HTTP/1.1" 200 19067 "-" "Mozilla/5.0 (Linux; Android 6.0.1; Nexus 5X Build/MMB29P) AppleWebKit/537.36 (KHTML, like Gecko) Chrome/91.0.4472.90 Mobile Safari/537.36 (compatible; Googlebot/2.1; +http://www.google.com/bot.html)"
204.48.19.85 - - [07/Jul/2021:02:14:05 -0400] "POST /wp-cron.php?doing_wp_cron=1625638445.9037749767303466796875 HTTP/1.1" 200 6295 "https://ajhydell.com/wp-cron.php?doing_wp_cron=1625638445.9037749767303466796875" "WordPress/5.7.2; https://ajhydell.com"
65.49.38.143 - - [07/Jul/2021:02:14:16 -0400] "GET /wp-content/uploads/2020/03/picture-47.jpg HTTP/1.1" 200 220995 "https://yandex.ua/images/search?url=https%3A%2F%2Fhistorycollection.com%2Fwp-content%2Fuploads%2F2017%2F08%2FUnderwood-Archives-Getty-Images-An-official-Japanese-picture-of-a-captured-Chinese-soldier-Nanjing-China-Dec.-1937.-With-or-without-uniforms-thousands-of-Chinese-soldiers-at-Nanking-were-brutally-executed..jpg&rpt=imageview&lr=87&from=tabbar" "Mozilla/5.0 (Windows NT 10.0; Win64; x64) AppleWebKit/537.36 (KHTML, like Gecko) Chrome/91.0.4472.124 Safari/537.36"
204.48.19.85 - - [07/Jul/2021:02:16:30 -0400] "GET / HTTP/1.1" 200 20279 "https://ajhydell.com/" "WordPress/5.7.2; https://ajhydell.com"
204.48.19.85 - - [07/Jul/2021:02:16:30 -0400] "POST /wp-cron.php?doing_wp_cron=1625638590.3712151050567626953125 HTTP/1.1" 200 6295 "https://ajhydell.com/wp-cron.php?doing_wp_cron=1625638590.3712151050567626953125" "WordPress/5.7.2; https://ajhydell.com"
54.36.148.117 - - [07/Jul/2021:02:16:30 -0400] "GET / HTTP/1.1" 200 20693 "-" "Mozilla/5.0 (compatible; AhrefsBot/7.0; +http://ahrefs.com/robot/)"
204.48.19.85 - - [07/Jul/2021:02:17:17 -0400] "POST /wp-cron.php?doing_wp_cron=1625638636.9940299987792968750000 HTTP/1.1" 200 6295 "https://ajhydell.com/wp-cron.php?doing_wp_cron=1625638636.9940299987792968750000" "WordPress/5.7.2; https://ajhydell.com"
185.191.171.20 - - [07/Jul/2021:02:17:16 -0400] "GET /2021/07/04/its-much-better-and-cheaper-to-cook-with-oil-red-star-oil-is-always-fresh-healthy-clean-and-cheap-advertising-poster-of-first-croatian-oil-factory-zagreb-yugoslavia-modern-day-croatia/ HTTP/1.1" 200 19369 "-" "Mozilla/5.0 (compatible; SemrushBot/7~bl; +http://www.semrush.com/bot.html)"
66.249.70.110 - - [07/Jul/2021:02:17:33 -0400] "GET /robots.txt HTTP/1.1" 200 6517 "-" "Mozilla/5.0 (compatible; Googlebot/2.1; +http://www.google.com/bot.html)"
66.249.70.112 - - [07/Jul/2021:02:17:33 -0400] "GET /2021/07/03/indigenous-children-forced-to-pray-to-god-in-a-residential-school-ran-by-the-canadian-government-and-catholic-church-between-1930-and-1970-unknown-location-1000-x-783/ HTTP/1.1" 200 19096 "-" "Mozilla/5.0 (Linux; Android 6.0.1; Nexus 5X Build/MMB29P) AppleWebKit/537.36 (KHTML, like Gecko) Chrome/91.0.4472.90 Mobile Safari/537.36 (compatible; Googlebot/2.1; +http://www.google.com/bot.html)"
204.48.19.85 - - [07/Jul/2021:02:17:54 -0400] "POST /wp-cron.php?doing_wp_cron=1625638674.1526141166687011718750 HTTP/1.1" 200 6295 "https://ajhydell.com/wp-cron.php?doing_wp_cron=1625638674.1526141166687011718750" "WordPress/5.7.2; https://ajhydell.com"
131.220.6.152 - - [07/Jul/2021:02:17:54 -0400] "GET / HTTP/1.1" 200 20714 "-" "Mozilla/5.0 (X11; Linux x86_64) AppleWebKit/537.36 (KHTML, like Gecko) Chrome/79.0.3945.79 Safari/537.36"
17.121.114.121 - - [07/Jul/2021:02:18:28 -0400] "GET /2018/08/18/dont-be-an-ass-let-traffic-pass-uk-1948-artwork-by-f-kenwood-giles/ HTTP/1.1" 200 18435 "-" "Mozilla/5.0 (Macintosh; Intel Mac OS X 10_15_5) AppleWebKit/605.1.15 (KHTML, like Gecko) Version/13.1.1 Safari/605.1.15 (Applebot/0.1; +http://www.apple.com/go/applebot)"
204.48.19.85 - - [07/Jul/2021:02:18:51 -0400] "POST /wp-cron.php?doing_wp_cron=1625638731.0332479476928710937500 HTTP/1.1" 200 6295 "https://ajhydell.com/wp-cron.php?doing_wp_cron=1625638731.0332479476928710937500" "WordPress/5.7.2; https://ajhydell.com"
17.121.115.250 - - [07/Jul/2021:02:18:50 -0400] "GET /2019/02/16/payless-shoesource-soon-to-r-i-p-grand-opening-commercial-1979/ HTTP/1.1" 200 18184 "-" "Mozilla/5.0 (Macintosh; Intel Mac OS X 10_15_5) AppleWebKit/605.1.15 (KHTML, like Gecko) Version/13.1.1 Safari/605.1.15 (Applebot/0.1; +http://www.apple.com/go/applebot)"
204.48.19.85 - - [07/Jul/2021:02:21:29 -0400] "POST /wp-cron.php?doing_wp_cron=1625638889.2895400524139404296875 HTTP/1.1" 200 6295 "https://ajhydell.com/wp-cron.php?doing_wp_cron=1625638889.2895400524139404296875" "WordPress/5.7.2; https://ajhydell.com"
66.249.70.114 - - [07/Jul/2021:02:21:29 -0400] "GET /feed/ HTTP/1.1" 200 8615 "-" "Mozilla/5.0 (compatible; Googlebot/2.1; +http://www.google.com/bot.html)"
204.48.19.85 - - [07/Jul/2021:02:21:47 -0400] "POST /wp-cron.php?doing_wp_cron=1625638907.0926458835601806640625 HTTP/1.1" 200 6295 "https://ajhydell.com/wp-cron.php?doing_wp_cron=1625638907.0926458835601806640625" "WordPress/5.7.2; https://ajhydell.com"
66.23.238.83 - - [07/Jul/2021:02:21:47 -0400] "GET /wp-login.php HTTP/1.1" 200 8603 "-" "Mozilla/5.0 (X11; Ubuntu; Linux x86_64; rv:62.0) Gecko/20100101 Firefox/62.0"
66.23.238.83 - - [07/Jul/2021:02:22:00 -0400] "POST /wp-login.php HTTP/1.1" 200 8694 "-" "Mozilla/5.0 (X11; Ubuntu; Linux x86_64; rv:62.0) Gecko/20100101 Firefox/62.0"
66.23.238.83 - - [07/Jul/2021:02:22:06 -0400] "POST /xmlrpc.php HTTP/1.1" 200 5852 "-" "Mozilla/5.0 (X11; Ubuntu; Linux x86_64; rv:62.0) Gecko/20100101 Firefox/62.0"
207.46.13.54 - - [07/Jul/2021:02:22:14 -0400] "GET /2019/10/24/a-p2v-neptune-u-s-patrol-plane-flies-over-a-soviet-freighter-during-the-cuban-missile-crisis-in-1962/ HTTP/1.1" 200 18630 "-" "Mozilla/5.0 (compatible; bingbot/2.0; +http://www.bing.com/bingbot.htm)"
17.121.114.38 - - [07/Jul/2021:02:22:30 -0400] "GET /2020/05/19/interesting-take-on-mental-health-benzo-ad-from-1967/ HTTP/1.1" 200 18260 "-" "Mozilla/5.0 (Macintosh; Intel Mac OS X 10_15_5) AppleWebKit/605.1.15 (KHTML, like Gecko) Version/13.1.1 Safari/605.1.15 (Applebot/0.1; +http://www.apple.com/go/applebot)"
185.191.171.1 - - [07/Jul/2021:02:22:33 -0400] "GET /2018/11/09/camp-guards-at-concentration-camp-buchenwald-who-were-captured-and-beaten-by-the-prisoners-on-the-day-of-liberation-april-1945-800x837/ HTTP/1.1" 200 19123 "-" "Mozilla/5.0 (compatible; SemrushBot/7~bl; +http://www.semrush.com/bot.html)"
204.48.19.85 - - [07/Jul/2021:02:24:05 -0400] "POST /wp-cron.php?doing_wp_cron=1625639045.2017390727996826171875 HTTP/1.1" 200 6295 "https://ajhydell.com/wp-cron.php?doing_wp_cron=1625639045.2017390727996826171875" "WordPress/5.7.2; https://ajhydell.com"
17.121.113.35 - - [07/Jul/2021:02:24:05 -0400] "GET /2020/12/18/american-wwi-veterans-at-a-reunion-1978-750x927/ HTTP/1.1" 200 18261 "-" "Mozilla/5.0 (Macintosh; Intel Mac OS X 10_15_5) AppleWebKit/605.1.15 (KHTML, like Gecko) Version/13.1.1 Safari/605.1.15 (Applebot/0.1; +http://www.apple.com/go/applebot)"
204.48.19.85 - - [07/Jul/2021:02:25:39 -0400] "POST /wp-cron.php?doing_wp_cron=1625639139.5792269706726074218750 HTTP/1.1" 200 6295 "https://ajhydell.com/wp-cron.php?doing_wp_cron=1625639139.5792269706726074218750" "WordPress/5.7.2; https://ajhydell.com"
54.36.148.117 - - [07/Jul/2021:02:25:39 -0400] "GET /2021/05/31/ HTTP/1.1" 200 18999 "-" "Mozilla/5.0 (compatible; AhrefsBot/7.0; +http://ahrefs.com/robot/)"
204.48.19.85 - - [07/Jul/2021:02:26:02 -0400] "POST /wp-cron.php?doing_wp_cron=1625639162.8414011001586914062500 HTTP/1.1" 200 6295 "https://ajhydell.com/wp-cron.php?doing_wp_cron=1625639162.8414011001586914062500" "WordPress/5.7.2; https://ajhydell.com"
17.121.114.152 - - [07/Jul/2021:02:26:02 -0400] "GET /2019/04/23/an-italian-coastal-battery-in-libya-1940-1532-x-1438/ HTTP/1.1" 200 18294 "-" "Mozilla/5.0 (Macintosh; Intel Mac OS X 10_15_5) AppleWebKit/605.1.15 (KHTML, like Gecko) Version/13.1.1 Safari/605.1.15 (Applebot/0.1; +http://www.apple.com/go/applebot)"
204.48.19.85 - - [07/Jul/2021:02:27:54 -0400] "POST /wp-cron.php?doing_wp_cron=1625639274.6177608966827392578125 HTTP/1.1" 200 6295 "https://ajhydell.com/wp-cron.php?doing_wp_cron=1625639274.6177608966827392578125" "WordPress/5.7.2; https://ajhydell.com"
13.66.139.0 - - [07/Jul/2021:02:27:54 -0400] "GET /2019/12/25/ww1-soldiers-on-leave-soldiers-were-not-allowed-on-leave-until-1915-as-officers-believed-the-war-would-be-finished-by-the-end-of-1914/ HTTP/1.1" 200 18618 "-" "Mozilla/5.0 (compatible; bingbot/2.0; +http://www.bing.com/bingbot.htm)"
207.46.13.137 - - [07/Jul/2021:02:28:27 -0400] "GET /2021/04/02/flying-officer-raymond-newton-from-wellington-nz-serving-in-112-raf-squadron-stands-next-to-a-mustang-iii-on-an-airfield-in-italy-photograph-taken-12th-september-1944-by-cedric-raymond-mentiplay/ HTTP/1.1" 200 18828 "-" "Mozilla/5.0 (compatible; bingbot/2.0; +http://www.bing.com/bingbot.htm)"
204.48.19.85 - - [07/Jul/2021:02:29:02 -0400] "POST /wp-cron.php?doing_wp_cron=1625639342.4380939006805419921875 HTTP/1.1" 200 6295 "https://ajhydell.com/wp-cron.php?doing_wp_cron=1625639342.4380939006805419921875" "WordPress/5.7.2; https://ajhydell.com"
185.191.171.24 - - [07/Jul/2021:02:29:02 -0400] "GET /robots.txt HTTP/1.1" 200 6480 "-" "Mozilla/5.0 (compatible; SemrushBot/7~bl; +http://www.semrush.com/bot.html)"
185.191.171.14 - - [07/Jul/2021:02:29:02 -0400] "GET /2021/01/04/new-york-central-rr-1930s/ HTTP/1.1" 200 18821 "-" "Mozilla/5.0 (compatible; SemrushBot/7~bl; +http://www.semrush.com/bot.html)"
204.48.19.85 - - [07/Jul/2021:02:29:47 -0400] "POST /wp-cron.php?doing_wp_cron=1625639387.1453080177307128906250 HTTP/1.1" 200 6295 "https://ajhydell.com/wp-cron.php?doing_wp_cron=1625639387.1453080177307128906250" "WordPress/5.7.2; https://ajhydell.com"
31.207.33.82 - - [07/Jul/2021:02:29:47 -0400] "GET /wp-login.php HTTP/1.1" 200 8601 "-" "Mozilla/5.0 (X11; Ubuntu; Linux x86_64; rv:62.0) Gecko/20100101 Firefox/62.0"
31.207.33.82 - - [07/Jul/2021:02:29:48 -0400] "POST /wp-login.php HTTP/1.1" 200 8694 "-" "Mozilla/5.0 (X11; Ubuntu; Linux x86_64; rv:62.0) Gecko/20100101 Firefox/62.0"
31.207.33.82 - - [07/Jul/2021:02:29:48 -0400] "POST /xmlrpc.php HTTP/1.1" 200 5852 "-" "Mozilla/5.0 (X11; Ubuntu; Linux x86_64; rv:62.0) Gecko/20100101 Firefox/62.0"
204.48.19.85 - - [07/Jul/2021:02:30:58 -0400] "POST /wp-cron.php?doing_wp_cron=1625639458.8153040409088134765625 HTTP/1.1" 200 6295 "https://ajhydell.com/wp-cron.php?doing_wp_cron=1625639458.8153040409088134765625" "WordPress/5.7.2; https://ajhydell.com"
118.184.177.65 - - [07/Jul/2021:02:30:58 -0400] "GET / HTTP/1.1" 200 20261 "-" "Sogou web spider/4.0(+http://www.sogou.com/docs/help/webmasters.htm#07)"
5.255.253.148 - - [07/Jul/2021:02:31:18 -0400] "GET /robots.txt HTTP/1.1" 200 6535 "-" "Mozilla/5.0 (compatible; YandexBot/3.0; +http://yandex.com/bots)"
66.249.70.114 - - [07/Jul/2021:02:31:21 -0400] "GET /2021/01/09/oreo-creme-sandwich-1960s/ HTTP/1.1" 200 18983 "-" "Mozilla/5.0 (compatible; Googlebot/2.1; +http://www.google.com/bot.html)"
5.255.253.148 - - [07/Jul/2021:02:31:22 -0400] "GET /post-sitemap1.xml HTTP/1.1" 200 10624 "-" "Mozilla/5.0 (compatible; YandexBot/3.0; +http://yandex.com/bots)"
204.48.19.85 - - [07/Jul/2021:02:34:07 -0400] "POST /wp-cron.php?doing_wp_cron=1625639647.2514319419860839843750 HTTP/1.1" 200 6295 "https://ajhydell.com/wp-cron.php?doing_wp_cron=1625639647.2514319419860839843750" "WordPress/5.7.2; https://ajhydell.com"
106.38.241.125 - - [07/Jul/2021:02:34:07 -0400] "GET / HTTP/1.1" 200 20262 "-" "Sogou web spider/4.0(+http://www.sogou.com/docs/help/webmasters.htm#07)"
216.244.66.250 - - [07/Jul/2021:02:34:53 -0400] "GET /robots.txt HTTP/1.1" 301 529 "-" "Mozilla/5.0 (compatible; DotBot/1.2; +https://opensiteexplorer.org/dotbot; help@moz.com)"
204.48.19.85 - - [07/Jul/2021:02:34:53 -0400] "POST /wp-cron.php?doing_wp_cron=1625639693.8086380958557128906250 HTTP/1.1" 200 6295 "https://ajhydell.com/wp-cron.php?doing_wp_cron=1625639693.8086380958557128906250" "WordPress/5.7.2; https://ajhydell.com"
216.244.66.250 - - [07/Jul/2021:02:34:53 -0400] "GET /robots.txt HTTP/1.1" 200 5859 "-" "Mozilla/5.0 (compatible; DotBot/1.2; +https://opensiteexplorer.org/dotbot; help@moz.com)"
54.36.148.117 - - [07/Jul/2021:02:34:56 -0400] "GET /2021/02/16/negro-boys-sitting-on-bench-on-street-waco-texas-original-caption-by-photographer-russell-lee-1939-colourised-1500x1080/ HTTP/1.1" 200 19107 "-" "Mozilla/5.0 (compatible; AhrefsBot/7.0; +http://ahrefs.com/robot/)"
198.71.238.2 - - [07/Jul/2021:02:35:17 -0400] "GET /wp-admin/setup-config.php HTTP/1.1" 409 8435 "-" "Mozilla/5.0 (Windows NT 10.0; Win64; x64) AppleWebKit/537.36 (KHTML, like Gecko) Chrome/70.0.3538.77 Safari/537.36"
204.48.19.85 - - [07/Jul/2021:02:35:55 -0400] "POST /wp-cron.php?doing_wp_cron=1625639755.3342149257659912109375 HTTP/1.1" 200 6295 "https://ajhydell.com/wp-cron.php?doing_wp_cron=1625639755.3342149257659912109375" "WordPress/5.7.2; https://ajhydell.com"
62.210.215.117 - - [07/Jul/2021:02:35:55 -0400] "GET /2019/02/04/if-personal-computers-are-for-everybody-how-come-theyre-priced-for-nobody-1984/feed/ HTTP/1.1" 200 7177 "-" "Mozilla/5.0 (X11; Linux i686) AppleWebKit/537.36 (KHTML, like Gecko) Chrome/30.0.1599.66 Safari/537.36"
204.48.19.85 - - [07/Jul/2021:02:37:08 -0400] "POST /wp-cron.php?doing_wp_cron=1625639828.9227440357208251953125 HTTP/1.1" 200 6295 "https://ajhydell.com/wp-cron.php?doing_wp_cron=1625639828.9227440357208251953125" "WordPress/5.7.2; https://ajhydell.com"
54.198.46.51 - - [07/Jul/2021:02:37:08 -0400] "GET /robots.txt HTTP/1.1" 200 5864 "https://www.google.com/" "Mozilla/5.0 (Windows NT 10.0; Win64; x64) AppleWebKit/537.36 (KHTML, like Gecko) Chrome/88.0.4324.190 Safari/537.36"
54.198.46.51 - - [07/Jul/2021:02:37:09 -0400] "GET /feed HTTP/1.1" 301 5846 "-" "Rome Client (http://tinyurl.com/64t5n) Ver: UNKNOWN"
54.198.46.51 - - [07/Jul/2021:02:37:09 -0400] "GET /feed/ HTTP/1.1" 200 3090 "-" "Rome Client (http://tinyurl.com/64t5n) Ver: UNKNOWN"
207.46.13.54 - - [07/Jul/2021:02:37:27 -0400] "GET /2021/05/03/grand-central-terminal-nyc-the-sun-cant-shine-through-like-that-now-due-to-the-surrounding-tall-buildings-1929-1500x1716/ HTTP/1.1" 200 18699 "-" "Mozilla/5.0 (compatible; bingbot/2.0; +http://www.bing.com/bingbot.htm)"
204.48.19.85 - - [07/Jul/2021:02:38:08 -0400] "POST /wp-cron.php?doing_wp_cron=1625639888.0611898899078369140625 HTTP/1.1" 200 6295 "https://ajhydell.com/wp-cron.php?doing_wp_cron=1625639888.0611898899078369140625" "WordPress/5.7.2; https://ajhydell.com"
66.249.70.114 - - [07/Jul/2021:02:38:07 -0400] "GET /2018/09/03/the-warriors-of-hitler-are-friends-of-the-people-a-nazi-propaganda-poster-in-occupied-ukraine-1942/ HTTP/1.1" 200 19154 "-" "Mozilla/5.0 (Linux; Android 6.0.1; Nexus 5X Build/MMB29P) AppleWebKit/537.36 (KHTML, like Gecko) Chrome/91.0.4472.90 Mobile Safari/537.36 (compatible; Googlebot/2.1; +http://www.google.com/bot.html)"
204.48.19.85 - - [07/Jul/2021:02:39:02 -0400] "POST /wp-cron.php?doing_wp_cron=1625639942.7693920135498046875000 HTTP/1.1" 200 6295 "https://ajhydell.com/wp-cron.php?doing_wp_cron=1625639942.7693920135498046875000" "WordPress/5.7.2; https://ajhydell.com"
5.255.253.148 - - [07/Jul/2021:02:39:02 -0400] "GET /sitemap-pt-post-2019-04.xml HTTP/1.1" 200 10364 "-" "Mozilla/5.0 (compatible; YandexBot/3.0; +http://yandex.com/bots)"
204.48.19.85 - - [07/Jul/2021:02:41:47 -0400] "POST /wp-cron.php?doing_wp_cron=1625640107.9387950897216796875000 HTTP/1.1" 200 6295 "https://ajhydell.com/wp-cron.php?doing_wp_cron=1625640107.9387950897216796875000" "WordPress/5.7.2; https://ajhydell.com"
17.121.113.36 - - [07/Jul/2021:02:41:47 -0400] "GET /2019/03/05/we-have-survived-by-australian-artist-chips-mackinolty-aust-b-1954/ HTTP/1.1" 200 18470 "-" "Mozilla/5.0 (Macintosh; Intel Mac OS X 10_15_5) AppleWebKit/605.1.15 (KHTML, like Gecko) Version/13.1.1 Safari/605.1.15 (Applebot/0.1; +http://www.apple.com/go/applebot)"
204.48.19.85 - - [07/Jul/2021:02:42:52 -0400] "POST /wp-cron.php?doing_wp_cron=1625640172.9910149574279785156250 HTTP/1.1" 200 6295 "https://ajhydell.com/wp-cron.php?doing_wp_cron=1625640172.9910149574279785156250" "WordPress/5.7.2; https://ajhydell.com"
216.244.66.250 - - [07/Jul/2021:02:42:52 -0400] "GET /2020/06/20/1938-print-ad-introducing-spam/ HTTP/1.1" 200 67050 "-" "Mozilla/5.0 (compatible; DotBot/1.2; +https://opensiteexplorer.org/dotbot; help@moz.com)"
49.7.20.67 - - [07/Jul/2021:02:43:01 -0400] "GET / HTTP/1.1" 200 20260 "-" "Sogou web spider/4.0(+http://www.sogou.com/docs/help/webmasters.htm#07)"
204.48.19.85 - - [07/Jul/2021:02:44:05 -0400] "POST /wp-cron.php?doing_wp_cron=1625640245.0093650817871093750000 HTTP/1.1" 200 6295 "https://ajhydell.com/wp-cron.php?doing_wp_cron=1625640245.0093650817871093750000" "WordPress/5.7.2; https://ajhydell.com"
66.249.70.114 - - [07/Jul/2021:02:44:04 -0400] "GET /2020/09/14/shaggy-the-reggae-singer-known-for-his-hit-song-it-wasnt-me-photographed-holding-a-football-while-serving-in-the-u-s-marines-1991-800-x-534/ HTTP/1.1" 200 19154 "-" "Mozilla/5.0 (compatible; Googlebot/2.1; +http://www.google.com/bot.html)"
112.133.245.181 - - [07/Jul/2021:02:44:15 -0400] "POST /xmlrpc.php HTTP/1.1" 403 6139 "-" "Mozilla/5.0 (X11; Linux i686; rv:2.0.1) Gecko/20100101 Firefox/4.0.1"
112.133.245.181 - - [07/Jul/2021:02:44:19 -0400] "POST /wp-login.php HTTP/1.1" 503 24388 "-" "Mozilla/5.0 (X11; Linux i686; rv:2.0.1) Gecko/20100101 Firefox/4.0.1"
204.48.19.85 - - [07/Jul/2021:02:44:59 -0400] "POST /wp-cron.php?doing_wp_cron=1625640299.9895861148834228515625 HTTP/1.1" 200 6295 "https://ajhydell.com/wp-cron.php?doing_wp_cron=1625640299.9895861148834228515625" "WordPress/5.7.2; https://ajhydell.com"
54.36.148.117 - - [07/Jul/2021:02:44:59 -0400] "GET /2018/10/06/john-f-kennedy-consults-with-his-brother-robert-kennedy-during-campaigning-1960-781x1024/ HTTP/1.1" 200 18968 "-" "Mozilla/5.0 (compatible; AhrefsBot/7.0; +http://ahrefs.com/robot/)"
144.76.14.153 - - [07/Jul/2021:02:45:03 -0400] "GET /robots.txt HTTP/1.1" 200 6065 "-" "Mozilla/5.0 (compatible; MJ12bot/v1.4.8; http://mj12bot.com/)"
144.76.14.153 - - [07/Jul/2021:02:45:16 -0400] "GET /category/uncategorized/page/231/ HTTP/1.1" 200 19990 "-" "Mozilla/5.0 (compatible; MJ12bot/v1.4.8; http://mj12bot.com/)"
110.173.241.123 - - [07/Jul/2021:02:45:38 -0400] "GET /wp-content/uploads/2021/07/picture-28.jpg HTTP/1.1" 200 146201 "https://www.bing.com/" "Mozilla/5.0 (Windows NT 10.0; Win64; x64) AppleWebKit/537.36 (KHTML, like Gecko) Chrome/91.0.4472.124 Safari/537.36 Edg/91.0.864.64"
110.173.241.123 - - [07/Jul/2021:02:45:58 -0400] "-" 408 6041 "-" "-"
204.48.19.85 - - [07/Jul/2021:02:46:01 -0400] "POST /wp-cron.php?doing_wp_cron=1625640361.6216399669647216796875 HTTP/1.1" 200 6295 "https://ajhydell.com/wp-cron.php?doing_wp_cron=1625640361.6216399669647216796875" "WordPress/5.7.2; https://ajhydell.com"
149.129.255.178 - - [07/Jul/2021:02:46:01 -0400] "GET /wp-login.php HTTP/1.1" 200 8604 "-" "Mozilla/5.0 (X11; Ubuntu; Linux x86_64; rv:62.0) Gecko/20100101 Firefox/62.0"
149.129.255.178 - - [07/Jul/2021:02:46:02 -0400] "POST /wp-login.php HTTP/1.1" 200 8695 "-" "Mozilla/5.0 (X11; Ubuntu; Linux x86_64; rv:62.0) Gecko/20100101 Firefox/62.0"
149.129.255.178 - - [07/Jul/2021:02:46:04 -0400] "POST /xmlrpc.php HTTP/1.1" 200 5852 "-" "Mozilla/5.0 (X11; Ubuntu; Linux x86_64; rv:62.0) Gecko/20100101 Firefox/62.0"
112.133.245.181 - - [07/Jul/2021:02:47:56 -0400] "POST /xmlrpc.php HTTP/1.1" 503 24286 "-" "Mozilla/5.0 (X11; Linux i686; rv:2.0.1) Gecko/20100101 Firefox/4.0.1"
112.133.245.181 - - [07/Jul/2021:02:47:58 -0400] "POST /wp-login.php HTTP/1.1" 503 24286 "-" "Mozilla/5.0 (X11; Linux i686; rv:2.0.1) Gecko/20100101 Firefox/4.0.1"
204.48.19.85 - - [07/Jul/2021:02:48:41 -0400] "POST /?wordfence_syncAttackData=1625640521.25 HTTP/1.1" 200 6300 "https://ajhydell.com/?wordfence_syncAttackData=1625640521.25" "WordPress/5.7.2; https://ajhydell.com"
204.48.19.85 - - [07/Jul/2021:02:48:41 -0400] "POST /wp-cron.php?doing_wp_cron=1625640521.3353130817413330078125 HTTP/1.1" 200 6295 "https://ajhydell.com/wp-cron.php?doing_wp_cron=1625640521.3353130817413330078125" "WordPress/5.7.2; https://ajhydell.com"
207.244.224.242 - - [07/Jul/2021:02:48:41 -0400] "POST /wp-login.php HTTP/1.1" 503 24795 "-" "Mozilla/5.0 (Windows NT 10.0; WOW64) AppleWebKit/537.36 (KHTML, like Gecko) Chrome/53.0.2785.143 Safari/537.36"
204.48.19.85 - - [07/Jul/2021:02:48:44 -0400] "POST /wp-cron.php?doing_wp_cron=1625640524.9827458858489990234375 HTTP/1.1" 200 6295 "https://ajhydell.com/wp-cron.php?doing_wp_cron=1625640524.9827458858489990234375" "WordPress/5.7.2; https://ajhydell.com"
66.249.70.112 - - [07/Jul/2021:02:48:44 -0400] "GET /feed/ HTTP/1.1" 200 8615 "-" "Mozilla/5.0 (compatible; Googlebot/2.1; +http://www.google.com/bot.html)"
204.48.19.85 - - [07/Jul/2021:02:49:46 -0400] "POST /wp-cron.php?doing_wp_cron=1625640586.3707981109619140625000 HTTP/1.1" 200 6295 "https://ajhydell.com/wp-cron.php?doing_wp_cron=1625640586.3707981109619140625000" "WordPress/5.7.2; https://ajhydell.com"
82.64.255.120 - - [07/Jul/2021:02:49:46 -0400] "GET /wp-login.php HTTP/1.1" 200 8604 "-" "Mozilla/5.0 (X11; Ubuntu; Linux x86_64; rv:62.0) Gecko/20100101 Firefox/62.0"
82.64.255.120 - - [07/Jul/2021:02:49:46 -0400] "POST /wp-login.php HTTP/1.1" 200 8694 "-" "Mozilla/5.0 (X11; Ubuntu; Linux x86_64; rv:62.0) Gecko/20100101 Firefox/62.0"
82.64.255.120 - - [07/Jul/2021:02:49:47 -0400] "POST /xmlrpc.php HTTP/1.1" 200 5852 "-" "Mozilla/5.0 (X11; Ubuntu; Linux x86_64; rv:62.0) Gecko/20100101 Firefox/62.0"
204.48.19.85 - - [07/Jul/2021:02:50:58 -0400] "POST /wp-cron.php?doing_wp_cron=1625640658.5562100410461425781250 HTTP/1.1" 200 6295 "https://ajhydell.com/wp-cron.php?doing_wp_cron=1625640658.5562100410461425781250" "WordPress/5.7.2; https://ajhydell.com"
17.121.115.113 - - [07/Jul/2021:02:50:58 -0400] "GET /2020/02/16/on-the-policy-of-neutrality-in-europe-1939/ HTTP/1.1" 200 18267 "-" "Mozilla/5.0 (Macintosh; Intel Mac OS X 10_15_5) AppleWebKit/605.1.15 (KHTML, like Gecko) Version/13.1.1 Safari/605.1.15 (Applebot/0.1; +http://www.apple.com/go/applebot)"
66.249.70.110 - - [07/Jul/2021:02:51:24 -0400] "GET /2019/10/31/soldiers-of-the-7th-bersaglieri-regiment-during-the-siege-of-tobruk-summer-of-1941-2024-x-1376/ HTTP/1.1" 200 19022 "-" "Mozilla/5.0 (compatible; Googlebot/2.1; +http://www.google.com/bot.html)"
66.249.70.110 - - [07/Jul/2021:02:51:28 -0400] "GET /wp-content/plugins/add-expires-headers/cache/0/com/processed-header-f16a8d323e83e1bc1b76514e283fb81b7090a959.min.css HTTP/1.1" 200 58766 "https://ajhydell.com/2019/10/31/soldiers-of-the-7th-bersaglieri-regiment-during-the-siege-of-tobruk-summer-of-1941-2024-x-1376/" "Mozilla/5.0 AppleWebKit/537.36 (KHTML, like Gecko; compatible; Googlebot/2.1; +http://www.google.com/bot.html) Chrome/91.0.4472.90 Safari/537.36"
204.48.19.85 - - [07/Jul/2021:02:52:13 -0400] "POST /wp-cron.php?doing_wp_cron=1625640733.1813359260559082031250 HTTP/1.1" 200 6295 "https://ajhydell.com/wp-cron.php?doing_wp_cron=1625640733.1813359260559082031250" "WordPress/5.7.2; https://ajhydell.com"
66.249.70.114 - - [07/Jul/2021:02:52:13 -0400] "GET /?wordfence_lh=1&hid=52027ACCF53703D679688EA6743F5C19 HTTP/1.1" 200 6341 "-" "Mozilla/5.0 (compatible; Googlebot/2.1; +http://www.google.com/bot.html)"
204.48.19.85 - - [07/Jul/2021:02:53:43 -0400] "POST /wp-cron.php?doing_wp_cron=1625640823.8913099765777587890625 HTTP/1.1" 200 6295 "https://ajhydell.com/wp-cron.php?doing_wp_cron=1625640823.8913099765777587890625" "WordPress/5.7.2; https://ajhydell.com"
54.36.148.117 - - [07/Jul/2021:02:53:43 -0400] "GET /2021/04/26/ HTTP/1.1" 200 18954 "-" "Mozilla/5.0 (compatible; AhrefsBot/7.0; +http://ahrefs.com/robot/)"
204.48.19.85 - - [07/Jul/2021:02:54:29 -0400] "POST /wp-cron.php?doing_wp_cron=1625640869.7566881179809570312500 HTTP/1.1" 200 6295 "https://ajhydell.com/wp-cron.php?doing_wp_cron=1625640869.7566881179809570312500" "WordPress/5.7.2; https://ajhydell.com"
66.249.70.114 - - [07/Jul/2021:02:54:29 -0400] "GET /sitemap-pt-post-2020-08.xml HTTP/1.1" 200 14713 "-" "Mozilla/5.0 (compatible; Googlebot/2.1; +http://www.google.com/bot.html)"
204.48.19.85 - - [07/Jul/2021:02:55:33 -0400] "POST /wp-cron.php?doing_wp_cron=1625640933.5963668823242187500000 HTTP/1.1" 200 6295 "https://ajhydell.com/wp-cron.php?doing_wp_cron=1625640933.5963668823242187500000" "WordPress/5.7.2; https://ajhydell.com"
207.46.13.113 - - [07/Jul/2021:02:55:33 -0400] "GET /2018/10/10/nsfw-woman-with-cholera-during-the-1971-bangladesh-genocide-by-west-pakistan-west-dinajpur-bangladesh-1971-819x1200/ HTTP/1.1" 200 18665 "-" "Mozilla/5.0 (compatible; bingbot/2.0; +http://www.bing.com/bingbot.htm)"
204.48.19.85 - - [07/Jul/2021:02:58:30 -0400] "POST /wp-cron.php?doing_wp_cron=1625641110.6628859043121337890625 HTTP/1.1" 200 6295 "https://ajhydell.com/wp-cron.php?doing_wp_cron=1625641110.6628859043121337890625" "WordPress/5.7.2; https://ajhydell.com"
36.92.91.94 - - [07/Jul/2021:02:58:30 -0400] "GET /wp-login.php HTTP/1.1" 200 8602 "-" "Mozilla/5.0 (X11; Ubuntu; Linux x86_64; rv:62.0) Gecko/20100101 Firefox/62.0"
36.92.91.94 - - [07/Jul/2021:02:58:32 -0400] "POST /wp-login.php HTTP/1.1" 200 8694 "-" "Mozilla/5.0 (X11; Ubuntu; Linux x86_64; rv:62.0) Gecko/20100101 Firefox/62.0"
193.169.254.217 - - [07/Jul/2021:02:58:32 -0400] "GET /admin/assets/global/plugins/jquery-file-upload/server/php/ HTTP/1.1" 301 644 "http://ajhydell.com/admin/assets/global/plugins/jquery-file-upload/server/php/" "Mozilla/5.0 (Windows NT 6.1; WOW64) AppleWebKit/537.36 (KHTML, like Gecko) Chrome/42.0.2311.152 Safari/537.36"
36.92.91.94 - - [07/Jul/2021:02:58:33 -0400] "POST /xmlrpc.php HTTP/1.1" 200 5852 "-" "Mozilla/5.0 (X11; Ubuntu; Linux x86_64; rv:62.0) Gecko/20100101 Firefox/62.0"
193.169.254.217 - - [07/Jul/2021:02:58:44 -0400] "GET /admin/assets/global/plugins/jquery-file-upload/server/php/ HTTP/1.1" 404 64406 "http://ajhydell.com/admin/assets/global/plugins/jquery-file-upload/server/php/" "Mozilla/5.0 (Windows NT 6.1; WOW64) AppleWebKit/537.36 (KHTML, like Gecko) Chrome/42.0.2311.152 Safari/537.36"
204.48.19.85 - - [07/Jul/2021:02:59:35 -0400] "POST /wp-cron.php?doing_wp_cron=1625641175.0047850608825683593750 HTTP/1.1" 200 6295 "https://ajhydell.com/wp-cron.php?doing_wp_cron=1625641175.0047850608825683593750" "WordPress/5.7.2; https://ajhydell.com"
54.36.148.117 - - [07/Jul/2021:02:59:34 -0400] "GET /2021/06/08/restore-and-colorize-old-photo/ HTTP/1.1" 200 18916 "-" "Mozilla/5.0 (compatible; AhrefsBot/7.0; +http://ahrefs.com/robot/)"
75.119.129.90 - - [07/Jul/2021:02:59:53 -0400] "HEAD / HTTP/1.1" 301 181 "-" "Mozilla/5.0 (Windows NT 10.0; Win64; x64) AppleWebKit/537.36 (KHTML, like Gecko) Chrome/91.0.4472.77 Safari/537.36"
204.48.19.85 - - [07/Jul/2021:02:59:53 -0400] "POST /wp-cron.php?doing_wp_cron=1625641193.7291359901428222656250 HTTP/1.1" 200 6295 "https://ajhydell.com/wp-cron.php?doing_wp_cron=1625641193.7291359901428222656250" "WordPress/5.7.2; https://ajhydell.com"
75.119.129.90 - - [07/Jul/2021:02:59:53 -0400] "HEAD / HTTP/1.1" 200 6322 "-" "Mozilla/5.0 (Windows NT 10.0; Win64; x64) AppleWebKit/537.36 (KHTML, like Gecko) Chrome/91.0.4472.77 Safari/537.36"
207.46.13.113 - - [07/Jul/2021:03:00:04 -0400] "GET /2020/09/19/l-alex-wilson-reporter-for-the-tri-state-defender-memphis-attacked-by-a-white-mob-near-central-high-school-little-rock-arkansas-in-9-23-1957478x376/ HTTP/1.1" 200 18769 "-" "Mozilla/5.0 (compatible; bingbot/2.0; +http://www.bing.com/bingbot.htm)"
207.46.13.113 - - [07/Jul/2021:03:00:04 -0400] "GET /2021/06/13/soviet-soldier-at-the-front-1945/ HTTP/1.1" 200 12944 "-" "Mozilla/5.0 (compatible; bingbot/2.0; +http://www.bing.com/bingbot.htm)"
40.77.167.77 - - [07/Jul/2021:03:00:06 -0400] "GET /2019/04/20/pablo-picasso-1954/ HTTP/1.1" 200 18492 "-" "Mozilla/5.0 (compatible; bingbot/2.0; +http://www.bing.com/bingbot.htm)"
207.46.13.182 - - [07/Jul/2021:03:00:08 -0400] "GET /page/9/ HTTP/1.1" 200 20656 "-" "Mozilla/5.0 (compatible; bingbot/2.0; +http://www.bing.com/bingbot.htm)"
207.46.13.147 - - [07/Jul/2021:03:00:09 -0400] "GET /page/5/ HTTP/1.1" 200 20799 "-" "Mozilla/5.0 (compatible; bingbot/2.0; +http://www.bing.com/bingbot.htm)"
207.46.13.182 - - [07/Jul/2021:03:00:09 -0400] "GET /page/2/ HTTP/1.1" 200 15305 "-" "Mozilla/5.0 (compatible; bingbot/2.0; +http://www.bing.com/bingbot.htm)"
207.46.13.182 - - [07/Jul/2021:03:00:09 -0400] "GET /2021/06/11/shirley-lee-dresses-1950s/ HTTP/1.1" 200 12882 "-" "Mozilla/5.0 (compatible; bingbot/2.0; +http://www.bing.com/bingbot.htm)"
207.46.13.54 - - [07/Jul/2021:03:00:13 -0400] "GET /2021/06/10/a-hookah-cafe-in-istanbul-ottoman-empire-1885-2399-x-1888/ HTTP/1.1" 200 18600 "-" "Mozilla/5.0 (compatible; bingbot/2.0; +http://www.bing.com/bingbot.htm)"
207.46.13.54 - - [07/Jul/2021:03:00:14 -0400] "GET /page/6/ HTTP/1.1" 200 14919 "-" "Mozilla/5.0 (compatible; bingbot/2.0; +http://www.bing.com/bingbot.htm)"
185.191.171.13 - - [07/Jul/2021:03:00:15 -0400] "GET /2020/11/16/ HTTP/1.1" 200 18799 "-" "Mozilla/5.0 (compatible; SemrushBot/7~bl; +http://www.semrush.com/bot.html)"
207.46.13.67 - - [07/Jul/2021:03:00:17 -0400] "GET /2021/06/12/bespattered-with-blood-and-oil-after-a-strafing-attack-by-messerschmitts-on-first-day-of-battle-a-wounded-half-track-gunner-is-attended-to-by-a-medic-tunisia-1943/ HTTP/1.1" 200 18818 "-" "Mozilla/5.0 (compatible; bingbot/2.0; +http://www.bing.com/bingbot.htm)"
207.46.13.67 - - [07/Jul/2021:03:00:17 -0400] "GET /2021/06/14/converse-shoes-1961/ HTTP/1.1" 200 12855 "-" "Mozilla/5.0 (compatible; bingbot/2.0; +http://www.bing.com/bingbot.htm)"
207.46.13.67 - - [07/Jul/2021:03:00:18 -0400] "GET /page/8/ HTTP/1.1" 200 15591 "-" "Mozilla/5.0 (compatible; bingbot/2.0; +http://www.bing.com/bingbot.htm)"
207.46.13.147 - - [07/Jul/2021:03:00:23 -0400] "GET /2021/06/10/our-manpower-american-poster-1943/ HTTP/1.1" 200 18628 "-" "Mozilla/5.0 (compatible; bingbot/2.0; +http://www.bing.com/bingbot.htm)"
185.191.171.25 - - [07/Jul/2021:03:00:23 -0400] "GET /2019/10/14/ HTTP/1.1" 200 18508 "-" "Mozilla/5.0 (compatible; SemrushBot/7~bl; +http://www.semrush.com/bot.html)"
207.46.13.113 - - [07/Jul/2021:03:00:44 -0400] "GET /2021/06/15/ziegfeld-follies-burlesque-show1920s/ HTTP/1.1" 200 18478 "-" "Mozilla/5.0 (compatible; bingbot/2.0; +http://www.bing.com/bingbot.htm)"
204.48.19.85 - - [07/Jul/2021:03:00:46 -0400] "POST /wp-cron.php?doing_wp_cron=1625641246.4077310562133789062500 HTTP/1.1" 200 6295 "https://ajhydell.com/wp-cron.php?doing_wp_cron=1625641246.4077310562133789062500" "WordPress/5.7.2; https://ajhydell.com"
40.77.167.77 - - [07/Jul/2021:03:00:46 -0400] "GET /2021/06/16/superman-says-you-can-slap-a-jap-usa-dc-comics-march-1943-cover-date/ HTTP/1.1" 200 18777 "-" "Mozilla/5.0 (compatible; bingbot/2.0; +http://www.bing.com/bingbot.htm)"
207.46.13.54 - - [07/Jul/2021:03:00:49 -0400] "GET /2021/03/14/ HTTP/1.1" 200 18635 "-" "Mozilla/5.0 (compatible; bingbot/2.0; +http://www.bing.com/bingbot.htm)"
207.46.13.67 - - [07/Jul/2021:03:00:49 -0400] "GET /2021/03/17/ HTTP/1.1" 200 18677 "-" "Mozilla/5.0 (compatible; bingbot/2.0; +http://www.bing.com/bingbot.htm)"
207.46.13.67 - - [07/Jul/2021:03:00:49 -0400] "GET /2021/04/10/ HTTP/1.1" 200 13090 "-" "Mozilla/5.0 (compatible; bingbot/2.0; +http://www.bing.com/bingbot.htm)"
207.46.13.67 - - [07/Jul/2021:03:00:49 -0400] "GET /page/14/ HTTP/1.1" 200 15462 "-" "Mozilla/5.0 (compatible; bingbot/2.0; +http://www.bing.com/bingbot.htm)"
207.46.13.67 - - [07/Jul/2021:03:00:50 -0400] "GET /2021/03/16/ HTTP/1.1" 200 12670 "-" "Mozilla/5.0 (compatible; bingbot/2.0; +http://www.bing.com/bingbot.htm)"
207.46.13.137 - - [07/Jul/2021:03:00:50 -0400] "GET /2021/03/27/ HTTP/1.1" 200 18596 "-" "Mozilla/5.0 (compatible; bingbot/2.0; +http://www.bing.com/bingbot.htm)"
207.46.13.147 - - [07/Jul/2021:03:00:53 -0400] "GET /2020/05/ HTTP/1.1" 200 20241 "-" "Mozilla/5.0 (compatible; bingbot/2.0; +http://www.bing.com/bingbot.htm)"
207.46.13.147 - - [07/Jul/2021:03:00:53 -0400] "GET /2021/03/11/ HTTP/1.1" 200 13091 "-" "Mozilla/5.0 (compatible; bingbot/2.0; +http://www.bing.com/bingbot.htm)"
5.255.253.148 - - [07/Jul/2021:03:01:24 -0400] "GET /2019/11/03/ HTTP/1.1" 200 18393 "-" "Mozilla/5.0 (compatible; YandexBot/3.0; +http://yandex.com/bots)"
207.46.13.113 - - [07/Jul/2021:03:01:25 -0400] "GET /2021/06/10/make-every-all-black-a-naked-all-black-new-zealand-1985-coalition-against-the-tour/ HTTP/1.1" 200 18655 "-" "Mozilla/5.0 (compatible; bingbot/2.0; +http://www.bing.com/bingbot.htm)"
207.46.13.113 - - [07/Jul/2021:03:01:25 -0400] "GET /author/aj/ HTTP/1.1" 200 14478 "-" "Mozilla/5.0 (compatible; bingbot/2.0; +http://www.bing.com/bingbot.htm)"
40.77.167.77 - - [07/Jul/2021:03:01:28 -0400] "GET /page/7/ HTTP/1.1" 200 20804 "-" "Mozilla/5.0 (compatible; bingbot/2.0; +http://www.bing.com/bingbot.htm)"
207.46.13.54 - - [07/Jul/2021:03:01:33 -0400] "GET /2021/04/30/ HTTP/1.1" 200 18469 "-" "Mozilla/5.0 (compatible; bingbot/2.0; +http://www.bing.com/bingbot.htm)"
207.46.13.54 - - [07/Jul/2021:03:01:34 -0400] "GET /2021/06/15/armours-extract-of-beef-circa-1910/ HTTP/1.1" 200 12982 "-" "Mozilla/5.0 (compatible; bingbot/2.0; +http://www.bing.com/bingbot.htm)"
204.48.19.85 - - [07/Jul/2021:03:03:25 -0400] "POST /wp-cron.php?doing_wp_cron=1625641405.8139669895172119140625 HTTP/1.1" 200 6295 "https://ajhydell.com/wp-cron.php?doing_wp_cron=1625641405.8139669895172119140625" "WordPress/5.7.2; https://ajhydell.com"
157.55.39.67 - - [07/Jul/2021:03:03:25 -0400] "GET /2018/ HTTP/1.1" 200 19426 "-" "Mozilla/5.0 (compatible; bingbot/2.0; +http://www.bing.com/bingbot.htm)"
157.55.39.67 - - [07/Jul/2021:03:03:28 -0400] "GET /2021/04/22/f-e-a-r-makes-our-moving-men-show-up-on-time-bekins-1970/ HTTP/1.1" 200 18788 "-" "Mozilla/5.0 (compatible; bingbot/2.0; +http://www.bing.com/bingbot.htm)"
157.55.39.67 - - [07/Jul/2021:03:03:28 -0400] "GET /2018/08/29/sowing-the-promised-land-1946-punch-cartoon-on-zionist-terrorism-in-mandatory-palestine/ HTTP/1.1" 200 13217 "-" "Mozilla/5.0 (compatible; bingbot/2.0; +http://www.bing.com/bingbot.htm)"
157.55.39.67 - - [07/Jul/2021:03:03:29 -0400] "GET /2021/04/ HTTP/1.1" 200 14171 "-" "Mozilla/5.0 (compatible; bingbot/2.0; +http://www.bing.com/bingbot.htm)"
157.55.39.67 - - [07/Jul/2021:03:03:29 -0400] "GET /2021/03/11/viet-cong-guerrilla/ HTTP/1.1" 200 13147 "-" "Mozilla/5.0 (compatible; bingbot/2.0; +http://www.bing.com/bingbot.htm)"
204.48.19.85 - - [07/Jul/2021:03:04:00 -0400] "POST /wp-cron.php?doing_wp_cron=1625641440.5546600818634033203125 HTTP/1.1" 200 6295 "https://ajhydell.com/wp-cron.php?doing_wp_cron=1625641440.5546600818634033203125" "WordPress/5.7.2; https://ajhydell.com"
17.121.112.107 - - [07/Jul/2021:03:04:00 -0400] "GET /2020/04/11/the-world-enters-the-nuclear-age-trinity-test-fireball-0-044-seconds-after-detonation-july-16-1945-2988x2150colourized/ HTTP/1.1" 200 18434 "-" "Mozilla/5.0 (Macintosh; Intel Mac OS X 10_15_5) AppleWebKit/605.1.15 (KHTML, like Gecko) Version/13.1.1 Safari/605.1.15 (Applebot/0.1; +http://www.apple.com/go/applebot)"
66.249.70.114 - - [07/Jul/2021:03:04:40 -0400] "GET /2020/04/20/two-autistic-kids-tied-to-the-radiator-of-an-asylum-spain-1982-1242-x-1430/ HTTP/1.1" 200 19057 "-" "Mozilla/5.0 (Linux; Android 6.0.1; Nexus 5X Build/MMB29P) AppleWebKit/537.36 (KHTML, like Gecko) Chrome/91.0.4472.90 Mobile Safari/537.36 (compatible; Googlebot/2.1; +http://www.google.com/bot.html)"
204.48.19.85 - - [07/Jul/2021:03:05:28 -0400] "POST /wp-cron.php?doing_wp_cron=1625641528.9288189411163330078125 HTTP/1.1" 200 6295 "https://ajhydell.com/wp-cron.php?doing_wp_cron=1625641528.9288189411163330078125" "WordPress/5.7.2; https://ajhydell.com"
54.36.148.117 - - [07/Jul/2021:03:05:28 -0400] "GET /2021/06/13/soviet-soldier-at-the-front-1945/ HTTP/1.1" 200 18903 "-" "Mozilla/5.0 (compatible; AhrefsBot/7.0; +http://ahrefs.com/robot/)"
66.249.70.100 - - [07/Jul/2021:03:06:40 -0400] "GET /robots.txt HTTP/1.1" 301 585 "-" "Mozilla/5.0 (compatible; Googlebot/2.1; +http://www.google.com/bot.html)"
66.249.70.100 - - [07/Jul/2021:03:06:40 -0400] "GET /index.php/2017/04/13/my-grandpa-and-some-of-his-buddies-in-vietnam-in-the-1960s/ HTTP/1.1" 301 724 "-" "Mozilla/5.0 (Linux; Android 6.0.1; Nexus 5X Build/MMB29P) AppleWebKit/537.36 (KHTML, like Gecko) Chrome/91.0.4472.90 Mobile Safari/537.36 (compatible; Googlebot/2.1; +http://www.google.com/bot.html)"
204.48.19.85 - - [07/Jul/2021:03:06:41 -0400] "POST /wp-cron.php?doing_wp_cron=1625641601.1793460845947265625000 HTTP/1.1" 200 6295 "https://ajhydell.com/wp-cron.php?doing_wp_cron=1625641601.1793460845947265625000" "WordPress/5.7.2; https://ajhydell.com"
66.249.70.110 - - [07/Jul/2021:03:06:41 -0400] "GET /index.php/2017/04/13/my-grandpa-and-some-of-his-buddies-in-vietnam-in-the-1960s/ HTTP/1.1" 301 6456 "-" "Mozilla/5.0 (Linux; Android 6.0.1; Nexus 5X Build/MMB29P) AppleWebKit/537.36 (KHTML, like Gecko) Chrome/91.0.4472.90 Mobile Safari/537.36 (compatible; Googlebot/2.1; +http://www.google.com/bot.html)"
66.249.70.112 - - [07/Jul/2021:03:06:41 -0400] "GET /2017/04/13/my-grandpa-and-some-of-his-buddies-in-vietnam-in-the-1960s/ HTTP/1.1" 404 64674 "-" "Mozilla/5.0 (Linux; Android 6.0.1; Nexus 5X Build/MMB29P) AppleWebKit/537.36 (KHTML, like Gecko) Chrome/91.0.4472.90 Mobile Safari/537.36 (compatible; Googlebot/2.1; +http://www.google.com/bot.html)"
204.48.19.85 - - [07/Jul/2021:03:07:59 -0400] "POST /wp-cron.php?doing_wp_cron=1625641679.5907618999481201171875 HTTP/1.1" 200 6295 "https://ajhydell.com/wp-cron.php?doing_wp_cron=1625641679.5907618999481201171875" "WordPress/5.7.2; https://ajhydell.com"
207.46.13.54 - - [07/Jul/2021:03:07:59 -0400] "GET /2020/10/30/charles-thompson-greets-his-new-classmates-at-public-school-no-27-in-september-1954-less-than-four-months-after-the-supreme-court-ruled-that-racial-segregation-was-unconstitutional-charles-was-the/ HTTP/1.1" 200 19098 "-" "Mozilla/5.0 (compatible; bingbot/2.0; +http://www.bing.com/bingbot.htm)"
40.77.188.174 - - [07/Jul/2021:03:08:13 -0400] "GET /?wordfence_lh=1&hid=87FC79413975310AE67183B544943529&r=0.21340032068967352 HTTP/1.1" 200 5918 "-" "Mozilla/5.0 (Windows NT 6.1; WOW64) AppleWebKit/534+ (KHTML, like Gecko) BingPreview/1.0b"
193.169.254.217 - - [07/Jul/2021:03:09:25 -0400] "GET /admin/assets/jquery-file-upload/server/php/ HTTP/1.1" 301 614 "http://ajhydell.com/admin/assets/jquery-file-upload/server/php/" "Mozilla/5.0 (Windows NT 6.1; WOW64) AppleWebKit/537.36 (KHTML, like Gecko) Chrome/42.0.2311.152 Safari/537.36"
204.48.19.85 - - [07/Jul/2021:03:09:28 -0400] "POST /wp-cron.php?doing_wp_cron=1625641768.0713939666748046875000 HTTP/1.1" 200 6295 "https://ajhydell.com/wp-cron.php?doing_wp_cron=1625641768.0713939666748046875000" "WordPress/5.7.2; https://ajhydell.com"
185.191.171.23 - - [07/Jul/2021:03:09:28 -0400] "GET /2018/12/07/the-view-from-an-imperial-japanese-navy-bomber-during-the-attack-on-pearl-harbor-december-7-1941-hulton-archive-getty-images-2000-x-1500/ HTTP/1.1" 200 19114 "-" "Mozilla/5.0 (compatible; SemrushBot/7~bl; +http://www.semrush.com/bot.html)"
193.169.254.217 - - [07/Jul/2021:03:09:36 -0400] "GET /admin/assets/jquery-file-upload/server/php/ HTTP/1.1" 404 64406 "http://ajhydell.com/admin/assets/jquery-file-upload/server/php/" "Mozilla/5.0 (Windows NT 6.1; WOW64) AppleWebKit/537.36 (KHTML, like Gecko) Chrome/42.0.2311.152 Safari/537.36"
204.48.19.85 - - [07/Jul/2021:03:10:31 -0400] "POST /wp-cron.php?doing_wp_cron=1625641831.3500180244445800781250 HTTP/1.1" 200 6295 "https://ajhydell.com/wp-cron.php?doing_wp_cron=1625641831.3500180244445800781250" "WordPress/5.7.2; https://ajhydell.com"
54.36.148.117 - - [07/Jul/2021:03:10:31 -0400] "GET /2021/06/18/finnish-soldiers-in-nbc-gear-1961-3000x3000/ HTTP/1.1" 200 19131 "-" "Mozilla/5.0 (compatible; AhrefsBot/7.0; +http://ahrefs.com/robot/)"
204.48.19.85 - - [07/Jul/2021:03:11:02 -0400] "POST /wp-cron.php?doing_wp_cron=1625641862.9288430213928222656250 HTTP/1.1" 200 6295 "https://ajhydell.com/wp-cron.php?doing_wp_cron=1625641862.9288430213928222656250" "WordPress/5.7.2; https://ajhydell.com"
110.173.132.17 - - [07/Jul/2021:03:11:02 -0400] "GET /wp-login.php HTTP/1.1" 200 8605 "-" "Mozilla/5.0 (X11; Ubuntu; Linux x86_64; rv:62.0) Gecko/20100101 Firefox/62.0"
110.173.132.17 - - [07/Jul/2021:03:11:04 -0400] "POST /wp-login.php HTTP/1.1" 200 8694 "-" "Mozilla/5.0 (X11; Ubuntu; Linux x86_64; rv:62.0) Gecko/20100101 Firefox/62.0"
110.173.132.17 - - [07/Jul/2021:03:11:05 -0400] "POST /xmlrpc.php HTTP/1.1" 200 5852 "-" "Mozilla/5.0 (X11; Ubuntu; Linux x86_64; rv:62.0) Gecko/20100101 Firefox/62.0"
112.133.245.181 - - [07/Jul/2021:03:13:12 -0400] "POST /xmlrpc.php HTTP/1.1" 503 24286 "-" "Mozilla/5.0 (X11; Linux i686; rv:2.0.1) Gecko/20100101 Firefox/4.0.1"
112.133.245.181 - - [07/Jul/2021:03:13:14 -0400] "POST /wp-login.php HTTP/1.1" 503 24286 "-" "Mozilla/5.0 (X11; Linux i686; rv:2.0.1) Gecko/20100101 Firefox/4.0.1"
204.48.19.85 - - [07/Jul/2021:03:13:47 -0400] "POST /?wordfence_syncAttackData=1625642027.8406 HTTP/1.1" 200 6300 "https://ajhydell.com/?wordfence_syncAttackData=1625642027.8406" "WordPress/5.7.2; https://ajhydell.com"
204.48.19.85 - - [07/Jul/2021:03:13:47 -0400] "POST /wp-cron.php?doing_wp_cron=1625642027.9350309371948242187500 HTTP/1.1" 200 6295 "https://ajhydell.com/wp-cron.php?doing_wp_cron=1625642027.9350309371948242187500" "WordPress/5.7.2; https://ajhydell.com"
66.249.70.112 - - [07/Jul/2021:03:13:47 -0400] "GET /feed/ HTTP/1.1" 200 8615 "-" "Mozilla/5.0 (compatible; Googlebot/2.1; +http://www.google.com/bot.html)"
207.46.13.54 - - [07/Jul/2021:03:14:02 -0400] "GET /2020/08/13/oldest-photo-of-a-tornado-1884/ HTTP/1.1" 200 18426 "-" "Mozilla/5.0 (compatible; bingbot/2.0; +http://www.bing.com/bingbot.htm)"
204.48.19.85 - - [07/Jul/2021:03:15:44 -0400] "POST /wp-cron.php?doing_wp_cron=1625642144.6319079399108886718750 HTTP/1.1" 200 6295 "https://ajhydell.com/wp-cron.php?doing_wp_cron=1625642144.6319079399108886718750" "WordPress/5.7.2; https://ajhydell.com"
208.97.137.233 - - [07/Jul/2021:03:15:44 -0400] "POST /wp-login.php HTTP/1.1" 200 8861 "-" "Mozilla/5.0 (Windows NT 10.0; WOW64) AppleWebKit/537.36 (KHTML, like Gecko) Chrome/57.0.2987.133 Safari/537.36"
204.48.19.85 - - [07/Jul/2021:03:16:24 -0400] "POST /wp-cron.php?doing_wp_cron=1625642184.3824920654296875000000 HTTP/1.1" 200 6295 "https://ajhydell.com/wp-cron.php?doing_wp_cron=1625642184.3824920654296875000000" "WordPress/5.7.2; https://ajhydell.com"
54.36.148.117 - - [07/Jul/2021:03:16:24 -0400] "GET /2021/06/15/matilda-ii-tank-being-pulled-out-of-the-factory/ HTTP/1.1" 200 18862 "-" "Mozilla/5.0 (compatible; AhrefsBot/7.0; +http://ahrefs.com/robot/)"
204.48.19.85 - - [07/Jul/2021:03:17:57 -0400] "POST /wp-cron.php?doing_wp_cron=1625642277.1513259410858154296875 HTTP/1.1" 200 6295 "https://ajhydell.com/wp-cron.php?doing_wp_cron=1625642277.1513259410858154296875" "WordPress/5.7.2; https://ajhydell.com"
66.249.70.110 - - [07/Jul/2021:03:17:57 -0400] "GET /2019/01/13/mafia-boss-charles-lucky-luciano-in-exile-sicily-italy-31-december-1948/ HTTP/1.1" 200 19129 "-" "Mozilla/5.0 (Linux; Android 6.0.1; Nexus 5X Build/MMB29P) AppleWebKit/537.36 (KHTML, like Gecko) Chrome/91.0.4472.90 Mobile Safari/537.36 (compatible; Googlebot/2.1; +http://www.google.com/bot.html)"
17.121.114.171 - - [07/Jul/2021:03:18:44 -0400] "GET /2019/08/14/organize-and-take-the-big-bag-published-in-the-industrial-pioneer-june-1925-usa/ HTTP/1.1" 200 18335 "-" "Mozilla/5.0 (Macintosh; Intel Mac OS X 10_15_5) AppleWebKit/605.1.15 (KHTML, like Gecko) Version/13.1.1 Safari/605.1.15 (Applebot/0.1; +http://www.apple.com/go/applebot)"
207.46.13.67 - - [07/Jul/2021:03:19:39 -0400] "GET /2021/03/06/the-boeing-factory-in-seattle-made-an-entire-fake-neighborhood-to-hide-its-bombers-from-potential-airstrikes/ HTTP/1.1" 200 18715 "-" "Mozilla/5.0 (compatible; bingbot/2.0; +http://www.bing.com/bingbot.htm)"
204.48.19.85 - - [07/Jul/2021:03:19:38 -0400] "POST /wp-cron.php?doing_wp_cron=1625642378.4762260913848876953125 HTTP/1.1" 200 6295 "https://ajhydell.com/wp-cron.php?doing_wp_cron=1625642378.4762260913848876953125" "WordPress/5.7.2; https://ajhydell.com"
157.55.39.62 - - [07/Jul/2021:03:19:38 -0400] "GET /2021/03/page/5/ HTTP/1.1" 200 19843 "-" "Mozilla/5.0 (compatible; bingbot/2.0; +http://www.bing.com/bingbot.htm)"
40.77.167.7 - - [07/Jul/2021:03:19:41 -0400] "GET /2021/04/09/ HTTP/1.1" 200 18526 "-" "Mozilla/5.0 (compatible; bingbot/2.0; +http://www.bing.com/bingbot.htm)"
207.46.13.137 - - [07/Jul/2021:03:19:41 -0400] "GET /2021/03/09/ HTTP/1.1" 200 18511 "-" "Mozilla/5.0 (compatible; bingbot/2.0; +http://www.bing.com/bingbot.htm)"
207.46.13.54 - - [07/Jul/2021:03:19:42 -0400] "GET /2021/03/04/ HTTP/1.1" 200 18590 "-" "Mozilla/5.0 (compatible; bingbot/2.0; +http://www.bing.com/bingbot.htm)"
204.48.19.85 - - [07/Jul/2021:03:19:47 -0400] "POST /wp-cron.php?doing_wp_cron=1625642387.5898420810699462890625 HTTP/1.1" 200 6295 "https://ajhydell.com/wp-cron.php?doing_wp_cron=1625642387.5898420810699462890625" "WordPress/5.7.2; https://ajhydell.com"
207.46.13.113 - - [07/Jul/2021:03:19:47 -0400] "GET /2021/03/06/ HTTP/1.1" 200 18759 "-" "Mozilla/5.0 (compatible; bingbot/2.0; +http://www.bing.com/bingbot.htm)"
40.77.167.77 - - [07/Jul/2021:03:19:52 -0400] "GET /2018/08/15/the-mcdonald-brothers-in-front-of-the-not-yet-opened-first-mcdonalds-november-1948-san-bernadino-ca-2048x1492/ HTTP/1.1" 200 18612 "-" "Mozilla/5.0 (compatible; bingbot/2.0; +http://www.bing.com/bingbot.htm)"
40.77.167.77 - - [07/Jul/2021:03:19:52 -0400] "GET /2021/04/08/ HTTP/1.1" 200 12892 "-" "Mozilla/5.0 (compatible; bingbot/2.0; +http://www.bing.com/bingbot.htm)"
157.55.39.62 - - [07/Jul/2021:03:19:58 -0400] "GET /2021/03/page/3/ HTTP/1.1" 200 19661 "-" "Mozilla/5.0 (compatible; bingbot/2.0; +http://www.bing.com/bingbot.htm)"
207.46.13.137 - - [07/Jul/2021:03:20:01 -0400] "GET /2021/03/15/ HTTP/1.1" 200 18441 "-" "Mozilla/5.0 (compatible; bingbot/2.0; +http://www.bing.com/bingbot.htm)"
207.46.13.54 - - [07/Jul/2021:03:20:05 -0400] "GET /2021/04/05/ HTTP/1.1" 200 18480 "-" "Mozilla/5.0 (compatible; bingbot/2.0; +http://www.bing.com/bingbot.htm)"
207.46.13.182 - - [07/Jul/2021:03:20:09 -0400] "GET /2020/01/03/blow-in-her-face-and-shell-follow-you-anywhere-tipalet-ad-1969/ HTTP/1.1" 200 18825 "-" "Mozilla/5.0 (compatible; bingbot/2.0; +http://www.bing.com/bingbot.htm)"
207.46.13.182 - - [07/Jul/2021:03:20:09 -0400] "GET /page/15/ HTTP/1.1" 200 15098 "-" "Mozilla/5.0 (compatible; bingbot/2.0; +http://www.bing.com/bingbot.htm)"
207.46.13.54 - - [07/Jul/2021:03:20:42 -0400] "GET /2021/01/10/rollin-heber-neal-1850/ HTTP/1.1" 200 18456 "-" "Mozilla/5.0 (compatible; bingbot/2.0; +http://www.bing.com/bingbot.htm)"
204.48.19.85 - - [07/Jul/2021:03:21:48 -0400] "POST /wp-cron.php?doing_wp_cron=1625642508.0033850669860839843750 HTTP/1.1" 200 6295 "https://ajhydell.com/wp-cron.php?doing_wp_cron=1625642508.0033850669860839843750" "WordPress/5.7.2; https://ajhydell.com"
62.210.215.117 - - [07/Jul/2021:03:21:47 -0400] "GET /feed HTTP/1.1" 301 6425 "-" "Mozilla/5.0 (X11; Linux i686) AppleWebKit/537.36 (KHTML, like Gecko) Chrome/30.0.1599.66 Safari/537.36"
62.210.215.117 - - [07/Jul/2021:03:21:48 -0400] "GET /feed/ HTTP/1.1" 200 8885 "-" "Mozilla/5.0 (X11; Linux i686) AppleWebKit/537.36 (KHTML, like Gecko) Chrome/30.0.1599.66 Safari/537.36"
34.227.69.201 - - [07/Jul/2021:03:21:53 -0400] "HEAD / HTTP/1.1" 200 5715 "-" "scalaj-http/2.4.2"
34.227.69.201 - - [07/Jul/2021:03:21:53 -0400] "GET / HTTP/1.1" 200 20177 "-" "Buck/2.2; (+https://app.hypefactors.com/media-monitoring/about.html)"
34.227.69.201 - - [07/Jul/2021:03:21:54 -0400] "GET /robots.txt HTTP/1.1" 200 5901 "-" "Buck/2.2; (+https://app.hypefactors.com/media-monitoring/about.html)"
