23.100.232.233 - - [30/Jun/2021:03:15:43 -0400] "GET /wp-content/themes/royal-magazine/js/navigation.js?ver=20151215 HTTP/1.1" 200 1349 "https://ajhydell.com/2019/11/26/the-last-hussar-august-von-mackensengerman-field-marshal-in-world-war-i-in-leib-husaren-regiment-uniform-circa-1914-720x1104/" "Mozilla/5.0 (compatible; MSIE 9.0; Windows NT 6.0; Trident/5.0;  Trident/5.0)"
23.100.232.233 - - [30/Jun/2021:03:15:43 -0400] "GET /wp-content/themes/royal-magazine/js/skip-link-focus-fix.js?ver=20151215 HTTP/1.1" 200 933 "https://ajhydell.com/2019/11/26/the-last-hussar-august-von-mackensengerman-field-marshal-in-world-war-i-in-leib-husaren-regiment-uniform-circa-1914-720x1104/" "Mozilla/5.0 (compatible; MSIE 9.0; Windows NT 6.0; Trident/5.0;  Trident/5.0)"
23.100.232.233 - - [30/Jun/2021:03:15:43 -0400] "GET /wp-content/themes/royal-magazine/assets/libraries/slick/js/slick.min.js?ver=5.7.2 HTTP/1.1" 200 10740 "https://ajhydell.com/2019/11/26/the-last-hussar-august-von-mackensengerman-field-marshal-in-world-war-i-in-leib-husaren-regiment-uniform-circa-1914-720x1104/" "Mozilla/5.0 (compatible; MSIE 9.0; Windows NT 6.0; Trident/5.0;  Trident/5.0)"
23.100.232.233 - - [30/Jun/2021:03:15:43 -0400] "GET /wp-content/themes/royal-magazine/assets/libraries/theiaStickySidebar/theia-sticky-sidebar.min.js?ver=5.7.2 HTTP/1.1" 200 2271 "https://ajhydell.com/2019/11/26/the-last-hussar-august-von-mackensengerman-field-marshal-in-world-war-i-in-leib-husaren-regiment-uniform-circa-1914-720x1104/" "Mozilla/5.0 (compatible; MSIE 9.0; Windows NT 6.0; Trident/5.0;  Trident/5.0)"
23.100.232.233 - - [30/Jun/2021:03:15:43 -0400] "GET /wp-content/themes/royal-magazine/assets/libraries/marquee/jquery.marquee.js?ver=5.7.2 HTTP/1.1" 200 5103 "https://ajhydell.com/2019/11/26/the-last-hussar-august-von-mackensengerman-field-marshal-in-world-war-i-in-leib-husaren-regiment-uniform-circa-1914-720x1104/" "Mozilla/5.0 (compatible; MSIE 9.0; Windows NT 6.0; Trident/5.0;  Trident/5.0)"
23.100.232.233 - - [30/Jun/2021:03:15:44 -0400] "GET /wp-includes/js/wp-embed.min.js?ver=5.7.2 HTTP/1.1" 200 1221 "https://ajhydell.com/2019/11/26/the-last-hussar-august-von-mackensengerman-field-marshal-in-world-war-i-in-leib-husaren-regiment-uniform-circa-1914-720x1104/" "Mozilla/5.0 (compatible; MSIE 9.0; Windows NT 6.0; Trident/5.0;  Trident/5.0)"
23.100.232.233 - - [30/Jun/2021:03:15:44 -0400] "GET /wp-content/themes/royal-magazine/assets/twp/js/custom-script.js?ver=5.7.2 HTTP/1.1" 200 3023 "https://ajhydell.com/2019/11/26/the-last-hussar-august-von-mackensengerman-field-marshal-in-world-war-i-in-leib-husaren-regiment-uniform-circa-1914-720x1104/" "Mozilla/5.0 (compatible; MSIE 9.0; Windows NT 6.0; Trident/5.0;  Trident/5.0)"
23.100.232.233 - - [30/Jun/2021:03:15:44 -0400] "GET /wp-content/themes/royal-magazine/assets/libraries/bootstrap/js/bootstrap.min.js?ver=5.7.2 HTTP/1.1" 200 10404 "https://ajhydell.com/2019/11/26/the-last-hussar-august-von-mackensengerman-field-marshal-in-world-war-i-in-leib-husaren-regiment-uniform-circa-1914-720x1104/" "Mozilla/5.0 (compatible; MSIE 9.0; Windows NT 6.0; Trident/5.0;  Trident/5.0)"
23.100.232.233 - - [30/Jun/2021:03:15:44 -0400] "GET /wp-content/themes/royal-magazine/assets/libraries/magnific-popup/jquery.magnific-popup.min.js?ver=5.7.2 HTTP/1.1" 200 7871 "https://ajhydell.com/2019/11/26/the-last-hussar-august-von-mackensengerman-field-marshal-in-world-war-i-in-leib-husaren-regiment-uniform-circa-1914-720x1104/" "Mozilla/5.0 (compatible; MSIE 9.0; Windows NT 6.0; Trident/5.0;  Trident/5.0)"
23.100.232.233 - - [30/Jun/2021:03:15:44 -0400] "GET /wp-content/plugins/facebook-pagelike-widget/fb.js?ver=1.0 HTTP/1.1" 200 821 "https://ajhydell.com/2019/11/26/the-last-hussar-august-von-mackensengerman-field-marshal-in-world-war-i-in-leib-husaren-regiment-uniform-circa-1914-720x1104/" "Mozilla/5.0 (compatible; MSIE 9.0; Windows NT 6.0; Trident/5.0;  Trident/5.0)"
204.48.19.85 - - [30/Jun/2021:03:16:09 -0400] "POST /wp-cron.php?doing_wp_cron=1625037369.3769729137420654296875 HTTP/1.1" 200 232 "http://ajhydell.com/wp-cron.php?doing_wp_cron=1625037369.3769729137420654296875" "WordPress/5.7.2; https://ajhydell.com"
89.179.104.242 - - [30/Jun/2021:03:16:09 -0400] "GET / HTTP/1.0" 301 306 "http://ajhydell.com/" "Mozilla/5.0 (Windows NT 10.0; Win64; x64) AppleWebKit/537.36 (KHTML, like Gecko) Chrome/83.0.4103.61 Safari/537.36 Edg/83.0.478.37"
89.179.104.242 - - [30/Jun/2021:03:16:10 -0400] "GET / HTTP/1.0" 200 100791 "https://ajhydell.com/" "Mozilla/5.0 (Windows NT 10.0; Win64; x64) AppleWebKit/537.36 (KHTML, like Gecko) Chrome/83.0.4103.61 Safari/537.36 Edg/83.0.478.37"
54.36.148.110 - - [30/Jun/2021:03:16:10 -0400] "GET /2019/09/12/the-domino-theory-usa-1961/ HTTP/1.1" 200 18005 "-" "Mozilla/5.0 (compatible; AhrefsBot/7.0; +http://ahrefs.com/robot/)"
204.48.19.85 - - [30/Jun/2021:03:17:07 -0400] "POST /wp-cron.php?doing_wp_cron=1625037427.6622560024261474609375 HTTP/1.1" 200 5463 "https://ajhydell.com/wp-cron.php?doing_wp_cron=1625037427.6622560024261474609375" "WordPress/5.7.2; https://ajhydell.com"
106.38.241.127 - - [30/Jun/2021:03:17:07 -0400] "GET / HTTP/1.1" 200 18943 "-" "Sogou web spider/4.0(+http://www.sogou.com/docs/help/webmasters.htm#07)"
204.48.19.85 - - [30/Jun/2021:03:18:11 -0400] "POST /wp-cron.php?doing_wp_cron=1625037491.2828280925750732421875 HTTP/1.1" 200 5463 "https://ajhydell.com/wp-cron.php?doing_wp_cron=1625037491.2828280925750732421875" "WordPress/5.7.2; https://ajhydell.com"
185.191.171.36 - - [30/Jun/2021:03:18:11 -0400] "GET /2019/06/01/ HTTP/1.1" 200 17571 "-" "Mozilla/5.0 (compatible; SemrushBot/7~bl; +http://www.semrush.com/bot.html)"
207.46.13.80 - - [30/Jun/2021:03:18:15 -0400] "GET /2020/02/13/luftwaffe-pilot-adolf-galland-preparing-to-take-a-gift-basket-of-champagne-and-lobster-for-a-generals-birthday/ HTTP/1.1" 200 17902 "-" "Mozilla/5.0 (compatible; bingbot/2.0; +http://www.bing.com/bingbot.htm)"
204.48.19.85 - - [30/Jun/2021:03:19:35 -0400] "POST /wp-cron.php?doing_wp_cron=1625037575.3964760303497314453125 HTTP/1.1" 200 5463 "https://ajhydell.com/wp-cron.php?doing_wp_cron=1625037575.3964760303497314453125" "WordPress/5.7.2; https://ajhydell.com"
185.191.171.21 - - [30/Jun/2021:03:19:35 -0400] "GET /2020/11/25/manhattan-in-1931-750x581/ HTTP/1.1" 200 17864 "-" "Mozilla/5.0 (compatible; SemrushBot/7~bl; +http://www.semrush.com/bot.html)"
204.48.19.85 - - [30/Jun/2021:03:19:48 -0400] "POST /wp-cron.php?doing_wp_cron=1625037588.4174320697784423828125 HTTP/1.1" 200 5463 "https://ajhydell.com/wp-cron.php?doing_wp_cron=1625037588.4174320697784423828125" "WordPress/5.7.2; https://ajhydell.com"
216.244.66.250 - - [30/Jun/2021:03:19:48 -0400] "GET /2019/09/01/we-will-purge-our-land-of-hitlers-scum-1940s/ HTTP/1.1" 200 66242 "-" "Mozilla/5.0 (compatible; DotBot/1.2; +https://opensiteexplorer.org/dotbot; help@moz.com)"
165.227.129.197 - - [30/Jun/2021:03:20:06 -0400] "GET /wp-login.php HTTP/1.1" 200 7773 "-" "Mozilla/5.0 (X11; Ubuntu; Linux x86_64; rv:62.0) Gecko/20100101 Firefox/62.0"
165.227.129.197 - - [30/Jun/2021:03:20:07 -0400] "POST /wp-login.php HTTP/1.1" 200 7862 "-" "Mozilla/5.0 (X11; Ubuntu; Linux x86_64; rv:62.0) Gecko/20100101 Firefox/62.0"
185.191.171.8 - - [30/Jun/2021:03:20:08 -0400] "GET /2019/04/17/only-13km-to-hell/ HTTP/1.1" 200 17974 "-" "Mozilla/5.0 (compatible; SemrushBot/7~bl; +http://www.semrush.com/bot.html)"
165.227.129.197 - - [30/Jun/2021:03:20:08 -0400] "POST /xmlrpc.php HTTP/1.1" 200 5020 "-" "Mozilla/5.0 (X11; Ubuntu; Linux x86_64; rv:62.0) Gecko/20100101 Firefox/62.0"
66.249.70.114 - - [30/Jun/2021:03:20:28 -0400] "GET /robots.txt HTTP/1.1" 200 5685 "-" "Mozilla/5.0 (compatible; Googlebot/2.1; +http://www.google.com/bot.html)"
66.249.70.110 - - [30/Jun/2021:03:20:28 -0400] "GET /feed/ HTTP/1.1" 200 7437 "-" "Mozilla/5.0 (compatible; Googlebot/2.1; +http://www.google.com/bot.html)"
216.244.66.250 - - [30/Jun/2021:03:20:36 -0400] "GET /2020/06/07/utrecht-the-netherlands-in-the-early-1900s-720x520/ HTTP/1.1" 200 66360 "-" "Mozilla/5.0 (compatible; DotBot/1.2; +https://opensiteexplorer.org/dotbot; help@moz.com)"
66.41.178.107 - - [30/Jun/2021:03:20:41 -0400] "GET /wp-content/uploads/2020/11/picture-111.jpg HTTP/1.1" 200 1944121 "https://www.bing.com/" "Mozilla/5.0 (Windows NT 10.0; Win64; x64; Xbox; Xbox One) AppleWebKit/537.36 (KHTML, like Gecko) Chrome/70.0.3538.102 Safari/537.36 Edge/18.19041"
204.48.19.85 - - [30/Jun/2021:03:21:22 -0400] "POST /wp-cron.php?doing_wp_cron=1625037682.4532020092010498046875 HTTP/1.1" 200 5463 "https://ajhydell.com/wp-cron.php?doing_wp_cron=1625037682.4532020092010498046875" "WordPress/5.7.2; https://ajhydell.com"
185.191.171.9 - - [30/Jun/2021:03:21:22 -0400] "GET /2020/02/09/ HTTP/1.1" 200 17567 "-" "Mozilla/5.0 (compatible; SemrushBot/7~bl; +http://www.semrush.com/bot.html)"
216.244.66.250 - - [30/Jun/2021:03:21:36 -0400] "GET /page/48/ HTTP/1.1" 200 100916 "-" "Mozilla/5.0 (compatible; DotBot/1.2; +https://opensiteexplorer.org/dotbot; help@moz.com)"
204.48.19.85 - - [30/Jun/2021:03:22:22 -0400] "POST /wp-cron.php?doing_wp_cron=1625037742.8273611068725585937500 HTTP/1.1" 200 5463 "https://ajhydell.com/wp-cron.php?doing_wp_cron=1625037742.8273611068725585937500" "WordPress/5.7.2; https://ajhydell.com"
54.36.149.36 - - [30/Jun/2021:03:22:22 -0400] "GET /2021/05/24/maintenance-unit-at-the-eastern-front-in-the-background-is-a-strabokran-for-the-maintenance-of-heavy-german-tanks-date-unknown/ HTTP/1.1" 200 18100 "-" "Mozilla/5.0 (compatible; AhrefsBot/7.0; +http://ahrefs.com/robot/)"
157.55.39.57 - - [30/Jun/2021:03:24:26 -0400] "GET /wp-content/uploads/2021/02/picture-67.jpg HTTP/1.1" 200 931493 "-" "Mozilla/5.0 (compatible; bingbot/2.0; +http://www.bing.com/bingbot.htm)"
204.48.19.85 - - [30/Jun/2021:03:24:33 -0400] "POST /wp-cron.php?doing_wp_cron=1625037873.8445010185241699218750 HTTP/1.1" 200 5463 "https://ajhydell.com/wp-cron.php?doing_wp_cron=1625037873.8445010185241699218750" "WordPress/5.7.2; https://ajhydell.com"
165.227.129.197 - - [30/Jun/2021:03:24:33 -0400] "GET /wp-login.php HTTP/1.1" 200 7774 "-" "Mozilla/5.0 (X11; Ubuntu; Linux x86_64; rv:62.0) Gecko/20100101 Firefox/62.0"
165.227.129.197 - - [30/Jun/2021:03:24:34 -0400] "POST /wp-login.php HTTP/1.1" 200 7864 "-" "Mozilla/5.0 (X11; Ubuntu; Linux x86_64; rv:62.0) Gecko/20100101 Firefox/62.0"
165.227.129.197 - - [30/Jun/2021:03:24:35 -0400] "POST /xmlrpc.php HTTP/1.1" 200 5020 "-" "Mozilla/5.0 (X11; Ubuntu; Linux x86_64; rv:62.0) Gecko/20100101 Firefox/62.0"
204.48.19.85 - - [30/Jun/2021:03:26:19 -0400] "POST /wp-cron.php?doing_wp_cron=1625037979.2417130470275878906250 HTTP/1.1" 200 5463 "https://ajhydell.com/wp-cron.php?doing_wp_cron=1625037979.2417130470275878906250" "WordPress/5.7.2; https://ajhydell.com"
157.55.39.134 - - [30/Jun/2021:03:26:19 -0400] "GET /2019/01/24/barbarism-and-civilization-1899-poster/ HTTP/1.1" 200 17501 "-" "Mozilla/5.0 (compatible; bingbot/2.0; +http://www.bing.com/bingbot.htm)"
204.48.19.85 - - [30/Jun/2021:03:27:34 -0400] "POST /wp-cron.php?doing_wp_cron=1625038054.5502638816833496093750 HTTP/1.1" 200 5463 "https://ajhydell.com/wp-cron.php?doing_wp_cron=1625038054.5502638816833496093750" "WordPress/5.7.2; https://ajhydell.com"
23.100.232.233 - - [30/Jun/2021:03:27:34 -0400] "GET /2020/07/04/the-us-capitol-in-1846/ HTTP/1.1" 200 16997 "-" "Mozilla/5.0 (compatible; MSIE 9.0; Windows NT 6.0; Trident/5.0;  Trident/5.0)"
23.100.232.233 - - [30/Jun/2021:03:27:35 -0400] "GET /wp-content/plugins/add-expires-headers/cache/0/com/processed-header-f16a8d323e83e1bc1b76514e283fb81b7090a959.min.css HTTP/1.1" 200 52893 "https://ajhydell.com/2020/07/04/the-us-capitol-in-1846/" "Mozilla/5.0 (compatible; MSIE 9.0; Windows NT 6.0; Trident/5.0;  Trident/5.0)"
23.100.232.233 - - [30/Jun/2021:03:27:35 -0400] "GET /wp-includes/js/jquery/jquery.min.js?ver=3.5.1 HTTP/1.1" 200 31550 "https://ajhydell.com/2020/07/04/the-us-capitol-in-1846/" "Mozilla/5.0 (compatible; MSIE 9.0; Windows NT 6.0; Trident/5.0;  Trident/5.0)"
23.100.232.233 - - [30/Jun/2021:03:27:35 -0400] "GET /wp-includes/js/jquery/jquery-migrate.min.js?ver=3.3.2 HTTP/1.1" 200 4687 "https://ajhydell.com/2020/07/04/the-us-capitol-in-1846/" "Mozilla/5.0 (compatible; MSIE 9.0; Windows NT 6.0; Trident/5.0;  Trident/5.0)"
23.100.232.233 - - [30/Jun/2021:03:27:35 -0400] "GET /wp-content/plugins/google-analytics-for-wordpress/assets/js/frontend-gtag.min.js?ver=7.17.0 HTTP/1.1" 200 3476 "https://ajhydell.com/2020/07/04/the-us-capitol-in-1846/" "Mozilla/5.0 (compatible; MSIE 9.0; Windows NT 6.0; Trident/5.0;  Trident/5.0)"
23.100.232.233 - - [30/Jun/2021:03:27:37 -0400] "GET /wp-content/plugins/wp-smushit/app/assets/js/smush-lazy-load.min.js?ver=3.8.7 HTTP/1.1" 200 4207 "https://ajhydell.com/2020/07/04/the-us-capitol-in-1846/" "Mozilla/5.0 (compatible; MSIE 9.0; Windows NT 6.0; Trident/5.0;  Trident/5.0)"
23.100.232.233 - - [30/Jun/2021:03:27:37 -0400] "GET /wp-includes/js/wp-emoji-release.min.js?ver=5.7.2 HTTP/1.1" 200 5183 "https://ajhydell.com/2020/07/04/the-us-capitol-in-1846/" "Mozilla/5.0 (compatible; MSIE 9.0; Windows NT 6.0; Trident/5.0;  Trident/5.0)"
23.100.232.233 - - [30/Jun/2021:03:27:37 -0400] "GET /wp-content/themes/royal-magazine/js/navigation.js?ver=20151215 HTTP/1.1" 200 1349 "https://ajhydell.com/2020/07/04/the-us-capitol-in-1846/" "Mozilla/5.0 (compatible; MSIE 9.0; Windows NT 6.0; Trident/5.0;  Trident/5.0)"
23.100.232.233 - - [30/Jun/2021:03:27:37 -0400] "GET /wp-content/themes/royal-magazine/js/skip-link-focus-fix.js?ver=20151215 HTTP/1.1" 200 933 "https://ajhydell.com/2020/07/04/the-us-capitol-in-1846/" "Mozilla/5.0 (compatible; MSIE 9.0; Windows NT 6.0; Trident/5.0;  Trident/5.0)"
23.100.232.233 - - [30/Jun/2021:03:27:37 -0400] "GET /wp-content/themes/royal-magazine/assets/libraries/bootstrap/js/bootstrap.min.js?ver=5.7.2 HTTP/1.1" 200 10404 "https://ajhydell.com/2020/07/04/the-us-capitol-in-1846/" "Mozilla/5.0 (compatible; MSIE 9.0; Windows NT 6.0; Trident/5.0;  Trident/5.0)"
23.100.232.233 - - [30/Jun/2021:03:27:37 -0400] "GET /wp-content/themes/royal-magazine/assets/libraries/marquee/jquery.marquee.js?ver=5.7.2 HTTP/1.1" 200 5103 "https://ajhydell.com/2020/07/04/the-us-capitol-in-1846/" "Mozilla/5.0 (compatible; MSIE 9.0; Windows NT 6.0; Trident/5.0;  Trident/5.0)"
23.100.232.233 - - [30/Jun/2021:03:27:37 -0400] "GET /wp-content/themes/royal-magazine/assets/libraries/magnific-popup/jquery.magnific-popup.min.js?ver=5.7.2 HTTP/1.1" 200 7871 "https://ajhydell.com/2020/07/04/the-us-capitol-in-1846/" "Mozilla/5.0 (compatible; MSIE 9.0; Windows NT 6.0; Trident/5.0;  Trident/5.0)"
23.100.232.233 - - [30/Jun/2021:03:27:37 -0400] "GET /wp-content/themes/royal-magazine/assets/twp/js/custom-script.js?ver=5.7.2 HTTP/1.1" 200 3023 "https://ajhydell.com/2020/07/04/the-us-capitol-in-1846/" "Mozilla/5.0 (compatible; MSIE 9.0; Windows NT 6.0; Trident/5.0;  Trident/5.0)"
23.100.232.233 - - [30/Jun/2021:03:27:38 -0400] "GET /wp-content/plugins/facebook-pagelike-widget/fb.js?ver=1.0 HTTP/1.1" 200 821 "https://ajhydell.com/2020/07/04/the-us-capitol-in-1846/" "Mozilla/5.0 (compatible; MSIE 9.0; Windows NT 6.0; Trident/5.0;  Trident/5.0)"
23.100.232.233 - - [30/Jun/2021:03:27:38 -0400] "GET /wp-content/themes/royal-magazine/assets/libraries/slick/js/slick.min.js?ver=5.7.2 HTTP/1.1" 200 10740 "https://ajhydell.com/2020/07/04/the-us-capitol-in-1846/" "Mozilla/5.0 (compatible; MSIE 9.0; Windows NT 6.0; Trident/5.0;  Trident/5.0)"
23.100.232.233 - - [30/Jun/2021:03:27:38 -0400] "GET /wp-includes/js/wp-embed.min.js?ver=5.7.2 HTTP/1.1" 200 1221 "https://ajhydell.com/2020/07/04/the-us-capitol-in-1846/" "Mozilla/5.0 (compatible; MSIE 9.0; Windows NT 6.0; Trident/5.0;  Trident/5.0)"
23.100.232.233 - - [30/Jun/2021:03:27:38 -0400] "GET /wp-content/themes/royal-magazine/assets/libraries/theiaStickySidebar/theia-sticky-sidebar.min.js?ver=5.7.2 HTTP/1.1" 200 2271 "https://ajhydell.com/2020/07/04/the-us-capitol-in-1846/" "Mozilla/5.0 (compatible; MSIE 9.0; Windows NT 6.0; Trident/5.0;  Trident/5.0)"
204.48.19.85 - - [30/Jun/2021:03:28:40 -0400] "POST /wp-cron.php?doing_wp_cron=1625038120.3478889465332031250000 HTTP/1.1" 200 5463 "https://ajhydell.com/wp-cron.php?doing_wp_cron=1625038120.3478889465332031250000" "WordPress/5.7.2; https://ajhydell.com"
106.38.241.127 - - [30/Jun/2021:03:28:40 -0400] "GET / HTTP/1.1" 200 18943 "-" "Sogou web spider/4.0(+http://www.sogou.com/docs/help/webmasters.htm#07)"
204.48.19.85 - - [30/Jun/2021:03:29:14 -0400] "POST /wp-cron.php?doing_wp_cron=1625038154.6345279216766357421875 HTTP/1.1" 200 5463 "https://ajhydell.com/wp-cron.php?doing_wp_cron=1625038154.6345279216766357421875" "WordPress/5.7.2; https://ajhydell.com"
54.36.149.94 - - [30/Jun/2021:03:29:14 -0400] "GET /2020/08/28/a-man-looks-at-murdered-civilians-during-the-battle-of-manila-in-the-philippines-in-1945-the-1-month-battle-to-retake-the-city-from-japanese-occupation-proved-costly-for-the-populace-as-the-japanese/ HTTP/1.1" 200 18449 "-" "Mozilla/5.0 (compatible; AhrefsBot/7.0; +http://ahrefs.com/robot/)"
204.48.19.85 - - [30/Jun/2021:03:30:36 -0400] "POST /wp-cron.php?doing_wp_cron=1625038236.3190810680389404296875 HTTP/1.1" 200 5463 "https://ajhydell.com/wp-cron.php?doing_wp_cron=1625038236.3190810680389404296875" "WordPress/5.7.2; https://ajhydell.com"
157.55.39.134 - - [30/Jun/2021:03:30:36 -0400] "GET /2019/08/04/ HTTP/1.1" 200 17065 "-" "Mozilla/5.0 (compatible; bingbot/2.0; +http://www.bing.com/bingbot.htm)"
204.48.19.85 - - [30/Jun/2021:03:31:31 -0400] "POST /wp-cron.php?doing_wp_cron=1625038291.4245231151580810546875 HTTP/1.1" 200 5463 "https://ajhydell.com/wp-cron.php?doing_wp_cron=1625038291.4245231151580810546875" "WordPress/5.7.2; https://ajhydell.com"
185.191.171.12 - - [30/Jun/2021:03:31:31 -0400] "GET /2019/09/21/ HTTP/1.1" 200 17340 "-" "Mozilla/5.0 (compatible; SemrushBot/7~bl; +http://www.semrush.com/bot.html)"
204.48.19.85 - - [30/Jun/2021:03:32:33 -0400] "POST /wp-cron.php?doing_wp_cron=1625038353.0097050666809082031250 HTTP/1.1" 200 5463 "https://ajhydell.com/wp-cron.php?doing_wp_cron=1625038353.0097050666809082031250" "WordPress/5.7.2; https://ajhydell.com"
157.55.39.136 - - [30/Jun/2021:03:32:32 -0400] "GET /2020/06/11/my-home-town-visby-on-the-swedish-island-of-gotland-c-1890/ HTTP/1.1" 200 17670 "-" "Mozilla/5.0 (compatible; bingbot/2.0; +http://www.bing.com/bingbot.htm)"
106.38.241.125 - - [30/Jun/2021:03:33:24 -0400] "-" 408 4730 "-" "-"
204.48.19.85 - - [30/Jun/2021:03:33:42 -0400] "POST /wp-cron.php?doing_wp_cron=1625038422.2719879150390625000000 HTTP/1.1" 200 5463 "https://ajhydell.com/wp-cron.php?doing_wp_cron=1625038422.2719879150390625000000" "WordPress/5.7.2; https://ajhydell.com"
34.86.35.2 - - [30/Jun/2021:03:33:42 -0400] "GET / HTTP/1.1" 200 100723 "-" "Expanse, a Palo Alto Networks company, searches across the global IPv4 space multiple times per day to identify customers&#39; presences on the Internet. If you would like to be excluded from our scans, please send IP addresses/domains to: scaninfo@paloaltonetworks.com"
204.48.19.85 - - [30/Jun/2021:03:34:54 -0400] "POST /wp-cron.php?doing_wp_cron=1625038494.7451059818267822265625 HTTP/1.1" 200 5463 "https://ajhydell.com/wp-cron.php?doing_wp_cron=1625038494.7451059818267822265625" "WordPress/5.7.2; https://ajhydell.com"
49.7.20.67 - - [30/Jun/2021:03:34:54 -0400] "GET / HTTP/1.1" 200 18945 "-" "Sogou web spider/4.0(+http://www.sogou.com/docs/help/webmasters.htm#07)"
65.21.145.128 - - [30/Jun/2021:03:35:29 -0400] "GET /wp-login.php HTTP/1.1" 200 7773 "-" "Mozilla/5.0 (X11; Ubuntu; Linux x86_64; rv:62.0) Gecko/20100101 Firefox/62.0"
65.21.145.128 - - [30/Jun/2021:03:35:30 -0400] "POST /wp-login.php HTTP/1.1" 200 7864 "-" "Mozilla/5.0 (X11; Ubuntu; Linux x86_64; rv:62.0) Gecko/20100101 Firefox/62.0"
65.21.145.128 - - [30/Jun/2021:03:35:30 -0400] "POST /xmlrpc.php HTTP/1.1" 200 5020 "-" "Mozilla/5.0 (X11; Ubuntu; Linux x86_64; rv:62.0) Gecko/20100101 Firefox/62.0"
204.48.19.85 - - [30/Jun/2021:03:36:31 -0400] "POST /wp-cron.php?doing_wp_cron=1625038591.4404249191284179687500 HTTP/1.1" 200 5463 "https://ajhydell.com/wp-cron.php?doing_wp_cron=1625038591.4404249191284179687500" "WordPress/5.7.2; https://ajhydell.com"
54.36.149.36 - - [30/Jun/2021:03:36:31 -0400] "GET /2018/08/18/ottoman-officials-surrender-the-city-of-jerusalem-to-the-british-1917-2995x3913/ HTTP/1.1" 200 18157 "-" "Mozilla/5.0 (compatible; AhrefsBot/7.0; +http://ahrefs.com/robot/)"
54.234.84.181 - - [30/Jun/2021:03:36:32 -0400] "HEAD / HTTP/1.1" 200 4883 "-" "scalaj-http/2.4.2"
54.234.84.181 - - [30/Jun/2021:03:36:32 -0400] "GET / HTTP/1.1" 200 18859 "-" "Buck/2.2; (+https://app.hypefactors.com/media-monitoring/about.html)"
54.234.84.181 - - [30/Jun/2021:03:36:33 -0400] "GET /robots.txt HTTP/1.1" 200 5069 "-" "Buck/2.2; (+https://app.hypefactors.com/media-monitoring/about.html)"
173.252.111.15 - - [30/Jun/2021:03:36:40 -0400] "GET /wp-content/uploads/2021/03/picture-51.jpg HTTP/1.1" 200 2423617 "-" "facebookexternalhit/1.1 (+http://www.facebook.com/externalhit_uatext.php)"
204.48.19.85 - - [30/Jun/2021:03:36:59 -0400] "POST /wp-cron.php?doing_wp_cron=1625038619.2461690902709960937500 HTTP/1.1" 200 5463 "https://ajhydell.com/wp-cron.php?doing_wp_cron=1625038619.2461690902709960937500" "WordPress/5.7.2; https://ajhydell.com"
66.249.70.78 - - [30/Jun/2021:03:36:59 -0400] "GET /robots.txt HTTP/1.1" 301 5569 "-" "Mozilla/5.0 (compatible; Googlebot/2.1; +http://www.google.com/bot.html)"
66.249.70.76 - - [30/Jun/2021:03:36:59 -0400] "GET / HTTP/1.1" 301 5559 "-" "Mozilla/5.0 (compatible; Googlebot/2.1; +http://www.google.com/bot.html)"
66.249.70.112 - - [30/Jun/2021:03:37:00 -0400] "GET / HTTP/1.1" 200 19385 "-" "Mozilla/5.0 (compatible; Googlebot/2.1; +http://www.google.com/bot.html)"
54.234.84.181 - - [30/Jun/2021:03:37:16 -0400] "GET /feed/ HTTP/1.1" 200 7138 "-" "Buck/2.2; (+https://app.hypefactors.com/media-monitoring/about.html)"
54.234.84.181 - - [30/Jun/2021:03:37:16 -0400] "GET /sitemap_index.xml HTTP/1.1" 200 5382 "-" "Buck/2.2; (+https://app.hypefactors.com/media-monitoring/about.html)"
54.234.84.181 - - [30/Jun/2021:03:37:16 -0400] "GET /sitemap.xml HTTP/1.1" 200 5745 "-" "Buck/2.2; (+https://app.hypefactors.com/media-monitoring/about.html)"
54.234.84.181 - - [30/Jun/2021:03:37:17 -0400] "GET /sitemap-pt-post-2021-06.xml HTTP/1.1" 200 12572 "-" "Buck/2.2; (+https://app.hypefactors.com/media-monitoring/about.html)"
204.48.19.85 - - [30/Jun/2021:03:38:33 -0400] "POST /wp-cron.php?doing_wp_cron=1625038713.0090029239654541015625 HTTP/1.1" 200 5463 "https://ajhydell.com/wp-cron.php?doing_wp_cron=1625038713.0090029239654541015625" "WordPress/5.7.2; https://ajhydell.com"
5.45.207.81 - - [30/Jun/2021:03:38:32 -0400] "GET /robots.txt HTTP/1.1" 200 5703 "-" "Mozilla/5.0 (compatible; YandexBot/3.0; +http://yandex.com/bots)"
5.45.207.81 - - [30/Jun/2021:03:38:36 -0400] "GET /2021/02/13/have-just-two-children-and-raise-them-well-dont-discriminate-daughters-and-sons-south-korea-1974/ HTTP/1.1" 200 12969 "-" "Mozilla/5.0 (compatible; YandexBot/3.0; +http://yandex.com/bots)"
185.191.171.39 - - [30/Jun/2021:03:38:36 -0400] "GET /2018/11/19/the-tamale-mexican-restaurant-in-los-angeles-late-1920s-1013x784/ HTTP/1.1" 200 18068 "-" "Mozilla/5.0 (compatible; SemrushBot/7~bl; +http://www.semrush.com/bot.html)"
204.48.19.85 - - [30/Jun/2021:03:39:10 -0400] "POST /wp-cron.php?doing_wp_cron=1625038750.4550778865814208984375 HTTP/1.1" 200 5463 "https://ajhydell.com/wp-cron.php?doing_wp_cron=1625038750.4550778865814208984375" "WordPress/5.7.2; https://ajhydell.com"
106.38.241.127 - - [30/Jun/2021:03:39:10 -0400] "GET / HTTP/1.1" 200 18944 "-" "Sogou web spider/4.0(+http://www.sogou.com/docs/help/webmasters.htm#07)"
157.55.39.22 - - [30/Jun/2021:03:39:34 -0400] "GET /2021/04/29/a-ukrainian-american-family-celebrates-the-death-of-stalin-1953-600x820/ HTTP/1.1" 200 17757 "-" "Mozilla/5.0 (compatible; bingbot/2.0; +http://www.bing.com/bingbot.htm)"
106.12.173.243 - - [30/Jun/2021:03:39:39 -0400] "GET /wp-login.php HTTP/1.1" 200 7773 "-" "Mozilla/5.0 (X11; Ubuntu; Linux x86_64; rv:62.0) Gecko/20100101 Firefox/62.0"
106.12.173.243 - - [30/Jun/2021:03:39:42 -0400] "POST /wp-login.php HTTP/1.1" 200 7863 "-" "Mozilla/5.0 (X11; Ubuntu; Linux x86_64; rv:62.0) Gecko/20100101 Firefox/62.0"
204.48.19.85 - - [30/Jun/2021:03:39:47 -0400] "POST /wp-cron.php?doing_wp_cron=1625038787.5826098918914794921875 HTTP/1.1" 200 5463 "https://ajhydell.com/wp-cron.php?doing_wp_cron=1625038787.5826098918914794921875" "WordPress/5.7.2; https://ajhydell.com"
106.12.173.243 - - [30/Jun/2021:03:39:47 -0400] "POST /xmlrpc.php HTTP/1.1" 200 5020 "-" "Mozilla/5.0 (X11; Ubuntu; Linux x86_64; rv:62.0) Gecko/20100101 Firefox/62.0"
207.46.13.120 - - [30/Jun/2021:03:40:03 -0400] "GET /wp-content/uploads/2018/12/picture-49.jpg HTTP/1.1" 200 305419 "-" "Mozilla/5.0 (compatible; bingbot/2.0; +http://www.bing.com/bingbot.htm)"
204.48.19.85 - - [30/Jun/2021:03:41:24 -0400] "POST /wp-cron.php?doing_wp_cron=1625038884.0234909057617187500000 HTTP/1.1" 200 5463 "https://ajhydell.com/wp-cron.php?doing_wp_cron=1625038884.0234909057617187500000" "WordPress/5.7.2; https://ajhydell.com"
5.45.207.81 - - [30/Jun/2021:03:41:23 -0400] "GET /2019/05/16/finnish-sentry-in-the-lopoinniemi-cape-area-lake-ladoga-on-the-16th-of-august-1944-sa-kuva/ HTTP/1.1" 200 18150 "-" "Mozilla/5.0 (compatible; YandexBot/3.0; +http://yandex.com/bots)"
204.48.19.85 - - [30/Jun/2021:03:43:34 -0400] "POST /wp-cron.php?doing_wp_cron=1625039014.9757590293884277343750 HTTP/1.1" 200 5463 "https://ajhydell.com/wp-cron.php?doing_wp_cron=1625039014.9757590293884277343750" "WordPress/5.7.2; https://ajhydell.com"
54.36.148.80 - - [30/Jun/2021:03:43:34 -0400] "GET /2019/11/27/american-president-dwight-d-eisenhower-embraces-spanish-dictator-general-francisco-franco-on-the-end-of-his-official-visist-to-the-country-which-would-mark-the-normalization-of-the-us-spain-relation/ HTTP/1.1" 200 18301 "-" "Mozilla/5.0 (compatible; AhrefsBot/7.0; +http://ahrefs.com/robot/)"
204.48.19.85 - - [30/Jun/2021:03:44:22 -0400] "POST /wp-cron.php?doing_wp_cron=1625039062.7504251003265380859375 HTTP/1.1" 200 5463 "https://ajhydell.com/wp-cron.php?doing_wp_cron=1625039062.7504251003265380859375" "WordPress/5.7.2; https://ajhydell.com"
207.46.13.120 - - [30/Jun/2021:03:44:22 -0400] "GET /2021/01/07/united-for-victory-united-states-circa-1943-poster-by-office-of-war-information/ HTTP/1.1" 200 17820 "-" "Mozilla/5.0 (compatible; bingbot/2.0; +http://www.bing.com/bingbot.htm)"
204.48.19.85 - - [30/Jun/2021:03:44:49 -0400] "POST /wp-cron.php?doing_wp_cron=1625039089.5028250217437744140625 HTTP/1.1" 200 5463 "https://ajhydell.com/wp-cron.php?doing_wp_cron=1625039089.5028250217437744140625" "WordPress/5.7.2; https://ajhydell.com"
52.49.179.188 - - [30/Jun/2021:03:44:49 -0400] "GET /feed/ HTTP/1.1" 200 7381 "-" "Krzana bot"
207.46.13.22 - - [30/Jun/2021:03:45:14 -0400] "GET / HTTP/1.1" 200 18982 "-" "Mozilla/5.0 (compatible; bingbot/2.0; +http://www.bing.com/bingbot.htm)"
204.48.19.85 - - [30/Jun/2021:03:45:48 -0400] "POST /wp-cron.php?doing_wp_cron=1625039148.6623361110687255859375 HTTP/1.1" 200 5463 "https://ajhydell.com/wp-cron.php?doing_wp_cron=1625039148.6623361110687255859375" "WordPress/5.7.2; https://ajhydell.com"
13.126.244.92 - - [30/Jun/2021:03:45:48 -0400] "POST /wp-login.php HTTP/1.1" 200 7901 "-" "Mozilla/5.0 (X11; Ubuntu; Linux x86_64; rv:62.0) Gecko/20100101 Firefox/62.0"
13.126.244.92 - - [30/Jun/2021:03:46:12 -0400] "POST /xmlrpc.php HTTP/1.1" 200 5020 "-" "Mozilla/5.0 (X11; Ubuntu; Linux x86_64; rv:62.0) Gecko/20100101 Firefox/62.0"
204.48.19.85 - - [30/Jun/2021:03:47:50 -0400] "POST /wp-cron.php?doing_wp_cron=1625039270.4416959285736083984375 HTTP/1.1" 200 5463 "https://ajhydell.com/wp-cron.php?doing_wp_cron=1625039270.4416959285736083984375" "WordPress/5.7.2; https://ajhydell.com"
40.77.167.20 - - [30/Jun/2021:03:47:50 -0400] "GET /2020/09/13/lawrence-brooks-the-oldest-wwii-veteran-turned-111-today/ HTTP/1.1" 200 17754 "-" "Mozilla/5.0 (compatible; bingbot/2.0; +http://www.bing.com/bingbot.htm)"
185.191.171.38 - - [30/Jun/2021:03:48:08 -0400] "GET /2020/05/09/ HTTP/1.1" 200 17399 "-" "Mozilla/5.0 (compatible; SemrushBot/7~bl; +http://www.semrush.com/bot.html)"
207.46.13.96 - - [30/Jun/2021:03:48:40 -0400] "GET /2020/08/04/two-young-girls-help-assemble-soviet-submachine-guns-during-the-siege-of-leningrad/ HTTP/1.1" 200 17688 "-" "Mozilla/5.0 (compatible; bingbot/2.0; +http://www.bing.com/bingbot.htm)"
204.48.19.85 - - [30/Jun/2021:03:49:27 -0400] "POST /wp-cron.php?doing_wp_cron=1625039367.6131908893585205078125 HTTP/1.1" 200 5463 "https://ajhydell.com/wp-cron.php?doing_wp_cron=1625039367.6131908893585205078125" "WordPress/5.7.2; https://ajhydell.com"
185.191.171.23 - - [30/Jun/2021:03:49:27 -0400] "GET /2020/06/18/workers-paradise-anti-soviet-poster-made-by-germans-in-occupied-poland-1943/ HTTP/1.1" 200 18041 "-" "Mozilla/5.0 (compatible; SemrushBot/7~bl; +http://www.semrush.com/bot.html)"
204.48.19.85 - - [30/Jun/2021:03:50:08 -0400] "POST /wp-cron.php?doing_wp_cron=1625039408.1975309848785400390625 HTTP/1.1" 200 5463 "https://ajhydell.com/wp-cron.php?doing_wp_cron=1625039408.1975309848785400390625" "WordPress/5.7.2; https://ajhydell.com"
66.249.70.114 - - [30/Jun/2021:03:50:08 -0400] "GET /2020/11/30/an-accused-german-collaborator-is-executed-by-a-french-firing-squad-in-rennes-november-21-1944/ HTTP/1.1" 200 18095 "-" "Mozilla/5.0 (compatible; Googlebot/2.1; +http://www.google.com/bot.html)"
185.191.171.7 - - [30/Jun/2021:03:50:27 -0400] "GET /robots.txt HTTP/1.1" 200 5648 "-" "Mozilla/5.0 (compatible; SemrushBot/7~bl; +http://www.semrush.com/bot.html)"
185.191.171.35 - - [30/Jun/2021:03:50:27 -0400] "GET /2019/02/08/ HTTP/1.1" 200 17591 "-" "Mozilla/5.0 (compatible; SemrushBot/7~bl; +http://www.semrush.com/bot.html)"
54.36.149.36 - - [30/Jun/2021:03:50:36 -0400] "GET /2020/08/21/japanese-aviator-1914-1600x1107/ HTTP/1.1" 200 17846 "-" "Mozilla/5.0 (compatible; AhrefsBot/7.0; +http://ahrefs.com/robot/)"
66.249.70.114 - - [30/Jun/2021:03:52:13 -0400] "GET /wp-content/uploads/2021/06/picture-113.jpg HTTP/1.1" 200 152120 "-" "Googlebot-Image/1.0"
204.48.19.85 - - [30/Jun/2021:03:53:40 -0400] "POST /wp-cron.php?doing_wp_cron=1625039620.6797709465026855468750 HTTP/1.1" 200 5463 "https://ajhydell.com/wp-cron.php?doing_wp_cron=1625039620.6797709465026855468750" "WordPress/5.7.2; https://ajhydell.com"
77.75.76.169 - - [30/Jun/2021:03:53:40 -0400] "GET /robots.txt HTTP/1.1" 200 5685 "-" "Mozilla/5.0 (compatible; SeznamBot/3.2; +http://napoveda.seznam.cz/en/seznambot-intro/)"
77.75.76.169 - - [30/Jun/2021:03:53:43 -0400] "GET /wp-content/uploads/2021/06/picture-27.jpg HTTP/1.1" 200 276720 "-" "Mozilla/5.0 (compatible; SeznamBot/3.2; +http://napoveda.seznam.cz/en/seznambot-intro/)"
207.46.13.120 - - [30/Jun/2021:03:54:45 -0400] "GET /wp-content/uploads/2020/10/picture-133-726x1024.jpg HTTP/1.1" 200 112795 "-" "Mozilla/5.0 (compatible; bingbot/2.0; +http://www.bing.com/bingbot.htm)"
204.48.19.85 - - [30/Jun/2021:03:55:06 -0400] "POST /wp-cron.php?doing_wp_cron=1625039706.6340229511260986328125 HTTP/1.1" 200 5463 "https://ajhydell.com/wp-cron.php?doing_wp_cron=1625039706.6340229511260986328125" "WordPress/5.7.2; https://ajhydell.com"
207.46.13.120 - - [30/Jun/2021:03:55:06 -0400] "GET /2020/05/29/kitty-genovese-whose-murder-in-1964-led-to-research-into-the-bystander-effect/ HTTP/1.1" 200 17849 "-" "Mozilla/5.0 (compatible; bingbot/2.0; +http://www.bing.com/bingbot.htm)"
207.46.13.120 - - [30/Jun/2021:03:55:07 -0400] "GET /2019/06/26/propaganda-painting-vlad-the-impaler-as-pontius-pilate-judging-jesus-christ-ljubljana-1463/ HTTP/1.1" 200 17758 "-" "Mozilla/5.0 (compatible; bingbot/2.0; +http://www.bing.com/bingbot.htm)"
204.48.19.85 - - [30/Jun/2021:03:57:22 -0400] "POST /wp-cron.php?doing_wp_cron=1625039842.0814919471740722656250 HTTP/1.1" 200 5463 "https://ajhydell.com/wp-cron.php?doing_wp_cron=1625039842.0814919471740722656250" "WordPress/5.7.2; https://ajhydell.com"
54.36.148.115 - - [30/Jun/2021:03:57:21 -0400] "GET /page/7/ HTTP/1.1" 200 19866 "-" "Mozilla/5.0 (compatible; AhrefsBot/7.0; +http://ahrefs.com/robot/)"
204.48.19.85 - - [30/Jun/2021:03:58:40 -0400] "POST /wp-cron.php?doing_wp_cron=1625039920.8751709461212158203125 HTTP/1.1" 200 5463 "https://ajhydell.com/wp-cron.php?doing_wp_cron=1625039920.8751709461212158203125" "WordPress/5.7.2; https://ajhydell.com"
142.93.105.158 - - [30/Jun/2021:03:58:40 -0400] "POST /wp-login.php HTTP/1.1" 200 8030 "-" "Mozilla/5.0 (Windows NT 6.1) AppleWebKit/537.36 (KHTML, like Gecko) Chrome/70.0.3538.77 Safari/537.36"
204.48.19.85 - - [30/Jun/2021:03:59:29 -0400] "POST /wp-cron.php?doing_wp_cron=1625039969.4938430786132812500000 HTTP/1.1" 200 5463 "https://ajhydell.com/wp-cron.php?doing_wp_cron=1625039969.4938430786132812500000" "WordPress/5.7.2; https://ajhydell.com"
106.38.241.127 - - [30/Jun/2021:03:59:29 -0400] "GET / HTTP/1.1" 200 18944 "-" "Sogou web spider/4.0(+http://www.sogou.com/docs/help/webmasters.htm#07)"
204.48.19.85 - - [30/Jun/2021:04:01:58 -0400] "POST /wp-cron.php?doing_wp_cron=1625040118.5152790546417236328125 HTTP/1.1" 200 232 "http://ajhydell.com/wp-cron.php?doing_wp_cron=1625040118.5152790546417236328125" "WordPress/5.7.2; https://ajhydell.com"
216.244.66.250 - - [30/Jun/2021:04:01:58 -0400] "GET /robots.txt HTTP/1.1" 301 297 "-" "Mozilla/5.0 (compatible; DotBot/1.2; +https://opensiteexplorer.org/dotbot; help@moz.com)"
216.244.66.250 - - [30/Jun/2021:04:01:59 -0400] "GET /robots.txt HTTP/1.1" 200 5027 "-" "Mozilla/5.0 (compatible; DotBot/1.2; +https://opensiteexplorer.org/dotbot; help@moz.com)"
207.46.13.151 - - [30/Jun/2021:04:02:08 -0400] "GET /wp-content/uploads/2019/09/picture-35.jpg HTTP/1.1" 200 43925 "-" "Mozilla/5.0 (compatible; bingbot/2.0; +http://www.bing.com/bingbot.htm)"
204.48.19.85 - - [30/Jun/2021:04:03:03 -0400] "POST /wp-cron.php?doing_wp_cron=1625040183.9893109798431396484375 HTTP/1.1" 200 5463 "https://ajhydell.com/wp-cron.php?doing_wp_cron=1625040183.9893109798431396484375" "WordPress/5.7.2; https://ajhydell.com"
185.191.171.36 - - [30/Jun/2021:04:03:03 -0400] "GET /2020/09/14/united-states-president-abraham-lincoln-november-1863/ HTTP/1.1" 200 17978 "-" "Mozilla/5.0 (compatible; SemrushBot/7~bl; +http://www.semrush.com/bot.html)"
40.77.167.20 - - [30/Jun/2021:04:03:07 -0400] "GET /wp-content/uploads/2020/08/picture-71-scaled.jpg HTTP/1.1" 200 459969 "-" "Mozilla/5.0 (compatible; bingbot/2.0; +http://www.bing.com/bingbot.htm)"
54.74.130.86 - - [30/Jun/2021:04:03:24 -0400] "GET /category/entertainment/feed/ HTTP/1.1" 200 6159 "-" "Krzana bot"
204.48.19.85 - - [30/Jun/2021:04:04:06 -0400] "POST /wp-cron.php?doing_wp_cron=1625040246.7192590236663818359375 HTTP/1.1" 200 5463 "https://ajhydell.com/wp-cron.php?doing_wp_cron=1625040246.7192590236663818359375" "WordPress/5.7.2; https://ajhydell.com"
54.36.148.156 - - [30/Jun/2021:04:04:06 -0400] "GET /2020/08/28/pearl-harbor-burning-in-the-background-with-flack-bursting-in-the-air-the-thick-mass-of-smoke-in-the-center-is-the-burning-oil-from-the-uss-arizona/ HTTP/1.1" 200 18301 "-" "Mozilla/5.0 (compatible; AhrefsBot/7.0; +http://ahrefs.com/robot/)"
185.191.171.44 - - [30/Jun/2021:04:04:18 -0400] "GET /2019/02/01/ HTTP/1.1" 200 17533 "-" "Mozilla/5.0 (compatible; SemrushBot/7~bl; +http://www.semrush.com/bot.html)"
157.55.39.136 - - [30/Jun/2021:04:06:05 -0400] "GET /wp-content/uploads/2019/06/picture-74-762x1024.jpg HTTP/1.1" 200 135828 "-" "Mozilla/5.0 (compatible; bingbot/2.0; +http://www.bing.com/bingbot.htm)"
207.46.13.22 - - [30/Jun/2021:04:07:53 -0400] "GET /wp-content/uploads/2018/12/picture-78.jpg HTTP/1.1" 200 328455 "-" "Mozilla/5.0 (compatible; bingbot/2.0; +http://www.bing.com/bingbot.htm)"
207.46.13.22 - - [30/Jun/2021:04:08:33 -0400] "GET /wp-content/uploads/2020/04/picture-65.jpg HTTP/1.1" 200 80627 "-" "Mozilla/5.0 (compatible; bingbot/2.0; +http://www.bing.com/bingbot.htm)"
204.48.19.85 - - [30/Jun/2021:04:09:27 -0400] "POST /wp-cron.php?doing_wp_cron=1625040567.6121718883514404296875 HTTP/1.1" 200 5463 "https://ajhydell.com/wp-cron.php?doing_wp_cron=1625040567.6121718883514404296875" "WordPress/5.7.2; https://ajhydell.com"
66.249.70.110 - - [30/Jun/2021:04:09:27 -0400] "GET /post-sitemap13.xml HTTP/1.1" 200 15189 "-" "Mozilla/5.0 (compatible; Googlebot/2.1; +http://www.google.com/bot.html)"
204.48.19.85 - - [30/Jun/2021:04:10:00 -0400] "POST /wp-cron.php?doing_wp_cron=1625040600.2300519943237304687500 HTTP/1.1" 200 5463 "https://ajhydell.com/wp-cron.php?doing_wp_cron=1625040600.2300519943237304687500" "WordPress/5.7.2; https://ajhydell.com"
185.191.171.1 - - [30/Jun/2021:04:10:00 -0400] "GET /2019/03/09/ HTTP/1.1" 200 17456 "-" "Mozilla/5.0 (compatible; SemrushBot/7~bl; +http://www.semrush.com/bot.html)"
204.48.19.85 - - [30/Jun/2021:04:10:50 -0400] "POST /wp-cron.php?doing_wp_cron=1625040650.2596569061279296875000 HTTP/1.1" 200 5463 "https://ajhydell.com/wp-cron.php?doing_wp_cron=1625040650.2596569061279296875000" "WordPress/5.7.2; https://ajhydell.com"
216.244.66.250 - - [30/Jun/2021:04:10:50 -0400] "GET /2019/04/07/anne-frank-1936/ HTTP/1.1" 200 65476 "-" "Mozilla/5.0 (compatible; DotBot/1.2; +https://opensiteexplorer.org/dotbot; help@moz.com)"
95.163.255.162 - - [30/Jun/2021:04:11:02 -0400] "GET /robots.txt HTTP/1.0" 200 5241 "-" "Mozilla/5.0 (compatible; Linux x86_64; Mail.RU_Bot/2.0; +http://go.mail.ru/help/robots)"
95.163.255.187 - - [30/Jun/2021:04:11:03 -0400] "GET /2020/02/26/a-belgian-girl-kisses-an-american-anti-aircraft-gunner-after-the-liberation-of-liege-belgium-1944/ HTTP/1.1" 200 17539 "-" "Mozilla/5.0 (compatible; Linux x86_64; Mail.RU_Bot/2.0; +http://go.mail.ru/help/robots)"
54.36.148.41 - - [30/Jun/2021:04:11:37 -0400] "GET /2019/06/03/finnish-soldiers-during-the-continuation-war-with-the-ussr-june-16-1944/ HTTP/1.1" 200 17899 "-" "Mozilla/5.0 (compatible; AhrefsBot/7.0; +http://ahrefs.com/robot/)"
204.48.19.85 - - [30/Jun/2021:04:11:49 -0400] "POST /wp-cron.php?doing_wp_cron=1625040709.6739630699157714843750 HTTP/1.1" 200 5463 "https://ajhydell.com/wp-cron.php?doing_wp_cron=1625040709.6739630699157714843750" "WordPress/5.7.2; https://ajhydell.com"
216.244.66.250 - - [30/Jun/2021:04:11:49 -0400] "GET /2020/06/11/uk-1912-woman-suffrage-poster/ HTTP/1.1" 200 65808 "-" "Mozilla/5.0 (compatible; DotBot/1.2; +https://opensiteexplorer.org/dotbot; help@moz.com)"
207.46.13.80 - - [30/Jun/2021:04:12:43 -0400] "GET /wp-content/uploads/2018/11/picture-38.jpg HTTP/1.1" 200 144226 "-" "Mozilla/5.0 (compatible; bingbot/2.0; +http://www.bing.com/bingbot.htm)"
88.99.218.140 - - [30/Jun/2021:04:12:44 -0400] "GET /wp-login.php HTTP/1.1" 200 7774 "-" "Mozilla/5.0 (X11; Ubuntu; Linux x86_64; rv:62.0) Gecko/20100101 Firefox/62.0"
204.48.19.85 - - [30/Jun/2021:04:12:45 -0400] "POST /wp-cron.php?doing_wp_cron=1625040765.2345249652862548828125 HTTP/1.1" 200 5463 "https://ajhydell.com/wp-cron.php?doing_wp_cron=1625040765.2345249652862548828125" "WordPress/5.7.2; https://ajhydell.com"
88.99.218.140 - - [30/Jun/2021:04:12:45 -0400] "POST /wp-login.php HTTP/1.1" 200 7864 "-" "Mozilla/5.0 (X11; Ubuntu; Linux x86_64; rv:62.0) Gecko/20100101 Firefox/62.0"
88.99.218.140 - - [30/Jun/2021:04:12:45 -0400] "POST /xmlrpc.php HTTP/1.1" 200 5020 "-" "Mozilla/5.0 (X11; Ubuntu; Linux x86_64; rv:62.0) Gecko/20100101 Firefox/62.0"
216.244.66.250 - - [30/Jun/2021:04:12:51 -0400] "GET /2019/02/22/metal-workers-casting-iron-during-the-siege-of-leningrad-january-1942-600x401/ HTTP/1.1" 200 66833 "-" "Mozilla/5.0 (compatible; DotBot/1.2; +https://opensiteexplorer.org/dotbot; help@moz.com)"
204.48.19.85 - - [30/Jun/2021:04:14:47 -0400] "POST /wp-cron.php?doing_wp_cron=1625040887.0475258827209472656250 HTTP/1.1" 200 5463 "https://ajhydell.com/wp-cron.php?doing_wp_cron=1625040887.0475258827209472656250" "WordPress/5.7.2; https://ajhydell.com"
40.122.116.231 - - [30/Jun/2021:04:14:46 -0400] "GET /wp-login.php HTTP/1.1" 200 7773 "-" "Mozilla/5.0 (X11; Ubuntu; Linux x86_64; rv:62.0) Gecko/20100101 Firefox/62.0"
204.48.19.85 - - [30/Jun/2021:04:15:42 -0400] "POST /wp-cron.php?doing_wp_cron=1625040942.8575859069824218750000 HTTP/1.1" 200 5463 "https://ajhydell.com/wp-cron.php?doing_wp_cron=1625040942.8575859069824218750000" "WordPress/5.7.2; https://ajhydell.com"
117.27.5.158 - - [30/Jun/2021:04:15:42 -0400] "GET / HTTP/1.1" 200 100899 "https://ajhydell.com/" "Mozilla/5.0 (Windows NT 10.0; Win64; x64) AppleWebKit/537.36 (KHTML, like Gecko) Chrome/80.0.3987.149 Safari/537.36"
204.48.19.85 - - [30/Jun/2021:04:15:53 -0400] "POST /wp-cron.php?doing_wp_cron=1625040953.5407660007476806640625 HTTP/1.1" 200 5463 "https://ajhydell.com/wp-cron.php?doing_wp_cron=1625040953.5407660007476806640625" "WordPress/5.7.2; https://ajhydell.com"
157.55.39.134 - - [30/Jun/2021:04:15:53 -0400] "GET /2021/06/23/luftwaffe-aces-and-other-knights-cross-recipients-chat-with-hitler-after-a-decoration-ceremony-at-berghof-april-4-1944-notable-pilots-are-gerhard-barkhorn-erich-hartmann-and-walter-krupinski-all HTTP/1.1" 301 5355 "-" "Mozilla/5.0 (compatible; bingbot/2.0; +http://www.bing.com/bingbot.htm)"
157.55.39.134 - - [30/Jun/2021:04:15:54 -0400] "GET /2021/06/23/luftwaffe-aces-and-other-knights-cross-recipients-chat-with-hitler-after-a-decoration-ceremony-at-berghof-april-4-1944-notable-pilots-are-gerhard-barkhorn-erich-hartmann-and-walter-krupinski-all/ HTTP/1.1" 200 18189 "-" "Mozilla/5.0 (compatible; bingbot/2.0; +http://www.bing.com/bingbot.htm)"
66.249.70.110 - - [30/Jun/2021:04:16:03 -0400] "GET /wp-content/uploads/2018/08/logo.jpg HTTP/1.1" 304 5440 "-" "Googlebot-Image/1.0"
66.249.70.110 - - [30/Jun/2021:04:16:04 -0400] "GET /wp-content/uploads/2021/05/picture-6.jpg HTTP/1.1" 200 86910 "-" "Googlebot-Image/1.0"
207.46.13.96 - - [30/Jun/2021:04:16:42 -0400] "GET /wp-content/uploads/2020/07/picture-58-217x300.jpg HTTP/1.1" 200 19862 "-" "Mozilla/5.0 (compatible; bingbot/2.0; +http://www.bing.com/bingbot.htm)"
204.48.19.85 - - [30/Jun/2021:04:16:50 -0400] "POST /wp-cron.php?doing_wp_cron=1625041010.6006031036376953125000 HTTP/1.1" 200 5463 "https://ajhydell.com/wp-cron.php?doing_wp_cron=1625041010.6006031036376953125000" "WordPress/5.7.2; https://ajhydell.com"
66.249.70.80 - - [30/Jun/2021:04:16:50 -0400] "GET / HTTP/1.1" 301 5559 "-" "Mozilla/5.0 (Linux; Android 6.0.1; Nexus 5X Build/MMB29P) AppleWebKit/537.36 (KHTML, like Gecko) Chrome/91.0.4472.90 Mobile Safari/537.36 (compatible; Googlebot/2.1; +http://www.google.com/bot.html)"
51.210.240.92 - - [30/Jun/2021:04:17:23 -0400] "GET /wp-login.php HTTP/1.1" 200 7773 "-" "Mozilla/5.0 (X11; Ubuntu; Linux x86_64; rv:62.0) Gecko/20100101 Firefox/62.0"
51.210.240.92 - - [30/Jun/2021:04:17:24 -0400] "POST /wp-login.php HTTP/1.1" 200 7863 "-" "Mozilla/5.0 (X11; Ubuntu; Linux x86_64; rv:62.0) Gecko/20100101 Firefox/62.0"
51.210.240.92 - - [30/Jun/2021:04:17:24 -0400] "POST /xmlrpc.php HTTP/1.1" 503 23196 "-" "Mozilla/5.0 (X11; Ubuntu; Linux x86_64; rv:62.0) Gecko/20100101 Firefox/62.0"
54.36.149.36 - - [30/Jun/2021:04:17:33 -0400] "GET /2020/08/29/carol-thinks-long-hair-is-groovy-digs-now-sounds-wears-bell-bottoms-and-has-syphillis-psa-1972/ HTTP/1.1" 200 18236 "-" "Mozilla/5.0 (compatible; AhrefsBot/7.0; +http://ahrefs.com/robot/)"
204.48.19.85 - - [30/Jun/2021:04:19:11 -0400] "POST /wp-cron.php?doing_wp_cron=1625041151.5888309478759765625000 HTTP/1.1" 200 5463 "https://ajhydell.com/wp-cron.php?doing_wp_cron=1625041151.5888309478759765625000" "WordPress/5.7.2; https://ajhydell.com"
23.100.232.233 - - [30/Jun/2021:04:19:11 -0400] "GET /2020/02/12/president-george-h-w-bush-makes-a-hospital-visit-to-injured-los-angeles-fire-captain-scott-miller-who-was-shot-in-the-face-by-a-sniper-while-responding-to-one-of-many-fires-set-during-the-first-nig/ HTTP/1.1" 200 17493 "-" "Mozilla/5.0 (compatible; MSIE 9.0; Windows NT 6.0; Trident/5.0;  Trident/5.0)"
23.100.232.233 - - [30/Jun/2021:04:19:12 -0400] "GET /wp-content/plugins/add-expires-headers/cache/0/com/processed-header-f16a8d323e83e1bc1b76514e283fb81b7090a959.min.css HTTP/1.1" 200 52893 "https://ajhydell.com/2020/02/12/president-george-h-w-bush-makes-a-hospital-visit-to-injured-los-angeles-fire-captain-scott-miller-who-was-shot-in-the-face-by-a-sniper-while-responding-to-one-of-many-fires-set-during-the-first-nig/" "Mozilla/5.0 (compatible; MSIE 9.0; Windows NT 6.0; Trident/5.0;  Trident/5.0)"
23.100.232.233 - - [30/Jun/2021:04:19:12 -0400] "GET /wp-includes/js/jquery/jquery.min.js?ver=3.5.1 HTTP/1.1" 200 31550 "https://ajhydell.com/2020/02/12/president-george-h-w-bush-makes-a-hospital-visit-to-injured-los-angeles-fire-captain-scott-miller-who-was-shot-in-the-face-by-a-sniper-while-responding-to-one-of-many-fires-set-during-the-first-nig/" "Mozilla/5.0 (compatible; MSIE 9.0; Windows NT 6.0; Trident/5.0;  Trident/5.0)"
23.100.232.233 - - [30/Jun/2021:04:19:12 -0400] "GET /wp-content/plugins/google-analytics-for-wordpress/assets/js/frontend-gtag.min.js?ver=7.17.0 HTTP/1.1" 200 3476 "https://ajhydell.com/2020/02/12/president-george-h-w-bush-makes-a-hospital-visit-to-injured-los-angeles-fire-captain-scott-miller-who-was-shot-in-the-face-by-a-sniper-while-responding-to-one-of-many-fires-set-during-the-first-nig/" "Mozilla/5.0 (compatible; MSIE 9.0; Windows NT 6.0; Trident/5.0;  Trident/5.0)"
23.100.232.233 - - [30/Jun/2021:04:19:13 -0400] "GET /wp-includes/js/jquery/jquery-migrate.min.js?ver=3.3.2 HTTP/1.1" 200 4687 "https://ajhydell.com/2020/02/12/president-george-h-w-bush-makes-a-hospital-visit-to-injured-los-angeles-fire-captain-scott-miller-who-was-shot-in-the-face-by-a-sniper-while-responding-to-one-of-many-fires-set-during-the-first-nig/" "Mozilla/5.0 (compatible; MSIE 9.0; Windows NT 6.0; Trident/5.0;  Trident/5.0)"
23.100.232.233 - - [30/Jun/2021:04:19:13 -0400] "GET /wp-includes/js/wp-emoji-release.min.js?ver=5.7.2 HTTP/1.1" 200 5183 "https://ajhydell.com/2020/02/12/president-george-h-w-bush-makes-a-hospital-visit-to-injured-los-angeles-fire-captain-scott-miller-who-was-shot-in-the-face-by-a-sniper-while-responding-to-one-of-many-fires-set-during-the-first-nig/" "Mozilla/5.0 (compatible; MSIE 9.0; Windows NT 6.0; Trident/5.0;  Trident/5.0)"
23.100.232.233 - - [30/Jun/2021:04:19:13 -0400] "GET /wp-content/plugins/wp-smushit/app/assets/js/smush-lazy-load.min.js?ver=3.8.7 HTTP/1.1" 200 4207 "https://ajhydell.com/2020/02/12/president-george-h-w-bush-makes-a-hospital-visit-to-injured-los-angeles-fire-captain-scott-miller-who-was-shot-in-the-face-by-a-sniper-while-responding-to-one-of-many-fires-set-during-the-first-nig/" "Mozilla/5.0 (compatible; MSIE 9.0; Windows NT 6.0; Trident/5.0;  Trident/5.0)"
23.100.232.233 - - [30/Jun/2021:04:19:13 -0400] "GET /wp-content/themes/royal-magazine/js/navigation.js?ver=20151215 HTTP/1.1" 200 1349 "https://ajhydell.com/2020/02/12/president-george-h-w-bush-makes-a-hospital-visit-to-injured-los-angeles-fire-captain-scott-miller-who-was-shot-in-the-face-by-a-sniper-while-responding-to-one-of-many-fires-set-during-the-first-nig/" "Mozilla/5.0 (compatible; MSIE 9.0; Windows NT 6.0; Trident/5.0;  Trident/5.0)"
23.100.232.233 - - [30/Jun/2021:04:19:13 -0400] "GET /wp-content/themes/royal-magazine/js/skip-link-focus-fix.js?ver=20151215 HTTP/1.1" 200 933 "https://ajhydell.com/2020/02/12/president-george-h-w-bush-makes-a-hospital-visit-to-injured-los-angeles-fire-captain-scott-miller-who-was-shot-in-the-face-by-a-sniper-while-responding-to-one-of-many-fires-set-during-the-first-nig/" "Mozilla/5.0 (compatible; MSIE 9.0; Windows NT 6.0; Trident/5.0;  Trident/5.0)"
23.100.232.233 - - [30/Jun/2021:04:19:14 -0400] "GET /wp-content/themes/royal-magazine/assets/libraries/marquee/jquery.marquee.js?ver=5.7.2 HTTP/1.1" 200 5103 "https://ajhydell.com/2020/02/12/president-george-h-w-bush-makes-a-hospital-visit-to-injured-los-angeles-fire-captain-scott-miller-who-was-shot-in-the-face-by-a-sniper-while-responding-to-one-of-many-fires-set-during-the-first-nig/" "Mozilla/5.0 (compatible; MSIE 9.0; Windows NT 6.0; Trident/5.0;  Trident/5.0)"
23.100.232.233 - - [30/Jun/2021:04:19:14 -0400] "GET /wp-content/themes/royal-magazine/assets/libraries/bootstrap/js/bootstrap.min.js?ver=5.7.2 HTTP/1.1" 200 10404 "https://ajhydell.com/2020/02/12/president-george-h-w-bush-makes-a-hospital-visit-to-injured-los-angeles-fire-captain-scott-miller-who-was-shot-in-the-face-by-a-sniper-while-responding-to-one-of-many-fires-set-during-the-first-nig/" "Mozilla/5.0 (compatible; MSIE 9.0; Windows NT 6.0; Trident/5.0;  Trident/5.0)"
23.100.232.233 - - [30/Jun/2021:04:19:14 -0400] "GET /wp-content/themes/royal-magazine/assets/libraries/magnific-popup/jquery.magnific-popup.min.js?ver=5.7.2 HTTP/1.1" 200 7871 "https://ajhydell.com/2020/02/12/president-george-h-w-bush-makes-a-hospital-visit-to-injured-los-angeles-fire-captain-scott-miller-who-was-shot-in-the-face-by-a-sniper-while-responding-to-one-of-many-fires-set-during-the-first-nig/" "Mozilla/5.0 (compatible; MSIE 9.0; Windows NT 6.0; Trident/5.0;  Trident/5.0)"
23.100.232.233 - - [30/Jun/2021:04:19:14 -0400] "GET /wp-content/themes/royal-magazine/assets/twp/js/custom-script.js?ver=5.7.2 HTTP/1.1" 200 3023 "https://ajhydell.com/2020/02/12/president-george-h-w-bush-makes-a-hospital-visit-to-injured-los-angeles-fire-captain-scott-miller-who-was-shot-in-the-face-by-a-sniper-while-responding-to-one-of-many-fires-set-during-the-first-nig/" "Mozilla/5.0 (compatible; MSIE 9.0; Windows NT 6.0; Trident/5.0;  Trident/5.0)"
23.100.232.233 - - [30/Jun/2021:04:19:14 -0400] "GET /wp-content/plugins/facebook-pagelike-widget/fb.js?ver=1.0 HTTP/1.1" 200 821 "https://ajhydell.com/2020/02/12/president-george-h-w-bush-makes-a-hospital-visit-to-injured-los-angeles-fire-captain-scott-miller-who-was-shot-in-the-face-by-a-sniper-while-responding-to-one-of-many-fires-set-during-the-first-nig/" "Mozilla/5.0 (compatible; MSIE 9.0; Windows NT 6.0; Trident/5.0;  Trident/5.0)"
