54.236.1.13 - - [12/Jul/2021:06:24:17 -0400] "GET /2019/09/11/you-may-think-youre-seeing-double-but-this-is-just-one-washer-that-washes-clothes-and-dishes-thor-automatic-washer-ad-1945/ HTTP/1.1" 200 18498 "-" "Mozilla/5.0 (compatible; Pinterestbot/1.0; +http://www.pinterest.com/bot.html)"
204.48.19.85 - - [12/Jul/2021:06:25:02 -0400] "POST /wp-cron.php?doing_wp_cron=1626085502.3272171020507812500000 HTTP/1.1" 200 6295 "https://ajhydell.com/wp-cron.php?doing_wp_cron=1626085502.3272171020507812500000" "WordPress/5.7.2; https://ajhydell.com"
62.210.188.218 - - [12/Jul/2021:06:25:02 -0400] "GET /2020/11/29/save-waste-fats-for-explosives-take-them-to-your-meat-dealer-united-states-1943-henry-koerner/ HTTP/1.1" 200 19065 "-" "Mozilla/5.0 (compatible; Barkrowler/0.9; +https://babbar.tech/crawler)"
62.210.188.218 - - [12/Jul/2021:06:25:10 -0400] "GET /2020/12/07/a-woman-overlooking-a-snowy-mountain-pass-in-the-pyrenees-mountains-france-1956-1125-x-749/ HTTP/1.1" 200 19075 "-" "Mozilla/5.0 (compatible; Barkrowler/0.9; +https://babbar.tech/crawler)"
62.210.188.218 - - [12/Jul/2021:06:25:19 -0400] "GET /2020/12/17/japanese-prisoner-of-war-listening-to-emperor-showas-surrender-announcement-guam-15-aug-1945/ HTTP/1.1" 200 18993 "-" "Mozilla/5.0 (compatible; Barkrowler/0.9; +https://babbar.tech/crawler)"
17.121.112.160 - - [12/Jul/2021:06:25:26 -0400] "GET /2020/07/26/tonight-on-the-dating-game/ HTTP/1.1" 200 18086 "-" "Mozilla/5.0 (Macintosh; Intel Mac OS X 10_15_5) AppleWebKit/605.1.15 (KHTML, like Gecko) Version/13.1.1 Safari/605.1.15 (Applebot/0.1; +http://www.apple.com/go/applebot)"
62.210.188.218 - - [12/Jul/2021:06:25:27 -0400] "GET /2020/07/22/everytime-you-twist-a-nut-think-of-hitler-from-the-war-production-board-series-1942-1943/ HTTP/1.1" 200 19238 "-" "Mozilla/5.0 (compatible; Barkrowler/0.9; +https://babbar.tech/crawler)"
62.210.188.218 - - [12/Jul/2021:06:25:36 -0400] "GET /2020/07/22/everytime-you-twist-a-nut-think-of-hitler-from-the-war-production-board-series-1942-1943/feed/ HTTP/1.1" 200 7270 "-" "Mozilla/5.0 (compatible; Barkrowler/0.9; +https://babbar.tech/crawler)"
62.210.188.218 - - [12/Jul/2021:06:25:44 -0400] "GET /2020/07/29/you-cant-buy-a-better-vodka-for-love-nor-rubles-gilbeys-vodka-1967/feed/ HTTP/1.1" 200 7256 "-" "Mozilla/5.0 (compatible; Barkrowler/0.9; +https://babbar.tech/crawler)"
204.48.19.85 - - [12/Jul/2021:06:25:47 -0400] "POST /wp-cron.php?doing_wp_cron=1626085547.7440989017486572265625 HTTP/1.1" 200 6295 "https://ajhydell.com/wp-cron.php?doing_wp_cron=1626085547.7440989017486572265625" "WordPress/5.7.2; https://ajhydell.com"
157.55.39.62 - - [12/Jul/2021:06:25:47 -0400] "GET /2021/06/07/lest-we-forget-77-years-ago-today-apprehensive-gis-load-onto-a-british-landing-craft-for-the-invasion-of-normandy-d-day-1944-us-national-archives-original-color-photo-396x500/ HTTP/1.1" 200 18731 "-" "Mozilla/5.0 (compatible; bingbot/2.0; +http://www.bing.com/bingbot.htm)"
62.210.188.218 - - [12/Jul/2021:06:25:53 -0400] "GET /2020/09/02/free-french-soldiers-attend-a-mass-at-sunrise-during-the-battle-of-bardia-1941-800-x-594/ HTTP/1.1" 200 18906 "-" "Mozilla/5.0 (compatible; Barkrowler/0.9; +https://babbar.tech/crawler)"
62.210.188.218 - - [12/Jul/2021:06:26:01 -0400] "GET /2020/09/02/drinkers-of-the-world-arise-join-the-revolution-drink-thunderbird-instead-thunderbird-wine-1969/ HTTP/1.1" 200 13634 "-" "Mozilla/5.0 (compatible; Barkrowler/0.9; +https://babbar.tech/crawler)"
62.210.188.218 - - [12/Jul/2021:06:26:10 -0400] "GET /2020/09/18/id-like-to-send-this-souvenir-from-eastern-africa-to-a-friend-of-mine-italian-postcard-1936/ HTTP/1.1" 200 19052 "-" "Mozilla/5.0 (compatible; Barkrowler/0.9; +https://babbar.tech/crawler)"
62.210.188.218 - - [12/Jul/2021:06:26:18 -0400] "GET /2020/09/18/id-like-to-send-this-souvenir-from-eastern-africa-to-a-friend-of-mine-italian-postcard-1936/feed/ HTTP/1.1" 200 7280 "-" "Mozilla/5.0 (compatible; Barkrowler/0.9; +https://babbar.tech/crawler)"
62.210.188.218 - - [12/Jul/2021:06:26:26 -0400] "GET /2020/09/26/rather-than-scolding-and-beating-the-children-it-is-better-to-buy-them-books-soviet-poster-1928-2/ HTTP/1.1" 200 19129 "-" "Mozilla/5.0 (compatible; Barkrowler/0.9; +https://babbar.tech/crawler)"
62.210.188.218 - - [12/Jul/2021:06:26:35 -0400] "GET /2020/10/13/confederate-and-union-soldiers-shaking-hands-at-a-battle-of-gettysburg-reunion-1913-1100-x-825/ HTTP/1.1" 200 19082 "-" "Mozilla/5.0 (compatible; Barkrowler/0.9; +https://babbar.tech/crawler)"
62.210.188.218 - - [12/Jul/2021:06:26:43 -0400] "GET /2020/11/30/an-accused-german-collaborator-is-executed-by-a-french-firing-squad-in-rennes-november-21-1944/ HTTP/1.1" 200 19058 "-" "Mozilla/5.0 (compatible; Barkrowler/0.9; +https://babbar.tech/crawler)"
204.48.19.85 - - [12/Jul/2021:06:26:45 -0400] "POST /wp-cron.php?doing_wp_cron=1626085605.3505930900573730468750 HTTP/1.1" 200 6295 "https://ajhydell.com/wp-cron.php?doing_wp_cron=1626085605.3505930900573730468750" "WordPress/5.7.2; https://ajhydell.com"
66.249.65.228 - - [12/Jul/2021:06:26:45 -0400] "GET /feed/ HTTP/1.1" 200 8150 "-" "Mozilla/5.0 (compatible; Googlebot/2.1; +http://www.google.com/bot.html)"
62.210.188.218 - - [12/Jul/2021:06:26:52 -0400] "GET /2020/01/30/american-pows-are-given-a-break-for-water-as-they-march-to-captivity-tunisia-march-1943/ HTTP/1.1" 200 19144 "-" "Mozilla/5.0 (compatible; Barkrowler/0.9; +https://babbar.tech/crawler)"
62.210.188.218 - - [12/Jul/2021:06:27:00 -0400] "GET /2020/12/19/austrian-soldiers-posing-in-campaign-dress-during-war-against-denmark-1864-colorized-1500-x-1006/ HTTP/1.1" 200 18980 "-" "Mozilla/5.0 (compatible; Barkrowler/0.9; +https://babbar.tech/crawler)"
62.210.188.218 - - [12/Jul/2021:06:27:09 -0400] "GET /2020/12/21/soviet-officer-and-finnish-officer-comparing-watches-vyborg-september-4-1944-3438x4631/ HTTP/1.1" 200 19035 "-" "Mozilla/5.0 (compatible; Barkrowler/0.9; +https://babbar.tech/crawler)"
62.210.188.218 - - [12/Jul/2021:06:27:17 -0400] "GET /2020/12/26/not-having-enough-blood-makes-our-blood-boil-turkish-red-crescent-blood-donation-campaign-poster-2008/ HTTP/1.1" 200 19181 "-" "Mozilla/5.0 (compatible; Barkrowler/0.9; +https://babbar.tech/crawler)"
62.210.188.218 - - [12/Jul/2021:06:27:26 -0400] "GET /2021/04/25/an-aerial-photo-of-the-kowloon-walled-city-hong-kong-taken-in-1989-1942-x-1466/ HTTP/1.1" 200 19035 "-" "Mozilla/5.0 (compatible; Barkrowler/0.9; +https://babbar.tech/crawler)"
62.210.188.218 - - [12/Jul/2021:06:27:34 -0400] "GET /2021/05/01/20000-americans-attend-a-nazi-rally-in-madison-square-garden-february-20-1939-1200x1073/feed/ HTTP/1.1" 200 1781 "-" "Mozilla/5.0 (compatible; Barkrowler/0.9; +https://babbar.tech/crawler)"
62.210.188.218 - - [12/Jul/2021:06:27:43 -0400] "GET /2021/03/27/korean-children-at-the-malli-dong-neighbourhood-in-seoul-south-korea-1959-750x1128/feed/ HTTP/1.1" 200 7275 "-" "Mozilla/5.0 (compatible; Barkrowler/0.9; +https://babbar.tech/crawler)"
204.48.19.85 - - [12/Jul/2021:06:27:51 -0400] "POST /wp-cron.php?doing_wp_cron=1626085671.4634540081024169921875 HTTP/1.1" 200 6295 "https://ajhydell.com/wp-cron.php?doing_wp_cron=1626085671.4634540081024169921875" "WordPress/5.7.2; https://ajhydell.com"
62.210.188.218 - - [12/Jul/2021:06:27:51 -0400] "GET /2021/03/27/mattels-new-m-16-marauder-if-you-think-this-gun-looks-great-waitll-you-hear-it-1966/ HTTP/1.1" 200 19037 "-" "Mozilla/5.0 (compatible; Barkrowler/0.9; +https://babbar.tech/crawler)"
207.46.13.54 - - [12/Jul/2021:06:27:57 -0400] "GET /2019/02/21/british-isles-1880/ HTTP/1.1" 200 18466 "-" "Mozilla/5.0 (compatible; bingbot/2.0; +http://www.bing.com/bingbot.htm)"
62.210.188.218 - - [12/Jul/2021:06:27:59 -0400] "GET /2021/04/17/a-pair-of-camouflaged-t34-calliopes-along-a-roadside-in-france-circa-1944/feed/ HTTP/1.1" 200 7247 "-" "Mozilla/5.0 (compatible; Barkrowler/0.9; +https://babbar.tech/crawler)"
23.100.232.233 - - [12/Jul/2021:06:28:00 -0400] "GET /2020/07/27/raquel-welch-ringo-starr-the-magic-christian-1969-600-x-862/ HTTP/1.1" 200 17973 "-" "Mozilla/5.0 (compatible; MSIE 9.0; Windows NT 6.1; Trident/5.0;  Trident/5.0)"
23.100.232.233 - - [12/Jul/2021:06:28:01 -0400] "GET /wp-content/plugins/add-expires-headers/cache/0/com/processed-header-f16a8d323e83e1bc1b76514e283fb81b7090a959.min.css HTTP/1.1" 200 52893 "https://ajhydell.com/2020/07/27/raquel-welch-ringo-starr-the-magic-christian-1969-600-x-862/" "Mozilla/5.0 (compatible; MSIE 9.0; Windows NT 6.1; Trident/5.0;  Trident/5.0)"
23.100.232.233 - - [12/Jul/2021:06:28:01 -0400] "GET /wp-includes/js/jquery/jquery.min.js?ver=3.5.1 HTTP/1.1" 200 31550 "https://ajhydell.com/2020/07/27/raquel-welch-ringo-starr-the-magic-christian-1969-600-x-862/" "Mozilla/5.0 (compatible; MSIE 9.0; Windows NT 6.1; Trident/5.0;  Trident/5.0)"
23.100.232.233 - - [12/Jul/2021:06:28:01 -0400] "GET /wp-content/plugins/google-analytics-for-wordpress/assets/js/frontend-gtag.min.js?ver=7.17.0 HTTP/1.1" 200 3476 "https://ajhydell.com/2020/07/27/raquel-welch-ringo-starr-the-magic-christian-1969-600-x-862/" "Mozilla/5.0 (compatible; MSIE 9.0; Windows NT 6.1; Trident/5.0;  Trident/5.0)"
23.100.232.233 - - [12/Jul/2021:06:28:01 -0400] "GET /wp-includes/js/jquery/jquery-migrate.min.js?ver=3.3.2 HTTP/1.1" 200 4687 "https://ajhydell.com/2020/07/27/raquel-welch-ringo-starr-the-magic-christian-1969-600-x-862/" "Mozilla/5.0 (compatible; MSIE 9.0; Windows NT 6.1; Trident/5.0;  Trident/5.0)"
23.100.232.233 - - [12/Jul/2021:06:28:01 -0400] "GET /wp-includes/js/wp-emoji-release.min.js?ver=5.7.2 HTTP/1.1" 200 5183 "https://ajhydell.com/2020/07/27/raquel-welch-ringo-starr-the-magic-christian-1969-600-x-862/" "Mozilla/5.0 (compatible; MSIE 9.0; Windows NT 6.1; Trident/5.0;  Trident/5.0)"
23.100.232.233 - - [12/Jul/2021:06:28:01 -0400] "GET /wp-content/plugins/wp-smushit/app/assets/js/smush-lazy-load.min.js?ver=3.8.7 HTTP/1.1" 200 4207 "https://ajhydell.com/2020/07/27/raquel-welch-ringo-starr-the-magic-christian-1969-600-x-862/" "Mozilla/5.0 (compatible; MSIE 9.0; Windows NT 6.1; Trident/5.0;  Trident/5.0)"
23.100.232.233 - - [12/Jul/2021:06:28:02 -0400] "GET /wp-content/themes/royal-magazine/js/navigation.js?ver=20151215 HTTP/1.1" 200 1349 "https://ajhydell.com/2020/07/27/raquel-welch-ringo-starr-the-magic-christian-1969-600-x-862/" "Mozilla/5.0 (compatible; MSIE 9.0; Windows NT 6.1; Trident/5.0;  Trident/5.0)"
23.100.232.233 - - [12/Jul/2021:06:28:02 -0400] "GET /wp-content/themes/royal-magazine/js/skip-link-focus-fix.js?ver=20151215 HTTP/1.1" 200 933 "https://ajhydell.com/2020/07/27/raquel-welch-ringo-starr-the-magic-christian-1969-600-x-862/" "Mozilla/5.0 (compatible; MSIE 9.0; Windows NT 6.1; Trident/5.0;  Trident/5.0)"
23.100.232.233 - - [12/Jul/2021:06:28:02 -0400] "GET /wp-content/themes/royal-magazine/assets/libraries/marquee/jquery.marquee.js?ver=5.7.2 HTTP/1.1" 200 5103 "https://ajhydell.com/2020/07/27/raquel-welch-ringo-starr-the-magic-christian-1969-600-x-862/" "Mozilla/5.0 (compatible; MSIE 9.0; Windows NT 6.1; Trident/5.0;  Trident/5.0)"
23.100.232.233 - - [12/Jul/2021:06:28:02 -0400] "GET /wp-content/themes/royal-magazine/assets/libraries/bootstrap/js/bootstrap.min.js?ver=5.7.2 HTTP/1.1" 200 10404 "https://ajhydell.com/2020/07/27/raquel-welch-ringo-starr-the-magic-christian-1969-600-x-862/" "Mozilla/5.0 (compatible; MSIE 9.0; Windows NT 6.1; Trident/5.0;  Trident/5.0)"
23.100.232.233 - - [12/Jul/2021:06:28:03 -0400] "GET /wp-content/themes/royal-magazine/assets/twp/js/custom-script.js?ver=5.7.2 HTTP/1.1" 200 3023 "https://ajhydell.com/2020/07/27/raquel-welch-ringo-starr-the-magic-christian-1969-600-x-862/" "Mozilla/5.0 (compatible; MSIE 9.0; Windows NT 6.1; Trident/5.0;  Trident/5.0)"
23.100.232.233 - - [12/Jul/2021:06:28:03 -0400] "GET /wp-content/themes/royal-magazine/assets/libraries/magnific-popup/jquery.magnific-popup.min.js?ver=5.7.2 HTTP/1.1" 200 7871 "https://ajhydell.com/2020/07/27/raquel-welch-ringo-starr-the-magic-christian-1969-600-x-862/" "Mozilla/5.0 (compatible; MSIE 9.0; Windows NT 6.1; Trident/5.0;  Trident/5.0)"
23.100.232.233 - - [12/Jul/2021:06:28:03 -0400] "GET /wp-content/plugins/facebook-pagelike-widget/fb.js?ver=1.0 HTTP/1.1" 200 821 "https://ajhydell.com/2020/07/27/raquel-welch-ringo-starr-the-magic-christian-1969-600-x-862/" "Mozilla/5.0 (compatible; MSIE 9.0; Windows NT 6.1; Trident/5.0;  Trident/5.0)"
23.100.232.233 - - [12/Jul/2021:06:28:03 -0400] "GET /wp-content/themes/royal-magazine/assets/libraries/slick/js/slick.min.js?ver=5.7.2 HTTP/1.1" 200 10740 "https://ajhydell.com/2020/07/27/raquel-welch-ringo-starr-the-magic-christian-1969-600-x-862/" "Mozilla/5.0 (compatible; MSIE 9.0; Windows NT 6.1; Trident/5.0;  Trident/5.0)"
23.100.232.233 - - [12/Jul/2021:06:28:03 -0400] "GET /wp-includes/js/wp-embed.min.js?ver=5.7.2 HTTP/1.1" 200 1221 "https://ajhydell.com/2020/07/27/raquel-welch-ringo-starr-the-magic-christian-1969-600-x-862/" "Mozilla/5.0 (compatible; MSIE 9.0; Windows NT 6.1; Trident/5.0;  Trident/5.0)"
23.100.232.233 - - [12/Jul/2021:06:28:03 -0400] "GET /wp-content/themes/royal-magazine/assets/libraries/theiaStickySidebar/theia-sticky-sidebar.min.js?ver=5.7.2 HTTP/1.1" 200 2271 "https://ajhydell.com/2020/07/27/raquel-welch-ringo-starr-the-magic-christian-1969-600-x-862/" "Mozilla/5.0 (compatible; MSIE 9.0; Windows NT 6.1; Trident/5.0;  Trident/5.0)"
62.210.188.218 - - [12/Jul/2021:06:28:08 -0400] "GET /2021/04/06/you-kick-a-cripples-crutch-every-time-you-put-on-a-pair-of-infected-shoes-1910/ HTTP/1.1" 200 18932 "-" "Mozilla/5.0 (compatible; Barkrowler/0.9; +https://babbar.tech/crawler)"
62.210.188.218 - - [12/Jul/2021:06:28:16 -0400] "GET /2021/04/06/you-kick-a-cripples-crutch-every-time-you-put-on-a-pair-of-infected-shoes-1910/feed/ HTTP/1.1" 200 7270 "-" "Mozilla/5.0 (compatible; Barkrowler/0.9; +https://babbar.tech/crawler)"
62.210.188.218 - - [12/Jul/2021:06:28:27 -0400] "GET /2021/02/06/a-canadian-commando-with-a-lanchester-smg-and-bayonet-date-and-location-unknown-colourised-by-me/ HTTP/1.1" 200 19077 "-" "Mozilla/5.0 (compatible; Barkrowler/0.9; +https://babbar.tech/crawler)"
62.210.188.218 - - [12/Jul/2021:06:28:35 -0400] "GET /2021/02/27/first-ever-coca-cola-magazine-ad-1905-featuring-lillian-nordica-and-coupon-for-free-coke/ HTTP/1.1" 200 19092 "-" "Mozilla/5.0 (compatible; Barkrowler/0.9; +https://babbar.tech/crawler)"
62.210.188.218 - - [12/Jul/2021:06:28:44 -0400] "GET /2021/02/13/have-just-two-children-and-raise-them-well-dont-discriminate-daughters-and-sons-south-korea-1974/ HTTP/1.1" 200 19104 "-" "Mozilla/5.0 (compatible; Barkrowler/0.9; +https://babbar.tech/crawler)"
204.48.19.85 - - [12/Jul/2021:06:28:52 -0400] "POST /wp-cron.php?doing_wp_cron=1626085732.7193980216979980468750 HTTP/1.1" 200 6295 "https://ajhydell.com/wp-cron.php?doing_wp_cron=1626085732.7193980216979980468750" "WordPress/5.7.2; https://ajhydell.com"
62.210.188.218 - - [12/Jul/2021:06:28:52 -0400] "GET /2021/02/13/a-captured-british-mk-iv-male-tank-of-abteilung-11-or-12-at-wavrin-april-1918/ HTTP/1.1" 200 19087 "-" "Mozilla/5.0 (compatible; Barkrowler/0.9; +https://babbar.tech/crawler)"
62.210.188.218 - - [12/Jul/2021:06:29:01 -0400] "GET /2021/05/13/the-three-arrows-symbol-of-the-iron-front-a-movement-in-1930s-germany-against-authoritarianism/ HTTP/1.1" 200 19136 "-" "Mozilla/5.0 (compatible; Barkrowler/0.9; +https://babbar.tech/crawler)"
62.210.188.218 - - [12/Jul/2021:06:29:09 -0400] "GET /2021/05/11/jubilant-crowds-in-new-york-celebrating-the-allied-forces-victory-1918-colorization-964x628/ HTTP/1.1" 200 18961 "-" "Mozilla/5.0 (compatible; Barkrowler/0.9; +https://babbar.tech/crawler)"
62.210.188.218 - - [12/Jul/2021:06:29:18 -0400] "GET /2021/02/18/freedom-rider-joan-trumpauer-mulholland-arrested-june-8-1961-mississippi-1247x913/ HTTP/1.1" 200 19160 "-" "Mozilla/5.0 (compatible; Barkrowler/0.9; +https://babbar.tech/crawler)"
62.210.188.218 - - [12/Jul/2021:06:29:26 -0400] "GET /2021/02/02/german-child-soldiers-captured-by-the-6th-u-s-armored-division-in-giessen-germany-march-19-1945/ HTTP/1.1" 200 19073 "-" "Mozilla/5.0 (compatible; Barkrowler/0.9; +https://babbar.tech/crawler)"
62.210.188.218 - - [12/Jul/2021:06:29:35 -0400] "GET /2021/03/07/one-of-four-pedlars-who-slept-in-the-cellar-of-11-ludlow-street-rear-ca-1890/ HTTP/1.1" 200 18911 "-" "Mozilla/5.0 (compatible; Barkrowler/0.9; +https://babbar.tech/crawler)"
62.210.188.218 - - [12/Jul/2021:06:29:43 -0400] "GET /wp-json/oembed/1.0/embed?url=https%3A%2F%2Fajhydell.com%2F2020%2F09%2F10%2Fkodak-ad-in-sensation-comics-46-1945%2F&format=xml HTTP/1.1" 200 7936 "-" "Mozilla/5.0 (compatible; Barkrowler/0.9; +https://babbar.tech/crawler)"
204.48.19.85 - - [12/Jul/2021:06:29:51 -0400] "POST /wp-cron.php?doing_wp_cron=1626085791.9803769588470458984375 HTTP/1.1" 200 6295 "https://ajhydell.com/wp-cron.php?doing_wp_cron=1626085791.9803769588470458984375" "WordPress/5.7.2; https://ajhydell.com"
62.210.188.218 - - [12/Jul/2021:06:29:51 -0400] "GET /wp-json/oembed/1.0/embed?url=https%3A%2F%2Fajhydell.com%2F2020%2F07%2F31%2Fus-paratroopers-in-normandy-1944%2F&format=xml HTTP/1.1" 200 7925 "-" "Mozilla/5.0 (compatible; Barkrowler/0.9; +https://babbar.tech/crawler)"
54.36.148.117 - - [12/Jul/2021:06:29:54 -0400] "GET /2021/06/13/the-hour-has-come-ussr-1945/ HTTP/1.1" 200 18936 "-" "Mozilla/5.0 (compatible; AhrefsBot/7.0; +http://ahrefs.com/robot/)"
62.210.188.218 - - [12/Jul/2021:06:30:00 -0400] "GET /wp-json/oembed/1.0/embed?url=https%3A%2F%2Fajhydell.com%2F2020%2F07%2F17%2Fcolorization-i-did-for-u-sf1992%2F HTTP/1.1" 200 9119 "-" "Mozilla/5.0 (compatible; Barkrowler/0.9; +https://babbar.tech/crawler)"
62.210.188.218 - - [12/Jul/2021:06:30:08 -0400] "GET /wp-json/oembed/1.0/embed?url=https%3A%2F%2Fajhydell.com%2F2020%2F11%2F28%2Fbritish-weapons-to-defeat-hitler-uk-1943%2F HTTP/1.1" 200 9171 "-" "Mozilla/5.0 (compatible; Barkrowler/0.9; +https://babbar.tech/crawler)"
207.46.13.67 - - [12/Jul/2021:06:30:18 -0400] "GET /2019/07/07/ HTTP/1.1" 200 18082 "-" "Mozilla/5.0 (compatible; bingbot/2.0; +http://www.bing.com/bingbot.htm)"
20.191.45.212 - - [12/Jul/2021:06:30:43 -0400] "GET / HTTP/1.1" 301 565 "http://ajhydell.com/" "Mozilla/5.0 (compatible; DuckDuckGo-Favicons-Bot/1.0; +http://duckduckgo.com)"
20.191.45.212 - - [12/Jul/2021:06:30:43 -0400] "GET / HTTP/1.1" 200 20167 "https://ajhydell.com/" "Mozilla/5.0 (compatible; DuckDuckGo-Favicons-Bot/1.0; +http://duckduckgo.com)"
20.191.45.212 - - [12/Jul/2021:06:30:43 -0400] "GET /wp-content/uploads/2018/08/cropped-logo-32x32.jpg HTTP/1.1" 200 1314 "https://ajhydell.com/wp-content/uploads/2018/08/cropped-logo-32x32.jpg" "Mozilla/5.0 (compatible; DuckDuckGo-Favicons-Bot/1.0; +http://duckduckgo.com)"
204.48.19.85 - - [12/Jul/2021:06:32:34 -0400] "POST /wp-cron.php?doing_wp_cron=1626085954.6089160442352294921875 HTTP/1.1" 200 6295 "https://ajhydell.com/wp-cron.php?doing_wp_cron=1626085954.6089160442352294921875" "WordPress/5.7.2; https://ajhydell.com"
66.249.65.228 - - [12/Jul/2021:06:32:34 -0400] "GET /sitemap-pt-post-2021-05.xml HTTP/1.1" 200 14857 "-" "Mozilla/5.0 (compatible; Googlebot/2.1; +http://www.google.com/bot.html)"
207.46.13.67 - - [12/Jul/2021:06:33:37 -0400] "GET /wp-includes/js/wp-embed.min.js?ver=5.7.2 HTTP/1.1" 200 6781 "-" "Mozilla/5.0 (compatible; bingbot/2.0; +http://www.bing.com/bingbot.htm)"
204.48.19.85 - - [12/Jul/2021:06:33:53 -0400] "POST /wp-cron.php?doing_wp_cron=1626086033.4724309444427490234375 HTTP/1.1" 200 6295 "https://ajhydell.com/wp-cron.php?doing_wp_cron=1626086033.4724309444427490234375" "WordPress/5.7.2; https://ajhydell.com"
3.80.117.176 - - [12/Jul/2021:06:33:53 -0400] "HEAD / HTTP/1.1" 200 5715 "-" "scalaj-http/2.4.2"
3.80.117.176 - - [12/Jul/2021:06:33:53 -0400] "GET / HTTP/1.1" 200 19640 "-" "Buck/2.2; (+https://app.hypefactors.com/media-monitoring/about.html)"
3.80.117.176 - - [12/Jul/2021:06:33:54 -0400] "GET /robots.txt HTTP/1.1" 200 5901 "-" "Buck/2.2; (+https://app.hypefactors.com/media-monitoring/about.html)"
17.121.113.186 - - [12/Jul/2021:06:33:55 -0400] "GET /2020/12/16/canadian-service-a-picture-from-an-rcmp-set-1935/ HTTP/1.1" 200 18139 "-" "Mozilla/5.0 (Macintosh; Intel Mac OS X 10_15_5) AppleWebKit/605.1.15 (KHTML, like Gecko) Version/13.1.1 Safari/605.1.15 (Applebot/0.1; +http://www.apple.com/go/applebot)"
3.80.117.176 - - [12/Jul/2021:06:34:21 -0400] "GET /feed/ HTTP/1.1" 200 7841 "-" "Buck/2.2; (+https://app.hypefactors.com/media-monitoring/about.html)"
3.80.117.176 - - [12/Jul/2021:06:34:21 -0400] "GET /sitemap_index.xml HTTP/1.1" 200 6220 "-" "Buck/2.2; (+https://app.hypefactors.com/media-monitoring/about.html)"
3.80.117.176 - - [12/Jul/2021:06:34:21 -0400] "GET /sitemap.xml HTTP/1.1" 200 6587 "-" "Buck/2.2; (+https://app.hypefactors.com/media-monitoring/about.html)"
3.80.117.176 - - [12/Jul/2021:06:34:21 -0400] "GET /sitemap-pt-post-2021-07.xml HTTP/1.1" 200 9424 "-" "Buck/2.2; (+https://app.hypefactors.com/media-monitoring/about.html)"
40.77.167.77 - - [12/Jul/2021:06:34:22 -0400] "GET /2019/01/04/1911-chester-mcduffee-and-his-ads-diving-suit-aluminum-alloy-weighing-485-lbs-200-kg-800x1124/ HTTP/1.1" 200 18645 "-" "Mozilla/5.0 (compatible; bingbot/2.0; +http://www.bing.com/bingbot.htm)"
5.255.253.148 - - [12/Jul/2021:06:34:27 -0400] "GET /2020/04/29/peace-is-the-will-of-the-people-ussr-1960/ HTTP/1.1" 200 19065 "-" "Mozilla/5.0 (compatible; YandexBot/3.0; +http://yandex.com/bots)"
204.48.19.85 - - [12/Jul/2021:06:34:53 -0400] "POST /wp-cron.php?doing_wp_cron=1626086093.0961608886718750000000 HTTP/1.1" 200 6295 "https://ajhydell.com/wp-cron.php?doing_wp_cron=1626086093.0961608886718750000000" "WordPress/5.7.2; https://ajhydell.com"
3.80.117.176 - - [12/Jul/2021:06:34:53 -0400] "GET /2021/07/12/john-lennon-signing-an-autograph-for-mark-david-chapman-the-man-who-would-kill-him-five-hours-later-nyc-1980-602x382/ HTTP/1.1" 200 18270 "-" "Buck/2.2; (+https://app.hypefactors.com/media-monitoring/about.html)"
17.121.113.70 - - [12/Jul/2021:06:34:53 -0400] "GET /2020/12/07/addie-card-12-years-old-spinner-in-north-pownal-cotton-mill-august-1910/ HTTP/1.1" 200 18519 "-" "Mozilla/5.0 (Macintosh; Intel Mac OS X 10_15_5) AppleWebKit/605.1.15 (KHTML, like Gecko) Version/13.1.1 Safari/605.1.15 (Applebot/0.1; +http://www.apple.com/go/applebot)"
204.48.19.85 - - [12/Jul/2021:06:35:49 -0400] "POST /wp-cron.php?doing_wp_cron=1626086149.9234800338745117187500 HTTP/1.1" 200 6295 "https://ajhydell.com/wp-cron.php?doing_wp_cron=1626086149.9234800338745117187500" "WordPress/5.7.2; https://ajhydell.com"
157.55.39.62 - - [12/Jul/2021:06:35:49 -0400] "GET / HTTP/1.1" 200 19762 "-" "Mozilla/5.0 (compatible; bingbot/2.0; +http://www.bing.com/bingbot.htm)"
85.14.240.146 - - [12/Jul/2021:06:36:00 -0400] "POST /wp-login.php HTTP/1.1" 503 24799 "-" "Mozilla/5.0 (Windows NT 10.0; WOW64) AppleWebKit/537.36 (KHTML, like Gecko) Chrome/53.0.2785.143 Safari/537.36"
204.48.19.85 - - [12/Jul/2021:06:38:17 -0400] "POST /wp-cron.php?doing_wp_cron=1626086297.9500420093536376953125 HTTP/1.1" 200 6295 "https://ajhydell.com/wp-cron.php?doing_wp_cron=1626086297.9500420093536376953125" "WordPress/5.7.2; https://ajhydell.com"
82.112.184.223 - - [12/Jul/2021:06:38:17 -0400] "GET /2021/07/05/a-south-korean-soldier-forcibly-cuts-a-young-mans-hair-in-front-of-others-during-a-nationwide-crackdown-on-men-with-long-hair-and-women-wearing-short-skirts-in-south-korea-1970s-740x355/ HTTP/1.1" 200 19398 "-" "Mozilla/5.0 (Windows NT 10.0; Win64; x64) AppleWebKit/537.36 (KHTML, like Gecko) Chrome/70.0.3538.77 Safari/537.36"
157.55.39.62 - - [12/Jul/2021:06:38:19 -0400] "GET /wp-content/uploads/2021/05/picture-33-199x300.jpg HTTP/1.1" 200 25920 "-" "Mozilla/5.0 (compatible; bingbot/2.0; +http://www.bing.com/bingbot.htm)"
82.165.185.18 - - [12/Jul/2021:06:39:05 -0400] "GET /style.php HTTP/1.1" 301 583 "anonymousfox.co" "Mozilla/5.0 (Windows NT 10.0; Win64; x64) AppleWebKit/537.36 (KHTML, like Gecko) Chrome/90.0.4430.85 Safari/537.36"
204.48.19.85 - - [12/Jul/2021:06:39:11 -0400] "POST /wp-cron.php?doing_wp_cron=1626086351.0208919048309326171875 HTTP/1.1" 200 6295 "https://ajhydell.com/wp-cron.php?doing_wp_cron=1626086351.0208919048309326171875" "WordPress/5.7.2; https://ajhydell.com"
82.165.185.18 - - [12/Jul/2021:06:39:10 -0400] "GET /style.php HTTP/1.1" 404 63992 "anonymousfox.co" "Mozilla/5.0 (Windows NT 10.0; Win64; x64) AppleWebKit/537.36 (KHTML, like Gecko) Chrome/90.0.4430.85 Safari/537.36"
5.255.253.148 - - [12/Jul/2021:06:39:18 -0400] "GET /2018/10/12/ HTTP/1.1" 200 18686 "-" "Mozilla/5.0 (compatible; YandexBot/3.0; +http://yandex.com/bots)"
82.165.185.18 - - [12/Jul/2021:06:39:20 -0400] "GET /moduless.php HTTP/1.1" 301 589 "anonymousfox.co" "Mozilla/5.0 (Windows NT 10.0; Win64; x64) AppleWebKit/537.36 (KHTML, like Gecko) Chrome/90.0.4430.85 Safari/537.36"
82.165.185.18 - - [12/Jul/2021:06:39:25 -0400] "GET /moduless.php HTTP/1.1" 404 63992 "anonymousfox.co" "Mozilla/5.0 (Windows NT 10.0; Win64; x64) AppleWebKit/537.36 (KHTML, like Gecko) Chrome/90.0.4430.85 Safari/537.36"
157.230.2.68 - - [12/Jul/2021:06:39:31 -0400] "GET /wp-login.php HTTP/1.1" 200 8605 "-" "Mozilla/5.0 (X11; Ubuntu; Linux x86_64; rv:62.0) Gecko/20100101 Firefox/62.0"
5.255.253.148 - - [12/Jul/2021:06:39:31 -0400] "GET /2020/04/06/the-future-worker-of-communism-josep-renau-berenguer-1969/ HTTP/1.1" 200 18971 "-" "Mozilla/5.0 (compatible; YandexBot/3.0; +http://yandex.com/bots)"
157.230.2.68 - - [12/Jul/2021:06:39:31 -0400] "POST /wp-login.php HTTP/1.1" 200 8700 "-" "Mozilla/5.0 (X11; Ubuntu; Linux x86_64; rv:62.0) Gecko/20100101 Firefox/62.0"
157.230.2.68 - - [12/Jul/2021:06:39:32 -0400] "POST /xmlrpc.php HTTP/1.1" 200 5852 "-" "Mozilla/5.0 (X11; Ubuntu; Linux x86_64; rv:62.0) Gecko/20100101 Firefox/62.0"
82.165.185.18 - - [12/Jul/2021:06:39:33 -0400] "GET /wp-content/plugins/t_file_wp/t_file_wp.php?test=hello HTTP/1.1" 301 671 "anonymousfox.co" "Mozilla/5.0 (Windows NT 10.0; Win64; x64) AppleWebKit/537.36 (KHTML, like Gecko) Chrome/90.0.4430.85 Safari/537.36"
82.165.185.18 - - [12/Jul/2021:06:39:39 -0400] "GET /wp-content/plugins/t_file_wp/t_file_wp.php?test=hello HTTP/1.1" 404 63992 "anonymousfox.co" "Mozilla/5.0 (Windows NT 10.0; Win64; x64) AppleWebKit/537.36 (KHTML, like Gecko) Chrome/90.0.4430.85 Safari/537.36"
82.165.185.18 - - [12/Jul/2021:06:39:48 -0400] "GET /admin.php HTTP/1.1" 301 583 "anonymousfox.co" "Mozilla/5.0 (Windows NT 10.0; Win64; x64) AppleWebKit/537.36 (KHTML, like Gecko) Chrome/90.0.4430.85 Safari/537.36"
204.48.19.85 - - [12/Jul/2021:06:39:53 -0400] "POST /wp-cron.php?doing_wp_cron=1626086393.4583320617675781250000 HTTP/1.1" 200 6295 "https://ajhydell.com/wp-cron.php?doing_wp_cron=1626086393.4583320617675781250000" "WordPress/5.7.2; https://ajhydell.com"
82.165.185.18 - - [12/Jul/2021:06:39:53 -0400] "GET /admin.php HTTP/1.1" 404 63992 "anonymousfox.co" "Mozilla/5.0 (Windows NT 10.0; Win64; x64) AppleWebKit/537.36 (KHTML, like Gecko) Chrome/90.0.4430.85 Safari/537.36"
47.243.14.124 - - [12/Jul/2021:06:40:01 -0400] "POST /wp-login.php HTTP/1.1" 200 8861 "-" "Mozilla/5.0 (Windows NT 10.0; WOW64) AppleWebKit/537.36 (KHTML, like Gecko) Chrome/55.0.2883.87 Safari/537.36"
82.165.185.18 - - [12/Jul/2021:06:40:04 -0400] "GET /index.php?3x=3x HTTP/1.1" 301 595 "anonymousfox.co" "Mozilla/5.0 (Windows NT 10.0; Win64; x64) AppleWebKit/537.36 (KHTML, like Gecko) Chrome/90.0.4430.85 Safari/537.36"
82.165.185.18 - - [12/Jul/2021:06:40:09 -0400] "GET /index.php?3x=3x HTTP/1.1" 301 5760 "anonymousfox.co" "Mozilla/5.0 (Windows NT 10.0; Win64; x64) AppleWebKit/537.36 (KHTML, like Gecko) Chrome/90.0.4430.85 Safari/537.36"
82.165.185.18 - - [12/Jul/2021:06:40:14 -0400] "GET /?3x=3x HTTP/1.1" 200 14273 "anonymousfox.co" "Mozilla/5.0 (Windows NT 10.0; Win64; x64) AppleWebKit/537.36 (KHTML, like Gecko) Chrome/90.0.4430.85 Safari/537.36"
82.165.185.18 - - [12/Jul/2021:06:40:33 -0400] "GET /boom.php?x HTTP/1.1" 301 585 "anonymousfox.co" "Mozilla/5.0 (Windows NT 10.0; Win64; x64) AppleWebKit/537.36 (KHTML, like Gecko) Chrome/90.0.4430.85 Safari/537.36"
66.220.149.113 - - [12/Jul/2021:06:40:34 -0400] "GET /wp-content/uploads/2021/03/picture-80.jpg HTTP/1.1" 200 114591 "-" "facebookexternalhit/1.1 (+http://www.facebook.com/externalhit_uatext.php)"
204.48.19.85 - - [12/Jul/2021:06:40:38 -0400] "POST /wp-cron.php?doing_wp_cron=1626086438.7185380458831787109375 HTTP/1.1" 200 6295 "https://ajhydell.com/wp-cron.php?doing_wp_cron=1626086438.7185380458831787109375" "WordPress/5.7.2; https://ajhydell.com"
82.165.185.18 - - [12/Jul/2021:06:40:38 -0400] "GET /boom.php?x HTTP/1.1" 404 63992 "anonymousfox.co" "Mozilla/5.0 (Windows NT 10.0; Win64; x64) AppleWebKit/537.36 (KHTML, like Gecko) Chrome/90.0.4430.85 Safari/537.36"
17.121.112.129 - - [12/Jul/2021:06:40:39 -0400] "GET /2019/09/08/introducing-the-worlds-first-cologne-exclusively-for-gay-men-by-mail-1978/ HTTP/1.1" 200 18366 "-" "Mozilla/5.0 (Macintosh; Intel Mac OS X 10_15_5) AppleWebKit/605.1.15 (KHTML, like Gecko) Version/13.1.1 Safari/605.1.15 (Applebot/0.1; +http://www.apple.com/go/applebot)"
82.165.185.18 - - [12/Jul/2021:06:40:47 -0400] "GET /wp-content/plugins/backup_index.php HTTP/1.1" 301 635 "anonymousfox.co" "Mozilla/5.0 (Windows NT 10.0; Win64; x64) AppleWebKit/537.36 (KHTML, like Gecko) Chrome/90.0.4430.85 Safari/537.36"
204.48.19.85 - - [12/Jul/2021:06:40:52 -0400] "POST /wp-cron.php?doing_wp_cron=1626086452.9784069061279296875000 HTTP/1.1" 200 6295 "https://ajhydell.com/wp-cron.php?doing_wp_cron=1626086452.9784069061279296875000" "WordPress/5.7.2; https://ajhydell.com"
82.165.185.18 - - [12/Jul/2021:06:40:52 -0400] "GET /wp-content/plugins/backup_index.php HTTP/1.1" 404 63992 "anonymousfox.co" "Mozilla/5.0 (Windows NT 10.0; Win64; x64) AppleWebKit/537.36 (KHTML, like Gecko) Chrome/90.0.4430.85 Safari/537.36"
82.165.185.18 - - [12/Jul/2021:06:40:59 -0400] "GET /wp-content/db_cache.php HTTP/1.1" 301 611 "anonymousfox.co" "Mozilla/5.0 (Windows NT 10.0; Win64; x64) AppleWebKit/537.36 (KHTML, like Gecko) Chrome/90.0.4430.85 Safari/537.36"
82.165.185.18 - - [12/Jul/2021:06:41:03 -0400] "GET /wp-content/db_cache.php HTTP/1.1" 404 63992 "anonymousfox.co" "Mozilla/5.0 (Windows NT 10.0; Win64; x64) AppleWebKit/537.36 (KHTML, like Gecko) Chrome/90.0.4430.85 Safari/537.36"
173.252.127.1 - - [12/Jul/2021:06:41:11 -0400] "GET /wp-content/uploads/2021/03/picture-69.jpg HTTP/1.1" 200 51440 "-" "facebookexternalhit/1.1 (+http://www.facebook.com/externalhit_uatext.php)"
82.165.185.18 - - [12/Jul/2021:06:41:12 -0400] "GET /wp-content/plugins/ioptimization/IOptimize.php?rchk HTTP/1.1" 301 667 "anonymousfox.co" "Mozilla/5.0 (Windows NT 10.0; Win64; x64) AppleWebKit/537.36 (KHTML, like Gecko) Chrome/90.0.4430.85 Safari/537.36"
82.165.185.18 - - [12/Jul/2021:06:41:17 -0400] "GET /wp-content/plugins/ioptimization/IOptimize.php?rchk HTTP/1.1" 404 63992 "anonymousfox.co" "Mozilla/5.0 (Windows NT 10.0; Win64; x64) AppleWebKit/537.36 (KHTML, like Gecko) Chrome/90.0.4430.85 Safari/537.36"
17.121.114.60 - - [12/Jul/2021:06:41:19 -0400] "GET /2018/09/17/this-would-be-awesome-to-see-colorized/ HTTP/1.1" 200 18317 "-" "Mozilla/5.0 (Macintosh; Intel Mac OS X 10_15_5) AppleWebKit/605.1.15 (KHTML, like Gecko) Version/13.1.1 Safari/605.1.15 (Applebot/0.1; +http://www.apple.com/go/applebot)"
82.165.185.18 - - [12/Jul/2021:06:41:27 -0400] "GET /xmlrp.php?url=https://rentry.co/yu8xc/raw HTTP/1.1" 301 647 "anonymousfox.co" "Mozilla/5.0 (Windows NT 10.0; Win64; x64) AppleWebKit/537.36 (KHTML, like Gecko) Chrome/90.0.4430.85 Safari/537.36"
82.165.185.18 - - [12/Jul/2021:06:41:32 -0400] "GET /xmlrp.php?url=https://rentry.co/yu8xc/raw HTTP/1.1" 404 63992 "anonymousfox.co" "Mozilla/5.0 (Windows NT 10.0; Win64; x64) AppleWebKit/537.36 (KHTML, like Gecko) Chrome/90.0.4430.85 Safari/537.36"
207.46.13.113 - - [12/Jul/2021:06:41:34 -0400] "GET /2021/05/15/guardsmen-and-troops-heading-for-war-attend-services-of-worship-on-the-after-deck-of-a-coast-guard-manned-assault-transport-wwii/ HTTP/1.1" 200 18628 "-" "Mozilla/5.0 (compatible; bingbot/2.0; +http://www.bing.com/bingbot.htm)"
82.165.185.18 - - [12/Jul/2021:06:41:44 -0400] "GET /wpindex.php?idb=https://rentry.co/yu8xc/raw HTTP/1.1" 301 651 "anonymousfox.co" "Mozilla/5.0 (Windows NT 10.0; Win64; x64) AppleWebKit/537.36 (KHTML, like Gecko) Chrome/90.0.4430.85 Safari/537.36"
204.48.19.85 - - [12/Jul/2021:06:41:50 -0400] "POST /wp-cron.php?doing_wp_cron=1626086510.6354429721832275390625 HTTP/1.1" 200 6295 "https://ajhydell.com/wp-cron.php?doing_wp_cron=1626086510.6354429721832275390625" "WordPress/5.7.2; https://ajhydell.com"
82.165.185.18 - - [12/Jul/2021:06:41:50 -0400] "GET /wpindex.php?idb=https://rentry.co/yu8xc/raw HTTP/1.1" 404 63992 "anonymousfox.co" "Mozilla/5.0 (Windows NT 10.0; Win64; x64) AppleWebKit/537.36 (KHTML, like Gecko) Chrome/90.0.4430.85 Safari/537.36"
82.165.185.18 - - [12/Jul/2021:06:41:58 -0400] "GET /larva.php?idb=https://rentry.co/yu8xc/raw HTTP/1.1" 301 647 "anonymousfox.co" "Mozilla/5.0 (Windows NT 10.0; Win64; x64) AppleWebKit/537.36 (KHTML, like Gecko) Chrome/90.0.4430.85 Safari/537.36"
82.165.185.18 - - [12/Jul/2021:06:42:04 -0400] "GET /larva.php?idb=https://rentry.co/yu8xc/raw HTTP/1.1" 404 63992 "anonymousfox.co" "Mozilla/5.0 (Windows NT 10.0; Win64; x64) AppleWebKit/537.36 (KHTML, like Gecko) Chrome/90.0.4430.85 Safari/537.36"
82.165.185.18 - - [12/Jul/2021:06:42:13 -0400] "GET /th3_err0r.php?php=https://rentry.co/yu8xc/raw HTTP/1.1" 301 655 "anonymousfox.co" "Mozilla/5.0 (Windows NT 10.0; Win64; x64) AppleWebKit/537.36 (KHTML, like Gecko) Chrome/90.0.4430.85 Safari/537.36"
82.165.185.18 - - [12/Jul/2021:06:42:18 -0400] "GET /th3_err0r.php?php=https://rentry.co/yu8xc/raw HTTP/1.1" 404 63992 "anonymousfox.co" "Mozilla/5.0 (Windows NT 10.0; Win64; x64) AppleWebKit/537.36 (KHTML, like Gecko) Chrome/90.0.4430.85 Safari/537.36"
82.165.185.18 - - [12/Jul/2021:06:42:27 -0400] "GET /alfindex.php HTTP/1.1" 301 589 "anonymousfox.co" "Mozilla/5.0 (Windows NT 10.0; Win64; x64) AppleWebKit/537.36 (KHTML, like Gecko) Chrome/90.0.4430.85 Safari/537.36"
185.191.171.23 - - [12/Jul/2021:06:42:31 -0400] "GET /2019/12/28/breda-workers-on-strike-milan-1970s-1600-x-1139/ HTTP/1.1" 200 18853 "-" "Mozilla/5.0 (compatible; SemrushBot/7~bl; +http://www.semrush.com/bot.html)"
82.165.185.18 - - [12/Jul/2021:06:42:32 -0400] "GET /alfindex.php HTTP/1.1" 404 63992 "anonymousfox.co" "Mozilla/5.0 (Windows NT 10.0; Win64; x64) AppleWebKit/537.36 (KHTML, like Gecko) Chrome/90.0.4430.85 Safari/537.36"
82.165.185.18 - - [12/Jul/2021:06:42:40 -0400] "GET /alfa.php HTTP/1.1" 301 581 "anonymousfox.co" "Mozilla/5.0 (Windows NT 10.0; Win64; x64) AppleWebKit/537.36 (KHTML, like Gecko) Chrome/90.0.4430.85 Safari/537.36"
204.48.19.85 - - [12/Jul/2021:06:42:46 -0400] "POST /wp-cron.php?doing_wp_cron=1626086566.2641510963439941406250 HTTP/1.1" 200 6295 "https://ajhydell.com/wp-cron.php?doing_wp_cron=1626086566.2641510963439941406250" "WordPress/5.7.2; https://ajhydell.com"
82.165.185.18 - - [12/Jul/2021:06:42:46 -0400] "GET /alfa.php HTTP/1.1" 404 63992 "anonymousfox.co" "Mozilla/5.0 (Windows NT 10.0; Win64; x64) AppleWebKit/537.36 (KHTML, like Gecko) Chrome/90.0.4430.85 Safari/537.36"
82.165.185.18 - - [12/Jul/2021:06:42:54 -0400] "GET /wp-booking.php HTTP/1.1" 301 593 "anonymousfox.co" "Mozilla/5.0 (Windows NT 10.0; Win64; x64) AppleWebKit/537.36 (KHTML, like Gecko) Chrome/90.0.4430.85 Safari/537.36"
82.165.185.18 - - [12/Jul/2021:06:42:59 -0400] "GET /wp-booking.php HTTP/1.1" 404 63992 "anonymousfox.co" "Mozilla/5.0 (Windows NT 10.0; Win64; x64) AppleWebKit/537.36 (KHTML, like Gecko) Chrome/90.0.4430.85 Safari/537.36"
82.165.185.18 - - [12/Jul/2021:06:43:06 -0400] "GET /cindex.php HTTP/1.1" 301 585 "anonymousfox.co" "Mozilla/5.0 (Windows NT 10.0; Win64; x64) AppleWebKit/537.36 (KHTML, like Gecko) Chrome/90.0.4430.85 Safari/537.36"
82.165.185.18 - - [12/Jul/2021:06:43:11 -0400] "GET /cindex.php HTTP/1.1" 404 63992 "anonymousfox.co" "Mozilla/5.0 (Windows NT 10.0; Win64; x64) AppleWebKit/537.36 (KHTML, like Gecko) Chrome/90.0.4430.85 Safari/537.36"
82.165.185.18 - - [12/Jul/2021:06:43:20 -0400] "GET /wp-content/wp-1ogin_bak.php HTTP/1.1" 301 619 "anonymousfox.co" "Mozilla/5.0 (Windows NT 10.0; Win64; x64) AppleWebKit/537.36 (KHTML, like Gecko) Chrome/90.0.4430.85 Safari/537.36"
82.165.185.18 - - [12/Jul/2021:06:43:25 -0400] "GET /wp-content/wp-1ogin_bak.php HTTP/1.1" 404 63992 "anonymousfox.co" "Mozilla/5.0 (Windows NT 10.0; Win64; x64) AppleWebKit/537.36 (KHTML, like Gecko) Chrome/90.0.4430.85 Safari/537.36"
40.77.167.7 - - [12/Jul/2021:06:43:29 -0400] "GET /wp-content/uploads/2021/04/picture-15.jpg HTTP/1.1" 200 459236 "-" "Mozilla/5.0 (compatible; bingbot/2.0; +http://www.bing.com/bingbot.htm)"
82.165.185.18 - - [12/Jul/2021:06:43:37 -0400] "GET /wp-1ogin_bak.php HTTP/1.1" 301 597 "anonymousfox.co" "Mozilla/5.0 (Windows NT 10.0; Win64; x64) AppleWebKit/537.36 (KHTML, like Gecko) Chrome/90.0.4430.85 Safari/537.36"
82.165.185.18 - - [12/Jul/2021:06:43:42 -0400] "GET /wp-1ogin_bak.php HTTP/1.1" 404 63992 "anonymousfox.co" "Mozilla/5.0 (Windows NT 10.0; Win64; x64) AppleWebKit/537.36 (KHTML, like Gecko) Chrome/90.0.4430.85 Safari/537.36"
82.165.185.18 - - [12/Jul/2021:06:43:54 -0400] "GET /wp-includes/fonts/css.php HTTP/1.1" 301 615 "anonymousfox.co" "Mozilla/5.0 (Windows NT 10.0; Win64; x64) AppleWebKit/537.36 (KHTML, like Gecko) Chrome/90.0.4430.85 Safari/537.36"
204.48.19.85 - - [12/Jul/2021:06:43:59 -0400] "POST /wp-cron.php?doing_wp_cron=1626086639.3921871185302734375000 HTTP/1.1" 200 6295 "https://ajhydell.com/wp-cron.php?doing_wp_cron=1626086639.3921871185302734375000" "WordPress/5.7.2; https://ajhydell.com"
82.165.185.18 - - [12/Jul/2021:06:43:59 -0400] "GET /wp-includes/fonts/css.php HTTP/1.1" 404 63992 "anonymousfox.co" "Mozilla/5.0 (Windows NT 10.0; Win64; x64) AppleWebKit/537.36 (KHTML, like Gecko) Chrome/90.0.4430.85 Safari/537.36"
34.244.196.108 - - [12/Jul/2021:06:44:08 -0400] "GET /category/technology/feed/ HTTP/1.1" 200 6991 "-" "Krzana bot"
82.165.185.18 - - [12/Jul/2021:06:44:11 -0400] "GET /wp-includes/css/css.php HTTP/1.1" 301 611 "anonymousfox.co" "Mozilla/5.0 (Windows NT 10.0; Win64; x64) AppleWebKit/537.36 (KHTML, like Gecko) Chrome/90.0.4430.85 Safari/537.36"
82.165.185.18 - - [12/Jul/2021:06:44:17 -0400] "GET /wp-includes/css/css.php HTTP/1.1" 404 63992 "anonymousfox.co" "Mozilla/5.0 (Windows NT 10.0; Win64; x64) AppleWebKit/537.36 (KHTML, like Gecko) Chrome/90.0.4430.85 Safari/537.36"
82.165.185.18 - - [12/Jul/2021:06:44:27 -0400] "GET /old-index.php HTTP/1.1" 301 591 "anonymousfox.co" "Mozilla/5.0 (Windows NT 10.0; Win64; x64) AppleWebKit/537.36 (KHTML, like Gecko) Chrome/90.0.4430.85 Safari/537.36"
82.165.185.18 - - [12/Jul/2021:06:44:32 -0400] "GET /old-index.php HTTP/1.1" 404 63992 "anonymousfox.co" "Mozilla/5.0 (Windows NT 10.0; Win64; x64) AppleWebKit/537.36 (KHTML, like Gecko) Chrome/90.0.4430.85 Safari/537.36"
82.165.185.18 - - [12/Jul/2021:06:44:40 -0400] "GET /config.bak.php HTTP/1.1" 301 593 "anonymousfox.co" "Mozilla/5.0 (Windows NT 10.0; Win64; x64) AppleWebKit/537.36 (KHTML, like Gecko) Chrome/90.0.4430.85 Safari/537.36"
204.48.19.85 - - [12/Jul/2021:06:44:45 -0400] "POST /wp-cron.php?doing_wp_cron=1626086685.7030780315399169921875 HTTP/1.1" 200 6295 "https://ajhydell.com/wp-cron.php?doing_wp_cron=1626086685.7030780315399169921875" "WordPress/5.7.2; https://ajhydell.com"
82.165.185.18 - - [12/Jul/2021:06:44:45 -0400] "GET /config.bak.php HTTP/1.1" 404 63992 "anonymousfox.co" "Mozilla/5.0 (Windows NT 10.0; Win64; x64) AppleWebKit/537.36 (KHTML, like Gecko) Chrome/90.0.4430.85 Safari/537.36"
82.165.185.18 - - [12/Jul/2021:06:44:54 -0400] "GET /wp-admin/config.bak.php HTTP/1.1" 301 611 "anonymousfox.co" "Mozilla/5.0 (Windows NT 10.0; Win64; x64) AppleWebKit/537.36 (KHTML, like Gecko) Chrome/90.0.4430.85 Safari/537.36"
82.165.185.18 - - [12/Jul/2021:06:44:58 -0400] "GET /wp-admin/config.bak.php HTTP/1.1" 404 64869 "anonymousfox.co" "Mozilla/5.0 (Windows NT 10.0; Win64; x64) AppleWebKit/537.36 (KHTML, like Gecko) Chrome/90.0.4430.85 Safari/537.36"
82.165.185.18 - - [12/Jul/2021:06:45:07 -0400] "GET /wp-content/config.bak.php HTTP/1.1" 301 615 "anonymousfox.co" "Mozilla/5.0 (Windows NT 10.0; Win64; x64) AppleWebKit/537.36 (KHTML, like Gecko) Chrome/90.0.4430.85 Safari/537.36"
82.165.185.18 - - [12/Jul/2021:06:45:12 -0400] "GET /wp-content/config.bak.php HTTP/1.1" 404 63992 "anonymousfox.co" "Mozilla/5.0 (Windows NT 10.0; Win64; x64) AppleWebKit/537.36 (KHTML, like Gecko) Chrome/90.0.4430.85 Safari/537.36"
82.165.185.18 - - [12/Jul/2021:06:45:20 -0400] "GET /wp-includes/config.bak.php HTTP/1.1" 301 617 "anonymousfox.co" "Mozilla/5.0 (Windows NT 10.0; Win64; x64) AppleWebKit/537.36 (KHTML, like Gecko) Chrome/90.0.4430.85 Safari/537.36"
82.165.185.18 - - [12/Jul/2021:06:45:24 -0400] "GET /wp-includes/config.bak.php HTTP/1.1" 404 63992 "anonymousfox.co" "Mozilla/5.0 (Windows NT 10.0; Win64; x64) AppleWebKit/537.36 (KHTML, like Gecko) Chrome/90.0.4430.85 Safari/537.36"
82.165.185.18 - - [12/Jul/2021:06:45:30 -0400] "GET /wp-content/themes/config.bak.php HTTP/1.1" 301 629 "anonymousfox.co" "Mozilla/5.0 (Windows NT 10.0; Win64; x64) AppleWebKit/537.36 (KHTML, like Gecko) Chrome/90.0.4430.85 Safari/537.36"
82.165.185.18 - - [12/Jul/2021:06:45:36 -0400] "GET /wp-content/themes/config.bak.php HTTP/1.1" 404 63992 "anonymousfox.co" "Mozilla/5.0 (Windows NT 10.0; Win64; x64) AppleWebKit/537.36 (KHTML, like Gecko) Chrome/90.0.4430.85 Safari/537.36"
82.165.185.18 - - [12/Jul/2021:06:45:44 -0400] "GET /wp-content/plugins/config.bak.php HTTP/1.1" 301 631 "anonymousfox.co" "Mozilla/5.0 (Windows NT 10.0; Win64; x64) AppleWebKit/537.36 (KHTML, like Gecko) Chrome/90.0.4430.85 Safari/537.36"
204.48.19.85 - - [12/Jul/2021:06:45:50 -0400] "POST /wp-cron.php?doing_wp_cron=1626086750.0901379585266113281250 HTTP/1.1" 200 6295 "https://ajhydell.com/wp-cron.php?doing_wp_cron=1626086750.0901379585266113281250" "WordPress/5.7.2; https://ajhydell.com"
82.165.185.18 - - [12/Jul/2021:06:45:50 -0400] "GET /wp-content/plugins/config.bak.php HTTP/1.1" 404 63992 "anonymousfox.co" "Mozilla/5.0 (Windows NT 10.0; Win64; x64) AppleWebKit/537.36 (KHTML, like Gecko) Chrome/90.0.4430.85 Safari/537.36"
82.165.185.18 - - [12/Jul/2021:06:45:59 -0400] "POST /wp-includes/css/wp-config.php HTTP/1.1" 404 63992 "anonymousfox.co" "Mozilla/5.0 (Windows NT 10.0; Win64; x64) AppleWebKit/537.36 (KHTML, like Gecko) Chrome/90.0.4430.85 Safari/537.36"
82.165.185.18 - - [12/Jul/2021:06:46:06 -0400] "GET /wp-content/plugins/ubh/up.php HTTP/1.1" 301 623 "anonymousfox.co" "Mozilla/5.0 (Windows NT 10.0; Win64; x64) AppleWebKit/537.36 (KHTML, like Gecko) Chrome/90.0.4430.85 Safari/537.36"
82.165.185.18 - - [12/Jul/2021:06:46:10 -0400] "GET /wp-content/plugins/ubh/up.php HTTP/1.1" 404 63992 "anonymousfox.co" "Mozilla/5.0 (Windows NT 10.0; Win64; x64) AppleWebKit/537.36 (KHTML, like Gecko) Chrome/90.0.4430.85 Safari/537.36"
82.165.185.18 - - [12/Jul/2021:06:46:18 -0400] "GET /wp-includes/wpconfig.bak.php?act=sf HTTP/1.1" 301 635 "anonymousfox.co" "Mozilla/5.0 (Windows NT 10.0; Win64; x64) AppleWebKit/537.36 (KHTML, like Gecko) Chrome/90.0.4430.85 Safari/537.36"
82.165.185.18 - - [12/Jul/2021:06:46:23 -0400] "GET /wp-includes/wpconfig.bak.php?act=sf HTTP/1.1" 404 63992 "anonymousfox.co" "Mozilla/5.0 (Windows NT 10.0; Win64; x64) AppleWebKit/537.36 (KHTML, like Gecko) Chrome/90.0.4430.85 Safari/537.36"
18.197.18.220 - - [12/Jul/2021:06:46:24 -0400] "GET /wp-content/uploads/2020/11/picture-38-782x1024.jpg HTTP/1.1" 200 142943 "-" "-"
54.236.1.13 - - [12/Jul/2021:06:46:30 -0400] "GET /2019/10/16/woman-in-zanzibar-1900-681x1024/ HTTP/1.1" 200 18281 "-" "Mozilla/5.0 (compatible; Pinterestbot/1.0; +http://www.pinterest.com/bot.html)"
82.165.185.18 - - [12/Jul/2021:06:46:33 -0400] "GET /wp-content/plugins/wpconfig.bak.php?act=sf HTTP/1.1" 301 649 "anonymousfox.co" "Mozilla/5.0 (Windows NT 10.0; Win64; x64) AppleWebKit/537.36 (KHTML, like Gecko) Chrome/90.0.4430.85 Safari/537.36"
82.165.185.18 - - [12/Jul/2021:06:46:38 -0400] "GET /wp-content/plugins/wpconfig.bak.php?act=sf HTTP/1.1" 404 63992 "anonymousfox.co" "Mozilla/5.0 (Windows NT 10.0; Win64; x64) AppleWebKit/537.36 (KHTML, like Gecko) Chrome/90.0.4430.85 Safari/537.36"
82.165.185.18 - - [12/Jul/2021:06:46:46 -0400] "GET /haders.php HTTP/1.1" 301 585 "anonymousfox.co" "Mozilla/5.0 (Windows NT 10.0; Win64; x64) AppleWebKit/537.36 (KHTML, like Gecko) Chrome/90.0.4430.85 Safari/537.36"
204.48.19.85 - - [12/Jul/2021:06:46:51 -0400] "POST /wp-cron.php?doing_wp_cron=1626086811.5332949161529541015625 HTTP/1.1" 200 6295 "https://ajhydell.com/wp-cron.php?doing_wp_cron=1626086811.5332949161529541015625" "WordPress/5.7.2; https://ajhydell.com"
82.165.185.18 - - [12/Jul/2021:06:46:51 -0400] "GET /haders.php HTTP/1.1" 404 63992 "anonymousfox.co" "Mozilla/5.0 (Windows NT 10.0; Win64; x64) AppleWebKit/537.36 (KHTML, like Gecko) Chrome/90.0.4430.85 Safari/537.36"
40.77.167.7 - - [12/Jul/2021:06:46:57 -0400] "GET /wp-content/uploads/2018/11/picture-23.jpg HTTP/1.1" 200 91796 "-" "Mozilla/5.0 (compatible; bingbot/2.0; +http://www.bing.com/bingbot.htm)"
82.165.185.18 - - [12/Jul/2021:06:47:01 -0400] "GET /wp-content/wp-old-index.php?action=login&pass=-1&submit= HTTP/1.1" 301 685 "anonymousfox.co" "Mozilla/5.0 (Windows NT 10.0; Win64; x64) AppleWebKit/537.36 (KHTML, like Gecko) Chrome/90.0.4430.85 Safari/537.36"
82.165.185.18 - - [12/Jul/2021:06:47:06 -0400] "GET /wp-content/wp-old-index.php?action=login&pass=-1&submit= HTTP/1.1" 404 63992 "anonymousfox.co" "Mozilla/5.0 (Windows NT 10.0; Win64; x64) AppleWebKit/537.36 (KHTML, like Gecko) Chrome/90.0.4430.85 Safari/537.36"
82.165.185.18 - - [12/Jul/2021:06:47:13 -0400] "GET /legion.php HTTP/1.1" 301 585 "anonymousfox.co" "Mozilla/5.0 (Windows NT 10.0; Win64; x64) AppleWebKit/537.36 (KHTML, like Gecko) Chrome/90.0.4430.85 Safari/537.36"
82.165.185.18 - - [12/Jul/2021:06:47:18 -0400] "GET /legion.php HTTP/1.1" 404 63992 "anonymousfox.co" "Mozilla/5.0 (Windows NT 10.0; Win64; x64) AppleWebKit/537.36 (KHTML, like Gecko) Chrome/90.0.4430.85 Safari/537.36"
82.165.185.18 - - [12/Jul/2021:06:47:26 -0400] "GET /wp-content/mu-plugins/db-safe-mode.php HTTP/1.1" 301 641 "anonymousfox.co" "Mozilla/5.0 (Windows NT 10.0; Win64; x64) AppleWebKit/537.36 (KHTML, like Gecko) Chrome/90.0.4430.85 Safari/537.36"
82.165.185.18 - - [12/Jul/2021:06:47:30 -0400] "GET /wp-content/mu-plugins/db-safe-mode.php HTTP/1.1" 404 63992 "anonymousfox.co" "Mozilla/5.0 (Windows NT 10.0; Win64; x64) AppleWebKit/537.36 (KHTML, like Gecko) Chrome/90.0.4430.85 Safari/537.36"
82.165.185.18 - - [12/Jul/2021:06:47:38 -0400] "GET /wp-includes/lfx.php HTTP/1.1" 301 603 "anonymousfox.co" "Mozilla/5.0 (Windows NT 10.0; Win64; x64) AppleWebKit/537.36 (KHTML, like Gecko) Chrome/90.0.4430.85 Safari/537.36"
82.165.185.18 - - [12/Jul/2021:06:47:42 -0400] "GET /wp-includes/lfx.php HTTP/1.1" 404 63992 "anonymousfox.co" "Mozilla/5.0 (Windows NT 10.0; Win64; x64) AppleWebKit/537.36 (KHTML, like Gecko) Chrome/90.0.4430.85 Safari/537.36"
82.165.185.18 - - [12/Jul/2021:06:47:50 -0400] "GET /wp-includes/small.php HTTP/1.1" 301 607 "anonymousfox.co" "Mozilla/5.0 (Windows NT 10.0; Win64; x64) AppleWebKit/537.36 (KHTML, like Gecko) Chrome/90.0.4430.85 Safari/537.36"
204.48.19.85 - - [12/Jul/2021:06:47:56 -0400] "POST /wp-cron.php?doing_wp_cron=1626086876.1249799728393554687500 HTTP/1.1" 200 6295 "https://ajhydell.com/wp-cron.php?doing_wp_cron=1626086876.1249799728393554687500" "WordPress/5.7.2; https://ajhydell.com"
82.165.185.18 - - [12/Jul/2021:06:47:56 -0400] "GET /wp-includes/small.php HTTP/1.1" 404 63992 "anonymousfox.co" "Mozilla/5.0 (Windows NT 10.0; Win64; x64) AppleWebKit/537.36 (KHTML, like Gecko) Chrome/90.0.4430.85 Safari/537.36"
82.165.185.18 - - [12/Jul/2021:06:48:03 -0400] "GET /up.php HTTP/1.1" 301 577 "anonymousfox.co" "Mozilla/5.0 (Windows NT 10.0; Win64; x64) AppleWebKit/537.36 (KHTML, like Gecko) Chrome/90.0.4430.85 Safari/537.36"
82.165.185.18 - - [12/Jul/2021:06:48:08 -0400] "GET /up.php HTTP/1.1" 404 63992 "anonymousfox.co" "Mozilla/5.0 (Windows NT 10.0; Win64; x64) AppleWebKit/537.36 (KHTML, like Gecko) Chrome/90.0.4430.85 Safari/537.36"
82.165.185.18 - - [12/Jul/2021:06:48:16 -0400] "GET /upload.php HTTP/1.1" 301 585 "anonymousfox.co" "Mozilla/5.0 (Windows NT 10.0; Win64; x64) AppleWebKit/537.36 (KHTML, like Gecko) Chrome/90.0.4430.85 Safari/537.36"
82.165.185.18 - - [12/Jul/2021:06:48:21 -0400] "GET /upload.php HTTP/1.1" 404 63992 "anonymousfox.co" "Mozilla/5.0 (Windows NT 10.0; Win64; x64) AppleWebKit/537.36 (KHTML, like Gecko) Chrome/90.0.4430.85 Safari/537.36"
82.165.185.18 - - [12/Jul/2021:06:48:29 -0400] "GET /config.php HTTP/1.1" 301 585 "anonymousfox.co" "Mozilla/5.0 (Windows NT 10.0; Win64; x64) AppleWebKit/537.36 (KHTML, like Gecko) Chrome/90.0.4430.85 Safari/537.36"
82.165.185.18 - - [12/Jul/2021:06:48:33 -0400] "GET /config.php HTTP/1.1" 404 63992 "anonymousfox.co" "Mozilla/5.0 (Windows NT 10.0; Win64; x64) AppleWebKit/537.36 (KHTML, like Gecko) Chrome/90.0.4430.85 Safari/537.36"
82.165.185.18 - - [12/Jul/2021:06:48:42 -0400] "GET /test.php?Ghost=send HTTP/1.1" 301 603 "anonymousfox.co" "Mozilla/5.0 (Windows NT 10.0; Win64; x64) AppleWebKit/537.36 (KHTML, like Gecko) Chrome/90.0.4430.85 Safari/537.36"
204.48.19.85 - - [12/Jul/2021:06:48:47 -0400] "POST /wp-cron.php?doing_wp_cron=1626086927.5307900905609130859375 HTTP/1.1" 200 6295 "https://ajhydell.com/wp-cron.php?doing_wp_cron=1626086927.5307900905609130859375" "WordPress/5.7.2; https://ajhydell.com"
82.165.185.18 - - [12/Jul/2021:06:48:47 -0400] "GET /test.php?Ghost=send HTTP/1.1" 404 63992 "anonymousfox.co" "Mozilla/5.0 (Windows NT 10.0; Win64; x64) AppleWebKit/537.36 (KHTML, like Gecko) Chrome/90.0.4430.85 Safari/537.36"
82.165.185.18 - - [12/Jul/2021:06:48:56 -0400] "GET /wp-content/langar.php HTTP/1.1" 301 607 "anonymousfox.co" "Mozilla/5.0 (Windows NT 10.0; Win64; x64) AppleWebKit/537.36 (KHTML, like Gecko) Chrome/90.0.4430.85 Safari/537.36"
