207.46.13.22 - - [04/Jul/2021:05:27:40 -0400] "GET /2018/08/13/young-girl-in-the-hospital-receiving-medical-therapy-from-ducklings-1956-605x537/ HTTP/1.1" 200 18586 "-" "Mozilla/5.0 (compatible; bingbot/2.0; +http://www.bing.com/bingbot.htm)"
204.48.19.85 - - [04/Jul/2021:05:28:09 -0400] "POST /wp-cron.php?doing_wp_cron=1625390889.6561329364776611328125 HTTP/1.1" 200 6295 "https://ajhydell.com/wp-cron.php?doing_wp_cron=1625390889.6561329364776611328125" "WordPress/5.7.2; https://ajhydell.com"
213.174.148.161 - - [04/Jul/2021:05:28:09 -0400] "GET /robots.txt HTTP/1.1" 200 5874 "-" "Mozilla/5.0 (X11; Ubuntu; Linux x86_64; rv:39.0) Gecko/20100101 Firefox/39.0"
213.174.148.161 - - [04/Jul/2021:05:28:09 -0400] "GET /2020/03/04/the-18th-century-misadventures-of-hms-wage/ HTTP/1.1" 200 41669 "-" "Mozilla/5.0 (X11; Ubuntu; Linux x86_64; rv:39.0) Gecko/20100101 Firefox/39.0"
204.48.19.85 - - [04/Jul/2021:05:29:10 -0400] "POST /wp-cron.php?doing_wp_cron=1625390950.8183341026306152343750 HTTP/1.1" 200 6295 "https://ajhydell.com/wp-cron.php?doing_wp_cron=1625390950.8183341026306152343750" "WordPress/5.7.2; https://ajhydell.com"
157.55.39.22 - - [04/Jul/2021:05:29:10 -0400] "GET /2020/01/03/ HTTP/1.1" 200 18338 "-" "Mozilla/5.0 (compatible; bingbot/2.0; +http://www.bing.com/bingbot.htm)"
185.191.171.36 - - [04/Jul/2021:05:29:40 -0400] "GET /2019/04/19/japanese-unit-731-personnel-conduct-a-bacteriological-trial-upon-a-chinese-prisoner-november-1940-nongan-county-china/ HTTP/1.1" 200 19188 "-" "Mozilla/5.0 (compatible; SemrushBot/7~bl; +http://www.semrush.com/bot.html)"
204.48.19.85 - - [04/Jul/2021:05:30:19 -0400] "POST /wp-cron.php?doing_wp_cron=1625391019.4122629165649414062500 HTTP/1.1" 200 6295 "https://ajhydell.com/wp-cron.php?doing_wp_cron=1625391019.4122629165649414062500" "WordPress/5.7.2; https://ajhydell.com"
157.55.39.57 - - [04/Jul/2021:05:30:19 -0400] "GET /2019/03/page/2/ HTTP/1.1" 200 19335 "-" "Mozilla/5.0 (compatible; bingbot/2.0; +http://www.bing.com/bingbot.htm)"
204.48.19.85 - - [04/Jul/2021:05:30:48 -0400] "POST /wp-cron.php?doing_wp_cron=1625391048.6347711086273193359375 HTTP/1.1" 200 6295 "https://ajhydell.com/wp-cron.php?doing_wp_cron=1625391048.6347711086273193359375" "WordPress/5.7.2; https://ajhydell.com"
192.241.213.228 - - [04/Jul/2021:05:30:48 -0400] "GET /owa/auth/logon.aspx?url=https%3a%2f%2f1%2fecp%2f HTTP/1.1" 404 64454 "-" "Mozilla/5.0 zgrab/0.x"
204.48.19.85 - - [04/Jul/2021:05:35:16 -0400] "POST /wp-cron.php?doing_wp_cron=1625391316.9074060916900634765625 HTTP/1.1" 200 6295 "https://ajhydell.com/wp-cron.php?doing_wp_cron=1625391316.9074060916900634765625" "WordPress/5.7.2; https://ajhydell.com"
207.46.13.22 - - [04/Jul/2021:05:35:16 -0400] "GET / HTTP/1.1" 200 20253 "-" "Mozilla/5.0 (compatible; bingbot/2.0; +http://www.bing.com/bingbot.htm)"
204.48.19.85 - - [04/Jul/2021:05:36:37 -0400] "POST /wp-cron.php?doing_wp_cron=1625391397.3621060848236083984375 HTTP/1.1" 200 6295 "https://ajhydell.com/wp-cron.php?doing_wp_cron=1625391397.3621060848236083984375" "WordPress/5.7.2; https://ajhydell.com"
54.36.148.117 - - [04/Jul/2021:05:36:37 -0400] "GET /2020/10/01/neither-black-nor-red-it-should-be-the-whole-of-germany-vote-proposition-4-confederation-of-the-expelled-and-disenfranchised-west-germany-1957/ HTTP/1.1" 200 19235 "-" "Mozilla/5.0 (compatible; AhrefsBot/7.0; +http://ahrefs.com/robot/)"
204.48.19.85 - - [04/Jul/2021:05:36:46 -0400] "POST /wp-cron.php?doing_wp_cron=1625391406.6003909111022949218750 HTTP/1.1" 200 6295 "https://ajhydell.com/wp-cron.php?doing_wp_cron=1625391406.6003909111022949218750" "WordPress/5.7.2; https://ajhydell.com"
185.191.171.37 - - [04/Jul/2021:05:36:46 -0400] "GET /2020/02/21/liberian-psa-against-child-sexual-abuse-2000s/ HTTP/1.1" 200 18908 "-" "Mozilla/5.0 (compatible; SemrushBot/7~bl; +http://www.semrush.com/bot.html)"
40.77.167.94 - - [04/Jul/2021:05:36:48 -0400] "GET /2021/07/04/international-womens-day-we-congratulate-you-dear-women-soviet-union-1963/ HTTP/1.1" 200 18519 "-" "Mozilla/5.0 (compatible; bingbot/2.0; +http://www.bing.com/bingbot.htm)"
40.77.139.3 - - [04/Jul/2021:05:36:49 -0400] "GET /wp-content/themes/royal-magazine/js/skip-link-focus-fix.js?ver=20151215 HTTP/1.1" 200 6966 "https://ajhydell.com/2021/07/04/international-womens-day-we-congratulate-you-dear-women-soviet-union-1963/" "Mozilla/5.0 (Windows NT 6.1; WOW64) AppleWebKit/534+ (KHTML, like Gecko) BingPreview/1.0b"
40.77.139.3 - - [04/Jul/2021:05:36:49 -0400] "GET /wp-content/themes/royal-magazine/assets/twp/js/custom-script.js?ver=5.7.2 HTTP/1.1" 200 9037 "https://ajhydell.com/2021/07/04/international-womens-day-we-congratulate-you-dear-women-soviet-union-1963/" "Mozilla/5.0 (Windows NT 6.1; WOW64) AppleWebKit/534+ (KHTML, like Gecko) BingPreview/1.0b"
40.77.139.3 - - [04/Jul/2021:05:36:49 -0400] "GET /wp-content/themes/royal-magazine/assets/libraries/slick/js/slick.min.js?ver=5.7.2 HTTP/1.1" 200 16732 "https://ajhydell.com/2021/07/04/international-womens-day-we-congratulate-you-dear-women-soviet-union-1963/" "Mozilla/5.0 (Windows NT 6.1; WOW64) AppleWebKit/534+ (KHTML, like Gecko) BingPreview/1.0b"
40.77.139.3 - - [04/Jul/2021:05:36:49 -0400] "GET /wp-includes/js/wp-embed.min.js?ver=5.7.2 HTTP/1.1" 200 7251 "https://ajhydell.com/2021/07/04/international-womens-day-we-congratulate-you-dear-women-soviet-union-1963/" "Mozilla/5.0 (Windows NT 6.1; WOW64) AppleWebKit/534+ (KHTML, like Gecko) BingPreview/1.0b"
40.77.139.3 - - [04/Jul/2021:05:36:54 -0400] "GET /?wordfence_lh=1&hid=4BDC34261D0F4DB3B332B419D61701D1&r=0.08115254053216336 HTTP/1.1" 200 347 "https://ajhydell.com/2021/07/04/international-womens-day-we-congratulate-you-dear-women-soviet-union-1963/" "Mozilla/5.0 (Windows NT 6.1; WOW64) AppleWebKit/534+ (KHTML, like Gecko) BingPreview/1.0b"
207.46.13.96 - - [04/Jul/2021:05:37:00 -0400] "GET /robots.txt HTTP/1.1" 301 585 "-" "Mozilla/5.0 (compatible; bingbot/2.0; +http://www.bing.com/bingbot.htm)"
207.46.13.96 - - [04/Jul/2021:05:37:01 -0400] "GET /robots.txt HTTP/1.1" 200 6094 "-" "Mozilla/5.0 (compatible; bingbot/2.0; +http://www.bing.com/bingbot.htm)"
207.46.13.5 - - [04/Jul/2021:05:37:42 -0400] "GET /wp-content/uploads/2021/07/picture-16.jpg HTTP/1.1" 200 1001391 "-" "Mozilla/5.0 (compatible; bingbot/2.0; +http://www.bing.com/bingbot.htm)"
204.48.19.85 - - [04/Jul/2021:05:38:38 -0400] "POST /wp-cron.php?doing_wp_cron=1625391518.3625569343566894531250 HTTP/1.1" 200 6295 "https://ajhydell.com/wp-cron.php?doing_wp_cron=1625391518.3625569343566894531250" "WordPress/5.7.2; https://ajhydell.com"
66.249.66.132 - - [04/Jul/2021:05:38:38 -0400] "GET /?wordfence_lh=1&hid=AB62D76878AAA97C73D4FD4617686433 HTTP/1.1" 200 6341 "-" "Mozilla/5.0 (compatible; Googlebot/2.1; +http://www.google.com/bot.html)"
204.48.19.85 - - [04/Jul/2021:05:39:19 -0400] "POST /wp-cron.php?doing_wp_cron=1625391559.3791439533233642578125 HTTP/1.1" 200 6295 "https://ajhydell.com/wp-cron.php?doing_wp_cron=1625391559.3791439533233642578125" "WordPress/5.7.2; https://ajhydell.com"
207.46.13.22 - - [04/Jul/2021:05:39:19 -0400] "GET /2021/05/29/king-edward-vii-and-tsar-nicholas-ii-on-board-the-russian-imperial-yacht-standart-at-reval-russia-now-tallinn-estonia-june-1908/ HTTP/1.1" 200 18892 "-" "Mozilla/5.0 (compatible; bingbot/2.0; +http://www.bing.com/bingbot.htm)"
185.191.171.39 - - [04/Jul/2021:05:39:33 -0400] "GET /2020/04/20/ HTTP/1.1" 200 18604 "-" "Mozilla/5.0 (compatible; SemrushBot/7~bl; +http://www.semrush.com/bot.html)"
207.46.13.96 - - [04/Jul/2021:05:39:42 -0400] "GET /wp-content/uploads/2020/08/picture-40.jpg HTTP/1.1" 200 46093 "-" "Mozilla/5.0 (compatible; bingbot/2.0; +http://www.bing.com/bingbot.htm)"
204.48.19.85 - - [04/Jul/2021:05:39:54 -0400] "POST /wp-cron.php?doing_wp_cron=1625391594.1257209777832031250000 HTTP/1.1" 200 6295 "https://ajhydell.com/wp-cron.php?doing_wp_cron=1625391594.1257209777832031250000" "WordPress/5.7.2; https://ajhydell.com"
207.46.13.120 - - [04/Jul/2021:05:39:54 -0400] "GET /2021/03/26/groovy-double-knit-fancies-for-men-in-the-1970s/ HTTP/1.1" 200 18561 "-" "Mozilla/5.0 (compatible; bingbot/2.0; +http://www.bing.com/bingbot.htm)"
204.48.19.85 - - [04/Jul/2021:05:42:07 -0400] "POST /wp-cron.php?doing_wp_cron=1625391727.9219510555267333984375 HTTP/1.1" 200 6295 "https://ajhydell.com/wp-cron.php?doing_wp_cron=1625391727.9219510555267333984375" "WordPress/5.7.2; https://ajhydell.com"
54.36.148.117 - - [04/Jul/2021:05:42:07 -0400] "GET /2020/09/28/american-infantrymen-crowd-into-a-mud-filled-bomb-crater-and-look-up-at-tall-jungle-trees-seeking-out-viet-cong-snipers-firing-at-them-during-a-battle-in-phuoc-vinh-north-northeast-of-saigon-in-vietn/ HTTP/1.1" 200 19524 "-" "Mozilla/5.0 (compatible; AhrefsBot/7.0; +http://ahrefs.com/robot/)"
204.48.19.85 - - [04/Jul/2021:05:43:52 -0400] "POST /wp-cron.php?doing_wp_cron=1625391832.7956299781799316406250 HTTP/1.1" 200 6295 "https://ajhydell.com/wp-cron.php?doing_wp_cron=1625391832.7956299781799316406250" "WordPress/5.7.2; https://ajhydell.com"
122.116.248.74 - - [04/Jul/2021:05:43:52 -0400] "POST /wp-login.php HTTP/1.1" 200 8861 "-" "Mozilla/5.0 (Windows NT 6.3; Win64; x64) AppleWebKit/537.36 (KHTML, like Gecko) Chrome/79.0.3945.88 Safari/537.36"
204.48.19.85 - - [04/Jul/2021:05:45:14 -0400] "POST /wp-cron.php?doing_wp_cron=1625391914.1508040428161621093750 HTTP/1.1" 200 6295 "https://ajhydell.com/wp-cron.php?doing_wp_cron=1625391914.1508040428161621093750" "WordPress/5.7.2; https://ajhydell.com"
218.67.51.127 - - [04/Jul/2021:05:45:14 -0400] "GET / HTTP/1.1" 200 104638 "https://ajhydell.com/" "Mozilla/5.0 (Windows NT 10.0; Win64; x64) AppleWebKit/537.36 (KHTML, like Gecko) Chrome/80.0.3987.149 Safari/537.36"
204.48.19.85 - - [04/Jul/2021:05:46:44 -0400] "POST /wp-cron.php?doing_wp_cron=1625392004.9794371128082275390625 HTTP/1.1" 200 6295 "https://ajhydell.com/wp-cron.php?doing_wp_cron=1625392004.9794371128082275390625" "WordPress/5.7.2; https://ajhydell.com"
183.181.98.160 - - [04/Jul/2021:05:46:44 -0400] "POST /wp-login.php HTTP/1.1" 200 8861 "-" "Mozilla/5.0 (Windows NT 10.0; Win64; x64) AppleWebKit/537.36 (KHTML, like Gecko) Chrome/66.0.3359.117 Safari/537.36"
54.36.148.117 - - [04/Jul/2021:05:47:40 -0400] "GET /2020/09/28/be-really-refreshed-coca-cola-1959/ HTTP/1.1" 200 19316 "-" "Mozilla/5.0 (compatible; AhrefsBot/7.0; +http://ahrefs.com/robot/)"
204.48.19.85 - - [04/Jul/2021:05:48:08 -0400] "POST /wp-cron.php?doing_wp_cron=1625392088.5912289619445800781250 HTTP/1.1" 200 6295 "https://ajhydell.com/wp-cron.php?doing_wp_cron=1625392088.5912289619445800781250" "WordPress/5.7.2; https://ajhydell.com"
77.75.76.162 - - [04/Jul/2021:05:48:08 -0400] "GET /robots.txt HTTP/1.1" 200 6517 "-" "Mozilla/5.0 (compatible; SeznamBot/3.2; +http://napoveda.seznam.cz/en/seznambot-intro/)"
77.75.76.162 - - [04/Jul/2021:05:48:10 -0400] "GET /wp-content/uploads/2021/05/picture-64.jpg HTTP/1.1" 304 6272 "-" "Mozilla/5.0 (compatible; SeznamBot/3.2; +http://napoveda.seznam.cz/en/seznambot-intro/)"
204.48.19.85 - - [04/Jul/2021:05:48:55 -0400] "POST /wp-cron.php?doing_wp_cron=1625392135.5126669406890869140625 HTTP/1.1" 200 6295 "https://ajhydell.com/wp-cron.php?doing_wp_cron=1625392135.5126669406890869140625" "WordPress/5.7.2; https://ajhydell.com"
157.55.39.134 - - [04/Jul/2021:05:48:55 -0400] "GET /2019/03/04/british-commandos-and-american-rangers-after-returning-from-a-raid-on-dieppe/ HTTP/1.1" 200 18650 "-" "Mozilla/5.0 (compatible; bingbot/2.0; +http://www.bing.com/bingbot.htm)"
157.55.39.57 - - [04/Jul/2021:05:49:25 -0400] "GET /2020/01/01/wehrmacht-soldier-with-his-arm-blown-off-somewhere-on-the-eastern-front/ HTTP/1.1" 200 18686 "-" "Mozilla/5.0 (compatible; bingbot/2.0; +http://www.bing.com/bingbot.htm)"
185.191.171.44 - - [04/Jul/2021:05:49:31 -0400] "GET /2018/10/25/ HTTP/1.1" 200 18529 "-" "Mozilla/5.0 (compatible; SemrushBot/7~bl; +http://www.semrush.com/bot.html)"
204.48.19.85 - - [04/Jul/2021:05:50:21 -0400] "POST /wp-cron.php?doing_wp_cron=1625392221.3758230209350585937500 HTTP/1.1" 200 6295 "https://ajhydell.com/wp-cron.php?doing_wp_cron=1625392221.3758230209350585937500" "WordPress/5.7.2; https://ajhydell.com"
66.249.66.132 - - [04/Jul/2021:05:50:21 -0400] "GET /sitemap-pt-customize_changeset-2019-08.xml HTTP/1.1" 200 6753 "-" "Mozilla/5.0 (compatible; Googlebot/2.1; +http://www.google.com/bot.html)"
40.77.167.20 - - [04/Jul/2021:05:51:01 -0400] "GET /wp-content/uploads/2020/10/picture-140.jpg HTTP/1.1" 200 461639 "-" "Mozilla/5.0 (compatible; bingbot/2.0; +http://www.bing.com/bingbot.htm)"
204.48.19.85 - - [04/Jul/2021:05:52:08 -0400] "POST /wp-cron.php?doing_wp_cron=1625392328.9339179992675781250000 HTTP/1.1" 200 6295 "https://ajhydell.com/wp-cron.php?doing_wp_cron=1625392328.9339179992675781250000" "WordPress/5.7.2; https://ajhydell.com"
157.55.39.136 - - [04/Jul/2021:05:52:08 -0400] "GET /2019/03/09/the-uniform-of-archduke-franz-ferdinand-from-1914-whose-assassination-triggered-the-outbreak-of-world-war-i-661x859/ HTTP/1.1" 200 18755 "-" "Mozilla/5.0 (compatible; bingbot/2.0; +http://www.bing.com/bingbot.htm)"
204.48.19.85 - - [04/Jul/2021:05:53:14 -0400] "POST /wp-cron.php?doing_wp_cron=1625392394.4770910739898681640625 HTTP/1.1" 200 6295 "https://ajhydell.com/wp-cron.php?doing_wp_cron=1625392394.4770910739898681640625" "WordPress/5.7.2; https://ajhydell.com"
54.36.148.117 - - [04/Jul/2021:05:53:14 -0400] "GET /2020/02/13/luftwaffe-pilot-adolf-galland-preparing-to-take-a-gift-basket-of-champagne-and-lobster-for-a-generals-birthday/ HTTP/1.1" 200 19337 "-" "Mozilla/5.0 (compatible; AhrefsBot/7.0; +http://ahrefs.com/robot/)"
204.48.19.85 - - [04/Jul/2021:05:53:45 -0400] "POST /wp-cron.php?doing_wp_cron=1625392425.8431310653686523437500 HTTP/1.1" 200 6295 "https://ajhydell.com/wp-cron.php?doing_wp_cron=1625392425.8431310653686523437500" "WordPress/5.7.2; https://ajhydell.com"
66.249.66.136 - - [04/Jul/2021:05:53:45 -0400] "GET /2019/05/11/thats-the-spot-to-hit-give-us-the-stuff-and-well-hit-it-wwii-poster-advocating-the-bombardment-of-tokyo-as-pointed-by-admiral-chester-w-nimitz-c-1944/ HTTP/1.1" 200 19235 "-" "Mozilla/5.0 (Linux; Android 6.0.1; Nexus 5X Build/MMB29P) AppleWebKit/537.36 (KHTML, like Gecko) Chrome/91.0.4472.90 Mobile Safari/537.36 (compatible; Googlebot/2.1; +http://www.google.com/bot.html)"
66.249.66.134 - - [04/Jul/2021:05:54:20 -0400] "GET /feed/ HTTP/1.1" 200 8479 "-" "Mozilla/5.0 (compatible; Googlebot/2.1; +http://www.google.com/bot.html)"
66.249.66.136 - - [04/Jul/2021:05:54:24 -0400] "GET /2021/07/04/international-womens-day-we-congratulate-you-dear-women-soviet-union-1963/ HTTP/1.1" 200 18922 "-" "Mozilla/5.0 (Linux; Android 6.0.1; Nexus 5X Build/MMB29P) AppleWebKit/537.36 (KHTML, like Gecko) Chrome/91.0.4472.90 Mobile Safari/537.36 (compatible; Googlebot/2.1; +http://www.google.com/bot.html)"
66.249.66.134 - - [04/Jul/2021:05:54:38 -0400] "GET /wp-content/plugins/add-expires-headers/cache/0/com/processed-header-f16a8d323e83e1bc1b76514e283fb81b7090a959.min.css HTTP/1.1" 200 58766 "https://ajhydell.com/2021/07/04/international-womens-day-we-congratulate-you-dear-women-soviet-union-1963/" "Mozilla/5.0 (Linux; Android 6.0.1; Nexus 5X Build/MMB29P) AppleWebKit/537.36 (KHTML, like Gecko) Chrome/91.0.4472.90 Mobile Safari/537.36 (compatible; Googlebot/2.1; +http://www.google.com/bot.html)"
66.249.66.134 - - [04/Jul/2021:05:54:41 -0400] "GET /wp-content/uploads/2021/07/picture-16.jpg HTTP/1.1" 200 995392 "-" "Googlebot-Image/1.0"
66.249.66.134 - - [04/Jul/2021:05:54:41 -0400] "GET /wp-content/plugins/facebook-pagelike-widget/loader.gif HTTP/1.1" 304 276 "-" "Googlebot-Image/1.0"
66.249.66.134 - - [04/Jul/2021:05:54:42 -0400] "GET /wp-content/uploads/2018/08/cropped-logo-32x32.jpg HTTP/1.1" 304 275 "-" "Googlebot-Image/1.0"
66.249.66.132 - - [04/Jul/2021:05:54:42 -0400] "GET /wp-content/uploads/2018/08/logo.jpg HTTP/1.1" 304 6272 "-" "Googlebot-Image/1.0"
185.191.171.36 - - [04/Jul/2021:05:54:44 -0400] "GET /2020/11/20/the-rough-rider-theodore-roosevelt-1907/ HTTP/1.1" 200 19128 "-" "Mozilla/5.0 (compatible; SemrushBot/7~bl; +http://www.semrush.com/bot.html)"
204.48.19.85 - - [04/Jul/2021:05:56:40 -0400] "POST /wp-cron.php?doing_wp_cron=1625392600.3631739616394042968750 HTTP/1.1" 200 6295 "https://ajhydell.com/wp-cron.php?doing_wp_cron=1625392600.3631739616394042968750" "WordPress/5.7.2; https://ajhydell.com"
207.46.13.22 - - [04/Jul/2021:05:56:40 -0400] "GET /2021/04/03/original-caption-the-fuhrer-inspects-paris-which-has-quickly-returned-to-normal-life-under-german-occupation-troops-at-the-fuhrers-side-are-professors-giesler-speer-and-breker-in-the-background/ HTTP/1.1" 200 19146 "-" "Mozilla/5.0 (compatible; bingbot/2.0; +http://www.bing.com/bingbot.htm)"
34.212.4.78 - - [04/Jul/2021:05:58:00 -0400] "GET /ads.txt HTTP/1.1" 301 579 "-" "Mozilla/5.0 (X11; Linux x86_64) AppleWebKit/537.36 (KHTML, like Gecko) Chrome/44.0.2403.157 Safari/537.36"
34.212.4.78 - - [04/Jul/2021:05:58:01 -0400] "GET /ads.txt HTTP/1.1" 406 6153 "-" "Mozilla/5.0 (X11; Linux x86_64) AppleWebKit/537.36 (KHTML, like Gecko) Chrome/44.0.2403.157 Safari/537.36"
204.48.19.85 - - [04/Jul/2021:05:58:57 -0400] "POST /wp-cron.php?doing_wp_cron=1625392737.3216829299926757812500 HTTP/1.1" 200 6295 "https://ajhydell.com/wp-cron.php?doing_wp_cron=1625392737.3216829299926757812500" "WordPress/5.7.2; https://ajhydell.com"
54.36.148.117 - - [04/Jul/2021:05:58:57 -0400] "GET /2019/08/02/ HTTP/1.1" 200 18688 "-" "Mozilla/5.0 (compatible; AhrefsBot/7.0; +http://ahrefs.com/robot/)"
204.48.19.85 - - [04/Jul/2021:05:59:59 -0400] "POST /wp-cron.php?doing_wp_cron=1625392799.8958380222320556640625 HTTP/1.1" 200 6295 "https://ajhydell.com/wp-cron.php?doing_wp_cron=1625392799.8958380222320556640625" "WordPress/5.7.2; https://ajhydell.com"
17.121.112.4 - - [04/Jul/2021:05:59:59 -0400] "GET /2018/10/18/two-rangers-engage-snipers-holed-up-in-a-warehouse-at-arzew-harboralgeria-1943/ HTTP/1.1" 200 18419 "-" "Mozilla/5.0 (Macintosh; Intel Mac OS X 10_15_5) AppleWebKit/605.1.15 (KHTML, like Gecko) Version/13.1.1 Safari/605.1.15 (Applebot/0.1; +http://www.apple.com/go/applebot)"
204.48.19.85 - - [04/Jul/2021:06:01:18 -0400] "POST /wp-cron.php?doing_wp_cron=1625392878.0606551170349121093750 HTTP/1.1" 200 6295 "https://ajhydell.com/wp-cron.php?doing_wp_cron=1625392878.0606551170349121093750" "WordPress/5.7.2; https://ajhydell.com"
213.32.58.223 - - [04/Jul/2021:06:01:17 -0400] "POST /wp-login.php HTTP/1.1" 503 24797 "-" "Mozilla/5.0 (Windows NT 6.3; Win64; x64) AppleWebKit/537.36 (KHTML, like Gecko) Chrome/79.0.3945.88 Safari/537.36"
204.48.19.85 - - [04/Jul/2021:06:02:29 -0400] "POST /wp-cron.php?doing_wp_cron=1625392949.4661200046539306640625 HTTP/1.1" 200 6295 "https://ajhydell.com/wp-cron.php?doing_wp_cron=1625392949.4661200046539306640625" "WordPress/5.7.2; https://ajhydell.com"
185.191.171.40 - - [04/Jul/2021:06:02:29 -0400] "GET /2021/03/10/american-airlines-1971/ HTTP/1.1" 200 18861 "-" "Mozilla/5.0 (compatible; SemrushBot/7~bl; +http://www.semrush.com/bot.html)"
204.48.19.85 - - [04/Jul/2021:06:04:26 -0400] "POST /wp-cron.php?doing_wp_cron=1625393066.7993950843811035156250 HTTP/1.1" 200 6295 "https://ajhydell.com/wp-cron.php?doing_wp_cron=1625393066.7993950843811035156250" "WordPress/5.7.2; https://ajhydell.com"
54.36.148.117 - - [04/Jul/2021:06:04:26 -0400] "GET /2019/07/31/a-burning-american-m4-sherman-tank-knocked-out-by-a-panzerfaust-fired-by-members-of-the-hitler-youth-leipzig-1945/ HTTP/1.1" 200 19082 "-" "Mozilla/5.0 (compatible; AhrefsBot/7.0; +http://ahrefs.com/robot/)"
204.48.19.85 - - [04/Jul/2021:06:06:58 -0400] "POST /wp-cron.php?doing_wp_cron=1625393218.3904778957366943359375 HTTP/1.1" 200 6295 "https://ajhydell.com/wp-cron.php?doing_wp_cron=1625393218.3904778957366943359375" "WordPress/5.7.2; https://ajhydell.com"
204.48.19.85 - - [04/Jul/2021:06:06:58 -0400] "POST /wp-cron.php?doing_wp_cron=1625393218.3905060291290283203125 HTTP/1.1" 200 6295 "https://ajhydell.com/wp-cron.php?doing_wp_cron=1625393218.3905060291290283203125" "WordPress/5.7.2; https://ajhydell.com"
66.249.66.136 - - [04/Jul/2021:06:06:58 -0400] "GET /robots.txt HTTP/1.1" 200 6517 "-" "Mozilla/5.0 (compatible; Googlebot/2.1; +http://www.google.com/bot.html)"
66.249.66.132 - - [04/Jul/2021:06:06:58 -0400] "GET /2019/05/11/ HTTP/1.1" 200 18444 "-" "Mozilla/5.0 (Linux; Android 6.0.1; Nexus 5X Build/MMB29P) AppleWebKit/537.36 (KHTML, like Gecko) Chrome/91.0.4472.90 Mobile Safari/537.36 (compatible; Googlebot/2.1; +http://www.google.com/bot.html)"
157.55.39.136 - - [04/Jul/2021:06:07:49 -0400] "GET /wp-content/uploads/2020/06/picture-23.jpg HTTP/1.1" 200 59599 "-" "Mozilla/5.0 (compatible; bingbot/2.0; +http://www.bing.com/bingbot.htm)"
204.48.19.85 - - [04/Jul/2021:06:08:04 -0400] "POST /wp-cron.php?doing_wp_cron=1625393284.4050800800323486328125 HTTP/1.1" 200 6295 "https://ajhydell.com/wp-cron.php?doing_wp_cron=1625393284.4050800800323486328125" "WordPress/5.7.2; https://ajhydell.com"
207.46.13.96 - - [04/Jul/2021:06:08:04 -0400] "GET /2020/02/27/a-spotter-watches-for-german-air-raids-while-premier-leagues-match-arsenal-vs-carlton-athletic-goes-on-1940-960x750/ HTTP/1.1" 200 18700 "-" "Mozilla/5.0 (compatible; bingbot/2.0; +http://www.bing.com/bingbot.htm)"
157.55.39.57 - - [04/Jul/2021:06:08:09 -0400] "GET /2018/12/24/scrooge/ HTTP/1.1" 200 18437 "-" "Mozilla/5.0 (compatible; bingbot/2.0; +http://www.bing.com/bingbot.htm)"
23.100.232.233 - - [04/Jul/2021:06:08:18 -0400] "GET /2021/02/05/young-punks-in-communist-hungary-budapest-1982-2000x1237/ HTTP/1.1" 200 18549 "-" "Mozilla/5.0 (compatible; MSIE 9.0; Windows NT 6.0; Trident/5.0;  Trident/5.0)"
23.100.232.233 - - [04/Jul/2021:06:08:19 -0400] "GET /wp-content/plugins/add-expires-headers/cache/0/com/processed-header-f16a8d323e83e1bc1b76514e283fb81b7090a959.min.css HTTP/1.1" 200 52893 "https://ajhydell.com/2021/02/05/young-punks-in-communist-hungary-budapest-1982-2000x1237/" "Mozilla/5.0 (compatible; MSIE 9.0; Windows NT 6.0; Trident/5.0;  Trident/5.0)"
23.100.232.233 - - [04/Jul/2021:06:08:20 -0400] "GET /wp-includes/js/jquery/jquery.min.js?ver=3.5.1 HTTP/1.1" 200 31550 "https://ajhydell.com/2021/02/05/young-punks-in-communist-hungary-budapest-1982-2000x1237/" "Mozilla/5.0 (compatible; MSIE 9.0; Windows NT 6.0; Trident/5.0;  Trident/5.0)"
23.100.232.233 - - [04/Jul/2021:06:08:20 -0400] "GET /wp-content/plugins/google-analytics-for-wordpress/assets/js/frontend-gtag.min.js?ver=7.17.0 HTTP/1.1" 200 3476 "https://ajhydell.com/2021/02/05/young-punks-in-communist-hungary-budapest-1982-2000x1237/" "Mozilla/5.0 (compatible; MSIE 9.0; Windows NT 6.0; Trident/5.0;  Trident/5.0)"
23.100.232.233 - - [04/Jul/2021:06:08:20 -0400] "GET /wp-includes/js/jquery/jquery-migrate.min.js?ver=3.3.2 HTTP/1.1" 200 4687 "https://ajhydell.com/2021/02/05/young-punks-in-communist-hungary-budapest-1982-2000x1237/" "Mozilla/5.0 (compatible; MSIE 9.0; Windows NT 6.0; Trident/5.0;  Trident/5.0)"
23.100.232.233 - - [04/Jul/2021:06:08:22 -0400] "GET /wp-content/plugins/wp-smushit/app/assets/js/smush-lazy-load.min.js?ver=3.8.7 HTTP/1.1" 200 4207 "https://ajhydell.com/2021/02/05/young-punks-in-communist-hungary-budapest-1982-2000x1237/" "Mozilla/5.0 (compatible; MSIE 9.0; Windows NT 6.0; Trident/5.0;  Trident/5.0)"
23.100.232.233 - - [04/Jul/2021:06:08:22 -0400] "GET /wp-includes/js/wp-emoji-release.min.js?ver=5.7.2 HTTP/1.1" 200 5183 "https://ajhydell.com/2021/02/05/young-punks-in-communist-hungary-budapest-1982-2000x1237/" "Mozilla/5.0 (compatible; MSIE 9.0; Windows NT 6.0; Trident/5.0;  Trident/5.0)"
23.100.232.233 - - [04/Jul/2021:06:08:23 -0400] "GET /wp-content/themes/royal-magazine/js/skip-link-focus-fix.js?ver=20151215 HTTP/1.1" 200 933 "https://ajhydell.com/2021/02/05/young-punks-in-communist-hungary-budapest-1982-2000x1237/" "Mozilla/5.0 (compatible; MSIE 9.0; Windows NT 6.0; Trident/5.0;  Trident/5.0)"
23.100.232.233 - - [04/Jul/2021:06:08:23 -0400] "GET /wp-content/themes/royal-magazine/js/navigation.js?ver=20151215 HTTP/1.1" 200 1349 "https://ajhydell.com/2021/02/05/young-punks-in-communist-hungary-budapest-1982-2000x1237/" "Mozilla/5.0 (compatible; MSIE 9.0; Windows NT 6.0; Trident/5.0;  Trident/5.0)"
23.100.232.233 - - [04/Jul/2021:06:08:23 -0400] "GET /wp-content/themes/royal-magazine/assets/libraries/marquee/jquery.marquee.js?ver=5.7.2 HTTP/1.1" 200 5103 "https://ajhydell.com/2021/02/05/young-punks-in-communist-hungary-budapest-1982-2000x1237/" "Mozilla/5.0 (compatible; MSIE 9.0; Windows NT 6.0; Trident/5.0;  Trident/5.0)"
23.100.232.233 - - [04/Jul/2021:06:08:23 -0400] "GET /wp-content/themes/royal-magazine/assets/libraries/bootstrap/js/bootstrap.min.js?ver=5.7.2 HTTP/1.1" 200 10404 "https://ajhydell.com/2021/02/05/young-punks-in-communist-hungary-budapest-1982-2000x1237/" "Mozilla/5.0 (compatible; MSIE 9.0; Windows NT 6.0; Trident/5.0;  Trident/5.0)"
23.100.232.233 - - [04/Jul/2021:06:08:23 -0400] "GET /wp-content/themes/royal-magazine/assets/twp/js/custom-script.js?ver=5.7.2 HTTP/1.1" 200 3023 "https://ajhydell.com/2021/02/05/young-punks-in-communist-hungary-budapest-1982-2000x1237/" "Mozilla/5.0 (compatible; MSIE 9.0; Windows NT 6.0; Trident/5.0;  Trident/5.0)"
23.100.232.233 - - [04/Jul/2021:06:08:23 -0400] "GET /wp-content/themes/royal-magazine/assets/libraries/magnific-popup/jquery.magnific-popup.min.js?ver=5.7.2 HTTP/1.1" 200 7871 "https://ajhydell.com/2021/02/05/young-punks-in-communist-hungary-budapest-1982-2000x1237/" "Mozilla/5.0 (compatible; MSIE 9.0; Windows NT 6.0; Trident/5.0;  Trident/5.0)"
23.100.232.233 - - [04/Jul/2021:06:08:24 -0400] "GET /wp-content/plugins/facebook-pagelike-widget/fb.js?ver=1.0 HTTP/1.1" 200 821 "https://ajhydell.com/2021/02/05/young-punks-in-communist-hungary-budapest-1982-2000x1237/" "Mozilla/5.0 (compatible; MSIE 9.0; Windows NT 6.0; Trident/5.0;  Trident/5.0)"
23.100.232.233 - - [04/Jul/2021:06:08:24 -0400] "GET /wp-content/themes/royal-magazine/assets/libraries/slick/js/slick.min.js?ver=5.7.2 HTTP/1.1" 200 10740 "https://ajhydell.com/2021/02/05/young-punks-in-communist-hungary-budapest-1982-2000x1237/" "Mozilla/5.0 (compatible; MSIE 9.0; Windows NT 6.0; Trident/5.0;  Trident/5.0)"
23.100.232.233 - - [04/Jul/2021:06:08:24 -0400] "GET /wp-includes/js/wp-embed.min.js?ver=5.7.2 HTTP/1.1" 200 1221 "https://ajhydell.com/2021/02/05/young-punks-in-communist-hungary-budapest-1982-2000x1237/" "Mozilla/5.0 (compatible; MSIE 9.0; Windows NT 6.0; Trident/5.0;  Trident/5.0)"
23.100.232.233 - - [04/Jul/2021:06:08:24 -0400] "GET /wp-content/themes/royal-magazine/assets/libraries/theiaStickySidebar/theia-sticky-sidebar.min.js?ver=5.7.2 HTTP/1.1" 200 2271 "https://ajhydell.com/2021/02/05/young-punks-in-communist-hungary-budapest-1982-2000x1237/" "Mozilla/5.0 (compatible; MSIE 9.0; Windows NT 6.0; Trident/5.0;  Trident/5.0)"
23.100.232.233 - - [04/Jul/2021:06:08:25 -0400] "GET /?wordfence_lh=1&hid=902EB33ABDA087E940E2425C0367A409&r=0.23782022148278065 HTTP/1.1" 200 357 "https://ajhydell.com/2021/02/05/young-punks-in-communist-hungary-budapest-1982-2000x1237/" "Mozilla/5.0 (compatible; MSIE 9.0; Windows NT 6.0; Trident/5.0;  Trident/5.0)"
40.77.167.20 - - [04/Jul/2021:06:08:52 -0400] "GET /wp-content/uploads/2021/04/picture-55-768x584.jpg HTTP/1.1" 200 844123 "-" "Mozilla/5.0 (compatible; bingbot/2.0; +http://www.bing.com/bingbot.htm)"
204.48.19.85 - - [04/Jul/2021:06:09:58 -0400] "POST /wp-cron.php?doing_wp_cron=1625393398.9061579704284667968750 HTTP/1.1" 200 6295 "https://ajhydell.com/wp-cron.php?doing_wp_cron=1625393398.9061579704284667968750" "WordPress/5.7.2; https://ajhydell.com"
54.36.148.117 - - [04/Jul/2021:06:09:58 -0400] "GET /2019/09/25/ HTTP/1.1" 200 18499 "-" "Mozilla/5.0 (compatible; AhrefsBot/7.0; +http://ahrefs.com/robot/)"
17.121.115.103 - - [04/Jul/2021:06:10:30 -0400] "GET /2020/11/20/everything-from-soup-to-dessert-swanson-frozen-dinners-1964/ HTTP/1.1" 200 18581 "-" "Mozilla/5.0 (Macintosh; Intel Mac OS X 10_15_5) AppleWebKit/605.1.15 (KHTML, like Gecko) Version/13.1.1 Safari/605.1.15 (Applebot/0.1; +http://www.apple.com/go/applebot)"
157.55.39.22 - - [04/Jul/2021:06:10:37 -0400] "GET /2021/03/30/british-railways-1979/ HTTP/1.1" 200 18623 "-" "Mozilla/5.0 (compatible; bingbot/2.0; +http://www.bing.com/bingbot.htm)"
204.48.19.85 - - [04/Jul/2021:06:11:23 -0400] "POST /wp-cron.php?doing_wp_cron=1625393483.3535430431365966796875 HTTP/1.1" 200 6295 "https://ajhydell.com/wp-cron.php?doing_wp_cron=1625393483.3535430431365966796875" "WordPress/5.7.2; https://ajhydell.com"
185.191.171.37 - - [04/Jul/2021:06:11:23 -0400] "GET /robots.txt HTTP/1.1" 200 6480 "-" "Mozilla/5.0 (compatible; SemrushBot/7~bl; +http://www.semrush.com/bot.html)"
185.191.171.45 - - [04/Jul/2021:06:11:23 -0400] "GET /2018/12/01/ HTTP/1.1" 200 18706 "-" "Mozilla/5.0 (compatible; SemrushBot/7~bl; +http://www.semrush.com/bot.html)"
61.219.11.151 - - [04/Jul/2021:06:13:12 -0400] "GET / HTTP/1.0" 400 0 "-" "-"
204.48.19.85 - - [04/Jul/2021:06:14:02 -0400] "POST /wp-cron.php?doing_wp_cron=1625393642.8241689205169677734375 HTTP/1.1" 200 6295 "https://ajhydell.com/wp-cron.php?doing_wp_cron=1625393642.8241689205169677734375" "WordPress/5.7.2; https://ajhydell.com"
185.191.171.7 - - [04/Jul/2021:06:14:02 -0400] "GET /2020/02/16/mugshot-of-one-sidney-kelly-charged-with-numerous-offences-such-as-shooting-and-assault-25th-june-1924-1500-x-1113/ HTTP/1.1" 200 19163 "-" "Mozilla/5.0 (compatible; SemrushBot/7~bl; +http://www.semrush.com/bot.html)"
204.48.19.85 - - [04/Jul/2021:06:15:00 -0400] "POST /wp-cron.php?doing_wp_cron=1625393700.6547420024871826171875 HTTP/1.1" 200 6295 "https://ajhydell.com/wp-cron.php?doing_wp_cron=1625393700.6547420024871826171875" "WordPress/5.7.2; https://ajhydell.com"
54.36.148.117 - - [04/Jul/2021:06:15:00 -0400] "GET /2019/02/21/1938-french-open-champion-simonne-mathieu-and-runner-up-nelly-landry-with-marlene-dietrich-as-a-spectator/ HTTP/1.1" 200 19075 "-" "Mozilla/5.0 (compatible; AhrefsBot/7.0; +http://ahrefs.com/robot/)"
98.150.199.66 - - [04/Jul/2021:06:15:49 -0400] "GET /wp-content/uploads/2019/06/picture-34.jpg HTTP/1.1" 200 3394773 "https://www.google.com/" "Mozilla/5.0 (Windows NT 10.0; Win64; x64) AppleWebKit/537.36 (KHTML, like Gecko) Chrome/91.0.4472.114 Safari/537.36"
204.48.19.85 - - [04/Jul/2021:06:16:06 -0400] "POST /wp-cron.php?doing_wp_cron=1625393766.8322169780731201171875 HTTP/1.1" 200 6295 "https://ajhydell.com/wp-cron.php?doing_wp_cron=1625393766.8322169780731201171875" "WordPress/5.7.2; https://ajhydell.com"
5.188.48.58 - - [04/Jul/2021:06:16:06 -0400] "GET /2020/08/12/brenda-skyes/ HTTP/1.0" 200 67526 "https://ajhydell.com/2020/08/12/brenda-skyes/" "Mozilla/5.0 (Windows NT 6.3; Win64; x64) AppleWebKit/537.36 (KHTML, like Gecko) Chrome/83.0.4103.44 Safari/537.36"
204.48.19.85 - - [04/Jul/2021:06:16:55 -0400] "POST /wp-cron.php?doing_wp_cron=1625393815.9042479991912841796875 HTTP/1.1" 200 6295 "https://ajhydell.com/wp-cron.php?doing_wp_cron=1625393815.9042479991912841796875" "WordPress/5.7.2; https://ajhydell.com"
173.236.168.109 - - [04/Jul/2021:06:16:55 -0400] "POST /wp-login.php HTTP/1.1" 200 8861 "-" "Mozilla/5.0 (Windows NT 6.3; Win64; x64) AppleWebKit/537.36 (KHTML, like Gecko) Chrome/57.0.2987.133 Safari/537.36"
204.48.19.85 - - [04/Jul/2021:06:18:12 -0400] "POST /wp-cron.php?doing_wp_cron=1625393892.3523099422454833984375 HTTP/1.1" 200 6295 "https://ajhydell.com/wp-cron.php?doing_wp_cron=1625393892.3523099422454833984375" "WordPress/5.7.2; https://ajhydell.com"
34.250.29.67 - - [04/Jul/2021:06:18:12 -0400] "GET /feed/ HTTP/1.1" 200 8423 "-" "Krzana bot"
204.48.19.85 - - [04/Jul/2021:06:19:20 -0400] "POST /wp-cron.php?doing_wp_cron=1625393960.0914759635925292968750 HTTP/1.1" 200 6295 "https://ajhydell.com/wp-cron.php?doing_wp_cron=1625393960.0914759635925292968750" "WordPress/5.7.2; https://ajhydell.com"
54.36.148.117 - - [04/Jul/2021:06:19:20 -0400] "GET /2020/10/16/my-great-grandfather-3rd-from-right-as-part-of-the-nfs-overseas-contingent-he-fought-fires-during-the-blitz-before-shipping-to-belgium-to-support-the-us-forces-with-protecting-their-facilities/ HTTP/1.1" 200 19347 "-" "Mozilla/5.0 (compatible; AhrefsBot/7.0; +http://ahrefs.com/robot/)"
195.154.63.222 - - [04/Jul/2021:06:19:41 -0400] "GET /.well-known/security.txt HTTP/1.1" 301 6405 "-" "Mozilla/5.0 (X11; Ubuntu; Linux x86_64; rv:58.0) Gecko/20100101 Firefox/58.0"
204.48.19.85 - - [04/Jul/2021:06:19:50 -0400] "POST /wp-cron.php?doing_wp_cron=1625393990.0310869216918945312500 HTTP/1.1" 200 6295 "https://ajhydell.com/wp-cron.php?doing_wp_cron=1625393990.0310869216918945312500" "WordPress/5.7.2; https://ajhydell.com"
157.55.39.22 - - [04/Jul/2021:06:19:49 -0400] "GET /2020/05/17/american-soldiers-examine-block-13-hochwald-west-fortress-on-the-maginot-line-in-1944-750-x-940/ HTTP/1.1" 200 18797 "-" "Mozilla/5.0 (compatible; bingbot/2.0; +http://www.bing.com/bingbot.htm)"
204.48.19.85 - - [04/Jul/2021:06:21:07 -0400] "POST /wp-cron.php?doing_wp_cron=1625394067.2630600929260253906250 HTTP/1.1" 200 6295 "https://ajhydell.com/wp-cron.php?doing_wp_cron=1625394067.2630600929260253906250" "WordPress/5.7.2; https://ajhydell.com"
17.121.115.96 - - [04/Jul/2021:06:21:07 -0400] "GET /2020/09/26/24-hour-phone-secretary-from-ansa-fone-answering-machine/ HTTP/1.1" 200 18394 "-" "Mozilla/5.0 (Macintosh; Intel Mac OS X 10_15_5) AppleWebKit/605.1.15 (KHTML, like Gecko) Version/13.1.1 Safari/605.1.15 (Applebot/0.1; +http://www.apple.com/go/applebot)"
157.55.39.57 - - [04/Jul/2021:06:22:56 -0400] "GET /wp-content/uploads/2019/07/picture-58.jpg HTTP/1.1" 200 1226832 "-" "Mozilla/5.0 (compatible; bingbot/2.0; +http://www.bing.com/bingbot.htm)"
204.48.19.85 - - [04/Jul/2021:06:23:29 -0400] "POST /wp-cron.php?doing_wp_cron=1625394209.0848569869995117187500 HTTP/1.1" 200 6295 "https://ajhydell.com/wp-cron.php?doing_wp_cron=1625394209.0848569869995117187500" "WordPress/5.7.2; https://ajhydell.com"
54.36.148.117 - - [04/Jul/2021:06:23:29 -0400] "GET /2019/01/18/newsweek-in-1983-when-russians-shot-down-a-civilian-aircraft-and-1988-when-americans-shot-down-a-civilian-aircraft/ HTTP/1.1" 200 19149 "-" "Mozilla/5.0 (compatible; AhrefsBot/7.0; +http://ahrefs.com/robot/)"
204.48.19.85 - - [04/Jul/2021:06:25:04 -0400] "POST /wp-cron.php?doing_wp_cron=1625394304.5723180770874023437500 HTTP/1.1" 200 6295 "https://ajhydell.com/wp-cron.php?doing_wp_cron=1625394304.5723180770874023437500" "WordPress/5.7.2; https://ajhydell.com"
17.121.114.130 - - [04/Jul/2021:06:25:04 -0400] "GET /2020/02/01/german-soilder-sharing-his-meal/ HTTP/1.1" 200 18339 "-" "Mozilla/5.0 (Macintosh; Intel Mac OS X 10_15_5) AppleWebKit/605.1.15 (KHTML, like Gecko) Version/13.1.1 Safari/605.1.15 (Applebot/0.1; +http://www.apple.com/go/applebot)"
88.235.1.104 - - [04/Jul/2021:06:28:11 -0400] "GET /wp-content/uploads/2020/01/picture-4-715x1024.jpg HTTP/1.1" 200 160343 "https://www.bing.com/" "Mozilla/5.0 (Windows NT 10.0; Win64; x64) AppleWebKit/537.36 (KHTML, like Gecko) Chrome/91.0.4472.124 Safari/537.36"
88.235.1.104 - - [04/Jul/2021:06:28:14 -0400] "GET /wp-content/uploads/2020/01/picture-4-715x1024.jpg HTTP/1.1" 200 154301 "https://www.bing.com/" "Mozilla/5.0 (Windows NT 10.0; Win64; x64) AppleWebKit/537.36 (KHTML, like Gecko) Chrome/91.0.4472.124 Safari/537.36"
204.48.19.85 - - [04/Jul/2021:06:28:15 -0400] "POST /wp-cron.php?doing_wp_cron=1625394495.5094430446624755859375 HTTP/1.1" 200 6295 "https://ajhydell.com/wp-cron.php?doing_wp_cron=1625394495.5094430446624755859375" "WordPress/5.7.2; https://ajhydell.com"
88.235.1.104 - - [04/Jul/2021:06:28:15 -0400] "GET /favicon.ico HTTP/1.1" 302 466 "https://ajhydell.com/wp-content/uploads/2020/01/picture-4-715x1024.jpg" "Mozilla/5.0 (Windows NT 10.0; Win64; x64) AppleWebKit/537.36 (KHTML, like Gecko) Chrome/91.0.4472.124 Safari/537.36"
88.235.1.104 - - [04/Jul/2021:06:28:15 -0400] "GET /wp-content/uploads/2018/08/cropped-logo-32x32.jpg HTTP/1.1" 200 1314 "https://ajhydell.com/wp-content/uploads/2020/01/picture-4-715x1024.jpg" "Mozilla/5.0 (Windows NT 10.0; Win64; x64) AppleWebKit/537.36 (KHTML, like Gecko) Chrome/91.0.4472.124 Safari/537.36"
54.36.148.117 - - [04/Jul/2021:06:28:30 -0400] "GET /2020/01/23/the-famous-picture-of-a-captured-ss-soldier-with-canadian-guards-1944/ HTTP/1.1" 200 19166 "-" "Mozilla/5.0 (compatible; AhrefsBot/7.0; +http://ahrefs.com/robot/)"
204.48.19.85 - - [04/Jul/2021:06:29:13 -0400] "POST /wp-cron.php?doing_wp_cron=1625394553.7030799388885498046875 HTTP/1.1" 200 6295 "https://ajhydell.com/wp-cron.php?doing_wp_cron=1625394553.7030799388885498046875" "WordPress/5.7.2; https://ajhydell.com"
157.55.39.136 - - [04/Jul/2021:06:29:13 -0400] "GET /2018/09/17/children-of-new-china-1950/ HTTP/1.1" 200 18633 "-" "Mozilla/5.0 (compatible; bingbot/2.0; +http://www.bing.com/bingbot.htm)"
207.46.13.22 - - [04/Jul/2021:06:31:20 -0400] "GET /wp-content/uploads/2019/05/picture-42-806x1024.jpg HTTP/1.1" 200 231868 "-" "Mozilla/5.0 (compatible; bingbot/2.0; +http://www.bing.com/bingbot.htm)"
204.48.19.85 - - [04/Jul/2021:06:31:59 -0400] "POST /wp-cron.php?doing_wp_cron=1625394719.6457059383392333984375 HTTP/1.1" 200 6295 "https://ajhydell.com/wp-cron.php?doing_wp_cron=1625394719.6457059383392333984375" "WordPress/5.7.2; https://ajhydell.com"
213.32.58.223 - - [04/Jul/2021:06:31:59 -0400] "POST /wp-login.php HTTP/1.1" 503 24797 "-" "Mozilla/5.0 (Windows NT 6.3; WOW64) AppleWebKit/537.36 (KHTML, like Gecko) Chrome/47.0.2526.106 Safari/537.36"
204.48.19.85 - - [04/Jul/2021:06:33:08 -0400] "POST /wp-cron.php?doing_wp_cron=1625394788.4531869888305664062500 HTTP/1.1" 200 6295 "https://ajhydell.com/wp-cron.php?doing_wp_cron=1625394788.4531869888305664062500" "WordPress/5.7.2; https://ajhydell.com"
54.36.148.117 - - [04/Jul/2021:06:33:08 -0400] "GET /2021/04/02/flying-officer-raymond-newton-from-wellington-nz-serving-in-112-raf-squadron-stands-next-to-a-mustang-iii-on-an-airfield-in-italy-photograph-taken-12th-september-1944-by-cedric-raymond-mentiplay/ HTTP/1.1" 200 19287 "-" "Mozilla/5.0 (compatible; AhrefsBot/7.0; +http://ahrefs.com/robot/)"
204.48.19.85 - - [04/Jul/2021:06:35:13 -0400] "POST /wp-cron.php?doing_wp_cron=1625394913.1997680664062500000000 HTTP/1.1" 200 6295 "https://ajhydell.com/wp-cron.php?doing_wp_cron=1625394913.1997680664062500000000" "WordPress/5.7.2; https://ajhydell.com"
5.255.253.148 - - [04/Jul/2021:06:35:13 -0400] "GET /robots.txt HTTP/1.1" 200 6535 "-" "Mozilla/5.0 (compatible; YandexBot/3.0; +http://yandex.com/bots)"
5.255.253.148 - - [04/Jul/2021:06:35:16 -0400] "GET /2019/11/21/ HTTP/1.1" 200 12567 "-" "Mozilla/5.0 (compatible; YandexBot/3.0; +http://yandex.com/bots)"
93.141.192.183 - - [04/Jul/2021:06:36:15 -0400] "GET /wp-login.php HTTP/1.1" 403 22748 "-" "Mozilla/4.0 (compatible; MSIE 6.0; Windows NT 5.0)"
204.48.19.85 - - [04/Jul/2021:06:37:25 -0400] "POST /?wordfence_syncAttackData=1625395045.0589 HTTP/1.1" 200 6300 "https://ajhydell.com/?wordfence_syncAttackData=1625395045.0589" "WordPress/5.7.2; https://ajhydell.com"
204.48.19.85 - - [04/Jul/2021:06:37:25 -0400] "POST /wp-cron.php?doing_wp_cron=1625395045.1434779167175292968750 HTTP/1.1" 200 6295 "https://ajhydell.com/wp-cron.php?doing_wp_cron=1625395045.1434779167175292968750" "WordPress/5.7.2; https://ajhydell.com"
54.36.148.117 - - [04/Jul/2021:06:37:25 -0400] "GET /2021/06/20/thirst-too-seeks-quality-coca-cola-june-1950/ HTTP/1.1" 200 19157 "-" "Mozilla/5.0 (compatible; AhrefsBot/7.0; +http://ahrefs.com/robot/)"
204.48.19.85 - - [04/Jul/2021:06:39:31 -0400] "POST /wp-cron.php?doing_wp_cron=1625395171.7929050922393798828125 HTTP/1.1" 200 6295 "https://ajhydell.com/wp-cron.php?doing_wp_cron=1625395171.7929050922393798828125" "WordPress/5.7.2; https://ajhydell.com"
207.46.13.80 - - [04/Jul/2021:06:39:31 -0400] "GET /2020/08/04/soldier-during-the-vietnam-war/ HTTP/1.1" 200 18756 "-" "Mozilla/5.0 (compatible; bingbot/2.0; +http://www.bing.com/bingbot.htm)"
18.158.106.204 - - [04/Jul/2021:06:40:32 -0400] "GET /wp-content/uploads/2018/12/picture-8.jpg HTTP/1.1" 200 1281684 "-" "willnorris/imageproxy"
204.48.19.85 - - [04/Jul/2021:06:40:47 -0400] "POST /wp-cron.php?doing_wp_cron=1625395247.2771980762481689453125 HTTP/1.1" 200 6295 "https://ajhydell.com/wp-cron.php?doing_wp_cron=1625395247.2771980762481689453125" "WordPress/5.7.2; https://ajhydell.com"
217.171.66.94 - - [04/Jul/2021:06:40:47 -0400] "GET /2018/12/03/leonid-rogozov-cutting-out-his-own-appendix-30-april-1961/ HTTP/1.1" 200 19168 "-" "Mozilla/5.0 (iPhone; CPU iPhone OS 14_6 like Mac OS X) AppleWebKit/605.1.15 (KHTML, like Gecko) Mobile/15E148 Version/13.1 (Ecosia ios@4.1.10.875) Safari/604.1"
217.171.66.94 - - [04/Jul/2021:06:40:47 -0400] "GET /wp-content/plugins/add-expires-headers/cache/0/com/processed-header-f16a8d323e83e1bc1b76514e283fb81b7090a959.min.css HTTP/1.1" 200 52771 "https://ajhydell.com/2018/12/03/leonid-rogozov-cutting-out-his-own-appendix-30-april-1961/" "Mozilla/5.0 (iPhone; CPU iPhone OS 14_6 like Mac OS X) AppleWebKit/605.1.15 (KHTML, like Gecko) Mobile/15E148 Version/13.1 (Ecosia ios@4.1.10.875) Safari/604.1"
217.171.66.94 - - [04/Jul/2021:06:40:47 -0400] "GET /wp-content/plugins/google-analytics-for-wordpress/assets/js/frontend-gtag.min.js?ver=7.17.0 HTTP/1.1" 200 9333 "https://ajhydell.com/2018/12/03/leonid-rogozov-cutting-out-his-own-appendix-30-april-1961/" "Mozilla/5.0 (iPhone; CPU iPhone OS 14_6 like Mac OS X) AppleWebKit/605.1.15 (KHTML, like Gecko) Mobile/15E148 Version/13.1 (Ecosia ios@4.1.10.875) Safari/604.1"
217.171.66.94 - - [04/Jul/2021:06:40:47 -0400] "GET /wp-content/plugins/wp-smushit/app/assets/js/smush-lazy-load.min.js?ver=3.8.7 HTTP/1.1" 200 4174 "https://ajhydell.com/2018/12/03/leonid-rogozov-cutting-out-his-own-appendix-30-april-1961/" "Mozilla/5.0 (iPhone; CPU iPhone OS 14_6 like Mac OS X) AppleWebKit/605.1.15 (KHTML, like Gecko) Mobile/15E148 Version/13.1 (Ecosia ios@4.1.10.875) Safari/604.1"
217.171.66.94 - - [04/Jul/2021:06:40:47 -0400] "GET /wp-includes/js/jquery/jquery-migrate.min.js?ver=3.3.2 HTTP/1.1" 200 10701 "https://ajhydell.com/2018/12/03/leonid-rogozov-cutting-out-his-own-appendix-30-april-1961/" "Mozilla/5.0 (iPhone; CPU iPhone OS 14_6 like Mac OS X) AppleWebKit/605.1.15 (KHTML, like Gecko) Mobile/15E148 Version/13.1 (Ecosia ios@4.1.10.875) Safari/604.1"
217.171.66.94 - - [04/Jul/2021:06:40:47 -0400] "GET /wp-includes/js/jquery/jquery.min.js?ver=3.5.1 HTTP/1.1" 200 37516 "https://ajhydell.com/2018/12/03/leonid-rogozov-cutting-out-his-own-appendix-30-april-1961/" "Mozilla/5.0 (iPhone; CPU iPhone OS 14_6 like Mac OS X) AppleWebKit/605.1.15 (KHTML, like Gecko) Mobile/15E148 Version/13.1 (Ecosia ios@4.1.10.875) Safari/604.1"
217.171.66.94 - - [04/Jul/2021:06:40:48 -0400] "GET /wp-content/themes/royal-magazine/js/navigation.js?ver=20151215 HTTP/1.1" 200 1333 "https://ajhydell.com/2018/12/03/leonid-rogozov-cutting-out-his-own-appendix-30-april-1961/" "Mozilla/5.0 (iPhone; CPU iPhone OS 14_6 like Mac OS X) AppleWebKit/605.1.15 (KHTML, like Gecko) Mobile/15E148 Version/13.1 (Ecosia ios@4.1.10.875) Safari/604.1"
217.171.66.94 - - [04/Jul/2021:06:40:48 -0400] "GET /wp-content/themes/royal-magazine/js/skip-link-focus-fix.js?ver=20151215 HTTP/1.1" 200 924 "https://ajhydell.com/2018/12/03/leonid-rogozov-cutting-out-his-own-appendix-30-april-1961/" "Mozilla/5.0 (iPhone; CPU iPhone OS 14_6 like Mac OS X) AppleWebKit/605.1.15 (KHTML, like Gecko) Mobile/15E148 Version/13.1 (Ecosia ios@4.1.10.875) Safari/604.1"
217.171.66.94 - - [04/Jul/2021:06:40:48 -0400] "GET /wp-content/themes/royal-magazine/assets/libraries/slick/js/slick.min.js?ver=5.7.2 HTTP/1.1" 200 10690 "https://ajhydell.com/2018/12/03/leonid-rogozov-cutting-out-his-own-appendix-30-april-1961/" "Mozilla/5.0 (iPhone; CPU iPhone OS 14_6 like Mac OS X) AppleWebKit/605.1.15 (KHTML, like Gecko) Mobile/15E148 Version/13.1 (Ecosia ios@4.1.10.875) Safari/604.1"
217.171.66.94 - - [04/Jul/2021:06:40:48 -0400] "GET /wp-content/themes/royal-magazine/assets/libraries/bootstrap/js/bootstrap.min.js?ver=5.7.2 HTTP/1.1" 200 10350 "https://ajhydell.com/2018/12/03/leonid-rogozov-cutting-out-his-own-appendix-30-april-1961/" "Mozilla/5.0 (iPhone; CPU iPhone OS 14_6 like Mac OS X) AppleWebKit/605.1.15 (KHTML, like Gecko) Mobile/15E148 Version/13.1 (Ecosia ios@4.1.10.875) Safari/604.1"
217.171.66.94 - - [04/Jul/2021:06:40:48 -0400] "GET /wp-content/themes/royal-magazine/assets/libraries/marquee/jquery.marquee.js?ver=5.7.2 HTTP/1.1" 200 5071 "https://ajhydell.com/2018/12/03/leonid-rogozov-cutting-out-his-own-appendix-30-april-1961/" "Mozilla/5.0 (iPhone; CPU iPhone OS 14_6 like Mac OS X) AppleWebKit/605.1.15 (KHTML, like Gecko) Mobile/15E148 Version/13.1 (Ecosia ios@4.1.10.875) Safari/604.1"
217.171.66.94 - - [04/Jul/2021:06:40:48 -0400] "GET /wp-content/themes/royal-magazine/assets/libraries/theiaStickySidebar/theia-sticky-sidebar.min.js?ver=5.7.2 HTTP/1.1" 200 2236 "https://ajhydell.com/2018/12/03/leonid-rogozov-cutting-out-his-own-appendix-30-april-1961/" "Mozilla/5.0 (iPhone; CPU iPhone OS 14_6 like Mac OS X) AppleWebKit/605.1.15 (KHTML, like Gecko) Mobile/15E148 Version/13.1 (Ecosia ios@4.1.10.875) Safari/604.1"
217.171.66.94 - - [04/Jul/2021:06:40:48 -0400] "GET /wp-content/themes/royal-magazine/assets/libraries/magnific-popup/jquery.magnific-popup.min.js?ver=5.7.2 HTTP/1.1" 200 7838 "https://ajhydell.com/2018/12/03/leonid-rogozov-cutting-out-his-own-appendix-30-april-1961/" "Mozilla/5.0 (iPhone; CPU iPhone OS 14_6 like Mac OS X) AppleWebKit/605.1.15 (KHTML, like Gecko) Mobile/15E148 Version/13.1 (Ecosia ios@4.1.10.875) Safari/604.1"
217.171.66.94 - - [04/Jul/2021:06:40:48 -0400] "GET /wp-content/themes/royal-magazine/assets/twp/js/custom-script.js?ver=5.7.2 HTTP/1.1" 200 2995 "https://ajhydell.com/2018/12/03/leonid-rogozov-cutting-out-his-own-appendix-30-april-1961/" "Mozilla/5.0 (iPhone; CPU iPhone OS 14_6 like Mac OS X) AppleWebKit/605.1.15 (KHTML, like Gecko) Mobile/15E148 Version/13.1 (Ecosia ios@4.1.10.875) Safari/604.1"
217.171.66.94 - - [04/Jul/2021:06:40:48 -0400] "GET /wp-includes/js/wp-embed.min.js?ver=5.7.2 HTTP/1.1" 200 1209 "https://ajhydell.com/2018/12/03/leonid-rogozov-cutting-out-his-own-appendix-30-april-1961/" "Mozilla/5.0 (iPhone; CPU iPhone OS 14_6 like Mac OS X) AppleWebKit/605.1.15 (KHTML, like Gecko) Mobile/15E148 Version/13.1 (Ecosia ios@4.1.10.875) Safari/604.1"
217.171.66.94 - - [04/Jul/2021:06:40:48 -0400] "GET /wp-content/plugins/facebook-pagelike-widget/fb.js?ver=1.0 HTTP/1.1" 200 810 "https://ajhydell.com/2018/12/03/leonid-rogozov-cutting-out-his-own-appendix-30-april-1961/" "Mozilla/5.0 (iPhone; CPU iPhone OS 14_6 like Mac OS X) AppleWebKit/605.1.15 (KHTML, like Gecko) Mobile/15E148 Version/13.1 (Ecosia ios@4.1.10.875) Safari/604.1"
217.171.66.94 - - [04/Jul/2021:06:40:48 -0400] "GET /wp-includes/js/wp-emoji-release.min.js?ver=5.7.2 HTTP/1.1" 200 5152 "https://ajhydell.com/2018/12/03/leonid-rogozov-cutting-out-his-own-appendix-30-april-1961/" "Mozilla/5.0 (iPhone; CPU iPhone OS 14_6 like Mac OS X) AppleWebKit/605.1.15 (KHTML, like Gecko) Mobile/15E148 Version/13.1 (Ecosia ios@4.1.10.875) Safari/604.1"
217.171.66.94 - - [04/Jul/2021:06:40:48 -0400] "GET /wp-content/themes/royal-magazine/assets/libraries/ionicons/fonts/ionicons.ttf HTTP/1.1" 200 189155 "https://ajhydell.com/2018/12/03/leonid-rogozov-cutting-out-his-own-appendix-30-april-1961/" "Mozilla/5.0 (iPhone; CPU iPhone OS 14_6 like Mac OS X) AppleWebKit/605.1.15 (KHTML, like Gecko) Mobile/15E148 Version/13.1 (Ecosia ios@4.1.10.875) Safari/604.1"
47.186.239.217 - - [04/Jul/2021:06:40:55 -0400] "GET /wp-content/uploads/2020/05/picture-2.jpg HTTP/1.1" 200 82320 "https://images.search.yahoo.com/yhs/search;_ylt=AwrWmjxgjOFgYXsAUxUPxQt.;_ylu=Y29sbwNncTEEcG9zAzQEdnRpZAMEc2VjA3Nj?p=uprising+in+Warsaw+ghetto&type=ANYS_D3QQH_ext_bcr_%2452462_000000%24&param1=mT_XL7ATOSFKT-XgVA0FTVoIzIQYRtXfFv5lLNKhFCIkVgesmItkhI1egglcgw7RKL-GM5Mp7VHogrNI2GGzDBCTzo4UcTar57QDp5EWWNBtHimKlw8OIQJEtUdP_ntyW8DU4dhLMCJkervU-6TaxfSYsJxUSuWSCRKpUtgrM4lvj9jqZ9PBnWO7UAWI6M4t5sVLEjVLsR5kBU-CrSn2Kqs5dsdfQ8xC0Jxhzwf58xoc_w2Mdf3nyUTaH2Rmq4O9fuLi1rPsmjAaxEENBiS7JcTX0HuDHPzEf7LntkG3Lc2NzElIZLdKNKRYOOklEA%2C%2C&hsimp=yhs-SF01&hspart=Lkry&ei=UTF-8&fr=yhs-Lkry-SF01" "Mozilla/5.0 (Macintosh; Intel Mac OS X 10_15_7) AppleWebKit/537.36 (KHTML, like Gecko) Chrome/91.0.4472.114 Safari/537.36"
54.36.148.117 - - [04/Jul/2021:06:41:19 -0400] "GET /2021/07/04/international-womens-day-we-congratulate-you-dear-women-soviet-union-1963/ HTTP/1.1" 200 18907 "-" "Mozilla/5.0 (compatible; AhrefsBot/7.0; +http://ahrefs.com/robot/)"
204.48.19.85 - - [04/Jul/2021:06:42:33 -0400] "POST /wp-cron.php?doing_wp_cron=1625395353.3299698829650878906250 HTTP/1.1" 200 6295 "https://ajhydell.com/wp-cron.php?doing_wp_cron=1625395353.3299698829650878906250" "WordPress/5.7.2; https://ajhydell.com"
185.191.171.6 - - [04/Jul/2021:06:42:33 -0400] "GET /2019/08/07/ HTTP/1.1" 200 18663 "-" "Mozilla/5.0 (compatible; SemrushBot/7~bl; +http://www.semrush.com/bot.html)"
157.55.39.22 - - [04/Jul/2021:06:42:38 -0400] "GET /wp-content/uploads/2019/05/picture-21-827x1024.jpg HTTP/1.1" 200 105281 "-" "Mozilla/5.0 (compatible; bingbot/2.0; +http://www.bing.com/bingbot.htm)"
204.48.19.85 - - [04/Jul/2021:06:45:35 -0400] "POST /wp-cron.php?doing_wp_cron=1625395535.2215960025787353515625 HTTP/1.1" 200 6295 "https://ajhydell.com/wp-cron.php?doing_wp_cron=1625395535.2215960025787353515625" "WordPress/5.7.2; https://ajhydell.com"
49.7.20.68 - - [04/Jul/2021:06:45:35 -0400] "GET / HTTP/1.1" 200 20209 "-" "Sogou web spider/4.0(+http://www.sogou.com/docs/help/webmasters.htm#07)"
217.171.66.94 - - [04/Jul/2021:06:40:48 -0400] "GET /wp-content/uploads/2018/12/picture-8.jpg HTTP/1.1" 200 855023 "https://ajhydell.com/2018/12/03/leonid-rogozov-cutting-out-his-own-appendix-30-april-1961/" "Mozilla/5.0 (iPhone; CPU iPhone OS 14_6 like Mac OS X) AppleWebKit/605.1.15 (KHTML, like Gecko) Mobile/15E148 Version/13.1 (Ecosia ios@4.1.10.875) Safari/604.1"
