185.191.171.13 - - [09/Jul/2021:04:33:30 -0400] "GET /2021/01/08/the-bike-in-the-train-keeps-city-and-country-pleasant-design-opland-org-nederland-autoarm-netherlands-low-in-cars-y-1975-the-netherlands/ HTTP/1.1" 200 19203 "-" "Mozilla/5.0 (compatible; SemrushBot/7~bl; +http://www.semrush.com/bot.html)"
207.46.13.67 - - [09/Jul/2021:04:33:38 -0400] "GET /2021/03/28/actress-allison-hayes/ HTTP/1.1" 200 18394 "-" "Mozilla/5.0 (compatible; bingbot/2.0; +http://www.bing.com/bingbot.htm)"
114.119.156.206 - - [09/Jul/2021:04:35:07 -0400] "GET /wp-content/uploads/2019/04/picture-52.jpg HTTP/1.1" 200 57726 "-" "Mozilla/5.0 (Linux; Android 7.0;) AppleWebKit/537.36 (KHTML, like Gecko) Mobile Safari/537.36 (compatible; PetalBot;+https://webmaster.petalsearch.com/site/petalbot)"
204.48.19.85 - - [09/Jul/2021:04:36:15 -0400] "POST /wp-cron.php?doing_wp_cron=1625819775.4303960800170898437500 HTTP/1.1" 200 6295 "https://ajhydell.com/wp-cron.php?doing_wp_cron=1625819775.4303960800170898437500" "WordPress/5.7.2; https://ajhydell.com"
207.46.13.113 - - [09/Jul/2021:04:36:15 -0400] "GET /2018/10/27/prostitute-katya-russia-18-years-moscow-1989-120-x-593/ HTTP/1.1" 200 18423 "-" "Mozilla/5.0 (compatible; bingbot/2.0; +http://www.bing.com/bingbot.htm)"
204.48.19.85 - - [09/Jul/2021:04:37:02 -0400] "POST /wp-cron.php?doing_wp_cron=1625819822.0761849880218505859375 HTTP/1.1" 200 6295 "https://ajhydell.com/wp-cron.php?doing_wp_cron=1625819822.0761849880218505859375" "WordPress/5.7.2; https://ajhydell.com"
114.119.158.133 - - [09/Jul/2021:04:37:02 -0400] "GET /2019/02/14/8-8cm-pak-43-intended-for-a-jagdpanther-employed-as-a-static-emplacement-due-to-a-lack-of-panther-chassis-germany-1945/ HTTP/1.1" 200 18371 "-" "Mozilla/5.0 (Linux; Android 7.0;) AppleWebKit/537.36 (KHTML, like Gecko) Mobile Safari/537.36 (compatible; PetalBot;+https://webmaster.petalsearch.com/site/petalbot)"
204.48.19.85 - - [09/Jul/2021:04:39:34 -0400] "POST /wp-cron.php?doing_wp_cron=1625819974.5282840728759765625000 HTTP/1.1" 200 6295 "https://ajhydell.com/wp-cron.php?doing_wp_cron=1625819974.5282840728759765625000" "WordPress/5.7.2; https://ajhydell.com"
114.119.138.170 - - [09/Jul/2021:04:39:34 -0400] "GET /2020/07/17/colorization-i-did-for-u-sf1992/ HTTP/1.1" 200 18298 "-" "Mozilla/5.0 (Linux; Android 7.0;) AppleWebKit/537.36 (KHTML, like Gecko) Mobile Safari/537.36 (compatible; PetalBot;+https://webmaster.petalsearch.com/site/petalbot)"
204.48.19.85 - - [09/Jul/2021:04:39:51 -0400] "POST /wp-cron.php?doing_wp_cron=1625819991.5500690937042236328125 HTTP/1.1" 200 6295 "https://ajhydell.com/wp-cron.php?doing_wp_cron=1625819991.5500690937042236328125" "WordPress/5.7.2; https://ajhydell.com"
207.46.13.147 - - [09/Jul/2021:04:39:51 -0400] "GET /2019/03/20/kurt-von-schleicher-the-last-german-chancellor-before-hitler-took-power/ HTTP/1.1" 200 18413 "-" "Mozilla/5.0 (compatible; bingbot/2.0; +http://www.bing.com/bingbot.htm)"
62.210.207.196 - - [09/Jul/2021:04:40:19 -0400] "GET / HTTP/1.1" 301 565 "-" "Mozilla/5.0 (Windows NT 10.0; Win64; x64) AppleWebKit/537.36 (KHTML, like Gecko) Chrome/89.0.4389.114 Safari/537.36"
62.210.207.196 - - [09/Jul/2021:04:40:19 -0400] "GET / HTTP/1.1" 200 103824 "-" "Mozilla/5.0 (Windows NT 10.0; Win64; x64) AppleWebKit/537.36 (KHTML, like Gecko) Chrome/89.0.4389.114 Safari/537.36"
62.210.207.196 - - [09/Jul/2021:04:40:20 -0400] "GET //wp-includes/wlwmanifest.xml HTTP/1.1" 200 1453 "-" "Mozilla/5.0 (Windows NT 10.0; Win64; x64) AppleWebKit/537.36 (KHTML, like Gecko) Chrome/89.0.4389.114 Safari/537.36"
62.210.207.196 - - [09/Jul/2021:04:40:20 -0400] "GET //?author=1 HTTP/1.1" 404 55316 "-" "Mozilla/5.0 (Windows NT 10.0; Win64; x64) AppleWebKit/537.36 (KHTML, like Gecko) Chrome/89.0.4389.114 Safari/537.36"
62.210.207.196 - - [09/Jul/2021:04:40:20 -0400] "GET //?author=2 HTTP/1.1" 404 55316 "-" "Mozilla/5.0 (Windows NT 10.0; Win64; x64) AppleWebKit/537.36 (KHTML, like Gecko) Chrome/89.0.4389.114 Safari/537.36"
62.210.207.196 - - [09/Jul/2021:04:40:20 -0400] "GET //?author=3 HTTP/1.1" 404 55316 "-" "Mozilla/5.0 (Windows NT 10.0; Win64; x64) AppleWebKit/537.36 (KHTML, like Gecko) Chrome/89.0.4389.114 Safari/537.36"
62.210.207.196 - - [09/Jul/2021:04:40:21 -0400] "GET //wp-json/wp/v2/users/ HTTP/1.1" 401 668 "-" "Mozilla/5.0 (Windows NT 10.0; Win64; x64) AppleWebKit/537.36 (KHTML, like Gecko) Chrome/89.0.4389.114 Safari/537.36"
62.210.207.196 - - [09/Jul/2021:04:40:21 -0400] "GET //wp-json/oembed/1.0/embed?url=https://ajhydell.com/ HTTP/1.1" 404 629 "-" "Mozilla/5.0 (Windows NT 10.0; Win64; x64) AppleWebKit/537.36 (KHTML, like Gecko) Chrome/89.0.4389.114 Safari/537.36"
62.210.207.196 - - [09/Jul/2021:04:40:21 -0400] "POST //xmlrpc.php HTTP/1.1" 503 18700 "-" "Mozilla/5.0 (Windows NT 10.0; Win64; x64) AppleWebKit/537.36 (KHTML, like Gecko) Chrome/89.0.4389.114 Safari/537.36"
204.48.19.85 - - [09/Jul/2021:04:41:12 -0400] "POST /wp-cron.php?doing_wp_cron=1625820072.8461129665374755859375 HTTP/1.1" 200 6295 "https://ajhydell.com/wp-cron.php?doing_wp_cron=1625820072.8461129665374755859375" "WordPress/5.7.2; https://ajhydell.com"
114.119.138.170 - - [09/Jul/2021:04:41:12 -0400] "GET /2019/09/21 HTTP/1.1" 301 5717 "-" "Mozilla/5.0 (Linux; Android 7.0;) AppleWebKit/537.36 (KHTML, like Gecko) Mobile Safari/537.36 (compatible; PetalBot;+https://webmaster.petalsearch.com/site/petalbot)"
114.119.138.170 - - [09/Jul/2021:04:41:13 -0400] "GET /2019/09/21/ HTTP/1.1" 200 12395 "-" "Mozilla/5.0 (Linux; Android 7.0;) AppleWebKit/537.36 (KHTML, like Gecko) Mobile Safari/537.36 (compatible; PetalBot;+https://webmaster.petalsearch.com/site/petalbot)"
40.77.167.81 - - [09/Jul/2021:04:41:23 -0400] "GET /2020/02/13/luftwaffe-pilot-adolf-galland-preparing-to-take-a-gift-basket-of-champagne-and-lobster-for-a-generals-birthday/ HTTP/1.1" 200 18778 "-" "Mozilla/5.0 (compatible; bingbot/2.0; +http://www.bing.com/bingbot.htm)"
204.48.19.85 - - [09/Jul/2021:04:41:47 -0400] "POST /wp-cron.php?doing_wp_cron=1625820107.7386090755462646484375 HTTP/1.1" 200 6295 "https://ajhydell.com/wp-cron.php?doing_wp_cron=1625820107.7386090755462646484375" "WordPress/5.7.2; https://ajhydell.com"
207.46.13.70 - - [09/Jul/2021:04:41:47 -0400] "GET /2021/06/17/american-soldiers-at-mass-in-the-ruins-of-cologne-cathedral-march-1945/ HTTP/1.1" 200 18477 "-" "Mozilla/5.0 (compatible; bingbot/2.0; +http://www.bing.com/bingbot.htm)"
40.77.191.47 - - [09/Jul/2021:04:41:54 -0400] "GET /?wordfence_lh=1&hid=65AD4ED695A56F7E225A5ABAD7281F60&r=0.19460642056642863 HTTP/1.1" 200 5918 "-" "Mozilla/5.0 (Windows NT 6.1; WOW64) AppleWebKit/534+ (KHTML, like Gecko) BingPreview/1.0b"
77.75.77.109 - - [09/Jul/2021:04:41:58 -0400] "GET /robots.txt HTTP/1.1" 200 6517 "-" "Mozilla/5.0 (compatible; SeznamBot/3.2; +http://napoveda.seznam.cz/en/seznambot-intro/)"
77.75.77.109 - - [09/Jul/2021:04:42:00 -0400] "GET /wp-content/uploads/2021/05/picture-75.jpg HTTP/1.1" 304 6272 "-" "Mozilla/5.0 (compatible; SeznamBot/3.2; +http://napoveda.seznam.cz/en/seznambot-intro/)"
5.255.253.148 - - [09/Jul/2021:04:42:30 -0400] "GET /2019/02/02/archimandrite-alipius/ HTTP/1.1" 200 18877 "-" "Mozilla/5.0 (compatible; YandexBot/3.0; +http://yandex.com/bots)"
207.46.13.137 - - [09/Jul/2021:04:42:27 -0400] "GET /wp-content/uploads/2020/05/picture-38.jpg HTTP/1.1" 200 5216626 "-" "Mozilla/5.0 (compatible; bingbot/2.0; +http://www.bing.com/bingbot.htm)"
207.46.13.54 - - [09/Jul/2021:04:42:36 -0400] "GET /wp-content/uploads/2018/12/picture-24.jpg HTTP/1.1" 200 11185724 "-" "Mozilla/5.0 (compatible; bingbot/2.0; +http://www.bing.com/bingbot.htm)"
204.48.19.85 - - [09/Jul/2021:04:43:14 -0400] "POST /wp-cron.php?doing_wp_cron=1625820194.4846420288085937500000 HTTP/1.1" 200 6295 "https://ajhydell.com/wp-cron.php?doing_wp_cron=1625820194.4846420288085937500000" "WordPress/5.7.2; https://ajhydell.com"
17.121.115.202 - - [09/Jul/2021:04:43:14 -0400] "GET /2020/08/09/long-live-fraternal-friendship-soviet-mongolian-friendship-poster-1974/ HTTP/1.1" 200 18170 "-" "Mozilla/5.0 (Macintosh; Intel Mac OS X 10_15_5) AppleWebKit/605.1.15 (KHTML, like Gecko) Version/13.1.1 Safari/605.1.15 (Applebot/0.1; +http://www.apple.com/go/applebot)"
204.48.19.85 - - [09/Jul/2021:04:43:45 -0400] "POST /wp-cron.php?doing_wp_cron=1625820225.4548840522766113281250 HTTP/1.1" 200 6295 "https://ajhydell.com/wp-cron.php?doing_wp_cron=1625820225.4548840522766113281250" "WordPress/5.7.2; https://ajhydell.com"
114.119.143.210 - - [09/Jul/2021:04:43:45 -0400] "GET /2020/02/04/keeping-warm-on-the-eastern-front-no-date-given HTTP/1.1" 301 5810 "-" "Mozilla/5.0 (Linux; Android 7.0;) AppleWebKit/537.36 (KHTML, like Gecko) Mobile Safari/537.36 (compatible; PetalBot;+https://webmaster.petalsearch.com/site/petalbot)"
114.119.143.210 - - [09/Jul/2021:04:43:46 -0400] "GET /2020/02/04/keeping-warm-on-the-eastern-front-no-date-given/ HTTP/1.1" 200 13050 "-" "Mozilla/5.0 (Linux; Android 7.0;) AppleWebKit/537.36 (KHTML, like Gecko) Mobile Safari/537.36 (compatible; PetalBot;+https://webmaster.petalsearch.com/site/petalbot)"
49.7.20.65 - - [09/Jul/2021:04:44:03 -0400] "GET / HTTP/1.1" 301 528 "-" "Sogou web spider/4.0(+http://www.sogou.com/docs/help/webmasters.htm#07)"
66.249.66.136 - - [09/Jul/2021:04:44:13 -0400] "GET /robots.txt HTTP/1.1" 200 6517 "-" "Mozilla/5.0 (compatible; Googlebot/2.1; +http://www.google.com/bot.html)"
66.249.66.132 - - [09/Jul/2021:04:44:13 -0400] "GET /wp-content/uploads/2021/06/picture-43-727x1024.jpg HTTP/1.1" 200 219834 "-" "Googlebot-Image/1.0"
66.249.66.136 - - [09/Jul/2021:04:44:14 -0400] "GET /wp-content/uploads/2021/06/picture-43-scaled.jpg HTTP/1.1" 200 1497740 "-" "Googlebot-Image/1.0"
40.77.167.81 - - [09/Jul/2021:04:44:23 -0400] "GET /2020/06/26/french-soldier-being-rescue-by-two-german-soldier-during-the-climax-of-the-battle-of-verdun-1916-621x440/ HTTP/1.1" 200 18619 "-" "Mozilla/5.0 (compatible; bingbot/2.0; +http://www.bing.com/bingbot.htm)"
204.48.19.85 - - [09/Jul/2021:04:45:47 -0400] "POST /wp-cron.php?doing_wp_cron=1625820347.7064690589904785156250 HTTP/1.1" 200 6295 "https://ajhydell.com/wp-cron.php?doing_wp_cron=1625820347.7064690589904785156250" "WordPress/5.7.2; https://ajhydell.com"
114.119.151.93 - - [09/Jul/2021:04:45:47 -0400] "GET /2018/08/17/ HTTP/1.1" 200 18118 "-" "Mozilla/5.0 (Linux; Android 7.0;) AppleWebKit/537.36 (KHTML, like Gecko) Mobile Safari/537.36 (compatible; PetalBot;+https://webmaster.petalsearch.com/site/petalbot)"
216.244.66.250 - - [09/Jul/2021:04:45:48 -0400] "GET /robots.txt HTTP/1.1" 301 529 "-" "Mozilla/5.0 (compatible; DotBot/1.2; +https://opensiteexplorer.org/dotbot; help@moz.com)"
216.244.66.250 - - [09/Jul/2021:04:45:48 -0400] "GET /robots.txt HTTP/1.1" 200 5859 "-" "Mozilla/5.0 (compatible; DotBot/1.2; +https://opensiteexplorer.org/dotbot; help@moz.com)"
204.48.19.85 - - [09/Jul/2021:04:47:50 -0400] "POST /wp-cron.php?doing_wp_cron=1625820470.9719910621643066406250 HTTP/1.1" 200 6295 "https://ajhydell.com/wp-cron.php?doing_wp_cron=1625820470.9719910621643066406250" "WordPress/5.7.2; https://ajhydell.com"
114.119.151.93 - - [09/Jul/2021:04:47:50 -0400] "GET /2018/12/24/scrooge/ HTTP/1.1" 200 18044 "-" "Mozilla/5.0 (Linux; Android 7.0;) AppleWebKit/537.36 (KHTML, like Gecko) Mobile Safari/537.36 (compatible; PetalBot;+https://webmaster.petalsearch.com/site/petalbot)"
207.46.13.137 - - [09/Jul/2021:04:47:58 -0400] "GET /2021/07/01/mrs-m-hale-whose-husband-is-fighting-in-france-spends-the-day-giving-us-soldiers-tea-and-other-refreshments-in-the-road-outside-her-house-and-playing-the-accordian-for-all-those-who-want-to-listen/feed/ HTTP/1.1" 200 6910 "-" "Mozilla/5.0 (compatible; bingbot/2.0; +http://www.bing.com/bingbot.htm)"
204.48.19.85 - - [09/Jul/2021:04:50:26 -0400] "POST /wp-cron.php?doing_wp_cron=1625820626.6839680671691894531250 HTTP/1.1" 200 6295 "https://ajhydell.com/wp-cron.php?doing_wp_cron=1625820626.6839680671691894531250" "WordPress/5.7.2; https://ajhydell.com"
114.119.151.93 - - [09/Jul/2021:04:50:26 -0400] "GET /2019/03/22/women-dont-travel-like-they-used-to-1970s HTTP/1.1" 301 5804 "-" "Mozilla/5.0 (Linux; Android 7.0;) AppleWebKit/537.36 (KHTML, like Gecko) Mobile Safari/537.36 (compatible; PetalBot;+https://webmaster.petalsearch.com/site/petalbot)"
114.119.151.93 - - [09/Jul/2021:04:50:27 -0400] "GET /2019/03/22/women-dont-travel-like-they-used-to-1970s/ HTTP/1.1" 200 12948 "-" "Mozilla/5.0 (Linux; Android 7.0;) AppleWebKit/537.36 (KHTML, like Gecko) Mobile Safari/537.36 (compatible; PetalBot;+https://webmaster.petalsearch.com/site/petalbot)"
204.48.19.85 - - [09/Jul/2021:04:52:26 -0400] "POST /wp-cron.php?doing_wp_cron=1625820746.5567719936370849609375 HTTP/1.1" 200 6295 "https://ajhydell.com/wp-cron.php?doing_wp_cron=1625820746.5567719936370849609375" "WordPress/5.7.2; https://ajhydell.com"
114.119.158.133 - - [09/Jul/2021:04:52:26 -0400] "GET /2020/10/14/gunners-mate-first-class-carrick-n-thomas-passes-a-clip-of-four-40mm-rounds-through-a-hatch-uss-alaska-iwo-jima-6-mar-1945/ HTTP/1.1" 200 18352 "-" "Mozilla/5.0 (Linux; Android 7.0;) AppleWebKit/537.36 (KHTML, like Gecko) Mobile Safari/537.36 (compatible; PetalBot;+https://webmaster.petalsearch.com/site/petalbot)"
49.7.20.68 - - [09/Jul/2021:04:53:29 -0400] "-" 408 5562 "-" "-"
204.48.19.85 - - [09/Jul/2021:04:53:58 -0400] "POST /wp-cron.php?doing_wp_cron=1625820838.4974060058593750000000 HTTP/1.1" 200 6295 "https://ajhydell.com/wp-cron.php?doing_wp_cron=1625820838.4974060058593750000000" "WordPress/5.7.2; https://ajhydell.com"
207.46.13.54 - - [09/Jul/2021:04:53:58 -0400] "GET /2019/10/13/soviet-propaganda-poster-from-the-1960s/ HTTP/1.1" 200 18310 "-" "Mozilla/5.0 (compatible; bingbot/2.0; +http://www.bing.com/bingbot.htm)"
114.119.158.133 - - [09/Jul/2021:04:54:42 -0400] "GET /2020/02/05/capitalism-hungary-1925 HTTP/1.1" 301 5786 "-" "Mozilla/5.0 (Linux; Android 7.0;) AppleWebKit/537.36 (KHTML, like Gecko) Mobile Safari/537.36 (compatible; PetalBot;+https://webmaster.petalsearch.com/site/petalbot)"
114.119.158.133 - - [09/Jul/2021:04:54:43 -0400] "GET /2020/02/05/capitalism-hungary-1925/ HTTP/1.1" 200 13112 "-" "Mozilla/5.0 (Linux; Android 7.0;) AppleWebKit/537.36 (KHTML, like Gecko) Mobile Safari/537.36 (compatible; PetalBot;+https://webmaster.petalsearch.com/site/petalbot)"
204.48.19.85 - - [09/Jul/2021:04:55:43 -0400] "POST /wp-cron.php?doing_wp_cron=1625820943.1591930389404296875000 HTTP/1.1" 200 6295 "https://ajhydell.com/wp-cron.php?doing_wp_cron=1625820943.1591930389404296875000" "WordPress/5.7.2; https://ajhydell.com"
185.191.171.22 - - [09/Jul/2021:04:55:43 -0400] "GET /2020/01/22/you-still-pay-these-temporary-wartime-taxes-association-of-american-railroads-1957/ HTTP/1.1" 200 18982 "-" "Mozilla/5.0 (compatible; SemrushBot/7~bl; +http://www.semrush.com/bot.html)"
204.48.19.85 - - [09/Jul/2021:04:56:09 -0400] "POST /wp-cron.php?doing_wp_cron=1625820969.8459680080413818359375 HTTP/1.1" 200 6295 "https://ajhydell.com/wp-cron.php?doing_wp_cron=1625820969.8459680080413818359375" "WordPress/5.7.2; https://ajhydell.com"
216.244.66.250 - - [09/Jul/2021:04:56:09 -0400] "GET /2020/06/20/soviet-citizens-look-at-the-wall-of-sorrow-honoring-the-hundreds-of-thousands-of-people-killed-by-stalinism-in-1988-the-soviet-government-allowed-information-regarding-the-victims-of-stalins/ HTTP/1.1" 200 71499 "-" "Mozilla/5.0 (compatible; DotBot/1.2; +https://opensiteexplorer.org/dotbot; help@moz.com)"
114.119.147.211 - - [09/Jul/2021:04:56:38 -0400] "GET /2020/11/14/the-apotheosis-of-kaiser-wilhelm-kaiser-wilhelm-i-returns-to-berlin-on-a-chariot-garlanded-by-angels-and-led-by-a-teutonic-knight-after-victory-in-the-franco-prussian-war-oil-on-canvas-by-fer/ HTTP/1.1" 200 18663 "-" "Mozilla/5.0 (Linux; Android 7.0;) AppleWebKit/537.36 (KHTML, like Gecko) Mobile Safari/537.36 (compatible; PetalBot;+https://webmaster.petalsearch.com/site/petalbot)"
204.48.19.85 - - [09/Jul/2021:04:56:55 -0400] "POST /wp-cron.php?doing_wp_cron=1625821015.8985469341278076171875 HTTP/1.1" 200 6295 "https://ajhydell.com/wp-cron.php?doing_wp_cron=1625821015.8985469341278076171875" "WordPress/5.7.2; https://ajhydell.com"
216.244.66.250 - - [09/Jul/2021:04:56:55 -0400] "GET /2019/02/03/l-a-river-drag-racing-in-the-1950s-under-the-old-6th-st-bridge/ HTTP/1.1" 200 67752 "-" "Mozilla/5.0 (compatible; DotBot/1.2; +https://opensiteexplorer.org/dotbot; help@moz.com)"
204.48.19.85 - - [09/Jul/2021:04:58:10 -0400] "POST /wp-cron.php?doing_wp_cron=1625821090.2612080574035644531250 HTTP/1.1" 200 6295 "https://ajhydell.com/wp-cron.php?doing_wp_cron=1625821090.2612080574035644531250" "WordPress/5.7.2; https://ajhydell.com"
17.121.114.2 - - [09/Jul/2021:04:58:10 -0400] "GET /2018/11/19/adna-r-chaffee-jr-father-of-the-us-armored-force/ HTTP/1.1" 200 18254 "-" "Mozilla/5.0 (Macintosh; Intel Mac OS X 10_15_5) AppleWebKit/605.1.15 (KHTML, like Gecko) Version/13.1.1 Safari/605.1.15 (Applebot/0.1; +http://www.apple.com/go/applebot)"
204.48.19.85 - - [09/Jul/2021:04:58:56 -0400] "POST /wp-cron.php?doing_wp_cron=1625821136.4995079040527343750000 HTTP/1.1" 200 6295 "https://ajhydell.com/wp-cron.php?doing_wp_cron=1625821136.4995079040527343750000" "WordPress/5.7.2; https://ajhydell.com"
114.119.158.133 - - [09/Jul/2021:04:58:56 -0400] "GET /2019/07/05/ HTTP/1.1" 200 17905 "-" "Mozilla/5.0 (Linux; Android 7.0;) AppleWebKit/537.36 (KHTML, like Gecko) Mobile Safari/537.36 (compatible; PetalBot;+https://webmaster.petalsearch.com/site/petalbot)"
204.48.19.85 - - [09/Jul/2021:05:00:14 -0400] "POST /wp-cron.php?doing_wp_cron=1625821214.5211210250854492187500 HTTP/1.1" 200 6295 "https://ajhydell.com/wp-cron.php?doing_wp_cron=1625821214.5211210250854492187500" "WordPress/5.7.2; https://ajhydell.com"
204.48.19.85 - - [09/Jul/2021:05:00:14 -0400] "POST /xmlrpc.php HTTP/1.1" 200 6908 "-" "xmlrpclib.py/1.0.1 (by www.pythonware.com)"
204.48.19.85 - - [09/Jul/2021:05:00:14 -0400] "POST /xmlrpc.php HTTP/1.1" 200 6997 "-" "xmlrpclib.py/1.0.1 (by www.pythonware.com)"
204.48.19.85 - - [09/Jul/2021:05:00:20 -0400] "POST /xmlrpc.php HTTP/1.1" 200 6427 "-" "xmlrpclib.py/1.0.1 (by www.pythonware.com)"
204.48.19.85 - - [09/Jul/2021:05:00:45 -0400] "POST /wp-cron.php?doing_wp_cron=1625821245.5759980678558349609375 HTTP/1.1" 200 6295 "https://ajhydell.com/wp-cron.php?doing_wp_cron=1625821245.5759980678558349609375" "WordPress/5.7.2; https://ajhydell.com"
185.191.171.38 - - [09/Jul/2021:05:00:45 -0400] "GET /2020/09/02/another-hungarian-communist-propaganda-poster-from-1948-you-were-given-land-give-bread-hungarian-communist-party/ HTTP/1.1" 200 19025 "-" "Mozilla/5.0 (compatible; SemrushBot/7~bl; +http://www.semrush.com/bot.html)"
66.249.66.134 - - [09/Jul/2021:05:00:46 -0400] "GET /sitemap-pt-post-2021-07.xml HTTP/1.1" 200 9317 "-" "Mozilla/5.0 (compatible; Googlebot/2.1; +http://www.google.com/bot.html)"
66.249.66.134 - - [09/Jul/2021:05:00:47 -0400] "GET /sitemap.xml HTTP/1.1" 200 1205 "-" "Mozilla/5.0 (compatible; Googlebot/2.1; +http://www.google.com/bot.html)"
114.119.143.210 - - [09/Jul/2021:05:01:06 -0400] "GET /2018/09/16/the-moment-captured-here-is-elvis-comforting-his-father-after-the-death-of-his-mother-1958-499-x-671 HTTP/1.1" 301 5863 "-" "Mozilla/5.0 (Linux; Android 7.0;) AppleWebKit/537.36 (KHTML, like Gecko) Mobile Safari/537.36 (compatible; PetalBot;+https://webmaster.petalsearch.com/site/petalbot)"
114.119.143.210 - - [09/Jul/2021:05:01:07 -0400] "GET /2018/09/16/the-moment-captured-here-is-elvis-comforting-his-father-after-the-death-of-his-mother-1958-499-x-671/ HTTP/1.1" 200 13108 "-" "Mozilla/5.0 (Linux; Android 7.0;) AppleWebKit/537.36 (KHTML, like Gecko) Mobile Safari/537.36 (compatible; PetalBot;+https://webmaster.petalsearch.com/site/petalbot)"
54.36.148.117 - - [09/Jul/2021:05:01:32 -0400] "GET /2020/03/26/the-first-us-prisoners-taken-by-german-troops-in-world-war-one-during-unternehmen-jakobsbrunnen-operation-jacobs-well-on-2-3-november-1917/ HTTP/1.1" 200 19298 "-" "Mozilla/5.0 (compatible; AhrefsBot/7.0; +http://ahrefs.com/robot/)"
204.48.19.85 - - [09/Jul/2021:05:01:46 -0400] "POST /wp-cron.php?doing_wp_cron=1625821306.6683709621429443359375 HTTP/1.1" 200 6295 "https://ajhydell.com/wp-cron.php?doing_wp_cron=1625821306.6683709621429443359375" "WordPress/5.7.2; https://ajhydell.com"
66.249.66.132 - - [09/Jul/2021:05:01:46 -0400] "GET /2021/07/09/a-m4a1-sherman-of-the-713th-tank-battalion-equipped-with-a-flamethrower-torches-the-entrance-to-a-cave-in-southern-okinawa-1945/ HTTP/1.1" 200 18749 "-" "Mozilla/5.0 (compatible; Googlebot/2.1; +http://www.google.com/bot.html)"
23.100.232.233 - - [09/Jul/2021:05:02:32 -0400] "GET /2021/06/29/milk-for-summer-thirst-milk-for-warmth-u-s-wpa-posters-from-1940-1941/ HTTP/1.1" 200 18053 "-" "Mozilla/5.0 (compatible; MSIE 9.0; Windows NT 6.0; Trident/5.0;  Trident/5.0)"
23.100.232.233 - - [09/Jul/2021:05:02:33 -0400] "GET /wp-content/plugins/add-expires-headers/cache/0/com/processed-header-f16a8d323e83e1bc1b76514e283fb81b7090a959.min.css HTTP/1.1" 200 52893 "https://ajhydell.com/2021/06/29/milk-for-summer-thirst-milk-for-warmth-u-s-wpa-posters-from-1940-1941/" "Mozilla/5.0 (compatible; MSIE 9.0; Windows NT 6.0; Trident/5.0;  Trident/5.0)"
23.100.232.233 - - [09/Jul/2021:05:02:34 -0400] "GET /wp-content/plugins/google-analytics-for-wordpress/assets/js/frontend-gtag.min.js?ver=7.17.0 HTTP/1.1" 200 3476 "https://ajhydell.com/2021/06/29/milk-for-summer-thirst-milk-for-warmth-u-s-wpa-posters-from-1940-1941/" "Mozilla/5.0 (compatible; MSIE 9.0; Windows NT 6.0; Trident/5.0;  Trident/5.0)"
23.100.232.233 - - [09/Jul/2021:05:02:34 -0400] "GET /wp-includes/js/jquery/jquery.min.js?ver=3.5.1 HTTP/1.1" 200 31550 "https://ajhydell.com/2021/06/29/milk-for-summer-thirst-milk-for-warmth-u-s-wpa-posters-from-1940-1941/" "Mozilla/5.0 (compatible; MSIE 9.0; Windows NT 6.0; Trident/5.0;  Trident/5.0)"
23.100.232.233 - - [09/Jul/2021:05:02:34 -0400] "GET /wp-includes/js/jquery/jquery-migrate.min.js?ver=3.3.2 HTTP/1.1" 200 4687 "https://ajhydell.com/2021/06/29/milk-for-summer-thirst-milk-for-warmth-u-s-wpa-posters-from-1940-1941/" "Mozilla/5.0 (compatible; MSIE 9.0; Windows NT 6.0; Trident/5.0;  Trident/5.0)"
23.100.232.233 - - [09/Jul/2021:05:02:35 -0400] "GET /wp-content/plugins/wp-smushit/app/assets/js/smush-lazy-load.min.js?ver=3.8.7 HTTP/1.1" 200 4207 "https://ajhydell.com/2021/06/29/milk-for-summer-thirst-milk-for-warmth-u-s-wpa-posters-from-1940-1941/" "Mozilla/5.0 (compatible; MSIE 9.0; Windows NT 6.0; Trident/5.0;  Trident/5.0)"
23.100.232.233 - - [09/Jul/2021:05:02:35 -0400] "GET /wp-includes/js/wp-emoji-release.min.js?ver=5.7.2 HTTP/1.1" 200 5183 "https://ajhydell.com/2021/06/29/milk-for-summer-thirst-milk-for-warmth-u-s-wpa-posters-from-1940-1941/" "Mozilla/5.0 (compatible; MSIE 9.0; Windows NT 6.0; Trident/5.0;  Trident/5.0)"
23.100.232.233 - - [09/Jul/2021:05:02:35 -0400] "GET /wp-content/themes/royal-magazine/js/navigation.js?ver=20151215 HTTP/1.1" 200 1349 "https://ajhydell.com/2021/06/29/milk-for-summer-thirst-milk-for-warmth-u-s-wpa-posters-from-1940-1941/" "Mozilla/5.0 (compatible; MSIE 9.0; Windows NT 6.0; Trident/5.0;  Trident/5.0)"
23.100.232.233 - - [09/Jul/2021:05:02:35 -0400] "GET /wp-content/themes/royal-magazine/js/skip-link-focus-fix.js?ver=20151215 HTTP/1.1" 200 933 "https://ajhydell.com/2021/06/29/milk-for-summer-thirst-milk-for-warmth-u-s-wpa-posters-from-1940-1941/" "Mozilla/5.0 (compatible; MSIE 9.0; Windows NT 6.0; Trident/5.0;  Trident/5.0)"
23.100.232.233 - - [09/Jul/2021:05:02:35 -0400] "GET /wp-content/themes/royal-magazine/assets/libraries/bootstrap/js/bootstrap.min.js?ver=5.7.2 HTTP/1.1" 200 10404 "https://ajhydell.com/2021/06/29/milk-for-summer-thirst-milk-for-warmth-u-s-wpa-posters-from-1940-1941/" "Mozilla/5.0 (compatible; MSIE 9.0; Windows NT 6.0; Trident/5.0;  Trident/5.0)"
23.100.232.233 - - [09/Jul/2021:05:02:35 -0400] "GET /wp-content/themes/royal-magazine/assets/libraries/marquee/jquery.marquee.js?ver=5.7.2 HTTP/1.1" 200 5103 "https://ajhydell.com/2021/06/29/milk-for-summer-thirst-milk-for-warmth-u-s-wpa-posters-from-1940-1941/" "Mozilla/5.0 (compatible; MSIE 9.0; Windows NT 6.0; Trident/5.0;  Trident/5.0)"
23.100.232.233 - - [09/Jul/2021:05:02:36 -0400] "GET /wp-content/themes/royal-magazine/assets/twp/js/custom-script.js?ver=5.7.2 HTTP/1.1" 200 3023 "https://ajhydell.com/2021/06/29/milk-for-summer-thirst-milk-for-warmth-u-s-wpa-posters-from-1940-1941/" "Mozilla/5.0 (compatible; MSIE 9.0; Windows NT 6.0; Trident/5.0;  Trident/5.0)"
23.100.232.233 - - [09/Jul/2021:05:02:36 -0400] "GET /wp-content/themes/royal-magazine/assets/libraries/magnific-popup/jquery.magnific-popup.min.js?ver=5.7.2 HTTP/1.1" 200 7871 "https://ajhydell.com/2021/06/29/milk-for-summer-thirst-milk-for-warmth-u-s-wpa-posters-from-1940-1941/" "Mozilla/5.0 (compatible; MSIE 9.0; Windows NT 6.0; Trident/5.0;  Trident/5.0)"
23.100.232.233 - - [09/Jul/2021:05:02:36 -0400] "GET /wp-content/plugins/facebook-pagelike-widget/fb.js?ver=1.0 HTTP/1.1" 200 821 "https://ajhydell.com/2021/06/29/milk-for-summer-thirst-milk-for-warmth-u-s-wpa-posters-from-1940-1941/" "Mozilla/5.0 (compatible; MSIE 9.0; Windows NT 6.0; Trident/5.0;  Trident/5.0)"
23.100.232.233 - - [09/Jul/2021:05:02:36 -0400] "GET /wp-content/themes/royal-magazine/assets/libraries/slick/js/slick.min.js?ver=5.7.2 HTTP/1.1" 200 10740 "https://ajhydell.com/2021/06/29/milk-for-summer-thirst-milk-for-warmth-u-s-wpa-posters-from-1940-1941/" "Mozilla/5.0 (compatible; MSIE 9.0; Windows NT 6.0; Trident/5.0;  Trident/5.0)"
23.100.232.233 - - [09/Jul/2021:05:02:36 -0400] "GET /wp-includes/js/wp-embed.min.js?ver=5.7.2 HTTP/1.1" 200 1221 "https://ajhydell.com/2021/06/29/milk-for-summer-thirst-milk-for-warmth-u-s-wpa-posters-from-1940-1941/" "Mozilla/5.0 (compatible; MSIE 9.0; Windows NT 6.0; Trident/5.0;  Trident/5.0)"
23.100.232.233 - - [09/Jul/2021:05:02:36 -0400] "GET /wp-content/themes/royal-magazine/assets/libraries/theiaStickySidebar/theia-sticky-sidebar.min.js?ver=5.7.2 HTTP/1.1" 200 2271 "https://ajhydell.com/2021/06/29/milk-for-summer-thirst-milk-for-warmth-u-s-wpa-posters-from-1940-1941/" "Mozilla/5.0 (compatible; MSIE 9.0; Windows NT 6.0; Trident/5.0;  Trident/5.0)"
204.48.19.85 - - [09/Jul/2021:05:03:05 -0400] "POST /wp-cron.php?doing_wp_cron=1625821385.6348819732666015625000 HTTP/1.1" 200 6295 "https://ajhydell.com/wp-cron.php?doing_wp_cron=1625821385.6348819732666015625000" "WordPress/5.7.2; https://ajhydell.com"
114.119.143.168 - - [09/Jul/2021:05:03:05 -0400] "GET /2021/02/08/marines-stand-over-the-bodies-of-japanese-troops-killed-during-combat-on-bougainville-1944 HTTP/1.1" 301 5853 "-" "Mozilla/5.0 (Linux; Android 7.0;) AppleWebKit/537.36 (KHTML, like Gecko) Mobile Safari/537.36 (compatible; PetalBot;+https://webmaster.petalsearch.com/site/petalbot)"
114.119.143.168 - - [09/Jul/2021:05:03:06 -0400] "GET /2021/02/08/marines-stand-over-the-bodies-of-japanese-troops-killed-during-combat-on-bougainville-1944/ HTTP/1.1" 200 13385 "-" "Mozilla/5.0 (Linux; Android 7.0;) AppleWebKit/537.36 (KHTML, like Gecko) Mobile Safari/537.36 (compatible; PetalBot;+https://webmaster.petalsearch.com/site/petalbot)"
185.191.171.8 - - [09/Jul/2021:05:03:10 -0400] "GET /2021/03/12/slovak-soldier-entertaining-a-couple-of-ukrainian-girls-1941/ HTTP/1.1" 200 18867 "-" "Mozilla/5.0 (compatible; SemrushBot/7~bl; +http://www.semrush.com/bot.html)"
185.191.171.33 - - [09/Jul/2021:05:03:12 -0400] "GET /2019/06/18/singer-aretha-franklin-photographed-at-her-los-angeles-home-in-1977/ HTTP/1.1" 200 18948 "-" "Mozilla/5.0 (compatible; SemrushBot/7~bl; +http://www.semrush.com/bot.html)"
204.48.19.85 - - [09/Jul/2021:05:03:55 -0400] "POST /wp-cron.php?doing_wp_cron=1625821435.8189070224761962890625 HTTP/1.1" 200 6295 "https://ajhydell.com/wp-cron.php?doing_wp_cron=1625821435.8189070224761962890625" "WordPress/5.7.2; https://ajhydell.com"
207.46.13.147 - - [09/Jul/2021:05:03:55 -0400] "GET /2020/07/12/salvador-dali-writes-his-painting-the-face-of-war-1941-736x923/ HTTP/1.1" 200 18590 "-" "Mozilla/5.0 (compatible; bingbot/2.0; +http://www.bing.com/bingbot.htm)"
17.121.112.214 - - [09/Jul/2021:05:04:19 -0400] "GET /2020/08/16/sanford-son-reruns-being-offered-to-local-stations-in-1978-after-the-series-was-canceled-broadcasting-20-feb-1978/ HTTP/1.1" 200 18501 "-" "Mozilla/5.0 (Macintosh; Intel Mac OS X 10_15_5) AppleWebKit/605.1.15 (KHTML, like Gecko) Version/13.1.1 Safari/605.1.15 (Applebot/0.1; +http://www.apple.com/go/applebot)"
17.121.113.211 - - [09/Jul/2021:05:04:21 -0400] "GET /2020/04/04/a-finnish-soldier-sitting-by-a-bonfire-during-the-continuation-war/ HTTP/1.1" 200 18299 "-" "Mozilla/5.0 (Macintosh; Intel Mac OS X 10_15_5) AppleWebKit/605.1.15 (KHTML, like Gecko) Version/13.1.1 Safari/605.1.15 (Applebot/0.1; +http://www.apple.com/go/applebot)"
114.119.143.168 - - [09/Jul/2021:05:04:41 -0400] "GET /2021/02/23 HTTP/1.1" 301 5717 "-" "Mozilla/5.0 (Linux; Android 7.0;) AppleWebKit/537.36 (KHTML, like Gecko) Mobile Safari/537.36 (compatible; PetalBot;+https://webmaster.petalsearch.com/site/petalbot)"
114.119.143.168 - - [09/Jul/2021:05:04:43 -0400] "GET /2021/02/23/ HTTP/1.1" 200 13573 "-" "Mozilla/5.0 (Linux; Android 7.0;) AppleWebKit/537.36 (KHTML, like Gecko) Mobile Safari/537.36 (compatible; PetalBot;+https://webmaster.petalsearch.com/site/petalbot)"
204.48.19.85 - - [09/Jul/2021:05:07:12 -0400] "POST /wp-cron.php?doing_wp_cron=1625821632.4462149143218994140625 HTTP/1.1" 200 6295 "https://ajhydell.com/wp-cron.php?doing_wp_cron=1625821632.4462149143218994140625" "WordPress/5.7.2; https://ajhydell.com"
54.36.148.117 - - [09/Jul/2021:05:07:12 -0400] "GET /2021/05/20/poster-relased-by-the-pflp-addressing-apartheid-in-israel-and-south-africa-1988/ HTTP/1.1" 200 19092 "-" "Mozilla/5.0 (compatible; AhrefsBot/7.0; +http://ahrefs.com/robot/)"
83.149.37.54 - - [09/Jul/2021:05:07:28 -0400] "GET /wp-content/uploads/2018/08/picture-38.jpg HTTP/1.1" 200 1658669 "https://yandex.ru/images/touch/search?text=%D0%BA%D0%B0%D0%BA%20%D1%80%D0%B0%D1%81%D0%BF%D0%BE%D0%B7%D0%BD%D0%B0%D1%82%D1%8C%20%D0%BD%D0%B0%D1%86%D0%B8%D1%81%D1%82%D0%B0&img_url=https%3A%2F%2Fsun9-8.userapi.com%2Fimpf%2Fc627617%2Fv627617706%2F1be2f%2FauHn6jd4IKM.jpg%3Fsize%3D439x604%26quality%3D96%26sign%3Dfff6d2bdb99fd480b7f8d85b21636dc7%26type%3Dalbum&pos=2&rpt=simage&source=wiz" "Mozilla/5.0 (Linux; Android 8.0.0; SM-A520F) AppleWebKit/537.36 (KHTML, like Gecko) Chrome/91.0.4472.120 Mobile Safari/537.36"
204.48.19.85 - - [09/Jul/2021:05:07:56 -0400] "POST /wp-cron.php?doing_wp_cron=1625821676.7928390502929687500000 HTTP/1.1" 200 6295 "https://ajhydell.com/wp-cron.php?doing_wp_cron=1625821676.7928390502929687500000" "WordPress/5.7.2; https://ajhydell.com"
114.119.132.183 - - [09/Jul/2021:05:07:56 -0400] "GET /2019/01/01/the-statue-of-lady-justice-the-old-bailey-london-in-1937-the-statue-was-re-gilded-in-preparation-for-the-coronation-of-king-george-v HTTP/1.1" 301 5895 "-" "Mozilla/5.0 (Linux; Android 7.0;) AppleWebKit/537.36 (KHTML, like Gecko) Mobile Safari/537.36 (compatible; PetalBot;+https://webmaster.petalsearch.com/site/petalbot)"
114.119.132.183 - - [09/Jul/2021:05:07:57 -0400] "GET /2019/01/01/the-statue-of-lady-justice-the-old-bailey-london-in-1937-the-statue-was-re-gilded-in-preparation-for-the-coronation-of-king-george-v/ HTTP/1.1" 200 13329 "-" "Mozilla/5.0 (Linux; Android 7.0;) AppleWebKit/537.36 (KHTML, like Gecko) Mobile Safari/537.36 (compatible; PetalBot;+https://webmaster.petalsearch.com/site/petalbot)"
66.249.66.132 - - [09/Jul/2021:05:08:03 -0400] "GET /2021/07/09/a-m4a1-sherman-of-the-713th-tank-battalion-equipped-with-a-flamethrower-torches-the-entrance-to-a-cave-in-southern-okinawa-1945/feed/ HTTP/1.1" 200 7263 "-" "Mozilla/5.0 (Linux; Android 6.0.1; Nexus 5X Build/MMB29P) AppleWebKit/537.36 (KHTML, like Gecko) Chrome/91.0.4472.90 Mobile Safari/537.36 (compatible; Googlebot/2.1; +http://www.google.com/bot.html)"
40.77.167.7 - - [09/Jul/2021:05:08:22 -0400] "GET /2020/07/17/ HTTP/1.1" 200 18396 "-" "Mozilla/5.0 (compatible; bingbot/2.0; +http://www.bing.com/bingbot.htm)"
40.77.167.7 - - [09/Jul/2021:05:08:24 -0400] "GET /wp-content/uploads/2021/06/picture-12-1536x943.jpg HTTP/1.1" 200 2843971 "-" "Mozilla/5.0 (compatible; bingbot/2.0; +http://www.bing.com/bingbot.htm)"
204.48.19.85 - - [09/Jul/2021:05:09:54 -0400] "POST /wp-cron.php?doing_wp_cron=1625821794.8986620903015136718750 HTTP/1.1" 200 6295 "https://ajhydell.com/wp-cron.php?doing_wp_cron=1625821794.8986620903015136718750" "WordPress/5.7.2; https://ajhydell.com"
207.46.13.147 - - [09/Jul/2021:05:09:54 -0400] "GET /sitemap-pt-wphb_minify_group-2020-03.xml HTTP/1.1" 200 6326 "-" "Mozilla/5.0 (compatible; bingbot/2.0; +http://www.bing.com/bingbot.htm)"
207.46.13.54 - - [09/Jul/2021:05:09:59 -0400] "GET /wp-content/uploads/2020/09/picture-47.jpg HTTP/1.1" 200 257502 "-" "Mozilla/5.0 (compatible; bingbot/2.0; +http://www.bing.com/bingbot.htm)"
114.119.151.93 - - [09/Jul/2021:05:10:10 -0400] "GET /2019/09/07/liberal-party-election-poster-uk-1924 HTTP/1.1" 301 5800 "-" "Mozilla/5.0 (Linux; Android 7.0;) AppleWebKit/537.36 (KHTML, like Gecko) Mobile Safari/537.36 (compatible; PetalBot;+https://webmaster.petalsearch.com/site/petalbot)"
114.119.151.93 - - [09/Jul/2021:05:10:11 -0400] "GET /2019/09/07/liberal-party-election-poster-uk-1924/ HTTP/1.1" 200 13082 "-" "Mozilla/5.0 (Linux; Android 7.0;) AppleWebKit/537.36 (KHTML, like Gecko) Mobile Safari/537.36 (compatible; PetalBot;+https://webmaster.petalsearch.com/site/petalbot)"
204.48.19.85 - - [09/Jul/2021:05:11:05 -0400] "POST /wp-cron.php?doing_wp_cron=1625821865.7128889560699462890625 HTTP/1.1" 200 6295 "https://ajhydell.com/wp-cron.php?doing_wp_cron=1625821865.7128889560699462890625" "WordPress/5.7.2; https://ajhydell.com"
114.119.151.146 - - [09/Jul/2021:05:11:05 -0400] "GET /2018/08/31/1900s-pro-family-planning-poster-london-england/ HTTP/1.1" 200 18305 "-" "Mozilla/5.0 (Linux; Android 7.0;) AppleWebKit/537.36 (KHTML, like Gecko) Mobile Safari/537.36 (compatible; PetalBot;+https://webmaster.petalsearch.com/site/petalbot)"
40.77.167.81 - - [09/Jul/2021:05:11:25 -0400] "GET /wp-content/uploads/2020/01/picture-9.jpg HTTP/1.1" 200 67056 "-" "Mozilla/5.0 (compatible; bingbot/2.0; +http://www.bing.com/bingbot.htm)"
204.48.19.85 - - [09/Jul/2021:05:13:24 -0400] "POST /wp-cron.php?doing_wp_cron=1625822004.6939339637756347656250 HTTP/1.1" 200 6295 "https://ajhydell.com/wp-cron.php?doing_wp_cron=1625822004.6939339637756347656250" "WordPress/5.7.2; https://ajhydell.com"
54.36.148.117 - - [09/Jul/2021:05:13:24 -0400] "GET /2021/06/20/julie-london-c-1948/ HTTP/1.1" 200 18975 "-" "Mozilla/5.0 (compatible; AhrefsBot/7.0; +http://ahrefs.com/robot/)"
114.119.147.211 - - [09/Jul/2021:05:13:33 -0400] "GET /category/uncategorized/page/70 HTTP/1.1" 301 5737 "-" "Mozilla/5.0 (Linux; Android 7.0;) AppleWebKit/537.36 (KHTML, like Gecko) Mobile Safari/537.36 (compatible; PetalBot;+https://webmaster.petalsearch.com/site/petalbot)"
114.119.147.211 - - [09/Jul/2021:05:13:34 -0400] "GET /category/uncategorized/page/70/ HTTP/1.1" 200 14707 "-" "Mozilla/5.0 (Linux; Android 7.0;) AppleWebKit/537.36 (KHTML, like Gecko) Mobile Safari/537.36 (compatible; PetalBot;+https://webmaster.petalsearch.com/site/petalbot)"
40.77.167.7 - - [09/Jul/2021:05:14:12 -0400] "GET /wp-content/uploads/2021/04/picture-109-768x948.jpg HTTP/1.1" 200 1303122 "-" "Mozilla/5.0 (compatible; bingbot/2.0; +http://www.bing.com/bingbot.htm)"
204.48.19.85 - - [09/Jul/2021:05:15:14 -0400] "POST /wp-cron.php?doing_wp_cron=1625822114.1019060611724853515625 HTTP/1.1" 200 6295 "https://ajhydell.com/wp-cron.php?doing_wp_cron=1625822114.1019060611724853515625" "WordPress/5.7.2; https://ajhydell.com"
5.255.253.148 - - [09/Jul/2021:05:15:14 -0400] "GET /robots.txt HTTP/1.1" 200 6535 "-" "Mozilla/5.0 (compatible; YandexBot/3.0; +http://yandex.com/bots)"
5.255.253.148 - - [09/Jul/2021:05:15:17 -0400] "GET /2020/11/07/ HTTP/1.1" 200 12748 "-" "Mozilla/5.0 (compatible; YandexBot/3.0; +http://yandex.com/bots)"
40.77.167.7 - - [09/Jul/2021:05:15:25 -0400] "GET /2018/09/23/fishermen/ HTTP/1.1" 200 18471 "-" "Mozilla/5.0 (compatible; bingbot/2.0; +http://www.bing.com/bingbot.htm)"
204.48.19.85 - - [09/Jul/2021:05:15:54 -0400] "POST /wp-cron.php?doing_wp_cron=1625822154.9180788993835449218750 HTTP/1.1" 200 6295 "https://ajhydell.com/wp-cron.php?doing_wp_cron=1625822154.9180788993835449218750" "WordPress/5.7.2; https://ajhydell.com"
17.121.112.3 - - [09/Jul/2021:05:15:54 -0400] "GET /2019/03/13/american-troops-dig-foxholes-during-the-tunisian-campaign-in-north-africa/ HTTP/1.1" 200 18408 "-" "Mozilla/5.0 (Macintosh; Intel Mac OS X 10_15_5) AppleWebKit/605.1.15 (KHTML, like Gecko) Version/13.1.1 Safari/605.1.15 (Applebot/0.1; +http://www.apple.com/go/applebot)"
204.48.19.85 - - [09/Jul/2021:05:16:16 -0400] "POST /wp-cron.php?doing_wp_cron=1625822176.0282289981842041015625 HTTP/1.1" 200 6295 "https://ajhydell.com/wp-cron.php?doing_wp_cron=1625822176.0282289981842041015625" "WordPress/5.7.2; https://ajhydell.com"
114.119.143.210 - - [09/Jul/2021:05:16:15 -0400] "GET /2021/07/07/swanson-tv-dinners-1968/ HTTP/1.1" 200 18495 "-" "Mozilla/5.0 (Linux; Android 7.0;) AppleWebKit/537.36 (KHTML, like Gecko) Mobile Safari/537.36 (compatible; PetalBot;+https://webmaster.petalsearch.com/site/petalbot)"
207.46.13.54 - - [09/Jul/2021:05:16:30 -0400] "GET /2019/03/03/female-ira-fighter-1970s-1100-x-1147/ HTTP/1.1" 200 18606 "-" "Mozilla/5.0 (compatible; bingbot/2.0; +http://www.bing.com/bingbot.htm)"
106.38.241.125 - - [09/Jul/2021:05:16:31 -0400] "GET / HTTP/1.1" 200 20419 "-" "Sogou web spider/4.0(+http://www.sogou.com/docs/help/webmasters.htm#07)"
40.77.167.81 - - [09/Jul/2021:05:16:34 -0400] "GET /2020/03/04/marthas-vineyard-a-history-of-deaf-equality-on-a-little-island/ HTTP/1.1" 200 22067 "-" "Mozilla/5.0 (compatible; bingbot/2.0; +http://www.bing.com/bingbot.htm)"
40.77.188.122 - - [09/Jul/2021:05:16:43 -0400] "GET /wp-includes/js/comment-reply.min.js?ver=5.7.2 HTTP/1.1" 200 7833 "https://ajhydell.com/2020/03/04/marthas-vineyard-a-history-of-deaf-equality-on-a-little-island/" "Mozilla/5.0 (Windows NT 6.1; WOW64) AppleWebKit/534+ (KHTML, like Gecko) BingPreview/1.0b"
40.77.188.122 - - [09/Jul/2021:05:16:43 -0400] "GET /wp-content/plugins/akismet/_inc/form.js?ver=4.1.10 HTTP/1.1" 200 762 "https://ajhydell.com/2020/03/04/marthas-vineyard-a-history-of-deaf-equality-on-a-little-island/" "Mozilla/5.0 (Windows NT 6.1; WOW64) AppleWebKit/534+ (KHTML, like Gecko) BingPreview/1.0b"
204.48.19.85 - - [09/Jul/2021:05:16:47 -0400] "POST /wp-cron.php?doing_wp_cron=1625822207.6111431121826171875000 HTTP/1.1" 200 6295 "https://ajhydell.com/wp-cron.php?doing_wp_cron=1625822207.6111431121826171875000" "WordPress/5.7.2; https://ajhydell.com"
40.77.188.122 - - [09/Jul/2021:05:16:47 -0400] "GET /?wordfence_lh=1&hid=7801874FBB3ABE47439D5CFD7B4A7E74&r=0.4048788517552899 HTTP/1.1" 200 347 "https://ajhydell.com/2020/03/04/marthas-vineyard-a-history-of-deaf-equality-on-a-little-island/" "Mozilla/5.0 (Windows NT 6.1; WOW64) AppleWebKit/534+ (KHTML, like Gecko) BingPreview/1.0b"
114.119.143.210 - - [09/Jul/2021:05:17:38 -0400] "GET /2020/10/16 HTTP/1.1" 301 5717 "-" "Mozilla/5.0 (Linux; Android 7.0;) AppleWebKit/537.36 (KHTML, like Gecko) Mobile Safari/537.36 (compatible; PetalBot;+https://webmaster.petalsearch.com/site/petalbot)"
114.119.143.210 - - [09/Jul/2021:05:17:38 -0400] "GET /2020/10/16/ HTTP/1.1" 200 13175 "-" "Mozilla/5.0 (Linux; Android 7.0;) AppleWebKit/537.36 (KHTML, like Gecko) Mobile Safari/537.36 (compatible; PetalBot;+https://webmaster.petalsearch.com/site/petalbot)"
17.121.113.86 - - [09/Jul/2021:05:17:39 -0400] "GET /2018/08/29/sowing-the-promised-land-1946-punch-cartoon-on-zionist-terrorism-in-mandatory-palestine/ HTTP/1.1" 200 18550 "-" "Mozilla/5.0 (Macintosh; Intel Mac OS X 10_15_5) AppleWebKit/605.1.15 (KHTML, like Gecko) Version/13.1.1 Safari/605.1.15 (Applebot/0.1; +http://www.apple.com/go/applebot)"
204.48.19.85 - - [09/Jul/2021:05:17:51 -0400] "POST /wp-cron.php?doing_wp_cron=1625822271.8881850242614746093750 HTTP/1.1" 200 6295 "https://ajhydell.com/wp-cron.php?doing_wp_cron=1625822271.8881850242614746093750" "WordPress/5.7.2; https://ajhydell.com"
40.77.167.77 - - [09/Jul/2021:05:17:51 -0400] "GET /2021/03/02/british-civil-defence-corps-poster-c-1950/ HTTP/1.1" 200 18503 "-" "Mozilla/5.0 (compatible; bingbot/2.0; +http://www.bing.com/bingbot.htm)"
207.46.13.113 - - [09/Jul/2021:05:17:57 -0400] "GET /wp-content/uploads/2021/01/picture-117.jpg HTTP/1.1" 200 8396512 "-" "Mozilla/5.0 (compatible; bingbot/2.0; +http://www.bing.com/bingbot.htm)"
207.46.13.70 - - [09/Jul/2021:05:18:09 -0400] "GET /2020/11/25/long-live-the-ussr-the-birthplace-of-cosmonautics-soviet-poster-1964/ HTTP/1.1" 200 18559 "-" "Mozilla/5.0 (compatible; bingbot/2.0; +http://www.bing.com/bingbot.htm)"
123.243.129.235 - - [09/Jul/2021:05:18:40 -0400] "GET /wp-content/uploads/2020/02/picture-5.jpg HTTP/1.1" 200 112883 "https://www.bing.com/" "Mozilla/5.0 (Windows NT 10.0; Win64; x64) AppleWebKit/537.36 (KHTML, like Gecko) Chrome/91.0.4472.124 Safari/537.36 Edg/91.0.864.64"
204.48.19.85 - - [09/Jul/2021:05:19:08 -0400] "POST /wp-cron.php?doing_wp_cron=1625822348.3640539646148681640625 HTTP/1.1" 200 6295 "https://ajhydell.com/wp-cron.php?doing_wp_cron=1625822348.3640539646148681640625" "WordPress/5.7.2; https://ajhydell.com"
54.36.148.117 - - [09/Jul/2021:05:19:08 -0400] "GET /2021/05/25/execution-of-ss-troops-in-a-coal-yard-in-the-area-of-the-dachau-concentration-camp-during-its-liberation-april-29-1945/ HTTP/1.1" 200 19105 "-" "Mozilla/5.0 (compatible; AhrefsBot/7.0; +http://ahrefs.com/robot/)"
123.243.129.235 - - [09/Jul/2021:05:19:30 -0400] "GET /2020/02/02/hitler-youth-poster-1930s-and-american-meat-industry-poster-1980s/ HTTP/1.1" 200 13810 "https://www.bing.com/" "Mozilla/5.0 (Windows NT 10.0; Win64; x64) AppleWebKit/537.36 (KHTML, like Gecko) Chrome/91.0.4472.124 Safari/537.36 Edg/91.0.864.64"
123.243.129.235 - - [09/Jul/2021:05:19:31 -0400] "GET /wp-content/plugins/add-expires-headers/cache/0/com/processed-header-f16a8d323e83e1bc1b76514e283fb81b7090a959.min.css HTTP/1.1" 200 53331 "https://ajhydell.com/2020/02/02/hitler-youth-poster-1930s-and-american-meat-industry-poster-1980s/" "Mozilla/5.0 (Windows NT 10.0; Win64; x64) AppleWebKit/537.36 (KHTML, like Gecko) Chrome/91.0.4472.124 Safari/537.36 Edg/91.0.864.64"
123.243.129.235 - - [09/Jul/2021:05:19:31 -0400] "GET /wp-content/plugins/google-analytics-for-wordpress/assets/js/frontend-gtag.min.js?ver=7.17.0 HTTP/1.1" 200 3291 "https://ajhydell.com/2020/02/02/hitler-youth-poster-1930s-and-american-meat-industry-poster-1980s/" "Mozilla/5.0 (Windows NT 10.0; Win64; x64) AppleWebKit/537.36 (KHTML, like Gecko) Chrome/91.0.4472.124 Safari/537.36 Edg/91.0.864.64"
35.245.188.175 - - [09/Jul/2021:05:19:31 -0400] "GET / HTTP/1.1" 301 565 "-" "Mozilla/5.0 (Windows NT 6.1; WOW64; Trident/7.0; rv:11.0) like Gecko"
123.243.129.235 - - [09/Jul/2021:05:19:31 -0400] "GET /wp-includes/js/jquery/jquery.min.js?ver=3.5.1 HTTP/1.1" 200 31474 "https://ajhydell.com/2020/02/02/hitler-youth-poster-1930s-and-american-meat-industry-poster-1980s/" "Mozilla/5.0 (Windows NT 10.0; Win64; x64) AppleWebKit/537.36 (KHTML, like Gecko) Chrome/91.0.4472.124 Safari/537.36 Edg/91.0.864.64"
35.245.188.175 - - [09/Jul/2021:05:19:31 -0400] "GET / HTTP/1.1" 200 104200 "-" "Mozilla/5.0 (Windows NT 6.1; WOW64; Trident/7.0; rv:11.0) like Gecko"
123.243.129.235 - - [09/Jul/2021:05:19:32 -0400] "GET /wp-includes/js/jquery/jquery-migrate.min.js?ver=3.3.2 HTTP/1.1" 200 5219 "https://ajhydell.com/2020/02/02/hitler-youth-poster-1930s-and-american-meat-industry-poster-1980s/" "Mozilla/5.0 (Windows NT 10.0; Win64; x64) AppleWebKit/537.36 (KHTML, like Gecko) Chrome/91.0.4472.124 Safari/537.36 Edg/91.0.864.64"
123.243.129.235 - - [09/Jul/2021:05:19:32 -0400] "GET /wp-content/plugins/wp-smushit/app/assets/js/smush-lazy-load.min.js?ver=3.8.7 HTTP/1.1" 200 4174 "https://ajhydell.com/2020/02/02/hitler-youth-poster-1930s-and-american-meat-industry-poster-1980s/" "Mozilla/5.0 (Windows NT 10.0; Win64; x64) AppleWebKit/537.36 (KHTML, like Gecko) Chrome/91.0.4472.124 Safari/537.36 Edg/91.0.864.64"
123.243.129.235 - - [09/Jul/2021:05:19:32 -0400] "GET /wp-content/themes/royal-magazine/js/navigation.js?ver=20151215 HTTP/1.1" 200 1333 "https://ajhydell.com/2020/02/02/hitler-youth-poster-1930s-and-american-meat-industry-poster-1980s/" "Mozilla/5.0 (Windows NT 10.0; Win64; x64) AppleWebKit/537.36 (KHTML, like Gecko) Chrome/91.0.4472.124 Safari/537.36 Edg/91.0.864.64"
123.243.129.235 - - [09/Jul/2021:05:19:32 -0400] "GET /wp-content/themes/royal-magazine/js/skip-link-focus-fix.js?ver=20151215 HTTP/1.1" 200 924 "https://ajhydell.com/2020/02/02/hitler-youth-poster-1930s-and-american-meat-industry-poster-1980s/" "Mozilla/5.0 (Windows NT 10.0; Win64; x64) AppleWebKit/537.36 (KHTML, like Gecko) Chrome/91.0.4472.124 Safari/537.36 Edg/91.0.864.64"
123.243.129.235 - - [09/Jul/2021:05:19:32 -0400] "GET /wp-content/themes/royal-magazine/assets/libraries/slick/js/slick.min.js?ver=5.7.2 HTTP/1.1" 200 10690 "https://ajhydell.com/2020/02/02/hitler-youth-poster-1930s-and-american-meat-industry-poster-1980s/" "Mozilla/5.0 (Windows NT 10.0; Win64; x64) AppleWebKit/537.36 (KHTML, like Gecko) Chrome/91.0.4472.124 Safari/537.36 Edg/91.0.864.64"
123.243.129.235 - - [09/Jul/2021:05:19:33 -0400] "GET /wp-content/themes/royal-magazine/assets/libraries/bootstrap/js/bootstrap.min.js?ver=5.7.2 HTTP/1.1" 200 10350 "https://ajhydell.com/2020/02/02/hitler-youth-poster-1930s-and-american-meat-industry-poster-1980s/" "Mozilla/5.0 (Windows NT 10.0; Win64; x64) AppleWebKit/537.36 (KHTML, like Gecko) Chrome/91.0.4472.124 Safari/537.36 Edg/91.0.864.64"
123.243.129.235 - - [09/Jul/2021:05:19:33 -0400] "GET /wp-content/themes/royal-magazine/assets/libraries/marquee/jquery.marquee.js?ver=5.7.2 HTTP/1.1" 200 5071 "https://ajhydell.com/2020/02/02/hitler-youth-poster-1930s-and-american-meat-industry-poster-1980s/" "Mozilla/5.0 (Windows NT 10.0; Win64; x64) AppleWebKit/537.36 (KHTML, like Gecko) Chrome/91.0.4472.124 Safari/537.36 Edg/91.0.864.64"
123.243.129.235 - - [09/Jul/2021:05:19:33 -0400] "GET /wp-content/themes/royal-magazine/assets/libraries/theiaStickySidebar/theia-sticky-sidebar.min.js?ver=5.7.2 HTTP/1.1" 200 2236 "https://ajhydell.com/2020/02/02/hitler-youth-poster-1930s-and-american-meat-industry-poster-1980s/" "Mozilla/5.0 (Windows NT 10.0; Win64; x64) AppleWebKit/537.36 (KHTML, like Gecko) Chrome/91.0.4472.124 Safari/537.36 Edg/91.0.864.64"
114.119.145.169 - - [09/Jul/2021:05:19:33 -0400] "GET /2020/12/28/cocoaine-hair-dressing-1885 HTTP/1.1" 301 5790 "-" "Mozilla/5.0 (Linux; Android 7.0;) AppleWebKit/537.36 (KHTML, like Gecko) Mobile Safari/537.36 (compatible; PetalBot;+https://webmaster.petalsearch.com/site/petalbot)"
123.243.129.235 - - [09/Jul/2021:05:19:33 -0400] "GET /wp-content/themes/royal-magazine/assets/libraries/magnific-popup/jquery.magnific-popup.min.js?ver=5.7.2 HTTP/1.1" 200 7838 "https://ajhydell.com/2020/02/02/hitler-youth-poster-1930s-and-american-meat-industry-poster-1980s/" "Mozilla/5.0 (Windows NT 10.0; Win64; x64) AppleWebKit/537.36 (KHTML, like Gecko) Chrome/91.0.4472.124 Safari/537.36 Edg/91.0.864.64"
123.243.129.235 - - [09/Jul/2021:05:19:34 -0400] "GET /wp-content/themes/royal-magazine/assets/twp/js/custom-script.js?ver=5.7.2 HTTP/1.1" 200 2995 "https://ajhydell.com/2020/02/02/hitler-youth-poster-1930s-and-american-meat-industry-poster-1980s/" "Mozilla/5.0 (Windows NT 10.0; Win64; x64) AppleWebKit/537.36 (KHTML, like Gecko) Chrome/91.0.4472.124 Safari/537.36 Edg/91.0.864.64"
123.243.129.235 - - [09/Jul/2021:05:19:34 -0400] "GET /wp-includes/js/wp-embed.min.js?ver=5.7.2 HTTP/1.1" 200 1209 "https://ajhydell.com/2020/02/02/hitler-youth-poster-1930s-and-american-meat-industry-poster-1980s/" "Mozilla/5.0 (Windows NT 10.0; Win64; x64) AppleWebKit/537.36 (KHTML, like Gecko) Chrome/91.0.4472.124 Safari/537.36 Edg/91.0.864.64"
123.243.129.235 - - [09/Jul/2021:05:19:34 -0400] "GET /wp-content/plugins/facebook-pagelike-widget/fb.js?ver=1.0 HTTP/1.1" 200 810 "https://ajhydell.com/2020/02/02/hitler-youth-poster-1930s-and-american-meat-industry-poster-1980s/" "Mozilla/5.0 (Windows NT 10.0; Win64; x64) AppleWebKit/537.36 (KHTML, like Gecko) Chrome/91.0.4472.124 Safari/537.36 Edg/91.0.864.64"
114.119.145.169 - - [09/Jul/2021:05:19:34 -0400] "GET /2020/12/28/cocoaine-hair-dressing-1885/ HTTP/1.1" 200 13187 "-" "Mozilla/5.0 (Linux; Android 7.0;) AppleWebKit/537.36 (KHTML, like Gecko) Mobile Safari/537.36 (compatible; PetalBot;+https://webmaster.petalsearch.com/site/petalbot)"
123.243.129.235 - - [09/Jul/2021:05:19:34 -0400] "GET /wp-includes/js/wp-emoji-release.min.js?ver=5.7.2 HTTP/1.1" 200 5152 "https://ajhydell.com/2020/02/02/hitler-youth-poster-1930s-and-american-meat-industry-poster-1980s/" "Mozilla/5.0 (Windows NT 10.0; Win64; x64) AppleWebKit/537.36 (KHTML, like Gecko) Chrome/91.0.4472.124 Safari/537.36 Edg/91.0.864.64"
123.243.129.235 - - [09/Jul/2021:05:19:34 -0400] "GET /wp-content/uploads/2020/02/picture-5.jpg HTTP/1.1" 200 106841 "https://ajhydell.com/2020/02/02/hitler-youth-poster-1930s-and-american-meat-industry-poster-1980s/" "Mozilla/5.0 (Windows NT 10.0; Win64; x64) AppleWebKit/537.36 (KHTML, like Gecko) Chrome/91.0.4472.124 Safari/537.36 Edg/91.0.864.64"
123.243.129.235 - - [09/Jul/2021:05:19:35 -0400] "GET /wp-content/plugins/facebook-pagelike-widget/loader.gif HTTP/1.1" 200 8641 "https://ajhydell.com/2020/02/02/hitler-youth-poster-1930s-and-american-meat-industry-poster-1980s/" "Mozilla/5.0 (Windows NT 10.0; Win64; x64) AppleWebKit/537.36 (KHTML, like Gecko) Chrome/91.0.4472.124 Safari/537.36 Edg/91.0.864.64"
123.243.129.235 - - [09/Jul/2021:05:19:33 -0400] "GET /wp-content/themes/royal-magazine/assets/libraries/ionicons/fonts/ionicons.ttf HTTP/1.1" 200 189155 "https://ajhydell.com/wp-content/plugins/add-expires-headers/cache/0/com/processed-header-f16a8d323e83e1bc1b76514e283fb81b7090a959.min.css" "Mozilla/5.0 (Windows NT 10.0; Win64; x64) AppleWebKit/537.36 (KHTML, like Gecko) Chrome/91.0.4472.124 Safari/537.36 Edg/91.0.864.64"
