114.119.128.34 - - [11/Jul/2021:05:18:20 -0400] "GET /wp-content/themes/royal-magazine/assets/libraries/ionicons/fonts/ionicons.ttf HTTP/1.1" 200 189142 "https://ajhydell.com/wp-content/plugins/add-expires-headers/cache/0/com/processed-header-f16a8d323e83e1bc1b76514e283fb81b7090a959.min.css" "Mozilla/5.0 (Linux; Android 7.0;) AppleWebKit/537.36 (KHTML, like Gecko) Mobile Safari/537.36 (compatible; PetalBot;+https://webmaster.petalsearch.com/site/petalbot)"
204.48.19.85 - - [11/Jul/2021:05:20:11 -0400] "POST /wp-cron.php?doing_wp_cron=1625995211.8722159862518310546875 HTTP/1.1" 200 6295 "https://ajhydell.com/wp-cron.php?doing_wp_cron=1625995211.8722159862518310546875" "WordPress/5.7.2; https://ajhydell.com"
114.119.143.168 - - [11/Jul/2021:05:20:11 -0400] "GET /2021/05/14/erwin-rommel-in-the-reichswehr-before-the-rise-of-the-third-reich/ HTTP/1.1" 200 18031 "-" "Mozilla/5.0 (Linux; Android 7.0;) AppleWebKit/537.36 (KHTML, like Gecko) Mobile Safari/537.36 (compatible; PetalBot;+https://webmaster.petalsearch.com/site/petalbot)"
54.36.148.117 - - [11/Jul/2021:05:20:18 -0400] "GET /2020/08/04/tabasco-sauce-harpers-magazine-1904/ HTTP/1.1" 200 18716 "-" "Mozilla/5.0 (compatible; AhrefsBot/7.0; +http://ahrefs.com/robot/)"
207.46.13.54 - - [11/Jul/2021:05:20:39 -0400] "GET /2020/06/18/golden-egg-custard-jell-o-1955/ HTTP/1.1" 200 18192 "-" "Mozilla/5.0 (compatible; bingbot/2.0; +http://www.bing.com/bingbot.htm)"
204.48.19.85 - - [11/Jul/2021:05:22:00 -0400] "POST /wp-cron.php?doing_wp_cron=1625995320.1937410831451416015625 HTTP/1.1" 200 6295 "https://ajhydell.com/wp-cron.php?doing_wp_cron=1625995320.1937410831451416015625" "WordPress/5.7.2; https://ajhydell.com"
114.119.145.169 - - [11/Jul/2021:05:22:00 -0400] "GET /2020/02/19/wasp-pilot-world-war-ii HTTP/1.1" 301 5786 "-" "Mozilla/5.0 (Linux; Android 7.0;) AppleWebKit/537.36 (KHTML, like Gecko) Mobile Safari/537.36 (compatible; PetalBot;+https://webmaster.petalsearch.com/site/petalbot)"
114.119.145.169 - - [11/Jul/2021:05:22:01 -0400] "GET /2020/02/19/wasp-pilot-world-war-ii/ HTTP/1.1" 200 12698 "-" "Mozilla/5.0 (Linux; Android 7.0;) AppleWebKit/537.36 (KHTML, like Gecko) Mobile Safari/537.36 (compatible; PetalBot;+https://webmaster.petalsearch.com/site/petalbot)"
204.48.19.85 - - [11/Jul/2021:05:23:33 -0400] "POST /wp-cron.php?doing_wp_cron=1625995413.1806530952453613281250 HTTP/1.1" 200 6295 "https://ajhydell.com/wp-cron.php?doing_wp_cron=1625995413.1806530952453613281250" "WordPress/5.7.2; https://ajhydell.com"
114.119.132.183 - - [11/Jul/2021:05:23:33 -0400] "GET /2019/11/22/kedettes-1941/ HTTP/1.1" 200 18053 "-" "Mozilla/5.0 (Linux; Android 7.0;) AppleWebKit/537.36 (KHTML, like Gecko) Mobile Safari/537.36 (compatible; PetalBot;+https://webmaster.petalsearch.com/site/petalbot)"
204.48.19.85 - - [11/Jul/2021:05:25:34 -0400] "POST /wp-cron.php?doing_wp_cron=1625995534.3087189197540283203125 HTTP/1.1" 200 6295 "https://ajhydell.com/wp-cron.php?doing_wp_cron=1625995534.3087189197540283203125" "WordPress/5.7.2; https://ajhydell.com"
190.228.29.221 - - [11/Jul/2021:05:25:34 -0400] "POST /xmlrpc.php HTTP/1.1" 200 5852 "-" "Mozilla/5.0 (X11; Ubuntu; Linux x86_64; rv:62.0) Gecko/20100101 Firefox/62.0"
204.48.19.85 - - [11/Jul/2021:05:25:52 -0400] "POST /wp-cron.php?doing_wp_cron=1625995552.8295660018920898437500 HTTP/1.1" 200 6295 "https://ajhydell.com/wp-cron.php?doing_wp_cron=1625995552.8295660018920898437500" "WordPress/5.7.2; https://ajhydell.com"
114.119.147.211 - - [11/Jul/2021:05:25:52 -0400] "GET /2020/10/15/schlitz-beer-1950 HTTP/1.1" 301 5780 "-" "Mozilla/5.0 (Linux; Android 7.0;) AppleWebKit/537.36 (KHTML, like Gecko) Mobile Safari/537.36 (compatible; PetalBot;+https://webmaster.petalsearch.com/site/petalbot)"
114.119.147.211 - - [11/Jul/2021:05:25:55 -0400] "GET /2020/10/15/schlitz-beer-1950/ HTTP/1.1" 200 12658 "-" "Mozilla/5.0 (Linux; Android 7.0;) AppleWebKit/537.36 (KHTML, like Gecko) Mobile Safari/537.36 (compatible; PetalBot;+https://webmaster.petalsearch.com/site/petalbot)"
204.48.19.85 - - [11/Jul/2021:05:28:04 -0400] "POST /wp-cron.php?doing_wp_cron=1625995684.7697410583496093750000 HTTP/1.1" 200 6295 "https://ajhydell.com/wp-cron.php?doing_wp_cron=1625995684.7697410583496093750000" "WordPress/5.7.2; https://ajhydell.com"
54.36.148.117 - - [11/Jul/2021:05:28:04 -0400] "GET /2021/06/23/luftwaffe-aces-and-other-knights-cross-recipients-chat-with-hitler-after-a-decoration-ceremony-at-berghof-april-4-1944-notable-pilots-are-gerhard-barkhorn-erich-hartmann-and-walter-krupinski-all/ HTTP/1.1" 200 19247 "-" "Mozilla/5.0 (compatible; AhrefsBot/7.0; +http://ahrefs.com/robot/)"
114.119.145.169 - - [11/Jul/2021:05:28:43 -0400] "GET /2018/09/22/finnish-soldier-with-panzershreck-5-8-1944-vuoksela-sa-kuva/ HTTP/1.1" 200 18147 "-" "Mozilla/5.0 (Linux; Android 7.0;) AppleWebKit/537.36 (KHTML, like Gecko) Mobile Safari/537.36 (compatible; PetalBot;+https://webmaster.petalsearch.com/site/petalbot)"
66.249.66.136 - - [11/Jul/2021:05:29:17 -0400] "GET /wp-content/plugins/facebook-pagelike-widget/loader.gif HTTP/1.1" 304 6271 "-" "Googlebot-Image/1.0"
204.48.19.85 - - [11/Jul/2021:05:29:53 -0400] "POST /wp-cron.php?doing_wp_cron=1625995793.6414010524749755859375 HTTP/1.1" 200 6295 "https://ajhydell.com/wp-cron.php?doing_wp_cron=1625995793.6414010524749755859375" "WordPress/5.7.2; https://ajhydell.com"
66.249.66.132 - - [11/Jul/2021:05:29:53 -0400] "GET /feed/ HTTP/1.1" 200 8210 "-" "Mozilla/5.0 (compatible; Googlebot/2.1; +http://www.google.com/bot.html)"
66.249.66.134 - - [11/Jul/2021:05:30:02 -0400] "GET /2021/07/11/american-elections-soviet-union-1970s/ HTTP/1.1" 200 18369 "-" "Mozilla/5.0 (Linux; Android 6.0.1; Nexus 5X Build/MMB29P) AppleWebKit/537.36 (KHTML, like Gecko) Chrome/91.0.4472.90 Mobile Safari/537.36 (compatible; Googlebot/2.1; +http://www.google.com/bot.html)"
20.62.91.188 - - [11/Jul/2021:05:30:31 -0400] "HEAD /xmlrpc.php HTTP/1.1" 405 5624 "-" "Mozilla/5.0 (Windows NT 6.1; Win64; x64) AppleWebKit/537.36 (KHTML, like Gecko) Chrome/78.0.3904.108 Safari/537.36"
217.138.201.94 - - [11/Jul/2021:05:30:34 -0400] "HEAD /wordpress/xmlrpc.php HTTP/1.1" 404 5760 "-" "Mozilla/5.0 (Windows NT 10.0; Win64; x64; rv:66.0) Gecko/20100101 Firefox/66.0"
204.48.19.85 - - [11/Jul/2021:05:30:56 -0400] "POST /wp-cron.php?doing_wp_cron=1625995856.4240400791168212890625 HTTP/1.1" 200 6295 "https://ajhydell.com/wp-cron.php?doing_wp_cron=1625995856.4240400791168212890625" "WordPress/5.7.2; https://ajhydell.com"
20.62.91.188 - - [11/Jul/2021:05:30:56 -0400] "HEAD /blog/xmlrpc.php HTTP/1.1" 404 5760 "-" "Mozilla/5.0 (Windows NT 10.0; Win64; x64; rv:79.0) Gecko/20100101 Firefox/79.0"
20.62.91.188 - - [11/Jul/2021:05:30:57 -0400] "HEAD /new/xmlrpc.php HTTP/1.1" 404 5760 "-" "Mozilla/5.0 (X11; Linux x86_64) AppleWebKit/537.36 (KHTML, like Gecko) Chrome/84.0.4147.105 Safari/537.36"
20.62.91.188 - - [11/Jul/2021:05:30:59 -0400] "HEAD /old/xmlrpc.php HTTP/1.1" 404 5760 "-" "Mozilla/5.0 (Windows NT 10.0) AppleWebKit/537.36 (KHTML, like Gecko) Chrome/72.0.3626.121 Safari/537.36"
20.62.91.188 - - [11/Jul/2021:05:31:00 -0400] "HEAD /backup/xmlrpc.php HTTP/1.1" 404 5760 "-" "Mozilla/5.0 (Windows NT 10.0; Win64; x64; rv:73.0) Gecko/20100101 Firefox/73.0"
20.62.91.188 - - [11/Jul/2021:05:31:02 -0400] "HEAD /oldsite/xmlrpc.php HTTP/1.1" 404 5760 "-" "Mozilla/5.0 (Windows NT 10.0) AppleWebKit/537.36 (KHTML, like Gecko) Chrome/84.0.4147.105 Safari/537.36"
20.62.91.188 - - [11/Jul/2021:05:31:03 -0400] "HEAD /site/xmlrpc.php HTTP/1.1" 404 5760 "-" "Mozilla/5.0 (Windows NT 10.0; WOW64) AppleWebKit/537.36 (KHTML, like Gecko) Chrome/72.0.3626.121 Safari/537.36"
20.62.91.188 - - [11/Jul/2021:05:31:04 -0400] "HEAD /back/xmlrpc.php HTTP/1.1" 404 5760 "-" "Mozilla/5.0 (Windows NT 10.0; Win64; x64; rv:67.0) Gecko/20100101 Firefox/67.0"
20.62.91.188 - - [11/Jul/2021:05:31:04 -0400] "HEAD /web/xmlrpc.php HTTP/1.1" 404 5760 "-" "Mozilla/5.0 (Windows NT 10.0; Win64; x64; rv:67.0) Gecko/20100101 Firefox/67.0"
114.119.132.183 - - [11/Jul/2021:05:31:15 -0400] "GET /2020/10 HTTP/1.1" 301 5714 "-" "Mozilla/5.0 (Linux; Android 7.0;) AppleWebKit/537.36 (KHTML, like Gecko) Mobile Safari/537.36 (compatible; PetalBot;+https://webmaster.petalsearch.com/site/petalbot)"
114.119.132.183 - - [11/Jul/2021:05:31:16 -0400] "GET /2020/10/ HTTP/1.1" 200 14201 "-" "Mozilla/5.0 (Linux; Android 7.0;) AppleWebKit/537.36 (KHTML, like Gecko) Mobile Safari/537.36 (compatible; PetalBot;+https://webmaster.petalsearch.com/site/petalbot)"
66.249.66.132 - - [11/Jul/2021:05:31:57 -0400] "GET /wp-content/uploads/2021/07/picture-47.jpg HTTP/1.1" 200 381156 "-" "Googlebot-Image/1.0"
204.48.19.85 - - [11/Jul/2021:05:32:27 -0400] "POST /wp-cron.php?doing_wp_cron=1625995947.7155659198760986328125 HTTP/1.1" 200 6295 "https://ajhydell.com/wp-cron.php?doing_wp_cron=1625995947.7155659198760986328125" "WordPress/5.7.2; https://ajhydell.com"
114.119.151.93 - - [11/Jul/2021:05:32:27 -0400] "GET /2020/06/04/americas-shame-by-victor-koretsky-ussr-1968/ HTTP/1.1" 200 18105 "-" "Mozilla/5.0 (Linux; Android 7.0;) AppleWebKit/537.36 (KHTML, like Gecko) Mobile Safari/537.36 (compatible; PetalBot;+https://webmaster.petalsearch.com/site/petalbot)"
204.48.19.85 - - [11/Jul/2021:05:34:33 -0400] "POST /wp-cron.php?doing_wp_cron=1625996073.9730300903320312500000 HTTP/1.1" 200 6295 "https://ajhydell.com/wp-cron.php?doing_wp_cron=1625996073.9730300903320312500000" "WordPress/5.7.2; https://ajhydell.com"
207.46.13.67 - - [11/Jul/2021:05:34:33 -0400] "GET /2021/06/26/terrorism-stops-here-rhodesia-1978/ HTTP/1.1" 200 18123 "-" "Mozilla/5.0 (compatible; bingbot/2.0; +http://www.bing.com/bingbot.htm)"
66.249.66.132 - - [11/Jul/2021:05:35:11 -0400] "GET /wp-content/uploads/2021/04/picture-6.jpg HTTP/1.1" 200 97624 "-" "Googlebot-Image/1.0"
204.48.19.85 - - [11/Jul/2021:05:35:11 -0400] "POST /wp-cron.php?doing_wp_cron=1625996111.5380039215087890625000 HTTP/1.1" 200 6295 "https://ajhydell.com/wp-cron.php?doing_wp_cron=1625996111.5380039215087890625000" "WordPress/5.7.2; https://ajhydell.com"
66.249.66.134 - - [11/Jul/2021:05:35:11 -0400] "GET /robots.txt HTTP/1.1" 200 6517 "-" "Mozilla/5.0 (compatible; Googlebot/2.1; +http://www.google.com/bot.html)"
54.36.148.117 - - [11/Jul/2021:05:35:18 -0400] "GET /2019/02/18/molotov-cocktail-on-the-belt-of-a-finnish-soldier-1939-1940/ HTTP/1.1" 200 18649 "-" "Mozilla/5.0 (compatible; AhrefsBot/7.0; +http://ahrefs.com/robot/)"
114.119.132.183 - - [11/Jul/2021:05:35:29 -0400] "GET /2021/01/04/the-black-sands-of-iwo-jima-2nd-battalion-27th-marines-landing-on-iwo-jima-world-war-ii/ HTTP/1.1" 200 18186 "-" "Mozilla/5.0 (Linux; Android 7.0;) AppleWebKit/537.36 (KHTML, like Gecko) Mobile Safari/537.36 (compatible; PetalBot;+https://webmaster.petalsearch.com/site/petalbot)"
204.48.19.85 - - [11/Jul/2021:05:36:27 -0400] "POST /wp-cron.php?doing_wp_cron=1625996187.9026079177856445312500 HTTP/1.1" 200 6295 "https://ajhydell.com/wp-cron.php?doing_wp_cron=1625996187.9026079177856445312500" "WordPress/5.7.2; https://ajhydell.com"
114.119.151.146 - - [11/Jul/2021:05:36:27 -0400] "GET /2020/03/18/soviet-su-76m-suppressing-the-machine-gun-nest-at-the-building-berlin-april-1945/ HTTP/1.1" 200 18070 "-" "Mozilla/5.0 (Linux; Android 7.0;) AppleWebKit/537.36 (KHTML, like Gecko) Mobile Safari/537.36 (compatible; PetalBot;+https://webmaster.petalsearch.com/site/petalbot)"
204.48.19.85 - - [11/Jul/2021:05:37:26 -0400] "POST /wp-cron.php?doing_wp_cron=1625996246.8107409477233886718750 HTTP/1.1" 200 6295 "https://ajhydell.com/wp-cron.php?doing_wp_cron=1625996246.8107409477233886718750" "WordPress/5.7.2; https://ajhydell.com"
192.241.207.116 - - [11/Jul/2021:05:37:26 -0400] "GET /owa/auth/logon.aspx?url=https%3a%2f%2f1%2fecp%2f HTTP/1.1" 404 63073 "-" "Mozilla/5.0 zgrab/0.x"
204.48.19.85 - - [11/Jul/2021:05:38:16 -0400] "POST /wp-cron.php?doing_wp_cron=1625996296.4232020378112792968750 HTTP/1.1" 200 6295 "https://ajhydell.com/wp-cron.php?doing_wp_cron=1625996296.4232020378112792968750" "WordPress/5.7.2; https://ajhydell.com"
114.119.132.183 - - [11/Jul/2021:05:38:16 -0400] "GET /2019/07/21 HTTP/1.1" 301 5717 "-" "Mozilla/5.0 (Linux; Android 7.0;) AppleWebKit/537.36 (KHTML, like Gecko) Mobile Safari/537.36 (compatible; PetalBot;+https://webmaster.petalsearch.com/site/petalbot)"
114.119.132.183 - - [11/Jul/2021:05:38:17 -0400] "GET /2019/07/21/ HTTP/1.1" 200 12277 "-" "Mozilla/5.0 (Linux; Android 7.0;) AppleWebKit/537.36 (KHTML, like Gecko) Mobile Safari/537.36 (compatible; PetalBot;+https://webmaster.petalsearch.com/site/petalbot)"
173.252.127.120 - - [11/Jul/2021:05:38:29 -0400] "GET /2021/04/15/with-its-33-m-barrel-and-a-weight-of-over-300-tons-the-21-cm-k12-is-fired-from-occupied-france-towards-the-british-channel/ HTTP/1.1" 206 18746 "-" "facebookexternalhit/1.1 (+http://www.facebook.com/externalhit_uatext.php)"
114.119.132.183 - - [11/Jul/2021:05:38:37 -0400] "GET /2018/12/15 HTTP/1.1" 301 5717 "-" "Mozilla/5.0 (Linux; Android 7.0;) AppleWebKit/537.36 (KHTML, like Gecko) Mobile Safari/537.36 (compatible; PetalBot;+https://webmaster.petalsearch.com/site/petalbot)"
114.119.132.183 - - [11/Jul/2021:05:38:38 -0400] "GET /2018/12/15/ HTTP/1.1" 200 12350 "-" "Mozilla/5.0 (Linux; Android 7.0;) AppleWebKit/537.36 (KHTML, like Gecko) Mobile Safari/537.36 (compatible; PetalBot;+https://webmaster.petalsearch.com/site/petalbot)"
204.48.19.85 - - [11/Jul/2021:05:39:51 -0400] "POST /wp-cron.php?doing_wp_cron=1625996391.2443280220031738281250 HTTP/1.1" 200 6295 "https://ajhydell.com/wp-cron.php?doing_wp_cron=1625996391.2443280220031738281250" "WordPress/5.7.2; https://ajhydell.com"
49.7.20.65 - - [11/Jul/2021:05:39:51 -0400] "GET / HTTP/1.1" 200 19686 "-" "Sogou web spider/4.0(+http://www.sogou.com/docs/help/webmasters.htm#07)"
185.191.171.24 - - [11/Jul/2021:05:39:53 -0400] "GET /robots.txt HTTP/1.1" 200 6480 "-" "Mozilla/5.0 (compatible; SemrushBot/7~bl; +http://www.semrush.com/bot.html)"
185.191.171.4 - - [11/Jul/2021:05:39:53 -0400] "GET /2020/08/08/my-great-grandparents-in-the-1920s-germany/ HTTP/1.1" 200 18511 "-" "Mozilla/5.0 (compatible; SemrushBot/7~bl; +http://www.semrush.com/bot.html)"
132.148.104.135 - - [11/Jul/2021:05:40:17 -0400] "GET /installer.php HTTP/1.1" 404 63027 "-" "Mozilla/5.0 (Windows NT 10.0; Win64; x64) AppleWebKit/537.36 (KHTML, like Gecko) Chrome/70.0.3538.77 Safari/537.36"
132.148.104.135 - - [11/Jul/2021:05:40:17 -0400] "GET /installer-backup.php HTTP/1.1" 404 63027 "-" "Mozilla/5.0 (Windows NT 10.0; Win64; x64) AppleWebKit/537.36 (KHTML, like Gecko) Chrome/70.0.3538.77 Safari/537.36"
185.191.171.44 - - [11/Jul/2021:05:40:40 -0400] "GET /2018/09/22/joseph-stalin/ HTTP/1.1" 200 18536 "-" "Mozilla/5.0 (compatible; SemrushBot/7~bl; +http://www.semrush.com/bot.html)"
204.48.19.85 - - [11/Jul/2021:05:41:15 -0400] "POST /wp-cron.php?doing_wp_cron=1625996475.7652220726013183593750 HTTP/1.1" 200 6295 "https://ajhydell.com/wp-cron.php?doing_wp_cron=1625996475.7652220726013183593750" "WordPress/5.7.2; https://ajhydell.com"
114.119.151.146 - - [11/Jul/2021:05:41:15 -0400] "GET /2020/12/page/3 HTTP/1.1" 301 5721 "-" "Mozilla/5.0 (Linux; Android 7.0;) AppleWebKit/537.36 (KHTML, like Gecko) Mobile Safari/537.36 (compatible; PetalBot;+https://webmaster.petalsearch.com/site/petalbot)"
114.119.151.146 - - [11/Jul/2021:05:41:16 -0400] "GET /2020/12/page/3/ HTTP/1.1" 200 13936 "-" "Mozilla/5.0 (Linux; Android 7.0;) AppleWebKit/537.36 (KHTML, like Gecko) Mobile Safari/537.36 (compatible; PetalBot;+https://webmaster.petalsearch.com/site/petalbot)"
207.46.13.54 - - [11/Jul/2021:05:41:22 -0400] "GET /wp-content/uploads/2018/09/picture-6.jpg HTTP/1.1" 200 114548 "-" "Mozilla/5.0 (compatible; bingbot/2.0; +http://www.bing.com/bingbot.htm)"
114.119.156.206 - - [11/Jul/2021:05:41:30 -0400] "GET /2019/09/03/poster-in-the-window-of-a-london-travel-agency-1939 HTTP/1.1" 301 5814 "-" "Mozilla/5.0 (Linux; Android 7.0;) AppleWebKit/537.36 (KHTML, like Gecko) Mobile Safari/537.36 (compatible; PetalBot;+https://webmaster.petalsearch.com/site/petalbot)"
114.119.156.206 - - [11/Jul/2021:05:41:31 -0400] "GET /2019/09/03/poster-in-the-window-of-a-london-travel-agency-1939/ HTTP/1.1" 200 12661 "-" "Mozilla/5.0 (Linux; Android 7.0;) AppleWebKit/537.36 (KHTML, like Gecko) Mobile Safari/537.36 (compatible; PetalBot;+https://webmaster.petalsearch.com/site/petalbot)"
204.48.19.85 - - [11/Jul/2021:05:42:09 -0400] "POST /wp-cron.php?doing_wp_cron=1625996529.9872460365295410156250 HTTP/1.1" 200 6295 "https://ajhydell.com/wp-cron.php?doing_wp_cron=1625996529.9872460365295410156250" "WordPress/5.7.2; https://ajhydell.com"
54.36.148.117 - - [11/Jul/2021:05:42:09 -0400] "GET /2020/12/19/dresses-from-1926/ HTTP/1.1" 200 18495 "-" "Mozilla/5.0 (compatible; AhrefsBot/7.0; +http://ahrefs.com/robot/)"
114.119.156.206 - - [11/Jul/2021:05:42:30 -0400] "GET /2019/10/15/ HTTP/1.1" 200 17644 "-" "Mozilla/5.0 (Linux; Android 7.0;) AppleWebKit/537.36 (KHTML, like Gecko) Mobile Safari/537.36 (compatible; PetalBot;+https://webmaster.petalsearch.com/site/petalbot)"
204.48.19.85 - - [11/Jul/2021:05:43:57 -0400] "POST /wp-cron.php?doing_wp_cron=1625996637.3261361122131347656250 HTTP/1.1" 200 6295 "https://ajhydell.com/wp-cron.php?doing_wp_cron=1625996637.3261361122131347656250" "WordPress/5.7.2; https://ajhydell.com"
114.119.132.183 - - [11/Jul/2021:05:43:57 -0400] "GET /2018/11/05/a-group-of-young-shoeshiners-gathered-around-a-us-civil-war-veteran-in-pennsylvania-usa-in-1935-1024-x-807 HTTP/1.1" 301 5869 "-" "Mozilla/5.0 (Linux; Android 7.0;) AppleWebKit/537.36 (KHTML, like Gecko) Mobile Safari/537.36 (compatible; PetalBot;+https://webmaster.petalsearch.com/site/petalbot)"
114.119.132.183 - - [11/Jul/2021:05:43:58 -0400] "GET /2018/11/05/a-group-of-young-shoeshiners-gathered-around-a-us-civil-war-veteran-in-pennsylvania-usa-in-1935-1024-x-807/ HTTP/1.1" 200 12902 "-" "Mozilla/5.0 (Linux; Android 7.0;) AppleWebKit/537.36 (KHTML, like Gecko) Mobile Safari/537.36 (compatible; PetalBot;+https://webmaster.petalsearch.com/site/petalbot)"
145.255.172.37 - - [11/Jul/2021:05:44:53 -0400] "GET /wp-content/uploads/2018/08/picture-38.jpg HTTP/1.1" 200 1658669 "https://yandex.kz/" "Mozilla/5.0 (Windows NT 6.1; Win64; x64; rv:89.0) Gecko/20100101 Firefox/89.0"
216.244.66.250 - - [11/Jul/2021:05:45:39 -0400] "GET /robots.txt HTTP/1.1" 301 529 "-" "Mozilla/5.0 (compatible; DotBot/1.2; +https://opensiteexplorer.org/dotbot; help@moz.com)"
204.48.19.85 - - [11/Jul/2021:05:45:39 -0400] "POST /wp-cron.php?doing_wp_cron=1625996739.3491919040679931640625 HTTP/1.1" 200 6295 "https://ajhydell.com/wp-cron.php?doing_wp_cron=1625996739.3491919040679931640625" "WordPress/5.7.2; https://ajhydell.com"
216.244.66.250 - - [11/Jul/2021:05:45:39 -0400] "GET /robots.txt HTTP/1.1" 200 5859 "-" "Mozilla/5.0 (compatible; DotBot/1.2; +https://opensiteexplorer.org/dotbot; help@moz.com)"
204.48.19.85 - - [11/Jul/2021:05:46:11 -0400] "POST /wp-cron.php?doing_wp_cron=1625996771.8875930309295654296875 HTTP/1.1" 200 6295 "https://ajhydell.com/wp-cron.php?doing_wp_cron=1625996771.8875930309295654296875" "WordPress/5.7.2; https://ajhydell.com"
114.119.143.168 - - [11/Jul/2021:05:46:11 -0400] "GET /2020/04/23/zenith-flash-matic-1952-ish HTTP/1.1" 301 5790 "-" "Mozilla/5.0 (Linux; Android 7.0;) AppleWebKit/537.36 (KHTML, like Gecko) Mobile Safari/537.36 (compatible; PetalBot;+https://webmaster.petalsearch.com/site/petalbot)"
114.119.143.168 - - [11/Jul/2021:05:46:12 -0400] "GET /2020/04/23/zenith-flash-matic-1952-ish/ HTTP/1.1" 200 12742 "-" "Mozilla/5.0 (Linux; Android 7.0;) AppleWebKit/537.36 (KHTML, like Gecko) Mobile Safari/537.36 (compatible; PetalBot;+https://webmaster.petalsearch.com/site/petalbot)"
185.191.171.26 - - [11/Jul/2021:05:46:15 -0400] "GET /2020/08/02/mens-short-long-sleeve-business-shirts-1979/ HTTP/1.1" 200 18628 "-" "Mozilla/5.0 (compatible; SemrushBot/7~bl; +http://www.semrush.com/bot.html)"
66.249.66.134 - - [11/Jul/2021:05:46:41 -0400] "GET /wp-content/uploads/2021/02/picture-35.jpg HTTP/1.1" 200 67871 "-" "Googlebot-Image/1.0"
207.46.13.137 - - [11/Jul/2021:05:46:42 -0400] "GET /wp-content/uploads/2020/11/picture-21.jpg HTTP/1.1" 200 83830 "-" "Mozilla/5.0 (compatible; bingbot/2.0; +http://www.bing.com/bingbot.htm)"
204.48.19.85 - - [11/Jul/2021:05:47:34 -0400] "POST /wp-cron.php?doing_wp_cron=1625996854.4355890750885009765625 HTTP/1.1" 200 6295 "https://ajhydell.com/wp-cron.php?doing_wp_cron=1625996854.4355890750885009765625" "WordPress/5.7.2; https://ajhydell.com"
114.119.138.170 - - [11/Jul/2021:05:47:34 -0400] "GET /2021/01/24/ HTTP/1.1" 200 18115 "-" "Mozilla/5.0 (Linux; Android 7.0;) AppleWebKit/537.36 (KHTML, like Gecko) Mobile Safari/537.36 (compatible; PetalBot;+https://webmaster.petalsearch.com/site/petalbot)"
204.48.19.85 - - [11/Jul/2021:05:47:52 -0400] "POST /wp-cron.php?doing_wp_cron=1625996872.4968180656433105468750 HTTP/1.1" 200 6295 "https://ajhydell.com/wp-cron.php?doing_wp_cron=1625996872.4968180656433105468750" "WordPress/5.7.2; https://ajhydell.com"
114.119.143.210 - - [11/Jul/2021:05:47:52 -0400] "GET /2019/05/14/may-1861-a-few-weeks-after-the-outbreak-of-the-civil-war-united-states-union-soldiers-begin-guarding-washington-d-c-from-rebel-attacks-as-construction-of-the-capitol-building-continues-on-around-th HTTP/1.1" 301 5960 "-" "Mozilla/5.0 (Linux; Android 7.0;) AppleWebKit/537.36 (KHTML, like Gecko) Mobile Safari/537.36 (compatible; PetalBot;+https://webmaster.petalsearch.com/site/petalbot)"
114.119.143.210 - - [11/Jul/2021:05:47:53 -0400] "GET /2019/05/14/may-1861-a-few-weeks-after-the-outbreak-of-the-civil-war-united-states-union-soldiers-begin-guarding-washington-d-c-from-rebel-attacks-as-construction-of-the-capitol-building-continues-on-around-th/ HTTP/1.1" 200 13037 "-" "Mozilla/5.0 (Linux; Android 7.0;) AppleWebKit/537.36 (KHTML, like Gecko) Mobile Safari/537.36 (compatible; PetalBot;+https://webmaster.petalsearch.com/site/petalbot)"
40.77.167.7 - - [11/Jul/2021:05:48:01 -0400] "GET /wp-content/uploads/2019/07/picture-19.jpg HTTP/1.1" 200 74682 "-" "Mozilla/5.0 (compatible; bingbot/2.0; +http://www.bing.com/bingbot.htm)"
204.48.19.85 - - [11/Jul/2021:05:48:47 -0400] "POST /wp-cron.php?doing_wp_cron=1625996927.5591320991516113281250 HTTP/1.1" 200 6295 "https://ajhydell.com/wp-cron.php?doing_wp_cron=1625996927.5591320991516113281250" "WordPress/5.7.2; https://ajhydell.com"
54.36.148.117 - - [11/Jul/2021:05:48:47 -0400] "GET /2018/08/10/einstein-drops-the-wings-of-pacifism-and-raise-the-sword-of-preparedness-against-an-increasingly-hostile-germany-circa-1933/ HTTP/1.1" 200 18419 "-" "Mozilla/5.0 (compatible; AhrefsBot/7.0; +http://ahrefs.com/robot/)"
40.77.167.81 - - [11/Jul/2021:05:48:53 -0400] "GET /wp-content/uploads/2020/09/picture-85-1024x768.jpg HTTP/1.1" 200 149812 "-" "Mozilla/5.0 (compatible; bingbot/2.0; +http://www.bing.com/bingbot.htm)"
204.48.19.85 - - [11/Jul/2021:05:49:57 -0400] "POST /wp-cron.php?doing_wp_cron=1625996997.7380940914154052734375 HTTP/1.1" 200 6295 "https://ajhydell.com/wp-cron.php?doing_wp_cron=1625996997.7380940914154052734375" "WordPress/5.7.2; https://ajhydell.com"
114.119.151.146 - - [11/Jul/2021:05:49:57 -0400] "GET /2021/07/01/bbc-war-correspondent-robin-duff-makes-a-recording-during-the-d-day-landings-1944-colorization-976x549/ HTTP/1.1" 200 18171 "-" "Mozilla/5.0 (Linux; Android 7.0;) AppleWebKit/537.36 (KHTML, like Gecko) Mobile Safari/537.36 (compatible; PetalBot;+https://webmaster.petalsearch.com/site/petalbot)"
185.191.171.19 - - [11/Jul/2021:05:50:38 -0400] "GET /2020/11/21/ HTTP/1.1" 200 18748 "-" "Mozilla/5.0 (compatible; SemrushBot/7~bl; +http://www.semrush.com/bot.html)"
195.201.58.104 - - [11/Jul/2021:05:50:44 -0400] "GET /2021/02/10/rms-queen-elizabeth-arrived-in-new-york-harbor-with-thousands-of-soldiers-returning-from-the-war-1945/feed/ HTTP/1.1" 200 6609 "-" "AwarioRssBot/1.0 (+https://awario.com/bots.html; bots@awario.com)"
195.201.58.104 - - [11/Jul/2021:05:50:44 -0400] "GET /2021/02/10/world-chess-champion-garry-kasparov-during-the-first-six-game-match-against-ibm-supercomputer-deep-blue-pennsylvania-convention-center-philadelphia-february-10-17th-1996-1528-x-981/feed/ HTTP/1.1" 200 6698 "-" "AwarioRssBot/1.0 (+https://awario.com/bots.html; bots@awario.com)"
195.201.58.104 - - [11/Jul/2021:05:50:44 -0400] "GET /2021/02/10/some-still-call-him-pig-us-1960s-70s/feed/ HTTP/1.1" 200 6550 "-" "AwarioRssBot/1.0 (+https://awario.com/bots.html; bots@awario.com)"
204.48.19.85 - - [11/Jul/2021:05:50:52 -0400] "POST /wp-cron.php?doing_wp_cron=1625997052.2954030036926269531250 HTTP/1.1" 200 6295 "https://ajhydell.com/wp-cron.php?doing_wp_cron=1625997052.2954030036926269531250" "WordPress/5.7.2; https://ajhydell.com"
195.201.58.104 - - [11/Jul/2021:05:50:52 -0400] "GET /2021/02/11/a-wwii-bunker/feed/ HTTP/1.1" 200 1277 "-" "AwarioRssBot/1.0 (+https://awario.com/bots.html; bots@awario.com)"
195.201.58.104 - - [11/Jul/2021:05:50:54 -0400] "GET /2021/02/11/danish-ice-cream-from-frisko-1974/feed/ HTTP/1.1" 200 1302 "-" "AwarioRssBot/1.0 (+https://awario.com/bots.html; bots@awario.com)"
195.201.58.104 - - [11/Jul/2021:05:50:57 -0400] "GET /2021/02/11/cetshwayo-king-of-the-zulu-who-defeated-the-british-at-the-battle-of-isandlwana-1878-900-x-1058/feed/ HTTP/1.1" 200 1375 "-" "AwarioRssBot/1.0 (+https://awario.com/bots.html; bots@awario.com)"
114.119.132.183 - - [11/Jul/2021:05:51:30 -0400] "GET /2020/page/13/ HTTP/1.1" 200 19393 "-" "Mozilla/5.0 (Linux; Android 7.0;) AppleWebKit/537.36 (KHTML, like Gecko) Mobile Safari/537.36 (compatible; PetalBot;+https://webmaster.petalsearch.com/site/petalbot)"
72.13.46.2 - - [11/Jul/2021:05:52:46 -0400] "GET /robots.txt HTTP/1.1" 301 597 "-" "Mozilla/5.0 (compatible; ips-agent)"
204.48.19.85 - - [11/Jul/2021:05:52:46 -0400] "POST /wp-cron.php?doing_wp_cron=1625997166.2355759143829345703125 HTTP/1.1" 200 6295 "https://ajhydell.com/wp-cron.php?doing_wp_cron=1625997166.2355759143829345703125" "WordPress/5.7.2; https://ajhydell.com"
72.13.46.2 - - [11/Jul/2021:05:52:46 -0400] "GET /robots.txt HTTP/1.1" 301 5749 "-" "Mozilla/5.0 (compatible; ips-agent)"
72.13.46.2 - - [11/Jul/2021:05:52:47 -0400] "GET / HTTP/1.1" 301 577 "-" "Mozilla/5.0 (compatible; ips-agent)"
72.13.46.2 - - [11/Jul/2021:05:52:47 -0400] "GET / HTTP/1.1" 301 371 "-" "Mozilla/5.0 (compatible; ips-agent)"
72.13.46.2 - - [11/Jul/2021:05:52:47 -0400] "GET /robots.txt HTTP/1.1" 200 529 "-" "Mozilla/5.0 (compatible; ips-agent)"
72.13.46.2 - - [11/Jul/2021:05:52:48 -0400] "GET / HTTP/1.1" 200 14161 "-" "Mozilla/5.0 (compatible; ips-agent)"
72.13.46.2 - - [11/Jul/2021:05:52:49 -0400] "GET /2021/07/10/really-really-excited-about-hot-dogs-1950s/ HTTP/1.1" 200 12528 "-" "Mozilla/5.0 (compatible; ips-agent)"
72.13.46.2 - - [11/Jul/2021:05:52:50 -0400] "GET /2021/07/11/american-elections-soviet-union-1970s/ HTTP/1.1" 200 12403 "-" "Mozilla/5.0 (compatible; ips-agent)"
114.119.151.146 - - [11/Jul/2021:05:53:32 -0400] "GET /2018/09/21/first-portrait-of-a-woman-by-dr-john-draper-1839 HTTP/1.1" 301 5811 "-" "Mozilla/5.0 (Linux; Android 7.0;) AppleWebKit/537.36 (KHTML, like Gecko) Mobile Safari/537.36 (compatible; PetalBot;+https://webmaster.petalsearch.com/site/petalbot)"
114.119.151.146 - - [11/Jul/2021:05:53:35 -0400] "GET /2018/09/21/first-portrait-of-a-woman-by-dr-john-draper-1839/ HTTP/1.1" 200 12991 "-" "Mozilla/5.0 (Linux; Android 7.0;) AppleWebKit/537.36 (KHTML, like Gecko) Mobile Safari/537.36 (compatible; PetalBot;+https://webmaster.petalsearch.com/site/petalbot)"
204.48.19.85 - - [11/Jul/2021:05:54:03 -0400] "POST /wp-cron.php?doing_wp_cron=1625997243.6938800811767578125000 HTTP/1.1" 200 6295 "https://ajhydell.com/wp-cron.php?doing_wp_cron=1625997243.6938800811767578125000" "WordPress/5.7.2; https://ajhydell.com"
114.119.158.133 - - [11/Jul/2021:05:54:03 -0400] "GET /2020/07/24/apsaroke-mother-and-infant-1908-photo-by-edward-curtis HTTP/1.1" 301 5817 "-" "Mozilla/5.0 (Linux; Android 7.0;) AppleWebKit/537.36 (KHTML, like Gecko) Mobile Safari/537.36 (compatible; PetalBot;+https://webmaster.petalsearch.com/site/petalbot)"
114.119.158.133 - - [11/Jul/2021:05:54:04 -0400] "GET /2020/07/24/apsaroke-mother-and-infant-1908-photo-by-edward-curtis/ HTTP/1.1" 200 12957 "-" "Mozilla/5.0 (Linux; Android 7.0;) AppleWebKit/537.36 (KHTML, like Gecko) Mobile Safari/537.36 (compatible; PetalBot;+https://webmaster.petalsearch.com/site/petalbot)"
204.48.19.85 - - [11/Jul/2021:05:55:30 -0400] "POST /wp-cron.php?doing_wp_cron=1625997330.0981469154357910156250 HTTP/1.1" 200 6295 "https://ajhydell.com/wp-cron.php?doing_wp_cron=1625997330.0981469154357910156250" "WordPress/5.7.2; https://ajhydell.com"
185.191.171.11 - - [11/Jul/2021:05:55:30 -0400] "GET /page/4/ HTTP/1.1" 200 20473 "-" "Mozilla/5.0 (compatible; SemrushBot/7~bl; +http://www.semrush.com/bot.html)"
185.191.171.9 - - [11/Jul/2021:05:55:44 -0400] "GET /2021/07/06/first-lady-of-south-korea-yuk-young-soo-slumps-down-after-being-shot-by-a-north-korean-sympathiser-during-an-assasination-attempt-on-her-husband-president-of-south-korea-park-chung-hee-on-korean-ind/ HTTP/1.1" 200 19033 "-" "Mozilla/5.0 (compatible; SemrushBot/7~bl; +http://www.semrush.com/bot.html)"
204.48.19.85 - - [11/Jul/2021:05:56:30 -0400] "POST /wp-cron.php?doing_wp_cron=1625997390.7137598991394042968750 HTTP/1.1" 200 6295 "https://ajhydell.com/wp-cron.php?doing_wp_cron=1625997390.7137598991394042968750" "WordPress/5.7.2; https://ajhydell.com"
3.94.179.188 - - [11/Jul/2021:05:56:30 -0400] "HEAD / HTTP/1.1" 200 5715 "-" "scalaj-http/2.4.2"
3.94.179.188 - - [11/Jul/2021:05:56:30 -0400] "GET / HTTP/1.1" 200 19602 "-" "Buck/2.2; (+https://app.hypefactors.com/media-monitoring/about.html)"
3.94.179.188 - - [11/Jul/2021:05:56:32 -0400] "GET /robots.txt HTTP/1.1" 200 5901 "-" "Buck/2.2; (+https://app.hypefactors.com/media-monitoring/about.html)"
204.48.19.85 - - [11/Jul/2021:05:57:16 -0400] "POST /wp-cron.php?doing_wp_cron=1625997436.9036800861358642578125 HTTP/1.1" 200 6295 "https://ajhydell.com/wp-cron.php?doing_wp_cron=1625997436.9036800861358642578125" "WordPress/5.7.2; https://ajhydell.com"
3.94.179.188 - - [11/Jul/2021:05:57:16 -0400] "GET /feed/ HTTP/1.1" 200 7910 "-" "Buck/2.2; (+https://app.hypefactors.com/media-monitoring/about.html)"
3.94.179.188 - - [11/Jul/2021:05:57:17 -0400] "GET /sitemap_index.xml HTTP/1.1" 200 6220 "-" "Buck/2.2; (+https://app.hypefactors.com/media-monitoring/about.html)"
3.94.179.188 - - [11/Jul/2021:05:57:17 -0400] "GET /sitemap.xml HTTP/1.1" 200 6582 "-" "Buck/2.2; (+https://app.hypefactors.com/media-monitoring/about.html)"
3.94.179.188 - - [11/Jul/2021:05:57:17 -0400] "GET /sitemap-pt-post-2021-07.xml HTTP/1.1" 200 9141 "-" "Buck/2.2; (+https://app.hypefactors.com/media-monitoring/about.html)"
204.48.19.85 - - [11/Jul/2021:05:57:45 -0400] "POST /wp-cron.php?doing_wp_cron=1625997465.1952168941497802734375 HTTP/1.1" 200 6295 "https://ajhydell.com/wp-cron.php?doing_wp_cron=1625997465.1952168941497802734375" "WordPress/5.7.2; https://ajhydell.com"
3.94.179.188 - - [11/Jul/2021:05:57:45 -0400] "GET /2021/07/11/american-elections-soviet-union-1970s/ HTTP/1.1" 200 17919 "-" "Buck/2.2; (+https://app.hypefactors.com/media-monitoring/about.html)"
114.119.145.169 - - [11/Jul/2021:05:57:53 -0400] "GET /2020/11/10/evdokia-petrova-sydney-australia-being-escorted-across-the-tarmac-to-a-waiting-plane-by-two-armed-soviet-mvd-agents-19-april-1954-1120x804/ HTTP/1.1" 200 18429 "-" "Mozilla/5.0 (Linux; Android 7.0;) AppleWebKit/537.36 (KHTML, like Gecko) Mobile Safari/537.36 (compatible; PetalBot;+https://webmaster.petalsearch.com/site/petalbot)"
54.36.148.117 - - [11/Jul/2021:05:58:31 -0400] "GET /2021/07/11/american-elections-soviet-union-1970s/ HTTP/1.1" 200 18360 "-" "Mozilla/5.0 (compatible; AhrefsBot/7.0; +http://ahrefs.com/robot/)"
18.197.18.220 - - [11/Jul/2021:05:59:00 -0400] "GET /wp-content/uploads/2020/11/picture-1.jpg HTTP/1.1" 200 1049673 "-" "-"
204.48.19.85 - - [11/Jul/2021:05:59:09 -0400] "POST /wp-cron.php?doing_wp_cron=1625997549.6474928855895996093750 HTTP/1.1" 200 6295 "https://ajhydell.com/wp-cron.php?doing_wp_cron=1625997549.6474928855895996093750" "WordPress/5.7.2; https://ajhydell.com"
114.119.147.211 - - [11/Jul/2021:05:59:09 -0400] "GET /2018/08/13/young-girl-in-the-hospital-receiving-medical-therapy-from-ducklings-1956-605x537 HTTP/1.1" 301 5843 "-" "Mozilla/5.0 (Linux; Android 7.0;) AppleWebKit/537.36 (KHTML, like Gecko) Mobile Safari/537.36 (compatible; PetalBot;+https://webmaster.petalsearch.com/site/petalbot)"
114.119.147.211 - - [11/Jul/2021:05:59:11 -0400] "GET /2018/08/13/young-girl-in-the-hospital-receiving-medical-therapy-from-ducklings-1956-605x537/ HTTP/1.1" 200 12738 "-" "Mozilla/5.0 (Linux; Android 7.0;) AppleWebKit/537.36 (KHTML, like Gecko) Mobile Safari/537.36 (compatible; PetalBot;+https://webmaster.petalsearch.com/site/petalbot)"
207.46.13.67 - - [11/Jul/2021:05:59:24 -0400] "GET /2020/11/15/french-troops-with-war-torn-flag-1917-1024-x-729/ HTTP/1.1" 200 18151 "-" "Mozilla/5.0 (compatible; bingbot/2.0; +http://www.bing.com/bingbot.htm)"
34.212.4.78 - - [11/Jul/2021:05:59:37 -0400] "GET /ads.txt HTTP/1.1" 301 579 "-" "Mozilla/5.0 (Windows NT 10.0; Win64; x64) AppleWebKit/537.36 (KHTML, like Gecko) Chrome/91.0.4472.114 Safari/537.36"
34.212.4.78 - - [11/Jul/2021:05:59:37 -0400] "GET /ads.txt HTTP/1.1" 406 6153 "-" "Mozilla/5.0 (Windows NT 10.0; Win64; x64) AppleWebKit/537.36 (KHTML, like Gecko) Chrome/91.0.4472.114 Safari/537.36"
204.48.19.85 - - [11/Jul/2021:06:00:18 -0400] "POST /wp-cron.php?doing_wp_cron=1625997618.2084660530090332031250 HTTP/1.1" 200 6295 "https://ajhydell.com/wp-cron.php?doing_wp_cron=1625997618.2084660530090332031250" "WordPress/5.7.2; https://ajhydell.com"
114.119.151.146 - - [11/Jul/2021:06:00:18 -0400] "GET /2019/10/02/industrialist-silvio-crespi-with-his-family-1890s-800-x-600/ HTTP/1.1" 200 18058 "-" "Mozilla/5.0 (Linux; Android 7.0;) AppleWebKit/537.36 (KHTML, like Gecko) Mobile Safari/537.36 (compatible; PetalBot;+https://webmaster.petalsearch.com/site/petalbot)"
204.48.19.85 - - [11/Jul/2021:06:01:35 -0400] "POST /wp-cron.php?doing_wp_cron=1625997695.9626750946044921875000 HTTP/1.1" 200 6295 "https://ajhydell.com/wp-cron.php?doing_wp_cron=1625997695.9626750946044921875000" "WordPress/5.7.2; https://ajhydell.com"
114.119.132.183 - - [11/Jul/2021:06:01:35 -0400] "GET /2020/03/29/flamepanzer-iii-in-action-winter-1942/ HTTP/1.1" 200 17930 "-" "Mozilla/5.0 (Linux; Android 7.0;) AppleWebKit/537.36 (KHTML, like Gecko) Mobile Safari/537.36 (compatible; PetalBot;+https://webmaster.petalsearch.com/site/petalbot)"
204.48.19.85 - - [11/Jul/2021:06:01:59 -0400] "POST /wp-cron.php?doing_wp_cron=1625997719.9192628860473632812500 HTTP/1.1" 200 6295 "https://ajhydell.com/wp-cron.php?doing_wp_cron=1625997719.9192628860473632812500" "WordPress/5.7.2; https://ajhydell.com"
216.244.66.250 - - [11/Jul/2021:06:01:59 -0400] "GET /page/54/ HTTP/1.1" 200 102562 "-" "Mozilla/5.0 (compatible; DotBot/1.2; +https://opensiteexplorer.org/dotbot; help@moz.com)"
204.48.19.85 - - [11/Jul/2021:06:03:25 -0400] "POST /wp-cron.php?doing_wp_cron=1625997805.7367579936981201171875 HTTP/1.1" 200 6295 "https://ajhydell.com/wp-cron.php?doing_wp_cron=1625997805.7367579936981201171875" "WordPress/5.7.2; https://ajhydell.com"
114.119.132.183 - - [11/Jul/2021:06:03:25 -0400] "GET /2020/05/17 HTTP/1.1" 301 5717 "-" "Mozilla/5.0 (Linux; Android 7.0;) AppleWebKit/537.36 (KHTML, like Gecko) Mobile Safari/537.36 (compatible; PetalBot;+https://webmaster.petalsearch.com/site/petalbot)"
114.119.132.183 - - [11/Jul/2021:06:03:28 -0400] "GET /2020/05/17/ HTTP/1.1" 200 12511 "-" "Mozilla/5.0 (Linux; Android 7.0;) AppleWebKit/537.36 (KHTML, like Gecko) Mobile Safari/537.36 (compatible; PetalBot;+https://webmaster.petalsearch.com/site/petalbot)"
204.48.19.85 - - [11/Jul/2021:06:04:09 -0400] "POST /wp-cron.php?doing_wp_cron=1625997849.2625339031219482421875 HTTP/1.1" 200 6295 "https://ajhydell.com/wp-cron.php?doing_wp_cron=1625997849.2625339031219482421875" "WordPress/5.7.2; https://ajhydell.com"
66.249.66.136 - - [11/Jul/2021:06:04:09 -0400] "GET /2019/10/22/d-day-today/ HTTP/1.1" 200 18654 "-" "Mozilla/5.0 (Linux; Android 6.0.1; Nexus 5X Build/MMB29P) AppleWebKit/537.36 (KHTML, like Gecko) Chrome/91.0.4472.90 Mobile Safari/537.36 (compatible; Googlebot/2.1; +http://www.google.com/bot.html)"
116.107.166.4 - - [11/Jul/2021:06:05:10 -0400] "GET /wp-content/uploads/2019/01/picture-7.jpg HTTP/1.1" 200 59922 "https://yandex.com/images/search?text=Japan%20island%201945" "Mozilla/5.0 (Windows NT 10.0; WOW64) AppleWebKit/537.36 (KHTML, like Gecko) coc_coc_browser/95.0.150 Chrome/89.0.4389.150 Safari/537.36"
204.48.19.85 - - [11/Jul/2021:06:05:18 -0400] "POST /wp-cron.php?doing_wp_cron=1625997918.9076740741729736328125 HTTP/1.1" 200 6295 "https://ajhydell.com/wp-cron.php?doing_wp_cron=1625997918.9076740741729736328125" "WordPress/5.7.2; https://ajhydell.com"
114.119.132.183 - - [11/Jul/2021:06:05:18 -0400] "GET /2021/03/04/william-t-sherman-1860-colourised-by-me-2811x4292 HTTP/1.1" 301 5812 "-" "Mozilla/5.0 (Linux; Android 7.0;) AppleWebKit/537.36 (KHTML, like Gecko) Mobile Safari/537.36 (compatible; PetalBot;+https://webmaster.petalsearch.com/site/petalbot)"
114.119.132.183 - - [11/Jul/2021:06:05:20 -0400] "GET /2021/03/04/william-t-sherman-1860-colourised-by-me-2811x4292/ HTTP/1.1" 200 12913 "-" "Mozilla/5.0 (Linux; Android 7.0;) AppleWebKit/537.36 (KHTML, like Gecko) Mobile Safari/537.36 (compatible; PetalBot;+https://webmaster.petalsearch.com/site/petalbot)"
116.107.166.4 - - [11/Jul/2021:06:05:30 -0400] "-" 408 6041 "-" "-"
204.48.19.85 - - [11/Jul/2021:06:05:49 -0400] "POST /wp-cron.php?doing_wp_cron=1625997949.7717120647430419921875 HTTP/1.1" 200 6295 "https://ajhydell.com/wp-cron.php?doing_wp_cron=1625997949.7717120647430419921875" "WordPress/5.7.2; https://ajhydell.com"
5.255.253.148 - - [11/Jul/2021:06:05:49 -0400] "GET /robots.txt HTTP/1.1" 200 6535 "-" "Mozilla/5.0 (compatible; YandexBot/3.0; +http://yandex.com/bots)"
5.255.253.148 - - [11/Jul/2021:06:05:53 -0400] "GET /2019/08/31/the-bluebird-proteus-cn7-is-a-gas-turbine-powered-vehicle-that-was-driven-by-donald-campbell-and-achieved-the-world-land-speed-record-on-lake-eyre-in-australia-on-17-july-1964/ HTTP/1.1" 200 12848 "-" "Mozilla/5.0 (compatible; YandexBot/3.0; +http://yandex.com/bots)"
204.48.19.85 - - [11/Jul/2021:06:07:46 -0400] "POST /wp-cron.php?doing_wp_cron=1625998066.3164060115814208984375 HTTP/1.1" 200 6295 "https://ajhydell.com/wp-cron.php?doing_wp_cron=1625998066.3164060115814208984375" "WordPress/5.7.2; https://ajhydell.com"
114.119.145.169 - - [11/Jul/2021:06:07:46 -0400] "GET /2020/08/15/fridtjof-nansen-norwegian-explorer-scientist-diplomat-humanitarian-and-nobel-peace-prize-laureate-1915 HTTP/1.1" 301 5865 "-" "Mozilla/5.0 (Linux; Android 7.0;) AppleWebKit/537.36 (KHTML, like Gecko) Mobile Safari/537.36 (compatible; PetalBot;+https://webmaster.petalsearch.com/site/petalbot)"
114.119.145.169 - - [11/Jul/2021:06:07:47 -0400] "GET /2020/08/15/fridtjof-nansen-norwegian-explorer-scientist-diplomat-humanitarian-and-nobel-peace-prize-laureate-1915/ HTTP/1.1" 200 13028 "-" "Mozilla/5.0 (Linux; Android 7.0;) AppleWebKit/537.36 (KHTML, like Gecko) Mobile Safari/537.36 (compatible; PetalBot;+https://webmaster.petalsearch.com/site/petalbot)"
114.119.143.210 - - [11/Jul/2021:06:07:53 -0400] "GET /2019/03/26/day-of-solidarity-with-angola-1972 HTTP/1.1" 301 5797 "-" "Mozilla/5.0 (Linux; Android 7.0;) AppleWebKit/537.36 (KHTML, like Gecko) Mobile Safari/537.36 (compatible; PetalBot;+https://webmaster.petalsearch.com/site/petalbot)"
114.119.143.210 - - [11/Jul/2021:06:07:54 -0400] "GET /2019/03/26/day-of-solidarity-with-angola-1972/ HTTP/1.1" 200 12679 "-" "Mozilla/5.0 (Linux; Android 7.0;) AppleWebKit/537.36 (KHTML, like Gecko) Mobile Safari/537.36 (compatible; PetalBot;+https://webmaster.petalsearch.com/site/petalbot)"
207.46.13.67 - - [11/Jul/2021:06:08:35 -0400] "GET /wp-content/uploads/2020/04/picture-4-768x534.jpg HTTP/1.1" 200 68865 "-" "Mozilla/5.0 (compatible; bingbot/2.0; +http://www.bing.com/bingbot.htm)"
204.48.19.85 - - [11/Jul/2021:06:09:38 -0400] "POST /wp-cron.php?doing_wp_cron=1625998178.9789650440216064453125 HTTP/1.1" 200 6295 "https://ajhydell.com/wp-cron.php?doing_wp_cron=1625998178.9789650440216064453125" "WordPress/5.7.2; https://ajhydell.com"
54.36.148.117 - - [11/Jul/2021:06:09:38 -0400] "GET /2021/04/16/wwii-poster-protect-your-victory-garden-1943/ HTTP/1.1" 200 18671 "-" "Mozilla/5.0 (compatible; AhrefsBot/7.0; +http://ahrefs.com/robot/)"
207.46.13.137 - - [11/Jul/2021:06:11:15 -0400] "GET /wp-content/uploads/2019/03/picture-10.jpg HTTP/1.1" 200 445934 "-" "Mozilla/5.0 (compatible; bingbot/2.0; +http://www.bing.com/bingbot.htm)"
204.48.19.85 - - [11/Jul/2021:06:12:27 -0400] "POST /wp-cron.php?doing_wp_cron=1625998347.3814070224761962890625 HTTP/1.1" 200 6295 "https://ajhydell.com/wp-cron.php?doing_wp_cron=1625998347.3814070224761962890625" "WordPress/5.7.2; https://ajhydell.com"
114.119.156.206 - - [11/Jul/2021:06:12:27 -0400] "GET /2019/10/01/he-used-to-duck-me-now-he-dates-me-nadinola-bleaching-cream-ebony-magazine-may-1963/ HTTP/1.1" 200 18129 "-" "Mozilla/5.0 (Linux; Android 7.0;) AppleWebKit/537.36 (KHTML, like Gecko) Mobile Safari/537.36 (compatible; PetalBot;+https://webmaster.petalsearch.com/site/petalbot)"
204.48.19.85 - - [11/Jul/2021:06:12:47 -0400] "POST /wp-cron.php?doing_wp_cron=1625998367.2560980319976806640625 HTTP/1.1" 200 6295 "https://ajhydell.com/wp-cron.php?doing_wp_cron=1625998367.2560980319976806640625" "WordPress/5.7.2; https://ajhydell.com"
157.55.39.62 - - [11/Jul/2021:06:12:47 -0400] "GET /2020/04/14/mg-34-machine-gun-crew-of-the-1st-ss-panzer-division-leibstandarte-take-cover-under-a-rail-car-during-the-battle-of-mariupol-oct-1941/ HTTP/1.1" 200 18395 "-" "Mozilla/5.0 (compatible; bingbot/2.0; +http://www.bing.com/bingbot.htm)"
114.119.132.183 - - [11/Jul/2021:06:12:52 -0400] "GET /2019/06/29/ HTTP/1.1" 200 17583 "-" "Mozilla/5.0 (Linux; Android 7.0;) AppleWebKit/537.36 (KHTML, like Gecko) Mobile Safari/537.36 (compatible; PetalBot;+https://webmaster.petalsearch.com/site/petalbot)"
112.200.71.32 - - [11/Jul/2021:06:13:18 -0400] "GET /wp-content/uploads/2020/09/picture-13.jpg HTTP/1.1" 200 260705 "https://images.search.yahoo.com/search/images;_ylt=Awr9F68gxOpgbqUADiGJzbkF;_ylu=c2VjA3NlYXJjaARzbGsDYnV0dG9u;_ylc=X1MDOTYwNjI4NTcEX3IDMgRhY3RuA2NsawRjc3JjcHZpZANEWE1YTmpFd0xqSmY1UTd0V3Z2dFl3Q25NVEV5TGdBQUFBQV9Ja3VaBGZyA21jYWZlZQRmcjIDc2EtZ3AEZ3ByaWQDMHZuQWl4cXhUX0dxRVl4MUNzQklYQQRuX3N1Z2cDNARvcmlnaW4DaW1hZ2VzLnNlYXJjaC55YWhvby5jb20EcG9zAzAEcHFzdHIDBHBxc3RybAMEcXN0cmwDMTcEcXVlcnkDdmlldGNvbmclMjBwaG90b3MEdF9zdG1wAzE2MjU5OTgzODY-?p=vietcong+photos&fr=mcafee&fr2=sb-top-images.search&ei=UTF-8&x=wrt&type=E210US91215G0" "Mozilla/5.0 (Windows NT 10.0; Win64; x64) AppleWebKit/537.36 (KHTML, like Gecko) Chrome/91.0.4472.124 Safari/537.36"
114.119.151.93 - - [11/Jul/2021:06:13:26 -0400] "GET /2018/12/21/ HTTP/1.1" 200 17496 "-" "Mozilla/5.0 (Linux; Android 7.0;) AppleWebKit/537.36 (KHTML, like Gecko) Mobile Safari/537.36 (compatible; PetalBot;+https://webmaster.petalsearch.com/site/petalbot)"
112.200.71.32 - - [11/Jul/2021:06:13:38 -0400] "-" 408 6041 "-" "-"
204.48.19.85 - - [11/Jul/2021:06:14:56 -0400] "POST /wp-cron.php?doing_wp_cron=1625998496.2534279823303222656250 HTTP/1.1" 200 6295 "https://ajhydell.com/wp-cron.php?doing_wp_cron=1625998496.2534279823303222656250" "WordPress/5.7.2; https://ajhydell.com"
114.119.143.168 - - [11/Jul/2021:06:14:56 -0400] "GET /2019/08/02/australian-soldier-private-george-dick-whittington-is-aided-by-papuan-orderly-raphael-oimbari-near-buna-on-25-december-1942-the-native-helpers-were-called-fuzzy-wuzzy-angels-by-the-austral HTTP/1.1" 301 5951 "-" "Mozilla/5.0 (Linux; Android 7.0;) AppleWebKit/537.36 (KHTML, like Gecko) Mobile Safari/537.36 (compatible; PetalBot;+https://webmaster.petalsearch.com/site/petalbot)"
114.119.143.168 - - [11/Jul/2021:06:14:57 -0400] "GET /2019/08/02/australian-soldier-private-george-dick-whittington-is-aided-by-papuan-orderly-raphael-oimbari-near-buna-on-25-december-1942-the-native-helpers-were-called-fuzzy-wuzzy-angels-by-the-austral/ HTTP/1.1" 200 13162 "-" "Mozilla/5.0 (Linux; Android 7.0;) AppleWebKit/537.36 (KHTML, like Gecko) Mobile Safari/537.36 (compatible; PetalBot;+https://webmaster.petalsearch.com/site/petalbot)"
114.119.158.133 - - [11/Jul/2021:06:14:59 -0400] "GET /2020/07/30/drambuie-1982/ HTTP/1.1" 200 18133 "-" "Mozilla/5.0 (Linux; Android 7.0;) AppleWebKit/537.36 (KHTML, like Gecko) Mobile Safari/537.36 (compatible; PetalBot;+https://webmaster.petalsearch.com/site/petalbot)"
69.14.208.29 - - [11/Jul/2021:06:15:25 -0400] "GET /wp-content/uploads/2019/12/picture-29-745x1024.jpg HTTP/1.1" 200 162295 "https://images.search.yahoo.com/yhs/search?p=vikki+dougan&fr=yhs-adk-adk_sbnt&type=yhs-adk_sbnt_appfocus1_ff&hspart=adk&hsimp=yhs-adk_sbnt&imgurl=https%3A%2F%2Fm.media-amazon.com%2Fimages%2FM%2FMV5BZGM0ZDdkMDYtZTI2Zi00Y2VlLThkZWUtYzM0YjFjYTc3NmUyXkEyXkFqcGdeQXVyMTcyODY2NDQ%40._V1_UY1200_CR229%2C0%2C630%2C1200_AL_.jpg" "Mozilla/5.0 (X11; Ubuntu; Linux x86_64; rv:89.0) Gecko/20100101 Firefox/89.0"
66.249.66.134 - - [11/Jul/2021:06:16:41 -0400] "GET /wp-content/uploads/2020/07/picture-4-1024x746.jpg HTTP/1.1" 200 1373723 "-" "Googlebot-Image/1.0"
118.184.177.66 - - [11/Jul/2021:06:17:38 -0400] "GET / HTTP/1.1" 301 528 "-" "Sogou web spider/4.0(+http://www.sogou.com/docs/help/webmasters.htm#07)"
204.48.19.85 - - [11/Jul/2021:06:17:47 -0400] "POST /wp-cron.php?doing_wp_cron=1625998667.8165619373321533203125 HTTP/1.1" 200 6295 "https://ajhydell.com/wp-cron.php?doing_wp_cron=1625998667.8165619373321533203125" "WordPress/5.7.2; https://ajhydell.com"
157.55.39.62 - - [11/Jul/2021:06:17:47 -0400] "GET /2021/02/19/schmitz-beer-1951/ HTTP/1.1" 200 18252 "-" "Mozilla/5.0 (compatible; bingbot/2.0; +http://www.bing.com/bingbot.htm)"
207.46.13.147 - - [11/Jul/2021:06:17:52 -0400] "GET /2021/05/26/lockheed-martin-employee-sally-wadsworth-working-on-the-fuselage-of-a-p-38-lightning-in-california-1944/ HTTP/1.1" 200 18294 "-" "Mozilla/5.0 (compatible; bingbot/2.0; +http://www.bing.com/bingbot.htm)"
40.77.189.89 - - [11/Jul/2021:06:17:59 -0400] "GET /?wordfence_lh=1&hid=574F958173B88458BB4F6EB6CAE91C37&r=0.13940956782046032 HTTP/1.1" 200 6388 "https://ajhydell.com/2021/05/26/lockheed-martin-employee-sally-wadsworth-working-on-the-fuselage-of-a-p-38-lightning-in-california-1944/" "Mozilla/5.0 (Windows NT 6.1; WOW64) AppleWebKit/534+ (KHTML, like Gecko) BingPreview/1.0b"
5.255.253.148 - - [11/Jul/2021:06:18:01 -0400] "GET /2019/12/30/leading-aircraftmen-norman-bond-of-swindon-and-william-webb-of-addington-surrey-carry-a-rocket-projectile-to-load-under-the-wing-of-bristol-beaufighter-mark-x-ne646-v-of-no-211-squadron-raf-d/ HTTP/1.1" 200 19063 "-" "Mozilla/5.0 (compatible; YandexBot/3.0; +http://yandex.com/bots)"
204.48.19.85 - - [11/Jul/2021:06:19:01 -0400] "POST /wp-cron.php?doing_wp_cron=1625998741.9647231101989746093750 HTTP/1.1" 200 6295 "https://ajhydell.com/wp-cron.php?doing_wp_cron=1625998741.9647231101989746093750" "WordPress/5.7.2; https://ajhydell.com"
114.119.138.170 - - [11/Jul/2021:06:19:01 -0400] "GET /2018/11/page/3 HTTP/1.1" 301 5721 "-" "Mozilla/5.0 (Linux; Android 7.0;) AppleWebKit/537.36 (KHTML, like Gecko) Mobile Safari/537.36 (compatible; PetalBot;+https://webmaster.petalsearch.com/site/petalbot)"
114.119.138.170 - - [11/Jul/2021:06:19:02 -0400] "GET /2018/11/page/3/ HTTP/1.1" 200 13946 "-" "Mozilla/5.0 (Linux; Android 7.0;) AppleWebKit/537.36 (KHTML, like Gecko) Mobile Safari/537.36 (compatible; PetalBot;+https://webmaster.petalsearch.com/site/petalbot)"
176.58.101.217 - - [11/Jul/2021:06:19:13 -0400] "GET /owa/ HTTP/1.1" 404 63072 "-" "Mozilla/5.0 (Windows NT 10.0; Win64; x64) AppleWebKit/537.36 (KHTML, like Gecko) Chrome/60.0.3112.113 Safari/537.36"
66.249.66.136 - - [11/Jul/2021:06:19:40 -0400] "GET /2019/05/10/ HTTP/1.1" 200 18035 "-" "Mozilla/5.0 (Linux; Android 6.0.1; Nexus 5X Build/MMB29P) AppleWebKit/537.36 (KHTML, like Gecko) Chrome/91.0.4472.90 Mobile Safari/537.36 (compatible; Googlebot/2.1; +http://www.google.com/bot.html)"
204.48.19.85 - - [11/Jul/2021:06:20:22 -0400] "POST /wp-cron.php?doing_wp_cron=1625998822.9490530490875244140625 HTTP/1.1" 200 6295 "https://ajhydell.com/wp-cron.php?doing_wp_cron=1625998822.9490530490875244140625" "WordPress/5.7.2; https://ajhydell.com"
54.36.148.117 - - [11/Jul/2021:06:20:22 -0400] "GET /2018/10/13/shell-shocked-us-marine-vietnam-hue-1968/ HTTP/1.1" 200 18618 "-" "Mozilla/5.0 (compatible; AhrefsBot/7.0; +http://ahrefs.com/robot/)"
204.48.19.85 - - [11/Jul/2021:06:21:35 -0400] "POST /wp-cron.php?doing_wp_cron=1625998895.5967168807983398437500 HTTP/1.1" 200 6295 "https://ajhydell.com/wp-cron.php?doing_wp_cron=1625998895.5967168807983398437500" "WordPress/5.7.2; https://ajhydell.com"
118.184.177.66 - - [11/Jul/2021:06:21:35 -0400] "GET / HTTP/1.1" 200 19683 "-" "Sogou web spider/4.0(+http://www.sogou.com/docs/help/webmasters.htm#07)"
204.48.19.85 - - [11/Jul/2021:06:21:47 -0400] "POST /wp-cron.php?doing_wp_cron=1625998907.5552160739898681640625 HTTP/1.1" 200 6295 "https://ajhydell.com/wp-cron.php?doing_wp_cron=1625998907.5552160739898681640625" "WordPress/5.7.2; https://ajhydell.com"
114.119.143.168 - - [11/Jul/2021:06:21:47 -0400] "GET /2021/03/28/actress-allison-hayes/ HTTP/1.1" 200 17946 "-" "Mozilla/5.0 (Linux; Android 7.0;) AppleWebKit/537.36 (KHTML, like Gecko) Mobile Safari/537.36 (compatible; PetalBot;+https://webmaster.petalsearch.com/site/petalbot)"
114.119.151.93 - - [11/Jul/2021:06:22:29 -0400] "GET /2019/03/10 HTTP/1.1" 301 5717 "-" "Mozilla/5.0 (Linux; Android 7.0;) AppleWebKit/537.36 (KHTML, like Gecko) Mobile Safari/537.36 (compatible; PetalBot;+https://webmaster.petalsearch.com/site/petalbot)"
