204.48.19.85 - - [04/Jul/2021:08:24:45 -0400] "POST /wp-cron.php?doing_wp_cron=1625401485.2109038829803466796875 HTTP/1.1" 200 6295 "https://ajhydell.com/wp-cron.php?doing_wp_cron=1625401485.2109038829803466796875" "WordPress/5.7.2; https://ajhydell.com"
136.243.70.68 - - [04/Jul/2021:08:24:45 -0400] "GET /2021/07/04/international-womens-day-we-congratulate-you-dear-women-soviet-union-1963/ HTTP/1.1" 200 18997 "-" "AwarioSmartBot/1.0 (+https://awario.com/bots.html; bots@awario.com)"
204.48.19.85 - - [04/Jul/2021:08:27:04 -0400] "POST /wp-cron.php?doing_wp_cron=1625401624.1168909072875976562500 HTTP/1.1" 200 6295 "https://ajhydell.com/wp-cron.php?doing_wp_cron=1625401624.1168909072875976562500" "WordPress/5.7.2; https://ajhydell.com"
207.46.13.80 - - [04/Jul/2021:08:27:04 -0400] "GET /2021/03/11/this-is-no-bullshit-taken-during-the-korean-war-january-6-1953/ HTTP/1.1" 200 18806 "-" "Mozilla/5.0 (compatible; bingbot/2.0; +http://www.bing.com/bingbot.htm)"
207.46.13.151 - - [04/Jul/2021:08:27:37 -0400] "GET /2019/07/28/girls-1910/ HTTP/1.1" 200 18523 "-" "Mozilla/5.0 (compatible; bingbot/2.0; +http://www.bing.com/bingbot.htm)"
204.48.19.85 - - [04/Jul/2021:08:29:36 -0400] "POST /wp-cron.php?doing_wp_cron=1625401776.2501459121704101562500 HTTP/1.1" 200 6295 "https://ajhydell.com/wp-cron.php?doing_wp_cron=1625401776.2501459121704101562500" "WordPress/5.7.2; https://ajhydell.com"
79.86.170.86 - - [04/Jul/2021:08:29:36 -0400] "GET /2021/06/28/knox-gelatine-1938/ HTTP/1.1" 200 19210 "https://duckduckgo.com/" "Mozilla/5.0 (Macintosh; Intel Mac OS X 10.14; rv:89.0) Gecko/20100101 Firefox/89.0"
79.86.170.86 - - [04/Jul/2021:08:29:36 -0400] "GET /wp-content/plugins/add-expires-headers/cache/0/com/processed-header-f16a8d323e83e1bc1b76514e283fb81b7090a959.min.css HTTP/1.1" 200 52771 "https://ajhydell.com/2021/06/28/knox-gelatine-1938/" "Mozilla/5.0 (Macintosh; Intel Mac OS X 10.14; rv:89.0) Gecko/20100101 Firefox/89.0"
79.86.170.86 - - [04/Jul/2021:08:29:37 -0400] "GET /wp-content/uploads/2018/08/picture-6-150x150.jpg HTTP/1.1" 200 8494 "https://ajhydell.com/2021/06/28/knox-gelatine-1938/" "Mozilla/5.0 (Macintosh; Intel Mac OS X 10.14; rv:89.0) Gecko/20100101 Firefox/89.0"
79.86.170.86 - - [04/Jul/2021:08:29:37 -0400] "GET /wp-content/uploads/2018/08/picture-3-150x150.jpg HTTP/1.1" 200 7839 "https://ajhydell.com/2021/06/28/knox-gelatine-1938/" "Mozilla/5.0 (Macintosh; Intel Mac OS X 10.14; rv:89.0) Gecko/20100101 Firefox/89.0"
79.86.170.86 - - [04/Jul/2021:08:29:37 -0400] "GET /wp-content/uploads/2021/06/picture-136.jpg HTTP/1.1" 200 76560 "https://ajhydell.com/2021/06/28/knox-gelatine-1938/" "Mozilla/5.0 (Macintosh; Intel Mac OS X 10.14; rv:89.0) Gecko/20100101 Firefox/89.0"
79.86.170.86 - - [04/Jul/2021:08:29:37 -0400] "GET /wp-content/uploads/2018/08/picture-150x150.jpg HTTP/1.1" 200 9010 "https://ajhydell.com/2021/06/28/knox-gelatine-1938/" "Mozilla/5.0 (Macintosh; Intel Mac OS X 10.14; rv:89.0) Gecko/20100101 Firefox/89.0"
79.86.170.86 - - [04/Jul/2021:08:29:37 -0400] "GET /wp-content/uploads/2018/08/picture-2-150x150.jpg HTTP/1.1" 200 7009 "https://ajhydell.com/2021/06/28/knox-gelatine-1938/" "Mozilla/5.0 (Macintosh; Intel Mac OS X 10.14; rv:89.0) Gecko/20100101 Firefox/89.0"
79.86.170.86 - - [04/Jul/2021:08:29:37 -0400] "GET /wp-content/uploads/2018/08/picture-5-150x150.jpg HTTP/1.1" 200 6565 "https://ajhydell.com/2021/06/28/knox-gelatine-1938/" "Mozilla/5.0 (Macintosh; Intel Mac OS X 10.14; rv:89.0) Gecko/20100101 Firefox/89.0"
79.86.170.86 - - [04/Jul/2021:08:29:37 -0400] "GET /wp-content/themes/royal-magazine/assets/libraries/ionicons/fonts/ionicons.ttf HTTP/1.1" 200 189155 "https://ajhydell.com/wp-content/plugins/add-expires-headers/cache/0/com/processed-header-f16a8d323e83e1bc1b76514e283fb81b7090a959.min.css" "Mozilla/5.0 (Macintosh; Intel Mac OS X 10.14; rv:89.0) Gecko/20100101 Firefox/89.0"
79.86.170.86 - - [04/Jul/2021:08:29:37 -0400] "GET /wp-content/uploads/2018/08/38497330_397960004063337_4338171617570979840_n-150x150.jpg HTTP/1.1" 200 7288 "https://ajhydell.com/2021/06/28/knox-gelatine-1938/" "Mozilla/5.0 (Macintosh; Intel Mac OS X 10.14; rv:89.0) Gecko/20100101 Firefox/89.0"
79.86.170.86 - - [04/Jul/2021:08:29:39 -0400] "GET /wp-content/uploads/2018/08/cropped-logo-192x192.jpg HTTP/1.1" 200 9756 "https://ajhydell.com/2021/06/28/knox-gelatine-1938/" "Mozilla/5.0 (Macintosh; Intel Mac OS X 10.14; rv:89.0) Gecko/20100101 Firefox/89.0"
79.86.170.86 - - [04/Jul/2021:08:29:39 -0400] "GET /wp-content/uploads/2018/08/cropped-logo-32x32.jpg HTTP/1.1" 200 1314 "https://ajhydell.com/2021/06/28/knox-gelatine-1938/" "Mozilla/5.0 (Macintosh; Intel Mac OS X 10.14; rv:89.0) Gecko/20100101 Firefox/89.0"
174.202.44.176 - - [04/Jul/2021:08:29:59 -0400] "GET /wp-content/uploads/2018/08/picture-80.jpg HTTP/1.1" 200 532267 "https://www.google.com/" "Mozilla/5.0 (Macintosh; Intel Mac OS X 10_15_6) AppleWebKit/605.1.15 (KHTML, like Gecko) Version/14.0 Safari/605.1.15"
157.55.39.134 - - [04/Jul/2021:08:30:28 -0400] "GET /wp-content/uploads/2020/02/picture-4-700x1024.jpg HTTP/1.1" 200 126517 "-" "Mozilla/5.0 (compatible; bingbot/2.0; +http://www.bing.com/bingbot.htm)"
204.48.19.85 - - [04/Jul/2021:08:33:25 -0400] "POST /wp-cron.php?doing_wp_cron=1625402005.5243771076202392578125 HTTP/1.1" 200 6295 "https://ajhydell.com/wp-cron.php?doing_wp_cron=1625402005.5243771076202392578125" "WordPress/5.7.2; https://ajhydell.com"
54.36.148.117 - - [04/Jul/2021:08:33:25 -0400] "GET /2021/06/24/shame-genociders-soviet-era-poster-detailing-the-1985-move-bombing-in-philadelphia/ HTTP/1.1" 200 19030 "-" "Mozilla/5.0 (compatible; AhrefsBot/7.0; +http://ahrefs.com/robot/)"
5.255.253.148 - - [04/Jul/2021:08:34:12 -0400] "GET /wp-content/uploads/2018/10/picture-12.jpg HTTP/1.1" 304 6272 "-" "Mozilla/5.0 (compatible; YandexImages/3.0; +http://yandex.com/bots)"
204.48.19.85 - - [04/Jul/2021:08:34:16 -0400] "POST /wp-cron.php?doing_wp_cron=1625402056.3692579269409179687500 HTTP/1.1" 200 6295 "https://ajhydell.com/wp-cron.php?doing_wp_cron=1625402056.3692579269409179687500" "WordPress/5.7.2; https://ajhydell.com"
17.121.115.180 - - [04/Jul/2021:08:34:16 -0400] "GET /2020/04/14/in-the-country-of-lord-god-that-is-in-the-united-states-of-america-ussr-1930/ HTTP/1.1" 200 18556 "-" "Mozilla/5.0 (Macintosh; Intel Mac OS X 10_15_5) AppleWebKit/605.1.15 (KHTML, like Gecko) Version/13.1.1 Safari/605.1.15 (Applebot/0.1; +http://www.apple.com/go/applebot)"
66.249.70.112 - - [04/Jul/2021:08:35:23 -0400] "GET /wp-content/uploads/2021/06/picture-145.jpg HTTP/1.1" 200 90036 "-" "Googlebot-Image/1.0"
204.48.19.85 - - [04/Jul/2021:08:35:24 -0400] "POST /wp-cron.php?doing_wp_cron=1625402124.6258549690246582031250 HTTP/1.1" 200 6295 "https://ajhydell.com/wp-cron.php?doing_wp_cron=1625402124.6258549690246582031250" "WordPress/5.7.2; https://ajhydell.com"
54.39.177.92 - - [04/Jul/2021:08:35:24 -0400] "GET /feed/ HTTP/1.1" 200 7734 "-" "Mozilla/5.0 (compatible; YaK/1.0; http://linkfluence.com/; bot@linkfluence.com)"
54.39.177.173 - - [04/Jul/2021:08:35:25 -0400] "GET /2021/07/04/german-soldiers-preparing-to-defend-the-soviet-winter-offensive-1943/ HTTP/1.1" 200 18139 "-" "Mozilla/5.0 (compatible; YaK/1.0; http://linkfluence.com/; bot@linkfluence.com)"
54.39.177.173 - - [04/Jul/2021:08:35:26 -0400] "GET /2021/07/04/international-womens-day-we-congratulate-you-dear-women-soviet-union-1963/ HTTP/1.1" 200 12976 "-" "Mozilla/5.0 (compatible; YaK/1.0; http://linkfluence.com/; bot@linkfluence.com)"
66.249.70.110 - - [04/Jul/2021:08:35:35 -0400] "GET /wp-content/uploads/2020/08/picture-137-scaled.jpg HTTP/1.1" 200 512516 "-" "Googlebot-Image/1.0"
185.191.171.13 - - [04/Jul/2021:08:35:42 -0400] "GET /2020/07/14/opera-singer-kristina-nilsson-who-was-plucked-from-poverty-because-of-her-talent-visiting-her-sister-who-remained-a-farmers-wife-sweden-1900-1109x890/ HTTP/1.1" 200 19174 "-" "Mozilla/5.0 (compatible; SemrushBot/7~bl; +http://www.semrush.com/bot.html)"
204.48.19.85 - - [04/Jul/2021:08:35:50 -0400] "POST /wp-cron.php?doing_wp_cron=1625402150.3757290840148925781250 HTTP/1.1" 200 6295 "https://ajhydell.com/wp-cron.php?doing_wp_cron=1625402150.3757290840148925781250" "WordPress/5.7.2; https://ajhydell.com"
207.46.13.96 - - [04/Jul/2021:08:35:50 -0400] "GET /2019/06/07/cottonelle-1982/ HTTP/1.1" 200 18465 "-" "Mozilla/5.0 (compatible; bingbot/2.0; +http://www.bing.com/bingbot.htm)"
54.39.190.183 - - [04/Jul/2021:08:35:54 -0400] "GET /robots.txt HTTP/1.1" 200 5845 "-" "Mozilla/5.0 (compatible; YaK/1.0; http://linkfluence.com/; bot@linkfluence.com)"
54.39.190.183 - - [04/Jul/2021:08:35:54 -0400] "GET /wp-content/uploads/2021/07/picture-16.jpg HTTP/1.1" 200 1001142 "-" "Synthesio Crawler release MonaLisa (contact at synthesio dot fr)"
37.139.13.163 - - [04/Jul/2021:08:36:11 -0400] "POST /wp-login.php HTTP/1.1" 503 24797 "-" "Mozilla/5.0 (Windows NT 6.1; WOW64) AppleWebKit/537.36 (KHTML, like Gecko) Chrome/48.0.2564.109 Safari/537.36"
204.48.19.85 - - [04/Jul/2021:08:36:42 -0400] "POST /wp-cron.php?doing_wp_cron=1625402202.4625549316406250000000 HTTP/1.1" 200 6295 "https://ajhydell.com/wp-cron.php?doing_wp_cron=1625402202.4625549316406250000000" "WordPress/5.7.2; https://ajhydell.com"
54.36.148.117 - - [04/Jul/2021:08:36:42 -0400] "GET /2020/09/30/an-american-soldier-on-the-deck-of-the-destroyed-french-battleship-strasbourg-in-toulon-on-the-side-of-the-battleship-lies-the-light-cruiser-la-gallissoniere/ HTTP/1.1" 200 19195 "-" "Mozilla/5.0 (compatible; AhrefsBot/7.0; +http://ahrefs.com/robot/)"
204.48.19.85 - - [04/Jul/2021:08:39:39 -0400] "POST /wp-cron.php?doing_wp_cron=1625402379.0185830593109130859375 HTTP/1.1" 200 6295 "https://ajhydell.com/wp-cron.php?doing_wp_cron=1625402379.0185830593109130859375" "WordPress/5.7.2; https://ajhydell.com"
54.36.148.117 - - [04/Jul/2021:08:39:38 -0400] "GET /2019/08/05/ HTTP/1.1" 200 18472 "-" "Mozilla/5.0 (compatible; AhrefsBot/7.0; +http://ahrefs.com/robot/)"
204.48.19.85 - - [04/Jul/2021:08:40:06 -0400] "POST /wp-cron.php?doing_wp_cron=1625402406.1893808841705322265625 HTTP/1.1" 200 6295 "https://ajhydell.com/wp-cron.php?doing_wp_cron=1625402406.1893808841705322265625" "WordPress/5.7.2; https://ajhydell.com"
157.55.39.136 - - [04/Jul/2021:08:40:06 -0400] "GET /2018/08/17/laika-pack-of-cigarettes-ussr-late-1950s-early-1990s/ HTTP/1.1" 200 18780 "-" "Mozilla/5.0 (compatible; bingbot/2.0; +http://www.bing.com/bingbot.htm)"
157.55.39.102 - - [04/Jul/2021:08:40:38 -0400] "GET /2021/04/03/1907-glass-plate-negative/ HTTP/1.1" 200 18601 "-" "Mozilla/5.0 (compatible; bingbot/2.0; +http://www.bing.com/bingbot.htm)"
204.48.19.85 - - [04/Jul/2021:08:40:51 -0400] "POST /wp-cron.php?doing_wp_cron=1625402451.8599948883056640625000 HTTP/1.1" 200 6295 "https://ajhydell.com/wp-cron.php?doing_wp_cron=1625402451.8599948883056640625000" "WordPress/5.7.2; https://ajhydell.com"
17.121.114.123 - - [04/Jul/2021:08:40:51 -0400] "GET /2018/09/14/to-each-his-own-dixie-cup-1960s/ HTTP/1.1" 200 18323 "-" "Mozilla/5.0 (Macintosh; Intel Mac OS X 10_15_5) AppleWebKit/605.1.15 (KHTML, like Gecko) Version/13.1.1 Safari/605.1.15 (Applebot/0.1; +http://www.apple.com/go/applebot)"
13.66.139.0 - - [04/Jul/2021:08:41:20 -0400] "GET /2021/05/23/the-poster-was-introduced-in-the-2003-flinn-scientific-catalog-reference-manual-and-distributed-free-to-science-teachers-who-placed-an-order-for-laboratory-chemicals-with-flinn-scientific/ HTTP/1.1" 200 19064 "-" "Mozilla/5.0 (compatible; bingbot/2.0; +http://www.bing.com/bingbot.htm)"
204.48.19.85 - - [04/Jul/2021:08:42:37 -0400] "POST /wp-cron.php?doing_wp_cron=1625402557.1134130954742431640625 HTTP/1.1" 200 6295 "https://ajhydell.com/wp-cron.php?doing_wp_cron=1625402557.1134130954742431640625" "WordPress/5.7.2; https://ajhydell.com"
54.36.148.117 - - [04/Jul/2021:08:42:37 -0400] "GET /2020/05/08/ HTTP/1.1" 200 18619 "-" "Mozilla/5.0 (compatible; AhrefsBot/7.0; +http://ahrefs.com/robot/)"
204.48.19.85 - - [04/Jul/2021:08:43:33 -0400] "POST /wp-cron.php?doing_wp_cron=1625402613.8441619873046875000000 HTTP/1.1" 200 6295 "https://ajhydell.com/wp-cron.php?doing_wp_cron=1625402613.8441619873046875000000" "WordPress/5.7.2; https://ajhydell.com"
157.55.39.134 - - [04/Jul/2021:08:43:33 -0400] "GET /2021/05/29/easy-company-2nd-battalion-of-the-506th-parachute-infantry-regiment-of-the-101st-airborne-division-in-hitlers-eagles-nest-1945-band-of-brothers/ HTTP/1.1" 200 19041 "-" "Mozilla/5.0 (compatible; bingbot/2.0; +http://www.bing.com/bingbot.htm)"
81.24.242.153 - - [04/Jul/2021:08:45:18 -0400] "GET /wp-content/uploads/2020/09/picture-13.jpg HTTP/1.1" 200 260705 "https://images.search.yahoo.com/search/images;_ylt=A0geKLk8reFgtyQA1k9XNyoA;_ylu=Y29sbwNiZjEEcG9zAzEEdnRpZAMEc2VjA3BpdnM-?p=vietcong+troops&fr2=piv-web&type=E210US91215G91419&fr=mcafee" "Mozilla/5.0 (Windows NT 10.0; Win64; x64) AppleWebKit/537.36 (KHTML, like Gecko) Chrome/91.0.4472.124 Safari/537.36"
204.48.19.85 - - [04/Jul/2021:08:45:42 -0400] "POST /wp-cron.php?doing_wp_cron=1625402742.6899271011352539062500 HTTP/1.1" 200 6295 "https://ajhydell.com/wp-cron.php?doing_wp_cron=1625402742.6899271011352539062500" "WordPress/5.7.2; https://ajhydell.com"
54.36.148.117 - - [04/Jul/2021:08:45:42 -0400] "GET /2020/01/03/blow-in-her-face-and-shell-follow-you-anywhere-tipalet-ad-1969/ HTTP/1.1" 200 19268 "-" "Mozilla/5.0 (compatible; AhrefsBot/7.0; +http://ahrefs.com/robot/)"
204.48.19.85 - - [04/Jul/2021:08:46:02 -0400] "POST /wp-cron.php?doing_wp_cron=1625402762.4334280490875244140625 HTTP/1.1" 200 6295 "https://ajhydell.com/wp-cron.php?doing_wp_cron=1625402762.4334280490875244140625" "WordPress/5.7.2; https://ajhydell.com"
77.75.77.36 - - [04/Jul/2021:08:46:02 -0400] "GET /robots.txt HTTP/1.1" 200 6517 "-" "Mozilla/5.0 (compatible; SeznamBot/3.2; +http://napoveda.seznam.cz/en/seznambot-intro/)"
77.75.77.36 - - [04/Jul/2021:08:46:04 -0400] "GET /wp-content/uploads/2021/06/picture-4.jpg HTTP/1.1" 304 6272 "-" "Mozilla/5.0 (compatible; SeznamBot/3.2; +http://napoveda.seznam.cz/en/seznambot-intro/)"
185.191.171.18 - - [04/Jul/2021:08:46:18 -0400] "GET /2018/08/26/make-them-answer-these-1953/ HTTP/1.1" 200 18964 "-" "Mozilla/5.0 (compatible; SemrushBot/7~bl; +http://www.semrush.com/bot.html)"
204.48.19.85 - - [04/Jul/2021:08:47:02 -0400] "POST /wp-cron.php?doing_wp_cron=1625402822.5949289798736572265625 HTTP/1.1" 200 6295 "https://ajhydell.com/wp-cron.php?doing_wp_cron=1625402822.5949289798736572265625" "WordPress/5.7.2; https://ajhydell.com"
157.55.39.22 - - [04/Jul/2021:08:47:02 -0400] "GET /2020/05/16/ HTTP/1.1" 200 18064 "-" "Mozilla/5.0 (compatible; bingbot/2.0; +http://www.bing.com/bingbot.htm)"
207.46.13.151 - - [04/Jul/2021:08:47:38 -0400] "GET /2019/09/24/b-17-w-nose-blown-off-by-flak/ HTTP/1.1" 200 18611 "-" "Mozilla/5.0 (compatible; bingbot/2.0; +http://www.bing.com/bingbot.htm)"
204.48.19.85 - - [04/Jul/2021:08:47:51 -0400] "POST /wp-cron.php?doing_wp_cron=1625402871.1272780895233154296875 HTTP/1.1" 200 6295 "https://ajhydell.com/wp-cron.php?doing_wp_cron=1625402871.1272780895233154296875" "WordPress/5.7.2; https://ajhydell.com"
5.255.253.148 - - [04/Jul/2021:08:47:51 -0400] "GET /2020/11/01/1980s-soviet-afghan-friendship-poster/ HTTP/1.1" 200 19061 "-" "Mozilla/5.0 (compatible; YandexBot/3.0; +http://yandex.com/bots)"
66.249.70.110 - - [04/Jul/2021:08:48:19 -0400] "GET /wp-content/plugins/facebook-pagelike-widget/loader.gif HTTP/1.1" 200 14636 "-" "Googlebot-Image/1.0"
66.249.70.114 - - [04/Jul/2021:08:48:20 -0400] "GET /wp-content/uploads/2018/08/logo.jpg HTTP/1.1" 200 127082 "-" "Googlebot-Image/1.0"
66.249.70.112 - - [04/Jul/2021:08:48:20 -0400] "GET /wp-content/uploads/2021/05/picture-25.jpg HTTP/1.1" 200 134795 "-" "Googlebot-Image/1.0"
66.249.70.114 - - [04/Jul/2021:08:48:21 -0400] "GET /wp-content/uploads/2018/08/cropped-logo-32x32.jpg HTTP/1.1" 200 1314 "-" "Googlebot-Image/1.0"
204.48.19.85 - - [04/Jul/2021:08:48:47 -0400] "POST /wp-cron.php?doing_wp_cron=1625402927.7477920055389404296875 HTTP/1.1" 200 6295 "https://ajhydell.com/wp-cron.php?doing_wp_cron=1625402927.7477920055389404296875" "WordPress/5.7.2; https://ajhydell.com"
54.36.148.117 - - [04/Jul/2021:08:48:47 -0400] "GET /2020/01/24/washington-post-cartoon-published-amidst-the-cuban-missile-crisis-1962/ HTTP/1.1" 200 18937 "-" "Mozilla/5.0 (compatible; AhrefsBot/7.0; +http://ahrefs.com/robot/)"
204.48.19.85 - - [04/Jul/2021:08:49:45 -0400] "POST /wp-cron.php?doing_wp_cron=1625402985.9652009010314941406250 HTTP/1.1" 200 6295 "https://ajhydell.com/wp-cron.php?doing_wp_cron=1625402985.9652009010314941406250" "WordPress/5.7.2; https://ajhydell.com"
17.121.113.46 - - [04/Jul/2021:08:49:45 -0400] "GET /2019/08/19/french-poster-for-the-three-musketeers-1949/ HTTP/1.1" 200 18312 "-" "Mozilla/5.0 (Macintosh; Intel Mac OS X 10_15_5) AppleWebKit/605.1.15 (KHTML, like Gecko) Version/13.1.1 Safari/605.1.15 (Applebot/0.1; +http://www.apple.com/go/applebot)"
66.249.70.114 - - [04/Jul/2021:08:50:35 -0400] "GET /wp-content/uploads/2018/11/picture-54-714x1024.jpg HTTP/1.1" 200 135419 "-" "Googlebot-Image/1.0"
64.67.111.194 - - [04/Jul/2021:08:51:37 -0400] "-" 408 559 "-" "-"
204.48.19.85 - - [04/Jul/2021:08:51:50 -0400] "POST /wp-cron.php?doing_wp_cron=1625403110.4899730682373046875000 HTTP/1.1" 200 6295 "https://ajhydell.com/wp-cron.php?doing_wp_cron=1625403110.4899730682373046875000" "WordPress/5.7.2; https://ajhydell.com"
54.36.148.117 - - [04/Jul/2021:08:51:50 -0400] "GET /2021/06/15/spinning-tops-is-fun-dprk-date-unknown/ HTTP/1.1" 200 18916 "-" "Mozilla/5.0 (compatible; AhrefsBot/7.0; +http://ahrefs.com/robot/)"
34.245.236.138 - - [04/Jul/2021:08:52:09 -0400] "GET /category/entertainment/feed/ HTTP/1.1" 200 6991 "-" "Krzana bot"
204.48.19.85 - - [04/Jul/2021:08:54:56 -0400] "POST /wp-cron.php?doing_wp_cron=1625403296.2404189109802246093750 HTTP/1.1" 200 6295 "https://ajhydell.com/wp-cron.php?doing_wp_cron=1625403296.2404189109802246093750" "WordPress/5.7.2; https://ajhydell.com"
54.36.148.117 - - [04/Jul/2021:08:54:56 -0400] "GET /2021/03/06/the-boeing-factory-in-seattle-made-an-entire-fake-neighborhood-to-hide-its-bombers-from-potential-airstrikes/ HTTP/1.1" 200 19166 "-" "Mozilla/5.0 (compatible; AhrefsBot/7.0; +http://ahrefs.com/robot/)"
204.48.19.85 - - [04/Jul/2021:08:56:32 -0400] "POST /wp-cron.php?doing_wp_cron=1625403392.9809598922729492187500 HTTP/1.1" 200 6295 "https://ajhydell.com/wp-cron.php?doing_wp_cron=1625403392.9809598922729492187500" "WordPress/5.7.2; https://ajhydell.com"
17.121.115.3 - - [04/Jul/2021:08:56:32 -0400] "GET /2018/12/28/nikola-tesla-11-jul-1937/ HTTP/1.1" 200 18215 "-" "Mozilla/5.0 (Macintosh; Intel Mac OS X 10_15_5) AppleWebKit/605.1.15 (KHTML, like Gecko) Version/13.1.1 Safari/605.1.15 (Applebot/0.1; +http://www.apple.com/go/applebot)"
204.48.19.85 - - [04/Jul/2021:08:56:55 -0400] "POST /wp-cron.php?doing_wp_cron=1625403415.0109379291534423828125 HTTP/1.1" 200 6295 "https://ajhydell.com/wp-cron.php?doing_wp_cron=1625403415.0109379291534423828125" "WordPress/5.7.2; https://ajhydell.com"
207.46.13.120 - - [04/Jul/2021:08:56:54 -0400] "GET /2019/09/21/taking-cover-behind-newspapers-berlin-1919-2662x3814/ HTTP/1.1" 200 18684 "-" "Mozilla/5.0 (compatible; bingbot/2.0; +http://www.bing.com/bingbot.htm)"
157.55.39.22 - - [04/Jul/2021:08:57:14 -0400] "GET /2021/06/22/uss-cowpens-listing-hard-port-during-typhoon-cobra-in-the-philippine-sea-18-december-1944 HTTP/1.1" 301 6082 "-" "Mozilla/5.0 (compatible; bingbot/2.0; +http://www.bing.com/bingbot.htm)"
157.55.39.22 - - [04/Jul/2021:08:57:14 -0400] "GET /2021/06/22/uss-cowpens-listing-hard-port-during-typhoon-cobra-in-the-philippine-sea-18-december-1944/ HTTP/1.1" 200 18975 "-" "Mozilla/5.0 (compatible; bingbot/2.0; +http://www.bing.com/bingbot.htm)"
66.249.70.110 - - [04/Jul/2021:08:57:35 -0400] "GET /feed/ HTTP/1.1" 200 8392 "-" "Mozilla/5.0 (compatible; Googlebot/2.1; +http://www.google.com/bot.html)"
66.249.70.114 - - [04/Jul/2021:08:57:39 -0400] "GET /2021/07/04/german-soldiers-preparing-to-defend-the-soviet-winter-offensive-1943/ HTTP/1.1" 200 18789 "-" "Mozilla/5.0 (Linux; Android 6.0.1; Nexus 5X Build/MMB29P) AppleWebKit/537.36 (KHTML, like Gecko) Chrome/91.0.4472.90 Mobile Safari/537.36 (compatible; Googlebot/2.1; +http://www.google.com/bot.html)"
64.67.111.194 - - [04/Jul/2021:08:57:46 -0400] "-" 408 559 "-" "-"
66.249.70.112 - - [04/Jul/2021:08:57:59 -0400] "GET /wp-content/uploads/2021/07/picture-17.jpg HTTP/1.1" 200 133391 "-" "Googlebot-Image/1.0"
204.48.19.85 - - [04/Jul/2021:08:57:59 -0400] "POST /wp-cron.php?doing_wp_cron=1625403479.5313639640808105468750 HTTP/1.1" 200 6295 "https://ajhydell.com/wp-cron.php?doing_wp_cron=1625403479.5313639640808105468750" "WordPress/5.7.2; https://ajhydell.com"
54.36.148.117 - - [04/Jul/2021:08:57:59 -0400] "GET /2018/10/05/meet-mr-spudnut-1949/ HTTP/1.1" 200 18883 "-" "Mozilla/5.0 (compatible; AhrefsBot/7.0; +http://ahrefs.com/robot/)"
64.67.111.194 - - [04/Jul/2021:08:58:10 -0400] "-" 408 559 "-" "-"
157.55.39.57 - - [04/Jul/2021:08:58:37 -0400] "GET /2019/01/13/ HTTP/1.1" 200 18270 "-" "Mozilla/5.0 (compatible; bingbot/2.0; +http://www.bing.com/bingbot.htm)"
204.48.19.85 - - [04/Jul/2021:09:00:16 -0400] "POST /wp-cron.php?doing_wp_cron=1625403616.6034750938415527343750 HTTP/1.1" 200 6295 "https://ajhydell.com/wp-cron.php?doing_wp_cron=1625403616.6034750938415527343750" "WordPress/5.7.2; https://ajhydell.com"
54.36.160.184 - - [04/Jul/2021:09:00:16 -0400] "POST /wp-login.php HTTP/1.1" 200 8861 "-" "Mozilla/5.0 (Windows NT 6.1; Win64; x64) AppleWebKit/537.36 (KHTML, like Gecko) Chrome/81.0.4044.122 Safari/537.36"
204.48.19.85 - - [04/Jul/2021:09:00:57 -0400] "POST /wp-cron.php?doing_wp_cron=1625403657.9501779079437255859375 HTTP/1.1" 200 6295 "https://ajhydell.com/wp-cron.php?doing_wp_cron=1625403657.9501779079437255859375" "WordPress/5.7.2; https://ajhydell.com"
207.46.13.120 - - [04/Jul/2021:09:00:57 -0400] "GET /2021/02/19/i-have-no-idea-the-origin-of-this-photo-but-it-certainly-is-fun/ HTTP/1.1" 200 18806 "-" "Mozilla/5.0 (compatible; bingbot/2.0; +http://www.bing.com/bingbot.htm)"
54.36.148.117 - - [04/Jul/2021:09:01:11 -0400] "GET /2020/09/30/boeing-b17-flying-fortress-is-falling-down/ HTTP/1.1" 200 19075 "-" "Mozilla/5.0 (compatible; AhrefsBot/7.0; +http://ahrefs.com/robot/)"
204.48.19.85 - - [04/Jul/2021:09:01:50 -0400] "POST /wp-cron.php?doing_wp_cron=1625403710.9448590278625488281250 HTTP/1.1" 200 6295 "https://ajhydell.com/wp-cron.php?doing_wp_cron=1625403710.9448590278625488281250" "WordPress/5.7.2; https://ajhydell.com"
40.77.167.20 - - [04/Jul/2021:09:01:50 -0400] "GET /2018/08/15/a-canteen-worker-hands-over-a-cup-of-tea-to-the-pilot-of-a-sikorsky-r-4-the-worlds-first-mass-produced-helicopter-raf-helicopter-school-andover-uk-1945-2453x3496/ HTTP/1.1" 200 18978 "-" "Mozilla/5.0 (compatible; bingbot/2.0; +http://www.bing.com/bingbot.htm)"
204.48.19.85 - - [04/Jul/2021:09:03:07 -0400] "POST /wp-cron.php?doing_wp_cron=1625403787.0273389816284179687500 HTTP/1.1" 200 6295 "https://ajhydell.com/wp-cron.php?doing_wp_cron=1625403787.0273389816284179687500" "WordPress/5.7.2; https://ajhydell.com"
185.191.171.14 - - [04/Jul/2021:09:03:06 -0400] "GET /2020/12/19/he-who-does-not-work-neither-shall-he-eat-soviet-poster-1960/ HTTP/1.1" 200 19004 "-" "Mozilla/5.0 (compatible; SemrushBot/7~bl; +http://www.semrush.com/bot.html)"
204.48.19.85 - - [04/Jul/2021:09:04:04 -0400] "POST /wp-cron.php?doing_wp_cron=1625403844.9008181095123291015625 HTTP/1.1" 200 6295 "https://ajhydell.com/wp-cron.php?doing_wp_cron=1625403844.9008181095123291015625" "WordPress/5.7.2; https://ajhydell.com"
157.55.39.134 - - [04/Jul/2021:09:04:04 -0400] "GET /2021/04/02/100-years-ago-today-april-1-1921-boys-get-big-dick-big-dick-was-a-machine-gun-that-shot-harmless-wooden-pellets-and-no-this-is-not-an-april-fools-day-joke/ HTTP/1.1" 200 19002 "-" "Mozilla/5.0 (compatible; bingbot/2.0; +http://www.bing.com/bingbot.htm)"
54.36.148.117 - - [04/Jul/2021:09:04:09 -0400] "GET /2021/06/24/yesterday-died-one-of-the-last-wwii-raf-airmen-sergeant-tomas-lom-at-age-of-96-tomas-lom-served-between-1944-1945-in-czechoslovak-311-bomber-squadron-raf-as-radio-operator-mechanic-in-consolidated/ HTTP/1.1" 200 19469 "-" "Mozilla/5.0 (compatible; AhrefsBot/7.0; +http://ahrefs.com/robot/)"
66.249.70.112 - - [04/Jul/2021:09:05:35 -0400] "GET /wp-content/uploads/2021/05/picture-138.jpg HTTP/1.1" 200 103475 "-" "Googlebot-Image/1.0"
204.48.19.85 - - [04/Jul/2021:09:06:15 -0400] "POST /wp-cron.php?doing_wp_cron=1625403975.5390429496765136718750 HTTP/1.1" 200 6295 "https://ajhydell.com/wp-cron.php?doing_wp_cron=1625403975.5390429496765136718750" "WordPress/5.7.2; https://ajhydell.com"
157.55.39.57 - - [04/Jul/2021:09:06:15 -0400] "GET /2019/07/03/the-yellow-bullet-1940/ HTTP/1.1" 200 18508 "-" "Mozilla/5.0 (compatible; bingbot/2.0; +http://www.bing.com/bingbot.htm)"
54.36.148.117 - - [04/Jul/2021:09:06:41 -0400] "GET /2020/10/23/mobsters-hide-their-faces-at-al-capones-trial-1931-700-x-525/ HTTP/1.1" 200 18982 "-" "Mozilla/5.0 (compatible; AhrefsBot/7.0; +http://ahrefs.com/robot/)"
207.46.13.96 - - [04/Jul/2021:09:08:12 -0400] "GET /wp-content/uploads/2020/07/picture-4.jpg HTTP/1.1" 200 2817703 "-" "Mozilla/5.0 (compatible; bingbot/2.0; +http://www.bing.com/bingbot.htm)"
204.48.19.85 - - [04/Jul/2021:09:08:20 -0400] "POST /wp-cron.php?doing_wp_cron=1625404100.5947480201721191406250 HTTP/1.1" 200 6295 "https://ajhydell.com/wp-cron.php?doing_wp_cron=1625404100.5947480201721191406250" "WordPress/5.7.2; https://ajhydell.com"
207.46.13.151 - - [04/Jul/2021:09:08:20 -0400] "GET /2018/09/24/a-young-ho-chi-minh-speaking-to-the-french-communist-party-in-paris-in-1920-2500-x-1758/ HTTP/1.1" 200 18865 "-" "Mozilla/5.0 (compatible; bingbot/2.0; +http://www.bing.com/bingbot.htm)"
204.48.19.85 - - [04/Jul/2021:09:08:49 -0400] "POST /wp-cron.php?doing_wp_cron=1625404129.6885890960693359375000 HTTP/1.1" 200 6295 "https://ajhydell.com/wp-cron.php?doing_wp_cron=1625404129.6885890960693359375000" "WordPress/5.7.2; https://ajhydell.com"
54.36.148.117 - - [04/Jul/2021:09:08:49 -0400] "GET /2019/08/22/chesley-sully-sullenberger-the-airline-pilot-who-in-2009-successfully-landed-a-u-s-airways-airbus-a320-on-the-hudson-river-here-he-is-pictured-with-an-f-4-phantom-fighter-jet-while-serving-as/ HTTP/1.1" 200 19445 "-" "Mozilla/5.0 (compatible; AhrefsBot/7.0; +http://ahrefs.com/robot/)"
185.191.171.1 - - [04/Jul/2021:09:08:53 -0400] "GET /2018/12/03/north-atlantic-convoy-seen-from-the-flight-deck-of-aircraft-carrier-uss-core-cve-13-1-november-1943-1280-x-1056/ HTTP/1.1" 200 19117 "-" "Mozilla/5.0 (compatible; SemrushBot/7~bl; +http://www.semrush.com/bot.html)"
157.55.39.134 - - [04/Jul/2021:09:09:41 -0400] "GET /2020/01/03/blow-in-her-face-and-shell-follow-you-anywhere-tipalet-ad-1969/ HTTP/1.1" 200 18875 "-" "Mozilla/5.0 (compatible; bingbot/2.0; +http://www.bing.com/bingbot.htm)"
204.48.19.85 - - [04/Jul/2021:09:09:58 -0400] "POST /wp-cron.php?doing_wp_cron=1625404198.8482449054718017578125 HTTP/1.1" 200 6295 "https://ajhydell.com/wp-cron.php?doing_wp_cron=1625404198.8482449054718017578125" "WordPress/5.7.2; https://ajhydell.com"
207.46.13.80 - - [04/Jul/2021:09:09:58 -0400] "GET /2019/07/09/my-great-grandfather-tsgt-walter-j-bonnet-of-the-83rd-infantry-division-born-in-1916-he-was-drafted-in-1942-during-the-war-he-would-fight-in-normandy-brittany-france-belgium-luxembourg-and-ger/ HTTP/1.1" 200 19044 "-" "Mozilla/5.0 (compatible; bingbot/2.0; +http://www.bing.com/bingbot.htm)"
168.119.68.122 - - [04/Jul/2021:09:10:43 -0400] "-" 408 6073 "-" "-"
204.48.19.85 - - [04/Jul/2021:09:11:03 -0400] "POST /wp-cron.php?doing_wp_cron=1625404263.1356129646301269531250 HTTP/1.1" 200 6295 "https://ajhydell.com/wp-cron.php?doing_wp_cron=1625404263.1356129646301269531250" "WordPress/5.7.2; https://ajhydell.com"
185.191.171.2 - - [04/Jul/2021:09:11:03 -0400] "GET /2021/02/08/marines-stand-over-the-bodies-of-japanese-troops-killed-during-combat-on-bougainville-1944/ HTTP/1.1" 200 19246 "-" "Mozilla/5.0 (compatible; SemrushBot/7~bl; +http://www.semrush.com/bot.html)"
54.36.148.117 - - [04/Jul/2021:09:11:07 -0400] "GET /2020/02/12/president-george-h-w-bush-makes-a-hospital-visit-to-injured-los-angeles-fire-captain-scott-miller-who-was-shot-in-the-face-by-a-sniper-while-responding-to-one-of-many-fires-set-during-the-first-nig/ HTTP/1.1" 200 19432 "-" "Mozilla/5.0 (compatible; AhrefsBot/7.0; +http://ahrefs.com/robot/)"
157.55.39.22 - - [04/Jul/2021:09:11:24 -0400] "GET /2020/02/08/do-it-right-make-it-bite-u-s-1942/ HTTP/1.1" 200 18600 "-" "Mozilla/5.0 (compatible; bingbot/2.0; +http://www.bing.com/bingbot.htm)"
157.55.39.57 - - [04/Jul/2021:09:12:21 -0400] "GET /wp-content/uploads/2020/01/picture-70.jpg HTTP/1.1" 200 79197 "-" "Mozilla/5.0 (compatible; bingbot/2.0; +http://www.bing.com/bingbot.htm)"
204.48.19.85 - - [04/Jul/2021:09:13:36 -0400] "POST /wp-cron.php?doing_wp_cron=1625404416.6186540126800537109375 HTTP/1.1" 200 6295 "https://ajhydell.com/wp-cron.php?doing_wp_cron=1625404416.6186540126800537109375" "WordPress/5.7.2; https://ajhydell.com"
54.36.148.117 - - [04/Jul/2021:09:13:36 -0400] "GET /2019/03/11/so-long-as-women-are-not-free-the-people-are-not-free-1970s/ HTTP/1.1" 200 19027 "-" "Mozilla/5.0 (compatible; AhrefsBot/7.0; +http://ahrefs.com/robot/)"
52.146.58.236 - - [04/Jul/2021:09:15:14 -0400] "GET /wp-content/uploads/2021/01/picture-113.jpg HTTP/1.1" 200 2030928 "-" "DuckDuckBot/1.1; (+http://duckduckgo.com/duckduckbot.html)"
204.48.19.85 - - [04/Jul/2021:09:16:02 -0400] "POST /wp-cron.php?doing_wp_cron=1625404562.2368109226226806640625 HTTP/1.1" 200 6295 "https://ajhydell.com/wp-cron.php?doing_wp_cron=1625404562.2368109226226806640625" "WordPress/5.7.2; https://ajhydell.com"
54.36.148.117 - - [04/Jul/2021:09:16:02 -0400] "GET /2020/10/23/finnish-soldier-in-a-crash-landed-russian-yak-9d-september-1944/ HTTP/1.1" 200 19068 "-" "Mozilla/5.0 (compatible; AhrefsBot/7.0; +http://ahrefs.com/robot/)"
64.67.111.194 - - [04/Jul/2021:09:16:19 -0400] "-" 408 559 "-" "-"
3.237.28.47 - - [04/Jul/2021:09:16:21 -0400] "HEAD / HTTP/1.1" 200 5715 "-" "scalaj-http/2.4.2"
3.237.28.47 - - [04/Jul/2021:09:16:21 -0400] "GET / HTTP/1.1" 200 20139 "-" "Buck/2.2; (+https://app.hypefactors.com/media-monitoring/about.html)"
3.237.28.47 - - [04/Jul/2021:09:16:22 -0400] "GET /robots.txt HTTP/1.1" 200 5901 "-" "Buck/2.2; (+https://app.hypefactors.com/media-monitoring/about.html)"
64.67.111.194 - - [04/Jul/2021:09:16:49 -0400] "-" 408 559 "-" "-"
204.48.19.85 - - [04/Jul/2021:09:17:00 -0400] "POST /wp-cron.php?doing_wp_cron=1625404620.0350739955902099609375 HTTP/1.1" 200 6295 "https://ajhydell.com/wp-cron.php?doing_wp_cron=1625404620.0350739955902099609375" "WordPress/5.7.2; https://ajhydell.com"
3.237.28.47 - - [04/Jul/2021:09:16:59 -0400] "GET /feed/ HTTP/1.1" 200 8094 "-" "Buck/2.2; (+https://app.hypefactors.com/media-monitoring/about.html)"
3.237.28.47 - - [04/Jul/2021:09:17:00 -0400] "GET /sitemap_index.xml HTTP/1.1" 200 6220 "-" "Buck/2.2; (+https://app.hypefactors.com/media-monitoring/about.html)"
3.237.28.47 - - [04/Jul/2021:09:17:00 -0400] "GET /post-sitemap10.xml HTTP/1.1" 200 16233 "-" "Buck/2.2; (+https://app.hypefactors.com/media-monitoring/about.html)"
3.237.28.47 - - [04/Jul/2021:09:17:01 -0400] "GET /post-sitemap11.xml HTTP/1.1" 200 16042 "-" "Buck/2.2; (+https://app.hypefactors.com/media-monitoring/about.html)"
3.237.28.47 - - [04/Jul/2021:09:17:01 -0400] "GET /post-sitemap12.xml HTTP/1.1" 200 15210 "-" "Buck/2.2; (+https://app.hypefactors.com/media-monitoring/about.html)"
3.237.28.47 - - [04/Jul/2021:09:17:01 -0400] "GET /post-sitemap13.xml HTTP/1.1" 200 15426 "-" "Buck/2.2; (+https://app.hypefactors.com/media-monitoring/about.html)"
3.237.28.47 - - [04/Jul/2021:09:17:01 -0400] "GET /sitemap.xml HTTP/1.1" 200 6585 "-" "Buck/2.2; (+https://app.hypefactors.com/media-monitoring/about.html)"
3.237.28.47 - - [04/Jul/2021:09:17:02 -0400] "GET /sitemap-pt-post-2021-07.xml HTTP/1.1" 200 7428 "-" "Buck/2.2; (+https://app.hypefactors.com/media-monitoring/about.html)"
3.237.28.47 - - [04/Jul/2021:09:17:02 -0400] "GET /sitemap-pt-post-2021-06.xml HTTP/1.1" 200 13544 "-" "Buck/2.2; (+https://app.hypefactors.com/media-monitoring/about.html)"
3.237.28.47 - - [04/Jul/2021:09:17:41 -0400] "GET /2021/07/04/german-soldiers-preparing-to-defend-the-soviet-winter-offensive-1943/ HTTP/1.1" 200 18342 "-" "Buck/2.2; (+https://app.hypefactors.com/media-monitoring/about.html)"
204.48.19.85 - - [04/Jul/2021:09:18:50 -0400] "POST /wp-cron.php?doing_wp_cron=1625404730.8429958820343017578125 HTTP/1.1" 200 6295 "https://ajhydell.com/wp-cron.php?doing_wp_cron=1625404730.8429958820343017578125" "WordPress/5.7.2; https://ajhydell.com"
173.252.87.5 - - [04/Jul/2021:09:18:50 -0400] "GET /2019/03/31/german-fighter-ace-baron-franz-von-werra-the-only-german-to-escape-canadian-captivity-in-his-cockpit-with-his-pet-lion-simba-germany-1940-795x689/ HTTP/1.1" 206 19231 "-" "facebookexternalhit/1.1 (+http://www.facebook.com/externalhit_uatext.php)"
54.36.148.117 - - [04/Jul/2021:09:19:12 -0400] "GET /2021/06/16/private-first-class-frank-pomroy-h-company-2nd-battalion-1st-marines-usmc-in-the-marshes-of-peleliu-island-western-pacific-september-1944-2/ HTTP/1.1" 200 19229 "-" "Mozilla/5.0 (compatible; AhrefsBot/7.0; +http://ahrefs.com/robot/)"
207.46.13.80 - - [04/Jul/2021:09:19:39 -0400] "GET /wp-content/uploads/2020/09/picture-123.jpg HTTP/1.1" 200 114870 "-" "Mozilla/5.0 (compatible; bingbot/2.0; +http://www.bing.com/bingbot.htm)"
66.249.70.112 - - [04/Jul/2021:09:20:35 -0400] "GET /wp-content/uploads/2021/07/picture-11.jpg HTTP/1.1" 200 121351 "-" "Googlebot-Image/1.0"
204.48.19.85 - - [04/Jul/2021:09:21:05 -0400] "POST /wp-cron.php?doing_wp_cron=1625404865.3749990463256835937500 HTTP/1.1" 200 6295 "https://ajhydell.com/wp-cron.php?doing_wp_cron=1625404865.3749990463256835937500" "WordPress/5.7.2; https://ajhydell.com"
185.191.171.2 - - [04/Jul/2021:09:21:05 -0400] "GET /robots.txt HTTP/1.1" 200 6480 "-" "Mozilla/5.0 (compatible; SemrushBot/7~bl; +http://www.semrush.com/bot.html)"
185.191.171.6 - - [04/Jul/2021:09:21:05 -0400] "GET /2019/03/28/jewish-tomes-hidden-in-the-attic-of-rigas-last-synagogue-latvia-1991-2859x1908/ HTTP/1.1" 200 19006 "-" "Mozilla/5.0 (compatible; SemrushBot/7~bl; +http://www.semrush.com/bot.html)"
157.55.39.57 - - [04/Jul/2021:09:21:32 -0400] "GET /2018/10/11/a-1911-industrial-worker-publication-advocating-industrial-unionism-that-shows-the-critique-of-capitalism/ HTTP/1.1" 200 18768 "-" "Mozilla/5.0 (compatible; bingbot/2.0; +http://www.bing.com/bingbot.htm)"
54.36.148.117 - - [04/Jul/2021:09:21:35 -0400] "GET /2021/06/05/ww-ii-1940s-american-dukws-motoring-trough-venice-736x932/ HTTP/1.1" 200 19011 "-" "Mozilla/5.0 (compatible; AhrefsBot/7.0; +http://ahrefs.com/robot/)"
157.55.39.57 - - [04/Jul/2021:09:22:41 -0400] "GET /wp-content/uploads/2020/11/picture-48.jpg HTTP/1.1" 200 372854 "-" "Mozilla/5.0 (compatible; bingbot/2.0; +http://www.bing.com/bingbot.htm)"
40.77.167.20 - - [04/Jul/2021:09:23:31 -0400] "GET /wp-content/uploads/2019/08/picture-5.jpg HTTP/1.1" 200 89649 "-" "Mozilla/5.0 (compatible; bingbot/2.0; +http://www.bing.com/bingbot.htm)"
204.48.19.85 - - [04/Jul/2021:09:23:47 -0400] "POST /wp-cron.php?doing_wp_cron=1625405027.8321650028228759765625 HTTP/1.1" 200 6295 "https://ajhydell.com/wp-cron.php?doing_wp_cron=1625405027.8321650028228759765625" "WordPress/5.7.2; https://ajhydell.com"
54.36.148.117 - - [04/Jul/2021:09:23:47 -0400] "GET /2021/06/15/ziegfeld-follies-burlesque-show1920s/ HTTP/1.1" 200 18920 "-" "Mozilla/5.0 (compatible; AhrefsBot/7.0; +http://ahrefs.com/robot/)"
204.48.19.85 - - [04/Jul/2021:09:25:34 -0400] "POST /wp-cron.php?doing_wp_cron=1625405134.0811409950256347656250 HTTP/1.1" 200 6295 "https://ajhydell.com/wp-cron.php?doing_wp_cron=1625405134.0811409950256347656250" "WordPress/5.7.2; https://ajhydell.com"
207.46.13.22 - - [04/Jul/2021:09:25:34 -0400] "GET /2018/11/22/the-last-hussar-august-von-mackensen-one-of-the-most-capable-german-general-in-world-war-i-in-leib-husaren-regiment-uniform-circa-1914/ HTTP/1.1" 200 18881 "-" "Mozilla/5.0 (compatible; bingbot/2.0; +http://www.bing.com/bingbot.htm)"
207.46.13.22 - - [04/Jul/2021:09:25:34 -0400] "GET /2019/04/03/gangster-frankie-yale-chased-down-in-his-car-and-shot-dead-by-al-capones-henchmen-brooklyn-ny-1928-1024x729/ HTTP/1.1" 200 13376 "-" "Mozilla/5.0 (compatible; bingbot/2.0; +http://www.bing.com/bingbot.htm)"
157.55.39.22 - - [04/Jul/2021:09:25:38 -0400] "GET /2019/10/07/pour-it-on-united-states-war-production-board-illustrated-by-garrett-price-1942/ HTTP/1.1" 200 18619 "-" "Mozilla/5.0 (compatible; bingbot/2.0; +http://www.bing.com/bingbot.htm)"
54.36.148.117 - - [04/Jul/2021:09:25:44 -0400] "GET /2021/06/16/superman-says-you-can-slap-a-jap-usa-dc-comics-march-1943-cover-date/ HTTP/1.1" 200 19220 "-" "Mozilla/5.0 (compatible; AhrefsBot/7.0; +http://ahrefs.com/robot/)"
204.48.19.85 - - [04/Jul/2021:09:25:51 -0400] "POST /wp-cron.php?doing_wp_cron=1625405151.9501130580902099609375 HTTP/1.1" 200 6295 "https://ajhydell.com/wp-cron.php?doing_wp_cron=1625405151.9501130580902099609375" "WordPress/5.7.2; https://ajhydell.com"
157.55.39.136 - - [04/Jul/2021:09:25:51 -0400] "GET /2019/03/12/author-resistance-member-and-holocaust-survivor-seweryna-szmaglewska/ HTTP/1.1" 200 18729 "-" "Mozilla/5.0 (compatible; bingbot/2.0; +http://www.bing.com/bingbot.htm)"
204.48.19.85 - - [04/Jul/2021:09:28:00 -0400] "POST /wp-cron.php?doing_wp_cron=1625405280.1495430469512939453125 HTTP/1.1" 200 6295 "https://ajhydell.com/wp-cron.php?doing_wp_cron=1625405280.1495430469512939453125" "WordPress/5.7.2; https://ajhydell.com"
54.36.148.117 - - [04/Jul/2021:09:28:00 -0400] "GET /2021/06/19/kool-aid-1956/ HTTP/1.1" 200 18950 "-" "Mozilla/5.0 (compatible; AhrefsBot/7.0; +http://ahrefs.com/robot/)"
185.191.171.39 - - [04/Jul/2021:09:28:22 -0400] "GET /2019/11/03/ HTTP/1.1" 200 18415 "-" "Mozilla/5.0 (compatible; SemrushBot/7~bl; +http://www.semrush.com/bot.html)"
185.191.171.35 - - [04/Jul/2021:09:28:39 -0400] "GET /2020/09/ HTTP/1.1" 200 20100 "-" "Mozilla/5.0 (compatible; SemrushBot/7~bl; +http://www.semrush.com/bot.html)"
204.48.19.85 - - [04/Jul/2021:09:29:09 -0400] "POST /wp-cron.php?doing_wp_cron=1625405349.1292290687561035156250 HTTP/1.1" 200 6295 "https://ajhydell.com/wp-cron.php?doing_wp_cron=1625405349.1292290687561035156250" "WordPress/5.7.2; https://ajhydell.com"
157.55.39.136 - - [04/Jul/2021:09:29:09 -0400] "GET /post-sitemap20.xml HTTP/1.1" 200 7177 "-" "Mozilla/5.0 (compatible; bingbot/2.0; +http://www.bing.com/bingbot.htm)"
204.48.19.85 - - [04/Jul/2021:09:30:08 -0400] "POST /wp-cron.php?doing_wp_cron=1625405408.0301780700683593750000 HTTP/1.1" 200 6295 "https://ajhydell.com/wp-cron.php?doing_wp_cron=1625405408.0301780700683593750000" "WordPress/5.7.2; https://ajhydell.com"
54.36.148.117 - - [04/Jul/2021:09:30:07 -0400] "GET /2021/06/19/the-circus-bear-that-assassinated-the-nazi-butchers-of-stalag-13-1968/ HTTP/1.1" 200 19122 "-" "Mozilla/5.0 (compatible; AhrefsBot/7.0; +http://ahrefs.com/robot/)"
157.55.39.22 - - [04/Jul/2021:09:30:45 -0400] "GET /wp-content/uploads/2020/11/picture-33.jpg HTTP/1.1" 200 68716 "-" "Mozilla/5.0 (compatible; bingbot/2.0; +http://www.bing.com/bingbot.htm)"
68.4.47.63 - - [04/Jul/2021:09:31:00 -0400] "GET /wp-content/uploads/2020/11/picture-111.jpg HTTP/1.1" 200 1944590 "https://www.bing.com/" "Mozilla/5.0 (Windows NT 10.0; Win64; x64) AppleWebKit/537.36 (KHTML, like Gecko) Chrome/91.0.4472.124 Safari/537.36 Edg/91.0.864.64"
204.48.19.85 - - [04/Jul/2021:09:31:14 -0400] "POST /wp-cron.php?doing_wp_cron=1625405474.8456480503082275390625 HTTP/1.1" 200 6295 "https://ajhydell.com/wp-cron.php?doing_wp_cron=1625405474.8456480503082275390625" "WordPress/5.7.2; https://ajhydell.com"
185.191.171.6 - - [04/Jul/2021:09:31:14 -0400] "GET /2021/02/16/this-is-absalom-jones-a-slave-turned-abolitionist-founder-of-the-free-african-society-the-first-african-american-priest-in-the-episcopal-church-in-1794-he-founded-the-first-black-episcopal-congr/ HTTP/1.1" 200 19424 "-" "Mozilla/5.0 (compatible; SemrushBot/7~bl; +http://www.semrush.com/bot.html)"
207.46.13.120 - - [04/Jul/2021:09:31:32 -0400] "GET /2017/04/24/the-boss-needs-you-you-dont-need-him-labor-is-entitled-to-all-it-creates-usa-1930s/ HTTP/1.1" 404 64631 "-" "Mozilla/5.0 (compatible; bingbot/2.0; +http://www.bing.com/bingbot.htm)"
185.191.171.16 - - [04/Jul/2021:09:31:34 -0400] "GET /2018/08/26/young-marilyn-monroe/ HTTP/1.1" 200 19061 "-" "Mozilla/5.0 (compatible; SemrushBot/7~bl; +http://www.semrush.com/bot.html)"
157.55.39.136 - - [04/Jul/2021:09:31:49 -0400] "GET /wp-content/uploads/2020/11/picture-50.jpg HTTP/1.1" 200 168410 "-" "Mozilla/5.0 (compatible; bingbot/2.0; +http://www.bing.com/bingbot.htm)"
204.48.19.85 - - [04/Jul/2021:09:33:08 -0400] "POST /wp-cron.php?doing_wp_cron=1625405588.4019479751586914062500 HTTP/1.1" 200 6295 "https://ajhydell.com/wp-cron.php?doing_wp_cron=1625405588.4019479751586914062500" "WordPress/5.7.2; https://ajhydell.com"
49.7.20.68 - - [04/Jul/2021:09:33:08 -0400] "GET / HTTP/1.1" 200 20217 "-" "Sogou web spider/4.0(+http://www.sogou.com/docs/help/webmasters.htm#07)"
24.133.28.10 - - [04/Jul/2021:09:33:11 -0400] "GET /wp-content/uploads/2019/04/picture-56.jpg HTTP/1.1" 200 182646 "https://yandex.com.tr/" "Mozilla/5.0 (Windows NT 10.0; Win64; x64; rv:89.0) Gecko/20100101 Firefox/89.0"
82.165.86.247 - - [04/Jul/2021:09:33:17 -0400] "GET /alfa.php HTTP/1.1" 301 525 "http://simplesite.com" "Mozilla/5.0 (Windows; U; Windows NT 5.1; en-US) AppleWebKit/533.4 (KHTML, like Gecko) Chrome/5.0.375.99 Safari/533.4"
82.165.86.247 - - [04/Jul/2021:09:33:18 -0400] "GET /alfa.php HTTP/1.1" 404 65136 "http://ajhydell.com/alfa.php" "Mozilla/5.0 (Windows; U; Windows NT 5.1; en-US) AppleWebKit/533.4 (KHTML, like Gecko) Chrome/5.0.375.99 Safari/533.4"
66.249.70.110 - - [04/Jul/2021:09:33:24 -0400] "GET /robots.txt HTTP/1.1" 200 6517 "-" "Mozilla/5.0 (compatible; Googlebot/2.1; +http://www.google.com/bot.html)"
66.249.70.112 - - [04/Jul/2021:09:33:24 -0400] "GET /2020/06/04/us-marines-carry-their-weapons-even-to-take-a-bath-which-is-where-they-are-headed-near-their-camp-in-chu-lai-vietnam-on-jan-16-1966-1300-x-971/ HTTP/1.1" 200 19200 "-" "Mozilla/5.0 (compatible; Googlebot/2.1; +http://www.google.com/bot.html)"
66.249.70.112 - - [04/Jul/2021:09:35:35 -0400] "GET /wp-content/uploads/2019/07/picture-15.jpg HTTP/1.1" 200 3775098 "-" "Googlebot-Image/1.0"
162.55.40.65 - - [04/Jul/2021:09:38:56 -0400] "GET / HTTP/1.1" 301 565 "-" "Java/11.0.10"
204.48.19.85 - - [04/Jul/2021:09:38:56 -0400] "POST /wp-cron.php?doing_wp_cron=1625405936.5734100341796875000000 HTTP/1.1" 200 6295 "https://ajhydell.com/wp-cron.php?doing_wp_cron=1625405936.5734100341796875000000" "WordPress/5.7.2; https://ajhydell.com"
162.55.40.65 - - [04/Jul/2021:09:38:56 -0400] "GET / HTTP/1.1" 200 104670 "-" "Java/11.0.10"
162.55.34.200 - - [04/Jul/2021:09:39:21 -0400] "GET /wp-content/uploads/2021/07/picture-12-scaled.jpg HTTP/1.1" 200 553878 "-" "Mozilla/5.0 (X11; Fedora; Linux x86_64) AppleWebKit/537.36 (KHTML, like Gecko) Chrome/79.0.3945.117 Safari/537.36"
162.55.34.200 - - [04/Jul/2021:09:39:24 -0400] "GET /wp-content/uploads/2021/07/picture-15.jpg HTTP/1.1" 200 218642 "-" "Mozilla/5.0 (X11; Fedora; Linux x86_64) AppleWebKit/537.36 (KHTML, like Gecko) Chrome/79.0.3945.117 Safari/537.36"
162.55.34.200 - - [04/Jul/2021:09:39:24 -0400] "GET /wp-content/uploads/2021/07/picture-9.jpg HTTP/1.1" 200 407374 "-" "Mozilla/5.0 (X11; Fedora; Linux x86_64) AppleWebKit/537.36 (KHTML, like Gecko) Chrome/79.0.3945.117 Safari/537.36"
162.55.34.200 - - [04/Jul/2021:09:39:25 -0400] "GET /wp-content/uploads/2021/07/picture-14.jpg HTTP/1.1" 200 524437 "-" "Mozilla/5.0 (X11; Fedora; Linux x86_64) AppleWebKit/537.36 (KHTML, like Gecko) Chrome/79.0.3945.117 Safari/537.36"
162.55.34.200 - - [04/Jul/2021:09:39:28 -0400] "GET /wp-content/uploads/2021/07/picture-16.jpg HTTP/1.1" 200 1001387 "-" "Mozilla/5.0 (X11; Fedora; Linux x86_64) AppleWebKit/537.36 (KHTML, like Gecko) Chrome/79.0.3945.117 Safari/537.36"
162.55.34.200 - - [04/Jul/2021:09:39:29 -0400] "GET /wp-content/uploads/2021/07/picture-11.jpg HTTP/1.1" 200 121351 "-" "Mozilla/5.0 (X11; Fedora; Linux x86_64) AppleWebKit/537.36 (KHTML, like Gecko) Chrome/79.0.3945.117 Safari/537.36"
162.55.34.200 - - [04/Jul/2021:09:39:30 -0400] "GET /wp-content/uploads/2021/07/picture-10.jpg HTTP/1.1" 200 70628 "-" "Mozilla/5.0 (X11; Fedora; Linux x86_64) AppleWebKit/537.36 (KHTML, like Gecko) Chrome/79.0.3945.117 Safari/537.36"
162.55.34.200 - - [04/Jul/2021:09:39:31 -0400] "GET /wp-content/uploads/2021/07/picture-12.jpg HTTP/1.1" 200 847296 "-" "Mozilla/5.0 (X11; Fedora; Linux x86_64) AppleWebKit/537.36 (KHTML, like Gecko) Chrome/79.0.3945.117 Safari/537.36"
162.55.34.200 - - [04/Jul/2021:09:39:33 -0400] "GET /wp-content/uploads/2021/07/picture-8.jpg HTTP/1.1" 200 829650 "-" "Mozilla/5.0 (X11; Fedora; Linux x86_64) AppleWebKit/537.36 (KHTML, like Gecko) Chrome/79.0.3945.117 Safari/537.36"
162.55.34.200 - - [04/Jul/2021:09:39:34 -0400] "GET /wp-content/uploads/2021/07/picture-13.jpg HTTP/1.1" 200 82577 "-" "Mozilla/5.0 (X11; Fedora; Linux x86_64) AppleWebKit/537.36 (KHTML, like Gecko) Chrome/79.0.3945.117 Safari/537.36"
162.55.34.200 - - [04/Jul/2021:09:39:35 -0400] "GET /wp-content/uploads/2021/07/picture-17.jpg HTTP/1.1" 200 133391 "-" "Mozilla/5.0 (X11; Fedora; Linux x86_64) AppleWebKit/537.36 (KHTML, like Gecko) Chrome/79.0.3945.117 Safari/537.36"
204.48.19.85 - - [04/Jul/2021:09:40:41 -0400] "POST /wp-cron.php?doing_wp_cron=1625406041.6272199153900146484375 HTTP/1.1" 200 6295 "https://ajhydell.com/wp-cron.php?doing_wp_cron=1625406041.6272199153900146484375" "WordPress/5.7.2; https://ajhydell.com"
157.55.39.22 - - [04/Jul/2021:09:40:41 -0400] "GET /2020/04/05/peter-dinklage-tyrion-lannister-in-college-late-80s/ HTTP/1.1" 200 18704 "-" "Mozilla/5.0 (compatible; bingbot/2.0; +http://www.bing.com/bingbot.htm)"
204.48.19.85 - - [04/Jul/2021:09:42:07 -0400] "POST /wp-cron.php?doing_wp_cron=1625406127.5626668930053710937500 HTTP/1.1" 200 6295 "https://ajhydell.com/wp-cron.php?doing_wp_cron=1625406127.5626668930053710937500" "WordPress/5.7.2; https://ajhydell.com"
77.75.77.72 - - [04/Jul/2021:09:42:07 -0400] "GET /robots.txt HTTP/1.1" 200 6517 "-" "Mozilla/5.0 (compatible; SeznamBot/3.2; +http://napoveda.seznam.cz/en/seznambot-intro/)"
77.75.77.72 - - [04/Jul/2021:09:42:09 -0400] "GET /wp-content/uploads/2021/05/picture-66-scaled.jpg HTTP/1.1" 304 6273 "-" "Mozilla/5.0 (compatible; SeznamBot/3.2; +http://napoveda.seznam.cz/en/seznambot-intro/)"
204.48.19.85 - - [04/Jul/2021:09:43:00 -0400] "POST /wp-cron.php?doing_wp_cron=1625406180.3836119174957275390625 HTTP/1.1" 200 6295 "https://ajhydell.com/wp-cron.php?doing_wp_cron=1625406180.3836119174957275390625" "WordPress/5.7.2; https://ajhydell.com"
185.191.171.7 - - [04/Jul/2021:09:43:00 -0400] "GET /2020/11/26/under-the-banner-of-lenin-1933/ HTTP/1.1" 200 18941 "-" "Mozilla/5.0 (compatible; SemrushBot/7~bl; +http://www.semrush.com/bot.html)"
62.210.215.117 - - [04/Jul/2021:09:43:16 -0400] "GET /atom HTTP/1.1" 301 6431 "-" "Mozilla/5.0 (X11; Linux i686) AppleWebKit/537.36 (KHTML, like Gecko) Chrome/30.0.1599.66 Safari/537.36"
62.210.215.117 - - [04/Jul/2021:09:43:16 -0400] "GET /feed/atom/ HTTP/1.1" 200 18474 "-" "Mozilla/5.0 (X11; Linux i686) AppleWebKit/537.36 (KHTML, like Gecko) Chrome/30.0.1599.66 Safari/537.36"
207.46.13.22 - - [04/Jul/2021:09:43:43 -0400] "GET /2020/04/29/german-newspaper-from-1890-advertising-high-quality-combs-that-apparently-are-strong-enough-to-be-used-as-saws/ HTTP/1.1" 200 18901 "-" "Mozilla/5.0 (compatible; bingbot/2.0; +http://www.bing.com/bingbot.htm)"
204.48.19.85 - - [04/Jul/2021:09:44:43 -0400] "POST /wp-cron.php?doing_wp_cron=1625406283.7035288810729980468750 HTTP/1.1" 200 6295 "https://ajhydell.com/wp-cron.php?doing_wp_cron=1625406283.7035288810729980468750" "WordPress/5.7.2; https://ajhydell.com"
207.46.13.80 - - [04/Jul/2021:09:44:43 -0400] "GET /2021/04/04/private-michael-swinkin-b-company-1st-battalion-16th-infantry-regiment-1st-infantry-division-loaded-up-for-the-crossing-of-the-roer-river-near-kreuzau-germany-25th-february-1945/ HTTP/1.1" 200 19099 "-" "Mozilla/5.0 (compatible; bingbot/2.0; +http://www.bing.com/bingbot.htm)"
204.48.19.85 - - [04/Jul/2021:09:45:34 -0400] "POST /wp-cron.php?doing_wp_cron=1625406334.6674621105194091796875 HTTP/1.1" 200 6295 "https://ajhydell.com/wp-cron.php?doing_wp_cron=1625406334.6674621105194091796875" "WordPress/5.7.2; https://ajhydell.com"
157.55.39.134 - - [04/Jul/2021:09:45:34 -0400] "GET /2020/07/08/ HTTP/1.1" 200 18259 "-" "Mozilla/5.0 (compatible; bingbot/2.0; +http://www.bing.com/bingbot.htm)"
40.77.167.20 - - [04/Jul/2021:09:45:43 -0400] "GET /wp-content/uploads/2020/11/picture-115.jpg HTTP/1.1" 200 40826 "-" "Mozilla/5.0 (compatible; bingbot/2.0; +http://www.bing.com/bingbot.htm)"
204.48.19.85 - - [04/Jul/2021:09:46:14 -0400] "POST /wp-cron.php?doing_wp_cron=1625406374.4656031131744384765625 HTTP/1.1" 200 6295 "https://ajhydell.com/wp-cron.php?doing_wp_cron=1625406374.4656031131744384765625" "WordPress/5.7.2; https://ajhydell.com"
54.36.148.117 - - [04/Jul/2021:09:46:14 -0400] "GET /2021/07/04/german-soldiers-preparing-to-defend-the-soviet-winter-offensive-1943/ HTTP/1.1" 200 18773 "-" "Mozilla/5.0 (compatible; AhrefsBot/7.0; +http://ahrefs.com/robot/)"
204.48.19.85 - - [04/Jul/2021:09:48:34 -0400] "POST /wp-cron.php?doing_wp_cron=1625406514.8576400279998779296875 HTTP/1.1" 200 6295 "https://ajhydell.com/wp-cron.php?doing_wp_cron=1625406514.8576400279998779296875" "WordPress/5.7.2; https://ajhydell.com"
207.46.13.151 - - [04/Jul/2021:09:48:34 -0400] "GET /2021/05/15/ HTTP/1.1" 200 18562 "-" "Mozilla/5.0 (compatible; bingbot/2.0; +http://www.bing.com/bingbot.htm)"
207.46.13.151 - - [04/Jul/2021:09:48:35 -0400] "GET /2021/05/page/2/ HTTP/1.1" 200 14855 "-" "Mozilla/5.0 (compatible; bingbot/2.0; +http://www.bing.com/bingbot.htm)"
