23.100.232.233 - - [30/Jun/2021:02:03:22 -0400] "GET /wp-content/themes/royal-magazine/js/navigation.js?ver=20151215 HTTP/1.1" 200 1349 "https://ajhydell.com/2020/08/26/during-op-fire-fly-in-1945-the-african-american-paratroopers-of-the-555th-parachute-infantry-battalion-made-over-8000-jumps-as-smokejumpers-on-wildfires-in-the-pacific-northwest-here-theyre-prepa/" "Mozilla/5.0 (compatible; MSIE 9.0; Windows NT 6.1; Trident/5.0;  Trident/5.0)"
23.100.232.233 - - [30/Jun/2021:02:03:22 -0400] "GET /wp-content/themes/royal-magazine/assets/libraries/marquee/jquery.marquee.js?ver=5.7.2 HTTP/1.1" 200 5103 "https://ajhydell.com/2020/08/26/during-op-fire-fly-in-1945-the-african-american-paratroopers-of-the-555th-parachute-infantry-battalion-made-over-8000-jumps-as-smokejumpers-on-wildfires-in-the-pacific-northwest-here-theyre-prepa/" "Mozilla/5.0 (compatible; MSIE 9.0; Windows NT 6.1; Trident/5.0;  Trident/5.0)"
23.100.232.233 - - [30/Jun/2021:02:03:22 -0400] "GET /wp-content/themes/royal-magazine/assets/libraries/bootstrap/js/bootstrap.min.js?ver=5.7.2 HTTP/1.1" 200 10404 "https://ajhydell.com/2020/08/26/during-op-fire-fly-in-1945-the-african-american-paratroopers-of-the-555th-parachute-infantry-battalion-made-over-8000-jumps-as-smokejumpers-on-wildfires-in-the-pacific-northwest-here-theyre-prepa/" "Mozilla/5.0 (compatible; MSIE 9.0; Windows NT 6.1; Trident/5.0;  Trident/5.0)"
23.100.232.233 - - [30/Jun/2021:02:03:22 -0400] "GET /wp-content/themes/royal-magazine/assets/twp/js/custom-script.js?ver=5.7.2 HTTP/1.1" 200 3023 "https://ajhydell.com/2020/08/26/during-op-fire-fly-in-1945-the-african-american-paratroopers-of-the-555th-parachute-infantry-battalion-made-over-8000-jumps-as-smokejumpers-on-wildfires-in-the-pacific-northwest-here-theyre-prepa/" "Mozilla/5.0 (compatible; MSIE 9.0; Windows NT 6.1; Trident/5.0;  Trident/5.0)"
23.100.232.233 - - [30/Jun/2021:02:03:22 -0400] "GET /wp-content/themes/royal-magazine/assets/libraries/magnific-popup/jquery.magnific-popup.min.js?ver=5.7.2 HTTP/1.1" 200 7871 "https://ajhydell.com/2020/08/26/during-op-fire-fly-in-1945-the-african-american-paratroopers-of-the-555th-parachute-infantry-battalion-made-over-8000-jumps-as-smokejumpers-on-wildfires-in-the-pacific-northwest-here-theyre-prepa/" "Mozilla/5.0 (compatible; MSIE 9.0; Windows NT 6.1; Trident/5.0;  Trident/5.0)"
23.100.232.233 - - [30/Jun/2021:02:03:23 -0400] "GET /wp-content/plugins/facebook-pagelike-widget/fb.js?ver=1.0 HTTP/1.1" 200 821 "https://ajhydell.com/2020/08/26/during-op-fire-fly-in-1945-the-african-american-paratroopers-of-the-555th-parachute-infantry-battalion-made-over-8000-jumps-as-smokejumpers-on-wildfires-in-the-pacific-northwest-here-theyre-prepa/" "Mozilla/5.0 (compatible; MSIE 9.0; Windows NT 6.1; Trident/5.0;  Trident/5.0)"
23.100.232.233 - - [30/Jun/2021:02:03:23 -0400] "GET /wp-content/themes/royal-magazine/assets/libraries/slick/js/slick.min.js?ver=5.7.2 HTTP/1.1" 200 10740 "https://ajhydell.com/2020/08/26/during-op-fire-fly-in-1945-the-african-american-paratroopers-of-the-555th-parachute-infantry-battalion-made-over-8000-jumps-as-smokejumpers-on-wildfires-in-the-pacific-northwest-here-theyre-prepa/" "Mozilla/5.0 (compatible; MSIE 9.0; Windows NT 6.1; Trident/5.0;  Trident/5.0)"
23.100.232.233 - - [30/Jun/2021:02:03:23 -0400] "GET /wp-includes/js/wp-embed.min.js?ver=5.7.2 HTTP/1.1" 200 1221 "https://ajhydell.com/2020/08/26/during-op-fire-fly-in-1945-the-african-american-paratroopers-of-the-555th-parachute-infantry-battalion-made-over-8000-jumps-as-smokejumpers-on-wildfires-in-the-pacific-northwest-here-theyre-prepa/" "Mozilla/5.0 (compatible; MSIE 9.0; Windows NT 6.1; Trident/5.0;  Trident/5.0)"
23.100.232.233 - - [30/Jun/2021:02:03:23 -0400] "GET /wp-content/themes/royal-magazine/assets/libraries/theiaStickySidebar/theia-sticky-sidebar.min.js?ver=5.7.2 HTTP/1.1" 200 2271 "https://ajhydell.com/2020/08/26/during-op-fire-fly-in-1945-the-african-american-paratroopers-of-the-555th-parachute-infantry-battalion-made-over-8000-jumps-as-smokejumpers-on-wildfires-in-the-pacific-northwest-here-theyre-prepa/" "Mozilla/5.0 (compatible; MSIE 9.0; Windows NT 6.1; Trident/5.0;  Trident/5.0)"
118.184.177.68 - - [30/Jun/2021:02:03:42 -0400] "GET / HTTP/1.1" 200 18944 "-" "Sogou web spider/4.0(+http://www.sogou.com/docs/help/webmasters.htm#07)"
66.249.70.112 - - [30/Jun/2021:02:04:15 -0400] "GET /2021/01/24/colonel-burr-porter-40th-massachusetts-infantry-regiment/feed/ HTTP/1.1" 200 6345 "-" "Mozilla/5.0 (Linux; Android 6.0.1; Nexus 5X Build/MMB29P) AppleWebKit/537.36 (KHTML, like Gecko) Chrome/91.0.4472.90 Mobile Safari/537.36 (compatible; Googlebot/2.1; +http://www.google.com/bot.html)"
204.48.19.85 - - [30/Jun/2021:02:04:15 -0400] "POST /wp-cron.php?doing_wp_cron=1625033055.7063279151916503906250 HTTP/1.1" 200 5463 "https://ajhydell.com/wp-cron.php?doing_wp_cron=1625033055.7063279151916503906250" "WordPress/5.7.2; https://ajhydell.com"
66.249.70.112 - - [30/Jun/2021:02:04:15 -0400] "GET /robots.txt HTTP/1.1" 200 5685 "-" "Mozilla/5.0 (compatible; Googlebot/2.1; +http://www.google.com/bot.html)"
204.48.19.85 - - [30/Jun/2021:02:05:40 -0400] "POST /wp-cron.php?doing_wp_cron=1625033140.0475249290466308593750 HTTP/1.1" 200 5463 "https://ajhydell.com/wp-cron.php?doing_wp_cron=1625033140.0475249290466308593750" "WordPress/5.7.2; https://ajhydell.com"
5.45.207.81 - - [30/Jun/2021:02:05:39 -0400] "GET /2018/08/23/ HTTP/1.1" 200 17625 "-" "Mozilla/5.0 (compatible; YandexBot/3.0; +http://yandex.com/bots)"
207.46.13.120 - - [30/Jun/2021:02:05:41 -0400] "GET /2020/11/24/the-last-non-colored-french-people-nazi-propaganda-1932/ HTTP/1.1" 200 17697 "-" "Mozilla/5.0 (compatible; bingbot/2.0; +http://www.bing.com/bingbot.htm)"
157.55.39.134 - - [30/Jun/2021:02:06:29 -0400] "GET /wp-content/uploads/2021/01/picture-47-1075x1536.jpg HTTP/1.1" 200 219062 "-" "Mozilla/5.0 (compatible; bingbot/2.0; +http://www.bing.com/bingbot.htm)"
204.48.19.85 - - [30/Jun/2021:02:06:40 -0400] "POST /wp-cron.php?doing_wp_cron=1625033200.2185161113739013671875 HTTP/1.1" 200 5463 "https://ajhydell.com/wp-cron.php?doing_wp_cron=1625033200.2185161113739013671875" "WordPress/5.7.2; https://ajhydell.com"
54.36.148.127 - - [30/Jun/2021:02:06:40 -0400] "GET /2020/12/12/degenerate-music-nazi-germany-1938/ HTTP/1.1" 200 17974 "-" "Mozilla/5.0 (compatible; AhrefsBot/7.0; +http://ahrefs.com/robot/)"
204.48.19.85 - - [30/Jun/2021:02:09:32 -0400] "POST /wp-cron.php?doing_wp_cron=1625033372.9599030017852783203125 HTTP/1.1" 200 5463 "https://ajhydell.com/wp-cron.php?doing_wp_cron=1625033372.9599030017852783203125" "WordPress/5.7.2; https://ajhydell.com"
185.191.171.41 - - [30/Jun/2021:02:09:32 -0400] "GET /2020/03/08/ HTTP/1.1" 200 17606 "-" "Mozilla/5.0 (compatible; SemrushBot/7~bl; +http://www.semrush.com/bot.html)"
204.48.19.85 - - [30/Jun/2021:02:11:26 -0400] "POST /wp-cron.php?doing_wp_cron=1625033486.7912490367889404296875 HTTP/1.1" 200 5463 "https://ajhydell.com/wp-cron.php?doing_wp_cron=1625033486.7912490367889404296875" "WordPress/5.7.2; https://ajhydell.com"
131.220.6.152 - - [30/Jun/2021:02:11:26 -0400] "GET / HTTP/1.1" 200 19396 "-" "Mozilla/5.0 (X11; Linux x86_64) AppleWebKit/537.36 (KHTML, like Gecko) Chrome/79.0.3945.79 Safari/537.36"
204.48.19.85 - - [30/Jun/2021:02:11:45 -0400] "POST /wp-cron.php?doing_wp_cron=1625033505.2300989627838134765625 HTTP/1.1" 200 5463 "https://ajhydell.com/wp-cron.php?doing_wp_cron=1625033505.2300989627838134765625" "WordPress/5.7.2; https://ajhydell.com"
66.249.70.110 - - [30/Jun/2021:02:11:45 -0400] "GET /2020/04/23/yugoslavian-war-words-behind-soldier-god-if-i-die-young-send-me-to-heaven-because-i-was-already-in-hell-around-1993-480x700/feed/ HTTP/1.1" 200 6450 "-" "Mozilla/5.0 (Linux; Android 6.0.1; Nexus 5X Build/MMB29P) AppleWebKit/537.36 (KHTML, like Gecko) Chrome/91.0.4472.90 Mobile Safari/537.36 (compatible; Googlebot/2.1; +http://www.google.com/bot.html)"
204.48.19.85 - - [30/Jun/2021:02:13:27 -0400] "POST /wp-cron.php?doing_wp_cron=1625033607.0802500247955322265625 HTTP/1.1" 200 5463 "https://ajhydell.com/wp-cron.php?doing_wp_cron=1625033607.0802500247955322265625" "WordPress/5.7.2; https://ajhydell.com"
23.100.232.233 - - [30/Jun/2021:02:13:26 -0400] "GET /2020/06/13/the-june-13-1968-tornado-that-struck-tracy-minnesota-is-photographed-leaving-town-award-winning-photo-by-eric-j-lantz-of-walnut-grove-1000x750/ HTTP/1.1" 200 17253 "-" "Mozilla/5.0 (compatible; MSIE 9.0; Windows NT 6.1; Trident/5.0;  Trident/5.0)"
23.100.232.233 - - [30/Jun/2021:02:13:28 -0400] "GET /wp-content/plugins/add-expires-headers/cache/0/com/processed-header-f16a8d323e83e1bc1b76514e283fb81b7090a959.min.css HTTP/1.1" 200 52893 "https://ajhydell.com/2020/06/13/the-june-13-1968-tornado-that-struck-tracy-minnesota-is-photographed-leaving-town-award-winning-photo-by-eric-j-lantz-of-walnut-grove-1000x750/" "Mozilla/5.0 (compatible; MSIE 9.0; Windows NT 6.1; Trident/5.0;  Trident/5.0)"
23.100.232.233 - - [30/Jun/2021:02:13:28 -0400] "GET /wp-includes/js/jquery/jquery.min.js?ver=3.5.1 HTTP/1.1" 200 31550 "https://ajhydell.com/2020/06/13/the-june-13-1968-tornado-that-struck-tracy-minnesota-is-photographed-leaving-town-award-winning-photo-by-eric-j-lantz-of-walnut-grove-1000x750/" "Mozilla/5.0 (compatible; MSIE 9.0; Windows NT 6.1; Trident/5.0;  Trident/5.0)"
23.100.232.233 - - [30/Jun/2021:02:13:28 -0400] "GET /wp-content/plugins/google-analytics-for-wordpress/assets/js/frontend-gtag.min.js?ver=7.17.0 HTTP/1.1" 200 3476 "https://ajhydell.com/2020/06/13/the-june-13-1968-tornado-that-struck-tracy-minnesota-is-photographed-leaving-town-award-winning-photo-by-eric-j-lantz-of-walnut-grove-1000x750/" "Mozilla/5.0 (compatible; MSIE 9.0; Windows NT 6.1; Trident/5.0;  Trident/5.0)"
23.100.232.233 - - [30/Jun/2021:02:13:28 -0400] "GET /wp-includes/js/jquery/jquery-migrate.min.js?ver=3.3.2 HTTP/1.1" 200 4687 "https://ajhydell.com/2020/06/13/the-june-13-1968-tornado-that-struck-tracy-minnesota-is-photographed-leaving-town-award-winning-photo-by-eric-j-lantz-of-walnut-grove-1000x750/" "Mozilla/5.0 (compatible; MSIE 9.0; Windows NT 6.1; Trident/5.0;  Trident/5.0)"
23.100.232.233 - - [30/Jun/2021:02:13:30 -0400] "GET /wp-content/themes/royal-magazine/js/skip-link-focus-fix.js?ver=20151215 HTTP/1.1" 200 933 "https://ajhydell.com/2020/06/13/the-june-13-1968-tornado-that-struck-tracy-minnesota-is-photographed-leaving-town-award-winning-photo-by-eric-j-lantz-of-walnut-grove-1000x750/" "Mozilla/5.0 (compatible; MSIE 9.0; Windows NT 6.1; Trident/5.0;  Trident/5.0)"
23.100.232.233 - - [30/Jun/2021:02:13:30 -0400] "GET /wp-includes/js/wp-emoji-release.min.js?ver=5.7.2 HTTP/1.1" 200 5183 "https://ajhydell.com/2020/06/13/the-june-13-1968-tornado-that-struck-tracy-minnesota-is-photographed-leaving-town-award-winning-photo-by-eric-j-lantz-of-walnut-grove-1000x750/" "Mozilla/5.0 (compatible; MSIE 9.0; Windows NT 6.1; Trident/5.0;  Trident/5.0)"
23.100.232.233 - - [30/Jun/2021:02:13:30 -0400] "GET /wp-content/themes/royal-magazine/assets/libraries/slick/js/slick.min.js?ver=5.7.2 HTTP/1.1" 200 10740 "https://ajhydell.com/2020/06/13/the-june-13-1968-tornado-that-struck-tracy-minnesota-is-photographed-leaving-town-award-winning-photo-by-eric-j-lantz-of-walnut-grove-1000x750/" "Mozilla/5.0 (compatible; MSIE 9.0; Windows NT 6.1; Trident/5.0;  Trident/5.0)"
23.100.232.233 - - [30/Jun/2021:02:13:30 -0400] "GET /wp-content/themes/royal-magazine/assets/libraries/bootstrap/js/bootstrap.min.js?ver=5.7.2 HTTP/1.1" 200 10404 "https://ajhydell.com/2020/06/13/the-june-13-1968-tornado-that-struck-tracy-minnesota-is-photographed-leaving-town-award-winning-photo-by-eric-j-lantz-of-walnut-grove-1000x750/" "Mozilla/5.0 (compatible; MSIE 9.0; Windows NT 6.1; Trident/5.0;  Trident/5.0)"
23.100.232.233 - - [30/Jun/2021:02:13:30 -0400] "GET /wp-content/themes/royal-magazine/assets/libraries/theiaStickySidebar/theia-sticky-sidebar.min.js?ver=5.7.2 HTTP/1.1" 200 2271 "https://ajhydell.com/2020/06/13/the-june-13-1968-tornado-that-struck-tracy-minnesota-is-photographed-leaving-town-award-winning-photo-by-eric-j-lantz-of-walnut-grove-1000x750/" "Mozilla/5.0 (compatible; MSIE 9.0; Windows NT 6.1; Trident/5.0;  Trident/5.0)"
23.100.232.233 - - [30/Jun/2021:02:13:30 -0400] "GET /wp-content/themes/royal-magazine/assets/libraries/magnific-popup/jquery.magnific-popup.min.js?ver=5.7.2 HTTP/1.1" 200 7871 "https://ajhydell.com/2020/06/13/the-june-13-1968-tornado-that-struck-tracy-minnesota-is-photographed-leaving-town-award-winning-photo-by-eric-j-lantz-of-walnut-grove-1000x750/" "Mozilla/5.0 (compatible; MSIE 9.0; Windows NT 6.1; Trident/5.0;  Trident/5.0)"
23.100.232.233 - - [30/Jun/2021:02:13:30 -0400] "GET /wp-includes/js/wp-embed.min.js?ver=5.7.2 HTTP/1.1" 200 1221 "https://ajhydell.com/2020/06/13/the-june-13-1968-tornado-that-struck-tracy-minnesota-is-photographed-leaving-town-award-winning-photo-by-eric-j-lantz-of-walnut-grove-1000x750/" "Mozilla/5.0 (compatible; MSIE 9.0; Windows NT 6.1; Trident/5.0;  Trident/5.0)"
23.100.232.233 - - [30/Jun/2021:02:13:30 -0400] "GET /wp-content/plugins/facebook-pagelike-widget/fb.js?ver=1.0 HTTP/1.1" 200 821 "https://ajhydell.com/2020/06/13/the-june-13-1968-tornado-that-struck-tracy-minnesota-is-photographed-leaving-town-award-winning-photo-by-eric-j-lantz-of-walnut-grove-1000x750/" "Mozilla/5.0 (compatible; MSIE 9.0; Windows NT 6.1; Trident/5.0;  Trident/5.0)"
23.100.232.233 - - [30/Jun/2021:02:13:30 -0400] "GET /wp-content/themes/royal-magazine/js/navigation.js?ver=20151215 HTTP/1.1" 200 1349 "https://ajhydell.com/2020/06/13/the-june-13-1968-tornado-that-struck-tracy-minnesota-is-photographed-leaving-town-award-winning-photo-by-eric-j-lantz-of-walnut-grove-1000x750/" "Mozilla/5.0 (compatible; MSIE 9.0; Windows NT 6.1; Trident/5.0;  Trident/5.0)"
23.100.232.233 - - [30/Jun/2021:02:13:30 -0400] "GET /wp-content/themes/royal-magazine/assets/libraries/marquee/jquery.marquee.js?ver=5.7.2 HTTP/1.1" 200 5103 "https://ajhydell.com/2020/06/13/the-june-13-1968-tornado-that-struck-tracy-minnesota-is-photographed-leaving-town-award-winning-photo-by-eric-j-lantz-of-walnut-grove-1000x750/" "Mozilla/5.0 (compatible; MSIE 9.0; Windows NT 6.1; Trident/5.0;  Trident/5.0)"
23.100.232.233 - - [30/Jun/2021:02:13:30 -0400] "GET /wp-content/themes/royal-magazine/assets/twp/js/custom-script.js?ver=5.7.2 HTTP/1.1" 200 3023 "https://ajhydell.com/2020/06/13/the-june-13-1968-tornado-that-struck-tracy-minnesota-is-photographed-leaving-town-award-winning-photo-by-eric-j-lantz-of-walnut-grove-1000x750/" "Mozilla/5.0 (compatible; MSIE 9.0; Windows NT 6.1; Trident/5.0;  Trident/5.0)"
23.100.232.233 - - [30/Jun/2021:02:13:30 -0400] "GET /wp-content/plugins/wp-smushit/app/assets/js/smush-lazy-load.min.js?ver=3.8.7 HTTP/1.1" 200 4207 "https://ajhydell.com/2020/06/13/the-june-13-1968-tornado-that-struck-tracy-minnesota-is-photographed-leaving-town-award-winning-photo-by-eric-j-lantz-of-walnut-grove-1000x750/" "Mozilla/5.0 (compatible; MSIE 9.0; Windows NT 6.1; Trident/5.0;  Trident/5.0)"
185.191.171.43 - - [30/Jun/2021:02:13:40 -0400] "GET /2019/09/23/the-original-glass-plate-is-captioned-louis-photographed-in-near-a-german-prisoner-war-camp-in-douchy-france-sometime-in-1916/ HTTP/1.1" 200 18053 "-" "Mozilla/5.0 (compatible; SemrushBot/7~bl; +http://www.semrush.com/bot.html)"
54.36.149.59 - - [30/Jun/2021:02:13:56 -0400] "GET /2019/07/08/preventing-labor-discrimination-in-world-war-2-1940s/ HTTP/1.1" 200 17849 "-" "Mozilla/5.0 (compatible; AhrefsBot/7.0; +http://ahrefs.com/robot/)"
204.48.19.85 - - [30/Jun/2021:02:13:56 -0400] "POST /wp-cron.php?doing_wp_cron=1625033636.6655371189117431640625 HTTP/1.1" 200 5463 "https://ajhydell.com/wp-cron.php?doing_wp_cron=1625033636.6655371189117431640625" "WordPress/5.7.2; https://ajhydell.com"
185.191.171.33 - - [30/Jun/2021:02:14:12 -0400] "GET /2019/04/23/ HTTP/1.1" 200 17232 "-" "Mozilla/5.0 (compatible; SemrushBot/7~bl; +http://www.semrush.com/bot.html)"
204.48.19.85 - - [30/Jun/2021:02:16:18 -0400] "GET / HTTP/1.1" 200 18959 "https://ajhydell.com/" "WordPress/5.7.2; https://ajhydell.com"
204.48.19.85 - - [30/Jun/2021:02:16:17 -0400] "POST /wp-cron.php?doing_wp_cron=1625033777.8981869220733642578125 HTTP/1.1" 200 5463 "https://ajhydell.com/wp-cron.php?doing_wp_cron=1625033777.8981869220733642578125" "WordPress/5.7.2; https://ajhydell.com"
66.249.70.110 - - [30/Jun/2021:02:16:17 -0400] "GET / HTTP/1.1" 200 19384 "-" "Mozilla/5.0 (Linux; Android 6.0.1; Nexus 5X Build/MMB29P) AppleWebKit/537.36 (KHTML, like Gecko) Chrome/91.0.4472.90 Mobile Safari/537.36 (compatible; Googlebot/2.1; +http://www.google.com/bot.html)"
76.167.202.164 - - [30/Jun/2021:02:16:47 -0400] "GET /wp-content/uploads/2020/08/picture-64.jpg HTTP/1.1" 200 85874 "https://www.bing.com/" "Mozilla/5.0 (Windows NT 10.0; Win64; x64) AppleWebKit/537.36 (KHTML, like Gecko) Chrome/91.0.4472.114 Safari/537.36 Edg/91.0.864.59"
204.48.19.85 - - [30/Jun/2021:02:17:02 -0400] "POST /wp-cron.php?doing_wp_cron=1625033822.5892629623413085937500 HTTP/1.1" 200 232 "http://ajhydell.com/wp-cron.php?doing_wp_cron=1625033822.5892629623413085937500" "WordPress/5.7.2; https://ajhydell.com"
157.55.39.136 - - [30/Jun/2021:02:17:02 -0400] "GET /index.php/2017/04/15/seeking-additional-info-on-this-picture-of-my-great-grandfather-nazi-germany-2/ HTTP/1.1" 301 470 "-" "Mozilla/5.0 (compatible; bingbot/2.0; +http://www.bing.com/bingbot.htm)"
185.191.171.44 - - [30/Jun/2021:02:17:19 -0400] "GET /2019/03/18/ HTTP/1.1" 200 17439 "-" "Mozilla/5.0 (compatible; SemrushBot/7~bl; +http://www.semrush.com/bot.html)"
204.48.19.85 - - [30/Jun/2021:02:20:42 -0400] "POST /wp-cron.php?doing_wp_cron=1625034042.5855119228363037109375 HTTP/1.1" 200 5463 "https://ajhydell.com/wp-cron.php?doing_wp_cron=1625034042.5855119228363037109375" "WordPress/5.7.2; https://ajhydell.com"
54.36.148.227 - - [30/Jun/2021:02:20:42 -0400] "GET /2021/01/04/the-black-sands-of-iwo-jima-2nd-battalion-27th-marines-landing-on-iwo-jima-world-war-ii/ HTTP/1.1" 200 18147 "-" "Mozilla/5.0 (compatible; AhrefsBot/7.0; +http://ahrefs.com/robot/)"
49.7.20.65 - - [30/Jun/2021:02:20:43 -0400] "GET / HTTP/1.1" 200 18945 "-" "Sogou web spider/4.0(+http://www.sogou.com/docs/help/webmasters.htm#07)"
204.48.19.85 - - [30/Jun/2021:02:21:04 -0400] "POST /wp-cron.php?doing_wp_cron=1625034064.0687201023101806640625 HTTP/1.1" 200 232 "http://ajhydell.com/wp-cron.php?doing_wp_cron=1625034064.0687201023101806640625" "WordPress/5.7.2; https://ajhydell.com"
216.244.66.250 - - [30/Jun/2021:02:21:03 -0400] "GET /robots.txt HTTP/1.1" 301 297 "-" "Mozilla/5.0 (compatible; DotBot/1.2; +https://opensiteexplorer.org/dotbot; help@moz.com)"
216.244.66.250 - - [30/Jun/2021:02:21:04 -0400] "GET /robots.txt HTTP/1.1" 200 5027 "-" "Mozilla/5.0 (compatible; DotBot/1.2; +https://opensiteexplorer.org/dotbot; help@moz.com)"
204.48.19.85 - - [30/Jun/2021:02:23:54 -0400] "POST /wp-cron.php?doing_wp_cron=1625034234.6427800655364990234375 HTTP/1.1" 200 5463 "https://ajhydell.com/wp-cron.php?doing_wp_cron=1625034234.6427800655364990234375" "WordPress/5.7.2; https://ajhydell.com"
207.46.13.120 - - [30/Jun/2021:02:23:54 -0400] "GET /2021/03/05/a-young-boy-greets-his-father-a-soldier-allowed-to-return-home-for-christmas-1944-3000x2364/ HTTP/1.1" 200 17927 "-" "Mozilla/5.0 (compatible; bingbot/2.0; +http://www.bing.com/bingbot.htm)"
207.46.13.80 - - [30/Jun/2021:02:24:33 -0400] "GET /wp-content/uploads/2020/07/picture-55-768x1024.jpg HTTP/1.1" 200 121747 "-" "Mozilla/5.0 (compatible; bingbot/2.0; +http://www.bing.com/bingbot.htm)"
204.48.19.85 - - [30/Jun/2021:02:25:10 -0400] "POST /wp-cron.php?doing_wp_cron=1625034310.8920609951019287109375 HTTP/1.1" 200 5463 "https://ajhydell.com/wp-cron.php?doing_wp_cron=1625034310.8920609951019287109375" "WordPress/5.7.2; https://ajhydell.com"
66.249.70.114 - - [30/Jun/2021:02:25:10 -0400] "GET /feed/ HTTP/1.1" 200 7437 "-" "Mozilla/5.0 (compatible; Googlebot/2.1; +http://www.google.com/bot.html)"
185.191.171.33 - - [30/Jun/2021:02:25:16 -0400] "GET /2020/12/25/fdr-using-help-to-get-out-of-his-car-one-of-the-few-photos-that-show-his-paralytic-illness-journalists-and-photographers-avoided-showing-the-president-in-this-weak-state-especially-during-wwii-take/ HTTP/1.1" 200 18296 "-" "Mozilla/5.0 (compatible; SemrushBot/7~bl; +http://www.semrush.com/bot.html)"
204.48.19.85 - - [30/Jun/2021:02:26:13 -0400] "POST /wp-cron.php?doing_wp_cron=1625034373.9304239749908447265625 HTTP/1.1" 200 5463 "https://ajhydell.com/wp-cron.php?doing_wp_cron=1625034373.9304239749908447265625" "WordPress/5.7.2; https://ajhydell.com"
66.249.70.110 - - [30/Jun/2021:02:26:13 -0400] "GET /2018/09/14/gia-scala-anne-francis-eva-gabor-dont-go-near-the-water-1957/feed/ HTTP/1.1" 200 6376 "-" "Mozilla/5.0 (Linux; Android 6.0.1; Nexus 5X Build/MMB29P) AppleWebKit/537.36 (KHTML, like Gecko) Chrome/91.0.4472.90 Mobile Safari/537.36 (compatible; Googlebot/2.1; +http://www.google.com/bot.html)"
204.48.19.85 - - [30/Jun/2021:02:27:41 -0400] "POST /wp-cron.php?doing_wp_cron=1625034461.6041109561920166015625 HTTP/1.1" 200 5463 "https://ajhydell.com/wp-cron.php?doing_wp_cron=1625034461.6041109561920166015625" "WordPress/5.7.2; https://ajhydell.com"
54.36.148.30 - - [30/Jun/2021:02:27:41 -0400] "GET /2021/01/03/pro-circumcision-poster-circa-2000s/ HTTP/1.1" 200 17901 "-" "Mozilla/5.0 (compatible; AhrefsBot/7.0; +http://ahrefs.com/robot/)"
204.48.19.85 - - [30/Jun/2021:02:28:53 -0400] "POST /wp-cron.php?doing_wp_cron=1625034533.8526530265808105468750 HTTP/1.1" 200 5463 "https://ajhydell.com/wp-cron.php?doing_wp_cron=1625034533.8526530265808105468750" "WordPress/5.7.2; https://ajhydell.com"
157.55.39.57 - - [30/Jun/2021:02:28:53 -0400] "GET /2020/02/07/a-german-nurse-assists-an-8th-armored-division-medic-treat-a-wounded-german-soldier-captured-during-the-battle-for-unna-germany-11-april-1945/ HTTP/1.1" 200 17869 "-" "Mozilla/5.0 (compatible; bingbot/2.0; +http://www.bing.com/bingbot.htm)"
157.55.39.57 - - [30/Jun/2021:02:28:54 -0400] "GET /2020/02/19/navajo-man-1905/ HTTP/1.1" 200 12833 "-" "Mozilla/5.0 (compatible; bingbot/2.0; +http://www.bing.com/bingbot.htm)"
207.46.13.96 - - [30/Jun/2021:02:29:10 -0400] "GET /wp-includes/js/jquery/jquery.min.js?ver=3.5.1 HTTP/1.1" 200 36249 "-" "Mozilla/5.0 (compatible; bingbot/2.0; +http://www.bing.com/bingbot.htm)"
207.46.13.96 - - [30/Jun/2021:02:29:10 -0400] "GET /wp-includes/js/jquery/jquery.min.js?ver=3.5.1 HTTP/1.1" 200 31516 "-" "Mozilla/5.0 (compatible; bingbot/2.0; +http://www.bing.com/bingbot.htm)"
157.55.39.57 - - [30/Jun/2021:02:29:14 -0400] "GET /wp-content/uploads/2019/06/picture-44-1024x512.jpg HTTP/1.1" 200 94765 "-" "Mozilla/5.0 (compatible; bingbot/2.0; +http://www.bing.com/bingbot.htm)"
216.244.66.250 - - [30/Jun/2021:02:29:27 -0400] "GET /2019/08/05/a-chinese-lady-whose-feet-were-bound-from-childhood-late-1800s-937x967/ HTTP/1.1" 200 66808 "-" "Mozilla/5.0 (compatible; DotBot/1.2; +https://opensiteexplorer.org/dotbot; help@moz.com)"
77.35.108.214 - - [30/Jun/2021:02:31:06 -0400] "GET /wp-content/uploads/2020/11/picture-80.jpg HTTP/1.1" 200 72511 "https://yandex.ru/" "Mozilla/5.0 (Windows NT 10.0; Win64; x64; rv:89.0) Gecko/20100101 Firefox/89.0"
204.48.19.85 - - [30/Jun/2021:02:31:29 -0400] "POST /wp-cron.php?doing_wp_cron=1625034689.1891789436340332031250 HTTP/1.1" 200 5463 "https://ajhydell.com/wp-cron.php?doing_wp_cron=1625034689.1891789436340332031250" "WordPress/5.7.2; https://ajhydell.com"
185.191.171.16 - - [30/Jun/2021:02:31:29 -0400] "GET /2021/06/07/a-british-military-motorcycle-norton-16h-still-in-the-cargo-bay-of-the-british-armed-merchant-ss-thistlegorm-sank-by-german-planes-off-the-egyptian-coast-in-the-red-sea-on-october-1941/ HTTP/1.1" 200 18249 "-" "Mozilla/5.0 (compatible; SemrushBot/7~bl; +http://www.semrush.com/bot.html)"
207.46.13.151 - - [30/Jun/2021:02:33:09 -0400] "GET /wp-content/uploads/2019/07/picture-35.jpg HTTP/1.1" 200 149303 "-" "Mozilla/5.0 (compatible; bingbot/2.0; +http://www.bing.com/bingbot.htm)"
204.48.19.85 - - [30/Jun/2021:02:34:37 -0400] "POST /wp-cron.php?doing_wp_cron=1625034877.0448999404907226562500 HTTP/1.1" 200 5463 "https://ajhydell.com/wp-cron.php?doing_wp_cron=1625034877.0448999404907226562500" "WordPress/5.7.2; https://ajhydell.com"
51.89.213.55 - - [30/Jun/2021:02:34:36 -0400] "POST /wp-content/plugins/ZoomSounds/savepng.php?location=wp-fixer.php HTTP/1.1" 404 62845 "-" "python-requests/2.25.1"
51.89.213.55 - - [30/Jun/2021:02:34:37 -0400] "GET /wp-content/plugins/ZoomSounds/wp-fixer.php HTTP/1.1" 404 62845 "-" "python-requests/2.25.1"
51.89.213.55 - - [30/Jun/2021:02:34:38 -0400] "POST /wp-content/plugins/dzs-zoomsounds/savepng.php?location=wp-fixer.php HTTP/1.1" 404 62845 "-" "python-requests/2.25.1"
51.89.213.55 - - [30/Jun/2021:02:34:39 -0400] "GET /wp-content/plugins/dzs-zoomsounds/wp-fixer.php HTTP/1.1" 404 62845 "-" "python-requests/2.25.1"
54.36.149.44 - - [30/Jun/2021:02:34:42 -0400] "GET /2019/07/23/the-italian-royal-family-in-a-photo-taken-in-june-1922-2000-x-1317/ HTTP/1.1" 200 18152 "-" "Mozilla/5.0 (compatible; AhrefsBot/7.0; +http://ahrefs.com/robot/)"
204.48.19.85 - - [30/Jun/2021:02:35:20 -0400] "POST /wp-cron.php?doing_wp_cron=1625034920.1170940399169921875000 HTTP/1.1" 200 5463 "https://ajhydell.com/wp-cron.php?doing_wp_cron=1625034920.1170940399169921875000" "WordPress/5.7.2; https://ajhydell.com"
103.28.53.92 - - [30/Jun/2021:02:35:19 -0400] "POST /wp-login.php HTTP/1.1" 503 23965 "-" "Mozilla/5.0 (Windows NT 6.1; Win64; x64) AppleWebKit/537.36 (KHTML, like Gecko) Chrome/81.0.4044.122 Safari/537.36"
204.48.19.85 - - [30/Jun/2021:02:35:52 -0400] "POST /wp-cron.php?doing_wp_cron=1625034952.9040849208831787109375 HTTP/1.1" 200 5463 "https://ajhydell.com/wp-cron.php?doing_wp_cron=1625034952.9040849208831787109375" "WordPress/5.7.2; https://ajhydell.com"
40.77.167.20 - - [30/Jun/2021:02:35:52 -0400] "GET /2020/11/15/luftwaffe-mechanics-cheer-after-the-return-of-a-messerschmitt-bf-109-from-a-successful-mission/ HTTP/1.1" 200 17734 "-" "Mozilla/5.0 (compatible; bingbot/2.0; +http://www.bing.com/bingbot.htm)"
157.55.39.22 - - [30/Jun/2021:02:35:59 -0400] "GET /wp-content/uploads/2021/04/picture-74.jpg HTTP/1.1" 200 34652 "-" "Mozilla/5.0 (compatible; bingbot/2.0; +http://www.bing.com/bingbot.htm)"
207.46.13.80 - - [30/Jun/2021:02:36:04 -0400] "GET /2019/01/12/atari-brings-the-computer-age-home-atari-400-ad-1981/ HTTP/1.1" 200 17597 "-" "Mozilla/5.0 (compatible; bingbot/2.0; +http://www.bing.com/bingbot.htm)"
40.77.189.208 - - [30/Jun/2021:02:36:11 -0400] "GET /?wordfence_lh=1&hid=BD013D3E508319D480F689CB14C7A6D5&r=0.6817734899940118 HTTP/1.1" 200 5086 "-" "Mozilla/5.0 (Windows NT 6.1; WOW64) AppleWebKit/534+ (KHTML, like Gecko) BingPreview/1.0b"
204.48.19.85 - - [30/Jun/2021:02:37:20 -0400] "POST /wp-cron.php?doing_wp_cron=1625035040.3334209918975830078125 HTTP/1.1" 200 232 "http://ajhydell.com/wp-cron.php?doing_wp_cron=1625035040.3334209918975830078125" "WordPress/5.7.2; https://ajhydell.com"
54.156.8.33 - - [30/Jun/2021:02:37:20 -0400] "GET /2020/11/23/american-soldiers-capture-a-local-man-during-the-us-invasion-of-the-island-of-grenada-october-1983-2048x1404 HTTP/1.1" 301 506 "-" "ias-va/3.1 (+https://www.admantx.com/service-fetcher.html)"
54.156.8.33 - - [30/Jun/2021:02:37:20 -0400] "GET /2020/11/23/american-soldiers-capture-a-local-man-during-the-us-invasion-of-the-island-of-grenada-october-1983-2048x1404 HTTP/1.1" 301 5076 "-" "ias-va/3.1 (+https://www.admantx.com/service-fetcher.html)"
54.156.8.33 - - [30/Jun/2021:02:37:20 -0400] "GET /2020/11/23/american-soldiers-capture-a-local-man-during-the-us-invasion-of-the-island-of-grenada-october-1983-2048x1404/ HTTP/1.1" 200 13028 "-" "ias-va/3.1 (+https://www.admantx.com/service-fetcher.html)"
204.48.19.85 - - [30/Jun/2021:02:37:53 -0400] "POST /wp-cron.php?doing_wp_cron=1625035073.4981079101562500000000 HTTP/1.1" 200 5463 "https://ajhydell.com/wp-cron.php?doing_wp_cron=1625035073.4981079101562500000000" "WordPress/5.7.2; https://ajhydell.com"
185.191.171.22 - - [30/Jun/2021:02:37:53 -0400] "GET /2018/11/30/soviet-bear-trying-to-strangle-west-berlin-usa-1948/ HTTP/1.1" 200 17938 "-" "Mozilla/5.0 (compatible; SemrushBot/7~bl; +http://www.semrush.com/bot.html)"
204.48.19.85 - - [30/Jun/2021:02:39:09 -0400] "POST /wp-cron.php?doing_wp_cron=1625035149.4304420948028564453125 HTTP/1.1" 200 5463 "https://ajhydell.com/wp-cron.php?doing_wp_cron=1625035149.4304420948028564453125" "WordPress/5.7.2; https://ajhydell.com"
185.191.171.22 - - [30/Jun/2021:02:39:09 -0400] "GET /2021/05/17/disney-tiki-room-brochures/ HTTP/1.1" 200 18040 "-" "Mozilla/5.0 (compatible; SemrushBot/7~bl; +http://www.semrush.com/bot.html)"
204.48.19.85 - - [30/Jun/2021:02:39:56 -0400] "POST /wp-cron.php?doing_wp_cron=1625035196.0421071052551269531250 HTTP/1.1" 200 5463 "https://ajhydell.com/wp-cron.php?doing_wp_cron=1625035196.0421071052551269531250" "WordPress/5.7.2; https://ajhydell.com"
157.55.39.136 - - [30/Jun/2021:02:39:55 -0400] "GET /sitemap-pt-wphb_minify_group-2020-03.xml HTTP/1.1" 200 5497 "-" "Mozilla/5.0 (compatible; bingbot/2.0; +http://www.bing.com/bingbot.htm)"
204.48.19.85 - - [30/Jun/2021:02:40:56 -0400] "POST /wp-cron.php?doing_wp_cron=1625035256.6265830993652343750000 HTTP/1.1" 200 232 "http://ajhydell.com/wp-cron.php?doing_wp_cron=1625035256.6265830993652343750000" "WordPress/5.7.2; https://ajhydell.com"
49.7.20.73 - - [30/Jun/2021:02:40:56 -0400] "GET / HTTP/1.1" 301 306 "-" "Sogou web spider/4.0(+http://www.sogou.com/docs/help/webmasters.htm#07)"
54.36.148.8 - - [30/Jun/2021:02:41:41 -0400] "GET /2020/08/28/grand-duchesses-tatiana-maria-and-anastasia-romanov-of-russia-playing-on-a-swing-1908-1000x1245/ HTTP/1.1" 200 18134 "-" "Mozilla/5.0 (compatible; AhrefsBot/7.0; +http://ahrefs.com/robot/)"
204.48.19.85 - - [30/Jun/2021:02:41:51 -0400] "POST /wp-cron.php?doing_wp_cron=1625035311.2927770614624023437500 HTTP/1.1" 200 5463 "https://ajhydell.com/wp-cron.php?doing_wp_cron=1625035311.2927770614624023437500" "WordPress/5.7.2; https://ajhydell.com"
207.46.13.151 - - [30/Jun/2021:02:41:51 -0400] "GET /2019/03/21/dak-soldier-in-north-africa-1942/ HTTP/1.1" 200 17477 "-" "Mozilla/5.0 (compatible; bingbot/2.0; +http://www.bing.com/bingbot.htm)"
157.55.39.136 - - [30/Jun/2021:02:42:16 -0400] "GET /wp-content/uploads/2019/02/picture-4-1024x816.jpg HTTP/1.1" 200 163615 "-" "Mozilla/5.0 (compatible; bingbot/2.0; +http://www.bing.com/bingbot.htm)"
175.44.9.72 - - [30/Jun/2021:02:42:24 -0400] "GET /wp-content/uploads/2018/10/picture-113.jpg HTTP/1.1" 200 152359 "https://cn.bing.com/" "Mozilla/5.0 (Windows NT 10.0; WOW64) AppleWebKit/537.36 (KHTML, like Gecko) Chrome/86.0.4240.198 Safari/537.36"
175.44.9.72 - - [30/Jun/2021:02:42:44 -0400] "-" 408 5209 "-" "-"
204.48.19.85 - - [30/Jun/2021:02:42:49 -0400] "POST /wp-cron.php?doing_wp_cron=1625035369.3326950073242187500000 HTTP/1.1" 200 5463 "https://ajhydell.com/wp-cron.php?doing_wp_cron=1625035369.3326950073242187500000" "WordPress/5.7.2; https://ajhydell.com"
175.44.9.72 - - [30/Jun/2021:02:42:49 -0400] "GET /favicon.ico HTTP/1.1" 302 1026 "https://ajhydell.com/wp-content/uploads/2018/10/picture-113.jpg" "Mozilla/5.0 (Windows NT 10.0; WOW64) AppleWebKit/537.36 (KHTML, like Gecko) Chrome/86.0.4240.198 Safari/537.36"
175.44.9.72 - - [30/Jun/2021:02:42:50 -0400] "GET /wp-content/uploads/2018/08/cropped-logo-32x32.jpg HTTP/1.1" 200 1314 "https://ajhydell.com/wp-content/uploads/2018/10/picture-113.jpg" "Mozilla/5.0 (Windows NT 10.0; WOW64) AppleWebKit/537.36 (KHTML, like Gecko) Chrome/86.0.4240.198 Safari/537.36"
49.7.20.67 - - [30/Jun/2021:02:42:59 -0400] "GET / HTTP/1.1" 200 18943 "-" "Sogou web spider/4.0(+http://www.sogou.com/docs/help/webmasters.htm#07)"
175.44.9.72 - - [30/Jun/2021:02:43:09 -0400] "-" 408 559 "-" "-"
175.44.9.72 - - [30/Jun/2021:02:43:09 -0400] "-" 408 5209 "-" "-"
207.46.13.96 - - [30/Jun/2021:02:43:13 -0400] "GET /wp-content/uploads/2018/10/picture-79-701x1024.jpg HTTP/1.1" 200 70515 "-" "Mozilla/5.0 (compatible; bingbot/2.0; +http://www.bing.com/bingbot.htm)"
204.48.19.85 - - [30/Jun/2021:02:44:08 -0400] "POST /wp-cron.php?doing_wp_cron=1625035448.1638200283050537109375 HTTP/1.1" 200 5463 "https://ajhydell.com/wp-cron.php?doing_wp_cron=1625035448.1638200283050537109375" "WordPress/5.7.2; https://ajhydell.com"
66.249.70.110 - - [30/Jun/2021:02:44:07 -0400] "GET /2020/12/08/the-rambulance-1961/ HTTP/1.1" 200 17869 "-" "Mozilla/5.0 (compatible; Googlebot/2.1; +http://www.google.com/bot.html)"
92.220.10.100 - - [30/Jun/2021:02:44:21 -0400] "GET /robots.txt HTTP/1.1" 200 5233 "-" "Mozilla/5.0 (compatible; MJ12bot/v1.4.8; http://mj12bot.com/)"
92.220.10.100 - - [30/Jun/2021:02:44:24 -0400] "GET /2021/04/26/a-giant-in-the-year-1905-enjoying-a-beer-in-a-tavern/feed/ HTTP/1.1" 200 1124 "-" "Mozilla/5.0 (compatible; MJ12bot/v1.4.8; http://mj12bot.com/)"
157.55.39.136 - - [30/Jun/2021:02:45:36 -0400] "GET /wp-content/uploads/2018/11/picture-54-714x1024.jpg HTTP/1.1" 200 134220 "-" "Mozilla/5.0 (compatible; bingbot/2.0; +http://www.bing.com/bingbot.htm)"
204.48.19.85 - - [30/Jun/2021:02:48:05 -0400] "POST /wp-cron.php?doing_wp_cron=1625035685.9359419345855712890625 HTTP/1.1" 200 5463 "https://ajhydell.com/wp-cron.php?doing_wp_cron=1625035685.9359419345855712890625" "WordPress/5.7.2; https://ajhydell.com"
66.249.70.114 - - [30/Jun/2021:02:48:05 -0400] "GET /2019/04/14/we-lit-the-dawn-of-the-space-age-ussr-1972/ HTTP/1.1" 200 18026 "-" "Mozilla/5.0 (compatible; Googlebot/2.1; +http://www.google.com/bot.html)"
204.48.19.85 - - [30/Jun/2021:02:48:46 -0400] "POST /wp-cron.php?doing_wp_cron=1625035726.6665530204772949218750 HTTP/1.1" 200 5463 "https://ajhydell.com/wp-cron.php?doing_wp_cron=1625035726.6665530204772949218750" "WordPress/5.7.2; https://ajhydell.com"
54.36.148.147 - - [30/Jun/2021:02:48:46 -0400] "GET /2019/07/07/father-and-son-observe-the-launch-of-apollo-11-on-july-16-1969-775-x-1200/ HTTP/1.1" 200 18070 "-" "Mozilla/5.0 (compatible; AhrefsBot/7.0; +http://ahrefs.com/robot/)"
207.46.13.80 - - [30/Jun/2021:02:49:16 -0400] "GET /wp-content/uploads/2018/09/picture-35.jpg HTTP/1.1" 200 1455405 "-" "Mozilla/5.0 (compatible; bingbot/2.0; +http://www.bing.com/bingbot.htm)"
204.48.19.85 - - [30/Jun/2021:02:49:56 -0400] "POST /wp-cron.php?doing_wp_cron=1625035796.2135660648345947265625 HTTP/1.1" 200 5463 "https://ajhydell.com/wp-cron.php?doing_wp_cron=1625035796.2135660648345947265625" "WordPress/5.7.2; https://ajhydell.com"
185.191.171.45 - - [30/Jun/2021:02:49:56 -0400] "GET /robots.txt HTTP/1.1" 200 5648 "-" "Mozilla/5.0 (compatible; SemrushBot/7~bl; +http://www.semrush.com/bot.html)"
185.191.171.37 - - [30/Jun/2021:02:49:56 -0400] "GET /2018/12/13/ HTTP/1.1" 200 17442 "-" "Mozilla/5.0 (compatible; SemrushBot/7~bl; +http://www.semrush.com/bot.html)"
157.55.39.134 - - [30/Jun/2021:02:50:31 -0400] "GET /2019/05/10/ HTTP/1.1" 200 16974 "-" "Mozilla/5.0 (compatible; bingbot/2.0; +http://www.bing.com/bingbot.htm)"
204.48.19.85 - - [30/Jun/2021:02:51:00 -0400] "POST /wp-cron.php?doing_wp_cron=1625035860.9344749450683593750000 HTTP/1.1" 200 5463 "https://ajhydell.com/wp-cron.php?doing_wp_cron=1625035860.9344749450683593750000" "WordPress/5.7.2; https://ajhydell.com"
92.118.161.45 - - [30/Jun/2021:02:51:00 -0400] "GET / HTTP/1.1" 301 4847 "-" "NetSystemsResearch studies the availability of various services across the internet. Our website is netsystemsresearch.com"
92.118.161.45 - - [30/Jun/2021:02:51:01 -0400] "GET / HTTP/1.1" 200 100723 "-" "Go http package"
204.48.19.85 - - [30/Jun/2021:02:52:13 -0400] "POST /wp-cron.php?doing_wp_cron=1625035933.1510510444641113281250 HTTP/1.1" 200 5463 "https://ajhydell.com/wp-cron.php?doing_wp_cron=1625035933.1510510444641113281250" "WordPress/5.7.2; https://ajhydell.com"
103.130.213.36 - - [30/Jun/2021:02:52:12 -0400] "GET /wp-login.php HTTP/1.1" 200 7773 "-" "Mozilla/5.0 (X11; Ubuntu; Linux x86_64; rv:62.0) Gecko/20100101 Firefox/62.0"
103.130.213.36 - - [30/Jun/2021:02:52:14 -0400] "POST /wp-login.php HTTP/1.1" 200 7873 "-" "Mozilla/5.0 (X11; Ubuntu; Linux x86_64; rv:62.0) Gecko/20100101 Firefox/62.0"
103.130.213.36 - - [30/Jun/2021:02:52:15 -0400] "POST /xmlrpc.php HTTP/1.1" 200 5020 "-" "Mozilla/5.0 (X11; Ubuntu; Linux x86_64; rv:62.0) Gecko/20100101 Firefox/62.0"
204.48.19.85 - - [30/Jun/2021:02:52:53 -0400] "POST /wp-cron.php?doing_wp_cron=1625035973.0128331184387207031250 HTTP/1.1" 200 5463 "https://ajhydell.com/wp-cron.php?doing_wp_cron=1625035973.0128331184387207031250" "WordPress/5.7.2; https://ajhydell.com"
138.68.147.16 - - [30/Jun/2021:02:52:52 -0400] "POST /wsman HTTP/1.1" 404 63422 "-" "Mozilla/5.0 (Windows NT 10.0; Win64; x64) AppleWebKit/537.36 (KHTML, like Gecko) Chrome/83.0.4103.61 Safari/537.36"
138.68.147.16 - - [30/Jun/2021:02:52:55 -0400] "GET /favicon.ico HTTP/1.1" 302 466 "-" "Mozilla/5.0 (Windows NT 10.0; Win64; x64) AppleWebKit/537.36 (KHTML, like Gecko) Chrome/83.0.4103.61 Safari/537.36"
138.68.147.16 - - [30/Jun/2021:02:52:56 -0400] "GET /wp-content/uploads/2018/08/cropped-logo-32x32.jpg HTTP/1.1" 200 6477 "-" "Mozilla/5.0 (Windows NT 10.0; Win64; x64) AppleWebKit/537.36 (KHTML, like Gecko) Chrome/83.0.4103.61 Safari/537.36"
204.48.19.85 - - [30/Jun/2021:02:53:45 -0400] "POST /wp-cron.php?doing_wp_cron=1625036025.2958509922027587890625 HTTP/1.1" 200 5463 "https://ajhydell.com/wp-cron.php?doing_wp_cron=1625036025.2958509922027587890625" "WordPress/5.7.2; https://ajhydell.com"
207.46.13.96 - - [30/Jun/2021:02:53:45 -0400] "GET /2020/07/23/ HTTP/1.1" 200 17318 "-" "Mozilla/5.0 (compatible; bingbot/2.0; +http://www.bing.com/bingbot.htm)"
204.48.19.85 - - [30/Jun/2021:02:55:16 -0400] "POST /wp-cron.php?doing_wp_cron=1625036116.3350620269775390625000 HTTP/1.1" 200 5463 "https://ajhydell.com/wp-cron.php?doing_wp_cron=1625036116.3350620269775390625000" "WordPress/5.7.2; https://ajhydell.com"
106.38.241.127 - - [30/Jun/2021:02:55:16 -0400] "GET / HTTP/1.1" 200 18945 "-" "Sogou web spider/4.0(+http://www.sogou.com/docs/help/webmasters.htm#07)"
204.48.19.85 - - [30/Jun/2021:02:56:09 -0400] "POST /wp-cron.php?doing_wp_cron=1625036169.6380660533905029296875 HTTP/1.1" 200 5463 "https://ajhydell.com/wp-cron.php?doing_wp_cron=1625036169.6380660533905029296875" "WordPress/5.7.2; https://ajhydell.com"
54.36.149.36 - - [30/Jun/2021:02:56:09 -0400] "GET /2020/08/28/environmental-protection-everyones-obligation-russia-1978/ HTTP/1.1" 200 18129 "-" "Mozilla/5.0 (compatible; AhrefsBot/7.0; +http://ahrefs.com/robot/)"
204.48.19.85 - - [30/Jun/2021:02:57:39 -0400] "POST /wp-cron.php?doing_wp_cron=1625036259.1665620803833007812500 HTTP/1.1" 200 5463 "https://ajhydell.com/wp-cron.php?doing_wp_cron=1625036259.1665620803833007812500" "WordPress/5.7.2; https://ajhydell.com"
77.75.76.164 - - [30/Jun/2021:02:57:38 -0400] "GET /robots.txt HTTP/1.1" 200 5685 "-" "Mozilla/5.0 (compatible; SeznamBot/3.2; +http://napoveda.seznam.cz/en/seznambot-intro/)"
77.75.76.164 - - [30/Jun/2021:02:57:41 -0400] "GET /wp-content/uploads/2021/06/picture-37.jpg HTTP/1.1" 200 108189 "-" "Mozilla/5.0 (compatible; SeznamBot/3.2; +http://napoveda.seznam.cz/en/seznambot-intro/)"
204.48.19.85 - - [30/Jun/2021:02:57:46 -0400] "POST /wp-cron.php?doing_wp_cron=1625036266.8457169532775878906250 HTTP/1.1" 200 5463 "https://ajhydell.com/wp-cron.php?doing_wp_cron=1625036266.8457169532775878906250" "WordPress/5.7.2; https://ajhydell.com"
185.40.4.126 - - [30/Jun/2021:02:57:46 -0400] "GET / HTTP/1.1" 200 100889 "-" "-"
173.252.127.13 - - [30/Jun/2021:02:57:51 -0400] "GET /2021/04/25/coca-cola-1901/ HTTP/1.1" 206 17813 "-" "facebookexternalhit/1.1 (+http://www.facebook.com/externalhit_uatext.php)"
173.252.127.120 - - [30/Jun/2021:02:57:51 -0400] "GET /2021/04/25/coca-cola-1901/ HTTP/1.1" 206 17813 "-" "facebookexternalhit/1.1 (+http://www.facebook.com/externalhit_uatext.php)"
167.172.149.128 - - [30/Jun/2021:02:57:53 -0400] "GET /wp-login.php HTTP/1.1" 200 7773 "-" "Mozilla/5.0 (X11; Ubuntu; Linux x86_64; rv:62.0) Gecko/20100101 Firefox/62.0"
167.172.149.128 - - [30/Jun/2021:02:57:53 -0400] "POST /wp-login.php HTTP/1.1" 200 7864 "-" "Mozilla/5.0 (X11; Ubuntu; Linux x86_64; rv:62.0) Gecko/20100101 Firefox/62.0"
167.172.149.128 - - [30/Jun/2021:02:57:55 -0400] "POST /xmlrpc.php HTTP/1.1" 200 5020 "-" "Mozilla/5.0 (X11; Ubuntu; Linux x86_64; rv:62.0) Gecko/20100101 Firefox/62.0"
157.55.39.22 - - [30/Jun/2021:02:58:01 -0400] "GET /wp-content/uploads/2018/09/picture-65-768x986.jpg HTTP/1.1" 200 109843 "-" "Mozilla/5.0 (compatible; bingbot/2.0; +http://www.bing.com/bingbot.htm)"
204.48.19.85 - - [30/Jun/2021:03:02:15 -0400] "POST /wp-cron.php?doing_wp_cron=1625036535.5539839267730712890625 HTTP/1.1" 200 5463 "https://ajhydell.com/wp-cron.php?doing_wp_cron=1625036535.5539839267730712890625" "WordPress/5.7.2; https://ajhydell.com"
192.241.222.105 - - [30/Jun/2021:03:02:15 -0400] "GET /actuator/health HTTP/1.1" 404 62820 "-" "Mozilla/5.0 zgrab/0.x"
204.48.19.85 - - [30/Jun/2021:03:02:59 -0400] "POST /wp-cron.php?doing_wp_cron=1625036579.4238259792327880859375 HTTP/1.1" 200 5463 "https://ajhydell.com/wp-cron.php?doing_wp_cron=1625036579.4238259792327880859375" "WordPress/5.7.2; https://ajhydell.com"
54.36.149.36 - - [30/Jun/2021:03:02:59 -0400] "GET /2021/03/14/a-crew-member-inspects-the-flak-damage-to-his-b29-after-a-raid-on-tokyo-april-1945-652x514/ HTTP/1.1" 200 18106 "-" "Mozilla/5.0 (compatible; AhrefsBot/7.0; +http://ahrefs.com/robot/)"
157.55.39.134 - - [30/Jun/2021:03:04:04 -0400] "GET /wp-content/uploads/2019/09/picture-57.jpg HTTP/1.1" 200 46097 "-" "Mozilla/5.0 (compatible; bingbot/2.0; +http://www.bing.com/bingbot.htm)"
204.48.19.85 - - [30/Jun/2021:03:04:04 -0400] "POST /wp-cron.php?doing_wp_cron=1625036644.6735429763793945312500 HTTP/1.1" 200 5463 "https://ajhydell.com/wp-cron.php?doing_wp_cron=1625036644.6735429763793945312500" "WordPress/5.7.2; https://ajhydell.com"
185.191.171.34 - - [30/Jun/2021:03:04:04 -0400] "GET /2020/08/15/polish-troops-at-the-battle-of-warsaw-1920-1200-x-724/ HTTP/1.1" 200 18052 "-" "Mozilla/5.0 (compatible; SemrushBot/7~bl; +http://www.semrush.com/bot.html)"
103.1.239.126 - - [30/Jun/2021:03:04:07 -0400] "GET /wp-login.php HTTP/1.1" 200 7774 "-" "Mozilla/5.0 (X11; Ubuntu; Linux x86_64; rv:62.0) Gecko/20100101 Firefox/62.0"
103.1.239.126 - - [30/Jun/2021:03:04:09 -0400] "POST /wp-login.php HTTP/1.1" 200 7863 "-" "Mozilla/5.0 (X11; Ubuntu; Linux x86_64; rv:62.0) Gecko/20100101 Firefox/62.0"
103.1.239.126 - - [30/Jun/2021:03:04:11 -0400] "POST /xmlrpc.php HTTP/1.1" 503 23196 "-" "Mozilla/5.0 (X11; Ubuntu; Linux x86_64; rv:62.0) Gecko/20100101 Firefox/62.0"
204.48.19.85 - - [30/Jun/2021:03:06:39 -0400] "POST /wp-cron.php?doing_wp_cron=1625036799.1383450031280517578125 HTTP/1.1" 200 5463 "https://ajhydell.com/wp-cron.php?doing_wp_cron=1625036799.1383450031280517578125" "WordPress/5.7.2; https://ajhydell.com"
66.249.70.112 - - [30/Jun/2021:03:06:38 -0400] "GET /2021/06/27/jewish-soldiers-from-the-german-and-austro-hungarian-empire-celebrating-hanukkah-1916/ HTTP/1.1" 200 18261 "-" "Mozilla/5.0 (Linux; Android 6.0.1; Nexus 5X Build/MMB29P) AppleWebKit/537.36 (KHTML, like Gecko) Chrome/91.0.4472.90 Mobile Safari/537.36 (compatible; Googlebot/2.1; +http://www.google.com/bot.html)"
204.48.19.85 - - [30/Jun/2021:03:06:50 -0400] "POST /wp-cron.php?doing_wp_cron=1625036810.8899090290069580078125 HTTP/1.1" 200 5463 "https://ajhydell.com/wp-cron.php?doing_wp_cron=1625036810.8899090290069580078125" "WordPress/5.7.2; https://ajhydell.com"
185.191.171.36 - - [30/Jun/2021:03:06:50 -0400] "GET /2019/11/27/ HTTP/1.1" 200 17648 "-" "Mozilla/5.0 (compatible; SemrushBot/7~bl; +http://www.semrush.com/bot.html)"
66.249.70.114 - - [30/Jun/2021:03:09:33 -0400] "GET /wp-content/uploads/2019/08/picture-90.jpg HTTP/1.1" 200 75538 "-" "Googlebot-Image/1.0"
204.48.19.85 - - [30/Jun/2021:03:09:45 -0400] "POST /wp-cron.php?doing_wp_cron=1625036985.7594740390777587890625 HTTP/1.1" 200 5463 "https://ajhydell.com/wp-cron.php?doing_wp_cron=1625036985.7594740390777587890625" "WordPress/5.7.2; https://ajhydell.com"
54.36.148.75 - - [30/Jun/2021:03:09:45 -0400] "GET /2021/05/24/a-holed-up-german-overlooked-in-initial-mopping-up-emerges-from-hide-out-and-surrenders-to-lt-rogers-and-his-night-raiders-of-the-1st-battalion-407th-infantry-regiment-us-102nd-infantry-divisi/ HTTP/1.1" 200 18449 "-" "Mozilla/5.0 (compatible; AhrefsBot/7.0; +http://ahrefs.com/robot/)"
5.9.156.20 - - [30/Jun/2021:03:09:53 -0400] "GET /robots.txt HTTP/1.1" 200 5233 "-" "Mozilla/5.0 (compatible; MJ12bot/v1.4.8; http://mj12bot.com/)"
5.9.156.20 - - [30/Jun/2021:03:09:56 -0400] "GET /2020/03/page/8/ HTTP/1.1" 200 13936 "-" "Mozilla/5.0 (compatible; MJ12bot/v1.4.8; http://mj12bot.com/)"
5.9.156.20 - - [30/Jun/2021:03:09:59 -0400] "GET /2020/11/page/3/ HTTP/1.1" 200 13710 "-" "Mozilla/5.0 (compatible; MJ12bot/v1.4.8; http://mj12bot.com/)"
5.9.156.20 - - [30/Jun/2021:03:10:03 -0400] "GET /2021/01/21/ HTTP/1.1" 200 12863 "-" "Mozilla/5.0 (compatible; MJ12bot/v1.4.8; http://mj12bot.com/)"
5.9.156.20 - - [30/Jun/2021:03:10:08 -0400] "GET /2021/06/29/frances-fault-germany-1940-illustrierter-beobachter-magazine-of-the-nsdap/ HTTP/1.1" 200 12635 "-" "Mozilla/5.0 (compatible; MJ12bot/v1.4.8; http://mj12bot.com/)"
5.9.156.20 - - [30/Jun/2021:03:10:11 -0400] "GET /2021/06/29/milk-for-summer-thirst-milk-for-warmth-u-s-wpa-posters-from-1940-1941/feed/ HTTP/1.1" 200 1145 "-" "Mozilla/5.0 (compatible; MJ12bot/v1.4.8; http://mj12bot.com/)"
5.9.156.20 - - [30/Jun/2021:03:10:14 -0400] "GET /2021/06/29/nato-1980-by-kykryniksy/feed/ HTTP/1.1" 200 1094 "-" "Mozilla/5.0 (compatible; MJ12bot/v1.4.8; http://mj12bot.com/)"
204.48.19.85 - - [30/Jun/2021:03:11:34 -0400] "POST /wp-cron.php?doing_wp_cron=1625037094.2651200294494628906250 HTTP/1.1" 200 232 "http://ajhydell.com/wp-cron.php?doing_wp_cron=1625037094.2651200294494628906250" "WordPress/5.7.2; https://ajhydell.com"
216.244.66.250 - - [30/Jun/2021:03:11:34 -0400] "GET /robots.txt HTTP/1.1" 301 297 "-" "Mozilla/5.0 (compatible; DotBot/1.2; +https://opensiteexplorer.org/dotbot; help@moz.com)"
216.244.66.250 - - [30/Jun/2021:03:11:34 -0400] "GET /robots.txt HTTP/1.1" 200 5027 "-" "Mozilla/5.0 (compatible; DotBot/1.2; +https://opensiteexplorer.org/dotbot; help@moz.com)"
207.46.13.80 - - [30/Jun/2021:03:13:27 -0400] "GET /wp-content/uploads/2020/08/picture-13-1536x1033.jpg HTTP/1.1" 200 2448391 "-" "Mozilla/5.0 (compatible; bingbot/2.0; +http://www.bing.com/bingbot.htm)"
204.48.19.85 - - [30/Jun/2021:03:14:11 -0400] "POST /wp-cron.php?doing_wp_cron=1625037251.8776628971099853515625 HTTP/1.1" 200 5463 "https://ajhydell.com/wp-cron.php?doing_wp_cron=1625037251.8776628971099853515625" "WordPress/5.7.2; https://ajhydell.com"
52.62.225.61 - - [30/Jun/2021:03:14:11 -0400] "GET /wp-login.php HTTP/1.1" 200 7773 "-" "Mozilla/5.0 (X11; Ubuntu; Linux x86_64; rv:62.0) Gecko/20100101 Firefox/62.0"
52.62.225.61 - - [30/Jun/2021:03:14:12 -0400] "POST /wp-login.php HTTP/1.1" 200 7863 "-" "Mozilla/5.0 (X11; Ubuntu; Linux x86_64; rv:62.0) Gecko/20100101 Firefox/62.0"
52.62.225.61 - - [30/Jun/2021:03:14:13 -0400] "POST /xmlrpc.php HTTP/1.1" 200 5020 "-" "Mozilla/5.0 (X11; Ubuntu; Linux x86_64; rv:62.0) Gecko/20100101 Firefox/62.0"
204.48.19.85 - - [30/Jun/2021:03:15:41 -0400] "POST /wp-cron.php?doing_wp_cron=1625037341.6980888843536376953125 HTTP/1.1" 200 5463 "https://ajhydell.com/wp-cron.php?doing_wp_cron=1625037341.6980888843536376953125" "WordPress/5.7.2; https://ajhydell.com"
23.100.232.233 - - [30/Jun/2021:03:15:41 -0400] "GET /2019/11/26/the-last-hussar-august-von-mackensengerman-field-marshal-in-world-war-i-in-leib-husaren-regiment-uniform-circa-1914-720x1104/ HTTP/1.1" 200 17237 "-" "Mozilla/5.0 (compatible; MSIE 9.0; Windows NT 6.0; Trident/5.0;  Trident/5.0)"
23.100.232.233 - - [30/Jun/2021:03:15:42 -0400] "GET /wp-content/plugins/add-expires-headers/cache/0/com/processed-header-f16a8d323e83e1bc1b76514e283fb81b7090a959.min.css HTTP/1.1" 200 52893 "https://ajhydell.com/2019/11/26/the-last-hussar-august-von-mackensengerman-field-marshal-in-world-war-i-in-leib-husaren-regiment-uniform-circa-1914-720x1104/" "Mozilla/5.0 (compatible; MSIE 9.0; Windows NT 6.0; Trident/5.0;  Trident/5.0)"
23.100.232.233 - - [30/Jun/2021:03:15:42 -0400] "GET /wp-content/plugins/google-analytics-for-wordpress/assets/js/frontend-gtag.min.js?ver=7.17.0 HTTP/1.1" 200 3476 "https://ajhydell.com/2019/11/26/the-last-hussar-august-von-mackensengerman-field-marshal-in-world-war-i-in-leib-husaren-regiment-uniform-circa-1914-720x1104/" "Mozilla/5.0 (compatible; MSIE 9.0; Windows NT 6.0; Trident/5.0;  Trident/5.0)"
23.100.232.233 - - [30/Jun/2021:03:15:42 -0400] "GET /wp-includes/js/jquery/jquery.min.js?ver=3.5.1 HTTP/1.1" 200 31550 "https://ajhydell.com/2019/11/26/the-last-hussar-august-von-mackensengerman-field-marshal-in-world-war-i-in-leib-husaren-regiment-uniform-circa-1914-720x1104/" "Mozilla/5.0 (compatible; MSIE 9.0; Windows NT 6.0; Trident/5.0;  Trident/5.0)"
23.100.232.233 - - [30/Jun/2021:03:15:42 -0400] "GET /wp-includes/js/jquery/jquery-migrate.min.js?ver=3.3.2 HTTP/1.1" 200 4687 "https://ajhydell.com/2019/11/26/the-last-hussar-august-von-mackensengerman-field-marshal-in-world-war-i-in-leib-husaren-regiment-uniform-circa-1914-720x1104/" "Mozilla/5.0 (compatible; MSIE 9.0; Windows NT 6.0; Trident/5.0;  Trident/5.0)"
23.100.232.233 - - [30/Jun/2021:03:15:43 -0400] "GET /wp-includes/js/wp-emoji-release.min.js?ver=5.7.2 HTTP/1.1" 200 5183 "https://ajhydell.com/2019/11/26/the-last-hussar-august-von-mackensengerman-field-marshal-in-world-war-i-in-leib-husaren-regiment-uniform-circa-1914-720x1104/" "Mozilla/5.0 (compatible; MSIE 9.0; Windows NT 6.0; Trident/5.0;  Trident/5.0)"
23.100.232.233 - - [30/Jun/2021:03:15:43 -0400] "GET /wp-content/plugins/wp-smushit/app/assets/js/smush-lazy-load.min.js?ver=3.8.7 HTTP/1.1" 200 4207 "https://ajhydell.com/2019/11/26/the-last-hussar-august-von-mackensengerman-field-marshal-in-world-war-i-in-leib-husaren-regiment-uniform-circa-1914-720x1104/" "Mozilla/5.0 (compatible; MSIE 9.0; Windows NT 6.0; Trident/5.0;  Trident/5.0)"
