107.77.230.93 - - [10/Jul/2021:00:20:42 -0400] "GET /wp-content/plugins/facebook-pagelike-widget/fb.js?ver=1.0 HTTP/1.1" 200 810 "https://ajhydell.com/2020/12/06/chinese-resistance-fighter-cheng-benhua-moments-before-she-was-bayoneted-to-death-by-japanese-soldiers-in-1939/" "Mozilla/5.0 (Linux; Android 9) AppleWebKit/537.36 (KHTML, like Gecko) Version/4.0 Chrome/86.0.4240.185 Mobile DuckDuckGo/5 Safari/537.36"
107.77.230.93 - - [10/Jul/2021:00:20:42 -0400] "GET /wp-includes/js/wp-embed.min.js?ver=5.7.2 HTTP/1.1" 200 1209 "https://ajhydell.com/2020/12/06/chinese-resistance-fighter-cheng-benhua-moments-before-she-was-bayoneted-to-death-by-japanese-soldiers-in-1939/" "Mozilla/5.0 (Linux; Android 9) AppleWebKit/537.36 (KHTML, like Gecko) Version/4.0 Chrome/86.0.4240.185 Mobile DuckDuckGo/5 Safari/537.36"
107.77.230.93 - - [10/Jul/2021:00:20:42 -0400] "GET /wp-includes/js/wp-emoji-release.min.js?ver=5.7.2 HTTP/1.1" 200 5152 "https://ajhydell.com/2020/12/06/chinese-resistance-fighter-cheng-benhua-moments-before-she-was-bayoneted-to-death-by-japanese-soldiers-in-1939/" "Mozilla/5.0 (Linux; Android 9) AppleWebKit/537.36 (KHTML, like Gecko) Version/4.0 Chrome/86.0.4240.185 Mobile DuckDuckGo/5 Safari/537.36"
107.77.230.93 - - [10/Jul/2021:00:20:42 -0400] "GET /wp-content/themes/royal-magazine/assets/libraries/ionicons/fonts/ionicons.ttf HTTP/1.1" 200 189155 "https://ajhydell.com/wp-content/plugins/add-expires-headers/cache/0/com/processed-header-f16a8d323e83e1bc1b76514e283fb81b7090a959.min.css" "Mozilla/5.0 (Linux; Android 9) AppleWebKit/537.36 (KHTML, like Gecko) Version/4.0 Chrome/86.0.4240.185 Mobile DuckDuckGo/5 Safari/537.36"
107.77.230.93 - - [10/Jul/2021:00:20:43 -0400] "GET /wp-content/uploads/2018/08/cropped-logo-192x192.jpg HTTP/1.1" 200 9756 "https://ajhydell.com/2020/12/06/chinese-resistance-fighter-cheng-benhua-moments-before-she-was-bayoneted-to-death-by-japanese-soldiers-in-1939/" "Mozilla/5.0 (Linux; Android 9) AppleWebKit/537.36 (KHTML, like Gecko) Version/4.0 Chrome/86.0.4240.185 Mobile DuckDuckGo/5 Safari/537.36"
107.77.230.93 - - [10/Jul/2021:00:20:43 -0400] "GET /wp-content/uploads/2018/08/cropped-logo-32x32.jpg HTTP/1.1" 200 1314 "https://ajhydell.com/2020/12/06/chinese-resistance-fighter-cheng-benhua-moments-before-she-was-bayoneted-to-death-by-japanese-soldiers-in-1939/" "Mozilla/5.0 (Linux; Android 9) AppleWebKit/537.36 (KHTML, like Gecko) Version/4.0 Chrome/86.0.4240.185 Mobile DuckDuckGo/5 Safari/537.36"
107.77.230.93 - - [10/Jul/2021:00:20:44 -0400] "GET /favicon.ico HTTP/1.1" 302 6022 "-" "Dalvik/2.1.0 (Linux; U; Android 9; SM-N950U Build/PPR1.180610.011)"
107.77.230.93 - - [10/Jul/2021:00:20:44 -0400] "GET /wp-content/uploads/2018/08/cropped-logo-32x32.jpg HTTP/1.1" 200 1313 "-" "Dalvik/2.1.0 (Linux; U; Android 9; SM-N950U Build/PPR1.180610.011)"
107.77.230.93 - - [10/Jul/2021:00:20:44 -0400] "GET /?wordfence_lh=1&hid=5FEB23B7C8C8674069756829EF5A7381&r=0.12872046051000474 HTTP/1.1" 200 347 "https://ajhydell.com/2020/12/06/chinese-resistance-fighter-cheng-benhua-moments-before-she-was-bayoneted-to-death-by-japanese-soldiers-in-1939/" "Mozilla/5.0 (Linux; Android 9) AppleWebKit/537.36 (KHTML, like Gecko) Version/4.0 Chrome/86.0.4240.185 Mobile DuckDuckGo/5 Safari/537.36"
107.77.230.93 - - [10/Jul/2021:00:20:45 -0400] "GET /wp-content/uploads/2020/12/picture-26.jpg HTTP/1.1" 200 76608 "https://ajhydell.com/2020/12/06/chinese-resistance-fighter-cheng-benhua-moments-before-she-was-bayoneted-to-death-by-japanese-soldiers-in-1939/" "Mozilla/5.0 (Linux; Android 9) AppleWebKit/537.36 (KHTML, like Gecko) Version/4.0 Chrome/86.0.4240.185 Mobile DuckDuckGo/5 Safari/537.36"
204.48.19.85 - - [10/Jul/2021:00:21:12 -0400] "POST /wp-cron.php?doing_wp_cron=1625890872.7112851142883300781250 HTTP/1.1" 200 6295 "https://ajhydell.com/wp-cron.php?doing_wp_cron=1625890872.7112851142883300781250" "WordPress/5.7.2; https://ajhydell.com"
114.119.132.183 - - [10/Jul/2021:00:21:12 -0400] "GET /2020/09/29/a-collection-point-of-marine-weapons-and-gear-waiting-for-repairs-iwo-jima HTTP/1.1" 301 5837 "-" "Mozilla/5.0 (Linux; Android 7.0;) AppleWebKit/537.36 (KHTML, like Gecko) Mobile Safari/537.36 (compatible; PetalBot;+https://webmaster.petalsearch.com/site/petalbot)"
114.119.132.183 - - [10/Jul/2021:00:21:13 -0400] "GET /2020/09/29/a-collection-point-of-marine-weapons-and-gear-waiting-for-repairs-iwo-jima/ HTTP/1.1" 200 13146 "-" "Mozilla/5.0 (Linux; Android 7.0;) AppleWebKit/537.36 (KHTML, like Gecko) Mobile Safari/537.36 (compatible; PetalBot;+https://webmaster.petalsearch.com/site/petalbot)"
207.46.13.147 - - [10/Jul/2021:00:21:46 -0400] "GET /wp-content/uploads/2020/11/picture-53.jpg HTTP/1.1" 200 1182618 "-" "Mozilla/5.0 (compatible; bingbot/2.0; +http://www.bing.com/bingbot.htm)"
73.35.196.113 - - [10/Jul/2021:00:22:05 -0400] "GET /wp-content/uploads/2019/12/picture-29-745x1024.jpg HTTP/1.1" 200 162295 "https://www.bing.com/" "Mozilla/5.0 (iPhone; CPU iPhone OS 14_6 like Mac OS X) AppleWebKit/605.1.15 (KHTML, like Gecko) Version/14.1.1 Mobile/15E148 Safari/604.1"
204.48.19.85 - - [10/Jul/2021:00:22:45 -0400] "POST /wp-cron.php?doing_wp_cron=1625890965.5242600440979003906250 HTTP/1.1" 200 6295 "https://ajhydell.com/wp-cron.php?doing_wp_cron=1625890965.5242600440979003906250" "WordPress/5.7.2; https://ajhydell.com"
114.119.145.169 - - [10/Jul/2021:00:22:45 -0400] "GET /author/aj/page/43 HTTP/1.1" 301 5724 "-" "Mozilla/5.0 (Linux; Android 7.0;) AppleWebKit/537.36 (KHTML, like Gecko) Mobile Safari/537.36 (compatible; PetalBot;+https://webmaster.petalsearch.com/site/petalbot)"
114.119.145.169 - - [10/Jul/2021:00:22:48 -0400] "GET /author/aj/page/43/ HTTP/1.1" 200 14850 "-" "Mozilla/5.0 (Linux; Android 7.0;) AppleWebKit/537.36 (KHTML, like Gecko) Mobile Safari/537.36 (compatible; PetalBot;+https://webmaster.petalsearch.com/site/petalbot)"
207.46.13.67 - - [10/Jul/2021:00:24:01 -0400] "GET /wp-content/uploads/2020/12/picture-33.jpg HTTP/1.1" 200 126995 "-" "Mozilla/5.0 (compatible; bingbot/2.0; +http://www.bing.com/bingbot.htm)"
204.48.19.85 - - [10/Jul/2021:00:25:47 -0400] "POST /wp-cron.php?doing_wp_cron=1625891147.4119689464569091796875 HTTP/1.1" 200 6295 "https://ajhydell.com/wp-cron.php?doing_wp_cron=1625891147.4119689464569091796875" "WordPress/5.7.2; https://ajhydell.com"
114.119.156.206 - - [10/Jul/2021:00:25:47 -0400] "GET /2020/08/05 HTTP/1.1" 301 5717 "-" "Mozilla/5.0 (Linux; Android 7.0;) AppleWebKit/537.36 (KHTML, like Gecko) Mobile Safari/537.36 (compatible; PetalBot;+https://webmaster.petalsearch.com/site/petalbot)"
114.119.156.206 - - [10/Jul/2021:00:25:48 -0400] "GET /2020/08/05/ HTTP/1.1" 200 13055 "-" "Mozilla/5.0 (Linux; Android 7.0;) AppleWebKit/537.36 (KHTML, like Gecko) Mobile Safari/537.36 (compatible; PetalBot;+https://webmaster.petalsearch.com/site/petalbot)"
40.77.167.77 - - [10/Jul/2021:00:25:53 -0400] "GET /wp-content/uploads/2019/06/picture-54.jpg HTTP/1.1" 200 864300 "-" "Mozilla/5.0 (compatible; bingbot/2.0; +http://www.bing.com/bingbot.htm)"
185.40.4.126 - - [10/Jul/2021:00:25:55 -0400] "GET / HTTP/1.1" 200 104345 "-" "-"
207.46.13.113 - - [10/Jul/2021:00:25:59 -0400] "GET /2020/02/21/liberian-psa-against-child-sexual-abuse-2000s/ HTTP/1.1" 200 18543 "-" "Mozilla/5.0 (compatible; bingbot/2.0; +http://www.bing.com/bingbot.htm)"
5.255.253.148 - - [10/Jul/2021:00:26:17 -0400] "GET /2020/03/22/ HTTP/1.1" 200 18732 "-" "Mozilla/5.0 (compatible; YandexBot/3.0; +http://yandex.com/bots)"
207.46.13.147 - - [10/Jul/2021:00:26:27 -0400] "GET /wp-content/uploads/2019/12/picture-27.jpg HTTP/1.1" 200 112619 "-" "Mozilla/5.0 (compatible; bingbot/2.0; +http://www.bing.com/bingbot.htm)"
17.121.113.204 - - [10/Jul/2021:00:26:32 -0400] "GET /2019/08/30/silent-film-starlet-lillian-gish-on-the-set-of-her-1927-dramatic-film-annie-laurie/ HTTP/1.1" 200 18393 "-" "Mozilla/5.0 (Macintosh; Intel Mac OS X 10_15_5) AppleWebKit/605.1.15 (KHTML, like Gecko) Version/13.1.1 Safari/605.1.15 (Applebot/0.1; +http://www.apple.com/go/applebot)"
204.48.19.85 - - [10/Jul/2021:00:26:56 -0400] "POST /wp-cron.php?doing_wp_cron=1625891216.7112519741058349609375 HTTP/1.1" 200 6295 "https://ajhydell.com/wp-cron.php?doing_wp_cron=1625891216.7112519741058349609375" "WordPress/5.7.2; https://ajhydell.com"
54.36.148.117 - - [10/Jul/2021:00:26:56 -0400] "GET /page/98/ HTTP/1.1" 200 21281 "-" "Mozilla/5.0 (compatible; AhrefsBot/7.0; +http://ahrefs.com/robot/)"
40.77.167.81 - - [10/Jul/2021:00:27:04 -0400] "GET /wp-content/uploads/2020/09/picture-55.jpg HTTP/1.1" 200 328209 "-" "Mozilla/5.0 (compatible; bingbot/2.0; +http://www.bing.com/bingbot.htm)"
204.48.19.85 - - [10/Jul/2021:00:28:02 -0400] "POST /wp-cron.php?doing_wp_cron=1625891282.5917980670928955078125 HTTP/1.1" 200 6295 "https://ajhydell.com/wp-cron.php?doing_wp_cron=1625891282.5917980670928955078125" "WordPress/5.7.2; https://ajhydell.com"
23.100.232.233 - - [10/Jul/2021:00:28:02 -0400] "GET /2021/03/08/anti-electricity-cartoon-1900/ HTTP/1.1" 200 18101 "-" "Mozilla/5.0 (compatible; MSIE 9.0; Windows NT 6.1; Trident/5.0;  Trident/5.0)"
23.100.232.233 - - [10/Jul/2021:00:28:03 -0400] "GET /wp-content/plugins/google-analytics-for-wordpress/assets/js/frontend-gtag.min.js?ver=7.17.0 HTTP/1.1" 200 3327 "https://ajhydell.com/2021/03/08/anti-electricity-cartoon-1900/" "Mozilla/5.0 (compatible; MSIE 9.0; Windows NT 6.1; Trident/5.0;  Trident/5.0)"
23.100.232.233 - - [10/Jul/2021:00:28:03 -0400] "GET /wp-includes/js/jquery/jquery.min.js?ver=3.5.1 HTTP/1.1" 200 31550 "https://ajhydell.com/2021/03/08/anti-electricity-cartoon-1900/" "Mozilla/5.0 (compatible; MSIE 9.0; Windows NT 6.1; Trident/5.0;  Trident/5.0)"
23.100.232.233 - - [10/Jul/2021:00:28:03 -0400] "GET /wp-content/plugins/add-expires-headers/cache/0/com/processed-header-f16a8d323e83e1bc1b76514e283fb81b7090a959.min.css HTTP/1.1" 200 53042 "https://ajhydell.com/2021/03/08/anti-electricity-cartoon-1900/" "Mozilla/5.0 (compatible; MSIE 9.0; Windows NT 6.1; Trident/5.0;  Trident/5.0)"
23.100.232.233 - - [10/Jul/2021:00:28:03 -0400] "GET /wp-includes/js/jquery/jquery-migrate.min.js?ver=3.3.2 HTTP/1.1" 200 4687 "https://ajhydell.com/2021/03/08/anti-electricity-cartoon-1900/" "Mozilla/5.0 (compatible; MSIE 9.0; Windows NT 6.1; Trident/5.0;  Trident/5.0)"
23.100.232.233 - - [10/Jul/2021:00:28:04 -0400] "GET /wp-includes/js/wp-emoji-release.min.js?ver=5.7.2 HTTP/1.1" 200 5183 "https://ajhydell.com/2021/03/08/anti-electricity-cartoon-1900/" "Mozilla/5.0 (compatible; MSIE 9.0; Windows NT 6.1; Trident/5.0;  Trident/5.0)"
23.100.232.233 - - [10/Jul/2021:00:28:04 -0400] "GET /wp-content/plugins/wp-smushit/app/assets/js/smush-lazy-load.min.js?ver=3.8.7 HTTP/1.1" 200 4207 "https://ajhydell.com/2021/03/08/anti-electricity-cartoon-1900/" "Mozilla/5.0 (compatible; MSIE 9.0; Windows NT 6.1; Trident/5.0;  Trident/5.0)"
23.100.232.233 - - [10/Jul/2021:00:28:05 -0400] "GET /wp-content/themes/royal-magazine/js/navigation.js?ver=20151215 HTTP/1.1" 200 1349 "https://ajhydell.com/2021/03/08/anti-electricity-cartoon-1900/" "Mozilla/5.0 (compatible; MSIE 9.0; Windows NT 6.1; Trident/5.0;  Trident/5.0)"
23.100.232.233 - - [10/Jul/2021:00:28:05 -0400] "GET /wp-content/themes/royal-magazine/js/skip-link-focus-fix.js?ver=20151215 HTTP/1.1" 200 933 "https://ajhydell.com/2021/03/08/anti-electricity-cartoon-1900/" "Mozilla/5.0 (compatible; MSIE 9.0; Windows NT 6.1; Trident/5.0;  Trident/5.0)"
23.100.232.233 - - [10/Jul/2021:00:28:05 -0400] "GET /wp-content/themes/royal-magazine/assets/libraries/bootstrap/js/bootstrap.min.js?ver=5.7.2 HTTP/1.1" 200 10404 "https://ajhydell.com/2021/03/08/anti-electricity-cartoon-1900/" "Mozilla/5.0 (compatible; MSIE 9.0; Windows NT 6.1; Trident/5.0;  Trident/5.0)"
23.100.232.233 - - [10/Jul/2021:00:28:05 -0400] "GET /wp-content/themes/royal-magazine/assets/libraries/marquee/jquery.marquee.js?ver=5.7.2 HTTP/1.1" 200 5103 "https://ajhydell.com/2021/03/08/anti-electricity-cartoon-1900/" "Mozilla/5.0 (compatible; MSIE 9.0; Windows NT 6.1; Trident/5.0;  Trident/5.0)"
23.100.232.233 - - [10/Jul/2021:00:28:05 -0400] "GET /wp-content/themes/royal-magazine/assets/twp/js/custom-script.js?ver=5.7.2 HTTP/1.1" 200 3023 "https://ajhydell.com/2021/03/08/anti-electricity-cartoon-1900/" "Mozilla/5.0 (compatible; MSIE 9.0; Windows NT 6.1; Trident/5.0;  Trident/5.0)"
23.100.232.233 - - [10/Jul/2021:00:28:05 -0400] "GET /wp-content/themes/royal-magazine/assets/libraries/magnific-popup/jquery.magnific-popup.min.js?ver=5.7.2 HTTP/1.1" 200 7871 "https://ajhydell.com/2021/03/08/anti-electricity-cartoon-1900/" "Mozilla/5.0 (compatible; MSIE 9.0; Windows NT 6.1; Trident/5.0;  Trident/5.0)"
23.100.232.233 - - [10/Jul/2021:00:28:06 -0400] "GET /wp-content/themes/royal-magazine/assets/libraries/slick/js/slick.min.js?ver=5.7.2 HTTP/1.1" 200 10740 "https://ajhydell.com/2021/03/08/anti-electricity-cartoon-1900/" "Mozilla/5.0 (compatible; MSIE 9.0; Windows NT 6.1; Trident/5.0;  Trident/5.0)"
23.100.232.233 - - [10/Jul/2021:00:28:06 -0400] "GET /wp-content/plugins/facebook-pagelike-widget/fb.js?ver=1.0 HTTP/1.1" 200 821 "https://ajhydell.com/2021/03/08/anti-electricity-cartoon-1900/" "Mozilla/5.0 (compatible; MSIE 9.0; Windows NT 6.1; Trident/5.0;  Trident/5.0)"
23.100.232.233 - - [10/Jul/2021:00:28:06 -0400] "GET /wp-includes/js/wp-embed.min.js?ver=5.7.2 HTTP/1.1" 200 1221 "https://ajhydell.com/2021/03/08/anti-electricity-cartoon-1900/" "Mozilla/5.0 (compatible; MSIE 9.0; Windows NT 6.1; Trident/5.0;  Trident/5.0)"
23.100.232.233 - - [10/Jul/2021:00:28:06 -0400] "GET /wp-content/themes/royal-magazine/assets/libraries/theiaStickySidebar/theia-sticky-sidebar.min.js?ver=5.7.2 HTTP/1.1" 200 2271 "https://ajhydell.com/2021/03/08/anti-electricity-cartoon-1900/" "Mozilla/5.0 (compatible; MSIE 9.0; Windows NT 6.1; Trident/5.0;  Trident/5.0)"
204.48.19.85 - - [10/Jul/2021:00:29:13 -0400] "POST /wp-cron.php?doing_wp_cron=1625891353.1032090187072753906250 HTTP/1.1" 200 6295 "https://ajhydell.com/wp-cron.php?doing_wp_cron=1625891353.1032090187072753906250" "WordPress/5.7.2; https://ajhydell.com"
114.119.143.168 - - [10/Jul/2021:00:29:13 -0400] "GET /2021/04/04/mark-twain-1907-colourised-by-me-534x750 HTTP/1.1" 301 5803 "-" "Mozilla/5.0 (Linux; Android 7.0;) AppleWebKit/537.36 (KHTML, like Gecko) Mobile Safari/537.36 (compatible; PetalBot;+https://webmaster.petalsearch.com/site/petalbot)"
114.119.143.168 - - [10/Jul/2021:00:29:16 -0400] "GET /2021/04/04/mark-twain-1907-colourised-by-me-534x750/ HTTP/1.1" 200 13188 "-" "Mozilla/5.0 (Linux; Android 7.0;) AppleWebKit/537.36 (KHTML, like Gecko) Mobile Safari/537.36 (compatible; PetalBot;+https://webmaster.petalsearch.com/site/petalbot)"
204.48.19.85 - - [10/Jul/2021:00:29:55 -0400] "POST /wp-cron.php?doing_wp_cron=1625891395.9265758991241455078125 HTTP/1.1" 200 6295 "https://ajhydell.com/wp-cron.php?doing_wp_cron=1625891395.9265758991241455078125" "WordPress/5.7.2; https://ajhydell.com"
114.119.158.133 - - [10/Jul/2021:00:29:55 -0400] "GET /2020/01/09 HTTP/1.1" 301 5717 "-" "Mozilla/5.0 (Linux; Android 7.0;) AppleWebKit/537.36 (KHTML, like Gecko) Mobile Safari/537.36 (compatible; PetalBot;+https://webmaster.petalsearch.com/site/petalbot)"
114.119.158.133 - - [10/Jul/2021:00:29:56 -0400] "GET /2020/01/09/ HTTP/1.1" 200 13002 "-" "Mozilla/5.0 (Linux; Android 7.0;) AppleWebKit/537.36 (KHTML, like Gecko) Mobile Safari/537.36 (compatible; PetalBot;+https://webmaster.petalsearch.com/site/petalbot)"
184.22.53.160 - - [10/Jul/2021:00:30:28 -0400] "GET /wp-content/uploads/2018/10/picture-39.jpg HTTP/1.1" 200 300017 "https://www.google.co.th/" "Mozilla/5.0 (Macintosh; Intel Mac OS X 10_15_6) AppleWebKit/605.1.15 (KHTML, like Gecko) Version/14.1.1 Safari/605.1.15"
204.48.19.85 - - [10/Jul/2021:00:30:48 -0400] "POST /wp-cron.php?doing_wp_cron=1625891448.8702659606933593750000 HTTP/1.1" 200 6295 "https://ajhydell.com/wp-cron.php?doing_wp_cron=1625891448.8702659606933593750000" "WordPress/5.7.2; https://ajhydell.com"
192.99.37.116 - - [10/Jul/2021:00:30:48 -0400] "GET /robots.txt HTTP/1.1" 200 6065 "-" "Mozilla/5.0 (compatible; MJ12bot/v1.4.8; http://mj12bot.com/)"
66.249.66.132 - - [10/Jul/2021:00:30:51 -0400] "GET /2018/09/30/mother-of-four-by-gordon-parks-1950s/ HTTP/1.1" 200 18985 "-" "Mozilla/5.0 (Linux; Android 6.0.1; Nexus 5X Build/MMB29P) AppleWebKit/537.36 (KHTML, like Gecko) Chrome/91.0.4472.90 Mobile Safari/537.36 (compatible; Googlebot/2.1; +http://www.google.com/bot.html)"
157.55.39.62 - - [10/Jul/2021:00:30:57 -0400] "GET /wp-content/uploads/2020/02/picture-29-1024x743.jpg HTTP/1.1" 200 193321 "-" "Mozilla/5.0 (compatible; bingbot/2.0; +http://www.bing.com/bingbot.htm)"
114.119.138.170 - - [10/Jul/2021:00:31:14 -0400] "GET /2019/03/27/russian-soldier-befriending-a-cat-on-the-front-line-ca-1941-1945-473x700 HTTP/1.1" 301 5835 "-" "Mozilla/5.0 (Linux; Android 7.0;) AppleWebKit/537.36 (KHTML, like Gecko) Mobile Safari/537.36 (compatible; PetalBot;+https://webmaster.petalsearch.com/site/petalbot)"
114.119.138.170 - - [10/Jul/2021:00:31:15 -0400] "GET /2019/03/27/russian-soldier-befriending-a-cat-on-the-front-line-ca-1941-1945-473x700/ HTTP/1.1" 200 13109 "-" "Mozilla/5.0 (Linux; Android 7.0;) AppleWebKit/537.36 (KHTML, like Gecko) Mobile Safari/537.36 (compatible; PetalBot;+https://webmaster.petalsearch.com/site/petalbot)"
192.99.37.116 - - [10/Jul/2021:00:31:25 -0400] "GET /2021/07/09/a-m4a1-sherman-of-the-713th-tank-battalion-equipped-with-a-flamethrower-torches-the-entrance-to-a-cave-in-southern-okinawa-1945/ HTTP/1.1" 200 18479 "-" "Mozilla/5.0 (compatible; MJ12bot/v1.4.8; http://mj12bot.com/)"
192.99.37.116 - - [10/Jul/2021:00:31:33 -0400] "GET /2021/07/09/everyone-must-be-vaccinated-in-order-to-thwart-the-plans-of-the-american-imperialists-to-wage-biological-warfare-peoples-republic-of-china-1952/ HTTP/1.1" 200 18500 "-" "Mozilla/5.0 (compatible; MJ12bot/v1.4.8; http://mj12bot.com/)"
204.48.19.85 - - [10/Jul/2021:00:32:00 -0400] "POST /wp-cron.php?doing_wp_cron=1625891520.6284759044647216796875 HTTP/1.1" 200 6295 "https://ajhydell.com/wp-cron.php?doing_wp_cron=1625891520.6284759044647216796875" "WordPress/5.7.2; https://ajhydell.com"
192.99.37.116 - - [10/Jul/2021:00:32:00 -0400] "GET /2021/07/09/kiwi-pilots-of-488-nz-squadron-show-of-tail-fin-of-a-ki-46-dinah-the-first-japanese-aircraft-shot-down-over-singapore-jan-1942/ HTTP/1.1" 200 18545 "-" "Mozilla/5.0 (compatible; MJ12bot/v1.4.8; http://mj12bot.com/)"
114.119.145.169 - - [10/Jul/2021:00:32:18 -0400] "GET /2020/09/21/mafia-boss-joe-masseria-lays-dead-on-a-brooklyn-restaurant-floor-holding-the-ace-of-spades-1931-880-x-1130/ HTTP/1.1" 200 18618 "-" "Mozilla/5.0 (Linux; Android 7.0;) AppleWebKit/537.36 (KHTML, like Gecko) Mobile Safari/537.36 (compatible; PetalBot;+https://webmaster.petalsearch.com/site/petalbot)"
114.119.132.183 - - [10/Jul/2021:00:32:44 -0400] "GET /2020/08/01/ HTTP/1.1" 200 18281 "-" "Mozilla/5.0 (Linux; Android 7.0;) AppleWebKit/537.36 (KHTML, like Gecko) Mobile Safari/537.36 (compatible; PetalBot;+https://webmaster.petalsearch.com/site/petalbot)"
204.48.19.85 - - [10/Jul/2021:00:34:33 -0400] "POST /wp-cron.php?doing_wp_cron=1625891673.5653319358825683593750 HTTP/1.1" 200 6295 "https://ajhydell.com/wp-cron.php?doing_wp_cron=1625891673.5653319358825683593750" "WordPress/5.7.2; https://ajhydell.com"
114.119.138.170 - - [10/Jul/2021:00:34:33 -0400] "GET /2021/page/9 HTTP/1.1" 301 5718 "-" "Mozilla/5.0 (Linux; Android 7.0;) AppleWebKit/537.36 (KHTML, like Gecko) Mobile Safari/537.36 (compatible; PetalBot;+https://webmaster.petalsearch.com/site/petalbot)"
114.119.138.170 - - [10/Jul/2021:00:34:34 -0400] "GET /2021/page/9/ HTTP/1.1" 200 15025 "-" "Mozilla/5.0 (Linux; Android 7.0;) AppleWebKit/537.36 (KHTML, like Gecko) Mobile Safari/537.36 (compatible; PetalBot;+https://webmaster.petalsearch.com/site/petalbot)"
204.48.19.85 - - [10/Jul/2021:00:34:52 -0400] "POST /wp-cron.php?doing_wp_cron=1625891692.2860219478607177734375 HTTP/1.1" 200 6295 "https://ajhydell.com/wp-cron.php?doing_wp_cron=1625891692.2860219478607177734375" "WordPress/5.7.2; https://ajhydell.com"
114.119.132.183 - - [10/Jul/2021:00:34:52 -0400] "GET /2021/page/9 HTTP/1.1" 301 5718 "-" "Mozilla/5.0 (Linux; Android 7.0;) AppleWebKit/537.36 (KHTML, like Gecko) Mobile Safari/537.36 (compatible; PetalBot;+https://webmaster.petalsearch.com/site/petalbot)"
114.119.132.183 - - [10/Jul/2021:00:34:55 -0400] "GET /2021/page/9/ HTTP/1.1" 200 15026 "-" "Mozilla/5.0 (Linux; Android 7.0;) AppleWebKit/537.36 (KHTML, like Gecko) Mobile Safari/537.36 (compatible; PetalBot;+https://webmaster.petalsearch.com/site/petalbot)"
54.36.148.117 - - [10/Jul/2021:00:35:26 -0400] "GET /2021/07/04/grande-hotel-beira-mozambique-1960s-2000s-714x849/ HTTP/1.1" 200 19002 "-" "Mozilla/5.0 (compatible; AhrefsBot/7.0; +http://ahrefs.com/robot/)"
204.48.19.85 - - [10/Jul/2021:00:35:54 -0400] "POST /wp-cron.php?doing_wp_cron=1625891754.5336289405822753906250 HTTP/1.1" 200 6295 "https://ajhydell.com/wp-cron.php?doing_wp_cron=1625891754.5336289405822753906250" "WordPress/5.7.2; https://ajhydell.com"
207.46.13.67 - - [10/Jul/2021:00:35:54 -0400] "GET /2019/06/15/my-great-grandfather-is-on-the-right-taken-somewhere-in-germany-around-may-1945/ HTTP/1.1" 200 18884 "-" "Mozilla/5.0 (compatible; bingbot/2.0; +http://www.bing.com/bingbot.htm)"
114.119.138.170 - - [10/Jul/2021:00:36:09 -0400] "GET /2021/05/16/anti-burqa-and-beard-regulation-poster-in-xinjiang-2012-wear-traditional-clothes-and-strive-to-be-a-civilized-citizen/ HTTP/1.1" 200 18559 "-" "Mozilla/5.0 (Linux; Android 7.0;) AppleWebKit/537.36 (KHTML, like Gecko) Mobile Safari/537.36 (compatible; PetalBot;+https://webmaster.petalsearch.com/site/petalbot)"
207.46.13.70 - - [10/Jul/2021:00:36:36 -0400] "GET /2021/01/26/a-late-night-in-chicago-photo-bruce-davidson-1962/ HTTP/1.1" 200 18560 "-" "Mozilla/5.0 (compatible; bingbot/2.0; +http://www.bing.com/bingbot.htm)"
204.48.19.85 - - [10/Jul/2021:00:37:23 -0400] "POST /wp-cron.php?doing_wp_cron=1625891843.5949580669403076171875 HTTP/1.1" 200 6295 "https://ajhydell.com/wp-cron.php?doing_wp_cron=1625891843.5949580669403076171875" "WordPress/5.7.2; https://ajhydell.com"
40.77.167.77 - - [10/Jul/2021:00:37:23 -0400] "GET /2020/04/26/ HTTP/1.1" 200 18244 "-" "Mozilla/5.0 (compatible; bingbot/2.0; +http://www.bing.com/bingbot.htm)"
157.55.39.62 - - [10/Jul/2021:00:37:28 -0400] "GET /sitemap-pt-post-2021-07.xml HTTP/1.1" 200 9153 "-" "Mozilla/5.0 (compatible; bingbot/2.0; +http://www.bing.com/bingbot.htm)"
114.119.158.133 - - [10/Jul/2021:00:37:44 -0400] "GET /author/aj/page/4/ HTTP/1.1" 200 19750 "-" "Mozilla/5.0 (Linux; Android 7.0;) AppleWebKit/537.36 (KHTML, like Gecko) Mobile Safari/537.36 (compatible; PetalBot;+https://webmaster.petalsearch.com/site/petalbot)"
204.48.19.85 - - [10/Jul/2021:00:37:56 -0400] "POST /wp-cron.php?doing_wp_cron=1625891876.7625179290771484375000 HTTP/1.1" 200 6295 "https://ajhydell.com/wp-cron.php?doing_wp_cron=1625891876.7625179290771484375000" "WordPress/5.7.2; https://ajhydell.com"
45.151.248.94 - - [10/Jul/2021:00:37:56 -0400] "GET /wp-login.php HTTP/1.1" 200 8605 "-" "Mozilla/5.0 (X11; Ubuntu; Linux x86_64; rv:62.0) Gecko/20100101 Firefox/62.0"
45.151.248.94 - - [10/Jul/2021:00:37:59 -0400] "POST /wp-login.php HTTP/1.1" 200 8704 "-" "Mozilla/5.0 (X11; Ubuntu; Linux x86_64; rv:62.0) Gecko/20100101 Firefox/62.0"
45.151.248.94 - - [10/Jul/2021:00:38:21 -0400] "POST /xmlrpc.php HTTP/1.1" 200 5852 "-" "Mozilla/5.0 (X11; Ubuntu; Linux x86_64; rv:62.0) Gecko/20100101 Firefox/62.0"
204.48.19.85 - - [10/Jul/2021:00:39:37 -0400] "POST /wp-cron.php?doing_wp_cron=1625891977.6884469985961914062500 HTTP/1.1" 200 6295 "https://ajhydell.com/wp-cron.php?doing_wp_cron=1625891977.6884469985961914062500" "WordPress/5.7.2; https://ajhydell.com"
114.119.143.210 - - [10/Jul/2021:00:39:37 -0400] "GET /2021/01/09/the-protectors-of-our-industries-united-states-1883 HTTP/1.1" 301 5814 "-" "Mozilla/5.0 (Linux; Android 7.0;) AppleWebKit/537.36 (KHTML, like Gecko) Mobile Safari/537.36 (compatible; PetalBot;+https://webmaster.petalsearch.com/site/petalbot)"
114.119.143.210 - - [10/Jul/2021:00:39:39 -0400] "GET /2021/01/09/the-protectors-of-our-industries-united-states-1883/ HTTP/1.1" 200 13267 "-" "Mozilla/5.0 (Linux; Android 7.0;) AppleWebKit/537.36 (KHTML, like Gecko) Mobile Safari/537.36 (compatible; PetalBot;+https://webmaster.petalsearch.com/site/petalbot)"
204.48.19.85 - - [10/Jul/2021:00:40:06 -0400] "POST /wp-cron.php?doing_wp_cron=1625892006.5383820533752441406250 HTTP/1.1" 200 6295 "https://ajhydell.com/wp-cron.php?doing_wp_cron=1625892006.5383820533752441406250" "WordPress/5.7.2; https://ajhydell.com"
17.121.115.116 - - [10/Jul/2021:00:40:06 -0400] "GET /2019/04/07/workers-at-the-american-woolen-company-lawrence-massachusetts-1935-1103x695/ HTTP/1.1" 200 18322 "-" "Mozilla/5.0 (Macintosh; Intel Mac OS X 10_15_5) AppleWebKit/605.1.15 (KHTML, like Gecko) Version/13.1.1 Safari/605.1.15 (Applebot/0.1; +http://www.apple.com/go/applebot)"
204.48.19.85 - - [10/Jul/2021:00:41:40 -0400] "POST /wp-cron.php?doing_wp_cron=1625892100.8248250484466552734375 HTTP/1.1" 200 6295 "https://ajhydell.com/wp-cron.php?doing_wp_cron=1625892100.8248250484466552734375" "WordPress/5.7.2; https://ajhydell.com"
114.119.138.170 - - [10/Jul/2021:00:41:40 -0400] "GET /2019/05/page/4/ HTTP/1.1" 200 19122 "-" "Mozilla/5.0 (Linux; Android 7.0;) AppleWebKit/537.36 (KHTML, like Gecko) Mobile Safari/537.36 (compatible; PetalBot;+https://webmaster.petalsearch.com/site/petalbot)"
204.48.19.85 - - [10/Jul/2021:00:42:54 -0400] "POST /wp-cron.php?doing_wp_cron=1625892174.5998620986938476562500 HTTP/1.1" 200 6295 "https://ajhydell.com/wp-cron.php?doing_wp_cron=1625892174.5998620986938476562500" "WordPress/5.7.2; https://ajhydell.com"
114.119.156.206 - - [10/Jul/2021:00:42:54 -0400] "GET /author/aj/page/59/ HTTP/1.1" 200 19771 "-" "Mozilla/5.0 (Linux; Android 7.0;) AppleWebKit/537.36 (KHTML, like Gecko) Mobile Safari/537.36 (compatible; PetalBot;+https://webmaster.petalsearch.com/site/petalbot)"
54.36.148.117 - - [10/Jul/2021:00:43:12 -0400] "GET /2018/10/09/milwaukee-zoo-veterinarians-with-samson-the-gorilla-shortly-after-he-died-of-a-heart-attack-at-the-age-of-32-november-27-1981-595x628/ HTTP/1.1" 200 19221 "-" "Mozilla/5.0 (compatible; AhrefsBot/7.0; +http://ahrefs.com/robot/)"
204.48.19.85 - - [10/Jul/2021:00:44:31 -0400] "POST /wp-cron.php?doing_wp_cron=1625892271.4398560523986816406250 HTTP/1.1" 200 6295 "https://ajhydell.com/wp-cron.php?doing_wp_cron=1625892271.4398560523986816406250" "WordPress/5.7.2; https://ajhydell.com"
114.119.138.170 - - [10/Jul/2021:00:44:31 -0400] "GET /2020/09/page/5 HTTP/1.1" 301 5721 "-" "Mozilla/5.0 (Linux; Android 7.0;) AppleWebKit/537.36 (KHTML, like Gecko) Mobile Safari/537.36 (compatible; PetalBot;+https://webmaster.petalsearch.com/site/petalbot)"
114.119.138.170 - - [10/Jul/2021:00:44:32 -0400] "GET /2020/09/page/5/ HTTP/1.1" 200 14477 "-" "Mozilla/5.0 (Linux; Android 7.0;) AppleWebKit/537.36 (KHTML, like Gecko) Mobile Safari/537.36 (compatible; PetalBot;+https://webmaster.petalsearch.com/site/petalbot)"
204.48.19.85 - - [10/Jul/2021:00:45:40 -0400] "POST /wp-cron.php?doing_wp_cron=1625892340.1785979270935058593750 HTTP/1.1" 200 6295 "https://ajhydell.com/wp-cron.php?doing_wp_cron=1625892340.1785979270935058593750" "WordPress/5.7.2; https://ajhydell.com"
66.249.66.136 - - [10/Jul/2021:00:45:40 -0400] "GET /feed/ HTTP/1.1" 200 8478 "-" "Mozilla/5.0 (compatible; Googlebot/2.1; +http://www.google.com/bot.html)"
204.48.19.85 - - [10/Jul/2021:00:46:51 -0400] "POST /wp-cron.php?doing_wp_cron=1625892411.7366120815277099609375 HTTP/1.1" 200 6295 "https://ajhydell.com/wp-cron.php?doing_wp_cron=1625892411.7366120815277099609375" "WordPress/5.7.2; https://ajhydell.com"
114.119.151.146 - - [10/Jul/2021:00:46:51 -0400] "GET /2021/05/25/stop-hitlers-rabble-rousing-now-choose-hindenburg-1932-germany/ HTTP/1.1" 200 18400 "-" "Mozilla/5.0 (Linux; Android 7.0;) AppleWebKit/537.36 (KHTML, like Gecko) Mobile Safari/537.36 (compatible; PetalBot;+https://webmaster.petalsearch.com/site/petalbot)"
204.48.19.85 - - [10/Jul/2021:00:47:52 -0400] "POST /wp-cron.php?doing_wp_cron=1625892472.2436819076538085937500 HTTP/1.1" 200 6295 "https://ajhydell.com/wp-cron.php?doing_wp_cron=1625892472.2436819076538085937500" "WordPress/5.7.2; https://ajhydell.com"
114.119.143.210 - - [10/Jul/2021:00:47:52 -0400] "GET /2019/03/14/if-she-can-only-cook-as-honeywell-can-compute-1969/ HTTP/1.1" 200 18545 "-" "Mozilla/5.0 (Linux; Android 7.0;) AppleWebKit/537.36 (KHTML, like Gecko) Mobile Safari/537.36 (compatible; PetalBot;+https://webmaster.petalsearch.com/site/petalbot)"
204.48.19.85 - - [10/Jul/2021:00:48:47 -0400] "POST /wp-cron.php?doing_wp_cron=1625892527.1684169769287109375000 HTTP/1.1" 200 6295 "https://ajhydell.com/wp-cron.php?doing_wp_cron=1625892527.1684169769287109375000" "WordPress/5.7.2; https://ajhydell.com"
139.59.236.46 - - [10/Jul/2021:00:48:47 -0400] "GET /wp-login.php HTTP/1.1" 200 8604 "-" "Mozilla/5.0 (X11; Ubuntu; Linux x86_64; rv:62.0) Gecko/20100101 Firefox/62.0"
139.59.236.46 - - [10/Jul/2021:00:48:48 -0400] "POST /wp-login.php HTTP/1.1" 200 8694 "-" "Mozilla/5.0 (X11; Ubuntu; Linux x86_64; rv:62.0) Gecko/20100101 Firefox/62.0"
139.59.236.46 - - [10/Jul/2021:00:48:51 -0400] "POST /xmlrpc.php HTTP/1.1" 200 5852 "-" "Mozilla/5.0 (X11; Ubuntu; Linux x86_64; rv:62.0) Gecko/20100101 Firefox/62.0"
204.48.19.85 - - [10/Jul/2021:00:49:54 -0400] "POST /wp-cron.php?doing_wp_cron=1625892594.2265911102294921875000 HTTP/1.1" 200 6295 "https://ajhydell.com/wp-cron.php?doing_wp_cron=1625892594.2265911102294921875000" "WordPress/5.7.2; https://ajhydell.com"
54.36.148.117 - - [10/Jul/2021:00:49:54 -0400] "GET /2021/05/29/king-edward-vii-and-tsar-nicholas-ii-on-board-the-russian-imperial-yacht-standart-at-reval-russia-now-tallinn-estonia-june-1908/ HTTP/1.1" 200 19332 "-" "Mozilla/5.0 (compatible; AhrefsBot/7.0; +http://ahrefs.com/robot/)"
204.48.19.85 - - [10/Jul/2021:00:50:49 -0400] "POST /wp-cron.php?doing_wp_cron=1625892649.7704050540924072265625 HTTP/1.1" 200 6295 "https://ajhydell.com/wp-cron.php?doing_wp_cron=1625892649.7704050540924072265625" "WordPress/5.7.2; https://ajhydell.com"
114.119.145.169 - - [10/Jul/2021:00:50:49 -0400] "GET /2018/09/20/an-american-b24-plane-photographed-from-above-while-on-mission-to-brussels-belgium-on-august-3-1944-colorization-by-nathan-howland/ HTTP/1.1" 200 18467 "-" "Mozilla/5.0 (Linux; Android 7.0;) AppleWebKit/537.36 (KHTML, like Gecko) Mobile Safari/537.36 (compatible; PetalBot;+https://webmaster.petalsearch.com/site/petalbot)"
114.119.147.211 - - [10/Jul/2021:00:51:03 -0400] "GET /2020/05/02/japanese-girls-enjoying-their-first-snowfall-1950/ HTTP/1.1" 200 18383 "-" "Mozilla/5.0 (Linux; Android 7.0;) AppleWebKit/537.36 (KHTML, like Gecko) Mobile Safari/537.36 (compatible; PetalBot;+https://webmaster.petalsearch.com/site/petalbot)"
204.48.19.85 - - [10/Jul/2021:00:51:57 -0400] "POST /wp-cron.php?doing_wp_cron=1625892717.0289869308471679687500 HTTP/1.1" 200 6295 "https://ajhydell.com/wp-cron.php?doing_wp_cron=1625892717.0289869308471679687500" "WordPress/5.7.2; https://ajhydell.com"
213.180.203.138 - - [10/Jul/2021:00:51:56 -0400] "GET /robots.txt HTTP/1.1" 200 6535 "-" "Mozilla/5.0 (compatible; YandexBot/3.0; +http://yandex.com/bots)"
213.180.203.138 - - [10/Jul/2021:00:52:00 -0400] "GET /post-sitemap18.xml HTTP/1.1" 200 10578 "-" "Mozilla/5.0 (compatible; YandexBot/3.0; +http://yandex.com/bots)"
207.46.13.113 - - [10/Jul/2021:00:52:06 -0400] "GET /2021/02/04/two-of-the-miracle-braves-of-1914/ HTTP/1.1" 200 18790 "-" "Mozilla/5.0 (compatible; bingbot/2.0; +http://www.bing.com/bingbot.htm)"
17.121.114.82 - - [10/Jul/2021:00:52:19 -0400] "GET /2019/12/25/anti-american-poster-ussr-1960-1015x1260/ HTTP/1.1" 200 18355 "-" "Mozilla/5.0 (Macintosh; Intel Mac OS X 10_15_5) AppleWebKit/605.1.15 (KHTML, like Gecko) Version/13.1.1 Safari/605.1.15 (Applebot/0.1; +http://www.apple.com/go/applebot)"
114.119.138.170 - - [10/Jul/2021:00:52:36 -0400] "GET /2018/ HTTP/1.1" 200 19270 "-" "Mozilla/5.0 (Linux; Android 7.0;) AppleWebKit/537.36 (KHTML, like Gecko) Mobile Safari/537.36 (compatible; PetalBot;+https://webmaster.petalsearch.com/site/petalbot)"
204.48.19.85 - - [10/Jul/2021:00:53:22 -0400] "POST /wp-cron.php?doing_wp_cron=1625892802.8577380180358886718750 HTTP/1.1" 200 6295 "https://ajhydell.com/wp-cron.php?doing_wp_cron=1625892802.8577380180358886718750" "WordPress/5.7.2; https://ajhydell.com"
77.75.77.11 - - [10/Jul/2021:00:53:22 -0400] "GET /robots.txt HTTP/1.1" 200 6517 "-" "Mozilla/5.0 (compatible; SeznamBot/3.2; +http://napoveda.seznam.cz/en/seznambot-intro/)"
77.75.77.11 - - [10/Jul/2021:00:53:24 -0400] "GET /post-sitemap18.xml HTTP/1.1" 200 16573 "-" "Mozilla/5.0 (compatible; SeznamBot/3.2; +http://napoveda.seznam.cz/en/seznambot-intro/)"
204.48.19.85 - - [10/Jul/2021:00:54:13 -0400] "POST /wp-cron.php?doing_wp_cron=1625892853.0600750446319580078125 HTTP/1.1" 200 6295 "https://ajhydell.com/wp-cron.php?doing_wp_cron=1625892853.0600750446319580078125" "WordPress/5.7.2; https://ajhydell.com"
114.119.138.170 - - [10/Jul/2021:00:54:13 -0400] "GET /2020/03/04/minority-women-in-world-war-2/ HTTP/1.1" 200 20745 "-" "Mozilla/5.0 (Linux; Android 7.0;) AppleWebKit/537.36 (KHTML, like Gecko) Mobile Safari/537.36 (compatible; PetalBot;+https://webmaster.petalsearch.com/site/petalbot)"
204.48.19.85 - - [10/Jul/2021:00:56:19 -0400] "POST /wp-cron.php?doing_wp_cron=1625892979.3544280529022216796875 HTTP/1.1" 200 6295 "https://ajhydell.com/wp-cron.php?doing_wp_cron=1625892979.3544280529022216796875" "WordPress/5.7.2; https://ajhydell.com"
114.119.143.210 - - [10/Jul/2021:00:56:19 -0400] "GET /2018/10/28/ HTTP/1.1" 200 18118 "-" "Mozilla/5.0 (Linux; Android 7.0;) AppleWebKit/537.36 (KHTML, like Gecko) Mobile Safari/537.36 (compatible; PetalBot;+https://webmaster.petalsearch.com/site/petalbot)"
54.36.148.117 - - [10/Jul/2021:00:56:24 -0400] "GET /2019/01/11/veronica-foster-b-1922-d-2000-popularly-known-as-ronnie-the-bren-gun-girl/ HTTP/1.1" 200 19122 "-" "Mozilla/5.0 (compatible; AhrefsBot/7.0; +http://ahrefs.com/robot/)"
5.255.253.148 - - [10/Jul/2021:00:57:03 -0400] "GET /wp-content/uploads/2019/05/picture-17-345x450.jpg HTTP/1.1" 200 42640 "-" "Mozilla/5.0 (compatible; YandexImages/3.0; +http://yandex.com/bots)"
204.48.19.85 - - [10/Jul/2021:00:57:37 -0400] "POST /wp-cron.php?doing_wp_cron=1625893057.8210120201110839843750 HTTP/1.1" 200 6295 "https://ajhydell.com/wp-cron.php?doing_wp_cron=1625893057.8210120201110839843750" "WordPress/5.7.2; https://ajhydell.com"
114.119.151.146 - - [10/Jul/2021:00:57:37 -0400] "GET /2020/08/27/here-comes-the-brach-candy-express-fresh-from-brachs-candyland-1966/ HTTP/1.1" 200 18483 "-" "Mozilla/5.0 (Linux; Android 7.0;) AppleWebKit/537.36 (KHTML, like Gecko) Mobile Safari/537.36 (compatible; PetalBot;+https://webmaster.petalsearch.com/site/petalbot)"
204.48.19.85 - - [10/Jul/2021:00:58:30 -0400] "POST /wp-cron.php?doing_wp_cron=1625893110.6329200267791748046875 HTTP/1.1" 200 6295 "https://ajhydell.com/wp-cron.php?doing_wp_cron=1625893110.6329200267791748046875" "WordPress/5.7.2; https://ajhydell.com"
157.55.39.62 - - [10/Jul/2021:00:58:30 -0400] "GET /2020/06/27/11-year-old-cousins-wendy-anderton-and-cathie-jones-pose-with-the-tail-section-of-a-heinkel-he-111p-2-of-8-kg27-which-crashed-landed-by-their-home-at-border-house-farm-near-chester-in-cheshire-augu/ HTTP/1.1" 200 19036 "-" "Mozilla/5.0 (compatible; bingbot/2.0; +http://www.bing.com/bingbot.htm)"
157.55.39.62 - - [10/Jul/2021:00:58:31 -0400] "GET /wp-content/uploads/2019/07/picture-70-1024x768.jpg HTTP/1.1" 200 145232 "-" "Mozilla/5.0 (compatible; bingbot/2.0; +http://www.bing.com/bingbot.htm)"
207.46.13.113 - - [10/Jul/2021:00:58:56 -0400] "GET /wp-content/uploads/2018/10/picture-87-768x512.jpg HTTP/1.1" 200 110481 "-" "Mozilla/5.0 (compatible; bingbot/2.0; +http://www.bing.com/bingbot.htm)"
204.48.19.85 - - [10/Jul/2021:00:59:12 -0400] "POST /wp-cron.php?doing_wp_cron=1625893152.1738390922546386718750 HTTP/1.1" 200 6295 "https://ajhydell.com/wp-cron.php?doing_wp_cron=1625893152.1738390922546386718750" "WordPress/5.7.2; https://ajhydell.com"
166.62.102.107 - - [10/Jul/2021:00:59:12 -0400] "GET /wp-login.php HTTP/1.1" 200 8605 "-" "Mozilla/5.0 (X11; Ubuntu; Linux x86_64; rv:62.0) Gecko/20100101 Firefox/62.0"
166.62.102.107 - - [10/Jul/2021:00:59:12 -0400] "POST /wp-login.php HTTP/1.1" 200 8696 "-" "Mozilla/5.0 (X11; Ubuntu; Linux x86_64; rv:62.0) Gecko/20100101 Firefox/62.0"
166.62.102.107 - - [10/Jul/2021:00:59:12 -0400] "POST /xmlrpc.php HTTP/1.1" 200 5852 "-" "Mozilla/5.0 (X11; Ubuntu; Linux x86_64; rv:62.0) Gecko/20100101 Firefox/62.0"
54.185.249.77 - - [10/Jul/2021:00:59:21 -0400] "\n" 400 5541 "-" "-"
207.46.13.54 - - [10/Jul/2021:00:59:25 -0400] "GET /wp-content/uploads/2019/11/picture-76.jpg HTTP/1.1" 200 276227 "-" "Mozilla/5.0 (compatible; bingbot/2.0; +http://www.bing.com/bingbot.htm)"
204.48.19.85 - - [10/Jul/2021:01:01:16 -0400] "POST /wp-cron.php?doing_wp_cron=1625893276.6069200038909912109375 HTTP/1.1" 200 6295 "https://ajhydell.com/wp-cron.php?doing_wp_cron=1625893276.6069200038909912109375" "WordPress/5.7.2; https://ajhydell.com"
114.119.138.170 - - [10/Jul/2021:01:01:16 -0400] "GET /2020/11/05/a-cia-case-officer-is-photographed-at-a-dead-drop-location-in-moscow-1962-2575x2575 HTTP/1.1" 301 5846 "-" "Mozilla/5.0 (Linux; Android 7.0;) AppleWebKit/537.36 (KHTML, like Gecko) Mobile Safari/537.36 (compatible; PetalBot;+https://webmaster.petalsearch.com/site/petalbot)"
114.119.138.170 - - [10/Jul/2021:01:01:17 -0400] "GET /2020/11/05/a-cia-case-officer-is-photographed-at-a-dead-drop-location-in-moscow-1962-2575x2575/ HTTP/1.1" 200 13392 "-" "Mozilla/5.0 (Linux; Android 7.0;) AppleWebKit/537.36 (KHTML, like Gecko) Mobile Safari/537.36 (compatible; PetalBot;+https://webmaster.petalsearch.com/site/petalbot)"
204.48.19.85 - - [10/Jul/2021:01:01:48 -0400] "POST /wp-cron.php?doing_wp_cron=1625893308.4616100788116455078125 HTTP/1.1" 200 6295 "https://ajhydell.com/wp-cron.php?doing_wp_cron=1625893308.4616100788116455078125" "WordPress/5.7.2; https://ajhydell.com"
114.119.158.133 - - [10/Jul/2021:01:01:48 -0400] "GET /2019/10/27/the-first-supermarine-spitfire-to-land-in-france-normandy-on-the-afternoon-of-10-june-1944/ HTTP/1.1" 200 18504 "-" "Mozilla/5.0 (Linux; Android 7.0;) AppleWebKit/537.36 (KHTML, like Gecko) Mobile Safari/537.36 (compatible; PetalBot;+https://webmaster.petalsearch.com/site/petalbot)"
204.48.19.85 - - [10/Jul/2021:01:02:49 -0400] "POST /wp-cron.php?doing_wp_cron=1625893369.6493721008300781250000 HTTP/1.1" 200 6295 "https://ajhydell.com/wp-cron.php?doing_wp_cron=1625893369.6493721008300781250000" "WordPress/5.7.2; https://ajhydell.com"
114.119.143.210 - - [10/Jul/2021:01:02:49 -0400] "GET /2020/04/15/last-known-photograph-of-karl-marx-taken-in-algeirs1882-1456x1456colourized HTTP/1.1" 301 5838 "-" "Mozilla/5.0 (Linux; Android 7.0;) AppleWebKit/537.36 (KHTML, like Gecko) Mobile Safari/537.36 (compatible; PetalBot;+https://webmaster.petalsearch.com/site/petalbot)"
114.119.143.210 - - [10/Jul/2021:01:02:51 -0400] "GET /2020/04/15/last-known-photograph-of-karl-marx-taken-in-algeirs1882-1456x1456colourized/ HTTP/1.1" 200 13263 "-" "Mozilla/5.0 (Linux; Android 7.0;) AppleWebKit/537.36 (KHTML, like Gecko) Mobile Safari/537.36 (compatible; PetalBot;+https://webmaster.petalsearch.com/site/petalbot)"
75.140.93.140 - - [10/Jul/2021:01:02:57 -0400] "GET /2020/12/06/chinese-resistance-fighter-cheng-benhua-moments-before-she-was-bayoneted-to-death-by-japanese-soldiers-in-1939/ HTTP/1.1" 200 19311 "https://duckduckgo.com/" "Mozilla/5.0 (iPhone; CPU iPhone OS 14_4_2 like Mac OS X) AppleWebKit/605.1.15 (KHTML, like Gecko) Version/14.0.3 Mobile/15E148 Safari/604.1"
75.140.93.140 - - [10/Jul/2021:01:02:57 -0400] "GET /wp-includes/js/jquery/jquery-migrate.min.js?ver=3.3.2 HTTP/1.1" 200 4659 "https://ajhydell.com/2020/12/06/chinese-resistance-fighter-cheng-benhua-moments-before-she-was-bayoneted-to-death-by-japanese-soldiers-in-1939/" "Mozilla/5.0 (iPhone; CPU iPhone OS 14_4_2 like Mac OS X) AppleWebKit/605.1.15 (KHTML, like Gecko) Version/14.0.3 Mobile/15E148 Safari/604.1"
75.140.93.140 - - [10/Jul/2021:01:02:57 -0400] "GET /wp-content/plugins/wp-smushit/app/assets/js/smush-lazy-load.min.js?ver=3.8.7 HTTP/1.1" 200 4174 "https://ajhydell.com/2020/12/06/chinese-resistance-fighter-cheng-benhua-moments-before-she-was-bayoneted-to-death-by-japanese-soldiers-in-1939/" "Mozilla/5.0 (iPhone; CPU iPhone OS 14_4_2 like Mac OS X) AppleWebKit/605.1.15 (KHTML, like Gecko) Version/14.0.3 Mobile/15E148 Safari/604.1"
75.140.93.140 - - [10/Jul/2021:01:02:57 -0400] "GET /wp-content/plugins/google-analytics-for-wordpress/assets/js/frontend-gtag.min.js?ver=7.17.0 HTTP/1.1" 200 9333 "https://ajhydell.com/2020/12/06/chinese-resistance-fighter-cheng-benhua-moments-before-she-was-bayoneted-to-death-by-japanese-soldiers-in-1939/" "Mozilla/5.0 (iPhone; CPU iPhone OS 14_4_2 like Mac OS X) AppleWebKit/605.1.15 (KHTML, like Gecko) Version/14.0.3 Mobile/15E148 Safari/604.1"
75.140.93.140 - - [10/Jul/2021:01:02:57 -0400] "GET /wp-includes/js/jquery/jquery.min.js?ver=3.5.1 HTTP/1.1" 200 37516 "https://ajhydell.com/2020/12/06/chinese-resistance-fighter-cheng-benhua-moments-before-she-was-bayoneted-to-death-by-japanese-soldiers-in-1939/" "Mozilla/5.0 (iPhone; CPU iPhone OS 14_4_2 like Mac OS X) AppleWebKit/605.1.15 (KHTML, like Gecko) Version/14.0.3 Mobile/15E148 Safari/604.1"
75.140.93.140 - - [10/Jul/2021:01:02:57 -0400] "GET /wp-content/plugins/add-expires-headers/cache/0/com/processed-header-f16a8d323e83e1bc1b76514e283fb81b7090a959.min.css HTTP/1.1" 200 58813 "https://ajhydell.com/2020/12/06/chinese-resistance-fighter-cheng-benhua-moments-before-she-was-bayoneted-to-death-by-japanese-soldiers-in-1939/" "Mozilla/5.0 (iPhone; CPU iPhone OS 14_4_2 like Mac OS X) AppleWebKit/605.1.15 (KHTML, like Gecko) Version/14.0.3 Mobile/15E148 Safari/604.1"
75.140.93.140 - - [10/Jul/2021:01:02:57 -0400] "GET /wp-content/themes/royal-magazine/js/navigation.js?ver=20151215 HTTP/1.1" 200 1333 "https://ajhydell.com/2020/12/06/chinese-resistance-fighter-cheng-benhua-moments-before-she-was-bayoneted-to-death-by-japanese-soldiers-in-1939/" "Mozilla/5.0 (iPhone; CPU iPhone OS 14_4_2 like Mac OS X) AppleWebKit/605.1.15 (KHTML, like Gecko) Version/14.0.3 Mobile/15E148 Safari/604.1"
75.140.93.140 - - [10/Jul/2021:01:02:57 -0400] "GET /wp-content/themes/royal-magazine/js/skip-link-focus-fix.js?ver=20151215 HTTP/1.1" 200 924 "https://ajhydell.com/2020/12/06/chinese-resistance-fighter-cheng-benhua-moments-before-she-was-bayoneted-to-death-by-japanese-soldiers-in-1939/" "Mozilla/5.0 (iPhone; CPU iPhone OS 14_4_2 like Mac OS X) AppleWebKit/605.1.15 (KHTML, like Gecko) Version/14.0.3 Mobile/15E148 Safari/604.1"
75.140.93.140 - - [10/Jul/2021:01:02:57 -0400] "GET /wp-content/themes/royal-magazine/assets/libraries/slick/js/slick.min.js?ver=5.7.2 HTTP/1.1" 200 10690 "https://ajhydell.com/2020/12/06/chinese-resistance-fighter-cheng-benhua-moments-before-she-was-bayoneted-to-death-by-japanese-soldiers-in-1939/" "Mozilla/5.0 (iPhone; CPU iPhone OS 14_4_2 like Mac OS X) AppleWebKit/605.1.15 (KHTML, like Gecko) Version/14.0.3 Mobile/15E148 Safari/604.1"
75.140.93.140 - - [10/Jul/2021:01:02:57 -0400] "GET /wp-content/themes/royal-magazine/assets/libraries/bootstrap/js/bootstrap.min.js?ver=5.7.2 HTTP/1.1" 200 10350 "https://ajhydell.com/2020/12/06/chinese-resistance-fighter-cheng-benhua-moments-before-she-was-bayoneted-to-death-by-japanese-soldiers-in-1939/" "Mozilla/5.0 (iPhone; CPU iPhone OS 14_4_2 like Mac OS X) AppleWebKit/605.1.15 (KHTML, like Gecko) Version/14.0.3 Mobile/15E148 Safari/604.1"
75.140.93.140 - - [10/Jul/2021:01:02:57 -0400] "GET /wp-content/themes/royal-magazine/assets/libraries/marquee/jquery.marquee.js?ver=5.7.2 HTTP/1.1" 200 5071 "https://ajhydell.com/2020/12/06/chinese-resistance-fighter-cheng-benhua-moments-before-she-was-bayoneted-to-death-by-japanese-soldiers-in-1939/" "Mozilla/5.0 (iPhone; CPU iPhone OS 14_4_2 like Mac OS X) AppleWebKit/605.1.15 (KHTML, like Gecko) Version/14.0.3 Mobile/15E148 Safari/604.1"
75.140.93.140 - - [10/Jul/2021:01:02:57 -0400] "GET /wp-content/themes/royal-magazine/assets/libraries/theiaStickySidebar/theia-sticky-sidebar.min.js?ver=5.7.2 HTTP/1.1" 200 2236 "https://ajhydell.com/2020/12/06/chinese-resistance-fighter-cheng-benhua-moments-before-she-was-bayoneted-to-death-by-japanese-soldiers-in-1939/" "Mozilla/5.0 (iPhone; CPU iPhone OS 14_4_2 like Mac OS X) AppleWebKit/605.1.15 (KHTML, like Gecko) Version/14.0.3 Mobile/15E148 Safari/604.1"
75.140.93.140 - - [10/Jul/2021:01:02:58 -0400] "GET /wp-content/themes/royal-magazine/assets/libraries/magnific-popup/jquery.magnific-popup.min.js?ver=5.7.2 HTTP/1.1" 200 7838 "https://ajhydell.com/2020/12/06/chinese-resistance-fighter-cheng-benhua-moments-before-she-was-bayoneted-to-death-by-japanese-soldiers-in-1939/" "Mozilla/5.0 (iPhone; CPU iPhone OS 14_4_2 like Mac OS X) AppleWebKit/605.1.15 (KHTML, like Gecko) Version/14.0.3 Mobile/15E148 Safari/604.1"
75.140.93.140 - - [10/Jul/2021:01:02:58 -0400] "GET /wp-content/themes/royal-magazine/assets/twp/js/custom-script.js?ver=5.7.2 HTTP/1.1" 200 2995 "https://ajhydell.com/2020/12/06/chinese-resistance-fighter-cheng-benhua-moments-before-she-was-bayoneted-to-death-by-japanese-soldiers-in-1939/" "Mozilla/5.0 (iPhone; CPU iPhone OS 14_4_2 like Mac OS X) AppleWebKit/605.1.15 (KHTML, like Gecko) Version/14.0.3 Mobile/15E148 Safari/604.1"
75.140.93.140 - - [10/Jul/2021:01:02:58 -0400] "GET /wp-includes/js/wp-embed.min.js?ver=5.7.2 HTTP/1.1" 200 1209 "https://ajhydell.com/2020/12/06/chinese-resistance-fighter-cheng-benhua-moments-before-she-was-bayoneted-to-death-by-japanese-soldiers-in-1939/" "Mozilla/5.0 (iPhone; CPU iPhone OS 14_4_2 like Mac OS X) AppleWebKit/605.1.15 (KHTML, like Gecko) Version/14.0.3 Mobile/15E148 Safari/604.1"
75.140.93.140 - - [10/Jul/2021:01:02:58 -0400] "GET /wp-includes/js/wp-emoji-release.min.js?ver=5.7.2 HTTP/1.1" 200 5152 "https://ajhydell.com/2020/12/06/chinese-resistance-fighter-cheng-benhua-moments-before-she-was-bayoneted-to-death-by-japanese-soldiers-in-1939/" "Mozilla/5.0 (iPhone; CPU iPhone OS 14_4_2 like Mac OS X) AppleWebKit/605.1.15 (KHTML, like Gecko) Version/14.0.3 Mobile/15E148 Safari/604.1"
75.140.93.140 - - [10/Jul/2021:01:02:58 -0400] "GET /wp-content/plugins/facebook-pagelike-widget/fb.js?ver=1.0 HTTP/1.1" 200 810 "https://ajhydell.com/2020/12/06/chinese-resistance-fighter-cheng-benhua-moments-before-she-was-bayoneted-to-death-by-japanese-soldiers-in-1939/" "Mozilla/5.0 (iPhone; CPU iPhone OS 14_4_2 like Mac OS X) AppleWebKit/605.1.15 (KHTML, like Gecko) Version/14.0.3 Mobile/15E148 Safari/604.1"
75.140.93.140 - - [10/Jul/2021:01:02:58 -0400] "GET /wp-content/themes/royal-magazine/assets/libraries/ionicons/fonts/ionicons.ttf HTTP/1.1" 200 189155 "https://ajhydell.com/2020/12/06/chinese-resistance-fighter-cheng-benhua-moments-before-she-was-bayoneted-to-death-by-japanese-soldiers-in-1939/" "Mozilla/5.0 (iPhone; CPU iPhone OS 14_4_2 like Mac OS X) AppleWebKit/605.1.15 (KHTML, like Gecko) Version/14.0.3 Mobile/15E148 Safari/604.1"
3.97.7.208 - - [10/Jul/2021:01:03:02 -0400] "\n" 400 5541 "-" "-"
75.140.93.140 - - [10/Jul/2021:01:03:02 -0400] "GET /wp-content/uploads/2018/08/cropped-logo-192x192.jpg HTTP/1.1" 200 15798 "https://ajhydell.com/2020/12/06/chinese-resistance-fighter-cheng-benhua-moments-before-she-was-bayoneted-to-death-by-japanese-soldiers-in-1939/" "Mozilla/5.0 (iPhone; CPU iPhone OS 14_4_2 like Mac OS X) AppleWebKit/605.1.15 (KHTML, like Gecko) Version/14.0.3 Mobile/15E148 Safari/604.1"
75.140.93.140 - - [10/Jul/2021:01:03:03 -0400] "GET /wp-content/uploads/2018/08/cropped-logo-32x32.jpg HTTP/1.1" 200 7356 "https://ajhydell.com/2020/12/06/chinese-resistance-fighter-cheng-benhua-moments-before-she-was-bayoneted-to-death-by-japanese-soldiers-in-1939/" "Mozilla/5.0 (iPhone; CPU iPhone OS 14_4_2 like Mac OS X) AppleWebKit/605.1.15 (KHTML, like Gecko) Version/14.0.3 Mobile/15E148 Safari/604.1"
75.140.93.140 - - [10/Jul/2021:01:03:03 -0400] "GET /?wordfence_lh=1&hid=5F17569983C4421A4342841A3F7DFF8B&r=0.2179299311308831 HTTP/1.1" 200 347 "https://ajhydell.com/2020/12/06/chinese-resistance-fighter-cheng-benhua-moments-before-she-was-bayoneted-to-death-by-japanese-soldiers-in-1939/" "Mozilla/5.0 (iPhone; CPU iPhone OS 14_4_2 like Mac OS X) AppleWebKit/605.1.15 (KHTML, like Gecko) Version/14.0.3 Mobile/15E148 Safari/604.1"
75.140.93.140 - - [10/Jul/2021:01:03:05 -0400] "GET /wp-content/uploads/2020/12/picture-26.jpg HTTP/1.1" 200 82650 "https://ajhydell.com/2020/12/06/chinese-resistance-fighter-cheng-benhua-moments-before-she-was-bayoneted-to-death-by-japanese-soldiers-in-1939/" "Mozilla/5.0 (iPhone; CPU iPhone OS 14_4_2 like Mac OS X) AppleWebKit/605.1.15 (KHTML, like Gecko) Version/14.0.3 Mobile/15E148 Safari/604.1"
74.119.119.43 - - [10/Jul/2021:01:03:07 -0400] "GET /robots.txt HTTP/1.1" 200 6036 "-" "CriteoBot/0.1 (+https://www.criteo.com/criteo-crawler/)"
74.119.119.43 - - [10/Jul/2021:01:03:07 -0400] "GET /2020/12/06/chinese-resistance-fighter-cheng-benhua-moments-before-she-was-bayoneted-to-death-by-japanese-soldiers-in-1939 HTTP/1.1" 301 6045 "-" "CriteoBot/0.1 (+https://www.criteo.com/criteo-crawler/)"
74.119.119.43 - - [10/Jul/2021:01:03:07 -0400] "GET /2020/12/06/chinese-resistance-fighter-cheng-benhua-moments-before-she-was-bayoneted-to-death-by-japanese-soldiers-in-1939/ HTTP/1.1" 200 18650 "-" "CriteoBot/0.1 (+https://www.criteo.com/criteo-crawler/)"
213.180.203.138 - - [10/Jul/2021:01:03:36 -0400] "GET /2019/11/09/ HTTP/1.1" 200 18294 "-" "Mozilla/5.0 (compatible; YandexBot/3.0; +http://yandex.com/bots)"
204.48.19.85 - - [10/Jul/2021:01:03:49 -0400] "POST /wp-cron.php?doing_wp_cron=1625893429.0714230537414550781250 HTTP/1.1" 200 6295 "https://ajhydell.com/wp-cron.php?doing_wp_cron=1625893429.0714230537414550781250" "WordPress/5.7.2; https://ajhydell.com"
