185.191.171.4 - - [29/Jun/2021:01:33:54 -0400] "GET /2020/04/03/ HTTP/1.1" 200 17665 "-" "Mozilla/5.0 (compatible; SemrushBot/7~bl; +http://www.semrush.com/bot.html)"
204.48.19.85 - - [29/Jun/2021:01:35:15 -0400] "POST /wp-cron.php?doing_wp_cron=1624944915.6647698879241943359375 HTTP/1.1" 200 5463 "https://ajhydell.com/wp-cron.php?doing_wp_cron=1624944915.6647698879241943359375" "WordPress/5.7.2; https://ajhydell.com"
54.36.149.36 - - [29/Jun/2021:01:35:15 -0400] "GET /2020/05/23/sir-ian-mckellen-in-london-1969-625x790/ HTTP/1.1" 200 18114 "-" "Mozilla/5.0 (compatible; AhrefsBot/7.0; +http://ahrefs.com/robot/)"
204.48.19.85 - - [29/Jun/2021:01:36:29 -0400] "POST /wp-cron.php?doing_wp_cron=1624944989.1742279529571533203125 HTTP/1.1" 200 5463 "https://ajhydell.com/wp-cron.php?doing_wp_cron=1624944989.1742279529571533203125" "WordPress/5.7.2; https://ajhydell.com"
23.100.232.233 - - [29/Jun/2021:01:36:29 -0400] "GET /2018/09/28/colorized-photo-of-a-dead-german-soldier-finland-lappland-tornio-1944/ HTTP/1.1" 200 17205 "-" "Mozilla/5.0 (compatible; MSIE 9.0; Windows NT 6.1; Trident/5.0;  Trident/5.0)"
23.100.232.233 - - [29/Jun/2021:01:36:30 -0400] "GET /wp-content/plugins/add-expires-headers/cache/0/com/processed-header-f16a8d323e83e1bc1b76514e283fb81b7090a959.min.css HTTP/1.1" 200 52893 "https://ajhydell.com/2018/09/28/colorized-photo-of-a-dead-german-soldier-finland-lappland-tornio-1944/" "Mozilla/5.0 (compatible; MSIE 9.0; Windows NT 6.1; Trident/5.0;  Trident/5.0)"
23.100.232.233 - - [29/Jun/2021:01:36:30 -0400] "GET /wp-includes/js/jquery/jquery.min.js?ver=3.5.1 HTTP/1.1" 200 31550 "https://ajhydell.com/2018/09/28/colorized-photo-of-a-dead-german-soldier-finland-lappland-tornio-1944/" "Mozilla/5.0 (compatible; MSIE 9.0; Windows NT 6.1; Trident/5.0;  Trident/5.0)"
23.100.232.233 - - [29/Jun/2021:01:36:30 -0400] "GET /wp-content/plugins/google-analytics-for-wordpress/assets/js/frontend-gtag.min.js?ver=7.17.0 HTTP/1.1" 200 3476 "https://ajhydell.com/2018/09/28/colorized-photo-of-a-dead-german-soldier-finland-lappland-tornio-1944/" "Mozilla/5.0 (compatible; MSIE 9.0; Windows NT 6.1; Trident/5.0;  Trident/5.0)"
23.100.232.233 - - [29/Jun/2021:01:36:30 -0400] "GET /wp-includes/js/jquery/jquery-migrate.min.js?ver=3.3.2 HTTP/1.1" 200 4687 "https://ajhydell.com/2018/09/28/colorized-photo-of-a-dead-german-soldier-finland-lappland-tornio-1944/" "Mozilla/5.0 (compatible; MSIE 9.0; Windows NT 6.1; Trident/5.0;  Trident/5.0)"
23.100.232.233 - - [29/Jun/2021:01:36:31 -0400] "GET /wp-includes/js/wp-emoji-release.min.js?ver=5.7.2 HTTP/1.1" 200 5183 "https://ajhydell.com/2018/09/28/colorized-photo-of-a-dead-german-soldier-finland-lappland-tornio-1944/" "Mozilla/5.0 (compatible; MSIE 9.0; Windows NT 6.1; Trident/5.0;  Trident/5.0)"
23.100.232.233 - - [29/Jun/2021:01:36:31 -0400] "GET /wp-content/themes/royal-magazine/js/navigation.js?ver=20151215 HTTP/1.1" 200 1349 "https://ajhydell.com/2018/09/28/colorized-photo-of-a-dead-german-soldier-finland-lappland-tornio-1944/" "Mozilla/5.0 (compatible; MSIE 9.0; Windows NT 6.1; Trident/5.0;  Trident/5.0)"
23.100.232.233 - - [29/Jun/2021:01:36:31 -0400] "GET /wp-content/plugins/wp-smushit/app/assets/js/smush-lazy-load.min.js?ver=3.8.5 HTTP/1.1" 200 4207 "https://ajhydell.com/2018/09/28/colorized-photo-of-a-dead-german-soldier-finland-lappland-tornio-1944/" "Mozilla/5.0 (compatible; MSIE 9.0; Windows NT 6.1; Trident/5.0;  Trident/5.0)"
23.100.232.233 - - [29/Jun/2021:01:36:31 -0400] "GET /wp-content/themes/royal-magazine/js/skip-link-focus-fix.js?ver=20151215 HTTP/1.1" 200 933 "https://ajhydell.com/2018/09/28/colorized-photo-of-a-dead-german-soldier-finland-lappland-tornio-1944/" "Mozilla/5.0 (compatible; MSIE 9.0; Windows NT 6.1; Trident/5.0;  Trident/5.0)"
23.100.232.233 - - [29/Jun/2021:01:36:31 -0400] "GET /wp-content/themes/royal-magazine/assets/libraries/slick/js/slick.min.js?ver=5.7.2 HTTP/1.1" 200 10740 "https://ajhydell.com/2018/09/28/colorized-photo-of-a-dead-german-soldier-finland-lappland-tornio-1944/" "Mozilla/5.0 (compatible; MSIE 9.0; Windows NT 6.1; Trident/5.0;  Trident/5.0)"
23.100.232.233 - - [29/Jun/2021:01:36:31 -0400] "GET /wp-content/themes/royal-magazine/assets/libraries/theiaStickySidebar/theia-sticky-sidebar.min.js?ver=5.7.2 HTTP/1.1" 200 2271 "https://ajhydell.com/2018/09/28/colorized-photo-of-a-dead-german-soldier-finland-lappland-tornio-1944/" "Mozilla/5.0 (compatible; MSIE 9.0; Windows NT 6.1; Trident/5.0;  Trident/5.0)"
23.100.232.233 - - [29/Jun/2021:01:36:31 -0400] "GET /wp-content/themes/royal-magazine/assets/libraries/marquee/jquery.marquee.js?ver=5.7.2 HTTP/1.1" 200 5103 "https://ajhydell.com/2018/09/28/colorized-photo-of-a-dead-german-soldier-finland-lappland-tornio-1944/" "Mozilla/5.0 (compatible; MSIE 9.0; Windows NT 6.1; Trident/5.0;  Trident/5.0)"
23.100.232.233 - - [29/Jun/2021:01:36:31 -0400] "GET /wp-includes/js/wp-embed.min.js?ver=5.7.2 HTTP/1.1" 200 1221 "https://ajhydell.com/2018/09/28/colorized-photo-of-a-dead-german-soldier-finland-lappland-tornio-1944/" "Mozilla/5.0 (compatible; MSIE 9.0; Windows NT 6.1; Trident/5.0;  Trident/5.0)"
23.100.232.233 - - [29/Jun/2021:01:36:31 -0400] "GET /wp-content/themes/royal-magazine/assets/twp/js/custom-script.js?ver=5.7.2 HTTP/1.1" 200 3023 "https://ajhydell.com/2018/09/28/colorized-photo-of-a-dead-german-soldier-finland-lappland-tornio-1944/" "Mozilla/5.0 (compatible; MSIE 9.0; Windows NT 6.1; Trident/5.0;  Trident/5.0)"
23.100.232.233 - - [29/Jun/2021:01:36:31 -0400] "GET /wp-content/themes/royal-magazine/assets/libraries/magnific-popup/jquery.magnific-popup.min.js?ver=5.7.2 HTTP/1.1" 200 7871 "https://ajhydell.com/2018/09/28/colorized-photo-of-a-dead-german-soldier-finland-lappland-tornio-1944/" "Mozilla/5.0 (compatible; MSIE 9.0; Windows NT 6.1; Trident/5.0;  Trident/5.0)"
23.100.232.233 - - [29/Jun/2021:01:36:31 -0400] "GET /wp-content/themes/royal-magazine/assets/libraries/bootstrap/js/bootstrap.min.js?ver=5.7.2 HTTP/1.1" 200 10404 "https://ajhydell.com/2018/09/28/colorized-photo-of-a-dead-german-soldier-finland-lappland-tornio-1944/" "Mozilla/5.0 (compatible; MSIE 9.0; Windows NT 6.1; Trident/5.0;  Trident/5.0)"
23.100.232.233 - - [29/Jun/2021:01:36:32 -0400] "GET /wp-content/plugins/facebook-pagelike-widget/fb.js?ver=1.0 HTTP/1.1" 200 821 "https://ajhydell.com/2018/09/28/colorized-photo-of-a-dead-german-soldier-finland-lappland-tornio-1944/" "Mozilla/5.0 (compatible; MSIE 9.0; Windows NT 6.1; Trident/5.0;  Trident/5.0)"
204.48.19.85 - - [29/Jun/2021:01:37:39 -0400] "POST /wp-cron.php?doing_wp_cron=1624945059.7969529628753662109375 HTTP/1.1" 200 5463 "https://ajhydell.com/wp-cron.php?doing_wp_cron=1624945059.7969529628753662109375" "WordPress/5.7.2; https://ajhydell.com"
54.36.148.238 - - [29/Jun/2021:01:37:39 -0400] "GET /2018/10/21/uss-indianapolis-marine-detachment-4-29-45-3-months-before-it-sank-only-9-marines-survived-the-disaster/ HTTP/1.1" 200 18214 "-" "Mozilla/5.0 (compatible; AhrefsBot/7.0; +http://ahrefs.com/robot/)"
204.48.19.85 - - [29/Jun/2021:01:38:19 -0400] "POST /wp-cron.php?doing_wp_cron=1624945099.1897180080413818359375 HTTP/1.1" 200 5463 "https://ajhydell.com/wp-cron.php?doing_wp_cron=1624945099.1897180080413818359375" "WordPress/5.7.2; https://ajhydell.com"
198.204.240.242 - - [29/Jun/2021:01:38:19 -0400] "GET // HTTP/1.1" 301 4922 "http://www.google.com.hk" "Mozilla/5.0 (Windows NT 6.1; WOW64) AppleWebKit/537.36 (KHTML, like Gecko) Chrome/42.0.2311.90 Safari/537.36"
204.48.19.85 - - [29/Jun/2021:01:39:07 -0400] "POST /wp-cron.php?doing_wp_cron=1624945147.4056200981140136718750 HTTP/1.1" 200 5463 "https://ajhydell.com/wp-cron.php?doing_wp_cron=1624945147.4056200981140136718750" "WordPress/5.7.2; https://ajhydell.com"
198.204.240.242 - - [29/Jun/2021:01:39:07 -0400] "GET / HTTP/1.1" 200 19150 "http://www.google.com.hk" "Mozilla/5.0 (Windows NT 6.1; WOW64) AppleWebKit/537.36 (KHTML, like Gecko) Chrome/42.0.2311.90 Safari/537.36"
207.46.13.96 - - [29/Jun/2021:01:39:29 -0400] "GET /wp-content/uploads/2020/03/picture-59.jpg HTTP/1.1" 200 96893 "-" "Mozilla/5.0 (compatible; bingbot/2.0; +http://www.bing.com/bingbot.htm)"
204.48.19.85 - - [29/Jun/2021:01:40:01 -0400] "POST /wp-cron.php?doing_wp_cron=1624945201.7762989997863769531250 HTTP/1.1" 200 5463 "https://ajhydell.com/wp-cron.php?doing_wp_cron=1624945201.7762989997863769531250" "WordPress/5.7.2; https://ajhydell.com"
198.204.240.242 - - [29/Jun/2021:01:40:01 -0400] "GET //wp-content/plugins/fancy-product-designer/assets/css/fancy-product.css HTTP/1.1" 301 5019 "-" "Mozilla/5.0 (Windows NT 6.1; WOW64) AppleWebKit/537.36 (KHTML, like Gecko) Chrome/36.0.1985.125 Safari/537.36"
54.36.149.36 - - [29/Jun/2021:01:40:14 -0400] "GET / HTTP/1.1" 200 19656 "-" "Mozilla/5.0 (compatible; AhrefsBot/7.0; +http://ahrefs.com/robot/)"
204.48.19.85 - - [29/Jun/2021:01:40:45 -0400] "POST /wp-cron.php?doing_wp_cron=1624945245.1400699615478515625000 HTTP/1.1" 200 5463 "https://ajhydell.com/wp-cron.php?doing_wp_cron=1624945245.1400699615478515625000" "WordPress/5.7.2; https://ajhydell.com"
5.255.231.130 - - [29/Jun/2021:01:40:45 -0400] "GET /robots.txt HTTP/1.1" 200 5703 "-" "Mozilla/5.0 (compatible; YandexBot/3.0; +http://yandex.com/bots)"
5.255.231.130 - - [29/Jun/2021:01:40:48 -0400] "GET /2018/09/29/1920s-vintage-postcard/ HTTP/1.1" 200 12740 "-" "Mozilla/5.0 (compatible; YandexBot/3.0; +http://yandex.com/bots)"
198.204.240.242 - - [29/Jun/2021:01:40:56 -0400] "GET /wp-content/plugins/fancy-product-designer/assets/css/fancy-product.css HTTP/1.1" 404 62821 "-" "Mozilla/5.0 (Windows NT 6.1; WOW64) AppleWebKit/537.36 (KHTML, like Gecko) Chrome/36.0.1985.125 Safari/537.36"
52.8.17.40 - - [29/Jun/2021:01:41:18 -0400] "POST /wp-login.php HTTP/1.1" 200 8030 "-" "Mozilla/5.0 (Windows NT 6.1) AppleWebKit/537.36 (KHTML, like Gecko) Chrome/80.0.3987.132 Safari/537.36"
207.46.13.22 - - [29/Jun/2021:01:41:32 -0400] "GET /wp-content/uploads/2019/01/picture-42-1024x732.jpg HTTP/1.1" 200 134279 "-" "Mozilla/5.0 (compatible; bingbot/2.0; +http://www.bing.com/bingbot.htm)"
210.165.100.160 - - [29/Jun/2021:01:42:30 -0400] "GET /wp-content/uploads/2018/09/picture-9.jpg HTTP/1.1" 200 156653 "https://yandex.com/images/search?text=propaganda&pos=1188&p=29&img_url=https%3A%2F%2Fi.redd.it%2F1ub9bkrbouyx.jpg&rpt=simage" "Mozilla/5.0 (Windows NT 10.0; Win64; x64) AppleWebKit/537.36 (KHTML, like Gecko) Chrome/91.0.4472.114 Safari/537.36"
204.48.19.85 - - [29/Jun/2021:01:42:35 -0400] "POST /wp-cron.php?doing_wp_cron=1624945355.8902809619903564453125 HTTP/1.1" 200 5463 "https://ajhydell.com/wp-cron.php?doing_wp_cron=1624945355.8902809619903564453125" "WordPress/5.7.2; https://ajhydell.com"
185.191.171.35 - - [29/Jun/2021:01:42:35 -0400] "GET /2021/04/22/the-guards-of-maharajah-ram-singh-iii-in-the-royal-palace-of-jaipur-india-1858-1166-x-1440/ HTTP/1.1" 200 17986 "-" "Mozilla/5.0 (compatible; SemrushBot/7~bl; +http://www.semrush.com/bot.html)"
204.48.19.85 - - [29/Jun/2021:01:42:54 -0400] "POST /wp-cron.php?doing_wp_cron=1624945374.4056351184844970703125 HTTP/1.1" 200 5463 "https://ajhydell.com/wp-cron.php?doing_wp_cron=1624945374.4056351184844970703125" "WordPress/5.7.2; https://ajhydell.com"
54.36.149.36 - - [29/Jun/2021:01:42:54 -0400] "GET /2020/09/02/another-hungarian-communist-propaganda-poster-from-1948-you-were-given-land-give-bread-hungarian-communist-party/ HTTP/1.1" 200 18089 "-" "Mozilla/5.0 (compatible; AhrefsBot/7.0; +http://ahrefs.com/robot/)"
204.48.19.85 - - [29/Jun/2021:01:44:06 -0400] "POST /wp-cron.php?doing_wp_cron=1624945446.4498369693756103515625 HTTP/1.1" 200 5463 "https://ajhydell.com/wp-cron.php?doing_wp_cron=1624945446.4498369693756103515625" "WordPress/5.7.2; https://ajhydell.com"
185.191.171.7 - - [29/Jun/2021:01:44:06 -0400] "GET /2020/10/13/shasta-dam-under-construction-june-1942-russell-lee-farm-security-administration-fsa-6022-x-4498/ HTTP/1.1" 200 18210 "-" "Mozilla/5.0 (compatible; SemrushBot/7~bl; +http://www.semrush.com/bot.html)"
204.48.19.85 - - [29/Jun/2021:01:45:28 -0400] "POST /wp-cron.php?doing_wp_cron=1624945528.9466989040374755859375 HTTP/1.1" 200 5463 "https://ajhydell.com/wp-cron.php?doing_wp_cron=1624945528.9466989040374755859375" "WordPress/5.7.2; https://ajhydell.com"
54.36.148.47 - - [29/Jun/2021:01:45:28 -0400] "GET /2020/09/21/communism-will-certainly-be-realized-commemorate-the-day-that-karl-marx-died-100-years-ago-china-1983/ HTTP/1.1" 200 18167 "-" "Mozilla/5.0 (compatible; AhrefsBot/7.0; +http://ahrefs.com/robot/)"
185.191.171.33 - - [29/Jun/2021:01:45:42 -0400] "GET /2021/03/17/kiss-c-1900/ HTTP/1.1" 200 18035 "-" "Mozilla/5.0 (compatible; SemrushBot/7~bl; +http://www.semrush.com/bot.html)"
218.48.129.76 - - [29/Jun/2021:01:46:37 -0400] "-" 408 5267 "-" "-"
204.48.19.85 - - [29/Jun/2021:01:46:52 -0400] "POST /wp-cron.php?doing_wp_cron=1624945612.6535429954528808593750 HTTP/1.1" 200 5463 "https://ajhydell.com/wp-cron.php?doing_wp_cron=1624945612.6535429954528808593750" "WordPress/5.7.2; https://ajhydell.com"
77.75.76.169 - - [29/Jun/2021:01:46:52 -0400] "GET /robots.txt HTTP/1.1" 200 5685 "-" "Mozilla/5.0 (compatible; SeznamBot/3.2; +http://napoveda.seznam.cz/en/seznambot-intro/)"
77.75.76.169 - - [29/Jun/2021:01:46:54 -0400] "GET /wp-content/uploads/2021/05/picture-72.jpg HTTP/1.1" 304 5440 "-" "Mozilla/5.0 (compatible; SeznamBot/3.2; +http://napoveda.seznam.cz/en/seznambot-intro/)"
204.48.19.85 - - [29/Jun/2021:01:47:50 -0400] "POST /wp-cron.php?doing_wp_cron=1624945670.2699730396270751953125 HTTP/1.1" 200 5463 "https://ajhydell.com/wp-cron.php?doing_wp_cron=1624945670.2699730396270751953125" "WordPress/5.7.2; https://ajhydell.com"
157.55.39.134 - - [29/Jun/2021:01:47:50 -0400] "GET /2020/02/12/for-the-work-of-a-day-for-the-taxes-we-pay-for-the-laws-we-obey-we-want-something-to-say-votes-for-women-postcard-c-1913/ HTTP/1.1" 200 17870 "-" "Mozilla/5.0 (compatible; bingbot/2.0; +http://www.bing.com/bingbot.htm)"
54.36.149.36 - - [29/Jun/2021:01:47:54 -0400] "GET /2021/02/16/shirley-jones-for-sunbeams-coney-island-hotdog-and-bun-steamer-1978/ HTTP/1.1" 200 18194 "-" "Mozilla/5.0 (compatible; AhrefsBot/7.0; +http://ahrefs.com/robot/)"
49.7.20.65 - - [29/Jun/2021:01:48:00 -0400] "GET / HTTP/1.1" 200 19225 "-" "Sogou web spider/4.0(+http://www.sogou.com/docs/help/webmasters.htm#07)"
204.48.19.85 - - [29/Jun/2021:01:48:51 -0400] "POST /wp-cron.php?doing_wp_cron=1624945731.3474359512329101562500 HTTP/1.1" 200 5463 "https://ajhydell.com/wp-cron.php?doing_wp_cron=1624945731.3474359512329101562500" "WordPress/5.7.2; https://ajhydell.com"
103.3.245.113 - - [29/Jun/2021:01:48:51 -0400] "POST /wp-login.php HTTP/1.1" 503 23965 "-" "Mozilla/5.0 (Windows NT 6.1) AppleWebKit/537.36 (KHTML, like Gecko) Chrome/59.0.3071.115 Safari/537.36"
204.48.19.85 - - [29/Jun/2021:01:50:21 -0400] "POST /wp-cron.php?doing_wp_cron=1624945821.7560570240020751953125 HTTP/1.1" 200 5463 "https://ajhydell.com/wp-cron.php?doing_wp_cron=1624945821.7560570240020751953125" "WordPress/5.7.2; https://ajhydell.com"
54.36.149.69 - - [29/Jun/2021:01:50:21 -0400] "GET /2020/09/02/free-french-soldiers-attend-a-mass-at-sunrise-during-the-battle-of-bardia-1941-800-x-594/ HTTP/1.1" 200 17956 "-" "Mozilla/5.0 (compatible; AhrefsBot/7.0; +http://ahrefs.com/robot/)"
116.20.40.52 - - [29/Jun/2021:01:50:39 -0400] "GET /wp-content/uploads/2021/02/picture-70.jpg HTTP/1.1" 200 269273 "https://yandex.com/images/search?cbir_page=similar&family=yes&pos=0&url=https%3A%2F%2Favatars.mds.yandex.net%2Fget-images-cbir%2F4612291%2FRxuLzFFNBOwolwSk7FnLPA7759%2Forig&cbir_id=4612291%2FRxuLzFFNBOwolwSk7FnLPA7759&img_url=https%3A%2F%2Fscontent-arn2-2.cdninstagram.com%2Fv%2Ft51.2885-15%2Fe35%2Fc0.48.385.385a%2F89601830_202090161002357_3174713879655067303_n.jpg%3F_nc_ht%3Dscontent-arn2-2.cdninstagram.com%26_nc_cat%3D105%26_nc_ohc%3D5bUjj-J2cEUAX_Xt2oB%26oh%3D38dc6defe9a22c991204903a1491943c%26oe%3D5F840F14&rpt=imageview" "Mozilla/5.0 (Windows NT 6.1; WOW64) AppleWebKit/537.36 (KHTML, like Gecko) Chrome/86.0.4240.198 Safari/537.36"
204.48.19.85 - - [29/Jun/2021:01:50:49 -0400] "POST /wp-cron.php?doing_wp_cron=1624945849.5561840534210205078125 HTTP/1.1" 200 5463 "https://ajhydell.com/wp-cron.php?doing_wp_cron=1624945849.5561840534210205078125" "WordPress/5.7.2; https://ajhydell.com"
185.191.171.14 - - [29/Jun/2021:01:50:49 -0400] "GET /2020/04/22/ HTTP/1.1" 200 17594 "-" "Mozilla/5.0 (compatible; SemrushBot/7~bl; +http://www.semrush.com/bot.html)"
116.20.40.52 - - [29/Jun/2021:01:50:59 -0400] "-" 408 5209 "-" "-"
185.191.171.1 - - [29/Jun/2021:01:51:39 -0400] "GET /2018/09/13/teamwork-riflemen-draw-sights-on-a-jap-hillside-position-as-a-flame-throwing-tank-shoots-a-tongue-of-flame-at-the-enemy-this-photo-was-found-in-the-camera-of-a-wounded-combat-photographer/ HTTP/1.1" 200 18302 "-" "Mozilla/5.0 (compatible; SemrushBot/7~bl; +http://www.semrush.com/bot.html)"
204.48.19.85 - - [29/Jun/2021:01:52:45 -0400] "POST /wp-cron.php?doing_wp_cron=1624945965.2338678836822509765625 HTTP/1.1" 200 5463 "https://ajhydell.com/wp-cron.php?doing_wp_cron=1624945965.2338678836822509765625" "WordPress/5.7.2; https://ajhydell.com"
54.36.149.36 - - [29/Jun/2021:01:52:45 -0400] "GET /2020/01/16/pro-irish-reunification-poster-2014/ HTTP/1.1" 200 17907 "-" "Mozilla/5.0 (compatible; AhrefsBot/7.0; +http://ahrefs.com/robot/)"
204.48.19.85 - - [29/Jun/2021:01:55:09 -0400] "POST /wp-cron.php?doing_wp_cron=1624946109.8143000602722167968750 HTTP/1.1" 200 5463 "https://ajhydell.com/wp-cron.php?doing_wp_cron=1624946109.8143000602722167968750" "WordPress/5.7.2; https://ajhydell.com"
54.36.149.36 - - [29/Jun/2021:01:55:09 -0400] "GET /2019/10/15/burial-at-sea-aboard-uss-hancock-for-those-killed-by-japanese-special-attack-two-days-prior-off-okinawa-japan-9-apr-1945/ HTTP/1.1" 200 18136 "-" "Mozilla/5.0 (compatible; AhrefsBot/7.0; +http://ahrefs.com/robot/)"
204.48.19.85 - - [29/Jun/2021:01:56:58 -0400] "POST /wp-cron.php?doing_wp_cron=1624946218.4065339565277099609375 HTTP/1.1" 200 5463 "https://ajhydell.com/wp-cron.php?doing_wp_cron=1624946218.4065339565277099609375" "WordPress/5.7.2; https://ajhydell.com"
211.249.246.164 - - [29/Jun/2021:01:56:58 -0400] "GET /robots.txt HTTP/1.1" 200 5050 "-" "Mozilla/5.0 (compatible; Daum/4.1; +http://cs.daum.net/faq/15/4118.html?faqId=28966)"
211.249.246.164 - - [29/Jun/2021:01:56:59 -0400] "GET /?p=1991 HTTP/1.1" 301 5030 "-" "Mozilla/5.0 (compatible; Daum/4.1; +http://cs.daum.net/faq/15/4118.html?faqId=28966)"
211.249.246.164 - - [29/Jun/2021:01:57:05 -0400] "GET /?p=664 HTTP/1.1" 301 4970 "-" "Mozilla/5.0 (compatible; Daum/4.1; +http://cs.daum.net/faq/15/4118.html?faqId=28966)"
211.249.246.164 - - [29/Jun/2021:01:57:10 -0400] "GET /2018/09/20/i-will-build-a-new-day-myself-ussr-1988/ HTTP/1.1" 200 66677 "-" "Mozilla/5.0 (compatible; Daum/4.1; +http://cs.daum.net/faq/15/4118.html?faqId=28966)"
211.249.246.164 - - [29/Jun/2021:01:57:17 -0400] "GET /2019/01/31/finnish-soldiers-and-german-waffen-ss-volunteers-on-a-rail-cart-in-kiestinki-karelia-22-august-1941/ HTTP/1.1" 200 67848 "-" "Mozilla/5.0 (compatible; Daum/4.1; +http://cs.daum.net/faq/15/4118.html?faqId=28966)"
211.249.246.164 - - [29/Jun/2021:01:57:23 -0400] "GET /2019/11/14/the-last-survivor-of-the-transatlantic-slave-trade-cudjo-lewis-1931/ HTTP/1.1" 200 67371 "-" "Mozilla/5.0 (compatible; Daum/4.1; +http://cs.daum.net/faq/15/4118.html?faqId=28966)"
211.249.246.164 - - [29/Jun/2021:01:57:30 -0400] "GET /?p=1991 HTTP/1.1" 301 5030 "-" "Mozilla/5.0 (compatible; Daum/4.1; +http://cs.daum.net/faq/15/4118.html?faqId=28966)"
54.36.148.138 - - [29/Jun/2021:01:57:32 -0400] "GET /2020/03/31/a-patient-is-restrained-in-a-mental-institution-in-france-in-1900-990-x-1340/ HTTP/1.1" 200 18135 "-" "Mozilla/5.0 (compatible; AhrefsBot/7.0; +http://ahrefs.com/robot/)"
211.249.246.164 - - [29/Jun/2021:01:57:35 -0400] "GET /?p=664 HTTP/1.1" 301 4970 "-" "Mozilla/5.0 (compatible; Daum/4.1; +http://cs.daum.net/faq/15/4118.html?faqId=28966)"
185.191.171.44 - - [29/Jun/2021:01:57:41 -0400] "GET /robots.txt HTTP/1.1" 200 5648 "-" "Mozilla/5.0 (compatible; SemrushBot/7~bl; +http://www.semrush.com/bot.html)"
211.249.246.164 - - [29/Jun/2021:01:57:41 -0400] "GET /2019/11/14/the-last-survivor-of-the-transatlantic-slave-trade-cudjo-lewis-1931/ HTTP/1.1" 200 67371 "-" "Mozilla/5.0 (compatible; Daum/4.1; +http://cs.daum.net/faq/15/4118.html?faqId=28966)"
185.191.171.10 - - [29/Jun/2021:01:57:41 -0400] "GET /2020/11/18/adds-wings-texaco-sky-chief-gasoline-1947/ HTTP/1.1" 200 18075 "-" "Mozilla/5.0 (compatible; SemrushBot/7~bl; +http://www.semrush.com/bot.html)"
204.48.19.85 - - [29/Jun/2021:01:57:47 -0400] "POST /wp-cron.php?doing_wp_cron=1624946267.4325699806213378906250 HTTP/1.1" 200 5463 "https://ajhydell.com/wp-cron.php?doing_wp_cron=1624946267.4325699806213378906250" "WordPress/5.7.2; https://ajhydell.com"
13.66.139.0 - - [29/Jun/2021:01:57:47 -0400] "GET /2019/01/27/this-is-what-awaits-us-if-the-common-front-disarms-france-france-1940-artwork-by-andre-galland/ HTTP/1.1" 200 17851 "-" "Mozilla/5.0 (compatible; bingbot/2.0; +http://www.bing.com/bingbot.htm)"
211.249.246.164 - - [29/Jun/2021:01:57:48 -0400] "GET /?p=1991 HTTP/1.1" 301 5030 "-" "Mozilla/5.0 (compatible; Daum/4.1; +http://cs.daum.net/faq/15/4118.html?faqId=28966)"
211.249.246.164 - - [29/Jun/2021:01:57:54 -0400] "GET /?p=664 HTTP/1.1" 301 4970 "-" "Mozilla/5.0 (compatible; Daum/4.1; +http://cs.daum.net/faq/15/4118.html?faqId=28966)"
211.249.246.164 - - [29/Jun/2021:01:57:59 -0400] "GET /2019/11/14/the-last-survivor-of-the-transatlantic-slave-trade-cudjo-lewis-1931/ HTTP/1.1" 200 67371 "-" "Mozilla/5.0 (compatible; Daum/4.1; +http://cs.daum.net/faq/15/4118.html?faqId=28966)"
211.249.246.164 - - [29/Jun/2021:01:58:06 -0400] "GET /?p=1991 HTTP/1.1" 301 5030 "-" "Mozilla/5.0 (compatible; Daum/4.1; +http://cs.daum.net/faq/15/4118.html?faqId=28966)"
211.249.246.164 - - [29/Jun/2021:01:58:12 -0400] "GET /?p=664 HTTP/1.1" 301 4970 "-" "Mozilla/5.0 (compatible; Daum/4.1; +http://cs.daum.net/faq/15/4118.html?faqId=28966)"
211.249.246.164 - - [29/Jun/2021:01:58:17 -0400] "GET /2019/11/14/the-last-survivor-of-the-transatlantic-slave-trade-cudjo-lewis-1931/ HTTP/1.1" 200 67371 "-" "Mozilla/5.0 (compatible; Daum/4.1; +http://cs.daum.net/faq/15/4118.html?faqId=28966)"
211.249.246.164 - - [29/Jun/2021:01:58:24 -0400] "GET /?p=1991 HTTP/1.1" 301 5030 "-" "Mozilla/5.0 (compatible; Daum/4.1; +http://cs.daum.net/faq/15/4118.html?faqId=28966)"
211.249.246.164 - - [29/Jun/2021:01:58:30 -0400] "GET /?p=664 HTTP/1.1" 301 4970 "-" "Mozilla/5.0 (compatible; Daum/4.1; +http://cs.daum.net/faq/15/4118.html?faqId=28966)"
211.249.246.164 - - [29/Jun/2021:01:58:35 -0400] "GET /2019/11/14/the-last-survivor-of-the-transatlantic-slave-trade-cudjo-lewis-1931/ HTTP/1.1" 200 67371 "-" "Mozilla/5.0 (compatible; Daum/4.1; +http://cs.daum.net/faq/15/4118.html?faqId=28966)"
185.191.171.45 - - [29/Jun/2021:01:58:37 -0400] "GET /2019/10/06/ HTTP/1.1" 200 17463 "-" "Mozilla/5.0 (compatible; SemrushBot/7~bl; +http://www.semrush.com/bot.html)"
211.249.246.164 - - [29/Jun/2021:01:58:42 -0400] "GET /?p=1991 HTTP/1.1" 301 5030 "-" "Mozilla/5.0 (compatible; Daum/4.1; +http://cs.daum.net/faq/15/4118.html?faqId=28966)"
204.48.19.85 - - [29/Jun/2021:01:58:48 -0400] "POST /wp-cron.php?doing_wp_cron=1624946328.4002139568328857421875 HTTP/1.1" 200 5463 "https://ajhydell.com/wp-cron.php?doing_wp_cron=1624946328.4002139568328857421875" "WordPress/5.7.2; https://ajhydell.com"
211.249.246.164 - - [29/Jun/2021:01:58:48 -0400] "GET /?p=664 HTTP/1.1" 301 4970 "-" "Mozilla/5.0 (compatible; Daum/4.1; +http://cs.daum.net/faq/15/4118.html?faqId=28966)"
211.249.246.164 - - [29/Jun/2021:01:58:54 -0400] "GET /2019/11/14/the-last-survivor-of-the-transatlantic-slave-trade-cudjo-lewis-1931/ HTTP/1.1" 200 67371 "-" "Mozilla/5.0 (compatible; Daum/4.1; +http://cs.daum.net/faq/15/4118.html?faqId=28966)"
204.48.19.85 - - [29/Jun/2021:01:59:50 -0400] "POST /wp-cron.php?doing_wp_cron=1624946390.8244080543518066406250 HTTP/1.1" 200 5463 "https://ajhydell.com/wp-cron.php?doing_wp_cron=1624946390.8244080543518066406250" "WordPress/5.7.2; https://ajhydell.com"
54.36.149.36 - - [29/Jun/2021:01:59:50 -0400] "GET /2021/02/18/george-h-w-bush-takes-a-toboggan-ride-with-arnold-schwarzenegger-at-camp-david-1991-900x617/ HTTP/1.1" 200 18222 "-" "Mozilla/5.0 (compatible; AhrefsBot/7.0; +http://ahrefs.com/robot/)"
195.201.58.104 - - [29/Jun/2021:02:00:21 -0400] "GET /feed/ HTTP/1.1" 200 7049 "-" "AwarioRssBot/1.0 (+https://awario.com/bots.html; bots@awario.com)"
66.249.79.18 - - [29/Jun/2021:02:00:35 -0400] "GET /robots.txt HTTP/1.1" 200 5685 "-" "Mozilla/5.0 (compatible; Googlebot/2.1; +http://www.google.com/bot.html)"
66.249.79.16 - - [29/Jun/2021:02:00:35 -0400] "GET /wp-content/uploads/2018/08/picture-47.jpg HTTP/1.1" 200 1814511 "-" "Googlebot-Image/1.0"
204.48.19.85 - - [29/Jun/2021:02:02:08 -0400] "POST /wp-cron.php?doing_wp_cron=1624946528.9824650287628173828125 HTTP/1.1" 200 5463 "https://ajhydell.com/wp-cron.php?doing_wp_cron=1624946528.9824650287628173828125" "WordPress/5.7.2; https://ajhydell.com"
54.36.148.75 - - [29/Jun/2021:02:02:08 -0400] "GET /2019/03/31/richard-nixon-at-his-wifes-funeral-june-26-1993-760x488/ HTTP/1.1" 200 18175 "-" "Mozilla/5.0 (compatible; AhrefsBot/7.0; +http://ahrefs.com/robot/)"
5.255.231.130 - - [29/Jun/2021:02:02:31 -0400] "GET /2021/06/05/students-dance-in-tiananmen-square-before-the-arrival-of-the-chinese-military-june-4th-1989-499x767/feed/ HTTP/1.1" 200 6405 "-" "Mozilla/5.0 (compatible; YandexBot/3.0; +http://yandex.com/bots)"
40.77.167.20 - - [29/Jun/2021:02:03:58 -0400] "GET /wp-content/uploads/2019/07/picture-31.jpg HTTP/1.1" 200 51399 "-" "Mozilla/5.0 (compatible; bingbot/2.0; +http://www.bing.com/bingbot.htm)"
207.46.13.80 - - [29/Jun/2021:02:04:02 -0400] "GET /wp-content/uploads/2019/10/picture-84.jpg HTTP/1.1" 200 458037 "-" "Mozilla/5.0 (compatible; bingbot/2.0; +http://www.bing.com/bingbot.htm)"
204.48.19.85 - - [29/Jun/2021:02:04:34 -0400] "POST /wp-cron.php?doing_wp_cron=1624946674.5044920444488525390625 HTTP/1.1" 200 5463 "https://ajhydell.com/wp-cron.php?doing_wp_cron=1624946674.5044920444488525390625" "WordPress/5.7.2; https://ajhydell.com"
54.36.149.36 - - [29/Jun/2021:02:04:34 -0400] "GET /2018/10/03/rittmeister-manfred-von-richthofen-1892-1918/ HTTP/1.1" 200 17867 "-" "Mozilla/5.0 (compatible; AhrefsBot/7.0; +http://ahrefs.com/robot/)"
204.48.19.85 - - [29/Jun/2021:02:04:50 -0400] "POST /wp-cron.php?doing_wp_cron=1624946690.5795819759368896484375 HTTP/1.1" 200 5463 "https://ajhydell.com/wp-cron.php?doing_wp_cron=1624946690.5795819759368896484375" "WordPress/5.7.2; https://ajhydell.com"
162.221.192.26 - - [29/Jun/2021:02:04:50 -0400] "GET / HTTP/1.1" 200 19078 "-" "Mozilla/5.0 (Windows NT 10.0; Win64; x64) AppleWebKit/537.36 (KHTML, like Gecko) Chrome/60.0.3112.113 Safari/537.36"
204.48.19.85 - - [29/Jun/2021:02:06:03 -0400] "POST /wp-cron.php?doing_wp_cron=1624946763.5719220638275146484375 HTTP/1.1" 200 5463 "https://ajhydell.com/wp-cron.php?doing_wp_cron=1624946763.5719220638275146484375" "WordPress/5.7.2; https://ajhydell.com"
185.191.171.5 - - [29/Jun/2021:02:06:03 -0400] "GET /2020/02/11/december-4-1978-black-sabbath-and-the-ramones-at-the-long-beach-arena-all-seats-reserved-8-50-7-50/ HTTP/1.1" 200 18127 "-" "Mozilla/5.0 (compatible; SemrushBot/7~bl; +http://www.semrush.com/bot.html)"
204.48.19.85 - - [29/Jun/2021:02:06:49 -0400] "POST /wp-cron.php?doing_wp_cron=1624946809.8317949771881103515625 HTTP/1.1" 200 5463 "https://ajhydell.com/wp-cron.php?doing_wp_cron=1624946809.8317949771881103515625" "WordPress/5.7.2; https://ajhydell.com"
54.36.149.36 - - [29/Jun/2021:02:06:49 -0400] "GET /2020/03/31/us-soldiers-from-the-89th-infantry-division-hunker-down-in-a-dukw-vehicle-while-crossing-the-river-rhine-march-1945/ HTTP/1.1" 200 18082 "-" "Mozilla/5.0 (compatible; AhrefsBot/7.0; +http://ahrefs.com/robot/)"
131.220.6.152 - - [29/Jun/2021:02:06:54 -0400] "GET / HTTP/1.1" 200 19677 "-" "Mozilla/5.0 (X11; Linux x86_64) AppleWebKit/537.36 (KHTML, like Gecko) Chrome/79.0.3945.79 Safari/537.36"
121.40.123.199 - - [29/Jun/2021:02:06:59 -0400] "GET /shell.php HTTP/1.1" 301 323 "http://simplesite.com" "Mozilla/5.0 (Windows; U; Windows NT 5.1; en-US) AppleWebKit/533.4 (KHTML, like Gecko) Chrome/5.0.375.99 Safari/533.4"
207.46.13.151 - - [29/Jun/2021:02:07:00 -0400] "GET /2020/11/03/beam-me-up-scotty-1976-mego-ad-for-the-star-trek-tricorde/ HTTP/1.1" 200 17623 "-" "Mozilla/5.0 (compatible; bingbot/2.0; +http://www.bing.com/bingbot.htm)"
121.40.123.199 - - [29/Jun/2021:02:07:02 -0400] "GET /shell.php HTTP/1.1" 404 62657 "http://ajhydell.com/shell.php" "Mozilla/5.0 (Windows; U; Windows NT 5.1; en-US) AppleWebKit/533.4 (KHTML, like Gecko) Chrome/5.0.375.99 Safari/533.4"
121.40.123.199 - - [29/Jun/2021:02:07:05 -0400] "GET /shell.php HTTP/1.1" 301 323 "http://simplesite.com" "Mozilla/5.0 (Windows; U; Windows NT 5.1; en-US) AppleWebKit/533.4 (KHTML, like Gecko) Chrome/5.0.375.99 Safari/533.4"
121.40.123.199 - - [29/Jun/2021:02:07:09 -0400] "GET /shell.php HTTP/1.1" 404 62657 "http://ajhydell.com/shell.php" "Mozilla/5.0 (Windows; U; Windows NT 5.1; en-US) AppleWebKit/533.4 (KHTML, like Gecko) Chrome/5.0.375.99 Safari/533.4"
185.191.171.11 - - [29/Jun/2021:02:07:26 -0400] "GET /2021/01/25/voted-the-ideal-couple-but-her-husband-knew-of-her-one-neglect-lysol-1940/ HTTP/1.1" 200 18178 "-" "Mozilla/5.0 (compatible; SemrushBot/7~bl; +http://www.semrush.com/bot.html)"
204.48.19.85 - - [29/Jun/2021:02:08:43 -0400] "POST /wp-cron.php?doing_wp_cron=1624946923.3894898891448974609375 HTTP/1.1" 200 5463 "https://ajhydell.com/wp-cron.php?doing_wp_cron=1624946923.3894898891448974609375" "WordPress/5.7.2; https://ajhydell.com"
157.55.39.136 - - [29/Jun/2021:02:08:43 -0400] "GET /2020/11/16/captured-british-troops-falklands-war-1982-959x631/ HTTP/1.1" 200 17602 "-" "Mozilla/5.0 (compatible; bingbot/2.0; +http://www.bing.com/bingbot.htm)"
204.48.19.85 - - [29/Jun/2021:02:08:54 -0400] "POST /wp-cron.php?doing_wp_cron=1624946934.4209480285644531250000 HTTP/1.1" 200 5463 "https://ajhydell.com/wp-cron.php?doing_wp_cron=1624946934.4209480285644531250000" "WordPress/5.7.2; https://ajhydell.com"
66.249.79.18 - - [29/Jun/2021:02:08:54 -0400] "GET /2019/05/13/bakers-breakfast-cocoa-ad-from-scientific-american-for-april-1886/ HTTP/1.1" 200 18235 "-" "Mozilla/5.0 (compatible; Googlebot/2.1; +http://www.google.com/bot.html)"
54.36.148.148 - - [29/Jun/2021:02:09:08 -0400] "GET /2020/11/05/a-cia-case-officer-is-photographed-at-a-dead-drop-location-in-moscow-1962-2575x2575/ HTTP/1.1" 200 18227 "-" "Mozilla/5.0 (compatible; AhrefsBot/7.0; +http://ahrefs.com/robot/)"
204.48.19.85 - - [29/Jun/2021:02:10:50 -0400] "POST /wp-cron.php?doing_wp_cron=1624947050.7547938823699951171875 HTTP/1.1" 200 232 "http://ajhydell.com/wp-cron.php?doing_wp_cron=1624947050.7547938823699951171875" "WordPress/5.7.2; https://ajhydell.com"
5.188.210.4 - - [29/Jun/2021:02:10:50 -0400] "GET /admin/editor/editor/filemanager/connectors/php/connector.php?Command=GetFoldersAndFiles&Type=File&CurrentFolder=%2F HTTP/1.0" 301 448 "-" "Mozilla/5.0 (Windows NT 6.3; Win64; x64) AppleWebKit/537.36 (KHTML, like Gecko) Chrome/75.0.3770.100 Safari/537.36"
5.188.210.4 - - [29/Jun/2021:02:10:51 -0400] "GET /admin/editor/editor/filemanager/connectors/php/connector.php?Command=GetFoldersAndFiles&Type=File&CurrentFolder=%2F HTTP/1.0" 404 62865 "-" "Mozilla/5.0 (Windows NT 6.3; Win64; x64) AppleWebKit/537.36 (KHTML, like Gecko) Chrome/75.0.3770.100 Safari/537.36"
51.89.155.5 - - [29/Jun/2021:02:11:01 -0400] "POST /wp-login.php HTTP/1.1" 503 23965 "-" "Mozilla/5.0 (Windows NT 6.1; WOW64) AppleWebKit/537.36 (KHTML, like Gecko) Chrome/36.0.1985.125 Safari/537.36"
204.48.19.85 - - [29/Jun/2021:02:11:36 -0400] "POST /wp-cron.php?doing_wp_cron=1624947096.6113939285278320312500 HTTP/1.1" 200 5463 "https://ajhydell.com/wp-cron.php?doing_wp_cron=1624947096.6113939285278320312500" "WordPress/5.7.2; https://ajhydell.com"
54.36.149.36 - - [29/Jun/2021:02:11:36 -0400] "GET /2019/03/20/kurt-von-schleicher-the-last-german-chancellor-before-hitler-took-power/ HTTP/1.1" 200 17952 "-" "Mozilla/5.0 (compatible; AhrefsBot/7.0; +http://ahrefs.com/robot/)"
204.48.19.85 - - [29/Jun/2021:02:12:40 -0400] "POST /wp-cron.php?doing_wp_cron=1624947160.0105459690093994140625 HTTP/1.1" 200 5463 "https://ajhydell.com/wp-cron.php?doing_wp_cron=1624947160.0105459690093994140625" "WordPress/5.7.2; https://ajhydell.com"
185.191.171.2 - - [29/Jun/2021:02:12:39 -0400] "GET /2018/12/03/leonid-rogozov-cutting-out-his-own-appendix-30-april-1961/ HTTP/1.1" 200 18078 "-" "Mozilla/5.0 (compatible; SemrushBot/7~bl; +http://www.semrush.com/bot.html)"
204.48.19.85 - - [29/Jun/2021:02:13:56 -0400] "POST /wp-cron.php?doing_wp_cron=1624947236.5376360416412353515625 HTTP/1.1" 200 5463 "https://ajhydell.com/wp-cron.php?doing_wp_cron=1624947236.5376360416412353515625" "WordPress/5.7.2; https://ajhydell.com"
54.36.149.36 - - [29/Jun/2021:02:13:56 -0400] "GET /2019/03/23/classy-campers-somewhere-in-usa-1915-close-ups-in-comments/ HTTP/1.1" 200 18022 "-" "Mozilla/5.0 (compatible; AhrefsBot/7.0; +http://ahrefs.com/robot/)"
185.191.171.6 - - [29/Jun/2021:02:14:00 -0400] "GET /2019/10/25/my-5th-grade-class-1976/ HTTP/1.1" 200 18037 "-" "Mozilla/5.0 (compatible; SemrushBot/7~bl; +http://www.semrush.com/bot.html)"
204.48.19.85 - - [29/Jun/2021:02:16:14 -0400] "GET / HTTP/1.1" 200 19243 "https://ajhydell.com/" "WordPress/5.7.2; https://ajhydell.com"
204.48.19.85 - - [29/Jun/2021:02:16:14 -0400] "POST /wp-cron.php?doing_wp_cron=1624947374.8620929718017578125000 HTTP/1.1" 200 5463 "https://ajhydell.com/wp-cron.php?doing_wp_cron=1624947374.8620929718017578125000" "WordPress/5.7.2; https://ajhydell.com"
54.36.149.36 - - [29/Jun/2021:02:16:14 -0400] "GET /2019/03/22/night-fishing-in-hawaii-1948-1200x1200/ HTTP/1.1" 200 17972 "-" "Mozilla/5.0 (compatible; AhrefsBot/7.0; +http://ahrefs.com/robot/)"
5.255.231.130 - - [29/Jun/2021:02:16:20 -0400] "GET /2020/11/16/captured-british-troops-falklands-war-1982-959x631/ HTTP/1.1" 200 18007 "-" "Mozilla/5.0 (compatible; YandexBot/3.0; +http://yandex.com/bots)"
185.191.171.15 - - [29/Jun/2021:02:16:36 -0400] "GET /2019/05/01/ HTTP/1.1" 200 17312 "-" "Mozilla/5.0 (compatible; SemrushBot/7~bl; +http://www.semrush.com/bot.html)"
204.48.19.85 - - [29/Jun/2021:02:17:53 -0400] "POST /wp-cron.php?doing_wp_cron=1624947473.6728680133819580078125 HTTP/1.1" 200 5463 "https://ajhydell.com/wp-cron.php?doing_wp_cron=1624947473.6728680133819580078125" "WordPress/5.7.2; https://ajhydell.com"
185.191.171.20 - - [29/Jun/2021:02:17:53 -0400] "GET /2020/06/16/two-vietnamese-children-huddling-against-a-canal-bank-for-protection-from-viet-cong-sniper-fire-gaze-at-an-american-paratroopers-m79-grenade-launcher-on-new-years-day-1966-near-bao-trai-540/ HTTP/1.1" 200 18252 "-" "Mozilla/5.0 (compatible; SemrushBot/7~bl; +http://www.semrush.com/bot.html)"
54.36.148.66 - - [29/Jun/2021:02:18:44 -0400] "GET /2018/09/16/the-moment-captured-here-is-elvis-comforting-his-father-after-the-death-of-his-mother-1958-499-x-671/ HTTP/1.1" 200 17991 "-" "Mozilla/5.0 (compatible; AhrefsBot/7.0; +http://ahrefs.com/robot/)"
204.48.19.85 - - [29/Jun/2021:02:19:56 -0400] "POST /wp-cron.php?doing_wp_cron=1624947596.3223009109497070312500 HTTP/1.1" 200 5463 "https://ajhydell.com/wp-cron.php?doing_wp_cron=1624947596.3223009109497070312500" "WordPress/5.7.2; https://ajhydell.com"
185.191.171.45 - - [29/Jun/2021:02:19:56 -0400] "GET /2018/11/22/the-last-hussar-august-von-mackensen-one-of-the-most-capable-german-general-in-world-war-i-in-leib-husaren-regiment-uniform-circa-1914/ HTTP/1.1" 200 18243 "-" "Mozilla/5.0 (compatible; SemrushBot/7~bl; +http://www.semrush.com/bot.html)"
157.55.39.57 - - [29/Jun/2021:02:20:33 -0400] "GET /wp-content/uploads/2018/11/picture-62.jpg HTTP/1.1" 200 384799 "-" "Mozilla/5.0 (compatible; bingbot/2.0; +http://www.bing.com/bingbot.htm)"
204.48.19.85 - - [29/Jun/2021:02:21:08 -0400] "POST /wp-cron.php?doing_wp_cron=1624947668.9234879016876220703125 HTTP/1.1" 200 5463 "https://ajhydell.com/wp-cron.php?doing_wp_cron=1624947668.9234879016876220703125" "WordPress/5.7.2; https://ajhydell.com"
54.36.149.36 - - [29/Jun/2021:02:21:08 -0400] "GET /2020/01/16/marshall-plan-poster-1948/ HTTP/1.1" 200 17899 "-" "Mozilla/5.0 (compatible; AhrefsBot/7.0; +http://ahrefs.com/robot/)"
207.46.13.96 - - [29/Jun/2021:02:21:32 -0400] "GET /2021/06/21/nazi-germany-vision-of-greatness-1933/feed/ HTTP/1.1" 200 5917 "-" "Mozilla/5.0 (compatible; bingbot/2.0; +http://www.bing.com/bingbot.htm)"
204.48.19.85 - - [29/Jun/2021:02:23:12 -0400] "POST /wp-cron.php?doing_wp_cron=1624947792.4514598846435546875000 HTTP/1.1" 200 5463 "https://ajhydell.com/wp-cron.php?doing_wp_cron=1624947792.4514598846435546875000" "WordPress/5.7.2; https://ajhydell.com"
185.191.171.6 - - [29/Jun/2021:02:23:12 -0400] "GET /2018/08/17/ HTTP/1.1" 200 17859 "-" "Mozilla/5.0 (compatible; SemrushBot/7~bl; +http://www.semrush.com/bot.html)"
204.48.19.85 - - [29/Jun/2021:02:23:32 -0400] "POST /wp-cron.php?doing_wp_cron=1624947812.8160960674285888671875 HTTP/1.1" 200 5463 "https://ajhydell.com/wp-cron.php?doing_wp_cron=1624947812.8160960674285888671875" "WordPress/5.7.2; https://ajhydell.com"
54.36.148.147 - - [29/Jun/2021:02:23:32 -0400] "GET /2018/08/14/1975-propaganda-poster-from-the-republic-of-rhodesia-an-unrecognised-state-in-southern-africa-from-1965-to-1979-equivalent-in-territory-to-modern-zimbabwe/ HTTP/1.1" 200 18321 "-" "Mozilla/5.0 (compatible; AhrefsBot/7.0; +http://ahrefs.com/robot/)"
185.189.182.234 - - [29/Jun/2021:02:23:42 -0400] "GET / HTTP/1.0" 400 0 "-" "-"
204.48.19.85 - - [29/Jun/2021:02:25:52 -0400] "POST /wp-cron.php?doing_wp_cron=1624947952.3853869438171386718750 HTTP/1.1" 200 5463 "https://ajhydell.com/wp-cron.php?doing_wp_cron=1624947952.3853869438171386718750" "WordPress/5.7.2; https://ajhydell.com"
54.36.148.57 - - [29/Jun/2021:02:25:52 -0400] "GET /2018/09/18/a-union-soldier-upon-his-release-from-andersonville-prison-after-being-a-prisoner-of-war-during-the-us-civil-war-may-1865-751-x-1280/ HTTP/1.1" 200 18117 "-" "Mozilla/5.0 (compatible; AhrefsBot/7.0; +http://ahrefs.com/robot/)"
207.46.13.120 - - [29/Jun/2021:02:26:33 -0400] "GET /wp-content/uploads/2020/10/picture-100.jpg HTTP/1.1" 200 230981 "-" "Mozilla/5.0 (compatible; bingbot/2.0; +http://www.bing.com/bingbot.htm)"
204.48.19.85 - - [29/Jun/2021:02:28:12 -0400] "POST /wp-cron.php?doing_wp_cron=1624948092.9429800510406494140625 HTTP/1.1" 200 5463 "https://ajhydell.com/wp-cron.php?doing_wp_cron=1624948092.9429800510406494140625" "WordPress/5.7.2; https://ajhydell.com"
54.36.149.61 - - [29/Jun/2021:02:28:12 -0400] "GET /2019/02/09/danish-explorer-peter-freuchen-and-his-third-wife-dagmar-cohn-1947/ HTTP/1.1" 200 17923 "-" "Mozilla/5.0 (compatible; AhrefsBot/7.0; +http://ahrefs.com/robot/)"
204.48.19.85 - - [29/Jun/2021:02:29:04 -0400] "POST /wp-cron.php?doing_wp_cron=1624948144.7777719497680664062500 HTTP/1.1" 200 5463 "https://ajhydell.com/wp-cron.php?doing_wp_cron=1624948144.7777719497680664062500" "WordPress/5.7.2; https://ajhydell.com"
66.249.79.16 - - [29/Jun/2021:02:29:04 -0400] "GET /feed/ HTTP/1.1" 200 7655 "-" "Mozilla/5.0 (compatible; Googlebot/2.1; +http://www.google.com/bot.html)"
204.48.19.85 - - [29/Jun/2021:02:29:54 -0400] "POST /wp-cron.php?doing_wp_cron=1624948194.7276830673217773437500 HTTP/1.1" 200 5463 "https://ajhydell.com/wp-cron.php?doing_wp_cron=1624948194.7276830673217773437500" "WordPress/5.7.2; https://ajhydell.com"
207.46.13.80 - - [29/Jun/2021:02:29:54 -0400] "GET /sitemap-pt-post-2021-06.xml HTTP/1.1" 200 12540 "-" "Mozilla/5.0 (compatible; bingbot/2.0; +http://www.bing.com/bingbot.htm)"
54.36.148.182 - - [29/Jun/2021:02:30:27 -0400] "GET /2021/02/01/a-private-first-class-stands-guard-outside-the-palace-of-justice-in-nuremberg-november-1945-colourised-by-me/ HTTP/1.1" 200 18302 "-" "Mozilla/5.0 (compatible; AhrefsBot/7.0; +http://ahrefs.com/robot/)"
207.46.13.96 - - [29/Jun/2021:02:32:33 -0400] "GET /wp-content/uploads/2021/04/picture-109-768x948.jpg HTTP/1.1" 200 1302290 "-" "Mozilla/5.0 (compatible; bingbot/2.0; +http://www.bing.com/bingbot.htm)"
204.48.19.85 - - [29/Jun/2021:02:32:49 -0400] "POST /wp-cron.php?doing_wp_cron=1624948369.2154181003570556640625 HTTP/1.1" 200 5463 "https://ajhydell.com/wp-cron.php?doing_wp_cron=1624948369.2154181003570556640625" "WordPress/5.7.2; https://ajhydell.com"
54.36.148.192 - - [29/Jun/2021:02:32:49 -0400] "GET /2020/05/20/1943-u-s-propaganda-poster-shows-an-ex-soldier-working-on-the-home-front/ HTTP/1.1" 200 17982 "-" "Mozilla/5.0 (compatible; AhrefsBot/7.0; +http://ahrefs.com/robot/)"
204.48.19.85 - - [29/Jun/2021:02:33:55 -0400] "POST /wp-cron.php?doing_wp_cron=1624948435.2633609771728515625000 HTTP/1.1" 200 5463 "https://ajhydell.com/wp-cron.php?doing_wp_cron=1624948435.2633609771728515625000" "WordPress/5.7.2; https://ajhydell.com"
185.191.171.43 - - [29/Jun/2021:02:33:55 -0400] "GET /2018/10/18/nationwide-shooting-competition-in-krakow-1938-1280x884/ HTTP/1.1" 200 18004 "-" "Mozilla/5.0 (compatible; SemrushBot/7~bl; +http://www.semrush.com/bot.html)"
204.48.19.85 - - [29/Jun/2021:02:35:09 -0400] "POST /wp-cron.php?doing_wp_cron=1624948509.5420761108398437500000 HTTP/1.1" 200 5463 "https://ajhydell.com/wp-cron.php?doing_wp_cron=1624948509.5420761108398437500000" "WordPress/5.7.2; https://ajhydell.com"
54.36.149.36 - - [29/Jun/2021:02:35:09 -0400] "GET /2019/01/27/a-team-of-sas-soldiers-in-northern-africa-1943-800x713/ HTTP/1.1" 200 18055 "-" "Mozilla/5.0 (compatible; AhrefsBot/7.0; +http://ahrefs.com/robot/)"
54.198.46.51 - - [29/Jun/2021:02:35:35 -0400] "GET /robots.txt HTTP/1.1" 200 5032 "https://www.google.com/" "Mozilla/5.0 (Windows NT 10.0; Win64; x64) AppleWebKit/537.36 (KHTML, like Gecko) Chrome/90.0.4430.212 Safari/537.36"
54.198.46.51 - - [29/Jun/2021:02:35:36 -0400] "GET /feed HTTP/1.1" 301 5014 "-" "Rome Client (http://tinyurl.com/64t5n) Ver: UNKNOWN"
54.198.46.51 - - [29/Jun/2021:02:35:36 -0400] "GET /feed/ HTTP/1.1" 200 2961 "-" "Rome Client (http://tinyurl.com/64t5n) Ver: UNKNOWN"
204.48.19.85 - - [29/Jun/2021:02:35:53 -0400] "POST /wp-cron.php?doing_wp_cron=1624948553.7536239624023437500000 HTTP/1.1" 200 5463 "https://ajhydell.com/wp-cron.php?doing_wp_cron=1624948553.7536239624023437500000" "WordPress/5.7.2; https://ajhydell.com"
91.193.20.72 - - [29/Jun/2021:02:35:53 -0400] "POST /wp-login.php HTTP/1.1" 503 23965 "-" "Mozilla/5.0 (Windows NT 6.3; Win64; x64) AppleWebKit/537.36 (KHTML, like Gecko) Chrome/79.0.3945.88 Safari/537.36"
204.48.19.85 - - [29/Jun/2021:02:37:20 -0400] "POST /wp-cron.php?doing_wp_cron=1624948640.9298779964447021484375 HTTP/1.1" 200 5463 "https://ajhydell.com/wp-cron.php?doing_wp_cron=1624948640.9298779964447021484375" "WordPress/5.7.2; https://ajhydell.com"
54.36.149.36 - - [29/Jun/2021:02:37:20 -0400] "GET /2020/03/13/west-germans-face-east-german-border-guards-at-the-brandenburg-gate-1989-1181-x-790/ HTTP/1.1" 200 18017 "-" "Mozilla/5.0 (compatible; AhrefsBot/7.0; +http://ahrefs.com/robot/)"
204.48.19.85 - - [29/Jun/2021:02:39:42 -0400] "POST /wp-cron.php?doing_wp_cron=1624948782.5908129215240478515625 HTTP/1.1" 200 5463 "https://ajhydell.com/wp-cron.php?doing_wp_cron=1624948782.5908129215240478515625" "WordPress/5.7.2; https://ajhydell.com"
54.36.149.36 - - [29/Jun/2021:02:39:42 -0400] "GET /2018/10/18/two-rangers-engage-snipers-holed-up-in-a-warehouse-at-arzew-harboralgeria-1943/ HTTP/1.1" 200 18041 "-" "Mozilla/5.0 (compatible; AhrefsBot/7.0; +http://ahrefs.com/robot/)"
52.154.60.82 - - [29/Jun/2021:02:39:53 -0400] "GET /wp-content/uploads/2020/09/picture-119-662x1024.jpg HTTP/1.1" 200 60481 "-" "DuckDuckBot/1.1; (+http://duckduckgo.com/duckduckbot.html)"
204.48.19.85 - - [29/Jun/2021:02:41:56 -0400] "POST /wp-cron.php?doing_wp_cron=1624948916.4609880447387695312500 HTTP/1.1" 200 5463 "https://ajhydell.com/wp-cron.php?doing_wp_cron=1624948916.4609880447387695312500" "WordPress/5.7.2; https://ajhydell.com"
45.153.217.237 - - [29/Jun/2021:02:41:56 -0400] "GET /2019/11/19/when-nazis-asked-lepa-radic-who-were-her-accomplices-before-they-hanged-her-she-responded-youll-know-them-when-they-come-to-avenge-me-young-serbian-girl-was-hanged-at-the-age-of-17-near-gr/ HTTP/1.0" 200 18237 "https://ajhydell.com/" "Mozilla/5.0 (Windows NT 6.1; rv:45.0) Gecko/20100101 Firefox/45.9.0"
45.153.217.237 - - [29/Jun/2021:02:41:57 -0400] "GET /wp-login.php?action=register HTTP/1.1" 302 5247 "https://ajhydell.com/" "Mozilla/5.0 (Windows NT 6.1; rv:45.0) Gecko/20100101 Firefox/45.9.0"
45.153.217.237 - - [29/Jun/2021:02:41:57 -0400] "GET /wp-login.php?registration=disabled HTTP/1.1" 200 8127 "https://ajhydell.com/wp-login.php?action=register" "Mozilla/5.0 (Windows NT 6.1; rv:45.0) Gecko/20100101 Firefox/45.9.0"
54.36.149.36 - - [29/Jun/2021:02:42:05 -0400] "GET /2018/10/18/you-need-two-eyes-protect-them-uk-1950s-artwork-by-leonard-cusden/ HTTP/1.1" 200 18029 "-" "Mozilla/5.0 (compatible; AhrefsBot/7.0; +http://ahrefs.com/robot/)"
204.48.19.85 - - [29/Jun/2021:02:43:54 -0400] "POST /wp-cron.php?doing_wp_cron=1624949034.7314848899841308593750 HTTP/1.1" 200 5463 "https://ajhydell.com/wp-cron.php?doing_wp_cron=1624949034.7314848899841308593750" "WordPress/5.7.2; https://ajhydell.com"
157.55.39.134 - - [29/Jun/2021:02:43:54 -0400] "GET /sitemap-pt-page-2019-03.xml HTTP/1.1" 200 5496 "-" "Mozilla/5.0 (compatible; bingbot/2.0; +http://www.bing.com/bingbot.htm)"
54.36.149.36 - - [29/Jun/2021:02:44:23 -0400] "GET /2018/10/23/a-free-french-soldier-aids-a-civilian-after-hidden-german-snipers-fire-on-crowds-welcoming-allied-forces-rather-than-follow-orders-to-surrender-paris-1944-472x817/ HTTP/1.1" 200 18192 "-" "Mozilla/5.0 (compatible; AhrefsBot/7.0; +http://ahrefs.com/robot/)"
128.74.50.233 - - [29/Jun/2021:02:44:27 -0400] "GET /wp-content/uploads/2018/10/picture-14.jpg HTTP/1.1" 200 111747 "https://yandex.ru/" "Mozilla/5.0 (X11; Ubuntu; Linux x86_64; rv:89.0) Gecko/20100101 Firefox/89.0"
204.48.19.85 - - [29/Jun/2021:02:45:30 -0400] "POST /wp-cron.php?doing_wp_cron=1624949130.1020350456237792968750 HTTP/1.1" 200 5463 "https://ajhydell.com/wp-cron.php?doing_wp_cron=1624949130.1020350456237792968750" "WordPress/5.7.2; https://ajhydell.com"
23.100.232.233 - - [29/Jun/2021:02:45:30 -0400] "GET /2020/09/17/japanese-dive-bomber-pilot-lieutenant-kiyoto-furuta-he-was-one-of-the-few-ijnas-aviators-to-take-part-in-the-attack-on-pearl-harbor-and-survive-the-war-in-2-separate-occasions-he-scored-hits-with-a/ HTTP/1.1" 200 17477 "-" "Mozilla/5.0 (compatible; MSIE 9.0; Windows NT 6.0; Trident/5.0;  Trident/5.0)"
23.100.232.233 - - [29/Jun/2021:02:45:31 -0400] "GET /wp-content/plugins/add-expires-headers/cache/0/com/processed-header-f16a8d323e83e1bc1b76514e283fb81b7090a959.min.css HTTP/1.1" 200 52893 "https://ajhydell.com/2020/09/17/japanese-dive-bomber-pilot-lieutenant-kiyoto-furuta-he-was-one-of-the-few-ijnas-aviators-to-take-part-in-the-attack-on-pearl-harbor-and-survive-the-war-in-2-separate-occasions-he-scored-hits-with-a/" "Mozilla/5.0 (compatible; MSIE 9.0; Windows NT 6.0; Trident/5.0;  Trident/5.0)"
23.100.232.233 - - [29/Jun/2021:02:45:31 -0400] "GET /wp-content/plugins/google-analytics-for-wordpress/assets/js/frontend-gtag.min.js?ver=7.17.0 HTTP/1.1" 200 3476 "https://ajhydell.com/2020/09/17/japanese-dive-bomber-pilot-lieutenant-kiyoto-furuta-he-was-one-of-the-few-ijnas-aviators-to-take-part-in-the-attack-on-pearl-harbor-and-survive-the-war-in-2-separate-occasions-he-scored-hits-with-a/" "Mozilla/5.0 (compatible; MSIE 9.0; Windows NT 6.0; Trident/5.0;  Trident/5.0)"
23.100.232.233 - - [29/Jun/2021:02:45:31 -0400] "GET /wp-includes/js/jquery/jquery-migrate.min.js?ver=3.3.2 HTTP/1.1" 200 4687 "https://ajhydell.com/2020/09/17/japanese-dive-bomber-pilot-lieutenant-kiyoto-furuta-he-was-one-of-the-few-ijnas-aviators-to-take-part-in-the-attack-on-pearl-harbor-and-survive-the-war-in-2-separate-occasions-he-scored-hits-with-a/" "Mozilla/5.0 (compatible; MSIE 9.0; Windows NT 6.0; Trident/5.0;  Trident/5.0)"
23.100.232.233 - - [29/Jun/2021:02:45:31 -0400] "GET /wp-includes/js/jquery/jquery.min.js?ver=3.5.1 HTTP/1.1" 200 31550 "https://ajhydell.com/2020/09/17/japanese-dive-bomber-pilot-lieutenant-kiyoto-furuta-he-was-one-of-the-few-ijnas-aviators-to-take-part-in-the-attack-on-pearl-harbor-and-survive-the-war-in-2-separate-occasions-he-scored-hits-with-a/" "Mozilla/5.0 (compatible; MSIE 9.0; Windows NT 6.0; Trident/5.0;  Trident/5.0)"
23.100.232.233 - - [29/Jun/2021:02:45:33 -0400] "GET /wp-includes/js/wp-emoji-release.min.js?ver=5.7.2 HTTP/1.1" 200 5183 "https://ajhydell.com/2020/09/17/japanese-dive-bomber-pilot-lieutenant-kiyoto-furuta-he-was-one-of-the-few-ijnas-aviators-to-take-part-in-the-attack-on-pearl-harbor-and-survive-the-war-in-2-separate-occasions-he-scored-hits-with-a/" "Mozilla/5.0 (compatible; MSIE 9.0; Windows NT 6.0; Trident/5.0;  Trident/5.0)"
23.100.232.233 - - [29/Jun/2021:02:45:33 -0400] "GET /wp-content/plugins/wp-smushit/app/assets/js/smush-lazy-load.min.js?ver=3.8.5 HTTP/1.1" 200 4207 "https://ajhydell.com/2020/09/17/japanese-dive-bomber-pilot-lieutenant-kiyoto-furuta-he-was-one-of-the-few-ijnas-aviators-to-take-part-in-the-attack-on-pearl-harbor-and-survive-the-war-in-2-separate-occasions-he-scored-hits-with-a/" "Mozilla/5.0 (compatible; MSIE 9.0; Windows NT 6.0; Trident/5.0;  Trident/5.0)"
23.100.232.233 - - [29/Jun/2021:02:45:33 -0400] "GET /wp-content/themes/royal-magazine/js/navigation.js?ver=20151215 HTTP/1.1" 200 1349 "https://ajhydell.com/2020/09/17/japanese-dive-bomber-pilot-lieutenant-kiyoto-furuta-he-was-one-of-the-few-ijnas-aviators-to-take-part-in-the-attack-on-pearl-harbor-and-survive-the-war-in-2-separate-occasions-he-scored-hits-with-a/" "Mozilla/5.0 (compatible; MSIE 9.0; Windows NT 6.0; Trident/5.0;  Trident/5.0)"
