207.46.13.120 - - [04/Jul/2021:03:10:19 -0400] "GET /wp-content/uploads/2020/08/picture-33.jpg HTTP/1.1" 200 157586 "-" "Mozilla/5.0 (compatible; bingbot/2.0; +http://www.bing.com/bingbot.htm)"
198.148.27.60 - - [04/Jul/2021:03:11:42 -0400] "GET /ads.txt HTTP/1.1" 200 5822 "-" "PulsePoint-Ads.txt-Crawler/1.1"
204.48.19.85 - - [04/Jul/2021:03:12:38 -0400] "POST /wp-cron.php?doing_wp_cron=1625382758.5337460041046142578125 HTTP/1.1" 200 6295 "https://ajhydell.com/wp-cron.php?doing_wp_cron=1625382758.5337460041046142578125" "WordPress/5.7.2; https://ajhydell.com"
54.36.148.117 - - [04/Jul/2021:03:12:38 -0400] "GET /2020/09/28/serve-all-your-meals-on-genuine-asbestos-1909/ HTTP/1.1" 200 19057 "-" "Mozilla/5.0 (compatible; AhrefsBot/7.0; +http://ahrefs.com/robot/)"
204.48.19.85 - - [04/Jul/2021:03:13:41 -0400] "POST /wp-cron.php?doing_wp_cron=1625382821.0298910140991210937500 HTTP/1.1" 200 6295 "https://ajhydell.com/wp-cron.php?doing_wp_cron=1625382821.0298910140991210937500" "WordPress/5.7.2; https://ajhydell.com"
185.191.171.33 - - [04/Jul/2021:03:13:40 -0400] "GET /2021/02/27/ HTTP/1.1" 200 19276 "-" "Mozilla/5.0 (compatible; SemrushBot/7~bl; +http://www.semrush.com/bot.html)"
204.48.19.85 - - [04/Jul/2021:03:14:12 -0400] "POST /wp-cron.php?doing_wp_cron=1625382852.6081149578094482421875 HTTP/1.1" 200 6295 "https://ajhydell.com/wp-cron.php?doing_wp_cron=1625382852.6081149578094482421875" "WordPress/5.7.2; https://ajhydell.com"
13.66.139.1 - - [04/Jul/2021:03:14:12 -0400] "GET /robots.txt HTTP/1.1" 200 6074 "-" "Mozilla/5.0 (compatible; bingbot/2.0; +http://www.bing.com/bingbot.htm)"
13.66.139.0 - - [04/Jul/2021:03:14:15 -0400] "GET /2021/01/25/the-return-of-trieste-to-italy-1954-992-x-690/ HTTP/1.1" 200 18775 "-" "Mozilla/5.0 (compatible; bingbot/2.0; +http://www.bing.com/bingbot.htm)"
185.191.171.15 - - [04/Jul/2021:03:14:18 -0400] "GET /2019/01/23/b-17-bombers-encounter-heavy-flak-fire-over-merseburg-germany-c-1944-765x600/ HTTP/1.1" 200 19083 "-" "Mozilla/5.0 (compatible; SemrushBot/7~bl; +http://www.semrush.com/bot.html)"
192.241.206.185 - - [04/Jul/2021:03:14:31 -0400] "GET / HTTP/1.1" 200 20121 "-" "Mozilla/5.0 zgrab/0.x"
204.48.19.85 - - [04/Jul/2021:03:15:57 -0400] "POST /wp-cron.php?doing_wp_cron=1625382957.5246729850769042968750 HTTP/1.1" 200 6295 "https://ajhydell.com/wp-cron.php?doing_wp_cron=1625382957.5246729850769042968750" "WordPress/5.7.2; https://ajhydell.com"
66.249.66.132 - - [04/Jul/2021:03:15:57 -0400] "GET /sitemap-pt-post-2020-10.xml HTTP/1.1" 200 14659 "-" "Mozilla/5.0 (compatible; Googlebot/2.1; +http://www.google.com/bot.html)"
204.48.19.85 - - [04/Jul/2021:03:16:55 -0400] "POST /wp-cron.php?doing_wp_cron=1625383015.3229260444641113281250 HTTP/1.1" 200 6295 "https://ajhydell.com/wp-cron.php?doing_wp_cron=1625383015.3229260444641113281250" "WordPress/5.7.2; https://ajhydell.com"
54.36.148.117 - - [04/Jul/2021:03:16:55 -0400] "GET /2020/04/15/last-known-photograph-of-karl-marx-taken-in-algeirs1882-1456x1456colourized/ HTTP/1.1" 200 19205 "-" "Mozilla/5.0 (compatible; AhrefsBot/7.0; +http://ahrefs.com/robot/)"
207.46.13.96 - - [04/Jul/2021:03:17:07 -0400] "GET /2021/03/11/viet-cong-guerrilla/ HTTP/1.1" 200 18876 "-" "Mozilla/5.0 (compatible; bingbot/2.0; +http://www.bing.com/bingbot.htm)"
157.55.39.134 - - [04/Jul/2021:03:17:09 -0400] "GET /page/12/ HTTP/1.1" 200 20735 "-" "Mozilla/5.0 (compatible; bingbot/2.0; +http://www.bing.com/bingbot.htm)"
157.55.39.22 - - [04/Jul/2021:03:17:09 -0400] "GET /2021/03/27/ HTTP/1.1" 200 18760 "-" "Mozilla/5.0 (compatible; bingbot/2.0; +http://www.bing.com/bingbot.htm)"
40.77.167.20 - - [04/Jul/2021:03:17:12 -0400] "GET /2021/06/10/a-hookah-cafe-in-istanbul-ottoman-empire-1885-2399-x-1888/ HTTP/1.1" 200 18769 "-" "Mozilla/5.0 (compatible; bingbot/2.0; +http://www.bing.com/bingbot.htm)"
207.46.13.80 - - [04/Jul/2021:03:17:17 -0400] "GET /2018/09/27/iranian-school-boy-1950/ HTTP/1.1" 200 18812 "-" "Mozilla/5.0 (compatible; bingbot/2.0; +http://www.bing.com/bingbot.htm)"
207.46.13.80 - - [04/Jul/2021:03:17:17 -0400] "GET /2021/04/04/ HTTP/1.1" 200 13178 "-" "Mozilla/5.0 (compatible; bingbot/2.0; +http://www.bing.com/bingbot.htm)"
207.46.13.80 - - [04/Jul/2021:03:17:17 -0400] "GET /2021/04/15/ HTTP/1.1" 200 13189 "-" "Mozilla/5.0 (compatible; bingbot/2.0; +http://www.bing.com/bingbot.htm)"
157.55.39.134 - - [04/Jul/2021:03:17:21 -0400] "GET /2021/03/10/ HTTP/1.1" 200 18750 "-" "Mozilla/5.0 (compatible; bingbot/2.0; +http://www.bing.com/bingbot.htm)"
207.46.13.120 - - [04/Jul/2021:03:17:27 -0400] "GET /2021/05/13/1947-jewish-refugees-arrive-in-palestine-with-a-banner-proclaiming-the-germans-destroyed-our-families-and-homes-dont-you-destroy-our-hopes-1125x603/ HTTP/1.1" 200 18991 "-" "Mozilla/5.0 (compatible; bingbot/2.0; +http://www.bing.com/bingbot.htm)"
207.46.13.120 - - [04/Jul/2021:03:17:27 -0400] "GET /page/7/ HTTP/1.1" 200 15356 "-" "Mozilla/5.0 (compatible; bingbot/2.0; +http://www.bing.com/bingbot.htm)"
207.46.13.120 - - [04/Jul/2021:03:17:27 -0400] "GET /2021/04/19/ HTTP/1.1" 200 13709 "-" "Mozilla/5.0 (compatible; bingbot/2.0; +http://www.bing.com/bingbot.htm)"
157.55.39.22 - - [04/Jul/2021:03:17:32 -0400] "GET /2021/04/02/ HTTP/1.1" 200 19067 "-" "Mozilla/5.0 (compatible; bingbot/2.0; +http://www.bing.com/bingbot.htm)"
204.48.19.85 - - [04/Jul/2021:03:19:17 -0400] "POST /wp-cron.php?doing_wp_cron=1625383157.7109730243682861328125 HTTP/1.1" 200 6295 "https://ajhydell.com/wp-cron.php?doing_wp_cron=1625383157.7109730243682861328125" "WordPress/5.7.2; https://ajhydell.com"
40.77.167.20 - - [04/Jul/2021:03:19:17 -0400] "GET /2019/10/02/industrialist-silvio-crespi-with-his-family-1890s-800-x-600/ HTTP/1.1" 200 18764 "-" "Mozilla/5.0 (compatible; bingbot/2.0; +http://www.bing.com/bingbot.htm)"
77.247.108.77 - - [04/Jul/2021:03:19:19 -0400] "GET / HTTP/1.0" 400 0 "-" "-"
204.48.19.85 - - [04/Jul/2021:03:20:10 -0400] "POST /wp-cron.php?doing_wp_cron=1625383210.5148639678955078125000 HTTP/1.1" 200 6295 "https://ajhydell.com/wp-cron.php?doing_wp_cron=1625383210.5148639678955078125000" "WordPress/5.7.2; https://ajhydell.com"
185.191.171.42 - - [04/Jul/2021:03:20:10 -0400] "GET /2018/11/02/ HTTP/1.1" 200 18282 "-" "Mozilla/5.0 (compatible; SemrushBot/7~bl; +http://www.semrush.com/bot.html)"
204.48.19.85 - - [04/Jul/2021:03:21:16 -0400] "POST /wp-cron.php?doing_wp_cron=1625383276.7635080814361572265625 HTTP/1.1" 200 6295 "https://ajhydell.com/wp-cron.php?doing_wp_cron=1625383276.7635080814361572265625" "WordPress/5.7.2; https://ajhydell.com"
54.36.148.117 - - [04/Jul/2021:03:21:16 -0400] "GET /2020/01/26/1900s-anti-feminist-poster/ HTTP/1.1" 200 19034 "-" "Mozilla/5.0 (compatible; AhrefsBot/7.0; +http://ahrefs.com/robot/)"
204.48.19.85 - - [04/Jul/2021:03:25:30 -0400] "POST /wp-cron.php?doing_wp_cron=1625383530.9113440513610839843750 HTTP/1.1" 200 6295 "https://ajhydell.com/wp-cron.php?doing_wp_cron=1625383530.9113440513610839843750" "WordPress/5.7.2; https://ajhydell.com"
66.249.66.132 - - [04/Jul/2021:03:25:30 -0400] "GET /2020/11/29/powerhouse-mechanic-and-steam-pump-1920/ HTTP/1.1" 200 19116 "-" "Mozilla/5.0 (Linux; Android 6.0.1; Nexus 5X Build/MMB29P) AppleWebKit/537.36 (KHTML, like Gecko) Chrome/91.0.4472.90 Mobile Safari/537.36 (compatible; Googlebot/2.1; +http://www.google.com/bot.html)"
157.55.39.22 - - [04/Jul/2021:03:25:31 -0400] "GET /2019/12/28/breda-workers-on-strike-milan-1970s-1600-x-1139/ HTTP/1.1" 200 18709 "-" "Mozilla/5.0 (compatible; bingbot/2.0; +http://www.bing.com/bingbot.htm)"
54.36.148.117 - - [04/Jul/2021:03:25:38 -0400] "GET /2020/06/10/ HTTP/1.1" 200 18722 "-" "Mozilla/5.0 (compatible; AhrefsBot/7.0; +http://ahrefs.com/robot/)"
204.48.19.85 - - [04/Jul/2021:03:25:49 -0400] "POST /wp-cron.php?doing_wp_cron=1625383549.6011500358581542968750 HTTP/1.1" 200 6295 "https://ajhydell.com/wp-cron.php?doing_wp_cron=1625383549.6011500358581542968750" "WordPress/5.7.2; https://ajhydell.com"
185.191.171.39 - - [04/Jul/2021:03:25:49 -0400] "GET /2019/04/16/ HTTP/1.1" 200 18685 "-" "Mozilla/5.0 (compatible; SemrushBot/7~bl; +http://www.semrush.com/bot.html)"
185.191.171.6 - - [04/Jul/2021:03:26:43 -0400] "GET /2021/06/30/aunt-esther-purses-1970s/ HTTP/1.1" 200 18997 "-" "Mozilla/5.0 (compatible; SemrushBot/7~bl; +http://www.semrush.com/bot.html)"
204.48.19.85 - - [04/Jul/2021:03:27:34 -0400] "POST /wp-cron.php?doing_wp_cron=1625383654.6951251029968261718750 HTTP/1.1" 200 6295 "https://ajhydell.com/wp-cron.php?doing_wp_cron=1625383654.6951251029968261718750" "WordPress/5.7.2; https://ajhydell.com"
157.55.39.22 - - [04/Jul/2021:03:27:34 -0400] "GET /2021/06/20/stalin-in-bailov-prison-baku-azerbaijan-march-1910-colorized-by-me-1547x931/ HTTP/1.1" 200 18832 "-" "Mozilla/5.0 (compatible; bingbot/2.0; +http://www.bing.com/bingbot.htm)"
204.48.19.85 - - [04/Jul/2021:03:28:19 -0400] "POST /wp-cron.php?doing_wp_cron=1625383699.8628830909729003906250 HTTP/1.1" 200 6295 "https://ajhydell.com/wp-cron.php?doing_wp_cron=1625383699.8628830909729003906250" "WordPress/5.7.2; https://ajhydell.com"
128.14.141.34 - - [04/Jul/2021:03:28:19 -0400] "GET / HTTP/1.1" 200 20121 "-" "Mozilla/5.0 (Windows NT 10.0; Win64; x64) AppleWebKit/537.36 (KHTML, like Gecko) Chrome/60.0.3112.113 Safari/537.36"
204.48.19.85 - - [04/Jul/2021:03:29:40 -0400] "POST /wp-cron.php?doing_wp_cron=1625383780.0966138839721679687500 HTTP/1.1" 200 6295 "https://ajhydell.com/wp-cron.php?doing_wp_cron=1625383780.0966138839721679687500" "WordPress/5.7.2; https://ajhydell.com"
185.191.171.40 - - [04/Jul/2021:03:29:40 -0400] "GET /2020/12/18/canadian-troops-with-a-mark-iv-tank-after-the-successful-battle-of-amiens-august-1918-2820-x-1920/ HTTP/1.1" 200 19159 "-" "Mozilla/5.0 (compatible; SemrushBot/7~bl; +http://www.semrush.com/bot.html)"
204.48.19.85 - - [04/Jul/2021:03:29:55 -0400] "POST /wp-cron.php?doing_wp_cron=1625383795.7284500598907470703125 HTTP/1.1" 200 6295 "https://ajhydell.com/wp-cron.php?doing_wp_cron=1625383795.7284500598907470703125" "WordPress/5.7.2; https://ajhydell.com"
54.36.148.117 - - [04/Jul/2021:03:29:55 -0400] "GET /2019/01/22/i-came-across-this-bunker-used-as-a-hq-during-wwii-in-western-norway/ HTTP/1.1" 200 19159 "-" "Mozilla/5.0 (compatible; AhrefsBot/7.0; +http://ahrefs.com/robot/)"
207.46.13.8 - - [04/Jul/2021:03:29:58 -0400] "GET /robots.txt HTTP/1.1" 200 6074 "-" "Mozilla/5.0 (compatible; bingbot/2.0; +http://www.bing.com/bingbot.htm)"
207.46.13.22 - - [04/Jul/2021:03:30:08 -0400] "GET / HTTP/1.1" 200 20307 "-" "Mozilla/5.0 (compatible; bingbot/2.0; +http://www.bing.com/bingbot.htm)"
204.48.19.85 - - [04/Jul/2021:03:30:54 -0400] "POST /wp-cron.php?doing_wp_cron=1625383854.9786460399627685546875 HTTP/1.1" 200 6295 "https://ajhydell.com/wp-cron.php?doing_wp_cron=1625383854.9786460399627685546875" "WordPress/5.7.2; https://ajhydell.com"
185.191.171.44 - - [04/Jul/2021:03:30:54 -0400] "GET /2019/07/01/archery-training-in-japanese-girls-high-school-imperial-japan-c-1939-1192x845/ HTTP/1.1" 200 19088 "-" "Mozilla/5.0 (compatible; SemrushBot/7~bl; +http://www.semrush.com/bot.html)"
188.166.94.198 - - [04/Jul/2021:03:31:24 -0400] "POST /wp-login.php HTTP/1.1" 503 24795 "-" "Mozilla/5.0 (Windows NT 6.1) AppleWebKit/537.36 (KHTML, like Gecko) Chrome/56.0.2924.87 Safari/537.36"
157.55.39.136 - - [04/Jul/2021:03:31:35 -0400] "GET /2020/11/17/a-french-women-welcomes-an-american-soldier-two-days-after-liberation-strasbourg-france-22-november-1944-1024-x-853/ HTTP/1.1" 200 18784 "-" "Mozilla/5.0 (compatible; bingbot/2.0; +http://www.bing.com/bingbot.htm)"
157.55.39.22 - - [04/Jul/2021:03:32:40 -0400] "GET /wp-content/uploads/2019/01/picture-47.jpg HTTP/1.1" 200 104357 "-" "Mozilla/5.0 (compatible; bingbot/2.0; +http://www.bing.com/bingbot.htm)"
204.48.19.85 - - [04/Jul/2021:03:33:28 -0400] "POST /wp-cron.php?doing_wp_cron=1625384008.6728699207305908203125 HTTP/1.1" 200 6295 "https://ajhydell.com/wp-cron.php?doing_wp_cron=1625384008.6728699207305908203125" "WordPress/5.7.2; https://ajhydell.com"
54.36.148.117 - - [04/Jul/2021:03:33:28 -0400] "GET /2019/08/26/only-4999-00-in-1984-12344-adjusted-for-inflation/ HTTP/1.1" 200 19134 "-" "Mozilla/5.0 (compatible; AhrefsBot/7.0; +http://ahrefs.com/robot/)"
204.48.19.85 - - [04/Jul/2021:03:34:36 -0400] "POST /wp-cron.php?doing_wp_cron=1625384076.9817481040954589843750 HTTP/1.1" 200 6295 "https://ajhydell.com/wp-cron.php?doing_wp_cron=1625384076.9817481040954589843750" "WordPress/5.7.2; https://ajhydell.com"
40.77.167.20 - - [04/Jul/2021:03:34:36 -0400] "GET /2019/04/04/yiddish-storefront-signs-in-the-jewish-ghetto-lower-east-side-nyc-1908-3000x2384/ HTTP/1.1" 200 19097 "-" "Mozilla/5.0 (compatible; bingbot/2.0; +http://www.bing.com/bingbot.htm)"
204.48.19.85 - - [04/Jul/2021:03:36:58 -0400] "POST /wp-cron.php?doing_wp_cron=1625384218.8576619625091552734375 HTTP/1.1" 200 6295 "https://ajhydell.com/wp-cron.php?doing_wp_cron=1625384218.8576619625091552734375" "WordPress/5.7.2; https://ajhydell.com"
207.46.13.151 - - [04/Jul/2021:03:36:58 -0400] "GET /2021/06/22/la-grande-croisade-1942-vichy-france-an-advert-for-the-legion-of-french-volunteers-against-bolshevism HTTP/1.1" 301 6094 "-" "Mozilla/5.0 (compatible; bingbot/2.0; +http://www.bing.com/bingbot.htm)"
207.46.13.151 - - [04/Jul/2021:03:36:59 -0400] "GET /2021/06/22/la-grande-croisade-1942-vichy-france-an-advert-for-the-legion-of-french-volunteers-against-bolshevism/ HTTP/1.1" 200 19206 "-" "Mozilla/5.0 (compatible; bingbot/2.0; +http://www.bing.com/bingbot.htm)"
54.36.148.117 - - [04/Jul/2021:03:37:03 -0400] "GET /2018/08/28/beauty-and-utility-in-the-modern-kitchen-fortune-magazine-january-1947/ HTTP/1.1" 200 19173 "-" "Mozilla/5.0 (compatible; AhrefsBot/7.0; +http://ahrefs.com/robot/)"
207.46.13.151 - - [04/Jul/2021:03:38:28 -0400] "GET /wp-content/uploads/2020/11/picture-63.jpg HTTP/1.1" 200 251931 "-" "Mozilla/5.0 (compatible; bingbot/2.0; +http://www.bing.com/bingbot.htm)"
204.48.19.85 - - [04/Jul/2021:03:40:21 -0400] "POST /wp-cron.php?doing_wp_cron=1625384421.3274099826812744140625 HTTP/1.1" 200 6295 "https://ajhydell.com/wp-cron.php?doing_wp_cron=1625384421.3274099826812744140625" "WordPress/5.7.2; https://ajhydell.com"
54.36.148.117 - - [04/Jul/2021:03:40:21 -0400] "GET /2020/09/04/loose-talk-can-cause-this-1940s/ HTTP/1.1" 200 19082 "-" "Mozilla/5.0 (compatible; AhrefsBot/7.0; +http://ahrefs.com/robot/)"
207.46.13.80 - - [04/Jul/2021:03:40:36 -0400] "GET /wp-content/uploads/2020/08/picture-125-1024x831.jpg HTTP/1.1" 200 158598 "-" "Mozilla/5.0 (compatible; bingbot/2.0; +http://www.bing.com/bingbot.htm)"
66.249.66.134 - - [04/Jul/2021:03:43:17 -0400] "GET /wp-content/plugins/facebook-pagelike-widget/loader.gif HTTP/1.1" 304 6271 "-" "Googlebot-Image/1.0"
66.249.66.136 - - [04/Jul/2021:03:43:18 -0400] "GET /wp-content/uploads/2021/06/picture-20.jpg HTTP/1.1" 200 157497 "-" "Googlebot-Image/1.0"
66.249.66.134 - - [04/Jul/2021:03:43:18 -0400] "GET /wp-content/uploads/2018/08/logo.jpg HTTP/1.1" 304 277 "-" "Googlebot-Image/1.0"
204.48.19.85 - - [04/Jul/2021:03:43:38 -0400] "POST /wp-cron.php?doing_wp_cron=1625384618.3382050991058349609375 HTTP/1.1" 200 6295 "https://ajhydell.com/wp-cron.php?doing_wp_cron=1625384618.3382050991058349609375" "WordPress/5.7.2; https://ajhydell.com"
54.36.148.117 - - [04/Jul/2021:03:43:38 -0400] "GET /2021/02/10/ HTTP/1.1" 200 19259 "-" "Mozilla/5.0 (compatible; AhrefsBot/7.0; +http://ahrefs.com/robot/)"
204.48.19.85 - - [04/Jul/2021:03:45:10 -0400] "POST /wp-cron.php?doing_wp_cron=1625384710.8908259868621826171875 HTTP/1.1" 200 6295 "https://ajhydell.com/wp-cron.php?doing_wp_cron=1625384710.8908259868621826171875" "WordPress/5.7.2; https://ajhydell.com"
207.46.13.96 - - [04/Jul/2021:03:45:10 -0400] "GET /sitemap_index.xml HTTP/1.1" 200 6413 "-" "Mozilla/5.0 (compatible; bingbot/2.0; +http://www.bing.com/bingbot.htm)"
93.158.91.231 - - [04/Jul/2021:03:46:05 -0400] "GET /robots.txt HTTP/1.1" 301 548 "-" "Mozilla/5.0 (iPhone; CPU iPhone OS 12_0 like Mac OS X) AppleWebKit/605.1.15 (KHTML, like Gecko) Version/12.0 Mobile/15E148 Safari/604.1"
93.158.91.180 - - [04/Jul/2021:03:46:06 -0400] "GET /humans.txt HTTP/1.1" 301 548 "-" "Mozilla/5.0 (iPhone; CPU iPhone OS 12_0 like Mac OS X) AppleWebKit/605.1.15 (KHTML, like Gecko) Version/12.0 Mobile/15E148 Safari/604.1"
204.48.19.85 - - [04/Jul/2021:03:46:06 -0400] "POST /wp-cron.php?doing_wp_cron=1625384766.5257019996643066406250 HTTP/1.1" 200 6295 "https://ajhydell.com/wp-cron.php?doing_wp_cron=1625384766.5257019996643066406250" "WordPress/5.7.2; https://ajhydell.com"
93.158.91.205 - - [04/Jul/2021:03:46:06 -0400] "GET /humans.txt HTTP/1.1" 404 65361 "http://ajhydell.com/humans.txt" "Mozilla/5.0 (iPhone; CPU iPhone OS 12_0 like Mac OS X) AppleWebKit/605.1.15 (KHTML, like Gecko) Version/12.0 Mobile/15E148 Safari/604.1"
93.158.91.231 - - [04/Jul/2021:03:46:06 -0400] "GET /ads.txt HTTP/1.1" 301 542 "-" "Mozilla/5.0 (iPhone; CPU iPhone OS 12_0 like Mac OS X) AppleWebKit/605.1.15 (KHTML, like Gecko) Version/12.0 Mobile/15E148 Safari/604.1"
49.7.20.65 - - [04/Jul/2021:03:46:23 -0400] "GET / HTTP/1.1" 301 528 "-" "Sogou web spider/4.0(+http://www.sogou.com/docs/help/webmasters.htm#07)"
204.48.19.85 - - [04/Jul/2021:03:46:52 -0400] "POST /wp-cron.php?doing_wp_cron=1625384812.7539639472961425781250 HTTP/1.1" 200 6295 "https://ajhydell.com/wp-cron.php?doing_wp_cron=1625384812.7539639472961425781250" "WordPress/5.7.2; https://ajhydell.com"
5.255.253.148 - - [04/Jul/2021:03:46:52 -0400] "GET /robots.txt HTTP/1.1" 200 6535 "-" "Mozilla/5.0 (compatible; YandexBot/3.0; +http://yandex.com/bots)"
5.255.253.148 - - [04/Jul/2021:03:46:56 -0400] "GET /2019/11/ HTTP/1.1" 200 14406 "-" "Mozilla/5.0 (compatible; YandexBot/3.0; +http://yandex.com/bots)"
54.36.148.117 - - [04/Jul/2021:03:46:58 -0400] "GET /2020/09/28/geronimo-in-the-drivers-seat-1904/ HTTP/1.1" 200 19231 "-" "Mozilla/5.0 (compatible; AhrefsBot/7.0; +http://ahrefs.com/robot/)"
17.121.113.242 - - [04/Jul/2021:03:47:15 -0400] "GET /2020/10/29/any-treat-will-stop-a-trick-as-long-as-its-from-post-treat-pak-post-cereals-october-1958/ HTTP/1.1" 200 18638 "-" "Mozilla/5.0 (Macintosh; Intel Mac OS X 10_15_5) AppleWebKit/605.1.15 (KHTML, like Gecko) Version/13.1.1 Safari/605.1.15 (Applebot/0.1; +http://www.apple.com/go/applebot)"
204.48.19.85 - - [04/Jul/2021:03:49:16 -0400] "POST /wp-cron.php?doing_wp_cron=1625384956.0183589458465576171875 HTTP/1.1" 200 6295 "https://ajhydell.com/wp-cron.php?doing_wp_cron=1625384956.0183589458465576171875" "WordPress/5.7.2; https://ajhydell.com"
213.180.203.138 - - [04/Jul/2021:03:49:15 -0400] "GET /2020/03/04/the-slaves-gamble-by-gene-allen-smith/feed/ HTTP/1.1" 200 7168 "-" "Mozilla/5.0 (compatible; YandexBot/3.0; +http://yandex.com/bots)"
185.191.171.7 - - [04/Jul/2021:03:49:32 -0400] "GET /2021/04/26/ HTTP/1.1" 200 19088 "-" "Mozilla/5.0 (compatible; SemrushBot/7~bl; +http://www.semrush.com/bot.html)"
204.48.19.85 - - [04/Jul/2021:03:49:45 -0400] "POST /wp-cron.php?doing_wp_cron=1625384985.5333850383758544921875 HTTP/1.1" 200 6295 "https://ajhydell.com/wp-cron.php?doing_wp_cron=1625384985.5333850383758544921875" "WordPress/5.7.2; https://ajhydell.com"
66.249.66.132 - - [04/Jul/2021:03:49:45 -0400] "GET /feed/ HTTP/1.1" 200 8477 "-" "Mozilla/5.0 (compatible; Googlebot/2.1; +http://www.google.com/bot.html)"
66.249.66.136 - - [04/Jul/2021:03:50:15 -0400] "GET /wp-content/uploads/2018/08/38497330_397960004063337_4338171617570979840_n-150x150.jpg HTTP/1.1" 200 13283 "-" "Googlebot-Image/1.0"
204.48.19.85 - - [04/Jul/2021:03:51:06 -0400] "POST /wp-cron.php?doing_wp_cron=1625385066.1522130966186523437500 HTTP/1.1" 200 6295 "https://ajhydell.com/wp-cron.php?doing_wp_cron=1625385066.1522130966186523437500" "WordPress/5.7.2; https://ajhydell.com"
54.36.148.117 - - [04/Jul/2021:03:51:06 -0400] "GET /2019/09/04/mark-twain-1883/ HTTP/1.1" 200 18995 "-" "Mozilla/5.0 (compatible; AhrefsBot/7.0; +http://ahrefs.com/robot/)"
17.121.115.123 - - [04/Jul/2021:03:51:19 -0400] "GET /2020/01/29/japanese-head-hung-on-a-tree-burma-1945/ HTTP/1.1" 200 18440 "-" "Mozilla/5.0 (Macintosh; Intel Mac OS X 10_15_5) AppleWebKit/605.1.15 (KHTML, like Gecko) Version/13.1.1 Safari/605.1.15 (Applebot/0.1; +http://www.apple.com/go/applebot)"
204.48.19.85 - - [04/Jul/2021:03:52:08 -0400] "POST /wp-cron.php?doing_wp_cron=1625385128.8554139137268066406250 HTTP/1.1" 200 6295 "https://ajhydell.com/wp-cron.php?doing_wp_cron=1625385128.8554139137268066406250" "WordPress/5.7.2; https://ajhydell.com"
66.249.66.136 - - [04/Jul/2021:03:52:08 -0400] "GET /feed/ HTTP/1.1" 200 8477 "-" "Mozilla/5.0 (compatible; Googlebot/2.1; +http://www.google.com/bot.html)"
204.48.19.85 - - [04/Jul/2021:03:55:21 -0400] "POST /wp-cron.php?doing_wp_cron=1625385321.9333500862121582031250 HTTP/1.1" 200 6295 "https://ajhydell.com/wp-cron.php?doing_wp_cron=1625385321.9333500862121582031250" "WordPress/5.7.2; https://ajhydell.com"
54.36.148.117 - - [04/Jul/2021:03:55:21 -0400] "GET /2020/08/28/gi-from-68th-armored-infantry-battalion-takes-aim-at-a-german-sniper-in-the-church-spire-at-oberhoffen-february-1945/ HTTP/1.1" 200 19213 "-" "Mozilla/5.0 (compatible; AhrefsBot/7.0; +http://ahrefs.com/robot/)"
204.48.19.85 - - [04/Jul/2021:03:57:18 -0400] "POST /wp-cron.php?doing_wp_cron=1625385438.6503970623016357421875 HTTP/1.1" 200 6295 "https://ajhydell.com/wp-cron.php?doing_wp_cron=1625385438.6503970623016357421875" "WordPress/5.7.2; https://ajhydell.com"
204.48.19.85 - - [04/Jul/2021:03:57:18 -0400] "POST /wp-cron.php?doing_wp_cron=1625385438.6503961086273193359375 HTTP/1.1" 200 6295 "https://ajhydell.com/wp-cron.php?doing_wp_cron=1625385438.6503961086273193359375" "WordPress/5.7.2; https://ajhydell.com"
66.249.66.134 - - [04/Jul/2021:03:57:18 -0400] "GET /robots.txt HTTP/1.1" 200 6517 "-" "Mozilla/5.0 (compatible; Googlebot/2.1; +http://www.google.com/bot.html)"
66.249.66.136 - - [04/Jul/2021:03:57:18 -0400] "GET /sitemap-pt-post-2020-11.xml HTTP/1.1" 200 14308 "-" "Mozilla/5.0 (compatible; Googlebot/2.1; +http://www.google.com/bot.html)"
185.191.171.23 - - [04/Jul/2021:03:57:33 -0400] "GET /robots.txt HTTP/1.1" 200 6480 "-" "Mozilla/5.0 (compatible; SemrushBot/7~bl; +http://www.semrush.com/bot.html)"
185.191.171.41 - - [04/Jul/2021:03:57:33 -0400] "GET /2020/05/21/jets-cereal-1953/ HTTP/1.1" 200 19023 "-" "Mozilla/5.0 (compatible; SemrushBot/7~bl; +http://www.semrush.com/bot.html)"
204.48.19.85 - - [04/Jul/2021:03:58:42 -0400] "POST /wp-cron.php?doing_wp_cron=1625385522.0751240253448486328125 HTTP/1.1" 200 6295 "https://ajhydell.com/wp-cron.php?doing_wp_cron=1625385522.0751240253448486328125" "WordPress/5.7.2; https://ajhydell.com"
23.100.232.233 - - [04/Jul/2021:03:58:42 -0400] "GET /2020/08/13/bodies-of-student-demonstrators-killed-by-chinese-forces-at-tiananmen-square-in-1989-750-x-493/ HTTP/1.1" 200 18325 "-" "Mozilla/5.0 (compatible; MSIE 9.0; Windows NT 6.0; Trident/5.0;  Trident/5.0)"
23.100.232.233 - - [04/Jul/2021:03:58:42 -0400] "GET /wp-content/plugins/google-analytics-for-wordpress/assets/js/frontend-gtag.min.js?ver=7.17.0 HTTP/1.1" 200 3327 "https://ajhydell.com/2020/08/13/bodies-of-student-demonstrators-killed-by-chinese-forces-at-tiananmen-square-in-1989-750-x-493/" "Mozilla/5.0 (compatible; MSIE 9.0; Windows NT 6.0; Trident/5.0;  Trident/5.0)"
23.100.232.233 - - [04/Jul/2021:03:58:42 -0400] "GET /wp-includes/js/jquery/jquery.min.js?ver=3.5.1 HTTP/1.1" 200 31550 "https://ajhydell.com/2020/08/13/bodies-of-student-demonstrators-killed-by-chinese-forces-at-tiananmen-square-in-1989-750-x-493/" "Mozilla/5.0 (compatible; MSIE 9.0; Windows NT 6.0; Trident/5.0;  Trident/5.0)"
23.100.232.233 - - [04/Jul/2021:03:58:43 -0400] "GET /wp-includes/js/jquery/jquery-migrate.min.js?ver=3.3.2 HTTP/1.1" 200 4687 "https://ajhydell.com/2020/08/13/bodies-of-student-demonstrators-killed-by-chinese-forces-at-tiananmen-square-in-1989-750-x-493/" "Mozilla/5.0 (compatible; MSIE 9.0; Windows NT 6.0; Trident/5.0;  Trident/5.0)"
23.100.232.233 - - [04/Jul/2021:03:58:43 -0400] "GET /wp-content/plugins/add-expires-headers/cache/0/com/processed-header-f16a8d323e83e1bc1b76514e283fb81b7090a959.min.css HTTP/1.1" 200 53042 "https://ajhydell.com/2020/08/13/bodies-of-student-demonstrators-killed-by-chinese-forces-at-tiananmen-square-in-1989-750-x-493/" "Mozilla/5.0 (compatible; MSIE 9.0; Windows NT 6.0; Trident/5.0;  Trident/5.0)"
23.100.232.233 - - [04/Jul/2021:03:58:43 -0400] "GET /wp-content/plugins/wp-smushit/app/assets/js/smush-lazy-load.min.js?ver=3.8.7 HTTP/1.1" 200 4207 "https://ajhydell.com/2020/08/13/bodies-of-student-demonstrators-killed-by-chinese-forces-at-tiananmen-square-in-1989-750-x-493/" "Mozilla/5.0 (compatible; MSIE 9.0; Windows NT 6.0; Trident/5.0;  Trident/5.0)"
23.100.232.233 - - [04/Jul/2021:03:58:43 -0400] "GET /wp-includes/js/wp-emoji-release.min.js?ver=5.7.2 HTTP/1.1" 200 5183 "https://ajhydell.com/2020/08/13/bodies-of-student-demonstrators-killed-by-chinese-forces-at-tiananmen-square-in-1989-750-x-493/" "Mozilla/5.0 (compatible; MSIE 9.0; Windows NT 6.0; Trident/5.0;  Trident/5.0)"
23.100.232.233 - - [04/Jul/2021:03:58:44 -0400] "GET /wp-content/themes/royal-magazine/js/navigation.js?ver=20151215 HTTP/1.1" 200 1349 "https://ajhydell.com/2020/08/13/bodies-of-student-demonstrators-killed-by-chinese-forces-at-tiananmen-square-in-1989-750-x-493/" "Mozilla/5.0 (compatible; MSIE 9.0; Windows NT 6.0; Trident/5.0;  Trident/5.0)"
23.100.232.233 - - [04/Jul/2021:03:58:44 -0400] "GET /wp-content/themes/royal-magazine/js/skip-link-focus-fix.js?ver=20151215 HTTP/1.1" 200 933 "https://ajhydell.com/2020/08/13/bodies-of-student-demonstrators-killed-by-chinese-forces-at-tiananmen-square-in-1989-750-x-493/" "Mozilla/5.0 (compatible; MSIE 9.0; Windows NT 6.0; Trident/5.0;  Trident/5.0)"
23.100.232.233 - - [04/Jul/2021:03:58:44 -0400] "GET /wp-content/themes/royal-magazine/assets/libraries/marquee/jquery.marquee.js?ver=5.7.2 HTTP/1.1" 200 5103 "https://ajhydell.com/2020/08/13/bodies-of-student-demonstrators-killed-by-chinese-forces-at-tiananmen-square-in-1989-750-x-493/" "Mozilla/5.0 (compatible; MSIE 9.0; Windows NT 6.0; Trident/5.0;  Trident/5.0)"
23.100.232.233 - - [04/Jul/2021:03:58:44 -0400] "GET /wp-content/themes/royal-magazine/assets/libraries/bootstrap/js/bootstrap.min.js?ver=5.7.2 HTTP/1.1" 200 10404 "https://ajhydell.com/2020/08/13/bodies-of-student-demonstrators-killed-by-chinese-forces-at-tiananmen-square-in-1989-750-x-493/" "Mozilla/5.0 (compatible; MSIE 9.0; Windows NT 6.0; Trident/5.0;  Trident/5.0)"
23.100.232.233 - - [04/Jul/2021:03:58:44 -0400] "GET /wp-content/themes/royal-magazine/assets/twp/js/custom-script.js?ver=5.7.2 HTTP/1.1" 200 3023 "https://ajhydell.com/2020/08/13/bodies-of-student-demonstrators-killed-by-chinese-forces-at-tiananmen-square-in-1989-750-x-493/" "Mozilla/5.0 (compatible; MSIE 9.0; Windows NT 6.0; Trident/5.0;  Trident/5.0)"
23.100.232.233 - - [04/Jul/2021:03:58:44 -0400] "GET /wp-content/themes/royal-magazine/assets/libraries/magnific-popup/jquery.magnific-popup.min.js?ver=5.7.2 HTTP/1.1" 200 7871 "https://ajhydell.com/2020/08/13/bodies-of-student-demonstrators-killed-by-chinese-forces-at-tiananmen-square-in-1989-750-x-493/" "Mozilla/5.0 (compatible; MSIE 9.0; Windows NT 6.0; Trident/5.0;  Trident/5.0)"
23.100.232.233 - - [04/Jul/2021:03:58:44 -0400] "GET /wp-content/plugins/facebook-pagelike-widget/fb.js?ver=1.0 HTTP/1.1" 200 821 "https://ajhydell.com/2020/08/13/bodies-of-student-demonstrators-killed-by-chinese-forces-at-tiananmen-square-in-1989-750-x-493/" "Mozilla/5.0 (compatible; MSIE 9.0; Windows NT 6.0; Trident/5.0;  Trident/5.0)"
23.100.232.233 - - [04/Jul/2021:03:58:44 -0400] "GET /wp-content/themes/royal-magazine/assets/libraries/slick/js/slick.min.js?ver=5.7.2 HTTP/1.1" 200 10740 "https://ajhydell.com/2020/08/13/bodies-of-student-demonstrators-killed-by-chinese-forces-at-tiananmen-square-in-1989-750-x-493/" "Mozilla/5.0 (compatible; MSIE 9.0; Windows NT 6.0; Trident/5.0;  Trident/5.0)"
23.100.232.233 - - [04/Jul/2021:03:58:45 -0400] "GET /wp-includes/js/wp-embed.min.js?ver=5.7.2 HTTP/1.1" 200 1221 "https://ajhydell.com/2020/08/13/bodies-of-student-demonstrators-killed-by-chinese-forces-at-tiananmen-square-in-1989-750-x-493/" "Mozilla/5.0 (compatible; MSIE 9.0; Windows NT 6.0; Trident/5.0;  Trident/5.0)"
23.100.232.233 - - [04/Jul/2021:03:58:45 -0400] "GET /wp-content/themes/royal-magazine/assets/libraries/theiaStickySidebar/theia-sticky-sidebar.min.js?ver=5.7.2 HTTP/1.1" 200 2271 "https://ajhydell.com/2020/08/13/bodies-of-student-demonstrators-killed-by-chinese-forces-at-tiananmen-square-in-1989-750-x-493/" "Mozilla/5.0 (compatible; MSIE 9.0; Windows NT 6.0; Trident/5.0;  Trident/5.0)"
204.48.19.85 - - [04/Jul/2021:03:59:03 -0400] "POST /wp-cron.php?doing_wp_cron=1625385543.2273778915405273437500 HTTP/1.1" 200 6295 "https://ajhydell.com/wp-cron.php?doing_wp_cron=1625385543.2273778915405273437500" "WordPress/5.7.2; https://ajhydell.com"
54.36.148.117 - - [04/Jul/2021:03:59:03 -0400] "GET /2021/05/13/1947-jewish-refugees-arrive-in-palestine-with-a-banner-proclaiming-the-germans-destroyed-our-families-and-homes-dont-you-destroy-our-hopes-1125x603/ HTTP/1.1" 200 19384 "-" "Mozilla/5.0 (compatible; AhrefsBot/7.0; +http://ahrefs.com/robot/)"
207.46.13.151 - - [04/Jul/2021:04:01:30 -0400] "GET /wp-content/uploads/2019/11/picture-69.jpg HTTP/1.1" 200 33352 "-" "Mozilla/5.0 (compatible; bingbot/2.0; +http://www.bing.com/bingbot.htm)"
204.48.19.85 - - [04/Jul/2021:04:02:47 -0400] "POST /wp-cron.php?doing_wp_cron=1625385767.0833919048309326171875 HTTP/1.1" 200 6295 "https://ajhydell.com/wp-cron.php?doing_wp_cron=1625385767.0833919048309326171875" "WordPress/5.7.2; https://ajhydell.com"
54.36.148.117 - - [04/Jul/2021:04:02:47 -0400] "GET /2021/06/24/win-with-tin-usa-1942/ HTTP/1.1" 200 19159 "-" "Mozilla/5.0 (compatible; AhrefsBot/7.0; +http://ahrefs.com/robot/)"
66.249.66.136 - - [04/Jul/2021:04:03:23 -0400] "GET /2018/08/22/pro-hitlerjugend-propaganda-weimar-republic-late-1920s/ HTTP/1.1" 200 19140 "-" "Mozilla/5.0 (Linux; Android 6.0.1; Nexus 5X Build/MMB29P) AppleWebKit/537.36 (KHTML, like Gecko) Chrome/91.0.4472.90 Mobile Safari/537.36 (compatible; Googlebot/2.1; +http://www.google.com/bot.html)"
204.48.19.85 - - [04/Jul/2021:04:05:24 -0400] "POST /wp-cron.php?doing_wp_cron=1625385924.4023149013519287109375 HTTP/1.1" 200 6295 "https://ajhydell.com/wp-cron.php?doing_wp_cron=1625385924.4023149013519287109375" "WordPress/5.7.2; https://ajhydell.com"
95.163.255.140 - - [04/Jul/2021:04:05:24 -0400] "GET /robots.txt HTTP/1.0" 200 6073 "-" "Mozilla/5.0 (compatible; Linux x86_64; Mail.RU_Bot/Img/2.0; +http://go.mail.ru/help/robots)"
95.163.255.130 - - [04/Jul/2021:04:05:28 -0400] "GET /wp-content/uploads/2021/06/picture-36.jpg HTTP/1.1" 200 168650 "http://go.mail.ru/search_images" "Mozilla/5.0 (compatible; Linux x86_64; Mail.RU_Bot/Img/2.0; +http://go.mail.ru/help/robots)"
204.48.19.85 - - [04/Jul/2021:04:06:08 -0400] "POST /wp-cron.php?doing_wp_cron=1625385968.5998220443725585937500 HTTP/1.1" 200 6295 "https://ajhydell.com/wp-cron.php?doing_wp_cron=1625385968.5998220443725585937500" "WordPress/5.7.2; https://ajhydell.com"
17.121.114.205 - - [04/Jul/2021:04:06:08 -0400] "GET /2020/11/11/romania-1960s-do-not-interfere-with-works-for-which-you-have-no-qualification/ HTTP/1.1" 200 18471 "-" "Mozilla/5.0 (Macintosh; Intel Mac OS X 10_15_5) AppleWebKit/605.1.15 (KHTML, like Gecko) Version/13.1.1 Safari/605.1.15 (Applebot/0.1; +http://www.apple.com/go/applebot)"
204.48.19.85 - - [04/Jul/2021:04:08:21 -0400] "POST /wp-cron.php?doing_wp_cron=1625386101.5083150863647460937500 HTTP/1.1" 200 6295 "https://ajhydell.com/wp-cron.php?doing_wp_cron=1625386101.5083150863647460937500" "WordPress/5.7.2; https://ajhydell.com"
185.191.171.35 - - [04/Jul/2021:04:08:21 -0400] "GET /2019/06/25/11th-armored-div-m7-priest-battery-approach-a-german-village-april-1945/ HTTP/1.1" 200 19161 "-" "Mozilla/5.0 (compatible; SemrushBot/7~bl; +http://www.semrush.com/bot.html)"
204.48.19.85 - - [04/Jul/2021:04:09:59 -0400] "POST /wp-cron.php?doing_wp_cron=1625386199.7539539337158203125000 HTTP/1.1" 200 6295 "https://ajhydell.com/wp-cron.php?doing_wp_cron=1625386199.7539539337158203125000" "WordPress/5.7.2; https://ajhydell.com"
17.121.114.45 - - [04/Jul/2021:04:09:59 -0400] "GET /2020/08/10/my-grandfather-left-and-his-friend-in-their-hitler-youth-uniforms-1941/ HTTP/1.1" 200 18572 "-" "Mozilla/5.0 (Macintosh; Intel Mac OS X 10_15_5) AppleWebKit/605.1.15 (KHTML, like Gecko) Version/13.1.1 Safari/605.1.15 (Applebot/0.1; +http://www.apple.com/go/applebot)"
167.114.157.181 - - [04/Jul/2021:04:10:07 -0400] "GET /robots.txt HTTP/1.1" 200 6065 "-" "Mozilla/5.0 (compatible; MJ12bot/v1.4.8; http://mj12bot.com/)"
204.48.19.85 - - [04/Jul/2021:04:11:19 -0400] "POST /wp-cron.php?doing_wp_cron=1625386279.0471858978271484375000 HTTP/1.1" 200 6295 "https://ajhydell.com/wp-cron.php?doing_wp_cron=1625386279.0471858978271484375000" "WordPress/5.7.2; https://ajhydell.com"
167.114.157.181 - - [04/Jul/2021:04:11:18 -0400] "GET /2018/08/27/carlos-latuff-caricature-accusing-both-obama-and-mccain-of-being-imperialists-brazil-2008/feed/ HTTP/1.1" 200 6685 "-" "Mozilla/5.0 (compatible; MJ12bot/v1.4.8; http://mj12bot.com/)"
204.48.19.85 - - [04/Jul/2021:04:11:45 -0400] "POST /wp-cron.php?doing_wp_cron=1625386305.7266490459442138671875 HTTP/1.1" 200 6295 "https://ajhydell.com/wp-cron.php?doing_wp_cron=1625386305.7266490459442138671875" "WordPress/5.7.2; https://ajhydell.com"
167.114.157.181 - - [04/Jul/2021:04:11:45 -0400] "GET /2018/09/16/ HTTP/1.1" 200 18384 "-" "Mozilla/5.0 (compatible; MJ12bot/v1.4.8; http://mj12bot.com/)"
17.121.114.174 - - [04/Jul/2021:04:11:51 -0400] "GET /2020/10/21/very-suspicious-essential-oil-ad-from-1899/ HTTP/1.1" 200 18500 "-" "Mozilla/5.0 (Macintosh; Intel Mac OS X 10_15_5) AppleWebKit/605.1.15 (KHTML, like Gecko) Version/13.1.1 Safari/605.1.15 (Applebot/0.1; +http://www.apple.com/go/applebot)"
167.114.157.181 - - [04/Jul/2021:04:12:36 -0400] "GET /2018/09/16/enjoy-luscious-hi-c-orange-1956/feed/ HTTP/1.1" 200 6628 "-" "Mozilla/5.0 (compatible; MJ12bot/v1.4.8; http://mj12bot.com/)"
204.48.19.85 - - [04/Jul/2021:04:12:51 -0400] "POST /wp-cron.php?doing_wp_cron=1625386371.1433870792388916015625 HTTP/1.1" 200 6295 "https://ajhydell.com/wp-cron.php?doing_wp_cron=1625386371.1433870792388916015625" "WordPress/5.7.2; https://ajhydell.com"
66.249.66.136 - - [04/Jul/2021:04:12:51 -0400] "GET /2018/08/22/the-last-known-picture-of-adolf-hitler-april-30-1945-577x428/ HTTP/1.1" 200 19030 "-" "Mozilla/5.0 (Linux; Android 6.0.1; Nexus 5X Build/MMB29P) AppleWebKit/537.36 (KHTML, like Gecko) Chrome/91.0.4472.90 Mobile Safari/537.36 (compatible; Googlebot/2.1; +http://www.google.com/bot.html)"
66.249.66.134 - - [04/Jul/2021:04:12:55 -0400] "GET /wp-content/plugins/add-expires-headers/cache/0/com/processed-header-f16a8d323e83e1bc1b76514e283fb81b7090a959.min.css HTTP/1.1" 200 58766 "https://ajhydell.com/2018/08/22/the-last-known-picture-of-adolf-hitler-april-30-1945-577x428/" "Mozilla/5.0 (Linux; Android 6.0.1; Nexus 5X Build/MMB29P) AppleWebKit/537.36 (KHTML, like Gecko) Chrome/91.0.4472.90 Mobile Safari/537.36 (compatible; Googlebot/2.1; +http://www.google.com/bot.html)"
167.114.157.181 - - [04/Jul/2021:04:13:19 -0400] "GET /2018/09/16/queen-victoria-with-tsar-nicholas-ii-of-russia-seated-on-the-left-is-tsarina-alexandra-holding-her-baby-daughter-grand-duchess-olga-balmoral-castle-1896/feed/ HTTP/1.1" 200 6767 "-" "Mozilla/5.0 (compatible; MJ12bot/v1.4.8; http://mj12bot.com/)"
167.114.157.181 - - [04/Jul/2021:04:13:38 -0400] "GET /2018/09/16/rhodesians-never-die-rhodesia-date-unknown/feed/ HTTP/1.1" 200 6624 "-" "Mozilla/5.0 (compatible; MJ12bot/v1.4.8; http://mj12bot.com/)"
204.48.19.85 - - [04/Jul/2021:04:14:02 -0400] "POST /wp-cron.php?doing_wp_cron=1625386442.2293200492858886718750 HTTP/1.1" 200 6295 "https://ajhydell.com/wp-cron.php?doing_wp_cron=1625386442.2293200492858886718750" "WordPress/5.7.2; https://ajhydell.com"
167.114.157.181 - - [04/Jul/2021:04:14:02 -0400] "GET /2018/09/16/the-moment-captured-here-is-elvis-comforting-his-father-after-the-death-of-his-mother-1958-499-x-671/feed/ HTTP/1.1" 200 6696 "-" "Mozilla/5.0 (compatible; MJ12bot/v1.4.8; http://mj12bot.com/)"
207.46.13.96 - - [04/Jul/2021:04:14:13 -0400] "GET /wp-content/uploads/2020/08/picture-85.jpg HTTP/1.1" 200 70930 "-" "Mozilla/5.0 (compatible; bingbot/2.0; +http://www.bing.com/bingbot.htm)"
167.114.157.181 - - [04/Jul/2021:04:14:43 -0400] "GET /2018/09/17/this-would-be-awesome-to-see-colorized/feed/ HTTP/1.1" 200 6629 "-" "Mozilla/5.0 (compatible; MJ12bot/v1.4.8; http://mj12bot.com/)"
204.48.19.85 - - [04/Jul/2021:04:15:24 -0400] "POST /wp-cron.php?doing_wp_cron=1625386524.6873590946197509765625 HTTP/1.1" 200 6295 "https://ajhydell.com/wp-cron.php?doing_wp_cron=1625386524.6873590946197509765625" "WordPress/5.7.2; https://ajhydell.com"
167.114.157.181 - - [04/Jul/2021:04:15:24 -0400] "GET /2018/09/19/empress-alexandra-of-russia-having-her-likeness-modeled-in-clay-three-years-before-the-revolution-of-1917/feed/ HTTP/1.1" 200 6696 "-" "Mozilla/5.0 (compatible; MJ12bot/v1.4.8; http://mj12bot.com/)"
204.48.19.85 - - [04/Jul/2021:04:15:49 -0400] "POST /wp-cron.php?doing_wp_cron=1625386549.1157920360565185546875 HTTP/1.1" 200 6295 "https://ajhydell.com/wp-cron.php?doing_wp_cron=1625386549.1157920360565185546875" "WordPress/5.7.2; https://ajhydell.com"
167.114.157.181 - - [04/Jul/2021:04:15:49 -0400] "GET /2018/09/19/launch-observers-react-to-the-shuttle-challenger-tragedy-1986-780x1090/feed/ HTTP/1.1" 200 6674 "-" "Mozilla/5.0 (compatible; MJ12bot/v1.4.8; http://mj12bot.com/)"
204.48.19.85 - - [04/Jul/2021:04:16:26 -0400] "POST /wp-cron.php?doing_wp_cron=1625386586.3004689216613769531250 HTTP/1.1" 200 6295 "https://ajhydell.com/wp-cron.php?doing_wp_cron=1625386586.3004689216613769531250" "WordPress/5.7.2; https://ajhydell.com"
167.114.157.181 - - [04/Jul/2021:04:16:26 -0400] "GET /2018/09/20/an-american-b24-plane-photographed-from-above-while-on-mission-to-brussels-belgium-on-august-3-1944-colorization-by-nathan-howland/feed/ HTTP/1.1" 200 6733 "-" "Mozilla/5.0 (compatible; MJ12bot/v1.4.8; http://mj12bot.com/)"
204.48.19.85 - - [04/Jul/2021:04:17:04 -0400] "POST /wp-cron.php?doing_wp_cron=1625386624.9895670413970947265625 HTTP/1.1" 200 6295 "https://ajhydell.com/wp-cron.php?doing_wp_cron=1625386624.9895670413970947265625" "WordPress/5.7.2; https://ajhydell.com"
167.114.157.181 - - [04/Jul/2021:04:17:04 -0400] "GET /2018/09/20/hair-upstairs-commercial-i-have-no-explanation-for-this-1989/feed/ HTTP/1.1" 200 6667 "-" "Mozilla/5.0 (compatible; MJ12bot/v1.4.8; http://mj12bot.com/)"
167.114.157.181 - - [04/Jul/2021:04:17:23 -0400] "GET /2018/09/20/mission-impossible-photo-restoration/feed/ HTTP/1.1" 200 6619 "-" "Mozilla/5.0 (compatible; MJ12bot/v1.4.8; http://mj12bot.com/)"
185.191.171.15 - - [04/Jul/2021:04:17:36 -0400] "GET /2018/10/30/marian-rejewski-was-responsible-for-the-initial-analysis-that-enabled-exploitation-of-the-german-enigma-cryptographic-machine-without-his-breakthroughs-which-he-provided-to-the-french-and-british-in/ HTTP/1.1" 200 19660 "-" "Mozilla/5.0 (compatible; SemrushBot/7~bl; +http://www.semrush.com/bot.html)"
204.48.19.85 - - [04/Jul/2021:04:17:56 -0400] "POST /wp-cron.php?doing_wp_cron=1625386676.0773758888244628906250 HTTP/1.1" 200 6295 "https://ajhydell.com/wp-cron.php?doing_wp_cron=1625386676.0773758888244628906250" "WordPress/5.7.2; https://ajhydell.com"
54.36.148.117 - - [04/Jul/2021:04:17:56 -0400] "GET / HTTP/1.1" 200 20702 "-" "Mozilla/5.0 (compatible; AhrefsBot/7.0; +http://ahrefs.com/robot/)"
167.114.157.181 - - [04/Jul/2021:04:17:59 -0400] "GET /2018/09/21/this-daguerreotype-is-the-earliest-confirmed-photographic-image-of-abraham-lincoln-it-was-reportedly-made-in-1846-by-nicholas-h-shepherd-shortly-after-lincoln-was-elected-to-the-united-states-house/feed/ HTTP/1.1" 200 6828 "-" "Mozilla/5.0 (compatible; MJ12bot/v1.4.8; http://mj12bot.com/)"
17.121.114.15 - - [04/Jul/2021:04:18:04 -0400] "GET /2020/03/08/grenadier-of-the-russian-imperial-palace-guard-around-1900/ HTTP/1.1" 200 18683 "-" "Mozilla/5.0 (Macintosh; Intel Mac OS X 10_15_5) AppleWebKit/605.1.15 (KHTML, like Gecko) Version/13.1.1 Safari/605.1.15 (Applebot/0.1; +http://www.apple.com/go/applebot)"
167.114.157.181 - - [04/Jul/2021:04:18:34 -0400] "GET /2018/09/21/workers-making-wiring-assemblies-at-a-junction-box-on-the-firewall-of-a-b-25-bomber-at-the-north-american-aviation-plant-at-inglewood-california-united-states-july-1942/feed/ HTTP/1.1" 200 6769 "-" "Mozilla/5.0 (compatible; MJ12bot/v1.4.8; http://mj12bot.com/)"
204.48.19.85 - - [04/Jul/2021:04:18:56 -0400] "POST /wp-cron.php?doing_wp_cron=1625386736.5797491073608398437500 HTTP/1.1" 200 6295 "https://ajhydell.com/wp-cron.php?doing_wp_cron=1625386736.5797491073608398437500" "WordPress/5.7.2; https://ajhydell.com"
167.114.157.181 - - [04/Jul/2021:04:18:56 -0400] "GET /2019/10/02/ HTTP/1.1" 200 18129 "-" "Mozilla/5.0 (compatible; MJ12bot/v1.4.8; http://mj12bot.com/)"
167.114.157.181 - - [04/Jul/2021:04:19:17 -0400] "GET /2019/10/02/an-american-m36-tank-destroyer-covers-a-crossroad-in-the-french-city-of-metz-north-east-of-france-nov-1944/feed/ HTTP/1.1" 200 6711 "-" "Mozilla/5.0 (compatible; MJ12bot/v1.4.8; http://mj12bot.com/)"
204.48.19.85 - - [04/Jul/2021:04:19:55 -0400] "POST /wp-cron.php?doing_wp_cron=1625386795.7324750423431396484375 HTTP/1.1" 200 6295 "https://ajhydell.com/wp-cron.php?doing_wp_cron=1625386795.7324750423431396484375" "WordPress/5.7.2; https://ajhydell.com"
167.114.157.181 - - [04/Jul/2021:04:19:55 -0400] "GET /2019/10/page/10/ HTTP/1.1" 200 18465 "-" "Mozilla/5.0 (compatible; MJ12bot/v1.4.8; http://mj12bot.com/)"
167.114.157.181 - - [04/Jul/2021:04:20:22 -0400] "GET /2019/10/page/8/ HTTP/1.1" 200 19678 "-" "Mozilla/5.0 (compatible; MJ12bot/v1.4.8; http://mj12bot.com/)"
204.48.19.85 - - [04/Jul/2021:04:20:54 -0400] "POST /wp-cron.php?doing_wp_cron=1625386854.5501270294189453125000 HTTP/1.1" 200 6295 "https://ajhydell.com/wp-cron.php?doing_wp_cron=1625386854.5501270294189453125000" "WordPress/5.7.2; https://ajhydell.com"
167.114.157.181 - - [04/Jul/2021:04:20:54 -0400] "GET /2019/10/page/9/ HTTP/1.1" 200 19526 "-" "Mozilla/5.0 (compatible; MJ12bot/v1.4.8; http://mj12bot.com/)"
54.36.148.117 - - [04/Jul/2021:04:21:07 -0400] "GET /2020/10/01/car-park-1940s/ HTTP/1.1" 200 19066 "-" "Mozilla/5.0 (compatible; AhrefsBot/7.0; +http://ahrefs.com/robot/)"
167.114.157.181 - - [04/Jul/2021:04:21:15 -0400] "GET /2019/12/21/ HTTP/1.1" 200 18138 "-" "Mozilla/5.0 (compatible; MJ12bot/v1.4.8; http://mj12bot.com/)"
167.114.157.181 - - [04/Jul/2021:04:21:42 -0400] "GET /2019/12/21/if-youve-got-it-flaunt-it-angels-flight-pants/feed/ HTTP/1.1" 200 6658 "-" "Mozilla/5.0 (compatible; MJ12bot/v1.4.8; http://mj12bot.com/)"
204.48.19.85 - - [04/Jul/2021:04:22:09 -0400] "POST /wp-cron.php?doing_wp_cron=1625386929.7635040283203125000000 HTTP/1.1" 200 6295 "https://ajhydell.com/wp-cron.php?doing_wp_cron=1625386929.7635040283203125000000" "WordPress/5.7.2; https://ajhydell.com"
167.114.157.181 - - [04/Jul/2021:04:22:09 -0400] "GET /2019/12/21/jasta-1-josef-kister-and-his-albatros-dva-mont-st-martin-june-1918/feed/ HTTP/1.1" 200 6682 "-" "Mozilla/5.0 (compatible; MJ12bot/v1.4.8; http://mj12bot.com/)"
157.55.39.57 - - [04/Jul/2021:04:22:12 -0400] "GET /wp-content/uploads/2020/10/picture-129.jpg HTTP/1.1" 200 402212 "-" "Mozilla/5.0 (compatible; bingbot/2.0; +http://www.bing.com/bingbot.htm)"
64.71.131.244 - - [04/Jul/2021:04:22:35 -0400] "GET / HTTP/1.1" 200 105441 "-" "Mozilla/5.0 (compatible; evc-batch/2.0)"
204.48.19.85 - - [04/Jul/2021:04:22:52 -0400] "POST /wp-cron.php?doing_wp_cron=1625386972.5974509716033935546875 HTTP/1.1" 200 6295 "https://ajhydell.com/wp-cron.php?doing_wp_cron=1625386972.5974509716033935546875" "WordPress/5.7.2; https://ajhydell.com"
167.114.157.181 - - [04/Jul/2021:04:22:52 -0400] "GET /2020/03/04/womens-military-roles-in-world-war-2/feed/ HTTP/1.1" 200 6638 "-" "Mozilla/5.0 (compatible; MJ12bot/v1.4.8; http://mj12bot.com/)"
167.114.157.181 - - [04/Jul/2021:04:23:11 -0400] "GET /2020/03/10/ HTTP/1.1" 200 18164 "-" "Mozilla/5.0 (compatible; MJ12bot/v1.4.8; http://mj12bot.com/)"
204.48.19.85 - - [04/Jul/2021:04:23:38 -0400] "POST /wp-cron.php?doing_wp_cron=1625387018.8346829414367675781250 HTTP/1.1" 200 6295 "https://ajhydell.com/wp-cron.php?doing_wp_cron=1625387018.8346829414367675781250" "WordPress/5.7.2; https://ajhydell.com"
167.114.157.181 - - [04/Jul/2021:04:23:38 -0400] "GET /2020/03/10/anti-western-fashion-soviet-poster-1970s/feed/ HTTP/1.1" 200 6633 "-" "Mozilla/5.0 (compatible; MJ12bot/v1.4.8; http://mj12bot.com/)"
204.48.19.85 - - [04/Jul/2021:04:23:57 -0400] "POST /wp-cron.php?doing_wp_cron=1625387037.3408141136169433593750 HTTP/1.1" 200 6295 "https://ajhydell.com/wp-cron.php?doing_wp_cron=1625387037.3408141136169433593750" "WordPress/5.7.2; https://ajhydell.com"
167.114.157.181 - - [04/Jul/2021:04:23:57 -0400] "GET /2020/03/10/chaplain-kenny-lynch-conducts-services-north-of-hwacheon-korea-for-men-of-the-31st-regiment-1951-korean-war/feed/ HTTP/1.1" 200 6710 "-" "Mozilla/5.0 (compatible; MJ12bot/v1.4.8; http://mj12bot.com/)"
167.114.157.181 - - [04/Jul/2021:04:24:25 -0400] "GET /2020/03/10/new-man-ed-big-daddy-roth-and-testors-bring-you-the-coolest-customized-colors-ever-1965/feed/ HTTP/1.1" 200 6705 "-" "Mozilla/5.0 (compatible; MJ12bot/v1.4.8; http://mj12bot.com/)"
54.36.148.117 - - [04/Jul/2021:04:24:30 -0400] "GET /2020/09/28/captain-killick-89th-field-security-section-on-patrol-in-the-streets-of-arnhem-with-the-intent-to-scout-for-nearby-friendly-forces-in-the-area-18-september-1944-the-patrol-was-able-to-pick-up-str/ HTTP/1.1" 200 19445 "-" "Mozilla/5.0 (compatible; AhrefsBot/7.0; +http://ahrefs.com/robot/)"
157.55.39.57 - - [04/Jul/2021:04:24:34 -0400] "GET /wp-content/uploads/2021/02/picture-22-1168x1536.jpg HTTP/1.1" 200 3143583 "-" "Mozilla/5.0 (compatible; bingbot/2.0; +http://www.bing.com/bingbot.htm)"
204.48.19.85 - - [04/Jul/2021:04:24:45 -0400] "POST /wp-cron.php?doing_wp_cron=1625387085.0559499263763427734375 HTTP/1.1" 200 6295 "https://ajhydell.com/wp-cron.php?doing_wp_cron=1625387085.0559499263763427734375" "WordPress/5.7.2; https://ajhydell.com"
167.114.157.181 - - [04/Jul/2021:04:24:45 -0400] "GET /2020/05/27/mormonism-in-utah-cave-of-despair-frank-leslies-illustrated-newspaper-1882/feed/ HTTP/1.1" 200 6688 "-" "Mozilla/5.0 (compatible; MJ12bot/v1.4.8; http://mj12bot.com/)"
167.114.157.181 - - [04/Jul/2021:04:25:20 -0400] "GET /2020/05/27/today-80-years-ago-operation-dynamo-the-evacuation-of-the-bef-at-dunkirk-began-more-than-330000-soldiers-made-it-to-the-uk/feed/ HTTP/1.1" 200 6728 "-" "Mozilla/5.0 (compatible; MJ12bot/v1.4.8; http://mj12bot.com/)"
204.48.19.85 - - [04/Jul/2021:04:25:49 -0400] "POST /wp-cron.php?doing_wp_cron=1625387149.7592248916625976562500 HTTP/1.1" 200 6295 "https://ajhydell.com/wp-cron.php?doing_wp_cron=1625387149.7592248916625976562500" "WordPress/5.7.2; https://ajhydell.com"
167.114.157.181 - - [04/Jul/2021:04:25:49 -0400] "GET /2020/05/27/workers-demonstration-in-turin-1976-1992-x-1444/feed/ HTTP/1.1" 200 6655 "-" "Mozilla/5.0 (compatible; MJ12bot/v1.4.8; http://mj12bot.com/)"
167.114.157.181 - - [04/Jul/2021:04:26:10 -0400] "GET /2020/05/29/ HTTP/1.1" 200 18434 "-" "Mozilla/5.0 (compatible; MJ12bot/v1.4.8; http://mj12bot.com/)"
40.77.167.20 - - [04/Jul/2021:04:26:24 -0400] "GET /2021/05/10/lucky-strike-cigarettes-1930-how-times-have-changed/ HTTP/1.1" 200 18657 "-" "Mozilla/5.0 (compatible; bingbot/2.0; +http://www.bing.com/bingbot.htm)"
204.48.19.85 - - [04/Jul/2021:04:26:56 -0400] "POST /wp-cron.php?doing_wp_cron=1625387216.3402140140533447265625 HTTP/1.1" 200 6295 "https://ajhydell.com/wp-cron.php?doing_wp_cron=1625387216.3402140140533447265625" "WordPress/5.7.2; https://ajhydell.com"
49.7.20.68 - - [04/Jul/2021:04:26:56 -0400] "GET / HTTP/1.1" 200 20269 "-" "Sogou web spider/4.0(+http://www.sogou.com/docs/help/webmasters.htm#07)"
167.114.157.181 - - [04/Jul/2021:04:27:05 -0400] "GET /2020/05/29/african-american-flood-victims-line-up-to-get-food-and-clothing-from-a-red-cross-relief-station-in-front-of-billboard-ironically-extolling-worlds-highest-standard-of-living-theres-no-way-like-the/feed/ HTTP/1.1" 200 6865 "-" "Mozilla/5.0 (compatible; MJ12bot/v1.4.8; http://mj12bot.com/)"
204.48.19.85 - - [04/Jul/2021:04:27:45 -0400] "POST /wp-cron.php?doing_wp_cron=1625387265.9742360115051269531250 HTTP/1.1" 200 6295 "https://ajhydell.com/wp-cron.php?doing_wp_cron=1625387265.9742360115051269531250" "WordPress/5.7.2; https://ajhydell.com"
167.114.157.181 - - [04/Jul/2021:04:27:45 -0400] "GET /2020/05/29/b-24l-stevonovitch-ii-of-the-of-the-464th-bomber-group-hit-by-german-anti-aircraft-fire-over-lugo-italy-10-apr-1945-colour-by-nathan-howland/feed/ HTTP/1.1" 200 6766 "-" "Mozilla/5.0 (compatible; MJ12bot/v1.4.8; http://mj12bot.com/)"
185.191.171.1 - - [04/Jul/2021:04:28:13 -0400] "GET /2021/01/29/old-san-juan-marina-puerto-rico-in-the-year-1903/ HTTP/1.1" 200 19246 "-" "Mozilla/5.0 (compatible; SemrushBot/7~bl; +http://www.semrush.com/bot.html)"
167.114.157.181 - - [04/Jul/2021:04:28:19 -0400] "GET /2020/05/29/kitty-genovese-whose-murder-in-1964-led-to-research-into-the-bystander-effect/feed/ HTTP/1.1" 200 6675 "-" "Mozilla/5.0 (compatible; MJ12bot/v1.4.8; http://mj12bot.com/)"
31.50.86.90 - - [04/Jul/2021:04:28:21 -0400] "GET /wp-content/uploads/2020/07/picture-55-scaled.jpg HTTP/1.1" 200 581605 "-" "Dalvik/2.1.0 (Linux; U; Android 10; CPH1931 Build/QKQ1.200209.002)"
54.36.148.117 - - [04/Jul/2021:04:28:28 -0400] "GET /2020/09/29/john-bulls-dilemma-it-is-hard-to-disturb-him-hes-such-a-good-customer-political-cartoon-1895/ HTTP/1.1" 200 19597 "-" "Mozilla/5.0 (compatible; AhrefsBot/7.0; +http://ahrefs.com/robot/)"
31.50.86.90 - - [04/Jul/2021:04:28:34 -0400] "GET /wp-content/uploads/2020/07/picture-55-scaled.jpg HTTP/1.1" 200 581605 "-" "okhttp/3.12.1"
31.50.86.90 - - [04/Jul/2021:04:28:34 -0400] "GET /wp-content/uploads/2020/07/picture-55-scaled.jpg HTTP/1.1" 200 581605 "-" "okhttp/3.12.1"
