73.95.135.12 - - [12/Jul/2021:02:38:53 -0400] "GET /wp-content/uploads/2020/11/picture-111.jpg HTTP/1.1" 200 1944953 "https://www.bing.com/" "Mozilla/5.0 (Windows NT 10.0; Win64; x64) AppleWebKit/537.36 (KHTML, like Gecko) Chrome/70.0.3538.102 Safari/537.36 Edge/18.18362"
73.95.135.12 - - [12/Jul/2021:02:39:13 -0400] "-" 408 5564 "-" "-"
204.48.19.85 - - [12/Jul/2021:02:40:01 -0400] "POST /wp-cron.php?doing_wp_cron=1626072001.8535048961639404296875 HTTP/1.1" 200 6295 "https://ajhydell.com/wp-cron.php?doing_wp_cron=1626072001.8535048961639404296875" "WordPress/5.7.2; https://ajhydell.com"
58.177.156.100 - - [12/Jul/2021:02:40:01 -0400] "POST /wp-login.php HTTP/1.1" 503 24797 "-" "Mozilla/5.0 (Windows NT 10.0; WOW64) AppleWebKit/537.36 (KHTML, like Gecko) Chrome/46.0.2490.80 Safari/537.36"
114.119.143.168 - - [12/Jul/2021:02:41:38 -0400] "GET /wp-content/uploads/2021/07/picture-37.jpg HTTP/1.1" 200 1200747 "-" "Mozilla/5.0 (Linux; Android 7.0;) AppleWebKit/537.36 (KHTML, like Gecko) Mobile Safari/537.36 (compatible; PetalBot;+https://webmaster.petalsearch.com/site/petalbot)"
204.48.19.85 - - [12/Jul/2021:02:41:48 -0400] "POST /wp-cron.php?doing_wp_cron=1626072108.6842908859252929687500 HTTP/1.1" 200 6295 "https://ajhydell.com/wp-cron.php?doing_wp_cron=1626072108.6842908859252929687500" "WordPress/5.7.2; https://ajhydell.com"
17.121.114.14 - - [12/Jul/2021:02:41:48 -0400] "GET /2020/10/24/polish-policeman-in-full-assault-gear-1934-577x800/ HTTP/1.1" 200 18113 "-" "Mozilla/5.0 (Macintosh; Intel Mac OS X 10_15_5) AppleWebKit/605.1.15 (KHTML, like Gecko) Version/13.1.1 Safari/605.1.15 (Applebot/0.1; +http://www.apple.com/go/applebot)"
204.48.19.85 - - [12/Jul/2021:02:43:08 -0400] "POST /wp-cron.php?doing_wp_cron=1626072188.7428200244903564453125 HTTP/1.1" 200 6295 "https://ajhydell.com/wp-cron.php?doing_wp_cron=1626072188.7428200244903564453125" "WordPress/5.7.2; https://ajhydell.com"
161.35.116.59 - - [12/Jul/2021:02:43:08 -0400] "GET /wp-login.php HTTP/1.1" 200 8605 "-" "Mozilla/5.0 (X11; Ubuntu; Linux x86_64; rv:62.0) Gecko/20100101 Firefox/62.0"
161.35.116.59 - - [12/Jul/2021:02:43:08 -0400] "POST /wp-login.php HTTP/1.1" 200 8701 "-" "Mozilla/5.0 (X11; Ubuntu; Linux x86_64; rv:62.0) Gecko/20100101 Firefox/62.0"
161.35.116.59 - - [12/Jul/2021:02:43:09 -0400] "POST /xmlrpc.php HTTP/1.1" 200 5852 "-" "Mozilla/5.0 (X11; Ubuntu; Linux x86_64; rv:62.0) Gecko/20100101 Firefox/62.0"
54.36.148.117 - - [12/Jul/2021:02:43:30 -0400] "GET /2021/03/11/viet-cong-guerrilla/ HTTP/1.1" 200 18934 "-" "Mozilla/5.0 (compatible; AhrefsBot/7.0; +http://ahrefs.com/robot/)"
207.46.13.147 - - [12/Jul/2021:02:45:03 -0400] "GET /wp-content/uploads/2021/03/picture-105-scaled.jpg HTTP/1.1" 200 543847 "-" "Mozilla/5.0 (compatible; bingbot/2.0; +http://www.bing.com/bingbot.htm)"
204.48.19.85 - - [12/Jul/2021:02:45:07 -0400] "POST /wp-cron.php?doing_wp_cron=1626072307.6843791007995605468750 HTTP/1.1" 200 6295 "https://ajhydell.com/wp-cron.php?doing_wp_cron=1626072307.6843791007995605468750" "WordPress/5.7.2; https://ajhydell.com"
157.55.39.62 - - [12/Jul/2021:02:45:07 -0400] "GET /2021/02/10/world-chess-champion-garry-kasparov-during-the-first-six-game-match-against-ibm-supercomputer-deep-blue-pennsylvania-convention-center-philadelphia-february-10-17th-1996-1528-x-981/ HTTP/1.1" 200 18631 "-" "Mozilla/5.0 (compatible; bingbot/2.0; +http://www.bing.com/bingbot.htm)"
106.38.241.127 - - [12/Jul/2021:02:45:16 -0400] "GET / HTTP/1.1" 200 19665 "-" "Sogou web spider/4.0(+http://www.sogou.com/docs/help/webmasters.htm#07)"
5.255.253.148 - - [12/Jul/2021:02:45:39 -0400] "GET /2018/ HTTP/1.1" 200 19659 "-" "Mozilla/5.0 (compatible; YandexBot/3.0; +http://yandex.com/bots)"
204.48.19.85 - - [12/Jul/2021:02:46:06 -0400] "POST /wp-cron.php?doing_wp_cron=1626072366.9661219120025634765625 HTTP/1.1" 200 6295 "https://ajhydell.com/wp-cron.php?doing_wp_cron=1626072366.9661219120025634765625" "WordPress/5.7.2; https://ajhydell.com"
112.133.245.181 - - [12/Jul/2021:02:46:06 -0400] "POST /xmlrpc.php HTTP/1.1" 503 24275 "-" "Mozilla/5.0 (X11; Linux i686; rv:2.0.1) Gecko/20100101 Firefox/4.0.1"
112.133.245.181 - - [12/Jul/2021:02:46:10 -0400] "POST /wp-login.php HTTP/1.1" 503 24041 "-" "Mozilla/5.0 (X11; Linux i686; rv:2.0.1) Gecko/20100101 Firefox/4.0.1"
204.48.19.85 - - [12/Jul/2021:02:46:41 -0400] "POST /?wordfence_syncAttackData=1626072401.0801 HTTP/1.1" 200 6300 "https://ajhydell.com/?wordfence_syncAttackData=1626072401.0801" "WordPress/5.7.2; https://ajhydell.com"
204.48.19.85 - - [12/Jul/2021:02:46:41 -0400] "POST /wp-cron.php?doing_wp_cron=1626072401.1542580127716064453125 HTTP/1.1" 200 6295 "https://ajhydell.com/wp-cron.php?doing_wp_cron=1626072401.1542580127716064453125" "WordPress/5.7.2; https://ajhydell.com"
40.77.189.239 - - [12/Jul/2021:02:46:41 -0400] "GET /?wordfence_lh=1&hid=F639D3313A61A446C7A9BA8FD2B5FDE3&r=0.15949568019992388 HTTP/1.1" 200 5918 "-" "Mozilla/5.0 (Windows NT 6.1; WOW64) AppleWebKit/534+ (KHTML, like Gecko) BingPreview/1.0b"
62.210.188.218 - - [12/Jul/2021:02:48:57 -0400] "GET /2021/02/12/drawing-from-glas-newspapers-bosnia-and-herzegovina-yugoslavia-1991/feed/ HTTP/1.1" 200 7250 "-" "Mozilla/5.0 (compatible; Barkrowler/0.9; +https://babbar.tech/crawler)"
204.48.19.85 - - [12/Jul/2021:02:48:57 -0400] "POST /wp-cron.php?doing_wp_cron=1626072537.9687500000000000000000 HTTP/1.1" 200 6295 "https://ajhydell.com/wp-cron.php?doing_wp_cron=1626072537.9687500000000000000000" "WordPress/5.7.2; https://ajhydell.com"
62.210.188.218 - - [12/Jul/2021:02:49:07 -0400] "GET /2021/02/12/when-you-pirate-mp3s-youre-downloading-communism-usa-modern-humorist-2000-2003/feed/ HTTP/1.1" 200 7265 "-" "Mozilla/5.0 (compatible; Barkrowler/0.9; +https://babbar.tech/crawler)"
62.210.188.218 - - [12/Jul/2021:02:49:15 -0400] "GET /2021/03/04/villagers-from-svaneti-northern-georgia-transcaucasia-1889-618x1000/ HTTP/1.1" 200 18910 "-" "Mozilla/5.0 (compatible; Barkrowler/0.9; +https://babbar.tech/crawler)"
62.210.188.218 - - [12/Jul/2021:02:49:24 -0400] "GET /2021/04/12/american-troops-and-filipino-guerrillas-with-captured-japanese-soldiers-in-wwii/ HTTP/1.1" 200 18886 "-" "Mozilla/5.0 (compatible; Barkrowler/0.9; +https://babbar.tech/crawler)"
204.48.19.85 - - [12/Jul/2021:02:49:32 -0400] "POST /wp-cron.php?doing_wp_cron=1626072572.5910270214080810546875 HTTP/1.1" 200 6295 "https://ajhydell.com/wp-cron.php?doing_wp_cron=1626072572.5910270214080810546875" "WordPress/5.7.2; https://ajhydell.com"
62.210.188.218 - - [12/Jul/2021:02:49:32 -0400] "GET /2021/03/28/join-the-cola-dropouts-you-get-a-whole-new-feeling-with-wink-canada-dry-1967/ HTTP/1.1" 200 18998 "-" "Mozilla/5.0 (compatible; Barkrowler/0.9; +https://babbar.tech/crawler)"
62.210.188.218 - - [12/Jul/2021:02:49:41 -0400] "GET /2021/04/20/supreme-commander-and-future-34th-president-of-the-united-states-dwight-d-eisenhower/ HTTP/1.1" 200 18959 "-" "Mozilla/5.0 (compatible; Barkrowler/0.9; +https://babbar.tech/crawler)"
204.48.19.85 - - [12/Jul/2021:02:49:49 -0400] "POST /wp-cron.php?doing_wp_cron=1626072589.9360899925231933593750 HTTP/1.1" 200 6295 "https://ajhydell.com/wp-cron.php?doing_wp_cron=1626072589.9360899925231933593750" "WordPress/5.7.2; https://ajhydell.com"
62.210.188.218 - - [12/Jul/2021:02:49:49 -0400] "GET /2021/02/13/next-to-the-phone-theres-nothing-better-michigan-bell-yellow-pages-ameritech-corp-1984/feed/ HTTP/1.1" 200 7281 "-" "Mozilla/5.0 (compatible; Barkrowler/0.9; +https://babbar.tech/crawler)"
62.210.188.218 - - [12/Jul/2021:02:49:58 -0400] "GET /2021/05/11/catalan-propaganda-poster-mes-homes-mes-armes-mes-municions-per-al-front-1936/ HTTP/1.1" 200 19030 "-" "Mozilla/5.0 (compatible; Barkrowler/0.9; +https://babbar.tech/crawler)"
54.36.148.117 - - [12/Jul/2021:02:49:59 -0400] "GET /2020/11/19/ HTTP/1.1" 200 19110 "-" "Mozilla/5.0 (compatible; AhrefsBot/7.0; +http://ahrefs.com/robot/)"
62.210.188.218 - - [12/Jul/2021:02:50:06 -0400] "GET /2021/02/16/burger-king-personal-radio-with-headphones-12-95-sold-only-at-radio-shack-1985/ HTTP/1.1" 200 19104 "-" "Mozilla/5.0 (compatible; Barkrowler/0.9; +https://babbar.tech/crawler)"
62.210.188.218 - - [12/Jul/2021:02:50:15 -0400] "GET /2021/02/28/confederate-soldier-richard-cecil-johnson-of-8th-georgia-infantry-regiment-ca-1861/ HTTP/1.1" 200 18916 "-" "Mozilla/5.0 (compatible; Barkrowler/0.9; +https://babbar.tech/crawler)"
152.67.108.11 - - [12/Jul/2021:02:50:20 -0400] "POST /wp-login.php HTTP/1.1" 503 24797 "-" "Mozilla/5.0 (Windows NT 6.1) AppleWebKit/537.36 (KHTML, like Gecko) Chrome/59.0.3071.115 Safari/537.36"
62.210.188.218 - - [12/Jul/2021:02:50:27 -0400] "GET /2021/05/04/soviet-propaganda-poster-no-place-for-unemployment-in-socialism-cold-war-era/ HTTP/1.1" 200 13311 "-" "Mozilla/5.0 (compatible; Barkrowler/0.9; +https://babbar.tech/crawler)"
62.210.188.218 - - [12/Jul/2021:02:50:37 -0400] "GET /wp-json/oembed/1.0/embed?url=https%3A%2F%2Fajhydell.com%2F2020%2F10%2F30%2Fhappy-night-a-good-square-meal-1957%2F HTTP/1.1" 200 3648 "-" "Mozilla/5.0 (compatible; Barkrowler/0.9; +https://babbar.tech/crawler)"
204.48.19.85 - - [12/Jul/2021:02:50:45 -0400] "POST /wp-cron.php?doing_wp_cron=1626072645.5765891075134277343750 HTTP/1.1" 200 6295 "https://ajhydell.com/wp-cron.php?doing_wp_cron=1626072645.5765891075134277343750" "WordPress/5.7.2; https://ajhydell.com"
62.210.188.218 - - [12/Jul/2021:02:50:45 -0400] "GET /wp-json/oembed/1.0/embed?url=https%3A%2F%2Fajhydell.com%2F2020%2F10%2F11%2Fjohnny-cash-and-ray-charles%2F&format=xml HTTP/1.1" 200 7919 "-" "Mozilla/5.0 (compatible; Barkrowler/0.9; +https://babbar.tech/crawler)"
204.48.19.85 - - [12/Jul/2021:02:50:54 -0400] "POST /wp-cron.php?doing_wp_cron=1626072654.2246310710906982421875 HTTP/1.1" 200 6295 "https://ajhydell.com/wp-cron.php?doing_wp_cron=1626072654.2246310710906982421875" "WordPress/5.7.2; https://ajhydell.com"
62.210.188.218 - - [12/Jul/2021:02:50:54 -0400] "GET /wp-json/oembed/1.0/embed?url=https%3A%2F%2Fajhydell.com%2F2020%2F10%2F12%2Fgreasy-kids-stuff-1962%2F&format=xml HTTP/1.1" 200 7917 "-" "Mozilla/5.0 (compatible; Barkrowler/0.9; +https://babbar.tech/crawler)"
62.210.188.218 - - [12/Jul/2021:02:51:02 -0400] "GET /wp-json/oembed/1.0/embed?url=https%3A%2F%2Fajhydell.com%2F2020%2F11%2F08%2Fall-the-benefits-of-an-import-but-ford%2F HTTP/1.1" 200 9164 "-" "Mozilla/5.0 (compatible; Barkrowler/0.9; +https://babbar.tech/crawler)"
62.210.188.218 - - [12/Jul/2021:02:51:16 -0400] "GET /wp-json/oembed/1.0/embed?url=https%3A%2F%2Fajhydell.com%2F2020%2F04%2F25%2Fa-10-year-old-jack-black-1979%2F&format=xml HTTP/1.1" 200 7926 "-" "Mozilla/5.0 (compatible; Barkrowler/0.9; +https://babbar.tech/crawler)"
62.210.188.218 - - [12/Jul/2021:02:51:24 -0400] "GET /wp-json/oembed/1.0/embed?url=https%3A%2F%2Fajhydell.com%2F2020%2F04%2F24%2Fralph-nader-campaign-2004%2F&format=xml HTTP/1.1" 200 7922 "-" "Mozilla/5.0 (compatible; Barkrowler/0.9; +https://babbar.tech/crawler)"
62.210.188.218 - - [12/Jul/2021:02:51:32 -0400] "GET /wp-json/oembed/1.0/embed?url=https%3A%2F%2Fajhydell.com%2F2020%2F04%2F24%2Fanti-electricity-us-1900s%2F&format=xml HTTP/1.1" 200 7911 "-" "Mozilla/5.0 (compatible; Barkrowler/0.9; +https://babbar.tech/crawler)"
204.48.19.85 - - [12/Jul/2021:02:51:41 -0400] "POST /wp-cron.php?doing_wp_cron=1626072701.2789349555969238281250 HTTP/1.1" 200 6295 "https://ajhydell.com/wp-cron.php?doing_wp_cron=1626072701.2789349555969238281250" "WordPress/5.7.2; https://ajhydell.com"
62.210.188.218 - - [12/Jul/2021:02:51:41 -0400] "GET /wp-json/oembed/1.0/embed?url=https%3A%2F%2Fajhydell.com%2F2020%2F10%2F09%2Fedgar-allan-poe-1840s%2F HTTP/1.1" 200 9072 "-" "Mozilla/5.0 (compatible; Barkrowler/0.9; +https://babbar.tech/crawler)"
204.48.19.85 - - [12/Jul/2021:02:51:49 -0400] "POST /wp-cron.php?doing_wp_cron=1626072709.9938809871673583984375 HTTP/1.1" 200 6295 "https://ajhydell.com/wp-cron.php?doing_wp_cron=1626072709.9938809871673583984375" "WordPress/5.7.2; https://ajhydell.com"
62.210.188.218 - - [12/Jul/2021:02:51:49 -0400] "GET /wp-json/oembed/1.0/embed?url=https%3A%2F%2Fajhydell.com%2F2020%2F09%2F29%2Fwilliam-t-sherman-1885%2F&format=xml HTTP/1.1" 200 7917 "-" "Mozilla/5.0 (compatible; Barkrowler/0.9; +https://babbar.tech/crawler)"
62.210.188.218 - - [12/Jul/2021:02:51:58 -0400] "GET /wp-json/oembed/1.0/embed?url=https%3A%2F%2Fajhydell.com%2F2021%2F02%2F22%2Fpalestine-for-the-arabs-1985%2F&format=xml HTTP/1.1" 200 7922 "-" "Mozilla/5.0 (compatible; Barkrowler/0.9; +https://babbar.tech/crawler)"
62.210.188.218 - - [12/Jul/2021:02:52:06 -0400] "GET /wp-json/oembed/1.0/embed?url=https%3A%2F%2Fajhydell.com%2F2021%2F03%2F03%2Fmadballs-by-amtoy-1986%2F HTTP/1.1" 200 9077 "-" "Mozilla/5.0 (compatible; Barkrowler/0.9; +https://babbar.tech/crawler)"
62.210.188.218 - - [12/Jul/2021:02:52:15 -0400] "GET /wp-json/oembed/1.0/embed?url=https%3A%2F%2Fajhydell.com%2F2018%2F12%2F19%2Fkathleen-beller-bic-pens-ad-1970s%2F HTTP/1.1" 200 9132 "-" "Mozilla/5.0 (compatible; Barkrowler/0.9; +https://babbar.tech/crawler)"
62.210.188.218 - - [12/Jul/2021:02:52:24 -0400] "GET /wp-json/oembed/1.0/embed?url=https%3A%2F%2Fajhydell.com%2F2018%2F08%2F24%2Fview-of-new-yorks-financial-district-1933%2F&format=xml HTTP/1.1" 200 7948 "-" "Mozilla/5.0 (compatible; Barkrowler/0.9; +https://babbar.tech/crawler)"
62.210.188.218 - - [12/Jul/2021:02:52:33 -0400] "GET /2018/12/12/finnish-soldiers-enjoying-their-christmas-eve-karelian-isthmus-1941-colorized/ HTTP/1.1" 200 18852 "-" "Mozilla/5.0 (compatible; Barkrowler/0.9; +https://babbar.tech/crawler)"
62.210.188.218 - - [12/Jul/2021:02:52:41 -0400] "GET /2018/12/30/british-airborne-pathfinders-check-their-watches-on-the-night-before-d-day-1944-colorized/ HTTP/1.1" 200 18870 "-" "Mozilla/5.0 (compatible; Barkrowler/0.9; +https://babbar.tech/crawler)"
204.48.19.85 - - [12/Jul/2021:02:52:59 -0400] "POST /wp-cron.php?doing_wp_cron=1626072779.2753889560699462890625 HTTP/1.1" 200 6295 "https://ajhydell.com/wp-cron.php?doing_wp_cron=1626072779.2753889560699462890625" "WordPress/5.7.2; https://ajhydell.com"
62.210.188.218 - - [12/Jul/2021:02:52:59 -0400] "GET /2018/11/22/the-only-known-photograph-of-an-african-american-union-soldier-with-his-family-circa-1863/ HTTP/1.1" 200 18901 "-" "Mozilla/5.0 (compatible; Barkrowler/0.9; +https://babbar.tech/crawler)"
62.210.188.218 - - [12/Jul/2021:02:53:17 -0400] "GET /2018/08/04/fidel-castro-laughing-at-a-newspaper-headline-while-visiting-new-york-in-1959-634x674-2/ HTTP/1.1" 200 19144 "-" "Mozilla/5.0 (compatible; Barkrowler/0.9; +https://babbar.tech/crawler)"
66.249.65.228 - - [12/Jul/2021:02:53:20 -0400] "GET /robots.txt HTTP/1.1" 200 6517 "-" "Mozilla/5.0 (compatible; Googlebot/2.1; +http://www.google.com/bot.html)"
66.249.65.226 - - [12/Jul/2021:02:53:20 -0400] "GET /2018/08/10/silhouette-of-the-titanic-at-queenstown-on-her-maiden-voyage-1912-900-x-695/ HTTP/1.1" 200 18540 "-" "Mozilla/5.0 (Linux; Android 6.0.1; Nexus 5X Build/MMB29P) AppleWebKit/537.36 (KHTML, like Gecko) Chrome/91.0.4472.90 Mobile Safari/537.36 (compatible; Googlebot/2.1; +http://www.google.com/bot.html)"
62.210.188.218 - - [12/Jul/2021:02:53:26 -0400] "GET /2018/08/30/the-new-york-central-streamliner-mercury-passes-through-new-york-city-hall-1936-1024x786/ HTTP/1.1" 200 18908 "-" "Mozilla/5.0 (compatible; Barkrowler/0.9; +https://babbar.tech/crawler)"
62.210.188.218 - - [12/Jul/2021:02:53:35 -0400] "GET /2018/08/10/silhouette-of-the-titanic-at-queenstown-on-her-maiden-voyage-1912-900-x-695/feed/ HTTP/1.1" 200 7246 "-" "Mozilla/5.0 (compatible; Barkrowler/0.9; +https://babbar.tech/crawler)"
62.210.188.218 - - [12/Jul/2021:02:53:44 -0400] "GET /2019/11/18/american-soldier-holding-a-bazooka-and-panzerschreck-1943-colorized-by-me/ HTTP/1.1" 200 18896 "-" "Mozilla/5.0 (compatible; Barkrowler/0.9; +https://babbar.tech/crawler)"
204.48.19.85 - - [12/Jul/2021:02:53:52 -0400] "POST /wp-cron.php?doing_wp_cron=1626072832.9715209007263183593750 HTTP/1.1" 200 6295 "https://ajhydell.com/wp-cron.php?doing_wp_cron=1626072832.9715209007263183593750" "WordPress/5.7.2; https://ajhydell.com"
62.210.188.218 - - [12/Jul/2021:02:53:52 -0400] "GET /2019/11/26/the-aftermath-of-naval-bombardment-uss-miami-palau-islands-7th-sept-1944/ HTTP/1.1" 200 18884 "-" "Mozilla/5.0 (compatible; Barkrowler/0.9; +https://babbar.tech/crawler)"
62.210.188.218 - - [12/Jul/2021:02:54:01 -0400] "GET /2019/11/26/the-aftermath-of-naval-bombardment-uss-miami-palau-islands-7th-sept-1944/feed/ HTTP/1.1" 200 7260 "-" "Mozilla/5.0 (compatible; Barkrowler/0.9; +https://babbar.tech/crawler)"
66.249.65.228 - - [12/Jul/2021:02:54:03 -0400] "GET /wp-content/themes/royal-magazine/js/navigation.js?ver=20151215 HTTP/1.1" 200 7328 "https://ajhydell.com/2018/08/10/silhouette-of-the-titanic-at-queenstown-on-her-maiden-voyage-1912-900-x-695/" "Mozilla/5.0 (Linux; Android 6.0.1; Nexus 5X Build/MMB29P) AppleWebKit/537.36 (KHTML, like Gecko) Chrome/91.0.4472.90 Mobile Safari/537.36 (compatible; Googlebot/2.1; +http://www.google.com/bot.html)"
66.249.65.226 - - [12/Jul/2021:02:54:08 -0400] "GET /wp-content/themes/royal-magazine/js/skip-link-focus-fix.js?ver=20151215 HTTP/1.1" 200 6919 "https://ajhydell.com/2018/08/10/silhouette-of-the-titanic-at-queenstown-on-her-maiden-voyage-1912-900-x-695/" "Mozilla/5.0 (Linux; Android 6.0.1; Nexus 5X Build/MMB29P) AppleWebKit/537.36 (KHTML, like Gecko) Chrome/91.0.4472.90 Mobile Safari/537.36 (compatible; Googlebot/2.1; +http://www.google.com/bot.html)"
62.210.188.218 - - [12/Jul/2021:02:54:09 -0400] "GET /2019/11/11/a-wounded-marine-proudly-exhibits-a-japanese-sword-tarawa-november-1943/ HTTP/1.1" 200 18886 "-" "Mozilla/5.0 (compatible; Barkrowler/0.9; +https://babbar.tech/crawler)"
62.210.188.218 - - [12/Jul/2021:02:54:19 -0400] "GET /2019/11/22/fuck-wr-u-s-govt-regulations-prohibit-the-printing-of-obscene-words-usa-1970/ HTTP/1.1" 200 18869 "-" "Mozilla/5.0 (compatible; Barkrowler/0.9; +https://babbar.tech/crawler)"
62.210.188.218 - - [12/Jul/2021:02:54:28 -0400] "GET /2020/11/25/long-live-the-ussr-the-birthplace-of-cosmonautics-soviet-poster-1964/ HTTP/1.1" 200 18819 "-" "Mozilla/5.0 (compatible; Barkrowler/0.9; +https://babbar.tech/crawler)"
154.209.68.87 - - [12/Jul/2021:02:54:26 -0400] "POST /wp-login.php HTTP/1.1" 503 24797 "-" "Mozilla/5.0 (Windows NT 6.1) AppleWebKit/537.36 (KHTML, like Gecko) Chrome/70.0.3538.77 Safari/537.36"
62.210.188.218 - - [12/Jul/2021:02:54:36 -0400] "GET /2020/11/18/buy-fresh-fish-save-the-meat-for-our-soldier-and-allies-wwi-canadian-poster/ HTTP/1.1" 200 18988 "-" "Mozilla/5.0 (compatible; Barkrowler/0.9; +https://babbar.tech/crawler)"
49.7.20.67 - - [12/Jul/2021:02:56:04 -0400] "GET / HTTP/1.1" 301 528 "-" "Sogou web spider/4.0(+http://www.sogou.com/docs/help/webmasters.htm#07)"
204.48.19.85 - - [12/Jul/2021:02:56:17 -0400] "POST /wp-cron.php?doing_wp_cron=1626072977.9141581058502197265625 HTTP/1.1" 200 6295 "https://ajhydell.com/wp-cron.php?doing_wp_cron=1626072977.9141581058502197265625" "WordPress/5.7.2; https://ajhydell.com"
54.36.148.117 - - [12/Jul/2021:02:56:17 -0400] "GET /2019/01/06/106-year-old-armenian-woman-guards-home-1990-2400-x-1610/ HTTP/1.1" 200 18819 "-" "Mozilla/5.0 (compatible; AhrefsBot/7.0; +http://ahrefs.com/robot/)"
204.48.19.85 - - [12/Jul/2021:02:57:00 -0400] "POST /wp-cron.php?doing_wp_cron=1626073020.9310169219970703125000 HTTP/1.1" 200 6295 "https://ajhydell.com/wp-cron.php?doing_wp_cron=1626073020.9310169219970703125000" "WordPress/5.7.2; https://ajhydell.com"
49.7.20.67 - - [12/Jul/2021:02:57:00 -0400] "GET / HTTP/1.1" 200 19663 "-" "Sogou web spider/4.0(+http://www.sogou.com/docs/help/webmasters.htm#07)"
207.46.13.113 - - [12/Jul/2021:02:57:02 -0400] "GET /wp-content/uploads/2021/03/picture-105-2048x1401.jpg HTTP/1.1" 200 339899 "-" "Mozilla/5.0 (compatible; bingbot/2.0; +http://www.bing.com/bingbot.htm)"
204.48.19.85 - - [12/Jul/2021:03:00:14 -0400] "POST /wp-cron.php?doing_wp_cron=1626073214.8841869831085205078125 HTTP/1.1" 200 6295 "https://ajhydell.com/wp-cron.php?doing_wp_cron=1626073214.8841869831085205078125" "WordPress/5.7.2; https://ajhydell.com"
114.119.143.168 - - [12/Jul/2021:03:00:14 -0400] "GET /2020/04/16/german-sniper-squads-with-scoped-g43-rifles-of-the-fallschirm-panzer-division-1 HTTP/1.1" 301 5842 "-" "Mozilla/5.0 (Linux; Android 7.0;) AppleWebKit/537.36 (KHTML, like Gecko) Mobile Safari/537.36 (compatible; PetalBot;+https://webmaster.petalsearch.com/site/petalbot)"
114.119.143.168 - - [12/Jul/2021:03:00:15 -0400] "GET /2020/04/16/german-sniper-squads-with-scoped-g43-rifles-of-the-fallschirm-panzer-division-1/ HTTP/1.1" 200 12992 "-" "Mozilla/5.0 (Linux; Android 7.0;) AppleWebKit/537.36 (KHTML, like Gecko) Mobile Safari/537.36 (compatible; PetalBot;+https://webmaster.petalsearch.com/site/petalbot)"
165.22.53.233 - - [12/Jul/2021:03:00:27 -0400] "GET /wp-login.php HTTP/1.1" 200 8602 "-" "Mozilla/5.0 (X11; Ubuntu; Linux x86_64; rv:62.0) Gecko/20100101 Firefox/62.0"
165.22.53.233 - - [12/Jul/2021:03:00:28 -0400] "POST /wp-login.php HTTP/1.1" 200 8702 "-" "Mozilla/5.0 (X11; Ubuntu; Linux x86_64; rv:62.0) Gecko/20100101 Firefox/62.0"
165.22.53.233 - - [12/Jul/2021:03:00:29 -0400] "POST /xmlrpc.php HTTP/1.1" 200 5852 "-" "Mozilla/5.0 (X11; Ubuntu; Linux x86_64; rv:62.0) Gecko/20100101 Firefox/62.0"
207.46.13.70 - - [12/Jul/2021:03:00:51 -0400] "GET /wp-content/uploads/2021/01/picture-11-1091x1536.jpg HTTP/1.1" 200 225247 "-" "Mozilla/5.0 (compatible; bingbot/2.0; +http://www.bing.com/bingbot.htm)"
204.48.19.85 - - [12/Jul/2021:03:01:52 -0400] "POST /wp-cron.php?doing_wp_cron=1626073312.1460280418395996093750 HTTP/1.1" 200 6295 "https://ajhydell.com/wp-cron.php?doing_wp_cron=1626073312.1460280418395996093750" "WordPress/5.7.2; https://ajhydell.com"
54.36.148.117 - - [12/Jul/2021:03:01:52 -0400] "GET /2020/07/31/senegalese-ww1-soldier-who-lost-both-his-arms-writes-a-letter-with-his-new-prosthetic-limbs-at-vocational-rehabilitation-school-for-amputees-28-avenue-de-new-york-paris-1918/ HTTP/1.1" 200 18985 "-" "Mozilla/5.0 (compatible; AhrefsBot/7.0; +http://ahrefs.com/robot/)"
17.121.112.193 - - [12/Jul/2021:03:02:17 -0400] "GET /2019/01/22/armored-car-kalevipoeg-from-estonian-war-of-independence-1919-646x416/ HTTP/1.1" 200 18180 "-" "Mozilla/5.0 (Macintosh; Intel Mac OS X 10_15_5) AppleWebKit/605.1.15 (KHTML, like Gecko) Version/13.1.1 Safari/605.1.15 (Applebot/0.1; +http://www.apple.com/go/applebot)"
77.75.78.163 - - [12/Jul/2021:03:02:29 -0400] "GET /robots.txt HTTP/1.1" 200 6517 "-" "Mozilla/5.0 (compatible; SeznamBot/3.2; +http://napoveda.seznam.cz/en/seznambot-intro/)"
77.75.78.163 - - [12/Jul/2021:03:02:30 -0400] "GET /wp-content/uploads/2021/06/picture-2.jpg HTTP/1.1" 304 6272 "-" "Mozilla/5.0 (compatible; SeznamBot/3.2; +http://napoveda.seznam.cz/en/seznambot-intro/)"
204.48.19.85 - - [12/Jul/2021:03:03:06 -0400] "POST /wp-cron.php?doing_wp_cron=1626073386.6939980983734130859375 HTTP/1.1" 200 6295 "https://ajhydell.com/wp-cron.php?doing_wp_cron=1626073386.6939980983734130859375" "WordPress/5.7.2; https://ajhydell.com"
167.71.107.82 - - [12/Jul/2021:03:03:06 -0400] "GET / HTTP/1.1" 200 20136 "-" "Go-http-client/1.1"
207.46.13.147 - - [12/Jul/2021:03:04:34 -0400] "GET /wp-content/uploads/2021/04/picture-65-768x1203.jpg HTTP/1.1" 200 115063 "-" "Mozilla/5.0 (compatible; bingbot/2.0; +http://www.bing.com/bingbot.htm)"
204.48.19.85 - - [12/Jul/2021:03:04:56 -0400] "POST /wp-cron.php?doing_wp_cron=1626073495.9956901073455810546875 HTTP/1.1" 200 6295 "https://ajhydell.com/wp-cron.php?doing_wp_cron=1626073495.9956901073455810546875" "WordPress/5.7.2; https://ajhydell.com"
177.55.111.13 - - [12/Jul/2021:03:04:55 -0400] "POST /wp-login.php HTTP/1.1" 503 24797 "-" "Mozilla/5.0 (Windows NT 6.1; Win64; x64) AppleWebKit/537.36 (KHTML, like Gecko) Chrome/70.0.3538.67 Safari/537.36"
204.48.19.85 - - [12/Jul/2021:03:07:27 -0400] "POST /wp-cron.php?doing_wp_cron=1626073647.5263679027557373046875 HTTP/1.1" 200 6295 "https://ajhydell.com/wp-cron.php?doing_wp_cron=1626073647.5263679027557373046875" "WordPress/5.7.2; https://ajhydell.com"
54.36.148.117 - - [12/Jul/2021:03:07:27 -0400] "GET /2021/05/27/wwii-farewell/ HTTP/1.1" 200 18501 "-" "Mozilla/5.0 (compatible; AhrefsBot/7.0; +http://ahrefs.com/robot/)"
204.48.19.85 - - [12/Jul/2021:03:08:00 -0400] "POST /wp-cron.php?doing_wp_cron=1626073680.9269399642944335937500 HTTP/1.1" 200 6295 "https://ajhydell.com/wp-cron.php?doing_wp_cron=1626073680.9269399642944335937500" "WordPress/5.7.2; https://ajhydell.com"
112.133.245.181 - - [12/Jul/2021:03:08:00 -0400] "POST /xmlrpc.php HTTP/1.1" 503 24275 "-" "Mozilla/5.0 (X11; Linux i686; rv:2.0.1) Gecko/20100101 Firefox/4.0.1"
112.133.245.181 - - [12/Jul/2021:03:08:02 -0400] "POST /wp-login.php HTTP/1.1" 503 24041 "-" "Mozilla/5.0 (X11; Linux i686; rv:2.0.1) Gecko/20100101 Firefox/4.0.1"
204.48.19.85 - - [12/Jul/2021:03:08:35 -0400] "POST /?wordfence_syncAttackData=1626073715.8322 HTTP/1.1" 200 6300 "https://ajhydell.com/?wordfence_syncAttackData=1626073715.8322" "WordPress/5.7.2; https://ajhydell.com"
204.48.19.85 - - [12/Jul/2021:03:08:35 -0400] "POST /wp-cron.php?doing_wp_cron=1626073715.9053111076354980468750 HTTP/1.1" 200 6295 "https://ajhydell.com/wp-cron.php?doing_wp_cron=1626073715.9053111076354980468750" "WordPress/5.7.2; https://ajhydell.com"
17.121.113.126 - - [12/Jul/2021:03:08:35 -0400] "GET /2020/10/05/mcdonalds-mcdonaldland-glasses-september-1975/ HTTP/1.1" 200 18081 "-" "Mozilla/5.0 (Macintosh; Intel Mac OS X 10_15_5) AppleWebKit/605.1.15 (KHTML, like Gecko) Version/13.1.1 Safari/605.1.15 (Applebot/0.1; +http://www.apple.com/go/applebot)"
204.48.19.85 - - [12/Jul/2021:03:10:03 -0400] "POST /wp-cron.php?doing_wp_cron=1626073803.4810979366302490234375 HTTP/1.1" 200 6295 "https://ajhydell.com/wp-cron.php?doing_wp_cron=1626073803.4810979366302490234375" "WordPress/5.7.2; https://ajhydell.com"
40.77.167.77 - - [12/Jul/2021:03:10:03 -0400] "GET /2019/07/16/then-now-stalingrad-1942-place-unknown/ HTTP/1.1" 200 18447 "-" "Mozilla/5.0 (compatible; bingbot/2.0; +http://www.bing.com/bingbot.htm)"
40.77.167.81 - - [12/Jul/2021:03:10:25 -0400] "GET /2019/11/21/ HTTP/1.1" 200 17921 "-" "Mozilla/5.0 (compatible; bingbot/2.0; +http://www.bing.com/bingbot.htm)"
207.46.13.137 - - [12/Jul/2021:03:10:37 -0400] "GET /wp-content/uploads/2021/04/picture-141-1599x2048.jpg HTTP/1.1" 200 362321 "-" "Mozilla/5.0 (compatible; bingbot/2.0; +http://www.bing.com/bingbot.htm)"
5.255.253.148 - - [12/Jul/2021:03:11:09 -0400] "GET /wp-content/uploads/2019/09/picture-72.jpg HTTP/1.1" 304 6272 "-" "Mozilla/5.0 (compatible; YandexImages/3.0; +http://yandex.com/bots)"
204.48.19.85 - - [12/Jul/2021:03:12:01 -0400] "POST /wp-cron.php?doing_wp_cron=1626073921.2846069335937500000000 HTTP/1.1" 200 6295 "https://ajhydell.com/wp-cron.php?doing_wp_cron=1626073921.2846069335937500000000" "WordPress/5.7.2; https://ajhydell.com"
17.121.114.68 - - [12/Jul/2021:03:12:01 -0400] "GET /2020/10/09/an-imperial-japanese-soldier-sharing-a-smoke-with-a-soviet-prisoner-battles-of-khalkhin-gol-manchuria-1939-500-x-389/ HTTP/1.1" 200 18251 "-" "Mozilla/5.0 (Macintosh; Intel Mac OS X 10_15_5) AppleWebKit/605.1.15 (KHTML, like Gecko) Version/13.1.1 Safari/605.1.15 (Applebot/0.1; +http://www.apple.com/go/applebot)"
40.77.167.7 - - [12/Jul/2021:03:12:47 -0400] "GET /wp-content/uploads/2021/05/picture-8-1536x1270.jpg HTTP/1.1" 200 307078 "-" "Mozilla/5.0 (compatible; bingbot/2.0; +http://www.bing.com/bingbot.htm)"
204.48.19.85 - - [12/Jul/2021:03:12:58 -0400] "POST /wp-cron.php?doing_wp_cron=1626073978.2703170776367187500000 HTTP/1.1" 200 6295 "https://ajhydell.com/wp-cron.php?doing_wp_cron=1626073978.2703170776367187500000" "WordPress/5.7.2; https://ajhydell.com"
54.36.148.117 - - [12/Jul/2021:03:12:58 -0400] "GET /2021/05/17/wounded-british-troops-at-a-dressing-station-in-aveluy-wood-one-man-shows-damage-to-his-steel-helmet-from-which-he-suffered-a-head-wound-wwi/ HTTP/1.1" 200 18938 "-" "Mozilla/5.0 (compatible; AhrefsBot/7.0; +http://ahrefs.com/robot/)"
204.48.19.85 - - [12/Jul/2021:03:15:59 -0400] "POST /wp-cron.php?doing_wp_cron=1626074159.7967040538787841796875 HTTP/1.1" 200 6295 "https://ajhydell.com/wp-cron.php?doing_wp_cron=1626074159.7967040538787841796875" "WordPress/5.7.2; https://ajhydell.com"
17.121.113.208 - - [12/Jul/2021:03:15:59 -0400] "GET /2018/10/21/aircraft-of-carrier-air-group-16-return-to-the-uss-lexington-cv-16-during-the-gilberts-operation-november-1943/ HTTP/1.1" 200 18433 "-" "Mozilla/5.0 (Macintosh; Intel Mac OS X 10_15_5) AppleWebKit/605.1.15 (KHTML, like Gecko) Version/13.1.1 Safari/605.1.15 (Applebot/0.1; +http://www.apple.com/go/applebot)"
204.48.19.85 - - [12/Jul/2021:03:16:18 -0400] "POST /wp-cron.php?doing_wp_cron=1626074178.1931190490722656250000 HTTP/1.1" 200 6295 "https://ajhydell.com/wp-cron.php?doing_wp_cron=1626074178.1931190490722656250000" "WordPress/5.7.2; https://ajhydell.com"
40.77.167.81 - - [12/Jul/2021:03:16:18 -0400] "GET /2021/06/12/turn-off-the-light-when-you-leave-ussr-1987/ HTTP/1.1" 200 18390 "-" "Mozilla/5.0 (compatible; bingbot/2.0; +http://www.bing.com/bingbot.htm)"
40.77.167.81 - - [12/Jul/2021:03:16:18 -0400] "GET /2021/06/09/ HTTP/1.1" 200 13214 "-" "Mozilla/5.0 (compatible; bingbot/2.0; +http://www.bing.com/bingbot.htm)"
40.77.167.81 - - [12/Jul/2021:03:16:18 -0400] "GET /2019/10/28/allied-soldiers-pose-with-a-captured-nazi-flag-among-the-ruins-of-cassino-italy-1944/ HTTP/1.1" 200 13067 "-" "Mozilla/5.0 (compatible; bingbot/2.0; +http://www.bing.com/bingbot.htm)"
40.77.167.81 - - [12/Jul/2021:03:16:18 -0400] "GET /2021/03/26/ HTTP/1.1" 200 12504 "-" "Mozilla/5.0 (compatible; bingbot/2.0; +http://www.bing.com/bingbot.htm)"
207.46.13.54 - - [12/Jul/2021:03:16:19 -0400] "GET /page/6/ HTTP/1.1" 200 20287 "-" "Mozilla/5.0 (compatible; bingbot/2.0; +http://www.bing.com/bingbot.htm)"
157.55.39.62 - - [12/Jul/2021:03:16:19 -0400] "GET /2021/03/page/2/ HTTP/1.1" 200 19563 "-" "Mozilla/5.0 (compatible; bingbot/2.0; +http://www.bing.com/bingbot.htm)"
207.46.13.137 - - [12/Jul/2021:03:16:22 -0400] "GET /2021/04/18/ HTTP/1.1" 200 18357 "-" "Mozilla/5.0 (compatible; bingbot/2.0; +http://www.bing.com/bingbot.htm)"
207.46.13.137 - - [12/Jul/2021:03:16:22 -0400] "GET /2021/06/23/blackjack-chewing-gum-1925/ HTTP/1.1" 200 12731 "-" "Mozilla/5.0 (compatible; bingbot/2.0; +http://www.bing.com/bingbot.htm)"
207.46.13.137 - - [12/Jul/2021:03:16:22 -0400] "GET /2021/04/page/4/ HTTP/1.1" 200 14102 "-" "Mozilla/5.0 (compatible; bingbot/2.0; +http://www.bing.com/bingbot.htm)"
207.46.13.113 - - [12/Jul/2021:03:16:24 -0400] "GET /2021/06/11/ HTTP/1.1" 200 18411 "-" "Mozilla/5.0 (compatible; bingbot/2.0; +http://www.bing.com/bingbot.htm)"
207.46.13.70 - - [12/Jul/2021:03:16:25 -0400] "GET /page/2/ HTTP/1.1" 200 20494 "-" "Mozilla/5.0 (compatible; bingbot/2.0; +http://www.bing.com/bingbot.htm)"
40.77.167.77 - - [12/Jul/2021:03:16:27 -0400] "GET /2021/03/05/ HTTP/1.1" 200 18654 "-" "Mozilla/5.0 (compatible; bingbot/2.0; +http://www.bing.com/bingbot.htm)"
40.77.167.77 - - [12/Jul/2021:03:16:27 -0400] "GET /2021/04/page/2/ HTTP/1.1" 200 13909 "-" "Mozilla/5.0 (compatible; bingbot/2.0; +http://www.bing.com/bingbot.htm)"
40.77.167.77 - - [12/Jul/2021:03:16:27 -0400] "GET /2019/05/05/ HTTP/1.1" 200 12159 "-" "Mozilla/5.0 (compatible; bingbot/2.0; +http://www.bing.com/bingbot.htm)"
207.46.13.147 - - [12/Jul/2021:03:16:28 -0400] "GET /2021/06/10/ HTTP/1.1" 200 18295 "-" "Mozilla/5.0 (compatible; bingbot/2.0; +http://www.bing.com/bingbot.htm)"
207.46.13.67 - - [12/Jul/2021:03:16:36 -0400] "GET /page/14/ HTTP/1.1" 200 19926 "-" "Mozilla/5.0 (compatible; bingbot/2.0; +http://www.bing.com/bingbot.htm)"
207.46.13.67 - - [12/Jul/2021:03:16:37 -0400] "GET /2021/03/29/ HTTP/1.1" 200 12986 "-" "Mozilla/5.0 (compatible; bingbot/2.0; +http://www.bing.com/bingbot.htm)"
207.46.13.70 - - [12/Jul/2021:03:16:37 -0400] "GET /page/9/ HTTP/1.1" 200 20337 "-" "Mozilla/5.0 (compatible; bingbot/2.0; +http://www.bing.com/bingbot.htm)"
207.46.13.67 - - [12/Jul/2021:03:16:38 -0400] "GET /2021/05/11/jubilant-crowds-in-new-york-celebrating-the-allied-forces-victory-1918-colorization-964x628/ HTTP/1.1" 200 12838 "-" "Mozilla/5.0 (compatible; bingbot/2.0; +http://www.bing.com/bingbot.htm)"
207.46.13.67 - - [12/Jul/2021:03:16:38 -0400] "GET /page/8/ HTTP/1.1" 200 14684 "-" "Mozilla/5.0 (compatible; bingbot/2.0; +http://www.bing.com/bingbot.htm)"
40.77.167.7 - - [12/Jul/2021:03:16:39 -0400] "GET /2018/ HTTP/1.1" 200 19254 "-" "Mozilla/5.0 (compatible; bingbot/2.0; +http://www.bing.com/bingbot.htm)"
204.48.19.85 - - [12/Jul/2021:03:16:46 -0400] "POST /wp-cron.php?doing_wp_cron=1626074206.0128540992736816406250 HTTP/1.1" 200 6295 "https://ajhydell.com/wp-cron.php?doing_wp_cron=1626074206.0128540992736816406250" "WordPress/5.7.2; https://ajhydell.com"
207.46.13.113 - - [12/Jul/2021:03:16:45 -0400] "GET /2021/06/06/quit-smoking-1972/ HTTP/1.1" 200 18481 "-" "Mozilla/5.0 (compatible; bingbot/2.0; +http://www.bing.com/bingbot.htm)"
112.133.245.181 - - [12/Jul/2021:03:16:49 -0400] "POST /xmlrpc.php HTTP/1.1" 503 24041 "-" "Mozilla/5.0 (X11; Linux i686; rv:2.0.1) Gecko/20100101 Firefox/4.0.1"
112.133.245.181 - - [12/Jul/2021:03:16:51 -0400] "POST /wp-login.php HTTP/1.1" 503 24041 "-" "Mozilla/5.0 (X11; Linux i686; rv:2.0.1) Gecko/20100101 Firefox/4.0.1"
204.48.19.85 - - [12/Jul/2021:03:16:59 -0400] "POST /?wordfence_syncAttackData=1626074219.7763 HTTP/1.1" 200 6300 "https://ajhydell.com/?wordfence_syncAttackData=1626074219.7763" "WordPress/5.7.2; https://ajhydell.com"
40.77.167.7 - - [12/Jul/2021:03:16:59 -0400] "GET /2021/04/09/ HTTP/1.1" 200 18355 "-" "Mozilla/5.0 (compatible; bingbot/2.0; +http://www.bing.com/bingbot.htm)"
185.191.171.13 - - [12/Jul/2021:03:17:01 -0400] "GET /robots.txt HTTP/1.1" 200 6480 "-" "Mozilla/5.0 (compatible; SemrushBot/7~bl; +http://www.semrush.com/bot.html)"
185.191.171.37 - - [12/Jul/2021:03:17:01 -0400] "GET /2021/02/13/us-marine-being-helped-onto-the-deck-of-a-coast-guard-ship-after-two-days-of-battle-on-eniwetok-atoll-marshall-islands-february-1944-original-description-and-photo-us-coast-guard-photograph-200/ HTTP/1.1" 200 19159 "-" "Mozilla/5.0 (compatible; SemrushBot/7~bl; +http://www.semrush.com/bot.html)"
207.46.13.113 - - [12/Jul/2021:03:17:24 -0400] "GET /2021/06/20/troopers-of-the-101st-airborne-celebrating-still-being-alive-carentan-france-june-1944-colorized-by-rocolor-photo-by-bob-landry-life-magazine/ HTTP/1.1" 200 18535 "-" "Mozilla/5.0 (compatible; bingbot/2.0; +http://www.bing.com/bingbot.htm)"
34.94.247.253 - - [12/Jul/2021:03:17:26 -0400] "GET /wp-login.php HTTP/1.1" 200 8604 "-" "Mozilla/5.0 (X11; Ubuntu; Linux x86_64; rv:62.0) Gecko/20100101 Firefox/62.0"
34.94.247.253 - - [12/Jul/2021:03:17:26 -0400] "POST /wp-login.php HTTP/1.1" 200 8701 "-" "Mozilla/5.0 (X11; Ubuntu; Linux x86_64; rv:62.0) Gecko/20100101 Firefox/62.0"
34.94.247.253 - - [12/Jul/2021:03:17:27 -0400] "POST /xmlrpc.php HTTP/1.1" 200 5852 "-" "Mozilla/5.0 (X11; Ubuntu; Linux x86_64; rv:62.0) Gecko/20100101 Firefox/62.0"
207.46.13.147 - - [12/Jul/2021:03:17:28 -0400] "GET /page/5/ HTTP/1.1" 200 20334 "-" "Mozilla/5.0 (compatible; bingbot/2.0; +http://www.bing.com/bingbot.htm)"
204.48.19.85 - - [12/Jul/2021:03:17:29 -0400] "POST /wp-cron.php?doing_wp_cron=1626074249.9649178981781005859375 HTTP/1.1" 200 6295 "https://ajhydell.com/wp-cron.php?doing_wp_cron=1626074249.9649178981781005859375" "WordPress/5.7.2; https://ajhydell.com"
157.55.39.62 - - [12/Jul/2021:03:17:29 -0400] "GET /2021/06/05/make-way-for-corn-soviet-union-1960s/ HTTP/1.1" 200 18324 "-" "Mozilla/5.0 (compatible; bingbot/2.0; +http://www.bing.com/bingbot.htm)"
40.77.167.7 - - [12/Jul/2021:03:17:30 -0400] "GET /2021/06/08/the-invasion-begins-june-8th-1944/ HTTP/1.1" 200 18341 "-" "Mozilla/5.0 (compatible; bingbot/2.0; +http://www.bing.com/bingbot.htm)"
40.77.167.7 - - [12/Jul/2021:03:17:31 -0400] "GET /2021/06/17/april-13-1924-ford-ad/ HTTP/1.1" 200 12657 "-" "Mozilla/5.0 (compatible; bingbot/2.0; +http://www.bing.com/bingbot.htm)"
40.77.167.81 - - [12/Jul/2021:03:17:32 -0400] "GET /2021/06/08/romanian-anti-communist-poster-in-1980s/ HTTP/1.1" 200 18407 "-" "Mozilla/5.0 (compatible; bingbot/2.0; +http://www.bing.com/bingbot.htm)"
40.77.167.81 - - [12/Jul/2021:03:17:32 -0400] "GET /page/10/ HTTP/1.1" 200 15483 "-" "Mozilla/5.0 (compatible; bingbot/2.0; +http://www.bing.com/bingbot.htm)"
40.77.167.77 - - [12/Jul/2021:03:17:37 -0400] "GET /2019/04/20/pablo-picasso-1954/ HTTP/1.1" 200 18312 "-" "Mozilla/5.0 (compatible; bingbot/2.0; +http://www.bing.com/bingbot.htm)"
40.77.167.77 - - [12/Jul/2021:03:17:37 -0400] "GET /2020/09/28/geronimo-in-the-drivers-seat-1904/ HTTP/1.1" 200 12934 "-" "Mozilla/5.0 (compatible; bingbot/2.0; +http://www.bing.com/bingbot.htm)"
157.55.39.62 - - [12/Jul/2021:03:17:42 -0400] "GET /2021/04/22/the-toke-o-matic-1977/ HTTP/1.1" 200 18341 "-" "Mozilla/5.0 (compatible; bingbot/2.0; +http://www.bing.com/bingbot.htm)"
157.55.39.62 - - [12/Jul/2021:03:17:42 -0400] "GET /2021/06/17/german-sappers-look-for-mines-in-front-of-a-stug-iii/ HTTP/1.1" 200 12930 "-" "Mozilla/5.0 (compatible; bingbot/2.0; +http://www.bing.com/bingbot.htm)"
204.48.19.85 - - [12/Jul/2021:03:17:46 -0400] "POST /wp-cron.php?doing_wp_cron=1626074266.4489970207214355468750 HTTP/1.1" 200 6295 "https://ajhydell.com/wp-cron.php?doing_wp_cron=1626074266.4489970207214355468750" "WordPress/5.7.2; https://ajhydell.com"
207.46.13.147 - - [12/Jul/2021:03:17:46 -0400] "GET /2021/06/16/ HTTP/1.1" 200 18512 "-" "Mozilla/5.0 (compatible; bingbot/2.0; +http://www.bing.com/bingbot.htm)"
207.46.13.113 - - [12/Jul/2021:03:17:48 -0400] "GET /2021/06/15/ziegfeld-follies-burlesque-show1920s/ HTTP/1.1" 200 18305 "-" "Mozilla/5.0 (compatible; bingbot/2.0; +http://www.bing.com/bingbot.htm)"
207.46.13.67 - - [12/Jul/2021:03:17:51 -0400] "GET /2021/06/22/la-grande-croisade-1942-vichy-france-an-advert-for-the-legion-of-french-volunteers-against-bolshevism/ HTTP/1.1" 200 18889 "-" "Mozilla/5.0 (compatible; bingbot/2.0; +http://www.bing.com/bingbot.htm)"
207.46.13.137 - - [12/Jul/2021:03:17:52 -0400] "GET /2021/06/22/uss-cowpens-listing-hard-port-during-typhoon-cobra-in-the-philippine-sea-18-december-1944/ HTTP/1.1" 200 18748 "-" "Mozilla/5.0 (compatible; bingbot/2.0; +http://www.bing.com/bingbot.htm)"
207.46.13.137 - - [12/Jul/2021:03:17:52 -0400] "GET /2021/06/22/hitler-and-mussolini-reviewing-the-fascist-leadership-russian-poster-made-by-the-kukryniksy-ussr-1936/ HTTP/1.1" 200 13113 "-" "Mozilla/5.0 (compatible; bingbot/2.0; +http://www.bing.com/bingbot.htm)"
54.36.148.117 - - [12/Jul/2021:03:18:29 -0400] "GET /2021/06/05/ww-ii-1940s-american-dukws-motoring-trough-venice-736x932/ HTTP/1.1" 200 18778 "-" "Mozilla/5.0 (compatible; AhrefsBot/7.0; +http://ahrefs.com/robot/)"
204.48.19.85 - - [12/Jul/2021:03:18:51 -0400] "POST /wp-cron.php?doing_wp_cron=1626074331.9505410194396972656250 HTTP/1.1" 200 6295 "https://ajhydell.com/wp-cron.php?doing_wp_cron=1626074331.9505410194396972656250" "WordPress/5.7.2; https://ajhydell.com"
62.210.188.218 - - [12/Jul/2021:03:18:51 -0400] "GET /2020/11/12/yugoslav-and-american-troops-in-the-free-territory-of-trieste-1947-4032x3024/ HTTP/1.1" 200 18959 "-" "Mozilla/5.0 (compatible; Barkrowler/0.9; +https://babbar.tech/crawler)"
62.210.188.218 - - [12/Jul/2021:03:19:01 -0400] "GET /2020/04/15/vietnam-2-comic-criticizing-american-action-in-nicaragua-1982-or-1983/ HTTP/1.1" 200 18910 "-" "Mozilla/5.0 (compatible; Barkrowler/0.9; +https://babbar.tech/crawler)"
62.210.188.218 - - [12/Jul/2021:03:19:09 -0400] "GET /2020/10/08/no-way-for-the-oder-neisse-line-odra-nysa-line-vote-for-cdu-germany-1947/ HTTP/1.1" 200 18923 "-" "Mozilla/5.0 (compatible; Barkrowler/0.9; +https://babbar.tech/crawler)"
207.46.13.70 - - [12/Jul/2021:03:19:15 -0400] "GET /wp-content/uploads/2021/04/picture-139-768x1613.jpg HTTP/1.1" 200 157751 "-" "Mozilla/5.0 (compatible; bingbot/2.0; +http://www.bing.com/bingbot.htm)"
62.210.188.218 - - [12/Jul/2021:03:19:17 -0400] "GET /2020/10/06/a-us-marine-throws-a-grenade-toward-a-japanese-position-on-tarawa-november-1943/feed/ HTTP/1.1" 200 7254 "-" "Mozilla/5.0 (compatible; Barkrowler/0.9; +https://babbar.tech/crawler)"
62.210.188.218 - - [12/Jul/2021:03:19:26 -0400] "GET /2020/10/06/a-us-marine-throws-a-grenade-toward-a-japanese-position-on-tarawa-november-1943/ HTTP/1.1" 200 18806 "-" "Mozilla/5.0 (compatible; Barkrowler/0.9; +https://babbar.tech/crawler)"
62.210.188.218 - - [12/Jul/2021:03:19:34 -0400] "GET /2020/10/29/richard-burton-alan-badel-and-anthony-quayle-in-henry-iv-part-one-1951/feed/ HTTP/1.1" 200 7255 "-" "Mozilla/5.0 (compatible; Barkrowler/0.9; +https://babbar.tech/crawler)"
204.48.19.85 - - [12/Jul/2021:03:19:45 -0400] "POST /wp-cron.php?doing_wp_cron=1626074385.2117569446563720703125 HTTP/1.1" 200 6295 "https://ajhydell.com/wp-cron.php?doing_wp_cron=1626074385.2117569446563720703125" "WordPress/5.7.2; https://ajhydell.com"
62.210.188.218 - - [12/Jul/2021:03:19:45 -0400] "GET /2020/06/24/wherever-there-is-a-disaster-the-red-cross-is-there-to-serve-donuts-life-magazine-1944/ HTTP/1.1" 200 18846 "-" "Mozilla/5.0 (compatible; Barkrowler/0.9; +https://babbar.tech/crawler)"
134.209.157.198 - - [12/Jul/2021:03:19:48 -0400] "POST /wp-login.php HTTP/1.1" 200 8861 "-" "Mozilla/5.0 (Windows NT 10.0; Win64; x64) AppleWebKit/537.36 (KHTML, like Gecko) Chrome/54.0.2840.99 Safari/537.36"
62.210.188.218 - - [12/Jul/2021:03:19:54 -0400] "GET /2020/09/17/the-adventures-and-punitive-expeditions-of-fascist-pinocchio-by-giuseppe-petrai-1923/ HTTP/1.1" 200 19137 "-" "Mozilla/5.0 (compatible; Barkrowler/0.9; +https://babbar.tech/crawler)"
62.210.188.218 - - [12/Jul/2021:03:20:03 -0400] "GET /2020/09/17/the-adventures-and-punitive-expeditions-of-fascist-pinocchio-by-giuseppe-petrai-1923/feed/ HTTP/1.1" 200 7270 "-" "Mozilla/5.0 (compatible; Barkrowler/0.9; +https://babbar.tech/crawler)"
62.210.188.218 - - [12/Jul/2021:03:20:11 -0400] "GET /2020/09/26/a-dog-with-the-cap-of-a-french-marine-somewhere-in-tonkin-in-1951-459x700/feed/ HTTP/1.1" 200 7258 "-" "Mozilla/5.0 (compatible; Barkrowler/0.9; +https://babbar.tech/crawler)"
62.210.188.218 - - [12/Jul/2021:03:20:20 -0400] "GET /2020/05/27/mormonism-in-utah-cave-of-despair-frank-leslies-illustrated-newspaper-1882/ HTTP/1.1" 200 18884 "-" "Mozilla/5.0 (compatible; Barkrowler/0.9; +https://babbar.tech/crawler)"
62.210.188.218 - - [12/Jul/2021:03:20:28 -0400] "GET /2020/12/05/now-swept-wing-wagons-with-the-observation-lounge-swept-wing-dodge-ad-1957/ HTTP/1.1" 200 19017 "-" "Mozilla/5.0 (compatible; Barkrowler/0.9; +https://babbar.tech/crawler)"
66.249.65.228 - - [12/Jul/2021:03:20:36 -0400] "GET /2019/08/27/serbian-taunting-propaganda-poster-after-downing-a-us-f117-stealthy-fighter-jet-1999/ HTTP/1.1" 200 18914 "-" "Mozilla/5.0 (compatible; Googlebot/2.1; +http://www.google.com/bot.html)"
62.210.188.218 - - [12/Jul/2021:03:20:37 -0400] "GET /2020/04/14/young-girl-hits-her-head-against-the-door-photographed-in-seoul-1958-590x584/feed/ HTTP/1.1" 200 7265 "-" "Mozilla/5.0 (compatible; Barkrowler/0.9; +https://babbar.tech/crawler)"
204.48.19.85 - - [12/Jul/2021:03:20:45 -0400] "POST /wp-cron.php?doing_wp_cron=1626074445.5121419429779052734375 HTTP/1.1" 200 6295 "https://ajhydell.com/wp-cron.php?doing_wp_cron=1626074445.5121419429779052734375" "WordPress/5.7.2; https://ajhydell.com"
62.210.188.218 - - [12/Jul/2021:03:20:45 -0400] "GET /2020/05/18/a-cat-makes-a-great-escape-from-the-animal-rescue-league-of-boston-1940-564x797/ HTTP/1.1" 200 18797 "-" "Mozilla/5.0 (compatible; Barkrowler/0.9; +https://babbar.tech/crawler)"
62.210.188.218 - - [12/Jul/2021:03:20:53 -0400] "GET /2020/10/12/famous-czar-and-kaiser-cousins-with-puzzling-french-caption-1905-4236x2674/ HTTP/1.1" 200 19090 "-" "Mozilla/5.0 (compatible; Barkrowler/0.9; +https://babbar.tech/crawler)"
62.210.188.218 - - [12/Jul/2021:03:21:02 -0400] "GET /2021/06/08/lt-richard-dick-winters-of-the-501st-pir-during-training-at-camp-mackall-1943/ HTTP/1.1" 200 18831 "-" "Mozilla/5.0 (compatible; Barkrowler/0.9; +https://babbar.tech/crawler)"
62.210.188.218 - - [12/Jul/2021:03:21:10 -0400] "GET /2021/03/09/watch-that-prop-careless-walk-costs-lives-uk-1943-ministry-of-aircraft-production/feed/ HTTP/1.1" 200 7266 "-" "Mozilla/5.0 (compatible; Barkrowler/0.9; +https://babbar.tech/crawler)"
62.210.188.218 - - [12/Jul/2021:03:21:19 -0400] "GET /2021/05/09/tankers-of-502-heavy-tank-battalion-near-their-tiger-ausf-e-russia-1943/ HTTP/1.1" 200 18855 "-" "Mozilla/5.0 (compatible; Barkrowler/0.9; +https://babbar.tech/crawler)"
62.210.188.218 - - [12/Jul/2021:03:21:27 -0400] "GET /2021/03/04/villagers-from-svaneti-northern-georgia-transcaucasia-1889-618x1000/feed/ HTTP/1.1" 200 7253 "-" "Mozilla/5.0 (compatible; Barkrowler/0.9; +https://babbar.tech/crawler)"
62.210.188.218 - - [12/Jul/2021:03:21:35 -0400] "GET /2021/04/13/american-marines-blowing-up-a-japanese-pillbox-or-cave-during-the-battle-of-saipan/ HTTP/1.1" 200 18982 "-" "Mozilla/5.0 (compatible; Barkrowler/0.9; +https://babbar.tech/crawler)"
62.210.188.218 - - [12/Jul/2021:03:21:44 -0400] "GET /2021/03/20/a-girl-carrying-her-doll-on-her-back-bucheon-south-korea-1976-by-kim-ki-chan/ HTTP/1.1" 200 19017 "-" "Mozilla/5.0 (compatible; Barkrowler/0.9; +https://babbar.tech/crawler)"
204.48.19.85 - - [12/Jul/2021:03:21:53 -0400] "POST /wp-cron.php?doing_wp_cron=1626074513.4030110836029052734375 HTTP/1.1" 200 6295 "https://ajhydell.com/wp-cron.php?doing_wp_cron=1626074513.4030110836029052734375" "WordPress/5.7.2; https://ajhydell.com"
62.210.188.218 - - [12/Jul/2021:03:21:53 -0400] "GET /2021/03/29/40-years-of-great-victories-russia-1980s-an-original-poster-sketch-i-found-recently/ HTTP/1.1" 200 19196 "-" "Mozilla/5.0 (compatible; Barkrowler/0.9; +https://babbar.tech/crawler)"
13.66.139.0 - - [12/Jul/2021:03:21:54 -0400] "GET /2019/08/11/a-nato-leaflet-from-the-kosovo-war-late-90s/ HTTP/1.1" 200 18428 "-" "Mozilla/5.0 (compatible; bingbot/2.0; +http://www.bing.com/bingbot.htm)"
207.46.13.147 - - [12/Jul/2021:03:21:56 -0400] "GET /wp-content/uploads/2021/04/picture-65-654x1024.jpg HTTP/1.1" 200 91784 "-" "Mozilla/5.0 (compatible; bingbot/2.0; +http://www.bing.com/bingbot.htm)"
204.48.19.85 - - [12/Jul/2021:03:22:01 -0400] "POST /wp-cron.php?doing_wp_cron=1626074521.7408609390258789062500 HTTP/1.1" 200 6295 "https://ajhydell.com/wp-cron.php?doing_wp_cron=1626074521.7408609390258789062500" "WordPress/5.7.2; https://ajhydell.com"
112.133.245.181 - - [12/Jul/2021:03:22:01 -0400] "POST /xmlrpc.php HTTP/1.1" 503 24275 "-" "Mozilla/5.0 (X11; Linux i686; rv:2.0.1) Gecko/20100101 Firefox/4.0.1"
112.133.245.181 - - [12/Jul/2021:03:22:03 -0400] "POST /wp-login.php HTTP/1.1" 503 24041 "-" "Mozilla/5.0 (X11; Linux i686; rv:2.0.1) Gecko/20100101 Firefox/4.0.1"
204.48.19.85 - - [12/Jul/2021:03:22:05 -0400] "POST /?wordfence_syncAttackData=1626074525.0215 HTTP/1.1" 200 6300 "https://ajhydell.com/?wordfence_syncAttackData=1626074525.0215" "WordPress/5.7.2; https://ajhydell.com"
204.48.19.85 - - [12/Jul/2021:03:22:05 -0400] "POST /wp-cron.php?doing_wp_cron=1626074525.0927670001983642578125 HTTP/1.1" 200 6295 "https://ajhydell.com/wp-cron.php?doing_wp_cron=1626074525.0927670001983642578125" "WordPress/5.7.2; https://ajhydell.com"
62.210.215.117 - - [12/Jul/2021:03:22:04 -0400] "GET /feed HTTP/1.1" 301 6425 "-" "Mozilla/5.0 (X11; Linux i686) AppleWebKit/537.36 (KHTML, like Gecko) Chrome/30.0.1599.66 Safari/537.36"
62.210.215.117 - - [12/Jul/2021:03:22:05 -0400] "GET /feed/ HTTP/1.1" 200 8352 "-" "Mozilla/5.0 (X11; Linux i686) AppleWebKit/537.36 (KHTML, like Gecko) Chrome/30.0.1599.66 Safari/537.36"
62.210.188.218 - - [12/Jul/2021:03:22:22 -0400] "GET /2021/02/28/movie-poster-1927-this-is-apparently-a-lost-film-no-copies-are-known-to-exist/ HTTP/1.1" 200 19139 "-" "Mozilla/5.0 (compatible; Barkrowler/0.9; +https://babbar.tech/crawler)"
62.210.188.218 - - [12/Jul/2021:03:22:31 -0400] "GET /2021/03/07/russian-soldiers-during-the-seige-on-stalingrad-1942-1943-532x719-colorized/ HTTP/1.1" 200 18939 "-" "Mozilla/5.0 (compatible; Barkrowler/0.9; +https://babbar.tech/crawler)"
204.48.19.85 - - [12/Jul/2021:03:22:40 -0400] "POST /wp-cron.php?doing_wp_cron=1626074560.1058290004730224609375 HTTP/1.1" 200 6295 "https://ajhydell.com/wp-cron.php?doing_wp_cron=1626074560.1058290004730224609375" "WordPress/5.7.2; https://ajhydell.com"
62.210.188.218 - - [12/Jul/2021:03:22:40 -0400] "GET /2021/04/03/a-us-marine-shares-rations-with-an-elderly-woman-on-okinawa-in-april-1945/feed/ HTTP/1.1" 200 7247 "-" "Mozilla/5.0 (compatible; Barkrowler/0.9; +https://babbar.tech/crawler)"
204.48.19.85 - - [12/Jul/2021:03:22:50 -0400] "POST /wp-cron.php?doing_wp_cron=1626074570.6817638874053955078125 HTTP/1.1" 200 6295 "https://ajhydell.com/wp-cron.php?doing_wp_cron=1626074570.6817638874053955078125" "WordPress/5.7.2; https://ajhydell.com"
62.210.188.218 - - [12/Jul/2021:03:22:50 -0400] "GET /wp-json/oembed/1.0/embed?url=https%3A%2F%2Fajhydell.com%2F2020%2F12%2F31%2Fwhite-king-detergent-1961%2F&format=xml HTTP/1.1" 200 7915 "-" "Mozilla/5.0 (compatible; Barkrowler/0.9; +https://babbar.tech/crawler)"
62.210.188.218 - - [12/Jul/2021:03:22:59 -0400] "GET /wp-json/oembed/1.0/embed?url=https%3A%2F%2Fajhydell.com%2F2020%2F09%2F11%2Fscanning-disk-television-1930%2F&format=xml HTTP/1.1" 200 7917 "-" "Mozilla/5.0 (compatible; Barkrowler/0.9; +https://babbar.tech/crawler)"
40.77.167.7 - - [12/Jul/2021:03:23:17 -0400] "GET /wp-content/uploads/2021/06/picture-137.jpg HTTP/1.1" 200 64855 "-" "Mozilla/5.0 (compatible; bingbot/2.0; +http://www.bing.com/bingbot.htm)"
62.210.188.218 - - [12/Jul/2021:03:23:25 -0400] "GET /wp-json/oembed/1.0/embed?url=https%3A%2F%2Fajhydell.com%2F2020%2F07%2F02%2Falgerian-soldiers-1914-or-1915%2F HTTP/1.1" 200 9113 "-" "Mozilla/5.0 (compatible; Barkrowler/0.9; +https://babbar.tech/crawler)"
204.48.19.85 - - [12/Jul/2021:03:23:42 -0400] "POST /wp-cron.php?doing_wp_cron=1626074622.5042300224304199218750 HTTP/1.1" 200 6295 "https://ajhydell.com/wp-cron.php?doing_wp_cron=1626074622.5042300224304199218750" "WordPress/5.7.2; https://ajhydell.com"
