204.48.19.85 - - [02/Jul/2021:00:00:36 -0400] "POST /wp-cron.php?doing_wp_cron=1625198436.1246340274810791015625 HTTP/1.1" 200 5463 "https://ajhydell.com/wp-cron.php?doing_wp_cron=1625198436.1246340274810791015625" "WordPress/5.7.2; https://ajhydell.com"
185.191.171.24 - - [02/Jul/2021:00:00:35 -0400] "GET /2020/02/16/mugshot-of-one-sidney-kelly-charged-with-numerous-offences-such-as-shooting-and-assault-25th-june-1924-1500-x-1113/ HTTP/1.1" 200 18278 "-" "Mozilla/5.0 (compatible; SemrushBot/7~bl; +http://www.semrush.com/bot.html)"
204.48.19.85 - - [02/Jul/2021:00:01:04 -0400] "POST /wp-cron.php?doing_wp_cron=1625198464.5335950851440429687500 HTTP/1.1" 200 5463 "https://ajhydell.com/wp-cron.php?doing_wp_cron=1625198464.5335950851440429687500" "WordPress/5.7.2; https://ajhydell.com"
185.191.171.6 - - [02/Jul/2021:00:01:04 -0400] "GET /page/7/ HTTP/1.1" 200 20158 "-" "Mozilla/5.0 (compatible; SemrushBot/7~bl; +http://www.semrush.com/bot.html)"
157.55.39.22 - - [02/Jul/2021:00:01:37 -0400] "GET /wp-content/uploads/2020/07/picture-84.jpg HTTP/1.1" 200 3439401 "-" "Mozilla/5.0 (compatible; bingbot/2.0; +http://www.bing.com/bingbot.htm)"
81.88.52.157 - - [02/Jul/2021:00:01:39 -0400] "POST /wp-login.php HTTP/1.1" 200 8029 "-" "Mozilla/5.0 (Windows NT 6.1; WOW64) AppleWebKit/537.36 (KHTML, like Gecko) Chrome/36.0.1985.125 Safari/537.36"
204.48.19.85 - - [02/Jul/2021:00:02:11 -0400] "POST /wp-cron.php?doing_wp_cron=1625198531.6000609397888183593750 HTTP/1.1" 200 5463 "https://ajhydell.com/wp-cron.php?doing_wp_cron=1625198531.6000609397888183593750" "WordPress/5.7.2; https://ajhydell.com"
54.36.149.50 - - [02/Jul/2021:00:02:11 -0400] "GET /2020/02/10/ HTTP/1.1" 200 17630 "-" "Mozilla/5.0 (compatible; AhrefsBot/7.0; +http://ahrefs.com/robot/)"
69.171.249.17 - - [02/Jul/2021:00:02:23 -0400] "GET /wp-content/uploads/2021/03/picture-117.jpg HTTP/1.1" 200 149485 "-" "facebookexternalhit/1.1 (+http://www.facebook.com/externalhit_uatext.php)"
66.249.66.136 - - [02/Jul/2021:00:02:25 -0400] "GET /wp-content/uploads/2020/10/picture-86.jpg HTTP/1.1" 200 261380 "-" "Googlebot-Image/1.0"
69.171.249.15 - - [02/Jul/2021:00:02:50 -0400] "GET /wp-content/uploads/2021/03/picture-74-1024x708.jpg HTTP/1.1" 200 153169 "-" "facebookexternalhit/1.1 (+http://www.facebook.com/externalhit_uatext.php)"
69.171.249.9 - - [02/Jul/2021:00:02:56 -0400] "GET /wp-content/uploads/2021/03/picture-66.jpg HTTP/1.1" 200 120723 "-" "facebookexternalhit/1.1 (+http://www.facebook.com/externalhit_uatext.php)"
69.171.249.3 - - [02/Jul/2021:00:02:59 -0400] "GET /wp-content/uploads/2021/03/picture-57.jpg HTTP/1.1" 200 293646 "-" "facebookexternalhit/1.1 (+http://www.facebook.com/externalhit_uatext.php)"
69.171.249.10 - - [02/Jul/2021:00:03:06 -0400] "GET /wp-content/uploads/2021/03/picture-42-1024x798.jpg HTTP/1.1" 200 181448 "-" "facebookexternalhit/1.1 (+http://www.facebook.com/externalhit_uatext.php)"
69.171.249.22 - - [02/Jul/2021:00:03:09 -0400] "GET /wp-content/uploads/2021/03/picture-40.jpg HTTP/1.1" 200 133702 "-" "facebookexternalhit/1.1 (+http://www.facebook.com/externalhit_uatext.php)"
204.48.19.85 - - [02/Jul/2021:00:03:51 -0400] "POST /wp-cron.php?doing_wp_cron=1625198631.7229290008544921875000 HTTP/1.1" 200 5463 "https://ajhydell.com/wp-cron.php?doing_wp_cron=1625198631.7229290008544921875000" "WordPress/5.7.2; https://ajhydell.com"
207.46.13.80 - - [02/Jul/2021:00:03:51 -0400] "GET /2018/09/28/colorized-photo-of-a-dead-german-soldier-finland-lappland-tornio-1944/ HTTP/1.1" 200 17853 "-" "Mozilla/5.0 (compatible; bingbot/2.0; +http://www.bing.com/bingbot.htm)"
157.55.39.102 - - [02/Jul/2021:00:05:51 -0400] "GET /wp-content/uploads/2019/09/picture-33-1024x575.jpg HTTP/1.1" 200 78828 "-" "Mozilla/5.0 (compatible; bingbot/2.0; +http://www.bing.com/bingbot.htm)"
204.48.19.85 - - [02/Jul/2021:00:07:49 -0400] "POST /wp-cron.php?doing_wp_cron=1625198869.5585269927978515625000 HTTP/1.1" 200 5463 "https://ajhydell.com/wp-cron.php?doing_wp_cron=1625198869.5585269927978515625000" "WordPress/5.7.2; https://ajhydell.com"
172.92.185.67 - - [02/Jul/2021:00:07:49 -0400] "GET /2021/07/02/a-man-guards-his-family-from-the-cannibals-during-the-madras-famine-of-1877-at-the-time-of-british-raj-india-976x549/ HTTP/1.1" 200 18134 "https://duckduckgo.com/" "Mozilla/5.0 (Linux; Android 11) AppleWebKit/537.36 (KHTML, like Gecko) Version/4.0 Chrome/91.0.4472.120 Mobile DuckDuckGo/5 Safari/537.36"
172.92.185.67 - - [02/Jul/2021:00:07:49 -0400] "GET /wp-content/plugins/add-expires-headers/cache/0/com/processed-header-f16a8d323e83e1bc1b76514e283fb81b7090a959.min.css HTTP/1.1" 200 52771 "https://ajhydell.com/2021/07/02/a-man-guards-his-family-from-the-cannibals-during-the-madras-famine-of-1877-at-the-time-of-british-raj-india-976x549/" "Mozilla/5.0 (Linux; Android 11) AppleWebKit/537.36 (KHTML, like Gecko) Version/4.0 Chrome/91.0.4472.120 Mobile DuckDuckGo/5 Safari/537.36"
172.92.185.67 - - [02/Jul/2021:00:07:49 -0400] "GET /wp-content/plugins/wp-smushit/app/assets/js/smush-lazy-load.min.js?ver=3.8.7 HTTP/1.1" 200 9384 "https://ajhydell.com/2021/07/02/a-man-guards-his-family-from-the-cannibals-during-the-madras-famine-of-1877-at-the-time-of-british-raj-india-976x549/" "Mozilla/5.0 (Linux; Android 11) AppleWebKit/537.36 (KHTML, like Gecko) Version/4.0 Chrome/91.0.4472.120 Mobile DuckDuckGo/5 Safari/537.36"
172.92.185.67 - - [02/Jul/2021:00:07:49 -0400] "GET /wp-includes/js/jquery/jquery-migrate.min.js?ver=3.3.2 HTTP/1.1" 200 5219 "https://ajhydell.com/2021/07/02/a-man-guards-his-family-from-the-cannibals-during-the-madras-famine-of-1877-at-the-time-of-british-raj-india-976x549/" "Mozilla/5.0 (Linux; Android 11) AppleWebKit/537.36 (KHTML, like Gecko) Version/4.0 Chrome/91.0.4472.120 Mobile DuckDuckGo/5 Safari/537.36"
172.92.185.67 - - [02/Jul/2021:00:07:49 -0400] "GET /wp-content/plugins/google-analytics-for-wordpress/assets/js/frontend-gtag.min.js?ver=7.17.0 HTTP/1.1" 200 8501 "https://ajhydell.com/2021/07/02/a-man-guards-his-family-from-the-cannibals-during-the-madras-famine-of-1877-at-the-time-of-british-raj-india-976x549/" "Mozilla/5.0 (Linux; Android 11) AppleWebKit/537.36 (KHTML, like Gecko) Version/4.0 Chrome/91.0.4472.120 Mobile DuckDuckGo/5 Safari/537.36"
172.92.185.67 - - [02/Jul/2021:00:07:49 -0400] "GET /wp-content/themes/royal-magazine/assets/libraries/bootstrap/js/bootstrap.min.js?ver=5.7.2 HTTP/1.1" 200 15560 "https://ajhydell.com/2021/07/02/a-man-guards-his-family-from-the-cannibals-during-the-madras-famine-of-1877-at-the-time-of-british-raj-india-976x549/" "Mozilla/5.0 (Linux; Android 11) AppleWebKit/537.36 (KHTML, like Gecko) Version/4.0 Chrome/91.0.4472.120 Mobile DuckDuckGo/5 Safari/537.36"
172.92.185.67 - - [02/Jul/2021:00:07:49 -0400] "GET /wp-includes/js/jquery/jquery.min.js?ver=3.5.1 HTTP/1.1" 200 32034 "https://ajhydell.com/2021/07/02/a-man-guards-his-family-from-the-cannibals-during-the-madras-famine-of-1877-at-the-time-of-british-raj-india-976x549/" "Mozilla/5.0 (Linux; Android 11) AppleWebKit/537.36 (KHTML, like Gecko) Version/4.0 Chrome/91.0.4472.120 Mobile DuckDuckGo/5 Safari/537.36"
172.92.185.67 - - [02/Jul/2021:00:07:50 -0400] "GET /wp-content/themes/royal-magazine/js/navigation.js?ver=20151215 HTTP/1.1" 200 1333 "https://ajhydell.com/2021/07/02/a-man-guards-his-family-from-the-cannibals-during-the-madras-famine-of-1877-at-the-time-of-british-raj-india-976x549/" "Mozilla/5.0 (Linux; Android 11) AppleWebKit/537.36 (KHTML, like Gecko) Version/4.0 Chrome/91.0.4472.120 Mobile DuckDuckGo/5 Safari/537.36"
172.92.185.67 - - [02/Jul/2021:00:07:50 -0400] "GET /wp-content/themes/royal-magazine/assets/libraries/theiaStickySidebar/theia-sticky-sidebar.min.js?ver=5.7.2 HTTP/1.1" 200 2236 "https://ajhydell.com/2021/07/02/a-man-guards-his-family-from-the-cannibals-during-the-madras-famine-of-1877-at-the-time-of-british-raj-india-976x549/" "Mozilla/5.0 (Linux; Android 11) AppleWebKit/537.36 (KHTML, like Gecko) Version/4.0 Chrome/91.0.4472.120 Mobile DuckDuckGo/5 Safari/537.36"
172.92.185.67 - - [02/Jul/2021:00:07:50 -0400] "GET /wp-content/themes/royal-magazine/assets/libraries/slick/js/slick.min.js?ver=5.7.2 HTTP/1.1" 200 10690 "https://ajhydell.com/2021/07/02/a-man-guards-his-family-from-the-cannibals-during-the-madras-famine-of-1877-at-the-time-of-british-raj-india-976x549/" "Mozilla/5.0 (Linux; Android 11) AppleWebKit/537.36 (KHTML, like Gecko) Version/4.0 Chrome/91.0.4472.120 Mobile DuckDuckGo/5 Safari/537.36"
172.92.185.67 - - [02/Jul/2021:00:07:50 -0400] "GET /wp-content/themes/royal-magazine/assets/libraries/marquee/jquery.marquee.js?ver=5.7.2 HTTP/1.1" 200 5071 "https://ajhydell.com/2021/07/02/a-man-guards-his-family-from-the-cannibals-during-the-madras-famine-of-1877-at-the-time-of-british-raj-india-976x549/" "Mozilla/5.0 (Linux; Android 11) AppleWebKit/537.36 (KHTML, like Gecko) Version/4.0 Chrome/91.0.4472.120 Mobile DuckDuckGo/5 Safari/537.36"
172.92.185.67 - - [02/Jul/2021:00:07:50 -0400] "GET /wp-content/themes/royal-magazine/js/skip-link-focus-fix.js?ver=20151215 HTTP/1.1" 200 924 "https://ajhydell.com/2021/07/02/a-man-guards-his-family-from-the-cannibals-during-the-madras-famine-of-1877-at-the-time-of-british-raj-india-976x549/" "Mozilla/5.0 (Linux; Android 11) AppleWebKit/537.36 (KHTML, like Gecko) Version/4.0 Chrome/91.0.4472.120 Mobile DuckDuckGo/5 Safari/537.36"
172.92.185.67 - - [02/Jul/2021:00:07:50 -0400] "GET /wp-content/themes/royal-magazine/assets/libraries/magnific-popup/jquery.magnific-popup.min.js?ver=5.7.2 HTTP/1.1" 200 7838 "https://ajhydell.com/2021/07/02/a-man-guards-his-family-from-the-cannibals-during-the-madras-famine-of-1877-at-the-time-of-british-raj-india-976x549/" "Mozilla/5.0 (Linux; Android 11) AppleWebKit/537.36 (KHTML, like Gecko) Version/4.0 Chrome/91.0.4472.120 Mobile DuckDuckGo/5 Safari/537.36"
172.92.185.67 - - [02/Jul/2021:00:07:50 -0400] "GET /wp-includes/js/wp-embed.min.js?ver=5.7.2 HTTP/1.1" 200 1209 "https://ajhydell.com/2021/07/02/a-man-guards-his-family-from-the-cannibals-during-the-madras-famine-of-1877-at-the-time-of-british-raj-india-976x549/" "Mozilla/5.0 (Linux; Android 11) AppleWebKit/537.36 (KHTML, like Gecko) Version/4.0 Chrome/91.0.4472.120 Mobile DuckDuckGo/5 Safari/537.36"
172.92.185.67 - - [02/Jul/2021:00:07:50 -0400] "GET /wp-content/themes/royal-magazine/assets/twp/js/custom-script.js?ver=5.7.2 HTTP/1.1" 200 2995 "https://ajhydell.com/2021/07/02/a-man-guards-his-family-from-the-cannibals-during-the-madras-famine-of-1877-at-the-time-of-british-raj-india-976x549/" "Mozilla/5.0 (Linux; Android 11) AppleWebKit/537.36 (KHTML, like Gecko) Version/4.0 Chrome/91.0.4472.120 Mobile DuckDuckGo/5 Safari/537.36"
172.92.185.67 - - [02/Jul/2021:00:07:50 -0400] "GET /wp-content/plugins/facebook-pagelike-widget/fb.js?ver=1.0 HTTP/1.1" 200 810 "https://ajhydell.com/2021/07/02/a-man-guards-his-family-from-the-cannibals-during-the-madras-famine-of-1877-at-the-time-of-british-raj-india-976x549/" "Mozilla/5.0 (Linux; Android 11) AppleWebKit/537.36 (KHTML, like Gecko) Version/4.0 Chrome/91.0.4472.120 Mobile DuckDuckGo/5 Safari/537.36"
172.92.185.67 - - [02/Jul/2021:00:07:50 -0400] "GET /wp-includes/js/wp-emoji-release.min.js?ver=5.7.2 HTTP/1.1" 200 5152 "https://ajhydell.com/2021/07/02/a-man-guards-his-family-from-the-cannibals-during-the-madras-famine-of-1877-at-the-time-of-british-raj-india-976x549/" "Mozilla/5.0 (Linux; Android 11) AppleWebKit/537.36 (KHTML, like Gecko) Version/4.0 Chrome/91.0.4472.120 Mobile DuckDuckGo/5 Safari/537.36"
172.92.185.67 - - [02/Jul/2021:00:07:50 -0400] "GET /wp-content/themes/royal-magazine/assets/libraries/ionicons/fonts/ionicons.ttf HTTP/1.1" 200 189155 "https://ajhydell.com/wp-content/plugins/add-expires-headers/cache/0/com/processed-header-f16a8d323e83e1bc1b76514e283fb81b7090a959.min.css" "Mozilla/5.0 (Linux; Android 11) AppleWebKit/537.36 (KHTML, like Gecko) Version/4.0 Chrome/91.0.4472.120 Mobile DuckDuckGo/5 Safari/537.36"
172.92.185.67 - - [02/Jul/2021:00:07:50 -0400] "GET /wp-content/uploads/2018/08/cropped-logo-32x32.jpg HTTP/1.1" 200 1314 "https://ajhydell.com/2021/07/02/a-man-guards-his-family-from-the-cannibals-during-the-madras-famine-of-1877-at-the-time-of-british-raj-india-976x549/" "Mozilla/5.0 (Linux; Android 11) AppleWebKit/537.36 (KHTML, like Gecko) Version/4.0 Chrome/91.0.4472.120 Mobile DuckDuckGo/5 Safari/537.36"
172.92.185.67 - - [02/Jul/2021:00:07:50 -0400] "GET /wp-content/uploads/2018/08/cropped-logo-192x192.jpg HTTP/1.1" 200 9756 "https://ajhydell.com/2021/07/02/a-man-guards-his-family-from-the-cannibals-during-the-madras-famine-of-1877-at-the-time-of-british-raj-india-976x549/" "Mozilla/5.0 (Linux; Android 11) AppleWebKit/537.36 (KHTML, like Gecko) Version/4.0 Chrome/91.0.4472.120 Mobile DuckDuckGo/5 Safari/537.36"
172.92.185.67 - - [02/Jul/2021:00:07:51 -0400] "GET /wp-content/uploads/2018/08/cropped-logo-180x180.jpg HTTP/1.1" 200 14361 "-" "Dalvik/2.1.0 (Linux; U; Android 11; SM-G991U Build/RP1A.200720.012)"
172.92.185.67 - - [02/Jul/2021:00:07:51 -0400] "GET /apple-touch-icon.png HTTP/1.1" 404 64170 "-" "Dalvik/2.1.0 (Linux; U; Android 11; SM-G991U Build/RP1A.200720.012)"
172.92.185.67 - - [02/Jul/2021:00:07:51 -0400] "GET /favicon.ico HTTP/1.1" 302 466 "-" "Dalvik/2.1.0 (Linux; U; Android 11; SM-G991U Build/RP1A.200720.012)"
172.92.185.67 - - [02/Jul/2021:00:07:51 -0400] "GET /wp-content/uploads/2018/08/cropped-logo-32x32.jpg HTTP/1.1" 200 1314 "-" "Dalvik/2.1.0 (Linux; U; Android 11; SM-G991U Build/RP1A.200720.012)"
172.92.185.67 - - [02/Jul/2021:00:07:52 -0400] "GET /?wordfence_lh=1&hid=95120A4048662BB1294FC9A78C5678E4&r=0.6627383387570946 HTTP/1.1" 200 347 "https://ajhydell.com/2021/07/02/a-man-guards-his-family-from-the-cannibals-during-the-madras-famine-of-1877-at-the-time-of-british-raj-india-976x549/" "Mozilla/5.0 (Linux; Android 11) AppleWebKit/537.36 (KHTML, like Gecko) Version/4.0 Chrome/91.0.4472.120 Mobile DuckDuckGo/5 Safari/537.36"
172.92.185.67 - - [02/Jul/2021:00:07:52 -0400] "GET /wp-content/uploads/2021/07/picture-5.jpg HTTP/1.1" 200 80236 "https://ajhydell.com/2021/07/02/a-man-guards-his-family-from-the-cannibals-during-the-madras-famine-of-1877-at-the-time-of-british-raj-india-976x549/" "Mozilla/5.0 (Linux; Android 11) AppleWebKit/537.36 (KHTML, like Gecko) Version/4.0 Chrome/91.0.4472.120 Mobile DuckDuckGo/5 Safari/537.36"
204.48.19.85 - - [02/Jul/2021:00:09:49 -0400] "POST /wp-cron.php?doing_wp_cron=1625198989.6122100353240966796875 HTTP/1.1" 200 5463 "https://ajhydell.com/wp-cron.php?doing_wp_cron=1625198989.6122100353240966796875" "WordPress/5.7.2; https://ajhydell.com"
54.36.148.234 - - [02/Jul/2021:00:09:49 -0400] "GET /2019/12/18/ HTTP/1.1" 200 17638 "-" "Mozilla/5.0 (compatible; AhrefsBot/7.0; +http://ahrefs.com/robot/)"
204.48.19.85 - - [02/Jul/2021:00:11:33 -0400] "POST /wp-cron.php?doing_wp_cron=1625199093.4573779106140136718750 HTTP/1.1" 200 5463 "https://ajhydell.com/wp-cron.php?doing_wp_cron=1625199093.4573779106140136718750" "WordPress/5.7.2; https://ajhydell.com"
34.96.130.3 - - [02/Jul/2021:00:11:33 -0400] "GET / HTTP/1.1" 301 4851 "-" "Expanse, a Palo Alto Networks company, searches across the global IPv4 space multiple times per day to identify customers&#39; presences on the Internet. If you would like to be excluded from our scans, please send IP addresses/domains to: scaninfo@paloaltonetworks.com"
157.55.39.134 - - [02/Jul/2021:00:12:43 -0400] "GET /wp-content/uploads/2018/10/picture-32.jpg HTTP/1.1" 200 5671725 "-" "Mozilla/5.0 (compatible; bingbot/2.0; +http://www.bing.com/bingbot.htm)"
69.171.249.118 - - [02/Jul/2021:00:13:53 -0400] "GET /wp-content/uploads/2020/03/174447-lynchlawNAACPFlyer.png HTTP/1.1" 200 204210 "-" "facebookexternalhit/1.1 (+http://www.facebook.com/externalhit_uatext.php)"
69.171.249.7 - - [02/Jul/2021:00:14:07 -0400] "GET /wp-content/uploads/2020/02/picture-63.jpg HTTP/1.1" 200 94419 "-" "facebookexternalhit/1.1 (+http://www.facebook.com/externalhit_uatext.php)"
204.48.19.85 - - [02/Jul/2021:00:14:09 -0400] "POST /wp-cron.php?doing_wp_cron=1625199249.7801790237426757812500 HTTP/1.1" 200 5463 "https://ajhydell.com/wp-cron.php?doing_wp_cron=1625199249.7801790237426757812500" "WordPress/5.7.2; https://ajhydell.com"
17.121.113.164 - - [02/Jul/2021:00:14:09 -0400] "GET /2020/10/07/princess-elizabeth-reading-a-book-at-windsor-castle-june-1940/ HTTP/1.1" 200 17585 "-" "Mozilla/5.0 (Macintosh; Intel Mac OS X 10_15_5) AppleWebKit/605.1.15 (KHTML, like Gecko) Version/13.1.1 Safari/605.1.15 (Applebot/0.1; +http://www.apple.com/go/applebot)"
69.171.249.16 - - [02/Jul/2021:00:14:34 -0400] "GET /wp-content/uploads/2019/10/picture-88-1024x719.jpg HTTP/1.1" 200 125610 "-" "facebookexternalhit/1.1 (+http://www.facebook.com/externalhit_uatext.php)"
69.171.249.14 - - [02/Jul/2021:00:14:34 -0400] "GET /wp-content/uploads/2019/01/picture-33.jpg HTTP/1.1" 200 384443 "-" "facebookexternalhit/1.1 (+http://www.facebook.com/externalhit_uatext.php)"
69.171.249.19 - - [02/Jul/2021:00:14:37 -0400] "GET /wp-content/uploads/2019/11/picture-48.jpg HTTP/1.1" 200 1170978 "-" "facebookexternalhit/1.1 (+http://www.facebook.com/externalhit_uatext.php)"
69.171.249.4 - - [02/Jul/2021:00:14:53 -0400] "GET /wp-content/uploads/2020/02/picture-12.jpg HTTP/1.1" 200 99466 "-" "facebookexternalhit/1.1 (+http://www.facebook.com/externalhit_uatext.php)"
69.171.249.4 - - [02/Jul/2021:00:14:59 -0400] "GET /wp-content/uploads/2019/07/picture-11.jpg HTTP/1.1" 200 2684381 "-" "facebookexternalhit/1.1 (+http://www.facebook.com/externalhit_uatext.php)"
204.48.19.85 - - [02/Jul/2021:00:16:00 -0400] "POST /wp-cron.php?doing_wp_cron=1625199360.4884059429168701171875 HTTP/1.1" 200 232 "http://ajhydell.com/wp-cron.php?doing_wp_cron=1625199360.4884059429168701171875" "WordPress/5.7.2; https://ajhydell.com"
216.244.66.250 - - [02/Jul/2021:00:16:00 -0400] "GET /robots.txt HTTP/1.1" 301 297 "-" "Mozilla/5.0 (compatible; DotBot/1.2; +https://opensiteexplorer.org/dotbot; help@moz.com)"
216.244.66.250 - - [02/Jul/2021:00:16:00 -0400] "GET /robots.txt HTTP/1.1" 200 5027 "-" "Mozilla/5.0 (compatible; DotBot/1.2; +https://opensiteexplorer.org/dotbot; help@moz.com)"
66.249.66.132 - - [02/Jul/2021:00:16:15 -0400] "GET /page/4/ HTTP/1.1" 200 20036 "-" "Mozilla/5.0 (Linux; Android 6.0.1; Nexus 5X Build/MMB29P) AppleWebKit/537.36 (KHTML, like Gecko) Chrome/91.0.4472.90 Mobile Safari/537.36 (compatible; Googlebot/2.1; +http://www.google.com/bot.html)"
66.249.66.132 - - [02/Jul/2021:00:16:18 -0400] "GET /page/4/ HTTP/1.1" 200 14870 "-" "Mozilla/5.0 (Linux; Android 6.0.1; Nexus 5X Build/MMB29P) AppleWebKit/537.36 (KHTML, like Gecko) Chrome/91.0.4472.90 Mobile Safari/537.36 (compatible; Googlebot/2.1; +http://www.google.com/bot.html)"
108.6.230.165 - - [02/Jul/2021:00:16:36 -0400] "GET /wp-content/uploads/2020/11/picture-111.jpg HTTP/1.1" 200 1943758 "https://www.bing.com/" "Mozilla/5.0 (Windows NT 10.0; Win64; x64) AppleWebKit/537.36 (KHTML, like Gecko) Chrome/91.0.4472.114 Safari/537.36 Edg/91.0.864.59"
204.48.19.85 - - [02/Jul/2021:00:17:18 -0400] "POST /wp-cron.php?doing_wp_cron=1625199438.8812370300292968750000 HTTP/1.1" 200 5463 "https://ajhydell.com/wp-cron.php?doing_wp_cron=1625199438.8812370300292968750000" "WordPress/5.7.2; https://ajhydell.com"
54.36.148.203 - - [02/Jul/2021:00:17:18 -0400] "GET /2020/04/18/little-falls-1941/ HTTP/1.1" 200 18120 "-" "Mozilla/5.0 (compatible; AhrefsBot/7.0; +http://ahrefs.com/robot/)"
207.46.13.151 - - [02/Jul/2021:00:17:42 -0400] "GET /wp-content/uploads/2019/08/picture-10-707x1024.jpg HTTP/1.1" 200 115043 "-" "Mozilla/5.0 (compatible; bingbot/2.0; +http://www.bing.com/bingbot.htm)"
207.46.13.22 - - [02/Jul/2021:00:18:33 -0400] "GET /wp-content/uploads/2018/08/picture-80.jpg HTTP/1.1" 200 531196 "-" "Mozilla/5.0 (compatible; bingbot/2.0; +http://www.bing.com/bingbot.htm)"
40.77.167.20 - - [02/Jul/2021:00:18:42 -0400] "GET /wp-content/uploads/2019/10/picture-26.jpg HTTP/1.1" 200 55560 "-" "Mozilla/5.0 (compatible; bingbot/2.0; +http://www.bing.com/bingbot.htm)"
207.46.13.80 - - [02/Jul/2021:00:18:48 -0400] "GET /wp-content/uploads/2018/09/picture-72-1024x760.jpg HTTP/1.1" 200 193584 "-" "Mozilla/5.0 (compatible; bingbot/2.0; +http://www.bing.com/bingbot.htm)"
204.48.19.85 - - [02/Jul/2021:00:18:53 -0400] "POST /wp-cron.php?doing_wp_cron=1625199533.9399490356445312500000 HTTP/1.1" 200 5463 "https://ajhydell.com/wp-cron.php?doing_wp_cron=1625199533.9399490356445312500000" "WordPress/5.7.2; https://ajhydell.com"
207.46.13.120 - - [02/Jul/2021:00:18:53 -0400] "GET /2018/09/05/lets-not-be-next-world-war-ii/ HTTP/1.1" 200 17744 "-" "Mozilla/5.0 (compatible; bingbot/2.0; +http://www.bing.com/bingbot.htm)"
66.249.66.134 - - [02/Jul/2021:00:19:27 -0400] "GET /post-sitemap15.xml HTTP/1.1" 200 16177 "-" "Mozilla/5.0 (compatible; Googlebot/2.1; +http://www.google.com/bot.html)"
185.191.171.16 - - [02/Jul/2021:00:19:31 -0400] "GET /robots.txt HTTP/1.1" 200 5648 "-" "Mozilla/5.0 (compatible; SemrushBot/7~bl; +http://www.semrush.com/bot.html)"
185.191.171.13 - - [02/Jul/2021:00:19:31 -0400] "GET /2018/12/01/ HTTP/1.1" 200 17825 "-" "Mozilla/5.0 (compatible; SemrushBot/7~bl; +http://www.semrush.com/bot.html)"
204.48.19.85 - - [02/Jul/2021:00:20:48 -0400] "POST /wp-cron.php?doing_wp_cron=1625199648.9237260818481445312500 HTTP/1.1" 200 5463 "https://ajhydell.com/wp-cron.php?doing_wp_cron=1625199648.9237260818481445312500" "WordPress/5.7.2; https://ajhydell.com"
5.255.253.88 - - [02/Jul/2021:00:20:48 -0400] "GET /2020/11/07/heres-a-bat-lantern-from-1930593x529/ HTTP/1.1" 200 18203 "-" "Mozilla/5.0 (compatible; YandexBot/3.0; +http://yandex.com/bots)"
204.48.19.85 - - [02/Jul/2021:00:22:00 -0400] "POST /wp-cron.php?doing_wp_cron=1625199720.5189280509948730468750 HTTP/1.1" 200 5463 "https://ajhydell.com/wp-cron.php?doing_wp_cron=1625199720.5189280509948730468750" "WordPress/5.7.2; https://ajhydell.com"
2.56.59.222 - - [02/Jul/2021:00:22:00 -0400] "GET /.env HTTP/1.1" 404 63677 "-" "Mozilla/5.0 (X11; Linux x86_64) AppleWebKit/537.36 (KHTML, like Gecko) Chrome/81.0.4044.129 Safari/537.36"
2.56.59.222 - - [02/Jul/2021:00:22:01 -0400] "POST / HTTP/1.1" 200 19328 "-" "Mozilla/5.0 (X11; Linux x86_64) AppleWebKit/537.36 (KHTML, like Gecko) Chrome/81.0.4044.129 Safari/537.36"
40.77.167.20 - - [02/Jul/2021:00:23:22 -0400] "GET /wp-content/uploads/2021/03/picture-12.jpg HTTP/1.1" 200 3358959 "-" "Mozilla/5.0 (compatible; bingbot/2.0; +http://www.bing.com/bingbot.htm)"
204.48.19.85 - - [02/Jul/2021:00:23:30 -0400] "POST /wp-cron.php?doing_wp_cron=1625199810.1464879512786865234375 HTTP/1.1" 200 5463 "https://ajhydell.com/wp-cron.php?doing_wp_cron=1625199810.1464879512786865234375" "WordPress/5.7.2; https://ajhydell.com"
5.255.253.88 - - [02/Jul/2021:00:23:30 -0400] "GET /2018/12/05/french-troops-on-their-way-to-the-fighting-lines-in-tunisia-shake-hands-with-american-soldiers-at-the-rail-station-in-oran-algeria-north-africa-on-december-2-1942/ HTTP/1.1" 200 18513 "-" "Mozilla/5.0 (compatible; YandexBot/3.0; +http://yandex.com/bots)"
204.48.19.85 - - [02/Jul/2021:00:23:55 -0400] "POST /wp-cron.php?doing_wp_cron=1625199835.0859320163726806640625 HTTP/1.1" 200 5463 "https://ajhydell.com/wp-cron.php?doing_wp_cron=1625199835.0859320163726806640625" "WordPress/5.7.2; https://ajhydell.com"
216.244.66.250 - - [02/Jul/2021:00:23:55 -0400] "GET /2020/06/05/the-eyes-of-the-world-are-upon-you-june-5th-1944-one-day-before-d-day/ HTTP/1.1" 200 67676 "-" "Mozilla/5.0 (compatible; DotBot/1.2; +https://opensiteexplorer.org/dotbot; help@moz.com)"
204.48.19.85 - - [02/Jul/2021:00:24:58 -0400] "POST /wp-cron.php?doing_wp_cron=1625199898.4665811061859130859375 HTTP/1.1" 200 5463 "https://ajhydell.com/wp-cron.php?doing_wp_cron=1625199898.4665811061859130859375" "WordPress/5.7.2; https://ajhydell.com"
54.36.148.49 - - [02/Jul/2021:00:24:58 -0400] "GET /2018/08/14/orville-wright-flying-a-glider-over-the-dunes-of-north-carolina-1902/ HTTP/1.1" 200 18301 "-" "Mozilla/5.0 (compatible; AhrefsBot/7.0; +http://ahrefs.com/robot/)"
157.55.39.22 - - [02/Jul/2021:00:25:19 -0400] "GET /wp-content/uploads/2018/08/picture-56-768x610.jpg HTTP/1.1" 200 61454 "-" "Mozilla/5.0 (compatible; bingbot/2.0; +http://www.bing.com/bingbot.htm)"
204.48.19.85 - - [02/Jul/2021:00:27:21 -0400] "POST /wp-cron.php?doing_wp_cron=1625200041.1668169498443603515625 HTTP/1.1" 200 5463 "https://ajhydell.com/wp-cron.php?doing_wp_cron=1625200041.1668169498443603515625" "WordPress/5.7.2; https://ajhydell.com"
23.100.232.233 - - [02/Jul/2021:00:27:21 -0400] "GET /2021/06/27/a-united-states-soldier-holds-up-a-jungle-centipede-during-the-vietnam-war-1967-443x428/ HTTP/1.1" 200 17285 "-" "Mozilla/5.0 (compatible; MSIE 9.0; Windows NT 6.1; Trident/5.0;  Trident/5.0)"
23.100.232.233 - - [02/Jul/2021:00:27:21 -0400] "GET /wp-content/plugins/add-expires-headers/cache/0/com/processed-header-f16a8d323e83e1bc1b76514e283fb81b7090a959.min.css HTTP/1.1" 200 52893 "https://ajhydell.com/2021/06/27/a-united-states-soldier-holds-up-a-jungle-centipede-during-the-vietnam-war-1967-443x428/" "Mozilla/5.0 (compatible; MSIE 9.0; Windows NT 6.1; Trident/5.0;  Trident/5.0)"
23.100.232.233 - - [02/Jul/2021:00:27:21 -0400] "GET /wp-content/plugins/google-analytics-for-wordpress/assets/js/frontend-gtag.min.js?ver=7.17.0 HTTP/1.1" 200 3476 "https://ajhydell.com/2021/06/27/a-united-states-soldier-holds-up-a-jungle-centipede-during-the-vietnam-war-1967-443x428/" "Mozilla/5.0 (compatible; MSIE 9.0; Windows NT 6.1; Trident/5.0;  Trident/5.0)"
23.100.232.233 - - [02/Jul/2021:00:27:21 -0400] "GET /wp-includes/js/jquery/jquery.min.js?ver=3.5.1 HTTP/1.1" 200 31550 "https://ajhydell.com/2021/06/27/a-united-states-soldier-holds-up-a-jungle-centipede-during-the-vietnam-war-1967-443x428/" "Mozilla/5.0 (compatible; MSIE 9.0; Windows NT 6.1; Trident/5.0;  Trident/5.0)"
23.100.232.233 - - [02/Jul/2021:00:27:21 -0400] "GET /wp-includes/js/jquery/jquery-migrate.min.js?ver=3.3.2 HTTP/1.1" 200 4687 "https://ajhydell.com/2021/06/27/a-united-states-soldier-holds-up-a-jungle-centipede-during-the-vietnam-war-1967-443x428/" "Mozilla/5.0 (compatible; MSIE 9.0; Windows NT 6.1; Trident/5.0;  Trident/5.0)"
23.100.232.233 - - [02/Jul/2021:00:27:22 -0400] "GET /wp-content/plugins/wp-smushit/app/assets/js/smush-lazy-load.min.js?ver=3.8.7 HTTP/1.1" 200 4207 "https://ajhydell.com/2021/06/27/a-united-states-soldier-holds-up-a-jungle-centipede-during-the-vietnam-war-1967-443x428/" "Mozilla/5.0 (compatible; MSIE 9.0; Windows NT 6.1; Trident/5.0;  Trident/5.0)"
23.100.232.233 - - [02/Jul/2021:00:27:22 -0400] "GET /wp-includes/js/wp-emoji-release.min.js?ver=5.7.2 HTTP/1.1" 200 5183 "https://ajhydell.com/2021/06/27/a-united-states-soldier-holds-up-a-jungle-centipede-during-the-vietnam-war-1967-443x428/" "Mozilla/5.0 (compatible; MSIE 9.0; Windows NT 6.1; Trident/5.0;  Trident/5.0)"
23.100.232.233 - - [02/Jul/2021:00:27:22 -0400] "GET /wp-content/themes/royal-magazine/js/skip-link-focus-fix.js?ver=20151215 HTTP/1.1" 200 933 "https://ajhydell.com/2021/06/27/a-united-states-soldier-holds-up-a-jungle-centipede-during-the-vietnam-war-1967-443x428/" "Mozilla/5.0 (compatible; MSIE 9.0; Windows NT 6.1; Trident/5.0;  Trident/5.0)"
23.100.232.233 - - [02/Jul/2021:00:27:22 -0400] "GET /wp-content/themes/royal-magazine/js/navigation.js?ver=20151215 HTTP/1.1" 200 1349 "https://ajhydell.com/2021/06/27/a-united-states-soldier-holds-up-a-jungle-centipede-during-the-vietnam-war-1967-443x428/" "Mozilla/5.0 (compatible; MSIE 9.0; Windows NT 6.1; Trident/5.0;  Trident/5.0)"
23.100.232.233 - - [02/Jul/2021:00:27:22 -0400] "GET /wp-content/themes/royal-magazine/assets/libraries/marquee/jquery.marquee.js?ver=5.7.2 HTTP/1.1" 200 5103 "https://ajhydell.com/2021/06/27/a-united-states-soldier-holds-up-a-jungle-centipede-during-the-vietnam-war-1967-443x428/" "Mozilla/5.0 (compatible; MSIE 9.0; Windows NT 6.1; Trident/5.0;  Trident/5.0)"
23.100.232.233 - - [02/Jul/2021:00:27:22 -0400] "GET /wp-content/themes/royal-magazine/assets/libraries/bootstrap/js/bootstrap.min.js?ver=5.7.2 HTTP/1.1" 200 10404 "https://ajhydell.com/2021/06/27/a-united-states-soldier-holds-up-a-jungle-centipede-during-the-vietnam-war-1967-443x428/" "Mozilla/5.0 (compatible; MSIE 9.0; Windows NT 6.1; Trident/5.0;  Trident/5.0)"
23.100.232.233 - - [02/Jul/2021:00:27:22 -0400] "GET /wp-content/themes/royal-magazine/assets/twp/js/custom-script.js?ver=5.7.2 HTTP/1.1" 200 3023 "https://ajhydell.com/2021/06/27/a-united-states-soldier-holds-up-a-jungle-centipede-during-the-vietnam-war-1967-443x428/" "Mozilla/5.0 (compatible; MSIE 9.0; Windows NT 6.1; Trident/5.0;  Trident/5.0)"
23.100.232.233 - - [02/Jul/2021:00:27:22 -0400] "GET /wp-content/themes/royal-magazine/assets/libraries/magnific-popup/jquery.magnific-popup.min.js?ver=5.7.2 HTTP/1.1" 200 7871 "https://ajhydell.com/2021/06/27/a-united-states-soldier-holds-up-a-jungle-centipede-during-the-vietnam-war-1967-443x428/" "Mozilla/5.0 (compatible; MSIE 9.0; Windows NT 6.1; Trident/5.0;  Trident/5.0)"
23.100.232.233 - - [02/Jul/2021:00:27:22 -0400] "GET /wp-content/plugins/facebook-pagelike-widget/fb.js?ver=1.0 HTTP/1.1" 200 821 "https://ajhydell.com/2021/06/27/a-united-states-soldier-holds-up-a-jungle-centipede-during-the-vietnam-war-1967-443x428/" "Mozilla/5.0 (compatible; MSIE 9.0; Windows NT 6.1; Trident/5.0;  Trident/5.0)"
23.100.232.233 - - [02/Jul/2021:00:27:22 -0400] "GET /wp-content/themes/royal-magazine/assets/libraries/slick/js/slick.min.js?ver=5.7.2 HTTP/1.1" 200 10740 "https://ajhydell.com/2021/06/27/a-united-states-soldier-holds-up-a-jungle-centipede-during-the-vietnam-war-1967-443x428/" "Mozilla/5.0 (compatible; MSIE 9.0; Windows NT 6.1; Trident/5.0;  Trident/5.0)"
23.100.232.233 - - [02/Jul/2021:00:27:22 -0400] "GET /wp-includes/js/wp-embed.min.js?ver=5.7.2 HTTP/1.1" 200 1221 "https://ajhydell.com/2021/06/27/a-united-states-soldier-holds-up-a-jungle-centipede-during-the-vietnam-war-1967-443x428/" "Mozilla/5.0 (compatible; MSIE 9.0; Windows NT 6.1; Trident/5.0;  Trident/5.0)"
23.100.232.233 - - [02/Jul/2021:00:27:22 -0400] "GET /wp-content/themes/royal-magazine/assets/libraries/theiaStickySidebar/theia-sticky-sidebar.min.js?ver=5.7.2 HTTP/1.1" 200 2271 "https://ajhydell.com/2021/06/27/a-united-states-soldier-holds-up-a-jungle-centipede-during-the-vietnam-war-1967-443x428/" "Mozilla/5.0 (compatible; MSIE 9.0; Windows NT 6.1; Trident/5.0;  Trident/5.0)"
216.244.66.250 - - [02/Jul/2021:00:27:40 -0400] "GET /2019/11/30/finnish-civilians-enter-a-bomb-shelter-in-helsinki-as-air-raid-sirens-start-with-soviet-bombers-inbound-30-november-1939/ HTTP/1.1" 200 68985 "-" "Mozilla/5.0 (compatible; DotBot/1.2; +https://opensiteexplorer.org/dotbot; help@moz.com)"
204.48.19.85 - - [02/Jul/2021:00:28:08 -0400] "POST /wp-cron.php?doing_wp_cron=1625200088.8847939968109130859375 HTTP/1.1" 200 5463 "https://ajhydell.com/wp-cron.php?doing_wp_cron=1625200088.8847939968109130859375" "WordPress/5.7.2; https://ajhydell.com"
66.249.66.136 - - [02/Jul/2021:00:28:08 -0400] "GET /robots.txt HTTP/1.1" 200 5685 "-" "Mozilla/5.0 (compatible; Googlebot/2.1; +http://www.google.com/bot.html)"
66.249.66.136 - - [02/Jul/2021:00:28:08 -0400] "GET /feed/ HTTP/1.1" 200 7620 "-" "Mozilla/5.0 (compatible; Googlebot/2.1; +http://www.google.com/bot.html)"
157.55.39.136 - - [02/Jul/2021:00:29:00 -0400] "GET /wp-content/uploads/2018/10/picture-84.jpg HTTP/1.1" 200 3234851 "-" "Mozilla/5.0 (compatible; bingbot/2.0; +http://www.bing.com/bingbot.htm)"
204.48.19.85 - - [02/Jul/2021:00:30:04 -0400] "POST /wp-cron.php?doing_wp_cron=1625200204.1674330234527587890625 HTTP/1.1" 200 5463 "https://ajhydell.com/wp-cron.php?doing_wp_cron=1625200204.1674330234527587890625" "WordPress/5.7.2; https://ajhydell.com"
207.46.13.80 - - [02/Jul/2021:00:30:03 -0400] "GET /2020/02/23/hungarian-soldiers-bury-their-comrade-in-the-upper-marks-of-the-kamen-district-voronezh-1942/ HTTP/1.1" 200 17753 "-" "Mozilla/5.0 (compatible; bingbot/2.0; +http://www.bing.com/bingbot.htm)"
204.48.19.85 - - [02/Jul/2021:00:32:49 -0400] "POST /wp-cron.php?doing_wp_cron=1625200369.3070099353790283203125 HTTP/1.1" 200 5463 "https://ajhydell.com/wp-cron.php?doing_wp_cron=1625200369.3070099353790283203125" "WordPress/5.7.2; https://ajhydell.com"
54.36.148.115 - - [02/Jul/2021:00:32:49 -0400] "GET /2020/01/03/ HTTP/1.1" 200 17847 "-" "Mozilla/5.0 (compatible; AhrefsBot/7.0; +http://ahrefs.com/robot/)"
185.191.171.19 - - [02/Jul/2021:00:33:01 -0400] "GET /2018/10/21/1941-romanian-propaganda-poster-celebrating-the-entry-of-romania-in-the-war-against-the-soviets-the-translation-germany-and-romania-22-of-june-1941-the-holy-war/ HTTP/1.1" 200 18288 "-" "Mozilla/5.0 (compatible; SemrushBot/7~bl; +http://www.semrush.com/bot.html)"
157.55.39.134 - - [02/Jul/2021:00:33:15 -0400] "GET /wp-content/uploads/2020/10/picture-39.jpg HTTP/1.1" 200 2854453 "-" "Mozilla/5.0 (compatible; bingbot/2.0; +http://www.bing.com/bingbot.htm)"
204.48.19.85 - - [02/Jul/2021:00:35:10 -0400] "POST /wp-cron.php?doing_wp_cron=1625200510.5379550457000732421875 HTTP/1.1" 200 5463 "https://ajhydell.com/wp-cron.php?doing_wp_cron=1625200510.5379550457000732421875" "WordPress/5.7.2; https://ajhydell.com"
70.26.94.60 - - [02/Jul/2021:00:35:10 -0400] "GET /2021/07/02/a-man-guards-his-family-from-the-cannibals-during-the-madras-famine-of-1877-at-the-time-of-british-raj-india-976x549/ HTTP/1.1" 200 18133 "https://duckduckgo.com/" "Mozilla/5.0 (Macintosh; Intel Mac OS X 10_13_6) AppleWebKit/537.36 (KHTML, like Gecko) Chrome/91.0.4472.114 Safari/537.36"
70.26.94.60 - - [02/Jul/2021:00:35:10 -0400] "GET /wp-content/plugins/add-expires-headers/cache/0/com/processed-header-f16a8d323e83e1bc1b76514e283fb81b7090a959.min.css HTTP/1.1" 200 52771 "https://ajhydell.com/2021/07/02/a-man-guards-his-family-from-the-cannibals-during-the-madras-famine-of-1877-at-the-time-of-british-raj-india-976x549/" "Mozilla/5.0 (Macintosh; Intel Mac OS X 10_13_6) AppleWebKit/537.36 (KHTML, like Gecko) Chrome/91.0.4472.114 Safari/537.36"
70.26.94.60 - - [02/Jul/2021:00:35:10 -0400] "GET /wp-content/plugins/google-analytics-for-wordpress/assets/js/frontend-gtag.min.js?ver=7.17.0 HTTP/1.1" 200 8501 "https://ajhydell.com/2021/07/02/a-man-guards-his-family-from-the-cannibals-during-the-madras-famine-of-1877-at-the-time-of-british-raj-india-976x549/" "Mozilla/5.0 (Macintosh; Intel Mac OS X 10_13_6) AppleWebKit/537.36 (KHTML, like Gecko) Chrome/91.0.4472.114 Safari/537.36"
70.26.94.60 - - [02/Jul/2021:00:35:10 -0400] "GET /wp-includes/js/jquery/jquery.min.js?ver=3.5.1 HTTP/1.1" 200 31474 "https://ajhydell.com/2021/07/02/a-man-guards-his-family-from-the-cannibals-during-the-madras-famine-of-1877-at-the-time-of-british-raj-india-976x549/" "Mozilla/5.0 (Macintosh; Intel Mac OS X 10_13_6) AppleWebKit/537.36 (KHTML, like Gecko) Chrome/91.0.4472.114 Safari/537.36"
70.26.94.60 - - [02/Jul/2021:00:35:11 -0400] "GET /wp-includes/js/jquery/jquery-migrate.min.js?ver=3.3.2 HTTP/1.1" 200 4659 "https://ajhydell.com/2021/07/02/a-man-guards-his-family-from-the-cannibals-during-the-madras-famine-of-1877-at-the-time-of-british-raj-india-976x549/" "Mozilla/5.0 (Macintosh; Intel Mac OS X 10_13_6) AppleWebKit/537.36 (KHTML, like Gecko) Chrome/91.0.4472.114 Safari/537.36"
70.26.94.60 - - [02/Jul/2021:00:35:11 -0400] "GET /wp-content/plugins/wp-smushit/app/assets/js/smush-lazy-load.min.js?ver=3.8.7 HTTP/1.1" 200 4734 "https://ajhydell.com/2021/07/02/a-man-guards-his-family-from-the-cannibals-during-the-madras-famine-of-1877-at-the-time-of-british-raj-india-976x549/" "Mozilla/5.0 (Macintosh; Intel Mac OS X 10_13_6) AppleWebKit/537.36 (KHTML, like Gecko) Chrome/91.0.4472.114 Safari/537.36"
70.26.94.60 - - [02/Jul/2021:00:35:11 -0400] "GET /wp-content/themes/royal-magazine/js/navigation.js?ver=20151215 HTTP/1.1" 200 1893 "https://ajhydell.com/2021/07/02/a-man-guards-his-family-from-the-cannibals-during-the-madras-famine-of-1877-at-the-time-of-british-raj-india-976x549/" "Mozilla/5.0 (Macintosh; Intel Mac OS X 10_13_6) AppleWebKit/537.36 (KHTML, like Gecko) Chrome/91.0.4472.114 Safari/537.36"
70.26.94.60 - - [02/Jul/2021:00:35:11 -0400] "GET /wp-content/themes/royal-magazine/js/skip-link-focus-fix.js?ver=20151215 HTTP/1.1" 200 6134 "https://ajhydell.com/2021/07/02/a-man-guards-his-family-from-the-cannibals-during-the-madras-famine-of-1877-at-the-time-of-british-raj-india-976x549/" "Mozilla/5.0 (Macintosh; Intel Mac OS X 10_13_6) AppleWebKit/537.36 (KHTML, like Gecko) Chrome/91.0.4472.114 Safari/537.36"
70.26.94.60 - - [02/Jul/2021:00:35:11 -0400] "GET /wp-content/themes/royal-magazine/assets/libraries/slick/js/slick.min.js?ver=5.7.2 HTTP/1.1" 200 15900 "https://ajhydell.com/2021/07/02/a-man-guards-his-family-from-the-cannibals-during-the-madras-famine-of-1877-at-the-time-of-british-raj-india-976x549/" "Mozilla/5.0 (Macintosh; Intel Mac OS X 10_13_6) AppleWebKit/537.36 (KHTML, like Gecko) Chrome/91.0.4472.114 Safari/537.36"
70.26.94.60 - - [02/Jul/2021:00:35:11 -0400] "GET /wp-content/themes/royal-magazine/assets/libraries/bootstrap/js/bootstrap.min.js?ver=5.7.2 HTTP/1.1" 200 10350 "https://ajhydell.com/2021/07/02/a-man-guards-his-family-from-the-cannibals-during-the-madras-famine-of-1877-at-the-time-of-british-raj-india-976x549/" "Mozilla/5.0 (Macintosh; Intel Mac OS X 10_13_6) AppleWebKit/537.36 (KHTML, like Gecko) Chrome/91.0.4472.114 Safari/537.36"
70.26.94.60 - - [02/Jul/2021:00:35:11 -0400] "GET /wp-content/themes/royal-magazine/assets/libraries/marquee/jquery.marquee.js?ver=5.7.2 HTTP/1.1" 200 5071 "https://ajhydell.com/2021/07/02/a-man-guards-his-family-from-the-cannibals-during-the-madras-famine-of-1877-at-the-time-of-british-raj-india-976x549/" "Mozilla/5.0 (Macintosh; Intel Mac OS X 10_13_6) AppleWebKit/537.36 (KHTML, like Gecko) Chrome/91.0.4472.114 Safari/537.36"
70.26.94.60 - - [02/Jul/2021:00:35:11 -0400] "GET /wp-content/themes/royal-magazine/assets/libraries/theiaStickySidebar/theia-sticky-sidebar.min.js?ver=5.7.2 HTTP/1.1" 200 2236 "https://ajhydell.com/2021/07/02/a-man-guards-his-family-from-the-cannibals-during-the-madras-famine-of-1877-at-the-time-of-british-raj-india-976x549/" "Mozilla/5.0 (Macintosh; Intel Mac OS X 10_13_6) AppleWebKit/537.36 (KHTML, like Gecko) Chrome/91.0.4472.114 Safari/537.36"
70.26.94.60 - - [02/Jul/2021:00:35:11 -0400] "GET /wp-content/themes/royal-magazine/assets/libraries/magnific-popup/jquery.magnific-popup.min.js?ver=5.7.2 HTTP/1.1" 200 7838 "https://ajhydell.com/2021/07/02/a-man-guards-his-family-from-the-cannibals-during-the-madras-famine-of-1877-at-the-time-of-british-raj-india-976x549/" "Mozilla/5.0 (Macintosh; Intel Mac OS X 10_13_6) AppleWebKit/537.36 (KHTML, like Gecko) Chrome/91.0.4472.114 Safari/537.36"
70.26.94.60 - - [02/Jul/2021:00:35:11 -0400] "GET /wp-content/themes/royal-magazine/assets/twp/js/custom-script.js?ver=5.7.2 HTTP/1.1" 200 2995 "https://ajhydell.com/2021/07/02/a-man-guards-his-family-from-the-cannibals-during-the-madras-famine-of-1877-at-the-time-of-british-raj-india-976x549/" "Mozilla/5.0 (Macintosh; Intel Mac OS X 10_13_6) AppleWebKit/537.36 (KHTML, like Gecko) Chrome/91.0.4472.114 Safari/537.36"
70.26.94.60 - - [02/Jul/2021:00:35:11 -0400] "GET /wp-includes/js/wp-embed.min.js?ver=5.7.2 HTTP/1.1" 200 1209 "https://ajhydell.com/2021/07/02/a-man-guards-his-family-from-the-cannibals-during-the-madras-famine-of-1877-at-the-time-of-british-raj-india-976x549/" "Mozilla/5.0 (Macintosh; Intel Mac OS X 10_13_6) AppleWebKit/537.36 (KHTML, like Gecko) Chrome/91.0.4472.114 Safari/537.36"
70.26.94.60 - - [02/Jul/2021:00:35:11 -0400] "GET /wp-content/plugins/facebook-pagelike-widget/fb.js?ver=1.0 HTTP/1.1" 200 810 "https://ajhydell.com/2021/07/02/a-man-guards-his-family-from-the-cannibals-during-the-madras-famine-of-1877-at-the-time-of-british-raj-india-976x549/" "Mozilla/5.0 (Macintosh; Intel Mac OS X 10_13_6) AppleWebKit/537.36 (KHTML, like Gecko) Chrome/91.0.4472.114 Safari/537.36"
70.26.94.60 - - [02/Jul/2021:00:35:11 -0400] "GET /wp-includes/js/wp-emoji-release.min.js?ver=5.7.2 HTTP/1.1" 200 5152 "https://ajhydell.com/2021/07/02/a-man-guards-his-family-from-the-cannibals-during-the-madras-famine-of-1877-at-the-time-of-british-raj-india-976x549/" "Mozilla/5.0 (Macintosh; Intel Mac OS X 10_13_6) AppleWebKit/537.36 (KHTML, like Gecko) Chrome/91.0.4472.114 Safari/537.36"
70.26.94.60 - - [02/Jul/2021:00:35:11 -0400] "GET /wp-content/themes/royal-magazine/assets/libraries/ionicons/fonts/ionicons.ttf HTTP/1.1" 200 189155 "https://ajhydell.com/wp-content/plugins/add-expires-headers/cache/0/com/processed-header-f16a8d323e83e1bc1b76514e283fb81b7090a959.min.css" "Mozilla/5.0 (Macintosh; Intel Mac OS X 10_13_6) AppleWebKit/537.36 (KHTML, like Gecko) Chrome/91.0.4472.114 Safari/537.36"
70.26.94.60 - - [02/Jul/2021:00:35:11 -0400] "GET /?wordfence_lh=1&hid=5C8DDE37CC87539311AB095D5B2714B1&r=0.4104651103473904 HTTP/1.1" 200 347 "https://ajhydell.com/2021/07/02/a-man-guards-his-family-from-the-cannibals-during-the-madras-famine-of-1877-at-the-time-of-british-raj-india-976x549/" "Mozilla/5.0 (Macintosh; Intel Mac OS X 10_13_6) AppleWebKit/537.36 (KHTML, like Gecko) Chrome/91.0.4472.114 Safari/537.36"
70.26.94.60 - - [02/Jul/2021:00:35:11 -0400] "GET /wp-content/uploads/2021/07/picture-5.jpg HTTP/1.1" 200 80236 "https://ajhydell.com/2021/07/02/a-man-guards-his-family-from-the-cannibals-during-the-madras-famine-of-1877-at-the-time-of-british-raj-india-976x549/" "Mozilla/5.0 (Macintosh; Intel Mac OS X 10_13_6) AppleWebKit/537.36 (KHTML, like Gecko) Chrome/91.0.4472.114 Safari/537.36"
70.26.94.60 - - [02/Jul/2021:00:35:11 -0400] "GET /wp-content/plugins/facebook-pagelike-widget/loader.gif HTTP/1.1" 200 8641 "https://ajhydell.com/2021/07/02/a-man-guards-his-family-from-the-cannibals-during-the-madras-famine-of-1877-at-the-time-of-british-raj-india-976x549/" "Mozilla/5.0 (Macintosh; Intel Mac OS X 10_13_6) AppleWebKit/537.36 (KHTML, like Gecko) Chrome/91.0.4472.114 Safari/537.36"
70.26.94.60 - - [02/Jul/2021:00:35:11 -0400] "GET /wp-content/uploads/2018/08/cropped-logo-32x32.jpg HTTP/1.1" 200 1314 "https://ajhydell.com/2021/07/02/a-man-guards-his-family-from-the-cannibals-during-the-madras-famine-of-1877-at-the-time-of-british-raj-india-976x549/" "Mozilla/5.0 (Macintosh; Intel Mac OS X 10_13_6) AppleWebKit/537.36 (KHTML, like Gecko) Chrome/91.0.4472.114 Safari/537.36"
54.242.222.174 - - [02/Jul/2021:00:35:19 -0400] "HEAD / HTTP/1.1" 200 4883 "-" "scalaj-http/2.4.2"
54.242.222.174 - - [02/Jul/2021:00:35:19 -0400] "GET / HTTP/1.1" 200 19224 "-" "Buck/2.2; (+https://app.hypefactors.com/media-monitoring/about.html)"
54.242.222.174 - - [02/Jul/2021:00:35:20 -0400] "GET /robots.txt HTTP/1.1" 200 5069 "-" "Buck/2.2; (+https://app.hypefactors.com/media-monitoring/about.html)"
204.48.19.85 - - [02/Jul/2021:00:35:45 -0400] "POST /wp-cron.php?doing_wp_cron=1625200545.9389541149139404296875 HTTP/1.1" 200 5463 "https://ajhydell.com/wp-cron.php?doing_wp_cron=1625200545.9389541149139404296875" "WordPress/5.7.2; https://ajhydell.com"
54.242.222.174 - - [02/Jul/2021:00:35:45 -0400] "GET /feed/ HTTP/1.1" 200 7315 "-" "Buck/2.2; (+https://app.hypefactors.com/media-monitoring/about.html)"
54.242.222.174 - - [02/Jul/2021:00:35:46 -0400] "GET /sitemap_index.xml HTTP/1.1" 200 5388 "-" "Buck/2.2; (+https://app.hypefactors.com/media-monitoring/about.html)"
54.242.222.174 - - [02/Jul/2021:00:35:46 -0400] "GET /post-sitemap10.xml HTTP/1.1" 200 15401 "-" "Buck/2.2; (+https://app.hypefactors.com/media-monitoring/about.html)"
54.242.222.174 - - [02/Jul/2021:00:35:46 -0400] "GET /post-sitemap11.xml HTTP/1.1" 200 15210 "-" "Buck/2.2; (+https://app.hypefactors.com/media-monitoring/about.html)"
54.242.222.174 - - [02/Jul/2021:00:35:46 -0400] "GET /post-sitemap12.xml HTTP/1.1" 200 14378 "-" "Buck/2.2; (+https://app.hypefactors.com/media-monitoring/about.html)"
54.242.222.174 - - [02/Jul/2021:00:35:46 -0400] "GET /post-sitemap13.xml HTTP/1.1" 200 14594 "-" "Buck/2.2; (+https://app.hypefactors.com/media-monitoring/about.html)"
54.242.222.174 - - [02/Jul/2021:00:35:46 -0400] "GET /sitemap.xml HTTP/1.1" 200 5752 "-" "Buck/2.2; (+https://app.hypefactors.com/media-monitoring/about.html)"
54.242.222.174 - - [02/Jul/2021:00:35:47 -0400] "GET /sitemap-pt-post-2021-07.xml HTTP/1.1" 200 5882 "-" "Buck/2.2; (+https://app.hypefactors.com/media-monitoring/about.html)"
54.242.222.174 - - [02/Jul/2021:00:35:47 -0400] "GET /sitemap-pt-post-2021-06.xml HTTP/1.1" 200 12714 "-" "Buck/2.2; (+https://app.hypefactors.com/media-monitoring/about.html)"
204.48.19.85 - - [02/Jul/2021:00:36:55 -0400] "POST /wp-cron.php?doing_wp_cron=1625200615.1870260238647460937500 HTTP/1.1" 200 5463 "https://ajhydell.com/wp-cron.php?doing_wp_cron=1625200615.1870260238647460937500" "WordPress/5.7.2; https://ajhydell.com"
40.77.167.20 - - [02/Jul/2021:00:36:55 -0400] "GET /2019/05/02/ HTTP/1.1" 200 17003 "-" "Mozilla/5.0 (compatible; bingbot/2.0; +http://www.bing.com/bingbot.htm)"
157.90.182.30 - - [02/Jul/2021:00:37:05 -0400] "GET /robots.txt HTTP/1.1" 301 353 "-" "Mozilla/5.0 (compatible; BLEXBot/1.0; +http://webmeup-crawler.com/)"
157.90.182.30 - - [02/Jul/2021:00:37:05 -0400] "GET /robots.txt HTTP/1.1" 200 5685 "-" "Mozilla/5.0 (compatible; BLEXBot/1.0; +http://webmeup-crawler.com/)"
157.90.182.30 - - [02/Jul/2021:00:37:05 -0400] "GET /2018/09/18/science-for-the-people-united-states-1971/ HTTP/1.1" 200 18035 "-" "Mozilla/5.0 (compatible; BLEXBot/1.0; +http://webmeup-crawler.com/)"
157.90.182.30 - - [02/Jul/2021:00:37:09 -0400] "GET /2018/09/19/emmett-tills-killers-jw-milam-and-roy-bryant-smiling-after-being-acquitted-of-the-brutal-murder-in-1955-3200-x-1680/ HTTP/1.1" 200 13158 "-" "Mozilla/5.0 (compatible; BLEXBot/1.0; +http://webmeup-crawler.com/)"
157.90.182.30 - - [02/Jul/2021:00:37:12 -0400] "GET /2018/09/19/empress-alexandra-of-russia-having-her-likeness-modeled-in-clay-three-years-before-the-revolution-of-1917/ HTTP/1.1" 200 13087 "-" "Mozilla/5.0 (compatible; BLEXBot/1.0; +http://webmeup-crawler.com/)"
157.90.182.30 - - [02/Jul/2021:00:37:15 -0400] "GET /2018/09/19/launch-observers-react-to-the-shuttle-challenger-tragedy-1986-780x1090/ HTTP/1.1" 200 12963 "-" "Mozilla/5.0 (compatible; BLEXBot/1.0; +http://webmeup-crawler.com/)"
157.90.182.30 - - [02/Jul/2021:00:37:18 -0400] "GET /2018/09/19/ottoman-propaganda-poster-at-gallipoli-1915-16/ HTTP/1.1" 200 12950 "-" "Mozilla/5.0 (compatible; BLEXBot/1.0; +http://webmeup-crawler.com/)"
157.90.182.30 - - [02/Jul/2021:00:37:22 -0400] "GET /2018/09/20/an-american-b24-plane-photographed-from-above-while-on-mission-to-brussels-belgium-on-august-3-1944-colorization-by-nathan-howland/ HTTP/1.1" 200 13051 "-" "Mozilla/5.0 (compatible; BLEXBot/1.0; +http://webmeup-crawler.com/)"
157.90.182.30 - - [02/Jul/2021:00:37:31 -0400] "GET /2018/09/20/hair-upstairs-commercial-i-have-no-explanation-for-this-1989/ HTTP/1.1" 200 18188 "-" "Mozilla/5.0 (compatible; BLEXBot/1.0; +http://webmeup-crawler.com/)"
52.49.179.188 - - [02/Jul/2021:00:37:33 -0400] "GET /feed/ HTTP/1.1" 200 7564 "-" "Krzana bot"
157.90.182.30 - - [02/Jul/2021:00:37:35 -0400] "GET /2018/09/20/i-will-build-a-new-day-myself-ussr-1988/ HTTP/1.1" 200 13104 "-" "Mozilla/5.0 (compatible; BLEXBot/1.0; +http://webmeup-crawler.com/)"
157.90.182.30 - - [02/Jul/2021:00:37:38 -0400] "GET /2018/09/20/mission-impossible-photo-restoration/ HTTP/1.1" 200 12990 "-" "Mozilla/5.0 (compatible; BLEXBot/1.0; +http://webmeup-crawler.com/)"
204.48.19.85 - - [02/Jul/2021:00:37:45 -0400] "POST /wp-cron.php?doing_wp_cron=1625200665.3155939579010009765625 HTTP/1.1" 200 5463 "https://ajhydell.com/wp-cron.php?doing_wp_cron=1625200665.3155939579010009765625" "WordPress/5.7.2; https://ajhydell.com"
157.90.182.30 - - [02/Jul/2021:00:37:45 -0400] "GET /2018/09/21/ HTTP/1.1" 200 18232 "-" "Mozilla/5.0 (compatible; BLEXBot/1.0; +http://webmeup-crawler.com/)"
207.46.13.22 - - [02/Jul/2021:00:37:47 -0400] "GET /wp-content/uploads/2019/06/picture-59.jpg HTTP/1.1" 200 89899 "-" "Mozilla/5.0 (compatible; bingbot/2.0; +http://www.bing.com/bingbot.htm)"
157.90.182.30 - - [02/Jul/2021:00:37:48 -0400] "GET /2018/09/21/this-daguerreotype-is-the-earliest-confirmed-photographic-image-of-abraham-lincoln-it-was-reportedly-made-in-1846-by-nicholas-h-shepherd-shortly-after-lincoln-was-elected-to-the-united-states-house/ HTTP/1.1" 200 13417 "-" "Mozilla/5.0 (compatible; BLEXBot/1.0; +http://webmeup-crawler.com/)"
157.90.182.30 - - [02/Jul/2021:00:37:51 -0400] "GET /2018/09/22/ HTTP/1.1" 200 12703 "-" "Mozilla/5.0 (compatible; BLEXBot/1.0; +http://webmeup-crawler.com/)"
157.90.182.30 - - [02/Jul/2021:00:37:54 -0400] "GET /2018/09/page/6/ HTTP/1.1" 200 13883 "-" "Mozilla/5.0 (compatible; BLEXBot/1.0; +http://webmeup-crawler.com/)"
157.90.182.30 - - [02/Jul/2021:00:38:03 -0400] "GET /2018/10/25/jenny-on-the-job-eats-man-size-meals-u-s-public-health-service-poster-1943/ HTTP/1.1" 200 13550 "-" "Mozilla/5.0 (compatible; BLEXBot/1.0; +http://webmeup-crawler.com/)"
157.90.182.30 - - [02/Jul/2021:00:38:07 -0400] "GET /2018/10/25/tank-crew-body-recovery-c-1940s-595x595/ HTTP/1.1" 200 12921 "-" "Mozilla/5.0 (compatible; BLEXBot/1.0; +http://webmeup-crawler.com/)"
157.90.182.30 - - [02/Jul/2021:00:38:10 -0400] "GET /2018/10/25/two-soldiers-greeting-each-other-ww2battle-of-the-bulge-jan-1945-652-x-526/ HTTP/1.1" 200 13028 "-" "Mozilla/5.0 (compatible; BLEXBot/1.0; +http://webmeup-crawler.com/)"
157.90.182.30 - - [02/Jul/2021:00:38:13 -0400] "GET /2018/10/26/chinese-militia-training-to-shoot-from-bicycles-china-ca-1950s/ HTTP/1.1" 200 13052 "-" "Mozilla/5.0 (compatible; BLEXBot/1.0; +http://webmeup-crawler.com/)"
157.90.182.30 - - [02/Jul/2021:00:38:16 -0400] "GET /2018/10/26/rex-inman-farmer-near-estherville-iowa-rolling-a-cigarette-very-few-farmers-smoke-tailor-mades/ HTTP/1.1" 200 13112 "-" "Mozilla/5.0 (compatible; BLEXBot/1.0; +http://webmeup-crawler.com/)"
157.90.182.30 - - [02/Jul/2021:00:38:19 -0400] "GET /2018/10/26/tsar-nicholas-ii-and-king-george-v-in-german-military-uniforms-berlin-1913/ HTTP/1.1" 200 13035 "-" "Mozilla/5.0 (compatible; BLEXBot/1.0; +http://webmeup-crawler.com/)"
