207.46.13.113 - - [11/Jul/2021:03:08:47 -0400] "GET /wp-content/uploads/2018/11/picture-6.jpg HTTP/1.1" 200 2055014 "-" "Mozilla/5.0 (compatible; bingbot/2.0; +http://www.bing.com/bingbot.htm)"
204.48.19.85 - - [11/Jul/2021:03:09:20 -0400] "POST /wp-cron.php?doing_wp_cron=1625987360.0862650871276855468750 HTTP/1.1" 200 6295 "https://ajhydell.com/wp-cron.php?doing_wp_cron=1625987360.0862650871276855468750" "WordPress/5.7.2; https://ajhydell.com"
114.119.145.169 - - [11/Jul/2021:03:09:20 -0400] "GET /2019/09/01/we-will-purge-our-land-of-hitlers-scum-1940s/ HTTP/1.1" 200 18013 "-" "Mozilla/5.0 (Linux; Android 7.0;) AppleWebKit/537.36 (KHTML, like Gecko) Mobile Safari/537.36 (compatible; PetalBot;+https://webmaster.petalsearch.com/site/petalbot)"
148.251.8.250 - - [11/Jul/2021:03:09:36 -0400] "GET /robots.txt HTTP/1.1" 200 6065 "-" "Mozilla/5.0 (compatible; MJ12bot/v1.4.8; http://mj12bot.com/)"
148.251.8.250 - - [11/Jul/2021:03:09:43 -0400] "GET /2019/02/08/books-wanted-for-our-men-in-camp-and-over-there-take-your-gifts-to-the-public-library-usa-1918/feed/ HTTP/1.1" 200 6708 "-" "Mozilla/5.0 (compatible; MJ12bot/v1.4.8; http://mj12bot.com/)"
204.48.19.85 - - [11/Jul/2021:03:09:50 -0400] "POST /wp-cron.php?doing_wp_cron=1625987390.6083741188049316406250 HTTP/1.1" 200 6295 "https://ajhydell.com/wp-cron.php?doing_wp_cron=1625987390.6083741188049316406250" "WordPress/5.7.2; https://ajhydell.com"
148.251.8.250 - - [11/Jul/2021:03:09:50 -0400] "GET /2019/02/11/ HTTP/1.1" 200 17704 "-" "Mozilla/5.0 (compatible; MJ12bot/v1.4.8; http://mj12bot.com/)"
148.251.8.250 - - [11/Jul/2021:03:09:56 -0400] "GET /2019/02/11/crew-of-grumman-tbf-avenger-scramble-to-safety-after-ditching-near-the-carrier-circa-1944-2000x1317/ HTTP/1.1" 200 18219 "-" "Mozilla/5.0 (compatible; MJ12bot/v1.4.8; http://mj12bot.com/)"
148.251.8.250 - - [11/Jul/2021:03:10:01 -0400] "GET /2019/02/11/us-troops-make-their-way-through-the-smoke-to-fontainebleau-1944/ HTTP/1.1" 200 12660 "-" "Mozilla/5.0 (compatible; MJ12bot/v1.4.8; http://mj12bot.com/)"
148.251.8.250 - - [11/Jul/2021:03:10:08 -0400] "GET /2019/02/12/ HTTP/1.1" 200 17764 "-" "Mozilla/5.0 (compatible; MJ12bot/v1.4.8; http://mj12bot.com/)"
148.251.8.250 - - [11/Jul/2021:03:10:20 -0400] "GET /2019/12/27/your-war-garden-1945/feed/ HTTP/1.1" 200 6613 "-" "Mozilla/5.0 (compatible; MJ12bot/v1.4.8; http://mj12bot.com/)"
49.7.20.68 - - [11/Jul/2021:03:10:22 -0400] "GET / HTTP/1.1" 200 19797 "-" "Sogou web spider/4.0(+http://www.sogou.com/docs/help/webmasters.htm#07)"
148.251.8.250 - - [11/Jul/2021:03:10:24 -0400] "GET /2019/12/28/ HTTP/1.1" 200 12295 "-" "Mozilla/5.0 (compatible; MJ12bot/v1.4.8; http://mj12bot.com/)"
148.251.8.250 - - [11/Jul/2021:03:10:31 -0400] "GET /2019/12/28/barry-gibb-of-the-bee-gees-receiving-an-award-from-actress-tsai-chin-after-being-voted-best-dressed-pop-star-london-july-12th-1969-755x631/feed/ HTTP/1.1" 200 6764 "-" "Mozilla/5.0 (compatible; MJ12bot/v1.4.8; http://mj12bot.com/)"
148.251.8.250 - - [11/Jul/2021:03:10:39 -0400] "GET /2019/12/28/breda-workers-on-strike-milan-1970s-1600-x-1139/feed/ HTTP/1.1" 200 6650 "-" "Mozilla/5.0 (compatible; MJ12bot/v1.4.8; http://mj12bot.com/)"
148.251.8.250 - - [11/Jul/2021:03:10:42 -0400] "GET /2019/12/28/from-a-schoolbook-teaching-english-to-second-year-students-shanghai-1970/feed/ HTTP/1.1" 200 1138 "-" "Mozilla/5.0 (compatible; MJ12bot/v1.4.8; http://mj12bot.com/)"
204.48.19.85 - - [11/Jul/2021:03:10:54 -0400] "POST /wp-cron.php?doing_wp_cron=1625987454.3872759342193603515625 HTTP/1.1" 200 6295 "https://ajhydell.com/wp-cron.php?doing_wp_cron=1625987454.3872759342193603515625" "WordPress/5.7.2; https://ajhydell.com"
148.251.8.250 - - [11/Jul/2021:03:10:54 -0400] "GET /2020/03/16/soldiers-laughing-to-the-bob-hope-show-at-seoul-korea-oct-23-1950/feed/ HTTP/1.1" 200 6673 "-" "Mozilla/5.0 (compatible; MJ12bot/v1.4.8; http://mj12bot.com/)"
114.119.147.211 - - [11/Jul/2021:03:10:56 -0400] "GET /2019/06/19/young-civil-rights-marchers-with-american-flags-march-in-montgomery-1965 HTTP/1.1" 301 5835 "-" "Mozilla/5.0 (Linux; Android 7.0;) AppleWebKit/537.36 (KHTML, like Gecko) Mobile Safari/537.36 (compatible; PetalBot;+https://webmaster.petalsearch.com/site/petalbot)"
114.119.147.211 - - [11/Jul/2021:03:10:57 -0400] "GET /2019/06/19/young-civil-rights-marchers-with-american-flags-march-in-montgomery-1965/ HTTP/1.1" 200 12787 "-" "Mozilla/5.0 (Linux; Android 7.0;) AppleWebKit/537.36 (KHTML, like Gecko) Mobile Safari/537.36 (compatible; PetalBot;+https://webmaster.petalsearch.com/site/petalbot)"
148.251.8.250 - - [11/Jul/2021:03:10:58 -0400] "GET /2020/06/05/ HTTP/1.1" 200 12192 "-" "Mozilla/5.0 (compatible; MJ12bot/v1.4.8; http://mj12bot.com/)"
148.251.8.250 - - [11/Jul/2021:03:11:07 -0400] "GET /2020/06/05/martin-luther-king-with-his-son-removing-a-burnt-cross-from-their-front-yard-1960-u-s-605-x-539/feed/ HTTP/1.1" 200 6705 "-" "Mozilla/5.0 (compatible; MJ12bot/v1.4.8; http://mj12bot.com/)"
148.251.8.250 - - [11/Jul/2021:03:11:12 -0400] "GET /2020/08/23/1950s-ad-for-vynex/feed/ HTTP/1.1" 200 1085 "-" "Mozilla/5.0 (compatible; MJ12bot/v1.4.8; http://mj12bot.com/)"
148.251.8.250 - - [11/Jul/2021:03:11:19 -0400] "GET /2020/08/24/5000000-are-missing-set-them-free-poster-by-the-german-social-democrats-to-urge-the-allies-to-release-its-german-pows-1947/feed/ HTTP/1.1" 200 6741 "-" "Mozilla/5.0 (compatible; MJ12bot/v1.4.8; http://mj12bot.com/)"
148.251.8.250 - - [11/Jul/2021:03:11:23 -0400] "GET /2020/08/24/mcdonalds-muscle-shoals-florence-al-august-1972/feed/ HTTP/1.1" 200 1132 "-" "Mozilla/5.0 (compatible; MJ12bot/v1.4.8; http://mj12bot.com/)"
148.251.8.250 - - [11/Jul/2021:03:11:30 -0400] "GET /2020/08/24/walking-the-streets-of-new-york-by-stanley-kubrick-colorized-by-me/feed/ HTTP/1.1" 200 6668 "-" "Mozilla/5.0 (compatible; MJ12bot/v1.4.8; http://mj12bot.com/)"
148.251.8.250 - - [11/Jul/2021:03:11:35 -0400] "GET /2020/11/11/1937-japanese-poster-celebrating-italys-participation-on-the-anti-comintern-pact/feed/ HTTP/1.1" 200 1154 "-" "Mozilla/5.0 (compatible; MJ12bot/v1.4.8; http://mj12bot.com/)"
148.251.8.250 - - [11/Jul/2021:03:11:39 -0400] "GET /2020/11/11/girls-practicing-boxing-on-a-roof-top-in-1938-960741/feed/ HTTP/1.1" 200 1130 "-" "Mozilla/5.0 (compatible; MJ12bot/v1.4.8; http://mj12bot.com/)"
204.48.19.85 - - [11/Jul/2021:03:11:48 -0400] "POST /wp-cron.php?doing_wp_cron=1625987508.1540880203247070312500 HTTP/1.1" 200 6295 "https://ajhydell.com/wp-cron.php?doing_wp_cron=1625987508.1540880203247070312500" "WordPress/5.7.2; https://ajhydell.com"
148.251.8.250 - - [11/Jul/2021:03:11:48 -0400] "GET /2020/11/11/romania-1960s-do-not-interfere-with-works-for-which-you-have-no-qualification/feed/ HTTP/1.1" 200 6673 "-" "Mozilla/5.0 (compatible; MJ12bot/v1.4.8; http://mj12bot.com/)"
148.251.8.250 - - [11/Jul/2021:03:11:52 -0400] "GET /2020/11/12/1940-international-stake-bed-truck-san-francisco/feed/ HTTP/1.1" 200 1116 "-" "Mozilla/5.0 (compatible; MJ12bot/v1.4.8; http://mj12bot.com/)"
40.77.167.81 - - [11/Jul/2021:03:11:59 -0400] "GET /2019/07/15/ HTTP/1.1" 200 17704 "-" "Mozilla/5.0 (compatible; bingbot/2.0; +http://www.bing.com/bingbot.htm)"
40.77.167.81 - - [11/Jul/2021:03:12:00 -0400] "GET /wp-content/uploads/2020/08/picture-15-1024x801.jpg HTTP/1.1" 200 130579 "-" "Mozilla/5.0 (compatible; bingbot/2.0; +http://www.bing.com/bingbot.htm)"
148.251.8.250 - - [11/Jul/2021:03:12:01 -0400] "GET /2020/11/12/yugoslav-and-american-troops-in-the-free-territory-of-trieste-1947-4032x3024/feed/ HTTP/1.1" 200 6686 "-" "Mozilla/5.0 (compatible; MJ12bot/v1.4.8; http://mj12bot.com/)"
148.251.8.250 - - [11/Jul/2021:03:12:08 -0400] "GET /2021/01/29/east-german-border-guard-fires-at-a-fleeing-citizen-1989-1280x720/feed/ HTTP/1.1" 200 6679 "-" "Mozilla/5.0 (compatible; MJ12bot/v1.4.8; http://mj12bot.com/)"
148.251.8.250 - - [11/Jul/2021:03:12:12 -0400] "GET /2021/01/31/august-1943-comic-book/feed/ HTTP/1.1" 200 1087 "-" "Mozilla/5.0 (compatible; MJ12bot/v1.4.8; http://mj12bot.com/)"
148.251.8.250 - - [11/Jul/2021:03:12:21 -0400] "GET /2021/01/31/lets-melt-rubber-batons-into-condoms-moscow-ussr-1989/feed/ HTTP/1.1" 200 6673 "-" "Mozilla/5.0 (compatible; MJ12bot/v1.4.8; http://mj12bot.com/)"
148.251.8.250 - - [11/Jul/2021:03:12:28 -0400] "GET /2021/01/31/us-marine-somewhere-in-the-pacific-islands-wwii/feed/ HTTP/1.1" 200 6643 "-" "Mozilla/5.0 (compatible; MJ12bot/v1.4.8; http://mj12bot.com/)"
54.36.148.117 - - [11/Jul/2021:03:12:29 -0400] "GET /2018/10/12/us-army-troops-training-at-camp-edwards-massachusetts-united-states-circa-1942/ HTTP/1.1" 200 18784 "-" "Mozilla/5.0 (compatible; AhrefsBot/7.0; +http://ahrefs.com/robot/)"
148.251.8.250 - - [11/Jul/2021:03:12:31 -0400] "GET /2021/04/21/jester-wools-1947-uk/feed/ HTTP/1.1" 200 1094 "-" "Mozilla/5.0 (compatible; MJ12bot/v1.4.8; http://mj12bot.com/)"
148.251.8.250 - - [11/Jul/2021:03:12:41 -0400] "GET /2021/04/21/kane-tanaka-b-in-1903-at-her-118-years-old-is-the-only-living-human-that-was-alive-both-during-kitty-hawk-first-flight-on-earth-and-ingenuity-first-flight-on-mars/feed/ HTTP/1.1" 200 6768 "-" "Mozilla/5.0 (compatible; MJ12bot/v1.4.8; http://mj12bot.com/)"
204.48.19.85 - - [11/Jul/2021:03:12:48 -0400] "POST /wp-cron.php?doing_wp_cron=1625987568.7917320728302001953125 HTTP/1.1" 200 6295 "https://ajhydell.com/wp-cron.php?doing_wp_cron=1625987568.7917320728302001953125" "WordPress/5.7.2; https://ajhydell.com"
148.251.8.250 - - [11/Jul/2021:03:12:48 -0400] "GET /2021/04/21/marie-curie-circa-1920s/feed/ HTTP/1.1" 200 6616 "-" "Mozilla/5.0 (compatible; MJ12bot/v1.4.8; http://mj12bot.com/)"
148.251.8.250 - - [11/Jul/2021:03:12:53 -0400] "GET /2021/04/21/you-can-stop-this-man-1992-south-africa-asking-white-population-to-support-government-in-referendum-to-end-apartheid-juxtaposed-with-a-picture-of-a-right-wing-afrikaner-extremist-with-a-gun/feed/ HTTP/1.1" 200 1278 "-" "Mozilla/5.0 (compatible; MJ12bot/v1.4.8; http://mj12bot.com/)"
114.119.156.206 - - [11/Jul/2021:03:13:00 -0400] "GET /2020/02/06/an-iraqi-jewish-rabbi-sitting-with-a-group-of-youngsters-outside-ezekiels-tomb-in-al-kifl-iraq-1932 HTTP/1.1" 301 5862 "-" "Mozilla/5.0 (Linux; Android 7.0;) AppleWebKit/537.36 (KHTML, like Gecko) Mobile Safari/537.36 (compatible; PetalBot;+https://webmaster.petalsearch.com/site/petalbot)"
114.119.156.206 - - [11/Jul/2021:03:13:01 -0400] "GET /2020/02/06/an-iraqi-jewish-rabbi-sitting-with-a-group-of-youngsters-outside-ezekiels-tomb-in-al-kifl-iraq-1932/ HTTP/1.1" 200 13047 "-" "Mozilla/5.0 (Linux; Android 7.0;) AppleWebKit/537.36 (KHTML, like Gecko) Mobile Safari/537.36 (compatible; PetalBot;+https://webmaster.petalsearch.com/site/petalbot)"
148.251.8.250 - - [11/Jul/2021:03:13:01 -0400] "GET /2021/04/22/ HTTP/1.1" 200 19404 "-" "Mozilla/5.0 (compatible; MJ12bot/v1.4.8; http://mj12bot.com/)"
148.251.8.250 - - [11/Jul/2021:03:13:09 -0400] "GET /2021/04/22/queen-elizabeth-at-buckingham-palace-photograph-by-cecil-beaton-1942/feed/ HTTP/1.1" 200 6669 "-" "Mozilla/5.0 (compatible; MJ12bot/v1.4.8; http://mj12bot.com/)"
148.251.8.250 - - [11/Jul/2021:03:13:13 -0400] "GET /category/uncategorized/page/32/ HTTP/1.1" 200 14044 "-" "Mozilla/5.0 (compatible; MJ12bot/v1.4.8; http://mj12bot.com/)"
148.251.8.250 - - [11/Jul/2021:03:13:20 -0400] "GET /category/uncategorized/page/42/ HTTP/1.1" 200 19408 "-" "Mozilla/5.0 (compatible; MJ12bot/v1.4.8; http://mj12bot.com/)"
148.251.8.250 - - [11/Jul/2021:03:13:25 -0400] "GET /page/35/ HTTP/1.1" 200 14571 "-" "Mozilla/5.0 (compatible; MJ12bot/v1.4.8; http://mj12bot.com/)"
204.48.19.85 - - [11/Jul/2021:03:14:24 -0400] "POST /wp-cron.php?doing_wp_cron=1625987664.1863000392913818359375 HTTP/1.1" 200 6295 "https://ajhydell.com/wp-cron.php?doing_wp_cron=1625987664.1863000392913818359375" "WordPress/5.7.2; https://ajhydell.com"
114.119.156.206 - - [11/Jul/2021:03:14:24 -0400] "GET /2019/11/20/its-a-salad-its-a-dessert-kraft-philadelphia-cream-cheese-1950/ HTTP/1.1" 200 18078 "-" "Mozilla/5.0 (Linux; Android 7.0;) AppleWebKit/537.36 (KHTML, like Gecko) Mobile Safari/537.36 (compatible; PetalBot;+https://webmaster.petalsearch.com/site/petalbot)"
204.48.19.85 - - [11/Jul/2021:03:15:10 -0400] "POST /wp-cron.php?doing_wp_cron=1625987710.3975579738616943359375 HTTP/1.1" 200 6295 "https://ajhydell.com/wp-cron.php?doing_wp_cron=1625987710.3975579738616943359375" "WordPress/5.7.2; https://ajhydell.com"
114.119.143.168 - - [11/Jul/2021:03:15:10 -0400] "GET /2020/08/28/gi-from-68th-armored-infantry-battalion-takes-aim-at-a-german-sniper-in-the-church-spire-at-oberhoffen-february-1945 HTTP/1.1" 301 5879 "-" "Mozilla/5.0 (Linux; Android 7.0;) AppleWebKit/537.36 (KHTML, like Gecko) Mobile Safari/537.36 (compatible; PetalBot;+https://webmaster.petalsearch.com/site/petalbot)"
114.119.143.168 - - [11/Jul/2021:03:15:14 -0400] "GET /2020/08/28/gi-from-68th-armored-infantry-battalion-takes-aim-at-a-german-sniper-in-the-church-spire-at-oberhoffen-february-1945/ HTTP/1.1" 200 12928 "-" "Mozilla/5.0 (Linux; Android 7.0;) AppleWebKit/537.36 (KHTML, like Gecko) Mobile Safari/537.36 (compatible; PetalBot;+https://webmaster.petalsearch.com/site/petalbot)"
204.48.19.85 - - [11/Jul/2021:03:15:43 -0400] "POST /wp-cron.php?doing_wp_cron=1625987743.7711360454559326171875 HTTP/1.1" 200 6295 "https://ajhydell.com/wp-cron.php?doing_wp_cron=1625987743.7711360454559326171875" "WordPress/5.7.2; https://ajhydell.com"
157.55.39.106 - - [11/Jul/2021:03:15:43 -0400] "GET /2021/02/04/evolution-of-english-fashion-17th-century-then-sixteen-meters-of-fabric-and-one-kilogram-of-steel-were-spent-on-a-suit-xx-century-one-meter-of-fabric-and-hundreds-of-kilograms-of-steel-are-spe/ HTTP/1.1" 200 18617 "-" "Mozilla/5.0 (compatible; bingbot/2.0; +http://www.bing.com/bingbot.htm)"
204.48.19.85 - - [11/Jul/2021:03:17:32 -0400] "POST /wp-cron.php?doing_wp_cron=1625987852.8970139026641845703125 HTTP/1.1" 200 6295 "https://ajhydell.com/wp-cron.php?doing_wp_cron=1625987852.8970139026641845703125" "WordPress/5.7.2; https://ajhydell.com"
114.119.151.146 - - [11/Jul/2021:03:17:32 -0400] "GET /2021/04/11/1965-election-beauties-caricature-about-the-general-election-candidates-turkey-1965 HTTP/1.1" 301 5846 "-" "Mozilla/5.0 (Linux; Android 7.0;) AppleWebKit/537.36 (KHTML, like Gecko) Mobile Safari/537.36 (compatible; PetalBot;+https://webmaster.petalsearch.com/site/petalbot)"
114.119.151.146 - - [11/Jul/2021:03:17:33 -0400] "GET /2021/04/11/1965-election-beauties-caricature-about-the-general-election-candidates-turkey-1965/ HTTP/1.1" 200 13026 "-" "Mozilla/5.0 (Linux; Android 7.0;) AppleWebKit/537.36 (KHTML, like Gecko) Mobile Safari/537.36 (compatible; PetalBot;+https://webmaster.petalsearch.com/site/petalbot)"
204.48.19.85 - - [11/Jul/2021:03:19:19 -0400] "POST /wp-cron.php?doing_wp_cron=1625987959.0775818824768066406250 HTTP/1.1" 200 6295 "https://ajhydell.com/wp-cron.php?doing_wp_cron=1625987959.0775818824768066406250" "WordPress/5.7.2; https://ajhydell.com"
114.119.151.93 - - [11/Jul/2021:03:19:19 -0400] "GET /2021/03/21/american-troops-march-through-the-streets-of-a-british-port-town-on-their-way-to-the-docks-where-they-will-be-loaded-into-landing-craft-for-the-d-day-assault-in-june-of-1944-900x653-original-color HTTP/1.1" 301 5959 "-" "Mozilla/5.0 (Linux; Android 7.0;) AppleWebKit/537.36 (KHTML, like Gecko) Mobile Safari/537.36 (compatible; PetalBot;+https://webmaster.petalsearch.com/site/petalbot)"
114.119.151.93 - - [11/Jul/2021:03:19:20 -0400] "GET /2021/03/21/american-troops-march-through-the-streets-of-a-british-port-town-on-their-way-to-the-docks-where-they-will-be-loaded-into-landing-craft-for-the-d-day-assault-in-june-of-1944-900x653-original-color/ HTTP/1.1" 200 13219 "-" "Mozilla/5.0 (Linux; Android 7.0;) AppleWebKit/537.36 (KHTML, like Gecko) Mobile Safari/537.36 (compatible; PetalBot;+https://webmaster.petalsearch.com/site/petalbot)"
204.48.19.85 - - [11/Jul/2021:03:20:29 -0400] "POST /wp-cron.php?doing_wp_cron=1625988029.5285389423370361328125 HTTP/1.1" 200 6295 "https://ajhydell.com/wp-cron.php?doing_wp_cron=1625988029.5285389423370361328125" "WordPress/5.7.2; https://ajhydell.com"
5.255.253.148 - - [11/Jul/2021:03:20:29 -0400] "GET /robots.txt HTTP/1.1" 200 6535 "-" "Mozilla/5.0 (compatible; YandexBot/3.0; +http://yandex.com/bots)"
5.255.253.148 - - [11/Jul/2021:03:20:33 -0400] "GET /2019/08/29/exterminate-the-fascists-on-land-and-at-sea-date-unknown/ HTTP/1.1" 200 12688 "-" "Mozilla/5.0 (compatible; YandexBot/3.0; +http://yandex.com/bots)"
45.152.183.61 - - [11/Jul/2021:03:20:51 -0400] "GET /wp-content/uploads/2021/07/picture-42-1536x1014.jpg HTTP/1.1" 200 306256 "https://ajhydell.com/" "Mozilla/5.0 (Windows NT 10.0; rv:78.0) Gecko/20100101 Firefox/78.0"
204.48.19.85 - - [11/Jul/2021:03:21:27 -0400] "POST /wp-cron.php?doing_wp_cron=1625988087.6366190910339355468750 HTTP/1.1" 200 6295 "https://ajhydell.com/wp-cron.php?doing_wp_cron=1625988087.6366190910339355468750" "WordPress/5.7.2; https://ajhydell.com"
114.119.156.206 - - [11/Jul/2021:03:21:27 -0400] "GET /2020/06/06/did-not-age-well/ HTTP/1.1" 200 18134 "-" "Mozilla/5.0 (Linux; Android 7.0;) AppleWebKit/537.36 (KHTML, like Gecko) Mobile Safari/537.36 (compatible; PetalBot;+https://webmaster.petalsearch.com/site/petalbot)"
204.48.19.85 - - [11/Jul/2021:03:21:50 -0400] "POST /wp-cron.php?doing_wp_cron=1625988110.1782569885253906250000 HTTP/1.1" 200 6295 "https://ajhydell.com/wp-cron.php?doing_wp_cron=1625988110.1782569885253906250000" "WordPress/5.7.2; https://ajhydell.com"
54.36.148.117 - - [11/Jul/2021:03:21:50 -0400] "GET /2019/04/06/butcher-shop-high-wycombe-england-1938-1125-x-1692/ HTTP/1.1" 200 18658 "-" "Mozilla/5.0 (compatible; AhrefsBot/7.0; +http://ahrefs.com/robot/)"
207.46.13.70 - - [11/Jul/2021:03:22:17 -0400] "GET /wp-content/uploads/2019/08/picture-84.jpg HTTP/1.1" 200 743582 "-" "Mozilla/5.0 (compatible; bingbot/2.0; +http://www.bing.com/bingbot.htm)"
114.119.138.170 - - [11/Jul/2021:03:22:18 -0400] "GET /2019/06/20/crowd-in-berlin-celebrating-start-of-war-they-holding-portraits-of-german-emperor-wilhelm-and-austro-hungarian-emperor-franz-joseph-august-1914-1000x666 HTTP/1.1" 301 5915 "-" "Mozilla/5.0 (Linux; Android 7.0;) AppleWebKit/537.36 (KHTML, like Gecko) Mobile Safari/537.36 (compatible; PetalBot;+https://webmaster.petalsearch.com/site/petalbot)"
114.119.138.170 - - [11/Jul/2021:03:22:19 -0400] "GET /2019/06/20/crowd-in-berlin-celebrating-start-of-war-they-holding-portraits-of-german-emperor-wilhelm-and-austro-hungarian-emperor-franz-joseph-august-1914-1000x666/ HTTP/1.1" 200 12995 "-" "Mozilla/5.0 (Linux; Android 7.0;) AppleWebKit/537.36 (KHTML, like Gecko) Mobile Safari/537.36 (compatible; PetalBot;+https://webmaster.petalsearch.com/site/petalbot)"
114.119.156.206 - - [11/Jul/2021:03:22:42 -0400] "GET /2019/09/18/maybelline-kissing-glosses-1983-model-is-deborah-foreman-from-movie-valley-girl/ HTTP/1.1" 200 18152 "-" "Mozilla/5.0 (Linux; Android 7.0;) AppleWebKit/537.36 (KHTML, like Gecko) Mobile Safari/537.36 (compatible; PetalBot;+https://webmaster.petalsearch.com/site/petalbot)"
18.197.18.220 - - [11/Jul/2021:03:23:01 -0400] "GET /wp-content/uploads/2020/11/picture-51.jpg HTTP/1.1" 200 4204971 "-" "-"
204.48.19.85 - - [11/Jul/2021:03:23:16 -0400] "POST /wp-cron.php?doing_wp_cron=1625988196.0177121162414550781250 HTTP/1.1" 200 6295 "https://ajhydell.com/wp-cron.php?doing_wp_cron=1625988196.0177121162414550781250" "WordPress/5.7.2; https://ajhydell.com"
23.100.232.233 - - [11/Jul/2021:03:23:15 -0400] "GET /2018/08/20/wehrmacht-soldier-with-a-mg-42-on-the-eastern-front-1943/ HTTP/1.1" 200 18405 "-" "Mozilla/5.0 (compatible; MSIE 9.0; Windows NT 6.1; Trident/5.0;  Trident/5.0)"
23.100.232.233 - - [11/Jul/2021:03:23:16 -0400] "GET /wp-content/plugins/add-expires-headers/cache/0/com/processed-header-f16a8d323e83e1bc1b76514e283fb81b7090a959.min.css HTTP/1.1" 200 52893 "https://ajhydell.com/2018/08/20/wehrmacht-soldier-with-a-mg-42-on-the-eastern-front-1943/" "Mozilla/5.0 (compatible; MSIE 9.0; Windows NT 6.1; Trident/5.0;  Trident/5.0)"
23.100.232.233 - - [11/Jul/2021:03:23:16 -0400] "GET /wp-content/plugins/google-analytics-for-wordpress/assets/js/frontend-gtag.min.js?ver=7.17.0 HTTP/1.1" 200 3476 "https://ajhydell.com/2018/08/20/wehrmacht-soldier-with-a-mg-42-on-the-eastern-front-1943/" "Mozilla/5.0 (compatible; MSIE 9.0; Windows NT 6.1; Trident/5.0;  Trident/5.0)"
23.100.232.233 - - [11/Jul/2021:03:23:16 -0400] "GET /wp-includes/js/jquery/jquery.min.js?ver=3.5.1 HTTP/1.1" 200 31550 "https://ajhydell.com/2018/08/20/wehrmacht-soldier-with-a-mg-42-on-the-eastern-front-1943/" "Mozilla/5.0 (compatible; MSIE 9.0; Windows NT 6.1; Trident/5.0;  Trident/5.0)"
23.100.232.233 - - [11/Jul/2021:03:23:16 -0400] "GET /wp-includes/js/jquery/jquery-migrate.min.js?ver=3.3.2 HTTP/1.1" 200 4687 "https://ajhydell.com/2018/08/20/wehrmacht-soldier-with-a-mg-42-on-the-eastern-front-1943/" "Mozilla/5.0 (compatible; MSIE 9.0; Windows NT 6.1; Trident/5.0;  Trident/5.0)"
23.100.232.233 - - [11/Jul/2021:03:23:17 -0400] "GET /wp-includes/js/wp-emoji-release.min.js?ver=5.7.2 HTTP/1.1" 200 5183 "https://ajhydell.com/2018/08/20/wehrmacht-soldier-with-a-mg-42-on-the-eastern-front-1943/" "Mozilla/5.0 (compatible; MSIE 9.0; Windows NT 6.1; Trident/5.0;  Trident/5.0)"
23.100.232.233 - - [11/Jul/2021:03:23:17 -0400] "GET /wp-content/plugins/wp-smushit/app/assets/js/smush-lazy-load.min.js?ver=3.8.7 HTTP/1.1" 200 4207 "https://ajhydell.com/2018/08/20/wehrmacht-soldier-with-a-mg-42-on-the-eastern-front-1943/" "Mozilla/5.0 (compatible; MSIE 9.0; Windows NT 6.1; Trident/5.0;  Trident/5.0)"
23.100.232.233 - - [11/Jul/2021:03:23:17 -0400] "GET /wp-content/themes/royal-magazine/js/skip-link-focus-fix.js?ver=20151215 HTTP/1.1" 200 933 "https://ajhydell.com/2018/08/20/wehrmacht-soldier-with-a-mg-42-on-the-eastern-front-1943/" "Mozilla/5.0 (compatible; MSIE 9.0; Windows NT 6.1; Trident/5.0;  Trident/5.0)"
23.100.232.233 - - [11/Jul/2021:03:23:17 -0400] "GET /wp-content/themes/royal-magazine/js/navigation.js?ver=20151215 HTTP/1.1" 200 1349 "https://ajhydell.com/2018/08/20/wehrmacht-soldier-with-a-mg-42-on-the-eastern-front-1943/" "Mozilla/5.0 (compatible; MSIE 9.0; Windows NT 6.1; Trident/5.0;  Trident/5.0)"
23.100.232.233 - - [11/Jul/2021:03:23:17 -0400] "GET /wp-content/themes/royal-magazine/assets/libraries/marquee/jquery.marquee.js?ver=5.7.2 HTTP/1.1" 200 5103 "https://ajhydell.com/2018/08/20/wehrmacht-soldier-with-a-mg-42-on-the-eastern-front-1943/" "Mozilla/5.0 (compatible; MSIE 9.0; Windows NT 6.1; Trident/5.0;  Trident/5.0)"
23.100.232.233 - - [11/Jul/2021:03:23:17 -0400] "GET /wp-content/themes/royal-magazine/assets/libraries/bootstrap/js/bootstrap.min.js?ver=5.7.2 HTTP/1.1" 200 10404 "https://ajhydell.com/2018/08/20/wehrmacht-soldier-with-a-mg-42-on-the-eastern-front-1943/" "Mozilla/5.0 (compatible; MSIE 9.0; Windows NT 6.1; Trident/5.0;  Trident/5.0)"
23.100.232.233 - - [11/Jul/2021:03:23:17 -0400] "GET /wp-content/themes/royal-magazine/assets/twp/js/custom-script.js?ver=5.7.2 HTTP/1.1" 200 3023 "https://ajhydell.com/2018/08/20/wehrmacht-soldier-with-a-mg-42-on-the-eastern-front-1943/" "Mozilla/5.0 (compatible; MSIE 9.0; Windows NT 6.1; Trident/5.0;  Trident/5.0)"
23.100.232.233 - - [11/Jul/2021:03:23:17 -0400] "GET /wp-content/themes/royal-magazine/assets/libraries/magnific-popup/jquery.magnific-popup.min.js?ver=5.7.2 HTTP/1.1" 200 7871 "https://ajhydell.com/2018/08/20/wehrmacht-soldier-with-a-mg-42-on-the-eastern-front-1943/" "Mozilla/5.0 (compatible; MSIE 9.0; Windows NT 6.1; Trident/5.0;  Trident/5.0)"
23.100.232.233 - - [11/Jul/2021:03:23:17 -0400] "GET /wp-content/plugins/facebook-pagelike-widget/fb.js?ver=1.0 HTTP/1.1" 200 821 "https://ajhydell.com/2018/08/20/wehrmacht-soldier-with-a-mg-42-on-the-eastern-front-1943/" "Mozilla/5.0 (compatible; MSIE 9.0; Windows NT 6.1; Trident/5.0;  Trident/5.0)"
23.100.232.233 - - [11/Jul/2021:03:23:17 -0400] "GET /wp-content/themes/royal-magazine/assets/libraries/slick/js/slick.min.js?ver=5.7.2 HTTP/1.1" 200 10740 "https://ajhydell.com/2018/08/20/wehrmacht-soldier-with-a-mg-42-on-the-eastern-front-1943/" "Mozilla/5.0 (compatible; MSIE 9.0; Windows NT 6.1; Trident/5.0;  Trident/5.0)"
23.100.232.233 - - [11/Jul/2021:03:23:18 -0400] "GET /wp-includes/js/wp-embed.min.js?ver=5.7.2 HTTP/1.1" 200 1221 "https://ajhydell.com/2018/08/20/wehrmacht-soldier-with-a-mg-42-on-the-eastern-front-1943/" "Mozilla/5.0 (compatible; MSIE 9.0; Windows NT 6.1; Trident/5.0;  Trident/5.0)"
23.100.232.233 - - [11/Jul/2021:03:23:18 -0400] "GET /wp-content/themes/royal-magazine/assets/libraries/theiaStickySidebar/theia-sticky-sidebar.min.js?ver=5.7.2 HTTP/1.1" 200 2271 "https://ajhydell.com/2018/08/20/wehrmacht-soldier-with-a-mg-42-on-the-eastern-front-1943/" "Mozilla/5.0 (compatible; MSIE 9.0; Windows NT 6.1; Trident/5.0;  Trident/5.0)"
23.100.232.233 - - [11/Jul/2021:03:23:18 -0400] "GET /?wordfence_lh=1&hid=F2695CC56E4CF7E4CB1528A66C21A75F&r=0.3513393256411045 HTTP/1.1" 200 357 "https://ajhydell.com/2018/08/20/wehrmacht-soldier-with-a-mg-42-on-the-eastern-front-1943/" "Mozilla/5.0 (compatible; MSIE 9.0; Windows NT 6.1; Trident/5.0;  Trident/5.0)"
204.48.19.85 - - [11/Jul/2021:03:24:08 -0400] "POST /wp-cron.php?doing_wp_cron=1625988248.9289839267730712890625 HTTP/1.1" 200 6295 "https://ajhydell.com/wp-cron.php?doing_wp_cron=1625988248.9289839267730712890625" "WordPress/5.7.2; https://ajhydell.com"
114.119.133.236 - - [11/Jul/2021:03:24:08 -0400] "GET /2019/06 HTTP/1.1" 301 5928 "-" "Mozilla/5.0 (Linux; Android 7.0;) AppleWebKit/537.36 (KHTML, like Gecko) Mobile Safari/537.36 (compatible; PetalBot;+https://webmaster.petalsearch.com/site/petalbot)"
114.119.133.236 - - [11/Jul/2021:03:24:09 -0400] "GET /2019/06/ HTTP/1.1" 200 13859 "-" "Mozilla/5.0 (Linux; Android 7.0;) AppleWebKit/537.36 (KHTML, like Gecko) Mobile Safari/537.36 (compatible; PetalBot;+https://webmaster.petalsearch.com/site/petalbot)"
114.119.133.236 - - [11/Jul/2021:03:24:09 -0400] "GET /wp-content/plugins/add-expires-headers/cache/0/com/processed-header-f16a8d323e83e1bc1b76514e283fb81b7090a959.min.css HTTP/1.1" 200 52762 "https://ajhydell.com/2019/06/" "Mozilla/5.0 (Linux; Android 7.0;) AppleWebKit/537.36 (KHTML, like Gecko) Mobile Safari/537.36 (compatible; PetalBot;+https://webmaster.petalsearch.com/site/petalbot)"
114.119.133.236 - - [11/Jul/2021:03:24:10 -0400] "GET /wp-content/plugins/google-analytics-for-wordpress/assets/js/frontend-gtag.min.js?ver=7.17.0 HTTP/1.1" 200 3437 "https://ajhydell.com/2019/06/" "Mozilla/5.0 (Linux; Android 7.0;) AppleWebKit/537.36 (KHTML, like Gecko) Mobile Safari/537.36 (compatible; PetalBot;+https://webmaster.petalsearch.com/site/petalbot)"
114.119.133.236 - - [11/Jul/2021:03:24:10 -0400] "GET /wp-includes/js/jquery/jquery.min.js?ver=3.5.1 HTTP/1.1" 200 31617 "https://ajhydell.com/2019/06/" "Mozilla/5.0 (Linux; Android 7.0;) AppleWebKit/537.36 (KHTML, like Gecko) Mobile Safari/537.36 (compatible; PetalBot;+https://webmaster.petalsearch.com/site/petalbot)"
114.119.133.236 - - [11/Jul/2021:03:24:10 -0400] "GET /wp-includes/js/jquery/jquery-migrate.min.js?ver=3.3.2 HTTP/1.1" 200 4805 "https://ajhydell.com/2019/06/" "Mozilla/5.0 (Linux; Android 7.0;) AppleWebKit/537.36 (KHTML, like Gecko) Mobile Safari/537.36 (compatible; PetalBot;+https://webmaster.petalsearch.com/site/petalbot)"
114.119.133.236 - - [11/Jul/2021:03:24:10 -0400] "GET /wp-content/plugins/wp-smushit/app/assets/js/smush-lazy-load.min.js?ver=3.8.7 HTTP/1.1" 200 4320 "https://ajhydell.com/2019/06/" "Mozilla/5.0 (Linux; Android 7.0;) AppleWebKit/537.36 (KHTML, like Gecko) Mobile Safari/537.36 (compatible; PetalBot;+https://webmaster.petalsearch.com/site/petalbot)"
114.119.133.236 - - [11/Jul/2021:03:24:10 -0400] "GET /wp-content/themes/royal-magazine/js/navigation.js?ver=20151215 HTTP/1.1" 200 1481 "https://ajhydell.com/2019/06/" "Mozilla/5.0 (Linux; Android 7.0;) AppleWebKit/537.36 (KHTML, like Gecko) Mobile Safari/537.36 (compatible; PetalBot;+https://webmaster.petalsearch.com/site/petalbot)"
114.119.133.236 - - [11/Jul/2021:03:24:10 -0400] "GET /wp-content/themes/royal-magazine/js/skip-link-focus-fix.js?ver=20151215 HTTP/1.1" 200 923 "https://ajhydell.com/2019/06/" "Mozilla/5.0 (Linux; Android 7.0;) AppleWebKit/537.36 (KHTML, like Gecko) Mobile Safari/537.36 (compatible; PetalBot;+https://webmaster.petalsearch.com/site/petalbot)"
114.119.133.236 - - [11/Jul/2021:03:24:10 -0400] "GET /wp-content/themes/royal-magazine/assets/libraries/slick/js/slick.min.js?ver=5.7.2 HTTP/1.1" 200 10686 "https://ajhydell.com/2019/06/" "Mozilla/5.0 (Linux; Android 7.0;) AppleWebKit/537.36 (KHTML, like Gecko) Mobile Safari/537.36 (compatible; PetalBot;+https://webmaster.petalsearch.com/site/petalbot)"
114.119.133.236 - - [11/Jul/2021:03:24:10 -0400] "GET /wp-content/themes/royal-magazine/assets/libraries/bootstrap/js/bootstrap.min.js?ver=5.7.2 HTTP/1.1" 200 10346 "https://ajhydell.com/2019/06/" "Mozilla/5.0 (Linux; Android 7.0;) AppleWebKit/537.36 (KHTML, like Gecko) Mobile Safari/537.36 (compatible; PetalBot;+https://webmaster.petalsearch.com/site/petalbot)"
114.119.133.236 - - [11/Jul/2021:03:24:10 -0400] "GET /wp-content/themes/royal-magazine/assets/libraries/marquee/jquery.marquee.js?ver=5.7.2 HTTP/1.1" 200 5068 "https://ajhydell.com/2019/06/" "Mozilla/5.0 (Linux; Android 7.0;) AppleWebKit/537.36 (KHTML, like Gecko) Mobile Safari/537.36 (compatible; PetalBot;+https://webmaster.petalsearch.com/site/petalbot)"
114.119.133.236 - - [11/Jul/2021:03:24:10 -0400] "GET /wp-content/themes/royal-magazine/assets/libraries/theiaStickySidebar/theia-sticky-sidebar.min.js?ver=5.7.2 HTTP/1.1" 200 2233 "https://ajhydell.com/2019/06/" "Mozilla/5.0 (Linux; Android 7.0;) AppleWebKit/537.36 (KHTML, like Gecko) Mobile Safari/537.36 (compatible; PetalBot;+https://webmaster.petalsearch.com/site/petalbot)"
114.119.133.236 - - [11/Jul/2021:03:24:10 -0400] "GET /wp-content/themes/royal-magazine/assets/libraries/magnific-popup/jquery.magnific-popup.min.js?ver=5.7.2 HTTP/1.1" 200 7835 "https://ajhydell.com/2019/06/" "Mozilla/5.0 (Linux; Android 7.0;) AppleWebKit/537.36 (KHTML, like Gecko) Mobile Safari/537.36 (compatible; PetalBot;+https://webmaster.petalsearch.com/site/petalbot)"
114.119.133.236 - - [11/Jul/2021:03:24:10 -0400] "GET /wp-content/themes/royal-magazine/assets/twp/js/custom-script.js?ver=5.7.2 HTTP/1.1" 200 2992 "https://ajhydell.com/2019/06/" "Mozilla/5.0 (Linux; Android 7.0;) AppleWebKit/537.36 (KHTML, like Gecko) Mobile Safari/537.36 (compatible; PetalBot;+https://webmaster.petalsearch.com/site/petalbot)"
114.119.133.236 - - [11/Jul/2021:03:24:10 -0400] "GET /wp-includes/js/wp-embed.min.js?ver=5.7.2 HTTP/1.1" 200 1208 "https://ajhydell.com/2019/06/" "Mozilla/5.0 (Linux; Android 7.0;) AppleWebKit/537.36 (KHTML, like Gecko) Mobile Safari/537.36 (compatible; PetalBot;+https://webmaster.petalsearch.com/site/petalbot)"
114.119.133.236 - - [11/Jul/2021:03:24:10 -0400] "GET /wp-content/plugins/facebook-pagelike-widget/fb.js?ver=1.0 HTTP/1.1" 200 809 "https://ajhydell.com/2019/06/" "Mozilla/5.0 (Linux; Android 7.0;) AppleWebKit/537.36 (KHTML, like Gecko) Mobile Safari/537.36 (compatible; PetalBot;+https://webmaster.petalsearch.com/site/petalbot)"
114.119.133.236 - - [11/Jul/2021:03:24:10 -0400] "GET /wp-includes/js/wp-emoji-release.min.js?ver=5.7.2 HTTP/1.1" 200 5149 "https://ajhydell.com/2019/06/" "Mozilla/5.0 (Linux; Android 7.0;) AppleWebKit/537.36 (KHTML, like Gecko) Mobile Safari/537.36 (compatible; PetalBot;+https://webmaster.petalsearch.com/site/petalbot)"
114.119.133.236 - - [11/Jul/2021:03:24:10 -0400] "GET /?wordfence_lh=1&hid=04ED09AB508ED8FDA05154BAC4773A10&r=0.8165827661194165 HTTP/1.1" 200 346 "https://ajhydell.com/2019/06/" "Mozilla/5.0 (Linux; Android 7.0;) AppleWebKit/537.36 (KHTML, like Gecko) Mobile Safari/537.36 (compatible; PetalBot;+https://webmaster.petalsearch.com/site/petalbot)"
114.119.133.236 - - [11/Jul/2021:03:24:10 -0400] "GET /wp-content/themes/royal-magazine/assets/libraries/ionicons/fonts/ionicons.ttf HTTP/1.1" 200 189142 "https://ajhydell.com/wp-content/plugins/add-expires-headers/cache/0/com/processed-header-f16a8d323e83e1bc1b76514e283fb81b7090a959.min.css" "Mozilla/5.0 (Linux; Android 7.0;) AppleWebKit/537.36 (KHTML, like Gecko) Mobile Safari/537.36 (compatible; PetalBot;+https://webmaster.petalsearch.com/site/petalbot)"
66.249.92.69 - - [11/Jul/2021:03:24:32 -0400] "GET /2019/06/ HTTP/1.1" 200 19928 "-" "Mediapartners-Google"
66.249.92.69 - - [11/Jul/2021:03:24:33 -0400] "GET /2019/06/ HTTP/1.1" 200 13932 "-" "Mediapartners-Google"
185.191.171.12 - - [11/Jul/2021:03:24:42 -0400] "GET /robots.txt HTTP/1.1" 200 6480 "-" "Mozilla/5.0 (compatible; SemrushBot/7~bl; +http://www.semrush.com/bot.html)"
185.191.171.21 - - [11/Jul/2021:03:24:43 -0400] "GET /2021/07/02/ HTTP/1.1" 200 18626 "-" "Mozilla/5.0 (compatible; SemrushBot/7~bl; +http://www.semrush.com/bot.html)"
18.197.18.220 - - [11/Jul/2021:03:25:51 -0400] "GET /wp-content/uploads/2020/11/picture-25.jpg HTTP/1.1" 200 86898 "-" "-"
204.48.19.85 - - [11/Jul/2021:03:26:00 -0400] "POST /wp-cron.php?doing_wp_cron=1625988360.1344919204711914062500 HTTP/1.1" 200 6295 "https://ajhydell.com/wp-cron.php?doing_wp_cron=1625988360.1344919204711914062500" "WordPress/5.7.2; https://ajhydell.com"
185.191.171.8 - - [11/Jul/2021:03:26:00 -0400] "GET /2021/01/05/anti-iraq-poster-daily-mirror-2003/ HTTP/1.1" 200 18679 "-" "Mozilla/5.0 (compatible; SemrushBot/7~bl; +http://www.semrush.com/bot.html)"
114.119.151.146 - - [11/Jul/2021:03:26:39 -0400] "GET /2018/09/page/12 HTTP/1.1" 301 5722 "-" "Mozilla/5.0 (Linux; Android 7.0;) AppleWebKit/537.36 (KHTML, like Gecko) Mobile Safari/537.36 (compatible; PetalBot;+https://webmaster.petalsearch.com/site/petalbot)"
114.119.151.146 - - [11/Jul/2021:03:26:44 -0400] "GET /2018/09/page/12/ HTTP/1.1" 200 14228 "-" "Mozilla/5.0 (Linux; Android 7.0;) AppleWebKit/537.36 (KHTML, like Gecko) Mobile Safari/537.36 (compatible; PetalBot;+https://webmaster.petalsearch.com/site/petalbot)"
157.55.39.62 - - [11/Jul/2021:03:27:02 -0400] "GET /wp-content/uploads/2021/02/picture-22.jpg HTTP/1.1" 200 4709373 "-" "Mozilla/5.0 (compatible; bingbot/2.0; +http://www.bing.com/bingbot.htm)"
204.48.19.85 - - [11/Jul/2021:03:27:35 -0400] "POST /wp-cron.php?doing_wp_cron=1625988455.3425490856170654296875 HTTP/1.1" 200 6295 "https://ajhydell.com/wp-cron.php?doing_wp_cron=1625988455.3425490856170654296875" "WordPress/5.7.2; https://ajhydell.com"
114.119.143.168 - - [11/Jul/2021:03:27:35 -0400] "GET /2019/06/22/jap-youre-next-well-finish-the-job-usa-1943-45/ HTTP/1.1" 200 18165 "-" "Mozilla/5.0 (Linux; Android 7.0;) AppleWebKit/537.36 (KHTML, like Gecko) Mobile Safari/537.36 (compatible; PetalBot;+https://webmaster.petalsearch.com/site/petalbot)"
66.249.66.132 - - [11/Jul/2021:03:29:18 -0400] "GET /robots.txt HTTP/1.1" 200 6517 "-" "Mozilla/5.0 (compatible; Googlebot/2.1; +http://www.google.com/bot.html)"
204.48.19.85 - - [11/Jul/2021:03:29:18 -0400] "POST /wp-cron.php?doing_wp_cron=1625988558.4583799839019775390625 HTTP/1.1" 200 6295 "https://ajhydell.com/wp-cron.php?doing_wp_cron=1625988558.4583799839019775390625" "WordPress/5.7.2; https://ajhydell.com"
66.249.66.132 - - [11/Jul/2021:03:29:18 -0400] "GET /feed/ HTTP/1.1" 200 8306 "-" "Mozilla/5.0 (compatible; Googlebot/2.1; +http://www.google.com/bot.html)"
114.119.147.211 - - [11/Jul/2021:03:29:25 -0400] "GET /2021/07/02/american-officer-points-his-m1911-pistol-at-german-soldier-that-just-surrendered-near-bastogne-belgium-during-the-battle-of-the-bulge-december-1944/ HTTP/1.1" 200 18188 "-" "Mozilla/5.0 (Linux; Android 7.0;) AppleWebKit/537.36 (KHTML, like Gecko) Mobile Safari/537.36 (compatible; PetalBot;+https://webmaster.petalsearch.com/site/petalbot)"
204.48.19.85 - - [11/Jul/2021:03:30:38 -0400] "POST /wp-cron.php?doing_wp_cron=1625988638.4994928836822509765625 HTTP/1.1" 200 6295 "https://ajhydell.com/wp-cron.php?doing_wp_cron=1625988638.4994928836822509765625" "WordPress/5.7.2; https://ajhydell.com"
114.119.143.168 - - [11/Jul/2021:03:30:38 -0400] "GET /2019/07/16/the-crown-prince-of-siam-little-prince-in-the-king-and-i-1865-colorized-900-x-717 HTTP/1.1" 301 5844 "-" "Mozilla/5.0 (Linux; Android 7.0;) AppleWebKit/537.36 (KHTML, like Gecko) Mobile Safari/537.36 (compatible; PetalBot;+https://webmaster.petalsearch.com/site/petalbot)"
114.119.143.168 - - [11/Jul/2021:03:30:39 -0400] "GET /2019/07/16/the-crown-prince-of-siam-little-prince-in-the-king-and-i-1865-colorized-900-x-717/ HTTP/1.1" 200 12879 "-" "Mozilla/5.0 (Linux; Android 7.0;) AppleWebKit/537.36 (KHTML, like Gecko) Mobile Safari/537.36 (compatible; PetalBot;+https://webmaster.petalsearch.com/site/petalbot)"
54.36.148.117 - - [11/Jul/2021:03:30:42 -0400] "GET /2019/05/09/queen-elizabeth-on-her-throne-after-her-coronation1952-539-x-810/ HTTP/1.1" 200 18671 "-" "Mozilla/5.0 (compatible; AhrefsBot/7.0; +http://ahrefs.com/robot/)"
204.48.19.85 - - [11/Jul/2021:03:32:00 -0400] "POST /wp-cron.php?doing_wp_cron=1625988720.4395189285278320312500 HTTP/1.1" 200 6295 "https://ajhydell.com/wp-cron.php?doing_wp_cron=1625988720.4395189285278320312500" "WordPress/5.7.2; https://ajhydell.com"
40.77.167.7 - - [11/Jul/2021:03:32:00 -0400] "GET /2020/05/05/75-years-ago-today-4th-may-1945-hans-georg-von-friedeburg-signs-the-surrender-of-the-german-armed-forces-in-montgomerys-tent-color-by-christos-kaplanis/ HTTP/1.1" 200 18511 "-" "Mozilla/5.0 (compatible; bingbot/2.0; +http://www.bing.com/bingbot.htm)"
204.48.19.85 - - [11/Jul/2021:03:33:31 -0400] "POST /wp-cron.php?doing_wp_cron=1625988811.0766310691833496093750 HTTP/1.1" 200 6295 "https://ajhydell.com/wp-cron.php?doing_wp_cron=1625988811.0766310691833496093750" "WordPress/5.7.2; https://ajhydell.com"
114.119.151.146 - - [11/Jul/2021:03:33:31 -0400] "GET /2018/10/09/one-bullet-for-every-german-poland-1944/ HTTP/1.1" 200 18036 "-" "Mozilla/5.0 (Linux; Android 7.0;) AppleWebKit/537.36 (KHTML, like Gecko) Mobile Safari/537.36 (compatible; PetalBot;+https://webmaster.petalsearch.com/site/petalbot)"
174.30.198.35 - - [11/Jul/2021:03:33:36 -0400] "GET /wp-content/uploads/2020/11/picture-111.jpg HTTP/1.1" 200 1944590 "https://search.aol.com/" "Mozilla/5.0 (Macintosh; Intel Mac OS X 10_15_6) AppleWebKit/605.1.15 (KHTML, like Gecko) Version/14.1.1 Safari/605.1.15"
66.249.66.134 - - [11/Jul/2021:03:33:45 -0400] "GET /wp-content/plugins/facebook-pagelike-widget/loader.gif HTTP/1.1" 304 6271 "-" "Googlebot-Image/1.0"
66.249.66.132 - - [11/Jul/2021:03:33:58 -0400] "GET /wp-content/uploads/2018/08/cropped-logo-32x32.jpg HTTP/1.1" 304 6270 "-" "Googlebot-Image/1.0"
66.249.66.134 - - [11/Jul/2021:03:34:16 -0400] "GET /wp-content/uploads/2018/08/picture-3-150x150.jpg HTTP/1.1" 304 6271 "-" "Googlebot-Image/1.0"
40.77.167.7 - - [11/Jul/2021:03:34:26 -0400] "GET /wp-content/uploads/2020/04/picture-85.jpg HTTP/1.1" 200 344434 "-" "Mozilla/5.0 (compatible; bingbot/2.0; +http://www.bing.com/bingbot.htm)"
66.249.66.132 - - [11/Jul/2021:03:34:37 -0400] "GET /wp-content/uploads/2021/05/picture-62.jpg HTTP/1.1" 200 39229 "-" "Googlebot-Image/1.0"
204.48.19.85 - - [11/Jul/2021:03:34:59 -0400] "POST /wp-cron.php?doing_wp_cron=1625988899.4469490051269531250000 HTTP/1.1" 200 6295 "https://ajhydell.com/wp-cron.php?doing_wp_cron=1625988899.4469490051269531250000" "WordPress/5.7.2; https://ajhydell.com"
114.119.151.93 - - [11/Jul/2021:03:34:59 -0400] "GET /2021/02/21/guests-enjoy-tea-pudding-and-cigarettes-in-the-dining-room-of-the-canadian-pacific-railways-palliser-hotel-calgary-alberta-late-1940s-800-x-1156/ HTTP/1.1" 200 18294 "-" "Mozilla/5.0 (Linux; Android 7.0;) AppleWebKit/537.36 (KHTML, like Gecko) Mobile Safari/537.36 (compatible; PetalBot;+https://webmaster.petalsearch.com/site/petalbot)"
207.46.13.67 - - [11/Jul/2021:03:36:40 -0400] "GET /wp-content/uploads/2018/09/picture-1.jpg HTTP/1.1" 200 123415 "-" "Mozilla/5.0 (compatible; bingbot/2.0; +http://www.bing.com/bingbot.htm)"
204.48.19.85 - - [11/Jul/2021:03:36:40 -0400] "POST /wp-cron.php?doing_wp_cron=1625989000.2826149463653564453125 HTTP/1.1" 200 6295 "https://ajhydell.com/wp-cron.php?doing_wp_cron=1625989000.2826149463653564453125" "WordPress/5.7.2; https://ajhydell.com"
114.119.143.168 - - [11/Jul/2021:03:36:40 -0400] "GET /2020/08/14/either-helping-someone-into-or-out-of-a-tree HTTP/1.1" 301 5807 "-" "Mozilla/5.0 (Linux; Android 7.0;) AppleWebKit/537.36 (KHTML, like Gecko) Mobile Safari/537.36 (compatible; PetalBot;+https://webmaster.petalsearch.com/site/petalbot)"
114.119.143.168 - - [11/Jul/2021:03:36:43 -0400] "GET /2020/08/14/either-helping-someone-into-or-out-of-a-tree/ HTTP/1.1" 200 12907 "-" "Mozilla/5.0 (Linux; Android 7.0;) AppleWebKit/537.36 (KHTML, like Gecko) Mobile Safari/537.36 (compatible; PetalBot;+https://webmaster.petalsearch.com/site/petalbot)"
204.48.19.85 - - [11/Jul/2021:03:37:40 -0400] "POST /wp-cron.php?doing_wp_cron=1625989060.0316390991210937500000 HTTP/1.1" 200 6295 "https://ajhydell.com/wp-cron.php?doing_wp_cron=1625989060.0316390991210937500000" "WordPress/5.7.2; https://ajhydell.com"
34.201.147.58 - - [11/Jul/2021:03:37:39 -0400] "HEAD / HTTP/1.1" 200 5715 "-" "scalaj-http/2.4.2"
34.201.147.58 - - [11/Jul/2021:03:37:40 -0400] "GET / HTTP/1.1" 200 19712 "-" "Buck/2.2; (+https://app.hypefactors.com/media-monitoring/about.html)"
34.201.147.58 - - [11/Jul/2021:03:37:42 -0400] "GET /robots.txt HTTP/1.1" 200 5901 "-" "Buck/2.2; (+https://app.hypefactors.com/media-monitoring/about.html)"
204.48.19.85 - - [11/Jul/2021:03:37:58 -0400] "POST /wp-cron.php?doing_wp_cron=1625989078.2522430419921875000000 HTTP/1.1" 200 6295 "https://ajhydell.com/wp-cron.php?doing_wp_cron=1625989078.2522430419921875000000" "WordPress/5.7.2; https://ajhydell.com"
157.55.39.106 - - [11/Jul/2021:03:37:58 -0400] "GET /2020/10/02/come-out-you-cuckold-royalist-banner-english-civil-war-1643/ HTTP/1.1" 200 18426 "-" "Mozilla/5.0 (compatible; bingbot/2.0; +http://www.bing.com/bingbot.htm)"
114.119.138.170 - - [11/Jul/2021:03:38:04 -0400] "GET /2020/11/12/ HTTP/1.1" 200 18083 "-" "Mozilla/5.0 (Linux; Android 7.0;) AppleWebKit/537.36 (KHTML, like Gecko) Mobile Safari/537.36 (compatible; PetalBot;+https://webmaster.petalsearch.com/site/petalbot)"
34.201.147.58 - - [11/Jul/2021:03:38:14 -0400] "GET /feed/ HTTP/1.1" 200 8001 "-" "Buck/2.2; (+https://app.hypefactors.com/media-monitoring/about.html)"
34.201.147.58 - - [11/Jul/2021:03:38:15 -0400] "GET /sitemap_index.xml HTTP/1.1" 200 6220 "-" "Buck/2.2; (+https://app.hypefactors.com/media-monitoring/about.html)"
34.201.147.58 - - [11/Jul/2021:03:38:15 -0400] "GET /sitemap.xml HTTP/1.1" 200 6583 "-" "Buck/2.2; (+https://app.hypefactors.com/media-monitoring/about.html)"
34.201.147.58 - - [11/Jul/2021:03:38:15 -0400] "GET /sitemap-pt-post-2021-07.xml HTTP/1.1" 200 9123 "-" "Buck/2.2; (+https://app.hypefactors.com/media-monitoring/about.html)"
114.119.145.169 - - [11/Jul/2021:03:38:17 -0400] "GET /2019/10/02/an-american-m36-tank-destroyer-covers-a-crossroad-in-the-french-city-of-metz-north-east-of-france-nov-1944/ HTTP/1.1" 200 18160 "-" "Mozilla/5.0 (Linux; Android 7.0;) AppleWebKit/537.36 (KHTML, like Gecko) Mobile Safari/537.36 (compatible; PetalBot;+https://webmaster.petalsearch.com/site/petalbot)"
204.48.19.85 - - [11/Jul/2021:03:39:20 -0400] "POST /wp-cron.php?doing_wp_cron=1625989160.0977780818939208984375 HTTP/1.1" 200 6295 "https://ajhydell.com/wp-cron.php?doing_wp_cron=1625989160.0977780818939208984375" "WordPress/5.7.2; https://ajhydell.com"
54.36.148.117 - - [11/Jul/2021:03:39:20 -0400] "GET /2020/03/15/lieutenant-commander-donald-d-sheppard-of-coronado-california-aims-a-flaming-arrow-at-a-bamboo-hut-concealing-a-fortified-viet-cong-bunker-on-the-banks-of-the-bassac-river-south-vietnam-on-decem/ HTTP/1.1" 200 18974 "-" "Mozilla/5.0 (compatible; AhrefsBot/7.0; +http://ahrefs.com/robot/)"
45.152.183.61 - - [11/Jul/2021:03:39:24 -0400] "GET /wp-content/uploads/2021/06/picture-138.jpg HTTP/1.1" 200 83851 "https://ajhydell.com/page/6/" "Mozilla/5.0 (Windows NT 10.0; rv:78.0) Gecko/20100101 Firefox/78.0"
45.152.183.61 - - [11/Jul/2021:03:39:25 -0400] "GET /wp-content/uploads/2021/06/picture-137.jpg HTTP/1.1" 200 59255 "https://ajhydell.com/page/6/" "Mozilla/5.0 (Windows NT 10.0; rv:78.0) Gecko/20100101 Firefox/78.0"
185.191.171.11 - - [11/Jul/2021:03:39:32 -0400] "GET /2021/03/03/sally-visits-the-ez-bake-oven-toy-factory-1973/ HTTP/1.1" 200 18755 "-" "Mozilla/5.0 (compatible; SemrushBot/7~bl; +http://www.semrush.com/bot.html)"
204.48.19.85 - - [11/Jul/2021:03:40:22 -0400] "POST /wp-cron.php?doing_wp_cron=1625989222.3638379573822021484375 HTTP/1.1" 200 6295 "https://ajhydell.com/wp-cron.php?doing_wp_cron=1625989222.3638379573822021484375" "WordPress/5.7.2; https://ajhydell.com"
157.55.39.62 - - [11/Jul/2021:03:40:22 -0400] "GET /2021/05/26/ HTTP/1.1" 200 18233 "-" "Mozilla/5.0 (compatible; bingbot/2.0; +http://www.bing.com/bingbot.htm)"
45.152.183.61 - - [11/Jul/2021:03:40:28 -0400] "GET /2021/06/30/mah-jong-at-bathing-beach-june-6-1924/ HTTP/1.1" 200 12806 "https://duckduckgo.com/" "Mozilla/5.0 (Windows NT 10.0; rv:78.0) Gecko/20100101 Firefox/78.0"
45.152.183.61 - - [11/Jul/2021:03:40:28 -0400] "GET /wp-content/themes/royal-magazine/js/skip-link-focus-fix.js?ver=20151215 HTTP/1.1" 200 924 "https://ajhydell.com/2021/06/30/mah-jong-at-bathing-beach-june-6-1924/" "Mozilla/5.0 (Windows NT 10.0; rv:78.0) Gecko/20100101 Firefox/78.0"
45.152.183.61 - - [11/Jul/2021:03:40:28 -0400] "GET /wp-content/plugins/facebook-pagelike-widget/fb.js?ver=1.0 HTTP/1.1" 200 1370 "https://ajhydell.com/2021/06/30/mah-jong-at-bathing-beach-june-6-1924/" "Mozilla/5.0 (Windows NT 10.0; rv:78.0) Gecko/20100101 Firefox/78.0"
204.48.19.85 - - [11/Jul/2021:03:41:20 -0400] "POST /wp-cron.php?doing_wp_cron=1625989280.4331450462341308593750 HTTP/1.1" 200 6295 "https://ajhydell.com/wp-cron.php?doing_wp_cron=1625989280.4331450462341308593750" "WordPress/5.7.2; https://ajhydell.com"
114.119.138.170 - - [11/Jul/2021:03:41:20 -0400] "GET /2020/08/15/opening-ceremony-of-national-art-museum-of-azerbaijan-baku-1937 HTTP/1.1" 301 5826 "-" "Mozilla/5.0 (Linux; Android 7.0;) AppleWebKit/537.36 (KHTML, like Gecko) Mobile Safari/537.36 (compatible; PetalBot;+https://webmaster.petalsearch.com/site/petalbot)"
114.119.138.170 - - [11/Jul/2021:03:41:21 -0400] "GET /2020/08/15/opening-ceremony-of-national-art-museum-of-azerbaijan-baku-1937/ HTTP/1.1" 200 12908 "-" "Mozilla/5.0 (Linux; Android 7.0;) AppleWebKit/537.36 (KHTML, like Gecko) Mobile Safari/537.36 (compatible; PetalBot;+https://webmaster.petalsearch.com/site/petalbot)"
204.48.19.85 - - [11/Jul/2021:03:42:38 -0400] "POST /wp-cron.php?doing_wp_cron=1625989358.1667239665985107421875 HTTP/1.1" 200 6295 "https://ajhydell.com/wp-cron.php?doing_wp_cron=1625989358.1667239665985107421875" "WordPress/5.7.2; https://ajhydell.com"
114.119.158.133 - - [11/Jul/2021:03:42:38 -0400] "GET /2021/04/15/stamps-were-10-cents-from-march-1974-to-december-1975/ HTTP/1.1" 200 18144 "-" "Mozilla/5.0 (Linux; Android 7.0;) AppleWebKit/537.36 (KHTML, like Gecko) Mobile Safari/537.36 (compatible; PetalBot;+https://webmaster.petalsearch.com/site/petalbot)"
204.48.19.85 - - [11/Jul/2021:03:42:52 -0400] "POST /wp-cron.php?doing_wp_cron=1625989372.2508850097656250000000 HTTP/1.1" 200 6295 "https://ajhydell.com/wp-cron.php?doing_wp_cron=1625989372.2508850097656250000000" "WordPress/5.7.2; https://ajhydell.com"
49.7.20.74 - - [11/Jul/2021:03:42:52 -0400] "GET / HTTP/1.1" 200 19797 "-" "Sogou web spider/4.0(+http://www.sogou.com/docs/help/webmasters.htm#07)"
114.119.156.206 - - [11/Jul/2021:03:42:57 -0400] "GET /2020/10/02/come-out-you-cuckold-royalist-banner-english-civil-war-1643 HTTP/1.1" 301 5822 "-" "Mozilla/5.0 (Linux; Android 7.0;) AppleWebKit/537.36 (KHTML, like Gecko) Mobile Safari/537.36 (compatible; PetalBot;+https://webmaster.petalsearch.com/site/petalbot)"
114.119.156.206 - - [11/Jul/2021:03:43:02 -0400] "GET /2020/10/02/come-out-you-cuckold-royalist-banner-english-civil-war-1643/ HTTP/1.1" 200 12967 "-" "Mozilla/5.0 (Linux; Android 7.0;) AppleWebKit/537.36 (KHTML, like Gecko) Mobile Safari/537.36 (compatible; PetalBot;+https://webmaster.petalsearch.com/site/petalbot)"
204.48.19.85 - - [11/Jul/2021:03:43:57 -0400] "POST /wp-cron.php?doing_wp_cron=1625989437.7450280189514160156250 HTTP/1.1" 200 6295 "https://ajhydell.com/wp-cron.php?doing_wp_cron=1625989437.7450280189514160156250" "WordPress/5.7.2; https://ajhydell.com"
54.39.177.92 - - [11/Jul/2021:03:43:52 -0400] "GET /feed/ HTTP/1.1" 200 7648 "-" "Mozilla/5.0 (compatible; YaK/1.0; http://linkfluence.com/; bot@linkfluence.com)"
54.39.177.173 - - [11/Jul/2021:03:43:59 -0400] "GET /2021/07/11/the-amazing-record-eater-1967/ HTTP/1.1" 200 17725 "-" "Mozilla/5.0 (compatible; YaK/1.0; http://linkfluence.com/; bot@linkfluence.com)"
207.46.13.70 - - [11/Jul/2021:03:44:27 -0400] "GET /wp-content/uploads/2020/08/picture-78.jpg HTTP/1.1" 200 368957 "-" "Mozilla/5.0 (compatible; bingbot/2.0; +http://www.bing.com/bingbot.htm)"
114.119.151.146 - - [11/Jul/2021:03:44:29 -0400] "GET /2020/09/23 HTTP/1.1" 301 5717 "-" "Mozilla/5.0 (Linux; Android 7.0;) AppleWebKit/537.36 (KHTML, like Gecko) Mobile Safari/537.36 (compatible; PetalBot;+https://webmaster.petalsearch.com/site/petalbot)"
114.119.151.146 - - [11/Jul/2021:03:44:30 -0400] "GET /2020/09/23/ HTTP/1.1" 200 12956 "-" "Mozilla/5.0 (Linux; Android 7.0;) AppleWebKit/537.36 (KHTML, like Gecko) Mobile Safari/537.36 (compatible; PetalBot;+https://webmaster.petalsearch.com/site/petalbot)"
204.48.19.85 - - [11/Jul/2021:03:45:44 -0400] "POST /wp-cron.php?doing_wp_cron=1625989544.9503669738769531250000 HTTP/1.1" 200 6295 "https://ajhydell.com/wp-cron.php?doing_wp_cron=1625989544.9503669738769531250000" "WordPress/5.7.2; https://ajhydell.com"
23.100.232.233 - - [11/Jul/2021:03:45:44 -0400] "GET /2020/09/13/the-photograph-of-joseph-stalin-taken-at-431-am-on-june-22-1941-he-just-told-that-germany-had-attacked-the-ussr-starting-a-war-against-the-soviet-union-the-photographer-was-asked-to-destroy-the/ HTTP/1.1" 200 18101 "-" "Mozilla/5.0 (compatible; MSIE 9.0; Windows NT 6.1; Trident/5.0;  Trident/5.0)"
