204.48.19.85 - - [06/Jul/2021:04:52:01 -0400] "POST /?wordfence_syncAttackData=1625561520.9926 HTTP/1.1" 200 6300 "https://ajhydell.com/?wordfence_syncAttackData=1625561520.9926" "WordPress/5.7.2; https://ajhydell.com"
216.244.66.250 - - [06/Jul/2021:04:52:00 -0400] "GET /2020/03/04/book-review-i-am-abraham-by-jerome-charyn/ HTTP/1.1" 200 76106 "-" "Mozilla/5.0 (compatible; DotBot/1.2; +https://opensiteexplorer.org/dotbot; help@moz.com)"
165.231.178.22 - - [06/Jul/2021:04:52:01 -0400] "GET /wp-login.php HTTP/1.1" 503 24068 "-" "Mozilla/5.0 (Windows NT 6.1) AppleWebKit/537.36 (KHTML, like Gecko) Chrome/45.0.2454.85 Safari/537.36 OPR/32.0.1948.45"
216.244.66.250 - - [06/Jul/2021:04:52:07 -0400] "GET /2019/08/31/the-bluebird-proteus-cn7-is-a-gas-turbine-powered-vehicle-that-was-driven-by-donald-campbell-and-achieved-the-world-land-speed-record-on-lake-eyre-in-australia-on-17-july-1964/ HTTP/1.1" 200 70176 "-" "Mozilla/5.0 (compatible; DotBot/1.2; +https://opensiteexplorer.org/dotbot; help@moz.com)"
113.210.108.18 - - [06/Jul/2021:04:52:58 -0400] "POST /xmlrpc.php HTTP/1.1" 301 585 "-" "Mozilla/5.0 (X11; Linux i686; rv:2.0.1) Gecko/20100101 Firefox/4.0.1"
204.48.19.85 - - [06/Jul/2021:04:53:00 -0400] "POST /?wordfence_syncAttackData=1625561580.1367 HTTP/1.1" 200 6300 "https://ajhydell.com/?wordfence_syncAttackData=1625561580.1367" "WordPress/5.7.2; https://ajhydell.com"
204.48.19.85 - - [06/Jul/2021:04:53:00 -0400] "POST /wp-cron.php?doing_wp_cron=1625561580.3216741085052490234375 HTTP/1.1" 200 6295 "https://ajhydell.com/wp-cron.php?doing_wp_cron=1625561580.3216741085052490234375" "WordPress/5.7.2; https://ajhydell.com"
113.210.108.18 - - [06/Jul/2021:04:53:00 -0400] "GET /xmlrpc.php HTTP/1.1" 405 5837 "-" "Mozilla/5.0 (X11; Linux i686; rv:2.0.1) Gecko/20100101 Firefox/4.0.1"
62.33.11.144 - - [06/Jul/2021:04:53:56 -0400] "-" 408 6041 "-" "-"
113.210.108.18 - - [06/Jul/2021:04:54:00 -0400] "POST /xmlrpc.php HTTP/1.1" 301 585 "-" "Mozilla/5.0 (X11; Linux i686; rv:2.0.1) Gecko/20100101 Firefox/4.0.1"
204.48.19.85 - - [06/Jul/2021:04:54:01 -0400] "POST /wp-cron.php?doing_wp_cron=1625561641.7484490871429443359375 HTTP/1.1" 200 6295 "https://ajhydell.com/wp-cron.php?doing_wp_cron=1625561641.7484490871429443359375" "WordPress/5.7.2; https://ajhydell.com"
113.210.108.18 - - [06/Jul/2021:04:54:01 -0400] "GET /xmlrpc.php HTTP/1.1" 405 5837 "-" "Mozilla/5.0 (X11; Linux i686; rv:2.0.1) Gecko/20100101 Firefox/4.0.1"
113.210.108.18 - - [06/Jul/2021:04:55:00 -0400] "POST /xmlrpc.php HTTP/1.1" 301 585 "-" "Mozilla/5.0 (X11; Linux i686; rv:2.0.1) Gecko/20100101 Firefox/4.0.1"
204.48.19.85 - - [06/Jul/2021:04:55:01 -0400] "POST /wp-cron.php?doing_wp_cron=1625561701.3775329589843750000000 HTTP/1.1" 200 6295 "https://ajhydell.com/wp-cron.php?doing_wp_cron=1625561701.3775329589843750000000" "WordPress/5.7.2; https://ajhydell.com"
113.210.108.18 - - [06/Jul/2021:04:55:01 -0400] "GET /xmlrpc.php HTTP/1.1" 405 5837 "-" "Mozilla/5.0 (X11; Linux i686; rv:2.0.1) Gecko/20100101 Firefox/4.0.1"
216.244.66.250 - - [06/Jul/2021:04:55:01 -0400] "GET /2019/02/19/tolstoy-on-the-road-from-moscow-to-yasnaya-polyana-1886-352-x-577/ HTTP/1.1" 200 68023 "-" "Mozilla/5.0 (compatible; DotBot/1.2; +https://opensiteexplorer.org/dotbot; help@moz.com)"
216.244.66.250 - - [06/Jul/2021:04:55:13 -0400] "GET /2019/01/18/newsweek-in-1983-when-russians-shot-down-a-civilian-aircraft-and-1988-when-americans-shot-down-a-civilian-aircraft/ HTTP/1.1" 200 69121 "-" "Mozilla/5.0 (compatible; DotBot/1.2; +https://opensiteexplorer.org/dotbot; help@moz.com)"
113.210.108.18 - - [06/Jul/2021:04:56:01 -0400] "POST /xmlrpc.php HTTP/1.1" 301 585 "-" "Mozilla/5.0 (X11; Linux i686; rv:2.0.1) Gecko/20100101 Firefox/4.0.1"
204.48.19.85 - - [06/Jul/2021:04:56:02 -0400] "POST /wp-cron.php?doing_wp_cron=1625561762.5274651050567626953125 HTTP/1.1" 200 6295 "https://ajhydell.com/wp-cron.php?doing_wp_cron=1625561762.5274651050567626953125" "WordPress/5.7.2; https://ajhydell.com"
113.210.108.18 - - [06/Jul/2021:04:56:02 -0400] "GET /xmlrpc.php HTTP/1.1" 405 5837 "-" "Mozilla/5.0 (X11; Linux i686; rv:2.0.1) Gecko/20100101 Firefox/4.0.1"
113.210.108.18 - - [06/Jul/2021:04:57:02 -0400] "POST /xmlrpc.php HTTP/1.1" 301 585 "-" "Mozilla/5.0 (X11; Linux i686; rv:2.0.1) Gecko/20100101 Firefox/4.0.1"
204.48.19.85 - - [06/Jul/2021:04:57:03 -0400] "POST /wp-cron.php?doing_wp_cron=1625561823.4726469516754150390625 HTTP/1.1" 200 6295 "https://ajhydell.com/wp-cron.php?doing_wp_cron=1625561823.4726469516754150390625" "WordPress/5.7.2; https://ajhydell.com"
113.210.108.18 - - [06/Jul/2021:04:57:03 -0400] "GET /xmlrpc.php HTTP/1.1" 405 5837 "-" "Mozilla/5.0 (X11; Linux i686; rv:2.0.1) Gecko/20100101 Firefox/4.0.1"
113.210.108.18 - - [06/Jul/2021:04:58:03 -0400] "POST /xmlrpc.php HTTP/1.1" 301 585 "-" "Mozilla/5.0 (X11; Linux i686; rv:2.0.1) Gecko/20100101 Firefox/4.0.1"
204.48.19.85 - - [06/Jul/2021:04:58:04 -0400] "POST /wp-cron.php?doing_wp_cron=1625561884.9506120681762695312500 HTTP/1.1" 200 6295 "https://ajhydell.com/wp-cron.php?doing_wp_cron=1625561884.9506120681762695312500" "WordPress/5.7.2; https://ajhydell.com"
113.210.108.18 - - [06/Jul/2021:04:58:04 -0400] "GET /xmlrpc.php HTTP/1.1" 405 5837 "-" "Mozilla/5.0 (X11; Linux i686; rv:2.0.1) Gecko/20100101 Firefox/4.0.1"
109.70.100.57 - - [06/Jul/2021:04:58:24 -0400] "GET /WFimageboard.php HTTP/1.1" 404 65437 "-" "Mozilla/5.0 (Windows NT 10.0; rv:78.0) Gecko/20100101 Firefox/78.0"
113.210.108.18 - - [06/Jul/2021:04:59:04 -0400] "POST /xmlrpc.php HTTP/1.1" 301 585 "-" "Mozilla/5.0 (X11; Linux i686; rv:2.0.1) Gecko/20100101 Firefox/4.0.1"
204.48.19.85 - - [06/Jul/2021:04:59:05 -0400] "POST /wp-cron.php?doing_wp_cron=1625561945.5574090480804443359375 HTTP/1.1" 200 6295 "https://ajhydell.com/wp-cron.php?doing_wp_cron=1625561945.5574090480804443359375" "WordPress/5.7.2; https://ajhydell.com"
113.210.108.18 - - [06/Jul/2021:04:59:05 -0400] "GET /xmlrpc.php HTTP/1.1" 405 5837 "-" "Mozilla/5.0 (X11; Linux i686; rv:2.0.1) Gecko/20100101 Firefox/4.0.1"
113.210.108.18 - - [06/Jul/2021:05:00:05 -0400] "POST /xmlrpc.php HTTP/1.1" 301 585 "-" "Mozilla/5.0 (X11; Linux i686; rv:2.0.1) Gecko/20100101 Firefox/4.0.1"
204.48.19.85 - - [06/Jul/2021:05:00:06 -0400] "POST /wp-cron.php?doing_wp_cron=1625562006.4280920028686523437500 HTTP/1.1" 200 6295 "https://ajhydell.com/wp-cron.php?doing_wp_cron=1625562006.4280920028686523437500" "WordPress/5.7.2; https://ajhydell.com"
113.210.108.18 - - [06/Jul/2021:05:00:06 -0400] "GET /xmlrpc.php HTTP/1.1" 405 5837 "-" "Mozilla/5.0 (X11; Linux i686; rv:2.0.1) Gecko/20100101 Firefox/4.0.1"
204.48.19.85 - - [06/Jul/2021:05:00:15 -0400] "POST /xmlrpc.php HTTP/1.1" 200 6908 "-" "xmlrpclib.py/1.0.1 (by www.pythonware.com)"
204.48.19.85 - - [06/Jul/2021:05:00:15 -0400] "POST /xmlrpc.php HTTP/1.1" 200 6962 "-" "xmlrpclib.py/1.0.1 (by www.pythonware.com)"
204.48.19.85 - - [06/Jul/2021:05:00:29 -0400] "POST /xmlrpc.php HTTP/1.1" 200 6427 "-" "xmlrpclib.py/1.0.1 (by www.pythonware.com)"
204.48.19.85 - - [06/Jul/2021:05:00:42 -0400] "POST /wp-cron.php?doing_wp_cron=1625562042.6321239471435546875000 HTTP/1.1" 200 6295 "https://ajhydell.com/wp-cron.php?doing_wp_cron=1625562042.6321239471435546875000" "WordPress/5.7.2; https://ajhydell.com"
13.213.37.238 - - [06/Jul/2021:05:00:42 -0400] "GET /wp-login.php HTTP/1.1" 200 8605 "-" "Mozilla/5.0 (X11; Ubuntu; Linux x86_64; rv:62.0) Gecko/20100101 Firefox/62.0"
66.249.70.112 - - [06/Jul/2021:05:00:43 -0400] "GET /sitemap.xml HTTP/1.1" 200 7202 "-" "Mozilla/5.0 (compatible; Googlebot/2.1; +http://www.google.com/bot.html)"
66.249.70.114 - - [06/Jul/2021:05:00:44 -0400] "GET /sitemap-pt-post-2021-07.xml HTTP/1.1" 200 8633 "-" "Mozilla/5.0 (compatible; Googlebot/2.1; +http://www.google.com/bot.html)"
204.48.19.85 - - [06/Jul/2021:05:00:53 -0400] "POST /wp-cron.php?doing_wp_cron=1625562053.2896859645843505859375 HTTP/1.1" 200 6295 "https://ajhydell.com/wp-cron.php?doing_wp_cron=1625562053.2896859645843505859375" "WordPress/5.7.2; https://ajhydell.com"
13.213.37.238 - - [06/Jul/2021:05:00:53 -0400] "POST /wp-login.php HTTP/1.1" 200 8696 "-" "Mozilla/5.0 (X11; Ubuntu; Linux x86_64; rv:62.0) Gecko/20100101 Firefox/62.0"
185.191.171.45 - - [06/Jul/2021:05:00:58 -0400] "GET /robots.txt HTTP/1.1" 200 6480 "-" "Mozilla/5.0 (compatible; SemrushBot/7~bl; +http://www.semrush.com/bot.html)"
185.191.171.20 - - [06/Jul/2021:05:00:59 -0400] "GET /2019/11/06/ HTTP/1.1" 200 18500 "-" "Mozilla/5.0 (compatible; SemrushBot/7~bl; +http://www.semrush.com/bot.html)"
113.210.108.18 - - [06/Jul/2021:05:01:06 -0400] "POST /xmlrpc.php HTTP/1.1" 301 585 "-" "Mozilla/5.0 (X11; Linux i686; rv:2.0.1) Gecko/20100101 Firefox/4.0.1"
113.210.108.18 - - [06/Jul/2021:05:01:07 -0400] "GET /xmlrpc.php HTTP/1.1" 405 5837 "-" "Mozilla/5.0 (X11; Linux i686; rv:2.0.1) Gecko/20100101 Firefox/4.0.1"
13.213.37.238 - - [06/Jul/2021:05:01:11 -0400] "POST /xmlrpc.php HTTP/1.1" 200 5852 "-" "Mozilla/5.0 (X11; Ubuntu; Linux x86_64; rv:62.0) Gecko/20100101 Firefox/62.0"
113.210.108.18 - - [06/Jul/2021:05:02:07 -0400] "POST /xmlrpc.php HTTP/1.1" 301 585 "-" "Mozilla/5.0 (X11; Linux i686; rv:2.0.1) Gecko/20100101 Firefox/4.0.1"
204.48.19.85 - - [06/Jul/2021:05:02:08 -0400] "POST /wp-cron.php?doing_wp_cron=1625562128.8325719833374023437500 HTTP/1.1" 200 6295 "https://ajhydell.com/wp-cron.php?doing_wp_cron=1625562128.8325719833374023437500" "WordPress/5.7.2; https://ajhydell.com"
113.210.108.18 - - [06/Jul/2021:05:02:08 -0400] "GET /xmlrpc.php HTTP/1.1" 405 5837 "-" "Mozilla/5.0 (X11; Linux i686; rv:2.0.1) Gecko/20100101 Firefox/4.0.1"
113.210.108.18 - - [06/Jul/2021:05:03:08 -0400] "POST /xmlrpc.php HTTP/1.1" 301 585 "-" "Mozilla/5.0 (X11; Linux i686; rv:2.0.1) Gecko/20100101 Firefox/4.0.1"
204.48.19.85 - - [06/Jul/2021:05:03:09 -0400] "POST /wp-cron.php?doing_wp_cron=1625562189.5442709922790527343750 HTTP/1.1" 200 6295 "https://ajhydell.com/wp-cron.php?doing_wp_cron=1625562189.5442709922790527343750" "WordPress/5.7.2; https://ajhydell.com"
113.210.108.18 - - [06/Jul/2021:05:03:09 -0400] "GET /xmlrpc.php HTTP/1.1" 405 5837 "-" "Mozilla/5.0 (X11; Linux i686; rv:2.0.1) Gecko/20100101 Firefox/4.0.1"
198.204.234.250 - - [06/Jul/2021:05:03:10 -0400] "GET //// HTTP/1.1" 301 5761 "http://www.google.com.hk" "Mozilla/5.0 (Windows NT 6.1; WOW64) AppleWebKit/537.36 (KHTML, like Gecko) Chrome/42.0.2311.90 Safari/537.36"
198.204.234.250 - - [06/Jul/2021:05:03:10 -0400] "GET / HTTP/1.1" 200 14858 "http://www.google.com.hk" "Mozilla/5.0 (Windows NT 6.1; WOW64) AppleWebKit/537.36 (KHTML, like Gecko) Chrome/42.0.2311.90 Safari/537.36"
204.48.19.85 - - [06/Jul/2021:05:03:45 -0400] "POST /wp-cron.php?doing_wp_cron=1625562225.2750349044799804687500 HTTP/1.1" 200 6295 "https://ajhydell.com/wp-cron.php?doing_wp_cron=1625562225.2750349044799804687500" "WordPress/5.7.2; https://ajhydell.com"
66.249.70.110 - - [06/Jul/2021:05:03:45 -0400] "GET /2021/07/06/president-of-lithuania-kazys-grinius-c-1926/ HTTP/1.1" 200 18889 "-" "Mozilla/5.0 (Linux; Android 6.0.1; Nexus 5X Build/MMB29P) AppleWebKit/537.36 (KHTML, like Gecko) Chrome/91.0.4472.90 Mobile Safari/537.36 (compatible; Googlebot/2.1; +http://www.google.com/bot.html)"
66.249.70.110 - - [06/Jul/2021:05:03:51 -0400] "GET /2021/07/06/president-of-lithuania-kazys-grinius-c-1926/ HTTP/1.1" 200 18890 "-" "Mozilla/5.0 (compatible; Googlebot/2.1; +http://www.google.com/bot.html)"
66.249.70.110 - - [06/Jul/2021:05:03:56 -0400] "GET /wp-content/plugins/add-expires-headers/cache/0/com/processed-header-f16a8d323e83e1bc1b76514e283fb81b7090a959.min.css HTTP/1.1" 200 58766 "https://ajhydell.com/2021/07/06/president-of-lithuania-kazys-grinius-c-1926/" "Mozilla/5.0 AppleWebKit/537.36 (KHTML, like Gecko; compatible; Googlebot/2.1; +http://www.google.com/bot.html) Chrome/91.0.4472.90 Safari/537.36"
119.45.159.220 - - [06/Jul/2021:05:04:03 -0400] "GET /wp-login.php HTTP/1.1" 301 589 "-" "Apache-HttpClient/4.5.2 (Java/1.8.0_151)"
119.45.159.220 - - [06/Jul/2021:05:04:04 -0400] "GET /wp-login.php HTTP/1.1" 200 8707 "-" "Apache-HttpClient/4.5.2 (Java/1.8.0_151)"
119.45.159.220 - - [06/Jul/2021:05:04:05 -0400] "GET /?author=1 HTTP/1.1" 301 582 "-" "Apache-HttpClient/4.5.2 (Java/1.8.0_151)"
119.45.159.220 - - [06/Jul/2021:05:04:05 -0400] "GET /?author=1 HTTP/1.1" 404 56463 "-" "Apache-HttpClient/4.5.2 (Java/1.8.0_151)"
119.45.159.220 - - [06/Jul/2021:05:04:06 -0400] "GET /?author=2 HTTP/1.1" 301 582 "-" "Apache-HttpClient/4.5.2 (Java/1.8.0_151)"
119.45.159.220 - - [06/Jul/2021:05:04:07 -0400] "GET /?author=2 HTTP/1.1" 404 56463 "-" "Apache-HttpClient/4.5.2 (Java/1.8.0_151)"
119.45.159.220 - - [06/Jul/2021:05:04:08 -0400] "GET /?author=3 HTTP/1.1" 301 582 "-" "Apache-HttpClient/4.5.2 (Java/1.8.0_151)"
119.45.159.220 - - [06/Jul/2021:05:04:08 -0400] "GET /?author=3 HTTP/1.1" 404 56463 "-" "Apache-HttpClient/4.5.2 (Java/1.8.0_151)"
113.210.108.18 - - [06/Jul/2021:05:04:09 -0400] "POST /xmlrpc.php HTTP/1.1" 301 585 "-" "Mozilla/5.0 (X11; Linux i686; rv:2.0.1) Gecko/20100101 Firefox/4.0.1"
113.210.108.18 - - [06/Jul/2021:05:04:10 -0400] "GET /xmlrpc.php HTTP/1.1" 405 5837 "-" "Mozilla/5.0 (X11; Linux i686; rv:2.0.1) Gecko/20100101 Firefox/4.0.1"
119.45.159.220 - - [06/Jul/2021:05:04:11 -0400] "GET /?author=4 HTTP/1.1" 301 582 "-" "Apache-HttpClient/4.5.2 (Java/1.8.0_151)"
119.45.159.220 - - [06/Jul/2021:05:04:11 -0400] "GET /?author=4 HTTP/1.1" 404 56463 "-" "Apache-HttpClient/4.5.2 (Java/1.8.0_151)"
119.45.159.220 - - [06/Jul/2021:05:04:15 -0400] "GET /?author=5 HTTP/1.1" 301 582 "-" "Apache-HttpClient/4.5.2 (Java/1.8.0_151)"
119.45.159.220 - - [06/Jul/2021:05:04:15 -0400] "GET /?author=5 HTTP/1.1" 404 56463 "-" "Apache-HttpClient/4.5.2 (Java/1.8.0_151)"
198.204.234.250 - - [06/Jul/2021:05:04:18 -0400] "GET ////wp-content/plugins/fancy-product-designer/assets/css/fancy-product.css HTTP/1.1" 301 5858 "-" "Mozilla/5.0 (Macintosh; Intel Mac OS X 10_9_4 AppleWebKit/537.36 (KHTML, like Gecko) Chrome/36.0.1985.125 Safari/537.36"
198.204.234.250 - - [06/Jul/2021:05:04:18 -0400] "GET /wp-content/plugins/fancy-product-designer/assets/css/fancy-product.css HTTP/1.1" 404 59471 "-" "Mozilla/5.0 (Macintosh; Intel Mac OS X 10_9_4 AppleWebKit/537.36 (KHTML, like Gecko) Chrome/36.0.1985.125 Safari/537.36"
119.45.159.220 - - [06/Jul/2021:05:04:19 -0400] "GET /?author=6 HTTP/1.1" 301 582 "-" "Apache-HttpClient/4.5.2 (Java/1.8.0_151)"
119.45.159.220 - - [06/Jul/2021:05:04:19 -0400] "GET /?author=6 HTTP/1.1" 404 56463 "-" "Apache-HttpClient/4.5.2 (Java/1.8.0_151)"
119.45.159.220 - - [06/Jul/2021:05:04:20 -0400] "GET /?author=7 HTTP/1.1" 301 582 "-" "Apache-HttpClient/4.5.2 (Java/1.8.0_151)"
119.45.159.220 - - [06/Jul/2021:05:04:20 -0400] "GET /?author=7 HTTP/1.1" 404 56463 "-" "Apache-HttpClient/4.5.2 (Java/1.8.0_151)"
119.45.159.220 - - [06/Jul/2021:05:04:21 -0400] "GET /?author=8 HTTP/1.1" 301 582 "-" "Apache-HttpClient/4.5.2 (Java/1.8.0_151)"
119.45.159.220 - - [06/Jul/2021:05:04:21 -0400] "GET /?author=8 HTTP/1.1" 404 56463 "-" "Apache-HttpClient/4.5.2 (Java/1.8.0_151)"
119.45.159.220 - - [06/Jul/2021:05:04:23 -0400] "GET /?author=9 HTTP/1.1" 301 582 "-" "Apache-HttpClient/4.5.2 (Java/1.8.0_151)"
119.45.159.220 - - [06/Jul/2021:05:04:23 -0400] "GET /?author=9 HTTP/1.1" 404 56463 "-" "Apache-HttpClient/4.5.2 (Java/1.8.0_151)"
119.45.159.220 - - [06/Jul/2021:05:04:24 -0400] "GET /?author=10 HTTP/1.1" 301 584 "-" "Apache-HttpClient/4.5.2 (Java/1.8.0_151)"
119.45.159.220 - - [06/Jul/2021:05:04:24 -0400] "GET /?author=10 HTTP/1.1" 404 56463 "-" "Apache-HttpClient/4.5.2 (Java/1.8.0_151)"
119.45.159.220 - - [06/Jul/2021:05:04:25 -0400] "GET /?author=11 HTTP/1.1" 301 584 "-" "Apache-HttpClient/4.5.2 (Java/1.8.0_151)"
119.45.159.220 - - [06/Jul/2021:05:04:26 -0400] "GET /?author=11 HTTP/1.1" 404 56463 "-" "Apache-HttpClient/4.5.2 (Java/1.8.0_151)"
119.45.159.220 - - [06/Jul/2021:05:04:27 -0400] "GET /?author=12 HTTP/1.1" 301 584 "-" "Apache-HttpClient/4.5.2 (Java/1.8.0_151)"
119.45.159.220 - - [06/Jul/2021:05:04:27 -0400] "GET /?author=12 HTTP/1.1" 404 56463 "-" "Apache-HttpClient/4.5.2 (Java/1.8.0_151)"
119.45.159.220 - - [06/Jul/2021:05:04:28 -0400] "GET /?author=13 HTTP/1.1" 301 584 "-" "Apache-HttpClient/4.5.2 (Java/1.8.0_151)"
119.45.159.220 - - [06/Jul/2021:05:04:28 -0400] "GET /?author=13 HTTP/1.1" 404 56463 "-" "Apache-HttpClient/4.5.2 (Java/1.8.0_151)"
119.45.159.220 - - [06/Jul/2021:05:04:30 -0400] "GET /?author=14 HTTP/1.1" 301 584 "-" "Apache-HttpClient/4.5.2 (Java/1.8.0_151)"
119.45.159.220 - - [06/Jul/2021:05:04:30 -0400] "GET /?author=14 HTTP/1.1" 404 56463 "-" "Apache-HttpClient/4.5.2 (Java/1.8.0_151)"
119.45.159.220 - - [06/Jul/2021:05:04:32 -0400] "GET /?author=15 HTTP/1.1" 301 584 "-" "Apache-HttpClient/4.5.2 (Java/1.8.0_151)"
119.45.159.220 - - [06/Jul/2021:05:04:32 -0400] "GET /?author=15 HTTP/1.1" 404 56463 "-" "Apache-HttpClient/4.5.2 (Java/1.8.0_151)"
119.45.159.220 - - [06/Jul/2021:05:04:33 -0400] "GET /?author=16 HTTP/1.1" 301 584 "-" "Apache-HttpClient/4.5.2 (Java/1.8.0_151)"
119.45.159.220 - - [06/Jul/2021:05:04:33 -0400] "GET /?author=16 HTTP/1.1" 404 56463 "-" "Apache-HttpClient/4.5.2 (Java/1.8.0_151)"
119.45.159.220 - - [06/Jul/2021:05:04:34 -0400] "GET /?author=17 HTTP/1.1" 301 584 "-" "Apache-HttpClient/4.5.2 (Java/1.8.0_151)"
119.45.159.220 - - [06/Jul/2021:05:04:34 -0400] "GET /?author=17 HTTP/1.1" 404 56463 "-" "Apache-HttpClient/4.5.2 (Java/1.8.0_151)"
119.45.159.220 - - [06/Jul/2021:05:04:35 -0400] "GET /?author=18 HTTP/1.1" 301 584 "-" "Apache-HttpClient/4.5.2 (Java/1.8.0_151)"
119.45.159.220 - - [06/Jul/2021:05:04:35 -0400] "GET /?author=18 HTTP/1.1" 404 56463 "-" "Apache-HttpClient/4.5.2 (Java/1.8.0_151)"
119.45.159.220 - - [06/Jul/2021:05:04:37 -0400] "GET /?author=19 HTTP/1.1" 301 584 "-" "Apache-HttpClient/4.5.2 (Java/1.8.0_151)"
119.45.159.220 - - [06/Jul/2021:05:04:38 -0400] "GET /?author=19 HTTP/1.1" 404 56463 "-" "Apache-HttpClient/4.5.2 (Java/1.8.0_151)"
119.45.159.220 - - [06/Jul/2021:05:04:39 -0400] "GET /?author=20 HTTP/1.1" 301 584 "-" "Apache-HttpClient/4.5.2 (Java/1.8.0_151)"
119.45.159.220 - - [06/Jul/2021:05:04:39 -0400] "GET /?author=20 HTTP/1.1" 404 56463 "-" "Apache-HttpClient/4.5.2 (Java/1.8.0_151)"
113.210.108.18 - - [06/Jul/2021:05:05:10 -0400] "POST /xmlrpc.php HTTP/1.1" 301 585 "-" "Mozilla/5.0 (X11; Linux i686; rv:2.0.1) Gecko/20100101 Firefox/4.0.1"
204.48.19.85 - - [06/Jul/2021:05:05:12 -0400] "POST /wp-cron.php?doing_wp_cron=1625562312.5014240741729736328125 HTTP/1.1" 200 6295 "https://ajhydell.com/wp-cron.php?doing_wp_cron=1625562312.5014240741729736328125" "WordPress/5.7.2; https://ajhydell.com"
113.210.108.18 - - [06/Jul/2021:05:05:12 -0400] "GET /xmlrpc.php HTTP/1.1" 405 5837 "-" "Mozilla/5.0 (X11; Linux i686; rv:2.0.1) Gecko/20100101 Firefox/4.0.1"
204.48.19.85 - - [06/Jul/2021:05:06:09 -0400] "POST /wp-cron.php?doing_wp_cron=1625562369.1691579818725585937500 HTTP/1.1" 200 6295 "https://ajhydell.com/wp-cron.php?doing_wp_cron=1625562369.1691579818725585937500" "WordPress/5.7.2; https://ajhydell.com"
77.75.76.169 - - [06/Jul/2021:05:06:09 -0400] "GET /robots.txt HTTP/1.1" 200 6517 "-" "Mozilla/5.0 (compatible; SeznamBot/3.2; +http://napoveda.seznam.cz/en/seznambot-intro/)"
113.210.108.18 - - [06/Jul/2021:05:06:11 -0400] "POST /xmlrpc.php HTTP/1.1" 301 585 "-" "Mozilla/5.0 (X11; Linux i686; rv:2.0.1) Gecko/20100101 Firefox/4.0.1"
77.75.76.169 - - [06/Jul/2021:05:06:11 -0400] "GET /sitemap-pt-post-2019-06.xml HTTP/1.1" 200 11525 "-" "Mozilla/5.0 (compatible; SeznamBot/3.2; +http://napoveda.seznam.cz/en/seznambot-intro/)"
113.210.108.18 - - [06/Jul/2021:05:06:12 -0400] "GET /xmlrpc.php HTTP/1.1" 405 5837 "-" "Mozilla/5.0 (X11; Linux i686; rv:2.0.1) Gecko/20100101 Firefox/4.0.1"
106.38.241.127 - - [06/Jul/2021:05:06:43 -0400] "-" 408 5562 "-" "-"
113.210.108.18 - - [06/Jul/2021:05:07:12 -0400] "POST /xmlrpc.php HTTP/1.1" 301 585 "-" "Mozilla/5.0 (X11; Linux i686; rv:2.0.1) Gecko/20100101 Firefox/4.0.1"
204.48.19.85 - - [06/Jul/2021:05:07:13 -0400] "POST /wp-cron.php?doing_wp_cron=1625562433.3252151012420654296875 HTTP/1.1" 200 6295 "https://ajhydell.com/wp-cron.php?doing_wp_cron=1625562433.3252151012420654296875" "WordPress/5.7.2; https://ajhydell.com"
113.210.108.18 - - [06/Jul/2021:05:07:13 -0400] "GET /xmlrpc.php HTTP/1.1" 405 5837 "-" "Mozilla/5.0 (X11; Linux i686; rv:2.0.1) Gecko/20100101 Firefox/4.0.1"
17.121.115.139 - - [06/Jul/2021:05:07:13 -0400] "GET /2018/08/25/buddy-ebsen-as-the-tin-man/ HTTP/1.1" 200 18493 "-" "Mozilla/5.0 (Macintosh; Intel Mac OS X 10_15_5) AppleWebKit/605.1.15 (KHTML, like Gecko) Version/13.1.1 Safari/605.1.15 (Applebot/0.1; +http://www.apple.com/go/applebot)"
113.210.108.18 - - [06/Jul/2021:05:08:13 -0400] "POST /xmlrpc.php HTTP/1.1" 301 585 "-" "Mozilla/5.0 (X11; Linux i686; rv:2.0.1) Gecko/20100101 Firefox/4.0.1"
204.48.19.85 - - [06/Jul/2021:05:08:14 -0400] "POST /wp-cron.php?doing_wp_cron=1625562494.5573821067810058593750 HTTP/1.1" 200 6295 "https://ajhydell.com/wp-cron.php?doing_wp_cron=1625562494.5573821067810058593750" "WordPress/5.7.2; https://ajhydell.com"
113.210.108.18 - - [06/Jul/2021:05:08:14 -0400] "GET /xmlrpc.php HTTP/1.1" 405 5837 "-" "Mozilla/5.0 (X11; Linux i686; rv:2.0.1) Gecko/20100101 Firefox/4.0.1"
204.48.19.85 - - [06/Jul/2021:05:08:59 -0400] "POST /wp-cron.php?doing_wp_cron=1625562539.1341359615325927734375 HTTP/1.1" 200 6295 "https://ajhydell.com/wp-cron.php?doing_wp_cron=1625562539.1341359615325927734375" "WordPress/5.7.2; https://ajhydell.com"
62.210.215.117 - - [06/Jul/2021:05:08:59 -0400] "GET /feed/ HTTP/1.1" 200 8799 "-" "Mozilla/5.0 (X11; Linux i686) AppleWebKit/537.36 (KHTML, like Gecko) Chrome/30.0.1599.66 Safari/537.36"
113.210.108.18 - - [06/Jul/2021:05:09:14 -0400] "POST /xmlrpc.php HTTP/1.1" 301 585 "-" "Mozilla/5.0 (X11; Linux i686; rv:2.0.1) Gecko/20100101 Firefox/4.0.1"
113.210.108.18 - - [06/Jul/2021:05:09:15 -0400] "GET /xmlrpc.php HTTP/1.1" 405 5837 "-" "Mozilla/5.0 (X11; Linux i686; rv:2.0.1) Gecko/20100101 Firefox/4.0.1"
113.210.108.18 - - [06/Jul/2021:05:10:15 -0400] "POST /xmlrpc.php HTTP/1.1" 301 585 "-" "Mozilla/5.0 (X11; Linux i686; rv:2.0.1) Gecko/20100101 Firefox/4.0.1"
204.48.19.85 - - [06/Jul/2021:05:10:16 -0400] "POST /wp-cron.php?doing_wp_cron=1625562616.6402089595794677734375 HTTP/1.1" 200 6295 "https://ajhydell.com/wp-cron.php?doing_wp_cron=1625562616.6402089595794677734375" "WordPress/5.7.2; https://ajhydell.com"
113.210.108.18 - - [06/Jul/2021:05:10:16 -0400] "GET /xmlrpc.php HTTP/1.1" 405 5837 "-" "Mozilla/5.0 (X11; Linux i686; rv:2.0.1) Gecko/20100101 Firefox/4.0.1"
176.31.48.15 - - [06/Jul/2021:05:10:22 -0400] "GET /2021/07/06/president-of-lithuania-kazys-grinius-c-1926/ HTTP/1.1" 200 18996 "-" "Mozilla/5.0 (Macintosh; Intel Mac OS X 10_14_1) AppleWebKit/537.36 (KHTML, like Gecko) Chrome/71.0.3578.62 Safari/537.36"
113.210.108.18 - - [06/Jul/2021:05:11:16 -0400] "POST /xmlrpc.php HTTP/1.1" 301 585 "-" "Mozilla/5.0 (X11; Linux i686; rv:2.0.1) Gecko/20100101 Firefox/4.0.1"
204.48.19.85 - - [06/Jul/2021:05:11:17 -0400] "POST /wp-cron.php?doing_wp_cron=1625562677.6442658901214599609375 HTTP/1.1" 200 6295 "https://ajhydell.com/wp-cron.php?doing_wp_cron=1625562677.6442658901214599609375" "WordPress/5.7.2; https://ajhydell.com"
113.210.108.18 - - [06/Jul/2021:05:11:17 -0400] "GET /xmlrpc.php HTTP/1.1" 405 5837 "-" "Mozilla/5.0 (X11; Linux i686; rv:2.0.1) Gecko/20100101 Firefox/4.0.1"
204.48.19.85 - - [06/Jul/2021:05:11:47 -0400] "POST /wp-cron.php?doing_wp_cron=1625562707.6104741096496582031250 HTTP/1.1" 200 6295 "https://ajhydell.com/wp-cron.php?doing_wp_cron=1625562707.6104741096496582031250" "WordPress/5.7.2; https://ajhydell.com"
34.246.161.209 - - [06/Jul/2021:05:11:47 -0400] "GET /feed/ HTTP/1.1" 200 8475 "-" "Krzana bot"
113.210.108.18 - - [06/Jul/2021:05:12:17 -0400] "POST /xmlrpc.php HTTP/1.1" 301 585 "-" "Mozilla/5.0 (X11; Linux i686; rv:2.0.1) Gecko/20100101 Firefox/4.0.1"
113.210.108.18 - - [06/Jul/2021:05:12:18 -0400] "GET /xmlrpc.php HTTP/1.1" 405 5837 "-" "Mozilla/5.0 (X11; Linux i686; rv:2.0.1) Gecko/20100101 Firefox/4.0.1"
17.121.112.86 - - [06/Jul/2021:05:12:25 -0400] "GET /2019/06/09/martha-gellhorn-the-only-woman-who-landed-in-normandy-on-d-day/ HTTP/1.1" 200 18391 "-" "Mozilla/5.0 (Macintosh; Intel Mac OS X 10_15_5) AppleWebKit/605.1.15 (KHTML, like Gecko) Version/13.1.1 Safari/605.1.15 (Applebot/0.1; +http://www.apple.com/go/applebot)"
193.105.221.1 - - [06/Jul/2021:05:12:28 -0400] "GET /wp-content/uploads/2020/11/picture-111.jpg HTTP/1.1" 200 1944590 "https://www.ecosia.org/" "Mozilla/5.0 (Windows NT 10.0; Win64; x64) AppleWebKit/537.36 (KHTML, like Gecko) Chrome/91.0.4472.101 Safari/537.36 Edg/91.0.864.48"
113.210.108.18 - - [06/Jul/2021:05:13:18 -0400] "POST /xmlrpc.php HTTP/1.1" 301 585 "-" "Mozilla/5.0 (X11; Linux i686; rv:2.0.1) Gecko/20100101 Firefox/4.0.1"
204.48.19.85 - - [06/Jul/2021:05:13:19 -0400] "POST /wp-cron.php?doing_wp_cron=1625562799.4689390659332275390625 HTTP/1.1" 200 6295 "https://ajhydell.com/wp-cron.php?doing_wp_cron=1625562799.4689390659332275390625" "WordPress/5.7.2; https://ajhydell.com"
113.210.108.18 - - [06/Jul/2021:05:13:19 -0400] "GET /xmlrpc.php HTTP/1.1" 405 5837 "-" "Mozilla/5.0 (X11; Linux i686; rv:2.0.1) Gecko/20100101 Firefox/4.0.1"
106.38.241.125 - - [06/Jul/2021:05:13:34 -0400] "GET / HTTP/1.1" 200 20315 "-" "Sogou web spider/4.0(+http://www.sogou.com/docs/help/webmasters.htm#07)"
204.48.19.85 - - [06/Jul/2021:05:14:17 -0400] "POST /wp-cron.php?doing_wp_cron=1625562857.7964329719543457031250 HTTP/1.1" 200 6295 "https://ajhydell.com/wp-cron.php?doing_wp_cron=1625562857.7964329719543457031250" "WordPress/5.7.2; https://ajhydell.com"
54.36.148.117 - - [06/Jul/2021:05:14:17 -0400] "GET /2021/02/26/german-soldiers-mock-the-recent-allied-defeat-in-france-by-wearing-captured-british-and-french-helmets-1940-2008-x-1971/ HTTP/1.1" 200 19373 "-" "Mozilla/5.0 (compatible; AhrefsBot/7.0; +http://ahrefs.com/robot/)"
207.46.13.96 - - [06/Jul/2021:05:14:18 -0400] "GET /2019/02/28/german-hospital-has-wounded-soldiers-with-artificial-limbs-exercising-for-their-recovery/ HTTP/1.1" 200 18837 "-" "Mozilla/5.0 (compatible; bingbot/2.0; +http://www.bing.com/bingbot.htm)"
113.210.108.18 - - [06/Jul/2021:05:14:19 -0400] "POST /xmlrpc.php HTTP/1.1" 301 585 "-" "Mozilla/5.0 (X11; Linux i686; rv:2.0.1) Gecko/20100101 Firefox/4.0.1"
113.210.108.18 - - [06/Jul/2021:05:14:20 -0400] "GET /xmlrpc.php HTTP/1.1" 405 5837 "-" "Mozilla/5.0 (X11; Linux i686; rv:2.0.1) Gecko/20100101 Firefox/4.0.1"
207.46.13.22 - - [06/Jul/2021:05:14:40 -0400] "GET /2020/04/08/mounted-beach-patrol-of-the-united-states-coast-guard-armed-with-shotguns-patrol-the-east-coast-while-on-the-lookout-for-suspicious-activities-and-u-boat-sightings-indian-river-lagoon-eastern-florid/ HTTP/1.1" 200 18950 "-" "Mozilla/5.0 (compatible; bingbot/2.0; +http://www.bing.com/bingbot.htm)"
113.210.108.18 - - [06/Jul/2021:05:15:20 -0400] "POST /xmlrpc.php HTTP/1.1" 301 585 "-" "Mozilla/5.0 (X11; Linux i686; rv:2.0.1) Gecko/20100101 Firefox/4.0.1"
204.48.19.85 - - [06/Jul/2021:05:15:21 -0400] "POST /wp-cron.php?doing_wp_cron=1625562921.4648621082305908203125 HTTP/1.1" 200 6295 "https://ajhydell.com/wp-cron.php?doing_wp_cron=1625562921.4648621082305908203125" "WordPress/5.7.2; https://ajhydell.com"
113.210.108.18 - - [06/Jul/2021:05:15:21 -0400] "GET /xmlrpc.php HTTP/1.1" 405 5837 "-" "Mozilla/5.0 (X11; Linux i686; rv:2.0.1) Gecko/20100101 Firefox/4.0.1"
66.249.70.112 - - [06/Jul/2021:05:15:40 -0400] "GET /2021/07/06/president-of-lithuania-kazys-grinius-c-1926/feed/ HTTP/1.1" 200 7168 "-" "Mozilla/5.0 (Linux; Android 6.0.1; Nexus 5X Build/MMB29P) AppleWebKit/537.36 (KHTML, like Gecko) Chrome/91.0.4472.90 Mobile Safari/537.36 (compatible; Googlebot/2.1; +http://www.google.com/bot.html)"
113.210.108.18 - - [06/Jul/2021:05:16:21 -0400] "POST /xmlrpc.php HTTP/1.1" 301 585 "-" "Mozilla/5.0 (X11; Linux i686; rv:2.0.1) Gecko/20100101 Firefox/4.0.1"
204.48.19.85 - - [06/Jul/2021:05:16:22 -0400] "POST /wp-cron.php?doing_wp_cron=1625562982.5187559127807617187500 HTTP/1.1" 200 6295 "https://ajhydell.com/wp-cron.php?doing_wp_cron=1625562982.5187559127807617187500" "WordPress/5.7.2; https://ajhydell.com"
113.210.108.18 - - [06/Jul/2021:05:16:22 -0400] "GET /xmlrpc.php HTTP/1.1" 405 5837 "-" "Mozilla/5.0 (X11; Linux i686; rv:2.0.1) Gecko/20100101 Firefox/4.0.1"
204.48.19.85 - - [06/Jul/2021:05:16:48 -0400] "POST /wp-cron.php?doing_wp_cron=1625563008.9569098949432373046875 HTTP/1.1" 200 6295 "https://ajhydell.com/wp-cron.php?doing_wp_cron=1625563008.9569098949432373046875" "WordPress/5.7.2; https://ajhydell.com"
167.71.107.82 - - [06/Jul/2021:05:16:48 -0400] "GET / HTTP/1.1" 301 6354 "-" "Mozilla/5.0 (Android 11; Mobile; rv:68.0) Gecko/68.0 Firefox/85.0"
65.2.51.172 - - [06/Jul/2021:05:17:02 -0400] "GET /wp-login.php HTTP/1.1" 200 8606 "-" "Mozilla/5.0 (X11; Ubuntu; Linux x86_64; rv:62.0) Gecko/20100101 Firefox/62.0"
65.2.51.172 - - [06/Jul/2021:05:17:03 -0400] "POST /wp-login.php HTTP/1.1" 200 8696 "-" "Mozilla/5.0 (X11; Ubuntu; Linux x86_64; rv:62.0) Gecko/20100101 Firefox/62.0"
65.2.51.172 - - [06/Jul/2021:05:17:04 -0400] "POST /xmlrpc.php HTTP/1.1" 200 5852 "-" "Mozilla/5.0 (X11; Ubuntu; Linux x86_64; rv:62.0) Gecko/20100101 Firefox/62.0"
113.210.108.18 - - [06/Jul/2021:05:17:22 -0400] "POST /xmlrpc.php HTTP/1.1" 301 585 "-" "Mozilla/5.0 (X11; Linux i686; rv:2.0.1) Gecko/20100101 Firefox/4.0.1"
113.210.108.18 - - [06/Jul/2021:05:17:23 -0400] "GET /xmlrpc.php HTTP/1.1" 405 5837 "-" "Mozilla/5.0 (X11; Linux i686; rv:2.0.1) Gecko/20100101 Firefox/4.0.1"
207.46.13.96 - - [06/Jul/2021:05:17:27 -0400] "GET /wp-content/uploads/2020/07/picture-48.jpg HTTP/1.1" 200 1595768 "-" "Mozilla/5.0 (compatible; bingbot/2.0; +http://www.bing.com/bingbot.htm)"
113.210.108.18 - - [06/Jul/2021:05:18:23 -0400] "POST /xmlrpc.php HTTP/1.1" 301 585 "-" "Mozilla/5.0 (X11; Linux i686; rv:2.0.1) Gecko/20100101 Firefox/4.0.1"
204.48.19.85 - - [06/Jul/2021:05:18:24 -0400] "POST /wp-cron.php?doing_wp_cron=1625563104.5884170532226562500000 HTTP/1.1" 200 6295 "https://ajhydell.com/wp-cron.php?doing_wp_cron=1625563104.5884170532226562500000" "WordPress/5.7.2; https://ajhydell.com"
113.210.108.18 - - [06/Jul/2021:05:18:24 -0400] "GET /xmlrpc.php HTTP/1.1" 405 5837 "-" "Mozilla/5.0 (X11; Linux i686; rv:2.0.1) Gecko/20100101 Firefox/4.0.1"
113.210.108.18 - - [06/Jul/2021:05:19:24 -0400] "POST /xmlrpc.php HTTP/1.1" 301 585 "-" "Mozilla/5.0 (X11; Linux i686; rv:2.0.1) Gecko/20100101 Firefox/4.0.1"
204.48.19.85 - - [06/Jul/2021:05:19:24 -0400] "POST /wp-cron.php?doing_wp_cron=1625563164.7490730285644531250000 HTTP/1.1" 200 6295 "https://ajhydell.com/wp-cron.php?doing_wp_cron=1625563164.7490730285644531250000" "WordPress/5.7.2; https://ajhydell.com"
54.36.148.117 - - [06/Jul/2021:05:19:24 -0400] "GET /2019/06/23/ HTTP/1.1" 200 18528 "-" "Mozilla/5.0 (compatible; AhrefsBot/7.0; +http://ahrefs.com/robot/)"
113.210.108.18 - - [06/Jul/2021:05:19:26 -0400] "GET /xmlrpc.php HTTP/1.1" 405 5837 "-" "Mozilla/5.0 (X11; Linux i686; rv:2.0.1) Gecko/20100101 Firefox/4.0.1"
192.0.100.131 - - [06/Jul/2021:05:19:37 -0400] "GET /wp-content/uploads/2020/11/picture-111.jpg HTTP/1.1" 301 593 "-" "Photon/1.0"
192.0.100.131 - - [06/Jul/2021:05:19:37 -0400] "GET /wp-content/uploads/2020/11/picture-111.jpg HTTP/1.1" 200 1943718 "-" "Photon/1.0"
66.249.70.110 - - [06/Jul/2021:05:19:57 -0400] "GET /robots.txt HTTP/1.1" 200 6517 "-" "Mozilla/5.0 (compatible; Googlebot/2.1; +http://www.google.com/bot.html)"
204.48.19.85 - - [06/Jul/2021:05:19:57 -0400] "POST /wp-cron.php?doing_wp_cron=1625563197.6485219001770019531250 HTTP/1.1" 200 6295 "https://ajhydell.com/wp-cron.php?doing_wp_cron=1625563197.6485219001770019531250" "WordPress/5.7.2; https://ajhydell.com"
66.249.70.114 - - [06/Jul/2021:05:19:57 -0400] "GET /feed/ HTTP/1.1" 200 8531 "-" "Mozilla/5.0 (compatible; Googlebot/2.1; +http://www.google.com/bot.html)"
207.46.13.96 - - [06/Jul/2021:05:20:08 -0400] "GET /wp-content/uploads/2019/08/picture-17.jpg HTTP/1.1" 200 82463 "-" "Mozilla/5.0 (compatible; bingbot/2.0; +http://www.bing.com/bingbot.htm)"
113.210.108.18 - - [06/Jul/2021:05:20:25 -0400] "POST /xmlrpc.php HTTP/1.1" 301 585 "-" "Mozilla/5.0 (X11; Linux i686; rv:2.0.1) Gecko/20100101 Firefox/4.0.1"
113.210.108.18 - - [06/Jul/2021:05:20:26 -0400] "GET /xmlrpc.php HTTP/1.1" 405 5837 "-" "Mozilla/5.0 (X11; Linux i686; rv:2.0.1) Gecko/20100101 Firefox/4.0.1"
113.210.108.18 - - [06/Jul/2021:05:21:26 -0400] "POST /xmlrpc.php HTTP/1.1" 301 585 "-" "Mozilla/5.0 (X11; Linux i686; rv:2.0.1) Gecko/20100101 Firefox/4.0.1"
204.48.19.85 - - [06/Jul/2021:05:21:28 -0400] "POST /wp-cron.php?doing_wp_cron=1625563288.5993590354919433593750 HTTP/1.1" 200 6295 "https://ajhydell.com/wp-cron.php?doing_wp_cron=1625563288.5993590354919433593750" "WordPress/5.7.2; https://ajhydell.com"
113.210.108.18 - - [06/Jul/2021:05:21:28 -0400] "GET /xmlrpc.php HTTP/1.1" 405 5837 "-" "Mozilla/5.0 (X11; Linux i686; rv:2.0.1) Gecko/20100101 Firefox/4.0.1"
113.210.108.18 - - [06/Jul/2021:05:23:01 -0400] "POST /xmlrpc.php HTTP/1.1" 301 585 "-" "Mozilla/5.0 (X11; Linux i686; rv:2.0.1) Gecko/20100101 Firefox/4.0.1"
204.48.19.85 - - [06/Jul/2021:05:23:03 -0400] "POST /wp-cron.php?doing_wp_cron=1625563383.1349949836730957031250 HTTP/1.1" 200 6295 "https://ajhydell.com/wp-cron.php?doing_wp_cron=1625563383.1349949836730957031250" "WordPress/5.7.2; https://ajhydell.com"
113.210.108.18 - - [06/Jul/2021:05:23:02 -0400] "GET /xmlrpc.php HTTP/1.1" 405 5837 "-" "Mozilla/5.0 (X11; Linux i686; rv:2.0.1) Gecko/20100101 Firefox/4.0.1"
157.55.39.134 - - [06/Jul/2021:05:23:37 -0400] "GET /wp-content/uploads/2018/08/picture-61.jpg HTTP/1.1" 200 992634 "-" "Mozilla/5.0 (compatible; bingbot/2.0; +http://www.bing.com/bingbot.htm)"
113.210.108.18 - - [06/Jul/2021:05:24:02 -0400] "POST /xmlrpc.php HTTP/1.1" 301 585 "-" "Mozilla/5.0 (X11; Linux i686; rv:2.0.1) Gecko/20100101 Firefox/4.0.1"
204.48.19.85 - - [06/Jul/2021:05:24:03 -0400] "POST /wp-cron.php?doing_wp_cron=1625563443.4533469676971435546875 HTTP/1.1" 200 6295 "https://ajhydell.com/wp-cron.php?doing_wp_cron=1625563443.4533469676971435546875" "WordPress/5.7.2; https://ajhydell.com"
113.210.108.18 - - [06/Jul/2021:05:24:03 -0400] "GET /xmlrpc.php HTTP/1.1" 405 5837 "-" "Mozilla/5.0 (X11; Linux i686; rv:2.0.1) Gecko/20100101 Firefox/4.0.1"
54.36.148.117 - - [06/Jul/2021:05:24:25 -0400] "GET /2021/02/23/gm-car-air-conditioning-for-health-appearance-cleanliness-wrinkled-clothes-wilted-collars-and-windblown-hair-are-things-of-the-past-1961/ HTTP/1.1" 200 19601 "-" "Mozilla/5.0 (compatible; AhrefsBot/7.0; +http://ahrefs.com/robot/)"
204.48.19.85 - - [06/Jul/2021:05:25:01 -0400] "POST /wp-cron.php?doing_wp_cron=1625563501.4546329975128173828125 HTTP/1.1" 200 6295 "https://ajhydell.com/wp-cron.php?doing_wp_cron=1625563501.4546329975128173828125" "WordPress/5.7.2; https://ajhydell.com"
66.249.70.114 - - [06/Jul/2021:05:25:01 -0400] "GET /feed/ HTTP/1.1" 200 8531 "-" "Mozilla/5.0 (compatible; Googlebot/2.1; +http://www.google.com/bot.html)"
113.210.108.18 - - [06/Jul/2021:05:25:14 -0400] "POST /xmlrpc.php HTTP/1.1" 301 585 "-" "Mozilla/5.0 (X11; Linux i686; rv:2.0.1) Gecko/20100101 Firefox/4.0.1"
113.210.108.18 - - [06/Jul/2021:05:25:15 -0400] "GET /xmlrpc.php HTTP/1.1" 405 5837 "-" "Mozilla/5.0 (X11; Linux i686; rv:2.0.1) Gecko/20100101 Firefox/4.0.1"
66.249.70.112 - - [06/Jul/2021:05:25:20 -0400] "GET /wp-content/uploads/2021/07/picture-26.jpg HTTP/1.1" 200 667222 "-" "Googlebot-Image/1.0"
66.249.70.110 - - [06/Jul/2021:05:25:20 -0400] "GET /wp-content/plugins/facebook-pagelike-widget/loader.gif HTTP/1.1" 304 6271 "-" "Googlebot-Image/1.0"
66.249.70.112 - - [06/Jul/2021:05:25:20 -0400] "GET /wp-content/uploads/2018/08/logo.jpg HTTP/1.1" 304 277 "-" "Googlebot-Image/1.0"
66.249.70.110 - - [06/Jul/2021:05:25:21 -0400] "GET /wp-content/uploads/2018/08/cropped-logo-32x32.jpg HTTP/1.1" 304 275 "-" "Googlebot-Image/1.0"
113.210.108.18 - - [06/Jul/2021:05:26:15 -0400] "POST /xmlrpc.php HTTP/1.1" 301 585 "-" "Mozilla/5.0 (X11; Linux i686; rv:2.0.1) Gecko/20100101 Firefox/4.0.1"
204.48.19.85 - - [06/Jul/2021:05:26:17 -0400] "POST /wp-cron.php?doing_wp_cron=1625563577.1124470233917236328125 HTTP/1.1" 200 6295 "https://ajhydell.com/wp-cron.php?doing_wp_cron=1625563577.1124470233917236328125" "WordPress/5.7.2; https://ajhydell.com"
113.210.108.18 - - [06/Jul/2021:05:26:16 -0400] "GET /xmlrpc.php HTTP/1.1" 405 5837 "-" "Mozilla/5.0 (X11; Linux i686; rv:2.0.1) Gecko/20100101 Firefox/4.0.1"
207.46.13.96 - - [06/Jul/2021:05:26:50 -0400] "GET /wp-content/uploads/2020/09/picture-126.jpg HTTP/1.1" 200 179032 "-" "Mozilla/5.0 (compatible; bingbot/2.0; +http://www.bing.com/bingbot.htm)"
204.48.19.85 - - [06/Jul/2021:05:27:00 -0400] "POST /wp-cron.php?doing_wp_cron=1625563620.8444330692291259765625 HTTP/1.1" 200 6295 "https://ajhydell.com/wp-cron.php?doing_wp_cron=1625563620.8444330692291259765625" "WordPress/5.7.2; https://ajhydell.com"
185.191.171.12 - - [06/Jul/2021:05:27:00 -0400] "GET /2021/07/02/katherine-douglas-smith-addressing-a-crowd-of-men-at-portsmouth-circa-1910/ HTTP/1.1" 200 19214 "-" "Mozilla/5.0 (compatible; SemrushBot/7~bl; +http://www.semrush.com/bot.html)"
113.210.108.18 - - [06/Jul/2021:05:27:16 -0400] "POST /xmlrpc.php HTTP/1.1" 301 585 "-" "Mozilla/5.0 (X11; Linux i686; rv:2.0.1) Gecko/20100101 Firefox/4.0.1"
113.210.108.18 - - [06/Jul/2021:05:27:17 -0400] "GET /xmlrpc.php HTTP/1.1" 405 5837 "-" "Mozilla/5.0 (X11; Linux i686; rv:2.0.1) Gecko/20100101 Firefox/4.0.1"
207.46.13.80 - - [06/Jul/2021:05:27:18 -0400] "GET /2020/05/08/american-and-soviet-soldiers-together-by-the-end-of-ww2/ HTTP/1.1" 200 18708 "-" "Mozilla/5.0 (compatible; bingbot/2.0; +http://www.bing.com/bingbot.htm)"
40.77.167.20 - - [06/Jul/2021:05:27:24 -0400] "GET /2021/02/12/when-you-pirate-mp3s-youre-downloading-communism-usa-modern-humorist-2000-2003/ HTTP/1.1" 200 18637 "-" "Mozilla/5.0 (compatible; bingbot/2.0; +http://www.bing.com/bingbot.htm)"
113.210.108.18 - - [06/Jul/2021:05:28:17 -0400] "POST /xmlrpc.php HTTP/1.1" 301 585 "-" "Mozilla/5.0 (X11; Linux i686; rv:2.0.1) Gecko/20100101 Firefox/4.0.1"
204.48.19.85 - - [06/Jul/2021:05:28:18 -0400] "POST /wp-cron.php?doing_wp_cron=1625563698.9481759071350097656250 HTTP/1.1" 200 6295 "https://ajhydell.com/wp-cron.php?doing_wp_cron=1625563698.9481759071350097656250" "WordPress/5.7.2; https://ajhydell.com"
113.210.108.18 - - [06/Jul/2021:05:28:18 -0400] "GET /xmlrpc.php HTTP/1.1" 405 5837 "-" "Mozilla/5.0 (X11; Linux i686; rv:2.0.1) Gecko/20100101 Firefox/4.0.1"
157.55.39.22 - - [06/Jul/2021:05:28:26 -0400] "GET /2020/05/17/american-soldiers-examine-block-13-hochwald-west-fortress-on-the-maginot-line-in-1944-750-x-940/ HTTP/1.1" 200 18832 "-" "Mozilla/5.0 (compatible; bingbot/2.0; +http://www.bing.com/bingbot.htm)"
40.77.167.20 - - [06/Jul/2021:05:29:05 -0400] "GET /wp-content/uploads/2020/10/picture-103.jpg HTTP/1.1" 200 921043 "-" "Mozilla/5.0 (compatible; bingbot/2.0; +http://www.bing.com/bingbot.htm)"
113.210.108.18 - - [06/Jul/2021:05:29:18 -0400] "POST /xmlrpc.php HTTP/1.1" 301 585 "-" "Mozilla/5.0 (X11; Linux i686; rv:2.0.1) Gecko/20100101 Firefox/4.0.1"
204.48.19.85 - - [06/Jul/2021:05:29:19 -0400] "POST /wp-cron.php?doing_wp_cron=1625563759.6572670936584472656250 HTTP/1.1" 200 6295 "https://ajhydell.com/wp-cron.php?doing_wp_cron=1625563759.6572670936584472656250" "WordPress/5.7.2; https://ajhydell.com"
113.210.108.18 - - [06/Jul/2021:05:29:19 -0400] "GET /xmlrpc.php HTTP/1.1" 405 5837 "-" "Mozilla/5.0 (X11; Linux i686; rv:2.0.1) Gecko/20100101 Firefox/4.0.1"
204.48.19.85 - - [06/Jul/2021:05:29:47 -0400] "POST /wp-cron.php?doing_wp_cron=1625563787.5274960994720458984375 HTTP/1.1" 200 6295 "https://ajhydell.com/wp-cron.php?doing_wp_cron=1625563787.5274960994720458984375" "WordPress/5.7.2; https://ajhydell.com"
54.36.148.117 - - [06/Jul/2021:05:29:47 -0400] "GET /2019/06/27/ HTTP/1.1" 200 18722 "-" "Mozilla/5.0 (compatible; AhrefsBot/7.0; +http://ahrefs.com/robot/)"
77.247.108.77 - - [06/Jul/2021:05:30:03 -0400] "GET /admin/config.php HTTP/1.1" 404 64780 "-" "Mozilla/5.0 zgrab/0.x"
113.210.108.18 - - [06/Jul/2021:05:30:19 -0400] "POST /xmlrpc.php HTTP/1.1" 301 585 "-" "Mozilla/5.0 (X11; Linux i686; rv:2.0.1) Gecko/20100101 Firefox/4.0.1"
113.210.108.18 - - [06/Jul/2021:05:30:20 -0400] "GET /xmlrpc.php HTTP/1.1" 405 5837 "-" "Mozilla/5.0 (X11; Linux i686; rv:2.0.1) Gecko/20100101 Firefox/4.0.1"
213.239.216.194 - - [06/Jul/2021:05:30:51 -0400] "GET /robots.txt HTTP/1.1" 301 585 "-" "Mozilla/5.0 (compatible; MJ12bot/v1.4.8; http://mj12bot.com/)"
204.48.19.85 - - [06/Jul/2021:05:30:52 -0400] "POST /wp-cron.php?doing_wp_cron=1625563852.7132720947265625000000 HTTP/1.1" 200 6295 "https://ajhydell.com/wp-cron.php?doing_wp_cron=1625563852.7132720947265625000000" "WordPress/5.7.2; https://ajhydell.com"
213.239.216.194 - - [06/Jul/2021:05:30:52 -0400] "GET /robots.txt HTTP/1.1" 200 6065 "-" "Mozilla/5.0 (compatible; MJ12bot/v1.4.8; http://mj12bot.com/)"
213.239.216.194 - - [06/Jul/2021:05:30:56 -0400] "GET / HTTP/1.1" 301 509 "-" "Mozilla/5.0 (compatible; MJ12bot/v1.4.8; http://mj12bot.com/)"
213.239.216.194 - - [06/Jul/2021:05:31:00 -0400] "GET / HTTP/1.1" 200 20227 "-" "Mozilla/5.0 (compatible; MJ12bot/v1.4.8; http://mj12bot.com/)"
113.210.108.18 - - [06/Jul/2021:05:31:20 -0400] "POST /xmlrpc.php HTTP/1.1" 301 585 "-" "Mozilla/5.0 (X11; Linux i686; rv:2.0.1) Gecko/20100101 Firefox/4.0.1"
113.210.108.18 - - [06/Jul/2021:05:31:21 -0400] "GET /xmlrpc.php HTTP/1.1" 405 5837 "-" "Mozilla/5.0 (X11; Linux i686; rv:2.0.1) Gecko/20100101 Firefox/4.0.1"
5.255.253.148 - - [06/Jul/2021:05:31:38 -0400] "GET /robots.txt HTTP/1.1" 200 6535 "-" "Mozilla/5.0 (compatible; YandexBot/3.0; +http://yandex.com/bots)"
5.255.253.148 - - [06/Jul/2021:05:31:41 -0400] "GET /2020/04/29/peace-is-the-will-of-the-people-ussr-1960/ HTTP/1.1" 200 13251 "-" "Mozilla/5.0 (compatible; YandexBot/3.0; +http://yandex.com/bots)"
113.210.108.18 - - [06/Jul/2021:05:32:21 -0400] "POST /xmlrpc.php HTTP/1.1" 301 585 "-" "Mozilla/5.0 (X11; Linux i686; rv:2.0.1) Gecko/20100101 Firefox/4.0.1"
204.48.19.85 - - [06/Jul/2021:05:32:22 -0400] "POST /wp-cron.php?doing_wp_cron=1625563942.7298429012298583984375 HTTP/1.1" 200 6295 "https://ajhydell.com/wp-cron.php?doing_wp_cron=1625563942.7298429012298583984375" "WordPress/5.7.2; https://ajhydell.com"
113.210.108.18 - - [06/Jul/2021:05:32:22 -0400] "GET /xmlrpc.php HTTP/1.1" 405 5837 "-" "Mozilla/5.0 (X11; Linux i686; rv:2.0.1) Gecko/20100101 Firefox/4.0.1"
113.210.108.18 - - [06/Jul/2021:05:33:22 -0400] "POST /xmlrpc.php HTTP/1.1" 301 585 "-" "Mozilla/5.0 (X11; Linux i686; rv:2.0.1) Gecko/20100101 Firefox/4.0.1"
204.48.19.85 - - [06/Jul/2021:05:33:23 -0400] "POST /wp-cron.php?doing_wp_cron=1625564003.4776699542999267578125 HTTP/1.1" 200 6295 "https://ajhydell.com/wp-cron.php?doing_wp_cron=1625564003.4776699542999267578125" "WordPress/5.7.2; https://ajhydell.com"
113.210.108.18 - - [06/Jul/2021:05:33:23 -0400] "GET /xmlrpc.php HTTP/1.1" 405 5837 "-" "Mozilla/5.0 (X11; Linux i686; rv:2.0.1) Gecko/20100101 Firefox/4.0.1"
192.241.221.9 - - [06/Jul/2021:05:33:32 -0400] "GET /owa/auth/logon.aspx?url=https%3a%2f%2f1%2fecp%2f HTTP/1.1" 404 64781 "-" "Mozilla/5.0 zgrab/0.x"
185.191.171.15 - - [06/Jul/2021:05:33:42 -0400] "GET /2020/03/10/anti-western-fashion-soviet-poster-1970s/ HTTP/1.1" 200 19037 "-" "Mozilla/5.0 (compatible; SemrushBot/7~bl; +http://www.semrush.com/bot.html)"
113.210.108.18 - - [06/Jul/2021:05:34:23 -0400] "POST /xmlrpc.php HTTP/1.1" 301 585 "-" "Mozilla/5.0 (X11; Linux i686; rv:2.0.1) Gecko/20100101 Firefox/4.0.1"
204.48.19.85 - - [06/Jul/2021:05:34:24 -0400] "POST /wp-cron.php?doing_wp_cron=1625564064.4510378837585449218750 HTTP/1.1" 200 6295 "https://ajhydell.com/wp-cron.php?doing_wp_cron=1625564064.4510378837585449218750" "WordPress/5.7.2; https://ajhydell.com"
113.210.108.18 - - [06/Jul/2021:05:34:24 -0400] "GET /xmlrpc.php HTTP/1.1" 405 5837 "-" "Mozilla/5.0 (X11; Linux i686; rv:2.0.1) Gecko/20100101 Firefox/4.0.1"
113.210.108.18 - - [06/Jul/2021:05:35:24 -0400] "POST /xmlrpc.php HTTP/1.1" 301 585 "-" "Mozilla/5.0 (X11; Linux i686; rv:2.0.1) Gecko/20100101 Firefox/4.0.1"
204.48.19.85 - - [06/Jul/2021:05:35:25 -0400] "POST /wp-cron.php?doing_wp_cron=1625564125.3479371070861816406250 HTTP/1.1" 200 6295 "https://ajhydell.com/wp-cron.php?doing_wp_cron=1625564125.3479371070861816406250" "WordPress/5.7.2; https://ajhydell.com"
54.36.148.117 - - [06/Jul/2021:05:35:25 -0400] "GET /2021/02/22/my-late-grandmothers-school-portrait/ HTTP/1.1" 200 19030 "-" "Mozilla/5.0 (compatible; AhrefsBot/7.0; +http://ahrefs.com/robot/)"
113.210.108.18 - - [06/Jul/2021:05:35:25 -0400] "GET /xmlrpc.php HTTP/1.1" 405 5837 "-" "Mozilla/5.0 (X11; Linux i686; rv:2.0.1) Gecko/20100101 Firefox/4.0.1"
204.48.19.85 - - [06/Jul/2021:05:36:02 -0400] "POST /wp-cron.php?doing_wp_cron=1625564162.0635070800781250000000 HTTP/1.1" 200 6295 "https://ajhydell.com/wp-cron.php?doing_wp_cron=1625564162.0635070800781250000000" "WordPress/5.7.2; https://ajhydell.com"
167.71.107.82 - - [06/Jul/2021:05:36:01 -0400] "GET / HTTP/1.1" 301 6354 "-" "Mozilla/5.0 (Android 11; Mobile; rv:68.0) Gecko/68.0 Firefox/85.0"
167.71.107.82 - - [06/Jul/2021:05:36:02 -0400] "GET / HTTP/1.1" 200 20789 "https://www.ajhydell.com" "Mozilla/5.0 (Android 11; Mobile; rv:68.0) Gecko/68.0 Firefox/85.0"
113.210.108.18 - - [06/Jul/2021:05:36:25 -0400] "POST /xmlrpc.php HTTP/1.1" 301 585 "-" "Mozilla/5.0 (X11; Linux i686; rv:2.0.1) Gecko/20100101 Firefox/4.0.1"
113.210.108.18 - - [06/Jul/2021:05:36:26 -0400] "GET /xmlrpc.php HTTP/1.1" 405 5837 "-" "Mozilla/5.0 (X11; Linux i686; rv:2.0.1) Gecko/20100101 Firefox/4.0.1"
204.48.19.85 - - [06/Jul/2021:05:37:06 -0400] "POST /wp-cron.php?doing_wp_cron=1625564226.1936359405517578125000 HTTP/1.1" 200 6295 "https://ajhydell.com/wp-cron.php?doing_wp_cron=1625564226.1936359405517578125000" "WordPress/5.7.2; https://ajhydell.com"
157.55.39.22 - - [06/Jul/2021:05:37:06 -0400] "GET /2021/06/22/uss-cowpens-listing-hard-port-during-typhoon-cobra-in-the-philippine-sea-18-december-1944 HTTP/1.1" 301 6082 "-" "Mozilla/5.0 (compatible; bingbot/2.0; +http://www.bing.com/bingbot.htm)"
157.55.39.22 - - [06/Jul/2021:05:37:06 -0400] "GET /2021/06/22/uss-cowpens-listing-hard-port-during-typhoon-cobra-in-the-philippine-sea-18-december-1944/ HTTP/1.1" 200 19031 "-" "Mozilla/5.0 (compatible; bingbot/2.0; +http://www.bing.com/bingbot.htm)"
68.183.130.128 - - [06/Jul/2021:05:37:08 -0400] "GET /.env HTTP/1.1" 301 573 "-" "Mozilla/5.0 (X11; Linux x86_64) AppleWebKit/537.36 (KHTML, like Gecko) Chrome/81.0.4044.129 Safari/537.36"
68.183.130.128 - - [06/Jul/2021:05:37:08 -0400] "POST / HTTP/1.1" 301 565 "-" "Mozilla/5.0 (X11; Linux x86_64) AppleWebKit/537.36 (KHTML, like Gecko) Chrome/81.0.4044.129 Safari/537.36"
113.210.108.18 - - [06/Jul/2021:05:37:26 -0400] "POST /xmlrpc.php HTTP/1.1" 301 585 "-" "Mozilla/5.0 (X11; Linux i686; rv:2.0.1) Gecko/20100101 Firefox/4.0.1"
113.210.108.18 - - [06/Jul/2021:05:37:27 -0400] "GET /xmlrpc.php HTTP/1.1" 405 5837 "-" "Mozilla/5.0 (X11; Linux i686; rv:2.0.1) Gecko/20100101 Firefox/4.0.1"
216.244.66.250 - - [06/Jul/2021:05:37:51 -0400] "GET /robots.txt HTTP/1.1" 301 529 "-" "Mozilla/5.0 (compatible; DotBot/1.2; +https://opensiteexplorer.org/dotbot; help@moz.com)"
204.48.19.85 - - [06/Jul/2021:05:37:51 -0400] "POST /wp-cron.php?doing_wp_cron=1625564271.9506919384002685546875 HTTP/1.1" 200 6295 "https://ajhydell.com/wp-cron.php?doing_wp_cron=1625564271.9506919384002685546875" "WordPress/5.7.2; https://ajhydell.com"
216.244.66.250 - - [06/Jul/2021:05:37:51 -0400] "GET /robots.txt HTTP/1.1" 200 5859 "-" "Mozilla/5.0 (compatible; DotBot/1.2; +https://opensiteexplorer.org/dotbot; help@moz.com)"
113.210.108.18 - - [06/Jul/2021:05:38:27 -0400] "POST /xmlrpc.php HTTP/1.1" 301 585 "-" "Mozilla/5.0 (X11; Linux i686; rv:2.0.1) Gecko/20100101 Firefox/4.0.1"
113.210.108.18 - - [06/Jul/2021:05:38:28 -0400] "GET /xmlrpc.php HTTP/1.1" 405 5837 "-" "Mozilla/5.0 (X11; Linux i686; rv:2.0.1) Gecko/20100101 Firefox/4.0.1"
204.48.19.85 - - [06/Jul/2021:05:39:19 -0400] "POST /wp-cron.php?doing_wp_cron=1625564359.9539880752563476562500 HTTP/1.1" 200 6295 "https://ajhydell.com/wp-cron.php?doing_wp_cron=1625564359.9539880752563476562500" "WordPress/5.7.2; https://ajhydell.com"
17.121.114.147 - - [06/Jul/2021:05:39:19 -0400] "GET /2019/03/10/8-of-march-international-womens-day-postcard-circa-1950s/ HTTP/1.1" 200 18395 "-" "Mozilla/5.0 (Macintosh; Intel Mac OS X 10_15_5) AppleWebKit/605.1.15 (KHTML, like Gecko) Version/13.1.1 Safari/605.1.15 (Applebot/0.1; +http://www.apple.com/go/applebot)"
40.77.167.90 - - [06/Jul/2021:05:39:25 -0400] "GET /2021/07/06/president-of-lithuania-kazys-grinius-c-1926/ HTTP/1.1" 200 18490 "-" "Mozilla/5.0 (compatible; bingbot/2.0; +http://www.bing.com/bingbot.htm)"
40.77.139.19 - - [06/Jul/2021:05:39:26 -0400] "GET /wp-content/themes/royal-magazine/js/skip-link-focus-fix.js?ver=20151215 HTTP/1.1" 200 6966 "https://ajhydell.com/2021/07/06/president-of-lithuania-kazys-grinius-c-1926/" "Mozilla/5.0 (Windows NT 6.1; WOW64) AppleWebKit/534+ (KHTML, like Gecko) BingPreview/1.0b"
40.77.139.19 - - [06/Jul/2021:05:39:26 -0400] "GET /wp-includes/js/wp-embed.min.js?ver=5.7.2 HTTP/1.1" 200 7251 "https://ajhydell.com/2021/07/06/president-of-lithuania-kazys-grinius-c-1926/" "Mozilla/5.0 (Windows NT 6.1; WOW64) AppleWebKit/534+ (KHTML, like Gecko) BingPreview/1.0b"
40.77.139.19 - - [06/Jul/2021:05:39:26 -0400] "GET /wp-content/themes/royal-magazine/assets/libraries/slick/js/slick.min.js?ver=5.7.2 HTTP/1.1" 200 16732 "https://ajhydell.com/2021/07/06/president-of-lithuania-kazys-grinius-c-1926/" "Mozilla/5.0 (Windows NT 6.1; WOW64) AppleWebKit/534+ (KHTML, like Gecko) BingPreview/1.0b"
113.210.108.18 - - [06/Jul/2021:05:39:28 -0400] "POST /xmlrpc.php HTTP/1.1" 301 585 "-" "Mozilla/5.0 (X11; Linux i686; rv:2.0.1) Gecko/20100101 Firefox/4.0.1"
113.210.108.18 - - [06/Jul/2021:05:39:29 -0400] "GET /xmlrpc.php HTTP/1.1" 405 5837 "-" "Mozilla/5.0 (X11; Linux i686; rv:2.0.1) Gecko/20100101 Firefox/4.0.1"
