204.48.19.85 - - [28/Jun/2021:01:13:49 -0400] "POST /wp-cron.php?doing_wp_cron=1624857229.2816939353942871093750 HTTP/1.1" 200 5463 "https://ajhydell.com/wp-cron.php?doing_wp_cron=1624857229.2816939353942871093750" "WordPress/5.7.2; https://ajhydell.com"
192.99.10.93 - - [28/Jun/2021:01:13:49 -0400] "GET /2020/10/31/the-victory-of-the-united-nations-is-assured-three-soldiers-with-rifles-at-arms-march-before-the-flags-of-the-united-states-france-and-great-britain-vintage-british-wwii-poster-circa-1940s/feed/ HTTP/1.1" 200 5956 "-" "Mozilla/5.0 (compatible; MJ12bot/v1.4.8; http://mj12bot.com/)"
192.99.10.93 - - [28/Jun/2021:01:14:09 -0400] "GET /2020/12/07/ HTTP/1.1" 200 17845 "-" "Mozilla/5.0 (compatible; MJ12bot/v1.4.8; http://mj12bot.com/)"
192.99.10.93 - - [28/Jun/2021:01:14:30 -0400] "GET /2020/12/29/ HTTP/1.1" 200 17604 "-" "Mozilla/5.0 (compatible; MJ12bot/v1.4.8; http://mj12bot.com/)"
204.48.19.85 - - [28/Jun/2021:01:14:53 -0400] "POST /wp-cron.php?doing_wp_cron=1624857293.4278490543365478515625 HTTP/1.1" 200 5463 "https://ajhydell.com/wp-cron.php?doing_wp_cron=1624857293.4278490543365478515625" "WordPress/5.7.2; https://ajhydell.com"
192.99.10.93 - - [28/Jun/2021:01:14:53 -0400] "GET /2021/01/15/today-is-martin-luther-kings-birthday-here-he-is-in-1964-colorized-5000x3333/ HTTP/1.1" 200 17686 "-" "Mozilla/5.0 (compatible; MJ12bot/v1.4.8; http://mj12bot.com/)"
185.191.171.40 - - [28/Jun/2021:01:15:05 -0400] "GET /2021/06/05/actor-and-martial-arts-star-jackie-chan-at-the-benefit-concert-in-hong-kong-in-support-of-tiananmen-square-protesters-1989-640x463/ HTTP/1.1" 200 18401 "-" "Mozilla/5.0 (compatible; SemrushBot/7~bl; +http://www.semrush.com/bot.html)"
192.99.10.93 - - [28/Jun/2021:01:15:23 -0400] "GET /2021/01/15/visit-the-ussr-1960s/ HTTP/1.1" 200 17795 "-" "Mozilla/5.0 (compatible; MJ12bot/v1.4.8; http://mj12bot.com/)"
204.48.19.85 - - [28/Jun/2021:01:16:01 -0400] "POST /wp-cron.php?doing_wp_cron=1624857361.1524040699005126953125 HTTP/1.1" 200 5463 "https://ajhydell.com/wp-cron.php?doing_wp_cron=1624857361.1524040699005126953125" "WordPress/5.7.2; https://ajhydell.com"
192.99.10.93 - - [28/Jun/2021:01:16:01 -0400] "GET /2021/01/18/author-jack-london-circa-1904-photo-by-arnold-genthe-1200x1481/feed/ HTTP/1.1" 200 5844 "-" "Mozilla/5.0 (compatible; MJ12bot/v1.4.8; http://mj12bot.com/)"
54.36.149.36 - - [28/Jun/2021:01:16:14 -0400] "GET /2020/11/06/french-ww1-refugees-driven-away-by-the-german-forces-resting-at-lyon-train-station-in-paris-in-1918/ HTTP/1.1" 200 18417 "-" "Mozilla/5.0 (compatible; AhrefsBot/7.0; +http://ahrefs.com/robot/)"
192.99.10.93 - - [28/Jun/2021:01:16:31 -0400] "GET /2021/01/18/frozen-niagara-falls-1911-1200x750/feed/ HTTP/1.1" 200 5809 "-" "Mozilla/5.0 (compatible; MJ12bot/v1.4.8; http://mj12bot.com/)"
204.48.19.85 - - [28/Jun/2021:01:17:04 -0400] "POST /wp-cron.php?doing_wp_cron=1624857424.8785250186920166015625 HTTP/1.1" 200 5463 "https://ajhydell.com/wp-cron.php?doing_wp_cron=1624857424.8785250186920166015625" "WordPress/5.7.2; https://ajhydell.com"
192.99.10.93 - - [28/Jun/2021:01:17:04 -0400] "GET /2021/01/18/the-earliest-surviving-photo-of-the-white-house-1846/feed/ HTTP/1.1" 200 5813 "-" "Mozilla/5.0 (compatible; MJ12bot/v1.4.8; http://mj12bot.com/)"
192.99.10.93 - - [28/Jun/2021:01:17:35 -0400] "GET /2021/01/19/ HTTP/1.1" 200 17569 "-" "Mozilla/5.0 (compatible; MJ12bot/v1.4.8; http://mj12bot.com/)"
204.48.19.85 - - [28/Jun/2021:01:18:06 -0400] "POST /wp-cron.php?doing_wp_cron=1624857486.7749969959259033203125 HTTP/1.1" 200 5463 "https://ajhydell.com/wp-cron.php?doing_wp_cron=1624857486.7749969959259033203125" "WordPress/5.7.2; https://ajhydell.com"
192.99.10.93 - - [28/Jun/2021:01:18:06 -0400] "GET /2021/01/19/an-undercover-police-officer-on-duty-new-york-brooklyn-1-july-1969-855-x-1200/ HTTP/1.1" 200 17753 "-" "Mozilla/5.0 (compatible; MJ12bot/v1.4.8; http://mj12bot.com/)"
192.99.10.93 - - [28/Jun/2021:01:18:31 -0400] "GET /2021/01/19/coca-cola-1905/feed/ HTTP/1.1" 200 5770 "-" "Mozilla/5.0 (compatible; MJ12bot/v1.4.8; http://mj12bot.com/)"
23.100.232.233 - - [28/Jun/2021:01:18:41 -0400] "GET /2021/06/06/two-zulu-warriors-south-africa-1880s-1974-x-1440/ HTTP/1.1" 200 17413 "-" "Mozilla/5.0 (compatible; MSIE 9.0; Windows NT 6.0; Trident/5.0;  Trident/5.0)"
23.100.232.233 - - [28/Jun/2021:01:18:42 -0400] "GET /wp-content/plugins/add-expires-headers/cache/0/com/processed-header-f16a8d323e83e1bc1b76514e283fb81b7090a959.min.css HTTP/1.1" 200 52893 "https://ajhydell.com/2021/06/06/two-zulu-warriors-south-africa-1880s-1974-x-1440/" "Mozilla/5.0 (compatible; MSIE 9.0; Windows NT 6.0; Trident/5.0;  Trident/5.0)"
23.100.232.233 - - [28/Jun/2021:01:18:43 -0400] "GET /wp-includes/js/jquery/jquery.min.js?ver=3.5.1 HTTP/1.1" 200 31550 "https://ajhydell.com/2021/06/06/two-zulu-warriors-south-africa-1880s-1974-x-1440/" "Mozilla/5.0 (compatible; MSIE 9.0; Windows NT 6.0; Trident/5.0;  Trident/5.0)"
23.100.232.233 - - [28/Jun/2021:01:18:43 -0400] "GET /wp-content/plugins/google-analytics-for-wordpress/assets/js/frontend-gtag.min.js?ver=7.17.0 HTTP/1.1" 200 3476 "https://ajhydell.com/2021/06/06/two-zulu-warriors-south-africa-1880s-1974-x-1440/" "Mozilla/5.0 (compatible; MSIE 9.0; Windows NT 6.0; Trident/5.0;  Trident/5.0)"
23.100.232.233 - - [28/Jun/2021:01:18:43 -0400] "GET /wp-includes/js/jquery/jquery-migrate.min.js?ver=3.3.2 HTTP/1.1" 200 4687 "https://ajhydell.com/2021/06/06/two-zulu-warriors-south-africa-1880s-1974-x-1440/" "Mozilla/5.0 (compatible; MSIE 9.0; Windows NT 6.0; Trident/5.0;  Trident/5.0)"
23.100.232.233 - - [28/Jun/2021:01:18:44 -0400] "GET /wp-includes/js/wp-emoji-release.min.js?ver=5.7.2 HTTP/1.1" 200 5183 "https://ajhydell.com/2021/06/06/two-zulu-warriors-south-africa-1880s-1974-x-1440/" "Mozilla/5.0 (compatible; MSIE 9.0; Windows NT 6.0; Trident/5.0;  Trident/5.0)"
23.100.232.233 - - [28/Jun/2021:01:18:44 -0400] "GET /wp-content/plugins/wp-smushit/app/assets/js/smush-lazy-load.min.js?ver=3.8.5 HTTP/1.1" 200 4207 "https://ajhydell.com/2021/06/06/two-zulu-warriors-south-africa-1880s-1974-x-1440/" "Mozilla/5.0 (compatible; MSIE 9.0; Windows NT 6.0; Trident/5.0;  Trident/5.0)"
23.100.232.233 - - [28/Jun/2021:01:18:45 -0400] "GET /wp-content/themes/royal-magazine/js/navigation.js?ver=20151215 HTTP/1.1" 200 1349 "https://ajhydell.com/2021/06/06/two-zulu-warriors-south-africa-1880s-1974-x-1440/" "Mozilla/5.0 (compatible; MSIE 9.0; Windows NT 6.0; Trident/5.0;  Trident/5.0)"
23.100.232.233 - - [28/Jun/2021:01:18:45 -0400] "GET /wp-content/themes/royal-magazine/js/skip-link-focus-fix.js?ver=20151215 HTTP/1.1" 200 933 "https://ajhydell.com/2021/06/06/two-zulu-warriors-south-africa-1880s-1974-x-1440/" "Mozilla/5.0 (compatible; MSIE 9.0; Windows NT 6.0; Trident/5.0;  Trident/5.0)"
23.100.232.233 - - [28/Jun/2021:01:18:46 -0400] "GET /wp-content/themes/royal-magazine/assets/libraries/bootstrap/js/bootstrap.min.js?ver=5.7.2 HTTP/1.1" 200 10404 "https://ajhydell.com/2021/06/06/two-zulu-warriors-south-africa-1880s-1974-x-1440/" "Mozilla/5.0 (compatible; MSIE 9.0; Windows NT 6.0; Trident/5.0;  Trident/5.0)"
23.100.232.233 - - [28/Jun/2021:01:18:46 -0400] "GET /wp-content/themes/royal-magazine/assets/libraries/marquee/jquery.marquee.js?ver=5.7.2 HTTP/1.1" 200 5103 "https://ajhydell.com/2021/06/06/two-zulu-warriors-south-africa-1880s-1974-x-1440/" "Mozilla/5.0 (compatible; MSIE 9.0; Windows NT 6.0; Trident/5.0;  Trident/5.0)"
23.100.232.233 - - [28/Jun/2021:01:18:46 -0400] "GET /wp-content/themes/royal-magazine/assets/libraries/magnific-popup/jquery.magnific-popup.min.js?ver=5.7.2 HTTP/1.1" 200 7871 "https://ajhydell.com/2021/06/06/two-zulu-warriors-south-africa-1880s-1974-x-1440/" "Mozilla/5.0 (compatible; MSIE 9.0; Windows NT 6.0; Trident/5.0;  Trident/5.0)"
23.100.232.233 - - [28/Jun/2021:01:18:46 -0400] "GET /wp-content/themes/royal-magazine/assets/twp/js/custom-script.js?ver=5.7.2 HTTP/1.1" 200 3023 "https://ajhydell.com/2021/06/06/two-zulu-warriors-south-africa-1880s-1974-x-1440/" "Mozilla/5.0 (compatible; MSIE 9.0; Windows NT 6.0; Trident/5.0;  Trident/5.0)"
23.100.232.233 - - [28/Jun/2021:01:18:47 -0400] "GET /wp-content/plugins/facebook-pagelike-widget/fb.js?ver=1.0 HTTP/1.1" 200 821 "https://ajhydell.com/2021/06/06/two-zulu-warriors-south-africa-1880s-1974-x-1440/" "Mozilla/5.0 (compatible; MSIE 9.0; Windows NT 6.0; Trident/5.0;  Trident/5.0)"
23.100.232.233 - - [28/Jun/2021:01:18:47 -0400] "GET /wp-content/themes/royal-magazine/assets/libraries/slick/js/slick.min.js?ver=5.7.2 HTTP/1.1" 200 10740 "https://ajhydell.com/2021/06/06/two-zulu-warriors-south-africa-1880s-1974-x-1440/" "Mozilla/5.0 (compatible; MSIE 9.0; Windows NT 6.0; Trident/5.0;  Trident/5.0)"
23.100.232.233 - - [28/Jun/2021:01:18:47 -0400] "GET /wp-includes/js/wp-embed.min.js?ver=5.7.2 HTTP/1.1" 200 1221 "https://ajhydell.com/2021/06/06/two-zulu-warriors-south-africa-1880s-1974-x-1440/" "Mozilla/5.0 (compatible; MSIE 9.0; Windows NT 6.0; Trident/5.0;  Trident/5.0)"
23.100.232.233 - - [28/Jun/2021:01:18:47 -0400] "GET /wp-content/themes/royal-magazine/assets/libraries/theiaStickySidebar/theia-sticky-sidebar.min.js?ver=5.7.2 HTTP/1.1" 200 2271 "https://ajhydell.com/2021/06/06/two-zulu-warriors-south-africa-1880s-1974-x-1440/" "Mozilla/5.0 (compatible; MSIE 9.0; Windows NT 6.0; Trident/5.0;  Trident/5.0)"
204.48.19.85 - - [28/Jun/2021:01:18:58 -0400] "POST /wp-cron.php?doing_wp_cron=1624857538.4143040180206298828125 HTTP/1.1" 200 5463 "https://ajhydell.com/wp-cron.php?doing_wp_cron=1624857538.4143040180206298828125" "WordPress/5.7.2; https://ajhydell.com"
192.99.10.93 - - [28/Jun/2021:01:18:58 -0400] "GET /2021/01/19/when-east-met-west-at-the-river-elbe-in-1945-an-american-a-soviet-and-a-british-soldier-share-camel-cigarettes-torgau-april-1945/ HTTP/1.1" 200 17748 "-" "Mozilla/5.0 (compatible; MJ12bot/v1.4.8; http://mj12bot.com/)"
192.99.10.93 - - [28/Jun/2021:01:19:24 -0400] "GET /2021/01/20/a-caricature-by-mexican-artist-miguel-covarrubias-1933/ HTTP/1.1" 200 17632 "-" "Mozilla/5.0 (compatible; MJ12bot/v1.4.8; http://mj12bot.com/)"
204.48.19.85 - - [28/Jun/2021:01:19:49 -0400] "POST /wp-cron.php?doing_wp_cron=1624857589.7662279605865478515625 HTTP/1.1" 200 5463 "https://ajhydell.com/wp-cron.php?doing_wp_cron=1624857589.7662279605865478515625" "WordPress/5.7.2; https://ajhydell.com"
192.99.10.93 - - [28/Jun/2021:01:19:49 -0400] "GET /2021/01/20/finnish-soldier-using-a-20mm-lahti-l39-in-an-anti-aircraft-role/ HTTP/1.1" 200 17837 "-" "Mozilla/5.0 (compatible; MJ12bot/v1.4.8; http://mj12bot.com/)"
192.99.10.93 - - [28/Jun/2021:01:20:26 -0400] "GET /2021/01/21/off-the-wall-vans-skateboard-shoes-1977/ HTTP/1.1" 200 17772 "-" "Mozilla/5.0 (compatible; MJ12bot/v1.4.8; http://mj12bot.com/)"
192.99.10.93 - - [28/Jun/2021:01:20:44 -0400] "GET /2021/01/22/a-german-prisoner-of-war-rebuilding-stalingrad-1947-848-x-1170/ HTTP/1.1" 200 17679 "-" "Mozilla/5.0 (compatible; MJ12bot/v1.4.8; http://mj12bot.com/)"
204.48.19.85 - - [28/Jun/2021:01:21:01 -0400] "POST /wp-cron.php?doing_wp_cron=1624857661.5812900066375732421875 HTTP/1.1" 200 5463 "https://ajhydell.com/wp-cron.php?doing_wp_cron=1624857661.5812900066375732421875" "WordPress/5.7.2; https://ajhydell.com"
54.36.148.34 - - [28/Jun/2021:01:21:01 -0400] "GET /2019/11/25/teenage-girl-1855/ HTTP/1.1" 200 18092 "-" "Mozilla/5.0 (compatible; AhrefsBot/7.0; +http://ahrefs.com/robot/)"
192.99.10.93 - - [28/Jun/2021:01:21:43 -0400] "GET /2021/01/22/switzerland-a-good-air-defence-is-good-self-defense-1935/ HTTP/1.1" 200 17612 "-" "Mozilla/5.0 (compatible; MJ12bot/v1.4.8; http://mj12bot.com/)"
204.48.19.85 - - [28/Jun/2021:01:21:48 -0400] "POST /wp-cron.php?doing_wp_cron=1624857708.2012450695037841796875 HTTP/1.1" 200 5463 "https://ajhydell.com/wp-cron.php?doing_wp_cron=1624857708.2012450695037841796875" "WordPress/5.7.2; https://ajhydell.com"
49.7.20.65 - - [28/Jun/2021:01:21:48 -0400] "GET / HTTP/1.1" 200 19109 "-" "Sogou web spider/4.0(+http://www.sogou.com/docs/help/webmasters.htm#07)"
192.99.10.93 - - [28/Jun/2021:01:22:12 -0400] "GET /2021/01/25/marines-riding-a-m4a3-sherman-of-company-a-6th-tank-battalion-during-the-6th-marine-divisions-drive-along-the-west-coast-of-okinawa-japan-6-april-1945-original-description-and-photo-sourced-by/ HTTP/1.1" 200 18051 "-" "Mozilla/5.0 (compatible; MJ12bot/v1.4.8; http://mj12bot.com/)"
192.99.10.93 - - [28/Jun/2021:01:22:42 -0400] "GET /2021/01/26/a-late-night-in-chicago-photo-bruce-davidson-1962/ HTTP/1.1" 200 17611 "-" "Mozilla/5.0 (compatible; MJ12bot/v1.4.8; http://mj12bot.com/)"
204.48.19.85 - - [28/Jun/2021:01:22:47 -0400] "POST /wp-cron.php?doing_wp_cron=1624857767.3267560005187988281250 HTTP/1.1" 200 5463 "https://ajhydell.com/wp-cron.php?doing_wp_cron=1624857767.3267560005187988281250" "WordPress/5.7.2; https://ajhydell.com"
143.110.154.144 - - [28/Jun/2021:01:22:47 -0400] "GET /wp-login.php HTTP/1.1" 200 7773 "-" "Mozilla/5.0 (X11; Ubuntu; Linux x86_64; rv:62.0) Gecko/20100101 Firefox/62.0"
143.110.154.144 - - [28/Jun/2021:01:22:47 -0400] "POST /wp-login.php HTTP/1.1" 200 7863 "-" "Mozilla/5.0 (X11; Ubuntu; Linux x86_64; rv:62.0) Gecko/20100101 Firefox/62.0"
204.48.19.85 - - [28/Jun/2021:01:23:27 -0400] "POST /wp-cron.php?doing_wp_cron=1624857807.5983090400695800781250 HTTP/1.1" 200 5463 "https://ajhydell.com/wp-cron.php?doing_wp_cron=1624857807.5983090400695800781250" "WordPress/5.7.2; https://ajhydell.com"
192.99.10.93 - - [28/Jun/2021:01:23:27 -0400] "GET /2021/01/26/frazier-vs-ali-1971/ HTTP/1.1" 200 17441 "-" "Mozilla/5.0 (compatible; MJ12bot/v1.4.8; http://mj12bot.com/)"
204.48.19.85 - - [28/Jun/2021:01:23:55 -0400] "POST /wp-cron.php?doing_wp_cron=1624857835.5235860347747802734375 HTTP/1.1" 200 5463 "https://ajhydell.com/wp-cron.php?doing_wp_cron=1624857835.5235860347747802734375" "WordPress/5.7.2; https://ajhydell.com"
192.99.10.93 - - [28/Jun/2021:01:23:55 -0400] "GET /2021/01/26/the-queen-during-her-first-tour-of-australia-3rd-february-1954-2000-x-1617/ HTTP/1.1" 200 17666 "-" "Mozilla/5.0 (compatible; MJ12bot/v1.4.8; http://mj12bot.com/)"
192.99.10.93 - - [28/Jun/2021:01:24:24 -0400] "GET /2021/01/27/insert-upside-down-australia-joke-here-1952/ HTTP/1.1" 200 17730 "-" "Mozilla/5.0 (compatible; MJ12bot/v1.4.8; http://mj12bot.com/)"
54.37.22.92 - - [28/Jun/2021:01:24:39 -0400] "GET /wp-content/uploads/2021/02/picture-48.jpg HTTP/1.1" 200 459195 "-" "-"
204.48.19.85 - - [28/Jun/2021:01:24:56 -0400] "POST /wp-cron.php?doing_wp_cron=1624857896.3898050785064697265625 HTTP/1.1" 200 5463 "https://ajhydell.com/wp-cron.php?doing_wp_cron=1624857896.3898050785064697265625" "WordPress/5.7.2; https://ajhydell.com"
192.99.10.93 - - [28/Jun/2021:01:24:56 -0400] "GET /2021/01/27/university-students-in-uppsala-sweden-may-11-1911/ HTTP/1.1" 200 17803 "-" "Mozilla/5.0 (compatible; MJ12bot/v1.4.8; http://mj12bot.com/)"
192.99.10.93 - - [28/Jun/2021:01:25:32 -0400] "GET /2021/01/29/neuralgine-the-great-pain-cure-1886ish/ HTTP/1.1" 200 17680 "-" "Mozilla/5.0 (compatible; MJ12bot/v1.4.8; http://mj12bot.com/)"
204.48.19.85 - - [28/Jun/2021:01:25:50 -0400] "POST /wp-cron.php?doing_wp_cron=1624857950.1229279041290283203125 HTTP/1.1" 200 5463 "https://ajhydell.com/wp-cron.php?doing_wp_cron=1624857950.1229279041290283203125" "WordPress/5.7.2; https://ajhydell.com"
54.36.149.36 - - [28/Jun/2021:01:25:50 -0400] "GET /2019/08/19/fundamentalist-christian-propaganda-targeted-at-the-modernists-movement-during-the-schism-in-the-1920s-1930s-in-the-presbyterian-church-in-america/ HTTP/1.1" 200 18317 "-" "Mozilla/5.0 (compatible; AhrefsBot/7.0; +http://ahrefs.com/robot/)"
192.99.10.93 - - [28/Jun/2021:01:26:15 -0400] "GET /2021/01/31/a-de-havilland-mosquito-fb-mark-vi-of-no-110-squadron-raf-taxies-out-for-a-sortie-past-another-aircraft-of-the-squadron-at-joari-india-january-1945/ HTTP/1.1" 200 18005 "-" "Mozilla/5.0 (compatible; MJ12bot/v1.4.8; http://mj12bot.com/)"
54.37.22.13 - - [28/Jun/2021:01:26:17 -0400] "GET /wp-content/uploads/2020/11/picture-45.jpg HTTP/1.1" 200 100360 "-" "-"
204.48.19.85 - - [28/Jun/2021:01:26:47 -0400] "POST /wp-cron.php?doing_wp_cron=1624858007.3103799819946289062500 HTTP/1.1" 200 5463 "https://ajhydell.com/wp-cron.php?doing_wp_cron=1624858007.3103799819946289062500" "WordPress/5.7.2; https://ajhydell.com"
192.99.10.93 - - [28/Jun/2021:01:26:47 -0400] "GET /3619-2/ HTTP/1.1" 301 5014 "-" "Mozilla/5.0 (compatible; MJ12bot/v1.4.8; http://mj12bot.com/)"
192.99.10.93 - - [28/Jun/2021:01:27:10 -0400] "GET /index.php HTTP/1.1" 301 5001 "-" "Mozilla/5.0 (compatible; MJ12bot/v1.4.8; http://mj12bot.com/)"
192.99.10.93 - - [28/Jun/2021:01:27:42 -0400] "GET / HTTP/1.1" 200 19020 "-" "Mozilla/5.0 (compatible; MJ12bot/v1.4.8; http://mj12bot.com/)"
54.37.22.180 - - [28/Jun/2021:01:27:51 -0400] "GET /wp-content/uploads/2021/02/picture-18.jpg HTTP/1.1" 200 757500 "-" "-"
204.48.19.85 - - [28/Jun/2021:01:28:03 -0400] "POST /wp-cron.php?doing_wp_cron=1624858083.8769190311431884765625 HTTP/1.1" 200 5463 "https://ajhydell.com/wp-cron.php?doing_wp_cron=1624858083.8769190311431884765625" "WordPress/5.7.2; https://ajhydell.com"
207.46.13.96 - - [28/Jun/2021:01:28:03 -0400] "GET /2021/03/27/mattels-new-m-16-marauder-if-you-think-this-gun-looks-great-waitll-you-hear-it-1966/ HTTP/1.1" 200 17908 "-" "Mozilla/5.0 (compatible; bingbot/2.0; +http://www.bing.com/bingbot.htm)"
51.38.42.39 - - [28/Jun/2021:01:28:11 -0400] "GET /wp-login.php HTTP/1.1" 200 7773 "-" "Mozilla/5.0 (X11; Ubuntu; Linux x86_64; rv:62.0) Gecko/20100101 Firefox/62.0"
51.38.42.39 - - [28/Jun/2021:01:28:11 -0400] "POST /wp-login.php HTTP/1.1" 200 7863 "-" "Mozilla/5.0 (X11; Ubuntu; Linux x86_64; rv:62.0) Gecko/20100101 Firefox/62.0"
51.38.42.39 - - [28/Jun/2021:01:28:12 -0400] "POST /xmlrpc.php HTTP/1.1" 200 5020 "-" "Mozilla/5.0 (X11; Ubuntu; Linux x86_64; rv:62.0) Gecko/20100101 Firefox/62.0"
192.99.10.93 - - [28/Jun/2021:01:28:13 -0400] "GET /comments/feed/ HTTP/1.1" 200 5568 "-" "Mozilla/5.0 (compatible; MJ12bot/v1.4.8; http://mj12bot.com/)"
47.39.144.192 - - [28/Jun/2021:01:28:46 -0400] "GET /wp-content/uploads/2019/12/picture-29-745x1024.jpg HTTP/1.1" 200 161463 "https://www.ecosia.org/" "Mozilla/5.0 (Windows NT 10.0; Win64; x64) AppleWebKit/537.36 (KHTML, like Gecko) Chrome/91.0.4472.124 Safari/537.36"
204.48.19.85 - - [28/Jun/2021:01:28:54 -0400] "POST /wp-cron.php?doing_wp_cron=1624858134.7952189445495605468750 HTTP/1.1" 200 5463 "https://ajhydell.com/wp-cron.php?doing_wp_cron=1624858134.7952189445495605468750" "WordPress/5.7.2; https://ajhydell.com"
192.99.10.93 - - [28/Jun/2021:01:28:54 -0400] "GET /feed/ HTTP/1.1" 200 6909 "-" "Mozilla/5.0 (compatible; MJ12bot/v1.4.8; http://mj12bot.com/)"
207.46.13.22 - - [28/Jun/2021:01:29:36 -0400] "GET /sitemap.xml HTTP/1.1" 200 5936 "-" "Mozilla/5.0 (compatible; bingbot/2.0; +http://www.bing.com/bingbot.htm)"
204.48.19.85 - - [28/Jun/2021:01:29:58 -0400] "POST /wp-cron.php?doing_wp_cron=1624858198.9664330482482910156250 HTTP/1.1" 200 5463 "https://ajhydell.com/wp-cron.php?doing_wp_cron=1624858198.9664330482482910156250" "WordPress/5.7.2; https://ajhydell.com"
66.249.75.220 - - [28/Jun/2021:01:29:58 -0400] "GET /feed/ HTTP/1.1" 200 7437 "-" "Mozilla/5.0 (compatible; Googlebot/2.1; +http://www.google.com/bot.html)"
157.55.39.136 - - [28/Jun/2021:01:30:13 -0400] "GET /2021/04/26/couple-in-penn-station-sharing-farewell-kiss-before-he-ships-off-to-war-during-wwii-1943/ HTTP/1.1" 200 17821 "-" "Mozilla/5.0 (compatible; bingbot/2.0; +http://www.bing.com/bingbot.htm)"
54.36.149.36 - - [28/Jun/2021:01:30:36 -0400] "GET /2020/01/31/normandy-landing-beach-obstacles-robert-capa-photo/ HTTP/1.1" 200 18209 "-" "Mozilla/5.0 (compatible; AhrefsBot/7.0; +http://ahrefs.com/robot/)"
20.99.139.92 - - [28/Jun/2021:01:30:42 -0400] "GET /wp-content/uploads/2020/03/picture-48.jpg HTTP/1.1" 200 659055 "https://yandex.com/images/search?text=gas%20gun&pos=358&p=11&img_url=https%3A%2F%2Freibert.info%2Fdata%2Fattachments%2F15242%2F15242671-e939042b29723fdf10c841ce52f32bf6.jpg&rpt=simage" "Mozilla/5.0 (X11; Linux x86_64) AppleWebKit/537.36 (KHTML, like Gecko) HeadlessChrome/91.0.4472.77 Safari/537.36"
204.48.19.85 - - [28/Jun/2021:01:33:31 -0400] "POST /wp-cron.php?doing_wp_cron=1624858411.3411331176757812500000 HTTP/1.1" 200 5463 "https://ajhydell.com/wp-cron.php?doing_wp_cron=1624858411.3411331176757812500000" "WordPress/5.7.2; https://ajhydell.com"
185.191.171.33 - - [28/Jun/2021:01:33:31 -0400] "GET /robots.txt HTTP/1.1" 200 5648 "-" "Mozilla/5.0 (compatible; SemrushBot/7~bl; +http://www.semrush.com/bot.html)"
185.191.171.38 - - [28/Jun/2021:01:33:31 -0400] "GET /2021/05/19/wara-stay-out-poland-1939-on-the-eve-of-the-german-invasion/ HTTP/1.1" 200 18219 "-" "Mozilla/5.0 (compatible; SemrushBot/7~bl; +http://www.semrush.com/bot.html)"
204.48.19.85 - - [28/Jun/2021:01:35:15 -0400] "POST /wp-cron.php?doing_wp_cron=1624858515.9668910503387451171875 HTTP/1.1" 200 5463 "https://ajhydell.com/wp-cron.php?doing_wp_cron=1624858515.9668910503387451171875" "WordPress/5.7.2; https://ajhydell.com"
54.36.148.164 - - [28/Jun/2021:01:35:15 -0400] "GET /2019/10/13/pepperoni-and-sony-1973-ad-for-sony-portable-tvs/ HTTP/1.1" 200 18165 "-" "Mozilla/5.0 (compatible; AhrefsBot/7.0; +http://ahrefs.com/robot/)"
195.201.58.104 - - [28/Jun/2021:01:35:26 -0400] "GET /2021/03/22/june-1988-up-to-the-minute-fingerwear/feed/ HTTP/1.1" 200 5716 "-" "AwarioRssBot/1.0 (+https://awario.com/bots.html; bots@awario.com)"
195.201.58.104 - - [28/Jun/2021:01:35:26 -0400] "GET /2021/03/22/members-of-the-ikeda-mission-in-front-of-the-sphinx-1864-during-the-second-japanese-embassy-to-europe-1863-607x427/feed/ HTTP/1.1" 200 5807 "-" "AwarioRssBot/1.0 (+https://awario.com/bots.html; bots@awario.com)"
195.201.58.104 - - [28/Jun/2021:01:35:26 -0400] "GET /2021/03/22/may-9-victory-day-bulgaria-1980-racho-burov/feed/ HTTP/1.1" 200 5734 "-" "AwarioRssBot/1.0 (+https://awario.com/bots.html; bots@awario.com)"
204.48.19.85 - - [28/Jun/2021:01:35:50 -0400] "POST /wp-cron.php?doing_wp_cron=1624858550.4192850589752197265625 HTTP/1.1" 200 5463 "https://ajhydell.com/wp-cron.php?doing_wp_cron=1624858550.4192850589752197265625" "WordPress/5.7.2; https://ajhydell.com"
185.191.171.42 - - [28/Jun/2021:01:35:50 -0400] "GET /2019/01/29/british-anti-racism-ad-propably-late-20th-century/ HTTP/1.1" 200 18125 "-" "Mozilla/5.0 (compatible; SemrushBot/7~bl; +http://www.semrush.com/bot.html)"
195.201.58.104 - - [28/Jun/2021:01:36:03 -0400] "GET /2021/03/25/if-you-talk-to-much-this-man-may-die-written-around-a-mirror-world-war-ii/feed/ HTTP/1.1" 200 1372 "-" "AwarioRssBot/1.0 (+https://awario.com/bots.html; bots@awario.com)"
157.55.39.22 - - [28/Jun/2021:01:36:14 -0400] "GET /2021/06/23/freddie-mercury-with-his-mother-1947-448x700 HTTP/1.1" 301 5205 "-" "Mozilla/5.0 (compatible; bingbot/2.0; +http://www.bing.com/bingbot.htm)"
157.55.39.22 - - [28/Jun/2021:01:36:15 -0400] "GET /2021/06/23/freddie-mercury-with-his-mother-1947-448x700/ HTTP/1.1" 200 17716 "-" "Mozilla/5.0 (compatible; bingbot/2.0; +http://www.bing.com/bingbot.htm)"
195.201.58.104 - - [28/Jun/2021:01:36:18 -0400] "GET /2021/03/22/russian-boys-near-stalingrad-with-equipment-abandoned-by-the-germans-february-1943-colorized/feed/ HTTP/1.1" 200 1371 "-" "AwarioRssBot/1.0 (+https://awario.com/bots.html; bots@awario.com)"
54.37.22.56 - - [28/Jun/2021:01:36:24 -0400] "GET /wp-content/uploads/2020/11/picture-14.jpg HTTP/1.1" 200 966262 "-" "-"
195.201.58.104 - - [28/Jun/2021:01:36:31 -0400] "GET /2021/03/25/photographer-lewis-hines-power-house-mechanic/feed/ HTTP/1.1" 200 1332 "-" "AwarioRssBot/1.0 (+https://awario.com/bots.html; bots@awario.com)"
51.38.211.30 - - [28/Jun/2021:01:36:31 -0400] "GET /wp-login.php HTTP/1.1" 200 7773 "-" "Mozilla/5.0 (X11; Ubuntu; Linux x86_64; rv:62.0) Gecko/20100101 Firefox/62.0"
51.38.211.30 - - [28/Jun/2021:01:36:32 -0400] "POST /wp-login.php HTTP/1.1" 200 7864 "-" "Mozilla/5.0 (X11; Ubuntu; Linux x86_64; rv:62.0) Gecko/20100101 Firefox/62.0"
51.38.211.30 - - [28/Jun/2021:01:36:33 -0400] "POST /xmlrpc.php HTTP/1.1" 200 5020 "-" "Mozilla/5.0 (X11; Ubuntu; Linux x86_64; rv:62.0) Gecko/20100101 Firefox/62.0"
40.64.106.11 - - [28/Jun/2021:01:37:33 -0400] "GET /wp-content/uploads/2018/09/picture-114.jpg HTTP/1.1" 200 3736670 "-" "DuckDuckBot/1.1; (+http://duckduckgo.com/duckduckbot.html)"
204.48.19.85 - - [28/Jun/2021:01:39:22 -0400] "POST /wp-cron.php?doing_wp_cron=1624858762.9238901138305664062500 HTTP/1.1" 200 5463 "https://ajhydell.com/wp-cron.php?doing_wp_cron=1624858762.9238901138305664062500" "WordPress/5.7.2; https://ajhydell.com"
141.8.142.78 - - [28/Jun/2021:01:39:22 -0400] "GET /robots.txt HTTP/1.1" 200 5703 "-" "Mozilla/5.0 (compatible; YandexBot/3.0; +http://yandex.com/bots)"
141.8.142.78 - - [28/Jun/2021:01:39:26 -0400] "GET /wp-content/uploads/2018/09/picture-118.jpg HTTP/1.1" 304 276 "-" "Mozilla/5.0 (compatible; YandexImages/3.0; +http://yandex.com/bots)"
204.48.19.85 - - [28/Jun/2021:01:40:08 -0400] "POST /wp-cron.php?doing_wp_cron=1624858808.8968329429626464843750 HTTP/1.1" 200 5463 "https://ajhydell.com/wp-cron.php?doing_wp_cron=1624858808.8968329429626464843750" "WordPress/5.7.2; https://ajhydell.com"
54.36.149.36 - - [28/Jun/2021:01:40:08 -0400] "GET /2019/08/19/lenin-in-the-1917-revolution-statue-lenin-museum-kyrgyzstan-1980s/ HTTP/1.1" 200 18194 "-" "Mozilla/5.0 (compatible; AhrefsBot/7.0; +http://ahrefs.com/robot/)"
204.48.19.85 - - [28/Jun/2021:01:42:23 -0400] "POST /wp-cron.php?doing_wp_cron=1624858943.5429589748382568359375 HTTP/1.1" 200 5463 "https://ajhydell.com/wp-cron.php?doing_wp_cron=1624858943.5429589748382568359375" "WordPress/5.7.2; https://ajhydell.com"
66.249.75.222 - - [28/Jun/2021:01:42:23 -0400] "GET /2020/02/28/funeral-of-kaiser-wilhelm-i-march-1888-988-x-676/ HTTP/1.1" 200 18110 "-" "Mozilla/5.0 (Linux; Android 6.0.1; Nexus 5X Build/MMB29P) AppleWebKit/537.36 (KHTML, like Gecko) Chrome/91.0.4472.90 Mobile Safari/537.36 (compatible; Googlebot/2.1; +http://www.google.com/bot.html)"
54.37.23.134 - - [28/Jun/2021:01:43:15 -0400] "GET /wp-content/uploads/2021/02/picture-75.jpg HTTP/1.1" 200 92837 "-" "-"
204.48.19.85 - - [28/Jun/2021:01:44:06 -0400] "POST /wp-cron.php?doing_wp_cron=1624859046.9320499897003173828125 HTTP/1.1" 200 5463 "https://ajhydell.com/wp-cron.php?doing_wp_cron=1624859046.9320499897003173828125" "WordPress/5.7.2; https://ajhydell.com"
141.8.142.78 - - [28/Jun/2021:01:44:06 -0400] "GET /2018/09/26/seven-up-float-1958/ HTTP/1.1" 200 18089 "-" "Mozilla/5.0 (compatible; YandexBot/3.0; +http://yandex.com/bots)"
49.7.20.65 - - [28/Jun/2021:01:44:23 -0400] "GET / HTTP/1.1" 200 19109 "-" "Sogou web spider/4.0(+http://www.sogou.com/docs/help/webmasters.htm#07)"
204.48.19.85 - - [28/Jun/2021:01:44:46 -0400] "POST /wp-cron.php?doing_wp_cron=1624859086.8440580368041992187500 HTTP/1.1" 200 5463 "https://ajhydell.com/wp-cron.php?doing_wp_cron=1624859086.8440580368041992187500" "WordPress/5.7.2; https://ajhydell.com"
141.8.142.78 - - [28/Jun/2021:01:44:46 -0400] "GET /wp-json/wp/v2/posts/736 HTTP/1.1" 200 7844 "-" "Mozilla/5.0 (compatible; YandexBot/3.0; +http://yandex.com/bots)"
141.8.142.78 - - [28/Jun/2021:01:44:50 -0400] "GET /2018/09/25/an-italian-sentry-on-the-albanian-front-during-the-greco-italian-war-1941-1348-x-1408/ HTTP/1.1" 200 13131 "-" "Mozilla/5.0 (compatible; YandexBot/3.0; +http://yandex.com/bots)"
54.36.149.16 - - [28/Jun/2021:01:44:51 -0400] "GET /2019/10/05/troop-446-boy-scouts-meeting-in-the-community-center-of-the-ida-b-wells-housing-project-chicago-1942/ HTTP/1.1" 200 18376 "-" "Mozilla/5.0 (compatible; AhrefsBot/7.0; +http://ahrefs.com/robot/)"
104.199.146.31 - - [28/Jun/2021:01:44:51 -0400] "GET /wp-login.php HTTP/1.1" 200 7773 "-" "Mozilla/5.0 (X11; Ubuntu; Linux x86_64; rv:62.0) Gecko/20100101 Firefox/62.0"
104.199.146.31 - - [28/Jun/2021:01:44:52 -0400] "POST /wp-login.php HTTP/1.1" 200 7863 "-" "Mozilla/5.0 (X11; Ubuntu; Linux x86_64; rv:62.0) Gecko/20100101 Firefox/62.0"
141.8.142.78 - - [28/Jun/2021:01:44:53 -0400] "GET /wp-json/oembed/1.0/embed?url=https%3A%2F%2Fajhydell.com%2F2018%2F09%2F26%2Fseven-up-float-1958%2F HTTP/1.1" 200 3064 "-" "Mozilla/5.0 (compatible; YandexBot/3.0; +http://yandex.com/bots)"
104.199.146.31 - - [28/Jun/2021:01:44:53 -0400] "POST /xmlrpc.php HTTP/1.1" 503 23196 "-" "Mozilla/5.0 (X11; Ubuntu; Linux x86_64; rv:62.0) Gecko/20100101 Firefox/62.0"
141.8.142.78 - - [28/Jun/2021:01:44:56 -0400] "GET /2018/09/26/ernie-banks-1958/ HTTP/1.1" 200 12844 "-" "Mozilla/5.0 (compatible; YandexBot/3.0; +http://yandex.com/bots)"
141.8.142.78 - - [28/Jun/2021:01:44:59 -0400] "GET /2018/09/26/seven-up-float-1958/feed/ HTTP/1.1" 200 1152 "-" "Mozilla/5.0 (compatible; YandexBot/3.0; +http://yandex.com/bots)"
141.8.142.78 - - [28/Jun/2021:01:45:02 -0400] "GET /wp-json/oembed/1.0/embed?url=https%3A%2F%2Fajhydell.com%2F2018%2F09%2F26%2Fseven-up-float-1958%2F&format=xml HTTP/1.1" 200 1877 "-" "Mozilla/5.0 (compatible; YandexBot/3.0; +http://yandex.com/bots)"
204.48.19.85 - - [28/Jun/2021:01:48:05 -0400] "POST /wp-cron.php?doing_wp_cron=1624859285.8931179046630859375000 HTTP/1.1" 200 5463 "https://ajhydell.com/wp-cron.php?doing_wp_cron=1624859285.8931179046630859375000" "WordPress/5.7.2; https://ajhydell.com"
118.184.177.68 - - [28/Jun/2021:01:48:05 -0400] "GET / HTTP/1.1" 200 19111 "-" "Sogou web spider/4.0(+http://www.sogou.com/docs/help/webmasters.htm#07)"
204.48.19.85 - - [28/Jun/2021:01:49:24 -0400] "POST /wp-cron.php?doing_wp_cron=1624859364.4899311065673828125000 HTTP/1.1" 200 5463 "https://ajhydell.com/wp-cron.php?doing_wp_cron=1624859364.4899311065673828125000" "WordPress/5.7.2; https://ajhydell.com"
54.36.148.140 - - [28/Jun/2021:01:49:24 -0400] "GET /2019/11/15/soviet-anti-nazi-propaganda-date-unknown/ HTTP/1.1" 200 18235 "-" "Mozilla/5.0 (compatible; AhrefsBot/7.0; +http://ahrefs.com/robot/)"
204.48.19.85 - - [28/Jun/2021:01:49:56 -0400] "POST /wp-cron.php?doing_wp_cron=1624859396.7331519126892089843750 HTTP/1.1" 200 232 "http://ajhydell.com/wp-cron.php?doing_wp_cron=1624859396.7331519126892089843750" "WordPress/5.7.2; https://ajhydell.com"
54.236.1.11 - - [28/Jun/2021:01:49:56 -0400] "GET / HTTP/1.1" 301 343 "-" "Mozilla/5.0 (compatible; Pinterestbot/1.0; +http://www.pinterest.com/bot.html)"
54.236.1.11 - - [28/Jun/2021:01:49:56 -0400] "GET /2019/09/08/australian-soldiers-wearing-respirator-gas-masks-ypres-september-27-1917-1200x1607-colorized/ HTTP/1.1" 200 17856 "-" "Mozilla/5.0 (compatible; Pinterestbot/1.0; +http://www.pinterest.com/bot.html)"
54.236.1.11 - - [28/Jun/2021:01:49:56 -0400] "GET / HTTP/1.1" 200 18954 "-" "Mozilla/5.0 (compatible; Pinterestbot/1.0; +http://www.pinterest.com/bot.html)"
204.48.19.85 - - [28/Jun/2021:01:50:59 -0400] "POST /wp-cron.php?doing_wp_cron=1624859459.1649770736694335937500 HTTP/1.1" 200 232 "http://ajhydell.com/wp-cron.php?doing_wp_cron=1624859459.1649770736694335937500" "WordPress/5.7.2; https://ajhydell.com"
23.94.83.63 - - [28/Jun/2021:01:50:59 -0400] "GET / HTTP/1.0" 301 306 "http://ajhydell.com/" "Mozilla/5.0 (Windows NT 6.1) AppleWebKit/537.36 (KHTML, like Gecko) Chrome/65.0.3325.181 Safari/537.36 OPR/52.0.2871.64 (Edition Campaign 34)"
23.94.83.63 - - [28/Jun/2021:01:50:59 -0400] "GET / HTTP/1.0" 200 19178 "http://ajhydell.com/" "Mozilla/5.0 (Windows NT 6.1) AppleWebKit/537.36 (KHTML, like Gecko) Chrome/65.0.3325.181 Safari/537.36 OPR/52.0.2871.64 (Edition Campaign 34)"
23.94.83.63 - - [28/Jun/2021:01:51:00 -0400] "POST /xmlrpc.php HTTP/1.1" 200 5239 "https://ajhydell.com/" "PHP/7.2.20"
157.55.39.57 - - [28/Jun/2021:01:51:12 -0400] "GET /wp-content/uploads/2019/06/picture-78.jpg HTTP/1.1" 200 120704 "-" "Mozilla/5.0 (compatible; bingbot/2.0; +http://www.bing.com/bingbot.htm)"
157.55.39.57 - - [28/Jun/2021:01:52:02 -0400] "GET /wp-content/uploads/2019/06/picture-90.jpg HTTP/1.1" 200 157411 "-" "Mozilla/5.0 (compatible; bingbot/2.0; +http://www.bing.com/bingbot.htm)"
54.37.23.16 - - [28/Jun/2021:01:52:44 -0400] "GET /wp-content/uploads/2020/11/picture-16.jpg HTTP/1.1" 200 349780 "-" "-"
204.48.19.85 - - [28/Jun/2021:01:52:55 -0400] "POST /wp-cron.php?doing_wp_cron=1624859575.6606729030609130859375 HTTP/1.1" 200 5463 "https://ajhydell.com/wp-cron.php?doing_wp_cron=1624859575.6606729030609130859375" "WordPress/5.7.2; https://ajhydell.com"
185.191.171.8 - - [28/Jun/2021:01:52:55 -0400] "GET /2020/10/29/any-treat-will-stop-a-trick-as-long-as-its-from-post-treat-pak-post-cereals-october-1958/ HTTP/1.1" 200 18337 "-" "Mozilla/5.0 (compatible; SemrushBot/7~bl; +http://www.semrush.com/bot.html)"
99.79.148.128 - - [28/Jun/2021:01:53:30 -0400] "GET /wp-content/uploads/2018/12/picture-8.jpg HTTP/1.1" 200 1280852 "-" "willnorris/imageproxy"
70.121.157.33 - - [28/Jun/2021:01:53:32 -0400] "GET /wp-content/uploads/2018/12/picture-8.jpg HTTP/1.1" 200 1280908 "https://www.ecosia.org/" "Mozilla/5.0 (Linux; Android 11; SM-G973U) AppleWebKit/537.36 (KHTML, like Gecko) Chrome/88.0.4324.181 Mobile Safari/537.36 (Ecosia android@88.0.4324.181)"
70.121.157.33 - - [28/Jun/2021:01:53:33 -0400] "GET /favicon.ico HTTP/1.1" 302 466 "https://ajhydell.com/wp-content/uploads/2018/12/picture-8.jpg" "Mozilla/5.0 (Linux; Android 11; SM-G973U) AppleWebKit/537.36 (KHTML, like Gecko) Chrome/88.0.4324.181 Mobile Safari/537.36 (Ecosia android@88.0.4324.181)"
70.121.157.33 - - [28/Jun/2021:01:53:33 -0400] "GET /wp-content/uploads/2018/08/cropped-logo-32x32.jpg HTTP/1.1" 200 1314 "https://ajhydell.com/wp-content/uploads/2018/12/picture-8.jpg" "Mozilla/5.0 (Linux; Android 11; SM-G973U) AppleWebKit/537.36 (KHTML, like Gecko) Chrome/88.0.4324.181 Mobile Safari/537.36 (Ecosia android@88.0.4324.181)"
142.93.253.189 - - [28/Jun/2021:01:53:34 -0400] "GET /wp-login.php HTTP/1.1" 200 7773 "-" "Mozilla/5.0 (X11; Ubuntu; Linux x86_64; rv:62.0) Gecko/20100101 Firefox/62.0"
142.93.253.189 - - [28/Jun/2021:01:53:34 -0400] "POST /wp-login.php HTTP/1.1" 200 7863 "-" "Mozilla/5.0 (X11; Ubuntu; Linux x86_64; rv:62.0) Gecko/20100101 Firefox/62.0"
142.93.253.189 - - [28/Jun/2021:01:53:36 -0400] "POST /xmlrpc.php HTTP/1.1" 503 23196 "-" "Mozilla/5.0 (X11; Ubuntu; Linux x86_64; rv:62.0) Gecko/20100101 Firefox/62.0"
70.121.157.33 - - [28/Jun/2021:01:53:52 -0400] "-" 408 5209 "-" "-"
204.48.19.85 - - [28/Jun/2021:01:53:53 -0400] "POST /wp-cron.php?doing_wp_cron=1624859633.4190959930419921875000 HTTP/1.1" 200 5463 "https://ajhydell.com/wp-cron.php?doing_wp_cron=1624859633.4190959930419921875000" "WordPress/5.7.2; https://ajhydell.com"
54.36.148.160 - - [28/Jun/2021:01:53:53 -0400] "GET /2020/01/14/german-firefighters-during-the-nazi-regime-1933-1945/ HTTP/1.1" 200 18074 "-" "Mozilla/5.0 (compatible; AhrefsBot/7.0; +http://ahrefs.com/robot/)"
204.48.19.85 - - [28/Jun/2021:01:55:12 -0400] "POST /wp-cron.php?doing_wp_cron=1624859712.9033989906311035156250 HTTP/1.1" 200 5463 "https://ajhydell.com/wp-cron.php?doing_wp_cron=1624859712.9033989906311035156250" "WordPress/5.7.2; https://ajhydell.com"
185.191.171.2 - - [28/Jun/2021:01:55:12 -0400] "GET /2018/11/05/a-group-of-young-shoeshiners-gathered-around-a-us-civil-war-veteran-in-pennsylvania-usa-in-1935-1024-x-807/ HTTP/1.1" 200 18289 "-" "Mozilla/5.0 (compatible; SemrushBot/7~bl; +http://www.semrush.com/bot.html)"
77.75.78.163 - - [28/Jun/2021:01:55:13 -0400] "GET /robots.txt HTTP/1.1" 200 5685 "-" "Mozilla/5.0 (compatible; SeznamBot/3.2; +http://napoveda.seznam.cz/en/seznambot-intro/)"
77.75.78.163 - - [28/Jun/2021:01:55:14 -0400] "GET /wp-content/uploads/2021/05/picture-69.jpg HTTP/1.1" 304 5440 "-" "Mozilla/5.0 (compatible; SeznamBot/3.2; +http://napoveda.seznam.cz/en/seznambot-intro/)"
54.37.23.119 - - [28/Jun/2021:01:55:35 -0400] "GET /wp-content/uploads/2020/11/picture-11.jpg HTTP/1.1" 200 221575 "-" "-"
204.48.19.85 - - [28/Jun/2021:01:56:04 -0400] "POST /wp-cron.php?doing_wp_cron=1624859764.6001129150390625000000 HTTP/1.1" 200 5463 "https://ajhydell.com/wp-cron.php?doing_wp_cron=1624859764.6001129150390625000000" "WordPress/5.7.2; https://ajhydell.com"
54.242.205.189 - - [28/Jun/2021:01:56:04 -0400] "HEAD / HTTP/1.1" 200 4883 "-" "scalaj-http/2.4.2"
54.242.205.189 - - [28/Jun/2021:01:56:04 -0400] "GET / HTTP/1.1" 200 19019 "-" "Buck/2.2; (+https://app.hypefactors.com/media-monitoring/about.html)"
54.242.205.189 - - [28/Jun/2021:01:56:06 -0400] "GET /robots.txt HTTP/1.1" 200 5069 "-" "Buck/2.2; (+https://app.hypefactors.com/media-monitoring/about.html)"
54.242.205.189 - - [28/Jun/2021:01:56:38 -0400] "GET /feed/ HTTP/1.1" 200 7134 "-" "Buck/2.2; (+https://app.hypefactors.com/media-monitoring/about.html)"
54.242.205.189 - - [28/Jun/2021:01:56:39 -0400] "GET /sitemap_index.xml HTTP/1.1" 200 5382 "-" "Buck/2.2; (+https://app.hypefactors.com/media-monitoring/about.html)"
54.242.205.189 - - [28/Jun/2021:01:56:39 -0400] "GET /sitemap.xml HTTP/1.1" 200 5744 "-" "Buck/2.2; (+https://app.hypefactors.com/media-monitoring/about.html)"
54.242.205.189 - - [28/Jun/2021:01:56:39 -0400] "GET /sitemap-pt-post-2021-06.xml HTTP/1.1" 200 12095 "-" "Buck/2.2; (+https://app.hypefactors.com/media-monitoring/about.html)"
207.46.13.22 - - [28/Jun/2021:01:56:44 -0400] "GET / HTTP/1.1" 200 19148 "-" "Mozilla/5.0 (compatible; bingbot/2.0; +http://www.bing.com/bingbot.htm)"
204.48.19.85 - - [28/Jun/2021:01:56:51 -0400] "POST /wp-cron.php?doing_wp_cron=1624859811.7360339164733886718750 HTTP/1.1" 200 5463 "https://ajhydell.com/wp-cron.php?doing_wp_cron=1624859811.7360339164733886718750" "WordPress/5.7.2; https://ajhydell.com"
141.8.142.78 - - [28/Jun/2021:01:56:51 -0400] "GET /2018/10/21/aircraft-of-carrier-air-group-16-return-to-the-uss-lexington-cv-16-during-the-gilberts-operation-november-1943/ HTTP/1.1" 200 18480 "-" "Mozilla/5.0 (compatible; YandexBot/3.0; +http://yandex.com/bots)"
204.48.19.85 - - [28/Jun/2021:01:58:26 -0400] "POST /wp-cron.php?doing_wp_cron=1624859906.7757320404052734375000 HTTP/1.1" 200 5463 "https://ajhydell.com/wp-cron.php?doing_wp_cron=1624859906.7757320404052734375000" "WordPress/5.7.2; https://ajhydell.com"
54.36.148.98 - - [28/Jun/2021:01:58:26 -0400] "GET /2018/09/24/wanted-for-murder-her-careless-talk-costs-lives-1944/ HTTP/1.1" 200 18270 "-" "Mozilla/5.0 (compatible; AhrefsBot/7.0; +http://ahrefs.com/robot/)"
185.191.171.21 - - [28/Jun/2021:01:58:30 -0400] "GET /2019/02/20/ HTTP/1.1" 200 17835 "-" "Mozilla/5.0 (compatible; SemrushBot/7~bl; +http://www.semrush.com/bot.html)"
185.189.182.234 - - [28/Jun/2021:01:58:45 -0400] "GET /BcGp HTTP/1.1" 400 4531 "-" "-"
141.8.142.78 - - [28/Jun/2021:02:01:04 -0400] "GET /wp-content/uploads/2019/03/picture-48.jpg HTTP/1.1" 304 5441 "-" "Mozilla/5.0 (compatible; YandexImages/3.0; +http://yandex.com/bots)"
204.48.19.85 - - [28/Jun/2021:02:01:12 -0400] "POST /wp-cron.php?doing_wp_cron=1624860072.5966830253601074218750 HTTP/1.1" 200 5463 "https://ajhydell.com/wp-cron.php?doing_wp_cron=1624860072.5966830253601074218750" "WordPress/5.7.2; https://ajhydell.com"
141.8.142.78 - - [28/Jun/2021:02:01:12 -0400] "GET /2021/02/24/pez-space-guns-1950s/ HTTP/1.1" 200 18078 "-" "Mozilla/5.0 (compatible; YandexBot/3.0; +http://yandex.com/bots)"
204.48.19.85 - - [28/Jun/2021:02:01:54 -0400] "POST /wp-cron.php?doing_wp_cron=1624860114.8012769222259521484375 HTTP/1.1" 200 5463 "https://ajhydell.com/wp-cron.php?doing_wp_cron=1624860114.8012769222259521484375" "WordPress/5.7.2; https://ajhydell.com"
209.126.13.151 - - [28/Jun/2021:02:01:54 -0400] "GET /wp-login.php HTTP/1.1" 200 7772 "-" "Mozilla/5.0 (X11; Ubuntu; Linux x86_64; rv:62.0) Gecko/20100101 Firefox/62.0"
209.126.13.151 - - [28/Jun/2021:02:01:55 -0400] "POST /wp-login.php HTTP/1.1" 200 7863 "-" "Mozilla/5.0 (X11; Ubuntu; Linux x86_64; rv:62.0) Gecko/20100101 Firefox/62.0"
209.126.13.151 - - [28/Jun/2021:02:01:55 -0400] "POST /xmlrpc.php HTTP/1.1" 503 23196 "-" "Mozilla/5.0 (X11; Ubuntu; Linux x86_64; rv:62.0) Gecko/20100101 Firefox/62.0"
204.48.19.85 - - [28/Jun/2021:02:02:35 -0400] "POST /wp-cron.php?doing_wp_cron=1624860155.4995019435882568359375 HTTP/1.1" 200 5463 "https://ajhydell.com/wp-cron.php?doing_wp_cron=1624860155.4995019435882568359375" "WordPress/5.7.2; https://ajhydell.com"
185.191.171.17 - - [28/Jun/2021:02:02:35 -0400] "GET /2020/01/29/pin-friend-of-children-that-voluntary-compulsory-soviet-society-helped-to-socialize-millions-of-homeless-kids-after-russian-civil-war-1923/ HTTP/1.1" 200 18422 "-" "Mozilla/5.0 (compatible; SemrushBot/7~bl; +http://www.semrush.com/bot.html)"
204.48.19.85 - - [28/Jun/2021:02:02:51 -0400] "POST /wp-cron.php?doing_wp_cron=1624860171.3134739398956298828125 HTTP/1.1" 200 5463 "https://ajhydell.com/wp-cron.php?doing_wp_cron=1624860171.3134739398956298828125" "WordPress/5.7.2; https://ajhydell.com"
185.191.171.7 - - [28/Jun/2021:02:02:51 -0400] "GET /2020/10/06/a-us-marine-throws-a-grenade-toward-a-japanese-position-on-tarawa-november-1943/ HTTP/1.1" 200 18132 "-" "Mozilla/5.0 (compatible; SemrushBot/7~bl; +http://www.semrush.com/bot.html)"
54.36.149.36 - - [28/Jun/2021:02:03:09 -0400] "GET /2020/09/01/grady-carroll-9-years-old-and-his-brother-ed-10-years-old-cotton-pickers-1913-texas/ HTTP/1.1" 200 18272 "-" "Mozilla/5.0 (compatible; AhrefsBot/7.0; +http://ahrefs.com/robot/)"
157.55.39.102 - - [28/Jun/2021:02:03:41 -0400] "GET /2020/05/07/sally-mann-candy-cigarette-1989/ HTTP/1.1" 200 17790 "-" "Mozilla/5.0 (compatible; bingbot/2.0; +http://www.bing.com/bingbot.htm)"
204.48.19.85 - - [28/Jun/2021:02:06:36 -0400] "POST /wp-cron.php?doing_wp_cron=1624860396.0047130584716796875000 HTTP/1.1" 200 5463 "https://ajhydell.com/wp-cron.php?doing_wp_cron=1624860396.0047130584716796875000" "WordPress/5.7.2; https://ajhydell.com"
23.100.232.233 - - [28/Jun/2021:02:06:35 -0400] "GET /2021/06/23/a-photograph-from-operation-frantic-american-planes-would-fly-from-the-uk-italy-bomb-germany-land-in-ukraine-to-re-equip-then-bomb-germany-again-on-the-return-flight/ HTTP/1.1" 200 18245 "-" "Mozilla/5.0 (compatible; MSIE 9.0; Windows NT 6.1; Trident/5.0;  Trident/5.0)"
23.100.232.233 - - [28/Jun/2021:02:06:36 -0400] "GET /wp-content/plugins/add-expires-headers/cache/0/com/processed-header-f16a8d323e83e1bc1b76514e283fb81b7090a959.min.css HTTP/1.1" 200 52893 "https://ajhydell.com/2021/06/23/a-photograph-from-operation-frantic-american-planes-would-fly-from-the-uk-italy-bomb-germany-land-in-ukraine-to-re-equip-then-bomb-germany-again-on-the-return-flight/" "Mozilla/5.0 (compatible; MSIE 9.0; Windows NT 6.1; Trident/5.0;  Trident/5.0)"
23.100.232.233 - - [28/Jun/2021:02:06:36 -0400] "GET /wp-includes/js/jquery/jquery.min.js?ver=3.5.1 HTTP/1.1" 200 31550 "https://ajhydell.com/2021/06/23/a-photograph-from-operation-frantic-american-planes-would-fly-from-the-uk-italy-bomb-germany-land-in-ukraine-to-re-equip-then-bomb-germany-again-on-the-return-flight/" "Mozilla/5.0 (compatible; MSIE 9.0; Windows NT 6.1; Trident/5.0;  Trident/5.0)"
23.100.232.233 - - [28/Jun/2021:02:06:36 -0400] "GET /wp-content/plugins/google-analytics-for-wordpress/assets/js/frontend-gtag.min.js?ver=7.17.0 HTTP/1.1" 200 3476 "https://ajhydell.com/2021/06/23/a-photograph-from-operation-frantic-american-planes-would-fly-from-the-uk-italy-bomb-germany-land-in-ukraine-to-re-equip-then-bomb-germany-again-on-the-return-flight/" "Mozilla/5.0 (compatible; MSIE 9.0; Windows NT 6.1; Trident/5.0;  Trident/5.0)"
23.100.232.233 - - [28/Jun/2021:02:06:36 -0400] "GET /wp-includes/js/jquery/jquery-migrate.min.js?ver=3.3.2 HTTP/1.1" 200 4687 "https://ajhydell.com/2021/06/23/a-photograph-from-operation-frantic-american-planes-would-fly-from-the-uk-italy-bomb-germany-land-in-ukraine-to-re-equip-then-bomb-germany-again-on-the-return-flight/" "Mozilla/5.0 (compatible; MSIE 9.0; Windows NT 6.1; Trident/5.0;  Trident/5.0)"
23.100.232.233 - - [28/Jun/2021:02:06:37 -0400] "GET /wp-content/plugins/wp-smushit/app/assets/js/smush-lazy-load.min.js?ver=3.8.5 HTTP/1.1" 200 4207 "https://ajhydell.com/2021/06/23/a-photograph-from-operation-frantic-american-planes-would-fly-from-the-uk-italy-bomb-germany-land-in-ukraine-to-re-equip-then-bomb-germany-again-on-the-return-flight/" "Mozilla/5.0 (compatible; MSIE 9.0; Windows NT 6.1; Trident/5.0;  Trident/5.0)"
23.100.232.233 - - [28/Jun/2021:02:06:37 -0400] "GET /wp-includes/js/wp-emoji-release.min.js?ver=5.7.2 HTTP/1.1" 200 5183 "https://ajhydell.com/2021/06/23/a-photograph-from-operation-frantic-american-planes-would-fly-from-the-uk-italy-bomb-germany-land-in-ukraine-to-re-equip-then-bomb-germany-again-on-the-return-flight/" "Mozilla/5.0 (compatible; MSIE 9.0; Windows NT 6.1; Trident/5.0;  Trident/5.0)"
23.100.232.233 - - [28/Jun/2021:02:06:37 -0400] "GET /wp-content/themes/royal-magazine/js/skip-link-focus-fix.js?ver=20151215 HTTP/1.1" 200 933 "https://ajhydell.com/2021/06/23/a-photograph-from-operation-frantic-american-planes-would-fly-from-the-uk-italy-bomb-germany-land-in-ukraine-to-re-equip-then-bomb-germany-again-on-the-return-flight/" "Mozilla/5.0 (compatible; MSIE 9.0; Windows NT 6.1; Trident/5.0;  Trident/5.0)"
23.100.232.233 - - [28/Jun/2021:02:06:37 -0400] "GET /wp-content/themes/royal-magazine/js/navigation.js?ver=20151215 HTTP/1.1" 200 1349 "https://ajhydell.com/2021/06/23/a-photograph-from-operation-frantic-american-planes-would-fly-from-the-uk-italy-bomb-germany-land-in-ukraine-to-re-equip-then-bomb-germany-again-on-the-return-flight/" "Mozilla/5.0 (compatible; MSIE 9.0; Windows NT 6.1; Trident/5.0;  Trident/5.0)"
23.100.232.233 - - [28/Jun/2021:02:06:38 -0400] "GET /wp-content/themes/royal-magazine/assets/libraries/marquee/jquery.marquee.js?ver=5.7.2 HTTP/1.1" 200 5103 "https://ajhydell.com/2021/06/23/a-photograph-from-operation-frantic-american-planes-would-fly-from-the-uk-italy-bomb-germany-land-in-ukraine-to-re-equip-then-bomb-germany-again-on-the-return-flight/" "Mozilla/5.0 (compatible; MSIE 9.0; Windows NT 6.1; Trident/5.0;  Trident/5.0)"
23.100.232.233 - - [28/Jun/2021:02:06:38 -0400] "GET /wp-content/themes/royal-magazine/assets/libraries/bootstrap/js/bootstrap.min.js?ver=5.7.2 HTTP/1.1" 200 10404 "https://ajhydell.com/2021/06/23/a-photograph-from-operation-frantic-american-planes-would-fly-from-the-uk-italy-bomb-germany-land-in-ukraine-to-re-equip-then-bomb-germany-again-on-the-return-flight/" "Mozilla/5.0 (compatible; MSIE 9.0; Windows NT 6.1; Trident/5.0;  Trident/5.0)"
23.100.232.233 - - [28/Jun/2021:02:06:38 -0400] "GET /wp-content/themes/royal-magazine/assets/twp/js/custom-script.js?ver=5.7.2 HTTP/1.1" 200 3023 "https://ajhydell.com/2021/06/23/a-photograph-from-operation-frantic-american-planes-would-fly-from-the-uk-italy-bomb-germany-land-in-ukraine-to-re-equip-then-bomb-germany-again-on-the-return-flight/" "Mozilla/5.0 (compatible; MSIE 9.0; Windows NT 6.1; Trident/5.0;  Trident/5.0)"
23.100.232.233 - - [28/Jun/2021:02:06:38 -0400] "GET /wp-content/themes/royal-magazine/assets/libraries/magnific-popup/jquery.magnific-popup.min.js?ver=5.7.2 HTTP/1.1" 200 7871 "https://ajhydell.com/2021/06/23/a-photograph-from-operation-frantic-american-planes-would-fly-from-the-uk-italy-bomb-germany-land-in-ukraine-to-re-equip-then-bomb-germany-again-on-the-return-flight/" "Mozilla/5.0 (compatible; MSIE 9.0; Windows NT 6.1; Trident/5.0;  Trident/5.0)"
23.100.232.233 - - [28/Jun/2021:02:06:38 -0400] "GET /wp-content/plugins/facebook-pagelike-widget/fb.js?ver=1.0 HTTP/1.1" 200 821 "https://ajhydell.com/2021/06/23/a-photograph-from-operation-frantic-american-planes-would-fly-from-the-uk-italy-bomb-germany-land-in-ukraine-to-re-equip-then-bomb-germany-again-on-the-return-flight/" "Mozilla/5.0 (compatible; MSIE 9.0; Windows NT 6.1; Trident/5.0;  Trident/5.0)"
23.100.232.233 - - [28/Jun/2021:02:06:38 -0400] "GET /wp-content/themes/royal-magazine/assets/libraries/slick/js/slick.min.js?ver=5.7.2 HTTP/1.1" 200 10740 "https://ajhydell.com/2021/06/23/a-photograph-from-operation-frantic-american-planes-would-fly-from-the-uk-italy-bomb-germany-land-in-ukraine-to-re-equip-then-bomb-germany-again-on-the-return-flight/" "Mozilla/5.0 (compatible; MSIE 9.0; Windows NT 6.1; Trident/5.0;  Trident/5.0)"
23.100.232.233 - - [28/Jun/2021:02:06:38 -0400] "GET /wp-includes/js/wp-embed.min.js?ver=5.7.2 HTTP/1.1" 200 1221 "https://ajhydell.com/2021/06/23/a-photograph-from-operation-frantic-american-planes-would-fly-from-the-uk-italy-bomb-germany-land-in-ukraine-to-re-equip-then-bomb-germany-again-on-the-return-flight/" "Mozilla/5.0 (compatible; MSIE 9.0; Windows NT 6.1; Trident/5.0;  Trident/5.0)"
23.100.232.233 - - [28/Jun/2021:02:06:38 -0400] "GET /wp-content/themes/royal-magazine/assets/libraries/theiaStickySidebar/theia-sticky-sidebar.min.js?ver=5.7.2 HTTP/1.1" 200 2271 "https://ajhydell.com/2021/06/23/a-photograph-from-operation-frantic-american-planes-would-fly-from-the-uk-italy-bomb-germany-land-in-ukraine-to-re-equip-then-bomb-germany-again-on-the-return-flight/" "Mozilla/5.0 (compatible; MSIE 9.0; Windows NT 6.1; Trident/5.0;  Trident/5.0)"
23.100.232.233 - - [28/Jun/2021:02:06:39 -0400] "GET /?wordfence_lh=1&hid=BD859ED1CA4447975CCEC3BF7B2C3972&r=0.0024619340158807956 HTTP/1.1" 200 357 "https://ajhydell.com/2021/06/23/a-photograph-from-operation-frantic-american-planes-would-fly-from-the-uk-italy-bomb-germany-land-in-ukraine-to-re-equip-then-bomb-germany-again-on-the-return-flight/" "Mozilla/5.0 (compatible; MSIE 9.0; Windows NT 6.1; Trident/5.0;  Trident/5.0)"
204.48.19.85 - - [28/Jun/2021:02:07:40 -0400] "POST /wp-cron.php?doing_wp_cron=1624860460.7659459114074707031250 HTTP/1.1" 200 5463 "https://ajhydell.com/wp-cron.php?doing_wp_cron=1624860460.7659459114074707031250" "WordPress/5.7.2; https://ajhydell.com"
54.36.149.34 - - [28/Jun/2021:02:07:40 -0400] "GET /2020/07/15/dont-go-to-spain-uk-1970s/ HTTP/1.1" 200 18115 "-" "Mozilla/5.0 (compatible; AhrefsBot/7.0; +http://ahrefs.com/robot/)"
204.48.19.85 - - [28/Jun/2021:02:08:37 -0400] "POST /wp-cron.php?doing_wp_cron=1624860517.5180459022521972656250 HTTP/1.1" 200 5463 "https://ajhydell.com/wp-cron.php?doing_wp_cron=1624860517.5180459022521972656250" "WordPress/5.7.2; https://ajhydell.com"
185.191.171.26 - - [28/Jun/2021:02:08:37 -0400] "GET /2019/05/17/elvis-lipstick-keep-me-always-on-your-lips-1966/ HTTP/1.1" 200 18168 "-" "Mozilla/5.0 (compatible; SemrushBot/7~bl; +http://www.semrush.com/bot.html)"
