66.249.66.132 - - [01/Jul/2021:06:43:04 -0400] "GET /wp-content/uploads/2021/04/picture-136-scaled.jpg HTTP/1.1" 200 2076098 "-" "Googlebot-Image/1.0"
204.48.19.85 - - [01/Jul/2021:06:43:04 -0400] "POST /wp-cron.php?doing_wp_cron=1625136184.4516179561614990234375 HTTP/1.1" 200 5463 "https://ajhydell.com/wp-cron.php?doing_wp_cron=1625136184.4516179561614990234375" "WordPress/5.7.2; https://ajhydell.com"
66.249.66.136 - - [01/Jul/2021:06:43:04 -0400] "GET /robots.txt HTTP/1.1" 200 5685 "-" "Mozilla/5.0 (compatible; Googlebot/2.1; +http://www.google.com/bot.html)"
204.48.19.85 - - [01/Jul/2021:06:45:39 -0400] "POST /wp-cron.php?doing_wp_cron=1625136339.1924540996551513671875 HTTP/1.1" 200 5463 "https://ajhydell.com/wp-cron.php?doing_wp_cron=1625136339.1924540996551513671875" "WordPress/5.7.2; https://ajhydell.com"
185.191.171.41 - - [01/Jul/2021:06:45:39 -0400] "GET /2018/09/14/lieutenant-colonel-robert-blair-paddy-mayne-founding-member-of-the-special-air-service-near-kabrit-egypt-in-1942/ HTTP/1.1" 200 18231 "-" "Mozilla/5.0 (compatible; SemrushBot/7~bl; +http://www.semrush.com/bot.html)"
204.48.19.85 - - [01/Jul/2021:06:45:58 -0400] "POST /wp-cron.php?doing_wp_cron=1625136358.8239040374755859375000 HTTP/1.1" 200 5463 "https://ajhydell.com/wp-cron.php?doing_wp_cron=1625136358.8239040374755859375000" "WordPress/5.7.2; https://ajhydell.com"
66.249.66.136 - - [01/Jul/2021:06:45:58 -0400] "GET /page/4/ HTTP/1.1" 200 19958 "-" "Mozilla/5.0 (Linux; Android 6.0.1; Nexus 5X Build/MMB29P) AppleWebKit/537.36 (KHTML, like Gecko) Chrome/91.0.4472.90 Mobile Safari/537.36 (compatible; Googlebot/2.1; +http://www.google.com/bot.html)"
77.75.79.32 - - [01/Jul/2021:06:46:16 -0400] "GET /robots.txt HTTP/1.1" 200 5685 "-" "Mozilla/5.0 (compatible; SeznamBot/3.2; +http://napoveda.seznam.cz/en/seznambot-intro/)"
77.75.79.32 - - [01/Jul/2021:06:46:17 -0400] "GET /sitemap-pt-post-2021-01.xml HTTP/1.1" 200 13750 "-" "Mozilla/5.0 (compatible; SeznamBot/3.2; +http://napoveda.seznam.cz/en/seznambot-intro/)"
54.36.149.36 - - [01/Jul/2021:06:46:32 -0400] "GET /2019/10/11/this-picture-of-james-dean-at-a-gas-station-in-1955-was-taken-just-a-couple-of-hours-before-his-fatal-car-accident-he-was-only-24-years-old-3356x2330/ HTTP/1.1" 200 18230 "-" "Mozilla/5.0 (compatible; AhrefsBot/7.0; +http://ahrefs.com/robot/)"
204.48.19.85 - - [01/Jul/2021:06:46:58 -0400] "POST /wp-cron.php?doing_wp_cron=1625136418.3162930011749267578125 HTTP/1.1" 200 5463 "https://ajhydell.com/wp-cron.php?doing_wp_cron=1625136418.3162930011749267578125" "WordPress/5.7.2; https://ajhydell.com"
66.249.66.134 - - [01/Jul/2021:06:46:58 -0400] "GET /sitemap-pt-post-2019-12.xml HTTP/1.1" 200 8314 "-" "Mozilla/5.0 (compatible; Googlebot/2.1; +http://www.google.com/bot.html)"
204.48.19.85 - - [01/Jul/2021:06:48:44 -0400] "POST /wp-cron.php?doing_wp_cron=1625136524.0526990890502929687500 HTTP/1.1" 200 5463 "https://ajhydell.com/wp-cron.php?doing_wp_cron=1625136524.0526990890502929687500" "WordPress/5.7.2; https://ajhydell.com"
23.100.232.233 - - [01/Jul/2021:06:48:44 -0400] "GET /2020/02/28/funeral-of-kaiser-wilhelm-i-march-1888-988-x-676/ HTTP/1.1" 200 17541 "-" "Mozilla/5.0 (compatible; MSIE 9.0; Windows NT 6.1; Trident/5.0;  Trident/5.0)"
23.100.232.233 - - [01/Jul/2021:06:48:44 -0400] "GET /wp-content/plugins/add-expires-headers/cache/0/com/processed-header-f16a8d323e83e1bc1b76514e283fb81b7090a959.min.css HTTP/1.1" 200 52893 "https://ajhydell.com/2020/02/28/funeral-of-kaiser-wilhelm-i-march-1888-988-x-676/" "Mozilla/5.0 (compatible; MSIE 9.0; Windows NT 6.1; Trident/5.0;  Trident/5.0)"
23.100.232.233 - - [01/Jul/2021:06:48:44 -0400] "GET /wp-includes/js/jquery/jquery.min.js?ver=3.5.1 HTTP/1.1" 200 31550 "https://ajhydell.com/2020/02/28/funeral-of-kaiser-wilhelm-i-march-1888-988-x-676/" "Mozilla/5.0 (compatible; MSIE 9.0; Windows NT 6.1; Trident/5.0;  Trident/5.0)"
23.100.232.233 - - [01/Jul/2021:06:48:44 -0400] "GET /wp-content/plugins/google-analytics-for-wordpress/assets/js/frontend-gtag.min.js?ver=7.17.0 HTTP/1.1" 200 3476 "https://ajhydell.com/2020/02/28/funeral-of-kaiser-wilhelm-i-march-1888-988-x-676/" "Mozilla/5.0 (compatible; MSIE 9.0; Windows NT 6.1; Trident/5.0;  Trident/5.0)"
23.100.232.233 - - [01/Jul/2021:06:48:44 -0400] "GET /wp-includes/js/jquery/jquery-migrate.min.js?ver=3.3.2 HTTP/1.1" 200 4687 "https://ajhydell.com/2020/02/28/funeral-of-kaiser-wilhelm-i-march-1888-988-x-676/" "Mozilla/5.0 (compatible; MSIE 9.0; Windows NT 6.1; Trident/5.0;  Trident/5.0)"
23.100.232.233 - - [01/Jul/2021:06:48:45 -0400] "GET /wp-includes/js/wp-emoji-release.min.js?ver=5.7.2 HTTP/1.1" 200 5183 "https://ajhydell.com/2020/02/28/funeral-of-kaiser-wilhelm-i-march-1888-988-x-676/" "Mozilla/5.0 (compatible; MSIE 9.0; Windows NT 6.1; Trident/5.0;  Trident/5.0)"
23.100.232.233 - - [01/Jul/2021:06:48:45 -0400] "GET /wp-content/plugins/wp-smushit/app/assets/js/smush-lazy-load.min.js?ver=3.8.7 HTTP/1.1" 200 4207 "https://ajhydell.com/2020/02/28/funeral-of-kaiser-wilhelm-i-march-1888-988-x-676/" "Mozilla/5.0 (compatible; MSIE 9.0; Windows NT 6.1; Trident/5.0;  Trident/5.0)"
23.100.232.233 - - [01/Jul/2021:06:48:45 -0400] "GET /wp-content/themes/royal-magazine/js/skip-link-focus-fix.js?ver=20151215 HTTP/1.1" 200 933 "https://ajhydell.com/2020/02/28/funeral-of-kaiser-wilhelm-i-march-1888-988-x-676/" "Mozilla/5.0 (compatible; MSIE 9.0; Windows NT 6.1; Trident/5.0;  Trident/5.0)"
23.100.232.233 - - [01/Jul/2021:06:48:45 -0400] "GET /wp-content/themes/royal-magazine/js/navigation.js?ver=20151215 HTTP/1.1" 200 1349 "https://ajhydell.com/2020/02/28/funeral-of-kaiser-wilhelm-i-march-1888-988-x-676/" "Mozilla/5.0 (compatible; MSIE 9.0; Windows NT 6.1; Trident/5.0;  Trident/5.0)"
23.100.232.233 - - [01/Jul/2021:06:48:45 -0400] "GET /wp-content/themes/royal-magazine/assets/libraries/bootstrap/js/bootstrap.min.js?ver=5.7.2 HTTP/1.1" 200 10404 "https://ajhydell.com/2020/02/28/funeral-of-kaiser-wilhelm-i-march-1888-988-x-676/" "Mozilla/5.0 (compatible; MSIE 9.0; Windows NT 6.1; Trident/5.0;  Trident/5.0)"
23.100.232.233 - - [01/Jul/2021:06:48:45 -0400] "GET /wp-content/themes/royal-magazine/assets/libraries/marquee/jquery.marquee.js?ver=5.7.2 HTTP/1.1" 200 5103 "https://ajhydell.com/2020/02/28/funeral-of-kaiser-wilhelm-i-march-1888-988-x-676/" "Mozilla/5.0 (compatible; MSIE 9.0; Windows NT 6.1; Trident/5.0;  Trident/5.0)"
23.100.232.233 - - [01/Jul/2021:06:48:46 -0400] "GET /wp-content/themes/royal-magazine/assets/libraries/magnific-popup/jquery.magnific-popup.min.js?ver=5.7.2 HTTP/1.1" 200 7871 "https://ajhydell.com/2020/02/28/funeral-of-kaiser-wilhelm-i-march-1888-988-x-676/" "Mozilla/5.0 (compatible; MSIE 9.0; Windows NT 6.1; Trident/5.0;  Trident/5.0)"
23.100.232.233 - - [01/Jul/2021:06:48:46 -0400] "GET /wp-content/themes/royal-magazine/assets/twp/js/custom-script.js?ver=5.7.2 HTTP/1.1" 200 3023 "https://ajhydell.com/2020/02/28/funeral-of-kaiser-wilhelm-i-march-1888-988-x-676/" "Mozilla/5.0 (compatible; MSIE 9.0; Windows NT 6.1; Trident/5.0;  Trident/5.0)"
23.100.232.233 - - [01/Jul/2021:06:48:46 -0400] "GET /wp-content/plugins/facebook-pagelike-widget/fb.js?ver=1.0 HTTP/1.1" 200 821 "https://ajhydell.com/2020/02/28/funeral-of-kaiser-wilhelm-i-march-1888-988-x-676/" "Mozilla/5.0 (compatible; MSIE 9.0; Windows NT 6.1; Trident/5.0;  Trident/5.0)"
23.100.232.233 - - [01/Jul/2021:06:48:46 -0400] "GET /wp-content/themes/royal-magazine/assets/libraries/slick/js/slick.min.js?ver=5.7.2 HTTP/1.1" 200 10740 "https://ajhydell.com/2020/02/28/funeral-of-kaiser-wilhelm-i-march-1888-988-x-676/" "Mozilla/5.0 (compatible; MSIE 9.0; Windows NT 6.1; Trident/5.0;  Trident/5.0)"
23.100.232.233 - - [01/Jul/2021:06:48:46 -0400] "GET /wp-includes/js/wp-embed.min.js?ver=5.7.2 HTTP/1.1" 200 1221 "https://ajhydell.com/2020/02/28/funeral-of-kaiser-wilhelm-i-march-1888-988-x-676/" "Mozilla/5.0 (compatible; MSIE 9.0; Windows NT 6.1; Trident/5.0;  Trident/5.0)"
23.100.232.233 - - [01/Jul/2021:06:48:46 -0400] "GET /wp-content/themes/royal-magazine/assets/libraries/theiaStickySidebar/theia-sticky-sidebar.min.js?ver=5.7.2 HTTP/1.1" 200 2271 "https://ajhydell.com/2020/02/28/funeral-of-kaiser-wilhelm-i-march-1888-988-x-676/" "Mozilla/5.0 (compatible; MSIE 9.0; Windows NT 6.1; Trident/5.0;  Trident/5.0)"
204.48.19.85 - - [01/Jul/2021:06:48:47 -0400] "POST /wp-cron.php?doing_wp_cron=1625136527.5115489959716796875000 HTTP/1.1" 200 5463 "https://ajhydell.com/wp-cron.php?doing_wp_cron=1625136527.5115489959716796875000" "WordPress/5.7.2; https://ajhydell.com"
23.100.232.233 - - [01/Jul/2021:06:48:47 -0400] "GET /?wordfence_lh=1&hid=E9DA43A7BC55701249BD16BA9B5BC963&r=0.9634467855195012 HTTP/1.1" 200 357 "https://ajhydell.com/2020/02/28/funeral-of-kaiser-wilhelm-i-march-1888-988-x-676/" "Mozilla/5.0 (compatible; MSIE 9.0; Windows NT 6.1; Trident/5.0;  Trident/5.0)"
192.53.170.163 - - [01/Jul/2021:06:49:14 -0400] "GET / HTTP/1.1" 200 18880 "-" "Mozilla/5.0 (Windows NT 10.0; Win64; x64) AppleWebKit/537.36 (KHTML, like Gecko) Chrome/60.0.3112.113 Safari/537.36"
66.249.66.132 - - [01/Jul/2021:06:49:21 -0400] "GET /2021/06/29/milk-for-summer-thirst-milk-for-warmth-u-s-wpa-posters-from-1940-1941/feed/ HTTP/1.1" 200 6364 "-" "Mozilla/5.0 (compatible; Googlebot/2.1; +http://www.google.com/bot.html)"
204.48.19.85 - - [01/Jul/2021:06:50:14 -0400] "POST /wp-cron.php?doing_wp_cron=1625136614.4090769290924072265625 HTTP/1.1" 200 5463 "https://ajhydell.com/wp-cron.php?doing_wp_cron=1625136614.4090769290924072265625" "WordPress/5.7.2; https://ajhydell.com"
13.66.139.0 - - [01/Jul/2021:06:50:14 -0400] "GET /2020/09/13/celebrating-the-4000th-usaf-aircraft-shot-down-dr-vietnam-1972/ HTTP/1.1" 200 17633 "-" "Mozilla/5.0 (compatible; bingbot/2.0; +http://www.bing.com/bingbot.htm)"
157.55.39.134 - - [01/Jul/2021:06:51:54 -0400] "GET /wp-content/uploads/2018/08/picture-57.jpg HTTP/1.1" 200 90009 "-" "Mozilla/5.0 (compatible; bingbot/2.0; +http://www.bing.com/bingbot.htm)"
204.48.19.85 - - [01/Jul/2021:06:52:38 -0400] "POST /wp-cron.php?doing_wp_cron=1625136758.4477579593658447265625 HTTP/1.1" 200 5463 "https://ajhydell.com/wp-cron.php?doing_wp_cron=1625136758.4477579593658447265625" "WordPress/5.7.2; https://ajhydell.com"
185.191.171.10 - - [01/Jul/2021:06:52:38 -0400] "GET /2019/11/01/a-sherman-with-an-octopus-attachment-north-africa-1943/ HTTP/1.1" 200 18093 "-" "Mozilla/5.0 (compatible; SemrushBot/7~bl; +http://www.semrush.com/bot.html)"
5.188.210.4 - - [01/Jul/2021:06:52:41 -0400] "GET /js/editor/filemanager/browser/default/connectors/php/connector.php?Command=GetFoldersAndFiles&Type=File&CurrentFolder=%2F HTTP/1.0" 301 454 "-" "Mozilla/5.0 (Windows NT 6.3; Win64; x64) AppleWebKit/537.36 (KHTML, like Gecko) Chrome/75.0.3770.100 Safari/537.36"
5.188.210.4 - - [01/Jul/2021:06:52:42 -0400] "GET /js/editor/filemanager/browser/default/connectors/php/connector.php?Command=GetFoldersAndFiles&Type=File&CurrentFolder=%2F HTTP/1.0" 404 63237 "-" "Mozilla/5.0 (Windows NT 6.3; Win64; x64) AppleWebKit/537.36 (KHTML, like Gecko) Chrome/75.0.3770.100 Safari/537.36"
204.48.19.85 - - [01/Jul/2021:06:53:15 -0400] "POST /wp-cron.php?doing_wp_cron=1625136795.3848330974578857421875 HTTP/1.1" 200 5463 "https://ajhydell.com/wp-cron.php?doing_wp_cron=1625136795.3848330974578857421875" "WordPress/5.7.2; https://ajhydell.com"
195.201.58.104 - - [01/Jul/2021:06:53:15 -0400] "GET /feed/ HTTP/1.1" 200 6868 "-" "AwarioRssBot/1.0 (+https://awario.com/bots.html; bots@awario.com)"
54.36.149.2 - - [01/Jul/2021:06:53:32 -0400] "GET /2019/08/22/vintage-marlboro-ad-featuring-an-nfl-player-1962/ HTTP/1.1" 200 18210 "-" "Mozilla/5.0 (compatible; AhrefsBot/7.0; +http://ahrefs.com/robot/)"
157.55.39.22 - - [01/Jul/2021:06:53:35 -0400] "GET /wp-content/uploads/2019/10/picture-47.jpg HTTP/1.1" 200 120957 "-" "Mozilla/5.0 (compatible; bingbot/2.0; +http://www.bing.com/bingbot.htm)"
204.48.19.85 - - [01/Jul/2021:06:54:21 -0400] "POST /wp-cron.php?doing_wp_cron=1625136861.7615799903869628906250 HTTP/1.1" 200 5463 "https://ajhydell.com/wp-cron.php?doing_wp_cron=1625136861.7615799903869628906250" "WordPress/5.7.2; https://ajhydell.com"
66.249.66.134 - - [01/Jul/2021:06:54:21 -0400] "GET /2020/08/09/twiggy-for-vogue-april-1970-ph-justin-de-villeneuve/feed/ HTTP/1.1" 200 6354 "-" "Mozilla/5.0 (Linux; Android 6.0.1; Nexus 5X Build/MMB29P) AppleWebKit/537.36 (KHTML, like Gecko) Chrome/91.0.4472.90 Mobile Safari/537.36 (compatible; Googlebot/2.1; +http://www.google.com/bot.html)"
204.48.19.85 - - [01/Jul/2021:06:56:16 -0400] "POST /wp-cron.php?doing_wp_cron=1625136976.1624310016632080078125 HTTP/1.1" 200 5463 "https://ajhydell.com/wp-cron.php?doing_wp_cron=1625136976.1624310016632080078125" "WordPress/5.7.2; https://ajhydell.com"
67.233.79.75 - - [01/Jul/2021:06:56:16 -0400] "GET /2021/05/31/an-american-soldier-walking-his-companys-pet-dog-leipzig-germany-1945/ HTTP/1.1" 200 18335 "https://duckduckgo.com/" "Mozilla/5.0 (iPhone; CPU iPhone OS 14_6 like Mac OS X) AppleWebKit/605.1.15 (KHTML, like Gecko) Version/14.6 Mobile/15E148 DuckDuckGo/7 Safari/605.1.15"
67.233.79.75 - - [01/Jul/2021:06:56:16 -0400] "GET /wp-includes/js/wp-emoji-release.min.js?ver=5.7.2 HTTP/1.1" 200 5152 "https://ajhydell.com/2021/05/31/an-american-soldier-walking-his-companys-pet-dog-leipzig-germany-1945/" "Mozilla/5.0 (iPhone; CPU iPhone OS 14_6 like Mac OS X) AppleWebKit/605.1.15 (KHTML, like Gecko) Version/14.6 Mobile/15E148 DuckDuckGo/7 Safari/605.1.15"
67.233.79.75 - - [01/Jul/2021:06:56:16 -0400] "GET /wp-includes/js/jquery/jquery-migrate.min.js?ver=3.3.2 HTTP/1.1" 200 4659 "https://ajhydell.com/2021/05/31/an-american-soldier-walking-his-companys-pet-dog-leipzig-germany-1945/" "Mozilla/5.0 (iPhone; CPU iPhone OS 14_6 like Mac OS X) AppleWebKit/605.1.15 (KHTML, like Gecko) Version/14.6 Mobile/15E148 DuckDuckGo/7 Safari/605.1.15"
67.233.79.75 - - [01/Jul/2021:06:56:16 -0400] "GET /wp-content/plugins/wp-smushit/app/assets/js/smush-lazy-load.min.js?ver=3.8.7 HTTP/1.1" 200 4174 "https://ajhydell.com/2021/05/31/an-american-soldier-walking-his-companys-pet-dog-leipzig-germany-1945/" "Mozilla/5.0 (iPhone; CPU iPhone OS 14_6 like Mac OS X) AppleWebKit/605.1.15 (KHTML, like Gecko) Version/14.6 Mobile/15E148 DuckDuckGo/7 Safari/605.1.15"
67.233.79.75 - - [01/Jul/2021:06:56:16 -0400] "GET /wp-content/plugins/google-analytics-for-wordpress/assets/js/frontend-gtag.min.js?ver=7.17.0 HTTP/1.1" 200 8501 "https://ajhydell.com/2021/05/31/an-american-soldier-walking-his-companys-pet-dog-leipzig-germany-1945/" "Mozilla/5.0 (iPhone; CPU iPhone OS 14_6 like Mac OS X) AppleWebKit/605.1.15 (KHTML, like Gecko) Version/14.6 Mobile/15E148 DuckDuckGo/7 Safari/605.1.15"
67.233.79.75 - - [01/Jul/2021:06:56:16 -0400] "GET /wp-includes/js/jquery/jquery.min.js?ver=3.5.1 HTTP/1.1" 200 36684 "https://ajhydell.com/2021/05/31/an-american-soldier-walking-his-companys-pet-dog-leipzig-germany-1945/" "Mozilla/5.0 (iPhone; CPU iPhone OS 14_6 like Mac OS X) AppleWebKit/605.1.15 (KHTML, like Gecko) Version/14.6 Mobile/15E148 DuckDuckGo/7 Safari/605.1.15"
67.233.79.75 - - [01/Jul/2021:06:56:16 -0400] "GET /wp-content/plugins/add-expires-headers/cache/0/com/processed-header-f16a8d323e83e1bc1b76514e283fb81b7090a959.min.css HTTP/1.1" 200 57981 "https://ajhydell.com/2021/05/31/an-american-soldier-walking-his-companys-pet-dog-leipzig-germany-1945/" "Mozilla/5.0 (iPhone; CPU iPhone OS 14_6 like Mac OS X) AppleWebKit/605.1.15 (KHTML, like Gecko) Version/14.6 Mobile/15E148 DuckDuckGo/7 Safari/605.1.15"
67.233.79.75 - - [01/Jul/2021:06:56:16 -0400] "GET /wp-content/themes/royal-magazine/js/navigation.js?ver=20151215 HTTP/1.1" 200 1333 "https://ajhydell.com/2021/05/31/an-american-soldier-walking-his-companys-pet-dog-leipzig-germany-1945/" "Mozilla/5.0 (iPhone; CPU iPhone OS 14_6 like Mac OS X) AppleWebKit/605.1.15 (KHTML, like Gecko) Version/14.6 Mobile/15E148 DuckDuckGo/7 Safari/605.1.15"
67.233.79.75 - - [01/Jul/2021:06:56:16 -0400] "GET /wp-content/themes/royal-magazine/js/skip-link-focus-fix.js?ver=20151215 HTTP/1.1" 200 924 "https://ajhydell.com/2021/05/31/an-american-soldier-walking-his-companys-pet-dog-leipzig-germany-1945/" "Mozilla/5.0 (iPhone; CPU iPhone OS 14_6 like Mac OS X) AppleWebKit/605.1.15 (KHTML, like Gecko) Version/14.6 Mobile/15E148 DuckDuckGo/7 Safari/605.1.15"
67.233.79.75 - - [01/Jul/2021:06:56:16 -0400] "GET /wp-content/themes/royal-magazine/assets/libraries/slick/js/slick.min.js?ver=5.7.2 HTTP/1.1" 200 10690 "https://ajhydell.com/2021/05/31/an-american-soldier-walking-his-companys-pet-dog-leipzig-germany-1945/" "Mozilla/5.0 (iPhone; CPU iPhone OS 14_6 like Mac OS X) AppleWebKit/605.1.15 (KHTML, like Gecko) Version/14.6 Mobile/15E148 DuckDuckGo/7 Safari/605.1.15"
67.233.79.75 - - [01/Jul/2021:06:56:16 -0400] "GET /wp-content/themes/royal-magazine/assets/libraries/bootstrap/js/bootstrap.min.js?ver=5.7.2 HTTP/1.1" 200 10350 "https://ajhydell.com/2021/05/31/an-american-soldier-walking-his-companys-pet-dog-leipzig-germany-1945/" "Mozilla/5.0 (iPhone; CPU iPhone OS 14_6 like Mac OS X) AppleWebKit/605.1.15 (KHTML, like Gecko) Version/14.6 Mobile/15E148 DuckDuckGo/7 Safari/605.1.15"
67.233.79.75 - - [01/Jul/2021:06:56:16 -0400] "GET /wp-content/themes/royal-magazine/assets/libraries/marquee/jquery.marquee.js?ver=5.7.2 HTTP/1.1" 200 5071 "https://ajhydell.com/2021/05/31/an-american-soldier-walking-his-companys-pet-dog-leipzig-germany-1945/" "Mozilla/5.0 (iPhone; CPU iPhone OS 14_6 like Mac OS X) AppleWebKit/605.1.15 (KHTML, like Gecko) Version/14.6 Mobile/15E148 DuckDuckGo/7 Safari/605.1.15"
67.233.79.75 - - [01/Jul/2021:06:56:16 -0400] "GET /wp-content/themes/royal-magazine/assets/libraries/theiaStickySidebar/theia-sticky-sidebar.min.js?ver=5.7.2 HTTP/1.1" 200 2236 "https://ajhydell.com/2021/05/31/an-american-soldier-walking-his-companys-pet-dog-leipzig-germany-1945/" "Mozilla/5.0 (iPhone; CPU iPhone OS 14_6 like Mac OS X) AppleWebKit/605.1.15 (KHTML, like Gecko) Version/14.6 Mobile/15E148 DuckDuckGo/7 Safari/605.1.15"
67.233.79.75 - - [01/Jul/2021:06:56:16 -0400] "GET /wp-content/themes/royal-magazine/assets/libraries/magnific-popup/jquery.magnific-popup.min.js?ver=5.7.2 HTTP/1.1" 200 7838 "https://ajhydell.com/2021/05/31/an-american-soldier-walking-his-companys-pet-dog-leipzig-germany-1945/" "Mozilla/5.0 (iPhone; CPU iPhone OS 14_6 like Mac OS X) AppleWebKit/605.1.15 (KHTML, like Gecko) Version/14.6 Mobile/15E148 DuckDuckGo/7 Safari/605.1.15"
67.233.79.75 - - [01/Jul/2021:06:56:16 -0400] "GET /wp-content/themes/royal-magazine/assets/twp/js/custom-script.js?ver=5.7.2 HTTP/1.1" 200 2995 "https://ajhydell.com/2021/05/31/an-american-soldier-walking-his-companys-pet-dog-leipzig-germany-1945/" "Mozilla/5.0 (iPhone; CPU iPhone OS 14_6 like Mac OS X) AppleWebKit/605.1.15 (KHTML, like Gecko) Version/14.6 Mobile/15E148 DuckDuckGo/7 Safari/605.1.15"
67.233.79.75 - - [01/Jul/2021:06:56:16 -0400] "GET /wp-content/plugins/facebook-pagelike-widget/fb.js?ver=1.0 HTTP/1.1" 200 810 "https://ajhydell.com/2021/05/31/an-american-soldier-walking-his-companys-pet-dog-leipzig-germany-1945/" "Mozilla/5.0 (iPhone; CPU iPhone OS 14_6 like Mac OS X) AppleWebKit/605.1.15 (KHTML, like Gecko) Version/14.6 Mobile/15E148 DuckDuckGo/7 Safari/605.1.15"
67.233.79.75 - - [01/Jul/2021:06:56:16 -0400] "GET /wp-includes/js/wp-embed.min.js?ver=5.7.2 HTTP/1.1" 200 1209 "https://ajhydell.com/2021/05/31/an-american-soldier-walking-his-companys-pet-dog-leipzig-germany-1945/" "Mozilla/5.0 (iPhone; CPU iPhone OS 14_6 like Mac OS X) AppleWebKit/605.1.15 (KHTML, like Gecko) Version/14.6 Mobile/15E148 DuckDuckGo/7 Safari/605.1.15"
67.233.79.75 - - [01/Jul/2021:06:56:16 -0400] "GET /wp-content/themes/royal-magazine/assets/libraries/ionicons/fonts/ionicons.ttf HTTP/1.1" 200 189155 "https://ajhydell.com/2021/05/31/an-american-soldier-walking-his-companys-pet-dog-leipzig-germany-1945/" "Mozilla/5.0 (iPhone; CPU iPhone OS 14_6 like Mac OS X) AppleWebKit/605.1.15 (KHTML, like Gecko) Version/14.6 Mobile/15E148 DuckDuckGo/7 Safari/605.1.15"
67.233.79.75 - - [01/Jul/2021:06:56:17 -0400] "GET /wp-content/uploads/2021/05/picture-150.jpg HTTP/1.1" 200 41597 "https://ajhydell.com/2021/05/31/an-american-soldier-walking-his-companys-pet-dog-leipzig-germany-1945/" "Mozilla/5.0 (iPhone; CPU iPhone OS 14_6 like Mac OS X) AppleWebKit/605.1.15 (KHTML, like Gecko) Version/14.6 Mobile/15E148 DuckDuckGo/7 Safari/605.1.15"
67.233.79.75 - - [01/Jul/2021:06:56:16 -0400] "GET / HTTP/1.1" 200 19515 "-" "Mozilla/5.0 (Macintosh; Intel Mac OS X 10_11_1) AppleWebKit/601.2.4 (KHTML, like Gecko) Version/9.0.1 Safari/601.2.4 facebookexternalhit/1.1 Facebot Twitterbot/1.0"
67.233.79.75 - - [01/Jul/2021:06:56:17 -0400] "GET /apple-touch-icon.png HTTP/1.1" 404 63670 "-" "Mozilla/5.0 (Macintosh; Intel Mac OS X 10_11_1) AppleWebKit/601.2.4 (KHTML, like Gecko) Version/9.0.1 Safari/601.2.4 facebookexternalhit/1.1 Facebot Twitterbot/1.0"
67.233.79.75 - - [01/Jul/2021:06:56:17 -0400] "GET /favicon.ico HTTP/1.1" 302 5676 "-" "Mozilla/5.0 (Macintosh; Intel Mac OS X 10_11_1) AppleWebKit/601.2.4 (KHTML, like Gecko) Version/9.0.1 Safari/601.2.4 facebookexternalhit/1.1 Facebot Twitterbot/1.0"
67.233.79.75 - - [01/Jul/2021:06:56:17 -0400] "GET /wp-content/uploads/2018/08/cropped-logo-32x32.jpg HTTP/1.1" 200 1314 "-" "Mozilla/5.0 (Macintosh; Intel Mac OS X 10_11_1) AppleWebKit/601.2.4 (KHTML, like Gecko) Version/9.0.1 Safari/601.2.4 facebookexternalhit/1.1 Facebot Twitterbot/1.0"
67.233.79.75 - - [01/Jul/2021:06:56:17 -0400] "GET /apple-touch-icon-precomposed.png HTTP/1.1" 404 63670 "-" "Mozilla/5.0 (Macintosh; Intel Mac OS X 10_11_1) AppleWebKit/601.2.4 (KHTML, like Gecko) Version/9.0.1 Safari/601.2.4 facebookexternalhit/1.1 Facebot Twitterbot/1.0"
67.233.79.75 - - [01/Jul/2021:06:56:17 -0400] "GET /wp-content/uploads/2018/08/logo.jpg HTTP/1.1" 200 121087 "-" "Mozilla/5.0 (Macintosh; Intel Mac OS X 10_11_1) AppleWebKit/601.2.4 (KHTML, like Gecko) Version/9.0.1 Safari/601.2.4 facebookexternalhit/1.1 Facebot Twitterbot/1.0"
67.233.79.75 - - [01/Jul/2021:06:56:17 -0400] "GET /wp-content/uploads/2018/08/cropped-logo-192x192.jpg HTTP/1.1" 200 9756 "-" "Mozilla/5.0 (Macintosh; Intel Mac OS X 10_11_1) AppleWebKit/601.2.4 (KHTML, like Gecko) Version/9.0.1 Safari/601.2.4 facebookexternalhit/1.1 Facebot Twitterbot/1.0"
67.233.79.75 - - [01/Jul/2021:06:56:17 -0400] "GET /wp-content/uploads/2018/08/cropped-logo-32x32.jpg HTTP/1.1" 200 1314 "-" "Mozilla/5.0 (Macintosh; Intel Mac OS X 10_11_1) AppleWebKit/601.2.4 (KHTML, like Gecko) Version/9.0.1 Safari/601.2.4 facebookexternalhit/1.1 Facebot Twitterbot/1.0"
67.233.79.75 - - [01/Jul/2021:06:56:17 -0400] "GET /wp-content/uploads/2018/08/cropped-logo-180x180.jpg HTTP/1.1" 200 14361 "-" "Mozilla/5.0 (Macintosh; Intel Mac OS X 10_11_1) AppleWebKit/601.2.4 (KHTML, like Gecko) Version/9.0.1 Safari/601.2.4 facebookexternalhit/1.1 Facebot Twitterbot/1.0"
67.233.79.75 - - [01/Jul/2021:06:56:18 -0400] "GET /?wordfence_lh=1&hid=B119935EED3AFF85A59856B2A645049E&r=0.46831401451242893 HTTP/1.1" 200 347 "https://ajhydell.com/2021/05/31/an-american-soldier-walking-his-companys-pet-dog-leipzig-germany-1945/" "Mozilla/5.0 (iPhone; CPU iPhone OS 14_6 like Mac OS X) AppleWebKit/605.1.15 (KHTML, like Gecko) Version/14.6 Mobile/15E148 Safari/605.1.15"
204.48.19.85 - - [01/Jul/2021:06:58:50 -0400] "POST /wp-cron.php?doing_wp_cron=1625137130.5231230258941650390625 HTTP/1.1" 200 5463 "https://ajhydell.com/wp-cron.php?doing_wp_cron=1625137130.5231230258941650390625" "WordPress/5.7.2; https://ajhydell.com"
185.191.171.10 - - [01/Jul/2021:06:58:50 -0400] "GET /2019/04/07/ HTTP/1.1" 200 17810 "-" "Mozilla/5.0 (compatible; SemrushBot/7~bl; +http://www.semrush.com/bot.html)"
66.249.66.136 - - [01/Jul/2021:06:59:21 -0400] "GET /2020/08/09/twiggy-for-vogue-april-1970-ph-justin-de-villeneuve/feed/ HTTP/1.1" 200 6354 "-" "Mozilla/5.0 (compatible; Googlebot/2.1; +http://www.google.com/bot.html)"
23.100.232.233 - - [01/Jul/2021:06:59:24 -0400] "GET /2021/06/27/a-united-states-soldier-holds-up-a-jungle-centipede-during-the-vietnam-war-1967-443x428/ HTTP/1.1" 200 17205 "-" "Mozilla/5.0 (compatible; MSIE 9.0; Windows NT 6.1; Trident/5.0;  Trident/5.0)"
23.100.232.233 - - [01/Jul/2021:06:59:25 -0400] "GET /wp-content/plugins/add-expires-headers/cache/0/com/processed-header-f16a8d323e83e1bc1b76514e283fb81b7090a959.min.css HTTP/1.1" 200 52893 "https://ajhydell.com/2021/06/27/a-united-states-soldier-holds-up-a-jungle-centipede-during-the-vietnam-war-1967-443x428/" "Mozilla/5.0 (compatible; MSIE 9.0; Windows NT 6.1; Trident/5.0;  Trident/5.0)"
23.100.232.233 - - [01/Jul/2021:06:59:25 -0400] "GET /wp-content/plugins/google-analytics-for-wordpress/assets/js/frontend-gtag.min.js?ver=7.17.0 HTTP/1.1" 200 3476 "https://ajhydell.com/2021/06/27/a-united-states-soldier-holds-up-a-jungle-centipede-during-the-vietnam-war-1967-443x428/" "Mozilla/5.0 (compatible; MSIE 9.0; Windows NT 6.1; Trident/5.0;  Trident/5.0)"
23.100.232.233 - - [01/Jul/2021:06:59:25 -0400] "GET /wp-includes/js/jquery/jquery-migrate.min.js?ver=3.3.2 HTTP/1.1" 200 4687 "https://ajhydell.com/2021/06/27/a-united-states-soldier-holds-up-a-jungle-centipede-during-the-vietnam-war-1967-443x428/" "Mozilla/5.0 (compatible; MSIE 9.0; Windows NT 6.1; Trident/5.0;  Trident/5.0)"
23.100.232.233 - - [01/Jul/2021:06:59:25 -0400] "GET /wp-includes/js/jquery/jquery.min.js?ver=3.5.1 HTTP/1.1" 200 31550 "https://ajhydell.com/2021/06/27/a-united-states-soldier-holds-up-a-jungle-centipede-during-the-vietnam-war-1967-443x428/" "Mozilla/5.0 (compatible; MSIE 9.0; Windows NT 6.1; Trident/5.0;  Trident/5.0)"
23.100.232.233 - - [01/Jul/2021:06:59:27 -0400] "GET /wp-content/plugins/wp-smushit/app/assets/js/smush-lazy-load.min.js?ver=3.8.7 HTTP/1.1" 200 4207 "https://ajhydell.com/2021/06/27/a-united-states-soldier-holds-up-a-jungle-centipede-during-the-vietnam-war-1967-443x428/" "Mozilla/5.0 (compatible; MSIE 9.0; Windows NT 6.1; Trident/5.0;  Trident/5.0)"
23.100.232.233 - - [01/Jul/2021:06:59:27 -0400] "GET /wp-includes/js/wp-emoji-release.min.js?ver=5.7.2 HTTP/1.1" 200 5183 "https://ajhydell.com/2021/06/27/a-united-states-soldier-holds-up-a-jungle-centipede-during-the-vietnam-war-1967-443x428/" "Mozilla/5.0 (compatible; MSIE 9.0; Windows NT 6.1; Trident/5.0;  Trident/5.0)"
23.100.232.233 - - [01/Jul/2021:06:59:27 -0400] "GET /wp-content/themes/royal-magazine/js/skip-link-focus-fix.js?ver=20151215 HTTP/1.1" 200 933 "https://ajhydell.com/2021/06/27/a-united-states-soldier-holds-up-a-jungle-centipede-during-the-vietnam-war-1967-443x428/" "Mozilla/5.0 (compatible; MSIE 9.0; Windows NT 6.1; Trident/5.0;  Trident/5.0)"
23.100.232.233 - - [01/Jul/2021:06:59:27 -0400] "GET /wp-content/themes/royal-magazine/js/navigation.js?ver=20151215 HTTP/1.1" 200 1349 "https://ajhydell.com/2021/06/27/a-united-states-soldier-holds-up-a-jungle-centipede-during-the-vietnam-war-1967-443x428/" "Mozilla/5.0 (compatible; MSIE 9.0; Windows NT 6.1; Trident/5.0;  Trident/5.0)"
23.100.232.233 - - [01/Jul/2021:06:59:27 -0400] "GET /wp-content/themes/royal-magazine/assets/libraries/marquee/jquery.marquee.js?ver=5.7.2 HTTP/1.1" 200 5103 "https://ajhydell.com/2021/06/27/a-united-states-soldier-holds-up-a-jungle-centipede-during-the-vietnam-war-1967-443x428/" "Mozilla/5.0 (compatible; MSIE 9.0; Windows NT 6.1; Trident/5.0;  Trident/5.0)"
23.100.232.233 - - [01/Jul/2021:06:59:27 -0400] "GET /wp-content/themes/royal-magazine/assets/libraries/bootstrap/js/bootstrap.min.js?ver=5.7.2 HTTP/1.1" 200 10404 "https://ajhydell.com/2021/06/27/a-united-states-soldier-holds-up-a-jungle-centipede-during-the-vietnam-war-1967-443x428/" "Mozilla/5.0 (compatible; MSIE 9.0; Windows NT 6.1; Trident/5.0;  Trident/5.0)"
23.100.232.233 - - [01/Jul/2021:06:59:27 -0400] "GET /wp-content/themes/royal-magazine/assets/twp/js/custom-script.js?ver=5.7.2 HTTP/1.1" 200 3023 "https://ajhydell.com/2021/06/27/a-united-states-soldier-holds-up-a-jungle-centipede-during-the-vietnam-war-1967-443x428/" "Mozilla/5.0 (compatible; MSIE 9.0; Windows NT 6.1; Trident/5.0;  Trident/5.0)"
23.100.232.233 - - [01/Jul/2021:06:59:27 -0400] "GET /wp-content/themes/royal-magazine/assets/libraries/magnific-popup/jquery.magnific-popup.min.js?ver=5.7.2 HTTP/1.1" 200 7871 "https://ajhydell.com/2021/06/27/a-united-states-soldier-holds-up-a-jungle-centipede-during-the-vietnam-war-1967-443x428/" "Mozilla/5.0 (compatible; MSIE 9.0; Windows NT 6.1; Trident/5.0;  Trident/5.0)"
23.100.232.233 - - [01/Jul/2021:06:59:28 -0400] "GET /wp-content/plugins/facebook-pagelike-widget/fb.js?ver=1.0 HTTP/1.1" 200 821 "https://ajhydell.com/2021/06/27/a-united-states-soldier-holds-up-a-jungle-centipede-during-the-vietnam-war-1967-443x428/" "Mozilla/5.0 (compatible; MSIE 9.0; Windows NT 6.1; Trident/5.0;  Trident/5.0)"
23.100.232.233 - - [01/Jul/2021:06:59:28 -0400] "GET /wp-content/themes/royal-magazine/assets/libraries/slick/js/slick.min.js?ver=5.7.2 HTTP/1.1" 200 10740 "https://ajhydell.com/2021/06/27/a-united-states-soldier-holds-up-a-jungle-centipede-during-the-vietnam-war-1967-443x428/" "Mozilla/5.0 (compatible; MSIE 9.0; Windows NT 6.1; Trident/5.0;  Trident/5.0)"
23.100.232.233 - - [01/Jul/2021:06:59:28 -0400] "GET /wp-includes/js/wp-embed.min.js?ver=5.7.2 HTTP/1.1" 200 1221 "https://ajhydell.com/2021/06/27/a-united-states-soldier-holds-up-a-jungle-centipede-during-the-vietnam-war-1967-443x428/" "Mozilla/5.0 (compatible; MSIE 9.0; Windows NT 6.1; Trident/5.0;  Trident/5.0)"
23.100.232.233 - - [01/Jul/2021:06:59:28 -0400] "GET /wp-content/themes/royal-magazine/assets/libraries/theiaStickySidebar/theia-sticky-sidebar.min.js?ver=5.7.2 HTTP/1.1" 200 2271 "https://ajhydell.com/2021/06/27/a-united-states-soldier-holds-up-a-jungle-centipede-during-the-vietnam-war-1967-443x428/" "Mozilla/5.0 (compatible; MSIE 9.0; Windows NT 6.1; Trident/5.0;  Trident/5.0)"
35.221.68.39 - - [01/Jul/2021:06:59:35 -0400] "GET /2019/08/31/the-bluebird-proteus-cn7-is-a-gas-turbine-powered-vehicle-that-was-driven-by-donald-campbell-and-achieved-the-world-land-speed-record-on-lake-eyre-in-australia-on-17-july-1964/ HTTP/1.1" 200 70014 "-" "Mozilla/5.0 (Macintosh; Intel Mac OS X 10_15_6) AppleWebKit/537.36 (KHTML, like Gecko) Chrome/85.0.4183.121 Safari/537.36"
35.221.68.39 - - [01/Jul/2021:06:59:44 -0400] "HEAD /2019/08/31/the-bluebird-proteus-cn7-is-a-gas-turbine-powered-vehicle-that-was-driven-by-donald-campbell-and-achieved-the-world-land-speed-record-on-lake-eyre-in-australia-on-17-july-1964/ HTTP/1.1" 200 1023 "-" "Mozilla/5.0 (Macintosh; Intel Mac OS X 10_15_6) AppleWebKit/537.36 (KHTML, like Gecko) Chrome/85.0.4183.121 Safari/537.36"
35.221.68.39 - - [01/Jul/2021:06:59:44 -0400] "HEAD /wp-content/uploads/2019/08/picture-97.jpg HTTP/1.1" 200 877 "-" "Mozilla/5.0 (Macintosh; Intel Mac OS X 10_15_6) AppleWebKit/537.36 (KHTML, like Gecko) Chrome/85.0.4183.121 Safari/537.36"
204.48.19.85 - - [01/Jul/2021:07:00:24 -0400] "POST /wp-cron.php?doing_wp_cron=1625137224.1463899612426757812500 HTTP/1.1" 200 5463 "https://ajhydell.com/wp-cron.php?doing_wp_cron=1625137224.1463899612426757812500" "WordPress/5.7.2; https://ajhydell.com"
54.36.149.36 - - [01/Jul/2021:07:00:24 -0400] "GET /2020/11/23/empire-state-building-in-1941-530-x-776/ HTTP/1.1" 200 18002 "-" "Mozilla/5.0 (compatible; AhrefsBot/7.0; +http://ahrefs.com/robot/)"
204.48.19.85 - - [01/Jul/2021:07:01:36 -0400] "POST /wp-cron.php?doing_wp_cron=1625137296.4864740371704101562500 HTTP/1.1" 200 5463 "https://ajhydell.com/wp-cron.php?doing_wp_cron=1625137296.4864740371704101562500" "WordPress/5.7.2; https://ajhydell.com"
207.46.13.96 - - [01/Jul/2021:07:01:36 -0400] "GET /2019/04/05/new-york-during-a-blizzard-in-1914-2048x1586/ HTTP/1.1" 200 17865 "-" "Mozilla/5.0 (compatible; bingbot/2.0; +http://www.bing.com/bingbot.htm)"
207.46.13.22 - - [01/Jul/2021:07:01:41 -0400] "GET /2019/08/31/empress-of-britain-1920s/ HTTP/1.1" 200 17652 "-" "Mozilla/5.0 (compatible; bingbot/2.0; +http://www.bing.com/bingbot.htm)"
204.48.19.85 - - [01/Jul/2021:07:02:02 -0400] "POST /wp-cron.php?doing_wp_cron=1625137322.7146389484405517578125 HTTP/1.1" 200 5463 "https://ajhydell.com/wp-cron.php?doing_wp_cron=1625137322.7146389484405517578125" "WordPress/5.7.2; https://ajhydell.com"
185.191.171.9 - - [01/Jul/2021:07:02:02 -0400] "GET /robots.txt HTTP/1.1" 200 5648 "-" "Mozilla/5.0 (compatible; SemrushBot/7~bl; +http://www.semrush.com/bot.html)"
185.191.171.39 - - [01/Jul/2021:07:02:02 -0400] "GET /2020/08/22/shipyard-worker-riveting-during-wwii/ HTTP/1.1" 200 18121 "-" "Mozilla/5.0 (compatible; SemrushBot/7~bl; +http://www.semrush.com/bot.html)"
204.48.19.85 - - [01/Jul/2021:07:03:45 -0400] "POST /wp-cron.php?doing_wp_cron=1625137425.3521370887756347656250 HTTP/1.1" 200 5463 "https://ajhydell.com/wp-cron.php?doing_wp_cron=1625137425.3521370887756347656250" "WordPress/5.7.2; https://ajhydell.com"
185.191.171.10 - - [01/Jul/2021:07:03:45 -0400] "GET /2020/07/11/ HTTP/1.1" 200 17897 "-" "Mozilla/5.0 (compatible; SemrushBot/7~bl; +http://www.semrush.com/bot.html)"
66.249.66.134 - - [01/Jul/2021:07:04:23 -0400] "GET /wp-content/uploads/2021/06/picture-148.jpg HTTP/1.1" 200 157289 "-" "Googlebot-Image/1.0"
157.55.39.57 - - [01/Jul/2021:07:05:06 -0400] "GET /wp-content/uploads/2020/05/picture-67.jpg HTTP/1.1" 200 36237 "-" "Mozilla/5.0 (compatible; bingbot/2.0; +http://www.bing.com/bingbot.htm)"
207.46.13.22 - - [01/Jul/2021:07:06:00 -0400] "GET /wp-content/uploads/2019/06/picture-42.jpg HTTP/1.1" 200 444977 "-" "Mozilla/5.0 (compatible; bingbot/2.0; +http://www.bing.com/bingbot.htm)"
204.48.19.85 - - [01/Jul/2021:07:06:05 -0400] "POST /wp-cron.php?doing_wp_cron=1625137565.0637259483337402343750 HTTP/1.1" 200 5463 "https://ajhydell.com/wp-cron.php?doing_wp_cron=1625137565.0637259483337402343750" "WordPress/5.7.2; https://ajhydell.com"
207.46.13.80 - - [01/Jul/2021:07:06:05 -0400] "GET /2021/06/26/reddi-bacon-1964 HTTP/1.1" 301 5177 "-" "Mozilla/5.0 (compatible; bingbot/2.0; +http://www.bing.com/bingbot.htm)"
207.46.13.80 - - [01/Jul/2021:07:06:06 -0400] "GET /2021/06/26/reddi-bacon-1964/ HTTP/1.1" 200 17658 "-" "Mozilla/5.0 (compatible; bingbot/2.0; +http://www.bing.com/bingbot.htm)"
66.249.66.136 - - [01/Jul/2021:07:06:23 -0400] "GET /2018/08/19/capt-george-malcolm-ashmun-us-marine-corps-vfw-214-black-sheep-squadron-posthumously-awarded-the-distinguished-flying-cross-for-heroism-he-was-shot-down-over-rabaul-on-3-jan-1944/feed/ HTTP/1.1" 200 6507 "-" "Mozilla/5.0 (compatible; Googlebot/2.1; +http://www.google.com/bot.html)"
207.46.13.151 - - [01/Jul/2021:07:06:24 -0400] "GET /2021/03/20/a-girl-carrying-her-doll-on-her-back-bucheon-south-korea-1976-by-kim-ki-chan/ HTTP/1.1" 200 17828 "-" "Mozilla/5.0 (compatible; bingbot/2.0; +http://www.bing.com/bingbot.htm)"
204.48.19.85 - - [01/Jul/2021:07:07:39 -0400] "POST /wp-cron.php?doing_wp_cron=1625137659.0871889591217041015625 HTTP/1.1" 200 5463 "https://ajhydell.com/wp-cron.php?doing_wp_cron=1625137659.0871889591217041015625" "WordPress/5.7.2; https://ajhydell.com"
54.36.149.91 - - [01/Jul/2021:07:07:39 -0400] "GET / HTTP/1.1" 200 19461 "-" "Mozilla/5.0 (compatible; AhrefsBot/7.0; +http://ahrefs.com/robot/)"
204.48.19.85 - - [01/Jul/2021:07:07:54 -0400] "POST /wp-cron.php?doing_wp_cron=1625137674.3395850658416748046875 HTTP/1.1" 200 232 "http://ajhydell.com/wp-cron.php?doing_wp_cron=1625137674.3395850658416748046875" "WordPress/5.7.2; https://ajhydell.com"
20.191.45.212 - - [01/Jul/2021:07:07:54 -0400] "GET / HTTP/1.1" 301 343 "http://ajhydell.com/" "Mozilla/5.0 (compatible; DuckDuckGo-Favicons-Bot/1.0; +http://duckduckgo.com)"
20.191.45.212 - - [01/Jul/2021:07:07:54 -0400] "GET / HTTP/1.1" 200 19470 "https://ajhydell.com/" "Mozilla/5.0 (compatible; DuckDuckGo-Favicons-Bot/1.0; +http://duckduckgo.com)"
20.191.45.212 - - [01/Jul/2021:07:07:54 -0400] "GET /wp-content/uploads/2018/08/cropped-logo-32x32.jpg HTTP/1.1" 200 1314 "https://ajhydell.com/wp-content/uploads/2018/08/cropped-logo-32x32.jpg" "Mozilla/5.0 (compatible; DuckDuckGo-Favicons-Bot/1.0; +http://duckduckgo.com)"
66.249.66.134 - - [01/Jul/2021:07:08:51 -0400] "GET /wp-content/uploads/2021/06/picture-3.jpg HTTP/1.1" 200 233551 "-" "Googlebot-Image/1.0"
204.48.19.85 - - [01/Jul/2021:07:09:43 -0400] "POST /wp-cron.php?doing_wp_cron=1625137783.2542800903320312500000 HTTP/1.1" 200 5463 "https://ajhydell.com/wp-cron.php?doing_wp_cron=1625137783.2542800903320312500000" "WordPress/5.7.2; https://ajhydell.com"
185.191.171.36 - - [01/Jul/2021:07:09:43 -0400] "GET /2020/12/21/stop-him-1943/ HTTP/1.1" 200 18027 "-" "Mozilla/5.0 (compatible; SemrushBot/7~bl; +http://www.semrush.com/bot.html)"
204.48.19.85 - - [01/Jul/2021:07:12:15 -0400] "POST /wp-cron.php?doing_wp_cron=1625137935.5577239990234375000000 HTTP/1.1" 200 232 "http://ajhydell.com/wp-cron.php?doing_wp_cron=1625137935.5577239990234375000000" "WordPress/5.7.2; https://ajhydell.com"
82.165.86.52 - - [01/Jul/2021:07:12:15 -0400] "GET /wp-content/uploads/404.php HTTP/1.1" 301 340 "http://simplesite.com" "Mozilla/5.0 (Windows; U; Windows NT 5.1; en-US) AppleWebKit/533.4 (KHTML, like Gecko) Chrome/5.0.375.99 Safari/533.4"
82.165.86.52 - - [01/Jul/2021:07:12:15 -0400] "GET /wp-content/uploads/404.php HTTP/1.1" 404 63747 "http://ajhydell.com/wp-content/uploads/404.php" "Mozilla/5.0 (Windows; U; Windows NT 5.1; en-US) AppleWebKit/533.4 (KHTML, like Gecko) Chrome/5.0.375.99 Safari/533.4"
49.237.17.228 - - [01/Jul/2021:07:12:18 -0400] "GET /wp-content/uploads/2019/01/picture-47.jpg HTTP/1.1" 200 103953 "https://yandex.com/images/search?text=%D0%9A%D0%B0%D1%80%D1%82%D0%B0%20%D0%BA%D0%BE%D0%BC%D0%BC%D1%83%D0%BD%D0%B8%D1%81%D1%82%D0%B8%D1%87%D0%B5%D1%81%D0%BA%D0%BE%D0%B9%20%D0%BF%D1%80%D0%BE%D0%BF%D0%B0%D0%B3%D0%B0%D0%BD%D0%B4%D1%8B&from=tabbar" "Mozilla/5.0 (Windows NT 10.0; Win64; x64) AppleWebKit/537.36 (KHTML, like Gecko) Chrome/91.0.4472.124 Safari/537.36"
23.100.232.233 - - [01/Jul/2021:07:12:43 -0400] "GET /2020/08/11/soviet-soldiers-with-lowered-banners-of-the-defeated-nazi-forces-during-the-victory-day-parade-in-moscow-on-june-24-1945-1125-x-750/ HTTP/1.1" 200 17413 "-" "Mozilla/5.0 (compatible; MSIE 9.0; Windows NT 6.1; Trident/5.0;  Trident/5.0)"
23.100.232.233 - - [01/Jul/2021:07:12:43 -0400] "GET /wp-content/plugins/add-expires-headers/cache/0/com/processed-header-f16a8d323e83e1bc1b76514e283fb81b7090a959.min.css HTTP/1.1" 200 52893 "https://ajhydell.com/2020/08/11/soviet-soldiers-with-lowered-banners-of-the-defeated-nazi-forces-during-the-victory-day-parade-in-moscow-on-june-24-1945-1125-x-750/" "Mozilla/5.0 (compatible; MSIE 9.0; Windows NT 6.1; Trident/5.0;  Trident/5.0)"
23.100.232.233 - - [01/Jul/2021:07:12:44 -0400] "GET /wp-includes/js/jquery/jquery.min.js?ver=3.5.1 HTTP/1.1" 200 31550 "https://ajhydell.com/2020/08/11/soviet-soldiers-with-lowered-banners-of-the-defeated-nazi-forces-during-the-victory-day-parade-in-moscow-on-june-24-1945-1125-x-750/" "Mozilla/5.0 (compatible; MSIE 9.0; Windows NT 6.1; Trident/5.0;  Trident/5.0)"
23.100.232.233 - - [01/Jul/2021:07:12:44 -0400] "GET /wp-content/plugins/google-analytics-for-wordpress/assets/js/frontend-gtag.min.js?ver=7.17.0 HTTP/1.1" 200 3476 "https://ajhydell.com/2020/08/11/soviet-soldiers-with-lowered-banners-of-the-defeated-nazi-forces-during-the-victory-day-parade-in-moscow-on-june-24-1945-1125-x-750/" "Mozilla/5.0 (compatible; MSIE 9.0; Windows NT 6.1; Trident/5.0;  Trident/5.0)"
23.100.232.233 - - [01/Jul/2021:07:12:44 -0400] "GET /wp-includes/js/jquery/jquery-migrate.min.js?ver=3.3.2 HTTP/1.1" 200 4687 "https://ajhydell.com/2020/08/11/soviet-soldiers-with-lowered-banners-of-the-defeated-nazi-forces-during-the-victory-day-parade-in-moscow-on-june-24-1945-1125-x-750/" "Mozilla/5.0 (compatible; MSIE 9.0; Windows NT 6.1; Trident/5.0;  Trident/5.0)"
23.100.232.233 - - [01/Jul/2021:07:12:45 -0400] "GET /wp-includes/js/wp-emoji-release.min.js?ver=5.7.2 HTTP/1.1" 200 5183 "https://ajhydell.com/2020/08/11/soviet-soldiers-with-lowered-banners-of-the-defeated-nazi-forces-during-the-victory-day-parade-in-moscow-on-june-24-1945-1125-x-750/" "Mozilla/5.0 (compatible; MSIE 9.0; Windows NT 6.1; Trident/5.0;  Trident/5.0)"
23.100.232.233 - - [01/Jul/2021:07:12:45 -0400] "GET /wp-content/plugins/wp-smushit/app/assets/js/smush-lazy-load.min.js?ver=3.8.7 HTTP/1.1" 200 4207 "https://ajhydell.com/2020/08/11/soviet-soldiers-with-lowered-banners-of-the-defeated-nazi-forces-during-the-victory-day-parade-in-moscow-on-june-24-1945-1125-x-750/" "Mozilla/5.0 (compatible; MSIE 9.0; Windows NT 6.1; Trident/5.0;  Trident/5.0)"
23.100.232.233 - - [01/Jul/2021:07:12:45 -0400] "GET /wp-content/themes/royal-magazine/js/navigation.js?ver=20151215 HTTP/1.1" 200 1349 "https://ajhydell.com/2020/08/11/soviet-soldiers-with-lowered-banners-of-the-defeated-nazi-forces-during-the-victory-day-parade-in-moscow-on-june-24-1945-1125-x-750/" "Mozilla/5.0 (compatible; MSIE 9.0; Windows NT 6.1; Trident/5.0;  Trident/5.0)"
23.100.232.233 - - [01/Jul/2021:07:12:45 -0400] "GET /wp-content/themes/royal-magazine/js/skip-link-focus-fix.js?ver=20151215 HTTP/1.1" 200 933 "https://ajhydell.com/2020/08/11/soviet-soldiers-with-lowered-banners-of-the-defeated-nazi-forces-during-the-victory-day-parade-in-moscow-on-june-24-1945-1125-x-750/" "Mozilla/5.0 (compatible; MSIE 9.0; Windows NT 6.1; Trident/5.0;  Trident/5.0)"
23.100.232.233 - - [01/Jul/2021:07:12:45 -0400] "GET /wp-content/themes/royal-magazine/assets/libraries/bootstrap/js/bootstrap.min.js?ver=5.7.2 HTTP/1.1" 200 10404 "https://ajhydell.com/2020/08/11/soviet-soldiers-with-lowered-banners-of-the-defeated-nazi-forces-during-the-victory-day-parade-in-moscow-on-june-24-1945-1125-x-750/" "Mozilla/5.0 (compatible; MSIE 9.0; Windows NT 6.1; Trident/5.0;  Trident/5.0)"
23.100.232.233 - - [01/Jul/2021:07:12:45 -0400] "GET /wp-content/themes/royal-magazine/assets/libraries/marquee/jquery.marquee.js?ver=5.7.2 HTTP/1.1" 200 5103 "https://ajhydell.com/2020/08/11/soviet-soldiers-with-lowered-banners-of-the-defeated-nazi-forces-during-the-victory-day-parade-in-moscow-on-june-24-1945-1125-x-750/" "Mozilla/5.0 (compatible; MSIE 9.0; Windows NT 6.1; Trident/5.0;  Trident/5.0)"
204.48.19.85 - - [01/Jul/2021:07:12:45 -0400] "POST /wp-cron.php?doing_wp_cron=1625137965.7154479026794433593750 HTTP/1.1" 200 232 "http://ajhydell.com/wp-cron.php?doing_wp_cron=1625137965.7154479026794433593750" "WordPress/5.7.2; https://ajhydell.com"
117.193.67.217 - - [01/Jul/2021:07:12:45 -0400] "GET //semalt.com HTTP/1.1" 301 381 "https://www.bing.com/search?q=semalt.com" "Mozilla/5.0 (Windows NT 10.0; Win64; x64) AppleWebKit/537.36 (KHTML, like Gecko) Chrome/74.0.3729.169 Safari/537.36"
23.100.232.233 - - [01/Jul/2021:07:12:45 -0400] "GET /wp-content/themes/royal-magazine/assets/twp/js/custom-script.js?ver=5.7.2 HTTP/1.1" 200 3023 "https://ajhydell.com/2020/08/11/soviet-soldiers-with-lowered-banners-of-the-defeated-nazi-forces-during-the-victory-day-parade-in-moscow-on-june-24-1945-1125-x-750/" "Mozilla/5.0 (compatible; MSIE 9.0; Windows NT 6.1; Trident/5.0;  Trident/5.0)"
23.100.232.233 - - [01/Jul/2021:07:12:45 -0400] "GET /wp-content/themes/royal-magazine/assets/libraries/magnific-popup/jquery.magnific-popup.min.js?ver=5.7.2 HTTP/1.1" 200 7871 "https://ajhydell.com/2020/08/11/soviet-soldiers-with-lowered-banners-of-the-defeated-nazi-forces-during-the-victory-day-parade-in-moscow-on-june-24-1945-1125-x-750/" "Mozilla/5.0 (compatible; MSIE 9.0; Windows NT 6.1; Trident/5.0;  Trident/5.0)"
23.100.232.233 - - [01/Jul/2021:07:12:46 -0400] "GET /wp-content/plugins/facebook-pagelike-widget/fb.js?ver=1.0 HTTP/1.1" 200 821 "https://ajhydell.com/2020/08/11/soviet-soldiers-with-lowered-banners-of-the-defeated-nazi-forces-during-the-victory-day-parade-in-moscow-on-june-24-1945-1125-x-750/" "Mozilla/5.0 (compatible; MSIE 9.0; Windows NT 6.1; Trident/5.0;  Trident/5.0)"
23.100.232.233 - - [01/Jul/2021:07:12:46 -0400] "GET /wp-content/themes/royal-magazine/assets/libraries/slick/js/slick.min.js?ver=5.7.2 HTTP/1.1" 200 10740 "https://ajhydell.com/2020/08/11/soviet-soldiers-with-lowered-banners-of-the-defeated-nazi-forces-during-the-victory-day-parade-in-moscow-on-june-24-1945-1125-x-750/" "Mozilla/5.0 (compatible; MSIE 9.0; Windows NT 6.1; Trident/5.0;  Trident/5.0)"
23.100.232.233 - - [01/Jul/2021:07:12:46 -0400] "GET /wp-includes/js/wp-embed.min.js?ver=5.7.2 HTTP/1.1" 200 1221 "https://ajhydell.com/2020/08/11/soviet-soldiers-with-lowered-banners-of-the-defeated-nazi-forces-during-the-victory-day-parade-in-moscow-on-june-24-1945-1125-x-750/" "Mozilla/5.0 (compatible; MSIE 9.0; Windows NT 6.1; Trident/5.0;  Trident/5.0)"
23.100.232.233 - - [01/Jul/2021:07:12:46 -0400] "GET /wp-content/themes/royal-magazine/assets/libraries/theiaStickySidebar/theia-sticky-sidebar.min.js?ver=5.7.2 HTTP/1.1" 200 2271 "https://ajhydell.com/2020/08/11/soviet-soldiers-with-lowered-banners-of-the-defeated-nazi-forces-during-the-victory-day-parade-in-moscow-on-june-24-1945-1125-x-750/" "Mozilla/5.0 (compatible; MSIE 9.0; Windows NT 6.1; Trident/5.0;  Trident/5.0)"
207.46.13.22 - - [01/Jul/2021:07:12:52 -0400] "GET /2020/08/27/segregated-drinking-fountain-1938/ HTTP/1.1" 200 17714 "-" "Mozilla/5.0 (compatible; bingbot/2.0; +http://www.bing.com/bingbot.htm)"
117.193.67.217 - - [01/Jul/2021:07:13:06 -0400] "-" 408 4730 "-" "-"
204.48.19.85 - - [01/Jul/2021:07:15:41 -0400] "POST /wp-cron.php?doing_wp_cron=1625138141.2956600189208984375000 HTTP/1.1" 200 5463 "https://ajhydell.com/wp-cron.php?doing_wp_cron=1625138141.2956600189208984375000" "WordPress/5.7.2; https://ajhydell.com"
54.36.148.250 - - [01/Jul/2021:07:15:41 -0400] "GET /2020/12/11/get-the-hat-with-the-official-nfl-brand-3-23-1981/ HTTP/1.1" 200 18006 "-" "Mozilla/5.0 (compatible; AhrefsBot/7.0; +http://ahrefs.com/robot/)"
207.46.13.96 - - [01/Jul/2021:07:16:06 -0400] "GET /wp-content/uploads/2020/11/picture-14.jpg HTTP/1.1" 200 966837 "-" "Mozilla/5.0 (compatible; bingbot/2.0; +http://www.bing.com/bingbot.htm)"
204.48.19.85 - - [01/Jul/2021:07:16:08 -0400] "POST /wp-cron.php?doing_wp_cron=1625138168.0379340648651123046875 HTTP/1.1" 200 5463 "https://ajhydell.com/wp-cron.php?doing_wp_cron=1625138168.0379340648651123046875" "WordPress/5.7.2; https://ajhydell.com"
207.46.13.96 - - [01/Jul/2021:07:16:07 -0400] "GET /2020/07/29/ HTTP/1.1" 200 17538 "-" "Mozilla/5.0 (compatible; bingbot/2.0; +http://www.bing.com/bingbot.htm)"
66.249.66.136 - - [01/Jul/2021:07:16:24 -0400] "GET /2018/08/19/capt-george-malcolm-ashmun-us-marine-corps-vfw-214-black-sheep-squadron-posthumously-awarded-the-distinguished-flying-cross-for-heroism-he-was-shot-down-over-rabaul-on-3-jan-1944/feed/ HTTP/1.1" 200 6507 "-" "Mozilla/5.0 (Linux; Android 6.0.1; Nexus 5X Build/MMB29P) AppleWebKit/537.36 (KHTML, like Gecko) Chrome/91.0.4472.90 Mobile Safari/537.36 (compatible; Googlebot/2.1; +http://www.google.com/bot.html)"
40.77.167.20 - - [01/Jul/2021:07:16:24 -0400] "GET /wp-content/uploads/2019/01/picture-20.jpg HTTP/1.1" 200 921898 "-" "Mozilla/5.0 (compatible; bingbot/2.0; +http://www.bing.com/bingbot.htm)"
204.48.19.85 - - [01/Jul/2021:07:17:17 -0400] "POST /wp-cron.php?doing_wp_cron=1625138237.9445250034332275390625 HTTP/1.1" 200 5463 "https://ajhydell.com/wp-cron.php?doing_wp_cron=1625138237.9445250034332275390625" "WordPress/5.7.2; https://ajhydell.com"
185.191.171.36 - - [01/Jul/2021:07:17:17 -0400] "GET /2021/02/05/vodka-brought-a-lot-of-misfortune-and-evil-to-the-family-1977/ HTTP/1.1" 200 17975 "-" "Mozilla/5.0 (compatible; SemrushBot/7~bl; +http://www.semrush.com/bot.html)"
157.55.39.136 - - [01/Jul/2021:07:18:21 -0400] "GET /wp-content/uploads/2020/05/picture-9.jpg HTTP/1.1" 200 155747 "-" "Mozilla/5.0 (compatible; bingbot/2.0; +http://www.bing.com/bingbot.htm)"
204.48.19.85 - - [01/Jul/2021:07:18:33 -0400] "POST /wp-cron.php?doing_wp_cron=1625138313.8989400863647460937500 HTTP/1.1" 200 5463 "https://ajhydell.com/wp-cron.php?doing_wp_cron=1625138313.8989400863647460937500" "WordPress/5.7.2; https://ajhydell.com"
5.255.253.88 - - [01/Jul/2021:07:18:33 -0400] "GET /2020/03/08/grenadier-of-the-russian-imperial-palace-guard-around-1900/ HTTP/1.1" 200 18266 "-" "Mozilla/5.0 (compatible; YandexBot/3.0; +http://yandex.com/bots)"
66.249.66.134 - - [01/Jul/2021:07:19:58 -0400] "GET /wp-content/uploads/2021/06/picture-4.jpg HTTP/1.1" 200 88995 "-" "Googlebot-Image/1.0"
204.48.19.85 - - [01/Jul/2021:07:21:46 -0400] "POST /wp-cron.php?doing_wp_cron=1625138506.9924941062927246093750 HTTP/1.1" 200 5463 "https://ajhydell.com/wp-cron.php?doing_wp_cron=1625138506.9924941062927246093750" "WordPress/5.7.2; https://ajhydell.com"
207.46.13.96 - - [01/Jul/2021:07:21:46 -0400] "GET /2021/01/04/new-york-central-rr-1930s/ HTTP/1.1" 200 17550 "-" "Mozilla/5.0 (compatible; bingbot/2.0; +http://www.bing.com/bingbot.htm)"
204.48.19.85 - - [01/Jul/2021:07:22:59 -0400] "POST /wp-cron.php?doing_wp_cron=1625138579.3973081111907958984375 HTTP/1.1" 200 5463 "https://ajhydell.com/wp-cron.php?doing_wp_cron=1625138579.3973081111907958984375" "WordPress/5.7.2; https://ajhydell.com"
54.36.148.144 - - [01/Jul/2021:07:22:59 -0400] "GET /2020/04/16/baron-richard-von-rosen-as-commander-of-a-king-tiger-company/ HTTP/1.1" 200 18073 "-" "Mozilla/5.0 (compatible; AhrefsBot/7.0; +http://ahrefs.com/robot/)"
204.48.19.85 - - [01/Jul/2021:07:26:24 -0400] "POST /wp-cron.php?doing_wp_cron=1625138784.0088210105895996093750 HTTP/1.1" 200 5463 "https://ajhydell.com/wp-cron.php?doing_wp_cron=1625138784.0088210105895996093750" "WordPress/5.7.2; https://ajhydell.com"
66.249.66.134 - - [01/Jul/2021:07:26:23 -0400] "GET /2018/10/23/a-free-french-soldier-aids-a-civilian-after-hidden-german-snipers-fire-on-crowds-welcoming-allied-forces-rather-than-follow-orders-to-surrender-paris-1944-472x817/feed/ HTTP/1.1" 200 6465 "-" "Mozilla/5.0 (Linux; Android 6.0.1; Nexus 5X Build/MMB29P) AppleWebKit/537.36 (KHTML, like Gecko) Chrome/91.0.4472.90 Mobile Safari/537.36 (compatible; Googlebot/2.1; +http://www.google.com/bot.html)"
185.191.171.10 - - [01/Jul/2021:07:26:43 -0400] "GET /2020/08/23/a-selfie-taken-by-edvard-munch-after-admitting-himself-to-a-psychiatric-clinic-in-1905/ HTTP/1.1" 200 18128 "-" "Mozilla/5.0 (compatible; SemrushBot/7~bl; +http://www.semrush.com/bot.html)"
