77.75.77.95 - - [05/Jul/2021:05:00:38 -0400] "GET /wp-content/uploads/2021/06/picture-84-scaled.jpg HTTP/1.1" 200 690948 "-" "Mozilla/5.0 (compatible; SeznamBot/3.2; +http://napoveda.seznam.cz/en/seznambot-intro/)"
77.75.77.95 - - [05/Jul/2021:05:00:41 -0400] "GET /post-sitemap14.xml HTTP/1.1" 200 10223 "-" "Mozilla/5.0 (compatible; SeznamBot/3.2; +http://napoveda.seznam.cz/en/seznambot-intro/)"
66.249.70.112 - - [05/Jul/2021:05:00:44 -0400] "GET /feed/ HTTP/1.1" 200 8471 "-" "Mozilla/5.0 (compatible; Googlebot/2.1; +http://www.google.com/bot.html)"
204.48.19.85 - - [05/Jul/2021:05:00:46 -0400] "POST /wp-cron.php?doing_wp_cron=1625475646.8472878932952880859375 HTTP/1.1" 200 6295 "https://ajhydell.com/wp-cron.php?doing_wp_cron=1625475646.8472878932952880859375" "WordPress/5.7.2; https://ajhydell.com"
66.249.70.112 - - [05/Jul/2021:05:00:46 -0400] "GET /2021/07/05/be-careful-out-there-1963-and-today/ HTTP/1.1" 200 12698 "-" "Mozilla/5.0 (Linux; Android 6.0.1; Nexus 5X Build/MMB29P) AppleWebKit/537.36 (KHTML, like Gecko) Chrome/91.0.4472.90 Mobile Safari/537.36 (compatible; Googlebot/2.1; +http://www.google.com/bot.html)"
157.245.176.143 - - [05/Jul/2021:05:00:54 -0400] "SSTP_DUPLEX_POST /sra_{BA195980-CD49-458b-9E23-C84EE0ADCD75}/ HTTP/1.1" 404 64421 "-" "-"
66.249.70.110 - - [05/Jul/2021:05:01:09 -0400] "GET /wp-content/uploads/2021/07/picture-21.jpg HTTP/1.1" 200 70509 "-" "Googlebot-Image/1.0"
20.72.242.93 - - [05/Jul/2021:05:01:30 -0400] "GET /wp-content/uploads/2020/08/picture-64.jpg HTTP/1.1" 200 85929 "-" "DuckDuckBot/1.1; (+http://duckduckgo.com/duckduckbot.html)"
204.48.19.85 - - [05/Jul/2021:05:02:13 -0400] "POST /wp-cron.php?doing_wp_cron=1625475733.4221699237823486328125 HTTP/1.1" 200 6295 "https://ajhydell.com/wp-cron.php?doing_wp_cron=1625475733.4221699237823486328125" "WordPress/5.7.2; https://ajhydell.com"
54.36.148.117 - - [05/Jul/2021:05:02:13 -0400] "GET /2018/09/09/second-battalion-of-the-ix-coast-artillery-corps-demonstrating-the-hollow-square-formation-used-in-the-event-of-a-street-riot-new-york-city-1918-1738x1404/ HTTP/1.1" 200 19025 "-" "Mozilla/5.0 (compatible; AhrefsBot/7.0; +http://ahrefs.com/robot/)"
204.48.19.85 - - [05/Jul/2021:05:05:18 -0400] "POST /wp-cron.php?doing_wp_cron=1625475918.0073390007019042968750 HTTP/1.1" 200 6295 "https://ajhydell.com/wp-cron.php?doing_wp_cron=1625475918.0073390007019042968750" "WordPress/5.7.2; https://ajhydell.com"
54.36.148.117 - - [05/Jul/2021:05:05:17 -0400] "GET /2020/12/29/ HTTP/1.1" 200 18769 "-" "Mozilla/5.0 (compatible; AhrefsBot/7.0; +http://ahrefs.com/robot/)"
204.48.19.85 - - [05/Jul/2021:05:05:50 -0400] "POST /wp-cron.php?doing_wp_cron=1625475950.3589129447937011718750 HTTP/1.1" 200 6295 "https://ajhydell.com/wp-cron.php?doing_wp_cron=1625475950.3589129447937011718750" "WordPress/5.7.2; https://ajhydell.com"
17.121.113.71 - - [05/Jul/2021:05:05:50 -0400] "GET /2020/09/05/leatherneck-takes-aim-at-a-japanese-position-with-his-m1a1-thompson-on-peleliu-september-1944/ HTTP/1.1" 200 18319 "-" "Mozilla/5.0 (Macintosh; Intel Mac OS X 10_15_5) AppleWebKit/605.1.15 (KHTML, like Gecko) Version/13.1.1 Safari/605.1.15 (Applebot/0.1; +http://www.apple.com/go/applebot)"
66.249.70.110 - - [05/Jul/2021:05:06:55 -0400] "GET /wp-content/uploads/2021/06/picture-24.jpg HTTP/1.1" 200 47462 "-" "Googlebot-Image/1.0"
204.48.19.85 - - [05/Jul/2021:05:07:04 -0400] "POST /wp-cron.php?doing_wp_cron=1625476024.8972830772399902343750 HTTP/1.1" 200 6295 "https://ajhydell.com/wp-cron.php?doing_wp_cron=1625476024.8972830772399902343750" "WordPress/5.7.2; https://ajhydell.com"
207.46.13.8 - - [05/Jul/2021:05:07:04 -0400] "GET /robots.txt HTTP/1.1" 200 6074 "-" "Mozilla/5.0 (compatible; bingbot/2.0; +http://www.bing.com/bingbot.htm)"
207.46.13.120 - - [05/Jul/2021:05:07:11 -0400] "GET /2020/03/22/soldier-in-a-trench-at-the-battle-of-the-somme-1916/ HTTP/1.1" 200 18502 "-" "Mozilla/5.0 (compatible; bingbot/2.0; +http://www.bing.com/bingbot.htm)"
204.48.19.85 - - [05/Jul/2021:05:08:07 -0400] "POST /wp-cron.php?doing_wp_cron=1625476087.0691421031951904296875 HTTP/1.1" 200 6295 "https://ajhydell.com/wp-cron.php?doing_wp_cron=1625476087.0691421031951904296875" "WordPress/5.7.2; https://ajhydell.com"
17.121.112.185 - - [05/Jul/2021:05:08:06 -0400] "GET /2020/06/19/moscow-nest-of-bolshevism-is-in-german-hands-german-poster-in-occupied-poland-1941/ HTTP/1.1" 200 18323 "-" "Mozilla/5.0 (Macintosh; Intel Mac OS X 10_15_5) AppleWebKit/605.1.15 (KHTML, like Gecko) Version/13.1.1 Safari/605.1.15 (Applebot/0.1; +http://www.apple.com/go/applebot)"
54.36.148.117 - - [05/Jul/2021:05:08:19 -0400] "GET /2018/09/08/president-harry-truman-stands-in-voting-booth-during-the-elections-of-independence-missouri-1950-702x1024/ HTTP/1.1" 200 18858 "-" "Mozilla/5.0 (compatible; AhrefsBot/7.0; +http://ahrefs.com/robot/)"
204.48.19.85 - - [05/Jul/2021:05:10:38 -0400] "POST /wp-cron.php?doing_wp_cron=1625476238.4230980873107910156250 HTTP/1.1" 200 6295 "https://ajhydell.com/wp-cron.php?doing_wp_cron=1625476238.4230980873107910156250" "WordPress/5.7.2; https://ajhydell.com"
54.36.148.117 - - [05/Jul/2021:05:10:38 -0400] "GET /2019/03/12/early-in-world-war-2-an-essex-farmer-paints-a-black-cow-with-white-stripes-in-case-it-should-wander-on-the-road-after-dusk-during-the-blackouts-865-x-677/ HTTP/1.1" 200 19099 "-" "Mozilla/5.0 (compatible; AhrefsBot/7.0; +http://ahrefs.com/robot/)"
207.46.13.120 - - [05/Jul/2021:05:11:49 -0400] "GET /wp-content/uploads/2020/11/picture-35-700x1024.jpg HTTP/1.1" 200 125632 "-" "Mozilla/5.0 (compatible; bingbot/2.0; +http://www.bing.com/bingbot.htm)"
204.48.19.85 - - [05/Jul/2021:05:12:26 -0400] "POST /wp-cron.php?doing_wp_cron=1625476346.4515299797058105468750 HTTP/1.1" 200 6295 "https://ajhydell.com/wp-cron.php?doing_wp_cron=1625476346.4515299797058105468750" "WordPress/5.7.2; https://ajhydell.com"
40.77.167.20 - - [05/Jul/2021:05:12:26 -0400] "GET /2021/07/01/bbc-war-correspondent-robin-duff-makes-a-recording-during-the-d-day-landings-1944-colorization-976x549 HTTP/1.1" 301 6095 "-" "Mozilla/5.0 (compatible; bingbot/2.0; +http://www.bing.com/bingbot.htm)"
40.77.167.20 - - [05/Jul/2021:05:12:27 -0400] "GET /2021/07/01/bbc-war-correspondent-robin-duff-makes-a-recording-during-the-d-day-landings-1944-colorization-976x549/ HTTP/1.1" 200 18633 "-" "Mozilla/5.0 (compatible; bingbot/2.0; +http://www.bing.com/bingbot.htm)"
204.48.19.85 - - [05/Jul/2021:05:13:03 -0400] "POST /wp-cron.php?doing_wp_cron=1625476383.1471049785614013671875 HTTP/1.1" 200 6295 "https://ajhydell.com/wp-cron.php?doing_wp_cron=1625476383.1471049785614013671875" "WordPress/5.7.2; https://ajhydell.com"
54.36.148.117 - - [05/Jul/2021:05:13:03 -0400] "GET /2019/03/15/allied-soldiers-mock-adolf-hitler-on-his-famous-balcony-at-the-chancellery-in-conquered-berlin-july-6th-1945-1123x1600/ HTTP/1.1" 200 19159 "-" "Mozilla/5.0 (compatible; AhrefsBot/7.0; +http://ahrefs.com/robot/)"
66.249.70.110 - - [05/Jul/2021:05:13:36 -0400] "GET /wp-content/uploads/2021/06/picture-26.jpg HTTP/1.1" 200 50039 "-" "Googlebot-Image/1.0"
204.48.19.85 - - [05/Jul/2021:05:14:45 -0400] "POST /wp-cron.php?doing_wp_cron=1625476485.2451350688934326171875 HTTP/1.1" 200 6295 "https://ajhydell.com/wp-cron.php?doing_wp_cron=1625476485.2451350688934326171875" "WordPress/5.7.2; https://ajhydell.com"
40.77.167.20 - - [05/Jul/2021:05:14:45 -0400] "GET /2021/07/05/be-careful-out-there-1963-and-today/ HTTP/1.1" 200 18288 "-" "Mozilla/5.0 (compatible; bingbot/2.0; +http://www.bing.com/bingbot.htm)"
40.77.188.183 - - [05/Jul/2021:05:14:51 -0400] "GET /?wordfence_lh=1&hid=78366335F378C10235E709C26EB12F11&r=0.761030070023698 HTTP/1.1" 200 5918 "-" "Mozilla/5.0 (Windows NT 6.1; WOW64) AppleWebKit/534+ (KHTML, like Gecko) BingPreview/1.0b"
157.55.39.57 - - [05/Jul/2021:05:14:58 -0400] "GET /2020/08/17/woody-guthrie-with-his-this-machine-kills-fascists-guitar-1943-968x767/ HTTP/1.1" 200 18551 "-" "Mozilla/5.0 (compatible; bingbot/2.0; +http://www.bing.com/bingbot.htm)"
54.36.148.117 - - [05/Jul/2021:05:15:20 -0400] "GET /2019/06/25/translated-soviet-poster-1970s/ HTTP/1.1" 200 18815 "-" "Mozilla/5.0 (compatible; AhrefsBot/7.0; +http://ahrefs.com/robot/)"
40.77.167.94 - - [05/Jul/2021:05:15:42 -0400] "GET /wp-content/uploads/2021/07/picture-21.jpg HTTP/1.1" 200 70114 "-" "Mozilla/5.0 (compatible; bingbot/2.0; +http://www.bing.com/bingbot.htm)"
204.48.19.85 - - [05/Jul/2021:05:16:06 -0400] "POST /wp-cron.php?doing_wp_cron=1625476566.6465270519256591796875 HTTP/1.1" 200 6295 "https://ajhydell.com/wp-cron.php?doing_wp_cron=1625476566.6465270519256591796875" "WordPress/5.7.2; https://ajhydell.com"
207.46.13.151 - - [05/Jul/2021:05:16:06 -0400] "GET /2021/07/02/american-officer-points-his-m1911-pistol-at-german-soldier-that-just-surrendered-near-bastogne-belgium-during-the-battle-of-the-bulge-december-1944 HTTP/1.1" 301 6140 "-" "Mozilla/5.0 (compatible; bingbot/2.0; +http://www.bing.com/bingbot.htm)"
207.46.13.151 - - [05/Jul/2021:05:16:07 -0400] "GET /2021/07/02/american-officer-points-his-m1911-pistol-at-german-soldier-that-just-surrendered-near-bastogne-belgium-during-the-battle-of-the-bulge-december-1944/ HTTP/1.1" 200 18627 "-" "Mozilla/5.0 (compatible; bingbot/2.0; +http://www.bing.com/bingbot.htm)"
23.100.232.233 - - [05/Jul/2021:05:16:20 -0400] "GET /2020/08/13/bodies-of-student-demonstrators-killed-by-chinese-forces-at-tiananmen-square-in-1989-750-x-493/ HTTP/1.1" 200 18053 "-" "Mozilla/5.0 (compatible; MSIE 9.0; Windows NT 6.0; Trident/5.0;  Trident/5.0)"
23.100.232.233 - - [05/Jul/2021:05:16:20 -0400] "GET /wp-content/plugins/add-expires-headers/cache/0/com/processed-header-f16a8d323e83e1bc1b76514e283fb81b7090a959.min.css HTTP/1.1" 200 52893 "https://ajhydell.com/2020/08/13/bodies-of-student-demonstrators-killed-by-chinese-forces-at-tiananmen-square-in-1989-750-x-493/" "Mozilla/5.0 (compatible; MSIE 9.0; Windows NT 6.0; Trident/5.0;  Trident/5.0)"
23.100.232.233 - - [05/Jul/2021:05:16:20 -0400] "GET /wp-content/plugins/google-analytics-for-wordpress/assets/js/frontend-gtag.min.js?ver=7.17.0 HTTP/1.1" 200 3476 "https://ajhydell.com/2020/08/13/bodies-of-student-demonstrators-killed-by-chinese-forces-at-tiananmen-square-in-1989-750-x-493/" "Mozilla/5.0 (compatible; MSIE 9.0; Windows NT 6.0; Trident/5.0;  Trident/5.0)"
23.100.232.233 - - [05/Jul/2021:05:16:20 -0400] "GET /wp-includes/js/jquery/jquery.min.js?ver=3.5.1 HTTP/1.1" 200 31550 "https://ajhydell.com/2020/08/13/bodies-of-student-demonstrators-killed-by-chinese-forces-at-tiananmen-square-in-1989-750-x-493/" "Mozilla/5.0 (compatible; MSIE 9.0; Windows NT 6.0; Trident/5.0;  Trident/5.0)"
23.100.232.233 - - [05/Jul/2021:05:16:20 -0400] "GET /wp-includes/js/jquery/jquery-migrate.min.js?ver=3.3.2 HTTP/1.1" 200 4687 "https://ajhydell.com/2020/08/13/bodies-of-student-demonstrators-killed-by-chinese-forces-at-tiananmen-square-in-1989-750-x-493/" "Mozilla/5.0 (compatible; MSIE 9.0; Windows NT 6.0; Trident/5.0;  Trident/5.0)"
23.100.232.233 - - [05/Jul/2021:05:16:21 -0400] "GET /wp-content/plugins/wp-smushit/app/assets/js/smush-lazy-load.min.js?ver=3.8.7 HTTP/1.1" 200 4207 "https://ajhydell.com/2020/08/13/bodies-of-student-demonstrators-killed-by-chinese-forces-at-tiananmen-square-in-1989-750-x-493/" "Mozilla/5.0 (compatible; MSIE 9.0; Windows NT 6.0; Trident/5.0;  Trident/5.0)"
23.100.232.233 - - [05/Jul/2021:05:16:21 -0400] "GET /wp-includes/js/wp-emoji-release.min.js?ver=5.7.2 HTTP/1.1" 200 5183 "https://ajhydell.com/2020/08/13/bodies-of-student-demonstrators-killed-by-chinese-forces-at-tiananmen-square-in-1989-750-x-493/" "Mozilla/5.0 (compatible; MSIE 9.0; Windows NT 6.0; Trident/5.0;  Trident/5.0)"
23.100.232.233 - - [05/Jul/2021:05:16:21 -0400] "GET /wp-content/themes/royal-magazine/js/navigation.js?ver=20151215 HTTP/1.1" 200 1349 "https://ajhydell.com/2020/08/13/bodies-of-student-demonstrators-killed-by-chinese-forces-at-tiananmen-square-in-1989-750-x-493/" "Mozilla/5.0 (compatible; MSIE 9.0; Windows NT 6.0; Trident/5.0;  Trident/5.0)"
23.100.232.233 - - [05/Jul/2021:05:16:21 -0400] "GET /wp-content/themes/royal-magazine/js/skip-link-focus-fix.js?ver=20151215 HTTP/1.1" 200 933 "https://ajhydell.com/2020/08/13/bodies-of-student-demonstrators-killed-by-chinese-forces-at-tiananmen-square-in-1989-750-x-493/" "Mozilla/5.0 (compatible; MSIE 9.0; Windows NT 6.0; Trident/5.0;  Trident/5.0)"
23.100.232.233 - - [05/Jul/2021:05:16:21 -0400] "GET /wp-content/themes/royal-magazine/assets/libraries/slick/js/slick.min.js?ver=5.7.2 HTTP/1.1" 200 10740 "https://ajhydell.com/2020/08/13/bodies-of-student-demonstrators-killed-by-chinese-forces-at-tiananmen-square-in-1989-750-x-493/" "Mozilla/5.0 (compatible; MSIE 9.0; Windows NT 6.0; Trident/5.0;  Trident/5.0)"
23.100.232.233 - - [05/Jul/2021:05:16:21 -0400] "GET /wp-content/themes/royal-magazine/assets/libraries/bootstrap/js/bootstrap.min.js?ver=5.7.2 HTTP/1.1" 200 10404 "https://ajhydell.com/2020/08/13/bodies-of-student-demonstrators-killed-by-chinese-forces-at-tiananmen-square-in-1989-750-x-493/" "Mozilla/5.0 (compatible; MSIE 9.0; Windows NT 6.0; Trident/5.0;  Trident/5.0)"
23.100.232.233 - - [05/Jul/2021:05:16:21 -0400] "GET /wp-content/themes/royal-magazine/assets/libraries/theiaStickySidebar/theia-sticky-sidebar.min.js?ver=5.7.2 HTTP/1.1" 200 2271 "https://ajhydell.com/2020/08/13/bodies-of-student-demonstrators-killed-by-chinese-forces-at-tiananmen-square-in-1989-750-x-493/" "Mozilla/5.0 (compatible; MSIE 9.0; Windows NT 6.0; Trident/5.0;  Trident/5.0)"
23.100.232.233 - - [05/Jul/2021:05:16:21 -0400] "GET /wp-content/themes/royal-magazine/assets/libraries/magnific-popup/jquery.magnific-popup.min.js?ver=5.7.2 HTTP/1.1" 200 7871 "https://ajhydell.com/2020/08/13/bodies-of-student-demonstrators-killed-by-chinese-forces-at-tiananmen-square-in-1989-750-x-493/" "Mozilla/5.0 (compatible; MSIE 9.0; Windows NT 6.0; Trident/5.0;  Trident/5.0)"
23.100.232.233 - - [05/Jul/2021:05:16:21 -0400] "GET /wp-includes/js/wp-embed.min.js?ver=5.7.2 HTTP/1.1" 200 1221 "https://ajhydell.com/2020/08/13/bodies-of-student-demonstrators-killed-by-chinese-forces-at-tiananmen-square-in-1989-750-x-493/" "Mozilla/5.0 (compatible; MSIE 9.0; Windows NT 6.0; Trident/5.0;  Trident/5.0)"
23.100.232.233 - - [05/Jul/2021:05:16:21 -0400] "GET /wp-content/plugins/facebook-pagelike-widget/fb.js?ver=1.0 HTTP/1.1" 200 821 "https://ajhydell.com/2020/08/13/bodies-of-student-demonstrators-killed-by-chinese-forces-at-tiananmen-square-in-1989-750-x-493/" "Mozilla/5.0 (compatible; MSIE 9.0; Windows NT 6.0; Trident/5.0;  Trident/5.0)"
23.100.232.233 - - [05/Jul/2021:05:16:21 -0400] "GET /wp-content/themes/royal-magazine/assets/libraries/marquee/jquery.marquee.js?ver=5.7.2 HTTP/1.1" 200 5103 "https://ajhydell.com/2020/08/13/bodies-of-student-demonstrators-killed-by-chinese-forces-at-tiananmen-square-in-1989-750-x-493/" "Mozilla/5.0 (compatible; MSIE 9.0; Windows NT 6.0; Trident/5.0;  Trident/5.0)"
23.100.232.233 - - [05/Jul/2021:05:16:21 -0400] "GET /wp-content/themes/royal-magazine/assets/twp/js/custom-script.js?ver=5.7.2 HTTP/1.1" 200 3023 "https://ajhydell.com/2020/08/13/bodies-of-student-demonstrators-killed-by-chinese-forces-at-tiananmen-square-in-1989-750-x-493/" "Mozilla/5.0 (compatible; MSIE 9.0; Windows NT 6.0; Trident/5.0;  Trident/5.0)"
49.7.20.65 - - [05/Jul/2021:05:16:57 -0400] "GET / HTTP/1.1" 301 528 "-" "Sogou web spider/4.0(+http://www.sogou.com/docs/help/webmasters.htm#07)"
204.48.19.85 - - [05/Jul/2021:05:17:31 -0400] "POST /wp-cron.php?doing_wp_cron=1625476651.7117691040039062500000 HTTP/1.1" 200 6295 "https://ajhydell.com/wp-cron.php?doing_wp_cron=1625476651.7117691040039062500000" "WordPress/5.7.2; https://ajhydell.com"
54.36.148.117 - - [05/Jul/2021:05:17:31 -0400] "GET /2019/06/25/11th-armored-div-m7-priest-battery-approach-a-german-village-april-1945/ HTTP/1.1" 200 18919 "-" "Mozilla/5.0 (compatible; AhrefsBot/7.0; +http://ahrefs.com/robot/)"
216.244.66.250 - - [05/Jul/2021:05:18:21 -0400] "GET /robots.txt HTTP/1.1" 301 529 "-" "Mozilla/5.0 (compatible; DotBot/1.2; +https://opensiteexplorer.org/dotbot; help@moz.com)"
204.48.19.85 - - [05/Jul/2021:05:18:21 -0400] "POST /wp-cron.php?doing_wp_cron=1625476701.8274788856506347656250 HTTP/1.1" 200 6295 "https://ajhydell.com/wp-cron.php?doing_wp_cron=1625476701.8274788856506347656250" "WordPress/5.7.2; https://ajhydell.com"
216.244.66.250 - - [05/Jul/2021:05:18:21 -0400] "GET /robots.txt HTTP/1.1" 200 5859 "-" "Mozilla/5.0 (compatible; DotBot/1.2; +https://opensiteexplorer.org/dotbot; help@moz.com)"
204.48.19.85 - - [05/Jul/2021:05:19:40 -0400] "POST /wp-cron.php?doing_wp_cron=1625476780.0473639965057373046875 HTTP/1.1" 200 6295 "https://ajhydell.com/wp-cron.php?doing_wp_cron=1625476780.0473639965057373046875" "WordPress/5.7.2; https://ajhydell.com"
185.191.171.14 - - [05/Jul/2021:05:19:39 -0400] "GET /2020/07/09/1864-federal-picket-post-near-atlanta-georgia-1000x739/ HTTP/1.1" 200 18917 "-" "Mozilla/5.0 (compatible; SemrushBot/7~bl; +http://www.semrush.com/bot.html)"
54.36.148.117 - - [05/Jul/2021:05:19:41 -0400] "GET /2021/05/31/he-would-one-day-become-president-but-in-1948-he-was-just-a-washed-up-actor-selling-chesterfields-in-life-magazine/ HTTP/1.1" 200 18997 "-" "Mozilla/5.0 (compatible; AhrefsBot/7.0; +http://ahrefs.com/robot/)"
37.72.113.10 - - [05/Jul/2021:05:19:57 -0400] "GET /wp-content/uploads/2018/12/picture-34.jpg HTTP/1.1" 200 1475121 "https://www.bing.com/" "Mozilla/5.0 (Windows NT 10.0; Win64; x64) AppleWebKit/537.36 (KHTML, like Gecko) Chrome/91.0.4472.124 Safari/537.36 Edg/91.0.864.64"
204.48.19.85 - - [05/Jul/2021:05:22:01 -0400] "POST /wp-cron.php?doing_wp_cron=1625476921.1311049461364746093750 HTTP/1.1" 200 6295 "https://ajhydell.com/wp-cron.php?doing_wp_cron=1625476921.1311049461364746093750" "WordPress/5.7.2; https://ajhydell.com"
185.191.171.11 - - [05/Jul/2021:05:22:01 -0400] "GET /2019/11/16/the-u-s-escort-carrier-uss-thetis-bay-cve-90-en-route-to-nas-alameda-california-with-a-deck-load-of-war-weary-planes-in-1944-the-planes-visible-on-deck-are-eight-consolidated-pby-catalina-flying/ HTTP/1.1" 200 19397 "-" "Mozilla/5.0 (compatible; SemrushBot/7~bl; +http://www.semrush.com/bot.html)"
106.38.241.125 - - [05/Jul/2021:05:22:12 -0400] "GET / HTTP/1.1" 200 20071 "-" "Sogou web spider/4.0(+http://www.sogou.com/docs/help/webmasters.htm#07)"
54.36.148.117 - - [05/Jul/2021:05:22:17 -0400] "GET /2021/05/31/we-are-not-slaves-ussr-1962/ HTTP/1.1" 200 18830 "-" "Mozilla/5.0 (compatible; AhrefsBot/7.0; +http://ahrefs.com/robot/)"
204.48.19.85 - - [05/Jul/2021:05:22:49 -0400] "POST /wp-cron.php?doing_wp_cron=1625476969.8126409053802490234375 HTTP/1.1" 200 6295 "https://ajhydell.com/wp-cron.php?doing_wp_cron=1625476969.8126409053802490234375" "WordPress/5.7.2; https://ajhydell.com"
54.236.1.13 - - [05/Jul/2021:05:22:49 -0400] "GET /2019/10/07/neil-armstrong-and-the-ames-bell-x-14-aircraft-c-1960/ HTTP/1.1" 200 18219 "-" "Mozilla/5.0 (compatible; Pinterestbot/1.0; +http://www.pinterest.com/bot.html)"
157.55.39.22 - - [05/Jul/2021:05:23:42 -0400] "GET /wp-content/uploads/2020/10/picture-63.jpg HTTP/1.1" 200 166006 "-" "Mozilla/5.0 (compatible; bingbot/2.0; +http://www.bing.com/bingbot.htm)"
204.48.19.85 - - [05/Jul/2021:05:24:46 -0400] "POST /wp-cron.php?doing_wp_cron=1625477086.6388089656829833984375 HTTP/1.1" 200 6295 "https://ajhydell.com/wp-cron.php?doing_wp_cron=1625477086.6388089656829833984375" "WordPress/5.7.2; https://ajhydell.com"
54.36.148.117 - - [05/Jul/2021:05:24:46 -0400] "GET /2021/06/10/on-the-beach-at-atlantic-city-nj-circa-1900-1905/ HTTP/1.1" 200 18822 "-" "Mozilla/5.0 (compatible; AhrefsBot/7.0; +http://ahrefs.com/robot/)"
157.55.39.57 - - [05/Jul/2021:05:27:38 -0400] "GET /wp-content/uploads/2018/11/picture-6.jpg HTTP/1.1" 200 2055014 "-" "Mozilla/5.0 (compatible; bingbot/2.0; +http://www.bing.com/bingbot.htm)"
204.48.19.85 - - [05/Jul/2021:05:27:59 -0400] "POST /wp-cron.php?doing_wp_cron=1625477279.3690481185913085937500 HTTP/1.1" 200 6295 "https://ajhydell.com/wp-cron.php?doing_wp_cron=1625477279.3690481185913085937500" "WordPress/5.7.2; https://ajhydell.com"
157.55.39.134 - - [05/Jul/2021:05:27:59 -0400] "GET /2020/10/25/north-american-food-aid-urss-1970/ HTTP/1.1" 200 18397 "-" "Mozilla/5.0 (compatible; bingbot/2.0; +http://www.bing.com/bingbot.htm)"
204.48.19.85 - - [05/Jul/2021:05:29:17 -0400] "POST /wp-cron.php?doing_wp_cron=1625477357.9185600280761718750000 HTTP/1.1" 200 6295 "https://ajhydell.com/wp-cron.php?doing_wp_cron=1625477357.9185600280761718750000" "WordPress/5.7.2; https://ajhydell.com"
207.46.13.96 - - [05/Jul/2021:05:29:17 -0400] "GET /2021/02/03/boy-and-dog-on-a-frozen-lake-date-unknown/ HTTP/1.1" 200 18437 "-" "Mozilla/5.0 (compatible; bingbot/2.0; +http://www.bing.com/bingbot.htm)"
204.48.19.85 - - [05/Jul/2021:05:29:56 -0400] "POST /wp-cron.php?doing_wp_cron=1625477396.2948830127716064453125 HTTP/1.1" 200 6295 "https://ajhydell.com/wp-cron.php?doing_wp_cron=1625477396.2948830127716064453125" "WordPress/5.7.2; https://ajhydell.com"
157.55.39.136 - - [05/Jul/2021:05:29:56 -0400] "GET /2018/08/15/tiger-i-crew-on-the-eastern-front/ HTTP/1.1" 200 18425 "-" "Mozilla/5.0 (compatible; bingbot/2.0; +http://www.bing.com/bingbot.htm)"
185.191.171.5 - - [05/Jul/2021:05:30:33 -0400] "GET /2020/07/21/dead-japanese-soldiers-at-the-battle-of-tenaru-river-guadalcanal-1942/ HTTP/1.1" 200 19027 "-" "Mozilla/5.0 (compatible; SemrushBot/7~bl; +http://www.semrush.com/bot.html)"
207.46.13.22 - - [05/Jul/2021:05:30:35 -0400] "GET / HTTP/1.1" 301 565 "-" "Mozilla/5.0 (compatible; bingbot/2.0; +http://www.bing.com/bingbot.htm)"
185.191.171.7 - - [05/Jul/2021:05:30:36 -0400] "GET /2021/04/22/gis-from-the-79th-infantry-division-fighting-in-bocage-terrain-south-of-the-cotentin-peninsula-in-mid-july-1944/ HTTP/1.1" 200 18920 "-" "Mozilla/5.0 (compatible; SemrushBot/7~bl; +http://www.semrush.com/bot.html)"
204.48.19.85 - - [05/Jul/2021:05:31:33 -0400] "POST /wp-cron.php?doing_wp_cron=1625477493.8139441013336181640625 HTTP/1.1" 200 6295 "https://ajhydell.com/wp-cron.php?doing_wp_cron=1625477493.8139441013336181640625" "WordPress/5.7.2; https://ajhydell.com"
216.244.66.250 - - [05/Jul/2021:05:31:33 -0400] "GET /2019/11/30/interior-photo-of-the-hagia-sophia-1883-1885-3000x2294/ HTTP/1.1" 200 68260 "-" "Mozilla/5.0 (compatible; DotBot/1.2; +https://opensiteexplorer.org/dotbot; help@moz.com)"
185.191.171.13 - - [05/Jul/2021:05:31:39 -0400] "GET /page/55/ HTTP/1.1" 200 20715 "-" "Mozilla/5.0 (compatible; SemrushBot/7~bl; +http://www.semrush.com/bot.html)"
216.244.66.250 - - [05/Jul/2021:05:31:42 -0400] "GET /2019/05/02/soldiers-returning-home-from-wwii-1945-821x1024/ HTTP/1.1" 200 67198 "-" "Mozilla/5.0 (compatible; DotBot/1.2; +https://opensiteexplorer.org/dotbot; help@moz.com)"
204.48.19.85 - - [05/Jul/2021:05:33:02 -0400] "POST /wp-cron.php?doing_wp_cron=1625477582.2726070880889892578125 HTTP/1.1" 200 6295 "https://ajhydell.com/wp-cron.php?doing_wp_cron=1625477582.2726070880889892578125" "WordPress/5.7.2; https://ajhydell.com"
192.241.212.58 - - [05/Jul/2021:05:33:02 -0400] "GET /owa/auth/logon.aspx?url=https%3a%2f%2f1%2fecp%2f HTTP/1.1" 404 63918 "-" "Mozilla/5.0 zgrab/0.x"
207.46.13.22 - - [05/Jul/2021:05:33:26 -0400] "GET /2019/11/14/the-last-survivor-of-the-transatlantic-slave-trade-cudjo-lewis-1931/ HTTP/1.1" 200 18467 "-" "Mozilla/5.0 (compatible; bingbot/2.0; +http://www.bing.com/bingbot.htm)"
157.55.39.22 - - [05/Jul/2021:05:33:42 -0400] "GET /wp-content/uploads/2020/09/picture-77.jpg HTTP/1.1" 200 241318 "-" "Mozilla/5.0 (compatible; bingbot/2.0; +http://www.bing.com/bingbot.htm)"
62.8.13.236 - - [05/Jul/2021:05:33:50 -0400] "-" 408 559 "-" "-"
204.48.19.85 - - [05/Jul/2021:05:34:47 -0400] "POST /wp-cron.php?doing_wp_cron=1625477687.8954200744628906250000 HTTP/1.1" 200 6295 "https://ajhydell.com/wp-cron.php?doing_wp_cron=1625477687.8954200744628906250000" "WordPress/5.7.2; https://ajhydell.com"
157.55.39.22 - - [05/Jul/2021:05:34:47 -0400] "GET /2021/01/20/join-us-nato-poster-from-yugoslavia-1990s/ HTTP/1.1" 200 18707 "-" "Mozilla/5.0 (compatible; bingbot/2.0; +http://www.bing.com/bingbot.htm)"
207.46.13.96 - - [05/Jul/2021:05:35:28 -0400] "GET /2021/06/16/private-first-class-frank-pomroy-h-company-2nd-battalion-1st-marines-usmc-in-the-marshes-of-peleliu-island-western-pacific-september-1944-2/ HTTP/1.1" 200 18680 "-" "Mozilla/5.0 (compatible; bingbot/2.0; +http://www.bing.com/bingbot.htm)"
40.77.189.235 - - [05/Jul/2021:05:35:34 -0400] "GET /?wordfence_lh=1&hid=B9159916AB61A898EE6FD621D1CC8F83&r=0.6411325073309739 HTTP/1.1" 200 6388 "https://ajhydell.com/2021/06/16/private-first-class-frank-pomroy-h-company-2nd-battalion-1st-marines-usmc-in-the-marshes-of-peleliu-island-western-pacific-september-1944-2/" "Mozilla/5.0 (Windows NT 6.1; WOW64) AppleWebKit/534+ (KHTML, like Gecko) BingPreview/1.0b"
204.48.19.85 - - [05/Jul/2021:05:36:53 -0400] "POST /wp-cron.php?doing_wp_cron=1625477813.9533219337463378906250 HTTP/1.1" 200 6295 "https://ajhydell.com/wp-cron.php?doing_wp_cron=1625477813.9533219337463378906250" "WordPress/5.7.2; https://ajhydell.com"
17.121.112.165 - - [05/Jul/2021:05:36:53 -0400] "GET /2019/04/05/astronaut-dave-scott-looks-at-earth-from-the-apollo-9-command-module-in-march-1969-nasa-photo-727x760/ HTTP/1.1" 200 18256 "-" "Mozilla/5.0 (Macintosh; Intel Mac OS X 10_15_5) AppleWebKit/605.1.15 (KHTML, like Gecko) Version/13.1.1 Safari/605.1.15 (Applebot/0.1; +http://www.apple.com/go/applebot)"
204.48.19.85 - - [05/Jul/2021:05:37:45 -0400] "POST /wp-cron.php?doing_wp_cron=1625477865.5187699794769287109375 HTTP/1.1" 200 6295 "https://ajhydell.com/wp-cron.php?doing_wp_cron=1625477865.5187699794769287109375" "WordPress/5.7.2; https://ajhydell.com"
185.191.171.14 - - [05/Jul/2021:05:37:45 -0400] "GET /2018/08/12/actresses-playing-mermaids-lounge-during-the-filming-of-peter-pan-1924-564648/ HTTP/1.1" 200 18768 "-" "Mozilla/5.0 (compatible; SemrushBot/7~bl; +http://www.semrush.com/bot.html)"
173.252.111.1 - - [05/Jul/2021:05:37:47 -0400] "GET /wp-content/uploads/2021/03/picture-51.jpg HTTP/1.1" 200 2424449 "-" "facebookexternalhit/1.1 (+http://www.facebook.com/externalhit_uatext.php)"
185.191.171.2 - - [05/Jul/2021:05:38:09 -0400] "GET /2020/12/30/cpl-rudolph-e-engstrom-of-iowa-rests-in-a-shell-hole-on-iwo-jima-holding-a-piece-of-shrapnel-that-wounded-him-february-20-1945-cpl-engstrom-passed-away-on-september-28-2019-at-age-95/ HTTP/1.1" 200 19327 "-" "Mozilla/5.0 (compatible; SemrushBot/7~bl; +http://www.semrush.com/bot.html)"
157.55.39.134 - - [05/Jul/2021:05:38:43 -0400] "GET /2020/09/03/a-group-of-vietcong-soldiers-1920-x-1080/ HTTP/1.1" 200 18490 "-" "Mozilla/5.0 (compatible; bingbot/2.0; +http://www.bing.com/bingbot.htm)"
204.48.19.85 - - [05/Jul/2021:05:40:22 -0400] "POST /wp-cron.php?doing_wp_cron=1625478022.9601950645446777343750 HTTP/1.1" 200 6295 "https://ajhydell.com/wp-cron.php?doing_wp_cron=1625478022.9601950645446777343750" "WordPress/5.7.2; https://ajhydell.com"
52.91.201.44 - - [05/Jul/2021:05:40:22 -0400] "HEAD / HTTP/1.1" 200 5715 "-" "scalaj-http/2.4.2"
52.91.201.44 - - [05/Jul/2021:05:40:23 -0400] "GET / HTTP/1.1" 200 19983 "-" "Buck/2.2; (+https://app.hypefactors.com/media-monitoring/about.html)"
52.91.201.44 - - [05/Jul/2021:05:40:24 -0400] "GET /robots.txt HTTP/1.1" 200 5901 "-" "Buck/2.2; (+https://app.hypefactors.com/media-monitoring/about.html)"
204.48.19.85 - - [05/Jul/2021:05:40:52 -0400] "POST /wp-cron.php?doing_wp_cron=1625478052.4325420856475830078125 HTTP/1.1" 200 6295 "https://ajhydell.com/wp-cron.php?doing_wp_cron=1625478052.4325420856475830078125" "WordPress/5.7.2; https://ajhydell.com"
52.91.201.44 - - [05/Jul/2021:05:40:52 -0400] "GET /feed/ HTTP/1.1" 200 8175 "-" "Buck/2.2; (+https://app.hypefactors.com/media-monitoring/about.html)"
52.91.201.44 - - [05/Jul/2021:05:40:53 -0400] "GET /sitemap_index.xml HTTP/1.1" 200 6220 "-" "Buck/2.2; (+https://app.hypefactors.com/media-monitoring/about.html)"
52.91.201.44 - - [05/Jul/2021:05:40:53 -0400] "GET /post-sitemap1.xml HTTP/1.1" 200 16024 "-" "Buck/2.2; (+https://app.hypefactors.com/media-monitoring/about.html)"
52.91.201.44 - - [05/Jul/2021:05:40:53 -0400] "GET /post-sitemap2.xml HTTP/1.1" 200 16670 "-" "Buck/2.2; (+https://app.hypefactors.com/media-monitoring/about.html)"
52.91.201.44 - - [05/Jul/2021:05:40:53 -0400] "GET /post-sitemap3.xml HTTP/1.1" 200 16591 "-" "Buck/2.2; (+https://app.hypefactors.com/media-monitoring/about.html)"
52.91.201.44 - - [05/Jul/2021:05:40:53 -0400] "GET /post-sitemap4.xml HTTP/1.1" 200 15918 "-" "Buck/2.2; (+https://app.hypefactors.com/media-monitoring/about.html)"
52.91.201.44 - - [05/Jul/2021:05:40:53 -0400] "GET /sitemap.xml HTTP/1.1" 200 6586 "-" "Buck/2.2; (+https://app.hypefactors.com/media-monitoring/about.html)"
52.91.201.44 - - [05/Jul/2021:05:40:54 -0400] "GET /sitemap-pt-post-2021-07.xml HTTP/1.1" 200 7669 "-" "Buck/2.2; (+https://app.hypefactors.com/media-monitoring/about.html)"
52.91.201.44 - - [05/Jul/2021:05:40:54 -0400] "GET /sitemap-pt-post-2021-06.xml HTTP/1.1" 200 13543 "-" "Buck/2.2; (+https://app.hypefactors.com/media-monitoring/about.html)"
52.91.201.44 - - [05/Jul/2021:05:41:30 -0400] "GET /2021/07/05/be-careful-out-there-1963-and-today/ HTTP/1.1" 200 18242 "-" "Buck/2.2; (+https://app.hypefactors.com/media-monitoring/about.html)"
204.48.19.85 - - [05/Jul/2021:05:41:57 -0400] "POST /wp-cron.php?doing_wp_cron=1625478117.7885110378265380859375 HTTP/1.1" 200 6295 "https://ajhydell.com/wp-cron.php?doing_wp_cron=1625478117.7885110378265380859375" "WordPress/5.7.2; https://ajhydell.com"
207.46.13.22 - - [05/Jul/2021:05:41:57 -0400] "GET /2020/06/27/11-year-old-cousins-wendy-anderton-and-cathie-jones-pose-with-the-tail-section-of-a-heinkel-he-111p-2-of-8-kg27-which-crashed-landed-by-their-home-at-border-house-farm-near-chester-in-cheshire-augu/ HTTP/1.1" 200 18867 "-" "Mozilla/5.0 (compatible; bingbot/2.0; +http://www.bing.com/bingbot.htm)"
204.48.19.85 - - [05/Jul/2021:05:43:48 -0400] "POST /wp-cron.php?doing_wp_cron=1625478228.4440670013427734375000 HTTP/1.1" 200 6295 "https://ajhydell.com/wp-cron.php?doing_wp_cron=1625478228.4440670013427734375000" "WordPress/5.7.2; https://ajhydell.com"
185.191.171.43 - - [05/Jul/2021:05:43:48 -0400] "GET /2019/05/19/protect-yourself-from-this-menace-iww-labor-union-poster-1921/ HTTP/1.1" 200 18767 "-" "Mozilla/5.0 (compatible; SemrushBot/7~bl; +http://www.semrush.com/bot.html)"
51.159.31.151 - - [05/Jul/2021:05:43:49 -0400] "GET /owa/auth/logon.aspx HTTP/1.0" 404 64215 "-" "curl/1.1.1"
204.48.19.85 - - [05/Jul/2021:05:45:57 -0400] "POST /wp-cron.php?doing_wp_cron=1625478357.1655390262603759765625 HTTP/1.1" 200 6295 "https://ajhydell.com/wp-cron.php?doing_wp_cron=1625478357.1655390262603759765625" "WordPress/5.7.2; https://ajhydell.com"
185.191.171.9 - - [05/Jul/2021:05:45:57 -0400] "GET /2019/10/26/ HTTP/1.1" 200 18584 "-" "Mozilla/5.0 (compatible; SemrushBot/7~bl; +http://www.semrush.com/bot.html)"
204.48.19.85 - - [05/Jul/2021:05:49:29 -0400] "POST /wp-cron.php?doing_wp_cron=1625478569.5218939781188964843750 HTTP/1.1" 200 6295 "https://ajhydell.com/wp-cron.php?doing_wp_cron=1625478569.5218939781188964843750" "WordPress/5.7.2; https://ajhydell.com"
207.46.13.151 - - [05/Jul/2021:05:49:29 -0400] "GET /2018/09/03/the-warriors-of-hitler-are-friends-of-the-people-a-nazi-propaganda-poster-in-occupied-ukraine-1942/ HTTP/1.1" 200 18633 "-" "Mozilla/5.0 (compatible; bingbot/2.0; +http://www.bing.com/bingbot.htm)"
204.48.19.85 - - [05/Jul/2021:05:49:45 -0400] "POST /wp-cron.php?doing_wp_cron=1625478585.2808830738067626953125 HTTP/1.1" 200 6295 "https://ajhydell.com/wp-cron.php?doing_wp_cron=1625478585.2808830738067626953125" "WordPress/5.7.2; https://ajhydell.com"
157.55.39.136 - - [05/Jul/2021:05:49:45 -0400] "GET /2021/05/26/lockheed-martin-employee-sally-wadsworth-working-on-the-fuselage-of-a-p-38-lightning-in-california-1944/ HTTP/1.1" 200 18511 "-" "Mozilla/5.0 (compatible; bingbot/2.0; +http://www.bing.com/bingbot.htm)"
40.77.191.23 - - [05/Jul/2021:05:50:03 -0400] "GET /?wordfence_lh=1&hid=E09879960CBC95446C325D6A6C659E11&r=0.3853258691810524 HTTP/1.1" 200 5918 "-" "Mozilla/5.0 (Windows NT 6.1; WOW64) AppleWebKit/534+ (KHTML, like Gecko) BingPreview/1.0b"
204.48.19.85 - - [05/Jul/2021:05:51:22 -0400] "POST /wp-cron.php?doing_wp_cron=1625478682.3514111042022705078125 HTTP/1.1" 200 6295 "https://ajhydell.com/wp-cron.php?doing_wp_cron=1625478682.3514111042022705078125" "WordPress/5.7.2; https://ajhydell.com"
142.202.240.122 - - [05/Jul/2021:05:51:22 -0400] "GET /.env HTTP/1.1" 404 64060 "-" "Mozilla/5.0 (X11; Linux x86_64) AppleWebKit/537.36 (KHTML, like Gecko) Chrome/81.0.4044.129 Safari/537.36"
142.202.240.122 - - [05/Jul/2021:05:51:23 -0400] "POST / HTTP/1.1" 200 20086 "-" "Mozilla/5.0 (X11; Linux x86_64) AppleWebKit/537.36 (KHTML, like Gecko) Chrome/81.0.4044.129 Safari/537.36"
54.36.148.117 - - [05/Jul/2021:05:51:36 -0400] "GET /2021/07/05/be-careful-out-there-1963-and-today/ HTTP/1.1" 200 18682 "-" "Mozilla/5.0 (compatible; AhrefsBot/7.0; +http://ahrefs.com/robot/)"
204.48.19.85 - - [05/Jul/2021:05:52:10 -0400] "POST /wp-cron.php?doing_wp_cron=1625478730.8635990619659423828125 HTTP/1.1" 200 6295 "https://ajhydell.com/wp-cron.php?doing_wp_cron=1625478730.8635990619659423828125" "WordPress/5.7.2; https://ajhydell.com"
77.75.76.167 - - [05/Jul/2021:05:52:10 -0400] "GET /robots.txt HTTP/1.1" 200 6517 "-" "Mozilla/5.0 (compatible; SeznamBot/3.2; +http://napoveda.seznam.cz/en/seznambot-intro/)"
77.75.76.167 - - [05/Jul/2021:05:52:12 -0400] "GET /wp-content/uploads/2021/06/picture-9.jpg HTTP/1.1" 200 381577 "-" "Mozilla/5.0 (compatible; SeznamBot/3.2; +http://napoveda.seznam.cz/en/seznambot-intro/)"
157.55.39.22 - - [05/Jul/2021:05:52:28 -0400] "GET /2021/07/02/a-man-guards-his-family-from-the-cannibals-during-the-madras-famine-of-1877-at-the-time-of-british-raj-india-976x549 HTTP/1.1" 301 6109 "-" "Mozilla/5.0 (compatible; bingbot/2.0; +http://www.bing.com/bingbot.htm)"
157.55.39.22 - - [05/Jul/2021:05:52:29 -0400] "GET /2021/07/02/a-man-guards-his-family-from-the-cannibals-during-the-madras-famine-of-1877-at-the-time-of-british-raj-india-976x549/ HTTP/1.1" 200 18600 "-" "Mozilla/5.0 (compatible; bingbot/2.0; +http://www.bing.com/bingbot.htm)"
204.48.19.85 - - [05/Jul/2021:05:54:03 -0400] "POST /wp-cron.php?doing_wp_cron=1625478843.2490301132202148437500 HTTP/1.1" 200 6295 "https://ajhydell.com/wp-cron.php?doing_wp_cron=1625478843.2490301132202148437500" "WordPress/5.7.2; https://ajhydell.com"
204.48.19.85 - - [05/Jul/2021:05:54:03 -0400] "POST /wp-cron.php?doing_wp_cron=1625478843.2490179538726806640625 HTTP/1.1" 200 6295 "https://ajhydell.com/wp-cron.php?doing_wp_cron=1625478843.2490179538726806640625" "WordPress/5.7.2; https://ajhydell.com"
66.249.70.114 - - [05/Jul/2021:05:54:03 -0400] "GET /robots.txt HTTP/1.1" 200 6517 "-" "Mozilla/5.0 (compatible; Googlebot/2.1; +http://www.google.com/bot.html)"
66.249.70.112 - - [05/Jul/2021:05:54:03 -0400] "GET /feed/ HTTP/1.1" 200 8471 "-" "Mozilla/5.0 (compatible; Googlebot/2.1; +http://www.google.com/bot.html)"
66.249.70.112 - - [05/Jul/2021:05:54:04 -0400] "GET /wp-content/uploads/2021/06/picture-23.jpg HTTP/1.1" 200 88873 "-" "Googlebot-Image/1.0"
204.48.19.85 - - [05/Jul/2021:05:54:55 -0400] "POST /wp-cron.php?doing_wp_cron=1625478895.4175179004669189453125 HTTP/1.1" 200 6295 "https://ajhydell.com/wp-cron.php?doing_wp_cron=1625478895.4175179004669189453125" "WordPress/5.7.2; https://ajhydell.com"
185.191.171.16 - - [05/Jul/2021:05:54:55 -0400] "GET /robots.txt HTTP/1.1" 200 6480 "-" "Mozilla/5.0 (compatible; SemrushBot/7~bl; +http://www.semrush.com/bot.html)"
185.191.171.42 - - [05/Jul/2021:05:54:55 -0400] "GET /2019/01/09/ HTTP/1.1" 200 18431 "-" "Mozilla/5.0 (compatible; SemrushBot/7~bl; +http://www.semrush.com/bot.html)"
54.36.148.117 - - [05/Jul/2021:05:55:31 -0400] "GET /2020/07/22/soviet-soldiers-in-the-battle-of-stalingrad-1942/ HTTP/1.1" 200 19037 "-" "Mozilla/5.0 (compatible; AhrefsBot/7.0; +http://ahrefs.com/robot/)"
204.48.19.85 - - [05/Jul/2021:05:56:49 -0400] "POST /wp-cron.php?doing_wp_cron=1625479009.7600660324096679687500 HTTP/1.1" 200 6295 "https://ajhydell.com/wp-cron.php?doing_wp_cron=1625479009.7600660324096679687500" "WordPress/5.7.2; https://ajhydell.com"
157.55.39.136 - - [05/Jul/2021:05:56:49 -0400] "GET /2021/06/13/1892-logging-family-with-a-1300-year-old-tree1080x1260/ HTTP/1.1" 200 18398 "-" "Mozilla/5.0 (compatible; bingbot/2.0; +http://www.bing.com/bingbot.htm)"
157.55.39.136 - - [05/Jul/2021:05:56:50 -0400] "GET /2019/01/01/the-statue-of-lady-justice-the-old-bailey-london-in-1937-the-statue-was-re-gilded-in-preparation-for-the-coronation-of-king-george-v/ HTTP/1.1" 200 18666 "-" "Mozilla/5.0 (compatible; bingbot/2.0; +http://www.bing.com/bingbot.htm)"
204.48.19.85 - - [05/Jul/2021:05:57:56 -0400] "POST /wp-cron.php?doing_wp_cron=1625479076.4625689983367919921875 HTTP/1.1" 200 6295 "https://ajhydell.com/wp-cron.php?doing_wp_cron=1625479076.4625689983367919921875" "WordPress/5.7.2; https://ajhydell.com"
207.46.13.22 - - [05/Jul/2021:05:57:56 -0400] "GET /2020/04/06/queen-elizabeth-leaps-ashore-during-a-visit-to-turkey-1971-480x610/ HTTP/1.1" 200 18427 "-" "Mozilla/5.0 (compatible; bingbot/2.0; +http://www.bing.com/bingbot.htm)"
204.48.19.85 - - [05/Jul/2021:05:59:08 -0400] "POST /wp-cron.php?doing_wp_cron=1625479148.5341010093688964843750 HTTP/1.1" 200 6295 "https://ajhydell.com/wp-cron.php?doing_wp_cron=1625479148.5341010093688964843750" "WordPress/5.7.2; https://ajhydell.com"
54.36.148.117 - - [05/Jul/2021:05:59:08 -0400] "GET /2020/07/20/hospitality-western-style-1952/ HTTP/1.1" 200 18726 "-" "Mozilla/5.0 (compatible; AhrefsBot/7.0; +http://ahrefs.com/robot/)"
204.48.19.85 - - [05/Jul/2021:06:00:09 -0400] "POST /wp-cron.php?doing_wp_cron=1625479209.8000729084014892578125 HTTP/1.1" 200 6295 "https://ajhydell.com/wp-cron.php?doing_wp_cron=1625479209.8000729084014892578125" "WordPress/5.7.2; https://ajhydell.com"
195.201.58.104 - - [05/Jul/2021:06:00:09 -0400] "GET /feed/ HTTP/1.1" 200 7865 "-" "AwarioRssBot/1.0 (+https://awario.com/bots.html; bots@awario.com)"
204.48.19.85 - - [05/Jul/2021:06:00:53 -0400] "POST /wp-cron.php?doing_wp_cron=1625479253.8693900108337402343750 HTTP/1.1" 200 6295 "https://ajhydell.com/wp-cron.php?doing_wp_cron=1625479253.8693900108337402343750" "WordPress/5.7.2; https://ajhydell.com"
17.121.112.124 - - [05/Jul/2021:06:00:53 -0400] "GET /2018/11/15/jewish-woman-being-chased-by-men-and-youths-armed-with-clubs-medova-street-in-lviv-1941-649-x-871/ HTTP/1.1" 200 18298 "-" "Mozilla/5.0 (Macintosh; Intel Mac OS X 10_15_5) AppleWebKit/605.1.15 (KHTML, like Gecko) Version/13.1.1 Safari/605.1.15 (Applebot/0.1; +http://www.apple.com/go/applebot)"
204.48.19.85 - - [05/Jul/2021:06:02:01 -0400] "POST /wp-cron.php?doing_wp_cron=1625479321.1123681068420410156250 HTTP/1.1" 200 6295 "https://ajhydell.com/wp-cron.php?doing_wp_cron=1625479321.1123681068420410156250" "WordPress/5.7.2; https://ajhydell.com"
207.46.13.151 - - [05/Jul/2021:06:02:01 -0400] "GET /2021/07/02/a-makeshift-hospital-in-the-vietnam-war-1970-1200x1606 HTTP/1.1" 301 6047 "-" "Mozilla/5.0 (compatible; bingbot/2.0; +http://www.bing.com/bingbot.htm)"
207.46.13.151 - - [05/Jul/2021:06:02:01 -0400] "GET /2021/07/02/a-makeshift-hospital-in-the-vietnam-war-1970-1200x1606/ HTTP/1.1" 200 18504 "-" "Mozilla/5.0 (compatible; bingbot/2.0; +http://www.bing.com/bingbot.htm)"
66.249.70.114 - - [05/Jul/2021:06:02:04 -0400] "GET /feed/ HTTP/1.1" 200 8471 "-" "Mozilla/5.0 (compatible; Googlebot/2.1; +http://www.google.com/bot.html)"
157.55.39.134 - - [05/Jul/2021:06:02:05 -0400] "GET /2019/08/21/racism-chains-both-united-states-circa-1972/ HTTP/1.1" 200 18543 "-" "Mozilla/5.0 (compatible; bingbot/2.0; +http://www.bing.com/bingbot.htm)"
54.36.148.117 - - [05/Jul/2021:06:02:22 -0400] "GET /2019/08/10/russian-soldier-on-red-square-during-a-parade-in-1940-note-the-french-adrian-helmet/ HTTP/1.1" 200 18788 "-" "Mozilla/5.0 (compatible; AhrefsBot/7.0; +http://ahrefs.com/robot/)"
34.212.4.78 - - [05/Jul/2021:06:02:46 -0400] "GET /ads.txt HTTP/1.1" 301 579 "-" "Mozilla/5.0 (X11; Linux x86_64) AppleWebKit/537.36 (KHTML, like Gecko) Chrome/44.0.2403.157 Safari/537.36"
34.212.4.78 - - [05/Jul/2021:06:02:47 -0400] "GET /ads.txt HTTP/1.1" 406 6153 "-" "Mozilla/5.0 (X11; Linux x86_64) AppleWebKit/537.36 (KHTML, like Gecko) Chrome/44.0.2403.157 Safari/537.36"
204.48.19.85 - - [05/Jul/2021:06:02:56 -0400] "POST /wp-cron.php?doing_wp_cron=1625479376.4758369922637939453125 HTTP/1.1" 200 6295 "https://ajhydell.com/wp-cron.php?doing_wp_cron=1625479376.4758369922637939453125" "WordPress/5.7.2; https://ajhydell.com"
112.133.245.178 - - [05/Jul/2021:06:02:56 -0400] "POST /xmlrpc.php HTTP/1.1" 403 6139 "-" "Mozilla/5.0 (X11; Linux i686; rv:2.0.1) Gecko/20100101 Firefox/4.0.1"
204.48.19.85 - - [05/Jul/2021:06:02:59 -0400] "POST /wp-cron.php?doing_wp_cron=1625479379.8567628860473632812500 HTTP/1.1" 200 6295 "https://ajhydell.com/wp-cron.php?doing_wp_cron=1625479379.8567628860473632812500" "WordPress/5.7.2; https://ajhydell.com"
112.133.245.178 - - [05/Jul/2021:06:02:59 -0400] "POST /wp-login.php HTTP/1.1" 200 14480 "-" "Mozilla/5.0 (X11; Linux i686; rv:2.0.1) Gecko/20100101 Firefox/4.0.1"
185.191.171.17 - - [05/Jul/2021:06:03:11 -0400] "GET /2019/10/08/ HTTP/1.1" 200 18419 "-" "Mozilla/5.0 (compatible; SemrushBot/7~bl; +http://www.semrush.com/bot.html)"
204.48.19.85 - - [05/Jul/2021:06:04:02 -0400] "POST /wp-cron.php?doing_wp_cron=1625479442.0599350929260253906250 HTTP/1.1" 200 6295 "https://ajhydell.com/wp-cron.php?doing_wp_cron=1625479442.0599350929260253906250" "WordPress/5.7.2; https://ajhydell.com"
207.46.13.151 - - [05/Jul/2021:06:04:02 -0400] "GET /2021/03/28/actress-allison-hayes/ HTTP/1.1" 200 18384 "-" "Mozilla/5.0 (compatible; bingbot/2.0; +http://www.bing.com/bingbot.htm)"
157.55.39.136 - - [05/Jul/2021:06:04:07 -0400] "GET /wp-content/uploads/2018/09/picture-57-1024x410.jpg HTTP/1.1" 200 87053 "-" "Mozilla/5.0 (compatible; bingbot/2.0; +http://www.bing.com/bingbot.htm)"
136.243.70.68 - - [05/Jul/2021:06:04:15 -0400] "GET /robots.txt HTTP/1.1" 301 585 "-" "-"
136.243.70.68 - - [05/Jul/2021:06:04:16 -0400] "GET /robots.txt HTTP/1.1" 200 6517 "-" "-"
136.243.70.68 - - [05/Jul/2021:06:04:16 -0400] "GET /2021/07/05/be-careful-out-there-1963-and-today/ HTTP/1.1" 200 18690 "-" "AwarioSmartBot/1.0 (+https://awario.com/bots.html; bots@awario.com)"
204.48.19.85 - - [05/Jul/2021:06:04:57 -0400] "POST /wp-cron.php?doing_wp_cron=1625479497.2154169082641601562500 HTTP/1.1" 200 6295 "https://ajhydell.com/wp-cron.php?doing_wp_cron=1625479497.2154169082641601562500" "WordPress/5.7.2; https://ajhydell.com"
17.121.112.169 - - [05/Jul/2021:06:04:57 -0400] "GET /2018/09/04/prince-charles-and-princess-dianas-sisters-leaving-the-hospital-after-seeing-princess-dianas-body-august-31-1997-634x521/ HTTP/1.1" 200 18409 "-" "Mozilla/5.0 (Macintosh; Intel Mac OS X 10_15_5) AppleWebKit/605.1.15 (KHTML, like Gecko) Version/13.1.1 Safari/605.1.15 (Applebot/0.1; +http://www.apple.com/go/applebot)"
132.145.39.16 - - [05/Jul/2021:06:05:14 -0400] "GET /.env HTTP/1.1" 301 536 "-" "-"
112.133.245.178 - - [05/Jul/2021:06:05:18 -0400] "POST /xmlrpc.php HTTP/1.1" 503 24275 "-" "Mozilla/5.0 (X11; Linux i686; rv:2.0.1) Gecko/20100101 Firefox/4.0.1"
112.133.245.178 - - [05/Jul/2021:06:05:23 -0400] "POST /wp-login.php HTTP/1.1" 503 24041 "-" "Mozilla/5.0 (X11; Linux i686; rv:2.0.1) Gecko/20100101 Firefox/4.0.1"
204.48.19.85 - - [05/Jul/2021:06:06:22 -0400] "POST /?wordfence_syncAttackData=1625479582.7065 HTTP/1.1" 200 6300 "https://ajhydell.com/?wordfence_syncAttackData=1625479582.7065" "WordPress/5.7.2; https://ajhydell.com"
204.48.19.85 - - [05/Jul/2021:06:06:22 -0400] "POST /wp-cron.php?doing_wp_cron=1625479582.7901220321655273437500 HTTP/1.1" 200 6295 "https://ajhydell.com/wp-cron.php?doing_wp_cron=1625479582.7901220321655273437500" "WordPress/5.7.2; https://ajhydell.com"
54.36.148.117 - - [05/Jul/2021:06:06:22 -0400] "GET /2018/08/28/ HTTP/1.1" 200 18717 "-" "Mozilla/5.0 (compatible; AhrefsBot/7.0; +http://ahrefs.com/robot/)"
20.73.132.240 - - [05/Jul/2021:06:07:43 -0400] "GET /wp-content/uploads/2020/09/picture-144.jpg HTTP/1.1" 200 160621 "-" "DuckDuckBot/1.1; (+http://duckduckgo.com/duckduckbot.html)"
84.58.71.246 - - [05/Jul/2021:06:07:50 -0400] "GET /wp-content/uploads/2020/09/picture-144.jpg HTTP/1.1" 200 161403 "https://duckduckgo.com/" "Mozilla/5.0 (Windows NT 10.0; Win64; x64) AppleWebKit/537.36 (KHTML, like Gecko) Chrome/91.0.4472.124 Safari/537.36"
204.48.19.85 - - [05/Jul/2021:06:07:50 -0400] "POST /wp-cron.php?doing_wp_cron=1625479670.8322489261627197265625 HTTP/1.1" 200 6295 "https://ajhydell.com/wp-cron.php?doing_wp_cron=1625479670.8322489261627197265625" "WordPress/5.7.2; https://ajhydell.com"
84.58.71.246 - - [05/Jul/2021:06:07:50 -0400] "GET /favicon.ico HTTP/1.1" 302 466 "https://ajhydell.com/wp-content/uploads/2020/09/picture-144.jpg" "Mozilla/5.0 (Windows NT 10.0; Win64; x64) AppleWebKit/537.36 (KHTML, like Gecko) Chrome/91.0.4472.124 Safari/537.36"
84.58.71.246 - - [05/Jul/2021:06:07:51 -0400] "GET /wp-content/uploads/2018/08/cropped-logo-32x32.jpg HTTP/1.1" 200 1314 "https://ajhydell.com/wp-content/uploads/2020/09/picture-144.jpg" "Mozilla/5.0 (Windows NT 10.0; Win64; x64) AppleWebKit/537.36 (KHTML, like Gecko) Chrome/91.0.4472.124 Safari/537.36"
77.88.31.227 - - [05/Jul/2021:06:08:31 -0400] "GET /wp-content/uploads/2020/12/picture-15.jpg HTTP/1.1" 200 306879 "-" "Mozilla/5.0 (compatible; YandexImageResizer/2.0; +http://yandex.com/bots)"
204.48.19.85 - - [05/Jul/2021:06:10:03 -0400] "POST /wp-cron.php?doing_wp_cron=1625479803.8896639347076416015625 HTTP/1.1" 200 6295 "https://ajhydell.com/wp-cron.php?doing_wp_cron=1625479803.8896639347076416015625" "WordPress/5.7.2; https://ajhydell.com"
54.36.148.117 - - [05/Jul/2021:06:10:03 -0400] "GET /2021/01/15/ HTTP/1.1" 200 18762 "-" "Mozilla/5.0 (compatible; AhrefsBot/7.0; +http://ahrefs.com/robot/)"
216.244.66.250 - - [05/Jul/2021:06:12:20 -0400] "GET /robots.txt HTTP/1.1" 301 529 "-" "Mozilla/5.0 (compatible; DotBot/1.2; +https://opensiteexplorer.org/dotbot; help@moz.com)"
204.48.19.85 - - [05/Jul/2021:06:12:20 -0400] "POST /wp-cron.php?doing_wp_cron=1625479940.7955460548400878906250 HTTP/1.1" 200 6295 "https://ajhydell.com/wp-cron.php?doing_wp_cron=1625479940.7955460548400878906250" "WordPress/5.7.2; https://ajhydell.com"
216.244.66.250 - - [05/Jul/2021:06:12:20 -0400] "GET /robots.txt HTTP/1.1" 200 5859 "-" "Mozilla/5.0 (compatible; DotBot/1.2; +https://opensiteexplorer.org/dotbot; help@moz.com)"
204.48.19.85 - - [05/Jul/2021:06:12:59 -0400] "POST /wp-cron.php?doing_wp_cron=1625479979.3603959083557128906250 HTTP/1.1" 200 6295 "https://ajhydell.com/wp-cron.php?doing_wp_cron=1625479979.3603959083557128906250" "WordPress/5.7.2; https://ajhydell.com"
17.121.112.24 - - [05/Jul/2021:06:12:59 -0400] "GET /2018/09/07/target-is-in-sight-united-states-2014/ HTTP/1.1" 200 18173 "-" "Mozilla/5.0 (Macintosh; Intel Mac OS X 10_15_5) AppleWebKit/605.1.15 (KHTML, like Gecko) Version/13.1.1 Safari/605.1.15 (Applebot/0.1; +http://www.apple.com/go/applebot)"
54.36.148.117 - - [05/Jul/2021:06:13:36 -0400] "GET /2021/03/25/a-crew-of-a-north-vietnamese-37-mm-anti-air-gun-reading-a-newspaper-together-during-their-lunch-break-ha-long-bay-1966-344-x-344/ HTTP/1.1" 200 19051 "-" "Mozilla/5.0 (compatible; AhrefsBot/7.0; +http://ahrefs.com/robot/)"
157.55.39.22 - - [05/Jul/2021:06:14:57 -0400] "GET /wp-content/uploads/2019/10/picture-60.jpg HTTP/1.1" 200 139471 "-" "Mozilla/5.0 (compatible; bingbot/2.0; +http://www.bing.com/bingbot.htm)"
207.46.13.96 - - [05/Jul/2021:06:16:11 -0400] "GET /wp-content/uploads/2021/02/picture-16-1211x1536.jpg HTTP/1.1" 200 3277446 "-" "Mozilla/5.0 (compatible; bingbot/2.0; +http://www.bing.com/bingbot.htm)"
204.48.19.85 - - [05/Jul/2021:06:17:04 -0400] "POST /wp-cron.php?doing_wp_cron=1625480224.2585480213165283203125 HTTP/1.1" 200 6295 "https://ajhydell.com/wp-cron.php?doing_wp_cron=1625480224.2585480213165283203125" "WordPress/5.7.2; https://ajhydell.com"
54.36.148.117 - - [05/Jul/2021:06:17:04 -0400] "GET /2019/06/24/a-young-winston-churchill-standing-next-to-kaiser-wilhelm-ii-1906-640x1136/ HTTP/1.1" 200 18842 "-" "Mozilla/5.0 (compatible; AhrefsBot/7.0; +http://ahrefs.com/robot/)"
13.66.139.0 - - [05/Jul/2021:06:17:10 -0400] "GET /2021/01/23/mellins-cod-liver-oil-emulsion-for-all-chest-ailments-c-1890/ HTTP/1.1" 200 18632 "-" "Mozilla/5.0 (compatible; bingbot/2.0; +http://www.bing.com/bingbot.htm)"
204.48.19.85 - - [05/Jul/2021:06:20:29 -0400] "POST /wp-cron.php?doing_wp_cron=1625480429.8266289234161376953125 HTTP/1.1" 200 6295 "https://ajhydell.com/wp-cron.php?doing_wp_cron=1625480429.8266289234161376953125" "WordPress/5.7.2; https://ajhydell.com"
54.36.148.117 - - [05/Jul/2021:06:20:29 -0400] "GET /2019/11/05/american-soldiers-and-sailors-partying-in-tokyo-1945/ HTTP/1.1" 200 18728 "-" "Mozilla/5.0 (compatible; AhrefsBot/7.0; +http://ahrefs.com/robot/)"
204.48.19.85 - - [05/Jul/2021:06:21:41 -0400] "POST /wp-cron.php?doing_wp_cron=1625480501.3202009201049804687500 HTTP/1.1" 200 6295 "https://ajhydell.com/wp-cron.php?doing_wp_cron=1625480501.3202009201049804687500" "WordPress/5.7.2; https://ajhydell.com"
112.133.245.178 - - [05/Jul/2021:06:21:41 -0400] "POST /xmlrpc.php HTTP/1.1" 503 24275 "-" "Mozilla/5.0 (X11; Linux i686; rv:2.0.1) Gecko/20100101 Firefox/4.0.1"
112.133.245.178 - - [05/Jul/2021:06:21:42 -0400] "POST /wp-login.php HTTP/1.1" 503 24041 "-" "Mozilla/5.0 (X11; Linux i686; rv:2.0.1) Gecko/20100101 Firefox/4.0.1"
157.55.39.134 - - [05/Jul/2021:06:21:43 -0400] "GET /wp-content/uploads/2018/12/picture-23.jpg HTTP/1.1" 200 2519795 "-" "Mozilla/5.0 (compatible; bingbot/2.0; +http://www.bing.com/bingbot.htm)"
204.48.19.85 - - [05/Jul/2021:06:23:27 -0400] "POST /?wordfence_syncAttackData=1625480607.8031 HTTP/1.1" 200 6300 "https://ajhydell.com/?wordfence_syncAttackData=1625480607.8031" "WordPress/5.7.2; https://ajhydell.com"
