114.119.147.211 - - [09/Jul/2021:03:36:32 -0400] "GET /2020/09/23/marines-in-foxhole-near-front-lines-on-saipan-mariana-islands-1-july-1944-1800x1200 HTTP/1.1" 301 5846 "-" "Mozilla/5.0 (Linux; Android 7.0;) AppleWebKit/537.36 (KHTML, like Gecko) Mobile Safari/537.36 (compatible; PetalBot;+https://webmaster.petalsearch.com/site/petalbot)"
114.119.147.211 - - [09/Jul/2021:03:36:33 -0400] "GET /2020/09/23/marines-in-foxhole-near-front-lines-on-saipan-mariana-islands-1-july-1944-1800x1200/ HTTP/1.1" 200 13139 "-" "Mozilla/5.0 (Linux; Android 7.0;) AppleWebKit/537.36 (KHTML, like Gecko) Mobile Safari/537.36 (compatible; PetalBot;+https://webmaster.petalsearch.com/site/petalbot)"
204.48.19.85 - - [09/Jul/2021:03:37:46 -0400] "POST /wp-cron.php?doing_wp_cron=1625816266.3697209358215332031250 HTTP/1.1" 200 6295 "https://ajhydell.com/wp-cron.php?doing_wp_cron=1625816266.3697209358215332031250" "WordPress/5.7.2; https://ajhydell.com"
40.77.167.7 - - [09/Jul/2021:03:37:46 -0400] "GET /2019/05/15/a-photograph-of-mount-vesuvius-erupting-naples-italy-march-1944/ HTTP/1.1" 200 18453 "-" "Mozilla/5.0 (compatible; bingbot/2.0; +http://www.bing.com/bingbot.htm)"
17.121.114.66 - - [09/Jul/2021:03:37:55 -0400] "GET /2020/08/21/friendship-of-the-peoples-by-stepan-mikhailovich-karpov-1000x828/ HTTP/1.1" 200 18198 "-" "Mozilla/5.0 (Macintosh; Intel Mac OS X 10_15_5) AppleWebKit/605.1.15 (KHTML, like Gecko) Version/13.1.1 Safari/605.1.15 (Applebot/0.1; +http://www.apple.com/go/applebot)"
114.119.151.146 - - [09/Jul/2021:03:38:09 -0400] "GET /2019/05/20 HTTP/1.1" 301 5717 "-" "Mozilla/5.0 (Linux; Android 7.0;) AppleWebKit/537.36 (KHTML, like Gecko) Mobile Safari/537.36 (compatible; PetalBot;+https://webmaster.petalsearch.com/site/petalbot)"
114.119.151.146 - - [09/Jul/2021:03:38:10 -0400] "GET /2019/05/20/ HTTP/1.1" 200 12418 "-" "Mozilla/5.0 (Linux; Android 7.0;) AppleWebKit/537.36 (KHTML, like Gecko) Mobile Safari/537.36 (compatible; PetalBot;+https://webmaster.petalsearch.com/site/petalbot)"
204.48.19.85 - - [09/Jul/2021:03:39:45 -0400] "POST /wp-cron.php?doing_wp_cron=1625816385.9792859554290771484375 HTTP/1.1" 200 6295 "https://ajhydell.com/wp-cron.php?doing_wp_cron=1625816385.9792859554290771484375" "WordPress/5.7.2; https://ajhydell.com"
114.119.151.93 - - [09/Jul/2021:03:39:45 -0400] "GET /2021/04/15/atari-1983 HTTP/1.1" 301 5773 "-" "Mozilla/5.0 (Linux; Android 7.0;) AppleWebKit/537.36 (KHTML, like Gecko) Mobile Safari/537.36 (compatible; PetalBot;+https://webmaster.petalsearch.com/site/petalbot)"
114.119.151.93 - - [09/Jul/2021:03:39:46 -0400] "GET /2021/04/15/atari-1983/ HTTP/1.1" 200 12956 "-" "Mozilla/5.0 (Linux; Android 7.0;) AppleWebKit/537.36 (KHTML, like Gecko) Mobile Safari/537.36 (compatible; PetalBot;+https://webmaster.petalsearch.com/site/petalbot)"
54.36.148.117 - - [09/Jul/2021:03:39:52 -0400] "GET /2020/03/25/ HTTP/1.1" 200 18506 "-" "Mozilla/5.0 (compatible; AhrefsBot/7.0; +http://ahrefs.com/robot/)"
204.48.19.85 - - [09/Jul/2021:03:41:36 -0400] "POST /wp-cron.php?doing_wp_cron=1625816496.6690020561218261718750 HTTP/1.1" 200 6295 "https://ajhydell.com/wp-cron.php?doing_wp_cron=1625816496.6690020561218261718750" "WordPress/5.7.2; https://ajhydell.com"
114.119.147.211 - - [09/Jul/2021:03:41:36 -0400] "GET /2018/12/18/silent-grand-schema-monks-of-the-russian-orthodox-church-balaam-monastery-russisan-karelia-1888-480x640 HTTP/1.1" 301 5866 "-" "Mozilla/5.0 (Linux; Android 7.0;) AppleWebKit/537.36 (KHTML, like Gecko) Mobile Safari/537.36 (compatible; PetalBot;+https://webmaster.petalsearch.com/site/petalbot)"
114.119.147.211 - - [09/Jul/2021:03:41:38 -0400] "GET /2018/12/18/silent-grand-schema-monks-of-the-russian-orthodox-church-balaam-monastery-russisan-karelia-1888-480x640/ HTTP/1.1" 200 13142 "-" "Mozilla/5.0 (Linux; Android 7.0;) AppleWebKit/537.36 (KHTML, like Gecko) Mobile Safari/537.36 (compatible; PetalBot;+https://webmaster.petalsearch.com/site/petalbot)"
207.46.13.70 - - [09/Jul/2021:03:41:58 -0400] "GET /wp-content/uploads/2019/11/picture-41.jpg HTTP/1.1" 200 2252962 "-" "Mozilla/5.0 (compatible; bingbot/2.0; +http://www.bing.com/bingbot.htm)"
204.48.19.85 - - [09/Jul/2021:03:43:27 -0400] "POST /wp-cron.php?doing_wp_cron=1625816607.6438319683074951171875 HTTP/1.1" 200 6295 "https://ajhydell.com/wp-cron.php?doing_wp_cron=1625816607.6438319683074951171875" "WordPress/5.7.2; https://ajhydell.com"
114.119.143.168 - - [09/Jul/2021:03:43:27 -0400] "GET /2019/01/27/why-men-shouldnt-vote-according-to-1915-suffragette-satire-by-alice-duer-miller/ HTTP/1.1" 200 18289 "-" "Mozilla/5.0 (Linux; Android 7.0;) AppleWebKit/537.36 (KHTML, like Gecko) Mobile Safari/537.36 (compatible; PetalBot;+https://webmaster.petalsearch.com/site/petalbot)"
204.48.19.85 - - [09/Jul/2021:03:43:54 -0400] "POST /wp-cron.php?doing_wp_cron=1625816634.4728949069976806640625 HTTP/1.1" 200 6295 "https://ajhydell.com/wp-cron.php?doing_wp_cron=1625816634.4728949069976806640625" "WordPress/5.7.2; https://ajhydell.com"
54.36.148.117 - - [09/Jul/2021:03:43:54 -0400] "GET /2021/05/17/a-stunned-finnish-soldier-walks-away-without-injury-after-shrapnel-pierced-his-helmet-in-august-1941/ HTTP/1.1" 200 18976 "-" "Mozilla/5.0 (compatible; AhrefsBot/7.0; +http://ahrefs.com/robot/)"
185.191.171.5 - - [09/Jul/2021:03:44:07 -0400] "GET /2019/08/26/ HTTP/1.1" 200 18478 "-" "Mozilla/5.0 (compatible; SemrushBot/7~bl; +http://www.semrush.com/bot.html)"
49.7.20.67 - - [09/Jul/2021:03:44:36 -0400] "GET / HTTP/1.1" 200 20274 "-" "Sogou web spider/4.0(+http://www.sogou.com/docs/help/webmasters.htm#07)"
204.48.19.85 - - [09/Jul/2021:03:45:08 -0400] "POST /wp-cron.php?doing_wp_cron=1625816708.6274220943450927734375 HTTP/1.1" 200 6295 "https://ajhydell.com/wp-cron.php?doing_wp_cron=1625816708.6274220943450927734375" "WordPress/5.7.2; https://ajhydell.com"
114.119.147.211 - - [09/Jul/2021:03:45:08 -0400] "GET /page/30 HTTP/1.1" 301 5714 "-" "Mozilla/5.0 (Linux; Android 7.0;) AppleWebKit/537.36 (KHTML, like Gecko) Mobile Safari/537.36 (compatible; PetalBot;+https://webmaster.petalsearch.com/site/petalbot)"
207.46.13.137 - - [09/Jul/2021:03:45:13 -0400] "GET /2020/08/03/warsaw-uprising-1944-then-and-now/ HTTP/1.1" 200 18461 "-" "Mozilla/5.0 (compatible; bingbot/2.0; +http://www.bing.com/bingbot.htm)"
114.119.147.211 - - [09/Jul/2021:03:45:29 -0400] "GET /page/30/ HTTP/1.1" 200 14815 "-" "Mozilla/5.0 (Linux; Android 7.0;) AppleWebKit/537.36 (KHTML, like Gecko) Mobile Safari/537.36 (compatible; PetalBot;+https://webmaster.petalsearch.com/site/petalbot)"
79.52.243.124 - - [09/Jul/2021:03:46:24 -0400] "GET /wp-content/uploads/2020/07/picture-104-scaled.jpg HTTP/1.1" 200 536303 "-" "Dalvik/2.1.0 (Linux; U; Android 10; Redmi Note 7 MIUI/V12.0.3.0.QFGEUXM)"
204.48.19.85 - - [09/Jul/2021:03:47:07 -0400] "POST /wp-cron.php?doing_wp_cron=1625816827.9208939075469970703125 HTTP/1.1" 200 6295 "https://ajhydell.com/wp-cron.php?doing_wp_cron=1625816827.9208939075469970703125" "WordPress/5.7.2; https://ajhydell.com"
114.119.151.93 - - [09/Jul/2021:03:47:07 -0400] "GET /2018/12/02 HTTP/1.1" 301 5717 "-" "Mozilla/5.0 (Linux; Android 7.0;) AppleWebKit/537.36 (KHTML, like Gecko) Mobile Safari/537.36 (compatible; PetalBot;+https://webmaster.petalsearch.com/site/petalbot)"
114.119.151.93 - - [09/Jul/2021:03:47:08 -0400] "GET /2018/12/02/ HTTP/1.1" 200 12410 "-" "Mozilla/5.0 (Linux; Android 7.0;) AppleWebKit/537.36 (KHTML, like Gecko) Mobile Safari/537.36 (compatible; PetalBot;+https://webmaster.petalsearch.com/site/petalbot)"
204.48.19.85 - - [09/Jul/2021:03:48:01 -0400] "POST /wp-cron.php?doing_wp_cron=1625816881.2021410465240478515625 HTTP/1.1" 200 6295 "https://ajhydell.com/wp-cron.php?doing_wp_cron=1625816881.2021410465240478515625" "WordPress/5.7.2; https://ajhydell.com"
54.36.148.117 - - [09/Jul/2021:03:48:01 -0400] "GET /2021/05/28/frank-sinatra-advertisement-for-chesterfield-cigarettes-1950s/ HTTP/1.1" 200 19077 "-" "Mozilla/5.0 (compatible; AhrefsBot/7.0; +http://ahrefs.com/robot/)"
207.46.13.147 - - [09/Jul/2021:03:48:17 -0400] "GET /wp-content/uploads/2019/02/picture-39-1024x1024.jpg HTTP/1.1" 200 316544 "-" "Mozilla/5.0 (compatible; bingbot/2.0; +http://www.bing.com/bingbot.htm)"
114.119.143.210 - - [09/Jul/2021:03:48:40 -0400] "GET /2021/04/06/actress-marilyn-monroe-in-a-bikini HTTP/1.1" 301 5797 "-" "Mozilla/5.0 (Linux; Android 7.0;) AppleWebKit/537.36 (KHTML, like Gecko) Mobile Safari/537.36 (compatible; PetalBot;+https://webmaster.petalsearch.com/site/petalbot)"
40.77.167.77 - - [09/Jul/2021:03:48:42 -0400] "GET /2020/09/13/the-photograph-of-joseph-stalin-taken-at-431-am-on-june-22-1941-he-just-told-that-germany-had-attacked-the-ussr-starting-a-war-against-the-soviet-union-the-photographer-was-asked-to-destroy-the/ HTTP/1.1" 200 18793 "-" "Mozilla/5.0 (compatible; bingbot/2.0; +http://www.bing.com/bingbot.htm)"
204.48.19.85 - - [09/Jul/2021:03:48:47 -0400] "POST /wp-cron.php?doing_wp_cron=1625816927.6513230800628662109375 HTTP/1.1" 200 6295 "https://ajhydell.com/wp-cron.php?doing_wp_cron=1625816927.6513230800628662109375" "WordPress/5.7.2; https://ajhydell.com"
114.119.143.210 - - [09/Jul/2021:03:48:47 -0400] "GET /2021/04/06/actress-marilyn-monroe-in-a-bikini/ HTTP/1.1" 200 12955 "-" "Mozilla/5.0 (Linux; Android 7.0;) AppleWebKit/537.36 (KHTML, like Gecko) Mobile Safari/537.36 (compatible; PetalBot;+https://webmaster.petalsearch.com/site/petalbot)"
204.48.19.85 - - [09/Jul/2021:03:50:03 -0400] "POST /wp-cron.php?doing_wp_cron=1625817003.9169991016387939453125 HTTP/1.1" 200 6295 "https://ajhydell.com/wp-cron.php?doing_wp_cron=1625817003.9169991016387939453125" "WordPress/5.7.2; https://ajhydell.com"
114.119.132.183 - - [09/Jul/2021:03:50:03 -0400] "GET /2021/02/02/female-suffrage-male-suffering-1875-uk HTTP/1.1" 301 5801 "-" "Mozilla/5.0 (Linux; Android 7.0;) AppleWebKit/537.36 (KHTML, like Gecko) Mobile Safari/537.36 (compatible; PetalBot;+https://webmaster.petalsearch.com/site/petalbot)"
114.119.132.183 - - [09/Jul/2021:03:50:05 -0400] "GET /2021/02/02/female-suffrage-male-suffering-1875-uk/ HTTP/1.1" 200 13017 "-" "Mozilla/5.0 (Linux; Android 7.0;) AppleWebKit/537.36 (KHTML, like Gecko) Mobile Safari/537.36 (compatible; PetalBot;+https://webmaster.petalsearch.com/site/petalbot)"
204.48.19.85 - - [09/Jul/2021:03:51:49 -0400] "POST /wp-cron.php?doing_wp_cron=1625817109.1405580043792724609375 HTTP/1.1" 200 6295 "https://ajhydell.com/wp-cron.php?doing_wp_cron=1625817109.1405580043792724609375" "WordPress/5.7.2; https://ajhydell.com"
114.119.147.211 - - [09/Jul/2021:03:51:49 -0400] "GET /2020/10/11/ad-for-the-very-first-episode-of-saturday-night-live-1975/ HTTP/1.1" 200 18228 "-" "Mozilla/5.0 (Linux; Android 7.0;) AppleWebKit/537.36 (KHTML, like Gecko) Mobile Safari/537.36 (compatible; PetalBot;+https://webmaster.petalsearch.com/site/petalbot)"
216.244.66.250 - - [09/Jul/2021:03:52:18 -0400] "GET /robots.txt HTTP/1.1" 301 529 "-" "Mozilla/5.0 (compatible; DotBot/1.2; +https://opensiteexplorer.org/dotbot; help@moz.com)"
216.244.66.250 - - [09/Jul/2021:03:52:18 -0400] "GET /robots.txt HTTP/1.1" 200 5859 "-" "Mozilla/5.0 (compatible; DotBot/1.2; +https://opensiteexplorer.org/dotbot; help@moz.com)"
54.36.148.117 - - [09/Jul/2021:03:52:19 -0400] "GET /2021/06/19/wayne-wong-ski-jumping-over-his-dodge-aspen-rt-1976/ HTTP/1.1" 200 18779 "-" "Mozilla/5.0 (compatible; AhrefsBot/7.0; +http://ahrefs.com/robot/)"
207.46.13.137 - - [09/Jul/2021:03:53:33 -0400] "GET /wp-content/uploads/2020/05/picture-77.jpg HTTP/1.1" 200 404434 "-" "Mozilla/5.0 (compatible; bingbot/2.0; +http://www.bing.com/bingbot.htm)"
204.48.19.85 - - [09/Jul/2021:03:53:49 -0400] "POST /wp-cron.php?doing_wp_cron=1625817229.7957708835601806640625 HTTP/1.1" 200 6295 "https://ajhydell.com/wp-cron.php?doing_wp_cron=1625817229.7957708835601806640625" "WordPress/5.7.2; https://ajhydell.com"
114.119.145.169 - - [09/Jul/2021:03:53:48 -0400] "GET /2018/08/15/tiger-i-crew-on-the-eastern-front HTTP/1.1" 301 5796 "-" "Mozilla/5.0 (Linux; Android 7.0;) AppleWebKit/537.36 (KHTML, like Gecko) Mobile Safari/537.36 (compatible; PetalBot;+https://webmaster.petalsearch.com/site/petalbot)"
114.119.145.169 - - [09/Jul/2021:03:53:50 -0400] "GET /2018/08/15/tiger-i-crew-on-the-eastern-front/ HTTP/1.1" 200 12973 "-" "Mozilla/5.0 (Linux; Android 7.0;) AppleWebKit/537.36 (KHTML, like Gecko) Mobile Safari/537.36 (compatible; PetalBot;+https://webmaster.petalsearch.com/site/petalbot)"
204.48.19.85 - - [09/Jul/2021:03:54:50 -0400] "POST /wp-cron.php?doing_wp_cron=1625817290.2815389633178710937500 HTTP/1.1" 200 6295 "https://ajhydell.com/wp-cron.php?doing_wp_cron=1625817290.2815389633178710937500" "WordPress/5.7.2; https://ajhydell.com"
17.121.114.53 - - [09/Jul/2021:03:54:50 -0400] "GET /2018/09/14/stay-clear-keep-them-in-fear-belfast-1980s-a-warning-by-the-ira-against-citizens-associating-with-british-army-personnel/ HTTP/1.1" 200 18431 "-" "Mozilla/5.0 (Macintosh; Intel Mac OS X 10_15_5) AppleWebKit/605.1.15 (KHTML, like Gecko) Version/13.1.1 Safari/605.1.15 (Applebot/0.1; +http://www.apple.com/go/applebot)"
114.119.132.183 - - [09/Jul/2021:03:55:14 -0400] "GET /2019/09/01/3-surviving-crew-members-of-rms-titanic-prepared-to-give-witness-statements-to-the-us-senate-inquiry-in-1912/ HTTP/1.1" 200 18303 "-" "Mozilla/5.0 (Linux; Android 7.0;) AppleWebKit/537.36 (KHTML, like Gecko) Mobile Safari/537.36 (compatible; PetalBot;+https://webmaster.petalsearch.com/site/petalbot)"
204.48.19.85 - - [09/Jul/2021:03:56:35 -0400] "POST /wp-cron.php?doing_wp_cron=1625817395.7797160148620605468750 HTTP/1.1" 200 6295 "https://ajhydell.com/wp-cron.php?doing_wp_cron=1625817395.7797160148620605468750" "WordPress/5.7.2; https://ajhydell.com"
54.36.148.117 - - [09/Jul/2021:03:56:35 -0400] "GET /2021/06/25/wanted-bush-blair-for-war-crimes-uk-2011/ HTTP/1.1" 200 18850 "-" "Mozilla/5.0 (compatible; AhrefsBot/7.0; +http://ahrefs.com/robot/)"
204.48.19.85 - - [09/Jul/2021:03:56:51 -0400] "POST /wp-cron.php?doing_wp_cron=1625817411.8408770561218261718750 HTTP/1.1" 200 6295 "https://ajhydell.com/wp-cron.php?doing_wp_cron=1625817411.8408770561218261718750" "WordPress/5.7.2; https://ajhydell.com"
114.119.143.210 - - [09/Jul/2021:03:56:51 -0400] "GET /2020/08/14/to-build-one-need-to-know-to-know-one-needs-to-study-soviet-union-1958/ HTTP/1.1" 200 18253 "-" "Mozilla/5.0 (Linux; Android 7.0;) AppleWebKit/537.36 (KHTML, like Gecko) Mobile Safari/537.36 (compatible; PetalBot;+https://webmaster.petalsearch.com/site/petalbot)"
204.48.19.85 - - [09/Jul/2021:03:58:42 -0400] "POST /wp-cron.php?doing_wp_cron=1625817522.1741349697113037109375 HTTP/1.1" 200 6295 "https://ajhydell.com/wp-cron.php?doing_wp_cron=1625817522.1741349697113037109375" "WordPress/5.7.2; https://ajhydell.com"
114.119.143.168 - - [09/Jul/2021:03:58:42 -0400] "GET /2018/08/25 HTTP/1.1" 301 5717 "-" "Mozilla/5.0 (Linux; Android 7.0;) AppleWebKit/537.36 (KHTML, like Gecko) Mobile Safari/537.36 (compatible; PetalBot;+https://webmaster.petalsearch.com/site/petalbot)"
114.119.143.168 - - [09/Jul/2021:03:58:43 -0400] "GET /2018/08/25/ HTTP/1.1" 200 12856 "-" "Mozilla/5.0 (Linux; Android 7.0;) AppleWebKit/537.36 (KHTML, like Gecko) Mobile Safari/537.36 (compatible; PetalBot;+https://webmaster.petalsearch.com/site/petalbot)"
204.48.19.85 - - [09/Jul/2021:04:00:26 -0400] "POST /wp-cron.php?doing_wp_cron=1625817626.8741788864135742187500 HTTP/1.1" 200 6295 "https://ajhydell.com/wp-cron.php?doing_wp_cron=1625817626.8741788864135742187500" "WordPress/5.7.2; https://ajhydell.com"
54.36.148.117 - - [09/Jul/2021:04:00:26 -0400] "GET /2021/06/20/a-german-dornier-twin-engine-bomber-crashes-into-a-london-residence-during-the-battle-of-britain-1940/ HTTP/1.1" 200 18978 "-" "Mozilla/5.0 (compatible; AhrefsBot/7.0; +http://ahrefs.com/robot/)"
204.48.19.85 - - [09/Jul/2021:04:01:02 -0400] "POST /wp-cron.php?doing_wp_cron=1625817662.2202041149139404296875 HTTP/1.1" 200 6295 "https://ajhydell.com/wp-cron.php?doing_wp_cron=1625817662.2202041149139404296875" "WordPress/5.7.2; https://ajhydell.com"
114.119.158.133 - - [09/Jul/2021:04:01:02 -0400] "GET /2020/09/12/1984-heinz-ketchup-ad-offering-a-ten-cent-coupon-and-a-limited-edition-bottle-telephone-offer/ HTTP/1.1" 200 18450 "-" "Mozilla/5.0 (Linux; Android 7.0;) AppleWebKit/537.36 (KHTML, like Gecko) Mobile Safari/537.36 (compatible; PetalBot;+https://webmaster.petalsearch.com/site/petalbot)"
216.244.66.250 - - [09/Jul/2021:04:01:31 -0400] "GET /2020/03/18/soviet-su-76m-suppressing-the-machine-gun-nest-at-the-building-berlin-april-1945/ HTTP/1.1" 200 68176 "-" "Mozilla/5.0 (compatible; DotBot/1.2; +https://opensiteexplorer.org/dotbot; help@moz.com)"
207.46.13.54 - - [09/Jul/2021:04:01:34 -0400] "GET /2021/04/23/soldiers-and-allies-of-the-british-american-and-russian-armies-mimic-and-mock-adolf-hitler-and-his-ideas-on-hitlers-famous-balcony-at-the-chancellery-in-conquered-berlin-1945/ HTTP/1.1" 200 18655 "-" "Mozilla/5.0 (compatible; bingbot/2.0; +http://www.bing.com/bingbot.htm)"
207.46.13.113 - - [09/Jul/2021:04:01:38 -0400] "GET /wp-content/uploads/2020/09/picture-89.jpg HTTP/1.1" 200 1389710 "-" "Mozilla/5.0 (compatible; bingbot/2.0; +http://www.bing.com/bingbot.htm)"
204.48.19.85 - - [09/Jul/2021:04:02:48 -0400] "POST /wp-cron.php?doing_wp_cron=1625817768.8360409736633300781250 HTTP/1.1" 200 6295 "https://ajhydell.com/wp-cron.php?doing_wp_cron=1625817768.8360409736633300781250" "WordPress/5.7.2; https://ajhydell.com"
40.77.167.7 - - [09/Jul/2021:04:02:48 -0400] "GET /2020/12/18/ HTTP/1.1" 200 18393 "-" "Mozilla/5.0 (compatible; bingbot/2.0; +http://www.bing.com/bingbot.htm)"
114.119.156.206 - - [09/Jul/2021:04:02:57 -0400] "GET /2020/10/19/ HTTP/1.1" 200 18276 "-" "Mozilla/5.0 (Linux; Android 7.0;) AppleWebKit/537.36 (KHTML, like Gecko) Mobile Safari/537.36 (compatible; PetalBot;+https://webmaster.petalsearch.com/site/petalbot)"
204.48.19.85 - - [09/Jul/2021:04:04:06 -0400] "POST /wp-cron.php?doing_wp_cron=1625817846.3104989528656005859375 HTTP/1.1" 200 6295 "https://ajhydell.com/wp-cron.php?doing_wp_cron=1625817846.3104989528656005859375" "WordPress/5.7.2; https://ajhydell.com"
114.119.138.170 - - [09/Jul/2021:04:04:06 -0400] "GET /2019/10/05/ HTTP/1.1" 200 17840 "-" "Mozilla/5.0 (Linux; Android 7.0;) AppleWebKit/537.36 (KHTML, like Gecko) Mobile Safari/537.36 (compatible; PetalBot;+https://webmaster.petalsearch.com/site/petalbot)"
54.36.148.117 - - [09/Jul/2021:04:04:18 -0400] "GET /2021/06/27/german-propaganda-leaflet-aimed-at-french-troops-in-1940-the-leaflet-shows-a-british-soldier-and-a-french-soldier-counting-from-one-to-three-at-three-the-french-soldier-jumps-into-the-blood-bath-b/ HTTP/1.1" 200 19320 "-" "Mozilla/5.0 (compatible; AhrefsBot/7.0; +http://ahrefs.com/robot/)"
204.48.19.85 - - [09/Jul/2021:04:05:17 -0400] "POST /wp-cron.php?doing_wp_cron=1625817917.3668689727783203125000 HTTP/1.1" 200 6295 "https://ajhydell.com/wp-cron.php?doing_wp_cron=1625817917.3668689727783203125000" "WordPress/5.7.2; https://ajhydell.com"
66.249.66.132 - - [09/Jul/2021:04:05:17 -0400] "GET /2020/02/14/new-hope-a-young-woman-embracing-and-kissing-a-uniformed-us-serviceman-usaaf-at-new-hope-train-station-in-bucks-county-pennsylvania-1945/ HTTP/1.1" 200 18961 "-" "Mozilla/5.0 (compatible; Googlebot/2.1; +http://www.google.com/bot.html)"
66.249.66.132 - - [09/Jul/2021:04:05:19 -0400] "GET /wp-content/plugins/google-analytics-for-wordpress/assets/js/frontend-gtag.min.js?ver=7.17.0 HTTP/1.1" 200 3291 "https://ajhydell.com/2020/02/14/new-hope-a-young-woman-embracing-and-kissing-a-uniformed-us-serviceman-usaaf-at-new-hope-train-station-in-bucks-county-pennsylvania-1945/" "Mozilla/5.0 AppleWebKit/537.36 (KHTML, like Gecko; compatible; Googlebot/2.1; +http://www.google.com/bot.html) Chrome/91.0.4472.90 Safari/537.36"
66.249.66.132 - - [09/Jul/2021:04:05:19 -0400] "GET /2020/02/14/new-hope-a-young-woman-embracing-and-kissing-a-uniformed-us-serviceman-usaaf-at-new-hope-train-station-in-bucks-county-pennsylvania-1945/feed/ HTTP/1.1" 200 1278 "-" "Mozilla/5.0 (compatible; Googlebot/2.1; +http://www.google.com/bot.html)"
114.119.145.169 - - [09/Jul/2021:04:05:25 -0400] "GET /2021/02/13/last-sword-duel-in-history-in-france-1967-between-the-mayor-of-marseille-and-the-socialist-party-candidate-for-presidency-1600-x-1136/ HTTP/1.1" 200 18574 "-" "Mozilla/5.0 (Linux; Android 7.0;) AppleWebKit/537.36 (KHTML, like Gecko) Mobile Safari/537.36 (compatible; PetalBot;+https://webmaster.petalsearch.com/site/petalbot)"
40.77.167.7 - - [09/Jul/2021:04:05:25 -0400] "GET /sitemap_index.xml HTTP/1.1" 200 6413 "-" "Mozilla/5.0 (compatible; bingbot/2.0; +http://www.bing.com/bingbot.htm)"
204.48.19.85 - - [09/Jul/2021:04:07:03 -0400] "POST /wp-cron.php?doing_wp_cron=1625818023.3582019805908203125000 HTTP/1.1" 200 6295 "https://ajhydell.com/wp-cron.php?doing_wp_cron=1625818023.3582019805908203125000" "WordPress/5.7.2; https://ajhydell.com"
114.119.147.211 - - [09/Jul/2021:04:07:03 -0400] "GET /2021/06/05/ww-ii-1940s-american-dukws-motoring-trough-venice-736x932/ HTTP/1.1" 200 18233 "-" "Mozilla/5.0 (Linux; Android 7.0;) AppleWebKit/537.36 (KHTML, like Gecko) Mobile Safari/537.36 (compatible; PetalBot;+https://webmaster.petalsearch.com/site/petalbot)"
204.48.19.85 - - [09/Jul/2021:04:08:11 -0400] "POST /wp-cron.php?doing_wp_cron=1625818091.8656868934631347656250 HTTP/1.1" 200 6295 "https://ajhydell.com/wp-cron.php?doing_wp_cron=1625818091.8656868934631347656250" "WordPress/5.7.2; https://ajhydell.com"
54.36.148.117 - - [09/Jul/2021:04:08:11 -0400] "GET /2021/06/26/a-young-russian-boy-points-out-german-positions-to-commander-g-v-gvozdev-of-the-11th-squad-3rd-leningrad-partisan-brigade-in-a-small-village-during-the-siege-of-leningrad-near-leningrad-now-st/ HTTP/1.1" 200 19180 "-" "Mozilla/5.0 (compatible; AhrefsBot/7.0; +http://ahrefs.com/robot/)"
204.48.19.85 - - [09/Jul/2021:04:08:51 -0400] "POST /wp-cron.php?doing_wp_cron=1625818131.2673070430755615234375 HTTP/1.1" 200 6295 "https://ajhydell.com/wp-cron.php?doing_wp_cron=1625818131.2673070430755615234375" "WordPress/5.7.2; https://ajhydell.com"
114.119.156.206 - - [09/Jul/2021:04:08:51 -0400] "GET /page/12 HTTP/1.1" 301 5714 "-" "Mozilla/5.0 (Linux; Android 7.0;) AppleWebKit/537.36 (KHTML, like Gecko) Mobile Safari/537.36 (compatible; PetalBot;+https://webmaster.petalsearch.com/site/petalbot)"
114.119.156.206 - - [09/Jul/2021:04:08:52 -0400] "GET /page/12/ HTTP/1.1" 200 14855 "-" "Mozilla/5.0 (Linux; Android 7.0;) AppleWebKit/537.36 (KHTML, like Gecko) Mobile Safari/537.36 (compatible; PetalBot;+https://webmaster.petalsearch.com/site/petalbot)"
204.48.19.85 - - [09/Jul/2021:04:10:12 -0400] "POST /wp-cron.php?doing_wp_cron=1625818212.6017999649047851562500 HTTP/1.1" 200 6295 "https://ajhydell.com/wp-cron.php?doing_wp_cron=1625818212.6017999649047851562500" "WordPress/5.7.2; https://ajhydell.com"
5.255.253.148 - - [09/Jul/2021:04:10:12 -0400] "GET /robots.txt HTTP/1.1" 200 6535 "-" "Mozilla/5.0 (compatible; YandexBot/3.0; +http://yandex.com/bots)"
5.255.253.148 - - [09/Jul/2021:04:10:16 -0400] "GET /2018/09/27/ HTTP/1.1" 200 12704 "-" "Mozilla/5.0 (compatible; YandexBot/3.0; +http://yandex.com/bots)"
114.119.151.93 - - [09/Jul/2021:04:10:25 -0400] "GET /2021/04/05/a-passing-dispatch-rider-reads-a-beachhead-sign-warning-against-butterfly-bombs-normandy-1944/ HTTP/1.1" 200 18253 "-" "Mozilla/5.0 (Linux; Android 7.0;) AppleWebKit/537.36 (KHTML, like Gecko) Mobile Safari/537.36 (compatible; PetalBot;+https://webmaster.petalsearch.com/site/petalbot)"
204.48.19.85 - - [09/Jul/2021:04:11:51 -0400] "POST /wp-cron.php?doing_wp_cron=1625818311.0676670074462890625000 HTTP/1.1" 200 6295 "https://ajhydell.com/wp-cron.php?doing_wp_cron=1625818311.0676670074462890625000" "WordPress/5.7.2; https://ajhydell.com"
40.77.167.7 - - [09/Jul/2021:04:11:51 -0400] "GET /2020/10/01/leatherneck-in-the-pacific-takes-a-moment-to-share-his-canteen-with-a-kitten/ HTTP/1.1" 200 18399 "-" "Mozilla/5.0 (compatible; bingbot/2.0; +http://www.bing.com/bingbot.htm)"
40.77.167.81 - - [09/Jul/2021:04:11:52 -0400] "GET /2020/05/08/american-and-soviet-soldiers-together-by-the-end-of-ww2/ HTTP/1.1" 200 18506 "-" "Mozilla/5.0 (compatible; bingbot/2.0; +http://www.bing.com/bingbot.htm)"
40.77.167.81 - - [09/Jul/2021:04:11:52 -0400] "GET /2018/08/26/president-ronald-reagan-meets-with-senate-candidate-john-mccain-in-the-oval-office-1986-1024x678/ HTTP/1.1" 200 18544 "-" "Mozilla/5.0 (compatible; bingbot/2.0; +http://www.bing.com/bingbot.htm)"
54.36.148.117 - - [09/Jul/2021:04:12:03 -0400] "GET /2021/06/16/soviets-are-correct-that-a-superpower-is-arming-finland-a-poster-showing-a-finnish-soldier-standing-in-front-of-captured-soviet-tanks-winter-war-1939/ HTTP/1.1" 200 19156 "-" "Mozilla/5.0 (compatible; AhrefsBot/7.0; +http://ahrefs.com/robot/)"
204.48.19.85 - - [09/Jul/2021:04:13:51 -0400] "POST /wp-cron.php?doing_wp_cron=1625818431.3548638820648193359375 HTTP/1.1" 200 6295 "https://ajhydell.com/wp-cron.php?doing_wp_cron=1625818431.3548638820648193359375" "WordPress/5.7.2; https://ajhydell.com"
114.119.143.168 - - [09/Jul/2021:04:13:51 -0400] "GET /2021/page/8 HTTP/1.1" 301 5718 "-" "Mozilla/5.0 (Linux; Android 7.0;) AppleWebKit/537.36 (KHTML, like Gecko) Mobile Safari/537.36 (compatible; PetalBot;+https://webmaster.petalsearch.com/site/petalbot)"
114.119.143.168 - - [09/Jul/2021:04:13:52 -0400] "GET /2021/01/10/gay-boy-tobacco-1890/ HTTP/1.1" 200 18016 "-" "Mozilla/5.0 (Linux; Android 7.0;) AppleWebKit/537.36 (KHTML, like Gecko) Mobile Safari/537.36 (compatible; PetalBot;+https://webmaster.petalsearch.com/site/petalbot)"
114.119.143.168 - - [09/Jul/2021:04:13:59 -0400] "GET /2021/page/8/ HTTP/1.1" 200 14467 "-" "Mozilla/5.0 (Linux; Android 7.0;) AppleWebKit/537.36 (KHTML, like Gecko) Mobile Safari/537.36 (compatible; PetalBot;+https://webmaster.petalsearch.com/site/petalbot)"
40.77.167.81 - - [09/Jul/2021:04:14:08 -0400] "GET /wp-content/uploads/2020/05/picture-16.jpg HTTP/1.1" 200 2340719 "-" "Mozilla/5.0 (compatible; bingbot/2.0; +http://www.bing.com/bingbot.htm)"
31.13.103.9 - - [09/Jul/2021:04:15:01 -0400] "GET /wp-content/uploads/2021/03/picture-51.jpg HTTP/1.1" 200 2424449 "-" "facebookexternalhit/1.1 (+http://www.facebook.com/externalhit_uatext.php)"
204.48.19.85 - - [09/Jul/2021:04:15:12 -0400] "POST /wp-cron.php?doing_wp_cron=1625818512.5953938961029052734375 HTTP/1.1" 200 6295 "https://ajhydell.com/wp-cron.php?doing_wp_cron=1625818512.5953938961029052734375" "WordPress/5.7.2; https://ajhydell.com"
207.46.13.67 - - [09/Jul/2021:04:15:12 -0400] "GET /2021/04/15/happy-birthday-claudia-cardinale-she-is-a-tunisian-born-italian-film-actress-who-starred-in-some-of-the-most-acclaimed-european-films-of-the-1960s-and-1970s-mainly-italian-or-french-but-also-in-ma/ HTTP/1.1" 200 18866 "-" "Mozilla/5.0 (compatible; bingbot/2.0; +http://www.bing.com/bingbot.htm)"
207.46.13.113 - - [09/Jul/2021:04:15:21 -0400] "GET /2018/11/09/dickenson-children-dressed-in-ww1-costumes/ HTTP/1.1" 200 18616 "-" "Mozilla/5.0 (compatible; bingbot/2.0; +http://www.bing.com/bingbot.htm)"
114.119.143.168 - - [09/Jul/2021:04:15:26 -0400] "GET /2020/03/page/3/ HTTP/1.1" 200 19386 "-" "Mozilla/5.0 (Linux; Android 7.0;) AppleWebKit/537.36 (KHTML, like Gecko) Mobile Safari/537.36 (compatible; PetalBot;+https://webmaster.petalsearch.com/site/petalbot)"
204.48.19.85 - - [09/Jul/2021:04:15:41 -0400] "POST /wp-cron.php?doing_wp_cron=1625818541.4626929759979248046875 HTTP/1.1" 200 6295 "https://ajhydell.com/wp-cron.php?doing_wp_cron=1625818541.4626929759979248046875" "WordPress/5.7.2; https://ajhydell.com"
54.36.148.117 - - [09/Jul/2021:04:15:41 -0400] "GET /2021/07/03/queen-victoria-the-grandmother-of-europe-with-kaiser-wilhelm-ii-tsar-nicholas-ii-and-future-king-edward-vii-in-one-large-royal-family-snapshot-1894-2307x2400/ HTTP/1.1" 200 19309 "-" "Mozilla/5.0 (compatible; AhrefsBot/7.0; +http://ahrefs.com/robot/)"
204.48.19.85 - - [09/Jul/2021:04:17:19 -0400] "POST /wp-cron.php?doing_wp_cron=1625818639.3451809883117675781250 HTTP/1.1" 200 6295 "https://ajhydell.com/wp-cron.php?doing_wp_cron=1625818639.3451809883117675781250" "WordPress/5.7.2; https://ajhydell.com"
114.119.145.169 - - [09/Jul/2021:04:17:19 -0400] "GET /2019/08/06/honor-and-glory-to-the-soviet-teacher-ussr-date-unknown/ HTTP/1.1" 200 18304 "-" "Mozilla/5.0 (Linux; Android 7.0;) AppleWebKit/537.36 (KHTML, like Gecko) Mobile Safari/537.36 (compatible; PetalBot;+https://webmaster.petalsearch.com/site/petalbot)"
54.236.1.11 - - [09/Jul/2021:04:18:33 -0400] "GET / HTTP/1.1" 301 565 "-" "Mozilla/5.0 (compatible; Pinterestbot/1.0; +http://www.pinterest.com/bot.html)"
204.48.19.85 - - [09/Jul/2021:04:18:33 -0400] "POST /wp-cron.php?doing_wp_cron=1625818713.2788600921630859375000 HTTP/1.1" 200 6295 "https://ajhydell.com/wp-cron.php?doing_wp_cron=1625818713.2788600921630859375000" "WordPress/5.7.2; https://ajhydell.com"
54.236.1.11 - - [09/Jul/2021:04:18:33 -0400] "GET /2019/08/19/walk-only-on-the-right-side-of-the-pavement-georgia-ussr-date-unknown/ HTTP/1.1" 200 18334 "-" "Mozilla/5.0 (compatible; Pinterestbot/1.0; +http://www.pinterest.com/bot.html)"
54.236.1.11 - - [09/Jul/2021:04:18:33 -0400] "GET / HTTP/1.1" 200 20119 "-" "Mozilla/5.0 (compatible; Pinterestbot/1.0; +http://www.pinterest.com/bot.html)"
204.48.19.85 - - [09/Jul/2021:04:19:24 -0400] "POST /wp-cron.php?doing_wp_cron=1625818764.4352109432220458984375 HTTP/1.1" 200 6295 "https://ajhydell.com/wp-cron.php?doing_wp_cron=1625818764.4352109432220458984375" "WordPress/5.7.2; https://ajhydell.com"
54.36.148.117 - - [09/Jul/2021:04:19:24 -0400] "GET /2021/06/25/a-rural-soviet-town-snapped-from-a-passing-train-taken-by-american-spy-martin-manhoff-c-1952-54-1920x1080/ HTTP/1.1" 200 19008 "-" "Mozilla/5.0 (compatible; AhrefsBot/7.0; +http://ahrefs.com/robot/)"
204.48.19.85 - - [09/Jul/2021:04:19:51 -0400] "POST /wp-cron.php?doing_wp_cron=1625818791.4570009708404541015625 HTTP/1.1" 200 6295 "https://ajhydell.com/wp-cron.php?doing_wp_cron=1625818791.4570009708404541015625" "WordPress/5.7.2; https://ajhydell.com"
207.46.13.147 - - [09/Jul/2021:04:19:51 -0400] "GET /2018/12/31/greek-poster-celebrating-victory-in-the-balkan-wars-1912-1913/ HTTP/1.1" 200 18454 "-" "Mozilla/5.0 (compatible; bingbot/2.0; +http://www.bing.com/bingbot.htm)"
207.46.13.67 - - [09/Jul/2021:04:19:59 -0400] "GET /2021/06/24/captain-robert-falcon-scott-and-other-expedition-members-during-the-terra-nova-expedition-to-the-antarctic-1911/ HTTP/1.1" 200 18697 "-" "Mozilla/5.0 (compatible; bingbot/2.0; +http://www.bing.com/bingbot.htm)"
66.249.66.132 - - [09/Jul/2021:04:20:58 -0400] "GET /wp-content/uploads/2021/06/picture-45.jpg HTTP/1.1" 200 1021446 "-" "Googlebot-Image/1.0"
204.48.19.85 - - [09/Jul/2021:04:21:11 -0400] "POST /wp-cron.php?doing_wp_cron=1625818871.0850191116333007812500 HTTP/1.1" 200 6295 "https://ajhydell.com/wp-cron.php?doing_wp_cron=1625818871.0850191116333007812500" "WordPress/5.7.2; https://ajhydell.com"
114.119.151.146 - - [09/Jul/2021:04:21:11 -0400] "GET /2019/10/23 HTTP/1.1" 301 5717 "-" "Mozilla/5.0 (Linux; Android 7.0;) AppleWebKit/537.36 (KHTML, like Gecko) Mobile Safari/537.36 (compatible; PetalBot;+https://webmaster.petalsearch.com/site/petalbot)"
114.119.151.146 - - [09/Jul/2021:04:21:11 -0400] "GET /2019/10/23/ HTTP/1.1" 200 12527 "-" "Mozilla/5.0 (Linux; Android 7.0;) AppleWebKit/537.36 (KHTML, like Gecko) Mobile Safari/537.36 (compatible; PetalBot;+https://webmaster.petalsearch.com/site/petalbot)"
3.249.172.50 - - [09/Jul/2021:04:21:37 -0400] "GET /feed/ HTTP/1.1" 200 8529 "-" "Krzana bot"
204.48.19.85 - - [09/Jul/2021:04:22:23 -0400] "POST /wp-cron.php?doing_wp_cron=1625818943.4141209125518798828125 HTTP/1.1" 200 6295 "https://ajhydell.com/wp-cron.php?doing_wp_cron=1625818943.4141209125518798828125" "WordPress/5.7.2; https://ajhydell.com"
17.121.114.103 - - [09/Jul/2021:04:22:23 -0400] "GET /2020/02/15/actress-barbara-stanwyck-1907-1990/ HTTP/1.1" 200 18229 "-" "Mozilla/5.0 (Macintosh; Intel Mac OS X 10_15_5) AppleWebKit/605.1.15 (KHTML, like Gecko) Version/13.1.1 Safari/605.1.15 (Applebot/0.1; +http://www.apple.com/go/applebot)"
204.48.19.85 - - [09/Jul/2021:04:22:49 -0400] "POST /wp-cron.php?doing_wp_cron=1625818969.4018070697784423828125 HTTP/1.1" 200 6295 "https://ajhydell.com/wp-cron.php?doing_wp_cron=1625818969.4018070697784423828125" "WordPress/5.7.2; https://ajhydell.com"
114.119.156.206 - - [09/Jul/2021:04:22:49 -0400] "GET /category/uncategorized/page/13/ HTTP/1.1" 200 19238 "-" "Mozilla/5.0 (Linux; Android 7.0;) AppleWebKit/537.36 (KHTML, like Gecko) Mobile Safari/537.36 (compatible; PetalBot;+https://webmaster.petalsearch.com/site/petalbot)"
54.36.148.117 - - [09/Jul/2021:04:22:49 -0400] "GET /2021/06/11/italian-soldier-with-his-dog-in-an-outpost-in-ukraine-1942/ HTTP/1.1" 200 18804 "-" "Mozilla/5.0 (compatible; AhrefsBot/7.0; +http://ahrefs.com/robot/)"
204.48.19.85 - - [09/Jul/2021:04:23:43 -0400] "POST /wp-cron.php?doing_wp_cron=1625819023.7586729526519775390625 HTTP/1.1" 200 6295 "https://ajhydell.com/wp-cron.php?doing_wp_cron=1625819023.7586729526519775390625" "WordPress/5.7.2; https://ajhydell.com"
23.100.232.233 - - [09/Jul/2021:04:23:43 -0400] "GET /2021/07/06/lt-col-ronald-speirs-one-of-the-toughest-soldiers-in-easy-company-band-of-brothers-colour-by-pieceofjake/ HTTP/1.1" 200 18277 "-" "Mozilla/5.0 (compatible; MSIE 9.0; Windows NT 6.0; Trident/5.0;  Trident/5.0)"
23.100.232.233 - - [09/Jul/2021:04:23:44 -0400] "GET /wp-content/plugins/add-expires-headers/cache/0/com/processed-header-f16a8d323e83e1bc1b76514e283fb81b7090a959.min.css HTTP/1.1" 200 52893 "https://ajhydell.com/2021/07/06/lt-col-ronald-speirs-one-of-the-toughest-soldiers-in-easy-company-band-of-brothers-colour-by-pieceofjake/" "Mozilla/5.0 (compatible; MSIE 9.0; Windows NT 6.0; Trident/5.0;  Trident/5.0)"
23.100.232.233 - - [09/Jul/2021:04:23:44 -0400] "GET /wp-content/plugins/google-analytics-for-wordpress/assets/js/frontend-gtag.min.js?ver=7.17.0 HTTP/1.1" 200 3476 "https://ajhydell.com/2021/07/06/lt-col-ronald-speirs-one-of-the-toughest-soldiers-in-easy-company-band-of-brothers-colour-by-pieceofjake/" "Mozilla/5.0 (compatible; MSIE 9.0; Windows NT 6.0; Trident/5.0;  Trident/5.0)"
23.100.232.233 - - [09/Jul/2021:04:23:44 -0400] "GET /wp-includes/js/jquery/jquery.min.js?ver=3.5.1 HTTP/1.1" 200 31550 "https://ajhydell.com/2021/07/06/lt-col-ronald-speirs-one-of-the-toughest-soldiers-in-easy-company-band-of-brothers-colour-by-pieceofjake/" "Mozilla/5.0 (compatible; MSIE 9.0; Windows NT 6.0; Trident/5.0;  Trident/5.0)"
23.100.232.233 - - [09/Jul/2021:04:23:44 -0400] "GET /wp-includes/js/jquery/jquery-migrate.min.js?ver=3.3.2 HTTP/1.1" 200 4687 "https://ajhydell.com/2021/07/06/lt-col-ronald-speirs-one-of-the-toughest-soldiers-in-easy-company-band-of-brothers-colour-by-pieceofjake/" "Mozilla/5.0 (compatible; MSIE 9.0; Windows NT 6.0; Trident/5.0;  Trident/5.0)"
23.100.232.233 - - [09/Jul/2021:04:23:45 -0400] "GET /wp-includes/js/wp-emoji-release.min.js?ver=5.7.2 HTTP/1.1" 200 5183 "https://ajhydell.com/2021/07/06/lt-col-ronald-speirs-one-of-the-toughest-soldiers-in-easy-company-band-of-brothers-colour-by-pieceofjake/" "Mozilla/5.0 (compatible; MSIE 9.0; Windows NT 6.0; Trident/5.0;  Trident/5.0)"
23.100.232.233 - - [09/Jul/2021:04:23:45 -0400] "GET /wp-content/plugins/wp-smushit/app/assets/js/smush-lazy-load.min.js?ver=3.8.7 HTTP/1.1" 200 4207 "https://ajhydell.com/2021/07/06/lt-col-ronald-speirs-one-of-the-toughest-soldiers-in-easy-company-band-of-brothers-colour-by-pieceofjake/" "Mozilla/5.0 (compatible; MSIE 9.0; Windows NT 6.0; Trident/5.0;  Trident/5.0)"
23.100.232.233 - - [09/Jul/2021:04:23:45 -0400] "GET /wp-content/themes/royal-magazine/js/navigation.js?ver=20151215 HTTP/1.1" 200 1349 "https://ajhydell.com/2021/07/06/lt-col-ronald-speirs-one-of-the-toughest-soldiers-in-easy-company-band-of-brothers-colour-by-pieceofjake/" "Mozilla/5.0 (compatible; MSIE 9.0; Windows NT 6.0; Trident/5.0;  Trident/5.0)"
23.100.232.233 - - [09/Jul/2021:04:23:45 -0400] "GET /wp-content/themes/royal-magazine/js/skip-link-focus-fix.js?ver=20151215 HTTP/1.1" 200 933 "https://ajhydell.com/2021/07/06/lt-col-ronald-speirs-one-of-the-toughest-soldiers-in-easy-company-band-of-brothers-colour-by-pieceofjake/" "Mozilla/5.0 (compatible; MSIE 9.0; Windows NT 6.0; Trident/5.0;  Trident/5.0)"
23.100.232.233 - - [09/Jul/2021:04:23:45 -0400] "GET /wp-content/themes/royal-magazine/assets/libraries/marquee/jquery.marquee.js?ver=5.7.2 HTTP/1.1" 200 5103 "https://ajhydell.com/2021/07/06/lt-col-ronald-speirs-one-of-the-toughest-soldiers-in-easy-company-band-of-brothers-colour-by-pieceofjake/" "Mozilla/5.0 (compatible; MSIE 9.0; Windows NT 6.0; Trident/5.0;  Trident/5.0)"
23.100.232.233 - - [09/Jul/2021:04:23:45 -0400] "GET /wp-content/themes/royal-magazine/assets/libraries/bootstrap/js/bootstrap.min.js?ver=5.7.2 HTTP/1.1" 200 10404 "https://ajhydell.com/2021/07/06/lt-col-ronald-speirs-one-of-the-toughest-soldiers-in-easy-company-band-of-brothers-colour-by-pieceofjake/" "Mozilla/5.0 (compatible; MSIE 9.0; Windows NT 6.0; Trident/5.0;  Trident/5.0)"
23.100.232.233 - - [09/Jul/2021:04:23:46 -0400] "GET /wp-content/themes/royal-magazine/assets/twp/js/custom-script.js?ver=5.7.2 HTTP/1.1" 200 3023 "https://ajhydell.com/2021/07/06/lt-col-ronald-speirs-one-of-the-toughest-soldiers-in-easy-company-band-of-brothers-colour-by-pieceofjake/" "Mozilla/5.0 (compatible; MSIE 9.0; Windows NT 6.0; Trident/5.0;  Trident/5.0)"
23.100.232.233 - - [09/Jul/2021:04:23:46 -0400] "GET /wp-content/themes/royal-magazine/assets/libraries/magnific-popup/jquery.magnific-popup.min.js?ver=5.7.2 HTTP/1.1" 200 7871 "https://ajhydell.com/2021/07/06/lt-col-ronald-speirs-one-of-the-toughest-soldiers-in-easy-company-band-of-brothers-colour-by-pieceofjake/" "Mozilla/5.0 (compatible; MSIE 9.0; Windows NT 6.0; Trident/5.0;  Trident/5.0)"
23.100.232.233 - - [09/Jul/2021:04:23:46 -0400] "GET /wp-content/plugins/facebook-pagelike-widget/fb.js?ver=1.0 HTTP/1.1" 200 821 "https://ajhydell.com/2021/07/06/lt-col-ronald-speirs-one-of-the-toughest-soldiers-in-easy-company-band-of-brothers-colour-by-pieceofjake/" "Mozilla/5.0 (compatible; MSIE 9.0; Windows NT 6.0; Trident/5.0;  Trident/5.0)"
23.100.232.233 - - [09/Jul/2021:04:23:46 -0400] "GET /wp-content/themes/royal-magazine/assets/libraries/slick/js/slick.min.js?ver=5.7.2 HTTP/1.1" 200 10740 "https://ajhydell.com/2021/07/06/lt-col-ronald-speirs-one-of-the-toughest-soldiers-in-easy-company-band-of-brothers-colour-by-pieceofjake/" "Mozilla/5.0 (compatible; MSIE 9.0; Windows NT 6.0; Trident/5.0;  Trident/5.0)"
23.100.232.233 - - [09/Jul/2021:04:23:46 -0400] "GET /wp-includes/js/wp-embed.min.js?ver=5.7.2 HTTP/1.1" 200 1221 "https://ajhydell.com/2021/07/06/lt-col-ronald-speirs-one-of-the-toughest-soldiers-in-easy-company-band-of-brothers-colour-by-pieceofjake/" "Mozilla/5.0 (compatible; MSIE 9.0; Windows NT 6.0; Trident/5.0;  Trident/5.0)"
23.100.232.233 - - [09/Jul/2021:04:23:46 -0400] "GET /wp-content/themes/royal-magazine/assets/libraries/theiaStickySidebar/theia-sticky-sidebar.min.js?ver=5.7.2 HTTP/1.1" 200 2271 "https://ajhydell.com/2021/07/06/lt-col-ronald-speirs-one-of-the-toughest-soldiers-in-easy-company-band-of-brothers-colour-by-pieceofjake/" "Mozilla/5.0 (compatible; MSIE 9.0; Windows NT 6.0; Trident/5.0;  Trident/5.0)"
46.208.216.56 - - [09/Jul/2021:04:23:58 -0400] "GET /wp-content/uploads/2019/08/picture-97.jpg HTTP/1.1" 200 81961 "https://www.bing.com/" "Mozilla/5.0 (Windows NT 10.0; Win64; x64) AppleWebKit/537.36 (KHTML, like Gecko) Chrome/91.0.4472.124 Safari/537.36 Edg/91.0.864.64"
204.48.19.85 - - [09/Jul/2021:04:24:01 -0400] "POST /wp-cron.php?doing_wp_cron=1625819041.7543449401855468750000 HTTP/1.1" 200 6295 "https://ajhydell.com/wp-cron.php?doing_wp_cron=1625819041.7543449401855468750000" "WordPress/5.7.2; https://ajhydell.com"
17.121.114.177 - - [09/Jul/2021:04:24:01 -0400] "GET /2020/03/24/g-i-french-boy-1944/ HTTP/1.1" 200 18170 "-" "Mozilla/5.0 (Macintosh; Intel Mac OS X 10_15_5) AppleWebKit/605.1.15 (KHTML, like Gecko) Version/13.1.1 Safari/605.1.15 (Applebot/0.1; +http://www.apple.com/go/applebot)"
69.169.8.165 - - [09/Jul/2021:04:24:06 -0400] "GET /wp-content/uploads/2019/12/picture-29-745x1024.jpg HTTP/1.1" 200 162295 "https://www.bing.com/" "Mozilla/5.0 (Windows NT 10.0; Win64; x64) AppleWebKit/537.36 (KHTML, like Gecko) Chrome/91.0.4472.124 Safari/537.36 Edg/91.0.864.64"
46.208.216.56 - - [09/Jul/2021:04:24:18 -0400] "-" 408 6041 "-" "-"
204.48.19.85 - - [09/Jul/2021:04:24:48 -0400] "POST /wp-cron.php?doing_wp_cron=1625819088.6910209655761718750000 HTTP/1.1" 200 6295 "https://ajhydell.com/wp-cron.php?doing_wp_cron=1625819088.6910209655761718750000" "WordPress/5.7.2; https://ajhydell.com"
5.255.253.148 - - [09/Jul/2021:04:24:48 -0400] "GET /2018/11/21/french-tankers-pose-in-front-of-their-char-b1-bis-heavy-tank-1940/ HTTP/1.1" 200 18942 "-" "Mozilla/5.0 (compatible; YandexBot/3.0; +http://yandex.com/bots)"
66.249.66.132 - - [09/Jul/2021:04:24:53 -0400] "GET /feed/ HTTP/1.1" 200 8585 "-" "Mozilla/5.0 (compatible; Googlebot/2.1; +http://www.google.com/bot.html)"
114.119.156.206 - - [09/Jul/2021:04:25:07 -0400] "GET /2020/08/18/put-more-crunch-in-your-dip-doritos-frito-lay-1972/ HTTP/1.1" 200 18167 "-" "Mozilla/5.0 (Linux; Android 7.0;) AppleWebKit/537.36 (KHTML, like Gecko) Mobile Safari/537.36 (compatible; PetalBot;+https://webmaster.petalsearch.com/site/petalbot)"
17.121.114.129 - - [09/Jul/2021:04:25:39 -0400] "GET /2020/12/13/gunners-relax-playing-cards-in-the-shade-of-cactus-trees-in-tunisia-may-1943-color-by-anamnesisss/ HTTP/1.1" 200 18403 "-" "Mozilla/5.0 (Macintosh; Intel Mac OS X 10_15_5) AppleWebKit/605.1.15 (KHTML, like Gecko) Version/13.1.1 Safari/605.1.15 (Applebot/0.1; +http://www.apple.com/go/applebot)"
204.48.19.85 - - [09/Jul/2021:04:25:57 -0400] "POST /wp-cron.php?doing_wp_cron=1625819157.9086580276489257812500 HTTP/1.1" 200 6295 "https://ajhydell.com/wp-cron.php?doing_wp_cron=1625819157.9086580276489257812500" "WordPress/5.7.2; https://ajhydell.com"
17.121.115.164 - - [09/Jul/2021:04:25:57 -0400] "GET /2020/10/29/soldiers-of-the-165th-infantry-regiment-land-on-the-atoll-of-butaritari-on-the-gilbert-islands-11-20-1943/ HTTP/1.1" 200 18288 "-" "Mozilla/5.0 (Macintosh; Intel Mac OS X 10_15_5) AppleWebKit/605.1.15 (KHTML, like Gecko) Version/13.1.1 Safari/605.1.15 (Applebot/0.1; +http://www.apple.com/go/applebot)"
54.36.148.117 - - [09/Jul/2021:04:26:26 -0400] "GET /2021/06/16/yugo-cars-being-shipped-out-of-kragujevac-sr-serbia-sfr-yugoslavia-to-the-us-1985-about-140000-yugos-were-sold-in-the-us-1985-1992-1758x1161/ HTTP/1.1" 200 19166 "-" "Mozilla/5.0 (compatible; AhrefsBot/7.0; +http://ahrefs.com/robot/)"
185.220.100.241 - - [09/Jul/2021:04:26:35 -0400] "GET / HTTP/1.1" 200 20644 "-" "Mozilla/5.0 (compatible; Baiduspider/2.0; +http://www.baidu.com/search/spider.html)"
204.48.19.85 - - [09/Jul/2021:04:27:50 -0400] "POST /wp-cron.php?doing_wp_cron=1625819270.9130508899688720703125 HTTP/1.1" 200 6295 "https://ajhydell.com/wp-cron.php?doing_wp_cron=1625819270.9130508899688720703125" "WordPress/5.7.2; https://ajhydell.com"
114.119.138.170 - - [09/Jul/2021:04:27:50 -0400] "GET /2020/08/08/b-25-bombers-fly-by-mount-vesuvius-as-it-erupts-in-march-1944/ HTTP/1.1" 200 18157 "-" "Mozilla/5.0 (Linux; Android 7.0;) AppleWebKit/537.36 (KHTML, like Gecko) Mobile Safari/537.36 (compatible; PetalBot;+https://webmaster.petalsearch.com/site/petalbot)"
185.191.171.14 - - [09/Jul/2021:04:28:12 -0400] "GET /robots.txt HTTP/1.1" 200 6480 "-" "Mozilla/5.0 (compatible; SemrushBot/7~bl; +http://www.semrush.com/bot.html)"
185.191.171.42 - - [09/Jul/2021:04:28:12 -0400] "GET /2021/07/04/grande-hotel-beira-mozambique-1960s-2000s-714x849/ HTTP/1.1" 200 18813 "-" "Mozilla/5.0 (compatible; SemrushBot/7~bl; +http://www.semrush.com/bot.html)"
157.55.39.62 - - [09/Jul/2021:04:28:32 -0400] "GET /2017/10/25/october-the-20th-a-ww2-italian-poster-about-the-gorla-bombing/ HTTP/1.1" 404 63927 "-" "Mozilla/5.0 (compatible; bingbot/2.0; +http://www.bing.com/bingbot.htm)"
204.48.19.85 - - [09/Jul/2021:04:29:00 -0400] "POST /wp-cron.php?doing_wp_cron=1625819340.8634130954742431640625 HTTP/1.1" 200 6295 "https://ajhydell.com/wp-cron.php?doing_wp_cron=1625819340.8634130954742431640625" "WordPress/5.7.2; https://ajhydell.com"
40.77.167.81 - - [09/Jul/2021:04:29:00 -0400] "GET /2021/07/01/bbc-war-correspondent-robin-duff-makes-a-recording-during-the-d-day-landings-1944-colorization-976x549/feed/ HTTP/1.1" 200 6824 "-" "Mozilla/5.0 (compatible; bingbot/2.0; +http://www.bing.com/bingbot.htm)"
40.77.167.77 - - [09/Jul/2021:04:29:06 -0400] "GET /wp-content/uploads/2020/08/picture-117.jpg HTTP/1.1" 200 2301381 "-" "Mozilla/5.0 (compatible; bingbot/2.0; +http://www.bing.com/bingbot.htm)"
66.249.66.132 - - [09/Jul/2021:04:29:07 -0400] "GET /feed/ HTTP/1.1" 200 8585 "-" "Mozilla/5.0 (compatible; Googlebot/2.1; +http://www.google.com/bot.html)"
192.241.223.152 - - [09/Jul/2021:04:29:20 -0400] "GET /actuator/health HTTP/1.1" 404 63853 "-" "Mozilla/5.0 zgrab/0.x"
204.48.19.85 - - [09/Jul/2021:04:29:56 -0400] "POST /wp-cron.php?doing_wp_cron=1625819396.2175769805908203125000 HTTP/1.1" 200 6295 "https://ajhydell.com/wp-cron.php?doing_wp_cron=1625819396.2175769805908203125000" "WordPress/5.7.2; https://ajhydell.com"
54.36.148.117 - - [09/Jul/2021:04:29:56 -0400] "GET /2021/06/12/he-had-the-right-idea-but-the-wrong-approach-listerine-antiseptic-1948/ HTTP/1.1" 200 19041 "-" "Mozilla/5.0 (compatible; AhrefsBot/7.0; +http://ahrefs.com/robot/)"
167.114.64.97 - - [09/Jul/2021:04:30:05 -0400] "GET /robots.txt HTTP/1.1" 200 6065 "-" "Mozilla/5.0 (compatible; MJ12bot/v1.4.8; http://mj12bot.com/)"
3.94.179.188 - - [09/Jul/2021:04:30:41 -0400] "HEAD / HTTP/1.1" 200 5715 "-" "scalaj-http/2.4.2"
3.94.179.188 - - [09/Jul/2021:04:30:42 -0400] "GET / HTTP/1.1" 200 20188 "-" "Buck/2.2; (+https://app.hypefactors.com/media-monitoring/about.html)"
3.94.179.188 - - [09/Jul/2021:04:30:42 -0400] "GET /robots.txt HTTP/1.1" 200 5901 "-" "Buck/2.2; (+https://app.hypefactors.com/media-monitoring/about.html)"
204.48.19.85 - - [09/Jul/2021:04:30:54 -0400] "POST /wp-cron.php?doing_wp_cron=1625819454.6923840045928955078125 HTTP/1.1" 200 6295 "https://ajhydell.com/wp-cron.php?doing_wp_cron=1625819454.6923840045928955078125" "WordPress/5.7.2; https://ajhydell.com"
167.114.64.97 - - [09/Jul/2021:04:30:54 -0400] "GET /2021/07/09/mogadishu-1993-an-italian-soldier-gives-food-to-a-local-orphan-540x706/ HTTP/1.1" 200 18055 "-" "Mozilla/5.0 (compatible; MJ12bot/v1.4.8; http://mj12bot.com/)"
40.77.167.81 - - [09/Jul/2021:04:31:00 -0400] "GET /wp-content/uploads/2020/01/picture-15.jpg HTTP/1.1" 200 3581939 "-" "Mozilla/5.0 (compatible; bingbot/2.0; +http://www.bing.com/bingbot.htm)"
114.119.143.168 - - [09/Jul/2021:04:31:10 -0400] "GET /2020/04/16/australian-nurses-ready-to-battle-the-influenza-pandemic-in-surrey-hills-sydney-in-april-1919 HTTP/1.1" 301 5856 "-" "Mozilla/5.0 (Linux; Android 7.0;) AppleWebKit/537.36 (KHTML, like Gecko) Mobile Safari/537.36 (compatible; PetalBot;+https://webmaster.petalsearch.com/site/petalbot)"
3.94.179.188 - - [09/Jul/2021:04:31:15 -0400] "GET /feed/ HTTP/1.1" 200 8282 "-" "Buck/2.2; (+https://app.hypefactors.com/media-monitoring/about.html)"
3.94.179.188 - - [09/Jul/2021:04:31:15 -0400] "GET /sitemap_index.xml HTTP/1.1" 200 6220 "-" "Buck/2.2; (+https://app.hypefactors.com/media-monitoring/about.html)"
3.94.179.188 - - [09/Jul/2021:04:31:15 -0400] "GET /sitemap.xml HTTP/1.1" 200 6582 "-" "Buck/2.2; (+https://app.hypefactors.com/media-monitoring/about.html)"
3.94.179.188 - - [09/Jul/2021:04:31:15 -0400] "GET /sitemap-pt-post-2021-07.xml HTTP/1.1" 200 8629 "-" "Buck/2.2; (+https://app.hypefactors.com/media-monitoring/about.html)"
114.119.143.168 - - [09/Jul/2021:04:31:22 -0400] "GET /2020/04/16/australian-nurses-ready-to-battle-the-influenza-pandemic-in-surrey-hills-sydney-in-april-1919/ HTTP/1.1" 200 13090 "-" "Mozilla/5.0 (Linux; Android 7.0;) AppleWebKit/537.36 (KHTML, like Gecko) Mobile Safari/537.36 (compatible; PetalBot;+https://webmaster.petalsearch.com/site/petalbot)"
51.77.52.160 - - [09/Jul/2021:04:31:46 -0400] "GET / HTTP/1.1" 301 565 "-" "Mozilla/5.0 (X11; Linux x86_64) AppleWebKit/537.36 (KHTML, like Gecko) Chrome/75.0.3770.100 Safari/537.36 OPR/62.0.3331.99"
204.48.19.85 - - [09/Jul/2021:04:31:46 -0400] "POST /wp-cron.php?doing_wp_cron=1625819506.5065310001373291015625 HTTP/1.1" 200 6295 "https://ajhydell.com/wp-cron.php?doing_wp_cron=1625819506.5065310001373291015625" "WordPress/5.7.2; https://ajhydell.com"
51.77.52.160 - - [09/Jul/2021:04:31:46 -0400] "GET / HTTP/1.1" 200 20199 "-" "Mozilla/5.0 (X11; Linux x86_64) AppleWebKit/537.36 (KHTML, like Gecko) Chrome/75.0.3770.100 Safari/537.36 OPR/62.0.3331.99"
207.46.13.113 - - [09/Jul/2021:04:32:36 -0400] "GET /2021/05/11/i-am-an-american-sign-displayed-by-a-japanese-american-store-owner-oakland-california-united-states-8-dec-1941-2709x2128/ HTTP/1.1" 200 18669 "-" "Mozilla/5.0 (compatible; bingbot/2.0; +http://www.bing.com/bingbot.htm)"
204.48.19.85 - - [09/Jul/2021:04:32:58 -0400] "POST /wp-cron.php?doing_wp_cron=1625819578.8861210346221923828125 HTTP/1.1" 200 6295 "https://ajhydell.com/wp-cron.php?doing_wp_cron=1625819578.8861210346221923828125" "WordPress/5.7.2; https://ajhydell.com"
114.119.132.183 - - [09/Jul/2021:04:32:58 -0400] "GET /2020/05/01 HTTP/1.1" 301 5717 "-" "Mozilla/5.0 (Linux; Android 7.0;) AppleWebKit/537.36 (KHTML, like Gecko) Mobile Safari/537.36 (compatible; PetalBot;+https://webmaster.petalsearch.com/site/petalbot)"
114.119.132.183 - - [09/Jul/2021:04:32:59 -0400] "GET /2020/05/01/ HTTP/1.1" 200 12871 "-" "Mozilla/5.0 (Linux; Android 7.0;) AppleWebKit/537.36 (KHTML, like Gecko) Mobile Safari/537.36 (compatible; PetalBot;+https://webmaster.petalsearch.com/site/petalbot)"
54.36.148.117 - - [09/Jul/2021:04:33:20 -0400] "GET /2021/06/11/otto-frank-anne-franks-father-with-fellow-soldiers-1915-1916-939-x-1536/ HTTP/1.1" 200 18883 "-" "Mozilla/5.0 (compatible; AhrefsBot/7.0; +http://ahrefs.com/robot/)"
