165.232.179.106 - - [06/Jul/2021:00:00:15 -0400] "GET / HTTP/1.1" 200 104772 "-" "Mozilla/5.0 (Windows NT 10.0; Win64; x64) AppleWebKit/537.36 (KHTML, like Gecko) Chrome/70.0.3538.77 Safari/537.36"
34.139.96.20 - - [06/Jul/2021:00:01:02 -0400] "GET /wp-content/uploads/2021/03/picture-51.jpg HTTP/1.1" 200 2424402 "-" "Mozilla/5.0 (Macintosh; Intel Mac OS X 10.10; rv:38.0) Gecko/20100101 Firefox/38.0"
204.48.19.85 - - [06/Jul/2021:00:01:27 -0400] "POST /wp-cron.php?doing_wp_cron=1625544087.7002420425415039062500 HTTP/1.1" 200 6295 "https://ajhydell.com/wp-cron.php?doing_wp_cron=1625544087.7002420425415039062500" "WordPress/5.7.2; https://ajhydell.com"
17.121.115.55 - - [06/Jul/2021:00:01:27 -0400] "GET /2018/09/02/mullens-alley-cherry-hill-new-york-1888-1270x1574/ HTTP/1.1" 200 18450 "-" "Mozilla/5.0 (Macintosh; Intel Mac OS X 10_15_5) AppleWebKit/605.1.15 (KHTML, like Gecko) Version/13.1.1 Safari/605.1.15 (Applebot/0.1; +http://www.apple.com/go/applebot)"
204.48.19.85 - - [06/Jul/2021:00:01:53 -0400] "POST /wp-cron.php?doing_wp_cron=1625544113.4990410804748535156250 HTTP/1.1" 200 6295 "https://ajhydell.com/wp-cron.php?doing_wp_cron=1625544113.4990410804748535156250" "WordPress/5.7.2; https://ajhydell.com"
185.191.171.14 - - [06/Jul/2021:00:01:53 -0400] "GET /2020/08/15/ HTTP/1.1" 200 19210 "-" "Mozilla/5.0 (compatible; SemrushBot/7~bl; +http://www.semrush.com/bot.html)"
207.46.13.80 - - [06/Jul/2021:00:02:57 -0400] "GET /wp-content/uploads/2020/09/picture-117-792x1024.jpg HTTP/1.1" 200 200358 "-" "Mozilla/5.0 (compatible; bingbot/2.0; +http://www.bing.com/bingbot.htm)"
50.127.199.193 - - [06/Jul/2021:00:03:46 -0400] "GET /wp-content/uploads/2018/10/picture-37.jpg HTTP/1.1" 200 97746 "https://www.bing.com/" "Mozilla/5.0 (Windows NT 10.0; Win64; x64) AppleWebKit/537.36 (KHTML, like Gecko) Chrome/91.0.4472.124 Safari/537.36 Edg/91.0.864.64"
204.48.19.85 - - [06/Jul/2021:00:03:56 -0400] "POST /wp-cron.php?doing_wp_cron=1625544236.1629459857940673828125 HTTP/1.1" 200 6295 "https://ajhydell.com/wp-cron.php?doing_wp_cron=1625544236.1629459857940673828125" "WordPress/5.7.2; https://ajhydell.com"
106.38.241.125 - - [06/Jul/2021:00:03:56 -0400] "GET / HTTP/1.1" 200 20326 "-" "Sogou web spider/4.0(+http://www.sogou.com/docs/help/webmasters.htm#07)"
50.127.199.193 - - [06/Jul/2021:00:04:06 -0400] "-" 408 6041 "-" "-"
54.36.148.117 - - [06/Jul/2021:00:04:42 -0400] "GET /2018/09/26/marie-doro-actress-u-s-june-1902-450x575/ HTTP/1.1" 200 18966 "-" "Mozilla/5.0 (compatible; AhrefsBot/7.0; +http://ahrefs.com/robot/)"
204.48.19.85 - - [06/Jul/2021:00:05:19 -0400] "POST /wp-cron.php?doing_wp_cron=1625544319.4789240360260009765625 HTTP/1.1" 200 6295 "https://ajhydell.com/wp-cron.php?doing_wp_cron=1625544319.4789240360260009765625" "WordPress/5.7.2; https://ajhydell.com"
185.191.171.11 - - [06/Jul/2021:00:05:19 -0400] "GET /2021/05/26/ HTTP/1.1" 200 18970 "-" "Mozilla/5.0 (compatible; SemrushBot/7~bl; +http://www.semrush.com/bot.html)"
157.55.39.57 - - [06/Jul/2021:00:05:25 -0400] "GET /wp-content/uploads/2019/01/picture-43.jpg HTTP/1.1" 200 288335 "-" "Mozilla/5.0 (compatible; bingbot/2.0; +http://www.bing.com/bingbot.htm)"
204.48.19.85 - - [06/Jul/2021:00:06:20 -0400] "POST /wp-cron.php?doing_wp_cron=1625544380.0253479480743408203125 HTTP/1.1" 200 6295 "https://ajhydell.com/wp-cron.php?doing_wp_cron=1625544380.0253479480743408203125" "WordPress/5.7.2; https://ajhydell.com"
185.191.171.3 - - [06/Jul/2021:00:06:19 -0400] "GET /2021/02/21/13th-world-festival-of-youth-and-students-in-1989-in-pyongyang-dprk/ HTTP/1.1" 200 19188 "-" "Mozilla/5.0 (compatible; SemrushBot/7~bl; +http://www.semrush.com/bot.html)"
204.48.19.85 - - [06/Jul/2021:00:06:50 -0400] "POST /wp-cron.php?doing_wp_cron=1625544410.2884409427642822265625 HTTP/1.1" 200 6295 "https://ajhydell.com/wp-cron.php?doing_wp_cron=1625544410.2884409427642822265625" "WordPress/5.7.2; https://ajhydell.com"
91.222.238.1 - - [06/Jul/2021:00:06:50 -0400] "GET /wp-login.php HTTP/1.1" 200 8603 "-" "Mozilla/5.0 (X11; Ubuntu; Linux x86_64; rv:62.0) Gecko/20100101 Firefox/62.0"
91.222.238.1 - - [06/Jul/2021:00:06:50 -0400] "POST /wp-login.php HTTP/1.1" 200 8696 "-" "Mozilla/5.0 (X11; Ubuntu; Linux x86_64; rv:62.0) Gecko/20100101 Firefox/62.0"
91.222.238.1 - - [06/Jul/2021:00:06:51 -0400] "POST /xmlrpc.php HTTP/1.1" 200 5852 "-" "Mozilla/5.0 (X11; Ubuntu; Linux x86_64; rv:62.0) Gecko/20100101 Firefox/62.0"
49.7.20.65 - - [06/Jul/2021:00:07:12 -0400] "GET / HTTP/1.1" 301 528 "-" "Sogou web spider/4.0(+http://www.sogou.com/docs/help/webmasters.htm#07)"
207.46.13.120 - - [06/Jul/2021:00:07:44 -0400] "GET /2021/05/26/ad-in-a-1968-life-magazine/ HTTP/1.1" 200 18612 "-" "Mozilla/5.0 (compatible; bingbot/2.0; +http://www.bing.com/bingbot.htm)"
204.48.19.85 - - [06/Jul/2021:00:08:33 -0400] "POST /wp-cron.php?doing_wp_cron=1625544513.3104119300842285156250 HTTP/1.1" 200 6295 "https://ajhydell.com/wp-cron.php?doing_wp_cron=1625544513.3104119300842285156250" "WordPress/5.7.2; https://ajhydell.com"
66.249.70.114 - - [06/Jul/2021:00:08:33 -0400] "GET /2018/09/03/the-warriors-of-hitler-are-friends-of-the-people-a-nazi-propaganda-poster-in-occupied-ukraine-1942/ HTTP/1.1" 200 19260 "-" "Mozilla/5.0 (compatible; Googlebot/2.1; +http://www.google.com/bot.html)"
204.48.19.85 - - [06/Jul/2021:00:09:55 -0400] "POST /wp-cron.php?doing_wp_cron=1625544595.7487480640411376953125 HTTP/1.1" 200 6295 "https://ajhydell.com/wp-cron.php?doing_wp_cron=1625544595.7487480640411376953125" "WordPress/5.7.2; https://ajhydell.com"
54.36.148.117 - - [06/Jul/2021:00:09:55 -0400] "GET /2021/03/01/ HTTP/1.1" 200 19187 "-" "Mozilla/5.0 (compatible; AhrefsBot/7.0; +http://ahrefs.com/robot/)"
185.191.171.8 - - [06/Jul/2021:00:10:07 -0400] "GET /robots.txt HTTP/1.1" 200 6480 "-" "Mozilla/5.0 (compatible; SemrushBot/7~bl; +http://www.semrush.com/bot.html)"
185.191.171.38 - - [06/Jul/2021:00:10:07 -0400] "GET /2020/12/28/ HTTP/1.1" 200 19144 "-" "Mozilla/5.0 (compatible; SemrushBot/7~bl; +http://www.semrush.com/bot.html)"
66.249.70.112 - - [06/Jul/2021:00:10:11 -0400] "GET /?wordfence_lh=1&hid=CE66BE81A1A0A0B3F82C2097FC268D35 HTTP/1.1" 200 6341 "-" "Mozilla/5.0 (compatible; Googlebot/2.1; +http://www.google.com/bot.html)"
185.191.171.44 - - [06/Jul/2021:00:10:28 -0400] "GET /2021/03/27/the-italian-submarines-archimede-left-and-leonardo-da-vinci-right-shortly-before-sailing-from-bordeaux-france-for-their-last-patrol-february-1943/ HTTP/1.1" 200 19233 "-" "Mozilla/5.0 (compatible; SemrushBot/7~bl; +http://www.semrush.com/bot.html)"
204.48.19.85 - - [06/Jul/2021:00:12:08 -0400] "POST /wp-cron.php?doing_wp_cron=1625544728.1170439720153808593750 HTTP/1.1" 200 6295 "https://ajhydell.com/wp-cron.php?doing_wp_cron=1625544728.1170439720153808593750" "WordPress/5.7.2; https://ajhydell.com"
128.14.134.170 - - [06/Jul/2021:00:12:08 -0400] "GET / HTTP/1.1" 200 20177 "-" "Mozilla/5.0 (Windows NT 10.0; Win64; x64) AppleWebKit/537.36 (KHTML, like Gecko) Chrome/60.0.3112.113 Safari/537.36"
204.48.19.85 - - [06/Jul/2021:00:13:08 -0400] "POST /wp-cron.php?doing_wp_cron=1625544788.1049029827117919921875 HTTP/1.1" 200 6295 "https://ajhydell.com/wp-cron.php?doing_wp_cron=1625544788.1049029827117919921875" "WordPress/5.7.2; https://ajhydell.com"
185.191.171.43 - - [06/Jul/2021:00:13:08 -0400] "GET /2020/04/02/claude-monet-1840-1926-in-his-office/ HTTP/1.1" 200 18974 "-" "Mozilla/5.0 (compatible; SemrushBot/7~bl; +http://www.semrush.com/bot.html)"
204.48.19.85 - - [06/Jul/2021:00:14:11 -0400] "POST /wp-cron.php?doing_wp_cron=1625544851.0711510181427001953125 HTTP/1.1" 200 6295 "https://ajhydell.com/wp-cron.php?doing_wp_cron=1625544851.0711510181427001953125" "WordPress/5.7.2; https://ajhydell.com"
199.249.230.185 - - [06/Jul/2021:00:14:11 -0400] "GET /WFimageboard.php HTTP/1.1" 404 65436 "-" "Mozilla/5.0 (Windows NT 10.0; rv:68.0) Gecko/20100101 Firefox/68.0"
204.48.19.85 - - [06/Jul/2021:00:15:22 -0400] "POST /wp-cron.php?doing_wp_cron=1625544922.6028630733489990234375 HTTP/1.1" 200 6295 "https://ajhydell.com/wp-cron.php?doing_wp_cron=1625544922.6028630733489990234375" "WordPress/5.7.2; https://ajhydell.com"
54.36.148.117 - - [06/Jul/2021:00:15:22 -0400] "GET /2021/01/21/off-the-wall-vans-skateboard-shoes-1977/ HTTP/1.1" 200 19151 "-" "Mozilla/5.0 (compatible; AhrefsBot/7.0; +http://ahrefs.com/robot/)"
207.46.13.151 - - [06/Jul/2021:00:17:24 -0400] "GET /wp-content/uploads/2019/10/picture-50-695x1024.jpg HTTP/1.1" 200 170309 "-" "Mozilla/5.0 (compatible; bingbot/2.0; +http://www.bing.com/bingbot.htm)"
204.48.19.85 - - [06/Jul/2021:00:19:21 -0400] "POST /wp-cron.php?doing_wp_cron=1625545161.8237519264221191406250 HTTP/1.1" 200 6295 "https://ajhydell.com/wp-cron.php?doing_wp_cron=1625545161.8237519264221191406250" "WordPress/5.7.2; https://ajhydell.com"
5.255.253.148 - - [06/Jul/2021:00:19:21 -0400] "GET /robots.txt HTTP/1.1" 200 6535 "-" "Mozilla/5.0 (compatible; YandexBot/3.0; +http://yandex.com/bots)"
5.255.253.148 - - [06/Jul/2021:00:19:25 -0400] "GET /2019/10/07/pour-it-on-united-states-war-production-board-illustrated-by-garrett-price-1942/ HTTP/1.1" 200 13089 "-" "Mozilla/5.0 (compatible; YandexBot/3.0; +http://yandex.com/bots)"
157.55.39.136 - - [06/Jul/2021:00:19:33 -0400] "GET /wp-content/uploads/2020/08/picture-65.jpg HTTP/1.1" 200 89841 "-" "Mozilla/5.0 (compatible; bingbot/2.0; +http://www.bing.com/bingbot.htm)"
204.48.19.85 - - [06/Jul/2021:00:20:31 -0400] "POST /wp-cron.php?doing_wp_cron=1625545231.2057878971099853515625 HTTP/1.1" 200 6295 "https://ajhydell.com/wp-cron.php?doing_wp_cron=1625545231.2057878971099853515625" "WordPress/5.7.2; https://ajhydell.com"
54.36.148.117 - - [06/Jul/2021:00:20:31 -0400] "GET /2021/06/17/fruit-of-the-loom-1957/ HTTP/1.1" 200 18980 "-" "Mozilla/5.0 (compatible; AhrefsBot/7.0; +http://ahrefs.com/robot/)"
204.48.19.85 - - [06/Jul/2021:00:21:13 -0400] "POST /wp-cron.php?doing_wp_cron=1625545273.1627030372619628906250 HTTP/1.1" 200 6295 "https://ajhydell.com/wp-cron.php?doing_wp_cron=1625545273.1627030372619628906250" "WordPress/5.7.2; https://ajhydell.com"
185.191.171.39 - - [06/Jul/2021:00:21:13 -0400] "GET /2021/03/06/workers-grab-a-gun-russia-ca-1919/ HTTP/1.1" 200 18962 "-" "Mozilla/5.0 (compatible; SemrushBot/7~bl; +http://www.semrush.com/bot.html)"
66.249.70.112 - - [06/Jul/2021:00:21:20 -0400] "GET /feed/ HTTP/1.1" 200 8559 "-" "Mozilla/5.0 (compatible; Googlebot/2.1; +http://www.google.com/bot.html)"
207.46.13.120 - - [06/Jul/2021:00:21:59 -0400] "GET /wp-content/uploads/2019/03/picture-55.jpg HTTP/1.1" 200 108741 "-" "Mozilla/5.0 (compatible; bingbot/2.0; +http://www.bing.com/bingbot.htm)"
204.48.19.85 - - [06/Jul/2021:00:24:40 -0400] "POST /wp-cron.php?doing_wp_cron=1625545480.5640709400177001953125 HTTP/1.1" 200 6295 "https://ajhydell.com/wp-cron.php?doing_wp_cron=1625545480.5640709400177001953125" "WordPress/5.7.2; https://ajhydell.com"
157.55.39.57 - - [06/Jul/2021:00:24:40 -0400] "GET /2018/12/08/survivors-from-the-belgian-steamer-kabalo-sunk-in-the-atlantic-are-taken-aboard-the-italian-submarine-comandante-cappellini-her-sinker-15-october-1940-in-the-comments-some-more-info-about-an-un/ HTTP/1.1" 200 19180 "-" "Mozilla/5.0 (compatible; bingbot/2.0; +http://www.bing.com/bingbot.htm)"
216.244.66.250 - - [06/Jul/2021:00:24:49 -0400] "GET /robots.txt HTTP/1.1" 301 529 "-" "Mozilla/5.0 (compatible; DotBot/1.2; +https://opensiteexplorer.org/dotbot; help@moz.com)"
204.48.19.85 - - [06/Jul/2021:00:24:49 -0400] "POST /wp-cron.php?doing_wp_cron=1625545489.7498300075531005859375 HTTP/1.1" 200 6295 "https://ajhydell.com/wp-cron.php?doing_wp_cron=1625545489.7498300075531005859375" "WordPress/5.7.2; https://ajhydell.com"
216.244.66.250 - - [06/Jul/2021:00:24:49 -0400] "GET /robots.txt HTTP/1.1" 200 5859 "-" "Mozilla/5.0 (compatible; DotBot/1.2; +https://opensiteexplorer.org/dotbot; help@moz.com)"
97.89.147.122 - - [06/Jul/2021:00:24:57 -0400] "GET /wp-content/uploads/2018/09/picture-114.jpg HTTP/1.1" 200 3738502 "https://www.bing.com/" "Mozilla/5.0 (Windows NT 10.0; Win64; x64) AppleWebKit/537.36 (KHTML, like Gecko) Chrome/91.0.4472.124 Safari/537.36 Edg/91.0.864.64"
17.121.114.231 - - [06/Jul/2021:00:25:08 -0400] "GET /2020/08/18/black-child-and-shady-characters-ussr-1956/ HTTP/1.1" 200 18407 "-" "Mozilla/5.0 (Macintosh; Intel Mac OS X 10_15_5) AppleWebKit/605.1.15 (KHTML, like Gecko) Version/13.1.1 Safari/605.1.15 (Applebot/0.1; +http://www.apple.com/go/applebot)"
204.48.19.85 - - [06/Jul/2021:00:26:13 -0400] "POST /wp-cron.php?doing_wp_cron=1625545573.2729959487915039062500 HTTP/1.1" 200 6295 "https://ajhydell.com/wp-cron.php?doing_wp_cron=1625545573.2729959487915039062500" "WordPress/5.7.2; https://ajhydell.com"
185.50.197.159 - - [06/Jul/2021:00:26:13 -0400] "GET /wp-login.php HTTP/1.1" 200 8602 "-" "Mozilla/5.0 (X11; Ubuntu; Linux x86_64; rv:62.0) Gecko/20100101 Firefox/62.0"
185.50.197.159 - - [06/Jul/2021:00:26:13 -0400] "POST /wp-login.php HTTP/1.1" 200 8696 "-" "Mozilla/5.0 (X11; Ubuntu; Linux x86_64; rv:62.0) Gecko/20100101 Firefox/62.0"
185.50.197.159 - - [06/Jul/2021:00:26:14 -0400] "POST /xmlrpc.php HTTP/1.1" 503 24026 "-" "Mozilla/5.0 (X11; Ubuntu; Linux x86_64; rv:62.0) Gecko/20100101 Firefox/62.0"
207.46.13.22 - - [06/Jul/2021:00:26:31 -0400] "GET /wp-content/uploads/2020/02/picture-60.jpg HTTP/1.1" 200 157241 "-" "Mozilla/5.0 (compatible; bingbot/2.0; +http://www.bing.com/bingbot.htm)"
204.48.19.85 - - [06/Jul/2021:00:27:24 -0400] "POST /wp-cron.php?doing_wp_cron=1625545644.0850670337677001953125 HTTP/1.1" 200 6295 "https://ajhydell.com/wp-cron.php?doing_wp_cron=1625545644.0850670337677001953125" "WordPress/5.7.2; https://ajhydell.com"
185.191.171.34 - - [06/Jul/2021:00:27:24 -0400] "GET /2021/04/04/private-michael-swinkin-b-company-1st-battalion-16th-infantry-regiment-1st-infantry-division-loaded-up-for-the-crossing-of-the-roer-river-near-kreuzau-germany-25th-february-1945/ HTTP/1.1" 200 19517 "-" "Mozilla/5.0 (compatible; SemrushBot/7~bl; +http://www.semrush.com/bot.html)"
204.48.19.85 - - [06/Jul/2021:00:28:02 -0400] "POST /wp-cron.php?doing_wp_cron=1625545682.2383921146392822265625 HTTP/1.1" 200 6295 "https://ajhydell.com/wp-cron.php?doing_wp_cron=1625545682.2383921146392822265625" "WordPress/5.7.2; https://ajhydell.com"
207.46.13.80 - - [06/Jul/2021:00:28:02 -0400] "GET /2021/03/20/meet-the-night-witches-fearless-soviet-female-pilots-who-bombed-nazis-by-night-1941/ HTTP/1.1" 200 18742 "-" "Mozilla/5.0 (compatible; bingbot/2.0; +http://www.bing.com/bingbot.htm)"
157.55.39.22 - - [06/Jul/2021:00:28:37 -0400] "GET /2019/06/02/german-ringstadt-machine-gun-point/ HTTP/1.1" 200 18611 "-" "Mozilla/5.0 (compatible; bingbot/2.0; +http://www.bing.com/bingbot.htm)"
106.38.241.127 - - [06/Jul/2021:00:29:11 -0400] "-" 408 5562 "-" "-"
204.48.19.85 - - [06/Jul/2021:00:32:00 -0400] "POST /wp-cron.php?doing_wp_cron=1625545920.9539940357208251953125 HTTP/1.1" 200 6295 "https://ajhydell.com/wp-cron.php?doing_wp_cron=1625545920.9539940357208251953125" "WordPress/5.7.2; https://ajhydell.com"
157.55.39.134 - - [06/Jul/2021:00:32:00 -0400] "GET /2021/04/02/100-years-ago-today-april-1-1921-boys-get-big-dick-big-dick-was-a-machine-gun-that-shot-harmless-wooden-pellets-and-no-this-is-not-an-april-fools-day-joke/ HTTP/1.1" 200 19062 "-" "Mozilla/5.0 (compatible; bingbot/2.0; +http://www.bing.com/bingbot.htm)"
66.249.70.110 - - [06/Jul/2021:00:32:41 -0400] "GET /wp-content/uploads/2019/08/picture-91.jpg HTTP/1.1" 200 251844 "-" "Googlebot-Image/1.0"
204.48.19.85 - - [06/Jul/2021:00:33:37 -0400] "POST /wp-cron.php?doing_wp_cron=1625546017.5471110343933105468750 HTTP/1.1" 200 6295 "https://ajhydell.com/wp-cron.php?doing_wp_cron=1625546017.5471110343933105468750" "WordPress/5.7.2; https://ajhydell.com"
17.121.114.208 - - [06/Jul/2021:00:33:37 -0400] "GET /2019/06/10/the-black-conscription-confederate-states-of-america-1863/ HTTP/1.1" 200 18368 "-" "Mozilla/5.0 (Macintosh; Intel Mac OS X 10_15_5) AppleWebKit/605.1.15 (KHTML, like Gecko) Version/13.1.1 Safari/605.1.15 (Applebot/0.1; +http://www.apple.com/go/applebot)"
204.48.19.85 - - [06/Jul/2021:00:33:48 -0400] "POST /wp-cron.php?doing_wp_cron=1625546028.3496000766754150390625 HTTP/1.1" 200 6295 "https://ajhydell.com/wp-cron.php?doing_wp_cron=1625546028.3496000766754150390625" "WordPress/5.7.2; https://ajhydell.com"
66.249.70.114 - - [06/Jul/2021:00:33:48 -0400] "GET /2019/01/05/ottoman-ww1-propaganda/ HTTP/1.1" 200 18887 "-" "Mozilla/5.0 (compatible; Googlebot/2.1; +http://www.google.com/bot.html)"
204.48.19.85 - - [06/Jul/2021:00:35:14 -0400] "POST /wp-cron.php?doing_wp_cron=1625546114.7352418899536132812500 HTTP/1.1" 200 6295 "https://ajhydell.com/wp-cron.php?doing_wp_cron=1625546114.7352418899536132812500" "WordPress/5.7.2; https://ajhydell.com"
62.210.10.77 - - [06/Jul/2021:00:35:14 -0400] "GET / HTTP/1.1" 200 104758 "-" "Mozilla/5.0 (X11; Ubuntu; Linux x86_64; rv:58.0) Gecko/20100101 Firefox/58.0"
204.48.19.85 - - [06/Jul/2021:00:35:50 -0400] "POST /wp-cron.php?doing_wp_cron=1625546150.0001280307769775390625 HTTP/1.1" 200 6295 "https://ajhydell.com/wp-cron.php?doing_wp_cron=1625546150.0001280307769775390625" "WordPress/5.7.2; https://ajhydell.com"
66.249.70.110 - - [06/Jul/2021:00:35:49 -0400] "GET /2018/08/20/wehrmacht-soldier-with-a-mg-42-on-the-eastern-front-1943/ HTTP/1.1" 200 19201 "-" "Mozilla/5.0 (compatible; Googlebot/2.1; +http://www.google.com/bot.html)"
80.187.125.46 - - [06/Jul/2021:00:36:29 -0400] "GET /wp-content/uploads/2021/02/picture-134.jpg HTTP/1.1" 200 5597372 "-" "picTrove%202/239 CFNetwork/1240.0.4 Darwin/20.5.0"
66.249.70.110 - - [06/Jul/2021:00:36:31 -0400] "GET /?wordfence_lh=1&hid=7C6C780E3093FCF46577BE610117E8AD HTTP/1.1" 200 6341 "-" "Mozilla/5.0 (compatible; Googlebot/2.1; +http://www.google.com/bot.html)"
204.48.19.85 - - [06/Jul/2021:00:37:34 -0400] "POST /wp-cron.php?doing_wp_cron=1625546254.9784469604492187500000 HTTP/1.1" 200 6295 "https://ajhydell.com/wp-cron.php?doing_wp_cron=1625546254.9784469604492187500000" "WordPress/5.7.2; https://ajhydell.com"
216.244.66.250 - - [06/Jul/2021:00:37:34 -0400] "GET /2019/05/03/my-father-william-arture-age-five-sister-january-1933/ HTTP/1.1" 200 67955 "-" "Mozilla/5.0 (compatible; DotBot/1.2; +https://opensiteexplorer.org/dotbot; help@moz.com)"
204.48.19.85 - - [06/Jul/2021:00:38:38 -0400] "POST /wp-cron.php?doing_wp_cron=1625546318.4394659996032714843750 HTTP/1.1" 200 6295 "https://ajhydell.com/wp-cron.php?doing_wp_cron=1625546318.4394659996032714843750" "WordPress/5.7.2; https://ajhydell.com"
207.46.13.151 - - [06/Jul/2021:00:38:38 -0400] "GET /2018/12/22/bits-of-careless-talk-1943/ HTTP/1.1" 200 18697 "-" "Mozilla/5.0 (compatible; bingbot/2.0; +http://www.bing.com/bingbot.htm)"
204.48.19.85 - - [06/Jul/2021:00:40:45 -0400] "POST /wp-cron.php?doing_wp_cron=1625546445.9313719272613525390625 HTTP/1.1" 200 6295 "https://ajhydell.com/wp-cron.php?doing_wp_cron=1625546445.9313719272613525390625" "WordPress/5.7.2; https://ajhydell.com"
157.55.39.136 - - [06/Jul/2021:00:40:45 -0400] "GET /2020/05/03/soviet-poet-yevgeniy-dolmatovsky-holding-hitlers-head-in-berlin-may-1945/ HTTP/1.1" 200 18794 "-" "Mozilla/5.0 (compatible; bingbot/2.0; +http://www.bing.com/bingbot.htm)"
157.55.39.22 - - [06/Jul/2021:00:41:46 -0400] "GET /wp-content/uploads/2020/10/picture-42.jpg HTTP/1.1" 200 133845 "-" "Mozilla/5.0 (compatible; bingbot/2.0; +http://www.bing.com/bingbot.htm)"
204.48.19.85 - - [06/Jul/2021:00:45:15 -0400] "POST /wp-cron.php?doing_wp_cron=1625546715.3037979602813720703125 HTTP/1.1" 200 6295 "https://ajhydell.com/wp-cron.php?doing_wp_cron=1625546715.3037979602813720703125" "WordPress/5.7.2; https://ajhydell.com"
185.191.171.20 - - [06/Jul/2021:00:45:15 -0400] "GET /2019/04/26/ HTTP/1.1" 200 18271 "-" "Mozilla/5.0 (compatible; SemrushBot/7~bl; +http://www.semrush.com/bot.html)"
40.77.167.20 - - [06/Jul/2021:00:45:58 -0400] "GET /wp-content/uploads/2019/05/picture-34.jpg HTTP/1.1" 200 97822 "-" "Mozilla/5.0 (compatible; bingbot/2.0; +http://www.bing.com/bingbot.htm)"
204.48.19.85 - - [06/Jul/2021:00:46:33 -0400] "POST /wp-cron.php?doing_wp_cron=1625546793.7421569824218750000000 HTTP/1.1" 200 6295 "https://ajhydell.com/wp-cron.php?doing_wp_cron=1625546793.7421569824218750000000" "WordPress/5.7.2; https://ajhydell.com"
66.23.238.83 - - [06/Jul/2021:00:46:33 -0400] "GET /wp-login.php HTTP/1.1" 200 8605 "-" "Mozilla/5.0 (X11; Ubuntu; Linux x86_64; rv:62.0) Gecko/20100101 Firefox/62.0"
66.23.238.83 - - [06/Jul/2021:00:46:33 -0400] "POST /wp-login.php HTTP/1.1" 200 8695 "-" "Mozilla/5.0 (X11; Ubuntu; Linux x86_64; rv:62.0) Gecko/20100101 Firefox/62.0"
66.23.238.83 - - [06/Jul/2021:00:46:34 -0400] "POST /xmlrpc.php HTTP/1.1" 200 5852 "-" "Mozilla/5.0 (X11; Ubuntu; Linux x86_64; rv:62.0) Gecko/20100101 Firefox/62.0"
185.191.171.36 - - [06/Jul/2021:00:46:42 -0400] "GET /2021/04/13/american-marines-blowing-up-a-japanese-pillbox-or-cave-during-the-battle-of-saipan/ HTTP/1.1" 200 19149 "-" "Mozilla/5.0 (compatible; SemrushBot/7~bl; +http://www.semrush.com/bot.html)"
54.36.148.117 - - [06/Jul/2021:00:46:43 -0400] "GET /2021/02/22/lcvps-and-lvts-carry-marines-to-iwo-jima-on-the-day-of-the-invasion-mount-suribachi-is-visible-in-the-distance-colour-by-facundo-fgf-colourised-u-s-m-c-photo/ HTTP/1.1" 200 19471 "-" "Mozilla/5.0 (compatible; AhrefsBot/7.0; +http://ahrefs.com/robot/)"
204.48.19.85 - - [06/Jul/2021:00:48:00 -0400] "POST /wp-cron.php?doing_wp_cron=1625546880.0944499969482421875000 HTTP/1.1" 200 6295 "https://ajhydell.com/wp-cron.php?doing_wp_cron=1625546880.0944499969482421875000" "WordPress/5.7.2; https://ajhydell.com"
207.46.13.80 - - [06/Jul/2021:00:48:00 -0400] "GET /2020/03/14/ HTTP/1.1" 200 18172 "-" "Mozilla/5.0 (compatible; bingbot/2.0; +http://www.bing.com/bingbot.htm)"
207.46.13.120 - - [06/Jul/2021:00:49:45 -0400] "GET /wp-content/uploads/2020/08/picture-21.jpg HTTP/1.1" 200 479278 "-" "Mozilla/5.0 (compatible; bingbot/2.0; +http://www.bing.com/bingbot.htm)"
204.48.19.85 - - [06/Jul/2021:00:50:47 -0400] "POST /wp-cron.php?doing_wp_cron=1625547047.3381199836730957031250 HTTP/1.1" 200 6295 "https://ajhydell.com/wp-cron.php?doing_wp_cron=1625547047.3381199836730957031250" "WordPress/5.7.2; https://ajhydell.com"
157.55.39.136 - - [06/Jul/2021:00:50:47 -0400] "GET /2018/11/04/hospitality-can-be-so-easy-coco-cola-ad-womens-day-1952/ HTTP/1.1" 200 18850 "-" "Mozilla/5.0 (compatible; bingbot/2.0; +http://www.bing.com/bingbot.htm)"
204.48.19.85 - - [06/Jul/2021:00:52:17 -0400] "POST /wp-cron.php?doing_wp_cron=1625547137.4073379039764404296875 HTTP/1.1" 200 6295 "https://ajhydell.com/wp-cron.php?doing_wp_cron=1625547137.4073379039764404296875" "WordPress/5.7.2; https://ajhydell.com"
45.185.55.206 - - [06/Jul/2021:00:52:17 -0400] "GET /2020/02/12/president-george-h-w-bush-makes-a-hospital-visit-to-injured-los-angeles-fire-captain-scott-miller-who-was-shot-in-the-face-by-a-sniper-while-responding-to-one-of-many-fires-set-during-the-first-nig HTTP/1.1" 301 5997 "-" "User-Agent\" \"Mozilla/5.0 (Windows NT 6.1;) Gecko/20100101 Firefox/13.0.1, Mozilla/5.0 (X11; Ubuntu; Linux x86_64; rv:70.0) Gecko/20100101 Firefox/70.0"
208.93.219.231 - - [06/Jul/2021:00:52:18 -0400] "GET /2020/02/12/president-george-h-w-bush-makes-a-hospital-visit-to-injured-los-angeles-fire-captain-scott-miller-who-was-shot-in-the-face-by-a-sniper-while-responding-to-one-of-many-fires-set-during-the-first-nig/ HTTP/1.1" 200 13817 "-" "User-Agent\" \"Mozilla/5.0 (Windows NT 6.1;) Gecko/20100101 Firefox/13.0.1, Mozilla/5.0 (X11; Ubuntu; Linux x86_64; rv:70.0) Gecko/20100101 Firefox/70.0"
208.93.217.245 - - [06/Jul/2021:00:52:36 -0400] "GET /2020/02/17/face-of-the-american-democracy-soviet-belorussian-poster-1968 HTTP/1.1" 301 631 "-" "User-Agent\" \"Mozilla/5.0 (Windows NT 6.1;) Gecko/20100101 Firefox/13.0.1, Mozilla/5.0 (Windows NT 6.1; Win64; x64) AppleWebKit/537.36 (KHTML, like Gecko) Chrome/78.0.3904.70 Safari/537.36"
172.241.88.73 - - [06/Jul/2021:00:52:37 -0400] "GET /2020/02/17/face-of-the-american-democracy-soviet-belorussian-poster-1968/ HTTP/1.1" 200 13301 "-" "User-Agent\" \"Mozilla/5.0 (Windows NT 6.1;) Gecko/20100101 Firefox/13.0.1, Mozilla/5.0 (Windows NT 6.1; Win64; x64) AppleWebKit/537.36 (KHTML, like Gecko) Chrome/78.0.3904.70 Safari/537.36"
204.48.19.85 - - [06/Jul/2021:00:52:45 -0400] "POST /wp-cron.php?doing_wp_cron=1625547165.6286649703979492187500 HTTP/1.1" 200 6295 "https://ajhydell.com/wp-cron.php?doing_wp_cron=1625547165.6286649703979492187500" "WordPress/5.7.2; https://ajhydell.com"
54.36.148.117 - - [06/Jul/2021:00:52:45 -0400] "GET /2021/02/22/palestine-for-the-arabs-1985/ HTTP/1.1" 200 18960 "-" "Mozilla/5.0 (compatible; AhrefsBot/7.0; +http://ahrefs.com/robot/)"
204.48.19.85 - - [06/Jul/2021:00:54:41 -0400] "POST /wp-cron.php?doing_wp_cron=1625547281.1882319450378417968750 HTTP/1.1" 200 6295 "https://ajhydell.com/wp-cron.php?doing_wp_cron=1625547281.1882319450378417968750" "WordPress/5.7.2; https://ajhydell.com"
157.55.39.102 - - [06/Jul/2021:00:54:41 -0400] "GET /2021/06/21/orange-crush-in-krinkly-bottles-1930s HTTP/1.1" 301 6030 "-" "Mozilla/5.0 (compatible; bingbot/2.0; +http://www.bing.com/bingbot.htm)"
157.55.39.102 - - [06/Jul/2021:00:54:42 -0400] "GET /2021/06/21/orange-crush-in-krinkly-bottles-1930s/ HTTP/1.1" 200 18734 "-" "Mozilla/5.0 (compatible; bingbot/2.0; +http://www.bing.com/bingbot.htm)"
185.191.171.45 - - [06/Jul/2021:00:54:48 -0400] "GET /2021/07/02/katherine-douglas-smith-addressing-a-crowd-of-men-at-portsmouth-circa-1910/ HTTP/1.1" 301 700 "-" "Mozilla/5.0 (compatible; SemrushBot/7~bl; +http://www.semrush.com/bot.html)"
204.48.19.85 - - [06/Jul/2021:00:54:49 -0400] "POST /wp-cron.php?doing_wp_cron=1625547289.6721749305725097656250 HTTP/1.1" 200 6295 "https://ajhydell.com/wp-cron.php?doing_wp_cron=1625547289.6721749305725097656250" "WordPress/5.7.2; https://ajhydell.com"
185.191.171.44 - - [06/Jul/2021:00:54:49 -0400] "GET /2021/07/02/katherine-douglas-smith-addressing-a-crowd-of-men-at-portsmouth-circa-1910/ HTTP/1.1" 200 19199 "-" "Mozilla/5.0 (compatible; SemrushBot/7~bl; +http://www.semrush.com/bot.html)"
204.48.19.85 - - [06/Jul/2021:00:56:14 -0400] "POST /wp-cron.php?doing_wp_cron=1625547374.0582489967346191406250 HTTP/1.1" 200 6295 "https://ajhydell.com/wp-cron.php?doing_wp_cron=1625547374.0582489967346191406250" "WordPress/5.7.2; https://ajhydell.com"
207.46.13.96 - - [06/Jul/2021:00:56:14 -0400] "GET /2021/04/08/irish-suffragette-poster-1910s/ HTTP/1.1" 200 18737 "-" "Mozilla/5.0 (compatible; bingbot/2.0; +http://www.bing.com/bingbot.htm)"
204.48.19.85 - - [06/Jul/2021:00:56:59 -0400] "POST /wp-cron.php?doing_wp_cron=1625547419.8180739879608154296875 HTTP/1.1" 200 6295 "https://ajhydell.com/wp-cron.php?doing_wp_cron=1625547419.8180739879608154296875" "WordPress/5.7.2; https://ajhydell.com"
109.177.83.43 - - [06/Jul/2021:00:56:59 -0400] "GET /2021/07/05/consolidated-c-87-liberator-express-the-b-24-transport-variant-at-natal-brazil-1943-the-us-set-a-base-there-playing-an-important-role-during-ww2-for-anti-sub-patrols-and-as-a-strategic-base-for-a/ HTTP/1.1" 200 19218 "-" "Mozilla/4.0 (compatible; MSIE 7.0; Windows NT 6.2; WOW64; Trident/7.0; .NET4.0E; .NET4.0C)"
157.55.39.57 - - [06/Jul/2021:00:57:41 -0400] "GET /wp-content/uploads/2019/02/picture-24-1024x754.jpg HTTP/1.1" 200 105018 "-" "Mozilla/5.0 (compatible; bingbot/2.0; +http://www.bing.com/bingbot.htm)"
204.48.19.85 - - [06/Jul/2021:00:58:32 -0400] "POST /wp-cron.php?doing_wp_cron=1625547512.3782839775085449218750 HTTP/1.1" 200 6295 "https://ajhydell.com/wp-cron.php?doing_wp_cron=1625547512.3782839775085449218750" "WordPress/5.7.2; https://ajhydell.com"
207.46.13.80 - - [06/Jul/2021:00:58:32 -0400] "GET /2021/03/08/a-pamphlet-extolling-the-benefit-of-selective-sterilization-published-by-the-human-betterment-league-of-north-carolina-1950/ HTTP/1.1" 200 18736 "-" "Mozilla/5.0 (compatible; bingbot/2.0; +http://www.bing.com/bingbot.htm)"
54.36.148.117 - - [06/Jul/2021:00:58:43 -0400] "GET /2021/02/23/the-italian-destroyer-ascari-with-her-bow-blown-off-by-a-mine-around-1250-on-24-march-1943-she-will-sink-half-an-hour-later-after-hitting-a-further-two/ HTTP/1.1" 200 19547 "-" "Mozilla/5.0 (compatible; AhrefsBot/7.0; +http://ahrefs.com/robot/)"
204.48.19.85 - - [06/Jul/2021:01:00:44 -0400] "POST /wp-cron.php?doing_wp_cron=1625547644.8475079536437988281250 HTTP/1.1" 200 6295 "https://ajhydell.com/wp-cron.php?doing_wp_cron=1625547644.8475079536437988281250" "WordPress/5.7.2; https://ajhydell.com"
157.55.39.57 - - [06/Jul/2021:01:00:44 -0400] "GET /2019/09/29/the-golden-arrow-on-a-salt-flat-1929/ HTTP/1.1" 200 18551 "-" "Mozilla/5.0 (compatible; bingbot/2.0; +http://www.bing.com/bingbot.htm)"
204.48.19.85 - - [06/Jul/2021:01:03:03 -0400] "POST /wp-cron.php?doing_wp_cron=1625547782.9332098960876464843750 HTTP/1.1" 200 6295 "https://ajhydell.com/wp-cron.php?doing_wp_cron=1625547782.9332098960876464843750" "WordPress/5.7.2; https://ajhydell.com"
77.75.78.161 - - [06/Jul/2021:01:03:02 -0400] "GET /robots.txt HTTP/1.1" 200 6517 "-" "Mozilla/5.0 (compatible; SeznamBot/3.2; +http://napoveda.seznam.cz/en/seznambot-intro/)"
77.75.78.161 - - [06/Jul/2021:01:03:04 -0400] "GET /wp-content/uploads/2019/12/picture-40.jpg HTTP/1.1" 304 6272 "-" "Mozilla/5.0 (compatible; SeznamBot/3.2; +http://napoveda.seznam.cz/en/seznambot-intro/)"
207.46.13.120 - - [06/Jul/2021:01:03:31 -0400] "GET /2021/05/11/ HTTP/1.1" 200 18723 "-" "Mozilla/5.0 (compatible; bingbot/2.0; +http://www.bing.com/bingbot.htm)"
204.48.19.85 - - [06/Jul/2021:01:05:30 -0400] "POST /wp-cron.php?doing_wp_cron=1625547930.8988630771636962890625 HTTP/1.1" 200 6295 "https://ajhydell.com/wp-cron.php?doing_wp_cron=1625547930.8988630771636962890625" "WordPress/5.7.2; https://ajhydell.com"
54.36.148.117 - - [06/Jul/2021:01:05:30 -0400] "GET /2020/04/15/vietnam-2-comic-criticizing-american-action-in-nicaragua-1982-or-1983/ HTTP/1.1" 200 19136 "-" "Mozilla/5.0 (compatible; AhrefsBot/7.0; +http://ahrefs.com/robot/)"
52.146.59.156 - - [06/Jul/2021:01:07:05 -0400] "GET /wp-content/uploads/2020/08/picture-64.jpg HTTP/1.1" 200 85929 "-" "DuckDuckBot/1.1; (+http://duckduckgo.com/duckduckbot.html)"
204.48.19.85 - - [06/Jul/2021:01:07:31 -0400] "POST /wp-cron.php?doing_wp_cron=1625548051.2780940532684326171875 HTTP/1.1" 200 6295 "https://ajhydell.com/wp-cron.php?doing_wp_cron=1625548051.2780940532684326171875" "WordPress/5.7.2; https://ajhydell.com"
106.38.241.125 - - [06/Jul/2021:01:07:31 -0400] "GET / HTTP/1.1" 200 20328 "-" "Sogou web spider/4.0(+http://www.sogou.com/docs/help/webmasters.htm#07)"
204.48.19.85 - - [06/Jul/2021:01:08:07 -0400] "POST /wp-cron.php?doing_wp_cron=1625548087.7176771163940429687500 HTTP/1.1" 200 6295 "https://ajhydell.com/wp-cron.php?doing_wp_cron=1625548087.7176771163940429687500" "WordPress/5.7.2; https://ajhydell.com"
157.55.39.136 - - [06/Jul/2021:01:08:07 -0400] "GET /2019/08/27/ HTTP/1.1" 200 18103 "-" "Mozilla/5.0 (compatible; bingbot/2.0; +http://www.bing.com/bingbot.htm)"
159.203.37.43 - - [06/Jul/2021:01:08:13 -0400] "GET /wp-login.php HTTP/1.1" 200 8605 "-" "Mozilla/5.0 (X11; Ubuntu; Linux x86_64; rv:62.0) Gecko/20100101 Firefox/62.0"
159.203.37.43 - - [06/Jul/2021:01:08:13 -0400] "POST /wp-login.php HTTP/1.1" 200 8695 "-" "Mozilla/5.0 (X11; Ubuntu; Linux x86_64; rv:62.0) Gecko/20100101 Firefox/62.0"
159.203.37.43 - - [06/Jul/2021:01:08:14 -0400] "POST /xmlrpc.php HTTP/1.1" 200 5852 "-" "Mozilla/5.0 (X11; Ubuntu; Linux x86_64; rv:62.0) Gecko/20100101 Firefox/62.0"
204.48.19.85 - - [06/Jul/2021:01:11:33 -0400] "POST /wp-cron.php?doing_wp_cron=1625548293.1847579479217529296875 HTTP/1.1" 200 6295 "https://ajhydell.com/wp-cron.php?doing_wp_cron=1625548293.1847579479217529296875" "WordPress/5.7.2; https://ajhydell.com"
54.36.148.117 - - [06/Jul/2021:01:11:33 -0400] "GET /2019/06/11/ HTTP/1.1" 200 18571 "-" "Mozilla/5.0 (compatible; AhrefsBot/7.0; +http://ahrefs.com/robot/)"
204.48.19.85 - - [06/Jul/2021:01:13:10 -0400] "POST /wp-cron.php?doing_wp_cron=1625548390.3151140213012695312500 HTTP/1.1" 200 6295 "https://ajhydell.com/wp-cron.php?doing_wp_cron=1625548390.3151140213012695312500" "WordPress/5.7.2; https://ajhydell.com"
66.249.70.114 - - [06/Jul/2021:01:13:10 -0400] "GET /robots.txt HTTP/1.1" 200 6517 "-" "Mozilla/5.0 (compatible; Googlebot/2.1; +http://www.google.com/bot.html)"
66.249.70.112 - - [06/Jul/2021:01:13:10 -0400] "GET /wp-content/uploads/2019/04/picture-29.jpg HTTP/1.1" 200 218811 "-" "Googlebot-Image/1.0"
204.48.19.85 - - [06/Jul/2021:01:14:07 -0400] "POST /wp-cron.php?doing_wp_cron=1625548447.4321799278259277343750 HTTP/1.1" 200 6295 "https://ajhydell.com/wp-cron.php?doing_wp_cron=1625548447.4321799278259277343750" "WordPress/5.7.2; https://ajhydell.com"
157.55.39.57 - - [06/Jul/2021:01:14:07 -0400] "GET /2020/10/28/1960-vintage-greyhound-travel-poster-by-artist-rod-ruth/ HTTP/1.1" 200 18728 "-" "Mozilla/5.0 (compatible; bingbot/2.0; +http://www.bing.com/bingbot.htm)"
185.191.171.10 - - [06/Jul/2021:01:14:11 -0400] "GET /robots.txt HTTP/1.1" 200 6480 "-" "Mozilla/5.0 (compatible; SemrushBot/7~bl; +http://www.semrush.com/bot.html)"
185.191.171.10 - - [06/Jul/2021:01:14:12 -0400] "GET /2021/07/02/election-pamphlet-from-us-1867/ HTTP/1.1" 200 18877 "-" "Mozilla/5.0 (compatible; SemrushBot/7~bl; +http://www.semrush.com/bot.html)"
216.244.66.250 - - [06/Jul/2021:01:15:24 -0400] "GET /robots.txt HTTP/1.1" 301 529 "-" "Mozilla/5.0 (compatible; DotBot/1.2; +https://opensiteexplorer.org/dotbot; help@moz.com)"
204.48.19.85 - - [06/Jul/2021:01:15:24 -0400] "POST /wp-cron.php?doing_wp_cron=1625548524.6270380020141601562500 HTTP/1.1" 200 6295 "https://ajhydell.com/wp-cron.php?doing_wp_cron=1625548524.6270380020141601562500" "WordPress/5.7.2; https://ajhydell.com"
216.244.66.250 - - [06/Jul/2021:01:15:24 -0400] "GET /robots.txt HTTP/1.1" 200 5859 "-" "Mozilla/5.0 (compatible; DotBot/1.2; +https://opensiteexplorer.org/dotbot; help@moz.com)"
91.219.191.58 - - [06/Jul/2021:01:16:14 -0400] "GET /wp-content/uploads/2020/11/picture-84.jpg HTTP/1.1" 200 514847 "https://yandex.ru/" "Mozilla/5.0 (Windows NT 10.0; Win64; x64; rv:89.0) Gecko/20100101 Firefox/89.0"
204.48.19.85 - - [06/Jul/2021:01:17:32 -0400] "POST /wp-cron.php?doing_wp_cron=1625548652.7331519126892089843750 HTTP/1.1" 200 6295 "https://ajhydell.com/wp-cron.php?doing_wp_cron=1625548652.7331519126892089843750" "WordPress/5.7.2; https://ajhydell.com"
54.36.148.117 - - [06/Jul/2021:01:17:32 -0400] "GET /2020/08/17/woody-guthrie-with-his-this-machine-kills-fascists-guitar-1943-968x767/ HTTP/1.1" 200 19156 "-" "Mozilla/5.0 (compatible; AhrefsBot/7.0; +http://ahrefs.com/robot/)"
157.55.39.136 - - [06/Jul/2021:01:17:41 -0400] "GET /2021/01/02/stewards-and-nurses-brooklyn-navy-yard-hospital-around-the-year-1890/ HTTP/1.1" 200 18781 "-" "Mozilla/5.0 (compatible; bingbot/2.0; +http://www.bing.com/bingbot.htm)"
204.48.19.85 - - [06/Jul/2021:01:18:31 -0400] "POST /wp-cron.php?doing_wp_cron=1625548711.2107698917388916015625 HTTP/1.1" 200 6295 "https://ajhydell.com/wp-cron.php?doing_wp_cron=1625548711.2107698917388916015625" "WordPress/5.7.2; https://ajhydell.com"
157.55.39.136 - - [06/Jul/2021:01:18:31 -0400] "GET /2019/10/01/he-used-to-duck-me-now-he-dates-me-nadinola-bleaching-cream-ebony-magazine-may-1963/ HTTP/1.1" 200 18782 "-" "Mozilla/5.0 (compatible; bingbot/2.0; +http://www.bing.com/bingbot.htm)"
204.48.19.85 - - [06/Jul/2021:01:21:13 -0400] "POST /wp-cron.php?doing_wp_cron=1625548873.9289860725402832031250 HTTP/1.1" 200 6295 "https://ajhydell.com/wp-cron.php?doing_wp_cron=1625548873.9289860725402832031250" "WordPress/5.7.2; https://ajhydell.com"
17.121.113.148 - - [06/Jul/2021:01:21:13 -0400] "GET /2020/07/29/the-price-tom-lea-1944/ HTTP/1.1" 200 18320 "-" "Mozilla/5.0 (Macintosh; Intel Mac OS X 10_15_5) AppleWebKit/605.1.15 (KHTML, like Gecko) Version/13.1.1 Safari/605.1.15 (Applebot/0.1; +http://www.apple.com/go/applebot)"
204.48.19.85 - - [06/Jul/2021:01:21:52 -0400] "POST /wp-cron.php?doing_wp_cron=1625548912.1262691020965576171875 HTTP/1.1" 200 6295 "https://ajhydell.com/wp-cron.php?doing_wp_cron=1625548912.1262691020965576171875" "WordPress/5.7.2; https://ajhydell.com"
207.46.13.22 - - [06/Jul/2021:01:21:52 -0400] "GET /2021/02/06/lieutenant-james-bartley-of-the-352nd-fighter-squadron-353rd-fighter-group-prepared-to-take-a-photograph-near-a-p-47b-england-1943-1944-lieutenant-bartley-would-survive-the-war-and-continue-his-ca/ HTTP/1.1" 200 19000 "-" "Mozilla/5.0 (compatible; bingbot/2.0; +http://www.bing.com/bingbot.htm)"
17.121.115.212 - - [06/Jul/2021:01:22:03 -0400] "GET /2020/03/14/mother-and-child-africa-circa-1936/ HTTP/1.1" 200 18355 "-" "Mozilla/5.0 (Macintosh; Intel Mac OS X 10_15_5) AppleWebKit/605.1.15 (KHTML, like Gecko) Version/13.1.1 Safari/605.1.15 (Applebot/0.1; +http://www.apple.com/go/applebot)"
204.48.19.85 - - [06/Jul/2021:01:23:30 -0400] "POST /wp-cron.php?doing_wp_cron=1625549010.5506899356842041015625 HTTP/1.1" 200 6295 "https://ajhydell.com/wp-cron.php?doing_wp_cron=1625549010.5506899356842041015625" "WordPress/5.7.2; https://ajhydell.com"
54.36.148.117 - - [06/Jul/2021:01:23:30 -0400] "GET /2020/06/04/ HTTP/1.1" 200 18606 "-" "Mozilla/5.0 (compatible; AhrefsBot/7.0; +http://ahrefs.com/robot/)"
113.210.108.18 - - [06/Jul/2021:01:24:12 -0400] "GET /xmlrpc.php HTTP/1.1" 301 585 "-" "Mozilla/5.0 (X11; Linux i686; rv:2.0.1) Gecko/20100101 Firefox/4.0.1"
204.48.19.85 - - [06/Jul/2021:01:24:16 -0400] "POST /wp-cron.php?doing_wp_cron=1625549056.3410089015960693359375 HTTP/1.1" 200 6295 "https://ajhydell.com/wp-cron.php?doing_wp_cron=1625549056.3410089015960693359375" "WordPress/5.7.2; https://ajhydell.com"
113.210.108.18 - - [06/Jul/2021:01:24:16 -0400] "GET /xmlrpc.php HTTP/1.1" 405 5837 "-" "Mozilla/5.0 (X11; Linux i686; rv:2.0.1) Gecko/20100101 Firefox/4.0.1"
113.210.108.18 - - [06/Jul/2021:01:24:16 -0400] "GET /wp-login.php HTTP/1.1" 301 588 "-" "Mozilla/5.0 (X11; Linux i686; rv:2.0.1) Gecko/20100101 Firefox/4.0.1"
113.210.108.18 - - [06/Jul/2021:01:24:17 -0400] "GET /wp-login.php HTTP/1.1" 200 9915 "-" "Mozilla/5.0 (X11; Linux i686; rv:2.0.1) Gecko/20100101 Firefox/4.0.1"
113.210.108.18 - - [06/Jul/2021:01:24:18 -0400] "GET /?author=1 HTTP/1.1" 301 582 "-" "Mozilla/5.0 (X11; Linux i686; rv:2.0.1) Gecko/20100101 Firefox/4.0.1"
113.210.108.18 - - [06/Jul/2021:01:24:18 -0400] "GET /?author=1 HTTP/1.1" 404 56450 "-" "Mozilla/5.0 (X11; Linux i686; rv:2.0.1) Gecko/20100101 Firefox/4.0.1"
113.210.108.18 - - [06/Jul/2021:01:24:20 -0400] "POST /xmlrpc.php HTTP/1.1" 301 585 "-" "Mozilla/5.0 (X11; Linux i686; rv:2.0.1) Gecko/20100101 Firefox/4.0.1"
113.210.108.18 - - [06/Jul/2021:01:24:21 -0400] "GET /xmlrpc.php HTTP/1.1" 405 5837 "-" "Mozilla/5.0 (X11; Linux i686; rv:2.0.1) Gecko/20100101 Firefox/4.0.1"
66.249.70.112 - - [06/Jul/2021:01:24:29 -0400] "GET /feed/ HTTP/1.1" 200 8559 "-" "Mozilla/5.0 (compatible; Googlebot/2.1; +http://www.google.com/bot.html)"
157.55.39.134 - - [06/Jul/2021:01:24:43 -0400] "GET /wp-content/uploads/2020/07/picture-17.jpg HTTP/1.1" 200 3320120 "-" "Mozilla/5.0 (compatible; bingbot/2.0; +http://www.bing.com/bingbot.htm)"
113.210.108.18 - - [06/Jul/2021:01:25:20 -0400] "POST /xmlrpc.php HTTP/1.1" 301 585 "-" "Mozilla/5.0 (X11; Linux i686; rv:2.0.1) Gecko/20100101 Firefox/4.0.1"
204.48.19.85 - - [06/Jul/2021:01:25:21 -0400] "POST /wp-cron.php?doing_wp_cron=1625549121.7072770595550537109375 HTTP/1.1" 200 6295 "https://ajhydell.com/wp-cron.php?doing_wp_cron=1625549121.7072770595550537109375" "WordPress/5.7.2; https://ajhydell.com"
113.210.108.18 - - [06/Jul/2021:01:25:21 -0400] "GET /xmlrpc.php HTTP/1.1" 405 5837 "-" "Mozilla/5.0 (X11; Linux i686; rv:2.0.1) Gecko/20100101 Firefox/4.0.1"
113.210.108.18 - - [06/Jul/2021:01:26:21 -0400] "POST /xmlrpc.php HTTP/1.1" 301 585 "-" "Mozilla/5.0 (X11; Linux i686; rv:2.0.1) Gecko/20100101 Firefox/4.0.1"
204.48.19.85 - - [06/Jul/2021:01:26:22 -0400] "POST /wp-cron.php?doing_wp_cron=1625549182.4951820373535156250000 HTTP/1.1" 200 6295 "https://ajhydell.com/wp-cron.php?doing_wp_cron=1625549182.4951820373535156250000" "WordPress/5.7.2; https://ajhydell.com"
113.210.108.18 - - [06/Jul/2021:01:26:22 -0400] "GET /xmlrpc.php HTTP/1.1" 405 5837 "-" "Mozilla/5.0 (X11; Linux i686; rv:2.0.1) Gecko/20100101 Firefox/4.0.1"
40.77.167.20 - - [06/Jul/2021:01:26:31 -0400] "GET /wp-content/uploads/2018/09/picture-6.jpg HTTP/1.1" 200 114548 "-" "Mozilla/5.0 (compatible; bingbot/2.0; +http://www.bing.com/bingbot.htm)"
204.48.19.85 - - [06/Jul/2021:01:27:15 -0400] "POST /wp-cron.php?doing_wp_cron=1625549235.0423550605773925781250 HTTP/1.1" 200 6295 "https://ajhydell.com/wp-cron.php?doing_wp_cron=1625549235.0423550605773925781250" "WordPress/5.7.2; https://ajhydell.com"
216.244.66.250 - - [06/Jul/2021:01:27:14 -0400] "GET /2019/07/21/sparks-terminal-jive-1980/ HTTP/1.1" 200 67097 "-" "Mozilla/5.0 (compatible; DotBot/1.2; +https://opensiteexplorer.org/dotbot; help@moz.com)"
113.210.108.18 - - [06/Jul/2021:01:27:22 -0400] "POST /xmlrpc.php HTTP/1.1" 301 585 "-" "Mozilla/5.0 (X11; Linux i686; rv:2.0.1) Gecko/20100101 Firefox/4.0.1"
113.210.108.18 - - [06/Jul/2021:01:27:23 -0400] "GET /xmlrpc.php HTTP/1.1" 405 5837 "-" "Mozilla/5.0 (X11; Linux i686; rv:2.0.1) Gecko/20100101 Firefox/4.0.1"
216.244.66.250 - - [06/Jul/2021:01:27:28 -0400] "GET /2019/09/01/a-slave-dealer-in-alexandria-virginia-1861-65-636-x-429/ HTTP/1.1" 200 67956 "-" "Mozilla/5.0 (compatible; DotBot/1.2; +https://opensiteexplorer.org/dotbot; help@moz.com)"
204.48.19.85 - - [06/Jul/2021:01:27:53 -0400] "POST /wp-cron.php?doing_wp_cron=1625549273.7527151107788085937500 HTTP/1.1" 200 6295 "https://ajhydell.com/wp-cron.php?doing_wp_cron=1625549273.7527151107788085937500" "WordPress/5.7.2; https://ajhydell.com"
216.244.66.250 - - [06/Jul/2021:01:27:53 -0400] "GET /2019/05/06/the-hms-courageous-torpedoed-and-sunk-by-u-29-september-17th-1939/ HTTP/1.1" 200 68048 "-" "Mozilla/5.0 (compatible; DotBot/1.2; +https://opensiteexplorer.org/dotbot; help@moz.com)"
17.121.114.215 - - [06/Jul/2021:01:28:12 -0400] "GET /2018/12/13/1st-canadian-division-german-demonstration-team-1943/ HTTP/1.1" 200 18348 "-" "Mozilla/5.0 (Macintosh; Intel Mac OS X 10_15_5) AppleWebKit/605.1.15 (KHTML, like Gecko) Version/13.1.1 Safari/605.1.15 (Applebot/0.1; +http://www.apple.com/go/applebot)"
207.46.13.151 - - [06/Jul/2021:01:28:23 -0400] "GET /2021/04/15/happy-birthday-claudia-cardinale-she-is-a-tunisian-born-italian-film-actress-who-starred-in-some-of-the-most-acclaimed-european-films-of-the-1960s-and-1970s-mainly-italian-or-french-but-also-in-ma/ HTTP/1.1" 200 19079 "-" "Mozilla/5.0 (compatible; bingbot/2.0; +http://www.bing.com/bingbot.htm)"
113.210.108.18 - - [06/Jul/2021:01:28:23 -0400] "POST /xmlrpc.php HTTP/1.1" 301 585 "-" "Mozilla/5.0 (X11; Linux i686; rv:2.0.1) Gecko/20100101 Firefox/4.0.1"
113.210.108.18 - - [06/Jul/2021:01:28:24 -0400] "GET /xmlrpc.php HTTP/1.1" 405 5837 "-" "Mozilla/5.0 (X11; Linux i686; rv:2.0.1) Gecko/20100101 Firefox/4.0.1"
54.36.148.117 - - [06/Jul/2021:01:28:32 -0400] "GET /2019/07/30/ HTTP/1.1" 200 18754 "-" "Mozilla/5.0 (compatible; AhrefsBot/7.0; +http://ahrefs.com/robot/)"
207.46.13.22 - - [06/Jul/2021:01:29:13 -0400] "GET / HTTP/1.1" 301 565 "-" "Mozilla/5.0 (compatible; bingbot/2.0; +http://www.bing.com/bingbot.htm)"
204.48.19.85 - - [06/Jul/2021:01:29:23 -0400] "POST /wp-cron.php?doing_wp_cron=1625549363.1039130687713623046875 HTTP/1.1" 200 6295 "https://ajhydell.com/wp-cron.php?doing_wp_cron=1625549363.1039130687713623046875" "WordPress/5.7.2; https://ajhydell.com"
50.62.57.15 - - [06/Jul/2021:01:29:23 -0400] "GET /wp-login.php HTTP/1.1" 200 8605 "-" "Mozilla/5.0 (X11; Ubuntu; Linux x86_64; rv:62.0) Gecko/20100101 Firefox/62.0"
50.62.57.15 - - [06/Jul/2021:01:29:23 -0400] "POST /wp-login.php HTTP/1.1" 200 8694 "-" "Mozilla/5.0 (X11; Ubuntu; Linux x86_64; rv:62.0) Gecko/20100101 Firefox/62.0"
113.210.108.18 - - [06/Jul/2021:01:29:24 -0400] "POST /xmlrpc.php HTTP/1.1" 301 585 "-" "Mozilla/5.0 (X11; Linux i686; rv:2.0.1) Gecko/20100101 Firefox/4.0.1"
50.62.57.15 - - [06/Jul/2021:01:29:24 -0400] "POST /xmlrpc.php HTTP/1.1" 200 5852 "-" "Mozilla/5.0 (X11; Ubuntu; Linux x86_64; rv:62.0) Gecko/20100101 Firefox/62.0"
113.210.108.18 - - [06/Jul/2021:01:29:25 -0400] "GET /xmlrpc.php HTTP/1.1" 405 5837 "-" "Mozilla/5.0 (X11; Linux i686; rv:2.0.1) Gecko/20100101 Firefox/4.0.1"
113.210.108.18 - - [06/Jul/2021:01:30:25 -0400] "POST /xmlrpc.php HTTP/1.1" 301 585 "-" "Mozilla/5.0 (X11; Linux i686; rv:2.0.1) Gecko/20100101 Firefox/4.0.1"
204.48.19.85 - - [06/Jul/2021:01:30:26 -0400] "POST /wp-cron.php?doing_wp_cron=1625549426.5372788906097412109375 HTTP/1.1" 200 6295 "https://ajhydell.com/wp-cron.php?doing_wp_cron=1625549426.5372788906097412109375" "WordPress/5.7.2; https://ajhydell.com"
113.210.108.18 - - [06/Jul/2021:01:30:26 -0400] "GET /xmlrpc.php HTTP/1.1" 405 5837 "-" "Mozilla/5.0 (X11; Linux i686; rv:2.0.1) Gecko/20100101 Firefox/4.0.1"
113.210.108.18 - - [06/Jul/2021:01:31:26 -0400] "POST /xmlrpc.php HTTP/1.1" 301 585 "-" "Mozilla/5.0 (X11; Linux i686; rv:2.0.1) Gecko/20100101 Firefox/4.0.1"
204.48.19.85 - - [06/Jul/2021:01:31:27 -0400] "POST /wp-cron.php?doing_wp_cron=1625549487.4997749328613281250000 HTTP/1.1" 200 6295 "https://ajhydell.com/wp-cron.php?doing_wp_cron=1625549487.4997749328613281250000" "WordPress/5.7.2; https://ajhydell.com"
113.210.108.18 - - [06/Jul/2021:01:31:27 -0400] "GET /xmlrpc.php HTTP/1.1" 405 5837 "-" "Mozilla/5.0 (X11; Linux i686; rv:2.0.1) Gecko/20100101 Firefox/4.0.1"
204.48.19.85 - - [06/Jul/2021:01:32:14 -0400] "POST /wp-cron.php?doing_wp_cron=1625549534.0697309970855712890625 HTTP/1.1" 200 6295 "https://ajhydell.com/wp-cron.php?doing_wp_cron=1625549534.0697309970855712890625" "WordPress/5.7.2; https://ajhydell.com"
17.121.112.251 - - [06/Jul/2021:01:32:14 -0400] "GET /2018/10/17/fuck-anime-by-waldemar-kozak-2008/ HTTP/1.1" 200 18355 "-" "Mozilla/5.0 (Macintosh; Intel Mac OS X 10_15_5) AppleWebKit/605.1.15 (KHTML, like Gecko) Version/13.1.1 Safari/605.1.15 (Applebot/0.1; +http://www.apple.com/go/applebot)"
113.210.108.18 - - [06/Jul/2021:01:32:27 -0400] "POST /xmlrpc.php HTTP/1.1" 301 585 "-" "Mozilla/5.0 (X11; Linux i686; rv:2.0.1) Gecko/20100101 Firefox/4.0.1"
113.210.108.18 - - [06/Jul/2021:01:32:28 -0400] "GET /xmlrpc.php HTTP/1.1" 405 5837 "-" "Mozilla/5.0 (X11; Linux i686; rv:2.0.1) Gecko/20100101 Firefox/4.0.1"
54.36.148.117 - - [06/Jul/2021:01:32:39 -0400] "GET /2021/01/22/more-doctors-smoke-camels-than-any-other-cigarette-1950s/ HTTP/1.1" 200 18999 "-" "Mozilla/5.0 (compatible; AhrefsBot/7.0; +http://ahrefs.com/robot/)"
49.7.20.65 - - [06/Jul/2021:01:32:45 -0400] "GET / HTTP/1.1" 301 528 "-" "Sogou web spider/4.0(+http://www.sogou.com/docs/help/webmasters.htm#07)"
204.48.19.85 - - [06/Jul/2021:01:33:14 -0400] "POST /wp-cron.php?doing_wp_cron=1625549594.6238079071044921875000 HTTP/1.1" 200 6295 "https://ajhydell.com/wp-cron.php?doing_wp_cron=1625549594.6238079071044921875000" "WordPress/5.7.2; https://ajhydell.com"
157.55.39.22 - - [06/Jul/2021:01:33:14 -0400] "GET /2021/05/22/killed-british-commando-saint-nazaire-france-28-mar-1942/ HTTP/1.1" 200 18671 "-" "Mozilla/5.0 (compatible; bingbot/2.0; +http://www.bing.com/bingbot.htm)"
113.210.108.18 - - [06/Jul/2021:01:33:28 -0400] "POST /xmlrpc.php HTTP/1.1" 301 585 "-" "Mozilla/5.0 (X11; Linux i686; rv:2.0.1) Gecko/20100101 Firefox/4.0.1"
113.210.108.18 - - [06/Jul/2021:01:33:30 -0400] "GET /xmlrpc.php HTTP/1.1" 405 5837 "-" "Mozilla/5.0 (X11; Linux i686; rv:2.0.1) Gecko/20100101 Firefox/4.0.1"
157.55.39.57 - - [06/Jul/2021:01:33:30 -0400] "GET /2021/05/20/star-wars-actions-figures-advertisement-1980s/ HTTP/1.1" 200 18639 "-" "Mozilla/5.0 (compatible; bingbot/2.0; +http://www.bing.com/bingbot.htm)"
204.48.19.85 - - [06/Jul/2021:01:34:09 -0400] "POST /wp-cron.php?doing_wp_cron=1625549649.9737949371337890625000 HTTP/1.1" 200 6295 "https://ajhydell.com/wp-cron.php?doing_wp_cron=1625549649.9737949371337890625000" "WordPress/5.7.2; https://ajhydell.com"
17.121.113.50 - - [06/Jul/2021:01:34:09 -0400] "GET /2019/03/22/night-fishing-in-hawaii-1948-1200x1200/ HTTP/1.1" 200 18392 "-" "Mozilla/5.0 (Macintosh; Intel Mac OS X 10_15_5) AppleWebKit/605.1.15 (KHTML, like Gecko) Version/13.1.1 Safari/605.1.15 (Applebot/0.1; +http://www.apple.com/go/applebot)"
113.210.108.18 - - [06/Jul/2021:01:34:29 -0400] "POST /xmlrpc.php HTTP/1.1" 301 585 "-" "Mozilla/5.0 (X11; Linux i686; rv:2.0.1) Gecko/20100101 Firefox/4.0.1"
113.210.108.18 - - [06/Jul/2021:01:34:30 -0400] "GET /xmlrpc.php HTTP/1.1" 405 5837 "-" "Mozilla/5.0 (X11; Linux i686; rv:2.0.1) Gecko/20100101 Firefox/4.0.1"
113.210.108.18 - - [06/Jul/2021:01:35:30 -0400] "POST /xmlrpc.php HTTP/1.1" 301 585 "-" "Mozilla/5.0 (X11; Linux i686; rv:2.0.1) Gecko/20100101 Firefox/4.0.1"
204.48.19.85 - - [06/Jul/2021:01:35:31 -0400] "POST /wp-cron.php?doing_wp_cron=1625549731.5115370750427246093750 HTTP/1.1" 200 6295 "https://ajhydell.com/wp-cron.php?doing_wp_cron=1625549731.5115370750427246093750" "WordPress/5.7.2; https://ajhydell.com"
113.210.108.18 - - [06/Jul/2021:01:35:31 -0400] "GET /xmlrpc.php HTTP/1.1" 405 5837 "-" "Mozilla/5.0 (X11; Linux i686; rv:2.0.1) Gecko/20100101 Firefox/4.0.1"
113.210.108.18 - - [06/Jul/2021:01:36:31 -0400] "POST /xmlrpc.php HTTP/1.1" 301 585 "-" "Mozilla/5.0 (X11; Linux i686; rv:2.0.1) Gecko/20100101 Firefox/4.0.1"
207.46.13.120 - - [06/Jul/2021:01:36:30 -0400] "GET /wp-content/uploads/2018/09/picture-122.jpg HTTP/1.1" 200 1096204 "-" "Mozilla/5.0 (compatible; bingbot/2.0; +http://www.bing.com/bingbot.htm)"
204.48.19.85 - - [06/Jul/2021:01:36:32 -0400] "POST /wp-cron.php?doing_wp_cron=1625549792.3961949348449707031250 HTTP/1.1" 200 6295 "https://ajhydell.com/wp-cron.php?doing_wp_cron=1625549792.3961949348449707031250" "WordPress/5.7.2; https://ajhydell.com"
113.210.108.18 - - [06/Jul/2021:01:36:32 -0400] "GET /xmlrpc.php HTTP/1.1" 405 5837 "-" "Mozilla/5.0 (X11; Linux i686; rv:2.0.1) Gecko/20100101 Firefox/4.0.1"
