24.160.142.158 - - [30/Jun/2021:22:20:34 -0400] "GET / HTTP/1.1" 301 595 "-" "Mozilla/5.0 (iPhone; CPU iPhone OS 14_6 like Mac OS X) AppleWebKit/605.1.15 (KHTML, like Gecko) Mobile/15E148 Instagram 193.0.0.29.121 (iPhone11,8; iOS 14_6; en_US; en-US; scale=2.00; 828x1792; 299401192)"
204.48.19.85 - - [30/Jun/2021:22:20:35 -0400] "POST /wp-cron.php?doing_wp_cron=1625106035.1006669998168945312500 HTTP/1.1" 200 5548 "https://angelsonhighstreet.com/wp-cron.php?doing_wp_cron=1625106035.1006669998168945312500" "WordPress/5.7.2; https://angelsonhighstreet.com"
24.160.142.158 - - [30/Jun/2021:22:20:34 -0400] "GET / HTTP/1.1" 200 25368 "-" "Mozilla/5.0 (iPhone; CPU iPhone OS 14_6 like Mac OS X) AppleWebKit/605.1.15 (KHTML, like Gecko) Mobile/15E148 Instagram 193.0.0.29.121 (iPhone11,8; iOS 14_6; en_US; en-US; scale=2.00; 828x1792; 299401192)"
24.160.142.158 - - [30/Jun/2021:22:20:35 -0400] "GET /wp-content/plugins/age-gate/public/css/age-gate-custom.css?ver=2.15.0 HTTP/1.1" 200 457 "https://angelsonhighstreet.com/" "Mozilla/5.0 (iPhone; CPU iPhone OS 14_6 like Mac OS X) AppleWebKit/605.1.15 (KHTML, like Gecko) Mobile/15E148 Instagram 193.0.0.29.121 (iPhone11,8; iOS 14_6; en_US; en-US; scale=2.00; 828x1792; 299401192)"
24.160.142.158 - - [30/Jun/2021:22:20:35 -0400] "GET /wp-content/plugins/revslider/public/assets/css/rs6.css?ver=6.3.3 HTTP/1.1" 200 13165 "https://angelsonhighstreet.com/" "Mozilla/5.0 (iPhone; CPU iPhone OS 14_6 like Mac OS X) AppleWebKit/605.1.15 (KHTML, like Gecko) Mobile/15E148 Instagram 193.0.0.29.121 (iPhone11,8; iOS 14_6; en_US; en-US; scale=2.00; 828x1792; 299401192)"
24.160.142.158 - - [30/Jun/2021:22:20:35 -0400] "GET /wp-content/plugins/age-gate/public/css/age-gate-public.css?ver=2.15.0 HTTP/1.1" 200 7073 "https://angelsonhighstreet.com/" "Mozilla/5.0 (iPhone; CPU iPhone OS 14_6 like Mac OS X) AppleWebKit/605.1.15 (KHTML, like Gecko) Mobile/15E148 Instagram 193.0.0.29.121 (iPhone11,8; iOS 14_6; en_US; en-US; scale=2.00; 828x1792; 299401192)"
24.160.142.158 - - [30/Jun/2021:22:20:35 -0400] "GET /wp-content/plugins/woocommerce/packages/woocommerce-blocks/build/vendors-style.css?ver=4.9.1 HTTP/1.1" 200 6749 "https://angelsonhighstreet.com/" "Mozilla/5.0 (iPhone; CPU iPhone OS 14_6 like Mac OS X) AppleWebKit/605.1.15 (KHTML, like Gecko) Mobile/15E148 Instagram 193.0.0.29.121 (iPhone11,8; iOS 14_6; en_US; en-US; scale=2.00; 828x1792; 299401192)"
24.160.142.158 - - [30/Jun/2021:22:20:35 -0400] "GET /wp-content/plugins/woocommerce/packages/woocommerce-blocks/build/style.css?ver=4.9.1 HTTP/1.1" 200 24900 "https://angelsonhighstreet.com/" "Mozilla/5.0 (iPhone; CPU iPhone OS 14_6 like Mac OS X) AppleWebKit/605.1.15 (KHTML, like Gecko) Mobile/15E148 Instagram 193.0.0.29.121 (iPhone11,8; iOS 14_6; en_US; en-US; scale=2.00; 828x1792; 299401192)"
24.160.142.158 - - [30/Jun/2021:22:20:35 -0400] "GET /wp-content/plugins/age-gate/public/js/age-gate-public-hooks.js?ver=2.15.0 HTTP/1.1" 200 2632 "https://angelsonhighstreet.com/" "Mozilla/5.0 (iPhone; CPU iPhone OS 14_6 like Mac OS X) AppleWebKit/605.1.15 (KHTML, like Gecko) Mobile/15E148 Instagram 193.0.0.29.121 (iPhone11,8; iOS 14_6; en_US; en-US; scale=2.00; 828x1792; 299401192)"
24.160.142.158 - - [30/Jun/2021:22:20:35 -0400] "GET /wp-includes/js/jquery/jquery.min.js?ver=3.5.1 HTTP/1.1" 200 31463 "https://angelsonhighstreet.com/" "Mozilla/5.0 (iPhone; CPU iPhone OS 14_6 like Mac OS X) AppleWebKit/605.1.15 (KHTML, like Gecko) Mobile/15E148 Instagram 193.0.0.29.121 (iPhone11,8; iOS 14_6; en_US; en-US; scale=2.00; 828x1792; 299401192)"
24.160.142.158 - - [30/Jun/2021:22:20:35 -0400] "GET /wp-content/uploads/fusion-styles/15e6b0b5e48de1d64664be89b4d4bc7c.min.css?ver=3.2.1 HTTP/1.1" 200 150096 "https://angelsonhighstreet.com/" "Mozilla/5.0 (iPhone; CPU iPhone OS 14_6 like Mac OS X) AppleWebKit/605.1.15 (KHTML, like Gecko) Mobile/15E148 Instagram 193.0.0.29.121 (iPhone11,8; iOS 14_6; en_US; en-US; scale=2.00; 828x1792; 299401192)"
24.160.142.158 - - [30/Jun/2021:22:20:35 -0400] "GET /wp-content/plugins/google-analytics-dashboard-for-wp/assets/js/frontend-gtag.min.js?ver=6.7.0 HTTP/1.1" 200 3280 "https://angelsonhighstreet.com/" "Mozilla/5.0 (iPhone; CPU iPhone OS 14_6 like Mac OS X) AppleWebKit/605.1.15 (KHTML, like Gecko) Mobile/15E148 Instagram 193.0.0.29.121 (iPhone11,8; iOS 14_6; en_US; en-US; scale=2.00; 828x1792; 299401192)"
24.160.142.158 - - [30/Jun/2021:22:20:35 -0400] "GET /wp-includes/js/jquery/jquery-migrate.min.js?ver=3.3.2 HTTP/1.1" 200 4649 "https://angelsonhighstreet.com/" "Mozilla/5.0 (iPhone; CPU iPhone OS 14_6 like Mac OS X) AppleWebKit/605.1.15 (KHTML, like Gecko) Mobile/15E148 Instagram 193.0.0.29.121 (iPhone11,8; iOS 14_6; en_US; en-US; scale=2.00; 828x1792; 299401192)"
24.160.142.158 - - [30/Jun/2021:22:20:35 -0400] "GET /wp-content/plugins/wp-optin-wheel/public/js/public.min.js?ver=1.3.2 HTTP/1.1" 200 3754 "https://angelsonhighstreet.com/" "Mozilla/5.0 (iPhone; CPU iPhone OS 14_6 like Mac OS X) AppleWebKit/605.1.15 (KHTML, like Gecko) Mobile/15E148 Instagram 193.0.0.29.121 (iPhone11,8; iOS 14_6; en_US; en-US; scale=2.00; 828x1792; 299401192)"
24.160.142.158 - - [30/Jun/2021:22:20:35 -0400] "GET /wp-content/plugins/woocommerce-square/assets/css/frontend/wc-square-cart-checkout-blocks.min.css?ver=2.5.1 HTTP/1.1" 200 1299 "https://angelsonhighstreet.com/" "Mozilla/5.0 (iPhone; CPU iPhone OS 14_6 like Mac OS X) AppleWebKit/605.1.15 (KHTML, like Gecko) Mobile/15E148 Instagram 193.0.0.29.121 (iPhone11,8; iOS 14_6; en_US; en-US; scale=2.00; 828x1792; 299401192)"
24.160.142.158 - - [30/Jun/2021:22:20:35 -0400] "GET /wp-includes/css/dist/block-library/style.min.css?ver=5.7.2 HTTP/1.1" 200 9173 "https://angelsonhighstreet.com/" "Mozilla/5.0 (iPhone; CPU iPhone OS 14_6 like Mac OS X) AppleWebKit/605.1.15 (KHTML, like Gecko) Mobile/15E148 Instagram 193.0.0.29.121 (iPhone11,8; iOS 14_6; en_US; en-US; scale=2.00; 828x1792; 299401192)"
24.160.142.158 - - [30/Jun/2021:22:20:35 -0400] "GET /wp-includes/css/dist/block-library/theme.min.css?ver=5.7.2 HTTP/1.1" 200 1169 "https://angelsonhighstreet.com/" "Mozilla/5.0 (iPhone; CPU iPhone OS 14_6 like Mac OS X) AppleWebKit/605.1.15 (KHTML, like Gecko) Mobile/15E148 Instagram 193.0.0.29.121 (iPhone11,8; iOS 14_6; en_US; en-US; scale=2.00; 828x1792; 299401192)"
24.160.142.158 - - [30/Jun/2021:22:20:35 -0400] "GET /wp-content/plugins/wp-optin-wheel/public/css/public.min.css?ver=1.3.2 HTTP/1.1" 200 2546 "https://angelsonhighstreet.com/" "Mozilla/5.0 (iPhone; CPU iPhone OS 14_6 like Mac OS X) AppleWebKit/605.1.15 (KHTML, like Gecko) Mobile/15E148 Instagram 193.0.0.29.121 (iPhone11,8; iOS 14_6; en_US; en-US; scale=2.00; 828x1792; 299401192)"
24.160.142.158 - - [30/Jun/2021:22:20:35 -0400] "GET /wp-content/plugins/wp-optin-wheel/public/css/theme-green.css?ver=1.3.2 HTTP/1.1" 200 617 "https://angelsonhighstreet.com/" "Mozilla/5.0 (iPhone; CPU iPhone OS 14_6 like Mac OS X) AppleWebKit/605.1.15 (KHTML, like Gecko) Mobile/15E148 Instagram 193.0.0.29.121 (iPhone11,8; iOS 14_6; en_US; en-US; scale=2.00; 828x1792; 299401192)"
24.160.142.158 - - [30/Jun/2021:22:20:35 -0400] "GET /wp-content/plugins/age-gate/public/js/age-gate-public-tab.js?ver=2.15.0 HTTP/1.1" 200 869 "https://angelsonhighstreet.com/" "Mozilla/5.0 (iPhone; CPU iPhone OS 14_6 like Mac OS X) AppleWebKit/605.1.15 (KHTML, like Gecko) Mobile/15E148 Instagram 193.0.0.29.121 (iPhone11,8; iOS 14_6; en_US; en-US; scale=2.00; 828x1792; 299401192)"
24.160.142.158 - - [30/Jun/2021:22:20:35 -0400] "GET /wp-content/plugins/age-gate/public/js/age-gate-public.js?ver=2.15.0 HTTP/1.1" 200 6737 "https://angelsonhighstreet.com/" "Mozilla/5.0 (iPhone; CPU iPhone OS 14_6 like Mac OS X) AppleWebKit/605.1.15 (KHTML, like Gecko) Mobile/15E148 Instagram 193.0.0.29.121 (iPhone11,8; iOS 14_6; en_US; en-US; scale=2.00; 828x1792; 299401192)"
24.160.142.158 - - [30/Jun/2021:22:20:35 -0400] "GET /wp-content/plugins/age-gate/public/js/age-gate-shortcode.js?ver=2.15.0 HTTP/1.1" 200 2732 "https://angelsonhighstreet.com/" "Mozilla/5.0 (iPhone; CPU iPhone OS 14_6 like Mac OS X) AppleWebKit/605.1.15 (KHTML, like Gecko) Mobile/15E148 Instagram 193.0.0.29.121 (iPhone11,8; iOS 14_6; en_US; en-US; scale=2.00; 828x1792; 299401192)"
24.160.142.158 - - [30/Jun/2021:22:20:35 -0400] "GET /wp-includes/js/dist/vendor/wp-polyfill.min.js?ver=7.4.4 HTTP/1.1" 200 34810 "https://angelsonhighstreet.com/" "Mozilla/5.0 (iPhone; CPU iPhone OS 14_6 like Mac OS X) AppleWebKit/605.1.15 (KHTML, like Gecko) Mobile/15E148 Instagram 193.0.0.29.121 (iPhone11,8; iOS 14_6; en_US; en-US; scale=2.00; 828x1792; 299401192)"
24.160.142.158 - - [30/Jun/2021:22:20:35 -0400] "GET /wp-content/plugins/contact-form-7/includes/js/index.js?ver=5.4.1 HTTP/1.1" 200 4484 "https://angelsonhighstreet.com/" "Mozilla/5.0 (iPhone; CPU iPhone OS 14_6 like Mac OS X) AppleWebKit/605.1.15 (KHTML, like Gecko) Mobile/15E148 Instagram 193.0.0.29.121 (iPhone11,8; iOS 14_6; en_US; en-US; scale=2.00; 828x1792; 299401192)"
24.160.142.158 - - [30/Jun/2021:22:20:35 -0400] "GET /wp-content/plugins/revslider/public/assets/js/rbtools.min.js?ver=6.3.3 HTTP/1.1" 200 46697 "https://angelsonhighstreet.com/" "Mozilla/5.0 (iPhone; CPU iPhone OS 14_6 like Mac OS X) AppleWebKit/605.1.15 (KHTML, like Gecko) Mobile/15E148 Instagram 193.0.0.29.121 (iPhone11,8; iOS 14_6; en_US; en-US; scale=2.00; 828x1792; 299401192)"
24.160.142.158 - - [30/Jun/2021:22:20:35 -0400] "GET /wp-content/plugins/revslider/public/assets/js/rs6.min.js?ver=6.3.3 HTTP/1.1" 200 86331 "https://angelsonhighstreet.com/" "Mozilla/5.0 (iPhone; CPU iPhone OS 14_6 like Mac OS X) AppleWebKit/605.1.15 (KHTML, like Gecko) Mobile/15E148 Instagram 193.0.0.29.121 (iPhone11,8; iOS 14_6; en_US; en-US; scale=2.00; 828x1792; 299401192)"
24.160.142.158 - - [30/Jun/2021:22:20:35 -0400] "GET /wp-content/plugins/woocommerce/assets/js/jquery-blockui/jquery.blockUI.min.js?ver=2.70 HTTP/1.1" 200 3961 "https://angelsonhighstreet.com/" "Mozilla/5.0 (iPhone; CPU iPhone OS 14_6 like Mac OS X) AppleWebKit/605.1.15 (KHTML, like Gecko) Mobile/15E148 Instagram 193.0.0.29.121 (iPhone11,8; iOS 14_6; en_US; en-US; scale=2.00; 828x1792; 299401192)"
24.160.142.158 - - [30/Jun/2021:22:20:36 -0400] "GET /wp-content/plugins/woocommerce/assets/js/frontend/add-to-cart.min.js?ver=5.3.0 HTTP/1.1" 200 1522 "https://angelsonhighstreet.com/" "Mozilla/5.0 (iPhone; CPU iPhone OS 14_6 like Mac OS X) AppleWebKit/605.1.15 (KHTML, like Gecko) Mobile/15E148 Instagram 193.0.0.29.121 (iPhone11,8; iOS 14_6; en_US; en-US; scale=2.00; 828x1792; 299401192)"
24.160.142.158 - - [30/Jun/2021:22:20:36 -0400] "GET /wp-content/plugins/woocommerce/assets/js/frontend/woocommerce.min.js?ver=5.3.0 HTTP/1.1" 200 1222 "https://angelsonhighstreet.com/" "Mozilla/5.0 (iPhone; CPU iPhone OS 14_6 like Mac OS X) AppleWebKit/605.1.15 (KHTML, like Gecko) Mobile/15E148 Instagram 193.0.0.29.121 (iPhone11,8; iOS 14_6; en_US; en-US; scale=2.00; 828x1792; 299401192)"
24.160.142.158 - - [30/Jun/2021:22:20:36 -0400] "GET /wp-content/plugins/woocommerce/assets/js/js-cookie/js.cookie.min.js?ver=2.1.4 HTTP/1.1" 200 1417 "https://angelsonhighstreet.com/" "Mozilla/5.0 (iPhone; CPU iPhone OS 14_6 like Mac OS X) AppleWebKit/605.1.15 (KHTML, like Gecko) Mobile/15E148 Instagram 193.0.0.29.121 (iPhone11,8; iOS 14_6; en_US; en-US; scale=2.00; 828x1792; 299401192)"
24.160.142.158 - - [30/Jun/2021:22:20:36 -0400] "GET /wp-includes/js/wp-embed.min.js?ver=5.7.2 HTTP/1.1" 200 1200 "https://angelsonhighstreet.com/" "Mozilla/5.0 (iPhone; CPU iPhone OS 14_6 like Mac OS X) AppleWebKit/605.1.15 (KHTML, like Gecko) Mobile/15E148 Instagram 193.0.0.29.121 (iPhone11,8; iOS 14_6; en_US; en-US; scale=2.00; 828x1792; 299401192)"
24.160.142.158 - - [30/Jun/2021:22:20:36 -0400] "GET /wp-content/plugins/woocommerce/assets/js/frontend/cart-fragments.min.js?ver=5.3.0 HTTP/1.1" 200 1475 "https://angelsonhighstreet.com/" "Mozilla/5.0 (iPhone; CPU iPhone OS 14_6 like Mac OS X) AppleWebKit/605.1.15 (KHTML, like Gecko) Mobile/15E148 Instagram 193.0.0.29.121 (iPhone11,8; iOS 14_6; en_US; en-US; scale=2.00; 828x1792; 299401192)"
24.160.142.158 - - [30/Jun/2021:22:20:36 -0400] "GET /wp-includes/js/wp-emoji-release.min.js?ver=5.7.2 HTTP/1.1" 200 5142 "https://angelsonhighstreet.com/" "Mozilla/5.0 (iPhone; CPU iPhone OS 14_6 like Mac OS X) AppleWebKit/605.1.15 (KHTML, like Gecko) Mobile/15E148 Instagram 193.0.0.29.121 (iPhone11,8; iOS 14_6; en_US; en-US; scale=2.00; 828x1792; 299401192)"
24.160.142.158 - - [30/Jun/2021:22:20:36 -0400] "GET /wp-content/uploads/fusion-scripts/250c2b9f76b9189f0607771277c32ada.min.js?ver=3.2.1 HTTP/1.1" 200 122595 "https://angelsonhighstreet.com/" "Mozilla/5.0 (iPhone; CPU iPhone OS 14_6 like Mac OS X) AppleWebKit/605.1.15 (KHTML, like Gecko) Mobile/15E148 Instagram 193.0.0.29.121 (iPhone11,8; iOS 14_6; en_US; en-US; scale=2.00; 828x1792; 299401192)"
24.160.142.158 - - [30/Jun/2021:22:20:36 -0400] "GET /wp-content/uploads/fusion-gfonts/qkBIXvYC6trAT55ZBi1ueQVIjQTD-JqaE0lMZbLXGimS.woff HTTP/1.1" 200 15349 "https://angelsonhighstreet.com/" "Mozilla/5.0 (iPhone; CPU iPhone OS 14_6 like Mac OS X) AppleWebKit/605.1.15 (KHTML, like Gecko) Mobile/15E148 Instagram 193.0.0.29.121 (iPhone11,8; iOS 14_6; en_US; en-US; scale=2.00; 828x1792; 299401192)"
24.160.142.158 - - [30/Jun/2021:22:20:36 -0400] "GET /wp-content/uploads/fusion-gfonts/JTURjIg1_i6t8kCHKm45_dJE3gnD-Px3rCs.woff HTTP/1.1" 200 17525 "https://angelsonhighstreet.com/" "Mozilla/5.0 (iPhone; CPU iPhone OS 14_6 like Mac OS X) AppleWebKit/605.1.15 (KHTML, like Gecko) Mobile/15E148 Instagram 193.0.0.29.121 (iPhone11,8; iOS 14_6; en_US; en-US; scale=2.00; 828x1792; 299401192)"
24.160.142.158 - - [30/Jun/2021:22:20:36 -0400] "GET /wp-content/themes/Avada/includes/lib/assets/fonts/icomoon/icomoon.woff HTTP/1.1" 200 13272 "https://angelsonhighstreet.com/" "Mozilla/5.0 (iPhone; CPU iPhone OS 14_6 like Mac OS X) AppleWebKit/605.1.15 (KHTML, like Gecko) Mobile/15E148 Instagram 193.0.0.29.121 (iPhone11,8; iOS 14_6; en_US; en-US; scale=2.00; 828x1792; 299401192)"
24.160.142.158 - - [30/Jun/2021:22:20:36 -0400] "GET /wp-content/uploads/fusion-gfonts/qkBIXvYC6trAT55ZBi1ueQVIjQTDH52aE0lMZbLXGimS.woff HTTP/1.1" 200 15341 "https://angelsonhighstreet.com/" "Mozilla/5.0 (iPhone; CPU iPhone OS 14_6 like Mac OS X) AppleWebKit/605.1.15 (KHTML, like Gecko) Mobile/15E148 Instagram 193.0.0.29.121 (iPhone11,8; iOS 14_6; en_US; en-US; scale=2.00; 828x1792; 299401192)"
24.160.142.158 - - [30/Jun/2021:22:20:36 -0400] "GET /wp-content/uploads/fusion-gfonts/qkBKXvYC6trAT7RQNNK2EG7SIwPWMNlCV3lIb7X1HgGQ0tQ.woff HTTP/1.1" 200 15580 "https://angelsonhighstreet.com/" "Mozilla/5.0 (iPhone; CPU iPhone OS 14_6 like Mac OS X) AppleWebKit/605.1.15 (KHTML, like Gecko) Mobile/15E148 Instagram 193.0.0.29.121 (iPhone11,8; iOS 14_6; en_US; en-US; scale=2.00; 828x1792; 299401192)"
24.160.142.158 - - [30/Jun/2021:22:20:36 -0400] "GET /wp-content/uploads/2020/05/aohs_righttext_logo-e1590068585746.png HTTP/1.1" 200 62245 "https://angelsonhighstreet.com/" "Mozilla/5.0 (iPhone; CPU iPhone OS 14_6 like Mac OS X) AppleWebKit/605.1.15 (KHTML, like Gecko) Mobile/15E148 Instagram 193.0.0.29.121 (iPhone11,8; iOS 14_6; en_US; en-US; scale=2.00; 828x1792; 299401192)"
24.160.142.158 - - [30/Jun/2021:22:20:36 -0400] "GET /wp-content/themes/Avada/includes/lib/assets/fonts/fontawesome/webfonts/fa-regular-400.woff2 HTTP/1.1" 200 14074 "https://angelsonhighstreet.com/" "Mozilla/5.0 (iPhone; CPU iPhone OS 14_6 like Mac OS X) AppleWebKit/605.1.15 (KHTML, like Gecko) Mobile/15E148 Instagram 193.0.0.29.121 (iPhone11,8; iOS 14_6; en_US; en-US; scale=2.00; 828x1792; 299401192)"
24.160.142.158 - - [30/Jun/2021:22:20:36 -0400] "GET /wp-content/uploads/2020/08/C5B83DAF-9E96-49A0-AAA0-C902DBEB3B68.jpeg HTTP/1.1" 200 85904 "https://angelsonhighstreet.com/" "Mozilla/5.0 (iPhone; CPU iPhone OS 14_6 like Mac OS X) AppleWebKit/605.1.15 (KHTML, like Gecko) Mobile/15E148 Instagram 193.0.0.29.121 (iPhone11,8; iOS 14_6; en_US; en-US; scale=2.00; 828x1792; 299401192)"
24.160.142.158 - - [30/Jun/2021:22:20:36 -0400] "GET /wp-content/uploads/2020/08/D37CB261-2BE3-4FB2-AE52-84F8AC85FF3A.jpeg HTTP/1.1" 200 96561 "https://angelsonhighstreet.com/" "Mozilla/5.0 (iPhone; CPU iPhone OS 14_6 like Mac OS X) AppleWebKit/605.1.15 (KHTML, like Gecko) Mobile/15E148 Instagram 193.0.0.29.121 (iPhone11,8; iOS 14_6; en_US; en-US; scale=2.00; 828x1792; 299401192)"
24.160.142.158 - - [30/Jun/2021:22:20:36 -0400] "GET /wp-content/uploads/2020/08/D7CE7FC9-6B66-4E0F-B3A8-E17389D30D20.jpeg HTTP/1.1" 200 105313 "https://angelsonhighstreet.com/" "Mozilla/5.0 (iPhone; CPU iPhone OS 14_6 like Mac OS X) AppleWebKit/605.1.15 (KHTML, like Gecko) Mobile/15E148 Instagram 193.0.0.29.121 (iPhone11,8; iOS 14_6; en_US; en-US; scale=2.00; 828x1792; 299401192)"
24.160.142.158 - - [30/Jun/2021:22:20:36 -0400] "GET /wp-content/uploads/2019/05/IMG_0405-1200x1703.jpg HTTP/1.1" 200 285548 "https://angelsonhighstreet.com/" "Mozilla/5.0 (iPhone; CPU iPhone OS 14_6 like Mac OS X) AppleWebKit/605.1.15 (KHTML, like Gecko) Mobile/15E148 Instagram 193.0.0.29.121 (iPhone11,8; iOS 14_6; en_US; en-US; scale=2.00; 828x1792; 299401192)"
24.160.142.158 - - [30/Jun/2021:22:20:36 -0400] "GET /wp-content/uploads/2020/08/C9EC0898-E30D-4B2A-A8B1-96DE3A2B9FAA.jpeg HTTP/1.1" 200 182985 "https://angelsonhighstreet.com/" "Mozilla/5.0 (iPhone; CPU iPhone OS 14_6 like Mac OS X) AppleWebKit/605.1.15 (KHTML, like Gecko) Mobile/15E148 Instagram 193.0.0.29.121 (iPhone11,8; iOS 14_6; en_US; en-US; scale=2.00; 828x1792; 299401192)"
24.160.142.158 - - [30/Jun/2021:22:20:36 -0400] "GET /wp-content/uploads/2020/04/aohs_logo_blkbg-e1588290703663-150x150.png HTTP/1.1" 200 30802 "https://angelsonhighstreet.com/" "Mozilla/5.0 (iPhone; CPU iPhone OS 14_6 like Mac OS X) AppleWebKit/605.1.15 (KHTML, like Gecko) Mobile/15E148 Instagram 193.0.0.29.121 (iPhone11,8; iOS 14_6; en_US; en-US; scale=2.00; 828x1792; 299401192)"
24.160.142.158 - - [30/Jun/2021:22:20:36 -0400] "GET /wp-content/uploads/2019/05/IMG_0405-1082x1536.jpg HTTP/1.1" 200 237021 "https://angelsonhighstreet.com/" "Mozilla/5.0 (iPhone; CPU iPhone OS 14_6 like Mac OS X) AppleWebKit/605.1.15 (KHTML, like Gecko) Mobile/15E148 Instagram 193.0.0.29.121 (iPhone11,8; iOS 14_6; en_US; en-US; scale=2.00; 828x1792; 299401192)"
24.160.142.158 - - [30/Jun/2021:22:20:36 -0400] "GET /wp-content/uploads/2019/11/standards_banner.png HTTP/1.1" 200 19955 "https://angelsonhighstreet.com/" "Mozilla/5.0 (iPhone; CPU iPhone OS 14_6 like Mac OS X) AppleWebKit/605.1.15 (KHTML, like Gecko) Mobile/15E148 Instagram 193.0.0.29.121 (iPhone11,8; iOS 14_6; en_US; en-US; scale=2.00; 828x1792; 299401192)"
24.160.142.158 - - [30/Jun/2021:22:20:36 -0400] "GET /wp-content/uploads/2020/07/F3BBAB36-C718-44E4-AA15-13B741A05689.jpeg HTTP/1.1" 200 129513 "https://angelsonhighstreet.com/" "Mozilla/5.0 (iPhone; CPU iPhone OS 14_6 like Mac OS X) AppleWebKit/605.1.15 (KHTML, like Gecko) Mobile/15E148 Instagram 193.0.0.29.121 (iPhone11,8; iOS 14_6; en_US; en-US; scale=2.00; 828x1792; 299401192)"
24.160.142.158 - - [30/Jun/2021:22:20:36 -0400] "GET /wp-content/uploads/2020/05/5C641DE8-0187-43FF-BDA7-9ECB85C21670.jpeg HTTP/1.1" 200 285738 "https://angelsonhighstreet.com/" "Mozilla/5.0 (iPhone; CPU iPhone OS 14_6 like Mac OS X) AppleWebKit/605.1.15 (KHTML, like Gecko) Mobile/15E148 Instagram 193.0.0.29.121 (iPhone11,8; iOS 14_6; en_US; en-US; scale=2.00; 828x1792; 299401192)"
24.160.142.158 - - [30/Jun/2021:22:20:36 -0400] "GET /wp-content/uploads/2020/11/8BC30C6A-8CA8-4876-976A-0465755939A8.jpeg HTTP/1.1" 200 515742 "https://angelsonhighstreet.com/" "Mozilla/5.0 (iPhone; CPU iPhone OS 14_6 like Mac OS X) AppleWebKit/605.1.15 (KHTML, like Gecko) Mobile/15E148 Instagram 193.0.0.29.121 (iPhone11,8; iOS 14_6; en_US; en-US; scale=2.00; 828x1792; 299401192)"
24.160.142.158 - - [30/Jun/2021:22:20:36 -0400] "GET /wp-content/uploads/2020/11/newCBGhealingsalve.jpg HTTP/1.1" 200 869508 "https://angelsonhighstreet.com/" "Mozilla/5.0 (iPhone; CPU iPhone OS 14_6 like Mac OS X) AppleWebKit/605.1.15 (KHTML, like Gecko) Mobile/15E148 Instagram 193.0.0.29.121 (iPhone11,8; iOS 14_6; en_US; en-US; scale=2.00; 828x1792; 299401192)"
24.160.142.158 - - [30/Jun/2021:22:20:36 -0400] "GET /wp-content/plugins/wp-optin-wheel/public/img/wheel-green.png HTTP/1.1" 200 39871 "https://angelsonhighstreet.com/" "Mozilla/5.0 (iPhone; CPU iPhone OS 14_6 like Mac OS X) AppleWebKit/605.1.15 (KHTML, like Gecko) Mobile/15E148 Instagram 193.0.0.29.121 (iPhone11,8; iOS 14_6; en_US; en-US; scale=2.00; 828x1792; 299401192)"
24.160.142.158 - - [30/Jun/2021:22:20:36 -0400] "GET /wp-content/plugins/wp-optin-wheel/public/img/bg-hearts.png HTTP/1.1" 200 2213 "https://angelsonhighstreet.com/" "Mozilla/5.0 (iPhone; CPU iPhone OS 14_6 like Mac OS X) AppleWebKit/605.1.15 (KHTML, like Gecko) Mobile/15E148 Instagram 193.0.0.29.121 (iPhone11,8; iOS 14_6; en_US; en-US; scale=2.00; 828x1792; 299401192)"
24.160.142.158 - - [30/Jun/2021:22:20:36 -0400] "GET /wp-content/uploads/2020/05/2F81A01C-A31F-4FC0-ACBC-AC077D7C6D5B-e1588879916909.jpeg HTTP/1.1" 200 237707 "https://angelsonhighstreet.com/" "Mozilla/5.0 (iPhone; CPU iPhone OS 14_6 like Mac OS X) AppleWebKit/605.1.15 (KHTML, like Gecko) Mobile/15E148 Instagram 193.0.0.29.121 (iPhone11,8; iOS 14_6; en_US; en-US; scale=2.00; 828x1792; 299401192)"
24.160.142.158 - - [30/Jun/2021:22:20:36 -0400] "GET /wp-content/uploads/fusion-gfonts/JTUSjIg1_i6t8kCHKm459WlhzSTh89Y.woff HTTP/1.1" 200 17618 "https://angelsonhighstreet.com/" "Mozilla/5.0 (iPhone; CPU iPhone OS 14_6 like Mac OS X) AppleWebKit/605.1.15 (KHTML, like Gecko) Mobile/15E148 Instagram 193.0.0.29.121 (iPhone11,8; iOS 14_6; en_US; en-US; scale=2.00; 828x1792; 299401192)"
24.160.142.158 - - [30/Jun/2021:22:20:36 -0400] "POST /?wc-ajax=get_refreshed_fragments HTTP/1.1" 200 874 "https://angelsonhighstreet.com/" "Mozilla/5.0 (iPhone; CPU iPhone OS 14_6 like Mac OS X) AppleWebKit/605.1.15 (KHTML, like Gecko) Mobile/15E148 Instagram 193.0.0.29.121 (iPhone11,8; iOS 14_6; en_US; en-US; scale=2.00; 828x1792; 299401192)"
24.160.142.158 - - [30/Jun/2021:22:20:36 -0400] "GET /wp-json/contact-form-7/v1/contact-forms/16954/refill HTTP/1.1" 200 643 "https://angelsonhighstreet.com/" "Mozilla/5.0 (iPhone; CPU iPhone OS 14_6 like Mac OS X) AppleWebKit/605.1.15 (KHTML, like Gecko) Mobile/15E148 Instagram 193.0.0.29.121 (iPhone11,8; iOS 14_6; en_US; en-US; scale=2.00; 828x1792; 299401192)"
24.160.142.158 - - [30/Jun/2021:22:20:37 -0400] "POST /wp-admin/admin-ajax.php HTTP/1.1" 200 698 "https://angelsonhighstreet.com/" "Mozilla/5.0 (iPhone; CPU iPhone OS 14_6 like Mac OS X) AppleWebKit/605.1.15 (KHTML, like Gecko) Mobile/15E148 Instagram 193.0.0.29.121 (iPhone11,8; iOS 14_6; en_US; en-US; scale=2.00; 828x1792; 299401192)"
204.48.19.85 - - [30/Jun/2021:22:22:14 -0400] "POST /wp-cron.php?doing_wp_cron=1625106134.7049679756164550781250 HTTP/1.1" 200 5548 "https://angelsonhighstreet.com/wp-cron.php?doing_wp_cron=1625106134.7049679756164550781250" "WordPress/5.7.2; https://angelsonhighstreet.com"
54.36.149.18 - - [30/Jun/2021:22:22:14 -0400] "GET /product-category/salves?product_orderby=date&product_order=desc&product_view=grid HTTP/1.1" 200 20433 "-" "Mozilla/5.0 (compatible; AhrefsBot/7.0; +http://ahrefs.com/robot/)"
204.48.19.85 - - [30/Jun/2021:22:26:58 -0400] "POST /wp-cron.php?doing_wp_cron=1625106418.7392230033874511718750 HTTP/1.1" 200 5548 "https://angelsonhighstreet.com/wp-cron.php?doing_wp_cron=1625106418.7392230033874511718750" "WordPress/5.7.2; https://angelsonhighstreet.com"
54.36.149.18 - - [30/Jun/2021:22:26:58 -0400] "GET /product-category/salves?product_view=grid&product_orderby=date&product_order=desc&product_count=16 HTTP/1.1" 200 20678 "-" "Mozilla/5.0 (compatible; AhrefsBot/7.0; +http://ahrefs.com/robot/)"
204.48.19.85 - - [30/Jun/2021:22:31:29 -0400] "POST /wp-cron.php?doing_wp_cron=1625106689.4431929588317871093750 HTTP/1.1" 200 5548 "https://angelsonhighstreet.com/wp-cron.php?doing_wp_cron=1625106689.4431929588317871093750" "WordPress/5.7.2; https://angelsonhighstreet.com"
54.36.149.18 - - [30/Jun/2021:22:31:29 -0400] "GET /product-category/salves?product_view=grid&product_orderby=date&product_order=desc&product_count=48 HTTP/1.1" 200 20678 "-" "Mozilla/5.0 (compatible; AhrefsBot/7.0; +http://ahrefs.com/robot/)"
204.48.19.85 - - [30/Jun/2021:22:33:01 -0400] "POST /wp-cron.php?doing_wp_cron=1625106781.1339559555053710937500 HTTP/1.1" 200 5548 "https://angelsonhighstreet.com/wp-cron.php?doing_wp_cron=1625106781.1339559555053710937500" "WordPress/5.7.2; https://angelsonhighstreet.com"
66.249.66.35 - - [30/Jun/2021:22:33:00 -0400] "GET /shop/cbg-salve-with-hawiian-haze-terpenes HTTP/1.1" 200 25547 "-" "Mozilla/5.0 (Linux; Android 6.0.1; Nexus 5X Build/MMB29P) AppleWebKit/537.36 (KHTML, like Gecko) Chrome/91.0.4472.90 Mobile Safari/537.36 (compatible; Googlebot/2.1; +http://www.google.com/bot.html)"
204.48.19.85 - - [30/Jun/2021:22:36:09 -0400] "POST /wp-cron.php?doing_wp_cron=1625106969.8999519348144531250000 HTTP/1.1" 200 5548 "https://angelsonhighstreet.com/wp-cron.php?doing_wp_cron=1625106969.8999519348144531250000" "WordPress/5.7.2; https://angelsonhighstreet.com"
54.36.149.18 - - [30/Jun/2021:22:36:09 -0400] "GET /product-category/salves?product_view=grid&product_orderby=popularity&product_order=desc&product_count=48 HTTP/1.1" 200 20700 "-" "Mozilla/5.0 (compatible; AhrefsBot/7.0; +http://ahrefs.com/robot/)"
66.249.66.41 - - [30/Jun/2021:22:38:45 -0400] "GET /wp-content/plugins/woocommerce/assets/js/zoom/jquery.zoom.min.js?ver=1.7.21 HTTP/1.1" 200 6839 "https://angelsonhighstreet.com/shop/cbg-salve-with-hawiian-haze-terpenes" "Mozilla/5.0 (Linux; Android 6.0.1; Nexus 5X Build/MMB29P) AppleWebKit/537.36 (KHTML, like Gecko) Chrome/91.0.4472.90 Mobile Safari/537.36 (compatible; Googlebot/2.1; +http://www.google.com/bot.html)"
66.249.66.35 - - [30/Jun/2021:22:38:46 -0400] "GET /wp-content/plugins/woocommerce/assets/js/frontend/single-product.min.js?ver=5.3.0 HTTP/1.1" 200 7586 "https://angelsonhighstreet.com/shop/cbg-salve-with-hawiian-haze-terpenes" "Mozilla/5.0 (Linux; Android 6.0.1; Nexus 5X Build/MMB29P) AppleWebKit/537.36 (KHTML, like Gecko) Chrome/91.0.4472.90 Mobile Safari/537.36 (compatible; Googlebot/2.1; +http://www.google.com/bot.html)"
66.249.66.41 - - [30/Jun/2021:22:38:47 -0400] "GET /wp-includes/js/comment-reply.min.js?ver=5.7.2 HTTP/1.1" 200 1782 "https://angelsonhighstreet.com/shop/cbg-salve-with-hawiian-haze-terpenes" "Mozilla/5.0 (Linux; Android 6.0.1; Nexus 5X Build/MMB29P) AppleWebKit/537.36 (KHTML, like Gecko) Chrome/91.0.4472.90 Mobile Safari/537.36 (compatible; Googlebot/2.1; +http://www.google.com/bot.html)"
66.249.66.35 - - [30/Jun/2021:22:38:47 -0400] "GET /wp-content/plugins/akismet/_inc/form.js?ver=4.1.9 HTTP/1.1" 200 753 "https://angelsonhighstreet.com/shop/cbg-salve-with-hawiian-haze-terpenes" "Mozilla/5.0 (Linux; Android 6.0.1; Nexus 5X Build/MMB29P) AppleWebKit/537.36 (KHTML, like Gecko) Chrome/91.0.4472.90 Mobile Safari/537.36 (compatible; Googlebot/2.1; +http://www.google.com/bot.html)"
204.48.19.85 - - [30/Jun/2021:22:38:48 -0400] "POST /wp-cron.php?doing_wp_cron=1625107128.4361519813537597656250 HTTP/1.1" 200 5548 "https://angelsonhighstreet.com/wp-cron.php?doing_wp_cron=1625107128.4361519813537597656250" "WordPress/5.7.2; https://angelsonhighstreet.com"
66.249.66.35 - - [30/Jun/2021:22:38:48 -0400] "POST /?wc-ajax=get_refreshed_fragments HTTP/1.1" 200 874 "https://angelsonhighstreet.com/shop/cbg-salve-with-hawiian-haze-terpenes" "Mozilla/5.0 (Linux; Android 6.0.1; Nexus 5X Build/MMB29P) AppleWebKit/537.36 (KHTML, like Gecko) Chrome/91.0.4472.90 Mobile Safari/537.36 (compatible; Googlebot/2.1; +http://www.google.com/bot.html)"
204.48.19.85 - - [30/Jun/2021:22:40:47 -0400] "POST /wp-cron.php?doing_wp_cron=1625107247.8236439228057861328125 HTTP/1.1" 200 5548 "https://angelsonhighstreet.com/wp-cron.php?doing_wp_cron=1625107247.8236439228057861328125" "WordPress/5.7.2; https://angelsonhighstreet.com"
54.36.148.111 - - [30/Jun/2021:22:40:47 -0400] "GET /product-category/salves?product_view=grid&product_orderby=default&product_order=asc&product_count=16 HTTP/1.1" 200 20685 "-" "Mozilla/5.0 (compatible; AhrefsBot/7.0; +http://ahrefs.com/robot/)"
204.48.19.85 - - [30/Jun/2021:22:41:16 -0400] "POST /wp-cron.php?doing_wp_cron=1625107276.3027970790863037109375 HTTP/1.1" 200 5548 "https://angelsonhighstreet.com/wp-cron.php?doing_wp_cron=1625107276.3027970790863037109375" "WordPress/5.7.2; https://angelsonhighstreet.com"
185.191.171.19 - - [30/Jun/2021:22:41:16 -0400] "GET /product-category/salves?product_count=32&product_orderby=name HTTP/1.1" 200 20632 "-" "Mozilla/5.0 (compatible; SemrushBot/7~bl; +http://www.semrush.com/bot.html)"
204.48.19.85 - - [30/Jun/2021:22:45:49 -0400] "POST /wp-cron.php?doing_wp_cron=1625107549.2122509479522705078125 HTTP/1.1" 200 5548 "https://angelsonhighstreet.com/wp-cron.php?doing_wp_cron=1625107549.2122509479522705078125" "WordPress/5.7.2; https://angelsonhighstreet.com"
54.36.148.121 - - [30/Jun/2021:22:45:49 -0400] "GET /product-category/salves?product_order=desc&product_view=grid&product_count=32 HTTP/1.1" 200 20653 "-" "Mozilla/5.0 (compatible; AhrefsBot/7.0; +http://ahrefs.com/robot/)"
204.48.19.85 - - [30/Jun/2021:22:48:07 -0400] "POST /wp-cron.php?doing_wp_cron=1625107687.7870609760284423828125 HTTP/1.1" 200 5548 "https://angelsonhighstreet.com/wp-cron.php?doing_wp_cron=1625107687.7870609760284423828125" "WordPress/5.7.2; https://angelsonhighstreet.com"
66.249.66.38 - - [30/Jun/2021:22:48:07 -0400] "GET /feed HTTP/1.1" 304 5492 "-" "Mozilla/5.0 (Linux; Android 6.0.1; Nexus 5X Build/MMB29P) AppleWebKit/537.36 (KHTML, like Gecko) Chrome/91.0.4472.90 Mobile Safari/537.36 (compatible; Googlebot/2.1; +http://www.google.com/bot.html)"
40.88.21.235 - - [30/Jun/2021:22:48:57 -0400] "GET / HTTP/1.1" 301 595 "http://angelsonhighstreet.com/" "Mozilla/5.0 (compatible; DuckDuckGo-Favicons-Bot/1.0; +http://duckduckgo.com)"
204.48.19.85 - - [30/Jun/2021:22:48:57 -0400] "POST /wp-cron.php?doing_wp_cron=1625107737.2336239814758300781250 HTTP/1.1" 200 5548 "https://angelsonhighstreet.com/wp-cron.php?doing_wp_cron=1625107737.2336239814758300781250" "WordPress/5.7.2; https://angelsonhighstreet.com"
40.88.21.235 - - [30/Jun/2021:22:48:57 -0400] "GET / HTTP/1.1" 200 25323 "https://angelsonhighstreet.com/" "Mozilla/5.0 (compatible; DuckDuckGo-Favicons-Bot/1.0; +http://duckduckgo.com)"
40.88.21.235 - - [30/Jun/2021:22:48:57 -0400] "GET /wp-content/uploads/2020/05/aohs_logo_transparent.png HTTP/1.1" 200 192298 "https://angelsonhighstreet.com/wp-content/uploads/2020/05/aohs_logo_transparent.png" "Mozilla/5.0 (compatible; DuckDuckGo-Favicons-Bot/1.0; +http://duckduckgo.com)"
204.48.19.85 - - [30/Jun/2021:22:50:45 -0400] "POST /wp-cron.php?doing_wp_cron=1625107845.9208519458770751953125 HTTP/1.1" 200 5548 "https://angelsonhighstreet.com/wp-cron.php?doing_wp_cron=1625107845.9208519458770751953125" "WordPress/5.7.2; https://angelsonhighstreet.com"
54.36.148.185 - - [30/Jun/2021:22:50:45 -0400] "GET /product-category/salves?product_order=desc&product_view=grid&product_count=48 HTTP/1.1" 200 20654 "-" "Mozilla/5.0 (compatible; AhrefsBot/7.0; +http://ahrefs.com/robot/)"
204.48.19.85 - - [30/Jun/2021:22:56:14 -0400] "POST /wp-cron.php?doing_wp_cron=1625108174.6912450790405273437500 HTTP/1.1" 200 5548 "https://angelsonhighstreet.com/wp-cron.php?doing_wp_cron=1625108174.6912450790405273437500" "WordPress/5.7.2; https://angelsonhighstreet.com"
54.36.149.30 - - [30/Jun/2021:22:56:14 -0400] "GET /product-category/salves?product_orderby=default&product_order=desc&product_view=list HTTP/1.1" 200 20852 "-" "Mozilla/5.0 (compatible; AhrefsBot/7.0; +http://ahrefs.com/robot/)"
204.48.19.85 - - [30/Jun/2021:23:00:56 -0400] "POST /wp-cron.php?doing_wp_cron=1625108456.1690781116485595703125 HTTP/1.1" 200 5548 "https://angelsonhighstreet.com/wp-cron.php?doing_wp_cron=1625108456.1690781116485595703125" "WordPress/5.7.2; https://angelsonhighstreet.com"
54.36.149.80 - - [30/Jun/2021:23:00:56 -0400] "GET /product-category/salves?product_view=grid&product_orderby=default&product_order=asc&product_count=32 HTTP/1.1" 200 20666 "-" "Mozilla/5.0 (compatible; AhrefsBot/7.0; +http://ahrefs.com/robot/)"
204.48.19.85 - - [30/Jun/2021:23:05:07 -0400] "POST /wp-cron.php?doing_wp_cron=1625108707.0930109024047851562500 HTTP/1.1" 200 5548 "https://angelsonhighstreet.com/wp-cron.php?doing_wp_cron=1625108707.0930109024047851562500" "WordPress/5.7.2; https://angelsonhighstreet.com"
54.36.149.18 - - [30/Jun/2021:23:05:06 -0400] "GET /product-category/salves?product_view=grid&product_orderby=price&product_order=asc&product_count=32 HTTP/1.1" 200 20683 "-" "Mozilla/5.0 (compatible; AhrefsBot/7.0; +http://ahrefs.com/robot/)"
204.48.19.85 - - [30/Jun/2021:23:08:49 -0400] "POST /wp-cron.php?doing_wp_cron=1625108929.2175910472869873046875 HTTP/1.1" 200 5548 "https://angelsonhighstreet.com/wp-cron.php?doing_wp_cron=1625108929.2175910472869873046875" "WordPress/5.7.2; https://angelsonhighstreet.com"
207.46.13.62 - - [30/Jun/2021:23:08:49 -0400] "GET /shop-full-width?product_orderby=default&product_view=list HTTP/1.1" 200 21071 "-" "Mozilla/5.0 (compatible; bingbot/2.0; +http://www.bing.com/bingbot.htm)"
204.48.19.85 - - [30/Jun/2021:23:09:25 -0400] "POST /wp-cron.php?doing_wp_cron=1625108965.7040379047393798828125 HTTP/1.1" 200 5548 "https://angelsonhighstreet.com/wp-cron.php?doing_wp_cron=1625108965.7040379047393798828125" "WordPress/5.7.2; https://angelsonhighstreet.com"
54.36.149.18 - - [30/Jun/2021:23:09:25 -0400] "GET /product-category/salves?product_view=grid&product_orderby=price&product_order=asc&product_count=16 HTTP/1.1" 200 20678 "-" "Mozilla/5.0 (compatible; AhrefsBot/7.0; +http://ahrefs.com/robot/)"
204.48.19.85 - - [30/Jun/2021:23:13:27 -0400] "POST /wp-cron.php?doing_wp_cron=1625109207.5714380741119384765625 HTTP/1.1" 200 5548 "https://angelsonhighstreet.com/wp-cron.php?doing_wp_cron=1625109207.5714380741119384765625" "WordPress/5.7.2; https://angelsonhighstreet.com"
54.36.148.220 - - [30/Jun/2021:23:13:27 -0400] "GET /product-category/salves?product_orderby=popularity&product_order=desc&product_view=grid HTTP/1.1" 200 20696 "-" "Mozilla/5.0 (compatible; AhrefsBot/7.0; +http://ahrefs.com/robot/)"
204.48.19.85 - - [30/Jun/2021:23:17:41 -0400] "POST /wp-cron.php?doing_wp_cron=1625109461.2655370235443115234375 HTTP/1.1" 200 5548 "https://angelsonhighstreet.com/wp-cron.php?doing_wp_cron=1625109461.2655370235443115234375" "WordPress/5.7.2; https://angelsonhighstreet.com"
54.36.149.18 - - [30/Jun/2021:23:17:41 -0400] "GET /product-category/salves?product_view=list&product_orderby=popularity&product_order=asc&product_count=32 HTTP/1.1" 200 20863 "-" "Mozilla/5.0 (compatible; AhrefsBot/7.0; +http://ahrefs.com/robot/)"
204.48.19.85 - - [30/Jun/2021:23:21:54 -0400] "POST /wp-cron.php?doing_wp_cron=1625109714.7194330692291259765625 HTTP/1.1" 200 5548 "https://angelsonhighstreet.com/wp-cron.php?doing_wp_cron=1625109714.7194330692291259765625" "WordPress/5.7.2; https://angelsonhighstreet.com"
54.36.148.40 - - [30/Jun/2021:23:21:54 -0400] "GET /product-category/oils?product_count=32&product_order=asc&product_orderby=price&product_view=list HTTP/1.1" 200 20739 "-" "Mozilla/5.0 (compatible; AhrefsBot/7.0; +http://ahrefs.com/robot/)"
204.48.19.85 - - [30/Jun/2021:23:26:07 -0400] "POST /wp-cron.php?doing_wp_cron=1625109967.3309929370880126953125 HTTP/1.1" 200 5548 "https://angelsonhighstreet.com/wp-cron.php?doing_wp_cron=1625109967.3309929370880126953125" "WordPress/5.7.2; https://angelsonhighstreet.com"
54.36.149.18 - - [30/Jun/2021:23:26:07 -0400] "GET /product-category/salves?product_orderby=price&product_order=desc&product_view=grid HTTP/1.1" 200 20429 "-" "Mozilla/5.0 (compatible; AhrefsBot/7.0; +http://ahrefs.com/robot/)"
204.48.19.85 - - [30/Jun/2021:23:30:16 -0400] "POST /wp-cron.php?doing_wp_cron=1625110216.1740050315856933593750 HTTP/1.1" 200 5548 "https://angelsonhighstreet.com/wp-cron.php?doing_wp_cron=1625110216.1740050315856933593750" "WordPress/5.7.2; https://angelsonhighstreet.com"
54.36.148.172 - - [30/Jun/2021:23:30:16 -0400] "GET /product-category/salves?product_orderby=rating&product_order=desc&product_view=grid HTTP/1.1" 200 20435 "-" "Mozilla/5.0 (compatible; AhrefsBot/7.0; +http://ahrefs.com/robot/)"
54.36.149.24 - - [30/Jun/2021:23:34:29 -0400] "GET /product-category/salves?product_view=list&product_orderby=rating&product_order=desc&product_count=48 HTTP/1.1" 200 20859 "-" "Mozilla/5.0 (compatible; AhrefsBot/7.0; +http://ahrefs.com/robot/)"
204.48.19.85 - - [30/Jun/2021:23:34:29 -0400] "POST /wp-cron.php?doing_wp_cron=1625110469.6371409893035888671875 HTTP/1.1" 200 5548 "https://angelsonhighstreet.com/wp-cron.php?doing_wp_cron=1625110469.6371409893035888671875" "WordPress/5.7.2; https://angelsonhighstreet.com"
204.48.19.85 - - [30/Jun/2021:23:38:37 -0400] "POST /wp-cron.php?doing_wp_cron=1625110717.5173940658569335937500 HTTP/1.1" 200 5548 "https://angelsonhighstreet.com/wp-cron.php?doing_wp_cron=1625110717.5173940658569335937500" "WordPress/5.7.2; https://angelsonhighstreet.com"
54.36.149.31 - - [30/Jun/2021:23:38:37 -0400] "GET /product-category/salves?product_orderby=price&product_order=desc&product_view=list HTTP/1.1" 200 20849 "-" "Mozilla/5.0 (compatible; AhrefsBot/7.0; +http://ahrefs.com/robot/)"
204.48.19.85 - - [30/Jun/2021:23:42:48 -0400] "POST /wp-cron.php?doing_wp_cron=1625110968.1714379787445068359375 HTTP/1.1" 200 5548 "https://angelsonhighstreet.com/wp-cron.php?doing_wp_cron=1625110968.1714379787445068359375" "WordPress/5.7.2; https://angelsonhighstreet.com"
54.36.149.18 - - [30/Jun/2021:23:42:48 -0400] "GET /product-category/oils?product_count=16&product_order=asc&product_orderby=rating&product_view=grid HTTP/1.1" 200 20451 "-" "Mozilla/5.0 (compatible; AhrefsBot/7.0; +http://ahrefs.com/robot/)"
204.48.19.85 - - [30/Jun/2021:23:47:08 -0400] "POST /wp-cron.php?doing_wp_cron=1625111228.1422090530395507812500 HTTP/1.1" 200 5548 "https://angelsonhighstreet.com/wp-cron.php?doing_wp_cron=1625111228.1422090530395507812500" "WordPress/5.7.2; https://angelsonhighstreet.com"
54.36.149.63 - - [30/Jun/2021:23:47:07 -0400] "GET /product-category/salves?product_view=list&product_orderby=rating&product_order=desc&product_count=16 HTTP/1.1" 200 20855 "-" "Mozilla/5.0 (compatible; AhrefsBot/7.0; +http://ahrefs.com/robot/)"
204.48.19.85 - - [30/Jun/2021:23:51:29 -0400] "POST /wp-cron.php?doing_wp_cron=1625111489.8378949165344238281250 HTTP/1.1" 200 5548 "https://angelsonhighstreet.com/wp-cron.php?doing_wp_cron=1625111489.8378949165344238281250" "WordPress/5.7.2; https://angelsonhighstreet.com"
54.36.148.138 - - [30/Jun/2021:23:51:29 -0400] "GET /product-category/salves?product_orderby=rating&product_order=desc&product_view=list HTTP/1.1" 200 20860 "-" "Mozilla/5.0 (compatible; AhrefsBot/7.0; +http://ahrefs.com/robot/)"
204.48.19.85 - - [30/Jun/2021:23:55:51 -0400] "POST /wp-cron.php?doing_wp_cron=1625111751.4905869960784912109375 HTTP/1.1" 200 5548 "https://angelsonhighstreet.com/wp-cron.php?doing_wp_cron=1625111751.4905869960784912109375" "WordPress/5.7.2; https://angelsonhighstreet.com"
54.36.148.208 - - [30/Jun/2021:23:55:51 -0400] "GET /product-category/salves?product_view=grid&product_order=desc&product_orderby=price HTTP/1.1" 200 20668 "-" "Mozilla/5.0 (compatible; AhrefsBot/7.0; +http://ahrefs.com/robot/)"
