54.36.148.225 - - [28/Jun/2021:13:38:11 -0400] "GET /product-category/oils?product_orderby=date&product_order=desc&product_count=48 HTTP/1.1" 200 20425 "-" "Mozilla/5.0 (compatible; AhrefsBot/7.0; +http://ahrefs.com/robot/)"
66.249.79.45 - - [28/Jun/2021:13:38:19 -0400] "GET /wp-content/uploads/2020/08/D37CB261-2BE3-4FB2-AE52-84F8AC85FF3A.jpeg HTTP/1.1" 304 5504 "-" "Googlebot-Image/1.0"
204.48.19.85 - - [28/Jun/2021:13:41:48 -0400] "POST /wp-cron.php?doing_wp_cron=1624902108.2246749401092529296875 HTTP/1.1" 200 5548 "https://angelsonhighstreet.com/wp-cron.php?doing_wp_cron=1624902108.2246749401092529296875" "WordPress/5.7.2; https://angelsonhighstreet.com"
54.36.149.17 - - [28/Jun/2021:13:41:48 -0400] "GET /product-category/oils?product_view=grid&product_order=desc&product_orderby=rating HTTP/1.1" 200 20432 "-" "Mozilla/5.0 (compatible; AhrefsBot/7.0; +http://ahrefs.com/robot/)"
204.48.19.85 - - [28/Jun/2021:13:45:32 -0400] "POST /wp-cron.php?doing_wp_cron=1624902332.6749100685119628906250 HTTP/1.1" 200 5548 "https://angelsonhighstreet.com/wp-cron.php?doing_wp_cron=1624902332.6749100685119628906250" "WordPress/5.7.2; https://angelsonhighstreet.com"
54.36.148.84 - - [28/Jun/2021:13:45:32 -0400] "GET /product-category/salves?product_orderby=default&product_count=32&product_order=asc&product_view=list HTTP/1.1" 200 20827 "-" "Mozilla/5.0 (compatible; AhrefsBot/7.0; +http://ahrefs.com/robot/)"
204.48.19.85 - - [28/Jun/2021:13:49:12 -0400] "POST /wp-cron.php?doing_wp_cron=1624902552.1872389316558837890625 HTTP/1.1" 200 5548 "https://angelsonhighstreet.com/wp-cron.php?doing_wp_cron=1624902552.1872389316558837890625" "WordPress/5.7.2; https://angelsonhighstreet.com"
54.36.149.18 - - [28/Jun/2021:13:49:12 -0400] "GET /product-category/oils?product_order=desc&product_orderby=price&product_count=32 HTTP/1.1" 200 20445 "-" "Mozilla/5.0 (compatible; AhrefsBot/7.0; +http://ahrefs.com/robot/)"
204.48.19.85 - - [28/Jun/2021:13:51:45 -0400] "POST /wp-cron.php?doing_wp_cron=1624902705.0840630531311035156250 HTTP/1.1" 200 5548 "https://angelsonhighstreet.com/wp-cron.php?doing_wp_cron=1624902705.0840630531311035156250" "WordPress/5.7.2; https://angelsonhighstreet.com"
35.227.123.68 - - [28/Jun/2021:13:51:44 -0400] "GET /robots.txt HTTP/1.0" 200 5055 "-" "ZoominfoBot (zoominfobot at zoominfo dot com)"
35.227.123.68 - - [28/Jun/2021:13:51:45 -0400] "GET /comments/feed HTTP/1.0" 200 3584 "-" "ZoominfoBot (zoominfobot at zoominfo dot com)"
204.48.19.85 - - [28/Jun/2021:13:52:53 -0400] "POST /wp-cron.php?doing_wp_cron=1624902773.2042970657348632812500 HTTP/1.1" 200 5548 "https://angelsonhighstreet.com/wp-cron.php?doing_wp_cron=1624902773.2042970657348632812500" "WordPress/5.7.2; https://angelsonhighstreet.com"
54.36.149.18 - - [28/Jun/2021:13:52:53 -0400] "GET /product-category/salves?product_order=desc&product_count=32&product_orderby=date HTTP/1.1" 200 20435 "-" "Mozilla/5.0 (compatible; AhrefsBot/7.0; +http://ahrefs.com/robot/)"
204.48.19.85 - - [28/Jun/2021:13:53:48 -0400] "POST /wp-cron.php?doing_wp_cron=1624902828.6816918849945068359375 HTTP/1.1" 200 5548 "https://angelsonhighstreet.com/wp-cron.php?doing_wp_cron=1624902828.6816918849945068359375" "WordPress/5.7.2; https://angelsonhighstreet.com"
35.227.123.68 - - [28/Jun/2021:13:53:48 -0400] "GET /shop/cbg-salve-with-hawiian-haze-terpenes HTTP/1.0" 200 24793 "-" "ZoominfoBot (zoominfobot at zoominfo dot com)"
204.48.19.85 - - [28/Jun/2021:13:56:37 -0400] "POST /wp-cron.php?doing_wp_cron=1624902997.6001400947570800781250 HTTP/1.1" 200 5548 "https://angelsonhighstreet.com/wp-cron.php?doing_wp_cron=1624902997.6001400947570800781250" "WordPress/5.7.2; https://angelsonhighstreet.com"
54.36.149.18 - - [28/Jun/2021:13:56:37 -0400] "GET /product-category/salves?product_order=desc&product_count=32&product_orderby=popularity HTTP/1.1" 200 20451 "-" "Mozilla/5.0 (compatible; AhrefsBot/7.0; +http://ahrefs.com/robot/)"
204.48.19.85 - - [28/Jun/2021:13:57:15 -0400] "POST /wp-cron.php?doing_wp_cron=1624903035.7508139610290527343750 HTTP/1.1" 200 5548 "https://angelsonhighstreet.com/wp-cron.php?doing_wp_cron=1624903035.7508139610290527343750" "WordPress/5.7.2; https://angelsonhighstreet.com"
35.227.123.68 - - [28/Jun/2021:13:57:15 -0400] "GET /xmlrpc.php?rsd HTTP/1.0" 200 5137 "-" "ZoominfoBot (zoominfobot at zoominfo dot com)"
35.227.123.68 - - [28/Jun/2021:13:57:33 -0400] "GET /cbd-oils HTTP/1.0" 200 19923 "-" "ZoominfoBot (zoominfobot at zoominfo dot com)"
204.48.19.85 - - [28/Jun/2021:14:00:14 -0400] "POST /wp-cron.php?doing_wp_cron=1624903214.2200570106506347656250 HTTP/1.1" 200 5548 "https://angelsonhighstreet.com/wp-cron.php?doing_wp_cron=1624903214.2200570106506347656250" "WordPress/5.7.2; https://angelsonhighstreet.com"
54.36.149.105 - - [28/Jun/2021:14:00:14 -0400] "GET /product-category/oils?product_orderby=name&product_order=desc&product_count=48 HTTP/1.1" 200 20463 "-" "Mozilla/5.0 (compatible; AhrefsBot/7.0; +http://ahrefs.com/robot/)"
204.48.19.85 - - [28/Jun/2021:14:03:03 -0400] "POST /wp-cron.php?doing_wp_cron=1624903383.7900600433349609375000 HTTP/1.1" 200 5548 "https://angelsonhighstreet.com/wp-cron.php?doing_wp_cron=1624903383.7900600433349609375000" "WordPress/5.7.2; https://angelsonhighstreet.com"
35.227.123.68 - - [28/Jun/2021:14:03:03 -0400] "GET /shop/700mg-15ml-cbd-oil HTTP/1.0" 200 23529 "-" "ZoominfoBot (zoominfobot at zoominfo dot com)"
54.36.148.214 - - [28/Jun/2021:14:03:41 -0400] "GET /product-category/salves?product_orderby=price&product_view=grid&product_order=asc&product_count=16 HTTP/1.1" 200 20681 "-" "Mozilla/5.0 (compatible; AhrefsBot/7.0; +http://ahrefs.com/robot/)"
204.48.19.85 - - [28/Jun/2021:14:04:03 -0400] "POST /wp-cron.php?doing_wp_cron=1624903443.0859599113464355468750 HTTP/1.1" 200 5548 "https://angelsonhighstreet.com/wp-cron.php?doing_wp_cron=1624903443.0859599113464355468750" "WordPress/5.7.2; https://angelsonhighstreet.com"
35.227.123.68 - - [28/Jun/2021:14:04:02 -0400] "GET /author/admin HTTP/1.0" 200 20645 "-" "ZoominfoBot (zoominfobot at zoominfo dot com)"
204.48.19.85 - - [28/Jun/2021:14:07:06 -0400] "POST /wp-cron.php?doing_wp_cron=1624903626.6777689456939697265625 HTTP/1.1" 200 5548 "https://angelsonhighstreet.com/wp-cron.php?doing_wp_cron=1624903626.6777689456939697265625" "WordPress/5.7.2; https://angelsonhighstreet.com"
54.36.149.18 - - [28/Jun/2021:14:07:06 -0400] "GET /product-category/oils?product_orderby=default&product_order=asc&product_count=48 HTTP/1.1" 200 20444 "-" "Mozilla/5.0 (compatible; AhrefsBot/7.0; +http://ahrefs.com/robot/)"
35.227.123.68 - - [28/Jun/2021:14:07:48 -0400] "GET /shop/2130mg-30ml-whole-plant-cbg-extract-oil HTTP/1.0" 200 25015 "-" "ZoominfoBot (zoominfobot at zoominfo dot com)"
204.48.19.85 - - [28/Jun/2021:14:08:25 -0400] "POST /wp-cron.php?doing_wp_cron=1624903705.2264659404754638671875 HTTP/1.1" 200 5548 "https://angelsonhighstreet.com/wp-cron.php?doing_wp_cron=1624903705.2264659404754638671875" "WordPress/5.7.2; https://angelsonhighstreet.com"
35.227.123.68 - - [28/Jun/2021:14:08:25 -0400] "GET /apparel HTTP/1.0" 200 18913 "-" "ZoominfoBot (zoominfobot at zoominfo dot com)"
204.48.19.85 - - [28/Jun/2021:14:09:08 -0400] "POST /wp-cron.php?doing_wp_cron=1624903748.4477529525756835937500 HTTP/1.1" 200 5548 "https://angelsonhighstreet.com/wp-cron.php?doing_wp_cron=1624903748.4477529525756835937500" "WordPress/5.7.2; https://angelsonhighstreet.com"
185.191.171.25 - - [28/Jun/2021:14:09:08 -0400] "GET /robots.txt HTTP/1.1" 200 5752 "-" "Mozilla/5.0 (compatible; SemrushBot/7~bl; +http://www.semrush.com/bot.html)"
185.191.171.13 - - [28/Jun/2021:14:09:10 -0400] "GET /product-category/oils?product_count=16&product_orderby=default&product_view=grid HTTP/1.1" 200 20383 "-" "Mozilla/5.0 (compatible; SemrushBot/7~bl; +http://www.semrush.com/bot.html)"
204.48.19.85 - - [28/Jun/2021:14:10:52 -0400] "POST /wp-cron.php?doing_wp_cron=1624903852.8509409427642822265625 HTTP/1.1" 200 5548 "https://angelsonhighstreet.com/wp-cron.php?doing_wp_cron=1624903852.8509409427642822265625" "WordPress/5.7.2; https://angelsonhighstreet.com"
54.36.148.170 - - [28/Jun/2021:14:10:52 -0400] "GET /product-category/salves?product_orderby=price&product_view=list&product_order=asc&product_count=48 HTTP/1.1" 200 20857 "-" "Mozilla/5.0 (compatible; AhrefsBot/7.0; +http://ahrefs.com/robot/)"
204.48.19.85 - - [28/Jun/2021:14:13:31 -0400] "POST /wp-cron.php?doing_wp_cron=1624904011.9690721035003662109375 HTTP/1.1" 200 5548 "https://angelsonhighstreet.com/wp-cron.php?doing_wp_cron=1624904011.9690721035003662109375" "WordPress/5.7.2; https://angelsonhighstreet.com"
40.77.167.51 - - [28/Jun/2021:14:13:31 -0400] "GET /shop-full-width?add-to-cart=19951&product_orderby=date HTTP/1.1" 200 20744 "-" "Mozilla/5.0 (compatible; bingbot/2.0; +http://www.bing.com/bingbot.htm)"
204.48.19.85 - - [28/Jun/2021:14:14:22 -0400] "POST /wp-cron.php?doing_wp_cron=1624904062.6125800609588623046875 HTTP/1.1" 200 5548 "https://angelsonhighstreet.com/wp-cron.php?doing_wp_cron=1624904062.6125800609588623046875" "WordPress/5.7.2; https://angelsonhighstreet.com"
35.227.123.68 - - [28/Jun/2021:14:14:22 -0400] "GET /shop/cbg-salve-with-special-sauce-terpenes HTTP/1.0" 200 26377 "-" "ZoominfoBot (zoominfobot at zoominfo dot com)"
54.36.148.75 - - [28/Jun/2021:14:14:26 -0400] "GET /product-category/salves?product_count=16&product_orderby=rating&product_order=asc&product_view=list HTTP/1.1" 200 20862 "-" "Mozilla/5.0 (compatible; AhrefsBot/7.0; +http://ahrefs.com/robot/)"
204.48.19.85 - - [28/Jun/2021:14:15:42 -0400] "POST /wp-cron.php?doing_wp_cron=1624904142.8798980712890625000000 HTTP/1.1" 200 5548 "https://angelsonhighstreet.com/wp-cron.php?doing_wp_cron=1624904142.8798980712890625000000" "WordPress/5.7.2; https://angelsonhighstreet.com"
123.57.15.175 - - [28/Jun/2021:14:15:42 -0400] "POST /wp-login.php HTTP/1.1" 200 8132 "-" "Mozilla/5.0 (Windows NT 6.3; Win64; x64) AppleWebKit/537.36 (KHTML, like Gecko) Chrome/65.0.3325.181 Safari/537.36"
204.48.19.85 - - [28/Jun/2021:14:17:05 -0400] "POST /wp-cron.php?doing_wp_cron=1624904225.2234549522399902343750 HTTP/1.1" 200 5548 "https://angelsonhighstreet.com/wp-cron.php?doing_wp_cron=1624904225.2234549522399902343750" "WordPress/5.7.2; https://angelsonhighstreet.com"
35.227.123.68 - - [28/Jun/2021:14:17:05 -0400] "GET /shop/holy-grail-cbd-healing-salve-1-oz HTTP/1.0" 200 26869 "-" "ZoominfoBot (zoominfobot at zoominfo dot com)"
204.48.19.85 - - [28/Jun/2021:14:18:21 -0400] "POST /wp-cron.php?doing_wp_cron=1624904301.6088531017303466796875 HTTP/1.1" 200 5548 "https://angelsonhighstreet.com/wp-cron.php?doing_wp_cron=1624904301.6088531017303466796875" "WordPress/5.7.2; https://angelsonhighstreet.com"
54.36.149.18 - - [28/Jun/2021:14:18:21 -0400] "GET /product-category/oils?product_view=grid&product_order=desc&product_orderby=default HTTP/1.1" 200 20483 "-" "Mozilla/5.0 (compatible; AhrefsBot/7.0; +http://ahrefs.com/robot/)"
204.48.19.85 - - [28/Jun/2021:14:21:09 -0400] "POST /wp-cron.php?doing_wp_cron=1624904469.6695110797882080078125 HTTP/1.1" 200 5548 "https://angelsonhighstreet.com/wp-cron.php?doing_wp_cron=1624904469.6695110797882080078125" "WordPress/5.7.2; https://angelsonhighstreet.com"
49.232.109.167 - - [28/Jun/2021:14:21:09 -0400] "POST /wp-login.php HTTP/1.1" 200 8133 "-" "Mozilla/5.0 (Windows NT 6.3; Win64; x64) AppleWebKit/537.36 (KHTML, like Gecko) Chrome/68.0.3440.106 Safari/537.36"
204.48.19.85 - - [28/Jun/2021:14:22:55 -0400] "POST /wp-cron.php?doing_wp_cron=1624904575.1349580287933349609375 HTTP/1.1" 200 5548 "https://angelsonhighstreet.com/wp-cron.php?doing_wp_cron=1624904575.1349580287933349609375" "WordPress/5.7.2; https://angelsonhighstreet.com"
54.36.149.10 - - [28/Jun/2021:14:22:54 -0400] "GET /product-category/salves?product_count=32&product_order=desc&product_orderby=popularity HTTP/1.1" 200 20450 "-" "Mozilla/5.0 (compatible; AhrefsBot/7.0; +http://ahrefs.com/robot/)"
204.48.19.85 - - [28/Jun/2021:14:24:54 -0400] "POST /wp-cron.php?doing_wp_cron=1624904694.4171080589294433593750 HTTP/1.1" 200 5548 "https://angelsonhighstreet.com/wp-cron.php?doing_wp_cron=1624904694.4171080589294433593750" "WordPress/5.7.2; https://angelsonhighstreet.com"
35.227.123.68 - - [28/Jun/2021:14:24:54 -0400] "GET /contact-us HTTP/1.0" 200 19695 "-" "ZoominfoBot (zoominfobot at zoominfo dot com)"
204.48.19.85 - - [28/Jun/2021:14:27:01 -0400] "POST /wp-cron.php?doing_wp_cron=1624904821.4188129901885986328125 HTTP/1.1" 200 5548 "https://angelsonhighstreet.com/wp-cron.php?doing_wp_cron=1624904821.4188129901885986328125" "WordPress/5.7.2; https://angelsonhighstreet.com"
35.227.123.68 - - [28/Jun/2021:14:27:01 -0400] "GET /cbd-salves HTTP/1.0" 200 20095 "-" "ZoominfoBot (zoominfobot at zoominfo dot com)"
54.36.149.57 - - [28/Jun/2021:14:27:40 -0400] "GET /product-category/salves?product_orderby=name&product_count=48&product_order=asc&product_view=list HTTP/1.1" 200 20853 "-" "Mozilla/5.0 (compatible; AhrefsBot/7.0; +http://ahrefs.com/robot/)"
204.48.19.85 - - [28/Jun/2021:14:32:02 -0400] "POST /wp-cron.php?doing_wp_cron=1624905122.6045849323272705078125 HTTP/1.1" 200 5548 "https://angelsonhighstreet.com/wp-cron.php?doing_wp_cron=1624905122.6045849323272705078125" "WordPress/5.7.2; https://angelsonhighstreet.com"
54.36.148.242 - - [28/Jun/2021:14:32:02 -0400] "GET /product-category/salves?product_count=32&product_orderby=rating&product_order=asc&product_view=list HTTP/1.1" 200 20867 "-" "Mozilla/5.0 (compatible; AhrefsBot/7.0; +http://ahrefs.com/robot/)"
204.48.19.85 - - [28/Jun/2021:14:33:14 -0400] "POST /wp-cron.php?doing_wp_cron=1624905194.6790709495544433593750 HTTP/1.1" 200 5548 "https://angelsonhighstreet.com/wp-cron.php?doing_wp_cron=1624905194.6790709495544433593750" "WordPress/5.7.2; https://angelsonhighstreet.com"
35.227.123.68 - - [28/Jun/2021:14:33:14 -0400] "GET /shop/cbg-healing-salve-1-oz HTTP/1.0" 200 27051 "-" "ZoominfoBot (zoominfobot at zoominfo dot com)"
204.48.19.85 - - [28/Jun/2021:14:35:00 -0400] "POST /wp-cron.php?doing_wp_cron=1624905300.9789869785308837890625 HTTP/1.1" 200 5548 "https://angelsonhighstreet.com/wp-cron.php?doing_wp_cron=1624905300.9789869785308837890625" "WordPress/5.7.2; https://angelsonhighstreet.com"
35.227.123.68 - - [28/Jun/2021:14:35:00 -0400] "GET /shop/cbg-salve-with-lifter-terpenes HTTP/1.0" 200 27437 "-" "ZoominfoBot (zoominfobot at zoominfo dot com)"
204.48.19.85 - - [28/Jun/2021:14:36:24 -0400] "POST /wp-cron.php?doing_wp_cron=1624905384.0961120128631591796875 HTTP/1.1" 200 5548 "https://angelsonhighstreet.com/wp-cron.php?doing_wp_cron=1624905384.0961120128631591796875" "WordPress/5.7.2; https://angelsonhighstreet.com"
54.36.149.46 - - [28/Jun/2021:14:36:23 -0400] "GET /product-category/salves?product_count=32&product_order=desc&product_orderby=price HTTP/1.1" 200 20655 "-" "Mozilla/5.0 (compatible; AhrefsBot/7.0; +http://ahrefs.com/robot/)"
35.227.123.68 - - [28/Jun/2021:14:36:31 -0400] "GET /bath-bombs HTTP/1.0" 404 18901 "-" "ZoominfoBot (zoominfobot at zoominfo dot com)"
45.82.71.196 - - [28/Jun/2021:14:37:44 -0400] "GET / HTTP/1.1" 301 539 "-" "python-urllib3/1.26.3"
204.48.19.85 - - [28/Jun/2021:14:37:54 -0400] "POST /wp-cron.php?doing_wp_cron=1624905474.9243760108947753906250 HTTP/1.1" 200 5548 "https://angelsonhighstreet.com/wp-cron.php?doing_wp_cron=1624905474.9243760108947753906250" "WordPress/5.7.2; https://angelsonhighstreet.com"
45.82.71.196 - - [28/Jun/2021:14:37:54 -0400] "GET / HTTP/1.1" 200 113901 "-" "python-urllib3/1.26.3"
204.48.19.85 - - [28/Jun/2021:14:38:18 -0400] "POST /wp-cron.php?doing_wp_cron=1624905498.8612151145935058593750 HTTP/1.1" 200 5548 "https://angelsonhighstreet.com/wp-cron.php?doing_wp_cron=1624905498.8612151145935058593750" "WordPress/5.7.2; https://angelsonhighstreet.com"
35.227.123.68 - - [28/Jun/2021:14:38:18 -0400] "GET /shop-full-width HTTP/1.0" 200 20372 "-" "ZoominfoBot (zoominfobot at zoominfo dot com)"
204.48.19.85 - - [28/Jun/2021:14:40:50 -0400] "POST /wp-cron.php?doing_wp_cron=1624905650.8706281185150146484375 HTTP/1.1" 200 5548 "https://angelsonhighstreet.com/wp-cron.php?doing_wp_cron=1624905650.8706281185150146484375" "WordPress/5.7.2; https://angelsonhighstreet.com"
54.36.149.18 - - [28/Jun/2021:14:40:50 -0400] "GET /product-category/oils?product_order=desc&product_orderby=default&product_count=48 HTTP/1.1" 200 20425 "-" "Mozilla/5.0 (compatible; AhrefsBot/7.0; +http://ahrefs.com/robot/)"
204.48.19.85 - - [28/Jun/2021:14:45:41 -0400] "POST /wp-cron.php?doing_wp_cron=1624905941.2192580699920654296875 HTTP/1.1" 200 5548 "https://angelsonhighstreet.com/wp-cron.php?doing_wp_cron=1624905941.2192580699920654296875" "WordPress/5.7.2; https://angelsonhighstreet.com"
54.36.148.86 - - [28/Jun/2021:14:45:41 -0400] "GET /product-category/oils?product_orderby=date&product_order=asc&product_count=16 HTTP/1.1" 200 20418 "-" "Mozilla/5.0 (compatible; AhrefsBot/7.0; +http://ahrefs.com/robot/)"
204.48.19.85 - - [28/Jun/2021:14:46:38 -0400] "POST /wp-cron.php?doing_wp_cron=1624905998.1210141181945800781250 HTTP/1.1" 200 5548 "https://angelsonhighstreet.com/wp-cron.php?doing_wp_cron=1624905998.1210141181945800781250" "WordPress/5.7.2; https://angelsonhighstreet.com"
35.227.123.68 - - [28/Jun/2021:14:46:37 -0400] "GET /feed HTTP/1.0" 200 5414 "-" "ZoominfoBot (zoominfobot at zoominfo dot com)"
204.48.19.85 - - [28/Jun/2021:14:47:18 -0400] "POST /wp-cron.php?doing_wp_cron=1624906038.2803890705108642578125 HTTP/1.1" 200 5548 "https://angelsonhighstreet.com/wp-cron.php?doing_wp_cron=1624906038.2803890705108642578125" "WordPress/5.7.2; https://angelsonhighstreet.com"
35.227.123.68 - - [28/Jun/2021:14:47:18 -0400] "GET /affiliate-home/affiliate-register HTTP/1.0" 200 24210 "-" "ZoominfoBot (zoominfobot at zoominfo dot com)"
204.48.19.85 - - [28/Jun/2021:14:48:40 -0400] "POST /wp-cron.php?doing_wp_cron=1624906120.2664608955383300781250 HTTP/1.1" 200 5548 "https://angelsonhighstreet.com/wp-cron.php?doing_wp_cron=1624906120.2664608955383300781250" "WordPress/5.7.2; https://angelsonhighstreet.com"
35.227.123.68 - - [28/Jun/2021:14:48:40 -0400] "GET /shop/2000mg-30ml-cbd-oil HTTP/1.0" 200 22329 "-" "ZoominfoBot (zoominfobot at zoominfo dot com)"
204.48.19.85 - - [28/Jun/2021:14:49:45 -0400] "POST /wp-cron.php?doing_wp_cron=1624906185.2757649421691894531250 HTTP/1.1" 200 5548 "https://angelsonhighstreet.com/wp-cron.php?doing_wp_cron=1624906185.2757649421691894531250" "WordPress/5.7.2; https://angelsonhighstreet.com"
35.227.123.68 - - [28/Jun/2021:14:49:45 -0400] "GET /about-us HTTP/1.0" 200 19868 "-" "ZoominfoBot (zoominfobot at zoominfo dot com)"
204.48.19.85 - - [28/Jun/2021:14:50:25 -0400] "POST /wp-cron.php?doing_wp_cron=1624906225.3832149505615234375000 HTTP/1.1" 200 5548 "https://angelsonhighstreet.com/wp-cron.php?doing_wp_cron=1624906225.3832149505615234375000" "WordPress/5.7.2; https://angelsonhighstreet.com"
35.227.123.68 - - [28/Jun/2021:14:50:25 -0400] "GET /cart HTTP/1.0" 200 21155 "-" "ZoominfoBot (zoominfobot at zoominfo dot com)"
204.48.19.85 - - [28/Jun/2021:14:50:59 -0400] "POST /wp-cron.php?doing_wp_cron=1624906259.9361100196838378906250 HTTP/1.1" 200 5548 "https://angelsonhighstreet.com/wp-cron.php?doing_wp_cron=1624906259.9361100196838378906250" "WordPress/5.7.2; https://angelsonhighstreet.com"
54.36.148.187 - - [28/Jun/2021:14:50:59 -0400] "GET /product-category/salves?product_count=16&product_orderby=date&product_order=asc&product_view=list HTTP/1.1" 200 20566 "-" "Mozilla/5.0 (compatible; AhrefsBot/7.0; +http://ahrefs.com/robot/)"
204.48.19.85 - - [28/Jun/2021:14:54:40 -0400] "POST /wp-cron.php?doing_wp_cron=1624906480.7610270977020263671875 HTTP/1.1" 200 5548 "https://angelsonhighstreet.com/wp-cron.php?doing_wp_cron=1624906480.7610270977020263671875" "WordPress/5.7.2; https://angelsonhighstreet.com"
35.227.123.68 - - [28/Jun/2021:14:54:40 -0400] "GET /affiliate-home HTTP/1.0" 200 19179 "-" "ZoominfoBot (zoominfobot at zoominfo dot com)"
204.48.19.85 - - [28/Jun/2021:14:55:51 -0400] "POST /wp-cron.php?doing_wp_cron=1624906551.4711029529571533203125 HTTP/1.1" 200 5548 "https://angelsonhighstreet.com/wp-cron.php?doing_wp_cron=1624906551.4711029529571533203125" "WordPress/5.7.2; https://angelsonhighstreet.com"
54.36.149.18 - - [28/Jun/2021:14:55:51 -0400] "GET /product-category/salves?product_count=32&product_order=desc&product_orderby=name HTTP/1.1" 200 20433 "-" "Mozilla/5.0 (compatible; AhrefsBot/7.0; +http://ahrefs.com/robot/)"
204.48.19.85 - - [28/Jun/2021:14:57:00 -0400] "POST /wp-cron.php?doing_wp_cron=1624906620.5023579597473144531250 HTTP/1.1" 200 5548 "https://angelsonhighstreet.com/wp-cron.php?doing_wp_cron=1624906620.5023579597473144531250" "WordPress/5.7.2; https://angelsonhighstreet.com"
35.227.123.68 - - [28/Jun/2021:14:57:00 -0400] "GET /affiliate-home/affiliate-login HTTP/1.0" 200 19061 "-" "ZoominfoBot (zoominfobot at zoominfo dot com)"
35.227.123.68 - - [28/Jun/2021:14:57:09 -0400] "GET /my-account HTTP/1.0" 200 20057 "-" "ZoominfoBot (zoominfobot at zoominfo dot com)"
35.227.123.68 - - [28/Jun/2021:14:57:35 -0400] "GET /what-is-cbd HTTP/1.0" 200 20511 "-" "ZoominfoBot (zoominfobot at zoominfo dot com)"
204.48.19.85 - - [28/Jun/2021:15:00:16 -0400] "POST /wp-cron.php?doing_wp_cron=1624906816.4935181140899658203125 HTTP/1.1" 200 5548 "https://angelsonhighstreet.com/wp-cron.php?doing_wp_cron=1624906816.4935181140899658203125" "WordPress/5.7.2; https://angelsonhighstreet.com"
54.36.149.57 - - [28/Jun/2021:15:00:16 -0400] "GET /product-category/oils?product_orderby=date&product_order=asc&product_count=32 HTTP/1.1" 200 20424 "-" "Mozilla/5.0 (compatible; AhrefsBot/7.0; +http://ahrefs.com/robot/)"
204.48.19.85 - - [28/Jun/2021:15:04:20 -0400] "POST /wp-cron.php?doing_wp_cron=1624907060.4720718860626220703125 HTTP/1.1" 200 5548 "https://angelsonhighstreet.com/wp-cron.php?doing_wp_cron=1624907060.4720718860626220703125" "WordPress/5.7.2; https://angelsonhighstreet.com"
54.36.148.47 - - [28/Jun/2021:15:04:20 -0400] "GET /product-category/salves?product_count=32&product_order=desc&product_orderby=default HTTP/1.1" 200 20680 "-" "Mozilla/5.0 (compatible; AhrefsBot/7.0; +http://ahrefs.com/robot/)"
18.223.115.74 - - [28/Jun/2021:15:04:21 -0400] "GET /contact-us HTTP/1.1" 200 19997 "-" "Mozilla/5.0 (Windows NT 10.0; WOW64) AppleWebKit/537.36 (KHTML, like Gecko) Chrome/65.0.3325.183 Safari/537.36 Vivaldi/1.96.1147.42"
18.223.115.74 - - [28/Jun/2021:15:04:22 -0400] "POST /wp-json/ HTTP/1.1" 404 5652 "https://angelsonhighstreet.com/contact-us" "Mozilla/5.0 (Windows NT 10.0; WOW64) AppleWebKit/537.36 (KHTML, like Gecko) Chrome/65.0.3325.183 Safari/537.36 Vivaldi/1.96.1147.42"
82.202.165.119 - - [28/Jun/2021:15:04:25 -0400] "GET / HTTP/1.1" 200 113901 "-" "Mozilla/5.0 (Macintosh; Intel Mac OS X 10_5_3 rv:6.0; sl-SI) AppleWebKit/535.47.6 (KHTML, like Gecko) Version/5.0.1 Safari/535.47.6"
82.202.165.119 - - [28/Jun/2021:15:04:26 -0400] "POST / HTTP/1.1" 200 114115 "-" "Mozilla/5.0 (Macintosh; Intel Mac OS X 10_5_3 rv:6.0; sl-SI) AppleWebKit/535.47.6 (KHTML, like Gecko) Version/5.0.1 Safari/535.47.6"
82.202.165.119 - - [28/Jun/2021:15:04:27 -0400] "GET /affiliate-home/affiliate-register HTTP/1.1" 200 85262 "-" "Mozilla/5.0 (Macintosh; Intel Mac OS X 10_5_3 rv:6.0; sl-SI) AppleWebKit/535.47.6 (KHTML, like Gecko) Version/5.0.1 Safari/535.47.6"
82.202.165.119 - - [28/Jun/2021:15:04:28 -0400] "POST /affiliate-home/affiliate-register HTTP/1.1" 200 68617 "-" "Mozilla/5.0 (Macintosh; Intel Mac OS X 10_5_3 rv:6.0; sl-SI) AppleWebKit/535.47.6 (KHTML, like Gecko) Version/5.0.1 Safari/535.47.6"
82.202.165.119 - - [28/Jun/2021:15:04:29 -0400] "GET /contact-us HTTP/1.1" 200 66230 "-" "Mozilla/5.0 (Macintosh; Intel Mac OS X 10_5_3 rv:6.0; sl-SI) AppleWebKit/535.47.6 (KHTML, like Gecko) Version/5.0.1 Safari/535.47.6"
82.202.165.119 - - [28/Jun/2021:15:04:29 -0400] "POST /contact-us HTTP/1.1" 200 67802 "-" "Mozilla/5.0 (Macintosh; Intel Mac OS X 10_5_3 rv:6.0; sl-SI) AppleWebKit/535.47.6 (KHTML, like Gecko) Version/5.0.1 Safari/535.47.6"
204.48.19.85 - - [28/Jun/2021:15:08:07 -0400] "POST /wp-cron.php?doing_wp_cron=1624907287.2444319725036621093750 HTTP/1.1" 200 5548 "https://angelsonhighstreet.com/wp-cron.php?doing_wp_cron=1624907287.2444319725036621093750" "WordPress/5.7.2; https://angelsonhighstreet.com"
40.77.167.6 - - [28/Jun/2021:15:08:07 -0400] "GET /shop-full-width?product_order=desc&product_count=32&product_view=grid&product_orderby=rating HTTP/1.1" 200 20751 "-" "Mozilla/5.0 (compatible; bingbot/2.0; +http://www.bing.com/bingbot.htm)"
54.36.149.18 - - [28/Jun/2021:15:08:43 -0400] "GET /product-category/salves?product_count=32&product_order=desc&product_orderby=rating HTTP/1.1" 200 20686 "-" "Mozilla/5.0 (compatible; AhrefsBot/7.0; +http://ahrefs.com/robot/)"
204.48.19.85 - - [28/Jun/2021:15:12:57 -0400] "POST /wp-cron.php?doing_wp_cron=1624907577.3674819469451904296875 HTTP/1.1" 200 5548 "https://angelsonhighstreet.com/wp-cron.php?doing_wp_cron=1624907577.3674819469451904296875" "WordPress/5.7.2; https://angelsonhighstreet.com"
54.36.148.239 - - [28/Jun/2021:15:12:57 -0400] "GET /product-category/oils?product_orderby=popularity&product_order=desc&product_count=48 HTTP/1.1" 200 20462 "-" "Mozilla/5.0 (compatible; AhrefsBot/7.0; +http://ahrefs.com/robot/)"
204.48.19.85 - - [28/Jun/2021:15:16:50 -0400] "POST /wp-cron.php?doing_wp_cron=1624907810.0466470718383789062500 HTTP/1.1" 200 5548 "https://angelsonhighstreet.com/wp-cron.php?doing_wp_cron=1624907810.0466470718383789062500" "WordPress/5.7.2; https://angelsonhighstreet.com"
54.36.149.18 - - [28/Jun/2021:15:16:49 -0400] "GET /product-category/oils?product_view=grid&product_order=desc&product_orderby=name HTTP/1.1" 200 20482 "-" "Mozilla/5.0 (compatible; AhrefsBot/7.0; +http://ahrefs.com/robot/)"
204.48.19.85 - - [28/Jun/2021:15:17:29 -0400] "POST /wp-cron.php?doing_wp_cron=1624907849.6593809127807617187500 HTTP/1.1" 200 5548 "https://angelsonhighstreet.com/wp-cron.php?doing_wp_cron=1624907849.6593809127807617187500" "WordPress/5.7.2; https://angelsonhighstreet.com"
39.102.33.181 - - [28/Jun/2021:15:17:29 -0400] "POST /wp-login.php HTTP/1.1" 200 8132 "-" "Mozilla/5.0 (Windows NT 6.1; WOW64) AppleWebKit/537.36 (KHTML, like Gecko) Chrome/63.0.3239.132 Safari/537.36"
66.220.149.36 - - [28/Jun/2021:15:18:59 -0400] "GET /wp-content/uploads/2020/05/aohs_righttext_logo-e1590068585746.png HTTP/1.1" 200 67461 "-" "facebookexternalhit/1.1 (+http://www.facebook.com/externalhit_uatext.php)"
204.48.19.85 - - [28/Jun/2021:15:20:51 -0400] "POST /wp-cron.php?doing_wp_cron=1624908051.4059650897979736328125 HTTP/1.1" 200 5548 "https://angelsonhighstreet.com/wp-cron.php?doing_wp_cron=1624908051.4059650897979736328125" "WordPress/5.7.2; https://angelsonhighstreet.com"
54.36.148.58 - - [28/Jun/2021:15:20:51 -0400] "GET /product-category/oils?product_order=asc&product_orderby=popularity&product_count=16 HTTP/1.1" 200 20407 "-" "Mozilla/5.0 (compatible; AhrefsBot/7.0; +http://ahrefs.com/robot/)"
204.48.19.85 - - [28/Jun/2021:15:22:44 -0400] "POST /wp-cron.php?doing_wp_cron=1624908164.7080121040344238281250 HTTP/1.1" 200 5548 "https://angelsonhighstreet.com/wp-cron.php?doing_wp_cron=1624908164.7080121040344238281250" "WordPress/5.7.2; https://angelsonhighstreet.com"
107.180.73.192 - - [28/Jun/2021:15:22:44 -0400] "POST /wp-login.php HTTP/1.1" 200 8133 "-" "Mozilla/5.0 (Windows NT 6.1; Win64; x64) AppleWebKit/537.36 (KHTML, like Gecko) Chrome/80.0.3987.106 Safari/537.36"
204.48.19.85 - - [28/Jun/2021:15:24:45 -0400] "POST /wp-cron.php?doing_wp_cron=1624908285.5965840816497802734375 HTTP/1.1" 200 5548 "https://angelsonhighstreet.com/wp-cron.php?doing_wp_cron=1624908285.5965840816497802734375" "WordPress/5.7.2; https://angelsonhighstreet.com"
54.36.148.92 - - [28/Jun/2021:15:24:45 -0400] "GET /product-category/salves?product_orderby=name&product_view=grid&product_order=asc&product_count=32 HTTP/1.1" 200 20676 "-" "Mozilla/5.0 (compatible; AhrefsBot/7.0; +http://ahrefs.com/robot/)"
204.48.19.85 - - [28/Jun/2021:15:28:22 -0400] "POST /wp-cron.php?doing_wp_cron=1624908502.8812890052795410156250 HTTP/1.1" 200 5548 "https://angelsonhighstreet.com/wp-cron.php?doing_wp_cron=1624908502.8812890052795410156250" "WordPress/5.7.2; https://angelsonhighstreet.com"
54.36.149.18 - - [28/Jun/2021:15:28:22 -0400] "GET /product-category/salves?product_orderby=price&product_count=48&product_order=desc&product_view=list HTTP/1.1" 200 20581 "-" "Mozilla/5.0 (compatible; AhrefsBot/7.0; +http://ahrefs.com/robot/)"
204.48.19.85 - - [28/Jun/2021:15:31:56 -0400] "POST /wp-cron.php?doing_wp_cron=1624908716.2107429504394531250000 HTTP/1.1" 200 5548 "https://angelsonhighstreet.com/wp-cron.php?doing_wp_cron=1624908716.2107429504394531250000" "WordPress/5.7.2; https://angelsonhighstreet.com"
54.36.149.18 - - [28/Jun/2021:15:31:56 -0400] "GET /product-category/oils?product_order=asc&product_orderby=name&product_count=16 HTTP/1.1" 200 20419 "-" "Mozilla/5.0 (compatible; AhrefsBot/7.0; +http://ahrefs.com/robot/)"
204.48.19.85 - - [28/Jun/2021:15:35:37 -0400] "POST /wp-cron.php?doing_wp_cron=1624908937.4360420703887939453125 HTTP/1.1" 200 5548 "https://angelsonhighstreet.com/wp-cron.php?doing_wp_cron=1624908937.4360420703887939453125" "WordPress/5.7.2; https://angelsonhighstreet.com"
54.36.149.18 - - [28/Jun/2021:15:35:37 -0400] "GET /product-category/salves?product_orderby=rating&product_view=grid&product_order=desc&product_count=16 HTTP/1.1" 200 20663 "-" "Mozilla/5.0 (compatible; AhrefsBot/7.0; +http://ahrefs.com/robot/)"
204.48.19.85 - - [28/Jun/2021:15:39:16 -0400] "POST /wp-cron.php?doing_wp_cron=1624909156.4534020423889160156250 HTTP/1.1" 200 5548 "https://angelsonhighstreet.com/wp-cron.php?doing_wp_cron=1624909156.4534020423889160156250" "WordPress/5.7.2; https://angelsonhighstreet.com"
54.36.148.41 - - [28/Jun/2021:15:39:16 -0400] "GET /product-category/oils?product_orderby=rating&product_order=asc&product_view=grid HTTP/1.1" 200 20454 "-" "Mozilla/5.0 (compatible; AhrefsBot/7.0; +http://ahrefs.com/robot/)"
204.48.19.85 - - [28/Jun/2021:15:42:55 -0400] "POST /wp-cron.php?doing_wp_cron=1624909375.8404378890991210937500 HTTP/1.1" 200 5548 "https://angelsonhighstreet.com/wp-cron.php?doing_wp_cron=1624909375.8404378890991210937500" "WordPress/5.7.2; https://angelsonhighstreet.com"
54.36.148.127 - - [28/Jun/2021:15:42:55 -0400] "GET /product-category/salves?product_count=16&product_orderby=price&product_order=asc&product_view=list HTTP/1.1" 200 20858 "-" "Mozilla/5.0 (compatible; AhrefsBot/7.0; +http://ahrefs.com/robot/)"
204.48.19.85 - - [28/Jun/2021:15:46:31 -0400] "POST /wp-cron.php?doing_wp_cron=1624909591.6237559318542480468750 HTTP/1.1" 200 5548 "https://angelsonhighstreet.com/wp-cron.php?doing_wp_cron=1624909591.6237559318542480468750" "WordPress/5.7.2; https://angelsonhighstreet.com"
54.36.149.18 - - [28/Jun/2021:15:46:31 -0400] "GET /product-category/salves?product_orderby=rating&product_view=grid&product_order=desc&product_count=48 HTTP/1.1" 200 20692 "-" "Mozilla/5.0 (compatible; AhrefsBot/7.0; +http://ahrefs.com/robot/)"
204.48.19.85 - - [28/Jun/2021:15:50:12 -0400] "POST /wp-cron.php?doing_wp_cron=1624909812.7742819786071777343750 HTTP/1.1" 200 5548 "https://angelsonhighstreet.com/wp-cron.php?doing_wp_cron=1624909812.7742819786071777343750" "WordPress/5.7.2; https://angelsonhighstreet.com"
54.36.148.146 - - [28/Jun/2021:15:50:12 -0400] "GET /product-category/salves?product_count=16&product_orderby=popularity&product_order=desc&product_view=grid HTTP/1.1" 200 20696 "-" "Mozilla/5.0 (compatible; AhrefsBot/7.0; +http://ahrefs.com/robot/)"
204.48.19.85 - - [28/Jun/2021:15:53:44 -0400] "POST /wp-cron.php?doing_wp_cron=1624910024.6937921047210693359375 HTTP/1.1" 200 5548 "https://angelsonhighstreet.com/wp-cron.php?doing_wp_cron=1624910024.6937921047210693359375" "WordPress/5.7.2; https://angelsonhighstreet.com"
54.36.148.164 - - [28/Jun/2021:15:53:44 -0400] "GET /product-category/salves?product_count=16&product_orderby=name&product_order=asc&product_view=list HTTP/1.1" 200 20845 "-" "Mozilla/5.0 (compatible; AhrefsBot/7.0; +http://ahrefs.com/robot/)"
204.48.19.85 - - [28/Jun/2021:15:57:06 -0400] "POST /wp-cron.php?doing_wp_cron=1624910226.4307129383087158203125 HTTP/1.1" 200 5548 "https://angelsonhighstreet.com/wp-cron.php?doing_wp_cron=1624910226.4307129383087158203125" "WordPress/5.7.2; https://angelsonhighstreet.com"
54.36.149.18 - - [28/Jun/2021:15:57:06 -0400] "GET /product-category/salves?product_order=desc&product_count=32&product_orderby=name HTTP/1.1" 200 20434 "-" "Mozilla/5.0 (compatible; AhrefsBot/7.0; +http://ahrefs.com/robot/)"
204.48.19.85 - - [28/Jun/2021:16:00:18 -0400] "POST /wp-cron.php?doing_wp_cron=1624910418.1870779991149902343750 HTTP/1.1" 200 5548 "https://angelsonhighstreet.com/wp-cron.php?doing_wp_cron=1624910418.1870779991149902343750" "WordPress/5.7.2; https://angelsonhighstreet.com"
66.249.79.45 - - [28/Jun/2021:16:00:18 -0400] "GET /product-category/oils?product_order=desc&product_orderby=rating&product_count=32 HTTP/1.1" 200 20440 "-" "Mozilla/5.0 (Linux; Android 6.0.1; Nexus 5X Build/MMB29P) AppleWebKit/537.36 (KHTML, like Gecko) Chrome/91.0.4472.90 Mobile Safari/537.36 (compatible; Googlebot/2.1; +http://www.google.com/bot.html)"
54.36.148.247 - - [28/Jun/2021:16:00:45 -0400] "GET /product-category/salves?product_count=32&product_orderby=price&product_order=asc&product_view=list HTTP/1.1" 200 20859 "-" "Mozilla/5.0 (compatible; AhrefsBot/7.0; +http://ahrefs.com/robot/)"
204.48.19.85 - - [28/Jun/2021:16:02:35 -0400] "POST /wp-cron.php?doing_wp_cron=1624910555.8427610397338867187500 HTTP/1.1" 200 5548 "https://angelsonhighstreet.com/wp-cron.php?doing_wp_cron=1624910555.8427610397338867187500" "WordPress/5.7.2; https://angelsonhighstreet.com"
66.249.79.50 - - [28/Jun/2021:16:02:35 -0400] "GET /product-category/oils?product_order=desc&product_orderby=rating&product_count=16 HTTP/1.1" 200 20437 "-" "Mozilla/5.0 (Linux; Android 6.0.1; Nexus 5X Build/MMB29P) AppleWebKit/537.36 (KHTML, like Gecko) Chrome/91.0.4472.90 Mobile Safari/537.36 (compatible; Googlebot/2.1; +http://www.google.com/bot.html)"
204.48.19.85 - - [28/Jun/2021:16:03:06 -0400] "POST /wp-cron.php?doing_wp_cron=1624910586.3262538909912109375000 HTTP/1.1" 200 5548 "https://angelsonhighstreet.com/wp-cron.php?doing_wp_cron=1624910586.3262538909912109375000" "WordPress/5.7.2; https://angelsonhighstreet.com"
66.249.79.45 - - [28/Jun/2021:16:03:06 -0400] "GET /product-category/oils?product_order=asc&product_orderby=rating&product_count=32 HTTP/1.1" 200 20431 "-" "Mozilla/5.0 (Linux; Android 6.0.1; Nexus 5X Build/MMB29P) AppleWebKit/537.36 (KHTML, like Gecko) Chrome/91.0.4472.90 Mobile Safari/537.36 (compatible; Googlebot/2.1; +http://www.google.com/bot.html)"
66.249.79.41 - - [28/Jun/2021:16:03:27 -0400] "GET /product-category/oils?product_order=desc&product_orderby=name&product_count=16 HTTP/1.1" 200 20437 "-" "Mozilla/5.0 (Linux; Android 6.0.1; Nexus 5X Build/MMB29P) AppleWebKit/537.36 (KHTML, like Gecko) Chrome/91.0.4472.90 Mobile Safari/537.36 (compatible; Googlebot/2.1; +http://www.google.com/bot.html)"
66.249.79.45 - - [28/Jun/2021:16:03:31 -0400] "POST /?wc-ajax=get_refreshed_fragments HTTP/1.1" 200 6099 "https://angelsonhighstreet.com/product-category/oils?product_order=desc&product_orderby=name&product_count=16" "Mozilla/5.0 (Linux; Android 6.0.1; Nexus 5X Build/MMB29P) AppleWebKit/537.36 (KHTML, like Gecko) Chrome/91.0.4472.90 Mobile Safari/537.36 (compatible; Googlebot/2.1; +http://www.google.com/bot.html)"
204.48.19.85 - - [28/Jun/2021:16:04:00 -0400] "POST /wp-cron.php?doing_wp_cron=1624910640.2374150753021240234375 HTTP/1.1" 200 5548 "https://angelsonhighstreet.com/wp-cron.php?doing_wp_cron=1624910640.2374150753021240234375" "WordPress/5.7.2; https://angelsonhighstreet.com"
66.249.79.41 - - [28/Jun/2021:16:04:00 -0400] "GET /product-category/oils?product_order=asc&product_orderby=rating&product_count=48 HTTP/1.1" 200 20463 "-" "Mozilla/5.0 (Linux; Android 6.0.1; Nexus 5X Build/MMB29P) AppleWebKit/537.36 (KHTML, like Gecko) Chrome/91.0.4472.90 Mobile Safari/537.36 (compatible; Googlebot/2.1; +http://www.google.com/bot.html)"
54.36.149.18 - - [28/Jun/2021:16:04:24 -0400] "GET /product-category/oils?product_order=asc&product_orderby=price&product_count=16 HTTP/1.1" 200 20425 "-" "Mozilla/5.0 (compatible; AhrefsBot/7.0; +http://ahrefs.com/robot/)"
66.249.79.41 - - [28/Jun/2021:16:04:30 -0400] "GET /product-category/oils?product_order=asc&product_orderby=price&product_count=32 HTTP/1.1" 200 20461 "-" "Mozilla/5.0 (Linux; Android 6.0.1; Nexus 5X Build/MMB29P) AppleWebKit/537.36 (KHTML, like Gecko) Chrome/91.0.4472.90 Mobile Safari/537.36 (compatible; Googlebot/2.1; +http://www.google.com/bot.html)"
204.48.19.85 - - [28/Jun/2021:16:05:42 -0400] "POST /wp-admin/admin-ajax.php?action=wp_1_wc_privacy_cleanup&nonce=b7f0393915 HTTP/1.1" 200 5710 "https://angelsonhighstreet.com/wp-admin/admin-ajax.php?action=wp_1_wc_privacy_cleanup&nonce=b7f0393915" "WordPress/5.7.2; https://angelsonhighstreet.com"
204.48.19.85 - - [28/Jun/2021:16:05:42 -0400] "POST /wp-cron.php?doing_wp_cron=1624910742.7023050785064697265625 HTTP/1.1" 200 5548 "https://angelsonhighstreet.com/wp-cron.php?doing_wp_cron=1624910742.7023050785064697265625" "WordPress/5.7.2; https://angelsonhighstreet.com"
5.188.62.214 - - [28/Jun/2021:16:05:42 -0400] "POST /wp-login.php HTTP/1.1" 200 8186 "-" "Mozilla/5.0 (Windows NT 6.1) AppleWebKit/537.36 (KHTML, like Gecko) Chrome/41.0.2224.3 Safari/537.36"
204.48.19.85 - - [28/Jun/2021:16:05:44 -0400] "POST /wp-cron.php?doing_wp_cron=1624910744.0395829677581787109375 HTTP/1.1" 200 5548 "https://angelsonhighstreet.com/wp-cron.php?doing_wp_cron=1624910744.0395829677581787109375" "WordPress/5.7.2; https://angelsonhighstreet.com"
5.188.62.214 - - [28/Jun/2021:16:05:43 -0400] "POST /wp-login.php HTTP/1.1" 200 2937 "-" "Mozilla/5.0 (Windows NT 6.1) AppleWebKit/537.36 (KHTML, like Gecko) Chrome/41.0.2224.3 Safari/537.36"
66.249.79.41 - - [28/Jun/2021:16:05:48 -0400] "GET /product-category/oils?product_order=asc&product_orderby=popularity&product_count=48 HTTP/1.1" 200 20447 "-" "Mozilla/5.0 (Linux; Android 6.0.1; Nexus 5X Build/MMB29P) AppleWebKit/537.36 (KHTML, like Gecko) Chrome/91.0.4472.90 Mobile Safari/537.36 (compatible; Googlebot/2.1; +http://www.google.com/bot.html)"
66.249.79.50 - - [28/Jun/2021:16:06:13 -0400] "GET /product-category/oils?product_order=desc&product_orderby=popularity&product_count=32 HTTP/1.1" 200 20441 "-" "Mozilla/5.0 (Linux; Android 6.0.1; Nexus 5X Build/MMB29P) AppleWebKit/537.36 (KHTML, like Gecko) Chrome/91.0.4472.90 Mobile Safari/537.36 (compatible; Googlebot/2.1; +http://www.google.com/bot.html)"
66.249.79.45 - - [28/Jun/2021:16:06:29 -0400] "GET /product-category/oils?product_order=desc&product_orderby=default&product_count=32 HTTP/1.1" 200 20468 "-" "Mozilla/5.0 (Linux; Android 6.0.1; Nexus 5X Build/MMB29P) AppleWebKit/537.36 (KHTML, like Gecko) Chrome/91.0.4472.90 Mobile Safari/537.36 (compatible; Googlebot/2.1; +http://www.google.com/bot.html)"
204.48.19.85 - - [28/Jun/2021:16:06:59 -0400] "POST /wp-cron.php?doing_wp_cron=1624910819.0524859428405761718750 HTTP/1.1" 200 5548 "https://angelsonhighstreet.com/wp-cron.php?doing_wp_cron=1624910819.0524859428405761718750" "WordPress/5.7.2; https://angelsonhighstreet.com"
185.191.171.4 - - [28/Jun/2021:16:06:58 -0400] "GET /robots.txt HTTP/1.1" 200 5752 "-" "Mozilla/5.0 (compatible; SemrushBot/7~bl; +http://www.semrush.com/bot.html)"
185.191.171.25 - - [28/Jun/2021:16:06:59 -0400] "GET /product-category/salves?product_count=16&product_order=asc&product_view=grid HTTP/1.1" 200 20392 "-" "Mozilla/5.0 (compatible; SemrushBot/7~bl; +http://www.semrush.com/bot.html)"
66.249.79.41 - - [28/Jun/2021:16:07:34 -0400] "GET /product-category/oils?product_order=desc&product_orderby=price&product_count=16 HTTP/1.1" 200 20453 "-" "Mozilla/5.0 (Linux; Android 6.0.1; Nexus 5X Build/MMB29P) AppleWebKit/537.36 (KHTML, like Gecko) Chrome/91.0.4472.90 Mobile Safari/537.36 (compatible; Googlebot/2.1; +http://www.google.com/bot.html)"
66.249.79.41 - - [28/Jun/2021:16:07:49 -0400] "GET /product-category/oils?product_order=desc&product_orderby=date&product_count=32 HTTP/1.1" 200 20465 "-" "Mozilla/5.0 (Linux; Android 6.0.1; Nexus 5X Build/MMB29P) AppleWebKit/537.36 (KHTML, like Gecko) Chrome/91.0.4472.90 Mobile Safari/537.36 (compatible; Googlebot/2.1; +http://www.google.com/bot.html)"
54.36.148.45 - - [28/Jun/2021:16:07:51 -0400] "GET /product-category/salves?product_orderby=default&product_view=grid&product_order=desc&product_count=32 HTTP/1.1" 200 20680 "-" "Mozilla/5.0 (compatible; AhrefsBot/7.0; +http://ahrefs.com/robot/)"
204.48.19.85 - - [28/Jun/2021:16:08:04 -0400] "POST /wp-cron.php?doing_wp_cron=1624910884.7941040992736816406250 HTTP/1.1" 200 5548 "https://angelsonhighstreet.com/wp-cron.php?doing_wp_cron=1624910884.7941040992736816406250" "WordPress/5.7.2; https://angelsonhighstreet.com"
66.249.79.50 - - [28/Jun/2021:16:08:04 -0400] "GET /product-category/oils?product_order=asc&product_orderby=date&product_count=32 HTTP/1.1" 200 20434 "-" "Mozilla/5.0 (Linux; Android 6.0.1; Nexus 5X Build/MMB29P) AppleWebKit/537.36 (KHTML, like Gecko) Chrome/91.0.4472.90 Mobile Safari/537.36 (compatible; Googlebot/2.1; +http://www.google.com/bot.html)"
66.249.79.45 - - [28/Jun/2021:16:08:19 -0400] "GET /product-category/oils?product_order=asc&product_orderby=default&product_count=48 HTTP/1.1" 200 20454 "-" "Mozilla/5.0 (Linux; Android 6.0.1; Nexus 5X Build/MMB29P) AppleWebKit/537.36 (KHTML, like Gecko) Chrome/91.0.4472.90 Mobile Safari/537.36 (compatible; Googlebot/2.1; +http://www.google.com/bot.html)"
66.249.79.41 - - [28/Jun/2021:16:08:41 -0400] "GET /product-category/oils?product_order=asc&product_orderby=default&product_count=16 HTTP/1.1" 200 20452 "-" "Mozilla/5.0 (Linux; Android 6.0.1; Nexus 5X Build/MMB29P) AppleWebKit/537.36 (KHTML, like Gecko) Chrome/91.0.4472.90 Mobile Safari/537.36 (compatible; Googlebot/2.1; +http://www.google.com/bot.html)"
107.189.10.143 - - [28/Jun/2021:16:09:13 -0400] "GET /.git/config HTTP/1.1" 404 5715 "-" "Go-http-client/1.1"
107.189.10.143 - - [28/Jun/2021:16:09:13 -0400] "GET /v2/_catalog HTTP/1.1" 301 5224 "-" "Go-http-client/1.1"
204.48.19.85 - - [28/Jun/2021:16:09:13 -0400] "POST /wp-cron.php?doing_wp_cron=1624910953.4502499103546142578125 HTTP/1.1" 200 5548 "https://angelsonhighstreet.com/wp-cron.php?doing_wp_cron=1624910953.4502499103546142578125" "WordPress/5.7.2; https://angelsonhighstreet.com"
107.189.10.143 - - [28/Jun/2021:16:09:13 -0400] "GET /api/v1/pods HTTP/1.1" 301 5599 "-" "Go-http-client/1.1"
37.187.196.70 - - [28/Jun/2021:16:10:11 -0400] "GET /.git/config HTTP/1.1" 404 5711 "-" "Go-http-client/1.1"
37.187.196.70 - - [28/Jun/2021:16:10:11 -0400] "GET /info HTTP/1.1" 301 5592 "-" "Go-http-client/1.1"
204.48.19.85 - - [28/Jun/2021:16:10:12 -0400] "POST /wp-cron.php?doing_wp_cron=1624911012.0102169513702392578125 HTTP/1.1" 200 5548 "https://angelsonhighstreet.com/wp-cron.php?doing_wp_cron=1624911012.0102169513702392578125" "WordPress/5.7.2; https://angelsonhighstreet.com"
37.187.196.70 - - [28/Jun/2021:16:10:11 -0400] "GET / HTTP/1.1" 301 5588 "-" "Go-http-client/1.1"
37.187.196.70 - - [28/Jun/2021:16:10:12 -0400] "GET /v2/_catalog HTTP/1.1" 301 5599 "-" "Go-http-client/1.1"
37.187.196.70 - - [28/Jun/2021:16:10:11 -0400] "GET /api/v1/pods HTTP/1.1" 301 5599 "-" "Go-http-client/1.1"
37.187.196.70 - - [28/Jun/2021:16:10:12 -0400] "GET /graphql HTTP/1.1" 301 5595 "-" "Go-http-client/1.1"
37.187.196.70 - - [28/Jun/2021:16:10:12 -0400] "GET /.env HTTP/1.1" 301 5592 "-" "Go-http-client/1.1"
37.187.196.70 - - [28/Jun/2021:16:10:13 -0400] "GET /.env HTTP/1.1" 404 19607 "https://angelsonhighstreet.com:443/.env" "Go-http-client/1.1"
37.187.196.70 - - [28/Jun/2021:16:10:13 -0400] "GET /info HTTP/1.1" 404 19363 "https://angelsonhighstreet.com:443/info" "Go-http-client/1.1"
37.187.196.70 - - [28/Jun/2021:16:10:13 -0400] "GET /graphql HTTP/1.1" 404 19367 "https://angelsonhighstreet.com:443/graphql" "Go-http-client/1.1"
37.187.196.70 - - [28/Jun/2021:16:10:13 -0400] "GET /api/v1/pods HTTP/1.1" 404 19613 "https://angelsonhighstreet.com:443/api/v1/pods" "Go-http-client/1.1"
37.187.196.70 - - [28/Jun/2021:16:10:13 -0400] "GET /v2/_catalog HTTP/1.1" 404 19611 "https://angelsonhighstreet.com:443/v2/_catalog" "Go-http-client/1.1"
37.187.196.70 - - [28/Jun/2021:16:10:13 -0400] "GET / HTTP/1.1" 200 25065 "https://angelsonhighstreet.com:443/" "Go-http-client/1.1"
204.48.19.85 - - [28/Jun/2021:16:11:17 -0400] "POST /wp-cron.php?doing_wp_cron=1624911077.5656359195709228515625 HTTP/1.1" 200 5548 "https://angelsonhighstreet.com/wp-cron.php?doing_wp_cron=1624911077.5656359195709228515625" "WordPress/5.7.2; https://angelsonhighstreet.com"
54.36.148.102 - - [28/Jun/2021:16:11:17 -0400] "GET /product-category/oils?product_order=asc&product_orderby=date&product_count=16 HTTP/1.1" 200 20421 "-" "Mozilla/5.0 (compatible; AhrefsBot/7.0; +http://ahrefs.com/robot/)"
204.48.19.85 - - [28/Jun/2021:16:12:05 -0400] "POST /wp-cron.php?doing_wp_cron=1624911125.4179909229278564453125 HTTP/1.1" 200 5548 "https://angelsonhighstreet.com/wp-cron.php?doing_wp_cron=1624911125.4179909229278564453125" "WordPress/5.7.2; https://angelsonhighstreet.com"
66.249.79.41 - - [28/Jun/2021:16:12:05 -0400] "GET /product-category/oils?product_orderby=default&product_count=48 HTTP/1.1" 200 20445 "-" "Mozilla/5.0 (Linux; Android 6.0.1; Nexus 5X Build/MMB29P) AppleWebKit/537.36 (KHTML, like Gecko) Chrome/91.0.4472.90 Mobile Safari/537.36 (compatible; Googlebot/2.1; +http://www.google.com/bot.html)"
119.18.54.86 - - [28/Jun/2021:16:12:51 -0400] "GET /wp-info.php HTTP/1.1" 301 561 "http://simplesite.com" "Mozilla/5.0 (Windows; U; Windows NT 5.1; en-US) AppleWebKit/533.4 (KHTML, like Gecko) Chrome/5.0.375.99 Safari/533.4"
204.48.19.85 - - [28/Jun/2021:16:14:11 -0400] "POST /wp-cron.php?doing_wp_cron=1624911251.3412029743194580078125 HTTP/1.1" 200 5548 "https://angelsonhighstreet.com/wp-cron.php?doing_wp_cron=1624911251.3412029743194580078125" "WordPress/5.7.2; https://angelsonhighstreet.com"
66.249.79.45 - - [28/Jun/2021:16:14:11 -0400] "GET /product-category/oils?product_order=desc&product_orderby=name&product_count=48 HTTP/1.1" 200 20471 "-" "Mozilla/5.0 (Linux; Android 6.0.1; Nexus 5X Build/MMB29P) AppleWebKit/537.36 (KHTML, like Gecko) Chrome/91.0.4472.90 Mobile Safari/537.36 (compatible; Googlebot/2.1; +http://www.google.com/bot.html)"
54.36.149.18 - - [28/Jun/2021:16:14:34 -0400] "GET /product-category/oils?product_order=asc&product_orderby=rating&product_count=32 HTTP/1.1" 200 20451 "-" "Mozilla/5.0 (compatible; AhrefsBot/7.0; +http://ahrefs.com/robot/)"
204.48.19.85 - - [28/Jun/2021:16:16:55 -0400] "POST /wp-cron.php?doing_wp_cron=1624911415.0384619235992431640625 HTTP/1.1" 200 5548 "https://angelsonhighstreet.com/wp-cron.php?doing_wp_cron=1624911415.0384619235992431640625" "WordPress/5.7.2; https://angelsonhighstreet.com"
66.249.79.45 - - [28/Jun/2021:16:16:54 -0400] "GET /product-category/oils?product_orderby=name&product_count=48 HTTP/1.1" 200 20452 "-" "Mozilla/5.0 (Linux; Android 6.0.1; Nexus 5X Build/MMB29P) AppleWebKit/537.36 (KHTML, like Gecko) Chrome/91.0.4472.90 Mobile Safari/537.36 (compatible; Googlebot/2.1; +http://www.google.com/bot.html)"
204.48.19.85 - - [28/Jun/2021:16:17:05 -0400] "POST /wp-cron.php?doing_wp_cron=1624911425.2090969085693359375000 HTTP/1.1" 200 5548 "https://angelsonhighstreet.com/wp-cron.php?doing_wp_cron=1624911425.2090969085693359375000" "WordPress/5.7.2; https://angelsonhighstreet.com"
66.249.79.45 - - [28/Jun/2021:16:17:05 -0400] "GET /product-category/oils?product_orderby=name&product_count=16 HTTP/1.1" 200 20411 "-" "Mozilla/5.0 (Linux; Android 6.0.1; Nexus 5X Build/MMB29P) AppleWebKit/537.36 (KHTML, like Gecko) Chrome/91.0.4472.90 Mobile Safari/537.36 (compatible; Googlebot/2.1; +http://www.google.com/bot.html)"
204.48.19.85 - - [28/Jun/2021:16:18:03 -0400] "POST /wp-cron.php?doing_wp_cron=1624911483.5545859336853027343750 HTTP/1.1" 200 5548 "https://angelsonhighstreet.com/wp-cron.php?doing_wp_cron=1624911483.5545859336853027343750" "WordPress/5.7.2; https://angelsonhighstreet.com"
54.36.148.190 - - [28/Jun/2021:16:18:03 -0400] "GET /product-category/salves?product_orderby=price&product_count=48&product_order=desc&product_view=grid HTTP/1.1" 200 20687 "-" "Mozilla/5.0 (compatible; AhrefsBot/7.0; +http://ahrefs.com/robot/)"
51.68.79.121 - - [28/Jun/2021:16:18:20 -0400] "POST /wp-login.php HTTP/1.1" 200 8132 "-" "Mozilla/5.0 (Windows NT 6.1; Win64; x64) AppleWebKit/537.36 (KHTML, like Gecko) Chrome/55.0.2883.87 Safari/537.36"
204.48.19.85 - - [28/Jun/2021:16:21:37 -0400] "POST /wp-cron.php?doing_wp_cron=1624911697.1913828849792480468750 HTTP/1.1" 200 5548 "https://angelsonhighstreet.com/wp-cron.php?doing_wp_cron=1624911697.1913828849792480468750" "WordPress/5.7.2; https://angelsonhighstreet.com"
54.36.149.18 - - [28/Jun/2021:16:21:37 -0400] "GET /product-category/oils?product_order=asc&product_orderby=rating&product_count=48 HTTP/1.1" 200 20453 "-" "Mozilla/5.0 (compatible; AhrefsBot/7.0; +http://ahrefs.com/robot/)"
204.48.19.85 - - [28/Jun/2021:16:23:52 -0400] "POST /wp-cron.php?doing_wp_cron=1624911832.0401260852813720703125 HTTP/1.1" 200 5548 "https://angelsonhighstreet.com/wp-cron.php?doing_wp_cron=1624911832.0401260852813720703125" "WordPress/5.7.2; https://angelsonhighstreet.com"
66.249.79.50 - - [28/Jun/2021:16:23:51 -0400] "GET /product-category/oils?product_orderby=rating&product_count=16 HTTP/1.1" 200 20425 "-" "Mozilla/5.0 (Linux; Android 6.0.1; Nexus 5X Build/MMB29P) AppleWebKit/537.36 (KHTML, like Gecko) Chrome/91.0.4472.90 Mobile Safari/537.36 (compatible; Googlebot/2.1; +http://www.google.com/bot.html)"
54.36.148.102 - - [28/Jun/2021:16:25:01 -0400] "GET /product-category/salves?product_view=list&product_count=48&product_order=desc HTTP/1.1" 200 20592 "-" "Mozilla/5.0 (compatible; AhrefsBot/7.0; +http://ahrefs.com/robot/)"
