35.229.23.13 - - [08/Jul/2021:02:06:37 -0400] "GET /wp-content/uploads/2020/11/newCBGhealingsalve.jpg HTTP/1.1" 200 869508 "https://angelsonhighstreet.com/" "Mozilla/5.0 (compatible;Impact Radius Compliance Bot) AppleWebKit/537.36 (KHTML, like Gecko) Chrome/81.0.4044.92 Safari/537.36"
35.229.23.13 - - [08/Jul/2021:02:06:37 -0400] "GET /wp-content/uploads/2020/05/5C641DE8-0187-43FF-BDA7-9ECB85C21670.jpeg HTTP/1.1" 200 285738 "https://angelsonhighstreet.com/" "Mozilla/5.0 (compatible;Impact Radius Compliance Bot) AppleWebKit/537.36 (KHTML, like Gecko) Chrome/81.0.4044.92 Safari/537.36"
35.229.23.13 - - [08/Jul/2021:02:06:37 -0400] "GET /wp-content/uploads/fusion-gfonts/qkBIXvYC6trAT55ZBi1ueQVIjQTD-JqaE0lMZbLXGimS.woff HTTP/1.1" 200 15349 "https://angelsonhighstreet.com/wp-content/uploads/fusion-styles/15e6b0b5e48de1d64664be89b4d4bc7c.min.css?ver=3.2.1" "Mozilla/5.0 (compatible;Impact Radius Compliance Bot) AppleWebKit/537.36 (KHTML, like Gecko) Chrome/81.0.4044.92 Safari/537.36"
35.229.23.13 - - [08/Jul/2021:02:06:37 -0400] "GET /wp-content/themes/Avada/includes/lib/assets/fonts/icomoon/icomoon.woff HTTP/1.1" 200 13272 "https://angelsonhighstreet.com/wp-content/uploads/fusion-styles/15e6b0b5e48de1d64664be89b4d4bc7c.min.css?ver=3.2.1" "Mozilla/5.0 (compatible;Impact Radius Compliance Bot) AppleWebKit/537.36 (KHTML, like Gecko) Chrome/81.0.4044.92 Safari/537.36"
35.229.23.13 - - [08/Jul/2021:02:06:37 -0400] "GET /wp-content/uploads/fusion-gfonts/JTUSjIg1_i6t8kCHKm459WlhzSTh89Y.woff HTTP/1.1" 200 17618 "https://angelsonhighstreet.com/wp-content/uploads/fusion-styles/15e6b0b5e48de1d64664be89b4d4bc7c.min.css?ver=3.2.1" "Mozilla/5.0 (compatible;Impact Radius Compliance Bot) AppleWebKit/537.36 (KHTML, like Gecko) Chrome/81.0.4044.92 Safari/537.36"
35.229.23.13 - - [08/Jul/2021:02:06:37 -0400] "GET /wp-content/uploads/fusion-gfonts/JTURjIg1_i6t8kCHKm45_dJE3gnD-Px3rCs.woff HTTP/1.1" 200 17525 "https://angelsonhighstreet.com/wp-content/uploads/fusion-styles/15e6b0b5e48de1d64664be89b4d4bc7c.min.css?ver=3.2.1" "Mozilla/5.0 (compatible;Impact Radius Compliance Bot) AppleWebKit/537.36 (KHTML, like Gecko) Chrome/81.0.4044.92 Safari/537.36"
35.229.23.13 - - [08/Jul/2021:02:06:37 -0400] "GET /wp-content/uploads/fusion-gfonts/qkBIXvYC6trAT55ZBi1ueQVIjQTDH52aE0lMZbLXGimS.woff HTTP/1.1" 200 15341 "https://angelsonhighstreet.com/wp-content/uploads/fusion-styles/15e6b0b5e48de1d64664be89b4d4bc7c.min.css?ver=3.2.1" "Mozilla/5.0 (compatible;Impact Radius Compliance Bot) AppleWebKit/537.36 (KHTML, like Gecko) Chrome/81.0.4044.92 Safari/537.36"
35.229.23.13 - - [08/Jul/2021:02:06:37 -0400] "GET /wp-content/themes/Avada/includes/lib/assets/fonts/fontawesome/webfonts/fa-regular-400.woff2 HTTP/1.1" 200 14074 "https://angelsonhighstreet.com/wp-content/uploads/fusion-styles/15e6b0b5e48de1d64664be89b4d4bc7c.min.css?ver=3.2.1" "Mozilla/5.0 (compatible;Impact Radius Compliance Bot) AppleWebKit/537.36 (KHTML, like Gecko) Chrome/81.0.4044.92 Safari/537.36"
35.229.23.13 - - [08/Jul/2021:02:06:37 -0400] "GET /wp-content/uploads/fusion-gfonts/qkBKXvYC6trAT7RQNNK2EG7SIwPWMNlCV3lIb7X1HgGQ0tQ.woff HTTP/1.1" 200 15580 "https://angelsonhighstreet.com/wp-content/uploads/fusion-styles/15e6b0b5e48de1d64664be89b4d4bc7c.min.css?ver=3.2.1" "Mozilla/5.0 (compatible;Impact Radius Compliance Bot) AppleWebKit/537.36 (KHTML, like Gecko) Chrome/81.0.4044.92 Safari/537.36"
35.229.23.13 - - [08/Jul/2021:02:06:37 -0400] "GET /wp-content/plugins/wp-optin-wheel/public/img/wheel-green.png HTTP/1.1" 200 39871 "https://angelsonhighstreet.com/wp-content/plugins/wp-optin-wheel/public/css/theme-green.css?ver=1.3.2" "Mozilla/5.0 (compatible;Impact Radius Compliance Bot) AppleWebKit/537.36 (KHTML, like Gecko) Chrome/81.0.4044.92 Safari/537.36"
35.229.23.13 - - [08/Jul/2021:02:06:37 -0400] "GET /wp-content/plugins/wp-optin-wheel/public/img/bg-hearts.png HTTP/1.1" 200 2213 "https://angelsonhighstreet.com/" "Mozilla/5.0 (compatible;Impact Radius Compliance Bot) AppleWebKit/537.36 (KHTML, like Gecko) Chrome/81.0.4044.92 Safari/537.36"
35.229.23.13 - - [08/Jul/2021:02:06:38 -0400] "GET /wp-content/uploads/2020/05/2F81A01C-A31F-4FC0-ACBC-AC077D7C6D5B-e1588879916909.jpeg HTTP/1.1" 200 237707 "https://angelsonhighstreet.com/" "Mozilla/5.0 (compatible;Impact Radius Compliance Bot) AppleWebKit/537.36 (KHTML, like Gecko) Chrome/81.0.4044.92 Safari/537.36"
35.229.23.13 - - [08/Jul/2021:02:06:38 -0400] "POST /?wc-ajax=get_refreshed_fragments HTTP/1.1" 200 874 "https://angelsonhighstreet.com/" "Mozilla/5.0 (compatible;Impact Radius Compliance Bot) AppleWebKit/537.36 (KHTML, like Gecko) Chrome/81.0.4044.92 Safari/537.36"
35.229.23.13 - - [08/Jul/2021:02:06:39 -0400] "GET /wp-json/contact-form-7/v1/contact-forms/16954/refill HTTP/1.1" 200 643 "https://angelsonhighstreet.com/" "Mozilla/5.0 (compatible;Impact Radius Compliance Bot) AppleWebKit/537.36 (KHTML, like Gecko) Chrome/81.0.4044.92 Safari/537.36"
91.121.175.24 - - [08/Jul/2021:02:08:02 -0400] "GET /wp-config.php.bak HTTP/1.1" 301 573 "-" "Mozilla/5.0 (Windows NT 10.0; WOW64; rv:45.0) Gecko/20100101 Firefox/45.0"
204.48.19.85 - - [08/Jul/2021:02:08:03 -0400] "POST /wp-cron.php?doing_wp_cron=1625724483.6778349876403808593750 HTTP/1.1" 200 6350 "https://angelsonhighstreet.com/wp-cron.php?doing_wp_cron=1625724483.6778349876403808593750" "WordPress/5.7.2; https://angelsonhighstreet.com"
91.121.175.24 - - [08/Jul/2021:02:08:03 -0400] "GET /wp-config.php.bak HTTP/1.1" 404 19715 "-" "Mozilla/5.0 (Windows NT 10.0; WOW64; rv:45.0) Gecko/20100101 Firefox/45.0"
91.121.175.24 - - [08/Jul/2021:02:08:14 -0400] "GET /wp-config.php HTTP/1.1" 301 565 "-" "Mozilla/5.0 (Windows NT 10.0; WOW64; rv:45.0) Gecko/20100101 Firefox/45.0"
91.121.175.24 - - [08/Jul/2021:02:08:15 -0400] "GET /wp-config.php HTTP/1.1" 200 386 "-" "Mozilla/5.0 (Windows NT 10.0; WOW64; rv:45.0) Gecko/20100101 Firefox/45.0"
91.121.175.24 - - [08/Jul/2021:02:08:20 -0400] "GET /wp-config.php.orig HTTP/1.1" 301 575 "-" "Mozilla/5.0 (Windows NT 10.0; WOW64; rv:45.0) Gecko/20100101 Firefox/45.0"
91.121.175.24 - - [08/Jul/2021:02:08:20 -0400] "GET /wp-config.php.orig HTTP/1.1" 404 14482 "-" "Mozilla/5.0 (Windows NT 10.0; WOW64; rv:45.0) Gecko/20100101 Firefox/45.0"
91.121.175.24 - - [08/Jul/2021:02:08:25 -0400] "GET /wp-config.orig HTTP/1.1" 301 567 "-" "Mozilla/5.0 (Windows NT 10.0; WOW64; rv:45.0) Gecko/20100101 Firefox/45.0"
91.121.175.24 - - [08/Jul/2021:02:08:25 -0400] "GET /wp-config.orig HTTP/1.1" 404 14109 "-" "Mozilla/5.0 (Windows NT 10.0; WOW64; rv:45.0) Gecko/20100101 Firefox/45.0"
174.198.33.232 - - [08/Jul/2021:02:08:31 -0400] "POST /wp-admin/admin-ajax.php HTTP/1.1" 200 6705 "https://angelsonhighstreet.com/wp-admin/edit.php?post_type=product" "Mozilla/5.0 (Macintosh; Intel Mac OS X 10_15_6) AppleWebKit/605.1.15 (KHTML, like Gecko) Version/14.0.3 Safari/605.1.15"
91.121.175.24 - - [08/Jul/2021:02:08:37 -0400] "GET /wp-config.php.bkp HTTP/1.1" 301 573 "-" "Mozilla/5.0 (Windows NT 10.0; WOW64; rv:45.0) Gecko/20100101 Firefox/45.0"
91.121.175.24 - - [08/Jul/2021:02:08:38 -0400] "GET /wp-config.php.bkp HTTP/1.1" 404 14483 "-" "Mozilla/5.0 (Windows NT 10.0; WOW64; rv:45.0) Gecko/20100101 Firefox/45.0"
91.121.175.24 - - [08/Jul/2021:02:08:44 -0400] "GET /wp-config.bkp HTTP/1.1" 301 565 "-" "Mozilla/5.0 (Windows NT 10.0; WOW64; rv:45.0) Gecko/20100101 Firefox/45.0"
91.121.175.24 - - [08/Jul/2021:02:08:44 -0400] "GET /wp-config.bkp HTTP/1.1" 404 14481 "-" "Mozilla/5.0 (Windows NT 10.0; WOW64; rv:45.0) Gecko/20100101 Firefox/45.0"
91.121.175.24 - - [08/Jul/2021:02:08:56 -0400] "GET /wp-config.php.backup HTTP/1.1" 301 579 "-" "Mozilla/5.0 (Windows NT 10.0; WOW64; rv:45.0) Gecko/20100101 Firefox/45.0"
91.121.175.24 - - [08/Jul/2021:02:08:56 -0400] "GET /wp-config.php.backup HTTP/1.1" 404 14500 "-" "Mozilla/5.0 (Windows NT 10.0; WOW64; rv:45.0) Gecko/20100101 Firefox/45.0"
91.121.175.24 - - [08/Jul/2021:02:09:04 -0400] "GET /wp-config.backup HTTP/1.1" 301 571 "-" "Mozilla/5.0 (Windows NT 10.0; WOW64; rv:45.0) Gecko/20100101 Firefox/45.0"
204.48.19.85 - - [08/Jul/2021:02:09:05 -0400] "POST /wp-cron.php?doing_wp_cron=1625724545.3251709938049316406250 HTTP/1.1" 200 6350 "https://angelsonhighstreet.com/wp-cron.php?doing_wp_cron=1625724545.3251709938049316406250" "WordPress/5.7.2; https://angelsonhighstreet.com"
91.121.175.24 - - [08/Jul/2021:02:09:04 -0400] "GET /wp-config.backup HTTP/1.1" 404 14479 "-" "Mozilla/5.0 (Windows NT 10.0; WOW64; rv:45.0) Gecko/20100101 Firefox/45.0"
91.121.175.24 - - [08/Jul/2021:02:09:11 -0400] "GET /wp-config.txt HTTP/1.1" 301 565 "-" "Mozilla/5.0 (Windows NT 10.0; WOW64; rv:45.0) Gecko/20100101 Firefox/45.0"
91.121.175.24 - - [08/Jul/2021:02:09:12 -0400] "GET /wp-config.txt HTTP/1.1" 404 14480 "-" "Mozilla/5.0 (Windows NT 10.0; WOW64; rv:45.0) Gecko/20100101 Firefox/45.0"
91.121.175.24 - - [08/Jul/2021:02:09:22 -0400] "GET /wp-config.original HTTP/1.1" 301 575 "-" "Mozilla/5.0 (Windows NT 10.0; WOW64; rv:45.0) Gecko/20100101 Firefox/45.0"
91.121.175.24 - - [08/Jul/2021:02:09:22 -0400] "GET /wp-config.original HTTP/1.1" 404 14481 "-" "Mozilla/5.0 (Windows NT 10.0; WOW64; rv:45.0) Gecko/20100101 Firefox/45.0"
91.121.175.24 - - [08/Jul/2021:02:09:35 -0400] "GET /wp-config.php.original HTTP/1.1" 301 583 "-" "Mozilla/5.0 (Windows NT 10.0; WOW64; rv:45.0) Gecko/20100101 Firefox/45.0"
91.121.175.24 - - [08/Jul/2021:02:09:35 -0400] "GET /wp-config.php.original HTTP/1.1" 404 14483 "-" "Mozilla/5.0 (Windows NT 10.0; WOW64; rv:45.0) Gecko/20100101 Firefox/45.0"
91.121.175.24 - - [08/Jul/2021:02:09:44 -0400] "GET /wp-admin/admin-post.php?alg_wc_pif_download_file=..%2F..%2F..%2F..%2F..%2Fwp-config.php HTTP/1.1" 301 713 "-" "Mozilla/5.0 (Windows NT 10.0; WOW64; rv:45.0) Gecko/20100101 Firefox/45.0"
91.121.175.24 - - [08/Jul/2021:02:09:45 -0400] "GET /wp-admin/admin-post.php?alg_wc_pif_download_file=..%2F..%2F..%2F..%2F..%2Fwp-config.php HTTP/1.1" 200 552 "-" "Mozilla/5.0 (Windows NT 10.0; WOW64; rv:45.0) Gecko/20100101 Firefox/45.0"
91.121.175.24 - - [08/Jul/2021:02:09:52 -0400] "GET /wp-admin/admin-post.php?alg_wc_pif_download_file=..%2Fwp-config.php HTTP/1.1" 301 673 "-" "Mozilla/5.0 (Windows NT 10.0; WOW64; rv:45.0) Gecko/20100101 Firefox/45.0"
91.121.175.24 - - [08/Jul/2021:02:09:52 -0400] "GET /wp-admin/admin-post.php?alg_wc_pif_download_file=..%2Fwp-config.php HTTP/1.1" 200 556 "-" "Mozilla/5.0 (Windows NT 10.0; WOW64; rv:45.0) Gecko/20100101 Firefox/45.0"
91.121.175.24 - - [08/Jul/2021:02:10:04 -0400] "GET /wp-admin/admin-ajax.php?action=duplicator_download&file=..%2Fwp-config.php HTTP/1.1" 301 691 "-" "Mozilla/5.0 (Windows NT 10.0; WOW64; rv:45.0) Gecko/20100101 Firefox/45.0"
204.48.19.85 - - [08/Jul/2021:02:10:05 -0400] "POST /wp-cron.php?doing_wp_cron=1625724605.5670371055603027343750 HTTP/1.1" 200 6350 "https://angelsonhighstreet.com/wp-cron.php?doing_wp_cron=1625724605.5670371055603027343750" "WordPress/5.7.2; https://angelsonhighstreet.com"
91.121.175.24 - - [08/Jul/2021:02:10:04 -0400] "GET /wp-admin/admin-ajax.php?action=duplicator_download&file=..%2Fwp-config.php HTTP/1.1" 400 577 "-" "Mozilla/5.0 (Windows NT 10.0; WOW64; rv:45.0) Gecko/20100101 Firefox/45.0"
91.121.175.24 - - [08/Jul/2021:02:10:09 -0400] "GET /wp-admin/admin-ajax.php?action=revslider_show_image&img=..%2Fwp-config.php HTTP/1.1" 301 691 "-" "Mozilla/5.0 (Windows NT 10.0; WOW64; rv:45.0) Gecko/20100101 Firefox/45.0"
91.121.175.24 - - [08/Jul/2021:02:10:10 -0400] "GET /wp-admin/admin-ajax.php?action=revslider_show_image&img=..%2Fwp-config.php HTTP/1.1" 400 5807 "-" "Mozilla/5.0 (Windows NT 10.0; WOW64; rv:45.0) Gecko/20100101 Firefox/45.0"
91.121.175.24 - - [08/Jul/2021:02:10:22 -0400] "GET /wp-content/plugins/media-library-assistant/includes/mla-file-downloader.php?mla_download_type=text%2Fhtml&mla_download_file=..%2F..%2F..%2F..%2Fwp-config.php HTTP/1.1" 301 857 "-" "Mozilla/5.0 (Windows NT 10.0; WOW64; rv:45.0) Gecko/20100101 Firefox/45.0"
91.121.175.24 - - [08/Jul/2021:02:10:22 -0400] "GET /wp-content/plugins/media-library-assistant/includes/mla-file-downloader.php?mla_download_type=text%2Fhtml&mla_download_file=..%2F..%2F..%2F..%2Fwp-config.php HTTP/1.1" 404 19753 "-" "Mozilla/5.0 (Windows NT 10.0; WOW64; rv:45.0) Gecko/20100101 Firefox/45.0"
91.121.175.24 - - [08/Jul/2021:02:10:28 -0400] "GET /wp-content/plugins/wechat-broadcast/wechat/Image.php?url=..%2F..%2F..%2F..%2Fwp-config.php HTTP/1.1" 301 719 "-" "Mozilla/5.0 (Windows NT 10.0; WOW64; rv:45.0) Gecko/20100101 Firefox/45.0"
91.121.175.24 - - [08/Jul/2021:02:10:28 -0400] "GET /wp-content/plugins/wechat-broadcast/wechat/Image.php?url=..%2F..%2F..%2F..%2Fwp-config.php HTTP/1.1" 404 14123 "-" "Mozilla/5.0 (Windows NT 10.0; WOW64; rv:45.0) Gecko/20100101 Firefox/45.0"
211.115.65.107 - - [08/Jul/2021:02:10:28 -0400] "GET /wp-login.php HTTP/1.1" 200 8107 "-" "Mozilla/5.0 (X11; Ubuntu; Linux x86_64; rv:62.0) Gecko/20100101 Firefox/62.0"
174.198.33.232 - - [08/Jul/2021:02:10:28 -0400] "POST /wp-admin/admin-ajax.php HTTP/1.1" 200 6705 "https://angelsonhighstreet.com/wp-admin/edit.php?post_type=product" "Mozilla/5.0 (Macintosh; Intel Mac OS X 10_15_6) AppleWebKit/605.1.15 (KHTML, like Gecko) Version/14.0.3 Safari/605.1.15"
211.115.65.107 - - [08/Jul/2021:02:10:30 -0400] "POST /wp-login.php HTTP/1.1" 200 8231 "-" "Mozilla/5.0 (X11; Ubuntu; Linux x86_64; rv:62.0) Gecko/20100101 Firefox/62.0"
211.115.65.107 - - [08/Jul/2021:02:10:32 -0400] "GET /wp-login.php HTTP/1.1" 200 8107 "-" "Mozilla/5.0 (X11; Ubuntu; Linux x86_64; rv:62.0) Gecko/20100101 Firefox/62.0"
211.115.65.107 - - [08/Jul/2021:02:10:33 -0400] "POST /wp-login.php HTTP/1.1" 200 8209 "-" "Mozilla/5.0 (X11; Ubuntu; Linux x86_64; rv:62.0) Gecko/20100101 Firefox/62.0"
211.115.65.107 - - [08/Jul/2021:02:10:34 -0400] "POST /xmlrpc.php HTTP/1.1" 200 5852 "-" "Mozilla/5.0 (X11; Ubuntu; Linux x86_64; rv:62.0) Gecko/20100101 Firefox/62.0"
91.121.175.24 - - [08/Jul/2021:02:10:35 -0400] "GET /wp-admin/admin.php?page=miwoftp&option=com_miwoftp&action=download&dir=%2F&item=..%2Fwp-config.php&order=name&srt=yes HTTP/1.1" 301 797 "-" "Mozilla/5.0 (Windows NT 10.0; WOW64; rv:45.0) Gecko/20100101 Firefox/45.0"
91.121.175.24 - - [08/Jul/2021:02:10:36 -0400] "GET /wp-admin/admin.php?page=miwoftp&option=com_miwoftp&action=download&dir=%2F&item=..%2Fwp-config.php&order=name&srt=yes HTTP/1.1" 302 709 "-" "Mozilla/5.0 (Windows NT 10.0; WOW64; rv:45.0) Gecko/20100101 Firefox/45.0"
91.121.175.24 - - [08/Jul/2021:02:10:36 -0400] "GET /wp-login.php?redirect_to=https%3A%2F%2Fangelsonhighstreet.com%2Fwp-admin%2Fadmin.php%3Fpage%3Dmiwoftp%26option%3Dcom_miwoftp%26action%3Ddownload%26dir%3D%252F%26item%3D..%252Fwp-config.php%26order%3Dname%26srt%3Dyes&reauth=1 HTTP/1.1" 200 4879 "-" "Mozilla/5.0 (Windows NT 10.0; WOW64; rv:45.0) Gecko/20100101 Firefox/45.0"
91.121.175.24 - - [08/Jul/2021:02:10:46 -0400] "GET /wp-content/plugins/site-import/admin/page.php?url=..%2F..%2F..%2F..%2Fwp-config.php HTTP/1.1" 301 705 "-" "Mozilla/5.0 (Windows NT 10.0; WOW64; rv:45.0) Gecko/20100101 Firefox/45.0"
91.121.175.24 - - [08/Jul/2021:02:10:46 -0400] "GET /wp-content/plugins/site-import/admin/page.php?url=..%2F..%2F..%2F..%2Fwp-config.php HTTP/1.1" 404 14506 "-" "Mozilla/5.0 (Windows NT 10.0; WOW64; rv:45.0) Gecko/20100101 Firefox/45.0"
204.48.19.85 - - [08/Jul/2021:02:11:55 -0400] "POST /wp-cron.php?doing_wp_cron=1625724715.4952669143676757812500 HTTP/1.1" 200 6350 "https://angelsonhighstreet.com/wp-cron.php?doing_wp_cron=1625724715.4952669143676757812500" "WordPress/5.7.2; https://angelsonhighstreet.com"
35.196.4.211 - - [08/Jul/2021:02:11:55 -0400] "GET /contact-us HTTP/1.0" 200 20260 "-" "ZoominfoBot (zoominfobot at zoominfo dot com)"
174.198.33.232 - - [08/Jul/2021:02:12:29 -0400] "POST /wp-admin/admin-ajax.php HTTP/1.1" 200 6705 "https://angelsonhighstreet.com/wp-admin/edit.php?post_type=product" "Mozilla/5.0 (Macintosh; Intel Mac OS X 10_15_6) AppleWebKit/605.1.15 (KHTML, like Gecko) Version/14.0.3 Safari/605.1.15"
204.48.19.85 - - [08/Jul/2021:02:12:32 -0400] "POST /wp-cron.php?doing_wp_cron=1625724752.3577070236206054687500 HTTP/1.1" 200 6350 "https://angelsonhighstreet.com/wp-cron.php?doing_wp_cron=1625724752.3577070236206054687500" "WordPress/5.7.2; https://angelsonhighstreet.com"
178.18.245.78 - - [08/Jul/2021:02:13:56 -0400] "POST /wp-login.php HTTP/1.1" 500 7395 "-" "Mozilla/5.0 (Windows NT 10.0; Win64; x64) AppleWebKit/537.36 (KHTML, like Gecko) Chrome/72.0.3626.109 Safari/537.36"
35.196.4.211 - - [08/Jul/2021:02:14:12 -0400] "GET /cbd-salves HTTP/1.0" 200 20893 "-" "ZoominfoBot (zoominfobot at zoominfo dot com)"
204.48.19.85 - - [08/Jul/2021:02:14:14 -0400] "POST /wp-cron.php?doing_wp_cron=1625724853.9992539882659912109375 HTTP/1.1" 200 6350 "https://angelsonhighstreet.com/wp-cron.php?doing_wp_cron=1625724853.9992539882659912109375" "WordPress/5.7.2; https://angelsonhighstreet.com"
174.198.33.232 - - [08/Jul/2021:02:14:29 -0400] "POST /wp-admin/admin-ajax.php HTTP/1.1" 200 6705 "https://angelsonhighstreet.com/wp-admin/edit.php?post_type=product" "Mozilla/5.0 (Macintosh; Intel Mac OS X 10_15_6) AppleWebKit/605.1.15 (KHTML, like Gecko) Version/14.0.3 Safari/605.1.15"
174.198.33.232 - - [08/Jul/2021:02:16:29 -0400] "POST /wp-admin/admin-ajax.php HTTP/1.1" 200 6705 "https://angelsonhighstreet.com/wp-admin/edit.php?post_type=product" "Mozilla/5.0 (Macintosh; Intel Mac OS X 10_15_6) AppleWebKit/605.1.15 (KHTML, like Gecko) Version/14.0.3 Safari/605.1.15"
204.48.19.85 - - [08/Jul/2021:02:16:41 -0400] "POST /wp-cron.php?doing_wp_cron=1625725001.0362589359283447265625 HTTP/1.1" 200 6350 "https://angelsonhighstreet.com/wp-cron.php?doing_wp_cron=1625725001.0362589359283447265625" "WordPress/5.7.2; https://angelsonhighstreet.com"
35.224.90.109 - - [08/Jul/2021:02:16:41 -0400] "POST /wp-login.php HTTP/1.1" 200 8936 "-" "Mozilla/5.0 (Windows NT 6.1; Win64; x64) AppleWebKit/537.36 (KHTML, like Gecko) Chrome/60.0.3112.113 Safari/537.36"
174.198.33.232 - - [08/Jul/2021:02:18:29 -0400] "POST /wp-admin/admin-ajax.php HTTP/1.1" 200 6705 "https://angelsonhighstreet.com/wp-admin/edit.php?post_type=product" "Mozilla/5.0 (Macintosh; Intel Mac OS X 10_15_6) AppleWebKit/605.1.15 (KHTML, like Gecko) Version/14.0.3 Safari/605.1.15"
174.198.33.232 - - [08/Jul/2021:02:20:29 -0400] "POST /wp-admin/admin-ajax.php HTTP/1.1" 200 6705 "https://angelsonhighstreet.com/wp-admin/edit.php?post_type=product" "Mozilla/5.0 (Macintosh; Intel Mac OS X 10_15_6) AppleWebKit/605.1.15 (KHTML, like Gecko) Version/14.0.3 Safari/605.1.15"
35.196.4.211 - - [08/Jul/2021:02:21:08 -0400] "GET /shop/cbg-healing-salve-1-oz HTTP/1.0" 200 28080 "-" "ZoominfoBot (zoominfobot at zoominfo dot com)"
174.198.33.232 - - [08/Jul/2021:02:22:32 -0400] "POST /wp-admin/admin-ajax.php HTTP/1.1" 500 6303 "https://angelsonhighstreet.com/wp-admin/edit.php?post_type=product" "Mozilla/5.0 (Macintosh; Intel Mac OS X 10_15_6) AppleWebKit/605.1.15 (KHTML, like Gecko) Version/14.0.3 Safari/605.1.15"
35.196.4.211 - - [08/Jul/2021:02:23:13 -0400] "GET /shop/cbg-salve-with-lifter-terpenes HTTP/1.0" 500 5950 "-" "ZoominfoBot (zoominfobot at zoominfo dot com)"
174.198.33.232 - - [08/Jul/2021:02:24:33 -0400] "POST /wp-admin/admin-ajax.php HTTP/1.1" 200 6835 "https://angelsonhighstreet.com/wp-admin/edit.php?post_type=product" "Mozilla/5.0 (Macintosh; Intel Mac OS X 10_15_6) AppleWebKit/605.1.15 (KHTML, like Gecko) Version/14.0.3 Safari/605.1.15"
174.198.33.232 - - [08/Jul/2021:02:26:29 -0400] "POST /wp-admin/admin-ajax.php HTTP/1.1" 200 6705 "https://angelsonhighstreet.com/wp-admin/edit.php?post_type=product" "Mozilla/5.0 (Macintosh; Intel Mac OS X 10_15_6) AppleWebKit/605.1.15 (KHTML, like Gecko) Version/14.0.3 Safari/605.1.15"
204.48.19.85 - - [08/Jul/2021:02:27:12 -0400] "POST /wp-cron.php?doing_wp_cron=1625725631.5455911159515380859375 HTTP/1.1" 500 7565 "https://angelsonhighstreet.com/wp-cron.php?doing_wp_cron=1625725631.5455911159515380859375" "WordPress/5.7.2; https://angelsonhighstreet.com"
35.196.4.211 - - [08/Jul/2021:02:26:37 -0400] "GET /shop-full-width HTTP/1.0" 200 21195 "-" "ZoominfoBot (zoominfobot at zoominfo dot com)"
204.48.19.85 - - [08/Jul/2021:02:27:02 -0400] "POST /wp-cron.php?doing_wp_cron=1625725622.0791740417480468750000 HTTP/1.1" 500 7595 "https://angelsonhighstreet.com/wp-cron.php?doing_wp_cron=1625725622.0791740417480468750000" "WordPress/5.7.2; https://angelsonhighstreet.com"
107.150.6.89 - - [08/Jul/2021:02:30:18 -0400] "POST /wp-login.php HTTP/1.1" 200 8934 "-" "Mozilla/5.0 (Windows NT 10.0; WOW64) AppleWebKit/537.36 (KHTML, like Gecko) Chrome/55.0.2883.87 Safari/537.36"
204.48.19.85 - - [08/Jul/2021:02:30:30 -0400] "POST /wp-cron.php?doing_wp_cron=1625725830.0005919933319091796875 HTTP/1.1" 200 6350 "https://angelsonhighstreet.com/wp-cron.php?doing_wp_cron=1625725830.0005919933319091796875" "WordPress/5.7.2; https://angelsonhighstreet.com"
177.73.237.45 - - [08/Jul/2021:02:33:14 -0400] "POST /wp-login.php HTTP/1.1" 500 7587 "-" "Mozilla/5.0 (Windows NT 10.0; Win64; x64) AppleWebKit/537.36 (KHTML, like Gecko) Chrome/54.0.2840.99 Safari/537.36"
143.110.137.82 - - [08/Jul/2021:02:33:53 -0400] "GET /wp-login.php HTTP/1.1" 200 8107 "-" "Mozilla/5.0 (X11; Ubuntu; Linux x86_64; rv:62.0) Gecko/20100101 Firefox/62.0"
204.48.19.85 - - [08/Jul/2021:02:34:10 -0400] "POST /wp-cron.php?doing_wp_cron=1625726049.9023540019989013671875 HTTP/1.1" 200 6350 "https://angelsonhighstreet.com/wp-cron.php?doing_wp_cron=1625726049.9023540019989013671875" "WordPress/5.7.2; https://angelsonhighstreet.com"
143.110.137.82 - - [08/Jul/2021:02:34:16 -0400] "POST /wp-login.php HTTP/1.1" 200 8231 "-" "Mozilla/5.0 (X11; Ubuntu; Linux x86_64; rv:62.0) Gecko/20100101 Firefox/62.0"
207.46.13.178 - - [08/Jul/2021:02:34:47 -0400] "GET /wp-sitemap-taxonomies-product_cat-1.xml HTTP/1.1" 200 6124 "-" "Mozilla/5.0 (compatible; bingbot/2.0; +http://www.bing.com/bingbot.htm)"
143.110.137.82 - - [08/Jul/2021:02:34:57 -0400] "POST /wp-login.php HTTP/1.1" 200 8229 "-" "Mozilla/5.0 (X11; Ubuntu; Linux x86_64; rv:62.0) Gecko/20100101 Firefox/62.0"
143.110.137.82 - - [08/Jul/2021:02:35:08 -0400] "POST /xmlrpc.php HTTP/1.1" 200 5852 "-" "Mozilla/5.0 (X11; Ubuntu; Linux x86_64; rv:62.0) Gecko/20100101 Firefox/62.0"
35.196.4.211 - - [08/Jul/2021:02:35:48 -0400] "GET /feed HTTP/1.0" 200 6216 "-" "ZoominfoBot (zoominfobot at zoominfo dot com)"
35.196.4.211 - - [08/Jul/2021:02:36:49 -0400] "GET /affiliate-home/affiliate-register HTTP/1.0" 200 25011 "-" "ZoominfoBot (zoominfobot at zoominfo dot com)"
35.196.4.211 - - [08/Jul/2021:02:39:42 -0400] "GET /about-us HTTP/1.0" 200 20669 "-" "ZoominfoBot (zoominfobot at zoominfo dot com)"
35.196.4.211 - - [08/Jul/2021:02:40:18 -0400] "GET /cart HTTP/1.0" 500 5558 "-" "ZoominfoBot (zoominfobot at zoominfo dot com)"
204.48.19.85 - - [08/Jul/2021:02:40:10 -0400] "POST /wp-cron.php?doing_wp_cron=1625726410.3124570846557617187500 HTTP/1.1" 200 6350 "https://angelsonhighstreet.com/wp-cron.php?doing_wp_cron=1625726410.3124570846557617187500" "WordPress/5.7.2; https://angelsonhighstreet.com"
35.196.4.211 - - [08/Jul/2021:02:44:46 -0400] "GET /affiliate-home HTTP/1.0" 500 5950 "-" "ZoominfoBot (zoominfobot at zoominfo dot com)"
35.196.4.211 - - [08/Jul/2021:02:47:20 -0400] "GET /my-account HTTP/1.0" 200 21101 "-" "ZoominfoBot (zoominfobot at zoominfo dot com)"
35.196.4.211 - - [08/Jul/2021:02:48:00 -0400] "GET /what-is-cbd HTTP/1.0" 500 5950 "-" "ZoominfoBot (zoominfobot at zoominfo dot com)"
46.101.26.108 - - [08/Jul/2021:02:56:38 -0400] "GET /wp-login.php HTTP/1.1" 500 6694 "-" "Mozilla/5.0 (X11; Ubuntu; Linux x86_64; rv:62.0) Gecko/20100101 Firefox/62.0"
46.101.26.108 - - [08/Jul/2021:02:57:20 -0400] "POST /xmlrpc.php HTTP/1.1" 200 5629 "-" "Mozilla/5.0 (X11; Ubuntu; Linux x86_64; rv:62.0) Gecko/20100101 Firefox/62.0"
46.101.26.108 - - [08/Jul/2021:02:56:43 -0400] "POST /wp-login.php HTTP/1.1" 500 6886 "-" "Mozilla/5.0 (X11; Ubuntu; Linux x86_64; rv:62.0) Gecko/20100101 Firefox/62.0"
134.122.4.90 - - [08/Jul/2021:03:03:11 -0400] "GET / HTTP/1.0" 500 8901 "-" "Mozilla/5.0 (compatible; NetcraftSurveyAgent/1.0; +info@netcraft.com)"
54.36.148.130 - - [08/Jul/2021:03:10:48 -0400] "GET /shop-full-width?product_order=desc&product_view=grid&product_count=32&product_orderby=default HTTP/1.1" 500 7442 "-" "Mozilla/5.0 (compatible; AhrefsBot/7.0; +http://ahrefs.com/robot/)"
207.46.13.130 - - [08/Jul/2021:03:18:39 -0400] "GET /wp-sitemap-posts-product-1.xml HTTP/1.1" 500 6940 "-" "Mozilla/5.0 (compatible; bingbot/2.0; +http://www.bing.com/bingbot.htm)"
34.233.126.198 - - [08/Jul/2021:03:33:54 -0400] "POST /wp-login.php HTTP/1.1" 500 6694 "-" "Mozilla/5.0 (X11; Ubuntu; Linux x86_64; rv:62.0) Gecko/20100101 Firefox/62.0"
34.233.126.198 - - [08/Jul/2021:03:34:28 -0400] "POST /xmlrpc.php HTTP/1.1" 200 5629 "-" "Mozilla/5.0 (X11; Ubuntu; Linux x86_64; rv:62.0) Gecko/20100101 Firefox/62.0"
54.36.149.90 - - [08/Jul/2021:03:38:52 -0400] "GET /shop-full-width?product_order=asc&product_orderby=popularity&product_view=list&product_count=16 HTTP/1.1" 500 7442 "-" "Mozilla/5.0 (compatible; AhrefsBot/7.0; +http://ahrefs.com/robot/)"
75.119.200.127 - - [08/Jul/2021:03:48:24 -0400] "GET /wp-login.php HTTP/1.1" 500 6694 "-" "Mozilla/5.0 (X11; Ubuntu; Linux x86_64; rv:62.0) Gecko/20100101 Firefox/62.0"
75.119.200.127 - - [08/Jul/2021:03:48:24 -0400] "POST /wp-login.php HTTP/1.1" 500 6694 "-" "Mozilla/5.0 (X11; Ubuntu; Linux x86_64; rv:62.0) Gecko/20100101 Firefox/62.0"
75.119.200.127 - - [08/Jul/2021:03:48:24 -0400] "GET /wp-login.php HTTP/1.1" 500 6694 "-" "Mozilla/5.0 (X11; Ubuntu; Linux x86_64; rv:62.0) Gecko/20100101 Firefox/62.0"
75.119.200.127 - - [08/Jul/2021:03:48:25 -0400] "POST /wp-login.php HTTP/1.1" 500 6694 "-" "Mozilla/5.0 (X11; Ubuntu; Linux x86_64; rv:62.0) Gecko/20100101 Firefox/62.0"
75.119.200.127 - - [08/Jul/2021:03:48:25 -0400] "POST /xmlrpc.php HTTP/1.1" 200 5629 "-" "Mozilla/5.0 (X11; Ubuntu; Linux x86_64; rv:62.0) Gecko/20100101 Firefox/62.0"
138.246.253.24 - - [08/Jul/2021:04:01:25 -0400] "GET /robots.txt HTTP/1.1" 500 8901 "-" "Mozilla/5.0 (Windows NT 10.0; Win64; x64) AppleWebKit/537.36 (KHTML, like Gecko) Chrome/88.0.4324.146 Safari/537.36"
207.46.13.21 - - [08/Jul/2021:04:05:20 -0400] "GET /shop/holy-grail-cbd-healing-salve-2-oz HTTP/1.1" 500 6940 "-" "Mozilla/5.0 (compatible; bingbot/2.0; +http://www.bing.com/bingbot.htm)"
54.36.148.149 - - [08/Jul/2021:04:11:39 -0400] "GET /shop-full-width?product_order=asc&product_count=16&product_orderby=rating&product_view=list HTTP/1.1" 500 7442 "-" "Mozilla/5.0 (compatible; AhrefsBot/7.0; +http://ahrefs.com/robot/)"
208.97.177.228 - - [08/Jul/2021:04:14:29 -0400] "GET /wp-login.php HTTP/1.1" 500 6694 "-" "Mozilla/5.0 (X11; Ubuntu; Linux x86_64; rv:62.0) Gecko/20100101 Firefox/62.0"
208.97.177.228 - - [08/Jul/2021:04:14:29 -0400] "POST /wp-login.php HTTP/1.1" 500 6694 "-" "Mozilla/5.0 (X11; Ubuntu; Linux x86_64; rv:62.0) Gecko/20100101 Firefox/62.0"
208.97.177.228 - - [08/Jul/2021:04:14:29 -0400] "GET /wp-login.php HTTP/1.1" 500 6694 "-" "Mozilla/5.0 (X11; Ubuntu; Linux x86_64; rv:62.0) Gecko/20100101 Firefox/62.0"
208.97.177.228 - - [08/Jul/2021:04:14:29 -0400] "POST /wp-login.php HTTP/1.1" 500 6694 "-" "Mozilla/5.0 (X11; Ubuntu; Linux x86_64; rv:62.0) Gecko/20100101 Firefox/62.0"
208.97.177.228 - - [08/Jul/2021:04:14:34 -0400] "POST /xmlrpc.php HTTP/1.1" 200 5629 "-" "Mozilla/5.0 (X11; Ubuntu; Linux x86_64; rv:62.0) Gecko/20100101 Firefox/62.0"
138.68.154.69 - - [08/Jul/2021:04:24:36 -0400] "POST /wp-login.php HTTP/1.1" 500 7395 "-" "Mozilla/5.0 (Windows NT 10.0; Win64; x64) AppleWebKit/537.36 (KHTML, like Gecko) Chrome/86.0.4240.193 Safari/537.36"
58.177.156.100 - - [08/Jul/2021:04:37:30 -0400] "POST /wp-login.php HTTP/1.1" 500 7395 "-" "Mozilla/5.0 (Windows NT 6.3; Win64; x64) AppleWebKit/537.36 (KHTML, like Gecko) Chrome/57.0.2987.133 Safari/537.36"
47.254.216.219 - - [08/Jul/2021:04:40:33 -0400] "POST /wp-login.php HTTP/1.1" 500 7395 "-" "Mozilla/5.0 (Windows NT 6.1) AppleWebKit/537.36 (KHTML, like Gecko) Chrome/58.0.3029.110 Safari/537.36"
93.113.111.100 - - [08/Jul/2021:04:41:19 -0400] "GET /wp-login.php HTTP/1.1" 500 6694 "-" "Mozilla/5.0 (X11; Ubuntu; Linux x86_64; rv:62.0) Gecko/20100101 Firefox/62.0"
93.113.111.100 - - [08/Jul/2021:04:41:20 -0400] "POST /wp-login.php HTTP/1.1" 500 6694 "-" "Mozilla/5.0 (X11; Ubuntu; Linux x86_64; rv:62.0) Gecko/20100101 Firefox/62.0"
93.113.111.100 - - [08/Jul/2021:04:41:20 -0400] "GET /wp-login.php HTTP/1.1" 500 6694 "-" "Mozilla/5.0 (X11; Ubuntu; Linux x86_64; rv:62.0) Gecko/20100101 Firefox/62.0"
93.113.111.100 - - [08/Jul/2021:04:41:20 -0400] "POST /wp-login.php HTTP/1.1" 500 6694 "-" "Mozilla/5.0 (X11; Ubuntu; Linux x86_64; rv:62.0) Gecko/20100101 Firefox/62.0"
93.113.111.100 - - [08/Jul/2021:04:41:21 -0400] "POST /xmlrpc.php HTTP/1.1" 200 5629 "-" "Mozilla/5.0 (X11; Ubuntu; Linux x86_64; rv:62.0) Gecko/20100101 Firefox/62.0"
185.191.171.10 - - [08/Jul/2021:04:46:50 -0400] "GET /robots.txt HTTP/1.1" 500 7395 "-" "Mozilla/5.0 (compatible; SemrushBot/7~bl; +http://www.semrush.com/bot.html)"
185.191.171.36 - - [08/Jul/2021:04:46:50 -0400] "GET /product-category/salves?product_count=16&product_orderby=name HTTP/1.1" 500 6538 "-" "Mozilla/5.0 (compatible; SemrushBot/7~bl; +http://www.semrush.com/bot.html)"
45.72.19.147 - - [08/Jul/2021:04:49:47 -0400] "GET /contact-us HTTP/1.0" 500 6938 "-" "Mozilla/5.0 (Windows NT 10.0; WOW64) AppleWebKit/537.36 (KHTML, like Gecko) Chrome/65.0.3325.183 Safari/537.36 Vivaldi/1.96.1147.42"
157.230.141.171 - - [08/Jul/2021:04:53:12 -0400] "POST /wp-login.php HTTP/1.1" 500 7395 "-" "Mozilla/5.0 (Windows NT 6.1; Win64; x64) AppleWebKit/537.36 (KHTML, like Gecko) Chrome/81.0.4044.122 Safari/537.36"
107.180.102.72 - - [08/Jul/2021:04:55:53 -0400] "POST /wp-login.php HTTP/1.1" 500 7395 "-" "Mozilla/5.0 (Windows NT 10.0; Win64; x64) AppleWebKit/537.36 (KHTML, like Gecko) Chrome/54.0.2840.99 Safari/537.36"
24.237.45.193 - - [08/Jul/2021:05:04:56 -0400] "GET /about-us HTTP/1.1" 500 7442 "https://www.google.com/" "Mozilla/5.0 (iPhone; CPU iPhone OS 14_5_1 like Mac OS X) AppleWebKit/605.1.15 (KHTML, like Gecko) Version/14.1 Mobile/15E148 Safari/604.1"
24.237.45.193 - - [08/Jul/2021:05:04:57 -0400] "GET /favicon.ico HTTP/1.1" 500 7442 "https://angelsonhighstreet.com/about-us" "Mozilla/5.0 (iPhone; CPU iPhone OS 14_5_1 like Mac OS X) AppleWebKit/605.1.15 (KHTML, like Gecko) Version/14.1 Mobile/15E148 Safari/604.1"
173.252.127.20 - - [08/Jul/2021:05:07:02 -0400] "GET / HTTP/1.1" 500 7442 "-" "facebookexternalhit/1.1 (+http://www.facebook.com/externalhit_uatext.php)"
138.68.80.211 - - [08/Jul/2021:05:08:21 -0400] "POST /wp-login.php HTTP/1.1" 500 7395 "-" "Mozilla/5.0 (Windows NT 10.0; WOW64) AppleWebKit/537.36 (KHTML, like Gecko) Chrome/53.0.2785.143 Safari/537.36"
159.203.115.159 - - [08/Jul/2021:05:11:02 -0400] "POST /wp-login.php HTTP/1.1" 500 7395 "-" "Mozilla/5.0 (Windows NT 6.3; WOW64) AppleWebKit/537.36 (KHTML, like Gecko) Chrome/46.0.2490.80 Safari/537.36"
54.36.148.164 - - [08/Jul/2021:05:22:23 -0400] "GET / HTTP/1.1" 500 7442 "-" "Mozilla/5.0 (compatible; AhrefsBot/7.0; +http://ahrefs.com/robot/)"
46.160.121.111 - - [08/Jul/2021:05:23:14 -0400] "POST /wp-login.php HTTP/1.1" 500 7395 "-" "Mozilla/5.0 (Windows NT 10.0; Win64; x64) AppleWebKit/537.36 (KHTML, like Gecko) Chrome/72.0.3626.109 Safari/537.36"
173.236.152.146 - - [08/Jul/2021:05:26:06 -0400] "POST /wp-login.php HTTP/1.1" 500 7395 "-" "Mozilla/5.0 (Windows NT 10.0; Win64; x64) AppleWebKit/537.36 (KHTML, like Gecko) Chrome/60.0.3112.101 Safari/537.36"
23.228.109.147 - - [08/Jul/2021:05:26:59 -0400] "GET /wp-content/plugins/aviary-image-editor-add-on-for-gravity-forms/includes/upload.php HTTP/1.1" 301 724 "http://www.google.com/" "Mozilla/5.0 (Windows NT 6.1; Win64; x64) AppleWebKit/537.36 (KHTML, like Gecko) Chrome/56.0.2896.3 Safari/537.36"
23.228.109.147 - - [08/Jul/2021:05:27:00 -0400] "GET /wp-content/plugins/aviary-image-editor-add-on-for-gravity-forms/includes/upload.php HTTP/1.1" 500 6925 "http://www.google.com/" "Mozilla/5.0 (Windows NT 6.1; Win64; x64) AppleWebKit/537.36 (KHTML, like Gecko) Chrome/56.0.2896.3 Safari/537.36"
211.115.65.107 - - [08/Jul/2021:05:37:54 -0400] "GET /wp-login.php HTTP/1.1" 500 6694 "-" "Mozilla/5.0 (X11; Ubuntu; Linux x86_64; rv:62.0) Gecko/20100101 Firefox/62.0"
211.115.65.107 - - [08/Jul/2021:05:37:55 -0400] "POST /wp-login.php HTTP/1.1" 500 6694 "-" "Mozilla/5.0 (X11; Ubuntu; Linux x86_64; rv:62.0) Gecko/20100101 Firefox/62.0"
211.115.65.107 - - [08/Jul/2021:05:37:56 -0400] "GET /wp-login.php HTTP/1.1" 500 6694 "-" "Mozilla/5.0 (X11; Ubuntu; Linux x86_64; rv:62.0) Gecko/20100101 Firefox/62.0"
211.115.65.107 - - [08/Jul/2021:05:37:57 -0400] "POST /wp-login.php HTTP/1.1" 500 6694 "-" "Mozilla/5.0 (X11; Ubuntu; Linux x86_64; rv:62.0) Gecko/20100101 Firefox/62.0"
211.115.65.107 - - [08/Jul/2021:05:37:58 -0400] "POST /xmlrpc.php HTTP/1.1" 200 5629 "-" "Mozilla/5.0 (X11; Ubuntu; Linux x86_64; rv:62.0) Gecko/20100101 Firefox/62.0"
45.207.65.42 - - [08/Jul/2021:05:38:47 -0400] "POST /wp-login.php HTTP/1.1" 500 7395 "-" "Mozilla/5.0 (Windows NT 6.1) AppleWebKit/537.36 (KHTML, like Gecko) Chrome/56.0.2924.87 Safari/537.36"
144.217.12.17 - - [08/Jul/2021:05:42:07 -0400] "POST /wp-login.php HTTP/1.1" 500 7395 "-" "Mozilla/5.0 (Windows NT 6.1) AppleWebKit/537.36 (KHTML, like Gecko) Chrome/61.0.3163.100 Safari/537.36"
54.171.134.83 - - [08/Jul/2021:05:42:22 -0400] "GET / HTTP/1.1" 301 558 "-" "Mozilla/5.0 (Macintosh; Intel Mac OS X 10.15; rv:81.0) Gecko/20100101 Firefox/81.0"
54.171.134.83 - - [08/Jul/2021:05:42:23 -0400] "GET / HTTP/1.1" 500 7395 "http://204.48.19.85" "Mozilla/5.0 (Macintosh; Intel Mac OS X 10.15; rv:81.0) Gecko/20100101 Firefox/81.0"
207.46.13.95 - - [08/Jul/2021:05:48:11 -0400] "GET / HTTP/1.1" 500 6940 "-" "Mozilla/5.0 (compatible; bingbot/2.0; +http://www.bing.com/bingbot.htm)"
45.40.166.141 - - [08/Jul/2021:05:55:42 -0400] "POST /wp-login.php HTTP/1.1" 500 7395 "-" "Mozilla/5.0 (Windows NT 6.1; Win64; x64) AppleWebKit/537.36 (KHTML, like Gecko) Chrome/66.0.3359.117 Safari/537.36"
66.33.196.105 - - [08/Jul/2021:05:58:42 -0400] "POST /wp-login.php HTTP/1.1" 500 7395 "-" "Mozilla/5.0 (Windows NT 6.1; Win64; x64) AppleWebKit/537.36 (KHTML, like Gecko) Chrome/70.0.3538.67 Safari/537.36"
134.209.127.243 - - [08/Jul/2021:06:02:21 -0400] "GET / HTTP/1.1" 301 595 "-" "Mozilla/5.0 (Macintosh; Intel Mac OS X 10.14; rv:81.0) Gecko/20100101 Firefox/81.0"
134.209.127.243 - - [08/Jul/2021:06:02:21 -0400] "GET /vendor/phpunit/phpunit/src/Util/PHP/eval-stdin.php HTTP/1.1" 301 695 "-" "Mozilla/5.0 (compatible; Googlebot/2.1; +http://www.google.com/bot.html)"
134.209.127.243 - - [08/Jul/2021:06:02:21 -0400] "GET /vendor/phpunit/phpunit/src/Util/PHP/eval-stdin.php HTTP/1.1" 500 6758 "-" "Mozilla/5.0 (compatible; Googlebot/2.1; +http://www.google.com/bot.html)"
134.209.127.243 - - [08/Jul/2021:06:02:22 -0400] "GET /vendor/phpunit/phpunit/src/Util/PHP/eval-stdin HTTP/1.1" 301 686 "-" "Mozilla/5.0 (compatible; Googlebot/2.1; +http://www.google.com/bot.html)"
134.209.127.243 - - [08/Jul/2021:06:02:23 -0400] "GET / HTTP/1.1" 301 607 "-" "Mozilla/5.0 (Macintosh; Intel Mac OS X 10.14; rv:81.0) Gecko/20100101 Firefox/81.0"
134.209.127.243 - - [08/Jul/2021:06:02:23 -0400] "GET /vendor/phpunit/phpunit/src/Util/PHP/eval-stdin HTTP/1.1" 500 6758 "-" "Mozilla/5.0 (compatible; Googlebot/2.1; +http://www.google.com/bot.html)"
134.209.127.243 - - [08/Jul/2021:06:02:24 -0400] "GET /sites/all/libraries/mailchimp/vendor/phpunit/phpunit/src/Util/PHP/eval-stdin.php HTTP/1.1" 301 754 "-" "Mozilla/5.0 (compatible; Googlebot/2.1; +http://www.google.com/bot.html)"
134.209.127.243 - - [08/Jul/2021:06:02:24 -0400] "GET /vendor/phpunit/phpunit/src/Util/PHP/eval-stdin.php HTTP/1.1" 301 707 "-" "Mozilla/5.0 (compatible; Googlebot/2.1; +http://www.google.com/bot.html)"
134.209.127.243 - - [08/Jul/2021:06:02:24 -0400] "GET /sites/all/libraries/mailchimp/vendor/phpunit/phpunit/src/Util/PHP/eval-stdin.php HTTP/1.1" 500 6758 "-" "Mozilla/5.0 (compatible; Googlebot/2.1; +http://www.google.com/bot.html)"
134.209.127.243 - - [08/Jul/2021:06:02:24 -0400] "GET /vendor/phpunit/phpunit/src/Util/PHP/eval-stdin.php HTTP/1.1" 500 6758 "-" "Mozilla/5.0 (compatible; Googlebot/2.1; +http://www.google.com/bot.html)"
134.209.127.243 - - [08/Jul/2021:06:02:24 -0400] "GET /sites/all/libraries/mailchimp/vendor/phpunit/phpunit/src/Util/PHP/eval-stdin HTTP/1.1" 301 746 "-" "Mozilla/5.0 (compatible; Googlebot/2.1; +http://www.google.com/bot.html)"
134.209.127.243 - - [08/Jul/2021:06:02:25 -0400] "GET /vendor/phpunit/phpunit/src/Util/PHP/eval-stdin HTTP/1.1" 301 698 "-" "Mozilla/5.0 (compatible; Googlebot/2.1; +http://www.google.com/bot.html)"
134.209.127.243 - - [08/Jul/2021:06:02:25 -0400] "GET /sites/all/libraries/mailchimp/vendor/phpunit/phpunit/src/Util/PHP/eval-stdin HTTP/1.1" 500 6758 "-" "Mozilla/5.0 (compatible; Googlebot/2.1; +http://www.google.com/bot.html)"
134.209.127.243 - - [08/Jul/2021:06:02:25 -0400] "GET /vendor/phpunit/phpunit/src/Util/PHP/eval-stdin HTTP/1.1" 500 6758 "-" "Mozilla/5.0 (compatible; Googlebot/2.1; +http://www.google.com/bot.html)"
134.209.127.243 - - [08/Jul/2021:06:02:25 -0400] "GET /sites/all/libraries/mailchimp/vendor/phpunit/phpunit/src/Util/PHP/eval-stdin.php HTTP/1.1" 301 766 "-" "Mozilla/5.0 (compatible; Googlebot/2.1; +http://www.google.com/bot.html)"
134.209.127.243 - - [08/Jul/2021:06:02:25 -0400] "GET /sites/all/libraries/mailchimp/vendor/phpunit/phpunit/src/Util/PHP/eval-stdin.php HTTP/1.1" 500 6758 "-" "Mozilla/5.0 (compatible; Googlebot/2.1; +http://www.google.com/bot.html)"
134.209.127.243 - - [08/Jul/2021:06:02:26 -0400] "GET /sites/all/libraries/mailchimp/vendor/phpunit/phpunit/src/Util/PHP/eval-stdin HTTP/1.1" 301 758 "-" "Mozilla/5.0 (compatible; Googlebot/2.1; +http://www.google.com/bot.html)"
134.209.127.243 - - [08/Jul/2021:06:02:26 -0400] "GET /sites/all/libraries/mailchimp/vendor/phpunit/phpunit/src/Util/PHP/eval-stdin HTTP/1.1" 500 6758 "-" "Mozilla/5.0 (compatible; Googlebot/2.1; +http://www.google.com/bot.html)"
34.75.242.7 - - [08/Jul/2021:06:07:25 -0400] "GET /robots.txt HTTP/1.0" 500 5841 "-" "ZoominfoBot (zoominfobot at zoominfo dot com)"
34.75.242.7 - - [08/Jul/2021:06:07:25 -0400] "GET /comments/feed HTTP/1.0" 500 644 "-" "ZoominfoBot (zoominfobot at zoominfo dot com)"
112.196.72.188 - - [08/Jul/2021:06:07:43 -0400] "GET /wp-login.php HTTP/1.1" 500 6694 "-" "Mozilla/5.0 (X11; Ubuntu; Linux x86_64; rv:62.0) Gecko/20100101 Firefox/62.0"
112.196.72.188 - - [08/Jul/2021:06:07:44 -0400] "POST /wp-login.php HTTP/1.1" 500 6694 "-" "Mozilla/5.0 (X11; Ubuntu; Linux x86_64; rv:62.0) Gecko/20100101 Firefox/62.0"
112.196.72.188 - - [08/Jul/2021:06:07:45 -0400] "GET /wp-login.php HTTP/1.1" 500 6694 "-" "Mozilla/5.0 (X11; Ubuntu; Linux x86_64; rv:62.0) Gecko/20100101 Firefox/62.0"
112.196.72.188 - - [08/Jul/2021:06:07:46 -0400] "POST /wp-login.php HTTP/1.1" 500 6694 "-" "Mozilla/5.0 (X11; Ubuntu; Linux x86_64; rv:62.0) Gecko/20100101 Firefox/62.0"
112.196.72.188 - - [08/Jul/2021:06:07:47 -0400] "POST /xmlrpc.php HTTP/1.1" 200 5629 "-" "Mozilla/5.0 (X11; Ubuntu; Linux x86_64; rv:62.0) Gecko/20100101 Firefox/62.0"
34.75.242.7 - - [08/Jul/2021:06:09:19 -0400] "GET /robots.txt HTTP/1.0" 500 5841 "-" "ZoominfoBot (zoominfobot at zoominfo dot com)"
34.75.242.7 - - [08/Jul/2021:06:09:19 -0400] "GET /shop/cbg-salve-with-hawiian-haze-terpenes HTTP/1.0" 500 644 "-" "ZoominfoBot (zoominfobot at zoominfo dot com)"
157.55.39.48 - - [08/Jul/2021:06:11:19 -0400] "GET /cbd-salves HTTP/1.1" 500 6940 "-" "Mozilla/5.0 (compatible; bingbot/2.0; +http://www.bing.com/bingbot.htm)"
34.75.242.7 - - [08/Jul/2021:06:12:35 -0400] "GET /robots.txt HTTP/1.0" 500 5841 "-" "ZoominfoBot (zoominfobot at zoominfo dot com)"
34.75.242.7 - - [08/Jul/2021:06:12:35 -0400] "GET /xmlrpc.php?rsd HTTP/1.0" 200 436 "-" "ZoominfoBot (zoominfobot at zoominfo dot com)"
34.75.242.7 - - [08/Jul/2021:06:12:52 -0400] "GET /robots.txt HTTP/1.0" 500 5841 "-" "ZoominfoBot (zoominfobot at zoominfo dot com)"
34.75.242.7 - - [08/Jul/2021:06:12:52 -0400] "GET /cbd-oils HTTP/1.0" 500 644 "-" "ZoominfoBot (zoominfobot at zoominfo dot com)"
146.59.197.109 - - [08/Jul/2021:06:15:33 -0400] "POST /wp-login.php HTTP/1.1" 500 7395 "-" "Mozilla/5.0 (Windows NT 6.1; Win64; x64) AppleWebKit/537.36 (KHTML, like Gecko) Chrome/70.0.3538.67 Safari/537.36"
34.75.242.7 - - [08/Jul/2021:06:17:58 -0400] "GET /robots.txt HTTP/1.0" 500 5841 "-" "ZoominfoBot (zoominfobot at zoominfo dot com)"
34.75.242.7 - - [08/Jul/2021:06:17:58 -0400] "GET /shop/700mg-15ml-cbd-oil HTTP/1.0" 500 644 "-" "ZoominfoBot (zoominfobot at zoominfo dot com)"
34.75.242.7 - - [08/Jul/2021:06:18:51 -0400] "GET /robots.txt HTTP/1.0" 500 5841 "-" "ZoominfoBot (zoominfobot at zoominfo dot com)"
34.75.242.7 - - [08/Jul/2021:06:18:52 -0400] "GET /author/admin HTTP/1.0" 500 644 "-" "ZoominfoBot (zoominfobot at zoominfo dot com)"
34.75.242.7 - - [08/Jul/2021:06:22:06 -0400] "GET /robots.txt HTTP/1.0" 500 5841 "-" "ZoominfoBot (zoominfobot at zoominfo dot com)"
34.75.242.7 - - [08/Jul/2021:06:22:06 -0400] "GET /shop/2130mg-30ml-whole-plant-cbg-extract-oil HTTP/1.0" 500 644 "-" "ZoominfoBot (zoominfobot at zoominfo dot com)"
34.75.242.7 - - [08/Jul/2021:06:22:39 -0400] "GET /robots.txt HTTP/1.0" 500 5841 "-" "ZoominfoBot (zoominfobot at zoominfo dot com)"
34.75.242.7 - - [08/Jul/2021:06:22:39 -0400] "GET /apparel HTTP/1.0" 500 644 "-" "ZoominfoBot (zoominfobot at zoominfo dot com)"
34.75.242.7 - - [08/Jul/2021:06:28:20 -0400] "GET /robots.txt HTTP/1.0" 500 5841 "-" "ZoominfoBot (zoominfobot at zoominfo dot com)"
34.75.242.7 - - [08/Jul/2021:06:28:20 -0400] "GET /shop/cbg-salve-with-special-sauce-terpenes HTTP/1.0" 500 644 "-" "ZoominfoBot (zoominfobot at zoominfo dot com)"
91.193.20.72 - - [08/Jul/2021:06:29:20 -0400] "POST /wp-login.php HTTP/1.1" 500 7395 "-" "Mozilla/5.0 (Windows NT 6.3; Win64; x64) AppleWebKit/537.36 (KHTML, like Gecko) Chrome/79.0.3945.88 Safari/537.36"
34.75.242.7 - - [08/Jul/2021:06:30:58 -0400] "GET /robots.txt HTTP/1.0" 500 5841 "-" "ZoominfoBot (zoominfobot at zoominfo dot com)"
34.75.242.7 - - [08/Jul/2021:06:30:58 -0400] "GET /shop/holy-grail-cbd-healing-salve-1-oz HTTP/1.0" 500 644 "-" "ZoominfoBot (zoominfobot at zoominfo dot com)"
34.75.242.7 - - [08/Jul/2021:06:38:06 -0400] "GET /robots.txt HTTP/1.0" 500 5841 "-" "ZoominfoBot (zoominfobot at zoominfo dot com)"
34.75.242.7 - - [08/Jul/2021:06:38:06 -0400] "GET /contact-us HTTP/1.0" 500 644 "-" "ZoominfoBot (zoominfobot at zoominfo dot com)"
34.75.242.7 - - [08/Jul/2021:06:39:59 -0400] "GET /robots.txt HTTP/1.0" 500 5841 "-" "ZoominfoBot (zoominfobot at zoominfo dot com)"
34.75.242.7 - - [08/Jul/2021:06:39:59 -0400] "GET /cbd-salves HTTP/1.0" 500 644 "-" "ZoominfoBot (zoominfobot at zoominfo dot com)"
34.75.242.7 - - [08/Jul/2021:06:45:45 -0400] "GET /robots.txt HTTP/1.0" 500 5841 "-" "ZoominfoBot (zoominfobot at zoominfo dot com)"
34.75.242.7 - - [08/Jul/2021:06:45:45 -0400] "GET /shop/cbg-healing-salve-1-oz HTTP/1.0" 500 644 "-" "ZoominfoBot (zoominfobot at zoominfo dot com)"
31.192.208.12 - - [08/Jul/2021:06:45:49 -0400] "POST /wp-login.php HTTP/1.1" 500 7395 "-" "Mozilla/5.0 (Windows NT 6.1; WOW64) AppleWebKit/537.36 (KHTML, like Gecko) Chrome/46.0.2490.86 Safari/537.36"
34.75.242.7 - - [08/Jul/2021:06:47:26 -0400] "GET /robots.txt HTTP/1.0" 500 5841 "-" "ZoominfoBot (zoominfobot at zoominfo dot com)"
34.75.242.7 - - [08/Jul/2021:06:47:26 -0400] "GET /shop/cbg-salve-with-lifter-terpenes HTTP/1.0" 500 644 "-" "ZoominfoBot (zoominfobot at zoominfo dot com)"
34.75.242.7 - - [08/Jul/2021:06:48:49 -0400] "GET /robots.txt HTTP/1.0" 500 5841 "-" "ZoominfoBot (zoominfobot at zoominfo dot com)"
34.75.242.7 - - [08/Jul/2021:06:48:49 -0400] "GET /bath-bombs HTTP/1.0" 500 644 "-" "ZoominfoBot (zoominfobot at zoominfo dot com)"
34.75.242.7 - - [08/Jul/2021:06:50:23 -0400] "GET /robots.txt HTTP/1.0" 500 5841 "-" "ZoominfoBot (zoominfobot at zoominfo dot com)"
34.75.242.7 - - [08/Jul/2021:06:50:23 -0400] "GET /shop-full-width HTTP/1.0" 500 644 "-" "ZoominfoBot (zoominfobot at zoominfo dot com)"
34.75.242.7 - - [08/Jul/2021:06:57:36 -0400] "GET /robots.txt HTTP/1.0" 500 5841 "-" "ZoominfoBot (zoominfobot at zoominfo dot com)"
34.75.242.7 - - [08/Jul/2021:06:57:36 -0400] "GET /feed HTTP/1.0" 500 644 "-" "ZoominfoBot (zoominfobot at zoominfo dot com)"
34.75.242.7 - - [08/Jul/2021:06:58:11 -0400] "GET /robots.txt HTTP/1.0" 500 5841 "-" "ZoominfoBot (zoominfobot at zoominfo dot com)"
34.75.242.7 - - [08/Jul/2021:06:58:11 -0400] "GET /affiliate-home/affiliate-register HTTP/1.0" 500 644 "-" "ZoominfoBot (zoominfobot at zoominfo dot com)"
34.75.242.7 - - [08/Jul/2021:06:59:14 -0400] "GET /robots.txt HTTP/1.0" 500 5841 "-" "ZoominfoBot (zoominfobot at zoominfo dot com)"
34.75.242.7 - - [08/Jul/2021:06:59:14 -0400] "GET /shop/2000mg-30ml-cbd-oil HTTP/1.0" 500 644 "-" "ZoominfoBot (zoominfobot at zoominfo dot com)"
34.75.242.7 - - [08/Jul/2021:07:00:12 -0400] "GET /robots.txt HTTP/1.0" 500 5841 "-" "ZoominfoBot (zoominfobot at zoominfo dot com)"
34.75.242.7 - - [08/Jul/2021:07:00:12 -0400] "GET /about-us HTTP/1.0" 500 644 "-" "ZoominfoBot (zoominfobot at zoominfo dot com)"
34.75.242.7 - - [08/Jul/2021:07:00:47 -0400] "GET /robots.txt HTTP/1.0" 500 5841 "-" "ZoominfoBot (zoominfobot at zoominfo dot com)"
34.75.242.7 - - [08/Jul/2021:07:00:47 -0400] "GET /cart HTTP/1.0" 500 644 "-" "ZoominfoBot (zoominfobot at zoominfo dot com)"
138.68.80.211 - - [08/Jul/2021:07:02:31 -0400] "POST /wp-login.php HTTP/1.1" 500 7395 "-" "Mozilla/5.0 (Windows NT 6.1) AppleWebKit/537.36 (KHTML, like Gecko) Chrome/65.0.3325.181 Safari/537.36"
40.77.167.97 - - [08/Jul/2021:07:02:43 -0400] "GET /wp-sitemap-posts-page-1.xml HTTP/1.1" 500 6940 "-" "Mozilla/5.0 (compatible; bingbot/2.0; +http://www.bing.com/bingbot.htm)"
34.75.242.7 - - [08/Jul/2021:07:04:18 -0400] "GET /robots.txt HTTP/1.0" 500 5841 "-" "ZoominfoBot (zoominfobot at zoominfo dot com)"
34.75.242.7 - - [08/Jul/2021:07:04:18 -0400] "GET /affiliate-home HTTP/1.0" 500 644 "-" "ZoominfoBot (zoominfobot at zoominfo dot com)"
35.198.229.229 - - [08/Jul/2021:07:05:41 -0400] "POST /wp-login.php HTTP/1.1" 500 7395 "-" "Mozilla/5.0 (Windows NT 6.1; WOW64) AppleWebKit/537.36 (KHTML, like Gecko) Chrome/63.0.3239.132 Safari/537.36"
34.75.242.7 - - [08/Jul/2021:07:06:08 -0400] "GET /robots.txt HTTP/1.0" 500 5841 "-" "ZoominfoBot (zoominfobot at zoominfo dot com)"
34.75.242.7 - - [08/Jul/2021:07:06:08 -0400] "GET /affiliate-home/affiliate-login HTTP/1.0" 500 644 "-" "ZoominfoBot (zoominfobot at zoominfo dot com)"
34.75.242.7 - - [08/Jul/2021:07:06:16 -0400] "GET /robots.txt HTTP/1.0" 500 5841 "-" "ZoominfoBot (zoominfobot at zoominfo dot com)"
34.75.242.7 - - [08/Jul/2021:07:06:16 -0400] "GET /my-account HTTP/1.0" 500 644 "-" "ZoominfoBot (zoominfobot at zoominfo dot com)"
80.251.219.111 - - [08/Jul/2021:07:06:31 -0400] "GET /wp-login.php HTTP/1.1" 500 6694 "-" "Mozilla/5.0 (X11; Ubuntu; Linux x86_64; rv:62.0) Gecko/20100101 Firefox/62.0"
80.251.219.111 - - [08/Jul/2021:07:06:31 -0400] "POST /wp-login.php HTTP/1.1" 500 6694 "-" "Mozilla/5.0 (X11; Ubuntu; Linux x86_64; rv:62.0) Gecko/20100101 Firefox/62.0"
80.251.219.111 - - [08/Jul/2021:07:06:32 -0400] "GET /wp-login.php HTTP/1.1" 500 6694 "-" "Mozilla/5.0 (X11; Ubuntu; Linux x86_64; rv:62.0) Gecko/20100101 Firefox/62.0"
80.251.219.111 - - [08/Jul/2021:07:06:32 -0400] "POST /wp-login.php HTTP/1.1" 500 6694 "-" "Mozilla/5.0 (X11; Ubuntu; Linux x86_64; rv:62.0) Gecko/20100101 Firefox/62.0"
80.251.219.111 - - [08/Jul/2021:07:06:32 -0400] "POST /xmlrpc.php HTTP/1.1" 200 5629 "-" "Mozilla/5.0 (X11; Ubuntu; Linux x86_64; rv:62.0) Gecko/20100101 Firefox/62.0"
34.75.242.7 - - [08/Jul/2021:07:06:33 -0400] "GET /robots.txt HTTP/1.0" 500 5841 "-" "ZoominfoBot (zoominfobot at zoominfo dot com)"
34.75.242.7 - - [08/Jul/2021:07:06:33 -0400] "GET /what-is-cbd HTTP/1.0" 500 644 "-" "ZoominfoBot (zoominfobot at zoominfo dot com)"
138.68.140.0 - - [08/Jul/2021:07:18:34 -0400] "POST /wp-login.php HTTP/1.1" 500 7395 "-" "Mozilla/5.0 (Windows NT 6.1; Win64; x64) AppleWebKit/537.36 (KHTML, like Gecko) Chrome/80.0.3987.106 Safari/537.36"
47.242.169.32 - - [08/Jul/2021:07:21:14 -0400] "POST /wp-login.php HTTP/1.1" 500 7395 "-" "Mozilla/5.0 (Windows NT 10.0; WOW64) AppleWebKit/537.36 (KHTML, like Gecko) Chrome/46.0.2490.86 Safari/537.36"
185.191.171.6 - - [08/Jul/2021:07:29:11 -0400] "GET /robots.txt HTTP/1.1" 500 7395 "-" "Mozilla/5.0 (compatible; SemrushBot/7~bl; +http://www.semrush.com/bot.html)"
185.191.171.44 - - [08/Jul/2021:07:29:11 -0400] "GET /shop/cbg-salve-with-hawiian-haze-terpenes HTTP/1.1" 500 6538 "-" "Mozilla/5.0 (compatible; SemrushBot/7~bl; +http://www.semrush.com/bot.html)"
47.242.169.32 - - [08/Jul/2021:07:37:16 -0400] "POST /wp-login.php HTTP/1.1" 500 7395 "-" "Mozilla/5.0 (Windows NT 6.1; WOW64) AppleWebKit/537.36 (KHTML, like Gecko) Chrome/36.0.1985.125 Safari/537.36"
138.197.100.108 - - [08/Jul/2021:07:38:40 -0400] "GET /wp-login.php HTTP/1.1" 500 6694 "-" "Mozilla/5.0 (X11; Ubuntu; Linux x86_64; rv:62.0) Gecko/20100101 Firefox/62.0"
138.197.100.108 - - [08/Jul/2021:07:38:40 -0400] "POST /wp-login.php HTTP/1.1" 500 6694 "-" "Mozilla/5.0 (X11; Ubuntu; Linux x86_64; rv:62.0) Gecko/20100101 Firefox/62.0"
138.197.100.108 - - [08/Jul/2021:07:38:40 -0400] "GET /wp-login.php HTTP/1.1" 500 6694 "-" "Mozilla/5.0 (X11; Ubuntu; Linux x86_64; rv:62.0) Gecko/20100101 Firefox/62.0"
138.197.100.108 - - [08/Jul/2021:07:38:40 -0400] "POST /wp-login.php HTTP/1.1" 500 6694 "-" "Mozilla/5.0 (X11; Ubuntu; Linux x86_64; rv:62.0) Gecko/20100101 Firefox/62.0"
138.197.100.108 - - [08/Jul/2021:07:38:41 -0400] "POST /xmlrpc.php HTTP/1.1" 200 5629 "-" "Mozilla/5.0 (X11; Ubuntu; Linux x86_64; rv:62.0) Gecko/20100101 Firefox/62.0"
54.36.149.85 - - [08/Jul/2021:07:46:23 -0400] "GET / HTTP/1.1" 500 7442 "-" "Mozilla/5.0 (compatible; AhrefsBot/7.0; +http://ahrefs.com/robot/)"
