152.67.108.11 - - [12/Jul/2021:03:40:24 -0400] "POST /wp-login.php HTTP/1.1" 200 8935 "-" "Mozilla/5.0 (Windows NT 6.1; WOW64) AppleWebKit/537.36 (KHTML, like Gecko) Chrome/52.0.2743.116 Safari/537.36"
204.48.19.85 - - [12/Jul/2021:03:40:57 -0400] "POST /wp-cron.php?doing_wp_cron=1626075657.5359740257263183593750 HTTP/1.1" 200 6350 "https://angelsonhighstreet.com/wp-cron.php?doing_wp_cron=1626075657.5359740257263183593750" "WordPress/5.7.2; https://angelsonhighstreet.com"
178.18.245.78 - - [12/Jul/2021:03:40:57 -0400] "POST /wp-login.php HTTP/1.1" 200 8935 "-" "Mozilla/5.0 (Windows NT 10.0; WOW64) AppleWebKit/537.36 (KHTML, like Gecko) Chrome/57.0.2987.133 Safari/537.36"
204.48.19.85 - - [12/Jul/2021:03:41:58 -0400] "POST /wp-cron.php?doing_wp_cron=1626075718.1368799209594726562500 HTTP/1.1" 200 6350 "https://angelsonhighstreet.com/wp-cron.php?doing_wp_cron=1626075718.1368799209594726562500" "WordPress/5.7.2; https://angelsonhighstreet.com"
54.36.149.104 - - [12/Jul/2021:03:41:57 -0400] "GET /product-category/oils?product_order=desc&product_count=32&product_view=list&product_orderby=popularity HTTP/1.1" 200 21567 "-" "Mozilla/5.0 (compatible; AhrefsBot/7.0; +http://ahrefs.com/robot/)"
204.48.19.85 - - [12/Jul/2021:03:43:51 -0400] "POST /wp-cron.php?doing_wp_cron=1626075831.2997910976409912109375 HTTP/1.1" 200 6350 "https://angelsonhighstreet.com/wp-cron.php?doing_wp_cron=1626075831.2997910976409912109375" "WordPress/5.7.2; https://angelsonhighstreet.com"
35.185.13.241 - - [12/Jul/2021:03:43:51 -0400] "GET /contact-us HTTP/1.0" 200 20499 "-" "ZoominfoBot (zoominfobot at zoominfo dot com)"
204.48.19.85 - - [12/Jul/2021:03:44:57 -0400] "POST /wp-cron.php?doing_wp_cron=1626075897.8665320873260498046875 HTTP/1.1" 200 6350 "https://angelsonhighstreet.com/wp-cron.php?doing_wp_cron=1626075897.8665320873260498046875" "WordPress/5.7.2; https://angelsonhighstreet.com"
54.36.148.154 - - [12/Jul/2021:03:44:57 -0400] "GET /product-category/oils?product_order=desc&product_count=32&product_view=grid&product_orderby=default HTTP/1.1" 200 21247 "-" "Mozilla/5.0 (compatible; AhrefsBot/7.0; +http://ahrefs.com/robot/)"
204.48.19.85 - - [12/Jul/2021:03:46:20 -0400] "POST /wp-cron.php?doing_wp_cron=1626075980.2668728828430175781250 HTTP/1.1" 200 6350 "https://angelsonhighstreet.com/wp-cron.php?doing_wp_cron=1626075980.2668728828430175781250" "WordPress/5.7.2; https://angelsonhighstreet.com"
35.185.13.241 - - [12/Jul/2021:03:46:20 -0400] "GET /cbd-salves HTTP/1.0" 200 20895 "-" "ZoominfoBot (zoominfobot at zoominfo dot com)"
204.48.19.85 - - [12/Jul/2021:03:47:48 -0400] "POST /wp-cron.php?doing_wp_cron=1626076068.2624230384826660156250 HTTP/1.1" 200 6350 "https://angelsonhighstreet.com/wp-cron.php?doing_wp_cron=1626076068.2624230384826660156250" "WordPress/5.7.2; https://angelsonhighstreet.com"
54.36.148.19 - - [12/Jul/2021:03:47:48 -0400] "GET /product-category/salves?product_orderby=default&product_view=grid HTTP/1.1" 200 21441 "-" "Mozilla/5.0 (compatible; AhrefsBot/7.0; +http://ahrefs.com/robot/)"
204.48.19.85 - - [12/Jul/2021:03:48:39 -0400] "POST /wp-cron.php?doing_wp_cron=1626076119.7449269294738769531250 HTTP/1.1" 200 6350 "https://angelsonhighstreet.com/wp-cron.php?doing_wp_cron=1626076119.7449269294738769531250" "WordPress/5.7.2; https://angelsonhighstreet.com"
45.40.132.156 - - [12/Jul/2021:03:48:39 -0400] "POST /wp-login.php HTTP/1.1" 200 8935 "-" "Mozilla/5.0 (Windows NT 6.3; Win64; x64) AppleWebKit/537.36 (KHTML, like Gecko) Chrome/77.0.3865.90 Safari/537.36"
116.202.113.215 - - [12/Jul/2021:03:49:25 -0400] "GET / HTTP/1.1" 301 595 "-" "Mozilla/5.0 (Windows NT 10.0; Win64; x64) AppleWebKit/537.36 (KHTML, like Gecko)' Chrome/59.0.3071.115 Safari/537.36"
204.48.19.85 - - [12/Jul/2021:03:49:25 -0400] "POST /wp-cron.php?doing_wp_cron=1626076165.6345460414886474609375 HTTP/1.1" 200 6350 "https://angelsonhighstreet.com/wp-cron.php?doing_wp_cron=1626076165.6345460414886474609375" "WordPress/5.7.2; https://angelsonhighstreet.com"
116.202.113.215 - - [12/Jul/2021:03:49:25 -0400] "GET / HTTP/1.1" 200 26170 "-" "Mozilla/5.0 (Windows NT 10.0; Win64; x64) AppleWebKit/537.36 (KHTML, like Gecko)' Chrome/59.0.3071.115 Safari/537.36"
116.202.113.215 - - [12/Jul/2021:03:49:26 -0400] "GET /wp-content/plugins/age-gate/public/js/age-gate-public-hooks.js?ver=2.15.0 HTTP/1.1" 200 2632 "https://angelsonhighstreet.com/" "Mozilla/5.0 (Windows NT 10.0; Win64; x64) AppleWebKit/537.36 (KHTML, like Gecko)' Chrome/59.0.3071.115 Safari/537.36"
116.202.113.215 - - [12/Jul/2021:03:49:26 -0400] "GET /wp-includes/js/jquery/jquery.min.js?ver=3.5.1 HTTP/1.1" 200 31463 "https://angelsonhighstreet.com/" "Mozilla/5.0 (Windows NT 10.0; Win64; x64) AppleWebKit/537.36 (KHTML, like Gecko)' Chrome/59.0.3071.115 Safari/537.36"
116.202.113.215 - - [12/Jul/2021:03:49:26 -0400] "GET /wp-content/plugins/google-analytics-dashboard-for-wp/assets/js/frontend-gtag.min.js?ver=6.7.0 HTTP/1.1" 200 3856 "https://angelsonhighstreet.com/" "Mozilla/5.0 (Windows NT 10.0; Win64; x64) AppleWebKit/537.36 (KHTML, like Gecko)' Chrome/59.0.3071.115 Safari/537.36"
116.202.113.215 - - [12/Jul/2021:03:49:26 -0400] "GET /wp-includes/js/jquery/jquery-migrate.min.js?ver=3.3.2 HTTP/1.1" 200 5225 "https://angelsonhighstreet.com/" "Mozilla/5.0 (Windows NT 10.0; Win64; x64) AppleWebKit/537.36 (KHTML, like Gecko)' Chrome/59.0.3071.115 Safari/537.36"
116.202.113.215 - - [12/Jul/2021:03:49:26 -0400] "GET /wp-content/plugins/wp-optin-wheel/public/js/public.min.js?ver=1.3.2 HTTP/1.1" 200 9828 "https://angelsonhighstreet.com/" "Mozilla/5.0 (Windows NT 10.0; Win64; x64) AppleWebKit/537.36 (KHTML, like Gecko)' Chrome/59.0.3071.115 Safari/537.36"
116.202.113.215 - - [12/Jul/2021:03:49:26 -0400] "GET /wp-content/plugins/age-gate/public/js/age-gate-public.js?ver=2.15.0 HTTP/1.1" 200 6737 "https://angelsonhighstreet.com/" "Mozilla/5.0 (Windows NT 10.0; Win64; x64) AppleWebKit/537.36 (KHTML, like Gecko)' Chrome/59.0.3071.115 Safari/537.36"
116.202.113.215 - - [12/Jul/2021:03:49:26 -0400] "GET /wp-content/plugins/age-gate/public/js/age-gate-public-tab.js?ver=2.15.0 HTTP/1.1" 200 869 "https://angelsonhighstreet.com/" "Mozilla/5.0 (Windows NT 10.0; Win64; x64) AppleWebKit/537.36 (KHTML, like Gecko)' Chrome/59.0.3071.115 Safari/537.36"
116.202.113.215 - - [12/Jul/2021:03:49:26 -0400] "GET /wp-content/plugins/age-gate/public/js/age-gate-shortcode.js?ver=2.15.0 HTTP/1.1" 200 2732 "https://angelsonhighstreet.com/" "Mozilla/5.0 (Windows NT 10.0; Win64; x64) AppleWebKit/537.36 (KHTML, like Gecko)' Chrome/59.0.3071.115 Safari/537.36"
116.202.113.215 - - [12/Jul/2021:03:49:26 -0400] "GET /wp-content/plugins/contact-form-7/includes/js/index.js?ver=5.4.1 HTTP/1.1" 200 10558 "https://angelsonhighstreet.com/" "Mozilla/5.0 (Windows NT 10.0; Win64; x64) AppleWebKit/537.36 (KHTML, like Gecko)' Chrome/59.0.3071.115 Safari/537.36"
116.202.113.215 - - [12/Jul/2021:03:49:26 -0400] "GET /wp-content/plugins/woocommerce/assets/js/jquery-blockui/jquery.blockUI.min.js?ver=2.70 HTTP/1.1" 200 10035 "https://angelsonhighstreet.com/" "Mozilla/5.0 (Windows NT 10.0; Win64; x64) AppleWebKit/537.36 (KHTML, like Gecko)' Chrome/59.0.3071.115 Safari/537.36"
116.202.113.215 - - [12/Jul/2021:03:49:26 -0400] "GET /wp-includes/js/dist/vendor/wp-polyfill.min.js?ver=7.4.4 HTTP/1.1" 200 34810 "https://angelsonhighstreet.com/" "Mozilla/5.0 (Windows NT 10.0; Win64; x64) AppleWebKit/537.36 (KHTML, like Gecko)' Chrome/59.0.3071.115 Safari/537.36"
116.202.113.215 - - [12/Jul/2021:03:49:26 -0400] "GET /wp-content/plugins/woocommerce/assets/js/frontend/add-to-cart.min.js?ver=5.3.0 HTTP/1.1" 200 1522 "https://angelsonhighstreet.com/" "Mozilla/5.0 (Windows NT 10.0; Win64; x64) AppleWebKit/537.36 (KHTML, like Gecko)' Chrome/59.0.3071.115 Safari/537.36"
116.202.113.215 - - [12/Jul/2021:03:49:26 -0400] "GET /wp-content/plugins/woocommerce/assets/js/js-cookie/js.cookie.min.js?ver=2.1.4 HTTP/1.1" 200 1417 "https://angelsonhighstreet.com/" "Mozilla/5.0 (Windows NT 10.0; Win64; x64) AppleWebKit/537.36 (KHTML, like Gecko)' Chrome/59.0.3071.115 Safari/537.36"
116.202.113.215 - - [12/Jul/2021:03:49:26 -0400] "GET /wp-content/plugins/woocommerce/assets/js/frontend/cart-fragments.min.js?ver=5.3.0 HTTP/1.1" 200 1475 "https://angelsonhighstreet.com/" "Mozilla/5.0 (Windows NT 10.0; Win64; x64) AppleWebKit/537.36 (KHTML, like Gecko)' Chrome/59.0.3071.115 Safari/537.36"
116.202.113.215 - - [12/Jul/2021:03:49:26 -0400] "GET /wp-content/plugins/woocommerce/assets/js/frontend/woocommerce.min.js?ver=5.3.0 HTTP/1.1" 200 1222 "https://angelsonhighstreet.com/" "Mozilla/5.0 (Windows NT 10.0; Win64; x64) AppleWebKit/537.36 (KHTML, like Gecko)' Chrome/59.0.3071.115 Safari/537.36"
116.202.113.215 - - [12/Jul/2021:03:49:26 -0400] "GET /wp-includes/js/wp-embed.min.js?ver=5.7.2 HTTP/1.1" 200 1200 "https://angelsonhighstreet.com/" "Mozilla/5.0 (Windows NT 10.0; Win64; x64) AppleWebKit/537.36 (KHTML, like Gecko)' Chrome/59.0.3071.115 Safari/537.36"
116.202.113.215 - - [12/Jul/2021:03:49:26 -0400] "GET /wp-includes/js/wp-emoji-release.min.js?ver=5.7.2 HTTP/1.1" 200 5142 "https://angelsonhighstreet.com/" "Mozilla/5.0 (Windows NT 10.0; Win64; x64) AppleWebKit/537.36 (KHTML, like Gecko)' Chrome/59.0.3071.115 Safari/537.36"
116.202.113.215 - - [12/Jul/2021:03:49:26 -0400] "GET /wp-content/plugins/revslider/public/assets/js/rbtools.min.js?ver=6.3.3 HTTP/1.1" 200 46697 "https://angelsonhighstreet.com/" "Mozilla/5.0 (Windows NT 10.0; Win64; x64) AppleWebKit/537.36 (KHTML, like Gecko)' Chrome/59.0.3071.115 Safari/537.36"
116.202.113.215 - - [12/Jul/2021:03:49:26 -0400] "GET /wp-content/uploads/fusion-scripts/250c2b9f76b9189f0607771277c32ada.min.js?ver=3.2.1 HTTP/1.1" 200 122595 "https://angelsonhighstreet.com/" "Mozilla/5.0 (Windows NT 10.0; Win64; x64) AppleWebKit/537.36 (KHTML, like Gecko)' Chrome/59.0.3071.115 Safari/537.36"
116.202.113.215 - - [12/Jul/2021:03:49:26 -0400] "GET /wp-content/plugins/revslider/public/assets/js/rs6.min.js?ver=6.3.3 HTTP/1.1" 200 86331 "https://angelsonhighstreet.com/" "Mozilla/5.0 (Windows NT 10.0; Win64; x64) AppleWebKit/537.36 (KHTML, like Gecko)' Chrome/59.0.3071.115 Safari/537.36"
116.202.113.215 - - [12/Jul/2021:03:49:36 -0400] "GET /affiliate-home HTTP/1.1" 200 20763 "-" "Mozilla/5.0 (Windows NT 10.0; Win64; x64) AppleWebKit/537.36 (KHTML, like Gecko)' Chrome/59.0.3071.115 Safari/537.36"
116.202.113.215 - - [12/Jul/2021:03:49:36 -0400] "GET /wp-includes/js/jquery/jquery.min.js?ver=3.5.1 HTTP/1.1" 200 31463 "https://angelsonhighstreet.com/affiliate-home" "Mozilla/5.0 (Windows NT 10.0; Win64; x64) AppleWebKit/537.36 (KHTML, like Gecko)' Chrome/59.0.3071.115 Safari/537.36"
116.202.113.215 - - [12/Jul/2021:03:49:36 -0400] "GET /wp-includes/js/jquery/jquery-migrate.min.js?ver=3.3.2 HTTP/1.1" 200 5225 "https://angelsonhighstreet.com/affiliate-home" "Mozilla/5.0 (Windows NT 10.0; Win64; x64) AppleWebKit/537.36 (KHTML, like Gecko)' Chrome/59.0.3071.115 Safari/537.36"
116.202.113.215 - - [12/Jul/2021:03:49:36 -0400] "GET /wp-content/plugins/age-gate/public/js/age-gate-public-hooks.js?ver=2.15.0 HTTP/1.1" 200 3208 "https://angelsonhighstreet.com/affiliate-home" "Mozilla/5.0 (Windows NT 10.0; Win64; x64) AppleWebKit/537.36 (KHTML, like Gecko)' Chrome/59.0.3071.115 Safari/537.36"
116.202.113.215 - - [12/Jul/2021:03:49:36 -0400] "GET /wp-content/plugins/google-analytics-dashboard-for-wp/assets/js/frontend-gtag.min.js?ver=6.7.0 HTTP/1.1" 200 9354 "https://angelsonhighstreet.com/affiliate-home" "Mozilla/5.0 (Windows NT 10.0; Win64; x64) AppleWebKit/537.36 (KHTML, like Gecko)' Chrome/59.0.3071.115 Safari/537.36"
116.202.113.215 - - [12/Jul/2021:03:49:36 -0400] "GET /wp-content/plugins/wp-optin-wheel/public/js/public.min.js?ver=1.3.2 HTTP/1.1" 200 9828 "https://angelsonhighstreet.com/affiliate-home" "Mozilla/5.0 (Windows NT 10.0; Win64; x64) AppleWebKit/537.36 (KHTML, like Gecko)' Chrome/59.0.3071.115 Safari/537.36"
116.202.113.215 - - [12/Jul/2021:03:49:36 -0400] "GET /wp-includes/js/jquery/ui/checkboxradio.min.js?ver=1.12.1 HTTP/1.1" 200 1844 "https://angelsonhighstreet.com/affiliate-home" "Mozilla/5.0 (Windows NT 10.0; Win64; x64) AppleWebKit/537.36 (KHTML, like Gecko)' Chrome/59.0.3071.115 Safari/537.36"
116.202.113.215 - - [12/Jul/2021:03:49:36 -0400] "GET /wp-includes/js/jquery/ui/button.min.js?ver=1.12.1 HTTP/1.1" 200 2149 "https://angelsonhighstreet.com/affiliate-home" "Mozilla/5.0 (Windows NT 10.0; Win64; x64) AppleWebKit/537.36 (KHTML, like Gecko)' Chrome/59.0.3071.115 Safari/537.36"
116.202.113.215 - - [12/Jul/2021:03:49:36 -0400] "GET /wp-includes/js/jquery/ui/core.min.js?ver=1.12.1 HTTP/1.1" 200 7345 "https://angelsonhighstreet.com/affiliate-home" "Mozilla/5.0 (Windows NT 10.0; Win64; x64) AppleWebKit/537.36 (KHTML, like Gecko)' Chrome/59.0.3071.115 Safari/537.36"
116.202.113.215 - - [12/Jul/2021:03:49:36 -0400] "GET /wp-includes/js/jquery/ui/resizable.min.js?ver=1.12.1 HTTP/1.1" 200 11796 "https://angelsonhighstreet.com/affiliate-home" "Mozilla/5.0 (Windows NT 10.0; Win64; x64) AppleWebKit/537.36 (KHTML, like Gecko)' Chrome/59.0.3071.115 Safari/537.36"
116.202.113.215 - - [12/Jul/2021:03:49:36 -0400] "GET /wp-includes/js/jquery/ui/mouse.min.js?ver=1.12.1 HTTP/1.1" 200 1506 "https://angelsonhighstreet.com/affiliate-home" "Mozilla/5.0 (Windows NT 10.0; Win64; x64) AppleWebKit/537.36 (KHTML, like Gecko)' Chrome/59.0.3071.115 Safari/537.36"
116.202.113.215 - - [12/Jul/2021:03:49:36 -0400] "GET /wp-includes/js/jquery/ui/controlgroup.min.js?ver=1.12.1 HTTP/1.1" 200 2020 "https://angelsonhighstreet.com/affiliate-home" "Mozilla/5.0 (Windows NT 10.0; Win64; x64) AppleWebKit/537.36 (KHTML, like Gecko)' Chrome/59.0.3071.115 Safari/537.36"
116.202.113.215 - - [12/Jul/2021:03:49:36 -0400] "GET /wp-includes/js/jquery/ui/dialog.min.js?ver=1.12.1 HTTP/1.1" 200 4215 "https://angelsonhighstreet.com/affiliate-home" "Mozilla/5.0 (Windows NT 10.0; Win64; x64) AppleWebKit/537.36 (KHTML, like Gecko)' Chrome/59.0.3071.115 Safari/537.36"
116.202.113.215 - - [12/Jul/2021:03:49:36 -0400] "GET /wp-includes/js/jquery/ui/draggable.min.js?ver=1.12.1 HTTP/1.1" 200 5306 "https://angelsonhighstreet.com/affiliate-home" "Mozilla/5.0 (Windows NT 10.0; Win64; x64) AppleWebKit/537.36 (KHTML, like Gecko)' Chrome/59.0.3071.115 Safari/537.36"
116.202.113.215 - - [12/Jul/2021:03:49:36 -0400] "GET /wp-content/plugins/age-gate/public/js/age-gate-public-tab.js?ver=2.15.0 HTTP/1.1" 200 869 "https://angelsonhighstreet.com/affiliate-home" "Mozilla/5.0 (Windows NT 10.0; Win64; x64) AppleWebKit/537.36 (KHTML, like Gecko)' Chrome/59.0.3071.115 Safari/537.36"
116.202.113.215 - - [12/Jul/2021:03:49:36 -0400] "GET /wp-content/plugins/age-gate/public/js/age-gate-public.js?ver=2.15.0 HTTP/1.1" 200 6737 "https://angelsonhighstreet.com/affiliate-home" "Mozilla/5.0 (Windows NT 10.0; Win64; x64) AppleWebKit/537.36 (KHTML, like Gecko)' Chrome/59.0.3071.115 Safari/537.36"
116.202.113.215 - - [12/Jul/2021:03:49:36 -0400] "GET /wp-content/plugins/age-gate/public/js/age-gate-shortcode.js?ver=2.15.0 HTTP/1.1" 200 2732 "https://angelsonhighstreet.com/affiliate-home" "Mozilla/5.0 (Windows NT 10.0; Win64; x64) AppleWebKit/537.36 (KHTML, like Gecko)' Chrome/59.0.3071.115 Safari/537.36"
116.202.113.215 - - [12/Jul/2021:03:49:36 -0400] "GET /wp-includes/js/jquery/ui/datepicker.min.js?ver=1.12.1 HTTP/1.1" 200 11245 "https://angelsonhighstreet.com/affiliate-home" "Mozilla/5.0 (Windows NT 10.0; Win64; x64) AppleWebKit/537.36 (KHTML, like Gecko)' Chrome/59.0.3071.115 Safari/537.36"
116.202.113.215 - - [12/Jul/2021:03:49:37 -0400] "GET /wp-content/plugins/contact-form-7/includes/js/index.js?ver=5.4.1 HTTP/1.1" 200 4484 "https://angelsonhighstreet.com/affiliate-home" "Mozilla/5.0 (Windows NT 10.0; Win64; x64) AppleWebKit/537.36 (KHTML, like Gecko)' Chrome/59.0.3071.115 Safari/537.36"
116.202.113.215 - - [12/Jul/2021:03:49:37 -0400] "GET /wp-content/plugins/woocommerce/assets/js/jquery-blockui/jquery.blockUI.min.js?ver=2.70 HTTP/1.1" 200 3961 "https://angelsonhighstreet.com/affiliate-home" "Mozilla/5.0 (Windows NT 10.0; Win64; x64) AppleWebKit/537.36 (KHTML, like Gecko)' Chrome/59.0.3071.115 Safari/537.36"
116.202.113.215 - - [12/Jul/2021:03:49:37 -0400] "GET /wp-includes/js/dist/vendor/wp-polyfill.min.js?ver=7.4.4 HTTP/1.1" 200 34810 "https://angelsonhighstreet.com/affiliate-home" "Mozilla/5.0 (Windows NT 10.0; Win64; x64) AppleWebKit/537.36 (KHTML, like Gecko)' Chrome/59.0.3071.115 Safari/537.36"
116.202.113.215 - - [12/Jul/2021:03:49:37 -0400] "GET /wp-content/plugins/woocommerce/assets/js/js-cookie/js.cookie.min.js?ver=2.1.4 HTTP/1.1" 200 1417 "https://angelsonhighstreet.com/affiliate-home" "Mozilla/5.0 (Windows NT 10.0; Win64; x64) AppleWebKit/537.36 (KHTML, like Gecko)' Chrome/59.0.3071.115 Safari/537.36"
116.202.113.215 - - [12/Jul/2021:03:49:37 -0400] "GET /wp-content/plugins/woocommerce/assets/js/frontend/add-to-cart.min.js?ver=5.3.0 HTTP/1.1" 200 1522 "https://angelsonhighstreet.com/affiliate-home" "Mozilla/5.0 (Windows NT 10.0; Win64; x64) AppleWebKit/537.36 (KHTML, like Gecko)' Chrome/59.0.3071.115 Safari/537.36"
116.202.113.215 - - [12/Jul/2021:03:49:37 -0400] "GET /wp-content/plugins/woocommerce/assets/js/frontend/woocommerce.min.js?ver=5.3.0 HTTP/1.1" 200 1222 "https://angelsonhighstreet.com/affiliate-home" "Mozilla/5.0 (Windows NT 10.0; Win64; x64) AppleWebKit/537.36 (KHTML, like Gecko)' Chrome/59.0.3071.115 Safari/537.36"
116.202.113.215 - - [12/Jul/2021:03:49:37 -0400] "GET /wp-content/plugins/woocommerce/assets/js/frontend/cart-fragments.min.js?ver=5.3.0 HTTP/1.1" 200 1475 "https://angelsonhighstreet.com/affiliate-home" "Mozilla/5.0 (Windows NT 10.0; Win64; x64) AppleWebKit/537.36 (KHTML, like Gecko)' Chrome/59.0.3071.115 Safari/537.36"
116.202.113.215 - - [12/Jul/2021:03:49:37 -0400] "GET /wp-includes/js/wp-embed.min.js?ver=5.7.2 HTTP/1.1" 200 1200 "https://angelsonhighstreet.com/affiliate-home" "Mozilla/5.0 (Windows NT 10.0; Win64; x64) AppleWebKit/537.36 (KHTML, like Gecko)' Chrome/59.0.3071.115 Safari/537.36"
116.202.113.215 - - [12/Jul/2021:03:49:37 -0400] "GET /wp-includes/js/wp-emoji-release.min.js?ver=5.7.2 HTTP/1.1" 200 5142 "https://angelsonhighstreet.com/affiliate-home" "Mozilla/5.0 (Windows NT 10.0; Win64; x64) AppleWebKit/537.36 (KHTML, like Gecko)' Chrome/59.0.3071.115 Safari/537.36"
116.202.113.215 - - [12/Jul/2021:03:49:37 -0400] "GET /wp-content/plugins/revslider/public/assets/js/rbtools.min.js?ver=6.3.3 HTTP/1.1" 200 46697 "https://angelsonhighstreet.com/affiliate-home" "Mozilla/5.0 (Windows NT 10.0; Win64; x64) AppleWebKit/537.36 (KHTML, like Gecko)' Chrome/59.0.3071.115 Safari/537.36"
116.202.113.215 - - [12/Jul/2021:03:49:37 -0400] "GET /wp-content/plugins/revslider/public/assets/js/rs6.min.js?ver=6.3.3 HTTP/1.1" 200 86331 "https://angelsonhighstreet.com/affiliate-home" "Mozilla/5.0 (Windows NT 10.0; Win64; x64) AppleWebKit/537.36 (KHTML, like Gecko)' Chrome/59.0.3071.115 Safari/537.36"
116.202.113.215 - - [12/Jul/2021:03:49:37 -0400] "GET /wp-content/uploads/fusion-scripts/6031df64f854b8160fa4a0e5162ebd39.min.js?ver=3.2.1 HTTP/1.1" 200 90078 "https://angelsonhighstreet.com/affiliate-home" "Mozilla/5.0 (Windows NT 10.0; Win64; x64) AppleWebKit/537.36 (KHTML, like Gecko)' Chrome/59.0.3071.115 Safari/537.36"
204.48.19.85 - - [12/Jul/2021:03:50:40 -0400] "POST /wp-cron.php?doing_wp_cron=1626076240.9346570968627929687500 HTTP/1.1" 200 6350 "https://angelsonhighstreet.com/wp-cron.php?doing_wp_cron=1626076240.9346570968627929687500" "WordPress/5.7.2; https://angelsonhighstreet.com"
54.36.149.100 - - [12/Jul/2021:03:50:40 -0400] "GET /product-category/oils?product_order=desc&product_count=32&product_view=grid&product_orderby=date HTTP/1.1" 200 21266 "-" "Mozilla/5.0 (compatible; AhrefsBot/7.0; +http://ahrefs.com/robot/)"
204.48.19.85 - - [12/Jul/2021:03:52:41 -0400] "POST /wp-cron.php?doing_wp_cron=1626076361.2137999534606933593750 HTTP/1.1" 200 6350 "https://angelsonhighstreet.com/wp-cron.php?doing_wp_cron=1626076361.2137999534606933593750" "WordPress/5.7.2; https://angelsonhighstreet.com"
146.59.197.109 - - [12/Jul/2021:03:52:41 -0400] "POST /wp-login.php HTTP/1.1" 200 8937 "-" "Mozilla/5.0 (Windows NT 6.1) AppleWebKit/537.36 (KHTML, like Gecko) Chrome/65.0.3325.181 Safari/537.36"
204.48.19.85 - - [12/Jul/2021:03:53:22 -0400] "POST /wp-cron.php?doing_wp_cron=1626076402.6798429489135742187500 HTTP/1.1" 200 6350 "https://angelsonhighstreet.com/wp-cron.php?doing_wp_cron=1626076402.6798429489135742187500" "WordPress/5.7.2; https://angelsonhighstreet.com"
35.185.13.241 - - [12/Jul/2021:03:53:22 -0400] "GET /shop/cbg-healing-salve-1-oz HTTP/1.0" 200 27854 "-" "ZoominfoBot (zoominfobot at zoominfo dot com)"
54.36.148.124 - - [12/Jul/2021:03:53:32 -0400] "GET /product-category/oils?product_order=desc&product_count=48&product_view=list&product_orderby=popularity HTTP/1.1" 200 21545 "-" "Mozilla/5.0 (compatible; AhrefsBot/7.0; +http://ahrefs.com/robot/)"
204.48.19.85 - - [12/Jul/2021:03:54:45 -0400] "POST /wp-cron.php?doing_wp_cron=1626076485.6964209079742431640625 HTTP/1.1" 200 6350 "https://angelsonhighstreet.com/wp-cron.php?doing_wp_cron=1626076485.6964209079742431640625" "WordPress/5.7.2; https://angelsonhighstreet.com"
167.172.175.147 - - [12/Jul/2021:03:54:45 -0400] "POST /wp-login.php HTTP/1.1" 200 8935 "-" "Mozilla/5.0 (Windows NT 6.3; Win64; x64) AppleWebKit/537.36 (KHTML, like Gecko) Chrome/62.0.3202.94 Safari/537.36"
204.48.19.85 - - [12/Jul/2021:03:55:23 -0400] "POST /wp-cron.php?doing_wp_cron=1626076522.9178929328918457031250 HTTP/1.1" 200 6350 "https://angelsonhighstreet.com/wp-cron.php?doing_wp_cron=1626076522.9178929328918457031250" "WordPress/5.7.2; https://angelsonhighstreet.com"
82.223.117.156 - - [12/Jul/2021:03:55:22 -0400] "POST /wp-login.php HTTP/1.1" 200 8937 "-" "Mozilla/5.0 (Windows NT 6.1; Win64; x64) AppleWebKit/537.36 (KHTML, like Gecko) Chrome/81.0.4044.122 Safari/537.36"
35.185.13.241 - - [12/Jul/2021:03:55:28 -0400] "GET /shop/cbg-salve-with-lifter-terpenes HTTP/1.0" 200 28487 "-" "ZoominfoBot (zoominfobot at zoominfo dot com)"
159.89.163.238 - - [12/Jul/2021:03:55:33 -0400] "GET /wp-login.php HTTP/1.1" 200 8108 "-" "Mozilla/5.0 (X11; Ubuntu; Linux x86_64; rv:62.0) Gecko/20100101 Firefox/62.0"
159.89.163.238 - - [12/Jul/2021:03:55:39 -0400] "POST /wp-login.php HTTP/1.1" 200 8236 "-" "Mozilla/5.0 (X11; Ubuntu; Linux x86_64; rv:62.0) Gecko/20100101 Firefox/62.0"
159.89.163.238 - - [12/Jul/2021:03:55:40 -0400] "GET /wp-login.php HTTP/1.1" 200 8108 "-" "Mozilla/5.0 (X11; Ubuntu; Linux x86_64; rv:62.0) Gecko/20100101 Firefox/62.0"
159.89.163.238 - - [12/Jul/2021:03:55:41 -0400] "POST /wp-login.php HTTP/1.1" 200 8215 "-" "Mozilla/5.0 (X11; Ubuntu; Linux x86_64; rv:62.0) Gecko/20100101 Firefox/62.0"
159.89.163.238 - - [12/Jul/2021:03:55:42 -0400] "POST /xmlrpc.php HTTP/1.1" 200 5852 "-" "Mozilla/5.0 (X11; Ubuntu; Linux x86_64; rv:62.0) Gecko/20100101 Firefox/62.0"
204.48.19.85 - - [12/Jul/2021:03:56:41 -0400] "POST /wp-cron.php?doing_wp_cron=1626076601.2387619018554687500000 HTTP/1.1" 200 6350 "https://angelsonhighstreet.com/wp-cron.php?doing_wp_cron=1626076601.2387619018554687500000" "WordPress/5.7.2; https://angelsonhighstreet.com"
54.36.148.24 - - [12/Jul/2021:03:56:41 -0400] "GET /product-category/oils?product_order=desc&product_count=48&product_view=grid&product_orderby=default HTTP/1.1" 200 21245 "-" "Mozilla/5.0 (compatible; AhrefsBot/7.0; +http://ahrefs.com/robot/)"
204.48.19.85 - - [12/Jul/2021:03:57:09 -0400] "POST /wp-cron.php?doing_wp_cron=1626076629.9197809696197509765625 HTTP/1.1" 200 6350 "https://angelsonhighstreet.com/wp-cron.php?doing_wp_cron=1626076629.9197809696197509765625" "WordPress/5.7.2; https://angelsonhighstreet.com"
35.185.13.241 - - [12/Jul/2021:03:57:09 -0400] "GET /bath-bombs HTTP/1.0" 404 19705 "-" "ZoominfoBot (zoominfobot at zoominfo dot com)"
204.48.19.85 - - [12/Jul/2021:03:59:07 -0400] "POST /wp-cron.php?doing_wp_cron=1626076747.7772910594940185546875 HTTP/1.1" 200 6350 "https://angelsonhighstreet.com/wp-cron.php?doing_wp_cron=1626076747.7772910594940185546875" "WordPress/5.7.2; https://angelsonhighstreet.com"
35.185.13.241 - - [12/Jul/2021:03:59:07 -0400] "GET /shop-full-width HTTP/1.0" 200 21172 "-" "ZoominfoBot (zoominfobot at zoominfo dot com)"
54.36.149.106 - - [12/Jul/2021:03:59:35 -0400] "GET /product-category/salves?product_orderby=name&product_order=desc&product_view=list&product_count=32 HTTP/1.1" 200 21374 "-" "Mozilla/5.0 (compatible; AhrefsBot/7.0; +http://ahrefs.com/robot/)"
204.48.19.85 - - [12/Jul/2021:04:02:32 -0400] "POST /wp-cron.php?doing_wp_cron=1626076952.4431920051574707031250 HTTP/1.1" 200 6350 "https://angelsonhighstreet.com/wp-cron.php?doing_wp_cron=1626076952.4431920051574707031250" "WordPress/5.7.2; https://angelsonhighstreet.com"
54.36.148.16 - - [12/Jul/2021:04:02:32 -0400] "GET /product-category/oils?product_order=desc&product_count=32&product_view=grid&product_orderby=name HTTP/1.1" 200 21295 "-" "Mozilla/5.0 (compatible; AhrefsBot/7.0; +http://ahrefs.com/robot/)"
204.48.19.85 - - [12/Jul/2021:04:02:52 -0400] "POST /wp-cron.php?doing_wp_cron=1626076972.5799860954284667968750 HTTP/1.1" 200 6350 "https://angelsonhighstreet.com/wp-cron.php?doing_wp_cron=1626076972.5799860954284667968750" "WordPress/5.7.2; https://angelsonhighstreet.com"
159.203.21.106 - - [12/Jul/2021:04:02:52 -0400] "GET /wp-login.php HTTP/1.1" 200 8108 "-" "Mozilla/5.0 (X11; Ubuntu; Linux x86_64; rv:62.0) Gecko/20100101 Firefox/62.0"
159.203.21.106 - - [12/Jul/2021:04:02:52 -0400] "POST /wp-login.php HTTP/1.1" 200 8236 "-" "Mozilla/5.0 (X11; Ubuntu; Linux x86_64; rv:62.0) Gecko/20100101 Firefox/62.0"
159.203.21.106 - - [12/Jul/2021:04:02:53 -0400] "GET /wp-login.php HTTP/1.1" 200 8108 "-" "Mozilla/5.0 (X11; Ubuntu; Linux x86_64; rv:62.0) Gecko/20100101 Firefox/62.0"
159.203.21.106 - - [12/Jul/2021:04:02:53 -0400] "POST /wp-login.php HTTP/1.1" 200 8238 "-" "Mozilla/5.0 (X11; Ubuntu; Linux x86_64; rv:62.0) Gecko/20100101 Firefox/62.0"
159.203.21.106 - - [12/Jul/2021:04:02:53 -0400] "POST /xmlrpc.php HTTP/1.1" 200 5852 "-" "Mozilla/5.0 (X11; Ubuntu; Linux x86_64; rv:62.0) Gecko/20100101 Firefox/62.0"
204.48.19.85 - - [12/Jul/2021:04:05:36 -0400] "POST /wp-cron.php?doing_wp_cron=1626077136.2202329635620117187500 HTTP/1.1" 200 6350 "https://angelsonhighstreet.com/wp-cron.php?doing_wp_cron=1626077136.2202329635620117187500" "WordPress/5.7.2; https://angelsonhighstreet.com"
54.36.148.123 - - [12/Jul/2021:04:05:36 -0400] "GET /product-category/oils?product_order=desc&product_count=32&product_view=list&product_orderby=date HTTP/1.1" 200 21568 "-" "Mozilla/5.0 (compatible; AhrefsBot/7.0; +http://ahrefs.com/robot/)"
204.48.19.85 - - [12/Jul/2021:04:08:12 -0400] "POST /wp-cron.php?doing_wp_cron=1626077292.7495949268341064453125 HTTP/1.1" 200 6350 "https://angelsonhighstreet.com/wp-cron.php?doing_wp_cron=1626077292.7495949268341064453125" "WordPress/5.7.2; https://angelsonhighstreet.com"
107.150.63.173 - - [12/Jul/2021:04:08:12 -0400] "GET /wp-login.php HTTP/1.1" 200 14174 "-" "Mozilla/5.0 (Macintosh; Intel Mac OS X 10_9_2) AppleWebKit/537.36 (KHTML, like Gecko) Chrome/35.0.1916.153 Safari/537.36"
107.150.63.173 - - [12/Jul/2021:04:08:12 -0400] "POST /wp-login.php HTTP/1.1" 200 9225 "-" "Mozilla/5.0 (Macintosh; Intel Mac OS X 10_9_2) AppleWebKit/537.36 (KHTML, like Gecko) Chrome/35.0.1916.153 Safari/537.36"
35.185.13.241 - - [12/Jul/2021:04:08:13 -0400] "GET /feed HTTP/1.0" 200 6215 "-" "ZoominfoBot (zoominfobot at zoominfo dot com)"
54.36.148.62 - - [12/Jul/2021:04:08:35 -0400] "GET /product-category/oils?product_order=desc&product_count=48&product_orderby=rating&product_view=grid HTTP/1.1" 200 21274 "-" "Mozilla/5.0 (compatible; AhrefsBot/7.0; +http://ahrefs.com/robot/)"
35.185.13.241 - - [12/Jul/2021:04:08:55 -0400] "GET /affiliate-home/affiliate-register HTTP/1.0" 200 24743 "-" "ZoominfoBot (zoominfobot at zoominfo dot com)"
204.48.19.85 - - [12/Jul/2021:04:09:34 -0400] "POST /wp-cron.php?doing_wp_cron=1626077374.9608581066131591796875 HTTP/1.1" 200 6350 "https://angelsonhighstreet.com/wp-cron.php?doing_wp_cron=1626077374.9608581066131591796875" "WordPress/5.7.2; https://angelsonhighstreet.com"
164.68.100.64 - - [12/Jul/2021:04:09:34 -0400] "POST /wp-login.php HTTP/1.1" 200 8935 "-" "Mozilla/5.0 (Windows NT 6.1; WOW64) AppleWebKit/537.36 (KHTML, like Gecko) Chrome/36.0.1985.125 Safari/537.36"
204.48.19.85 - - [12/Jul/2021:04:10:07 -0400] "POST /wp-cron.php?doing_wp_cron=1626077407.6523420810699462890625 HTTP/1.1" 200 6350 "https://angelsonhighstreet.com/wp-cron.php?doing_wp_cron=1626077407.6523420810699462890625" "WordPress/5.7.2; https://angelsonhighstreet.com"
81.88.52.114 - - [12/Jul/2021:04:10:07 -0400] "POST /wp-login.php HTTP/1.1" 200 8937 "-" "Mozilla/5.0 (Windows NT 6.1; WOW64) AppleWebKit/537.36 (KHTML, like Gecko) Chrome/63.0.3239.132 Safari/537.36"
35.185.13.241 - - [12/Jul/2021:04:10:24 -0400] "GET /shop/2000mg-30ml-cbd-oil HTTP/1.0" 200 23157 "-" "ZoominfoBot (zoominfobot at zoominfo dot com)"
204.48.19.85 - - [12/Jul/2021:04:11:37 -0400] "POST /wp-cron.php?doing_wp_cron=1626077497.3213078975677490234375 HTTP/1.1" 200 6350 "https://angelsonhighstreet.com/wp-cron.php?doing_wp_cron=1626077497.3213078975677490234375" "WordPress/5.7.2; https://angelsonhighstreet.com"
35.185.13.241 - - [12/Jul/2021:04:11:37 -0400] "GET /about-us HTTP/1.0" 200 20669 "-" "ZoominfoBot (zoominfobot at zoominfo dot com)"
204.48.19.85 - - [12/Jul/2021:04:12:23 -0400] "POST /wp-cron.php?doing_wp_cron=1626077543.0904281139373779296875 HTTP/1.1" 200 6350 "https://angelsonhighstreet.com/wp-cron.php?doing_wp_cron=1626077543.0904281139373779296875" "WordPress/5.7.2; https://angelsonhighstreet.com"
35.185.13.241 - - [12/Jul/2021:04:12:22 -0400] "GET /cart HTTP/1.0" 200 21701 "-" "ZoominfoBot (zoominfobot at zoominfo dot com)"
204.48.19.85 - - [12/Jul/2021:04:16:54 -0400] "POST /wp-cron.php?doing_wp_cron=1626077814.2237920761108398437500 HTTP/1.1" 200 6350 "https://angelsonhighstreet.com/wp-cron.php?doing_wp_cron=1626077814.2237920761108398437500" "WordPress/5.7.2; https://angelsonhighstreet.com"
35.185.13.241 - - [12/Jul/2021:04:16:54 -0400] "GET /affiliate-home HTTP/1.0" 200 20214 "-" "ZoominfoBot (zoominfobot at zoominfo dot com)"
204.48.19.85 - - [12/Jul/2021:04:17:21 -0400] "POST /wp-cron.php?doing_wp_cron=1626077841.2259728908538818359375 HTTP/1.1" 200 6350 "https://angelsonhighstreet.com/wp-cron.php?doing_wp_cron=1626077841.2259728908538818359375" "WordPress/5.7.2; https://angelsonhighstreet.com"
54.36.148.17 - - [12/Jul/2021:04:17:21 -0400] "GET /product-category/oils?product_order=desc&product_count=48&product_orderby=rating&product_view=list HTTP/1.1" 200 21534 "-" "Mozilla/5.0 (compatible; AhrefsBot/7.0; +http://ahrefs.com/robot/)"
204.48.19.85 - - [12/Jul/2021:04:19:13 -0400] "POST /wp-cron.php?doing_wp_cron=1626077953.5361249446868896484375 HTTP/1.1" 200 6350 "https://angelsonhighstreet.com/wp-cron.php?doing_wp_cron=1626077953.5361249446868896484375" "WordPress/5.7.2; https://angelsonhighstreet.com"
35.185.13.241 - - [12/Jul/2021:04:19:13 -0400] "GET /affiliate-home/affiliate-login HTTP/1.0" 200 20098 "-" "ZoominfoBot (zoominfobot at zoominfo dot com)"
35.185.13.241 - - [12/Jul/2021:04:19:24 -0400] "GET /my-account HTTP/1.0" 200 21080 "-" "ZoominfoBot (zoominfobot at zoominfo dot com)"
35.185.13.241 - - [12/Jul/2021:04:19:47 -0400] "GET /what-is-cbd HTTP/1.0" 200 21321 "-" "ZoominfoBot (zoominfobot at zoominfo dot com)"
204.48.19.85 - - [12/Jul/2021:04:21:11 -0400] "POST /wp-cron.php?doing_wp_cron=1626078071.1990020275115966796875 HTTP/1.1" 200 6350 "https://angelsonhighstreet.com/wp-cron.php?doing_wp_cron=1626078071.1990020275115966796875" "WordPress/5.7.2; https://angelsonhighstreet.com"
40.77.167.97 - - [12/Jul/2021:04:21:11 -0400] "GET /product-category/salves?product_view=list&product_orderby=popularity HTTP/1.1" 200 21201 "-" "Mozilla/5.0 (compatible; bingbot/2.0; +http://www.bing.com/bingbot.htm)"
204.48.19.85 - - [12/Jul/2021:04:21:41 -0400] "POST /wp-cron.php?doing_wp_cron=1626078101.4956738948822021484375 HTTP/1.1" 200 6350 "https://angelsonhighstreet.com/wp-cron.php?doing_wp_cron=1626078101.4956738948822021484375" "WordPress/5.7.2; https://angelsonhighstreet.com"
23.99.97.154 - - [12/Jul/2021:04:21:41 -0400] "GET /wp-login.php HTTP/1.1" 200 8108 "-" "Mozilla/5.0 (X11; Ubuntu; Linux x86_64; rv:62.0) Gecko/20100101 Firefox/62.0"
23.99.97.154 - - [12/Jul/2021:04:21:42 -0400] "POST /wp-login.php HTTP/1.1" 200 8236 "-" "Mozilla/5.0 (X11; Ubuntu; Linux x86_64; rv:62.0) Gecko/20100101 Firefox/62.0"
23.99.97.154 - - [12/Jul/2021:04:21:44 -0400] "GET /wp-login.php HTTP/1.1" 200 8108 "-" "Mozilla/5.0 (X11; Ubuntu; Linux x86_64; rv:62.0) Gecko/20100101 Firefox/62.0"
23.99.97.154 - - [12/Jul/2021:04:21:45 -0400] "POST /wp-login.php HTTP/1.1" 200 8215 "-" "Mozilla/5.0 (X11; Ubuntu; Linux x86_64; rv:62.0) Gecko/20100101 Firefox/62.0"
23.99.97.154 - - [12/Jul/2021:04:21:46 -0400] "POST /xmlrpc.php HTTP/1.1" 200 5852 "-" "Mozilla/5.0 (X11; Ubuntu; Linux x86_64; rv:62.0) Gecko/20100101 Firefox/62.0"
204.48.19.85 - - [12/Jul/2021:04:21:58 -0400] "POST /wp-cron.php?doing_wp_cron=1626078118.8699901103973388671875 HTTP/1.1" 200 6350 "https://angelsonhighstreet.com/wp-cron.php?doing_wp_cron=1626078118.8699901103973388671875" "WordPress/5.7.2; https://angelsonhighstreet.com"
91.193.20.72 - - [12/Jul/2021:04:21:58 -0400] "POST /wp-login.php HTTP/1.1" 200 8937 "-" "Mozilla/5.0 (Windows NT 6.1; WOW64) AppleWebKit/537.36 (KHTML, like Gecko) Chrome/48.0.2564.116 Safari/537.36"
204.48.19.85 - - [12/Jul/2021:04:24:43 -0400] "POST /wp-cron.php?doing_wp_cron=1626078283.6743710041046142578125 HTTP/1.1" 200 6350 "https://angelsonhighstreet.com/wp-cron.php?doing_wp_cron=1626078283.6743710041046142578125" "WordPress/5.7.2; https://angelsonhighstreet.com"
85.14.240.146 - - [12/Jul/2021:04:24:43 -0400] "POST /wp-login.php HTTP/1.1" 200 8937 "-" "Mozilla/5.0 (Windows NT 10.0; WOW64) AppleWebKit/537.36 (KHTML, like Gecko) Chrome/55.0.2883.87 Safari/537.36"
204.48.19.85 - - [12/Jul/2021:04:25:09 -0400] "POST /wp-cron.php?doing_wp_cron=1626078309.5083310604095458984375 HTTP/1.1" 200 6350 "https://angelsonhighstreet.com/wp-cron.php?doing_wp_cron=1626078309.5083310604095458984375" "WordPress/5.7.2; https://angelsonhighstreet.com"
54.36.149.19 - - [12/Jul/2021:04:25:09 -0400] "GET /product-category/oils?product_order=desc&product_count=32&product_view=list&product_orderby=price HTTP/1.1" 200 21519 "-" "Mozilla/5.0 (compatible; AhrefsBot/7.0; +http://ahrefs.com/robot/)"
204.48.19.85 - - [12/Jul/2021:04:32:29 -0400] "POST /wp-cron.php?doing_wp_cron=1626078749.0255339145660400390625 HTTP/1.1" 200 6350 "https://angelsonhighstreet.com/wp-cron.php?doing_wp_cron=1626078749.0255339145660400390625" "WordPress/5.7.2; https://angelsonhighstreet.com"
85.14.240.146 - - [12/Jul/2021:04:32:28 -0400] "POST /wp-login.php HTTP/1.1" 200 8935 "-" "Mozilla/5.0 (Windows NT 6.1; WOW64) AppleWebKit/537.36 (KHTML, like Gecko) Chrome/36.0.1985.125 Safari/537.36"
54.36.148.48 - - [12/Jul/2021:04:32:56 -0400] "GET /product-category/oils?product_order=desc&product_count=32&product_view=list&product_orderby=rating HTTP/1.1" 200 21549 "-" "Mozilla/5.0 (compatible; AhrefsBot/7.0; +http://ahrefs.com/robot/)"
204.48.19.85 - - [12/Jul/2021:04:34:06 -0400] "POST /wp-cron.php?doing_wp_cron=1626078846.6803419589996337890625 HTTP/1.1" 200 6350 "https://angelsonhighstreet.com/wp-cron.php?doing_wp_cron=1626078846.6803419589996337890625" "WordPress/5.7.2; https://angelsonhighstreet.com"
107.150.59.246 - - [12/Jul/2021:04:34:06 -0400] "GET /wp-login.php HTTP/1.1" 200 14174 "-" "Mozilla/5.0 (Macintosh; Intel Mac OS X 10_8_5) AppleWebKit/537.77.4 (KHTML, like Gecko) Version/6.1.5 Safari/537.77.4"
107.150.59.246 - - [12/Jul/2021:04:34:06 -0400] "POST /wp-login.php HTTP/1.1" 200 9231 "-" "Mozilla/5.0 (Macintosh; Intel Mac OS X 10_8_5) AppleWebKit/537.77.4 (KHTML, like Gecko) Version/6.1.5 Safari/537.77.4"
204.48.19.85 - - [12/Jul/2021:04:36:23 -0400] "POST /wp-cron.php?doing_wp_cron=1626078983.4366750717163085937500 HTTP/1.1" 200 6350 "https://angelsonhighstreet.com/wp-cron.php?doing_wp_cron=1626078983.4366750717163085937500" "WordPress/5.7.2; https://angelsonhighstreet.com"
185.2.4.33 - - [12/Jul/2021:04:36:23 -0400] "POST /wp-login.php HTTP/1.1" 200 8937 "-" "Mozilla/5.0 (Windows NT 6.3; Win64; x64) AppleWebKit/537.36 (KHTML, like Gecko) Chrome/68.0.3440.106 Safari/537.36"
204.48.19.85 - - [12/Jul/2021:04:38:28 -0400] "POST /wp-cron.php?doing_wp_cron=1626079108.9833540916442871093750 HTTP/1.1" 200 6350 "https://angelsonhighstreet.com/wp-cron.php?doing_wp_cron=1626079108.9833540916442871093750" "WordPress/5.7.2; https://angelsonhighstreet.com"
52.163.223.126 - - [12/Jul/2021:04:38:28 -0400] "POST /wp-login.php HTTP/1.1" 200 8935 "-" "Mozilla/5.0 (Windows NT 6.1; WOW64) AppleWebKit/537.36 (KHTML, like Gecko) Chrome/48.0.2564.116 Safari/537.36"
204.48.19.85 - - [12/Jul/2021:04:39:04 -0400] "POST /wp-cron.php?doing_wp_cron=1626079144.4019050598144531250000 HTTP/1.1" 200 6350 "https://angelsonhighstreet.com/wp-cron.php?doing_wp_cron=1626079144.4019050598144531250000" "WordPress/5.7.2; https://angelsonhighstreet.com"
128.14.224.177 - - [12/Jul/2021:04:39:04 -0400] "POST /wp-login.php HTTP/1.1" 200 8937 "-" "Mozilla/5.0 (Windows NT 10.0; WOW64) AppleWebKit/537.36 (KHTML, like Gecko) Chrome/46.0.2490.86 Safari/537.36"
204.48.19.85 - - [12/Jul/2021:04:40:25 -0400] "POST /wp-cron.php?doing_wp_cron=1626079225.3030509948730468750000 HTTP/1.1" 200 6350 "https://angelsonhighstreet.com/wp-cron.php?doing_wp_cron=1626079225.3030509948730468750000" "WordPress/5.7.2; https://angelsonhighstreet.com"
54.36.149.56 - - [12/Jul/2021:04:40:25 -0400] "GET /product-category/salves?product_orderby=rating&product_count=16 HTTP/1.1" 200 21451 "-" "Mozilla/5.0 (compatible; AhrefsBot/7.0; +http://ahrefs.com/robot/)"
204.48.19.85 - - [12/Jul/2021:04:41:43 -0400] "POST /wp-cron.php?doing_wp_cron=1626079303.3837029933929443359375 HTTP/1.1" 200 6350 "https://angelsonhighstreet.com/wp-cron.php?doing_wp_cron=1626079303.3837029933929443359375" "WordPress/5.7.2; https://angelsonhighstreet.com"
178.128.180.162 - - [12/Jul/2021:04:41:43 -0400] "GET /wp-login.php HTTP/1.1" 200 8108 "-" "Mozilla/5.0 (X11; Ubuntu; Linux x86_64; rv:62.0) Gecko/20100101 Firefox/62.0"
178.128.180.162 - - [12/Jul/2021:04:41:43 -0400] "POST /wp-login.php HTTP/1.1" 200 8236 "-" "Mozilla/5.0 (X11; Ubuntu; Linux x86_64; rv:62.0) Gecko/20100101 Firefox/62.0"
178.128.180.162 - - [12/Jul/2021:04:41:44 -0400] "GET /wp-login.php HTTP/1.1" 200 8108 "-" "Mozilla/5.0 (X11; Ubuntu; Linux x86_64; rv:62.0) Gecko/20100101 Firefox/62.0"
178.128.180.162 - - [12/Jul/2021:04:41:44 -0400] "POST /wp-login.php HTTP/1.1" 200 8215 "-" "Mozilla/5.0 (X11; Ubuntu; Linux x86_64; rv:62.0) Gecko/20100101 Firefox/62.0"
178.128.180.162 - - [12/Jul/2021:04:41:50 -0400] "POST /xmlrpc.php HTTP/1.1" 200 5852 "-" "Mozilla/5.0 (X11; Ubuntu; Linux x86_64; rv:62.0) Gecko/20100101 Firefox/62.0"
204.48.19.85 - - [12/Jul/2021:04:46:35 -0400] "POST /wp-cron.php?doing_wp_cron=1626079595.9468970298767089843750 HTTP/1.1" 200 6350 "https://angelsonhighstreet.com/wp-cron.php?doing_wp_cron=1626079595.9468970298767089843750" "WordPress/5.7.2; https://angelsonhighstreet.com"
1.116.75.216 - - [12/Jul/2021:04:46:35 -0400] "POST /wp-login.php HTTP/1.1" 200 8935 "-" "Mozilla/5.0 (Windows NT 6.1) AppleWebKit/537.36 (KHTML, like Gecko) Chrome/80.0.3987.149 Safari/537.36"
204.48.19.85 - - [12/Jul/2021:04:48:02 -0400] "POST /wp-cron.php?doing_wp_cron=1626079682.4029541015625000000000 HTTP/1.1" 200 6350 "https://angelsonhighstreet.com/wp-cron.php?doing_wp_cron=1626079682.4029541015625000000000" "WordPress/5.7.2; https://angelsonhighstreet.com"
54.36.148.223 - - [12/Jul/2021:04:48:02 -0400] "GET /product-category/oils?product_order=desc&product_count=32&product_view=grid&product_orderby=price HTTP/1.1" 200 21281 "-" "Mozilla/5.0 (compatible; AhrefsBot/7.0; +http://ahrefs.com/robot/)"
204.48.19.85 - - [12/Jul/2021:04:50:25 -0400] "POST /wp-cron.php?doing_wp_cron=1626079825.6473109722137451171875 HTTP/1.1" 200 6350 "https://angelsonhighstreet.com/wp-cron.php?doing_wp_cron=1626079825.6473109722137451171875" "WordPress/5.7.2; https://angelsonhighstreet.com"
36.89.251.105 - - [12/Jul/2021:04:50:25 -0400] "POST /wp-login.php HTTP/1.1" 200 8937 "-" "Mozilla/5.0 (Windows NT 6.0) AppleWebKit/537.36 (KHTML, like Gecko) Chrome/49.0.2623.112 Safari/537.36"
204.48.19.85 - - [12/Jul/2021:04:52:30 -0400] "POST /wp-cron.php?doing_wp_cron=1626079950.4324240684509277343750 HTTP/1.1" 200 6350 "https://angelsonhighstreet.com/wp-cron.php?doing_wp_cron=1626079950.4324240684509277343750" "WordPress/5.7.2; https://angelsonhighstreet.com"
116.202.229.140 - - [12/Jul/2021:04:52:30 -0400] "POST /wp-login.php HTTP/1.1" 200 8935 "-" "Mozilla/5.0 (Windows NT 10.0; WOW64) AppleWebKit/537.36 (KHTML, like Gecko) Chrome/57.0.2987.133 Safari/537.36"
204.48.19.85 - - [12/Jul/2021:04:53:04 -0400] "POST /wp-cron.php?doing_wp_cron=1626079984.9584619998931884765625 HTTP/1.1" 200 6350 "https://angelsonhighstreet.com/wp-cron.php?doing_wp_cron=1626079984.9584619998931884765625" "WordPress/5.7.2; https://angelsonhighstreet.com"
51.195.253.77 - - [12/Jul/2021:04:53:04 -0400] "POST /wp-login.php HTTP/1.1" 200 8937 "-" "Mozilla/5.0 (Windows NT 10.0; Win64; x64) AppleWebKit/537.36 (KHTML, like Gecko) Chrome/87.0.4280.88 Safari/537.36"
204.48.19.85 - - [12/Jul/2021:04:56:19 -0400] "POST /wp-cron.php?doing_wp_cron=1626080179.8423030376434326171875 HTTP/1.1" 200 6350 "https://angelsonhighstreet.com/wp-cron.php?doing_wp_cron=1626080179.8423030376434326171875" "WordPress/5.7.2; https://angelsonhighstreet.com"
54.36.148.65 - - [12/Jul/2021:04:56:19 -0400] "GET /product-category/oils?product_order=desc&product_count=32&product_view=grid&product_orderby=rating HTTP/1.1" 200 21292 "-" "Mozilla/5.0 (compatible; AhrefsBot/7.0; +http://ahrefs.com/robot/)"
204.48.19.85 - - [12/Jul/2021:05:00:31 -0400] "POST /wp-cron.php?doing_wp_cron=1626080431.1552259922027587890625 HTTP/1.1" 200 6350 "https://angelsonhighstreet.com/wp-cron.php?doing_wp_cron=1626080431.1552259922027587890625" "WordPress/5.7.2; https://angelsonhighstreet.com"
188.166.56.218 - - [12/Jul/2021:05:00:30 -0400] "POST /wp-login.php HTTP/1.1" 200 8935 "-" "Mozilla/5.0 (Windows NT 10.0; Win64; x64) AppleWebKit/537.36 (KHTML, like Gecko) Chrome/60.0.3112.101 Safari/537.36"
204.48.19.85 - - [12/Jul/2021:05:01:11 -0400] "POST /wp-cron.php?doing_wp_cron=1626080471.1262269020080566406250 HTTP/1.1" 200 6350 "https://angelsonhighstreet.com/wp-cron.php?doing_wp_cron=1626080471.1262269020080566406250" "WordPress/5.7.2; https://angelsonhighstreet.com"
47.97.80.51 - - [12/Jul/2021:05:01:10 -0400] "GET /wp-login.php HTTP/1.1" 200 8108 "-" "Mozilla/5.0 (X11; Ubuntu; Linux x86_64; rv:62.0) Gecko/20100101 Firefox/62.0"
47.97.80.51 - - [12/Jul/2021:05:01:29 -0400] "POST /wp-login.php HTTP/1.1" 200 8236 "-" "Mozilla/5.0 (X11; Ubuntu; Linux x86_64; rv:62.0) Gecko/20100101 Firefox/62.0"
47.97.80.51 - - [12/Jul/2021:05:01:43 -0400] "GET /wp-login.php HTTP/1.1" 200 8108 "-" "Mozilla/5.0 (X11; Ubuntu; Linux x86_64; rv:62.0) Gecko/20100101 Firefox/62.0"
47.97.80.51 - - [12/Jul/2021:05:01:45 -0400] "POST /wp-login.php HTTP/1.1" 200 8215 "-" "Mozilla/5.0 (X11; Ubuntu; Linux x86_64; rv:62.0) Gecko/20100101 Firefox/62.0"
47.97.80.51 - - [12/Jul/2021:05:01:52 -0400] "POST /xmlrpc.php HTTP/1.1" 200 5852 "-" "Mozilla/5.0 (X11; Ubuntu; Linux x86_64; rv:62.0) Gecko/20100101 Firefox/62.0"
204.48.19.85 - - [12/Jul/2021:05:04:30 -0400] "POST /wp-cron.php?doing_wp_cron=1626080670.2412641048431396484375 HTTP/1.1" 200 6350 "https://angelsonhighstreet.com/wp-cron.php?doing_wp_cron=1626080670.2412641048431396484375" "WordPress/5.7.2; https://angelsonhighstreet.com"
54.36.148.180 - - [12/Jul/2021:05:04:30 -0400] "GET /product-category/oils?product_order=desc&product_count=48&product_view=list&product_orderby=rating HTTP/1.1" 200 21551 "-" "Mozilla/5.0 (compatible; AhrefsBot/7.0; +http://ahrefs.com/robot/)"
129.146.235.45 - - [12/Jul/2021:05:04:30 -0400] "POST /wp-login.php HTTP/1.1" 200 8937 "-" "Mozilla/5.0 (Windows NT 6.1) AppleWebKit/537.36 (KHTML, like Gecko) Chrome/59.0.3071.115 Safari/537.36"
84.17.52.39 - - [12/Jul/2021:05:05:32 -0400] "GET / HTTP/1.0" 301 558 "http://angelsonhighstreet.com/" "Mozilla/5.0 (Windows NT 10.0; Win64; x64) AppleWebKit/537.36 (KHTML, like Gecko) Chrome/67.0.3396.79 Safari/537.36"
204.48.19.85 - - [12/Jul/2021:05:05:32 -0400] "POST /wp-cron.php?doing_wp_cron=1626080732.8607230186462402343750 HTTP/1.1" 200 6350 "https://angelsonhighstreet.com/wp-cron.php?doing_wp_cron=1626080732.8607230186462402343750" "WordPress/5.7.2; https://angelsonhighstreet.com"
84.17.52.39 - - [12/Jul/2021:05:05:32 -0400] "GET / HTTP/1.0" 200 113979 "https://angelsonhighstreet.com/" "Mozilla/5.0 (Windows NT 10.0; Win64; x64) AppleWebKit/537.36 (KHTML, like Gecko) Chrome/67.0.3396.79 Safari/537.36"
84.17.52.39 - - [12/Jul/2021:05:05:33 -0400] "GET /contact-us HTTP/1.0" 200 67624 "https://angelsonhighstreet.com/contact-us" "Mozilla/5.0 (Windows NT 10.0; Win64; x64) AppleWebKit/537.36 (KHTML, like Gecko) Chrome/67.0.3396.79 Safari/537.36"
84.17.52.39 - - [12/Jul/2021:05:05:35 -0400] "POST /contact-us HTTP/1.0" 200 68244 "https://angelsonhighstreet.com/contact-us" "Mozilla/5.0 (Windows NT 10.0; Win64; x64) AppleWebKit/537.36 (KHTML, like Gecko) Chrome/67.0.3396.79 Safari/537.36"
204.48.19.85 - - [12/Jul/2021:05:06:34 -0400] "POST /wp-cron.php?doing_wp_cron=1626080794.7449879646301269531250 HTTP/1.1" 200 6350 "https://angelsonhighstreet.com/wp-cron.php?doing_wp_cron=1626080794.7449879646301269531250" "WordPress/5.7.2; https://angelsonhighstreet.com"
93.115.79.6 - - [12/Jul/2021:05:06:34 -0400] "POST /wp-login.php HTTP/1.1" 200 8935 "-" "Mozilla/5.0 (Windows NT 6.3; Win64; x64) AppleWebKit/537.36 (KHTML, like Gecko) Chrome/57.0.2987.133 Safari/537.36"
204.48.19.85 - - [12/Jul/2021:05:07:10 -0400] "POST /wp-cron.php?doing_wp_cron=1626080830.1882369518280029296875 HTTP/1.1" 200 6350 "https://angelsonhighstreet.com/wp-cron.php?doing_wp_cron=1626080830.1882369518280029296875" "WordPress/5.7.2; https://angelsonhighstreet.com"
81.88.52.148 - - [12/Jul/2021:05:07:10 -0400] "POST /wp-login.php HTTP/1.1" 200 8937 "-" "Mozilla/5.0 (Windows NT 10.0; Win64; x64) AppleWebKit/537.36 (KHTML, like Gecko) Chrome/54.0.2840.99 Safari/537.36"
204.48.19.85 - - [12/Jul/2021:05:11:52 -0400] "POST /wp-cron.php?doing_wp_cron=1626081112.1459319591522216796875 HTTP/1.1" 200 6350 "https://angelsonhighstreet.com/wp-cron.php?doing_wp_cron=1626081112.1459319591522216796875" "WordPress/5.7.2; https://angelsonhighstreet.com"
54.36.148.165 - - [12/Jul/2021:05:11:52 -0400] "GET /product-category/oils?product_order=desc&product_count=48&product_view=grid&product_orderby=popularity HTTP/1.1" 200 21243 "-" "Mozilla/5.0 (compatible; AhrefsBot/7.0; +http://ahrefs.com/robot/)"
204.48.19.85 - - [12/Jul/2021:05:14:21 -0400] "GET / HTTP/1.1" 200 26132 "https://angelsonhighstreet.com/" "WordPress/5.7.2; https://angelsonhighstreet.com"
204.48.19.85 - - [12/Jul/2021:05:14:21 -0400] "POST /wp-cron.php?doing_wp_cron=1626081261.7213170528411865234375 HTTP/1.1" 200 6350 "https://angelsonhighstreet.com/wp-cron.php?doing_wp_cron=1626081261.7213170528411865234375" "WordPress/5.7.2; https://angelsonhighstreet.com"
134.249.101.234 - - [12/Jul/2021:05:14:21 -0400] "POST /wp-login.php HTTP/1.1" 200 8935 "-" "Mozilla/5.0 (Windows NT 10.0; WOW64) AppleWebKit/537.36 (KHTML, like Gecko) Chrome/57.0.2987.133 Safari/537.36"
207.46.13.178 - - [12/Jul/2021:05:14:39 -0400] "GET /wp-sitemap-taxonomies-product_cat-1.xml HTTP/1.1" 200 6124 "-" "Mozilla/5.0 (compatible; bingbot/2.0; +http://www.bing.com/bingbot.htm)"
204.48.19.85 - - [12/Jul/2021:05:18:07 -0400] "POST /wp-cron.php?doing_wp_cron=1626081487.6407759189605712890625 HTTP/1.1" 200 6350 "https://angelsonhighstreet.com/wp-cron.php?doing_wp_cron=1626081487.6407759189605712890625" "WordPress/5.7.2; https://angelsonhighstreet.com"
34.90.92.66 - - [12/Jul/2021:05:18:07 -0400] "POST /wp-login.php HTTP/1.1" 200 8935 "-" "Mozilla/5.0 (Windows NT 6.3; Win64; x64) AppleWebKit/537.36 (KHTML, like Gecko) Chrome/77.0.3865.90 Safari/537.36"
54.36.148.23 - - [12/Jul/2021:05:18:44 -0400] "GET /product-category/oils?product_order=desc&product_count=48&product_view=grid&product_orderby=price HTTP/1.1" 200 21251 "-" "Mozilla/5.0 (compatible; AhrefsBot/7.0; +http://ahrefs.com/robot/)"
204.48.19.85 - - [12/Jul/2021:05:19:10 -0400] "POST /wp-cron.php?doing_wp_cron=1626081550.0776660442352294921875 HTTP/1.1" 200 6350 "https://angelsonhighstreet.com/wp-cron.php?doing_wp_cron=1626081550.0776660442352294921875" "WordPress/5.7.2; https://angelsonhighstreet.com"
51.210.109.41 - - [12/Jul/2021:05:19:09 -0400] "GET /wp-login.php HTTP/1.1" 200 8108 "-" "Mozilla/5.0 (X11; Ubuntu; Linux x86_64; rv:62.0) Gecko/20100101 Firefox/62.0"
51.210.109.41 - - [12/Jul/2021:05:19:10 -0400] "POST /wp-login.php HTTP/1.1" 200 8236 "-" "Mozilla/5.0 (X11; Ubuntu; Linux x86_64; rv:62.0) Gecko/20100101 Firefox/62.0"
51.210.109.41 - - [12/Jul/2021:05:19:11 -0400] "GET /wp-login.php HTTP/1.1" 200 8108 "-" "Mozilla/5.0 (X11; Ubuntu; Linux x86_64; rv:62.0) Gecko/20100101 Firefox/62.0"
51.210.109.41 - - [12/Jul/2021:05:19:11 -0400] "POST /wp-login.php HTTP/1.1" 200 8215 "-" "Mozilla/5.0 (X11; Ubuntu; Linux x86_64; rv:62.0) Gecko/20100101 Firefox/62.0"
51.210.109.41 - - [12/Jul/2021:05:19:12 -0400] "POST /xmlrpc.php HTTP/1.1" 200 5852 "-" "Mozilla/5.0 (X11; Ubuntu; Linux x86_64; rv:62.0) Gecko/20100101 Firefox/62.0"
204.48.19.85 - - [12/Jul/2021:05:20:09 -0400] "POST /wp-cron.php?doing_wp_cron=1626081609.6066360473632812500000 HTTP/1.1" 200 6350 "https://angelsonhighstreet.com/wp-cron.php?doing_wp_cron=1626081609.6066360473632812500000" "WordPress/5.7.2; https://angelsonhighstreet.com"
91.194.91.202 - - [12/Jul/2021:05:20:09 -0400] "POST /wp-login.php HTTP/1.1" 200 8935 "-" "Mozilla/5.0 (Windows NT 6.1; WOW64) AppleWebKit/537.36 (KHTML, like Gecko) Chrome/52.0.2743.116 Safari/537.36"
