54.36.149.18 - - [01/Jul/2021:14:27:00 -0400] "GET /product-category/oils?product_view=list&product_order=asc&product_orderby=price&product_count=32 HTTP/1.1" 200 20737 "-" "Mozilla/5.0 (compatible; AhrefsBot/7.0; +http://ahrefs.com/robot/)"
204.48.19.85 - - [01/Jul/2021:14:30:34 -0400] "POST /wp-cron.php?doing_wp_cron=1625164234.8903410434722900390625 HTTP/1.1" 200 5548 "https://angelsonhighstreet.com/wp-cron.php?doing_wp_cron=1625164234.8903410434722900390625" "WordPress/5.7.2; https://angelsonhighstreet.com"
54.36.148.207 - - [01/Jul/2021:14:30:34 -0400] "GET /product-category/oils?product_count=16&product_order=asc&product_view=grid&product_orderby=rating HTTP/1.1" 200 20476 "-" "Mozilla/5.0 (compatible; AhrefsBot/7.0; +http://ahrefs.com/robot/)"
204.48.19.85 - - [01/Jul/2021:14:32:40 -0400] "POST /wp-cron.php?doing_wp_cron=1625164360.2923069000244140625000 HTTP/1.1" 200 5548 "https://angelsonhighstreet.com/wp-cron.php?doing_wp_cron=1625164360.2923069000244140625000" "WordPress/5.7.2; https://angelsonhighstreet.com"
174.198.41.25 - - [01/Jul/2021:14:32:40 -0400] "GET /admin HTTP/1.1" 302 5768 "-" "Mozilla/5.0 (Linux; Android 11; SM-G973U) AppleWebKit/537.36 (KHTML, like Gecko) Chrome/83.0.4103.106 Mobile Safari/537.36"
174.198.41.25 - - [01/Jul/2021:14:32:40 -0400] "GET /wp-admin/ HTTP/1.1" 200 51713 "-" "Mozilla/5.0 (Linux; Android 11; SM-G973U) AppleWebKit/537.36 (KHTML, like Gecko) Chrome/83.0.4103.106 Mobile Safari/537.36"
204.48.19.85 - - [01/Jul/2021:14:32:42 -0400] "POST /wp-cron.php?doing_wp_cron=1625164362.1618330478668212890625 HTTP/1.1" 200 5548 "https://angelsonhighstreet.com/wp-cron.php?doing_wp_cron=1625164362.1618330478668212890625" "WordPress/5.7.2; https://angelsonhighstreet.com"
174.198.41.25 - - [01/Jul/2021:14:32:42 -0400] "GET /wp-content/plugins/wp-optimize/js/minify-admin-purge-3-1-9.min.js?ver=3.1.9 HTTP/1.1" 404 14931 "https://angelsonhighstreet.com/wp-admin/" "Mozilla/5.0 (Linux; Android 11; SM-G973U) AppleWebKit/537.36 (KHTML, like Gecko) Chrome/83.0.4103.106 Mobile Safari/537.36"
174.198.41.25 - - [01/Jul/2021:14:32:42 -0400] "GET /wp-content/plugins/woocommerce/assets/fonts/WooCommerce.woff HTTP/1.1" 304 5542 "https://angelsonhighstreet.com/wp-content/plugins/woocommerce/assets/css/menu.css?ver=5.3.0" "Mozilla/5.0 (Linux; Android 11; SM-G973U) AppleWebKit/537.36 (KHTML, like Gecko) Chrome/83.0.4103.106 Mobile Safari/537.36"
174.198.41.25 - - [01/Jul/2021:14:32:42 -0400] "GET /wp-content/themes/Avada/includes/lib/assets/fonts/icomoon-admin/icomoon.woff HTTP/1.1" 304 270 "https://angelsonhighstreet.com/wp-admin/" "Mozilla/5.0 (Linux; Android 11; SM-G973U) AppleWebKit/537.36 (KHTML, like Gecko) Chrome/83.0.4103.106 Mobile Safari/537.36"
174.198.41.25 - - [01/Jul/2021:14:32:43 -0400] "POST /wp-admin/admin-ajax.php HTTP/1.1" 200 5038 "https://angelsonhighstreet.com/wp-admin/" "Mozilla/5.0 (Linux; Android 11; SM-G973U) AppleWebKit/537.36 (KHTML, like Gecko) Chrome/83.0.4103.106 Mobile Safari/537.36"
174.198.41.25 - - [01/Jul/2021:14:32:43 -0400] "POST /wp-admin/admin-ajax.php HTTP/1.1" 200 1176 "https://angelsonhighstreet.com/wp-admin/" "Mozilla/5.0 (Linux; Android 11; SM-G973U) AppleWebKit/537.36 (KHTML, like Gecko) Chrome/83.0.4103.106 Mobile Safari/537.36"
174.198.41.25 - - [01/Jul/2021:14:32:43 -0400] "POST /wp-admin/admin-ajax.php HTTP/1.1" 200 1176 "https://angelsonhighstreet.com/wp-admin/" "Mozilla/5.0 (Linux; Android 11; SM-G973U) AppleWebKit/537.36 (KHTML, like Gecko) Chrome/83.0.4103.106 Mobile Safari/537.36"
185.191.171.24 - - [01/Jul/2021:14:32:43 -0400] "GET /product-category/oils?product_count=32&product_order=desc&product_orderby=rating&product_view=grid HTTP/1.1" 200 20442 "-" "Mozilla/5.0 (compatible; SemrushBot/7~bl; +http://www.semrush.com/bot.html)"
204.48.19.85 - - [01/Jul/2021:14:34:06 -0400] "POST /wp-cron.php?doing_wp_cron=1625164446.1945068836212158203125 HTTP/1.1" 200 5548 "https://angelsonhighstreet.com/wp-cron.php?doing_wp_cron=1625164446.1945068836212158203125" "WordPress/5.7.2; https://angelsonhighstreet.com"
54.36.148.32 - - [01/Jul/2021:14:34:06 -0400] "GET /product-category/oils?product_view=list&product_order=asc&product_orderby=name&product_count=32 HTTP/1.1" 200 20724 "-" "Mozilla/5.0 (compatible; AhrefsBot/7.0; +http://ahrefs.com/robot/)"
204.48.19.85 - - [01/Jul/2021:14:37:40 -0400] "POST /wp-cron.php?doing_wp_cron=1625164660.6288239955902099609375 HTTP/1.1" 200 5548 "https://angelsonhighstreet.com/wp-cron.php?doing_wp_cron=1625164660.6288239955902099609375" "WordPress/5.7.2; https://angelsonhighstreet.com"
54.36.149.1 - - [01/Jul/2021:14:37:40 -0400] "GET /product-category/oils?product_view=list&product_order=asc&product_orderby=default&product_count=16 HTTP/1.1" 200 20730 "-" "Mozilla/5.0 (compatible; AhrefsBot/7.0; +http://ahrefs.com/robot/)"
204.48.19.85 - - [01/Jul/2021:14:41:19 -0400] "POST /wp-cron.php?doing_wp_cron=1625164879.2808220386505126953125 HTTP/1.1" 200 5548 "https://angelsonhighstreet.com/wp-cron.php?doing_wp_cron=1625164879.2808220386505126953125" "WordPress/5.7.2; https://angelsonhighstreet.com"
54.36.149.46 - - [01/Jul/2021:14:41:19 -0400] "GET /product-category/oils?product_view=list&product_order=asc&product_orderby=default&product_count=32 HTTP/1.1" 200 20753 "-" "Mozilla/5.0 (compatible; AhrefsBot/7.0; +http://ahrefs.com/robot/)"
185.191.171.24 - - [01/Jul/2021:14:41:25 -0400] "GET /shop/cbg-healing-salve-1-oz HTTP/1.1" 200 27981 "-" "Mozilla/5.0 (compatible; SemrushBot/7~bl; +http://www.semrush.com/bot.html)"
204.48.19.85 - - [01/Jul/2021:14:45:10 -0400] "POST /wp-cron.php?doing_wp_cron=1625165110.7441349029541015625000 HTTP/1.1" 200 5548 "https://angelsonhighstreet.com/wp-cron.php?doing_wp_cron=1625165110.7441349029541015625000" "WordPress/5.7.2; https://angelsonhighstreet.com"
54.36.148.25 - - [01/Jul/2021:14:45:10 -0400] "GET /product-category/oils?product_view=list&product_order=asc&product_count=16&product_orderby=rating HTTP/1.1" 200 20750 "-" "Mozilla/5.0 (compatible; AhrefsBot/7.0; +http://ahrefs.com/robot/)"
45.144.29.40 - - [01/Jul/2021:14:45:45 -0400] "GET / HTTP/1.1" 200 24397 "-" "Mozilla/5.0 (Windows NT 10.0; Win64; x64) AppleWebKit/537.36 (KHTML, like Gecko) Chrome/89.0.4389.82 Safari/537.36"
204.48.19.85 - - [01/Jul/2021:14:49:26 -0400] "POST /wp-cron.php?doing_wp_cron=1625165366.0055320262908935546875 HTTP/1.1" 200 5548 "https://angelsonhighstreet.com/wp-cron.php?doing_wp_cron=1625165366.0055320262908935546875" "WordPress/5.7.2; https://angelsonhighstreet.com"
54.36.149.18 - - [01/Jul/2021:14:49:25 -0400] "GET /product-category/oils?product_count=32&product_order=asc&product_view=list&product_orderby=price HTTP/1.1" 200 20736 "-" "Mozilla/5.0 (compatible; AhrefsBot/7.0; +http://ahrefs.com/robot/)"
204.48.19.85 - - [01/Jul/2021:14:53:49 -0400] "POST /wp-cron.php?doing_wp_cron=1625165629.2852129936218261718750 HTTP/1.1" 200 5548 "https://angelsonhighstreet.com/wp-cron.php?doing_wp_cron=1625165629.2852129936218261718750" "WordPress/5.7.2; https://angelsonhighstreet.com"
54.36.148.176 - - [01/Jul/2021:14:53:49 -0400] "GET /product-category/oils?product_count=32&product_order=asc&product_view=list&product_orderby=popularity HTTP/1.1" 200 20753 "-" "Mozilla/5.0 (compatible; AhrefsBot/7.0; +http://ahrefs.com/robot/)"
204.48.19.85 - - [01/Jul/2021:14:57:40 -0400] "POST /wp-cron.php?doing_wp_cron=1625165860.2905209064483642578125 HTTP/1.1" 200 5548 "https://angelsonhighstreet.com/wp-cron.php?doing_wp_cron=1625165860.2905209064483642578125" "WordPress/5.7.2; https://angelsonhighstreet.com"
54.36.149.18 - - [01/Jul/2021:14:57:40 -0400] "GET /product-category/oils?product_count=16&product_order=asc&product_view=list&product_orderby=name HTTP/1.1" 200 20766 "-" "Mozilla/5.0 (compatible; AhrefsBot/7.0; +http://ahrefs.com/robot/)"
31.42.184.136 - - [01/Jul/2021:14:58:55 -0400] "POST /xmlrpc.php HTTP/1.0" 301 615 "-" "Mozilla/5.0 (X11; Linux x86_64) AppleWebKit/537.36 (KHTML, like Gecko) Chrome/88.0.4324.150 Safari/537.36"
204.48.19.85 - - [01/Jul/2021:14:58:56 -0400] "POST /wp-cron.php?doing_wp_cron=1625165936.8208138942718505859375 HTTP/1.1" 200 5548 "https://angelsonhighstreet.com/wp-cron.php?doing_wp_cron=1625165936.8208138942718505859375" "WordPress/5.7.2; https://angelsonhighstreet.com"
31.42.184.136 - - [01/Jul/2021:14:58:56 -0400] "POST /xmlrpc.php HTTP/1.0" 403 5345 "-" "Mozilla/5.0 (X11; Linux x86_64) AppleWebKit/537.36 (KHTML, like Gecko) Chrome/88.0.4324.150 Safari/537.36"
204.48.19.85 - - [01/Jul/2021:15:01:19 -0400] "POST /wp-cron.php?doing_wp_cron=1625166079.5938549041748046875000 HTTP/1.1" 200 5548 "https://angelsonhighstreet.com/wp-cron.php?doing_wp_cron=1625166079.5938549041748046875000" "WordPress/5.7.2; https://angelsonhighstreet.com"
54.36.148.22 - - [01/Jul/2021:15:01:19 -0400] "GET /product-category/oils?product_count=16&product_order=asc&product_view=list&product_orderby=date HTTP/1.1" 200 20756 "-" "Mozilla/5.0 (compatible; AhrefsBot/7.0; +http://ahrefs.com/robot/)"
204.48.19.85 - - [01/Jul/2021:15:04:55 -0400] "POST /wp-cron.php?doing_wp_cron=1625166295.5190629959106445312500 HTTP/1.1" 200 5548 "https://angelsonhighstreet.com/wp-cron.php?doing_wp_cron=1625166295.5190629959106445312500" "WordPress/5.7.2; https://angelsonhighstreet.com"
54.36.148.35 - - [01/Jul/2021:15:04:55 -0400] "GET /product-category/oils?product_count=48&product_view=grid&product_order=asc&product_orderby=price HTTP/1.1" 200 20460 "-" "Mozilla/5.0 (compatible; AhrefsBot/7.0; +http://ahrefs.com/robot/)"
204.48.19.85 - - [01/Jul/2021:15:08:28 -0400] "POST /wp-cron.php?doing_wp_cron=1625166508.3168740272521972656250 HTTP/1.1" 200 5548 "https://angelsonhighstreet.com/wp-cron.php?doing_wp_cron=1625166508.3168740272521972656250" "WordPress/5.7.2; https://angelsonhighstreet.com"
54.36.149.50 - - [01/Jul/2021:15:08:28 -0400] "GET /product-category/oils?product_count=48&product_view=grid&product_order=asc&product_orderby=date HTTP/1.1" 200 20459 "-" "Mozilla/5.0 (compatible; AhrefsBot/7.0; +http://ahrefs.com/robot/)"
204.48.19.85 - - [01/Jul/2021:15:10:42 -0400] "POST /wp-cron.php?doing_wp_cron=1625166642.5403120517730712890625 HTTP/1.1" 200 5548 "https://angelsonhighstreet.com/wp-cron.php?doing_wp_cron=1625166642.5403120517730712890625" "WordPress/5.7.2; https://angelsonhighstreet.com"
35.237.51.29 - - [01/Jul/2021:15:10:42 -0400] "GET /robots.txt HTTP/1.0" 200 5055 "-" "ZoominfoBot (zoominfobot at zoominfo dot com)"
35.237.51.29 - - [01/Jul/2021:15:10:42 -0400] "GET /comments/feed HTTP/1.0" 200 7979 "-" "ZoominfoBot (zoominfobot at zoominfo dot com)"
204.48.19.85 - - [01/Jul/2021:15:11:55 -0400] "POST /wp-cron.php?doing_wp_cron=1625166715.7510259151458740234375 HTTP/1.1" 200 5548 "https://angelsonhighstreet.com/wp-cron.php?doing_wp_cron=1625166715.7510259151458740234375" "WordPress/5.7.2; https://angelsonhighstreet.com"
54.36.149.18 - - [01/Jul/2021:15:11:55 -0400] "GET /product-category/oils?product_count=48&product_view=grid&product_order=asc&product_orderby=name HTTP/1.1" 200 20431 "-" "Mozilla/5.0 (compatible; AhrefsBot/7.0; +http://ahrefs.com/robot/)"
119.96.223.59 - - [01/Jul/2021:15:11:55 -0400] "POST /wp-login.php HTTP/1.1" 200 8130 "-" "Mozilla/5.0 (Windows NT 6.1; WOW64) AppleWebKit/537.36 (KHTML, like Gecko) Chrome/48.0.2564.116 Safari/537.36"
204.48.19.85 - - [01/Jul/2021:15:12:05 -0400] "POST /wp-cron.php?doing_wp_cron=1625166725.0689270496368408203125 HTTP/1.1" 200 5548 "https://angelsonhighstreet.com/wp-cron.php?doing_wp_cron=1625166725.0689270496368408203125" "WordPress/5.7.2; https://angelsonhighstreet.com"
40.77.167.104 - - [01/Jul/2021:15:12:04 -0400] "GET /cbd-salves HTTP/1.1" 200 20158 "-" "Mozilla/5.0 (compatible; bingbot/2.0; +http://www.bing.com/bingbot.htm)"
204.48.19.85 - - [01/Jul/2021:15:12:52 -0400] "POST /wp-cron.php?doing_wp_cron=1625166772.8194899559020996093750 HTTP/1.1" 200 5548 "https://angelsonhighstreet.com/wp-cron.php?doing_wp_cron=1625166772.8194899559020996093750" "WordPress/5.7.2; https://angelsonhighstreet.com"
35.237.51.29 - - [01/Jul/2021:15:12:52 -0400] "GET /shop/cbg-salve-with-hawiian-haze-terpenes HTTP/1.0" 200 24789 "-" "ZoominfoBot (zoominfobot at zoominfo dot com)"
204.48.19.85 - - [01/Jul/2021:15:15:27 -0400] "POST /wp-cron.php?doing_wp_cron=1625166927.4507648944854736328125 HTTP/1.1" 200 5548 "https://angelsonhighstreet.com/wp-cron.php?doing_wp_cron=1625166927.4507648944854736328125" "WordPress/5.7.2; https://angelsonhighstreet.com"
54.36.149.102 - - [01/Jul/2021:15:15:27 -0400] "GET /product-category/oils?product_count=32&product_order=asc&product_view=grid&product_orderby=rating HTTP/1.1" 200 20457 "-" "Mozilla/5.0 (compatible; AhrefsBot/7.0; +http://ahrefs.com/robot/)"
204.48.19.85 - - [01/Jul/2021:15:16:12 -0400] "POST /wp-cron.php?doing_wp_cron=1625166972.7987139225006103515625 HTTP/1.1" 200 5548 "https://angelsonhighstreet.com/wp-cron.php?doing_wp_cron=1625166972.7987139225006103515625" "WordPress/5.7.2; https://angelsonhighstreet.com"
207.46.13.106 - - [01/Jul/2021:15:16:12 -0400] "GET /wp-sitemap-posts-page-1.xml HTTP/1.1" 200 5464 "-" "Mozilla/5.0 (compatible; bingbot/2.0; +http://www.bing.com/bingbot.htm)"
35.237.51.29 - - [01/Jul/2021:15:16:26 -0400] "GET /xmlrpc.php?rsd HTTP/1.0" 200 5137 "-" "ZoominfoBot (zoominfobot at zoominfo dot com)"
35.237.51.29 - - [01/Jul/2021:15:16:47 -0400] "GET /cbd-oils HTTP/1.0" 200 19941 "-" "ZoominfoBot (zoominfobot at zoominfo dot com)"
204.48.19.85 - - [01/Jul/2021:15:17:20 -0400] "POST /wp-cron.php?doing_wp_cron=1625167040.2454779148101806640625 HTTP/1.1" 200 5548 "https://angelsonhighstreet.com/wp-cron.php?doing_wp_cron=1625167040.2454779148101806640625" "WordPress/5.7.2; https://angelsonhighstreet.com"
142.93.105.158 - - [01/Jul/2021:15:17:20 -0400] "POST /wp-login.php HTTP/1.1" 200 8130 "-" "Mozilla/5.0 (Windows NT 6.1; WOW64) AppleWebKit/537.36 (KHTML, like Gecko) Chrome/47.0.2526.111 Safari/537.36"
204.48.19.85 - - [01/Jul/2021:15:19:04 -0400] "POST /wp-cron.php?doing_wp_cron=1625167144.8669509887695312500000 HTTP/1.1" 200 5548 "https://angelsonhighstreet.com/wp-cron.php?doing_wp_cron=1625167144.8669509887695312500000" "WordPress/5.7.2; https://angelsonhighstreet.com"
54.36.149.18 - - [01/Jul/2021:15:19:04 -0400] "GET /product-category/oils?product_view=list&product_order=asc&product_orderby=popularity&product_count=16 HTTP/1.1" 200 20728 "-" "Mozilla/5.0 (compatible; AhrefsBot/7.0; +http://ahrefs.com/robot/)"
217.79.178.53 - - [01/Jul/2021:15:22:38 -0400] "POST /xmlrpc.php HTTP/1.0" 301 615 "-" "Mozilla/5.0 (X11; Ubuntu; Linux x86_64; rv:86.0) Gecko/20100101 Firefox/86.0"
204.48.19.85 - - [01/Jul/2021:15:22:39 -0400] "POST /wp-cron.php?doing_wp_cron=1625167359.9728910923004150390625 HTTP/1.1" 200 5548 "https://angelsonhighstreet.com/wp-cron.php?doing_wp_cron=1625167359.9728910923004150390625" "WordPress/5.7.2; https://angelsonhighstreet.com"
217.79.178.53 - - [01/Jul/2021:15:22:39 -0400] "POST /xmlrpc.php HTTP/1.0" 403 5345 "-" "Mozilla/5.0 (X11; Ubuntu; Linux x86_64; rv:86.0) Gecko/20100101 Firefox/86.0"
35.237.51.29 - - [01/Jul/2021:15:22:40 -0400] "GET /shop/700mg-15ml-cbd-oil HTTP/1.0" 200 23517 "-" "ZoominfoBot (zoominfobot at zoominfo dot com)"
204.48.19.85 - - [01/Jul/2021:15:23:15 -0400] "POST /wp-cron.php?doing_wp_cron=1625167395.8395891189575195312500 HTTP/1.1" 200 5548 "https://angelsonhighstreet.com/wp-cron.php?doing_wp_cron=1625167395.8395891189575195312500" "WordPress/5.7.2; https://angelsonhighstreet.com"
54.36.148.95 - - [01/Jul/2021:15:23:15 -0400] "GET /product-category/oils?product_view=grid&product_order=asc&product_count=32&product_orderby=name HTTP/1.1" 200 20428 "-" "Mozilla/5.0 (compatible; AhrefsBot/7.0; +http://ahrefs.com/robot/)"
204.48.19.85 - - [01/Jul/2021:15:23:44 -0400] "POST /wp-cron.php?doing_wp_cron=1625167424.3612749576568603515625 HTTP/1.1" 200 5548 "https://angelsonhighstreet.com/wp-cron.php?doing_wp_cron=1625167424.3612749576568603515625" "WordPress/5.7.2; https://angelsonhighstreet.com"
35.237.51.29 - - [01/Jul/2021:15:23:44 -0400] "GET /author/admin HTTP/1.0" 200 20634 "-" "ZoominfoBot (zoominfobot at zoominfo dot com)"
194.61.54.86 - - [01/Jul/2021:15:26:32 -0400] "GET /wp-admin/ HTTP/1.1" 301 613 "http://angelsonhighstreet.com" "Mozilla/5.0 (Windows NT 6.1; Win64; x64) AppleWebKit/537.36 (KHTML, like Gecko) Chrome/59.0.3071.115 Safari/537.36"
204.48.19.85 - - [01/Jul/2021:15:26:34 -0400] "POST /wp-cron.php?doing_wp_cron=1625167594.8021841049194335937500 HTTP/1.1" 200 5548 "https://angelsonhighstreet.com/wp-cron.php?doing_wp_cron=1625167594.8021841049194335937500" "WordPress/5.7.2; https://angelsonhighstreet.com"
194.61.54.86 - - [01/Jul/2021:15:26:34 -0400] "GET /wp-admin/ HTTP/1.1" 302 5473 "-" "Mozilla/5.0 (Windows NT 6.1; Win64; x64) AppleWebKit/537.36 (KHTML, like Gecko) Chrome/59.0.3071.115 Safari/537.36"
194.61.54.86 - - [01/Jul/2021:15:26:36 -0400] "GET /?author=1 HTTP/1.1" 301 421 "-" "Mozilla/5.0 (Windows NT 6.1; Win64; x64) AppleWebKit/537.36 (KHTML, like Gecko) Chrome/59.0.3071.115 Safari/537.36"
194.61.54.86 - - [01/Jul/2021:15:26:36 -0400] "GET /?author=2 HTTP/1.1" 404 59800 "-" "Mozilla/5.0 (Windows NT 6.1; Win64; x64) AppleWebKit/537.36 (KHTML, like Gecko) Chrome/59.0.3071.115 Safari/537.36"
194.61.54.86 - - [01/Jul/2021:15:26:44 -0400] "GET /xmlrpc.php HTTP/1.1" 405 5297 "-" "Mozilla/5.0 (Windows NT 6.1; Win64; x64) AppleWebKit/537.36 (KHTML, like Gecko) Chrome/59.0.3071.115 Safari/537.36"
194.61.54.86 - - [01/Jul/2021:15:26:46 -0400] "POST /xmlrpc.php HTTP/1.1" 403 5601 "-" "Mozilla/5.0 (Windows NT 6.1; Win64; x64) AppleWebKit/537.36 (KHTML, like Gecko) Chrome/59.0.3071.115 Safari/537.36"
194.61.54.86 - - [01/Jul/2021:15:26:50 -0400] "POST /xmlrpc.php HTTP/1.1" 403 5601 "-" "Mozilla/5.0 (Windows NT 6.1; Win64; x64) AppleWebKit/537.36 (KHTML, like Gecko) Chrome/59.0.3071.115 Safari/537.36"
194.61.54.86 - - [01/Jul/2021:15:26:53 -0400] "POST /xmlrpc.php HTTP/1.1" 403 5601 "-" "Mozilla/5.0 (Windows NT 6.1; Win64; x64) AppleWebKit/537.36 (KHTML, like Gecko) Chrome/59.0.3071.115 Safari/537.36"
194.61.54.86 - - [01/Jul/2021:15:26:55 -0400] "POST /xmlrpc.php HTTP/1.1" 403 5601 "-" "Mozilla/5.0 (Windows NT 6.1; Win64; x64) AppleWebKit/537.36 (KHTML, like Gecko) Chrome/59.0.3071.115 Safari/537.36"
204.48.19.85 - - [01/Jul/2021:15:26:58 -0400] "POST /wp-cron.php?doing_wp_cron=1625167618.3802120685577392578125 HTTP/1.1" 200 5548 "https://angelsonhighstreet.com/wp-cron.php?doing_wp_cron=1625167618.3802120685577392578125" "WordPress/5.7.2; https://angelsonhighstreet.com"
194.61.54.86 - - [01/Jul/2021:15:26:58 -0400] "POST /xmlrpc.php HTTP/1.1" 403 5601 "-" "Mozilla/5.0 (Windows NT 6.1; Win64; x64) AppleWebKit/537.36 (KHTML, like Gecko) Chrome/59.0.3071.115 Safari/537.36"
194.61.54.86 - - [01/Jul/2021:15:27:01 -0400] "POST /xmlrpc.php HTTP/1.1" 403 5601 "-" "Mozilla/5.0 (Windows NT 6.1; Win64; x64) AppleWebKit/537.36 (KHTML, like Gecko) Chrome/59.0.3071.115 Safari/537.36"
194.61.54.86 - - [01/Jul/2021:15:27:06 -0400] "POST /xmlrpc.php HTTP/1.1" 403 5601 "-" "Mozilla/5.0 (Windows NT 6.1; Win64; x64) AppleWebKit/537.36 (KHTML, like Gecko) Chrome/59.0.3071.115 Safari/537.36"
194.61.54.86 - - [01/Jul/2021:15:27:10 -0400] "POST /xmlrpc.php HTTP/1.1" 403 5601 "-" "Mozilla/5.0 (Windows NT 6.1; Win64; x64) AppleWebKit/537.36 (KHTML, like Gecko) Chrome/59.0.3071.115 Safari/537.36"
194.61.54.86 - - [01/Jul/2021:15:27:12 -0400] "POST /xmlrpc.php HTTP/1.1" 403 5601 "-" "Mozilla/5.0 (Windows NT 6.1; Win64; x64) AppleWebKit/537.36 (KHTML, like Gecko) Chrome/59.0.3071.115 Safari/537.36"
194.61.54.86 - - [01/Jul/2021:15:27:16 -0400] "POST /xmlrpc.php HTTP/1.1" 403 5601 "-" "Mozilla/5.0 (Windows NT 6.1; Win64; x64) AppleWebKit/537.36 (KHTML, like Gecko) Chrome/59.0.3071.115 Safari/537.36"
194.61.54.86 - - [01/Jul/2021:15:27:19 -0400] "POST /xmlrpc.php HTTP/1.1" 403 5601 "-" "Mozilla/5.0 (Windows NT 6.1; Win64; x64) AppleWebKit/537.36 (KHTML, like Gecko) Chrome/59.0.3071.115 Safari/537.36"
194.61.54.86 - - [01/Jul/2021:15:27:25 -0400] "POST /xmlrpc.php HTTP/1.1" 403 5601 "-" "Mozilla/5.0 (Windows NT 6.1; Win64; x64) AppleWebKit/537.36 (KHTML, like Gecko) Chrome/59.0.3071.115 Safari/537.36"
194.61.54.86 - - [01/Jul/2021:15:27:29 -0400] "POST /xmlrpc.php HTTP/1.1" 403 5601 "-" "Mozilla/5.0 (Windows NT 6.1; Win64; x64) AppleWebKit/537.36 (KHTML, like Gecko) Chrome/59.0.3071.115 Safari/537.36"
194.61.54.86 - - [01/Jul/2021:15:27:35 -0400] "POST /xmlrpc.php HTTP/1.1" 403 5601 "-" "Mozilla/5.0 (Windows NT 6.1; Win64; x64) AppleWebKit/537.36 (KHTML, like Gecko) Chrome/59.0.3071.115 Safari/537.36"
54.36.149.18 - - [01/Jul/2021:15:27:39 -0400] "GET /product-category/salves?product_count=48&product_order=asc&product_orderby=date HTTP/1.1" 200 20423 "-" "Mozilla/5.0 (compatible; AhrefsBot/7.0; +http://ahrefs.com/robot/)"
194.61.54.86 - - [01/Jul/2021:15:27:39 -0400] "POST /xmlrpc.php HTTP/1.1" 403 5601 "-" "Mozilla/5.0 (Windows NT 6.1; Win64; x64) AppleWebKit/537.36 (KHTML, like Gecko) Chrome/59.0.3071.115 Safari/537.36"
194.61.54.86 - - [01/Jul/2021:15:27:44 -0400] "POST /xmlrpc.php HTTP/1.1" 403 5601 "-" "Mozilla/5.0 (Windows NT 6.1; Win64; x64) AppleWebKit/537.36 (KHTML, like Gecko) Chrome/59.0.3071.115 Safari/537.36"
35.237.51.29 - - [01/Jul/2021:15:27:44 -0400] "GET /shop/2130mg-30ml-whole-plant-cbg-extract-oil HTTP/1.0" 200 24984 "-" "ZoominfoBot (zoominfobot at zoominfo dot com)"
194.61.54.86 - - [01/Jul/2021:15:27:52 -0400] "POST /xmlrpc.php HTTP/1.1" 403 5601 "-" "Mozilla/5.0 (Windows NT 6.1; Win64; x64) AppleWebKit/537.36 (KHTML, like Gecko) Chrome/59.0.3071.115 Safari/537.36"
194.61.54.86 - - [01/Jul/2021:15:27:54 -0400] "POST /xmlrpc.php HTTP/1.1" 403 5601 "-" "Mozilla/5.0 (Windows NT 6.1; Win64; x64) AppleWebKit/537.36 (KHTML, like Gecko) Chrome/59.0.3071.115 Safari/537.36"
204.48.19.85 - - [01/Jul/2021:15:27:59 -0400] "POST /wp-cron.php?doing_wp_cron=1625167679.0466721057891845703125 HTTP/1.1" 200 5548 "https://angelsonhighstreet.com/wp-cron.php?doing_wp_cron=1625167679.0466721057891845703125" "WordPress/5.7.2; https://angelsonhighstreet.com"
194.61.54.86 - - [01/Jul/2021:15:27:58 -0400] "POST /xmlrpc.php HTTP/1.1" 403 5601 "-" "Mozilla/5.0 (Windows NT 6.1; Win64; x64) AppleWebKit/537.36 (KHTML, like Gecko) Chrome/59.0.3071.115 Safari/537.36"
194.61.54.86 - - [01/Jul/2021:15:28:07 -0400] "POST /xmlrpc.php HTTP/1.1" 403 5601 "-" "Mozilla/5.0 (Windows NT 6.1; Win64; x64) AppleWebKit/537.36 (KHTML, like Gecko) Chrome/59.0.3071.115 Safari/537.36"
194.61.54.86 - - [01/Jul/2021:15:28:12 -0400] "POST /xmlrpc.php HTTP/1.1" 403 5601 "-" "Mozilla/5.0 (Windows NT 6.1; Win64; x64) AppleWebKit/537.36 (KHTML, like Gecko) Chrome/59.0.3071.115 Safari/537.36"
194.61.54.86 - - [01/Jul/2021:15:28:18 -0400] "POST /xmlrpc.php HTTP/1.1" 403 5601 "-" "Mozilla/5.0 (Windows NT 6.1; Win64; x64) AppleWebKit/537.36 (KHTML, like Gecko) Chrome/59.0.3071.115 Safari/537.36"
194.61.54.86 - - [01/Jul/2021:15:28:20 -0400] "POST /xmlrpc.php HTTP/1.1" 403 5601 "-" "Mozilla/5.0 (Windows NT 6.1; Win64; x64) AppleWebKit/537.36 (KHTML, like Gecko) Chrome/59.0.3071.115 Safari/537.36"
194.61.54.86 - - [01/Jul/2021:15:28:22 -0400] "POST /xmlrpc.php HTTP/1.1" 403 5601 "-" "Mozilla/5.0 (Windows NT 6.1; Win64; x64) AppleWebKit/537.36 (KHTML, like Gecko) Chrome/59.0.3071.115 Safari/537.36"
35.237.51.29 - - [01/Jul/2021:15:28:23 -0400] "GET /apparel HTTP/1.0" 200 19158 "-" "ZoominfoBot (zoominfobot at zoominfo dot com)"
194.61.54.86 - - [01/Jul/2021:15:28:26 -0400] "POST /xmlrpc.php HTTP/1.1" 403 5601 "-" "Mozilla/5.0 (Windows NT 6.1; Win64; x64) AppleWebKit/537.36 (KHTML, like Gecko) Chrome/59.0.3071.115 Safari/537.36"
194.61.54.86 - - [01/Jul/2021:15:28:30 -0400] "POST /xmlrpc.php HTTP/1.1" 403 5601 "-" "Mozilla/5.0 (Windows NT 6.1; Win64; x64) AppleWebKit/537.36 (KHTML, like Gecko) Chrome/59.0.3071.115 Safari/537.36"
194.61.54.86 - - [01/Jul/2021:15:28:35 -0400] "POST /xmlrpc.php HTTP/1.1" 403 5601 "-" "Mozilla/5.0 (Windows NT 6.1; Win64; x64) AppleWebKit/537.36 (KHTML, like Gecko) Chrome/59.0.3071.115 Safari/537.36"
194.61.54.86 - - [01/Jul/2021:15:28:41 -0400] "POST /xmlrpc.php HTTP/1.1" 403 5601 "-" "Mozilla/5.0 (Windows NT 6.1; Win64; x64) AppleWebKit/537.36 (KHTML, like Gecko) Chrome/59.0.3071.115 Safari/537.36"
194.61.54.86 - - [01/Jul/2021:15:28:45 -0400] "POST /xmlrpc.php HTTP/1.1" 403 5601 "-" "Mozilla/5.0 (Windows NT 6.1; Win64; x64) AppleWebKit/537.36 (KHTML, like Gecko) Chrome/59.0.3071.115 Safari/537.36"
194.61.54.86 - - [01/Jul/2021:15:28:47 -0400] "POST /xmlrpc.php HTTP/1.1" 403 5601 "-" "Mozilla/5.0 (Windows NT 6.1; Win64; x64) AppleWebKit/537.36 (KHTML, like Gecko) Chrome/59.0.3071.115 Safari/537.36"
194.61.54.86 - - [01/Jul/2021:15:28:49 -0400] "POST /xmlrpc.php HTTP/1.1" 403 5601 "-" "Mozilla/5.0 (Windows NT 6.1; Win64; x64) AppleWebKit/537.36 (KHTML, like Gecko) Chrome/59.0.3071.115 Safari/537.36"
194.61.54.86 - - [01/Jul/2021:15:28:54 -0400] "POST /xmlrpc.php HTTP/1.1" 403 5601 "-" "Mozilla/5.0 (Windows NT 6.1; Win64; x64) AppleWebKit/537.36 (KHTML, like Gecko) Chrome/59.0.3071.115 Safari/537.36"
204.48.19.85 - - [01/Jul/2021:15:28:58 -0400] "POST /wp-cron.php?doing_wp_cron=1625167738.0565280914306640625000 HTTP/1.1" 200 5548 "https://angelsonhighstreet.com/wp-cron.php?doing_wp_cron=1625167738.0565280914306640625000" "WordPress/5.7.2; https://angelsonhighstreet.com"
194.61.54.86 - - [01/Jul/2021:15:28:57 -0400] "POST /xmlrpc.php HTTP/1.1" 403 5601 "-" "Mozilla/5.0 (Windows NT 6.1; Win64; x64) AppleWebKit/537.36 (KHTML, like Gecko) Chrome/59.0.3071.115 Safari/537.36"
194.61.54.86 - - [01/Jul/2021:15:29:01 -0400] "POST /xmlrpc.php HTTP/1.1" 403 5601 "-" "Mozilla/5.0 (Windows NT 6.1; Win64; x64) AppleWebKit/537.36 (KHTML, like Gecko) Chrome/59.0.3071.115 Safari/537.36"
194.61.54.86 - - [01/Jul/2021:15:29:03 -0400] "POST /xmlrpc.php HTTP/1.1" 403 5601 "-" "Mozilla/5.0 (Windows NT 6.1; Win64; x64) AppleWebKit/537.36 (KHTML, like Gecko) Chrome/59.0.3071.115 Safari/537.36"
194.61.54.86 - - [01/Jul/2021:15:29:12 -0400] "POST /xmlrpc.php HTTP/1.1" 403 5601 "-" "Mozilla/5.0 (Windows NT 6.1; Win64; x64) AppleWebKit/537.36 (KHTML, like Gecko) Chrome/59.0.3071.115 Safari/537.36"
194.61.54.86 - - [01/Jul/2021:15:29:18 -0400] "POST /xmlrpc.php HTTP/1.1" 403 5601 "-" "Mozilla/5.0 (Windows NT 6.1; Win64; x64) AppleWebKit/537.36 (KHTML, like Gecko) Chrome/59.0.3071.115 Safari/537.36"
194.61.54.86 - - [01/Jul/2021:15:29:21 -0400] "POST /xmlrpc.php HTTP/1.1" 403 5601 "-" "Mozilla/5.0 (Windows NT 6.1; Win64; x64) AppleWebKit/537.36 (KHTML, like Gecko) Chrome/59.0.3071.115 Safari/537.36"
194.61.54.86 - - [01/Jul/2021:15:29:27 -0400] "POST /xmlrpc.php HTTP/1.1" 403 5601 "-" "Mozilla/5.0 (Windows NT 6.1; Win64; x64) AppleWebKit/537.36 (KHTML, like Gecko) Chrome/59.0.3071.115 Safari/537.36"
194.61.54.86 - - [01/Jul/2021:15:29:31 -0400] "POST /xmlrpc.php HTTP/1.1" 403 5601 "-" "Mozilla/5.0 (Windows NT 6.1; Win64; x64) AppleWebKit/537.36 (KHTML, like Gecko) Chrome/59.0.3071.115 Safari/537.36"
194.61.54.86 - - [01/Jul/2021:15:29:34 -0400] "POST /xmlrpc.php HTTP/1.1" 403 5601 "-" "Mozilla/5.0 (Windows NT 6.1; Win64; x64) AppleWebKit/537.36 (KHTML, like Gecko) Chrome/59.0.3071.115 Safari/537.36"
194.61.54.86 - - [01/Jul/2021:15:29:36 -0400] "POST /xmlrpc.php HTTP/1.1" 403 5601 "-" "Mozilla/5.0 (Windows NT 6.1; Win64; x64) AppleWebKit/537.36 (KHTML, like Gecko) Chrome/59.0.3071.115 Safari/537.36"
194.61.54.86 - - [01/Jul/2021:15:29:42 -0400] "POST /xmlrpc.php HTTP/1.1" 403 5601 "-" "Mozilla/5.0 (Windows NT 6.1; Win64; x64) AppleWebKit/537.36 (KHTML, like Gecko) Chrome/59.0.3071.115 Safari/537.36"
194.61.54.86 - - [01/Jul/2021:15:29:44 -0400] "POST /xmlrpc.php HTTP/1.1" 403 5601 "-" "Mozilla/5.0 (Windows NT 6.1; Win64; x64) AppleWebKit/537.36 (KHTML, like Gecko) Chrome/59.0.3071.115 Safari/537.36"
194.61.54.86 - - [01/Jul/2021:15:29:49 -0400] "POST /xmlrpc.php HTTP/1.1" 403 5601 "-" "Mozilla/5.0 (Windows NT 6.1; Win64; x64) AppleWebKit/537.36 (KHTML, like Gecko) Chrome/59.0.3071.115 Safari/537.36"
194.61.54.86 - - [01/Jul/2021:15:29:52 -0400] "POST /xmlrpc.php HTTP/1.1" 403 5601 "-" "Mozilla/5.0 (Windows NT 6.1; Win64; x64) AppleWebKit/537.36 (KHTML, like Gecko) Chrome/59.0.3071.115 Safari/537.36"
194.61.54.86 - - [01/Jul/2021:15:29:55 -0400] "POST /xmlrpc.php HTTP/1.1" 403 5601 "-" "Mozilla/5.0 (Windows NT 6.1; Win64; x64) AppleWebKit/537.36 (KHTML, like Gecko) Chrome/59.0.3071.115 Safari/537.36"
204.48.19.85 - - [01/Jul/2021:15:29:58 -0400] "POST /wp-cron.php?doing_wp_cron=1625167798.8982999324798583984375 HTTP/1.1" 200 5548 "https://angelsonhighstreet.com/wp-cron.php?doing_wp_cron=1625167798.8982999324798583984375" "WordPress/5.7.2; https://angelsonhighstreet.com"
194.61.54.86 - - [01/Jul/2021:15:29:58 -0400] "POST /xmlrpc.php HTTP/1.1" 403 5601 "-" "Mozilla/5.0 (Windows NT 6.1; Win64; x64) AppleWebKit/537.36 (KHTML, like Gecko) Chrome/59.0.3071.115 Safari/537.36"
194.61.54.86 - - [01/Jul/2021:15:30:01 -0400] "POST /xmlrpc.php HTTP/1.1" 403 5601 "-" "Mozilla/5.0 (Windows NT 6.1; Win64; x64) AppleWebKit/537.36 (KHTML, like Gecko) Chrome/59.0.3071.115 Safari/537.36"
194.61.54.86 - - [01/Jul/2021:15:30:09 -0400] "POST /xmlrpc.php HTTP/1.1" 403 5601 "-" "Mozilla/5.0 (Windows NT 6.1; Win64; x64) AppleWebKit/537.36 (KHTML, like Gecko) Chrome/59.0.3071.115 Safari/537.36"
194.61.54.86 - - [01/Jul/2021:15:30:11 -0400] "POST /xmlrpc.php HTTP/1.1" 403 5601 "-" "Mozilla/5.0 (Windows NT 6.1; Win64; x64) AppleWebKit/537.36 (KHTML, like Gecko) Chrome/59.0.3071.115 Safari/537.36"
194.61.54.86 - - [01/Jul/2021:15:30:18 -0400] "POST /xmlrpc.php HTTP/1.1" 403 5601 "-" "Mozilla/5.0 (Windows NT 6.1; Win64; x64) AppleWebKit/537.36 (KHTML, like Gecko) Chrome/59.0.3071.115 Safari/537.36"
194.61.54.86 - - [01/Jul/2021:15:30:23 -0400] "POST /xmlrpc.php HTTP/1.1" 403 5601 "-" "Mozilla/5.0 (Windows NT 6.1; Win64; x64) AppleWebKit/537.36 (KHTML, like Gecko) Chrome/59.0.3071.115 Safari/537.36"
194.61.54.86 - - [01/Jul/2021:15:30:25 -0400] "POST /xmlrpc.php HTTP/1.1" 403 5601 "-" "Mozilla/5.0 (Windows NT 6.1; Win64; x64) AppleWebKit/537.36 (KHTML, like Gecko) Chrome/59.0.3071.115 Safari/537.36"
194.61.54.86 - - [01/Jul/2021:15:30:28 -0400] "POST /xmlrpc.php HTTP/1.1" 403 5601 "-" "Mozilla/5.0 (Windows NT 6.1; Win64; x64) AppleWebKit/537.36 (KHTML, like Gecko) Chrome/59.0.3071.115 Safari/537.36"
194.61.54.86 - - [01/Jul/2021:15:30:31 -0400] "POST /xmlrpc.php HTTP/1.1" 403 5601 "-" "Mozilla/5.0 (Windows NT 6.1; Win64; x64) AppleWebKit/537.36 (KHTML, like Gecko) Chrome/59.0.3071.115 Safari/537.36"
194.61.54.86 - - [01/Jul/2021:15:30:36 -0400] "POST /xmlrpc.php HTTP/1.1" 403 5601 "-" "Mozilla/5.0 (Windows NT 6.1; Win64; x64) AppleWebKit/537.36 (KHTML, like Gecko) Chrome/59.0.3071.115 Safari/537.36"
194.61.54.86 - - [01/Jul/2021:15:30:41 -0400] "POST /xmlrpc.php HTTP/1.1" 403 5601 "-" "Mozilla/5.0 (Windows NT 6.1; Win64; x64) AppleWebKit/537.36 (KHTML, like Gecko) Chrome/59.0.3071.115 Safari/537.36"
194.61.54.86 - - [01/Jul/2021:15:30:51 -0400] "POST /xmlrpc.php HTTP/1.1" 403 5601 "-" "Mozilla/5.0 (Windows NT 6.1; Win64; x64) AppleWebKit/537.36 (KHTML, like Gecko) Chrome/59.0.3071.115 Safari/537.36"
194.61.54.86 - - [01/Jul/2021:15:30:56 -0400] "POST /xmlrpc.php HTTP/1.1" 403 5601 "-" "Mozilla/5.0 (Windows NT 6.1; Win64; x64) AppleWebKit/537.36 (KHTML, like Gecko) Chrome/59.0.3071.115 Safari/537.36"
204.48.19.85 - - [01/Jul/2021:15:30:59 -0400] "POST /wp-cron.php?doing_wp_cron=1625167859.7985980510711669921875 HTTP/1.1" 200 5548 "https://angelsonhighstreet.com/wp-cron.php?doing_wp_cron=1625167859.7985980510711669921875" "WordPress/5.7.2; https://angelsonhighstreet.com"
194.61.54.86 - - [01/Jul/2021:15:30:59 -0400] "POST /xmlrpc.php HTTP/1.1" 403 5601 "-" "Mozilla/5.0 (Windows NT 6.1; Win64; x64) AppleWebKit/537.36 (KHTML, like Gecko) Chrome/59.0.3071.115 Safari/537.36"
194.61.54.86 - - [01/Jul/2021:15:31:01 -0400] "POST /xmlrpc.php HTTP/1.1" 403 5601 "-" "Mozilla/5.0 (Windows NT 6.1; Win64; x64) AppleWebKit/537.36 (KHTML, like Gecko) Chrome/59.0.3071.115 Safari/537.36"
194.61.54.86 - - [01/Jul/2021:15:31:06 -0400] "POST /xmlrpc.php HTTP/1.1" 403 5601 "-" "Mozilla/5.0 (Windows NT 6.1; Win64; x64) AppleWebKit/537.36 (KHTML, like Gecko) Chrome/59.0.3071.115 Safari/537.36"
204.48.19.85 - - [01/Jul/2021:15:32:25 -0400] "POST /wp-cron.php?doing_wp_cron=1625167945.4148039817810058593750 HTTP/1.1" 200 5548 "https://angelsonhighstreet.com/wp-cron.php?doing_wp_cron=1625167945.4148039817810058593750" "WordPress/5.7.2; https://angelsonhighstreet.com"
54.36.148.117 - - [01/Jul/2021:15:32:25 -0400] "GET /product-category/salves?product_count=48&product_order=asc&product_orderby=default HTTP/1.1" 200 20425 "-" "Mozilla/5.0 (compatible; AhrefsBot/7.0; +http://ahrefs.com/robot/)"
204.48.19.85 - - [01/Jul/2021:15:34:56 -0400] "POST /wp-cron.php?doing_wp_cron=1625168096.8874859809875488281250 HTTP/1.1" 200 5548 "https://angelsonhighstreet.com/wp-cron.php?doing_wp_cron=1625168096.8874859809875488281250" "WordPress/5.7.2; https://angelsonhighstreet.com"
35.237.51.29 - - [01/Jul/2021:15:34:56 -0400] "GET /shop/cbg-salve-with-special-sauce-terpenes HTTP/1.0" 200 26091 "-" "ZoominfoBot (zoominfobot at zoominfo dot com)"
204.48.19.85 - - [01/Jul/2021:15:36:57 -0400] "POST /wp-cron.php?doing_wp_cron=1625168217.6898798942565917968750 HTTP/1.1" 200 5548 "https://angelsonhighstreet.com/wp-cron.php?doing_wp_cron=1625168217.6898798942565917968750" "WordPress/5.7.2; https://angelsonhighstreet.com"
54.36.148.87 - - [01/Jul/2021:15:36:57 -0400] "GET /product-category/salves?product_count=48&product_order=asc&product_orderby=name HTTP/1.1" 200 20673 "-" "Mozilla/5.0 (compatible; AhrefsBot/7.0; +http://ahrefs.com/robot/)"
35.237.51.29 - - [01/Jul/2021:15:37:53 -0400] "GET /shop/holy-grail-cbd-healing-salve-1-oz HTTP/1.0" 200 26873 "-" "ZoominfoBot (zoominfobot at zoominfo dot com)"
204.48.19.85 - - [01/Jul/2021:15:40:48 -0400] "POST /wp-cron.php?doing_wp_cron=1625168448.3977739810943603515625 HTTP/1.1" 200 5548 "https://angelsonhighstreet.com/wp-cron.php?doing_wp_cron=1625168448.3977739810943603515625" "WordPress/5.7.2; https://angelsonhighstreet.com"
54.36.148.89 - - [01/Jul/2021:15:40:48 -0400] "GET /product-category/oils?product_count=16&product_view=list&product_order=asc&product_orderby=name HTTP/1.1" 200 20765 "-" "Mozilla/5.0 (compatible; AhrefsBot/7.0; +http://ahrefs.com/robot/)"
204.48.19.85 - - [01/Jul/2021:15:44:25 -0400] "POST /wp-cron.php?doing_wp_cron=1625168665.3777120113372802734375 HTTP/1.1" 200 5548 "https://angelsonhighstreet.com/wp-cron.php?doing_wp_cron=1625168665.3777120113372802734375" "WordPress/5.7.2; https://angelsonhighstreet.com"
54.36.149.18 - - [01/Jul/2021:15:44:25 -0400] "GET /product-category/oils?product_count=32&product_order=asc&product_view=list&product_orderby=rating HTTP/1.1" 200 20734 "-" "Mozilla/5.0 (compatible; AhrefsBot/7.0; +http://ahrefs.com/robot/)"
204.48.19.85 - - [01/Jul/2021:15:47:57 -0400] "POST /wp-cron.php?doing_wp_cron=1625168877.4094929695129394531250 HTTP/1.1" 200 5548 "https://angelsonhighstreet.com/wp-cron.php?doing_wp_cron=1625168877.4094929695129394531250" "WordPress/5.7.2; https://angelsonhighstreet.com"
54.36.148.223 - - [01/Jul/2021:15:47:57 -0400] "GET /product-category/oils?product_count=16&product_view=list&product_order=asc&product_orderby=price HTTP/1.1" 200 20721 "-" "Mozilla/5.0 (compatible; AhrefsBot/7.0; +http://ahrefs.com/robot/)"
204.48.19.85 - - [01/Jul/2021:15:51:43 -0400] "POST /wp-cron.php?doing_wp_cron=1625169103.2617518901824951171875 HTTP/1.1" 200 5548 "https://angelsonhighstreet.com/wp-cron.php?doing_wp_cron=1625169103.2617518901824951171875" "WordPress/5.7.2; https://angelsonhighstreet.com"
54.36.149.28 - - [01/Jul/2021:15:51:43 -0400] "GET /product-category/oils?product_count=16&product_view=list&product_order=asc&product_orderby=popularity HTTP/1.1" 200 20703 "-" "Mozilla/5.0 (compatible; AhrefsBot/7.0; +http://ahrefs.com/robot/)"
204.48.19.85 - - [01/Jul/2021:15:53:13 -0400] "POST /wp-cron.php?doing_wp_cron=1625169193.0413050651550292968750 HTTP/1.1" 200 5548 "https://angelsonhighstreet.com/wp-cron.php?doing_wp_cron=1625169193.0413050651550292968750" "WordPress/5.7.2; https://angelsonhighstreet.com"
35.185.53.32 - - [01/Jul/2021:15:53:12 -0400] "GET /robots.txt HTTP/1.0" 200 5055 "-" "ZoominfoBot (zoominfobot at zoominfo dot com)"
35.185.53.32 - - [01/Jul/2021:15:53:13 -0400] "GET /comments/feed HTTP/1.0" 200 7979 "-" "ZoominfoBot (zoominfobot at zoominfo dot com)"
23.228.109.147 - - [01/Jul/2021:15:54:23 -0400] "GET /components/com_jbusinessdirectory/assets/uploadFile.php HTTP/1.1" 301 668 "http://www.google.com/" "Mozilla/5.0 (Windows NT 6.1; Win64; x64) AppleWebKit/537.36 (KHTML, like Gecko) Chrome/56.0.2896.3 Safari/537.36"
204.48.19.85 - - [01/Jul/2021:15:54:23 -0400] "POST /wp-cron.php?doing_wp_cron=1625169263.5325069427490234375000 HTTP/1.1" 200 5548 "https://angelsonhighstreet.com/wp-cron.php?doing_wp_cron=1625169263.5325069427490234375000" "WordPress/5.7.2; https://angelsonhighstreet.com"
23.228.109.147 - - [01/Jul/2021:15:54:23 -0400] "GET /components/com_jbusinessdirectory/assets/uploadFile.php HTTP/1.1" 404 19198 "http://www.google.com/" "Mozilla/5.0 (Windows NT 6.1; Win64; x64) AppleWebKit/537.36 (KHTML, like Gecko) Chrome/56.0.2896.3 Safari/537.36"
204.48.19.85 - - [01/Jul/2021:15:55:15 -0400] "POST /wp-cron.php?doing_wp_cron=1625169315.4700329303741455078125 HTTP/1.1" 200 5548 "https://angelsonhighstreet.com/wp-cron.php?doing_wp_cron=1625169315.4700329303741455078125" "WordPress/5.7.2; https://angelsonhighstreet.com"
35.185.53.32 - - [01/Jul/2021:15:55:15 -0400] "GET /shop/cbg-salve-with-hawiian-haze-terpenes HTTP/1.0" 200 24771 "-" "ZoominfoBot (zoominfobot at zoominfo dot com)"
54.36.148.76 - - [01/Jul/2021:15:55:33 -0400] "GET /product-category/oils?product_view=grid&product_order=asc&product_count=32&product_orderby=rating HTTP/1.1" 200 20484 "-" "Mozilla/5.0 (compatible; AhrefsBot/7.0; +http://ahrefs.com/robot/)"
204.48.19.85 - - [01/Jul/2021:15:58:37 -0400] "POST /wp-cron.php?doing_wp_cron=1625169517.7135500907897949218750 HTTP/1.1" 200 5548 "https://angelsonhighstreet.com/wp-cron.php?doing_wp_cron=1625169517.7135500907897949218750" "WordPress/5.7.2; https://angelsonhighstreet.com"
35.185.53.32 - - [01/Jul/2021:15:58:37 -0400] "GET /xmlrpc.php?rsd HTTP/1.0" 200 5137 "-" "ZoominfoBot (zoominfobot at zoominfo dot com)"
35.185.53.32 - - [01/Jul/2021:15:58:55 -0400] "GET /cbd-oils HTTP/1.0" 200 19945 "-" "ZoominfoBot (zoominfobot at zoominfo dot com)"
204.48.19.85 - - [01/Jul/2021:15:59:18 -0400] "POST /wp-cron.php?doing_wp_cron=1625169558.1722629070281982421875 HTTP/1.1" 200 5548 "https://angelsonhighstreet.com/wp-cron.php?doing_wp_cron=1625169558.1722629070281982421875" "WordPress/5.7.2; https://angelsonhighstreet.com"
54.36.149.25 - - [01/Jul/2021:15:59:18 -0400] "GET /product-category/oils?product_view=list&product_order=asc&product_orderby=popularity&product_count=48 HTTP/1.1" 200 20758 "-" "Mozilla/5.0 (compatible; AhrefsBot/7.0; +http://ahrefs.com/robot/)"
204.48.19.85 - - [01/Jul/2021:16:03:00 -0400] "POST /wp-cron.php?doing_wp_cron=1625169780.0549631118774414062500 HTTP/1.1" 200 5548 "https://angelsonhighstreet.com/wp-cron.php?doing_wp_cron=1625169780.0549631118774414062500" "WordPress/5.7.2; https://angelsonhighstreet.com"
54.36.148.108 - - [01/Jul/2021:16:02:59 -0400] "GET /product-category/salves?product_count=32&product_order=asc&product_orderby=price HTTP/1.1" 200 20657 "-" "Mozilla/5.0 (compatible; AhrefsBot/7.0; +http://ahrefs.com/robot/)"
204.48.19.85 - - [01/Jul/2021:16:04:19 -0400] "POST /wp-cron.php?doing_wp_cron=1625169859.8419249057769775390625 HTTP/1.1" 200 5548 "https://angelsonhighstreet.com/wp-cron.php?doing_wp_cron=1625169859.8419249057769775390625" "WordPress/5.7.2; https://angelsonhighstreet.com"
35.185.53.32 - - [01/Jul/2021:16:04:19 -0400] "GET /shop/700mg-15ml-cbd-oil HTTP/1.0" 200 23531 "-" "ZoominfoBot (zoominfobot at zoominfo dot com)"
204.48.19.85 - - [01/Jul/2021:16:05:17 -0400] "POST /wp-cron.php?doing_wp_cron=1625169917.9078290462493896484375 HTTP/1.1" 200 5548 "https://angelsonhighstreet.com/wp-cron.php?doing_wp_cron=1625169917.9078290462493896484375" "WordPress/5.7.2; https://angelsonhighstreet.com"
35.185.53.32 - - [01/Jul/2021:16:05:17 -0400] "GET /author/admin HTTP/1.0" 200 20399 "-" "ZoominfoBot (zoominfobot at zoominfo dot com)"
204.48.19.85 - - [01/Jul/2021:16:06:34 -0400] "POST /wp-admin/admin-ajax.php?action=wp_1_wc_privacy_cleanup&nonce=1c980e65dd HTTP/1.1" 200 5710 "https://angelsonhighstreet.com/wp-admin/admin-ajax.php?action=wp_1_wc_privacy_cleanup&nonce=1c980e65dd" "WordPress/5.7.2; https://angelsonhighstreet.com"
204.48.19.85 - - [01/Jul/2021:16:06:34 -0400] "POST /wp-cron.php?doing_wp_cron=1625169994.6942749023437500000000 HTTP/1.1" 200 5548 "https://angelsonhighstreet.com/wp-cron.php?doing_wp_cron=1625169994.6942749023437500000000" "WordPress/5.7.2; https://angelsonhighstreet.com"
54.36.148.60 - - [01/Jul/2021:16:06:34 -0400] "GET /product-category/salves?product_count=32&product_order=asc&product_orderby=popularity HTTP/1.1" 200 20438 "-" "Mozilla/5.0 (compatible; AhrefsBot/7.0; +http://ahrefs.com/robot/)"
204.48.19.85 - - [01/Jul/2021:16:08:55 -0400] "POST /wp-cron.php?doing_wp_cron=1625170135.1687009334564208984375 HTTP/1.1" 200 5548 "https://angelsonhighstreet.com/wp-cron.php?doing_wp_cron=1625170135.1687009334564208984375" "WordPress/5.7.2; https://angelsonhighstreet.com"
35.185.53.32 - - [01/Jul/2021:16:08:55 -0400] "GET /shop/2130mg-30ml-whole-plant-cbg-extract-oil HTTP/1.0" 200 24982 "-" "ZoominfoBot (zoominfobot at zoominfo dot com)"
35.185.53.32 - - [01/Jul/2021:16:09:32 -0400] "GET /apparel HTTP/1.0" 200 18911 "-" "ZoominfoBot (zoominfobot at zoominfo dot com)"
204.48.19.85 - - [01/Jul/2021:16:10:09 -0400] "POST /wp-cron.php?doing_wp_cron=1625170209.8301420211791992187500 HTTP/1.1" 200 5548 "https://angelsonhighstreet.com/wp-cron.php?doing_wp_cron=1625170209.8301420211791992187500" "WordPress/5.7.2; https://angelsonhighstreet.com"
54.36.149.35 - - [01/Jul/2021:16:10:09 -0400] "GET /product-category/salves?product_count=32&product_order=asc&product_orderby=rating HTTP/1.1" 200 20439 "-" "Mozilla/5.0 (compatible; AhrefsBot/7.0; +http://ahrefs.com/robot/)"
204.48.19.85 - - [01/Jul/2021:16:13:44 -0400] "GET /wp-json/wp/v2/types/post?context=edit HTTP/1.1" 401 5996 "https://angelsonhighstreet.com/wp-json/wp/v2/types/post?context=edit" "WordPress/5.7.2; https://angelsonhighstreet.com"
204.48.19.85 - - [01/Jul/2021:16:13:44 -0400] "POST /wp-cron.php HTTP/1.1" 200 5548 "https://angelsonhighstreet.com/wp-cron.php" "WordPress/5.7.2; https://angelsonhighstreet.com"
124.158.10.21 - - [01/Jul/2021:16:13:44 -0400] "POST /wp-login.php HTTP/1.1" 200 8130 "-" "Mozilla/5.0 (Windows NT 6.1) AppleWebKit/537.36 (KHTML, like Gecko) Chrome/80.0.3987.149 Safari/537.36"
204.48.19.85 - - [01/Jul/2021:16:13:44 -0400] "GET / HTTP/1.1" 200 25332 "https://angelsonhighstreet.com/" "WordPress/5.7.2; https://angelsonhighstreet.com"
204.48.19.85 - - [01/Jul/2021:16:13:44 -0400] "POST /wp-cron.php?doing_wp_cron=1625170424.1470849514007568359375 HTTP/1.1" 200 5548 "https://angelsonhighstreet.com/wp-cron.php?doing_wp_cron=1625170424.1470849514007568359375" "WordPress/5.7.2; https://angelsonhighstreet.com"
204.48.19.85 - - [01/Jul/2021:16:13:58 -0400] "POST /wp-cron.php?doing_wp_cron=1625170438.9002439975738525390625 HTTP/1.1" 200 5548 "https://angelsonhighstreet.com/wp-cron.php?doing_wp_cron=1625170438.9002439975738525390625" "WordPress/5.7.2; https://angelsonhighstreet.com"
54.36.149.18 - - [01/Jul/2021:16:13:58 -0400] "GET /product-category/oils?product_view=list&product_order=asc&product_count=48&product_orderby=price HTTP/1.1" 200 20722 "-" "Mozilla/5.0 (compatible; AhrefsBot/7.0; +http://ahrefs.com/robot/)"
204.48.19.85 - - [01/Jul/2021:16:15:29 -0400] "POST /wp-cron.php?doing_wp_cron=1625170529.2180459499359130859375 HTTP/1.1" 200 5548 "https://angelsonhighstreet.com/wp-cron.php?doing_wp_cron=1625170529.2180459499359130859375" "WordPress/5.7.2; https://angelsonhighstreet.com"
35.185.53.32 - - [01/Jul/2021:16:15:29 -0400] "GET /shop/cbg-salve-with-special-sauce-terpenes HTTP/1.0" 200 26323 "-" "ZoominfoBot (zoominfobot at zoominfo dot com)"
204.48.19.85 - - [01/Jul/2021:16:17:40 -0400] "POST /wp-cron.php?doing_wp_cron=1625170660.2803978919982910156250 HTTP/1.1" 200 5548 "https://angelsonhighstreet.com/wp-cron.php?doing_wp_cron=1625170660.2803978919982910156250" "WordPress/5.7.2; https://angelsonhighstreet.com"
54.36.148.67 - - [01/Jul/2021:16:17:40 -0400] "GET /product-category/salves?product_count=48&product_order=asc&product_orderby=price HTTP/1.1" 200 20678 "-" "Mozilla/5.0 (compatible; AhrefsBot/7.0; +http://ahrefs.com/robot/)"
204.48.19.85 - - [01/Jul/2021:16:18:11 -0400] "POST /wp-cron.php?doing_wp_cron=1625170691.4202010631561279296875 HTTP/1.1" 200 5548 "https://angelsonhighstreet.com/wp-cron.php?doing_wp_cron=1625170691.4202010631561279296875" "WordPress/5.7.2; https://angelsonhighstreet.com"
35.185.53.32 - - [01/Jul/2021:16:18:11 -0400] "GET /shop/holy-grail-cbd-healing-salve-1-oz HTTP/1.0" 200 26864 "-" "ZoominfoBot (zoominfobot at zoominfo dot com)"
204.48.19.85 - - [01/Jul/2021:16:19:05 -0400] "POST /wp-cron.php?doing_wp_cron=1625170745.9768259525299072265625 HTTP/1.1" 200 5548 "https://angelsonhighstreet.com/wp-cron.php?doing_wp_cron=1625170745.9768259525299072265625" "WordPress/5.7.2; https://angelsonhighstreet.com"
165.22.53.233 - - [01/Jul/2021:16:19:05 -0400] "POST /wp-login.php HTTP/1.1" 200 8130 "-" "Mozilla/5.0 (Windows NT 10.0; Win64; x64) AppleWebKit/537.36 (KHTML, like Gecko) Chrome/54.0.2840.99 Safari/537.36"
204.48.19.85 - - [01/Jul/2021:16:21:21 -0400] "POST /wp-cron.php?doing_wp_cron=1625170881.1140480041503906250000 HTTP/1.1" 200 5548 "https://angelsonhighstreet.com/wp-cron.php?doing_wp_cron=1625170881.1140480041503906250000" "WordPress/5.7.2; https://angelsonhighstreet.com"
54.36.149.18 - - [01/Jul/2021:16:21:20 -0400] "GET /product-category/salves?product_count=48&product_order=asc&product_orderby=popularity HTTP/1.1" 200 20659 "-" "Mozilla/5.0 (compatible; AhrefsBot/7.0; +http://ahrefs.com/robot/)"
204.48.19.85 - - [01/Jul/2021:16:25:01 -0400] "POST /wp-cron.php?doing_wp_cron=1625171101.2100920677185058593750 HTTP/1.1" 200 5548 "https://angelsonhighstreet.com/wp-cron.php?doing_wp_cron=1625171101.2100920677185058593750" "WordPress/5.7.2; https://angelsonhighstreet.com"
54.36.148.37 - - [01/Jul/2021:16:25:01 -0400] "GET /product-category/salves?product_count=48&product_order=asc&product_orderby=rating HTTP/1.1" 200 20685 "-" "Mozilla/5.0 (compatible; AhrefsBot/7.0; +http://ahrefs.com/robot/)"
185.191.34.215 - - [01/Jul/2021:16:25:31 -0400] "GET /wp-content/plugins/cherry-plugin/admin/import-export/upload.php HTTP/1.1" 404 19704 "-" "Mozilla/5.0 (Windows NT 10.0; Win64; x64) AppleWebKit/537.36 (KHTML, like Gecko) Chrome/74.0.3729.157 Safari/537.36"
35.185.53.32 - - [01/Jul/2021:16:25:51 -0400] "GET /contact-us HTTP/1.0" 200 19693 "-" "ZoominfoBot (zoominfobot at zoominfo dot com)"
204.48.19.85 - - [01/Jul/2021:16:27:58 -0400] "POST /wp-cron.php?doing_wp_cron=1625171278.7612910270690917968750 HTTP/1.1" 200 5548 "https://angelsonhighstreet.com/wp-cron.php?doing_wp_cron=1625171278.7612910270690917968750" "WordPress/5.7.2; https://angelsonhighstreet.com"
35.185.53.32 - - [01/Jul/2021:16:27:58 -0400] "GET /cbd-salves HTTP/1.0" 200 20093 "-" "ZoominfoBot (zoominfobot at zoominfo dot com)"
54.36.149.18 - - [01/Jul/2021:16:28:43 -0400] "GET /product-category/oils?product_view=list&product_order=asc&product_count=32&product_orderby=price HTTP/1.1" 200 20723 "-" "Mozilla/5.0 (compatible; AhrefsBot/7.0; +http://ahrefs.com/robot/)"
204.48.19.85 - - [01/Jul/2021:16:32:15 -0400] "POST /wp-cron.php?doing_wp_cron=1625171535.1730439662933349609375 HTTP/1.1" 200 5548 "https://angelsonhighstreet.com/wp-cron.php?doing_wp_cron=1625171535.1730439662933349609375" "WordPress/5.7.2; https://angelsonhighstreet.com"
5.255.253.88 - - [01/Jul/2021:16:32:15 -0400] "GET /robots.txt HTTP/1.1" 200 5794 "-" "Mozilla/5.0 (compatible; YandexBot/3.0; +http://yandex.com/bots)"
5.255.253.88 - - [01/Jul/2021:16:32:18 -0400] "GET / HTTP/1.1" 200 20094 "-" "Mozilla/5.0 (compatible; YandexBot/3.0; +http://yandex.com/bots)"
54.36.149.18 - - [01/Jul/2021:16:32:27 -0400] "GET /product-category/oils?product_view=grid&product_order=asc&product_count=48&product_orderby=default HTTP/1.1" 200 20474 "-" "Mozilla/5.0 (compatible; AhrefsBot/7.0; +http://ahrefs.com/robot/)"
204.48.19.85 - - [01/Jul/2021:16:33:47 -0400] "POST /wp-cron.php?doing_wp_cron=1625171627.1841120719909667968750 HTTP/1.1" 200 5548 "https://angelsonhighstreet.com/wp-cron.php?doing_wp_cron=1625171627.1841120719909667968750" "WordPress/5.7.2; https://angelsonhighstreet.com"
35.185.53.32 - - [01/Jul/2021:16:33:47 -0400] "GET /shop/cbg-healing-salve-1-oz HTTP/1.0" 200 27045 "-" "ZoominfoBot (zoominfobot at zoominfo dot com)"
204.48.19.85 - - [01/Jul/2021:16:35:35 -0400] "POST /wp-cron.php?doing_wp_cron=1625171735.0227560997009277343750 HTTP/1.1" 200 5548 "https://angelsonhighstreet.com/wp-cron.php?doing_wp_cron=1625171735.0227560997009277343750" "WordPress/5.7.2; https://angelsonhighstreet.com"
35.185.53.32 - - [01/Jul/2021:16:35:34 -0400] "GET /shop/cbg-salve-with-lifter-terpenes HTTP/1.0" 200 27444 "-" "ZoominfoBot (zoominfobot at zoominfo dot com)"
204.48.19.85 - - [01/Jul/2021:16:36:06 -0400] "POST /wp-cron.php?doing_wp_cron=1625171766.3514540195465087890625 HTTP/1.1" 200 5548 "https://angelsonhighstreet.com/wp-cron.php?doing_wp_cron=1625171766.3514540195465087890625" "WordPress/5.7.2; https://angelsonhighstreet.com"
54.36.148.182 - - [01/Jul/2021:16:36:06 -0400] "GET /product-category/oils?product_count=32&product_view=grid&product_order=asc&product_orderby=default HTTP/1.1" 200 20425 "-" "Mozilla/5.0 (compatible; AhrefsBot/7.0; +http://ahrefs.com/robot/)"
