34.78.175.113 - - [02/Jul/2021:10:59:31 -0400] "GET /wp-login.php HTTP/1.1" 301 582 "-" "Mozilla/5.0 (X11; Ubuntu; Linux x86_64; rv:62.0) Gecko/20100101 Firefox/62.0"
204.48.19.85 - - [02/Jul/2021:10:59:31 -0400] "POST /wp-cron.php?doing_wp_cron=1625237971.9751880168914794921875 HTTP/1.1" 200 5548 "https://angelsonhighstreet.com/wp-cron.php?doing_wp_cron=1625237971.9751880168914794921875" "WordPress/5.7.2; https://angelsonhighstreet.com"
34.78.175.113 - - [02/Jul/2021:10:59:31 -0400] "GET /wp-login.php HTTP/1.1" 200 7305 "http://angelsonhighstreet.com/wp-login.php" "Mozilla/5.0 (X11; Ubuntu; Linux x86_64; rv:62.0) Gecko/20100101 Firefox/62.0"
34.78.175.113 - - [02/Jul/2021:10:59:32 -0400] "GET ///?author=1 HTTP/1.1" 301 576 "-" "Mozilla/5.0 (X11; Ubuntu; Linux x86_64; rv:62.0) Gecko/20100101 Firefox/62.0"
34.78.175.113 - - [02/Jul/2021:10:59:32 -0400] "GET /?author=1 HTTP/1.1" 301 4899 "http://angelsonhighstreet.com///?author=1" "Mozilla/5.0 (X11; Ubuntu; Linux x86_64; rv:62.0) Gecko/20100101 Firefox/62.0"
34.78.175.113 - - [02/Jul/2021:10:59:33 -0400] "GET /author/admin HTTP/1.1" 200 20649 "https://angelsonhighstreet.com/?author=1" "Mozilla/5.0 (X11; Ubuntu; Linux x86_64; rv:62.0) Gecko/20100101 Firefox/62.0"
34.78.175.113 - - [02/Jul/2021:10:59:33 -0400] "GET ///wp-json/wp/v2/users/ HTTP/1.1" 301 598 "-" "Mozilla/5.0 (X11; Ubuntu; Linux x86_64; rv:62.0) Gecko/20100101 Firefox/62.0"
34.78.175.113 - - [02/Jul/2021:10:59:33 -0400] "GET /wp-json/wp/v2/users/ HTTP/1.1" 200 5759 "http://angelsonhighstreet.com///wp-json/wp/v2/users/" "Mozilla/5.0 (X11; Ubuntu; Linux x86_64; rv:62.0) Gecko/20100101 Firefox/62.0"
34.78.175.113 - - [02/Jul/2021:10:59:34 -0400] "GET ///?author=2 HTTP/1.1" 301 576 "-" "Mozilla/5.0 (X11; Ubuntu; Linux x86_64; rv:62.0) Gecko/20100101 Firefox/62.0"
34.78.175.113 - - [02/Jul/2021:10:59:34 -0400] "GET /?author=2 HTTP/1.1" 404 18664 "http://angelsonhighstreet.com///?author=2" "Mozilla/5.0 (X11; Ubuntu; Linux x86_64; rv:62.0) Gecko/20100101 Firefox/62.0"
204.48.19.85 - - [02/Jul/2021:11:00:14 -0400] "POST /wp-cron.php?doing_wp_cron=1625238014.8861780166625976562500 HTTP/1.1" 200 5548 "https://angelsonhighstreet.com/wp-cron.php?doing_wp_cron=1625238014.8861780166625976562500" "WordPress/5.7.2; https://angelsonhighstreet.com"
104.196.127.152 - - [02/Jul/2021:11:00:14 -0400] "GET /shop/2130mg-30ml-whole-plant-cbg-extract-oil HTTP/1.0" 200 24950 "-" "ZoominfoBot (zoominfobot at zoominfo dot com)"
104.196.127.152 - - [02/Jul/2021:11:00:55 -0400] "GET /apparel HTTP/1.0" 200 19157 "-" "ZoominfoBot (zoominfobot at zoominfo dot com)"
204.48.19.85 - - [02/Jul/2021:11:01:39 -0400] "POST /wp-cron.php?doing_wp_cron=1625238099.3662428855895996093750 HTTP/1.1" 200 5548 "https://angelsonhighstreet.com/wp-cron.php?doing_wp_cron=1625238099.3662428855895996093750" "WordPress/5.7.2; https://angelsonhighstreet.com"
54.36.149.18 - - [02/Jul/2021:11:01:39 -0400] "GET /product-category/oils?product_orderby=date&product_order=desc&product_count=32&product_view=list HTTP/1.1" 200 20728 "-" "Mozilla/5.0 (compatible; AhrefsBot/7.0; +http://ahrefs.com/robot/)"
34.96.130.12 - - [02/Jul/2021:11:01:51 -0400] "GET / HTTP/1.1" 301 551 "-" "Expanse, a Palo Alto Networks company, searches across the global IPv4 space multiple times per day to identify customers&#39; presences on the Internet. If you would like to be excluded from our scans, please send IP addresses/domains to: scaninfo@paloaltonetworks.com"
204.48.19.85 - - [02/Jul/2021:11:02:57 -0400] "POST /wp-cron.php?doing_wp_cron=1625238177.1560130119323730468750 HTTP/1.1" 200 5548 "https://angelsonhighstreet.com/wp-cron.php?doing_wp_cron=1625238177.1560130119323730468750" "WordPress/5.7.2; https://angelsonhighstreet.com"
185.191.171.41 - - [02/Jul/2021:11:02:57 -0400] "GET /shop-full-width?product_order=desc HTTP/1.1" 200 21082 "-" "Mozilla/5.0 (compatible; SemrushBot/7~bl; +http://www.semrush.com/bot.html)"
204.48.19.85 - - [02/Jul/2021:11:05:34 -0400] "POST /wp-cron.php?doing_wp_cron=1625238334.0266199111938476562500 HTTP/1.1" 200 5548 "https://angelsonhighstreet.com/wp-cron.php?doing_wp_cron=1625238334.0266199111938476562500" "WordPress/5.7.2; https://angelsonhighstreet.com"
54.36.149.18 - - [02/Jul/2021:11:05:33 -0400] "GET /product-category/oils?product_orderby=popularity&product_order=desc&product_count=16&product_view=grid HTTP/1.1" 200 20436 "-" "Mozilla/5.0 (compatible; AhrefsBot/7.0; +http://ahrefs.com/robot/)"
204.48.19.85 - - [02/Jul/2021:11:07:40 -0400] "POST /wp-cron.php?doing_wp_cron=1625238460.0940630435943603515625 HTTP/1.1" 200 5548 "https://angelsonhighstreet.com/wp-cron.php?doing_wp_cron=1625238460.0940630435943603515625" "WordPress/5.7.2; https://angelsonhighstreet.com"
104.196.127.152 - - [02/Jul/2021:11:07:39 -0400] "GET /shop/cbg-salve-with-special-sauce-terpenes HTTP/1.0" 200 26321 "-" "ZoominfoBot (zoominfobot at zoominfo dot com)"
204.48.19.85 - - [02/Jul/2021:11:09:28 -0400] "POST /wp-cron.php?doing_wp_cron=1625238568.2311890125274658203125 HTTP/1.1" 200 5548 "https://angelsonhighstreet.com/wp-cron.php?doing_wp_cron=1625238568.2311890125274658203125" "WordPress/5.7.2; https://angelsonhighstreet.com"
54.36.148.222 - - [02/Jul/2021:11:09:28 -0400] "GET /product-category/oils?product_orderby=rating&product_order=desc&product_count=16&product_view=grid HTTP/1.1" 200 20433 "-" "Mozilla/5.0 (compatible; AhrefsBot/7.0; +http://ahrefs.com/robot/)"
204.48.19.85 - - [02/Jul/2021:11:10:52 -0400] "POST /wp-cron.php?doing_wp_cron=1625238652.1725859642028808593750 HTTP/1.1" 200 5548 "https://angelsonhighstreet.com/wp-cron.php?doing_wp_cron=1625238652.1725859642028808593750" "WordPress/5.7.2; https://angelsonhighstreet.com"
104.196.127.152 - - [02/Jul/2021:11:10:52 -0400] "GET /shop/holy-grail-cbd-healing-salve-1-oz HTTP/1.0" 200 26618 "-" "ZoominfoBot (zoominfobot at zoominfo dot com)"
116.62.49.96 - - [02/Jul/2021:11:13:05 -0400] "POST /wp-login.php HTTP/1.1" 200 8132 "-" "Mozilla/5.0 (Windows NT 6.3; Win64; x64) AppleWebKit/537.36 (KHTML, like Gecko) Chrome/62.0.3202.94 Safari/537.36"
54.36.149.72 - - [02/Jul/2021:11:13:30 -0400] "GET /product-category/oils?product_orderby=name&product_order=asc&product_count=16&product_view=list HTTP/1.1" 200 20739 "-" "Mozilla/5.0 (compatible; AhrefsBot/7.0; +http://ahrefs.com/robot/)"
185.191.171.37 - - [02/Jul/2021:11:13:31 -0400] "GET /product-category/oils?product_count=48&product_order=asc&product_orderby=date HTTP/1.1" 200 20426 "-" "Mozilla/5.0 (compatible; SemrushBot/7~bl; +http://www.semrush.com/bot.html)"
204.48.19.85 - - [02/Jul/2021:11:17:32 -0400] "POST /wp-cron.php?doing_wp_cron=1625239052.9860720634460449218750 HTTP/1.1" 200 5548 "https://angelsonhighstreet.com/wp-cron.php?doing_wp_cron=1625239052.9860720634460449218750" "WordPress/5.7.2; https://angelsonhighstreet.com"
54.36.149.58 - - [02/Jul/2021:11:17:32 -0400] "GET /product-category/oils?product_orderby=date&product_order=desc&product_count=32&product_view=grid HTTP/1.1" 200 20435 "-" "Mozilla/5.0 (compatible; AhrefsBot/7.0; +http://ahrefs.com/robot/)"
204.48.19.85 - - [02/Jul/2021:11:17:59 -0400] "POST /wp-cron.php?doing_wp_cron=1625239078.9941558837890625000000 HTTP/1.1" 200 5548 "https://angelsonhighstreet.com/wp-cron.php?doing_wp_cron=1625239078.9941558837890625000000" "WordPress/5.7.2; https://angelsonhighstreet.com"
185.25.48.30 - - [02/Jul/2021:11:17:58 -0400] "GET / HTTP/1.1" 200 115183 "-" "Mozilla/5.0 (Windows NT 5.2; sl-SI; rv:1.9.1.20) Gecko/20190820 Firefox/37.0"
185.25.48.30 - - [02/Jul/2021:11:17:59 -0400] "POST / HTTP/1.1" 200 115396 "-" "Mozilla/5.0 (Windows NT 5.2; sl-SI; rv:1.9.1.20) Gecko/20190820 Firefox/37.0"
185.25.48.30 - - [02/Jul/2021:11:18:00 -0400] "GET /affiliate-home/affiliate-register HTTP/1.1" 200 85290 "-" "Mozilla/5.0 (Windows NT 5.2; sl-SI; rv:1.9.1.20) Gecko/20190820 Firefox/37.0"
185.25.48.30 - - [02/Jul/2021:11:18:01 -0400] "POST /affiliate-home/affiliate-register HTTP/1.1" 200 67335 "-" "Mozilla/5.0 (Windows NT 5.2; sl-SI; rv:1.9.1.20) Gecko/20190820 Firefox/37.0"
185.25.48.30 - - [02/Jul/2021:11:18:02 -0400] "GET /contact-us HTTP/1.1" 200 66230 "-" "Mozilla/5.0 (Windows NT 5.2; sl-SI; rv:1.9.1.20) Gecko/20190820 Firefox/37.0"
185.25.48.30 - - [02/Jul/2021:11:18:03 -0400] "POST /contact-us HTTP/1.1" 200 67808 "-" "Mozilla/5.0 (Windows NT 5.2; sl-SI; rv:1.9.1.20) Gecko/20190820 Firefox/37.0"
204.48.19.85 - - [02/Jul/2021:11:18:59 -0400] "POST /wp-cron.php?doing_wp_cron=1625239139.3255889415740966796875 HTTP/1.1" 200 5548 "https://angelsonhighstreet.com/wp-cron.php?doing_wp_cron=1625239139.3255889415740966796875" "WordPress/5.7.2; https://angelsonhighstreet.com"
104.196.127.152 - - [02/Jul/2021:11:18:59 -0400] "GET /contact-us HTTP/1.0" 200 19695 "-" "ZoominfoBot (zoominfobot at zoominfo dot com)"
122.116.248.74 - - [02/Jul/2021:11:19:02 -0400] "POST /wp-login.php HTTP/1.1" 200 8134 "-" "Mozilla/5.0 (Windows NT 10.0; Win64; x64) AppleWebKit/537.36 (KHTML, like Gecko) Chrome/73.0.3683.75 Safari/537.36"
204.48.19.85 - - [02/Jul/2021:11:21:02 -0400] "POST /wp-cron.php?doing_wp_cron=1625239262.6130750179290771484375 HTTP/1.1" 200 5548 "https://angelsonhighstreet.com/wp-cron.php?doing_wp_cron=1625239262.6130750179290771484375" "WordPress/5.7.2; https://angelsonhighstreet.com"
185.191.171.3 - - [02/Jul/2021:11:21:02 -0400] "GET /shop-full-width?product_count=16&product_order=asc&product_orderby=rating&product_view=list HTTP/1.1" 200 21472 "-" "Mozilla/5.0 (compatible; SemrushBot/7~bl; +http://www.semrush.com/bot.html)"
104.196.127.152 - - [02/Jul/2021:11:21:11 -0400] "GET /cbd-salves HTTP/1.0" 200 20092 "-" "ZoominfoBot (zoominfobot at zoominfo dot com)"
204.48.19.85 - - [02/Jul/2021:11:21:31 -0400] "POST /wp-cron.php?doing_wp_cron=1625239291.6076450347900390625000 HTTP/1.1" 200 5548 "https://angelsonhighstreet.com/wp-cron.php?doing_wp_cron=1625239291.6076450347900390625000" "WordPress/5.7.2; https://angelsonhighstreet.com"
54.36.149.9 - - [02/Jul/2021:11:21:31 -0400] "GET /product-category/oils?product_orderby=price&product_order=asc&product_count=16&product_view=grid HTTP/1.1" 200 20479 "-" "Mozilla/5.0 (compatible; AhrefsBot/7.0; +http://ahrefs.com/robot/)"
204.48.19.85 - - [02/Jul/2021:11:25:38 -0400] "POST /wp-cron.php?doing_wp_cron=1625239538.7637560367584228515625 HTTP/1.1" 200 5548 "https://angelsonhighstreet.com/wp-cron.php?doing_wp_cron=1625239538.7637560367584228515625" "WordPress/5.7.2; https://angelsonhighstreet.com"
54.36.148.106 - - [02/Jul/2021:11:25:38 -0400] "GET /product-category/oils?product_orderby=date&product_order=desc&product_count=16&product_view=grid HTTP/1.1" 200 20455 "-" "Mozilla/5.0 (compatible; AhrefsBot/7.0; +http://ahrefs.com/robot/)"
204.48.19.85 - - [02/Jul/2021:11:27:59 -0400] "POST /wp-cron.php?doing_wp_cron=1625239679.7151310443878173828125 HTTP/1.1" 200 5548 "https://angelsonhighstreet.com/wp-cron.php?doing_wp_cron=1625239679.7151310443878173828125" "WordPress/5.7.2; https://angelsonhighstreet.com"
104.196.127.152 - - [02/Jul/2021:11:27:59 -0400] "GET /shop/cbg-healing-salve-1-oz HTTP/1.0" 200 27255 "-" "ZoominfoBot (zoominfobot at zoominfo dot com)"
204.48.19.85 - - [02/Jul/2021:11:29:31 -0400] "POST /wp-cron.php?doing_wp_cron=1625239771.4264750480651855468750 HTTP/1.1" 200 5548 "https://angelsonhighstreet.com/wp-cron.php?doing_wp_cron=1625239771.4264750480651855468750" "WordPress/5.7.2; https://angelsonhighstreet.com"
54.36.149.18 - - [02/Jul/2021:11:29:31 -0400] "GET /product-category/oils?product_orderby=rating&product_order=desc&product_count=16&product_view=list HTTP/1.1" 200 20730 "-" "Mozilla/5.0 (compatible; AhrefsBot/7.0; +http://ahrefs.com/robot/)"
204.48.19.85 - - [02/Jul/2021:11:30:08 -0400] "POST /wp-cron.php?doing_wp_cron=1625239808.9004058837890625000000 HTTP/1.1" 200 5548 "https://angelsonhighstreet.com/wp-cron.php?doing_wp_cron=1625239808.9004058837890625000000" "WordPress/5.7.2; https://angelsonhighstreet.com"
104.196.127.152 - - [02/Jul/2021:11:30:08 -0400] "GET /shop/cbg-salve-with-lifter-terpenes HTTP/1.0" 200 27435 "-" "ZoominfoBot (zoominfobot at zoominfo dot com)"
204.48.19.85 - - [02/Jul/2021:11:31:38 -0400] "POST /wp-cron.php?doing_wp_cron=1625239898.7300720214843750000000 HTTP/1.1" 200 5548 "https://angelsonhighstreet.com/wp-cron.php?doing_wp_cron=1625239898.7300720214843750000000" "WordPress/5.7.2; https://angelsonhighstreet.com"
104.196.127.152 - - [02/Jul/2021:11:31:38 -0400] "GET /bath-bombs HTTP/1.0" 404 18914 "-" "ZoominfoBot (zoominfobot at zoominfo dot com)"
54.36.149.18 - - [02/Jul/2021:11:33:23 -0400] "GET /product-category/oils?product_orderby=date&product_order=desc&product_count=16&product_view=list HTTP/1.1" 200 20723 "-" "Mozilla/5.0 (compatible; AhrefsBot/7.0; +http://ahrefs.com/robot/)"
204.48.19.85 - - [02/Jul/2021:11:33:23 -0400] "POST /wp-cron.php?doing_wp_cron=1625240003.7121961116790771484375 HTTP/1.1" 200 5548 "https://angelsonhighstreet.com/wp-cron.php?doing_wp_cron=1625240003.7121961116790771484375" "WordPress/5.7.2; https://angelsonhighstreet.com"
104.196.127.152 - - [02/Jul/2021:11:33:42 -0400] "GET /shop-full-width HTTP/1.0" 200 20396 "-" "ZoominfoBot (zoominfobot at zoominfo dot com)"
204.48.19.85 - - [02/Jul/2021:11:37:25 -0400] "POST /wp-cron.php?doing_wp_cron=1625240245.8688769340515136718750 HTTP/1.1" 200 5548 "https://angelsonhighstreet.com/wp-cron.php?doing_wp_cron=1625240245.8688769340515136718750" "WordPress/5.7.2; https://angelsonhighstreet.com"
54.36.149.18 - - [02/Jul/2021:11:37:25 -0400] "GET /shop-full-width?product_count=48&product_view=list&product_orderby=rating&product_order=desc HTTP/1.1" 200 21523 "-" "Mozilla/5.0 (compatible; AhrefsBot/7.0; +http://ahrefs.com/robot/)"
204.48.19.85 - - [02/Jul/2021:11:41:17 -0400] "POST /wp-cron.php?doing_wp_cron=1625240477.3892910480499267578125 HTTP/1.1" 200 5548 "https://angelsonhighstreet.com/wp-cron.php?doing_wp_cron=1625240477.3892910480499267578125" "WordPress/5.7.2; https://angelsonhighstreet.com"
54.36.149.18 - - [02/Jul/2021:11:41:17 -0400] "GET /shop-full-width?product_count=48&product_view=list&product_orderby=default&product_order=asc HTTP/1.1" 200 21503 "-" "Mozilla/5.0 (compatible; AhrefsBot/7.0; +http://ahrefs.com/robot/)"
204.48.19.85 - - [02/Jul/2021:11:42:42 -0400] "POST /wp-cron.php?doing_wp_cron=1625240562.1994950771331787109375 HTTP/1.1" 200 5548 "https://angelsonhighstreet.com/wp-cron.php?doing_wp_cron=1625240562.1994950771331787109375" "WordPress/5.7.2; https://angelsonhighstreet.com"
104.196.127.152 - - [02/Jul/2021:11:42:42 -0400] "GET /feed HTTP/1.0" 200 5414 "-" "ZoominfoBot (zoominfobot at zoominfo dot com)"
204.48.19.85 - - [02/Jul/2021:11:43:29 -0400] "POST /wp-cron.php?doing_wp_cron=1625240609.2560830116271972656250 HTTP/1.1" 200 5548 "https://angelsonhighstreet.com/wp-cron.php?doing_wp_cron=1625240609.2560830116271972656250" "WordPress/5.7.2; https://angelsonhighstreet.com"
104.196.127.152 - - [02/Jul/2021:11:43:29 -0400] "GET /affiliate-home/affiliate-register HTTP/1.0" 200 24209 "-" "ZoominfoBot (zoominfobot at zoominfo dot com)"
204.48.19.85 - - [02/Jul/2021:11:44:52 -0400] "POST /wp-cron.php?doing_wp_cron=1625240692.3648309707641601562500 HTTP/1.1" 200 5548 "https://angelsonhighstreet.com/wp-cron.php?doing_wp_cron=1625240692.3648309707641601562500" "WordPress/5.7.2; https://angelsonhighstreet.com"
104.196.127.152 - - [02/Jul/2021:11:44:52 -0400] "GET /shop/2000mg-30ml-cbd-oil HTTP/1.0" 200 22303 "-" "ZoominfoBot (zoominfobot at zoominfo dot com)"
204.48.19.85 - - [02/Jul/2021:11:45:04 -0400] "POST /wp-cron.php?doing_wp_cron=1625240704.6138520240783691406250 HTTP/1.1" 200 5548 "https://angelsonhighstreet.com/wp-cron.php?doing_wp_cron=1625240704.6138520240783691406250" "WordPress/5.7.2; https://angelsonhighstreet.com"
54.36.148.63 - - [02/Jul/2021:11:45:04 -0400] "GET /shop-full-width?product_count=48&product_view=grid&product_orderby=rating&product_order=desc HTTP/1.1" 200 21169 "-" "Mozilla/5.0 (compatible; AhrefsBot/7.0; +http://ahrefs.com/robot/)"
204.48.19.85 - - [02/Jul/2021:11:46:02 -0400] "POST /wp-cron.php?doing_wp_cron=1625240762.2733709812164306640625 HTTP/1.1" 200 5548 "https://angelsonhighstreet.com/wp-cron.php?doing_wp_cron=1625240762.2733709812164306640625" "WordPress/5.7.2; https://angelsonhighstreet.com"
104.196.127.152 - - [02/Jul/2021:11:46:02 -0400] "GET /about-us HTTP/1.0" 200 19868 "-" "ZoominfoBot (zoominfobot at zoominfo dot com)"
204.48.19.85 - - [02/Jul/2021:11:49:01 -0400] "POST /wp-cron.php?doing_wp_cron=1625240941.0731720924377441406250 HTTP/1.1" 200 5548 "https://angelsonhighstreet.com/wp-cron.php?doing_wp_cron=1625240941.0731720924377441406250" "WordPress/5.7.2; https://angelsonhighstreet.com"
54.36.148.54 - - [02/Jul/2021:11:49:00 -0400] "GET /product-category/oils?product_orderby=price&product_order=desc&product_count=48&product_view=grid HTTP/1.1" 200 20450 "-" "Mozilla/5.0 (compatible; AhrefsBot/7.0; +http://ahrefs.com/robot/)"
204.48.19.85 - - [02/Jul/2021:11:52:50 -0400] "POST /wp-cron.php?doing_wp_cron=1625241170.6972630023956298828125 HTTP/1.1" 200 5548 "https://angelsonhighstreet.com/wp-cron.php?doing_wp_cron=1625241170.6972630023956298828125" "WordPress/5.7.2; https://angelsonhighstreet.com"
54.36.148.18 - - [02/Jul/2021:11:52:50 -0400] "GET /product-category/oils?product_view=list&product_count=48&product_order=asc&product_orderby=date HTTP/1.1" 200 20757 "-" "Mozilla/5.0 (compatible; AhrefsBot/7.0; +http://ahrefs.com/robot/)"
204.48.19.85 - - [02/Jul/2021:11:54:33 -0400] "POST /wp-cron.php?doing_wp_cron=1625241273.3615770339965820312500 HTTP/1.1" 200 5548 "https://angelsonhighstreet.com/wp-cron.php?doing_wp_cron=1625241273.3615770339965820312500" "WordPress/5.7.2; https://angelsonhighstreet.com"
66.249.66.35 - - [02/Jul/2021:11:54:33 -0400] "GET /product-category/oils?product_orderby=popularity&product_view=list HTTP/1.1" 200 20763 "-" "Mozilla/5.0 (Linux; Android 6.0.1; Nexus 5X Build/MMB29P) AppleWebKit/537.36 (KHTML, like Gecko) Chrome/91.0.4472.90 Mobile Safari/537.36 (compatible; Googlebot/2.1; +http://www.google.com/bot.html)"
66.249.66.41 - - [02/Jul/2021:11:54:36 -0400] "GET /wp-content/plugins/age-gate/public/js/age-gate-public-hooks.js?ver=2.15.0 HTTP/1.1" 200 7857 "https://angelsonhighstreet.com/product-category/oils?product_orderby=popularity&product_view=list" "Mozilla/5.0 (Linux; Android 6.0.1; Nexus 5X Build/MMB29P) AppleWebKit/537.36 (KHTML, like Gecko) Chrome/91.0.4472.90 Mobile Safari/537.36 (compatible; Googlebot/2.1; +http://www.google.com/bot.html)"
66.249.66.41 - - [02/Jul/2021:11:54:36 -0400] "GET /wp-content/uploads/fusion-scripts/27d829c5db6e6643472e29fcdf503374.min.js?ver=3.2.1 HTTP/1.1" 200 119697 "https://angelsonhighstreet.com/product-category/oils?product_orderby=popularity&product_view=list" "Mozilla/5.0 (Linux; Android 6.0.1; Nexus 5X Build/MMB29P) AppleWebKit/537.36 (KHTML, like Gecko) Chrome/91.0.4472.90 Mobile Safari/537.36 (compatible; Googlebot/2.1; +http://www.google.com/bot.html)"
66.249.66.35 - - [02/Jul/2021:11:54:37 -0400] "POST /?wc-ajax=get_refreshed_fragments HTTP/1.1" 200 874 "https://angelsonhighstreet.com/product-category/oils?product_orderby=popularity&product_view=list" "Mozilla/5.0 (Linux; Android 6.0.1; Nexus 5X Build/MMB29P) AppleWebKit/537.36 (KHTML, like Gecko) Chrome/91.0.4472.90 Mobile Safari/537.36 (compatible; Googlebot/2.1; +http://www.google.com/bot.html)"
204.48.19.85 - - [02/Jul/2021:11:56:59 -0400] "POST /wp-cron.php?doing_wp_cron=1625241419.1061251163482666015625 HTTP/1.1" 200 5548 "https://angelsonhighstreet.com/wp-cron.php?doing_wp_cron=1625241419.1061251163482666015625" "WordPress/5.7.2; https://angelsonhighstreet.com"
54.36.149.18 - - [02/Jul/2021:11:56:58 -0400] "GET /product-category/oils?product_orderby=default&product_order=asc&product_count=16&product_view=list HTTP/1.1" 200 20761 "-" "Mozilla/5.0 (compatible; AhrefsBot/7.0; +http://ahrefs.com/robot/)"
204.48.19.85 - - [02/Jul/2021:11:58:39 -0400] "POST /wp-cron.php?doing_wp_cron=1625241519.7787768840789794921875 HTTP/1.1" 200 5548 "https://angelsonhighstreet.com/wp-cron.php?doing_wp_cron=1625241519.7787768840789794921875" "WordPress/5.7.2; https://angelsonhighstreet.com"
66.249.66.35 - - [02/Jul/2021:11:58:39 -0400] "GET /product-category/oils?product_orderby=popularity&product_view=grid HTTP/1.1" 200 20486 "-" "Mozilla/5.0 (Linux; Android 6.0.1; Nexus 5X Build/MMB29P) AppleWebKit/537.36 (KHTML, like Gecko) Chrome/91.0.4472.90 Mobile Safari/537.36 (compatible; Googlebot/2.1; +http://www.google.com/bot.html)"
66.249.66.35 - - [02/Jul/2021:11:58:43 -0400] "POST /?wc-ajax=get_refreshed_fragments HTTP/1.1" 200 874 "https://angelsonhighstreet.com/product-category/oils?product_orderby=popularity&product_view=grid" "Mozilla/5.0 (Linux; Android 6.0.1; Nexus 5X Build/MMB29P) AppleWebKit/537.36 (KHTML, like Gecko) Chrome/91.0.4472.90 Mobile Safari/537.36 (compatible; Googlebot/2.1; +http://www.google.com/bot.html)"
204.48.19.85 - - [02/Jul/2021:12:00:58 -0400] "POST /wp-cron.php?doing_wp_cron=1625241658.0541551113128662109375 HTTP/1.1" 200 5548 "https://angelsonhighstreet.com/wp-cron.php?doing_wp_cron=1625241658.0541551113128662109375" "WordPress/5.7.2; https://angelsonhighstreet.com"
54.36.149.85 - - [02/Jul/2021:12:00:57 -0400] "GET /product-category/oils?product_orderby=popularity&product_order=desc&product_count=32&product_view=list HTTP/1.1" 200 20728 "-" "Mozilla/5.0 (compatible; AhrefsBot/7.0; +http://ahrefs.com/robot/)"
204.48.19.85 - - [02/Jul/2021:12:04:53 -0400] "POST /wp-cron.php?doing_wp_cron=1625241893.1999449729919433593750 HTTP/1.1" 200 5548 "https://angelsonhighstreet.com/wp-cron.php?doing_wp_cron=1625241893.1999449729919433593750" "WordPress/5.7.2; https://angelsonhighstreet.com"
54.36.148.68 - - [02/Jul/2021:12:04:53 -0400] "GET /product-category/oils?product_orderby=date&product_order=desc&product_count=48&product_view=list HTTP/1.1" 200 20744 "-" "Mozilla/5.0 (compatible; AhrefsBot/7.0; +http://ahrefs.com/robot/)"
204.48.19.85 - - [02/Jul/2021:12:06:49 -0400] "POST /wp-cron.php?doing_wp_cron=1625242009.1796290874481201171875 HTTP/1.1" 200 5548 "https://angelsonhighstreet.com/wp-cron.php?doing_wp_cron=1625242009.1796290874481201171875" "WordPress/5.7.2; https://angelsonhighstreet.com"
66.249.66.41 - - [02/Jul/2021:12:06:49 -0400] "GET /product-category/oils?product_orderby=default&product_view=list HTTP/1.1" 200 20729 "-" "Mozilla/5.0 (Linux; Android 6.0.1; Nexus 5X Build/MMB29P) AppleWebKit/537.36 (KHTML, like Gecko) Chrome/91.0.4472.90 Mobile Safari/537.36 (compatible; Googlebot/2.1; +http://www.google.com/bot.html)"
204.48.19.85 - - [02/Jul/2021:12:08:48 -0400] "POST /wp-cron.php?doing_wp_cron=1625242128.8192679882049560546875 HTTP/1.1" 200 5548 "https://angelsonhighstreet.com/wp-cron.php?doing_wp_cron=1625242128.8192679882049560546875" "WordPress/5.7.2; https://angelsonhighstreet.com"
54.36.149.18 - - [02/Jul/2021:12:08:48 -0400] "GET /product-category/oils?product_orderby=rating&product_order=desc&product_count=32&product_view=list HTTP/1.1" 200 20733 "-" "Mozilla/5.0 (compatible; AhrefsBot/7.0; +http://ahrefs.com/robot/)"
204.48.19.85 - - [02/Jul/2021:12:12:39 -0400] "POST /wp-cron.php?doing_wp_cron=1625242359.9107079505920410156250 HTTP/1.1" 200 5548 "https://angelsonhighstreet.com/wp-cron.php?doing_wp_cron=1625242359.9107079505920410156250" "WordPress/5.7.2; https://angelsonhighstreet.com"
54.36.148.7 - - [02/Jul/2021:12:12:39 -0400] "GET /product-category/oils?product_orderby=popularity&product_order=desc&product_count=32&product_view=grid HTTP/1.1" 200 20491 "-" "Mozilla/5.0 (compatible; AhrefsBot/7.0; +http://ahrefs.com/robot/)"
204.48.19.85 - - [02/Jul/2021:12:14:37 -0400] "POST /wp-cron.php?doing_wp_cron=1625242477.4140748977661132812500 HTTP/1.1" 200 5548 "https://angelsonhighstreet.com/wp-cron.php?doing_wp_cron=1625242477.4140748977661132812500" "WordPress/5.7.2; https://angelsonhighstreet.com"
66.249.66.35 - - [02/Jul/2021:12:14:37 -0400] "GET /product-category/oils?product_count=16&product_view=grid&product_order=asc HTTP/1.1" 200 20424 "-" "Mozilla/5.0 (Linux; Android 6.0.1; Nexus 5X Build/MMB29P) AppleWebKit/537.36 (KHTML, like Gecko) Chrome/91.0.4472.90 Mobile Safari/537.36 (compatible; Googlebot/2.1; +http://www.google.com/bot.html)"
66.249.66.35 - - [02/Jul/2021:12:14:42 -0400] "POST /?wc-ajax=get_refreshed_fragments HTTP/1.1" 200 6099 "https://angelsonhighstreet.com/product-category/oils?product_count=16&product_view=grid&product_order=asc" "Mozilla/5.0 (Linux; Android 6.0.1; Nexus 5X Build/MMB29P) AppleWebKit/537.36 (KHTML, like Gecko) Chrome/91.0.4472.90 Mobile Safari/537.36 (compatible; Googlebot/2.1; +http://www.google.com/bot.html)"
204.48.19.85 - - [02/Jul/2021:12:16:23 -0400] "POST /wp-cron.php?doing_wp_cron=1625242583.5280048847198486328125 HTTP/1.1" 200 5548 "https://angelsonhighstreet.com/wp-cron.php?doing_wp_cron=1625242583.5280048847198486328125" "WordPress/5.7.2; https://angelsonhighstreet.com"
54.36.149.18 - - [02/Jul/2021:12:16:23 -0400] "GET /product-category/oils?product_view=list&product_count=48&product_order=asc&product_orderby=price HTTP/1.1" 200 20760 "-" "Mozilla/5.0 (compatible; AhrefsBot/7.0; +http://ahrefs.com/robot/)"
204.48.19.85 - - [02/Jul/2021:12:18:05 -0400] "POST /wp-cron.php?doing_wp_cron=1625242685.8271980285644531250000 HTTP/1.1" 200 5548 "https://angelsonhighstreet.com/wp-cron.php?doing_wp_cron=1625242685.8271980285644531250000" "WordPress/5.7.2; https://angelsonhighstreet.com"
132.145.48.174 - - [02/Jul/2021:12:18:05 -0400] "POST /wp-login.php HTTP/1.1" 200 8134 "-" "Mozilla/5.0 (Windows NT 6.3; WOW64) AppleWebKit/537.36 (KHTML, like Gecko) Chrome/47.0.2526.106 Safari/537.36"
204.48.19.85 - - [02/Jul/2021:12:20:05 -0400] "POST /wp-cron.php?doing_wp_cron=1625242805.9016029834747314453125 HTTP/1.1" 200 5548 "https://angelsonhighstreet.com/wp-cron.php?doing_wp_cron=1625242805.9016029834747314453125" "WordPress/5.7.2; https://angelsonhighstreet.com"
54.36.148.241 - - [02/Jul/2021:12:20:05 -0400] "GET /product-category/oils?product_view=list&product_count=48&product_order=asc&product_orderby=rating HTTP/1.1" 200 20760 "-" "Mozilla/5.0 (compatible; AhrefsBot/7.0; +http://ahrefs.com/robot/)"
202.189.180.66 - - [02/Jul/2021:12:20:45 -0400] "POST /wp-login.php HTTP/1.1" 200 8132 "-" "Mozilla/5.0 (Windows NT 6.1; WOW64) AppleWebKit/537.36 (KHTML, like Gecko) Chrome/47.0.2526.111 Safari/537.36 MVisionPlayer/1.0.0.0"
204.48.19.85 - - [02/Jul/2021:12:23:53 -0400] "POST /wp-cron.php?doing_wp_cron=1625243033.8799109458923339843750 HTTP/1.1" 200 5548 "https://angelsonhighstreet.com/wp-cron.php?doing_wp_cron=1625243033.8799109458923339843750" "WordPress/5.7.2; https://angelsonhighstreet.com"
54.36.148.252 - - [02/Jul/2021:12:23:53 -0400] "GET /product-category/oils?product_view=list&product_count=48&product_order=asc&product_orderby=name HTTP/1.1" 200 20727 "-" "Mozilla/5.0 (compatible; AhrefsBot/7.0; +http://ahrefs.com/robot/)"
204.48.19.85 - - [02/Jul/2021:12:26:34 -0400] "POST /wp-cron.php?doing_wp_cron=1625243194.9216470718383789062500 HTTP/1.1" 200 5548 "https://angelsonhighstreet.com/wp-cron.php?doing_wp_cron=1625243194.9216470718383789062500" "WordPress/5.7.2; https://angelsonhighstreet.com"
139.59.118.238 - - [02/Jul/2021:12:26:34 -0400] "POST /wp-login.php HTTP/1.1" 200 8134 "-" "Mozilla/5.0 (Windows NT 10.0; Win64; x64) AppleWebKit/537.36 (KHTML, like Gecko) Chrome/78.0.3904.70 Safari/537.36"
204.48.19.85 - - [02/Jul/2021:12:27:33 -0400] "POST /wp-cron.php?doing_wp_cron=1625243253.8239340782165527343750 HTTP/1.1" 200 5548 "https://angelsonhighstreet.com/wp-cron.php?doing_wp_cron=1625243253.8239340782165527343750" "WordPress/5.7.2; https://angelsonhighstreet.com"
66.249.66.38 - - [02/Jul/2021:12:27:33 -0400] "GET /product-category/oils?product_count=32&product_view=grid&product_order=asc HTTP/1.1" 200 20455 "-" "Mozilla/5.0 (Linux; Android 6.0.1; Nexus 5X Build/MMB29P) AppleWebKit/537.36 (KHTML, like Gecko) Chrome/91.0.4472.90 Mobile Safari/537.36 (compatible; Googlebot/2.1; +http://www.google.com/bot.html)"
54.36.149.19 - - [02/Jul/2021:12:27:37 -0400] "GET /product-category/oils?product_view=list&product_count=48&product_order=asc&product_orderby=popularity HTTP/1.1" 200 20755 "-" "Mozilla/5.0 (compatible; AhrefsBot/7.0; +http://ahrefs.com/robot/)"
204.48.19.85 - - [02/Jul/2021:12:31:16 -0400] "POST /wp-cron.php?doing_wp_cron=1625243476.2766149044036865234375 HTTP/1.1" 200 5548 "https://angelsonhighstreet.com/wp-cron.php?doing_wp_cron=1625243476.2766149044036865234375" "WordPress/5.7.2; https://angelsonhighstreet.com"
54.36.149.18 - - [02/Jul/2021:12:31:16 -0400] "GET /product-category/oils?product_orderby=rating&product_order=desc&product_count=32&product_view=grid HTTP/1.1" 200 20442 "-" "Mozilla/5.0 (compatible; AhrefsBot/7.0; +http://ahrefs.com/robot/)"
204.48.19.85 - - [02/Jul/2021:12:35:00 -0400] "POST /wp-cron.php?doing_wp_cron=1625243700.9667479991912841796875 HTTP/1.1" 200 5548 "https://angelsonhighstreet.com/wp-cron.php?doing_wp_cron=1625243700.9667479991912841796875" "WordPress/5.7.2; https://angelsonhighstreet.com"
54.36.149.18 - - [02/Jul/2021:12:35:00 -0400] "GET /product-category/oils?product_orderby=name&product_order=asc&product_count=32&product_view=grid HTTP/1.1" 200 20456 "-" "Mozilla/5.0 (compatible; AhrefsBot/7.0; +http://ahrefs.com/robot/)"
204.48.19.85 - - [02/Jul/2021:12:38:43 -0400] "POST /wp-cron.php?doing_wp_cron=1625243923.6752839088439941406250 HTTP/1.1" 200 5548 "https://angelsonhighstreet.com/wp-cron.php?doing_wp_cron=1625243923.6752839088439941406250" "WordPress/5.7.2; https://angelsonhighstreet.com"
54.36.149.18 - - [02/Jul/2021:12:38:43 -0400] "GET /product-category/oils?product_orderby=default&product_order=asc&product_count=48&product_view=list HTTP/1.1" 200 20717 "-" "Mozilla/5.0 (compatible; AhrefsBot/7.0; +http://ahrefs.com/robot/)"
204.48.19.85 - - [02/Jul/2021:12:42:34 -0400] "POST /wp-cron.php?doing_wp_cron=1625244154.5078480243682861328125 HTTP/1.1" 200 5548 "https://angelsonhighstreet.com/wp-cron.php?doing_wp_cron=1625244154.5078480243682861328125" "WordPress/5.7.2; https://angelsonhighstreet.com"
54.36.149.18 - - [02/Jul/2021:12:42:34 -0400] "GET /product-category/oils?product_order=asc&product_count=32&product_orderby=default HTTP/1.1" 200 20450 "-" "Mozilla/5.0 (compatible; AhrefsBot/7.0; +http://ahrefs.com/robot/)"
204.48.19.85 - - [02/Jul/2021:12:46:14 -0400] "POST /wp-cron.php?doing_wp_cron=1625244374.3127319812774658203125 HTTP/1.1" 200 5548 "https://angelsonhighstreet.com/wp-cron.php?doing_wp_cron=1625244374.3127319812774658203125" "WordPress/5.7.2; https://angelsonhighstreet.com"
54.36.149.18 - - [02/Jul/2021:12:46:14 -0400] "GET /product-category/oils?product_orderby=popularity&product_order=desc&product_count=16&product_view=list HTTP/1.1" 200 20740 "-" "Mozilla/5.0 (compatible; AhrefsBot/7.0; +http://ahrefs.com/robot/)"
174.198.16.89 - - [02/Jul/2021:12:46:38 -0400] "GET / HTTP/1.1" 200 25350 "https://www.google.com/" "Mozilla/5.0 (Linux; Android 10; SM-A025V) AppleWebKit/537.36 (KHTML, like Gecko) Chrome/87.0.4280.101 Mobile Safari/537.36"
174.198.16.89 - - [02/Jul/2021:12:46:39 -0400] "GET /wp-content/plugins/woocommerce/packages/woocommerce-blocks/build/vendors-style.css?ver=4.9.1 HTTP/1.1" 200 1477 "https://angelsonhighstreet.com/" "Mozilla/5.0 (Linux; Android 10; SM-A025V) AppleWebKit/537.36 (KHTML, like Gecko) Chrome/87.0.4280.101 Mobile Safari/537.36"
174.198.16.89 - - [02/Jul/2021:12:46:39 -0400] "GET /wp-content/plugins/age-gate/public/css/age-gate-public.css?ver=2.15.0 HTTP/1.1" 200 2377 "https://angelsonhighstreet.com/" "Mozilla/5.0 (Linux; Android 10; SM-A025V) AppleWebKit/537.36 (KHTML, like Gecko) Chrome/87.0.4280.101 Mobile Safari/537.36"
174.198.16.89 - - [02/Jul/2021:12:46:39 -0400] "GET /wp-content/plugins/woocommerce/packages/woocommerce-blocks/build/style.css?ver=4.9.1 HTTP/1.1" 200 19628 "https://angelsonhighstreet.com/" "Mozilla/5.0 (Linux; Android 10; SM-A025V) AppleWebKit/537.36 (KHTML, like Gecko) Chrome/87.0.4280.101 Mobile Safari/537.36"
174.198.16.89 - - [02/Jul/2021:12:46:39 -0400] "GET /wp-content/plugins/age-gate/public/css/age-gate-custom.css?ver=2.15.0 HTTP/1.1" 200 1033 "https://angelsonhighstreet.com/" "Mozilla/5.0 (Linux; Android 10; SM-A025V) AppleWebKit/537.36 (KHTML, like Gecko) Chrome/87.0.4280.101 Mobile Safari/537.36"
174.198.16.89 - - [02/Jul/2021:12:46:39 -0400] "GET /wp-content/plugins/revslider/public/assets/css/rs6.css?ver=6.3.3 HTTP/1.1" 200 18437 "https://angelsonhighstreet.com/" "Mozilla/5.0 (Linux; Android 10; SM-A025V) AppleWebKit/537.36 (KHTML, like Gecko) Chrome/87.0.4280.101 Mobile Safari/537.36"
174.198.16.89 - - [02/Jul/2021:12:46:39 -0400] "GET /wp-content/plugins/woocommerce-square/assets/css/frontend/wc-square-cart-checkout-blocks.min.css?ver=2.5.1 HTTP/1.1" 200 6571 "https://angelsonhighstreet.com/" "Mozilla/5.0 (Linux; Android 10; SM-A025V) AppleWebKit/537.36 (KHTML, like Gecko) Chrome/87.0.4280.101 Mobile Safari/537.36"
174.198.16.89 - - [02/Jul/2021:12:46:39 -0400] "GET /wp-includes/css/dist/block-library/style.min.css?ver=5.7.2 HTTP/1.1" 200 9173 "https://angelsonhighstreet.com/" "Mozilla/5.0 (Linux; Android 10; SM-A025V) AppleWebKit/537.36 (KHTML, like Gecko) Chrome/87.0.4280.101 Mobile Safari/537.36"
174.198.16.89 - - [02/Jul/2021:12:46:39 -0400] "GET /wp-includes/css/dist/block-library/theme.min.css?ver=5.7.2 HTTP/1.1" 200 1169 "https://angelsonhighstreet.com/" "Mozilla/5.0 (Linux; Android 10; SM-A025V) AppleWebKit/537.36 (KHTML, like Gecko) Chrome/87.0.4280.101 Mobile Safari/537.36"
174.198.16.89 - - [02/Jul/2021:12:46:39 -0400] "GET /wp-content/plugins/wp-optin-wheel/public/css/public.min.css?ver=1.3.2 HTTP/1.1" 200 2546 "https://angelsonhighstreet.com/" "Mozilla/5.0 (Linux; Android 10; SM-A025V) AppleWebKit/537.36 (KHTML, like Gecko) Chrome/87.0.4280.101 Mobile Safari/537.36"
174.198.16.89 - - [02/Jul/2021:12:46:39 -0400] "GET /wp-content/plugins/wp-optin-wheel/public/css/theme-green.css?ver=1.3.2 HTTP/1.1" 200 617 "https://angelsonhighstreet.com/" "Mozilla/5.0 (Linux; Android 10; SM-A025V) AppleWebKit/537.36 (KHTML, like Gecko) Chrome/87.0.4280.101 Mobile Safari/537.36"
174.198.16.89 - - [02/Jul/2021:12:46:39 -0400] "GET /wp-content/plugins/age-gate/public/js/age-gate-public-hooks.js?ver=2.15.0 HTTP/1.1" 200 2632 "https://angelsonhighstreet.com/" "Mozilla/5.0 (Linux; Android 10; SM-A025V) AppleWebKit/537.36 (KHTML, like Gecko) Chrome/87.0.4280.101 Mobile Safari/537.36"
174.198.16.89 - - [02/Jul/2021:12:46:39 -0400] "GET /wp-includes/js/jquery/jquery.min.js?ver=3.5.1 HTTP/1.1" 200 31463 "https://angelsonhighstreet.com/" "Mozilla/5.0 (Linux; Android 10; SM-A025V) AppleWebKit/537.36 (KHTML, like Gecko) Chrome/87.0.4280.101 Mobile Safari/537.36"
174.198.16.89 - - [02/Jul/2021:12:46:39 -0400] "GET /wp-includes/js/jquery/jquery-migrate.min.js?ver=3.3.2 HTTP/1.1" 200 4649 "https://angelsonhighstreet.com/" "Mozilla/5.0 (Linux; Android 10; SM-A025V) AppleWebKit/537.36 (KHTML, like Gecko) Chrome/87.0.4280.101 Mobile Safari/537.36"
174.198.16.89 - - [02/Jul/2021:12:46:39 -0400] "GET /wp-content/plugins/wp-optin-wheel/public/js/public.min.js?ver=1.3.2 HTTP/1.1" 200 3754 "https://angelsonhighstreet.com/" "Mozilla/5.0 (Linux; Android 10; SM-A025V) AppleWebKit/537.36 (KHTML, like Gecko) Chrome/87.0.4280.101 Mobile Safari/537.36"
174.198.16.89 - - [02/Jul/2021:12:46:39 -0400] "GET /wp-content/plugins/google-analytics-dashboard-for-wp/assets/js/frontend-gtag.min.js?ver=6.7.0 HTTP/1.1" 200 3280 "https://angelsonhighstreet.com/" "Mozilla/5.0 (Linux; Android 10; SM-A025V) AppleWebKit/537.36 (KHTML, like Gecko) Chrome/87.0.4280.101 Mobile Safari/537.36"
174.198.16.89 - - [02/Jul/2021:12:46:39 -0400] "GET /wp-content/plugins/age-gate/public/js/age-gate-public.js?ver=2.15.0 HTTP/1.1" 200 6737 "https://angelsonhighstreet.com/" "Mozilla/5.0 (Linux; Android 10; SM-A025V) AppleWebKit/537.36 (KHTML, like Gecko) Chrome/87.0.4280.101 Mobile Safari/537.36"
174.198.16.89 - - [02/Jul/2021:12:46:39 -0400] "GET /wp-content/uploads/fusion-styles/15e6b0b5e48de1d64664be89b4d4bc7c.min.css?ver=3.2.1 HTTP/1.1" 200 155368 "https://angelsonhighstreet.com/" "Mozilla/5.0 (Linux; Android 10; SM-A025V) AppleWebKit/537.36 (KHTML, like Gecko) Chrome/87.0.4280.101 Mobile Safari/537.36"
174.198.16.89 - - [02/Jul/2021:12:46:39 -0400] "GET /wp-content/plugins/age-gate/public/js/age-gate-public-tab.js?ver=2.15.0 HTTP/1.1" 200 869 "https://angelsonhighstreet.com/" "Mozilla/5.0 (Linux; Android 10; SM-A025V) AppleWebKit/537.36 (KHTML, like Gecko) Chrome/87.0.4280.101 Mobile Safari/537.36"
174.198.16.89 - - [02/Jul/2021:12:46:39 -0400] "GET /wp-content/plugins/age-gate/public/js/age-gate-shortcode.js?ver=2.15.0 HTTP/1.1" 200 2732 "https://angelsonhighstreet.com/" "Mozilla/5.0 (Linux; Android 10; SM-A025V) AppleWebKit/537.36 (KHTML, like Gecko) Chrome/87.0.4280.101 Mobile Safari/537.36"
174.198.16.89 - - [02/Jul/2021:12:46:39 -0400] "GET /wp-includes/js/dist/vendor/wp-polyfill.min.js?ver=7.4.4 HTTP/1.1" 200 34810 "https://angelsonhighstreet.com/" "Mozilla/5.0 (Linux; Android 10; SM-A025V) AppleWebKit/537.36 (KHTML, like Gecko) Chrome/87.0.4280.101 Mobile Safari/537.36"
174.198.16.89 - - [02/Jul/2021:12:46:39 -0400] "GET /wp-content/plugins/contact-form-7/includes/js/index.js?ver=5.4.1 HTTP/1.1" 200 4484 "https://angelsonhighstreet.com/" "Mozilla/5.0 (Linux; Android 10; SM-A025V) AppleWebKit/537.36 (KHTML, like Gecko) Chrome/87.0.4280.101 Mobile Safari/537.36"
174.198.16.89 - - [02/Jul/2021:12:46:39 -0400] "GET /wp-content/plugins/woocommerce/assets/js/jquery-blockui/jquery.blockUI.min.js?ver=2.70 HTTP/1.1" 200 3961 "https://angelsonhighstreet.com/" "Mozilla/5.0 (Linux; Android 10; SM-A025V) AppleWebKit/537.36 (KHTML, like Gecko) Chrome/87.0.4280.101 Mobile Safari/537.36"
174.198.16.89 - - [02/Jul/2021:12:46:39 -0400] "GET /wp-content/plugins/woocommerce/assets/js/js-cookie/js.cookie.min.js?ver=2.1.4 HTTP/1.1" 200 1417 "https://angelsonhighstreet.com/" "Mozilla/5.0 (Linux; Android 10; SM-A025V) AppleWebKit/537.36 (KHTML, like Gecko) Chrome/87.0.4280.101 Mobile Safari/537.36"
174.198.16.89 - - [02/Jul/2021:12:46:39 -0400] "GET /wp-content/plugins/woocommerce/assets/js/frontend/add-to-cart.min.js?ver=5.3.0 HTTP/1.1" 200 1522 "https://angelsonhighstreet.com/" "Mozilla/5.0 (Linux; Android 10; SM-A025V) AppleWebKit/537.36 (KHTML, like Gecko) Chrome/87.0.4280.101 Mobile Safari/537.36"
174.198.16.89 - - [02/Jul/2021:12:46:39 -0400] "GET /wp-content/plugins/woocommerce/assets/js/frontend/woocommerce.min.js?ver=5.3.0 HTTP/1.1" 200 1222 "https://angelsonhighstreet.com/" "Mozilla/5.0 (Linux; Android 10; SM-A025V) AppleWebKit/537.36 (KHTML, like Gecko) Chrome/87.0.4280.101 Mobile Safari/537.36"
174.198.16.89 - - [02/Jul/2021:12:46:39 -0400] "GET /wp-includes/js/wp-embed.min.js?ver=5.7.2 HTTP/1.1" 200 1200 "https://angelsonhighstreet.com/" "Mozilla/5.0 (Linux; Android 10; SM-A025V) AppleWebKit/537.36 (KHTML, like Gecko) Chrome/87.0.4280.101 Mobile Safari/537.36"
174.198.16.89 - - [02/Jul/2021:12:46:39 -0400] "GET /wp-content/plugins/woocommerce/assets/js/frontend/cart-fragments.min.js?ver=5.3.0 HTTP/1.1" 200 1475 "https://angelsonhighstreet.com/" "Mozilla/5.0 (Linux; Android 10; SM-A025V) AppleWebKit/537.36 (KHTML, like Gecko) Chrome/87.0.4280.101 Mobile Safari/537.36"
174.198.16.89 - - [02/Jul/2021:12:46:39 -0400] "GET /wp-content/uploads/fusion-scripts/250c2b9f76b9189f0607771277c32ada.min.js?ver=3.2.1 HTTP/1.1" 200 122595 "https://angelsonhighstreet.com/" "Mozilla/5.0 (Linux; Android 10; SM-A025V) AppleWebKit/537.36 (KHTML, like Gecko) Chrome/87.0.4280.101 Mobile Safari/537.36"
204.48.19.85 - - [02/Jul/2021:12:50:01 -0400] "POST /wp-cron.php?doing_wp_cron=1625244601.7785310745239257812500 HTTP/1.1" 200 5548 "https://angelsonhighstreet.com/wp-cron.php?doing_wp_cron=1625244601.7785310745239257812500" "WordPress/5.7.2; https://angelsonhighstreet.com"
54.36.148.108 - - [02/Jul/2021:12:50:01 -0400] "GET /product-category/oils?product_orderby=default&product_order=asc&product_count=32&product_view=grid HTTP/1.1" 200 20478 "-" "Mozilla/5.0 (compatible; AhrefsBot/7.0; +http://ahrefs.com/robot/)"
204.48.19.85 - - [02/Jul/2021:12:53:40 -0400] "POST /wp-cron.php?doing_wp_cron=1625244820.3760008811950683593750 HTTP/1.1" 200 5548 "https://angelsonhighstreet.com/wp-cron.php?doing_wp_cron=1625244820.3760008811950683593750" "WordPress/5.7.2; https://angelsonhighstreet.com"
185.191.171.24 - - [02/Jul/2021:12:53:40 -0400] "GET /robots.txt HTTP/1.1" 200 5752 "-" "Mozilla/5.0 (compatible; SemrushBot/7~bl; +http://www.semrush.com/bot.html)"
185.191.171.8 - - [02/Jul/2021:12:53:41 -0400] "GET /product-category/oils?product_count=48 HTTP/1.1" 200 20396 "-" "Mozilla/5.0 (compatible; SemrushBot/7~bl; +http://www.semrush.com/bot.html)"
204.48.19.85 - - [02/Jul/2021:12:54:01 -0400] "POST /wp-cron.php?doing_wp_cron=1625244841.2943909168243408203125 HTTP/1.1" 200 5548 "https://angelsonhighstreet.com/wp-cron.php?doing_wp_cron=1625244841.2943909168243408203125" "WordPress/5.7.2; https://angelsonhighstreet.com"
54.36.148.228 - - [02/Jul/2021:12:54:01 -0400] "GET /product-category/salves?product_view=list&product_order=desc&product_count=16 HTTP/1.1" 200 20562 "-" "Mozilla/5.0 (compatible; AhrefsBot/7.0; +http://ahrefs.com/robot/)"
204.48.19.85 - - [02/Jul/2021:12:57:45 -0400] "POST /wp-cron.php?doing_wp_cron=1625245065.3483300209045410156250 HTTP/1.1" 200 5548 "https://angelsonhighstreet.com/wp-cron.php?doing_wp_cron=1625245065.3483300209045410156250" "WordPress/5.7.2; https://angelsonhighstreet.com"
54.36.148.76 - - [02/Jul/2021:12:57:45 -0400] "GET /product-category/salves?product_view=list&product_order=desc&product_count=32 HTTP/1.1" 200 20828 "-" "Mozilla/5.0 (compatible; AhrefsBot/7.0; +http://ahrefs.com/robot/)"
204.48.19.85 - - [02/Jul/2021:13:01:25 -0400] "POST /wp-cron.php?doing_wp_cron=1625245285.6114420890808105468750 HTTP/1.1" 200 5548 "https://angelsonhighstreet.com/wp-cron.php?doing_wp_cron=1625245285.6114420890808105468750" "WordPress/5.7.2; https://angelsonhighstreet.com"
54.36.148.132 - - [02/Jul/2021:13:01:25 -0400] "GET /product-category/salves?product_view=list&product_order=desc&product_count=48 HTTP/1.1" 200 20565 "-" "Mozilla/5.0 (compatible; AhrefsBot/7.0; +http://ahrefs.com/robot/)"
185.220.101.146 - - [02/Jul/2021:13:03:51 -0400] "GET /?feed=comments-rss2 HTTP/1.1" 301 577 "" "Mozilla/5.0 (Windows; U; Windows NT 5.1; en-US; rv:1.8.1.4) Gecko/20070515 Firefox/2.0.0.4"
204.48.19.85 - - [02/Jul/2021:13:03:52 -0400] "POST /wp-cron.php?doing_wp_cron=1625245432.5884010791778564453125 HTTP/1.1" 200 5548 "https://angelsonhighstreet.com/wp-cron.php?doing_wp_cron=1625245432.5884010791778564453125" "WordPress/5.7.2; https://angelsonhighstreet.com"
199.249.230.140 - - [02/Jul/2021:13:03:52 -0400] "GET /?feed=comments-rss2 HTTP/1.1" 301 4946 "" "Mozilla/5.0 (Windows; U; Windows NT 5.1; en-US; rv:1.8.1.4) Gecko/20070515 Firefox/2.0.0.4"
199.249.230.140 - - [02/Jul/2021:13:03:52 -0400] "GET /comments/feed HTTP/1.1" 200 13532 "" "Mozilla/5.0 (Windows; U; Windows NT 5.1; en-US; rv:1.8.1.4) Gecko/20070515 Firefox/2.0.0.4"
66.249.66.38 - - [02/Jul/2021:13:03:52 -0400] "GET /shop-full-width?product_orderby=price&product_count=16&product_order=asc HTTP/1.1" 200 21143 "-" "Mozilla/5.0 (Linux; Android 6.0.1; Nexus 5X Build/MMB29P) AppleWebKit/537.36 (KHTML, like Gecko) Chrome/91.0.4472.90 Mobile Safari/537.36 (compatible; Googlebot/2.1; +http://www.google.com/bot.html)"
204.48.19.85 - - [02/Jul/2021:13:05:15 -0400] "POST /wp-cron.php?doing_wp_cron=1625245515.6261820793151855468750 HTTP/1.1" 200 5548 "https://angelsonhighstreet.com/wp-cron.php?doing_wp_cron=1625245515.6261820793151855468750" "WordPress/5.7.2; https://angelsonhighstreet.com"
54.36.148.31 - - [02/Jul/2021:13:05:15 -0400] "GET /product-category/oils?product_orderby=default&product_order=asc&product_count=48&product_view=grid HTTP/1.1" 200 20450 "-" "Mozilla/5.0 (compatible; AhrefsBot/7.0; +http://ahrefs.com/robot/)"
204.48.19.85 - - [02/Jul/2021:13:07:23 -0400] "POST /wp-cron.php?doing_wp_cron=1625245643.0040440559387207031250 HTTP/1.1" 200 5548 "https://angelsonhighstreet.com/wp-cron.php?doing_wp_cron=1625245643.0040440559387207031250" "WordPress/5.7.2; https://angelsonhighstreet.com"
66.249.66.38 - - [02/Jul/2021:13:07:22 -0400] "GET /shop/cbg-salve-with-special-sauce-terpenes/feed HTTP/1.1" 200 7062 "-" "Mozilla/5.0 (Linux; Android 6.0.1; Nexus 5X Build/MMB29P) AppleWebKit/537.36 (KHTML, like Gecko) Chrome/91.0.4472.90 Mobile Safari/537.36 (compatible; Googlebot/2.1; +http://www.google.com/bot.html)"
188.130.137.203 - - [02/Jul/2021:13:07:28 -0400] "GET / HTTP/1.0" 301 558 "http://angelsonhighstreet.com" "Mozilla/5.0 (Windows NT 6.1) AppleWebKit/537.36 (KHTML, like Gecko) Chrome/50.0.2661.95 Safari/537.36 Core/1.50.1659.400 QQBrowser/9.5.9570.400"
188.130.137.203 - - [02/Jul/2021:13:07:29 -0400] "GET / HTTP/1.0" 200 24634 "http://angelsonhighstreet.com" "Mozilla/5.0 (Windows NT 6.1) AppleWebKit/537.36 (KHTML, like Gecko) Chrome/50.0.2661.95 Safari/537.36 Core/1.50.1659.400 QQBrowser/9.5.9570.400"
188.130.137.203 - - [02/Jul/2021:13:07:30 -0400] "GET /my-account HTTP/1.1" 200 20364 "https://angelsonhighstreet.com/" "Mozilla/5.0 (Windows NT 6.1) AppleWebKit/537.36 (KHTML, like Gecko) Chrome/50.0.2661.95 Safari/537.36 Core/1.50.1659.400 QQBrowser/9.5.9570.400"
188.130.137.203 - - [02/Jul/2021:13:07:31 -0400] "GET /affiliate-home/affiliate-register HTTP/1.1" 200 24535 "https://angelsonhighstreet.com/my-account" "Mozilla/5.0 (Windows NT 6.1) AppleWebKit/537.36 (KHTML, like Gecko) Chrome/50.0.2661.95 Safari/537.36 Core/1.50.1659.400 QQBrowser/9.5.9570.400"
188.130.137.203 - - [02/Jul/2021:13:07:40 -0400] "POST /affiliate-home/affiliate-register HTTP/1.1" 200 19850 "https://angelsonhighstreet.com/affiliate-home/affiliate-register" "Mozilla/5.0 (Windows NT 6.1) AppleWebKit/537.36 (KHTML, like Gecko) Chrome/50.0.2661.95 Safari/537.36 Core/1.50.1659.400 QQBrowser/9.5.9570.400"
204.48.19.85 - - [02/Jul/2021:13:09:04 -0400] "POST /wp-cron.php?doing_wp_cron=1625245744.6230590343475341796875 HTTP/1.1" 200 5548 "https://angelsonhighstreet.com/wp-cron.php?doing_wp_cron=1625245744.6230590343475341796875" "WordPress/5.7.2; https://angelsonhighstreet.com"
54.36.148.159 - - [02/Jul/2021:13:09:04 -0400] "GET /product-category/oils?product_orderby=price&product_order=asc&product_count=48&product_view=list HTTP/1.1" 200 20725 "-" "Mozilla/5.0 (compatible; AhrefsBot/7.0; +http://ahrefs.com/robot/)"
204.48.19.85 - - [02/Jul/2021:13:13:04 -0400] "POST /wp-cron.php?doing_wp_cron=1625245984.4065968990325927734375 HTTP/1.1" 200 5548 "https://angelsonhighstreet.com/wp-cron.php?doing_wp_cron=1625245984.4065968990325927734375" "WordPress/5.7.2; https://angelsonhighstreet.com"
54.36.148.78 - - [02/Jul/2021:13:13:04 -0400] "GET /product-category/oils?product_orderby=date&product_order=desc&product_count=48&product_view=grid HTTP/1.1" 200 20460 "-" "Mozilla/5.0 (compatible; AhrefsBot/7.0; +http://ahrefs.com/robot/)"
204.48.19.85 - - [02/Jul/2021:13:17:09 -0400] "POST /wp-cron.php?doing_wp_cron=1625246229.5059990882873535156250 HTTP/1.1" 200 5548 "https://angelsonhighstreet.com/wp-cron.php?doing_wp_cron=1625246229.5059990882873535156250" "WordPress/5.7.2; https://angelsonhighstreet.com"
54.36.148.59 - - [02/Jul/2021:13:17:09 -0400] "GET /product-category/oils?product_orderby=default&product_order=asc&product_count=32&product_view=list HTTP/1.1" 200 20736 "-" "Mozilla/5.0 (compatible; AhrefsBot/7.0; +http://ahrefs.com/robot/)"
204.48.19.85 - - [02/Jul/2021:13:21:03 -0400] "POST /wp-cron.php?doing_wp_cron=1625246463.9569220542907714843750 HTTP/1.1" 200 5548 "https://angelsonhighstreet.com/wp-cron.php?doing_wp_cron=1625246463.9569220542907714843750" "WordPress/5.7.2; https://angelsonhighstreet.com"
54.36.148.198 - - [02/Jul/2021:13:21:03 -0400] "GET /product-category/oils?product_orderby=popularity&product_order=desc&product_count=48&product_view=list HTTP/1.1" 200 20743 "-" "Mozilla/5.0 (compatible; AhrefsBot/7.0; +http://ahrefs.com/robot/)"
204.48.19.85 - - [02/Jul/2021:13:23:43 -0400] "POST /wp-cron.php?doing_wp_cron=1625246623.1052520275115966796875 HTTP/1.1" 200 5548 "https://angelsonhighstreet.com/wp-cron.php?doing_wp_cron=1625246623.1052520275115966796875" "WordPress/5.7.2; https://angelsonhighstreet.com"
66.249.66.41 - - [02/Jul/2021:13:23:42 -0400] "GET /shop-full-width?product_orderby=popularity&product_count=16&product_order=asc HTTP/1.1" 200 21149 "-" "Mozilla/5.0 (Linux; Android 6.0.1; Nexus 5X Build/MMB29P) AppleWebKit/537.36 (KHTML, like Gecko) Chrome/91.0.4472.90 Mobile Safari/537.36 (compatible; Googlebot/2.1; +http://www.google.com/bot.html)"
66.249.66.38 - - [02/Jul/2021:13:23:46 -0400] "GET /wp-content/plugins/revslider/public/assets/js/rs6.min.js?ver=6.3.3 HTTP/1.1" 200 91556 "https://angelsonhighstreet.com/shop-full-width?product_orderby=popularity&product_count=16&product_order=asc" "Mozilla/5.0 (Linux; Android 6.0.1; Nexus 5X Build/MMB29P) AppleWebKit/537.36 (KHTML, like Gecko) Chrome/91.0.4472.90 Mobile Safari/537.36 (compatible; Googlebot/2.1; +http://www.google.com/bot.html)"
204.48.19.85 - - [02/Jul/2021:13:24:46 -0400] "POST /wp-cron.php?doing_wp_cron=1625246686.7431249618530273437500 HTTP/1.1" 200 5548 "https://angelsonhighstreet.com/wp-cron.php?doing_wp_cron=1625246686.7431249618530273437500" "WordPress/5.7.2; https://angelsonhighstreet.com"
54.36.148.154 - - [02/Jul/2021:13:24:46 -0400] "GET /product-category/oils?product_orderby=name&product_order=desc&product_count=48&product_view=grid HTTP/1.1" 200 20438 "-" "Mozilla/5.0 (compatible; AhrefsBot/7.0; +http://ahrefs.com/robot/)"
204.48.19.85 - - [02/Jul/2021:13:26:41 -0400] "POST /wp-cron.php?doing_wp_cron=1625246801.5500140190124511718750 HTTP/1.1" 200 5548 "https://angelsonhighstreet.com/wp-cron.php?doing_wp_cron=1625246801.5500140190124511718750" "WordPress/5.7.2; https://angelsonhighstreet.com"
