204.48.19.85 - - [02/Jul/2021:22:54:20 -0400] "POST /wp-cron.php?doing_wp_cron=1625280860.7915880680084228515625 HTTP/1.1" 200 5548 "https://angelsonhighstreet.com/wp-cron.php?doing_wp_cron=1625280860.7915880680084228515625" "WordPress/5.7.2; https://angelsonhighstreet.com"
185.191.171.21 - - [02/Jul/2021:22:54:20 -0400] "GET /shop-full-width?product_count=32&product_order=desc&product_orderby=default&product_view=list HTTP/1.1" 200 21453 "-" "Mozilla/5.0 (compatible; SemrushBot/7~bl; +http://www.semrush.com/bot.html)"
204.48.19.85 - - [02/Jul/2021:22:56:36 -0400] "POST /wp-cron.php?doing_wp_cron=1625280996.8876540660858154296875 HTTP/1.1" 200 5548 "https://angelsonhighstreet.com/wp-cron.php?doing_wp_cron=1625280996.8876540660858154296875" "WordPress/5.7.2; https://angelsonhighstreet.com"
51.75.195.168 - - [02/Jul/2021:22:56:36 -0400] "GET /wp-login.php HTTP/1.1" 200 7305 "-" "Mozilla/5.0 (X11; Ubuntu; Linux x86_64; rv:62.0) Gecko/20100101 Firefox/62.0"
51.75.195.168 - - [02/Jul/2021:22:56:37 -0400] "POST /wp-login.php HTTP/1.1" 200 7430 "-" "Mozilla/5.0 (X11; Ubuntu; Linux x86_64; rv:62.0) Gecko/20100101 Firefox/62.0"
51.75.195.168 - - [02/Jul/2021:22:56:38 -0400] "GET /wp-login.php HTTP/1.1" 200 7305 "-" "Mozilla/5.0 (X11; Ubuntu; Linux x86_64; rv:62.0) Gecko/20100101 Firefox/62.0"
51.75.195.168 - - [02/Jul/2021:22:56:39 -0400] "POST /wp-login.php HTTP/1.1" 200 7432 "-" "Mozilla/5.0 (X11; Ubuntu; Linux x86_64; rv:62.0) Gecko/20100101 Firefox/62.0"
51.75.195.168 - - [02/Jul/2021:22:56:39 -0400] "POST /xmlrpc.php HTTP/1.1" 200 5050 "-" "Mozilla/5.0 (X11; Ubuntu; Linux x86_64; rv:62.0) Gecko/20100101 Firefox/62.0"
204.48.19.85 - - [02/Jul/2021:22:57:38 -0400] "POST /wp-cron.php?doing_wp_cron=1625281058.6954100131988525390625 HTTP/1.1" 200 5548 "https://angelsonhighstreet.com/wp-cron.php?doing_wp_cron=1625281058.6954100131988525390625" "WordPress/5.7.2; https://angelsonhighstreet.com"
193.112.16.121 - - [02/Jul/2021:22:57:38 -0400] "POST /wp-login.php HTTP/1.1" 200 8135 "-" "Mozilla/5.0 (Windows NT 6.3; WOW64) AppleWebKit/537.36 (KHTML, like Gecko) Chrome/46.0.2490.80 Safari/537.36"
204.48.19.85 - - [02/Jul/2021:22:59:49 -0400] "POST /wp-cron.php?doing_wp_cron=1625281189.0136370658874511718750 HTTP/1.1" 200 5548 "https://angelsonhighstreet.com/wp-cron.php?doing_wp_cron=1625281189.0136370658874511718750" "WordPress/5.7.2; https://angelsonhighstreet.com"
54.36.148.151 - - [02/Jul/2021:22:59:48 -0400] "GET /product-category/salves?product_count=32&product_view=list&product_order=desc&product_orderby=popularity HTTP/1.1" 200 20872 "-" "Mozilla/5.0 (compatible; AhrefsBot/7.0; +http://ahrefs.com/robot/)"
204.48.19.85 - - [02/Jul/2021:23:00:28 -0400] "POST /wp-cron.php?doing_wp_cron=1625281228.5014719963073730468750 HTTP/1.1" 200 5548 "https://angelsonhighstreet.com/wp-cron.php?doing_wp_cron=1625281228.5014719963073730468750" "WordPress/5.7.2; https://angelsonhighstreet.com"
207.46.13.161 - - [02/Jul/2021:23:00:28 -0400] "GET /shop-full-width?add-to-cart=19946&product_count=32 HTTP/1.1" 200 20745 "-" "Mozilla/5.0 (compatible; bingbot/2.0; +http://www.bing.com/bingbot.htm)"
204.48.19.85 - - [02/Jul/2021:23:02:15 -0400] "POST /wp-cron.php?doing_wp_cron=1625281335.8129730224609375000000 HTTP/1.1" 200 5548 "https://angelsonhighstreet.com/wp-cron.php?doing_wp_cron=1625281335.8129730224609375000000" "WordPress/5.7.2; https://angelsonhighstreet.com"
34.74.224.13 - - [02/Jul/2021:23:02:15 -0400] "GET /robots.txt HTTP/1.0" 200 5055 "-" "ZoominfoBot (zoominfobot at zoominfo dot com)"
34.74.224.13 - - [02/Jul/2021:23:02:16 -0400] "GET /comments/feed HTTP/1.0" 200 7979 "-" "ZoominfoBot (zoominfobot at zoominfo dot com)"
204.48.19.85 - - [02/Jul/2021:23:04:42 -0400] "POST /wp-cron.php?doing_wp_cron=1625281482.3939359188079833984375 HTTP/1.1" 200 5548 "https://angelsonhighstreet.com/wp-cron.php?doing_wp_cron=1625281482.3939359188079833984375" "WordPress/5.7.2; https://angelsonhighstreet.com"
34.74.224.13 - - [02/Jul/2021:23:04:42 -0400] "GET /shop/cbg-salve-with-hawiian-haze-terpenes HTTP/1.0" 200 24762 "-" "ZoominfoBot (zoominfobot at zoominfo dot com)"
204.48.19.85 - - [02/Jul/2021:23:08:22 -0400] "POST /wp-cron.php?doing_wp_cron=1625281702.7850589752197265625000 HTTP/1.1" 200 5548 "https://angelsonhighstreet.com/wp-cron.php?doing_wp_cron=1625281702.7850589752197265625000" "WordPress/5.7.2; https://angelsonhighstreet.com"
54.36.149.79 - - [02/Jul/2021:23:08:22 -0400] "GET /product-category/salves?product_orderby=popularity&product_count=48&product_order=asc HTTP/1.1" 200 20438 "-" "Mozilla/5.0 (compatible; AhrefsBot/7.0; +http://ahrefs.com/robot/)"
34.74.224.13 - - [02/Jul/2021:23:08:44 -0400] "GET /xmlrpc.php?rsd HTTP/1.0" 200 5137 "-" "ZoominfoBot (zoominfobot at zoominfo dot com)"
204.48.19.85 - - [02/Jul/2021:23:09:06 -0400] "POST /wp-cron.php?doing_wp_cron=1625281746.6315920352935791015625 HTTP/1.1" 200 5548 "https://angelsonhighstreet.com/wp-cron.php?doing_wp_cron=1625281746.6315920352935791015625" "WordPress/5.7.2; https://angelsonhighstreet.com"
34.74.224.13 - - [02/Jul/2021:23:09:06 -0400] "GET /cbd-oils HTTP/1.0" 200 19779 "-" "ZoominfoBot (zoominfobot at zoominfo dot com)"
204.48.19.85 - - [02/Jul/2021:23:15:36 -0400] "POST /wp-cron.php?doing_wp_cron=1625282136.6695940494537353515625 HTTP/1.1" 200 5548 "https://angelsonhighstreet.com/wp-cron.php?doing_wp_cron=1625282136.6695940494537353515625" "WordPress/5.7.2; https://angelsonhighstreet.com"
34.74.224.13 - - [02/Jul/2021:23:15:36 -0400] "GET /shop/700mg-15ml-cbd-oil HTTP/1.0" 200 23527 "-" "ZoominfoBot (zoominfobot at zoominfo dot com)"
204.48.19.85 - - [02/Jul/2021:23:16:40 -0400] "POST /wp-cron.php?doing_wp_cron=1625282200.6867210865020751953125 HTTP/1.1" 200 5548 "https://angelsonhighstreet.com/wp-cron.php?doing_wp_cron=1625282200.6867210865020751953125" "WordPress/5.7.2; https://angelsonhighstreet.com"
34.74.224.13 - - [02/Jul/2021:23:16:40 -0400] "GET /author/admin HTTP/1.0" 200 20397 "-" "ZoominfoBot (zoominfobot at zoominfo dot com)"
204.48.19.85 - - [02/Jul/2021:23:18:23 -0400] "POST /wp-cron.php?doing_wp_cron=1625282303.8064780235290527343750 HTTP/1.1" 200 5548 "https://angelsonhighstreet.com/wp-cron.php?doing_wp_cron=1625282303.8064780235290527343750" "WordPress/5.7.2; https://angelsonhighstreet.com"
54.36.149.13 - - [02/Jul/2021:23:18:23 -0400] "GET /product-category/oils?product_count=16&product_order=desc&product_orderby=default&product_view=grid HTTP/1.1" 200 20476 "-" "Mozilla/5.0 (compatible; AhrefsBot/7.0; +http://ahrefs.com/robot/)"
204.48.19.85 - - [02/Jul/2021:23:19:11 -0400] "POST /wp-cron.php?doing_wp_cron=1625282351.0677618980407714843750 HTTP/1.1" 200 5548 "https://angelsonhighstreet.com/wp-cron.php?doing_wp_cron=1625282351.0677618980407714843750" "WordPress/5.7.2; https://angelsonhighstreet.com"
40.77.167.104 - - [02/Jul/2021:23:19:10 -0400] "GET /cbd-oils?add-to-cart=18866 HTTP/1.1" 200 20110 "-" "Mozilla/5.0 (compatible; bingbot/2.0; +http://www.bing.com/bingbot.htm)"
204.48.19.85 - - [02/Jul/2021:23:21:08 -0400] "POST /wp-cron.php?doing_wp_cron=1625282468.9095489978790283203125 HTTP/1.1" 200 5548 "https://angelsonhighstreet.com/wp-cron.php?doing_wp_cron=1625282468.9095489978790283203125" "WordPress/5.7.2; https://angelsonhighstreet.com"
34.74.224.13 - - [02/Jul/2021:23:21:08 -0400] "GET /shop/2130mg-30ml-whole-plant-cbg-extract-oil HTTP/1.0" 200 24982 "-" "ZoominfoBot (zoominfobot at zoominfo dot com)"
204.48.19.85 - - [02/Jul/2021:23:21:50 -0400] "POST /wp-cron.php?doing_wp_cron=1625282509.9943840503692626953125 HTTP/1.1" 200 5548 "https://angelsonhighstreet.com/wp-cron.php?doing_wp_cron=1625282509.9943840503692626953125" "WordPress/5.7.2; https://angelsonhighstreet.com"
34.74.224.13 - - [02/Jul/2021:23:21:49 -0400] "GET /apparel HTTP/1.0" 200 18909 "-" "ZoominfoBot (zoominfobot at zoominfo dot com)"
204.48.19.85 - - [02/Jul/2021:23:22:35 -0400] "POST /wp-cron.php?doing_wp_cron=1625282555.2189860343933105468750 HTTP/1.1" 200 5548 "https://angelsonhighstreet.com/wp-cron.php?doing_wp_cron=1625282555.2189860343933105468750" "WordPress/5.7.2; https://angelsonhighstreet.com"
92.204.136.183 - - [02/Jul/2021:23:22:35 -0400] "GET /wp-login.php HTTP/1.1" 200 7305 "-" "Mozilla/5.0 (X11; Ubuntu; Linux x86_64; rv:62.0) Gecko/20100101 Firefox/62.0"
92.204.136.183 - - [02/Jul/2021:23:22:35 -0400] "POST /wp-login.php HTTP/1.1" 200 7430 "-" "Mozilla/5.0 (X11; Ubuntu; Linux x86_64; rv:62.0) Gecko/20100101 Firefox/62.0"
92.204.136.183 - - [02/Jul/2021:23:22:35 -0400] "GET /wp-login.php HTTP/1.1" 200 7305 "-" "Mozilla/5.0 (X11; Ubuntu; Linux x86_64; rv:62.0) Gecko/20100101 Firefox/62.0"
92.204.136.183 - - [02/Jul/2021:23:22:35 -0400] "POST /wp-login.php HTTP/1.1" 200 7409 "-" "Mozilla/5.0 (X11; Ubuntu; Linux x86_64; rv:62.0) Gecko/20100101 Firefox/62.0"
92.204.136.183 - - [02/Jul/2021:23:22:35 -0400] "POST /xmlrpc.php HTTP/1.1" 200 5050 "-" "Mozilla/5.0 (X11; Ubuntu; Linux x86_64; rv:62.0) Gecko/20100101 Firefox/62.0"
204.48.19.85 - - [02/Jul/2021:23:23:30 -0400] "POST /wp-cron.php?doing_wp_cron=1625282610.9509320259094238281250 HTTP/1.1" 200 5548 "https://angelsonhighstreet.com/wp-cron.php?doing_wp_cron=1625282610.9509320259094238281250" "WordPress/5.7.2; https://angelsonhighstreet.com"
162.241.29.157 - - [02/Jul/2021:23:23:30 -0400] "POST /wp-login.php HTTP/1.1" 200 8135 "-" "Mozilla/5.0 (Windows NT 10.0; Win64; x64) AppleWebKit/537.36 (KHTML, like Gecko) Chrome/73.0.3683.86 Safari/537.36"
204.48.19.85 - - [02/Jul/2021:23:26:20 -0400] "POST /wp-cron.php?doing_wp_cron=1625282780.0698239803314208984375 HTTP/1.1" 200 5548 "https://angelsonhighstreet.com/wp-cron.php?doing_wp_cron=1625282780.0698239803314208984375" "WordPress/5.7.2; https://angelsonhighstreet.com"
54.36.148.108 - - [02/Jul/2021:23:26:19 -0400] "GET /product-category/oils?product_count=16&product_order=desc&product_orderby=name&product_view=grid HTTP/1.1" 200 20486 "-" "Mozilla/5.0 (compatible; AhrefsBot/7.0; +http://ahrefs.com/robot/)"
204.48.19.85 - - [02/Jul/2021:23:29:00 -0400] "POST /wp-cron.php?doing_wp_cron=1625282940.0633649826049804687500 HTTP/1.1" 200 5548 "https://angelsonhighstreet.com/wp-cron.php?doing_wp_cron=1625282940.0633649826049804687500" "WordPress/5.7.2; https://angelsonhighstreet.com"
34.74.224.13 - - [02/Jul/2021:23:28:59 -0400] "GET /shop/cbg-salve-with-special-sauce-terpenes HTTP/1.0" 200 26364 "-" "ZoominfoBot (zoominfobot at zoominfo dot com)"
204.48.19.85 - - [02/Jul/2021:23:32:09 -0400] "POST /wp-cron.php?doing_wp_cron=1625283129.8029880523681640625000 HTTP/1.1" 200 5548 "https://angelsonhighstreet.com/wp-cron.php?doing_wp_cron=1625283129.8029880523681640625000" "WordPress/5.7.2; https://angelsonhighstreet.com"
51.15.27.8 - - [02/Jul/2021:23:32:09 -0400] "POST /wp-login.php HTTP/1.1" 200 8133 "-" "Mozilla/5.0 (Windows NT 6.1; WOW64) AppleWebKit/537.36 (KHTML, like Gecko) Chrome/41.0.2272.101 Safari/537.36"
34.74.224.13 - - [02/Jul/2021:23:32:22 -0400] "GET /shop/holy-grail-cbd-healing-salve-1-oz HTTP/1.0" 200 26856 "-" "ZoominfoBot (zoominfobot at zoominfo dot com)"
54.36.149.78 - - [02/Jul/2021:23:34:21 -0400] "GET /product-category/oils?product_count=16&product_order=desc&product_orderby=popularity&product_view=grid HTTP/1.1" 200 20436 "-" "Mozilla/5.0 (compatible; AhrefsBot/7.0; +http://ahrefs.com/robot/)"
204.48.19.85 - - [02/Jul/2021:23:34:21 -0400] "POST /wp-cron.php?doing_wp_cron=1625283261.2369461059570312500000 HTTP/1.1" 200 5548 "https://angelsonhighstreet.com/wp-cron.php?doing_wp_cron=1625283261.2369461059570312500000" "WordPress/5.7.2; https://angelsonhighstreet.com"
204.48.19.85 - - [02/Jul/2021:23:41:06 -0400] "POST /wp-cron.php?doing_wp_cron=1625283666.4760289192199707031250 HTTP/1.1" 200 5548 "https://angelsonhighstreet.com/wp-cron.php?doing_wp_cron=1625283666.4760289192199707031250" "WordPress/5.7.2; https://angelsonhighstreet.com"
34.74.224.13 - - [02/Jul/2021:23:41:06 -0400] "GET /contact-us HTTP/1.0" 200 19691 "-" "ZoominfoBot (zoominfobot at zoominfo dot com)"
204.48.19.85 - - [02/Jul/2021:23:42:08 -0400] "POST /wp-cron.php?doing_wp_cron=1625283728.4090530872344970703125 HTTP/1.1" 200 5548 "https://angelsonhighstreet.com/wp-cron.php?doing_wp_cron=1625283728.4090530872344970703125" "WordPress/5.7.2; https://angelsonhighstreet.com"
54.36.148.218 - - [02/Jul/2021:23:42:08 -0400] "GET /product-category/salves?product_count=32&product_view=grid&product_order=desc&product_orderby=price HTTP/1.1" 200 20657 "-" "Mozilla/5.0 (compatible; AhrefsBot/7.0; +http://ahrefs.com/robot/)"
204.48.19.85 - - [02/Jul/2021:23:43:21 -0400] "POST /wp-cron.php?doing_wp_cron=1625283801.6838951110839843750000 HTTP/1.1" 200 5548 "https://angelsonhighstreet.com/wp-cron.php?doing_wp_cron=1625283801.6838951110839843750000" "WordPress/5.7.2; https://angelsonhighstreet.com"
34.74.224.13 - - [02/Jul/2021:23:43:21 -0400] "GET /cbd-salves HTTP/1.0" 200 19854 "-" "ZoominfoBot (zoominfobot at zoominfo dot com)"
204.48.19.85 - - [02/Jul/2021:23:48:39 -0400] "POST /wp-cron.php?doing_wp_cron=1625284119.5063838958740234375000 HTTP/1.1" 200 5548 "https://angelsonhighstreet.com/wp-cron.php?doing_wp_cron=1625284119.5063838958740234375000" "WordPress/5.7.2; https://angelsonhighstreet.com"
103.132.124.120 - - [02/Jul/2021:23:48:39 -0400] "GET /wp-login.php HTTP/1.1" 200 7305 "-" "Mozilla/5.0 (X11; Ubuntu; Linux x86_64; rv:62.0) Gecko/20100101 Firefox/62.0"
103.132.124.120 - - [02/Jul/2021:23:48:40 -0400] "POST /wp-login.php HTTP/1.1" 200 7430 "-" "Mozilla/5.0 (X11; Ubuntu; Linux x86_64; rv:62.0) Gecko/20100101 Firefox/62.0"
103.132.124.120 - - [02/Jul/2021:23:48:42 -0400] "GET /wp-login.php HTTP/1.1" 200 7305 "-" "Mozilla/5.0 (X11; Ubuntu; Linux x86_64; rv:62.0) Gecko/20100101 Firefox/62.0"
103.132.124.120 - - [02/Jul/2021:23:48:43 -0400] "POST /wp-login.php HTTP/1.1" 200 7409 "-" "Mozilla/5.0 (X11; Ubuntu; Linux x86_64; rv:62.0) Gecko/20100101 Firefox/62.0"
103.132.124.120 - - [02/Jul/2021:23:48:45 -0400] "POST /xmlrpc.php HTTP/1.1" 200 5050 "-" "Mozilla/5.0 (X11; Ubuntu; Linux x86_64; rv:62.0) Gecko/20100101 Firefox/62.0"
204.48.19.85 - - [02/Jul/2021:23:49:50 -0400] "POST /wp-cron.php?doing_wp_cron=1625284190.0845029354095458984375 HTTP/1.1" 200 5548 "https://angelsonhighstreet.com/wp-cron.php?doing_wp_cron=1625284190.0845029354095458984375" "WordPress/5.7.2; https://angelsonhighstreet.com"
54.36.148.103 - - [02/Jul/2021:23:49:49 -0400] "GET /product-category/salves?product_count=32&product_view=grid&product_order=desc&product_orderby=default HTTP/1.1" 200 20679 "-" "Mozilla/5.0 (compatible; AhrefsBot/7.0; +http://ahrefs.com/robot/)"
34.74.224.13 - - [02/Jul/2021:23:49:51 -0400] "GET /shop/cbg-healing-salve-1-oz HTTP/1.0" 200 27279 "-" "ZoominfoBot (zoominfobot at zoominfo dot com)"
204.48.19.85 - - [02/Jul/2021:23:51:51 -0400] "POST /wp-cron.php?doing_wp_cron=1625284311.9822130203247070312500 HTTP/1.1" 200 5548 "https://angelsonhighstreet.com/wp-cron.php?doing_wp_cron=1625284311.9822130203247070312500" "WordPress/5.7.2; https://angelsonhighstreet.com"
34.74.224.13 - - [02/Jul/2021:23:51:51 -0400] "GET /shop/cbg-salve-with-lifter-terpenes HTTP/1.0" 200 27432 "-" "ZoominfoBot (zoominfobot at zoominfo dot com)"
204.48.19.85 - - [02/Jul/2021:23:53:17 -0400] "POST /wp-cron.php?doing_wp_cron=1625284397.1479270458221435546875 HTTP/1.1" 200 5548 "https://angelsonhighstreet.com/wp-cron.php?doing_wp_cron=1625284397.1479270458221435546875" "WordPress/5.7.2; https://angelsonhighstreet.com"
137.74.76.179 - - [02/Jul/2021:23:53:16 -0400] "GET /wp-content/themes/twentyfive/include.php HTTP/1.1" 404 18772 "-" "Mozilla/4.0 (compatible; MSIE 6.0; Windows NT 5.1; SV1)"
34.74.224.13 - - [02/Jul/2021:23:53:26 -0400] "GET /bath-bombs HTTP/1.0" 404 18658 "-" "ZoominfoBot (zoominfobot at zoominfo dot com)"
204.48.19.85 - - [02/Jul/2021:23:55:24 -0400] "POST /wp-cron.php?doing_wp_cron=1625284524.8318901062011718750000 HTTP/1.1" 200 5548 "https://angelsonhighstreet.com/wp-cron.php?doing_wp_cron=1625284524.8318901062011718750000" "WordPress/5.7.2; https://angelsonhighstreet.com"
34.74.224.13 - - [02/Jul/2021:23:55:22 -0400] "GET /shop-full-width HTTP/1.0" 200 20394 "-" "ZoominfoBot (zoominfobot at zoominfo dot com)"
122.116.248.74 - - [02/Jul/2021:23:55:53 -0400] "POST /wp-login.php HTTP/1.1" 200 8133 "-" "Mozilla/5.0 (Windows NT 6.1; Win64; x64) AppleWebKit/537.36 (KHTML, like Gecko) Chrome/55.0.2883.87 Safari/537.36"
82.165.85.25 - - [02/Jul/2021:23:56:35 -0400] "GET /wp-content/themes/plaintext/includes/custom-header.php HTTP/1.1" 301 647 "http://simplesite.com" "Mozilla/5.0 (Windows; U; Windows NT 5.1; en-US) AppleWebKit/533.4 (KHTML, like Gecko) Chrome/5.0.375.99 Safari/533.4"
204.48.19.85 - - [02/Jul/2021:23:56:36 -0400] "POST /wp-cron.php?doing_wp_cron=1625284596.0927059650421142578125 HTTP/1.1" 200 5548 "https://angelsonhighstreet.com/wp-cron.php?doing_wp_cron=1625284596.0927059650421142578125" "WordPress/5.7.2; https://angelsonhighstreet.com"
82.165.85.25 - - [02/Jul/2021:23:56:35 -0400] "GET /wp-content/themes/plaintext/includes/custom-header.php HTTP/1.1" 404 64890 "http://angelsonhighstreet.com/wp-content/themes/plaintext/includes/custom-header.php" "Mozilla/5.0 (Windows; U; Windows NT 5.1; en-US) AppleWebKit/533.4 (KHTML, like Gecko) Chrome/5.0.375.99 Safari/533.4"
204.48.19.85 - - [02/Jul/2021:23:57:32 -0400] "POST /wp-cron.php?doing_wp_cron=1625284652.2255380153656005859375 HTTP/1.1" 200 5548 "https://angelsonhighstreet.com/wp-cron.php?doing_wp_cron=1625284652.2255380153656005859375" "WordPress/5.7.2; https://angelsonhighstreet.com"
54.36.148.76 - - [02/Jul/2021:23:57:32 -0400] "GET /product-category/salves?product_count=32&product_view=grid&product_order=desc&product_orderby=name HTTP/1.1" 200 20680 "-" "Mozilla/5.0 (compatible; AhrefsBot/7.0; +http://ahrefs.com/robot/)"
