86.142.239.240 - - [12/Jul/2021:07:17:17 -0400] "GET /wp-content/uploads/2020/05/aohs_logo_transparent.png HTTP/1.1" 200 192298 "https://angelsonhighstreet.com/" "Mozilla/5.0 (Windows NT 10.0; Win64; x64) AppleWebKit/537.36 (KHTML, like Gecko) Chrome/91.0.4472.114 Safari/537.36"
104.131.85.183 - - [12/Jul/2021:07:17:18 -0400] "POST /wp-login.php HTTP/1.1" 200 8939 "-" "Mozilla/5.0 (Windows NT 10.0; WOW64) AppleWebKit/537.36 (KHTML, like Gecko) Chrome/47.0.2526.106 Safari/537.36"
86.142.239.240 - - [12/Jul/2021:07:17:20 -0400] "GET /contact-us HTTP/1.1" 200 15205 "https://angelsonhighstreet.com/" "Mozilla/5.0 (Windows NT 10.0; Win64; x64) AppleWebKit/537.36 (KHTML, like Gecko) Chrome/91.0.4472.114 Safari/537.36"
86.142.239.240 - - [12/Jul/2021:07:17:20 -0400] "GET /wp-content/uploads/fusion-styles/62d7ef591e1dfef8233dc4710a5beef1.min.css?ver=3.2.1 HTTP/1.1" 200 150099 "https://angelsonhighstreet.com/contact-us" "Mozilla/5.0 (Windows NT 10.0; Win64; x64) AppleWebKit/537.36 (KHTML, like Gecko) Chrome/91.0.4472.114 Safari/537.36"
86.142.239.240 - - [12/Jul/2021:07:17:20 -0400] "GET /wp-content/uploads/fusion-scripts/b932c5a735587f3ce2e90ae840f2b3f3.min.js?ver=3.2.1 HTTP/1.1" 200 96907 "https://angelsonhighstreet.com/contact-us" "Mozilla/5.0 (Windows NT 10.0; Win64; x64) AppleWebKit/537.36 (KHTML, like Gecko) Chrome/91.0.4472.114 Safari/537.36"
86.142.239.240 - - [12/Jul/2021:07:17:21 -0400] "GET /wp-content/uploads/2019/05/IMG_0405-500x710.jpg HTTP/1.1" 200 67615 "https://angelsonhighstreet.com/contact-us" "Mozilla/5.0 (Windows NT 10.0; Win64; x64) AppleWebKit/537.36 (KHTML, like Gecko) Chrome/91.0.4472.114 Safari/537.36"
86.142.239.240 - - [12/Jul/2021:07:17:22 -0400] "GET /wp-json/contact-form-7/v1/contact-forms/1254/refill HTTP/1.1" 200 643 "https://angelsonhighstreet.com/contact-us" "Mozilla/5.0 (Windows NT 10.0; Win64; x64) AppleWebKit/537.36 (KHTML, like Gecko) Chrome/91.0.4472.114 Safari/537.36"
204.48.19.85 - - [12/Jul/2021:07:18:32 -0400] "POST /wp-cron.php?doing_wp_cron=1626088712.8228890895843505859375 HTTP/1.1" 200 6350 "https://angelsonhighstreet.com/wp-cron.php?doing_wp_cron=1626088712.8228890895843505859375" "WordPress/5.7.2; https://angelsonhighstreet.com"
54.36.149.105 - - [12/Jul/2021:07:18:32 -0400] "GET /product-category/oils?product_order=desc&product_count=32&product_view=grid HTTP/1.1" 200 21236 "-" "Mozilla/5.0 (compatible; AhrefsBot/7.0; +http://ahrefs.com/robot/)"
204.48.19.85 - - [12/Jul/2021:07:20:33 -0400] "POST /wp-cron.php?doing_wp_cron=1626088833.6729409694671630859375 HTTP/1.1" 200 6350 "https://angelsonhighstreet.com/wp-cron.php?doing_wp_cron=1626088833.6729409694671630859375" "WordPress/5.7.2; https://angelsonhighstreet.com"
14.200.1.238 - - [12/Jul/2021:07:20:33 -0400] "GET /wp-login.php HTTP/1.1" 200 8108 "-" "Mozilla/5.0 (X11; Ubuntu; Linux x86_64; rv:62.0) Gecko/20100101 Firefox/62.0"
14.200.1.238 - - [12/Jul/2021:07:20:34 -0400] "POST /wp-login.php HTTP/1.1" 200 8236 "-" "Mozilla/5.0 (X11; Ubuntu; Linux x86_64; rv:62.0) Gecko/20100101 Firefox/62.0"
14.200.1.238 - - [12/Jul/2021:07:20:36 -0400] "GET /wp-login.php HTTP/1.1" 200 8108 "-" "Mozilla/5.0 (X11; Ubuntu; Linux x86_64; rv:62.0) Gecko/20100101 Firefox/62.0"
14.200.1.238 - - [12/Jul/2021:07:20:37 -0400] "POST /wp-login.php HTTP/1.1" 200 8215 "-" "Mozilla/5.0 (X11; Ubuntu; Linux x86_64; rv:62.0) Gecko/20100101 Firefox/62.0"
14.200.1.238 - - [12/Jul/2021:07:20:38 -0400] "POST /xmlrpc.php HTTP/1.1" 200 5852 "-" "Mozilla/5.0 (X11; Ubuntu; Linux x86_64; rv:62.0) Gecko/20100101 Firefox/62.0"
204.48.19.85 - - [12/Jul/2021:07:26:56 -0400] "POST /wp-cron.php?doing_wp_cron=1626089216.0222899913787841796875 HTTP/1.1" 200 6350 "https://angelsonhighstreet.com/wp-cron.php?doing_wp_cron=1626089216.0222899913787841796875" "WordPress/5.7.2; https://angelsonhighstreet.com"
146.59.197.109 - - [12/Jul/2021:07:26:55 -0400] "POST /wp-login.php HTTP/1.1" 200 8941 "-" "Mozilla/5.0 (Windows NT 6.3; Win64; x64) AppleWebKit/537.36 (KHTML, like Gecko) Chrome/68.0.3440.106 Safari/537.36"
204.48.19.85 - - [12/Jul/2021:07:28:31 -0400] "POST /wp-cron.php?doing_wp_cron=1626089311.7390339374542236328125 HTTP/1.1" 200 6350 "https://angelsonhighstreet.com/wp-cron.php?doing_wp_cron=1626089311.7390339374542236328125" "WordPress/5.7.2; https://angelsonhighstreet.com"
107.150.46.51 - - [12/Jul/2021:07:28:31 -0400] "GET /wp-login.php HTTP/1.1" 200 14174 "-" "Mozilla/5.0 (Windows NT 6.3; WOW64; Trident/7.0; rv:11.0) like Gecko"
107.150.46.51 - - [12/Jul/2021:07:28:31 -0400] "POST /wp-login.php HTTP/1.1" 200 9227 "-" "Mozilla/5.0 (Windows NT 6.3; WOW64; Trident/7.0; rv:11.0) like Gecko"
204.48.19.85 - - [12/Jul/2021:07:29:18 -0400] "POST /wp-cron.php?doing_wp_cron=1626089358.3919620513916015625000 HTTP/1.1" 200 6350 "https://angelsonhighstreet.com/wp-cron.php?doing_wp_cron=1626089358.3919620513916015625000" "WordPress/5.7.2; https://angelsonhighstreet.com"
54.36.148.161 - - [12/Jul/2021:07:29:18 -0400] "GET /product-category/oils?product_order=desc&product_count=48&product_view=grid HTTP/1.1" 200 21267 "-" "Mozilla/5.0 (compatible; AhrefsBot/7.0; +http://ahrefs.com/robot/)"
204.48.19.85 - - [12/Jul/2021:07:34:49 -0400] "POST /wp-cron.php?doing_wp_cron=1626089689.1656970977783203125000 HTTP/1.1" 200 6350 "https://angelsonhighstreet.com/wp-cron.php?doing_wp_cron=1626089689.1656970977783203125000" "WordPress/5.7.2; https://angelsonhighstreet.com"
157.55.39.124 - - [12/Jul/2021:07:34:49 -0400] "GET /about-us HTTP/1.1" 200 21202 "-" "Mozilla/5.0 (compatible; bingbot/2.0; +http://www.bing.com/bingbot.htm)"
157.55.39.166 - - [12/Jul/2021:07:35:05 -0400] "GET /wp-content/plugins/woocommerce/assets/js/frontend/cart-fragments.min.js?ver=5.3.0 HTTP/1.1" 200 7047 "-" "Mozilla/5.0 (compatible; bingbot/2.0; +http://www.bing.com/bingbot.htm)"
157.55.39.166 - - [12/Jul/2021:07:35:05 -0400] "GET /wp-content/plugins/woocommerce/assets/js/jquery-blockui/jquery.blockUI.min.js?ver=2.70 HTTP/1.1" 200 3982 "-" "Mozilla/5.0 (compatible; bingbot/2.0; +http://www.bing.com/bingbot.htm)"
157.55.39.166 - - [12/Jul/2021:07:35:05 -0400] "GET /wp-includes/js/dist/vendor/wp-polyfill.min.js?ver=7.4.4 HTTP/1.1" 200 34859 "-" "Mozilla/5.0 (compatible; bingbot/2.0; +http://www.bing.com/bingbot.htm)"
207.46.13.104 - - [12/Jul/2021:07:35:07 -0400] "GET /wp-content/plugins/age-gate/public/css/age-gate-public.css?ver=2.15.0 HTTP/1.1" 200 7373 "-" "Mozilla/5.0 (compatible; bingbot/2.0; +http://www.bing.com/bingbot.htm)"
157.55.39.48 - - [12/Jul/2021:07:35:08 -0400] "GET /wp-content/plugins/age-gate/public/js/age-gate-public.js?ver=2.15.0 HTTP/1.1" 200 12323 "-" "Mozilla/5.0 (compatible; bingbot/2.0; +http://www.bing.com/bingbot.htm)"
40.77.167.97 - - [12/Jul/2021:07:35:08 -0400] "GET /wp-content/plugins/woocommerce/packages/woocommerce-blocks/build/vendors-style.css?ver=4.9.1 HTTP/1.1" 200 7049 "-" "Mozilla/5.0 (compatible; bingbot/2.0; +http://www.bing.com/bingbot.htm)"
157.55.39.124 - - [12/Jul/2021:07:35:09 -0400] "GET /wp-content/plugins/age-gate/public/css/age-gate-custom.css?ver=2.15.0 HTTP/1.1" 200 6029 "-" "Mozilla/5.0 (compatible; bingbot/2.0; +http://www.bing.com/bingbot.htm)"
207.46.13.130 - - [12/Jul/2021:07:35:09 -0400] "GET /wp-content/plugins/revslider/public/assets/js/rbtools.min.js?ver=6.3.3 HTTP/1.1" 200 52318 "-" "Mozilla/5.0 (compatible; bingbot/2.0; +http://www.bing.com/bingbot.htm)"
207.46.13.95 - - [12/Jul/2021:07:35:10 -0400] "GET /wp-content/plugins/contact-form-7/includes/js/index.js?ver=5.4.1 HTTP/1.1" 200 10070 "-" "Mozilla/5.0 (compatible; bingbot/2.0; +http://www.bing.com/bingbot.htm)"
207.46.13.178 - - [12/Jul/2021:07:35:11 -0400] "GET /wp-content/plugins/age-gate/public/js/age-gate-public-tab.js?ver=2.15.0 HTTP/1.1" 200 6441 "-" "Mozilla/5.0 (compatible; bingbot/2.0; +http://www.bing.com/bingbot.htm)"
157.55.39.44 - - [12/Jul/2021:07:35:13 -0400] "GET /wp-content/plugins/wp-optin-wheel/public/js/public.min.js?ver=1.3.2 HTTP/1.1" 200 9340 "-" "Mozilla/5.0 (compatible; bingbot/2.0; +http://www.bing.com/bingbot.htm)"
207.46.13.21 - - [12/Jul/2021:07:35:14 -0400] "GET /wp-content/plugins/woocommerce-square/assets/css/frontend/wc-square-cart-checkout-blocks.min.css?ver=2.5.1 HTTP/1.1" 200 6871 "-" "Mozilla/5.0 (compatible; bingbot/2.0; +http://www.bing.com/bingbot.htm)"
207.46.13.21 - - [12/Jul/2021:07:35:14 -0400] "GET /wp-content/plugins/wp-optin-wheel/public/css/public.min.css?ver=1.3.2 HTTP/1.1" 200 2567 "-" "Mozilla/5.0 (compatible; bingbot/2.0; +http://www.bing.com/bingbot.htm)"
207.46.13.21 - - [12/Jul/2021:07:35:15 -0400] "GET /wp-includes/js/jquery/jquery-migrate.min.js?ver=3.3.2 HTTP/1.1" 200 4670 "-" "Mozilla/5.0 (compatible; bingbot/2.0; +http://www.bing.com/bingbot.htm)"
157.55.39.48 - - [12/Jul/2021:07:35:19 -0400] "GET /wp-content/plugins/revslider/public/assets/css/rs6.css?ver=6.3.3 HTTP/1.1" 200 18758 "-" "Mozilla/5.0 (compatible; bingbot/2.0; +http://www.bing.com/bingbot.htm)"
207.46.13.95 - - [12/Jul/2021:07:35:25 -0400] "GET /wp-content/plugins/woocommerce/assets/js/frontend/woocommerce.min.js?ver=5.3.0 HTTP/1.1" 200 6794 "-" "Mozilla/5.0 (compatible; bingbot/2.0; +http://www.bing.com/bingbot.htm)"
207.46.13.95 - - [12/Jul/2021:07:35:25 -0400] "GET /wp-content/uploads/fusion-scripts/b932c5a735587f3ce2e90ae840f2b3f3.min.js?ver=3.2.1 HTTP/1.1" 200 97110 "-" "Mozilla/5.0 (compatible; bingbot/2.0; +http://www.bing.com/bingbot.htm)"
207.46.13.95 - - [12/Jul/2021:07:35:25 -0400] "GET /wp-includes/css/dist/block-library/theme.min.css?ver=5.7.2 HTTP/1.1" 200 1176 "-" "Mozilla/5.0 (compatible; bingbot/2.0; +http://www.bing.com/bingbot.htm)"
207.46.13.95 - - [12/Jul/2021:07:35:25 -0400] "GET /wp-includes/js/wp-emoji-release.min.js?ver=5.7.2 HTTP/1.1" 200 5163 "-" "Mozilla/5.0 (compatible; bingbot/2.0; +http://www.bing.com/bingbot.htm)"
40.77.167.97 - - [12/Jul/2021:07:35:27 -0400] "GET /wp-includes/js/jquery/jquery.min.js?ver=3.5.1 HTTP/1.1" 200 37070 "-" "Mozilla/5.0 (compatible; bingbot/2.0; +http://www.bing.com/bingbot.htm)"
157.55.39.124 - - [12/Jul/2021:07:35:28 -0400] "GET /wp-content/plugins/age-gate/public/js/age-gate-public-hooks.js?ver=2.15.0 HTTP/1.1" 200 8218 "-" "Mozilla/5.0 (compatible; bingbot/2.0; +http://www.bing.com/bingbot.htm)"
207.46.13.104 - - [12/Jul/2021:07:35:29 -0400] "GET /wp-content/plugins/age-gate/public/js/age-gate-shortcode.js?ver=2.15.0 HTTP/1.1" 200 8318 "-" "Mozilla/5.0 (compatible; bingbot/2.0; +http://www.bing.com/bingbot.htm)"
207.46.13.104 - - [12/Jul/2021:07:35:29 -0400] "GET /wp-content/plugins/revslider/public/assets/js/rs6.min.js?ver=6.3.3 HTTP/1.1" 200 86520 "-" "Mozilla/5.0 (compatible; bingbot/2.0; +http://www.bing.com/bingbot.htm)"
207.46.13.104 - - [12/Jul/2021:07:35:29 -0400] "GET /wp-content/plugins/woocommerce/assets/js/js-cookie/js.cookie.min.js?ver=2.1.4 HTTP/1.1" 200 1424 "-" "Mozilla/5.0 (compatible; bingbot/2.0; +http://www.bing.com/bingbot.htm)"
157.55.39.44 - - [12/Jul/2021:07:35:32 -0400] "GET /wp-includes/js/wp-embed.min.js?ver=5.7.2 HTTP/1.1" 200 6772 "-" "Mozilla/5.0 (compatible; bingbot/2.0; +http://www.bing.com/bingbot.htm)"
207.46.13.178 - - [12/Jul/2021:07:35:35 -0400] "GET /wp-content/plugins/woocommerce/assets/js/frontend/add-to-cart.min.js?ver=5.3.0 HTTP/1.1" 200 7094 "-" "Mozilla/5.0 (compatible; bingbot/2.0; +http://www.bing.com/bingbot.htm)"
207.46.13.178 - - [12/Jul/2021:07:35:35 -0400] "GET /wp-content/plugins/woocommerce/packages/woocommerce-blocks/build/style.css?ver=4.9.1 HTTP/1.1" 200 19663 "-" "Mozilla/5.0 (compatible; bingbot/2.0; +http://www.bing.com/bingbot.htm)"
207.46.13.178 - - [12/Jul/2021:07:35:35 -0400] "GET /wp-content/plugins/wp-optin-wheel/public/css/theme-green.css?ver=1.3.2 HTTP/1.1" 200 624 "-" "Mozilla/5.0 (compatible; bingbot/2.0; +http://www.bing.com/bingbot.htm)"
207.46.13.178 - - [12/Jul/2021:07:35:35 -0400] "GET /wp-includes/css/dist/block-library/style.min.css?ver=5.7.2 HTTP/1.1" 200 9201 "-" "Mozilla/5.0 (compatible; bingbot/2.0; +http://www.bing.com/bingbot.htm)"
157.55.39.124 - - [12/Jul/2021:07:35:39 -0400] "GET /wp-content/uploads/fusion-styles/62d7ef591e1dfef8233dc4710a5beef1.min.css?ver=3.2.1 HTTP/1.1" 200 156035 "-" "Mozilla/5.0 (compatible; bingbot/2.0; +http://www.bing.com/bingbot.htm)"
204.48.19.85 - - [12/Jul/2021:07:39:31 -0400] "POST /wp-cron.php?doing_wp_cron=1626089971.6186389923095703125000 HTTP/1.1" 200 6350 "https://angelsonhighstreet.com/wp-cron.php?doing_wp_cron=1626089971.6186389923095703125000" "WordPress/5.7.2; https://angelsonhighstreet.com"
54.36.148.241 - - [12/Jul/2021:07:39:31 -0400] "GET /product-category/oils?product_view=list&product_count=16 HTTP/1.1" 200 21519 "-" "Mozilla/5.0 (compatible; AhrefsBot/7.0; +http://ahrefs.com/robot/)"
204.48.19.85 - - [12/Jul/2021:07:41:41 -0400] "POST /wp-cron.php?doing_wp_cron=1626090101.5320019721984863281250 HTTP/1.1" 200 6350 "https://angelsonhighstreet.com/wp-cron.php?doing_wp_cron=1626090101.5320019721984863281250" "WordPress/5.7.2; https://angelsonhighstreet.com"
139.99.45.136 - - [12/Jul/2021:07:41:41 -0400] "GET /wp-login.php HTTP/1.1" 200 8108 "-" "Mozilla/5.0 (X11; Ubuntu; Linux x86_64; rv:62.0) Gecko/20100101 Firefox/62.0"
139.99.45.136 - - [12/Jul/2021:07:41:42 -0400] "POST /wp-login.php HTTP/1.1" 200 8236 "-" "Mozilla/5.0 (X11; Ubuntu; Linux x86_64; rv:62.0) Gecko/20100101 Firefox/62.0"
139.99.45.136 - - [12/Jul/2021:07:41:43 -0400] "GET /wp-login.php HTTP/1.1" 200 8108 "-" "Mozilla/5.0 (X11; Ubuntu; Linux x86_64; rv:62.0) Gecko/20100101 Firefox/62.0"
139.99.45.136 - - [12/Jul/2021:07:41:44 -0400] "POST /wp-login.php HTTP/1.1" 200 8215 "-" "Mozilla/5.0 (X11; Ubuntu; Linux x86_64; rv:62.0) Gecko/20100101 Firefox/62.0"
139.99.45.136 - - [12/Jul/2021:07:41:45 -0400] "POST /xmlrpc.php HTTP/1.1" 200 5852 "-" "Mozilla/5.0 (X11; Ubuntu; Linux x86_64; rv:62.0) Gecko/20100101 Firefox/62.0"
204.48.19.85 - - [12/Jul/2021:07:47:30 -0400] "POST /wp-cron.php?doing_wp_cron=1626090450.7448070049285888671875 HTTP/1.1" 200 6350 "https://angelsonhighstreet.com/wp-cron.php?doing_wp_cron=1626090450.7448070049285888671875" "WordPress/5.7.2; https://angelsonhighstreet.com"
92.204.134.226 - - [12/Jul/2021:07:47:30 -0400] "POST /wp-login.php HTTP/1.1" 200 8939 "-" "Mozilla/5.0 (Windows NT 6.1; Win64; x64) AppleWebKit/537.36 (KHTML, like Gecko) Chrome/60.0.3112.113 Safari/537.36"
204.48.19.85 - - [12/Jul/2021:07:49:10 -0400] "POST /wp-cron.php?doing_wp_cron=1626090550.7510669231414794921875 HTTP/1.1" 200 6350 "https://angelsonhighstreet.com/wp-cron.php?doing_wp_cron=1626090550.7510669231414794921875" "WordPress/5.7.2; https://angelsonhighstreet.com"
54.36.148.190 - - [12/Jul/2021:07:49:10 -0400] "GET /product-category/salves?product_orderby=default&product_view=list HTTP/1.1" 200 21621 "-" "Mozilla/5.0 (compatible; AhrefsBot/7.0; +http://ahrefs.com/robot/)"
204.48.19.85 - - [12/Jul/2021:07:54:10 -0400] "POST /wp-cron.php?doing_wp_cron=1626090850.6188049316406250000000 HTTP/1.1" 200 6350 "https://angelsonhighstreet.com/wp-cron.php?doing_wp_cron=1626090850.6188049316406250000000" "WordPress/5.7.2; https://angelsonhighstreet.com"
63.141.251.236 - - [12/Jul/2021:07:54:10 -0400] "GET /wp-login.php HTTP/1.1" 200 14174 "-" "Mozilla/5.0 (Macintosh; Intel Mac OS X 10_8_5) AppleWebKit/537.77.4 (KHTML, like Gecko) Version/6.1.5 Safari/537.77.4"
63.141.251.236 - - [12/Jul/2021:07:54:10 -0400] "POST /wp-login.php HTTP/1.1" 200 9229 "-" "Mozilla/5.0 (Macintosh; Intel Mac OS X 10_8_5) AppleWebKit/537.77.4 (KHTML, like Gecko) Version/6.1.5 Safari/537.77.4"
204.48.19.85 - - [12/Jul/2021:07:57:17 -0400] "POST /wp-cron.php?doing_wp_cron=1626091037.8015089035034179687500 HTTP/1.1" 200 6350 "https://angelsonhighstreet.com/wp-cron.php?doing_wp_cron=1626091037.8015089035034179687500" "WordPress/5.7.2; https://angelsonhighstreet.com"
47.115.77.219 - - [12/Jul/2021:07:57:17 -0400] "POST /wp-login.php HTTP/1.1" 200 8941 "-" "Mozilla/5.0 (Windows NT 10.0; WOW64) AppleWebKit/537.36 (KHTML, like Gecko) Chrome/79.0.3945.130 Safari/537.36"
204.48.19.85 - - [12/Jul/2021:07:59:37 -0400] "POST /wp-cron.php?doing_wp_cron=1626091177.8762149810791015625000 HTTP/1.1" 200 6350 "https://angelsonhighstreet.com/wp-cron.php?doing_wp_cron=1626091177.8762149810791015625000" "WordPress/5.7.2; https://angelsonhighstreet.com"
54.36.148.86 - - [12/Jul/2021:07:59:37 -0400] "GET /product-category/salves?product_count=32&product_view=grid HTTP/1.1" 200 21216 "-" "Mozilla/5.0 (compatible; AhrefsBot/7.0; +http://ahrefs.com/robot/)"
104.155.119.227 - - [12/Jul/2021:08:02:42 -0400] "POST /wp-login.php HTTP/1.1" 200 8938 "-" "Mozilla/5.0 (Windows NT 6.1; Win64; x64) AppleWebKit/537.36 (KHTML, like Gecko) Chrome/60.0.3112.113 Safari/537.36"
52.13.17.105 - - [12/Jul/2021:08:02:44 -0400] "GET / HTTP/1.1" 200 115703 "-" "-"
204.48.19.85 - - [12/Jul/2021:08:02:42 -0400] "POST /wp-cron.php?doing_wp_cron=1626091362.4806098937988281250000 HTTP/1.1" 200 6350 "https://angelsonhighstreet.com/wp-cron.php?doing_wp_cron=1626091362.4806098937988281250000" "WordPress/5.7.2; https://angelsonhighstreet.com"
204.48.19.85 - - [12/Jul/2021:08:03:52 -0400] "POST /wp-cron.php?doing_wp_cron=1626091432.0592379570007324218750 HTTP/1.1" 200 6350 "https://angelsonhighstreet.com/wp-cron.php?doing_wp_cron=1626091432.0592379570007324218750" "WordPress/5.7.2; https://angelsonhighstreet.com"
167.71.218.191 - - [12/Jul/2021:08:03:51 -0400] "GET /wp-login.php HTTP/1.1" 200 8107 "-" "Mozilla/5.0 (X11; Ubuntu; Linux x86_64; rv:62.0) Gecko/20100101 Firefox/62.0"
167.71.218.191 - - [12/Jul/2021:08:03:53 -0400] "POST /wp-login.php HTTP/1.1" 200 8235 "-" "Mozilla/5.0 (X11; Ubuntu; Linux x86_64; rv:62.0) Gecko/20100101 Firefox/62.0"
167.71.218.191 - - [12/Jul/2021:08:03:54 -0400] "GET /wp-login.php HTTP/1.1" 200 8107 "-" "Mozilla/5.0 (X11; Ubuntu; Linux x86_64; rv:62.0) Gecko/20100101 Firefox/62.0"
167.71.218.191 - - [12/Jul/2021:08:03:56 -0400] "POST /wp-login.php HTTP/1.1" 200 8215 "-" "Mozilla/5.0 (X11; Ubuntu; Linux x86_64; rv:62.0) Gecko/20100101 Firefox/62.0"
204.48.19.85 - - [12/Jul/2021:08:03:57 -0400] "POST /wp-cron.php?doing_wp_cron=1626091437.3127210140228271484375 HTTP/1.1" 200 6350 "https://angelsonhighstreet.com/wp-cron.php?doing_wp_cron=1626091437.3127210140228271484375" "WordPress/5.7.2; https://angelsonhighstreet.com"
167.71.218.191 - - [12/Jul/2021:08:03:57 -0400] "POST /xmlrpc.php HTTP/1.1" 200 5852 "-" "Mozilla/5.0 (X11; Ubuntu; Linux x86_64; rv:62.0) Gecko/20100101 Firefox/62.0"
157.55.39.44 - - [12/Jul/2021:08:04:36 -0400] "GET /wp-sitemap-taxonomies-element_category-1.xml HTTP/1.1" 200 6115 "-" "Mozilla/5.0 (compatible; bingbot/2.0; +http://www.bing.com/bingbot.htm)"
40.77.190.174 - - [12/Jul/2021:08:06:07 -0400] "GET /wp-content/themes/Avada/includes/lib/assets/fonts/icomoon/icomoon.woff HTTP/1.1" 200 26914 "-" "Mozilla/5.0 (Windows NT 6.1; WOW64) AppleWebKit/534+ (KHTML, like Gecko) BingPreview/1.0b"
40.77.190.174 - - [12/Jul/2021:08:06:07 -0400] "GET /wp-content/uploads/fusion-gfonts/qkBIXvYC6trAT55ZBi1ueQVIjQTD-JqaE0lMZbLXGimS.woff HTTP/1.1" 200 20881 "-" "Mozilla/5.0 (Windows NT 6.1; WOW64) AppleWebKit/534+ (KHTML, like Gecko) BingPreview/1.0b"
40.77.190.174 - - [12/Jul/2021:08:06:07 -0400] "GET /wp-content/uploads/fusion-gfonts/qkBIXvYC6trAT55ZBi1ueQVIjQTDH52aE0lMZbLXGimS.woff HTTP/1.1" 200 20877 "-" "Mozilla/5.0 (Windows NT 6.1; WOW64) AppleWebKit/534+ (KHTML, like Gecko) BingPreview/1.0b"
40.77.190.174 - - [12/Jul/2021:08:06:07 -0400] "GET /wp-content/uploads/fusion-gfonts/JTURjIg1_i6t8kCHKm45_dJE3gnD-Px3rCs.woff HTTP/1.1" 200 23082 "-" "Mozilla/5.0 (Windows NT 6.1; WOW64) AppleWebKit/534+ (KHTML, like Gecko) BingPreview/1.0b"
40.77.190.174 - - [12/Jul/2021:08:06:07 -0400] "GET /wp-content/uploads/fusion-gfonts/qkBKXvYC6trAT7RQNNK2EG7SIwPWMNlCV3lIb7X1HgGQ0tQ.woff HTTP/1.1" 200 21129 "-" "Mozilla/5.0 (Windows NT 6.1; WOW64) AppleWebKit/534+ (KHTML, like Gecko) BingPreview/1.0b"
40.77.190.174 - - [12/Jul/2021:08:06:08 -0400] "GET /wp-content/uploads/fusion-gfonts/JTUSjIg1_i6t8kCHKm459WlhzSTh89Y.woff HTTP/1.1" 200 23186 "-" "Mozilla/5.0 (Windows NT 6.1; WOW64) AppleWebKit/534+ (KHTML, like Gecko) BingPreview/1.0b"
204.48.19.85 - - [12/Jul/2021:08:06:08 -0400] "POST /wp-cron.php?doing_wp_cron=1626091568.1840629577636718750000 HTTP/1.1" 200 6350 "https://angelsonhighstreet.com/wp-cron.php?doing_wp_cron=1626091568.1840629577636718750000" "WordPress/5.7.2; https://angelsonhighstreet.com"
40.77.190.174 - - [12/Jul/2021:08:06:08 -0400] "GET /?wc-ajax=get_refreshed_fragments HTTP/1.1" 200 6733 "-" "Mozilla/5.0 (Windows NT 6.1; WOW64) AppleWebKit/534+ (KHTML, like Gecko) BingPreview/1.0b"
204.48.19.85 - - [12/Jul/2021:08:10:25 -0400] "POST /wp-cron.php?doing_wp_cron=1626091825.9524068832397460937500 HTTP/1.1" 200 6350 "https://angelsonhighstreet.com/wp-cron.php?doing_wp_cron=1626091825.9524068832397460937500" "WordPress/5.7.2; https://angelsonhighstreet.com"
18.237.100.97 - - [12/Jul/2021:08:10:25 -0400] "GET / HTTP/1.1" 200 114423 "-" "-"
204.48.19.85 - - [12/Jul/2021:08:13:16 -0400] "POST /wp-cron.php?doing_wp_cron=1626091996.9559879302978515625000 HTTP/1.1" 200 6350 "https://angelsonhighstreet.com/wp-cron.php?doing_wp_cron=1626091996.9559879302978515625000" "WordPress/5.7.2; https://angelsonhighstreet.com"
54.198.171.238 - - [12/Jul/2021:08:13:16 -0400] "POST /wp-login.php HTTP/1.1" 200 8940 "-" "Mozilla/5.0 (Windows NT 10.0; WOW64) AppleWebKit/537.36 (KHTML, like Gecko) Chrome/56.0.2924.87 Safari/537.36"
204.48.19.85 - - [12/Jul/2021:08:19:06 -0400] "POST /wp-cron.php?doing_wp_cron=1626092346.4249999523162841796875 HTTP/1.1" 200 6350 "https://angelsonhighstreet.com/wp-cron.php?doing_wp_cron=1626092346.4249999523162841796875" "WordPress/5.7.2; https://angelsonhighstreet.com"
142.4.206.24 - - [12/Jul/2021:08:19:06 -0400] "POST /wp-login.php HTTP/1.1" 200 8938 "-" "Mozilla/5.0 (Windows NT 10.0; Win64; x64) AppleWebKit/537.36 (KHTML, like Gecko) Chrome/60.0.3112.101 Safari/537.36"
204.48.19.85 - - [12/Jul/2021:08:23:07 -0400] "POST /wp-cron.php?doing_wp_cron=1626092587.2672560214996337890625 HTTP/1.1" 200 6350 "https://angelsonhighstreet.com/wp-cron.php?doing_wp_cron=1626092587.2672560214996337890625" "WordPress/5.7.2; https://angelsonhighstreet.com"
107.150.52.194 - - [12/Jul/2021:08:23:07 -0400] "GET /wp-login.php HTTP/1.1" 200 14174 "-" "Mozilla/5.0 (Windows NT 6.3; WOW64) AppleWebKit/537.36 (KHTML, like Gecko) Chrome/36.0.1985.125 Safari/537.36"
107.150.52.194 - - [12/Jul/2021:08:23:07 -0400] "POST /wp-login.php HTTP/1.1" 200 9227 "-" "Mozilla/5.0 (Windows NT 6.3; WOW64) AppleWebKit/537.36 (KHTML, like Gecko) Chrome/36.0.1985.125 Safari/537.36"
204.48.19.85 - - [12/Jul/2021:08:24:36 -0400] "POST /wp-cron.php?doing_wp_cron=1626092676.3354790210723876953125 HTTP/1.1" 200 6350 "https://angelsonhighstreet.com/wp-cron.php?doing_wp_cron=1626092676.3354790210723876953125" "WordPress/5.7.2; https://angelsonhighstreet.com"
35.194.218.190 - - [12/Jul/2021:08:24:36 -0400] "GET /wp-login.php HTTP/1.1" 200 8107 "-" "Mozilla/5.0 (X11; Ubuntu; Linux x86_64; rv:62.0) Gecko/20100101 Firefox/62.0"
35.194.218.190 - - [12/Jul/2021:08:24:37 -0400] "POST /wp-login.php HTTP/1.1" 200 8235 "-" "Mozilla/5.0 (X11; Ubuntu; Linux x86_64; rv:62.0) Gecko/20100101 Firefox/62.0"
35.194.218.190 - - [12/Jul/2021:08:24:38 -0400] "GET /wp-login.php HTTP/1.1" 200 8107 "-" "Mozilla/5.0 (X11; Ubuntu; Linux x86_64; rv:62.0) Gecko/20100101 Firefox/62.0"
35.194.218.190 - - [12/Jul/2021:08:24:38 -0400] "POST /wp-login.php HTTP/1.1" 200 8215 "-" "Mozilla/5.0 (X11; Ubuntu; Linux x86_64; rv:62.0) Gecko/20100101 Firefox/62.0"
35.194.218.190 - - [12/Jul/2021:08:24:39 -0400] "POST /xmlrpc.php HTTP/1.1" 200 5852 "-" "Mozilla/5.0 (X11; Ubuntu; Linux x86_64; rv:62.0) Gecko/20100101 Firefox/62.0"
204.48.19.85 - - [12/Jul/2021:08:25:42 -0400] "POST /wp-cron.php?doing_wp_cron=1626092742.9234108924865722656250 HTTP/1.1" 200 6350 "https://angelsonhighstreet.com/wp-cron.php?doing_wp_cron=1626092742.9234108924865722656250" "WordPress/5.7.2; https://angelsonhighstreet.com"
207.46.13.104 - - [12/Jul/2021:08:25:42 -0400] "GET /wp-sitemap.xml HTTP/1.1" 200 6160 "-" "Mozilla/5.0 (compatible; bingbot/2.0; +http://www.bing.com/bingbot.htm)"
204.48.19.85 - - [12/Jul/2021:08:29:15 -0400] "POST /wp-cron.php?doing_wp_cron=1626092955.4326210021972656250000 HTTP/1.1" 200 6350 "https://angelsonhighstreet.com/wp-cron.php?doing_wp_cron=1626092955.4326210021972656250000" "WordPress/5.7.2; https://angelsonhighstreet.com"
91.134.248.192 - - [12/Jul/2021:08:29:15 -0400] "POST /wp-login.php HTTP/1.1" 200 8940 "-" "Mozilla/5.0 (Windows NT 6.3; Win64; x64) AppleWebKit/537.36 (KHTML, like Gecko) Chrome/57.0.2987.133 Safari/537.36"
204.48.19.85 - - [12/Jul/2021:08:35:16 -0400] "POST /wp-cron.php?doing_wp_cron=1626093316.2530870437622070312500 HTTP/1.1" 200 6350 "https://angelsonhighstreet.com/wp-cron.php?doing_wp_cron=1626093316.2530870437622070312500" "WordPress/5.7.2; https://angelsonhighstreet.com"
193.19.240.121 - - [12/Jul/2021:08:35:16 -0400] "POST /wp-login.php HTTP/1.1" 200 8938 "-" "Mozilla/5.0 (Windows NT 6.1) AppleWebKit/537.36 (KHTML, like Gecko) Chrome/80.0.3987.149 Safari/537.36"
204.48.19.85 - - [12/Jul/2021:08:36:25 -0400] "POST /wp-cron.php?doing_wp_cron=1626093385.5885629653930664062500 HTTP/1.1" 200 6350 "https://angelsonhighstreet.com/wp-cron.php?doing_wp_cron=1626093385.5885629653930664062500" "WordPress/5.7.2; https://angelsonhighstreet.com"
172.241.161.235 - - [12/Jul/2021:08:36:23 -0400] "GET / HTTP/1.1" 200 25841 "-" "Mozilla/5.0 (Windows NT 10.0; Win64; x64) AppleWebKit/537.36 (KHTML, like Gecko) Chrome/91.0.4472.77 Safari/537.36"
172.241.161.235 - - [12/Jul/2021:08:36:26 -0400] "GET /robots.txt HTTP/1.1" 200 509 "-" "Go-http-client/1.1"
172.241.161.235 - - [12/Jul/2021:08:36:26 -0400] "GET /robots.txt HTTP/1.1" 200 509 "-" "Go-http-client/1.1"
172.241.161.235 - - [12/Jul/2021:08:36:26 -0400] "GET /robots.txt HTTP/1.1" 200 6535 "-" "Go-http-client/1.1"
172.241.161.235 - - [12/Jul/2021:08:36:26 -0400] "GET /affiliate-home HTTP/1.1" 200 20903 "-" "Mozilla/5.0 (X11; Linux x86_64) AppleWebKit/537.36 (KHTML, like Gecko) Chrome/91.0.4472.77 Safari/537.36"
172.241.161.235 - - [12/Jul/2021:08:36:26 -0400] "GET /about-us HTTP/1.1" 200 15567 "-" "Mozilla/5.0 (Windows NT 6.1; Win64; x64; rv:88.0) Gecko/20100101 Firefox/88.0"
172.241.161.235 - - [12/Jul/2021:08:36:26 -0400] "GET /shop-full-width HTTP/1.1" 200 21879 "-" "Mozilla/5.0 (X11; Linux x86_64) AppleWebKit/537.36 (KHTML, like Gecko) Chrome/89.0.4389.90 Safari/537.36"
172.241.161.235 - - [12/Jul/2021:08:36:27 -0400] "GET /apparel HTTP/1.1" 200 14367 "-" "Mozilla/5.0 (Windows NT 10.0; rv:88.0) Gecko/20100101 Firefox/88.0"
172.241.161.235 - - [12/Jul/2021:08:36:27 -0400] "GET /contact-us HTTP/1.1" 200 15167 "-" "Mozilla/5.0 (Windows NT 6.1; WOW64) AppleWebKit/537.36 (KHTML, like Gecko) Chrome/89.0.4389.90 Safari/537.36"
172.241.161.235 - - [12/Jul/2021:08:36:27 -0400] "GET /cbd-salves HTTP/1.1" 200 21592 "-" "Mozilla/5.0 (Windows NT 5.1; rv:89.0) Gecko/20100101 Firefox/89.0"
172.241.161.235 - - [12/Jul/2021:08:36:28 -0400] "GET /cbd-oils HTTP/1.1" 200 15398 "-" "Mozilla/5.0 (Windows NT 5.1) AppleWebKit/537.36 (KHTML, like Gecko) Chrome/89.0.4389.90 Safari/537.36"
172.241.161.235 - - [12/Jul/2021:08:36:29 -0400] "GET /my-account HTTP/1.1" 200 21775 "-" "Mozilla/5.0 (Macintosh; Intel Mac OS X 10_15; rv:88.0) Gecko/20100101 Firefox/88.0"
172.241.161.235 - - [12/Jul/2021:08:36:29 -0400] "GET /what-is-cbd HTTP/1.1" 200 21993 "-" "Mozilla/5.0 (Windows NT 5.1; rv:89.0) Gecko/20100101 Firefox/89.0"
172.241.161.235 - - [12/Jul/2021:08:36:31 -0400] "GET /wp-content/uploads/2020/05/aohs_logo_transparent.png HTTP/1.1" 200 192262 "-" "Go-http-client/1.1"
204.48.19.85 - - [12/Jul/2021:08:40:11 -0400] "POST /wp-cron.php?doing_wp_cron=1626093611.9305880069732666015625 HTTP/1.1" 200 6350 "https://angelsonhighstreet.com/wp-cron.php?doing_wp_cron=1626093611.9305880069732666015625" "WordPress/5.7.2; https://angelsonhighstreet.com"
185.191.34.215 - - [12/Jul/2021:08:40:11 -0400] "POST /logs/error.php HTTP/1.1" 404 20487 "-" "Mozilla/5.0 (Windows NT 10.0; Win64; x64; rv:66.0) Gecko/20100101 Firefox/66.0"
204.48.19.85 - - [12/Jul/2021:08:44:09 -0400] "POST /wp-cron.php?doing_wp_cron=1626093849.6574220657348632812500 HTTP/1.1" 200 6350 "https://angelsonhighstreet.com/wp-cron.php?doing_wp_cron=1626093849.6574220657348632812500" "WordPress/5.7.2; https://angelsonhighstreet.com"
54.36.148.84 - - [12/Jul/2021:08:44:08 -0400] "GET /product-category/salves?product_orderby=name&product_view=grid HTTP/1.1" 200 21442 "-" "Mozilla/5.0 (compatible; AhrefsBot/7.0; +http://ahrefs.com/robot/)"
204.48.19.85 - - [12/Jul/2021:08:45:15 -0400] "POST /wp-cron.php?doing_wp_cron=1626093915.0448839664459228515625 HTTP/1.1" 200 6350 "https://angelsonhighstreet.com/wp-cron.php?doing_wp_cron=1626093915.0448839664459228515625" "WordPress/5.7.2; https://angelsonhighstreet.com"
35.185.20.113 - - [12/Jul/2021:08:45:14 -0400] "POST /wp-login.php HTTP/1.1" 200 8940 "-" "Mozilla/5.0 (Windows NT 6.1; WOW64) AppleWebKit/537.36 (KHTML, like Gecko) Chrome/52.0.2743.116 Safari/537.36"
204.48.19.85 - - [12/Jul/2021:08:46:10 -0400] "POST /wp-cron.php?doing_wp_cron=1626093970.7089118957519531250000 HTTP/1.1" 200 6350 "https://angelsonhighstreet.com/wp-cron.php?doing_wp_cron=1626093970.7089118957519531250000" "WordPress/5.7.2; https://angelsonhighstreet.com"
173.236.152.14 - - [12/Jul/2021:08:46:09 -0400] "GET /wp-login.php HTTP/1.1" 200 8107 "-" "Mozilla/5.0 (X11; Ubuntu; Linux x86_64; rv:62.0) Gecko/20100101 Firefox/62.0"
173.236.152.14 - - [12/Jul/2021:08:46:11 -0400] "POST /wp-login.php HTTP/1.1" 200 8235 "-" "Mozilla/5.0 (X11; Ubuntu; Linux x86_64; rv:62.0) Gecko/20100101 Firefox/62.0"
173.236.152.14 - - [12/Jul/2021:08:46:12 -0400] "GET /wp-login.php HTTP/1.1" 200 8107 "-" "Mozilla/5.0 (X11; Ubuntu; Linux x86_64; rv:62.0) Gecko/20100101 Firefox/62.0"
173.236.152.14 - - [12/Jul/2021:08:46:13 -0400] "POST /wp-login.php HTTP/1.1" 200 8215 "-" "Mozilla/5.0 (X11; Ubuntu; Linux x86_64; rv:62.0) Gecko/20100101 Firefox/62.0"
173.236.152.14 - - [12/Jul/2021:08:46:13 -0400] "POST /xmlrpc.php HTTP/1.1" 200 5852 "-" "Mozilla/5.0 (X11; Ubuntu; Linux x86_64; rv:62.0) Gecko/20100101 Firefox/62.0"
204.48.19.85 - - [12/Jul/2021:08:51:35 -0400] "POST /wp-cron.php?doing_wp_cron=1626094295.7730910778045654296875 HTTP/1.1" 200 6350 "https://angelsonhighstreet.com/wp-cron.php?doing_wp_cron=1626094295.7730910778045654296875" "WordPress/5.7.2; https://angelsonhighstreet.com"
176.9.78.112 - - [12/Jul/2021:08:51:35 -0400] "POST /wp-login.php HTTP/1.1" 200 8938 "-" "Mozilla/5.0 (Windows NT 6.1; Win64; x64) AppleWebKit/537.36 (KHTML, like Gecko) Chrome/79.0.3945.117 Safari/537.36"
204.48.19.85 - - [12/Jul/2021:09:01:38 -0400] "POST /wp-cron.php?doing_wp_cron=1626094898.9405989646911621093750 HTTP/1.1" 200 6350 "https://angelsonhighstreet.com/wp-cron.php?doing_wp_cron=1626094898.9405989646911621093750" "WordPress/5.7.2; https://angelsonhighstreet.com"
45.40.132.156 - - [12/Jul/2021:09:01:38 -0400] "POST /wp-login.php HTTP/1.1" 200 8940 "-" "Mozilla/5.0 (Windows NT 6.3; Win64; x64) AppleWebKit/537.36 (KHTML, like Gecko) Chrome/65.0.3325.181 Safari/537.36"
204.48.19.85 - - [12/Jul/2021:09:07:16 -0400] "POST /wp-cron.php?doing_wp_cron=1626095236.2218461036682128906250 HTTP/1.1" 200 6350 "https://angelsonhighstreet.com/wp-cron.php?doing_wp_cron=1626095236.2218461036682128906250" "WordPress/5.7.2; https://angelsonhighstreet.com"
95.217.3.203 - - [12/Jul/2021:09:07:15 -0400] "POST /wp-login.php HTTP/1.1" 200 8938 "-" "Mozilla/5.0 (Windows NT 6.1) AppleWebKit/537.36 (KHTML, like Gecko) Chrome/70.0.3538.77 Safari/537.36"
204.48.19.85 - - [12/Jul/2021:09:09:00 -0400] "POST /wp-cron.php?doing_wp_cron=1626095340.4467461109161376953125 HTTP/1.1" 200 6350 "https://angelsonhighstreet.com/wp-cron.php?doing_wp_cron=1626095340.4467461109161376953125" "WordPress/5.7.2; https://angelsonhighstreet.com"
104.238.118.25 - - [12/Jul/2021:09:08:59 -0400] "GET /wp-login.php HTTP/1.1" 200 8107 "-" "Mozilla/5.0 (X11; Ubuntu; Linux x86_64; rv:62.0) Gecko/20100101 Firefox/62.0"
104.238.118.25 - - [12/Jul/2021:09:09:01 -0400] "POST /wp-login.php HTTP/1.1" 200 8235 "-" "Mozilla/5.0 (X11; Ubuntu; Linux x86_64; rv:62.0) Gecko/20100101 Firefox/62.0"
104.238.118.25 - - [12/Jul/2021:09:09:02 -0400] "GET /wp-login.php HTTP/1.1" 200 8107 "-" "Mozilla/5.0 (X11; Ubuntu; Linux x86_64; rv:62.0) Gecko/20100101 Firefox/62.0"
104.238.118.25 - - [12/Jul/2021:09:09:03 -0400] "POST /wp-login.php HTTP/1.1" 200 8215 "-" "Mozilla/5.0 (X11; Ubuntu; Linux x86_64; rv:62.0) Gecko/20100101 Firefox/62.0"
104.238.118.25 - - [12/Jul/2021:09:09:05 -0400] "POST /xmlrpc.php HTTP/1.1" 200 5852 "-" "Mozilla/5.0 (X11; Ubuntu; Linux x86_64; rv:62.0) Gecko/20100101 Firefox/62.0"
204.48.19.85 - - [12/Jul/2021:09:17:57 -0400] "POST /wp-cron.php?doing_wp_cron=1626095877.9479620456695556640625 HTTP/1.1" 200 6350 "https://angelsonhighstreet.com/wp-cron.php?doing_wp_cron=1626095877.9479620456695556640625" "WordPress/5.7.2; https://angelsonhighstreet.com"
81.169.229.171 - - [12/Jul/2021:09:17:57 -0400] "POST /wp-login.php HTTP/1.1" 200 8940 "-" "Mozilla/5.0 (Windows NT 10.0; WOW64) AppleWebKit/537.36 (KHTML, like Gecko) Chrome/46.0.2490.86 Safari/537.36"
204.48.19.85 - - [12/Jul/2021:09:23:40 -0400] "POST /wp-cron.php?doing_wp_cron=1626096220.2503650188446044921875 HTTP/1.1" 200 6350 "https://angelsonhighstreet.com/wp-cron.php?doing_wp_cron=1626096220.2503650188446044921875" "WordPress/5.7.2; https://angelsonhighstreet.com"
157.245.103.73 - - [12/Jul/2021:09:23:39 -0400] "POST /wp-login.php HTTP/1.1" 200 8938 "-" "Mozilla/5.0 (Windows NT 10.0; WOW64) AppleWebKit/537.36 (KHTML, like Gecko) Chrome/57.0.2987.133 Safari/537.36"
54.36.149.20 - - [12/Jul/2021:09:23:44 -0400] "GET /product-category/salves?product_orderby=price&product_order=asc&product_view=grid&product_count=48 HTTP/1.1" 200 21483 "-" "Mozilla/5.0 (compatible; AhrefsBot/7.0; +http://ahrefs.com/robot/)"
144.217.174.169 - - [12/Jul/2021:09:25:51 -0400] "GET /wp-content/plugins/dzs-zoomsounds/savepng.php HTTP/1.1" 301 629 "-" "Mozilla/5.0 (Windows NT 10.0; WOW64) AppleWebKit/537.36 (KHTML, like Gecko) Chrome/65.0.3325.181 Safari/537.36"
204.48.19.85 - - [12/Jul/2021:09:30:19 -0400] "POST /wp-cron.php?doing_wp_cron=1626096619.8254640102386474609375 HTTP/1.1" 200 6350 "https://angelsonhighstreet.com/wp-cron.php?doing_wp_cron=1626096619.8254640102386474609375" "WordPress/5.7.2; https://angelsonhighstreet.com"
167.71.102.17 - - [12/Jul/2021:09:30:19 -0400] "GET /wp-login.php HTTP/1.1" 200 8107 "-" "Mozilla/5.0 (X11; Ubuntu; Linux x86_64; rv:62.0) Gecko/20100101 Firefox/62.0"
167.71.102.17 - - [12/Jul/2021:09:30:21 -0400] "POST /wp-login.php HTTP/1.1" 200 8235 "-" "Mozilla/5.0 (X11; Ubuntu; Linux x86_64; rv:62.0) Gecko/20100101 Firefox/62.0"
167.71.102.17 - - [12/Jul/2021:09:30:23 -0400] "GET /wp-login.php HTTP/1.1" 200 8107 "-" "Mozilla/5.0 (X11; Ubuntu; Linux x86_64; rv:62.0) Gecko/20100101 Firefox/62.0"
167.71.102.17 - - [12/Jul/2021:09:30:24 -0400] "POST /wp-login.php HTTP/1.1" 200 8215 "-" "Mozilla/5.0 (X11; Ubuntu; Linux x86_64; rv:62.0) Gecko/20100101 Firefox/62.0"
167.71.102.17 - - [12/Jul/2021:09:30:25 -0400] "POST /xmlrpc.php HTTP/1.1" 200 5852 "-" "Mozilla/5.0 (X11; Ubuntu; Linux x86_64; rv:62.0) Gecko/20100101 Firefox/62.0"
204.48.19.85 - - [12/Jul/2021:09:34:17 -0400] "POST /wp-cron.php?doing_wp_cron=1626096857.1391448974609375000000 HTTP/1.1" 200 6350 "https://angelsonhighstreet.com/wp-cron.php?doing_wp_cron=1626096857.1391448974609375000000" "WordPress/5.7.2; https://angelsonhighstreet.com"
128.199.246.51 - - [12/Jul/2021:09:34:16 -0400] "POST /wp-login.php HTTP/1.1" 200 8940 "-" "Mozilla/5.0 (Windows NT 6.1; WOW64) AppleWebKit/537.36 (KHTML, like Gecko) Chrome/51.0.2704.106 Safari/537.36"
204.48.19.85 - - [12/Jul/2021:09:39:33 -0400] "POST /wp-cron.php?doing_wp_cron=1626097173.2885100841522216796875 HTTP/1.1" 200 6350 "https://angelsonhighstreet.com/wp-cron.php?doing_wp_cron=1626097173.2885100841522216796875" "WordPress/5.7.2; https://angelsonhighstreet.com"
95.217.201.199 - - [12/Jul/2021:09:39:32 -0400] "POST /wp-login.php HTTP/1.1" 200 8938 "-" "Mozilla/5.0 (Windows NT 10.0; Win64; x64) AppleWebKit/537.36 (KHTML, like Gecko) Chrome/86.0.4240.193 Safari/537.36"
204.48.19.85 - - [12/Jul/2021:09:40:11 -0400] "POST /wp-cron.php?doing_wp_cron=1626097211.9788029193878173828125 HTTP/1.1" 200 6350 "https://angelsonhighstreet.com/wp-cron.php?doing_wp_cron=1626097211.9788029193878173828125" "WordPress/5.7.2; https://angelsonhighstreet.com"
40.77.167.97 - - [12/Jul/2021:09:40:11 -0400] "GET /wp-sitemap-posts-page-1.xml HTTP/1.1" 200 6266 "-" "Mozilla/5.0 (compatible; bingbot/2.0; +http://www.bing.com/bingbot.htm)"
204.48.19.85 - - [12/Jul/2021:09:49:22 -0400] "POST /wp-cron.php?doing_wp_cron=1626097762.0243051052093505859375 HTTP/1.1" 200 6350 "https://angelsonhighstreet.com/wp-cron.php?doing_wp_cron=1626097762.0243051052093505859375" "WordPress/5.7.2; https://angelsonhighstreet.com"
51.178.17.108 - - [12/Jul/2021:09:49:21 -0400] "POST /wp-login.php HTTP/1.1" 200 8940 "-" "Mozilla/5.0 (Windows NT 6.1) AppleWebKit/537.36 (KHTML, like Gecko) Chrome/58.0.3029.110 Safari/537.36"
204.48.19.85 - - [12/Jul/2021:09:51:02 -0400] "POST /wp-cron.php?doing_wp_cron=1626097862.9801669120788574218750 HTTP/1.1" 200 6350 "https://angelsonhighstreet.com/wp-cron.php?doing_wp_cron=1626097862.9801669120788574218750" "WordPress/5.7.2; https://angelsonhighstreet.com"
198.204.234.253 - - [12/Jul/2021:09:51:02 -0400] "GET /wp-login.php HTTP/1.1" 200 14174 "-" "Mozilla/5.0 (Macintosh; Intel Mac OS X 10.9; rv:31.0) Gecko/20100101 Firefox/31.0"
198.204.234.253 - - [12/Jul/2021:09:51:03 -0400] "POST /wp-login.php HTTP/1.1" 200 9229 "-" "Mozilla/5.0 (Macintosh; Intel Mac OS X 10.9; rv:31.0) Gecko/20100101 Firefox/31.0"
204.48.19.85 - - [12/Jul/2021:09:52:34 -0400] "POST /wp-cron.php?doing_wp_cron=1626097954.3608510494232177734375 HTTP/1.1" 200 6350 "https://angelsonhighstreet.com/wp-cron.php?doing_wp_cron=1626097954.3608510494232177734375" "WordPress/5.7.2; https://angelsonhighstreet.com"
123.231.204.2 - - [12/Jul/2021:09:52:33 -0400] "GET /wp-login.php HTTP/1.1" 200 8107 "-" "Mozilla/5.0 (X11; Ubuntu; Linux x86_64; rv:62.0) Gecko/20100101 Firefox/62.0"
123.231.204.2 - - [12/Jul/2021:09:52:36 -0400] "POST /wp-login.php HTTP/1.1" 200 8235 "-" "Mozilla/5.0 (X11; Ubuntu; Linux x86_64; rv:62.0) Gecko/20100101 Firefox/62.0"
123.231.204.2 - - [12/Jul/2021:09:52:37 -0400] "GET /wp-login.php HTTP/1.1" 200 8107 "-" "Mozilla/5.0 (X11; Ubuntu; Linux x86_64; rv:62.0) Gecko/20100101 Firefox/62.0"
123.231.204.2 - - [12/Jul/2021:09:52:39 -0400] "POST /wp-login.php HTTP/1.1" 200 8215 "-" "Mozilla/5.0 (X11; Ubuntu; Linux x86_64; rv:62.0) Gecko/20100101 Firefox/62.0"
123.231.204.2 - - [12/Jul/2021:09:52:41 -0400] "POST /xmlrpc.php HTTP/1.1" 200 5852 "-" "Mozilla/5.0 (X11; Ubuntu; Linux x86_64; rv:62.0) Gecko/20100101 Firefox/62.0"
204.48.19.85 - - [12/Jul/2021:10:04:54 -0400] "POST /wp-cron.php?doing_wp_cron=1626098694.6265029907226562500000 HTTP/1.1" 200 6350 "https://angelsonhighstreet.com/wp-cron.php?doing_wp_cron=1626098694.6265029907226562500000" "WordPress/5.7.2; https://angelsonhighstreet.com"
64.227.2.233 - - [12/Jul/2021:10:04:53 -0400] "POST /wp-login.php HTTP/1.1" 200 8940 "-" "Mozilla/5.0 (Windows NT 6.1) AppleWebKit/537.36 (KHTML, like Gecko) Chrome/80.0.3987.149 Safari/537.36"
204.48.19.85 - - [12/Jul/2021:10:14:07 -0400] "POST /wp-cron.php?doing_wp_cron=1626099247.4763329029083251953125 HTTP/1.1" 200 6350 "https://angelsonhighstreet.com/wp-cron.php?doing_wp_cron=1626099247.4763329029083251953125" "WordPress/5.7.2; https://angelsonhighstreet.com"
54.36.149.21 - - [12/Jul/2021:10:14:06 -0400] "GET /product-category/salves?product_orderby=name&product_view=list HTTP/1.1" 200 21353 "-" "Mozilla/5.0 (compatible; AhrefsBot/7.0; +http://ahrefs.com/robot/)"
204.48.19.85 - - [12/Jul/2021:10:15:47 -0400] "POST /wp-cron.php?doing_wp_cron=1626099347.4649360179901123046875 HTTP/1.1" 200 6350 "https://angelsonhighstreet.com/wp-cron.php?doing_wp_cron=1626099347.4649360179901123046875" "WordPress/5.7.2; https://angelsonhighstreet.com"
165.22.209.132 - - [12/Jul/2021:10:15:46 -0400] "GET /wp-login.php HTTP/1.1" 200 8107 "-" "Mozilla/5.0 (X11; Ubuntu; Linux x86_64; rv:62.0) Gecko/20100101 Firefox/62.0"
165.22.209.132 - - [12/Jul/2021:10:15:49 -0400] "POST /wp-login.php HTTP/1.1" 200 8235 "-" "Mozilla/5.0 (X11; Ubuntu; Linux x86_64; rv:62.0) Gecko/20100101 Firefox/62.0"
165.22.209.132 - - [12/Jul/2021:10:15:50 -0400] "GET /wp-login.php HTTP/1.1" 200 8107 "-" "Mozilla/5.0 (X11; Ubuntu; Linux x86_64; rv:62.0) Gecko/20100101 Firefox/62.0"
165.22.209.132 - - [12/Jul/2021:10:15:52 -0400] "POST /wp-login.php HTTP/1.1" 200 8215 "-" "Mozilla/5.0 (X11; Ubuntu; Linux x86_64; rv:62.0) Gecko/20100101 Firefox/62.0"
165.22.209.132 - - [12/Jul/2021:10:15:54 -0400] "POST /xmlrpc.php HTTP/1.1" 200 5852 "-" "Mozilla/5.0 (X11; Ubuntu; Linux x86_64; rv:62.0) Gecko/20100101 Firefox/62.0"
204.48.19.85 - - [12/Jul/2021:10:20:42 -0400] "POST /wp-cron.php?doing_wp_cron=1626099642.4491860866546630859375 HTTP/1.1" 200 6350 "https://angelsonhighstreet.com/wp-cron.php?doing_wp_cron=1626099642.4491860866546630859375" "WordPress/5.7.2; https://angelsonhighstreet.com"
91.134.248.192 - - [12/Jul/2021:10:20:41 -0400] "POST /wp-login.php HTTP/1.1" 200 8940 "-" "Mozilla/5.0 (Windows NT 6.1; WOW64) AppleWebKit/537.36 (KHTML, like Gecko) Chrome/51.0.2704.106 Safari/537.36"
204.48.19.85 - - [12/Jul/2021:10:26:15 -0400] "POST /wp-cron.php?doing_wp_cron=1626099975.4456930160522460937500 HTTP/1.1" 200 6350 "https://angelsonhighstreet.com/wp-cron.php?doing_wp_cron=1626099975.4456930160522460937500" "WordPress/5.7.2; https://angelsonhighstreet.com"
167.172.175.147 - - [12/Jul/2021:10:26:14 -0400] "POST /wp-login.php HTTP/1.1" 200 8938 "-" "Mozilla/5.0 (Windows NT 6.3; Win64; x64) AppleWebKit/537.36 (KHTML, like Gecko) Chrome/77.0.3865.90 Safari/537.36"
204.48.19.85 - - [12/Jul/2021:10:37:29 -0400] "POST /wp-cron.php?doing_wp_cron=1626100649.3286640644073486328125 HTTP/1.1" 200 6350 "https://angelsonhighstreet.com/wp-cron.php?doing_wp_cron=1626100649.3286640644073486328125" "WordPress/5.7.2; https://angelsonhighstreet.com"
54.37.17.21 - - [12/Jul/2021:10:37:28 -0400] "GET /wp-login.php HTTP/1.1" 200 8107 "-" "Mozilla/5.0 (X11; Ubuntu; Linux x86_64; rv:62.0) Gecko/20100101 Firefox/62.0"
54.37.17.21 - - [12/Jul/2021:10:37:30 -0400] "POST /wp-login.php HTTP/1.1" 200 8235 "-" "Mozilla/5.0 (X11; Ubuntu; Linux x86_64; rv:62.0) Gecko/20100101 Firefox/62.0"
54.37.17.21 - - [12/Jul/2021:10:37:31 -0400] "GET /wp-login.php HTTP/1.1" 200 8107 "-" "Mozilla/5.0 (X11; Ubuntu; Linux x86_64; rv:62.0) Gecko/20100101 Firefox/62.0"
54.37.17.21 - - [12/Jul/2021:10:37:32 -0400] "POST /wp-login.php HTTP/1.1" 200 8215 "-" "Mozilla/5.0 (X11; Ubuntu; Linux x86_64; rv:62.0) Gecko/20100101 Firefox/62.0"
54.37.17.21 - - [12/Jul/2021:10:37:33 -0400] "POST /xmlrpc.php HTTP/1.1" 200 5852 "-" "Mozilla/5.0 (X11; Ubuntu; Linux x86_64; rv:62.0) Gecko/20100101 Firefox/62.0"
204.48.19.85 - - [12/Jul/2021:10:39:11 -0400] "POST /wp-cron.php?doing_wp_cron=1626100751.8201670646667480468750 HTTP/1.1" 200 6350 "https://angelsonhighstreet.com/wp-cron.php?doing_wp_cron=1626100751.8201670646667480468750" "WordPress/5.7.2; https://angelsonhighstreet.com"
155.133.142.66 - - [12/Jul/2021:10:39:11 -0400] "POST /wp-login.php HTTP/1.1" 200 8940 "-" "Mozilla/5.0 (Windows NT 10.0; Win64; x64) AppleWebKit/537.36 (KHTML, like Gecko) Chrome/54.0.2840.99 Safari/537.36"
202.39.54.2 - - [12/Jul/2021:10:42:40 -0400] "GET / HTTP/1.1" 301 539 "-" "-"
204.48.19.85 - - [12/Jul/2021:10:47:41 -0400] "POST /wp-cron.php?doing_wp_cron=1626101261.4273390769958496093750 HTTP/1.1" 200 6350 "https://angelsonhighstreet.com/wp-cron.php?doing_wp_cron=1626101261.4273390769958496093750" "WordPress/5.7.2; https://angelsonhighstreet.com"
173.208.244.94 - - [12/Jul/2021:10:47:40 -0400] "GET /wp-login.php HTTP/1.1" 200 14174 "-" "Mozilla/5.0 (Macintosh; Intel Mac OS X 10.8; rv:30.0) Gecko/20100101 Firefox/30.0"
173.208.244.94 - - [12/Jul/2021:10:47:42 -0400] "POST /wp-login.php HTTP/1.1" 200 9227 "-" "Mozilla/5.0 (Macintosh; Intel Mac OS X 10.8; rv:30.0) Gecko/20100101 Firefox/30.0"
204.48.19.85 - - [12/Jul/2021:10:58:03 -0400] "POST /wp-cron.php?doing_wp_cron=1626101883.4283199310302734375000 HTTP/1.1" 200 6350 "https://angelsonhighstreet.com/wp-cron.php?doing_wp_cron=1626101883.4283199310302734375000" "WordPress/5.7.2; https://angelsonhighstreet.com"
54.36.148.158 - - [12/Jul/2021:10:58:02 -0400] "GET /product-category/salves?product_orderby=popularity&product_view=grid HTTP/1.1" 200 21249 "-" "Mozilla/5.0 (compatible; AhrefsBot/7.0; +http://ahrefs.com/robot/)"
31.202.101.40 - - [12/Jul/2021:10:58:21 -0400] "GET /xmlrpc.php HTTP/1.1" 301 559 "-" "Mozilla/5.0 (Windows NT 6.3; WOW64) AppleWebKit/537.36 (KHTML, like Gecko) Chrome/87.0.4280.141 Safari/537.36"
31.202.101.40 - - [12/Jul/2021:10:58:22 -0400] "GET /xmlrpc.php HTTP/1.1" 405 5825 "-" "Mozilla/5.0 (Windows NT 6.3; WOW64) AppleWebKit/537.36 (KHTML, like Gecko) Chrome/87.0.4280.141 Safari/537.36"
31.202.101.40 - - [12/Jul/2021:10:58:23 -0400] "GET /?author=1 HTTP/1.1" 301 557 "-" "Mozilla/5.0 (Windows NT 6.3; WOW64) AppleWebKit/537.36 (KHTML, like Gecko) Chrome/87.0.4280.141 Safari/537.36"
31.202.101.40 - - [12/Jul/2021:10:58:23 -0400] "GET /?author=1 HTTP/1.1" 301 5921 "-" "Mozilla/5.0 (Windows NT 6.3; WOW64) AppleWebKit/537.36 (KHTML, like Gecko) Chrome/87.0.4280.141 Safari/537.36"
31.202.101.40 - - [12/Jul/2021:10:58:24 -0400] "GET /author/admin HTTP/1.1" 200 66668 "-" "Mozilla/5.0 (Windows NT 6.3; WOW64) AppleWebKit/537.36 (KHTML, like Gecko) Chrome/87.0.4280.141 Safari/537.36"
31.202.101.40 - - [12/Jul/2021:10:58:25 -0400] "GET /?author=2 HTTP/1.1" 301 557 "-" "Mozilla/5.0 (Windows NT 6.3; WOW64) AppleWebKit/537.36 (KHTML, like Gecko) Chrome/87.0.4280.141 Safari/537.36"
31.202.101.40 - - [12/Jul/2021:10:58:26 -0400] "GET /?author=2 HTTP/1.1" 404 66596 "-" "Mozilla/5.0 (Windows NT 6.3; WOW64) AppleWebKit/537.36 (KHTML, like Gecko) Chrome/87.0.4280.141 Safari/537.36"
31.202.101.40 - - [12/Jul/2021:10:58:28 -0400] "GET /?author=3 HTTP/1.1" 301 557 "-" "Mozilla/5.0 (Windows NT 6.3; WOW64) AppleWebKit/537.36 (KHTML, like Gecko) Chrome/87.0.4280.141 Safari/537.36"
31.202.101.40 - - [12/Jul/2021:10:58:28 -0400] "GET /?author=3 HTTP/1.1" 404 66564 "-" "Mozilla/5.0 (Windows NT 6.3; WOW64) AppleWebKit/537.36 (KHTML, like Gecko) Chrome/87.0.4280.141 Safari/537.36"
31.202.101.40 - - [12/Jul/2021:10:58:30 -0400] "GET /?author=4 HTTP/1.1" 301 557 "-" "Mozilla/5.0 (Windows NT 6.3; WOW64) AppleWebKit/537.36 (KHTML, like Gecko) Chrome/87.0.4280.141 Safari/537.36"
31.202.101.40 - - [12/Jul/2021:10:58:30 -0400] "GET /?author=4 HTTP/1.1" 301 5921 "-" "Mozilla/5.0 (Windows NT 6.3; WOW64) AppleWebKit/537.36 (KHTML, like Gecko) Chrome/87.0.4280.141 Safari/537.36"
31.202.101.40 - - [12/Jul/2021:10:58:31 -0400] "GET /author/amanda HTTP/1.1" 200 65420 "-" "Mozilla/5.0 (Windows NT 6.3; WOW64) AppleWebKit/537.36 (KHTML, like Gecko) Chrome/87.0.4280.141 Safari/537.36"
31.202.101.40 - - [12/Jul/2021:10:58:33 -0400] "GET /?author=5 HTTP/1.1" 301 557 "-" "Mozilla/5.0 (Windows NT 6.3; WOW64) AppleWebKit/537.36 (KHTML, like Gecko) Chrome/87.0.4280.141 Safari/537.36"
31.202.101.40 - - [12/Jul/2021:10:58:34 -0400] "GET /?author=5 HTTP/1.1" 302 5905 "-" "Mozilla/5.0 (Windows NT 6.3; WOW64) AppleWebKit/537.36 (KHTML, like Gecko) Chrome/87.0.4280.141 Safari/537.36"
31.202.101.40 - - [12/Jul/2021:10:58:35 -0400] "GET /shop-full-width HTTP/1.1" 200 82613 "-" "Mozilla/5.0 (Windows NT 6.3; WOW64) AppleWebKit/537.36 (KHTML, like Gecko) Chrome/87.0.4280.141 Safari/537.36"
174.198.32.177 - - [12/Jul/2021:10:59:28 -0400] "GET /wp-json/contact-form-7/v1/contact-forms/16954/refill HTTP/1.1" 200 6717 "https://angelsonhighstreet.com/" "Mozilla/5.0 (Linux; Android 11; SM-G973U) AppleWebKit/537.36 (KHTML, like Gecko) Chrome/90.0.4430.210 Mobile Safari/537.36"
204.48.19.85 - - [12/Jul/2021:10:59:29 -0400] "POST /wp-cron.php?doing_wp_cron=1626101969.0727469921112060546875 HTTP/1.1" 200 6350 "https://angelsonhighstreet.com/wp-cron.php?doing_wp_cron=1626101969.0727469921112060546875" "WordPress/5.7.2; https://angelsonhighstreet.com"
174.198.32.177 - - [12/Jul/2021:10:59:28 -0400] "POST /?wc-ajax=get_refreshed_fragments HTTP/1.1" 200 7896 "https://angelsonhighstreet.com/" "Mozilla/5.0 (Linux; Android 11; SM-G973U) AppleWebKit/537.36 (KHTML, like Gecko) Chrome/90.0.4430.210 Mobile Safari/537.36"
204.48.19.85 - - [12/Jul/2021:11:01:12 -0400] "POST /wp-cron.php?doing_wp_cron=1626102072.5990478992462158203125 HTTP/1.1" 200 6350 "https://angelsonhighstreet.com/wp-cron.php?doing_wp_cron=1626102072.5990478992462158203125" "WordPress/5.7.2; https://angelsonhighstreet.com"
116.203.150.71 - - [12/Jul/2021:11:01:11 -0400] "POST /wp-login.php HTTP/1.1" 200 8940 "-" "Mozilla/5.0 (Windows NT 10.0; Win64; x64) AppleWebKit/537.36 (KHTML, like Gecko) Chrome/78.0.3904.70 Safari/537.36"
45.82.71.196 - - [12/Jul/2021:11:01:18 -0400] "GET / HTTP/1.1" 301 539 "-" "python-urllib3/1.26.3"
45.82.71.196 - - [12/Jul/2021:11:01:32 -0400] "GET / HTTP/1.1" 200 115985 "-" "python-urllib3/1.26.3"
204.48.19.85 - - [12/Jul/2021:11:06:07 -0400] "POST /wp-cron.php?doing_wp_cron=1626102367.5517079830169677734375 HTTP/1.1" 200 6350 "https://angelsonhighstreet.com/wp-cron.php?doing_wp_cron=1626102367.5517079830169677734375" "WordPress/5.7.2; https://angelsonhighstreet.com"
97.35.3.110 - - [12/Jul/2021:11:06:06 -0400] "GET /admin HTTP/1.1" 302 6570 "-" "Mozilla/5.0 (Linux; Android 11; SM-G973U) AppleWebKit/537.36 (KHTML, like Gecko) Chrome/83.0.4103.106 Mobile Safari/537.36"
97.35.3.110 - - [12/Jul/2021:11:06:09 -0400] "GET /wp-admin/ HTTP/1.1" 302 496 "-" "Mozilla/5.0 (Linux; Android 11; SM-G973U) AppleWebKit/537.36 (KHTML, like Gecko) Chrome/83.0.4103.106 Mobile Safari/537.36"
