204.48.19.85 - - [10/Jul/2021:18:58:08 -0400] "POST /wp-cron.php?doing_wp_cron=1625957888.9578800201416015625000 HTTP/1.1" 200 6350 "https://angelsonhighstreet.com/wp-cron.php?doing_wp_cron=1625957888.9578800201416015625000" "WordPress/5.7.2; https://angelsonhighstreet.com"
35.227.54.60 - - [10/Jul/2021:18:58:08 -0400] "GET /shop/cbg-salve-with-hawiian-haze-terpenes HTTP/1.0" 200 25353 "-" "ZoominfoBot (zoominfobot at zoominfo dot com)"
204.48.19.85 - - [10/Jul/2021:18:59:19 -0400] "POST /wp-cron.php?doing_wp_cron=1625957959.4863491058349609375000 HTTP/1.1" 200 6350 "https://angelsonhighstreet.com/wp-cron.php?doing_wp_cron=1625957959.4863491058349609375000" "WordPress/5.7.2; https://angelsonhighstreet.com"
54.36.148.203 - - [10/Jul/2021:18:59:18 -0400] "GET /product-category/oils?product_order=desc&product_orderby=date&product_view=grid&product_count=16 HTTP/1.1" 200 21266 "-" "Mozilla/5.0 (compatible; AhrefsBot/7.0; +http://ahrefs.com/robot/)"
204.48.19.85 - - [10/Jul/2021:19:01:32 -0400] "POST /wp-cron.php?doing_wp_cron=1625958092.8620469570159912109375 HTTP/1.1" 200 6350 "https://angelsonhighstreet.com/wp-cron.php?doing_wp_cron=1625958092.8620469570159912109375" "WordPress/5.7.2; https://angelsonhighstreet.com"
54.36.149.0 - - [10/Jul/2021:19:01:32 -0400] "GET /product-category/oils?product_view=grid&product_count=16&product_order=desc&product_orderby=name HTTP/1.1" 200 21268 "-" "Mozilla/5.0 (compatible; AhrefsBot/7.0; +http://ahrefs.com/robot/)"
204.48.19.85 - - [10/Jul/2021:19:02:15 -0400] "POST /wp-cron.php?doing_wp_cron=1625958135.9840869903564453125000 HTTP/1.1" 200 6350 "https://angelsonhighstreet.com/wp-cron.php?doing_wp_cron=1625958135.9840869903564453125000" "WordPress/5.7.2; https://angelsonhighstreet.com"
35.227.54.60 - - [10/Jul/2021:19:02:15 -0400] "GET /xmlrpc.php?rsd HTTP/1.0" 200 5939 "-" "ZoominfoBot (zoominfobot at zoominfo dot com)"
35.227.54.60 - - [10/Jul/2021:19:02:38 -0400] "GET /cbd-oils HTTP/1.0" 200 20728 "-" "ZoominfoBot (zoominfobot at zoominfo dot com)"
204.48.19.85 - - [10/Jul/2021:19:04:06 -0400] "POST /wp-cron.php?doing_wp_cron=1625958246.4574840068817138671875 HTTP/1.1" 200 6350 "https://angelsonhighstreet.com/wp-cron.php?doing_wp_cron=1625958246.4574840068817138671875" "WordPress/5.7.2; https://angelsonhighstreet.com"
54.36.148.44 - - [10/Jul/2021:19:04:05 -0400] "GET /product-category/oils?product_count=48&product_order=desc&product_view=list&product_orderby=popularity HTTP/1.1" 200 21531 "-" "Mozilla/5.0 (compatible; AhrefsBot/7.0; +http://ahrefs.com/robot/)"
204.48.19.85 - - [10/Jul/2021:19:06:41 -0400] "POST /wp-cron.php?doing_wp_cron=1625958401.3487520217895507812500 HTTP/1.1" 200 6350 "https://angelsonhighstreet.com/wp-cron.php?doing_wp_cron=1625958401.3487520217895507812500" "WordPress/5.7.2; https://angelsonhighstreet.com"
54.36.149.29 - - [10/Jul/2021:19:06:40 -0400] "GET /product-category/oils?product_count=48&product_order=desc&product_view=list&product_orderby=date HTTP/1.1" 200 21546 "-" "Mozilla/5.0 (compatible; AhrefsBot/7.0; +http://ahrefs.com/robot/)"
204.48.19.85 - - [10/Jul/2021:19:08:51 -0400] "POST /wp-cron.php?doing_wp_cron=1625958531.5613839626312255859375 HTTP/1.1" 200 6350 "https://angelsonhighstreet.com/wp-cron.php?doing_wp_cron=1625958531.5613839626312255859375" "WordPress/5.7.2; https://angelsonhighstreet.com"
54.36.148.53 - - [10/Jul/2021:19:08:50 -0400] "GET /product-category/oils?product_order=desc&product_orderby=price&product_count=16&product_view=list HTTP/1.1" 200 21542 "-" "Mozilla/5.0 (compatible; AhrefsBot/7.0; +http://ahrefs.com/robot/)"
204.48.19.85 - - [10/Jul/2021:19:09:10 -0400] "POST /wp-cron.php?doing_wp_cron=1625958550.3213529586791992187500 HTTP/1.1" 200 6350 "https://angelsonhighstreet.com/wp-cron.php?doing_wp_cron=1625958550.3213529586791992187500" "WordPress/5.7.2; https://angelsonhighstreet.com"
35.227.54.60 - - [10/Jul/2021:19:09:09 -0400] "GET /shop/700mg-15ml-cbd-oil HTTP/1.0" 200 24313 "-" "ZoominfoBot (zoominfobot at zoominfo dot com)"
204.48.19.85 - - [10/Jul/2021:19:10:12 -0400] "POST /wp-cron.php?doing_wp_cron=1625958612.0179378986358642578125 HTTP/1.1" 200 6350 "https://angelsonhighstreet.com/wp-cron.php?doing_wp_cron=1625958612.0179378986358642578125" "WordPress/5.7.2; https://angelsonhighstreet.com"
35.227.54.60 - - [10/Jul/2021:19:10:11 -0400] "GET /author/admin HTTP/1.0" 200 21204 "-" "ZoominfoBot (zoominfobot at zoominfo dot com)"
54.36.148.125 - - [10/Jul/2021:19:10:55 -0400] "GET /product-category/oils?product_count=48&product_orderby=price HTTP/1.1" 200 21249 "-" "Mozilla/5.0 (compatible; AhrefsBot/7.0; +http://ahrefs.com/robot/)"
204.48.19.85 - - [10/Jul/2021:19:13:05 -0400] "POST /wp-cron.php?doing_wp_cron=1625958785.4411211013793945312500 HTTP/1.1" 200 6350 "https://angelsonhighstreet.com/wp-cron.php?doing_wp_cron=1625958785.4411211013793945312500" "WordPress/5.7.2; https://angelsonhighstreet.com"
54.36.148.176 - - [10/Jul/2021:19:13:04 -0400] "GET /product-category/oils?product_count=48&product_orderby=name HTTP/1.1" 200 21241 "-" "Mozilla/5.0 (compatible; AhrefsBot/7.0; +http://ahrefs.com/robot/)"
204.48.19.85 - - [10/Jul/2021:19:14:33 -0400] "POST /wp-cron.php?doing_wp_cron=1625958873.9877419471740722656250 HTTP/1.1" 200 6350 "https://angelsonhighstreet.com/wp-cron.php?doing_wp_cron=1625958873.9877419471740722656250" "WordPress/5.7.2; https://angelsonhighstreet.com"
35.227.54.60 - - [10/Jul/2021:19:14:33 -0400] "GET /shop/2130mg-30ml-whole-plant-cbg-extract-oil HTTP/1.0" 200 25785 "-" "ZoominfoBot (zoominfobot at zoominfo dot com)"
204.48.19.85 - - [10/Jul/2021:19:15:12 -0400] "POST /wp-cron.php?doing_wp_cron=1625958912.2538020610809326171875 HTTP/1.1" 200 6350 "https://angelsonhighstreet.com/wp-cron.php?doing_wp_cron=1625958912.2538020610809326171875" "WordPress/5.7.2; https://angelsonhighstreet.com"
54.36.148.239 - - [10/Jul/2021:19:15:11 -0400] "GET /product-category/oils?product_count=16&product_order=desc&product_view=list&product_orderby=popularity HTTP/1.1" 200 21522 "-" "Mozilla/5.0 (compatible; AhrefsBot/7.0; +http://ahrefs.com/robot/)"
35.227.54.60 - - [10/Jul/2021:19:15:14 -0400] "GET /apparel HTTP/1.0" 200 19948 "-" "ZoominfoBot (zoominfobot at zoominfo dot com)"
204.48.19.85 - - [10/Jul/2021:19:17:14 -0400] "POST /wp-cron.php?doing_wp_cron=1625959034.0800690650939941406250 HTTP/1.1" 200 6350 "https://angelsonhighstreet.com/wp-cron.php?doing_wp_cron=1625959034.0800690650939941406250" "WordPress/5.7.2; https://angelsonhighstreet.com"
54.36.148.15 - - [10/Jul/2021:19:17:13 -0400] "GET /product-category/oils?product_view=grid&product_order=desc&product_count=48&product_orderby=name HTTP/1.1" 200 21269 "-" "Mozilla/5.0 (compatible; AhrefsBot/7.0; +http://ahrefs.com/robot/)"
204.48.19.85 - - [10/Jul/2021:19:19:24 -0400] "POST /wp-cron.php?doing_wp_cron=1625959164.4807670116424560546875 HTTP/1.1" 200 6350 "https://angelsonhighstreet.com/wp-cron.php?doing_wp_cron=1625959164.4807670116424560546875" "WordPress/5.7.2; https://angelsonhighstreet.com"
54.36.148.72 - - [10/Jul/2021:19:19:23 -0400] "GET /product-category/oils?product_count=32&product_order=desc&product_view=grid&product_orderby=rating HTTP/1.1" 200 21243 "-" "Mozilla/5.0 (compatible; AhrefsBot/7.0; +http://ahrefs.com/robot/)"
204.48.19.85 - - [10/Jul/2021:19:21:26 -0400] "POST /wp-cron.php?doing_wp_cron=1625959286.5684669017791748046875 HTTP/1.1" 200 6350 "https://angelsonhighstreet.com/wp-cron.php?doing_wp_cron=1625959286.5684669017791748046875" "WordPress/5.7.2; https://angelsonhighstreet.com"
54.36.149.69 - - [10/Jul/2021:19:21:25 -0400] "GET /product-category/oils?product_count=32&product_order=desc&product_view=list&product_orderby=popularity HTTP/1.1" 200 21542 "-" "Mozilla/5.0 (compatible; AhrefsBot/7.0; +http://ahrefs.com/robot/)"
204.48.19.85 - - [10/Jul/2021:19:22:16 -0400] "POST /wp-cron.php?doing_wp_cron=1625959336.6351859569549560546875 HTTP/1.1" 200 6350 "https://angelsonhighstreet.com/wp-cron.php?doing_wp_cron=1625959336.6351859569549560546875" "WordPress/5.7.2; https://angelsonhighstreet.com"
35.227.54.60 - - [10/Jul/2021:19:22:15 -0400] "GET /shop/cbg-salve-with-special-sauce-terpenes HTTP/1.0" 200 27165 "-" "ZoominfoBot (zoominfobot at zoominfo dot com)"
204.48.19.85 - - [10/Jul/2021:19:23:12 -0400] "POST /wp-cron.php?doing_wp_cron=1625959392.6602089405059814453125 HTTP/1.1" 200 6350 "https://angelsonhighstreet.com/wp-cron.php?doing_wp_cron=1625959392.6602089405059814453125" "WordPress/5.7.2; https://angelsonhighstreet.com"
185.191.171.25 - - [10/Jul/2021:19:23:11 -0400] "GET /robots.txt HTTP/1.1" 200 6554 "-" "Mozilla/5.0 (compatible; SemrushBot/7~bl; +http://www.semrush.com/bot.html)"
185.191.171.14 - - [10/Jul/2021:19:23:13 -0400] "GET /shop-full-width?product_count=32&product_order=asc HTTP/1.1" 200 21921 "-" "Mozilla/5.0 (compatible; SemrushBot/7~bl; +http://www.semrush.com/bot.html)"
54.36.149.75 - - [10/Jul/2021:19:23:28 -0400] "GET /product-category/oils?product_view=grid&product_orderby=date&product_order=asc&product_count=16 HTTP/1.1" 200 21254 "-" "Mozilla/5.0 (compatible; AhrefsBot/7.0; +http://ahrefs.com/robot/)"
204.48.19.85 - - [10/Jul/2021:19:24:16 -0400] "POST /wp-cron.php?doing_wp_cron=1625959456.2168440818786621093750 HTTP/1.1" 200 6350 "https://angelsonhighstreet.com/wp-cron.php?doing_wp_cron=1625959456.2168440818786621093750" "WordPress/5.7.2; https://angelsonhighstreet.com"
172.58.201.79 - - [10/Jul/2021:19:24:15 -0400] "GET /shop/2000mg-30ml-cbd-oil HTTP/1.1" 200 23924 "https://www.google.com/" "Mozilla/5.0 (iPhone; CPU iPhone OS 14_6 like Mac OS X) AppleWebKit/605.1.15 (KHTML, like Gecko) Version/14.1.1 Mobile/15E148 Safari/604.1"
172.58.201.79 - - [10/Jul/2021:19:24:17 -0400] "GET /wp-content/plugins/woocommerce/packages/woocommerce-blocks/build/vendors-style.css?ver=4.9.1 HTTP/1.1" 200 1477 "https://angelsonhighstreet.com/shop/2000mg-30ml-cbd-oil" "Mozilla/5.0 (iPhone; CPU iPhone OS 14_6 like Mac OS X) AppleWebKit/605.1.15 (KHTML, like Gecko) Version/14.1.1 Mobile/15E148 Safari/604.1"
172.58.201.79 - - [10/Jul/2021:19:24:17 -0400] "GET /wp-content/plugins/revslider/public/assets/css/rs6.css?ver=6.3.3 HTTP/1.1" 200 13165 "https://angelsonhighstreet.com/shop/2000mg-30ml-cbd-oil" "Mozilla/5.0 (iPhone; CPU iPhone OS 14_6 like Mac OS X) AppleWebKit/605.1.15 (KHTML, like Gecko) Version/14.1.1 Mobile/15E148 Safari/604.1"
172.58.201.79 - - [10/Jul/2021:19:24:17 -0400] "GET /wp-content/plugins/age-gate/public/css/age-gate-public.css?ver=2.15.0 HTTP/1.1" 200 7875 "https://angelsonhighstreet.com/shop/2000mg-30ml-cbd-oil" "Mozilla/5.0 (iPhone; CPU iPhone OS 14_6 like Mac OS X) AppleWebKit/605.1.15 (KHTML, like Gecko) Version/14.1.1 Mobile/15E148 Safari/604.1"
172.58.201.79 - - [10/Jul/2021:19:24:17 -0400] "GET /wp-content/plugins/age-gate/public/css/age-gate-custom.css?ver=2.15.0 HTTP/1.1" 200 6531 "https://angelsonhighstreet.com/shop/2000mg-30ml-cbd-oil" "Mozilla/5.0 (iPhone; CPU iPhone OS 14_6 like Mac OS X) AppleWebKit/605.1.15 (KHTML, like Gecko) Version/14.1.1 Mobile/15E148 Safari/604.1"
172.58.201.79 - - [10/Jul/2021:19:24:17 -0400] "GET /wp-content/plugins/woocommerce/packages/woocommerce-blocks/build/style.css?ver=4.9.1 HTTP/1.1" 200 25702 "https://angelsonhighstreet.com/shop/2000mg-30ml-cbd-oil" "Mozilla/5.0 (iPhone; CPU iPhone OS 14_6 like Mac OS X) AppleWebKit/605.1.15 (KHTML, like Gecko) Version/14.1.1 Mobile/15E148 Safari/604.1"
172.58.201.79 - - [10/Jul/2021:19:24:17 -0400] "GET /wp-includes/js/jquery/jquery.min.js?ver=3.5.1 HTTP/1.1" 200 31463 "https://angelsonhighstreet.com/shop/2000mg-30ml-cbd-oil" "Mozilla/5.0 (iPhone; CPU iPhone OS 14_6 like Mac OS X) AppleWebKit/605.1.15 (KHTML, like Gecko) Version/14.1.1 Mobile/15E148 Safari/604.1"
172.58.201.79 - - [10/Jul/2021:19:24:17 -0400] "GET /wp-content/plugins/age-gate/public/js/age-gate-public-hooks.js?ver=2.15.0 HTTP/1.1" 200 2632 "https://angelsonhighstreet.com/shop/2000mg-30ml-cbd-oil" "Mozilla/5.0 (iPhone; CPU iPhone OS 14_6 like Mac OS X) AppleWebKit/605.1.15 (KHTML, like Gecko) Version/14.1.1 Mobile/15E148 Safari/604.1"
172.58.201.79 - - [10/Jul/2021:19:24:17 -0400] "GET /wp-content/uploads/fusion-styles/d8cf0d5efcc6708d5f063366a7b2f60e.min.css?ver=3.2.1 HTTP/1.1" 200 150105 "https://angelsonhighstreet.com/shop/2000mg-30ml-cbd-oil" "Mozilla/5.0 (iPhone; CPU iPhone OS 14_6 like Mac OS X) AppleWebKit/605.1.15 (KHTML, like Gecko) Version/14.1.1 Mobile/15E148 Safari/604.1"
172.58.201.79 - - [10/Jul/2021:19:24:17 -0400] "GET /wp-content/plugins/google-analytics-dashboard-for-wp/assets/js/frontend-gtag.min.js?ver=6.7.0 HTTP/1.1" 200 3280 "https://angelsonhighstreet.com/shop/2000mg-30ml-cbd-oil" "Mozilla/5.0 (iPhone; CPU iPhone OS 14_6 like Mac OS X) AppleWebKit/605.1.15 (KHTML, like Gecko) Version/14.1.1 Mobile/15E148 Safari/604.1"
172.58.201.79 - - [10/Jul/2021:19:24:17 -0400] "GET /wp-includes/js/jquery/jquery-migrate.min.js?ver=3.3.2 HTTP/1.1" 200 4649 "https://angelsonhighstreet.com/shop/2000mg-30ml-cbd-oil" "Mozilla/5.0 (iPhone; CPU iPhone OS 14_6 like Mac OS X) AppleWebKit/605.1.15 (KHTML, like Gecko) Version/14.1.1 Mobile/15E148 Safari/604.1"
172.58.201.79 - - [10/Jul/2021:19:24:17 -0400] "GET /wp-content/plugins/wp-optin-wheel/public/js/public.min.js?ver=1.3.2 HTTP/1.1" 200 3754 "https://angelsonhighstreet.com/shop/2000mg-30ml-cbd-oil" "Mozilla/5.0 (iPhone; CPU iPhone OS 14_6 like Mac OS X) AppleWebKit/605.1.15 (KHTML, like Gecko) Version/14.1.1 Mobile/15E148 Safari/604.1"
172.58.201.79 - - [10/Jul/2021:19:24:17 -0400] "GET /wp-includes/css/dist/block-library/theme.min.css?ver=5.7.2 HTTP/1.1" 200 1169 "https://angelsonhighstreet.com/shop/2000mg-30ml-cbd-oil" "Mozilla/5.0 (iPhone; CPU iPhone OS 14_6 like Mac OS X) AppleWebKit/605.1.15 (KHTML, like Gecko) Version/14.1.1 Mobile/15E148 Safari/604.1"
172.58.201.79 - - [10/Jul/2021:19:24:17 -0400] "GET /wp-content/plugins/woocommerce-square/assets/css/frontend/wc-square-cart-checkout-blocks.min.css?ver=2.5.1 HTTP/1.1" 200 1299 "https://angelsonhighstreet.com/shop/2000mg-30ml-cbd-oil" "Mozilla/5.0 (iPhone; CPU iPhone OS 14_6 like Mac OS X) AppleWebKit/605.1.15 (KHTML, like Gecko) Version/14.1.1 Mobile/15E148 Safari/604.1"
172.58.201.79 - - [10/Jul/2021:19:24:17 -0400] "GET /wp-includes/css/dist/block-library/style.min.css?ver=5.7.2 HTTP/1.1" 200 9173 "https://angelsonhighstreet.com/shop/2000mg-30ml-cbd-oil" "Mozilla/5.0 (iPhone; CPU iPhone OS 14_6 like Mac OS X) AppleWebKit/605.1.15 (KHTML, like Gecko) Version/14.1.1 Mobile/15E148 Safari/604.1"
172.58.201.79 - - [10/Jul/2021:19:24:17 -0400] "GET /wp-content/plugins/wp-optin-wheel/public/css/public.min.css?ver=1.3.2 HTTP/1.1" 200 2546 "https://angelsonhighstreet.com/shop/2000mg-30ml-cbd-oil" "Mozilla/5.0 (iPhone; CPU iPhone OS 14_6 like Mac OS X) AppleWebKit/605.1.15 (KHTML, like Gecko) Version/14.1.1 Mobile/15E148 Safari/604.1"
172.58.201.79 - - [10/Jul/2021:19:24:17 -0400] "GET /wp-content/plugins/wp-optin-wheel/public/css/theme-green.css?ver=1.3.2 HTTP/1.1" 200 617 "https://angelsonhighstreet.com/shop/2000mg-30ml-cbd-oil" "Mozilla/5.0 (iPhone; CPU iPhone OS 14_6 like Mac OS X) AppleWebKit/605.1.15 (KHTML, like Gecko) Version/14.1.1 Mobile/15E148 Safari/604.1"
172.58.201.79 - - [10/Jul/2021:19:24:17 -0400] "GET /wp-content/plugins/age-gate/public/js/age-gate-public.js?ver=2.15.0 HTTP/1.1" 200 6737 "https://angelsonhighstreet.com/shop/2000mg-30ml-cbd-oil" "Mozilla/5.0 (iPhone; CPU iPhone OS 14_6 like Mac OS X) AppleWebKit/605.1.15 (KHTML, like Gecko) Version/14.1.1 Mobile/15E148 Safari/604.1"
172.58.201.79 - - [10/Jul/2021:19:24:17 -0400] "GET /wp-content/plugins/age-gate/public/js/age-gate-public-tab.js?ver=2.15.0 HTTP/1.1" 200 869 "https://angelsonhighstreet.com/shop/2000mg-30ml-cbd-oil" "Mozilla/5.0 (iPhone; CPU iPhone OS 14_6 like Mac OS X) AppleWebKit/605.1.15 (KHTML, like Gecko) Version/14.1.1 Mobile/15E148 Safari/604.1"
172.58.201.79 - - [10/Jul/2021:19:24:17 -0400] "GET /wp-content/plugins/age-gate/public/js/age-gate-shortcode.js?ver=2.15.0 HTTP/1.1" 200 2732 "https://angelsonhighstreet.com/shop/2000mg-30ml-cbd-oil" "Mozilla/5.0 (iPhone; CPU iPhone OS 14_6 like Mac OS X) AppleWebKit/605.1.15 (KHTML, like Gecko) Version/14.1.1 Mobile/15E148 Safari/604.1"
172.58.201.79 - - [10/Jul/2021:19:24:17 -0400] "GET /wp-includes/js/dist/vendor/wp-polyfill.min.js?ver=7.4.4 HTTP/1.1" 200 34810 "https://angelsonhighstreet.com/shop/2000mg-30ml-cbd-oil" "Mozilla/5.0 (iPhone; CPU iPhone OS 14_6 like Mac OS X) AppleWebKit/605.1.15 (KHTML, like Gecko) Version/14.1.1 Mobile/15E148 Safari/604.1"
172.58.201.79 - - [10/Jul/2021:19:24:17 -0400] "GET /wp-content/plugins/contact-form-7/includes/js/index.js?ver=5.4.1 HTTP/1.1" 200 4484 "https://angelsonhighstreet.com/shop/2000mg-30ml-cbd-oil" "Mozilla/5.0 (iPhone; CPU iPhone OS 14_6 like Mac OS X) AppleWebKit/605.1.15 (KHTML, like Gecko) Version/14.1.1 Mobile/15E148 Safari/604.1"
172.58.201.79 - - [10/Jul/2021:19:24:17 -0400] "GET /wp-content/plugins/revslider/public/assets/js/rbtools.min.js?ver=6.3.3 HTTP/1.1" 200 46697 "https://angelsonhighstreet.com/shop/2000mg-30ml-cbd-oil" "Mozilla/5.0 (iPhone; CPU iPhone OS 14_6 like Mac OS X) AppleWebKit/605.1.15 (KHTML, like Gecko) Version/14.1.1 Mobile/15E148 Safari/604.1"
172.58.201.79 - - [10/Jul/2021:19:24:17 -0400] "GET /wp-content/plugins/revslider/public/assets/js/rs6.min.js?ver=6.3.3 HTTP/1.1" 200 86331 "https://angelsonhighstreet.com/shop/2000mg-30ml-cbd-oil" "Mozilla/5.0 (iPhone; CPU iPhone OS 14_6 like Mac OS X) AppleWebKit/605.1.15 (KHTML, like Gecko) Version/14.1.1 Mobile/15E148 Safari/604.1"
172.58.201.79 - - [10/Jul/2021:19:24:17 -0400] "GET /wp-content/plugins/woocommerce/assets/js/jquery-blockui/jquery.blockUI.min.js?ver=2.70 HTTP/1.1" 200 3961 "https://angelsonhighstreet.com/shop/2000mg-30ml-cbd-oil" "Mozilla/5.0 (iPhone; CPU iPhone OS 14_6 like Mac OS X) AppleWebKit/605.1.15 (KHTML, like Gecko) Version/14.1.1 Mobile/15E148 Safari/604.1"
172.58.201.79 - - [10/Jul/2021:19:24:17 -0400] "GET /wp-content/plugins/woocommerce/assets/js/frontend/add-to-cart.min.js?ver=5.3.0 HTTP/1.1" 200 1522 "https://angelsonhighstreet.com/shop/2000mg-30ml-cbd-oil" "Mozilla/5.0 (iPhone; CPU iPhone OS 14_6 like Mac OS X) AppleWebKit/605.1.15 (KHTML, like Gecko) Version/14.1.1 Mobile/15E148 Safari/604.1"
172.58.201.79 - - [10/Jul/2021:19:24:17 -0400] "GET /wp-content/plugins/woocommerce/assets/js/frontend/single-product.min.js?ver=5.3.0 HTTP/1.1" 200 2361 "https://angelsonhighstreet.com/shop/2000mg-30ml-cbd-oil" "Mozilla/5.0 (iPhone; CPU iPhone OS 14_6 like Mac OS X) AppleWebKit/605.1.15 (KHTML, like Gecko) Version/14.1.1 Mobile/15E148 Safari/604.1"
172.58.201.79 - - [10/Jul/2021:19:24:17 -0400] "GET /wp-content/plugins/woocommerce/assets/js/zoom/jquery.zoom.min.js?ver=1.7.21 HTTP/1.1" 200 1614 "https://angelsonhighstreet.com/shop/2000mg-30ml-cbd-oil" "Mozilla/5.0 (iPhone; CPU iPhone OS 14_6 like Mac OS X) AppleWebKit/605.1.15 (KHTML, like Gecko) Version/14.1.1 Mobile/15E148 Safari/604.1"
172.58.201.79 - - [10/Jul/2021:19:24:17 -0400] "GET /wp-content/plugins/woocommerce/assets/js/js-cookie/js.cookie.min.js?ver=2.1.4 HTTP/1.1" 200 1417 "https://angelsonhighstreet.com/shop/2000mg-30ml-cbd-oil" "Mozilla/5.0 (iPhone; CPU iPhone OS 14_6 like Mac OS X) AppleWebKit/605.1.15 (KHTML, like Gecko) Version/14.1.1 Mobile/15E148 Safari/604.1"
172.58.201.79 - - [10/Jul/2021:19:24:17 -0400] "GET /wp-content/plugins/woocommerce/assets/js/frontend/woocommerce.min.js?ver=5.3.0 HTTP/1.1" 200 1222 "https://angelsonhighstreet.com/shop/2000mg-30ml-cbd-oil" "Mozilla/5.0 (iPhone; CPU iPhone OS 14_6 like Mac OS X) AppleWebKit/605.1.15 (KHTML, like Gecko) Version/14.1.1 Mobile/15E148 Safari/604.1"
172.58.201.79 - - [10/Jul/2021:19:24:17 -0400] "GET /wp-includes/js/comment-reply.min.js?ver=5.7.2 HTTP/1.1" 200 1782 "https://angelsonhighstreet.com/shop/2000mg-30ml-cbd-oil" "Mozilla/5.0 (iPhone; CPU iPhone OS 14_6 like Mac OS X) AppleWebKit/605.1.15 (KHTML, like Gecko) Version/14.1.1 Mobile/15E148 Safari/604.1"
172.58.201.79 - - [10/Jul/2021:19:24:17 -0400] "GET /wp-content/plugins/woocommerce/assets/js/frontend/cart-fragments.min.js?ver=5.3.0 HTTP/1.1" 200 1475 "https://angelsonhighstreet.com/shop/2000mg-30ml-cbd-oil" "Mozilla/5.0 (iPhone; CPU iPhone OS 14_6 like Mac OS X) AppleWebKit/605.1.15 (KHTML, like Gecko) Version/14.1.1 Mobile/15E148 Safari/604.1"
172.58.201.79 - - [10/Jul/2021:19:24:17 -0400] "GET /wp-includes/js/wp-embed.min.js?ver=5.7.2 HTTP/1.1" 200 1200 "https://angelsonhighstreet.com/shop/2000mg-30ml-cbd-oil" "Mozilla/5.0 (iPhone; CPU iPhone OS 14_6 like Mac OS X) AppleWebKit/605.1.15 (KHTML, like Gecko) Version/14.1.1 Mobile/15E148 Safari/604.1"
172.58.201.79 - - [10/Jul/2021:19:24:17 -0400] "GET /wp-content/uploads/fusion-scripts/92d6f1b3b03dffd1136e59fa25d928a7.min.js?ver=3.2.1 HTTP/1.1" 200 90091 "https://angelsonhighstreet.com/shop/2000mg-30ml-cbd-oil" "Mozilla/5.0 (iPhone; CPU iPhone OS 14_6 like Mac OS X) AppleWebKit/605.1.15 (KHTML, like Gecko) Version/14.1.1 Mobile/15E148 Safari/604.1"
172.58.201.79 - - [10/Jul/2021:19:24:17 -0400] "GET /wp-includes/js/wp-emoji-release.min.js?ver=5.7.2 HTTP/1.1" 200 5142 "https://angelsonhighstreet.com/shop/2000mg-30ml-cbd-oil" "Mozilla/5.0 (iPhone; CPU iPhone OS 14_6 like Mac OS X) AppleWebKit/605.1.15 (KHTML, like Gecko) Version/14.1.1 Mobile/15E148 Safari/604.1"
172.58.201.79 - - [10/Jul/2021:19:24:17 -0400] "GET /wp-content/uploads/fusion-gfonts/qkBIXvYC6trAT55ZBi1ueQVIjQTD-JqaE0lMZbLXGimS.woff HTTP/1.1" 200 15349 "https://angelsonhighstreet.com/shop/2000mg-30ml-cbd-oil" "Mozilla/5.0 (iPhone; CPU iPhone OS 14_6 like Mac OS X) AppleWebKit/605.1.15 (KHTML, like Gecko) Version/14.1.1 Mobile/15E148 Safari/604.1"
172.58.201.79 - - [10/Jul/2021:19:24:17 -0400] "GET /wp-content/themes/Avada/includes/lib/assets/fonts/icomoon/icomoon.woff HTTP/1.1" 200 13272 "https://angelsonhighstreet.com/shop/2000mg-30ml-cbd-oil" "Mozilla/5.0 (iPhone; CPU iPhone OS 14_6 like Mac OS X) AppleWebKit/605.1.15 (KHTML, like Gecko) Version/14.1.1 Mobile/15E148 Safari/604.1"
172.58.201.79 - - [10/Jul/2021:19:24:17 -0400] "GET /wp-content/uploads/fusion-gfonts/qkBKXvYC6trAT7RQNNK2EG7SIwPWMNlCV3lIb7X1HgGQ0tQ.woff HTTP/1.1" 200 15580 "https://angelsonhighstreet.com/shop/2000mg-30ml-cbd-oil" "Mozilla/5.0 (iPhone; CPU iPhone OS 14_6 like Mac OS X) AppleWebKit/605.1.15 (KHTML, like Gecko) Version/14.1.1 Mobile/15E148 Safari/604.1"
172.58.201.79 - - [10/Jul/2021:19:24:17 -0400] "GET /wp-content/uploads/fusion-gfonts/qkBIXvYC6trAT55ZBi1ueQVIjQTDH52aE0lMZbLXGimS.woff HTTP/1.1" 200 15341 "https://angelsonhighstreet.com/shop/2000mg-30ml-cbd-oil" "Mozilla/5.0 (iPhone; CPU iPhone OS 14_6 like Mac OS X) AppleWebKit/605.1.15 (KHTML, like Gecko) Version/14.1.1 Mobile/15E148 Safari/604.1"
172.58.201.79 - - [10/Jul/2021:19:24:17 -0400] "GET /wp-content/uploads/fusion-gfonts/JTURjIg1_i6t8kCHKm45_dJE3gnD-Px3rCs.woff HTTP/1.1" 200 17525 "https://angelsonhighstreet.com/shop/2000mg-30ml-cbd-oil" "Mozilla/5.0 (iPhone; CPU iPhone OS 14_6 like Mac OS X) AppleWebKit/605.1.15 (KHTML, like Gecko) Version/14.1.1 Mobile/15E148 Safari/604.1"
172.58.201.79 - - [10/Jul/2021:19:24:17 -0400] "GET /wp-content/uploads/2020/05/aohs_righttext_logo-e1590068585746.png HTTP/1.1" 200 62245 "https://angelsonhighstreet.com/shop/2000mg-30ml-cbd-oil" "Mozilla/5.0 (iPhone; CPU iPhone OS 14_6 like Mac OS X) AppleWebKit/605.1.15 (KHTML, like Gecko) Version/14.1.1 Mobile/15E148 Safari/604.1"
172.58.201.79 - - [10/Jul/2021:19:24:17 -0400] "GET /wp-content/uploads/fusion-gfonts/JTUPjIg1_i6t8kCHKm459WxZcgvz_PZ2jimrqw.woff HTTP/1.1" 200 18040 "https://angelsonhighstreet.com/shop/2000mg-30ml-cbd-oil" "Mozilla/5.0 (iPhone; CPU iPhone OS 14_6 like Mac OS X) AppleWebKit/605.1.15 (KHTML, like Gecko) Version/14.1.1 Mobile/15E148 Safari/604.1"
172.58.201.79 - - [10/Jul/2021:19:24:17 -0400] "GET /wp-content/uploads/2020/08/C5B83DAF-9E96-49A0-AAA0-C902DBEB3B68.jpeg HTTP/1.1" 200 85904 "https://angelsonhighstreet.com/shop/2000mg-30ml-cbd-oil" "Mozilla/5.0 (iPhone; CPU iPhone OS 14_6 like Mac OS X) AppleWebKit/605.1.15 (KHTML, like Gecko) Version/14.1.1 Mobile/15E148 Safari/604.1"
172.58.201.79 - - [10/Jul/2021:19:24:17 -0400] "GET /wp-content/uploads/2020/08/D7CE7FC9-6B66-4E0F-B3A8-E17389D30D20.jpeg HTTP/1.1" 200 105313 "https://angelsonhighstreet.com/shop/2000mg-30ml-cbd-oil" "Mozilla/5.0 (iPhone; CPU iPhone OS 14_6 like Mac OS X) AppleWebKit/605.1.15 (KHTML, like Gecko) Version/14.1.1 Mobile/15E148 Safari/604.1"
172.58.201.79 - - [10/Jul/2021:19:24:18 -0400] "GET /wp-content/uploads/2020/04/aohs_logo_blkbg-e1588290703663-150x150.png HTTP/1.1" 200 30802 "https://angelsonhighstreet.com/shop/2000mg-30ml-cbd-oil" "Mozilla/5.0 (iPhone; CPU iPhone OS 14_6 like Mac OS X) AppleWebKit/605.1.15 (KHTML, like Gecko) Version/14.1.1 Mobile/15E148 Safari/604.1"
172.58.201.79 - - [10/Jul/2021:19:24:18 -0400] "GET /wp-content/uploads/2020/08/D37CB261-2BE3-4FB2-AE52-84F8AC85FF3A.jpeg HTTP/1.1" 200 96561 "https://angelsonhighstreet.com/shop/2000mg-30ml-cbd-oil" "Mozilla/5.0 (iPhone; CPU iPhone OS 14_6 like Mac OS X) AppleWebKit/605.1.15 (KHTML, like Gecko) Version/14.1.1 Mobile/15E148 Safari/604.1"
172.58.201.79 - - [10/Jul/2021:19:24:18 -0400] "GET /wp-content/uploads/2019/05/IMG_0405-1443x2048.jpg HTTP/1.1" 200 404580 "https://angelsonhighstreet.com/shop/2000mg-30ml-cbd-oil" "Mozilla/5.0 (iPhone; CPU iPhone OS 14_6 like Mac OS X) AppleWebKit/605.1.15 (KHTML, like Gecko) Version/14.1.1 Mobile/15E148 Safari/604.1"
172.58.201.79 - - [10/Jul/2021:19:24:18 -0400] "GET /wp-content/uploads/2019/11/standards_banner.png HTTP/1.1" 200 19955 "https://angelsonhighstreet.com/shop/2000mg-30ml-cbd-oil" "Mozilla/5.0 (iPhone; CPU iPhone OS 14_6 like Mac OS X) AppleWebKit/605.1.15 (KHTML, like Gecko) Version/14.1.1 Mobile/15E148 Safari/604.1"
172.58.201.79 - - [10/Jul/2021:19:24:18 -0400] "GET /wp-content/uploads/fusion-gfonts/JTUSjIg1_i6t8kCHKm459WlhzSTh89Y.woff HTTP/1.1" 200 17618 "https://angelsonhighstreet.com/shop/2000mg-30ml-cbd-oil" "Mozilla/5.0 (iPhone; CPU iPhone OS 14_6 like Mac OS X) AppleWebKit/605.1.15 (KHTML, like Gecko) Version/14.1.1 Mobile/15E148 Safari/604.1"
172.58.201.79 - - [10/Jul/2021:19:24:18 -0400] "GET /wp-content/plugins/akismet/_inc/form.js?ver=4.1.9 HTTP/1.1" 200 753 "https://angelsonhighstreet.com/shop/2000mg-30ml-cbd-oil" "Mozilla/5.0 (iPhone; CPU iPhone OS 14_6 like Mac OS X) AppleWebKit/605.1.15 (KHTML, like Gecko) Version/14.1.1 Mobile/15E148 Safari/604.1"
172.58.201.79 - - [10/Jul/2021:19:24:18 -0400] "GET /wp-content/plugins/wp-optin-wheel/public/img/bg-hearts.png HTTP/1.1" 200 2213 "https://angelsonhighstreet.com/shop/2000mg-30ml-cbd-oil" "Mozilla/5.0 (iPhone; CPU iPhone OS 14_6 like Mac OS X) AppleWebKit/605.1.15 (KHTML, like Gecko) Version/14.1.1 Mobile/15E148 Safari/604.1"
172.58.201.79 - - [10/Jul/2021:19:24:18 -0400] "GET /wp-content/plugins/wp-optin-wheel/public/img/wheel-green.png HTTP/1.1" 200 39871 "https://angelsonhighstreet.com/shop/2000mg-30ml-cbd-oil" "Mozilla/5.0 (iPhone; CPU iPhone OS 14_6 like Mac OS X) AppleWebKit/605.1.15 (KHTML, like Gecko) Version/14.1.1 Mobile/15E148 Safari/604.1"
172.58.201.79 - - [10/Jul/2021:19:24:18 -0400] "GET /wp-content/uploads/2020/05/aohs_logo_transparent.png HTTP/1.1" 200 198372 "https://angelsonhighstreet.com/shop/2000mg-30ml-cbd-oil" "Mozilla/5.0 (iPhone; CPU iPhone OS 14_6 like Mac OS X) AppleWebKit/605.1.15 (KHTML, like Gecko) Version/14.1.1 Mobile/15E148 Safari/604.1"
172.58.201.79 - - [10/Jul/2021:19:24:18 -0400] "POST /?wc-ajax=get_refreshed_fragments HTTP/1.1" 200 874 "https://angelsonhighstreet.com/shop/2000mg-30ml-cbd-oil" "Mozilla/5.0 (iPhone; CPU iPhone OS 14_6 like Mac OS X) AppleWebKit/605.1.15 (KHTML, like Gecko) Version/14.1.1 Mobile/15E148 Safari/604.1"
172.58.201.79 - - [10/Jul/2021:19:24:21 -0400] "POST /wp-admin/admin-ajax.php HTTP/1.1" 200 6772 "https://angelsonhighstreet.com/shop/2000mg-30ml-cbd-oil" "Mozilla/5.0 (iPhone; CPU iPhone OS 14_6 like Mac OS X) AppleWebKit/605.1.15 (KHTML, like Gecko) Version/14.1.1 Mobile/15E148 Safari/604.1"
204.48.19.85 - - [10/Jul/2021:19:25:16 -0400] "POST /wp-cron.php?doing_wp_cron=1625959516.6936500072479248046875 HTTP/1.1" 200 6350 "https://angelsonhighstreet.com/wp-cron.php?doing_wp_cron=1625959516.6936500072479248046875" "WordPress/5.7.2; https://angelsonhighstreet.com"
172.58.201.79 - - [10/Jul/2021:19:25:16 -0400] "GET /about-us HTTP/1.1" 200 21693 "https://angelsonhighstreet.com/shop/2000mg-30ml-cbd-oil" "Mozilla/5.0 (iPhone; CPU iPhone OS 14_6 like Mac OS X) AppleWebKit/605.1.15 (KHTML, like Gecko) Version/14.1.1 Mobile/15E148 Safari/604.1"
172.58.201.79 - - [10/Jul/2021:19:25:17 -0400] "GET /wp-content/uploads/fusion-styles/62d7ef591e1dfef8233dc4710a5beef1.min.css?ver=3.2.1 HTTP/1.1" 200 150099 "https://angelsonhighstreet.com/about-us" "Mozilla/5.0 (iPhone; CPU iPhone OS 14_6 like Mac OS X) AppleWebKit/605.1.15 (KHTML, like Gecko) Version/14.1.1 Mobile/15E148 Safari/604.1"
172.58.201.79 - - [10/Jul/2021:19:25:17 -0400] "GET /wp-content/uploads/fusion-scripts/b932c5a735587f3ce2e90ae840f2b3f3.min.js?ver=3.2.1 HTTP/1.1" 200 102981 "https://angelsonhighstreet.com/about-us" "Mozilla/5.0 (iPhone; CPU iPhone OS 14_6 like Mac OS X) AppleWebKit/605.1.15 (KHTML, like Gecko) Version/14.1.1 Mobile/15E148 Safari/604.1"
35.227.54.60 - - [10/Jul/2021:19:25:25 -0400] "GET /shop/holy-grail-cbd-healing-salve-1-oz HTTP/1.0" 200 27643 "-" "ZoominfoBot (zoominfobot at zoominfo dot com)"
54.36.149.67 - - [10/Jul/2021:19:25:35 -0400] "GET /product-category/oils?product_order=desc&product_view=list&product_orderby=default&product_count=16 HTTP/1.1" 200 21543 "-" "Mozilla/5.0 (compatible; AhrefsBot/7.0; +http://ahrefs.com/robot/)"
204.48.19.85 - - [10/Jul/2021:19:26:55 -0400] "POST /wp-cron.php?doing_wp_cron=1625959615.7510800361633300781250 HTTP/1.1" 200 6350 "https://angelsonhighstreet.com/wp-cron.php?doing_wp_cron=1625959615.7510800361633300781250" "WordPress/5.7.2; https://angelsonhighstreet.com"
172.58.201.79 - - [10/Jul/2021:19:26:55 -0400] "GET /disclaimer HTTP/1.1" 200 21738 "https://angelsonhighstreet.com/about-us" "Mozilla/5.0 (iPhone; CPU iPhone OS 14_6 like Mac OS X) AppleWebKit/605.1.15 (KHTML, like Gecko) Version/14.1.1 Mobile/15E148 Safari/604.1"
172.58.201.79 - - [10/Jul/2021:19:26:56 -0400] "GET /wp-content/uploads/fusion-scripts/b56245e53be0fd8a820b6aadd44f2547.min.js?ver=3.2.1 HTTP/1.1" 200 96890 "https://angelsonhighstreet.com/disclaimer" "Mozilla/5.0 (iPhone; CPU iPhone OS 14_6 like Mac OS X) AppleWebKit/605.1.15 (KHTML, like Gecko) Version/14.1.1 Mobile/15E148 Safari/604.1"
204.48.19.85 - - [10/Jul/2021:19:27:45 -0400] "POST /wp-cron.php?doing_wp_cron=1625959665.9837090969085693359375 HTTP/1.1" 200 6350 "https://angelsonhighstreet.com/wp-cron.php?doing_wp_cron=1625959665.9837090969085693359375" "WordPress/5.7.2; https://angelsonhighstreet.com"
54.36.148.244 - - [10/Jul/2021:19:27:45 -0400] "GET /shop-full-width?product_orderby=date&product_order=desc HTTP/1.1" 200 21941 "-" "Mozilla/5.0 (compatible; AhrefsBot/7.0; +http://ahrefs.com/robot/)"
204.48.19.85 - - [10/Jul/2021:19:28:22 -0400] "POST /wp-cron.php?doing_wp_cron=1625959702.0834488868713378906250 HTTP/1.1" 200 6350 "https://angelsonhighstreet.com/wp-cron.php?doing_wp_cron=1625959702.0834488868713378906250" "WordPress/5.7.2; https://angelsonhighstreet.com"
172.58.201.112 - - [10/Jul/2021:19:28:21 -0400] "POST /?wc-ajax=get_refreshed_fragments HTTP/1.1" 200 6948 "https://angelsonhighstreet.com/about-us" "Mozilla/5.0 (iPhone; CPU iPhone OS 14_6 like Mac OS X) AppleWebKit/605.1.15 (KHTML, like Gecko) Version/14.1.1 Mobile/15E148 Safari/604.1"
172.58.200.34 - - [10/Jul/2021:19:28:39 -0400] "GET /apparel HTTP/1.1" 200 20739 "https://angelsonhighstreet.com/about-us" "Mozilla/5.0 (iPhone; CPU iPhone OS 14_6 like Mac OS X) AppleWebKit/605.1.15 (KHTML, like Gecko) Version/14.1.1 Mobile/15E148 Safari/604.1"
204.48.19.85 - - [10/Jul/2021:19:29:20 -0400] "POST /wp-cron.php?doing_wp_cron=1625959760.5002660751342773437500 HTTP/1.1" 200 6350 "https://angelsonhighstreet.com/wp-cron.php?doing_wp_cron=1625959760.5002660751342773437500" "WordPress/5.7.2; https://angelsonhighstreet.com"
172.58.201.25 - - [10/Jul/2021:19:29:19 -0400] "POST /?wc-ajax=get_refreshed_fragments HTTP/1.1" 200 6948 "https://angelsonhighstreet.com/about-us" "Mozilla/5.0 (iPhone; CPU iPhone OS 14_6 like Mac OS X) AppleWebKit/605.1.15 (KHTML, like Gecko) Version/14.1.1 Mobile/15E148 Safari/604.1"
172.58.201.25 - - [10/Jul/2021:19:29:26 -0400] "GET /shop-full-width HTTP/1.1" 200 21964 "https://angelsonhighstreet.com/about-us" "Mozilla/5.0 (iPhone; CPU iPhone OS 14_6 like Mac OS X) AppleWebKit/605.1.15 (KHTML, like Gecko) Version/14.1.1 Mobile/15E148 Safari/604.1"
172.58.201.25 - - [10/Jul/2021:19:29:27 -0400] "GET /wp-content/uploads/fusion-styles/9cfbc2155547e8f51b6c2bcc5657a204.min.css?ver=3.2.1 HTTP/1.1" 200 149728 "https://angelsonhighstreet.com/shop-full-width" "Mozilla/5.0 (iPhone; CPU iPhone OS 14_6 like Mac OS X) AppleWebKit/605.1.15 (KHTML, like Gecko) Version/14.1.1 Mobile/15E148 Safari/604.1"
172.58.201.25 - - [10/Jul/2021:19:29:27 -0400] "GET /wp-content/uploads/2020/08/C9EC0898-E30D-4B2A-A8B1-96DE3A2B9FAA.jpeg HTTP/1.1" 200 189059 "https://angelsonhighstreet.com/shop-full-width" "Mozilla/5.0 (iPhone; CPU iPhone OS 14_6 like Mac OS X) AppleWebKit/605.1.15 (KHTML, like Gecko) Version/14.1.1 Mobile/15E148 Safari/604.1"
172.58.201.25 - - [10/Jul/2021:19:29:27 -0400] "GET /wp-content/uploads/fusion-scripts/27d829c5db6e6643472e29fcdf503374.min.js?ver=3.2.1 HTTP/1.1" 200 125771 "https://angelsonhighstreet.com/shop-full-width" "Mozilla/5.0 (iPhone; CPU iPhone OS 14_6 like Mac OS X) AppleWebKit/605.1.15 (KHTML, like Gecko) Version/14.1.1 Mobile/15E148 Safari/604.1"
204.48.19.85 - - [10/Jul/2021:19:29:57 -0400] "POST /wp-cron.php?doing_wp_cron=1625959797.0171809196472167968750 HTTP/1.1" 200 6350 "https://angelsonhighstreet.com/wp-cron.php?doing_wp_cron=1625959797.0171809196472167968750" "WordPress/5.7.2; https://angelsonhighstreet.com"
54.36.148.165 - - [10/Jul/2021:19:29:56 -0400] "GET /product-category/oils?product_view=grid&product_order=desc&product_orderby=rating&product_count=32 HTTP/1.1" 200 21269 "-" "Mozilla/5.0 (compatible; AhrefsBot/7.0; +http://ahrefs.com/robot/)"
172.58.200.220 - - [10/Jul/2021:19:30:07 -0400] "GET /shop/cbg-salve-with-special-sauce-terpenes HTTP/1.1" 200 27975 "https://angelsonhighstreet.com/shop-full-width" "Mozilla/5.0 (iPhone; CPU iPhone OS 14_6 like Mac OS X) AppleWebKit/605.1.15 (KHTML, like Gecko) Version/14.1.1 Mobile/15E148 Safari/604.1"
172.58.200.220 - - [10/Jul/2021:19:30:08 -0400] "GET /wp-content/uploads/fusion-styles/75fdb4e3d10e1e9f10bc9b8d851e8c3c.min.css?ver=3.2.1 HTTP/1.1" 200 150102 "https://angelsonhighstreet.com/shop/cbg-salve-with-special-sauce-terpenes" "Mozilla/5.0 (iPhone; CPU iPhone OS 14_6 like Mac OS X) AppleWebKit/605.1.15 (KHTML, like Gecko) Version/14.1.1 Mobile/15E148 Safari/604.1"
204.48.19.85 - - [10/Jul/2021:19:31:54 -0400] "POST /wp-cron.php?doing_wp_cron=1625959914.7604761123657226562500 HTTP/1.1" 200 6350 "https://angelsonhighstreet.com/wp-cron.php?doing_wp_cron=1625959914.7604761123657226562500" "WordPress/5.7.2; https://angelsonhighstreet.com"
172.58.200.221 - - [10/Jul/2021:19:31:54 -0400] "GET /shop/cbg-salve-with-special-sauce-terpenes HTTP/1.1" 200 27966 "-" "Mozilla/5.0 (iPhone; CPU iPhone OS 14_6 like Mac OS X) AppleWebKit/605.1.15 (KHTML, like Gecko) Version/14.1.1 Mobile/15E148 Safari/604.1"
204.48.19.85 - - [10/Jul/2021:19:32:06 -0400] "POST /wp-cron.php?doing_wp_cron=1625959926.4000599384307861328125 HTTP/1.1" 200 6350 "https://angelsonhighstreet.com/wp-cron.php?doing_wp_cron=1625959926.4000599384307861328125" "WordPress/5.7.2; https://angelsonhighstreet.com"
172.58.201.253 - - [10/Jul/2021:19:32:05 -0400] "POST /?wc-ajax=get_refreshed_fragments HTTP/1.1" 200 6948 "https://angelsonhighstreet.com/shop-full-width" "Mozilla/5.0 (iPhone; CPU iPhone OS 14_6 like Mac OS X) AppleWebKit/605.1.15 (KHTML, like Gecko) Version/14.1.1 Mobile/15E148 Safari/604.1"
54.36.148.159 - - [10/Jul/2021:19:32:09 -0400] "GET /product-category/oils?product_count=32&product_order=desc&product_view=list&product_orderby=date HTTP/1.1" 200 21546 "-" "Mozilla/5.0 (compatible; AhrefsBot/7.0; +http://ahrefs.com/robot/)"
172.58.201.18 - - [10/Jul/2021:19:32:25 -0400] "POST /?wc-ajax=get_refreshed_fragments HTTP/1.1" 200 6948 "https://angelsonhighstreet.com/about-us" "Mozilla/5.0 (iPhone; CPU iPhone OS 14_6 like Mac OS X) AppleWebKit/605.1.15 (KHTML, like Gecko) Version/14.1.1 Mobile/15E148 Safari/604.1"
204.48.19.85 - - [10/Jul/2021:19:34:13 -0400] "POST /wp-cron.php?doing_wp_cron=1625960053.3715500831604003906250 HTTP/1.1" 200 6350 "https://angelsonhighstreet.com/wp-cron.php?doing_wp_cron=1625960053.3715500831604003906250" "WordPress/5.7.2; https://angelsonhighstreet.com"
35.227.54.60 - - [10/Jul/2021:19:34:12 -0400] "GET /contact-us HTTP/1.0" 200 20495 "-" "ZoominfoBot (zoominfobot at zoominfo dot com)"
54.36.148.157 - - [10/Jul/2021:19:34:34 -0400] "GET /product-category/oils?product_view=list&product_count=48&product_order=desc&product_orderby=date HTTP/1.1" 200 21546 "-" "Mozilla/5.0 (compatible; AhrefsBot/7.0; +http://ahrefs.com/robot/)"
204.48.19.85 - - [10/Jul/2021:19:36:42 -0400] "POST /wp-cron.php?doing_wp_cron=1625960202.5177769660949707031250 HTTP/1.1" 200 6350 "https://angelsonhighstreet.com/wp-cron.php?doing_wp_cron=1625960202.5177769660949707031250" "WordPress/5.7.2; https://angelsonhighstreet.com"
35.227.54.60 - - [10/Jul/2021:19:36:41 -0400] "GET /cbd-salves HTTP/1.0" 200 20897 "-" "ZoominfoBot (zoominfobot at zoominfo dot com)"
54.36.148.5 - - [10/Jul/2021:19:36:49 -0400] "GET /product-category/oils?product_view=list&product_order=desc&product_orderby=rating&product_count=32 HTTP/1.1" 200 21553 "-" "Mozilla/5.0 (compatible; AhrefsBot/7.0; +http://ahrefs.com/robot/)"
204.48.19.85 - - [10/Jul/2021:19:39:05 -0400] "POST /wp-cron.php?doing_wp_cron=1625960345.2716639041900634765625 HTTP/1.1" 200 6350 "https://angelsonhighstreet.com/wp-cron.php?doing_wp_cron=1625960345.2716639041900634765625" "WordPress/5.7.2; https://angelsonhighstreet.com"
54.36.148.182 - - [10/Jul/2021:19:39:04 -0400] "GET /product-category/oils?product_count=48&product_orderby=date HTTP/1.1" 200 21247 "-" "Mozilla/5.0 (compatible; AhrefsBot/7.0; +http://ahrefs.com/robot/)"
204.48.19.85 - - [10/Jul/2021:19:41:41 -0400] "POST /wp-cron.php?doing_wp_cron=1625960501.4463720321655273437500 HTTP/1.1" 200 6350 "https://angelsonhighstreet.com/wp-cron.php?doing_wp_cron=1625960501.4463720321655273437500" "WordPress/5.7.2; https://angelsonhighstreet.com"
54.36.148.254 - - [10/Jul/2021:19:41:40 -0400] "GET /product-category/oils?product_count=48&product_orderby=rating HTTP/1.1" 200 21218 "-" "Mozilla/5.0 (compatible; AhrefsBot/7.0; +http://ahrefs.com/robot/)"
204.48.19.85 - - [10/Jul/2021:19:43:49 -0400] "POST /wp-cron.php?doing_wp_cron=1625960629.5194070339202880859375 HTTP/1.1" 200 6350 "https://angelsonhighstreet.com/wp-cron.php?doing_wp_cron=1625960629.5194070339202880859375" "WordPress/5.7.2; https://angelsonhighstreet.com"
35.227.54.60 - - [10/Jul/2021:19:43:48 -0400] "GET /shop/cbg-healing-salve-1-oz HTTP/1.0" 200 28083 "-" "ZoominfoBot (zoominfobot at zoominfo dot com)"
204.48.19.85 - - [10/Jul/2021:19:44:11 -0400] "POST /wp-cron.php?doing_wp_cron=1625960651.0389029979705810546875 HTTP/1.1" 200 6350 "https://angelsonhighstreet.com/wp-cron.php?doing_wp_cron=1625960651.0389029979705810546875" "WordPress/5.7.2; https://angelsonhighstreet.com"
54.36.149.53 - - [10/Jul/2021:19:44:10 -0400] "GET /product-category/oils?product_count=32&product_orderby=rating HTTP/1.1" 200 21253 "-" "Mozilla/5.0 (compatible; AhrefsBot/7.0; +http://ahrefs.com/robot/)"
204.48.19.85 - - [10/Jul/2021:19:46:02 -0400] "POST /wp-cron.php?doing_wp_cron=1625960762.4421689510345458984375 HTTP/1.1" 200 6350 "https://angelsonhighstreet.com/wp-cron.php?doing_wp_cron=1625960762.4421689510345458984375" "WordPress/5.7.2; https://angelsonhighstreet.com"
35.227.54.60 - - [10/Jul/2021:19:46:01 -0400] "GET /shop/cbg-salve-with-lifter-terpenes HTTP/1.0" 200 28481 "-" "ZoominfoBot (zoominfobot at zoominfo dot com)"
54.36.148.48 - - [10/Jul/2021:19:46:49 -0400] "GET /product-category/oils?product_count=48&product_orderby=popularity HTTP/1.1" 200 21217 "-" "Mozilla/5.0 (compatible; AhrefsBot/7.0; +http://ahrefs.com/robot/)"
204.48.19.85 - - [10/Jul/2021:19:47:49 -0400] "POST /wp-cron.php?doing_wp_cron=1625960869.3834860324859619140625 HTTP/1.1" 200 6350 "https://angelsonhighstreet.com/wp-cron.php?doing_wp_cron=1625960869.3834860324859619140625" "WordPress/5.7.2; https://angelsonhighstreet.com"
35.227.54.60 - - [10/Jul/2021:19:47:48 -0400] "GET /bath-bombs HTTP/1.0" 404 19700 "-" "ZoominfoBot (zoominfobot at zoominfo dot com)"
204.48.19.85 - - [10/Jul/2021:19:49:18 -0400] "POST /wp-cron.php?doing_wp_cron=1625960957.9958870410919189453125 HTTP/1.1" 200 6350 "https://angelsonhighstreet.com/wp-cron.php?doing_wp_cron=1625960957.9958870410919189453125" "WordPress/5.7.2; https://angelsonhighstreet.com"
54.36.148.166 - - [10/Jul/2021:19:49:17 -0400] "GET /product-category/oils?product_count=16&product_order=desc&product_view=grid&product_orderby=date HTTP/1.1" 200 21254 "-" "Mozilla/5.0 (compatible; AhrefsBot/7.0; +http://ahrefs.com/robot/)"
40.77.167.51 - - [10/Jul/2021:19:49:42 -0400] "GET /robots.txt HTTP/1.1" 301 615 "-" "Mozilla/5.0 (compatible; bingbot/2.0; +http://www.bing.com/bingbot.htm)"
40.77.167.51 - - [10/Jul/2021:19:49:42 -0400] "GET /robots.txt HTTP/1.1" 200 6136 "-" "Mozilla/5.0 (compatible; bingbot/2.0; +http://www.bing.com/bingbot.htm)"
35.227.54.60 - - [10/Jul/2021:19:49:47 -0400] "GET /shop-full-width HTTP/1.0" 200 21199 "-" "ZoominfoBot (zoominfobot at zoominfo dot com)"
40.77.167.97 - - [10/Jul/2021:19:49:53 -0400] "GET / HTTP/1.1" 301 595 "-" "Mozilla/5.0 (compatible; bingbot/2.0; +http://www.bing.com/bingbot.htm)"
204.48.19.85 - - [10/Jul/2021:19:51:51 -0400] "POST /wp-cron.php?doing_wp_cron=1625961111.7450571060180664062500 HTTP/1.1" 200 6350 "https://angelsonhighstreet.com/wp-cron.php?doing_wp_cron=1625961111.7450571060180664062500" "WordPress/5.7.2; https://angelsonhighstreet.com"
54.36.148.254 - - [10/Jul/2021:19:51:51 -0400] "GET /product-category/oils?product_count=16&product_order=desc&product_view=grid&product_orderby=price HTTP/1.1" 200 21244 "-" "Mozilla/5.0 (compatible; AhrefsBot/7.0; +http://ahrefs.com/robot/)"
204.48.19.85 - - [10/Jul/2021:19:54:27 -0400] "POST /wp-cron.php?doing_wp_cron=1625961267.0371980667114257812500 HTTP/1.1" 200 6350 "https://angelsonhighstreet.com/wp-cron.php?doing_wp_cron=1625961267.0371980667114257812500" "WordPress/5.7.2; https://angelsonhighstreet.com"
54.36.148.150 - - [10/Jul/2021:19:54:26 -0400] "GET /product-category/oils?product_count=16&product_order=desc&product_view=grid&product_orderby=popularity HTTP/1.1" 200 21237 "-" "Mozilla/5.0 (compatible; AhrefsBot/7.0; +http://ahrefs.com/robot/)"
204.48.19.85 - - [10/Jul/2021:19:56:52 -0400] "POST /wp-cron.php?doing_wp_cron=1625961412.9111840724945068359375 HTTP/1.1" 200 6350 "https://angelsonhighstreet.com/wp-cron.php?doing_wp_cron=1625961412.9111840724945068359375" "WordPress/5.7.2; https://angelsonhighstreet.com"
54.36.148.248 - - [10/Jul/2021:19:56:52 -0400] "GET /product-category/oils?product_count=32&product_orderby=default HTTP/1.1" 200 21260 "-" "Mozilla/5.0 (compatible; AhrefsBot/7.0; +http://ahrefs.com/robot/)"
204.48.19.85 - - [10/Jul/2021:19:59:22 -0400] "POST /wp-cron.php?doing_wp_cron=1625961562.5566968917846679687500 HTTP/1.1" 200 6350 "https://angelsonhighstreet.com/wp-cron.php?doing_wp_cron=1625961562.5566968917846679687500" "WordPress/5.7.2; https://angelsonhighstreet.com"
54.36.148.226 - - [10/Jul/2021:19:59:21 -0400] "GET /product-category/oils?product_count=32&product_orderby=date HTTP/1.1" 200 21242 "-" "Mozilla/5.0 (compatible; AhrefsBot/7.0; +http://ahrefs.com/robot/)"
35.227.54.60 - - [10/Jul/2021:19:59:29 -0400] "GET /feed HTTP/1.0" 200 6214 "-" "ZoominfoBot (zoominfobot at zoominfo dot com)"
204.48.19.85 - - [10/Jul/2021:20:00:21 -0400] "POST /wp-cron.php?doing_wp_cron=1625961621.1598169803619384765625 HTTP/1.1" 200 6350 "https://angelsonhighstreet.com/wp-cron.php?doing_wp_cron=1625961621.1598169803619384765625" "WordPress/5.7.2; https://angelsonhighstreet.com"
35.227.54.60 - - [10/Jul/2021:20:00:20 -0400] "GET /affiliate-home/affiliate-register HTTP/1.0" 200 25011 "-" "ZoominfoBot (zoominfobot at zoominfo dot com)"
204.48.19.85 - - [10/Jul/2021:20:01:47 -0400] "POST /wp-cron.php?doing_wp_cron=1625961707.5439510345458984375000 HTTP/1.1" 200 6350 "https://angelsonhighstreet.com/wp-cron.php?doing_wp_cron=1625961707.5439510345458984375000" "WordPress/5.7.2; https://angelsonhighstreet.com"
54.36.148.100 - - [10/Jul/2021:20:01:46 -0400] "GET /product-category/oils?product_count=32&product_orderby=popularity HTTP/1.1" 200 21251 "-" "Mozilla/5.0 (compatible; AhrefsBot/7.0; +http://ahrefs.com/robot/)"
204.48.19.85 - - [10/Jul/2021:20:01:57 -0400] "POST /wp-cron.php?doing_wp_cron=1625961717.1508860588073730468750 HTTP/1.1" 200 6350 "https://angelsonhighstreet.com/wp-cron.php?doing_wp_cron=1625961717.1508860588073730468750" "WordPress/5.7.2; https://angelsonhighstreet.com"
35.227.54.60 - - [10/Jul/2021:20:01:56 -0400] "GET /shop/2000mg-30ml-cbd-oil HTTP/1.0" 200 23127 "-" "ZoominfoBot (zoominfobot at zoominfo dot com)"
204.48.19.85 - - [10/Jul/2021:20:03:22 -0400] "POST /wp-cron.php?doing_wp_cron=1625961802.0389189720153808593750 HTTP/1.1" 200 6350 "https://angelsonhighstreet.com/wp-cron.php?doing_wp_cron=1625961802.0389189720153808593750" "WordPress/5.7.2; https://angelsonhighstreet.com"
35.227.54.60 - - [10/Jul/2021:20:03:21 -0400] "GET /about-us HTTP/1.0" 200 20898 "-" "ZoominfoBot (zoominfobot at zoominfo dot com)"
204.48.19.85 - - [10/Jul/2021:20:04:16 -0400] "POST /wp-cron.php?doing_wp_cron=1625961856.1794629096984863281250 HTTP/1.1" 200 6350 "https://angelsonhighstreet.com/wp-cron.php?doing_wp_cron=1625961856.1794629096984863281250" "WordPress/5.7.2; https://angelsonhighstreet.com"
35.227.54.60 - - [10/Jul/2021:20:04:15 -0400] "GET /cart HTTP/1.0" 200 21945 "-" "ZoominfoBot (zoominfobot at zoominfo dot com)"
54.36.148.222 - - [10/Jul/2021:20:04:16 -0400] "GET /product-category/oils?product_count=32&product_order=desc&product_view=grid&product_orderby=default HTTP/1.1" 200 21270 "-" "Mozilla/5.0 (compatible; AhrefsBot/7.0; +http://ahrefs.com/robot/)"
66.249.66.41 - - [10/Jul/2021:20:05:20 -0400] "GET /shop-full-width?product_view=grid&product_count=32&product_order=asc&product_orderby=popularity HTTP/1.1" 200 21982 "-" "Mozilla/5.0 (Linux; Android 6.0.1; Nexus 5X Build/MMB29P) AppleWebKit/537.36 (KHTML, like Gecko) Chrome/91.0.4472.90 Mobile Safari/537.36 (compatible; Googlebot/2.1; +http://www.google.com/bot.html)"
66.249.66.35 - - [10/Jul/2021:20:05:28 -0400] "POST /?wc-ajax=get_refreshed_fragments HTTP/1.1" 200 6901 "https://angelsonhighstreet.com/shop-full-width?product_view=grid&product_count=32&product_order=asc&product_orderby=popularity" "Mozilla/5.0 (Linux; Android 6.0.1; Nexus 5X Build/MMB29P) AppleWebKit/537.36 (KHTML, like Gecko) Chrome/91.0.4472.90 Mobile Safari/537.36 (compatible; Googlebot/2.1; +http://www.google.com/bot.html)"
204.48.19.85 - - [10/Jul/2021:20:06:47 -0400] "POST /wp-cron.php?doing_wp_cron=1625962007.7588360309600830078125 HTTP/1.1" 200 6350 "https://angelsonhighstreet.com/wp-cron.php?doing_wp_cron=1625962007.7588360309600830078125" "WordPress/5.7.2; https://angelsonhighstreet.com"
54.36.148.233 - - [10/Jul/2021:20:06:42 -0400] "GET /product-category/oils?product_order=desc&product_orderby=price&product_view=grid&product_count=16 HTTP/1.1" 200 21280 "-" "Mozilla/5.0 (compatible; AhrefsBot/7.0; +http://ahrefs.com/robot/)"
204.48.19.85 - - [10/Jul/2021:20:08:51 -0400] "POST /wp-cron.php?doing_wp_cron=1625962131.2174720764160156250000 HTTP/1.1" 200 6350 "https://angelsonhighstreet.com/wp-cron.php?doing_wp_cron=1625962131.2174720764160156250000" "WordPress/5.7.2; https://angelsonhighstreet.com"
35.227.54.60 - - [10/Jul/2021:20:08:50 -0400] "GET /affiliate-home HTTP/1.0" 200 20209 "-" "ZoominfoBot (zoominfobot at zoominfo dot com)"
204.48.19.85 - - [10/Jul/2021:20:09:15 -0400] "POST /wp-cron.php?doing_wp_cron=1625962155.8426830768585205078125 HTTP/1.1" 200 6350 "https://angelsonhighstreet.com/wp-cron.php?doing_wp_cron=1625962155.8426830768585205078125" "WordPress/5.7.2; https://angelsonhighstreet.com"
54.36.148.117 - - [10/Jul/2021:20:09:15 -0400] "GET /product-category/oils?product_view=list&product_count=48&product_order=desc&product_orderby=default HTTP/1.1" 200 21571 "-" "Mozilla/5.0 (compatible; AhrefsBot/7.0; +http://ahrefs.com/robot/)"
204.48.19.85 - - [10/Jul/2021:20:11:15 -0400] "POST /wp-cron.php?doing_wp_cron=1625962275.2800540924072265625000 HTTP/1.1" 200 6350 "https://angelsonhighstreet.com/wp-cron.php?doing_wp_cron=1625962275.2800540924072265625000" "WordPress/5.7.2; https://angelsonhighstreet.com"
35.227.54.60 - - [10/Jul/2021:20:11:14 -0400] "GET /affiliate-home/affiliate-login HTTP/1.0" 200 19864 "-" "ZoominfoBot (zoominfobot at zoominfo dot com)"
35.227.54.60 - - [10/Jul/2021:20:11:26 -0400] "GET /my-account HTTP/1.0" 200 20861 "-" "ZoominfoBot (zoominfobot at zoominfo dot com)"
35.227.54.60 - - [10/Jul/2021:20:11:51 -0400] "GET /what-is-cbd HTTP/1.0" 200 21078 "-" "ZoominfoBot (zoominfobot at zoominfo dot com)"
54.36.149.70 - - [10/Jul/2021:20:11:54 -0400] "GET /product-category/oils?product_order=desc&product_orderby=rating&product_view=grid&product_count=16 HTTP/1.1" 200 21268 "-" "Mozilla/5.0 (compatible; AhrefsBot/7.0; +http://ahrefs.com/robot/)"
204.48.19.85 - - [10/Jul/2021:20:14:33 -0400] "POST /wp-cron.php?doing_wp_cron=1625962473.0626249313354492187500 HTTP/1.1" 200 6350 "https://angelsonhighstreet.com/wp-cron.php?doing_wp_cron=1625962473.0626249313354492187500" "WordPress/5.7.2; https://angelsonhighstreet.com"
