24.102.204.214 - - [10/Jul/2021:11:00:28 -0400] "GET /wp-content/uploads/fusion-styles/15e6b0b5e48de1d64664be89b4d4bc7c.min.css?ver=3.2.1 HTTP/1.1" 200 150096 "https://angelsonhighstreet.com/" "Mozilla/5.0 (iPhone; CPU iPhone OS 14_6 like Mac OS X) AppleWebKit/605.1.15 (KHTML, like Gecko) CriOS/91.0.4472.80 Mobile/15E148 Safari/604.1"
24.102.204.214 - - [10/Jul/2021:11:00:28 -0400] "GET /wp-includes/js/jquery/jquery.min.js?ver=3.5.1 HTTP/1.1" 200 31463 "https://angelsonhighstreet.com/" "Mozilla/5.0 (iPhone; CPU iPhone OS 14_6 like Mac OS X) AppleWebKit/605.1.15 (KHTML, like Gecko) CriOS/91.0.4472.80 Mobile/15E148 Safari/604.1"
24.102.204.214 - - [10/Jul/2021:11:00:28 -0400] "GET /wp-includes/js/jquery/jquery-migrate.min.js?ver=3.3.2 HTTP/1.1" 200 4649 "https://angelsonhighstreet.com/" "Mozilla/5.0 (iPhone; CPU iPhone OS 14_6 like Mac OS X) AppleWebKit/605.1.15 (KHTML, like Gecko) CriOS/91.0.4472.80 Mobile/15E148 Safari/604.1"
24.102.204.214 - - [10/Jul/2021:11:00:28 -0400] "GET /wp-content/plugins/google-analytics-dashboard-for-wp/assets/js/frontend-gtag.min.js?ver=6.7.0 HTTP/1.1" 200 3280 "https://angelsonhighstreet.com/" "Mozilla/5.0 (iPhone; CPU iPhone OS 14_6 like Mac OS X) AppleWebKit/605.1.15 (KHTML, like Gecko) CriOS/91.0.4472.80 Mobile/15E148 Safari/604.1"
24.102.204.214 - - [10/Jul/2021:11:00:28 -0400] "GET /wp-content/plugins/wp-optin-wheel/public/js/public.min.js?ver=1.3.2 HTTP/1.1" 200 3754 "https://angelsonhighstreet.com/" "Mozilla/5.0 (iPhone; CPU iPhone OS 14_6 like Mac OS X) AppleWebKit/605.1.15 (KHTML, like Gecko) CriOS/91.0.4472.80 Mobile/15E148 Safari/604.1"
24.102.204.214 - - [10/Jul/2021:11:00:28 -0400] "GET /wp-content/plugins/woocommerce-square/assets/css/frontend/wc-square-cart-checkout-blocks.min.css?ver=2.5.1 HTTP/1.1" 200 1299 "https://angelsonhighstreet.com/" "Mozilla/5.0 (iPhone; CPU iPhone OS 14_6 like Mac OS X) AppleWebKit/605.1.15 (KHTML, like Gecko) CriOS/91.0.4472.80 Mobile/15E148 Safari/604.1"
24.102.204.214 - - [10/Jul/2021:11:00:28 -0400] "GET /wp-includes/css/dist/block-library/theme.min.css?ver=5.7.2 HTTP/1.1" 200 1169 "https://angelsonhighstreet.com/" "Mozilla/5.0 (iPhone; CPU iPhone OS 14_6 like Mac OS X) AppleWebKit/605.1.15 (KHTML, like Gecko) CriOS/91.0.4472.80 Mobile/15E148 Safari/604.1"
24.102.204.214 - - [10/Jul/2021:11:00:28 -0400] "GET /wp-includes/css/dist/block-library/style.min.css?ver=5.7.2 HTTP/1.1" 200 9173 "https://angelsonhighstreet.com/" "Mozilla/5.0 (iPhone; CPU iPhone OS 14_6 like Mac OS X) AppleWebKit/605.1.15 (KHTML, like Gecko) CriOS/91.0.4472.80 Mobile/15E148 Safari/604.1"
24.102.204.214 - - [10/Jul/2021:11:00:28 -0400] "GET /wp-content/plugins/wp-optin-wheel/public/css/public.min.css?ver=1.3.2 HTTP/1.1" 200 2546 "https://angelsonhighstreet.com/" "Mozilla/5.0 (iPhone; CPU iPhone OS 14_6 like Mac OS X) AppleWebKit/605.1.15 (KHTML, like Gecko) CriOS/91.0.4472.80 Mobile/15E148 Safari/604.1"
24.102.204.214 - - [10/Jul/2021:11:00:28 -0400] "GET /wp-content/plugins/wp-optin-wheel/public/css/theme-green.css?ver=1.3.2 HTTP/1.1" 200 617 "https://angelsonhighstreet.com/" "Mozilla/5.0 (iPhone; CPU iPhone OS 14_6 like Mac OS X) AppleWebKit/605.1.15 (KHTML, like Gecko) CriOS/91.0.4472.80 Mobile/15E148 Safari/604.1"
24.102.204.214 - - [10/Jul/2021:11:00:28 -0400] "GET /wp-content/plugins/age-gate/public/js/age-gate-public.js?ver=2.15.0 HTTP/1.1" 200 6737 "https://angelsonhighstreet.com/" "Mozilla/5.0 (iPhone; CPU iPhone OS 14_6 like Mac OS X) AppleWebKit/605.1.15 (KHTML, like Gecko) CriOS/91.0.4472.80 Mobile/15E148 Safari/604.1"
24.102.204.214 - - [10/Jul/2021:11:00:28 -0400] "GET /wp-content/plugins/age-gate/public/js/age-gate-public-tab.js?ver=2.15.0 HTTP/1.1" 200 869 "https://angelsonhighstreet.com/" "Mozilla/5.0 (iPhone; CPU iPhone OS 14_6 like Mac OS X) AppleWebKit/605.1.15 (KHTML, like Gecko) CriOS/91.0.4472.80 Mobile/15E148 Safari/604.1"
24.102.204.214 - - [10/Jul/2021:11:00:28 -0400] "GET /wp-content/plugins/age-gate/public/js/age-gate-shortcode.js?ver=2.15.0 HTTP/1.1" 200 2732 "https://angelsonhighstreet.com/" "Mozilla/5.0 (iPhone; CPU iPhone OS 14_6 like Mac OS X) AppleWebKit/605.1.15 (KHTML, like Gecko) CriOS/91.0.4472.80 Mobile/15E148 Safari/604.1"
24.102.204.214 - - [10/Jul/2021:11:00:28 -0400] "GET /wp-includes/js/dist/vendor/wp-polyfill.min.js?ver=7.4.4 HTTP/1.1" 200 34810 "https://angelsonhighstreet.com/" "Mozilla/5.0 (iPhone; CPU iPhone OS 14_6 like Mac OS X) AppleWebKit/605.1.15 (KHTML, like Gecko) CriOS/91.0.4472.80 Mobile/15E148 Safari/604.1"
24.102.204.214 - - [10/Jul/2021:11:00:29 -0400] "GET /wp-content/plugins/contact-form-7/includes/js/index.js?ver=5.4.1 HTTP/1.1" 200 4484 "https://angelsonhighstreet.com/" "Mozilla/5.0 (iPhone; CPU iPhone OS 14_6 like Mac OS X) AppleWebKit/605.1.15 (KHTML, like Gecko) CriOS/91.0.4472.80 Mobile/15E148 Safari/604.1"
24.102.204.214 - - [10/Jul/2021:11:00:29 -0400] "GET /wp-content/plugins/revslider/public/assets/js/rbtools.min.js?ver=6.3.3 HTTP/1.1" 200 46697 "https://angelsonhighstreet.com/" "Mozilla/5.0 (iPhone; CPU iPhone OS 14_6 like Mac OS X) AppleWebKit/605.1.15 (KHTML, like Gecko) CriOS/91.0.4472.80 Mobile/15E148 Safari/604.1"
24.102.204.214 - - [10/Jul/2021:11:00:29 -0400] "GET /wp-content/plugins/revslider/public/assets/js/rs6.min.js?ver=6.3.3 HTTP/1.1" 200 86331 "https://angelsonhighstreet.com/" "Mozilla/5.0 (iPhone; CPU iPhone OS 14_6 like Mac OS X) AppleWebKit/605.1.15 (KHTML, like Gecko) CriOS/91.0.4472.80 Mobile/15E148 Safari/604.1"
24.102.204.214 - - [10/Jul/2021:11:00:29 -0400] "GET /wp-content/plugins/woocommerce/assets/js/jquery-blockui/jquery.blockUI.min.js?ver=2.70 HTTP/1.1" 200 3961 "https://angelsonhighstreet.com/" "Mozilla/5.0 (iPhone; CPU iPhone OS 14_6 like Mac OS X) AppleWebKit/605.1.15 (KHTML, like Gecko) CriOS/91.0.4472.80 Mobile/15E148 Safari/604.1"
24.102.204.214 - - [10/Jul/2021:11:00:29 -0400] "GET /wp-content/plugins/woocommerce/assets/js/frontend/add-to-cart.min.js?ver=5.3.0 HTTP/1.1" 200 1522 "https://angelsonhighstreet.com/" "Mozilla/5.0 (iPhone; CPU iPhone OS 14_6 like Mac OS X) AppleWebKit/605.1.15 (KHTML, like Gecko) CriOS/91.0.4472.80 Mobile/15E148 Safari/604.1"
24.102.204.214 - - [10/Jul/2021:11:00:29 -0400] "GET /wp-content/plugins/woocommerce/assets/js/js-cookie/js.cookie.min.js?ver=2.1.4 HTTP/1.1" 200 1417 "https://angelsonhighstreet.com/" "Mozilla/5.0 (iPhone; CPU iPhone OS 14_6 like Mac OS X) AppleWebKit/605.1.15 (KHTML, like Gecko) CriOS/91.0.4472.80 Mobile/15E148 Safari/604.1"
24.102.204.214 - - [10/Jul/2021:11:00:29 -0400] "GET /wp-content/plugins/woocommerce/assets/js/frontend/woocommerce.min.js?ver=5.3.0 HTTP/1.1" 200 1222 "https://angelsonhighstreet.com/" "Mozilla/5.0 (iPhone; CPU iPhone OS 14_6 like Mac OS X) AppleWebKit/605.1.15 (KHTML, like Gecko) CriOS/91.0.4472.80 Mobile/15E148 Safari/604.1"
24.102.204.214 - - [10/Jul/2021:11:00:29 -0400] "GET /wp-content/plugins/woocommerce/assets/js/frontend/cart-fragments.min.js?ver=5.3.0 HTTP/1.1" 200 1475 "https://angelsonhighstreet.com/" "Mozilla/5.0 (iPhone; CPU iPhone OS 14_6 like Mac OS X) AppleWebKit/605.1.15 (KHTML, like Gecko) CriOS/91.0.4472.80 Mobile/15E148 Safari/604.1"
24.102.204.214 - - [10/Jul/2021:11:00:29 -0400] "GET /wp-includes/js/wp-embed.min.js?ver=5.7.2 HTTP/1.1" 200 1200 "https://angelsonhighstreet.com/" "Mozilla/5.0 (iPhone; CPU iPhone OS 14_6 like Mac OS X) AppleWebKit/605.1.15 (KHTML, like Gecko) CriOS/91.0.4472.80 Mobile/15E148 Safari/604.1"
24.102.204.214 - - [10/Jul/2021:11:00:29 -0400] "GET /wp-includes/js/wp-emoji-release.min.js?ver=5.7.2 HTTP/1.1" 200 5142 "https://angelsonhighstreet.com/" "Mozilla/5.0 (iPhone; CPU iPhone OS 14_6 like Mac OS X) AppleWebKit/605.1.15 (KHTML, like Gecko) CriOS/91.0.4472.80 Mobile/15E148 Safari/604.1"
24.102.204.214 - - [10/Jul/2021:11:00:29 -0400] "GET /wp-content/uploads/fusion-gfonts/qkBIXvYC6trAT55ZBi1ueQVIjQTD-JqaE0lMZbLXGimS.woff HTTP/1.1" 200 15349 "https://angelsonhighstreet.com/" "Mozilla/5.0 (iPhone; CPU iPhone OS 14_6 like Mac OS X) AppleWebKit/605.1.15 (KHTML, like Gecko) CriOS/91.0.4472.80 Mobile/15E148 Safari/604.1"
24.102.204.214 - - [10/Jul/2021:11:00:29 -0400] "GET /wp-content/uploads/fusion-scripts/250c2b9f76b9189f0607771277c32ada.min.js?ver=3.2.1 HTTP/1.1" 200 122595 "https://angelsonhighstreet.com/" "Mozilla/5.0 (iPhone; CPU iPhone OS 14_6 like Mac OS X) AppleWebKit/605.1.15 (KHTML, like Gecko) CriOS/91.0.4472.80 Mobile/15E148 Safari/604.1"
24.102.204.214 - - [10/Jul/2021:11:00:29 -0400] "GET /wp-content/uploads/fusion-gfonts/JTURjIg1_i6t8kCHKm45_dJE3gnD-Px3rCs.woff HTTP/1.1" 200 17525 "https://angelsonhighstreet.com/" "Mozilla/5.0 (iPhone; CPU iPhone OS 14_6 like Mac OS X) AppleWebKit/605.1.15 (KHTML, like Gecko) CriOS/91.0.4472.80 Mobile/15E148 Safari/604.1"
24.102.204.214 - - [10/Jul/2021:11:00:29 -0400] "GET /wp-content/themes/Avada/includes/lib/assets/fonts/icomoon/icomoon.woff HTTP/1.1" 200 13272 "https://angelsonhighstreet.com/" "Mozilla/5.0 (iPhone; CPU iPhone OS 14_6 like Mac OS X) AppleWebKit/605.1.15 (KHTML, like Gecko) CriOS/91.0.4472.80 Mobile/15E148 Safari/604.1"
24.102.204.214 - - [10/Jul/2021:11:00:29 -0400] "GET /wp-content/uploads/fusion-gfonts/qkBKXvYC6trAT7RQNNK2EG7SIwPWMNlCV3lIb7X1HgGQ0tQ.woff HTTP/1.1" 200 15580 "https://angelsonhighstreet.com/" "Mozilla/5.0 (iPhone; CPU iPhone OS 14_6 like Mac OS X) AppleWebKit/605.1.15 (KHTML, like Gecko) CriOS/91.0.4472.80 Mobile/15E148 Safari/604.1"
24.102.204.214 - - [10/Jul/2021:11:00:29 -0400] "GET /wp-content/uploads/fusion-gfonts/qkBIXvYC6trAT55ZBi1ueQVIjQTDH52aE0lMZbLXGimS.woff HTTP/1.1" 200 15341 "https://angelsonhighstreet.com/" "Mozilla/5.0 (iPhone; CPU iPhone OS 14_6 like Mac OS X) AppleWebKit/605.1.15 (KHTML, like Gecko) CriOS/91.0.4472.80 Mobile/15E148 Safari/604.1"
24.102.204.214 - - [10/Jul/2021:11:00:29 -0400] "GET /wp-content/themes/Avada/includes/lib/assets/fonts/fontawesome/webfonts/fa-regular-400.woff2 HTTP/1.1" 200 14074 "https://angelsonhighstreet.com/" "Mozilla/5.0 (iPhone; CPU iPhone OS 14_6 like Mac OS X) AppleWebKit/605.1.15 (KHTML, like Gecko) CriOS/91.0.4472.80 Mobile/15E148 Safari/604.1"
24.102.204.214 - - [10/Jul/2021:11:00:29 -0400] "GET /wp-content/uploads/2020/05/aohs_righttext_logo-e1590068585746.png HTTP/1.1" 200 62245 "https://angelsonhighstreet.com/" "Mozilla/5.0 (iPhone; CPU iPhone OS 14_6 like Mac OS X) AppleWebKit/605.1.15 (KHTML, like Gecko) CriOS/91.0.4472.80 Mobile/15E148 Safari/604.1"
24.102.204.214 - - [10/Jul/2021:11:00:29 -0400] "GET /wp-content/uploads/2020/08/C5B83DAF-9E96-49A0-AAA0-C902DBEB3B68.jpeg HTTP/1.1" 200 85904 "https://angelsonhighstreet.com/" "Mozilla/5.0 (iPhone; CPU iPhone OS 14_6 like Mac OS X) AppleWebKit/605.1.15 (KHTML, like Gecko) CriOS/91.0.4472.80 Mobile/15E148 Safari/604.1"
24.102.204.214 - - [10/Jul/2021:11:00:29 -0400] "GET /wp-content/uploads/2019/05/IMG_0405-1200x1703.jpg HTTP/1.1" 200 285548 "https://angelsonhighstreet.com/" "Mozilla/5.0 (iPhone; CPU iPhone OS 14_6 like Mac OS X) AppleWebKit/605.1.15 (KHTML, like Gecko) CriOS/91.0.4472.80 Mobile/15E148 Safari/604.1"
24.102.204.214 - - [10/Jul/2021:11:00:29 -0400] "GET /wp-content/uploads/2020/08/D7CE7FC9-6B66-4E0F-B3A8-E17389D30D20.jpeg HTTP/1.1" 200 105313 "https://angelsonhighstreet.com/" "Mozilla/5.0 (iPhone; CPU iPhone OS 14_6 like Mac OS X) AppleWebKit/605.1.15 (KHTML, like Gecko) CriOS/91.0.4472.80 Mobile/15E148 Safari/604.1"
24.102.204.214 - - [10/Jul/2021:11:00:29 -0400] "GET /wp-content/uploads/2020/08/D37CB261-2BE3-4FB2-AE52-84F8AC85FF3A.jpeg HTTP/1.1" 200 96561 "https://angelsonhighstreet.com/" "Mozilla/5.0 (iPhone; CPU iPhone OS 14_6 like Mac OS X) AppleWebKit/605.1.15 (KHTML, like Gecko) CriOS/91.0.4472.80 Mobile/15E148 Safari/604.1"
54.36.149.83 - - [10/Jul/2021:11:00:47 -0400] "GET /product-category/salves?product_orderby=date&product_count=32&product_order=desc&product_view=grid HTTP/1.1" 200 21485 "-" "Mozilla/5.0 (compatible; AhrefsBot/7.0; +http://ahrefs.com/robot/)"
204.48.19.85 - - [10/Jul/2021:11:03:24 -0400] "POST /wp-cron.php?doing_wp_cron=1625929404.0087599754333496093750 HTTP/1.1" 200 6350 "https://angelsonhighstreet.com/wp-cron.php?doing_wp_cron=1625929404.0087599754333496093750" "WordPress/5.7.2; https://angelsonhighstreet.com"
54.36.148.60 - - [10/Jul/2021:11:03:23 -0400] "GET /shop-full-width?product_view=list&product_orderby=date&product_order=desc&product_count=48 HTTP/1.1" 200 22278 "-" "Mozilla/5.0 (compatible; AhrefsBot/7.0; +http://ahrefs.com/robot/)"
204.48.19.85 - - [10/Jul/2021:11:05:56 -0400] "POST /wp-cron.php?doing_wp_cron=1625929556.4971799850463867187500 HTTP/1.1" 200 6350 "https://angelsonhighstreet.com/wp-cron.php?doing_wp_cron=1625929556.4971799850463867187500" "WordPress/5.7.2; https://angelsonhighstreet.com"
54.36.148.192 - - [10/Jul/2021:11:05:56 -0400] "GET /shop-full-width?product_view=list&product_orderby=default&product_order=desc&product_count=16 HTTP/1.1" 200 22275 "-" "Mozilla/5.0 (compatible; AhrefsBot/7.0; +http://ahrefs.com/robot/)"
204.48.19.85 - - [10/Jul/2021:11:08:29 -0400] "POST /wp-cron.php?doing_wp_cron=1625929709.2356328964233398437500 HTTP/1.1" 200 6350 "https://angelsonhighstreet.com/wp-cron.php?doing_wp_cron=1625929709.2356328964233398437500" "WordPress/5.7.2; https://angelsonhighstreet.com"
54.36.149.11 - - [10/Jul/2021:11:08:29 -0400] "GET /shop-full-width?product_view=grid&product_orderby=default&product_order=asc&product_count=32 HTTP/1.1" 200 21926 "-" "Mozilla/5.0 (compatible; AhrefsBot/7.0; +http://ahrefs.com/robot/)"
204.48.19.85 - - [10/Jul/2021:11:11:06 -0400] "POST /wp-cron.php?doing_wp_cron=1625929866.7402389049530029296875 HTTP/1.1" 200 6350 "https://angelsonhighstreet.com/wp-cron.php?doing_wp_cron=1625929866.7402389049530029296875" "WordPress/5.7.2; https://angelsonhighstreet.com"
54.36.148.112 - - [10/Jul/2021:11:11:06 -0400] "GET /shop-full-width?product_view=list&product_orderby=rating&product_order=desc&product_count=32 HTTP/1.1" 200 22300 "-" "Mozilla/5.0 (compatible; AhrefsBot/7.0; +http://ahrefs.com/robot/)"
204.48.19.85 - - [10/Jul/2021:11:13:40 -0400] "POST /wp-cron.php?doing_wp_cron=1625930020.5192210674285888671875 HTTP/1.1" 200 6350 "https://angelsonhighstreet.com/wp-cron.php?doing_wp_cron=1625930020.5192210674285888671875" "WordPress/5.7.2; https://angelsonhighstreet.com"
54.36.148.46 - - [10/Jul/2021:11:13:40 -0400] "GET /shop-full-width?product_view=list&product_orderby=default&product_order=asc&product_count=48 HTTP/1.1" 200 22304 "-" "Mozilla/5.0 (compatible; AhrefsBot/7.0; +http://ahrefs.com/robot/)"
204.48.19.85 - - [10/Jul/2021:11:17:32 -0400] "POST /wp-cron.php?doing_wp_cron=1625930252.7366349697113037109375 HTTP/1.1" 200 6350 "https://angelsonhighstreet.com/wp-cron.php?doing_wp_cron=1625930252.7366349697113037109375" "WordPress/5.7.2; https://angelsonhighstreet.com"
54.36.149.10 - - [10/Jul/2021:11:17:32 -0400] "GET /product-category/salves?product_count=32&product_order=asc&product_view=grid&product_orderby=name HTTP/1.1" 200 21453 "-" "Mozilla/5.0 (compatible; AhrefsBot/7.0; +http://ahrefs.com/robot/)"
204.48.19.85 - - [10/Jul/2021:11:18:33 -0400] "POST /wp-cron.php?doing_wp_cron=1625930313.1185400485992431640625 HTTP/1.1" 200 6350 "https://angelsonhighstreet.com/wp-cron.php?doing_wp_cron=1625930313.1185400485992431640625" "WordPress/5.7.2; https://angelsonhighstreet.com"
207.46.13.130 - - [10/Jul/2021:11:18:32 -0400] "GET /wp-sitemap-users-1.xml HTTP/1.1" 200 6117 "-" "Mozilla/5.0 (compatible; bingbot/2.0; +http://www.bing.com/bingbot.htm)"
204.48.19.85 - - [10/Jul/2021:11:20:31 -0400] "POST /wp-cron.php?doing_wp_cron=1625930431.9581289291381835937500 HTTP/1.1" 200 6350 "https://angelsonhighstreet.com/wp-cron.php?doing_wp_cron=1625930431.9581289291381835937500" "WordPress/5.7.2; https://angelsonhighstreet.com"
185.191.171.25 - - [10/Jul/2021:11:20:31 -0400] "GET /robots.txt HTTP/1.1" 200 6554 "-" "Mozilla/5.0 (compatible; SemrushBot/7~bl; +http://www.semrush.com/bot.html)"
185.191.171.38 - - [10/Jul/2021:11:20:32 -0400] "GET /shop-full-width?product_count=48&product_view=list HTTP/1.1" 200 22241 "-" "Mozilla/5.0 (compatible; SemrushBot/7~bl; +http://www.semrush.com/bot.html)"
204.48.19.85 - - [10/Jul/2021:11:22:11 -0400] "POST /wp-cron.php?doing_wp_cron=1625930531.4767289161682128906250 HTTP/1.1" 200 6350 "https://angelsonhighstreet.com/wp-cron.php?doing_wp_cron=1625930531.4767289161682128906250" "WordPress/5.7.2; https://angelsonhighstreet.com"
54.36.148.235 - - [10/Jul/2021:11:22:11 -0400] "GET /product-category/salves?product_count=16&product_order=asc&product_view=grid&product_orderby=default HTTP/1.1" 200 21225 "-" "Mozilla/5.0 (compatible; AhrefsBot/7.0; +http://ahrefs.com/robot/)"
204.48.19.85 - - [10/Jul/2021:11:24:38 -0400] "POST /wp-cron.php?doing_wp_cron=1625930678.1296420097351074218750 HTTP/1.1" 200 6350 "https://angelsonhighstreet.com/wp-cron.php?doing_wp_cron=1625930678.1296420097351074218750" "WordPress/5.7.2; https://angelsonhighstreet.com"
54.36.148.39 - - [10/Jul/2021:11:24:38 -0400] "GET /product-category/salves?product_orderby=default HTTP/1.1" 200 21450 "-" "Mozilla/5.0 (compatible; AhrefsBot/7.0; +http://ahrefs.com/robot/)"
204.48.19.85 - - [10/Jul/2021:11:26:53 -0400] "POST /wp-cron.php?doing_wp_cron=1625930813.0756750106811523437500 HTTP/1.1" 200 6350 "https://angelsonhighstreet.com/wp-cron.php?doing_wp_cron=1625930813.0756750106811523437500" "WordPress/5.7.2; https://angelsonhighstreet.com"
54.36.149.41 - - [10/Jul/2021:11:26:52 -0400] "GET /shop-full-width?product_view=grid&product_order=asc&product_count=16&product_orderby=default HTTP/1.1" 200 21954 "-" "Mozilla/5.0 (compatible; AhrefsBot/7.0; +http://ahrefs.com/robot/)"
204.48.19.85 - - [10/Jul/2021:11:28:51 -0400] "POST /wp-cron.php?doing_wp_cron=1625930931.3946440219879150390625 HTTP/1.1" 200 6350 "https://angelsonhighstreet.com/wp-cron.php?doing_wp_cron=1625930931.3946440219879150390625" "WordPress/5.7.2; https://angelsonhighstreet.com"
54.36.149.41 - - [10/Jul/2021:11:28:51 -0400] "GET /shop-full-width?product_view=list&product_orderby=rating&product_order=desc&product_count=48 HTTP/1.1" 200 22302 "-" "Mozilla/5.0 (compatible; AhrefsBot/7.0; +http://ahrefs.com/robot/)"
204.48.19.85 - - [10/Jul/2021:11:30:54 -0400] "POST /wp-cron.php?doing_wp_cron=1625931054.4132139682769775390625 HTTP/1.1" 200 6350 "https://angelsonhighstreet.com/wp-cron.php?doing_wp_cron=1625931054.4132139682769775390625" "WordPress/5.7.2; https://angelsonhighstreet.com"
54.36.148.241 - - [10/Jul/2021:11:30:54 -0400] "GET /product-category/salves?product_count=16&product_order=asc&product_orderby=default&product_view=grid HTTP/1.1" 200 21472 "-" "Mozilla/5.0 (compatible; AhrefsBot/7.0; +http://ahrefs.com/robot/)"
204.48.19.85 - - [10/Jul/2021:11:32:50 -0400] "POST /wp-cron.php?doing_wp_cron=1625931170.7358250617980957031250 HTTP/1.1" 200 6350 "https://angelsonhighstreet.com/wp-cron.php?doing_wp_cron=1625931170.7358250617980957031250" "WordPress/5.7.2; https://angelsonhighstreet.com"
54.36.148.252 - - [10/Jul/2021:11:32:50 -0400] "GET /shop/holy-grail-cbd-healing-salve-1-oz HTTP/1.1" 200 28402 "-" "Mozilla/5.0 (compatible; AhrefsBot/7.0; +http://ahrefs.com/robot/)"
54.36.148.120 - - [10/Jul/2021:11:34:44 -0400] "GET /product-category/salves?product_count=16&product_order=asc&product_view=grid&product_orderby=date HTTP/1.1" 200 21226 "-" "Mozilla/5.0 (compatible; AhrefsBot/7.0; +http://ahrefs.com/robot/)"
204.48.19.85 - - [10/Jul/2021:11:34:45 -0400] "POST /wp-cron.php?doing_wp_cron=1625931285.0240330696105957031250 HTTP/1.1" 200 6350 "https://angelsonhighstreet.com/wp-cron.php?doing_wp_cron=1625931285.0240330696105957031250" "WordPress/5.7.2; https://angelsonhighstreet.com"
204.48.19.85 - - [10/Jul/2021:11:36:43 -0400] "POST /wp-cron.php?doing_wp_cron=1625931403.8489999771118164062500 HTTP/1.1" 200 6350 "https://angelsonhighstreet.com/wp-cron.php?doing_wp_cron=1625931403.8489999771118164062500" "WordPress/5.7.2; https://angelsonhighstreet.com"
54.36.148.50 - - [10/Jul/2021:11:36:43 -0400] "GET /shop-full-width?product_view=grid&product_order=asc&product_count=16&product_orderby=price HTTP/1.1" 200 21964 "-" "Mozilla/5.0 (compatible; AhrefsBot/7.0; +http://ahrefs.com/robot/)"
204.48.19.85 - - [10/Jul/2021:11:38:43 -0400] "POST /wp-cron.php?doing_wp_cron=1625931523.8641359806060791015625 HTTP/1.1" 200 6350 "https://angelsonhighstreet.com/wp-cron.php?doing_wp_cron=1625931523.8641359806060791015625" "WordPress/5.7.2; https://angelsonhighstreet.com"
54.36.148.234 - - [10/Jul/2021:11:38:43 -0400] "GET /product-category/salves?product_orderby=name HTTP/1.1" 200 21452 "-" "Mozilla/5.0 (compatible; AhrefsBot/7.0; +http://ahrefs.com/robot/)"
204.48.19.85 - - [10/Jul/2021:11:40:30 -0400] "POST /wp-cron.php?doing_wp_cron=1625931630.8663640022277832031250 HTTP/1.1" 200 6350 "https://angelsonhighstreet.com/wp-cron.php?doing_wp_cron=1625931630.8663640022277832031250" "WordPress/5.7.2; https://angelsonhighstreet.com"
54.36.149.99 - - [10/Jul/2021:11:40:30 -0400] "GET /product-category/salves?product_count=16&product_order=asc&product_orderby=rating&product_view=grid HTTP/1.1" 200 21384 "-" "Mozilla/5.0 (compatible; AhrefsBot/7.0; +http://ahrefs.com/robot/)"
204.48.19.85 - - [10/Jul/2021:11:42:19 -0400] "POST /wp-cron.php?doing_wp_cron=1625931739.8438220024108886718750 HTTP/1.1" 200 6350 "https://angelsonhighstreet.com/wp-cron.php?doing_wp_cron=1625931739.8438220024108886718750" "WordPress/5.7.2; https://angelsonhighstreet.com"
54.36.148.200 - - [10/Jul/2021:11:42:19 -0400] "GET /shop-full-width?product_view=grid&product_order=asc&product_count=16&product_orderby=rating HTTP/1.1" 200 21923 "-" "Mozilla/5.0 (compatible; AhrefsBot/7.0; +http://ahrefs.com/robot/)"
204.48.19.85 - - [10/Jul/2021:11:44:21 -0400] "POST /wp-cron.php?doing_wp_cron=1625931861.8799359798431396484375 HTTP/1.1" 200 6350 "https://angelsonhighstreet.com/wp-cron.php?doing_wp_cron=1625931861.8799359798431396484375" "WordPress/5.7.2; https://angelsonhighstreet.com"
54.36.148.124 - - [10/Jul/2021:11:44:21 -0400] "GET /product-category/salves?product_count=48&product_order=asc&product_view=list&product_orderby=popularity HTTP/1.1" 200 21667 "-" "Mozilla/5.0 (compatible; AhrefsBot/7.0; +http://ahrefs.com/robot/)"
204.48.19.85 - - [10/Jul/2021:11:46:00 -0400] "POST /wp-cron.php?doing_wp_cron=1625931960.3544418811798095703125 HTTP/1.1" 200 6350 "https://angelsonhighstreet.com/wp-cron.php?doing_wp_cron=1625931960.3544418811798095703125" "WordPress/5.7.2; https://angelsonhighstreet.com"
31.210.20.166 - - [10/Jul/2021:11:46:00 -0400] "GET /.env HTTP/1.1" 404 20435 "-" "Mozilla/5.0 (X11; Linux x86_64) AppleWebKit/537.36 (KHTML, like Gecko) Chrome/81.0.4044.129 Safari/537.36"
31.210.20.166 - - [10/Jul/2021:11:46:02 -0400] "GET /vendor/.env HTTP/1.1" 404 20438 "-" "Mozilla/5.0 (X11; Linux x86_64) AppleWebKit/537.36 (KHTML, like Gecko) Chrome/81.0.4044.129 Safari/537.36"
31.210.20.166 - - [10/Jul/2021:11:46:05 -0400] "GET /storage/.env HTTP/1.1" 404 20195 "-" "Mozilla/5.0 (X11; Linux x86_64) AppleWebKit/537.36 (KHTML, like Gecko) Chrome/81.0.4044.129 Safari/537.36"
31.210.20.166 - - [10/Jul/2021:11:46:08 -0400] "GET /public/.env HTTP/1.1" 404 20451 "-" "Mozilla/5.0 (X11; Linux x86_64) AppleWebKit/537.36 (KHTML, like Gecko) Chrome/81.0.4044.129 Safari/537.36"
31.210.20.166 - - [10/Jul/2021:11:46:10 -0400] "POST / HTTP/1.1" 200 26120 "-" "Mozilla/5.0 (X11; Linux x86_64) AppleWebKit/537.36 (KHTML, like Gecko) Chrome/81.0.4044.129 Safari/537.36"
54.36.148.89 - - [10/Jul/2021:11:46:19 -0400] "GET /shop-full-width?product_view=grid&product_order=asc&product_count=32&product_orderby=popularity HTTP/1.1" 200 21969 "-" "Mozilla/5.0 (compatible; AhrefsBot/7.0; +http://ahrefs.com/robot/)"
193.111.76.162 - - [10/Jul/2021:11:46:55 -0400] "GET /.env HTTP/1.1" 301 603 "-" "Mozilla/5.0 (X11; Linux x86_64) AppleWebKit/537.36 (KHTML, like Gecko) Chrome/81.0.4044.129 Safari/537.36"
193.111.76.162 - - [10/Jul/2021:11:46:55 -0400] "POST /.env HTTP/1.1" 301 603 "-" "Mozilla/5.0 (X11; Linux x86_64) AppleWebKit/537.36 (KHTML, like Gecko) Chrome/81.0.4044.129 Safari/537.36"
193.111.76.162 - - [10/Jul/2021:11:46:56 -0400] "GET /laravel/.env HTTP/1.1" 301 619 "-" "Mozilla/5.0 (X11; Linux x86_64) AppleWebKit/537.36 (KHTML, like Gecko) Chrome/81.0.4044.129 Safari/537.36"
193.111.76.162 - - [10/Jul/2021:11:46:57 -0400] "POST /laravel/.env HTTP/1.1" 301 619 "-" "Mozilla/5.0 (X11; Linux x86_64) AppleWebKit/537.36 (KHTML, like Gecko) Chrome/81.0.4044.129 Safari/537.36"
204.48.19.85 - - [10/Jul/2021:11:48:22 -0400] "POST /wp-cron.php?doing_wp_cron=1625932102.4122889041900634765625 HTTP/1.1" 200 6350 "https://angelsonhighstreet.com/wp-cron.php?doing_wp_cron=1625932102.4122889041900634765625" "WordPress/5.7.2; https://angelsonhighstreet.com"
54.36.148.58 - - [10/Jul/2021:11:48:22 -0400] "GET /shop-full-width?product_view=grid&product_orderby=popularity&product_order=desc&product_count=16 HTTP/1.1" 200 21999 "-" "Mozilla/5.0 (compatible; AhrefsBot/7.0; +http://ahrefs.com/robot/)"
204.48.19.85 - - [10/Jul/2021:11:50:22 -0400] "POST /wp-cron.php?doing_wp_cron=1625932222.0466721057891845703125 HTTP/1.1" 200 6350 "https://angelsonhighstreet.com/wp-cron.php?doing_wp_cron=1625932222.0466721057891845703125" "WordPress/5.7.2; https://angelsonhighstreet.com"
54.36.149.59 - - [10/Jul/2021:11:50:21 -0400] "GET /product-category/salves?product_count=32&product_order=asc&product_view=grid&product_orderby=date HTTP/1.1" 200 21477 "-" "Mozilla/5.0 (compatible; AhrefsBot/7.0; +http://ahrefs.com/robot/)"
204.48.19.85 - - [10/Jul/2021:11:52:17 -0400] "POST /wp-cron.php?doing_wp_cron=1625932337.0253019332885742187500 HTTP/1.1" 200 6350 "https://angelsonhighstreet.com/wp-cron.php?doing_wp_cron=1625932337.0253019332885742187500" "WordPress/5.7.2; https://angelsonhighstreet.com"
54.36.148.246 - - [10/Jul/2021:11:52:16 -0400] "GET /shop-full-width?product_view=grid&product_order=asc&product_count=32&product_orderby=rating HTTP/1.1" 200 21953 "-" "Mozilla/5.0 (compatible; AhrefsBot/7.0; +http://ahrefs.com/robot/)"
204.48.19.85 - - [10/Jul/2021:11:54:08 -0400] "POST /wp-cron.php?doing_wp_cron=1625932448.4124999046325683593750 HTTP/1.1" 200 6350 "https://angelsonhighstreet.com/wp-cron.php?doing_wp_cron=1625932448.4124999046325683593750" "WordPress/5.7.2; https://angelsonhighstreet.com"
54.36.148.182 - - [10/Jul/2021:11:54:08 -0400] "GET /product-category/salves?product_count=48&product_order=asc&product_view=grid&product_orderby=default HTTP/1.1" 200 21474 "-" "Mozilla/5.0 (compatible; AhrefsBot/7.0; +http://ahrefs.com/robot/)"
204.48.19.85 - - [10/Jul/2021:11:56:08 -0400] "POST /wp-cron.php?doing_wp_cron=1625932568.2847309112548828125000 HTTP/1.1" 200 6350 "https://angelsonhighstreet.com/wp-cron.php?doing_wp_cron=1625932568.2847309112548828125000" "WordPress/5.7.2; https://angelsonhighstreet.com"
54.36.149.4 - - [10/Jul/2021:11:56:08 -0400] "GET /shop-full-width?product_view=list&product_orderby=rating&product_order=asc&product_count=32 HTTP/1.1" 200 22301 "-" "Mozilla/5.0 (compatible; AhrefsBot/7.0; +http://ahrefs.com/robot/)"
204.48.19.85 - - [10/Jul/2021:11:57:57 -0400] "POST /wp-cron.php?doing_wp_cron=1625932677.1397800445556640625000 HTTP/1.1" 200 6350 "https://angelsonhighstreet.com/wp-cron.php?doing_wp_cron=1625932677.1397800445556640625000" "WordPress/5.7.2; https://angelsonhighstreet.com"
54.36.148.144 - - [10/Jul/2021:11:57:57 -0400] "GET /shop-full-width?product_view=list&product_orderby=date&product_order=asc&product_count=16 HTTP/1.1" 200 22313 "-" "Mozilla/5.0 (compatible; AhrefsBot/7.0; +http://ahrefs.com/robot/)"
204.48.19.85 - - [10/Jul/2021:12:09:04 -0400] "POST /wp-cron.php?doing_wp_cron=1625933344.6579949855804443359375 HTTP/1.1" 200 6350 "https://angelsonhighstreet.com/wp-cron.php?doing_wp_cron=1625933344.6579949855804443359375" "WordPress/5.7.2; https://angelsonhighstreet.com"
69.30.225.98 - - [10/Jul/2021:12:09:04 -0400] "GET /wp-login.php HTTP/1.1" 200 14174 "-" "Mozilla/5.0 (Macintosh; Intel Mac OS X 10_10) AppleWebKit/538.46 (KHTML, like Gecko) Version/8.0 Safari/538.46"
69.30.225.98 - - [10/Jul/2021:12:09:04 -0400] "POST /wp-login.php HTTP/1.1" 200 9231 "-" "Mozilla/5.0 (Macintosh; Intel Mac OS X 10_10) AppleWebKit/538.46 (KHTML, like Gecko) Version/8.0 Safari/538.46"
204.48.19.85 - - [10/Jul/2021:12:34:55 -0400] "POST /wp-cron.php?doing_wp_cron=1625934895.1253130435943603515625 HTTP/1.1" 200 6350 "https://angelsonhighstreet.com/wp-cron.php?doing_wp_cron=1625934895.1253130435943603515625" "WordPress/5.7.2; https://angelsonhighstreet.com"
107.150.52.198 - - [10/Jul/2021:12:34:54 -0400] "GET /wp-login.php HTTP/1.1" 200 14174 "-" "Mozilla/5.0 (compatible; MSIE 10.0; Windows NT 6.1; WOW64; Trident/6.0)"
107.150.52.198 - - [10/Jul/2021:12:34:55 -0400] "POST /wp-login.php HTTP/1.1" 200 9227 "-" "Mozilla/5.0 (compatible; MSIE 10.0; Windows NT 6.1; WOW64; Trident/6.0)"
204.48.19.85 - - [10/Jul/2021:12:38:28 -0400] "POST /wp-cron.php?doing_wp_cron=1625935108.2209620475769042968750 HTTP/1.1" 200 6350 "https://angelsonhighstreet.com/wp-cron.php?doing_wp_cron=1625935108.2209620475769042968750" "WordPress/5.7.2; https://angelsonhighstreet.com"
173.208.244.94 - - [10/Jul/2021:12:38:28 -0400] "GET /wp-login.php HTTP/1.1" 200 14174 "-" "Mozilla/5.0 (compatible; MSIE 9.0; Windows NT 6.1; Trident/5.0)"
173.208.244.94 - - [10/Jul/2021:12:38:28 -0400] "POST /wp-login.php HTTP/1.1" 200 9225 "-" "Mozilla/5.0 (compatible; MSIE 9.0; Windows NT 6.1; Trident/5.0)"
204.48.19.85 - - [10/Jul/2021:12:58:07 -0400] "POST /wp-cron.php?doing_wp_cron=1625936287.6693799495697021484375 HTTP/1.1" 200 6350 "https://angelsonhighstreet.com/wp-cron.php?doing_wp_cron=1625936287.6693799495697021484375" "WordPress/5.7.2; https://angelsonhighstreet.com"
207.46.13.21 - - [10/Jul/2021:12:58:07 -0400] "GET /shop/holy-grail-cbd-healing-salve-2-oz HTTP/1.1" 301 6010 "-" "Mozilla/5.0 (compatible; bingbot/2.0; +http://www.bing.com/bingbot.htm)"
204.48.19.85 - - [10/Jul/2021:12:58:43 -0400] "POST /wp-cron.php?doing_wp_cron=1625936323.1965820789337158203125 HTTP/1.1" 200 6350 "https://angelsonhighstreet.com/wp-cron.php?doing_wp_cron=1625936323.1965820789337158203125" "WordPress/5.7.2; https://angelsonhighstreet.com"
185.191.34.215 - - [10/Jul/2021:12:58:43 -0400] "POST /templates/protostar/html/modules.php HTTP/1.1" 404 20501 "-" "Mozilla/5.0 (Windows NT 10.0; Win64; x64; rv:67.0) Gecko/20100101 Firefox/67.0"
204.48.19.85 - - [10/Jul/2021:13:12:11 -0400] "POST /wp-cron.php?doing_wp_cron=1625937131.7789320945739746093750 HTTP/1.1" 200 6350 "https://angelsonhighstreet.com/wp-cron.php?doing_wp_cron=1625937131.7789320945739746093750" "WordPress/5.7.2; https://angelsonhighstreet.com"
207.46.13.178 - - [10/Jul/2021:13:12:11 -0400] "GET /wp-sitemap-taxonomies-product_cat-1.xml HTTP/1.1" 200 6124 "-" "Mozilla/5.0 (compatible; bingbot/2.0; +http://www.bing.com/bingbot.htm)"
204.48.19.85 - - [10/Jul/2021:13:19:20 -0400] "POST /wp-cron.php?doing_wp_cron=1625937560.1582028865814208984375 HTTP/1.1" 200 6350 "https://angelsonhighstreet.com/wp-cron.php?doing_wp_cron=1625937560.1582028865814208984375" "WordPress/5.7.2; https://angelsonhighstreet.com"
185.191.171.11 - - [10/Jul/2021:13:19:19 -0400] "GET /robots.txt HTTP/1.1" 200 6554 "-" "Mozilla/5.0 (compatible; SemrushBot/7~bl; +http://www.semrush.com/bot.html)"
185.191.171.42 - - [10/Jul/2021:13:19:20 -0400] "GET /shop/cbg-salve-with-hawiian-haze-terpenes HTTP/1.1" 200 26314 "-" "Mozilla/5.0 (compatible; SemrushBot/7~bl; +http://www.semrush.com/bot.html)"
204.48.19.85 - - [10/Jul/2021:13:48:44 -0400] "POST /wp-cron.php?doing_wp_cron=1625939324.1269340515136718750000 HTTP/1.1" 200 6350 "https://angelsonhighstreet.com/wp-cron.php?doing_wp_cron=1625939324.1269340515136718750000" "WordPress/5.7.2; https://angelsonhighstreet.com"
54.36.148.195 - - [10/Jul/2021:13:48:42 -0400] "GET /shop-full-width?product_view=list&product_orderby=rating&product_order=desc&product_count=16 HTTP/1.1" 200 22294 "-" "Mozilla/5.0 (compatible; AhrefsBot/7.0; +http://ahrefs.com/robot/)"
204.48.19.85 - - [10/Jul/2021:13:50:55 -0400] "POST /wp-cron.php?doing_wp_cron=1625939455.7278289794921875000000 HTTP/1.1" 200 6350 "https://angelsonhighstreet.com/wp-cron.php?doing_wp_cron=1625939455.7278289794921875000000" "WordPress/5.7.2; https://angelsonhighstreet.com"
54.36.148.201 - - [10/Jul/2021:13:50:55 -0400] "GET /shop-full-width?product_view=list&product_orderby=date&product_order=asc&product_count=48 HTTP/1.1" 200 22313 "-" "Mozilla/5.0 (compatible; AhrefsBot/7.0; +http://ahrefs.com/robot/)"
204.48.19.85 - - [10/Jul/2021:13:52:32 -0400] "POST /wp-cron.php?doing_wp_cron=1625939552.7346119880676269531250 HTTP/1.1" 200 6350 "https://angelsonhighstreet.com/wp-cron.php?doing_wp_cron=1625939552.7346119880676269531250" "WordPress/5.7.2; https://angelsonhighstreet.com"
54.36.149.64 - - [10/Jul/2021:13:52:32 -0400] "GET /shop-full-width?product_view=list&product_orderby=popularity&product_order=desc&product_count=16 HTTP/1.1" 200 22362 "-" "Mozilla/5.0 (compatible; AhrefsBot/7.0; +http://ahrefs.com/robot/)"
204.48.19.85 - - [10/Jul/2021:13:54:40 -0400] "POST /wp-cron.php?doing_wp_cron=1625939680.4692010879516601562500 HTTP/1.1" 200 6350 "https://angelsonhighstreet.com/wp-cron.php?doing_wp_cron=1625939680.4692010879516601562500" "WordPress/5.7.2; https://angelsonhighstreet.com"
5.255.253.148 - - [10/Jul/2021:13:54:39 -0400] "GET /robots.txt HTTP/1.1" 200 6596 "-" "Mozilla/5.0 (compatible; YandexBot/3.0; +http://yandex.com/bots)"
5.255.253.148 - - [10/Jul/2021:13:54:45 -0400] "GET / HTTP/1.1" 200 20093 "-" "Mozilla/5.0 (compatible; YandexBot/3.0; +http://yandex.com/bots)"
204.48.19.85 - - [10/Jul/2021:13:55:18 -0400] "POST /wp-cron.php?doing_wp_cron=1625939718.6700830459594726562500 HTTP/1.1" 200 6350 "https://angelsonhighstreet.com/wp-cron.php?doing_wp_cron=1625939718.6700830459594726562500" "WordPress/5.7.2; https://angelsonhighstreet.com"
207.46.13.130 - - [10/Jul/2021:13:55:17 -0400] "GET /wp-sitemap-posts-product-1.xml HTTP/1.1" 200 6221 "-" "Mozilla/5.0 (compatible; bingbot/2.0; +http://www.bing.com/bingbot.htm)"
204.48.19.85 - - [10/Jul/2021:14:02:25 -0400] "POST /wp-cron.php?doing_wp_cron=1625940145.1454789638519287109375 HTTP/1.1" 200 6350 "https://angelsonhighstreet.com/wp-cron.php?doing_wp_cron=1625940145.1454789638519287109375" "WordPress/5.7.2; https://angelsonhighstreet.com"
54.36.148.125 - - [10/Jul/2021:14:02:24 -0400] "GET /shop-full-width?product_view=list&product_orderby=price&product_order=asc&product_count=48 HTTP/1.1" 200 22325 "-" "Mozilla/5.0 (compatible; AhrefsBot/7.0; +http://ahrefs.com/robot/)"
204.48.19.85 - - [10/Jul/2021:14:09:49 -0400] "POST /wp-cron.php?doing_wp_cron=1625940589.8659400939941406250000 HTTP/1.1" 200 6350 "https://angelsonhighstreet.com/wp-cron.php?doing_wp_cron=1625940589.8659400939941406250000" "WordPress/5.7.2; https://angelsonhighstreet.com"
54.36.148.173 - - [10/Jul/2021:14:09:49 -0400] "GET /shop-full-width?product_view=list&product_orderby=name&product_order=asc&product_count=48 HTTP/1.1" 200 22314 "-" "Mozilla/5.0 (compatible; AhrefsBot/7.0; +http://ahrefs.com/robot/)"
204.48.19.85 - - [10/Jul/2021:14:11:33 -0400] "POST /wp-cron.php?doing_wp_cron=1625940693.9396429061889648437500 HTTP/1.1" 200 6350 "https://angelsonhighstreet.com/wp-cron.php?doing_wp_cron=1625940693.9396429061889648437500" "WordPress/5.7.2; https://angelsonhighstreet.com"
66.249.66.35 - - [10/Jul/2021:14:11:33 -0400] "GET /shop/cbg-salve-with-lifter-terpenes HTTP/1.1" 200 28975 "-" "Mozilla/5.0 (Linux; Android 6.0.1; Nexus 5X Build/MMB29P) AppleWebKit/537.36 (KHTML, like Gecko) Chrome/91.0.4472.90 Mobile Safari/537.36 (compatible; Googlebot/2.1; +http://www.google.com/bot.html)"
66.249.66.38 - - [10/Jul/2021:14:11:37 -0400] "GET /wp-content/plugins/age-gate/public/js/age-gate-public-tab.js?ver=2.15.0 HTTP/1.1" 200 6896 "https://angelsonhighstreet.com/shop/cbg-salve-with-lifter-terpenes" "Mozilla/5.0 (Linux; Android 6.0.1; Nexus 5X Build/MMB29P) AppleWebKit/537.36 (KHTML, like Gecko) Chrome/91.0.4472.90 Mobile Safari/537.36 (compatible; Googlebot/2.1; +http://www.google.com/bot.html)"
66.249.66.35 - - [10/Jul/2021:14:11:39 -0400] "GET /wp-content/uploads/fusion-scripts/92d6f1b3b03dffd1136e59fa25d928a7.min.js?ver=3.2.1 HTTP/1.1" 200 96118 "https://angelsonhighstreet.com/shop/cbg-salve-with-lifter-terpenes" "Mozilla/5.0 (Linux; Android 6.0.1; Nexus 5X Build/MMB29P) AppleWebKit/537.36 (KHTML, like Gecko) Chrome/91.0.4472.90 Mobile Safari/537.36 (compatible; Googlebot/2.1; +http://www.google.com/bot.html)"
66.249.66.38 - - [10/Jul/2021:14:11:40 -0400] "POST /?wc-ajax=get_refreshed_fragments HTTP/1.1" 200 874 "https://angelsonhighstreet.com/shop/cbg-salve-with-lifter-terpenes" "Mozilla/5.0 (Linux; Android 6.0.1; Nexus 5X Build/MMB29P) AppleWebKit/537.36 (KHTML, like Gecko) Chrome/91.0.4472.90 Mobile Safari/537.36 (compatible; Googlebot/2.1; +http://www.google.com/bot.html)"
204.48.19.85 - - [10/Jul/2021:14:15:40 -0400] "POST /wp-cron.php?doing_wp_cron=1625940940.9040479660034179687500 HTTP/1.1" 200 6350 "https://angelsonhighstreet.com/wp-cron.php?doing_wp_cron=1625940940.9040479660034179687500" "WordPress/5.7.2; https://angelsonhighstreet.com"
54.36.148.45 - - [10/Jul/2021:14:15:40 -0400] "GET /shop-full-width?product_view=list&product_orderby=price&product_order=asc&product_count=16 HTTP/1.1" 200 22325 "-" "Mozilla/5.0 (compatible; AhrefsBot/7.0; +http://ahrefs.com/robot/)"
204.48.19.85 - - [10/Jul/2021:14:19:43 -0400] "POST /wp-cron.php?doing_wp_cron=1625941183.9690620899200439453125 HTTP/1.1" 200 6350 "https://angelsonhighstreet.com/wp-cron.php?doing_wp_cron=1625941183.9690620899200439453125" "WordPress/5.7.2; https://angelsonhighstreet.com"
54.36.149.49 - - [10/Jul/2021:14:19:43 -0400] "GET /shop-full-width?product_view=list&product_orderby=name&product_order=asc&product_count=16 HTTP/1.1" 200 22282 "-" "Mozilla/5.0 (compatible; AhrefsBot/7.0; +http://ahrefs.com/robot/)"
204.48.19.85 - - [10/Jul/2021:14:22:46 -0400] "POST /wp-cron.php?doing_wp_cron=1625941366.7635660171508789062500 HTTP/1.1" 200 6350 "https://angelsonhighstreet.com/wp-cron.php?doing_wp_cron=1625941366.7635660171508789062500" "WordPress/5.7.2; https://angelsonhighstreet.com"
54.36.148.252 - - [10/Jul/2021:14:22:46 -0400] "GET /shop-full-width?product_view=list&product_orderby=rating&product_order=asc&product_count=48 HTTP/1.1" 200 22272 "-" "Mozilla/5.0 (compatible; AhrefsBot/7.0; +http://ahrefs.com/robot/)"
204.48.19.85 - - [10/Jul/2021:14:25:58 -0400] "POST /wp-cron.php?doing_wp_cron=1625941558.2100419998168945312500 HTTP/1.1" 200 6350 "https://angelsonhighstreet.com/wp-cron.php?doing_wp_cron=1625941558.2100419998168945312500" "WordPress/5.7.2; https://angelsonhighstreet.com"
54.36.148.245 - - [10/Jul/2021:14:25:57 -0400] "GET /shop/cbg-salve-with-special-sauce-terpenes HTTP/1.1" 200 27900 "-" "Mozilla/5.0 (compatible; AhrefsBot/7.0; +http://ahrefs.com/robot/)"
204.48.19.85 - - [10/Jul/2021:14:27:21 -0400] "POST /wp-cron.php?doing_wp_cron=1625941641.1208930015563964843750 HTTP/1.1" 200 6350 "https://angelsonhighstreet.com/wp-cron.php?doing_wp_cron=1625941641.1208930015563964843750" "WordPress/5.7.2; https://angelsonhighstreet.com"
66.249.66.38 - - [10/Jul/2021:14:27:20 -0400] "GET /shop/700mg-15ml-cbd-oil HTTP/1.1" 200 25049 "-" "Mozilla/5.0 (Linux; Android 6.0.1; Nexus 5X Build/MMB29P) AppleWebKit/537.36 (KHTML, like Gecko) Chrome/91.0.4472.90 Mobile Safari/537.36 (compatible; Googlebot/2.1; +http://www.google.com/bot.html)"
66.249.66.35 - - [10/Jul/2021:14:27:24 -0400] "GET /wp-content/uploads/fusion-styles/d8cf0d5efcc6708d5f063366a7b2f60e.min.css?ver=3.2.1 HTTP/1.1" 200 156132 "https://angelsonhighstreet.com/shop/700mg-15ml-cbd-oil" "Mozilla/5.0 (Linux; Android 6.0.1; Nexus 5X Build/MMB29P) AppleWebKit/537.36 (KHTML, like Gecko) Chrome/91.0.4472.90 Mobile Safari/537.36 (compatible; Googlebot/2.1; +http://www.google.com/bot.html)"
204.48.19.85 - - [10/Jul/2021:14:29:30 -0400] "POST /wp-cron.php?doing_wp_cron=1625941770.9598019123077392578125 HTTP/1.1" 200 6350 "https://angelsonhighstreet.com/wp-cron.php?doing_wp_cron=1625941770.9598019123077392578125" "WordPress/5.7.2; https://angelsonhighstreet.com"
54.36.148.158 - - [10/Jul/2021:14:29:30 -0400] "GET /product-category/oils?product_count=32&product_view=list&product_order=desc&product_orderby=default HTTP/1.1" 200 21552 "-" "Mozilla/5.0 (compatible; AhrefsBot/7.0; +http://ahrefs.com/robot/)"
204.48.19.85 - - [10/Jul/2021:14:32:03 -0400] "POST /wp-cron.php?doing_wp_cron=1625941923.9556009769439697265625 HTTP/1.1" 200 6350 "https://angelsonhighstreet.com/wp-cron.php?doing_wp_cron=1625941923.9556009769439697265625" "WordPress/5.7.2; https://angelsonhighstreet.com"
54.36.149.90 - - [10/Jul/2021:14:32:03 -0400] "GET /shop-full-width?product_order=desc&product_orderby=date HTTP/1.1" 200 21946 "-" "Mozilla/5.0 (compatible; AhrefsBot/7.0; +http://ahrefs.com/robot/)"
204.48.19.85 - - [10/Jul/2021:14:34:48 -0400] "POST /wp-cron.php?doing_wp_cron=1625942088.9119300842285156250000 HTTP/1.1" 200 6350 "https://angelsonhighstreet.com/wp-cron.php?doing_wp_cron=1625942088.9119300842285156250000" "WordPress/5.7.2; https://angelsonhighstreet.com"
54.36.148.52 - - [10/Jul/2021:14:34:48 -0400] "GET /shop-full-width?product_order=desc&product_orderby=default HTTP/1.1" 200 21947 "-" "Mozilla/5.0 (compatible; AhrefsBot/7.0; +http://ahrefs.com/robot/)"
192.0.112.242 - - [10/Jul/2021:14:35:03 -0400] "GET / HTTP/1.1" 301 607 "-" "Mozilla/5.0 (X11; Linux x86_64) AppleWebKit/537.36 (KHTML, like Gecko) HeadlessChrome/91.0.4469.0 Safari/537.36 WordPress.com mShots"
204.48.19.85 - - [10/Jul/2021:14:35:04 -0400] "POST /wp-cron.php?doing_wp_cron=1625942104.7088561058044433593750 HTTP/1.1" 200 6350 "https://angelsonhighstreet.com/wp-cron.php?doing_wp_cron=1625942104.7088561058044433593750" "WordPress/5.7.2; https://angelsonhighstreet.com"
192.0.112.242 - - [10/Jul/2021:14:35:03 -0400] "GET / HTTP/1.1" 301 6474 "-" "Mozilla/5.0 (X11; Linux x86_64) AppleWebKit/537.36 (KHTML, like Gecko) HeadlessChrome/91.0.4469.0 Safari/537.36 WordPress.com mShots"
192.0.112.242 - - [10/Jul/2021:14:35:05 -0400] "GET / HTTP/1.1" 200 26170 "-" "Mozilla/5.0 (X11; Linux x86_64) AppleWebKit/537.36 (KHTML, like Gecko) HeadlessChrome/91.0.4469.0 Safari/537.36 WordPress.com mShots"
192.0.112.242 - - [10/Jul/2021:14:35:06 -0400] "GET /wp-content/plugins/woocommerce/packages/woocommerce-blocks/build/vendors-style.css?ver=4.9.1 HTTP/1.1" 200 1477 "https://angelsonhighstreet.com/" "Mozilla/5.0 (X11; Linux x86_64) AppleWebKit/537.36 (KHTML, like Gecko) HeadlessChrome/91.0.4469.0 Safari/537.36 WordPress.com mShots"
192.0.112.242 - - [10/Jul/2021:14:35:06 -0400] "GET /wp-content/plugins/woocommerce/packages/woocommerce-blocks/build/style.css?ver=4.9.1 HTTP/1.1" 200 19628 "https://angelsonhighstreet.com/" "Mozilla/5.0 (X11; Linux x86_64) AppleWebKit/537.36 (KHTML, like Gecko) HeadlessChrome/91.0.4469.0 Safari/537.36 WordPress.com mShots"
192.0.112.242 - - [10/Jul/2021:14:35:06 -0400] "GET /wp-content/plugins/age-gate/public/css/age-gate-public.css?ver=2.15.0 HTTP/1.1" 200 2377 "https://angelsonhighstreet.com/" "Mozilla/5.0 (X11; Linux x86_64) AppleWebKit/537.36 (KHTML, like Gecko) HeadlessChrome/91.0.4469.0 Safari/537.36 WordPress.com mShots"
192.0.112.242 - - [10/Jul/2021:14:35:06 -0400] "GET /wp-content/plugins/age-gate/public/css/age-gate-custom.css?ver=2.15.0 HTTP/1.1" 200 1033 "https://angelsonhighstreet.com/" "Mozilla/5.0 (X11; Linux x86_64) AppleWebKit/537.36 (KHTML, like Gecko) HeadlessChrome/91.0.4469.0 Safari/537.36 WordPress.com mShots"
192.0.112.242 - - [10/Jul/2021:14:35:06 -0400] "GET /wp-content/plugins/age-gate/public/js/age-gate-public-hooks.js?ver=2.15.0 HTTP/1.1" 200 8706 "https://angelsonhighstreet.com/" "Mozilla/5.0 (X11; Linux x86_64) AppleWebKit/537.36 (KHTML, like Gecko) HeadlessChrome/91.0.4469.0 Safari/537.36 WordPress.com mShots"
192.0.112.242 - - [10/Jul/2021:14:35:06 -0400] "GET /wp-content/plugins/revslider/public/assets/css/rs6.css?ver=6.3.3 HTTP/1.1" 200 19239 "https://angelsonhighstreet.com/" "Mozilla/5.0 (X11; Linux x86_64) AppleWebKit/537.36 (KHTML, like Gecko) HeadlessChrome/91.0.4469.0 Safari/537.36 WordPress.com mShots"
192.0.112.242 - - [10/Jul/2021:14:35:06 -0400] "GET /wp-includes/js/jquery/jquery-migrate.min.js?ver=3.3.2 HTTP/1.1" 200 4649 "https://angelsonhighstreet.com/" "Mozilla/5.0 (X11; Linux x86_64) AppleWebKit/537.36 (KHTML, like Gecko) HeadlessChrome/91.0.4469.0 Safari/537.36 WordPress.com mShots"
192.0.112.242 - - [10/Jul/2021:14:35:06 -0400] "GET /wp-includes/js/jquery/jquery.min.js?ver=3.5.1 HTTP/1.1" 200 31463 "https://angelsonhighstreet.com/" "Mozilla/5.0 (X11; Linux x86_64) AppleWebKit/537.36 (KHTML, like Gecko) HeadlessChrome/91.0.4469.0 Safari/537.36 WordPress.com mShots"
192.0.112.242 - - [10/Jul/2021:14:35:06 -0400] "GET /wp-content/plugins/google-analytics-dashboard-for-wp/assets/js/frontend-gtag.min.js?ver=6.7.0 HTTP/1.1" 200 3280 "https://angelsonhighstreet.com/" "Mozilla/5.0 (X11; Linux x86_64) AppleWebKit/537.36 (KHTML, like Gecko) HeadlessChrome/91.0.4469.0 Safari/537.36 WordPress.com mShots"
192.0.112.242 - - [10/Jul/2021:14:35:06 -0400] "GET /wp-content/plugins/wp-optin-wheel/public/js/public.min.js?ver=1.3.2 HTTP/1.1" 200 3754 "https://angelsonhighstreet.com/" "Mozilla/5.0 (X11; Linux x86_64) AppleWebKit/537.36 (KHTML, like Gecko) HeadlessChrome/91.0.4469.0 Safari/537.36 WordPress.com mShots"
192.0.112.242 - - [10/Jul/2021:14:35:06 -0400] "GET /wp-content/plugins/woocommerce-square/assets/css/frontend/wc-square-cart-checkout-blocks.min.css?ver=2.5.1 HTTP/1.1" 200 1299 "https://angelsonhighstreet.com/" "Mozilla/5.0 (X11; Linux x86_64) AppleWebKit/537.36 (KHTML, like Gecko) HeadlessChrome/91.0.4469.0 Safari/537.36 WordPress.com mShots"
192.0.112.242 - - [10/Jul/2021:14:35:06 -0400] "GET /wp-content/uploads/fusion-styles/15e6b0b5e48de1d64664be89b4d4bc7c.min.css?ver=3.2.1 HTTP/1.1" 200 156170 "https://angelsonhighstreet.com/" "Mozilla/5.0 (X11; Linux x86_64) AppleWebKit/537.36 (KHTML, like Gecko) HeadlessChrome/91.0.4469.0 Safari/537.36 WordPress.com mShots"
192.0.112.242 - - [10/Jul/2021:14:35:07 -0400] "GET /wp-includes/css/dist/block-library/style.min.css?ver=5.7.2 HTTP/1.1" 200 9173 "https://angelsonhighstreet.com/" "Mozilla/5.0 (X11; Linux x86_64) AppleWebKit/537.36 (KHTML, like Gecko) HeadlessChrome/91.0.4469.0 Safari/537.36 WordPress.com mShots"
192.0.112.242 - - [10/Jul/2021:14:35:07 -0400] "GET /wp-includes/css/dist/block-library/theme.min.css?ver=5.7.2 HTTP/1.1" 200 1169 "https://angelsonhighstreet.com/" "Mozilla/5.0 (X11; Linux x86_64) AppleWebKit/537.36 (KHTML, like Gecko) HeadlessChrome/91.0.4469.0 Safari/537.36 WordPress.com mShots"
192.0.112.242 - - [10/Jul/2021:14:35:07 -0400] "GET /wp-content/plugins/wp-optin-wheel/public/css/public.min.css?ver=1.3.2 HTTP/1.1" 200 2546 "https://angelsonhighstreet.com/" "Mozilla/5.0 (X11; Linux x86_64) AppleWebKit/537.36 (KHTML, like Gecko) HeadlessChrome/91.0.4469.0 Safari/537.36 WordPress.com mShots"
192.0.112.242 - - [10/Jul/2021:14:35:07 -0400] "GET /wp-content/plugins/age-gate/public/js/age-gate-shortcode.js?ver=2.15.0 HTTP/1.1" 200 2732 "https://angelsonhighstreet.com/" "Mozilla/5.0 (X11; Linux x86_64) AppleWebKit/537.36 (KHTML, like Gecko) HeadlessChrome/91.0.4469.0 Safari/537.36 WordPress.com mShots"
192.0.112.242 - - [10/Jul/2021:14:35:07 -0400] "GET /wp-content/plugins/age-gate/public/js/age-gate-public.js?ver=2.15.0 HTTP/1.1" 200 6737 "https://angelsonhighstreet.com/" "Mozilla/5.0 (X11; Linux x86_64) AppleWebKit/537.36 (KHTML, like Gecko) HeadlessChrome/91.0.4469.0 Safari/537.36 WordPress.com mShots"
192.0.112.242 - - [10/Jul/2021:14:35:07 -0400] "GET /wp-content/plugins/age-gate/public/js/age-gate-public-tab.js?ver=2.15.0 HTTP/1.1" 200 869 "https://angelsonhighstreet.com/" "Mozilla/5.0 (X11; Linux x86_64) AppleWebKit/537.36 (KHTML, like Gecko) HeadlessChrome/91.0.4469.0 Safari/537.36 WordPress.com mShots"
192.0.112.242 - - [10/Jul/2021:14:35:07 -0400] "GET /wp-content/plugins/wp-optin-wheel/public/css/theme-green.css?ver=1.3.2 HTTP/1.1" 200 617 "https://angelsonhighstreet.com/" "Mozilla/5.0 (X11; Linux x86_64) AppleWebKit/537.36 (KHTML, like Gecko) HeadlessChrome/91.0.4469.0 Safari/537.36 WordPress.com mShots"
192.0.112.242 - - [10/Jul/2021:14:35:07 -0400] "GET /wp-includes/js/dist/vendor/wp-polyfill.min.js?ver=7.4.4 HTTP/1.1" 200 34810 "https://angelsonhighstreet.com/" "Mozilla/5.0 (X11; Linux x86_64) AppleWebKit/537.36 (KHTML, like Gecko) HeadlessChrome/91.0.4469.0 Safari/537.36 WordPress.com mShots"
192.0.112.242 - - [10/Jul/2021:14:35:07 -0400] "GET /wp-content/plugins/contact-form-7/includes/js/index.js?ver=5.4.1 HTTP/1.1" 200 4484 "https://angelsonhighstreet.com/" "Mozilla/5.0 (X11; Linux x86_64) AppleWebKit/537.36 (KHTML, like Gecko) HeadlessChrome/91.0.4469.0 Safari/537.36 WordPress.com mShots"
192.0.112.242 - - [10/Jul/2021:14:35:07 -0400] "GET /wp-content/plugins/woocommerce/assets/js/jquery-blockui/jquery.blockUI.min.js?ver=2.70 HTTP/1.1" 200 3961 "https://angelsonhighstreet.com/" "Mozilla/5.0 (X11; Linux x86_64) AppleWebKit/537.36 (KHTML, like Gecko) HeadlessChrome/91.0.4469.0 Safari/537.36 WordPress.com mShots"
192.0.112.242 - - [10/Jul/2021:14:35:07 -0400] "GET /wp-content/plugins/woocommerce/assets/js/frontend/add-to-cart.min.js?ver=5.3.0 HTTP/1.1" 200 1522 "https://angelsonhighstreet.com/" "Mozilla/5.0 (X11; Linux x86_64) AppleWebKit/537.36 (KHTML, like Gecko) HeadlessChrome/91.0.4469.0 Safari/537.36 WordPress.com mShots"
192.0.112.242 - - [10/Jul/2021:14:35:07 -0400] "GET /wp-content/plugins/woocommerce/assets/js/js-cookie/js.cookie.min.js?ver=2.1.4 HTTP/1.1" 200 1417 "https://angelsonhighstreet.com/" "Mozilla/5.0 (X11; Linux x86_64) AppleWebKit/537.36 (KHTML, like Gecko) HeadlessChrome/91.0.4469.0 Safari/537.36 WordPress.com mShots"
192.0.112.242 - - [10/Jul/2021:14:35:07 -0400] "GET /wp-content/plugins/woocommerce/assets/js/frontend/woocommerce.min.js?ver=5.3.0 HTTP/1.1" 200 1222 "https://angelsonhighstreet.com/" "Mozilla/5.0 (X11; Linux x86_64) AppleWebKit/537.36 (KHTML, like Gecko) HeadlessChrome/91.0.4469.0 Safari/537.36 WordPress.com mShots"
