27.147.202.214 - - [08/Jul/2021:01:10:41 -0400] "GET /opennms/login.jsp HTTP/1.1" 301 417 "-" "Mozilla/5.0 (Windows NT 10.0; Win64; x64) AppleWebKit/537.36 (KHTML, like Gecko) Chrome/88.0.4298.0 Safari/537.36"
27.147.202.214 - - [08/Jul/2021:01:10:43 -0400] "GET /www_database.sql.gz HTTP/1.1" 301 419 "-" "Mozilla/5.0 (Windows NT 10.0; Win64; x64) AppleWebKit/537.36 (KHTML, like Gecko) Chrome/88.0.4298.0 Safari/537.36"
27.147.202.214 - - [08/Jul/2021:01:10:45 -0400] "GET /index.html HTTP/1.1" 301 410 "-" "Mozilla/5.0 (Windows NT 10.0; Win64; x64) AppleWebKit/537.36 (KHTML, like Gecko) Chrome/88.0.4298.0 Safari/537.36"
27.147.202.214 - - [08/Jul/2021:01:10:44 -0400] "GET /config.ru HTTP/1.1" 301 409 "-" "Mozilla/5.0 (Windows NT 10.0; Win64; x64) AppleWebKit/537.36 (KHTML, like Gecko) Chrome/88.0.4298.0 Safari/537.36"
27.147.202.214 - - [08/Jul/2021:01:10:49 -0400] "GET /www-database.sql.gz HTTP/1.1" 301 419 "-" "Mozilla/5.0 (Windows NT 10.0; Win64; x64) AppleWebKit/537.36 (KHTML, like Gecko) Chrome/88.0.4298.0 Safari/537.36"
27.147.202.214 - - [08/Jul/2021:01:10:51 -0400] "GET /rockmongo/ HTTP/1.1" 301 410 "-" "Mozilla/5.0 (Windows NT 10.0; Win64; x64) AppleWebKit/537.36 (KHTML, like Gecko) Chrome/88.0.4298.0 Safari/537.36"
27.147.202.214 - - [08/Jul/2021:01:10:53 -0400] "GET /config.rb HTTP/1.1" 301 409 "-" "Mozilla/5.0 (Windows NT 10.0; Win64; x64) AppleWebKit/537.36 (KHTML, like Gecko) Chrome/88.0.4298.0 Safari/537.36"
27.147.202.214 - - [08/Jul/2021:01:10:54 -0400] "GET /www_dump.sql.gz HTTP/1.1" 301 415 "-" "Mozilla/5.0 (Windows NT 10.0; Win64; x64) AppleWebKit/537.36 (KHTML, like Gecko) Chrome/88.0.4298.0 Safari/537.36"
27.147.202.214 - - [08/Jul/2021:01:10:56 -0400] "GET /console/ HTTP/1.1" 301 408 "-" "Mozilla/5.0 (Windows NT 10.0; Win64; x64) AppleWebKit/537.36 (KHTML, like Gecko) Chrome/88.0.4298.0 Safari/537.36"
204.48.19.85 - - [08/Jul/2021:01:11:00 -0400] "POST /wp-cron.php?doing_wp_cron=1625721060.1055290699005126953125 HTTP/1.1" 200 6350 "https://angelsonhighstreet.com/wp-cron.php?doing_wp_cron=1625721060.1055290699005126953125" "WordPress/5.7.2; https://angelsonhighstreet.com"
27.147.202.214 - - [08/Jul/2021:01:11:01 -0400] "GET /www-dump.sql.gz HTTP/1.1" 301 415 "-" "Mozilla/5.0 (Windows NT 10.0; Win64; x64) AppleWebKit/537.36 (KHTML, like Gecko) Chrome/88.0.4298.0 Safari/537.36"
27.147.202.214 - - [08/Jul/2021:01:11:01 -0400] "GET /compass.rb HTTP/1.1" 301 410 "-" "Mozilla/5.0 (Windows NT 10.0; Win64; x64) AppleWebKit/537.36 (KHTML, like Gecko) Chrome/88.0.4298.0 Safari/537.36"
27.147.202.214 - - [08/Jul/2021:01:11:02 -0400] "GET /manager/html/ HTTP/1.1" 301 413 "-" "Mozilla/5.0 (Windows NT 10.0; Win64; x64) AppleWebKit/537.36 (KHTML, like Gecko) Chrome/88.0.4298.0 Safari/537.36"
27.147.202.214 - - [08/Jul/2021:01:11:06 -0400] "GET /manager/status/ HTTP/1.1" 301 415 "-" "Mozilla/5.0 (Windows NT 10.0; Win64; x64) AppleWebKit/537.36 (KHTML, like Gecko) Chrome/88.0.4298.0 Safari/537.36"
27.147.202.214 - - [08/Jul/2021:01:11:05 -0400] "GET /www_backup.sql.gz HTTP/1.1" 301 417 "-" "Mozilla/5.0 (Windows NT 10.0; Win64; x64) AppleWebKit/537.36 (KHTML, like Gecko) Chrome/88.0.4298.0 Safari/537.36"
27.147.202.214 - - [08/Jul/2021:01:11:06 -0400] "GET /Vagrantfile HTTP/1.1" 301 411 "-" "Mozilla/5.0 (Windows NT 10.0; Win64; x64) AppleWebKit/537.36 (KHTML, like Gecko) Chrome/88.0.4298.0 Safari/537.36"
27.147.202.214 - - [08/Jul/2021:01:11:12 -0400] "GET /tomcat/manager/html/ HTTP/1.1" 301 420 "-" "Mozilla/5.0 (Windows NT 10.0; Win64; x64) AppleWebKit/537.36 (KHTML, like Gecko) Chrome/88.0.4298.0 Safari/537.36"
27.147.202.214 - - [08/Jul/2021:01:11:13 -0400] "GET /www-backup.sql.gz HTTP/1.1" 301 417 "-" "Mozilla/5.0 (Windows NT 10.0; Win64; x64) AppleWebKit/537.36 (KHTML, like Gecko) Chrome/88.0.4298.0 Safari/537.36"
27.147.202.214 - - [08/Jul/2021:01:11:13 -0400] "GET /Vagrantfile.backup HTTP/1.1" 301 418 "-" "Mozilla/5.0 (Windows NT 10.0; Win64; x64) AppleWebKit/537.36 (KHTML, like Gecko) Chrome/88.0.4298.0 Safari/537.36"
27.147.202.214 - - [08/Jul/2021:01:11:16 -0400] "GET /tomcat/manager/status/ HTTP/1.1" 301 422 "-" "Mozilla/5.0 (Windows NT 10.0; Win64; x64) AppleWebKit/537.36 (KHTML, like Gecko) Chrome/88.0.4298.0 Safari/537.36"
27.147.202.214 - - [08/Jul/2021:01:11:20 -0400] "GET /phpunit.xml HTTP/1.1" 301 411 "-" "Mozilla/5.0 (Windows NT 10.0; Win64; x64) AppleWebKit/537.36 (KHTML, like Gecko) Chrome/88.0.4298.0 Safari/537.36"
27.147.202.214 - - [08/Jul/2021:01:11:20 -0400] "GET /backup-www.sql.gz HTTP/1.1" 301 417 "-" "Mozilla/5.0 (Windows NT 10.0; Win64; x64) AppleWebKit/537.36 (KHTML, like Gecko) Chrome/88.0.4298.0 Safari/537.36"
27.147.202.214 - - [08/Jul/2021:01:11:22 -0400] "GET /cognos_express/manager/html/ HTTP/1.1" 301 428 "-" "Mozilla/5.0 (Windows NT 10.0; Win64; x64) AppleWebKit/537.36 (KHTML, like Gecko) Chrome/88.0.4298.0 Safari/537.36"
27.147.202.214 - - [08/Jul/2021:01:11:28 -0400] "GET /bower.json HTTP/1.1" 301 410 "-" "Mozilla/5.0 (Windows NT 10.0; Win64; x64) AppleWebKit/537.36 (KHTML, like Gecko) Chrome/88.0.4298.0 Safari/537.36"
27.147.202.214 - - [08/Jul/2021:01:11:28 -0400] "GET /backup_www.sql.gz HTTP/1.1" 301 417 "-" "Mozilla/5.0 (Windows NT 10.0; Win64; x64) AppleWebKit/537.36 (KHTML, like Gecko) Chrome/88.0.4298.0 Safari/537.36"
27.147.202.214 - - [08/Jul/2021:01:11:29 -0400] "GET /host-manager/html/ HTTP/1.1" 301 418 "-" "Mozilla/5.0 (Windows NT 10.0; Win64; x64) AppleWebKit/537.36 (KHTML, like Gecko) Chrome/88.0.4298.0 Safari/537.36"
27.147.202.214 - - [08/Jul/2021:01:11:37 -0400] "GET /.bower.json HTTP/1.1" 301 411 "-" "Mozilla/5.0 (Windows NT 10.0; Win64; x64) AppleWebKit/537.36 (KHTML, like Gecko) Chrome/88.0.4298.0 Safari/537.36"
27.147.202.214 - - [08/Jul/2021:01:11:39 -0400] "GET /www.angelsonhighstreet.com.sql.gz HTTP/1.1" 301 433 "-" "Mozilla/5.0 (Windows NT 10.0; Win64; x64) AppleWebKit/537.36 (KHTML, like Gecko) Chrome/88.0.4298.0 Safari/537.36"
27.147.202.214 - - [08/Jul/2021:01:11:40 -0400] "GET /host-manager/text/ HTTP/1.1" 301 418 "-" "Mozilla/5.0 (Windows NT 10.0; Win64; x64) AppleWebKit/537.36 (KHTML, like Gecko) Chrome/88.0.4298.0 Safari/537.36"
27.147.202.214 - - [08/Jul/2021:01:11:54 -0400] "GET /tomcat/host-manager/html/ HTTP/1.1" 301 425 "-" "Mozilla/5.0 (Windows NT 10.0; Win64; x64) AppleWebKit/537.36 (KHTML, like Gecko) Chrome/88.0.4298.0 Safari/537.36"
27.147.202.214 - - [08/Jul/2021:01:11:55 -0400] "GET /composer.json HTTP/1.1" 301 413 "-" "Mozilla/5.0 (Windows NT 10.0; Win64; x64) AppleWebKit/537.36 (KHTML, like Gecko) Chrome/88.0.4298.0 Safari/537.36"
27.147.202.214 - - [08/Jul/2021:01:11:55 -0400] "GET /www.angelsonhighstreet.com-dump.sql.gz HTTP/1.1" 301 438 "-" "Mozilla/5.0 (Windows NT 10.0; Win64; x64) AppleWebKit/537.36 (KHTML, like Gecko) Chrome/88.0.4298.0 Safari/537.36"
27.147.202.214 - - [08/Jul/2021:01:12:08 -0400] "GET /tomcat/host-manager/text/ HTTP/1.1" 301 425 "-" "Mozilla/5.0 (Windows NT 10.0; Win64; x64) AppleWebKit/537.36 (KHTML, like Gecko) Chrome/88.0.4298.0 Safari/537.36"
27.147.202.214 - - [08/Jul/2021:01:12:09 -0400] "GET /composer.lock HTTP/1.1" 301 413 "-" "Mozilla/5.0 (Windows NT 10.0; Win64; x64) AppleWebKit/537.36 (KHTML, like Gecko) Chrome/88.0.4298.0 Safari/537.36"
27.147.202.214 - - [08/Jul/2021:01:12:09 -0400] "GET /www.angelsonhighstreet.com-backup.sql.gz HTTP/1.1" 301 440 "-" "Mozilla/5.0 (Windows NT 10.0; Win64; x64) AppleWebKit/537.36 (KHTML, like Gecko) Chrome/88.0.4298.0 Safari/537.36"
204.48.19.85 - - [08/Jul/2021:01:12:06 -0400] "POST /wp-cron.php?doing_wp_cron=1625721126.7050020694732666015625 HTTP/1.1" 200 6350 "https://angelsonhighstreet.com/wp-cron.php?doing_wp_cron=1625721126.7050020694732666015625" "WordPress/5.7.2; https://angelsonhighstreet.com"
27.147.202.214 - - [08/Jul/2021:01:12:19 -0400] "GET /admin/ HTTP/1.1" 301 406 "-" "Mozilla/5.0 (Windows NT 10.0; Win64; x64) AppleWebKit/537.36 (KHTML, like Gecko) Chrome/88.0.4298.0 Safari/537.36"
27.147.202.214 - - [08/Jul/2021:01:12:20 -0400] "GET /Gulpfile.js HTTP/1.1" 301 411 "-" "Mozilla/5.0 (Windows NT 10.0; Win64; x64) AppleWebKit/537.36 (KHTML, like Gecko) Chrome/88.0.4298.0 Safari/537.36"
27.147.202.214 - - [08/Jul/2021:01:12:19 -0400] "GET /www.angelsonhighstreet.com_db.sql.gz HTTP/1.1" 301 436 "-" "Mozilla/5.0 (Windows NT 10.0; Win64; x64) AppleWebKit/537.36 (KHTML, like Gecko) Chrome/88.0.4298.0 Safari/537.36"
27.147.202.214 - - [08/Jul/2021:01:12:22 -0400] "GET /system/console HTTP/1.1" 301 414 "-" "Mozilla/5.0 (Windows NT 10.0; Win64; x64) AppleWebKit/537.36 (KHTML, like Gecko) Chrome/88.0.4298.0 Safari/537.36"
27.147.202.214 - - [08/Jul/2021:01:12:24 -0400] "GET /gulpfile.js HTTP/1.1" 301 411 "-" "Mozilla/5.0 (Windows NT 10.0; Win64; x64) AppleWebKit/537.36 (KHTML, like Gecko) Chrome/88.0.4298.0 Safari/537.36"
27.147.202.214 - - [08/Jul/2021:01:12:28 -0400] "GET /lc/system/console HTTP/1.1" 301 417 "-" "Mozilla/5.0 (Windows NT 10.0; Win64; x64) AppleWebKit/537.36 (KHTML, like Gecko) Chrome/88.0.4298.0 Safari/537.36"
27.147.202.214 - - [08/Jul/2021:01:12:25 -0400] "GET /angelsonhighstreet.com.sql.gz HTTP/1.1" 301 429 "-" "Mozilla/5.0 (Windows NT 10.0; Win64; x64) AppleWebKit/537.36 (KHTML, like Gecko) Chrome/88.0.4298.0 Safari/537.36"
204.48.19.85 - - [08/Jul/2021:01:12:27 -0400] "POST /wp-cron.php?doing_wp_cron=1625721146.9953930377960205078125 HTTP/1.1" 200 6350 "https://angelsonhighstreet.com/wp-cron.php?doing_wp_cron=1625721146.9953930377960205078125" "WordPress/5.7.2; https://angelsonhighstreet.com"
174.198.33.232 - - [08/Jul/2021:01:12:27 -0400] "POST /wp-admin/admin-ajax.php HTTP/1.1" 200 6705 "https://angelsonhighstreet.com/wp-admin/edit.php?post_type=product" "Mozilla/5.0 (Macintosh; Intel Mac OS X 10_15_6) AppleWebKit/605.1.15 (KHTML, like Gecko) Version/14.0.3 Safari/605.1.15"
27.147.202.214 - - [08/Jul/2021:01:12:31 -0400] "GET /Gulpfile.coffee HTTP/1.1" 301 415 "-" "Mozilla/5.0 (Windows NT 10.0; Win64; x64) AppleWebKit/537.36 (KHTML, like Gecko) Chrome/88.0.4298.0 Safari/537.36"
27.147.202.214 - - [08/Jul/2021:01:12:33 -0400] "GET /axis2/axis2-admin/ HTTP/1.1" 301 418 "-" "Mozilla/5.0 (Windows NT 10.0; Win64; x64) AppleWebKit/537.36 (KHTML, like Gecko) Chrome/88.0.4298.0 Safari/537.36"
27.147.202.214 - - [08/Jul/2021:01:12:33 -0400] "GET /angelsonhighstreet.com-dump.sql.gz HTTP/1.1" 301 434 "-" "Mozilla/5.0 (Windows NT 10.0; Win64; x64) AppleWebKit/537.36 (KHTML, like Gecko) Chrome/88.0.4298.0 Safari/537.36"
27.147.202.214 - - [08/Jul/2021:01:12:39 -0400] "GET /axis2/axis2-admin/welcome HTTP/1.1" 301 425 "-" "Mozilla/5.0 (Windows NT 10.0; Win64; x64) AppleWebKit/537.36 (KHTML, like Gecko) Chrome/88.0.4298.0 Safari/537.36"
27.147.202.214 - - [08/Jul/2021:01:12:39 -0400] "GET /.travis.yml HTTP/1.1" 301 411 "-" "Mozilla/5.0 (Windows NT 10.0; Win64; x64) AppleWebKit/537.36 (KHTML, like Gecko) Chrome/88.0.4298.0 Safari/537.36"
27.147.202.214 - - [08/Jul/2021:01:12:41 -0400] "GET /angelsonhighstreet.com-backup.sql.gz HTTP/1.1" 301 436 "-" "Mozilla/5.0 (Windows NT 10.0; Win64; x64) AppleWebKit/537.36 (KHTML, like Gecko) Chrome/88.0.4298.0 Safari/537.36"
27.147.202.214 - - [08/Jul/2021:01:12:44 -0400] "GET /webtools/ HTTP/1.1" 301 409 "-" "Mozilla/5.0 (Windows NT 10.0; Win64; x64) AppleWebKit/537.36 (KHTML, like Gecko) Chrome/88.0.4298.0 Safari/537.36"
27.147.202.214 - - [08/Jul/2021:01:12:45 -0400] "GET /pom.xml HTTP/1.1" 301 407 "-" "Mozilla/5.0 (Windows NT 10.0; Win64; x64) AppleWebKit/537.36 (KHTML, like Gecko) Chrome/88.0.4298.0 Safari/537.36"
27.147.202.214 - - [08/Jul/2021:01:12:46 -0400] "GET /angelsonhighstreet.com_db.sql.gz HTTP/1.1" 301 432 "-" "Mozilla/5.0 (Windows NT 10.0; Win64; x64) AppleWebKit/537.36 (KHTML, like Gecko) Chrome/88.0.4298.0 Safari/537.36"
27.147.202.214 - - [08/Jul/2021:01:12:49 -0400] "GET /otrs/ HTTP/1.1" 301 405 "-" "Mozilla/5.0 (Windows NT 10.0; Win64; x64) AppleWebKit/537.36 (KHTML, like Gecko) Chrome/88.0.4298.0 Safari/537.36"
27.147.202.214 - - [08/Jul/2021:01:12:50 -0400] "GET /Guardfile HTTP/1.1" 301 409 "-" "Mozilla/5.0 (Windows NT 10.0; Win64; x64) AppleWebKit/537.36 (KHTML, like Gecko) Chrome/88.0.4298.0 Safari/537.36"
27.147.202.214 - - [08/Jul/2021:01:12:51 -0400] "GET /db.sql.tar HTTP/1.1" 301 410 "-" "Mozilla/5.0 (Windows NT 10.0; Win64; x64) AppleWebKit/537.36 (KHTML, like Gecko) Chrome/88.0.4298.0 Safari/537.36"
27.147.202.214 - - [08/Jul/2021:01:12:53 -0400] "GET /ui/authentication/ HTTP/1.1" 301 418 "-" "Mozilla/5.0 (Windows NT 10.0; Win64; x64) AppleWebKit/537.36 (KHTML, like Gecko) Chrome/88.0.4298.0 Safari/537.36"
27.147.202.214 - - [08/Jul/2021:01:12:53 -0400] "GET /app.js HTTP/1.1" 301 406 "-" "Mozilla/5.0 (Windows NT 10.0; Win64; x64) AppleWebKit/537.36 (KHTML, like Gecko) Chrome/88.0.4298.0 Safari/537.36"
204.48.19.85 - - [08/Jul/2021:01:12:57 -0400] "POST /wp-cron.php?doing_wp_cron=1625721177.6771829128265380859375 HTTP/1.1" 200 6350 "https://angelsonhighstreet.com/wp-cron.php?doing_wp_cron=1625721177.6771829128265380859375" "WordPress/5.7.2; https://angelsonhighstreet.com"
27.147.202.214 - - [08/Jul/2021:01:12:58 -0400] "GET /applet.html HTTP/1.1" 301 411 "-" "Mozilla/5.0 (Windows NT 10.0; Win64; x64) AppleWebKit/537.36 (KHTML, like Gecko) Chrome/88.0.4298.0 Safari/537.36"
27.147.202.214 - - [08/Jul/2021:01:12:57 -0400] "GET /dump.sql.tar HTTP/1.1" 301 412 "-" "Mozilla/5.0 (Windows NT 10.0; Win64; x64) AppleWebKit/537.36 (KHTML, like Gecko) Chrome/88.0.4298.0 Safari/537.36"
27.147.202.214 - - [08/Jul/2021:01:12:59 -0400] "GET /server.js HTTP/1.1" 301 409 "-" "Mozilla/5.0 (Windows NT 10.0; Win64; x64) AppleWebKit/537.36 (KHTML, like Gecko) Chrome/88.0.4298.0 Safari/537.36"
204.48.19.85 - - [08/Jul/2021:01:13:01 -0400] "POST /wp-cron.php?doing_wp_cron=1625721181.6723859310150146484375 HTTP/1.1" 200 6350 "https://angelsonhighstreet.com/wp-cron.php?doing_wp_cron=1625721181.6723859310150146484375" "WordPress/5.7.2; https://angelsonhighstreet.com"
27.147.202.214 - - [08/Jul/2021:01:13:04 -0400] "GET /.pydevproject HTTP/1.1" 301 413 "-" "Mozilla/5.0 (Windows NT 10.0; Win64; x64) AppleWebKit/537.36 (KHTML, like Gecko) Chrome/88.0.4298.0 Safari/537.36"
27.147.202.214 - - [08/Jul/2021:01:13:02 -0400] "GET /login.html HTTP/1.1" 301 410 "-" "Mozilla/5.0 (Windows NT 10.0; Win64; x64) AppleWebKit/537.36 (KHTML, like Gecko) Chrome/88.0.4298.0 Safari/537.36"
27.147.202.214 - - [08/Jul/2021:01:13:03 -0400] "GET /dbdump.sql.tar HTTP/1.1" 301 414 "-" "Mozilla/5.0 (Windows NT 10.0; Win64; x64) AppleWebKit/537.36 (KHTML, like Gecko) Chrome/88.0.4298.0 Safari/537.36"
27.147.202.214 - - [08/Jul/2021:01:13:07 -0400] "GET /login.php HTTP/1.1" 301 409 "-" "Mozilla/5.0 (Windows NT 10.0; Win64; x64) AppleWebKit/537.36 (KHTML, like Gecko) Chrome/88.0.4298.0 Safari/537.36"
27.147.202.214 - - [08/Jul/2021:01:13:07 -0400] "GET /.project HTTP/1.1" 301 408 "-" "Mozilla/5.0 (Windows NT 10.0; Win64; x64) AppleWebKit/537.36 (KHTML, like Gecko) Chrome/88.0.4298.0 Safari/537.36"
27.147.202.214 - - [08/Jul/2021:01:13:08 -0400] "GET /database.sql.tar HTTP/1.1" 301 416 "-" "Mozilla/5.0 (Windows NT 10.0; Win64; x64) AppleWebKit/537.36 (KHTML, like Gecko) Chrome/88.0.4298.0 Safari/537.36"
27.147.202.214 - - [08/Jul/2021:01:13:12 -0400] "GET /server/TCPIPGEN.htm HTTP/1.1" 301 419 "-" "Mozilla/5.0 (Windows NT 10.0; Win64; x64) AppleWebKit/537.36 (KHTML, like Gecko) Chrome/88.0.4298.0 Safari/537.36"
27.147.202.214 - - [08/Jul/2021:01:13:12 -0400] "GET /appveyor.yml HTTP/1.1" 301 412 "-" "Mozilla/5.0 (Windows NT 10.0; Win64; x64) AppleWebKit/537.36 (KHTML, like Gecko) Chrome/88.0.4298.0 Safari/537.36"
27.147.202.214 - - [08/Jul/2021:01:13:12 -0400] "GET /backup.sql.tar HTTP/1.1" 301 414 "-" "Mozilla/5.0 (Windows NT 10.0; Win64; x64) AppleWebKit/537.36 (KHTML, like Gecko) Chrome/88.0.4298.0 Safari/537.36"
27.147.202.214 - - [08/Jul/2021:01:13:16 -0400] "GET /config.xml HTTP/1.1" 301 410 "-" "Mozilla/5.0 (Windows NT 10.0; Win64; x64) AppleWebKit/537.36 (KHTML, like Gecko) Chrome/88.0.4298.0 Safari/537.36"
27.147.202.214 - - [08/Jul/2021:01:13:16 -0400] "GET /index.asp HTTP/1.1" 301 409 "-" "Mozilla/5.0 (Windows NT 10.0; Win64; x64) AppleWebKit/537.36 (KHTML, like Gecko) Chrome/88.0.4298.0 Safari/537.36"
27.147.202.214 - - [08/Jul/2021:01:13:17 -0400] "GET /www.sql.tar HTTP/1.1" 301 411 "-" "Mozilla/5.0 (Windows NT 10.0; Win64; x64) AppleWebKit/537.36 (KHTML, like Gecko) Chrome/88.0.4298.0 Safari/537.36"
27.147.202.214 - - [08/Jul/2021:01:13:20 -0400] "GET /credentials.xml HTTP/1.1" 301 415 "-" "Mozilla/5.0 (Windows NT 10.0; Win64; x64) AppleWebKit/537.36 (KHTML, like Gecko) Chrome/88.0.4298.0 Safari/537.36"
27.147.202.214 - - [08/Jul/2021:01:13:24 -0400] "GET /.gitlab-ci.yml HTTP/1.1" 404 527 "-" "Mozilla/5.0 (Windows NT 10.0; Win64; x64) AppleWebKit/537.36 (KHTML, like Gecko) Chrome/88.0.4298.0 Safari/537.36"
27.147.202.214 - - [08/Jul/2021:01:13:22 -0400] "GET /wwwdb.sql.tar HTTP/1.1" 301 413 "-" "Mozilla/5.0 (Windows NT 10.0; Win64; x64) AppleWebKit/537.36 (KHTML, like Gecko) Chrome/88.0.4298.0 Safari/537.36"
27.147.202.214 - - [08/Jul/2021:01:13:24 -0400] "GET /wp-cli.yml HTTP/1.1" 301 410 "-" "Mozilla/5.0 (Windows NT 10.0; Win64; x64) AppleWebKit/537.36 (KHTML, like Gecko) Chrome/88.0.4298.0 Safari/537.36"
27.147.202.214 - - [08/Jul/2021:01:13:26 -0400] "GET /www_db.sql.tar HTTP/1.1" 301 414 "-" "Mozilla/5.0 (Windows NT 10.0; Win64; x64) AppleWebKit/537.36 (KHTML, like Gecko) Chrome/88.0.4298.0 Safari/537.36"
27.147.202.214 - - [08/Jul/2021:01:13:28 -0400] "GET /config/secrets.yml HTTP/1.1" 301 418 "-" "Mozilla/5.0 (Windows NT 10.0; Win64; x64) AppleWebKit/537.36 (KHTML, like Gecko) Chrome/88.0.4298.0 Safari/537.36"
27.147.202.214 - - [08/Jul/2021:01:13:29 -0400] "GET /www-db.sql.tar HTTP/1.1" 301 414 "-" "Mozilla/5.0 (Windows NT 10.0; Win64; x64) AppleWebKit/537.36 (KHTML, like Gecko) Chrome/88.0.4298.0 Safari/537.36"
27.147.202.214 - - [08/Jul/2021:01:13:30 -0400] "GET /config/initializers/secret_token.rb HTTP/1.1" 301 435 "-" "Mozilla/5.0 (Windows NT 10.0; Win64; x64) AppleWebKit/537.36 (KHTML, like Gecko) Chrome/88.0.4298.0 Safari/537.36"
27.147.202.214 - - [08/Jul/2021:01:13:33 -0400] "GET /www_database.sql.tar HTTP/1.1" 301 420 "-" "Mozilla/5.0 (Windows NT 10.0; Win64; x64) AppleWebKit/537.36 (KHTML, like Gecko) Chrome/88.0.4298.0 Safari/537.36"
27.147.202.214 - - [08/Jul/2021:01:13:34 -0400] "GET /.zshrc HTTP/1.1" 301 406 "-" "Mozilla/5.0 (Windows NT 10.0; Win64; x64) AppleWebKit/537.36 (KHTML, like Gecko) Chrome/88.0.4298.0 Safari/537.36"
27.147.202.214 - - [08/Jul/2021:01:13:38 -0400] "GET /www-database.sql.tar HTTP/1.1" 301 420 "-" "Mozilla/5.0 (Windows NT 10.0; Win64; x64) AppleWebKit/537.36 (KHTML, like Gecko) Chrome/88.0.4298.0 Safari/537.36"
27.147.202.214 - - [08/Jul/2021:01:13:39 -0400] "GET /.bash_profile HTTP/1.1" 301 413 "-" "Mozilla/5.0 (Windows NT 10.0; Win64; x64) AppleWebKit/537.36 (KHTML, like Gecko) Chrome/88.0.4298.0 Safari/537.36"
27.147.202.214 - - [08/Jul/2021:01:13:42 -0400] "GET /www_dump.sql.tar HTTP/1.1" 301 416 "-" "Mozilla/5.0 (Windows NT 10.0; Win64; x64) AppleWebKit/537.36 (KHTML, like Gecko) Chrome/88.0.4298.0 Safari/537.36"
27.147.202.214 - - [08/Jul/2021:01:13:43 -0400] "GET /.bash_history HTTP/1.1" 301 413 "-" "Mozilla/5.0 (Windows NT 10.0; Win64; x64) AppleWebKit/537.36 (KHTML, like Gecko) Chrome/88.0.4298.0 Safari/537.36"
27.147.202.214 - - [08/Jul/2021:01:13:46 -0400] "GET /.nano_history HTTP/1.1" 301 413 "-" "Mozilla/5.0 (Windows NT 10.0; Win64; x64) AppleWebKit/537.36 (KHTML, like Gecko) Chrome/88.0.4298.0 Safari/537.36"
27.147.202.214 - - [08/Jul/2021:01:13:45 -0400] "GET /www-dump.sql.tar HTTP/1.1" 301 416 "-" "Mozilla/5.0 (Windows NT 10.0; Win64; x64) AppleWebKit/537.36 (KHTML, like Gecko) Chrome/88.0.4298.0 Safari/537.36"
27.147.202.214 - - [08/Jul/2021:01:13:48 -0400] "GET /.sh_history HTTP/1.1" 301 411 "-" "Mozilla/5.0 (Windows NT 10.0; Win64; x64) AppleWebKit/537.36 (KHTML, like Gecko) Chrome/88.0.4298.0 Safari/537.36"
27.147.202.214 - - [08/Jul/2021:01:13:48 -0400] "GET /www_backup.sql.tar HTTP/1.1" 301 418 "-" "Mozilla/5.0 (Windows NT 10.0; Win64; x64) AppleWebKit/537.36 (KHTML, like Gecko) Chrome/88.0.4298.0 Safari/537.36"
27.147.202.214 - - [08/Jul/2021:01:13:50 -0400] "GET /.irb_history HTTP/1.1" 301 412 "-" "Mozilla/5.0 (Windows NT 10.0; Win64; x64) AppleWebKit/537.36 (KHTML, like Gecko) Chrome/88.0.4298.0 Safari/537.36"
27.147.202.214 - - [08/Jul/2021:01:13:50 -0400] "GET /www-backup.sql.tar HTTP/1.1" 301 418 "-" "Mozilla/5.0 (Windows NT 10.0; Win64; x64) AppleWebKit/537.36 (KHTML, like Gecko) Chrome/88.0.4298.0 Safari/537.36"
27.147.202.214 - - [08/Jul/2021:01:13:52 -0400] "GET /.irbrc HTTP/1.1" 301 406 "-" "Mozilla/5.0 (Windows NT 10.0; Win64; x64) AppleWebKit/537.36 (KHTML, like Gecko) Chrome/88.0.4298.0 Safari/537.36"
27.147.202.214 - - [08/Jul/2021:01:13:52 -0400] "GET /backup-www.sql.tar HTTP/1.1" 301 418 "-" "Mozilla/5.0 (Windows NT 10.0; Win64; x64) AppleWebKit/537.36 (KHTML, like Gecko) Chrome/88.0.4298.0 Safari/537.36"
27.147.202.214 - - [08/Jul/2021:01:13:54 -0400] "GET /backup_www.sql.tar HTTP/1.1" 301 418 "-" "Mozilla/5.0 (Windows NT 10.0; Win64; x64) AppleWebKit/537.36 (KHTML, like Gecko) Chrome/88.0.4298.0 Safari/537.36"
27.147.202.214 - - [08/Jul/2021:01:13:54 -0400] "GET /.history HTTP/1.1" 301 408 "-" "Mozilla/5.0 (Windows NT 10.0; Win64; x64) AppleWebKit/537.36 (KHTML, like Gecko) Chrome/88.0.4298.0 Safari/537.36"
27.147.202.214 - - [08/Jul/2021:01:13:55 -0400] "GET /www.angelsonhighstreet.com.sql.tar HTTP/1.1" 301 434 "-" "Mozilla/5.0 (Windows NT 10.0; Win64; x64) AppleWebKit/537.36 (KHTML, like Gecko) Chrome/88.0.4298.0 Safari/537.36"
27.147.202.214 - - [08/Jul/2021:01:13:55 -0400] "GET /.viminfo HTTP/1.1" 301 408 "-" "Mozilla/5.0 (Windows NT 10.0; Win64; x64) AppleWebKit/537.36 (KHTML, like Gecko) Chrome/88.0.4298.0 Safari/537.36"
27.147.202.214 - - [08/Jul/2021:01:13:57 -0400] "GET /www.angelsonhighstreet.com-dump.sql.tar HTTP/1.1" 301 439 "-" "Mozilla/5.0 (Windows NT 10.0; Win64; x64) AppleWebKit/537.36 (KHTML, like Gecko) Chrome/88.0.4298.0 Safari/537.36"
27.147.202.214 - - [08/Jul/2021:01:13:59 -0400] "GET /project.xml HTTP/1.1" 301 411 "-" "Mozilla/5.0 (Windows NT 10.0; Win64; x64) AppleWebKit/537.36 (KHTML, like Gecko) Chrome/88.0.4298.0 Safari/537.36"
27.147.202.214 - - [08/Jul/2021:01:14:00 -0400] "GET /www.angelsonhighstreet.com-backup.sql.tar HTTP/1.1" 301 441 "-" "Mozilla/5.0 (Windows NT 10.0; Win64; x64) AppleWebKit/537.36 (KHTML, like Gecko) Chrome/88.0.4298.0 Safari/537.36"
27.147.202.214 - - [08/Jul/2021:01:14:01 -0400] "GET /.histfile HTTP/1.1" 301 409 "-" "Mozilla/5.0 (Windows NT 10.0; Win64; x64) AppleWebKit/537.36 (KHTML, like Gecko) Chrome/88.0.4298.0 Safari/537.36"
204.48.19.85 - - [08/Jul/2021:01:14:02 -0400] "POST /wp-cron.php?doing_wp_cron=1625721242.4613139629364013671875 HTTP/1.1" 200 6350 "https://angelsonhighstreet.com/wp-cron.php?doing_wp_cron=1625721242.4613139629364013671875" "WordPress/5.7.2; https://angelsonhighstreet.com"
204.48.19.85 - - [08/Jul/2021:01:14:03 -0400] "POST /wp-cron.php?doing_wp_cron=1625721243.3537089824676513671875 HTTP/1.1" 200 6350 "https://angelsonhighstreet.com/wp-cron.php?doing_wp_cron=1625721243.3537089824676513671875" "WordPress/5.7.2; https://angelsonhighstreet.com"
27.147.202.214 - - [08/Jul/2021:01:14:04 -0400] "GET /www.angelsonhighstreet.com_db.sql.tar HTTP/1.1" 301 437 "-" "Mozilla/5.0 (Windows NT 10.0; Win64; x64) AppleWebKit/537.36 (KHTML, like Gecko) Chrome/88.0.4298.0 Safari/537.36"
27.147.202.214 - - [08/Jul/2021:01:14:04 -0400] "GET /id_rsa HTTP/1.1" 301 406 "-" "Mozilla/5.0 (Windows NT 10.0; Win64; x64) AppleWebKit/537.36 (KHTML, like Gecko) Chrome/88.0.4298.0 Safari/537.36"
27.147.202.214 - - [08/Jul/2021:01:14:06 -0400] "GET /angelsonhighstreet.com.sql.tar HTTP/1.1" 301 430 "-" "Mozilla/5.0 (Windows NT 10.0; Win64; x64) AppleWebKit/537.36 (KHTML, like Gecko) Chrome/88.0.4298.0 Safari/537.36"
27.147.202.214 - - [08/Jul/2021:01:14:06 -0400] "GET /.psql_history HTTP/1.1" 301 413 "-" "Mozilla/5.0 (Windows NT 10.0; Win64; x64) AppleWebKit/537.36 (KHTML, like Gecko) Chrome/88.0.4298.0 Safari/537.36"
27.147.202.214 - - [08/Jul/2021:01:14:07 -0400] "GET /angelsonhighstreet.com-dump.sql.tar HTTP/1.1" 301 435 "-" "Mozilla/5.0 (Windows NT 10.0; Win64; x64) AppleWebKit/537.36 (KHTML, like Gecko) Chrome/88.0.4298.0 Safari/537.36"
27.147.202.214 - - [08/Jul/2021:01:14:10 -0400] "GET /.sqlite_history HTTP/1.1" 301 415 "-" "Mozilla/5.0 (Windows NT 10.0; Win64; x64) AppleWebKit/537.36 (KHTML, like Gecko) Chrome/88.0.4298.0 Safari/537.36"
27.147.202.214 - - [08/Jul/2021:01:14:11 -0400] "GET /angelsonhighstreet.com-backup.sql.tar HTTP/1.1" 301 437 "-" "Mozilla/5.0 (Windows NT 10.0; Win64; x64) AppleWebKit/537.36 (KHTML, like Gecko) Chrome/88.0.4298.0 Safari/537.36"
27.147.202.214 - - [08/Jul/2021:01:14:16 -0400] "GET /.mysql_history HTTP/1.1" 301 414 "-" "Mozilla/5.0 (Windows NT 10.0; Win64; x64) AppleWebKit/537.36 (KHTML, like Gecko) Chrome/88.0.4298.0 Safari/537.36"
27.147.202.214 - - [08/Jul/2021:01:14:16 -0400] "GET /angelsonhighstreet.com_db.sql.tar HTTP/1.1" 301 433 "-" "Mozilla/5.0 (Windows NT 10.0; Win64; x64) AppleWebKit/537.36 (KHTML, like Gecko) Chrome/88.0.4298.0 Safari/537.36"
27.147.202.214 - - [08/Jul/2021:01:14:21 -0400] "GET /.s3cfg HTTP/1.1" 301 406 "-" "Mozilla/5.0 (Windows NT 10.0; Win64; x64) AppleWebKit/537.36 (KHTML, like Gecko) Chrome/88.0.4298.0 Safari/537.36"
27.147.202.214 - - [08/Jul/2021:01:14:26 -0400] "GET /.htaccess~ HTTP/1.1" 403 530 "-" "Mozilla/5.0 (Windows NT 10.0; Win64; x64) AppleWebKit/537.36 (KHTML, like Gecko) Chrome/88.0.4298.0 Safari/537.36"
27.147.202.214 - - [08/Jul/2021:01:14:27 -0400] "GET /.htaccess.old HTTP/1.1" 403 530 "-" "Mozilla/5.0 (Windows NT 10.0; Win64; x64) AppleWebKit/537.36 (KHTML, like Gecko) Chrome/88.0.4298.0 Safari/537.36"
27.147.202.214 - - [08/Jul/2021:01:14:21 -0400] "GET /db.zip HTTP/1.1" 301 406 "-" "Mozilla/5.0 (Windows NT 10.0; Win64; x64) AppleWebKit/537.36 (KHTML, like Gecko) Chrome/88.0.4298.0 Safari/537.36"
27.147.202.214 - - [08/Jul/2021:01:14:27 -0400] "GET /.htaccess.save HTTP/1.1" 403 530 "-" "Mozilla/5.0 (Windows NT 10.0; Win64; x64) AppleWebKit/537.36 (KHTML, like Gecko) Chrome/88.0.4298.0 Safari/537.36"
27.147.202.214 - - [08/Jul/2021:01:14:27 -0400] "GET /.gitignore HTTP/1.1" 404 527 "-" "Mozilla/5.0 (Windows NT 10.0; Win64; x64) AppleWebKit/537.36 (KHTML, like Gecko) Chrome/88.0.4298.0 Safari/537.36"
27.147.202.214 - - [08/Jul/2021:01:14:28 -0400] "GET /appsettings.json HTTP/1.1" 301 416 "-" "Mozilla/5.0 (Windows NT 10.0; Win64; x64) AppleWebKit/537.36 (KHTML, like Gecko) Chrome/88.0.4298.0 Safari/537.36"
27.147.202.214 - - [08/Jul/2021:01:14:27 -0400] "GET /dump.zip HTTP/1.1" 301 408 "-" "Mozilla/5.0 (Windows NT 10.0; Win64; x64) AppleWebKit/537.36 (KHTML, like Gecko) Chrome/88.0.4298.0 Safari/537.36"
174.198.33.232 - - [08/Jul/2021:01:14:27 -0400] "POST /wp-admin/admin-ajax.php HTTP/1.1" 200 6705 "https://angelsonhighstreet.com/wp-admin/edit.php?post_type=product" "Mozilla/5.0 (Macintosh; Intel Mac OS X 10_15_6) AppleWebKit/605.1.15 (KHTML, like Gecko) Version/14.0.3 Safari/605.1.15"
27.147.202.214 - - [08/Jul/2021:01:14:32 -0400] "GET /appsettings.Development.json HTTP/1.1" 301 428 "-" "Mozilla/5.0 (Windows NT 10.0; Win64; x64) AppleWebKit/537.36 (KHTML, like Gecko) Chrome/88.0.4298.0 Safari/537.36"
27.147.202.214 - - [08/Jul/2021:01:14:33 -0400] "GET /dbdump.zip HTTP/1.1" 301 410 "-" "Mozilla/5.0 (Windows NT 10.0; Win64; x64) AppleWebKit/537.36 (KHTML, like Gecko) Chrome/88.0.4298.0 Safari/537.36"
27.147.202.214 - - [08/Jul/2021:01:14:35 -0400] "GET /appsettings.Staging.json HTTP/1.1" 301 424 "-" "Mozilla/5.0 (Windows NT 10.0; Win64; x64) AppleWebKit/537.36 (KHTML, like Gecko) Chrome/88.0.4298.0 Safari/537.36"
27.147.202.214 - - [08/Jul/2021:01:14:35 -0400] "GET /database.zip HTTP/1.1" 301 412 "-" "Mozilla/5.0 (Windows NT 10.0; Win64; x64) AppleWebKit/537.36 (KHTML, like Gecko) Chrome/88.0.4298.0 Safari/537.36"
27.147.202.214 - - [08/Jul/2021:01:14:38 -0400] "GET /appsettings.Production.json HTTP/1.1" 301 427 "-" "Mozilla/5.0 (Windows NT 10.0; Win64; x64) AppleWebKit/537.36 (KHTML, like Gecko) Chrome/88.0.4298.0 Safari/537.36"
27.147.202.214 - - [08/Jul/2021:01:14:40 -0400] "GET /backup.zip HTTP/1.1" 301 410 "-" "Mozilla/5.0 (Windows NT 10.0; Win64; x64) AppleWebKit/537.36 (KHTML, like Gecko) Chrome/88.0.4298.0 Safari/537.36"
27.147.202.214 - - [08/Jul/2021:01:14:44 -0400] "GET /appsecrets.json HTTP/1.1" 301 415 "-" "Mozilla/5.0 (Windows NT 10.0; Win64; x64) AppleWebKit/537.36 (KHTML, like Gecko) Chrome/88.0.4298.0 Safari/537.36"
27.147.202.214 - - [08/Jul/2021:01:14:46 -0400] "GET /www.zip HTTP/1.1" 301 407 "-" "Mozilla/5.0 (Windows NT 10.0; Win64; x64) AppleWebKit/537.36 (KHTML, like Gecko) Chrome/88.0.4298.0 Safari/537.36"
27.147.202.214 - - [08/Jul/2021:01:14:49 -0400] "GET /.hgignore HTTP/1.1" 301 409 "-" "Mozilla/5.0 (Windows NT 10.0; Win64; x64) AppleWebKit/537.36 (KHTML, like Gecko) Chrome/88.0.4298.0 Safari/537.36"
27.147.202.214 - - [08/Jul/2021:01:14:51 -0400] "GET /wwwdb.zip HTTP/1.1" 301 409 "-" "Mozilla/5.0 (Windows NT 10.0; Win64; x64) AppleWebKit/537.36 (KHTML, like Gecko) Chrome/88.0.4298.0 Safari/537.36"
27.147.202.214 - - [08/Jul/2021:01:14:52 -0400] "GET /package-lock.json HTTP/1.1" 301 417 "-" "Mozilla/5.0 (Windows NT 10.0; Win64; x64) AppleWebKit/537.36 (KHTML, like Gecko) Chrome/88.0.4298.0 Safari/537.36"
27.147.202.214 - - [08/Jul/2021:01:14:53 -0400] "GET /www_db.zip HTTP/1.1" 301 410 "-" "Mozilla/5.0 (Windows NT 10.0; Win64; x64) AppleWebKit/537.36 (KHTML, like Gecko) Chrome/88.0.4298.0 Safari/537.36"
27.147.202.214 - - [08/Jul/2021:01:14:53 -0400] "GET /bitbucket-pipelines.yml HTTP/1.1" 301 423 "-" "Mozilla/5.0 (Windows NT 10.0; Win64; x64) AppleWebKit/537.36 (KHTML, like Gecko) Chrome/88.0.4298.0 Safari/537.36"
27.147.202.214 - - [08/Jul/2021:01:14:54 -0400] "GET /azure-pipelines.yml HTTP/1.1" 301 419 "-" "Mozilla/5.0 (Windows NT 10.0; Win64; x64) AppleWebKit/537.36 (KHTML, like Gecko) Chrome/88.0.4298.0 Safari/537.36"
27.147.202.214 - - [08/Jul/2021:01:14:55 -0400] "GET /www-db.zip HTTP/1.1" 301 410 "-" "Mozilla/5.0 (Windows NT 10.0; Win64; x64) AppleWebKit/537.36 (KHTML, like Gecko) Chrome/88.0.4298.0 Safari/537.36"
27.147.202.214 - - [08/Jul/2021:01:14:56 -0400] "GET /www_database.zip HTTP/1.1" 301 416 "-" "Mozilla/5.0 (Windows NT 10.0; Win64; x64) AppleWebKit/537.36 (KHTML, like Gecko) Chrome/88.0.4298.0 Safari/537.36"
204.48.19.85 - - [08/Jul/2021:01:14:57 -0400] "POST /wp-cron.php?doing_wp_cron=1625721297.2161290645599365234375 HTTP/1.1" 200 6350 "https://angelsonhighstreet.com/wp-cron.php?doing_wp_cron=1625721297.2161290645599365234375" "WordPress/5.7.2; https://angelsonhighstreet.com"
54.36.148.154 - - [08/Jul/2021:01:14:55 -0400] "GET /shop-full-width?product_order=desc&product_view=grid&product_count=16&product_orderby=default HTTP/1.1" 200 21955 "-" "Mozilla/5.0 (compatible; AhrefsBot/7.0; +http://ahrefs.com/robot/)"
27.147.202.214 - - [08/Jul/2021:01:14:57 -0400] "GET /www-database.zip HTTP/1.1" 301 416 "-" "Mozilla/5.0 (Windows NT 10.0; Win64; x64) AppleWebKit/537.36 (KHTML, like Gecko) Chrome/88.0.4298.0 Safari/537.36"
27.147.202.214 - - [08/Jul/2021:01:14:58 -0400] "GET /www_dump.zip HTTP/1.1" 301 412 "-" "Mozilla/5.0 (Windows NT 10.0; Win64; x64) AppleWebKit/537.36 (KHTML, like Gecko) Chrome/88.0.4298.0 Safari/537.36"
27.147.202.214 - - [08/Jul/2021:01:14:59 -0400] "GET /www-dump.zip HTTP/1.1" 301 412 "-" "Mozilla/5.0 (Windows NT 10.0; Win64; x64) AppleWebKit/537.36 (KHTML, like Gecko) Chrome/88.0.4298.0 Safari/537.36"
27.147.202.214 - - [08/Jul/2021:01:15:00 -0400] "GET /www_backup.zip HTTP/1.1" 301 414 "-" "Mozilla/5.0 (Windows NT 10.0; Win64; x64) AppleWebKit/537.36 (KHTML, like Gecko) Chrome/88.0.4298.0 Safari/537.36"
27.147.202.214 - - [08/Jul/2021:01:15:00 -0400] "GET /www-backup.zip HTTP/1.1" 301 414 "-" "Mozilla/5.0 (Windows NT 10.0; Win64; x64) AppleWebKit/537.36 (KHTML, like Gecko) Chrome/88.0.4298.0 Safari/537.36"
27.147.202.214 - - [08/Jul/2021:01:15:03 -0400] "GET /backup-www.zip HTTP/1.1" 301 414 "-" "Mozilla/5.0 (Windows NT 10.0; Win64; x64) AppleWebKit/537.36 (KHTML, like Gecko) Chrome/88.0.4298.0 Safari/537.36"
27.147.202.214 - - [08/Jul/2021:01:15:04 -0400] "GET /backup_www.zip HTTP/1.1" 301 414 "-" "Mozilla/5.0 (Windows NT 10.0; Win64; x64) AppleWebKit/537.36 (KHTML, like Gecko) Chrome/88.0.4298.0 Safari/537.36"
27.147.202.214 - - [08/Jul/2021:01:15:05 -0400] "GET /www.angelsonhighstreet.com.zip HTTP/1.1" 301 430 "-" "Mozilla/5.0 (Windows NT 10.0; Win64; x64) AppleWebKit/537.36 (KHTML, like Gecko) Chrome/88.0.4298.0 Safari/537.36"
27.147.202.214 - - [08/Jul/2021:01:15:06 -0400] "GET /www.angelsonhighstreet.com-dump.zip HTTP/1.1" 301 435 "-" "Mozilla/5.0 (Windows NT 10.0; Win64; x64) AppleWebKit/537.36 (KHTML, like Gecko) Chrome/88.0.4298.0 Safari/537.36"
27.147.202.214 - - [08/Jul/2021:01:15:08 -0400] "GET /www.angelsonhighstreet.com-backup.zip HTTP/1.1" 301 437 "-" "Mozilla/5.0 (Windows NT 10.0; Win64; x64) AppleWebKit/537.36 (KHTML, like Gecko) Chrome/88.0.4298.0 Safari/537.36"
27.147.202.214 - - [08/Jul/2021:01:15:08 -0400] "GET /www.angelsonhighstreet.com_db.zip HTTP/1.1" 301 433 "-" "Mozilla/5.0 (Windows NT 10.0; Win64; x64) AppleWebKit/537.36 (KHTML, like Gecko) Chrome/88.0.4298.0 Safari/537.36"
27.147.202.214 - - [08/Jul/2021:01:15:09 -0400] "GET /angelsonhighstreet.com.zip HTTP/1.1" 301 426 "-" "Mozilla/5.0 (Windows NT 10.0; Win64; x64) AppleWebKit/537.36 (KHTML, like Gecko) Chrome/88.0.4298.0 Safari/537.36"
27.147.202.214 - - [08/Jul/2021:01:15:11 -0400] "GET /angelsonhighstreet.com-dump.zip HTTP/1.1" 301 430 "-" "Mozilla/5.0 (Windows NT 10.0; Win64; x64) AppleWebKit/537.36 (KHTML, like Gecko) Chrome/88.0.4298.0 Safari/537.36"
27.147.202.214 - - [08/Jul/2021:01:15:11 -0400] "GET /angelsonhighstreet.com-backup.zip HTTP/1.1" 301 432 "-" "Mozilla/5.0 (Windows NT 10.0; Win64; x64) AppleWebKit/537.36 (KHTML, like Gecko) Chrome/88.0.4298.0 Safari/537.36"
27.147.202.214 - - [08/Jul/2021:01:15:12 -0400] "GET /angelsonhighstreet.com_db.zip HTTP/1.1" 301 428 "-" "Mozilla/5.0 (Windows NT 10.0; Win64; x64) AppleWebKit/537.36 (KHTML, like Gecko) Chrome/88.0.4298.0 Safari/537.36"
27.147.202.214 - - [08/Jul/2021:01:15:13 -0400] "GET /db.tar.gz HTTP/1.1" 301 408 "-" "Mozilla/5.0 (Windows NT 10.0; Win64; x64) AppleWebKit/537.36 (KHTML, like Gecko) Chrome/88.0.4298.0 Safari/537.36"
27.147.202.214 - - [08/Jul/2021:01:15:14 -0400] "GET /dump.tar.gz HTTP/1.1" 301 410 "-" "Mozilla/5.0 (Windows NT 10.0; Win64; x64) AppleWebKit/537.36 (KHTML, like Gecko) Chrome/88.0.4298.0 Safari/537.36"
27.147.202.214 - - [08/Jul/2021:01:15:16 -0400] "GET /dbdump.tar.gz HTTP/1.1" 301 412 "-" "Mozilla/5.0 (Windows NT 10.0; Win64; x64) AppleWebKit/537.36 (KHTML, like Gecko) Chrome/88.0.4298.0 Safari/537.36"
27.147.202.214 - - [08/Jul/2021:01:15:17 -0400] "GET /database.tar.gz HTTP/1.1" 301 414 "-" "Mozilla/5.0 (Windows NT 10.0; Win64; x64) AppleWebKit/537.36 (KHTML, like Gecko) Chrome/88.0.4298.0 Safari/537.36"
27.147.202.214 - - [08/Jul/2021:01:15:18 -0400] "GET /backup.tar.gz HTTP/1.1" 301 412 "-" "Mozilla/5.0 (Windows NT 10.0; Win64; x64) AppleWebKit/537.36 (KHTML, like Gecko) Chrome/88.0.4298.0 Safari/537.36"
27.147.202.214 - - [08/Jul/2021:01:15:18 -0400] "GET /www.tar.gz HTTP/1.1" 301 409 "-" "Mozilla/5.0 (Windows NT 10.0; Win64; x64) AppleWebKit/537.36 (KHTML, like Gecko) Chrome/88.0.4298.0 Safari/537.36"
27.147.202.214 - - [08/Jul/2021:01:15:19 -0400] "GET /wwwdb.tar.gz HTTP/1.1" 301 376 "-" "Mozilla/5.0 (Windows NT 10.0; Win64; x64) AppleWebKit/537.36 (KHTML, like Gecko) Chrome/88.0.4298.0 Safari/537.36"
27.147.202.214 - - [08/Jul/2021:01:15:24 -0400] "GET /www_db.tar.gz HTTP/1.1" 301 6487 "-" "Mozilla/5.0 (Windows NT 10.0; Win64; x64) AppleWebKit/537.36 (KHTML, like Gecko) Chrome/88.0.4298.0 Safari/537.36"
27.147.202.214 - - [08/Jul/2021:01:15:24 -0400] "GET /www-db.tar.gz HTTP/1.1" 301 413 "-" "Mozilla/5.0 (Windows NT 10.0; Win64; x64) AppleWebKit/537.36 (KHTML, like Gecko) Chrome/88.0.4298.0 Safari/537.36"
27.147.202.214 - - [08/Jul/2021:01:15:25 -0400] "GET /www_database.tar.gz HTTP/1.1" 301 419 "-" "Mozilla/5.0 (Windows NT 10.0; Win64; x64) AppleWebKit/537.36 (KHTML, like Gecko) Chrome/88.0.4298.0 Safari/537.36"
27.147.202.214 - - [08/Jul/2021:01:15:26 -0400] "GET /www-database.tar.gz HTTP/1.1" 301 419 "-" "Mozilla/5.0 (Windows NT 10.0; Win64; x64) AppleWebKit/537.36 (KHTML, like Gecko) Chrome/88.0.4298.0 Safari/537.36"
27.147.202.214 - - [08/Jul/2021:01:15:28 -0400] "GET /www_dump.tar.gz HTTP/1.1" 301 415 "-" "Mozilla/5.0 (Windows NT 10.0; Win64; x64) AppleWebKit/537.36 (KHTML, like Gecko) Chrome/88.0.4298.0 Safari/537.36"
27.147.202.214 - - [08/Jul/2021:01:15:29 -0400] "GET /www-dump.tar.gz HTTP/1.1" 301 415 "-" "Mozilla/5.0 (Windows NT 10.0; Win64; x64) AppleWebKit/537.36 (KHTML, like Gecko) Chrome/88.0.4298.0 Safari/537.36"
27.147.202.214 - - [08/Jul/2021:01:15:30 -0400] "GET /www_backup.tar.gz HTTP/1.1" 301 417 "-" "Mozilla/5.0 (Windows NT 10.0; Win64; x64) AppleWebKit/537.36 (KHTML, like Gecko) Chrome/88.0.4298.0 Safari/537.36"
27.147.202.214 - - [08/Jul/2021:01:15:31 -0400] "GET /www-backup.tar.gz HTTP/1.1" 301 417 "-" "Mozilla/5.0 (Windows NT 10.0; Win64; x64) AppleWebKit/537.36 (KHTML, like Gecko) Chrome/88.0.4298.0 Safari/537.36"
27.147.202.214 - - [08/Jul/2021:01:15:32 -0400] "GET /backup-www.tar.gz HTTP/1.1" 301 417 "-" "Mozilla/5.0 (Windows NT 10.0; Win64; x64) AppleWebKit/537.36 (KHTML, like Gecko) Chrome/88.0.4298.0 Safari/537.36"
27.147.202.214 - - [08/Jul/2021:01:15:33 -0400] "GET /backup_www.tar.gz HTTP/1.1" 301 417 "-" "Mozilla/5.0 (Windows NT 10.0; Win64; x64) AppleWebKit/537.36 (KHTML, like Gecko) Chrome/88.0.4298.0 Safari/537.36"
27.147.202.214 - - [08/Jul/2021:01:15:33 -0400] "GET /www.angelsonhighstreet.com.tar.gz HTTP/1.1" 301 433 "-" "Mozilla/5.0 (Windows NT 10.0; Win64; x64) AppleWebKit/537.36 (KHTML, like Gecko) Chrome/88.0.4298.0 Safari/537.36"
27.147.202.214 - - [08/Jul/2021:01:15:34 -0400] "GET /www.angelsonhighstreet.com-dump.tar.gz HTTP/1.1" 301 438 "-" "Mozilla/5.0 (Windows NT 10.0; Win64; x64) AppleWebKit/537.36 (KHTML, like Gecko) Chrome/88.0.4298.0 Safari/537.36"
27.147.202.214 - - [08/Jul/2021:01:15:36 -0400] "GET /www.angelsonhighstreet.com-backup.tar.gz HTTP/1.1" 301 440 "-" "Mozilla/5.0 (Windows NT 10.0; Win64; x64) AppleWebKit/537.36 (KHTML, like Gecko) Chrome/88.0.4298.0 Safari/537.36"
27.147.202.214 - - [08/Jul/2021:01:15:37 -0400] "GET /www.angelsonhighstreet.com_db.tar.gz HTTP/1.1" 301 436 "-" "Mozilla/5.0 (Windows NT 10.0; Win64; x64) AppleWebKit/537.36 (KHTML, like Gecko) Chrome/88.0.4298.0 Safari/537.36"
27.147.202.214 - - [08/Jul/2021:01:15:38 -0400] "GET /angelsonhighstreet.com.tar.gz HTTP/1.1" 301 429 "-" "Mozilla/5.0 (Windows NT 10.0; Win64; x64) AppleWebKit/537.36 (KHTML, like Gecko) Chrome/88.0.4298.0 Safari/537.36"
27.147.202.214 - - [08/Jul/2021:01:15:38 -0400] "GET /angelsonhighstreet.com-dump.tar.gz HTTP/1.1" 301 434 "-" "Mozilla/5.0 (Windows NT 10.0; Win64; x64) AppleWebKit/537.36 (KHTML, like Gecko) Chrome/88.0.4298.0 Safari/537.36"
27.147.202.214 - - [08/Jul/2021:01:15:39 -0400] "GET /angelsonhighstreet.com-backup.tar.gz HTTP/1.1" 301 436 "-" "Mozilla/5.0 (Windows NT 10.0; Win64; x64) AppleWebKit/537.36 (KHTML, like Gecko) Chrome/88.0.4298.0 Safari/537.36"
27.147.202.214 - - [08/Jul/2021:01:15:40 -0400] "GET /angelsonhighstreet.com_db.tar.gz HTTP/1.1" 301 432 "-" "Mozilla/5.0 (Windows NT 10.0; Win64; x64) AppleWebKit/537.36 (KHTML, like Gecko) Chrome/88.0.4298.0 Safari/537.36"
27.147.202.214 - - [08/Jul/2021:01:15:41 -0400] "GET /db.tar HTTP/1.1" 301 406 "-" "Mozilla/5.0 (Windows NT 10.0; Win64; x64) AppleWebKit/537.36 (KHTML, like Gecko) Chrome/88.0.4298.0 Safari/537.36"
27.147.202.214 - - [08/Jul/2021:01:15:42 -0400] "GET /dump.tar HTTP/1.1" 301 408 "-" "Mozilla/5.0 (Windows NT 10.0; Win64; x64) AppleWebKit/537.36 (KHTML, like Gecko) Chrome/88.0.4298.0 Safari/537.36"
27.147.202.214 - - [08/Jul/2021:01:15:43 -0400] "GET /dbdump.tar HTTP/1.1" 301 410 "-" "Mozilla/5.0 (Windows NT 10.0; Win64; x64) AppleWebKit/537.36 (KHTML, like Gecko) Chrome/88.0.4298.0 Safari/537.36"
27.147.202.214 - - [08/Jul/2021:01:15:44 -0400] "GET /database.tar HTTP/1.1" 301 412 "-" "Mozilla/5.0 (Windows NT 10.0; Win64; x64) AppleWebKit/537.36 (KHTML, like Gecko) Chrome/88.0.4298.0 Safari/537.36"
27.147.202.214 - - [08/Jul/2021:01:15:45 -0400] "GET /backup.tar HTTP/1.1" 301 410 "-" "Mozilla/5.0 (Windows NT 10.0; Win64; x64) AppleWebKit/537.36 (KHTML, like Gecko) Chrome/88.0.4298.0 Safari/537.36"
27.147.202.214 - - [08/Jul/2021:01:15:47 -0400] "GET /www.tar HTTP/1.1" 301 407 "-" "Mozilla/5.0 (Windows NT 10.0; Win64; x64) AppleWebKit/537.36 (KHTML, like Gecko) Chrome/88.0.4298.0 Safari/537.36"
27.147.202.214 - - [08/Jul/2021:01:15:50 -0400] "GET /wwwdb.tar HTTP/1.1" 301 409 "-" "Mozilla/5.0 (Windows NT 10.0; Win64; x64) AppleWebKit/537.36 (KHTML, like Gecko) Chrome/88.0.4298.0 Safari/537.36"
27.147.202.214 - - [08/Jul/2021:01:15:57 -0400] "GET /www_db.tar HTTP/1.1" 301 410 "-" "Mozilla/5.0 (Windows NT 10.0; Win64; x64) AppleWebKit/537.36 (KHTML, like Gecko) Chrome/88.0.4298.0 Safari/537.36"
204.48.19.85 - - [08/Jul/2021:01:16:07 -0400] "POST /wp-cron.php?doing_wp_cron=1625721366.9100790023803710937500 HTTP/1.1" 200 6350 "https://angelsonhighstreet.com/wp-cron.php?doing_wp_cron=1625721366.9100790023803710937500" "WordPress/5.7.2; https://angelsonhighstreet.com"
27.147.202.214 - - [08/Jul/2021:01:16:08 -0400] "GET /www-db.tar HTTP/1.1" 301 410 "-" "Mozilla/5.0 (Windows NT 10.0; Win64; x64) AppleWebKit/537.36 (KHTML, like Gecko) Chrome/88.0.4298.0 Safari/537.36"
27.147.202.214 - - [08/Jul/2021:01:16:12 -0400] "GET /www_database.tar HTTP/1.1" 301 416 "-" "Mozilla/5.0 (Windows NT 10.0; Win64; x64) AppleWebKit/537.36 (KHTML, like Gecko) Chrome/88.0.4298.0 Safari/537.36"
27.147.202.214 - - [08/Jul/2021:01:16:17 -0400] "GET /www-database.tar HTTP/1.1" 301 416 "-" "Mozilla/5.0 (Windows NT 10.0; Win64; x64) AppleWebKit/537.36 (KHTML, like Gecko) Chrome/88.0.4298.0 Safari/537.36"
27.147.202.214 - - [08/Jul/2021:01:16:23 -0400] "GET /www_dump.tar HTTP/1.1" 301 412 "-" "Mozilla/5.0 (Windows NT 10.0; Win64; x64) AppleWebKit/537.36 (KHTML, like Gecko) Chrome/88.0.4298.0 Safari/537.36"
174.198.33.232 - - [08/Jul/2021:01:16:27 -0400] "POST /wp-admin/admin-ajax.php HTTP/1.1" 500 6611 "https://angelsonhighstreet.com/wp-admin/edit.php?post_type=product" "Mozilla/5.0 (Macintosh; Intel Mac OS X 10_15_6) AppleWebKit/605.1.15 (KHTML, like Gecko) Version/14.0.3 Safari/605.1.15"
27.147.202.214 - - [08/Jul/2021:01:16:29 -0400] "GET /www-dump.tar HTTP/1.1" 301 412 "-" "Mozilla/5.0 (Windows NT 10.0; Win64; x64) AppleWebKit/537.36 (KHTML, like Gecko) Chrome/88.0.4298.0 Safari/537.36"
27.147.202.214 - - [08/Jul/2021:01:16:42 -0400] "GET /www_backup.tar HTTP/1.1" 301 414 "-" "Mozilla/5.0 (Windows NT 10.0; Win64; x64) AppleWebKit/537.36 (KHTML, like Gecko) Chrome/88.0.4298.0 Safari/537.36"
27.147.202.214 - - [08/Jul/2021:01:16:55 -0400] "GET /www-backup.tar HTTP/1.1" 301 414 "-" "Mozilla/5.0 (Windows NT 10.0; Win64; x64) AppleWebKit/537.36 (KHTML, like Gecko) Chrome/88.0.4298.0 Safari/537.36"
204.48.19.85 - - [08/Jul/2021:01:17:03 -0400] "POST /wp-cron.php?doing_wp_cron=1625721423.7756440639495849609375 HTTP/1.1" 200 6350 "https://angelsonhighstreet.com/wp-cron.php?doing_wp_cron=1625721423.7756440639495849609375" "WordPress/5.7.2; https://angelsonhighstreet.com"
27.147.202.214 - - [08/Jul/2021:01:17:06 -0400] "GET /backup-www.tar HTTP/1.1" 301 414 "-" "Mozilla/5.0 (Windows NT 10.0; Win64; x64) AppleWebKit/537.36 (KHTML, like Gecko) Chrome/88.0.4298.0 Safari/537.36"
27.147.202.214 - - [08/Jul/2021:01:17:16 -0400] "GET /backup_www.tar HTTP/1.1" 301 414 "-" "Mozilla/5.0 (Windows NT 10.0; Win64; x64) AppleWebKit/537.36 (KHTML, like Gecko) Chrome/88.0.4298.0 Safari/537.36"
27.147.202.214 - - [08/Jul/2021:01:17:22 -0400] "GET /www.angelsonhighstreet.com.tar HTTP/1.1" 301 430 "-" "Mozilla/5.0 (Windows NT 10.0; Win64; x64) AppleWebKit/537.36 (KHTML, like Gecko) Chrome/88.0.4298.0 Safari/537.36"
27.147.202.214 - - [08/Jul/2021:01:17:27 -0400] "GET /www.angelsonhighstreet.com-dump.tar HTTP/1.1" 301 435 "-" "Mozilla/5.0 (Windows NT 10.0; Win64; x64) AppleWebKit/537.36 (KHTML, like Gecko) Chrome/88.0.4298.0 Safari/537.36"
27.147.202.214 - - [08/Jul/2021:01:17:29 -0400] "GET /www.angelsonhighstreet.com-backup.tar HTTP/1.1" 301 437 "-" "Mozilla/5.0 (Windows NT 10.0; Win64; x64) AppleWebKit/537.36 (KHTML, like Gecko) Chrome/88.0.4298.0 Safari/537.36"
27.147.202.214 - - [08/Jul/2021:01:17:33 -0400] "GET /www.angelsonhighstreet.com_db.tar HTTP/1.1" 301 433 "-" "Mozilla/5.0 (Windows NT 10.0; Win64; x64) AppleWebKit/537.36 (KHTML, like Gecko) Chrome/88.0.4298.0 Safari/537.36"
27.147.202.214 - - [08/Jul/2021:01:17:44 -0400] "GET /angelsonhighstreet.com.tar HTTP/1.1" 301 426 "-" "Mozilla/5.0 (Windows NT 10.0; Win64; x64) AppleWebKit/537.36 (KHTML, like Gecko) Chrome/88.0.4298.0 Safari/537.36"
27.147.202.214 - - [08/Jul/2021:01:17:57 -0400] "GET /angelsonhighstreet.com-dump.tar HTTP/1.1" 301 431 "-" "Mozilla/5.0 (Windows NT 10.0; Win64; x64) AppleWebKit/537.36 (KHTML, like Gecko) Chrome/88.0.4298.0 Safari/537.36"
204.48.19.85 - - [08/Jul/2021:01:18:09 -0400] "POST /wp-cron.php?doing_wp_cron=1625721489.3274660110473632812500 HTTP/1.1" 200 6350 "https://angelsonhighstreet.com/wp-cron.php?doing_wp_cron=1625721489.3274660110473632812500" "WordPress/5.7.2; https://angelsonhighstreet.com"
27.147.202.214 - - [08/Jul/2021:01:18:10 -0400] "GET /angelsonhighstreet.com-backup.tar HTTP/1.1" 301 433 "-" "Mozilla/5.0 (Windows NT 10.0; Win64; x64) AppleWebKit/537.36 (KHTML, like Gecko) Chrome/88.0.4298.0 Safari/537.36"
27.147.202.214 - - [08/Jul/2021:01:18:23 -0400] "GET /angelsonhighstreet.com_db.tar HTTP/1.1" 301 429 "-" "Mozilla/5.0 (Windows NT 10.0; Win64; x64) AppleWebKit/537.36 (KHTML, like Gecko) Chrome/88.0.4298.0 Safari/537.36"
174.198.33.232 - - [08/Jul/2021:01:18:27 -0400] "POST /wp-admin/admin-ajax.php HTTP/1.1" 200 6705 "https://angelsonhighstreet.com/wp-admin/edit.php?post_type=product" "Mozilla/5.0 (Macintosh; Intel Mac OS X 10_15_6) AppleWebKit/605.1.15 (KHTML, like Gecko) Version/14.0.3 Safari/605.1.15"
27.147.202.214 - - [08/Jul/2021:01:18:30 -0400] "GET /db.7z HTTP/1.1" 301 405 "-" "Mozilla/5.0 (Windows NT 10.0; Win64; x64) AppleWebKit/537.36 (KHTML, like Gecko) Chrome/88.0.4298.0 Safari/537.36"
27.147.202.214 - - [08/Jul/2021:01:18:35 -0400] "GET /dump.7z HTTP/1.1" 301 407 "-" "Mozilla/5.0 (Windows NT 10.0; Win64; x64) AppleWebKit/537.36 (KHTML, like Gecko) Chrome/88.0.4298.0 Safari/537.36"
27.147.202.214 - - [08/Jul/2021:01:18:39 -0400] "GET /dbdump.7z HTTP/1.1" 301 409 "-" "Mozilla/5.0 (Windows NT 10.0; Win64; x64) AppleWebKit/537.36 (KHTML, like Gecko) Chrome/88.0.4298.0 Safari/537.36"
27.147.202.214 - - [08/Jul/2021:01:18:41 -0400] "GET /database.7z HTTP/1.1" 301 411 "-" "Mozilla/5.0 (Windows NT 10.0; Win64; x64) AppleWebKit/537.36 (KHTML, like Gecko) Chrome/88.0.4298.0 Safari/537.36"
27.147.202.214 - - [08/Jul/2021:01:18:44 -0400] "GET /backup.7z HTTP/1.1" 301 409 "-" "Mozilla/5.0 (Windows NT 10.0; Win64; x64) AppleWebKit/537.36 (KHTML, like Gecko) Chrome/88.0.4298.0 Safari/537.36"
27.147.202.214 - - [08/Jul/2021:01:18:46 -0400] "GET /www.7z HTTP/1.1" 301 406 "-" "Mozilla/5.0 (Windows NT 10.0; Win64; x64) AppleWebKit/537.36 (KHTML, like Gecko) Chrome/88.0.4298.0 Safari/537.36"
27.147.202.214 - - [08/Jul/2021:01:18:47 -0400] "GET /wwwdb.7z HTTP/1.1" 301 408 "-" "Mozilla/5.0 (Windows NT 10.0; Win64; x64) AppleWebKit/537.36 (KHTML, like Gecko) Chrome/88.0.4298.0 Safari/537.36"
27.147.202.214 - - [08/Jul/2021:01:18:49 -0400] "GET /www_db.7z HTTP/1.1" 301 409 "-" "Mozilla/5.0 (Windows NT 10.0; Win64; x64) AppleWebKit/537.36 (KHTML, like Gecko) Chrome/88.0.4298.0 Safari/537.36"
27.147.202.214 - - [08/Jul/2021:01:18:50 -0400] "GET /www-db.7z HTTP/1.1" 301 409 "-" "Mozilla/5.0 (Windows NT 10.0; Win64; x64) AppleWebKit/537.36 (KHTML, like Gecko) Chrome/88.0.4298.0 Safari/537.36"
27.147.202.214 - - [08/Jul/2021:01:18:51 -0400] "GET /www_database.7z HTTP/1.1" 301 415 "-" "Mozilla/5.0 (Windows NT 10.0; Win64; x64) AppleWebKit/537.36 (KHTML, like Gecko) Chrome/88.0.4298.0 Safari/537.36"
27.147.202.214 - - [08/Jul/2021:01:18:51 -0400] "GET /www-database.7z HTTP/1.1" 301 415 "-" "Mozilla/5.0 (Windows NT 10.0; Win64; x64) AppleWebKit/537.36 (KHTML, like Gecko) Chrome/88.0.4298.0 Safari/537.36"
27.147.202.214 - - [08/Jul/2021:01:18:52 -0400] "GET /www_dump.7z HTTP/1.1" 301 411 "-" "Mozilla/5.0 (Windows NT 10.0; Win64; x64) AppleWebKit/537.36 (KHTML, like Gecko) Chrome/88.0.4298.0 Safari/537.36"
27.147.202.214 - - [08/Jul/2021:01:18:53 -0400] "GET /www-dump.7z HTTP/1.1" 301 411 "-" "Mozilla/5.0 (Windows NT 10.0; Win64; x64) AppleWebKit/537.36 (KHTML, like Gecko) Chrome/88.0.4298.0 Safari/537.36"
27.147.202.214 - - [08/Jul/2021:01:18:54 -0400] "GET /www_backup.7z HTTP/1.1" 301 413 "-" "Mozilla/5.0 (Windows NT 10.0; Win64; x64) AppleWebKit/537.36 (KHTML, like Gecko) Chrome/88.0.4298.0 Safari/537.36"
27.147.202.214 - - [08/Jul/2021:01:18:55 -0400] "GET /www-backup.7z HTTP/1.1" 301 413 "-" "Mozilla/5.0 (Windows NT 10.0; Win64; x64) AppleWebKit/537.36 (KHTML, like Gecko) Chrome/88.0.4298.0 Safari/537.36"
27.147.202.214 - - [08/Jul/2021:01:18:56 -0400] "GET /backup-www.7z HTTP/1.1" 301 413 "-" "Mozilla/5.0 (Windows NT 10.0; Win64; x64) AppleWebKit/537.36 (KHTML, like Gecko) Chrome/88.0.4298.0 Safari/537.36"
204.48.19.85 - - [08/Jul/2021:01:18:57 -0400] "POST /wp-cron.php?doing_wp_cron=1625721537.3814980983734130859375 HTTP/1.1" 200 6350 "https://angelsonhighstreet.com/wp-cron.php?doing_wp_cron=1625721537.3814980983734130859375" "WordPress/5.7.2; https://angelsonhighstreet.com"
27.147.202.214 - - [08/Jul/2021:01:18:56 -0400] "GET /backup_www.7z HTTP/1.1" 301 413 "-" "Mozilla/5.0 (Windows NT 10.0; Win64; x64) AppleWebKit/537.36 (KHTML, like Gecko) Chrome/88.0.4298.0 Safari/537.36"
