174.198.14.184 - - [08/Jul/2021:17:48:31 -0400] "GET /favicon.ico HTTP/1.1" 500 7442 "https://angelsonhighstreet.com/wp-admin/" "Mozilla/5.0 (Linux; Android 11; SM-G973U) AppleWebKit/537.36 (KHTML, like Gecko) Chrome/83.0.4103.106 Mobile Safari/537.36"
174.198.14.184 - - [08/Jul/2021:17:48:41 -0400] "GET /wp-admin/ HTTP/1.1" 500 2267 "-" "Mozilla/5.0 (Linux; Android 11; SM-G973U) AppleWebKit/537.36 (KHTML, like Gecko) Chrome/83.0.4103.106 Mobile Safari/537.36"
174.198.14.184 - - [08/Jul/2021:17:48:43 -0400] "GET /favicon.ico HTTP/1.1" 500 1944 "https://angelsonhighstreet.com/wp-admin/" "Mozilla/5.0 (Linux; Android 11; SM-G973U) AppleWebKit/537.36 (KHTML, like Gecko) Chrome/83.0.4103.106 Mobile Safari/537.36"
174.198.31.231 - - [08/Jul/2021:17:48:54 -0400] "GET /wp-content/plugins/wp-optimize/js/minify-admin-purge-3-1-9.min.js?ver=3.1.9 HTTP/1.1" 500 7442 "https://angelsonhighstreet.com/wp-admin/edit-comments.php" "Mozilla/5.0 (Linux; Android 11; SM-G973U) AppleWebKit/537.36 (KHTML, like Gecko) Chrome/90.0.4430.210 Mobile Safari/537.36"
174.198.31.231 - - [08/Jul/2021:17:48:55 -0400] "GET /wp-content/plugins/wp-optimize/js/minify-admin-purge-3-1-9.min.js?ver=3.1.9 HTTP/1.1" 500 7442 "https://angelsonhighstreet.com/wp-admin/edit-comments.php" "Mozilla/5.0 (Linux; Android 11; SM-G973U) AppleWebKit/537.36 (KHTML, like Gecko) Chrome/90.0.4430.210 Mobile Safari/537.36"
174.198.31.231 - - [08/Jul/2021:17:49:03 -0400] "POST /wp-admin/admin-ajax.php HTTP/1.1" 200 1337 "https://angelsonhighstreet.com/wp-admin/edit-comments.php" "Mozilla/5.0 (Linux; Android 11; SM-G973U) AppleWebKit/537.36 (KHTML, like Gecko) Chrome/90.0.4430.210 Mobile Safari/537.36"
174.198.31.231 - - [08/Jul/2021:17:49:06 -0400] "GET /wp-admin/edit.php?post_type=shop_order HTTP/1.1" 500 1692 "https://angelsonhighstreet.com/wp-admin/edit-comments.php" "Mozilla/5.0 (Linux; Android 11; SM-G973U) AppleWebKit/537.36 (KHTML, like Gecko) Chrome/90.0.4430.210 Mobile Safari/537.36"
174.198.31.231 - - [08/Jul/2021:17:49:06 -0400] "GET /favicon.ico HTTP/1.1" 500 1944 "https://angelsonhighstreet.com/wp-admin/edit.php?post_type=shop_order" "Mozilla/5.0 (Linux; Android 11; SM-G973U) AppleWebKit/537.36 (KHTML, like Gecko) Chrome/90.0.4430.210 Mobile Safari/537.36"
174.198.31.231 - - [08/Jul/2021:17:49:14 -0400] "GET /wp-admin/edit.php?post_type=shop_order HTTP/1.1" 500 7765 "https://angelsonhighstreet.com/wp-admin/edit-comments.php" "Mozilla/5.0 (Linux; Android 11; SM-G973U) AppleWebKit/537.36 (KHTML, like Gecko) Chrome/90.0.4430.210 Mobile Safari/537.36"
174.198.31.231 - - [08/Jul/2021:17:49:15 -0400] "GET /favicon.ico HTTP/1.1" 500 1944 "https://angelsonhighstreet.com/wp-admin/edit.php?post_type=shop_order" "Mozilla/5.0 (Linux; Android 11; SM-G973U) AppleWebKit/537.36 (KHTML, like Gecko) Chrome/90.0.4430.210 Mobile Safari/537.36"
174.198.31.231 - - [08/Jul/2021:17:49:20 -0400] "GET /wp-admin/edit.php?post_type=shop_order HTTP/1.1" 500 2267 "https://angelsonhighstreet.com/wp-admin/edit-comments.php" "Mozilla/5.0 (Linux; Android 11; SM-G973U) AppleWebKit/537.36 (KHTML, like Gecko) Chrome/90.0.4430.210 Mobile Safari/537.36"
174.198.31.231 - - [08/Jul/2021:17:49:21 -0400] "GET /favicon.ico HTTP/1.1" 500 1944 "https://angelsonhighstreet.com/wp-admin/edit.php?post_type=shop_order" "Mozilla/5.0 (Linux; Android 11; SM-G973U) AppleWebKit/537.36 (KHTML, like Gecko) Chrome/90.0.4430.210 Mobile Safari/537.36"
174.198.31.231 - - [08/Jul/2021:17:49:40 -0400] "GET /wp-login.php?redirect_to=https%3A%2F%2Fangelsonhighstreet.com%2Fwp-admin%2Fedit.php%3Fpost_type%3Dshop_order&reauth=1 HTTP/1.1" 500 1944 "-" "Mozilla/5.0 (Linux; Android 11; SM-G973U) AppleWebKit/537.36 (KHTML, like Gecko) Chrome/90.0.4430.210 Mobile Safari/537.36"
174.198.31.231 - - [08/Jul/2021:17:49:40 -0400] "GET /favicon.ico HTTP/1.1" 500 1944 "https://angelsonhighstreet.com/wp-login.php?redirect_to=https%3A%2F%2Fangelsonhighstreet.com%2Fwp-admin%2Fedit.php%3Fpost_type%3Dshop_order&reauth=1" "Mozilla/5.0 (Linux; Android 11; SM-G973U) AppleWebKit/537.36 (KHTML, like Gecko) Chrome/90.0.4430.210 Mobile Safari/537.36"
174.198.31.231 - - [08/Jul/2021:17:49:42 -0400] "GET /wp-login.php?redirect_to=https%3A%2F%2Fangelsonhighstreet.com%2Fwp-admin%2Fedit.php%3Fpost_type%3Dshop_order&reauth=1 HTTP/1.1" 500 1944 "-" "Mozilla/5.0 (Linux; Android 11; SM-G973U) AppleWebKit/537.36 (KHTML, like Gecko) Chrome/90.0.4430.210 Mobile Safari/537.36"
174.198.31.231 - - [08/Jul/2021:17:49:42 -0400] "GET /favicon.ico HTTP/1.1" 500 1944 "https://angelsonhighstreet.com/wp-login.php?redirect_to=https%3A%2F%2Fangelsonhighstreet.com%2Fwp-admin%2Fedit.php%3Fpost_type%3Dshop_order&reauth=1" "Mozilla/5.0 (Linux; Android 11; SM-G973U) AppleWebKit/537.36 (KHTML, like Gecko) Chrome/90.0.4430.210 Mobile Safari/537.36"
174.198.31.231 - - [08/Jul/2021:17:49:44 -0400] "GET /wp-login.php?redirect_to=https%3A%2F%2Fangelsonhighstreet.com%2Fwp-admin%2Fedit.php%3Fpost_type%3Dshop_order&reauth=1 HTTP/1.1" 500 1944 "-" "Mozilla/5.0 (Linux; Android 11; SM-G973U) AppleWebKit/537.36 (KHTML, like Gecko) Chrome/90.0.4430.210 Mobile Safari/537.36"
174.198.31.231 - - [08/Jul/2021:17:49:44 -0400] "GET /favicon.ico HTTP/1.1" 500 1944 "https://angelsonhighstreet.com/wp-login.php?redirect_to=https%3A%2F%2Fangelsonhighstreet.com%2Fwp-admin%2Fedit.php%3Fpost_type%3Dshop_order&reauth=1" "Mozilla/5.0 (Linux; Android 11; SM-G973U) AppleWebKit/537.36 (KHTML, like Gecko) Chrome/90.0.4430.210 Mobile Safari/537.36"
174.198.31.231 - - [08/Jul/2021:17:49:45 -0400] "GET /wp-login.php?redirect_to=https%3A%2F%2Fangelsonhighstreet.com%2Fwp-admin%2Fedit.php%3Fpost_type%3Dshop_order&reauth=1 HTTP/1.1" 500 1944 "-" "Mozilla/5.0 (Linux; Android 11; SM-G973U) AppleWebKit/537.36 (KHTML, like Gecko) Chrome/90.0.4430.210 Mobile Safari/537.36"
174.198.31.231 - - [08/Jul/2021:17:49:46 -0400] "GET /favicon.ico HTTP/1.1" 500 1944 "https://angelsonhighstreet.com/wp-login.php?redirect_to=https%3A%2F%2Fangelsonhighstreet.com%2Fwp-admin%2Fedit.php%3Fpost_type%3Dshop_order&reauth=1" "Mozilla/5.0 (Linux; Android 11; SM-G973U) AppleWebKit/537.36 (KHTML, like Gecko) Chrome/90.0.4430.210 Mobile Safari/537.36"
66.249.66.41 - - [08/Jul/2021:17:55:57 -0400] "GET /product-category/salves?product_orderby=default&product_view=list&product_order=asc HTTP/1.1" 500 7395 "-" "Mozilla/5.0 (Linux; Android 6.0.1; Nexus 5X Build/MMB29P) AppleWebKit/537.36 (KHTML, like Gecko) Chrome/91.0.4472.90 Mobile Safari/537.36 (compatible; Googlebot/2.1; +http://www.google.com/bot.html)"
23.100.232.233 - - [08/Jul/2021:18:05:51 -0400] "GET / HTTP/1.1" 500 6758 "-" "Mozilla/5.0 (compatible; MSIE 9.0; Windows NT 6.1; Trident/5.0;  Trident/5.0)"
23.100.232.233 - - [08/Jul/2021:18:06:07 -0400] "GET / HTTP/1.1" 500 6758 "-" "Mozilla/5.0 (compatible; MSIE 9.0; Windows NT 6.0; Trident/5.0;  Trident/5.0)"
150.95.12.103 - - [08/Jul/2021:18:07:10 -0400] "POST /wp-login.php HTTP/1.1" 500 7395 "-" "Mozilla/5.0 (Windows NT 10.0; WOW64) AppleWebKit/537.36 (KHTML, like Gecko) Chrome/57.0.2987.133 Safari/537.36"
95.216.246.185 - - [08/Jul/2021:18:16:49 -0400] "POST /wp-login.php HTTP/1.1" 500 7395 "-" "Mozilla/5.0 (Windows NT 6.1) AppleWebKit/537.36 (KHTML, like Gecko) Chrome/70.0.3538.102 Safari/537.36"
138.68.140.0 - - [08/Jul/2021:18:29:48 -0400] "POST /wp-login.php HTTP/1.1" 500 7395 "-" "Mozilla/5.0 (Windows NT 10.0; WOW64) AppleWebKit/537.36 (KHTML, like Gecko) Chrome/46.0.2490.86 Safari/537.36"
206.189.50.175 - - [08/Jul/2021:18:53:04 -0400] "POST /wp-login.php HTTP/1.1" 500 7395 "-" "Mozilla/5.0 (Windows NT 6.3; Win64; x64) AppleWebKit/537.36 (KHTML, like Gecko) Chrome/68.0.3440.106 Safari/537.36"
204.48.19.85 - - [08/Jul/2021:19:03:13 -0400] "GET / HTTP/1.1" 200 25910 "https://angelsonhighstreet.com/" "WordPress/5.7.2; https://angelsonhighstreet.com"
134.249.101.234 - - [08/Jul/2021:19:03:11 -0400] "POST /wp-login.php HTTP/1.1" 200 8934 "-" "Mozilla/5.0 (Windows NT 10.0; Win64; x64) AppleWebKit/537.36 (KHTML, like Gecko) Chrome/86.0.4240.193 Safari/537.36"
204.48.19.85 - - [08/Jul/2021:19:03:16 -0400] "POST /wp-admin/admin-ajax.php?action=wp_1_wc_privacy_cleanup&nonce=6c04db517d HTTP/1.1" 200 6512 "https://angelsonhighstreet.com/wp-admin/admin-ajax.php?action=wp_1_wc_privacy_cleanup&nonce=6c04db517d" "WordPress/5.7.2; https://angelsonhighstreet.com"
204.48.19.85 - - [08/Jul/2021:19:03:16 -0400] "GET /wp-json/wp/v2/types/post?context=edit HTTP/1.1" 401 6798 "https://angelsonhighstreet.com/wp-json/wp/v2/types/post?context=edit" "WordPress/5.7.2; https://angelsonhighstreet.com"
204.48.19.85 - - [08/Jul/2021:19:03:17 -0400] "POST /wp-cron.php HTTP/1.1" 200 6350 "https://angelsonhighstreet.com/wp-cron.php" "WordPress/5.7.2; https://angelsonhighstreet.com"
204.48.19.85 - - [08/Jul/2021:19:03:17 -0400] "GET / HTTP/1.1" 200 26136 "https://angelsonhighstreet.com/" "WordPress/5.7.2; https://angelsonhighstreet.com"
204.48.19.85 - - [08/Jul/2021:19:03:13 -0400] "POST /wp-cron.php?doing_wp_cron=1625785393.6896660327911376953125 HTTP/1.1" 200 6350 "https://angelsonhighstreet.com/wp-cron.php?doing_wp_cron=1625785393.6896660327911376953125" "WordPress/5.7.2; https://angelsonhighstreet.com"
204.48.19.85 - - [08/Jul/2021:19:15:47 -0400] "POST /wp-cron.php?doing_wp_cron=1625786147.3597218990325927734375 HTTP/1.1" 200 6350 "https://angelsonhighstreet.com/wp-cron.php?doing_wp_cron=1625786147.3597218990325927734375" "WordPress/5.7.2; https://angelsonhighstreet.com"
35.196.98.180 - - [08/Jul/2021:19:15:47 -0400] "GET /robots.txt HTTP/1.0" 200 5857 "-" "ZoominfoBot (zoominfobot at zoominfo dot com)"
35.196.98.180 - - [08/Jul/2021:19:15:47 -0400] "GET /comments/feed HTTP/1.0" 200 3584 "-" "ZoominfoBot (zoominfobot at zoominfo dot com)"
185.107.47.171 - - [08/Jul/2021:19:17:17 -0400] "GET / HTTP/1.1" 301 558 "-" "Mozilla/5.0 (Windows NT 10.0; Win64; x64) AppleWebKit/537.36 (KHTML, like Gecko) Chrome/67.0.3396.99 Safari/537.36"
204.48.19.85 - - [08/Jul/2021:19:17:20 -0400] "POST /wp-cron.php?doing_wp_cron=1625786240.2449700832366943359375 HTTP/1.1" 200 6350 "https://angelsonhighstreet.com/wp-cron.php?doing_wp_cron=1625786240.2449700832366943359375" "WordPress/5.7.2; https://angelsonhighstreet.com"
185.107.47.171 - - [08/Jul/2021:19:17:20 -0400] "GET / HTTP/1.1" 200 25153 "-" "Mozilla/5.0 (Windows NT 10.0; Win64; x64) AppleWebKit/537.36 (KHTML, like Gecko) Chrome/67.0.3396.99 Safari/537.36"
185.107.47.171 - - [08/Jul/2021:19:17:22 -0400] "GET /about-us HTTP/1.1" 301 574 "-" "Mozilla/5.0 (Windows NT 10.0; Win64; x64) AppleWebKit/537.36 (KHTML, like Gecko) Chrome/69.0.3497.100 Safari/537.36"
185.107.47.171 - - [08/Jul/2021:19:17:22 -0400] "GET /contact-us HTTP/1.1" 301 578 "-" "Mozilla/5.0 (Windows NT 10.0; Win64; x64) AppleWebKit/537.36 (KHTML, like Gecko) Chrome/67.0.3396.99 Safari/537.36"
185.107.47.171 - - [08/Jul/2021:19:17:24 -0400] "GET /about-us HTTP/1.1" 200 20902 "-" "Mozilla/5.0 (Windows NT 10.0; Win64; x64) AppleWebKit/537.36 (KHTML, like Gecko) Chrome/69.0.3497.100 Safari/537.36"
185.83.214.69 - - [08/Jul/2021:19:17:24 -0400] "GET /contact-us HTTP/1.1" 200 20490 "-" "Mozilla/5.0 (Windows NT 10.0; Win64; x64) AppleWebKit/537.36 (KHTML, like Gecko) Chrome/67.0.3396.99 Safari/537.36"
207.46.13.95 - - [08/Jul/2021:19:17:30 -0400] "GET /wp-content/uploads/2019/11/CBD_Salve_2oz_200mg-500x1029.jpg HTTP/1.1" 200 68485 "-" "Mozilla/5.0 (compatible; bingbot/2.0; +http://www.bing.com/bingbot.htm)"
204.48.19.85 - - [08/Jul/2021:19:18:03 -0400] "POST /wp-cron.php?doing_wp_cron=1625786283.5501990318298339843750 HTTP/1.1" 200 6350 "https://angelsonhighstreet.com/wp-cron.php?doing_wp_cron=1625786283.5501990318298339843750" "WordPress/5.7.2; https://angelsonhighstreet.com"
35.196.98.180 - - [08/Jul/2021:19:18:03 -0400] "GET /shop/cbg-salve-with-hawiian-haze-terpenes HTTP/1.0" 200 25498 "-" "ZoominfoBot (zoominfobot at zoominfo dot com)"
204.48.19.85 - - [08/Jul/2021:19:19:03 -0400] "POST /wp-cron.php?doing_wp_cron=1625786343.3424470424652099609375 HTTP/1.1" 200 6350 "https://angelsonhighstreet.com/wp-cron.php?doing_wp_cron=1625786343.3424470424652099609375" "WordPress/5.7.2; https://angelsonhighstreet.com"
207.46.13.130 - - [08/Jul/2021:19:19:03 -0400] "GET /contact-us HTTP/1.1" 200 20566 "-" "Mozilla/5.0 (compatible; bingbot/2.0; +http://www.bing.com/bingbot.htm)"
204.48.19.85 - - [08/Jul/2021:19:21:40 -0400] "POST /wp-cron.php?doing_wp_cron=1625786500.8774220943450927734375 HTTP/1.1" 200 6350 "https://angelsonhighstreet.com/wp-cron.php?doing_wp_cron=1625786500.8774220943450927734375" "WordPress/5.7.2; https://angelsonhighstreet.com"
35.196.98.180 - - [08/Jul/2021:19:21:40 -0400] "GET /xmlrpc.php?rsd HTTP/1.0" 200 5939 "-" "ZoominfoBot (zoominfobot at zoominfo dot com)"
204.48.19.85 - - [08/Jul/2021:19:21:59 -0400] "POST /wp-cron.php?doing_wp_cron=1625786519.7828469276428222656250 HTTP/1.1" 200 6350 "https://angelsonhighstreet.com/wp-cron.php?doing_wp_cron=1625786519.7828469276428222656250" "WordPress/5.7.2; https://angelsonhighstreet.com"
35.196.98.180 - - [08/Jul/2021:19:21:59 -0400] "GET /cbd-oils HTTP/1.0" 200 20585 "-" "ZoominfoBot (zoominfobot at zoominfo dot com)"
204.48.19.85 - - [08/Jul/2021:19:27:43 -0400] "POST /wp-cron.php?doing_wp_cron=1625786863.1566720008850097656250 HTTP/1.1" 200 6350 "https://angelsonhighstreet.com/wp-cron.php?doing_wp_cron=1625786863.1566720008850097656250" "WordPress/5.7.2; https://angelsonhighstreet.com"
35.196.98.180 - - [08/Jul/2021:19:27:43 -0400] "GET /shop/700mg-15ml-cbd-oil HTTP/1.0" 200 24215 "-" "ZoominfoBot (zoominfobot at zoominfo dot com)"
204.48.19.85 - - [08/Jul/2021:19:28:13 -0400] "POST /wp-cron.php?doing_wp_cron=1625786893.9887640476226806640625 HTTP/1.1" 200 6350 "https://angelsonhighstreet.com/wp-cron.php?doing_wp_cron=1625786893.9887640476226806640625" "WordPress/5.7.2; https://angelsonhighstreet.com"
93.113.111.54 - - [08/Jul/2021:19:28:13 -0400] "POST /wp-login.php HTTP/1.1" 200 8934 "-" "Mozilla/5.0 (Windows NT 6.1; Win64; x64) AppleWebKit/537.36 (KHTML, like Gecko) Chrome/55.0.2883.87 Safari/537.36"
35.196.98.180 - - [08/Jul/2021:19:28:41 -0400] "GET /author/admin HTTP/1.0" 200 21204 "-" "ZoominfoBot (zoominfobot at zoominfo dot com)"
204.48.19.85 - - [08/Jul/2021:19:32:38 -0400] "POST /wp-cron.php?doing_wp_cron=1625787158.2285659313201904296875 HTTP/1.1" 200 6350 "https://angelsonhighstreet.com/wp-cron.php?doing_wp_cron=1625787158.2285659313201904296875" "WordPress/5.7.2; https://angelsonhighstreet.com"
35.196.98.180 - - [08/Jul/2021:19:32:38 -0400] "GET /shop/2130mg-30ml-whole-plant-cbg-extract-oil HTTP/1.0" 200 25787 "-" "ZoominfoBot (zoominfobot at zoominfo dot com)"
204.48.19.85 - - [08/Jul/2021:19:33:14 -0400] "POST /wp-cron.php?doing_wp_cron=1625787194.1419899463653564453125 HTTP/1.1" 200 6350 "https://angelsonhighstreet.com/wp-cron.php?doing_wp_cron=1625787194.1419899463653564453125" "WordPress/5.7.2; https://angelsonhighstreet.com"
35.196.98.180 - - [08/Jul/2021:19:33:14 -0400] "GET /apparel HTTP/1.0" 200 19715 "-" "ZoominfoBot (zoominfobot at zoominfo dot com)"
204.48.19.85 - - [08/Jul/2021:19:39:57 -0400] "POST /wp-cron.php?doing_wp_cron=1625787597.3225779533386230468750 HTTP/1.1" 200 6350 "https://angelsonhighstreet.com/wp-cron.php?doing_wp_cron=1625787597.3225779533386230468750" "WordPress/5.7.2; https://angelsonhighstreet.com"
35.196.98.180 - - [08/Jul/2021:19:39:57 -0400] "GET /shop/cbg-salve-with-special-sauce-terpenes HTTP/1.0" 200 26902 "-" "ZoominfoBot (zoominfobot at zoominfo dot com)"
204.48.19.85 - - [08/Jul/2021:19:43:03 -0400] "POST /wp-cron.php?doing_wp_cron=1625787783.5588939189910888671875 HTTP/1.1" 200 6350 "https://angelsonhighstreet.com/wp-cron.php?doing_wp_cron=1625787783.5588939189910888671875" "WordPress/5.7.2; https://angelsonhighstreet.com"
35.196.98.180 - - [08/Jul/2021:19:43:03 -0400] "GET /shop/holy-grail-cbd-healing-salve-1-oz HTTP/1.0" 200 27661 "-" "ZoominfoBot (zoominfobot at zoominfo dot com)"
204.48.19.85 - - [08/Jul/2021:19:44:02 -0400] "POST /wp-cron.php?doing_wp_cron=1625787842.0304241180419921875000 HTTP/1.1" 200 6350 "https://angelsonhighstreet.com/wp-cron.php?doing_wp_cron=1625787842.0304241180419921875000" "WordPress/5.7.2; https://angelsonhighstreet.com"
134.209.157.198 - - [08/Jul/2021:19:44:01 -0400] "POST /wp-login.php HTTP/1.1" 200 8936 "-" "Mozilla/5.0 (Windows NT 6.1) AppleWebKit/537.36 (KHTML, like Gecko) Chrome/62.0.3202.94 Safari/537.36"
204.48.19.85 - - [08/Jul/2021:19:50:33 -0400] "POST /wp-cron.php?doing_wp_cron=1625788233.9357259273529052734375 HTTP/1.1" 200 6350 "https://angelsonhighstreet.com/wp-cron.php?doing_wp_cron=1625788233.9357259273529052734375" "WordPress/5.7.2; https://angelsonhighstreet.com"
174.198.36.78 - - [08/Jul/2021:19:50:33 -0400] "GET /author/admin HTTP/1.1" 200 22604 "https://www.google.com/" "Mozilla/5.0 (Linux; Android 11; SM-G973U) AppleWebKit/537.36 (KHTML, like Gecko) Chrome/83.0.4103.106 Mobile Safari/537.36"
174.198.36.78 - - [08/Jul/2021:19:50:34 -0400] "GET / HTTP/1.1" 200 26506 "https://www.google.com/" "Mozilla/5.0 (Linux; Android 11; SM-G973U) AppleWebKit/537.36 (KHTML, like Gecko) Chrome/83.0.4103.106 Mobile Safari/537.36"
174.198.36.78 - - [08/Jul/2021:19:50:37 -0400] "GET /wp-content/plugins/woocommerce/packages/woocommerce-blocks/build/style.css?ver=4.9.1 HTTP/1.1" 200 19628 "https://angelsonhighstreet.com/" "Mozilla/5.0 (Linux; Android 11; SM-G973U) AppleWebKit/537.36 (KHTML, like Gecko) Chrome/83.0.4103.106 Mobile Safari/537.36"
174.198.36.78 - - [08/Jul/2021:19:50:39 -0400] "GET /wp-content/uploads/fusion-styles/46e8cc403d648f77dbd920023d5992b7.min.css?ver=3.2.1 HTTP/1.1" 200 150394 "https://angelsonhighstreet.com/author/admin" "Mozilla/5.0 (Linux; Android 11; SM-G973U) AppleWebKit/537.36 (KHTML, like Gecko) Chrome/83.0.4103.106 Mobile Safari/537.36"
174.198.36.78 - - [08/Jul/2021:19:50:41 -0400] "GET /wp-content/plugins/revslider/public/assets/css/rs6.css?ver=6.3.3 HTTP/1.1" 200 19239 "https://angelsonhighstreet.com/author/admin" "Mozilla/5.0 (Linux; Android 11; SM-G973U) AppleWebKit/537.36 (KHTML, like Gecko) Chrome/83.0.4103.106 Mobile Safari/537.36"
174.198.36.78 - - [08/Jul/2021:19:50:41 -0400] "GET /wp-content/plugins/wp-optin-wheel/public/js/public.min.js?ver=1.3.2 HTTP/1.1" 200 3754 "https://angelsonhighstreet.com/author/admin" "Mozilla/5.0 (Linux; Android 11; SM-G973U) AppleWebKit/537.36 (KHTML, like Gecko) Chrome/83.0.4103.106 Mobile Safari/537.36"
174.198.36.78 - - [08/Jul/2021:19:50:43 -0400] "GET /wp-content/plugins/contact-form-7/includes/js/index.js?ver=5.4.1 HTTP/1.1" 200 4484 "https://angelsonhighstreet.com/author/admin" "Mozilla/5.0 (Linux; Android 11; SM-G973U) AppleWebKit/537.36 (KHTML, like Gecko) Chrome/83.0.4103.106 Mobile Safari/537.36"
174.198.36.78 - - [08/Jul/2021:19:50:43 -0400] "GET /wp-content/plugins/woocommerce/assets/js/jquery-blockui/jquery.blockUI.min.js?ver=2.70 HTTP/1.1" 200 10035 "https://angelsonhighstreet.com/author/admin" "Mozilla/5.0 (Linux; Android 11; SM-G973U) AppleWebKit/537.36 (KHTML, like Gecko) Chrome/83.0.4103.106 Mobile Safari/537.36"
174.198.36.78 - - [08/Jul/2021:19:50:44 -0400] "GET /wp-content/uploads/fusion-scripts/449077aee37df8ce38ab40de224daa8d.min.js?ver=3.2.1 HTTP/1.1" 200 125774 "https://angelsonhighstreet.com/author/admin" "Mozilla/5.0 (Linux; Android 11; SM-G973U) AppleWebKit/537.36 (KHTML, like Gecko) Chrome/83.0.4103.106 Mobile Safari/537.36"
174.198.36.78 - - [08/Jul/2021:19:50:45 -0400] "GET /wp-content/plugins/age-gate/public/js/age-gate-public.js?ver=2.15.0 HTTP/1.1" 200 6737 "https://angelsonhighstreet.com/author/admin" "Mozilla/5.0 (Linux; Android 11; SM-G973U) AppleWebKit/537.36 (KHTML, like Gecko) Chrome/83.0.4103.106 Mobile Safari/537.36"
174.198.36.78 - - [08/Jul/2021:19:50:45 -0400] "GET /wp-content/themes/Avada/includes/lib/assets/fonts/icomoon/icomoon.woff HTTP/1.1" 200 13272 "https://angelsonhighstreet.com/wp-content/uploads/fusion-styles/46e8cc403d648f77dbd920023d5992b7.min.css?ver=3.2.1" "Mozilla/5.0 (Linux; Android 11; SM-G973U) AppleWebKit/537.36 (KHTML, like Gecko) Chrome/83.0.4103.106 Mobile Safari/537.36"
174.198.36.78 - - [08/Jul/2021:19:50:45 -0400] "GET /wp-content/plugins/wp-optin-wheel/public/img/wheel-green.png HTTP/1.1" 200 39871 "https://angelsonhighstreet.com/wp-content/plugins/wp-optin-wheel/public/css/theme-green.css?ver=1.3.2" "Mozilla/5.0 (Linux; Android 11; SM-G973U) AppleWebKit/537.36 (KHTML, like Gecko) Chrome/83.0.4103.106 Mobile Safari/537.36"
174.198.36.78 - - [08/Jul/2021:19:50:46 -0400] "GET /wp-content/uploads/2020/08/D37CB261-2BE3-4FB2-AE52-84F8AC85FF3A-150x150.jpeg HTTP/1.1" 200 6971 "https://angelsonhighstreet.com/author/admin" "Mozilla/5.0 (Linux; Android 11; SM-G973U) AppleWebKit/537.36 (KHTML, like Gecko) Chrome/83.0.4103.106 Mobile Safari/537.36"
174.198.36.78 - - [08/Jul/2021:19:50:46 -0400] "GET /wp-content/uploads/2020/05/aohs_righttext_logo-e1590068585746.png HTTP/1.1" 200 62245 "https://angelsonhighstreet.com/author/admin" "Mozilla/5.0 (Linux; Android 11; SM-G973U) AppleWebKit/537.36 (KHTML, like Gecko) Chrome/83.0.4103.106 Mobile Safari/537.36"
174.198.36.78 - - [08/Jul/2021:19:50:47 -0400] "GET /wp-content/plugins/wp-optin-wheel/public/js/public.min.js?ver=1.3.2 HTTP/1.1" 200 4330 "https://angelsonhighstreet.com/" "Mozilla/5.0 (Linux; Android 11; SM-G973U) AppleWebKit/537.36 (KHTML, like Gecko) Chrome/83.0.4103.106 Mobile Safari/537.36"
174.198.36.78 - - [08/Jul/2021:19:50:48 -0400] "GET /wp-content/uploads/2015/12/sidebar_promotion_img.jpg HTTP/1.1" 404 14446 "https://angelsonhighstreet.com/author/admin" "Mozilla/5.0 (Linux; Android 11; SM-G973U) AppleWebKit/537.36 (KHTML, like Gecko) Chrome/83.0.4103.106 Mobile Safari/537.36"
174.198.36.78 - - [08/Jul/2021:19:50:49 -0400] "GET /wp-content/uploads/2019/05/IMG_0405-1082x1536.jpg HTTP/1.1" 200 237021 "https://angelsonhighstreet.com/author/admin" "Mozilla/5.0 (Linux; Android 11; SM-G973U) AppleWebKit/537.36 (KHTML, like Gecko) Chrome/83.0.4103.106 Mobile Safari/537.36"
174.198.36.78 - - [08/Jul/2021:19:50:54 -0400] "GET /shop/cbg-salve-with-lifter-terpenes HTTP/1.1" 200 23618 "https://angelsonhighstreet.com/author/admin" "Mozilla/5.0 (Linux; Android 11; SM-G973U) AppleWebKit/537.36 (KHTML, like Gecko) Chrome/83.0.4103.106 Mobile Safari/537.36"
174.198.36.78 - - [08/Jul/2021:19:50:54 -0400] "GET /wp-content/uploads/2020/08/D37CB261-2BE3-4FB2-AE52-84F8AC85FF3A.jpeg HTTP/1.1" 200 63865 "https://angelsonhighstreet.com/author/admin" "Mozilla/5.0 (Linux; Android 11; SM-G973U) AppleWebKit/537.36 (KHTML, like Gecko) Chrome/83.0.4103.106 Mobile Safari/537.36"
174.198.36.78 - - [08/Jul/2021:19:50:55 -0400] "GET /wp-content/uploads/2019/11/standards_banner.png HTTP/1.1" 200 20531 "https://angelsonhighstreet.com/author/admin" "Mozilla/5.0 (Linux; Android 11; SM-G973U) AppleWebKit/537.36 (KHTML, like Gecko) Chrome/83.0.4103.106 Mobile Safari/537.36"
174.198.36.78 - - [08/Jul/2021:19:50:55 -0400] "GET /wp-includes/css/dist/block-library/style.min.css?ver=5.7.2 HTTP/1.1" 200 9749 "https://angelsonhighstreet.com/" "Mozilla/5.0 (Linux; Android 11; SM-G973U) AppleWebKit/537.36 (KHTML, like Gecko) Chrome/83.0.4103.106 Mobile Safari/537.36"
174.198.36.78 - - [08/Jul/2021:19:50:57 -0400] "GET /wp-content/uploads/fusion-styles/75fdb4e3d10e1e9f10bc9b8d851e8c3c.min.css?ver=3.2.1 HTTP/1.1" 200 150678 "https://angelsonhighstreet.com/shop/cbg-salve-with-lifter-terpenes" "Mozilla/5.0 (Linux; Android 11; SM-G973U) AppleWebKit/537.36 (KHTML, like Gecko) Chrome/83.0.4103.106 Mobile Safari/537.36"
174.198.36.78 - - [08/Jul/2021:19:50:59 -0400] "GET /wp-content/uploads/2020/08/C5B83DAF-9E96-49A0-AAA0-C902DBEB3B68.jpeg HTTP/1.1" 200 85904 "https://angelsonhighstreet.com/author/admin" "Mozilla/5.0 (Linux; Android 11; SM-G973U) AppleWebKit/537.36 (KHTML, like Gecko) Chrome/83.0.4103.106 Mobile Safari/537.36"
174.198.36.78 - - [08/Jul/2021:19:50:59 -0400] "GET /wp-includes/css/dist/block-library/style.min.css?ver=5.7.2 HTTP/1.1" 200 9173 "https://angelsonhighstreet.com/shop/cbg-salve-with-lifter-terpenes" "Mozilla/5.0 (Linux; Android 11; SM-G973U) AppleWebKit/537.36 (KHTML, like Gecko) Chrome/83.0.4103.106 Mobile Safari/537.36"
174.198.36.78 - - [08/Jul/2021:19:50:59 -0400] "GET /wp-content/plugins/woocommerce/assets/js/zoom/jquery.zoom.min.js?ver=1.7.21 HTTP/1.1" 200 7688 "https://angelsonhighstreet.com/shop/cbg-salve-with-lifter-terpenes" "Mozilla/5.0 (Linux; Android 11; SM-G973U) AppleWebKit/537.36 (KHTML, like Gecko) Chrome/83.0.4103.106 Mobile Safari/537.36"
174.198.36.78 - - [08/Jul/2021:19:51:00 -0400] "GET /wp-content/plugins/woocommerce/assets/js/frontend/single-product.min.js?ver=5.3.0 HTTP/1.1" 200 8435 "https://angelsonhighstreet.com/shop/cbg-salve-with-lifter-terpenes" "Mozilla/5.0 (Linux; Android 11; SM-G973U) AppleWebKit/537.36 (KHTML, like Gecko) Chrome/83.0.4103.106 Mobile Safari/537.36"
174.198.36.78 - - [08/Jul/2021:19:51:00 -0400] "GET /wp-content/uploads/2020/08/D37CB261-2BE3-4FB2-AE52-84F8AC85FF3A.jpeg HTTP/1.1" 200 102635 "https://angelsonhighstreet.com/shop/cbg-salve-with-lifter-terpenes" "Mozilla/5.0 (Linux; Android 11; SM-G973U) AppleWebKit/537.36 (KHTML, like Gecko) Chrome/83.0.4103.106 Mobile Safari/537.36"
174.198.36.78 - - [08/Jul/2021:19:51:01 -0400] "GET /wp-content/uploads/2020/08/C9EC0898-E30D-4B2A-A8B1-96DE3A2B9FAA.jpeg HTTP/1.1" 200 182985 "https://angelsonhighstreet.com/shop/cbg-salve-with-lifter-terpenes" "Mozilla/5.0 (Linux; Android 11; SM-G973U) AppleWebKit/537.36 (KHTML, like Gecko) Chrome/83.0.4103.106 Mobile Safari/537.36"
204.48.19.85 - - [08/Jul/2021:19:51:02 -0400] "POST /wp-cron.php?doing_wp_cron=1625788262.2061529159545898437500 HTTP/1.1" 200 6350 "https://angelsonhighstreet.com/wp-cron.php?doing_wp_cron=1625788262.2061529159545898437500" "WordPress/5.7.2; https://angelsonhighstreet.com"
174.198.36.78 - - [08/Jul/2021:19:51:02 -0400] "GET /cart HTTP/1.1" 200 18359 "https://angelsonhighstreet.com/shop/cbg-salve-with-lifter-terpenes" "Mozilla/5.0 (Linux; Android 11; SM-G973U) AppleWebKit/537.36 (KHTML, like Gecko) Chrome/83.0.4103.106 Mobile Safari/537.36"
174.198.36.78 - - [08/Jul/2021:19:51:03 -0400] "GET /wp-content/uploads/2020/04/aohs_logo_blkbg-e1588290703663-150x150.png HTTP/1.1" 200 30802 "https://angelsonhighstreet.com/shop/cbg-salve-with-lifter-terpenes" "Mozilla/5.0 (Linux; Android 11; SM-G973U) AppleWebKit/537.36 (KHTML, like Gecko) Chrome/83.0.4103.106 Mobile Safari/537.36"
174.198.36.78 - - [08/Jul/2021:19:51:04 -0400] "GET /checkout HTTP/1.1" 200 22334 "https://angelsonhighstreet.com/shop/cbg-salve-with-lifter-terpenes" "Mozilla/5.0 (Linux; Android 11; SM-G973U) AppleWebKit/537.36 (KHTML, like Gecko) Chrome/83.0.4103.106 Mobile Safari/537.36"
174.198.36.78 - - [08/Jul/2021:19:51:05 -0400] "GET /wp-content/uploads/2020/08/C5B83DAF-9E96-49A0-AAA0-C902DBEB3B68.jpeg HTTP/1.1" 200 85904 "https://angelsonhighstreet.com/shop/cbg-salve-with-lifter-terpenes" "Mozilla/5.0 (Linux; Android 11; SM-G973U) AppleWebKit/537.36 (KHTML, like Gecko) Chrome/83.0.4103.106 Mobile Safari/537.36"
174.198.36.78 - - [08/Jul/2021:19:51:06 -0400] "GET /wp-content/plugins/woocommerce/assets/css/select2.css?ver=5.3.0 HTTP/1.1" 200 2409 "https://angelsonhighstreet.com/checkout" "Mozilla/5.0 (Linux; Android 11; SM-G973U) AppleWebKit/537.36 (KHTML, like Gecko) Chrome/83.0.4103.106 Mobile Safari/537.36"
174.198.36.78 - - [08/Jul/2021:19:51:07 -0400] "GET /wp-includes/js/comment-reply.min.js?ver=5.7.2 HTTP/1.1" 200 7856 "https://angelsonhighstreet.com/shop/cbg-salve-with-lifter-terpenes" "Mozilla/5.0 (Linux; Android 11; SM-G973U) AppleWebKit/537.36 (KHTML, like Gecko) Chrome/83.0.4103.106 Mobile Safari/537.36"
174.198.36.78 - - [08/Jul/2021:19:51:07 -0400] "GET /wp-content/plugins/woocommerce-square/vendor/skyverge/wc-plugin-framework/woocommerce/payment-gateway/assets/css/frontend/sv-wc-payment-gateway-payment-form.min.css?ver=5.4.0 HTTP/1.1" 200 1298 "https://angelsonhighstreet.com/checkout" "Mozilla/5.0 (Linux; Android 11; SM-G973U) AppleWebKit/537.36 (KHTML, like Gecko) Chrome/83.0.4103.106 Mobile Safari/537.36"
174.198.36.78 - - [08/Jul/2021:19:51:08 -0400] "GET /wp-content/plugins/woocommerce-square/assets/css/frontend/wc-square.min.css?ver=2.5.1 HTTP/1.1" 200 7013 "https://angelsonhighstreet.com/checkout" "Mozilla/5.0 (Linux; Android 11; SM-G973U) AppleWebKit/537.36 (KHTML, like Gecko) Chrome/83.0.4103.106 Mobile Safari/537.36"
174.198.36.78 - - [08/Jul/2021:19:51:10 -0400] "GET /wp-content/uploads/fusion-styles/62d7ef591e1dfef8233dc4710a5beef1.min.css?ver=3.2.1 HTTP/1.1" 200 156173 "https://angelsonhighstreet.com/checkout" "Mozilla/5.0 (Linux; Android 11; SM-G973U) AppleWebKit/537.36 (KHTML, like Gecko) Chrome/83.0.4103.106 Mobile Safari/537.36"
174.198.36.78 - - [08/Jul/2021:19:51:10 -0400] "GET /wp-content/plugins/woocommerce/assets/js/selectWoo/selectWoo.full.min.js?ver=1.0.6 HTTP/1.1" 200 22016 "https://angelsonhighstreet.com/checkout" "Mozilla/5.0 (Linux; Android 11; SM-G973U) AppleWebKit/537.36 (KHTML, like Gecko) Chrome/83.0.4103.106 Mobile Safari/537.36"
174.198.36.78 - - [08/Jul/2021:19:51:11 -0400] "GET /wp-content/plugins/woocommerce/assets/js/frontend/password-strength-meter.min.js?ver=5.3.0 HTTP/1.1" 200 1210 "https://angelsonhighstreet.com/checkout" "Mozilla/5.0 (Linux; Android 11; SM-G973U) AppleWebKit/537.36 (KHTML, like Gecko) Chrome/83.0.4103.106 Mobile Safari/537.36"
174.198.36.78 - - [08/Jul/2021:19:51:11 -0400] "GET /wp-content/plugins/woocommerce/assets/js/frontend/country-select.min.js?ver=5.3.0 HTTP/1.1" 200 1504 "https://angelsonhighstreet.com/checkout" "Mozilla/5.0 (Linux; Android 11; SM-G973U) AppleWebKit/537.36 (KHTML, like Gecko) Chrome/83.0.4103.106 Mobile Safari/537.36"
174.198.36.78 - - [08/Jul/2021:19:51:11 -0400] "GET /wp-content/plugins/woocommerce/assets/js/frontend/address-i18n.min.js?ver=5.3.0 HTTP/1.1" 200 7454 "https://angelsonhighstreet.com/checkout" "Mozilla/5.0 (Linux; Android 11; SM-G973U) AppleWebKit/537.36 (KHTML, like Gecko) Chrome/83.0.4103.106 Mobile Safari/537.36"
174.198.36.78 - - [08/Jul/2021:19:51:11 -0400] "GET /wp-content/plugins/woocommerce/assets/js/frontend/checkout.min.js?ver=5.3.0 HTTP/1.1" 200 10347 "https://angelsonhighstreet.com/checkout" "Mozilla/5.0 (Linux; Android 11; SM-G973U) AppleWebKit/537.36 (KHTML, like Gecko) Chrome/83.0.4103.106 Mobile Safari/537.36"
174.198.36.78 - - [08/Jul/2021:19:51:11 -0400] "GET /wp-content/plugins/woocommerce/assets/js/jquery-payment/jquery.payment.min.js?ver=3.0.0 HTTP/1.1" 200 3097 "https://angelsonhighstreet.com/checkout" "Mozilla/5.0 (Linux; Android 11; SM-G973U) AppleWebKit/537.36 (KHTML, like Gecko) Chrome/83.0.4103.106 Mobile Safari/537.36"
174.198.36.78 - - [08/Jul/2021:19:51:11 -0400] "GET /wp-content/plugins/woocommerce-square/vendor/skyverge/wc-plugin-framework/woocommerce/payment-gateway/assets/js/frontend/sv-wc-payment-gateway-payment-form.min.js?ver=5.4.0 HTTP/1.1" 200 3078 "https://angelsonhighstreet.com/checkout" "Mozilla/5.0 (Linux; Android 11; SM-G973U) AppleWebKit/537.36 (KHTML, like Gecko) Chrome/83.0.4103.106 Mobile Safari/537.36"
174.198.36.78 - - [08/Jul/2021:19:51:11 -0400] "GET /wp-content/plugins/woocommerce-square/assets/js/frontend/wc-square.min.js?ver=2.5.1 HTTP/1.1" 200 5289 "https://angelsonhighstreet.com/checkout" "Mozilla/5.0 (Linux; Android 11; SM-G973U) AppleWebKit/537.36 (KHTML, like Gecko) Chrome/83.0.4103.106 Mobile Safari/537.36"
174.198.36.78 - - [08/Jul/2021:19:51:11 -0400] "GET /wp-content/plugins/woocommerce-square/vendor/skyverge/wc-plugin-framework/woocommerce/payment-gateway/assets/images/card-visa.svg HTTP/1.1" 200 970 "https://angelsonhighstreet.com/checkout" "Mozilla/5.0 (Linux; Android 11; SM-G973U) AppleWebKit/537.36 (KHTML, like Gecko) Chrome/83.0.4103.106 Mobile Safari/537.36"
174.198.36.78 - - [08/Jul/2021:19:51:11 -0400] "GET /wp-content/plugins/woocommerce-square/vendor/skyverge/wc-plugin-framework/woocommerce/payment-gateway/assets/images/card-mastercard.svg HTTP/1.1" 200 2055 "https://angelsonhighstreet.com/checkout" "Mozilla/5.0 (Linux; Android 11; SM-G973U) AppleWebKit/537.36 (KHTML, like Gecko) Chrome/83.0.4103.106 Mobile Safari/537.36"
174.198.36.78 - - [08/Jul/2021:19:51:11 -0400] "GET /wp-content/uploads/fusion-scripts/b56245e53be0fd8a820b6aadd44f2547.min.js?ver=3.2.1 HTTP/1.1" 200 96890 "https://angelsonhighstreet.com/checkout" "Mozilla/5.0 (Linux; Android 11; SM-G973U) AppleWebKit/537.36 (KHTML, like Gecko) Chrome/83.0.4103.106 Mobile Safari/537.36"
174.198.36.78 - - [08/Jul/2021:19:51:12 -0400] "GET /wp-content/plugins/woocommerce-square/vendor/skyverge/wc-plugin-framework/woocommerce/payment-gateway/assets/images/card-amex.svg HTTP/1.1" 200 2057 "https://angelsonhighstreet.com/checkout" "Mozilla/5.0 (Linux; Android 11; SM-G973U) AppleWebKit/537.36 (KHTML, like Gecko) Chrome/83.0.4103.106 Mobile Safari/537.36"
174.198.36.78 - - [08/Jul/2021:19:51:12 -0400] "GET /wp-content/plugins/woocommerce-square/vendor/skyverge/wc-plugin-framework/woocommerce/payment-gateway/assets/images/card-jcb.svg HTTP/1.1" 200 1432 "https://angelsonhighstreet.com/checkout" "Mozilla/5.0 (Linux; Android 11; SM-G973U) AppleWebKit/537.36 (KHTML, like Gecko) Chrome/83.0.4103.106 Mobile Safari/537.36"
174.198.36.78 - - [08/Jul/2021:19:51:12 -0400] "GET /wp-includes/js/wp-emoji-release.min.js?ver=5.7.2 HTTP/1.1" 200 5718 "https://angelsonhighstreet.com/shop/cbg-salve-with-lifter-terpenes" "Mozilla/5.0 (Linux; Android 11; SM-G973U) AppleWebKit/537.36 (KHTML, like Gecko) Chrome/83.0.4103.106 Mobile Safari/537.36"
174.198.36.78 - - [08/Jul/2021:19:51:12 -0400] "GET /wp-includes/js/wp-emoji-release.min.js?ver=5.7.2 HTTP/1.1" 200 5142 "https://angelsonhighstreet.com/checkout" "Mozilla/5.0 (Linux; Android 11; SM-G973U) AppleWebKit/537.36 (KHTML, like Gecko) Chrome/83.0.4103.106 Mobile Safari/537.36"
174.198.36.78 - - [08/Jul/2021:19:51:12 -0400] "GET /wp-content/uploads/2020/08/C5B83DAF-9E96-49A0-AAA0-C902DBEB3B68.jpeg HTTP/1.1" 200 85904 "https://angelsonhighstreet.com/checkout" "Mozilla/5.0 (Linux; Android 11; SM-G973U) AppleWebKit/537.36 (KHTML, like Gecko) Chrome/83.0.4103.106 Mobile Safari/537.36"
174.198.36.78 - - [08/Jul/2021:19:51:12 -0400] "GET /wp-content/uploads/2019/11/standards_banner.png HTTP/1.1" 200 19955 "https://angelsonhighstreet.com/checkout" "Mozilla/5.0 (Linux; Android 11; SM-G973U) AppleWebKit/537.36 (KHTML, like Gecko) Chrome/83.0.4103.106 Mobile Safari/537.36"
174.198.36.78 - - [08/Jul/2021:19:51:12 -0400] "GET /wp-content/plugins/revslider/public/assets/js/rbtools.min.js?ver=6.3.3 HTTP/1.1" 200 46697 "https://angelsonhighstreet.com/checkout" "Mozilla/5.0 (Linux; Android 11; SM-G973U) AppleWebKit/537.36 (KHTML, like Gecko) Chrome/83.0.4103.106 Mobile Safari/537.36"
174.198.36.78 - - [08/Jul/2021:19:51:12 -0400] "GET /wp-content/plugins/revslider/public/assets/js/rs6.min.js?ver=6.3.3 HTTP/1.1" 200 86331 "https://angelsonhighstreet.com/checkout" "Mozilla/5.0 (Linux; Android 11; SM-G973U) AppleWebKit/537.36 (KHTML, like Gecko) Chrome/83.0.4103.106 Mobile Safari/537.36"
174.198.36.78 - - [08/Jul/2021:19:51:12 -0400] "GET /wp-content/uploads/fusion-gfonts/qkBIXvYC6trAT55ZBi1ueQVIjQTD-JqaE0lMZbLXGimS.woff HTTP/1.1" 200 15349 "https://angelsonhighstreet.com/wp-content/uploads/fusion-styles/62d7ef591e1dfef8233dc4710a5beef1.min.css?ver=3.2.1" "Mozilla/5.0 (Linux; Android 11; SM-G973U) AppleWebKit/537.36 (KHTML, like Gecko) Chrome/83.0.4103.106 Mobile Safari/537.36"
174.198.36.78 - - [08/Jul/2021:19:51:12 -0400] "GET /wp-content/uploads/fusion-gfonts/qkBIXvYC6trAT55ZBi1ueQVIjQTDH52aE0lMZbLXGimS.woff HTTP/1.1" 200 15341 "https://angelsonhighstreet.com/wp-content/uploads/fusion-styles/62d7ef591e1dfef8233dc4710a5beef1.min.css?ver=3.2.1" "Mozilla/5.0 (Linux; Android 11; SM-G973U) AppleWebKit/537.36 (KHTML, like Gecko) Chrome/83.0.4103.106 Mobile Safari/537.36"
174.198.36.78 - - [08/Jul/2021:19:51:13 -0400] "GET /wp-content/uploads/fusion-gfonts/JTURjIg1_i6t8kCHKm45_dJE3gnD-Px3rCs.woff HTTP/1.1" 200 17525 "https://angelsonhighstreet.com/wp-content/uploads/fusion-styles/62d7ef591e1dfef8233dc4710a5beef1.min.css?ver=3.2.1" "Mozilla/5.0 (Linux; Android 11; SM-G973U) AppleWebKit/537.36 (KHTML, like Gecko) Chrome/83.0.4103.106 Mobile Safari/537.36"
174.198.36.78 - - [08/Jul/2021:19:51:13 -0400] "GET /wp-content/uploads/fusion-gfonts/qkBKXvYC6trAT7RQNNK2EG7SIwPWMNlCV3lIb7X1HgGQ0tQ.woff HTTP/1.1" 200 15580 "https://angelsonhighstreet.com/wp-content/uploads/fusion-styles/62d7ef591e1dfef8233dc4710a5beef1.min.css?ver=3.2.1" "Mozilla/5.0 (Linux; Android 11; SM-G973U) AppleWebKit/537.36 (KHTML, like Gecko) Chrome/83.0.4103.106 Mobile Safari/537.36"
174.198.36.78 - - [08/Jul/2021:19:51:13 -0400] "GET /wp-content/uploads/fusion-gfonts/JTUSjIg1_i6t8kCHKm459WlhzSTh89Y.woff HTTP/1.1" 200 17618 "https://angelsonhighstreet.com/wp-content/uploads/fusion-styles/62d7ef591e1dfef8233dc4710a5beef1.min.css?ver=3.2.1" "Mozilla/5.0 (Linux; Android 11; SM-G973U) AppleWebKit/537.36 (KHTML, like Gecko) Chrome/83.0.4103.106 Mobile Safari/537.36"
174.198.36.78 - - [08/Jul/2021:19:51:13 -0400] "POST /?wc-ajax=get_refreshed_fragments HTTP/1.1" 200 1696 "https://angelsonhighstreet.com/checkout" "Mozilla/5.0 (Linux; Android 11; SM-G973U) AppleWebKit/537.36 (KHTML, like Gecko) Chrome/83.0.4103.106 Mobile Safari/537.36"
174.198.36.78 - - [08/Jul/2021:19:51:13 -0400] "POST /?wc-ajax=update_order_review HTTP/1.1" 200 2593 "https://angelsonhighstreet.com/checkout" "Mozilla/5.0 (Linux; Android 11; SM-G973U) AppleWebKit/537.36 (KHTML, like Gecko) Chrome/83.0.4103.106 Mobile Safari/537.36"
174.198.36.78 - - [08/Jul/2021:19:51:13 -0400] "GET /wp-content/uploads/2020/05/aohs_logo_transparent.png HTTP/1.1" 200 192298 "https://angelsonhighstreet.com/checkout" "Mozilla/5.0 (Linux; Android 11; SM-G973U) AppleWebKit/537.36 (KHTML, like Gecko) Chrome/83.0.4103.106 Mobile Safari/537.36"
174.198.36.78 - - [08/Jul/2021:19:51:13 -0400] "GET /wp-includes/js/zxcvbn.min.js HTTP/1.1" 200 403674 "https://angelsonhighstreet.com/checkout" "Mozilla/5.0 (Linux; Android 11; SM-G973U) AppleWebKit/537.36 (KHTML, like Gecko) Chrome/83.0.4103.106 Mobile Safari/537.36"
174.198.36.78 - - [08/Jul/2021:19:51:30 -0400] "GET /admin HTTP/1.1" 302 1224 "-" "Mozilla/5.0 (Linux; Android 11; SM-G973U) AppleWebKit/537.36 (KHTML, like Gecko) Chrome/83.0.4103.106 Mobile Safari/537.36"
174.198.36.78 - - [08/Jul/2021:19:51:30 -0400] "GET /wp-admin/ HTTP/1.1" 302 496 "-" "Mozilla/5.0 (Linux; Android 11; SM-G973U) AppleWebKit/537.36 (KHTML, like Gecko) Chrome/83.0.4103.106 Mobile Safari/537.36"
174.198.36.78 - - [08/Jul/2021:19:51:31 -0400] "GET /wp-login.php?redirect_to=https%3A%2F%2Fangelsonhighstreet.com%2Fwp-admin%2F&reauth=1 HTTP/1.1" 200 4867 "-" "Mozilla/5.0 (Linux; Android 11; SM-G973U) AppleWebKit/537.36 (KHTML, like Gecko) Chrome/83.0.4103.106 Mobile Safari/537.36"
174.198.36.78 - - [08/Jul/2021:19:51:33 -0400] "POST /wp-login.php HTTP/1.1" 302 1206 "https://angelsonhighstreet.com/wp-login.php?redirect_to=https%3A%2F%2Fangelsonhighstreet.com%2Fwp-admin%2F&reauth=1" "Mozilla/5.0 (Linux; Android 11; SM-G973U) AppleWebKit/537.36 (KHTML, like Gecko) Chrome/83.0.4103.106 Mobile Safari/537.36"
174.198.36.78 - - [08/Jul/2021:19:51:34 -0400] "GET /wp-admin/ HTTP/1.1" 200 51592 "https://angelsonhighstreet.com/wp-login.php?redirect_to=https%3A%2F%2Fangelsonhighstreet.com%2Fwp-admin%2F&reauth=1" "Mozilla/5.0 (Linux; Android 11; SM-G973U) AppleWebKit/537.36 (KHTML, like Gecko) Chrome/83.0.4103.106 Mobile Safari/537.36"
174.198.36.78 - - [08/Jul/2021:19:51:36 -0400] "GET /wp-content/plugins/wp-optimize/js/minify-admin-purge-3-1-9.min.js?ver=3.1.9 HTTP/1.1" 404 15579 "https://angelsonhighstreet.com/wp-admin/" "Mozilla/5.0 (Linux; Android 11; SM-G973U) AppleWebKit/537.36 (KHTML, like Gecko) Chrome/83.0.4103.106 Mobile Safari/537.36"
174.198.36.78 - - [08/Jul/2021:19:51:37 -0400] "GET /wp-content/plugins/google-analytics-dashboard-for-wp/lite/assets/vue/js/chunk-vendors.js?ver=6.7.0 HTTP/1.1" 200 193018 "https://angelsonhighstreet.com/wp-admin/" "Mozilla/5.0 (Linux; Android 11; SM-G973U) AppleWebKit/537.36 (KHTML, like Gecko) Chrome/83.0.4103.106 Mobile Safari/537.36"
174.198.36.78 - - [08/Jul/2021:19:51:39 -0400] "POST /wp-admin/admin-ajax.php HTTP/1.1" 200 600 "https://angelsonhighstreet.com/wp-admin/" "Mozilla/5.0 (Linux; Android 11; SM-G973U) AppleWebKit/537.36 (KHTML, like Gecko) Chrome/83.0.4103.106 Mobile Safari/537.36"
174.198.36.78 - - [08/Jul/2021:19:51:40 -0400] "POST /wp-admin/admin-ajax.php HTTP/1.1" 200 600 "https://angelsonhighstreet.com/wp-admin/" "Mozilla/5.0 (Linux; Android 11; SM-G973U) AppleWebKit/537.36 (KHTML, like Gecko) Chrome/83.0.4103.106 Mobile Safari/537.36"
174.198.36.78 - - [08/Jul/2021:19:51:42 -0400] "POST /wp-admin/admin-ajax.php HTTP/1.1" 200 4442 "https://angelsonhighstreet.com/wp-admin/" "Mozilla/5.0 (Linux; Android 11; SM-G973U) AppleWebKit/537.36 (KHTML, like Gecko) Chrome/83.0.4103.106 Mobile Safari/537.36"
35.196.98.180 - - [08/Jul/2021:19:51:46 -0400] "GET /contact-us HTTP/1.0" 200 20496 "-" "ZoominfoBot (zoominfobot at zoominfo dot com)"
204.48.19.85 - - [08/Jul/2021:19:54:04 -0400] "POST /wp-cron.php?doing_wp_cron=1625788444.8497190475463867187500 HTTP/1.1" 200 6350 "https://angelsonhighstreet.com/wp-cron.php?doing_wp_cron=1625788444.8497190475463867187500" "WordPress/5.7.2; https://angelsonhighstreet.com"
35.196.98.180 - - [08/Jul/2021:19:54:04 -0400] "GET /cbd-salves HTTP/1.0" 200 20655 "-" "ZoominfoBot (zoominfobot at zoominfo dot com)"
204.48.19.85 - - [08/Jul/2021:19:55:33 -0400] "POST /wp-cron.php?doing_wp_cron=1625788533.1406610012054443359375 HTTP/1.1" 200 6350 "https://angelsonhighstreet.com/wp-cron.php?doing_wp_cron=1625788533.1406610012054443359375" "WordPress/5.7.2; https://angelsonhighstreet.com"
154.209.68.87 - - [08/Jul/2021:19:55:33 -0400] "POST /wp-login.php HTTP/1.1" 200 8934 "-" "Mozilla/5.0 (Windows NT 6.1; Win64; x64) AppleWebKit/537.36 (KHTML, like Gecko) Chrome/60.0.3112.113 Safari/537.36"
174.198.36.78 - - [08/Jul/2021:19:50:38 -0400] "GET /wp-content/uploads/fusion-styles/15e6b0b5e48de1d64664be89b4d4bc7c.min.css?ver=3.2.1 HTTP/1.1" 200 62796 "https://angelsonhighstreet.com/" "Mozilla/5.0 (Linux; Android 11; SM-G973U) AppleWebKit/537.36 (KHTML, like Gecko) Chrome/83.0.4103.106 Mobile Safari/537.36"
174.198.36.78 - - [08/Jul/2021:19:51:06 -0400] "GET /wp-content/uploads/fusion-scripts/92d6f1b3b03dffd1136e59fa25d928a7.min.js?ver=3.2.1 HTTP/1.1" 200 53184 "https://angelsonhighstreet.com/shop/cbg-salve-with-lifter-terpenes" "Mozilla/5.0 (Linux; Android 11; SM-G973U) AppleWebKit/537.36 (KHTML, like Gecko) Chrome/83.0.4103.106 Mobile Safari/537.36"
204.48.19.85 - - [08/Jul/2021:19:58:31 -0400] "POST /wp-cron.php?doing_wp_cron=1625788711.0573699474334716796875 HTTP/1.1" 200 6350 "https://angelsonhighstreet.com/wp-cron.php?doing_wp_cron=1625788711.0573699474334716796875" "WordPress/5.7.2; https://angelsonhighstreet.com"
174.198.31.231 - - [08/Jul/2021:19:58:30 -0400] "GET /wp-admin/edit.php?post_type=shop_order HTTP/1.1" 302 6603 "-" "Mozilla/5.0 (Linux; Android 11; SM-G973U) AppleWebKit/537.36 (KHTML, like Gecko) Chrome/90.0.4430.210 Mobile Safari/537.36"
174.198.31.231 - - [08/Jul/2021:19:58:31 -0400] "GET /wp-login.php?redirect_to=https%3A%2F%2Fangelsonhighstreet.com%2Fwp-admin%2Fedit.php%3Fpost_type%3Dshop_order&reauth=1 HTTP/1.1" 200 4886 "-" "Mozilla/5.0 (Linux; Android 11; SM-G973U) AppleWebKit/537.36 (KHTML, like Gecko) Chrome/90.0.4430.210 Mobile Safari/537.36"
174.198.31.231 - - [08/Jul/2021:19:58:39 -0400] "POST /wp-login.php HTTP/1.1" 302 7477 "https://angelsonhighstreet.com/wp-login.php?redirect_to=https%3A%2F%2Fangelsonhighstreet.com%2Fwp-admin%2Fedit.php%3Fpost_type%3Dshop_order&reauth=1" "Mozilla/5.0 (Linux; Android 11; SM-G973U) AppleWebKit/537.36 (KHTML, like Gecko) Chrome/90.0.4430.210 Mobile Safari/537.36"
174.198.31.231 - - [08/Jul/2021:19:58:39 -0400] "GET /wp-admin/edit.php?post_type=shop_order HTTP/1.1" 200 101344 "https://angelsonhighstreet.com/wp-login.php?redirect_to=https%3A%2F%2Fangelsonhighstreet.com%2Fwp-admin%2Fedit.php%3Fpost_type%3Dshop_order&reauth=1" "Mozilla/5.0 (Linux; Android 11; SM-G973U) AppleWebKit/537.36 (KHTML, like Gecko) Chrome/90.0.4430.210 Mobile Safari/537.36"
174.198.31.231 - - [08/Jul/2021:19:58:40 -0400] "GET /wp-content/plugins/wp-optimize/js/minify-admin-purge-3-1-9.min.js?ver=3.1.9 HTTP/1.1" 404 15850 "https://angelsonhighstreet.com/wp-admin/edit.php?post_type=shop_order" "Mozilla/5.0 (Linux; Android 11; SM-G973U) AppleWebKit/537.36 (KHTML, like Gecko) Chrome/90.0.4430.210 Mobile Safari/537.36"
174.198.31.231 - - [08/Jul/2021:19:58:41 -0400] "GET /wp-json/wc-analytics/admin/notes?page=1&per_page=25&status=unactioned&type%5B0%5D=info&type%5B1%5D=marketing&type%5B2%5D=survey&type%5B3%5D=warning&orderby=date&order=desc&_locale=user HTTP/1.1" 200 5314 "https://angelsonhighstreet.com/wp-admin/edit.php?post_type=shop_order" "Mozilla/5.0 (Linux; Android 11; SM-G973U) AppleWebKit/537.36 (KHTML, like Gecko) Chrome/90.0.4430.210 Mobile Safari/537.36"
174.198.31.231 - - [08/Jul/2021:19:58:41 -0400] "GET /wp-json/wc-admin/options?options=woocommerce_ces_tracks_queue&_locale=user HTTP/1.1" 200 724 "https://angelsonhighstreet.com/wp-admin/edit.php?post_type=shop_order" "Mozilla/5.0 (Linux; Android 11; SM-G973U) AppleWebKit/537.36 (KHTML, like Gecko) Chrome/90.0.4430.210 Mobile Safari/537.36"
174.198.31.231 - - [08/Jul/2021:19:58:41 -0400] "POST /wp-admin/admin-ajax.php HTTP/1.1" 200 1207 "https://angelsonhighstreet.com/wp-admin/edit.php?post_type=shop_order" "Mozilla/5.0 (Linux; Android 11; SM-G973U) AppleWebKit/537.36 (KHTML, like Gecko) Chrome/90.0.4430.210 Mobile Safari/537.36"
174.198.31.231 - - [08/Jul/2021:19:58:41 -0400] "POST /wp-admin/admin-ajax.php HTTP/1.1" 200 4442 "https://angelsonhighstreet.com/wp-admin/edit.php?post_type=shop_order" "Mozilla/5.0 (Linux; Android 11; SM-G973U) AppleWebKit/537.36 (KHTML, like Gecko) Chrome/90.0.4430.210 Mobile Safari/537.36"
174.198.31.231 - - [08/Jul/2021:19:58:42 -0400] "GET /wp-json/wc-analytics/admin/notes?page=1&per_page=25&type=error%2Cupdate&status=unactioned&_locale=user HTTP/1.1" 200 1210 "https://angelsonhighstreet.com/wp-admin/edit.php?post_type=shop_order" "Mozilla/5.0 (Linux; Android 11; SM-G973U) AppleWebKit/537.36 (KHTML, like Gecko) Chrome/90.0.4430.210 Mobile Safari/537.36"
174.198.31.231 - - [08/Jul/2021:19:58:45 -0400] "GET /wp-admin/edit.php?post_type=shop_order HTTP/1.1" 200 101344 "https://angelsonhighstreet.com/wp-login.php?redirect_to=https%3A%2F%2Fangelsonhighstreet.com%2Fwp-admin%2Fedit.php%3Fpost_type%3Dshop_order&reauth=1" "Mozilla/5.0 (Linux; Android 11; SM-G973U) AppleWebKit/537.36 (KHTML, like Gecko) Chrome/90.0.4430.210 Mobile Safari/537.36"
174.198.31.231 - - [08/Jul/2021:19:58:46 -0400] "GET /wp-content/plugins/wp-optimize/js/minify-admin-purge-3-1-9.min.js?ver=3.1.9 HTTP/1.1" 404 14925 "https://angelsonhighstreet.com/wp-admin/edit.php?post_type=shop_order" "Mozilla/5.0 (Linux; Android 11; SM-G973U) AppleWebKit/537.36 (KHTML, like Gecko) Chrome/90.0.4430.210 Mobile Safari/537.36"
174.198.31.231 - - [08/Jul/2021:19:58:46 -0400] "GET /wp-json/wc-analytics/admin/notes?page=1&per_page=25&status=unactioned&type%5B0%5D=info&type%5B1%5D=marketing&type%5B2%5D=survey&type%5B3%5D=warning&orderby=date&order=desc&_locale=user HTTP/1.1" 200 5314 "https://angelsonhighstreet.com/wp-admin/edit.php?post_type=shop_order" "Mozilla/5.0 (Linux; Android 11; SM-G973U) AppleWebKit/537.36 (KHTML, like Gecko) Chrome/90.0.4430.210 Mobile Safari/537.36"
174.198.31.231 - - [08/Jul/2021:19:58:47 -0400] "GET /wp-json/wc-admin/options?options=woocommerce_ces_tracks_queue&_locale=user HTTP/1.1" 200 724 "https://angelsonhighstreet.com/wp-admin/edit.php?post_type=shop_order" "Mozilla/5.0 (Linux; Android 11; SM-G973U) AppleWebKit/537.36 (KHTML, like Gecko) Chrome/90.0.4430.210 Mobile Safari/537.36"
174.198.31.231 - - [08/Jul/2021:19:58:47 -0400] "POST /wp-admin/admin-ajax.php HTTP/1.1" 200 1207 "https://angelsonhighstreet.com/wp-admin/edit.php?post_type=shop_order" "Mozilla/5.0 (Linux; Android 11; SM-G973U) AppleWebKit/537.36 (KHTML, like Gecko) Chrome/90.0.4430.210 Mobile Safari/537.36"
174.198.31.231 - - [08/Jul/2021:19:58:47 -0400] "POST /wp-admin/admin-ajax.php HTTP/1.1" 200 10516 "https://angelsonhighstreet.com/wp-admin/edit.php?post_type=shop_order" "Mozilla/5.0 (Linux; Android 11; SM-G973U) AppleWebKit/537.36 (KHTML, like Gecko) Chrome/90.0.4430.210 Mobile Safari/537.36"
174.198.31.231 - - [08/Jul/2021:19:58:47 -0400] "GET /wp-json/wc-analytics/admin/notes?page=1&per_page=25&type=error%2Cupdate&status=unactioned&_locale=user HTTP/1.1" 200 1210 "https://angelsonhighstreet.com/wp-admin/edit.php?post_type=shop_order" "Mozilla/5.0 (Linux; Android 11; SM-G973U) AppleWebKit/537.36 (KHTML, like Gecko) Chrome/90.0.4430.210 Mobile Safari/537.36"
174.198.31.231 - - [08/Jul/2021:19:58:47 -0400] "GET /wp-content/uploads/2020/05/aohs_logo_transparent.png HTTP/1.1" 200 192298 "https://angelsonhighstreet.com/wp-admin/edit.php?post_type=shop_order" "Mozilla/5.0 (Linux; Android 11; SM-G973U) AppleWebKit/537.36 (KHTML, like Gecko) Chrome/90.0.4430.210 Mobile Safari/537.36"
174.198.31.231 - - [08/Jul/2021:19:58:52 -0400] "GET /wp-admin/edit.php?post_type=shop_order HTTP/1.1" 200 101344 "https://angelsonhighstreet.com/wp-login.php?redirect_to=https%3A%2F%2Fangelsonhighstreet.com%2Fwp-admin%2Fedit.php%3Fpost_type%3Dshop_order&reauth=1" "Mozilla/5.0 (Linux; Android 11; SM-G973U) AppleWebKit/537.36 (KHTML, like Gecko) Chrome/90.0.4430.210 Mobile Safari/537.36"
174.198.31.231 - - [08/Jul/2021:19:58:53 -0400] "GET /wp-content/plugins/wp-optimize/js/minify-admin-purge-3-1-9.min.js?ver=3.1.9 HTTP/1.1" 404 15403 "https://angelsonhighstreet.com/wp-admin/edit.php?post_type=shop_order" "Mozilla/5.0 (Linux; Android 11; SM-G973U) AppleWebKit/537.36 (KHTML, like Gecko) Chrome/90.0.4430.210 Mobile Safari/537.36"
