204.48.19.85 - - [07/Jul/2021:09:04:37 -0400] "POST /wp-cron.php?doing_wp_cron=1625663077.9917879104614257812500 HTTP/1.1" 200 6350 "https://angelsonhighstreet.com/wp-cron.php?doing_wp_cron=1625663077.9917879104614257812500" "WordPress/5.7.2; https://angelsonhighstreet.com"
54.36.148.107 - - [07/Jul/2021:09:04:37 -0400] "GET /shop-full-width?product_count=32&product_order=desc&product_view=grid&product_orderby=default HTTP/1.1" 200 21929 "-" "Mozilla/5.0 (compatible; AhrefsBot/7.0; +http://ahrefs.com/robot/)"
204.48.19.85 - - [07/Jul/2021:09:06:27 -0400] "POST /wp-cron.php?doing_wp_cron=1625663187.5083749294281005859375 HTTP/1.1" 200 6350 "https://angelsonhighstreet.com/wp-cron.php?doing_wp_cron=1625663187.5083749294281005859375" "WordPress/5.7.2; https://angelsonhighstreet.com"
91.134.248.192 - - [07/Jul/2021:09:06:27 -0400] "POST /wp-login.php HTTP/1.1" 200 8934 "-" "Mozilla/5.0 (Windows NT 6.3; Win64; x64) AppleWebKit/537.36 (KHTML, like Gecko) Chrome/65.0.3325.181 Safari/537.36"
204.48.19.85 - - [07/Jul/2021:09:07:42 -0400] "POST /wp-cron.php?doing_wp_cron=1625663262.7388429641723632812500 HTTP/1.1" 200 6350 "https://angelsonhighstreet.com/wp-cron.php?doing_wp_cron=1625663262.7388429641723632812500" "WordPress/5.7.2; https://angelsonhighstreet.com"
54.36.149.84 - - [07/Jul/2021:09:07:42 -0400] "GET /shop-full-width?product_count=32&product_order=desc&product_view=grid&product_orderby=rating HTTP/1.1" 200 21968 "-" "Mozilla/5.0 (compatible; AhrefsBot/7.0; +http://ahrefs.com/robot/)"
5.62.41.153 - - [07/Jul/2021:09:08:24 -0400] "GET / HTTP/1.1" 301 595 "-" "Mozilla/5.0 (Windows NT 10.0; Win64; x64) AppleWebKit/537.36 (KHTML, like Gecko) Chrome/88.0.4240.193 Safari/537.36"
204.48.19.85 - - [07/Jul/2021:09:10:09 -0400] "POST /wp-cron.php?doing_wp_cron=1625663409.8074100017547607421875 HTTP/1.1" 200 6350 "https://angelsonhighstreet.com/wp-cron.php?doing_wp_cron=1625663409.8074100017547607421875" "WordPress/5.7.2; https://angelsonhighstreet.com"
40.77.167.52 - - [07/Jul/2021:09:10:09 -0400] "GET /robots.txt HTTP/1.1" 200 6116 "-" "Mozilla/5.0 (compatible; bingbot/2.0; +http://www.bing.com/bingbot.htm)"
207.46.13.130 - - [07/Jul/2021:09:10:15 -0400] "GET /wp-sitemap-posts-product-1.xml HTTP/1.1" 200 6221 "-" "Mozilla/5.0 (compatible; bingbot/2.0; +http://www.bing.com/bingbot.htm)"
54.36.149.56 - - [07/Jul/2021:09:10:55 -0400] "GET /shop-full-width?product_count=16&product_order=desc&product_orderby=popularity&product_view=grid HTTP/1.1" 200 21998 "-" "Mozilla/5.0 (compatible; AhrefsBot/7.0; +http://ahrefs.com/robot/)"
204.48.19.85 - - [07/Jul/2021:09:14:00 -0400] "POST /wp-cron.php?doing_wp_cron=1625663640.6395940780639648437500 HTTP/1.1" 200 6350 "https://angelsonhighstreet.com/wp-cron.php?doing_wp_cron=1625663640.6395940780639648437500" "WordPress/5.7.2; https://angelsonhighstreet.com"
54.36.148.169 - - [07/Jul/2021:09:14:00 -0400] "GET /shop-full-width?product_count=16&product_order=desc&product_view=grid&product_orderby=default HTTP/1.1" 200 21952 "-" "Mozilla/5.0 (compatible; AhrefsBot/7.0; +http://ahrefs.com/robot/)"
204.48.19.85 - - [07/Jul/2021:09:15:55 -0400] "POST /wp-cron.php?doing_wp_cron=1625663755.0242340564727783203125 HTTP/1.1" 200 6350 "https://angelsonhighstreet.com/wp-cron.php?doing_wp_cron=1625663755.0242340564727783203125" "WordPress/5.7.2; https://angelsonhighstreet.com"
69.64.52.38 - - [07/Jul/2021:09:15:54 -0400] "GET /wp-login.php HTTP/1.1" 200 8107 "-" "Mozilla/5.0 (X11; Ubuntu; Linux x86_64; rv:62.0) Gecko/20100101 Firefox/62.0"
69.64.52.38 - - [07/Jul/2021:09:15:55 -0400] "POST /wp-login.php HTTP/1.1" 200 8231 "-" "Mozilla/5.0 (X11; Ubuntu; Linux x86_64; rv:62.0) Gecko/20100101 Firefox/62.0"
69.64.52.38 - - [07/Jul/2021:09:15:55 -0400] "GET /wp-login.php HTTP/1.1" 200 8107 "-" "Mozilla/5.0 (X11; Ubuntu; Linux x86_64; rv:62.0) Gecko/20100101 Firefox/62.0"
69.64.52.38 - - [07/Jul/2021:09:15:56 -0400] "POST /wp-login.php HTTP/1.1" 200 8209 "-" "Mozilla/5.0 (X11; Ubuntu; Linux x86_64; rv:62.0) Gecko/20100101 Firefox/62.0"
69.64.52.38 - - [07/Jul/2021:09:15:56 -0400] "POST /xmlrpc.php HTTP/1.1" 200 5852 "-" "Mozilla/5.0 (X11; Ubuntu; Linux x86_64; rv:62.0) Gecko/20100101 Firefox/62.0"
204.48.19.85 - - [07/Jul/2021:09:17:08 -0400] "POST /wp-cron.php?doing_wp_cron=1625663828.5960888862609863281250 HTTP/1.1" 200 6350 "https://angelsonhighstreet.com/wp-cron.php?doing_wp_cron=1625663828.5960888862609863281250" "WordPress/5.7.2; https://angelsonhighstreet.com"
54.36.148.87 - - [07/Jul/2021:09:17:08 -0400] "GET /shop-full-width?product_count=16&product_order=desc&product_view=grid&product_orderby=rating HTTP/1.1" 200 21936 "-" "Mozilla/5.0 (compatible; AhrefsBot/7.0; +http://ahrefs.com/robot/)"
204.48.19.85 - - [07/Jul/2021:09:20:22 -0400] "POST /wp-cron.php?doing_wp_cron=1625664022.0479509830474853515625 HTTP/1.1" 200 6350 "https://angelsonhighstreet.com/wp-cron.php?doing_wp_cron=1625664022.0479509830474853515625" "WordPress/5.7.2; https://angelsonhighstreet.com"
54.36.149.101 - - [07/Jul/2021:09:20:21 -0400] "GET /shop-full-width?product_count=48&product_order=desc&product_orderby=name&product_view=list HTTP/1.1" 200 22315 "-" "Mozilla/5.0 (compatible; AhrefsBot/7.0; +http://ahrefs.com/robot/)"
204.48.19.85 - - [07/Jul/2021:09:23:41 -0400] "POST /wp-cron.php?doing_wp_cron=1625664221.2322700023651123046875 HTTP/1.1" 200 6350 "https://angelsonhighstreet.com/wp-cron.php?doing_wp_cron=1625664221.2322700023651123046875" "WordPress/5.7.2; https://angelsonhighstreet.com"
54.36.148.120 - - [07/Jul/2021:09:23:41 -0400] "GET /shop-full-width?product_count=48&product_order=desc&product_orderby=default&product_view=list HTTP/1.1" 200 22279 "-" "Mozilla/5.0 (compatible; AhrefsBot/7.0; +http://ahrefs.com/robot/)"
204.48.19.85 - - [07/Jul/2021:09:24:48 -0400] "POST /wp-cron.php?doing_wp_cron=1625664288.2739090919494628906250 HTTP/1.1" 200 6350 "https://angelsonhighstreet.com/wp-cron.php?doing_wp_cron=1625664288.2739090919494628906250" "WordPress/5.7.2; https://angelsonhighstreet.com"
69.64.52.38 - - [07/Jul/2021:09:24:48 -0400] "POST /wp-login.php HTTP/1.1" 200 8936 "-" "Mozilla/5.0 (Windows NT 10.0; WOW64) AppleWebKit/537.36 (KHTML, like Gecko) Chrome/53.0.2785.143 Safari/537.36"
204.48.19.85 - - [07/Jul/2021:09:26:52 -0400] "POST /wp-cron.php?doing_wp_cron=1625664412.7942869663238525390625 HTTP/1.1" 200 6350 "https://angelsonhighstreet.com/wp-cron.php?doing_wp_cron=1625664412.7942869663238525390625" "WordPress/5.7.2; https://angelsonhighstreet.com"
54.36.149.1 - - [07/Jul/2021:09:26:52 -0400] "GET /shop-full-width?product_count=48&product_order=desc&product_orderby=popularity&product_view=list HTTP/1.1" 200 22370 "-" "Mozilla/5.0 (compatible; AhrefsBot/7.0; +http://ahrefs.com/robot/)"
204.48.19.85 - - [07/Jul/2021:09:29:23 -0400] "POST /wp-cron.php?doing_wp_cron=1625664563.0099689960479736328125 HTTP/1.1" 200 6350 "https://angelsonhighstreet.com/wp-cron.php?doing_wp_cron=1625664563.0099689960479736328125" "WordPress/5.7.2; https://angelsonhighstreet.com"
114.33.19.90 - - [07/Jul/2021:09:29:22 -0400] "POST /wp-login.php HTTP/1.1" 200 8936 "-" "Mozilla/5.0 (Windows NT 10.0; Win64; x64) AppleWebKit/537.36 (KHTML, like Gecko) Chrome/66.0.3359.117 Safari/537.36"
204.48.19.85 - - [07/Jul/2021:09:30:12 -0400] "POST /wp-cron.php?doing_wp_cron=1625664612.9471950531005859375000 HTTP/1.1" 200 6350 "https://angelsonhighstreet.com/wp-cron.php?doing_wp_cron=1625664612.9471950531005859375000" "WordPress/5.7.2; https://angelsonhighstreet.com"
54.36.149.40 - - [07/Jul/2021:09:30:12 -0400] "GET /shop-full-width?product_order=desc&product_count=16&product_view=grid&product_orderby=popularity HTTP/1.1" 200 21964 "-" "Mozilla/5.0 (compatible; AhrefsBot/7.0; +http://ahrefs.com/robot/)"
204.48.19.85 - - [07/Jul/2021:09:33:27 -0400] "POST /wp-cron.php?doing_wp_cron=1625664807.3522520065307617187500 HTTP/1.1" 200 6350 "https://angelsonhighstreet.com/wp-cron.php?doing_wp_cron=1625664807.3522520065307617187500" "WordPress/5.7.2; https://angelsonhighstreet.com"
54.36.148.210 - - [07/Jul/2021:09:33:27 -0400] "GET /shop-full-width?product_count=16&product_order=desc&product_orderby=rating&product_view=list HTTP/1.1" 200 22327 "-" "Mozilla/5.0 (compatible; AhrefsBot/7.0; +http://ahrefs.com/robot/)"
204.48.19.85 - - [07/Jul/2021:09:36:40 -0400] "POST /wp-cron.php?doing_wp_cron=1625665000.2643759250640869140625 HTTP/1.1" 200 6350 "https://angelsonhighstreet.com/wp-cron.php?doing_wp_cron=1625665000.2643759250640869140625" "WordPress/5.7.2; https://angelsonhighstreet.com"
54.36.148.191 - - [07/Jul/2021:09:36:40 -0400] "GET /shop-full-width?product_order=desc&product_count=48&product_orderby=date&product_view=list HTTP/1.1" 200 22308 "-" "Mozilla/5.0 (compatible; AhrefsBot/7.0; +http://ahrefs.com/robot/)"
204.48.19.85 - - [07/Jul/2021:09:39:53 -0400] "POST /wp-cron.php?doing_wp_cron=1625665193.7194130420684814453125 HTTP/1.1" 200 6350 "https://angelsonhighstreet.com/wp-cron.php?doing_wp_cron=1625665193.7194130420684814453125" "WordPress/5.7.2; https://angelsonhighstreet.com"
54.36.148.229 - - [07/Jul/2021:09:39:53 -0400] "GET /shop-full-width?product_order=desc&product_count=48&product_orderby=default&product_view=grid HTTP/1.1" 200 21956 "-" "Mozilla/5.0 (compatible; AhrefsBot/7.0; +http://ahrefs.com/robot/)"
204.48.19.85 - - [07/Jul/2021:09:41:20 -0400] "POST /wp-cron.php?doing_wp_cron=1625665280.3815081119537353515625 HTTP/1.1" 200 6350 "https://angelsonhighstreet.com/wp-cron.php?doing_wp_cron=1625665280.3815081119537353515625" "WordPress/5.7.2; https://angelsonhighstreet.com"
40.122.130.155 - - [07/Jul/2021:09:41:20 -0400] "POST /wp-login.php HTTP/1.1" 200 8934 "-" "Mozilla/5.0 (Windows NT 6.1) AppleWebKit/537.36 (KHTML, like Gecko) Chrome/80.0.3987.132 Safari/537.36"
204.48.19.85 - - [07/Jul/2021:09:42:56 -0400] "POST /wp-cron.php?doing_wp_cron=1625665376.7210729122161865234375 HTTP/1.1" 200 6350 "https://angelsonhighstreet.com/wp-cron.php?doing_wp_cron=1625665376.7210729122161865234375" "WordPress/5.7.2; https://angelsonhighstreet.com"
54.36.148.205 - - [07/Jul/2021:09:42:56 -0400] "GET /shop-full-width?product_order=desc&product_count=48&product_orderby=name&product_view=list HTTP/1.1" 200 22285 "-" "Mozilla/5.0 (compatible; AhrefsBot/7.0; +http://ahrefs.com/robot/)"
204.48.19.85 - - [07/Jul/2021:09:44:01 -0400] "POST /wp-cron.php?doing_wp_cron=1625665441.1418719291687011718750 HTTP/1.1" 200 6350 "https://angelsonhighstreet.com/wp-cron.php?doing_wp_cron=1625665441.1418719291687011718750" "WordPress/5.7.2; https://angelsonhighstreet.com"
47.96.169.129 - - [07/Jul/2021:09:44:00 -0400] "POST /wp-login.php HTTP/1.1" 200 8936 "-" "Mozilla/5.0 (Windows NT 6.3; WOW64) AppleWebKit/537.36 (KHTML, like Gecko) Chrome/47.0.2526.106 Safari/537.36"
204.48.19.85 - - [07/Jul/2021:09:46:08 -0400] "POST /wp-cron.php?doing_wp_cron=1625665568.6909658908843994140625 HTTP/1.1" 200 6350 "https://angelsonhighstreet.com/wp-cron.php?doing_wp_cron=1625665568.6909658908843994140625" "WordPress/5.7.2; https://angelsonhighstreet.com"
54.36.148.219 - - [07/Jul/2021:09:46:08 -0400] "GET /shop-full-width?product_order=desc&product_count=48&product_orderby=rating&product_view=list HTTP/1.1" 200 22303 "-" "Mozilla/5.0 (compatible; AhrefsBot/7.0; +http://ahrefs.com/robot/)"
204.48.19.85 - - [07/Jul/2021:09:49:10 -0400] "POST /wp-cron.php?doing_wp_cron=1625665750.9838039875030517578125 HTTP/1.1" 200 6350 "https://angelsonhighstreet.com/wp-cron.php?doing_wp_cron=1625665750.9838039875030517578125" "WordPress/5.7.2; https://angelsonhighstreet.com"
54.36.149.45 - - [07/Jul/2021:09:49:10 -0400] "GET /shop-full-width?product_order=desc&product_count=16&product_view=list&product_orderby=default HTTP/1.1" 200 22279 "-" "Mozilla/5.0 (compatible; AhrefsBot/7.0; +http://ahrefs.com/robot/)"
204.48.19.85 - - [07/Jul/2021:09:52:14 -0400] "POST /wp-cron.php?doing_wp_cron=1625665934.4429979324340820312500 HTTP/1.1" 200 6350 "https://angelsonhighstreet.com/wp-cron.php?doing_wp_cron=1625665934.4429979324340820312500" "WordPress/5.7.2; https://angelsonhighstreet.com"
54.36.148.19 - - [07/Jul/2021:09:52:14 -0400] "GET /shop-full-width?product_order=desc&product_count=48&product_view=list&product_orderby=name HTTP/1.1" 200 22316 "-" "Mozilla/5.0 (compatible; AhrefsBot/7.0; +http://ahrefs.com/robot/)"
204.48.19.85 - - [07/Jul/2021:09:55:45 -0400] "POST /wp-cron.php?doing_wp_cron=1625666145.5162940025329589843750 HTTP/1.1" 200 6350 "https://angelsonhighstreet.com/wp-cron.php?doing_wp_cron=1625666145.5162940025329589843750" "WordPress/5.7.2; https://angelsonhighstreet.com"
54.36.149.37 - - [07/Jul/2021:09:55:45 -0400] "GET /shop-full-width?product_order=desc&product_count=16&product_view=list&product_orderby=price HTTP/1.1" 200 22283 "-" "Mozilla/5.0 (compatible; AhrefsBot/7.0; +http://ahrefs.com/robot/)"
204.48.19.85 - - [07/Jul/2021:09:56:18 -0400] "POST /wp-cron.php?doing_wp_cron=1625666178.3917078971862792968750 HTTP/1.1" 200 6350 "https://angelsonhighstreet.com/wp-cron.php?doing_wp_cron=1625666178.3917078971862792968750" "WordPress/5.7.2; https://angelsonhighstreet.com"
81.88.52.172 - - [07/Jul/2021:09:56:18 -0400] "POST /wp-login.php HTTP/1.1" 200 8934 "-" "Mozilla/5.0 (Windows NT 6.1) AppleWebKit/537.36 (KHTML, like Gecko) Chrome/61.0.3163.100 Safari/537.36"
204.48.19.85 - - [07/Jul/2021:09:59:10 -0400] "POST /wp-cron.php?doing_wp_cron=1625666350.0623049736022949218750 HTTP/1.1" 200 6350 "https://angelsonhighstreet.com/wp-cron.php?doing_wp_cron=1625666350.0623049736022949218750" "WordPress/5.7.2; https://angelsonhighstreet.com"
134.209.157.198 - - [07/Jul/2021:09:59:09 -0400] "POST /wp-login.php HTTP/1.1" 200 8936 "-" "Mozilla/5.0 (Windows NT 6.1) AppleWebKit/537.36 (KHTML, like Gecko) Chrome/70.0.3538.77 Safari/537.36"
54.36.148.19 - - [07/Jul/2021:09:59:40 -0400] "GET /shop-full-width?product_order=desc&product_orderby=date&product_count=32&product_view=grid HTTP/1.1" 200 21935 "-" "Mozilla/5.0 (compatible; AhrefsBot/7.0; +http://ahrefs.com/robot/)"
204.48.19.85 - - [07/Jul/2021:10:01:31 -0400] "POST /wp-cron.php?doing_wp_cron=1625666491.6413218975067138671875 HTTP/1.1" 200 6350 "https://angelsonhighstreet.com/wp-cron.php?doing_wp_cron=1625666491.6413218975067138671875" "WordPress/5.7.2; https://angelsonhighstreet.com"
185.191.171.22 - - [07/Jul/2021:10:01:31 -0400] "GET /robots.txt HTTP/1.1" 200 6554 "-" "Mozilla/5.0 (compatible; SemrushBot/7~bl; +http://www.semrush.com/bot.html)"
185.191.171.21 - - [07/Jul/2021:10:01:32 -0400] "GET /product-category/salves?product_order=asc HTTP/1.1" 200 21188 "-" "Mozilla/5.0 (compatible; SemrushBot/7~bl; +http://www.semrush.com/bot.html)"
204.48.19.85 - - [07/Jul/2021:10:03:58 -0400] "POST /wp-cron.php?doing_wp_cron=1625666638.8846991062164306640625 HTTP/1.1" 200 6350 "https://angelsonhighstreet.com/wp-cron.php?doing_wp_cron=1625666638.8846991062164306640625" "WordPress/5.7.2; https://angelsonhighstreet.com"
54.36.149.72 - - [07/Jul/2021:10:03:56 -0400] "GET /shop-full-width?product_order=desc&product_count=16&product_view=list&product_orderby=rating HTTP/1.1" 200 22297 "-" "Mozilla/5.0 (compatible; AhrefsBot/7.0; +http://ahrefs.com/robot/)"
204.48.19.85 - - [07/Jul/2021:10:07:33 -0400] "POST /wp-cron.php?doing_wp_cron=1625666853.5922460556030273437500 HTTP/1.1" 200 6350 "https://angelsonhighstreet.com/wp-cron.php?doing_wp_cron=1625666853.5922460556030273437500" "WordPress/5.7.2; https://angelsonhighstreet.com"
54.36.148.35 - - [07/Jul/2021:10:07:30 -0400] "GET /shop-full-width?product_order=desc&product_count=16&product_view=grid&product_orderby=date HTTP/1.1" 200 21924 "-" "Mozilla/5.0 (compatible; AhrefsBot/7.0; +http://ahrefs.com/robot/)"
68.183.130.128 - - [07/Jul/2021:10:09:15 -0400] "GET /.env HTTP/1.1" 301 615 "-" "Mozilla/5.0 (X11; Linux x86_64) AppleWebKit/537.36 (KHTML, like Gecko) Chrome/81.0.4044.129 Safari/537.36"
68.183.130.128 - - [07/Jul/2021:10:09:15 -0400] "POST / HTTP/1.1" 301 607 "-" "Mozilla/5.0 (X11; Linux x86_64) AppleWebKit/537.36 (KHTML, like Gecko) Chrome/81.0.4044.129 Safari/537.36"
81.70.168.2 - - [07/Jul/2021:10:09:50 -0400] "GET /wp-login.php HTTP/1.1" 301 582 "-" "Mozilla/5.0 (X11; Ubuntu; Linux x86_64; rv:62.0) Gecko/20100101 Firefox/62.0"
81.70.168.2 - - [07/Jul/2021:10:09:50 -0400] "GET /wp-login.php HTTP/1.1" 301 582 "-" "Mozilla/5.0 (X11; Ubuntu; Linux x86_64; rv:62.0) Gecko/20100101 Firefox/62.0"
81.70.168.2 - - [07/Jul/2021:10:09:52 -0400] "GET /wp-login.php HTTP/1.1" 301 582 "-" "Mozilla/5.0 (X11; Ubuntu; Linux x86_64; rv:62.0) Gecko/20100101 Firefox/62.0"
81.70.168.2 - - [07/Jul/2021:10:09:54 -0400] "GET /wp-login.php HTTP/1.1" 200 8107 "http://angelsonhighstreet.com/wp-login.php" "Mozilla/5.0 (X11; Ubuntu; Linux x86_64; rv:62.0) Gecko/20100101 Firefox/62.0"
81.70.168.2 - - [07/Jul/2021:10:09:53 -0400] "GET /wp-login.php HTTP/1.1" 200 8107 "http://angelsonhighstreet.com/wp-login.php" "Mozilla/5.0 (X11; Ubuntu; Linux x86_64; rv:62.0) Gecko/20100101 Firefox/62.0"
204.48.19.85 - - [07/Jul/2021:10:09:54 -0400] "POST /wp-cron.php?doing_wp_cron=1625666994.8944499492645263671875 HTTP/1.1" 200 6350 "https://angelsonhighstreet.com/wp-cron.php?doing_wp_cron=1625666994.8944499492645263671875" "WordPress/5.7.2; https://angelsonhighstreet.com"
81.70.168.2 - - [07/Jul/2021:10:09:55 -0400] "GET /wp-login.php HTTP/1.1" 200 8107 "http://angelsonhighstreet.com/wp-login.php" "Mozilla/5.0 (X11; Ubuntu; Linux x86_64; rv:62.0) Gecko/20100101 Firefox/62.0"
81.70.168.2 - - [07/Jul/2021:10:09:57 -0400] "GET ///?author=1 HTTP/1.1" 301 576 "-" "Mozilla/5.0 (X11; Ubuntu; Linux x86_64; rv:62.0) Gecko/20100101 Firefox/62.0"
81.70.168.2 - - [07/Jul/2021:10:09:57 -0400] "GET ///?author=1 HTTP/1.1" 301 576 "-" "Mozilla/5.0 (X11; Ubuntu; Linux x86_64; rv:62.0) Gecko/20100101 Firefox/62.0"
81.70.168.2 - - [07/Jul/2021:10:09:57 -0400] "GET ///?author=1 HTTP/1.1" 301 576 "-" "Mozilla/5.0 (X11; Ubuntu; Linux x86_64; rv:62.0) Gecko/20100101 Firefox/62.0"
81.70.168.2 - - [07/Jul/2021:10:09:58 -0400] "GET /?author=1 HTTP/1.1" 301 5701 "http://angelsonhighstreet.com///?author=1" "Mozilla/5.0 (X11; Ubuntu; Linux x86_64; rv:62.0) Gecko/20100101 Firefox/62.0"
204.48.19.85 - - [07/Jul/2021:10:09:59 -0400] "POST /wp-cron.php?doing_wp_cron=1625666999.5620191097259521484375 HTTP/1.1" 200 6350 "https://angelsonhighstreet.com/wp-cron.php?doing_wp_cron=1625666999.5620191097259521484375" "WordPress/5.7.2; https://angelsonhighstreet.com"
81.70.168.2 - - [07/Jul/2021:10:09:59 -0400] "GET /?author=1 HTTP/1.1" 301 5701 "http://angelsonhighstreet.com///?author=1" "Mozilla/5.0 (X11; Ubuntu; Linux x86_64; rv:62.0) Gecko/20100101 Firefox/62.0"
81.70.168.2 - - [07/Jul/2021:10:10:01 -0400] "GET /author/admin HTTP/1.1" 200 21450 "https://angelsonhighstreet.com/?author=1" "Mozilla/5.0 (X11; Ubuntu; Linux x86_64; rv:62.0) Gecko/20100101 Firefox/62.0"
81.70.168.2 - - [07/Jul/2021:10:10:04 -0400] "GET ///wp-json/wp/v2/users/ HTTP/1.1" 301 598 "-" "Mozilla/5.0 (X11; Ubuntu; Linux x86_64; rv:62.0) Gecko/20100101 Firefox/62.0"
81.70.168.2 - - [07/Jul/2021:10:10:03 -0400] "GET /author/admin HTTP/1.1" 200 21208 "https://angelsonhighstreet.com/?author=1" "Mozilla/5.0 (X11; Ubuntu; Linux x86_64; rv:62.0) Gecko/20100101 Firefox/62.0"
81.70.168.2 - - [07/Jul/2021:10:10:05 -0400] "GET ///wp-json/wp/v2/users/ HTTP/1.1" 301 598 "-" "Mozilla/5.0 (X11; Ubuntu; Linux x86_64; rv:62.0) Gecko/20100101 Firefox/62.0"
81.70.168.2 - - [07/Jul/2021:10:10:04 -0400] "GET /?author=1 HTTP/1.1" 301 5701 "http://angelsonhighstreet.com///?author=1" "Mozilla/5.0 (X11; Ubuntu; Linux x86_64; rv:62.0) Gecko/20100101 Firefox/62.0"
81.70.168.2 - - [07/Jul/2021:10:10:05 -0400] "GET /wp-json/wp/v2/users/ HTTP/1.1" 200 6561 "http://angelsonhighstreet.com///wp-json/wp/v2/users/" "Mozilla/5.0 (X11; Ubuntu; Linux x86_64; rv:62.0) Gecko/20100101 Firefox/62.0"
81.70.168.2 - - [07/Jul/2021:10:10:08 -0400] "GET ///?author=2 HTTP/1.1" 301 576 "-" "Mozilla/5.0 (X11; Ubuntu; Linux x86_64; rv:62.0) Gecko/20100101 Firefox/62.0"
81.70.168.2 - - [07/Jul/2021:10:10:06 -0400] "GET /wp-json/wp/v2/users/ HTTP/1.1" 200 6561 "http://angelsonhighstreet.com///wp-json/wp/v2/users/" "Mozilla/5.0 (X11; Ubuntu; Linux x86_64; rv:62.0) Gecko/20100101 Firefox/62.0"
81.70.168.2 - - [07/Jul/2021:10:10:07 -0400] "GET /author/admin HTTP/1.1" 200 21207 "https://angelsonhighstreet.com/?author=1" "Mozilla/5.0 (X11; Ubuntu; Linux x86_64; rv:62.0) Gecko/20100101 Firefox/62.0"
81.70.168.2 - - [07/Jul/2021:10:10:10 -0400] "GET ///?author=2 HTTP/1.1" 301 576 "-" "Mozilla/5.0 (X11; Ubuntu; Linux x86_64; rv:62.0) Gecko/20100101 Firefox/62.0"
81.70.168.2 - - [07/Jul/2021:10:10:09 -0400] "GET /?author=2 HTTP/1.1" 404 19706 "http://angelsonhighstreet.com///?author=2" "Mozilla/5.0 (X11; Ubuntu; Linux x86_64; rv:62.0) Gecko/20100101 Firefox/62.0"
81.70.168.2 - - [07/Jul/2021:10:10:12 -0400] "GET ///wp-json/wp/v2/users/ HTTP/1.1" 301 598 "-" "Mozilla/5.0 (X11; Ubuntu; Linux x86_64; rv:62.0) Gecko/20100101 Firefox/62.0"
81.70.168.2 - - [07/Jul/2021:10:10:12 -0400] "GET /?author=2 HTTP/1.1" 404 19463 "http://angelsonhighstreet.com///?author=2" "Mozilla/5.0 (X11; Ubuntu; Linux x86_64; rv:62.0) Gecko/20100101 Firefox/62.0"
81.70.168.2 - - [07/Jul/2021:10:10:17 -0400] "GET /wp-json/wp/v2/users/ HTTP/1.1" 200 6561 "http://angelsonhighstreet.com///wp-json/wp/v2/users/" "Mozilla/5.0 (X11; Ubuntu; Linux x86_64; rv:62.0) Gecko/20100101 Firefox/62.0"
81.70.168.2 - - [07/Jul/2021:10:10:20 -0400] "GET ///?author=2 HTTP/1.1" 301 576 "-" "Mozilla/5.0 (X11; Ubuntu; Linux x86_64; rv:62.0) Gecko/20100101 Firefox/62.0"
81.70.168.2 - - [07/Jul/2021:10:10:21 -0400] "GET /?author=2 HTTP/1.1" 404 19708 "http://angelsonhighstreet.com///?author=2" "Mozilla/5.0 (X11; Ubuntu; Linux x86_64; rv:62.0) Gecko/20100101 Firefox/62.0"
54.36.149.70 - - [07/Jul/2021:10:10:28 -0400] "GET /shop-full-width?product_order=desc&product_count=48&product_orderby=default&product_view=list HTTP/1.1" 200 22310 "-" "Mozilla/5.0 (compatible; AhrefsBot/7.0; +http://ahrefs.com/robot/)"
80.169.210.148 - - [07/Jul/2021:10:11:22 -0400] "POST /wp-login.php HTTP/1.1" 200 8934 "-" "Mozilla/5.0 (Windows NT 6.1; Win64; x64) AppleWebKit/537.36 (KHTML, like Gecko) Chrome/67.0.3396.87 Safari/537.36"
204.48.19.85 - - [07/Jul/2021:10:11:24 -0400] "POST /wp-cron.php?doing_wp_cron=1625667083.9682729244232177734375 HTTP/1.1" 200 6350 "https://angelsonhighstreet.com/wp-cron.php?doing_wp_cron=1625667083.9682729244232177734375" "WordPress/5.7.2; https://angelsonhighstreet.com"
204.48.19.85 - - [07/Jul/2021:10:13:21 -0400] "POST /wp-cron.php?doing_wp_cron=1625667201.8975589275360107421875 HTTP/1.1" 200 6350 "https://angelsonhighstreet.com/wp-cron.php?doing_wp_cron=1625667201.8975589275360107421875" "WordPress/5.7.2; https://angelsonhighstreet.com"
207.46.13.95 - - [07/Jul/2021:10:13:20 -0400] "GET /shop/holy-grail-cbd-healing-salve-1-oz HTTP/1.1" 200 27981 "-" "Mozilla/5.0 (compatible; bingbot/2.0; +http://www.bing.com/bingbot.htm)"
54.36.149.73 - - [07/Jul/2021:10:13:41 -0400] "GET /shop-full-width?product_count=16&product_order=desc&product_orderby=default&product_view=list HTTP/1.1" 200 22276 "-" "Mozilla/5.0 (compatible; AhrefsBot/7.0; +http://ahrefs.com/robot/)"
104.248.144.242 - - [07/Jul/2021:10:13:53 -0400] "POST /wp-login.php HTTP/1.1" 200 8936 "-" "Mozilla/5.0 (Windows NT 10.0; Win64; x64) AppleWebKit/537.36 (KHTML, like Gecko) Chrome/62.0.3202.89 Safari/537.36"
52.41.12.253 - - [07/Jul/2021:10:16:19 -0400] "GET / HTTP/1.1" 301 539 "-" "Mozilla/5.0 (X11; Linux x86_64) AppleWebKit/537.36 (KHTML, like Gecko) Chrome/83.0.4103.97 Safari/537.36"
204.48.19.85 - - [07/Jul/2021:10:16:23 -0400] "POST /wp-cron.php?doing_wp_cron=1625667383.2900769710540771484375 HTTP/1.1" 200 6350 "https://angelsonhighstreet.com/wp-cron.php?doing_wp_cron=1625667383.2900769710540771484375" "WordPress/5.7.2; https://angelsonhighstreet.com"
52.41.12.253 - - [07/Jul/2021:10:16:22 -0400] "GET / HTTP/1.1" 200 25840 "-" "Mozilla/5.0 (X11; Linux x86_64) AppleWebKit/537.36 (KHTML, like Gecko) Chrome/83.0.4103.97 Safari/537.36"
54.36.148.42 - - [07/Jul/2021:10:16:50 -0400] "GET /shop-full-width?product_order=desc&product_count=32&product_view=grid&product_orderby=name HTTP/1.1" 200 21964 "-" "Mozilla/5.0 (compatible; AhrefsBot/7.0; +http://ahrefs.com/robot/)"
34.222.108.206 - - [07/Jul/2021:10:17:02 -0400] "GET /favicon.ico HTTP/1.1" 301 561 "-" "Mozilla/5.0 (X11; Linux x86_64) AppleWebKit/537.36 (KHTML, like Gecko) Chrome/83.0.4103.97 Safari/537.36"
34.222.108.206 - - [07/Jul/2021:10:17:03 -0400] "GET /favicon.ico HTTP/1.1" 302 6474 "http://angelsonhighstreet.com/favicon.ico" "Mozilla/5.0 (X11; Linux x86_64) AppleWebKit/537.36 (KHTML, like Gecko) Chrome/83.0.4103.97 Safari/537.36"
204.48.19.85 - - [07/Jul/2021:10:17:04 -0400] "POST /wp-cron.php?doing_wp_cron=1625667424.7806689739227294921875 HTTP/1.1" 200 6350 "https://angelsonhighstreet.com/wp-cron.php?doing_wp_cron=1625667424.7806689739227294921875" "WordPress/5.7.2; https://angelsonhighstreet.com"
34.222.108.206 - - [07/Jul/2021:10:17:07 -0400] "GET / HTTP/1.1" 301 539 "-" "Mozilla/5.0 (X11; Linux x86_64) AppleWebKit/537.36 (KHTML, like Gecko) Chrome/83.0.4103.97 Safari/537.36"
34.222.108.206 - - [07/Jul/2021:10:17:09 -0400] "GET / HTTP/1.1" 200 25850 "http://angelsonhighstreet.com" "Mozilla/5.0 (X11; Linux x86_64) AppleWebKit/537.36 (KHTML, like Gecko) Chrome/83.0.4103.97 Safari/537.36"
204.48.19.85 - - [07/Jul/2021:10:19:56 -0400] "POST /wp-cron.php?doing_wp_cron=1625667596.4453639984130859375000 HTTP/1.1" 200 6350 "https://angelsonhighstreet.com/wp-cron.php?doing_wp_cron=1625667596.4453639984130859375000" "WordPress/5.7.2; https://angelsonhighstreet.com"
54.36.148.85 - - [07/Jul/2021:10:19:54 -0400] "GET /shop-full-width?product_order=desc&product_count=48&product_orderby=price&product_view=list HTTP/1.1" 200 22290 "-" "Mozilla/5.0 (compatible; AhrefsBot/7.0; +http://ahrefs.com/robot/)"
204.48.19.85 - - [07/Jul/2021:10:23:55 -0400] "POST /wp-cron.php?doing_wp_cron=1625667835.2897729873657226562500 HTTP/1.1" 200 6350 "https://angelsonhighstreet.com/wp-cron.php?doing_wp_cron=1625667835.2897729873657226562500" "WordPress/5.7.2; https://angelsonhighstreet.com"
54.36.148.215 - - [07/Jul/2021:10:23:54 -0400] "GET /shop-full-width?product_order=desc&product_count=48&product_orderby=name&product_view=grid HTTP/1.1" 200 21935 "-" "Mozilla/5.0 (compatible; AhrefsBot/7.0; +http://ahrefs.com/robot/)"
204.48.19.85 - - [07/Jul/2021:10:25:12 -0400] "POST /wp-cron.php?doing_wp_cron=1625667912.5334329605102539062500 HTTP/1.1" 200 6350 "https://angelsonhighstreet.com/wp-cron.php?doing_wp_cron=1625667912.5334329605102539062500" "WordPress/5.7.2; https://angelsonhighstreet.com"
163.44.198.33 - - [07/Jul/2021:10:25:12 -0400] "POST /wp-login.php HTTP/1.1" 200 8934 "-" "Mozilla/5.0 (Windows NT 6.1; Win64; x64) AppleWebKit/537.36 (KHTML, like Gecko) Chrome/60.0.3112.113 Safari/537.36"
204.48.19.85 - - [07/Jul/2021:10:27:42 -0400] "POST /wp-cron.php?doing_wp_cron=1625668062.4757549762725830078125 HTTP/1.1" 200 6350 "https://angelsonhighstreet.com/wp-cron.php?doing_wp_cron=1625668062.4757549762725830078125" "WordPress/5.7.2; https://angelsonhighstreet.com"
136.244.89.25 - - [07/Jul/2021:10:27:42 -0400] "POST /wp-login.php HTTP/1.1" 200 8936 "-" "Mozilla/5.0 (Windows NT 6.1) AppleWebKit/537.36 (KHTML, like Gecko) Chrome/62.0.3202.94 Safari/537.36"
204.48.19.85 - - [07/Jul/2021:10:28:19 -0400] "POST /wp-cron.php?doing_wp_cron=1625668099.4146590232849121093750 HTTP/1.1" 200 6350 "https://angelsonhighstreet.com/wp-cron.php?doing_wp_cron=1625668099.4146590232849121093750" "WordPress/5.7.2; https://angelsonhighstreet.com"
54.36.148.175 - - [07/Jul/2021:10:28:19 -0400] "GET /shop-full-width?product_order=desc&product_count=48&product_orderby=popularity&product_view=list HTTP/1.1" 200 22340 "-" "Mozilla/5.0 (compatible; AhrefsBot/7.0; +http://ahrefs.com/robot/)"
204.48.19.85 - - [07/Jul/2021:10:32:54 -0400] "POST /wp-cron.php?doing_wp_cron=1625668374.8368380069732666015625 HTTP/1.1" 200 6350 "https://angelsonhighstreet.com/wp-cron.php?doing_wp_cron=1625668374.8368380069732666015625" "WordPress/5.7.2; https://angelsonhighstreet.com"
54.36.148.110 - - [07/Jul/2021:10:32:54 -0400] "GET /shop-full-width?product_count=16&product_order=desc&product_orderby=popularity&product_view=list HTTP/1.1" 200 22337 "-" "Mozilla/5.0 (compatible; AhrefsBot/7.0; +http://ahrefs.com/robot/)"
204.48.19.85 - - [07/Jul/2021:10:37:04 -0400] "POST /wp-cron.php?doing_wp_cron=1625668624.6736149787902832031250 HTTP/1.1" 200 6350 "https://angelsonhighstreet.com/wp-cron.php?doing_wp_cron=1625668624.6736149787902832031250" "WordPress/5.7.2; https://angelsonhighstreet.com"
54.36.148.174 - - [07/Jul/2021:10:37:04 -0400] "GET /product-category/salves?product_orderby=popularity&product_view=list&product_count=48&product_order=asc HTTP/1.1" 200 21389 "-" "Mozilla/5.0 (compatible; AhrefsBot/7.0; +http://ahrefs.com/robot/)"
204.48.19.85 - - [07/Jul/2021:10:39:17 -0400] "POST /wp-cron.php?doing_wp_cron=1625668757.6889050006866455078125 HTTP/1.1" 200 6350 "https://angelsonhighstreet.com/wp-cron.php?doing_wp_cron=1625668757.6889050006866455078125" "WordPress/5.7.2; https://angelsonhighstreet.com"
66.33.196.105 - - [07/Jul/2021:10:39:17 -0400] "POST /wp-login.php HTTP/1.1" 200 8934 "-" "Mozilla/5.0 (Windows NT 10.0; Win64; x64) AppleWebKit/537.36 (KHTML, like Gecko) Chrome/64.0.3282.167 Safari/537.36"
54.36.148.125 - - [07/Jul/2021:10:39:32 -0400] "GET /product-category/salves?product_orderby=popularity&product_view=grid&product_count=16&product_order=asc HTTP/1.1" 200 21240 "-" "Mozilla/5.0 (compatible; AhrefsBot/7.0; +http://ahrefs.com/robot/)"
204.48.19.85 - - [07/Jul/2021:10:41:08 -0400] "POST /wp-cron.php?doing_wp_cron=1625668868.9169030189514160156250 HTTP/1.1" 200 6350 "https://angelsonhighstreet.com/wp-cron.php?doing_wp_cron=1625668868.9169030189514160156250" "WordPress/5.7.2; https://angelsonhighstreet.com"
34.75.86.6 - - [07/Jul/2021:10:41:08 -0400] "GET /robots.txt HTTP/1.0" 200 5857 "-" "ZoominfoBot (zoominfobot at zoominfo dot com)"
34.75.86.6 - - [07/Jul/2021:10:41:09 -0400] "GET /comments/feed HTTP/1.0" 200 8781 "-" "ZoominfoBot (zoominfobot at zoominfo dot com)"
54.36.148.197 - - [07/Jul/2021:10:41:47 -0400] "GET /product-category/salves?product_orderby=price&product_view=list&product_count=48&product_order=desc HTTP/1.1" 200 21656 "-" "Mozilla/5.0 (compatible; AhrefsBot/7.0; +http://ahrefs.com/robot/)"
34.140.92.141 - - [07/Jul/2021:10:41:47 -0400] "POST /wp-login.php HTTP/1.1" 200 8936 "-" "Mozilla/5.0 (Windows NT 10.0; Win64; x64) AppleWebKit/537.36 (KHTML, like Gecko) Chrome/64.0.3282.140 Safari/537.36"
204.48.19.85 - - [07/Jul/2021:10:43:24 -0400] "POST /wp-cron.php?doing_wp_cron=1625669004.9579620361328125000000 HTTP/1.1" 200 6350 "https://angelsonhighstreet.com/wp-cron.php?doing_wp_cron=1625669004.9579620361328125000000" "WordPress/5.7.2; https://angelsonhighstreet.com"
34.75.86.6 - - [07/Jul/2021:10:43:24 -0400] "GET /shop/cbg-salve-with-hawiian-haze-terpenes HTTP/1.0" 200 25600 "-" "ZoominfoBot (zoominfobot at zoominfo dot com)"
204.48.19.85 - - [07/Jul/2021:10:44:11 -0400] "POST /wp-cron.php?doing_wp_cron=1625669051.4384241104125976562500 HTTP/1.1" 200 6350 "https://angelsonhighstreet.com/wp-cron.php?doing_wp_cron=1625669051.4384241104125976562500" "WordPress/5.7.2; https://angelsonhighstreet.com"
54.36.148.187 - - [07/Jul/2021:10:44:11 -0400] "GET /shop-full-width?product_order=desc&product_orderby=popularity&product_view=grid&product_count=32 HTTP/1.1" 200 22005 "-" "Mozilla/5.0 (compatible; AhrefsBot/7.0; +http://ahrefs.com/robot/)"
34.75.86.6 - - [07/Jul/2021:10:47:02 -0400] "GET /xmlrpc.php?rsd HTTP/1.0" 200 5939 "-" "ZoominfoBot (zoominfobot at zoominfo dot com)"
204.48.19.85 - - [07/Jul/2021:10:47:03 -0400] "POST /wp-cron.php?doing_wp_cron=1625669223.0932180881500244140625 HTTP/1.1" 200 6350 "https://angelsonhighstreet.com/wp-cron.php?doing_wp_cron=1625669223.0932180881500244140625" "WordPress/5.7.2; https://angelsonhighstreet.com"
140.238.158.64 - - [07/Jul/2021:10:47:15 -0400] "GET / HTTP/1.1" 301 595 "-" "Mozilla/5.0 (Windows NT 10.0; Win64; x64) AppleWebKit/537.36 (KHTML, like Gecko) Chrome/88.0.4240.193 Safari/537.36"
140.238.158.64 - - [07/Jul/2021:10:47:15 -0400] "GET / HTTP/1.1" 200 115740 "-" "Mozilla/5.0 (Windows NT 10.0; Win64; x64) AppleWebKit/537.36 (KHTML, like Gecko) Chrome/88.0.4240.193 Safari/537.36"
140.238.158.64 - - [07/Jul/2021:10:47:16 -0400] "GET //wp-includes/wlwmanifest.xml HTTP/1.1" 200 1433 "-" "Mozilla/5.0 (Windows NT 10.0; Win64; x64) AppleWebKit/537.36 (KHTML, like Gecko) Chrome/88.0.4240.193 Safari/537.36"
140.238.158.64 - - [07/Jul/2021:10:47:16 -0400] "GET //?author=1 HTTP/1.1" 301 419 "-" "Mozilla/5.0 (Windows NT 10.0; Win64; x64) AppleWebKit/537.36 (KHTML, like Gecko) Chrome/88.0.4240.193 Safari/537.36"
140.238.158.64 - - [07/Jul/2021:10:47:16 -0400] "GET //?author=2 HTTP/1.1" 301 416 "-" "Mozilla/5.0 (Windows NT 10.0; Win64; x64) AppleWebKit/537.36 (KHTML, like Gecko) Chrome/88.0.4240.193 Safari/537.36"
140.238.158.64 - - [07/Jul/2021:10:47:16 -0400] "GET //?author=3 HTTP/1.1" 301 416 "-" "Mozilla/5.0 (Windows NT 10.0; Win64; x64) AppleWebKit/537.36 (KHTML, like Gecko) Chrome/88.0.4240.193 Safari/537.36"
140.238.158.64 - - [07/Jul/2021:10:47:17 -0400] "GET //wp-json/wp/v2/users/ HTTP/1.1" 200 3103 "-" "Mozilla/5.0 (Windows NT 10.0; Win64; x64) AppleWebKit/537.36 (KHTML, like Gecko) Chrome/88.0.4240.193 Safari/537.36"
140.238.158.64 - - [07/Jul/2021:10:47:18 -0400] "GET //wp-json/oembed/1.0/embed?url=https://angelsonhighstreet.com/ HTTP/1.1" 200 2927 "-" "Mozilla/5.0 (Windows NT 10.0; Win64; x64) AppleWebKit/537.36 (KHTML, like Gecko) Chrome/88.0.4240.193 Safari/537.36"
140.238.158.64 - - [07/Jul/2021:10:47:18 -0400] "POST //xmlrpc.php HTTP/1.1" 200 688 "-" "Mozilla/5.0 (Windows NT 10.0; Win64; x64) AppleWebKit/537.36 (KHTML, like Gecko) Chrome/88.0.4240.193 Safari/537.36"
140.238.158.64 - - [07/Jul/2021:10:47:18 -0400] "POST //xmlrpc.php HTTP/1.1" 200 6250 "-" "Mozilla/5.0 (Windows NT 10.0; Win64; x64) AppleWebKit/537.36 (KHTML, like Gecko) Chrome/88.0.4240.193 Safari/537.36"
140.238.158.64 - - [07/Jul/2021:10:47:19 -0400] "POST //xmlrpc.php HTTP/1.1" 200 6248 "-" "Mozilla/5.0 (Windows NT 10.0; Win64; x64) AppleWebKit/537.36 (KHTML, like Gecko) Chrome/88.0.4240.193 Safari/537.36"
140.238.158.64 - - [07/Jul/2021:10:47:19 -0400] "POST //xmlrpc.php HTTP/1.1" 200 6248 "-" "Mozilla/5.0 (Windows NT 10.0; Win64; x64) AppleWebKit/537.36 (KHTML, like Gecko) Chrome/88.0.4240.193 Safari/537.36"
140.238.158.64 - - [07/Jul/2021:10:47:20 -0400] "POST //xmlrpc.php HTTP/1.1" 200 6248 "-" "Mozilla/5.0 (Windows NT 10.0; Win64; x64) AppleWebKit/537.36 (KHTML, like Gecko) Chrome/88.0.4240.193 Safari/537.36"
140.238.158.64 - - [07/Jul/2021:10:47:20 -0400] "POST //xmlrpc.php HTTP/1.1" 200 6248 "-" "Mozilla/5.0 (Windows NT 10.0; Win64; x64) AppleWebKit/537.36 (KHTML, like Gecko) Chrome/88.0.4240.193 Safari/537.36"
140.238.158.64 - - [07/Jul/2021:10:47:20 -0400] "POST //xmlrpc.php HTTP/1.1" 200 6250 "-" "Mozilla/5.0 (Windows NT 10.0; Win64; x64) AppleWebKit/537.36 (KHTML, like Gecko) Chrome/88.0.4240.193 Safari/537.36"
140.238.158.64 - - [07/Jul/2021:10:47:21 -0400] "POST //xmlrpc.php HTTP/1.1" 200 6248 "-" "Mozilla/5.0 (Windows NT 10.0; Win64; x64) AppleWebKit/537.36 (KHTML, like Gecko) Chrome/88.0.4240.193 Safari/537.36"
140.238.158.64 - - [07/Jul/2021:10:47:21 -0400] "POST //xmlrpc.php HTTP/1.1" 200 6248 "-" "Mozilla/5.0 (Windows NT 10.0; Win64; x64) AppleWebKit/537.36 (KHTML, like Gecko) Chrome/88.0.4240.193 Safari/537.36"
140.238.158.64 - - [07/Jul/2021:10:47:21 -0400] "POST //xmlrpc.php HTTP/1.1" 200 6248 "-" "Mozilla/5.0 (Windows NT 10.0; Win64; x64) AppleWebKit/537.36 (KHTML, like Gecko) Chrome/88.0.4240.193 Safari/537.36"
140.238.158.64 - - [07/Jul/2021:10:47:21 -0400] "POST //xmlrpc.php HTTP/1.1" 200 6248 "-" "Mozilla/5.0 (Windows NT 10.0; Win64; x64) AppleWebKit/537.36 (KHTML, like Gecko) Chrome/88.0.4240.193 Safari/537.36"
140.238.158.64 - - [07/Jul/2021:10:47:22 -0400] "POST //xmlrpc.php HTTP/1.1" 200 6248 "-" "Mozilla/5.0 (Windows NT 10.0; Win64; x64) AppleWebKit/537.36 (KHTML, like Gecko) Chrome/88.0.4240.193 Safari/537.36"
140.238.158.64 - - [07/Jul/2021:10:47:22 -0400] "POST //xmlrpc.php HTTP/1.1" 200 6248 "-" "Mozilla/5.0 (Windows NT 10.0; Win64; x64) AppleWebKit/537.36 (KHTML, like Gecko) Chrome/88.0.4240.193 Safari/537.36"
140.238.158.64 - - [07/Jul/2021:10:47:23 -0400] "POST //xmlrpc.php HTTP/1.1" 200 6248 "-" "Mozilla/5.0 (Windows NT 10.0; Win64; x64) AppleWebKit/537.36 (KHTML, like Gecko) Chrome/88.0.4240.193 Safari/537.36"
140.238.158.64 - - [07/Jul/2021:10:47:23 -0400] "POST //xmlrpc.php HTTP/1.1" 200 6248 "-" "Mozilla/5.0 (Windows NT 10.0; Win64; x64) AppleWebKit/537.36 (KHTML, like Gecko) Chrome/88.0.4240.193 Safari/537.36"
140.238.158.64 - - [07/Jul/2021:10:47:23 -0400] "POST //xmlrpc.php HTTP/1.1" 200 6248 "-" "Mozilla/5.0 (Windows NT 10.0; Win64; x64) AppleWebKit/537.36 (KHTML, like Gecko) Chrome/88.0.4240.193 Safari/537.36"
140.238.158.64 - - [07/Jul/2021:10:47:23 -0400] "POST //xmlrpc.php HTTP/1.1" 200 6248 "-" "Mozilla/5.0 (Windows NT 10.0; Win64; x64) AppleWebKit/537.36 (KHTML, like Gecko) Chrome/88.0.4240.193 Safari/537.36"
34.75.86.6 - - [07/Jul/2021:10:47:23 -0400] "GET /cbd-oils HTTP/1.0" 200 20587 "-" "ZoominfoBot (zoominfobot at zoominfo dot com)"
140.238.158.64 - - [07/Jul/2021:10:47:24 -0400] "POST //xmlrpc.php HTTP/1.1" 200 6248 "-" "Mozilla/5.0 (Windows NT 10.0; Win64; x64) AppleWebKit/537.36 (KHTML, like Gecko) Chrome/88.0.4240.193 Safari/537.36"
140.238.158.64 - - [07/Jul/2021:10:47:24 -0400] "POST //xmlrpc.php HTTP/1.1" 200 6248 "-" "Mozilla/5.0 (Windows NT 10.0; Win64; x64) AppleWebKit/537.36 (KHTML, like Gecko) Chrome/88.0.4240.193 Safari/537.36"
140.238.158.64 - - [07/Jul/2021:10:47:24 -0400] "POST //xmlrpc.php HTTP/1.1" 200 6248 "-" "Mozilla/5.0 (Windows NT 10.0; Win64; x64) AppleWebKit/537.36 (KHTML, like Gecko) Chrome/88.0.4240.193 Safari/537.36"
140.238.158.64 - - [07/Jul/2021:10:47:25 -0400] "POST //xmlrpc.php HTTP/1.1" 200 6248 "-" "Mozilla/5.0 (Windows NT 10.0; Win64; x64) AppleWebKit/537.36 (KHTML, like Gecko) Chrome/88.0.4240.193 Safari/537.36"
140.238.158.64 - - [07/Jul/2021:10:47:25 -0400] "POST //xmlrpc.php HTTP/1.1" 200 6248 "-" "Mozilla/5.0 (Windows NT 10.0; Win64; x64) AppleWebKit/537.36 (KHTML, like Gecko) Chrome/88.0.4240.193 Safari/537.36"
140.238.158.64 - - [07/Jul/2021:10:47:25 -0400] "POST //xmlrpc.php HTTP/1.1" 200 6248 "-" "Mozilla/5.0 (Windows NT 10.0; Win64; x64) AppleWebKit/537.36 (KHTML, like Gecko) Chrome/88.0.4240.193 Safari/537.36"
140.238.158.64 - - [07/Jul/2021:10:47:26 -0400] "POST //xmlrpc.php HTTP/1.1" 200 6248 "-" "Mozilla/5.0 (Windows NT 10.0; Win64; x64) AppleWebKit/537.36 (KHTML, like Gecko) Chrome/88.0.4240.193 Safari/537.36"
140.238.158.64 - - [07/Jul/2021:10:47:26 -0400] "POST //xmlrpc.php HTTP/1.1" 200 6248 "-" "Mozilla/5.0 (Windows NT 10.0; Win64; x64) AppleWebKit/537.36 (KHTML, like Gecko) Chrome/88.0.4240.193 Safari/537.36"
140.238.158.64 - - [07/Jul/2021:10:47:26 -0400] "POST //xmlrpc.php HTTP/1.1" 200 6248 "-" "Mozilla/5.0 (Windows NT 10.0; Win64; x64) AppleWebKit/537.36 (KHTML, like Gecko) Chrome/88.0.4240.193 Safari/537.36"
140.238.158.64 - - [07/Jul/2021:10:47:26 -0400] "POST //xmlrpc.php HTTP/1.1" 200 6248 "-" "Mozilla/5.0 (Windows NT 10.0; Win64; x64) AppleWebKit/537.36 (KHTML, like Gecko) Chrome/88.0.4240.193 Safari/537.36"
140.238.158.64 - - [07/Jul/2021:10:47:27 -0400] "POST //xmlrpc.php HTTP/1.1" 200 6248 "-" "Mozilla/5.0 (Windows NT 10.0; Win64; x64) AppleWebKit/537.36 (KHTML, like Gecko) Chrome/88.0.4240.193 Safari/537.36"
140.238.158.64 - - [07/Jul/2021:10:47:27 -0400] "POST //xmlrpc.php HTTP/1.1" 200 6248 "-" "Mozilla/5.0 (Windows NT 10.0; Win64; x64) AppleWebKit/537.36 (KHTML, like Gecko) Chrome/88.0.4240.193 Safari/537.36"
140.238.158.64 - - [07/Jul/2021:10:47:27 -0400] "POST //xmlrpc.php HTTP/1.1" 200 6248 "-" "Mozilla/5.0 (Windows NT 10.0; Win64; x64) AppleWebKit/537.36 (KHTML, like Gecko) Chrome/88.0.4240.193 Safari/537.36"
140.238.158.64 - - [07/Jul/2021:10:47:27 -0400] "POST //xmlrpc.php HTTP/1.1" 200 6248 "-" "Mozilla/5.0 (Windows NT 10.0; Win64; x64) AppleWebKit/537.36 (KHTML, like Gecko) Chrome/88.0.4240.193 Safari/537.36"
140.238.158.64 - - [07/Jul/2021:10:47:28 -0400] "POST //xmlrpc.php HTTP/1.1" 200 6248 "-" "Mozilla/5.0 (Windows NT 10.0; Win64; x64) AppleWebKit/537.36 (KHTML, like Gecko) Chrome/88.0.4240.193 Safari/537.36"
140.238.158.64 - - [07/Jul/2021:10:47:28 -0400] "POST //xmlrpc.php HTTP/1.1" 200 6248 "-" "Mozilla/5.0 (Windows NT 10.0; Win64; x64) AppleWebKit/537.36 (KHTML, like Gecko) Chrome/88.0.4240.193 Safari/537.36"
140.238.158.64 - - [07/Jul/2021:10:47:29 -0400] "POST //xmlrpc.php HTTP/1.1" 200 6248 "-" "Mozilla/5.0 (Windows NT 10.0; Win64; x64) AppleWebKit/537.36 (KHTML, like Gecko) Chrome/88.0.4240.193 Safari/537.36"
140.238.158.64 - - [07/Jul/2021:10:47:29 -0400] "POST //xmlrpc.php HTTP/1.1" 200 6248 "-" "Mozilla/5.0 (Windows NT 10.0; Win64; x64) AppleWebKit/537.36 (KHTML, like Gecko) Chrome/88.0.4240.193 Safari/537.36"
140.238.158.64 - - [07/Jul/2021:10:47:29 -0400] "POST //xmlrpc.php HTTP/1.1" 200 6248 "-" "Mozilla/5.0 (Windows NT 10.0; Win64; x64) AppleWebKit/537.36 (KHTML, like Gecko) Chrome/88.0.4240.193 Safari/537.36"
140.238.158.64 - - [07/Jul/2021:10:47:30 -0400] "POST //xmlrpc.php HTTP/1.1" 200 6248 "-" "Mozilla/5.0 (Windows NT 10.0; Win64; x64) AppleWebKit/537.36 (KHTML, like Gecko) Chrome/88.0.4240.193 Safari/537.36"
140.238.158.64 - - [07/Jul/2021:10:47:30 -0400] "POST //xmlrpc.php HTTP/1.1" 200 6248 "-" "Mozilla/5.0 (Windows NT 10.0; Win64; x64) AppleWebKit/537.36 (KHTML, like Gecko) Chrome/88.0.4240.193 Safari/537.36"
140.238.158.64 - - [07/Jul/2021:10:47:30 -0400] "POST //xmlrpc.php HTTP/1.1" 200 6248 "-" "Mozilla/5.0 (Windows NT 10.0; Win64; x64) AppleWebKit/537.36 (KHTML, like Gecko) Chrome/88.0.4240.193 Safari/537.36"
140.238.158.64 - - [07/Jul/2021:10:47:31 -0400] "POST //xmlrpc.php HTTP/1.1" 200 6248 "-" "Mozilla/5.0 (Windows NT 10.0; Win64; x64) AppleWebKit/537.36 (KHTML, like Gecko) Chrome/88.0.4240.193 Safari/537.36"
140.238.158.64 - - [07/Jul/2021:10:47:31 -0400] "POST //xmlrpc.php HTTP/1.1" 200 6248 "-" "Mozilla/5.0 (Windows NT 10.0; Win64; x64) AppleWebKit/537.36 (KHTML, like Gecko) Chrome/88.0.4240.193 Safari/537.36"
140.238.158.64 - - [07/Jul/2021:10:47:31 -0400] "POST //xmlrpc.php HTTP/1.1" 200 6248 "-" "Mozilla/5.0 (Windows NT 10.0; Win64; x64) AppleWebKit/537.36 (KHTML, like Gecko) Chrome/88.0.4240.193 Safari/537.36"
140.238.158.64 - - [07/Jul/2021:10:47:41 -0400] "POST //xmlrpc.php HTTP/1.1" 200 6248 "-" "Mozilla/5.0 (Windows NT 10.0; Win64; x64) AppleWebKit/537.36 (KHTML, like Gecko) Chrome/88.0.4240.193 Safari/537.36"
140.238.158.64 - - [07/Jul/2021:10:47:50 -0400] "POST //xmlrpc.php HTTP/1.1" 200 6248 "-" "Mozilla/5.0 (Windows NT 10.0; Win64; x64) AppleWebKit/537.36 (KHTML, like Gecko) Chrome/88.0.4240.193 Safari/537.36"
140.238.158.64 - - [07/Jul/2021:10:47:50 -0400] "POST //xmlrpc.php HTTP/1.1" 200 6248 "-" "Mozilla/5.0 (Windows NT 10.0; Win64; x64) AppleWebKit/537.36 (KHTML, like Gecko) Chrome/88.0.4240.193 Safari/537.36"
140.238.158.64 - - [07/Jul/2021:10:47:51 -0400] "POST //xmlrpc.php HTTP/1.1" 200 6248 "-" "Mozilla/5.0 (Windows NT 10.0; Win64; x64) AppleWebKit/537.36 (KHTML, like Gecko) Chrome/88.0.4240.193 Safari/537.36"
140.238.158.64 - - [07/Jul/2021:10:47:51 -0400] "POST //xmlrpc.php HTTP/1.1" 200 6248 "-" "Mozilla/5.0 (Windows NT 10.0; Win64; x64) AppleWebKit/537.36 (KHTML, like Gecko) Chrome/88.0.4240.193 Safari/537.36"
140.238.158.64 - - [07/Jul/2021:10:47:52 -0400] "POST //xmlrpc.php HTTP/1.1" 200 6248 "-" "Mozilla/5.0 (Windows NT 10.0; Win64; x64) AppleWebKit/537.36 (KHTML, like Gecko) Chrome/88.0.4240.193 Safari/537.36"
140.238.158.64 - - [07/Jul/2021:10:47:52 -0400] "POST //xmlrpc.php HTTP/1.1" 200 6248 "-" "Mozilla/5.0 (Windows NT 10.0; Win64; x64) AppleWebKit/537.36 (KHTML, like Gecko) Chrome/88.0.4240.193 Safari/537.36"
140.238.158.64 - - [07/Jul/2021:10:47:52 -0400] "POST //xmlrpc.php HTTP/1.1" 200 6248 "-" "Mozilla/5.0 (Windows NT 10.0; Win64; x64) AppleWebKit/537.36 (KHTML, like Gecko) Chrome/88.0.4240.193 Safari/537.36"
140.238.158.64 - - [07/Jul/2021:10:47:53 -0400] "POST //xmlrpc.php HTTP/1.1" 200 6248 "-" "Mozilla/5.0 (Windows NT 10.0; Win64; x64) AppleWebKit/537.36 (KHTML, like Gecko) Chrome/88.0.4240.193 Safari/537.36"
140.238.158.64 - - [07/Jul/2021:10:47:53 -0400] "POST //xmlrpc.php HTTP/1.1" 200 6248 "-" "Mozilla/5.0 (Windows NT 10.0; Win64; x64) AppleWebKit/537.36 (KHTML, like Gecko) Chrome/88.0.4240.193 Safari/537.36"
140.238.158.64 - - [07/Jul/2021:10:47:53 -0400] "POST //xmlrpc.php HTTP/1.1" 200 6248 "-" "Mozilla/5.0 (Windows NT 10.0; Win64; x64) AppleWebKit/537.36 (KHTML, like Gecko) Chrome/88.0.4240.193 Safari/537.36"
140.238.158.64 - - [07/Jul/2021:10:47:54 -0400] "POST //xmlrpc.php HTTP/1.1" 200 6248 "-" "Mozilla/5.0 (Windows NT 10.0; Win64; x64) AppleWebKit/537.36 (KHTML, like Gecko) Chrome/88.0.4240.193 Safari/537.36"
140.238.158.64 - - [07/Jul/2021:10:47:54 -0400] "POST //xmlrpc.php HTTP/1.1" 200 6248 "-" "Mozilla/5.0 (Windows NT 10.0; Win64; x64) AppleWebKit/537.36 (KHTML, like Gecko) Chrome/88.0.4240.193 Safari/537.36"
140.238.158.64 - - [07/Jul/2021:10:47:54 -0400] "POST //xmlrpc.php HTTP/1.1" 200 6248 "-" "Mozilla/5.0 (Windows NT 10.0; Win64; x64) AppleWebKit/537.36 (KHTML, like Gecko) Chrome/88.0.4240.193 Safari/537.36"
140.238.158.64 - - [07/Jul/2021:10:47:55 -0400] "POST //xmlrpc.php HTTP/1.1" 200 6248 "-" "Mozilla/5.0 (Windows NT 10.0; Win64; x64) AppleWebKit/537.36 (KHTML, like Gecko) Chrome/88.0.4240.193 Safari/537.36"
140.238.158.64 - - [07/Jul/2021:10:47:55 -0400] "POST //xmlrpc.php HTTP/1.1" 200 6248 "-" "Mozilla/5.0 (Windows NT 10.0; Win64; x64) AppleWebKit/537.36 (KHTML, like Gecko) Chrome/88.0.4240.193 Safari/537.36"
140.238.158.64 - - [07/Jul/2021:10:47:56 -0400] "POST //xmlrpc.php HTTP/1.1" 200 6248 "-" "Mozilla/5.0 (Windows NT 10.0; Win64; x64) AppleWebKit/537.36 (KHTML, like Gecko) Chrome/88.0.4240.193 Safari/537.36"
204.48.19.85 - - [07/Jul/2021:10:48:00 -0400] "POST /wp-cron.php?doing_wp_cron=1625669280.2568850517272949218750 HTTP/1.1" 200 6350 "https://angelsonhighstreet.com/wp-cron.php?doing_wp_cron=1625669280.2568850517272949218750" "WordPress/5.7.2; https://angelsonhighstreet.com"
140.238.158.64 - - [07/Jul/2021:10:47:59 -0400] "POST //xmlrpc.php HTTP/1.1" 200 6248 "-" "Mozilla/5.0 (Windows NT 10.0; Win64; x64) AppleWebKit/537.36 (KHTML, like Gecko) Chrome/88.0.4240.193 Safari/537.36"
140.238.158.64 - - [07/Jul/2021:10:48:00 -0400] "POST //xmlrpc.php HTTP/1.1" 200 6248 "-" "Mozilla/5.0 (Windows NT 10.0; Win64; x64) AppleWebKit/537.36 (KHTML, like Gecko) Chrome/88.0.4240.193 Safari/537.36"
140.238.158.64 - - [07/Jul/2021:10:48:00 -0400] "POST //xmlrpc.php HTTP/1.1" 200 6248 "-" "Mozilla/5.0 (Windows NT 10.0; Win64; x64) AppleWebKit/537.36 (KHTML, like Gecko) Chrome/88.0.4240.193 Safari/537.36"
140.238.158.64 - - [07/Jul/2021:10:48:01 -0400] "POST //xmlrpc.php HTTP/1.1" 200 6248 "-" "Mozilla/5.0 (Windows NT 10.0; Win64; x64) AppleWebKit/537.36 (KHTML, like Gecko) Chrome/88.0.4240.193 Safari/537.36"
140.238.158.64 - - [07/Jul/2021:10:48:01 -0400] "POST //xmlrpc.php HTTP/1.1" 200 6248 "-" "Mozilla/5.0 (Windows NT 10.0; Win64; x64) AppleWebKit/537.36 (KHTML, like Gecko) Chrome/88.0.4240.193 Safari/537.36"
140.238.158.64 - - [07/Jul/2021:10:48:01 -0400] "POST //xmlrpc.php HTTP/1.1" 200 6248 "-" "Mozilla/5.0 (Windows NT 10.0; Win64; x64) AppleWebKit/537.36 (KHTML, like Gecko) Chrome/88.0.4240.193 Safari/537.36"
140.238.158.64 - - [07/Jul/2021:10:48:02 -0400] "POST //xmlrpc.php HTTP/1.1" 200 6248 "-" "Mozilla/5.0 (Windows NT 10.0; Win64; x64) AppleWebKit/537.36 (KHTML, like Gecko) Chrome/88.0.4240.193 Safari/537.36"
140.238.158.64 - - [07/Jul/2021:10:48:03 -0400] "POST //xmlrpc.php HTTP/1.1" 200 6248 "-" "Mozilla/5.0 (Windows NT 10.0; Win64; x64) AppleWebKit/537.36 (KHTML, like Gecko) Chrome/88.0.4240.193 Safari/537.36"
140.238.158.64 - - [07/Jul/2021:10:48:03 -0400] "POST //xmlrpc.php HTTP/1.1" 200 6248 "-" "Mozilla/5.0 (Windows NT 10.0; Win64; x64) AppleWebKit/537.36 (KHTML, like Gecko) Chrome/88.0.4240.193 Safari/537.36"
140.238.158.64 - - [07/Jul/2021:10:48:04 -0400] "POST //xmlrpc.php HTTP/1.1" 200 6248 "-" "Mozilla/5.0 (Windows NT 10.0; Win64; x64) AppleWebKit/537.36 (KHTML, like Gecko) Chrome/88.0.4240.193 Safari/537.36"
140.238.158.64 - - [07/Jul/2021:10:48:04 -0400] "POST //xmlrpc.php HTTP/1.1" 200 6248 "-" "Mozilla/5.0 (Windows NT 10.0; Win64; x64) AppleWebKit/537.36 (KHTML, like Gecko) Chrome/88.0.4240.193 Safari/537.36"
140.238.158.64 - - [07/Jul/2021:10:48:05 -0400] "POST //xmlrpc.php HTTP/1.1" 200 6248 "-" "Mozilla/5.0 (Windows NT 10.0; Win64; x64) AppleWebKit/537.36 (KHTML, like Gecko) Chrome/88.0.4240.193 Safari/537.36"
140.238.158.64 - - [07/Jul/2021:10:48:06 -0400] "POST //xmlrpc.php HTTP/1.1" 200 6248 "-" "Mozilla/5.0 (Windows NT 10.0; Win64; x64) AppleWebKit/537.36 (KHTML, like Gecko) Chrome/88.0.4240.193 Safari/537.36"
140.238.158.64 - - [07/Jul/2021:10:48:06 -0400] "POST //xmlrpc.php HTTP/1.1" 200 6248 "-" "Mozilla/5.0 (Windows NT 10.0; Win64; x64) AppleWebKit/537.36 (KHTML, like Gecko) Chrome/88.0.4240.193 Safari/537.36"
140.238.158.64 - - [07/Jul/2021:10:48:06 -0400] "POST //xmlrpc.php HTTP/1.1" 200 6248 "-" "Mozilla/5.0 (Windows NT 10.0; Win64; x64) AppleWebKit/537.36 (KHTML, like Gecko) Chrome/88.0.4240.193 Safari/537.36"
140.238.158.64 - - [07/Jul/2021:10:48:07 -0400] "POST //xmlrpc.php HTTP/1.1" 200 6248 "-" "Mozilla/5.0 (Windows NT 10.0; Win64; x64) AppleWebKit/537.36 (KHTML, like Gecko) Chrome/88.0.4240.193 Safari/537.36"
140.238.158.64 - - [07/Jul/2021:10:48:07 -0400] "POST //xmlrpc.php HTTP/1.1" 200 6248 "-" "Mozilla/5.0 (Windows NT 10.0; Win64; x64) AppleWebKit/537.36 (KHTML, like Gecko) Chrome/88.0.4240.193 Safari/537.36"
