52.3.231.210 - - [28/Jun/2021:07:54:31 -0400] "GET /wp-includes/js/jquery/jquery-migrate.min.js?ver=3.3.2 HTTP/1.1" 200 9921 "https://angelsonhighstreet.com/" "Mozilla/5.0 (X11; Linux x86_64) AppleWebKit/602.1 (KHTML, like Gecko) splash Version/10.0 Safari/602.1"
52.3.231.210 - - [28/Jun/2021:07:54:31 -0400] "GET /wp-content/plugins/contact-form-7/includes/js/index.js?ver=5.4.1 HTTP/1.1" 200 4484 "https://angelsonhighstreet.com/" "Mozilla/5.0 (X11; Linux x86_64) AppleWebKit/602.1 (KHTML, like Gecko) splash Version/10.0 Safari/602.1"
52.3.231.210 - - [28/Jun/2021:07:54:31 -0400] "GET /wp-content/plugins/age-gate/public/js/age-gate-shortcode.js?ver=2.15.0 HTTP/1.1" 200 2732 "https://angelsonhighstreet.com/" "Mozilla/5.0 (X11; Linux x86_64) AppleWebKit/602.1 (KHTML, like Gecko) splash Version/10.0 Safari/602.1"
52.3.231.210 - - [28/Jun/2021:07:54:31 -0400] "GET /wp-content/plugins/age-gate/public/js/age-gate-public-tab.js?ver=2.15.0 HTTP/1.1" 200 6141 "https://angelsonhighstreet.com/" "Mozilla/5.0 (X11; Linux x86_64) AppleWebKit/602.1 (KHTML, like Gecko) splash Version/10.0 Safari/602.1"
52.3.231.210 - - [28/Jun/2021:07:54:31 -0400] "GET /wp-content/plugins/age-gate/public/js/age-gate-public.js?ver=2.15.0 HTTP/1.1" 200 12009 "https://angelsonhighstreet.com/" "Mozilla/5.0 (X11; Linux x86_64) AppleWebKit/602.1 (KHTML, like Gecko) splash Version/10.0 Safari/602.1"
52.3.231.210 - - [28/Jun/2021:07:54:31 -0400] "GET /wp-includes/js/dist/vendor/wp-polyfill.min.js?ver=7.4.4 HTTP/1.1" 200 34810 "https://angelsonhighstreet.com/" "Mozilla/5.0 (X11; Linux x86_64) AppleWebKit/602.1 (KHTML, like Gecko) splash Version/10.0 Safari/602.1"
52.3.231.210 - - [28/Jun/2021:07:54:31 -0400] "GET /wp-content/plugins/revslider/public/assets/js/rbtools.min.js?ver=6.3.3 HTTP/1.1" 200 46697 "https://angelsonhighstreet.com/" "Mozilla/5.0 (X11; Linux x86_64) AppleWebKit/602.1 (KHTML, like Gecko) splash Version/10.0 Safari/602.1"
52.3.231.210 - - [28/Jun/2021:07:54:31 -0400] "GET /wp-content/plugins/woocommerce/assets/js/jquery-blockui/jquery.blockUI.min.js?ver=2.70 HTTP/1.1" 200 3961 "https://angelsonhighstreet.com/" "Mozilla/5.0 (X11; Linux x86_64) AppleWebKit/602.1 (KHTML, like Gecko) splash Version/10.0 Safari/602.1"
52.3.231.210 - - [28/Jun/2021:07:54:32 -0400] "GET /wp-content/plugins/woocommerce/assets/js/frontend/add-to-cart.min.js?ver=5.3.0 HTTP/1.1" 200 1522 "https://angelsonhighstreet.com/" "Mozilla/5.0 (X11; Linux x86_64) AppleWebKit/602.1 (KHTML, like Gecko) splash Version/10.0 Safari/602.1"
52.3.231.210 - - [28/Jun/2021:07:54:32 -0400] "GET /wp-content/plugins/woocommerce/assets/js/js-cookie/js.cookie.min.js?ver=2.1.4 HTTP/1.1" 200 1417 "https://angelsonhighstreet.com/" "Mozilla/5.0 (X11; Linux x86_64) AppleWebKit/602.1 (KHTML, like Gecko) splash Version/10.0 Safari/602.1"
52.3.231.210 - - [28/Jun/2021:07:54:32 -0400] "GET /wp-content/plugins/woocommerce/assets/js/frontend/woocommerce.min.js?ver=5.3.0 HTTP/1.1" 200 1222 "https://angelsonhighstreet.com/" "Mozilla/5.0 (X11; Linux x86_64) AppleWebKit/602.1 (KHTML, like Gecko) splash Version/10.0 Safari/602.1"
52.3.231.210 - - [28/Jun/2021:07:54:32 -0400] "GET /wp-content/plugins/woocommerce/assets/js/frontend/cart-fragments.min.js?ver=5.3.0 HTTP/1.1" 200 1475 "https://angelsonhighstreet.com/" "Mozilla/5.0 (X11; Linux x86_64) AppleWebKit/602.1 (KHTML, like Gecko) splash Version/10.0 Safari/602.1"
52.3.231.210 - - [28/Jun/2021:07:54:32 -0400] "GET /wp-includes/js/wp-embed.min.js?ver=5.7.2 HTTP/1.1" 200 1200 "https://angelsonhighstreet.com/" "Mozilla/5.0 (X11; Linux x86_64) AppleWebKit/602.1 (KHTML, like Gecko) splash Version/10.0 Safari/602.1"
52.3.231.210 - - [28/Jun/2021:07:54:31 -0400] "GET /wp-content/plugins/revslider/public/assets/js/rs6.min.js?ver=6.3.3 HTTP/1.1" 200 86331 "https://angelsonhighstreet.com/" "Mozilla/5.0 (X11; Linux x86_64) AppleWebKit/602.1 (KHTML, like Gecko) splash Version/10.0 Safari/602.1"
52.3.231.210 - - [28/Jun/2021:07:54:32 -0400] "GET /wp-content/uploads/fusion-scripts/250c2b9f76b9189f0607771277c32ada.min.js?ver=3.2.1 HTTP/1.1" 200 122595 "https://angelsonhighstreet.com/" "Mozilla/5.0 (X11; Linux x86_64) AppleWebKit/602.1 (KHTML, like Gecko) splash Version/10.0 Safari/602.1"
52.3.231.210 - - [28/Jun/2021:07:54:32 -0400] "GET /wp-includes/js/dist/vendor/wp-polyfill-fetch.min.js?ver=3.0.0 HTTP/1.1" 200 3236 "https://angelsonhighstreet.com/" "Mozilla/5.0 (X11; Linux x86_64) AppleWebKit/602.1 (KHTML, like Gecko) splash Version/10.0 Safari/602.1"
52.3.231.210 - - [28/Jun/2021:07:54:32 -0400] "GET /wp-includes/js/dist/vendor/wp-polyfill-dom-rect.min.js?ver=3.42.0 HTTP/1.1" 200 765 "https://angelsonhighstreet.com/" "Mozilla/5.0 (X11; Linux x86_64) AppleWebKit/602.1 (KHTML, like Gecko) splash Version/10.0 Safari/602.1"
52.3.231.210 - - [28/Jun/2021:07:54:32 -0400] "GET /wp-includes/js/dist/vendor/wp-polyfill-url.min.js?ver=3.6.4 HTTP/1.1" 200 14074 "https://angelsonhighstreet.com/" "Mozilla/5.0 (X11; Linux x86_64) AppleWebKit/602.1 (KHTML, like Gecko) splash Version/10.0 Safari/602.1"
52.3.231.210 - - [28/Jun/2021:07:54:32 -0400] "GET /wp-includes/js/dist/vendor/wp-polyfill-formdata.min.js?ver=3.0.12 HTTP/1.1" 200 3234 "https://angelsonhighstreet.com/" "Mozilla/5.0 (X11; Linux x86_64) AppleWebKit/602.1 (KHTML, like Gecko) splash Version/10.0 Safari/602.1"
52.3.231.210 - - [28/Jun/2021:07:54:32 -0400] "POST /?wc-ajax=get_refreshed_fragments HTTP/1.1" 200 874 "https://angelsonhighstreet.com/" "Mozilla/5.0 (X11; Linux x86_64) AppleWebKit/602.1 (KHTML, like Gecko) splash Version/10.0 Safari/602.1"
204.48.19.85 - - [28/Jun/2021:07:55:43 -0400] "POST /wp-cron.php?doing_wp_cron=1624881343.9467430114746093750000 HTTP/1.1" 200 5548 "https://angelsonhighstreet.com/wp-cron.php?doing_wp_cron=1624881343.9467430114746093750000" "WordPress/5.7.2; https://angelsonhighstreet.com"
54.36.148.117 - - [28/Jun/2021:07:55:43 -0400] "GET /product-category/oils?product_order=desc&product_orderby=date&product_count=32 HTTP/1.1" 200 20458 "-" "Mozilla/5.0 (compatible; AhrefsBot/7.0; +http://ahrefs.com/robot/)"
204.48.19.85 - - [28/Jun/2021:07:58:48 -0400] "POST /wp-cron.php?doing_wp_cron=1624881528.9128720760345458984375 HTTP/1.1" 200 5548 "https://angelsonhighstreet.com/wp-cron.php?doing_wp_cron=1624881528.9128720760345458984375" "WordPress/5.7.2; https://angelsonhighstreet.com"
185.191.171.37 - - [28/Jun/2021:07:58:48 -0400] "GET /robots.txt HTTP/1.1" 200 5752 "-" "Mozilla/5.0 (compatible; SemrushBot/7~bl; +http://www.semrush.com/bot.html)"
185.191.171.36 - - [28/Jun/2021:07:58:49 -0400] "GET /product-category/salves?product_count=48&product_order=asc&product_orderby=popularity HTTP/1.1" 200 20407 "-" "Mozilla/5.0 (compatible; SemrushBot/7~bl; +http://www.semrush.com/bot.html)"
204.48.19.85 - - [28/Jun/2021:07:59:33 -0400] "POST /wp-cron.php?doing_wp_cron=1624881573.4089949131011962890625 HTTP/1.1" 200 5548 "https://angelsonhighstreet.com/wp-cron.php?doing_wp_cron=1624881573.4089949131011962890625" "WordPress/5.7.2; https://angelsonhighstreet.com"
54.36.149.18 - - [28/Jun/2021:07:59:28 -0400] "GET /product-category/oils?product_order=desc&product_orderby=date&product_count=48 HTTP/1.1" 200 20428 "-" "Mozilla/5.0 (compatible; AhrefsBot/7.0; +http://ahrefs.com/robot/)"
178.62.79.87 - - [28/Jun/2021:07:59:49 -0400] "POST /wp-login.php HTTP/1.1" 200 8134 "-" "Mozilla/5.0 (Windows NT 10.0; WOW64) AppleWebKit/537.36 (KHTML, like Gecko) Chrome/53.0.2785.143 Safari/537.36"
204.48.19.85 - - [28/Jun/2021:08:03:23 -0400] "POST /wp-cron.php?doing_wp_cron=1624881803.5337500572204589843750 HTTP/1.1" 200 5548 "https://angelsonhighstreet.com/wp-cron.php?doing_wp_cron=1624881803.5337500572204589843750" "WordPress/5.7.2; https://angelsonhighstreet.com"
54.36.148.81 - - [28/Jun/2021:08:03:23 -0400] "GET /product-category/oils?product_count=48&product_order=desc&product_orderby=default HTTP/1.1" 200 20459 "-" "Mozilla/5.0 (compatible; AhrefsBot/7.0; +http://ahrefs.com/robot/)"
204.48.19.85 - - [28/Jun/2021:08:07:07 -0400] "POST /wp-cron.php?doing_wp_cron=1624882027.6047298908233642578125 HTTP/1.1" 200 5548 "https://angelsonhighstreet.com/wp-cron.php?doing_wp_cron=1624882027.6047298908233642578125" "WordPress/5.7.2; https://angelsonhighstreet.com"
54.36.148.163 - - [28/Jun/2021:08:07:07 -0400] "GET /product-category/oils?product_count=48&product_order=desc&product_orderby=name HTTP/1.1" 200 20462 "-" "Mozilla/5.0 (compatible; AhrefsBot/7.0; +http://ahrefs.com/robot/)"
72.167.225.115 - - [28/Jun/2021:08:07:23 -0400] "POST /wp-login.php HTTP/1.1" 200 8138 "-" "Mozilla/5.0 (Windows NT 6.1; WOW64) AppleWebKit/537.36 (KHTML, like Gecko) Chrome/32.0.1700.107 Safari/537.36"
204.48.19.85 - - [28/Jun/2021:08:10:59 -0400] "POST /wp-cron.php?doing_wp_cron=1624882259.3591620922088623046875 HTTP/1.1" 200 5548 "https://angelsonhighstreet.com/wp-cron.php?doing_wp_cron=1624882259.3591620922088623046875" "WordPress/5.7.2; https://angelsonhighstreet.com"
54.36.148.144 - - [28/Jun/2021:08:10:59 -0400] "GET /product-category/oils?product_order=desc&product_orderby=name&product_count=48 HTTP/1.1" 200 20434 "-" "Mozilla/5.0 (compatible; AhrefsBot/7.0; +http://ahrefs.com/robot/)"
204.48.19.85 - - [28/Jun/2021:08:13:32 -0400] "POST /wp-cron.php?doing_wp_cron=1624882412.4927670955657958984375 HTTP/1.1" 200 5548 "https://angelsonhighstreet.com/wp-cron.php?doing_wp_cron=1624882412.4927670955657958984375" "WordPress/5.7.2; https://angelsonhighstreet.com"
185.191.171.43 - - [28/Jun/2021:08:13:32 -0400] "GET /product-category/salves?product_count=48&product_order=asc&product_orderby=date&product_view=grid HTTP/1.1" 200 20653 "-" "Mozilla/5.0 (compatible; SemrushBot/7~bl; +http://www.semrush.com/bot.html)"
204.48.19.85 - - [28/Jun/2021:08:14:41 -0400] "POST /wp-cron.php?doing_wp_cron=1624882481.8812789916992187500000 HTTP/1.1" 200 5548 "https://angelsonhighstreet.com/wp-cron.php?doing_wp_cron=1624882481.8812789916992187500000" "WordPress/5.7.2; https://angelsonhighstreet.com"
54.36.149.10 - - [28/Jun/2021:08:14:41 -0400] "GET /product-category/salves?product_orderby=price&product_view=grid&product_order=desc&product_count=32 HTTP/1.1" 200 20683 "-" "Mozilla/5.0 (compatible; AhrefsBot/7.0; +http://ahrefs.com/robot/)"
204.48.19.85 - - [28/Jun/2021:08:18:31 -0400] "POST /wp-cron.php?doing_wp_cron=1624882711.3804309368133544921875 HTTP/1.1" 200 5548 "https://angelsonhighstreet.com/wp-cron.php?doing_wp_cron=1624882711.3804309368133544921875" "WordPress/5.7.2; https://angelsonhighstreet.com"
54.36.148.80 - - [28/Jun/2021:08:18:31 -0400] "GET /product-category/salves?product_orderby=popularity&product_view=grid&product_order=asc&product_count=48 HTTP/1.1" 200 20686 "-" "Mozilla/5.0 (compatible; AhrefsBot/7.0; +http://ahrefs.com/robot/)"
204.48.19.85 - - [28/Jun/2021:08:22:37 -0400] "POST /wp-cron.php?doing_wp_cron=1624882957.8214099407196044921875 HTTP/1.1" 200 5548 "https://angelsonhighstreet.com/wp-cron.php?doing_wp_cron=1624882957.8214099407196044921875" "WordPress/5.7.2; https://angelsonhighstreet.com"
54.36.149.18 - - [28/Jun/2021:08:22:37 -0400] "GET /product-category/salves?product_orderby=popularity&product_count=32&product_order=asc&product_view=list HTTP/1.1" 200 20592 "-" "Mozilla/5.0 (compatible; AhrefsBot/7.0; +http://ahrefs.com/robot/)"
204.48.19.85 - - [28/Jun/2021:08:26:26 -0400] "POST /wp-cron.php?doing_wp_cron=1624883186.0035281181335449218750 HTTP/1.1" 200 5548 "https://angelsonhighstreet.com/wp-cron.php?doing_wp_cron=1624883186.0035281181335449218750" "WordPress/5.7.2; https://angelsonhighstreet.com"
54.36.149.16 - - [28/Jun/2021:08:26:25 -0400] "GET /product-category/salves?product_count=48&product_orderby=rating&product_order=asc&product_view=list HTTP/1.1" 200 20583 "-" "Mozilla/5.0 (compatible; AhrefsBot/7.0; +http://ahrefs.com/robot/)"
204.48.19.85 - - [28/Jun/2021:08:30:04 -0400] "POST /wp-cron.php?doing_wp_cron=1624883404.1451199054718017578125 HTTP/1.1" 200 5548 "https://angelsonhighstreet.com/wp-cron.php?doing_wp_cron=1624883404.1451199054718017578125" "WordPress/5.7.2; https://angelsonhighstreet.com"
54.36.149.18 - - [28/Jun/2021:08:30:03 -0400] "GET /product-category/salves?product_view=list&product_orderby=rating&product_count=32 HTTP/1.1" 200 20855 "-" "Mozilla/5.0 (compatible; AhrefsBot/7.0; +http://ahrefs.com/robot/)"
204.48.19.85 - - [28/Jun/2021:08:33:55 -0400] "POST /wp-cron.php?doing_wp_cron=1624883635.5777459144592285156250 HTTP/1.1" 200 5548 "https://angelsonhighstreet.com/wp-cron.php?doing_wp_cron=1624883635.5777459144592285156250" "WordPress/5.7.2; https://angelsonhighstreet.com"
54.36.148.233 - - [28/Jun/2021:08:33:55 -0400] "GET /product-category/oils?product_count=16&product_view=grid&product_order=asc HTTP/1.1" 200 20442 "-" "Mozilla/5.0 (compatible; AhrefsBot/7.0; +http://ahrefs.com/robot/)"
204.48.19.85 - - [28/Jun/2021:08:37:47 -0400] "POST /wp-cron.php?doing_wp_cron=1624883867.6259160041809082031250 HTTP/1.1" 200 5548 "https://angelsonhighstreet.com/wp-cron.php?doing_wp_cron=1624883867.6259160041809082031250" "WordPress/5.7.2; https://angelsonhighstreet.com"
54.36.149.37 - - [28/Jun/2021:08:37:47 -0400] "GET /product-category/salves?product_view=list&product_orderby=date&product_order=desc HTTP/1.1" 200 20840 "-" "Mozilla/5.0 (compatible; AhrefsBot/7.0; +http://ahrefs.com/robot/)"
204.48.19.85 - - [28/Jun/2021:08:41:51 -0400] "POST /wp-cron.php?doing_wp_cron=1624884111.1494638919830322265625 HTTP/1.1" 200 5548 "https://angelsonhighstreet.com/wp-cron.php?doing_wp_cron=1624884111.1494638919830322265625" "WordPress/5.7.2; https://angelsonhighstreet.com"
54.36.148.182 - - [28/Jun/2021:08:41:51 -0400] "GET /product-category/oils?product_count=48&product_order=desc&product_orderby=price HTTP/1.1" 200 20442 "-" "Mozilla/5.0 (compatible; AhrefsBot/7.0; +http://ahrefs.com/robot/)"
204.48.19.85 - - [28/Jun/2021:08:45:45 -0400] "POST /wp-cron.php?doing_wp_cron=1624884345.2426259517669677734375 HTTP/1.1" 200 5548 "https://angelsonhighstreet.com/wp-cron.php?doing_wp_cron=1624884345.2426259517669677734375" "WordPress/5.7.2; https://angelsonhighstreet.com"
54.36.149.34 - - [28/Jun/2021:08:45:44 -0400] "GET /product-category/oils?product_count=48&product_order=desc&product_orderby=date HTTP/1.1" 200 20450 "-" "Mozilla/5.0 (compatible; AhrefsBot/7.0; +http://ahrefs.com/robot/)"
204.48.19.85 - - [28/Jun/2021:08:46:45 -0400] "POST /wp-cron.php?doing_wp_cron=1624884405.8744020462036132812500 HTTP/1.1" 200 5548 "https://angelsonhighstreet.com/wp-cron.php?doing_wp_cron=1624884405.8744020462036132812500" "WordPress/5.7.2; https://angelsonhighstreet.com"
185.191.171.21 - - [28/Jun/2021:08:46:45 -0400] "GET /product-category/oils?product_count=48&product_orderby=rating&product_view=grid HTTP/1.1" 200 20430 "-" "Mozilla/5.0 (compatible; SemrushBot/7~bl; +http://www.semrush.com/bot.html)"
204.48.19.85 - - [28/Jun/2021:08:49:51 -0400] "POST /wp-cron.php?doing_wp_cron=1624884591.5537550449371337890625 HTTP/1.1" 200 5548 "https://angelsonhighstreet.com/wp-cron.php?doing_wp_cron=1624884591.5537550449371337890625" "WordPress/5.7.2; https://angelsonhighstreet.com"
54.36.149.18 - - [28/Jun/2021:08:49:51 -0400] "GET /product-category/salves?product_view=list&product_orderby=popularity&product_order=desc HTTP/1.1" 200 20869 "-" "Mozilla/5.0 (compatible; AhrefsBot/7.0; +http://ahrefs.com/robot/)"
204.48.19.85 - - [28/Jun/2021:08:54:15 -0400] "POST /wp-cron.php?doing_wp_cron=1624884855.1349389553070068359375 HTTP/1.1" 200 5548 "https://angelsonhighstreet.com/wp-cron.php?doing_wp_cron=1624884855.1349389553070068359375" "WordPress/5.7.2; https://angelsonhighstreet.com"
54.36.148.178 - - [28/Jun/2021:08:54:14 -0400] "GET /product-category/salves?product_view=list&product_orderby=name&product_order=asc HTTP/1.1" 200 20843 "-" "Mozilla/5.0 (compatible; AhrefsBot/7.0; +http://ahrefs.com/robot/)"
204.48.19.85 - - [28/Jun/2021:08:56:34 -0400] "POST /wp-cron.php?doing_wp_cron=1624884994.3474791049957275390625 HTTP/1.1" 200 5548 "https://angelsonhighstreet.com/wp-cron.php?doing_wp_cron=1624884994.3474791049957275390625" "WordPress/5.7.2; https://angelsonhighstreet.com"
47.99.54.166 - - [28/Jun/2021:08:56:34 -0400] "POST /wp-login.php HTTP/1.1" 200 8132 "-" "Mozilla/5.0 (Windows NT 6.1; WOW64) AppleWebKit/537.36 (KHTML, like Gecko) Chrome/48.0.2564.109 Safari/537.36"
204.48.19.85 - - [28/Jun/2021:08:58:37 -0400] "POST /wp-cron.php?doing_wp_cron=1624885117.6057360172271728515625 HTTP/1.1" 200 5548 "https://angelsonhighstreet.com/wp-cron.php?doing_wp_cron=1624885117.6057360172271728515625" "WordPress/5.7.2; https://angelsonhighstreet.com"
54.36.148.195 - - [28/Jun/2021:08:58:37 -0400] "GET /product-category/salves?product_view=list&product_orderby=price&product_order=asc HTTP/1.1" 200 20851 "-" "Mozilla/5.0 (compatible; AhrefsBot/7.0; +http://ahrefs.com/robot/)"
204.48.19.85 - - [28/Jun/2021:09:02:37 -0400] "POST /wp-cron.php?doing_wp_cron=1624885357.6795809268951416015625 HTTP/1.1" 200 5548 "https://angelsonhighstreet.com/wp-cron.php?doing_wp_cron=1624885357.6795809268951416015625" "WordPress/5.7.2; https://angelsonhighstreet.com"
54.36.149.18 - - [28/Jun/2021:09:02:37 -0400] "GET /product-category/oils?product_count=48&product_order=desc&product_orderby=popularity HTTP/1.1" 200 20435 "-" "Mozilla/5.0 (compatible; AhrefsBot/7.0; +http://ahrefs.com/robot/)"
204.48.19.85 - - [28/Jun/2021:09:06:31 -0400] "POST /wp-cron.php?doing_wp_cron=1624885591.7822830677032470703125 HTTP/1.1" 200 5548 "https://angelsonhighstreet.com/wp-cron.php?doing_wp_cron=1624885591.7822830677032470703125" "WordPress/5.7.2; https://angelsonhighstreet.com"
54.36.149.37 - - [28/Jun/2021:09:06:31 -0400] "GET /product-category/salves?product_order=desc&product_count=16&product_orderby=default HTTP/1.1" 200 20431 "-" "Mozilla/5.0 (compatible; AhrefsBot/7.0; +http://ahrefs.com/robot/)"
204.48.19.85 - - [28/Jun/2021:09:08:25 -0400] "POST /wp-cron.php?doing_wp_cron=1624885705.8507270812988281250000 HTTP/1.1" 200 5548 "https://angelsonhighstreet.com/wp-cron.php?doing_wp_cron=1624885705.8507270812988281250000" "WordPress/5.7.2; https://angelsonhighstreet.com"
185.191.171.43 - - [28/Jun/2021:09:08:25 -0400] "GET /robots.txt HTTP/1.1" 200 5752 "-" "Mozilla/5.0 (compatible; SemrushBot/7~bl; +http://www.semrush.com/bot.html)"
185.191.171.11 - - [28/Jun/2021:09:08:29 -0400] "GET /product-category/salves?product_count=16&product_order=asc&product_orderby=price&product_view=grid HTTP/1.1" 200 20657 "-" "Mozilla/5.0 (compatible; SemrushBot/7~bl; +http://www.semrush.com/bot.html)"
204.48.19.85 - - [28/Jun/2021:09:10:23 -0400] "POST /wp-cron.php?doing_wp_cron=1624885823.4803190231323242187500 HTTP/1.1" 200 5548 "https://angelsonhighstreet.com/wp-cron.php?doing_wp_cron=1624885823.4803190231323242187500" "WordPress/5.7.2; https://angelsonhighstreet.com"
54.36.149.18 - - [28/Jun/2021:09:10:23 -0400] "GET /product-category/oils?product_orderby=date&product_order=desc&product_count=32 HTTP/1.1" 200 20458 "-" "Mozilla/5.0 (compatible; AhrefsBot/7.0; +http://ahrefs.com/robot/)"
204.48.19.85 - - [28/Jun/2021:09:11:11 -0400] "POST /wp-cron.php?doing_wp_cron=1624885871.6455700397491455078125 HTTP/1.1" 200 5548 "https://angelsonhighstreet.com/wp-cron.php?doing_wp_cron=1624885871.6455700397491455078125" "WordPress/5.7.2; https://angelsonhighstreet.com"
185.191.171.44 - - [28/Jun/2021:09:11:11 -0400] "GET /product-category/oils?product_count=48&product_order=asc&product_orderby=price&product_view=grid HTTP/1.1" 200 20438 "-" "Mozilla/5.0 (compatible; SemrushBot/7~bl; +http://www.semrush.com/bot.html)"
204.48.19.85 - - [28/Jun/2021:09:14:10 -0400] "POST /wp-cron.php?doing_wp_cron=1624886050.7379610538482666015625 HTTP/1.1" 200 5548 "https://angelsonhighstreet.com/wp-cron.php?doing_wp_cron=1624886050.7379610538482666015625" "WordPress/5.7.2; https://angelsonhighstreet.com"
54.36.148.5 - - [28/Jun/2021:09:14:10 -0400] "GET /product-category/oils?product_order=desc&product_orderby=price&product_count=16 HTTP/1.1" 200 20446 "-" "Mozilla/5.0 (compatible; AhrefsBot/7.0; +http://ahrefs.com/robot/)"
204.48.19.85 - - [28/Jun/2021:09:18:19 -0400] "POST /wp-cron.php?doing_wp_cron=1624886299.3841509819030761718750 HTTP/1.1" 200 5548 "https://angelsonhighstreet.com/wp-cron.php?doing_wp_cron=1624886299.3841509819030761718750" "WordPress/5.7.2; https://angelsonhighstreet.com"
54.36.149.18 - - [28/Jun/2021:09:18:19 -0400] "GET /product-category/oils?product_order=desc&product_orderby=popularity&product_count=16 HTTP/1.1" 200 20463 "-" "Mozilla/5.0 (compatible; AhrefsBot/7.0; +http://ahrefs.com/robot/)"
204.48.19.85 - - [28/Jun/2021:09:19:24 -0400] "POST /wp-cron.php?doing_wp_cron=1624886364.6721498966217041015625 HTTP/1.1" 200 5548 "https://angelsonhighstreet.com/wp-cron.php?doing_wp_cron=1624886364.6721498966217041015625" "WordPress/5.7.2; https://angelsonhighstreet.com"
91.90.123.46 - - [28/Jun/2021:09:19:24 -0400] "GET /contact-us HTTP/1.0" 200 66822 "https://angelsonhighstreet.com/contact-us" "Mozilla/5.0 (Windows NT 10.0; Win64; x64) AppleWebKit/537.36 (KHTML, like Gecko) Chrome/83.0.4103.61 Safari/537.36/iYA9HebN-7"
91.90.123.46 - - [28/Jun/2021:09:19:25 -0400] "POST /contact-us HTTP/1.0" 200 67354 "https://angelsonhighstreet.com/contact-us" "Mozilla/5.0 (Windows NT 10.0; Win64; x64) AppleWebKit/537.36 (KHTML, like Gecko) Chrome/83.0.4103.61 Safari/537.36/iYA9HebN-7"
204.48.19.85 - - [28/Jun/2021:09:20:53 -0400] "POST /wp-cron.php?doing_wp_cron=1624886453.5862870216369628906250 HTTP/1.1" 200 5548 "https://angelsonhighstreet.com/wp-cron.php?doing_wp_cron=1624886453.5862870216369628906250" "WordPress/5.7.2; https://angelsonhighstreet.com"
185.25.48.30 - - [28/Jun/2021:09:20:53 -0400] "GET / HTTP/1.1" 200 115183 "-" "Mozilla/5.0 (Macintosh; U; PPC Mac OS X 10_5_3) AppleWebKit/5342 (KHTML, like Gecko) Chrome/38.0.812.0 Mobile Safari/5342"
185.25.48.30 - - [28/Jun/2021:09:20:54 -0400] "POST / HTTP/1.1" 200 115398 "-" "Mozilla/5.0 (Macintosh; U; PPC Mac OS X 10_5_3) AppleWebKit/5342 (KHTML, like Gecko) Chrome/38.0.812.0 Mobile Safari/5342"
185.25.48.30 - - [28/Jun/2021:09:20:55 -0400] "GET /affiliate-home/affiliate-register HTTP/1.1" 200 85262 "-" "Mozilla/5.0 (Macintosh; U; PPC Mac OS X 10_5_3) AppleWebKit/5342 (KHTML, like Gecko) Chrome/38.0.812.0 Mobile Safari/5342"
185.25.48.30 - - [28/Jun/2021:09:20:56 -0400] "POST /affiliate-home/affiliate-register HTTP/1.1" 200 68617 "-" "Mozilla/5.0 (Macintosh; U; PPC Mac OS X 10_5_3) AppleWebKit/5342 (KHTML, like Gecko) Chrome/38.0.812.0 Mobile Safari/5342"
204.48.19.85 - - [28/Jun/2021:09:20:57 -0400] "POST /wp-cron.php?doing_wp_cron=1624886457.1718239784240722656250 HTTP/1.1" 200 5548 "https://angelsonhighstreet.com/wp-cron.php?doing_wp_cron=1624886457.1718239784240722656250" "WordPress/5.7.2; https://angelsonhighstreet.com"
185.25.48.30 - - [28/Jun/2021:09:20:56 -0400] "GET /contact-us HTTP/1.1" 200 67512 "-" "Mozilla/5.0 (Macintosh; U; PPC Mac OS X 10_5_3) AppleWebKit/5342 (KHTML, like Gecko) Chrome/38.0.812.0 Mobile Safari/5342"
185.25.48.30 - - [28/Jun/2021:09:20:57 -0400] "POST /contact-us HTTP/1.1" 200 67788 "-" "Mozilla/5.0 (Macintosh; U; PPC Mac OS X 10_5_3) AppleWebKit/5342 (KHTML, like Gecko) Chrome/38.0.812.0 Mobile Safari/5342"
204.48.19.85 - - [28/Jun/2021:09:22:18 -0400] "POST /wp-cron.php?doing_wp_cron=1624886538.7103440761566162109375 HTTP/1.1" 200 5548 "https://angelsonhighstreet.com/wp-cron.php?doing_wp_cron=1624886538.7103440761566162109375" "WordPress/5.7.2; https://angelsonhighstreet.com"
54.36.148.215 - - [28/Jun/2021:09:22:18 -0400] "GET /product-category/salves?product_count=16&product_order=desc&product_orderby=popularity HTTP/1.1" 200 20692 "-" "Mozilla/5.0 (compatible; AhrefsBot/7.0; +http://ahrefs.com/robot/)"
204.48.19.85 - - [28/Jun/2021:09:26:38 -0400] "POST /wp-cron.php?doing_wp_cron=1624886798.7733409404754638671875 HTTP/1.1" 200 5548 "https://angelsonhighstreet.com/wp-cron.php?doing_wp_cron=1624886798.7733409404754638671875" "WordPress/5.7.2; https://angelsonhighstreet.com"
54.36.148.193 - - [28/Jun/2021:09:26:38 -0400] "GET /product-category/oils?product_orderby=default&product_order=desc&product_count=48 HTTP/1.1" 200 20452 "-" "Mozilla/5.0 (compatible; AhrefsBot/7.0; +http://ahrefs.com/robot/)"
204.48.19.85 - - [28/Jun/2021:09:29:28 -0400] "POST /wp-cron.php?doing_wp_cron=1624886968.0034909248352050781250 HTTP/1.1" 200 5548 "https://angelsonhighstreet.com/wp-cron.php?doing_wp_cron=1624886968.0034909248352050781250" "WordPress/5.7.2; https://angelsonhighstreet.com"
157.55.39.166 - - [28/Jun/2021:09:29:27 -0400] "GET /shop-full-width?add-to-cart=19951&product_orderby=name&product_count=16 HTTP/1.1" 200 20750 "-" "Mozilla/5.0 (compatible; bingbot/2.0; +http://www.bing.com/bingbot.htm)"
204.48.19.85 - - [28/Jun/2021:09:31:37 -0400] "POST /wp-cron.php?doing_wp_cron=1624887097.3026940822601318359375 HTTP/1.1" 200 5548 "https://angelsonhighstreet.com/wp-cron.php?doing_wp_cron=1624887097.3026940822601318359375" "WordPress/5.7.2; https://angelsonhighstreet.com"
54.36.149.18 - - [28/Jun/2021:09:31:37 -0400] "GET /product-category/salves?product_view=list&product_orderby=rating&product_order=desc HTTP/1.1" 200 20854 "-" "Mozilla/5.0 (compatible; AhrefsBot/7.0; +http://ahrefs.com/robot/)"
204.48.19.85 - - [28/Jun/2021:09:36:18 -0400] "POST /wp-cron.php?doing_wp_cron=1624887378.3671610355377197265625 HTTP/1.1" 200 5548 "https://angelsonhighstreet.com/wp-cron.php?doing_wp_cron=1624887378.3671610355377197265625" "WordPress/5.7.2; https://angelsonhighstreet.com"
54.36.149.18 - - [28/Jun/2021:09:36:18 -0400] "GET /product-category/salves?product_view=list&product_orderby=default&product_order=asc HTTP/1.1" 200 20833 "-" "Mozilla/5.0 (compatible; AhrefsBot/7.0; +http://ahrefs.com/robot/)"
185.220.100.253 - - [28/Jun/2021:09:37:47 -0400] "POST /xmlrpc.php HTTP/1.0" 301 615 "-" "Mozilla/5.0 (Macintosh; Intel Mac OS X 11_2_1) AppleWebKit/537.36 (KHTML, like Gecko) Chrome/88.0.4324.182 Safari/537.36"
204.48.19.85 - - [28/Jun/2021:09:37:49 -0400] "POST /wp-cron.php?doing_wp_cron=1624887469.4341859817504882812500 HTTP/1.1" 200 5548 "https://angelsonhighstreet.com/wp-cron.php?doing_wp_cron=1624887469.4341859817504882812500" "WordPress/5.7.2; https://angelsonhighstreet.com"
51.83.131.42 - - [28/Jun/2021:09:37:49 -0400] "POST /xmlrpc.php HTTP/1.0" 403 5345 "-" "Mozilla/5.0 (Macintosh; Intel Mac OS X 11_2_1) AppleWebKit/537.36 (KHTML, like Gecko) Chrome/88.0.4324.182 Safari/537.36"
204.48.19.85 - - [28/Jun/2021:09:40:22 -0400] "POST /wp-cron.php?doing_wp_cron=1624887622.5872790813446044921875 HTTP/1.1" 200 5548 "https://angelsonhighstreet.com/wp-cron.php?doing_wp_cron=1624887622.5872790813446044921875" "WordPress/5.7.2; https://angelsonhighstreet.com"
54.36.149.51 - - [28/Jun/2021:09:40:22 -0400] "GET /product-category/salves?product_count=16&product_order=desc&product_orderby=price HTTP/1.1" 200 20670 "-" "Mozilla/5.0 (compatible; AhrefsBot/7.0; +http://ahrefs.com/robot/)"
204.48.19.85 - - [28/Jun/2021:09:44:17 -0400] "POST /wp-cron.php?doing_wp_cron=1624887857.2262101173400878906250 HTTP/1.1" 200 5548 "https://angelsonhighstreet.com/wp-cron.php?doing_wp_cron=1624887857.2262101173400878906250" "WordPress/5.7.2; https://angelsonhighstreet.com"
54.36.148.52 - - [28/Jun/2021:09:44:17 -0400] "GET /product-category/oils?product_orderby=name&product_order=desc&product_count=32 HTTP/1.1" 200 20462 "-" "Mozilla/5.0 (compatible; AhrefsBot/7.0; +http://ahrefs.com/robot/)"
204.48.19.85 - - [28/Jun/2021:09:45:30 -0400] "POST /wp-cron.php?doing_wp_cron=1624887930.1464600563049316406250 HTTP/1.1" 200 5548 "https://angelsonhighstreet.com/wp-cron.php?doing_wp_cron=1624887930.1464600563049316406250" "WordPress/5.7.2; https://angelsonhighstreet.com"
185.191.171.36 - - [28/Jun/2021:09:45:29 -0400] "GET /shop-full-width?product_count=32&product_order=asc&product_orderby=rating&product_view=grid HTTP/1.1" 200 21098 "-" "Mozilla/5.0 (compatible; SemrushBot/7~bl; +http://www.semrush.com/bot.html)"
204.48.19.85 - - [28/Jun/2021:09:47:55 -0400] "POST /wp-cron.php?doing_wp_cron=1624888075.1611239910125732421875 HTTP/1.1" 200 5548 "https://angelsonhighstreet.com/wp-cron.php?doing_wp_cron=1624888075.1611239910125732421875" "WordPress/5.7.2; https://angelsonhighstreet.com"
54.36.149.18 - - [28/Jun/2021:09:47:54 -0400] "GET /product-category/oils?product_orderby=name&product_order=desc&product_count=16 HTTP/1.1" 200 20427 "-" "Mozilla/5.0 (compatible; AhrefsBot/7.0; +http://ahrefs.com/robot/)"
204.48.19.85 - - [28/Jun/2021:09:50:48 -0400] "POST /wp-cron.php?doing_wp_cron=1624888248.8147408962249755859375 HTTP/1.1" 200 5548 "https://angelsonhighstreet.com/wp-cron.php?doing_wp_cron=1624888248.8147408962249755859375" "WordPress/5.7.2; https://angelsonhighstreet.com"
34.73.194.18 - - [28/Jun/2021:09:50:48 -0400] "GET /robots.txt HTTP/1.0" 200 5055 "-" "ZoominfoBot (zoominfobot at zoominfo dot com)"
34.73.194.18 - - [28/Jun/2021:09:50:49 -0400] "GET /comments/feed HTTP/1.0" 200 3584 "-" "ZoominfoBot (zoominfobot at zoominfo dot com)"
204.48.19.85 - - [28/Jun/2021:09:51:29 -0400] "POST /wp-cron.php?doing_wp_cron=1624888289.0317940711975097656250 HTTP/1.1" 200 5548 "https://angelsonhighstreet.com/wp-cron.php?doing_wp_cron=1624888289.0317940711975097656250" "WordPress/5.7.2; https://angelsonhighstreet.com"
54.36.149.18 - - [28/Jun/2021:09:51:28 -0400] "GET /product-category/oils?product_orderby=price&product_order=desc&product_count=48 HTTP/1.1" 200 20414 "-" "Mozilla/5.0 (compatible; AhrefsBot/7.0; +http://ahrefs.com/robot/)"
204.48.19.85 - - [28/Jun/2021:09:53:17 -0400] "POST /wp-cron.php?doing_wp_cron=1624888397.7973010540008544921875 HTTP/1.1" 200 5548 "https://angelsonhighstreet.com/wp-cron.php?doing_wp_cron=1624888397.7973010540008544921875" "WordPress/5.7.2; https://angelsonhighstreet.com"
34.73.194.18 - - [28/Jun/2021:09:53:17 -0400] "GET /shop/cbg-salve-with-hawiian-haze-terpenes HTTP/1.0" 200 24813 "-" "ZoominfoBot (zoominfobot at zoominfo dot com)"
204.48.19.85 - - [28/Jun/2021:09:55:13 -0400] "POST /wp-cron.php?doing_wp_cron=1624888513.1188650131225585937500 HTTP/1.1" 200 5548 "https://angelsonhighstreet.com/wp-cron.php?doing_wp_cron=1624888513.1188650131225585937500" "WordPress/5.7.2; https://angelsonhighstreet.com"
54.36.149.18 - - [28/Jun/2021:09:55:12 -0400] "GET /product-category/salves?product_order=desc&product_count=16&product_orderby=date HTTP/1.1" 200 20427 "-" "Mozilla/5.0 (compatible; AhrefsBot/7.0; +http://ahrefs.com/robot/)"
204.48.19.85 - - [28/Jun/2021:09:57:23 -0400] "POST /wp-cron.php?doing_wp_cron=1624888643.7655410766601562500000 HTTP/1.1" 200 5548 "https://angelsonhighstreet.com/wp-cron.php?doing_wp_cron=1624888643.7655410766601562500000" "WordPress/5.7.2; https://angelsonhighstreet.com"
34.73.194.18 - - [28/Jun/2021:09:57:23 -0400] "GET /xmlrpc.php?rsd HTTP/1.0" 200 5137 "-" "ZoominfoBot (zoominfobot at zoominfo dot com)"
34.73.194.18 - - [28/Jun/2021:09:57:47 -0400] "GET /cbd-oils HTTP/1.0" 200 19781 "-" "ZoominfoBot (zoominfobot at zoominfo dot com)"
204.48.19.85 - - [28/Jun/2021:09:59:02 -0400] "POST /wp-cron.php?doing_wp_cron=1624888742.8762979507446289062500 HTTP/1.1" 200 5548 "https://angelsonhighstreet.com/wp-cron.php?doing_wp_cron=1624888742.8762979507446289062500" "WordPress/5.7.2; https://angelsonhighstreet.com"
54.36.149.18 - - [28/Jun/2021:09:59:02 -0400] "GET /product-category/oils?product_orderby=default&product_order=asc&product_count=16 HTTP/1.1" 200 20443 "-" "Mozilla/5.0 (compatible; AhrefsBot/7.0; +http://ahrefs.com/robot/)"
204.48.19.85 - - [28/Jun/2021:10:00:18 -0400] "POST /wp-cron.php?doing_wp_cron=1624888818.2237639427185058593750 HTTP/1.1" 200 5548 "https://angelsonhighstreet.com/wp-cron.php?doing_wp_cron=1624888818.2237639427185058593750" "WordPress/5.7.2; https://angelsonhighstreet.com"
178.62.79.87 - - [28/Jun/2021:10:00:18 -0400] "POST /wp-login.php HTTP/1.1" 200 8132 "-" "Mozilla/5.0 (Windows NT 6.3; Win64; x64) AppleWebKit/537.36 (KHTML, like Gecko) Chrome/79.0.3945.130 Safari/537.36"
185.34.33.2 - - [28/Jun/2021:10:01:39 -0400] "POST /xmlrpc.php HTTP/1.0" 301 615 "-" "Mozilla/5.0 (Macintosh; Intel Mac OS X 10_14_6) AppleWebKit/537.36 (KHTML, like Gecko) Chrome/88.0.4324.96 Safari/537.36"
204.48.19.85 - - [28/Jun/2021:10:01:40 -0400] "POST /wp-cron.php?doing_wp_cron=1624888900.8906021118164062500000 HTTP/1.1" 200 5548 "https://angelsonhighstreet.com/wp-cron.php?doing_wp_cron=1624888900.8906021118164062500000" "WordPress/5.7.2; https://angelsonhighstreet.com"
185.34.33.2 - - [28/Jun/2021:10:01:40 -0400] "POST /xmlrpc.php HTTP/1.0" 403 5345 "-" "Mozilla/5.0 (Macintosh; Intel Mac OS X 10_14_6) AppleWebKit/537.36 (KHTML, like Gecko) Chrome/88.0.4324.96 Safari/537.36"
204.48.19.85 - - [28/Jun/2021:10:02:52 -0400] "POST /wp-cron.php?doing_wp_cron=1624888972.5947859287261962890625 HTTP/1.1" 200 5548 "https://angelsonhighstreet.com/wp-cron.php?doing_wp_cron=1624888972.5947859287261962890625" "WordPress/5.7.2; https://angelsonhighstreet.com"
54.36.149.18 - - [28/Jun/2021:10:02:52 -0400] "GET /product-category/salves?product_order=desc&product_count=16&product_orderby=name HTTP/1.1" 200 20431 "-" "Mozilla/5.0 (compatible; AhrefsBot/7.0; +http://ahrefs.com/robot/)"
204.48.19.85 - - [28/Jun/2021:10:04:30 -0400] "POST /wp-cron.php?doing_wp_cron=1624889070.3481559753417968750000 HTTP/1.1" 200 5548 "https://angelsonhighstreet.com/wp-cron.php?doing_wp_cron=1624889070.3481559753417968750000" "WordPress/5.7.2; https://angelsonhighstreet.com"
34.73.194.18 - - [28/Jun/2021:10:04:30 -0400] "GET /shop/700mg-15ml-cbd-oil HTTP/1.0" 200 23510 "-" "ZoominfoBot (zoominfobot at zoominfo dot com)"
185.191.171.15 - - [28/Jun/2021:10:04:48 -0400] "GET /product-category/oils?product_orderby=price&product_view=list HTTP/1.1" 200 20680 "-" "Mozilla/5.0 (compatible; SemrushBot/7~bl; +http://www.semrush.com/bot.html)"
204.48.19.85 - - [28/Jun/2021:10:05:41 -0400] "POST /wp-cron.php?doing_wp_cron=1624889141.5977830886840820312500 HTTP/1.1" 200 5548 "https://angelsonhighstreet.com/wp-cron.php?doing_wp_cron=1624889141.5977830886840820312500" "WordPress/5.7.2; https://angelsonhighstreet.com"
34.73.194.18 - - [28/Jun/2021:10:05:41 -0400] "GET /author/admin HTTP/1.0" 200 20399 "-" "ZoominfoBot (zoominfobot at zoominfo dot com)"
81.88.52.58 - - [28/Jun/2021:10:05:49 -0400] "POST /wp-login.php HTTP/1.1" 200 8133 "-" "Mozilla/5.0 (Windows NT 6.1; Win64; x64) AppleWebKit/537.36 (KHTML, like Gecko) Chrome/55.0.2883.87 Safari/537.36"
204.48.19.85 - - [28/Jun/2021:10:06:29 -0400] "POST /wp-cron.php?doing_wp_cron=1624889189.1956219673156738281250 HTTP/1.1" 200 5548 "https://angelsonhighstreet.com/wp-cron.php?doing_wp_cron=1624889189.1956219673156738281250" "WordPress/5.7.2; https://angelsonhighstreet.com"
185.191.171.15 - - [28/Jun/2021:10:06:29 -0400] "GET /shop-full-width?product_count=32&product_order=desc&product_orderby=date&product_view=list HTTP/1.1" 200 21477 "-" "Mozilla/5.0 (compatible; SemrushBot/7~bl; +http://www.semrush.com/bot.html)"
204.48.19.85 - - [28/Jun/2021:10:06:57 -0400] "POST /wp-cron.php?doing_wp_cron=1624889217.3972959518432617187500 HTTP/1.1" 200 5548 "https://angelsonhighstreet.com/wp-cron.php?doing_wp_cron=1624889217.3972959518432617187500" "WordPress/5.7.2; https://angelsonhighstreet.com"
54.36.149.18 - - [28/Jun/2021:10:06:57 -0400] "GET /product-category/oils?product_order=desc&product_orderby=rating&product_count=32 HTTP/1.1" 200 20461 "-" "Mozilla/5.0 (compatible; AhrefsBot/7.0; +http://ahrefs.com/robot/)"
204.48.19.85 - - [28/Jun/2021:10:10:29 -0400] "POST /wp-cron.php?doing_wp_cron=1624889429.4396820068359375000000 HTTP/1.1" 200 5548 "https://angelsonhighstreet.com/wp-cron.php?doing_wp_cron=1624889429.4396820068359375000000" "WordPress/5.7.2; https://angelsonhighstreet.com"
34.73.194.18 - - [28/Jun/2021:10:10:29 -0400] "GET /shop/2130mg-30ml-whole-plant-cbg-extract-oil HTTP/1.0" 200 24980 "-" "ZoominfoBot (zoominfobot at zoominfo dot com)"
54.36.149.18 - - [28/Jun/2021:10:10:47 -0400] "GET /product-category/oils?product_orderby=default&product_order=asc&product_count=32 HTTP/1.1" 200 20444 "-" "Mozilla/5.0 (compatible; AhrefsBot/7.0; +http://ahrefs.com/robot/)"
204.48.19.85 - - [28/Jun/2021:10:11:11 -0400] "POST /wp-cron.php?doing_wp_cron=1624889471.3178548812866210937500 HTTP/1.1" 200 5548 "https://angelsonhighstreet.com/wp-cron.php?doing_wp_cron=1624889471.3178548812866210937500" "WordPress/5.7.2; https://angelsonhighstreet.com"
34.73.194.18 - - [28/Jun/2021:10:11:11 -0400] "GET /apparel HTTP/1.0" 200 18914 "-" "ZoominfoBot (zoominfobot at zoominfo dot com)"
35.153.60.4 - - [28/Jun/2021:10:11:45 -0400] "GET /robots.txt HTTP/1.1" 200 5733 "-" "Mozilla/5.0"
35.153.60.4 - - [28/Jun/2021:10:11:46 -0400] "GET / HTTP/1.1" 200 25143 "-" "Mozilla/5.0 (X11; Linux x86_64) AppleWebKit/602.1 (KHTML, like Gecko) splash Version/10.0 Safari/602.1"
35.153.60.4 - - [28/Jun/2021:10:11:46 -0400] "GET /wp-content/plugins/age-gate/public/js/age-gate-public-hooks.js?ver=2.15.0 HTTP/1.1" 200 2632 "https://angelsonhighstreet.com/" "Mozilla/5.0 (X11; Linux x86_64) AppleWebKit/602.1 (KHTML, like Gecko) splash Version/10.0 Safari/602.1"
35.153.60.4 - - [28/Jun/2021:10:11:46 -0400] "GET /wp-includes/js/jquery/jquery.min.js?ver=3.5.1 HTTP/1.1" 200 31463 "https://angelsonhighstreet.com/" "Mozilla/5.0 (X11; Linux x86_64) AppleWebKit/602.1 (KHTML, like Gecko) splash Version/10.0 Safari/602.1"
35.153.60.4 - - [28/Jun/2021:10:11:47 -0400] "GET /wp-content/plugins/wp-optin-wheel/public/js/public.min.js?ver=1.3.2 HTTP/1.1" 200 9026 "https://angelsonhighstreet.com/" "Mozilla/5.0 (X11; Linux x86_64) AppleWebKit/602.1 (KHTML, like Gecko) splash Version/10.0 Safari/602.1"
35.153.60.4 - - [28/Jun/2021:10:11:47 -0400] "GET /wp-content/plugins/age-gate/public/js/age-gate-public.js?ver=2.15.0 HTTP/1.1" 200 6737 "https://angelsonhighstreet.com/" "Mozilla/5.0 (X11; Linux x86_64) AppleWebKit/602.1 (KHTML, like Gecko) splash Version/10.0 Safari/602.1"
35.153.60.4 - - [28/Jun/2021:10:11:47 -0400] "GET /wp-includes/js/jquery/jquery-migrate.min.js?ver=3.3.2 HTTP/1.1" 200 9921 "https://angelsonhighstreet.com/" "Mozilla/5.0 (X11; Linux x86_64) AppleWebKit/602.1 (KHTML, like Gecko) splash Version/10.0 Safari/602.1"
35.153.60.4 - - [28/Jun/2021:10:11:47 -0400] "GET /wp-content/plugins/google-analytics-dashboard-for-wp/assets/js/frontend-gtag.min.js?ver=6.7.0 HTTP/1.1" 200 8552 "https://angelsonhighstreet.com/" "Mozilla/5.0 (X11; Linux x86_64) AppleWebKit/602.1 (KHTML, like Gecko) splash Version/10.0 Safari/602.1"
35.153.60.4 - - [28/Jun/2021:10:11:47 -0400] "GET /wp-content/plugins/age-gate/public/js/age-gate-public-tab.js?ver=2.15.0 HTTP/1.1" 200 869 "https://angelsonhighstreet.com/" "Mozilla/5.0 (X11; Linux x86_64) AppleWebKit/602.1 (KHTML, like Gecko) splash Version/10.0 Safari/602.1"
35.153.60.4 - - [28/Jun/2021:10:11:47 -0400] "GET /wp-content/plugins/contact-form-7/includes/js/index.js?ver=5.4.1 HTTP/1.1" 200 4484 "https://angelsonhighstreet.com/" "Mozilla/5.0 (X11; Linux x86_64) AppleWebKit/602.1 (KHTML, like Gecko) splash Version/10.0 Safari/602.1"
35.153.60.4 - - [28/Jun/2021:10:11:47 -0400] "GET /wp-content/plugins/age-gate/public/js/age-gate-shortcode.js?ver=2.15.0 HTTP/1.1" 200 8004 "https://angelsonhighstreet.com/" "Mozilla/5.0 (X11; Linux x86_64) AppleWebKit/602.1 (KHTML, like Gecko) splash Version/10.0 Safari/602.1"
35.153.60.4 - - [28/Jun/2021:10:11:47 -0400] "GET /wp-content/plugins/woocommerce/assets/js/frontend/add-to-cart.min.js?ver=5.3.0 HTTP/1.1" 200 1522 "https://angelsonhighstreet.com/" "Mozilla/5.0 (X11; Linux x86_64) AppleWebKit/602.1 (KHTML, like Gecko) splash Version/10.0 Safari/602.1"
35.153.60.4 - - [28/Jun/2021:10:11:47 -0400] "GET /wp-content/plugins/woocommerce/assets/js/jquery-blockui/jquery.blockUI.min.js?ver=2.70 HTTP/1.1" 200 3961 "https://angelsonhighstreet.com/" "Mozilla/5.0 (X11; Linux x86_64) AppleWebKit/602.1 (KHTML, like Gecko) splash Version/10.0 Safari/602.1"
35.153.60.4 - - [28/Jun/2021:10:11:47 -0400] "GET /wp-includes/js/dist/vendor/wp-polyfill.min.js?ver=7.4.4 HTTP/1.1" 200 40082 "https://angelsonhighstreet.com/" "Mozilla/5.0 (X11; Linux x86_64) AppleWebKit/602.1 (KHTML, like Gecko) splash Version/10.0 Safari/602.1"
35.153.60.4 - - [28/Jun/2021:10:11:47 -0400] "GET /wp-content/plugins/revslider/public/assets/js/rbtools.min.js?ver=6.3.3 HTTP/1.1" 200 46697 "https://angelsonhighstreet.com/" "Mozilla/5.0 (X11; Linux x86_64) AppleWebKit/602.1 (KHTML, like Gecko) splash Version/10.0 Safari/602.1"
35.153.60.4 - - [28/Jun/2021:10:11:47 -0400] "GET /wp-content/plugins/revslider/public/assets/js/rs6.min.js?ver=6.3.3 HTTP/1.1" 200 86331 "https://angelsonhighstreet.com/" "Mozilla/5.0 (X11; Linux x86_64) AppleWebKit/602.1 (KHTML, like Gecko) splash Version/10.0 Safari/602.1"
35.153.60.4 - - [28/Jun/2021:10:11:47 -0400] "GET /wp-content/plugins/woocommerce/assets/js/js-cookie/js.cookie.min.js?ver=2.1.4 HTTP/1.1" 200 1417 "https://angelsonhighstreet.com/" "Mozilla/5.0 (X11; Linux x86_64) AppleWebKit/602.1 (KHTML, like Gecko) splash Version/10.0 Safari/602.1"
35.153.60.4 - - [28/Jun/2021:10:11:47 -0400] "GET /wp-content/plugins/woocommerce/assets/js/frontend/woocommerce.min.js?ver=5.3.0 HTTP/1.1" 200 1222 "https://angelsonhighstreet.com/" "Mozilla/5.0 (X11; Linux x86_64) AppleWebKit/602.1 (KHTML, like Gecko) splash Version/10.0 Safari/602.1"
35.153.60.4 - - [28/Jun/2021:10:11:47 -0400] "GET /wp-content/plugins/woocommerce/assets/js/frontend/cart-fragments.min.js?ver=5.3.0 HTTP/1.1" 200 1475 "https://angelsonhighstreet.com/" "Mozilla/5.0 (X11; Linux x86_64) AppleWebKit/602.1 (KHTML, like Gecko) splash Version/10.0 Safari/602.1"
35.153.60.4 - - [28/Jun/2021:10:11:47 -0400] "GET /wp-includes/js/wp-embed.min.js?ver=5.7.2 HTTP/1.1" 200 1200 "https://angelsonhighstreet.com/" "Mozilla/5.0 (X11; Linux x86_64) AppleWebKit/602.1 (KHTML, like Gecko) splash Version/10.0 Safari/602.1"
35.153.60.4 - - [28/Jun/2021:10:11:47 -0400] "GET /wp-includes/js/wp-emoji-release.min.js?ver=5.7.2 HTTP/1.1" 200 5142 "https://angelsonhighstreet.com/" "Mozilla/5.0 (X11; Linux x86_64) AppleWebKit/602.1 (KHTML, like Gecko) splash Version/10.0 Safari/602.1"
35.153.60.4 - - [28/Jun/2021:10:11:47 -0400] "GET /wp-content/uploads/fusion-scripts/250c2b9f76b9189f0607771277c32ada.min.js?ver=3.2.1 HTTP/1.1" 200 122595 "https://angelsonhighstreet.com/" "Mozilla/5.0 (X11; Linux x86_64) AppleWebKit/602.1 (KHTML, like Gecko) splash Version/10.0 Safari/602.1"
35.153.60.4 - - [28/Jun/2021:10:11:48 -0400] "GET /wp-includes/js/dist/vendor/wp-polyfill-fetch.min.js?ver=3.0.0 HTTP/1.1" 200 3236 "https://angelsonhighstreet.com/" "Mozilla/5.0 (X11; Linux x86_64) AppleWebKit/602.1 (KHTML, like Gecko) splash Version/10.0 Safari/602.1"
35.153.60.4 - - [28/Jun/2021:10:11:48 -0400] "GET /wp-includes/js/dist/vendor/wp-polyfill-dom-rect.min.js?ver=3.42.0 HTTP/1.1" 200 765 "https://angelsonhighstreet.com/" "Mozilla/5.0 (X11; Linux x86_64) AppleWebKit/602.1 (KHTML, like Gecko) splash Version/10.0 Safari/602.1"
35.153.60.4 - - [28/Jun/2021:10:11:48 -0400] "GET /wp-includes/js/dist/vendor/wp-polyfill-url.min.js?ver=3.6.4 HTTP/1.1" 200 14074 "https://angelsonhighstreet.com/" "Mozilla/5.0 (X11; Linux x86_64) AppleWebKit/602.1 (KHTML, like Gecko) splash Version/10.0 Safari/602.1"
35.153.60.4 - - [28/Jun/2021:10:11:48 -0400] "GET /wp-includes/js/dist/vendor/wp-polyfill-formdata.min.js?ver=3.0.12 HTTP/1.1" 200 3234 "https://angelsonhighstreet.com/" "Mozilla/5.0 (X11; Linux x86_64) AppleWebKit/602.1 (KHTML, like Gecko) splash Version/10.0 Safari/602.1"
35.153.60.4 - - [28/Jun/2021:10:11:49 -0400] "POST /?wc-ajax=get_refreshed_fragments HTTP/1.1" 200 874 "https://angelsonhighstreet.com/" "Mozilla/5.0 (X11; Linux x86_64) AppleWebKit/602.1 (KHTML, like Gecko) splash Version/10.0 Safari/602.1"
204.48.19.85 - - [28/Jun/2021:10:14:40 -0400] "POST /wp-cron.php?doing_wp_cron=1624889680.9780910015106201171875 HTTP/1.1" 200 5548 "https://angelsonhighstreet.com/wp-cron.php?doing_wp_cron=1624889680.9780910015106201171875" "WordPress/5.7.2; https://angelsonhighstreet.com"
54.36.149.37 - - [28/Jun/2021:10:14:40 -0400] "GET /product-category/oils?product_order=desc&product_orderby=rating&product_count=48 HTTP/1.1" 200 20433 "-" "Mozilla/5.0 (compatible; AhrefsBot/7.0; +http://ahrefs.com/robot/)"
204.48.19.85 - - [28/Jun/2021:10:17:39 -0400] "POST /wp-cron.php?doing_wp_cron=1624889859.1005449295043945312500 HTTP/1.1" 200 5548 "https://angelsonhighstreet.com/wp-cron.php?doing_wp_cron=1624889859.1005449295043945312500" "WordPress/5.7.2; https://angelsonhighstreet.com"
35.243.175.87 - - [28/Jun/2021:10:17:38 -0400] "POST /wp-login.php HTTP/1.1" 200 8136 "-" "Mozilla/5.0 (Windows NT 10.0; WOW64) AppleWebKit/537.36 (KHTML, like Gecko) Chrome/56.0.2924.87 Safari/537.36"
204.48.19.85 - - [28/Jun/2021:10:18:24 -0400] "POST /wp-cron.php?doing_wp_cron=1624889904.5791149139404296875000 HTTP/1.1" 200 5548 "https://angelsonhighstreet.com/wp-cron.php?doing_wp_cron=1624889904.5791149139404296875000" "WordPress/5.7.2; https://angelsonhighstreet.com"
54.36.149.18 - - [28/Jun/2021:10:18:24 -0400] "GET /product-category/salves?product_count=48&product_order=desc&product_orderby=default HTTP/1.1" 200 20675 "-" "Mozilla/5.0 (compatible; AhrefsBot/7.0; +http://ahrefs.com/robot/)"
34.73.194.18 - - [28/Jun/2021:10:18:43 -0400] "GET /shop/cbg-salve-with-special-sauce-terpenes HTTP/1.0" 200 26381 "-" "ZoominfoBot (zoominfobot at zoominfo dot com)"
204.48.19.85 - - [28/Jun/2021:10:22:04 -0400] "POST /wp-cron.php?doing_wp_cron=1624890124.9007909297943115234375 HTTP/1.1" 200 5548 "https://angelsonhighstreet.com/wp-cron.php?doing_wp_cron=1624890124.9007909297943115234375" "WordPress/5.7.2; https://angelsonhighstreet.com"
34.73.194.18 - - [28/Jun/2021:10:22:04 -0400] "GET /shop/holy-grail-cbd-healing-salve-1-oz HTTP/1.0" 200 26845 "-" "ZoominfoBot (zoominfobot at zoominfo dot com)"
54.36.148.135 - - [28/Jun/2021:10:22:22 -0400] "GET /product-category/oils?product_order=asc&product_orderby=rating&product_count=16 HTTP/1.1" 200 20421 "-" "Mozilla/5.0 (compatible; AhrefsBot/7.0; +http://ahrefs.com/robot/)"
204.48.19.85 - - [28/Jun/2021:10:26:10 -0400] "POST /wp-cron.php?doing_wp_cron=1624890370.9864981174468994140625 HTTP/1.1" 200 5548 "https://angelsonhighstreet.com/wp-cron.php?doing_wp_cron=1624890370.9864981174468994140625" "WordPress/5.7.2; https://angelsonhighstreet.com"
54.36.149.18 - - [28/Jun/2021:10:26:10 -0400] "GET /product-category/salves?product_order=desc&product_count=32&product_orderby=price HTTP/1.1" 200 20433 "-" "Mozilla/5.0 (compatible; AhrefsBot/7.0; +http://ahrefs.com/robot/)"
204.48.19.85 - - [28/Jun/2021:10:29:49 -0400] "POST /wp-cron.php?doing_wp_cron=1624890589.3820888996124267578125 HTTP/1.1" 200 5548 "https://angelsonhighstreet.com/wp-cron.php?doing_wp_cron=1624890589.3820888996124267578125" "WordPress/5.7.2; https://angelsonhighstreet.com"
88.99.29.145 - - [28/Jun/2021:10:29:49 -0400] "POST /wp-login.php HTTP/1.1" 200 8138 "-" "Mozilla/5.0 (Windows NT 10.0; Win64; x64) AppleWebKit/537.36 (KHTML, like Gecko) Chrome/78.0.3904.70 Safari/537.36"
204.48.19.85 - - [28/Jun/2021:10:29:59 -0400] "POST /wp-cron.php?doing_wp_cron=1624890599.9163379669189453125000 HTTP/1.1" 200 5548 "https://angelsonhighstreet.com/wp-cron.php?doing_wp_cron=1624890599.9163379669189453125000" "WordPress/5.7.2; https://angelsonhighstreet.com"
54.36.149.18 - - [28/Jun/2021:10:29:59 -0400] "GET /product-category/salves?product_order=desc&product_count=16&product_orderby=popularity HTTP/1.1" 200 20449 "-" "Mozilla/5.0 (compatible; AhrefsBot/7.0; +http://ahrefs.com/robot/)"
204.48.19.85 - - [28/Jun/2021:10:31:36 -0400] "POST /wp-cron.php?doing_wp_cron=1624890696.9016029834747314453125 HTTP/1.1" 200 5548 "https://angelsonhighstreet.com/wp-cron.php?doing_wp_cron=1624890696.9016029834747314453125" "WordPress/5.7.2; https://angelsonhighstreet.com"
34.73.194.18 - - [28/Jun/2021:10:31:36 -0400] "GET /contact-us HTTP/1.0" 200 19696 "-" "ZoominfoBot (zoominfobot at zoominfo dot com)"
204.48.19.85 - - [28/Jun/2021:10:33:59 -0400] "POST /wp-cron.php?doing_wp_cron=1624890839.7319710254669189453125 HTTP/1.1" 200 5548 "https://angelsonhighstreet.com/wp-cron.php?doing_wp_cron=1624890839.7319710254669189453125" "WordPress/5.7.2; https://angelsonhighstreet.com"
54.36.148.210 - - [28/Jun/2021:10:33:59 -0400] "GET /product-category/salves?product_count=48&product_order=desc&product_orderby=name HTTP/1.1" 200 20681 "-" "Mozilla/5.0 (compatible; AhrefsBot/7.0; +http://ahrefs.com/robot/)"
204.48.19.85 - - [28/Jun/2021:10:37:52 -0400] "POST /wp-cron.php?doing_wp_cron=1624891072.4051260948181152343750 HTTP/1.1" 200 5548 "https://angelsonhighstreet.com/wp-cron.php?doing_wp_cron=1624891072.4051260948181152343750" "WordPress/5.7.2; https://angelsonhighstreet.com"
54.36.149.18 - - [28/Jun/2021:10:37:52 -0400] "GET /product-category/salves?product_order=desc&product_count=32&product_orderby=rating HTTP/1.1" 200 20689 "-" "Mozilla/5.0 (compatible; AhrefsBot/7.0; +http://ahrefs.com/robot/)"
204.48.19.85 - - [28/Jun/2021:10:41:55 -0400] "POST /wp-cron.php?doing_wp_cron=1624891315.7518019676208496093750 HTTP/1.1" 200 5548 "https://angelsonhighstreet.com/wp-cron.php?doing_wp_cron=1624891315.7518019676208496093750" "WordPress/5.7.2; https://angelsonhighstreet.com"
54.36.148.78 - - [28/Jun/2021:10:41:55 -0400] "GET /product-category/salves?product_count=48&product_order=desc&product_orderby=rating HTTP/1.1" 200 20662 "-" "Mozilla/5.0 (compatible; AhrefsBot/7.0; +http://ahrefs.com/robot/)"
204.48.19.85 - - [28/Jun/2021:10:46:07 -0400] "POST /wp-cron.php?doing_wp_cron=1624891567.3711578845977783203125 HTTP/1.1" 200 5548 "https://angelsonhighstreet.com/wp-cron.php?doing_wp_cron=1624891567.3711578845977783203125" "WordPress/5.7.2; https://angelsonhighstreet.com"
54.36.149.18 - - [28/Jun/2021:10:46:07 -0400] "GET /product-category/salves?product_count=16&product_order=desc&product_orderby=default HTTP/1.1" 200 20650 "-" "Mozilla/5.0 (compatible; AhrefsBot/7.0; +http://ahrefs.com/robot/)"
