66.249.66.35 - - [30/Jun/2021:13:11:35 -0400] "GET /wp-includes/js/jquery/ui/controlgroup.min.js?ver=1.12.1 HTTP/1.1" 200 2020 "https://angelsonhighstreet.com/affiliate-home" "Mozilla/5.0 AppleWebKit/537.36 (KHTML, like Gecko; compatible; Googlebot/2.1; +http://www.google.com/bot.html) Chrome/91.0.4472.90 Safari/537.36"
66.249.66.38 - - [30/Jun/2021:13:11:36 -0400] "GET /wp-includes/js/jquery/ui/checkboxradio.min.js?ver=1.12.1 HTTP/1.1" 200 1844 "https://angelsonhighstreet.com/affiliate-home" "Mozilla/5.0 AppleWebKit/537.36 (KHTML, like Gecko; compatible; Googlebot/2.1; +http://www.google.com/bot.html) Chrome/91.0.4472.90 Safari/537.36"
66.249.66.35 - - [30/Jun/2021:13:11:36 -0400] "GET /wp-includes/js/jquery/ui/button.min.js?ver=1.12.1 HTTP/1.1" 200 2149 "https://angelsonhighstreet.com/affiliate-home" "Mozilla/5.0 AppleWebKit/537.36 (KHTML, like Gecko; compatible; Googlebot/2.1; +http://www.google.com/bot.html) Chrome/91.0.4472.90 Safari/537.36"
66.249.66.35 - - [30/Jun/2021:13:11:37 -0400] "GET /wp-includes/js/jquery/ui/mouse.min.js?ver=1.12.1 HTTP/1.1" 200 1506 "https://angelsonhighstreet.com/affiliate-home" "Mozilla/5.0 AppleWebKit/537.36 (KHTML, like Gecko; compatible; Googlebot/2.1; +http://www.google.com/bot.html) Chrome/91.0.4472.90 Safari/537.36"
66.249.66.35 - - [30/Jun/2021:13:11:38 -0400] "GET /wp-includes/js/jquery/ui/resizable.min.js?ver=1.12.1 HTTP/1.1" 200 5722 "https://angelsonhighstreet.com/affiliate-home" "Mozilla/5.0 AppleWebKit/537.36 (KHTML, like Gecko; compatible; Googlebot/2.1; +http://www.google.com/bot.html) Chrome/91.0.4472.90 Safari/537.36"
66.249.66.35 - - [30/Jun/2021:13:11:39 -0400] "GET /wp-includes/js/jquery/ui/draggable.min.js?ver=1.12.1 HTTP/1.1" 200 5306 "https://angelsonhighstreet.com/affiliate-home" "Mozilla/5.0 AppleWebKit/537.36 (KHTML, like Gecko; compatible; Googlebot/2.1; +http://www.google.com/bot.html) Chrome/91.0.4472.90 Safari/537.36"
66.249.66.35 - - [30/Jun/2021:13:11:39 -0400] "GET /wp-includes/js/jquery/ui/dialog.min.js?ver=1.12.1 HTTP/1.1" 200 4215 "https://angelsonhighstreet.com/affiliate-home" "Mozilla/5.0 AppleWebKit/537.36 (KHTML, like Gecko; compatible; Googlebot/2.1; +http://www.google.com/bot.html) Chrome/91.0.4472.90 Safari/537.36"
66.249.66.35 - - [30/Jun/2021:13:11:40 -0400] "GET /wp-content/uploads/fusion-scripts/6031df64f854b8160fa4a0e5162ebd39.min.js?ver=3.2.1 HTTP/1.1" 200 90078 "https://angelsonhighstreet.com/affiliate-home" "Mozilla/5.0 AppleWebKit/537.36 (KHTML, like Gecko; compatible; Googlebot/2.1; +http://www.google.com/bot.html) Chrome/91.0.4472.90 Safari/537.36"
204.48.19.85 - - [30/Jun/2021:13:12:10 -0400] "POST /wp-cron.php?doing_wp_cron=1625073130.2073268890380859375000 HTTP/1.1" 200 5548 "https://angelsonhighstreet.com/wp-cron.php?doing_wp_cron=1625073130.2073268890380859375000" "WordPress/5.7.2; https://angelsonhighstreet.com"
174.249.80.201 - - [30/Jun/2021:13:12:09 -0400] "POST /wp-admin/admin-ajax.php HTTP/1.1" 200 1207 "https://angelsonhighstreet.com/wp-admin/edit-comments.php" "Mozilla/5.0 (Linux; Android 11; SM-G973U) AppleWebKit/537.36 (KHTML, like Gecko) Chrome/90.0.4430.210 Mobile Safari/537.36"
204.48.19.85 - - [30/Jun/2021:13:13:08 -0400] "POST /wp-cron.php?doing_wp_cron=1625073187.9982380867004394531250 HTTP/1.1" 200 5548 "https://angelsonhighstreet.com/wp-cron.php?doing_wp_cron=1625073187.9982380867004394531250" "WordPress/5.7.2; https://angelsonhighstreet.com"
35.231.1.121 - - [30/Jun/2021:13:13:07 -0400] "GET /affiliate-home/affiliate-login HTTP/1.0" 200 19303 "-" "ZoominfoBot (zoominfobot at zoominfo dot com)"
35.231.1.121 - - [30/Jun/2021:13:13:17 -0400] "GET /my-account HTTP/1.0" 200 20296 "-" "ZoominfoBot (zoominfobot at zoominfo dot com)"
66.249.66.41 - - [30/Jun/2021:13:13:22 -0400] "GET /shop/cbg-salve-with-hawiian-haze-terpenes HTTP/1.1" 200 25531 "-" "Mozilla/5.0 (Linux; Android 6.0.1; Nexus 5X Build/MMB29P) AppleWebKit/537.36 (KHTML, like Gecko) Chrome/91.0.4472.90 Mobile Safari/537.36 (compatible; Googlebot/2.1; +http://www.google.com/bot.html)"
136.243.32.189 - - [30/Jun/2021:13:13:31 -0400] "POST /wp-login.php HTTP/1.1" 200 8134 "-" "Mozilla/5.0 (Windows NT 6.3; Win64; x64) AppleWebKit/537.36 (KHTML, like Gecko) Chrome/67.0.3396.99 Safari/537.36"
35.231.1.121 - - [30/Jun/2021:13:13:40 -0400] "GET /what-is-cbd HTTP/1.0" 200 20509 "-" "ZoominfoBot (zoominfobot at zoominfo dot com)"
204.48.19.85 - - [30/Jun/2021:13:13:59 -0400] "POST /wp-cron.php?doing_wp_cron=1625073239.7710380554199218750000 HTTP/1.1" 200 5548 "https://angelsonhighstreet.com/wp-cron.php?doing_wp_cron=1625073239.7710380554199218750000" "WordPress/5.7.2; https://angelsonhighstreet.com"
66.249.66.35 - - [30/Jun/2021:13:13:59 -0400] "POST /?wc-ajax=get_refreshed_fragments HTTP/1.1" 200 6099 "https://angelsonhighstreet.com/shop/cbg-salve-with-hawiian-haze-terpenes" "Mozilla/5.0 (Linux; Android 6.0.1; Nexus 5X Build/MMB29P) AppleWebKit/537.36 (KHTML, like Gecko) Chrome/91.0.4472.90 Mobile Safari/537.36 (compatible; Googlebot/2.1; +http://www.google.com/bot.html)"
207.46.13.106 - - [30/Jun/2021:13:14:02 -0400] "GET /shop-full-width?add-to-cart=19952&product_orderby=name&product_count=48&product_view=list HTTP/1.1" 200 21119 "-" "Mozilla/5.0 (compatible; bingbot/2.0; +http://www.bing.com/bingbot.htm)"
174.249.80.201 - - [30/Jun/2021:13:14:10 -0400] "POST /wp-admin/admin-ajax.php HTTP/1.1" 200 1207 "https://angelsonhighstreet.com/wp-admin/edit-comments.php" "Mozilla/5.0 (Linux; Android 11; SM-G973U) AppleWebKit/537.36 (KHTML, like Gecko) Chrome/90.0.4430.210 Mobile Safari/537.36"
204.48.19.85 - - [30/Jun/2021:13:15:28 -0400] "POST /wp-cron.php?doing_wp_cron=1625073328.3034760951995849609375 HTTP/1.1" 200 5548 "https://angelsonhighstreet.com/wp-cron.php?doing_wp_cron=1625073328.3034760951995849609375" "WordPress/5.7.2; https://angelsonhighstreet.com"
66.249.66.38 - - [30/Jun/2021:13:15:27 -0400] "GET /author/admin/feed HTTP/1.1" 200 6260 "-" "Mozilla/5.0 (Linux; Android 6.0.1; Nexus 5X Build/MMB29P) AppleWebKit/537.36 (KHTML, like Gecko) Chrome/91.0.4472.90 Mobile Safari/537.36 (compatible; Googlebot/2.1; +http://www.google.com/bot.html)"
204.48.19.85 - - [30/Jun/2021:13:16:43 -0400] "POST /wp-cron.php?doing_wp_cron=1625073403.7307019233703613281250 HTTP/1.1" 200 5548 "https://angelsonhighstreet.com/wp-cron.php?doing_wp_cron=1625073403.7307019233703613281250" "WordPress/5.7.2; https://angelsonhighstreet.com"
54.36.148.123 - - [30/Jun/2021:13:16:43 -0400] "GET /product-category/salves?product_view=list&product_orderby=price&product_order=desc&product_count=32 HTTP/1.1" 200 20854 "-" "Mozilla/5.0 (compatible; AhrefsBot/7.0; +http://ahrefs.com/robot/)"
204.48.19.85 - - [30/Jun/2021:13:21:56 -0400] "POST /wp-cron.php?doing_wp_cron=1625073716.9768979549407958984375 HTTP/1.1" 200 5548 "https://angelsonhighstreet.com/wp-cron.php?doing_wp_cron=1625073716.9768979549407958984375" "WordPress/5.7.2; https://angelsonhighstreet.com"
54.36.148.181 - - [30/Jun/2021:13:21:56 -0400] "GET /product-category/salves?product_view=grid&product_orderby=price&product_order=desc&product_count=48 HTTP/1.1" 200 20435 "-" "Mozilla/5.0 (compatible; AhrefsBot/7.0; +http://ahrefs.com/robot/)"
204.48.19.85 - - [30/Jun/2021:13:27:23 -0400] "POST /wp-cron.php?doing_wp_cron=1625074043.5259900093078613281250 HTTP/1.1" 200 5548 "https://angelsonhighstreet.com/wp-cron.php?doing_wp_cron=1625074043.5259900093078613281250" "WordPress/5.7.2; https://angelsonhighstreet.com"
54.36.149.18 - - [30/Jun/2021:13:27:22 -0400] "GET /product-category/salves?product_view=grid&product_orderby=price&product_order=desc&product_count=16 HTTP/1.1" 200 20680 "-" "Mozilla/5.0 (compatible; AhrefsBot/7.0; +http://ahrefs.com/robot/)"
204.48.19.85 - - [30/Jun/2021:13:32:58 -0400] "POST /wp-cron.php?doing_wp_cron=1625074378.4084990024566650390625 HTTP/1.1" 200 5548 "https://angelsonhighstreet.com/wp-cron.php?doing_wp_cron=1625074378.4084990024566650390625" "WordPress/5.7.2; https://angelsonhighstreet.com"
54.36.149.18 - - [30/Jun/2021:13:32:57 -0400] "GET /product-category/salves?product_view=grid&product_orderby=rating&product_order=desc&product_count=32 HTTP/1.1" 200 20442 "-" "Mozilla/5.0 (compatible; AhrefsBot/7.0; +http://ahrefs.com/robot/)"
204.48.19.85 - - [30/Jun/2021:13:38:33 -0400] "POST /wp-cron.php?doing_wp_cron=1625074713.8361310958862304687500 HTTP/1.1" 200 5548 "https://angelsonhighstreet.com/wp-cron.php?doing_wp_cron=1625074713.8361310958862304687500" "WordPress/5.7.2; https://angelsonhighstreet.com"
54.36.149.63 - - [30/Jun/2021:13:38:33 -0400] "GET /product-category/oils?product_order=desc&product_view=grid&product_orderby=default&product_count=32 HTTP/1.1" 200 20466 "-" "Mozilla/5.0 (compatible; AhrefsBot/7.0; +http://ahrefs.com/robot/)"
81.169.144.135 - - [30/Jun/2021:13:38:56 -0400] "GET /wp-content/themes/alternate-lite/inc/network.php HTTP/1.1" 301 635 "http://simplesite.com" "Mozilla/5.0 (Windows; U; Windows NT 5.1; en-US) AppleWebKit/533.4 (KHTML, like Gecko) Chrome/5.0.375.99 Safari/533.4"
204.48.19.85 - - [30/Jun/2021:13:42:58 -0400] "POST /wp-cron.php?doing_wp_cron=1625074978.0928471088409423828125 HTTP/1.1" 200 5548 "https://angelsonhighstreet.com/wp-cron.php?doing_wp_cron=1625074978.0928471088409423828125" "WordPress/5.7.2; https://angelsonhighstreet.com"
185.191.171.18 - - [30/Jun/2021:13:42:57 -0400] "GET /shop-full-width?product_count=32&product_order=desc&product_orderby=rating&product_view=list HTTP/1.1" 200 21471 "-" "Mozilla/5.0 (compatible; SemrushBot/7~bl; +http://www.semrush.com/bot.html)"
204.48.19.85 - - [30/Jun/2021:13:44:08 -0400] "POST /wp-cron.php?doing_wp_cron=1625075048.9727571010589599609375 HTTP/1.1" 200 5548 "https://angelsonhighstreet.com/wp-cron.php?doing_wp_cron=1625075048.9727571010589599609375" "WordPress/5.7.2; https://angelsonhighstreet.com"
54.36.149.18 - - [30/Jun/2021:13:44:08 -0400] "GET /product-category/salves?product_order=asc&product_count=16&product_view=grid HTTP/1.1" 200 20641 "-" "Mozilla/5.0 (compatible; AhrefsBot/7.0; +http://ahrefs.com/robot/)"
204.48.19.85 - - [30/Jun/2021:13:49:35 -0400] "POST /wp-cron.php?doing_wp_cron=1625075375.1271231174468994140625 HTTP/1.1" 200 5548 "https://angelsonhighstreet.com/wp-cron.php?doing_wp_cron=1625075375.1271231174468994140625" "WordPress/5.7.2; https://angelsonhighstreet.com"
54.36.149.103 - - [30/Jun/2021:13:49:34 -0400] "GET /product-category/salves?product_view=grid&product_order=desc&product_orderby=date HTTP/1.1" 200 20674 "-" "Mozilla/5.0 (compatible; AhrefsBot/7.0; +http://ahrefs.com/robot/)"
204.48.19.85 - - [30/Jun/2021:13:54:55 -0400] "POST /wp-cron.php?doing_wp_cron=1625075695.8308811187744140625000 HTTP/1.1" 200 5548 "https://angelsonhighstreet.com/wp-cron.php?doing_wp_cron=1625075695.8308811187744140625000" "WordPress/5.7.2; https://angelsonhighstreet.com"
54.36.149.92 - - [30/Jun/2021:13:54:55 -0400] "GET /product-category/oils?product_order=desc&product_view=grid&product_orderby=popularity&product_count=32 HTTP/1.1" 200 20467 "-" "Mozilla/5.0 (compatible; AhrefsBot/7.0; +http://ahrefs.com/robot/)"
204.48.19.85 - - [30/Jun/2021:13:59:58 -0400] "POST /wp-cron.php?doing_wp_cron=1625075998.6487970352172851562500 HTTP/1.1" 200 5548 "https://angelsonhighstreet.com/wp-cron.php?doing_wp_cron=1625075998.6487970352172851562500" "WordPress/5.7.2; https://angelsonhighstreet.com"
54.36.149.25 - - [30/Jun/2021:13:59:57 -0400] "GET /product-category/salves?product_order=asc&product_view=list&product_orderby=name HTTP/1.1" 200 20837 "-" "Mozilla/5.0 (compatible; AhrefsBot/7.0; +http://ahrefs.com/robot/)"
204.48.19.85 - - [30/Jun/2021:14:01:56 -0400] "POST /wp-cron.php?doing_wp_cron=1625076116.0474550724029541015625 HTTP/1.1" 200 5548 "https://angelsonhighstreet.com/wp-cron.php?doing_wp_cron=1625076116.0474550724029541015625" "WordPress/5.7.2; https://angelsonhighstreet.com"
157.55.39.141 - - [30/Jun/2021:14:01:55 -0400] "GET /wp-sitemap-users-1.xml HTTP/1.1" 200 5315 "-" "Mozilla/5.0 (compatible; bingbot/2.0; +http://www.bing.com/bingbot.htm)"
51.15.201.113 - - [30/Jun/2021:14:03:29 -0400] "GET /wp-content/plugins/wp-user-avatar/assets/css/hint.min.css HTTP/1.1" 301 672 "angelsonhighstreet.com" "Mozilla/5.0 (Windows NT 6.1; WOW64) AppleWebKit/537.36 (KHTML, like Gecko) Chrome/50.0.2661.75 Safari/537.36"
204.48.19.85 - - [30/Jun/2021:14:03:30 -0400] "POST /wp-cron.php?doing_wp_cron=1625076210.9387500286102294921875 HTTP/1.1" 200 5548 "https://angelsonhighstreet.com/wp-cron.php?doing_wp_cron=1625076210.9387500286102294921875" "WordPress/5.7.2; https://angelsonhighstreet.com"
51.15.201.113 - - [30/Jun/2021:14:03:30 -0400] "GET /wp-content/plugins/wp-user-avatar/assets/css/hint.min.css HTTP/1.1" 404 66131 "angelsonhighstreet.com" "Mozilla/5.0 (Windows NT 6.1; WOW64) AppleWebKit/537.36 (KHTML, like Gecko) Chrome/50.0.2661.75 Safari/537.36"
204.48.19.85 - - [30/Jun/2021:14:04:58 -0400] "POST /wp-cron.php?doing_wp_cron=1625076298.5365118980407714843750 HTTP/1.1" 200 5548 "https://angelsonhighstreet.com/wp-cron.php?doing_wp_cron=1625076298.5365118980407714843750" "WordPress/5.7.2; https://angelsonhighstreet.com"
54.36.149.21 - - [30/Jun/2021:14:04:57 -0400] "GET /product-category/salves?product_order=asc&product_count=32&product_view=list HTTP/1.1" 200 20563 "-" "Mozilla/5.0 (compatible; AhrefsBot/7.0; +http://ahrefs.com/robot/)"
204.48.19.85 - - [30/Jun/2021:14:09:46 -0400] "POST /wp-cron.php?doing_wp_cron=1625076586.8884570598602294921875 HTTP/1.1" 200 5548 "https://angelsonhighstreet.com/wp-cron.php?doing_wp_cron=1625076586.8884570598602294921875" "WordPress/5.7.2; https://angelsonhighstreet.com"
54.36.149.18 - - [30/Jun/2021:14:09:46 -0400] "GET /product-category/oils?product_order=desc&product_view=grid&product_orderby=name&product_count=48 HTTP/1.1" 200 20467 "-" "Mozilla/5.0 (compatible; AhrefsBot/7.0; +http://ahrefs.com/robot/)"
204.48.19.85 - - [30/Jun/2021:14:10:12 -0400] "POST /wp-cron.php?doing_wp_cron=1625076612.0160980224609375000000 HTTP/1.1" 200 5548 "https://angelsonhighstreet.com/wp-cron.php?doing_wp_cron=1625076612.0160980224609375000000" "WordPress/5.7.2; https://angelsonhighstreet.com"
185.191.171.24 - - [30/Jun/2021:14:10:11 -0400] "GET /robots.txt HTTP/1.1" 200 5752 "-" "Mozilla/5.0 (compatible; SemrushBot/7~bl; +http://www.semrush.com/bot.html)"
185.191.171.4 - - [30/Jun/2021:14:10:12 -0400] "GET /shop-full-width?product_orderby=name&product_view=grid HTTP/1.1" 200 21112 "-" "Mozilla/5.0 (compatible; SemrushBot/7~bl; +http://www.semrush.com/bot.html)"
204.48.19.85 - - [30/Jun/2021:14:14:34 -0400] "POST /wp-cron.php?doing_wp_cron=1625076874.2574639320373535156250 HTTP/1.1" 200 5548 "https://angelsonhighstreet.com/wp-cron.php?doing_wp_cron=1625076874.2574639320373535156250" "WordPress/5.7.2; https://angelsonhighstreet.com"
54.36.148.24 - - [30/Jun/2021:14:14:33 -0400] "GET /product-category/salves?product_order=asc&product_view=list&product_orderby=popularity HTTP/1.1" 200 20858 "-" "Mozilla/5.0 (compatible; AhrefsBot/7.0; +http://ahrefs.com/robot/)"
204.48.19.85 - - [30/Jun/2021:14:19:33 -0400] "POST /wp-cron.php?doing_wp_cron=1625077173.6160340309143066406250 HTTP/1.1" 200 5548 "https://angelsonhighstreet.com/wp-cron.php?doing_wp_cron=1625077173.6160340309143066406250" "WordPress/5.7.2; https://angelsonhighstreet.com"
54.36.149.18 - - [30/Jun/2021:14:19:32 -0400] "GET /product-category/salves?product_view=grid&product_order=desc&product_orderby=name HTTP/1.1" 200 20428 "-" "Mozilla/5.0 (compatible; AhrefsBot/7.0; +http://ahrefs.com/robot/)"
204.48.19.85 - - [30/Jun/2021:14:23:48 -0400] "POST /wp-cron.php?doing_wp_cron=1625077428.3809840679168701171875 HTTP/1.1" 200 5548 "https://angelsonhighstreet.com/wp-cron.php?doing_wp_cron=1625077428.3809840679168701171875" "WordPress/5.7.2; https://angelsonhighstreet.com"
97.46.65.78 - - [30/Jun/2021:14:23:47 -0400] "GET /admin HTTP/1.1" 302 5768 "-" "Mozilla/5.0 (Linux; Android 11; SM-G973U) AppleWebKit/537.36 (KHTML, like Gecko) Chrome/83.0.4103.106 Mobile Safari/537.36"
97.46.65.78 - - [30/Jun/2021:14:23:49 -0400] "GET /wp-admin/ HTTP/1.1" 302 496 "-" "Mozilla/5.0 (Linux; Android 11; SM-G973U) AppleWebKit/537.36 (KHTML, like Gecko) Chrome/83.0.4103.106 Mobile Safari/537.36"
97.46.65.78 - - [30/Jun/2021:14:23:50 -0400] "GET /wp-login.php?redirect_to=https%3A%2F%2Fangelsonhighstreet.com%2Fwp-admin%2F&reauth=1 HTTP/1.1" 200 4867 "-" "Mozilla/5.0 (Linux; Android 11; SM-G973U) AppleWebKit/537.36 (KHTML, like Gecko) Chrome/83.0.4103.106 Mobile Safari/537.36"
97.46.65.78 - - [30/Jun/2021:14:23:52 -0400] "POST /wp-login.php HTTP/1.1" 302 1206 "https://angelsonhighstreet.com/wp-login.php?redirect_to=https%3A%2F%2Fangelsonhighstreet.com%2Fwp-admin%2F&reauth=1" "Mozilla/5.0 (Linux; Android 11; SM-G973U) AppleWebKit/537.36 (KHTML, like Gecko) Chrome/83.0.4103.106 Mobile Safari/537.36"
97.46.65.78 - - [30/Jun/2021:14:23:54 -0400] "GET /wp-admin/ HTTP/1.1" 200 51998 "https://angelsonhighstreet.com/wp-login.php?redirect_to=https%3A%2F%2Fangelsonhighstreet.com%2Fwp-admin%2F&reauth=1" "Mozilla/5.0 (Linux; Android 11; SM-G973U) AppleWebKit/537.36 (KHTML, like Gecko) Chrome/83.0.4103.106 Mobile Safari/537.36"
204.48.19.85 - - [30/Jun/2021:14:23:57 -0400] "POST /wp-cron.php?doing_wp_cron=1625077437.1136610507965087890625 HTTP/1.1" 200 5548 "https://angelsonhighstreet.com/wp-cron.php?doing_wp_cron=1625077437.1136610507965087890625" "WordPress/5.7.2; https://angelsonhighstreet.com"
97.46.65.78 - - [30/Jun/2021:14:23:56 -0400] "GET /wp-content/plugins/wp-optimize/js/minify-admin-purge-3-1-9.min.js?ver=3.1.9 HTTP/1.1" 404 20545 "https://angelsonhighstreet.com/wp-admin/" "Mozilla/5.0 (Linux; Android 11; SM-G973U) AppleWebKit/537.36 (KHTML, like Gecko) Chrome/83.0.4103.106 Mobile Safari/537.36"
165.22.53.233 - - [30/Jun/2021:14:23:57 -0400] "POST /wp-login.php HTTP/1.1" 200 8132 "-" "Mozilla/5.0 (Windows NT 6.1) AppleWebKit/537.36 (KHTML, like Gecko) Chrome/58.0.3029.110 Safari/537.36"
97.46.65.78 - - [30/Jun/2021:14:23:59 -0400] "POST /wp-admin/admin-ajax.php HTTP/1.1" 200 600 "https://angelsonhighstreet.com/wp-admin/" "Mozilla/5.0 (Linux; Android 11; SM-G973U) AppleWebKit/537.36 (KHTML, like Gecko) Chrome/83.0.4103.106 Mobile Safari/537.36"
97.46.65.78 - - [30/Jun/2021:14:23:59 -0400] "POST /wp-admin/admin-ajax.php HTTP/1.1" 200 5872 "https://angelsonhighstreet.com/wp-admin/" "Mozilla/5.0 (Linux; Android 11; SM-G973U) AppleWebKit/537.36 (KHTML, like Gecko) Chrome/83.0.4103.106 Mobile Safari/537.36"
97.46.65.78 - - [30/Jun/2021:14:23:59 -0400] "POST /wp-admin/admin-ajax.php HTTP/1.1" 200 5612 "https://angelsonhighstreet.com/wp-admin/" "Mozilla/5.0 (Linux; Android 11; SM-G973U) AppleWebKit/537.36 (KHTML, like Gecko) Chrome/83.0.4103.106 Mobile Safari/537.36"
204.48.19.85 - - [30/Jun/2021:14:25:06 -0400] "POST /wp-cron.php?doing_wp_cron=1625077506.4179339408874511718750 HTTP/1.1" 200 5548 "https://angelsonhighstreet.com/wp-cron.php?doing_wp_cron=1625077506.4179339408874511718750" "WordPress/5.7.2; https://angelsonhighstreet.com"
54.36.148.1 - - [30/Jun/2021:14:25:05 -0400] "GET /product-category/salves?product_order=asc&product_view=list&product_orderby=price HTTP/1.1" 200 20850 "-" "Mozilla/5.0 (compatible; AhrefsBot/7.0; +http://ahrefs.com/robot/)"
204.48.19.85 - - [30/Jun/2021:14:29:43 -0400] "POST /wp-cron.php?doing_wp_cron=1625077783.9655060768127441406250 HTTP/1.1" 200 5548 "https://angelsonhighstreet.com/wp-cron.php?doing_wp_cron=1625077783.9655060768127441406250" "WordPress/5.7.2; https://angelsonhighstreet.com"
54.36.149.18 - - [30/Jun/2021:14:29:43 -0400] "GET /product-category/salves?product_view=grid&product_order=desc&product_orderby=default HTTP/1.1" 200 20675 "-" "Mozilla/5.0 (compatible; AhrefsBot/7.0; +http://ahrefs.com/robot/)"
204.48.19.85 - - [30/Jun/2021:14:30:12 -0400] "POST /wp-cron.php?doing_wp_cron=1625077812.5721850395202636718750 HTTP/1.1" 200 5548 "https://angelsonhighstreet.com/wp-cron.php?doing_wp_cron=1625077812.5721850395202636718750" "WordPress/5.7.2; https://angelsonhighstreet.com"
124.158.10.21 - - [30/Jun/2021:14:30:11 -0400] "POST /wp-login.php HTTP/1.1" 200 8134 "-" "Mozilla/5.0 (Windows NT 6.1; Win64; x64) AppleWebKit/537.36 (KHTML, like Gecko) Chrome/79.0.3945.117 Safari/537.36"
204.48.19.85 - - [30/Jun/2021:14:34:40 -0400] "POST /wp-cron.php?doing_wp_cron=1625078080.0102469921112060546875 HTTP/1.1" 200 5548 "https://angelsonhighstreet.com/wp-cron.php?doing_wp_cron=1625078080.0102469921112060546875" "WordPress/5.7.2; https://angelsonhighstreet.com"
54.36.149.18 - - [30/Jun/2021:14:34:39 -0400] "GET /product-category/oils?product_order=desc&product_view=grid&product_orderby=rating&product_count=32 HTTP/1.1" 200 20469 "-" "Mozilla/5.0 (compatible; AhrefsBot/7.0; +http://ahrefs.com/robot/)"
204.48.19.85 - - [30/Jun/2021:14:39:24 -0400] "POST /wp-cron.php?doing_wp_cron=1625078364.7869551181793212890625 HTTP/1.1" 200 5548 "https://angelsonhighstreet.com/wp-cron.php?doing_wp_cron=1625078364.7869551181793212890625" "WordPress/5.7.2; https://angelsonhighstreet.com"
54.36.149.59 - - [30/Jun/2021:14:39:24 -0400] "GET /product-category/oils?product_count=48&product_order=asc&product_orderby=date&product_view=list HTTP/1.1" 200 20741 "-" "Mozilla/5.0 (compatible; AhrefsBot/7.0; +http://ahrefs.com/robot/)"
204.48.19.85 - - [30/Jun/2021:14:44:11 -0400] "POST /wp-cron.php?doing_wp_cron=1625078651.5804779529571533203125 HTTP/1.1" 200 5548 "https://angelsonhighstreet.com/wp-cron.php?doing_wp_cron=1625078651.5804779529571533203125" "WordPress/5.7.2; https://angelsonhighstreet.com"
54.36.149.18 - - [30/Jun/2021:14:44:10 -0400] "GET /product-category/salves?product_order=asc&product_count=48&product_view=list HTTP/1.1" 200 20850 "-" "Mozilla/5.0 (compatible; AhrefsBot/7.0; +http://ahrefs.com/robot/)"
204.48.19.85 - - [30/Jun/2021:14:49:12 -0400] "POST /wp-cron.php?doing_wp_cron=1625078952.1068279743194580078125 HTTP/1.1" 200 5548 "https://angelsonhighstreet.com/wp-cron.php?doing_wp_cron=1625078952.1068279743194580078125" "WordPress/5.7.2; https://angelsonhighstreet.com"
54.36.149.50 - - [30/Jun/2021:14:49:11 -0400] "GET /product-category/salves?product_view=grid&product_order=desc&product_orderby=popularity HTTP/1.1" 200 20692 "-" "Mozilla/5.0 (compatible; AhrefsBot/7.0; +http://ahrefs.com/robot/)"
204.48.19.85 - - [30/Jun/2021:14:54:57 -0400] "POST /wp-cron.php?doing_wp_cron=1625079297.7904000282287597656250 HTTP/1.1" 200 5548 "https://angelsonhighstreet.com/wp-cron.php?doing_wp_cron=1625079297.7904000282287597656250" "WordPress/5.7.2; https://angelsonhighstreet.com"
54.36.148.57 - - [30/Jun/2021:14:54:57 -0400] "GET /product-category/salves?product_order=asc&product_view=list&product_orderby=rating HTTP/1.1" 200 20836 "-" "Mozilla/5.0 (compatible; AhrefsBot/7.0; +http://ahrefs.com/robot/)"
168.151.249.92 - - [30/Jun/2021:14:55:25 -0400] "GET / HTTP/1.1" 301 570 "-" "Mozilla/5.0 (Windows NT 10.0; Win64; x64) AppleWebKit/537.36 (KHTML, like Gecko) Chrome/74.0.3729.169 Safari/537.36"
168.151.249.92 - - [30/Jun/2021:14:55:26 -0400] "GET / HTTP/1.1" 301 5147 "-" "Mozilla/5.0 (Windows NT 10.0; Win64; x64) AppleWebKit/537.36 (KHTML, like Gecko) Chrome/74.0.3729.169 Safari/537.36"
168.151.249.92 - - [30/Jun/2021:14:55:26 -0400] "GET / HTTP/1.1" 200 24843 "-" "Mozilla/5.0 (Windows NT 10.0; Win64; x64) AppleWebKit/537.36 (KHTML, like Gecko) Chrome/74.0.3729.169 Safari/537.36"
168.151.249.92 - - [30/Jun/2021:14:55:28 -0400] "GET /robots.txt HTTP/1.1" 200 5295 "-" "Mozilla/5.0 (Windows NT 10.0; Win64; x64) AppleWebKit/537.36 (KHTML, like Gecko) Chrome/74.0.3729.169 Safari/537.36"
168.151.249.92 - - [30/Jun/2021:14:55:28 -0400] "GET / HTTP/1.1" 301 570 "-" "Mozilla/5.0 (Windows NT 10.0; Win64; x64) AppleWebKit/537.36 (KHTML, like Gecko) Chrome/74.0.3729.169 Safari/537.36"
168.151.249.92 - - [30/Jun/2021:14:55:29 -0400] "GET / HTTP/1.1" 301 5147 "-" "Mozilla/5.0 (Windows NT 10.0; Win64; x64) AppleWebKit/537.36 (KHTML, like Gecko) Chrome/74.0.3729.169 Safari/537.36"
168.151.249.92 - - [30/Jun/2021:14:55:29 -0400] "GET / HTTP/1.1" 200 24851 "-" "Mozilla/5.0 (Windows NT 10.0; Win64; x64) AppleWebKit/537.36 (KHTML, like Gecko) Chrome/74.0.3729.169 Safari/537.36"
168.151.249.92 - - [30/Jun/2021:14:55:31 -0400] "GET /about-us HTTP/1.1" 200 20360 "-" "Mozilla/5.0 (Windows NT 10.0; Win64; x64) AppleWebKit/537.36 (KHTML, like Gecko) Chrome/74.0.3729.169 Safari/537.36"
168.151.249.92 - - [30/Jun/2021:14:55:32 -0400] "GET /contact-us HTTP/1.1" 200 19958 "-" "Mozilla/5.0 (Windows NT 10.0; Win64; x64) AppleWebKit/537.36 (KHTML, like Gecko) Chrome/74.0.3729.169 Safari/537.36"
168.151.249.92 - - [30/Jun/2021:14:55:33 -0400] "GET /my-account HTTP/1.1" 200 20546 "-" "Mozilla/5.0 (Windows NT 10.0; Win64; x64) AppleWebKit/537.36 (KHTML, like Gecko) Chrome/74.0.3729.169 Safari/537.36"
168.151.249.92 - - [30/Jun/2021:14:55:34 -0400] "GET /cart HTTP/1.1" 200 21402 "-" "Mozilla/5.0 (Windows NT 10.0; Win64; x64) AppleWebKit/537.36 (KHTML, like Gecko) Chrome/74.0.3729.169 Safari/537.36"
168.151.249.92 - - [30/Jun/2021:14:55:34 -0400] "GET /?add-to-cart=21072 HTTP/1.1" 302 5903 "-" "Mozilla/5.0 (Windows NT 10.0; Win64; x64) AppleWebKit/537.36 (KHTML, like Gecko) Chrome/74.0.3729.169 Safari/537.36"
168.151.249.92 - - [30/Jun/2021:14:55:35 -0400] "GET /cart HTTP/1.1" 200 23152 "-" "Mozilla/5.0 (Windows NT 10.0; Win64; x64) AppleWebKit/537.36 (KHTML, like Gecko) Chrome/74.0.3729.169 Safari/537.36"
168.151.249.92 - - [30/Jun/2021:14:55:36 -0400] "GET /?add-to-cart=18864 HTTP/1.1" 302 5299 "-" "Mozilla/5.0 (Windows NT 10.0; Win64; x64) AppleWebKit/537.36 (KHTML, like Gecko) Chrome/74.0.3729.169 Safari/537.36"
168.151.249.92 - - [30/Jun/2021:14:55:37 -0400] "GET /cart HTTP/1.1" 200 23392 "-" "Mozilla/5.0 (Windows NT 10.0; Win64; x64) AppleWebKit/537.36 (KHTML, like Gecko) Chrome/74.0.3729.169 Safari/537.36"
168.151.249.92 - - [30/Jun/2021:14:55:38 -0400] "GET /?add-to-cart=22184 HTTP/1.1" 302 5299 "-" "Mozilla/5.0 (Windows NT 10.0; Win64; x64) AppleWebKit/537.36 (KHTML, like Gecko) Chrome/74.0.3729.169 Safari/537.36"
168.151.249.92 - - [30/Jun/2021:14:55:39 -0400] "GET /cart HTTP/1.1" 200 23578 "-" "Mozilla/5.0 (Windows NT 10.0; Win64; x64) AppleWebKit/537.36 (KHTML, like Gecko) Chrome/74.0.3729.169 Safari/537.36"
168.151.249.92 - - [30/Jun/2021:14:55:40 -0400] "GET /?add-to-cart=22183 HTTP/1.1" 302 5299 "-" "Mozilla/5.0 (Windows NT 10.0; Win64; x64) AppleWebKit/537.36 (KHTML, like Gecko) Chrome/74.0.3729.169 Safari/537.36"
168.151.249.92 - - [30/Jun/2021:14:55:41 -0400] "GET /cart HTTP/1.1" 200 23708 "-" "Mozilla/5.0 (Windows NT 10.0; Win64; x64) AppleWebKit/537.36 (KHTML, like Gecko) Chrome/74.0.3729.169 Safari/537.36"
168.151.249.92 - - [30/Jun/2021:14:55:42 -0400] "GET /?add-to-cart=22182 HTTP/1.1" 302 5299 "-" "Mozilla/5.0 (Windows NT 10.0; Win64; x64) AppleWebKit/537.36 (KHTML, like Gecko) Chrome/74.0.3729.169 Safari/537.36"
168.151.249.92 - - [30/Jun/2021:14:55:42 -0400] "GET /cart HTTP/1.1" 200 23958 "-" "Mozilla/5.0 (Windows NT 10.0; Win64; x64) AppleWebKit/537.36 (KHTML, like Gecko) Chrome/74.0.3729.169 Safari/537.36"
168.151.249.92 - - [30/Jun/2021:14:55:43 -0400] "GET /?add-to-cart=19962 HTTP/1.1" 302 5299 "-" "Mozilla/5.0 (Windows NT 10.0; Win64; x64) AppleWebKit/537.36 (KHTML, like Gecko) Chrome/74.0.3729.169 Safari/537.36"
168.151.249.92 - - [30/Jun/2021:14:55:44 -0400] "GET /cart HTTP/1.1" 200 24190 "-" "Mozilla/5.0 (Windows NT 10.0; Win64; x64) AppleWebKit/537.36 (KHTML, like Gecko) Chrome/74.0.3729.169 Safari/537.36"
168.151.249.92 - - [30/Jun/2021:14:55:45 -0400] "GET /?add-to-cart=19961 HTTP/1.1" 302 5299 "-" "Mozilla/5.0 (Windows NT 10.0; Win64; x64) AppleWebKit/537.36 (KHTML, like Gecko) Chrome/74.0.3729.169 Safari/537.36"
168.151.249.92 - - [30/Jun/2021:14:55:46 -0400] "GET /cart HTTP/1.1" 200 24415 "-" "Mozilla/5.0 (Windows NT 10.0; Win64; x64) AppleWebKit/537.36 (KHTML, like Gecko) Chrome/74.0.3729.169 Safari/537.36"
204.48.19.85 - - [30/Jun/2021:14:59:38 -0400] "POST /wp-cron.php?doing_wp_cron=1625079578.0489900112152099609375 HTTP/1.1" 200 5548 "https://angelsonhighstreet.com/wp-cron.php?doing_wp_cron=1625079578.0489900112152099609375" "WordPress/5.7.2; https://angelsonhighstreet.com"
54.36.149.18 - - [30/Jun/2021:14:59:37 -0400] "GET /product-category/oils?product_count=48&product_order=asc&product_orderby=name&product_view=list HTTP/1.1" 200 20772 "-" "Mozilla/5.0 (compatible; AhrefsBot/7.0; +http://ahrefs.com/robot/)"
204.48.19.85 - - [30/Jun/2021:15:04:12 -0400] "POST /wp-cron.php?doing_wp_cron=1625079852.0479819774627685546875 HTTP/1.1" 200 5548 "https://angelsonhighstreet.com/wp-cron.php?doing_wp_cron=1625079852.0479819774627685546875" "WordPress/5.7.2; https://angelsonhighstreet.com"
54.36.149.86 - - [30/Jun/2021:15:04:11 -0400] "GET /product-category/oils?product_count=48&product_order=asc&product_orderby=price&product_view=list HTTP/1.1" 200 20741 "-" "Mozilla/5.0 (compatible; AhrefsBot/7.0; +http://ahrefs.com/robot/)"
23.228.109.147 - - [30/Jun/2021:15:06:01 -0400] "GET /components/com_jbusinessdirectory/assets/upload.php HTTP/1.1" 301 660 "http://www.google.com/" "Mozilla/5.0 (Windows NT 6.1; Win64; x64) AppleWebKit/537.36 (KHTML, like Gecko) Chrome/56.0.2896.3 Safari/537.36"
204.48.19.85 - - [30/Jun/2021:15:06:02 -0400] "POST /wp-cron.php?doing_wp_cron=1625079962.9408159255981445312500 HTTP/1.1" 200 5548 "https://angelsonhighstreet.com/wp-cron.php?doing_wp_cron=1625079962.9408159255981445312500" "WordPress/5.7.2; https://angelsonhighstreet.com"
23.228.109.147 - - [30/Jun/2021:15:06:02 -0400] "GET /components/com_jbusinessdirectory/assets/upload.php HTTP/1.1" 404 19176 "http://www.google.com/" "Mozilla/5.0 (Windows NT 6.1; Win64; x64) AppleWebKit/537.36 (KHTML, like Gecko) Chrome/56.0.2896.3 Safari/537.36"
204.48.19.85 - - [30/Jun/2021:15:09:06 -0400] "POST /wp-cron.php?doing_wp_cron=1625080146.3234748840332031250000 HTTP/1.1" 200 5548 "https://angelsonhighstreet.com/wp-cron.php?doing_wp_cron=1625080146.3234748840332031250000" "WordPress/5.7.2; https://angelsonhighstreet.com"
54.36.149.102 - - [30/Jun/2021:15:09:05 -0400] "GET /product-category/oils?product_order=desc&product_view=grid&product_orderby=price&product_count=32 HTTP/1.1" 200 20479 "-" "Mozilla/5.0 (compatible; AhrefsBot/7.0; +http://ahrefs.com/robot/)"
204.48.19.85 - - [30/Jun/2021:15:10:47 -0400] "POST /wp-cron.php?doing_wp_cron=1625080247.9153540134429931640625 HTTP/1.1" 200 5548 "https://angelsonhighstreet.com/wp-cron.php?doing_wp_cron=1625080247.9153540134429931640625" "WordPress/5.7.2; https://angelsonhighstreet.com"
66.249.66.38 - - [30/Jun/2021:15:10:47 -0400] "GET /shop/cbg-salve-with-lifter-terpenes HTTP/1.1" 200 28397 "-" "Mozilla/5.0 (Linux; Android 6.0.1; Nexus 5X Build/MMB29P) AppleWebKit/537.36 (KHTML, like Gecko) Chrome/91.0.4472.90 Mobile Safari/537.36 (compatible; Googlebot/2.1; +http://www.google.com/bot.html)"
66.249.66.35 - - [30/Jun/2021:15:11:34 -0400] "GET /wp-content/plugins/woocommerce/assets/js/jquery-blockui/jquery.blockUI.min.js?ver=2.70 HTTP/1.1" 200 9186 "https://angelsonhighstreet.com/shop/cbg-salve-with-lifter-terpenes" "Mozilla/5.0 (Linux; Android 6.0.1; Nexus 5X Build/MMB29P) AppleWebKit/537.36 (KHTML, like Gecko) Chrome/91.0.4472.90 Mobile Safari/537.36 (compatible; Googlebot/2.1; +http://www.google.com/bot.html)"
204.48.19.85 - - [30/Jun/2021:15:14:47 -0400] "POST /wp-cron.php?doing_wp_cron=1625080487.2750930786132812500000 HTTP/1.1" 200 5548 "https://angelsonhighstreet.com/wp-cron.php?doing_wp_cron=1625080487.2750930786132812500000" "WordPress/5.7.2; https://angelsonhighstreet.com"
54.36.149.35 - - [30/Jun/2021:15:14:46 -0400] "GET /product-category/oils?product_order=desc&product_view=grid&product_orderby=default&product_count=48 HTTP/1.1" 200 20486 "-" "Mozilla/5.0 (compatible; AhrefsBot/7.0; +http://ahrefs.com/robot/)"
204.48.19.85 - - [30/Jun/2021:15:16:24 -0400] "POST /wp-cron.php?doing_wp_cron=1625080584.8507549762725830078125 HTTP/1.1" 200 5548 "https://angelsonhighstreet.com/wp-cron.php?doing_wp_cron=1625080584.8507549762725830078125" "WordPress/5.7.2; https://angelsonhighstreet.com"
185.191.171.42 - - [30/Jun/2021:15:16:24 -0400] "GET /robots.txt HTTP/1.1" 200 5752 "-" "Mozilla/5.0 (compatible; SemrushBot/7~bl; +http://www.semrush.com/bot.html)"
185.191.171.4 - - [30/Jun/2021:15:16:25 -0400] "GET /shop-full-width?product_count=48&product_order=asc&product_orderby=date HTTP/1.1" 200 21126 "-" "Mozilla/5.0 (compatible; SemrushBot/7~bl; +http://www.semrush.com/bot.html)"
204.48.19.85 - - [30/Jun/2021:15:20:38 -0400] "POST /wp-cron.php?doing_wp_cron=1625080838.8919789791107177734375 HTTP/1.1" 200 5548 "https://angelsonhighstreet.com/wp-cron.php?doing_wp_cron=1625080838.8919789791107177734375" "WordPress/5.7.2; https://angelsonhighstreet.com"
54.36.149.18 - - [30/Jun/2021:15:20:38 -0400] "GET /product-category/salves?product_view=list&product_orderby=name&product_order=desc&product_count=48 HTTP/1.1" 200 20856 "-" "Mozilla/5.0 (compatible; AhrefsBot/7.0; +http://ahrefs.com/robot/)"
204.48.19.85 - - [30/Jun/2021:15:26:00 -0400] "POST /wp-cron.php?doing_wp_cron=1625081160.4690909385681152343750 HTTP/1.1" 200 5548 "https://angelsonhighstreet.com/wp-cron.php?doing_wp_cron=1625081160.4690909385681152343750" "WordPress/5.7.2; https://angelsonhighstreet.com"
54.36.149.18 - - [30/Jun/2021:15:25:59 -0400] "GET /product-category/oils?product_order=desc&product_view=grid&product_count=16&product_orderby=date HTTP/1.1" 200 20455 "-" "Mozilla/5.0 (compatible; AhrefsBot/7.0; +http://ahrefs.com/robot/)"
204.48.19.85 - - [30/Jun/2021:15:31:05 -0400] "POST /wp-cron.php?doing_wp_cron=1625081465.2101049423217773437500 HTTP/1.1" 200 5548 "https://angelsonhighstreet.com/wp-cron.php?doing_wp_cron=1625081465.2101049423217773437500" "WordPress/5.7.2; https://angelsonhighstreet.com"
54.36.149.18 - - [30/Jun/2021:15:31:04 -0400] "GET /product-category/salves?product_view=grid&product_orderby=default&product_order=desc&product_count=16 HTTP/1.1" 200 20674 "-" "Mozilla/5.0 (compatible; AhrefsBot/7.0; +http://ahrefs.com/robot/)"
66.249.66.35 - - [30/Jun/2021:15:31:15 -0400] "GET /affiliate-home/affiliate-register HTTP/1.1" 200 24948 "-" "Mozilla/5.0 (Linux; Android 6.0.1; Nexus 5X Build/MMB29P) AppleWebKit/537.36 (KHTML, like Gecko) Chrome/91.0.4472.90 Mobile Safari/537.36 (compatible; Googlebot/2.1; +http://www.google.com/bot.html)"
66.249.66.38 - - [30/Jun/2021:15:31:22 -0400] "GET /wp-content/plugins/affiliates-manager/style/jquery-ui/smoothness/jquery-ui.css?ver=5.7.2 HTTP/1.1" 200 13838 "https://angelsonhighstreet.com/affiliate-home/affiliate-register" "Mozilla/5.0 (Linux; Android 6.0.1; Nexus 5X Build/MMB29P) AppleWebKit/537.36 (KHTML, like Gecko) Chrome/91.0.4472.90 Mobile Safari/537.36 (compatible; Googlebot/2.1; +http://www.google.com/bot.html)"
66.249.66.38 - - [30/Jun/2021:15:31:23 -0400] "GET /wp-content/plugins/affiliates-manager/style/pure-styles.css?ver=5.7.2 HTTP/1.1" 200 5733 "https://angelsonhighstreet.com/affiliate-home/affiliate-register" "Mozilla/5.0 (Linux; Android 6.0.1; Nexus 5X Build/MMB29P) AppleWebKit/537.36 (KHTML, like Gecko) Chrome/91.0.4472.90 Mobile Safari/537.36 (compatible; Googlebot/2.1; +http://www.google.com/bot.html)"
66.249.66.35 - - [30/Jun/2021:15:31:24 -0400] "GET /wp-content/plugins/affiliates-manager/style/style.css?ver=5.7.2 HTTP/1.1" 200 7277 "https://angelsonhighstreet.com/affiliate-home/affiliate-register" "Mozilla/5.0 (Linux; Android 6.0.1; Nexus 5X Build/MMB29P) AppleWebKit/537.36 (KHTML, like Gecko) Chrome/91.0.4472.90 Mobile Safari/537.36 (compatible; Googlebot/2.1; +http://www.google.com/bot.html)"
66.249.66.35 - - [30/Jun/2021:15:31:24 -0400] "GET /wp-includes/js/jquery/ui/core.min.js?ver=1.12.1 HTTP/1.1" 200 7345 "https://angelsonhighstreet.com/affiliate-home/affiliate-register" "Mozilla/5.0 (Linux; Android 6.0.1; Nexus 5X Build/MMB29P) AppleWebKit/537.36 (KHTML, like Gecko) Chrome/91.0.4472.90 Mobile Safari/537.36 (compatible; Googlebot/2.1; +http://www.google.com/bot.html)"
66.249.66.38 - - [30/Jun/2021:15:31:25 -0400] "GET /wp-includes/js/jquery/ui/mouse.min.js?ver=1.12.1 HTTP/1.1" 200 1506 "https://angelsonhighstreet.com/affiliate-home/affiliate-register" "Mozilla/5.0 (Linux; Android 6.0.1; Nexus 5X Build/MMB29P) AppleWebKit/537.36 (KHTML, like Gecko) Chrome/91.0.4472.90 Mobile Safari/537.36 (compatible; Googlebot/2.1; +http://www.google.com/bot.html)"
66.249.66.38 - - [30/Jun/2021:15:31:26 -0400] "GET /wp-includes/js/jquery/ui/resizable.min.js?ver=1.12.1 HTTP/1.1" 200 5722 "https://angelsonhighstreet.com/affiliate-home/affiliate-register" "Mozilla/5.0 (Linux; Android 6.0.1; Nexus 5X Build/MMB29P) AppleWebKit/537.36 (KHTML, like Gecko) Chrome/91.0.4472.90 Mobile Safari/537.36 (compatible; Googlebot/2.1; +http://www.google.com/bot.html)"
66.249.66.35 - - [30/Jun/2021:15:31:27 -0400] "GET /wp-includes/js/jquery/ui/draggable.min.js?ver=1.12.1 HTTP/1.1" 200 5306 "https://angelsonhighstreet.com/affiliate-home/affiliate-register" "Mozilla/5.0 (Linux; Android 6.0.1; Nexus 5X Build/MMB29P) AppleWebKit/537.36 (KHTML, like Gecko) Chrome/91.0.4472.90 Mobile Safari/537.36 (compatible; Googlebot/2.1; +http://www.google.com/bot.html)"
66.249.66.35 - - [30/Jun/2021:15:31:28 -0400] "GET /wp-includes/js/jquery/ui/controlgroup.min.js?ver=1.12.1 HTTP/1.1" 200 2020 "https://angelsonhighstreet.com/affiliate-home/affiliate-register" "Mozilla/5.0 (Linux; Android 6.0.1; Nexus 5X Build/MMB29P) AppleWebKit/537.36 (KHTML, like Gecko) Chrome/91.0.4472.90 Mobile Safari/537.36 (compatible; Googlebot/2.1; +http://www.google.com/bot.html)"
66.249.66.35 - - [30/Jun/2021:15:31:29 -0400] "GET /wp-includes/js/jquery/ui/checkboxradio.min.js?ver=1.12.1 HTTP/1.1" 200 1844 "https://angelsonhighstreet.com/affiliate-home/affiliate-register" "Mozilla/5.0 (Linux; Android 6.0.1; Nexus 5X Build/MMB29P) AppleWebKit/537.36 (KHTML, like Gecko) Chrome/91.0.4472.90 Mobile Safari/537.36 (compatible; Googlebot/2.1; +http://www.google.com/bot.html)"
66.249.66.35 - - [30/Jun/2021:15:31:29 -0400] "GET /wp-includes/js/jquery/ui/button.min.js?ver=1.12.1 HTTP/1.1" 200 2149 "https://angelsonhighstreet.com/affiliate-home/affiliate-register" "Mozilla/5.0 (Linux; Android 6.0.1; Nexus 5X Build/MMB29P) AppleWebKit/537.36 (KHTML, like Gecko) Chrome/91.0.4472.90 Mobile Safari/537.36 (compatible; Googlebot/2.1; +http://www.google.com/bot.html)"
66.249.66.35 - - [30/Jun/2021:15:31:30 -0400] "GET /wp-includes/js/jquery/ui/dialog.min.js?ver=1.12.1 HTTP/1.1" 200 4215 "https://angelsonhighstreet.com/affiliate-home/affiliate-register" "Mozilla/5.0 (Linux; Android 6.0.1; Nexus 5X Build/MMB29P) AppleWebKit/537.36 (KHTML, like Gecko) Chrome/91.0.4472.90 Mobile Safari/537.36 (compatible; Googlebot/2.1; +http://www.google.com/bot.html)"
66.249.66.35 - - [30/Jun/2021:15:31:31 -0400] "GET /wp-content/plugins/affiliates-manager/js/tnc.js?ver=5.7.2 HTTP/1.1" 200 687 "https://angelsonhighstreet.com/affiliate-home/affiliate-register" "Mozilla/5.0 (Linux; Android 6.0.1; Nexus 5X Build/MMB29P) AppleWebKit/537.36 (KHTML, like Gecko) Chrome/91.0.4472.90 Mobile Safari/537.36 (compatible; Googlebot/2.1; +http://www.google.com/bot.html)"
66.249.66.35 - - [30/Jun/2021:15:31:32 -0400] "GET /wp-includes/js/jquery/ui/datepicker.min.js?ver=1.12.1 HTTP/1.1" 200 11245 "https://angelsonhighstreet.com/affiliate-home/affiliate-register" "Mozilla/5.0 (Linux; Android 6.0.1; Nexus 5X Build/MMB29P) AppleWebKit/537.36 (KHTML, like Gecko) Chrome/91.0.4472.90 Mobile Safari/537.36 (compatible; Googlebot/2.1; +http://www.google.com/bot.html)"
66.249.66.35 - - [30/Jun/2021:15:31:33 -0400] "GET /wp-content/uploads/fusion-scripts/b56245e53be0fd8a820b6aadd44f2547.min.js?ver=3.2.1 HTTP/1.1" 200 96890 "https://angelsonhighstreet.com/affiliate-home/affiliate-register" "Mozilla/5.0 (Linux; Android 6.0.1; Nexus 5X Build/MMB29P) AppleWebKit/537.36 (KHTML, like Gecko) Chrome/91.0.4472.90 Mobile Safari/537.36 (compatible; Googlebot/2.1; +http://www.google.com/bot.html)"
66.249.66.35 - - [30/Jun/2021:15:31:35 -0400] "POST /?wc-ajax=get_refreshed_fragments HTTP/1.1" 200 874 "https://angelsonhighstreet.com/affiliate-home/affiliate-register" "Mozilla/5.0 (Linux; Android 6.0.1; Nexus 5X Build/MMB29P) AppleWebKit/537.36 (KHTML, like Gecko) Chrome/91.0.4472.90 Mobile Safari/537.36 (compatible; Googlebot/2.1; +http://www.google.com/bot.html)"
204.48.19.85 - - [30/Jun/2021:15:33:38 -0400] "POST /wp-cron.php?doing_wp_cron=1625081618.0146260261535644531250 HTTP/1.1" 200 5548 "https://angelsonhighstreet.com/wp-cron.php?doing_wp_cron=1625081618.0146260261535644531250" "WordPress/5.7.2; https://angelsonhighstreet.com"
116.62.49.96 - - [30/Jun/2021:15:33:37 -0400] "POST /wp-login.php HTTP/1.1" 200 8132 "-" "Mozilla/5.0 (Windows NT 10.0; Win64; x64) AppleWebKit/537.36 (KHTML, like Gecko) Chrome/60.0.3112.101 Safari/537.36"
204.48.19.85 - - [30/Jun/2021:15:35:59 -0400] "POST /wp-cron.php?doing_wp_cron=1625081759.0781819820404052734375 HTTP/1.1" 200 5548 "https://angelsonhighstreet.com/wp-cron.php?doing_wp_cron=1625081759.0781819820404052734375" "WordPress/5.7.2; https://angelsonhighstreet.com"
54.36.148.156 - - [30/Jun/2021:15:35:58 -0400] "GET /product-category/oils?product_order=asc&product_view=grid&product_orderby=date&product_count=16 HTTP/1.1" 200 20456 "-" "Mozilla/5.0 (compatible; AhrefsBot/7.0; +http://ahrefs.com/robot/)"
204.48.19.85 - - [30/Jun/2021:15:38:57 -0400] "POST /wp-cron.php?doing_wp_cron=1625081937.5438170433044433593750 HTTP/1.1" 200 5548 "https://angelsonhighstreet.com/wp-cron.php?doing_wp_cron=1625081937.5438170433044433593750" "WordPress/5.7.2; https://angelsonhighstreet.com"
103.3.245.113 - - [30/Jun/2021:15:38:56 -0400] "POST /wp-login.php HTTP/1.1" 200 8134 "-" "Mozilla/5.0 (Windows NT 10.0; Win64; x64) AppleWebKit/537.36 (KHTML, like Gecko) Chrome/72.0.3626.109 Safari/537.36"
204.48.19.85 - - [30/Jun/2021:15:40:48 -0400] "POST /wp-cron.php?doing_wp_cron=1625082048.2013518810272216796875 HTTP/1.1" 200 5548 "https://angelsonhighstreet.com/wp-cron.php?doing_wp_cron=1625082048.2013518810272216796875" "WordPress/5.7.2; https://angelsonhighstreet.com"
54.36.149.18 - - [30/Jun/2021:15:40:47 -0400] "GET /product-category/oils?product_order=desc&product_view=grid&product_count=16&product_orderby=name HTTP/1.1" 200 20487 "-" "Mozilla/5.0 (compatible; AhrefsBot/7.0; +http://ahrefs.com/robot/)"
204.48.19.85 - - [30/Jun/2021:15:41:15 -0400] "POST /wp-cron.php?doing_wp_cron=1625082075.1164829730987548828125 HTTP/1.1" 200 5548 "https://angelsonhighstreet.com/wp-cron.php?doing_wp_cron=1625082075.1164829730987548828125" "WordPress/5.7.2; https://angelsonhighstreet.com"
66.249.66.41 - - [30/Jun/2021:15:41:14 -0400] "GET /affiliate-home/affiliate-register HTTP/1.1" 200 24961 "-" "Mozilla/5.0 (compatible; Googlebot/2.1; +http://www.google.com/bot.html)"
185.191.171.16 - - [30/Jun/2021:15:41:30 -0400] "GET /shop-full-width?product_count=32&product_order=desc&product_orderby=default HTTP/1.1" 200 21125 "-" "Mozilla/5.0 (compatible; SemrushBot/7~bl; +http://www.semrush.com/bot.html)"
204.48.19.85 - - [30/Jun/2021:15:43:35 -0400] "POST /wp-cron.php?doing_wp_cron=1625082215.7272870540618896484375 HTTP/1.1" 200 5548 "https://angelsonhighstreet.com/wp-cron.php?doing_wp_cron=1625082215.7272870540618896484375" "WordPress/5.7.2; https://angelsonhighstreet.com"
185.191.171.33 - - [30/Jun/2021:15:43:35 -0400] "GET /product-category/oils?product_count=48&product_order=asc&product_orderby=price&product_view=grid HTTP/1.1" 200 20437 "-" "Mozilla/5.0 (compatible; SemrushBot/7~bl; +http://www.semrush.com/bot.html)"
204.48.19.85 - - [30/Jun/2021:15:45:47 -0400] "POST /wp-cron.php?doing_wp_cron=1625082347.1174130439758300781250 HTTP/1.1" 200 5548 "https://angelsonhighstreet.com/wp-cron.php?doing_wp_cron=1625082347.1174130439758300781250" "WordPress/5.7.2; https://angelsonhighstreet.com"
54.36.149.36 - - [30/Jun/2021:15:45:46 -0400] "GET /product-category/oils?product_order=asc&product_view=grid&product_count=48&product_orderby=popularity HTTP/1.1" 200 20444 "-" "Mozilla/5.0 (compatible; AhrefsBot/7.0; +http://ahrefs.com/robot/)"
204.48.19.85 - - [30/Jun/2021:15:51:14 -0400] "POST /wp-cron.php?doing_wp_cron=1625082674.6225728988647460937500 HTTP/1.1" 200 5548 "https://angelsonhighstreet.com/wp-cron.php?doing_wp_cron=1625082674.6225728988647460937500" "WordPress/5.7.2; https://angelsonhighstreet.com"
54.36.148.32 - - [30/Jun/2021:15:51:13 -0400] "GET /product-category/oils?product_order=asc&product_view=grid&product_orderby=default&product_count=16 HTTP/1.1" 200 20447 "-" "Mozilla/5.0 (compatible; AhrefsBot/7.0; +http://ahrefs.com/robot/)"
204.48.19.85 - - [30/Jun/2021:15:52:04 -0400] "POST /wp-cron.php?doing_wp_cron=1625082724.5801780223846435546875 HTTP/1.1" 200 5548 "https://angelsonhighstreet.com/wp-cron.php?doing_wp_cron=1625082724.5801780223846435546875" "WordPress/5.7.2; https://angelsonhighstreet.com"
207.46.13.71 - - [30/Jun/2021:15:52:03 -0400] "GET /wp-sitemap-taxonomies-product_cat-1.xml HTTP/1.1" 200 5322 "-" "Mozilla/5.0 (compatible; bingbot/2.0; +http://www.bing.com/bingbot.htm)"
204.48.19.85 - - [30/Jun/2021:15:55:34 -0400] "POST /wp-cron.php?doing_wp_cron=1625082934.2038040161132812500000 HTTP/1.1" 200 5548 "https://angelsonhighstreet.com/wp-cron.php?doing_wp_cron=1625082934.2038040161132812500000" "WordPress/5.7.2; https://angelsonhighstreet.com"
18.223.115.74 - - [30/Jun/2021:15:55:33 -0400] "GET /contact-us HTTP/1.1" 200 19992 "-" "Mozilla/5.0 (Windows NT 10.0; WOW64) AppleWebKit/537.36 (KHTML, like Gecko) Chrome/65.0.3325.183 Safari/537.36 Vivaldi/1.96.1147.42"
18.223.115.74 - - [30/Jun/2021:15:55:35 -0400] "POST /wp-json/ HTTP/1.1" 404 5652 "https://angelsonhighstreet.com/contact-us" "Mozilla/5.0 (Windows NT 10.0; WOW64) AppleWebKit/537.36 (KHTML, like Gecko) Chrome/65.0.3325.183 Safari/537.36 Vivaldi/1.96.1147.42"
204.48.19.85 - - [30/Jun/2021:15:56:53 -0400] "POST /wp-cron.php?doing_wp_cron=1625083013.1415479183197021484375 HTTP/1.1" 200 5548 "https://angelsonhighstreet.com/wp-cron.php?doing_wp_cron=1625083013.1415479183197021484375" "WordPress/5.7.2; https://angelsonhighstreet.com"
54.36.148.77 - - [30/Jun/2021:15:56:52 -0400] "GET /product-category/oils?product_order=asc&product_view=grid&product_count=48&product_orderby=default HTTP/1.1" 200 20448 "-" "Mozilla/5.0 (compatible; AhrefsBot/7.0; +http://ahrefs.com/robot/)"
3.84.83.47 - - [30/Jun/2021:15:58:30 -0400] "GET / HTTP/1.1" 301 539 "-" "Snap URL Preview Service; bot; https://developers.snap.com/robots"
204.48.19.85 - - [30/Jun/2021:15:58:31 -0400] "POST /wp-cron.php?doing_wp_cron=1625083111.7105739116668701171875 HTTP/1.1" 200 5548 "https://angelsonhighstreet.com/wp-cron.php?doing_wp_cron=1625083111.7105739116668701171875" "WordPress/5.7.2; https://angelsonhighstreet.com"
3.84.83.47 - - [30/Jun/2021:15:58:31 -0400] "GET / HTTP/1.1" 200 25268 "http://angelsonhighstreet.com" "Snap URL Preview Service; bot; https://developers.snap.com/robots"
204.48.19.85 - - [30/Jun/2021:16:02:38 -0400] "POST /wp-cron.php?doing_wp_cron=1625083358.5952129364013671875000 HTTP/1.1" 200 5548 "https://angelsonhighstreet.com/wp-cron.php?doing_wp_cron=1625083358.5952129364013671875000" "WordPress/5.7.2; https://angelsonhighstreet.com"
54.36.149.18 - - [30/Jun/2021:16:02:37 -0400] "GET /product-category/salves?product_order=asc&product_count=48&product_view=grid HTTP/1.1" 200 20648 "-" "Mozilla/5.0 (compatible; AhrefsBot/7.0; +http://ahrefs.com/robot/)"
204.48.19.85 - - [30/Jun/2021:16:03:56 -0400] "POST /wp-cron.php?doing_wp_cron=1625083436.7934091091156005859375 HTTP/1.1" 200 5548 "https://angelsonhighstreet.com/wp-cron.php?doing_wp_cron=1625083436.7934091091156005859375" "WordPress/5.7.2; https://angelsonhighstreet.com"
95.158.169.11 - - [30/Jun/2021:16:03:56 -0400] "GET /wp-content/plugins/wp-user-avatar/readme.txt HTTP/1.1" 301 5191 "-" "Mozilla"
54.36.148.120 - - [30/Jun/2021:16:08:07 -0400] "GET /product-category/oils?product_order=asc&product_view=grid&product_count=32&product_orderby=name HTTP/1.1" 200 20452 "-" "Mozilla/5.0 (compatible; AhrefsBot/7.0; +http://ahrefs.com/robot/)"
204.48.19.85 - - [30/Jun/2021:16:08:08 -0400] "POST /wp-admin/admin-ajax.php?action=wp_1_wc_privacy_cleanup&nonce=035ec0ae11 HTTP/1.1" 200 5710 "https://angelsonhighstreet.com/wp-admin/admin-ajax.php?action=wp_1_wc_privacy_cleanup&nonce=035ec0ae11" "WordPress/5.7.2; https://angelsonhighstreet.com"
204.48.19.85 - - [30/Jun/2021:16:08:08 -0400] "POST /wp-cron.php?doing_wp_cron=1625083688.0231039524078369140625 HTTP/1.1" 200 5548 "https://angelsonhighstreet.com/wp-cron.php?doing_wp_cron=1625083688.0231039524078369140625" "WordPress/5.7.2; https://angelsonhighstreet.com"
204.48.19.85 - - [30/Jun/2021:16:13:35 -0400] "POST /wp-cron.php?doing_wp_cron=1625084015.1832859516143798828125 HTTP/1.1" 200 5548 "https://angelsonhighstreet.com/wp-cron.php?doing_wp_cron=1625084015.1832859516143798828125" "WordPress/5.7.2; https://angelsonhighstreet.com"
54.36.148.114 - - [30/Jun/2021:16:13:34 -0400] "GET /product-category/oils?product_order=desc&product_view=grid&product_count=16&product_orderby=price HTTP/1.1" 200 20447 "-" "Mozilla/5.0 (compatible; AhrefsBot/7.0; +http://ahrefs.com/robot/)"
46.21.250.195 - - [30/Jun/2021:16:14:23 -0400] "GET / HTTP/1.1" 200 115228 "-" "Mozilla/5.0 (iPad; CPU OS 8_0_1 like Mac OS X; en-US) AppleWebKit/532.16.1 (KHTML, like Gecko) Version/3.0.5 Mobile/8B114 Safari/6532.16.1"
46.21.250.195 - - [30/Jun/2021:16:14:25 -0400] "POST / HTTP/1.1" 200 114134 "-" "Mozilla/5.0 (iPad; CPU OS 8_0_1 like Mac OS X; en-US) AppleWebKit/532.16.1 (KHTML, like Gecko) Version/3.0.5 Mobile/8B114 Safari/6532.16.1"
46.21.250.195 - - [30/Jun/2021:16:14:26 -0400] "GET /affiliate-home/affiliate-register HTTP/1.1" 200 85279 "-" "Mozilla/5.0 (iPad; CPU OS 8_0_1 like Mac OS X; en-US) AppleWebKit/532.16.1 (KHTML, like Gecko) Version/3.0.5 Mobile/8B114 Safari/6532.16.1"
46.21.250.195 - - [30/Jun/2021:16:14:28 -0400] "POST /affiliate-home/affiliate-register HTTP/1.1" 200 68634 "-" "Mozilla/5.0 (iPad; CPU OS 8_0_1 like Mac OS X; en-US) AppleWebKit/532.16.1 (KHTML, like Gecko) Version/3.0.5 Mobile/8B114 Safari/6532.16.1"
