97.35.3.110 - - [12/Jul/2021:11:06:10 -0400] "GET /wp-login.php?redirect_to=https%3A%2F%2Fangelsonhighstreet.com%2Fwp-admin%2F&reauth=1 HTTP/1.1" 200 4867 "-" "Mozilla/5.0 (Linux; Android 11; SM-G973U) AppleWebKit/537.36 (KHTML, like Gecko) Chrome/83.0.4103.106 Mobile Safari/537.36"
97.35.3.110 - - [12/Jul/2021:11:06:13 -0400] "GET /wp-admin/css/forms.min.css?ver=5.7.2 HTTP/1.1" 200 6644 "https://angelsonhighstreet.com/wp-login.php?redirect_to=https%3A%2F%2Fangelsonhighstreet.com%2Fwp-admin%2F&reauth=1" "Mozilla/5.0 (Linux; Android 11; SM-G973U) AppleWebKit/537.36 (KHTML, like Gecko) Chrome/83.0.4103.106 Mobile Safari/537.36"
97.35.3.110 - - [12/Jul/2021:11:06:14 -0400] "GET /wp-admin/css/login.min.css?ver=5.7.2 HTTP/1.1" 200 8563 "https://angelsonhighstreet.com/wp-login.php?redirect_to=https%3A%2F%2Fangelsonhighstreet.com%2Fwp-admin%2F&reauth=1" "Mozilla/5.0 (Linux; Android 11; SM-G973U) AppleWebKit/537.36 (KHTML, like Gecko) Chrome/83.0.4103.106 Mobile Safari/537.36"
97.35.3.110 - - [12/Jul/2021:11:06:16 -0400] "GET /wp-includes/js/dist/hooks.min.js?ver=50e23bed88bcb9e6e14023e9961698c1 HTTP/1.1" 200 8859 "https://angelsonhighstreet.com/wp-login.php?redirect_to=https%3A%2F%2Fangelsonhighstreet.com%2Fwp-admin%2F&reauth=1" "Mozilla/5.0 (Linux; Android 11; SM-G973U) AppleWebKit/537.36 (KHTML, like Gecko) Chrome/83.0.4103.106 Mobile Safari/537.36"
97.35.3.110 - - [12/Jul/2021:11:06:30 -0400] "GET /wp-admin/images/wordpress-logo.svg?ver=20131107 HTTP/1.1" 200 1804 "https://angelsonhighstreet.com/wp-admin/css/login.min.css?ver=5.7.2" "Mozilla/5.0 (Linux; Android 11; SM-G973U) AppleWebKit/537.36 (KHTML, like Gecko) Chrome/83.0.4103.106 Mobile Safari/537.36"
97.35.3.110 - - [12/Jul/2021:11:06:32 -0400] "GET /wp-includes/js/underscore.min.js?ver=1.8.3 HTTP/1.1" 200 12217 "https://angelsonhighstreet.com/wp-login.php?redirect_to=https%3A%2F%2Fangelsonhighstreet.com%2Fwp-admin%2F&reauth=1" "Mozilla/5.0 (Linux; Android 11; SM-G973U) AppleWebKit/537.36 (KHTML, like Gecko) Chrome/83.0.4103.106 Mobile Safari/537.36"
97.35.3.110 - - [12/Jul/2021:11:06:41 -0400] "GET /wp-admin/js/user-profile.min.js?ver=5.7.2 HTTP/1.1" 200 3355 "https://angelsonhighstreet.com/wp-login.php?redirect_to=https%3A%2F%2Fangelsonhighstreet.com%2Fwp-admin%2F&reauth=1" "Mozilla/5.0 (Linux; Android 11; SM-G973U) AppleWebKit/537.36 (KHTML, like Gecko) Chrome/83.0.4103.106 Mobile Safari/537.36"
97.35.3.110 - - [12/Jul/2021:11:06:48 -0400] "POST /wp-login.php HTTP/1.1" 302 1782 "https://angelsonhighstreet.com/wp-login.php?redirect_to=https%3A%2F%2Fangelsonhighstreet.com%2Fwp-admin%2F&reauth=1" "Mozilla/5.0 (Linux; Android 11; SM-G973U) AppleWebKit/537.36 (KHTML, like Gecko) Chrome/83.0.4103.106 Mobile Safari/537.36"
204.48.19.85 - - [12/Jul/2021:11:07:24 -0400] "POST /wp-cron.php?doing_wp_cron=1626102444.9008240699768066406250 HTTP/1.1" 200 6350 "https://angelsonhighstreet.com/wp-cron.php?doing_wp_cron=1626102444.9008240699768066406250" "WordPress/5.7.2; https://angelsonhighstreet.com"
97.35.3.110 - - [12/Jul/2021:11:07:24 -0400] "GET /wp-login.php?redirect_to=https%3A%2F%2Fangelsonhighstreet.com%2Fwp-admin%2F&reauth=1 HTTP/1.1" 200 5443 "-" "Mozilla/5.0 (Linux; Android 11; SM-G973U) AppleWebKit/537.36 (KHTML, like Gecko) Chrome/83.0.4103.106 Mobile Safari/537.36"
97.35.3.110 - - [12/Jul/2021:11:07:36 -0400] "GET /wp-includes/js/underscore.min.js?ver=1.8.3 HTTP/1.1" 200 6719 "https://angelsonhighstreet.com/wp-login.php?redirect_to=https%3A%2F%2Fangelsonhighstreet.com%2Fwp-admin%2F&reauth=1" "Mozilla/5.0 (Linux; Android 11; SM-G973U) AppleWebKit/537.36 (KHTML, like Gecko) Chrome/83.0.4103.106 Mobile Safari/537.36"
97.35.3.110 - - [12/Jul/2021:11:07:39 -0400] "GET /wp-includes/js/dist/i18n.min.js?ver=db9a9a37da262883343e941c3731bc67 HTTP/1.1" 200 10410 "https://angelsonhighstreet.com/wp-login.php?redirect_to=https%3A%2F%2Fangelsonhighstreet.com%2Fwp-admin%2F&reauth=1" "Mozilla/5.0 (Linux; Android 11; SM-G973U) AppleWebKit/537.36 (KHTML, like Gecko) Chrome/83.0.4103.106 Mobile Safari/537.36"
204.48.19.85 - - [12/Jul/2021:11:09:16 -0400] "POST /wp-cron.php?doing_wp_cron=1626102556.8447749614715576171875 HTTP/1.1" 200 6350 "https://angelsonhighstreet.com/wp-cron.php?doing_wp_cron=1626102556.8447749614715576171875" "WordPress/5.7.2; https://angelsonhighstreet.com"
162.144.195.153 - - [12/Jul/2021:11:09:16 -0400] "POST /wp-login.php HTTP/1.1" 200 8938 "-" "Mozilla/5.0 (Windows NT 10.0; Win64; x64) AppleWebKit/537.36 (KHTML, like Gecko) Chrome/86.0.4240.193 Safari/537.36"
97.35.3.110 - - [12/Jul/2021:11:07:42 -0400] "GET /wp-includes/js/zxcvbn.min.js HTTP/1.1" 200 395192 "https://angelsonhighstreet.com/wp-login.php?redirect_to=https%3A%2F%2Fangelsonhighstreet.com%2Fwp-admin%2F&reauth=1" "Mozilla/5.0 (Linux; Android 11; SM-G973U) AppleWebKit/537.36 (KHTML, like Gecko) Chrome/83.0.4103.106 Mobile Safari/537.36"
204.48.19.85 - - [12/Jul/2021:11:14:07 -0400] "POST /wp-cron.php?doing_wp_cron=1626102847.3075070381164550781250 HTTP/1.1" 200 6350 "https://angelsonhighstreet.com/wp-cron.php?doing_wp_cron=1626102847.3075070381164550781250" "WordPress/5.7.2; https://angelsonhighstreet.com"
174.198.32.87 - - [12/Jul/2021:11:14:06 -0400] "POST /wp-login.php HTTP/1.1" 302 7280 "https://angelsonhighstreet.com/wp-login.php?redirect_to=https%3A%2F%2Fangelsonhighstreet.com%2Fwp-admin%2F&reauth=1" "Mozilla/5.0 (Linux; Android 11; SM-G973U) AppleWebKit/537.36 (KHTML, like Gecko) Chrome/83.0.4103.106 Mobile Safari/537.36"
174.198.32.87 - - [12/Jul/2021:11:14:08 -0400] "GET /wp-admin/ HTTP/1.1" 200 51750 "https://angelsonhighstreet.com/wp-login.php?redirect_to=https%3A%2F%2Fangelsonhighstreet.com%2Fwp-admin%2F&reauth=1" "Mozilla/5.0 (Linux; Android 11; SM-G973U) AppleWebKit/537.36 (KHTML, like Gecko) Chrome/83.0.4103.106 Mobile Safari/537.36"
174.198.32.87 - - [12/Jul/2021:11:14:10 -0400] "GET /wp-admin/load-styles.php?c=0&dir=ltr&load%5Bchunk_0%5D=dashicons,admin-bar,site-health,common,forms,admin-menu,dashboard,list-tables,edit,revisions,media,themes,about,nav-menus,wp-poi&load%5Bchunk_1%5D=nter,widgets,site-icon,l10n,buttons,wp-auth-check,wp-color-picker,wp-jquery-ui-dialog,media-views&ver=5.7.2 HTTP/1.1" 200 108045 "https://angelsonhighstreet.com/wp-admin/" "Mozilla/5.0 (Linux; Android 11; SM-G973U) AppleWebKit/537.36 (KHTML, like Gecko) Chrome/83.0.4103.106 Mobile Safari/537.36"
174.198.32.87 - - [12/Jul/2021:11:14:10 -0400] "GET /wp-admin/css/colors/ectoplasm/colors.min.css?ver=5.7.2 HTTP/1.1" 200 9687 "https://angelsonhighstreet.com/wp-admin/" "Mozilla/5.0 (Linux; Android 11; SM-G973U) AppleWebKit/537.36 (KHTML, like Gecko) Chrome/83.0.4103.106 Mobile Safari/537.36"
174.198.32.87 - - [12/Jul/2021:11:14:10 -0400] "GET /wp-content/plugins/wp-optimize/css/smush-3-1-9.min.css?ver=3.1.9 HTTP/1.1" 200 3805 "https://angelsonhighstreet.com/wp-admin/" "Mozilla/5.0 (Linux; Android 11; SM-G973U) AppleWebKit/537.36 (KHTML, like Gecko) Chrome/83.0.4103.106 Mobile Safari/537.36"
174.198.32.87 - - [12/Jul/2021:11:14:10 -0400] "GET /wp-content/plugins/age-gate/admin/css/age-gate-admin.css?ver=2.15.0 HTTP/1.1" 200 3458 "https://angelsonhighstreet.com/wp-admin/" "Mozilla/5.0 (Linux; Android 11; SM-G973U) AppleWebKit/537.36 (KHTML, like Gecko) Chrome/83.0.4103.106 Mobile Safari/537.36"
174.198.32.87 - - [12/Jul/2021:11:14:10 -0400] "GET /wp-content/plugins/revslider/admin/assets/css/tp-color-picker.css?ver=6.3.3 HTTP/1.1" 200 6913 "https://angelsonhighstreet.com/wp-admin/" "Mozilla/5.0 (Linux; Android 11; SM-G973U) AppleWebKit/537.36 (KHTML, like Gecko) Chrome/83.0.4103.106 Mobile Safari/537.36"
174.198.32.87 - - [12/Jul/2021:11:14:11 -0400] "GET /wp-includes/js/mediaelement/mediaelementplayer-legacy.min.css?ver=4.2.16 HTTP/1.1" 200 3634 "https://angelsonhighstreet.com/wp-admin/" "Mozilla/5.0 (Linux; Android 11; SM-G973U) AppleWebKit/537.36 (KHTML, like Gecko) Chrome/83.0.4103.106 Mobile Safari/537.36"
174.198.32.87 - - [12/Jul/2021:11:14:11 -0400] "GET /wp-content/plugins/google-analytics-dashboard-for-wp/lite/assets/vue/css/chunk-vendors.css?ver=6.7.0 HTTP/1.1" 200 11140 "https://angelsonhighstreet.com/wp-admin/" "Mozilla/5.0 (Linux; Android 11; SM-G973U) AppleWebKit/537.36 (KHTML, like Gecko) Chrome/83.0.4103.106 Mobile Safari/537.36"
174.198.32.87 - - [12/Jul/2021:11:14:11 -0400] "GET /wp-content/plugins/google-analytics-dashboard-for-wp/lite/assets/vue/css/widget.css?ver=6.7.0 HTTP/1.1" 200 34426 "https://angelsonhighstreet.com/wp-admin/" "Mozilla/5.0 (Linux; Android 11; SM-G973U) AppleWebKit/537.36 (KHTML, like Gecko) Chrome/83.0.4103.106 Mobile Safari/537.36"
174.198.32.87 - - [12/Jul/2021:11:14:11 -0400] "GET /wp-content/themes/Avada/assets/admin/css/admin.css?ver=7.2.1 HTTP/1.1" 200 10173 "https://angelsonhighstreet.com/wp-admin/" "Mozilla/5.0 (Linux; Android 11; SM-G973U) AppleWebKit/537.36 (KHTML, like Gecko) Chrome/83.0.4103.106 Mobile Safari/537.36"
174.198.32.87 - - [12/Jul/2021:11:14:11 -0400] "GET /wp-content/themes/Avada/includes/lib/assets/fonts/icomoon-admin/icomoon.css?ver=7.2.1 HTTP/1.1" 200 2774 "https://angelsonhighstreet.com/wp-admin/" "Mozilla/5.0 (Linux; Android 11; SM-G973U) AppleWebKit/537.36 (KHTML, like Gecko) Chrome/83.0.4103.106 Mobile Safari/537.36"
174.198.32.87 - - [12/Jul/2021:11:14:11 -0400] "GET /wp-content/plugins/akismet/_inc/akismet.css?ver=4.1.9 HTTP/1.1" 200 3616 "https://angelsonhighstreet.com/wp-admin/" "Mozilla/5.0 (Linux; Android 11; SM-G973U) AppleWebKit/537.36 (KHTML, like Gecko) Chrome/83.0.4103.106 Mobile Safari/537.36"
174.198.32.87 - - [12/Jul/2021:11:14:11 -0400] "GET /wp-content/themes/Avada/assets/admin/css/avada-admin.css?ver=7.2.1 HTTP/1.1" 200 13066 "https://angelsonhighstreet.com/wp-admin/" "Mozilla/5.0 (Linux; Android 11; SM-G973U) AppleWebKit/537.36 (KHTML, like Gecko) Chrome/83.0.4103.106 Mobile Safari/537.36"
174.198.32.87 - - [12/Jul/2021:11:14:11 -0400] "GET /wp-includes/js/jquery/ui/core.min.js?ver=1.12.1 HTTP/1.1" 200 7345 "https://angelsonhighstreet.com/wp-admin/" "Mozilla/5.0 (Linux; Android 11; SM-G973U) AppleWebKit/537.36 (KHTML, like Gecko) Chrome/83.0.4103.106 Mobile Safari/537.36"
174.198.32.87 - - [12/Jul/2021:11:14:11 -0400] "GET /wp-content/plugins/wp-optimize/js/jquery.blockUI.min.js?ver=3.1.9 HTTP/1.1" 200 3823 "https://angelsonhighstreet.com/wp-admin/" "Mozilla/5.0 (Linux; Android 11; SM-G973U) AppleWebKit/537.36 (KHTML, like Gecko) Chrome/83.0.4103.106 Mobile Safari/537.36"
174.198.32.87 - - [12/Jul/2021:11:14:11 -0400] "GET /wp-content/plugins/wp-optimize/js/wposmush-3-1-9.min.js?ver=3.1.9 HTTP/1.1" 200 5349 "https://angelsonhighstreet.com/wp-admin/" "Mozilla/5.0 (Linux; Android 11; SM-G973U) AppleWebKit/537.36 (KHTML, like Gecko) Chrome/83.0.4103.106 Mobile Safari/537.36"
174.198.32.87 - - [12/Jul/2021:11:14:11 -0400] "GET /wp-includes/js/jquery/ui/draggable.min.js?ver=1.12.1 HTTP/1.1" 200 5306 "https://angelsonhighstreet.com/wp-admin/" "Mozilla/5.0 (Linux; Android 11; SM-G973U) AppleWebKit/537.36 (KHTML, like Gecko) Chrome/83.0.4103.106 Mobile Safari/537.36"
174.198.32.87 - - [12/Jul/2021:11:14:11 -0400] "GET /wp-includes/js/jquery/ui/slider.min.js?ver=1.12.1 HTTP/1.1" 200 3591 "https://angelsonhighstreet.com/wp-admin/" "Mozilla/5.0 (Linux; Android 11; SM-G973U) AppleWebKit/537.36 (KHTML, like Gecko) Chrome/83.0.4103.106 Mobile Safari/537.36"
174.198.32.87 - - [12/Jul/2021:11:14:11 -0400] "GET /wp-admin/js/iris.min.js?ver=1.0.7 HTTP/1.1" 200 8561 "https://angelsonhighstreet.com/wp-admin/" "Mozilla/5.0 (Linux; Android 11; SM-G973U) AppleWebKit/537.36 (KHTML, like Gecko) Chrome/83.0.4103.106 Mobile Safari/537.36"
174.198.32.87 - - [12/Jul/2021:11:14:11 -0400] "GET /wp-content/plugins/age-gate/admin/js/age-gate-admin.js?ver=2.15.0 HTTP/1.1" 200 7844 "https://angelsonhighstreet.com/wp-admin/" "Mozilla/5.0 (Linux; Android 11; SM-G973U) AppleWebKit/537.36 (KHTML, like Gecko) Chrome/83.0.4103.106 Mobile Safari/537.36"
174.198.32.87 - - [12/Jul/2021:11:14:11 -0400] "GET /wp-includes/js/plupload/moxie.min.js?ver=1.3.5 HTTP/1.1" 200 28041 "https://angelsonhighstreet.com/wp-admin/" "Mozilla/5.0 (Linux; Android 11; SM-G973U) AppleWebKit/537.36 (KHTML, like Gecko) Chrome/83.0.4103.106 Mobile Safari/537.36"
174.198.32.87 - - [12/Jul/2021:11:14:11 -0400] "GET /wp-includes/js/plupload/plupload.min.js?ver=2.1.9 HTTP/1.1" 200 6068 "https://angelsonhighstreet.com/wp-admin/" "Mozilla/5.0 (Linux; Android 11; SM-G973U) AppleWebKit/537.36 (KHTML, like Gecko) Chrome/83.0.4103.106 Mobile Safari/537.36"
174.198.32.87 - - [12/Jul/2021:11:14:11 -0400] "GET /wp-includes/js/jquery/ui/datepicker.min.js?ver=1.12.1 HTTP/1.1" 200 11245 "https://angelsonhighstreet.com/wp-admin/" "Mozilla/5.0 (Linux; Android 11; SM-G973U) AppleWebKit/537.36 (KHTML, like Gecko) Chrome/83.0.4103.106 Mobile Safari/537.36"
174.198.32.87 - - [12/Jul/2021:11:14:11 -0400] "GET /wp-content/plugins/akismet/_inc/akismet.js?ver=4.1.9 HTTP/1.1" 200 4259 "https://angelsonhighstreet.com/wp-admin/" "Mozilla/5.0 (Linux; Android 11; SM-G973U) AppleWebKit/537.36 (KHTML, like Gecko) Chrome/83.0.4103.106 Mobile Safari/537.36"
174.198.32.87 - - [12/Jul/2021:11:14:11 -0400] "GET /wp-content/plugins/woocommerce/assets/js/jquery-flot/jquery.flot.min.js?ver=5.3.0 HTTP/1.1" 200 12812 "https://angelsonhighstreet.com/wp-admin/" "Mozilla/5.0 (Linux; Android 11; SM-G973U) AppleWebKit/537.36 (KHTML, like Gecko) Chrome/83.0.4103.106 Mobile Safari/537.36"
174.198.32.87 - - [12/Jul/2021:11:14:11 -0400] "GET /wp-content/plugins/woocommerce/assets/js/jquery-flot/jquery.flot.time.min.js?ver=5.3.0 HTTP/1.1" 200 2322 "https://angelsonhighstreet.com/wp-admin/" "Mozilla/5.0 (Linux; Android 11; SM-G973U) AppleWebKit/537.36 (KHTML, like Gecko) Chrome/83.0.4103.106 Mobile Safari/537.36"
174.198.32.87 - - [12/Jul/2021:11:14:12 -0400] "GET /wp-content/plugins/woocommerce/assets/js/jquery-flot/jquery.flot.pie.min.js?ver=5.3.0 HTTP/1.1" 200 3341 "https://angelsonhighstreet.com/wp-admin/" "Mozilla/5.0 (Linux; Android 11; SM-G973U) AppleWebKit/537.36 (KHTML, like Gecko) Chrome/83.0.4103.106 Mobile Safari/537.36"
174.198.32.87 - - [12/Jul/2021:11:14:12 -0400] "GET /wp-includes/css/editor.min.css?ver=5.7.2 HTTP/1.1" 200 6362 "https://angelsonhighstreet.com/wp-admin/" "Mozilla/5.0 (Linux; Android 11; SM-G973U) AppleWebKit/537.36 (KHTML, like Gecko) Chrome/83.0.4103.106 Mobile Safari/537.36"
174.198.32.87 - - [12/Jul/2021:11:14:12 -0400] "GET /wp-admin/js/common.min.js?ver=5.7.2 HTTP/1.1" 200 7008 "https://angelsonhighstreet.com/wp-admin/" "Mozilla/5.0 (Linux; Android 11; SM-G973U) AppleWebKit/537.36 (KHTML, like Gecko) Chrome/83.0.4103.106 Mobile Safari/537.36"
174.198.32.87 - - [12/Jul/2021:11:14:12 -0400] "GET /wp-includes/js/thickbox/thickbox.js?ver=3.1-20121105 HTTP/1.1" 200 4481 "https://angelsonhighstreet.com/wp-admin/" "Mozilla/5.0 (Linux; Android 11; SM-G973U) AppleWebKit/537.36 (KHTML, like Gecko) Chrome/83.0.4103.106 Mobile Safari/537.36"
174.198.32.87 - - [12/Jul/2021:11:14:12 -0400] "GET /wp-includes/js/clipboard.min.js?ver=5.7.2 HTTP/1.1" 200 3782 "https://angelsonhighstreet.com/wp-admin/" "Mozilla/5.0 (Linux; Android 11; SM-G973U) AppleWebKit/537.36 (KHTML, like Gecko) Chrome/83.0.4103.106 Mobile Safari/537.36"
174.198.32.87 - - [12/Jul/2021:11:14:11 -0400] "GET /wp-content/plugins/wp-optimize/js/minify-admin-purge-3-1-9.min.js?ver=3.1.9 HTTP/1.1" 404 15279 "https://angelsonhighstreet.com/wp-admin/" "Mozilla/5.0 (Linux; Android 11; SM-G973U) AppleWebKit/537.36 (KHTML, like Gecko) Chrome/83.0.4103.106 Mobile Safari/537.36"
174.198.32.87 - - [12/Jul/2021:11:14:12 -0400] "GET /wp-includes/js/dist/vendor/lodash.min.js?ver=4.17.19 HTTP/1.1" 200 26310 "https://angelsonhighstreet.com/wp-admin/" "Mozilla/5.0 (Linux; Android 11; SM-G973U) AppleWebKit/537.36 (KHTML, like Gecko) Chrome/83.0.4103.106 Mobile Safari/537.36"
174.198.32.87 - - [12/Jul/2021:11:14:12 -0400] "GET /wp-includes/js/dist/url.min.js?ver=0ac7e0472c46121366e7ce07244be1ac HTTP/1.1" 200 3544 "https://angelsonhighstreet.com/wp-admin/" "Mozilla/5.0 (Linux; Android 11; SM-G973U) AppleWebKit/537.36 (KHTML, like Gecko) Chrome/83.0.4103.106 Mobile Safari/537.36"
174.198.32.87 - - [12/Jul/2021:11:14:13 -0400] "GET /wp-admin/js/site-health.min.js?ver=5.7.2 HTTP/1.1" 200 2592 "https://angelsonhighstreet.com/wp-admin/" "Mozilla/5.0 (Linux; Android 11; SM-G973U) AppleWebKit/537.36 (KHTML, like Gecko) Chrome/83.0.4103.106 Mobile Safari/537.36"
174.198.32.87 - - [12/Jul/2021:11:14:13 -0400] "GET /wp-includes/js/jquery/jquery.color.min.js?ver=2.1.2 HTTP/1.1" 200 4403 "https://angelsonhighstreet.com/wp-admin/" "Mozilla/5.0 (Linux; Android 11; SM-G973U) AppleWebKit/537.36 (KHTML, like Gecko) Chrome/83.0.4103.106 Mobile Safari/537.36"
174.198.32.87 - - [12/Jul/2021:11:14:13 -0400] "GET /wp-includes/js/wp-lists.min.js?ver=5.7.2 HTTP/1.1" 200 3006 "https://angelsonhighstreet.com/wp-admin/" "Mozilla/5.0 (Linux; Android 11; SM-G973U) AppleWebKit/537.36 (KHTML, like Gecko) Chrome/83.0.4103.106 Mobile Safari/537.36"
174.198.32.87 - - [12/Jul/2021:11:14:13 -0400] "GET /wp-content/themes/Avada/assets/images/logo@2x.png HTTP/1.1" 200 6472 "https://angelsonhighstreet.com/wp-admin/" "Mozilla/5.0 (Linux; Android 11; SM-G973U) AppleWebKit/537.36 (KHTML, like Gecko) Chrome/83.0.4103.106 Mobile Safari/537.36"
174.198.32.87 - - [12/Jul/2021:11:14:13 -0400] "GET /wp-includes/js/quicktags.min.js?ver=5.7.2 HTTP/1.1" 200 3992 "https://angelsonhighstreet.com/wp-admin/" "Mozilla/5.0 (Linux; Android 11; SM-G973U) AppleWebKit/537.36 (KHTML, like Gecko) Chrome/83.0.4103.106 Mobile Safari/537.36"
174.198.32.87 - - [12/Jul/2021:11:14:13 -0400] "GET /wp-includes/js/jquery/jquery.query.js?ver=2.1.7 HTTP/1.1" 200 2132 "https://angelsonhighstreet.com/wp-admin/" "Mozilla/5.0 (Linux; Android 11; SM-G973U) AppleWebKit/537.36 (KHTML, like Gecko) Chrome/83.0.4103.106 Mobile Safari/537.36"
174.198.32.87 - - [12/Jul/2021:11:14:13 -0400] "GET /wp-admin/js/edit-comments.min.js?ver=5.7.2 HTTP/1.1" 200 5574 "https://angelsonhighstreet.com/wp-admin/" "Mozilla/5.0 (Linux; Android 11; SM-G973U) AppleWebKit/537.36 (KHTML, like Gecko) Chrome/83.0.4103.106 Mobile Safari/537.36"
174.198.32.87 - - [12/Jul/2021:11:14:13 -0400] "GET /wp-includes/js/jquery/ui/sortable.min.js?ver=1.12.1 HTTP/1.1" 200 6921 "https://angelsonhighstreet.com/wp-admin/" "Mozilla/5.0 (Linux; Android 11; SM-G973U) AppleWebKit/537.36 (KHTML, like Gecko) Chrome/83.0.4103.106 Mobile Safari/537.36"
174.198.32.87 - - [12/Jul/2021:11:14:14 -0400] "GET /wp-admin/js/postbox.min.js?ver=5.7.2 HTTP/1.1" 200 3281 "https://angelsonhighstreet.com/wp-admin/" "Mozilla/5.0 (Linux; Android 11; SM-G973U) AppleWebKit/537.36 (KHTML, like Gecko) Chrome/83.0.4103.106 Mobile Safari/537.36"
174.198.32.87 - - [12/Jul/2021:11:14:14 -0400] "GET /wp-includes/js/dist/vendor/moment.min.js?ver=2.26.0 HTTP/1.1" 200 19043 "https://angelsonhighstreet.com/wp-admin/" "Mozilla/5.0 (Linux; Android 11; SM-G973U) AppleWebKit/537.36 (KHTML, like Gecko) Chrome/83.0.4103.106 Mobile Safari/537.36"
174.198.32.87 - - [12/Jul/2021:11:14:14 -0400] "GET /wp-includes/js/dist/date.min.js?ver=e44c6aaa6f78b408b2505ac9bfb0a862 HTTP/1.1" 200 33575 "https://angelsonhighstreet.com/wp-admin/" "Mozilla/5.0 (Linux; Android 11; SM-G973U) AppleWebKit/537.36 (KHTML, like Gecko) Chrome/83.0.4103.106 Mobile Safari/537.36"
174.198.32.87 - - [12/Jul/2021:11:14:14 -0400] "GET /wp-admin/js/dashboard.min.js?ver=5.7.2 HTTP/1.1" 200 3557 "https://angelsonhighstreet.com/wp-admin/" "Mozilla/5.0 (Linux; Android 11; SM-G973U) AppleWebKit/537.36 (KHTML, like Gecko) Chrome/83.0.4103.106 Mobile Safari/537.36"
174.198.32.87 - - [12/Jul/2021:11:14:15 -0400] "GET /wp-admin/js/updates.min.js?ver=5.7.2 HTTP/1.1" 200 9459 "https://angelsonhighstreet.com/wp-admin/" "Mozilla/5.0 (Linux; Android 11; SM-G973U) AppleWebKit/537.36 (KHTML, like Gecko) Chrome/83.0.4103.106 Mobile Safari/537.36"
174.198.32.87 - - [12/Jul/2021:11:14:15 -0400] "GET /wp-admin/js/svg-painter.js?ver=5.7.2 HTTP/1.1" 200 2613 "https://angelsonhighstreet.com/wp-admin/" "Mozilla/5.0 (Linux; Android 11; SM-G973U) AppleWebKit/537.36 (KHTML, like Gecko) Chrome/83.0.4103.106 Mobile Safari/537.36"
174.198.32.87 - - [12/Jul/2021:11:14:15 -0400] "GET /wp-includes/js/heartbeat.min.js?ver=5.7.2 HTTP/1.1" 200 2501 "https://angelsonhighstreet.com/wp-admin/" "Mozilla/5.0 (Linux; Android 11; SM-G973U) AppleWebKit/537.36 (KHTML, like Gecko) Chrome/83.0.4103.106 Mobile Safari/537.36"
174.198.32.87 - - [12/Jul/2021:11:14:15 -0400] "GET /wp-includes/js/wplink.min.js?ver=5.7.2 HTTP/1.1" 200 4371 "https://angelsonhighstreet.com/wp-admin/" "Mozilla/5.0 (Linux; Android 11; SM-G973U) AppleWebKit/537.36 (KHTML, like Gecko) Chrome/83.0.4103.106 Mobile Safari/537.36"
174.198.32.87 - - [12/Jul/2021:11:14:15 -0400] "GET /wp-includes/js/backbone.min.js?ver=1.4.0 HTTP/1.1" 200 8367 "https://angelsonhighstreet.com/wp-admin/" "Mozilla/5.0 (Linux; Android 11; SM-G973U) AppleWebKit/537.36 (KHTML, like Gecko) Chrome/83.0.4103.106 Mobile Safari/537.36"
174.198.32.87 - - [12/Jul/2021:11:14:15 -0400] "GET /wp-includes/js/media-models.min.js?ver=5.7.2 HTTP/1.1" 200 4830 "https://angelsonhighstreet.com/wp-admin/" "Mozilla/5.0 (Linux; Android 11; SM-G973U) AppleWebKit/537.36 (KHTML, like Gecko) Chrome/83.0.4103.106 Mobile Safari/537.36"
174.198.32.87 - - [12/Jul/2021:11:14:15 -0400] "GET /wp-includes/js/plupload/wp-plupload.min.js?ver=5.7.2 HTTP/1.1" 200 2771 "https://angelsonhighstreet.com/wp-admin/" "Mozilla/5.0 (Linux; Android 11; SM-G973U) AppleWebKit/537.36 (KHTML, like Gecko) Chrome/83.0.4103.106 Mobile Safari/537.36"
174.198.32.87 - - [12/Jul/2021:11:14:15 -0400] "GET /wp-includes/js/mediaelement/mediaelement-and-player.min.js?ver=4.2.16 HTTP/1.1" 200 39226 "https://angelsonhighstreet.com/wp-admin/" "Mozilla/5.0 (Linux; Android 11; SM-G973U) AppleWebKit/537.36 (KHTML, like Gecko) Chrome/83.0.4103.106 Mobile Safari/537.36"
174.198.32.87 - - [12/Jul/2021:11:14:15 -0400] "GET /wp-includes/js/media-views.min.js?ver=5.7.2 HTTP/1.1" 200 24888 "https://angelsonhighstreet.com/wp-admin/" "Mozilla/5.0 (Linux; Android 11; SM-G973U) AppleWebKit/537.36 (KHTML, like Gecko) Chrome/83.0.4103.106 Mobile Safari/537.36"
174.198.32.87 - - [12/Jul/2021:11:14:15 -0400] "GET /wp-includes/js/media-editor.min.js?ver=5.7.2 HTTP/1.1" 200 4097 "https://angelsonhighstreet.com/wp-admin/" "Mozilla/5.0 (Linux; Android 11; SM-G973U) AppleWebKit/537.36 (KHTML, like Gecko) Chrome/83.0.4103.106 Mobile Safari/537.36"
174.198.32.87 - - [12/Jul/2021:11:14:15 -0400] "GET /wp-includes/js/media-audiovideo.min.js?ver=5.7.2 HTTP/1.1" 200 4078 "https://angelsonhighstreet.com/wp-admin/" "Mozilla/5.0 (Linux; Android 11; SM-G973U) AppleWebKit/537.36 (KHTML, like Gecko) Chrome/83.0.4103.106 Mobile Safari/537.36"
174.198.32.87 - - [12/Jul/2021:11:14:15 -0400] "GET /wp-includes/js/mce-view.min.js?ver=5.7.2 HTTP/1.1" 200 4244 "https://angelsonhighstreet.com/wp-admin/" "Mozilla/5.0 (Linux; Android 11; SM-G973U) AppleWebKit/537.36 (KHTML, like Gecko) Chrome/83.0.4103.106 Mobile Safari/537.36"
174.198.32.87 - - [12/Jul/2021:11:14:15 -0400] "GET /wp-includes/js/imgareaselect/jquery.imgareaselect.min.js?ver=5.7.2 HTTP/1.1" 200 4185 "https://angelsonhighstreet.com/wp-admin/" "Mozilla/5.0 (Linux; Android 11; SM-G973U) AppleWebKit/537.36 (KHTML, like Gecko) Chrome/83.0.4103.106 Mobile Safari/537.36"
174.198.32.87 - - [12/Jul/2021:11:14:15 -0400] "GET /wp-admin/js/image-edit.min.js?ver=5.7.2 HTTP/1.1" 200 4255 "https://angelsonhighstreet.com/wp-admin/" "Mozilla/5.0 (Linux; Android 11; SM-G973U) AppleWebKit/537.36 (KHTML, like Gecko) Chrome/83.0.4103.106 Mobile Safari/537.36"
174.198.32.87 - - [12/Jul/2021:11:14:15 -0400] "GET /wp-includes/js/jquery/ui/accordion.min.js?ver=1.12.1 HTTP/1.1" 200 3197 "https://angelsonhighstreet.com/wp-admin/" "Mozilla/5.0 (Linux; Android 11; SM-G973U) AppleWebKit/537.36 (KHTML, like Gecko) Chrome/83.0.4103.106 Mobile Safari/537.36"
174.198.32.87 - - [12/Jul/2021:11:14:15 -0400] "GET /wp-includes/js/jquery/ui/resizable.min.js?ver=1.12.1 HTTP/1.1" 200 5722 "https://angelsonhighstreet.com/wp-admin/" "Mozilla/5.0 (Linux; Android 11; SM-G973U) AppleWebKit/537.36 (KHTML, like Gecko) Chrome/83.0.4103.106 Mobile Safari/537.36"
174.198.32.87 - - [12/Jul/2021:11:14:15 -0400] "GET /wp-includes/js/jquery/ui/button.min.js?ver=1.12.1 HTTP/1.1" 200 2149 "https://angelsonhighstreet.com/wp-admin/" "Mozilla/5.0 (Linux; Android 11; SM-G973U) AppleWebKit/537.36 (KHTML, like Gecko) Chrome/83.0.4103.106 Mobile Safari/537.36"
174.198.32.87 - - [12/Jul/2021:11:14:15 -0400] "GET /wp-includes/js/jquery/ui/dialog.min.js?ver=1.12.1 HTTP/1.1" 200 4215 "https://angelsonhighstreet.com/wp-admin/" "Mozilla/5.0 (Linux; Android 11; SM-G973U) AppleWebKit/537.36 (KHTML, like Gecko) Chrome/83.0.4103.106 Mobile Safari/537.36"
174.198.32.87 - - [12/Jul/2021:11:14:15 -0400] "GET /wp-includes/js/jquery/ui/menu.min.js?ver=1.12.1 HTTP/1.1" 200 3340 "https://angelsonhighstreet.com/wp-admin/" "Mozilla/5.0 (Linux; Android 11; SM-G973U) AppleWebKit/537.36 (KHTML, like Gecko) Chrome/83.0.4103.106 Mobile Safari/537.36"
174.198.32.87 - - [12/Jul/2021:11:14:15 -0400] "GET /wp-includes/js/jquery/ui/autocomplete.min.js?ver=1.12.1 HTTP/1.1" 200 3355 "https://angelsonhighstreet.com/wp-admin/" "Mozilla/5.0 (Linux; Android 11; SM-G973U) AppleWebKit/537.36 (KHTML, like Gecko) Chrome/83.0.4103.106 Mobile Safari/537.36"
174.198.32.87 - - [12/Jul/2021:11:14:15 -0400] "GET /wp-includes/js/jquery/ui/droppable.min.js?ver=1.12.1 HTTP/1.1" 200 2503 "https://angelsonhighstreet.com/wp-admin/" "Mozilla/5.0 (Linux; Android 11; SM-G973U) AppleWebKit/537.36 (KHTML, like Gecko) Chrome/83.0.4103.106 Mobile Safari/537.36"
174.198.32.87 - - [12/Jul/2021:11:14:15 -0400] "GET /wp-includes/js/jquery/ui/tabs.min.js?ver=1.12.1 HTTP/1.1" 200 4389 "https://angelsonhighstreet.com/wp-admin/" "Mozilla/5.0 (Linux; Android 11; SM-G973U) AppleWebKit/537.36 (KHTML, like Gecko) Chrome/83.0.4103.106 Mobile Safari/537.36"
174.198.32.87 - - [12/Jul/2021:11:14:15 -0400] "GET /wp-content/plugins/google-analytics-dashboard-for-wp/lite/assets/vue/js/widget.js?ver=6.7.0 HTTP/1.1" 200 11716 "https://angelsonhighstreet.com/wp-admin/" "Mozilla/5.0 (Linux; Android 11; SM-G973U) AppleWebKit/537.36 (KHTML, like Gecko) Chrome/83.0.4103.106 Mobile Safari/537.36"
174.198.32.87 - - [12/Jul/2021:11:14:15 -0400] "GET /wp-content/plugins/google-analytics-dashboard-for-wp/lite/assets/vue/img/em-logo.png HTTP/1.1" 200 7873 "https://angelsonhighstreet.com/wp-content/plugins/google-analytics-dashboard-for-wp/lite/assets/vue/css/widget.css?ver=6.7.0" "Mozilla/5.0 (Linux; Android 11; SM-G973U) AppleWebKit/537.36 (KHTML, like Gecko) Chrome/83.0.4103.106 Mobile Safari/537.36"
174.198.32.87 - - [12/Jul/2021:11:14:15 -0400] "GET /wp-content/plugins/woocommerce/assets/fonts/WooCommerce.woff HTTP/1.1" 200 8087 "https://angelsonhighstreet.com/wp-content/plugins/woocommerce/assets/css/menu.css?ver=5.3.0" "Mozilla/5.0 (Linux; Android 11; SM-G973U) AppleWebKit/537.36 (KHTML, like Gecko) Chrome/83.0.4103.106 Mobile Safari/537.36"
174.198.32.87 - - [12/Jul/2021:11:14:15 -0400] "GET /wp-content/themes/Avada/includes/lib/assets/fonts/icomoon-admin/icomoon.woff HTTP/1.1" 200 26145 "https://angelsonhighstreet.com/wp-admin/" "Mozilla/5.0 (Linux; Android 11; SM-G973U) AppleWebKit/537.36 (KHTML, like Gecko) Chrome/83.0.4103.106 Mobile Safari/537.36"
174.198.32.87 - - [12/Jul/2021:11:14:15 -0400] "GET /wp-content/plugins/google-analytics-dashboard-for-wp/lite/assets/vue/js/chunk-vendors.js?ver=6.7.0 HTTP/1.1" 200 193018 "https://angelsonhighstreet.com/wp-admin/" "Mozilla/5.0 (Linux; Android 11; SM-G973U) AppleWebKit/537.36 (KHTML, like Gecko) Chrome/83.0.4103.106 Mobile Safari/537.36"
174.198.32.87 - - [12/Jul/2021:11:14:16 -0400] "GET /wp-includes/js/thickbox/loadingAnimation.gif HTTP/1.1" 200 15645 "https://angelsonhighstreet.com/wp-admin/" "Mozilla/5.0 (Linux; Android 11; SM-G973U) AppleWebKit/537.36 (KHTML, like Gecko) Chrome/83.0.4103.106 Mobile Safari/537.36"
174.198.32.87 - - [12/Jul/2021:11:14:16 -0400] "GET /wp-content/uploads/2020/05/aohs_logo_transparent.png HTTP/1.1" 200 192298 "https://angelsonhighstreet.com/wp-admin/" "Mozilla/5.0 (Linux; Android 11; SM-G973U) AppleWebKit/537.36 (KHTML, like Gecko) Chrome/83.0.4103.106 Mobile Safari/537.36"
174.198.32.87 - - [12/Jul/2021:11:14:16 -0400] "POST /wp-admin/admin-ajax.php HTTP/1.1" 200 5100 "https://angelsonhighstreet.com/wp-admin/" "Mozilla/5.0 (Linux; Android 11; SM-G973U) AppleWebKit/537.36 (KHTML, like Gecko) Chrome/83.0.4103.106 Mobile Safari/537.36"
174.198.32.87 - - [12/Jul/2021:11:14:16 -0400] "POST /wp-admin/admin-ajax.php HTTP/1.1" 200 600 "https://angelsonhighstreet.com/wp-admin/" "Mozilla/5.0 (Linux; Android 11; SM-G973U) AppleWebKit/537.36 (KHTML, like Gecko) Chrome/83.0.4103.106 Mobile Safari/537.36"
174.198.32.87 - - [12/Jul/2021:11:14:16 -0400] "POST /wp-admin/admin-ajax.php HTTP/1.1" 200 600 "https://angelsonhighstreet.com/wp-admin/" "Mozilla/5.0 (Linux; Android 11; SM-G973U) AppleWebKit/537.36 (KHTML, like Gecko) Chrome/83.0.4103.106 Mobile Safari/537.36"
204.48.19.85 - - [12/Jul/2021:11:19:03 -0400] "POST /wp-cron.php?doing_wp_cron=1626103143.8755419254302978515625 HTTP/1.1" 200 6350 "https://angelsonhighstreet.com/wp-cron.php?doing_wp_cron=1626103143.8755419254302978515625" "WordPress/5.7.2; https://angelsonhighstreet.com"
174.198.32.87 - - [12/Jul/2021:11:19:03 -0400] "POST /wp-admin/admin-ajax.php HTTP/1.1" 200 1207 "https://angelsonhighstreet.com/wp-admin/" "Mozilla/5.0 (Linux; Android 11; SM-G973U) AppleWebKit/537.36 (KHTML, like Gecko) Chrome/83.0.4103.106 Mobile Safari/537.36"
204.48.19.85 - - [12/Jul/2021:11:23:45 -0400] "POST /wp-cron.php?doing_wp_cron=1626103425.8503201007843017578125 HTTP/1.1" 200 6350 "https://angelsonhighstreet.com/wp-cron.php?doing_wp_cron=1626103425.8503201007843017578125" "WordPress/5.7.2; https://angelsonhighstreet.com"
34.90.92.66 - - [12/Jul/2021:11:23:45 -0400] "POST /wp-login.php HTTP/1.1" 200 8940 "-" "Mozilla/5.0 (Windows NT 6.1) AppleWebKit/537.36 (KHTML, like Gecko) Chrome/63.0.3239.84 Safari/537.36"
204.48.19.85 - - [12/Jul/2021:11:30:59 -0400] "POST /wp-cron.php?doing_wp_cron=1626103859.6982030868530273437500 HTTP/1.1" 200 6350 "https://angelsonhighstreet.com/wp-cron.php?doing_wp_cron=1626103859.6982030868530273437500" "WordPress/5.7.2; https://angelsonhighstreet.com"
159.69.34.209 - - [12/Jul/2021:11:30:58 -0400] "POST /wp-login.php HTTP/1.1" 200 8938 "-" "Mozilla/5.0 (Windows NT 10.0; WOW64) AppleWebKit/537.36 (KHTML, like Gecko) Chrome/56.0.2924.87 Safari/537.36"
185.191.171.7 - - [12/Jul/2021:11:31:38 -0400] "GET /robots.txt HTTP/1.1" 200 6554 "-" "Mozilla/5.0 (compatible; SemrushBot/7~bl; +http://www.semrush.com/bot.html)"
185.191.171.38 - - [12/Jul/2021:11:31:38 -0400] "GET /product-category/oils?product_count=48&product_orderby=name HTTP/1.1" 200 21236 "-" "Mozilla/5.0 (compatible; SemrushBot/7~bl; +http://www.semrush.com/bot.html)"
54.36.148.44 - - [12/Jul/2021:11:33:34 -0400] "GET /product-category/oils?product_view=list&product_order=desc HTTP/1.1" 200 21559 "-" "Mozilla/5.0 (compatible; AhrefsBot/7.0; +http://ahrefs.com/robot/)"
204.48.19.85 - - [12/Jul/2021:11:33:35 -0400] "POST /wp-cron.php?doing_wp_cron=1626104015.2666079998016357421875 HTTP/1.1" 200 6350 "https://angelsonhighstreet.com/wp-cron.php?doing_wp_cron=1626104015.2666079998016357421875" "WordPress/5.7.2; https://angelsonhighstreet.com"
204.48.19.85 - - [12/Jul/2021:11:42:40 -0400] "POST /wp-cron.php?doing_wp_cron=1626104560.1681430339813232421875 HTTP/1.1" 200 6350 "https://angelsonhighstreet.com/wp-cron.php?doing_wp_cron=1626104560.1681430339813232421875" "WordPress/5.7.2; https://angelsonhighstreet.com"
107.180.104.71 - - [12/Jul/2021:11:42:39 -0400] "POST /wp-login.php HTTP/1.1" 200 8940 "-" "Mozilla/5.0 (Windows NT 10.0; WOW64) AppleWebKit/537.36 (KHTML, like Gecko) Chrome/79.0.3945.130 Safari/537.36"
204.48.19.85 - - [12/Jul/2021:11:47:53 -0400] "POST /wp-cron.php?doing_wp_cron=1626104873.9135439395904541015625 HTTP/1.1" 200 6350 "https://angelsonhighstreet.com/wp-cron.php?doing_wp_cron=1626104873.9135439395904541015625" "WordPress/5.7.2; https://angelsonhighstreet.com"
212.112.135.158 - - [12/Jul/2021:11:47:53 -0400] "POST /wp-login.php HTTP/1.1" 200 8938 "-" "Mozilla/5.0 (Windows NT 10.0; WOW64) AppleWebKit/537.36 (KHTML, like Gecko) Chrome/46.0.2490.86 Safari/537.36"
204.48.19.85 - - [12/Jul/2021:11:52:53 -0400] "POST /wp-cron.php?doing_wp_cron=1626105173.1424620151519775390625 HTTP/1.1" 200 6350 "https://angelsonhighstreet.com/wp-cron.php?doing_wp_cron=1626105173.1424620151519775390625" "WordPress/5.7.2; https://angelsonhighstreet.com"
107.150.63.173 - - [12/Jul/2021:11:52:52 -0400] "GET /wp-login.php HTTP/1.1" 200 14174 "-" "Mozilla/5.0 (Windows NT 6.2; WOW64; rv:30.0) Gecko/20100101 Firefox/30.0"
107.150.63.173 - - [12/Jul/2021:11:52:53 -0400] "POST /wp-login.php HTTP/1.1" 200 9231 "-" "Mozilla/5.0 (Windows NT 6.2; WOW64; rv:30.0) Gecko/20100101 Firefox/30.0"
204.48.19.85 - - [12/Jul/2021:11:54:24 -0400] "POST /wp-cron.php?doing_wp_cron=1626105264.5891530513763427734375 HTTP/1.1" 200 6350 "https://angelsonhighstreet.com/wp-cron.php?doing_wp_cron=1626105264.5891530513763427734375" "WordPress/5.7.2; https://angelsonhighstreet.com"
54.36.148.67 - - [12/Jul/2021:11:54:23 -0400] "GET /product-category/salves?product_orderby=popularity&product_view=list HTTP/1.1" 200 21636 "-" "Mozilla/5.0 (compatible; AhrefsBot/7.0; +http://ahrefs.com/robot/)"
204.48.19.85 - - [12/Jul/2021:12:00:53 -0400] "POST /wp-cron.php?doing_wp_cron=1626105653.5534999370574951171875 HTTP/1.1" 200 6350 "https://angelsonhighstreet.com/wp-cron.php?doing_wp_cron=1626105653.5534999370574951171875" "WordPress/5.7.2; https://angelsonhighstreet.com"
185.191.171.38 - - [12/Jul/2021:12:00:52 -0400] "GET /shop-full-width?product_order=desc&product_orderby=name&product_view=grid HTTP/1.1" 200 21904 "-" "Mozilla/5.0 (compatible; SemrushBot/7~bl; +http://www.semrush.com/bot.html)"
204.48.19.85 - - [12/Jul/2021:12:02:57 -0400] "POST /wp-cron.php?doing_wp_cron=1626105777.7638239860534667968750 HTTP/1.1" 200 6350 "https://angelsonhighstreet.com/wp-cron.php?doing_wp_cron=1626105777.7638239860534667968750" "WordPress/5.7.2; https://angelsonhighstreet.com"
81.88.52.175 - - [12/Jul/2021:12:02:57 -0400] "POST /wp-login.php HTTP/1.1" 200 8938 "-" "Mozilla/5.0 (Windows NT 6.1; WOW64) AppleWebKit/537.36 (KHTML, like Gecko) Chrome/48.0.2564.109 Safari/537.36"
204.48.19.85 - - [12/Jul/2021:12:06:53 -0400] "POST /wp-cron.php?doing_wp_cron=1626106013.8289558887481689453125 HTTP/1.1" 200 6350 "https://angelsonhighstreet.com/wp-cron.php?doing_wp_cron=1626106013.8289558887481689453125" "WordPress/5.7.2; https://angelsonhighstreet.com"
157.55.39.166 - - [12/Jul/2021:12:06:53 -0400] "GET /affiliate-dashboard HTTP/1.1" 200 19539 "-" "Mozilla/5.0 (compatible; bingbot/2.0; +http://www.bing.com/bingbot.htm)"
73.187.82.36 - - [12/Jul/2021:12:07:32 -0400] "GET / HTTP/1.1" 301 595 "-" "Mozilla/5.0 (Linux; Android 10; LGL322DL) AppleWebKit/537.36 (KHTML, like Gecko) Chrome/91.0.4472.120 Mobile Safari/537.36"
73.187.82.36 - - [12/Jul/2021:12:07:32 -0400] "GET /wp-content/plugins/woocommerce/packages/woocommerce-blocks/build/vendors-style.css?ver=4.9.1 HTTP/1.1" 200 7551 "-" "Mozilla/5.0 (Linux; Android 10; LGL322DL) AppleWebKit/537.36 (KHTML, like Gecko) Chrome/91.0.4472.120 Mobile Safari/537.36"
73.187.82.36 - - [12/Jul/2021:12:07:32 -0400] "GET /wp-content/plugins/woocommerce/packages/woocommerce-blocks/build/style.css?ver=4.9.1 HTTP/1.1" 200 25702 "-" "Mozilla/5.0 (Linux; Android 10; LGL322DL) AppleWebKit/537.36 (KHTML, like Gecko) Chrome/91.0.4472.120 Mobile Safari/537.36"
73.187.82.36 - - [12/Jul/2021:12:07:32 -0400] "GET /wp-content/plugins/age-gate/public/css/age-gate-public.css?ver=2.15.0 HTTP/1.1" 200 7875 "-" "Mozilla/5.0 (Linux; Android 10; LGL322DL) AppleWebKit/537.36 (KHTML, like Gecko) Chrome/91.0.4472.120 Mobile Safari/537.36"
73.187.82.36 - - [12/Jul/2021:12:07:32 -0400] "GET /wp-content/plugins/age-gate/public/css/age-gate-custom.css?ver=2.15.0 HTTP/1.1" 200 457 "-" "Mozilla/5.0 (Linux; Android 10; LGL322DL) AppleWebKit/537.36 (KHTML, like Gecko) Chrome/91.0.4472.120 Mobile Safari/537.36"
73.187.82.36 - - [12/Jul/2021:12:07:32 -0400] "GET /wp-content/plugins/revslider/public/assets/css/rs6.css?ver=6.3.3 HTTP/1.1" 200 13165 "-" "Mozilla/5.0 (Linux; Android 10; LGL322DL) AppleWebKit/537.36 (KHTML, like Gecko) Chrome/91.0.4472.120 Mobile Safari/537.36"
73.187.82.36 - - [12/Jul/2021:12:07:32 -0400] "GET /wp-content/uploads/fusion-styles/15e6b0b5e48de1d64664be89b4d4bc7c.min.css?ver=3.2.1 HTTP/1.1" 200 150096 "-" "Mozilla/5.0 (Linux; Android 10; LGL322DL) AppleWebKit/537.36 (KHTML, like Gecko) Chrome/91.0.4472.120 Mobile Safari/537.36"
204.48.19.85 - - [12/Jul/2021:12:07:33 -0400] "POST /wp-cron.php?doing_wp_cron=1626106053.2124199867248535156250 HTTP/1.1" 200 6350 "https://angelsonhighstreet.com/wp-cron.php?doing_wp_cron=1626106053.2124199867248535156250" "WordPress/5.7.2; https://angelsonhighstreet.com"
73.187.82.36 - - [12/Jul/2021:12:07:32 -0400] "GET / HTTP/1.1" 200 26164 "-" "Mozilla/5.0 (Linux; Android 10; LGL322DL) AppleWebKit/537.36 (KHTML, like Gecko) Chrome/91.0.4472.120 Mobile Safari/537.36"
73.187.82.36 - - [12/Jul/2021:12:07:34 -0400] "GET /wp-content/plugins/age-gate/public/js/age-gate-public-hooks.js?ver=2.15.0 HTTP/1.1" 200 2632 "https://angelsonhighstreet.com/" "Mozilla/5.0 (Linux; Android 10; LGL322DL) AppleWebKit/537.36 (KHTML, like Gecko) Chrome/91.0.4472.120 Mobile Safari/537.36"
73.187.82.36 - - [12/Jul/2021:12:07:34 -0400] "GET /wp-includes/js/jquery/jquery-migrate.min.js?ver=3.3.2 HTTP/1.1" 200 4649 "https://angelsonhighstreet.com/" "Mozilla/5.0 (Linux; Android 10; LGL322DL) AppleWebKit/537.36 (KHTML, like Gecko) Chrome/91.0.4472.120 Mobile Safari/537.36"
73.187.82.36 - - [12/Jul/2021:12:07:34 -0400] "GET /wp-includes/js/jquery/jquery.min.js?ver=3.5.1 HTTP/1.1" 200 31463 "https://angelsonhighstreet.com/" "Mozilla/5.0 (Linux; Android 10; LGL322DL) AppleWebKit/537.36 (KHTML, like Gecko) Chrome/91.0.4472.120 Mobile Safari/537.36"
73.187.82.36 - - [12/Jul/2021:12:07:34 -0400] "GET /wp-content/plugins/google-analytics-dashboard-for-wp/assets/js/frontend-gtag.min.js?ver=6.7.0 HTTP/1.1" 200 3280 "https://angelsonhighstreet.com/" "Mozilla/5.0 (Linux; Android 10; LGL322DL) AppleWebKit/537.36 (KHTML, like Gecko) Chrome/91.0.4472.120 Mobile Safari/537.36"
73.187.82.36 - - [12/Jul/2021:12:07:34 -0400] "GET /wp-content/plugins/wp-optin-wheel/public/js/public.min.js?ver=1.3.2 HTTP/1.1" 200 3754 "https://angelsonhighstreet.com/" "Mozilla/5.0 (Linux; Android 10; LGL322DL) AppleWebKit/537.36 (KHTML, like Gecko) Chrome/91.0.4472.120 Mobile Safari/537.36"
73.187.82.36 - - [12/Jul/2021:12:07:34 -0400] "GET /wp-content/plugins/woocommerce-square/assets/css/frontend/wc-square-cart-checkout-blocks.min.css?ver=2.5.1 HTTP/1.1" 200 1299 "https://angelsonhighstreet.com/" "Mozilla/5.0 (Linux; Android 10; LGL322DL) AppleWebKit/537.36 (KHTML, like Gecko) Chrome/91.0.4472.120 Mobile Safari/537.36"
73.187.82.36 - - [12/Jul/2021:12:07:34 -0400] "GET /wp-includes/css/dist/block-library/style.min.css?ver=5.7.2 HTTP/1.1" 200 9173 "https://angelsonhighstreet.com/" "Mozilla/5.0 (Linux; Android 10; LGL322DL) AppleWebKit/537.36 (KHTML, like Gecko) Chrome/91.0.4472.120 Mobile Safari/537.36"
73.187.82.36 - - [12/Jul/2021:12:07:35 -0400] "GET /wp-includes/css/dist/block-library/theme.min.css?ver=5.7.2 HTTP/1.1" 200 1169 "https://angelsonhighstreet.com/" "Mozilla/5.0 (Linux; Android 10; LGL322DL) AppleWebKit/537.36 (KHTML, like Gecko) Chrome/91.0.4472.120 Mobile Safari/537.36"
73.187.82.36 - - [12/Jul/2021:12:07:35 -0400] "GET /wp-content/plugins/wp-optin-wheel/public/css/public.min.css?ver=1.3.2 HTTP/1.1" 200 2546 "https://angelsonhighstreet.com/" "Mozilla/5.0 (Linux; Android 10; LGL322DL) AppleWebKit/537.36 (KHTML, like Gecko) Chrome/91.0.4472.120 Mobile Safari/537.36"
73.187.82.36 - - [12/Jul/2021:12:07:35 -0400] "GET /wp-content/plugins/wp-optin-wheel/public/css/theme-green.css?ver=1.3.2 HTTP/1.1" 200 617 "https://angelsonhighstreet.com/" "Mozilla/5.0 (Linux; Android 10; LGL322DL) AppleWebKit/537.36 (KHTML, like Gecko) Chrome/91.0.4472.120 Mobile Safari/537.36"
73.187.82.36 - - [12/Jul/2021:12:07:35 -0400] "GET /wp-content/plugins/age-gate/public/js/age-gate-public.js?ver=2.15.0 HTTP/1.1" 200 6737 "https://angelsonhighstreet.com/" "Mozilla/5.0 (Linux; Android 10; LGL322DL) AppleWebKit/537.36 (KHTML, like Gecko) Chrome/91.0.4472.120 Mobile Safari/537.36"
73.187.82.36 - - [12/Jul/2021:12:07:36 -0400] "GET /wp-content/plugins/age-gate/public/js/age-gate-public-tab.js?ver=2.15.0 HTTP/1.1" 200 869 "https://angelsonhighstreet.com/" "Mozilla/5.0 (Linux; Android 10; LGL322DL) AppleWebKit/537.36 (KHTML, like Gecko) Chrome/91.0.4472.120 Mobile Safari/537.36"
73.187.82.36 - - [12/Jul/2021:12:07:36 -0400] "GET /wp-content/plugins/age-gate/public/js/age-gate-shortcode.js?ver=2.15.0 HTTP/1.1" 200 2732 "https://angelsonhighstreet.com/" "Mozilla/5.0 (Linux; Android 10; LGL322DL) AppleWebKit/537.36 (KHTML, like Gecko) Chrome/91.0.4472.120 Mobile Safari/537.36"
73.187.82.36 - - [12/Jul/2021:12:07:36 -0400] "GET /wp-content/plugins/contact-form-7/includes/js/index.js?ver=5.4.1 HTTP/1.1" 200 4484 "https://angelsonhighstreet.com/" "Mozilla/5.0 (Linux; Android 10; LGL322DL) AppleWebKit/537.36 (KHTML, like Gecko) Chrome/91.0.4472.120 Mobile Safari/537.36"
73.187.82.36 - - [12/Jul/2021:12:07:36 -0400] "GET /wp-includes/js/dist/vendor/wp-polyfill.min.js?ver=7.4.4 HTTP/1.1" 200 34810 "https://angelsonhighstreet.com/" "Mozilla/5.0 (Linux; Android 10; LGL322DL) AppleWebKit/537.36 (KHTML, like Gecko) Chrome/91.0.4472.120 Mobile Safari/537.36"
73.187.82.36 - - [12/Jul/2021:12:07:36 -0400] "GET /wp-content/plugins/woocommerce/assets/js/jquery-blockui/jquery.blockUI.min.js?ver=2.70 HTTP/1.1" 200 4537 "https://angelsonhighstreet.com/" "Mozilla/5.0 (Linux; Android 10; LGL322DL) AppleWebKit/537.36 (KHTML, like Gecko) Chrome/91.0.4472.120 Mobile Safari/537.36"
73.187.82.36 - - [12/Jul/2021:12:07:36 -0400] "GET /wp-content/plugins/woocommerce/assets/js/frontend/add-to-cart.min.js?ver=5.3.0 HTTP/1.1" 200 1522 "https://angelsonhighstreet.com/" "Mozilla/5.0 (Linux; Android 10; LGL322DL) AppleWebKit/537.36 (KHTML, like Gecko) Chrome/91.0.4472.120 Mobile Safari/537.36"
73.187.82.36 - - [12/Jul/2021:12:07:36 -0400] "GET /wp-content/plugins/woocommerce/assets/js/js-cookie/js.cookie.min.js?ver=2.1.4 HTTP/1.1" 200 1417 "https://angelsonhighstreet.com/" "Mozilla/5.0 (Linux; Android 10; LGL322DL) AppleWebKit/537.36 (KHTML, like Gecko) Chrome/91.0.4472.120 Mobile Safari/537.36"
73.187.82.36 - - [12/Jul/2021:12:07:36 -0400] "GET /wp-content/plugins/woocommerce/assets/js/frontend/woocommerce.min.js?ver=5.3.0 HTTP/1.1" 200 1222 "https://angelsonhighstreet.com/" "Mozilla/5.0 (Linux; Android 10; LGL322DL) AppleWebKit/537.36 (KHTML, like Gecko) Chrome/91.0.4472.120 Mobile Safari/537.36"
73.187.82.36 - - [12/Jul/2021:12:07:36 -0400] "GET /wp-includes/js/wp-embed.min.js?ver=5.7.2 HTTP/1.1" 200 1200 "https://angelsonhighstreet.com/" "Mozilla/5.0 (Linux; Android 10; LGL322DL) AppleWebKit/537.36 (KHTML, like Gecko) Chrome/91.0.4472.120 Mobile Safari/537.36"
73.187.82.36 - - [12/Jul/2021:12:07:36 -0400] "GET /wp-content/plugins/woocommerce/assets/js/frontend/cart-fragments.min.js?ver=5.3.0 HTTP/1.1" 200 1475 "https://angelsonhighstreet.com/" "Mozilla/5.0 (Linux; Android 10; LGL322DL) AppleWebKit/537.36 (KHTML, like Gecko) Chrome/91.0.4472.120 Mobile Safari/537.36"
73.187.82.36 - - [12/Jul/2021:12:07:36 -0400] "GET /wp-content/uploads/2020/05/aohs_righttext_logo-e1590068585746.png HTTP/1.1" 200 62245 "https://angelsonhighstreet.com/" "Mozilla/5.0 (Linux; Android 10; LGL322DL) AppleWebKit/537.36 (KHTML, like Gecko) Chrome/91.0.4472.120 Mobile Safari/537.36"
73.187.82.36 - - [12/Jul/2021:12:07:36 -0400] "GET /wp-content/uploads/2020/08/C5B83DAF-9E96-49A0-AAA0-C902DBEB3B68.jpeg HTTP/1.1" 200 85904 "https://angelsonhighstreet.com/" "Mozilla/5.0 (Linux; Android 10; LGL322DL) AppleWebKit/537.36 (KHTML, like Gecko) Chrome/91.0.4472.120 Mobile Safari/537.36"
73.187.82.36 - - [12/Jul/2021:12:07:36 -0400] "GET /wp-content/uploads/fusion-scripts/250c2b9f76b9189f0607771277c32ada.min.js?ver=3.2.1 HTTP/1.1" 200 122595 "https://angelsonhighstreet.com/" "Mozilla/5.0 (Linux; Android 10; LGL322DL) AppleWebKit/537.36 (KHTML, like Gecko) Chrome/91.0.4472.120 Mobile Safari/537.36"
73.187.82.36 - - [12/Jul/2021:12:07:36 -0400] "GET /wp-content/uploads/2020/08/D7CE7FC9-6B66-4E0F-B3A8-E17389D30D20.jpeg HTTP/1.1" 200 105313 "https://angelsonhighstreet.com/" "Mozilla/5.0 (Linux; Android 10; LGL322DL) AppleWebKit/537.36 (KHTML, like Gecko) Chrome/91.0.4472.120 Mobile Safari/537.36"
73.187.82.36 - - [12/Jul/2021:12:07:36 -0400] "GET /wp-content/uploads/2020/08/D37CB261-2BE3-4FB2-AE52-84F8AC85FF3A.jpeg HTTP/1.1" 200 96561 "https://angelsonhighstreet.com/" "Mozilla/5.0 (Linux; Android 10; LGL322DL) AppleWebKit/537.36 (KHTML, like Gecko) Chrome/91.0.4472.120 Mobile Safari/537.36"
73.187.82.36 - - [12/Jul/2021:12:07:36 -0400] "GET /wp-content/uploads/fusion-gfonts/qkBIXvYC6trAT55ZBi1ueQVIjQTD-JqaE0lMZbLXGimS.woff HTTP/1.1" 200 15349 "https://angelsonhighstreet.com/wp-content/uploads/fusion-styles/15e6b0b5e48de1d64664be89b4d4bc7c.min.css?ver=3.2.1" "Mozilla/5.0 (Linux; Android 10; LGL322DL) AppleWebKit/537.36 (KHTML, like Gecko) Chrome/91.0.4472.120 Mobile Safari/537.36"
73.187.82.36 - - [12/Jul/2021:12:07:36 -0400] "GET /wp-content/themes/Avada/includes/lib/assets/fonts/icomoon/icomoon.woff HTTP/1.1" 200 13272 "https://angelsonhighstreet.com/wp-content/uploads/fusion-styles/15e6b0b5e48de1d64664be89b4d4bc7c.min.css?ver=3.2.1" "Mozilla/5.0 (Linux; Android 10; LGL322DL) AppleWebKit/537.36 (KHTML, like Gecko) Chrome/91.0.4472.120 Mobile Safari/537.36"
73.187.82.36 - - [12/Jul/2021:12:07:36 -0400] "GET /wp-content/uploads/2019/05/IMG_0405-800x1135.jpg HTTP/1.1" 200 141540 "https://angelsonhighstreet.com/" "Mozilla/5.0 (Linux; Android 10; LGL322DL) AppleWebKit/537.36 (KHTML, like Gecko) Chrome/91.0.4472.120 Mobile Safari/537.36"
73.187.82.36 - - [12/Jul/2021:12:07:36 -0400] "GET /wp-content/uploads/fusion-gfonts/qkBIXvYC6trAT55ZBi1ueQVIjQTDH52aE0lMZbLXGimS.woff HTTP/1.1" 200 15341 "https://angelsonhighstreet.com/wp-content/uploads/fusion-styles/15e6b0b5e48de1d64664be89b4d4bc7c.min.css?ver=3.2.1" "Mozilla/5.0 (Linux; Android 10; LGL322DL) AppleWebKit/537.36 (KHTML, like Gecko) Chrome/91.0.4472.120 Mobile Safari/537.36"
73.187.82.36 - - [12/Jul/2021:12:07:36 -0400] "GET /wp-content/uploads/fusion-gfonts/JTURjIg1_i6t8kCHKm45_dJE3gnD-Px3rCs.woff HTTP/1.1" 200 17525 "https://angelsonhighstreet.com/wp-content/uploads/fusion-styles/15e6b0b5e48de1d64664be89b4d4bc7c.min.css?ver=3.2.1" "Mozilla/5.0 (Linux; Android 10; LGL322DL) AppleWebKit/537.36 (KHTML, like Gecko) Chrome/91.0.4472.120 Mobile Safari/537.36"
73.187.82.36 - - [12/Jul/2021:12:07:36 -0400] "GET /wp-content/uploads/fusion-gfonts/qkBKXvYC6trAT7RQNNK2EG7SIwPWMNlCV3lIb7X1HgGQ0tQ.woff HTTP/1.1" 200 15580 "https://angelsonhighstreet.com/wp-content/uploads/fusion-styles/15e6b0b5e48de1d64664be89b4d4bc7c.min.css?ver=3.2.1" "Mozilla/5.0 (Linux; Android 10; LGL322DL) AppleWebKit/537.36 (KHTML, like Gecko) Chrome/91.0.4472.120 Mobile Safari/537.36"
73.187.82.36 - - [12/Jul/2021:12:07:36 -0400] "GET /wp-content/themes/Avada/includes/lib/assets/fonts/fontawesome/webfonts/fa-regular-400.woff2 HTTP/1.1" 200 14074 "https://angelsonhighstreet.com/wp-content/uploads/fusion-styles/15e6b0b5e48de1d64664be89b4d4bc7c.min.css?ver=3.2.1" "Mozilla/5.0 (Linux; Android 10; LGL322DL) AppleWebKit/537.36 (KHTML, like Gecko) Chrome/91.0.4472.120 Mobile Safari/537.36"
73.187.82.36 - - [12/Jul/2021:12:07:36 -0400] "GET /wp-content/uploads/2020/08/C9EC0898-E30D-4B2A-A8B1-96DE3A2B9FAA.jpeg HTTP/1.1" 200 182985 "https://angelsonhighstreet.com/" "Mozilla/5.0 (Linux; Android 10; LGL322DL) AppleWebKit/537.36 (KHTML, like Gecko) Chrome/91.0.4472.120 Mobile Safari/537.36"
73.187.82.36 - - [12/Jul/2021:12:07:36 -0400] "GET /wp-content/uploads/2020/04/aohs_logo_blkbg-e1588290703663-150x150.png HTTP/1.1" 200 30802 "https://angelsonhighstreet.com/" "Mozilla/5.0 (Linux; Android 10; LGL322DL) AppleWebKit/537.36 (KHTML, like Gecko) Chrome/91.0.4472.120 Mobile Safari/537.36"
73.187.82.36 - - [12/Jul/2021:12:07:36 -0400] "GET /wp-content/uploads/2019/05/IMG_0405-722x1024.jpg HTTP/1.1" 200 119534 "https://angelsonhighstreet.com/" "Mozilla/5.0 (Linux; Android 10; LGL322DL) AppleWebKit/537.36 (KHTML, like Gecko) Chrome/91.0.4472.120 Mobile Safari/537.36"
73.187.82.36 - - [12/Jul/2021:12:07:36 -0400] "GET /wp-content/uploads/2019/11/standards_banner.png HTTP/1.1" 200 19955 "https://angelsonhighstreet.com/" "Mozilla/5.0 (Linux; Android 10; LGL322DL) AppleWebKit/537.36 (KHTML, like Gecko) Chrome/91.0.4472.120 Mobile Safari/537.36"
73.187.82.36 - - [12/Jul/2021:12:07:36 -0400] "GET /wp-content/plugins/revslider/public/assets/js/rbtools.min.js?ver=6.3.3 HTTP/1.1" 200 46697 "https://angelsonhighstreet.com/" "Mozilla/5.0 (Linux; Android 10; LGL322DL) AppleWebKit/537.36 (KHTML, like Gecko) Chrome/91.0.4472.120 Mobile Safari/537.36"
73.187.82.36 - - [12/Jul/2021:12:07:36 -0400] "GET /wp-content/plugins/revslider/public/assets/js/rs6.min.js?ver=6.3.3 HTTP/1.1" 200 86331 "https://angelsonhighstreet.com/" "Mozilla/5.0 (Linux; Android 10; LGL322DL) AppleWebKit/537.36 (KHTML, like Gecko) Chrome/91.0.4472.120 Mobile Safari/537.36"
73.187.82.36 - - [12/Jul/2021:12:07:36 -0400] "GET /wp-includes/js/wp-emoji-release.min.js?ver=5.7.2 HTTP/1.1" 200 5142 "https://angelsonhighstreet.com/" "Mozilla/5.0 (Linux; Android 10; LGL322DL) AppleWebKit/537.36 (KHTML, like Gecko) Chrome/91.0.4472.120 Mobile Safari/537.36"
73.187.82.36 - - [12/Jul/2021:12:07:36 -0400] "GET /wp-content/uploads/2020/07/F3BBAB36-C718-44E4-AA15-13B741A05689.jpeg HTTP/1.1" 200 129513 "https://angelsonhighstreet.com/" "Mozilla/5.0 (Linux; Android 10; LGL322DL) AppleWebKit/537.36 (KHTML, like Gecko) Chrome/91.0.4472.120 Mobile Safari/537.36"
