204.48.19.85 - - [04/Jul/2021:06:23:09 -0400] "POST /wp-cron.php?doing_wp_cron=1625394189.8563709259033203125000 HTTP/1.1" 200 6350 "https://angelsonhighstreet.com/wp-cron.php?doing_wp_cron=1625394189.8563709259033203125000" "WordPress/5.7.2; https://angelsonhighstreet.com"
66.249.64.151 - - [04/Jul/2021:06:23:09 -0400] "GET /category/coupons/feed HTTP/1.1" 200 7084 "-" "Mozilla/5.0 (Linux; Android 6.0.1; Nexus 5X Build/MMB29P) AppleWebKit/537.36 (KHTML, like Gecko) Chrome/91.0.4472.90 Mobile Safari/537.36 (compatible; Googlebot/2.1; +http://www.google.com/bot.html)"
177.55.111.13 - - [04/Jul/2021:06:23:35 -0400] "POST /wp-login.php HTTP/1.1" 200 8935 "-" "Mozilla/5.0 (Windows NT 10.0; WOW64) AppleWebKit/537.36 (KHTML, like Gecko) Chrome/46.0.2490.80 Safari/537.36"
204.48.19.85 - - [04/Jul/2021:06:25:44 -0400] "POST /wp-cron.php?doing_wp_cron=1625394344.6907539367675781250000 HTTP/1.1" 200 6350 "https://angelsonhighstreet.com/wp-cron.php?doing_wp_cron=1625394344.6907539367675781250000" "WordPress/5.7.2; https://angelsonhighstreet.com"
54.36.148.22 - - [04/Jul/2021:06:25:43 -0400] "GET /shop-full-width?product_count=32&product_view=list&product_order=desc&product_orderby=popularity HTTP/1.1" 200 22334 "-" "Mozilla/5.0 (compatible; AhrefsBot/7.0; +http://ahrefs.com/robot/)"
54.190.19.92 - - [04/Jul/2021:06:27:44 -0400] "GET / HTTP/1.1" 301 595 "-" "Mozilla/5.0 (Windows NT 10.0; Win64; x64)AppleWebKit/537.36 (KHTML, like Gecko) Chrome/66.0.3359.181 Safari/537.36"
204.48.19.85 - - [04/Jul/2021:06:27:44 -0400] "POST /wp-cron.php?doing_wp_cron=1625394464.9746980667114257812500 HTTP/1.1" 200 6350 "https://angelsonhighstreet.com/wp-cron.php?doing_wp_cron=1625394464.9746980667114257812500" "WordPress/5.7.2; https://angelsonhighstreet.com"
54.190.19.92 - - [04/Jul/2021:06:27:44 -0400] "GET / HTTP/1.1" 200 25942 "-" "Mozilla/5.0 (Windows NT 10.0; Win64; x64)AppleWebKit/537.36 (KHTML, like Gecko) Chrome/66.0.3359.181 Safari/537.36"
204.48.19.85 - - [04/Jul/2021:06:29:12 -0400] "POST /wp-cron.php?doing_wp_cron=1625394552.0995450019836425781250 HTTP/1.1" 200 6350 "https://angelsonhighstreet.com/wp-cron.php?doing_wp_cron=1625394552.0995450019836425781250" "WordPress/5.7.2; https://angelsonhighstreet.com"
54.36.148.214 - - [04/Jul/2021:06:29:11 -0400] "GET /shop-full-width?product_count=32&product_orderby=price&product_order=asc&product_view=list HTTP/1.1" 200 22296 "-" "Mozilla/5.0 (compatible; AhrefsBot/7.0; +http://ahrefs.com/robot/)"
54.194.136.115 - - [04/Jul/2021:06:29:33 -0400] "HEAD /app-ads.txt HTTP/1.1" 404 6430 "-" "TprAdsTxtCrawler/1.1"
54.194.136.115 - - [04/Jul/2021:06:29:33 -0400] "HEAD /ads.txt HTTP/1.1" 404 6430 "-" "TprAdsTxtCrawler/1.1"
54.194.136.115 - - [04/Jul/2021:06:29:33 -0400] "HEAD /app-ads.txt HTTP/1.1" 301 258 "-" "TprAdsTxtCrawler/1.1"
54.194.136.115 - - [04/Jul/2021:06:29:33 -0400] "HEAD /ads.txt HTTP/1.1" 301 254 "-" "TprAdsTxtCrawler/1.1"
54.194.136.115 - - [04/Jul/2021:06:29:34 -0400] "HEAD /app-ads.txt HTTP/1.1" 404 948 "-" "TprAdsTxtCrawler/1.1"
54.194.136.115 - - [04/Jul/2021:06:29:34 -0400] "HEAD /ads.txt HTTP/1.1" 404 948 "-" "TprAdsTxtCrawler/1.1"
173.236.152.146 - - [04/Jul/2021:06:29:39 -0400] "POST /wp-login.php HTTP/1.1" 200 8937 "-" "Mozilla/5.0 (Windows NT 6.1; WOW64) AppleWebKit/537.36 (KHTML, like Gecko) Chrome/63.0.3239.132 Safari/537.36"
204.48.19.85 - - [04/Jul/2021:06:32:38 -0400] "POST /wp-cron.php?doing_wp_cron=1625394758.9163599014282226562500 HTTP/1.1" 200 6350 "https://angelsonhighstreet.com/wp-cron.php?doing_wp_cron=1625394758.9163599014282226562500" "WordPress/5.7.2; https://angelsonhighstreet.com"
54.36.148.222 - - [04/Jul/2021:06:32:38 -0400] "GET /product-category/salves?product_order=desc&product_orderby=default&product_count=32&product_view=grid HTTP/1.1" 200 21481 "-" "Mozilla/5.0 (compatible; AhrefsBot/7.0; +http://ahrefs.com/robot/)"
204.48.19.85 - - [04/Jul/2021:06:33:23 -0400] "POST /wp-cron.php?doing_wp_cron=1625394803.5395278930664062500000 HTTP/1.1" 200 6350 "https://angelsonhighstreet.com/wp-cron.php?doing_wp_cron=1625394803.5395278930664062500000" "WordPress/5.7.2; https://angelsonhighstreet.com"
54.213.60.26 - - [04/Jul/2021:06:33:23 -0400] "GET / HTTP/1.1" 200 25839 "-" "Mozilla/5.0 (X11; Linux x86_64) AppleWebKit/537.36 (KHTML, like Gecko) Chrome/83.0.4103.97 Safari/537.36"
204.48.19.85 - - [04/Jul/2021:06:34:05 -0400] "POST /wp-cron.php?doing_wp_cron=1625394845.6561620235443115234375 HTTP/1.1" 200 6350 "https://angelsonhighstreet.com/wp-cron.php?doing_wp_cron=1625394845.6561620235443115234375" "WordPress/5.7.2; https://angelsonhighstreet.com"
52.38.195.37 - - [04/Jul/2021:06:34:05 -0400] "GET /favicon.ico HTTP/1.1" 302 6474 "-" "Mozilla/5.0 (X11; Linux x86_64) AppleWebKit/537.36 (KHTML, like Gecko) Chrome/83.0.4103.97 Safari/537.36"
52.38.195.37 - - [04/Jul/2021:06:34:06 -0400] "GET /wp-includes/images/w-logo-blue-white-bg.png HTTP/1.1" 200 4470 "https://angelsonhighstreet.com/favicon.ico" "Mozilla/5.0 (X11; Linux x86_64) AppleWebKit/537.36 (KHTML, like Gecko) Chrome/83.0.4103.97 Safari/537.36"
204.48.19.85 - - [04/Jul/2021:06:36:10 -0400] "POST /wp-cron.php?doing_wp_cron=1625394970.1455700397491455078125 HTTP/1.1" 200 6350 "https://angelsonhighstreet.com/wp-cron.php?doing_wp_cron=1625394970.1455700397491455078125" "WordPress/5.7.2; https://angelsonhighstreet.com"
54.36.148.195 - - [04/Jul/2021:06:36:09 -0400] "GET /product-category/salves?product_order=desc&product_orderby=date&product_view=list&product_count=48 HTTP/1.1" 200 21375 "-" "Mozilla/5.0 (compatible; AhrefsBot/7.0; +http://ahrefs.com/robot/)"
204.48.19.85 - - [04/Jul/2021:06:38:59 -0400] "POST /wp-cron.php?doing_wp_cron=1625395139.1897139549255371093750 HTTP/1.1" 200 6350 "https://angelsonhighstreet.com/wp-cron.php?doing_wp_cron=1625395139.1897139549255371093750" "WordPress/5.7.2; https://angelsonhighstreet.com"
188.166.94.198 - - [04/Jul/2021:06:38:58 -0400] "POST /wp-login.php HTTP/1.1" 200 8935 "-" "Mozilla/5.0 (Windows NT 6.1; WOW64) AppleWebKit/537.36 (KHTML, like Gecko) Chrome/41.0.2272.101 Safari/537.36"
54.36.148.52 - - [04/Jul/2021:06:39:30 -0400] "GET /shop-full-width?product_count=32&product_orderby=name&product_order=asc&product_view=list HTTP/1.1" 200 22290 "-" "Mozilla/5.0 (compatible; AhrefsBot/7.0; +http://ahrefs.com/robot/)"
204.48.19.85 - - [04/Jul/2021:06:42:44 -0400] "POST /wp-cron.php?doing_wp_cron=1625395364.9681780338287353515625 HTTP/1.1" 200 6350 "https://angelsonhighstreet.com/wp-cron.php?doing_wp_cron=1625395364.9681780338287353515625" "WordPress/5.7.2; https://angelsonhighstreet.com"
92.118.160.13 - - [04/Jul/2021:06:42:44 -0400] "GET / HTTP/1.1" 200 114207 "-" "NetSystemsResearch studies the availability of various services across the internet. Our website is netsystemsresearch.com"
54.36.148.95 - - [04/Jul/2021:06:42:48 -0400] "GET /shop-full-width?product_count=32&product_orderby=price&product_order=asc&product_view=grid HTTP/1.1" 200 21975 "-" "Mozilla/5.0 (compatible; AhrefsBot/7.0; +http://ahrefs.com/robot/)"
62.210.207.196 - - [04/Jul/2021:06:44:58 -0400] "GET / HTTP/1.1" 301 595 "-" "Mozilla/5.0 (Windows NT 10.0; Win64; x64) AppleWebKit/537.36 (KHTML, like Gecko) Chrome/89.0.4389.114 Safari/537.36"
204.48.19.85 - - [04/Jul/2021:06:44:59 -0400] "POST /wp-cron.php?doing_wp_cron=1625395499.0539410114288330078125 HTTP/1.1" 200 6350 "https://angelsonhighstreet.com/wp-cron.php?doing_wp_cron=1625395499.0539410114288330078125" "WordPress/5.7.2; https://angelsonhighstreet.com"
62.210.207.196 - - [04/Jul/2021:06:44:58 -0400] "GET / HTTP/1.1" 200 114197 "-" "Mozilla/5.0 (Windows NT 10.0; Win64; x64) AppleWebKit/537.36 (KHTML, like Gecko) Chrome/89.0.4389.114 Safari/537.36"
62.210.207.196 - - [04/Jul/2021:06:44:59 -0400] "GET //wp-includes/wlwmanifest.xml HTTP/1.1" 200 1425 "-" "Mozilla/5.0 (Windows NT 10.0; Win64; x64) AppleWebKit/537.36 (KHTML, like Gecko) Chrome/89.0.4389.114 Safari/537.36"
62.210.207.196 - - [04/Jul/2021:06:44:59 -0400] "GET //?author=1 HTTP/1.1" 301 411 "-" "Mozilla/5.0 (Windows NT 10.0; Win64; x64) AppleWebKit/537.36 (KHTML, like Gecko) Chrome/89.0.4389.114 Safari/537.36"
62.210.207.196 - - [04/Jul/2021:06:45:00 -0400] "GET //?author=2 HTTP/1.1" 301 408 "-" "Mozilla/5.0 (Windows NT 10.0; Win64; x64) AppleWebKit/537.36 (KHTML, like Gecko) Chrome/89.0.4389.114 Safari/537.36"
62.210.207.196 - - [04/Jul/2021:06:45:01 -0400] "GET //?author=3 HTTP/1.1" 301 408 "-" "Mozilla/5.0 (Windows NT 10.0; Win64; x64) AppleWebKit/537.36 (KHTML, like Gecko) Chrome/89.0.4389.114 Safari/537.36"
62.210.207.196 - - [04/Jul/2021:06:45:01 -0400] "GET //wp-json/wp/v2/users/ HTTP/1.1" 200 3087 "-" "Mozilla/5.0 (Windows NT 10.0; Win64; x64) AppleWebKit/537.36 (KHTML, like Gecko) Chrome/89.0.4389.114 Safari/537.36"
62.210.207.196 - - [04/Jul/2021:06:45:02 -0400] "GET //wp-json/oembed/1.0/embed?url=https://angelsonhighstreet.com/ HTTP/1.1" 200 2911 "-" "Mozilla/5.0 (Windows NT 10.0; Win64; x64) AppleWebKit/537.36 (KHTML, like Gecko) Chrome/89.0.4389.114 Safari/537.36"
62.210.207.196 - - [04/Jul/2021:06:45:03 -0400] "POST //xmlrpc.php HTTP/1.1" 200 678 "-" "Mozilla/5.0 (Windows NT 10.0; Win64; x64) AppleWebKit/537.36 (KHTML, like Gecko) Chrome/89.0.4389.114 Safari/537.36"
62.210.207.196 - - [04/Jul/2021:06:45:04 -0400] "POST //xmlrpc.php HTTP/1.1" 200 6219 "-" "Mozilla/5.0 (Windows NT 10.0; Win64; x64) AppleWebKit/537.36 (KHTML, like Gecko) Chrome/89.0.4389.114 Safari/537.36"
62.210.207.196 - - [04/Jul/2021:06:45:05 -0400] "POST //xmlrpc.php HTTP/1.1" 200 6219 "-" "Mozilla/5.0 (Windows NT 10.0; Win64; x64) AppleWebKit/537.36 (KHTML, like Gecko) Chrome/89.0.4389.114 Safari/537.36"
62.210.207.196 - - [04/Jul/2021:06:45:06 -0400] "POST //xmlrpc.php HTTP/1.1" 200 6219 "-" "Mozilla/5.0 (Windows NT 10.0; Win64; x64) AppleWebKit/537.36 (KHTML, like Gecko) Chrome/89.0.4389.114 Safari/537.36"
62.210.207.196 - - [04/Jul/2021:06:45:07 -0400] "POST //xmlrpc.php HTTP/1.1" 200 6219 "-" "Mozilla/5.0 (Windows NT 10.0; Win64; x64) AppleWebKit/537.36 (KHTML, like Gecko) Chrome/89.0.4389.114 Safari/537.36"
62.210.207.196 - - [04/Jul/2021:06:45:08 -0400] "POST //xmlrpc.php HTTP/1.1" 200 6219 "-" "Mozilla/5.0 (Windows NT 10.0; Win64; x64) AppleWebKit/537.36 (KHTML, like Gecko) Chrome/89.0.4389.114 Safari/537.36"
62.210.207.196 - - [04/Jul/2021:06:45:09 -0400] "POST //xmlrpc.php HTTP/1.1" 200 6219 "-" "Mozilla/5.0 (Windows NT 10.0; Win64; x64) AppleWebKit/537.36 (KHTML, like Gecko) Chrome/89.0.4389.114 Safari/537.36"
62.210.207.196 - - [04/Jul/2021:06:45:10 -0400] "POST //xmlrpc.php HTTP/1.1" 200 6219 "-" "Mozilla/5.0 (Windows NT 10.0; Win64; x64) AppleWebKit/537.36 (KHTML, like Gecko) Chrome/89.0.4389.114 Safari/537.36"
62.210.207.196 - - [04/Jul/2021:06:45:11 -0400] "POST //xmlrpc.php HTTP/1.1" 200 6219 "-" "Mozilla/5.0 (Windows NT 10.0; Win64; x64) AppleWebKit/537.36 (KHTML, like Gecko) Chrome/89.0.4389.114 Safari/537.36"
62.210.207.196 - - [04/Jul/2021:06:45:12 -0400] "POST //xmlrpc.php HTTP/1.1" 200 6219 "-" "Mozilla/5.0 (Windows NT 10.0; Win64; x64) AppleWebKit/537.36 (KHTML, like Gecko) Chrome/89.0.4389.114 Safari/537.36"
62.210.207.196 - - [04/Jul/2021:06:45:13 -0400] "POST //xmlrpc.php HTTP/1.1" 200 6219 "-" "Mozilla/5.0 (Windows NT 10.0; Win64; x64) AppleWebKit/537.36 (KHTML, like Gecko) Chrome/89.0.4389.114 Safari/537.36"
62.210.207.196 - - [04/Jul/2021:06:45:14 -0400] "POST //xmlrpc.php HTTP/1.1" 200 6219 "-" "Mozilla/5.0 (Windows NT 10.0; Win64; x64) AppleWebKit/537.36 (KHTML, like Gecko) Chrome/89.0.4389.114 Safari/537.36"
62.210.207.196 - - [04/Jul/2021:06:45:14 -0400] "POST //xmlrpc.php HTTP/1.1" 200 6219 "-" "Mozilla/5.0 (Windows NT 10.0; Win64; x64) AppleWebKit/537.36 (KHTML, like Gecko) Chrome/89.0.4389.114 Safari/537.36"
62.210.207.196 - - [04/Jul/2021:06:45:15 -0400] "POST //xmlrpc.php HTTP/1.1" 200 6219 "-" "Mozilla/5.0 (Windows NT 10.0; Win64; x64) AppleWebKit/537.36 (KHTML, like Gecko) Chrome/89.0.4389.114 Safari/537.36"
62.210.207.196 - - [04/Jul/2021:06:45:16 -0400] "POST //xmlrpc.php HTTP/1.1" 200 6219 "-" "Mozilla/5.0 (Windows NT 10.0; Win64; x64) AppleWebKit/537.36 (KHTML, like Gecko) Chrome/89.0.4389.114 Safari/537.36"
62.210.207.196 - - [04/Jul/2021:06:45:17 -0400] "POST //xmlrpc.php HTTP/1.1" 200 6219 "-" "Mozilla/5.0 (Windows NT 10.0; Win64; x64) AppleWebKit/537.36 (KHTML, like Gecko) Chrome/89.0.4389.114 Safari/537.36"
62.210.207.196 - - [04/Jul/2021:06:45:18 -0400] "POST //xmlrpc.php HTTP/1.1" 200 6219 "-" "Mozilla/5.0 (Windows NT 10.0; Win64; x64) AppleWebKit/537.36 (KHTML, like Gecko) Chrome/89.0.4389.114 Safari/537.36"
62.210.207.196 - - [04/Jul/2021:06:45:19 -0400] "POST //xmlrpc.php HTTP/1.1" 200 6219 "-" "Mozilla/5.0 (Windows NT 10.0; Win64; x64) AppleWebKit/537.36 (KHTML, like Gecko) Chrome/89.0.4389.114 Safari/537.36"
62.210.207.196 - - [04/Jul/2021:06:45:20 -0400] "POST //xmlrpc.php HTTP/1.1" 200 6219 "-" "Mozilla/5.0 (Windows NT 10.0; Win64; x64) AppleWebKit/537.36 (KHTML, like Gecko) Chrome/89.0.4389.114 Safari/537.36"
62.210.207.196 - - [04/Jul/2021:06:45:21 -0400] "POST //xmlrpc.php HTTP/1.1" 200 6219 "-" "Mozilla/5.0 (Windows NT 10.0; Win64; x64) AppleWebKit/537.36 (KHTML, like Gecko) Chrome/89.0.4389.114 Safari/537.36"
62.210.207.196 - - [04/Jul/2021:06:45:22 -0400] "POST //xmlrpc.php HTTP/1.1" 200 6219 "-" "Mozilla/5.0 (Windows NT 10.0; Win64; x64) AppleWebKit/537.36 (KHTML, like Gecko) Chrome/89.0.4389.114 Safari/537.36"
62.210.207.196 - - [04/Jul/2021:06:45:23 -0400] "POST //xmlrpc.php HTTP/1.1" 200 6219 "-" "Mozilla/5.0 (Windows NT 10.0; Win64; x64) AppleWebKit/537.36 (KHTML, like Gecko) Chrome/89.0.4389.114 Safari/537.36"
62.210.207.196 - - [04/Jul/2021:06:45:24 -0400] "POST //xmlrpc.php HTTP/1.1" 200 6219 "-" "Mozilla/5.0 (Windows NT 10.0; Win64; x64) AppleWebKit/537.36 (KHTML, like Gecko) Chrome/89.0.4389.114 Safari/537.36"
62.210.207.196 - - [04/Jul/2021:06:45:24 -0400] "POST //xmlrpc.php HTTP/1.1" 200 6219 "-" "Mozilla/5.0 (Windows NT 10.0; Win64; x64) AppleWebKit/537.36 (KHTML, like Gecko) Chrome/89.0.4389.114 Safari/537.36"
62.210.207.196 - - [04/Jul/2021:06:45:25 -0400] "POST //xmlrpc.php HTTP/1.1" 200 6219 "-" "Mozilla/5.0 (Windows NT 10.0; Win64; x64) AppleWebKit/537.36 (KHTML, like Gecko) Chrome/89.0.4389.114 Safari/537.36"
62.210.207.196 - - [04/Jul/2021:06:45:26 -0400] "POST //xmlrpc.php HTTP/1.1" 200 6219 "-" "Mozilla/5.0 (Windows NT 10.0; Win64; x64) AppleWebKit/537.36 (KHTML, like Gecko) Chrome/89.0.4389.114 Safari/537.36"
62.210.207.196 - - [04/Jul/2021:06:45:27 -0400] "POST //xmlrpc.php HTTP/1.1" 200 6219 "-" "Mozilla/5.0 (Windows NT 10.0; Win64; x64) AppleWebKit/537.36 (KHTML, like Gecko) Chrome/89.0.4389.114 Safari/537.36"
62.210.207.196 - - [04/Jul/2021:06:45:28 -0400] "POST //xmlrpc.php HTTP/1.1" 200 6219 "-" "Mozilla/5.0 (Windows NT 10.0; Win64; x64) AppleWebKit/537.36 (KHTML, like Gecko) Chrome/89.0.4389.114 Safari/537.36"
62.210.207.196 - - [04/Jul/2021:06:45:29 -0400] "POST //xmlrpc.php HTTP/1.1" 200 6219 "-" "Mozilla/5.0 (Windows NT 10.0; Win64; x64) AppleWebKit/537.36 (KHTML, like Gecko) Chrome/89.0.4389.114 Safari/537.36"
62.210.207.196 - - [04/Jul/2021:06:45:30 -0400] "POST //xmlrpc.php HTTP/1.1" 200 6219 "-" "Mozilla/5.0 (Windows NT 10.0; Win64; x64) AppleWebKit/537.36 (KHTML, like Gecko) Chrome/89.0.4389.114 Safari/537.36"
62.210.207.196 - - [04/Jul/2021:06:45:31 -0400] "POST //xmlrpc.php HTTP/1.1" 200 6219 "-" "Mozilla/5.0 (Windows NT 10.0; Win64; x64) AppleWebKit/537.36 (KHTML, like Gecko) Chrome/89.0.4389.114 Safari/537.36"
62.210.207.196 - - [04/Jul/2021:06:45:31 -0400] "POST //xmlrpc.php HTTP/1.1" 200 6219 "-" "Mozilla/5.0 (Windows NT 10.0; Win64; x64) AppleWebKit/537.36 (KHTML, like Gecko) Chrome/89.0.4389.114 Safari/537.36"
62.210.207.196 - - [04/Jul/2021:06:45:32 -0400] "POST //xmlrpc.php HTTP/1.1" 200 6219 "-" "Mozilla/5.0 (Windows NT 10.0; Win64; x64) AppleWebKit/537.36 (KHTML, like Gecko) Chrome/89.0.4389.114 Safari/537.36"
62.210.207.196 - - [04/Jul/2021:06:45:33 -0400] "POST //xmlrpc.php HTTP/1.1" 200 6219 "-" "Mozilla/5.0 (Windows NT 10.0; Win64; x64) AppleWebKit/537.36 (KHTML, like Gecko) Chrome/89.0.4389.114 Safari/537.36"
62.210.207.196 - - [04/Jul/2021:06:45:34 -0400] "POST //xmlrpc.php HTTP/1.1" 200 6219 "-" "Mozilla/5.0 (Windows NT 10.0; Win64; x64) AppleWebKit/537.36 (KHTML, like Gecko) Chrome/89.0.4389.114 Safari/537.36"
62.210.207.196 - - [04/Jul/2021:06:45:35 -0400] "POST //xmlrpc.php HTTP/1.1" 200 6219 "-" "Mozilla/5.0 (Windows NT 10.0; Win64; x64) AppleWebKit/537.36 (KHTML, like Gecko) Chrome/89.0.4389.114 Safari/537.36"
188.166.94.198 - - [04/Jul/2021:06:45:35 -0400] "POST /wp-login.php HTTP/1.1" 200 8937 "-" "Mozilla/5.0 (Windows NT 6.1; WOW64) AppleWebKit/537.36 (KHTML, like Gecko) Chrome/51.0.2704.106 Safari/537.36"
62.210.207.196 - - [04/Jul/2021:06:45:36 -0400] "POST //xmlrpc.php HTTP/1.1" 200 6219 "-" "Mozilla/5.0 (Windows NT 10.0; Win64; x64) AppleWebKit/537.36 (KHTML, like Gecko) Chrome/89.0.4389.114 Safari/537.36"
62.210.207.196 - - [04/Jul/2021:06:45:37 -0400] "POST //xmlrpc.php HTTP/1.1" 200 6219 "-" "Mozilla/5.0 (Windows NT 10.0; Win64; x64) AppleWebKit/537.36 (KHTML, like Gecko) Chrome/89.0.4389.114 Safari/537.36"
62.210.207.196 - - [04/Jul/2021:06:45:39 -0400] "POST //xmlrpc.php HTTP/1.1" 200 6219 "-" "Mozilla/5.0 (Windows NT 10.0; Win64; x64) AppleWebKit/537.36 (KHTML, like Gecko) Chrome/89.0.4389.114 Safari/537.36"
62.210.207.196 - - [04/Jul/2021:06:45:40 -0400] "POST //xmlrpc.php HTTP/1.1" 200 6219 "-" "Mozilla/5.0 (Windows NT 10.0; Win64; x64) AppleWebKit/537.36 (KHTML, like Gecko) Chrome/89.0.4389.114 Safari/537.36"
62.210.207.196 - - [04/Jul/2021:06:45:40 -0400] "POST //xmlrpc.php HTTP/1.1" 200 6219 "-" "Mozilla/5.0 (Windows NT 10.0; Win64; x64) AppleWebKit/537.36 (KHTML, like Gecko) Chrome/89.0.4389.114 Safari/537.36"
62.210.207.196 - - [04/Jul/2021:06:45:41 -0400] "POST //xmlrpc.php HTTP/1.1" 200 6219 "-" "Mozilla/5.0 (Windows NT 10.0; Win64; x64) AppleWebKit/537.36 (KHTML, like Gecko) Chrome/89.0.4389.114 Safari/537.36"
62.210.207.196 - - [04/Jul/2021:06:45:42 -0400] "POST //xmlrpc.php HTTP/1.1" 200 6219 "-" "Mozilla/5.0 (Windows NT 10.0; Win64; x64) AppleWebKit/537.36 (KHTML, like Gecko) Chrome/89.0.4389.114 Safari/537.36"
62.210.207.196 - - [04/Jul/2021:06:45:43 -0400] "POST //xmlrpc.php HTTP/1.1" 200 6219 "-" "Mozilla/5.0 (Windows NT 10.0; Win64; x64) AppleWebKit/537.36 (KHTML, like Gecko) Chrome/89.0.4389.114 Safari/537.36"
62.210.207.196 - - [04/Jul/2021:06:45:44 -0400] "POST //xmlrpc.php HTTP/1.1" 200 6219 "-" "Mozilla/5.0 (Windows NT 10.0; Win64; x64) AppleWebKit/537.36 (KHTML, like Gecko) Chrome/89.0.4389.114 Safari/537.36"
62.210.207.196 - - [04/Jul/2021:06:45:45 -0400] "POST //xmlrpc.php HTTP/1.1" 200 6219 "-" "Mozilla/5.0 (Windows NT 10.0; Win64; x64) AppleWebKit/537.36 (KHTML, like Gecko) Chrome/89.0.4389.114 Safari/537.36"
62.210.207.196 - - [04/Jul/2021:06:45:46 -0400] "POST //xmlrpc.php HTTP/1.1" 200 6219 "-" "Mozilla/5.0 (Windows NT 10.0; Win64; x64) AppleWebKit/537.36 (KHTML, like Gecko) Chrome/89.0.4389.114 Safari/537.36"
62.210.207.196 - - [04/Jul/2021:06:45:47 -0400] "POST //xmlrpc.php HTTP/1.1" 200 6219 "-" "Mozilla/5.0 (Windows NT 10.0; Win64; x64) AppleWebKit/537.36 (KHTML, like Gecko) Chrome/89.0.4389.114 Safari/537.36"
62.210.207.196 - - [04/Jul/2021:06:45:48 -0400] "POST //xmlrpc.php HTTP/1.1" 200 6219 "-" "Mozilla/5.0 (Windows NT 10.0; Win64; x64) AppleWebKit/537.36 (KHTML, like Gecko) Chrome/89.0.4389.114 Safari/537.36"
62.210.207.196 - - [04/Jul/2021:06:45:49 -0400] "POST //xmlrpc.php HTTP/1.1" 200 6219 "-" "Mozilla/5.0 (Windows NT 10.0; Win64; x64) AppleWebKit/537.36 (KHTML, like Gecko) Chrome/89.0.4389.114 Safari/537.36"
62.210.207.196 - - [04/Jul/2021:06:45:49 -0400] "POST //xmlrpc.php HTTP/1.1" 200 6219 "-" "Mozilla/5.0 (Windows NT 10.0; Win64; x64) AppleWebKit/537.36 (KHTML, like Gecko) Chrome/89.0.4389.114 Safari/537.36"
62.210.207.196 - - [04/Jul/2021:06:45:50 -0400] "POST //xmlrpc.php HTTP/1.1" 200 6219 "-" "Mozilla/5.0 (Windows NT 10.0; Win64; x64) AppleWebKit/537.36 (KHTML, like Gecko) Chrome/89.0.4389.114 Safari/537.36"
62.210.207.196 - - [04/Jul/2021:06:45:51 -0400] "POST //xmlrpc.php HTTP/1.1" 200 6219 "-" "Mozilla/5.0 (Windows NT 10.0; Win64; x64) AppleWebKit/537.36 (KHTML, like Gecko) Chrome/89.0.4389.114 Safari/537.36"
62.210.207.196 - - [04/Jul/2021:06:45:52 -0400] "POST //xmlrpc.php HTTP/1.1" 200 6219 "-" "Mozilla/5.0 (Windows NT 10.0; Win64; x64) AppleWebKit/537.36 (KHTML, like Gecko) Chrome/89.0.4389.114 Safari/537.36"
62.210.207.196 - - [04/Jul/2021:06:45:53 -0400] "POST //xmlrpc.php HTTP/1.1" 200 6219 "-" "Mozilla/5.0 (Windows NT 10.0; Win64; x64) AppleWebKit/537.36 (KHTML, like Gecko) Chrome/89.0.4389.114 Safari/537.36"
62.210.207.196 - - [04/Jul/2021:06:45:54 -0400] "POST //xmlrpc.php HTTP/1.1" 200 6219 "-" "Mozilla/5.0 (Windows NT 10.0; Win64; x64) AppleWebKit/537.36 (KHTML, like Gecko) Chrome/89.0.4389.114 Safari/537.36"
62.210.207.196 - - [04/Jul/2021:06:45:55 -0400] "POST //xmlrpc.php HTTP/1.1" 200 6219 "-" "Mozilla/5.0 (Windows NT 10.0; Win64; x64) AppleWebKit/537.36 (KHTML, like Gecko) Chrome/89.0.4389.114 Safari/537.36"
62.210.207.196 - - [04/Jul/2021:06:45:56 -0400] "POST //xmlrpc.php HTTP/1.1" 200 6219 "-" "Mozilla/5.0 (Windows NT 10.0; Win64; x64) AppleWebKit/537.36 (KHTML, like Gecko) Chrome/89.0.4389.114 Safari/537.36"
204.48.19.85 - - [04/Jul/2021:06:45:57 -0400] "POST /wp-cron.php?doing_wp_cron=1625395557.4499900341033935546875 HTTP/1.1" 200 6350 "https://angelsonhighstreet.com/wp-cron.php?doing_wp_cron=1625395557.4499900341033935546875" "WordPress/5.7.2; https://angelsonhighstreet.com"
62.210.207.196 - - [04/Jul/2021:06:45:57 -0400] "POST //xmlrpc.php HTTP/1.1" 200 6219 "-" "Mozilla/5.0 (Windows NT 10.0; Win64; x64) AppleWebKit/537.36 (KHTML, like Gecko) Chrome/89.0.4389.114 Safari/537.36"
62.210.207.196 - - [04/Jul/2021:06:45:58 -0400] "POST //xmlrpc.php HTTP/1.1" 200 6219 "-" "Mozilla/5.0 (Windows NT 10.0; Win64; x64) AppleWebKit/537.36 (KHTML, like Gecko) Chrome/89.0.4389.114 Safari/537.36"
62.210.207.196 - - [04/Jul/2021:06:45:59 -0400] "POST //xmlrpc.php HTTP/1.1" 200 6219 "-" "Mozilla/5.0 (Windows NT 10.0; Win64; x64) AppleWebKit/537.36 (KHTML, like Gecko) Chrome/89.0.4389.114 Safari/537.36"
62.210.207.196 - - [04/Jul/2021:06:46:00 -0400] "POST //xmlrpc.php HTTP/1.1" 200 6219 "-" "Mozilla/5.0 (Windows NT 10.0; Win64; x64) AppleWebKit/537.36 (KHTML, like Gecko) Chrome/89.0.4389.114 Safari/537.36"
62.210.207.196 - - [04/Jul/2021:06:46:01 -0400] "POST //xmlrpc.php HTTP/1.1" 200 6219 "-" "Mozilla/5.0 (Windows NT 10.0; Win64; x64) AppleWebKit/537.36 (KHTML, like Gecko) Chrome/89.0.4389.114 Safari/537.36"
62.210.207.196 - - [04/Jul/2021:06:46:02 -0400] "POST //xmlrpc.php HTTP/1.1" 200 6219 "-" "Mozilla/5.0 (Windows NT 10.0; Win64; x64) AppleWebKit/537.36 (KHTML, like Gecko) Chrome/89.0.4389.114 Safari/537.36"
62.210.207.196 - - [04/Jul/2021:06:46:03 -0400] "POST //xmlrpc.php HTTP/1.1" 200 6219 "-" "Mozilla/5.0 (Windows NT 10.0; Win64; x64) AppleWebKit/537.36 (KHTML, like Gecko) Chrome/89.0.4389.114 Safari/537.36"
62.210.207.196 - - [04/Jul/2021:06:46:04 -0400] "POST //xmlrpc.php HTTP/1.1" 200 6219 "-" "Mozilla/5.0 (Windows NT 10.0; Win64; x64) AppleWebKit/537.36 (KHTML, like Gecko) Chrome/89.0.4389.114 Safari/537.36"
62.210.207.196 - - [04/Jul/2021:06:46:05 -0400] "POST //xmlrpc.php HTTP/1.1" 200 6219 "-" "Mozilla/5.0 (Windows NT 10.0; Win64; x64) AppleWebKit/537.36 (KHTML, like Gecko) Chrome/89.0.4389.114 Safari/537.36"
62.210.207.196 - - [04/Jul/2021:06:46:06 -0400] "POST //xmlrpc.php HTTP/1.1" 200 6219 "-" "Mozilla/5.0 (Windows NT 10.0; Win64; x64) AppleWebKit/537.36 (KHTML, like Gecko) Chrome/89.0.4389.114 Safari/537.36"
62.210.207.196 - - [04/Jul/2021:06:46:07 -0400] "POST //xmlrpc.php HTTP/1.1" 200 6219 "-" "Mozilla/5.0 (Windows NT 10.0; Win64; x64) AppleWebKit/537.36 (KHTML, like Gecko) Chrome/89.0.4389.114 Safari/537.36"
62.210.207.196 - - [04/Jul/2021:06:46:08 -0400] "POST //xmlrpc.php HTTP/1.1" 200 6219 "-" "Mozilla/5.0 (Windows NT 10.0; Win64; x64) AppleWebKit/537.36 (KHTML, like Gecko) Chrome/89.0.4389.114 Safari/537.36"
62.210.207.196 - - [04/Jul/2021:06:46:09 -0400] "POST //xmlrpc.php HTTP/1.1" 200 6219 "-" "Mozilla/5.0 (Windows NT 10.0; Win64; x64) AppleWebKit/537.36 (KHTML, like Gecko) Chrome/89.0.4389.114 Safari/537.36"
62.210.207.196 - - [04/Jul/2021:06:46:10 -0400] "POST //xmlrpc.php HTTP/1.1" 200 6219 "-" "Mozilla/5.0 (Windows NT 10.0; Win64; x64) AppleWebKit/537.36 (KHTML, like Gecko) Chrome/89.0.4389.114 Safari/537.36"
62.210.207.196 - - [04/Jul/2021:06:46:11 -0400] "POST //xmlrpc.php HTTP/1.1" 200 6219 "-" "Mozilla/5.0 (Windows NT 10.0; Win64; x64) AppleWebKit/537.36 (KHTML, like Gecko) Chrome/89.0.4389.114 Safari/537.36"
62.210.207.196 - - [04/Jul/2021:06:46:12 -0400] "POST //xmlrpc.php HTTP/1.1" 200 6219 "-" "Mozilla/5.0 (Windows NT 10.0; Win64; x64) AppleWebKit/537.36 (KHTML, like Gecko) Chrome/89.0.4389.114 Safari/537.36"
54.36.148.235 - - [04/Jul/2021:06:46:14 -0400] "GET /product-category/salves?product_count=32&product_order=desc&product_view=list&product_orderby=price HTTP/1.1" 200 21377 "-" "Mozilla/5.0 (compatible; AhrefsBot/7.0; +http://ahrefs.com/robot/)"
204.48.19.85 - - [04/Jul/2021:06:49:41 -0400] "POST /wp-cron.php?doing_wp_cron=1625395781.5915110111236572265625 HTTP/1.1" 200 6350 "https://angelsonhighstreet.com/wp-cron.php?doing_wp_cron=1625395781.5915110111236572265625" "WordPress/5.7.2; https://angelsonhighstreet.com"
54.36.148.94 - - [04/Jul/2021:06:49:41 -0400] "GET /shop-full-width?product_count=48&product_orderby=default&product_order=asc&product_view=grid HTTP/1.1" 200 21955 "-" "Mozilla/5.0 (compatible; AhrefsBot/7.0; +http://ahrefs.com/robot/)"
52.43.98.204 - - [04/Jul/2021:06:51:00 -0400] "GET / HTTP/1.1" 301 539 "-" "Mozilla/5.0 (X11; Linux x86_64) AppleWebKit/537.36 (KHTML, like Gecko) Chrome/83.0.4103.97 Safari/537.36"
204.48.19.85 - - [04/Jul/2021:06:51:06 -0400] "POST /wp-cron.php?doing_wp_cron=1625395866.0559010505676269531250 HTTP/1.1" 200 6350 "https://angelsonhighstreet.com/wp-cron.php?doing_wp_cron=1625395866.0559010505676269531250" "WordPress/5.7.2; https://angelsonhighstreet.com"
52.43.98.204 - - [04/Jul/2021:06:51:05 -0400] "GET / HTTP/1.1" 200 25841 "-" "Mozilla/5.0 (X11; Linux x86_64) AppleWebKit/537.36 (KHTML, like Gecko) Chrome/83.0.4103.97 Safari/537.36"
204.48.19.85 - - [04/Jul/2021:06:53:41 -0400] "POST /wp-cron.php?doing_wp_cron=1625396021.2459309101104736328125 HTTP/1.1" 200 6350 "https://angelsonhighstreet.com/wp-cron.php?doing_wp_cron=1625396021.2459309101104736328125" "WordPress/5.7.2; https://angelsonhighstreet.com"
54.36.149.60 - - [04/Jul/2021:06:53:40 -0400] "GET /shop-full-width?product_count=32&product_orderby=default&product_order=desc&product_view=list HTTP/1.1" 200 22310 "-" "Mozilla/5.0 (compatible; AhrefsBot/7.0; +http://ahrefs.com/robot/)"
204.48.19.85 - - [04/Jul/2021:06:54:41 -0400] "POST /wp-cron.php?doing_wp_cron=1625396081.1972839832305908203125 HTTP/1.1" 200 6350 "https://angelsonhighstreet.com/wp-cron.php?doing_wp_cron=1625396081.1972839832305908203125" "WordPress/5.7.2; https://angelsonhighstreet.com"
72.167.42.12 - - [04/Jul/2021:06:54:40 -0400] "POST /wp-login.php HTTP/1.1" 200 8935 "-" "Mozilla/5.0 (Windows NT 6.1; WOW64) AppleWebKit/537.36 (KHTML, like Gecko) Chrome/41.0.2272.101 Safari/537.36"
34.220.194.185 - - [04/Jul/2021:06:55:05 -0400] "GET /favicon.ico HTTP/1.1" 301 561 "-" "Mozilla/5.0 (X11; Linux x86_64) AppleWebKit/537.36 (KHTML, like Gecko) Chrome/83.0.4103.97 Safari/537.36"
34.220.194.185 - - [04/Jul/2021:06:55:11 -0400] "GET / HTTP/1.1" 301 539 "-" "Mozilla/5.0 (X11; Linux x86_64) AppleWebKit/537.36 (KHTML, like Gecko) Chrome/83.0.4103.97 Safari/537.36"
204.48.19.85 - - [04/Jul/2021:06:57:43 -0400] "POST /wp-cron.php?doing_wp_cron=1625396263.3105750083923339843750 HTTP/1.1" 200 6350 "https://angelsonhighstreet.com/wp-cron.php?doing_wp_cron=1625396263.3105750083923339843750" "WordPress/5.7.2; https://angelsonhighstreet.com"
54.36.148.21 - - [04/Jul/2021:06:57:42 -0400] "GET /shop-full-width?product_count=48&product_orderby=name&product_order=asc&product_view=grid HTTP/1.1" 200 21932 "-" "Mozilla/5.0 (compatible; AhrefsBot/7.0; +http://ahrefs.com/robot/)"
204.48.19.85 - - [04/Jul/2021:07:00:53 -0400] "POST /wp-cron.php?doing_wp_cron=1625396453.1754488945007324218750 HTTP/1.1" 200 6350 "https://angelsonhighstreet.com/wp-cron.php?doing_wp_cron=1625396453.1754488945007324218750" "WordPress/5.7.2; https://angelsonhighstreet.com"
51.178.64.83 - - [04/Jul/2021:07:00:52 -0400] "POST /wp-login.php HTTP/1.1" 200 8937 "-" "Mozilla/5.0 (Windows NT 6.1; WOW64) AppleWebKit/537.36 (KHTML, like Gecko) Chrome/41.0.2272.101 Safari/537.36"
204.48.19.85 - - [04/Jul/2021:07:01:40 -0400] "POST /wp-cron.php?doing_wp_cron=1625396500.2866189479827880859375 HTTP/1.1" 200 6350 "https://angelsonhighstreet.com/wp-cron.php?doing_wp_cron=1625396500.2866189479827880859375" "WordPress/5.7.2; https://angelsonhighstreet.com"
54.36.149.94 - - [04/Jul/2021:07:01:39 -0400] "GET /shop-full-width?product_count=48&product_orderby=price&product_order=desc&product_view=list HTTP/1.1" 200 22287 "-" "Mozilla/5.0 (compatible; AhrefsBot/7.0; +http://ahrefs.com/robot/)"
204.48.19.85 - - [04/Jul/2021:07:05:48 -0400] "POST /wp-cron.php?doing_wp_cron=1625396748.9035110473632812500000 HTTP/1.1" 200 6350 "https://angelsonhighstreet.com/wp-cron.php?doing_wp_cron=1625396748.9035110473632812500000" "WordPress/5.7.2; https://angelsonhighstreet.com"
54.36.148.32 - - [04/Jul/2021:07:05:48 -0400] "GET /shop-full-width?product_count=48&product_orderby=default&product_order=asc&product_view=list HTTP/1.1" 200 22282 "-" "Mozilla/5.0 (compatible; AhrefsBot/7.0; +http://ahrefs.com/robot/)"
204.48.19.85 - - [04/Jul/2021:07:09:50 -0400] "POST /wp-cron.php?doing_wp_cron=1625396990.8454260826110839843750 HTTP/1.1" 200 6350 "https://angelsonhighstreet.com/wp-cron.php?doing_wp_cron=1625396990.8454260826110839843750" "WordPress/5.7.2; https://angelsonhighstreet.com"
54.36.148.81 - - [04/Jul/2021:07:09:50 -0400] "GET /shop-full-width?product_count=32&product_orderby=default&product_order=desc&product_view=grid HTTP/1.1" 200 21932 "-" "Mozilla/5.0 (compatible; AhrefsBot/7.0; +http://ahrefs.com/robot/)"
204.48.19.85 - - [04/Jul/2021:07:09:57 -0400] "POST /wp-cron.php?doing_wp_cron=1625396997.1153569221496582031250 HTTP/1.1" 200 6350 "https://angelsonhighstreet.com/wp-cron.php?doing_wp_cron=1625396997.1153569221496582031250" "WordPress/5.7.2; https://angelsonhighstreet.com"
95.213.175.156 - - [04/Jul/2021:07:09:56 -0400] "POST /wp-login.php HTTP/1.1" 200 8935 "-" "Mozilla/5.0 (Windows NT 6.3; Win64; x64) AppleWebKit/537.36 (KHTML, like Gecko) Chrome/65.0.3325.181 Safari/537.36"
204.48.19.85 - - [04/Jul/2021:07:13:31 -0400] "POST /wp-cron.php?doing_wp_cron=1625397211.1263079643249511718750 HTTP/1.1" 200 6350 "https://angelsonhighstreet.com/wp-cron.php?doing_wp_cron=1625397211.1263079643249511718750" "WordPress/5.7.2; https://angelsonhighstreet.com"
66.249.66.41 - - [04/Jul/2021:07:13:30 -0400] "GET /tag/avada/feed HTTP/1.1" 200 7072 "-" "Mozilla/5.0 (Linux; Android 6.0.1; Nexus 5X Build/MMB29P) AppleWebKit/537.36 (KHTML, like Gecko) Chrome/91.0.4472.90 Mobile Safari/537.36 (compatible; Googlebot/2.1; +http://www.google.com/bot.html)"
54.36.149.31 - - [04/Jul/2021:07:13:54 -0400] "GET /shop-full-width?product_count=32&product_orderby=name&product_order=desc&product_view=grid HTTP/1.1" 200 21934 "-" "Mozilla/5.0 (compatible; AhrefsBot/7.0; +http://ahrefs.com/robot/)"
204.48.19.85 - - [04/Jul/2021:07:17:59 -0400] "POST /wp-cron.php?doing_wp_cron=1625397479.9703969955444335937500 HTTP/1.1" 200 6350 "https://angelsonhighstreet.com/wp-cron.php?doing_wp_cron=1625397479.9703969955444335937500" "WordPress/5.7.2; https://angelsonhighstreet.com"
54.36.148.32 - - [04/Jul/2021:07:17:59 -0400] "GET /shop-full-width?product_count=48&product_orderby=price&product_order=asc&product_view=grid HTTP/1.1" 200 21943 "-" "Mozilla/5.0 (compatible; AhrefsBot/7.0; +http://ahrefs.com/robot/)"
204.48.19.85 - - [04/Jul/2021:07:20:35 -0400] "POST /wp-cron.php?doing_wp_cron=1625397635.9386620521545410156250 HTTP/1.1" 200 6350 "https://angelsonhighstreet.com/wp-cron.php?doing_wp_cron=1625397635.9386620521545410156250" "WordPress/5.7.2; https://angelsonhighstreet.com"
185.2.5.47 - - [04/Jul/2021:07:20:35 -0400] "POST /wp-login.php HTTP/1.1" 200 8935 "-" "Mozilla/5.0 (Windows NT 6.1; Win64; x64) AppleWebKit/537.36 (KHTML, like Gecko) Chrome/70.0.3538.67 Safari/537.36"
204.48.19.85 - - [04/Jul/2021:07:22:14 -0400] "POST /wp-cron.php?doing_wp_cron=1625397734.8418240547180175781250 HTTP/1.1" 200 6350 "https://angelsonhighstreet.com/wp-cron.php?doing_wp_cron=1625397734.8418240547180175781250" "WordPress/5.7.2; https://angelsonhighstreet.com"
54.36.149.69 - - [04/Jul/2021:07:22:14 -0400] "GET /shop-full-width?product_view=list&product_count=16&product_orderby=default&product_order=desc HTTP/1.1" 200 22274 "-" "Mozilla/5.0 (compatible; AhrefsBot/7.0; +http://ahrefs.com/robot/)"
204.48.19.85 - - [04/Jul/2021:07:25:18 -0400] "POST /wp-cron.php?doing_wp_cron=1625397918.1645090579986572265625 HTTP/1.1" 200 6350 "https://angelsonhighstreet.com/wp-cron.php?doing_wp_cron=1625397918.1645090579986572265625" "WordPress/5.7.2; https://angelsonhighstreet.com"
82.223.117.156 - - [04/Jul/2021:07:25:17 -0400] "POST /wp-login.php HTTP/1.1" 200 8935 "-" "Mozilla/5.0 (Windows NT 6.3; Win64; x64) AppleWebKit/537.36 (KHTML, like Gecko) Chrome/79.0.3945.88 Safari/537.36"
204.48.19.85 - - [04/Jul/2021:07:26:13 -0400] "POST /wp-cron.php?doing_wp_cron=1625397973.2296750545501708984375 HTTP/1.1" 200 6350 "https://angelsonhighstreet.com/wp-cron.php?doing_wp_cron=1625397973.2296750545501708984375" "WordPress/5.7.2; https://angelsonhighstreet.com"
188.166.94.198 - - [04/Jul/2021:07:26:12 -0400] "POST /wp-login.php HTTP/1.1" 200 8937 "-" "Mozilla/5.0 (Windows NT 6.1) AppleWebKit/537.36 (KHTML, like Gecko) Chrome/59.0.3071.115 Safari/537.36"
54.36.148.130 - - [04/Jul/2021:07:26:24 -0400] "GET /product-category/salves?product_order=desc&product_view=grid&product_count=48&product_orderby=price HTTP/1.1" 200 21482 "-" "Mozilla/5.0 (compatible; AhrefsBot/7.0; +http://ahrefs.com/robot/)"
204.48.19.85 - - [04/Jul/2021:07:30:18 -0400] "POST /wp-cron.php?doing_wp_cron=1625398218.0874609947204589843750 HTTP/1.1" 200 6350 "https://angelsonhighstreet.com/wp-cron.php?doing_wp_cron=1625398218.0874609947204589843750" "WordPress/5.7.2; https://angelsonhighstreet.com"
54.36.148.97 - - [04/Jul/2021:07:30:17 -0400] "GET /product-category/salves?product_order=desc&product_orderby=date&product_count=32&product_view=grid HTTP/1.1" 200 21487 "-" "Mozilla/5.0 (compatible; AhrefsBot/7.0; +http://ahrefs.com/robot/)"
204.48.19.85 - - [04/Jul/2021:07:32:01 -0400] "POST /wp-cron.php?doing_wp_cron=1625398321.9885718822479248046875 HTTP/1.1" 200 6350 "https://angelsonhighstreet.com/wp-cron.php?doing_wp_cron=1625398321.9885718822479248046875" "WordPress/5.7.2; https://angelsonhighstreet.com"
82.66.57.157 - - [04/Jul/2021:07:32:01 -0400] "POST /wp-login.php HTTP/1.1" 200 8937 "-" "Mozilla/5.0 (Windows NT 10.0; Win64; x64) AppleWebKit/537.36 (KHTML, like Gecko) Chrome/54.0.2840.99 Safari/537.36"
204.48.19.85 - - [04/Jul/2021:07:34:21 -0400] "POST /wp-cron.php?doing_wp_cron=1625398461.7053720951080322265625 HTTP/1.1" 200 6350 "https://angelsonhighstreet.com/wp-cron.php?doing_wp_cron=1625398461.7053720951080322265625" "WordPress/5.7.2; https://angelsonhighstreet.com"
54.36.148.117 - - [04/Jul/2021:07:34:21 -0400] "GET /product-category/salves?product_order=desc&product_orderby=popularity&product_count=32&product_view=grid HTTP/1.1" 200 21508 "-" "Mozilla/5.0 (compatible; AhrefsBot/7.0; +http://ahrefs.com/robot/)"
54.186.250.162 - - [04/Jul/2021:07:35:21 -0400] "GET / HTTP/1.1" 301 539 "-" "Mozilla/5.0 (X11; Linux x86_64) AppleWebKit/537.36 (KHTML, like Gecko) Chrome/83.0.4103.97 Safari/537.36"
204.48.19.85 - - [04/Jul/2021:07:35:29 -0400] "POST /wp-cron.php?doing_wp_cron=1625398529.0946049690246582031250 HTTP/1.1" 200 6350 "https://angelsonhighstreet.com/wp-cron.php?doing_wp_cron=1625398529.0946049690246582031250" "WordPress/5.7.2; https://angelsonhighstreet.com"
54.186.250.162 - - [04/Jul/2021:07:35:28 -0400] "GET / HTTP/1.1" 200 25842 "-" "Mozilla/5.0 (X11; Linux x86_64) AppleWebKit/537.36 (KHTML, like Gecko) Chrome/83.0.4103.97 Safari/537.36"
54.245.167.3 - - [04/Jul/2021:07:36:12 -0400] "GET /favicon.ico HTTP/1.1" 301 561 "-" "Mozilla/5.0 (X11; Linux x86_64) AppleWebKit/537.36 (KHTML, like Gecko) Chrome/83.0.4103.97 Safari/537.36"
54.245.167.3 - - [04/Jul/2021:07:36:15 -0400] "GET / HTTP/1.1" 301 539 "-" "Mozilla/5.0 (X11; Linux x86_64) AppleWebKit/537.36 (KHTML, like Gecko) Chrome/83.0.4103.97 Safari/537.36"
204.48.19.85 - - [04/Jul/2021:07:36:17 -0400] "POST /wp-cron.php?doing_wp_cron=1625398577.8518009185791015625000 HTTP/1.1" 200 6350 "https://angelsonhighstreet.com/wp-cron.php?doing_wp_cron=1625398577.8518009185791015625000" "WordPress/5.7.2; https://angelsonhighstreet.com"
54.245.167.3 - - [04/Jul/2021:07:36:17 -0400] "GET / HTTP/1.1" 200 25963 "http://angelsonhighstreet.com" "Mozilla/5.0 (X11; Linux x86_64) AppleWebKit/537.36 (KHTML, like Gecko) Chrome/83.0.4103.97 Safari/537.36"
54.245.167.3 - - [04/Jul/2021:07:36:19 -0400] "GET /wp-content/uploads/2020/05/aohs_logo_transparent.png HTTP/1.1" 200 192243 "-" "Go-http-client/1.1"
52.39.228.191 - - [04/Jul/2021:07:36:21 -0400] "GET / HTTP/1.1" 301 539 "-" "Mozilla/5.0 (X11; Linux x86_64) AppleWebKit/537.36 (KHTML, like Gecko) Chrome/83.0.4103.97 Safari/537.36"
52.39.228.191 - - [04/Jul/2021:07:36:22 -0400] "GET / HTTP/1.1" 200 25845 "-" "Mozilla/5.0 (X11; Linux x86_64) AppleWebKit/537.36 (KHTML, like Gecko) Chrome/83.0.4103.97 Safari/537.36"
204.48.19.85 - - [04/Jul/2021:07:38:16 -0400] "POST /wp-cron.php?doing_wp_cron=1625398696.6306650638580322265625 HTTP/1.1" 200 6350 "https://angelsonhighstreet.com/wp-cron.php?doing_wp_cron=1625398696.6306650638580322265625" "WordPress/5.7.2; https://angelsonhighstreet.com"
54.36.148.127 - - [04/Jul/2021:07:38:16 -0400] "GET /shop-full-width?product_count=48&product_view=list&product_order=desc&product_orderby=date HTTP/1.1" 200 22280 "-" "Mozilla/5.0 (compatible; AhrefsBot/7.0; +http://ahrefs.com/robot/)"
204.48.19.85 - - [04/Jul/2021:07:41:27 -0400] "POST /wp-cron.php?doing_wp_cron=1625398887.4755399227142333984375 HTTP/1.1" 200 6350 "https://angelsonhighstreet.com/wp-cron.php?doing_wp_cron=1625398887.4755399227142333984375" "WordPress/5.7.2; https://angelsonhighstreet.com"
37.97.212.35 - - [04/Jul/2021:07:41:27 -0400] "POST /wp-login.php HTTP/1.1" 200 8935 "-" "Mozilla/5.0 (Windows NT 10.0; Win64; x64) AppleWebKit/537.36 (KHTML, like Gecko) Chrome/70.0.3538.67 Safari/537.36"
34.217.175.16 - - [04/Jul/2021:07:41:42 -0400] "GET /favicon.ico HTTP/1.1" 301 561 "-" "Mozilla/5.0 (X11; Linux x86_64) AppleWebKit/537.36 (KHTML, like Gecko) Chrome/83.0.4103.97 Safari/537.36"
34.217.175.16 - - [04/Jul/2021:07:41:46 -0400] "GET / HTTP/1.1" 301 539 "-" "Mozilla/5.0 (X11; Linux x86_64) AppleWebKit/537.36 (KHTML, like Gecko) Chrome/83.0.4103.97 Safari/537.36"
204.48.19.85 - - [04/Jul/2021:07:42:20 -0400] "POST /wp-cron.php?doing_wp_cron=1625398940.5332660675048828125000 HTTP/1.1" 200 6350 "https://angelsonhighstreet.com/wp-cron.php?doing_wp_cron=1625398940.5332660675048828125000" "WordPress/5.7.2; https://angelsonhighstreet.com"
54.36.149.107 - - [04/Jul/2021:07:42:20 -0400] "GET /shop-full-width?product_count=48&product_view=list&product_order=desc&product_orderby=name HTTP/1.1" 200 22282 "-" "Mozilla/5.0 (compatible; AhrefsBot/7.0; +http://ahrefs.com/robot/)"
185.191.171.1 - - [04/Jul/2021:07:42:34 -0400] "GET /robots.txt HTTP/1.1" 200 6554 "-" "Mozilla/5.0 (compatible; SemrushBot/7~bl; +http://www.semrush.com/bot.html)"
185.191.171.45 - - [04/Jul/2021:07:42:34 -0400] "GET /product-category/oils?product_count=16&product_order=desc&product_orderby=name&product_view=grid HTTP/1.1" 200 21262 "-" "Mozilla/5.0 (compatible; SemrushBot/7~bl; +http://www.semrush.com/bot.html)"
204.48.19.85 - - [04/Jul/2021:07:45:56 -0400] "POST /wp-cron.php?doing_wp_cron=1625399156.4857909679412841796875 HTTP/1.1" 200 6350 "https://angelsonhighstreet.com/wp-cron.php?doing_wp_cron=1625399156.4857909679412841796875" "WordPress/5.7.2; https://angelsonhighstreet.com"
54.36.148.115 - - [04/Jul/2021:07:45:55 -0400] "GET /product-category/salves?product_order=desc&product_orderby=price&product_count=32&product_view=grid HTTP/1.1" 200 21241 "-" "Mozilla/5.0 (compatible; AhrefsBot/7.0; +http://ahrefs.com/robot/)"
204.48.19.85 - - [04/Jul/2021:07:49:26 -0400] "POST /wp-cron.php?doing_wp_cron=1625399366.0271720886230468750000 HTTP/1.1" 200 6350 "https://angelsonhighstreet.com/wp-cron.php?doing_wp_cron=1625399366.0271720886230468750000" "WordPress/5.7.2; https://angelsonhighstreet.com"
54.36.148.178 - - [04/Jul/2021:07:49:25 -0400] "GET /shop-full-width?product_count=48&product_view=list&product_order=desc&product_orderby=popularity HTTP/1.1" 200 22337 "-" "Mozilla/5.0 (compatible; AhrefsBot/7.0; +http://ahrefs.com/robot/)"
204.48.19.85 - - [04/Jul/2021:07:53:04 -0400] "POST /wp-cron.php?doing_wp_cron=1625399584.3471250534057617187500 HTTP/1.1" 200 6350 "https://angelsonhighstreet.com/wp-cron.php?doing_wp_cron=1625399584.3471250534057617187500" "WordPress/5.7.2; https://angelsonhighstreet.com"
54.36.148.244 - - [04/Jul/2021:07:53:03 -0400] "GET /shop-full-width?product_count=48&product_view=list&product_order=desc&product_orderby=price HTTP/1.1" 200 22315 "-" "Mozilla/5.0 (compatible; AhrefsBot/7.0; +http://ahrefs.com/robot/)"
185.191.171.15 - - [04/Jul/2021:07:53:52 -0400] "GET /product-category/salves?product_count=32&product_orderby=rating&product_view=list HTTP/1.1" 200 21346 "-" "Mozilla/5.0 (compatible; SemrushBot/7~bl; +http://www.semrush.com/bot.html)"
204.48.19.85 - - [04/Jul/2021:07:56:42 -0400] "POST /wp-cron.php?doing_wp_cron=1625399802.9365160465240478515625 HTTP/1.1" 200 6350 "https://angelsonhighstreet.com/wp-cron.php?doing_wp_cron=1625399802.9365160465240478515625" "WordPress/5.7.2; https://angelsonhighstreet.com"
54.36.149.29 - - [04/Jul/2021:07:56:42 -0400] "GET /shop-full-width?product_count=32&product_orderby=date&product_order=desc&product_view=list HTTP/1.1" 200 22306 "-" "Mozilla/5.0 (compatible; AhrefsBot/7.0; +http://ahrefs.com/robot/)"
204.48.19.85 - - [04/Jul/2021:07:57:12 -0400] "POST /wp-cron.php?doing_wp_cron=1625399832.3106949329376220703125 HTTP/1.1" 200 6350 "https://angelsonhighstreet.com/wp-cron.php?doing_wp_cron=1625399832.3106949329376220703125" "WordPress/5.7.2; https://angelsonhighstreet.com"
160.251.5.96 - - [04/Jul/2021:07:57:11 -0400] "POST /wp-login.php HTTP/1.1" 200 8935 "-" "Mozilla/5.0 (Windows NT 6.3; Win64; x64) AppleWebKit/537.36 (KHTML, like Gecko) Chrome/57.0.2987.133 Safari/537.36"
204.48.19.85 - - [04/Jul/2021:08:00:30 -0400] "POST /wp-cron.php?doing_wp_cron=1625400030.5618660449981689453125 HTTP/1.1" 200 6350 "https://angelsonhighstreet.com/wp-cron.php?doing_wp_cron=1625400030.5618660449981689453125" "WordPress/5.7.2; https://angelsonhighstreet.com"
54.36.149.107 - - [04/Jul/2021:08:00:29 -0400] "GET /product-category/salves?product_order=desc&product_orderby=rating&product_view=list&product_count=16 HTTP/1.1" 200 21379 "-" "Mozilla/5.0 (compatible; AhrefsBot/7.0; +http://ahrefs.com/robot/)"
204.48.19.85 - - [04/Jul/2021:08:03:34 -0400] "POST /wp-cron.php?doing_wp_cron=1625400214.9902639389038085937500 HTTP/1.1" 200 6350 "https://angelsonhighstreet.com/wp-cron.php?doing_wp_cron=1625400214.9902639389038085937500" "WordPress/5.7.2; https://angelsonhighstreet.com"
85.214.195.246 - - [04/Jul/2021:08:03:34 -0400] "POST /wp-login.php HTTP/1.1" 200 8934 "-" "Mozilla/5.0 (Windows NT 10.0; WOW64) AppleWebKit/537.36 (KHTML, like Gecko) Chrome/79.0.3945.130 Safari/537.36"
204.48.19.85 - - [04/Jul/2021:08:04:09 -0400] "POST /wp-cron.php?doing_wp_cron=1625400249.7514860630035400390625 HTTP/1.1" 200 6350 "https://angelsonhighstreet.com/wp-cron.php?doing_wp_cron=1625400249.7514860630035400390625" "WordPress/5.7.2; https://angelsonhighstreet.com"
54.36.148.21 - - [04/Jul/2021:08:04:09 -0400] "GET /shop-full-width?product_count=48&product_view=list&product_order=desc&product_orderby=default HTTP/1.1" 200 22299 "-" "Mozilla/5.0 (compatible; AhrefsBot/7.0; +http://ahrefs.com/robot/)"
204.48.19.85 - - [04/Jul/2021:08:07:55 -0400] "POST /wp-cron.php?doing_wp_cron=1625400475.7424750328063964843750 HTTP/1.1" 200 6350 "https://angelsonhighstreet.com/wp-cron.php?doing_wp_cron=1625400475.7424750328063964843750" "WordPress/5.7.2; https://angelsonhighstreet.com"
54.36.148.24 - - [04/Jul/2021:08:07:55 -0400] "GET /shop-full-width?product_count=32&product_orderby=rating&product_order=desc&product_view=list HTTP/1.1" 200 22301 "-" "Mozilla/5.0 (compatible; AhrefsBot/7.0; +http://ahrefs.com/robot/)"
204.48.19.85 - - [04/Jul/2021:08:11:18 -0400] "POST /wp-cron.php?doing_wp_cron=1625400678.7454741001129150390625 HTTP/1.1" 200 6350 "https://angelsonhighstreet.com/wp-cron.php?doing_wp_cron=1625400678.7454741001129150390625" "WordPress/5.7.2; https://angelsonhighstreet.com"
54.36.148.164 - - [04/Jul/2021:08:11:18 -0400] "GET /shop-full-width?product_count=48&product_view=list&product_order=desc&product_orderby=rating HTTP/1.1" 200 22327 "-" "Mozilla/5.0 (compatible; AhrefsBot/7.0; +http://ahrefs.com/robot/)"
204.48.19.85 - - [04/Jul/2021:08:12:22 -0400] "POST /wp-cron.php?doing_wp_cron=1625400742.5616509914398193359375 HTTP/1.1" 200 6350 "https://angelsonhighstreet.com/wp-cron.php?doing_wp_cron=1625400742.5616509914398193359375" "WordPress/5.7.2; https://angelsonhighstreet.com"
81.88.52.175 - - [04/Jul/2021:08:12:22 -0400] "POST /wp-login.php HTTP/1.1" 200 8934 "-" "Mozilla/5.0 (Windows NT 6.1; WOW64) AppleWebKit/537.36 (KHTML, like Gecko) Chrome/47.0.2526.111 Safari/537.36 MVisionPlayer/1.0.0.0"
204.48.19.85 - - [04/Jul/2021:08:14:58 -0400] "POST /wp-cron.php?doing_wp_cron=1625400898.6146640777587890625000 HTTP/1.1" 200 6350 "https://angelsonhighstreet.com/wp-cron.php?doing_wp_cron=1625400898.6146640777587890625000" "WordPress/5.7.2; https://angelsonhighstreet.com"
54.36.148.206 - - [04/Jul/2021:08:14:58 -0400] "GET /shop-full-width?product_view=grid&product_count=16&product_orderby=date&product_order=desc HTTP/1.1" 200 21949 "-" "Mozilla/5.0 (compatible; AhrefsBot/7.0; +http://ahrefs.com/robot/)"
204.48.19.85 - - [04/Jul/2021:08:18:33 -0400] "POST /wp-cron.php?doing_wp_cron=1625401113.6171329021453857421875 HTTP/1.1" 200 6350 "https://angelsonhighstreet.com/wp-cron.php?doing_wp_cron=1625401113.6171329021453857421875" "WordPress/5.7.2; https://angelsonhighstreet.com"
54.36.148.197 - - [04/Jul/2021:08:18:33 -0400] "GET /product-category/salves?product_orderby=popularity&product_order=asc&product_view=grid&product_count=16 HTTP/1.1" 200 21461 "-" "Mozilla/5.0 (compatible; AhrefsBot/7.0; +http://ahrefs.com/robot/)"
200.0.135.1 - - [04/Jul/2021:08:18:34 -0400] "POST /wp-login.php HTTP/1.1" 200 8934 "-" "Mozilla/5.0 (Windows NT 6.3; Win64; x64) AppleWebKit/537.36 (KHTML, like Gecko) Chrome/79.0.3945.130 Safari/537.36"
204.48.19.85 - - [04/Jul/2021:08:22:04 -0400] "POST /wp-cron.php?doing_wp_cron=1625401324.0155301094055175781250 HTTP/1.1" 200 6350 "https://angelsonhighstreet.com/wp-cron.php?doing_wp_cron=1625401324.0155301094055175781250" "WordPress/5.7.2; https://angelsonhighstreet.com"
54.36.148.143 - - [04/Jul/2021:08:22:03 -0400] "GET /product-category/salves?product_order=desc&product_view=grid&product_count=48&product_orderby=popularity HTTP/1.1" 200 21476 "-" "Mozilla/5.0 (compatible; AhrefsBot/7.0; +http://ahrefs.com/robot/)"
92.118.160.9 - - [04/Jul/2021:08:22:53 -0400] "GET / HTTP/1.1" 301 539 "-" "NetSystemsResearch studies the availability of various services across the internet. Our website is netsystemsresearch.com"
92.118.160.9 - - [04/Jul/2021:08:22:53 -0400] "GET / HTTP/1.1" 200 115540 "http://204.48.19.85:80/" "Go http package"
204.48.19.85 - - [04/Jul/2021:08:25:39 -0400] "POST /wp-cron.php?doing_wp_cron=1625401539.9876160621643066406250 HTTP/1.1" 200 6350 "https://angelsonhighstreet.com/wp-cron.php?doing_wp_cron=1625401539.9876160621643066406250" "WordPress/5.7.2; https://angelsonhighstreet.com"
123.207.30.63 - - [04/Jul/2021:08:25:39 -0400] "POST /wp-login.php HTTP/1.1" 200 8934 "-" "Mozilla/5.0 (Windows NT 6.3; Win64; x64) AppleWebKit/537.36 (KHTML, like Gecko) Chrome/79.0.3945.88 Safari/537.36"
54.36.148.47 - - [04/Jul/2021:08:25:48 -0400] "GET /shop-full-width?product_count=32&product_orderby=name&product_order=desc&product_view=list HTTP/1.1" 200 22313 "-" "Mozilla/5.0 (compatible; AhrefsBot/7.0; +http://ahrefs.com/robot/)"
204.48.19.85 - - [04/Jul/2021:08:27:15 -0400] "POST /wp-cron.php?doing_wp_cron=1625401635.3511331081390380859375 HTTP/1.1" 200 6350 "https://angelsonhighstreet.com/wp-cron.php?doing_wp_cron=1625401635.3511331081390380859375" "WordPress/5.7.2; https://angelsonhighstreet.com"
51.89.36.202 - - [04/Jul/2021:08:27:14 -0400] "POST /wp-login.php HTTP/1.1" 200 8934 "-" "Mozilla/5.0 (Windows NT 6.1; WOW64) AppleWebKit/537.36 (KHTML, like Gecko) Chrome/48.0.2564.109 Safari/537.36"
204.48.19.85 - - [04/Jul/2021:08:30:00 -0400] "POST /wp-cron.php?doing_wp_cron=1625401800.1105968952178955078125 HTTP/1.1" 200 6350 "https://angelsonhighstreet.com/wp-cron.php?doing_wp_cron=1625401800.1105968952178955078125" "WordPress/5.7.2; https://angelsonhighstreet.com"
54.36.149.99 - - [04/Jul/2021:08:29:59 -0400] "GET /shop-full-width?product_count=48&product_orderby=price&product_order=asc&product_view=list HTTP/1.1" 200 22321 "-" "Mozilla/5.0 (compatible; AhrefsBot/7.0; +http://ahrefs.com/robot/)"
204.48.19.85 - - [04/Jul/2021:08:31:25 -0400] "POST /wp-cron.php?doing_wp_cron=1625401885.6812748908996582031250 HTTP/1.1" 200 6350 "https://angelsonhighstreet.com/wp-cron.php?doing_wp_cron=1625401885.6812748908996582031250" "WordPress/5.7.2; https://angelsonhighstreet.com"
