46.21.250.195 - - [30/Jun/2021:16:14:30 -0400] "GET /contact-us HTTP/1.1" 200 66888 "-" "Mozilla/5.0 (iPad; CPU OS 8_0_1 like Mac OS X; en-US) AppleWebKit/532.16.1 (KHTML, like Gecko) Version/3.0.5 Mobile/8B114 Safari/6532.16.1"
46.21.250.195 - - [30/Jun/2021:16:14:31 -0400] "POST /contact-us HTTP/1.1" 200 67805 "-" "Mozilla/5.0 (iPad; CPU OS 8_0_1 like Mac OS X; en-US) AppleWebKit/532.16.1 (KHTML, like Gecko) Version/3.0.5 Mobile/8B114 Safari/6532.16.1"
204.48.19.85 - - [30/Jun/2021:16:18:02 -0400] "POST /wp-cron.php?doing_wp_cron=1625084282.3903698921203613281250 HTTP/1.1" 200 5548 "https://angelsonhighstreet.com/wp-cron.php?doing_wp_cron=1625084282.3903698921203613281250" "WordPress/5.7.2; https://angelsonhighstreet.com"
54.36.148.220 - - [30/Jun/2021:16:18:01 -0400] "GET /product-category/oils?product_order=desc&product_view=grid&product_count=32&product_orderby=default HTTP/1.1" 200 20468 "-" "Mozilla/5.0 (compatible; AhrefsBot/7.0; +http://ahrefs.com/robot/)"
18.232.49.124 - - [30/Jun/2021:16:18:42 -0400] "GET /.env HTTP/1.1" 404 19632 "-" "Mozilla/5.0 (X11; Linux x86_64) AppleWebKit/537.36 (KHTML, like Gecko) Chrome/81.0.4044.129 Safari/537.36"
18.232.49.124 - - [30/Jun/2021:16:18:43 -0400] "GET /vendor/.env HTTP/1.1" 404 19636 "-" "Mozilla/5.0 (X11; Linux x86_64) AppleWebKit/537.36 (KHTML, like Gecko) Chrome/81.0.4044.129 Safari/537.36"
18.232.49.124 - - [30/Jun/2021:16:18:44 -0400] "GET /storage/.env HTTP/1.1" 404 19639 "-" "Mozilla/5.0 (X11; Linux x86_64) AppleWebKit/537.36 (KHTML, like Gecko) Chrome/81.0.4044.129 Safari/537.36"
18.232.49.124 - - [30/Jun/2021:16:18:44 -0400] "GET /public/.env HTTP/1.1" 404 19635 "-" "Mozilla/5.0 (X11; Linux x86_64) AppleWebKit/537.36 (KHTML, like Gecko) Chrome/81.0.4044.129 Safari/537.36"
18.232.49.124 - - [30/Jun/2021:16:18:45 -0400] "POST / HTTP/1.1" 200 25318 "-" "Mozilla/5.0 (X11; Linux x86_64) AppleWebKit/537.36 (KHTML, like Gecko) Chrome/81.0.4044.129 Safari/537.36"
204.48.19.85 - - [30/Jun/2021:16:21:31 -0400] "POST /wp-cron.php?doing_wp_cron=1625084491.9711759090423583984375 HTTP/1.1" 200 5548 "https://angelsonhighstreet.com/wp-cron.php?doing_wp_cron=1625084491.9711759090423583984375" "WordPress/5.7.2; https://angelsonhighstreet.com"
66.249.66.35 - - [30/Jun/2021:16:21:31 -0400] "GET / HTTP/1.1" 200 25296 "-" "Mozilla/5.0 (compatible; Googlebot/2.1; +http://www.google.com/bot.html)"
66.249.66.35 - - [30/Jun/2021:16:21:36 -0400] "GET /wp-content/uploads/fusion-scripts/250c2b9f76b9189f0607771277c32ada.min.js?ver=3.2.1 HTTP/1.1" 200 127820 "https://angelsonhighstreet.com/" "Mozilla/5.0 AppleWebKit/537.36 (KHTML, like Gecko; compatible; Googlebot/2.1; +http://www.google.com/bot.html) Chrome/91.0.4472.90 Safari/537.36"
66.249.66.35 - - [30/Jun/2021:16:21:37 -0400] "POST /?wc-ajax=get_refreshed_fragments HTTP/1.1" 200 874 "https://angelsonhighstreet.com/" "Mozilla/5.0 AppleWebKit/537.36 (KHTML, like Gecko; compatible; Googlebot/2.1; +http://www.google.com/bot.html) Chrome/91.0.4472.90 Safari/537.36"
66.249.66.35 - - [30/Jun/2021:16:21:38 -0400] "GET /wp-json/contact-form-7/v1/contact-forms/16954/refill HTTP/1.1" 200 643 "https://angelsonhighstreet.com/" "Mozilla/5.0 AppleWebKit/537.36 (KHTML, like Gecko; compatible; Googlebot/2.1; +http://www.google.com/bot.html) Chrome/91.0.4472.90 Safari/537.36"
204.48.19.85 - - [30/Jun/2021:16:22:00 -0400] "POST /wp-cron.php?doing_wp_cron=1625084520.1896510124206542968750 HTTP/1.1" 200 5548 "https://angelsonhighstreet.com/wp-cron.php?doing_wp_cron=1625084520.1896510124206542968750" "WordPress/5.7.2; https://angelsonhighstreet.com"
54.36.148.40 - - [30/Jun/2021:16:21:59 -0400] "GET /product-category/oils?product_order=asc&product_view=grid&product_count=48&product_orderby=date HTTP/1.1" 200 20455 "-" "Mozilla/5.0 (compatible; AhrefsBot/7.0; +http://ahrefs.com/robot/)"
204.48.19.85 - - [30/Jun/2021:16:26:12 -0400] "POST /wp-cron.php?doing_wp_cron=1625084772.9545209407806396484375 HTTP/1.1" 200 5548 "https://angelsonhighstreet.com/wp-cron.php?doing_wp_cron=1625084772.9545209407806396484375" "WordPress/5.7.2; https://angelsonhighstreet.com"
54.36.148.250 - - [30/Jun/2021:16:26:12 -0400] "GET /product-category/salves?product_orderby=date&product_order=asc&product_view=grid HTTP/1.1" 200 20423 "-" "Mozilla/5.0 (compatible; AhrefsBot/7.0; +http://ahrefs.com/robot/)"
204.48.19.85 - - [30/Jun/2021:16:30:23 -0400] "POST /wp-cron.php?doing_wp_cron=1625085023.1351699829101562500000 HTTP/1.1" 200 5548 "https://angelsonhighstreet.com/wp-cron.php?doing_wp_cron=1625085023.1351699829101562500000" "WordPress/5.7.2; https://angelsonhighstreet.com"
54.36.149.38 - - [30/Jun/2021:16:30:22 -0400] "GET /product-category/oils?product_order=desc&product_view=grid&product_count=16&product_orderby=rating HTTP/1.1" 200 20462 "-" "Mozilla/5.0 (compatible; AhrefsBot/7.0; +http://ahrefs.com/robot/)"
204.48.19.85 - - [30/Jun/2021:16:31:35 -0400] "POST /wp-cron.php?doing_wp_cron=1625085095.7672960758209228515625 HTTP/1.1" 200 5548 "https://angelsonhighstreet.com/wp-cron.php?doing_wp_cron=1625085095.7672960758209228515625" "WordPress/5.7.2; https://angelsonhighstreet.com"
207.46.13.161 - - [30/Jun/2021:16:31:35 -0400] "GET /shop-full-width?product_order=desc&product_view=list&product_orderby=rating&product_count=32 HTTP/1.1" 200 21105 "-" "Mozilla/5.0 (compatible; bingbot/2.0; +http://www.bing.com/bingbot.htm)"
204.48.19.85 - - [30/Jun/2021:16:34:39 -0400] "POST /wp-cron.php?doing_wp_cron=1625085279.6249039173126220703125 HTTP/1.1" 200 5548 "https://angelsonhighstreet.com/wp-cron.php?doing_wp_cron=1625085279.6249039173126220703125" "WordPress/5.7.2; https://angelsonhighstreet.com"
54.36.149.76 - - [30/Jun/2021:16:34:38 -0400] "GET /product-category/oils?product_order=asc&product_orderby=default&product_view=grid&product_count=16 HTTP/1.1" 200 20446 "-" "Mozilla/5.0 (compatible; AhrefsBot/7.0; +http://ahrefs.com/robot/)"
204.48.19.85 - - [30/Jun/2021:16:35:06 -0400] "POST /wp-cron.php?doing_wp_cron=1625085306.3311328887939453125000 HTTP/1.1" 200 5548 "https://angelsonhighstreet.com/wp-cron.php?doing_wp_cron=1625085306.3311328887939453125000" "WordPress/5.7.2; https://angelsonhighstreet.com"
81.88.52.157 - - [30/Jun/2021:16:35:05 -0400] "POST /wp-login.php HTTP/1.1" 200 8132 "-" "Mozilla/5.0 (Windows NT 6.3; Win64; x64) AppleWebKit/537.36 (KHTML, like Gecko) Chrome/57.0.2987.133 Safari/537.36"
204.48.19.85 - - [30/Jun/2021:16:39:02 -0400] "POST /wp-cron.php?doing_wp_cron=1625085542.7184588909149169921875 HTTP/1.1" 200 5548 "https://angelsonhighstreet.com/wp-cron.php?doing_wp_cron=1625085542.7184588909149169921875" "WordPress/5.7.2; https://angelsonhighstreet.com"
54.36.149.18 - - [30/Jun/2021:16:39:02 -0400] "GET / HTTP/1.1" 200 25312 "-" "Mozilla/5.0 (compatible; AhrefsBot/7.0; +http://ahrefs.com/robot/)"
204.48.19.85 - - [30/Jun/2021:16:40:25 -0400] "POST /wp-cron.php?doing_wp_cron=1625085625.4679090976715087890625 HTTP/1.1" 200 5548 "https://angelsonhighstreet.com/wp-cron.php?doing_wp_cron=1625085625.4679090976715087890625" "WordPress/5.7.2; https://angelsonhighstreet.com"
81.88.52.137 - - [30/Jun/2021:16:40:24 -0400] "POST /wp-login.php HTTP/1.1" 200 8134 "-" "Mozilla/5.0 (Windows NT 6.3; Win64; x64) AppleWebKit/537.36 (KHTML, like Gecko) Chrome/77.0.3865.90 Safari/537.36"
204.48.19.85 - - [30/Jun/2021:16:43:12 -0400] "POST /wp-cron.php?doing_wp_cron=1625085792.9518909454345703125000 HTTP/1.1" 200 5548 "https://angelsonhighstreet.com/wp-cron.php?doing_wp_cron=1625085792.9518909454345703125000" "WordPress/5.7.2; https://angelsonhighstreet.com"
54.36.148.69 - - [30/Jun/2021:16:43:12 -0400] "GET /product-category/oils?product_order=asc&product_view=list&product_orderby=rating&product_count=48 HTTP/1.1" 200 20752 "-" "Mozilla/5.0 (compatible; AhrefsBot/7.0; +http://ahrefs.com/robot/)"
204.48.19.85 - - [30/Jun/2021:16:46:31 -0400] "POST /wp-cron.php?doing_wp_cron=1625085991.6082100868225097656250 HTTP/1.1" 200 5548 "https://angelsonhighstreet.com/wp-cron.php?doing_wp_cron=1625085991.6082100868225097656250" "WordPress/5.7.2; https://angelsonhighstreet.com"
157.55.39.141 - - [30/Jun/2021:16:46:30 -0400] "GET /wp-sitemap-posts-product-1.xml HTTP/1.1" 200 5419 "-" "Mozilla/5.0 (compatible; bingbot/2.0; +http://www.bing.com/bingbot.htm)"
204.48.19.85 - - [30/Jun/2021:16:47:13 -0400] "POST /wp-cron.php?doing_wp_cron=1625086033.7363269329071044921875 HTTP/1.1" 200 5548 "https://angelsonhighstreet.com/wp-cron.php?doing_wp_cron=1625086033.7363269329071044921875" "WordPress/5.7.2; https://angelsonhighstreet.com"
54.36.149.18 - - [30/Jun/2021:16:47:13 -0400] "GET /product-category/oils?product_order=desc&product_view=grid&product_orderby=date&product_count=32 HTTP/1.1" 200 20460 "-" "Mozilla/5.0 (compatible; AhrefsBot/7.0; +http://ahrefs.com/robot/)"
204.48.19.85 - - [30/Jun/2021:16:51:11 -0400] "POST /wp-cron.php?doing_wp_cron=1625086271.8460440635681152343750 HTTP/1.1" 200 5548 "https://angelsonhighstreet.com/wp-cron.php?doing_wp_cron=1625086271.8460440635681152343750" "WordPress/5.7.2; https://angelsonhighstreet.com"
54.36.148.19 - - [30/Jun/2021:16:51:11 -0400] "GET /product-category/salves?product_order=asc&product_count=32&product_view=grid HTTP/1.1" 200 20427 "-" "Mozilla/5.0 (compatible; AhrefsBot/7.0; +http://ahrefs.com/robot/)"
204.48.19.85 - - [30/Jun/2021:16:55:58 -0400] "POST /wp-cron.php?doing_wp_cron=1625086558.0105519294738769531250 HTTP/1.1" 200 5548 "https://angelsonhighstreet.com/wp-cron.php?doing_wp_cron=1625086558.0105519294738769531250" "WordPress/5.7.2; https://angelsonhighstreet.com"
54.36.149.95 - - [30/Jun/2021:16:55:57 -0400] "GET /product-category/oils?product_order=desc&product_view=grid&product_orderby=rating&product_count=48 HTTP/1.1" 200 20495 "-" "Mozilla/5.0 (compatible; AhrefsBot/7.0; +http://ahrefs.com/robot/)"
204.48.19.85 - - [30/Jun/2021:17:00:42 -0400] "POST /wp-cron.php?doing_wp_cron=1625086842.1475009918212890625000 HTTP/1.1" 200 5548 "https://angelsonhighstreet.com/wp-cron.php?doing_wp_cron=1625086842.1475009918212890625000" "WordPress/5.7.2; https://angelsonhighstreet.com"
54.36.149.18 - - [30/Jun/2021:17:00:41 -0400] "GET /product-category/oils?product_order=asc&product_view=grid&product_orderby=name&product_count=16 HTTP/1.1" 200 20455 "-" "Mozilla/5.0 (compatible; AhrefsBot/7.0; +http://ahrefs.com/robot/)"
204.48.19.85 - - [30/Jun/2021:17:05:28 -0400] "POST /wp-cron.php?doing_wp_cron=1625087128.5857989788055419921875 HTTP/1.1" 200 5548 "https://angelsonhighstreet.com/wp-cron.php?doing_wp_cron=1625087128.5857989788055419921875" "WordPress/5.7.2; https://angelsonhighstreet.com"
185.191.171.4 - - [30/Jun/2021:17:05:27 -0400] "GET /robots.txt HTTP/1.1" 200 5752 "-" "Mozilla/5.0 (compatible; SemrushBot/7~bl; +http://www.semrush.com/bot.html)"
185.191.171.24 - - [30/Jun/2021:17:05:30 -0400] "GET /product-category/salves?product_count=48&product_orderby=popularity&product_view=grid HTTP/1.1" 200 20667 "-" "Mozilla/5.0 (compatible; SemrushBot/7~bl; +http://www.semrush.com/bot.html)"
54.36.148.224 - - [30/Jun/2021:17:05:35 -0400] "GET /product-category/oils?product_order=asc&product_view=grid&product_count=48&product_orderby=name HTTP/1.1" 200 20430 "-" "Mozilla/5.0 (compatible; AhrefsBot/7.0; +http://ahrefs.com/robot/)"
204.48.19.85 - - [30/Jun/2021:17:08:14 -0400] "POST /wp-cron.php?doing_wp_cron=1625087294.2108120918273925781250 HTTP/1.1" 200 5548 "https://angelsonhighstreet.com/wp-cron.php?doing_wp_cron=1625087294.2108120918273925781250" "WordPress/5.7.2; https://angelsonhighstreet.com"
175.44.42.20 - - [30/Jun/2021:17:08:13 -0400] "GET / HTTP/1.1" 200 25378 "http://fgonv.cahuo.net/" "Mozilla/5.0 (Windows NT 10.0; Win64; x64) AppleWebKit/537.36 (KHTML, like Gecko) Chrome/91.0.4472.106 Safari/537.36"
175.44.42.20 - - [30/Jun/2021:17:08:15 -0400] "GET /wp-content/plugins/google-analytics-dashboard-for-wp/assets/js/frontend-gtag.min.js?ver=6.7.0 HTTP/1.1" 200 3280 "http://fgonv.cahuo.net/post/108015158/sure-fire-ways-to-get-more-wordpress-traffic/" "Mozilla/5.0 (Windows NT 10.0; Win64; x64) AppleWebKit/537.36 (KHTML, like Gecko) Chrome/91.0.4472.106 Safari/537.36"
204.48.19.85 - - [30/Jun/2021:17:10:15 -0400] "POST /wp-cron.php?doing_wp_cron=1625087415.7349739074707031250000 HTTP/1.1" 200 5548 "https://angelsonhighstreet.com/wp-cron.php?doing_wp_cron=1625087415.7349739074707031250000" "WordPress/5.7.2; https://angelsonhighstreet.com"
54.36.149.18 - - [30/Jun/2021:17:10:14 -0400] "GET /product-category/oils?product_order=asc&product_view=grid&product_count=48&product_orderby=price HTTP/1.1" 200 20436 "-" "Mozilla/5.0 (compatible; AhrefsBot/7.0; +http://ahrefs.com/robot/)"
204.48.19.85 - - [30/Jun/2021:17:14:59 -0400] "GET / HTTP/1.1" 200 25331 "https://angelsonhighstreet.com/" "WordPress/5.7.2; https://angelsonhighstreet.com"
204.48.19.85 - - [30/Jun/2021:17:14:58 -0400] "POST /wp-cron.php?doing_wp_cron=1625087698.8111519813537597656250 HTTP/1.1" 200 5548 "https://angelsonhighstreet.com/wp-cron.php?doing_wp_cron=1625087698.8111519813537597656250" "WordPress/5.7.2; https://angelsonhighstreet.com"
54.36.148.61 - - [30/Jun/2021:17:14:57 -0400] "GET /product-category/oils?product_count=48&product_order=asc&product_orderby=price&product_view=grid HTTP/1.1" 200 20435 "-" "Mozilla/5.0 (compatible; AhrefsBot/7.0; +http://ahrefs.com/robot/)"
157.55.39.141 - - [30/Jun/2021:17:18:04 -0400] "GET /wp-content/uploads/2020/05/69E7C16F-F923-49ED-B458-8B2B9676B645.jpeg HTTP/1.1" 200 328196 "-" "Mozilla/5.0 (compatible; bingbot/2.0; +http://www.bing.com/bingbot.htm)"
204.48.19.85 - - [30/Jun/2021:17:19:28 -0400] "POST /wp-cron.php?doing_wp_cron=1625087968.7760190963745117187500 HTTP/1.1" 200 5548 "https://angelsonhighstreet.com/wp-cron.php?doing_wp_cron=1625087968.7760190963745117187500" "WordPress/5.7.2; https://angelsonhighstreet.com"
207.46.13.106 - - [30/Jun/2021:17:19:28 -0400] "GET /men/ HTTP/1.1" 404 19199 "-" "Mozilla/5.0 (compatible; bingbot/2.0; +http://www.bing.com/bingbot.htm)"
54.36.149.18 - - [30/Jun/2021:17:19:33 -0400] "GET /product-category/oils?product_order=asc&product_view=grid&product_count=48&product_orderby=rating HTTP/1.1" 200 20432 "-" "Mozilla/5.0 (compatible; AhrefsBot/7.0; +http://ahrefs.com/robot/)"
148.251.54.72 - - [30/Jun/2021:17:19:34 -0400] "GET /wp-admin/user/user-profile.php HTTP/1.1" 301 599 "http://simplesite.com" "Mozilla/5.0 (Windows; U; Windows NT 5.1; en-US) AppleWebKit/533.4 (KHTML, like Gecko) Chrome/5.0.375.99 Safari/533.4"
148.251.54.72 - - [30/Jun/2021:17:19:34 -0400] "GET /wp-admin/user/user-profile.php HTTP/1.1" 404 66152 "http://angelsonhighstreet.com/wp-admin/user/user-profile.php" "Mozilla/5.0 (Windows; U; Windows NT 5.1; en-US) AppleWebKit/533.4 (KHTML, like Gecko) Chrome/5.0.375.99 Safari/533.4"
204.48.19.85 - - [30/Jun/2021:17:21:39 -0400] "POST /wp-cron.php?doing_wp_cron=1625088099.0787270069122314453125 HTTP/1.1" 200 5548 "https://angelsonhighstreet.com/wp-cron.php?doing_wp_cron=1625088099.0787270069122314453125" "WordPress/5.7.2; https://angelsonhighstreet.com"
66.249.66.35 - - [30/Jun/2021:17:21:38 -0400] "GET /what-is-cbd HTTP/1.1" 200 21250 "-" "Mozilla/5.0 (Linux; Android 6.0.1; Nexus 5X Build/MMB29P) AppleWebKit/537.36 (KHTML, like Gecko) Chrome/91.0.4472.90 Mobile Safari/537.36 (compatible; Googlebot/2.1; +http://www.google.com/bot.html)"
204.48.19.85 - - [30/Jun/2021:17:23:41 -0400] "POST /wp-cron.php?doing_wp_cron=1625088221.0059978961944580078125 HTTP/1.1" 200 5548 "https://angelsonhighstreet.com/wp-cron.php?doing_wp_cron=1625088221.0059978961944580078125" "WordPress/5.7.2; https://angelsonhighstreet.com"
54.36.149.18 - - [30/Jun/2021:17:23:40 -0400] "GET /product-category/oils?product_order=desc&product_view=grid&product_orderby=date&product_count=48 HTTP/1.1" 200 20461 "-" "Mozilla/5.0 (compatible; AhrefsBot/7.0; +http://ahrefs.com/robot/)"
204.48.19.85 - - [30/Jun/2021:17:27:35 -0400] "POST /wp-cron.php?doing_wp_cron=1625088455.7428390979766845703125 HTTP/1.1" 200 5548 "https://angelsonhighstreet.com/wp-cron.php?doing_wp_cron=1625088455.7428390979766845703125" "WordPress/5.7.2; https://angelsonhighstreet.com"
54.36.148.0 - - [30/Jun/2021:17:27:35 -0400] "GET /product-category/oils?product_count=48&product_order=asc&product_orderby=default&product_view=grid HTTP/1.1" 200 20449 "-" "Mozilla/5.0 (compatible; AhrefsBot/7.0; +http://ahrefs.com/robot/)"
204.48.19.85 - - [30/Jun/2021:17:29:41 -0400] "POST /wp-cron.php?doing_wp_cron=1625088581.8136689662933349609375 HTTP/1.1" 200 5548 "https://angelsonhighstreet.com/wp-cron.php?doing_wp_cron=1625088581.8136689662933349609375" "WordPress/5.7.2; https://angelsonhighstreet.com"
185.191.171.33 - - [30/Jun/2021:17:29:41 -0400] "GET /product-category/salves?product_count=32&product_order=desc&product_orderby=date HTTP/1.1" 200 20651 "-" "Mozilla/5.0 (compatible; SemrushBot/7~bl; +http://www.semrush.com/bot.html)"
204.48.19.85 - - [30/Jun/2021:17:31:37 -0400] "POST /wp-cron.php?doing_wp_cron=1625088697.1788990497589111328125 HTTP/1.1" 200 5548 "https://angelsonhighstreet.com/wp-cron.php?doing_wp_cron=1625088697.1788990497589111328125" "WordPress/5.7.2; https://angelsonhighstreet.com"
54.36.148.93 - - [30/Jun/2021:17:31:37 -0400] "GET /product-category/oils?product_count=48&product_order=asc&product_orderby=popularity&product_view=grid HTTP/1.1" 200 20447 "-" "Mozilla/5.0 (compatible; AhrefsBot/7.0; +http://ahrefs.com/robot/)"
204.48.19.85 - - [30/Jun/2021:17:36:00 -0400] "POST /wp-cron.php?doing_wp_cron=1625088960.1463840007781982421875 HTTP/1.1" 200 5548 "https://angelsonhighstreet.com/wp-cron.php?doing_wp_cron=1625088960.1463840007781982421875" "WordPress/5.7.2; https://angelsonhighstreet.com"
54.36.149.18 - - [30/Jun/2021:17:36:00 -0400] "GET /product-category/oils?product_count=48&product_order=asc&product_orderby=name&product_view=grid HTTP/1.1" 200 20482 "-" "Mozilla/5.0 (compatible; AhrefsBot/7.0; +http://ahrefs.com/robot/)"
185.68.110.200 - - [30/Jun/2021:17:36:35 -0400] "POST /wp-login.php HTTP/1.1" 200 8132 "-" "Mozilla/5.0 (Windows NT 6.1; WOW64) AppleWebKit/537.36 (KHTML, like Gecko) Chrome/46.0.2490.86 Safari/537.36"
35.187.132.47 - - [30/Jun/2021:17:37:10 -0400] "GET /wp-content/uploads/2020/05/aohs_righttext_logo-e1590068585746.png HTTP/1.1" 200 67470 "-" "AppEngine-Google; (+http://code.google.com/appengine; appid: s~snapchat-proxy)"
204.48.19.85 - - [30/Jun/2021:17:40:49 -0400] "POST /wp-cron.php?doing_wp_cron=1625089249.4701459407806396484375 HTTP/1.1" 200 5548 "https://angelsonhighstreet.com/wp-cron.php?doing_wp_cron=1625089249.4701459407806396484375" "WordPress/5.7.2; https://angelsonhighstreet.com"
54.36.148.220 - - [30/Jun/2021:17:40:49 -0400] "GET /product-category/oils?product_order=asc&product_view=grid&product_count=32&product_orderby=popularity HTTP/1.1" 200 20417 "-" "Mozilla/5.0 (compatible; AhrefsBot/7.0; +http://ahrefs.com/robot/)"
204.48.19.85 - - [30/Jun/2021:17:41:36 -0400] "POST /wp-cron.php?doing_wp_cron=1625089296.7838060855865478515625 HTTP/1.1" 200 5548 "https://angelsonhighstreet.com/wp-cron.php?doing_wp_cron=1625089296.7838060855865478515625" "WordPress/5.7.2; https://angelsonhighstreet.com"
66.249.66.38 - - [30/Jun/2021:17:41:36 -0400] "GET /shop-full-width HTTP/1.1" 200 21131 "-" "Mozilla/5.0 (compatible; Googlebot/2.1; +http://www.google.com/bot.html)"
124.158.10.21 - - [30/Jun/2021:17:41:54 -0400] "POST /wp-login.php HTTP/1.1" 200 8134 "-" "Mozilla/5.0 (Windows NT 5.1) AppleWebKit/537.36 (KHTML, like Gecko) Chrome/47.0.2526.106 Safari/537.36"
204.48.19.85 - - [30/Jun/2021:17:41:57 -0400] "POST /wp-cron.php?doing_wp_cron=1625089317.1788070201873779296875 HTTP/1.1" 200 5548 "https://angelsonhighstreet.com/wp-cron.php?doing_wp_cron=1625089317.1788070201873779296875" "WordPress/5.7.2; https://angelsonhighstreet.com"
66.249.66.38 - - [30/Jun/2021:17:41:57 -0400] "POST /?wc-ajax=get_refreshed_fragments HTTP/1.1" 200 6099 "https://angelsonhighstreet.com/shop-full-width" "Mozilla/5.0 AppleWebKit/537.36 (KHTML, like Gecko; compatible; Googlebot/2.1; +http://www.google.com/bot.html) Chrome/91.0.4472.90 Safari/537.36"
157.55.39.141 - - [30/Jun/2021:17:43:06 -0400] "GET /wp-content/uploads/2020/05/69E7C16F-F923-49ED-B458-8B2B9676B645.jpeg HTTP/1.1" 200 328196 "-" "Mozilla/5.0 (compatible; bingbot/2.0; +http://www.bing.com/bingbot.htm)"
204.48.19.85 - - [30/Jun/2021:17:46:19 -0400] "POST /wp-cron.php?doing_wp_cron=1625089579.2831530570983886718750 HTTP/1.1" 200 5548 "https://angelsonhighstreet.com/wp-cron.php?doing_wp_cron=1625089579.2831530570983886718750" "WordPress/5.7.2; https://angelsonhighstreet.com"
54.36.149.62 - - [30/Jun/2021:17:46:19 -0400] "GET /product-category/oils?product_order=asc&product_view=grid&product_count=16&product_orderby=name HTTP/1.1" 200 20451 "-" "Mozilla/5.0 (compatible; AhrefsBot/7.0; +http://ahrefs.com/robot/)"
204.48.19.85 - - [30/Jun/2021:17:51:46 -0400] "POST /wp-cron.php?doing_wp_cron=1625089906.1456160545349121093750 HTTP/1.1" 200 5548 "https://angelsonhighstreet.com/wp-cron.php?doing_wp_cron=1625089906.1456160545349121093750" "WordPress/5.7.2; https://angelsonhighstreet.com"
54.36.148.57 - - [30/Jun/2021:17:51:46 -0400] "GET /product-category/oils?product_order=asc&product_view=grid&product_count=32&product_orderby=default HTTP/1.1" 200 20463 "-" "Mozilla/5.0 (compatible; AhrefsBot/7.0; +http://ahrefs.com/robot/)"
204.48.19.85 - - [30/Jun/2021:17:56:03 -0400] "POST /wp-cron.php?doing_wp_cron=1625090163.9228560924530029296875 HTTP/1.1" 200 5548 "https://angelsonhighstreet.com/wp-cron.php?doing_wp_cron=1625090163.9228560924530029296875" "WordPress/5.7.2; https://angelsonhighstreet.com"
54.36.149.18 - - [30/Jun/2021:17:56:03 -0400] "GET /product-category/salves?product_view=grid&product_orderby=default&product_order=desc&product_count=48 HTTP/1.1" 200 20425 "-" "Mozilla/5.0 (compatible; AhrefsBot/7.0; +http://ahrefs.com/robot/)"
204.48.19.85 - - [30/Jun/2021:18:00:20 -0400] "POST /wp-cron.php?doing_wp_cron=1625090420.6548600196838378906250 HTTP/1.1" 200 5548 "https://angelsonhighstreet.com/wp-cron.php?doing_wp_cron=1625090420.6548600196838378906250" "WordPress/5.7.2; https://angelsonhighstreet.com"
54.36.148.250 - - [30/Jun/2021:18:00:20 -0400] "GET /product-category/oils?product_order=asc&product_view=grid&product_orderby=price&product_count=16 HTTP/1.1" 200 20460 "-" "Mozilla/5.0 (compatible; AhrefsBot/7.0; +http://ahrefs.com/robot/)"
204.48.19.85 - - [30/Jun/2021:18:01:38 -0400] "POST /wp-cron.php?doing_wp_cron=1625090498.3918979167938232421875 HTTP/1.1" 200 5548 "https://angelsonhighstreet.com/wp-cron.php?doing_wp_cron=1625090498.3918979167938232421875" "WordPress/5.7.2; https://angelsonhighstreet.com"
66.249.66.38 - - [30/Jun/2021:18:01:38 -0400] "GET /about-us HTTP/1.1" 200 20833 "-" "Mozilla/5.0 (Linux; Android 6.0.1; Nexus 5X Build/MMB29P) AppleWebKit/537.36 (KHTML, like Gecko) Chrome/91.0.4472.90 Mobile Safari/537.36 (compatible; Googlebot/2.1; +http://www.google.com/bot.html)"
204.48.19.85 - - [30/Jun/2021:18:04:32 -0400] "POST /wp-cron.php?doing_wp_cron=1625090672.6218359470367431640625 HTTP/1.1" 200 5548 "https://angelsonhighstreet.com/wp-cron.php?doing_wp_cron=1625090672.6218359470367431640625" "WordPress/5.7.2; https://angelsonhighstreet.com"
54.36.148.190 - - [30/Jun/2021:18:04:32 -0400] "GET /product-category/oils?product_order=asc&product_view=grid&product_orderby=rating&product_count=16 HTTP/1.1" 200 20454 "-" "Mozilla/5.0 (compatible; AhrefsBot/7.0; +http://ahrefs.com/robot/)"
204.48.19.85 - - [30/Jun/2021:18:09:21 -0400] "POST /wp-cron.php?doing_wp_cron=1625090961.5226581096649169921875 HTTP/1.1" 200 5548 "https://angelsonhighstreet.com/wp-cron.php?doing_wp_cron=1625090961.5226581096649169921875" "WordPress/5.7.2; https://angelsonhighstreet.com"
54.36.149.18 - - [30/Jun/2021:18:09:21 -0400] "GET /product-category/oils?product_order=desc&product_view=grid&product_count=48&product_orderby=date HTTP/1.1" 200 20461 "-" "Mozilla/5.0 (compatible; AhrefsBot/7.0; +http://ahrefs.com/robot/)"
204.48.19.85 - - [30/Jun/2021:18:14:52 -0400] "POST /wp-cron.php?doing_wp_cron=1625091292.7116420269012451171875 HTTP/1.1" 200 5548 "https://angelsonhighstreet.com/wp-cron.php?doing_wp_cron=1625091292.7116420269012451171875" "WordPress/5.7.2; https://angelsonhighstreet.com"
54.36.149.103 - - [30/Jun/2021:18:14:52 -0400] "GET /product-category/oils?product_order=asc&product_view=grid&product_count=32&product_orderby=rating HTTP/1.1" 200 20456 "-" "Mozilla/5.0 (compatible; AhrefsBot/7.0; +http://ahrefs.com/robot/)"
204.48.19.85 - - [30/Jun/2021:18:16:09 -0400] "POST /wp-cron.php?doing_wp_cron=1625091369.7047948837280273437500 HTTP/1.1" 200 5548 "https://angelsonhighstreet.com/wp-cron.php?doing_wp_cron=1625091369.7047948837280273437500" "WordPress/5.7.2; https://angelsonhighstreet.com"
66.249.66.35 - - [30/Jun/2021:18:16:09 -0400] "GET /product-category/oils?product_orderby=popularity&product_count=32 HTTP/1.1" 200 20506 "-" "Mozilla/5.0 (Linux; Android 6.0.1; Nexus 5X Build/MMB29P) AppleWebKit/537.36 (KHTML, like Gecko) Chrome/91.0.4472.90 Mobile Safari/537.36 (compatible; Googlebot/2.1; +http://www.google.com/bot.html)"
66.249.66.38 - - [30/Jun/2021:18:16:11 -0400] "GET /wp-content/uploads/fusion-styles/2538d245b7885864e45167efbe0790f8.min.css?ver=3.2.1 HTTP/1.1" 200 154954 "https://angelsonhighstreet.com/product-category/oils?product_orderby=popularity&product_count=32" "Mozilla/5.0 (Linux; Android 6.0.1; Nexus 5X Build/MMB29P) AppleWebKit/537.36 (KHTML, like Gecko) Chrome/91.0.4472.90 Mobile Safari/537.36 (compatible; Googlebot/2.1; +http://www.google.com/bot.html)"
204.48.19.85 - - [30/Jun/2021:18:20:33 -0400] "POST /wp-cron.php?doing_wp_cron=1625091633.1893301010131835937500 HTTP/1.1" 200 5548 "https://angelsonhighstreet.com/wp-cron.php?doing_wp_cron=1625091633.1893301010131835937500" "WordPress/5.7.2; https://angelsonhighstreet.com"
54.36.148.169 - - [30/Jun/2021:18:20:33 -0400] "GET /product-category/oils?product_order=desc&product_view=grid&product_count=48&product_orderby=default HTTP/1.1" 200 20465 "-" "Mozilla/5.0 (compatible; AhrefsBot/7.0; +http://ahrefs.com/robot/)"
204.48.19.85 - - [30/Jun/2021:18:25:59 -0400] "POST /wp-cron.php?doing_wp_cron=1625091959.0619781017303466796875 HTTP/1.1" 200 5548 "https://angelsonhighstreet.com/wp-cron.php?doing_wp_cron=1625091959.0619781017303466796875" "WordPress/5.7.2; https://angelsonhighstreet.com"
54.36.149.88 - - [30/Jun/2021:18:25:58 -0400] "GET /product-category/oils?product_count=48&product_order=asc&product_orderby=date&product_view=grid HTTP/1.1" 200 20480 "-" "Mozilla/5.0 (compatible; AhrefsBot/7.0; +http://ahrefs.com/robot/)"
204.48.19.85 - - [30/Jun/2021:18:30:39 -0400] "POST /wp-cron.php?doing_wp_cron=1625092239.4851539134979248046875 HTTP/1.1" 200 5548 "https://angelsonhighstreet.com/wp-cron.php?doing_wp_cron=1625092239.4851539134979248046875" "WordPress/5.7.2; https://angelsonhighstreet.com"
54.36.149.1 - - [30/Jun/2021:18:30:39 -0400] "GET /product-category/salves?product_view=grid&product_orderby=rating&product_order=desc&product_count=16 HTTP/1.1" 200 20436 "-" "Mozilla/5.0 (compatible; AhrefsBot/7.0; +http://ahrefs.com/robot/)"
204.48.19.85 - - [30/Jun/2021:18:35:01 -0400] "POST /wp-cron.php?doing_wp_cron=1625092501.4282538890838623046875 HTTP/1.1" 200 5548 "https://angelsonhighstreet.com/wp-cron.php?doing_wp_cron=1625092501.4282538890838623046875" "WordPress/5.7.2; https://angelsonhighstreet.com"
54.36.149.18 - - [30/Jun/2021:18:35:01 -0400] "GET /product-category/oils?product_order=asc&product_view=grid&product_count=16&product_orderby=date HTTP/1.1" 200 20450 "-" "Mozilla/5.0 (compatible; AhrefsBot/7.0; +http://ahrefs.com/robot/)"
204.48.19.85 - - [30/Jun/2021:18:37:40 -0400] "POST /wp-cron.php?doing_wp_cron=1625092660.0363090038299560546875 HTTP/1.1" 200 5548 "https://angelsonhighstreet.com/wp-cron.php?doing_wp_cron=1625092660.0363090038299560546875" "WordPress/5.7.2; https://angelsonhighstreet.com"
117.50.90.31 - - [30/Jun/2021:18:37:39 -0400] "POST /wp-login.php HTTP/1.1" 200 8132 "-" "Mozilla/5.0 (Windows NT 10.0; WOW64) AppleWebKit/537.36 (KHTML, like Gecko) Chrome/57.0.2987.133 Safari/537.36"
204.48.19.85 - - [30/Jun/2021:18:39:12 -0400] "POST /wp-cron.php?doing_wp_cron=1625092752.2005970478057861328125 HTTP/1.1" 200 5548 "https://angelsonhighstreet.com/wp-cron.php?doing_wp_cron=1625092752.2005970478057861328125" "WordPress/5.7.2; https://angelsonhighstreet.com"
54.36.149.18 - - [30/Jun/2021:18:39:12 -0400] "GET /product-category/oils?product_order=asc&product_view=grid&product_count=16&product_orderby=popularity HTTP/1.1" 200 20441 "-" "Mozilla/5.0 (compatible; AhrefsBot/7.0; +http://ahrefs.com/robot/)"
204.48.19.85 - - [30/Jun/2021:18:42:56 -0400] "POST /wp-cron.php?doing_wp_cron=1625092976.2777400016784667968750 HTTP/1.1" 200 5548 "https://angelsonhighstreet.com/wp-cron.php?doing_wp_cron=1625092976.2777400016784667968750" "WordPress/5.7.2; https://angelsonhighstreet.com"
193.112.127.112 - - [30/Jun/2021:18:42:56 -0400] "POST /wp-login.php HTTP/1.1" 200 8134 "-" "Mozilla/5.0 (Windows NT 6.1; WOW64) AppleWebKit/537.36 (KHTML, like Gecko) Chrome/36.0.1985.125 Safari/537.36"
204.48.19.85 - - [30/Jun/2021:18:43:01 -0400] "POST /wp-cron.php?doing_wp_cron=1625092981.3953089714050292968750 HTTP/1.1" 200 5548 "https://angelsonhighstreet.com/wp-cron.php?doing_wp_cron=1625092981.3953089714050292968750" "WordPress/5.7.2; https://angelsonhighstreet.com"
54.36.149.18 - - [30/Jun/2021:18:43:01 -0400] "GET /product-category/oils?product_order=asc&product_view=grid&product_count=32&product_orderby=date HTTP/1.1" 200 20459 "-" "Mozilla/5.0 (compatible; AhrefsBot/7.0; +http://ahrefs.com/robot/)"
204.48.19.85 - - [30/Jun/2021:18:46:40 -0400] "POST /wp-cron.php?doing_wp_cron=1625093200.8347399234771728515625 HTTP/1.1" 200 5548 "https://angelsonhighstreet.com/wp-cron.php?doing_wp_cron=1625093200.8347399234771728515625" "WordPress/5.7.2; https://angelsonhighstreet.com"
54.36.148.35 - - [30/Jun/2021:18:46:40 -0400] "GET /product-category/salves?product_view=list&product_orderby=rating&product_order=desc&product_count=32 HTTP/1.1" 200 20862 "-" "Mozilla/5.0 (compatible; AhrefsBot/7.0; +http://ahrefs.com/robot/)"
204.48.19.85 - - [30/Jun/2021:18:47:18 -0400] "POST /wp-cron.php?doing_wp_cron=1625093238.6901240348815917968750 HTTP/1.1" 200 5548 "https://angelsonhighstreet.com/wp-cron.php?doing_wp_cron=1625093238.6901240348815917968750" "WordPress/5.7.2; https://angelsonhighstreet.com"
66.249.66.35 - - [30/Jun/2021:18:47:18 -0400] "GET /product-category/oils?product_orderby=popularity&product_count=16&product_view=list HTTP/1.1" 200 20746 "-" "Mozilla/5.0 (Linux; Android 6.0.1; Nexus 5X Build/MMB29P) AppleWebKit/537.36 (KHTML, like Gecko) Chrome/91.0.4472.90 Mobile Safari/537.36 (compatible; Googlebot/2.1; +http://www.google.com/bot.html)"
66.249.66.35 - - [30/Jun/2021:18:47:23 -0400] "GET /wp-content/plugins/woocommerce-square/assets/css/frontend/wc-square-cart-checkout-blocks.min.css?ver=2.5.1 HTTP/1.1" 200 6524 "https://angelsonhighstreet.com/product-category/oils?product_orderby=popularity&product_count=16&product_view=list" "Mozilla/5.0 (Linux; Android 6.0.1; Nexus 5X Build/MMB29P) AppleWebKit/537.36 (KHTML, like Gecko) Chrome/91.0.4472.90 Mobile Safari/537.36 (compatible; Googlebot/2.1; +http://www.google.com/bot.html)"
204.48.19.85 - - [30/Jun/2021:18:50:22 -0400] "POST /wp-cron.php?doing_wp_cron=1625093422.6715009212493896484375 HTTP/1.1" 200 5548 "https://angelsonhighstreet.com/wp-cron.php?doing_wp_cron=1625093422.6715009212493896484375" "WordPress/5.7.2; https://angelsonhighstreet.com"
54.36.148.17 - - [30/Jun/2021:18:50:22 -0400] "GET /product-category/oils?product_order=asc&product_view=grid&product_orderby=default&product_count=48 HTTP/1.1" 200 20424 "-" "Mozilla/5.0 (compatible; AhrefsBot/7.0; +http://ahrefs.com/robot/)"
204.48.19.85 - - [30/Jun/2021:18:51:47 -0400] "POST /wp-cron.php?doing_wp_cron=1625093507.2350800037384033203125 HTTP/1.1" 200 5548 "https://angelsonhighstreet.com/wp-cron.php?doing_wp_cron=1625093507.2350800037384033203125" "WordPress/5.7.2; https://angelsonhighstreet.com"
66.249.66.38 - - [30/Jun/2021:18:51:47 -0400] "GET /shop/700mg-15ml-cbd-oil HTTP/1.1" 200 24270 "-" "Mozilla/5.0 (Linux; Android 6.0.1; Nexus 5X Build/MMB29P) AppleWebKit/537.36 (KHTML, like Gecko) Chrome/91.0.4472.90 Mobile Safari/537.36 (compatible; Googlebot/2.1; +http://www.google.com/bot.html)"
66.249.66.41 - - [30/Jun/2021:18:52:54 -0400] "GET /wp-content/plugins/woocommerce/assets/js/zoom/jquery.zoom.min.js?ver=1.7.21 HTTP/1.1" 200 6839 "https://angelsonhighstreet.com/shop/700mg-15ml-cbd-oil" "Mozilla/5.0 (Linux; Android 6.0.1; Nexus 5X Build/MMB29P) AppleWebKit/537.36 (KHTML, like Gecko) Chrome/91.0.4472.90 Mobile Safari/537.36 (compatible; Googlebot/2.1; +http://www.google.com/bot.html)"
66.249.66.35 - - [30/Jun/2021:18:52:55 -0400] "GET /wp-includes/js/comment-reply.min.js?ver=5.7.2 HTTP/1.1" 200 7007 "https://angelsonhighstreet.com/shop/700mg-15ml-cbd-oil" "Mozilla/5.0 (Linux; Android 6.0.1; Nexus 5X Build/MMB29P) AppleWebKit/537.36 (KHTML, like Gecko) Chrome/91.0.4472.90 Mobile Safari/537.36 (compatible; Googlebot/2.1; +http://www.google.com/bot.html)"
204.48.19.85 - - [30/Jun/2021:18:53:02 -0400] "POST /wp-cron.php?doing_wp_cron=1625093582.9112360477447509765625 HTTP/1.1" 200 5548 "https://angelsonhighstreet.com/wp-cron.php?doing_wp_cron=1625093582.9112360477447509765625" "WordPress/5.7.2; https://angelsonhighstreet.com"
34.88.92.118 - - [30/Jun/2021:18:53:02 -0400] "GET / HTTP/1.1" 200 25366 "-" "Mozilla/5.0 (Macintosh; Intel Mac OS X 11_2_3) AppleWebKit/537.36 (KHTML, like Gecko) Chrome/90.0.4430.85 Safari/537.36"
34.88.92.118 - - [30/Jun/2021:18:53:03 -0400] "GET /shop-full-width HTTP/1.1" 200 21182 "-" "Mozilla/5.0 (Macintosh; Intel Mac OS X 11_2_3) AppleWebKit/537.36 (KHTML, like Gecko) Chrome/90.0.4430.85 Safari/537.36"
34.88.92.118 - - [30/Jun/2021:18:53:05 -0400] "GET / HTTP/1.1" 301 5616 "-" "Mozilla/5.0 (Macintosh; Intel Mac OS X 11_2_3) AppleWebKit/537.36 (KHTML, like Gecko) Chrome/90.0.4430.85 Safari/537.36"
34.88.92.118 - - [30/Jun/2021:18:53:05 -0400] "GET / HTTP/1.1" 200 25311 "-" "Mozilla/5.0 (Macintosh; Intel Mac OS X 11_2_3) AppleWebKit/537.36 (KHTML, like Gecko) Chrome/90.0.4430.85 Safari/537.36"
34.88.92.118 - - [30/Jun/2021:18:53:06 -0400] "GET / HTTP/1.1" 301 551 "-" "Mozilla/5.0 (Macintosh; Intel Mac OS X 11_2_3) AppleWebKit/537.36 (KHTML, like Gecko) Chrome/90.0.4430.85 Safari/537.36"
34.88.92.118 - - [30/Jun/2021:18:53:06 -0400] "GET / HTTP/1.1" 301 345 "-" "Mozilla/5.0 (Macintosh; Intel Mac OS X 11_2_3) AppleWebKit/537.36 (KHTML, like Gecko) Chrome/90.0.4430.85 Safari/537.36"
34.88.92.118 - - [30/Jun/2021:18:53:06 -0400] "GET / HTTP/1.1" 200 20040 "-" "Mozilla/5.0 (Macintosh; Intel Mac OS X 11_2_3) AppleWebKit/537.36 (KHTML, like Gecko) Chrome/90.0.4430.85 Safari/537.36"
34.88.92.118 - - [30/Jun/2021:18:53:07 -0400] "GET / HTTP/1.1" 301 539 "-" "Mozilla/5.0 (Macintosh; Intel Mac OS X 11_2_3) AppleWebKit/537.36 (KHTML, like Gecko) Chrome/90.0.4430.85 Safari/537.36"
34.88.92.118 - - [30/Jun/2021:18:53:07 -0400] "GET / HTTP/1.1" 200 20024 "-" "Mozilla/5.0 (Macintosh; Intel Mac OS X 11_2_3) AppleWebKit/537.36 (KHTML, like Gecko) Chrome/90.0.4430.85 Safari/537.36"
204.48.19.85 - - [30/Jun/2021:18:54:14 -0400] "POST /wp-cron.php?doing_wp_cron=1625093654.1642839908599853515625 HTTP/1.1" 200 5548 "https://angelsonhighstreet.com/wp-cron.php?doing_wp_cron=1625093654.1642839908599853515625" "WordPress/5.7.2; https://angelsonhighstreet.com"
54.36.149.18 - - [30/Jun/2021:18:54:14 -0400] "GET /product-category/oils?product_order=asc&product_view=grid&product_count=32&product_orderby=price HTTP/1.1" 200 20436 "-" "Mozilla/5.0 (compatible; AhrefsBot/7.0; +http://ahrefs.com/robot/)"
204.48.19.85 - - [30/Jun/2021:18:58:03 -0400] "POST /wp-cron.php?doing_wp_cron=1625093883.5359239578247070312500 HTTP/1.1" 200 5548 "https://angelsonhighstreet.com/wp-cron.php?doing_wp_cron=1625093883.5359239578247070312500" "WordPress/5.7.2; https://angelsonhighstreet.com"
54.36.149.18 - - [30/Jun/2021:18:58:03 -0400] "GET /product-category/oils?product_order=asc&product_view=grid&product_count=16&product_orderby=rating HTTP/1.1" 200 20462 "-" "Mozilla/5.0 (compatible; AhrefsBot/7.0; +http://ahrefs.com/robot/)"
204.48.19.85 - - [30/Jun/2021:19:01:48 -0400] "POST /wp-cron.php?doing_wp_cron=1625094108.6816220283508300781250 HTTP/1.1" 200 5548 "https://angelsonhighstreet.com/wp-cron.php?doing_wp_cron=1625094108.6816220283508300781250" "WordPress/5.7.2; https://angelsonhighstreet.com"
54.36.148.36 - - [30/Jun/2021:19:01:48 -0400] "GET /product-category/oils?product_order=desc&product_view=grid&product_count=32&product_orderby=rating HTTP/1.1" 200 20466 "-" "Mozilla/5.0 (compatible; AhrefsBot/7.0; +http://ahrefs.com/robot/)"
210.86.239.43 - - [30/Jun/2021:19:02:20 -0400] "GET /wp-admin/links.php HTTP/1.1" 301 575 "http://simplesite.com" "Mozilla/5.0 (Windows; U; Windows NT 5.1; en-US) AppleWebKit/533.4 (KHTML, like Gecko) Chrome/5.0.375.99 Safari/533.4"
204.48.19.85 - - [30/Jun/2021:19:05:41 -0400] "POST /wp-cron.php?doing_wp_cron=1625094341.2771539688110351562500 HTTP/1.1" 200 5548 "https://angelsonhighstreet.com/wp-cron.php?doing_wp_cron=1625094341.2771539688110351562500" "WordPress/5.7.2; https://angelsonhighstreet.com"
54.36.149.50 - - [30/Jun/2021:19:05:41 -0400] "GET /product-category/oils?product_order=desc&product_view=grid&product_count=48&product_orderby=price HTTP/1.1" 200 20452 "-" "Mozilla/5.0 (compatible; AhrefsBot/7.0; +http://ahrefs.com/robot/)"
204.48.19.85 - - [30/Jun/2021:19:06:14 -0400] "POST /wp-cron.php?doing_wp_cron=1625094374.6615850925445556640625 HTTP/1.1" 200 5548 "https://angelsonhighstreet.com/wp-cron.php?doing_wp_cron=1625094374.6615850925445556640625" "WordPress/5.7.2; https://angelsonhighstreet.com"
66.249.66.35 - - [30/Jun/2021:19:06:14 -0400] "GET /product-category/oils?product_orderby=name&product_count=32&product_view=list HTTP/1.1" 200 20742 "-" "Mozilla/5.0 (Linux; Android 6.0.1; Nexus 5X Build/MMB29P) AppleWebKit/537.36 (KHTML, like Gecko) Chrome/91.0.4472.90 Mobile Safari/537.36 (compatible; Googlebot/2.1; +http://www.google.com/bot.html)"
204.48.19.85 - - [30/Jun/2021:19:09:04 -0400] "POST /wp-cron.php?doing_wp_cron=1625094544.7511029243469238281250 HTTP/1.1" 200 5548 "https://angelsonhighstreet.com/wp-cron.php?doing_wp_cron=1625094544.7511029243469238281250" "WordPress/5.7.2; https://angelsonhighstreet.com"
207.46.13.62 - - [30/Jun/2021:19:09:04 -0400] "GET /wp-sitemap-taxonomies-element_category-1.xml HTTP/1.1" 200 5313 "-" "Mozilla/5.0 (compatible; bingbot/2.0; +http://www.bing.com/bingbot.htm)"
204.48.19.85 - - [30/Jun/2021:19:09:21 -0400] "POST /wp-cron.php?doing_wp_cron=1625094561.4769859313964843750000 HTTP/1.1" 200 5548 "https://angelsonhighstreet.com/wp-cron.php?doing_wp_cron=1625094561.4769859313964843750000" "WordPress/5.7.2; https://angelsonhighstreet.com"
54.36.149.18 - - [30/Jun/2021:19:09:21 -0400] "GET /product-category/oils?product_order=desc&product_view=grid&product_count=48&product_orderby=rating HTTP/1.1" 200 20463 "-" "Mozilla/5.0 (compatible; AhrefsBot/7.0; +http://ahrefs.com/robot/)"
59.175.144.14 - - [30/Jun/2021:19:11:00 -0400] "GET / HTTP/1.1" 301 570 "-" "GRequests/0.10"
204.48.19.85 - - [30/Jun/2021:19:11:01 -0400] "POST /wp-cron.php?doing_wp_cron=1625094661.1310219764709472656250 HTTP/1.1" 200 5548 "https://angelsonhighstreet.com/wp-cron.php?doing_wp_cron=1625094661.1310219764709472656250" "WordPress/5.7.2; https://angelsonhighstreet.com"
59.175.144.14 - - [30/Jun/2021:19:11:00 -0400] "GET / HTTP/1.1" 301 5588 "http://www.angelsonhighstreet.com" "GRequests/0.10"
59.175.144.14 - - [30/Jun/2021:19:11:03 -0400] "GET / HTTP/1.1" 200 25287 "https://www.angelsonhighstreet.com/" "GRequests/0.10"
204.48.19.85 - - [30/Jun/2021:19:12:58 -0400] "POST /wp-cron.php?doing_wp_cron=1625094778.0860750675201416015625 HTTP/1.1" 200 5548 "https://angelsonhighstreet.com/wp-cron.php?doing_wp_cron=1625094778.0860750675201416015625" "WordPress/5.7.2; https://angelsonhighstreet.com"
185.191.171.7 - - [30/Jun/2021:19:12:57 -0400] "GET /robots.txt HTTP/1.1" 200 5752 "-" "Mozilla/5.0 (compatible; SemrushBot/7~bl; +http://www.semrush.com/bot.html)"
185.191.171.5 - - [30/Jun/2021:19:12:58 -0400] "GET /shop-full-width?product_count=16&product_orderby=name&product_view=grid HTTP/1.1" 200 21111 "-" "Mozilla/5.0 (compatible; SemrushBot/7~bl; +http://www.semrush.com/bot.html)"
54.36.149.18 - - [30/Jun/2021:19:13:02 -0400] "GET /product-category/oils?product_count=32&product_order=desc&product_view=list HTTP/1.1" 200 20761 "-" "Mozilla/5.0 (compatible; AhrefsBot/7.0; +http://ahrefs.com/robot/)"
185.191.171.14 - - [30/Jun/2021:19:13:28 -0400] "GET /product-category/oils?product_order=asc&product_orderby=name HTTP/1.1" 200 20438 "-" "Mozilla/5.0 (compatible; SemrushBot/7~bl; +http://www.semrush.com/bot.html)"
204.48.19.85 - - [30/Jun/2021:19:16:47 -0400] "POST /wp-cron.php?doing_wp_cron=1625095007.3456990718841552734375 HTTP/1.1" 200 5548 "https://angelsonhighstreet.com/wp-cron.php?doing_wp_cron=1625095007.3456990718841552734375" "WordPress/5.7.2; https://angelsonhighstreet.com"
54.36.149.80 - - [30/Jun/2021:19:16:47 -0400] "GET /product-category/oils?product_count=32&product_order=desc&product_view=grid HTTP/1.1" 200 20462 "-" "Mozilla/5.0 (compatible; AhrefsBot/7.0; +http://ahrefs.com/robot/)"
204.48.19.85 - - [30/Jun/2021:19:20:34 -0400] "POST /wp-cron.php?doing_wp_cron=1625095234.4116361141204833984375 HTTP/1.1" 200 5548 "https://angelsonhighstreet.com/wp-cron.php?doing_wp_cron=1625095234.4116361141204833984375" "WordPress/5.7.2; https://angelsonhighstreet.com"
54.36.149.18 - - [30/Jun/2021:19:20:34 -0400] "GET /product-category/oils?product_order=asc&product_view=grid&product_orderby=popularity&product_count=32 HTTP/1.1" 200 20443 "-" "Mozilla/5.0 (compatible; AhrefsBot/7.0; +http://ahrefs.com/robot/)"
204.48.19.85 - - [30/Jun/2021:19:24:32 -0400] "POST /wp-cron.php?doing_wp_cron=1625095472.8867149353027343750000 HTTP/1.1" 200 5548 "https://angelsonhighstreet.com/wp-cron.php?doing_wp_cron=1625095472.8867149353027343750000" "WordPress/5.7.2; https://angelsonhighstreet.com"
54.36.148.198 - - [30/Jun/2021:19:24:32 -0400] "GET /product-category/oils?product_count=48&product_order=desc&product_view=grid HTTP/1.1" 200 20460 "-" "Mozilla/5.0 (compatible; AhrefsBot/7.0; +http://ahrefs.com/robot/)"
204.48.19.85 - - [30/Jun/2021:19:25:10 -0400] "POST /wp-cron.php?doing_wp_cron=1625095510.6730520725250244140625 HTTP/1.1" 200 5548 "https://angelsonhighstreet.com/wp-cron.php?doing_wp_cron=1625095510.6730520725250244140625" "WordPress/5.7.2; https://angelsonhighstreet.com"
66.249.66.35 - - [30/Jun/2021:19:25:10 -0400] "GET /shop-full-width?product_orderby=default&product_count=16&product_order=asc HTTP/1.1" 200 21151 "-" "Mozilla/5.0 (Linux; Android 6.0.1; Nexus 5X Build/MMB29P) AppleWebKit/537.36 (KHTML, like Gecko) Chrome/91.0.4472.90 Mobile Safari/537.36 (compatible; Googlebot/2.1; +http://www.google.com/bot.html)"
204.48.19.85 - - [30/Jun/2021:19:28:28 -0400] "POST /wp-cron.php?doing_wp_cron=1625095708.2296369075775146484375 HTTP/1.1" 200 5548 "https://angelsonhighstreet.com/wp-cron.php?doing_wp_cron=1625095708.2296369075775146484375" "WordPress/5.7.2; https://angelsonhighstreet.com"
54.36.149.18 - - [30/Jun/2021:19:28:28 -0400] "GET /product-category/salves?product_view=list&product_orderby=price&product_order=desc&product_count=48 HTTP/1.1" 200 20830 "-" "Mozilla/5.0 (compatible; AhrefsBot/7.0; +http://ahrefs.com/robot/)"
204.48.19.85 - - [30/Jun/2021:19:29:37 -0400] "POST /wp-cron.php?doing_wp_cron=1625095777.7400970458984375000000 HTTP/1.1" 200 5548 "https://angelsonhighstreet.com/wp-cron.php?doing_wp_cron=1625095777.7400970458984375000000" "WordPress/5.7.2; https://angelsonhighstreet.com"
40.77.167.6 - - [30/Jun/2021:19:29:37 -0400] "GET /wp-sitemap.xml HTTP/1.1" 200 5358 "-" "Mozilla/5.0 (compatible; bingbot/2.0; +http://www.bing.com/bingbot.htm)"
204.48.19.85 - - [30/Jun/2021:19:32:35 -0400] "POST /wp-cron.php?doing_wp_cron=1625095955.2337520122528076171875 HTTP/1.1" 200 5548 "https://angelsonhighstreet.com/wp-cron.php?doing_wp_cron=1625095955.2337520122528076171875" "WordPress/5.7.2; https://angelsonhighstreet.com"
54.36.148.235 - - [30/Jun/2021:19:32:34 -0400] "GET /product-category/oils?product_view=grid&product_order=desc&product_count=32 HTTP/1.1" 200 20483 "-" "Mozilla/5.0 (compatible; AhrefsBot/7.0; +http://ahrefs.com/robot/)"
204.48.19.85 - - [30/Jun/2021:19:34:38 -0400] "POST /wp-cron.php?doing_wp_cron=1625096078.6177420616149902343750 HTTP/1.1" 200 5548 "https://angelsonhighstreet.com/wp-cron.php?doing_wp_cron=1625096078.6177420616149902343750" "WordPress/5.7.2; https://angelsonhighstreet.com"
66.249.66.38 - - [30/Jun/2021:19:34:38 -0400] "GET /product-category/oils?product_count=16&product_orderby=default&product_view=list HTTP/1.1" 200 20733 "-" "Mozilla/5.0 (Linux; Android 6.0.1; Nexus 5X Build/MMB29P) AppleWebKit/537.36 (KHTML, like Gecko) Chrome/91.0.4472.90 Mobile Safari/537.36 (compatible; Googlebot/2.1; +http://www.google.com/bot.html)"
204.48.19.85 - - [30/Jun/2021:19:36:16 -0400] "POST /wp-cron.php?doing_wp_cron=1625096176.8270409107208251953125 HTTP/1.1" 200 5548 "https://angelsonhighstreet.com/wp-cron.php?doing_wp_cron=1625096176.8270409107208251953125" "WordPress/5.7.2; https://angelsonhighstreet.com"
54.36.149.18 - - [30/Jun/2021:19:36:16 -0400] "GET /product-category/salves?product_view=list&product_orderby=date&product_order=desc&product_count=32 HTTP/1.1" 200 20852 "-" "Mozilla/5.0 (compatible; AhrefsBot/7.0; +http://ahrefs.com/robot/)"
157.55.39.141 - - [30/Jun/2021:19:37:57 -0400] "GET /wp-content/uploads/2020/05/B164798E-529B-431A-A139-B50C0BC6B1DA.jpeg HTTP/1.1" 200 578051 "-" "Mozilla/5.0 (compatible; bingbot/2.0; +http://www.bing.com/bingbot.htm)"
204.48.19.85 - - [30/Jun/2021:19:40:06 -0400] "POST /wp-cron.php?doing_wp_cron=1625096406.3297970294952392578125 HTTP/1.1" 200 5548 "https://angelsonhighstreet.com/wp-cron.php?doing_wp_cron=1625096406.3297970294952392578125" "WordPress/5.7.2; https://angelsonhighstreet.com"
54.36.148.101 - - [30/Jun/2021:19:40:06 -0400] "GET /product-category/oils?product_view=grid&product_order=desc&product_count=48 HTTP/1.1" 200 20463 "-" "Mozilla/5.0 (compatible; AhrefsBot/7.0; +http://ahrefs.com/robot/)"
204.48.19.85 - - [30/Jun/2021:19:42:19 -0400] "POST /wp-cron.php?doing_wp_cron=1625096539.7845311164855957031250 HTTP/1.1" 200 5548 "https://angelsonhighstreet.com/wp-cron.php?doing_wp_cron=1625096539.7845311164855957031250" "WordPress/5.7.2; https://angelsonhighstreet.com"
66.249.66.38 - - [30/Jun/2021:19:42:19 -0400] "GET /contact-us HTTP/1.1" 200 20432 "-" "Mozilla/5.0 (compatible; Googlebot/2.1; +http://www.google.com/bot.html)"
66.249.66.38 - - [30/Jun/2021:19:42:23 -0400] "GET /wp-content/uploads/fusion-scripts/b932c5a735587f3ce2e90ae840f2b3f3.min.js?ver=3.2.1 HTTP/1.1" 200 96907 "https://angelsonhighstreet.com/contact-us" "Mozilla/5.0 AppleWebKit/537.36 (KHTML, like Gecko; compatible; Googlebot/2.1; +http://www.google.com/bot.html) Chrome/91.0.4472.90 Safari/537.36"
66.249.66.35 - - [30/Jun/2021:19:42:23 -0400] "GET /wp-json/contact-form-7/v1/contact-forms/1254/refill HTTP/1.1" 200 5868 "https://angelsonhighstreet.com/contact-us" "Mozilla/5.0 AppleWebKit/537.36 (KHTML, like Gecko; compatible; Googlebot/2.1; +http://www.google.com/bot.html) Chrome/91.0.4472.90 Safari/537.36"
204.48.19.85 - - [30/Jun/2021:19:44:01 -0400] "POST /wp-cron.php?doing_wp_cron=1625096641.1511490345001220703125 HTTP/1.1" 200 5548 "https://angelsonhighstreet.com/wp-cron.php?doing_wp_cron=1625096641.1511490345001220703125" "WordPress/5.7.2; https://angelsonhighstreet.com"
54.36.148.196 - - [30/Jun/2021:19:44:01 -0400] "GET /product-category/salves?product_view=grid&product_orderby=popularity&product_order=asc&product_count=32 HTTP/1.1" 200 20688 "-" "Mozilla/5.0 (compatible; AhrefsBot/7.0; +http://ahrefs.com/robot/)"
66.249.66.35 - - [30/Jun/2021:19:44:06 -0400] "GET /product-category/oils?product_count=16&product_view=list&product_order=desc HTTP/1.1" 200 20746 "-" "Mozilla/5.0 (Linux; Android 6.0.1; Nexus 5X Build/MMB29P) AppleWebKit/537.36 (KHTML, like Gecko) Chrome/91.0.4472.90 Mobile Safari/537.36 (compatible; Googlebot/2.1; +http://www.google.com/bot.html)"
204.48.19.85 - - [30/Jun/2021:19:47:42 -0400] "POST /wp-cron.php?doing_wp_cron=1625096862.7412788867950439453125 HTTP/1.1" 200 5548 "https://angelsonhighstreet.com/wp-cron.php?doing_wp_cron=1625096862.7412788867950439453125" "WordPress/5.7.2; https://angelsonhighstreet.com"
54.36.149.18 - - [30/Jun/2021:19:47:42 -0400] "GET /product-category/salves?product_view=grid&product_orderby=popularity&product_order=asc&product_count=16 HTTP/1.1" 200 20681 "-" "Mozilla/5.0 (compatible; AhrefsBot/7.0; +http://ahrefs.com/robot/)"
204.48.19.85 - - [30/Jun/2021:19:51:26 -0400] "POST /wp-cron.php?doing_wp_cron=1625097086.0352780818939208984375 HTTP/1.1" 200 5548 "https://angelsonhighstreet.com/wp-cron.php?doing_wp_cron=1625097086.0352780818939208984375" "WordPress/5.7.2; https://angelsonhighstreet.com"
54.36.149.61 - - [30/Jun/2021:19:51:25 -0400] "GET /product-category/oils?product_order=asc&product_view=grid&product_orderby=date&product_count=32 HTTP/1.1" 200 20457 "-" "Mozilla/5.0 (compatible; AhrefsBot/7.0; +http://ahrefs.com/robot/)"
204.48.19.85 - - [30/Jun/2021:19:53:34 -0400] "POST /wp-cron.php?doing_wp_cron=1625097214.7654631137847900390625 HTTP/1.1" 200 5548 "https://angelsonhighstreet.com/wp-cron.php?doing_wp_cron=1625097214.7654631137847900390625" "WordPress/5.7.2; https://angelsonhighstreet.com"
66.249.66.35 - - [30/Jun/2021:19:53:34 -0400] "GET /product-category/oils?product_count=32&product_view=grid&product_orderby=rating HTTP/1.1" 200 20466 "-" "Mozilla/5.0 (Linux; Android 6.0.1; Nexus 5X Build/MMB29P) AppleWebKit/537.36 (KHTML, like Gecko) Chrome/91.0.4472.90 Mobile Safari/537.36 (compatible; Googlebot/2.1; +http://www.google.com/bot.html)"
