204.48.19.85 - - [10/Jul/2021:00:00:38 -0400] "POST /wp-cron.php?doing_wp_cron=1625889638.6942400932312011718750 HTTP/1.1" 200 6350 "https://angelsonhighstreet.com/wp-cron.php?doing_wp_cron=1625889638.6942400932312011718750" "WordPress/5.7.2; https://angelsonhighstreet.com"
35.185.13.241 - - [10/Jul/2021:00:00:37 -0400] "GET /cbd-salves HTTP/1.0" 200 20894 "-" "ZoominfoBot (zoominfobot at zoominfo dot com)"
204.48.19.85 - - [10/Jul/2021:00:01:29 -0400] "POST /wp-cron.php?doing_wp_cron=1625889689.5005540847778320312500 HTTP/1.1" 200 6350 "https://angelsonhighstreet.com/wp-cron.php?doing_wp_cron=1625889689.5005540847778320312500" "WordPress/5.7.2; https://angelsonhighstreet.com"
54.36.149.66 - - [10/Jul/2021:00:01:28 -0400] "GET /shop-full-width?product_orderby=price&product_order=desc&product_view=grid&product_count=48 HTTP/1.1" 200 21934 "-" "Mozilla/5.0 (compatible; AhrefsBot/7.0; +http://ahrefs.com/robot/)"
204.48.19.85 - - [10/Jul/2021:00:03:28 -0400] "POST /wp-cron.php?doing_wp_cron=1625889808.4125189781188964843750 HTTP/1.1" 200 6350 "https://angelsonhighstreet.com/wp-cron.php?doing_wp_cron=1625889808.4125189781188964843750" "WordPress/5.7.2; https://angelsonhighstreet.com"
54.36.148.207 - - [10/Jul/2021:00:03:28 -0400] "GET /shop-full-width?product_orderby=default&product_order=asc&product_view=list&product_count=32 HTTP/1.1" 200 22310 "-" "Mozilla/5.0 (compatible; AhrefsBot/7.0; +http://ahrefs.com/robot/)"
204.48.19.85 - - [10/Jul/2021:00:05:31 -0400] "POST /wp-cron.php?doing_wp_cron=1625889931.7603540420532226562500 HTTP/1.1" 200 6350 "https://angelsonhighstreet.com/wp-cron.php?doing_wp_cron=1625889931.7603540420532226562500" "WordPress/5.7.2; https://angelsonhighstreet.com"
54.36.149.43 - - [10/Jul/2021:00:05:31 -0400] "GET /shop-full-width?product_orderby=name&product_order=asc&product_view=grid&product_count=32 HTTP/1.1" 200 21930 "-" "Mozilla/5.0 (compatible; AhrefsBot/7.0; +http://ahrefs.com/robot/)"
204.48.19.85 - - [10/Jul/2021:00:07:04 -0400] "POST /wp-cron.php?doing_wp_cron=1625890024.7389259338378906250000 HTTP/1.1" 200 6350 "https://angelsonhighstreet.com/wp-cron.php?doing_wp_cron=1625890024.7389259338378906250000" "WordPress/5.7.2; https://angelsonhighstreet.com"
35.185.13.241 - - [10/Jul/2021:00:07:04 -0400] "GET /shop/cbg-healing-salve-1-oz HTTP/1.0" 200 28084 "-" "ZoominfoBot (zoominfobot at zoominfo dot com)"
54.36.149.75 - - [10/Jul/2021:00:07:22 -0400] "GET /shop-full-width?product_orderby=price&product_order=desc&product_view=list&product_count=32 HTTP/1.1" 200 22315 "-" "Mozilla/5.0 (compatible; AhrefsBot/7.0; +http://ahrefs.com/robot/)"
204.48.19.85 - - [10/Jul/2021:00:08:59 -0400] "POST /wp-cron.php?doing_wp_cron=1625890139.7926199436187744140625 HTTP/1.1" 200 6350 "https://angelsonhighstreet.com/wp-cron.php?doing_wp_cron=1625890139.7926199436187744140625" "WordPress/5.7.2; https://angelsonhighstreet.com"
35.185.13.241 - - [10/Jul/2021:00:08:59 -0400] "GET /shop/cbg-salve-with-lifter-terpenes HTTP/1.0" 200 28500 "-" "ZoominfoBot (zoominfobot at zoominfo dot com)"
54.36.148.63 - - [10/Jul/2021:00:09:13 -0400] "GET /shop-full-width?product_orderby=default&product_order=asc&product_view=list&product_count=16 HTTP/1.1" 200 22280 "-" "Mozilla/5.0 (compatible; AhrefsBot/7.0; +http://ahrefs.com/robot/)"
204.48.19.85 - - [10/Jul/2021:00:10:31 -0400] "POST /wp-cron.php?doing_wp_cron=1625890231.2503941059112548828125 HTTP/1.1" 200 6350 "https://angelsonhighstreet.com/wp-cron.php?doing_wp_cron=1625890231.2503941059112548828125" "WordPress/5.7.2; https://angelsonhighstreet.com"
35.185.13.241 - - [10/Jul/2021:00:10:30 -0400] "GET /bath-bombs HTTP/1.0" 404 19460 "-" "ZoominfoBot (zoominfobot at zoominfo dot com)"
204.48.19.85 - - [10/Jul/2021:00:11:01 -0400] "POST /wp-cron.php?doing_wp_cron=1625890261.4639849662780761718750 HTTP/1.1" 200 6350 "https://angelsonhighstreet.com/wp-cron.php?doing_wp_cron=1625890261.4639849662780761718750" "WordPress/5.7.2; https://angelsonhighstreet.com"
54.36.149.92 - - [10/Jul/2021:00:11:00 -0400] "GET /shop-full-width?product_orderby=popularity&product_order=desc&product_view=list&product_count=48 HTTP/1.1" 200 22368 "-" "Mozilla/5.0 (compatible; AhrefsBot/7.0; +http://ahrefs.com/robot/)"
204.48.19.85 - - [10/Jul/2021:00:12:24 -0400] "POST /wp-cron.php?doing_wp_cron=1625890344.0967359542846679687500 HTTP/1.1" 200 6350 "https://angelsonhighstreet.com/wp-cron.php?doing_wp_cron=1625890344.0967359542846679687500" "WordPress/5.7.2; https://angelsonhighstreet.com"
35.185.13.241 - - [10/Jul/2021:00:12:23 -0400] "GET /shop-full-width HTTP/1.0" 200 21175 "-" "ZoominfoBot (zoominfobot at zoominfo dot com)"
204.48.19.85 - - [10/Jul/2021:00:12:54 -0400] "POST /wp-cron.php?doing_wp_cron=1625890374.5981159210205078125000 HTTP/1.1" 200 6350 "https://angelsonhighstreet.com/wp-cron.php?doing_wp_cron=1625890374.5981159210205078125000" "WordPress/5.7.2; https://angelsonhighstreet.com"
54.36.149.7 - - [10/Jul/2021:00:12:54 -0400] "GET /shop-full-width?product_orderby=rating&product_order=desc&product_view=list&product_count=48 HTTP/1.1" 200 22299 "-" "Mozilla/5.0 (compatible; AhrefsBot/7.0; +http://ahrefs.com/robot/)"
204.48.19.85 - - [10/Jul/2021:00:14:44 -0400] "POST /wp-cron.php?doing_wp_cron=1625890484.8255660533905029296875 HTTP/1.1" 200 6350 "https://angelsonhighstreet.com/wp-cron.php?doing_wp_cron=1625890484.8255660533905029296875" "WordPress/5.7.2; https://angelsonhighstreet.com"
54.36.148.208 - - [10/Jul/2021:00:14:44 -0400] "GET /product-category/salves?product_order=asc&product_view=grid&product_orderby=rating&product_count=32 HTTP/1.1" 200 21248 "-" "Mozilla/5.0 (compatible; AhrefsBot/7.0; +http://ahrefs.com/robot/)"
204.48.19.85 - - [10/Jul/2021:00:16:28 -0400] "POST /wp-cron.php?doing_wp_cron=1625890588.0410499572753906250000 HTTP/1.1" 200 6350 "https://angelsonhighstreet.com/wp-cron.php?doing_wp_cron=1625890588.0410499572753906250000" "WordPress/5.7.2; https://angelsonhighstreet.com"
185.191.171.42 - - [10/Jul/2021:00:16:27 -0400] "GET /product-category/salves?product_count=16 HTTP/1.1" 200 21422 "-" "Mozilla/5.0 (compatible; SemrushBot/7~bl; +http://www.semrush.com/bot.html)"
54.36.149.90 - - [10/Jul/2021:00:16:37 -0400] "GET /cbd-oils HTTP/1.1" 200 21473 "-" "Mozilla/5.0 (compatible; AhrefsBot/7.0; +http://ahrefs.com/robot/)"
204.48.19.85 - - [10/Jul/2021:00:18:33 -0400] "POST /wp-cron.php?doing_wp_cron=1625890713.5680079460144042968750 HTTP/1.1" 200 6350 "https://angelsonhighstreet.com/wp-cron.php?doing_wp_cron=1625890713.5680079460144042968750" "WordPress/5.7.2; https://angelsonhighstreet.com"
54.36.148.98 - - [10/Jul/2021:00:18:33 -0400] "GET /shop-full-width?product_orderby=price&product_order=asc&product_view=grid&product_count=48 HTTP/1.1" 200 21976 "-" "Mozilla/5.0 (compatible; AhrefsBot/7.0; +http://ahrefs.com/robot/)"
204.48.19.85 - - [10/Jul/2021:00:20:25 -0400] "POST /wp-cron.php?doing_wp_cron=1625890825.5389111042022705078125 HTTP/1.1" 200 6350 "https://angelsonhighstreet.com/wp-cron.php?doing_wp_cron=1625890825.5389111042022705078125" "WordPress/5.7.2; https://angelsonhighstreet.com"
54.36.148.229 - - [10/Jul/2021:00:20:25 -0400] "GET /shop-full-width?product_orderby=name&product_order=desc&product_view=list&product_count=48 HTTP/1.1" 200 22277 "-" "Mozilla/5.0 (compatible; AhrefsBot/7.0; +http://ahrefs.com/robot/)"
35.185.13.241 - - [10/Jul/2021:00:20:53 -0400] "GET /feed HTTP/1.0" 200 6214 "-" "ZoominfoBot (zoominfobot at zoominfo dot com)"
204.48.19.85 - - [10/Jul/2021:00:21:38 -0400] "POST /wp-cron.php?doing_wp_cron=1625890898.2846329212188720703125 HTTP/1.1" 200 6350 "https://angelsonhighstreet.com/wp-cron.php?doing_wp_cron=1625890898.2846329212188720703125" "WordPress/5.7.2; https://angelsonhighstreet.com"
35.185.13.241 - - [10/Jul/2021:00:21:37 -0400] "GET /affiliate-home/affiliate-register HTTP/1.0" 200 25025 "-" "ZoominfoBot (zoominfobot at zoominfo dot com)"
204.48.19.85 - - [10/Jul/2021:00:22:08 -0400] "POST /wp-cron.php?doing_wp_cron=1625890928.1003539562225341796875 HTTP/1.1" 200 6350 "https://angelsonhighstreet.com/wp-cron.php?doing_wp_cron=1625890928.1003539562225341796875" "WordPress/5.7.2; https://angelsonhighstreet.com"
54.36.148.92 - - [10/Jul/2021:00:22:07 -0400] "GET /shop-full-width?product_orderby=price&product_order=asc&product_view=list&product_count=16 HTTP/1.1" 200 22286 "-" "Mozilla/5.0 (compatible; AhrefsBot/7.0; +http://ahrefs.com/robot/)"
204.48.19.85 - - [10/Jul/2021:00:23:05 -0400] "POST /wp-cron.php?doing_wp_cron=1625890985.3784549236297607421875 HTTP/1.1" 200 6350 "https://angelsonhighstreet.com/wp-cron.php?doing_wp_cron=1625890985.3784549236297607421875" "WordPress/5.7.2; https://angelsonhighstreet.com"
35.185.13.241 - - [10/Jul/2021:00:23:04 -0400] "GET /shop/2000mg-30ml-cbd-oil HTTP/1.0" 200 23132 "-" "ZoominfoBot (zoominfobot at zoominfo dot com)"
204.48.19.85 - - [10/Jul/2021:00:24:05 -0400] "POST /wp-cron.php?doing_wp_cron=1625891045.9249589443206787109375 HTTP/1.1" 200 6350 "https://angelsonhighstreet.com/wp-cron.php?doing_wp_cron=1625891045.9249589443206787109375" "WordPress/5.7.2; https://angelsonhighstreet.com"
54.36.149.71 - - [10/Jul/2021:00:24:05 -0400] "GET /disclaimer HTTP/1.1" 200 21671 "-" "Mozilla/5.0 (compatible; AhrefsBot/7.0; +http://ahrefs.com/robot/)"
35.185.13.241 - - [10/Jul/2021:00:24:18 -0400] "GET /about-us HTTP/1.0" 200 20894 "-" "ZoominfoBot (zoominfobot at zoominfo dot com)"
204.48.19.85 - - [10/Jul/2021:00:25:04 -0400] "POST /wp-cron.php?doing_wp_cron=1625891104.6081590652465820312500 HTTP/1.1" 200 6350 "https://angelsonhighstreet.com/wp-cron.php?doing_wp_cron=1625891104.6081590652465820312500" "WordPress/5.7.2; https://angelsonhighstreet.com"
35.185.13.241 - - [10/Jul/2021:00:25:03 -0400] "GET /cart HTTP/1.0" 200 21942 "-" "ZoominfoBot (zoominfobot at zoominfo dot com)"
54.36.148.167 - - [10/Jul/2021:00:25:50 -0400] "GET /shop-full-width?product_orderby=name&product_order=asc&product_view=grid&product_count=48 HTTP/1.1" 200 21954 "-" "Mozilla/5.0 (compatible; AhrefsBot/7.0; +http://ahrefs.com/robot/)"
204.48.19.85 - - [10/Jul/2021:00:27:29 -0400] "POST /wp-cron.php?doing_wp_cron=1625891249.7955780029296875000000 HTTP/1.1" 200 6350 "https://angelsonhighstreet.com/wp-cron.php?doing_wp_cron=1625891249.7955780029296875000000" "WordPress/5.7.2; https://angelsonhighstreet.com"
54.36.148.215 - - [10/Jul/2021:00:27:29 -0400] "GET /shop-full-width?product_orderby=name&product_order=asc&product_view=list&product_count=16 HTTP/1.1" 200 22308 "-" "Mozilla/5.0 (compatible; AhrefsBot/7.0; +http://ahrefs.com/robot/)"
204.48.19.85 - - [10/Jul/2021:00:29:19 -0400] "POST /wp-cron.php?doing_wp_cron=1625891359.1961460113525390625000 HTTP/1.1" 200 6350 "https://angelsonhighstreet.com/wp-cron.php?doing_wp_cron=1625891359.1961460113525390625000" "WordPress/5.7.2; https://angelsonhighstreet.com"
54.36.149.1 - - [10/Jul/2021:00:29:18 -0400] "GET /shop-full-width?product_orderby=name&product_order=asc&product_view=list&product_count=32 HTTP/1.1" 200 22282 "-" "Mozilla/5.0 (compatible; AhrefsBot/7.0; +http://ahrefs.com/robot/)"
35.185.13.241 - - [10/Jul/2021:00:29:31 -0400] "GET /affiliate-home HTTP/1.0" 200 20212 "-" "ZoominfoBot (zoominfobot at zoominfo dot com)"
204.48.19.85 - - [10/Jul/2021:00:31:10 -0400] "POST /wp-cron.php?doing_wp_cron=1625891470.3927910327911376953125 HTTP/1.1" 200 6350 "https://angelsonhighstreet.com/wp-cron.php?doing_wp_cron=1625891470.3927910327911376953125" "WordPress/5.7.2; https://angelsonhighstreet.com"
54.36.148.33 - - [10/Jul/2021:00:31:09 -0400] "GET /shop-full-width?product_orderby=price&product_order=desc&product_view=list&product_count=48 HTTP/1.1" 200 22312 "-" "Mozilla/5.0 (compatible; AhrefsBot/7.0; +http://ahrefs.com/robot/)"
204.48.19.85 - - [10/Jul/2021:00:32:01 -0400] "POST /wp-cron.php?doing_wp_cron=1625891521.0346240997314453125000 HTTP/1.1" 200 6350 "https://angelsonhighstreet.com/wp-cron.php?doing_wp_cron=1625891521.0346240997314453125000" "WordPress/5.7.2; https://angelsonhighstreet.com"
35.185.13.241 - - [10/Jul/2021:00:32:00 -0400] "GET /affiliate-home/affiliate-login HTTP/1.0" 200 20100 "-" "ZoominfoBot (zoominfobot at zoominfo dot com)"
35.185.13.241 - - [10/Jul/2021:00:32:10 -0400] "GET /my-account HTTP/1.0" 200 21082 "-" "ZoominfoBot (zoominfobot at zoominfo dot com)"
35.185.13.241 - - [10/Jul/2021:00:32:33 -0400] "GET /what-is-cbd HTTP/1.0" 200 21311 "-" "ZoominfoBot (zoominfobot at zoominfo dot com)"
54.36.148.226 - - [10/Jul/2021:00:32:56 -0400] "GET /product-category/salves?product_order=asc&product_view=list&product_orderby=popularity&product_count=32 HTTP/1.1" 200 21668 "-" "Mozilla/5.0 (compatible; AhrefsBot/7.0; +http://ahrefs.com/robot/)"
204.48.19.85 - - [10/Jul/2021:00:34:37 -0400] "POST /wp-cron.php?doing_wp_cron=1625891677.7549519538879394531250 HTTP/1.1" 200 6350 "https://angelsonhighstreet.com/wp-cron.php?doing_wp_cron=1625891677.7549519538879394531250" "WordPress/5.7.2; https://angelsonhighstreet.com"
54.36.148.190 - - [10/Jul/2021:00:34:37 -0400] "GET /shop-full-width?product_orderby=popularity&product_order=desc&product_view=list&product_count=32 HTTP/1.1" 200 22362 "-" "Mozilla/5.0 (compatible; AhrefsBot/7.0; +http://ahrefs.com/robot/)"
204.48.19.85 - - [10/Jul/2021:00:35:00 -0400] "POST /wp-cron.php?doing_wp_cron=1625891700.9104139804840087890625 HTTP/1.1" 200 6350 "https://angelsonhighstreet.com/wp-cron.php?doing_wp_cron=1625891700.9104139804840087890625" "WordPress/5.7.2; https://angelsonhighstreet.com"
185.191.171.6 - - [10/Jul/2021:00:35:00 -0400] "GET /product-category/salves?product_count=32&product_order=asc&product_orderby=popularity&product_view=grid HTTP/1.1" 200 21464 "-" "Mozilla/5.0 (compatible; SemrushBot/7~bl; +http://www.semrush.com/bot.html)"
204.48.19.85 - - [10/Jul/2021:00:36:34 -0400] "POST /wp-cron.php?doing_wp_cron=1625891794.6466050148010253906250 HTTP/1.1" 200 6350 "https://angelsonhighstreet.com/wp-cron.php?doing_wp_cron=1625891794.6466050148010253906250" "WordPress/5.7.2; https://angelsonhighstreet.com"
54.36.149.88 - - [10/Jul/2021:00:36:34 -0400] "GET /shop-full-width?product_orderby=price&product_order=asc&product_view=list&product_count=32 HTTP/1.1" 200 22325 "-" "Mozilla/5.0 (compatible; AhrefsBot/7.0; +http://ahrefs.com/robot/)"
204.48.19.85 - - [10/Jul/2021:00:38:22 -0400] "POST /wp-cron.php?doing_wp_cron=1625891902.9612610340118408203125 HTTP/1.1" 200 6350 "https://angelsonhighstreet.com/wp-cron.php?doing_wp_cron=1625891902.9612610340118408203125" "WordPress/5.7.2; https://angelsonhighstreet.com"
54.36.148.242 - - [10/Jul/2021:00:38:22 -0400] "GET /shop-full-width?product_orderby=default&product_order=desc&product_view=list&product_count=48 HTTP/1.1" 200 22305 "-" "Mozilla/5.0 (compatible; AhrefsBot/7.0; +http://ahrefs.com/robot/)"
204.48.19.85 - - [10/Jul/2021:00:39:39 -0400] "POST /wp-cron.php?doing_wp_cron=1625891979.4307050704956054687500 HTTP/1.1" 200 6350 "https://angelsonhighstreet.com/wp-cron.php?doing_wp_cron=1625891979.4307050704956054687500" "WordPress/5.7.2; https://angelsonhighstreet.com"
34.94.247.253 - - [10/Jul/2021:00:39:38 -0400] "GET /wp-login.php HTTP/1.1" 200 8108 "-" "Mozilla/5.0 (X11; Ubuntu; Linux x86_64; rv:62.0) Gecko/20100101 Firefox/62.0"
34.94.247.253 - - [10/Jul/2021:00:39:40 -0400] "POST /wp-login.php HTTP/1.1" 200 8231 "-" "Mozilla/5.0 (X11; Ubuntu; Linux x86_64; rv:62.0) Gecko/20100101 Firefox/62.0"
34.94.247.253 - - [10/Jul/2021:00:39:40 -0400] "GET /wp-login.php HTTP/1.1" 200 8108 "-" "Mozilla/5.0 (X11; Ubuntu; Linux x86_64; rv:62.0) Gecko/20100101 Firefox/62.0"
34.94.247.253 - - [10/Jul/2021:00:39:41 -0400] "POST /wp-login.php HTTP/1.1" 200 8233 "-" "Mozilla/5.0 (X11; Ubuntu; Linux x86_64; rv:62.0) Gecko/20100101 Firefox/62.0"
34.94.247.253 - - [10/Jul/2021:00:39:42 -0400] "POST /xmlrpc.php HTTP/1.1" 200 5852 "-" "Mozilla/5.0 (X11; Ubuntu; Linux x86_64; rv:62.0) Gecko/20100101 Firefox/62.0"
204.48.19.85 - - [10/Jul/2021:00:40:15 -0400] "POST /wp-cron.php?doing_wp_cron=1625892015.2869439125061035156250 HTTP/1.1" 200 6350 "https://angelsonhighstreet.com/wp-cron.php?doing_wp_cron=1625892015.2869439125061035156250" "WordPress/5.7.2; https://angelsonhighstreet.com"
198.204.234.252 - - [10/Jul/2021:00:40:14 -0400] "GET /wp-login.php HTTP/1.1" 200 14174 "-" "Mozilla/5.0 (Macintosh; Intel Mac OS X 10.6; rv:31.0) Gecko/20100101 Firefox/31.0"
198.204.234.252 - - [10/Jul/2021:00:40:15 -0400] "POST /wp-login.php HTTP/1.1" 200 9229 "-" "Mozilla/5.0 (Macintosh; Intel Mac OS X 10.6; rv:31.0) Gecko/20100101 Firefox/31.0"
54.36.148.134 - - [10/Jul/2021:00:40:17 -0400] "GET /shop-full-width?product_orderby=rating&product_order=desc&product_view=list&product_count=32 HTTP/1.1" 200 22501 "-" "Mozilla/5.0 (compatible; AhrefsBot/7.0; +http://ahrefs.com/robot/)"
204.48.19.85 - - [10/Jul/2021:00:41:35 -0400] "POST /wp-cron.php?doing_wp_cron=1625892095.1160399913787841796875 HTTP/1.1" 200 6350 "https://angelsonhighstreet.com/wp-cron.php?doing_wp_cron=1625892095.1160399913787841796875" "WordPress/5.7.2; https://angelsonhighstreet.com"
107.150.46.53 - - [10/Jul/2021:00:41:34 -0400] "GET /wp-login.php HTTP/1.1" 200 14174 "-" "Mozilla/5.0 (Macintosh; Intel Mac OS X 10_9_2) AppleWebKit/537.36 (KHTML, like Gecko) Chrome/35.0.1916.153 Safari/537.36"
107.150.46.53 - - [10/Jul/2021:00:41:35 -0400] "POST /wp-login.php HTTP/1.1" 200 9231 "-" "Mozilla/5.0 (Macintosh; Intel Mac OS X 10_9_2) AppleWebKit/537.36 (KHTML, like Gecko) Chrome/35.0.1916.153 Safari/537.36"
204.48.19.85 - - [10/Jul/2021:00:42:13 -0400] "POST /wp-cron.php?doing_wp_cron=1625892133.3626968860626220703125 HTTP/1.1" 200 6350 "https://angelsonhighstreet.com/wp-cron.php?doing_wp_cron=1625892133.3626968860626220703125" "WordPress/5.7.2; https://angelsonhighstreet.com"
54.36.148.145 - - [10/Jul/2021:00:42:12 -0400] "GET /shop-full-width?product_orderby=name&product_order=desc&product_view=grid&product_count=48 HTTP/1.1" 200 21931 "-" "Mozilla/5.0 (compatible; AhrefsBot/7.0; +http://ahrefs.com/robot/)"
204.48.19.85 - - [10/Jul/2021:00:44:01 -0400] "POST /wp-cron.php?doing_wp_cron=1625892241.9260430335998535156250 HTTP/1.1" 200 6350 "https://angelsonhighstreet.com/wp-cron.php?doing_wp_cron=1625892241.9260430335998535156250" "WordPress/5.7.2; https://angelsonhighstreet.com"
54.36.148.66 - - [10/Jul/2021:00:44:01 -0400] "GET /shop-full-width?product_orderby=popularity&product_order=asc&product_view=list&product_count=16 HTTP/1.1" 200 22331 "-" "Mozilla/5.0 (compatible; AhrefsBot/7.0; +http://ahrefs.com/robot/)"
204.48.19.85 - - [10/Jul/2021:00:45:48 -0400] "POST /wp-cron.php?doing_wp_cron=1625892348.6772139072418212890625 HTTP/1.1" 200 6350 "https://angelsonhighstreet.com/wp-cron.php?doing_wp_cron=1625892348.6772139072418212890625" "WordPress/5.7.2; https://angelsonhighstreet.com"
54.36.148.54 - - [10/Jul/2021:00:45:48 -0400] "GET /shop-full-width?product_orderby=popularity&product_order=desc&product_view=grid&product_count=48 HTTP/1.1" 200 21970 "-" "Mozilla/5.0 (compatible; AhrefsBot/7.0; +http://ahrefs.com/robot/)"
204.48.19.85 - - [10/Jul/2021:00:45:58 -0400] "POST /wp-cron.php?doing_wp_cron=1625892357.9988079071044921875000 HTTP/1.1" 200 6350 "https://angelsonhighstreet.com/wp-cron.php?doing_wp_cron=1625892357.9988079071044921875000" "WordPress/5.7.2; https://angelsonhighstreet.com"
35.185.127.189 - - [10/Jul/2021:00:45:57 -0400] "GET /robots.txt HTTP/1.0" 200 5857 "-" "ZoominfoBot (zoominfobot at zoominfo dot com)"
35.185.127.189 - - [10/Jul/2021:00:45:58 -0400] "GET /comments/feed HTTP/1.0" 200 8781 "-" "ZoominfoBot (zoominfobot at zoominfo dot com)"
204.48.19.85 - - [10/Jul/2021:00:47:43 -0400] "POST /wp-cron.php?doing_wp_cron=1625892463.1450729370117187500000 HTTP/1.1" 200 6350 "https://angelsonhighstreet.com/wp-cron.php?doing_wp_cron=1625892463.1450729370117187500000" "WordPress/5.7.2; https://angelsonhighstreet.com"
54.36.148.208 - - [10/Jul/2021:00:47:42 -0400] "GET /shop-full-width?product_orderby=rating&product_order=desc&product_view=grid&product_count=48 HTTP/1.1" 200 21970 "-" "Mozilla/5.0 (compatible; AhrefsBot/7.0; +http://ahrefs.com/robot/)"
204.48.19.85 - - [10/Jul/2021:00:47:58 -0400] "POST /wp-cron.php?doing_wp_cron=1625892478.4216659069061279296875 HTTP/1.1" 200 6350 "https://angelsonhighstreet.com/wp-cron.php?doing_wp_cron=1625892478.4216659069061279296875" "WordPress/5.7.2; https://angelsonhighstreet.com"
35.185.127.189 - - [10/Jul/2021:00:47:57 -0400] "GET /shop/cbg-salve-with-hawiian-haze-terpenes HTTP/1.0" 200 25613 "-" "ZoominfoBot (zoominfobot at zoominfo dot com)"
18.202.220.219 - - [10/Jul/2021:00:48:10 -0400] "GET / HTTP/1.1" 301 539 "-" "Mozilla/5.0 (Macintosh; Intel Mac OS X 10_15_6) AppleWebKit/537.36 (KHTML, like Gecko) Chrome/84.0.4147.105 Safari/537.36"
18.202.220.219 - - [10/Jul/2021:00:48:11 -0400] "GET / HTTP/1.1" 200 115938 "-" "Mozilla/5.0 (Macintosh; Intel Mac OS X 10_15_6) AppleWebKit/537.36 (KHTML, like Gecko) Chrome/84.0.4147.105 Safari/537.36"
18.202.220.219 - - [10/Jul/2021:00:48:12 -0400] "GET /contact-us HTTP/1.1" 200 62272 "https://angelsonhighstreet.com/" "Mozilla/5.0 (Macintosh; Intel Mac OS X 10_15_6) AppleWebKit/537.36 (KHTML, like Gecko) Chrome/84.0.4147.105 Safari/537.36"
18.202.220.219 - - [10/Jul/2021:00:48:12 -0400] "GET /wp-json HTTP/1.1" 200 975977 "https://angelsonhighstreet.com/" "Mozilla/5.0 (Macintosh; Intel Mac OS X 10_15_6) AppleWebKit/537.36 (KHTML, like Gecko) Chrome/84.0.4147.105 Safari/537.36"
204.48.19.85 - - [10/Jul/2021:00:49:35 -0400] "POST /wp-cron.php?doing_wp_cron=1625892575.2200520038604736328125 HTTP/1.1" 200 6350 "https://angelsonhighstreet.com/wp-cron.php?doing_wp_cron=1625892575.2200520038604736328125" "WordPress/5.7.2; https://angelsonhighstreet.com"
54.36.148.94 - - [10/Jul/2021:00:49:34 -0400] "GET /shop-full-width?product_count=48 HTTP/1.1" 200 21944 "-" "Mozilla/5.0 (compatible; AhrefsBot/7.0; +http://ahrefs.com/robot/)"
204.48.19.85 - - [10/Jul/2021:00:50:09 -0400] "POST /wp-cron.php?doing_wp_cron=1625892609.6350140571594238281250 HTTP/1.1" 200 6350 "https://angelsonhighstreet.com/wp-cron.php?doing_wp_cron=1625892609.6350140571594238281250" "WordPress/5.7.2; https://angelsonhighstreet.com"
54.202.129.161 - - [10/Jul/2021:00:50:09 -0400] "GET /checkout HTTP/1.1" 302 5972 "-" "Mozilla/5.0 (X11; Fedora; Linux x86_64) AppleWebKit/537.36 (KHTML, like Gecko) HeadlessChrome/68.0.3440.106 Safari/537.36"
54.202.129.161 - - [10/Jul/2021:00:50:10 -0400] "GET /cart HTTP/1.1" 200 16646 "-" "Mozilla/5.0 (X11; Fedora; Linux x86_64) AppleWebKit/537.36 (KHTML, like Gecko) HeadlessChrome/68.0.3440.106 Safari/537.36"
54.202.129.161 - - [10/Jul/2021:00:50:10 -0400] "GET /wp-content/plugins/woocommerce/packages/woocommerce-blocks/build/vendors-style.css?ver=4.9.1 HTTP/1.1" 200 1476 "https://angelsonhighstreet.com/cart" "Mozilla/5.0 (X11; Fedora; Linux x86_64) AppleWebKit/537.36 (KHTML, like Gecko) HeadlessChrome/68.0.3440.106 Safari/537.36"
54.202.129.161 - - [10/Jul/2021:00:50:10 -0400] "GET /wp-content/plugins/woocommerce/packages/woocommerce-blocks/build/style.css?ver=4.9.1 HTTP/1.1" 200 19623 "https://angelsonhighstreet.com/cart" "Mozilla/5.0 (X11; Fedora; Linux x86_64) AppleWebKit/537.36 (KHTML, like Gecko) HeadlessChrome/68.0.3440.106 Safari/537.36"
54.202.129.161 - - [10/Jul/2021:00:50:10 -0400] "GET /wp-content/plugins/age-gate/public/css/age-gate-custom.css?ver=2.15.0 HTTP/1.1" 200 605 "https://angelsonhighstreet.com/cart" "Mozilla/5.0 (X11; Fedora; Linux x86_64) AppleWebKit/537.36 (KHTML, like Gecko) HeadlessChrome/68.0.3440.106 Safari/537.36"
54.202.129.161 - - [10/Jul/2021:00:50:10 -0400] "GET /wp-content/plugins/age-gate/public/css/age-gate-public.css?ver=2.15.0 HTTP/1.1" 200 1949 "https://angelsonhighstreet.com/cart" "Mozilla/5.0 (X11; Fedora; Linux x86_64) AppleWebKit/537.36 (KHTML, like Gecko) HeadlessChrome/68.0.3440.106 Safari/537.36"
54.202.129.161 - - [10/Jul/2021:00:50:10 -0400] "GET /wp-content/plugins/woocommerce/assets/css/select2.css?ver=5.3.0 HTTP/1.1" 200 2555 "https://angelsonhighstreet.com/cart" "Mozilla/5.0 (X11; Fedora; Linux x86_64) AppleWebKit/537.36 (KHTML, like Gecko) HeadlessChrome/68.0.3440.106 Safari/537.36"
54.202.129.161 - - [10/Jul/2021:00:50:10 -0400] "GET /wp-content/plugins/revslider/public/assets/css/rs6.css?ver=6.3.3 HTTP/1.1" 200 13310 "https://angelsonhighstreet.com/cart" "Mozilla/5.0 (X11; Fedora; Linux x86_64) AppleWebKit/537.36 (KHTML, like Gecko) HeadlessChrome/68.0.3440.106 Safari/537.36"
54.202.129.161 - - [10/Jul/2021:00:50:10 -0400] "GET /wp-content/plugins/woocommerce-square/assets/css/frontend/wc-square-cart-checkout-blocks.min.css?ver=2.5.1 HTTP/1.1" 200 1298 "https://angelsonhighstreet.com/cart" "Mozilla/5.0 (X11; Fedora; Linux x86_64) AppleWebKit/537.36 (KHTML, like Gecko) HeadlessChrome/68.0.3440.106 Safari/537.36"
54.202.129.161 - - [10/Jul/2021:00:50:10 -0400] "GET /wp-includes/css/dist/block-library/theme.min.css?ver=5.7.2 HTTP/1.1" 200 1168 "https://angelsonhighstreet.com/cart" "Mozilla/5.0 (X11; Fedora; Linux x86_64) AppleWebKit/537.36 (KHTML, like Gecko) HeadlessChrome/68.0.3440.106 Safari/537.36"
54.202.129.161 - - [10/Jul/2021:00:50:10 -0400] "GET /wp-includes/css/dist/block-library/style.min.css?ver=5.7.2 HTTP/1.1" 200 9169 "https://angelsonhighstreet.com/cart" "Mozilla/5.0 (X11; Fedora; Linux x86_64) AppleWebKit/537.36 (KHTML, like Gecko) HeadlessChrome/68.0.3440.106 Safari/537.36"
54.202.129.161 - - [10/Jul/2021:00:50:10 -0400] "GET /wp-content/plugins/wp-optin-wheel/public/css/public.min.css?ver=1.3.2 HTTP/1.1" 200 2543 "https://angelsonhighstreet.com/cart" "Mozilla/5.0 (X11; Fedora; Linux x86_64) AppleWebKit/537.36 (KHTML, like Gecko) HeadlessChrome/68.0.3440.106 Safari/537.36"
54.202.129.161 - - [10/Jul/2021:00:50:11 -0400] "GET /wp-content/plugins/age-gate/public/js/age-gate-public-hooks.js?ver=2.15.0 HTTP/1.1" 200 2629 "https://angelsonhighstreet.com/cart" "Mozilla/5.0 (X11; Fedora; Linux x86_64) AppleWebKit/537.36 (KHTML, like Gecko) HeadlessChrome/68.0.3440.106 Safari/537.36"
54.202.129.161 - - [10/Jul/2021:00:50:11 -0400] "GET /wp-content/plugins/wp-optin-wheel/public/css/theme-green.css?ver=1.3.2 HTTP/1.1" 200 616 "https://angelsonhighstreet.com/cart" "Mozilla/5.0 (X11; Fedora; Linux x86_64) AppleWebKit/537.36 (KHTML, like Gecko) HeadlessChrome/68.0.3440.106 Safari/537.36"
54.202.129.161 - - [10/Jul/2021:00:50:11 -0400] "GET /wp-includes/js/jquery/jquery-migrate.min.js?ver=3.3.2 HTTP/1.1" 200 4646 "https://angelsonhighstreet.com/cart" "Mozilla/5.0 (X11; Fedora; Linux x86_64) AppleWebKit/537.36 (KHTML, like Gecko) HeadlessChrome/68.0.3440.106 Safari/537.36"
54.202.129.161 - - [10/Jul/2021:00:50:11 -0400] "GET /wp-includes/js/jquery/jquery.min.js?ver=3.5.1 HTTP/1.1" 200 31457 "https://angelsonhighstreet.com/cart" "Mozilla/5.0 (X11; Fedora; Linux x86_64) AppleWebKit/537.36 (KHTML, like Gecko) HeadlessChrome/68.0.3440.106 Safari/537.36"
54.202.129.161 - - [10/Jul/2021:00:50:11 -0400] "GET /wp-content/plugins/google-analytics-dashboard-for-wp/assets/js/frontend-gtag.min.js?ver=6.7.0 HTTP/1.1" 200 3277 "https://angelsonhighstreet.com/cart" "Mozilla/5.0 (X11; Fedora; Linux x86_64) AppleWebKit/537.36 (KHTML, like Gecko) HeadlessChrome/68.0.3440.106 Safari/537.36"
54.202.129.161 - - [10/Jul/2021:00:50:10 -0400] "GET /wp-content/uploads/fusion-styles/62d7ef591e1dfef8233dc4710a5beef1.min.css?ver=3.2.1 HTTP/1.1" 200 150195 "https://angelsonhighstreet.com/cart" "Mozilla/5.0 (X11; Fedora; Linux x86_64) AppleWebKit/537.36 (KHTML, like Gecko) HeadlessChrome/68.0.3440.106 Safari/537.36"
54.202.129.161 - - [10/Jul/2021:00:50:11 -0400] "GET /wp-includes/js/zxcvbn-async.min.js?ver=1.0 HTTP/1.1" 200 690 "https://angelsonhighstreet.com/cart" "Mozilla/5.0 (X11; Fedora; Linux x86_64) AppleWebKit/537.36 (KHTML, like Gecko) HeadlessChrome/68.0.3440.106 Safari/537.36"
54.202.129.161 - - [10/Jul/2021:00:50:11 -0400] "GET /wp-content/plugins/wp-optin-wheel/public/js/public.min.js?ver=1.3.2 HTTP/1.1" 200 3751 "https://angelsonhighstreet.com/cart" "Mozilla/5.0 (X11; Fedora; Linux x86_64) AppleWebKit/537.36 (KHTML, like Gecko) HeadlessChrome/68.0.3440.106 Safari/537.36"
54.202.129.161 - - [10/Jul/2021:00:50:11 -0400] "GET /wp-content/plugins/age-gate/public/js/age-gate-public.js?ver=2.15.0 HTTP/1.1" 200 6734 "https://angelsonhighstreet.com/cart" "Mozilla/5.0 (X11; Fedora; Linux x86_64) AppleWebKit/537.36 (KHTML, like Gecko) HeadlessChrome/68.0.3440.106 Safari/537.36"
54.202.129.161 - - [10/Jul/2021:00:50:11 -0400] "GET /wp-content/plugins/age-gate/public/js/age-gate-public-tab.js?ver=2.15.0 HTTP/1.1" 200 868 "https://angelsonhighstreet.com/cart" "Mozilla/5.0 (X11; Fedora; Linux x86_64) AppleWebKit/537.36 (KHTML, like Gecko) HeadlessChrome/68.0.3440.106 Safari/537.36"
54.202.129.161 - - [10/Jul/2021:00:50:11 -0400] "GET /wp-content/plugins/woocommerce/assets/js/frontend/add-to-cart.min.js?ver=5.3.0 HTTP/1.1" 200 1521 "https://angelsonhighstreet.com/cart" "Mozilla/5.0 (X11; Fedora; Linux x86_64) AppleWebKit/537.36 (KHTML, like Gecko) HeadlessChrome/68.0.3440.106 Safari/537.36"
54.202.129.161 - - [10/Jul/2021:00:50:11 -0400] "GET /wp-content/plugins/contact-form-7/includes/js/index.js?ver=5.4.1 HTTP/1.1" 200 4481 "https://angelsonhighstreet.com/cart" "Mozilla/5.0 (X11; Fedora; Linux x86_64) AppleWebKit/537.36 (KHTML, like Gecko) HeadlessChrome/68.0.3440.106 Safari/537.36"
54.202.129.161 - - [10/Jul/2021:00:50:11 -0400] "GET /wp-content/plugins/woocommerce/assets/js/jquery-blockui/jquery.blockUI.min.js?ver=2.70 HTTP/1.1" 200 3958 "https://angelsonhighstreet.com/cart" "Mozilla/5.0 (X11; Fedora; Linux x86_64) AppleWebKit/537.36 (KHTML, like Gecko) HeadlessChrome/68.0.3440.106 Safari/537.36"
54.202.129.161 - - [10/Jul/2021:00:50:11 -0400] "GET /wp-content/plugins/age-gate/public/js/age-gate-shortcode.js?ver=2.15.0 HTTP/1.1" 200 2729 "https://angelsonhighstreet.com/cart" "Mozilla/5.0 (X11; Fedora; Linux x86_64) AppleWebKit/537.36 (KHTML, like Gecko) HeadlessChrome/68.0.3440.106 Safari/537.36"
54.202.129.161 - - [10/Jul/2021:00:50:11 -0400] "GET /wp-includes/js/dist/vendor/wp-polyfill.min.js?ver=7.4.4 HTTP/1.1" 200 34803 "https://angelsonhighstreet.com/cart" "Mozilla/5.0 (X11; Fedora; Linux x86_64) AppleWebKit/537.36 (KHTML, like Gecko) HeadlessChrome/68.0.3440.106 Safari/537.36"
54.202.129.161 - - [10/Jul/2021:00:50:11 -0400] "GET /wp-content/uploads/fusion-gfonts/qkBIXvYC6trAT55ZBi1ueQVIjQTD-JqaE0lMZbLXGimS.woff HTTP/1.1" 200 15345 "https://angelsonhighstreet.com/wp-content/uploads/fusion-styles/62d7ef591e1dfef8233dc4710a5beef1.min.css?ver=3.2.1" "Mozilla/5.0 (X11; Fedora; Linux x86_64) AppleWebKit/537.36 (KHTML, like Gecko) HeadlessChrome/68.0.3440.106 Safari/537.36"
54.202.129.161 - - [10/Jul/2021:00:50:11 -0400] "GET /wp-content/uploads/fusion-gfonts/qkBIXvYC6trAT55ZBi1ueQVIjQTDH52aE0lMZbLXGimS.woff HTTP/1.1" 200 15337 "https://angelsonhighstreet.com/wp-content/uploads/fusion-styles/62d7ef591e1dfef8233dc4710a5beef1.min.css?ver=3.2.1" "Mozilla/5.0 (X11; Fedora; Linux x86_64) AppleWebKit/537.36 (KHTML, like Gecko) HeadlessChrome/68.0.3440.106 Safari/537.36"
54.202.129.161 - - [10/Jul/2021:00:50:11 -0400] "GET /wp-content/uploads/fusion-gfonts/qkBKXvYC6trAT7RQNNK2EG7SIwPWMNlCV3lIb7X1HgGQ0tQ.woff HTTP/1.1" 200 15576 "https://angelsonhighstreet.com/wp-content/uploads/fusion-styles/62d7ef591e1dfef8233dc4710a5beef1.min.css?ver=3.2.1" "Mozilla/5.0 (X11; Fedora; Linux x86_64) AppleWebKit/537.36 (KHTML, like Gecko) HeadlessChrome/68.0.3440.106 Safari/537.36"
54.202.129.161 - - [10/Jul/2021:00:50:11 -0400] "GET /wp-content/themes/Avada/includes/lib/assets/fonts/icomoon/icomoon.woff HTTP/1.1" 200 13268 "https://angelsonhighstreet.com/wp-content/uploads/fusion-styles/62d7ef591e1dfef8233dc4710a5beef1.min.css?ver=3.2.1" "Mozilla/5.0 (X11; Fedora; Linux x86_64) AppleWebKit/537.36 (KHTML, like Gecko) HeadlessChrome/68.0.3440.106 Safari/537.36"
54.202.129.161 - - [10/Jul/2021:00:50:11 -0400] "GET /wp-content/plugins/woocommerce/assets/js/js-cookie/js.cookie.min.js?ver=2.1.4 HTTP/1.1" 200 1416 "https://angelsonhighstreet.com/cart" "Mozilla/5.0 (X11; Fedora; Linux x86_64) AppleWebKit/537.36 (KHTML, like Gecko) HeadlessChrome/68.0.3440.106 Safari/537.36"
54.202.129.161 - - [10/Jul/2021:00:50:11 -0400] "GET /wp-content/uploads/fusion-gfonts/JTURjIg1_i6t8kCHKm45_dJE3gnD-Px3rCs.woff HTTP/1.1" 200 17520 "https://angelsonhighstreet.com/wp-content/uploads/fusion-styles/62d7ef591e1dfef8233dc4710a5beef1.min.css?ver=3.2.1" "Mozilla/5.0 (X11; Fedora; Linux x86_64) AppleWebKit/537.36 (KHTML, like Gecko) HeadlessChrome/68.0.3440.106 Safari/537.36"
54.202.129.161 - - [10/Jul/2021:00:50:11 -0400] "GET /wp-content/uploads/2020/04/aohs_logo_blkbg-e1588290703663-150x150.png HTTP/1.1" 200 30799 "https://angelsonhighstreet.com/cart" "Mozilla/5.0 (X11; Fedora; Linux x86_64) AppleWebKit/537.36 (KHTML, like Gecko) HeadlessChrome/68.0.3440.106 Safari/537.36"
54.202.129.161 - - [10/Jul/2021:00:50:11 -0400] "GET /wp-content/plugins/woocommerce/assets/js/frontend/woocommerce.min.js?ver=5.3.0 HTTP/1.1" 200 1221 "https://angelsonhighstreet.com/cart" "Mozilla/5.0 (X11; Fedora; Linux x86_64) AppleWebKit/537.36 (KHTML, like Gecko) HeadlessChrome/68.0.3440.106 Safari/537.36"
54.202.129.161 - - [10/Jul/2021:00:50:11 -0400] "GET /wp-content/uploads/2020/05/aohs_righttext_logo-e1590068585746.png HTTP/1.1" 200 62240 "https://angelsonhighstreet.com/cart" "Mozilla/5.0 (X11; Fedora; Linux x86_64) AppleWebKit/537.36 (KHTML, like Gecko) HeadlessChrome/68.0.3440.106 Safari/537.36"
54.202.129.161 - - [10/Jul/2021:00:50:11 -0400] "GET /wp-content/plugins/woocommerce/assets/js/frontend/country-select.min.js?ver=5.3.0 HTTP/1.1" 200 1503 "https://angelsonhighstreet.com/cart" "Mozilla/5.0 (X11; Fedora; Linux x86_64) AppleWebKit/537.36 (KHTML, like Gecko) HeadlessChrome/68.0.3440.106 Safari/537.36"
54.202.129.161 - - [10/Jul/2021:00:50:11 -0400] "GET /wp-content/plugins/wp-optin-wheel/public/img/bg-hearts.png HTTP/1.1" 200 2211 "https://angelsonhighstreet.com/cart" "Mozilla/5.0 (X11; Fedora; Linux x86_64) AppleWebKit/537.36 (KHTML, like Gecko) HeadlessChrome/68.0.3440.106 Safari/537.36"
54.202.129.161 - - [10/Jul/2021:00:50:11 -0400] "GET /wp-content/plugins/wp-optin-wheel/public/img/wheel-green.png HTTP/1.1" 200 39867 "https://angelsonhighstreet.com/wp-content/plugins/wp-optin-wheel/public/css/theme-green.css?ver=1.3.2" "Mozilla/5.0 (X11; Fedora; Linux x86_64) AppleWebKit/537.36 (KHTML, like Gecko) HeadlessChrome/68.0.3440.106 Safari/537.36"
54.202.129.161 - - [10/Jul/2021:00:50:11 -0400] "GET /wp-content/plugins/woocommerce/assets/js/frontend/cart.min.js?ver=5.3.0 HTTP/1.1" 200 2464 "https://angelsonhighstreet.com/cart" "Mozilla/5.0 (X11; Fedora; Linux x86_64) AppleWebKit/537.36 (KHTML, like Gecko) HeadlessChrome/68.0.3440.106 Safari/537.36"
54.202.129.161 - - [10/Jul/2021:00:50:11 -0400] "GET /wp-content/plugins/woocommerce/assets/js/frontend/address-i18n.min.js?ver=5.3.0 HTTP/1.1" 200 1379 "https://angelsonhighstreet.com/cart" "Mozilla/5.0 (X11; Fedora; Linux x86_64) AppleWebKit/537.36 (KHTML, like Gecko) HeadlessChrome/68.0.3440.106 Safari/537.36"
54.202.129.161 - - [10/Jul/2021:00:50:11 -0400] "GET /wp-content/plugins/woocommerce/assets/js/selectWoo/selectWoo.full.min.js?ver=1.0.6 HTTP/1.1" 200 22011 "https://angelsonhighstreet.com/cart" "Mozilla/5.0 (X11; Fedora; Linux x86_64) AppleWebKit/537.36 (KHTML, like Gecko) HeadlessChrome/68.0.3440.106 Safari/537.36"
54.202.129.161 - - [10/Jul/2021:00:50:11 -0400] "GET /wp-includes/js/dist/hooks.min.js?ver=50e23bed88bcb9e6e14023e9961698c1 HTTP/1.1" 200 2782 "https://angelsonhighstreet.com/cart" "Mozilla/5.0 (X11; Fedora; Linux x86_64) AppleWebKit/537.36 (KHTML, like Gecko) HeadlessChrome/68.0.3440.106 Safari/537.36"
54.202.129.161 - - [10/Jul/2021:00:50:11 -0400] "GET /wp-admin/js/password-strength-meter.min.js?ver=5.7.2 HTTP/1.1" 200 1055 "https://angelsonhighstreet.com/cart" "Mozilla/5.0 (X11; Fedora; Linux x86_64) AppleWebKit/537.36 (KHTML, like Gecko) HeadlessChrome/68.0.3440.106 Safari/537.36"
54.202.129.161 - - [10/Jul/2021:00:50:11 -0400] "GET /wp-includes/js/dist/i18n.min.js?ver=db9a9a37da262883343e941c3731bc67 HTTP/1.1" 200 4333 "https://angelsonhighstreet.com/cart" "Mozilla/5.0 (X11; Fedora; Linux x86_64) AppleWebKit/537.36 (KHTML, like Gecko) HeadlessChrome/68.0.3440.106 Safari/537.36"
54.202.129.161 - - [10/Jul/2021:00:50:11 -0400] "GET /wp-content/plugins/woocommerce/assets/js/frontend/password-strength-meter.min.js?ver=5.3.0 HTTP/1.1" 200 1209 "https://angelsonhighstreet.com/cart" "Mozilla/5.0 (X11; Fedora; Linux x86_64) AppleWebKit/537.36 (KHTML, like Gecko) HeadlessChrome/68.0.3440.106 Safari/537.36"
54.202.129.161 - - [10/Jul/2021:00:50:11 -0400] "GET /wp-content/plugins/woocommerce/assets/js/frontend/cart-fragments.min.js?ver=5.3.0 HTTP/1.1" 200 1474 "https://angelsonhighstreet.com/cart" "Mozilla/5.0 (X11; Fedora; Linux x86_64) AppleWebKit/537.36 (KHTML, like Gecko) HeadlessChrome/68.0.3440.106 Safari/537.36"
54.202.129.161 - - [10/Jul/2021:00:50:11 -0400] "GET /wp-includes/js/wp-embed.min.js?ver=5.7.2 HTTP/1.1" 200 1199 "https://angelsonhighstreet.com/cart" "Mozilla/5.0 (X11; Fedora; Linux x86_64) AppleWebKit/537.36 (KHTML, like Gecko) HeadlessChrome/68.0.3440.106 Safari/537.36"
54.202.129.161 - - [10/Jul/2021:00:50:11 -0400] "GET /wp-content/uploads/2020/08/C5B83DAF-9E96-49A0-AAA0-C902DBEB3B68.jpeg HTTP/1.1" 200 85897 "https://angelsonhighstreet.com/cart" "Mozilla/5.0 (X11; Fedora; Linux x86_64) AppleWebKit/537.36 (KHTML, like Gecko) HeadlessChrome/68.0.3440.106 Safari/537.36"
54.202.129.161 - - [10/Jul/2021:00:50:11 -0400] "GET /wp-content/uploads/2020/08/D37CB261-2BE3-4FB2-AE52-84F8AC85FF3A.jpeg HTTP/1.1" 200 96554 "https://angelsonhighstreet.com/cart" "Mozilla/5.0 (X11; Fedora; Linux x86_64) AppleWebKit/537.36 (KHTML, like Gecko) HeadlessChrome/68.0.3440.106 Safari/537.36"
54.202.129.161 - - [10/Jul/2021:00:50:11 -0400] "GET /wp-content/uploads/2019/05/IMG_0405-500x710.jpg HTTP/1.1" 200 67609 "https://angelsonhighstreet.com/cart" "Mozilla/5.0 (X11; Fedora; Linux x86_64) AppleWebKit/537.36 (KHTML, like Gecko) HeadlessChrome/68.0.3440.106 Safari/537.36"
54.202.129.161 - - [10/Jul/2021:00:50:11 -0400] "GET /wp-content/uploads/2019/11/standards_banner.png HTTP/1.1" 200 19952 "https://angelsonhighstreet.com/cart" "Mozilla/5.0 (X11; Fedora; Linux x86_64) AppleWebKit/537.36 (KHTML, like Gecko) HeadlessChrome/68.0.3440.106 Safari/537.36"
54.202.129.161 - - [10/Jul/2021:00:50:11 -0400] "GET /wp-content/plugins/revslider/public/assets/js/rbtools.min.js?ver=6.3.3 HTTP/1.1" 200 46689 "https://angelsonhighstreet.com/cart" "Mozilla/5.0 (X11; Fedora; Linux x86_64) AppleWebKit/537.36 (KHTML, like Gecko) HeadlessChrome/68.0.3440.106 Safari/537.36"
54.202.129.161 - - [10/Jul/2021:00:50:11 -0400] "GET /wp-content/uploads/fusion-scripts/b56245e53be0fd8a820b6aadd44f2547.min.js?ver=3.2.1 HTTP/1.1" 200 96861 "https://angelsonhighstreet.com/cart" "Mozilla/5.0 (X11; Fedora; Linux x86_64) AppleWebKit/537.36 (KHTML, like Gecko) HeadlessChrome/68.0.3440.106 Safari/537.36"
54.202.129.161 - - [10/Jul/2021:00:50:11 -0400] "GET /wp-content/plugins/revslider/public/assets/js/rs6.min.js?ver=6.3.3 HTTP/1.1" 200 86304 "https://angelsonhighstreet.com/cart" "Mozilla/5.0 (X11; Fedora; Linux x86_64) AppleWebKit/537.36 (KHTML, like Gecko) HeadlessChrome/68.0.3440.106 Safari/537.36"
54.202.129.161 - - [10/Jul/2021:00:50:11 -0400] "GET /wp-includes/js/wp-emoji-release.min.js?ver=5.7.2 HTTP/1.1" 200 5139 "https://angelsonhighstreet.com/cart" "Mozilla/5.0 (X11; Fedora; Linux x86_64) AppleWebKit/537.36 (KHTML, like Gecko) HeadlessChrome/68.0.3440.106 Safari/537.36"
54.202.129.161 - - [10/Jul/2021:00:50:12 -0400] "GET /wp-includes/js/zxcvbn.min.js HTTP/1.1" 200 403528 "https://angelsonhighstreet.com/cart" "Mozilla/5.0 (X11; Fedora; Linux x86_64) AppleWebKit/537.36 (KHTML, like Gecko) HeadlessChrome/68.0.3440.106 Safari/537.36"
54.202.129.161 - - [10/Jul/2021:00:50:12 -0400] "GET /wp-content/uploads/fusion-gfonts/JTUSjIg1_i6t8kCHKm459WlhzSTh89Y.woff HTTP/1.1" 200 17613 "https://angelsonhighstreet.com/wp-content/uploads/fusion-styles/62d7ef591e1dfef8233dc4710a5beef1.min.css?ver=3.2.1" "Mozilla/5.0 (X11; Fedora; Linux x86_64) AppleWebKit/537.36 (KHTML, like Gecko) HeadlessChrome/68.0.3440.106 Safari/537.36"
54.202.129.161 - - [10/Jul/2021:00:50:12 -0400] "POST /?wc-ajax=get_refreshed_fragments HTTP/1.1" 200 873 "https://angelsonhighstreet.com/cart" "Mozilla/5.0 (X11; Fedora; Linux x86_64) AppleWebKit/537.36 (KHTML, like Gecko) HeadlessChrome/68.0.3440.106 Safari/537.36"
204.48.19.85 - - [10/Jul/2021:00:51:19 -0400] "POST /wp-cron.php?doing_wp_cron=1625892679.6372458934783935546875 HTTP/1.1" 200 6350 "https://angelsonhighstreet.com/wp-cron.php?doing_wp_cron=1625892679.6372458934783935546875" "WordPress/5.7.2; https://angelsonhighstreet.com"
35.185.127.189 - - [10/Jul/2021:00:51:19 -0400] "GET /xmlrpc.php?rsd HTTP/1.0" 200 5939 "-" "ZoominfoBot (zoominfobot at zoominfo dot com)"
54.36.148.221 - - [10/Jul/2021:00:51:30 -0400] "GET /author/admin HTTP/1.1" 200 22174 "-" "Mozilla/5.0 (compatible; AhrefsBot/7.0; +http://ahrefs.com/robot/)"
35.185.127.189 - - [10/Jul/2021:00:51:37 -0400] "GET /cbd-oils HTTP/1.0" 200 20727 "-" "ZoominfoBot (zoominfobot at zoominfo dot com)"
204.48.19.85 - - [10/Jul/2021:00:53:16 -0400] "POST /wp-cron.php?doing_wp_cron=1625892796.3968760967254638671875 HTTP/1.1" 200 6350 "https://angelsonhighstreet.com/wp-cron.php?doing_wp_cron=1625892796.3968760967254638671875" "WordPress/5.7.2; https://angelsonhighstreet.com"
54.36.148.128 - - [10/Jul/2021:00:53:15 -0400] "GET /shop-full-width?product_view=grid&product_order=desc&product_count=16&product_orderby=date HTTP/1.1" 200 21954 "-" "Mozilla/5.0 (compatible; AhrefsBot/7.0; +http://ahrefs.com/robot/)"
204.48.19.85 - - [10/Jul/2021:00:54:55 -0400] "POST /wp-cron.php?doing_wp_cron=1625892895.6430449485778808593750 HTTP/1.1" 200 6350 "https://angelsonhighstreet.com/wp-cron.php?doing_wp_cron=1625892895.6430449485778808593750" "WordPress/5.7.2; https://angelsonhighstreet.com"
54.36.148.49 - - [10/Jul/2021:00:54:55 -0400] "GET /shop-full-width?product_view=grid&product_order=desc&product_count=16&product_orderby=name HTTP/1.1" 200 21959 "-" "Mozilla/5.0 (compatible; AhrefsBot/7.0; +http://ahrefs.com/robot/)"
157.55.39.48 - - [10/Jul/2021:00:56:03 -0400] "GET /wp-content/uploads/2019/11/CBD_Salve_4oz_2000mg-500x1029.jpg HTTP/1.1" 200 71786 "-" "Mozilla/5.0 (compatible; bingbot/2.0; +http://www.bing.com/bingbot.htm)"
204.48.19.85 - - [10/Jul/2021:00:56:49 -0400] "POST /wp-cron.php?doing_wp_cron=1625893009.0539059638977050781250 HTTP/1.1" 200 6350 "https://angelsonhighstreet.com/wp-cron.php?doing_wp_cron=1625893009.0539059638977050781250" "WordPress/5.7.2; https://angelsonhighstreet.com"
54.36.148.36 - - [10/Jul/2021:00:56:48 -0400] "GET /shop-full-width?product_view=grid&product_order=desc&product_count=16&product_orderby=popularity HTTP/1.1" 200 22001 "-" "Mozilla/5.0 (compatible; AhrefsBot/7.0; +http://ahrefs.com/robot/)"
204.48.19.85 - - [10/Jul/2021:00:56:59 -0400] "POST /wp-cron.php?doing_wp_cron=1625893019.8618860244750976562500 HTTP/1.1" 200 6350 "https://angelsonhighstreet.com/wp-cron.php?doing_wp_cron=1625893019.8618860244750976562500" "WordPress/5.7.2; https://angelsonhighstreet.com"
35.185.127.189 - - [10/Jul/2021:00:56:59 -0400] "GET /shop/700mg-15ml-cbd-oil HTTP/1.0" 200 24314 "-" "ZoominfoBot (zoominfobot at zoominfo dot com)"
35.185.127.189 - - [10/Jul/2021:00:57:51 -0400] "GET /author/admin HTTP/1.0" 200 21444 "-" "ZoominfoBot (zoominfobot at zoominfo dot com)"
204.48.19.85 - - [10/Jul/2021:00:58:35 -0400] "POST /wp-cron.php?doing_wp_cron=1625893115.0115840435028076171875 HTTP/1.1" 200 6350 "https://angelsonhighstreet.com/wp-cron.php?doing_wp_cron=1625893115.0115840435028076171875" "WordPress/5.7.2; https://angelsonhighstreet.com"
54.36.149.58 - - [10/Jul/2021:00:58:34 -0400] "GET /shop-full-width?product_view=grid&product_order=desc&product_count=32&product_orderby=date HTTP/1.1" 200 21957 "-" "Mozilla/5.0 (compatible; AhrefsBot/7.0; +http://ahrefs.com/robot/)"
204.48.19.85 - - [10/Jul/2021:01:01:04 -0400] "POST /wp-cron.php?doing_wp_cron=1625893264.5135669708251953125000 HTTP/1.1" 200 6350 "https://angelsonhighstreet.com/wp-cron.php?doing_wp_cron=1625893264.5135669708251953125000" "WordPress/5.7.2; https://angelsonhighstreet.com"
54.36.148.88 - - [10/Jul/2021:01:01:04 -0400] "GET /shop-full-width?product_view=grid&product_order=desc&product_count=32&product_orderby=default HTTP/1.1" 200 21960 "-" "Mozilla/5.0 (compatible; AhrefsBot/7.0; +http://ahrefs.com/robot/)"
35.185.127.189 - - [10/Jul/2021:01:01:23 -0400] "GET /shop/2130mg-30ml-whole-plant-cbg-extract-oil HTTP/1.0" 200 25728 "-" "ZoominfoBot (zoominfobot at zoominfo dot com)"
204.48.19.85 - - [10/Jul/2021:01:02:01 -0400] "POST /wp-cron.php?doing_wp_cron=1625893321.0655920505523681640625 HTTP/1.1" 200 6350 "https://angelsonhighstreet.com/wp-cron.php?doing_wp_cron=1625893321.0655920505523681640625" "WordPress/5.7.2; https://angelsonhighstreet.com"
35.185.127.189 - - [10/Jul/2021:01:02:00 -0400] "GET /apparel HTTP/1.0" 200 19713 "-" "ZoominfoBot (zoominfobot at zoominfo dot com)"
204.48.19.85 - - [10/Jul/2021:01:02:48 -0400] "POST /wp-cron.php?doing_wp_cron=1625893368.9616041183471679687500 HTTP/1.1" 200 6350 "https://angelsonhighstreet.com/wp-cron.php?doing_wp_cron=1625893368.9616041183471679687500" "WordPress/5.7.2; https://angelsonhighstreet.com"
54.36.149.53 - - [10/Jul/2021:01:02:48 -0400] "GET /shop-full-width?product_view=grid&product_order=desc&product_count=32&product_orderby=name HTTP/1.1" 200 21960 "-" "Mozilla/5.0 (compatible; AhrefsBot/7.0; +http://ahrefs.com/robot/)"
204.48.19.85 - - [10/Jul/2021:01:04:31 -0400] "POST /wp-cron.php?doing_wp_cron=1625893471.4167110919952392578125 HTTP/1.1" 200 6350 "https://angelsonhighstreet.com/wp-cron.php?doing_wp_cron=1625893471.4167110919952392578125" "WordPress/5.7.2; https://angelsonhighstreet.com"
54.36.149.52 - - [10/Jul/2021:01:04:30 -0400] "GET /shop-full-width?product_view=grid&product_order=desc&product_count=32&product_orderby=price HTTP/1.1" 200 21959 "-" "Mozilla/5.0 (compatible; AhrefsBot/7.0; +http://ahrefs.com/robot/)"
204.48.19.85 - - [10/Jul/2021:01:05:21 -0400] "POST /wp-cron.php?doing_wp_cron=1625893521.8633949756622314453125 HTTP/1.1" 200 6350 "https://angelsonhighstreet.com/wp-cron.php?doing_wp_cron=1625893521.8633949756622314453125" "WordPress/5.7.2; https://angelsonhighstreet.com"
64.227.53.63 - - [10/Jul/2021:01:05:21 -0400] "GET /wp-login.php HTTP/1.1" 200 8108 "-" "Mozilla/5.0 (X11; Ubuntu; Linux x86_64; rv:62.0) Gecko/20100101 Firefox/62.0"
64.227.53.63 - - [10/Jul/2021:01:05:22 -0400] "POST /wp-login.php HTTP/1.1" 200 8231 "-" "Mozilla/5.0 (X11; Ubuntu; Linux x86_64; rv:62.0) Gecko/20100101 Firefox/62.0"
64.227.53.63 - - [10/Jul/2021:01:05:28 -0400] "GET /wp-login.php HTTP/1.1" 200 8108 "-" "Mozilla/5.0 (X11; Ubuntu; Linux x86_64; rv:62.0) Gecko/20100101 Firefox/62.0"
64.227.53.63 - - [10/Jul/2021:01:05:34 -0400] "POST /wp-login.php HTTP/1.1" 200 8210 "-" "Mozilla/5.0 (X11; Ubuntu; Linux x86_64; rv:62.0) Gecko/20100101 Firefox/62.0"
64.227.53.63 - - [10/Jul/2021:01:05:39 -0400] "POST /xmlrpc.php HTTP/1.1" 200 5852 "-" "Mozilla/5.0 (X11; Ubuntu; Linux x86_64; rv:62.0) Gecko/20100101 Firefox/62.0"
204.48.19.85 - - [10/Jul/2021:01:06:17 -0400] "POST /wp-cron.php?doing_wp_cron=1625893577.3684589862823486328125 HTTP/1.1" 200 6350 "https://angelsonhighstreet.com/wp-cron.php?doing_wp_cron=1625893577.3684589862823486328125" "WordPress/5.7.2; https://angelsonhighstreet.com"
54.36.148.90 - - [10/Jul/2021:01:06:16 -0400] "GET /shop-full-width?product_view=grid&product_order=desc&product_orderby=date&product_count=16 HTTP/1.1" 200 21954 "-" "Mozilla/5.0 (compatible; AhrefsBot/7.0; +http://ahrefs.com/robot/)"
207.46.13.178 - - [10/Jul/2021:01:06:21 -0400] "GET /wp-content/uploads/2020/08/D37CB261-2BE3-4FB2-AE52-84F8AC85FF3A.jpeg HTTP/1.1" 200 102175 "-" "Mozilla/5.0 (compatible; bingbot/2.0; +http://www.bing.com/bingbot.htm)"
204.48.19.85 - - [10/Jul/2021:01:08:01 -0400] "POST /wp-cron.php?doing_wp_cron=1625893681.0920739173889160156250 HTTP/1.1" 200 6350 "https://angelsonhighstreet.com/wp-cron.php?doing_wp_cron=1625893681.0920739173889160156250" "WordPress/5.7.2; https://angelsonhighstreet.com"
54.36.149.18 - - [10/Jul/2021:01:08:00 -0400] "GET /shop-full-width?product_orderby=popularity&product_order=asc&product_view=grid&product_count=32 HTTP/1.1" 200 21974 "-" "Mozilla/5.0 (compatible; AhrefsBot/7.0; +http://ahrefs.com/robot/)"
35.185.127.189 - - [10/Jul/2021:01:08:09 -0400] "GET /shop/cbg-salve-with-special-sauce-terpenes HTTP/1.0" 200 27182 "-" "ZoominfoBot (zoominfobot at zoominfo dot com)"
204.48.19.85 - - [10/Jul/2021:01:09:34 -0400] "POST /wp-cron.php?doing_wp_cron=1625893774.5732960700988769531250 HTTP/1.1" 200 6350 "https://angelsonhighstreet.com/wp-cron.php?doing_wp_cron=1625893774.5732960700988769531250" "WordPress/5.7.2; https://angelsonhighstreet.com"
54.36.148.3 - - [10/Jul/2021:01:09:34 -0400] "GET /shop-full-width?product_view=grid&product_order=desc&product_orderby=date&product_count=32 HTTP/1.1" 200 21956 "-" "Mozilla/5.0 (compatible; AhrefsBot/7.0; +http://ahrefs.com/robot/)"
204.48.19.85 - - [10/Jul/2021:01:10:37 -0400] "POST /wp-cron.php?doing_wp_cron=1625893837.1197628974914550781250 HTTP/1.1" 200 6350 "https://angelsonhighstreet.com/wp-cron.php?doing_wp_cron=1625893837.1197628974914550781250" "WordPress/5.7.2; https://angelsonhighstreet.com"
173.208.244.93 - - [10/Jul/2021:01:10:36 -0400] "GET /wp-login.php HTTP/1.1" 200 14174 "-" "Mozilla/5.0 (Windows NT 6.1; WOW64) AppleWebKit/537.36 (KHTML, like Gecko) Chrome/36.0.1985.143 Safari/537.36"
173.208.244.93 - - [10/Jul/2021:01:10:37 -0400] "POST /wp-login.php HTTP/1.1" 200 9225 "-" "Mozilla/5.0 (Windows NT 6.1; WOW64) AppleWebKit/537.36 (KHTML, like Gecko) Chrome/36.0.1985.143 Safari/537.36"
35.185.127.189 - - [10/Jul/2021:01:10:52 -0400] "GET /shop/holy-grail-cbd-healing-salve-1-oz HTTP/1.0" 200 27665 "-" "ZoominfoBot (zoominfobot at zoominfo dot com)"
