204.48.19.85 - - [03/Jul/2021:03:44:32 -0400] "POST /wp-cron.php?doing_wp_cron=1625298272.1102991104125976562500 HTTP/1.1" 200 6350 "https://angelsonhighstreet.com/wp-cron.php?doing_wp_cron=1625298272.1102991104125976562500" "WordPress/5.7.2; https://angelsonhighstreet.com"
182.176.222.232 - - [03/Jul/2021:03:44:31 -0400] "GET /wp-login.php HTTP/1.1" 200 8107 "-" "Mozilla/5.0 (X11; Ubuntu; Linux x86_64; rv:62.0) Gecko/20100101 Firefox/62.0"
182.176.222.232 - - [03/Jul/2021:03:44:33 -0400] "POST /wp-login.php HTTP/1.1" 200 8232 "-" "Mozilla/5.0 (X11; Ubuntu; Linux x86_64; rv:62.0) Gecko/20100101 Firefox/62.0"
182.176.222.232 - - [03/Jul/2021:03:44:35 -0400] "GET /wp-login.php HTTP/1.1" 200 8107 "-" "Mozilla/5.0 (X11; Ubuntu; Linux x86_64; rv:62.0) Gecko/20100101 Firefox/62.0"
182.176.222.232 - - [03/Jul/2021:03:44:36 -0400] "POST /wp-login.php HTTP/1.1" 200 8234 "-" "Mozilla/5.0 (X11; Ubuntu; Linux x86_64; rv:62.0) Gecko/20100101 Firefox/62.0"
182.176.222.232 - - [03/Jul/2021:03:44:37 -0400] "POST /xmlrpc.php HTTP/1.1" 200 5852 "-" "Mozilla/5.0 (X11; Ubuntu; Linux x86_64; rv:62.0) Gecko/20100101 Firefox/62.0"
204.48.19.85 - - [03/Jul/2021:03:45:53 -0400] "POST /wp-cron.php?doing_wp_cron=1625298353.4500830173492431640625 HTTP/1.1" 200 6350 "https://angelsonhighstreet.com/wp-cron.php?doing_wp_cron=1625298353.4500830173492431640625" "WordPress/5.7.2; https://angelsonhighstreet.com"
54.36.148.79 - - [03/Jul/2021:03:45:53 -0400] "GET /product-category/oils?product_view=list&product_order=asc&product_orderby=price&product_count=16 HTTP/1.1" 200 21560 "-" "Mozilla/5.0 (compatible; AhrefsBot/7.0; +http://ahrefs.com/robot/)"
204.48.19.85 - - [03/Jul/2021:03:47:38 -0400] "POST /wp-cron.php?doing_wp_cron=1625298458.3495519161224365234375 HTTP/1.1" 200 6350 "https://angelsonhighstreet.com/wp-cron.php?doing_wp_cron=1625298458.3495519161224365234375" "WordPress/5.7.2; https://angelsonhighstreet.com"
66.249.66.38 - - [03/Jul/2021:03:47:38 -0400] "GET /shop-full-width?product_count=48&product_orderby=price HTTP/1.1" 200 21935 "-" "Mozilla/5.0 (Linux; Android 6.0.1; Nexus 5X Build/MMB29P) AppleWebKit/537.36 (KHTML, like Gecko) Chrome/91.0.4472.90 Mobile Safari/537.36 (compatible; Googlebot/2.1; +http://www.google.com/bot.html)"
66.249.66.35 - - [03/Jul/2021:03:47:41 -0400] "POST /?wc-ajax=get_refreshed_fragments HTTP/1.1" 200 6901 "https://angelsonhighstreet.com/shop-full-width?product_count=48&product_orderby=price" "Mozilla/5.0 (Linux; Android 6.0.1; Nexus 5X Build/MMB29P) AppleWebKit/537.36 (KHTML, like Gecko) Chrome/91.0.4472.90 Mobile Safari/537.36 (compatible; Googlebot/2.1; +http://www.google.com/bot.html)"
204.48.19.85 - - [03/Jul/2021:03:52:48 -0400] "POST /wp-cron.php?doing_wp_cron=1625298768.6170449256896972656250 HTTP/1.1" 200 6350 "https://angelsonhighstreet.com/wp-cron.php?doing_wp_cron=1625298768.6170449256896972656250" "WordPress/5.7.2; https://angelsonhighstreet.com"
54.36.148.8 - - [03/Jul/2021:03:52:48 -0400] "GET /product-category/oils?product_count=16&product_order=asc&product_orderby=date&product_view=grid HTTP/1.1" 200 21254 "-" "Mozilla/5.0 (compatible; AhrefsBot/7.0; +http://ahrefs.com/robot/)"
204.48.19.85 - - [03/Jul/2021:03:54:10 -0400] "POST /wp-cron.php?doing_wp_cron=1625298850.5864980220794677734375 HTTP/1.1" 200 6350 "https://angelsonhighstreet.com/wp-cron.php?doing_wp_cron=1625298850.5864980220794677734375" "WordPress/5.7.2; https://angelsonhighstreet.com"
159.89.99.68 - - [03/Jul/2021:03:54:10 -0400] "GET /wp-login.php HTTP/1.1" 200 8107 "-" "Mozilla/5.0 (X11; Ubuntu; Linux x86_64; rv:62.0) Gecko/20100101 Firefox/62.0"
159.89.99.68 - - [03/Jul/2021:03:54:11 -0400] "POST /wp-login.php HTTP/1.1" 200 8232 "-" "Mozilla/5.0 (X11; Ubuntu; Linux x86_64; rv:62.0) Gecko/20100101 Firefox/62.0"
159.89.99.68 - - [03/Jul/2021:03:54:17 -0400] "GET /wp-login.php HTTP/1.1" 200 8107 "-" "Mozilla/5.0 (X11; Ubuntu; Linux x86_64; rv:62.0) Gecko/20100101 Firefox/62.0"
159.89.99.68 - - [03/Jul/2021:03:54:17 -0400] "POST /wp-login.php HTTP/1.1" 200 8234 "-" "Mozilla/5.0 (X11; Ubuntu; Linux x86_64; rv:62.0) Gecko/20100101 Firefox/62.0"
159.89.99.68 - - [03/Jul/2021:03:54:18 -0400] "POST /xmlrpc.php HTTP/1.1" 200 5852 "-" "Mozilla/5.0 (X11; Ubuntu; Linux x86_64; rv:62.0) Gecko/20100101 Firefox/62.0"
204.48.19.85 - - [03/Jul/2021:03:57:00 -0400] "POST /wp-cron.php?doing_wp_cron=1625299020.8074710369110107421875 HTTP/1.1" 200 6350 "https://angelsonhighstreet.com/wp-cron.php?doing_wp_cron=1625299020.8074710369110107421875" "WordPress/5.7.2; https://angelsonhighstreet.com"
18.223.108.95 - - [03/Jul/2021:03:57:00 -0400] "GET / HTTP/1.1" 301 5901 "-" "Mozilla/5.0 (Windows NT 10.0; Win64; x64) AppleWebKit/537.36 (KHTML, like Gecko) Chrome/88.0.4324.190 Safari/537.36"
18.223.108.95 - - [03/Jul/2021:03:57:04 -0400] "GET / HTTP/1.1" 200 114389 "-" "Mozilla/5.0 (Windows NT 10.0; Win64; x64) AppleWebKit/537.36 (KHTML, like Gecko) Chrome/88.0.4324.190 Safari/537.36"
204.48.19.85 - - [03/Jul/2021:04:00:00 -0400] "POST /wp-cron.php?doing_wp_cron=1625299200.7499649524688720703125 HTTP/1.1" 200 6350 "https://angelsonhighstreet.com/wp-cron.php?doing_wp_cron=1625299200.7499649524688720703125" "WordPress/5.7.2; https://angelsonhighstreet.com"
54.36.148.235 - - [03/Jul/2021:04:00:00 -0400] "GET /product-category/oils?product_orderby=price&product_order=desc&product_count=32&product_view=grid HTTP/1.1" 200 21250 "-" "Mozilla/5.0 (compatible; AhrefsBot/7.0; +http://ahrefs.com/robot/)"
204.48.19.85 - - [03/Jul/2021:04:03:55 -0400] "POST /wp-cron.php?doing_wp_cron=1625299435.3404600620269775390625 HTTP/1.1" 200 6350 "https://angelsonhighstreet.com/wp-cron.php?doing_wp_cron=1625299435.3404600620269775390625" "WordPress/5.7.2; https://angelsonhighstreet.com"
207.246.114.150 - - [03/Jul/2021:04:03:55 -0400] "POST /wp-login.php HTTP/1.1" 200 8937 "-" "Mozilla/5.0 (Windows NT 6.1; WOW64) AppleWebKit/537.36 (KHTML, like Gecko) Chrome/63.0.3239.132 Safari/537.36"
204.48.19.85 - - [03/Jul/2021:04:04:17 -0400] "POST /wp-cron.php?doing_wp_cron=1625299457.5387430191040039062500 HTTP/1.1" 200 6350 "https://angelsonhighstreet.com/wp-cron.php?doing_wp_cron=1625299457.5387430191040039062500" "WordPress/5.7.2; https://angelsonhighstreet.com"
81.68.68.194 - - [03/Jul/2021:04:04:17 -0400] "GET /wp-login.php HTTP/1.1" 200 8107 "-" "Mozilla/5.0 (X11; Ubuntu; Linux x86_64; rv:62.0) Gecko/20100101 Firefox/62.0"
81.68.68.194 - - [03/Jul/2021:04:04:18 -0400] "POST /wp-login.php HTTP/1.1" 200 8232 "-" "Mozilla/5.0 (X11; Ubuntu; Linux x86_64; rv:62.0) Gecko/20100101 Firefox/62.0"
81.68.68.194 - - [03/Jul/2021:04:04:20 -0400] "GET /wp-login.php HTTP/1.1" 200 8107 "-" "Mozilla/5.0 (X11; Ubuntu; Linux x86_64; rv:62.0) Gecko/20100101 Firefox/62.0"
81.68.68.194 - - [03/Jul/2021:04:04:21 -0400] "POST /wp-login.php HTTP/1.1" 200 8234 "-" "Mozilla/5.0 (X11; Ubuntu; Linux x86_64; rv:62.0) Gecko/20100101 Firefox/62.0"
81.68.68.194 - - [03/Jul/2021:04:04:22 -0400] "POST /xmlrpc.php HTTP/1.1" 200 5852 "-" "Mozilla/5.0 (X11; Ubuntu; Linux x86_64; rv:62.0) Gecko/20100101 Firefox/62.0"
204.48.19.85 - - [03/Jul/2021:04:07:18 -0400] "POST /wp-cron.php?doing_wp_cron=1625299638.1465280055999755859375 HTTP/1.1" 200 6350 "https://angelsonhighstreet.com/wp-cron.php?doing_wp_cron=1625299638.1465280055999755859375" "WordPress/5.7.2; https://angelsonhighstreet.com"
54.36.148.91 - - [03/Jul/2021:04:07:17 -0400] "GET /shop-full-width?product_count=48&product_view=grid&product_orderby=rating&product_order=asc HTTP/1.1" 200 21924 "-" "Mozilla/5.0 (compatible; AhrefsBot/7.0; +http://ahrefs.com/robot/)"
204.48.19.85 - - [03/Jul/2021:04:10:03 -0400] "POST /wp-cron.php?doing_wp_cron=1625299803.7560451030731201171875 HTTP/1.1" 200 6350 "https://angelsonhighstreet.com/wp-cron.php?doing_wp_cron=1625299803.7560451030731201171875" "WordPress/5.7.2; https://angelsonhighstreet.com"
185.178.45.37 - - [03/Jul/2021:04:10:03 -0400] "POST /wp-login.php HTTP/1.1" 200 8935 "-" "Mozilla/5.0 (Windows NT 6.1; WOW64) AppleWebKit/537.36 (KHTML, like Gecko) Chrome/52.0.2743.116 Safari/537.36"
204.48.19.85 - - [03/Jul/2021:04:10:57 -0400] "POST /wp-cron.php?doing_wp_cron=1625299857.9265739917755126953125 HTTP/1.1" 200 6350 "https://angelsonhighstreet.com/wp-cron.php?doing_wp_cron=1625299857.9265739917755126953125" "WordPress/5.7.2; https://angelsonhighstreet.com"
128.199.93.165 - - [03/Jul/2021:04:10:57 -0400] "POST /wp-login.php HTTP/1.1" 200 8935 "-" "Mozilla/5.0 (Windows NT 6.1; Win64; x64) AppleWebKit/537.36 (KHTML, like Gecko) Chrome/81.0.4044.122 Safari/537.36"
204.48.19.85 - - [03/Jul/2021:04:13:53 -0400] "POST /wp-cron.php?doing_wp_cron=1625300033.8425068855285644531250 HTTP/1.1" 200 6350 "https://angelsonhighstreet.com/wp-cron.php?doing_wp_cron=1625300033.8425068855285644531250" "WordPress/5.7.2; https://angelsonhighstreet.com"
82.97.10.156 - - [03/Jul/2021:04:13:53 -0400] "GET /wp-login.php HTTP/1.1" 200 8107 "-" "Mozilla/5.0 (X11; Ubuntu; Linux x86_64; rv:62.0) Gecko/20100101 Firefox/62.0"
82.97.10.156 - - [03/Jul/2021:04:13:54 -0400] "POST /wp-login.php HTTP/1.1" 200 8232 "-" "Mozilla/5.0 (X11; Ubuntu; Linux x86_64; rv:62.0) Gecko/20100101 Firefox/62.0"
82.97.10.156 - - [03/Jul/2021:04:13:55 -0400] "GET /wp-login.php HTTP/1.1" 200 8107 "-" "Mozilla/5.0 (X11; Ubuntu; Linux x86_64; rv:62.0) Gecko/20100101 Firefox/62.0"
82.97.10.156 - - [03/Jul/2021:04:13:56 -0400] "POST /wp-login.php HTTP/1.1" 200 8234 "-" "Mozilla/5.0 (X11; Ubuntu; Linux x86_64; rv:62.0) Gecko/20100101 Firefox/62.0"
204.48.19.85 - - [03/Jul/2021:04:13:57 -0400] "POST /wp-cron.php?doing_wp_cron=1625300037.2296950817108154296875 HTTP/1.1" 200 6350 "https://angelsonhighstreet.com/wp-cron.php?doing_wp_cron=1625300037.2296950817108154296875" "WordPress/5.7.2; https://angelsonhighstreet.com"
82.97.10.156 - - [03/Jul/2021:04:13:57 -0400] "POST /xmlrpc.php HTTP/1.1" 200 5852 "-" "Mozilla/5.0 (X11; Ubuntu; Linux x86_64; rv:62.0) Gecko/20100101 Firefox/62.0"
54.36.148.71 - - [03/Jul/2021:04:14:40 -0400] "GET /shop-full-width?product_count=48&product_view=list&product_orderby=default&product_order=desc HTTP/1.1" 200 22306 "-" "Mozilla/5.0 (compatible; AhrefsBot/7.0; +http://ahrefs.com/robot/)"
204.48.19.85 - - [03/Jul/2021:04:15:51 -0400] "POST /wp-cron.php?doing_wp_cron=1625300151.3795089721679687500000 HTTP/1.1" 200 6350 "https://angelsonhighstreet.com/wp-cron.php?doing_wp_cron=1625300151.3795089721679687500000" "WordPress/5.7.2; https://angelsonhighstreet.com"
185.191.171.20 - - [03/Jul/2021:04:15:51 -0400] "GET /robots.txt HTTP/1.1" 200 6554 "-" "Mozilla/5.0 (compatible; SemrushBot/7~bl; +http://www.semrush.com/bot.html)"
185.191.171.11 - - [03/Jul/2021:04:15:51 -0400] "GET /product-category/salves?product_count=16&product_order=asc&product_orderby=price&product_view=list HTTP/1.1" 200 21351 "-" "Mozilla/5.0 (compatible; SemrushBot/7~bl; +http://www.semrush.com/bot.html)"
204.48.19.85 - - [03/Jul/2021:04:16:37 -0400] "POST /wp-cron.php?doing_wp_cron=1625300197.3995521068572998046875 HTTP/1.1" 200 6350 "https://angelsonhighstreet.com/wp-cron.php?doing_wp_cron=1625300197.3995521068572998046875" "WordPress/5.7.2; https://angelsonhighstreet.com"
124.158.10.21 - - [03/Jul/2021:04:16:37 -0400] "POST /wp-login.php HTTP/1.1" 200 8937 "-" "Mozilla/5.0 (Windows NT 6.3; Win64; x64) AppleWebKit/537.36 (KHTML, like Gecko) Chrome/65.0.3325.181 Safari/537.36"
204.48.19.85 - - [03/Jul/2021:04:21:58 -0400] "POST /wp-cron.php?doing_wp_cron=1625300518.8529260158538818359375 HTTP/1.1" 200 6350 "https://angelsonhighstreet.com/wp-cron.php?doing_wp_cron=1625300518.8529260158538818359375" "WordPress/5.7.2; https://angelsonhighstreet.com"
54.36.148.137 - - [03/Jul/2021:04:21:58 -0400] "GET /cbd-oils HTTP/1.1" 200 21456 "-" "Mozilla/5.0 (compatible; AhrefsBot/7.0; +http://ahrefs.com/robot/)"
204.48.19.85 - - [03/Jul/2021:04:24:15 -0400] "POST /wp-cron.php?doing_wp_cron=1625300655.7720000743865966796875 HTTP/1.1" 200 6350 "https://angelsonhighstreet.com/wp-cron.php?doing_wp_cron=1625300655.7720000743865966796875" "WordPress/5.7.2; https://angelsonhighstreet.com"
51.222.9.32 - - [03/Jul/2021:04:24:15 -0400] "GET /wp-login.php HTTP/1.1" 200 8107 "-" "Mozilla/5.0 (X11; Ubuntu; Linux x86_64; rv:62.0) Gecko/20100101 Firefox/62.0"
51.222.9.32 - - [03/Jul/2021:04:24:16 -0400] "POST /wp-login.php HTTP/1.1" 200 8232 "-" "Mozilla/5.0 (X11; Ubuntu; Linux x86_64; rv:62.0) Gecko/20100101 Firefox/62.0"
51.222.9.32 - - [03/Jul/2021:04:24:17 -0400] "GET /wp-login.php HTTP/1.1" 200 8107 "-" "Mozilla/5.0 (X11; Ubuntu; Linux x86_64; rv:62.0) Gecko/20100101 Firefox/62.0"
51.222.9.32 - - [03/Jul/2021:04:24:17 -0400] "POST /wp-login.php HTTP/1.1" 200 8234 "-" "Mozilla/5.0 (X11; Ubuntu; Linux x86_64; rv:62.0) Gecko/20100101 Firefox/62.0"
51.222.9.32 - - [03/Jul/2021:04:24:17 -0400] "POST /xmlrpc.php HTTP/1.1" 200 5852 "-" "Mozilla/5.0 (X11; Ubuntu; Linux x86_64; rv:62.0) Gecko/20100101 Firefox/62.0"
204.48.19.85 - - [03/Jul/2021:04:29:18 -0400] "POST /wp-cron.php?doing_wp_cron=1625300958.4216380119323730468750 HTTP/1.1" 200 6350 "https://angelsonhighstreet.com/wp-cron.php?doing_wp_cron=1625300958.4216380119323730468750" "WordPress/5.7.2; https://angelsonhighstreet.com"
54.36.149.56 - - [03/Jul/2021:04:29:18 -0400] "GET /author/admin HTTP/1.1" 200 22163 "-" "Mozilla/5.0 (compatible; AhrefsBot/7.0; +http://ahrefs.com/robot/)"
204.48.19.85 - - [03/Jul/2021:04:34:48 -0400] "POST /wp-cron.php?doing_wp_cron=1625301288.3793599605560302734375 HTTP/1.1" 200 6350 "https://angelsonhighstreet.com/wp-cron.php?doing_wp_cron=1625301288.3793599605560302734375" "WordPress/5.7.2; https://angelsonhighstreet.com"
104.198.172.68 - - [03/Jul/2021:04:34:48 -0400] "GET /wp-login.php HTTP/1.1" 200 8107 "-" "Mozilla/5.0 (X11; Ubuntu; Linux x86_64; rv:62.0) Gecko/20100101 Firefox/62.0"
104.198.172.68 - - [03/Jul/2021:04:34:48 -0400] "POST /wp-login.php HTTP/1.1" 200 8232 "-" "Mozilla/5.0 (X11; Ubuntu; Linux x86_64; rv:62.0) Gecko/20100101 Firefox/62.0"
104.198.172.68 - - [03/Jul/2021:04:34:49 -0400] "GET /wp-login.php HTTP/1.1" 200 8107 "-" "Mozilla/5.0 (X11; Ubuntu; Linux x86_64; rv:62.0) Gecko/20100101 Firefox/62.0"
104.198.172.68 - - [03/Jul/2021:04:34:49 -0400] "POST /wp-login.php HTTP/1.1" 200 8234 "-" "Mozilla/5.0 (X11; Ubuntu; Linux x86_64; rv:62.0) Gecko/20100101 Firefox/62.0"
104.198.172.68 - - [03/Jul/2021:04:34:49 -0400] "POST /xmlrpc.php HTTP/1.1" 200 5852 "-" "Mozilla/5.0 (X11; Ubuntu; Linux x86_64; rv:62.0) Gecko/20100101 Firefox/62.0"
204.48.19.85 - - [03/Jul/2021:04:36:04 -0400] "POST /wp-cron.php?doing_wp_cron=1625301364.2816040515899658203125 HTTP/1.1" 200 6350 "https://angelsonhighstreet.com/wp-cron.php?doing_wp_cron=1625301364.2816040515899658203125" "WordPress/5.7.2; https://angelsonhighstreet.com"
54.36.148.185 - - [03/Jul/2021:04:36:03 -0400] "GET /shop-full-width?product_orderby=popularity&product_count=48&product_view=list&product_order=asc HTTP/1.1" 200 22335 "-" "Mozilla/5.0 (compatible; AhrefsBot/7.0; +http://ahrefs.com/robot/)"
204.48.19.85 - - [03/Jul/2021:04:43:05 -0400] "POST /wp-cron.php?doing_wp_cron=1625301785.3747749328613281250000 HTTP/1.1" 200 6350 "https://angelsonhighstreet.com/wp-cron.php?doing_wp_cron=1625301785.3747749328613281250000" "WordPress/5.7.2; https://angelsonhighstreet.com"
54.36.148.13 - - [03/Jul/2021:04:43:05 -0400] "GET /shop-full-width?product_orderby=name&product_count=32&product_view=grid&product_order=desc HTTP/1.1" 200 21934 "-" "Mozilla/5.0 (compatible; AhrefsBot/7.0; +http://ahrefs.com/robot/)"
204.48.19.85 - - [03/Jul/2021:04:45:48 -0400] "POST /wp-cron.php?doing_wp_cron=1625301948.4858660697937011718750 HTTP/1.1" 200 6350 "https://angelsonhighstreet.com/wp-cron.php?doing_wp_cron=1625301948.4858660697937011718750" "WordPress/5.7.2; https://angelsonhighstreet.com"
13.67.49.60 - - [03/Jul/2021:04:45:48 -0400] "GET /wp-login.php HTTP/1.1" 200 8107 "-" "Mozilla/5.0 (X11; Ubuntu; Linux x86_64; rv:62.0) Gecko/20100101 Firefox/62.0"
13.67.49.60 - - [03/Jul/2021:04:45:49 -0400] "POST /wp-login.php HTTP/1.1" 200 8232 "-" "Mozilla/5.0 (X11; Ubuntu; Linux x86_64; rv:62.0) Gecko/20100101 Firefox/62.0"
13.67.49.60 - - [03/Jul/2021:04:45:51 -0400] "GET /wp-login.php HTTP/1.1" 200 8107 "-" "Mozilla/5.0 (X11; Ubuntu; Linux x86_64; rv:62.0) Gecko/20100101 Firefox/62.0"
13.67.49.60 - - [03/Jul/2021:04:45:52 -0400] "POST /wp-login.php HTTP/1.1" 200 8234 "-" "Mozilla/5.0 (X11; Ubuntu; Linux x86_64; rv:62.0) Gecko/20100101 Firefox/62.0"
13.67.49.60 - - [03/Jul/2021:04:45:53 -0400] "POST /xmlrpc.php HTTP/1.1" 200 5852 "-" "Mozilla/5.0 (X11; Ubuntu; Linux x86_64; rv:62.0) Gecko/20100101 Firefox/62.0"
204.48.19.85 - - [03/Jul/2021:04:49:50 -0400] "POST /wp-cron.php?doing_wp_cron=1625302190.5449969768524169921875 HTTP/1.1" 200 6350 "https://angelsonhighstreet.com/wp-cron.php?doing_wp_cron=1625302190.5449969768524169921875" "WordPress/5.7.2; https://angelsonhighstreet.com"
54.36.149.64 - - [03/Jul/2021:04:49:50 -0400] "GET /shop-full-width?product_orderby=default&product_view=grid&product_count=16&product_order=asc HTTP/1.1" 200 21951 "-" "Mozilla/5.0 (compatible; AhrefsBot/7.0; +http://ahrefs.com/robot/)"
204.48.19.85 - - [03/Jul/2021:04:56:36 -0400] "POST /wp-cron.php?doing_wp_cron=1625302596.9853069782257080078125 HTTP/1.1" 200 6350 "https://angelsonhighstreet.com/wp-cron.php?doing_wp_cron=1625302596.9853069782257080078125" "WordPress/5.7.2; https://angelsonhighstreet.com"
165.22.35.21 - - [03/Jul/2021:04:56:36 -0400] "GET /wp-login.php HTTP/1.1" 200 8107 "-" "Mozilla/5.0 (X11; Ubuntu; Linux x86_64; rv:62.0) Gecko/20100101 Firefox/62.0"
165.22.35.21 - - [03/Jul/2021:04:56:37 -0400] "POST /wp-login.php HTTP/1.1" 200 8232 "-" "Mozilla/5.0 (X11; Ubuntu; Linux x86_64; rv:62.0) Gecko/20100101 Firefox/62.0"
165.22.35.21 - - [03/Jul/2021:04:56:38 -0400] "GET /wp-login.php HTTP/1.1" 200 8107 "-" "Mozilla/5.0 (X11; Ubuntu; Linux x86_64; rv:62.0) Gecko/20100101 Firefox/62.0"
165.22.35.21 - - [03/Jul/2021:04:56:38 -0400] "POST /wp-login.php HTTP/1.1" 200 8234 "-" "Mozilla/5.0 (X11; Ubuntu; Linux x86_64; rv:62.0) Gecko/20100101 Firefox/62.0"
165.22.35.21 - - [03/Jul/2021:04:56:38 -0400] "POST /xmlrpc.php HTTP/1.1" 200 5852 "-" "Mozilla/5.0 (X11; Ubuntu; Linux x86_64; rv:62.0) Gecko/20100101 Firefox/62.0"
54.36.148.175 - - [03/Jul/2021:04:56:42 -0400] "GET /shop-full-width?product_orderby=name&product_count=48&product_view=grid&product_order=asc HTTP/1.1" 200 21957 "-" "Mozilla/5.0 (compatible; AhrefsBot/7.0; +http://ahrefs.com/robot/)"
204.48.19.85 - - [03/Jul/2021:04:58:41 -0400] "POST /wp-cron.php?doing_wp_cron=1625302721.5885519981384277343750 HTTP/1.1" 200 6350 "https://angelsonhighstreet.com/wp-cron.php?doing_wp_cron=1625302721.5885519981384277343750" "WordPress/5.7.2; https://angelsonhighstreet.com"
207.46.13.106 - - [03/Jul/2021:04:58:41 -0400] "GET /wp-sitemap-posts-page-1.xml HTTP/1.1" 200 6266 "-" "Mozilla/5.0 (compatible; bingbot/2.0; +http://www.bing.com/bingbot.htm)"
204.48.19.85 - - [03/Jul/2021:04:59:43 -0400] "POST /wp-cron.php?doing_wp_cron=1625302783.9534049034118652343750 HTTP/1.1" 200 6350 "https://angelsonhighstreet.com/wp-cron.php?doing_wp_cron=1625302783.9534049034118652343750" "WordPress/5.7.2; https://angelsonhighstreet.com"
173.236.152.148 - - [03/Jul/2021:04:59:43 -0400] "POST /wp-login.php HTTP/1.1" 200 8935 "-" "Mozilla/5.0 (Windows NT 6.3; Win64; x64) AppleWebKit/537.36 (KHTML, like Gecko) Chrome/77.0.3865.90 Safari/537.36"
204.48.19.85 - - [03/Jul/2021:05:03:38 -0400] "POST /wp-cron.php?doing_wp_cron=1625303018.1953790187835693359375 HTTP/1.1" 200 6350 "https://angelsonhighstreet.com/wp-cron.php?doing_wp_cron=1625303018.1953790187835693359375" "WordPress/5.7.2; https://angelsonhighstreet.com"
54.36.148.10 - - [03/Jul/2021:05:03:37 -0400] "GET /shop-full-width?product_orderby=price&product_view=grid&product_count=16&product_order=desc HTTP/1.1" 200 21952 "-" "Mozilla/5.0 (compatible; AhrefsBot/7.0; +http://ahrefs.com/robot/)"
204.48.19.85 - - [03/Jul/2021:05:07:00 -0400] "POST /wp-cron.php?doing_wp_cron=1625303220.0436689853668212890625 HTTP/1.1" 200 6350 "https://angelsonhighstreet.com/wp-cron.php?doing_wp_cron=1625303220.0436689853668212890625" "WordPress/5.7.2; https://angelsonhighstreet.com"
192.241.174.114 - - [03/Jul/2021:05:06:59 -0400] "GET /wp-login.php HTTP/1.1" 200 8107 "-" "Mozilla/5.0 (X11; Ubuntu; Linux x86_64; rv:62.0) Gecko/20100101 Firefox/62.0"
192.241.174.114 - - [03/Jul/2021:05:07:25 -0400] "POST /wp-login.php HTTP/1.1" 200 8230 "-" "Mozilla/5.0 (X11; Ubuntu; Linux x86_64; rv:62.0) Gecko/20100101 Firefox/62.0"
204.48.19.85 - - [03/Jul/2021:05:10:25 -0400] "POST /wp-cron.php?doing_wp_cron=1625303425.4279110431671142578125 HTTP/1.1" 200 6350 "https://angelsonhighstreet.com/wp-cron.php?doing_wp_cron=1625303425.4279110431671142578125" "WordPress/5.7.2; https://angelsonhighstreet.com"
54.36.148.24 - - [03/Jul/2021:05:10:25 -0400] "GET /product-category/salves?product_order=desc&product_orderby=price&product_count=48&product_view=list HTTP/1.1" 200 21380 "-" "Mozilla/5.0 (compatible; AhrefsBot/7.0; +http://ahrefs.com/robot/)"
204.48.19.85 - - [03/Jul/2021:05:16:00 -0400] "GET / HTTP/1.1" 200 26135 "https://angelsonhighstreet.com/" "WordPress/5.7.2; https://angelsonhighstreet.com"
204.48.19.85 - - [03/Jul/2021:05:16:00 -0400] "POST /wp-cron.php?doing_wp_cron=1625303760.1345939636230468750000 HTTP/1.1" 200 6350 "https://angelsonhighstreet.com/wp-cron.php?doing_wp_cron=1625303760.1345939636230468750000" "WordPress/5.7.2; https://angelsonhighstreet.com"
111.231.107.30 - - [03/Jul/2021:05:15:59 -0400] "POST /wp-login.php HTTP/1.1" 200 8935 "-" "Mozilla/5.0 (Windows NT 6.1) AppleWebKit/537.36 (KHTML, like Gecko) Chrome/63.0.3239.84 Safari/537.36"
204.48.19.85 - - [03/Jul/2021:05:17:11 -0400] "POST /wp-cron.php?doing_wp_cron=1625303831.6424589157104492187500 HTTP/1.1" 200 6350 "https://angelsonhighstreet.com/wp-cron.php?doing_wp_cron=1625303831.6424589157104492187500" "WordPress/5.7.2; https://angelsonhighstreet.com"
54.36.148.26 - - [03/Jul/2021:05:17:11 -0400] "GET /shop-full-width?product_orderby=price&product_view=grid&product_count=48&product_order=desc HTTP/1.1" 200 21936 "-" "Mozilla/5.0 (compatible; AhrefsBot/7.0; +http://ahrefs.com/robot/)"
35.237.150.202 - - [03/Jul/2021:05:17:33 -0400] "GET /robots.txt HTTP/1.0" 200 5857 "-" "ZoominfoBot (zoominfobot at zoominfo dot com)"
35.237.150.202 - - [03/Jul/2021:05:17:33 -0400] "GET /comments/feed HTTP/1.0" 200 3584 "-" "ZoominfoBot (zoominfobot at zoominfo dot com)"
204.48.19.85 - - [03/Jul/2021:05:19:08 -0400] "POST /wp-cron.php?doing_wp_cron=1625303948.7799069881439208984375 HTTP/1.1" 200 6350 "https://angelsonhighstreet.com/wp-cron.php?doing_wp_cron=1625303948.7799069881439208984375" "WordPress/5.7.2; https://angelsonhighstreet.com"
132.148.68.80 - - [03/Jul/2021:05:19:08 -0400] "GET /wp-login.php HTTP/1.1" 200 8107 "-" "Mozilla/5.0 (X11; Ubuntu; Linux x86_64; rv:62.0) Gecko/20100101 Firefox/62.0"
132.148.68.80 - - [03/Jul/2021:05:19:09 -0400] "POST /wp-login.php HTTP/1.1" 200 8232 "-" "Mozilla/5.0 (X11; Ubuntu; Linux x86_64; rv:62.0) Gecko/20100101 Firefox/62.0"
132.148.68.80 - - [03/Jul/2021:05:19:15 -0400] "GET /wp-login.php HTTP/1.1" 200 8107 "-" "Mozilla/5.0 (X11; Ubuntu; Linux x86_64; rv:62.0) Gecko/20100101 Firefox/62.0"
132.148.68.80 - - [03/Jul/2021:05:19:16 -0400] "POST /wp-login.php HTTP/1.1" 200 8234 "-" "Mozilla/5.0 (X11; Ubuntu; Linux x86_64; rv:62.0) Gecko/20100101 Firefox/62.0"
132.148.68.80 - - [03/Jul/2021:05:19:17 -0400] "POST /xmlrpc.php HTTP/1.1" 200 5852 "-" "Mozilla/5.0 (X11; Ubuntu; Linux x86_64; rv:62.0) Gecko/20100101 Firefox/62.0"
204.48.19.85 - - [03/Jul/2021:05:20:16 -0400] "POST /wp-cron.php?doing_wp_cron=1625304016.3818099498748779296875 HTTP/1.1" 200 6350 "https://angelsonhighstreet.com/wp-cron.php?doing_wp_cron=1625304016.3818099498748779296875" "WordPress/5.7.2; https://angelsonhighstreet.com"
35.237.150.202 - - [03/Jul/2021:05:20:16 -0400] "GET /shop/cbg-salve-with-hawiian-haze-terpenes HTTP/1.0" 200 25586 "-" "ZoominfoBot (zoominfobot at zoominfo dot com)"
204.48.19.85 - - [03/Jul/2021:05:21:31 -0400] "POST /wp-cron.php?doing_wp_cron=1625304091.5256860256195068359375 HTTP/1.1" 200 6350 "https://angelsonhighstreet.com/wp-cron.php?doing_wp_cron=1625304091.5256860256195068359375" "WordPress/5.7.2; https://angelsonhighstreet.com"
185.2.5.47 - - [03/Jul/2021:05:21:31 -0400] "POST /wp-login.php HTTP/1.1" 200 8937 "-" "Mozilla/5.0 (Windows NT 10.0; Win64; x64) AppleWebKit/537.36 (KHTML, like Gecko) Chrome/64.0.3282.140 Safari/537.36"
204.48.19.85 - - [03/Jul/2021:05:24:06 -0400] "POST /wp-cron.php?doing_wp_cron=1625304246.0576870441436767578125 HTTP/1.1" 200 6350 "https://angelsonhighstreet.com/wp-cron.php?doing_wp_cron=1625304246.0576870441436767578125" "WordPress/5.7.2; https://angelsonhighstreet.com"
54.36.149.19 - - [03/Jul/2021:05:24:05 -0400] "GET /shop-full-width?product_orderby=name&product_view=grid&product_count=32&product_order=asc HTTP/1.1" 200 21931 "-" "Mozilla/5.0 (compatible; AhrefsBot/7.0; +http://ahrefs.com/robot/)"
35.237.150.202 - - [03/Jul/2021:05:24:38 -0400] "GET /xmlrpc.php?rsd HTTP/1.0" 200 5939 "-" "ZoominfoBot (zoominfobot at zoominfo dot com)"
204.48.19.85 - - [03/Jul/2021:05:25:03 -0400] "POST /wp-cron.php?doing_wp_cron=1625304303.4018959999084472656250 HTTP/1.1" 200 6350 "https://angelsonhighstreet.com/wp-cron.php?doing_wp_cron=1625304303.4018959999084472656250" "WordPress/5.7.2; https://angelsonhighstreet.com"
35.237.150.202 - - [03/Jul/2021:05:25:03 -0400] "GET /cbd-oils HTTP/1.0" 200 20726 "-" "ZoominfoBot (zoominfobot at zoominfo dot com)"
204.48.19.85 - - [03/Jul/2021:05:25:58 -0400] "POST /wp-cron.php?doing_wp_cron=1625304358.9012699127197265625000 HTTP/1.1" 200 6350 "https://angelsonhighstreet.com/wp-cron.php?doing_wp_cron=1625304358.9012699127197265625000" "WordPress/5.7.2; https://angelsonhighstreet.com"
35.226.194.118 - - [03/Jul/2021:05:25:58 -0400] "POST /wp-login.php HTTP/1.1" 200 8937 "-" "Mozilla/5.0 (Windows NT 6.3; Win64; x64) AppleWebKit/537.36 (KHTML, like Gecko) Chrome/65.0.3325.181 Safari/537.36"
204.48.19.85 - - [03/Jul/2021:05:29:29 -0400] "POST /wp-cron.php?doing_wp_cron=1625304569.8042519092559814453125 HTTP/1.1" 200 6350 "https://angelsonhighstreet.com/wp-cron.php?doing_wp_cron=1625304569.8042519092559814453125" "WordPress/5.7.2; https://angelsonhighstreet.com"
62.210.185.4 - - [03/Jul/2021:05:29:29 -0400] "GET /wp-login.php HTTP/1.1" 200 8107 "-" "Mozilla/5.0 (X11; Ubuntu; Linux x86_64; rv:62.0) Gecko/20100101 Firefox/62.0"
62.210.185.4 - - [03/Jul/2021:05:29:30 -0400] "POST /wp-login.php HTTP/1.1" 200 8232 "-" "Mozilla/5.0 (X11; Ubuntu; Linux x86_64; rv:62.0) Gecko/20100101 Firefox/62.0"
62.210.185.4 - - [03/Jul/2021:05:29:31 -0400] "GET /wp-login.php HTTP/1.1" 200 8107 "-" "Mozilla/5.0 (X11; Ubuntu; Linux x86_64; rv:62.0) Gecko/20100101 Firefox/62.0"
62.210.185.4 - - [03/Jul/2021:05:29:31 -0400] "POST /wp-login.php HTTP/1.1" 200 8234 "-" "Mozilla/5.0 (X11; Ubuntu; Linux x86_64; rv:62.0) Gecko/20100101 Firefox/62.0"
62.210.185.4 - - [03/Jul/2021:05:29:32 -0400] "POST /xmlrpc.php HTTP/1.1" 200 5852 "-" "Mozilla/5.0 (X11; Ubuntu; Linux x86_64; rv:62.0) Gecko/20100101 Firefox/62.0"
204.48.19.85 - - [03/Jul/2021:05:30:54 -0400] "POST /wp-cron.php?doing_wp_cron=1625304654.7875959873199462890625 HTTP/1.1" 200 6350 "https://angelsonhighstreet.com/wp-cron.php?doing_wp_cron=1625304654.7875959873199462890625" "WordPress/5.7.2; https://angelsonhighstreet.com"
54.36.148.98 - - [03/Jul/2021:05:30:54 -0400] "GET /shop-full-width?product_orderby=rating&product_count=16&product_view=list&product_order=asc HTTP/1.1" 200 22300 "-" "Mozilla/5.0 (compatible; AhrefsBot/7.0; +http://ahrefs.com/robot/)"
81.88.52.114 - - [03/Jul/2021:05:30:56 -0400] "POST /wp-login.php HTTP/1.1" 200 8935 "-" "Mozilla/5.0 (Windows NT 6.1; Win64; x64) AppleWebKit/537.36 (KHTML, like Gecko) Chrome/67.0.3396.87 Safari/537.36"
204.48.19.85 - - [03/Jul/2021:05:32:11 -0400] "POST /wp-cron.php?doing_wp_cron=1625304731.7547578811645507812500 HTTP/1.1" 200 6350 "https://angelsonhighstreet.com/wp-cron.php?doing_wp_cron=1625304731.7547578811645507812500" "WordPress/5.7.2; https://angelsonhighstreet.com"
35.237.150.202 - - [03/Jul/2021:05:32:11 -0400] "GET /shop/700mg-15ml-cbd-oil HTTP/1.0" 200 24316 "-" "ZoominfoBot (zoominfobot at zoominfo dot com)"
204.48.19.85 - - [03/Jul/2021:05:33:19 -0400] "POST /wp-cron.php?doing_wp_cron=1625304799.6224110126495361328125 HTTP/1.1" 200 6350 "https://angelsonhighstreet.com/wp-cron.php?doing_wp_cron=1625304799.6224110126495361328125" "WordPress/5.7.2; https://angelsonhighstreet.com"
35.237.150.202 - - [03/Jul/2021:05:33:19 -0400] "GET /author/admin HTTP/1.0" 200 21437 "-" "ZoominfoBot (zoominfobot at zoominfo dot com)"
204.48.19.85 - - [03/Jul/2021:05:37:44 -0400] "POST /wp-cron.php?doing_wp_cron=1625305064.9448509216308593750000 HTTP/1.1" 200 6350 "https://angelsonhighstreet.com/wp-cron.php?doing_wp_cron=1625305064.9448509216308593750000" "WordPress/5.7.2; https://angelsonhighstreet.com"
54.36.148.3 - - [03/Jul/2021:05:37:44 -0400] "GET /shop-full-width?product_orderby=popularity&product_count=16&product_view=list&product_order=desc HTTP/1.1" 200 22333 "-" "Mozilla/5.0 (compatible; AhrefsBot/7.0; +http://ahrefs.com/robot/)"
204.48.19.85 - - [03/Jul/2021:05:38:08 -0400] "POST /wp-cron.php?doing_wp_cron=1625305088.0751020908355712890625 HTTP/1.1" 200 6350 "https://angelsonhighstreet.com/wp-cron.php?doing_wp_cron=1625305088.0751020908355712890625" "WordPress/5.7.2; https://angelsonhighstreet.com"
35.237.150.202 - - [03/Jul/2021:05:38:07 -0400] "GET /shop/2130mg-30ml-whole-plant-cbg-extract-oil HTTP/1.0" 200 25785 "-" "ZoominfoBot (zoominfobot at zoominfo dot com)"
35.237.150.202 - - [03/Jul/2021:05:38:53 -0400] "GET /apparel HTTP/1.0" 200 19948 "-" "ZoominfoBot (zoominfobot at zoominfo dot com)"
204.48.19.85 - - [03/Jul/2021:05:39:55 -0400] "POST /wp-cron.php?doing_wp_cron=1625305195.1387460231781005859375 HTTP/1.1" 200 6350 "https://angelsonhighstreet.com/wp-cron.php?doing_wp_cron=1625305195.1387460231781005859375" "WordPress/5.7.2; https://angelsonhighstreet.com"
51.75.195.168 - - [03/Jul/2021:05:39:54 -0400] "GET /wp-login.php HTTP/1.1" 200 8107 "-" "Mozilla/5.0 (X11; Ubuntu; Linux x86_64; rv:62.0) Gecko/20100101 Firefox/62.0"
51.75.195.168 - - [03/Jul/2021:05:39:55 -0400] "POST /wp-login.php HTTP/1.1" 200 8232 "-" "Mozilla/5.0 (X11; Ubuntu; Linux x86_64; rv:62.0) Gecko/20100101 Firefox/62.0"
51.75.195.168 - - [03/Jul/2021:05:39:56 -0400] "GET /wp-login.php HTTP/1.1" 200 8107 "-" "Mozilla/5.0 (X11; Ubuntu; Linux x86_64; rv:62.0) Gecko/20100101 Firefox/62.0"
204.48.19.85 - - [03/Jul/2021:05:39:57 -0400] "POST /wp-cron.php?doing_wp_cron=1625305197.4008669853210449218750 HTTP/1.1" 200 6350 "https://angelsonhighstreet.com/wp-cron.php?doing_wp_cron=1625305197.4008669853210449218750" "WordPress/5.7.2; https://angelsonhighstreet.com"
51.75.195.168 - - [03/Jul/2021:05:39:57 -0400] "POST /wp-login.php HTTP/1.1" 200 8234 "-" "Mozilla/5.0 (X11; Ubuntu; Linux x86_64; rv:62.0) Gecko/20100101 Firefox/62.0"
51.75.195.168 - - [03/Jul/2021:05:39:58 -0400] "POST /xmlrpc.php HTTP/1.1" 200 5852 "-" "Mozilla/5.0 (X11; Ubuntu; Linux x86_64; rv:62.0) Gecko/20100101 Firefox/62.0"
204.48.19.85 - - [03/Jul/2021:05:42:11 -0400] "POST /wp-cron.php?doing_wp_cron=1625305331.1973590850830078125000 HTTP/1.1" 200 6350 "https://angelsonhighstreet.com/wp-cron.php?doing_wp_cron=1625305331.1973590850830078125000" "WordPress/5.7.2; https://angelsonhighstreet.com"
185.191.171.40 - - [03/Jul/2021:05:42:10 -0400] "GET /robots.txt HTTP/1.1" 200 6554 "-" "Mozilla/5.0 (compatible; SemrushBot/7~bl; +http://www.semrush.com/bot.html)"
185.191.171.42 - - [03/Jul/2021:05:42:11 -0400] "GET /product-category/oils?product_count=48&product_order=asc&product_orderby=rating&product_view=grid HTTP/1.1" 200 21233 "-" "Mozilla/5.0 (compatible; SemrushBot/7~bl; +http://www.semrush.com/bot.html)"
204.48.19.85 - - [03/Jul/2021:05:44:36 -0400] "POST /wp-cron.php?doing_wp_cron=1625305476.8063609600067138671875 HTTP/1.1" 200 6350 "https://angelsonhighstreet.com/wp-cron.php?doing_wp_cron=1625305476.8063609600067138671875" "WordPress/5.7.2; https://angelsonhighstreet.com"
54.36.148.242 - - [03/Jul/2021:05:44:36 -0400] "GET /shop-full-width?product_orderby=rating&product_view=grid&product_count=48&product_order=asc HTTP/1.1" 200 21957 "-" "Mozilla/5.0 (compatible; AhrefsBot/7.0; +http://ahrefs.com/robot/)"
204.48.19.85 - - [03/Jul/2021:05:46:29 -0400] "POST /wp-cron.php?doing_wp_cron=1625305589.3210160732269287109375 HTTP/1.1" 200 6350 "https://angelsonhighstreet.com/wp-cron.php?doing_wp_cron=1625305589.3210160732269287109375" "WordPress/5.7.2; https://angelsonhighstreet.com"
35.237.150.202 - - [03/Jul/2021:05:46:29 -0400] "GET /shop/cbg-salve-with-special-sauce-terpenes HTTP/1.0" 200 26883 "-" "ZoominfoBot (zoominfobot at zoominfo dot com)"
204.48.19.85 - - [03/Jul/2021:05:49:38 -0400] "POST /wp-cron.php?doing_wp_cron=1625305778.3092350959777832031250 HTTP/1.1" 200 6350 "https://angelsonhighstreet.com/wp-cron.php?doing_wp_cron=1625305778.3092350959777832031250" "WordPress/5.7.2; https://angelsonhighstreet.com"
35.237.150.202 - - [03/Jul/2021:05:49:38 -0400] "GET /shop/holy-grail-cbd-healing-salve-1-oz HTTP/1.0" 200 27641 "-" "ZoominfoBot (zoominfobot at zoominfo dot com)"
204.48.19.85 - - [03/Jul/2021:05:50:50 -0400] "POST /wp-cron.php?doing_wp_cron=1625305850.2456660270690917968750 HTTP/1.1" 200 6350 "https://angelsonhighstreet.com/wp-cron.php?doing_wp_cron=1625305850.2456660270690917968750" "WordPress/5.7.2; https://angelsonhighstreet.com"
195.161.114.231 - - [03/Jul/2021:05:50:50 -0400] "GET /wp-login.php HTTP/1.1" 200 8107 "-" "Mozilla/5.0 (X11; Ubuntu; Linux x86_64; rv:62.0) Gecko/20100101 Firefox/62.0"
195.161.114.231 - - [03/Jul/2021:05:50:51 -0400] "POST /wp-login.php HTTP/1.1" 200 8232 "-" "Mozilla/5.0 (X11; Ubuntu; Linux x86_64; rv:62.0) Gecko/20100101 Firefox/62.0"
195.161.114.231 - - [03/Jul/2021:05:50:53 -0400] "GET /wp-login.php HTTP/1.1" 200 8107 "-" "Mozilla/5.0 (X11; Ubuntu; Linux x86_64; rv:62.0) Gecko/20100101 Firefox/62.0"
195.161.114.231 - - [03/Jul/2021:05:50:54 -0400] "POST /wp-login.php HTTP/1.1" 200 8211 "-" "Mozilla/5.0 (X11; Ubuntu; Linux x86_64; rv:62.0) Gecko/20100101 Firefox/62.0"
204.48.19.85 - - [03/Jul/2021:05:50:57 -0400] "POST /wp-cron.php?doing_wp_cron=1625305857.1074800491333007812500 HTTP/1.1" 200 6350 "https://angelsonhighstreet.com/wp-cron.php?doing_wp_cron=1625305857.1074800491333007812500" "WordPress/5.7.2; https://angelsonhighstreet.com"
195.161.114.231 - - [03/Jul/2021:05:50:56 -0400] "POST /xmlrpc.php HTTP/1.1" 200 5852 "-" "Mozilla/5.0 (X11; Ubuntu; Linux x86_64; rv:62.0) Gecko/20100101 Firefox/62.0"
54.36.148.29 - - [03/Jul/2021:05:51:37 -0400] "GET /shop-full-width?product_orderby=popularity&product_count=32&product_view=list&product_order=desc HTTP/1.1" 200 22337 "-" "Mozilla/5.0 (compatible; AhrefsBot/7.0; +http://ahrefs.com/robot/)"
204.48.19.85 - - [03/Jul/2021:05:58:22 -0400] "POST /wp-cron.php?doing_wp_cron=1625306302.7671849727630615234375 HTTP/1.1" 200 6350 "https://angelsonhighstreet.com/wp-cron.php?doing_wp_cron=1625306302.7671849727630615234375" "WordPress/5.7.2; https://angelsonhighstreet.com"
35.237.150.202 - - [03/Jul/2021:05:58:22 -0400] "GET /contact-us HTTP/1.0" 200 20491 "-" "ZoominfoBot (zoominfobot at zoominfo dot com)"
54.36.148.198 - - [03/Jul/2021:05:58:28 -0400] "GET /product-category/salves?product_order=desc&product_orderby=rating&product_count=16&product_view=grid HTTP/1.1" 200 21490 "-" "Mozilla/5.0 (compatible; AhrefsBot/7.0; +http://ahrefs.com/robot/)"
204.48.19.85 - - [03/Jul/2021:06:00:38 -0400] "POST /wp-cron.php?doing_wp_cron=1625306438.8600420951843261718750 HTTP/1.1" 200 6350 "https://angelsonhighstreet.com/wp-cron.php?doing_wp_cron=1625306438.8600420951843261718750" "WordPress/5.7.2; https://angelsonhighstreet.com"
35.237.150.202 - - [03/Jul/2021:06:00:38 -0400] "GET /cbd-salves HTTP/1.0" 200 20893 "-" "ZoominfoBot (zoominfobot at zoominfo dot com)"
204.48.19.85 - - [03/Jul/2021:06:02:26 -0400] "POST /wp-cron.php?doing_wp_cron=1625306546.3988380432128906250000 HTTP/1.1" 200 6350 "https://angelsonhighstreet.com/wp-cron.php?doing_wp_cron=1625306546.3988380432128906250000" "WordPress/5.7.2; https://angelsonhighstreet.com"
40.77.167.52 - - [03/Jul/2021:06:02:26 -0400] "GET /robots.txt HTTP/1.1" 200 6116 "-" "Mozilla/5.0 (compatible; bingbot/2.0; +http://www.bing.com/bingbot.htm)"
157.55.39.124 - - [03/Jul/2021:06:02:35 -0400] "GET /about-us HTTP/1.1" 200 21214 "-" "Mozilla/5.0 (compatible; bingbot/2.0; +http://www.bing.com/bingbot.htm)"
204.48.19.85 - - [03/Jul/2021:06:04:18 -0400] "POST /wp-cron.php?doing_wp_cron=1625306658.7592840194702148437500 HTTP/1.1" 200 6350 "https://angelsonhighstreet.com/wp-cron.php?doing_wp_cron=1625306658.7592840194702148437500" "WordPress/5.7.2; https://angelsonhighstreet.com"
185.191.171.25 - - [03/Jul/2021:06:04:18 -0400] "GET /product-category/oils?product_orderby=rating&product_view=list HTTP/1.1" 200 21494 "-" "Mozilla/5.0 (compatible; SemrushBot/7~bl; +http://www.semrush.com/bot.html)"
54.36.149.3 - - [03/Jul/2021:06:04:47 -0400] "GET /shop-full-width?product_orderby=popularity&product_count=48&product_view=grid&product_order=desc HTTP/1.1" 200 22000 "-" "Mozilla/5.0 (compatible; AhrefsBot/7.0; +http://ahrefs.com/robot/)"
204.48.19.85 - - [03/Jul/2021:06:06:20 -0400] "POST /wp-cron.php?doing_wp_cron=1625306780.8843920230865478515625 HTTP/1.1" 200 6350 "https://angelsonhighstreet.com/wp-cron.php?doing_wp_cron=1625306780.8843920230865478515625" "WordPress/5.7.2; https://angelsonhighstreet.com"
173.236.170.203 - - [03/Jul/2021:06:06:20 -0400] "GET /wp-login.php HTTP/1.1" 200 8107 "-" "Mozilla/5.0 (X11; Ubuntu; Linux x86_64; rv:62.0) Gecko/20100101 Firefox/62.0"
173.236.170.203 - - [03/Jul/2021:06:06:21 -0400] "POST /wp-login.php HTTP/1.1" 200 8232 "-" "Mozilla/5.0 (X11; Ubuntu; Linux x86_64; rv:62.0) Gecko/20100101 Firefox/62.0"
173.236.170.203 - - [03/Jul/2021:06:06:21 -0400] "GET /wp-login.php HTTP/1.1" 200 8107 "-" "Mozilla/5.0 (X11; Ubuntu; Linux x86_64; rv:62.0) Gecko/20100101 Firefox/62.0"
173.236.170.203 - - [03/Jul/2021:06:06:21 -0400] "POST /wp-login.php HTTP/1.1" 200 8211 "-" "Mozilla/5.0 (X11; Ubuntu; Linux x86_64; rv:62.0) Gecko/20100101 Firefox/62.0"
173.236.170.203 - - [03/Jul/2021:06:06:22 -0400] "POST /xmlrpc.php HTTP/1.1" 200 5852 "-" "Mozilla/5.0 (X11; Ubuntu; Linux x86_64; rv:62.0) Gecko/20100101 Firefox/62.0"
54.150.241.24 - - [03/Jul/2021:06:06:55 -0400] "POST /wp-login.php HTTP/1.1" 200 8935 "-" "Mozilla/5.0 (Windows NT 6.1; WOW64) AppleWebKit/537.36 (KHTML, like Gecko) Chrome/46.0.2490.86 Safari/537.36"
204.48.19.85 - - [03/Jul/2021:06:07:47 -0400] "POST /wp-cron.php?doing_wp_cron=1625306867.1708710193634033203125 HTTP/1.1" 200 6350 "https://angelsonhighstreet.com/wp-cron.php?doing_wp_cron=1625306867.1708710193634033203125" "WordPress/5.7.2; https://angelsonhighstreet.com"
35.237.150.202 - - [03/Jul/2021:06:07:46 -0400] "GET /shop/cbg-healing-salve-1-oz HTTP/1.0" 200 28087 "-" "ZoominfoBot (zoominfobot at zoominfo dot com)"
204.48.19.85 - - [03/Jul/2021:06:09:52 -0400] "POST /wp-cron.php?doing_wp_cron=1625306992.2352530956268310546875 HTTP/1.1" 200 6350 "https://angelsonhighstreet.com/wp-cron.php?doing_wp_cron=1625306992.2352530956268310546875" "WordPress/5.7.2; https://angelsonhighstreet.com"
35.237.150.202 - - [03/Jul/2021:06:09:51 -0400] "GET /shop/cbg-salve-with-lifter-terpenes HTTP/1.0" 200 28486 "-" "ZoominfoBot (zoominfobot at zoominfo dot com)"
204.48.19.85 - - [03/Jul/2021:06:11:06 -0400] "POST /wp-cron.php?doing_wp_cron=1625307066.9169719219207763671875 HTTP/1.1" 200 6350 "https://angelsonhighstreet.com/wp-cron.php?doing_wp_cron=1625307066.9169719219207763671875" "WordPress/5.7.2; https://angelsonhighstreet.com"
54.36.148.203 - - [03/Jul/2021:06:11:06 -0400] "GET /product-category/salves?product_order=desc&product_orderby=popularity&product_count=48&product_view=list HTTP/1.1" 200 21684 "-" "Mozilla/5.0 (compatible; AhrefsBot/7.0; +http://ahrefs.com/robot/)"
35.237.150.202 - - [03/Jul/2021:06:11:31 -0400] "GET /bath-bombs HTTP/1.0" 404 19701 "-" "ZoominfoBot (zoominfobot at zoominfo dot com)"
204.48.19.85 - - [03/Jul/2021:06:13:34 -0400] "POST /wp-cron.php?doing_wp_cron=1625307214.3818719387054443359375 HTTP/1.1" 200 6350 "https://angelsonhighstreet.com/wp-cron.php?doing_wp_cron=1625307214.3818719387054443359375" "WordPress/5.7.2; https://angelsonhighstreet.com"
35.237.150.202 - - [03/Jul/2021:06:13:34 -0400] "GET /shop-full-width HTTP/1.0" 200 21171 "-" "ZoominfoBot (zoominfobot at zoominfo dot com)"
204.48.19.85 - - [03/Jul/2021:06:15:42 -0400] "POST /wp-cron.php?doing_wp_cron=1625307342.8160281181335449218750 HTTP/1.1" 200 6350 "https://angelsonhighstreet.com/wp-cron.php?doing_wp_cron=1625307342.8160281181335449218750" "WordPress/5.7.2; https://angelsonhighstreet.com"
157.55.39.166 - - [03/Jul/2021:06:15:42 -0400] "GET /affiliate-dashboard HTTP/1.1" 200 19770 "-" "Mozilla/5.0 (compatible; bingbot/2.0; +http://www.bing.com/bingbot.htm)"
204.48.19.85 - - [03/Jul/2021:06:17:36 -0400] "POST /wp-cron.php?doing_wp_cron=1625307456.1921770572662353515625 HTTP/1.1" 200 6350 "https://angelsonhighstreet.com/wp-cron.php?doing_wp_cron=1625307456.1921770572662353515625" "WordPress/5.7.2; https://angelsonhighstreet.com"
54.36.148.153 - - [03/Jul/2021:06:17:35 -0400] "GET /shop-full-width?product_orderby=popularity&product_count=48&product_view=list&product_order=desc HTTP/1.1" 200 22369 "-" "Mozilla/5.0 (compatible; AhrefsBot/7.0; +http://ahrefs.com/robot/)"
204.48.19.85 - - [03/Jul/2021:06:18:42 -0400] "POST /wp-cron.php?doing_wp_cron=1625307522.3913478851318359375000 HTTP/1.1" 200 6350 "https://angelsonhighstreet.com/wp-cron.php?doing_wp_cron=1625307522.3913478851318359375000" "WordPress/5.7.2; https://angelsonhighstreet.com"
142.93.205.80 - - [03/Jul/2021:06:18:42 -0400] "GET /wp-login.php HTTP/1.1" 200 8107 "-" "Mozilla/5.0 (X11; Ubuntu; Linux x86_64; rv:62.0) Gecko/20100101 Firefox/62.0"
142.93.205.80 - - [03/Jul/2021:06:18:42 -0400] "POST /wp-login.php HTTP/1.1" 200 8232 "-" "Mozilla/5.0 (X11; Ubuntu; Linux x86_64; rv:62.0) Gecko/20100101 Firefox/62.0"
142.93.205.80 - - [03/Jul/2021:06:18:42 -0400] "GET /wp-login.php HTTP/1.1" 200 8107 "-" "Mozilla/5.0 (X11; Ubuntu; Linux x86_64; rv:62.0) Gecko/20100101 Firefox/62.0"
142.93.205.80 - - [03/Jul/2021:06:18:48 -0400] "POST /wp-login.php HTTP/1.1" 200 8211 "-" "Mozilla/5.0 (X11; Ubuntu; Linux x86_64; rv:62.0) Gecko/20100101 Firefox/62.0"
54.149.213.222 - - [03/Jul/2021:06:19:03 -0400] "GET / HTTP/1.1" 301 539 "-" "Mozilla/5.0 (X11; Linux x86_64) AppleWebKit/537.36 (KHTML, like Gecko) Chrome/83.0.4103.97 Safari/537.36"
204.48.19.85 - - [03/Jul/2021:06:19:05 -0400] "POST /wp-cron.php?doing_wp_cron=1625307545.0481441020965576171875 HTTP/1.1" 200 6350 "https://angelsonhighstreet.com/wp-cron.php?doing_wp_cron=1625307545.0481441020965576171875" "WordPress/5.7.2; https://angelsonhighstreet.com"
54.149.213.222 - - [03/Jul/2021:06:19:04 -0400] "GET / HTTP/1.1" 200 26062 "-" "Mozilla/5.0 (X11; Linux x86_64) AppleWebKit/537.36 (KHTML, like Gecko) Chrome/83.0.4103.97 Safari/537.36"
52.26.137.252 - - [03/Jul/2021:06:19:07 -0400] "GET / HTTP/1.1" 200 26065 "-" "Mozilla/5.0 (X11; Linux x86_64) AppleWebKit/537.36 (KHTML, like Gecko) Chrome/83.0.4103.97 Safari/537.36"
52.32.197.59 - - [03/Jul/2021:06:19:37 -0400] "GET /favicon.ico HTTP/1.1" 301 561 "-" "Mozilla/5.0 (X11; Linux x86_64) AppleWebKit/537.36 (KHTML, like Gecko) Chrome/83.0.4103.97 Safari/537.36"
34.211.230.67 - - [03/Jul/2021:06:19:37 -0400] "GET /favicon.ico HTTP/1.1" 302 6474 "-" "Mozilla/5.0 (X11; Linux x86_64) AppleWebKit/537.36 (KHTML, like Gecko) Chrome/83.0.4103.97 Safari/537.36"
34.211.230.67 - - [03/Jul/2021:06:19:38 -0400] "GET /wp-includes/images/w-logo-blue-white-bg.png HTTP/1.1" 200 4470 "https://angelsonhighstreet.com/favicon.ico" "Mozilla/5.0 (X11; Linux x86_64) AppleWebKit/537.36 (KHTML, like Gecko) Chrome/83.0.4103.97 Safari/537.36"
52.32.197.59 - - [03/Jul/2021:06:19:39 -0400] "GET /favicon.ico HTTP/1.1" 302 6474 "http://angelsonhighstreet.com/favicon.ico" "Mozilla/5.0 (X11; Linux x86_64) AppleWebKit/537.36 (KHTML, like Gecko) Chrome/83.0.4103.97 Safari/537.36"
52.32.197.59 - - [03/Jul/2021:06:19:39 -0400] "GET /wp-includes/images/w-logo-blue-white-bg.png HTTP/1.1" 200 4470 "https://angelsonhighstreet.com/favicon.ico" "Mozilla/5.0 (X11; Linux x86_64) AppleWebKit/537.36 (KHTML, like Gecko) Chrome/83.0.4103.97 Safari/537.36"
204.48.19.85 - - [03/Jul/2021:06:19:59 -0400] "POST /wp-cron.php?doing_wp_cron=1625307599.2284409999847412109375 HTTP/1.1" 200 6350 "https://angelsonhighstreet.com/wp-cron.php?doing_wp_cron=1625307599.2284409999847412109375" "WordPress/5.7.2; https://angelsonhighstreet.com"
47.100.95.127 - - [03/Jul/2021:06:19:58 -0400] "POST /wp-login.php HTTP/1.1" 200 8935 "-" "Mozilla/5.0 (Windows NT 6.1; Win64; x64) AppleWebKit/537.36 (KHTML, like Gecko) Chrome/60.0.3112.113 Safari/537.36"
185.191.171.37 - - [03/Jul/2021:06:20:53 -0400] "GET /product-category/salves?product_orderby=name HTTP/1.1" 200 21181 "-" "Mozilla/5.0 (compatible; SemrushBot/7~bl; +http://www.semrush.com/bot.html)"
204.48.19.85 - - [03/Jul/2021:06:23:11 -0400] "POST /wp-cron.php?doing_wp_cron=1625307791.6181468963623046875000 HTTP/1.1" 200 6350 "https://angelsonhighstreet.com/wp-cron.php?doing_wp_cron=1625307791.6181468963623046875000" "WordPress/5.7.2; https://angelsonhighstreet.com"
35.237.150.202 - - [03/Jul/2021:06:23:11 -0400] "GET /feed HTTP/1.0" 200 6216 "-" "ZoominfoBot (zoominfobot at zoominfo dot com)"
204.48.19.85 - - [03/Jul/2021:06:23:43 -0400] "POST /wp-cron.php?doing_wp_cron=1625307823.3143510818481445312500 HTTP/1.1" 200 6350 "https://angelsonhighstreet.com/wp-cron.php?doing_wp_cron=1625307823.3143510818481445312500" "WordPress/5.7.2; https://angelsonhighstreet.com"
52.25.89.167 - - [03/Jul/2021:06:23:43 -0400] "GET / HTTP/1.1" 200 26067 "-" "Mozilla/5.0 (X11; Linux x86_64) AppleWebKit/537.36 (KHTML, like Gecko) Chrome/83.0.4103.97 Safari/537.36"
204.48.19.85 - - [03/Jul/2021:06:24:02 -0400] "POST /wp-cron.php?doing_wp_cron=1625307842.8028810024261474609375 HTTP/1.1" 200 6350 "https://angelsonhighstreet.com/wp-cron.php?doing_wp_cron=1625307842.8028810024261474609375" "WordPress/5.7.2; https://angelsonhighstreet.com"
35.237.150.202 - - [03/Jul/2021:06:24:02 -0400] "GET /affiliate-home/affiliate-register HTTP/1.0" 200 24742 "-" "ZoominfoBot (zoominfobot at zoominfo dot com)"
54.36.148.191 - - [03/Jul/2021:06:24:09 -0400] "GET /shop-full-width?product_orderby=price&product_view=grid&product_count=32&product_order=desc HTTP/1.1" 200 21961 "-" "Mozilla/5.0 (compatible; AhrefsBot/7.0; +http://ahrefs.com/robot/)"
52.24.79.95 - - [03/Jul/2021:06:24:14 -0400] "GET /favicon.ico HTTP/1.1" 302 6474 "-" "Mozilla/5.0 (X11; Linux x86_64) AppleWebKit/537.36 (KHTML, like Gecko) Chrome/83.0.4103.97 Safari/537.36"
52.24.79.95 - - [03/Jul/2021:06:24:15 -0400] "GET /wp-includes/images/w-logo-blue-white-bg.png HTTP/1.1" 200 4470 "https://angelsonhighstreet.com/favicon.ico" "Mozilla/5.0 (X11; Linux x86_64) AppleWebKit/537.36 (KHTML, like Gecko) Chrome/83.0.4103.97 Safari/537.36"
204.48.19.85 - - [03/Jul/2021:06:25:35 -0400] "POST /wp-cron.php?doing_wp_cron=1625307935.1445350646972656250000 HTTP/1.1" 200 6350 "https://angelsonhighstreet.com/wp-cron.php?doing_wp_cron=1625307935.1445350646972656250000" "WordPress/5.7.2; https://angelsonhighstreet.com"
35.237.150.202 - - [03/Jul/2021:06:25:34 -0400] "GET /shop/2000mg-30ml-cbd-oil HTTP/1.0" 200 23134 "-" "ZoominfoBot (zoominfobot at zoominfo dot com)"
204.48.19.85 - - [03/Jul/2021:06:26:53 -0400] "POST /wp-cron.php?doing_wp_cron=1625308013.7448790073394775390625 HTTP/1.1" 200 6350 "https://angelsonhighstreet.com/wp-cron.php?doing_wp_cron=1625308013.7448790073394775390625" "WordPress/5.7.2; https://angelsonhighstreet.com"
35.237.150.202 - - [03/Jul/2021:06:26:53 -0400] "GET /about-us HTTP/1.0" 200 20895 "-" "ZoominfoBot (zoominfobot at zoominfo dot com)"
204.48.19.85 - - [03/Jul/2021:06:27:45 -0400] "POST /wp-cron.php?doing_wp_cron=1625308065.8529388904571533203125 HTTP/1.1" 200 6350 "https://angelsonhighstreet.com/wp-cron.php?doing_wp_cron=1625308065.8529388904571533203125" "WordPress/5.7.2; https://angelsonhighstreet.com"
35.237.150.202 - - [03/Jul/2021:06:27:45 -0400] "GET /cart HTTP/1.0" 200 21956 "-" "ZoominfoBot (zoominfobot at zoominfo dot com)"
185.191.171.44 - - [03/Jul/2021:06:27:48 -0400] "GET /shop-full-width?product_count=16&product_order=asc&product_view=grid HTTP/1.1" 200 21923 "-" "Mozilla/5.0 (compatible; SemrushBot/7~bl; +http://www.semrush.com/bot.html)"
204.48.19.85 - - [03/Jul/2021:06:28:46 -0400] "POST /wp-cron.php?doing_wp_cron=1625308126.1987340450286865234375 HTTP/1.1" 200 6350 "https://angelsonhighstreet.com/wp-cron.php?doing_wp_cron=1625308126.1987340450286865234375" "WordPress/5.7.2; https://angelsonhighstreet.com"
35.225.94.95 - - [03/Jul/2021:06:28:45 -0400] "GET /wp-login.php HTTP/1.1" 200 8107 "-" "Mozilla/5.0 (X11; Ubuntu; Linux x86_64; rv:62.0) Gecko/20100101 Firefox/62.0"
35.225.94.95 - - [03/Jul/2021:06:28:46 -0400] "POST /wp-login.php HTTP/1.1" 200 8232 "-" "Mozilla/5.0 (X11; Ubuntu; Linux x86_64; rv:62.0) Gecko/20100101 Firefox/62.0"
35.225.94.95 - - [03/Jul/2021:06:28:47 -0400] "GET /wp-login.php HTTP/1.1" 200 8107 "-" "Mozilla/5.0 (X11; Ubuntu; Linux x86_64; rv:62.0) Gecko/20100101 Firefox/62.0"
35.225.94.95 - - [03/Jul/2021:06:28:47 -0400] "POST /wp-login.php HTTP/1.1" 200 8234 "-" "Mozilla/5.0 (X11; Ubuntu; Linux x86_64; rv:62.0) Gecko/20100101 Firefox/62.0"
35.225.94.95 - - [03/Jul/2021:06:28:48 -0400] "POST /xmlrpc.php HTTP/1.1" 200 5852 "-" "Mozilla/5.0 (X11; Ubuntu; Linux x86_64; rv:62.0) Gecko/20100101 Firefox/62.0"
204.48.19.85 - - [03/Jul/2021:06:30:58 -0400] "POST /wp-cron.php?doing_wp_cron=1625308258.4319689273834228515625 HTTP/1.1" 200 6350 "https://angelsonhighstreet.com/wp-cron.php?doing_wp_cron=1625308258.4319689273834228515625" "WordPress/5.7.2; https://angelsonhighstreet.com"
