172.58.56.52 - - [04/Jul/2021:12:08:03 -0400] "GET /wp-content/plugins/age-gate/public/js/age-gate-public-tab.js?ver=2.15.0 HTTP/1.1" 200 869 "https://angelsonhighstreet.com/" "Mozilla/5.0 (Linux; Android 10; moto g stylus Build/QPRS30.80-64-6-6-5-2; wv) AppleWebKit/537.36 (KHTML, like Gecko) Version/4.0 Chrome/91.0.4472.101 Mobile Safari/537.36 [FB_IAB/FB4A;FBAV/306.1.0.40.119;]"
172.58.56.52 - - [04/Jul/2021:12:08:03 -0400] "GET /wp-content/plugins/wp-optin-wheel/public/css/theme-green.css?ver=1.3.2 HTTP/1.1" 200 617 "https://angelsonhighstreet.com/" "Mozilla/5.0 (Linux; Android 10; moto g stylus Build/QPRS30.80-64-6-6-5-2; wv) AppleWebKit/537.36 (KHTML, like Gecko) Version/4.0 Chrome/91.0.4472.101 Mobile Safari/537.36 [FB_IAB/FB4A;FBAV/306.1.0.40.119;]"
172.58.56.52 - - [04/Jul/2021:12:08:03 -0400] "GET /wp-content/plugins/age-gate/public/js/age-gate-public.js?ver=2.15.0 HTTP/1.1" 200 6737 "https://angelsonhighstreet.com/" "Mozilla/5.0 (Linux; Android 10; moto g stylus Build/QPRS30.80-64-6-6-5-2; wv) AppleWebKit/537.36 (KHTML, like Gecko) Version/4.0 Chrome/91.0.4472.101 Mobile Safari/537.36 [FB_IAB/FB4A;FBAV/306.1.0.40.119;]"
172.58.56.52 - - [04/Jul/2021:12:08:03 -0400] "GET /wp-includes/js/dist/vendor/wp-polyfill.min.js?ver=7.4.4 HTTP/1.1" 200 34810 "https://angelsonhighstreet.com/" "Mozilla/5.0 (Linux; Android 10; moto g stylus Build/QPRS30.80-64-6-6-5-2; wv) AppleWebKit/537.36 (KHTML, like Gecko) Version/4.0 Chrome/91.0.4472.101 Mobile Safari/537.36 [FB_IAB/FB4A;FBAV/306.1.0.40.119;]"
172.58.56.52 - - [04/Jul/2021:12:08:03 -0400] "GET /wp-content/uploads/fusion-gfonts/qkBIXvYC6trAT55ZBi1ueQVIjQTD-JqaE0lMZbLXGimS.woff HTTP/1.1" 200 15349 "https://angelsonhighstreet.com/wp-content/uploads/fusion-styles/15e6b0b5e48de1d64664be89b4d4bc7c.min.css?ver=3.2.1" "Mozilla/5.0 (Linux; Android 10; moto g stylus Build/QPRS30.80-64-6-6-5-2; wv) AppleWebKit/537.36 (KHTML, like Gecko) Version/4.0 Chrome/91.0.4472.101 Mobile Safari/537.36 [FB_IAB/FB4A;FBAV/306.1.0.40.119;]"
172.58.56.52 - - [04/Jul/2021:12:08:03 -0400] "GET /wp-content/plugins/age-gate/public/js/age-gate-shortcode.js?ver=2.15.0 HTTP/1.1" 200 2732 "https://angelsonhighstreet.com/" "Mozilla/5.0 (Linux; Android 10; moto g stylus Build/QPRS30.80-64-6-6-5-2; wv) AppleWebKit/537.36 (KHTML, like Gecko) Version/4.0 Chrome/91.0.4472.101 Mobile Safari/537.36 [FB_IAB/FB4A;FBAV/306.1.0.40.119;]"
172.58.56.52 - - [04/Jul/2021:12:08:03 -0400] "GET /wp-content/plugins/contact-form-7/includes/js/index.js?ver=5.4.1 HTTP/1.1" 200 4484 "https://angelsonhighstreet.com/" "Mozilla/5.0 (Linux; Android 10; moto g stylus Build/QPRS30.80-64-6-6-5-2; wv) AppleWebKit/537.36 (KHTML, like Gecko) Version/4.0 Chrome/91.0.4472.101 Mobile Safari/537.36 [FB_IAB/FB4A;FBAV/306.1.0.40.119;]"
172.58.56.52 - - [04/Jul/2021:12:08:03 -0400] "GET /wp-content/themes/Avada/includes/lib/assets/fonts/icomoon/icomoon.woff HTTP/1.1" 200 13272 "https://angelsonhighstreet.com/wp-content/uploads/fusion-styles/15e6b0b5e48de1d64664be89b4d4bc7c.min.css?ver=3.2.1" "Mozilla/5.0 (Linux; Android 10; moto g stylus Build/QPRS30.80-64-6-6-5-2; wv) AppleWebKit/537.36 (KHTML, like Gecko) Version/4.0 Chrome/91.0.4472.101 Mobile Safari/537.36 [FB_IAB/FB4A;FBAV/306.1.0.40.119;]"
172.58.56.52 - - [04/Jul/2021:12:08:03 -0400] "GET /wp-content/uploads/fusion-gfonts/qkBIXvYC6trAT55ZBi1ueQVIjQTDH52aE0lMZbLXGimS.woff HTTP/1.1" 200 15341 "https://angelsonhighstreet.com/wp-content/uploads/fusion-styles/15e6b0b5e48de1d64664be89b4d4bc7c.min.css?ver=3.2.1" "Mozilla/5.0 (Linux; Android 10; moto g stylus Build/QPRS30.80-64-6-6-5-2; wv) AppleWebKit/537.36 (KHTML, like Gecko) Version/4.0 Chrome/91.0.4472.101 Mobile Safari/537.36 [FB_IAB/FB4A;FBAV/306.1.0.40.119;]"
172.58.56.52 - - [04/Jul/2021:12:08:03 -0400] "GET /wp-content/uploads/fusion-gfonts/JTURjIg1_i6t8kCHKm45_dJE3gnD-Px3rCs.woff HTTP/1.1" 200 17525 "https://angelsonhighstreet.com/wp-content/uploads/fusion-styles/15e6b0b5e48de1d64664be89b4d4bc7c.min.css?ver=3.2.1" "Mozilla/5.0 (Linux; Android 10; moto g stylus Build/QPRS30.80-64-6-6-5-2; wv) AppleWebKit/537.36 (KHTML, like Gecko) Version/4.0 Chrome/91.0.4472.101 Mobile Safari/537.36 [FB_IAB/FB4A;FBAV/306.1.0.40.119;]"
172.58.56.52 - - [04/Jul/2021:12:08:03 -0400] "GET /wp-content/themes/Avada/includes/lib/assets/fonts/fontawesome/webfonts/fa-regular-400.woff2 HTTP/1.1" 200 14074 "https://angelsonhighstreet.com/wp-content/uploads/fusion-styles/15e6b0b5e48de1d64664be89b4d4bc7c.min.css?ver=3.2.1" "Mozilla/5.0 (Linux; Android 10; moto g stylus Build/QPRS30.80-64-6-6-5-2; wv) AppleWebKit/537.36 (KHTML, like Gecko) Version/4.0 Chrome/91.0.4472.101 Mobile Safari/537.36 [FB_IAB/FB4A;FBAV/306.1.0.40.119;]"
172.58.56.52 - - [04/Jul/2021:12:08:03 -0400] "GET /wp-content/uploads/fusion-gfonts/qkBKXvYC6trAT7RQNNK2EG7SIwPWMNlCV3lIb7X1HgGQ0tQ.woff HTTP/1.1" 200 15580 "https://angelsonhighstreet.com/wp-content/uploads/fusion-styles/15e6b0b5e48de1d64664be89b4d4bc7c.min.css?ver=3.2.1" "Mozilla/5.0 (Linux; Android 10; moto g stylus Build/QPRS30.80-64-6-6-5-2; wv) AppleWebKit/537.36 (KHTML, like Gecko) Version/4.0 Chrome/91.0.4472.101 Mobile Safari/537.36 [FB_IAB/FB4A;FBAV/306.1.0.40.119;]"
172.58.56.52 - - [04/Jul/2021:12:08:03 -0400] "GET /wp-content/uploads/2020/05/aohs_righttext_logo-e1590068585746.png HTTP/1.1" 200 62245 "https://angelsonhighstreet.com/" "Mozilla/5.0 (Linux; Android 10; moto g stylus Build/QPRS30.80-64-6-6-5-2; wv) AppleWebKit/537.36 (KHTML, like Gecko) Version/4.0 Chrome/91.0.4472.101 Mobile Safari/537.36 [FB_IAB/FB4A;FBAV/306.1.0.40.119;]"
172.58.56.52 - - [04/Jul/2021:12:08:03 -0400] "GET /wp-content/plugins/woocommerce/assets/js/jquery-blockui/jquery.blockUI.min.js?ver=2.70 HTTP/1.1" 200 3961 "https://angelsonhighstreet.com/" "Mozilla/5.0 (Linux; Android 10; moto g stylus Build/QPRS30.80-64-6-6-5-2; wv) AppleWebKit/537.36 (KHTML, like Gecko) Version/4.0 Chrome/91.0.4472.101 Mobile Safari/537.36 [FB_IAB/FB4A;FBAV/306.1.0.40.119;]"
172.58.56.52 - - [04/Jul/2021:12:08:03 -0400] "GET /wp-content/plugins/woocommerce/assets/js/frontend/add-to-cart.min.js?ver=5.3.0 HTTP/1.1" 200 1522 "https://angelsonhighstreet.com/" "Mozilla/5.0 (Linux; Android 10; moto g stylus Build/QPRS30.80-64-6-6-5-2; wv) AppleWebKit/537.36 (KHTML, like Gecko) Version/4.0 Chrome/91.0.4472.101 Mobile Safari/537.36 [FB_IAB/FB4A;FBAV/306.1.0.40.119;]"
172.58.56.52 - - [04/Jul/2021:12:08:03 -0400] "GET /wp-content/plugins/woocommerce/assets/js/frontend/woocommerce.min.js?ver=5.3.0 HTTP/1.1" 200 1222 "https://angelsonhighstreet.com/" "Mozilla/5.0 (Linux; Android 10; moto g stylus Build/QPRS30.80-64-6-6-5-2; wv) AppleWebKit/537.36 (KHTML, like Gecko) Version/4.0 Chrome/91.0.4472.101 Mobile Safari/537.36 [FB_IAB/FB4A;FBAV/306.1.0.40.119;]"
172.58.56.52 - - [04/Jul/2021:12:08:03 -0400] "GET /wp-content/plugins/woocommerce/assets/js/js-cookie/js.cookie.min.js?ver=2.1.4 HTTP/1.1" 200 1417 "https://angelsonhighstreet.com/" "Mozilla/5.0 (Linux; Android 10; moto g stylus Build/QPRS30.80-64-6-6-5-2; wv) AppleWebKit/537.36 (KHTML, like Gecko) Version/4.0 Chrome/91.0.4472.101 Mobile Safari/537.36 [FB_IAB/FB4A;FBAV/306.1.0.40.119;]"
172.58.56.52 - - [04/Jul/2021:12:08:03 -0400] "GET /wp-content/plugins/woocommerce/assets/js/frontend/cart-fragments.min.js?ver=5.3.0 HTTP/1.1" 200 1475 "https://angelsonhighstreet.com/" "Mozilla/5.0 (Linux; Android 10; moto g stylus Build/QPRS30.80-64-6-6-5-2; wv) AppleWebKit/537.36 (KHTML, like Gecko) Version/4.0 Chrome/91.0.4472.101 Mobile Safari/537.36 [FB_IAB/FB4A;FBAV/306.1.0.40.119;]"
172.58.56.52 - - [04/Jul/2021:12:08:03 -0400] "GET /wp-includes/js/wp-embed.min.js?ver=5.7.2 HTTP/1.1" 200 1200 "https://angelsonhighstreet.com/" "Mozilla/5.0 (Linux; Android 10; moto g stylus Build/QPRS30.80-64-6-6-5-2; wv) AppleWebKit/537.36 (KHTML, like Gecko) Version/4.0 Chrome/91.0.4472.101 Mobile Safari/537.36 [FB_IAB/FB4A;FBAV/306.1.0.40.119;]"
172.58.56.52 - - [04/Jul/2021:12:08:03 -0400] "GET /wp-content/plugins/revslider/public/assets/js/rs6.min.js?ver=6.3.3 HTTP/1.1" 200 86331 "https://angelsonhighstreet.com/" "Mozilla/5.0 (Linux; Android 10; moto g stylus Build/QPRS30.80-64-6-6-5-2; wv) AppleWebKit/537.36 (KHTML, like Gecko) Version/4.0 Chrome/91.0.4472.101 Mobile Safari/537.36 [FB_IAB/FB4A;FBAV/306.1.0.40.119;]"
172.58.56.52 - - [04/Jul/2021:12:08:03 -0400] "GET /wp-content/uploads/2020/08/C9EC0898-E30D-4B2A-A8B1-96DE3A2B9FAA.jpeg HTTP/1.1" 200 182985 "https://angelsonhighstreet.com/" "Mozilla/5.0 (Linux; Android 10; moto g stylus Build/QPRS30.80-64-6-6-5-2; wv) AppleWebKit/537.36 (KHTML, like Gecko) Version/4.0 Chrome/91.0.4472.101 Mobile Safari/537.36 [FB_IAB/FB4A;FBAV/306.1.0.40.119;]"
172.58.56.52 - - [04/Jul/2021:12:08:03 -0400] "GET /wp-content/uploads/2020/08/C5B83DAF-9E96-49A0-AAA0-C902DBEB3B68.jpeg HTTP/1.1" 200 85904 "https://angelsonhighstreet.com/" "Mozilla/5.0 (Linux; Android 10; moto g stylus Build/QPRS30.80-64-6-6-5-2; wv) AppleWebKit/537.36 (KHTML, like Gecko) Version/4.0 Chrome/91.0.4472.101 Mobile Safari/537.36 [FB_IAB/FB4A;FBAV/306.1.0.40.119;]"
172.58.56.52 - - [04/Jul/2021:12:08:03 -0400] "GET /wp-content/uploads/fusion-scripts/250c2b9f76b9189f0607771277c32ada.min.js?ver=3.2.1 HTTP/1.1" 200 122595 "https://angelsonhighstreet.com/" "Mozilla/5.0 (Linux; Android 10; moto g stylus Build/QPRS30.80-64-6-6-5-2; wv) AppleWebKit/537.36 (KHTML, like Gecko) Version/4.0 Chrome/91.0.4472.101 Mobile Safari/537.36 [FB_IAB/FB4A;FBAV/306.1.0.40.119;]"
172.58.56.52 - - [04/Jul/2021:12:08:03 -0400] "GET /wp-content/uploads/2019/05/IMG_0405-1200x1703.jpg HTTP/1.1" 200 285548 "https://angelsonhighstreet.com/" "Mozilla/5.0 (Linux; Android 10; moto g stylus Build/QPRS30.80-64-6-6-5-2; wv) AppleWebKit/537.36 (KHTML, like Gecko) Version/4.0 Chrome/91.0.4472.101 Mobile Safari/537.36 [FB_IAB/FB4A;FBAV/306.1.0.40.119;]"
172.58.56.52 - - [04/Jul/2021:12:08:03 -0400] "GET /wp-content/uploads/2020/08/D7CE7FC9-6B66-4E0F-B3A8-E17389D30D20.jpeg HTTP/1.1" 200 105313 "https://angelsonhighstreet.com/" "Mozilla/5.0 (Linux; Android 10; moto g stylus Build/QPRS30.80-64-6-6-5-2; wv) AppleWebKit/537.36 (KHTML, like Gecko) Version/4.0 Chrome/91.0.4472.101 Mobile Safari/537.36 [FB_IAB/FB4A;FBAV/306.1.0.40.119;]"
172.58.56.52 - - [04/Jul/2021:12:08:03 -0400] "GET /wp-content/plugins/wp-optin-wheel/public/img/bg-hearts.png HTTP/1.1" 200 2213 "https://angelsonhighstreet.com/" "Mozilla/5.0 (Linux; Android 10; moto g stylus Build/QPRS30.80-64-6-6-5-2; wv) AppleWebKit/537.36 (KHTML, like Gecko) Version/4.0 Chrome/91.0.4472.101 Mobile Safari/537.36 [FB_IAB/FB4A;FBAV/306.1.0.40.119;]"
172.58.56.52 - - [04/Jul/2021:12:08:03 -0400] "GET /wp-content/plugins/wp-optin-wheel/public/img/wheel-green.png HTTP/1.1" 200 39871 "https://angelsonhighstreet.com/wp-content/plugins/wp-optin-wheel/public/css/theme-green.css?ver=1.3.2" "Mozilla/5.0 (Linux; Android 10; moto g stylus Build/QPRS30.80-64-6-6-5-2; wv) AppleWebKit/537.36 (KHTML, like Gecko) Version/4.0 Chrome/91.0.4472.101 Mobile Safari/537.36 [FB_IAB/FB4A;FBAV/306.1.0.40.119;]"
172.58.56.52 - - [04/Jul/2021:12:08:03 -0400] "GET /wp-content/uploads/2020/08/D37CB261-2BE3-4FB2-AE52-84F8AC85FF3A.jpeg HTTP/1.1" 200 96561 "https://angelsonhighstreet.com/" "Mozilla/5.0 (Linux; Android 10; moto g stylus Build/QPRS30.80-64-6-6-5-2; wv) AppleWebKit/537.36 (KHTML, like Gecko) Version/4.0 Chrome/91.0.4472.101 Mobile Safari/537.36 [FB_IAB/FB4A;FBAV/306.1.0.40.119;]"
172.58.56.52 - - [04/Jul/2021:12:08:03 -0400] "GET /wp-content/uploads/2020/04/aohs_logo_blkbg-e1588290703663-150x150.png HTTP/1.1" 200 30802 "https://angelsonhighstreet.com/" "Mozilla/5.0 (Linux; Android 10; moto g stylus Build/QPRS30.80-64-6-6-5-2; wv) AppleWebKit/537.36 (KHTML, like Gecko) Version/4.0 Chrome/91.0.4472.101 Mobile Safari/537.36 [FB_IAB/FB4A;FBAV/306.1.0.40.119;]"
172.58.56.52 - - [04/Jul/2021:12:08:03 -0400] "GET /wp-content/uploads/2019/11/standards_banner.png HTTP/1.1" 200 19955 "https://angelsonhighstreet.com/" "Mozilla/5.0 (Linux; Android 10; moto g stylus Build/QPRS30.80-64-6-6-5-2; wv) AppleWebKit/537.36 (KHTML, like Gecko) Version/4.0 Chrome/91.0.4472.101 Mobile Safari/537.36 [FB_IAB/FB4A;FBAV/306.1.0.40.119;]"
172.58.56.52 - - [04/Jul/2021:12:08:03 -0400] "GET /wp-content/uploads/2019/05/IMG_0405-1082x1536.jpg HTTP/1.1" 200 237021 "https://angelsonhighstreet.com/" "Mozilla/5.0 (Linux; Android 10; moto g stylus Build/QPRS30.80-64-6-6-5-2; wv) AppleWebKit/537.36 (KHTML, like Gecko) Version/4.0 Chrome/91.0.4472.101 Mobile Safari/537.36 [FB_IAB/FB4A;FBAV/306.1.0.40.119;]"
172.58.56.52 - - [04/Jul/2021:12:08:04 -0400] "GET /wp-content/plugins/revslider/public/assets/js/rbtools.min.js?ver=6.3.3 HTTP/1.1" 200 46697 "https://angelsonhighstreet.com/" "Mozilla/5.0 (Linux; Android 10; moto g stylus Build/QPRS30.80-64-6-6-5-2; wv) AppleWebKit/537.36 (KHTML, like Gecko) Version/4.0 Chrome/91.0.4472.101 Mobile Safari/537.36 [FB_IAB/FB4A;FBAV/306.1.0.40.119;]"
172.58.56.52 - - [04/Jul/2021:12:08:04 -0400] "GET /wp-includes/js/wp-emoji-release.min.js?ver=5.7.2 HTTP/1.1" 200 5142 "https://angelsonhighstreet.com/" "Mozilla/5.0 (Linux; Android 10; moto g stylus Build/QPRS30.80-64-6-6-5-2; wv) AppleWebKit/537.36 (KHTML, like Gecko) Version/4.0 Chrome/91.0.4472.101 Mobile Safari/537.36 [FB_IAB/FB4A;FBAV/306.1.0.40.119;]"
172.58.56.52 - - [04/Jul/2021:12:08:04 -0400] "GET /wp-content/uploads/2020/07/F3BBAB36-C718-44E4-AA15-13B741A05689.jpeg HTTP/1.1" 200 129513 "https://angelsonhighstreet.com/" "Mozilla/5.0 (Linux; Android 10; moto g stylus Build/QPRS30.80-64-6-6-5-2; wv) AppleWebKit/537.36 (KHTML, like Gecko) Version/4.0 Chrome/91.0.4472.101 Mobile Safari/537.36 [FB_IAB/FB4A;FBAV/306.1.0.40.119;]"
172.58.56.52 - - [04/Jul/2021:12:08:04 -0400] "GET /wp-content/uploads/2020/05/5C641DE8-0187-43FF-BDA7-9ECB85C21670.jpeg HTTP/1.1" 200 285738 "https://angelsonhighstreet.com/" "Mozilla/5.0 (Linux; Android 10; moto g stylus Build/QPRS30.80-64-6-6-5-2; wv) AppleWebKit/537.36 (KHTML, like Gecko) Version/4.0 Chrome/91.0.4472.101 Mobile Safari/537.36 [FB_IAB/FB4A;FBAV/306.1.0.40.119;]"
172.58.56.52 - - [04/Jul/2021:12:08:04 -0400] "GET /wp-content/uploads/2020/11/8BC30C6A-8CA8-4876-976A-0465755939A8.jpeg HTTP/1.1" 200 515742 "https://angelsonhighstreet.com/" "Mozilla/5.0 (Linux; Android 10; moto g stylus Build/QPRS30.80-64-6-6-5-2; wv) AppleWebKit/537.36 (KHTML, like Gecko) Version/4.0 Chrome/91.0.4472.101 Mobile Safari/537.36 [FB_IAB/FB4A;FBAV/306.1.0.40.119;]"
172.58.56.52 - - [04/Jul/2021:12:08:04 -0400] "GET /wp-content/uploads/2020/11/newCBGhealingsalve.jpg HTTP/1.1" 200 869508 "https://angelsonhighstreet.com/" "Mozilla/5.0 (Linux; Android 10; moto g stylus Build/QPRS30.80-64-6-6-5-2; wv) AppleWebKit/537.36 (KHTML, like Gecko) Version/4.0 Chrome/91.0.4472.101 Mobile Safari/537.36 [FB_IAB/FB4A;FBAV/306.1.0.40.119;]"
172.58.56.52 - - [04/Jul/2021:12:08:04 -0400] "GET /wp-content/uploads/2020/05/2F81A01C-A31F-4FC0-ACBC-AC077D7C6D5B-e1588879916909.jpeg HTTP/1.1" 200 237707 "https://angelsonhighstreet.com/" "Mozilla/5.0 (Linux; Android 10; moto g stylus Build/QPRS30.80-64-6-6-5-2; wv) AppleWebKit/537.36 (KHTML, like Gecko) Version/4.0 Chrome/91.0.4472.101 Mobile Safari/537.36 [FB_IAB/FB4A;FBAV/306.1.0.40.119;]"
172.58.56.52 - - [04/Jul/2021:12:08:04 -0400] "GET /wp-content/uploads/fusion-gfonts/JTUSjIg1_i6t8kCHKm459WlhzSTh89Y.woff HTTP/1.1" 200 17618 "https://angelsonhighstreet.com/wp-content/uploads/fusion-styles/15e6b0b5e48de1d64664be89b4d4bc7c.min.css?ver=3.2.1" "Mozilla/5.0 (Linux; Android 10; moto g stylus Build/QPRS30.80-64-6-6-5-2; wv) AppleWebKit/537.36 (KHTML, like Gecko) Version/4.0 Chrome/91.0.4472.101 Mobile Safari/537.36 [FB_IAB/FB4A;FBAV/306.1.0.40.119;]"
172.58.56.52 - - [04/Jul/2021:12:08:04 -0400] "POST /?wc-ajax=get_refreshed_fragments HTTP/1.1" 200 874 "https://angelsonhighstreet.com/" "Mozilla/5.0 (Linux; Android 10; moto g stylus Build/QPRS30.80-64-6-6-5-2; wv) AppleWebKit/537.36 (KHTML, like Gecko) Version/4.0 Chrome/91.0.4472.101 Mobile Safari/537.36 [FB_IAB/FB4A;FBAV/306.1.0.40.119;]"
172.58.56.52 - - [04/Jul/2021:12:08:05 -0400] "GET /wp-content/uploads/2020/05/aohs_logo_transparent.png HTTP/1.1" 200 192298 "https://angelsonhighstreet.com/" "Mozilla/5.0 (Linux; Android 10; moto g stylus Build/QPRS30.80-64-6-6-5-2; wv) AppleWebKit/537.36 (KHTML, like Gecko) Version/4.0 Chrome/91.0.4472.101 Mobile Safari/537.36 [FB_IAB/FB4A;FBAV/306.1.0.40.119;]"
172.58.56.52 - - [04/Jul/2021:12:08:05 -0400] "GET /wp-json/contact-form-7/v1/contact-forms/16954/refill HTTP/1.1" 200 643 "https://angelsonhighstreet.com/" "Mozilla/5.0 (Linux; Android 10; moto g stylus Build/QPRS30.80-64-6-6-5-2; wv) AppleWebKit/537.36 (KHTML, like Gecko) Version/4.0 Chrome/91.0.4472.101 Mobile Safari/537.36 [FB_IAB/FB4A;FBAV/306.1.0.40.119;]"
172.58.56.52 - - [04/Jul/2021:12:08:07 -0400] "POST /wp-admin/admin-ajax.php HTTP/1.1" 200 698 "https://angelsonhighstreet.com/" "Mozilla/5.0 (Linux; Android 10; moto g stylus Build/QPRS30.80-64-6-6-5-2; wv) AppleWebKit/537.36 (KHTML, like Gecko) Version/4.0 Chrome/91.0.4472.101 Mobile Safari/537.36 [FB_IAB/FB4A;FBAV/306.1.0.40.119;]"
204.48.19.85 - - [04/Jul/2021:12:09:17 -0400] "POST /wp-cron.php?doing_wp_cron=1625414957.0086920261383056640625 HTTP/1.1" 200 6350 "https://angelsonhighstreet.com/wp-cron.php?doing_wp_cron=1625414957.0086920261383056640625" "WordPress/5.7.2; https://angelsonhighstreet.com"
185.191.34.215 - - [04/Jul/2021:12:09:16 -0400] "POST /sites/all/stats.php HTTP/1.1" 404 20506 "-" "Mozilla/5.0 (Windows NT 10.0; Win64; x64) AppleWebKit/537.36 (KHTML, like Gecko) Chrome/74.0.3729.169 Safari/537.36"
204.48.19.85 - - [04/Jul/2021:12:10:16 -0400] "POST /wp-cron.php?doing_wp_cron=1625415016.5286290645599365234375 HTTP/1.1" 200 6350 "https://angelsonhighstreet.com/wp-cron.php?doing_wp_cron=1625415016.5286290645599365234375" "WordPress/5.7.2; https://angelsonhighstreet.com"
178.62.79.87 - - [04/Jul/2021:12:10:16 -0400] "POST /wp-login.php HTTP/1.1" 200 8934 "-" "Mozilla/5.0 (Windows NT 6.1; Win64; x64) AppleWebKit/537.36 (KHTML, like Gecko) Chrome/67.0.3396.87 Safari/537.36"
54.36.149.68 - - [04/Jul/2021:12:10:25 -0400] "GET /shop-full-width?product_view=grid&product_count=48&product_orderby=date&product_order=desc HTTP/1.1" 200 21951 "-" "Mozilla/5.0 (compatible; AhrefsBot/7.0; +http://ahrefs.com/robot/)"
204.48.19.85 - - [04/Jul/2021:12:14:19 -0400] "POST /wp-cron.php?doing_wp_cron=1625415259.8770539760589599609375 HTTP/1.1" 200 6350 "https://angelsonhighstreet.com/wp-cron.php?doing_wp_cron=1625415259.8770539760589599609375" "WordPress/5.7.2; https://angelsonhighstreet.com"
54.36.148.218 - - [04/Jul/2021:12:14:19 -0400] "GET /shop-full-width?product_view=grid&product_count=48&product_orderby=default&product_order=asc HTTP/1.1" 200 21948 "-" "Mozilla/5.0 (compatible; AhrefsBot/7.0; +http://ahrefs.com/robot/)"
144.217.158.133 - - [04/Jul/2021:12:17:16 -0400] "GET /wp-login.php HTTP/1.1" 301 582 "-" "Mozilla/5.0 (X11; Ubuntu; Linux x86_64; rv:62.0) Gecko/20100101 Firefox/62.0"
204.48.19.85 - - [04/Jul/2021:12:17:18 -0400] "POST /wp-cron.php?doing_wp_cron=1625415438.1116030216217041015625 HTTP/1.1" 200 6350 "https://angelsonhighstreet.com/wp-cron.php?doing_wp_cron=1625415438.1116030216217041015625" "WordPress/5.7.2; https://angelsonhighstreet.com"
144.217.158.133 - - [04/Jul/2021:12:17:17 -0400] "GET /wp-login.php HTTP/1.1" 200 8107 "http://angelsonhighstreet.com/wp-login.php" "Mozilla/5.0 (X11; Ubuntu; Linux x86_64; rv:62.0) Gecko/20100101 Firefox/62.0"
144.217.158.133 - - [04/Jul/2021:12:17:19 -0400] "GET ///?author=1 HTTP/1.1" 301 576 "-" "Mozilla/5.0 (X11; Ubuntu; Linux x86_64; rv:62.0) Gecko/20100101 Firefox/62.0"
144.217.158.133 - - [04/Jul/2021:12:17:19 -0400] "GET /?author=1 HTTP/1.1" 301 5701 "http://angelsonhighstreet.com///?author=1" "Mozilla/5.0 (X11; Ubuntu; Linux x86_64; rv:62.0) Gecko/20100101 Firefox/62.0"
144.217.158.133 - - [04/Jul/2021:12:17:19 -0400] "GET /author/admin HTTP/1.1" 200 21440 "https://angelsonhighstreet.com/?author=1" "Mozilla/5.0 (X11; Ubuntu; Linux x86_64; rv:62.0) Gecko/20100101 Firefox/62.0"
144.217.158.133 - - [04/Jul/2021:12:17:20 -0400] "GET ///wp-json/wp/v2/users/ HTTP/1.1" 301 598 "-" "Mozilla/5.0 (X11; Ubuntu; Linux x86_64; rv:62.0) Gecko/20100101 Firefox/62.0"
144.217.158.133 - - [04/Jul/2021:12:17:20 -0400] "GET /wp-json/wp/v2/users/ HTTP/1.1" 200 6561 "http://angelsonhighstreet.com///wp-json/wp/v2/users/" "Mozilla/5.0 (X11; Ubuntu; Linux x86_64; rv:62.0) Gecko/20100101 Firefox/62.0"
144.217.158.133 - - [04/Jul/2021:12:17:21 -0400] "GET ///?author=2 HTTP/1.1" 301 576 "-" "Mozilla/5.0 (X11; Ubuntu; Linux x86_64; rv:62.0) Gecko/20100101 Firefox/62.0"
144.217.158.133 - - [04/Jul/2021:12:17:21 -0400] "GET /?author=2 HTTP/1.1" 404 19708 "http://angelsonhighstreet.com///?author=2" "Mozilla/5.0 (X11; Ubuntu; Linux x86_64; rv:62.0) Gecko/20100101 Firefox/62.0"
204.48.19.85 - - [04/Jul/2021:12:18:05 -0400] "POST /wp-cron.php?doing_wp_cron=1625415485.1260221004486083984375 HTTP/1.1" 200 6350 "https://angelsonhighstreet.com/wp-cron.php?doing_wp_cron=1625415485.1260221004486083984375" "WordPress/5.7.2; https://angelsonhighstreet.com"
54.36.148.83 - - [04/Jul/2021:12:18:04 -0400] "GET /shop-full-width?product_view=list&product_count=16&product_orderby=date&product_order=desc HTTP/1.1" 200 22298 "-" "Mozilla/5.0 (compatible; AhrefsBot/7.0; +http://ahrefs.com/robot/)"
204.48.19.85 - - [04/Jul/2021:12:21:43 -0400] "POST /wp-cron.php?doing_wp_cron=1625415703.2845230102539062500000 HTTP/1.1" 200 6350 "https://angelsonhighstreet.com/wp-cron.php?doing_wp_cron=1625415703.2845230102539062500000" "WordPress/5.7.2; https://angelsonhighstreet.com"
54.36.148.152 - - [04/Jul/2021:12:21:42 -0400] "GET /shop-full-width?product_view=list&product_count=16&product_orderby=default&product_order=asc HTTP/1.1" 200 22303 "-" "Mozilla/5.0 (compatible; AhrefsBot/7.0; +http://ahrefs.com/robot/)"
204.48.19.85 - - [04/Jul/2021:12:25:20 -0400] "POST /wp-cron.php?doing_wp_cron=1625415920.2130370140075683593750 HTTP/1.1" 200 6350 "https://angelsonhighstreet.com/wp-cron.php?doing_wp_cron=1625415920.2130370140075683593750" "WordPress/5.7.2; https://angelsonhighstreet.com"
54.36.148.202 - - [04/Jul/2021:12:25:19 -0400] "GET /product-category/salves?product_view=grid&product_count=16&product_order=desc&product_orderby=popularity HTTP/1.1" 200 21390 "-" "Mozilla/5.0 (compatible; AhrefsBot/7.0; +http://ahrefs.com/robot/)"
204.48.19.85 - - [04/Jul/2021:12:27:51 -0400] "POST /wp-cron.php?doing_wp_cron=1625416071.0337998867034912109375 HTTP/1.1" 200 6350 "https://angelsonhighstreet.com/wp-cron.php?doing_wp_cron=1625416071.0337998867034912109375" "WordPress/5.7.2; https://angelsonhighstreet.com"
202.189.180.66 - - [04/Jul/2021:12:27:50 -0400] "POST /wp-login.php HTTP/1.1" 200 8934 "-" "Mozilla/5.0 (Windows NT 6.1; Win64; x64) AppleWebKit/537.36 (KHTML, like Gecko) Chrome/66.0.3359.117 Safari/537.36"
213.164.204.152 - - [04/Jul/2021:12:28:29 -0400] "POST /xmlrpc.php HTTP/1.0" 301 615 "-" "Mozilla/5.0 (Windows NT 6.1; Win64; x64) AppleWebKit/537.36 (KHTML, like Gecko) Chrome/69.0.3497.100 Safari/537.36"
204.48.19.85 - - [04/Jul/2021:12:28:32 -0400] "POST /wp-cron.php?doing_wp_cron=1625416112.4392089843750000000000 HTTP/1.1" 200 6350 "https://angelsonhighstreet.com/wp-cron.php?doing_wp_cron=1625416112.4392089843750000000000" "WordPress/5.7.2; https://angelsonhighstreet.com"
152.89.162.7 - - [04/Jul/2021:12:28:31 -0400] "POST /xmlrpc.php HTTP/1.0" 403 6177 "-" "Mozilla/5.0 (Windows NT 6.1; Win64; x64) AppleWebKit/537.36 (KHTML, like Gecko) Chrome/69.0.3497.100 Safari/537.36"
204.48.19.85 - - [04/Jul/2021:12:29:06 -0400] "POST /wp-cron.php?doing_wp_cron=1625416146.6045799255371093750000 HTTP/1.1" 200 6350 "https://angelsonhighstreet.com/wp-cron.php?doing_wp_cron=1625416146.6045799255371093750000" "WordPress/5.7.2; https://angelsonhighstreet.com"
54.36.148.15 - - [04/Jul/2021:12:29:06 -0400] "GET /shop-full-width?product_view=grid&product_count=48&product_orderby=name&product_order=desc HTTP/1.1" 200 21962 "-" "Mozilla/5.0 (compatible; AhrefsBot/7.0; +http://ahrefs.com/robot/)"
204.48.19.85 - - [04/Jul/2021:12:32:50 -0400] "POST /wp-cron.php?doing_wp_cron=1625416370.2639191150665283203125 HTTP/1.1" 200 6350 "https://angelsonhighstreet.com/wp-cron.php?doing_wp_cron=1625416370.2639191150665283203125" "WordPress/5.7.2; https://angelsonhighstreet.com"
54.36.149.41 - - [04/Jul/2021:12:32:49 -0400] "GET /shop-full-width?product_view=grid&product_count=48&product_orderby=popularity&product_order=asc HTTP/1.1" 200 21972 "-" "Mozilla/5.0 (compatible; AhrefsBot/7.0; +http://ahrefs.com/robot/)"
204.48.19.85 - - [04/Jul/2021:12:36:30 -0400] "POST /wp-cron.php?doing_wp_cron=1625416590.1674029827117919921875 HTTP/1.1" 200 6350 "https://angelsonhighstreet.com/wp-cron.php?doing_wp_cron=1625416590.1674029827117919921875" "WordPress/5.7.2; https://angelsonhighstreet.com"
54.36.149.46 - - [04/Jul/2021:12:36:29 -0400] "GET /shop-full-width?product_view=grid&product_count=48&product_orderby=price&product_order=desc HTTP/1.1" 200 21960 "-" "Mozilla/5.0 (compatible; AhrefsBot/7.0; +http://ahrefs.com/robot/)"
204.48.19.85 - - [04/Jul/2021:12:39:57 -0400] "POST /wp-cron.php?doing_wp_cron=1625416797.1982040405273437500000 HTTP/1.1" 200 6350 "https://angelsonhighstreet.com/wp-cron.php?doing_wp_cron=1625416797.1982040405273437500000" "WordPress/5.7.2; https://angelsonhighstreet.com"
54.36.148.20 - - [04/Jul/2021:12:39:56 -0400] "GET /shop-full-width?product_view=grid&product_count=48&product_orderby=rating&product_order=asc HTTP/1.1" 200 21923 "-" "Mozilla/5.0 (compatible; AhrefsBot/7.0; +http://ahrefs.com/robot/)"
204.48.19.85 - - [04/Jul/2021:12:43:16 -0400] "POST /wp-cron.php?doing_wp_cron=1625416996.6256821155548095703125 HTTP/1.1" 200 6350 "https://angelsonhighstreet.com/wp-cron.php?doing_wp_cron=1625416996.6256821155548095703125" "WordPress/5.7.2; https://angelsonhighstreet.com"
54.36.149.38 - - [04/Jul/2021:12:43:16 -0400] "GET /shop-full-width?product_view=list&product_count=16&product_orderby=popularity&product_order=asc HTTP/1.1" 200 22299 "-" "Mozilla/5.0 (compatible; AhrefsBot/7.0; +http://ahrefs.com/robot/)"
204.48.19.85 - - [04/Jul/2021:12:46:46 -0400] "POST /wp-cron.php?doing_wp_cron=1625417206.5267910957336425781250 HTTP/1.1" 200 6350 "https://angelsonhighstreet.com/wp-cron.php?doing_wp_cron=1625417206.5267910957336425781250" "WordPress/5.7.2; https://angelsonhighstreet.com"
54.36.148.148 - - [04/Jul/2021:12:46:46 -0400] "GET /shop-full-width?product_view=list&product_count=16&product_orderby=rating&product_order=asc HTTP/1.1" 200 22266 "-" "Mozilla/5.0 (compatible; AhrefsBot/7.0; +http://ahrefs.com/robot/)"
204.48.19.85 - - [04/Jul/2021:12:50:30 -0400] "POST /wp-cron.php?doing_wp_cron=1625417430.8318030834197998046875 HTTP/1.1" 200 6350 "https://angelsonhighstreet.com/wp-cron.php?doing_wp_cron=1625417430.8318030834197998046875" "WordPress/5.7.2; https://angelsonhighstreet.com"
54.36.148.32 - - [04/Jul/2021:12:50:30 -0400] "GET /shop-full-width?product_view=list&product_count=32&product_orderby=date&product_order=asc HTTP/1.1" 200 22311 "-" "Mozilla/5.0 (compatible; AhrefsBot/7.0; +http://ahrefs.com/robot/)"
204.48.19.85 - - [04/Jul/2021:12:54:10 -0400] "POST /wp-cron.php?doing_wp_cron=1625417650.8530929088592529296875 HTTP/1.1" 200 6350 "https://angelsonhighstreet.com/wp-cron.php?doing_wp_cron=1625417650.8530929088592529296875" "WordPress/5.7.2; https://angelsonhighstreet.com"
54.36.148.255 - - [04/Jul/2021:12:54:10 -0400] "GET /shop-full-width?product_view=list&product_count=32&product_orderby=default&product_order=desc HTTP/1.1" 200 22306 "-" "Mozilla/5.0 (compatible; AhrefsBot/7.0; +http://ahrefs.com/robot/)"
204.48.19.85 - - [04/Jul/2021:12:57:47 -0400] "POST /wp-cron.php?doing_wp_cron=1625417867.2177679538726806640625 HTTP/1.1" 200 6350 "https://angelsonhighstreet.com/wp-cron.php?doing_wp_cron=1625417867.2177679538726806640625" "WordPress/5.7.2; https://angelsonhighstreet.com"
54.36.148.139 - - [04/Jul/2021:12:57:46 -0400] "GET /product-category/salves?product_view=list&product_count=16&product_order=desc&product_orderby=popularity HTTP/1.1" 200 21674 "-" "Mozilla/5.0 (compatible; AhrefsBot/7.0; +http://ahrefs.com/robot/)"
204.48.19.85 - - [04/Jul/2021:13:01:15 -0400] "POST /wp-cron.php?doing_wp_cron=1625418075.1657440662384033203125 HTTP/1.1" 200 6350 "https://angelsonhighstreet.com/wp-cron.php?doing_wp_cron=1625418075.1657440662384033203125" "WordPress/5.7.2; https://angelsonhighstreet.com"
54.36.148.99 - - [04/Jul/2021:13:01:14 -0400] "GET /product-category/salves?product_orderby=default&product_order=asc&product_view=list&product_count=32 HTTP/1.1" 200 21363 "-" "Mozilla/5.0 (compatible; AhrefsBot/7.0; +http://ahrefs.com/robot/)"
204.48.19.85 - - [04/Jul/2021:13:04:26 -0400] "POST /wp-cron.php?doing_wp_cron=1625418266.8724699020385742187500 HTTP/1.1" 200 6350 "https://angelsonhighstreet.com/wp-cron.php?doing_wp_cron=1625418266.8724699020385742187500" "WordPress/5.7.2; https://angelsonhighstreet.com"
54.36.148.154 - - [04/Jul/2021:13:04:26 -0400] "GET /product-category/salves?product_orderby=date&product_order=asc&product_view=list&product_count=48 HTTP/1.1" 200 21368 "-" "Mozilla/5.0 (compatible; AhrefsBot/7.0; +http://ahrefs.com/robot/)"
204.48.19.85 - - [04/Jul/2021:13:07:55 -0400] "POST /wp-cron.php?doing_wp_cron=1625418475.1005420684814453125000 HTTP/1.1" 200 6350 "https://angelsonhighstreet.com/wp-cron.php?doing_wp_cron=1625418475.1005420684814453125000" "WordPress/5.7.2; https://angelsonhighstreet.com"
54.36.148.88 - - [04/Jul/2021:13:07:54 -0400] "GET /shop-full-width?product_view=list&product_count=16&product_orderby=name&product_order=desc HTTP/1.1" 200 22305 "-" "Mozilla/5.0 (compatible; AhrefsBot/7.0; +http://ahrefs.com/robot/)"
204.48.19.85 - - [04/Jul/2021:13:11:27 -0400] "POST /wp-cron.php?doing_wp_cron=1625418687.2243390083312988281250 HTTP/1.1" 200 6350 "https://angelsonhighstreet.com/wp-cron.php?doing_wp_cron=1625418687.2243390083312988281250" "WordPress/5.7.2; https://angelsonhighstreet.com"
54.36.149.58 - - [04/Jul/2021:13:11:26 -0400] "GET /product-category/salves?product_orderby=date&product_order=asc&product_view=grid&product_count=16 HTTP/1.1" 200 21475 "-" "Mozilla/5.0 (compatible; AhrefsBot/7.0; +http://ahrefs.com/robot/)"
122.116.248.74 - - [04/Jul/2021:13:11:47 -0400] "POST /wp-login.php HTTP/1.1" 200 8934 "-" "Mozilla/5.0 (Windows NT 6.1) AppleWebKit/537.36 (KHTML, like Gecko) Chrome/80.0.3987.132 Safari/537.36"
204.48.19.85 - - [04/Jul/2021:13:14:48 -0400] "POST /wp-cron.php?doing_wp_cron=1625418888.4820179939270019531250 HTTP/1.1" 200 6350 "https://angelsonhighstreet.com/wp-cron.php?doing_wp_cron=1625418888.4820179939270019531250" "WordPress/5.7.2; https://angelsonhighstreet.com"
54.36.148.99 - - [04/Jul/2021:13:14:48 -0400] "GET /shop-full-width?product_view=list&product_count=16&product_orderby=price&product_order=desc HTTP/1.1" 200 22310 "-" "Mozilla/5.0 (compatible; AhrefsBot/7.0; +http://ahrefs.com/robot/)"
204.48.19.85 - - [04/Jul/2021:13:18:02 -0400] "POST /wp-cron.php?doing_wp_cron=1625419082.5939419269561767578125 HTTP/1.1" 200 6350 "https://angelsonhighstreet.com/wp-cron.php?doing_wp_cron=1625419082.5939419269561767578125" "WordPress/5.7.2; https://angelsonhighstreet.com"
54.36.148.184 - - [04/Jul/2021:13:18:02 -0400] "GET /shop-full-width?product_view=grid&product_count=32&product_orderby=name&product_order=desc HTTP/1.1" 200 21932 "-" "Mozilla/5.0 (compatible; AhrefsBot/7.0; +http://ahrefs.com/robot/)"
204.48.19.85 - - [04/Jul/2021:13:21:07 -0400] "POST /wp-cron.php?doing_wp_cron=1625419267.0071930885314941406250 HTTP/1.1" 200 6350 "https://angelsonhighstreet.com/wp-cron.php?doing_wp_cron=1625419267.0071930885314941406250" "WordPress/5.7.2; https://angelsonhighstreet.com"
54.36.148.28 - - [04/Jul/2021:13:21:06 -0400] "GET /shop-full-width?product_view=grid&product_count=48&product_orderby=name&product_order=asc HTTP/1.1" 200 21931 "-" "Mozilla/5.0 (compatible; AhrefsBot/7.0; +http://ahrefs.com/robot/)"
204.48.19.85 - - [04/Jul/2021:13:24:23 -0400] "POST /wp-cron.php?doing_wp_cron=1625419463.7142400741577148437500 HTTP/1.1" 200 6350 "https://angelsonhighstreet.com/wp-cron.php?doing_wp_cron=1625419463.7142400741577148437500" "WordPress/5.7.2; https://angelsonhighstreet.com"
54.36.149.25 - - [04/Jul/2021:13:24:23 -0400] "GET /shop-full-width?product_view=grid&product_count=48&product_orderby=popularity&product_order=desc HTTP/1.1" 200 21971 "-" "Mozilla/5.0 (compatible; AhrefsBot/7.0; +http://ahrefs.com/robot/)"
204.48.19.85 - - [04/Jul/2021:13:26:28 -0400] "POST /wp-cron.php?doing_wp_cron=1625419588.2565400600433349609375 HTTP/1.1" 200 6350 "https://angelsonhighstreet.com/wp-cron.php?doing_wp_cron=1625419588.2565400600433349609375" "WordPress/5.7.2; https://angelsonhighstreet.com"
174.198.35.223 - - [04/Jul/2021:13:26:27 -0400] "GET /admin HTTP/1.1" 302 6073 "-" "Mozilla/5.0 (Linux; Android 11; SM-G973U) AppleWebKit/537.36 (KHTML, like Gecko) Chrome/83.0.4103.106 Mobile Safari/537.36"
204.48.19.85 - - [04/Jul/2021:13:27:27 -0400] "POST /wp-cron.php?doing_wp_cron=1625419647.2089970111846923828125 HTTP/1.1" 200 6350 "https://angelsonhighstreet.com/wp-cron.php?doing_wp_cron=1625419647.2089970111846923828125" "WordPress/5.7.2; https://angelsonhighstreet.com"
54.36.148.212 - - [04/Jul/2021:13:27:26 -0400] "GET /shop-full-width?product_view=grid&product_count=48&product_orderby=price&product_order=asc HTTP/1.1" 200 21972 "-" "Mozilla/5.0 (compatible; AhrefsBot/7.0; +http://ahrefs.com/robot/)"
204.48.19.85 - - [04/Jul/2021:13:28:22 -0400] "POST /wp-cron.php?doing_wp_cron=1625419702.9038550853729248046875 HTTP/1.1" 200 6350 "https://angelsonhighstreet.com/wp-cron.php?doing_wp_cron=1625419702.9038550853729248046875" "WordPress/5.7.2; https://angelsonhighstreet.com"
157.55.39.62 - - [04/Jul/2021:13:28:22 -0400] "GET /shop/cbg-salve-with-lifter-terpenes HTTP/1.1" 200 28796 "-" "Mozilla/5.0 (compatible; bingbot/2.0; +http://www.bing.com/bingbot.htm)"
204.48.19.85 - - [04/Jul/2021:13:30:48 -0400] "POST /wp-cron.php?doing_wp_cron=1625419848.6395359039306640625000 HTTP/1.1" 200 6350 "https://angelsonhighstreet.com/wp-cron.php?doing_wp_cron=1625419848.6395359039306640625000" "WordPress/5.7.2; https://angelsonhighstreet.com"
54.36.148.39 - - [04/Jul/2021:13:30:48 -0400] "GET /shop-full-width?product_view=grid&product_count=48&product_orderby=rating&product_order=desc HTTP/1.1" 200 21943 "-" "Mozilla/5.0 (compatible; AhrefsBot/7.0; +http://ahrefs.com/robot/)"
204.48.19.85 - - [04/Jul/2021:13:33:55 -0400] "POST /wp-cron.php?doing_wp_cron=1625420035.4180419445037841796875 HTTP/1.1" 200 6350 "https://angelsonhighstreet.com/wp-cron.php?doing_wp_cron=1625420035.4180419445037841796875" "WordPress/5.7.2; https://angelsonhighstreet.com"
174.198.35.223 - - [04/Jul/2021:13:33:54 -0400] "GET /admin HTTP/1.1" 302 6820 "-" "Mozilla/5.0 (Linux; Android 11; SM-G973U) AppleWebKit/537.36 (KHTML, like Gecko) Chrome/83.0.4103.106 Mobile Safari/537.36"
204.48.19.85 - - [04/Jul/2021:13:33:58 -0400] "POST /wp-cron.php?doing_wp_cron=1625420038.5656790733337402343750 HTTP/1.1" 200 6350 "https://angelsonhighstreet.com/wp-cron.php?doing_wp_cron=1625420038.5656790733337402343750" "WordPress/5.7.2; https://angelsonhighstreet.com"
174.198.35.223 - - [04/Jul/2021:13:33:58 -0400] "GET /wp-admin/ HTTP/1.1" 302 496 "-" "Mozilla/5.0 (Linux; Android 11; SM-G973U) AppleWebKit/537.36 (KHTML, like Gecko) Chrome/83.0.4103.106 Mobile Safari/537.36"
174.198.35.223 - - [04/Jul/2021:13:34:01 -0400] "GET /wp-login.php?redirect_to=https%3A%2F%2Fangelsonhighstreet.com%2Fwp-admin%2F&reauth=1 HTTP/1.1" 200 4867 "-" "Mozilla/5.0 (Linux; Android 11; SM-G973U) AppleWebKit/537.36 (KHTML, like Gecko) Chrome/83.0.4103.106 Mobile Safari/537.36"
174.198.35.223 - - [04/Jul/2021:13:34:04 -0400] "POST /wp-login.php HTTP/1.1" 302 7280 "https://angelsonhighstreet.com/wp-login.php?redirect_to=https%3A%2F%2Fangelsonhighstreet.com%2Fwp-admin%2F&reauth=1" "Mozilla/5.0 (Linux; Android 11; SM-G973U) AppleWebKit/537.36 (KHTML, like Gecko) Chrome/83.0.4103.106 Mobile Safari/537.36"
174.198.35.223 - - [04/Jul/2021:13:34:08 -0400] "GET /wp-includes/js/zxcvbn.min.js HTTP/1.1" 200 404250 "https://angelsonhighstreet.com/wp-login.php?redirect_to=https%3A%2F%2Fangelsonhighstreet.com%2Fwp-admin%2F&reauth=1" "Mozilla/5.0 (Linux; Android 11; SM-G973U) AppleWebKit/537.36 (KHTML, like Gecko) Chrome/83.0.4103.106 Mobile Safari/537.36"
174.198.35.223 - - [04/Jul/2021:13:34:08 -0400] "GET /wp-admin/ HTTP/1.1" 200 51764 "https://angelsonhighstreet.com/wp-login.php?redirect_to=https%3A%2F%2Fangelsonhighstreet.com%2Fwp-admin%2F&reauth=1" "Mozilla/5.0 (Linux; Android 11; SM-G973U) AppleWebKit/537.36 (KHTML, like Gecko) Chrome/83.0.4103.106 Mobile Safari/537.36"
204.48.19.85 - - [04/Jul/2021:13:34:10 -0400] "POST /wp-cron.php?doing_wp_cron=1625420050.6334810256958007812500 HTTP/1.1" 200 6350 "https://angelsonhighstreet.com/wp-cron.php?doing_wp_cron=1625420050.6334810256958007812500" "WordPress/5.7.2; https://angelsonhighstreet.com"
54.36.149.106 - - [04/Jul/2021:13:34:10 -0400] "GET /shop-full-width?product_view=list&product_count=16&product_orderby=name&product_order=asc HTTP/1.1" 200 22282 "-" "Mozilla/5.0 (compatible; AhrefsBot/7.0; +http://ahrefs.com/robot/)"
174.198.35.223 - - [04/Jul/2021:13:34:15 -0400] "GET /wp-content/plugins/wp-optimize/js/minify-admin-purge-3-1-9.min.js?ver=3.1.9 HTTP/1.1" 404 15273 "https://angelsonhighstreet.com/wp-admin/" "Mozilla/5.0 (Linux; Android 11; SM-G973U) AppleWebKit/537.36 (KHTML, like Gecko) Chrome/83.0.4103.106 Mobile Safari/537.36"
174.198.35.223 - - [04/Jul/2021:13:34:17 -0400] "POST /wp-admin/admin-ajax.php HTTP/1.1" 200 1176 "https://angelsonhighstreet.com/wp-admin/" "Mozilla/5.0 (Linux; Android 11; SM-G973U) AppleWebKit/537.36 (KHTML, like Gecko) Chrome/83.0.4103.106 Mobile Safari/537.36"
174.198.35.223 - - [04/Jul/2021:13:34:17 -0400] "POST /wp-admin/admin-ajax.php HTTP/1.1" 200 1176 "https://angelsonhighstreet.com/wp-admin/" "Mozilla/5.0 (Linux; Android 11; SM-G973U) AppleWebKit/537.36 (KHTML, like Gecko) Chrome/83.0.4103.106 Mobile Safari/537.36"
174.198.35.223 - - [04/Jul/2021:13:34:21 -0400] "POST /wp-admin/admin-ajax.php HTTP/1.1" 200 4547 "https://angelsonhighstreet.com/wp-admin/" "Mozilla/5.0 (Linux; Android 11; SM-G973U) AppleWebKit/537.36 (KHTML, like Gecko) Chrome/83.0.4103.106 Mobile Safari/537.36"
204.48.19.85 - - [04/Jul/2021:13:35:40 -0400] "POST /wp-cron.php?doing_wp_cron=1625420140.1613700389862060546875 HTTP/1.1" 200 6350 "https://angelsonhighstreet.com/wp-cron.php?doing_wp_cron=1625420140.1613700389862060546875" "WordPress/5.7.2; https://angelsonhighstreet.com"
46.21.250.195 - - [04/Jul/2021:13:35:39 -0400] "GET / HTTP/1.1" 200 118300 "-" "Mozilla/5.0 (compatible; MSIE 6.0; Windows CE; Trident/5.1)"
46.21.250.195 - - [04/Jul/2021:13:35:41 -0400] "POST / HTTP/1.1" 200 117227 "-" "Mozilla/5.0 (compatible; MSIE 6.0; Windows CE; Trident/5.1)"
46.21.250.195 - - [04/Jul/2021:13:35:42 -0400] "GET /affiliate-home/affiliate-register HTTP/1.1" 200 84941 "-" "Mozilla/5.0 (compatible; MSIE 6.0; Windows CE; Trident/5.1)"
46.21.250.195 - - [04/Jul/2021:13:35:43 -0400] "POST /affiliate-home/affiliate-register HTTP/1.1" 200 68296 "-" "Mozilla/5.0 (compatible; MSIE 6.0; Windows CE; Trident/5.1)"
46.21.250.195 - - [04/Jul/2021:13:35:44 -0400] "GET /contact-us HTTP/1.1" 200 68473 "-" "Mozilla/5.0 (compatible; MSIE 6.0; Windows CE; Trident/5.1)"
46.21.250.195 - - [04/Jul/2021:13:35:45 -0400] "POST /contact-us HTTP/1.1" 200 67475 "-" "Mozilla/5.0 (compatible; MSIE 6.0; Windows CE; Trident/5.1)"
204.48.19.85 - - [04/Jul/2021:13:36:03 -0400] "POST /wp-cron.php?doing_wp_cron=1625420163.9040369987487792968750 HTTP/1.1" 200 6350 "https://angelsonhighstreet.com/wp-cron.php?doing_wp_cron=1625420163.9040369987487792968750" "WordPress/5.7.2; https://angelsonhighstreet.com"
82.202.165.100 - - [04/Jul/2021:13:36:03 -0400] "GET / HTTP/1.1" 200 117018 "-" "Mozilla/5.0 (compatible; MSIE 6.0; Windows NT 4.0; Trident/3.1)"
82.202.165.100 - - [04/Jul/2021:13:36:05 -0400] "POST / HTTP/1.1" 200 117230 "-" "Mozilla/5.0 (compatible; MSIE 6.0; Windows NT 4.0; Trident/3.1)"
82.202.165.100 - - [04/Jul/2021:13:36:06 -0400] "GET /affiliate-home/affiliate-register HTTP/1.1" 200 84941 "-" "Mozilla/5.0 (compatible; MSIE 6.0; Windows NT 4.0; Trident/3.1)"
82.202.165.100 - - [04/Jul/2021:13:36:07 -0400] "POST /affiliate-home/affiliate-register HTTP/1.1" 200 68296 "-" "Mozilla/5.0 (compatible; MSIE 6.0; Windows NT 4.0; Trident/3.1)"
82.202.165.100 - - [04/Jul/2021:13:36:08 -0400] "GET /contact-us HTTP/1.1" 200 68473 "-" "Mozilla/5.0 (compatible; MSIE 6.0; Windows NT 4.0; Trident/3.1)"
82.202.165.100 - - [04/Jul/2021:13:36:09 -0400] "POST /contact-us HTTP/1.1" 200 68736 "-" "Mozilla/5.0 (compatible; MSIE 6.0; Windows NT 4.0; Trident/3.1)"
204.48.19.85 - - [04/Jul/2021:13:37:33 -0400] "POST /wp-cron.php?doing_wp_cron=1625420253.6356990337371826171875 HTTP/1.1" 200 6350 "https://angelsonhighstreet.com/wp-cron.php?doing_wp_cron=1625420253.6356990337371826171875" "WordPress/5.7.2; https://angelsonhighstreet.com"
54.36.148.51 - - [04/Jul/2021:13:37:33 -0400] "GET /shop-full-width?product_view=list&product_count=16&product_orderby=popularity&product_order=desc HTTP/1.1" 200 22363 "-" "Mozilla/5.0 (compatible; AhrefsBot/7.0; +http://ahrefs.com/robot/)"
204.48.19.85 - - [04/Jul/2021:13:40:53 -0400] "POST /wp-cron.php?doing_wp_cron=1625420453.1437199115753173828125 HTTP/1.1" 200 6350 "https://angelsonhighstreet.com/wp-cron.php?doing_wp_cron=1625420453.1437199115753173828125" "WordPress/5.7.2; https://angelsonhighstreet.com"
54.36.148.118 - - [04/Jul/2021:13:40:52 -0400] "GET /shop-full-width?product_view=list&product_count=16&product_orderby=price&product_order=asc HTTP/1.1" 200 22319 "-" "Mozilla/5.0 (compatible; AhrefsBot/7.0; +http://ahrefs.com/robot/)"
204.48.19.85 - - [04/Jul/2021:13:44:11 -0400] "POST /wp-cron.php?doing_wp_cron=1625420651.0805308818817138671875 HTTP/1.1" 200 6350 "https://angelsonhighstreet.com/wp-cron.php?doing_wp_cron=1625420651.0805308818817138671875" "WordPress/5.7.2; https://angelsonhighstreet.com"
54.36.148.153 - - [04/Jul/2021:13:44:10 -0400] "GET /shop-full-width?product_view=list&product_count=16&product_orderby=rating&product_order=desc HTTP/1.1" 200 22296 "-" "Mozilla/5.0 (compatible; AhrefsBot/7.0; +http://ahrefs.com/robot/)"
204.48.19.85 - - [04/Jul/2021:13:45:40 -0400] "POST /wp-cron.php?doing_wp_cron=1625420740.2609701156616210937500 HTTP/1.1" 200 6350 "https://angelsonhighstreet.com/wp-cron.php?doing_wp_cron=1625420740.2609701156616210937500" "WordPress/5.7.2; https://angelsonhighstreet.com"
185.2.5.47 - - [04/Jul/2021:13:45:39 -0400] "POST /wp-login.php HTTP/1.1" 200 8934 "-" "Mozilla/5.0 (Windows NT 6.3; Win64; x64) AppleWebKit/537.36 (KHTML, like Gecko) Chrome/67.0.3396.99 Safari/537.36"
204.48.19.85 - - [04/Jul/2021:13:47:43 -0400] "POST /wp-cron.php?doing_wp_cron=1625420863.8045868873596191406250 HTTP/1.1" 200 6350 "https://angelsonhighstreet.com/wp-cron.php?doing_wp_cron=1625420863.8045868873596191406250" "WordPress/5.7.2; https://angelsonhighstreet.com"
54.36.148.166 - - [04/Jul/2021:13:47:43 -0400] "GET /shop-full-width?product_view=list&product_count=48&product_orderby=name&product_order=desc HTTP/1.1" 200 22281 "-" "Mozilla/5.0 (compatible; AhrefsBot/7.0; +http://ahrefs.com/robot/)"
204.48.19.85 - - [04/Jul/2021:13:51:17 -0400] "POST /wp-cron.php?doing_wp_cron=1625421077.7863841056823730468750 HTTP/1.1" 200 6350 "https://angelsonhighstreet.com/wp-cron.php?doing_wp_cron=1625421077.7863841056823730468750" "WordPress/5.7.2; https://angelsonhighstreet.com"
54.36.149.23 - - [04/Jul/2021:13:51:17 -0400] "GET /shop-full-width?product_view=list&product_count=48&product_orderby=popularity&product_order=asc HTTP/1.1" 200 22336 "-" "Mozilla/5.0 (compatible; AhrefsBot/7.0; +http://ahrefs.com/robot/)"
204.48.19.85 - - [04/Jul/2021:13:54:55 -0400] "POST /wp-cron.php?doing_wp_cron=1625421295.4082460403442382812500 HTTP/1.1" 200 6350 "https://angelsonhighstreet.com/wp-cron.php?doing_wp_cron=1625421295.4082460403442382812500" "WordPress/5.7.2; https://angelsonhighstreet.com"
54.36.149.28 - - [04/Jul/2021:13:54:54 -0400] "GET /shop-full-width?product_view=list&product_count=48&product_orderby=rating&product_order=asc HTTP/1.1" 200 22272 "-" "Mozilla/5.0 (compatible; AhrefsBot/7.0; +http://ahrefs.com/robot/)"
204.48.19.85 - - [04/Jul/2021:13:58:20 -0400] "POST /wp-cron.php?doing_wp_cron=1625421500.5520009994506835937500 HTTP/1.1" 200 6350 "https://angelsonhighstreet.com/wp-cron.php?doing_wp_cron=1625421500.5520009994506835937500" "WordPress/5.7.2; https://angelsonhighstreet.com"
54.36.148.75 - - [04/Jul/2021:13:58:20 -0400] "GET /shop-full-width?product_view=list&product_count=48&product_orderby=date&product_order=desc HTTP/1.1" 200 22278 "-" "Mozilla/5.0 (compatible; AhrefsBot/7.0; +http://ahrefs.com/robot/)"
204.48.19.85 - - [04/Jul/2021:14:01:46 -0400] "POST /wp-cron.php?doing_wp_cron=1625421706.0464899539947509765625 HTTP/1.1" 200 6350 "https://angelsonhighstreet.com/wp-cron.php?doing_wp_cron=1625421706.0464899539947509765625" "WordPress/5.7.2; https://angelsonhighstreet.com"
54.36.148.234 - - [04/Jul/2021:14:01:45 -0400] "GET /shop-full-width?product_view=list&product_count=48&product_orderby=default&product_order=asc HTTP/1.1" 200 22280 "-" "Mozilla/5.0 (compatible; AhrefsBot/7.0; +http://ahrefs.com/robot/)"
204.48.19.85 - - [04/Jul/2021:14:02:05 -0400] "POST /wp-cron.php?doing_wp_cron=1625421725.6672029495239257812500 HTTP/1.1" 200 6350 "https://angelsonhighstreet.com/wp-cron.php?doing_wp_cron=1625421725.6672029495239257812500" "WordPress/5.7.2; https://angelsonhighstreet.com"
117.50.90.31 - - [04/Jul/2021:14:02:05 -0400] "POST /wp-login.php HTTP/1.1" 200 8934 "-" "Mozilla/5.0 (Windows NT 10.0; WOW64) AppleWebKit/537.36 (KHTML, like Gecko) Chrome/46.0.2490.86 Safari/537.36"
204.48.19.85 - - [04/Jul/2021:14:05:17 -0400] "POST /wp-cron.php?doing_wp_cron=1625421917.3913190364837646484375 HTTP/1.1" 200 6350 "https://angelsonhighstreet.com/wp-cron.php?doing_wp_cron=1625421917.3913190364837646484375" "WordPress/5.7.2; https://angelsonhighstreet.com"
54.36.148.239 - - [04/Jul/2021:14:05:16 -0400] "GET /shop-full-width?product_view=list&product_count=32&product_orderby=name&product_order=desc HTTP/1.1" 200 22311 "-" "Mozilla/5.0 (compatible; AhrefsBot/7.0; +http://ahrefs.com/robot/)"
204.48.19.85 - - [04/Jul/2021:14:08:57 -0400] "POST /wp-cron.php?doing_wp_cron=1625422137.2270441055297851562500 HTTP/1.1" 200 6350 "https://angelsonhighstreet.com/wp-cron.php?doing_wp_cron=1625422137.2270441055297851562500" "WordPress/5.7.2; https://angelsonhighstreet.com"
54.36.148.209 - - [04/Jul/2021:14:08:56 -0400] "GET /shop-full-width?product_view=list&product_count=32&product_orderby=popularity&product_order=asc HTTP/1.1" 200 22335 "-" "Mozilla/5.0 (compatible; AhrefsBot/7.0; +http://ahrefs.com/robot/)"
81.88.52.137 - - [04/Jul/2021:14:09:54 -0400] "POST /wp-login.php HTTP/1.1" 200 8934 "-" "Mozilla/5.0 (Windows NT 6.1; Win64; x64) AppleWebKit/537.36 (KHTML, like Gecko) Chrome/60.0.3112.113 Safari/537.36"
204.48.19.85 - - [04/Jul/2021:14:10:00 -0400] "POST /wp-cron.php?doing_wp_cron=1625422200.8630530834197998046875 HTTP/1.1" 200 6350 "https://angelsonhighstreet.com/wp-cron.php?doing_wp_cron=1625422200.8630530834197998046875" "WordPress/5.7.2; https://angelsonhighstreet.com"
185.191.34.215 - - [04/Jul/2021:14:10:00 -0400] "GET /vuln.php?cmd=php%20-r%20%27die(pi()*42)%3B%27 HTTP/1.1" 404 20239 "-" "Mozilla/5.0 (Windows NT 10.0; Win64; x64; rv:67.0) Gecko/20100101 Firefox/67.0"
204.48.19.85 - - [04/Jul/2021:14:12:20 -0400] "POST /wp-cron.php?doing_wp_cron=1625422340.2702479362487792968750 HTTP/1.1" 200 6350 "https://angelsonhighstreet.com/wp-cron.php?doing_wp_cron=1625422340.2702479362487792968750" "WordPress/5.7.2; https://angelsonhighstreet.com"
54.36.149.70 - - [04/Jul/2021:14:12:19 -0400] "GET /shop-full-width?product_view=list&product_count=48&product_orderby=price&product_order=desc HTTP/1.1" 200 22314 "-" "Mozilla/5.0 (compatible; AhrefsBot/7.0; +http://ahrefs.com/robot/)"
204.48.19.85 - - [04/Jul/2021:14:15:44 -0400] "POST /wp-cron.php?doing_wp_cron=1625422544.6202299594879150390625 HTTP/1.1" 200 6350 "https://angelsonhighstreet.com/wp-cron.php?doing_wp_cron=1625422544.6202299594879150390625" "WordPress/5.7.2; https://angelsonhighstreet.com"
54.36.148.193 - - [04/Jul/2021:14:15:44 -0400] "GET /product-category/salves?product_orderby=default&product_order=asc&product_view=list&product_count=16 HTTP/1.1" 200 21360 "-" "Mozilla/5.0 (compatible; AhrefsBot/7.0; +http://ahrefs.com/robot/)"
204.48.19.85 - - [04/Jul/2021:14:18:55 -0400] "POST /wp-cron.php?doing_wp_cron=1625422735.5799660682678222656250 HTTP/1.1" 200 6350 "https://angelsonhighstreet.com/wp-cron.php?doing_wp_cron=1625422735.5799660682678222656250" "WordPress/5.7.2; https://angelsonhighstreet.com"
54.36.149.25 - - [04/Jul/2021:14:18:55 -0400] "GET /shop-full-width?product_view=grid&product_count=32&product_orderby=date&product_order=desc HTTP/1.1" 200 21953 "-" "Mozilla/5.0 (compatible; AhrefsBot/7.0; +http://ahrefs.com/robot/)"
204.48.19.85 - - [04/Jul/2021:14:22:21 -0400] "POST /wp-cron.php?doing_wp_cron=1625422941.0435979366302490234375 HTTP/1.1" 200 6350 "https://angelsonhighstreet.com/wp-cron.php?doing_wp_cron=1625422941.0435979366302490234375" "WordPress/5.7.2; https://angelsonhighstreet.com"
54.36.148.254 - - [04/Jul/2021:14:22:20 -0400] "GET /shop-full-width?product_view=grid&product_count=32&product_orderby=default&product_order=asc HTTP/1.1" 200 21921 "-" "Mozilla/5.0 (compatible; AhrefsBot/7.0; +http://ahrefs.com/robot/)"
204.48.19.85 - - [04/Jul/2021:14:23:36 -0400] "POST /wp-cron.php?doing_wp_cron=1625423016.5796859264373779296875 HTTP/1.1" 200 6350 "https://angelsonhighstreet.com/wp-cron.php?doing_wp_cron=1625423016.5796859264373779296875" "WordPress/5.7.2; https://angelsonhighstreet.com"
