204.48.19.85 - - [11/Jul/2021:00:00:14 -0400] "POST /wp-cron.php?doing_wp_cron=1625976014.5574560165405273437500 HTTP/1.1" 200 6350 "https://angelsonhighstreet.com/wp-cron.php?doing_wp_cron=1625976014.5574560165405273437500" "WordPress/5.7.2; https://angelsonhighstreet.com"
54.36.149.3 - - [11/Jul/2021:00:00:12 -0400] "GET /product-category/oils?product_orderby=popularity&product_count=48&product_order=desc&product_view=list HTTP/1.1" 200 21572 "-" "Mozilla/5.0 (compatible; AhrefsBot/7.0; +http://ahrefs.com/robot/)"
146.168.43.170 - - [11/Jul/2021:00:01:35 -0400] "GET / HTTP/1.1" 301 595 "https://l.facebook.com/" "Mozilla/5.0 (Linux; Android 10; SM-G960U Build/QP1A.190711.020; wv) AppleWebKit/537.36 (KHTML, like Gecko) Version/4.0 Chrome/91.0.4472.120 Mobile Safari/537.36 [FB_IAB/FB4A;FBAV/325.0.0.36.170;]"
204.48.19.85 - - [11/Jul/2021:00:01:35 -0400] "POST /wp-cron.php?doing_wp_cron=1625976095.7426669597625732421875 HTTP/1.1" 200 6350 "https://angelsonhighstreet.com/wp-cron.php?doing_wp_cron=1625976095.7426669597625732421875" "WordPress/5.7.2; https://angelsonhighstreet.com"
146.168.43.170 - - [11/Jul/2021:00:01:35 -0400] "GET / HTTP/1.1" 200 26149 "https://l.facebook.com/" "Mozilla/5.0 (Linux; Android 10; SM-G960U Build/QP1A.190711.020; wv) AppleWebKit/537.36 (KHTML, like Gecko) Version/4.0 Chrome/91.0.4472.120 Mobile Safari/537.36 [FB_IAB/FB4A;FBAV/325.0.0.36.170;]"
146.168.43.170 - - [11/Jul/2021:00:01:36 -0400] "GET /wp-content/plugins/woocommerce/packages/woocommerce-blocks/build/vendors-style.css?ver=4.9.1 HTTP/1.1" 200 1477 "https://angelsonhighstreet.com/" "Mozilla/5.0 (Linux; Android 10; SM-G960U Build/QP1A.190711.020; wv) AppleWebKit/537.36 (KHTML, like Gecko) Version/4.0 Chrome/91.0.4472.120 Mobile Safari/537.36 [FB_IAB/FB4A;FBAV/325.0.0.36.170;]"
146.168.43.170 - - [11/Jul/2021:00:01:36 -0400] "GET /wp-content/plugins/woocommerce/packages/woocommerce-blocks/build/style.css?ver=4.9.1 HTTP/1.1" 200 19628 "https://angelsonhighstreet.com/" "Mozilla/5.0 (Linux; Android 10; SM-G960U Build/QP1A.190711.020; wv) AppleWebKit/537.36 (KHTML, like Gecko) Version/4.0 Chrome/91.0.4472.120 Mobile Safari/537.36 [FB_IAB/FB4A;FBAV/325.0.0.36.170;]"
146.168.43.170 - - [11/Jul/2021:00:01:36 -0400] "GET /wp-content/plugins/age-gate/public/css/age-gate-public.css?ver=2.15.0 HTTP/1.1" 200 2377 "https://angelsonhighstreet.com/" "Mozilla/5.0 (Linux; Android 10; SM-G960U Build/QP1A.190711.020; wv) AppleWebKit/537.36 (KHTML, like Gecko) Version/4.0 Chrome/91.0.4472.120 Mobile Safari/537.36 [FB_IAB/FB4A;FBAV/325.0.0.36.170;]"
146.168.43.170 - - [11/Jul/2021:00:01:36 -0400] "GET /wp-content/plugins/age-gate/public/css/age-gate-custom.css?ver=2.15.0 HTTP/1.1" 200 1033 "https://angelsonhighstreet.com/" "Mozilla/5.0 (Linux; Android 10; SM-G960U Build/QP1A.190711.020; wv) AppleWebKit/537.36 (KHTML, like Gecko) Version/4.0 Chrome/91.0.4472.120 Mobile Safari/537.36 [FB_IAB/FB4A;FBAV/325.0.0.36.170;]"
146.168.43.170 - - [11/Jul/2021:00:01:36 -0400] "GET /wp-content/plugins/revslider/public/assets/css/rs6.css?ver=6.3.3 HTTP/1.1" 200 19239 "https://angelsonhighstreet.com/" "Mozilla/5.0 (Linux; Android 10; SM-G960U Build/QP1A.190711.020; wv) AppleWebKit/537.36 (KHTML, like Gecko) Version/4.0 Chrome/91.0.4472.120 Mobile Safari/537.36 [FB_IAB/FB4A;FBAV/325.0.0.36.170;]"
146.168.43.170 - - [11/Jul/2021:00:01:36 -0400] "GET /wp-content/plugins/age-gate/public/js/age-gate-public-hooks.js?ver=2.15.0 HTTP/1.1" 200 8706 "https://angelsonhighstreet.com/" "Mozilla/5.0 (Linux; Android 10; SM-G960U Build/QP1A.190711.020; wv) AppleWebKit/537.36 (KHTML, like Gecko) Version/4.0 Chrome/91.0.4472.120 Mobile Safari/537.36 [FB_IAB/FB4A;FBAV/325.0.0.36.170;]"
146.168.43.170 - - [11/Jul/2021:00:01:36 -0400] "GET /wp-includes/js/jquery/jquery.min.js?ver=3.5.1 HTTP/1.1" 200 31463 "https://angelsonhighstreet.com/" "Mozilla/5.0 (Linux; Android 10; SM-G960U Build/QP1A.190711.020; wv) AppleWebKit/537.36 (KHTML, like Gecko) Version/4.0 Chrome/91.0.4472.120 Mobile Safari/537.36 [FB_IAB/FB4A;FBAV/325.0.0.36.170;]"
146.168.43.170 - - [11/Jul/2021:00:01:36 -0400] "GET /wp-includes/js/jquery/jquery-migrate.min.js?ver=3.3.2 HTTP/1.1" 200 4649 "https://angelsonhighstreet.com/" "Mozilla/5.0 (Linux; Android 10; SM-G960U Build/QP1A.190711.020; wv) AppleWebKit/537.36 (KHTML, like Gecko) Version/4.0 Chrome/91.0.4472.120 Mobile Safari/537.36 [FB_IAB/FB4A;FBAV/325.0.0.36.170;]"
146.168.43.170 - - [11/Jul/2021:00:01:36 -0400] "GET /wp-content/uploads/fusion-styles/15e6b0b5e48de1d64664be89b4d4bc7c.min.css?ver=3.2.1 HTTP/1.1" 200 150096 "https://angelsonhighstreet.com/" "Mozilla/5.0 (Linux; Android 10; SM-G960U Build/QP1A.190711.020; wv) AppleWebKit/537.36 (KHTML, like Gecko) Version/4.0 Chrome/91.0.4472.120 Mobile Safari/537.36 [FB_IAB/FB4A;FBAV/325.0.0.36.170;]"
146.168.43.170 - - [11/Jul/2021:00:01:36 -0400] "GET /wp-content/plugins/google-analytics-dashboard-for-wp/assets/js/frontend-gtag.min.js?ver=6.7.0 HTTP/1.1" 200 3280 "https://angelsonhighstreet.com/" "Mozilla/5.0 (Linux; Android 10; SM-G960U Build/QP1A.190711.020; wv) AppleWebKit/537.36 (KHTML, like Gecko) Version/4.0 Chrome/91.0.4472.120 Mobile Safari/537.36 [FB_IAB/FB4A;FBAV/325.0.0.36.170;]"
146.168.43.170 - - [11/Jul/2021:00:01:36 -0400] "GET /wp-content/plugins/wp-optin-wheel/public/js/public.min.js?ver=1.3.2 HTTP/1.1" 200 3754 "https://angelsonhighstreet.com/" "Mozilla/5.0 (Linux; Android 10; SM-G960U Build/QP1A.190711.020; wv) AppleWebKit/537.36 (KHTML, like Gecko) Version/4.0 Chrome/91.0.4472.120 Mobile Safari/537.36 [FB_IAB/FB4A;FBAV/325.0.0.36.170;]"
146.168.43.170 - - [11/Jul/2021:00:01:36 -0400] "GET /wp-content/plugins/woocommerce-square/assets/css/frontend/wc-square-cart-checkout-blocks.min.css?ver=2.5.1 HTTP/1.1" 200 1299 "https://angelsonhighstreet.com/" "Mozilla/5.0 (Linux; Android 10; SM-G960U Build/QP1A.190711.020; wv) AppleWebKit/537.36 (KHTML, like Gecko) Version/4.0 Chrome/91.0.4472.120 Mobile Safari/537.36 [FB_IAB/FB4A;FBAV/325.0.0.36.170;]"
146.168.43.170 - - [11/Jul/2021:00:01:36 -0400] "GET /wp-includes/css/dist/block-library/style.min.css?ver=5.7.2 HTTP/1.1" 200 9173 "https://angelsonhighstreet.com/" "Mozilla/5.0 (Linux; Android 10; SM-G960U Build/QP1A.190711.020; wv) AppleWebKit/537.36 (KHTML, like Gecko) Version/4.0 Chrome/91.0.4472.120 Mobile Safari/537.36 [FB_IAB/FB4A;FBAV/325.0.0.36.170;]"
146.168.43.170 - - [11/Jul/2021:00:01:37 -0400] "GET /wp-content/plugins/wp-optin-wheel/public/css/public.min.css?ver=1.3.2 HTTP/1.1" 200 2546 "https://angelsonhighstreet.com/" "Mozilla/5.0 (Linux; Android 10; SM-G960U Build/QP1A.190711.020; wv) AppleWebKit/537.36 (KHTML, like Gecko) Version/4.0 Chrome/91.0.4472.120 Mobile Safari/537.36 [FB_IAB/FB4A;FBAV/325.0.0.36.170;]"
146.168.43.170 - - [11/Jul/2021:00:01:37 -0400] "GET /wp-includes/css/dist/block-library/theme.min.css?ver=5.7.2 HTTP/1.1" 200 1169 "https://angelsonhighstreet.com/" "Mozilla/5.0 (Linux; Android 10; SM-G960U Build/QP1A.190711.020; wv) AppleWebKit/537.36 (KHTML, like Gecko) Version/4.0 Chrome/91.0.4472.120 Mobile Safari/537.36 [FB_IAB/FB4A;FBAV/325.0.0.36.170;]"
146.168.43.170 - - [11/Jul/2021:00:01:37 -0400] "GET /wp-content/plugins/wp-optin-wheel/public/css/theme-green.css?ver=1.3.2 HTTP/1.1" 200 617 "https://angelsonhighstreet.com/" "Mozilla/5.0 (Linux; Android 10; SM-G960U Build/QP1A.190711.020; wv) AppleWebKit/537.36 (KHTML, like Gecko) Version/4.0 Chrome/91.0.4472.120 Mobile Safari/537.36 [FB_IAB/FB4A;FBAV/325.0.0.36.170;]"
146.168.43.170 - - [11/Jul/2021:00:01:37 -0400] "GET /wp-content/plugins/age-gate/public/js/age-gate-shortcode.js?ver=2.15.0 HTTP/1.1" 200 2732 "https://angelsonhighstreet.com/" "Mozilla/5.0 (Linux; Android 10; SM-G960U Build/QP1A.190711.020; wv) AppleWebKit/537.36 (KHTML, like Gecko) Version/4.0 Chrome/91.0.4472.120 Mobile Safari/537.36 [FB_IAB/FB4A;FBAV/325.0.0.36.170;]"
146.168.43.170 - - [11/Jul/2021:00:01:37 -0400] "GET /wp-content/plugins/age-gate/public/js/age-gate-public-tab.js?ver=2.15.0 HTTP/1.1" 200 869 "https://angelsonhighstreet.com/" "Mozilla/5.0 (Linux; Android 10; SM-G960U Build/QP1A.190711.020; wv) AppleWebKit/537.36 (KHTML, like Gecko) Version/4.0 Chrome/91.0.4472.120 Mobile Safari/537.36 [FB_IAB/FB4A;FBAV/325.0.0.36.170;]"
146.168.43.170 - - [11/Jul/2021:00:01:37 -0400] "GET /wp-content/plugins/age-gate/public/js/age-gate-public.js?ver=2.15.0 HTTP/1.1" 200 6737 "https://angelsonhighstreet.com/" "Mozilla/5.0 (Linux; Android 10; SM-G960U Build/QP1A.190711.020; wv) AppleWebKit/537.36 (KHTML, like Gecko) Version/4.0 Chrome/91.0.4472.120 Mobile Safari/537.36 [FB_IAB/FB4A;FBAV/325.0.0.36.170;]"
146.168.43.170 - - [11/Jul/2021:00:01:37 -0400] "GET /wp-content/plugins/contact-form-7/includes/js/index.js?ver=5.4.1 HTTP/1.1" 200 10558 "https://angelsonhighstreet.com/" "Mozilla/5.0 (Linux; Android 10; SM-G960U Build/QP1A.190711.020; wv) AppleWebKit/537.36 (KHTML, like Gecko) Version/4.0 Chrome/91.0.4472.120 Mobile Safari/537.36 [FB_IAB/FB4A;FBAV/325.0.0.36.170;]"
146.168.43.170 - - [11/Jul/2021:00:01:37 -0400] "GET /wp-includes/js/dist/vendor/wp-polyfill.min.js?ver=7.4.4 HTTP/1.1" 200 34810 "https://angelsonhighstreet.com/" "Mozilla/5.0 (Linux; Android 10; SM-G960U Build/QP1A.190711.020; wv) AppleWebKit/537.36 (KHTML, like Gecko) Version/4.0 Chrome/91.0.4472.120 Mobile Safari/537.36 [FB_IAB/FB4A;FBAV/325.0.0.36.170;]"
146.168.43.170 - - [11/Jul/2021:00:01:37 -0400] "GET /wp-content/uploads/fusion-gfonts/qkBIXvYC6trAT55ZBi1ueQVIjQTD-JqaE0lMZbLXGimS.woff HTTP/1.1" 200 15349 "https://angelsonhighstreet.com/wp-content/uploads/fusion-styles/15e6b0b5e48de1d64664be89b4d4bc7c.min.css?ver=3.2.1" "Mozilla/5.0 (Linux; Android 10; SM-G960U Build/QP1A.190711.020; wv) AppleWebKit/537.36 (KHTML, like Gecko) Version/4.0 Chrome/91.0.4472.120 Mobile Safari/537.36 [FB_IAB/FB4A;FBAV/325.0.0.36.170;]"
146.168.43.170 - - [11/Jul/2021:00:01:37 -0400] "GET /wp-content/plugins/woocommerce/assets/js/frontend/add-to-cart.min.js?ver=5.3.0 HTTP/1.1" 200 1522 "https://angelsonhighstreet.com/" "Mozilla/5.0 (Linux; Android 10; SM-G960U Build/QP1A.190711.020; wv) AppleWebKit/537.36 (KHTML, like Gecko) Version/4.0 Chrome/91.0.4472.120 Mobile Safari/537.36 [FB_IAB/FB4A;FBAV/325.0.0.36.170;]"
146.168.43.170 - - [11/Jul/2021:00:01:37 -0400] "GET /wp-content/plugins/woocommerce/assets/js/jquery-blockui/jquery.blockUI.min.js?ver=2.70 HTTP/1.1" 200 3961 "https://angelsonhighstreet.com/" "Mozilla/5.0 (Linux; Android 10; SM-G960U Build/QP1A.190711.020; wv) AppleWebKit/537.36 (KHTML, like Gecko) Version/4.0 Chrome/91.0.4472.120 Mobile Safari/537.36 [FB_IAB/FB4A;FBAV/325.0.0.36.170;]"
146.168.43.170 - - [11/Jul/2021:00:01:37 -0400] "GET /wp-content/plugins/woocommerce/assets/js/js-cookie/js.cookie.min.js?ver=2.1.4 HTTP/1.1" 200 1417 "https://angelsonhighstreet.com/" "Mozilla/5.0 (Linux; Android 10; SM-G960U Build/QP1A.190711.020; wv) AppleWebKit/537.36 (KHTML, like Gecko) Version/4.0 Chrome/91.0.4472.120 Mobile Safari/537.36 [FB_IAB/FB4A;FBAV/325.0.0.36.170;]"
146.168.43.170 - - [11/Jul/2021:00:01:37 -0400] "GET /wp-content/plugins/woocommerce/assets/js/frontend/woocommerce.min.js?ver=5.3.0 HTTP/1.1" 200 1222 "https://angelsonhighstreet.com/" "Mozilla/5.0 (Linux; Android 10; SM-G960U Build/QP1A.190711.020; wv) AppleWebKit/537.36 (KHTML, like Gecko) Version/4.0 Chrome/91.0.4472.120 Mobile Safari/537.36 [FB_IAB/FB4A;FBAV/325.0.0.36.170;]"
146.168.43.170 - - [11/Jul/2021:00:01:37 -0400] "GET /wp-content/themes/Avada/includes/lib/assets/fonts/icomoon/icomoon.woff HTTP/1.1" 200 13272 "https://angelsonhighstreet.com/wp-content/uploads/fusion-styles/15e6b0b5e48de1d64664be89b4d4bc7c.min.css?ver=3.2.1" "Mozilla/5.0 (Linux; Android 10; SM-G960U Build/QP1A.190711.020; wv) AppleWebKit/537.36 (KHTML, like Gecko) Version/4.0 Chrome/91.0.4472.120 Mobile Safari/537.36 [FB_IAB/FB4A;FBAV/325.0.0.36.170;]"
146.168.43.170 - - [11/Jul/2021:00:01:37 -0400] "GET /wp-content/uploads/fusion-gfonts/JTURjIg1_i6t8kCHKm45_dJE3gnD-Px3rCs.woff HTTP/1.1" 200 17525 "https://angelsonhighstreet.com/wp-content/uploads/fusion-styles/15e6b0b5e48de1d64664be89b4d4bc7c.min.css?ver=3.2.1" "Mozilla/5.0 (Linux; Android 10; SM-G960U Build/QP1A.190711.020; wv) AppleWebKit/537.36 (KHTML, like Gecko) Version/4.0 Chrome/91.0.4472.120 Mobile Safari/537.36 [FB_IAB/FB4A;FBAV/325.0.0.36.170;]"
146.168.43.170 - - [11/Jul/2021:00:01:37 -0400] "GET /wp-content/uploads/fusion-gfonts/qkBIXvYC6trAT55ZBi1ueQVIjQTDH52aE0lMZbLXGimS.woff HTTP/1.1" 200 15341 "https://angelsonhighstreet.com/wp-content/uploads/fusion-styles/15e6b0b5e48de1d64664be89b4d4bc7c.min.css?ver=3.2.1" "Mozilla/5.0 (Linux; Android 10; SM-G960U Build/QP1A.190711.020; wv) AppleWebKit/537.36 (KHTML, like Gecko) Version/4.0 Chrome/91.0.4472.120 Mobile Safari/537.36 [FB_IAB/FB4A;FBAV/325.0.0.36.170;]"
146.168.43.170 - - [11/Jul/2021:00:01:37 -0400] "GET /wp-content/themes/Avada/includes/lib/assets/fonts/fontawesome/webfonts/fa-regular-400.woff2 HTTP/1.1" 200 14074 "https://angelsonhighstreet.com/wp-content/uploads/fusion-styles/15e6b0b5e48de1d64664be89b4d4bc7c.min.css?ver=3.2.1" "Mozilla/5.0 (Linux; Android 10; SM-G960U Build/QP1A.190711.020; wv) AppleWebKit/537.36 (KHTML, like Gecko) Version/4.0 Chrome/91.0.4472.120 Mobile Safari/537.36 [FB_IAB/FB4A;FBAV/325.0.0.36.170;]"
146.168.43.170 - - [11/Jul/2021:00:01:37 -0400] "GET /wp-content/uploads/fusion-gfonts/qkBKXvYC6trAT7RQNNK2EG7SIwPWMNlCV3lIb7X1HgGQ0tQ.woff HTTP/1.1" 200 15580 "https://angelsonhighstreet.com/wp-content/uploads/fusion-styles/15e6b0b5e48de1d64664be89b4d4bc7c.min.css?ver=3.2.1" "Mozilla/5.0 (Linux; Android 10; SM-G960U Build/QP1A.190711.020; wv) AppleWebKit/537.36 (KHTML, like Gecko) Version/4.0 Chrome/91.0.4472.120 Mobile Safari/537.36 [FB_IAB/FB4A;FBAV/325.0.0.36.170;]"
146.168.43.170 - - [11/Jul/2021:00:01:37 -0400] "GET /wp-content/uploads/2020/05/aohs_righttext_logo-e1590068585746.png HTTP/1.1" 200 62245 "https://angelsonhighstreet.com/" "Mozilla/5.0 (Linux; Android 10; SM-G960U Build/QP1A.190711.020; wv) AppleWebKit/537.36 (KHTML, like Gecko) Version/4.0 Chrome/91.0.4472.120 Mobile Safari/537.36 [FB_IAB/FB4A;FBAV/325.0.0.36.170;]"
146.168.43.170 - - [11/Jul/2021:00:01:37 -0400] "GET /wp-content/plugins/woocommerce/assets/js/frontend/cart-fragments.min.js?ver=5.3.0 HTTP/1.1" 200 1475 "https://angelsonhighstreet.com/" "Mozilla/5.0 (Linux; Android 10; SM-G960U Build/QP1A.190711.020; wv) AppleWebKit/537.36 (KHTML, like Gecko) Version/4.0 Chrome/91.0.4472.120 Mobile Safari/537.36 [FB_IAB/FB4A;FBAV/325.0.0.36.170;]"
146.168.43.170 - - [11/Jul/2021:00:01:37 -0400] "GET /wp-includes/js/wp-embed.min.js?ver=5.7.2 HTTP/1.1" 200 1200 "https://angelsonhighstreet.com/" "Mozilla/5.0 (Linux; Android 10; SM-G960U Build/QP1A.190711.020; wv) AppleWebKit/537.36 (KHTML, like Gecko) Version/4.0 Chrome/91.0.4472.120 Mobile Safari/537.36 [FB_IAB/FB4A;FBAV/325.0.0.36.170;]"
146.168.43.170 - - [11/Jul/2021:00:01:37 -0400] "GET /wp-content/uploads/fusion-scripts/250c2b9f76b9189f0607771277c32ada.min.js?ver=3.2.1 HTTP/1.1" 200 122595 "https://angelsonhighstreet.com/" "Mozilla/5.0 (Linux; Android 10; SM-G960U Build/QP1A.190711.020; wv) AppleWebKit/537.36 (KHTML, like Gecko) Version/4.0 Chrome/91.0.4472.120 Mobile Safari/537.36 [FB_IAB/FB4A;FBAV/325.0.0.36.170;]"
146.168.43.170 - - [11/Jul/2021:00:01:37 -0400] "GET /wp-content/uploads/2020/08/C5B83DAF-9E96-49A0-AAA0-C902DBEB3B68.jpeg HTTP/1.1" 200 85904 "https://angelsonhighstreet.com/" "Mozilla/5.0 (Linux; Android 10; SM-G960U Build/QP1A.190711.020; wv) AppleWebKit/537.36 (KHTML, like Gecko) Version/4.0 Chrome/91.0.4472.120 Mobile Safari/537.36 [FB_IAB/FB4A;FBAV/325.0.0.36.170;]"
146.168.43.170 - - [11/Jul/2021:00:01:37 -0400] "GET /wp-content/uploads/2020/08/D37CB261-2BE3-4FB2-AE52-84F8AC85FF3A.jpeg HTTP/1.1" 200 96561 "https://angelsonhighstreet.com/" "Mozilla/5.0 (Linux; Android 10; SM-G960U Build/QP1A.190711.020; wv) AppleWebKit/537.36 (KHTML, like Gecko) Version/4.0 Chrome/91.0.4472.120 Mobile Safari/537.36 [FB_IAB/FB4A;FBAV/325.0.0.36.170;]"
146.168.43.170 - - [11/Jul/2021:00:01:37 -0400] "GET /wp-content/uploads/2019/05/IMG_0405-1200x1703.jpg HTTP/1.1" 200 285548 "https://angelsonhighstreet.com/" "Mozilla/5.0 (Linux; Android 10; SM-G960U Build/QP1A.190711.020; wv) AppleWebKit/537.36 (KHTML, like Gecko) Version/4.0 Chrome/91.0.4472.120 Mobile Safari/537.36 [FB_IAB/FB4A;FBAV/325.0.0.36.170;]"
146.168.43.170 - - [11/Jul/2021:00:01:37 -0400] "GET /wp-content/plugins/revslider/public/assets/js/rbtools.min.js?ver=6.3.3 HTTP/1.1" 200 46697 "https://angelsonhighstreet.com/" "Mozilla/5.0 (Linux; Android 10; SM-G960U Build/QP1A.190711.020; wv) AppleWebKit/537.36 (KHTML, like Gecko) Version/4.0 Chrome/91.0.4472.120 Mobile Safari/537.36 [FB_IAB/FB4A;FBAV/325.0.0.36.170;]"
146.168.43.170 - - [11/Jul/2021:00:01:37 -0400] "GET /wp-content/uploads/2020/08/D7CE7FC9-6B66-4E0F-B3A8-E17389D30D20.jpeg HTTP/1.1" 200 105313 "https://angelsonhighstreet.com/" "Mozilla/5.0 (Linux; Android 10; SM-G960U Build/QP1A.190711.020; wv) AppleWebKit/537.36 (KHTML, like Gecko) Version/4.0 Chrome/91.0.4472.120 Mobile Safari/537.36 [FB_IAB/FB4A;FBAV/325.0.0.36.170;]"
146.168.43.170 - - [11/Jul/2021:00:01:37 -0400] "GET /wp-content/uploads/2020/08/C9EC0898-E30D-4B2A-A8B1-96DE3A2B9FAA.jpeg HTTP/1.1" 200 182985 "https://angelsonhighstreet.com/" "Mozilla/5.0 (Linux; Android 10; SM-G960U Build/QP1A.190711.020; wv) AppleWebKit/537.36 (KHTML, like Gecko) Version/4.0 Chrome/91.0.4472.120 Mobile Safari/537.36 [FB_IAB/FB4A;FBAV/325.0.0.36.170;]"
146.168.43.170 - - [11/Jul/2021:00:01:37 -0400] "GET /wp-content/uploads/2020/04/aohs_logo_blkbg-e1588290703663-150x150.png HTTP/1.1" 200 30802 "https://angelsonhighstreet.com/" "Mozilla/5.0 (Linux; Android 10; SM-G960U Build/QP1A.190711.020; wv) AppleWebKit/537.36 (KHTML, like Gecko) Version/4.0 Chrome/91.0.4472.120 Mobile Safari/537.36 [FB_IAB/FB4A;FBAV/325.0.0.36.170;]"
146.168.43.170 - - [11/Jul/2021:00:01:37 -0400] "GET /wp-includes/js/wp-emoji-release.min.js?ver=5.7.2 HTTP/1.1" 200 5142 "https://angelsonhighstreet.com/" "Mozilla/5.0 (Linux; Android 10; SM-G960U Build/QP1A.190711.020; wv) AppleWebKit/537.36 (KHTML, like Gecko) Version/4.0 Chrome/91.0.4472.120 Mobile Safari/537.36 [FB_IAB/FB4A;FBAV/325.0.0.36.170;]"
146.168.43.170 - - [11/Jul/2021:00:01:37 -0400] "GET /wp-content/uploads/2019/05/IMG_0405-1082x1536.jpg HTTP/1.1" 200 237021 "https://angelsonhighstreet.com/" "Mozilla/5.0 (Linux; Android 10; SM-G960U Build/QP1A.190711.020; wv) AppleWebKit/537.36 (KHTML, like Gecko) Version/4.0 Chrome/91.0.4472.120 Mobile Safari/537.36 [FB_IAB/FB4A;FBAV/325.0.0.36.170;]"
146.168.43.170 - - [11/Jul/2021:00:01:37 -0400] "GET /wp-content/uploads/2019/11/standards_banner.png HTTP/1.1" 200 19955 "https://angelsonhighstreet.com/" "Mozilla/5.0 (Linux; Android 10; SM-G960U Build/QP1A.190711.020; wv) AppleWebKit/537.36 (KHTML, like Gecko) Version/4.0 Chrome/91.0.4472.120 Mobile Safari/537.36 [FB_IAB/FB4A;FBAV/325.0.0.36.170;]"
146.168.43.170 - - [11/Jul/2021:00:01:37 -0400] "GET /wp-content/plugins/revslider/public/assets/js/rs6.min.js?ver=6.3.3 HTTP/1.1" 200 86331 "https://angelsonhighstreet.com/" "Mozilla/5.0 (Linux; Android 10; SM-G960U Build/QP1A.190711.020; wv) AppleWebKit/537.36 (KHTML, like Gecko) Version/4.0 Chrome/91.0.4472.120 Mobile Safari/537.36 [FB_IAB/FB4A;FBAV/325.0.0.36.170;]"
146.168.43.170 - - [11/Jul/2021:00:01:37 -0400] "GET /wp-content/plugins/wp-optin-wheel/public/img/wheel-green.png HTTP/1.1" 200 39871 "https://angelsonhighstreet.com/wp-content/plugins/wp-optin-wheel/public/css/theme-green.css?ver=1.3.2" "Mozilla/5.0 (Linux; Android 10; SM-G960U Build/QP1A.190711.020; wv) AppleWebKit/537.36 (KHTML, like Gecko) Version/4.0 Chrome/91.0.4472.120 Mobile Safari/537.36 [FB_IAB/FB4A;FBAV/325.0.0.36.170;]"
146.168.43.170 - - [11/Jul/2021:00:01:37 -0400] "GET /wp-content/plugins/wp-optin-wheel/public/img/bg-hearts.png HTTP/1.1" 200 2213 "https://angelsonhighstreet.com/" "Mozilla/5.0 (Linux; Android 10; SM-G960U Build/QP1A.190711.020; wv) AppleWebKit/537.36 (KHTML, like Gecko) Version/4.0 Chrome/91.0.4472.120 Mobile Safari/537.36 [FB_IAB/FB4A;FBAV/325.0.0.36.170;]"
146.168.43.170 - - [11/Jul/2021:00:01:37 -0400] "GET /wp-content/uploads/2020/07/F3BBAB36-C718-44E4-AA15-13B741A05689.jpeg HTTP/1.1" 200 129513 "https://angelsonhighstreet.com/" "Mozilla/5.0 (Linux; Android 10; SM-G960U Build/QP1A.190711.020; wv) AppleWebKit/537.36 (KHTML, like Gecko) Version/4.0 Chrome/91.0.4472.120 Mobile Safari/537.36 [FB_IAB/FB4A;FBAV/325.0.0.36.170;]"
146.168.43.170 - - [11/Jul/2021:00:01:37 -0400] "GET /wp-content/uploads/2020/05/5C641DE8-0187-43FF-BDA7-9ECB85C21670.jpeg HTTP/1.1" 200 285738 "https://angelsonhighstreet.com/" "Mozilla/5.0 (Linux; Android 10; SM-G960U Build/QP1A.190711.020; wv) AppleWebKit/537.36 (KHTML, like Gecko) Version/4.0 Chrome/91.0.4472.120 Mobile Safari/537.36 [FB_IAB/FB4A;FBAV/325.0.0.36.170;]"
146.168.43.170 - - [11/Jul/2021:00:01:37 -0400] "GET /wp-content/uploads/2020/11/newCBGhealingsalve.jpg HTTP/1.1" 200 869508 "https://angelsonhighstreet.com/" "Mozilla/5.0 (Linux; Android 10; SM-G960U Build/QP1A.190711.020; wv) AppleWebKit/537.36 (KHTML, like Gecko) Version/4.0 Chrome/91.0.4472.120 Mobile Safari/537.36 [FB_IAB/FB4A;FBAV/325.0.0.36.170;]"
146.168.43.170 - - [11/Jul/2021:00:01:37 -0400] "GET /wp-content/uploads/2020/11/8BC30C6A-8CA8-4876-976A-0465755939A8.jpeg HTTP/1.1" 200 515742 "https://angelsonhighstreet.com/" "Mozilla/5.0 (Linux; Android 10; SM-G960U Build/QP1A.190711.020; wv) AppleWebKit/537.36 (KHTML, like Gecko) Version/4.0 Chrome/91.0.4472.120 Mobile Safari/537.36 [FB_IAB/FB4A;FBAV/325.0.0.36.170;]"
146.168.43.170 - - [11/Jul/2021:00:01:37 -0400] "GET /wp-content/uploads/2020/05/2F81A01C-A31F-4FC0-ACBC-AC077D7C6D5B-e1588879916909.jpeg HTTP/1.1" 200 237707 "https://angelsonhighstreet.com/" "Mozilla/5.0 (Linux; Android 10; SM-G960U Build/QP1A.190711.020; wv) AppleWebKit/537.36 (KHTML, like Gecko) Version/4.0 Chrome/91.0.4472.120 Mobile Safari/537.36 [FB_IAB/FB4A;FBAV/325.0.0.36.170;]"
146.168.43.170 - - [11/Jul/2021:00:01:38 -0400] "GET /wp-content/uploads/fusion-gfonts/JTUSjIg1_i6t8kCHKm459WlhzSTh89Y.woff HTTP/1.1" 200 17618 "https://angelsonhighstreet.com/wp-content/uploads/fusion-styles/15e6b0b5e48de1d64664be89b4d4bc7c.min.css?ver=3.2.1" "Mozilla/5.0 (Linux; Android 10; SM-G960U Build/QP1A.190711.020; wv) AppleWebKit/537.36 (KHTML, like Gecko) Version/4.0 Chrome/91.0.4472.120 Mobile Safari/537.36 [FB_IAB/FB4A;FBAV/325.0.0.36.170;]"
146.168.43.170 - - [11/Jul/2021:00:01:37 -0400] "POST /?wc-ajax=get_refreshed_fragments HTTP/1.1" 200 874 "https://angelsonhighstreet.com/" "Mozilla/5.0 (Linux; Android 10; SM-G960U Build/QP1A.190711.020; wv) AppleWebKit/537.36 (KHTML, like Gecko) Version/4.0 Chrome/91.0.4472.120 Mobile Safari/537.36 [FB_IAB/FB4A;FBAV/325.0.0.36.170;]"
146.168.43.170 - - [11/Jul/2021:00:01:38 -0400] "GET /wp-content/uploads/2020/05/aohs_logo_transparent.png HTTP/1.1" 200 192298 "https://angelsonhighstreet.com/" "Mozilla/5.0 (Linux; Android 10; SM-G960U Build/QP1A.190711.020; wv) AppleWebKit/537.36 (KHTML, like Gecko) Version/4.0 Chrome/91.0.4472.120 Mobile Safari/537.36 [FB_IAB/FB4A;FBAV/325.0.0.36.170;]"
146.168.43.170 - - [11/Jul/2021:00:01:38 -0400] "GET /wp-json/contact-form-7/v1/contact-forms/16954/refill HTTP/1.1" 200 643 "https://angelsonhighstreet.com/" "Mozilla/5.0 (Linux; Android 10; SM-G960U Build/QP1A.190711.020; wv) AppleWebKit/537.36 (KHTML, like Gecko) Version/4.0 Chrome/91.0.4472.120 Mobile Safari/537.36 [FB_IAB/FB4A;FBAV/325.0.0.36.170;]"
204.48.19.85 - - [11/Jul/2021:00:02:04 -0400] "POST /wp-cron.php?doing_wp_cron=1625976124.2943129539489746093750 HTTP/1.1" 200 6350 "https://angelsonhighstreet.com/wp-cron.php?doing_wp_cron=1625976124.2943129539489746093750" "WordPress/5.7.2; https://angelsonhighstreet.com"
146.168.43.170 - - [11/Jul/2021:00:02:04 -0400] "POST /wp-admin/admin-ajax.php HTTP/1.1" 200 1473 "https://angelsonhighstreet.com/" "Mozilla/5.0 (Linux; Android 10; SM-G960U Build/QP1A.190711.020; wv) AppleWebKit/537.36 (KHTML, like Gecko) Version/4.0 Chrome/91.0.4472.120 Mobile Safari/537.36 [FB_IAB/FB4A;FBAV/325.0.0.36.170;]"
146.168.43.170 - - [11/Jul/2021:00:02:17 -0400] "POST /wp-admin/admin-ajax.php HTTP/1.1" 200 1274 "https://angelsonhighstreet.com/" "Mozilla/5.0 (Linux; Android 10; SM-G960U Build/QP1A.190711.020; wv) AppleWebKit/537.36 (KHTML, like Gecko) Version/4.0 Chrome/91.0.4472.120 Mobile Safari/537.36 [FB_IAB/FB4A;FBAV/325.0.0.36.170;]"
54.36.148.222 - - [11/Jul/2021:00:02:19 -0400] "GET /product-category/oils?product_orderby=price&product_view=list&product_order=asc&product_count=48 HTTP/1.1" 200 21541 "-" "Mozilla/5.0 (compatible; AhrefsBot/7.0; +http://ahrefs.com/robot/)"
204.48.19.85 - - [11/Jul/2021:00:03:01 -0400] "POST /wp-cron.php?doing_wp_cron=1625976181.9140191078186035156250 HTTP/1.1" 200 6350 "https://angelsonhighstreet.com/wp-cron.php?doing_wp_cron=1625976181.9140191078186035156250" "WordPress/5.7.2; https://angelsonhighstreet.com"
146.168.43.170 - - [11/Jul/2021:00:03:01 -0400] "GET /about-us HTTP/1.1" 200 15959 "https://angelsonhighstreet.com/" "Mozilla/5.0 (Linux; Android 10; SM-G960U Build/QP1A.190711.020; wv) AppleWebKit/537.36 (KHTML, like Gecko) Version/4.0 Chrome/91.0.4472.120 Mobile Safari/537.36 [FB_IAB/FB4A;FBAV/325.0.0.36.170;]"
146.168.43.170 - - [11/Jul/2021:00:03:02 -0400] "GET /wp-content/uploads/fusion-styles/62d7ef591e1dfef8233dc4710a5beef1.min.css?ver=3.2.1 HTTP/1.1" 200 150099 "https://angelsonhighstreet.com/about-us" "Mozilla/5.0 (Linux; Android 10; SM-G960U Build/QP1A.190711.020; wv) AppleWebKit/537.36 (KHTML, like Gecko) Version/4.0 Chrome/91.0.4472.120 Mobile Safari/537.36 [FB_IAB/FB4A;FBAV/325.0.0.36.170;]"
146.168.43.170 - - [11/Jul/2021:00:03:02 -0400] "GET /wp-content/uploads/fusion-scripts/b932c5a735587f3ce2e90ae840f2b3f3.min.js?ver=3.2.1 HTTP/1.1" 200 96907 "https://angelsonhighstreet.com/about-us" "Mozilla/5.0 (Linux; Android 10; SM-G960U Build/QP1A.190711.020; wv) AppleWebKit/537.36 (KHTML, like Gecko) Version/4.0 Chrome/91.0.4472.120 Mobile Safari/537.36 [FB_IAB/FB4A;FBAV/325.0.0.36.170;]"
204.48.19.85 - - [11/Jul/2021:00:03:57 -0400] "POST /wp-cron.php?doing_wp_cron=1625976237.8995780944824218750000 HTTP/1.1" 200 6350 "https://angelsonhighstreet.com/wp-cron.php?doing_wp_cron=1625976237.8995780944824218750000" "WordPress/5.7.2; https://angelsonhighstreet.com"
146.168.43.170 - - [11/Jul/2021:00:03:57 -0400] "GET /what-is-cbd HTTP/1.1" 200 16603 "https://angelsonhighstreet.com/" "Mozilla/5.0 (Linux; Android 10; SM-G960U Build/QP1A.190711.020; wv) AppleWebKit/537.36 (KHTML, like Gecko) Version/4.0 Chrome/91.0.4472.120 Mobile Safari/537.36 [FB_IAB/FB4A;FBAV/325.0.0.36.170;]"
146.168.43.170 - - [11/Jul/2021:00:03:58 -0400] "GET /wp-content/uploads/2018/04/CBD-THC-Infographic.png HTTP/1.1" 200 284994 "https://angelsonhighstreet.com/what-is-cbd" "Mozilla/5.0 (Linux; Android 10; SM-G960U Build/QP1A.190711.020; wv) AppleWebKit/537.36 (KHTML, like Gecko) Version/4.0 Chrome/91.0.4472.120 Mobile Safari/537.36 [FB_IAB/FB4A;FBAV/325.0.0.36.170;]"
146.168.43.170 - - [11/Jul/2021:00:03:58 -0400] "GET /wp-content/uploads/fusion-gfonts/qkBKXvYC6trAT7RQNNK2EG7SIwPWMNmlUHlIb7X1HgGQ0tQ.woff HTTP/1.1" 200 16368 "https://angelsonhighstreet.com/wp-content/uploads/fusion-styles/62d7ef591e1dfef8233dc4710a5beef1.min.css?ver=3.2.1" "Mozilla/5.0 (Linux; Android 10; SM-G960U Build/QP1A.190711.020; wv) AppleWebKit/537.36 (KHTML, like Gecko) Version/4.0 Chrome/91.0.4472.120 Mobile Safari/537.36 [FB_IAB/FB4A;FBAV/325.0.0.36.170;]"
54.36.148.5 - - [11/Jul/2021:00:04:51 -0400] "GET /product-category/oils?product_count=16&product_order=desc&product_orderby=date&product_view=list HTTP/1.1" 200 21545 "-" "Mozilla/5.0 (compatible; AhrefsBot/7.0; +http://ahrefs.com/robot/)"
204.48.19.85 - - [11/Jul/2021:00:05:35 -0400] "POST /wp-cron.php?doing_wp_cron=1625976335.6724789142608642578125 HTTP/1.1" 200 6350 "https://angelsonhighstreet.com/wp-cron.php?doing_wp_cron=1625976335.6724789142608642578125" "WordPress/5.7.2; https://angelsonhighstreet.com"
146.168.43.170 - - [11/Jul/2021:00:05:35 -0400] "GET /shop-full-width HTTP/1.1" 200 16488 "https://angelsonhighstreet.com/" "Mozilla/5.0 (Linux; Android 10; SM-G960U Build/QP1A.190711.020; wv) AppleWebKit/537.36 (KHTML, like Gecko) Version/4.0 Chrome/91.0.4472.120 Mobile Safari/537.36 [FB_IAB/FB4A;FBAV/325.0.0.36.170;]"
146.168.43.170 - - [11/Jul/2021:00:05:36 -0400] "GET /wp-content/uploads/fusion-styles/9cfbc2155547e8f51b6c2bcc5657a204.min.css?ver=3.2.1 HTTP/1.1" 200 149728 "https://angelsonhighstreet.com/shop-full-width" "Mozilla/5.0 (Linux; Android 10; SM-G960U Build/QP1A.190711.020; wv) AppleWebKit/537.36 (KHTML, like Gecko) Version/4.0 Chrome/91.0.4472.120 Mobile Safari/537.36 [FB_IAB/FB4A;FBAV/325.0.0.36.170;]"
146.168.43.170 - - [11/Jul/2021:00:05:36 -0400] "GET /wp-content/uploads/fusion-scripts/27d829c5db6e6643472e29fcdf503374.min.js?ver=3.2.1 HTTP/1.1" 200 119697 "https://angelsonhighstreet.com/shop-full-width" "Mozilla/5.0 (Linux; Android 10; SM-G960U Build/QP1A.190711.020; wv) AppleWebKit/537.36 (KHTML, like Gecko) Version/4.0 Chrome/91.0.4472.120 Mobile Safari/537.36 [FB_IAB/FB4A;FBAV/325.0.0.36.170;]"
146.168.43.170 - - [11/Jul/2021:00:05:36 -0400] "GET /wp-content/uploads/fusion-gfonts/JTUPjIg1_i6t8kCHKm459WxZcgvz_PZ2jimrqw.woff HTTP/1.1" 200 18040 "https://angelsonhighstreet.com/wp-content/uploads/fusion-styles/9cfbc2155547e8f51b6c2bcc5657a204.min.css?ver=3.2.1" "Mozilla/5.0 (Linux; Android 10; SM-G960U Build/QP1A.190711.020; wv) AppleWebKit/537.36 (KHTML, like Gecko) Version/4.0 Chrome/91.0.4472.120 Mobile Safari/537.36 [FB_IAB/FB4A;FBAV/325.0.0.36.170;]"
204.48.19.85 - - [11/Jul/2021:00:06:16 -0400] "POST /wp-cron.php?doing_wp_cron=1625976376.8414700031280517578125 HTTP/1.1" 200 6350 "https://angelsonhighstreet.com/wp-cron.php?doing_wp_cron=1625976376.8414700031280517578125" "WordPress/5.7.2; https://angelsonhighstreet.com"
146.168.43.170 - - [11/Jul/2021:00:06:16 -0400] "GET /cbd-salves HTTP/1.1" 200 15942 "https://angelsonhighstreet.com/" "Mozilla/5.0 (Linux; Android 10; SM-G960U Build/QP1A.190711.020; wv) AppleWebKit/537.36 (KHTML, like Gecko) Version/4.0 Chrome/91.0.4472.120 Mobile Safari/537.36 [FB_IAB/FB4A;FBAV/325.0.0.36.170;]"
146.168.43.170 - - [11/Jul/2021:00:06:17 -0400] "GET /wp-content/uploads/fusion-scripts/11545aa28bcd630ce4960d230d72af0f.min.js?ver=3.2.1 HTTP/1.1" 200 114963 "https://angelsonhighstreet.com/cbd-salves" "Mozilla/5.0 (Linux; Android 10; SM-G960U Build/QP1A.190711.020; wv) AppleWebKit/537.36 (KHTML, like Gecko) Version/4.0 Chrome/91.0.4472.120 Mobile Safari/537.36 [FB_IAB/FB4A;FBAV/325.0.0.36.170;]"
146.168.43.170 - - [11/Jul/2021:00:06:25 -0400] "GET /shop/cbg-salve-with-hawiian-haze-terpenes HTTP/1.1" 200 20623 "https://angelsonhighstreet.com/cbd-salves" "Mozilla/5.0 (Linux; Android 10; SM-G960U Build/QP1A.190711.020; wv) AppleWebKit/537.36 (KHTML, like Gecko) Version/4.0 Chrome/91.0.4472.120 Mobile Safari/537.36 [FB_IAB/FB4A;FBAV/325.0.0.36.170;]"
146.168.43.170 - - [11/Jul/2021:00:06:25 -0400] "GET /wp-content/uploads/fusion-styles/75fdb4e3d10e1e9f10bc9b8d851e8c3c.min.css?ver=3.2.1 HTTP/1.1" 200 150102 "https://angelsonhighstreet.com/shop/cbg-salve-with-hawiian-haze-terpenes" "Mozilla/5.0 (Linux; Android 10; SM-G960U Build/QP1A.190711.020; wv) AppleWebKit/537.36 (KHTML, like Gecko) Version/4.0 Chrome/91.0.4472.120 Mobile Safari/537.36 [FB_IAB/FB4A;FBAV/325.0.0.36.170;]"
146.168.43.170 - - [11/Jul/2021:00:06:25 -0400] "GET /wp-content/plugins/woocommerce/assets/js/zoom/jquery.zoom.min.js?ver=1.7.21 HTTP/1.1" 200 1614 "https://angelsonhighstreet.com/shop/cbg-salve-with-hawiian-haze-terpenes" "Mozilla/5.0 (Linux; Android 10; SM-G960U Build/QP1A.190711.020; wv) AppleWebKit/537.36 (KHTML, like Gecko) Version/4.0 Chrome/91.0.4472.120 Mobile Safari/537.36 [FB_IAB/FB4A;FBAV/325.0.0.36.170;]"
146.168.43.170 - - [11/Jul/2021:00:06:25 -0400] "GET /wp-content/plugins/woocommerce/assets/js/frontend/single-product.min.js?ver=5.3.0 HTTP/1.1" 200 2937 "https://angelsonhighstreet.com/shop/cbg-salve-with-hawiian-haze-terpenes" "Mozilla/5.0 (Linux; Android 10; SM-G960U Build/QP1A.190711.020; wv) AppleWebKit/537.36 (KHTML, like Gecko) Version/4.0 Chrome/91.0.4472.120 Mobile Safari/537.36 [FB_IAB/FB4A;FBAV/325.0.0.36.170;]"
146.168.43.170 - - [11/Jul/2021:00:06:26 -0400] "GET /wp-includes/js/comment-reply.min.js?ver=5.7.2 HTTP/1.1" 200 1782 "https://angelsonhighstreet.com/shop/cbg-salve-with-hawiian-haze-terpenes" "Mozilla/5.0 (Linux; Android 10; SM-G960U Build/QP1A.190711.020; wv) AppleWebKit/537.36 (KHTML, like Gecko) Version/4.0 Chrome/91.0.4472.120 Mobile Safari/537.36 [FB_IAB/FB4A;FBAV/325.0.0.36.170;]"
146.168.43.170 - - [11/Jul/2021:00:06:26 -0400] "GET /wp-content/plugins/akismet/_inc/form.js?ver=4.1.9 HTTP/1.1" 200 1329 "https://angelsonhighstreet.com/shop/cbg-salve-with-hawiian-haze-terpenes" "Mozilla/5.0 (Linux; Android 10; SM-G960U Build/QP1A.190711.020; wv) AppleWebKit/537.36 (KHTML, like Gecko) Version/4.0 Chrome/91.0.4472.120 Mobile Safari/537.36 [FB_IAB/FB4A;FBAV/325.0.0.36.170;]"
146.168.43.170 - - [11/Jul/2021:00:06:26 -0400] "GET /wp-content/uploads/fusion-scripts/92d6f1b3b03dffd1136e59fa25d928a7.min.js?ver=3.2.1 HTTP/1.1" 200 90091 "https://angelsonhighstreet.com/shop/cbg-salve-with-hawiian-haze-terpenes" "Mozilla/5.0 (Linux; Android 10; SM-G960U Build/QP1A.190711.020; wv) AppleWebKit/537.36 (KHTML, like Gecko) Version/4.0 Chrome/91.0.4472.120 Mobile Safari/537.36 [FB_IAB/FB4A;FBAV/325.0.0.36.170;]"
146.168.43.170 - - [11/Jul/2021:00:06:46 -0400] "GET /shop/cbg-salve-with-special-sauce-terpenes HTTP/1.1" 200 22480 "https://angelsonhighstreet.com/cbd-salves" "Mozilla/5.0 (Linux; Android 10; SM-G960U Build/QP1A.190711.020; wv) AppleWebKit/537.36 (KHTML, like Gecko) Version/4.0 Chrome/91.0.4472.120 Mobile Safari/537.36 [FB_IAB/FB4A;FBAV/325.0.0.36.170;]"
204.48.19.85 - - [11/Jul/2021:00:07:06 -0400] "POST /wp-cron.php?doing_wp_cron=1625976426.4801220893859863281250 HTTP/1.1" 200 6350 "https://angelsonhighstreet.com/wp-cron.php?doing_wp_cron=1625976426.4801220893859863281250" "WordPress/5.7.2; https://angelsonhighstreet.com"
54.36.148.79 - - [11/Jul/2021:00:07:06 -0400] "GET /product-category/oils?product_orderby=default&product_count=48&product_order=asc&product_view=list HTTP/1.1" 200 21538 "-" "Mozilla/5.0 (compatible; AhrefsBot/7.0; +http://ahrefs.com/robot/)"
146.168.43.170 - - [11/Jul/2021:00:07:32 -0400] "GET /shop/cbg-salve-with-special-sauce-terpenes HTTP/1.1" 200 22482 "https://angelsonhighstreet.com/cbd-salves" "Mozilla/5.0 (Linux; Android 10; SM-G960U Build/QP1A.190711.020; wv) AppleWebKit/537.36 (KHTML, like Gecko) Version/4.0 Chrome/91.0.4472.120 Mobile Safari/537.36 [FB_IAB/FB4A;FBAV/325.0.0.36.170;]"
35.227.54.60 - - [11/Jul/2021:00:07:33 -0400] "GET /robots.txt HTTP/1.0" 200 5857 "-" "ZoominfoBot (zoominfobot at zoominfo dot com)"
35.227.54.60 - - [11/Jul/2021:00:07:33 -0400] "GET /comments/feed HTTP/1.0" 200 3584 "-" "ZoominfoBot (zoominfobot at zoominfo dot com)"
204.48.19.85 - - [11/Jul/2021:00:09:24 -0400] "POST /wp-cron.php?doing_wp_cron=1625976564.2670619487762451171875 HTTP/1.1" 200 6350 "https://angelsonhighstreet.com/wp-cron.php?doing_wp_cron=1625976564.2670619487762451171875" "WordPress/5.7.2; https://angelsonhighstreet.com"
54.36.148.102 - - [11/Jul/2021:00:09:24 -0400] "GET /product-category/oils?product_count=32&product_orderby=date&product_order=asc&product_view=list HTTP/1.1" 200 21539 "-" "Mozilla/5.0 (compatible; AhrefsBot/7.0; +http://ahrefs.com/robot/)"
204.48.19.85 - - [11/Jul/2021:00:10:05 -0400] "POST /wp-cron.php?doing_wp_cron=1625976605.1324989795684814453125 HTTP/1.1" 200 6350 "https://angelsonhighstreet.com/wp-cron.php?doing_wp_cron=1625976605.1324989795684814453125" "WordPress/5.7.2; https://angelsonhighstreet.com"
35.227.54.60 - - [11/Jul/2021:00:10:04 -0400] "GET /shop/cbg-salve-with-hawiian-haze-terpenes HTTP/1.0" 200 25585 "-" "ZoominfoBot (zoominfobot at zoominfo dot com)"
204.48.19.85 - - [11/Jul/2021:00:11:33 -0400] "POST /wp-cron.php?doing_wp_cron=1625976693.7384130954742431640625 HTTP/1.1" 200 6350 "https://angelsonhighstreet.com/wp-cron.php?doing_wp_cron=1625976693.7384130954742431640625" "WordPress/5.7.2; https://angelsonhighstreet.com"
54.36.148.252 - - [11/Jul/2021:00:11:33 -0400] "GET /product-category/oils?product_view=grid&product_count=32&product_order=desc&product_orderby=default HTTP/1.1" 200 21245 "-" "Mozilla/5.0 (compatible; AhrefsBot/7.0; +http://ahrefs.com/robot/)"
204.48.19.85 - - [11/Jul/2021:00:13:48 -0400] "POST /wp-cron.php?doing_wp_cron=1625976828.4289870262145996093750 HTTP/1.1" 200 6350 "https://angelsonhighstreet.com/wp-cron.php?doing_wp_cron=1625976828.4289870262145996093750" "WordPress/5.7.2; https://angelsonhighstreet.com"
54.36.149.45 - - [11/Jul/2021:00:13:48 -0400] "GET /product-category/oils?product_order=desc&product_orderby=name&product_view=grid&product_count=48 HTTP/1.1" 200 21273 "-" "Mozilla/5.0 (compatible; AhrefsBot/7.0; +http://ahrefs.com/robot/)"
204.48.19.85 - - [11/Jul/2021:00:14:18 -0400] "POST /wp-cron.php?doing_wp_cron=1625976858.3701190948486328125000 HTTP/1.1" 200 6350 "https://angelsonhighstreet.com/wp-cron.php?doing_wp_cron=1625976858.3701190948486328125000" "WordPress/5.7.2; https://angelsonhighstreet.com"
35.227.54.60 - - [11/Jul/2021:00:14:17 -0400] "GET /xmlrpc.php?rsd HTTP/1.0" 200 5939 "-" "ZoominfoBot (zoominfobot at zoominfo dot com)"
35.227.54.60 - - [11/Jul/2021:00:14:43 -0400] "GET /cbd-oils HTTP/1.0" 200 20587 "-" "ZoominfoBot (zoominfobot at zoominfo dot com)"
204.48.19.85 - - [11/Jul/2021:00:16:06 -0400] "POST /wp-cron.php?doing_wp_cron=1625976966.6049380302429199218750 HTTP/1.1" 200 6350 "https://angelsonhighstreet.com/wp-cron.php?doing_wp_cron=1625976966.6049380302429199218750" "WordPress/5.7.2; https://angelsonhighstreet.com"
54.36.149.82 - - [11/Jul/2021:00:16:06 -0400] "GET /product-category/oils?product_orderby=popularity&product_count=16&product_order=asc&product_view=list HTTP/1.1" 200 21531 "-" "Mozilla/5.0 (compatible; AhrefsBot/7.0; +http://ahrefs.com/robot/)"
204.48.19.85 - - [11/Jul/2021:00:18:20 -0400] "POST /wp-cron.php?doing_wp_cron=1625977100.3195810317993164062500 HTTP/1.1" 200 6350 "https://angelsonhighstreet.com/wp-cron.php?doing_wp_cron=1625977100.3195810317993164062500" "WordPress/5.7.2; https://angelsonhighstreet.com"
54.36.148.195 - - [11/Jul/2021:00:18:20 -0400] "GET /product-category/oils?product_view=grid&product_order=desc&product_orderby=rating&product_count=48 HTTP/1.1" 200 21242 "-" "Mozilla/5.0 (compatible; AhrefsBot/7.0; +http://ahrefs.com/robot/)"
204.48.19.85 - - [11/Jul/2021:00:20:10 -0400] "POST /wp-cron.php?doing_wp_cron=1625977210.4808580875396728515625 HTTP/1.1" 200 6350 "https://angelsonhighstreet.com/wp-cron.php?doing_wp_cron=1625977210.4808580875396728515625" "WordPress/5.7.2; https://angelsonhighstreet.com"
185.191.34.215 - - [11/Jul/2021:00:20:10 -0400] "POST /components/com_banners/models/banner.php HTTP/1.1" 404 20503 "-" "Mozilla/5.0 (Macintosh; Intel Mac OS X 10.14; rv:68.0) Gecko/20100101 Firefox/68.0"
54.36.148.125 - - [11/Jul/2021:00:20:42 -0400] "GET /product-category/oils?product_view=list&product_order=desc&product_orderby=rating&product_count=16 HTTP/1.1" 200 21535 "-" "Mozilla/5.0 (compatible; AhrefsBot/7.0; +http://ahrefs.com/robot/)"
204.48.19.85 - - [11/Jul/2021:00:21:45 -0400] "POST /wp-cron.php?doing_wp_cron=1625977305.2197699546813964843750 HTTP/1.1" 200 6350 "https://angelsonhighstreet.com/wp-cron.php?doing_wp_cron=1625977305.2197699546813964843750" "WordPress/5.7.2; https://angelsonhighstreet.com"
35.227.54.60 - - [11/Jul/2021:00:21:45 -0400] "GET /shop/700mg-15ml-cbd-oil HTTP/1.0" 200 24319 "-" "ZoominfoBot (zoominfobot at zoominfo dot com)"
204.48.19.85 - - [11/Jul/2021:00:22:51 -0400] "POST /wp-cron.php?doing_wp_cron=1625977371.2883501052856445312500 HTTP/1.1" 200 6350 "https://angelsonhighstreet.com/wp-cron.php?doing_wp_cron=1625977371.2883501052856445312500" "WordPress/5.7.2; https://angelsonhighstreet.com"
35.227.54.60 - - [11/Jul/2021:00:22:51 -0400] "GET /author/admin HTTP/1.0" 200 21445 "-" "ZoominfoBot (zoominfobot at zoominfo dot com)"
54.36.149.20 - - [11/Jul/2021:00:22:52 -0400] "GET /product-category/oils?product_view=list&product_orderby=date&product_order=asc&product_count=16 HTTP/1.1" 200 21536 "-" "Mozilla/5.0 (compatible; AhrefsBot/7.0; +http://ahrefs.com/robot/)"
204.48.19.85 - - [11/Jul/2021:00:24:57 -0400] "POST /wp-cron.php?doing_wp_cron=1625977497.4852559566497802734375 HTTP/1.1" 200 6350 "https://angelsonhighstreet.com/wp-cron.php?doing_wp_cron=1625977497.4852559566497802734375" "WordPress/5.7.2; https://angelsonhighstreet.com"
54.36.149.103 - - [11/Jul/2021:00:24:57 -0400] "GET /product-category/oils?product_orderby=date&product_view=list&product_order=asc&product_count=48 HTTP/1.1" 200 21537 "-" "Mozilla/5.0 (compatible; AhrefsBot/7.0; +http://ahrefs.com/robot/)"
204.48.19.85 - - [11/Jul/2021:00:27:04 -0400] "POST /wp-cron.php?doing_wp_cron=1625977624.5978829860687255859375 HTTP/1.1" 200 6350 "https://angelsonhighstreet.com/wp-cron.php?doing_wp_cron=1625977624.5978829860687255859375" "WordPress/5.7.2; https://angelsonhighstreet.com"
54.36.148.114 - - [11/Jul/2021:00:27:04 -0400] "GET /product-category/oils?product_view=list&product_orderby=date&product_order=asc&product_count=32 HTTP/1.1" 200 21523 "-" "Mozilla/5.0 (compatible; AhrefsBot/7.0; +http://ahrefs.com/robot/)"
35.227.54.60 - - [11/Jul/2021:00:27:42 -0400] "GET /shop/2130mg-30ml-whole-plant-cbg-extract-oil HTTP/1.0" 200 25820 "-" "ZoominfoBot (zoominfobot at zoominfo dot com)"
204.48.19.85 - - [11/Jul/2021:00:28:25 -0400] "POST /wp-cron.php?doing_wp_cron=1625977705.4606819152832031250000 HTTP/1.1" 200 6350 "https://angelsonhighstreet.com/wp-cron.php?doing_wp_cron=1625977705.4606819152832031250000" "WordPress/5.7.2; https://angelsonhighstreet.com"
35.227.54.60 - - [11/Jul/2021:00:28:25 -0400] "GET /apparel HTTP/1.0" 200 19949 "-" "ZoominfoBot (zoominfobot at zoominfo dot com)"
204.48.19.85 - - [11/Jul/2021:00:29:08 -0400] "POST /wp-cron.php?doing_wp_cron=1625977748.3763968944549560546875 HTTP/1.1" 200 6350 "https://angelsonhighstreet.com/wp-cron.php?doing_wp_cron=1625977748.3763968944549560546875" "WordPress/5.7.2; https://angelsonhighstreet.com"
54.36.148.111 - - [11/Jul/2021:00:29:08 -0400] "GET /product-category/oils?product_order=desc&product_orderby=name&product_count=48&product_view=list HTTP/1.1" 200 21541 "-" "Mozilla/5.0 (compatible; AhrefsBot/7.0; +http://ahrefs.com/robot/)"
204.48.19.85 - - [11/Jul/2021:00:31:15 -0400] "POST /wp-cron.php?doing_wp_cron=1625977875.5579879283905029296875 HTTP/1.1" 200 6350 "https://angelsonhighstreet.com/wp-cron.php?doing_wp_cron=1625977875.5579879283905029296875" "WordPress/5.7.2; https://angelsonhighstreet.com"
54.36.149.78 - - [11/Jul/2021:00:31:15 -0400] "GET /product-category/oils?product_order=desc&product_orderby=price&product_count=48&product_view=grid HTTP/1.1" 200 21258 "-" "Mozilla/5.0 (compatible; AhrefsBot/7.0; +http://ahrefs.com/robot/)"
204.48.19.85 - - [11/Jul/2021:00:33:18 -0400] "POST /wp-cron.php?doing_wp_cron=1625977998.8641650676727294921875 HTTP/1.1" 200 6350 "https://angelsonhighstreet.com/wp-cron.php?doing_wp_cron=1625977998.8641650676727294921875" "WordPress/5.7.2; https://angelsonhighstreet.com"
54.36.148.18 - - [11/Jul/2021:00:33:18 -0400] "GET /product-category/oils?product_order=desc&product_orderby=popularity&product_count=32&product_view=list HTTP/1.1" 200 21549 "-" "Mozilla/5.0 (compatible; AhrefsBot/7.0; +http://ahrefs.com/robot/)"
204.48.19.85 - - [11/Jul/2021:00:35:19 -0400] "POST /wp-cron.php?doing_wp_cron=1625978119.2597970962524414062500 HTTP/1.1" 200 6350 "https://angelsonhighstreet.com/wp-cron.php?doing_wp_cron=1625978119.2597970962524414062500" "WordPress/5.7.2; https://angelsonhighstreet.com"
54.36.148.99 - - [11/Jul/2021:00:35:19 -0400] "GET /product-category/oils?product_orderby=price&product_view=grid&product_order=asc&product_count=32 HTTP/1.1" 200 21263 "-" "Mozilla/5.0 (compatible; AhrefsBot/7.0; +http://ahrefs.com/robot/)"
204.48.19.85 - - [11/Jul/2021:00:35:58 -0400] "POST /wp-cron.php?doing_wp_cron=1625978158.6519420146942138671875 HTTP/1.1" 200 6350 "https://angelsonhighstreet.com/wp-cron.php?doing_wp_cron=1625978158.6519420146942138671875" "WordPress/5.7.2; https://angelsonhighstreet.com"
35.227.54.60 - - [11/Jul/2021:00:35:58 -0400] "GET /shop/cbg-salve-with-special-sauce-terpenes HTTP/1.0" 200 26899 "-" "ZoominfoBot (zoominfobot at zoominfo dot com)"
204.48.19.85 - - [11/Jul/2021:00:37:18 -0400] "POST /wp-cron.php?doing_wp_cron=1625978238.2777440547943115234375 HTTP/1.1" 200 6350 "https://angelsonhighstreet.com/wp-cron.php?doing_wp_cron=1625978238.2777440547943115234375" "WordPress/5.7.2; https://angelsonhighstreet.com"
54.36.148.193 - - [11/Jul/2021:00:37:18 -0400] "GET /product-category/oils?product_order=desc&product_orderby=name&product_count=16&product_view=list HTTP/1.1" 200 21552 "-" "Mozilla/5.0 (compatible; AhrefsBot/7.0; +http://ahrefs.com/robot/)"
204.48.19.85 - - [11/Jul/2021:00:39:17 -0400] "POST /wp-cron.php?doing_wp_cron=1625978357.6940259933471679687500 HTTP/1.1" 200 6350 "https://angelsonhighstreet.com/wp-cron.php?doing_wp_cron=1625978357.6940259933471679687500" "WordPress/5.7.2; https://angelsonhighstreet.com"
54.36.148.204 - - [11/Jul/2021:00:39:17 -0400] "GET /product-category/oils?product_order=desc&product_orderby=name&product_count=32&product_view=list HTTP/1.1" 200 21557 "-" "Mozilla/5.0 (compatible; AhrefsBot/7.0; +http://ahrefs.com/robot/)"
35.227.54.60 - - [11/Jul/2021:00:39:26 -0400] "GET /shop/holy-grail-cbd-healing-salve-1-oz HTTP/1.0" 200 27665 "-" "ZoominfoBot (zoominfobot at zoominfo dot com)"
107.150.52.198 - - [11/Jul/2021:00:41:03 -0400] "GET /wp-login.php HTTP/1.1" 200 14174 "-" "Mozilla/5.0 (X11; Ubuntu; Linux i686; rv:31.0) Gecko/20100101 Firefox/31.0"
204.48.19.85 - - [11/Jul/2021:00:41:03 -0400] "POST /wp-cron.php?doing_wp_cron=1625978463.7966170310974121093750 HTTP/1.1" 200 6350 "https://angelsonhighstreet.com/wp-cron.php?doing_wp_cron=1625978463.7966170310974121093750" "WordPress/5.7.2; https://angelsonhighstreet.com"
107.150.52.198 - - [11/Jul/2021:00:41:03 -0400] "POST /wp-login.php HTTP/1.1" 200 9231 "-" "Mozilla/5.0 (X11; Ubuntu; Linux i686; rv:31.0) Gecko/20100101 Firefox/31.0"
54.36.148.226 - - [11/Jul/2021:00:41:24 -0400] "GET /product-category/oils?product_order=desc&product_orderby=popularity&product_view=grid&product_count=32 HTTP/1.1" 200 21271 "-" "Mozilla/5.0 (compatible; AhrefsBot/7.0; +http://ahrefs.com/robot/)"
66.249.66.41 - - [11/Jul/2021:00:41:25 -0400] "GET /shop/cbg-salve-with-hawiian-haze-terpenes HTTP/1.1" 200 26331 "-" "Mozilla/5.0 (Linux; Android 6.0.1; Nexus 5X Build/MMB29P) AppleWebKit/537.36 (KHTML, like Gecko) Chrome/91.0.4472.90 Mobile Safari/537.36 (compatible; Googlebot/2.1; +http://www.google.com/bot.html)"
66.249.66.35 - - [11/Jul/2021:00:41:28 -0400] "POST /?wc-ajax=get_refreshed_fragments HTTP/1.1" 200 6901 "https://angelsonhighstreet.com/shop/cbg-salve-with-hawiian-haze-terpenes" "Mozilla/5.0 (Linux; Android 6.0.1; Nexus 5X Build/MMB29P) AppleWebKit/537.36 (KHTML, like Gecko) Chrome/91.0.4472.90 Mobile Safari/537.36 (compatible; Googlebot/2.1; +http://www.google.com/bot.html)"
204.48.19.85 - - [11/Jul/2021:00:43:27 -0400] "POST /wp-cron.php?doing_wp_cron=1625978607.7292339801788330078125 HTTP/1.1" 200 6350 "https://angelsonhighstreet.com/wp-cron.php?doing_wp_cron=1625978607.7292339801788330078125" "WordPress/5.7.2; https://angelsonhighstreet.com"
54.36.148.120 - - [11/Jul/2021:00:43:27 -0400] "GET /product-category/oils?product_order=desc&product_orderby=price&product_view=list&product_count=32 HTTP/1.1" 200 21521 "-" "Mozilla/5.0 (compatible; AhrefsBot/7.0; +http://ahrefs.com/robot/)"
204.48.19.85 - - [11/Jul/2021:00:45:26 -0400] "POST /wp-cron.php?doing_wp_cron=1625978726.6778759956359863281250 HTTP/1.1" 200 6350 "https://angelsonhighstreet.com/wp-cron.php?doing_wp_cron=1625978726.6778759956359863281250" "WordPress/5.7.2; https://angelsonhighstreet.com"
54.36.148.193 - - [11/Jul/2021:00:45:26 -0400] "GET /product-category/oils?product_order=desc&product_orderby=date&product_count=32&product_view=list HTTP/1.1" 200 21554 "-" "Mozilla/5.0 (compatible; AhrefsBot/7.0; +http://ahrefs.com/robot/)"
204.48.19.85 - - [11/Jul/2021:00:47:22 -0400] "POST /wp-cron.php?doing_wp_cron=1625978842.1944210529327392578125 HTTP/1.1" 200 6350 "https://angelsonhighstreet.com/wp-cron.php?doing_wp_cron=1625978842.1944210529327392578125" "WordPress/5.7.2; https://angelsonhighstreet.com"
54.36.148.119 - - [11/Jul/2021:00:47:22 -0400] "GET /product-category/oils?product_count=48&product_order=desc&product_orderby=date&product_view=list HTTP/1.1" 200 21532 "-" "Mozilla/5.0 (compatible; AhrefsBot/7.0; +http://ahrefs.com/robot/)"
204.48.19.85 - - [11/Jul/2021:00:49:01 -0400] "POST /wp-cron.php?doing_wp_cron=1625978941.1196389198303222656250 HTTP/1.1" 200 6350 "https://angelsonhighstreet.com/wp-cron.php?doing_wp_cron=1625978941.1196389198303222656250" "WordPress/5.7.2; https://angelsonhighstreet.com"
35.227.54.60 - - [11/Jul/2021:00:49:00 -0400] "GET /contact-us HTTP/1.0" 200 20263 "-" "ZoominfoBot (zoominfobot at zoominfo dot com)"
54.36.149.106 - - [11/Jul/2021:00:49:16 -0400] "GET /product-category/oils?product_count=48&product_orderby=price&product_order=desc&product_view=list HTTP/1.1" 200 21541 "-" "Mozilla/5.0 (compatible; AhrefsBot/7.0; +http://ahrefs.com/robot/)"
207.46.13.130 - - [11/Jul/2021:00:49:40 -0400] "GET /wp-content/uploads/2020/05/B164798E-529B-431A-A139-B50C0BC6B1DA.jpeg HTTP/1.1" 200 578853 "-" "Mozilla/5.0 (compatible; bingbot/2.0; +http://www.bing.com/bingbot.htm)"
204.48.19.85 - - [11/Jul/2021:00:51:07 -0400] "POST /wp-cron.php?doing_wp_cron=1625979067.7929120063781738281250 HTTP/1.1" 200 6350 "https://angelsonhighstreet.com/wp-cron.php?doing_wp_cron=1625979067.7929120063781738281250" "WordPress/5.7.2; https://angelsonhighstreet.com"
