24.102.206.46 - - [01/Jul/2021:21:36:53 -0400] "GET /wp-content/plugins/woocommerce/assets/js/frontend/add-to-cart.min.js?ver=5.3.0 HTTP/1.1" 200 1522 "https://angelsonhighstreet.com/" "Mozilla/5.0 (iPhone; CPU iPhone OS 14_6 like Mac OS X) AppleWebKit/605.1.15 (KHTML, like Gecko) Mobile/15E148 [FBAN/FBIOS;FBAV/323.0.0.47.120;FBBV/298673949;FBDV/iPhone11,8;FBMD/iPhone;FBSN/iOS;FBSV/14.6;FBSS/2;FBID/phone;FBLC/en_US;FBOP/5;FBRV/302036709]"
24.102.206.46 - - [01/Jul/2021:21:36:53 -0400] "GET /wp-content/plugins/woocommerce/assets/js/js-cookie/js.cookie.min.js?ver=2.1.4 HTTP/1.1" 200 1417 "https://angelsonhighstreet.com/" "Mozilla/5.0 (iPhone; CPU iPhone OS 14_6 like Mac OS X) AppleWebKit/605.1.15 (KHTML, like Gecko) Mobile/15E148 [FBAN/FBIOS;FBAV/323.0.0.47.120;FBBV/298673949;FBDV/iPhone11,8;FBMD/iPhone;FBSN/iOS;FBSV/14.6;FBSS/2;FBID/phone;FBLC/en_US;FBOP/5;FBRV/302036709]"
24.102.206.46 - - [01/Jul/2021:21:36:53 -0400] "GET /wp-content/plugins/woocommerce/assets/js/frontend/woocommerce.min.js?ver=5.3.0 HTTP/1.1" 200 1222 "https://angelsonhighstreet.com/" "Mozilla/5.0 (iPhone; CPU iPhone OS 14_6 like Mac OS X) AppleWebKit/605.1.15 (KHTML, like Gecko) Mobile/15E148 [FBAN/FBIOS;FBAV/323.0.0.47.120;FBBV/298673949;FBDV/iPhone11,8;FBMD/iPhone;FBSN/iOS;FBSV/14.6;FBSS/2;FBID/phone;FBLC/en_US;FBOP/5;FBRV/302036709]"
24.102.206.46 - - [01/Jul/2021:21:36:53 -0400] "GET /wp-content/plugins/woocommerce/assets/js/frontend/cart-fragments.min.js?ver=5.3.0 HTTP/1.1" 200 1475 "https://angelsonhighstreet.com/" "Mozilla/5.0 (iPhone; CPU iPhone OS 14_6 like Mac OS X) AppleWebKit/605.1.15 (KHTML, like Gecko) Mobile/15E148 [FBAN/FBIOS;FBAV/323.0.0.47.120;FBBV/298673949;FBDV/iPhone11,8;FBMD/iPhone;FBSN/iOS;FBSV/14.6;FBSS/2;FBID/phone;FBLC/en_US;FBOP/5;FBRV/302036709]"
24.102.206.46 - - [01/Jul/2021:21:36:53 -0400] "GET /wp-includes/js/wp-embed.min.js?ver=5.7.2 HTTP/1.1" 200 1200 "https://angelsonhighstreet.com/" "Mozilla/5.0 (iPhone; CPU iPhone OS 14_6 like Mac OS X) AppleWebKit/605.1.15 (KHTML, like Gecko) Mobile/15E148 [FBAN/FBIOS;FBAV/323.0.0.47.120;FBBV/298673949;FBDV/iPhone11,8;FBMD/iPhone;FBSN/iOS;FBSV/14.6;FBSS/2;FBID/phone;FBLC/en_US;FBOP/5;FBRV/302036709]"
24.102.206.46 - - [01/Jul/2021:21:36:53 -0400] "GET /wp-includes/js/wp-emoji-release.min.js?ver=5.7.2 HTTP/1.1" 200 5142 "https://angelsonhighstreet.com/" "Mozilla/5.0 (iPhone; CPU iPhone OS 14_6 like Mac OS X) AppleWebKit/605.1.15 (KHTML, like Gecko) Mobile/15E148 [FBAN/FBIOS;FBAV/323.0.0.47.120;FBBV/298673949;FBDV/iPhone11,8;FBMD/iPhone;FBSN/iOS;FBSV/14.6;FBSS/2;FBID/phone;FBLC/en_US;FBOP/5;FBRV/302036709]"
24.102.206.46 - - [01/Jul/2021:21:36:53 -0400] "GET /wp-content/uploads/fusion-scripts/250c2b9f76b9189f0607771277c32ada.min.js?ver=3.2.1 HTTP/1.1" 200 122595 "https://angelsonhighstreet.com/" "Mozilla/5.0 (iPhone; CPU iPhone OS 14_6 like Mac OS X) AppleWebKit/605.1.15 (KHTML, like Gecko) Mobile/15E148 [FBAN/FBIOS;FBAV/323.0.0.47.120;FBBV/298673949;FBDV/iPhone11,8;FBMD/iPhone;FBSN/iOS;FBSV/14.6;FBSS/2;FBID/phone;FBLC/en_US;FBOP/5;FBRV/302036709]"
24.102.206.46 - - [01/Jul/2021:21:36:53 -0400] "GET /wp-content/uploads/fusion-gfonts/qkBIXvYC6trAT55ZBi1ueQVIjQTD-JqaE0lMZbLXGimS.woff HTTP/1.1" 200 15349 "https://angelsonhighstreet.com/" "Mozilla/5.0 (iPhone; CPU iPhone OS 14_6 like Mac OS X) AppleWebKit/605.1.15 (KHTML, like Gecko) Mobile/15E148 [FBAN/FBIOS;FBAV/323.0.0.47.120;FBBV/298673949;FBDV/iPhone11,8;FBMD/iPhone;FBSN/iOS;FBSV/14.6;FBSS/2;FBID/phone;FBLC/en_US;FBOP/5;FBRV/302036709]"
24.102.206.46 - - [01/Jul/2021:21:36:53 -0400] "GET /wp-content/uploads/fusion-gfonts/JTURjIg1_i6t8kCHKm45_dJE3gnD-Px3rCs.woff HTTP/1.1" 200 17525 "https://angelsonhighstreet.com/" "Mozilla/5.0 (iPhone; CPU iPhone OS 14_6 like Mac OS X) AppleWebKit/605.1.15 (KHTML, like Gecko) Mobile/15E148 [FBAN/FBIOS;FBAV/323.0.0.47.120;FBBV/298673949;FBDV/iPhone11,8;FBMD/iPhone;FBSN/iOS;FBSV/14.6;FBSS/2;FBID/phone;FBLC/en_US;FBOP/5;FBRV/302036709]"
24.102.206.46 - - [01/Jul/2021:21:36:53 -0400] "GET /wp-content/themes/Avada/includes/lib/assets/fonts/icomoon/icomoon.woff HTTP/1.1" 200 13272 "https://angelsonhighstreet.com/" "Mozilla/5.0 (iPhone; CPU iPhone OS 14_6 like Mac OS X) AppleWebKit/605.1.15 (KHTML, like Gecko) Mobile/15E148 [FBAN/FBIOS;FBAV/323.0.0.47.120;FBBV/298673949;FBDV/iPhone11,8;FBMD/iPhone;FBSN/iOS;FBSV/14.6;FBSS/2;FBID/phone;FBLC/en_US;FBOP/5;FBRV/302036709]"
24.102.206.46 - - [01/Jul/2021:21:36:53 -0400] "GET /wp-content/uploads/fusion-gfonts/qkBIXvYC6trAT55ZBi1ueQVIjQTDH52aE0lMZbLXGimS.woff HTTP/1.1" 200 15341 "https://angelsonhighstreet.com/" "Mozilla/5.0 (iPhone; CPU iPhone OS 14_6 like Mac OS X) AppleWebKit/605.1.15 (KHTML, like Gecko) Mobile/15E148 [FBAN/FBIOS;FBAV/323.0.0.47.120;FBBV/298673949;FBDV/iPhone11,8;FBMD/iPhone;FBSN/iOS;FBSV/14.6;FBSS/2;FBID/phone;FBLC/en_US;FBOP/5;FBRV/302036709]"
24.102.206.46 - - [01/Jul/2021:21:36:53 -0400] "GET /wp-content/themes/Avada/includes/lib/assets/fonts/fontawesome/webfonts/fa-regular-400.woff2 HTTP/1.1" 200 14074 "https://angelsonhighstreet.com/" "Mozilla/5.0 (iPhone; CPU iPhone OS 14_6 like Mac OS X) AppleWebKit/605.1.15 (KHTML, like Gecko) Mobile/15E148 [FBAN/FBIOS;FBAV/323.0.0.47.120;FBBV/298673949;FBDV/iPhone11,8;FBMD/iPhone;FBSN/iOS;FBSV/14.6;FBSS/2;FBID/phone;FBLC/en_US;FBOP/5;FBRV/302036709]"
24.102.206.46 - - [01/Jul/2021:21:36:53 -0400] "GET /wp-content/uploads/fusion-gfonts/qkBKXvYC6trAT7RQNNK2EG7SIwPWMNlCV3lIb7X1HgGQ0tQ.woff HTTP/1.1" 200 15580 "https://angelsonhighstreet.com/" "Mozilla/5.0 (iPhone; CPU iPhone OS 14_6 like Mac OS X) AppleWebKit/605.1.15 (KHTML, like Gecko) Mobile/15E148 [FBAN/FBIOS;FBAV/323.0.0.47.120;FBBV/298673949;FBDV/iPhone11,8;FBMD/iPhone;FBSN/iOS;FBSV/14.6;FBSS/2;FBID/phone;FBLC/en_US;FBOP/5;FBRV/302036709]"
24.102.206.46 - - [01/Jul/2021:21:36:53 -0400] "GET /wp-content/uploads/2020/05/aohs_righttext_logo-e1590068585746.png HTTP/1.1" 200 62245 "https://angelsonhighstreet.com/" "Mozilla/5.0 (iPhone; CPU iPhone OS 14_6 like Mac OS X) AppleWebKit/605.1.15 (KHTML, like Gecko) Mobile/15E148 [FBAN/FBIOS;FBAV/323.0.0.47.120;FBBV/298673949;FBDV/iPhone11,8;FBMD/iPhone;FBSN/iOS;FBSV/14.6;FBSS/2;FBID/phone;FBLC/en_US;FBOP/5;FBRV/302036709]"
24.102.206.46 - - [01/Jul/2021:21:36:53 -0400] "GET /wp-content/uploads/2020/08/C5B83DAF-9E96-49A0-AAA0-C902DBEB3B68.jpeg HTTP/1.1" 200 85904 "https://angelsonhighstreet.com/" "Mozilla/5.0 (iPhone; CPU iPhone OS 14_6 like Mac OS X) AppleWebKit/605.1.15 (KHTML, like Gecko) Mobile/15E148 [FBAN/FBIOS;FBAV/323.0.0.47.120;FBBV/298673949;FBDV/iPhone11,8;FBMD/iPhone;FBSN/iOS;FBSV/14.6;FBSS/2;FBID/phone;FBLC/en_US;FBOP/5;FBRV/302036709]"
24.102.206.46 - - [01/Jul/2021:21:36:53 -0400] "GET /wp-content/uploads/2020/08/D7CE7FC9-6B66-4E0F-B3A8-E17389D30D20.jpeg HTTP/1.1" 200 105313 "https://angelsonhighstreet.com/" "Mozilla/5.0 (iPhone; CPU iPhone OS 14_6 like Mac OS X) AppleWebKit/605.1.15 (KHTML, like Gecko) Mobile/15E148 [FBAN/FBIOS;FBAV/323.0.0.47.120;FBBV/298673949;FBDV/iPhone11,8;FBMD/iPhone;FBSN/iOS;FBSV/14.6;FBSS/2;FBID/phone;FBLC/en_US;FBOP/5;FBRV/302036709]"
24.102.206.46 - - [01/Jul/2021:21:36:53 -0400] "GET /wp-content/uploads/2020/08/D37CB261-2BE3-4FB2-AE52-84F8AC85FF3A.jpeg HTTP/1.1" 200 96561 "https://angelsonhighstreet.com/" "Mozilla/5.0 (iPhone; CPU iPhone OS 14_6 like Mac OS X) AppleWebKit/605.1.15 (KHTML, like Gecko) Mobile/15E148 [FBAN/FBIOS;FBAV/323.0.0.47.120;FBBV/298673949;FBDV/iPhone11,8;FBMD/iPhone;FBSN/iOS;FBSV/14.6;FBSS/2;FBID/phone;FBLC/en_US;FBOP/5;FBRV/302036709]"
24.102.206.46 - - [01/Jul/2021:21:36:53 -0400] "GET /wp-content/uploads/2019/05/IMG_0405-1200x1703.jpg HTTP/1.1" 200 285548 "https://angelsonhighstreet.com/" "Mozilla/5.0 (iPhone; CPU iPhone OS 14_6 like Mac OS X) AppleWebKit/605.1.15 (KHTML, like Gecko) Mobile/15E148 [FBAN/FBIOS;FBAV/323.0.0.47.120;FBBV/298673949;FBDV/iPhone11,8;FBMD/iPhone;FBSN/iOS;FBSV/14.6;FBSS/2;FBID/phone;FBLC/en_US;FBOP/5;FBRV/302036709]"
24.102.206.46 - - [01/Jul/2021:21:36:53 -0400] "GET /wp-content/uploads/2020/08/C9EC0898-E30D-4B2A-A8B1-96DE3A2B9FAA.jpeg HTTP/1.1" 200 182985 "https://angelsonhighstreet.com/" "Mozilla/5.0 (iPhone; CPU iPhone OS 14_6 like Mac OS X) AppleWebKit/605.1.15 (KHTML, like Gecko) Mobile/15E148 [FBAN/FBIOS;FBAV/323.0.0.47.120;FBBV/298673949;FBDV/iPhone11,8;FBMD/iPhone;FBSN/iOS;FBSV/14.6;FBSS/2;FBID/phone;FBLC/en_US;FBOP/5;FBRV/302036709]"
24.102.206.46 - - [01/Jul/2021:21:36:53 -0400] "GET /wp-content/uploads/2020/04/aohs_logo_blkbg-e1588290703663-150x150.png HTTP/1.1" 200 30802 "https://angelsonhighstreet.com/" "Mozilla/5.0 (iPhone; CPU iPhone OS 14_6 like Mac OS X) AppleWebKit/605.1.15 (KHTML, like Gecko) Mobile/15E148 [FBAN/FBIOS;FBAV/323.0.0.47.120;FBBV/298673949;FBDV/iPhone11,8;FBMD/iPhone;FBSN/iOS;FBSV/14.6;FBSS/2;FBID/phone;FBLC/en_US;FBOP/5;FBRV/302036709]"
24.102.206.46 - - [01/Jul/2021:21:36:53 -0400] "GET /wp-content/uploads/2019/11/standards_banner.png HTTP/1.1" 200 19955 "https://angelsonhighstreet.com/" "Mozilla/5.0 (iPhone; CPU iPhone OS 14_6 like Mac OS X) AppleWebKit/605.1.15 (KHTML, like Gecko) Mobile/15E148 [FBAN/FBIOS;FBAV/323.0.0.47.120;FBBV/298673949;FBDV/iPhone11,8;FBMD/iPhone;FBSN/iOS;FBSV/14.6;FBSS/2;FBID/phone;FBLC/en_US;FBOP/5;FBRV/302036709]"
24.102.206.46 - - [01/Jul/2021:21:36:53 -0400] "GET /wp-content/uploads/2020/07/F3BBAB36-C718-44E4-AA15-13B741A05689.jpeg HTTP/1.1" 200 129513 "https://angelsonhighstreet.com/" "Mozilla/5.0 (iPhone; CPU iPhone OS 14_6 like Mac OS X) AppleWebKit/605.1.15 (KHTML, like Gecko) Mobile/15E148 [FBAN/FBIOS;FBAV/323.0.0.47.120;FBBV/298673949;FBDV/iPhone11,8;FBMD/iPhone;FBSN/iOS;FBSV/14.6;FBSS/2;FBID/phone;FBLC/en_US;FBOP/5;FBRV/302036709]"
24.102.206.46 - - [01/Jul/2021:21:36:53 -0400] "GET /wp-content/uploads/2020/05/5C641DE8-0187-43FF-BDA7-9ECB85C21670.jpeg HTTP/1.1" 200 285738 "https://angelsonhighstreet.com/" "Mozilla/5.0 (iPhone; CPU iPhone OS 14_6 like Mac OS X) AppleWebKit/605.1.15 (KHTML, like Gecko) Mobile/15E148 [FBAN/FBIOS;FBAV/323.0.0.47.120;FBBV/298673949;FBDV/iPhone11,8;FBMD/iPhone;FBSN/iOS;FBSV/14.6;FBSS/2;FBID/phone;FBLC/en_US;FBOP/5;FBRV/302036709]"
24.102.206.46 - - [01/Jul/2021:21:36:53 -0400] "GET /wp-content/uploads/2020/11/8BC30C6A-8CA8-4876-976A-0465755939A8.jpeg HTTP/1.1" 200 515742 "https://angelsonhighstreet.com/" "Mozilla/5.0 (iPhone; CPU iPhone OS 14_6 like Mac OS X) AppleWebKit/605.1.15 (KHTML, like Gecko) Mobile/15E148 [FBAN/FBIOS;FBAV/323.0.0.47.120;FBBV/298673949;FBDV/iPhone11,8;FBMD/iPhone;FBSN/iOS;FBSV/14.6;FBSS/2;FBID/phone;FBLC/en_US;FBOP/5;FBRV/302036709]"
24.102.206.46 - - [01/Jul/2021:21:36:53 -0400] "GET /wp-content/plugins/wp-optin-wheel/public/img/wheel-green.png HTTP/1.1" 200 39871 "https://angelsonhighstreet.com/" "Mozilla/5.0 (iPhone; CPU iPhone OS 14_6 like Mac OS X) AppleWebKit/605.1.15 (KHTML, like Gecko) Mobile/15E148 [FBAN/FBIOS;FBAV/323.0.0.47.120;FBBV/298673949;FBDV/iPhone11,8;FBMD/iPhone;FBSN/iOS;FBSV/14.6;FBSS/2;FBID/phone;FBLC/en_US;FBOP/5;FBRV/302036709]"
24.102.206.46 - - [01/Jul/2021:21:36:53 -0400] "GET /wp-content/uploads/2020/11/newCBGhealingsalve.jpg HTTP/1.1" 200 869508 "https://angelsonhighstreet.com/" "Mozilla/5.0 (iPhone; CPU iPhone OS 14_6 like Mac OS X) AppleWebKit/605.1.15 (KHTML, like Gecko) Mobile/15E148 [FBAN/FBIOS;FBAV/323.0.0.47.120;FBBV/298673949;FBDV/iPhone11,8;FBMD/iPhone;FBSN/iOS;FBSV/14.6;FBSS/2;FBID/phone;FBLC/en_US;FBOP/5;FBRV/302036709]"
24.102.206.46 - - [01/Jul/2021:21:36:53 -0400] "GET /wp-content/plugins/wp-optin-wheel/public/img/bg-hearts.png HTTP/1.1" 200 2213 "https://angelsonhighstreet.com/" "Mozilla/5.0 (iPhone; CPU iPhone OS 14_6 like Mac OS X) AppleWebKit/605.1.15 (KHTML, like Gecko) Mobile/15E148 [FBAN/FBIOS;FBAV/323.0.0.47.120;FBBV/298673949;FBDV/iPhone11,8;FBMD/iPhone;FBSN/iOS;FBSV/14.6;FBSS/2;FBID/phone;FBLC/en_US;FBOP/5;FBRV/302036709]"
24.102.206.46 - - [01/Jul/2021:21:36:54 -0400] "GET /wp-content/uploads/fusion-gfonts/JTUSjIg1_i6t8kCHKm459WlhzSTh89Y.woff HTTP/1.1" 200 17618 "https://angelsonhighstreet.com/" "Mozilla/5.0 (iPhone; CPU iPhone OS 14_6 like Mac OS X) AppleWebKit/605.1.15 (KHTML, like Gecko) Mobile/15E148 [FBAN/FBIOS;FBAV/323.0.0.47.120;FBBV/298673949;FBDV/iPhone11,8;FBMD/iPhone;FBSN/iOS;FBSV/14.6;FBSS/2;FBID/phone;FBLC/en_US;FBOP/5;FBRV/302036709]"
24.102.206.46 - - [01/Jul/2021:21:36:54 -0400] "GET /wp-content/uploads/2020/05/2F81A01C-A31F-4FC0-ACBC-AC077D7C6D5B-e1588879916909.jpeg HTTP/1.1" 200 237707 "https://angelsonhighstreet.com/" "Mozilla/5.0 (iPhone; CPU iPhone OS 14_6 like Mac OS X) AppleWebKit/605.1.15 (KHTML, like Gecko) Mobile/15E148 [FBAN/FBIOS;FBAV/323.0.0.47.120;FBBV/298673949;FBDV/iPhone11,8;FBMD/iPhone;FBSN/iOS;FBSV/14.6;FBSS/2;FBID/phone;FBLC/en_US;FBOP/5;FBRV/302036709]"
24.102.206.46 - - [01/Jul/2021:21:36:53 -0400] "POST /?wc-ajax=get_refreshed_fragments HTTP/1.1" 200 874 "https://angelsonhighstreet.com/" "Mozilla/5.0 (iPhone; CPU iPhone OS 14_6 like Mac OS X) AppleWebKit/605.1.15 (KHTML, like Gecko) Mobile/15E148 [FBAN/FBIOS;FBAV/323.0.0.47.120;FBBV/298673949;FBDV/iPhone11,8;FBMD/iPhone;FBSN/iOS;FBSV/14.6;FBSS/2;FBID/phone;FBLC/en_US;FBOP/5;FBRV/302036709]"
24.102.206.46 - - [01/Jul/2021:21:36:54 -0400] "GET /wp-json/contact-form-7/v1/contact-forms/16954/refill HTTP/1.1" 200 643 "https://angelsonhighstreet.com/" "Mozilla/5.0 (iPhone; CPU iPhone OS 14_6 like Mac OS X) AppleWebKit/605.1.15 (KHTML, like Gecko) Mobile/15E148 [FBAN/FBIOS;FBAV/323.0.0.47.120;FBBV/298673949;FBDV/iPhone11,8;FBMD/iPhone;FBSN/iOS;FBSV/14.6;FBSS/2;FBID/phone;FBLC/en_US;FBOP/5;FBRV/302036709]"
24.102.206.46 - - [01/Jul/2021:21:36:56 -0400] "POST /wp-admin/admin-ajax.php HTTP/1.1" 200 698 "https://angelsonhighstreet.com/" "Mozilla/5.0 (iPhone; CPU iPhone OS 14_6 like Mac OS X) AppleWebKit/605.1.15 (KHTML, like Gecko) Mobile/15E148 [FBAN/FBIOS;FBAV/323.0.0.47.120;FBBV/298673949;FBDV/iPhone11,8;FBMD/iPhone;FBSN/iOS;FBSV/14.6;FBSS/2;FBID/phone;FBLC/en_US;FBOP/5;FBRV/302036709]"
204.48.19.85 - - [01/Jul/2021:21:36:57 -0400] "POST /wp-cron.php?doing_wp_cron=1625189817.9174909591674804687500 HTTP/1.1" 200 5548 "https://angelsonhighstreet.com/wp-cron.php?doing_wp_cron=1625189817.9174909591674804687500" "WordPress/5.7.2; https://angelsonhighstreet.com"
24.102.206.46 - - [01/Jul/2021:21:36:57 -0400] "GET / HTTP/1.1" 200 20098 "https://angelsonhighstreet.com/" "Mozilla/5.0 (iPhone; CPU iPhone OS 14_6 like Mac OS X) AppleWebKit/605.1.15 (KHTML, like Gecko) Mobile/15E148 [FBAN/FBIOS;FBAV/323.0.0.47.120;FBBV/298673949;FBDV/iPhone11,8;FBMD/iPhone;FBSN/iOS;FBSV/14.6;FBSS/2;FBID/phone;FBLC/en_US;FBOP/5;FBRV/302036709]"
24.102.206.46 - - [01/Jul/2021:21:36:58 -0400] "GET /wp-content/uploads/2019/05/IMG_0405-1082x1536.jpg HTTP/1.1" 200 237021 "https://angelsonhighstreet.com/" "Mozilla/5.0 (iPhone; CPU iPhone OS 14_6 like Mac OS X) AppleWebKit/605.1.15 (KHTML, like Gecko) Mobile/15E148 [FBAN/FBIOS;FBAV/323.0.0.47.120;FBBV/298673949;FBDV/iPhone11,8;FBMD/iPhone;FBSN/iOS;FBSV/14.6;FBSS/2;FBID/phone;FBLC/en_US;FBOP/5;FBRV/302036709]"
24.102.206.46 - - [01/Jul/2021:21:36:58 -0400] "GET /wp-json/contact-form-7/v1/contact-forms/16954/refill HTTP/1.1" 200 643 "https://angelsonhighstreet.com/" "Mozilla/5.0 (iPhone; CPU iPhone OS 14_6 like Mac OS X) AppleWebKit/605.1.15 (KHTML, like Gecko) Mobile/15E148 [FBAN/FBIOS;FBAV/323.0.0.47.120;FBBV/298673949;FBDV/iPhone11,8;FBMD/iPhone;FBSN/iOS;FBSV/14.6;FBSS/2;FBID/phone;FBLC/en_US;FBOP/5;FBRV/302036709]"
24.102.206.46 - - [01/Jul/2021:21:37:01 -0400] "GET /shop-full-width HTTP/1.1" 200 15912 "https://angelsonhighstreet.com/" "Mozilla/5.0 (iPhone; CPU iPhone OS 14_6 like Mac OS X) AppleWebKit/605.1.15 (KHTML, like Gecko) Mobile/15E148 [FBAN/FBIOS;FBAV/323.0.0.47.120;FBBV/298673949;FBDV/iPhone11,8;FBMD/iPhone;FBSN/iOS;FBSV/14.6;FBSS/2;FBID/phone;FBLC/en_US;FBOP/5;FBRV/302036709]"
24.102.206.46 - - [01/Jul/2021:21:37:02 -0400] "GET /wp-content/uploads/fusion-styles/9cfbc2155547e8f51b6c2bcc5657a204.min.css?ver=3.2.1 HTTP/1.1" 200 149728 "https://angelsonhighstreet.com/shop-full-width" "Mozilla/5.0 (iPhone; CPU iPhone OS 14_6 like Mac OS X) AppleWebKit/605.1.15 (KHTML, like Gecko) Mobile/15E148 [FBAN/FBIOS;FBAV/323.0.0.47.120;FBBV/298673949;FBDV/iPhone11,8;FBMD/iPhone;FBSN/iOS;FBSV/14.6;FBSS/2;FBID/phone;FBLC/en_US;FBOP/5;FBRV/302036709]"
24.102.206.46 - - [01/Jul/2021:21:37:02 -0400] "GET /wp-content/uploads/fusion-scripts/27d829c5db6e6643472e29fcdf503374.min.js?ver=3.2.1 HTTP/1.1" 200 124969 "https://angelsonhighstreet.com/shop-full-width" "Mozilla/5.0 (iPhone; CPU iPhone OS 14_6 like Mac OS X) AppleWebKit/605.1.15 (KHTML, like Gecko) Mobile/15E148 [FBAN/FBIOS;FBAV/323.0.0.47.120;FBBV/298673949;FBDV/iPhone11,8;FBMD/iPhone;FBSN/iOS;FBSV/14.6;FBSS/2;FBID/phone;FBLC/en_US;FBOP/5;FBRV/302036709]"
24.102.206.46 - - [01/Jul/2021:21:37:02 -0400] "GET /wp-content/uploads/fusion-gfonts/JTUPjIg1_i6t8kCHKm459WxZcgvz_PZ2jimrqw.woff HTTP/1.1" 200 18040 "https://angelsonhighstreet.com/" "Mozilla/5.0 (iPhone; CPU iPhone OS 14_6 like Mac OS X) AppleWebKit/605.1.15 (KHTML, like Gecko) Mobile/15E148 [FBAN/FBIOS;FBAV/323.0.0.47.120;FBBV/298673949;FBDV/iPhone11,8;FBMD/iPhone;FBSN/iOS;FBSV/14.6;FBSS/2;FBID/phone;FBLC/en_US;FBOP/5;FBRV/302036709]"
185.25.48.30 - - [01/Jul/2021:21:37:10 -0400] "GET / HTTP/1.1" 200 115183 "-" "Opera/8.78 (Windows NT 6.0; en-US) Presto/2.10.333 Version/10.00"
185.25.48.30 - - [01/Jul/2021:21:37:11 -0400] "POST / HTTP/1.1" 200 114114 "-" "Opera/8.78 (Windows NT 6.0; en-US) Presto/2.10.333 Version/10.00"
185.25.48.30 - - [01/Jul/2021:21:37:12 -0400] "GET /affiliate-home/affiliate-register HTTP/1.1" 200 85262 "-" "Opera/8.78 (Windows NT 6.0; en-US) Presto/2.10.333 Version/10.00"
185.25.48.30 - - [01/Jul/2021:21:37:12 -0400] "POST /affiliate-home/affiliate-register HTTP/1.1" 200 68617 "-" "Opera/8.78 (Windows NT 6.0; en-US) Presto/2.10.333 Version/10.00"
185.25.48.30 - - [01/Jul/2021:21:37:13 -0400] "GET /contact-us HTTP/1.1" 200 67512 "-" "Opera/8.78 (Windows NT 6.0; en-US) Presto/2.10.333 Version/10.00"
185.25.48.30 - - [01/Jul/2021:21:37:14 -0400] "POST /contact-us HTTP/1.1" 200 67822 "-" "Opera/8.78 (Windows NT 6.0; en-US) Presto/2.10.333 Version/10.00"
24.102.206.46 - - [01/Jul/2021:21:37:15 -0400] "GET / HTTP/1.1" 200 25493 "https://m.facebook.com/l.php?u=https%3A%2F%2Fangelsonhighstreet.com%2F&h=AT2wwuFt9C6yu1l-jHJKGbuoRTha_5_lCx_2EnfBuXivYplvIrpkRhPNae6V9p4MH9AQ0ZxK7J-Npuhuoo34nYeNIcGEkqd8Bx6v2gsTulDNB4wOIbP-Dr_Lr-gFfhAcDxh-L6uBu6k" "Mozilla/5.0 (iPhone; CPU iPhone OS 14_6 like Mac OS X) AppleWebKit/605.1.15 (KHTML, like Gecko) Mobile/15E148 [FBAN/FBIOS;FBAV/323.0.0.47.120;FBBV/298673949;FBDV/iPhone11,8;FBMD/iPhone;FBSN/iOS;FBSV/14.6;FBSS/2;FBID/phone;FBLC/en_US;FBOP/5;FBRV/302036709]"
24.102.206.46 - - [01/Jul/2021:21:37:15 -0400] "POST /?wc-ajax=get_refreshed_fragments HTTP/1.1" 200 6146 "https://angelsonhighstreet.com/" "Mozilla/5.0 (iPhone; CPU iPhone OS 14_6 like Mac OS X) AppleWebKit/605.1.15 (KHTML, like Gecko) Mobile/15E148 [FBAN/FBIOS;FBAV/323.0.0.47.120;FBBV/298673949;FBDV/iPhone11,8;FBMD/iPhone;FBSN/iOS;FBSV/14.6;FBSS/2;FBID/phone;FBLC/en_US;FBOP/5;FBRV/302036709]"
24.102.206.46 - - [01/Jul/2021:21:37:16 -0400] "GET /wp-json/contact-form-7/v1/contact-forms/16954/refill HTTP/1.1" 200 643 "https://angelsonhighstreet.com/" "Mozilla/5.0 (iPhone; CPU iPhone OS 14_6 like Mac OS X) AppleWebKit/605.1.15 (KHTML, like Gecko) Mobile/15E148 [FBAN/FBIOS;FBAV/323.0.0.47.120;FBBV/298673949;FBDV/iPhone11,8;FBMD/iPhone;FBSN/iOS;FBSV/14.6;FBSS/2;FBID/phone;FBLC/en_US;FBOP/5;FBRV/302036709]"
24.102.206.46 - - [01/Jul/2021:21:37:18 -0400] "GET /shop-full-width HTTP/1.1" 200 15909 "https://angelsonhighstreet.com/" "Mozilla/5.0 (iPhone; CPU iPhone OS 14_6 like Mac OS X) AppleWebKit/605.1.15 (KHTML, like Gecko) Mobile/15E148 [FBAN/FBIOS;FBAV/323.0.0.47.120;FBBV/298673949;FBDV/iPhone11,8;FBMD/iPhone;FBSN/iOS;FBSV/14.6;FBSS/2;FBID/phone;FBLC/en_US;FBOP/5;FBRV/302036709]"
204.48.19.85 - - [01/Jul/2021:21:39:09 -0400] "POST /wp-cron.php?doing_wp_cron=1625189949.0447061061859130859375 HTTP/1.1" 200 5548 "https://angelsonhighstreet.com/wp-cron.php?doing_wp_cron=1625189949.0447061061859130859375" "WordPress/5.7.2; https://angelsonhighstreet.com"
88.99.137.102 - - [01/Jul/2021:21:39:08 -0400] "GET /wp-login.php HTTP/1.1" 200 7307 "-" "Mozilla/5.0 (X11; Ubuntu; Linux x86_64; rv:62.0) Gecko/20100101 Firefox/62.0"
88.99.137.102 - - [01/Jul/2021:21:39:09 -0400] "POST /wp-login.php HTTP/1.1" 200 7432 "-" "Mozilla/5.0 (X11; Ubuntu; Linux x86_64; rv:62.0) Gecko/20100101 Firefox/62.0"
88.99.137.102 - - [01/Jul/2021:21:39:10 -0400] "POST /xmlrpc.php HTTP/1.1" 200 5050 "-" "Mozilla/5.0 (X11; Ubuntu; Linux x86_64; rv:62.0) Gecko/20100101 Firefox/62.0"
204.48.19.85 - - [01/Jul/2021:21:40:05 -0400] "POST /wp-cron.php?doing_wp_cron=1625190005.0342009067535400390625 HTTP/1.1" 200 5548 "https://angelsonhighstreet.com/wp-cron.php?doing_wp_cron=1625190005.0342009067535400390625" "WordPress/5.7.2; https://angelsonhighstreet.com"
24.102.206.46 - - [01/Jul/2021:21:40:04 -0400] "GET /shop/2000mg-30ml-cbd-oil HTTP/1.1" 200 23093 "https://angelsonhighstreet.com/shop-full-width" "Mozilla/5.0 (iPhone; CPU iPhone OS 14_6 like Mac OS X) AppleWebKit/605.1.15 (KHTML, like Gecko) Mobile/15E148 [FBAN/FBIOS;FBAV/323.0.0.47.120;FBBV/298673949;FBDV/iPhone11,8;FBMD/iPhone;FBSN/iOS;FBSV/14.6;FBSS/2;FBID/phone;FBLC/en_US;FBOP/5;FBRV/302036709]"
24.102.206.46 - - [01/Jul/2021:21:40:05 -0400] "GET /wp-content/uploads/fusion-styles/d8cf0d5efcc6708d5f063366a7b2f60e.min.css?ver=3.2.1 HTTP/1.1" 200 150105 "https://angelsonhighstreet.com/shop/2000mg-30ml-cbd-oil" "Mozilla/5.0 (iPhone; CPU iPhone OS 14_6 like Mac OS X) AppleWebKit/605.1.15 (KHTML, like Gecko) Mobile/15E148 [FBAN/FBIOS;FBAV/323.0.0.47.120;FBBV/298673949;FBDV/iPhone11,8;FBMD/iPhone;FBSN/iOS;FBSV/14.6;FBSS/2;FBID/phone;FBLC/en_US;FBOP/5;FBRV/302036709]"
24.102.206.46 - - [01/Jul/2021:21:40:05 -0400] "GET /wp-content/plugins/woocommerce/assets/js/zoom/jquery.zoom.min.js?ver=1.7.21 HTTP/1.1" 200 6886 "https://angelsonhighstreet.com/shop/2000mg-30ml-cbd-oil" "Mozilla/5.0 (iPhone; CPU iPhone OS 14_6 like Mac OS X) AppleWebKit/605.1.15 (KHTML, like Gecko) Mobile/15E148 [FBAN/FBIOS;FBAV/323.0.0.47.120;FBBV/298673949;FBDV/iPhone11,8;FBMD/iPhone;FBSN/iOS;FBSV/14.6;FBSS/2;FBID/phone;FBLC/en_US;FBOP/5;FBRV/302036709]"
24.102.206.46 - - [01/Jul/2021:21:40:05 -0400] "GET /wp-includes/js/comment-reply.min.js?ver=5.7.2 HTTP/1.1" 200 7054 "https://angelsonhighstreet.com/shop/2000mg-30ml-cbd-oil" "Mozilla/5.0 (iPhone; CPU iPhone OS 14_6 like Mac OS X) AppleWebKit/605.1.15 (KHTML, like Gecko) Mobile/15E148 [FBAN/FBIOS;FBAV/323.0.0.47.120;FBBV/298673949;FBDV/iPhone11,8;FBMD/iPhone;FBSN/iOS;FBSV/14.6;FBSS/2;FBID/phone;FBLC/en_US;FBOP/5;FBRV/302036709]"
24.102.206.46 - - [01/Jul/2021:21:40:05 -0400] "GET /wp-content/plugins/woocommerce/assets/js/frontend/single-product.min.js?ver=5.3.0 HTTP/1.1" 200 7633 "https://angelsonhighstreet.com/shop/2000mg-30ml-cbd-oil" "Mozilla/5.0 (iPhone; CPU iPhone OS 14_6 like Mac OS X) AppleWebKit/605.1.15 (KHTML, like Gecko) Mobile/15E148 [FBAN/FBIOS;FBAV/323.0.0.47.120;FBBV/298673949;FBDV/iPhone11,8;FBMD/iPhone;FBSN/iOS;FBSV/14.6;FBSS/2;FBID/phone;FBLC/en_US;FBOP/5;FBRV/302036709]"
24.102.206.46 - - [01/Jul/2021:21:40:05 -0400] "GET /wp-content/plugins/akismet/_inc/form.js?ver=4.1.9 HTTP/1.1" 200 753 "https://angelsonhighstreet.com/shop/2000mg-30ml-cbd-oil" "Mozilla/5.0 (iPhone; CPU iPhone OS 14_6 like Mac OS X) AppleWebKit/605.1.15 (KHTML, like Gecko) Mobile/15E148 [FBAN/FBIOS;FBAV/323.0.0.47.120;FBBV/298673949;FBDV/iPhone11,8;FBMD/iPhone;FBSN/iOS;FBSV/14.6;FBSS/2;FBID/phone;FBLC/en_US;FBOP/5;FBRV/302036709]"
24.102.206.46 - - [01/Jul/2021:21:40:05 -0400] "GET /wp-content/uploads/fusion-scripts/92d6f1b3b03dffd1136e59fa25d928a7.min.js?ver=3.2.1 HTTP/1.1" 200 90091 "https://angelsonhighstreet.com/shop/2000mg-30ml-cbd-oil" "Mozilla/5.0 (iPhone; CPU iPhone OS 14_6 like Mac OS X) AppleWebKit/605.1.15 (KHTML, like Gecko) Mobile/15E148 [FBAN/FBIOS;FBAV/323.0.0.47.120;FBBV/298673949;FBDV/iPhone11,8;FBMD/iPhone;FBSN/iOS;FBSV/14.6;FBSS/2;FBID/phone;FBLC/en_US;FBOP/5;FBRV/302036709]"
54.36.148.62 - - [01/Jul/2021:21:40:09 -0400] "GET /product-category/oils?product_view=grid&product_order=asc HTTP/1.1" 200 20462 "-" "Mozilla/5.0 (compatible; AhrefsBot/7.0; +http://ahrefs.com/robot/)"
24.102.206.46 - - [01/Jul/2021:21:40:19 -0400] "GET /shop-full-width HTTP/1.1" 200 21157 "https://angelsonhighstreet.com/shop/2000mg-30ml-cbd-oil" "Mozilla/5.0 (iPhone; CPU iPhone OS 14_6 like Mac OS X) AppleWebKit/605.1.15 (KHTML, like Gecko) Mobile/15E148 [FBAN/FBIOS;FBAV/323.0.0.47.120;FBBV/298673949;FBDV/iPhone11,8;FBMD/iPhone;FBSN/iOS;FBSV/14.6;FBSS/2;FBID/phone;FBLC/en_US;FBOP/5;FBRV/302036709]"
24.102.206.46 - - [01/Jul/2021:21:40:47 -0400] "GET /shop/700mg-15ml-cbd-oil HTTP/1.1" 200 24325 "https://angelsonhighstreet.com/shop-full-width" "Mozilla/5.0 (iPhone; CPU iPhone OS 14_6 like Mac OS X) AppleWebKit/605.1.15 (KHTML, like Gecko) Mobile/15E148 [FBAN/FBIOS;FBAV/323.0.0.47.120;FBBV/298673949;FBDV/iPhone11,8;FBMD/iPhone;FBSN/iOS;FBSV/14.6;FBSS/2;FBID/phone;FBLC/en_US;FBOP/5;FBRV/302036709]"
24.102.206.46 - - [01/Jul/2021:21:40:48 -0400] "GET /wp-content/uploads/2019/05/IMG_0405-scaled.jpg HTTP/1.1" 200 629893 "https://angelsonhighstreet.com/shop/700mg-15ml-cbd-oil" "Mozilla/5.0 (iPhone; CPU iPhone OS 14_6 like Mac OS X) AppleWebKit/605.1.15 (KHTML, like Gecko) Mobile/15E148 [FBAN/FBIOS;FBAV/323.0.0.47.120;FBBV/298673949;FBDV/iPhone11,8;FBMD/iPhone;FBSN/iOS;FBSV/14.6;FBSS/2;FBID/phone;FBLC/en_US;FBOP/5;FBRV/302036709]"
204.48.19.85 - - [01/Jul/2021:21:41:05 -0400] "POST /wp-cron.php?doing_wp_cron=1625190065.7269320487976074218750 HTTP/1.1" 200 5548 "https://angelsonhighstreet.com/wp-cron.php?doing_wp_cron=1625190065.7269320487976074218750" "WordPress/5.7.2; https://angelsonhighstreet.com"
24.102.206.46 - - [01/Jul/2021:21:41:05 -0400] "POST /?wc-ajax=get_refreshed_fragments HTTP/1.1" 200 6146 "https://angelsonhighstreet.com/shop-full-width" "Mozilla/5.0 (iPhone; CPU iPhone OS 14_6 like Mac OS X) AppleWebKit/605.1.15 (KHTML, like Gecko) Mobile/15E148 [FBAN/FBIOS;FBAV/323.0.0.47.120;FBBV/298673949;FBDV/iPhone11,8;FBMD/iPhone;FBSN/iOS;FBSV/14.6;FBSS/2;FBID/phone;FBLC/en_US;FBOP/5;FBRV/302036709]"
144.217.96.196 - - [01/Jul/2021:21:43:18 -0400] "GET /wp-login.php HTTP/1.1" 200 7307 "-" "Mozilla/5.0 (X11; Ubuntu; Linux x86_64; rv:62.0) Gecko/20100101 Firefox/62.0"
204.48.19.85 - - [01/Jul/2021:21:43:18 -0400] "POST /wp-cron.php?doing_wp_cron=1625190198.8379390239715576171875 HTTP/1.1" 200 5548 "https://angelsonhighstreet.com/wp-cron.php?doing_wp_cron=1625190198.8379390239715576171875" "WordPress/5.7.2; https://angelsonhighstreet.com"
144.217.96.196 - - [01/Jul/2021:21:43:19 -0400] "POST /wp-login.php HTTP/1.1" 200 7432 "-" "Mozilla/5.0 (X11; Ubuntu; Linux x86_64; rv:62.0) Gecko/20100101 Firefox/62.0"
144.217.96.196 - - [01/Jul/2021:21:43:19 -0400] "POST /xmlrpc.php HTTP/1.1" 200 5050 "-" "Mozilla/5.0 (X11; Ubuntu; Linux x86_64; rv:62.0) Gecko/20100101 Firefox/62.0"
204.48.19.85 - - [01/Jul/2021:21:44:15 -0400] "POST /wp-cron.php?doing_wp_cron=1625190255.9083650112152099609375 HTTP/1.1" 200 5548 "https://angelsonhighstreet.com/wp-cron.php?doing_wp_cron=1625190255.9083650112152099609375" "WordPress/5.7.2; https://angelsonhighstreet.com"
54.36.148.151 - - [01/Jul/2021:21:44:15 -0400] "GET /product-category/oils?product_count=32&product_view=list&product_order=asc&product_orderby=default HTTP/1.1" 200 20762 "-" "Mozilla/5.0 (compatible; AhrefsBot/7.0; +http://ahrefs.com/robot/)"
204.48.19.85 - - [01/Jul/2021:21:47:48 -0400] "POST /wp-cron.php?doing_wp_cron=1625190468.7891759872436523437500 HTTP/1.1" 200 5548 "https://angelsonhighstreet.com/wp-cron.php?doing_wp_cron=1625190468.7891759872436523437500" "WordPress/5.7.2; https://angelsonhighstreet.com"
185.191.171.6 - - [01/Jul/2021:21:47:48 -0400] "GET /shop-full-width?product_count=16&product_order=asc&product_orderby=popularity&product_view=list HTTP/1.1" 200 21470 "-" "Mozilla/5.0 (compatible; SemrushBot/7~bl; +http://www.semrush.com/bot.html)"
204.48.19.85 - - [01/Jul/2021:21:48:02 -0400] "POST /wp-cron.php?doing_wp_cron=1625190482.2507109642028808593750 HTTP/1.1" 200 5548 "https://angelsonhighstreet.com/wp-cron.php?doing_wp_cron=1625190482.2507109642028808593750" "WordPress/5.7.2; https://angelsonhighstreet.com"
54.36.148.236 - - [01/Jul/2021:21:48:02 -0400] "GET /product-category/oils?product_count=16&product_order=asc&product_view=grid HTTP/1.1" 200 20473 "-" "Mozilla/5.0 (compatible; AhrefsBot/7.0; +http://ahrefs.com/robot/)"
204.48.19.85 - - [01/Jul/2021:21:50:32 -0400] "POST /wp-cron.php?doing_wp_cron=1625190632.2618279457092285156250 HTTP/1.1" 200 5548 "https://angelsonhighstreet.com/wp-cron.php?doing_wp_cron=1625190632.2618279457092285156250" "WordPress/5.7.2; https://angelsonhighstreet.com"
162.243.164.144 - - [01/Jul/2021:21:50:32 -0400] "GET /wp-login.php HTTP/1.1" 200 7307 "-" "Mozilla/5.0 (X11; Ubuntu; Linux x86_64; rv:62.0) Gecko/20100101 Firefox/62.0"
162.243.164.144 - - [01/Jul/2021:21:50:37 -0400] "POST /wp-login.php HTTP/1.1" 200 7432 "-" "Mozilla/5.0 (X11; Ubuntu; Linux x86_64; rv:62.0) Gecko/20100101 Firefox/62.0"
162.243.164.144 - - [01/Jul/2021:21:50:37 -0400] "POST /xmlrpc.php HTTP/1.1" 200 5050 "-" "Mozilla/5.0 (X11; Ubuntu; Linux x86_64; rv:62.0) Gecko/20100101 Firefox/62.0"
204.48.19.85 - - [01/Jul/2021:21:51:49 -0400] "POST /wp-cron.php?doing_wp_cron=1625190709.6278018951416015625000 HTTP/1.1" 200 5548 "https://angelsonhighstreet.com/wp-cron.php?doing_wp_cron=1625190709.6278018951416015625000" "WordPress/5.7.2; https://angelsonhighstreet.com"
54.36.149.50 - - [01/Jul/2021:21:51:49 -0400] "GET /product-category/oils?product_count=32&product_order=asc&product_view=list HTTP/1.1" 200 20734 "-" "Mozilla/5.0 (compatible; AhrefsBot/7.0; +http://ahrefs.com/robot/)"
204.48.19.85 - - [01/Jul/2021:21:55:42 -0400] "POST /wp-cron.php?doing_wp_cron=1625190942.6292068958282470703125 HTTP/1.1" 200 5548 "https://angelsonhighstreet.com/wp-cron.php?doing_wp_cron=1625190942.6292068958282470703125" "WordPress/5.7.2; https://angelsonhighstreet.com"
54.36.149.41 - - [01/Jul/2021:21:55:42 -0400] "GET /product-category/oils?product_view=list&product_order=asc HTTP/1.1" 200 20709 "-" "Mozilla/5.0 (compatible; AhrefsBot/7.0; +http://ahrefs.com/robot/)"
204.48.19.85 - - [01/Jul/2021:21:56:39 -0400] "POST /wp-cron.php?doing_wp_cron=1625190999.7356159687042236328125 HTTP/1.1" 200 5548 "https://angelsonhighstreet.com/wp-cron.php?doing_wp_cron=1625190999.7356159687042236328125" "WordPress/5.7.2; https://angelsonhighstreet.com"
138.201.116.194 - - [01/Jul/2021:21:56:39 -0400] "GET /wp-login.php HTTP/1.1" 200 7307 "-" "Mozilla/5.0 (X11; Ubuntu; Linux x86_64; rv:62.0) Gecko/20100101 Firefox/62.0"
138.201.116.194 - - [01/Jul/2021:21:56:40 -0400] "POST /wp-login.php HTTP/1.1" 200 7432 "-" "Mozilla/5.0 (X11; Ubuntu; Linux x86_64; rv:62.0) Gecko/20100101 Firefox/62.0"
138.201.116.194 - - [01/Jul/2021:21:56:40 -0400] "POST /xmlrpc.php HTTP/1.1" 200 5050 "-" "Mozilla/5.0 (X11; Ubuntu; Linux x86_64; rv:62.0) Gecko/20100101 Firefox/62.0"
204.48.19.85 - - [01/Jul/2021:21:59:27 -0400] "POST /wp-cron.php?doing_wp_cron=1625191167.1825881004333496093750 HTTP/1.1" 200 5548 "https://angelsonhighstreet.com/wp-cron.php?doing_wp_cron=1625191167.1825881004333496093750" "WordPress/5.7.2; https://angelsonhighstreet.com"
54.36.149.12 - - [01/Jul/2021:21:59:27 -0400] "GET /product-category/oils?product_count=16&product_order=asc&product_view=list HTTP/1.1" 200 20714 "-" "Mozilla/5.0 (compatible; AhrefsBot/7.0; +http://ahrefs.com/robot/)"
204.48.19.85 - - [01/Jul/2021:22:01:25 -0400] "POST /wp-cron.php?doing_wp_cron=1625191285.8860731124877929687500 HTTP/1.1" 200 5548 "https://angelsonhighstreet.com/wp-cron.php?doing_wp_cron=1625191285.8860731124877929687500" "WordPress/5.7.2; https://angelsonhighstreet.com"
185.191.171.3 - - [01/Jul/2021:22:01:25 -0400] "GET /product-category/oils?product_count=16&product_order=desc&product_orderby=price HTTP/1.1" 200 20438 "-" "Mozilla/5.0 (compatible; SemrushBot/7~bl; +http://www.semrush.com/bot.html)"
204.48.19.85 - - [01/Jul/2021:22:03:17 -0400] "POST /wp-cron.php?doing_wp_cron=1625191397.5429100990295410156250 HTTP/1.1" 200 5548 "https://angelsonhighstreet.com/wp-cron.php?doing_wp_cron=1625191397.5429100990295410156250" "WordPress/5.7.2; https://angelsonhighstreet.com"
54.36.148.67 - - [01/Jul/2021:22:03:17 -0400] "GET /shop-full-width?product_count=16&product_view=list&product_orderby=rating&product_order=asc HTTP/1.1" 200 21497 "-" "Mozilla/5.0 (compatible; AhrefsBot/7.0; +http://ahrefs.com/robot/)"
204.48.19.85 - - [01/Jul/2021:22:06:24 -0400] "POST /wp-cron.php?doing_wp_cron=1625191584.6826469898223876953125 HTTP/1.1" 200 5548 "https://angelsonhighstreet.com/wp-cron.php?doing_wp_cron=1625191584.6826469898223876953125" "WordPress/5.7.2; https://angelsonhighstreet.com"
46.101.192.244 - - [01/Jul/2021:22:06:24 -0400] "GET /wp-login.php HTTP/1.1" 200 7307 "-" "Mozilla/5.0 (X11; Ubuntu; Linux x86_64; rv:62.0) Gecko/20100101 Firefox/62.0"
46.101.192.244 - - [01/Jul/2021:22:06:25 -0400] "POST /wp-login.php HTTP/1.1" 200 7432 "-" "Mozilla/5.0 (X11; Ubuntu; Linux x86_64; rv:62.0) Gecko/20100101 Firefox/62.0"
46.101.192.244 - - [01/Jul/2021:22:06:25 -0400] "POST /xmlrpc.php HTTP/1.1" 200 5050 "-" "Mozilla/5.0 (X11; Ubuntu; Linux x86_64; rv:62.0) Gecko/20100101 Firefox/62.0"
204.48.19.85 - - [01/Jul/2021:22:07:10 -0400] "POST /wp-cron.php?doing_wp_cron=1625191630.6788051128387451171875 HTTP/1.1" 200 5548 "https://angelsonhighstreet.com/wp-cron.php?doing_wp_cron=1625191630.6788051128387451171875" "WordPress/5.7.2; https://angelsonhighstreet.com"
54.36.149.18 - - [01/Jul/2021:22:07:10 -0400] "GET /shop-full-width?product_count=32&product_orderby=name&product_view=list&product_order=desc HTTP/1.1" 200 21513 "-" "Mozilla/5.0 (compatible; AhrefsBot/7.0; +http://ahrefs.com/robot/)"
204.48.19.85 - - [01/Jul/2021:22:11:19 -0400] "POST /wp-cron.php?doing_wp_cron=1625191879.2061879634857177734375 HTTP/1.1" 200 5548 "https://angelsonhighstreet.com/wp-cron.php?doing_wp_cron=1625191879.2061879634857177734375" "WordPress/5.7.2; https://angelsonhighstreet.com"
54.36.149.18 - - [01/Jul/2021:22:11:19 -0400] "GET /shop-full-width?product_count=32&product_orderby=price&product_view=grid&product_order=desc HTTP/1.1" 200 21134 "-" "Mozilla/5.0 (compatible; AhrefsBot/7.0; +http://ahrefs.com/robot/)"
204.48.19.85 - - [01/Jul/2021:22:13:40 -0400] "POST /wp-cron.php?doing_wp_cron=1625192020.3240020275115966796875 HTTP/1.1" 200 5548 "https://angelsonhighstreet.com/wp-cron.php?doing_wp_cron=1625192020.3240020275115966796875" "WordPress/5.7.2; https://angelsonhighstreet.com"
210.245.90.231 - - [01/Jul/2021:22:13:39 -0400] "GET /wp-login.php HTTP/1.1" 200 7307 "-" "Mozilla/5.0 (X11; Ubuntu; Linux x86_64; rv:62.0) Gecko/20100101 Firefox/62.0"
210.245.90.231 - - [01/Jul/2021:22:13:41 -0400] "POST /wp-login.php HTTP/1.1" 200 7432 "-" "Mozilla/5.0 (X11; Ubuntu; Linux x86_64; rv:62.0) Gecko/20100101 Firefox/62.0"
210.245.90.231 - - [01/Jul/2021:22:13:43 -0400] "POST /xmlrpc.php HTTP/1.1" 200 5050 "-" "Mozilla/5.0 (X11; Ubuntu; Linux x86_64; rv:62.0) Gecko/20100101 Firefox/62.0"
204.48.19.85 - - [01/Jul/2021:22:15:27 -0400] "POST /wp-cron.php?doing_wp_cron=1625192127.2819159030914306640625 HTTP/1.1" 200 5548 "https://angelsonhighstreet.com/wp-cron.php?doing_wp_cron=1625192127.2819159030914306640625" "WordPress/5.7.2; https://angelsonhighstreet.com"
54.36.149.18 - - [01/Jul/2021:22:15:27 -0400] "GET /product-category/oils?product_count=32&product_view=list&product_order=asc&product_orderby=name HTTP/1.1" 200 20724 "-" "Mozilla/5.0 (compatible; AhrefsBot/7.0; +http://ahrefs.com/robot/)"
204.48.19.85 - - [01/Jul/2021:22:18:56 -0400] "POST /wp-cron.php?doing_wp_cron=1625192336.7743089199066162109375 HTTP/1.1" 200 5548 "https://angelsonhighstreet.com/wp-cron.php?doing_wp_cron=1625192336.7743089199066162109375" "WordPress/5.7.2; https://angelsonhighstreet.com"
182.50.135.80 - - [01/Jul/2021:22:18:56 -0400] "GET /wp-login.php HTTP/1.1" 200 7307 "-" "Mozilla/5.0 (X11; Ubuntu; Linux x86_64; rv:62.0) Gecko/20100101 Firefox/62.0"
204.48.19.85 - - [01/Jul/2021:22:18:58 -0400] "POST /wp-cron.php?doing_wp_cron=1625192338.1778941154479980468750 HTTP/1.1" 200 5548 "https://angelsonhighstreet.com/wp-cron.php?doing_wp_cron=1625192338.1778941154479980468750" "WordPress/5.7.2; https://angelsonhighstreet.com"
182.50.135.80 - - [01/Jul/2021:22:18:58 -0400] "POST /wp-login.php HTTP/1.1" 200 7432 "-" "Mozilla/5.0 (X11; Ubuntu; Linux x86_64; rv:62.0) Gecko/20100101 Firefox/62.0"
182.50.135.80 - - [01/Jul/2021:22:18:59 -0400] "POST /xmlrpc.php HTTP/1.1" 200 5050 "-" "Mozilla/5.0 (X11; Ubuntu; Linux x86_64; rv:62.0) Gecko/20100101 Firefox/62.0"
54.36.148.32 - - [01/Jul/2021:22:19:35 -0400] "GET /shop-full-width?product_count=16&product_orderby=price&product_view=grid&product_order=asc HTTP/1.1" 200 21166 "-" "Mozilla/5.0 (compatible; AhrefsBot/7.0; +http://ahrefs.com/robot/)"
204.48.19.85 - - [01/Jul/2021:22:23:29 -0400] "POST /wp-cron.php?doing_wp_cron=1625192609.1522550582885742187500 HTTP/1.1" 200 5548 "https://angelsonhighstreet.com/wp-cron.php?doing_wp_cron=1625192609.1522550582885742187500" "WordPress/5.7.2; https://angelsonhighstreet.com"
54.36.148.22 - - [01/Jul/2021:22:23:29 -0400] "GET /shop-full-width?product_count=48&product_orderby=name&product_view=list&product_order=desc HTTP/1.1" 200 21484 "-" "Mozilla/5.0 (compatible; AhrefsBot/7.0; +http://ahrefs.com/robot/)"
204.48.19.85 - - [01/Jul/2021:22:26:21 -0400] "POST /wp-cron.php?doing_wp_cron=1625192781.6016221046447753906250 HTTP/1.1" 200 5548 "https://angelsonhighstreet.com/wp-cron.php?doing_wp_cron=1625192781.6016221046447753906250" "WordPress/5.7.2; https://angelsonhighstreet.com"
209.244.159.152 - - [01/Jul/2021:22:26:21 -0400] "POST /wp-login.php HTTP/1.1" 200 8133 "-" "Mozilla/5.0 (Windows NT 6.3; Win64; x64) AppleWebKit/537.36 (KHTML, like Gecko) Chrome/57.0.2987.133 Safari/537.36"
204.48.19.85 - - [01/Jul/2021:22:27:11 -0400] "POST /wp-cron.php?doing_wp_cron=1625192831.6338899135589599609375 HTTP/1.1" 200 5548 "https://angelsonhighstreet.com/wp-cron.php?doing_wp_cron=1625192831.6338899135589599609375" "WordPress/5.7.2; https://angelsonhighstreet.com"
54.36.148.97 - - [01/Jul/2021:22:27:11 -0400] "GET /shop-full-width?product_count=48&product_orderby=popularity&product_view=grid&product_order=asc HTTP/1.1" 200 21170 "-" "Mozilla/5.0 (compatible; AhrefsBot/7.0; +http://ahrefs.com/robot/)"
204.48.19.85 - - [01/Jul/2021:22:30:05 -0400] "POST /wp-cron.php?doing_wp_cron=1625193005.2822630405426025390625 HTTP/1.1" 200 5548 "https://angelsonhighstreet.com/wp-cron.php?doing_wp_cron=1625193005.2822630405426025390625" "WordPress/5.7.2; https://angelsonhighstreet.com"
149.56.200.84 - - [01/Jul/2021:22:30:05 -0400] "GET /wp-login.php HTTP/1.1" 200 7307 "-" "Mozilla/5.0 (X11; Ubuntu; Linux x86_64; rv:62.0) Gecko/20100101 Firefox/62.0"
149.56.200.84 - - [01/Jul/2021:22:30:05 -0400] "POST /wp-login.php HTTP/1.1" 200 7432 "-" "Mozilla/5.0 (X11; Ubuntu; Linux x86_64; rv:62.0) Gecko/20100101 Firefox/62.0"
149.56.200.84 - - [01/Jul/2021:22:30:05 -0400] "POST /xmlrpc.php HTTP/1.1" 200 5050 "-" "Mozilla/5.0 (X11; Ubuntu; Linux x86_64; rv:62.0) Gecko/20100101 Firefox/62.0"
54.36.148.200 - - [01/Jul/2021:22:30:47 -0400] "GET /shop-full-width?product_count=16&product_view=grid&product_orderby=name&product_order=desc HTTP/1.1" 200 21155 "-" "Mozilla/5.0 (compatible; AhrefsBot/7.0; +http://ahrefs.com/robot/)"
204.48.19.85 - - [01/Jul/2021:22:31:44 -0400] "POST /wp-cron.php?doing_wp_cron=1625193104.2208120822906494140625 HTTP/1.1" 200 5548 "https://angelsonhighstreet.com/wp-cron.php?doing_wp_cron=1625193104.2208120822906494140625" "WordPress/5.7.2; https://angelsonhighstreet.com"
81.88.52.157 - - [01/Jul/2021:22:31:44 -0400] "POST /wp-login.php HTTP/1.1" 200 8135 "-" "Mozilla/5.0 (Windows NT 6.3; Win64; x64) AppleWebKit/537.36 (KHTML, like Gecko) Chrome/77.0.3865.90 Safari/537.36"
204.48.19.85 - - [01/Jul/2021:22:33:47 -0400] "POST /wp-cron.php?doing_wp_cron=1625193227.7375440597534179687500 HTTP/1.1" 200 5548 "https://angelsonhighstreet.com/wp-cron.php?doing_wp_cron=1625193227.7375440597534179687500" "WordPress/5.7.2; https://angelsonhighstreet.com"
185.191.171.34 - - [01/Jul/2021:22:33:47 -0400] "GET /robots.txt HTTP/1.1" 200 5752 "-" "Mozilla/5.0 (compatible; SemrushBot/7~bl; +http://www.semrush.com/bot.html)"
185.191.171.12 - - [01/Jul/2021:22:33:48 -0400] "GET /product-category/salves?product_count=16&product_orderby=price&product_view=grid HTTP/1.1" 200 20400 "-" "Mozilla/5.0 (compatible; SemrushBot/7~bl; +http://www.semrush.com/bot.html)"
204.48.19.85 - - [01/Jul/2021:22:34:49 -0400] "POST /wp-cron.php?doing_wp_cron=1625193289.4613900184631347656250 HTTP/1.1" 200 5548 "https://angelsonhighstreet.com/wp-cron.php?doing_wp_cron=1625193289.4613900184631347656250" "WordPress/5.7.2; https://angelsonhighstreet.com"
54.36.149.24 - - [01/Jul/2021:22:34:49 -0400] "GET /shop-full-width?product_count=16&product_view=list&product_orderby=default&product_order=desc HTTP/1.1" 200 21472 "-" "Mozilla/5.0 (compatible; AhrefsBot/7.0; +http://ahrefs.com/robot/)"
204.48.19.85 - - [01/Jul/2021:22:35:20 -0400] "POST /wp-cron.php?doing_wp_cron=1625193320.4295659065246582031250 HTTP/1.1" 200 5548 "https://angelsonhighstreet.com/wp-cron.php?doing_wp_cron=1625193320.4295659065246582031250" "WordPress/5.7.2; https://angelsonhighstreet.com"
193.70.122.67 - - [01/Jul/2021:22:35:20 -0400] "GET /wp-login.php HTTP/1.1" 200 7307 "-" "Mozilla/5.0 (X11; Ubuntu; Linux x86_64; rv:62.0) Gecko/20100101 Firefox/62.0"
193.70.122.67 - - [01/Jul/2021:22:35:20 -0400] "POST /wp-login.php HTTP/1.1" 200 7432 "-" "Mozilla/5.0 (X11; Ubuntu; Linux x86_64; rv:62.0) Gecko/20100101 Firefox/62.0"
193.70.122.67 - - [01/Jul/2021:22:35:21 -0400] "POST /xmlrpc.php HTTP/1.1" 200 5050 "-" "Mozilla/5.0 (X11; Ubuntu; Linux x86_64; rv:62.0) Gecko/20100101 Firefox/62.0"
204.48.19.85 - - [01/Jul/2021:22:38:37 -0400] "POST /wp-cron.php?doing_wp_cron=1625193516.9983179569244384765625 HTTP/1.1" 200 5548 "https://angelsonhighstreet.com/wp-cron.php?doing_wp_cron=1625193516.9983179569244384765625" "WordPress/5.7.2; https://angelsonhighstreet.com"
54.36.148.11 - - [01/Jul/2021:22:38:36 -0400] "GET /shop-full-width?product_count=32&product_orderby=price&product_view=list&product_order=desc HTTP/1.1" 200 21482 "-" "Mozilla/5.0 (compatible; AhrefsBot/7.0; +http://ahrefs.com/robot/)"
204.48.19.85 - - [01/Jul/2021:22:40:57 -0400] "POST /wp-cron.php?doing_wp_cron=1625193657.5954780578613281250000 HTTP/1.1" 200 5548 "https://angelsonhighstreet.com/wp-cron.php?doing_wp_cron=1625193657.5954780578613281250000" "WordPress/5.7.2; https://angelsonhighstreet.com"
210.212.250.39 - - [01/Jul/2021:22:40:57 -0400] "GET /wp-login.php HTTP/1.1" 200 7307 "-" "Mozilla/5.0 (X11; Ubuntu; Linux x86_64; rv:62.0) Gecko/20100101 Firefox/62.0"
210.212.250.39 - - [01/Jul/2021:22:40:58 -0400] "POST /wp-login.php HTTP/1.1" 200 7432 "-" "Mozilla/5.0 (X11; Ubuntu; Linux x86_64; rv:62.0) Gecko/20100101 Firefox/62.0"
210.212.250.39 - - [01/Jul/2021:22:40:59 -0400] "POST /xmlrpc.php HTTP/1.1" 200 5050 "-" "Mozilla/5.0 (X11; Ubuntu; Linux x86_64; rv:62.0) Gecko/20100101 Firefox/62.0"
204.48.19.85 - - [01/Jul/2021:22:42:23 -0400] "POST /wp-cron.php?doing_wp_cron=1625193743.9087769985198974609375 HTTP/1.1" 200 5548 "https://angelsonhighstreet.com/wp-cron.php?doing_wp_cron=1625193743.9087769985198974609375" "WordPress/5.7.2; https://angelsonhighstreet.com"
54.36.149.18 - - [01/Jul/2021:22:42:23 -0400] "GET /shop-full-width?product_count=32&product_view=grid&product_orderby=rating&product_order=asc HTTP/1.1" 200 21149 "-" "Mozilla/5.0 (compatible; AhrefsBot/7.0; +http://ahrefs.com/robot/)"
157.55.39.124 - - [01/Jul/2021:22:43:48 -0400] "GET /wp-content/uploads/2020/05/DE21B006-0F74-4437-9F8B-79EA403D2CEA.jpeg HTTP/1.1" 200 480368 "-" "Mozilla/5.0 (compatible; bingbot/2.0; +http://www.bing.com/bingbot.htm)"
204.48.19.85 - - [01/Jul/2021:22:45:02 -0400] "POST /wp-cron.php?doing_wp_cron=1625193902.5849390029907226562500 HTTP/1.1" 200 5548 "https://angelsonhighstreet.com/wp-cron.php?doing_wp_cron=1625193902.5849390029907226562500" "WordPress/5.7.2; https://angelsonhighstreet.com"
185.191.90.148 - - [01/Jul/2021:22:45:02 -0400] "GET /wp-login.php HTTP/1.1" 200 7307 "-" "Mozilla/5.0 (X11; Ubuntu; Linux x86_64; rv:62.0) Gecko/20100101 Firefox/62.0"
185.191.90.148 - - [01/Jul/2021:22:45:14 -0400] "POST /wp-login.php HTTP/1.1" 200 7432 "-" "Mozilla/5.0 (X11; Ubuntu; Linux x86_64; rv:62.0) Gecko/20100101 Firefox/62.0"
185.191.90.148 - - [01/Jul/2021:22:45:20 -0400] "POST /xmlrpc.php HTTP/1.1" 200 5050 "-" "Mozilla/5.0 (X11; Ubuntu; Linux x86_64; rv:62.0) Gecko/20100101 Firefox/62.0"
204.48.19.85 - - [01/Jul/2021:22:46:17 -0400] "POST /wp-cron.php?doing_wp_cron=1625193977.4858551025390625000000 HTTP/1.1" 200 5548 "https://angelsonhighstreet.com/wp-cron.php?doing_wp_cron=1625193977.4858551025390625000000" "WordPress/5.7.2; https://angelsonhighstreet.com"
54.36.149.28 - - [01/Jul/2021:22:46:17 -0400] "GET /shop-full-width?product_count=32&product_view=list&product_orderby=popularity&product_order=asc HTTP/1.1" 200 21531 "-" "Mozilla/5.0 (compatible; AhrefsBot/7.0; +http://ahrefs.com/robot/)"
204.48.19.85 - - [01/Jul/2021:22:50:27 -0400] "POST /wp-cron.php?doing_wp_cron=1625194227.7196099758148193359375 HTTP/1.1" 200 5548 "https://angelsonhighstreet.com/wp-cron.php?doing_wp_cron=1625194227.7196099758148193359375" "WordPress/5.7.2; https://angelsonhighstreet.com"
54.36.149.18 - - [01/Jul/2021:22:50:27 -0400] "GET /product-category/oils?product_view=grid&product_count=16&product_order=asc&product_orderby=default HTTP/1.1" 200 20471 "-" "Mozilla/5.0 (compatible; AhrefsBot/7.0; +http://ahrefs.com/robot/)"
142.93.225.137 - - [01/Jul/2021:22:51:10 -0400] "GET /wp-login.php HTTP/1.1" 200 7307 "-" "Mozilla/5.0 (X11; Ubuntu; Linux x86_64; rv:62.0) Gecko/20100101 Firefox/62.0"
204.48.19.85 - - [01/Jul/2021:22:51:10 -0400] "POST /wp-cron.php?doing_wp_cron=1625194270.7370309829711914062500 HTTP/1.1" 200 5548 "https://angelsonhighstreet.com/wp-cron.php?doing_wp_cron=1625194270.7370309829711914062500" "WordPress/5.7.2; https://angelsonhighstreet.com"
142.93.225.137 - - [01/Jul/2021:22:51:16 -0400] "POST /wp-login.php HTTP/1.1" 200 7432 "-" "Mozilla/5.0 (X11; Ubuntu; Linux x86_64; rv:62.0) Gecko/20100101 Firefox/62.0"
45.15.72.113 - - [01/Jul/2021:22:53:38 -0400] "GET / HTTP/1.0" 301 558 "http://angelsonhighstreet.com" "Mozilla/5.0 (Windows NT 6.1; WOW64) AppleWebKit/537.36 (KHTML, like Gecko) Chrome/53.0.2785.104 Safari/537.36 Core/1.53.5006.400 QQBrowser/9.7.13080.400"
204.48.19.85 - - [01/Jul/2021:22:53:38 -0400] "POST /wp-cron.php?doing_wp_cron=1625194418.7467730045318603515625 HTTP/1.1" 200 5548 "https://angelsonhighstreet.com/wp-cron.php?doing_wp_cron=1625194418.7467730045318603515625" "WordPress/5.7.2; https://angelsonhighstreet.com"
45.15.72.113 - - [01/Jul/2021:22:53:38 -0400] "GET / HTTP/1.0" 200 24834 "http://angelsonhighstreet.com" "Mozilla/5.0 (Windows NT 6.1; WOW64) AppleWebKit/537.36 (KHTML, like Gecko) Chrome/53.0.2785.104 Safari/537.36 Core/1.53.5006.400 QQBrowser/9.7.13080.400"
45.15.72.113 - - [01/Jul/2021:22:53:39 -0400] "GET /affiliate-home/affiliate-register HTTP/1.1" 200 24251 "https://angelsonhighstreet.com/" "Mozilla/5.0 (Windows NT 6.1; WOW64) AppleWebKit/537.36 (KHTML, like Gecko) Chrome/53.0.2785.104 Safari/537.36 Core/1.53.5006.400 QQBrowser/9.7.13080.400"
45.15.72.113 - - [01/Jul/2021:22:53:40 -0400] "GET /affiliate-home/affiliate-register HTTP/1.1" 200 24251 "https://angelsonhighstreet.com/affiliate-home/affiliate-register" "Mozilla/5.0 (Windows NT 6.1; WOW64) AppleWebKit/537.36 (KHTML, like Gecko) Chrome/53.0.2785.104 Safari/537.36 Core/1.53.5006.400 QQBrowser/9.7.13080.400"
45.15.72.113 - - [01/Jul/2021:22:53:47 -0400] "POST /affiliate-home/affiliate-register HTTP/1.1" 200 20100 "https://angelsonhighstreet.com/affiliate-home/affiliate-register" "Mozilla/5.0 (Windows NT 6.1; WOW64) AppleWebKit/537.36 (KHTML, like Gecko) Chrome/53.0.2785.104 Safari/537.36 Core/1.53.5006.400 QQBrowser/9.7.13080.400"
204.48.19.85 - - [01/Jul/2021:22:54:30 -0400] "POST /wp-cron.php?doing_wp_cron=1625194470.9716789722442626953125 HTTP/1.1" 200 5548 "https://angelsonhighstreet.com/wp-cron.php?doing_wp_cron=1625194470.9716789722442626953125" "WordPress/5.7.2; https://angelsonhighstreet.com"
54.36.148.171 - - [01/Jul/2021:22:54:30 -0400] "GET /shop-full-width?product_count=48&product_orderby=rating&product_view=grid&product_order=asc HTTP/1.1" 200 21122 "-" "Mozilla/5.0 (compatible; AhrefsBot/7.0; +http://ahrefs.com/robot/)"
204.48.19.85 - - [01/Jul/2021:22:57:52 -0400] "POST /wp-cron.php?doing_wp_cron=1625194672.4607930183410644531250 HTTP/1.1" 200 5548 "https://angelsonhighstreet.com/wp-cron.php?doing_wp_cron=1625194672.4607930183410644531250" "WordPress/5.7.2; https://angelsonhighstreet.com"
152.32.233.96 - - [01/Jul/2021:22:57:52 -0400] "GET /wp-login.php HTTP/1.1" 200 7307 "-" "Mozilla/5.0 (X11; Ubuntu; Linux x86_64; rv:62.0) Gecko/20100101 Firefox/62.0"
152.32.233.96 - - [01/Jul/2021:22:57:52 -0400] "POST /wp-login.php HTTP/1.1" 200 7432 "-" "Mozilla/5.0 (X11; Ubuntu; Linux x86_64; rv:62.0) Gecko/20100101 Firefox/62.0"
152.32.233.96 - - [01/Jul/2021:22:57:53 -0400] "POST /xmlrpc.php HTTP/1.1" 200 5050 "-" "Mozilla/5.0 (X11; Ubuntu; Linux x86_64; rv:62.0) Gecko/20100101 Firefox/62.0"
204.48.19.85 - - [01/Jul/2021:22:58:21 -0400] "POST /wp-cron.php?doing_wp_cron=1625194701.3187479972839355468750 HTTP/1.1" 200 5548 "https://angelsonhighstreet.com/wp-cron.php?doing_wp_cron=1625194701.3187479972839355468750" "WordPress/5.7.2; https://angelsonhighstreet.com"
54.36.149.18 - - [01/Jul/2021:22:58:21 -0400] "GET /shop-full-width?product_count=48&product_view=list&product_orderby=name&product_order=desc HTTP/1.1" 200 21507 "-" "Mozilla/5.0 (compatible; AhrefsBot/7.0; +http://ahrefs.com/robot/)"
