204.48.19.85 - - [02/Jul/2021:07:19:28 -0400] "POST /wp-cron.php?doing_wp_cron=1625224768.9435939788818359375000 HTTP/1.1" 200 5548 "https://angelsonhighstreet.com/wp-cron.php?doing_wp_cron=1625224768.9435939788818359375000" "WordPress/5.7.2; https://angelsonhighstreet.com"
54.36.149.18 - - [02/Jul/2021:07:19:28 -0400] "GET /shop-full-width?product_count=48&product_view=list&product_orderby=rating&product_order=asc HTTP/1.1" 200 21501 "-" "Mozilla/5.0 (compatible; AhrefsBot/7.0; +http://ahrefs.com/robot/)"
185.191.124.143 - - [02/Jul/2021:07:22:47 -0400] "POST /xmlrpc.php HTTP/1.0" 301 615 "-" "Mozilla/5.0 (X11; Linux x86_64; rv:84.0) Gecko/20100101 Firefox/84.0"
204.48.19.85 - - [02/Jul/2021:07:22:48 -0400] "POST /wp-cron.php?doing_wp_cron=1625224968.8121829032897949218750 HTTP/1.1" 200 5548 "https://angelsonhighstreet.com/wp-cron.php?doing_wp_cron=1625224968.8121829032897949218750" "WordPress/5.7.2; https://angelsonhighstreet.com"
185.191.124.143 - - [02/Jul/2021:07:22:48 -0400] "POST /xmlrpc.php HTTP/1.0" 403 5345 "-" "Mozilla/5.0 (X11; Linux x86_64; rv:84.0) Gecko/20100101 Firefox/84.0"
204.48.19.85 - - [02/Jul/2021:07:23:25 -0400] "POST /wp-cron.php?doing_wp_cron=1625225004.9994390010833740234375 HTTP/1.1" 200 5548 "https://angelsonhighstreet.com/wp-cron.php?doing_wp_cron=1625225004.9994390010833740234375" "WordPress/5.7.2; https://angelsonhighstreet.com"
54.36.148.52 - - [02/Jul/2021:07:23:24 -0400] "GET /product-category/oils?product_orderby=date&product_order=asc&product_count=48&product_view=list HTTP/1.1" 200 20762 "-" "Mozilla/5.0 (compatible; AhrefsBot/7.0; +http://ahrefs.com/robot/)"
204.48.19.85 - - [02/Jul/2021:07:23:43 -0400] "POST /wp-cron.php?doing_wp_cron=1625225023.3474469184875488281250 HTTP/1.1" 200 5548 "https://angelsonhighstreet.com/wp-cron.php?doing_wp_cron=1625225023.3474469184875488281250" "WordPress/5.7.2; https://angelsonhighstreet.com"
54.190.46.34 - - [02/Jul/2021:07:23:43 -0400] "GET / HTTP/1.1" 200 25261 "-" "Mozilla/5.0 (X11; Linux x86_64) AppleWebKit/537.36 (KHTML, like Gecko) Chrome/83.0.4103.97 Safari/537.36"
204.48.19.85 - - [02/Jul/2021:07:24:20 -0400] "POST /wp-cron.php?doing_wp_cron=1625225060.4867880344390869140625 HTTP/1.1" 200 5548 "https://angelsonhighstreet.com/wp-cron.php?doing_wp_cron=1625225060.4867880344390869140625" "WordPress/5.7.2; https://angelsonhighstreet.com"
35.167.30.161 - - [02/Jul/2021:07:24:20 -0400] "GET /favicon.ico HTTP/1.1" 302 5672 "-" "Mozilla/5.0 (X11; Linux x86_64) AppleWebKit/537.36 (KHTML, like Gecko) Chrome/83.0.4103.97 Safari/537.36"
35.167.30.161 - - [02/Jul/2021:07:24:20 -0400] "GET /wp-includes/images/w-logo-blue-white-bg.png HTTP/1.1" 200 4470 "https://angelsonhighstreet.com/favicon.ico" "Mozilla/5.0 (X11; Linux x86_64) AppleWebKit/537.36 (KHTML, like Gecko) Chrome/83.0.4103.97 Safari/537.36"
204.48.19.85 - - [02/Jul/2021:07:26:18 -0400] "POST /wp-cron.php?doing_wp_cron=1625225178.5925641059875488281250 HTTP/1.1" 200 5548 "https://angelsonhighstreet.com/wp-cron.php?doing_wp_cron=1625225178.5925641059875488281250" "WordPress/5.7.2; https://angelsonhighstreet.com"
66.249.66.41 - - [02/Jul/2021:07:26:18 -0400] "GET /comments/feed HTTP/1.1" 200 8715 "-" "Mozilla/5.0 (Linux; Android 6.0.1; Nexus 5X Build/MMB29P) AppleWebKit/537.36 (KHTML, like Gecko) Chrome/91.0.4472.90 Mobile Safari/537.36 (compatible; Googlebot/2.1; +http://www.google.com/bot.html)"
204.48.19.85 - - [02/Jul/2021:07:27:16 -0400] "POST /wp-cron.php?doing_wp_cron=1625225236.2933859825134277343750 HTTP/1.1" 200 5548 "https://angelsonhighstreet.com/wp-cron.php?doing_wp_cron=1625225236.2933859825134277343750" "WordPress/5.7.2; https://angelsonhighstreet.com"
54.36.149.18 - - [02/Jul/2021:07:27:16 -0400] "GET /shop-full-width?product_count=32&product_view=grid&product_orderby=default&product_order=desc HTTP/1.1" 200 21125 "-" "Mozilla/5.0 (compatible; AhrefsBot/7.0; +http://ahrefs.com/robot/)"
204.48.19.85 - - [02/Jul/2021:07:28:03 -0400] "POST /wp-cron.php?doing_wp_cron=1625225283.1091818809509277343750 HTTP/1.1" 200 5548 "https://angelsonhighstreet.com/wp-cron.php?doing_wp_cron=1625225283.1091818809509277343750" "WordPress/5.7.2; https://angelsonhighstreet.com"
185.191.171.43 - - [02/Jul/2021:07:28:02 -0400] "GET /robots.txt HTTP/1.1" 200 5752 "-" "Mozilla/5.0 (compatible; SemrushBot/7~bl; +http://www.semrush.com/bot.html)"
185.191.171.35 - - [02/Jul/2021:07:28:03 -0400] "GET /product-category/oils?product_count=48&product_orderby=date&product_view=grid HTTP/1.1" 200 20395 "-" "Mozilla/5.0 (compatible; SemrushBot/7~bl; +http://www.semrush.com/bot.html)"
185.191.171.39 - - [02/Jul/2021:07:28:08 -0400] "GET /product-category/oils?product_count=16&product_order=desc&product_orderby=name HTTP/1.1" 200 20430 "-" "Mozilla/5.0 (compatible; SemrushBot/7~bl; +http://www.semrush.com/bot.html)"
204.48.19.85 - - [02/Jul/2021:07:31:23 -0400] "POST /wp-cron.php?doing_wp_cron=1625225483.5058929920196533203125 HTTP/1.1" 200 5548 "https://angelsonhighstreet.com/wp-cron.php?doing_wp_cron=1625225483.5058929920196533203125" "WordPress/5.7.2; https://angelsonhighstreet.com"
54.36.148.214 - - [02/Jul/2021:07:31:23 -0400] "GET /product-category/oils?product_orderby=date&product_order=asc&product_count=48&product_view=grid HTTP/1.1" 200 20478 "-" "Mozilla/5.0 (compatible; AhrefsBot/7.0; +http://ahrefs.com/robot/)"
204.48.19.85 - - [02/Jul/2021:07:32:28 -0400] "POST /wp-cron.php?doing_wp_cron=1625225548.0342860221862792968750 HTTP/1.1" 200 5548 "https://angelsonhighstreet.com/wp-cron.php?doing_wp_cron=1625225548.0342860221862792968750" "WordPress/5.7.2; https://angelsonhighstreet.com"
91.194.91.202 - - [02/Jul/2021:07:32:27 -0400] "GET /wp-login.php HTTP/1.1" 200 7307 "-" "Mozilla/5.0 (X11; Ubuntu; Linux x86_64; rv:62.0) Gecko/20100101 Firefox/62.0"
91.194.91.202 - - [02/Jul/2021:07:32:28 -0400] "POST /wp-login.php HTTP/1.1" 200 7430 "-" "Mozilla/5.0 (X11; Ubuntu; Linux x86_64; rv:62.0) Gecko/20100101 Firefox/62.0"
91.194.91.202 - - [02/Jul/2021:07:32:30 -0400] "GET /wp-login.php HTTP/1.1" 200 7307 "-" "Mozilla/5.0 (X11; Ubuntu; Linux x86_64; rv:62.0) Gecko/20100101 Firefox/62.0"
91.194.91.202 - - [02/Jul/2021:07:32:31 -0400] "POST /wp-login.php HTTP/1.1" 200 7409 "-" "Mozilla/5.0 (X11; Ubuntu; Linux x86_64; rv:62.0) Gecko/20100101 Firefox/62.0"
91.194.91.202 - - [02/Jul/2021:07:32:32 -0400] "POST /xmlrpc.php HTTP/1.1" 200 5050 "-" "Mozilla/5.0 (X11; Ubuntu; Linux x86_64; rv:62.0) Gecko/20100101 Firefox/62.0"
204.48.19.85 - - [02/Jul/2021:07:35:14 -0400] "POST /wp-cron.php?doing_wp_cron=1625225714.3596720695495605468750 HTTP/1.1" 200 5548 "https://angelsonhighstreet.com/wp-cron.php?doing_wp_cron=1625225714.3596720695495605468750" "WordPress/5.7.2; https://angelsonhighstreet.com"
54.36.148.213 - - [02/Jul/2021:07:35:14 -0400] "GET /shop-full-width?product_count=32&product_view=grid&product_orderby=price&product_order=desc HTTP/1.1" 200 21154 "-" "Mozilla/5.0 (compatible; AhrefsBot/7.0; +http://ahrefs.com/robot/)"
188.68.216.226 - - [02/Jul/2021:07:38:17 -0400] "GET /wp-login.php HTTP/1.0" 301 582 "http://angelsonhighstreet.com/wp-login.php" "Mozilla/5.0 (Windows NT 6.1; Win64; x64) AppleWebKit/537.36 (KHTML, like Gecko) Chrome/83.0.4103.61 Safari/537.36 Edg/83.0.478.37"
204.48.19.85 - - [02/Jul/2021:07:38:18 -0400] "POST /wp-cron.php?doing_wp_cron=1625225898.0526950359344482421875 HTTP/1.1" 200 5548 "https://angelsonhighstreet.com/wp-cron.php?doing_wp_cron=1625225898.0526950359344482421875" "WordPress/5.7.2; https://angelsonhighstreet.com"
188.68.216.226 - - [02/Jul/2021:07:38:17 -0400] "GET /wp-login.php HTTP/1.0" 200 13416 "https://angelsonhighstreet.com/wp-login.php" "Mozilla/5.0 (Windows NT 6.1; Win64; x64) AppleWebKit/537.36 (KHTML, like Gecko) Chrome/83.0.4103.61 Safari/537.36 Edg/83.0.478.37"
204.48.19.85 - - [02/Jul/2021:07:39:06 -0400] "POST /wp-cron.php?doing_wp_cron=1625225946.1882081031799316406250 HTTP/1.1" 200 5548 "https://angelsonhighstreet.com/wp-cron.php?doing_wp_cron=1625225946.1882081031799316406250" "WordPress/5.7.2; https://angelsonhighstreet.com"
54.36.149.19 - - [02/Jul/2021:07:39:06 -0400] "GET /shop-full-width?product_count=32&product_view=list&product_orderby=price&product_order=desc HTTP/1.1" 200 21481 "-" "Mozilla/5.0 (compatible; AhrefsBot/7.0; +http://ahrefs.com/robot/)"
204.48.19.85 - - [02/Jul/2021:07:40:54 -0400] "POST /wp-cron.php?doing_wp_cron=1625226054.7533779144287109375000 HTTP/1.1" 200 5548 "https://angelsonhighstreet.com/wp-cron.php?doing_wp_cron=1625226054.7533779144287109375000" "WordPress/5.7.2; https://angelsonhighstreet.com"
66.249.66.38 - - [02/Jul/2021:07:40:54 -0400] "GET /shop/cbg-salve-with-hawiian-haze-terpenes HTTP/1.1" 200 25501 "-" "Mozilla/5.0 (Linux; Android 6.0.1; Nexus 5X Build/MMB29P) AppleWebKit/537.36 (KHTML, like Gecko) Chrome/91.0.4472.90 Mobile Safari/537.36 (compatible; Googlebot/2.1; +http://www.google.com/bot.html)"
185.191.34.215 - - [02/Jul/2021:07:41:59 -0400] "POST /wp_wrong_datlib.php HTTP/1.1" 404 19689 "-" "Mozilla/5.0 (Macintosh; Intel Mac OS X 10.14; rv:68.0) Gecko/20100101 Firefox/68.0"
204.48.19.85 - - [02/Jul/2021:07:41:59 -0400] "POST /wp-cron.php?doing_wp_cron=1625226119.5941190719604492187500 HTTP/1.1" 200 5548 "https://angelsonhighstreet.com/wp-cron.php?doing_wp_cron=1625226119.5941190719604492187500" "WordPress/5.7.2; https://angelsonhighstreet.com"
185.191.34.215 - - [02/Jul/2021:07:41:59 -0400] "POST /wp_wrong_datlib.php HTTP/1.1" 404 19446 "-" "Mozilla/5.0 (Windows NT 10.0; Win64; x64) AppleWebKit/537.36 (KHTML, like Gecko) Chrome/74.0.3729.157 Safari/537.36"
204.48.19.85 - - [02/Jul/2021:07:43:07 -0400] "POST /wp-cron.php?doing_wp_cron=1625226187.5689749717712402343750 HTTP/1.1" 200 5548 "https://angelsonhighstreet.com/wp-cron.php?doing_wp_cron=1625226187.5689749717712402343750" "WordPress/5.7.2; https://angelsonhighstreet.com"
54.36.149.20 - - [02/Jul/2021:07:43:07 -0400] "GET /shop-full-width?product_count=48&product_orderby=default&product_view=list&product_order=asc HTTP/1.1" 200 21480 "-" "Mozilla/5.0 (compatible; AhrefsBot/7.0; +http://ahrefs.com/robot/)"
204.48.19.85 - - [02/Jul/2021:07:46:18 -0400] "POST /wp-cron.php?doing_wp_cron=1625226378.5662519931793212890625 HTTP/1.1" 200 5548 "https://angelsonhighstreet.com/wp-cron.php?doing_wp_cron=1625226378.5662519931793212890625" "WordPress/5.7.2; https://angelsonhighstreet.com"
66.249.66.35 - - [02/Jul/2021:07:46:18 -0400] "GET /comments/feed HTTP/1.1" 200 8715 "-" "Mozilla/5.0 (compatible; Googlebot/2.1; +http://www.google.com/bot.html)"
204.48.19.85 - - [02/Jul/2021:07:47:02 -0400] "POST /wp-cron.php?doing_wp_cron=1625226422.7608449459075927734375 HTTP/1.1" 200 5548 "https://angelsonhighstreet.com/wp-cron.php?doing_wp_cron=1625226422.7608449459075927734375" "WordPress/5.7.2; https://angelsonhighstreet.com"
54.36.149.18 - - [02/Jul/2021:07:47:02 -0400] "GET /product-category/oils?product_orderby=popularity&product_order=asc&product_count=16&product_view=list HTTP/1.1" 200 20754 "-" "Mozilla/5.0 (compatible; AhrefsBot/7.0; +http://ahrefs.com/robot/)"
204.48.19.85 - - [02/Jul/2021:07:50:44 -0400] "POST /wp-cron.php?doing_wp_cron=1625226644.7400979995727539062500 HTTP/1.1" 200 5548 "https://angelsonhighstreet.com/wp-cron.php?doing_wp_cron=1625226644.7400979995727539062500" "WordPress/5.7.2; https://angelsonhighstreet.com"
54.36.149.18 - - [02/Jul/2021:07:50:44 -0400] "GET /product-category/oils?product_view=grid&product_count=16&product_order=asc&product_orderby=date HTTP/1.1" 200 20477 "-" "Mozilla/5.0 (compatible; AhrefsBot/7.0; +http://ahrefs.com/robot/)"
204.48.19.85 - - [02/Jul/2021:07:54:12 -0400] "POST /wp-cron.php?doing_wp_cron=1625226852.5499129295349121093750 HTTP/1.1" 200 5548 "https://angelsonhighstreet.com/wp-cron.php?doing_wp_cron=1625226852.5499129295349121093750" "WordPress/5.7.2; https://angelsonhighstreet.com"
185.191.171.38 - - [02/Jul/2021:07:54:12 -0400] "GET /product-category/salves?product_count=16&product_orderby=price HTTP/1.1" 200 20632 "-" "Mozilla/5.0 (compatible; SemrushBot/7~bl; +http://www.semrush.com/bot.html)"
54.36.149.18 - - [02/Jul/2021:07:54:32 -0400] "GET /product-category/oils?product_orderby=popularity&product_order=asc&product_count=16&product_view=grid HTTP/1.1" 200 20469 "-" "Mozilla/5.0 (compatible; AhrefsBot/7.0; +http://ahrefs.com/robot/)"
204.48.19.85 - - [02/Jul/2021:07:57:17 -0400] "POST /wp-cron.php?doing_wp_cron=1625227037.8583099842071533203125 HTTP/1.1" 200 5548 "https://angelsonhighstreet.com/wp-cron.php?doing_wp_cron=1625227037.8583099842071533203125" "WordPress/5.7.2; https://angelsonhighstreet.com"
51.38.42.39 - - [02/Jul/2021:07:57:17 -0400] "GET /wp-login.php HTTP/1.1" 200 7307 "-" "Mozilla/5.0 (X11; Ubuntu; Linux x86_64; rv:62.0) Gecko/20100101 Firefox/62.0"
51.38.42.39 - - [02/Jul/2021:07:57:18 -0400] "POST /wp-login.php HTTP/1.1" 200 7430 "-" "Mozilla/5.0 (X11; Ubuntu; Linux x86_64; rv:62.0) Gecko/20100101 Firefox/62.0"
51.38.42.39 - - [02/Jul/2021:07:57:18 -0400] "GET /wp-login.php HTTP/1.1" 200 7307 "-" "Mozilla/5.0 (X11; Ubuntu; Linux x86_64; rv:62.0) Gecko/20100101 Firefox/62.0"
51.38.42.39 - - [02/Jul/2021:07:57:19 -0400] "POST /wp-login.php HTTP/1.1" 200 7409 "-" "Mozilla/5.0 (X11; Ubuntu; Linux x86_64; rv:62.0) Gecko/20100101 Firefox/62.0"
51.38.42.39 - - [02/Jul/2021:07:57:19 -0400] "POST /xmlrpc.php HTTP/1.1" 200 5050 "-" "Mozilla/5.0 (X11; Ubuntu; Linux x86_64; rv:62.0) Gecko/20100101 Firefox/62.0"
188.166.94.198 - - [02/Jul/2021:07:57:34 -0400] "POST /wp-login.php HTTP/1.1" 200 8133 "-" "Mozilla/5.0 (Windows NT 6.1) AppleWebKit/537.36 (KHTML, like Gecko) Chrome/63.0.3239.84 Safari/537.36"
204.48.19.85 - - [02/Jul/2021:07:58:34 -0400] "POST /wp-cron.php?doing_wp_cron=1625227114.0707430839538574218750 HTTP/1.1" 200 5548 "https://angelsonhighstreet.com/wp-cron.php?doing_wp_cron=1625227114.0707430839538574218750" "WordPress/5.7.2; https://angelsonhighstreet.com"
54.36.149.18 - - [02/Jul/2021:07:58:33 -0400] "GET /product-category/salves?product_view=grid&product_order=asc&product_count=16 HTTP/1.1" 200 20417 "-" "Mozilla/5.0 (compatible; AhrefsBot/7.0; +http://ahrefs.com/robot/)"
204.48.19.85 - - [02/Jul/2021:08:02:28 -0400] "POST /wp-cron.php?doing_wp_cron=1625227348.1528348922729492187500 HTTP/1.1" 200 5548 "https://angelsonhighstreet.com/wp-cron.php?doing_wp_cron=1625227348.1528348922729492187500" "WordPress/5.7.2; https://angelsonhighstreet.com"
54.36.149.18 - - [02/Jul/2021:08:02:27 -0400] "GET /product-category/oils?product_view=grid&product_count=16&product_order=asc&product_orderby=rating HTTP/1.1" 200 20450 "-" "Mozilla/5.0 (compatible; AhrefsBot/7.0; +http://ahrefs.com/robot/)"
204.48.19.85 - - [02/Jul/2021:08:02:58 -0400] "POST /wp-cron.php?doing_wp_cron=1625227378.0263669490814208984375 HTTP/1.1" 200 5548 "https://angelsonhighstreet.com/wp-cron.php?doing_wp_cron=1625227378.0263669490814208984375" "WordPress/5.7.2; https://angelsonhighstreet.com"
107.180.73.192 - - [02/Jul/2021:08:02:57 -0400] "POST /wp-login.php HTTP/1.1" 200 8132 "-" "Mozilla/5.0 (Windows NT 6.1; WOW64) AppleWebKit/537.36 (KHTML, like Gecko) Chrome/48.0.2564.116 Safari/537.36"
34.218.59.175 - - [02/Jul/2021:08:03:18 -0400] "GET / HTTP/1.1" 301 539 "-" "Mozilla/5.0 (X11; Linux x86_64) AppleWebKit/537.36 (KHTML, like Gecko) Chrome/83.0.4103.97 Safari/537.36"
34.218.59.175 - - [02/Jul/2021:08:03:24 -0400] "GET / HTTP/1.1" 200 25039 "-" "Mozilla/5.0 (X11; Linux x86_64) AppleWebKit/537.36 (KHTML, like Gecko) Chrome/83.0.4103.97 Safari/537.36"
52.25.46.211 - - [02/Jul/2021:08:05:15 -0400] "GET /favicon.ico HTTP/1.1" 301 561 "-" "Mozilla/5.0 (X11; Linux x86_64) AppleWebKit/537.36 (KHTML, like Gecko) Chrome/83.0.4103.97 Safari/537.36"
52.25.46.211 - - [02/Jul/2021:08:05:20 -0400] "GET / HTTP/1.1" 301 539 "-" "Mozilla/5.0 (X11; Linux x86_64) AppleWebKit/537.36 (KHTML, like Gecko) Chrome/83.0.4103.97 Safari/537.36"
35.161.65.144 - - [02/Jul/2021:08:06:06 -0400] "GET / HTTP/1.1" 301 539 "-" "Mozilla/5.0 (X11; Linux x86_64) AppleWebKit/537.36 (KHTML, like Gecko) Chrome/83.0.4103.97 Safari/537.36"
204.48.19.85 - - [02/Jul/2021:08:06:11 -0400] "POST /wp-cron.php?doing_wp_cron=1625227571.4136309623718261718750 HTTP/1.1" 200 5548 "https://angelsonhighstreet.com/wp-cron.php?doing_wp_cron=1625227571.4136309623718261718750" "WordPress/5.7.2; https://angelsonhighstreet.com"
35.161.65.144 - - [02/Jul/2021:08:06:11 -0400] "GET / HTTP/1.1" 200 5224 "http://angelsonhighstreet.com" "Mozilla/5.0 (X11; Linux x86_64) AppleWebKit/537.36 (KHTML, like Gecko) Chrome/83.0.4103.97 Safari/537.36"
54.36.148.63 - - [02/Jul/2021:08:06:29 -0400] "GET /product-category/oils?product_view=grid&product_count=16&product_order=asc&product_orderby=price HTTP/1.1" 200 20453 "-" "Mozilla/5.0 (compatible; AhrefsBot/7.0; +http://ahrefs.com/robot/)"
204.48.19.85 - - [02/Jul/2021:08:10:28 -0400] "POST /wp-cron.php?doing_wp_cron=1625227828.5883688926696777343750 HTTP/1.1" 200 5548 "https://angelsonhighstreet.com/wp-cron.php?doing_wp_cron=1625227828.5883688926696777343750" "WordPress/5.7.2; https://angelsonhighstreet.com"
54.36.148.20 - - [02/Jul/2021:08:10:28 -0400] "GET /product-category/salves?product_view=grid&product_order=asc&product_count=32 HTTP/1.1" 200 20668 "-" "Mozilla/5.0 (compatible; AhrefsBot/7.0; +http://ahrefs.com/robot/)"
204.48.19.85 - - [02/Jul/2021:08:14:22 -0400] "POST /wp-cron.php?doing_wp_cron=1625228062.3355479240417480468750 HTTP/1.1" 200 5548 "https://angelsonhighstreet.com/wp-cron.php?doing_wp_cron=1625228062.3355479240417480468750" "WordPress/5.7.2; https://angelsonhighstreet.com"
54.36.149.97 - - [02/Jul/2021:08:14:22 -0400] "GET /product-category/oils?product_orderby=popularity&product_order=asc&product_count=32&product_view=list HTTP/1.1" 200 20753 "-" "Mozilla/5.0 (compatible; AhrefsBot/7.0; +http://ahrefs.com/robot/)"
204.48.19.85 - - [02/Jul/2021:08:18:13 -0400] "POST /wp-cron.php?doing_wp_cron=1625228293.2461109161376953125000 HTTP/1.1" 200 5548 "https://angelsonhighstreet.com/wp-cron.php?doing_wp_cron=1625228293.2461109161376953125000" "WordPress/5.7.2; https://angelsonhighstreet.com"
54.36.148.69 - - [02/Jul/2021:08:18:13 -0400] "GET /product-category/oils?product_orderby=popularity&product_order=asc&product_count=32&product_view=grid HTTP/1.1" 200 20417 "-" "Mozilla/5.0 (compatible; AhrefsBot/7.0; +http://ahrefs.com/robot/)"
204.48.19.85 - - [02/Jul/2021:08:21:10 -0400] "POST /wp-cron.php?doing_wp_cron=1625228470.5926539897918701171875 HTTP/1.1" 200 5548 "https://angelsonhighstreet.com/wp-cron.php?doing_wp_cron=1625228470.5926539897918701171875" "WordPress/5.7.2; https://angelsonhighstreet.com"
185.191.171.10 - - [02/Jul/2021:08:21:10 -0400] "GET /shop-full-width?product_count=32&product_order=desc&product_view=grid HTTP/1.1" 200 21126 "-" "Mozilla/5.0 (compatible; SemrushBot/7~bl; +http://www.semrush.com/bot.html)"
204.48.19.85 - - [02/Jul/2021:08:22:04 -0400] "POST /wp-cron.php?doing_wp_cron=1625228524.6023929119110107421875 HTTP/1.1" 200 5548 "https://angelsonhighstreet.com/wp-cron.php?doing_wp_cron=1625228524.6023929119110107421875" "WordPress/5.7.2; https://angelsonhighstreet.com"
54.36.149.75 - - [02/Jul/2021:08:22:04 -0400] "GET /product-category/oils?product_orderby=popularity&product_order=asc&product_count=48&product_view=grid HTTP/1.1" 200 20415 "-" "Mozilla/5.0 (compatible; AhrefsBot/7.0; +http://ahrefs.com/robot/)"
204.48.19.85 - - [02/Jul/2021:08:23:22 -0400] "POST /wp-cron.php?doing_wp_cron=1625228602.4569571018218994140625 HTTP/1.1" 200 5548 "https://angelsonhighstreet.com/wp-cron.php?doing_wp_cron=1625228602.4569571018218994140625" "WordPress/5.7.2; https://angelsonhighstreet.com"
166.62.125.246 - - [02/Jul/2021:08:23:22 -0400] "GET /wp-login.php HTTP/1.1" 200 7305 "-" "Mozilla/5.0 (X11; Ubuntu; Linux x86_64; rv:62.0) Gecko/20100101 Firefox/62.0"
166.62.125.246 - - [02/Jul/2021:08:23:23 -0400] "POST /wp-login.php HTTP/1.1" 200 7429 "-" "Mozilla/5.0 (X11; Ubuntu; Linux x86_64; rv:62.0) Gecko/20100101 Firefox/62.0"
166.62.125.246 - - [02/Jul/2021:08:23:23 -0400] "GET /wp-login.php HTTP/1.1" 200 7305 "-" "Mozilla/5.0 (X11; Ubuntu; Linux x86_64; rv:62.0) Gecko/20100101 Firefox/62.0"
166.62.125.246 - - [02/Jul/2021:08:23:24 -0400] "POST /wp-login.php HTTP/1.1" 200 7408 "-" "Mozilla/5.0 (X11; Ubuntu; Linux x86_64; rv:62.0) Gecko/20100101 Firefox/62.0"
166.62.125.246 - - [02/Jul/2021:08:23:25 -0400] "POST /xmlrpc.php HTTP/1.1" 200 5050 "-" "Mozilla/5.0 (X11; Ubuntu; Linux x86_64; rv:62.0) Gecko/20100101 Firefox/62.0"
204.48.19.85 - - [02/Jul/2021:08:25:46 -0400] "POST /wp-cron.php?doing_wp_cron=1625228746.3233749866485595703125 HTTP/1.1" 200 5548 "https://angelsonhighstreet.com/wp-cron.php?doing_wp_cron=1625228746.3233749866485595703125" "WordPress/5.7.2; https://angelsonhighstreet.com"
54.36.148.179 - - [02/Jul/2021:08:25:46 -0400] "GET /product-category/oils?product_view=grid&product_count=32&product_order=asc&product_orderby=name HTTP/1.1" 200 20480 "-" "Mozilla/5.0 (compatible; AhrefsBot/7.0; +http://ahrefs.com/robot/)"
204.48.19.85 - - [02/Jul/2021:08:29:40 -0400] "POST /wp-cron.php?doing_wp_cron=1625228980.4923160076141357421875 HTTP/1.1" 200 5548 "https://angelsonhighstreet.com/wp-cron.php?doing_wp_cron=1625228980.4923160076141357421875" "WordPress/5.7.2; https://angelsonhighstreet.com"
54.36.149.69 - - [02/Jul/2021:08:29:40 -0400] "GET /product-category/oils?product_view=grid&product_count=16&product_order=asc&product_orderby=name HTTP/1.1" 200 20422 "-" "Mozilla/5.0 (compatible; AhrefsBot/7.0; +http://ahrefs.com/robot/)"
204.48.19.85 - - [02/Jul/2021:08:33:37 -0400] "POST /wp-cron.php?doing_wp_cron=1625229217.4244639873504638671875 HTTP/1.1" 200 5548 "https://angelsonhighstreet.com/wp-cron.php?doing_wp_cron=1625229217.4244639873504638671875" "WordPress/5.7.2; https://angelsonhighstreet.com"
54.36.149.18 - - [02/Jul/2021:08:33:37 -0400] "GET /product-category/oils?product_view=grid&product_count=16&product_order=asc&product_orderby=popularity HTTP/1.1" 200 20409 "-" "Mozilla/5.0 (compatible; AhrefsBot/7.0; +http://ahrefs.com/robot/)"
204.48.19.85 - - [02/Jul/2021:08:37:57 -0400] "POST /wp-cron.php?doing_wp_cron=1625229477.2184340953826904296875 HTTP/1.1" 200 5548 "https://angelsonhighstreet.com/wp-cron.php?doing_wp_cron=1625229477.2184340953826904296875" "WordPress/5.7.2; https://angelsonhighstreet.com"
54.36.149.105 - - [02/Jul/2021:08:37:57 -0400] "GET /product-category/oils?product_orderby=popularity&product_order=asc&product_count=48&product_view=list HTTP/1.1" 200 20711 "-" "Mozilla/5.0 (compatible; AhrefsBot/7.0; +http://ahrefs.com/robot/)"
204.48.19.85 - - [02/Jul/2021:08:41:58 -0400] "POST /wp-cron.php?doing_wp_cron=1625229718.6417338848114013671875 HTTP/1.1" 200 5548 "https://angelsonhighstreet.com/wp-cron.php?doing_wp_cron=1625229718.6417338848114013671875" "WordPress/5.7.2; https://angelsonhighstreet.com"
54.36.148.127 - - [02/Jul/2021:08:41:58 -0400] "GET /product-category/oils?product_orderby=rating&product_order=asc&product_count=32&product_view=grid HTTP/1.1" 200 20427 "-" "Mozilla/5.0 (compatible; AhrefsBot/7.0; +http://ahrefs.com/robot/)"
204.48.19.85 - - [02/Jul/2021:08:45:59 -0400] "POST /wp-cron.php?doing_wp_cron=1625229959.3113410472869873046875 HTTP/1.1" 200 5548 "https://angelsonhighstreet.com/wp-cron.php?doing_wp_cron=1625229959.3113410472869873046875" "WordPress/5.7.2; https://angelsonhighstreet.com"
54.36.148.51 - - [02/Jul/2021:08:45:59 -0400] "GET /product-category/oils?product_view=grid&product_count=48&product_order=asc&product_orderby=popularity HTTP/1.1" 200 20418 "-" "Mozilla/5.0 (compatible; AhrefsBot/7.0; +http://ahrefs.com/robot/)"
204.48.19.85 - - [02/Jul/2021:08:50:00 -0400] "POST /wp-cron.php?doing_wp_cron=1625230200.8402409553527832031250 HTTP/1.1" 200 5548 "https://angelsonhighstreet.com/wp-cron.php?doing_wp_cron=1625230200.8402409553527832031250" "WordPress/5.7.2; https://angelsonhighstreet.com"
54.36.149.94 - - [02/Jul/2021:08:50:00 -0400] "GET /product-category/oils?product_orderby=name&product_order=desc&product_count=48&product_view=list HTTP/1.1" 200 20775 "-" "Mozilla/5.0 (compatible; AhrefsBot/7.0; +http://ahrefs.com/robot/)"
204.48.19.85 - - [02/Jul/2021:08:51:14 -0400] "POST /wp-cron.php?doing_wp_cron=1625230274.5371100902557373046875 HTTP/1.1" 200 5548 "https://angelsonhighstreet.com/wp-cron.php?doing_wp_cron=1625230274.5371100902557373046875" "WordPress/5.7.2; https://angelsonhighstreet.com"
96.125.171.153 - - [02/Jul/2021:08:51:14 -0400] "GET /wp-login.php HTTP/1.1" 200 7305 "-" "Mozilla/5.0 (X11; Ubuntu; Linux x86_64; rv:62.0) Gecko/20100101 Firefox/62.0"
96.125.171.153 - - [02/Jul/2021:08:51:15 -0400] "POST /wp-login.php HTTP/1.1" 200 7429 "-" "Mozilla/5.0 (X11; Ubuntu; Linux x86_64; rv:62.0) Gecko/20100101 Firefox/62.0"
96.125.171.153 - - [02/Jul/2021:08:51:16 -0400] "GET /wp-login.php HTTP/1.1" 200 7305 "-" "Mozilla/5.0 (X11; Ubuntu; Linux x86_64; rv:62.0) Gecko/20100101 Firefox/62.0"
96.125.171.153 - - [02/Jul/2021:08:51:18 -0400] "POST /wp-login.php HTTP/1.1" 200 7408 "-" "Mozilla/5.0 (X11; Ubuntu; Linux x86_64; rv:62.0) Gecko/20100101 Firefox/62.0"
96.125.171.153 - - [02/Jul/2021:08:51:21 -0400] "POST /xmlrpc.php HTTP/1.1" 200 5050 "-" "Mozilla/5.0 (X11; Ubuntu; Linux x86_64; rv:62.0) Gecko/20100101 Firefox/62.0"
204.48.19.85 - - [02/Jul/2021:08:54:13 -0400] "POST /wp-cron.php?doing_wp_cron=1625230453.3659570217132568359375 HTTP/1.1" 200 5548 "https://angelsonhighstreet.com/wp-cron.php?doing_wp_cron=1625230453.3659570217132568359375" "WordPress/5.7.2; https://angelsonhighstreet.com"
54.36.149.18 - - [02/Jul/2021:08:54:13 -0400] "GET /shop-full-width?product_count=32&product_orderby=popularity&product_view=grid&product_order=desc HTTP/1.1" 200 21199 "-" "Mozilla/5.0 (compatible; AhrefsBot/7.0; +http://ahrefs.com/robot/)"
204.48.19.85 - - [02/Jul/2021:08:58:09 -0400] "POST /wp-cron.php?doing_wp_cron=1625230689.9223508834838867187500 HTTP/1.1" 200 5548 "https://angelsonhighstreet.com/wp-cron.php?doing_wp_cron=1625230689.9223508834838867187500" "WordPress/5.7.2; https://angelsonhighstreet.com"
54.36.149.18 - - [02/Jul/2021:08:58:09 -0400] "GET /product-category/oils?product_view=grid&product_count=48&product_order=asc&product_orderby=price HTTP/1.1" 200 20484 "-" "Mozilla/5.0 (compatible; AhrefsBot/7.0; +http://ahrefs.com/robot/)"
204.48.19.85 - - [02/Jul/2021:09:01:21 -0400] "POST /wp-cron.php?doing_wp_cron=1625230881.1715281009674072265625 HTTP/1.1" 200 5548 "https://angelsonhighstreet.com/wp-cron.php?doing_wp_cron=1625230881.1715281009674072265625" "WordPress/5.7.2; https://angelsonhighstreet.com"
35.233.23.228 - - [02/Jul/2021:09:01:21 -0400] "POST /wp-login.php HTTP/1.1" 200 8132 "-" "Mozilla/5.0 (Windows NT 10.0; WOW64) AppleWebKit/537.36 (KHTML, like Gecko) Chrome/79.0.3945.130 Safari/537.36"
204.48.19.85 - - [02/Jul/2021:09:02:08 -0400] "POST /wp-cron.php?doing_wp_cron=1625230928.2966010570526123046875 HTTP/1.1" 200 5548 "https://angelsonhighstreet.com/wp-cron.php?doing_wp_cron=1625230928.2966010570526123046875" "WordPress/5.7.2; https://angelsonhighstreet.com"
54.36.148.156 - - [02/Jul/2021:09:02:08 -0400] "GET /shop-full-width?product_count=32&product_orderby=price&product_view=grid&product_order=asc HTTP/1.1" 200 21141 "-" "Mozilla/5.0 (compatible; AhrefsBot/7.0; +http://ahrefs.com/robot/)"
204.48.19.85 - - [02/Jul/2021:09:05:58 -0400] "POST /wp-cron.php?doing_wp_cron=1625231158.3155949115753173828125 HTTP/1.1" 200 5548 "https://angelsonhighstreet.com/wp-cron.php?doing_wp_cron=1625231158.3155949115753173828125" "WordPress/5.7.2; https://angelsonhighstreet.com"
54.36.148.254 - - [02/Jul/2021:09:05:58 -0400] "GET /shop-full-width?product_count=32&product_orderby=rating&product_view=grid&product_order=desc HTTP/1.1" 200 21173 "-" "Mozilla/5.0 (compatible; AhrefsBot/7.0; +http://ahrefs.com/robot/)"
5.188.62.214 - - [02/Jul/2021:09:05:59 -0400] "GET / HTTP/1.1" 301 595 "-" "Mozilla/5.0 (Windows NT 6.1) AppleWebKit/537.36 (KHTML, like Gecko) Chrome/41.0.2224.3 Safari/537.36"
5.188.62.214 - - [02/Jul/2021:09:06:00 -0400] "GET / HTTP/1.1" 200 25130 "-" "Mozilla/5.0 (Windows NT 6.1) AppleWebKit/537.36 (KHTML, like Gecko) Chrome/41.0.2224.3 Safari/537.36"
5.188.62.214 - - [02/Jul/2021:09:06:02 -0400] "GET /robots.txt HTTP/1.1" 301 615 "-" "Mozilla/5.0 (Windows NT 6.1) AppleWebKit/537.36 (KHTML, like Gecko) Chrome/41.0.2224.3 Safari/537.36"
5.188.62.214 - - [02/Jul/2021:09:06:08 -0400] "GET /robots.txt HTTP/1.1" 200 681 "-" "Mozilla/5.0 (Windows NT 6.1) AppleWebKit/537.36 (KHTML, like Gecko) Chrome/41.0.2224.3 Safari/537.36"
204.48.19.85 - - [02/Jul/2021:09:07:01 -0400] "POST /wp-cron.php?doing_wp_cron=1625231221.6471970081329345703125 HTTP/1.1" 200 5548 "https://angelsonhighstreet.com/wp-cron.php?doing_wp_cron=1625231221.6471970081329345703125" "WordPress/5.7.2; https://angelsonhighstreet.com"
47.101.205.201 - - [02/Jul/2021:09:07:01 -0400] "POST /wp-login.php HTTP/1.1" 200 8134 "-" "Mozilla/5.0 (Windows NT 6.1) AppleWebKit/537.36 (KHTML, like Gecko) Chrome/59.0.3071.115 Safari/537.36"
207.46.13.62 - - [02/Jul/2021:09:07:23 -0400] "GET /wp-sitemap-taxonomies-element_category-1.xml HTTP/1.1" 200 5313 "-" "Mozilla/5.0 (compatible; bingbot/2.0; +http://www.bing.com/bingbot.htm)"
40.77.167.6 - - [02/Jul/2021:09:08:48 -0400] "GET /tisi HTTP/1.1" 301 5183 "-" "Mozilla/5.0 (compatible; bingbot/2.0; +http://www.bing.com/bingbot.htm)"
204.48.19.85 - - [02/Jul/2021:09:09:41 -0400] "POST /wp-cron.php?doing_wp_cron=1625231381.3071908950805664062500 HTTP/1.1" 200 5548 "https://angelsonhighstreet.com/wp-cron.php?doing_wp_cron=1625231381.3071908950805664062500" "WordPress/5.7.2; https://angelsonhighstreet.com"
54.36.148.72 - - [02/Jul/2021:09:09:41 -0400] "GET /product-category/oils?product_view=grid&product_count=48&product_order=asc&product_orderby=name HTTP/1.1" 200 20430 "-" "Mozilla/5.0 (compatible; AhrefsBot/7.0; +http://ahrefs.com/robot/)"
204.48.19.85 - - [02/Jul/2021:09:13:38 -0400] "POST /wp-cron.php?doing_wp_cron=1625231618.6099569797515869140625 HTTP/1.1" 200 5548 "https://angelsonhighstreet.com/wp-cron.php?doing_wp_cron=1625231618.6099569797515869140625" "WordPress/5.7.2; https://angelsonhighstreet.com"
54.36.149.18 - - [02/Jul/2021:09:13:38 -0400] "GET /product-category/oils?product_orderby=price&product_order=desc&product_count=16&product_view=grid HTTP/1.1" 200 20447 "-" "Mozilla/5.0 (compatible; AhrefsBot/7.0; +http://ahrefs.com/robot/)"
142.93.179.72 - - [02/Jul/2021:09:17:44 -0400] "GET /wp-login.php HTTP/1.1" 200 7305 "-" "Mozilla/5.0 (X11; Ubuntu; Linux x86_64; rv:62.0) Gecko/20100101 Firefox/62.0"
204.48.19.85 - - [02/Jul/2021:09:17:45 -0400] "POST /wp-cron.php?doing_wp_cron=1625231865.0546650886535644531250 HTTP/1.1" 200 5548 "https://angelsonhighstreet.com/wp-cron.php?doing_wp_cron=1625231865.0546650886535644531250" "WordPress/5.7.2; https://angelsonhighstreet.com"
142.93.179.72 - - [02/Jul/2021:09:17:50 -0400] "POST /wp-login.php HTTP/1.1" 200 7429 "-" "Mozilla/5.0 (X11; Ubuntu; Linux x86_64; rv:62.0) Gecko/20100101 Firefox/62.0"
142.93.179.72 - - [02/Jul/2021:09:17:55 -0400] "GET /wp-login.php HTTP/1.1" 200 7305 "-" "Mozilla/5.0 (X11; Ubuntu; Linux x86_64; rv:62.0) Gecko/20100101 Firefox/62.0"
142.93.179.72 - - [02/Jul/2021:09:17:55 -0400] "POST /wp-login.php HTTP/1.1" 200 7408 "-" "Mozilla/5.0 (X11; Ubuntu; Linux x86_64; rv:62.0) Gecko/20100101 Firefox/62.0"
142.93.179.72 - - [02/Jul/2021:09:17:55 -0400] "POST /xmlrpc.php HTTP/1.1" 200 5050 "-" "Mozilla/5.0 (X11; Ubuntu; Linux x86_64; rv:62.0) Gecko/20100101 Firefox/62.0"
204.48.19.85 - - [02/Jul/2021:09:18:02 -0400] "POST /wp-cron.php?doing_wp_cron=1625231882.4905230998992919921875 HTTP/1.1" 200 5548 "https://angelsonhighstreet.com/wp-cron.php?doing_wp_cron=1625231882.4905230998992919921875" "WordPress/5.7.2; https://angelsonhighstreet.com"
54.36.149.18 - - [02/Jul/2021:09:18:02 -0400] "GET /shop-full-width?product_count=48&product_view=list&product_orderby=name&product_order=asc HTTP/1.1" 200 21513 "-" "Mozilla/5.0 (compatible; AhrefsBot/7.0; +http://ahrefs.com/robot/)"
204.48.19.85 - - [02/Jul/2021:09:21:53 -0400] "POST /wp-cron.php?doing_wp_cron=1625232113.4717249870300292968750 HTTP/1.1" 200 5548 "https://angelsonhighstreet.com/wp-cron.php?doing_wp_cron=1625232113.4717249870300292968750" "WordPress/5.7.2; https://angelsonhighstreet.com"
54.36.148.154 - - [02/Jul/2021:09:21:53 -0400] "GET /product-category/oils?product_orderby=rating&product_order=asc&product_count=48&product_view=grid HTTP/1.1" 200 20455 "-" "Mozilla/5.0 (compatible; AhrefsBot/7.0; +http://ahrefs.com/robot/)"
204.48.19.85 - - [02/Jul/2021:09:25:51 -0400] "POST /wp-cron.php?doing_wp_cron=1625232351.0031309127807617187500 HTTP/1.1" 200 5548 "https://angelsonhighstreet.com/wp-cron.php?doing_wp_cron=1625232351.0031309127807617187500" "WordPress/5.7.2; https://angelsonhighstreet.com"
54.36.149.18 - - [02/Jul/2021:09:25:50 -0400] "GET /product-category/oils?product_orderby=rating&product_order=asc&product_count=32&product_view=list HTTP/1.1" 200 20720 "-" "Mozilla/5.0 (compatible; AhrefsBot/7.0; +http://ahrefs.com/robot/)"
204.48.19.85 - - [02/Jul/2021:09:28:29 -0400] "POST /wp-cron.php?doing_wp_cron=1625232509.8764760494232177734375 HTTP/1.1" 200 5548 "https://angelsonhighstreet.com/wp-cron.php?doing_wp_cron=1625232509.8764760494232177734375" "WordPress/5.7.2; https://angelsonhighstreet.com"
40.77.167.6 - - [02/Jul/2021:09:28:29 -0400] "GET /wp-sitemap.xml HTTP/1.1" 200 5358 "-" "Mozilla/5.0 (compatible; bingbot/2.0; +http://www.bing.com/bingbot.htm)"
204.48.19.85 - - [02/Jul/2021:09:29:37 -0400] "POST /wp-cron.php?doing_wp_cron=1625232576.9981129169464111328125 HTTP/1.1" 200 5548 "https://angelsonhighstreet.com/wp-cron.php?doing_wp_cron=1625232576.9981129169464111328125" "WordPress/5.7.2; https://angelsonhighstreet.com"
54.36.149.18 - - [02/Jul/2021:09:29:36 -0400] "GET /product-category/oils?product_orderby=rating&product_order=asc&product_count=48&product_view=list HTTP/1.1" 200 20733 "-" "Mozilla/5.0 (compatible; AhrefsBot/7.0; +http://ahrefs.com/robot/)"
204.48.19.85 - - [02/Jul/2021:09:33:27 -0400] "POST /wp-cron.php?doing_wp_cron=1625232807.5661170482635498046875 HTTP/1.1" 200 5548 "https://angelsonhighstreet.com/wp-cron.php?doing_wp_cron=1625232807.5661170482635498046875" "WordPress/5.7.2; https://angelsonhighstreet.com"
54.36.148.227 - - [02/Jul/2021:09:33:27 -0400] "GET /shop-full-width?product_count=32&product_view=grid&product_orderby=popularity&product_order=desc HTTP/1.1" 200 21199 "-" "Mozilla/5.0 (compatible; AhrefsBot/7.0; +http://ahrefs.com/robot/)"
204.48.19.85 - - [02/Jul/2021:09:37:16 -0400] "POST /wp-cron.php?doing_wp_cron=1625233036.5284709930419921875000 HTTP/1.1" 200 5548 "https://angelsonhighstreet.com/wp-cron.php?doing_wp_cron=1625233036.5284709930419921875000" "WordPress/5.7.2; https://angelsonhighstreet.com"
54.36.149.18 - - [02/Jul/2021:09:37:16 -0400] "GET /shop-full-width?product_count=32&product_view=list&product_orderby=date&product_order=desc HTTP/1.1" 200 21503 "-" "Mozilla/5.0 (compatible; AhrefsBot/7.0; +http://ahrefs.com/robot/)"
204.48.19.85 - - [02/Jul/2021:09:41:11 -0400] "POST /wp-cron.php?doing_wp_cron=1625233271.8997468948364257812500 HTTP/1.1" 200 5548 "https://angelsonhighstreet.com/wp-cron.php?doing_wp_cron=1625233271.8997468948364257812500" "WordPress/5.7.2; https://angelsonhighstreet.com"
54.36.149.60 - - [02/Jul/2021:09:41:11 -0400] "GET /shop-full-width?product_count=32&product_view=list&product_orderby=rating&product_order=desc HTTP/1.1" 200 21500 "-" "Mozilla/5.0 (compatible; AhrefsBot/7.0; +http://ahrefs.com/robot/)"
204.48.19.85 - - [02/Jul/2021:09:44:57 -0400] "POST /wp-cron.php?doing_wp_cron=1625233497.9650239944458007812500 HTTP/1.1" 200 5548 "https://angelsonhighstreet.com/wp-cron.php?doing_wp_cron=1625233497.9650239944458007812500" "WordPress/5.7.2; https://angelsonhighstreet.com"
54.36.149.18 - - [02/Jul/2021:09:44:57 -0400] "GET /product-category/oils?product_view=grid&product_count=32&product_order=asc&product_orderby=date HTTP/1.1" 200 20458 "-" "Mozilla/5.0 (compatible; AhrefsBot/7.0; +http://ahrefs.com/robot/)"
45.151.248.94 - - [02/Jul/2021:09:45:01 -0400] "GET /wp-login.php HTTP/1.1" 200 7305 "-" "Mozilla/5.0 (X11; Ubuntu; Linux x86_64; rv:62.0) Gecko/20100101 Firefox/62.0"
45.151.248.94 - - [02/Jul/2021:09:45:02 -0400] "POST /wp-login.php HTTP/1.1" 200 7429 "-" "Mozilla/5.0 (X11; Ubuntu; Linux x86_64; rv:62.0) Gecko/20100101 Firefox/62.0"
45.151.248.94 - - [02/Jul/2021:09:45:03 -0400] "GET /wp-login.php HTTP/1.1" 200 7305 "-" "Mozilla/5.0 (X11; Ubuntu; Linux x86_64; rv:62.0) Gecko/20100101 Firefox/62.0"
45.151.248.94 - - [02/Jul/2021:09:45:04 -0400] "POST /wp-login.php HTTP/1.1" 200 7408 "-" "Mozilla/5.0 (X11; Ubuntu; Linux x86_64; rv:62.0) Gecko/20100101 Firefox/62.0"
45.151.248.94 - - [02/Jul/2021:09:45:04 -0400] "POST /xmlrpc.php HTTP/1.1" 200 5050 "-" "Mozilla/5.0 (X11; Ubuntu; Linux x86_64; rv:62.0) Gecko/20100101 Firefox/62.0"
204.48.19.85 - - [02/Jul/2021:09:48:47 -0400] "POST /wp-cron.php?doing_wp_cron=1625233727.8085489273071289062500 HTTP/1.1" 200 5548 "https://angelsonhighstreet.com/wp-cron.php?doing_wp_cron=1625233727.8085489273071289062500" "WordPress/5.7.2; https://angelsonhighstreet.com"
54.36.149.18 - - [02/Jul/2021:09:48:47 -0400] "GET /shop-full-width?product_count=48&product_view=grid&product_orderby=name&product_order=asc HTTP/1.1" 200 21157 "-" "Mozilla/5.0 (compatible; AhrefsBot/7.0; +http://ahrefs.com/robot/)"
204.48.19.85 - - [02/Jul/2021:09:53:13 -0400] "POST /wp-cron.php?doing_wp_cron=1625233993.8908140659332275390625 HTTP/1.1" 200 5548 "https://angelsonhighstreet.com/wp-cron.php?doing_wp_cron=1625233993.8908140659332275390625" "WordPress/5.7.2; https://angelsonhighstreet.com"
54.36.149.18 - - [02/Jul/2021:09:53:13 -0400] "GET /shop-full-width?product_count=48&product_view=list&product_orderby=popularity&product_order=desc HTTP/1.1" 200 21535 "-" "Mozilla/5.0 (compatible; AhrefsBot/7.0; +http://ahrefs.com/robot/)"
204.48.19.85 - - [02/Jul/2021:09:57:32 -0400] "POST /wp-cron.php?doing_wp_cron=1625234252.2967159748077392578125 HTTP/1.1" 200 5548 "https://angelsonhighstreet.com/wp-cron.php?doing_wp_cron=1625234252.2967159748077392578125" "WordPress/5.7.2; https://angelsonhighstreet.com"
54.36.149.18 - - [02/Jul/2021:09:57:32 -0400] "GET /product-category/oils?product_orderby=name&product_order=asc&product_count=16&product_view=grid HTTP/1.1" 200 20425 "-" "Mozilla/5.0 (compatible; AhrefsBot/7.0; +http://ahrefs.com/robot/)"
204.48.19.85 - - [02/Jul/2021:10:01:19 -0400] "POST /wp-cron.php?doing_wp_cron=1625234479.4540290832519531250000 HTTP/1.1" 200 5548 "https://angelsonhighstreet.com/wp-cron.php?doing_wp_cron=1625234479.4540290832519531250000" "WordPress/5.7.2; https://angelsonhighstreet.com"
54.36.149.104 - - [02/Jul/2021:10:01:19 -0400] "GET /product-category/oils?product_orderby=default&product_order=asc&product_count=16&product_view=grid HTTP/1.1" 200 20421 "-" "Mozilla/5.0 (compatible; AhrefsBot/7.0; +http://ahrefs.com/robot/)"
204.48.19.85 - - [02/Jul/2021:10:05:07 -0400] "POST /wp-cron.php?doing_wp_cron=1625234707.8974499702453613281250 HTTP/1.1" 200 5548 "https://angelsonhighstreet.com/wp-cron.php?doing_wp_cron=1625234707.8974499702453613281250" "WordPress/5.7.2; https://angelsonhighstreet.com"
54.36.149.18 - - [02/Jul/2021:10:05:07 -0400] "GET /shop-full-width?product_count=48&product_view=grid&product_orderby=popularity&product_order=desc HTTP/1.1" 200 21169 "-" "Mozilla/5.0 (compatible; AhrefsBot/7.0; +http://ahrefs.com/robot/)"
204.48.19.85 - - [02/Jul/2021:10:08:53 -0400] "POST /wp-cron.php?doing_wp_cron=1625234933.3670101165771484375000 HTTP/1.1" 200 5548 "https://angelsonhighstreet.com/wp-cron.php?doing_wp_cron=1625234933.3670101165771484375000" "WordPress/5.7.2; https://angelsonhighstreet.com"
54.36.148.23 - - [02/Jul/2021:10:08:53 -0400] "GET /product-category/oils?product_orderby=price&product_order=asc&product_count=16&product_view=list HTTP/1.1" 200 20735 "-" "Mozilla/5.0 (compatible; AhrefsBot/7.0; +http://ahrefs.com/robot/)"
204.48.19.85 - - [02/Jul/2021:10:12:42 -0400] "POST /wp-cron.php?doing_wp_cron=1625235162.1230509281158447265625 HTTP/1.1" 200 5548 "https://angelsonhighstreet.com/wp-cron.php?doing_wp_cron=1625235162.1230509281158447265625" "WordPress/5.7.2; https://angelsonhighstreet.com"
54.36.148.125 - - [02/Jul/2021:10:12:41 -0400] "GET /shop-full-width?product_count=48&product_view=list&product_orderby=price&product_order=asc HTTP/1.1" 200 21525 "-" "Mozilla/5.0 (compatible; AhrefsBot/7.0; +http://ahrefs.com/robot/)"
204.48.19.85 - - [02/Jul/2021:10:15:59 -0400] "POST /wp-cron.php?doing_wp_cron=1625235359.7034919261932373046875 HTTP/1.1" 200 5548 "https://angelsonhighstreet.com/wp-cron.php?doing_wp_cron=1625235359.7034919261932373046875" "WordPress/5.7.2; https://angelsonhighstreet.com"
124.158.183.182 - - [02/Jul/2021:10:15:59 -0400] "GET /wp-login.php HTTP/1.1" 200 7305 "-" "Mozilla/5.0 (X11; Ubuntu; Linux x86_64; rv:62.0) Gecko/20100101 Firefox/62.0"
124.158.183.182 - - [02/Jul/2021:10:16:00 -0400] "POST /wp-login.php HTTP/1.1" 200 7429 "-" "Mozilla/5.0 (X11; Ubuntu; Linux x86_64; rv:62.0) Gecko/20100101 Firefox/62.0"
124.158.183.182 - - [02/Jul/2021:10:16:02 -0400] "GET /wp-login.php HTTP/1.1" 200 7305 "-" "Mozilla/5.0 (X11; Ubuntu; Linux x86_64; rv:62.0) Gecko/20100101 Firefox/62.0"
124.158.183.182 - - [02/Jul/2021:10:16:03 -0400] "POST /wp-login.php HTTP/1.1" 200 7408 "-" "Mozilla/5.0 (X11; Ubuntu; Linux x86_64; rv:62.0) Gecko/20100101 Firefox/62.0"
124.158.183.182 - - [02/Jul/2021:10:16:04 -0400] "POST /xmlrpc.php HTTP/1.1" 200 5050 "-" "Mozilla/5.0 (X11; Ubuntu; Linux x86_64; rv:62.0) Gecko/20100101 Firefox/62.0"
54.36.148.191 - - [02/Jul/2021:10:16:32 -0400] "GET /shop-full-width?product_count=48&product_view=grid&product_orderby=date&product_order=desc HTTP/1.1" 200 21154 "-" "Mozilla/5.0 (compatible; AhrefsBot/7.0; +http://ahrefs.com/robot/)"
204.48.19.85 - - [02/Jul/2021:10:20:32 -0400] "POST /wp-cron.php?doing_wp_cron=1625235632.4945039749145507812500 HTTP/1.1" 200 5548 "https://angelsonhighstreet.com/wp-cron.php?doing_wp_cron=1625235632.4945039749145507812500" "WordPress/5.7.2; https://angelsonhighstreet.com"
54.36.148.136 - - [02/Jul/2021:10:20:32 -0400] "GET /product-category/oils?product_orderby=price&product_order=desc&product_count=48&product_view=list HTTP/1.1" 200 20741 "-" "Mozilla/5.0 (compatible; AhrefsBot/7.0; +http://ahrefs.com/robot/)"
204.48.19.85 - - [02/Jul/2021:10:24:31 -0400] "POST /wp-cron.php?doing_wp_cron=1625235871.4942800998687744140625 HTTP/1.1" 200 5548 "https://angelsonhighstreet.com/wp-cron.php?doing_wp_cron=1625235871.4942800998687744140625" "WordPress/5.7.2; https://angelsonhighstreet.com"
54.36.148.209 - - [02/Jul/2021:10:24:31 -0400] "GET /shop-full-width?product_count=32&product_view=grid&product_orderby=date&product_order=desc HTTP/1.1" 200 21150 "-" "Mozilla/5.0 (compatible; AhrefsBot/7.0; +http://ahrefs.com/robot/)"
204.48.19.85 - - [02/Jul/2021:10:28:30 -0400] "POST /wp-cron.php?doing_wp_cron=1625236110.2496590614318847656250 HTTP/1.1" 200 5548 "https://angelsonhighstreet.com/wp-cron.php?doing_wp_cron=1625236110.2496590614318847656250" "WordPress/5.7.2; https://angelsonhighstreet.com"
54.36.149.14 - - [02/Jul/2021:10:28:29 -0400] "GET /shop-full-width?product_count=32&product_view=grid&product_orderby=rating&product_order=desc HTTP/1.1" 200 21137 "-" "Mozilla/5.0 (compatible; AhrefsBot/7.0; +http://ahrefs.com/robot/)"
204.48.19.85 - - [02/Jul/2021:10:32:34 -0400] "POST /wp-cron.php?doing_wp_cron=1625236354.5757369995117187500000 HTTP/1.1" 200 5548 "https://angelsonhighstreet.com/wp-cron.php?doing_wp_cron=1625236354.5757369995117187500000" "WordPress/5.7.2; https://angelsonhighstreet.com"
54.36.148.105 - - [02/Jul/2021:10:32:34 -0400] "GET /product-category/salves?product_view=grid&product_order=asc&product_count=48 HTTP/1.1" 200 20643 "-" "Mozilla/5.0 (compatible; AhrefsBot/7.0; +http://ahrefs.com/robot/)"
204.48.19.85 - - [02/Jul/2021:10:36:39 -0400] "POST /wp-cron.php?doing_wp_cron=1625236599.3162279129028320312500 HTTP/1.1" 200 5548 "https://angelsonhighstreet.com/wp-cron.php?doing_wp_cron=1625236599.3162279129028320312500" "WordPress/5.7.2; https://angelsonhighstreet.com"
54.36.149.90 - - [02/Jul/2021:10:36:39 -0400] "GET /product-category/oils?product_view=grid&product_count=32&product_order=asc&product_orderby=price HTTP/1.1" 200 20481 "-" "Mozilla/5.0 (compatible; AhrefsBot/7.0; +http://ahrefs.com/robot/)"
204.48.19.85 - - [02/Jul/2021:10:40:35 -0400] "POST /wp-cron.php?doing_wp_cron=1625236835.1890740394592285156250 HTTP/1.1" 200 5548 "https://angelsonhighstreet.com/wp-cron.php?doing_wp_cron=1625236835.1890740394592285156250" "WordPress/5.7.2; https://angelsonhighstreet.com"
54.36.148.149 - - [02/Jul/2021:10:40:35 -0400] "GET /product-category/oils?product_view=grid&product_count=32&product_order=asc&product_orderby=popularity HTTP/1.1" 200 20443 "-" "Mozilla/5.0 (compatible; AhrefsBot/7.0; +http://ahrefs.com/robot/)"
204.48.19.85 - - [02/Jul/2021:10:41:32 -0400] "POST /wp-cron.php?doing_wp_cron=1625236892.5242021083831787109375 HTTP/1.1" 200 5548 "https://angelsonhighstreet.com/wp-cron.php?doing_wp_cron=1625236892.5242021083831787109375" "WordPress/5.7.2; https://angelsonhighstreet.com"
185.191.171.19 - - [02/Jul/2021:10:41:32 -0400] "GET /robots.txt HTTP/1.1" 200 5752 "-" "Mozilla/5.0 (compatible; SemrushBot/7~bl; +http://www.semrush.com/bot.html)"
185.191.171.39 - - [02/Jul/2021:10:41:32 -0400] "GET /product-category/oils?product_count=32&product_order=desc&product_orderby=name&product_view=list HTTP/1.1" 200 20723 "-" "Mozilla/5.0 (compatible; SemrushBot/7~bl; +http://www.semrush.com/bot.html)"
204.48.19.85 - - [02/Jul/2021:10:42:15 -0400] "POST /wp-cron.php?doing_wp_cron=1625236935.0836288928985595703125 HTTP/1.1" 200 5548 "https://angelsonhighstreet.com/wp-cron.php?doing_wp_cron=1625236935.0836288928985595703125" "WordPress/5.7.2; https://angelsonhighstreet.com"
104.196.127.152 - - [02/Jul/2021:10:42:14 -0400] "GET /robots.txt HTTP/1.0" 200 5055 "-" "ZoominfoBot (zoominfobot at zoominfo dot com)"
104.196.127.152 - - [02/Jul/2021:10:42:15 -0400] "GET /comments/feed HTTP/1.0" 200 3584 "-" "ZoominfoBot (zoominfobot at zoominfo dot com)"
207.46.13.106 - - [02/Jul/2021:10:42:55 -0400] "GET /wp-sitemap-posts-page-1.xml HTTP/1.1" 200 5464 "-" "Mozilla/5.0 (compatible; bingbot/2.0; +http://www.bing.com/bingbot.htm)"
204.48.19.85 - - [02/Jul/2021:10:44:24 -0400] "POST /wp-cron.php?doing_wp_cron=1625237064.2109289169311523437500 HTTP/1.1" 200 5548 "https://angelsonhighstreet.com/wp-cron.php?doing_wp_cron=1625237064.2109289169311523437500" "WordPress/5.7.2; https://angelsonhighstreet.com"
54.36.149.18 - - [02/Jul/2021:10:44:24 -0400] "GET /product-category/oils?product_view=grid&product_count=32&product_order=asc&product_orderby=rating HTTP/1.1" 200 20481 "-" "Mozilla/5.0 (compatible; AhrefsBot/7.0; +http://ahrefs.com/robot/)"
104.196.127.152 - - [02/Jul/2021:10:44:27 -0400] "GET /shop/cbg-salve-with-hawiian-haze-terpenes HTTP/1.0" 200 24784 "-" "ZoominfoBot (zoominfobot at zoominfo dot com)"
204.48.19.85 - - [02/Jul/2021:10:48:14 -0400] "POST /wp-cron.php?doing_wp_cron=1625237294.5074400901794433593750 HTTP/1.1" 200 5548 "https://angelsonhighstreet.com/wp-cron.php?doing_wp_cron=1625237294.5074400901794433593750" "WordPress/5.7.2; https://angelsonhighstreet.com"
104.196.127.152 - - [02/Jul/2021:10:48:14 -0400] "GET /xmlrpc.php?rsd HTTP/1.0" 200 5137 "-" "ZoominfoBot (zoominfobot at zoominfo dot com)"
54.36.148.76 - - [02/Jul/2021:10:48:23 -0400] "GET /shop-full-width?product_count=48&product_view=grid&product_orderby=default&product_order=asc HTTP/1.1" 200 21147 "-" "Mozilla/5.0 (compatible; AhrefsBot/7.0; +http://ahrefs.com/robot/)"
104.196.127.152 - - [02/Jul/2021:10:48:35 -0400] "GET /cbd-oils HTTP/1.0" 200 19937 "-" "ZoominfoBot (zoominfobot at zoominfo dot com)"
204.48.19.85 - - [02/Jul/2021:10:52:38 -0400] "POST /wp-cron.php?doing_wp_cron=1625237558.6723239421844482421875 HTTP/1.1" 200 5548 "https://angelsonhighstreet.com/wp-cron.php?doing_wp_cron=1625237558.6723239421844482421875" "WordPress/5.7.2; https://angelsonhighstreet.com"
54.36.149.10 - - [02/Jul/2021:10:52:38 -0400] "GET /shop-full-width?product_count=48&product_view=grid&product_orderby=price&product_order=asc HTTP/1.1" 200 21170 "-" "Mozilla/5.0 (compatible; AhrefsBot/7.0; +http://ahrefs.com/robot/)"
204.48.19.85 - - [02/Jul/2021:10:54:04 -0400] "POST /wp-cron.php?doing_wp_cron=1625237644.7568230628967285156250 HTTP/1.1" 200 5548 "https://angelsonhighstreet.com/wp-cron.php?doing_wp_cron=1625237644.7568230628967285156250" "WordPress/5.7.2; https://angelsonhighstreet.com"
51.15.251.143 - - [02/Jul/2021:10:54:04 -0400] "GET / HTTP/1.1" 301 5569 "-" "-"
204.48.19.85 - - [02/Jul/2021:10:54:57 -0400] "POST /wp-cron.php?doing_wp_cron=1625237697.6189510822296142578125 HTTP/1.1" 200 5548 "https://angelsonhighstreet.com/wp-cron.php?doing_wp_cron=1625237697.6189510822296142578125" "WordPress/5.7.2; https://angelsonhighstreet.com"
104.196.127.152 - - [02/Jul/2021:10:54:57 -0400] "GET /shop/700mg-15ml-cbd-oil HTTP/1.0" 200 23412 "-" "ZoominfoBot (zoominfobot at zoominfo dot com)"
204.48.19.85 - - [02/Jul/2021:10:55:59 -0400] "POST /wp-cron.php?doing_wp_cron=1625237759.8491559028625488281250 HTTP/1.1" 200 5548 "https://angelsonhighstreet.com/wp-cron.php?doing_wp_cron=1625237759.8491559028625488281250" "WordPress/5.7.2; https://angelsonhighstreet.com"
104.196.127.152 - - [02/Jul/2021:10:55:59 -0400] "GET /author/admin HTTP/1.0" 200 20642 "-" "ZoominfoBot (zoominfobot at zoominfo dot com)"
204.48.19.85 - - [02/Jul/2021:10:57:17 -0400] "POST /wp-cron.php?doing_wp_cron=1625237837.2969779968261718750000 HTTP/1.1" 200 5548 "https://angelsonhighstreet.com/wp-cron.php?doing_wp_cron=1625237837.2969779968261718750000" "WordPress/5.7.2; https://angelsonhighstreet.com"
54.36.149.18 - - [02/Jul/2021:10:57:17 -0400] "GET /shop-full-width?product_count=48&product_view=list&product_orderby=date&product_order=desc HTTP/1.1" 200 21472 "-" "Mozilla/5.0 (compatible; AhrefsBot/7.0; +http://ahrefs.com/robot/)"
