204.48.19.85 - - [05/Jul/2021:17:22:41 -0400] "POST /wp-cron.php?doing_wp_cron=1625520161.5802719593048095703125 HTTP/1.1" 200 6350 "https://angelsonhighstreet.com/wp-cron.php?doing_wp_cron=1625520161.5802719593048095703125" "WordPress/5.7.2; https://angelsonhighstreet.com"
54.36.149.31 - - [05/Jul/2021:17:22:41 -0400] "GET /product-category/oils?product_count=32&product_view=grid&product_orderby=default&product_order=desc HTTP/1.1" 200 21286 "-" "Mozilla/5.0 (compatible; AhrefsBot/7.0; +http://ahrefs.com/robot/)"
204.48.19.85 - - [05/Jul/2021:17:24:25 -0400] "POST /wp-cron.php?doing_wp_cron=1625520265.8604381084442138671875 HTTP/1.1" 200 6350 "https://angelsonhighstreet.com/wp-cron.php?doing_wp_cron=1625520265.8604381084442138671875" "WordPress/5.7.2; https://angelsonhighstreet.com"
54.36.149.68 - - [05/Jul/2021:17:24:25 -0400] "GET /product-category/oils?product_orderby=price&product_count=16&product_view=grid&product_order=desc HTTP/1.1" 200 21273 "-" "Mozilla/5.0 (compatible; AhrefsBot/7.0; +http://ahrefs.com/robot/)"
204.48.19.85 - - [05/Jul/2021:17:26:09 -0400] "POST /wp-cron.php?doing_wp_cron=1625520369.0145740509033203125000 HTTP/1.1" 200 6350 "https://angelsonhighstreet.com/wp-cron.php?doing_wp_cron=1625520369.0145740509033203125000" "WordPress/5.7.2; https://angelsonhighstreet.com"
54.36.148.235 - - [05/Jul/2021:17:26:08 -0400] "GET /product-category/oils?product_count=48&product_view=grid&product_orderby=default&product_order=asc HTTP/1.1" 200 21273 "-" "Mozilla/5.0 (compatible; AhrefsBot/7.0; +http://ahrefs.com/robot/)"
204.48.19.85 - - [05/Jul/2021:17:27:57 -0400] "POST /wp-cron.php?doing_wp_cron=1625520477.7744069099426269531250 HTTP/1.1" 200 6350 "https://angelsonhighstreet.com/wp-cron.php?doing_wp_cron=1625520477.7744069099426269531250" "WordPress/5.7.2; https://angelsonhighstreet.com"
54.36.148.188 - - [05/Jul/2021:17:27:57 -0400] "GET /product-category/oils?product_count=48&product_view=grid&product_orderby=name&product_order=asc HTTP/1.1" 200 21225 "-" "Mozilla/5.0 (compatible; AhrefsBot/7.0; +http://ahrefs.com/robot/)"
204.48.19.85 - - [05/Jul/2021:17:29:41 -0400] "POST /wp-cron.php?doing_wp_cron=1625520581.6823179721832275390625 HTTP/1.1" 200 6350 "https://angelsonhighstreet.com/wp-cron.php?doing_wp_cron=1625520581.6823179721832275390625" "WordPress/5.7.2; https://angelsonhighstreet.com"
54.36.148.110 - - [05/Jul/2021:17:29:41 -0400] "GET /product-category/oils?product_view=list&product_count=16&product_orderby=popularity&product_order=asc HTTP/1.1" 200 21507 "-" "Mozilla/5.0 (compatible; AhrefsBot/7.0; +http://ahrefs.com/robot/)"
204.48.19.85 - - [05/Jul/2021:17:31:25 -0400] "POST /wp-cron.php?doing_wp_cron=1625520685.8847000598907470703125 HTTP/1.1" 200 6350 "https://angelsonhighstreet.com/wp-cron.php?doing_wp_cron=1625520685.8847000598907470703125" "WordPress/5.7.2; https://angelsonhighstreet.com"
54.36.148.219 - - [05/Jul/2021:17:31:25 -0400] "GET /product-category/oils?product_count=48&product_view=grid&product_orderby=popularity&product_order=desc HTTP/1.1" 200 21240 "-" "Mozilla/5.0 (compatible; AhrefsBot/7.0; +http://ahrefs.com/robot/)"
204.48.19.85 - - [05/Jul/2021:17:33:11 -0400] "POST /wp-cron.php?doing_wp_cron=1625520791.4524910449981689453125 HTTP/1.1" 200 6350 "https://angelsonhighstreet.com/wp-cron.php?doing_wp_cron=1625520791.4524910449981689453125" "WordPress/5.7.2; https://angelsonhighstreet.com"
54.36.148.29 - - [05/Jul/2021:17:33:11 -0400] "GET /product-category/oils?product_view=list&product_orderby=name&product_count=32&product_order=desc HTTP/1.1" 200 21530 "-" "Mozilla/5.0 (compatible; AhrefsBot/7.0; +http://ahrefs.com/robot/)"
204.48.19.85 - - [05/Jul/2021:17:34:52 -0400] "POST /wp-cron.php?doing_wp_cron=1625520892.3048601150512695312500 HTTP/1.1" 200 6350 "https://angelsonhighstreet.com/wp-cron.php?doing_wp_cron=1625520892.3048601150512695312500" "WordPress/5.7.2; https://angelsonhighstreet.com"
54.36.149.45 - - [05/Jul/2021:17:34:52 -0400] "GET /product-category/oils?product_view=list&product_count=48&product_orderby=date&product_order=asc HTTP/1.1" 200 21534 "-" "Mozilla/5.0 (compatible; AhrefsBot/7.0; +http://ahrefs.com/robot/)"
204.48.19.85 - - [05/Jul/2021:17:36:29 -0400] "POST /wp-cron.php?doing_wp_cron=1625520989.7604150772094726562500 HTTP/1.1" 200 6350 "https://angelsonhighstreet.com/wp-cron.php?doing_wp_cron=1625520989.7604150772094726562500" "WordPress/5.7.2; https://angelsonhighstreet.com"
54.36.149.27 - - [05/Jul/2021:17:36:29 -0400] "GET /product-category/salves?product_order=asc&product_orderby=popularity&product_count=32&product_view=list HTTP/1.1" 200 21391 "-" "Mozilla/5.0 (compatible; AhrefsBot/7.0; +http://ahrefs.com/robot/)"
204.48.19.85 - - [05/Jul/2021:17:38:21 -0400] "POST /wp-cron.php?doing_wp_cron=1625521101.7757320404052734375000 HTTP/1.1" 200 6350 "https://angelsonhighstreet.com/wp-cron.php?doing_wp_cron=1625521101.7757320404052734375000" "WordPress/5.7.2; https://angelsonhighstreet.com"
54.36.148.91 - - [05/Jul/2021:17:38:21 -0400] "GET /product-category/oils?product_view=grid&product_orderby=name&product_count=48&product_order=desc HTTP/1.1" 200 21236 "-" "Mozilla/5.0 (compatible; AhrefsBot/7.0; +http://ahrefs.com/robot/)"
204.48.19.85 - - [05/Jul/2021:17:40:16 -0400] "POST /wp-cron.php?doing_wp_cron=1625521216.3446559906005859375000 HTTP/1.1" 200 6350 "https://angelsonhighstreet.com/wp-cron.php?doing_wp_cron=1625521216.3446559906005859375000" "WordPress/5.7.2; https://angelsonhighstreet.com"
54.36.148.22 - - [05/Jul/2021:17:40:16 -0400] "GET /product-category/oils?product_count=16&product_orderby=default&product_view=grid&product_order=asc HTTP/1.1" 200 21217 "-" "Mozilla/5.0 (compatible; AhrefsBot/7.0; +http://ahrefs.com/robot/)"
23.228.109.147 - - [05/Jul/2021:17:41:42 -0400] "GET /wp-content/plugins/front-end-editor/lib/aloha-editor/plugins/extra/draganddropfiles/demo/index.css HTTP/1.1" 301 754 "http://www.google.com/" "Mozilla/5.0 (Windows NT 6.1; Win64; x64) AppleWebKit/537.36 (KHTML, like Gecko) Chrome/56.0.2896.3 Safari/537.36"
204.48.19.85 - - [05/Jul/2021:17:41:42 -0400] "POST /wp-cron.php?doing_wp_cron=1625521302.7412190437316894531250 HTTP/1.1" 200 6350 "https://angelsonhighstreet.com/wp-cron.php?doing_wp_cron=1625521302.7412190437316894531250" "WordPress/5.7.2; https://angelsonhighstreet.com"
23.228.109.147 - - [05/Jul/2021:17:41:42 -0400] "GET /wp-content/plugins/front-end-editor/lib/aloha-editor/plugins/extra/draganddropfiles/demo/index.css HTTP/1.1" 404 19758 "http://www.google.com/" "Mozilla/5.0 (Windows NT 6.1; Win64; x64) AppleWebKit/537.36 (KHTML, like Gecko) Chrome/56.0.2896.3 Safari/537.36"
204.48.19.85 - - [05/Jul/2021:17:42:11 -0400] "POST /wp-cron.php?doing_wp_cron=1625521331.2447180747985839843750 HTTP/1.1" 200 6350 "https://angelsonhighstreet.com/wp-cron.php?doing_wp_cron=1625521331.2447180747985839843750" "WordPress/5.7.2; https://angelsonhighstreet.com"
54.36.149.79 - - [05/Jul/2021:17:42:11 -0400] "GET /product-category/oils?product_orderby=price&product_count=32&product_view=grid&product_order=desc HTTP/1.1" 200 21224 "-" "Mozilla/5.0 (compatible; AhrefsBot/7.0; +http://ahrefs.com/robot/)"
204.48.19.85 - - [05/Jul/2021:17:44:06 -0400] "POST /wp-cron.php?doing_wp_cron=1625521446.1995270252227783203125 HTTP/1.1" 200 6350 "https://angelsonhighstreet.com/wp-cron.php?doing_wp_cron=1625521446.1995270252227783203125" "WordPress/5.7.2; https://angelsonhighstreet.com"
54.36.148.85 - - [05/Jul/2021:17:44:06 -0400] "GET /product-category/oils?product_orderby=name&product_count=32&product_view=list&product_order=desc HTTP/1.1" 200 21535 "-" "Mozilla/5.0 (compatible; AhrefsBot/7.0; +http://ahrefs.com/robot/)"
204.48.19.85 - - [05/Jul/2021:17:45:15 -0400] "POST /wp-cron.php?doing_wp_cron=1625521515.2230811119079589843750 HTTP/1.1" 200 6350 "https://angelsonhighstreet.com/wp-cron.php?doing_wp_cron=1625521515.2230811119079589843750" "WordPress/5.7.2; https://angelsonhighstreet.com"
3.236.165.86 - - [05/Jul/2021:17:45:15 -0400] "GET /robots.txt HTTP/1.1" 200 6535 "-" "Mozilla/5.0"
3.236.165.86 - - [05/Jul/2021:17:45:15 -0400] "GET /cart HTTP/1.1" 200 22489 "-" "Mozilla/5.0 (X11; Linux x86_64) AppleWebKit/602.1 (KHTML, like Gecko) splash Version/10.0 Safari/602.1"
3.236.165.86 - - [05/Jul/2021:17:45:15 -0400] "GET /wp-content/plugins/age-gate/public/js/age-gate-public-hooks.js?ver=2.15.0 HTTP/1.1" 200 2632 "https://angelsonhighstreet.com/cart" "Mozilla/5.0 (X11; Linux x86_64) AppleWebKit/602.1 (KHTML, like Gecko) splash Version/10.0 Safari/602.1"
3.236.165.86 - - [05/Jul/2021:17:45:15 -0400] "GET /wp-includes/js/jquery/jquery.min.js?ver=3.5.1 HTTP/1.1" 200 31463 "https://angelsonhighstreet.com/cart" "Mozilla/5.0 (X11; Linux x86_64) AppleWebKit/602.1 (KHTML, like Gecko) splash Version/10.0 Safari/602.1"
3.236.165.86 - - [05/Jul/2021:17:45:20 -0400] "GET /wp-includes/js/zxcvbn-async.min.js?ver=1.0 HTTP/1.1" 200 6765 "https://angelsonhighstreet.com/cart" "Mozilla/5.0 (X11; Linux x86_64) AppleWebKit/602.1 (KHTML, like Gecko) splash Version/10.0 Safari/602.1"
3.236.165.86 - - [05/Jul/2021:17:45:20 -0400] "GET /wp-content/plugins/age-gate/public/js/age-gate-public.js?ver=2.15.0 HTTP/1.1" 200 6737 "https://angelsonhighstreet.com/cart" "Mozilla/5.0 (X11; Linux x86_64) AppleWebKit/602.1 (KHTML, like Gecko) splash Version/10.0 Safari/602.1"
3.236.165.86 - - [05/Jul/2021:17:45:20 -0400] "GET /wp-content/plugins/google-analytics-dashboard-for-wp/assets/js/frontend-gtag.min.js?ver=6.7.0 HTTP/1.1" 200 9354 "https://angelsonhighstreet.com/cart" "Mozilla/5.0 (X11; Linux x86_64) AppleWebKit/602.1 (KHTML, like Gecko) splash Version/10.0 Safari/602.1"
3.236.165.86 - - [05/Jul/2021:17:45:20 -0400] "GET /wp-includes/js/jquery/jquery-migrate.min.js?ver=3.3.2 HTTP/1.1" 200 10723 "https://angelsonhighstreet.com/cart" "Mozilla/5.0 (X11; Linux x86_64) AppleWebKit/602.1 (KHTML, like Gecko) splash Version/10.0 Safari/602.1"
3.236.165.86 - - [05/Jul/2021:17:45:20 -0400] "GET /wp-content/plugins/age-gate/public/js/age-gate-public-tab.js?ver=2.15.0 HTTP/1.1" 200 869 "https://angelsonhighstreet.com/cart" "Mozilla/5.0 (X11; Linux x86_64) AppleWebKit/602.1 (KHTML, like Gecko) splash Version/10.0 Safari/602.1"
3.236.165.86 - - [05/Jul/2021:17:45:20 -0400] "GET /wp-content/plugins/wp-optin-wheel/public/js/public.min.js?ver=1.3.2 HTTP/1.1" 200 9828 "https://angelsonhighstreet.com/cart" "Mozilla/5.0 (X11; Linux x86_64) AppleWebKit/602.1 (KHTML, like Gecko) splash Version/10.0 Safari/602.1"
3.236.165.86 - - [05/Jul/2021:17:45:20 -0400] "GET /wp-content/plugins/age-gate/public/js/age-gate-shortcode.js?ver=2.15.0 HTTP/1.1" 200 2732 "https://angelsonhighstreet.com/cart" "Mozilla/5.0 (X11; Linux x86_64) AppleWebKit/602.1 (KHTML, like Gecko) splash Version/10.0 Safari/602.1"
3.236.165.86 - - [05/Jul/2021:17:45:20 -0400] "GET /wp-content/plugins/woocommerce/assets/js/jquery-blockui/jquery.blockUI.min.js?ver=2.70 HTTP/1.1" 200 3961 "https://angelsonhighstreet.com/cart" "Mozilla/5.0 (X11; Linux x86_64) AppleWebKit/602.1 (KHTML, like Gecko) splash Version/10.0 Safari/602.1"
3.236.165.86 - - [05/Jul/2021:17:45:20 -0400] "GET /wp-content/plugins/contact-form-7/includes/js/index.js?ver=5.4.1 HTTP/1.1" 200 4484 "https://angelsonhighstreet.com/cart" "Mozilla/5.0 (X11; Linux x86_64) AppleWebKit/602.1 (KHTML, like Gecko) splash Version/10.0 Safari/602.1"
3.236.165.86 - - [05/Jul/2021:17:45:20 -0400] "GET /wp-content/plugins/woocommerce/assets/js/frontend/add-to-cart.min.js?ver=5.3.0 HTTP/1.1" 200 1522 "https://angelsonhighstreet.com/cart" "Mozilla/5.0 (X11; Linux x86_64) AppleWebKit/602.1 (KHTML, like Gecko) splash Version/10.0 Safari/602.1"
3.236.165.86 - - [05/Jul/2021:17:45:20 -0400] "GET /wp-content/plugins/woocommerce/assets/js/js-cookie/js.cookie.min.js?ver=2.1.4 HTTP/1.1" 200 1417 "https://angelsonhighstreet.com/cart" "Mozilla/5.0 (X11; Linux x86_64) AppleWebKit/602.1 (KHTML, like Gecko) splash Version/10.0 Safari/602.1"
3.236.165.86 - - [05/Jul/2021:17:45:20 -0400] "GET /wp-content/plugins/woocommerce/assets/js/frontend/country-select.min.js?ver=5.3.0 HTTP/1.1" 200 1504 "https://angelsonhighstreet.com/cart" "Mozilla/5.0 (X11; Linux x86_64) AppleWebKit/602.1 (KHTML, like Gecko) splash Version/10.0 Safari/602.1"
3.236.165.86 - - [05/Jul/2021:17:45:20 -0400] "GET /wp-content/plugins/revslider/public/assets/js/rbtools.min.js?ver=6.3.3 HTTP/1.1" 200 46697 "https://angelsonhighstreet.com/cart" "Mozilla/5.0 (X11; Linux x86_64) AppleWebKit/602.1 (KHTML, like Gecko) splash Version/10.0 Safari/602.1"
3.236.165.86 - - [05/Jul/2021:17:45:20 -0400] "GET /wp-content/plugins/woocommerce/assets/js/frontend/woocommerce.min.js?ver=5.3.0 HTTP/1.1" 200 1222 "https://angelsonhighstreet.com/cart" "Mozilla/5.0 (X11; Linux x86_64) AppleWebKit/602.1 (KHTML, like Gecko) splash Version/10.0 Safari/602.1"
3.236.165.86 - - [05/Jul/2021:17:45:20 -0400] "GET /wp-content/plugins/woocommerce/assets/js/frontend/address-i18n.min.js?ver=5.3.0 HTTP/1.1" 200 1380 "https://angelsonhighstreet.com/cart" "Mozilla/5.0 (X11; Linux x86_64) AppleWebKit/602.1 (KHTML, like Gecko) splash Version/10.0 Safari/602.1"
3.236.165.86 - - [05/Jul/2021:17:45:20 -0400] "GET /wp-content/plugins/woocommerce/assets/js/frontend/cart.min.js?ver=5.3.0 HTTP/1.1" 200 2467 "https://angelsonhighstreet.com/cart" "Mozilla/5.0 (X11; Linux x86_64) AppleWebKit/602.1 (KHTML, like Gecko) splash Version/10.0 Safari/602.1"
3.236.165.86 - - [05/Jul/2021:17:45:20 -0400] "GET /wp-content/plugins/woocommerce/assets/js/selectWoo/selectWoo.full.min.js?ver=1.0.6 HTTP/1.1" 200 22016 "https://angelsonhighstreet.com/cart" "Mozilla/5.0 (X11; Linux x86_64) AppleWebKit/602.1 (KHTML, like Gecko) splash Version/10.0 Safari/602.1"
3.236.165.86 - - [05/Jul/2021:17:45:20 -0400] "GET /wp-content/plugins/revslider/public/assets/js/rs6.min.js?ver=6.3.3 HTTP/1.1" 200 86331 "https://angelsonhighstreet.com/cart" "Mozilla/5.0 (X11; Linux x86_64) AppleWebKit/602.1 (KHTML, like Gecko) splash Version/10.0 Safari/602.1"
3.236.165.86 - - [05/Jul/2021:17:45:20 -0400] "GET /wp-includes/js/dist/vendor/wp-polyfill.min.js?ver=7.4.4 HTTP/1.1" 200 40884 "https://angelsonhighstreet.com/cart" "Mozilla/5.0 (X11; Linux x86_64) AppleWebKit/602.1 (KHTML, like Gecko) splash Version/10.0 Safari/602.1"
3.236.165.86 - - [05/Jul/2021:17:45:20 -0400] "GET /wp-includes/js/dist/hooks.min.js?ver=50e23bed88bcb9e6e14023e9961698c1 HTTP/1.1" 200 2785 "https://angelsonhighstreet.com/cart" "Mozilla/5.0 (X11; Linux x86_64) AppleWebKit/602.1 (KHTML, like Gecko) splash Version/10.0 Safari/602.1"
3.236.165.86 - - [05/Jul/2021:17:45:20 -0400] "GET /wp-includes/js/dist/i18n.min.js?ver=db9a9a37da262883343e941c3731bc67 HTTP/1.1" 200 4336 "https://angelsonhighstreet.com/cart" "Mozilla/5.0 (X11; Linux x86_64) AppleWebKit/602.1 (KHTML, like Gecko) splash Version/10.0 Safari/602.1"
3.236.165.86 - - [05/Jul/2021:17:45:20 -0400] "GET /wp-admin/js/password-strength-meter.min.js?ver=5.7.2 HTTP/1.1" 200 1056 "https://angelsonhighstreet.com/cart" "Mozilla/5.0 (X11; Linux x86_64) AppleWebKit/602.1 (KHTML, like Gecko) splash Version/10.0 Safari/602.1"
3.236.165.86 - - [05/Jul/2021:17:45:20 -0400] "GET /wp-content/plugins/woocommerce/assets/js/frontend/password-strength-meter.min.js?ver=5.3.0 HTTP/1.1" 200 1210 "https://angelsonhighstreet.com/cart" "Mozilla/5.0 (X11; Linux x86_64) AppleWebKit/602.1 (KHTML, like Gecko) splash Version/10.0 Safari/602.1"
3.236.165.86 - - [05/Jul/2021:17:45:20 -0400] "GET /wp-includes/js/wp-embed.min.js?ver=5.7.2 HTTP/1.1" 200 1200 "https://angelsonhighstreet.com/cart" "Mozilla/5.0 (X11; Linux x86_64) AppleWebKit/602.1 (KHTML, like Gecko) splash Version/10.0 Safari/602.1"
3.236.165.86 - - [05/Jul/2021:17:45:20 -0400] "GET /wp-includes/js/wp-emoji-release.min.js?ver=5.7.2 HTTP/1.1" 200 5142 "https://angelsonhighstreet.com/cart" "Mozilla/5.0 (X11; Linux x86_64) AppleWebKit/602.1 (KHTML, like Gecko) splash Version/10.0 Safari/602.1"
3.236.165.86 - - [05/Jul/2021:17:45:20 -0400] "GET /wp-content/plugins/woocommerce/assets/js/frontend/cart-fragments.min.js?ver=5.3.0 HTTP/1.1" 200 1475 "https://angelsonhighstreet.com/cart" "Mozilla/5.0 (X11; Linux x86_64) AppleWebKit/602.1 (KHTML, like Gecko) splash Version/10.0 Safari/602.1"
3.236.165.86 - - [05/Jul/2021:17:45:20 -0400] "GET /wp-content/uploads/fusion-scripts/b56245e53be0fd8a820b6aadd44f2547.min.js?ver=3.2.1 HTTP/1.1" 200 96890 "https://angelsonhighstreet.com/cart" "Mozilla/5.0 (X11; Linux x86_64) AppleWebKit/602.1 (KHTML, like Gecko) splash Version/10.0 Safari/602.1"
3.236.165.86 - - [05/Jul/2021:17:45:21 -0400] "GET /wp-includes/js/dist/vendor/wp-polyfill-fetch.min.js?ver=3.0.0 HTTP/1.1" 200 3236 "https://angelsonhighstreet.com/cart" "Mozilla/5.0 (X11; Linux x86_64) AppleWebKit/602.1 (KHTML, like Gecko) splash Version/10.0 Safari/602.1"
3.236.165.86 - - [05/Jul/2021:17:45:21 -0400] "GET /wp-includes/js/dist/vendor/wp-polyfill-dom-rect.min.js?ver=3.42.0 HTTP/1.1" 200 765 "https://angelsonhighstreet.com/cart" "Mozilla/5.0 (X11; Linux x86_64) AppleWebKit/602.1 (KHTML, like Gecko) splash Version/10.0 Safari/602.1"
3.236.165.86 - - [05/Jul/2021:17:45:21 -0400] "GET /wp-includes/js/dist/vendor/wp-polyfill-url.min.js?ver=3.6.4 HTTP/1.1" 200 14074 "https://angelsonhighstreet.com/cart" "Mozilla/5.0 (X11; Linux x86_64) AppleWebKit/602.1 (KHTML, like Gecko) splash Version/10.0 Safari/602.1"
3.236.165.86 - - [05/Jul/2021:17:45:21 -0400] "GET /wp-includes/js/dist/vendor/wp-polyfill-formdata.min.js?ver=3.0.12 HTTP/1.1" 200 3234 "https://angelsonhighstreet.com/cart" "Mozilla/5.0 (X11; Linux x86_64) AppleWebKit/602.1 (KHTML, like Gecko) splash Version/10.0 Safari/602.1"
3.236.165.86 - - [05/Jul/2021:17:45:31 -0400] "GET /cart HTTP/1.1" 200 22488 "-" "Mozilla/5.0 (X11; Linux x86_64) AppleWebKit/602.1 (KHTML, like Gecko) splash Version/10.0 Safari/602.1"
3.236.165.86 - - [05/Jul/2021:17:45:33 -0400] "GET /cart HTTP/1.1" 200 22487 "-" "Mozilla/5.0 (X11; Linux x86_64) AppleWebKit/602.1 (KHTML, like Gecko) splash Version/10.0 Safari/602.1"
3.236.165.86 - - [05/Jul/2021:17:45:34 -0400] "GET /wp-content/plugins/age-gate/public/js/age-gate-public-hooks.js?ver=2.15.0 HTTP/1.1" 200 2632 "https://angelsonhighstreet.com/cart" "Mozilla/5.0 (X11; Linux x86_64) AppleWebKit/602.1 (KHTML, like Gecko) splash Version/10.0 Safari/602.1"
3.236.165.86 - - [05/Jul/2021:17:45:34 -0400] "GET /wp-includes/js/jquery/jquery.min.js?ver=3.5.1 HTTP/1.1" 200 31463 "https://angelsonhighstreet.com/cart" "Mozilla/5.0 (X11; Linux x86_64) AppleWebKit/602.1 (KHTML, like Gecko) splash Version/10.0 Safari/602.1"
3.236.165.86 - - [05/Jul/2021:17:45:37 -0400] "GET /wp-includes/js/zxcvbn-async.min.js?ver=1.0 HTTP/1.1" 200 6765 "https://angelsonhighstreet.com/cart" "Mozilla/5.0 (X11; Linux x86_64) AppleWebKit/602.1 (KHTML, like Gecko) splash Version/10.0 Safari/602.1"
3.236.165.86 - - [05/Jul/2021:17:45:37 -0400] "GET /wp-content/plugins/age-gate/public/js/age-gate-public.js?ver=2.15.0 HTTP/1.1" 200 6737 "https://angelsonhighstreet.com/cart" "Mozilla/5.0 (X11; Linux x86_64) AppleWebKit/602.1 (KHTML, like Gecko) splash Version/10.0 Safari/602.1"
3.236.165.86 - - [05/Jul/2021:17:45:37 -0400] "GET /wp-includes/js/jquery/jquery-migrate.min.js?ver=3.3.2 HTTP/1.1" 200 10723 "https://angelsonhighstreet.com/cart" "Mozilla/5.0 (X11; Linux x86_64) AppleWebKit/602.1 (KHTML, like Gecko) splash Version/10.0 Safari/602.1"
3.236.165.86 - - [05/Jul/2021:17:45:37 -0400] "GET /wp-content/plugins/wp-optin-wheel/public/js/public.min.js?ver=1.3.2 HTTP/1.1" 200 9828 "https://angelsonhighstreet.com/cart" "Mozilla/5.0 (X11; Linux x86_64) AppleWebKit/602.1 (KHTML, like Gecko) splash Version/10.0 Safari/602.1"
3.236.165.86 - - [05/Jul/2021:17:45:37 -0400] "GET /wp-content/plugins/google-analytics-dashboard-for-wp/assets/js/frontend-gtag.min.js?ver=6.7.0 HTTP/1.1" 200 9354 "https://angelsonhighstreet.com/cart" "Mozilla/5.0 (X11; Linux x86_64) AppleWebKit/602.1 (KHTML, like Gecko) splash Version/10.0 Safari/602.1"
3.236.165.86 - - [05/Jul/2021:17:45:38 -0400] "GET /wp-content/plugins/age-gate/public/js/age-gate-public-tab.js?ver=2.15.0 HTTP/1.1" 200 869 "https://angelsonhighstreet.com/cart" "Mozilla/5.0 (X11; Linux x86_64) AppleWebKit/602.1 (KHTML, like Gecko) splash Version/10.0 Safari/602.1"
3.236.165.86 - - [05/Jul/2021:17:45:38 -0400] "GET /wp-includes/js/dist/vendor/wp-polyfill.min.js?ver=7.4.4 HTTP/1.1" 200 34810 "https://angelsonhighstreet.com/cart" "Mozilla/5.0 (X11; Linux x86_64) AppleWebKit/602.1 (KHTML, like Gecko) splash Version/10.0 Safari/602.1"
3.236.165.86 - - [05/Jul/2021:17:45:38 -0400] "GET /wp-content/plugins/age-gate/public/js/age-gate-shortcode.js?ver=2.15.0 HTTP/1.1" 200 8806 "https://angelsonhighstreet.com/cart" "Mozilla/5.0 (X11; Linux x86_64) AppleWebKit/602.1 (KHTML, like Gecko) splash Version/10.0 Safari/602.1"
3.236.165.86 - - [05/Jul/2021:17:45:38 -0400] "GET /wp-content/plugins/contact-form-7/includes/js/index.js?ver=5.4.1 HTTP/1.1" 200 4484 "https://angelsonhighstreet.com/cart" "Mozilla/5.0 (X11; Linux x86_64) AppleWebKit/602.1 (KHTML, like Gecko) splash Version/10.0 Safari/602.1"
3.236.165.86 - - [05/Jul/2021:17:45:38 -0400] "GET /wp-content/plugins/woocommerce/assets/js/jquery-blockui/jquery.blockUI.min.js?ver=2.70 HTTP/1.1" 200 3961 "https://angelsonhighstreet.com/cart" "Mozilla/5.0 (X11; Linux x86_64) AppleWebKit/602.1 (KHTML, like Gecko) splash Version/10.0 Safari/602.1"
3.236.165.86 - - [05/Jul/2021:17:45:38 -0400] "GET /wp-content/plugins/revslider/public/assets/js/rbtools.min.js?ver=6.3.3 HTTP/1.1" 200 46697 "https://angelsonhighstreet.com/cart" "Mozilla/5.0 (X11; Linux x86_64) AppleWebKit/602.1 (KHTML, like Gecko) splash Version/10.0 Safari/602.1"
3.236.165.86 - - [05/Jul/2021:17:45:38 -0400] "GET /wp-content/plugins/woocommerce/assets/js/frontend/add-to-cart.min.js?ver=5.3.0 HTTP/1.1" 200 1522 "https://angelsonhighstreet.com/cart" "Mozilla/5.0 (X11; Linux x86_64) AppleWebKit/602.1 (KHTML, like Gecko) splash Version/10.0 Safari/602.1"
3.236.165.86 - - [05/Jul/2021:17:45:38 -0400] "GET /wp-content/plugins/woocommerce/assets/js/js-cookie/js.cookie.min.js?ver=2.1.4 HTTP/1.1" 200 1417 "https://angelsonhighstreet.com/cart" "Mozilla/5.0 (X11; Linux x86_64) AppleWebKit/602.1 (KHTML, like Gecko) splash Version/10.0 Safari/602.1"
3.236.165.86 - - [05/Jul/2021:17:45:38 -0400] "GET /wp-content/plugins/woocommerce/assets/js/frontend/woocommerce.min.js?ver=5.3.0 HTTP/1.1" 200 1222 "https://angelsonhighstreet.com/cart" "Mozilla/5.0 (X11; Linux x86_64) AppleWebKit/602.1 (KHTML, like Gecko) splash Version/10.0 Safari/602.1"
3.236.165.86 - - [05/Jul/2021:17:45:38 -0400] "GET /wp-content/plugins/woocommerce/assets/js/frontend/country-select.min.js?ver=5.3.0 HTTP/1.1" 200 1504 "https://angelsonhighstreet.com/cart" "Mozilla/5.0 (X11; Linux x86_64) AppleWebKit/602.1 (KHTML, like Gecko) splash Version/10.0 Safari/602.1"
3.236.165.86 - - [05/Jul/2021:17:45:38 -0400] "GET /wp-content/plugins/woocommerce/assets/js/frontend/address-i18n.min.js?ver=5.3.0 HTTP/1.1" 200 1380 "https://angelsonhighstreet.com/cart" "Mozilla/5.0 (X11; Linux x86_64) AppleWebKit/602.1 (KHTML, like Gecko) splash Version/10.0 Safari/602.1"
3.236.165.86 - - [05/Jul/2021:17:45:38 -0400] "GET /wp-content/plugins/woocommerce/assets/js/frontend/cart.min.js?ver=5.3.0 HTTP/1.1" 200 2467 "https://angelsonhighstreet.com/cart" "Mozilla/5.0 (X11; Linux x86_64) AppleWebKit/602.1 (KHTML, like Gecko) splash Version/10.0 Safari/602.1"
3.236.165.86 - - [05/Jul/2021:17:45:38 -0400] "GET /wp-content/plugins/woocommerce/assets/js/selectWoo/selectWoo.full.min.js?ver=1.0.6 HTTP/1.1" 200 22016 "https://angelsonhighstreet.com/cart" "Mozilla/5.0 (X11; Linux x86_64) AppleWebKit/602.1 (KHTML, like Gecko) splash Version/10.0 Safari/602.1"
3.236.165.86 - - [05/Jul/2021:17:45:38 -0400] "GET /wp-includes/js/dist/hooks.min.js?ver=50e23bed88bcb9e6e14023e9961698c1 HTTP/1.1" 200 2785 "https://angelsonhighstreet.com/cart" "Mozilla/5.0 (X11; Linux x86_64) AppleWebKit/602.1 (KHTML, like Gecko) splash Version/10.0 Safari/602.1"
3.236.165.86 - - [05/Jul/2021:17:45:38 -0400] "GET /wp-content/plugins/revslider/public/assets/js/rs6.min.js?ver=6.3.3 HTTP/1.1" 200 86331 "https://angelsonhighstreet.com/cart" "Mozilla/5.0 (X11; Linux x86_64) AppleWebKit/602.1 (KHTML, like Gecko) splash Version/10.0 Safari/602.1"
3.236.165.86 - - [05/Jul/2021:17:45:38 -0400] "GET /wp-admin/js/password-strength-meter.min.js?ver=5.7.2 HTTP/1.1" 200 1056 "https://angelsonhighstreet.com/cart" "Mozilla/5.0 (X11; Linux x86_64) AppleWebKit/602.1 (KHTML, like Gecko) splash Version/10.0 Safari/602.1"
3.236.165.86 - - [05/Jul/2021:17:45:38 -0400] "GET /wp-includes/js/dist/i18n.min.js?ver=db9a9a37da262883343e941c3731bc67 HTTP/1.1" 200 4336 "https://angelsonhighstreet.com/cart" "Mozilla/5.0 (X11; Linux x86_64) AppleWebKit/602.1 (KHTML, like Gecko) splash Version/10.0 Safari/602.1"
3.236.165.86 - - [05/Jul/2021:17:45:38 -0400] "GET /wp-content/plugins/woocommerce/assets/js/frontend/password-strength-meter.min.js?ver=5.3.0 HTTP/1.1" 200 1210 "https://angelsonhighstreet.com/cart" "Mozilla/5.0 (X11; Linux x86_64) AppleWebKit/602.1 (KHTML, like Gecko) splash Version/10.0 Safari/602.1"
3.236.165.86 - - [05/Jul/2021:17:45:38 -0400] "GET /wp-content/plugins/woocommerce/assets/js/frontend/cart-fragments.min.js?ver=5.3.0 HTTP/1.1" 200 1475 "https://angelsonhighstreet.com/cart" "Mozilla/5.0 (X11; Linux x86_64) AppleWebKit/602.1 (KHTML, like Gecko) splash Version/10.0 Safari/602.1"
3.236.165.86 - - [05/Jul/2021:17:45:38 -0400] "GET /wp-includes/js/wp-embed.min.js?ver=5.7.2 HTTP/1.1" 200 1200 "https://angelsonhighstreet.com/cart" "Mozilla/5.0 (X11; Linux x86_64) AppleWebKit/602.1 (KHTML, like Gecko) splash Version/10.0 Safari/602.1"
3.236.165.86 - - [05/Jul/2021:17:45:38 -0400] "GET /wp-includes/js/wp-emoji-release.min.js?ver=5.7.2 HTTP/1.1" 200 5142 "https://angelsonhighstreet.com/cart" "Mozilla/5.0 (X11; Linux x86_64) AppleWebKit/602.1 (KHTML, like Gecko) splash Version/10.0 Safari/602.1"
3.236.165.86 - - [05/Jul/2021:17:45:38 -0400] "GET /wp-content/uploads/fusion-scripts/b56245e53be0fd8a820b6aadd44f2547.min.js?ver=3.2.1 HTTP/1.1" 200 96890 "https://angelsonhighstreet.com/cart" "Mozilla/5.0 (X11; Linux x86_64) AppleWebKit/602.1 (KHTML, like Gecko) splash Version/10.0 Safari/602.1"
3.236.165.86 - - [05/Jul/2021:17:45:39 -0400] "GET /wp-includes/js/dist/vendor/wp-polyfill-fetch.min.js?ver=3.0.0 HTTP/1.1" 200 3236 "https://angelsonhighstreet.com/cart" "Mozilla/5.0 (X11; Linux x86_64) AppleWebKit/602.1 (KHTML, like Gecko) splash Version/10.0 Safari/602.1"
3.236.165.86 - - [05/Jul/2021:17:45:39 -0400] "GET /wp-includes/js/dist/vendor/wp-polyfill-dom-rect.min.js?ver=3.42.0 HTTP/1.1" 200 765 "https://angelsonhighstreet.com/cart" "Mozilla/5.0 (X11; Linux x86_64) AppleWebKit/602.1 (KHTML, like Gecko) splash Version/10.0 Safari/602.1"
3.236.165.86 - - [05/Jul/2021:17:45:39 -0400] "GET /wp-includes/js/dist/vendor/wp-polyfill-url.min.js?ver=3.6.4 HTTP/1.1" 200 14074 "https://angelsonhighstreet.com/cart" "Mozilla/5.0 (X11; Linux x86_64) AppleWebKit/602.1 (KHTML, like Gecko) splash Version/10.0 Safari/602.1"
3.236.165.86 - - [05/Jul/2021:17:45:39 -0400] "GET /wp-includes/js/dist/vendor/wp-polyfill-formdata.min.js?ver=3.0.12 HTTP/1.1" 200 3234 "https://angelsonhighstreet.com/cart" "Mozilla/5.0 (X11; Linux x86_64) AppleWebKit/602.1 (KHTML, like Gecko) splash Version/10.0 Safari/602.1"
54.36.149.50 - - [05/Jul/2021:17:45:55 -0400] "GET /product-category/oils?product_count=16&product_view=list&product_orderby=rating&product_order=asc HTTP/1.1" 200 21514 "-" "Mozilla/5.0 (compatible; AhrefsBot/7.0; +http://ahrefs.com/robot/)"
204.48.19.85 - - [05/Jul/2021:17:49:24 -0400] "POST /wp-cron.php?doing_wp_cron=1625521764.1007819175720214843750 HTTP/1.1" 200 6350 "https://angelsonhighstreet.com/wp-cron.php?doing_wp_cron=1625521764.1007819175720214843750" "WordPress/5.7.2; https://angelsonhighstreet.com"
82.202.165.119 - - [05/Jul/2021:17:49:23 -0400] "GET / HTTP/1.1" 200 114703 "-" "Mozilla/5.0 (Macintosh; PPC Mac OS X 10_5_4 rv:2.0; sl-SI) AppleWebKit/535.22.5 (KHTML, like Gecko) Version/5.0.3 Safari/535.22.5"
82.202.165.119 - - [05/Jul/2021:17:49:25 -0400] "POST / HTTP/1.1" 200 114916 "-" "Mozilla/5.0 (Macintosh; PPC Mac OS X 10_5_4 rv:2.0; sl-SI) AppleWebKit/535.22.5 (KHTML, like Gecko) Version/5.0.3 Safari/535.22.5"
82.202.165.119 - - [05/Jul/2021:17:49:25 -0400] "GET /affiliate-home/affiliate-register HTTP/1.1" 200 86064 "-" "Mozilla/5.0 (Macintosh; PPC Mac OS X 10_5_4 rv:2.0; sl-SI) AppleWebKit/535.22.5 (KHTML, like Gecko) Version/5.0.3 Safari/535.22.5"
82.202.165.119 - - [05/Jul/2021:17:49:26 -0400] "POST /affiliate-home/affiliate-register HTTP/1.1" 200 69411 "-" "Mozilla/5.0 (Macintosh; PPC Mac OS X 10_5_4 rv:2.0; sl-SI) AppleWebKit/535.22.5 (KHTML, like Gecko) Version/5.0.3 Safari/535.22.5"
82.202.165.119 - - [05/Jul/2021:17:49:27 -0400] "GET /contact-us HTTP/1.1" 200 67032 "-" "Mozilla/5.0 (Macintosh; PPC Mac OS X 10_5_4 rv:2.0; sl-SI) AppleWebKit/535.22.5 (KHTML, like Gecko) Version/5.0.3 Safari/535.22.5"
82.202.165.119 - - [05/Jul/2021:17:49:28 -0400] "POST /contact-us HTTP/1.1" 200 68592 "-" "Mozilla/5.0 (Macintosh; PPC Mac OS X 10_5_4 rv:2.0; sl-SI) AppleWebKit/535.22.5 (KHTML, like Gecko) Version/5.0.3 Safari/535.22.5"
204.48.19.85 - - [05/Jul/2021:18:01:22 -0400] "POST /wp-cron.php?doing_wp_cron=1625522482.6290249824523925781250 HTTP/1.1" 200 6350 "https://angelsonhighstreet.com/wp-cron.php?doing_wp_cron=1625522482.6290249824523925781250" "WordPress/5.7.2; https://angelsonhighstreet.com"
54.36.148.180 - - [05/Jul/2021:18:01:22 -0400] "GET /product-category/salves?product_order=asc&product_orderby=rating&product_count=32&product_view=grid HTTP/1.1" 200 21495 "-" "Mozilla/5.0 (compatible; AhrefsBot/7.0; +http://ahrefs.com/robot/)"
204.48.19.85 - - [05/Jul/2021:18:03:27 -0400] "POST /wp-cron.php?doing_wp_cron=1625522607.6867780685424804687500 HTTP/1.1" 200 6350 "https://angelsonhighstreet.com/wp-cron.php?doing_wp_cron=1625522607.6867780685424804687500" "WordPress/5.7.2; https://angelsonhighstreet.com"
54.36.148.16 - - [05/Jul/2021:18:03:27 -0400] "GET /product-category/oils?product_view=list&product_count=32&product_orderby=name&product_order=asc HTTP/1.1" 200 21525 "-" "Mozilla/5.0 (compatible; AhrefsBot/7.0; +http://ahrefs.com/robot/)"
204.48.19.85 - - [05/Jul/2021:18:05:31 -0400] "POST /wp-cron.php?doing_wp_cron=1625522731.8050949573516845703125 HTTP/1.1" 200 6350 "https://angelsonhighstreet.com/wp-cron.php?doing_wp_cron=1625522731.8050949573516845703125" "WordPress/5.7.2; https://angelsonhighstreet.com"
54.36.148.99 - - [05/Jul/2021:18:05:31 -0400] "GET /product-category/oils?product_count=48&product_orderby=date&product_view=list&product_order=asc HTTP/1.1" 200 21518 "-" "Mozilla/5.0 (compatible; AhrefsBot/7.0; +http://ahrefs.com/robot/)"
204.48.19.85 - - [05/Jul/2021:18:07:35 -0400] "POST /wp-cron.php?doing_wp_cron=1625522855.6333439350128173828125 HTTP/1.1" 200 6350 "https://angelsonhighstreet.com/wp-cron.php?doing_wp_cron=1625522855.6333439350128173828125" "WordPress/5.7.2; https://angelsonhighstreet.com"
54.36.148.34 - - [05/Jul/2021:18:07:35 -0400] "GET /product-category/oils?product_count=16&product_view=grid&product_orderby=price&product_order=desc HTTP/1.1" 200 21268 "-" "Mozilla/5.0 (compatible; AhrefsBot/7.0; +http://ahrefs.com/robot/)"
204.48.19.85 - - [05/Jul/2021:18:09:39 -0400] "POST /wp-cron.php?doing_wp_cron=1625522979.0982971191406250000000 HTTP/1.1" 200 6350 "https://angelsonhighstreet.com/wp-cron.php?doing_wp_cron=1625522979.0982971191406250000000" "WordPress/5.7.2; https://angelsonhighstreet.com"
54.36.148.1 - - [05/Jul/2021:18:09:38 -0400] "GET /product-category/oils?product_view=list&product_count=32&product_orderby=date&product_order=desc HTTP/1.1" 200 21533 "-" "Mozilla/5.0 (compatible; AhrefsBot/7.0; +http://ahrefs.com/robot/)"
204.48.19.85 - - [05/Jul/2021:18:11:50 -0400] "POST /wp-cron.php?doing_wp_cron=1625523110.8665199279785156250000 HTTP/1.1" 200 6350 "https://angelsonhighstreet.com/wp-cron.php?doing_wp_cron=1625523110.8665199279785156250000" "WordPress/5.7.2; https://angelsonhighstreet.com"
54.36.148.176 - - [05/Jul/2021:18:11:50 -0400] "GET /product-category/oils?product_orderby=price&product_count=32&product_view=list&product_order=desc HTTP/1.1" 200 21543 "-" "Mozilla/5.0 (compatible; AhrefsBot/7.0; +http://ahrefs.com/robot/)"
204.48.19.85 - - [05/Jul/2021:18:14:25 -0400] "POST /wp-cron.php?doing_wp_cron=1625523265.6083300113677978515625 HTTP/1.1" 200 6350 "https://angelsonhighstreet.com/wp-cron.php?doing_wp_cron=1625523265.6083300113677978515625" "WordPress/5.7.2; https://angelsonhighstreet.com"
54.36.148.224 - - [05/Jul/2021:18:14:25 -0400] "GET /product-category/oils?product_count=16&product_orderby=default&product_view=list&product_order=asc HTTP/1.1" 200 21517 "-" "Mozilla/5.0 (compatible; AhrefsBot/7.0; +http://ahrefs.com/robot/)"
204.48.19.85 - - [05/Jul/2021:18:17:20 -0400] "POST /wp-cron.php?doing_wp_cron=1625523440.3380310535430908203125 HTTP/1.1" 200 6350 "https://angelsonhighstreet.com/wp-cron.php?doing_wp_cron=1625523440.3380310535430908203125" "WordPress/5.7.2; https://angelsonhighstreet.com"
54.36.148.190 - - [05/Jul/2021:18:17:20 -0400] "GET /product-category/oils?product_orderby=price&product_count=16&product_view=list&product_order=desc HTTP/1.1" 200 21557 "-" "Mozilla/5.0 (compatible; AhrefsBot/7.0; +http://ahrefs.com/robot/)"
204.48.19.85 - - [05/Jul/2021:18:20:21 -0400] "POST /wp-cron.php?doing_wp_cron=1625523621.8249449729919433593750 HTTP/1.1" 200 6350 "https://angelsonhighstreet.com/wp-cron.php?doing_wp_cron=1625523621.8249449729919433593750" "WordPress/5.7.2; https://angelsonhighstreet.com"
54.36.148.196 - - [05/Jul/2021:18:20:21 -0400] "GET /product-category/oils?product_orderby=default&product_count=16&product_view=list&product_order=desc HTTP/1.1" 200 21544 "-" "Mozilla/5.0 (compatible; AhrefsBot/7.0; +http://ahrefs.com/robot/)"
204.48.19.85 - - [05/Jul/2021:18:23:08 -0400] "POST /wp-cron.php?doing_wp_cron=1625523788.9450008869171142578125 HTTP/1.1" 200 6350 "https://angelsonhighstreet.com/wp-cron.php?doing_wp_cron=1625523788.9450008869171142578125" "WordPress/5.7.2; https://angelsonhighstreet.com"
54.36.149.4 - - [05/Jul/2021:18:23:08 -0400] "GET /product-category/oils?product_orderby=price&product_view=grid&product_count=16&product_order=desc HTTP/1.1" 200 21244 "-" "Mozilla/5.0 (compatible; AhrefsBot/7.0; +http://ahrefs.com/robot/)"
204.48.19.85 - - [05/Jul/2021:18:25:56 -0400] "POST /wp-cron.php?doing_wp_cron=1625523956.2246670722961425781250 HTTP/1.1" 200 6350 "https://angelsonhighstreet.com/wp-cron.php?doing_wp_cron=1625523956.2246670722961425781250" "WordPress/5.7.2; https://angelsonhighstreet.com"
54.36.148.26 - - [05/Jul/2021:18:25:56 -0400] "GET /product-category/oils?product_view=grid&product_orderby=name&product_count=32&product_order=desc HTTP/1.1" 200 21283 "-" "Mozilla/5.0 (compatible; AhrefsBot/7.0; +http://ahrefs.com/robot/)"
204.48.19.85 - - [05/Jul/2021:18:28:48 -0400] "POST /wp-cron.php?doing_wp_cron=1625524128.0819709300994873046875 HTTP/1.1" 200 6350 "https://angelsonhighstreet.com/wp-cron.php?doing_wp_cron=1625524128.0819709300994873046875" "WordPress/5.7.2; https://angelsonhighstreet.com"
54.36.148.16 - - [05/Jul/2021:18:28:47 -0400] "GET /product-category/oils?product_view=grid&product_count=48&product_orderby=default&product_order=desc HTTP/1.1" 200 21262 "-" "Mozilla/5.0 (compatible; AhrefsBot/7.0; +http://ahrefs.com/robot/)"
204.48.19.85 - - [05/Jul/2021:18:31:32 -0400] "POST /wp-cron.php?doing_wp_cron=1625524292.1445319652557373046875 HTTP/1.1" 200 6350 "https://angelsonhighstreet.com/wp-cron.php?doing_wp_cron=1625524292.1445319652557373046875" "WordPress/5.7.2; https://angelsonhighstreet.com"
54.36.148.162 - - [05/Jul/2021:18:31:32 -0400] "GET /product-category/oils?product_count=32&product_orderby=popularity&product_view=list&product_order=asc HTTP/1.1" 200 21509 "-" "Mozilla/5.0 (compatible; AhrefsBot/7.0; +http://ahrefs.com/robot/)"
204.48.19.85 - - [05/Jul/2021:18:34:24 -0400] "POST /wp-cron.php?doing_wp_cron=1625524464.6715970039367675781250 HTTP/1.1" 200 6350 "https://angelsonhighstreet.com/wp-cron.php?doing_wp_cron=1625524464.6715970039367675781250" "WordPress/5.7.2; https://angelsonhighstreet.com"
54.36.148.120 - - [05/Jul/2021:18:34:24 -0400] "GET /product-category/oils?product_count=48&product_orderby=rating&product_view=list&product_order=asc HTTP/1.1" 200 21553 "-" "Mozilla/5.0 (compatible; AhrefsBot/7.0; +http://ahrefs.com/robot/)"
204.48.19.85 - - [05/Jul/2021:18:37:14 -0400] "POST /wp-cron.php?doing_wp_cron=1625524634.2185640335083007812500 HTTP/1.1" 200 6350 "https://angelsonhighstreet.com/wp-cron.php?doing_wp_cron=1625524634.2185640335083007812500" "WordPress/5.7.2; https://angelsonhighstreet.com"
54.36.148.8 - - [05/Jul/2021:18:37:14 -0400] "GET /product-category/oils?product_view=grid&product_count=48&product_orderby=date&product_order=asc HTTP/1.1" 200 21226 "-" "Mozilla/5.0 (compatible; AhrefsBot/7.0; +http://ahrefs.com/robot/)"
204.48.19.85 - - [05/Jul/2021:18:40:01 -0400] "POST /wp-cron.php?doing_wp_cron=1625524801.8746769428253173828125 HTTP/1.1" 200 6350 "https://angelsonhighstreet.com/wp-cron.php?doing_wp_cron=1625524801.8746769428253173828125" "WordPress/5.7.2; https://angelsonhighstreet.com"
54.36.148.151 - - [05/Jul/2021:18:40:01 -0400] "GET /product-category/oils?product_orderby=default&product_view=grid&product_count=32&product_order=desc HTTP/1.1" 200 21268 "-" "Mozilla/5.0 (compatible; AhrefsBot/7.0; +http://ahrefs.com/robot/)"
204.48.19.85 - - [05/Jul/2021:18:41:50 -0400] "POST /wp-cron.php?doing_wp_cron=1625524910.7475221157073974609375 HTTP/1.1" 200 6350 "https://angelsonhighstreet.com/wp-cron.php?doing_wp_cron=1625524910.7475221157073974609375" "WordPress/5.7.2; https://angelsonhighstreet.com"
207.46.13.71 - - [05/Jul/2021:18:41:50 -0400] "GET /shop-full-width?product_count=48&product_orderby=popularity&product_view=grid HTTP/1.1" 200 21538 "-" "Mozilla/5.0 (compatible; bingbot/2.0; +http://www.bing.com/bingbot.htm)"
204.48.19.85 - - [05/Jul/2021:18:42:53 -0400] "POST /wp-cron.php?doing_wp_cron=1625524973.4333488941192626953125 HTTP/1.1" 200 6350 "https://angelsonhighstreet.com/wp-cron.php?doing_wp_cron=1625524973.4333488941192626953125" "WordPress/5.7.2; https://angelsonhighstreet.com"
54.36.148.191 - - [05/Jul/2021:18:42:53 -0400] "GET /product-category/oils?product_count=16&product_view=list&product_orderby=rating&product_order=desc HTTP/1.1" 200 21568 "-" "Mozilla/5.0 (compatible; AhrefsBot/7.0; +http://ahrefs.com/robot/)"
204.48.19.85 - - [05/Jul/2021:18:45:42 -0400] "POST /wp-cron.php?doing_wp_cron=1625525142.4429349899291992187500 HTTP/1.1" 200 6350 "https://angelsonhighstreet.com/wp-cron.php?doing_wp_cron=1625525142.4429349899291992187500" "WordPress/5.7.2; https://angelsonhighstreet.com"
54.36.148.18 - - [05/Jul/2021:18:45:42 -0400] "GET /product-category/oils?product_count=16&product_view=list&product_orderby=popularity&product_order=asc HTTP/1.1" 200 21528 "-" "Mozilla/5.0 (compatible; AhrefsBot/7.0; +http://ahrefs.com/robot/)"
204.48.19.85 - - [05/Jul/2021:18:48:25 -0400] "POST /wp-cron.php?doing_wp_cron=1625525305.3684020042419433593750 HTTP/1.1" 200 6350 "https://angelsonhighstreet.com/wp-cron.php?doing_wp_cron=1625525305.3684020042419433593750" "WordPress/5.7.2; https://angelsonhighstreet.com"
54.36.148.39 - - [05/Jul/2021:18:48:25 -0400] "GET /product-category/salves?product_order=asc&product_orderby=price&product_count=16&product_view=grid HTTP/1.1" 200 21486 "-" "Mozilla/5.0 (compatible; AhrefsBot/7.0; +http://ahrefs.com/robot/)"
204.48.19.85 - - [05/Jul/2021:18:51:16 -0400] "POST /wp-cron.php?doing_wp_cron=1625525476.7677021026611328125000 HTTP/1.1" 200 6350 "https://angelsonhighstreet.com/wp-cron.php?doing_wp_cron=1625525476.7677021026611328125000" "WordPress/5.7.2; https://angelsonhighstreet.com"
54.36.148.231 - - [05/Jul/2021:18:51:16 -0400] "GET /product-category/oils?product_count=32&product_view=grid&product_orderby=name&product_order=desc HTTP/1.1" 200 21239 "-" "Mozilla/5.0 (compatible; AhrefsBot/7.0; +http://ahrefs.com/robot/)"
204.48.19.85 - - [05/Jul/2021:18:54:00 -0400] "POST /wp-cron.php?doing_wp_cron=1625525640.4988770484924316406250 HTTP/1.1" 200 6350 "https://angelsonhighstreet.com/wp-cron.php?doing_wp_cron=1625525640.4988770484924316406250" "WordPress/5.7.2; https://angelsonhighstreet.com"
54.36.148.176 - - [05/Jul/2021:18:54:00 -0400] "GET /product-category/oils?product_count=16&product_view=list&product_orderby=date&product_order=asc HTTP/1.1" 200 21527 "-" "Mozilla/5.0 (compatible; AhrefsBot/7.0; +http://ahrefs.com/robot/)"
204.48.19.85 - - [05/Jul/2021:18:56:59 -0400] "POST /wp-cron.php?doing_wp_cron=1625525819.4871869087219238281250 HTTP/1.1" 200 6350 "https://angelsonhighstreet.com/wp-cron.php?doing_wp_cron=1625525819.4871869087219238281250" "WordPress/5.7.2; https://angelsonhighstreet.com"
54.36.149.75 - - [05/Jul/2021:18:56:59 -0400] "GET /product-category/oils?product_view=grid&product_count=32&product_orderby=popularity&product_order=asc HTTP/1.1" 200 21245 "-" "Mozilla/5.0 (compatible; AhrefsBot/7.0; +http://ahrefs.com/robot/)"
204.48.19.85 - - [05/Jul/2021:18:59:53 -0400] "POST /wp-cron.php?doing_wp_cron=1625525993.7832529544830322265625 HTTP/1.1" 200 6350 "https://angelsonhighstreet.com/wp-cron.php?doing_wp_cron=1625525993.7832529544830322265625" "WordPress/5.7.2; https://angelsonhighstreet.com"
54.36.149.55 - - [05/Jul/2021:18:59:53 -0400] "GET /product-category/salves?product_order=asc&product_orderby=rating&product_count=32&product_view=list HTTP/1.1" 200 21671 "-" "Mozilla/5.0 (compatible; AhrefsBot/7.0; +http://ahrefs.com/robot/)"
204.48.19.85 - - [05/Jul/2021:19:02:54 -0400] "POST /wp-cron.php?doing_wp_cron=1625526174.9557769298553466796875 HTTP/1.1" 200 6350 "https://angelsonhighstreet.com/wp-cron.php?doing_wp_cron=1625526174.9557769298553466796875" "WordPress/5.7.2; https://angelsonhighstreet.com"
54.36.148.11 - - [05/Jul/2021:19:02:54 -0400] "GET /product-category/oils?product_count=16&product_view=list&product_orderby=popularity&product_order=desc HTTP/1.1" 200 21523 "-" "Mozilla/5.0 (compatible; AhrefsBot/7.0; +http://ahrefs.com/robot/)"
204.48.19.85 - - [05/Jul/2021:19:05:14 -0400] "POST /wp-cron.php?doing_wp_cron=1625526314.1689770221710205078125 HTTP/1.1" 200 6350 "https://angelsonhighstreet.com/wp-cron.php?doing_wp_cron=1625526314.1689770221710205078125" "WordPress/5.7.2; https://angelsonhighstreet.com"
54.36.148.112 - - [05/Jul/2021:19:05:14 -0400] "GET /product-category/oils?product_count=16&product_view=list&product_orderby=date&product_order=desc HTTP/1.1" 200 21539 "-" "Mozilla/5.0 (compatible; AhrefsBot/7.0; +http://ahrefs.com/robot/)"
204.48.19.85 - - [05/Jul/2021:19:07:33 -0400] "POST /wp-cron.php?doing_wp_cron=1625526453.1571490764617919921875 HTTP/1.1" 200 6350 "https://angelsonhighstreet.com/wp-cron.php?doing_wp_cron=1625526453.1571490764617919921875" "WordPress/5.7.2; https://angelsonhighstreet.com"
54.36.148.188 - - [05/Jul/2021:19:07:33 -0400] "GET /product-category/oils?product_orderby=rating&product_view=list&product_count=48&product_order=asc HTTP/1.1" 200 21536 "-" "Mozilla/5.0 (compatible; AhrefsBot/7.0; +http://ahrefs.com/robot/)"
204.48.19.85 - - [05/Jul/2021:19:09:50 -0400] "POST /wp-cron.php?doing_wp_cron=1625526590.9637889862060546875000 HTTP/1.1" 200 6350 "https://angelsonhighstreet.com/wp-cron.php?doing_wp_cron=1625526590.9637889862060546875000" "WordPress/5.7.2; https://angelsonhighstreet.com"
54.36.148.156 - - [05/Jul/2021:19:09:50 -0400] "GET /product-category/oils?product_count=16&product_view=grid&product_orderby=rating&product_order=desc HTTP/1.1" 200 21237 "-" "Mozilla/5.0 (compatible; AhrefsBot/7.0; +http://ahrefs.com/robot/)"
204.48.19.85 - - [05/Jul/2021:19:12:14 -0400] "POST /wp-cron.php?doing_wp_cron=1625526734.6189808845520019531250 HTTP/1.1" 200 6350 "https://angelsonhighstreet.com/wp-cron.php?doing_wp_cron=1625526734.6189808845520019531250" "WordPress/5.7.2; https://angelsonhighstreet.com"
54.36.149.34 - - [05/Jul/2021:19:12:14 -0400] "GET /product-category/oils?product_count=16&product_view=grid&product_orderby=date&product_order=asc HTTP/1.1" 200 21224 "-" "Mozilla/5.0 (compatible; AhrefsBot/7.0; +http://ahrefs.com/robot/)"
204.48.19.85 - - [05/Jul/2021:19:14:22 -0400] "POST /wp-cron.php?doing_wp_cron=1625526862.7000970840454101562500 HTTP/1.1" 200 6350 "https://angelsonhighstreet.com/wp-cron.php?doing_wp_cron=1625526862.7000970840454101562500" "WordPress/5.7.2; https://angelsonhighstreet.com"
54.36.148.199 - - [05/Jul/2021:19:14:22 -0400] "GET /product-category/salves?product_order=asc&product_orderby=default&product_count=32&product_view=list HTTP/1.1" 200 21368 "-" "Mozilla/5.0 (compatible; AhrefsBot/7.0; +http://ahrefs.com/robot/)"
204.48.19.85 - - [05/Jul/2021:19:16:40 -0400] "POST /wp-cron.php?doing_wp_cron=1625527000.1528298854827880859375 HTTP/1.1" 200 6350 "https://angelsonhighstreet.com/wp-cron.php?doing_wp_cron=1625527000.1528298854827880859375" "WordPress/5.7.2; https://angelsonhighstreet.com"
54.36.148.166 - - [05/Jul/2021:19:16:40 -0400] "GET /product-category/oils?product_orderby=date&product_count=48&product_view=grid&product_order=desc HTTP/1.1" 200 21261 "-" "Mozilla/5.0 (compatible; AhrefsBot/7.0; +http://ahrefs.com/robot/)"
204.48.19.85 - - [05/Jul/2021:19:18:44 -0400] "POST /wp-cron.php?doing_wp_cron=1625527124.4991700649261474609375 HTTP/1.1" 200 6350 "https://angelsonhighstreet.com/wp-cron.php?doing_wp_cron=1625527124.4991700649261474609375" "WordPress/5.7.2; https://angelsonhighstreet.com"
54.36.149.51 - - [05/Jul/2021:19:18:44 -0400] "GET /product-category/oils?product_orderby=date&product_count=48&product_view=list&product_order=desc HTTP/1.1" 200 21568 "-" "Mozilla/5.0 (compatible; AhrefsBot/7.0; +http://ahrefs.com/robot/)"
204.48.19.85 - - [05/Jul/2021:19:20:50 -0400] "POST /wp-cron.php?doing_wp_cron=1625527250.7098689079284667968750 HTTP/1.1" 200 6350 "https://angelsonhighstreet.com/wp-cron.php?doing_wp_cron=1625527250.7098689079284667968750" "WordPress/5.7.2; https://angelsonhighstreet.com"
54.36.148.118 - - [05/Jul/2021:19:20:50 -0400] "GET /product-category/salves?product_order=asc&product_orderby=price&product_count=32&product_view=grid HTTP/1.1" 200 21241 "-" "Mozilla/5.0 (compatible; AhrefsBot/7.0; +http://ahrefs.com/robot/)"
204.48.19.85 - - [05/Jul/2021:19:23:11 -0400] "POST /wp-cron.php?doing_wp_cron=1625527391.1572699546813964843750 HTTP/1.1" 200 6350 "https://angelsonhighstreet.com/wp-cron.php?doing_wp_cron=1625527391.1572699546813964843750" "WordPress/5.7.2; https://angelsonhighstreet.com"
54.36.148.231 - - [05/Jul/2021:19:23:11 -0400] "GET /product-category/oils?product_view=list&product_count=32&product_orderby=price&product_order=asc HTTP/1.1" 200 21523 "-" "Mozilla/5.0 (compatible; AhrefsBot/7.0; +http://ahrefs.com/robot/)"
204.48.19.85 - - [05/Jul/2021:19:25:18 -0400] "POST /wp-cron.php?doing_wp_cron=1625527518.5994179248809814453125 HTTP/1.1" 200 6350 "https://angelsonhighstreet.com/wp-cron.php?doing_wp_cron=1625527518.5994179248809814453125" "WordPress/5.7.2; https://angelsonhighstreet.com"
54.36.149.66 - - [05/Jul/2021:19:25:18 -0400] "GET /product-category/oils?product_count=32&product_view=list&product_orderby=name&product_order=desc HTTP/1.1" 200 21532 "-" "Mozilla/5.0 (compatible; AhrefsBot/7.0; +http://ahrefs.com/robot/)"
204.48.19.85 - - [05/Jul/2021:19:27:31 -0400] "POST /wp-cron.php?doing_wp_cron=1625527651.7104060649871826171875 HTTP/1.1" 200 6350 "https://angelsonhighstreet.com/wp-cron.php?doing_wp_cron=1625527651.7104060649871826171875" "WordPress/5.7.2; https://angelsonhighstreet.com"
54.36.148.91 - - [05/Jul/2021:19:27:31 -0400] "GET /product-category/salves?product_order=asc&product_count=32&product_view=list&product_orderby=popularity HTTP/1.1" 200 21665 "-" "Mozilla/5.0 (compatible; AhrefsBot/7.0; +http://ahrefs.com/robot/)"
204.48.19.85 - - [05/Jul/2021:19:29:47 -0400] "POST /wp-cron.php?doing_wp_cron=1625527787.4684000015258789062500 HTTP/1.1" 200 6350 "https://angelsonhighstreet.com/wp-cron.php?doing_wp_cron=1625527787.4684000015258789062500" "WordPress/5.7.2; https://angelsonhighstreet.com"
54.36.149.34 - - [05/Jul/2021:19:29:47 -0400] "GET /product-category/oils?product_orderby=date&product_count=16&product_view=grid&product_order=desc HTTP/1.1" 200 21229 "-" "Mozilla/5.0 (compatible; AhrefsBot/7.0; +http://ahrefs.com/robot/)"
204.48.19.85 - - [05/Jul/2021:19:30:10 -0400] "POST /wp-cron.php?doing_wp_cron=1625527810.6105101108551025390625 HTTP/1.1" 200 6350 "https://angelsonhighstreet.com/wp-cron.php?doing_wp_cron=1625527810.6105101108551025390625" "WordPress/5.7.2; https://angelsonhighstreet.com"
185.191.34.215 - - [05/Jul/2021:19:30:10 -0400] "POST /ludk.php HTTP/1.1" 404 20485 "-" "Mozilla/5.0 (Windows NT 10.0; Win64; x64) AppleWebKit/537.36 (KHTML, like Gecko) Chrome/74.0.3729.169 Safari/537.36"
204.48.19.85 - - [05/Jul/2021:19:31:53 -0400] "POST /wp-cron.php?doing_wp_cron=1625527913.1836919784545898437500 HTTP/1.1" 200 6350 "https://angelsonhighstreet.com/wp-cron.php?doing_wp_cron=1625527913.1836919784545898437500" "WordPress/5.7.2; https://angelsonhighstreet.com"
54.36.148.14 - - [05/Jul/2021:19:31:53 -0400] "GET /product-category/oils?product_orderby=date&product_view=list&product_count=16&product_order=desc HTTP/1.1" 200 21539 "-" "Mozilla/5.0 (compatible; AhrefsBot/7.0; +http://ahrefs.com/robot/)"
204.48.19.85 - - [05/Jul/2021:19:34:12 -0400] "POST /wp-cron.php?doing_wp_cron=1625528052.6884539127349853515625 HTTP/1.1" 200 6350 "https://angelsonhighstreet.com/wp-cron.php?doing_wp_cron=1625528052.6884539127349853515625" "WordPress/5.7.2; https://angelsonhighstreet.com"
54.36.149.65 - - [05/Jul/2021:19:34:12 -0400] "GET /product-category/oils?product_orderby=popularity&product_count=48&product_view=list&product_order=desc HTTP/1.1" 200 21544 "-" "Mozilla/5.0 (compatible; AhrefsBot/7.0; +http://ahrefs.com/robot/)"
