185.25.48.30 - - [01/Jul/2021:16:36:36 -0400] "GET / HTTP/1.1" 200 113901 "-" "Mozilla/5.0 (Macintosh; U; Intel Mac OS X 10_5_3 rv:5.0; en-US) AppleWebKit/534.2.1 (KHTML, like Gecko) Version/4.0.3 Safari/534.2.1"
185.25.48.30 - - [01/Jul/2021:16:36:37 -0400] "POST / HTTP/1.1" 200 115422 "-" "Mozilla/5.0 (Macintosh; U; Intel Mac OS X 10_5_3 rv:5.0; en-US) AppleWebKit/534.2.1 (KHTML, like Gecko) Version/4.0.3 Safari/534.2.1"
185.25.48.30 - - [01/Jul/2021:16:36:38 -0400] "GET /affiliate-home/affiliate-register HTTP/1.1" 200 85290 "-" "Mozilla/5.0 (Macintosh; U; Intel Mac OS X 10_5_3 rv:5.0; en-US) AppleWebKit/534.2.1 (KHTML, like Gecko) Version/4.0.3 Safari/534.2.1"
185.25.48.30 - - [01/Jul/2021:16:36:38 -0400] "POST /affiliate-home/affiliate-register HTTP/1.1" 200 68617 "-" "Mozilla/5.0 (Macintosh; U; Intel Mac OS X 10_5_3 rv:5.0; en-US) AppleWebKit/534.2.1 (KHTML, like Gecko) Version/4.0.3 Safari/534.2.1"
185.25.48.30 - - [01/Jul/2021:16:36:39 -0400] "GET /contact-us HTTP/1.1" 200 66230 "-" "Mozilla/5.0 (Macintosh; U; Intel Mac OS X 10_5_3 rv:5.0; en-US) AppleWebKit/534.2.1 (KHTML, like Gecko) Version/4.0.3 Safari/534.2.1"
185.25.48.30 - - [01/Jul/2021:16:36:40 -0400] "POST /contact-us HTTP/1.1" 200 67805 "-" "Mozilla/5.0 (Macintosh; U; Intel Mac OS X 10_5_3 rv:5.0; en-US) AppleWebKit/534.2.1 (KHTML, like Gecko) Version/4.0.3 Safari/534.2.1"
35.185.53.32 - - [01/Jul/2021:16:36:51 -0400] "GET /bath-bombs HTTP/1.0" 404 18657 "-" "ZoominfoBot (zoominfobot at zoominfo dot com)"
204.48.19.85 - - [01/Jul/2021:16:38:36 -0400] "POST /wp-cron.php?doing_wp_cron=1625171916.0421669483184814453125 HTTP/1.1" 200 5548 "https://angelsonhighstreet.com/wp-cron.php?doing_wp_cron=1625171916.0421669483184814453125" "WordPress/5.7.2; https://angelsonhighstreet.com"
35.185.53.32 - - [01/Jul/2021:16:38:35 -0400] "GET /shop-full-width HTTP/1.0" 200 20397 "-" "ZoominfoBot (zoominfobot at zoominfo dot com)"
204.48.19.85 - - [01/Jul/2021:16:39:56 -0400] "POST /wp-cron.php?doing_wp_cron=1625171996.9694468975067138671875 HTTP/1.1" 200 5548 "https://angelsonhighstreet.com/wp-cron.php?doing_wp_cron=1625171996.9694468975067138671875" "WordPress/5.7.2; https://angelsonhighstreet.com"
54.36.149.18 - - [01/Jul/2021:16:39:56 -0400] "GET /product-category/oils?product_view=grid&product_order=asc&product_count=48&product_orderby=popularity HTTP/1.1" 200 20444 "-" "Mozilla/5.0 (compatible; AhrefsBot/7.0; +http://ahrefs.com/robot/)"
204.48.19.85 - - [01/Jul/2021:16:43:39 -0400] "POST /wp-cron.php?doing_wp_cron=1625172219.7504239082336425781250 HTTP/1.1" 200 5548 "https://angelsonhighstreet.com/wp-cron.php?doing_wp_cron=1625172219.7504239082336425781250" "WordPress/5.7.2; https://angelsonhighstreet.com"
54.36.149.18 - - [01/Jul/2021:16:43:39 -0400] "GET /product-category/oils?product_count=32&product_view=grid&product_order=asc&product_orderby=popularity HTTP/1.1" 200 20441 "-" "Mozilla/5.0 (compatible; AhrefsBot/7.0; +http://ahrefs.com/robot/)"
204.48.19.85 - - [01/Jul/2021:16:46:35 -0400] "POST /wp-cron.php?doing_wp_cron=1625172395.3467199802398681640625 HTTP/1.1" 200 5548 "https://angelsonhighstreet.com/wp-cron.php?doing_wp_cron=1625172395.3467199802398681640625" "WordPress/5.7.2; https://angelsonhighstreet.com"
35.185.53.32 - - [01/Jul/2021:16:46:35 -0400] "GET /feed HTTP/1.0" 200 5414 "-" "ZoominfoBot (zoominfobot at zoominfo dot com)"
204.48.19.85 - - [01/Jul/2021:16:47:19 -0400] "POST /wp-cron.php?doing_wp_cron=1625172439.3487460613250732421875 HTTP/1.1" 200 5548 "https://angelsonhighstreet.com/wp-cron.php?doing_wp_cron=1625172439.3487460613250732421875" "WordPress/5.7.2; https://angelsonhighstreet.com"
35.185.53.32 - - [01/Jul/2021:16:47:19 -0400] "GET /affiliate-home/affiliate-register HTTP/1.0" 200 23940 "-" "ZoominfoBot (zoominfobot at zoominfo dot com)"
54.36.148.89 - - [01/Jul/2021:16:47:20 -0400] "GET /product-category/oils?product_view=list&product_order=asc&product_count=16&product_orderby=name HTTP/1.1" 200 20736 "-" "Mozilla/5.0 (compatible; AhrefsBot/7.0; +http://ahrefs.com/robot/)"
204.48.19.85 - - [01/Jul/2021:16:48:40 -0400] "POST /wp-cron.php?doing_wp_cron=1625172520.6026868820190429687500 HTTP/1.1" 200 5548 "https://angelsonhighstreet.com/wp-cron.php?doing_wp_cron=1625172520.6026868820190429687500" "WordPress/5.7.2; https://angelsonhighstreet.com"
35.185.53.32 - - [01/Jul/2021:16:48:40 -0400] "GET /shop/2000mg-30ml-cbd-oil HTTP/1.0" 200 22344 "-" "ZoominfoBot (zoominfobot at zoominfo dot com)"
204.48.19.85 - - [01/Jul/2021:16:49:43 -0400] "POST /wp-cron.php?doing_wp_cron=1625172583.4999430179595947265625 HTTP/1.1" 200 5548 "https://angelsonhighstreet.com/wp-cron.php?doing_wp_cron=1625172583.4999430179595947265625" "WordPress/5.7.2; https://angelsonhighstreet.com"
35.185.53.32 - - [01/Jul/2021:16:49:43 -0400] "GET /about-us HTTP/1.0" 200 20111 "-" "ZoominfoBot (zoominfobot at zoominfo dot com)"
213.136.86.246 - - [01/Jul/2021:16:50:20 -0400] "GET /wp-content/plugins/wp-user-avatar/assets/css/hint.min.css HTTP/1.1" 301 672 "angelsonhighstreet.com" "Mozilla/5.0 (Windows NT 6.1; WOW64) AppleWebKit/537.36 (KHTML, like Gecko) Chrome/50.0.2661.75 Safari/537.36"
204.48.19.85 - - [01/Jul/2021:16:50:21 -0400] "POST /wp-cron.php?doing_wp_cron=1625172621.0357830524444580078125 HTTP/1.1" 200 5548 "https://angelsonhighstreet.com/wp-cron.php?doing_wp_cron=1625172621.0357830524444580078125" "WordPress/5.7.2; https://angelsonhighstreet.com"
213.136.86.246 - - [01/Jul/2021:16:50:20 -0400] "GET /wp-content/plugins/wp-user-avatar/assets/css/hint.min.css HTTP/1.1" 404 64553 "angelsonhighstreet.com" "Mozilla/5.0 (Windows NT 6.1; WOW64) AppleWebKit/537.36 (KHTML, like Gecko) Chrome/50.0.2661.75 Safari/537.36"
35.185.53.32 - - [01/Jul/2021:16:50:29 -0400] "GET /cart HTTP/1.0" 200 20904 "-" "ZoominfoBot (zoominfobot at zoominfo dot com)"
54.36.148.126 - - [01/Jul/2021:16:50:52 -0400] "GET /product-category/oils?product_count=32&product_view=grid&product_order=asc&product_orderby=rating HTTP/1.1" 200 20455 "-" "Mozilla/5.0 (compatible; AhrefsBot/7.0; +http://ahrefs.com/robot/)"
204.48.19.85 - - [01/Jul/2021:16:54:34 -0400] "POST /wp-cron.php?doing_wp_cron=1625172874.5970768928527832031250 HTTP/1.1" 200 5548 "https://angelsonhighstreet.com/wp-cron.php?doing_wp_cron=1625172874.5970768928527832031250" "WordPress/5.7.2; https://angelsonhighstreet.com"
54.36.149.18 - - [01/Jul/2021:16:54:34 -0400] "GET /product-category/oils?product_view=list&product_order=asc&product_count=32&product_orderby=default HTTP/1.1" 200 20737 "-" "Mozilla/5.0 (compatible; AhrefsBot/7.0; +http://ahrefs.com/robot/)"
35.185.53.32 - - [01/Jul/2021:16:54:45 -0400] "GET /affiliate-home HTTP/1.0" 200 19178 "-" "ZoominfoBot (zoominfobot at zoominfo dot com)"
204.48.19.85 - - [01/Jul/2021:16:55:47 -0400] "POST /wp-cron.php?doing_wp_cron=1625172947.5049569606781005859375 HTTP/1.1" 200 5548 "https://angelsonhighstreet.com/wp-cron.php?doing_wp_cron=1625172947.5049569606781005859375" "WordPress/5.7.2; https://angelsonhighstreet.com"
66.249.66.35 - - [01/Jul/2021:16:55:47 -0400] "GET /apparel HTTP/1.1" 200 19647 "-" "Mozilla/5.0 (Linux; Android 6.0.1; Nexus 5X Build/MMB29P) AppleWebKit/537.36 (KHTML, like Gecko) Chrome/91.0.4472.90 Mobile Safari/537.36 (compatible; Googlebot/2.1; +http://www.google.com/bot.html)"
204.48.19.85 - - [01/Jul/2021:16:57:09 -0400] "POST /wp-cron.php?doing_wp_cron=1625173029.7541329860687255859375 HTTP/1.1" 200 5548 "https://angelsonhighstreet.com/wp-cron.php?doing_wp_cron=1625173029.7541329860687255859375" "WordPress/5.7.2; https://angelsonhighstreet.com"
35.185.53.32 - - [01/Jul/2021:16:57:09 -0400] "GET /affiliate-home/affiliate-login HTTP/1.0" 200 19060 "-" "ZoominfoBot (zoominfobot at zoominfo dot com)"
35.185.53.32 - - [01/Jul/2021:16:57:20 -0400] "GET /my-account HTTP/1.0" 200 20293 "-" "ZoominfoBot (zoominfobot at zoominfo dot com)"
35.185.53.32 - - [01/Jul/2021:16:57:45 -0400] "GET /what-is-cbd HTTP/1.0" 200 20511 "-" "ZoominfoBot (zoominfobot at zoominfo dot com)"
204.48.19.85 - - [01/Jul/2021:16:58:08 -0400] "POST /wp-cron.php?doing_wp_cron=1625173088.9677670001983642578125 HTTP/1.1" 200 5548 "https://angelsonhighstreet.com/wp-cron.php?doing_wp_cron=1625173088.9677670001983642578125" "WordPress/5.7.2; https://angelsonhighstreet.com"
54.36.148.62 - - [01/Jul/2021:16:58:08 -0400] "GET /product-category/salves?product_view=grid&product_order=asc&product_orderby=default HTTP/1.1" 200 20420 "-" "Mozilla/5.0 (compatible; AhrefsBot/7.0; +http://ahrefs.com/robot/)"
204.48.19.85 - - [01/Jul/2021:17:01:51 -0400] "POST /wp-cron.php?doing_wp_cron=1625173311.1323409080505371093750 HTTP/1.1" 200 5548 "https://angelsonhighstreet.com/wp-cron.php?doing_wp_cron=1625173311.1323409080505371093750" "WordPress/5.7.2; https://angelsonhighstreet.com"
54.36.149.2 - - [01/Jul/2021:17:01:50 -0400] "GET /product-category/oils?product_view=list&product_order=asc&product_count=48&product_orderby=date HTTP/1.1" 200 20759 "-" "Mozilla/5.0 (compatible; AhrefsBot/7.0; +http://ahrefs.com/robot/)"
204.48.19.85 - - [01/Jul/2021:17:05:34 -0400] "POST /wp-cron.php?doing_wp_cron=1625173534.5712049007415771484375 HTTP/1.1" 200 5548 "https://angelsonhighstreet.com/wp-cron.php?doing_wp_cron=1625173534.5712049007415771484375" "WordPress/5.7.2; https://angelsonhighstreet.com"
54.36.148.25 - - [01/Jul/2021:17:05:34 -0400] "GET /product-category/salves?product_view=grid&product_order=asc&product_orderby=date HTTP/1.1" 200 20420 "-" "Mozilla/5.0 (compatible; AhrefsBot/7.0; +http://ahrefs.com/robot/)"
204.48.19.85 - - [01/Jul/2021:17:09:12 -0400] "POST /wp-cron.php?doing_wp_cron=1625173752.7263729572296142578125 HTTP/1.1" 200 5548 "https://angelsonhighstreet.com/wp-cron.php?doing_wp_cron=1625173752.7263729572296142578125" "WordPress/5.7.2; https://angelsonhighstreet.com"
54.36.149.20 - - [01/Jul/2021:17:09:12 -0400] "GET /product-category/salves?product_view=grid&product_order=asc&product_orderby=name HTTP/1.1" 200 20421 "-" "Mozilla/5.0 (compatible; AhrefsBot/7.0; +http://ahrefs.com/robot/)"
204.48.19.85 - - [01/Jul/2021:17:12:49 -0400] "POST /wp-cron.php?doing_wp_cron=1625173969.6142671108245849609375 HTTP/1.1" 200 5548 "https://angelsonhighstreet.com/wp-cron.php?doing_wp_cron=1625173969.6142671108245849609375" "WordPress/5.7.2; https://angelsonhighstreet.com"
54.36.149.18 - - [01/Jul/2021:17:12:49 -0400] "GET /shop-full-width?product_count=16&product_orderby=date&product_view=grid&product_order=asc HTTP/1.1" 200 21149 "-" "Mozilla/5.0 (compatible; AhrefsBot/7.0; +http://ahrefs.com/robot/)"
204.48.19.85 - - [01/Jul/2021:17:15:28 -0400] "GET / HTTP/1.1" 200 25334 "https://angelsonhighstreet.com/" "WordPress/5.7.2; https://angelsonhighstreet.com"
204.48.19.85 - - [01/Jul/2021:17:15:28 -0400] "POST /wp-cron.php?doing_wp_cron=1625174128.4321570396423339843750 HTTP/1.1" 200 5548 "https://angelsonhighstreet.com/wp-cron.php?doing_wp_cron=1625174128.4321570396423339843750" "WordPress/5.7.2; https://angelsonhighstreet.com"
128.199.233.148 - - [01/Jul/2021:17:15:28 -0400] "POST /wp-login.php HTTP/1.1" 200 8130 "-" "Mozilla/5.0 (Windows NT 6.1; WOW64) AppleWebKit/537.36 (KHTML, like Gecko) Chrome/41.0.2272.101 Safari/537.36"
204.48.19.85 - - [01/Jul/2021:17:16:16 -0400] "POST /wp-cron.php?doing_wp_cron=1625174176.0029609203338623046875 HTTP/1.1" 200 5548 "https://angelsonhighstreet.com/wp-cron.php?doing_wp_cron=1625174176.0029609203338623046875" "WordPress/5.7.2; https://angelsonhighstreet.com"
54.36.148.45 - - [01/Jul/2021:17:16:15 -0400] "GET /product-category/salves?product_count=16&product_order=asc HTTP/1.1" 200 20640 "-" "Mozilla/5.0 (compatible; AhrefsBot/7.0; +http://ahrefs.com/robot/)"
204.48.19.85 - - [01/Jul/2021:17:18:17 -0400] "POST /wp-cron.php?doing_wp_cron=1625174297.8771550655364990234375 HTTP/1.1" 200 5548 "https://angelsonhighstreet.com/wp-cron.php?doing_wp_cron=1625174297.8771550655364990234375" "WordPress/5.7.2; https://angelsonhighstreet.com"
40.77.167.104 - - [01/Jul/2021:17:18:17 -0400] "GET /cbg-flower HTTP/1.1" 200 19279 "-" "Mozilla/5.0 (compatible; bingbot/2.0; +http://www.bing.com/bingbot.htm)"
204.48.19.85 - - [01/Jul/2021:17:20:01 -0400] "POST /wp-cron.php?doing_wp_cron=1625174401.9854578971862792968750 HTTP/1.1" 200 5548 "https://angelsonhighstreet.com/wp-cron.php?doing_wp_cron=1625174401.9854578971862792968750" "WordPress/5.7.2; https://angelsonhighstreet.com"
54.36.149.43 - - [01/Jul/2021:17:20:01 -0400] "GET /shop-full-width?product_count=16&product_orderby=date&product_view=list&product_order=asc HTTP/1.1" 200 21505 "-" "Mozilla/5.0 (compatible; AhrefsBot/7.0; +http://ahrefs.com/robot/)"
204.48.19.85 - - [01/Jul/2021:17:23:46 -0400] "POST /wp-cron.php?doing_wp_cron=1625174626.6657979488372802734375 HTTP/1.1" 200 5548 "https://angelsonhighstreet.com/wp-cron.php?doing_wp_cron=1625174626.6657979488372802734375" "WordPress/5.7.2; https://angelsonhighstreet.com"
54.36.148.231 - - [01/Jul/2021:17:23:46 -0400] "GET /product-category/salves?product_order=asc&product_view=list&product_count=32 HTTP/1.1" 200 20818 "-" "Mozilla/5.0 (compatible; AhrefsBot/7.0; +http://ahrefs.com/robot/)"
204.48.19.85 - - [01/Jul/2021:17:27:34 -0400] "POST /wp-cron.php?doing_wp_cron=1625174854.0058269500732421875000 HTTP/1.1" 200 5548 "https://angelsonhighstreet.com/wp-cron.php?doing_wp_cron=1625174854.0058269500732421875000" "WordPress/5.7.2; https://angelsonhighstreet.com"
54.36.148.148 - - [01/Jul/2021:17:27:33 -0400] "GET /shop-full-width?product_count=16&product_orderby=default&product_view=grid&product_order=desc HTTP/1.1" 200 21148 "-" "Mozilla/5.0 (compatible; AhrefsBot/7.0; +http://ahrefs.com/robot/)"
204.48.19.85 - - [01/Jul/2021:17:31:20 -0400] "POST /wp-cron.php?doing_wp_cron=1625175080.8294010162353515625000 HTTP/1.1" 200 5548 "https://angelsonhighstreet.com/wp-cron.php?doing_wp_cron=1625175080.8294010162353515625000" "WordPress/5.7.2; https://angelsonhighstreet.com"
108.170.26.130 - - [01/Jul/2021:17:31:20 -0400] "GET /wp-login.php HTTP/1.1" 200 7305 "-" "Mozilla/5.0 (X11; Ubuntu; Linux x86_64; rv:62.0) Gecko/20100101 Firefox/62.0"
108.170.26.130 - - [01/Jul/2021:17:31:21 -0400] "POST /wp-login.php HTTP/1.1" 200 7429 "-" "Mozilla/5.0 (X11; Ubuntu; Linux x86_64; rv:62.0) Gecko/20100101 Firefox/62.0"
108.170.26.130 - - [01/Jul/2021:17:31:21 -0400] "POST /xmlrpc.php HTTP/1.1" 200 5050 "-" "Mozilla/5.0 (X11; Ubuntu; Linux x86_64; rv:62.0) Gecko/20100101 Firefox/62.0"
204.48.19.85 - - [01/Jul/2021:17:36:20 -0400] "POST /wp-cron.php?doing_wp_cron=1625175380.5803599357604980468750 HTTP/1.1" 200 5548 "https://angelsonhighstreet.com/wp-cron.php?doing_wp_cron=1625175380.5803599357604980468750" "WordPress/5.7.2; https://angelsonhighstreet.com"
88.99.137.102 - - [01/Jul/2021:17:36:20 -0400] "GET /wp-login.php HTTP/1.1" 200 7305 "-" "Mozilla/5.0 (X11; Ubuntu; Linux x86_64; rv:62.0) Gecko/20100101 Firefox/62.0"
88.99.137.102 - - [01/Jul/2021:17:36:21 -0400] "POST /wp-login.php HTTP/1.1" 200 7429 "-" "Mozilla/5.0 (X11; Ubuntu; Linux x86_64; rv:62.0) Gecko/20100101 Firefox/62.0"
88.99.137.102 - - [01/Jul/2021:17:36:21 -0400] "POST /xmlrpc.php HTTP/1.1" 200 5050 "-" "Mozilla/5.0 (X11; Ubuntu; Linux x86_64; rv:62.0) Gecko/20100101 Firefox/62.0"
157.55.39.141 - - [01/Jul/2021:17:40:56 -0400] "GET /wp-content/uploads/2020/08/D37CB261-2BE3-4FB2-AE52-84F8AC85FF3A-400x533.jpeg HTTP/1.1" 200 42780 "-" "Mozilla/5.0 (compatible; bingbot/2.0; +http://www.bing.com/bingbot.htm)"
204.48.19.85 - - [01/Jul/2021:17:41:24 -0400] "POST /wp-cron.php?doing_wp_cron=1625175684.6732308864593505859375 HTTP/1.1" 200 5548 "https://angelsonhighstreet.com/wp-cron.php?doing_wp_cron=1625175684.6732308864593505859375" "WordPress/5.7.2; https://angelsonhighstreet.com"
103.130.213.36 - - [01/Jul/2021:17:41:24 -0400] "GET /wp-login.php HTTP/1.1" 200 7305 "-" "Mozilla/5.0 (X11; Ubuntu; Linux x86_64; rv:62.0) Gecko/20100101 Firefox/62.0"
103.130.213.36 - - [01/Jul/2021:17:41:25 -0400] "POST /wp-login.php HTTP/1.1" 200 7429 "-" "Mozilla/5.0 (X11; Ubuntu; Linux x86_64; rv:62.0) Gecko/20100101 Firefox/62.0"
103.130.213.36 - - [01/Jul/2021:17:41:26 -0400] "POST /xmlrpc.php HTTP/1.1" 200 5050 "-" "Mozilla/5.0 (X11; Ubuntu; Linux x86_64; rv:62.0) Gecko/20100101 Firefox/62.0"
204.48.19.85 - - [01/Jul/2021:17:42:33 -0400] "POST /wp-cron.php?doing_wp_cron=1625175753.1712069511413574218750 HTTP/1.1" 200 5548 "https://angelsonhighstreet.com/wp-cron.php?doing_wp_cron=1625175753.1712069511413574218750" "WordPress/5.7.2; https://angelsonhighstreet.com"
54.36.149.18 - - [01/Jul/2021:17:42:33 -0400] "GET /shop-full-width?product_count=16&product_orderby=default&product_view=list&product_order=desc HTTP/1.1" 200 21503 "-" "Mozilla/5.0 (compatible; AhrefsBot/7.0; +http://ahrefs.com/robot/)"
204.48.19.85 - - [01/Jul/2021:17:45:34 -0400] "POST /wp-cron.php?doing_wp_cron=1625175934.3307740688323974609375 HTTP/1.1" 200 5548 "https://angelsonhighstreet.com/wp-cron.php?doing_wp_cron=1625175934.3307740688323974609375" "WordPress/5.7.2; https://angelsonhighstreet.com"
157.55.39.65 - - [01/Jul/2021:17:45:34 -0400] "GET /shop-full-width?product_order=desc&product_view=list&product_orderby=date&product_count=32 HTTP/1.1" 200 21054 "-" "Mozilla/5.0 (compatible; bingbot/2.0; +http://www.bing.com/bingbot.htm)"
204.48.19.85 - - [01/Jul/2021:17:46:10 -0400] "POST /wp-cron.php?doing_wp_cron=1625175970.2494928836822509765625 HTTP/1.1" 200 5548 "https://angelsonhighstreet.com/wp-cron.php?doing_wp_cron=1625175970.2494928836822509765625" "WordPress/5.7.2; https://angelsonhighstreet.com"
54.36.148.5 - - [01/Jul/2021:17:46:10 -0400] "GET /product-category/salves?product_view=list&product_order=desc&product_orderby=default HTTP/1.1" 200 20823 "-" "Mozilla/5.0 (compatible; AhrefsBot/7.0; +http://ahrefs.com/robot/)"
204.48.19.85 - - [01/Jul/2021:17:48:45 -0400] "POST /wp-cron.php?doing_wp_cron=1625176125.5784668922424316406250 HTTP/1.1" 200 5548 "https://angelsonhighstreet.com/wp-cron.php?doing_wp_cron=1625176125.5784668922424316406250" "WordPress/5.7.2; https://angelsonhighstreet.com"
185.191.171.36 - - [01/Jul/2021:17:48:45 -0400] "GET /robots.txt HTTP/1.1" 200 5752 "-" "Mozilla/5.0 (compatible; SemrushBot/7~bl; +http://www.semrush.com/bot.html)"
185.191.171.36 - - [01/Jul/2021:17:48:45 -0400] "GET /product-category/salves?product_count=48&product_order=asc&product_view=list HTTP/1.1" 200 20818 "-" "Mozilla/5.0 (compatible; SemrushBot/7~bl; +http://www.semrush.com/bot.html)"
204.48.19.85 - - [01/Jul/2021:17:49:37 -0400] "POST /wp-cron.php?doing_wp_cron=1625176177.5097539424896240234375 HTTP/1.1" 200 5548 "https://angelsonhighstreet.com/wp-cron.php?doing_wp_cron=1625176177.5097539424896240234375" "WordPress/5.7.2; https://angelsonhighstreet.com"
54.36.149.24 - - [01/Jul/2021:17:49:37 -0400] "GET /product-category/salves?product_view=list&product_order=desc&product_orderby=date HTTP/1.1" 200 20843 "-" "Mozilla/5.0 (compatible; AhrefsBot/7.0; +http://ahrefs.com/robot/)"
204.48.19.85 - - [01/Jul/2021:17:50:31 -0400] "POST /wp-cron.php?doing_wp_cron=1625176231.9114971160888671875000 HTTP/1.1" 200 5548 "https://angelsonhighstreet.com/wp-cron.php?doing_wp_cron=1625176231.9114971160888671875000" "WordPress/5.7.2; https://angelsonhighstreet.com"
66.249.66.41 - - [01/Jul/2021:17:50:31 -0400] "GET /comments/feed HTTP/1.1" 304 5492 "-" "Mozilla/5.0 (compatible; Googlebot/2.1; +http://www.google.com/bot.html)"
165.22.61.95 - - [01/Jul/2021:17:50:38 -0400] "POST /wp-login.php HTTP/1.1" 200 7427 "-" "Mozilla/5.0 (X11; Ubuntu; Linux x86_64; rv:62.0) Gecko/20100101 Firefox/62.0"
165.22.61.95 - - [01/Jul/2021:17:50:39 -0400] "POST /xmlrpc.php HTTP/1.1" 200 5050 "-" "Mozilla/5.0 (X11; Ubuntu; Linux x86_64; rv:62.0) Gecko/20100101 Firefox/62.0"
204.48.19.85 - - [01/Jul/2021:17:53:08 -0400] "POST /wp-cron.php?doing_wp_cron=1625176388.6771860122680664062500 HTTP/1.1" 200 5548 "https://angelsonhighstreet.com/wp-cron.php?doing_wp_cron=1625176388.6771860122680664062500" "WordPress/5.7.2; https://angelsonhighstreet.com"
54.36.148.34 - - [01/Jul/2021:17:53:08 -0400] "GET /product-category/oils?product_view=list&product_order=asc&product_count=48&product_orderby=name HTTP/1.1" 200 20767 "-" "Mozilla/5.0 (compatible; AhrefsBot/7.0; +http://ahrefs.com/robot/)"
204.48.19.85 - - [01/Jul/2021:17:56:42 -0400] "POST /wp-cron.php?doing_wp_cron=1625176602.0123538970947265625000 HTTP/1.1" 200 5548 "https://angelsonhighstreet.com/wp-cron.php?doing_wp_cron=1625176602.0123538970947265625000" "WordPress/5.7.2; https://angelsonhighstreet.com"
54.36.149.18 - - [01/Jul/2021:17:56:41 -0400] "GET /shop-full-width?product_count=16&product_orderby=name&product_view=grid&product_order=desc HTTP/1.1" 200 21125 "-" "Mozilla/5.0 (compatible; AhrefsBot/7.0; +http://ahrefs.com/robot/)"
204.48.19.85 - - [01/Jul/2021:17:57:26 -0400] "POST /wp-cron.php?doing_wp_cron=1625176646.7076930999755859375000 HTTP/1.1" 200 5548 "https://angelsonhighstreet.com/wp-cron.php?doing_wp_cron=1625176646.7076930999755859375000" "WordPress/5.7.2; https://angelsonhighstreet.com"
128.199.187.225 - - [01/Jul/2021:17:57:26 -0400] "GET /wp-login.php HTTP/1.1" 200 7305 "-" "Mozilla/5.0 (X11; Ubuntu; Linux x86_64; rv:62.0) Gecko/20100101 Firefox/62.0"
128.199.187.225 - - [01/Jul/2021:17:57:27 -0400] "POST /wp-login.php HTTP/1.1" 200 7429 "-" "Mozilla/5.0 (X11; Ubuntu; Linux x86_64; rv:62.0) Gecko/20100101 Firefox/62.0"
128.199.187.225 - - [01/Jul/2021:17:57:29 -0400] "POST /xmlrpc.php HTTP/1.1" 200 5050 "-" "Mozilla/5.0 (X11; Ubuntu; Linux x86_64; rv:62.0) Gecko/20100101 Firefox/62.0"
204.48.19.85 - - [01/Jul/2021:18:00:13 -0400] "POST /wp-cron.php?doing_wp_cron=1625176813.4688050746917724609375 HTTP/1.1" 200 5548 "https://angelsonhighstreet.com/wp-cron.php?doing_wp_cron=1625176813.4688050746917724609375" "WordPress/5.7.2; https://angelsonhighstreet.com"
54.36.149.18 - - [01/Jul/2021:18:00:13 -0400] "GET /product-category/oils?product_view=list&product_order=asc&product_count=48&product_orderby=default HTTP/1.1" 200 20733 "-" "Mozilla/5.0 (compatible; AhrefsBot/7.0; +http://ahrefs.com/robot/)"
204.48.19.85 - - [01/Jul/2021:18:03:09 -0400] "POST /wp-cron.php?doing_wp_cron=1625176989.3641390800476074218750 HTTP/1.1" 200 5548 "https://angelsonhighstreet.com/wp-cron.php?doing_wp_cron=1625176989.3641390800476074218750" "WordPress/5.7.2; https://angelsonhighstreet.com"
34.197.142.103 - - [01/Jul/2021:18:03:09 -0400] "GET /wp-login.php HTTP/1.1" 200 7305 "-" "Mozilla/5.0 (X11; Ubuntu; Linux x86_64; rv:62.0) Gecko/20100101 Firefox/62.0"
34.197.142.103 - - [01/Jul/2021:18:03:09 -0400] "POST /wp-login.php HTTP/1.1" 200 7429 "-" "Mozilla/5.0 (X11; Ubuntu; Linux x86_64; rv:62.0) Gecko/20100101 Firefox/62.0"
34.197.142.103 - - [01/Jul/2021:18:03:09 -0400] "POST /xmlrpc.php HTTP/1.1" 200 5050 "-" "Mozilla/5.0 (X11; Ubuntu; Linux x86_64; rv:62.0) Gecko/20100101 Firefox/62.0"
54.36.148.28 - - [01/Jul/2021:18:03:41 -0400] "GET /product-category/oils?product_view=list&product_order=asc&product_count=48&product_orderby=popularity HTTP/1.1" 200 20727 "-" "Mozilla/5.0 (compatible; AhrefsBot/7.0; +http://ahrefs.com/robot/)"
204.48.19.85 - - [01/Jul/2021:18:07:05 -0400] "POST /wp-cron.php?doing_wp_cron=1625177225.5699839591979980468750 HTTP/1.1" 200 5548 "https://angelsonhighstreet.com/wp-cron.php?doing_wp_cron=1625177225.5699839591979980468750" "WordPress/5.7.2; https://angelsonhighstreet.com"
54.36.149.18 - - [01/Jul/2021:18:07:05 -0400] "GET /product-category/salves?product_view=list&product_order=desc&product_orderby=name HTTP/1.1" 200 20851 "-" "Mozilla/5.0 (compatible; AhrefsBot/7.0; +http://ahrefs.com/robot/)"
204.48.19.85 - - [01/Jul/2021:18:08:19 -0400] "POST /wp-cron.php?doing_wp_cron=1625177299.2963991165161132812500 HTTP/1.1" 200 5548 "https://angelsonhighstreet.com/wp-cron.php?doing_wp_cron=1625177299.2963991165161132812500" "WordPress/5.7.2; https://angelsonhighstreet.com"
5.249.227.102 - - [01/Jul/2021:18:08:19 -0400] "GET /wp-login.php HTTP/1.1" 200 7305 "-" "Mozilla/5.0 (X11; Ubuntu; Linux x86_64; rv:62.0) Gecko/20100101 Firefox/62.0"
5.249.227.102 - - [01/Jul/2021:18:08:19 -0400] "POST /wp-login.php HTTP/1.1" 200 7429 "-" "Mozilla/5.0 (X11; Ubuntu; Linux x86_64; rv:62.0) Gecko/20100101 Firefox/62.0"
5.249.227.102 - - [01/Jul/2021:18:08:20 -0400] "POST /xmlrpc.php HTTP/1.1" 200 5050 "-" "Mozilla/5.0 (X11; Ubuntu; Linux x86_64; rv:62.0) Gecko/20100101 Firefox/62.0"
204.48.19.85 - - [01/Jul/2021:18:10:44 -0400] "POST /wp-cron.php?doing_wp_cron=1625177444.5480539798736572265625 HTTP/1.1" 200 5548 "https://angelsonhighstreet.com/wp-cron.php?doing_wp_cron=1625177444.5480539798736572265625" "WordPress/5.7.2; https://angelsonhighstreet.com"
54.36.148.157 - - [01/Jul/2021:18:10:44 -0400] "GET /shop-full-width?product_count=16&product_orderby=name&product_view=list&product_order=desc HTTP/1.1" 200 21507 "-" "Mozilla/5.0 (compatible; AhrefsBot/7.0; +http://ahrefs.com/robot/)"
204.48.19.85 - - [01/Jul/2021:18:13:29 -0400] "POST /wp-cron.php?doing_wp_cron=1625177609.4259469509124755859375 HTTP/1.1" 200 5548 "https://angelsonhighstreet.com/wp-cron.php?doing_wp_cron=1625177609.4259469509124755859375" "WordPress/5.7.2; https://angelsonhighstreet.com"
75.119.134.149 - - [01/Jul/2021:18:13:29 -0400] "GET /wp-login.php HTTP/1.1" 200 7305 "-" "Mozilla/5.0 (X11; Ubuntu; Linux x86_64; rv:62.0) Gecko/20100101 Firefox/62.0"
75.119.134.149 - - [01/Jul/2021:18:13:29 -0400] "POST /wp-login.php HTTP/1.1" 200 7429 "-" "Mozilla/5.0 (X11; Ubuntu; Linux x86_64; rv:62.0) Gecko/20100101 Firefox/62.0"
75.119.134.149 - - [01/Jul/2021:18:13:30 -0400] "POST /xmlrpc.php HTTP/1.1" 200 5050 "-" "Mozilla/5.0 (X11; Ubuntu; Linux x86_64; rv:62.0) Gecko/20100101 Firefox/62.0"
204.48.19.85 - - [01/Jul/2021:18:14:26 -0400] "POST /wp-cron.php?doing_wp_cron=1625177666.2343831062316894531250 HTTP/1.1" 200 5548 "https://angelsonhighstreet.com/wp-cron.php?doing_wp_cron=1625177666.2343831062316894531250" "WordPress/5.7.2; https://angelsonhighstreet.com"
54.36.148.85 - - [01/Jul/2021:18:14:26 -0400] "GET /shop-full-width?product_count=16&product_orderby=popularity&product_view=grid&product_order=asc HTTP/1.1" 200 21167 "-" "Mozilla/5.0 (compatible; AhrefsBot/7.0; +http://ahrefs.com/robot/)"
5.255.253.88 - - [01/Jul/2021:18:16:59 -0400] "GET /robots.txt HTTP/1.1" 301 615 "-" "Mozilla/5.0 (compatible; YandexBot/3.0; +http://yandex.com/bots)"
204.48.19.85 - - [01/Jul/2021:18:16:59 -0400] "POST /wp-cron.php?doing_wp_cron=1625177819.4505589008331298828125 HTTP/1.1" 200 5548 "https://angelsonhighstreet.com/wp-cron.php?doing_wp_cron=1625177819.4505589008331298828125" "WordPress/5.7.2; https://angelsonhighstreet.com"
94.73.142.2 - - [01/Jul/2021:18:16:59 -0400] "POST /wp-login.php HTTP/1.1" 200 8130 "-" "Mozilla/5.0 (Windows NT 6.1; Win64; x64) AppleWebKit/537.36 (KHTML, like Gecko) Chrome/79.0.3945.117 Safari/537.36"
5.255.253.88 - - [01/Jul/2021:18:16:59 -0400] "GET /robots.txt HTTP/1.1" 301 5635 "-" "Mozilla/5.0 (compatible; YandexBot/3.0; +http://yandex.com/bots)"
5.45.207.144 - - [01/Jul/2021:18:16:59 -0400] "GET /robots.txt HTTP/1.1" 200 5794 "-" "Mozilla/5.0 (compatible; YandexBot/3.0; +http://yandex.com/bots)"
5.45.207.144 - - [01/Jul/2021:18:17:00 -0400] "GET /robots.txt HTTP/1.1" 200 5794 "-" "Mozilla/5.0 (compatible; YandexBot/3.0; +http://yandex.com/bots)"
5.255.253.88 - - [01/Jul/2021:18:17:03 -0400] "GET / HTTP/1.1" 301 594 "-" "Mozilla/5.0 (compatible; YandexBot/3.0; +http://yandex.com/bots)"
5.45.207.144 - - [01/Jul/2021:18:17:04 -0400] "GET / HTTP/1.1" 301 5625 "-" "Mozilla/5.0 (compatible; YandexBot/3.0; +http://yandex.com/bots)"
5.255.253.88 - - [01/Jul/2021:18:17:07 -0400] "GET /robots.txt HTTP/1.1" 200 5794 "-" "Mozilla/5.0 (compatible; YandexBot/3.0; +http://yandex.com/bots)"
5.255.253.88 - - [01/Jul/2021:18:17:10 -0400] "GET / HTTP/1.1" 200 19872 "-" "Mozilla/5.0 (compatible; YandexBot/3.0; +http://yandex.com/bots)"
54.36.148.253 - - [01/Jul/2021:18:17:48 -0400] "GET /product-category/salves?product_view=list&product_order=desc&product_orderby=popularity HTTP/1.1" 200 20868 "-" "Mozilla/5.0 (compatible; AhrefsBot/7.0; +http://ahrefs.com/robot/)"
204.48.19.85 - - [01/Jul/2021:18:19:06 -0400] "POST /wp-cron.php?doing_wp_cron=1625177946.7775809764862060546875 HTTP/1.1" 200 5548 "https://angelsonhighstreet.com/wp-cron.php?doing_wp_cron=1625177946.7775809764862060546875" "WordPress/5.7.2; https://angelsonhighstreet.com"
185.216.77.133 - - [01/Jul/2021:18:19:06 -0400] "GET /wp-login.php HTTP/1.1" 200 7305 "-" "Mozilla/5.0 (X11; Ubuntu; Linux x86_64; rv:62.0) Gecko/20100101 Firefox/62.0"
185.216.77.133 - - [01/Jul/2021:18:19:07 -0400] "POST /wp-login.php HTTP/1.1" 200 7429 "-" "Mozilla/5.0 (X11; Ubuntu; Linux x86_64; rv:62.0) Gecko/20100101 Firefox/62.0"
185.216.77.133 - - [01/Jul/2021:18:19:07 -0400] "POST /xmlrpc.php HTTP/1.1" 200 5050 "-" "Mozilla/5.0 (X11; Ubuntu; Linux x86_64; rv:62.0) Gecko/20100101 Firefox/62.0"
54.36.149.18 - - [01/Jul/2021:18:21:30 -0400] "GET /shop-full-width?product_count=16&product_orderby=price&product_view=grid&product_order=desc HTTP/1.1" 200 21174 "-" "Mozilla/5.0 (compatible; AhrefsBot/7.0; +http://ahrefs.com/robot/)"
204.48.19.85 - - [01/Jul/2021:18:21:32 -0400] "POST /wp-cron.php?doing_wp_cron=1625178092.1750910282135009765625 HTTP/1.1" 200 5548 "https://angelsonhighstreet.com/wp-cron.php?doing_wp_cron=1625178092.1750910282135009765625" "WordPress/5.7.2; https://angelsonhighstreet.com"
103.3.245.113 - - [01/Jul/2021:18:22:16 -0400] "POST /wp-login.php HTTP/1.1" 200 8132 "-" "Mozilla/5.0 (Windows NT 6.1; Win64; x64) AppleWebKit/537.36 (KHTML, like Gecko) Chrome/55.0.2883.87 Safari/537.36"
204.48.19.85 - - [01/Jul/2021:18:22:18 -0400] "POST /wp-cron.php?doing_wp_cron=1625178138.1234209537506103515625 HTTP/1.1" 200 5548 "https://angelsonhighstreet.com/wp-cron.php?doing_wp_cron=1625178138.1234209537506103515625" "WordPress/5.7.2; https://angelsonhighstreet.com"
34.215.168.5 - - [01/Jul/2021:18:23:27 -0400] "GET / HTTP/1.1" 301 539 "-" "Mozilla/5.0 (X11; Linux x86_64) AppleWebKit/537.36 (KHTML, like Gecko) Chrome/83.0.4103.97 Safari/537.36"
204.48.19.85 - - [01/Jul/2021:18:23:32 -0400] "POST /wp-cron.php?doing_wp_cron=1625178212.5464260578155517578125 HTTP/1.1" 200 5548 "https://angelsonhighstreet.com/wp-cron.php?doing_wp_cron=1625178212.5464260578155517578125" "WordPress/5.7.2; https://angelsonhighstreet.com"
34.215.168.5 - - [01/Jul/2021:18:23:31 -0400] "GET / HTTP/1.1" 200 25240 "-" "Mozilla/5.0 (X11; Linux x86_64) AppleWebKit/537.36 (KHTML, like Gecko) Chrome/83.0.4103.97 Safari/537.36"
34.214.105.208 - - [01/Jul/2021:18:24:01 -0400] "GET /favicon.ico HTTP/1.1" 301 561 "-" "Mozilla/5.0 (X11; Linux x86_64) AppleWebKit/537.36 (KHTML, like Gecko) Chrome/83.0.4103.97 Safari/537.36"
34.214.105.208 - - [01/Jul/2021:18:24:04 -0400] "GET / HTTP/1.1" 301 539 "-" "Mozilla/5.0 (X11; Linux x86_64) AppleWebKit/537.36 (KHTML, like Gecko) Chrome/83.0.4103.97 Safari/537.36"
204.48.19.85 - - [01/Jul/2021:18:24:05 -0400] "POST /wp-cron.php?doing_wp_cron=1625178245.7768290042877197265625 HTTP/1.1" 200 5548 "https://angelsonhighstreet.com/wp-cron.php?doing_wp_cron=1625178245.7768290042877197265625" "WordPress/5.7.2; https://angelsonhighstreet.com"
34.214.105.208 - - [01/Jul/2021:18:24:05 -0400] "GET / HTTP/1.1" 200 25270 "http://angelsonhighstreet.com" "Mozilla/5.0 (X11; Linux x86_64) AppleWebKit/537.36 (KHTML, like Gecko) Chrome/83.0.4103.97 Safari/537.36"
34.214.105.208 - - [01/Jul/2021:18:24:06 -0400] "GET /wp-content/uploads/2020/05/aohs_logo_transparent.png HTTP/1.1" 200 197467 "-" "Go-http-client/1.1"
204.48.19.85 - - [01/Jul/2021:18:25:01 -0400] "POST /wp-cron.php?doing_wp_cron=1625178301.9083600044250488281250 HTTP/1.1" 200 5548 "https://angelsonhighstreet.com/wp-cron.php?doing_wp_cron=1625178301.9083600044250488281250" "WordPress/5.7.2; https://angelsonhighstreet.com"
103.28.37.16 - - [01/Jul/2021:18:25:01 -0400] "GET /wp-login.php HTTP/1.1" 200 7305 "-" "Mozilla/5.0 (X11; Ubuntu; Linux x86_64; rv:62.0) Gecko/20100101 Firefox/62.0"
103.28.37.16 - - [01/Jul/2021:18:25:03 -0400] "POST /wp-login.php HTTP/1.1" 200 7429 "-" "Mozilla/5.0 (X11; Ubuntu; Linux x86_64; rv:62.0) Gecko/20100101 Firefox/62.0"
103.28.37.16 - - [01/Jul/2021:18:25:04 -0400] "POST /xmlrpc.php HTTP/1.1" 200 5050 "-" "Mozilla/5.0 (X11; Ubuntu; Linux x86_64; rv:62.0) Gecko/20100101 Firefox/62.0"
54.36.149.18 - - [01/Jul/2021:18:25:13 -0400] "GET /shop-full-width?product_count=16&product_orderby=rating&product_view=grid&product_order=asc HTTP/1.1" 200 21148 "-" "Mozilla/5.0 (compatible; AhrefsBot/7.0; +http://ahrefs.com/robot/)"
204.48.19.85 - - [01/Jul/2021:18:28:44 -0400] "POST /wp-cron.php?doing_wp_cron=1625178524.3342010974884033203125 HTTP/1.1" 200 5548 "https://angelsonhighstreet.com/wp-cron.php?doing_wp_cron=1625178524.3342010974884033203125" "WordPress/5.7.2; https://angelsonhighstreet.com"
54.36.148.45 - - [01/Jul/2021:18:28:44 -0400] "GET /product-category/oils?product_count=32&product_view=grid&product_order=asc&product_orderby=price HTTP/1.1" 200 20485 "-" "Mozilla/5.0 (compatible; AhrefsBot/7.0; +http://ahrefs.com/robot/)"
204.48.19.85 - - [01/Jul/2021:18:30:24 -0400] "POST /wp-cron.php?doing_wp_cron=1625178624.4009509086608886718750 HTTP/1.1" 200 5548 "https://angelsonhighstreet.com/wp-cron.php?doing_wp_cron=1625178624.4009509086608886718750" "WordPress/5.7.2; https://angelsonhighstreet.com"
128.199.178.237 - - [01/Jul/2021:18:30:24 -0400] "GET /wp-login.php HTTP/1.1" 200 7305 "-" "Mozilla/5.0 (X11; Ubuntu; Linux x86_64; rv:62.0) Gecko/20100101 Firefox/62.0"
128.199.178.237 - - [01/Jul/2021:18:30:35 -0400] "POST /xmlrpc.php HTTP/1.1" 200 5050 "-" "Mozilla/5.0 (X11; Ubuntu; Linux x86_64; rv:62.0) Gecko/20100101 Firefox/62.0"
204.48.19.85 - - [01/Jul/2021:18:31:31 -0400] "POST /wp-cron.php?doing_wp_cron=1625178691.2114520072937011718750 HTTP/1.1" 200 5548 "https://angelsonhighstreet.com/wp-cron.php?doing_wp_cron=1625178691.2114520072937011718750" "WordPress/5.7.2; https://angelsonhighstreet.com"
66.249.66.35 - - [01/Jul/2021:18:31:31 -0400] "GET /shop/holy-grail-cbd-healing-salve-1-oz/feed HTTP/1.1" 304 5492 "-" "Mozilla/5.0 (Linux; Android 6.0.1; Nexus 5X Build/MMB29P) AppleWebKit/537.36 (KHTML, like Gecko) Chrome/91.0.4472.90 Mobile Safari/537.36 (compatible; Googlebot/2.1; +http://www.google.com/bot.html)"
204.48.19.85 - - [01/Jul/2021:18:32:01 -0400] "POST /wp-cron.php?doing_wp_cron=1625178721.8993430137634277343750 HTTP/1.1" 200 5548 "https://angelsonhighstreet.com/wp-cron.php?doing_wp_cron=1625178721.8993430137634277343750" "WordPress/5.7.2; https://angelsonhighstreet.com"
24.102.204.214 - - [01/Jul/2021:18:32:01 -0400] "GET / HTTP/1.1" 200 25342 "-" "Mozilla/5.0 (iPhone; CPU iPhone OS 14_6 like Mac OS X) AppleWebKit/605.1.15 (KHTML, like Gecko) CriOS/91.0.4472.80 Mobile/15E148 Safari/604.1"
54.36.148.51 - - [01/Jul/2021:18:32:31 -0400] "GET /product-category/salves?product_view=list&product_order=desc&product_orderby=price HTTP/1.1" 200 20824 "-" "Mozilla/5.0 (compatible; AhrefsBot/7.0; +http://ahrefs.com/robot/)"
204.48.19.85 - - [01/Jul/2021:18:35:48 -0400] "POST /wp-cron.php?doing_wp_cron=1625178948.0981180667877197265625 HTTP/1.1" 200 5548 "https://angelsonhighstreet.com/wp-cron.php?doing_wp_cron=1625178948.0981180667877197265625" "WordPress/5.7.2; https://angelsonhighstreet.com"
157.245.117.243 - - [01/Jul/2021:18:35:47 -0400] "GET /wp-login.php HTTP/1.1" 200 7305 "-" "Mozilla/5.0 (X11; Ubuntu; Linux x86_64; rv:62.0) Gecko/20100101 Firefox/62.0"
157.245.117.243 - - [01/Jul/2021:18:35:53 -0400] "POST /wp-login.php HTTP/1.1" 200 7429 "-" "Mozilla/5.0 (X11; Ubuntu; Linux x86_64; rv:62.0) Gecko/20100101 Firefox/62.0"
157.245.117.243 - - [01/Jul/2021:18:35:53 -0400] "POST /xmlrpc.php HTTP/1.1" 200 5050 "-" "Mozilla/5.0 (X11; Ubuntu; Linux x86_64; rv:62.0) Gecko/20100101 Firefox/62.0"
204.48.19.85 - - [01/Jul/2021:18:36:21 -0400] "POST /wp-cron.php?doing_wp_cron=1625178981.1976230144500732421875 HTTP/1.1" 200 5548 "https://angelsonhighstreet.com/wp-cron.php?doing_wp_cron=1625178981.1976230144500732421875" "WordPress/5.7.2; https://angelsonhighstreet.com"
54.36.148.48 - - [01/Jul/2021:18:36:21 -0400] "GET /shop-full-width?product_count=16&product_view=grid&product_orderby=date&product_order=asc HTTP/1.1" 200 21149 "-" "Mozilla/5.0 (compatible; AhrefsBot/7.0; +http://ahrefs.com/robot/)"
204.48.19.85 - - [01/Jul/2021:18:40:09 -0400] "POST /wp-cron.php?doing_wp_cron=1625179209.8968050479888916015625 HTTP/1.1" 200 5548 "https://angelsonhighstreet.com/wp-cron.php?doing_wp_cron=1625179209.8968050479888916015625" "WordPress/5.7.2; https://angelsonhighstreet.com"
54.36.148.5 - - [01/Jul/2021:18:40:09 -0400] "GET /shop-full-width?product_count=16&product_view=grid&product_orderby=popularity&product_order=asc HTTP/1.1" 200 21163 "-" "Mozilla/5.0 (compatible; AhrefsBot/7.0; +http://ahrefs.com/robot/)"
185.126.219.77 - - [01/Jul/2021:18:40:56 -0400] "GET /wp-login.php HTTP/1.1" 200 7305 "-" "Mozilla/5.0 (X11; Ubuntu; Linux x86_64; rv:62.0) Gecko/20100101 Firefox/62.0"
185.126.219.77 - - [01/Jul/2021:18:40:56 -0400] "POST /wp-login.php HTTP/1.1" 200 7429 "-" "Mozilla/5.0 (X11; Ubuntu; Linux x86_64; rv:62.0) Gecko/20100101 Firefox/62.0"
204.48.19.85 - - [01/Jul/2021:18:40:58 -0400] "POST /wp-cron.php?doing_wp_cron=1625179258.0191380977630615234375 HTTP/1.1" 200 5548 "https://angelsonhighstreet.com/wp-cron.php?doing_wp_cron=1625179258.0191380977630615234375" "WordPress/5.7.2; https://angelsonhighstreet.com"
185.126.219.77 - - [01/Jul/2021:18:40:57 -0400] "POST /xmlrpc.php HTTP/1.1" 200 5050 "-" "Mozilla/5.0 (X11; Ubuntu; Linux x86_64; rv:62.0) Gecko/20100101 Firefox/62.0"
204.48.19.85 - - [01/Jul/2021:18:44:02 -0400] "POST /wp-cron.php?doing_wp_cron=1625179442.4464659690856933593750 HTTP/1.1" 200 5548 "https://angelsonhighstreet.com/wp-cron.php?doing_wp_cron=1625179442.4464659690856933593750" "WordPress/5.7.2; https://angelsonhighstreet.com"
54.36.148.131 - - [01/Jul/2021:18:44:02 -0400] "GET /product-category/salves?product_view=list&product_order=desc&product_orderby=rating HTTP/1.1" 200 20856 "-" "Mozilla/5.0 (compatible; AhrefsBot/7.0; +http://ahrefs.com/robot/)"
204.48.19.85 - - [01/Jul/2021:18:46:31 -0400] "POST /wp-cron.php?doing_wp_cron=1625179591.3698229789733886718750 HTTP/1.1" 200 5548 "https://angelsonhighstreet.com/wp-cron.php?doing_wp_cron=1625179591.3698229789733886718750" "WordPress/5.7.2; https://angelsonhighstreet.com"
139.59.176.201 - - [01/Jul/2021:18:46:31 -0400] "GET /wp-login.php HTTP/1.1" 200 7305 "-" "Mozilla/5.0 (X11; Ubuntu; Linux x86_64; rv:62.0) Gecko/20100101 Firefox/62.0"
139.59.176.201 - - [01/Jul/2021:18:46:36 -0400] "POST /wp-login.php HTTP/1.1" 200 7429 "-" "Mozilla/5.0 (X11; Ubuntu; Linux x86_64; rv:62.0) Gecko/20100101 Firefox/62.0"
139.59.176.201 - - [01/Jul/2021:18:46:42 -0400] "POST /xmlrpc.php HTTP/1.1" 200 5050 "-" "Mozilla/5.0 (X11; Ubuntu; Linux x86_64; rv:62.0) Gecko/20100101 Firefox/62.0"
204.48.19.85 - - [01/Jul/2021:18:47:46 -0400] "POST /wp-cron.php?doing_wp_cron=1625179666.0303568840026855468750 HTTP/1.1" 200 5548 "https://angelsonhighstreet.com/wp-cron.php?doing_wp_cron=1625179666.0303568840026855468750" "WordPress/5.7.2; https://angelsonhighstreet.com"
54.36.148.252 - - [01/Jul/2021:18:47:45 -0400] "GET /shop-full-width?product_count=16&product_view=grid&product_orderby=rating&product_order=asc HTTP/1.1" 200 21144 "-" "Mozilla/5.0 (compatible; AhrefsBot/7.0; +http://ahrefs.com/robot/)"
204.48.19.85 - - [01/Jul/2021:18:51:38 -0400] "POST /wp-cron.php?doing_wp_cron=1625179898.0319099426269531250000 HTTP/1.1" 200 5548 "https://angelsonhighstreet.com/wp-cron.php?doing_wp_cron=1625179898.0319099426269531250000" "WordPress/5.7.2; https://angelsonhighstreet.com"
54.36.149.18 - - [01/Jul/2021:18:51:37 -0400] "GET /shop-full-width?product_count=16&product_view=list&product_orderby=date&product_order=asc HTTP/1.1" 200 21473 "-" "Mozilla/5.0 (compatible; AhrefsBot/7.0; +http://ahrefs.com/robot/)"
204.48.19.85 - - [01/Jul/2021:18:52:40 -0400] "POST /wp-cron.php?doing_wp_cron=1625179960.0544090270996093750000 HTTP/1.1" 200 5548 "https://angelsonhighstreet.com/wp-cron.php?doing_wp_cron=1625179960.0544090270996093750000" "WordPress/5.7.2; https://angelsonhighstreet.com"
45.119.212.66 - - [01/Jul/2021:18:52:39 -0400] "GET /wp-login.php HTTP/1.1" 200 7305 "-" "Mozilla/5.0 (X11; Ubuntu; Linux x86_64; rv:62.0) Gecko/20100101 Firefox/62.0"
45.119.212.66 - - [01/Jul/2021:18:52:41 -0400] "POST /wp-login.php HTTP/1.1" 200 7429 "-" "Mozilla/5.0 (X11; Ubuntu; Linux x86_64; rv:62.0) Gecko/20100101 Firefox/62.0"
45.119.212.66 - - [01/Jul/2021:18:52:42 -0400] "POST /xmlrpc.php HTTP/1.1" 200 5050 "-" "Mozilla/5.0 (X11; Ubuntu; Linux x86_64; rv:62.0) Gecko/20100101 Firefox/62.0"
204.48.19.85 - - [01/Jul/2021:18:55:13 -0400] "POST /wp-cron.php?doing_wp_cron=1625180113.6407089233398437500000 HTTP/1.1" 200 5548 "https://angelsonhighstreet.com/wp-cron.php?doing_wp_cron=1625180113.6407089233398437500000" "WordPress/5.7.2; https://angelsonhighstreet.com"
54.36.148.27 - - [01/Jul/2021:18:55:13 -0400] "GET /product-category/salves?product_count=32&product_order=asc HTTP/1.1" 200 20671 "-" "Mozilla/5.0 (compatible; AhrefsBot/7.0; +http://ahrefs.com/robot/)"
204.48.19.85 - - [01/Jul/2021:18:57:25 -0400] "POST /wp-cron.php?doing_wp_cron=1625180245.2645630836486816406250 HTTP/1.1" 200 5548 "https://angelsonhighstreet.com/wp-cron.php?doing_wp_cron=1625180245.2645630836486816406250" "WordPress/5.7.2; https://angelsonhighstreet.com"
45.79.35.40 - - [01/Jul/2021:18:57:25 -0400] "GET /wp-login.php HTTP/1.1" 200 7305 "-" "Mozilla/5.0 (X11; Ubuntu; Linux x86_64; rv:62.0) Gecko/20100101 Firefox/62.0"
45.79.35.40 - - [01/Jul/2021:18:57:25 -0400] "POST /wp-login.php HTTP/1.1" 200 7429 "-" "Mozilla/5.0 (X11; Ubuntu; Linux x86_64; rv:62.0) Gecko/20100101 Firefox/62.0"
45.79.35.40 - - [01/Jul/2021:18:57:25 -0400] "POST /xmlrpc.php HTTP/1.1" 200 5050 "-" "Mozilla/5.0 (X11; Ubuntu; Linux x86_64; rv:62.0) Gecko/20100101 Firefox/62.0"
204.48.19.85 - - [01/Jul/2021:18:58:26 -0400] "POST /wp-cron.php?doing_wp_cron=1625180306.6274909973144531250000 HTTP/1.1" 200 5548 "https://angelsonhighstreet.com/wp-cron.php?doing_wp_cron=1625180306.6274909973144531250000" "WordPress/5.7.2; https://angelsonhighstreet.com"
54.36.148.198 - - [01/Jul/2021:18:58:26 -0400] "GET /shop-full-width?product_count=16&product_view=list&product_orderby=name&product_order=desc HTTP/1.1" 200 21510 "-" "Mozilla/5.0 (compatible; AhrefsBot/7.0; +http://ahrefs.com/robot/)"
204.48.19.85 - - [01/Jul/2021:18:59:01 -0400] "POST /wp-cron.php?doing_wp_cron=1625180341.3368151187896728515625 HTTP/1.1" 200 5548 "https://angelsonhighstreet.com/wp-cron.php?doing_wp_cron=1625180341.3368151187896728515625" "WordPress/5.7.2; https://angelsonhighstreet.com"
185.191.171.43 - - [01/Jul/2021:18:59:01 -0400] "GET /robots.txt HTTP/1.1" 200 5752 "-" "Mozilla/5.0 (compatible; SemrushBot/7~bl; +http://www.semrush.com/bot.html)"
185.191.171.26 - - [01/Jul/2021:18:59:01 -0400] "GET /product-category/oils?product_count=16&product_order=asc&product_orderby=default&product_view=list HTTP/1.1" 200 20708 "-" "Mozilla/5.0 (compatible; SemrushBot/7~bl; +http://www.semrush.com/bot.html)"
204.48.19.85 - - [01/Jul/2021:19:01:52 -0400] "POST /wp-cron.php?doing_wp_cron=1625180512.9802370071411132812500 HTTP/1.1" 200 5548 "https://angelsonhighstreet.com/wp-cron.php?doing_wp_cron=1625180512.9802370071411132812500" "WordPress/5.7.2; https://angelsonhighstreet.com"
54.36.149.47 - - [01/Jul/2021:19:01:52 -0400] "GET /product-category/oils?product_count=32&product_view=grid&product_order=asc&product_orderby=name HTTP/1.1" 200 20482 "-" "Mozilla/5.0 (compatible; AhrefsBot/7.0; +http://ahrefs.com/robot/)"
204.48.19.85 - - [01/Jul/2021:19:02:17 -0400] "POST /wp-cron.php?doing_wp_cron=1625180537.2506809234619140625000 HTTP/1.1" 200 5548 "https://angelsonhighstreet.com/wp-cron.php?doing_wp_cron=1625180537.2506809234619140625000" "WordPress/5.7.2; https://angelsonhighstreet.com"
46.105.121.197 - - [01/Jul/2021:19:02:17 -0400] "GET /wp-login.php HTTP/1.1" 200 7305 "-" "Mozilla/5.0 (X11; Ubuntu; Linux x86_64; rv:62.0) Gecko/20100101 Firefox/62.0"
46.105.121.197 - - [01/Jul/2021:19:02:17 -0400] "POST /wp-login.php HTTP/1.1" 200 7429 "-" "Mozilla/5.0 (X11; Ubuntu; Linux x86_64; rv:62.0) Gecko/20100101 Firefox/62.0"
46.105.121.197 - - [01/Jul/2021:19:02:18 -0400] "POST /xmlrpc.php HTTP/1.1" 200 5050 "-" "Mozilla/5.0 (X11; Ubuntu; Linux x86_64; rv:62.0) Gecko/20100101 Firefox/62.0"
204.48.19.85 - - [01/Jul/2021:19:05:20 -0400] "POST /wp-cron.php?doing_wp_cron=1625180720.6642940044403076171875 HTTP/1.1" 200 5548 "https://angelsonhighstreet.com/wp-cron.php?doing_wp_cron=1625180720.6642940044403076171875" "WordPress/5.7.2; https://angelsonhighstreet.com"
54.36.149.18 - - [01/Jul/2021:19:05:20 -0400] "GET /shop-full-width?product_count=16&product_view=list&product_orderby=popularity&product_order=asc HTTP/1.1" 200 21530 "-" "Mozilla/5.0 (compatible; AhrefsBot/7.0; +http://ahrefs.com/robot/)"
204.48.19.85 - - [01/Jul/2021:19:06:02 -0400] "POST /wp-cron.php?doing_wp_cron=1625180762.1934909820556640625000 HTTP/1.1" 200 5548 "https://angelsonhighstreet.com/wp-cron.php?doing_wp_cron=1625180762.1934909820556640625000" "WordPress/5.7.2; https://angelsonhighstreet.com"
66.249.66.41 - - [01/Jul/2021:19:06:02 -0400] "GET /shop/holy-grail-cbd-healing-salve-1-oz/feed HTTP/1.1" 200 8124 "-" "Mozilla/5.0 (Linux; Android 6.0.1; Nexus 5X Build/MMB29P) AppleWebKit/537.36 (KHTML, like Gecko) Chrome/91.0.4472.90 Mobile Safari/537.36 (compatible; Googlebot/2.1; +http://www.google.com/bot.html)"
204.48.19.85 - - [01/Jul/2021:19:08:29 -0400] "POST /wp-cron.php?doing_wp_cron=1625180909.8792080879211425781250 HTTP/1.1" 200 5548 "https://angelsonhighstreet.com/wp-cron.php?doing_wp_cron=1625180909.8792080879211425781250" "WordPress/5.7.2; https://angelsonhighstreet.com"
51.195.101.137 - - [01/Jul/2021:19:08:29 -0400] "GET /wp-login.php HTTP/1.1" 200 7305 "-" "Mozilla/5.0 (X11; Ubuntu; Linux x86_64; rv:62.0) Gecko/20100101 Firefox/62.0"
51.195.101.137 - - [01/Jul/2021:19:08:30 -0400] "POST /wp-login.php HTTP/1.1" 200 7429 "-" "Mozilla/5.0 (X11; Ubuntu; Linux x86_64; rv:62.0) Gecko/20100101 Firefox/62.0"
51.195.101.137 - - [01/Jul/2021:19:08:30 -0400] "POST /xmlrpc.php HTTP/1.1" 200 5050 "-" "Mozilla/5.0 (X11; Ubuntu; Linux x86_64; rv:62.0) Gecko/20100101 Firefox/62.0"
54.36.148.101 - - [01/Jul/2021:19:08:41 -0400] "GET /product-category/oils?product_count=16&product_view=list&product_order=asc&product_orderby=date HTTP/1.1" 200 20729 "-" "Mozilla/5.0 (compatible; AhrefsBot/7.0; +http://ahrefs.com/robot/)"
204.48.19.85 - - [01/Jul/2021:19:12:06 -0400] "POST /wp-cron.php?doing_wp_cron=1625181126.7295899391174316406250 HTTP/1.1" 200 5548 "https://angelsonhighstreet.com/wp-cron.php?doing_wp_cron=1625181126.7295899391174316406250" "WordPress/5.7.2; https://angelsonhighstreet.com"
54.36.148.167 - - [01/Jul/2021:19:12:06 -0400] "GET /product-category/salves?product_count=48&product_order=asc HTTP/1.1" 200 20669 "-" "Mozilla/5.0 (compatible; AhrefsBot/7.0; +http://ahrefs.com/robot/)"
204.48.19.85 - - [01/Jul/2021:19:13:34 -0400] "POST /wp-cron.php?doing_wp_cron=1625181214.5222959518432617187500 HTTP/1.1" 200 5548 "https://angelsonhighstreet.com/wp-cron.php?doing_wp_cron=1625181214.5222959518432617187500" "WordPress/5.7.2; https://angelsonhighstreet.com"
209.141.60.9 - - [01/Jul/2021:19:13:34 -0400] "GET /wp-login.php HTTP/1.1" 200 7305 "-" "Mozilla/5.0 (X11; Ubuntu; Linux x86_64; rv:62.0) Gecko/20100101 Firefox/62.0"
209.141.60.9 - - [01/Jul/2021:19:13:34 -0400] "POST /wp-login.php HTTP/1.1" 200 7429 "-" "Mozilla/5.0 (X11; Ubuntu; Linux x86_64; rv:62.0) Gecko/20100101 Firefox/62.0"
209.141.60.9 - - [01/Jul/2021:19:13:35 -0400] "POST /xmlrpc.php HTTP/1.1" 200 5050 "-" "Mozilla/5.0 (X11; Ubuntu; Linux x86_64; rv:62.0) Gecko/20100101 Firefox/62.0"
204.48.19.85 - - [01/Jul/2021:19:15:41 -0400] "POST /wp-cron.php?doing_wp_cron=1625181341.1353490352630615234375 HTTP/1.1" 200 5548 "https://angelsonhighstreet.com/wp-cron.php?doing_wp_cron=1625181341.1353490352630615234375" "WordPress/5.7.2; https://angelsonhighstreet.com"
54.36.148.167 - - [01/Jul/2021:19:15:40 -0400] "GET /shop-full-width?product_count=16&product_orderby=price&product_view=list&product_order=desc HTTP/1.1" 200 21511 "-" "Mozilla/5.0 (compatible; AhrefsBot/7.0; +http://ahrefs.com/robot/)"
204.48.19.85 - - [01/Jul/2021:19:18:39 -0400] "POST /wp-cron.php?doing_wp_cron=1625181519.5174200534820556640625 HTTP/1.1" 200 5548 "https://angelsonhighstreet.com/wp-cron.php?doing_wp_cron=1625181519.5174200534820556640625" "WordPress/5.7.2; https://angelsonhighstreet.com"
104.197.157.91 - - [01/Jul/2021:19:18:39 -0400] "GET /wp-login.php HTTP/1.1" 200 7305 "-" "Mozilla/5.0 (X11; Ubuntu; Linux x86_64; rv:62.0) Gecko/20100101 Firefox/62.0"
104.197.157.91 - - [01/Jul/2021:19:18:40 -0400] "POST /wp-login.php HTTP/1.1" 200 7429 "-" "Mozilla/5.0 (X11; Ubuntu; Linux x86_64; rv:62.0) Gecko/20100101 Firefox/62.0"
104.197.157.91 - - [01/Jul/2021:19:18:40 -0400] "POST /xmlrpc.php HTTP/1.1" 200 5050 "-" "Mozilla/5.0 (X11; Ubuntu; Linux x86_64; rv:62.0) Gecko/20100101 Firefox/62.0"
103.3.245.113 - - [01/Jul/2021:19:18:46 -0400] "POST /wp-login.php HTTP/1.1" 200 8130 "-" "Mozilla/5.0 (Windows NT 10.0; Win64; x64) AppleWebKit/537.36 (KHTML, like Gecko) Chrome/86.0.4240.193 Safari/537.36"
204.48.19.85 - - [01/Jul/2021:19:19:20 -0400] "POST /wp-cron.php?doing_wp_cron=1625181560.4733519554138183593750 HTTP/1.1" 200 5548 "https://angelsonhighstreet.com/wp-cron.php?doing_wp_cron=1625181560.4733519554138183593750" "WordPress/5.7.2; https://angelsonhighstreet.com"
54.36.148.74 - - [01/Jul/2021:19:19:20 -0400] "GET /product-category/oils?product_view=list&product_order=asc&product_orderby=date HTTP/1.1" 200 20755 "-" "Mozilla/5.0 (compatible; AhrefsBot/7.0; +http://ahrefs.com/robot/)"
204.48.19.85 - - [01/Jul/2021:19:22:48 -0400] "POST /wp-cron.php?doing_wp_cron=1625181768.6858119964599609375000 HTTP/1.1" 200 5548 "https://angelsonhighstreet.com/wp-cron.php?doing_wp_cron=1625181768.6858119964599609375000" "WordPress/5.7.2; https://angelsonhighstreet.com"
