161.35.192.196 - - [02/Jul/2021:13:26:41 -0400] "POST /wp-login.php HTTP/1.1" 200 8132 "-" "Mozilla/5.0 (Windows NT 10.0; Win64; x64) AppleWebKit/537.36 (KHTML, like Gecko) Chrome/73.0.3683.86 Safari/537.36"
204.48.19.85 - - [02/Jul/2021:13:28:39 -0400] "POST /wp-cron.php?doing_wp_cron=1625246919.7385740280151367187500 HTTP/1.1" 200 5548 "https://angelsonhighstreet.com/wp-cron.php?doing_wp_cron=1625246919.7385740280151367187500" "WordPress/5.7.2; https://angelsonhighstreet.com"
54.36.149.46 - - [02/Jul/2021:13:28:39 -0400] "GET /product-category/oils?product_orderby=price&product_order=desc&product_count=32&product_view=list HTTP/1.1" 200 20720 "-" "Mozilla/5.0 (compatible; AhrefsBot/7.0; +http://ahrefs.com/robot/)"
204.48.19.85 - - [02/Jul/2021:13:30:05 -0400] "POST /wp-cron.php?doing_wp_cron=1625247005.7156379222869873046875 HTTP/1.1" 200 5548 "https://angelsonhighstreet.com/wp-cron.php?doing_wp_cron=1625247005.7156379222869873046875" "WordPress/5.7.2; https://angelsonhighstreet.com"
185.191.171.14 - - [02/Jul/2021:13:30:05 -0400] "GET /product-category/oils?product_count=16&product_order=asc&product_orderby=popularity&product_view=grid HTTP/1.1" 200 20386 "-" "Mozilla/5.0 (compatible; SemrushBot/7~bl; +http://www.semrush.com/bot.html)"
204.48.19.85 - - [02/Jul/2021:13:32:31 -0400] "POST /wp-cron.php?doing_wp_cron=1625247151.1175799369812011718750 HTTP/1.1" 200 5548 "https://angelsonhighstreet.com/wp-cron.php?doing_wp_cron=1625247151.1175799369812011718750" "WordPress/5.7.2; https://angelsonhighstreet.com"
54.36.149.64 - - [02/Jul/2021:13:32:30 -0400] "GET /product-category/oils?product_orderby=name&product_order=desc&product_count=16&product_view=list HTTP/1.1" 200 20731 "-" "Mozilla/5.0 (compatible; AhrefsBot/7.0; +http://ahrefs.com/robot/)"
204.48.19.85 - - [02/Jul/2021:13:33:11 -0400] "POST /wp-cron.php?doing_wp_cron=1625247191.6817359924316406250000 HTTP/1.1" 200 5548 "https://angelsonhighstreet.com/wp-cron.php?doing_wp_cron=1625247191.6817359924316406250000" "WordPress/5.7.2; https://angelsonhighstreet.com"
66.249.66.35 - - [02/Jul/2021:13:33:11 -0400] "GET /product-category/oils?product_count=48&product_view=grid&product_orderby=price HTTP/1.1" 200 20482 "-" "Mozilla/5.0 (Linux; Android 6.0.1; Nexus 5X Build/MMB29P) AppleWebKit/537.36 (KHTML, like Gecko) Chrome/91.0.4472.90 Mobile Safari/537.36 (compatible; Googlebot/2.1; +http://www.google.com/bot.html)"
62.210.180.135 - - [02/Jul/2021:13:36:19 -0400] "GET / HTTP/1.1" 301 595 "-" "Mozilla/5.0 (Windows NT 10.0; Win64; x64) AppleWebKit/537.36 (KHTML, like Gecko) Chrome/89.0.4389.114 Safari/537.36"
204.48.19.85 - - [02/Jul/2021:13:36:20 -0400] "POST /wp-cron.php?doing_wp_cron=1625247380.3879210948944091796875 HTTP/1.1" 200 5548 "https://angelsonhighstreet.com/wp-cron.php?doing_wp_cron=1625247380.3879210948944091796875" "WordPress/5.7.2; https://angelsonhighstreet.com"
62.210.180.135 - - [02/Jul/2021:13:36:20 -0400] "GET / HTTP/1.1" 200 114677 "-" "Mozilla/5.0 (Windows NT 10.0; Win64; x64) AppleWebKit/537.36 (KHTML, like Gecko) Chrome/89.0.4389.114 Safari/537.36"
62.210.180.135 - - [02/Jul/2021:13:36:20 -0400] "GET //wp-includes/wlwmanifest.xml HTTP/1.1" 200 1425 "-" "Mozilla/5.0 (Windows NT 10.0; Win64; x64) AppleWebKit/537.36 (KHTML, like Gecko) Chrome/89.0.4389.114 Safari/537.36"
62.210.180.135 - - [02/Jul/2021:13:36:21 -0400] "GET //?author=1 HTTP/1.1" 301 411 "-" "Mozilla/5.0 (Windows NT 10.0; Win64; x64) AppleWebKit/537.36 (KHTML, like Gecko) Chrome/89.0.4389.114 Safari/537.36"
62.210.180.135 - - [02/Jul/2021:13:36:21 -0400] "GET //?author=2 HTTP/1.1" 301 408 "-" "Mozilla/5.0 (Windows NT 10.0; Win64; x64) AppleWebKit/537.36 (KHTML, like Gecko) Chrome/89.0.4389.114 Safari/537.36"
62.210.180.135 - - [02/Jul/2021:13:36:21 -0400] "GET //?author=3 HTTP/1.1" 301 408 "-" "Mozilla/5.0 (Windows NT 10.0; Win64; x64) AppleWebKit/537.36 (KHTML, like Gecko) Chrome/89.0.4389.114 Safari/537.36"
62.210.180.135 - - [02/Jul/2021:13:36:21 -0400] "GET //wp-json/wp/v2/users/ HTTP/1.1" 200 3087 "-" "Mozilla/5.0 (Windows NT 10.0; Win64; x64) AppleWebKit/537.36 (KHTML, like Gecko) Chrome/89.0.4389.114 Safari/537.36"
62.210.180.135 - - [02/Jul/2021:13:36:22 -0400] "GET //wp-json/oembed/1.0/embed?url=https://angelsonhighstreet.com/ HTTP/1.1" 200 2911 "-" "Mozilla/5.0 (Windows NT 10.0; Win64; x64) AppleWebKit/537.36 (KHTML, like Gecko) Chrome/89.0.4389.114 Safari/537.36"
62.210.180.135 - - [02/Jul/2021:13:36:22 -0400] "POST //xmlrpc.php HTTP/1.1" 200 678 "-" "Mozilla/5.0 (Windows NT 10.0; Win64; x64) AppleWebKit/537.36 (KHTML, like Gecko) Chrome/89.0.4389.114 Safari/537.36"
62.210.180.135 - - [02/Jul/2021:13:36:22 -0400] "POST //xmlrpc.php HTTP/1.1" 200 5417 "-" "Mozilla/5.0 (Windows NT 10.0; Win64; x64) AppleWebKit/537.36 (KHTML, like Gecko) Chrome/89.0.4389.114 Safari/537.36"
62.210.180.135 - - [02/Jul/2021:13:36:23 -0400] "POST //xmlrpc.php HTTP/1.1" 200 5417 "-" "Mozilla/5.0 (Windows NT 10.0; Win64; x64) AppleWebKit/537.36 (KHTML, like Gecko) Chrome/89.0.4389.114 Safari/537.36"
62.210.180.135 - - [02/Jul/2021:13:36:23 -0400] "POST //xmlrpc.php HTTP/1.1" 200 5417 "-" "Mozilla/5.0 (Windows NT 10.0; Win64; x64) AppleWebKit/537.36 (KHTML, like Gecko) Chrome/89.0.4389.114 Safari/537.36"
62.210.180.135 - - [02/Jul/2021:13:36:24 -0400] "POST //xmlrpc.php HTTP/1.1" 200 5417 "-" "Mozilla/5.0 (Windows NT 10.0; Win64; x64) AppleWebKit/537.36 (KHTML, like Gecko) Chrome/89.0.4389.114 Safari/537.36"
62.210.180.135 - - [02/Jul/2021:13:36:24 -0400] "POST //xmlrpc.php HTTP/1.1" 200 5417 "-" "Mozilla/5.0 (Windows NT 10.0; Win64; x64) AppleWebKit/537.36 (KHTML, like Gecko) Chrome/89.0.4389.114 Safari/537.36"
62.210.180.135 - - [02/Jul/2021:13:36:25 -0400] "POST //xmlrpc.php HTTP/1.1" 200 5417 "-" "Mozilla/5.0 (Windows NT 10.0; Win64; x64) AppleWebKit/537.36 (KHTML, like Gecko) Chrome/89.0.4389.114 Safari/537.36"
62.210.180.135 - - [02/Jul/2021:13:36:25 -0400] "POST //xmlrpc.php HTTP/1.1" 200 5417 "-" "Mozilla/5.0 (Windows NT 10.0; Win64; x64) AppleWebKit/537.36 (KHTML, like Gecko) Chrome/89.0.4389.114 Safari/537.36"
62.210.180.135 - - [02/Jul/2021:13:36:26 -0400] "POST //xmlrpc.php HTTP/1.1" 200 5417 "-" "Mozilla/5.0 (Windows NT 10.0; Win64; x64) AppleWebKit/537.36 (KHTML, like Gecko) Chrome/89.0.4389.114 Safari/537.36"
62.210.180.135 - - [02/Jul/2021:13:36:26 -0400] "POST //xmlrpc.php HTTP/1.1" 200 5417 "-" "Mozilla/5.0 (Windows NT 10.0; Win64; x64) AppleWebKit/537.36 (KHTML, like Gecko) Chrome/89.0.4389.114 Safari/537.36"
62.210.180.135 - - [02/Jul/2021:13:36:27 -0400] "POST //xmlrpc.php HTTP/1.1" 200 5417 "-" "Mozilla/5.0 (Windows NT 10.0; Win64; x64) AppleWebKit/537.36 (KHTML, like Gecko) Chrome/89.0.4389.114 Safari/537.36"
62.210.180.135 - - [02/Jul/2021:13:36:27 -0400] "POST //xmlrpc.php HTTP/1.1" 200 5417 "-" "Mozilla/5.0 (Windows NT 10.0; Win64; x64) AppleWebKit/537.36 (KHTML, like Gecko) Chrome/89.0.4389.114 Safari/537.36"
62.210.180.135 - - [02/Jul/2021:13:36:28 -0400] "POST //xmlrpc.php HTTP/1.1" 200 5417 "-" "Mozilla/5.0 (Windows NT 10.0; Win64; x64) AppleWebKit/537.36 (KHTML, like Gecko) Chrome/89.0.4389.114 Safari/537.36"
62.210.180.135 - - [02/Jul/2021:13:36:28 -0400] "POST //xmlrpc.php HTTP/1.1" 200 5417 "-" "Mozilla/5.0 (Windows NT 10.0; Win64; x64) AppleWebKit/537.36 (KHTML, like Gecko) Chrome/89.0.4389.114 Safari/537.36"
62.210.180.135 - - [02/Jul/2021:13:36:29 -0400] "POST //xmlrpc.php HTTP/1.1" 200 5417 "-" "Mozilla/5.0 (Windows NT 10.0; Win64; x64) AppleWebKit/537.36 (KHTML, like Gecko) Chrome/89.0.4389.114 Safari/537.36"
62.210.180.135 - - [02/Jul/2021:13:36:30 -0400] "POST //xmlrpc.php HTTP/1.1" 200 5417 "-" "Mozilla/5.0 (Windows NT 10.0; Win64; x64) AppleWebKit/537.36 (KHTML, like Gecko) Chrome/89.0.4389.114 Safari/537.36"
62.210.180.135 - - [02/Jul/2021:13:36:30 -0400] "POST //xmlrpc.php HTTP/1.1" 200 5417 "-" "Mozilla/5.0 (Windows NT 10.0; Win64; x64) AppleWebKit/537.36 (KHTML, like Gecko) Chrome/89.0.4389.114 Safari/537.36"
62.210.180.135 - - [02/Jul/2021:13:36:31 -0400] "POST //xmlrpc.php HTTP/1.1" 200 5417 "-" "Mozilla/5.0 (Windows NT 10.0; Win64; x64) AppleWebKit/537.36 (KHTML, like Gecko) Chrome/89.0.4389.114 Safari/537.36"
62.210.180.135 - - [02/Jul/2021:13:36:31 -0400] "POST //xmlrpc.php HTTP/1.1" 200 5417 "-" "Mozilla/5.0 (Windows NT 10.0; Win64; x64) AppleWebKit/537.36 (KHTML, like Gecko) Chrome/89.0.4389.114 Safari/537.36"
62.210.180.135 - - [02/Jul/2021:13:36:32 -0400] "POST //xmlrpc.php HTTP/1.1" 200 5417 "-" "Mozilla/5.0 (Windows NT 10.0; Win64; x64) AppleWebKit/537.36 (KHTML, like Gecko) Chrome/89.0.4389.114 Safari/537.36"
62.210.180.135 - - [02/Jul/2021:13:36:32 -0400] "POST //xmlrpc.php HTTP/1.1" 200 5417 "-" "Mozilla/5.0 (Windows NT 10.0; Win64; x64) AppleWebKit/537.36 (KHTML, like Gecko) Chrome/89.0.4389.114 Safari/537.36"
62.210.180.135 - - [02/Jul/2021:13:36:33 -0400] "POST //xmlrpc.php HTTP/1.1" 200 5417 "-" "Mozilla/5.0 (Windows NT 10.0; Win64; x64) AppleWebKit/537.36 (KHTML, like Gecko) Chrome/89.0.4389.114 Safari/537.36"
62.210.180.135 - - [02/Jul/2021:13:36:33 -0400] "POST //xmlrpc.php HTTP/1.1" 200 5417 "-" "Mozilla/5.0 (Windows NT 10.0; Win64; x64) AppleWebKit/537.36 (KHTML, like Gecko) Chrome/89.0.4389.114 Safari/537.36"
62.210.180.135 - - [02/Jul/2021:13:36:34 -0400] "POST //xmlrpc.php HTTP/1.1" 200 5417 "-" "Mozilla/5.0 (Windows NT 10.0; Win64; x64) AppleWebKit/537.36 (KHTML, like Gecko) Chrome/89.0.4389.114 Safari/537.36"
62.210.180.135 - - [02/Jul/2021:13:36:34 -0400] "POST //xmlrpc.php HTTP/1.1" 200 5417 "-" "Mozilla/5.0 (Windows NT 10.0; Win64; x64) AppleWebKit/537.36 (KHTML, like Gecko) Chrome/89.0.4389.114 Safari/537.36"
62.210.180.135 - - [02/Jul/2021:13:36:34 -0400] "POST //xmlrpc.php HTTP/1.1" 200 5417 "-" "Mozilla/5.0 (Windows NT 10.0; Win64; x64) AppleWebKit/537.36 (KHTML, like Gecko) Chrome/89.0.4389.114 Safari/537.36"
62.210.180.135 - - [02/Jul/2021:13:36:35 -0400] "POST //xmlrpc.php HTTP/1.1" 200 5417 "-" "Mozilla/5.0 (Windows NT 10.0; Win64; x64) AppleWebKit/537.36 (KHTML, like Gecko) Chrome/89.0.4389.114 Safari/537.36"
62.210.180.135 - - [02/Jul/2021:13:36:35 -0400] "POST //xmlrpc.php HTTP/1.1" 200 5417 "-" "Mozilla/5.0 (Windows NT 10.0; Win64; x64) AppleWebKit/537.36 (KHTML, like Gecko) Chrome/89.0.4389.114 Safari/537.36"
62.210.180.135 - - [02/Jul/2021:13:36:36 -0400] "POST //xmlrpc.php HTTP/1.1" 200 5417 "-" "Mozilla/5.0 (Windows NT 10.0; Win64; x64) AppleWebKit/537.36 (KHTML, like Gecko) Chrome/89.0.4389.114 Safari/537.36"
62.210.180.135 - - [02/Jul/2021:13:36:36 -0400] "POST //xmlrpc.php HTTP/1.1" 200 5417 "-" "Mozilla/5.0 (Windows NT 10.0; Win64; x64) AppleWebKit/537.36 (KHTML, like Gecko) Chrome/89.0.4389.114 Safari/537.36"
62.210.180.135 - - [02/Jul/2021:13:36:37 -0400] "POST //xmlrpc.php HTTP/1.1" 200 5417 "-" "Mozilla/5.0 (Windows NT 10.0; Win64; x64) AppleWebKit/537.36 (KHTML, like Gecko) Chrome/89.0.4389.114 Safari/537.36"
62.210.180.135 - - [02/Jul/2021:13:36:37 -0400] "POST //xmlrpc.php HTTP/1.1" 200 5417 "-" "Mozilla/5.0 (Windows NT 10.0; Win64; x64) AppleWebKit/537.36 (KHTML, like Gecko) Chrome/89.0.4389.114 Safari/537.36"
62.210.180.135 - - [02/Jul/2021:13:36:38 -0400] "POST //xmlrpc.php HTTP/1.1" 200 5417 "-" "Mozilla/5.0 (Windows NT 10.0; Win64; x64) AppleWebKit/537.36 (KHTML, like Gecko) Chrome/89.0.4389.114 Safari/537.36"
62.210.180.135 - - [02/Jul/2021:13:36:38 -0400] "POST //xmlrpc.php HTTP/1.1" 200 5417 "-" "Mozilla/5.0 (Windows NT 10.0; Win64; x64) AppleWebKit/537.36 (KHTML, like Gecko) Chrome/89.0.4389.114 Safari/537.36"
62.210.180.135 - - [02/Jul/2021:13:36:39 -0400] "POST //xmlrpc.php HTTP/1.1" 200 5417 "-" "Mozilla/5.0 (Windows NT 10.0; Win64; x64) AppleWebKit/537.36 (KHTML, like Gecko) Chrome/89.0.4389.114 Safari/537.36"
62.210.180.135 - - [02/Jul/2021:13:36:39 -0400] "POST //xmlrpc.php HTTP/1.1" 200 5417 "-" "Mozilla/5.0 (Windows NT 10.0; Win64; x64) AppleWebKit/537.36 (KHTML, like Gecko) Chrome/89.0.4389.114 Safari/537.36"
62.210.180.135 - - [02/Jul/2021:13:36:40 -0400] "POST //xmlrpc.php HTTP/1.1" 200 5417 "-" "Mozilla/5.0 (Windows NT 10.0; Win64; x64) AppleWebKit/537.36 (KHTML, like Gecko) Chrome/89.0.4389.114 Safari/537.36"
62.210.180.135 - - [02/Jul/2021:13:36:40 -0400] "POST //xmlrpc.php HTTP/1.1" 200 5417 "-" "Mozilla/5.0 (Windows NT 10.0; Win64; x64) AppleWebKit/537.36 (KHTML, like Gecko) Chrome/89.0.4389.114 Safari/537.36"
62.210.180.135 - - [02/Jul/2021:13:36:41 -0400] "POST //xmlrpc.php HTTP/1.1" 200 5417 "-" "Mozilla/5.0 (Windows NT 10.0; Win64; x64) AppleWebKit/537.36 (KHTML, like Gecko) Chrome/89.0.4389.114 Safari/537.36"
62.210.180.135 - - [02/Jul/2021:13:36:41 -0400] "POST //xmlrpc.php HTTP/1.1" 200 5417 "-" "Mozilla/5.0 (Windows NT 10.0; Win64; x64) AppleWebKit/537.36 (KHTML, like Gecko) Chrome/89.0.4389.114 Safari/537.36"
62.210.180.135 - - [02/Jul/2021:13:36:42 -0400] "POST //xmlrpc.php HTTP/1.1" 200 5417 "-" "Mozilla/5.0 (Windows NT 10.0; Win64; x64) AppleWebKit/537.36 (KHTML, like Gecko) Chrome/89.0.4389.114 Safari/537.36"
62.210.180.135 - - [02/Jul/2021:13:36:42 -0400] "POST //xmlrpc.php HTTP/1.1" 200 5417 "-" "Mozilla/5.0 (Windows NT 10.0; Win64; x64) AppleWebKit/537.36 (KHTML, like Gecko) Chrome/89.0.4389.114 Safari/537.36"
62.210.180.135 - - [02/Jul/2021:13:36:43 -0400] "POST //xmlrpc.php HTTP/1.1" 200 5417 "-" "Mozilla/5.0 (Windows NT 10.0; Win64; x64) AppleWebKit/537.36 (KHTML, like Gecko) Chrome/89.0.4389.114 Safari/537.36"
62.210.180.135 - - [02/Jul/2021:13:36:43 -0400] "POST //xmlrpc.php HTTP/1.1" 200 5417 "-" "Mozilla/5.0 (Windows NT 10.0; Win64; x64) AppleWebKit/537.36 (KHTML, like Gecko) Chrome/89.0.4389.114 Safari/537.36"
62.210.180.135 - - [02/Jul/2021:13:36:44 -0400] "POST //xmlrpc.php HTTP/1.1" 200 5417 "-" "Mozilla/5.0 (Windows NT 10.0; Win64; x64) AppleWebKit/537.36 (KHTML, like Gecko) Chrome/89.0.4389.114 Safari/537.36"
62.210.180.135 - - [02/Jul/2021:13:36:45 -0400] "POST //xmlrpc.php HTTP/1.1" 200 5417 "-" "Mozilla/5.0 (Windows NT 10.0; Win64; x64) AppleWebKit/537.36 (KHTML, like Gecko) Chrome/89.0.4389.114 Safari/537.36"
62.210.180.135 - - [02/Jul/2021:13:36:45 -0400] "POST //xmlrpc.php HTTP/1.1" 200 5417 "-" "Mozilla/5.0 (Windows NT 10.0; Win64; x64) AppleWebKit/537.36 (KHTML, like Gecko) Chrome/89.0.4389.114 Safari/537.36"
62.210.180.135 - - [02/Jul/2021:13:36:45 -0400] "POST //xmlrpc.php HTTP/1.1" 200 5417 "-" "Mozilla/5.0 (Windows NT 10.0; Win64; x64) AppleWebKit/537.36 (KHTML, like Gecko) Chrome/89.0.4389.114 Safari/537.36"
62.210.180.135 - - [02/Jul/2021:13:36:46 -0400] "POST //xmlrpc.php HTTP/1.1" 200 5417 "-" "Mozilla/5.0 (Windows NT 10.0; Win64; x64) AppleWebKit/537.36 (KHTML, like Gecko) Chrome/89.0.4389.114 Safari/537.36"
62.210.180.135 - - [02/Jul/2021:13:36:46 -0400] "POST //xmlrpc.php HTTP/1.1" 200 5417 "-" "Mozilla/5.0 (Windows NT 10.0; Win64; x64) AppleWebKit/537.36 (KHTML, like Gecko) Chrome/89.0.4389.114 Safari/537.36"
62.210.180.135 - - [02/Jul/2021:13:36:47 -0400] "POST //xmlrpc.php HTTP/1.1" 200 5417 "-" "Mozilla/5.0 (Windows NT 10.0; Win64; x64) AppleWebKit/537.36 (KHTML, like Gecko) Chrome/89.0.4389.114 Safari/537.36"
62.210.180.135 - - [02/Jul/2021:13:36:47 -0400] "POST //xmlrpc.php HTTP/1.1" 200 5417 "-" "Mozilla/5.0 (Windows NT 10.0; Win64; x64) AppleWebKit/537.36 (KHTML, like Gecko) Chrome/89.0.4389.114 Safari/537.36"
62.210.180.135 - - [02/Jul/2021:13:36:48 -0400] "POST //xmlrpc.php HTTP/1.1" 200 5417 "-" "Mozilla/5.0 (Windows NT 10.0; Win64; x64) AppleWebKit/537.36 (KHTML, like Gecko) Chrome/89.0.4389.114 Safari/537.36"
62.210.180.135 - - [02/Jul/2021:13:36:48 -0400] "POST //xmlrpc.php HTTP/1.1" 200 5417 "-" "Mozilla/5.0 (Windows NT 10.0; Win64; x64) AppleWebKit/537.36 (KHTML, like Gecko) Chrome/89.0.4389.114 Safari/537.36"
62.210.180.135 - - [02/Jul/2021:13:36:49 -0400] "POST //xmlrpc.php HTTP/1.1" 200 5417 "-" "Mozilla/5.0 (Windows NT 10.0; Win64; x64) AppleWebKit/537.36 (KHTML, like Gecko) Chrome/89.0.4389.114 Safari/537.36"
62.210.180.135 - - [02/Jul/2021:13:36:49 -0400] "POST //xmlrpc.php HTTP/1.1" 200 5417 "-" "Mozilla/5.0 (Windows NT 10.0; Win64; x64) AppleWebKit/537.36 (KHTML, like Gecko) Chrome/89.0.4389.114 Safari/537.36"
62.210.180.135 - - [02/Jul/2021:13:36:50 -0400] "POST //xmlrpc.php HTTP/1.1" 200 5417 "-" "Mozilla/5.0 (Windows NT 10.0; Win64; x64) AppleWebKit/537.36 (KHTML, like Gecko) Chrome/89.0.4389.114 Safari/537.36"
62.210.180.135 - - [02/Jul/2021:13:36:50 -0400] "POST //xmlrpc.php HTTP/1.1" 200 5417 "-" "Mozilla/5.0 (Windows NT 10.0; Win64; x64) AppleWebKit/537.36 (KHTML, like Gecko) Chrome/89.0.4389.114 Safari/537.36"
62.210.180.135 - - [02/Jul/2021:13:36:51 -0400] "POST //xmlrpc.php HTTP/1.1" 200 5417 "-" "Mozilla/5.0 (Windows NT 10.0; Win64; x64) AppleWebKit/537.36 (KHTML, like Gecko) Chrome/89.0.4389.114 Safari/537.36"
62.210.180.135 - - [02/Jul/2021:13:36:51 -0400] "POST //xmlrpc.php HTTP/1.1" 200 5417 "-" "Mozilla/5.0 (Windows NT 10.0; Win64; x64) AppleWebKit/537.36 (KHTML, like Gecko) Chrome/89.0.4389.114 Safari/537.36"
62.210.180.135 - - [02/Jul/2021:13:36:52 -0400] "POST //xmlrpc.php HTTP/1.1" 200 5417 "-" "Mozilla/5.0 (Windows NT 10.0; Win64; x64) AppleWebKit/537.36 (KHTML, like Gecko) Chrome/89.0.4389.114 Safari/537.36"
62.210.180.135 - - [02/Jul/2021:13:36:52 -0400] "POST //xmlrpc.php HTTP/1.1" 200 5417 "-" "Mozilla/5.0 (Windows NT 10.0; Win64; x64) AppleWebKit/537.36 (KHTML, like Gecko) Chrome/89.0.4389.114 Safari/537.36"
54.36.149.27 - - [02/Jul/2021:13:36:52 -0400] "GET / HTTP/1.1" 200 25311 "-" "Mozilla/5.0 (compatible; AhrefsBot/7.0; +http://ahrefs.com/robot/)"
62.210.180.135 - - [02/Jul/2021:13:36:53 -0400] "POST //xmlrpc.php HTTP/1.1" 200 5417 "-" "Mozilla/5.0 (Windows NT 10.0; Win64; x64) AppleWebKit/537.36 (KHTML, like Gecko) Chrome/89.0.4389.114 Safari/537.36"
62.210.180.135 - - [02/Jul/2021:13:36:54 -0400] "POST //xmlrpc.php HTTP/1.1" 200 5417 "-" "Mozilla/5.0 (Windows NT 10.0; Win64; x64) AppleWebKit/537.36 (KHTML, like Gecko) Chrome/89.0.4389.114 Safari/537.36"
62.210.180.135 - - [02/Jul/2021:13:36:54 -0400] "POST //xmlrpc.php HTTP/1.1" 200 5417 "-" "Mozilla/5.0 (Windows NT 10.0; Win64; x64) AppleWebKit/537.36 (KHTML, like Gecko) Chrome/89.0.4389.114 Safari/537.36"
62.210.180.135 - - [02/Jul/2021:13:36:55 -0400] "POST //xmlrpc.php HTTP/1.1" 200 5417 "-" "Mozilla/5.0 (Windows NT 10.0; Win64; x64) AppleWebKit/537.36 (KHTML, like Gecko) Chrome/89.0.4389.114 Safari/537.36"
62.210.180.135 - - [02/Jul/2021:13:36:55 -0400] "POST //xmlrpc.php HTTP/1.1" 200 5417 "-" "Mozilla/5.0 (Windows NT 10.0; Win64; x64) AppleWebKit/537.36 (KHTML, like Gecko) Chrome/89.0.4389.114 Safari/537.36"
62.210.180.135 - - [02/Jul/2021:13:36:56 -0400] "POST //xmlrpc.php HTTP/1.1" 200 5417 "-" "Mozilla/5.0 (Windows NT 10.0; Win64; x64) AppleWebKit/537.36 (KHTML, like Gecko) Chrome/89.0.4389.114 Safari/537.36"
62.210.180.135 - - [02/Jul/2021:13:36:56 -0400] "POST //xmlrpc.php HTTP/1.1" 200 5417 "-" "Mozilla/5.0 (Windows NT 10.0; Win64; x64) AppleWebKit/537.36 (KHTML, like Gecko) Chrome/89.0.4389.114 Safari/537.36"
204.48.19.85 - - [02/Jul/2021:13:36:57 -0400] "POST /wp-cron.php?doing_wp_cron=1625247417.1143860816955566406250 HTTP/1.1" 200 5548 "https://angelsonhighstreet.com/wp-cron.php?doing_wp_cron=1625247417.1143860816955566406250" "WordPress/5.7.2; https://angelsonhighstreet.com"
62.210.180.135 - - [02/Jul/2021:13:36:56 -0400] "POST //xmlrpc.php HTTP/1.1" 200 5417 "-" "Mozilla/5.0 (Windows NT 10.0; Win64; x64) AppleWebKit/537.36 (KHTML, like Gecko) Chrome/89.0.4389.114 Safari/537.36"
62.210.180.135 - - [02/Jul/2021:13:36:57 -0400] "POST //xmlrpc.php HTTP/1.1" 200 5417 "-" "Mozilla/5.0 (Windows NT 10.0; Win64; x64) AppleWebKit/537.36 (KHTML, like Gecko) Chrome/89.0.4389.114 Safari/537.36"
62.210.180.135 - - [02/Jul/2021:13:36:58 -0400] "POST //xmlrpc.php HTTP/1.1" 200 5417 "-" "Mozilla/5.0 (Windows NT 10.0; Win64; x64) AppleWebKit/537.36 (KHTML, like Gecko) Chrome/89.0.4389.114 Safari/537.36"
62.210.180.135 - - [02/Jul/2021:13:36:58 -0400] "POST //xmlrpc.php HTTP/1.1" 200 5417 "-" "Mozilla/5.0 (Windows NT 10.0; Win64; x64) AppleWebKit/537.36 (KHTML, like Gecko) Chrome/89.0.4389.114 Safari/537.36"
62.210.180.135 - - [02/Jul/2021:13:36:59 -0400] "POST //xmlrpc.php HTTP/1.1" 200 5417 "-" "Mozilla/5.0 (Windows NT 10.0; Win64; x64) AppleWebKit/537.36 (KHTML, like Gecko) Chrome/89.0.4389.114 Safari/537.36"
180.250.28.34 - - [02/Jul/2021:13:37:03 -0400] "GET /wp-login.php HTTP/1.1" 200 7305 "-" "Mozilla/5.0 (X11; Ubuntu; Linux x86_64; rv:62.0) Gecko/20100101 Firefox/62.0"
180.250.28.34 - - [02/Jul/2021:13:37:04 -0400] "POST /wp-login.php HTTP/1.1" 200 7429 "-" "Mozilla/5.0 (X11; Ubuntu; Linux x86_64; rv:62.0) Gecko/20100101 Firefox/62.0"
180.250.28.34 - - [02/Jul/2021:13:37:05 -0400] "GET /wp-login.php HTTP/1.1" 200 7305 "-" "Mozilla/5.0 (X11; Ubuntu; Linux x86_64; rv:62.0) Gecko/20100101 Firefox/62.0"
180.250.28.34 - - [02/Jul/2021:13:37:07 -0400] "POST /wp-login.php HTTP/1.1" 200 7408 "-" "Mozilla/5.0 (X11; Ubuntu; Linux x86_64; rv:62.0) Gecko/20100101 Firefox/62.0"
180.250.28.34 - - [02/Jul/2021:13:37:08 -0400] "POST /xmlrpc.php HTTP/1.1" 200 5050 "-" "Mozilla/5.0 (X11; Ubuntu; Linux x86_64; rv:62.0) Gecko/20100101 Firefox/62.0"
204.48.19.85 - - [02/Jul/2021:13:40:26 -0400] "POST /wp-cron.php?doing_wp_cron=1625247626.2801060676574707031250 HTTP/1.1" 200 5548 "https://angelsonhighstreet.com/wp-cron.php?doing_wp_cron=1625247626.2801060676574707031250" "WordPress/5.7.2; https://angelsonhighstreet.com"
3.127.243.149 - - [02/Jul/2021:13:40:26 -0400] "POST /wp-login.php HTTP/1.1" 200 8134 "-" "Mozilla/5.0 (Windows NT 10.0; WOW64) AppleWebKit/537.36 (KHTML, like Gecko) Chrome/57.0.2987.133 Safari/537.36"
54.36.149.74 - - [02/Jul/2021:13:40:44 -0400] "GET /product-category/oils?product_orderby=rating&product_order=desc&product_count=48&product_view=list HTTP/1.1" 200 20750 "-" "Mozilla/5.0 (compatible; AhrefsBot/7.0; +http://ahrefs.com/robot/)"
194.61.54.86 - - [02/Jul/2021:13:41:41 -0400] "GET /wp-admin/ HTTP/1.1" 301 613 "http://angelsonhighstreet.com" "Mozilla/5.0 (Windows NT 6.1; Win64; x64) AppleWebKit/537.36 (KHTML, like Gecko) Chrome/59.0.3071.115 Safari/537.36"
204.48.19.85 - - [02/Jul/2021:13:41:42 -0400] "POST /wp-cron.php?doing_wp_cron=1625247702.5502769947052001953125 HTTP/1.1" 200 5548 "https://angelsonhighstreet.com/wp-cron.php?doing_wp_cron=1625247702.5502769947052001953125" "WordPress/5.7.2; https://angelsonhighstreet.com"
194.61.54.86 - - [02/Jul/2021:13:41:41 -0400] "GET /wp-admin/ HTTP/1.1" 302 5473 "-" "Mozilla/5.0 (Windows NT 6.1; Win64; x64) AppleWebKit/537.36 (KHTML, like Gecko) Chrome/59.0.3071.115 Safari/537.36"
194.61.54.86 - - [02/Jul/2021:13:41:42 -0400] "GET /?author=1 HTTP/1.1" 301 421 "-" "Mozilla/5.0 (Windows NT 6.1; Win64; x64) AppleWebKit/537.36 (KHTML, like Gecko) Chrome/59.0.3071.115 Safari/537.36"
194.61.54.86 - - [02/Jul/2021:13:41:43 -0400] "GET /?author=2 HTTP/1.1" 404 59800 "-" "Mozilla/5.0 (Windows NT 6.1; Win64; x64) AppleWebKit/537.36 (KHTML, like Gecko) Chrome/59.0.3071.115 Safari/537.36"
194.61.54.86 - - [02/Jul/2021:13:41:45 -0400] "GET /xmlrpc.php HTTP/1.1" 405 5297 "-" "Mozilla/5.0 (Windows NT 6.1; Win64; x64) AppleWebKit/537.36 (KHTML, like Gecko) Chrome/59.0.3071.115 Safari/537.36"
194.61.54.86 - - [02/Jul/2021:13:41:45 -0400] "POST /xmlrpc.php HTTP/1.1" 403 629 "-" "Mozilla/5.0 (Windows NT 6.1; Win64; x64) AppleWebKit/537.36 (KHTML, like Gecko) Chrome/59.0.3071.115 Safari/537.36"
194.61.54.86 - - [02/Jul/2021:13:41:48 -0400] "POST /xmlrpc.php HTTP/1.1" 403 5601 "-" "Mozilla/5.0 (Windows NT 6.1; Win64; x64) AppleWebKit/537.36 (KHTML, like Gecko) Chrome/59.0.3071.115 Safari/537.36"
194.61.54.86 - - [02/Jul/2021:13:41:49 -0400] "POST /xmlrpc.php HTTP/1.1" 403 5601 "-" "Mozilla/5.0 (Windows NT 6.1; Win64; x64) AppleWebKit/537.36 (KHTML, like Gecko) Chrome/59.0.3071.115 Safari/537.36"
194.61.54.86 - - [02/Jul/2021:13:41:51 -0400] "POST /xmlrpc.php HTTP/1.1" 403 5601 "-" "Mozilla/5.0 (Windows NT 6.1; Win64; x64) AppleWebKit/537.36 (KHTML, like Gecko) Chrome/59.0.3071.115 Safari/537.36"
194.61.54.86 - - [02/Jul/2021:13:41:53 -0400] "POST /xmlrpc.php HTTP/1.1" 403 5601 "-" "Mozilla/5.0 (Windows NT 6.1; Win64; x64) AppleWebKit/537.36 (KHTML, like Gecko) Chrome/59.0.3071.115 Safari/537.36"
194.61.54.86 - - [02/Jul/2021:13:41:55 -0400] "POST /xmlrpc.php HTTP/1.1" 403 5601 "-" "Mozilla/5.0 (Windows NT 6.1; Win64; x64) AppleWebKit/537.36 (KHTML, like Gecko) Chrome/59.0.3071.115 Safari/537.36"
204.48.19.85 - - [02/Jul/2021:13:41:58 -0400] "POST /wp-cron.php?doing_wp_cron=1625247718.0946838855743408203125 HTTP/1.1" 200 5548 "https://angelsonhighstreet.com/wp-cron.php?doing_wp_cron=1625247718.0946838855743408203125" "WordPress/5.7.2; https://angelsonhighstreet.com"
194.61.54.86 - - [02/Jul/2021:13:41:57 -0400] "POST /xmlrpc.php HTTP/1.1" 403 5601 "-" "Mozilla/5.0 (Windows NT 6.1; Win64; x64) AppleWebKit/537.36 (KHTML, like Gecko) Chrome/59.0.3071.115 Safari/537.36"
194.61.54.86 - - [02/Jul/2021:13:41:59 -0400] "POST /xmlrpc.php HTTP/1.1" 403 5601 "-" "Mozilla/5.0 (Windows NT 6.1; Win64; x64) AppleWebKit/537.36 (KHTML, like Gecko) Chrome/59.0.3071.115 Safari/537.36"
194.61.54.86 - - [02/Jul/2021:13:42:01 -0400] "POST /xmlrpc.php HTTP/1.1" 403 5601 "-" "Mozilla/5.0 (Windows NT 6.1; Win64; x64) AppleWebKit/537.36 (KHTML, like Gecko) Chrome/59.0.3071.115 Safari/537.36"
194.61.54.86 - - [02/Jul/2021:13:42:03 -0400] "POST /xmlrpc.php HTTP/1.1" 403 5601 "-" "Mozilla/5.0 (Windows NT 6.1; Win64; x64) AppleWebKit/537.36 (KHTML, like Gecko) Chrome/59.0.3071.115 Safari/537.36"
194.61.54.86 - - [02/Jul/2021:13:42:05 -0400] "POST /xmlrpc.php HTTP/1.1" 403 5601 "-" "Mozilla/5.0 (Windows NT 6.1; Win64; x64) AppleWebKit/537.36 (KHTML, like Gecko) Chrome/59.0.3071.115 Safari/537.36"
194.61.54.86 - - [02/Jul/2021:13:42:06 -0400] "POST /xmlrpc.php HTTP/1.1" 403 5601 "-" "Mozilla/5.0 (Windows NT 6.1; Win64; x64) AppleWebKit/537.36 (KHTML, like Gecko) Chrome/59.0.3071.115 Safari/537.36"
194.61.54.86 - - [02/Jul/2021:13:42:07 -0400] "POST /xmlrpc.php HTTP/1.1" 403 5601 "-" "Mozilla/5.0 (Windows NT 6.1; Win64; x64) AppleWebKit/537.36 (KHTML, like Gecko) Chrome/59.0.3071.115 Safari/537.36"
194.61.54.86 - - [02/Jul/2021:13:42:09 -0400] "POST /xmlrpc.php HTTP/1.1" 403 5601 "-" "Mozilla/5.0 (Windows NT 6.1; Win64; x64) AppleWebKit/537.36 (KHTML, like Gecko) Chrome/59.0.3071.115 Safari/537.36"
194.61.54.86 - - [02/Jul/2021:13:42:11 -0400] "POST /xmlrpc.php HTTP/1.1" 403 5601 "-" "Mozilla/5.0 (Windows NT 6.1; Win64; x64) AppleWebKit/537.36 (KHTML, like Gecko) Chrome/59.0.3071.115 Safari/537.36"
194.61.54.86 - - [02/Jul/2021:13:42:12 -0400] "POST /xmlrpc.php HTTP/1.1" 403 5601 "-" "Mozilla/5.0 (Windows NT 6.1; Win64; x64) AppleWebKit/537.36 (KHTML, like Gecko) Chrome/59.0.3071.115 Safari/537.36"
194.61.54.86 - - [02/Jul/2021:13:42:16 -0400] "POST /xmlrpc.php HTTP/1.1" 403 5601 "-" "Mozilla/5.0 (Windows NT 6.1; Win64; x64) AppleWebKit/537.36 (KHTML, like Gecko) Chrome/59.0.3071.115 Safari/537.36"
194.61.54.86 - - [02/Jul/2021:13:42:17 -0400] "POST /xmlrpc.php HTTP/1.1" 403 5601 "-" "Mozilla/5.0 (Windows NT 6.1; Win64; x64) AppleWebKit/537.36 (KHTML, like Gecko) Chrome/59.0.3071.115 Safari/537.36"
194.61.54.86 - - [02/Jul/2021:13:42:19 -0400] "POST /xmlrpc.php HTTP/1.1" 403 5601 "-" "Mozilla/5.0 (Windows NT 6.1; Win64; x64) AppleWebKit/537.36 (KHTML, like Gecko) Chrome/59.0.3071.115 Safari/537.36"
194.61.54.86 - - [02/Jul/2021:13:42:21 -0400] "POST /xmlrpc.php HTTP/1.1" 403 5601 "-" "Mozilla/5.0 (Windows NT 6.1; Win64; x64) AppleWebKit/537.36 (KHTML, like Gecko) Chrome/59.0.3071.115 Safari/537.36"
194.61.54.86 - - [02/Jul/2021:13:42:25 -0400] "POST /xmlrpc.php HTTP/1.1" 403 5601 "-" "Mozilla/5.0 (Windows NT 6.1; Win64; x64) AppleWebKit/537.36 (KHTML, like Gecko) Chrome/59.0.3071.115 Safari/537.36"
194.61.54.86 - - [02/Jul/2021:13:42:26 -0400] "POST /xmlrpc.php HTTP/1.1" 403 5601 "-" "Mozilla/5.0 (Windows NT 6.1; Win64; x64) AppleWebKit/537.36 (KHTML, like Gecko) Chrome/59.0.3071.115 Safari/537.36"
194.61.54.86 - - [02/Jul/2021:13:42:29 -0400] "POST /xmlrpc.php HTTP/1.1" 403 5601 "-" "Mozilla/5.0 (Windows NT 6.1; Win64; x64) AppleWebKit/537.36 (KHTML, like Gecko) Chrome/59.0.3071.115 Safari/537.36"
194.61.54.86 - - [02/Jul/2021:13:42:31 -0400] "POST /xmlrpc.php HTTP/1.1" 403 5601 "-" "Mozilla/5.0 (Windows NT 6.1; Win64; x64) AppleWebKit/537.36 (KHTML, like Gecko) Chrome/59.0.3071.115 Safari/537.36"
194.61.54.86 - - [02/Jul/2021:13:42:33 -0400] "POST /xmlrpc.php HTTP/1.1" 403 5601 "-" "Mozilla/5.0 (Windows NT 6.1; Win64; x64) AppleWebKit/537.36 (KHTML, like Gecko) Chrome/59.0.3071.115 Safari/537.36"
194.61.54.86 - - [02/Jul/2021:13:42:35 -0400] "POST /xmlrpc.php HTTP/1.1" 403 5601 "-" "Mozilla/5.0 (Windows NT 6.1; Win64; x64) AppleWebKit/537.36 (KHTML, like Gecko) Chrome/59.0.3071.115 Safari/537.36"
194.61.54.86 - - [02/Jul/2021:13:42:37 -0400] "POST /xmlrpc.php HTTP/1.1" 403 5601 "-" "Mozilla/5.0 (Windows NT 6.1; Win64; x64) AppleWebKit/537.36 (KHTML, like Gecko) Chrome/59.0.3071.115 Safari/537.36"
194.61.54.86 - - [02/Jul/2021:13:42:39 -0400] "POST /xmlrpc.php HTTP/1.1" 403 5601 "-" "Mozilla/5.0 (Windows NT 6.1; Win64; x64) AppleWebKit/537.36 (KHTML, like Gecko) Chrome/59.0.3071.115 Safari/537.36"
194.61.54.86 - - [02/Jul/2021:13:42:41 -0400] "POST /xmlrpc.php HTTP/1.1" 403 5601 "-" "Mozilla/5.0 (Windows NT 6.1; Win64; x64) AppleWebKit/537.36 (KHTML, like Gecko) Chrome/59.0.3071.115 Safari/537.36"
194.61.54.86 - - [02/Jul/2021:13:42:43 -0400] "POST /xmlrpc.php HTTP/1.1" 403 5601 "-" "Mozilla/5.0 (Windows NT 6.1; Win64; x64) AppleWebKit/537.36 (KHTML, like Gecko) Chrome/59.0.3071.115 Safari/537.36"
194.61.54.86 - - [02/Jul/2021:13:42:45 -0400] "POST /xmlrpc.php HTTP/1.1" 403 5601 "-" "Mozilla/5.0 (Windows NT 6.1; Win64; x64) AppleWebKit/537.36 (KHTML, like Gecko) Chrome/59.0.3071.115 Safari/537.36"
194.61.54.86 - - [02/Jul/2021:13:42:48 -0400] "POST /xmlrpc.php HTTP/1.1" 403 5601 "-" "Mozilla/5.0 (Windows NT 6.1; Win64; x64) AppleWebKit/537.36 (KHTML, like Gecko) Chrome/59.0.3071.115 Safari/537.36"
194.61.54.86 - - [02/Jul/2021:13:42:50 -0400] "POST /xmlrpc.php HTTP/1.1" 403 5601 "-" "Mozilla/5.0 (Windows NT 6.1; Win64; x64) AppleWebKit/537.36 (KHTML, like Gecko) Chrome/59.0.3071.115 Safari/537.36"
194.61.54.86 - - [02/Jul/2021:13:42:52 -0400] "POST /xmlrpc.php HTTP/1.1" 403 5601 "-" "Mozilla/5.0 (Windows NT 6.1; Win64; x64) AppleWebKit/537.36 (KHTML, like Gecko) Chrome/59.0.3071.115 Safari/537.36"
194.61.54.86 - - [02/Jul/2021:13:42:54 -0400] "POST /xmlrpc.php HTTP/1.1" 403 5601 "-" "Mozilla/5.0 (Windows NT 6.1; Win64; x64) AppleWebKit/537.36 (KHTML, like Gecko) Chrome/59.0.3071.115 Safari/537.36"
194.61.54.86 - - [02/Jul/2021:13:42:56 -0400] "POST /xmlrpc.php HTTP/1.1" 403 5601 "-" "Mozilla/5.0 (Windows NT 6.1; Win64; x64) AppleWebKit/537.36 (KHTML, like Gecko) Chrome/59.0.3071.115 Safari/537.36"
204.48.19.85 - - [02/Jul/2021:13:42:58 -0400] "POST /wp-cron.php?doing_wp_cron=1625247778.2536370754241943359375 HTTP/1.1" 200 5548 "https://angelsonhighstreet.com/wp-cron.php?doing_wp_cron=1625247778.2536370754241943359375" "WordPress/5.7.2; https://angelsonhighstreet.com"
194.61.54.86 - - [02/Jul/2021:13:42:58 -0400] "POST /xmlrpc.php HTTP/1.1" 403 5601 "-" "Mozilla/5.0 (Windows NT 6.1; Win64; x64) AppleWebKit/537.36 (KHTML, like Gecko) Chrome/59.0.3071.115 Safari/537.36"
194.61.54.86 - - [02/Jul/2021:13:43:01 -0400] "POST /xmlrpc.php HTTP/1.1" 403 5601 "-" "Mozilla/5.0 (Windows NT 6.1; Win64; x64) AppleWebKit/537.36 (KHTML, like Gecko) Chrome/59.0.3071.115 Safari/537.36"
194.61.54.86 - - [02/Jul/2021:13:43:02 -0400] "POST /xmlrpc.php HTTP/1.1" 403 5601 "-" "Mozilla/5.0 (Windows NT 6.1; Win64; x64) AppleWebKit/537.36 (KHTML, like Gecko) Chrome/59.0.3071.115 Safari/537.36"
194.61.54.86 - - [02/Jul/2021:13:43:04 -0400] "POST /xmlrpc.php HTTP/1.1" 403 5601 "-" "Mozilla/5.0 (Windows NT 6.1; Win64; x64) AppleWebKit/537.36 (KHTML, like Gecko) Chrome/59.0.3071.115 Safari/537.36"
194.61.54.86 - - [02/Jul/2021:13:43:05 -0400] "POST /xmlrpc.php HTTP/1.1" 403 5601 "-" "Mozilla/5.0 (Windows NT 6.1; Win64; x64) AppleWebKit/537.36 (KHTML, like Gecko) Chrome/59.0.3071.115 Safari/537.36"
194.61.54.86 - - [02/Jul/2021:13:43:07 -0400] "POST /xmlrpc.php HTTP/1.1" 403 5601 "-" "Mozilla/5.0 (Windows NT 6.1; Win64; x64) AppleWebKit/537.36 (KHTML, like Gecko) Chrome/59.0.3071.115 Safari/537.36"
194.61.54.86 - - [02/Jul/2021:13:43:09 -0400] "POST /xmlrpc.php HTTP/1.1" 403 5601 "-" "Mozilla/5.0 (Windows NT 6.1; Win64; x64) AppleWebKit/537.36 (KHTML, like Gecko) Chrome/59.0.3071.115 Safari/537.36"
194.61.54.86 - - [02/Jul/2021:13:43:12 -0400] "POST /xmlrpc.php HTTP/1.1" 403 5601 "-" "Mozilla/5.0 (Windows NT 6.1; Win64; x64) AppleWebKit/537.36 (KHTML, like Gecko) Chrome/59.0.3071.115 Safari/537.36"
194.61.54.86 - - [02/Jul/2021:13:43:14 -0400] "POST /xmlrpc.php HTTP/1.1" 403 5601 "-" "Mozilla/5.0 (Windows NT 6.1; Win64; x64) AppleWebKit/537.36 (KHTML, like Gecko) Chrome/59.0.3071.115 Safari/537.36"
194.61.54.86 - - [02/Jul/2021:13:43:15 -0400] "POST /xmlrpc.php HTTP/1.1" 403 5601 "-" "Mozilla/5.0 (Windows NT 6.1; Win64; x64) AppleWebKit/537.36 (KHTML, like Gecko) Chrome/59.0.3071.115 Safari/537.36"
194.61.54.86 - - [02/Jul/2021:13:43:18 -0400] "POST /xmlrpc.php HTTP/1.1" 403 5601 "-" "Mozilla/5.0 (Windows NT 6.1; Win64; x64) AppleWebKit/537.36 (KHTML, like Gecko) Chrome/59.0.3071.115 Safari/537.36"
194.61.54.86 - - [02/Jul/2021:13:43:19 -0400] "POST /xmlrpc.php HTTP/1.1" 403 5601 "-" "Mozilla/5.0 (Windows NT 6.1; Win64; x64) AppleWebKit/537.36 (KHTML, like Gecko) Chrome/59.0.3071.115 Safari/537.36"
194.61.54.86 - - [02/Jul/2021:13:43:23 -0400] "POST /xmlrpc.php HTTP/1.1" 403 5601 "-" "Mozilla/5.0 (Windows NT 6.1; Win64; x64) AppleWebKit/537.36 (KHTML, like Gecko) Chrome/59.0.3071.115 Safari/537.36"
194.61.54.86 - - [02/Jul/2021:13:43:26 -0400] "POST /xmlrpc.php HTTP/1.1" 403 5601 "-" "Mozilla/5.0 (Windows NT 6.1; Win64; x64) AppleWebKit/537.36 (KHTML, like Gecko) Chrome/59.0.3071.115 Safari/537.36"
194.61.54.86 - - [02/Jul/2021:13:43:27 -0400] "POST /xmlrpc.php HTTP/1.1" 403 5601 "-" "Mozilla/5.0 (Windows NT 6.1; Win64; x64) AppleWebKit/537.36 (KHTML, like Gecko) Chrome/59.0.3071.115 Safari/537.36"
194.61.54.86 - - [02/Jul/2021:13:43:29 -0400] "POST /xmlrpc.php HTTP/1.1" 403 5601 "-" "Mozilla/5.0 (Windows NT 6.1; Win64; x64) AppleWebKit/537.36 (KHTML, like Gecko) Chrome/59.0.3071.115 Safari/537.36"
194.61.54.86 - - [02/Jul/2021:13:43:32 -0400] "POST /xmlrpc.php HTTP/1.1" 403 5601 "-" "Mozilla/5.0 (Windows NT 6.1; Win64; x64) AppleWebKit/537.36 (KHTML, like Gecko) Chrome/59.0.3071.115 Safari/537.36"
194.61.54.86 - - [02/Jul/2021:13:43:33 -0400] "POST /xmlrpc.php HTTP/1.1" 403 5601 "-" "Mozilla/5.0 (Windows NT 6.1; Win64; x64) AppleWebKit/537.36 (KHTML, like Gecko) Chrome/59.0.3071.115 Safari/537.36"
194.61.54.86 - - [02/Jul/2021:13:43:35 -0400] "POST /xmlrpc.php HTTP/1.1" 403 5601 "-" "Mozilla/5.0 (Windows NT 6.1; Win64; x64) AppleWebKit/537.36 (KHTML, like Gecko) Chrome/59.0.3071.115 Safari/537.36"
194.61.54.86 - - [02/Jul/2021:13:43:37 -0400] "POST /xmlrpc.php HTTP/1.1" 403 5601 "-" "Mozilla/5.0 (Windows NT 6.1; Win64; x64) AppleWebKit/537.36 (KHTML, like Gecko) Chrome/59.0.3071.115 Safari/537.36"
194.61.54.86 - - [02/Jul/2021:13:43:40 -0400] "POST /xmlrpc.php HTTP/1.1" 403 5601 "-" "Mozilla/5.0 (Windows NT 6.1; Win64; x64) AppleWebKit/537.36 (KHTML, like Gecko) Chrome/59.0.3071.115 Safari/537.36"
194.61.54.86 - - [02/Jul/2021:13:43:42 -0400] "POST /xmlrpc.php HTTP/1.1" 403 5601 "-" "Mozilla/5.0 (Windows NT 6.1; Win64; x64) AppleWebKit/537.36 (KHTML, like Gecko) Chrome/59.0.3071.115 Safari/537.36"
194.61.54.86 - - [02/Jul/2021:13:43:44 -0400] "POST /xmlrpc.php HTTP/1.1" 403 5601 "-" "Mozilla/5.0 (Windows NT 6.1; Win64; x64) AppleWebKit/537.36 (KHTML, like Gecko) Chrome/59.0.3071.115 Safari/537.36"
194.61.54.86 - - [02/Jul/2021:13:43:46 -0400] "POST /xmlrpc.php HTTP/1.1" 403 5601 "-" "Mozilla/5.0 (Windows NT 6.1; Win64; x64) AppleWebKit/537.36 (KHTML, like Gecko) Chrome/59.0.3071.115 Safari/537.36"
194.61.54.86 - - [02/Jul/2021:13:43:48 -0400] "POST /xmlrpc.php HTTP/1.1" 403 5601 "-" "Mozilla/5.0 (Windows NT 6.1; Win64; x64) AppleWebKit/537.36 (KHTML, like Gecko) Chrome/59.0.3071.115 Safari/537.36"
194.61.54.86 - - [02/Jul/2021:13:43:49 -0400] "POST /xmlrpc.php HTTP/1.1" 403 5601 "-" "Mozilla/5.0 (Windows NT 6.1; Win64; x64) AppleWebKit/537.36 (KHTML, like Gecko) Chrome/59.0.3071.115 Safari/537.36"
204.48.19.85 - - [02/Jul/2021:13:44:43 -0400] "POST /wp-cron.php?doing_wp_cron=1625247883.9783530235290527343750 HTTP/1.1" 200 5548 "https://angelsonhighstreet.com/wp-cron.php?doing_wp_cron=1625247883.9783530235290527343750" "WordPress/5.7.2; https://angelsonhighstreet.com"
54.36.149.4 - - [02/Jul/2021:13:44:43 -0400] "GET /product-category/oils?product_orderby=name&product_order=asc&product_count=32&product_view=list HTTP/1.1" 200 20729 "-" "Mozilla/5.0 (compatible; AhrefsBot/7.0; +http://ahrefs.com/robot/)"
204.48.19.85 - - [02/Jul/2021:13:45:54 -0400] "POST /wp-cron.php?doing_wp_cron=1625247954.4610550403594970703125 HTTP/1.1" 200 5548 "https://angelsonhighstreet.com/wp-cron.php?doing_wp_cron=1625247954.4610550403594970703125" "WordPress/5.7.2; https://angelsonhighstreet.com"
35.229.113.181 - - [02/Jul/2021:13:45:54 -0400] "GET /robots.txt HTTP/1.0" 200 5055 "-" "ZoominfoBot (zoominfobot at zoominfo dot com)"
35.229.113.181 - - [02/Jul/2021:13:45:54 -0400] "GET /comments/feed HTTP/1.0" 200 3584 "-" "ZoominfoBot (zoominfobot at zoominfo dot com)"
204.48.19.85 - - [02/Jul/2021:13:48:13 -0400] "POST /wp-cron.php?doing_wp_cron=1625248093.0636899471282958984375 HTTP/1.1" 200 5548 "https://angelsonhighstreet.com/wp-cron.php?doing_wp_cron=1625248093.0636899471282958984375" "WordPress/5.7.2; https://angelsonhighstreet.com"
35.229.113.181 - - [02/Jul/2021:13:48:12 -0400] "GET /shop/cbg-salve-with-hawiian-haze-terpenes HTTP/1.0" 200 24812 "-" "ZoominfoBot (zoominfobot at zoominfo dot com)"
54.36.149.18 - - [02/Jul/2021:13:48:40 -0400] "GET /product-category/oils?product_orderby=price&product_order=asc&product_count=32&product_view=grid HTTP/1.1" 200 20485 "-" "Mozilla/5.0 (compatible; AhrefsBot/7.0; +http://ahrefs.com/robot/)"
204.48.19.85 - - [02/Jul/2021:13:50:37 -0400] "POST /wp-cron.php?doing_wp_cron=1625248237.4598340988159179687500 HTTP/1.1" 200 5548 "https://angelsonhighstreet.com/wp-cron.php?doing_wp_cron=1625248237.4598340988159179687500" "WordPress/5.7.2; https://angelsonhighstreet.com"
34.68.97.70 - - [02/Jul/2021:13:50:37 -0400] "GET /wp-login.php HTTP/1.1" 200 7305 "-" "Mozilla/5.0 (X11; Ubuntu; Linux x86_64; rv:62.0) Gecko/20100101 Firefox/62.0"
34.68.97.70 - - [02/Jul/2021:13:50:37 -0400] "POST /wp-login.php HTTP/1.1" 200 7429 "-" "Mozilla/5.0 (X11; Ubuntu; Linux x86_64; rv:62.0) Gecko/20100101 Firefox/62.0"
34.68.97.70 - - [02/Jul/2021:13:50:38 -0400] "GET /wp-login.php HTTP/1.1" 200 7305 "-" "Mozilla/5.0 (X11; Ubuntu; Linux x86_64; rv:62.0) Gecko/20100101 Firefox/62.0"
34.68.97.70 - - [02/Jul/2021:13:50:38 -0400] "POST /wp-login.php HTTP/1.1" 200 7408 "-" "Mozilla/5.0 (X11; Ubuntu; Linux x86_64; rv:62.0) Gecko/20100101 Firefox/62.0"
34.68.97.70 - - [02/Jul/2021:13:50:39 -0400] "POST /xmlrpc.php HTTP/1.1" 200 5050 "-" "Mozilla/5.0 (X11; Ubuntu; Linux x86_64; rv:62.0) Gecko/20100101 Firefox/62.0"
204.48.19.85 - - [02/Jul/2021:13:51:57 -0400] "POST /wp-cron.php?doing_wp_cron=1625248317.3121919631958007812500 HTTP/1.1" 200 5548 "https://angelsonhighstreet.com/wp-cron.php?doing_wp_cron=1625248317.3121919631958007812500" "WordPress/5.7.2; https://angelsonhighstreet.com"
35.229.113.181 - - [02/Jul/2021:13:51:57 -0400] "GET /xmlrpc.php?rsd HTTP/1.0" 200 5137 "-" "ZoominfoBot (zoominfobot at zoominfo dot com)"
35.229.113.181 - - [02/Jul/2021:13:52:16 -0400] "GET /cbd-oils HTTP/1.0" 200 19783 "-" "ZoominfoBot (zoominfobot at zoominfo dot com)"
54.36.149.103 - - [02/Jul/2021:13:52:23 -0400] "GET /product-category/oils?product_orderby=price&product_order=asc&product_count=48&product_view=grid HTTP/1.1" 200 20484 "-" "Mozilla/5.0 (compatible; AhrefsBot/7.0; +http://ahrefs.com/robot/)"
204.48.19.85 - - [02/Jul/2021:13:53:42 -0400] "POST /wp-cron.php?doing_wp_cron=1625248422.5889759063720703125000 HTTP/1.1" 200 5548 "https://angelsonhighstreet.com/wp-cron.php?doing_wp_cron=1625248422.5889759063720703125000" "WordPress/5.7.2; https://angelsonhighstreet.com"
89.22.115.30 - - [02/Jul/2021:13:53:42 -0400] "POST /wp-login.php HTTP/1.1" 200 8132 "-" "Mozilla/5.0 (Windows NT 10.0; Win64; x64) AppleWebKit/537.36 (KHTML, like Gecko) Chrome/60.0.3112.101 Safari/537.36"
204.48.19.85 - - [02/Jul/2021:13:56:20 -0400] "POST /wp-cron.php?doing_wp_cron=1625248580.5132679939270019531250 HTTP/1.1" 200 5548 "https://angelsonhighstreet.com/wp-cron.php?doing_wp_cron=1625248580.5132679939270019531250" "WordPress/5.7.2; https://angelsonhighstreet.com"
54.36.148.63 - - [02/Jul/2021:13:56:20 -0400] "GET /product-category/oils?product_orderby=rating&product_order=desc&product_count=48&product_view=grid HTTP/1.1" 200 20440 "-" "Mozilla/5.0 (compatible; AhrefsBot/7.0; +http://ahrefs.com/robot/)"
204.48.19.85 - - [02/Jul/2021:13:58:06 -0400] "POST /wp-cron.php?doing_wp_cron=1625248686.0236170291900634765625 HTTP/1.1" 200 5548 "https://angelsonhighstreet.com/wp-cron.php?doing_wp_cron=1625248686.0236170291900634765625" "WordPress/5.7.2; https://angelsonhighstreet.com"
157.55.39.62 - - [02/Jul/2021:13:58:05 -0400] "GET /shop/700mg-15ml-cbd-oil HTTP/1.1" 200 23730 "-" "Mozilla/5.0 (compatible; bingbot/2.0; +http://www.bing.com/bingbot.htm)"
35.229.113.181 - - [02/Jul/2021:13:58:22 -0400] "GET /shop/700mg-15ml-cbd-oil HTTP/1.0" 200 23532 "-" "ZoominfoBot (zoominfobot at zoominfo dot com)"
204.48.19.85 - - [02/Jul/2021:13:59:29 -0400] "POST /wp-cron.php?doing_wp_cron=1625248769.4991440773010253906250 HTTP/1.1" 200 5548 "https://angelsonhighstreet.com/wp-cron.php?doing_wp_cron=1625248769.4991440773010253906250" "WordPress/5.7.2; https://angelsonhighstreet.com"
35.229.113.181 - - [02/Jul/2021:13:59:29 -0400] "GET /author/admin HTTP/1.0" 200 20642 "-" "ZoominfoBot (zoominfobot at zoominfo dot com)"
204.48.19.85 - - [02/Jul/2021:14:00:16 -0400] "POST /wp-cron.php?doing_wp_cron=1625248816.1141040325164794921875 HTTP/1.1" 200 5548 "https://angelsonhighstreet.com/wp-cron.php?doing_wp_cron=1625248816.1141040325164794921875" "WordPress/5.7.2; https://angelsonhighstreet.com"
54.36.148.137 - - [02/Jul/2021:14:00:15 -0400] "GET /product-category/oils?product_orderby=name&product_order=asc&product_count=48&product_view=grid HTTP/1.1" 200 20428 "-" "Mozilla/5.0 (compatible; AhrefsBot/7.0; +http://ahrefs.com/robot/)"
204.48.19.85 - - [02/Jul/2021:14:01:36 -0400] "POST /wp-cron.php?doing_wp_cron=1625248896.1397540569305419921875 HTTP/1.1" 200 5548 "https://angelsonhighstreet.com/wp-cron.php?doing_wp_cron=1625248896.1397540569305419921875" "WordPress/5.7.2; https://angelsonhighstreet.com"
66.249.66.35 - - [02/Jul/2021:14:01:36 -0400] "GET /product-category/oils?product_count=16&product_view=list&product_order=asc HTTP/1.1" 200 20722 "-" "Mozilla/5.0 (Linux; Android 6.0.1; Nexus 5X Build/MMB29P) AppleWebKit/537.36 (KHTML, like Gecko) Chrome/91.0.4472.90 Mobile Safari/537.36 (compatible; Googlebot/2.1; +http://www.google.com/bot.html)"
204.48.19.85 - - [02/Jul/2021:14:03:40 -0400] "POST /wp-cron.php?doing_wp_cron=1625249020.6840250492095947265625 HTTP/1.1" 200 5548 "https://angelsonhighstreet.com/wp-cron.php?doing_wp_cron=1625249020.6840250492095947265625" "WordPress/5.7.2; https://angelsonhighstreet.com"
35.229.113.181 - - [02/Jul/2021:14:03:40 -0400] "GET /shop/2130mg-30ml-whole-plant-cbg-extract-oil HTTP/1.0" 200 24925 "-" "ZoominfoBot (zoominfobot at zoominfo dot com)"
204.48.19.85 - - [02/Jul/2021:14:04:18 -0400] "POST /wp-cron.php?doing_wp_cron=1625249058.8021860122680664062500 HTTP/1.1" 200 5548 "https://angelsonhighstreet.com/wp-cron.php?doing_wp_cron=1625249058.8021860122680664062500" "WordPress/5.7.2; https://angelsonhighstreet.com"
35.229.113.181 - - [02/Jul/2021:14:04:18 -0400] "GET /apparel HTTP/1.0" 200 18908 "-" "ZoominfoBot (zoominfobot at zoominfo dot com)"
54.36.149.18 - - [02/Jul/2021:14:04:45 -0400] "GET /product-category/oils?product_orderby=popularity&product_order=desc&product_count=48&product_view=grid HTTP/1.1" 200 20469 "-" "Mozilla/5.0 (compatible; AhrefsBot/7.0; +http://ahrefs.com/robot/)"
204.48.19.85 - - [02/Jul/2021:14:09:15 -0400] "POST /wp-cron.php?doing_wp_cron=1625249355.9364759922027587890625 HTTP/1.1" 200 5548 "https://angelsonhighstreet.com/wp-cron.php?doing_wp_cron=1625249355.9364759922027587890625" "WordPress/5.7.2; https://angelsonhighstreet.com"
54.36.148.33 - - [02/Jul/2021:14:09:15 -0400] "GET /product-category/oils?product_orderby=price&product_order=asc&product_count=32&product_view=list HTTP/1.1" 200 20763 "-" "Mozilla/5.0 (compatible; AhrefsBot/7.0; +http://ahrefs.com/robot/)"
204.48.19.85 - - [02/Jul/2021:14:10:47 -0400] "POST /wp-cron.php?doing_wp_cron=1625249447.9275488853454589843750 HTTP/1.1" 200 5548 "https://angelsonhighstreet.com/wp-cron.php?doing_wp_cron=1625249447.9275488853454589843750" "WordPress/5.7.2; https://angelsonhighstreet.com"
35.229.113.181 - - [02/Jul/2021:14:10:47 -0400] "GET /shop/cbg-salve-with-special-sauce-terpenes HTTP/1.0" 200 26088 "-" "ZoominfoBot (zoominfobot at zoominfo dot com)"
204.48.19.85 - - [02/Jul/2021:14:13:52 -0400] "POST /wp-cron.php?doing_wp_cron=1625249632.9713931083679199218750 HTTP/1.1" 200 5548 "https://angelsonhighstreet.com/wp-cron.php?doing_wp_cron=1625249632.9713931083679199218750" "WordPress/5.7.2; https://angelsonhighstreet.com"
35.229.113.181 - - [02/Jul/2021:14:13:52 -0400] "GET /shop/holy-grail-cbd-healing-salve-1-oz HTTP/1.0" 200 26871 "-" "ZoominfoBot (zoominfobot at zoominfo dot com)"
204.48.19.85 - - [02/Jul/2021:14:14:00 -0400] "POST /wp-cron.php?doing_wp_cron=1625249640.8723969459533691406250 HTTP/1.1" 200 5548 "https://angelsonhighstreet.com/wp-cron.php?doing_wp_cron=1625249640.8723969459533691406250" "WordPress/5.7.2; https://angelsonhighstreet.com"
54.36.149.106 - - [02/Jul/2021:14:14:00 -0400] "GET /product-category/oils?product_view=list&product_count=32&product_order=asc&product_orderby=date HTTP/1.1" 200 20719 "-" "Mozilla/5.0 (compatible; AhrefsBot/7.0; +http://ahrefs.com/robot/)"
204.48.19.85 - - [02/Jul/2021:14:18:21 -0400] "POST /wp-cron.php?doing_wp_cron=1625249901.2353830337524414062500 HTTP/1.1" 200 5548 "https://angelsonhighstreet.com/wp-cron.php?doing_wp_cron=1625249901.2353830337524414062500" "WordPress/5.7.2; https://angelsonhighstreet.com"
54.36.148.99 - - [02/Jul/2021:14:18:21 -0400] "GET /product-category/oils?product_view=list&product_count=16&product_order=asc&product_orderby=popularity HTTP/1.1" 200 20702 "-" "Mozilla/5.0 (compatible; AhrefsBot/7.0; +http://ahrefs.com/robot/)"
204.48.19.85 - - [02/Jul/2021:14:22:21 -0400] "POST /wp-cron.php?doing_wp_cron=1625250141.1626319885253906250000 HTTP/1.1" 200 5548 "https://angelsonhighstreet.com/wp-cron.php?doing_wp_cron=1625250141.1626319885253906250000" "WordPress/5.7.2; https://angelsonhighstreet.com"
35.229.113.181 - - [02/Jul/2021:14:22:21 -0400] "GET /contact-us HTTP/1.0" 200 19694 "-" "ZoominfoBot (zoominfobot at zoominfo dot com)"
204.48.19.85 - - [02/Jul/2021:14:22:57 -0400] "POST /wp-cron.php?doing_wp_cron=1625250177.7917520999908447265625 HTTP/1.1" 200 5548 "https://angelsonhighstreet.com/wp-cron.php?doing_wp_cron=1625250177.7917520999908447265625" "WordPress/5.7.2; https://angelsonhighstreet.com"
54.36.149.18 - - [02/Jul/2021:14:22:57 -0400] "GET /shop-full-width?product_orderby=date&product_count=16&product_view=grid&product_order=asc HTTP/1.1" 200 21121 "-" "Mozilla/5.0 (compatible; AhrefsBot/7.0; +http://ahrefs.com/robot/)"
167.99.228.178 - - [02/Jul/2021:14:23:39 -0400] "GET /wp-login.php HTTP/1.1" 200 7305 "-" "Mozilla/5.0 (X11; Ubuntu; Linux x86_64; rv:62.0) Gecko/20100101 Firefox/62.0"
204.48.19.85 - - [02/Jul/2021:14:23:44 -0400] "POST /wp-cron.php?doing_wp_cron=1625250224.9229540824890136718750 HTTP/1.1" 200 5548 "https://angelsonhighstreet.com/wp-cron.php?doing_wp_cron=1625250224.9229540824890136718750" "WordPress/5.7.2; https://angelsonhighstreet.com"
167.99.228.178 - - [02/Jul/2021:14:23:44 -0400] "POST /wp-login.php HTTP/1.1" 200 7429 "-" "Mozilla/5.0 (X11; Ubuntu; Linux x86_64; rv:62.0) Gecko/20100101 Firefox/62.0"
137.74.76.179 - - [02/Jul/2021:14:23:49 -0400] "GET /wp-content/themes/sketch/404.php HTTP/1.1" 404 18772 "-" "Mozilla/4.0 (compatible; MSIE 6.0; Windows NT 5.1; SV1)"
167.99.228.178 - - [02/Jul/2021:14:23:49 -0400] "GET /wp-login.php HTTP/1.1" 200 7305 "-" "Mozilla/5.0 (X11; Ubuntu; Linux x86_64; rv:62.0) Gecko/20100101 Firefox/62.0"
167.99.228.178 - - [02/Jul/2021:14:23:54 -0400] "POST /wp-login.php HTTP/1.1" 200 7431 "-" "Mozilla/5.0 (X11; Ubuntu; Linux x86_64; rv:62.0) Gecko/20100101 Firefox/62.0"
167.99.228.178 - - [02/Jul/2021:14:23:56 -0400] "POST /xmlrpc.php HTTP/1.1" 200 5050 "-" "Mozilla/5.0 (X11; Ubuntu; Linux x86_64; rv:62.0) Gecko/20100101 Firefox/62.0"
204.48.19.85 - - [02/Jul/2021:14:24:30 -0400] "POST /wp-cron.php?doing_wp_cron=1625250270.5030500888824462890625 HTTP/1.1" 200 5548 "https://angelsonhighstreet.com/wp-cron.php?doing_wp_cron=1625250270.5030500888824462890625" "WordPress/5.7.2; https://angelsonhighstreet.com"
35.229.113.181 - - [02/Jul/2021:14:24:30 -0400] "GET /cbd-salves HTTP/1.0" 200 19849 "-" "ZoominfoBot (zoominfobot at zoominfo dot com)"
204.48.19.85 - - [02/Jul/2021:14:27:29 -0400] "POST /wp-cron.php?doing_wp_cron=1625250449.8734290599822998046875 HTTP/1.1" 200 5548 "https://angelsonhighstreet.com/wp-cron.php?doing_wp_cron=1625250449.8734290599822998046875" "WordPress/5.7.2; https://angelsonhighstreet.com"
54.36.148.239 - - [02/Jul/2021:14:27:29 -0400] "GET /shop-full-width?product_orderby=date&product_count=32&product_view=grid&product_order=asc HTTP/1.1" 200 21127 "-" "Mozilla/5.0 (compatible; AhrefsBot/7.0; +http://ahrefs.com/robot/)"
