204.48.19.85 - - [28/Jun/2021:03:49:09 -0400] "POST /wp-cron.php?doing_wp_cron=1624866549.5815980434417724609375 HTTP/1.1" 200 3984 "https://angelsonhighstreet.com/wp-cron.php?doing_wp_cron=1624866549.5815980434417724609375" "WordPress/5.7.2; https://angelsonhighstreet.com"
66.249.75.84 - - [28/Jun/2021:03:49:09 -0400] "GET /robots.txt HTTP/1.1" 301 4071 "-" "Mozilla/5.0 (compatible; Googlebot/2.1; +http://www.google.com/bot.html)"
66.249.69.175 - - [28/Jun/2021:03:49:09 -0400] "GET /robots.txt HTTP/1.1" 200 4225 "-" "Mozilla/5.0 (compatible; Googlebot/2.1; +http://www.google.com/bot.html)"
66.249.75.83 - - [28/Jun/2021:03:49:10 -0400] "GET / HTTP/1.1" 301 607 "-" "Mozilla/5.0 (Linux; Android 6.0.1; Nexus 5X Build/MMB29P) AppleWebKit/537.36 (KHTML, like Gecko) Chrome/91.0.4472.90 Mobile Safari/537.36 (compatible; Googlebot/2.1; +http://www.google.com/bot.html)"
66.249.75.84 - - [28/Jun/2021:03:49:11 -0400] "GET / HTTP/1.1" 301 400 "-" "Mozilla/5.0 (Linux; Android 6.0.1; Nexus 5X Build/MMB29P) AppleWebKit/537.36 (KHTML, like Gecko) Chrome/91.0.4472.90 Mobile Safari/537.36 (compatible; Googlebot/2.1; +http://www.google.com/bot.html)"
66.249.69.179 - - [28/Jun/2021:03:49:11 -0400] "GET / HTTP/1.1" 200 23754 "-" "Mozilla/5.0 (Linux; Android 6.0.1; Nexus 5X Build/MMB29P) AppleWebKit/537.36 (KHTML, like Gecko) Chrome/91.0.4472.90 Mobile Safari/537.36 (compatible; Googlebot/2.1; +http://www.google.com/bot.html)"
66.249.69.177 - - [28/Jun/2021:03:49:16 -0400] "GET /wp-content/plugins/woocommerce-square/assets/css/frontend/wc-square-cart-checkout-blocks.min.css?ver=2.5.1 HTTP/1.1" 200 4960 "https://angelsonhighstreet.com/" "Mozilla/5.0 (Linux; Android 6.0.1; Nexus 5X Build/MMB29P) AppleWebKit/537.36 (KHTML, like Gecko) Chrome/91.0.4472.90 Mobile Safari/537.36 (compatible; Googlebot/2.1; +http://www.google.com/bot.html)"
66.249.69.175 - - [28/Jun/2021:03:49:17 -0400] "GET /wp-content/plugins/wp-optin-wheel/public/css/theme-green.css?ver=1.3.2 HTTP/1.1" 200 4278 "https://angelsonhighstreet.com/" "Mozilla/5.0 (Linux; Android 6.0.1; Nexus 5X Build/MMB29P) AppleWebKit/537.36 (KHTML, like Gecko) Chrome/91.0.4472.90 Mobile Safari/537.36 (compatible; Googlebot/2.1; +http://www.google.com/bot.html)"
66.249.69.177 - - [28/Jun/2021:03:49:17 -0400] "POST /?wc-ajax=get_refreshed_fragments HTTP/1.1" 200 874 "https://angelsonhighstreet.com/" "Mozilla/5.0 (Linux; Android 6.0.1; Nexus 5X Build/MMB29P) AppleWebKit/537.36 (KHTML, like Gecko) Chrome/91.0.4472.90 Mobile Safari/537.36 (compatible; Googlebot/2.1; +http://www.google.com/bot.html)"
66.249.69.177 - - [28/Jun/2021:03:49:18 -0400] "GET /wp-json/contact-form-7/v1/contact-forms/16954/refill HTTP/1.1" 200 643 "https://angelsonhighstreet.com/" "Mozilla/5.0 (Linux; Android 6.0.1; Nexus 5X Build/MMB29P) AppleWebKit/537.36 (KHTML, like Gecko) Chrome/91.0.4472.90 Mobile Safari/537.36 (compatible; Googlebot/2.1; +http://www.google.com/bot.html)"
204.48.19.85 - - [28/Jun/2021:03:52:16 -0400] "POST /wp-cron.php?doing_wp_cron=1624866736.0191020965576171875000 HTTP/1.1" 200 3984 "https://angelsonhighstreet.com/wp-cron.php?doing_wp_cron=1624866736.0191020965576171875000" "WordPress/5.7.2; https://angelsonhighstreet.com"
54.36.148.91 - - [28/Jun/2021:03:52:15 -0400] "GET /product-category/salves?product_orderby=price&product_count=16&product_order=asc&product_view=list HTTP/1.1" 200 19270 "-" "Mozilla/5.0 (compatible; AhrefsBot/7.0; +http://ahrefs.com/robot/)"
204.48.19.85 - - [28/Jun/2021:03:54:22 -0400] "POST /wp-cron.php?doing_wp_cron=1624866862.2692019939422607421875 HTTP/1.1" 200 3984 "https://angelsonhighstreet.com/wp-cron.php?doing_wp_cron=1624866862.2692019939422607421875" "WordPress/5.7.2; https://angelsonhighstreet.com"
185.191.171.17 - - [28/Jun/2021:03:54:22 -0400] "GET /product-category/salves?product_count=32&product_order=asc&product_orderby=price&product_view=list HTTP/1.1" 200 19270 "-" "Mozilla/5.0 (compatible; SemrushBot/7~bl; +http://www.semrush.com/bot.html)"
204.48.19.85 - - [28/Jun/2021:03:57:10 -0400] "POST /wp-cron.php?doing_wp_cron=1624867030.0000550746917724609375 HTTP/1.1" 200 3984 "https://angelsonhighstreet.com/wp-cron.php?doing_wp_cron=1624867030.0000550746917724609375" "WordPress/5.7.2; https://angelsonhighstreet.com"
54.36.149.18 - - [28/Jun/2021:03:57:09 -0400] "GET /product-category/salves?product_count=16&product_orderby=date&product_order=desc&product_view=list HTTP/1.1" 200 19263 "-" "Mozilla/5.0 (compatible; AhrefsBot/7.0; +http://ahrefs.com/robot/)"
185.191.171.8 - - [28/Jun/2021:03:57:27 -0400] "GET /shop-full-width?product_count=16&product_order=asc&product_orderby=date&product_view=list HTTP/1.1" 200 19920 "-" "Mozilla/5.0 (compatible; SemrushBot/7~bl; +http://www.semrush.com/bot.html)"
204.48.19.85 - - [28/Jun/2021:04:02:11 -0400] "POST /wp-cron.php?doing_wp_cron=1624867331.4139258861541748046875 HTTP/1.1" 200 3984 "https://angelsonhighstreet.com/wp-cron.php?doing_wp_cron=1624867331.4139258861541748046875" "WordPress/5.7.2; https://angelsonhighstreet.com"
54.36.149.18 - - [28/Jun/2021:04:02:11 -0400] "GET /product-category/salves?product_orderby=name&product_count=32&product_order=desc&product_view=grid HTTP/1.1" 200 19101 "-" "Mozilla/5.0 (compatible; AhrefsBot/7.0; +http://ahrefs.com/robot/)"
204.48.19.85 - - [28/Jun/2021:04:06:46 -0400] "POST /wp-cron.php?doing_wp_cron=1624867606.6228809356689453125000 HTTP/1.1" 200 3984 "https://angelsonhighstreet.com/wp-cron.php?doing_wp_cron=1624867606.6228809356689453125000" "WordPress/5.7.2; https://angelsonhighstreet.com"
54.36.148.194 - - [28/Jun/2021:04:06:46 -0400] "GET /product-category/salves?product_orderby=price&product_view=list&product_order=asc&product_count=16 HTTP/1.1" 200 19265 "-" "Mozilla/5.0 (compatible; AhrefsBot/7.0; +http://ahrefs.com/robot/)"
204.48.19.85 - - [28/Jun/2021:04:11:13 -0400] "POST /wp-cron.php?doing_wp_cron=1624867873.6142508983612060546875 HTTP/1.1" 200 3984 "https://angelsonhighstreet.com/wp-cron.php?doing_wp_cron=1624867873.6142508983612060546875" "WordPress/5.7.2; https://angelsonhighstreet.com"
54.36.149.18 - - [28/Jun/2021:04:11:13 -0400] "GET /product-category/salves?product_orderby=default&product_count=48&product_order=asc&product_view=list HTTP/1.1" 200 19282 "-" "Mozilla/5.0 (compatible; AhrefsBot/7.0; +http://ahrefs.com/robot/)"
204.48.19.85 - - [28/Jun/2021:04:13:42 -0400] "POST /wp-cron.php?doing_wp_cron=1624868022.6665909290313720703125 HTTP/1.1" 200 3984 "https://angelsonhighstreet.com/wp-cron.php?doing_wp_cron=1624868022.6665909290313720703125" "WordPress/5.7.2; https://angelsonhighstreet.com"
207.46.13.106 - - [28/Jun/2021:04:13:42 -0400] "GET /wp-sitemap-posts-page-1.xml HTTP/1.1" 200 3902 "-" "Mozilla/5.0 (compatible; bingbot/2.0; +http://www.bing.com/bingbot.htm)"
204.48.19.85 - - [28/Jun/2021:04:15:17 -0400] "POST /wp-cron.php?doing_wp_cron=1624868117.0265200138092041015625 HTTP/1.1" 200 3984 "https://angelsonhighstreet.com/wp-cron.php?doing_wp_cron=1624868117.0265200138092041015625" "WordPress/5.7.2; https://angelsonhighstreet.com"
54.36.149.18 - - [28/Jun/2021:04:15:16 -0400] "GET /product-category/oils?product_count=32&product_order=desc&product_orderby=popularity HTTP/1.1" 200 18896 "-" "Mozilla/5.0 (compatible; AhrefsBot/7.0; +http://ahrefs.com/robot/)"
204.48.19.85 - - [28/Jun/2021:04:17:00 -0400] "POST /wp-cron.php?doing_wp_cron=1624868220.7139329910278320312500 HTTP/1.1" 200 3984 "https://angelsonhighstreet.com/wp-cron.php?doing_wp_cron=1624868220.7139329910278320312500" "WordPress/5.7.2; https://angelsonhighstreet.com"
185.191.171.45 - - [28/Jun/2021:04:17:00 -0400] "GET /product-category/oils?product_count=32&product_order=desc&product_orderby=popularity HTTP/1.1" 200 18865 "-" "Mozilla/5.0 (compatible; SemrushBot/7~bl; +http://www.semrush.com/bot.html)"
204.48.19.85 - - [28/Jun/2021:04:19:07 -0400] "POST /wp-cron.php?doing_wp_cron=1624868347.5139360427856445312500 HTTP/1.1" 200 3984 "https://angelsonhighstreet.com/wp-cron.php?doing_wp_cron=1624868347.5139360427856445312500" "WordPress/5.7.2; https://angelsonhighstreet.com"
18.116.153.118 - - [28/Jun/2021:04:19:07 -0400] "POST /wp-login.php HTTP/1.1" 200 6574 "-" "Mozilla/5.0 (Windows NT 6.1; Win64; x64) AppleWebKit/537.36 (KHTML, like Gecko) Chrome/60.0.3112.113 Safari/537.36"
66.249.69.175 - - [28/Jun/2021:04:19:09 -0400] "GET /cbd-oils HTTP/1.1" 200 19116 "-" "Mozilla/5.0 (Linux; Android 6.0.1; Nexus 5X Build/MMB29P) AppleWebKit/537.36 (KHTML, like Gecko) Chrome/91.0.4472.90 Mobile Safari/537.36 (compatible; Googlebot/2.1; +http://www.google.com/bot.html)"
66.249.69.175 - - [28/Jun/2021:04:19:12 -0400] "GET /wp-content/uploads/fusion-scripts/11545aa28bcd630ce4960d230d72af0f.min.js?ver=3.2.1 HTTP/1.1" 200 114963 "https://angelsonhighstreet.com/cbd-oils" "Mozilla/5.0 (Linux; Android 6.0.1; Nexus 5X Build/MMB29P) AppleWebKit/537.36 (KHTML, like Gecko) Chrome/91.0.4472.90 Mobile Safari/537.36 (compatible; Googlebot/2.1; +http://www.google.com/bot.html)"
66.249.69.175 - - [28/Jun/2021:04:19:13 -0400] "POST /?wc-ajax=get_refreshed_fragments HTTP/1.1" 200 874 "https://angelsonhighstreet.com/cbd-oils" "Mozilla/5.0 (Linux; Android 6.0.1; Nexus 5X Build/MMB29P) AppleWebKit/537.36 (KHTML, like Gecko) Chrome/91.0.4472.90 Mobile Safari/537.36 (compatible; Googlebot/2.1; +http://www.google.com/bot.html)"
54.36.149.17 - - [28/Jun/2021:04:19:35 -0400] "GET /product-category/oils?product_count=32&product_order=desc&product_orderby=name HTTP/1.1" 200 18900 "-" "Mozilla/5.0 (compatible; AhrefsBot/7.0; +http://ahrefs.com/robot/)"
204.48.19.85 - - [28/Jun/2021:04:23:58 -0400] "POST /wp-cron.php?doing_wp_cron=1624868638.3580899238586425781250 HTTP/1.1" 200 3984 "https://angelsonhighstreet.com/wp-cron.php?doing_wp_cron=1624868638.3580899238586425781250" "WordPress/5.7.2; https://angelsonhighstreet.com"
54.36.149.18 - - [28/Jun/2021:04:23:58 -0400] "GET /product-category/salves?product_view=list&product_orderby=date&product_order=asc HTTP/1.1" 200 19276 "-" "Mozilla/5.0 (compatible; AhrefsBot/7.0; +http://ahrefs.com/robot/)"
204.48.19.85 - - [28/Jun/2021:04:26:25 -0400] "POST /wp-cron.php?doing_wp_cron=1624868785.1572868824005126953125 HTTP/1.1" 200 3984 "https://angelsonhighstreet.com/wp-cron.php?doing_wp_cron=1624868785.1572868824005126953125" "WordPress/5.7.2; https://angelsonhighstreet.com"
185.191.171.22 - - [28/Jun/2021:04:26:25 -0400] "GET /robots.txt HTTP/1.1" 200 4188 "-" "Mozilla/5.0 (compatible; SemrushBot/7~bl; +http://www.semrush.com/bot.html)"
185.191.171.33 - - [28/Jun/2021:04:26:25 -0400] "GET /product-category/salves?product_count=48&product_order=asc&product_orderby=price&product_view=grid HTTP/1.1" 200 19098 "-" "Mozilla/5.0 (compatible; SemrushBot/7~bl; +http://www.semrush.com/bot.html)"
204.48.19.85 - - [28/Jun/2021:04:27:57 -0400] "POST /wp-cron.php?doing_wp_cron=1624868877.7751410007476806640625 HTTP/1.1" 200 3984 "https://angelsonhighstreet.com/wp-cron.php?doing_wp_cron=1624868877.7751410007476806640625" "WordPress/5.7.2; https://angelsonhighstreet.com"
54.36.149.18 - - [28/Jun/2021:04:27:57 -0400] "GET /product-category/salves?product_view=list&product_orderby=name&product_order=desc HTTP/1.1" 200 19287 "-" "Mozilla/5.0 (compatible; AhrefsBot/7.0; +http://ahrefs.com/robot/)"
204.48.19.85 - - [28/Jun/2021:04:31:45 -0400] "POST /wp-cron.php?doing_wp_cron=1624869105.3015830516815185546875 HTTP/1.1" 200 3984 "https://angelsonhighstreet.com/wp-cron.php?doing_wp_cron=1624869105.3015830516815185546875" "WordPress/5.7.2; https://angelsonhighstreet.com"
54.36.149.18 - - [28/Jun/2021:04:31:45 -0400] "GET /product-category/salves?product_view=list&product_orderby=popularity&product_order=asc HTTP/1.1" 200 19298 "-" "Mozilla/5.0 (compatible; AhrefsBot/7.0; +http://ahrefs.com/robot/)"
204.48.19.85 - - [28/Jun/2021:04:35:02 -0400] "POST /wp-cron.php?doing_wp_cron=1624869302.3206698894500732421875 HTTP/1.1" 200 3984 "https://angelsonhighstreet.com/wp-cron.php?doing_wp_cron=1624869302.3206698894500732421875" "WordPress/5.7.2; https://angelsonhighstreet.com"
185.191.171.9 - - [28/Jun/2021:04:35:02 -0400] "GET /shop/cbg-salve-with-special-sauce-terpenes HTTP/1.1" 200 25500 "-" "Mozilla/5.0 (compatible; SemrushBot/7~bl; +http://www.semrush.com/bot.html)"
54.36.148.108 - - [28/Jun/2021:04:35:43 -0400] "GET /product-category/salves?product_view=list&product_orderby=price&product_order=desc HTTP/1.1" 200 19283 "-" "Mozilla/5.0 (compatible; AhrefsBot/7.0; +http://ahrefs.com/robot/)"
204.48.19.85 - - [28/Jun/2021:04:40:19 -0400] "POST /wp-cron.php?doing_wp_cron=1624869619.5963060855865478515625 HTTP/1.1" 200 3984 "https://angelsonhighstreet.com/wp-cron.php?doing_wp_cron=1624869619.5963060855865478515625" "WordPress/5.7.2; https://angelsonhighstreet.com"
54.36.149.72 - - [28/Jun/2021:04:40:19 -0400] "GET /product-category/salves?product_view=grid&product_orderby=date&product_order=desc HTTP/1.1" 200 19109 "-" "Mozilla/5.0 (compatible; AhrefsBot/7.0; +http://ahrefs.com/robot/)"
109.70.100.35 - - [28/Jun/2021:04:43:12 -0400] "POST /xmlrpc.php HTTP/1.0" 301 615 "-" "Mozilla/5.0 (Windows NT 10.0; Win64; x64) AppleWebKit/537.36 (KHTML, like Gecko) Chrome/69.0.3497.92 Safari/537.36"
204.48.19.85 - - [28/Jun/2021:04:43:14 -0400] "POST /wp-cron.php?doing_wp_cron=1624869794.1449270248413085937500 HTTP/1.1" 200 3984 "https://angelsonhighstreet.com/wp-cron.php?doing_wp_cron=1624869794.1449270248413085937500" "WordPress/5.7.2; https://angelsonhighstreet.com"
109.70.100.35 - - [28/Jun/2021:04:43:14 -0400] "POST /xmlrpc.php HTTP/1.0" 403 5345 "-" "Mozilla/5.0 (Windows NT 10.0; Win64; x64) AppleWebKit/537.36 (KHTML, like Gecko) Chrome/69.0.3497.92 Safari/537.36"
185.191.171.13 - - [28/Jun/2021:04:43:16 -0400] "GET /shop-full-width?product_order=asc&product_orderby=rating&product_view=list HTTP/1.1" 200 19907 "-" "Mozilla/5.0 (compatible; SemrushBot/7~bl; +http://www.semrush.com/bot.html)"
204.48.19.85 - - [28/Jun/2021:04:45:10 -0400] "POST /wp-cron.php?doing_wp_cron=1624869910.9085149765014648437500 HTTP/1.1" 200 3984 "https://angelsonhighstreet.com/wp-cron.php?doing_wp_cron=1624869910.9085149765014648437500" "WordPress/5.7.2; https://angelsonhighstreet.com"
54.36.149.18 - - [28/Jun/2021:04:45:10 -0400] "GET /product-category/salves?product_view=grid&product_orderby=name&product_order=asc HTTP/1.1" 200 19079 "-" "Mozilla/5.0 (compatible; AhrefsBot/7.0; +http://ahrefs.com/robot/)"
204.48.19.85 - - [28/Jun/2021:04:48:31 -0400] "POST /wp-cron.php?doing_wp_cron=1624870111.2665588855743408203125 HTTP/1.1" 200 3984 "https://angelsonhighstreet.com/wp-cron.php?doing_wp_cron=1624870111.2665588855743408203125" "WordPress/5.7.2; https://angelsonhighstreet.com"
152.136.234.172 - - [28/Jun/2021:04:48:31 -0400] "POST /wp-login.php HTTP/1.1" 200 6568 "-" "Mozilla/5.0 (Windows NT 10.0; Win64; x64) AppleWebKit/537.36 (KHTML, like Gecko) Chrome/86.0.4240.193 Safari/537.36"
204.48.19.85 - - [28/Jun/2021:04:50:07 -0400] "POST /wp-cron.php?doing_wp_cron=1624870207.8034820556640625000000 HTTP/1.1" 200 3984 "https://angelsonhighstreet.com/wp-cron.php?doing_wp_cron=1624870207.8034820556640625000000" "WordPress/5.7.2; https://angelsonhighstreet.com"
185.191.171.39 - - [28/Jun/2021:04:50:07 -0400] "GET /product-category/oils?product_order=asc&product_view=list HTTP/1.1" 200 19138 "-" "Mozilla/5.0 (compatible; SemrushBot/7~bl; +http://www.semrush.com/bot.html)"
54.36.148.70 - - [28/Jun/2021:04:50:13 -0400] "GET /product-category/salves?product_view=grid&product_orderby=popularity&product_order=desc HTTP/1.1" 200 19131 "-" "Mozilla/5.0 (compatible; AhrefsBot/7.0; +http://ahrefs.com/robot/)"
204.48.19.85 - - [28/Jun/2021:04:53:44 -0400] "POST /wp-cron.php?doing_wp_cron=1624870424.4110550880432128906250 HTTP/1.1" 200 3984 "https://angelsonhighstreet.com/wp-cron.php?doing_wp_cron=1624870424.4110550880432128906250" "WordPress/5.7.2; https://angelsonhighstreet.com"
81.88.52.154 - - [28/Jun/2021:04:53:44 -0400] "POST /wp-login.php HTTP/1.1" 200 6570 "-" "Mozilla/5.0 (Windows NT 6.1; Win64; x64) AppleWebKit/537.36 (KHTML, like Gecko) Chrome/79.0.3945.117 Safari/537.36"
204.48.19.85 - - [28/Jun/2021:04:55:25 -0400] "POST /wp-cron.php?doing_wp_cron=1624870525.6972849369049072265625 HTTP/1.1" 200 3984 "https://angelsonhighstreet.com/wp-cron.php?doing_wp_cron=1624870525.6972849369049072265625" "WordPress/5.7.2; https://angelsonhighstreet.com"
54.36.149.18 - - [28/Jun/2021:04:55:25 -0400] "GET /product-category/salves?product_view=grid&product_orderby=price&product_order=asc HTTP/1.1" 200 19113 "-" "Mozilla/5.0 (compatible; AhrefsBot/7.0; +http://ahrefs.com/robot/)"
204.48.19.85 - - [28/Jun/2021:04:56:43 -0400] "POST /wp-cron.php?doing_wp_cron=1624870603.7029759883880615234375 HTTP/1.1" 200 3984 "https://angelsonhighstreet.com/wp-cron.php?doing_wp_cron=1624870603.7029759883880615234375" "WordPress/5.7.2; https://angelsonhighstreet.com"
185.191.171.37 - - [28/Jun/2021:04:56:43 -0400] "GET /product-category/salves?product_count=48 HTTP/1.1" 200 19055 "-" "Mozilla/5.0 (compatible; SemrushBot/7~bl; +http://www.semrush.com/bot.html)"
62.141.37.8 - - [28/Jun/2021:04:57:53 -0400] "GET /ini.php HTTP/1.1" 301 553 "http://simplesite.com" "Mozilla/5.0 (Windows; U; Windows NT 5.1; en-US) AppleWebKit/533.4 (KHTML, like Gecko) Chrome/5.0.375.99 Safari/533.4"
204.48.19.85 - - [28/Jun/2021:04:57:54 -0400] "POST /wp-cron.php?doing_wp_cron=1624870674.7945039272308349609375 HTTP/1.1" 200 3984 "https://angelsonhighstreet.com/wp-cron.php?doing_wp_cron=1624870674.7945039272308349609375" "WordPress/5.7.2; https://angelsonhighstreet.com"
62.141.37.8 - - [28/Jun/2021:04:57:54 -0400] "GET /ini.php HTTP/1.1" 404 64514 "http://angelsonhighstreet.com/ini.php" "Mozilla/5.0 (Windows; U; Windows NT 5.1; en-US) AppleWebKit/533.4 (KHTML, like Gecko) Chrome/5.0.375.99 Safari/533.4"
204.48.19.85 - - [28/Jun/2021:04:58:37 -0400] "POST /wp-cron.php?doing_wp_cron=1624870717.6490240097045898437500 HTTP/1.1" 200 3984 "https://angelsonhighstreet.com/wp-cron.php?doing_wp_cron=1624870717.6490240097045898437500" "WordPress/5.7.2; https://angelsonhighstreet.com"
185.191.171.15 - - [28/Jun/2021:04:58:37 -0400] "GET /product-category/salves?product_count=48&product_order=asc&product_orderby=default HTTP/1.1" 200 18834 "-" "Mozilla/5.0 (compatible; SemrushBot/7~bl; +http://www.semrush.com/bot.html)"
204.48.19.85 - - [28/Jun/2021:05:00:50 -0400] "POST /wp-cron.php?doing_wp_cron=1624870850.8262519836425781250000 HTTP/1.1" 200 3984 "https://angelsonhighstreet.com/wp-cron.php?doing_wp_cron=1624870850.8262519836425781250000" "WordPress/5.7.2; https://angelsonhighstreet.com"
54.36.148.115 - - [28/Jun/2021:05:00:50 -0400] "GET /product-category/salves?product_orderby=name&product_view=list&product_order=asc&product_count=48 HTTP/1.1" 200 19262 "-" "Mozilla/5.0 (compatible; AhrefsBot/7.0; +http://ahrefs.com/robot/)"
204.48.19.85 - - [28/Jun/2021:05:05:38 -0400] "POST /wp-cron.php?doing_wp_cron=1624871138.0491480827331542968750 HTTP/1.1" 200 3984 "https://angelsonhighstreet.com/wp-cron.php?doing_wp_cron=1624871138.0491480827331542968750" "WordPress/5.7.2; https://angelsonhighstreet.com"
54.36.149.18 - - [28/Jun/2021:05:05:37 -0400] "GET /product-category/salves?product_orderby=default&product_count=16&product_order=asc&product_view=list HTTP/1.1" 200 19001 "-" "Mozilla/5.0 (compatible; AhrefsBot/7.0; +http://ahrefs.com/robot/)"
3.19.56.43 - - [28/Jun/2021:05:06:20 -0400] "GET /.well-known/acme-challenge/IuhNEShDflZny7VVdcGeAObLhphEHbviBIHgqfAawKo HTTP/1.1" 200 308 "-" "Mozilla/5.0 (compatible; Let's Encrypt validation server; +https://www.letsencrypt.org)"
34.221.255.206 - - [28/Jun/2021:05:06:20 -0400] "GET /.well-known/acme-challenge/IuhNEShDflZny7VVdcGeAObLhphEHbviBIHgqfAawKo HTTP/1.1" 200 308 "-" "Mozilla/5.0 (compatible; Let's Encrypt validation server; +https://www.letsencrypt.org)"
3.120.130.29 - - [28/Jun/2021:05:06:20 -0400] "GET /.well-known/acme-challenge/IuhNEShDflZny7VVdcGeAObLhphEHbviBIHgqfAawKo HTTP/1.1" 200 308 "-" "Mozilla/5.0 (compatible; Let's Encrypt validation server; +https://www.letsencrypt.org)"
66.133.109.36 - - [28/Jun/2021:05:06:20 -0400] "GET /.well-known/acme-challenge/IuhNEShDflZny7VVdcGeAObLhphEHbviBIHgqfAawKo HTTP/1.1" 200 308 "-" "Mozilla/5.0 (compatible; Let's Encrypt validation server; +https://www.letsencrypt.org)"
18.116.86.117 - - [28/Jun/2021:05:06:30 -0400] "GET /.well-known/acme-challenge/LxuYu34Q5OaeNptGPFhBo5RHOUCeRmN7epLvZ1QV1yk HTTP/1.1" 200 308 "-" "Mozilla/5.0 (compatible; Let's Encrypt validation server; +https://www.letsencrypt.org)"
52.39.4.59 - - [28/Jun/2021:05:06:30 -0400] "GET /.well-known/acme-challenge/LxuYu34Q5OaeNptGPFhBo5RHOUCeRmN7epLvZ1QV1yk HTTP/1.1" 200 308 "-" "Mozilla/5.0 (compatible; Let's Encrypt validation server; +https://www.letsencrypt.org)"
3.120.130.29 - - [28/Jun/2021:05:06:30 -0400] "GET /.well-known/acme-challenge/LxuYu34Q5OaeNptGPFhBo5RHOUCeRmN7epLvZ1QV1yk HTTP/1.1" 200 308 "-" "Mozilla/5.0 (compatible; Let's Encrypt validation server; +https://www.letsencrypt.org)"
66.133.109.36 - - [28/Jun/2021:05:06:30 -0400] "GET /.well-known/acme-challenge/LxuYu34Q5OaeNptGPFhBo5RHOUCeRmN7epLvZ1QV1yk HTTP/1.1" 200 308 "-" "Mozilla/5.0 (compatible; Let's Encrypt validation server; +https://www.letsencrypt.org)"
204.48.19.85 - - [28/Jun/2021:05:08:14 -0400] "POST /wp-cron.php?doing_wp_cron=1624871294.8586139678955078125000 HTTP/1.1" 200 5548 "https://angelsonhighstreet.com/wp-cron.php?doing_wp_cron=1624871294.8586139678955078125000" "WordPress/5.7.2; https://angelsonhighstreet.com"
179.43.169.181 - - [28/Jun/2021:05:08:13 -0400] "GET / HTTP/1.1" 200 115136 "-" "Mozilla/5.0 (X11; Linux i686; rv:10.0) Gecko/20100101 Firefox/10.0"
179.43.169.181 - - [28/Jun/2021:05:08:45 -0400] "GET / HTTP/1.1" 200 115136 "-" "Mozilla/5.0 (X11; Linux i686; rv:10.0) Gecko/20100101 Firefox/10.0"
179.43.169.181 - - [28/Jun/2021:05:08:45 -0400] "GET / HTTP/1.1" 200 109912 "-" "Mozilla/5.0 (X11; Linux i686; rv:10.0) Gecko/20100101 Firefox/10.0"
205.169.39.20 - - [28/Jun/2021:05:08:51 -0400] "GET / HTTP/1.1" 301 595 "-" "Mozilla/5.0 (Windows NT 10.0; Win64; x64) AppleWebKit/537.36 (KHTML, like Gecko) Chrome/76.0.3809.71 Safari/537.36"
204.48.19.85 - - [28/Jun/2021:05:09:01 -0400] "POST /wp-cron.php?doing_wp_cron=1624871341.0105869770050048828125 HTTP/1.1" 200 5548 "https://angelsonhighstreet.com/wp-cron.php?doing_wp_cron=1624871341.0105869770050048828125" "WordPress/5.7.2; https://angelsonhighstreet.com"
205.169.39.20 - - [28/Jun/2021:05:09:00 -0400] "GET / HTTP/1.1" 200 25369 "-" "Mozilla/5.0 (Windows NT 10.0; Win64; x64) AppleWebKit/537.36 (KHTML, like Gecko) Chrome/76.0.3809.71 Safari/537.36"
179.43.169.181 - - [28/Jun/2021:05:09:01 -0400] "GET / HTTP/1.1" 200 115136 "-" "Mozilla/5.0 (X11; Linux i686; rv:10.0) Gecko/20100101 Firefox/10.0"
205.169.39.20 - - [28/Jun/2021:05:09:02 -0400] "GET /wp-content/plugins/woocommerce/packages/woocommerce-blocks/build/vendors-style.css?ver=4.9.1 HTTP/1.1" 200 1477 "https://angelsonhighstreet.com/" "Mozilla/5.0 (Windows NT 10.0; Win64; x64) AppleWebKit/537.36 (KHTML, like Gecko) Chrome/76.0.3809.71 Safari/537.36"
205.169.39.20 - - [28/Jun/2021:05:09:02 -0400] "GET /wp-content/plugins/woocommerce/packages/woocommerce-blocks/build/style.css?ver=4.9.1 HTTP/1.1" 200 19628 "https://angelsonhighstreet.com/" "Mozilla/5.0 (Windows NT 10.0; Win64; x64) AppleWebKit/537.36 (KHTML, like Gecko) Chrome/76.0.3809.71 Safari/537.36"
205.169.39.20 - - [28/Jun/2021:05:09:02 -0400] "GET /wp-content/plugins/age-gate/public/css/age-gate-custom.css?ver=2.15.0 HTTP/1.1" 200 5729 "https://angelsonhighstreet.com/" "Mozilla/5.0 (Windows NT 10.0; Win64; x64) AppleWebKit/537.36 (KHTML, like Gecko) Chrome/76.0.3809.71 Safari/537.36"
205.169.39.20 - - [28/Jun/2021:05:09:02 -0400] "GET /wp-content/plugins/age-gate/public/css/age-gate-public.css?ver=2.15.0 HTTP/1.1" 200 2377 "https://angelsonhighstreet.com/" "Mozilla/5.0 (Windows NT 10.0; Win64; x64) AppleWebKit/537.36 (KHTML, like Gecko) Chrome/76.0.3809.71 Safari/537.36"
205.169.39.20 - - [28/Jun/2021:05:09:02 -0400] "GET /wp-content/plugins/revslider/public/assets/css/rs6.css?ver=6.3.3 HTTP/1.1" 200 18437 "https://angelsonhighstreet.com/" "Mozilla/5.0 (Windows NT 10.0; Win64; x64) AppleWebKit/537.36 (KHTML, like Gecko) Chrome/76.0.3809.71 Safari/537.36"
205.169.39.20 - - [28/Jun/2021:05:09:02 -0400] "GET /wp-content/plugins/woocommerce-square/assets/css/frontend/wc-square-cart-checkout-blocks.min.css?ver=2.5.1 HTTP/1.1" 200 1299 "https://angelsonhighstreet.com/" "Mozilla/5.0 (Windows NT 10.0; Win64; x64) AppleWebKit/537.36 (KHTML, like Gecko) Chrome/76.0.3809.71 Safari/537.36"
205.169.39.20 - - [28/Jun/2021:05:09:02 -0400] "GET /wp-includes/css/dist/block-library/style.min.css?ver=5.7.2 HTTP/1.1" 200 9173 "https://angelsonhighstreet.com/" "Mozilla/5.0 (Windows NT 10.0; Win64; x64) AppleWebKit/537.36 (KHTML, like Gecko) Chrome/76.0.3809.71 Safari/537.36"
205.169.39.20 - - [28/Jun/2021:05:09:02 -0400] "GET /wp-includes/css/dist/block-library/theme.min.css?ver=5.7.2 HTTP/1.1" 200 6441 "https://angelsonhighstreet.com/" "Mozilla/5.0 (Windows NT 10.0; Win64; x64) AppleWebKit/537.36 (KHTML, like Gecko) Chrome/76.0.3809.71 Safari/537.36"
205.169.39.20 - - [28/Jun/2021:05:09:02 -0400] "GET /wp-content/plugins/wp-optin-wheel/public/css/public.min.css?ver=1.3.2 HTTP/1.1" 200 2546 "https://angelsonhighstreet.com/" "Mozilla/5.0 (Windows NT 10.0; Win64; x64) AppleWebKit/537.36 (KHTML, like Gecko) Chrome/76.0.3809.71 Safari/537.36"
205.169.39.20 - - [28/Jun/2021:05:09:02 -0400] "GET /wp-content/plugins/wp-optin-wheel/public/css/theme-green.css?ver=1.3.2 HTTP/1.1" 200 617 "https://angelsonhighstreet.com/" "Mozilla/5.0 (Windows NT 10.0; Win64; x64) AppleWebKit/537.36 (KHTML, like Gecko) Chrome/76.0.3809.71 Safari/537.36"
205.169.39.20 - - [28/Jun/2021:05:09:02 -0400] "GET /wp-content/plugins/age-gate/public/js/age-gate-public-hooks.js?ver=2.15.0 HTTP/1.1" 200 2632 "https://angelsonhighstreet.com/" "Mozilla/5.0 (Windows NT 10.0; Win64; x64) AppleWebKit/537.36 (KHTML, like Gecko) Chrome/76.0.3809.71 Safari/537.36"
205.169.39.20 - - [28/Jun/2021:05:09:02 -0400] "GET /wp-includes/js/jquery/jquery-migrate.min.js?ver=3.3.2 HTTP/1.1" 200 4649 "https://angelsonhighstreet.com/" "Mozilla/5.0 (Windows NT 10.0; Win64; x64) AppleWebKit/537.36 (KHTML, like Gecko) Chrome/76.0.3809.71 Safari/537.36"
205.169.39.20 - - [28/Jun/2021:05:09:02 -0400] "GET /wp-includes/js/jquery/jquery.min.js?ver=3.5.1 HTTP/1.1" 200 31463 "https://angelsonhighstreet.com/" "Mozilla/5.0 (Windows NT 10.0; Win64; x64) AppleWebKit/537.36 (KHTML, like Gecko) Chrome/76.0.3809.71 Safari/537.36"
205.169.39.20 - - [28/Jun/2021:05:09:02 -0400] "GET /wp-content/uploads/fusion-styles/15e6b0b5e48de1d64664be89b4d4bc7c.min.css?ver=3.2.1 HTTP/1.1" 200 150672 "https://angelsonhighstreet.com/" "Mozilla/5.0 (Windows NT 10.0; Win64; x64) AppleWebKit/537.36 (KHTML, like Gecko) Chrome/76.0.3809.71 Safari/537.36"
205.169.39.20 - - [28/Jun/2021:05:09:02 -0400] "GET /wp-content/plugins/google-analytics-dashboard-for-wp/assets/js/frontend-gtag.min.js?ver=6.7.0 HTTP/1.1" 200 3280 "https://angelsonhighstreet.com/" "Mozilla/5.0 (Windows NT 10.0; Win64; x64) AppleWebKit/537.36 (KHTML, like Gecko) Chrome/76.0.3809.71 Safari/537.36"
205.169.39.20 - - [28/Jun/2021:05:09:02 -0400] "GET /wp-content/plugins/wp-optin-wheel/public/js/public.min.js?ver=1.3.2 HTTP/1.1" 200 3754 "https://angelsonhighstreet.com/" "Mozilla/5.0 (Windows NT 10.0; Win64; x64) AppleWebKit/537.36 (KHTML, like Gecko) Chrome/76.0.3809.71 Safari/537.36"
205.169.39.20 - - [28/Jun/2021:05:09:02 -0400] "GET /wp-content/uploads/2020/05/aohs_righttext_logo-e1590068585746.png HTTP/1.1" 200 62245 "https://angelsonhighstreet.com/" "Mozilla/5.0 (Windows NT 10.0; Win64; x64) AppleWebKit/537.36 (KHTML, like Gecko) Chrome/76.0.3809.71 Safari/537.36"
205.169.39.20 - - [28/Jun/2021:05:09:02 -0400] "GET /wp-content/uploads/2020/08/C5B83DAF-9E96-49A0-AAA0-C902DBEB3B68-400x533.jpeg HTTP/1.1" 200 32424 "https://angelsonhighstreet.com/" "Mozilla/5.0 (Windows NT 10.0; Win64; x64) AppleWebKit/537.36 (KHTML, like Gecko) Chrome/76.0.3809.71 Safari/537.36"
205.169.39.20 - - [28/Jun/2021:05:09:02 -0400] "GET /wp-content/plugins/age-gate/public/js/age-gate-public.js?ver=2.15.0 HTTP/1.1" 200 6737 "https://angelsonhighstreet.com/" "Mozilla/5.0 (Windows NT 10.0; Win64; x64) AppleWebKit/537.36 (KHTML, like Gecko) Chrome/76.0.3809.71 Safari/537.36"
205.169.39.20 - - [28/Jun/2021:05:09:02 -0400] "GET /wp-content/plugins/age-gate/public/js/age-gate-public-tab.js?ver=2.15.0 HTTP/1.1" 200 869 "https://angelsonhighstreet.com/" "Mozilla/5.0 (Windows NT 10.0; Win64; x64) AppleWebKit/537.36 (KHTML, like Gecko) Chrome/76.0.3809.71 Safari/537.36"
205.169.39.20 - - [28/Jun/2021:05:09:02 -0400] "GET /wp-content/plugins/age-gate/public/js/age-gate-shortcode.js?ver=2.15.0 HTTP/1.1" 200 2732 "https://angelsonhighstreet.com/" "Mozilla/5.0 (Windows NT 10.0; Win64; x64) AppleWebKit/537.36 (KHTML, like Gecko) Chrome/76.0.3809.71 Safari/537.36"
205.169.39.20 - - [28/Jun/2021:05:09:02 -0400] "GET /wp-content/plugins/woocommerce/assets/js/frontend/add-to-cart.min.js?ver=5.3.0 HTTP/1.1" 200 1522 "https://angelsonhighstreet.com/" "Mozilla/5.0 (Windows NT 10.0; Win64; x64) AppleWebKit/537.36 (KHTML, like Gecko) Chrome/76.0.3809.71 Safari/537.36"
205.169.39.20 - - [28/Jun/2021:05:09:02 -0400] "GET /wp-content/plugins/woocommerce/assets/js/js-cookie/js.cookie.min.js?ver=2.1.4 HTTP/1.1" 200 1417 "https://angelsonhighstreet.com/" "Mozilla/5.0 (Windows NT 10.0; Win64; x64) AppleWebKit/537.36 (KHTML, like Gecko) Chrome/76.0.3809.71 Safari/537.36"
205.169.39.20 - - [28/Jun/2021:05:09:02 -0400] "GET /wp-content/plugins/woocommerce/assets/js/jquery-blockui/jquery.blockUI.min.js?ver=2.70 HTTP/1.1" 200 3961 "https://angelsonhighstreet.com/" "Mozilla/5.0 (Windows NT 10.0; Win64; x64) AppleWebKit/537.36 (KHTML, like Gecko) Chrome/76.0.3809.71 Safari/537.36"
205.169.39.20 - - [28/Jun/2021:05:09:02 -0400] "GET /wp-content/plugins/contact-form-7/includes/js/index.js?ver=5.4.1 HTTP/1.1" 200 4484 "https://angelsonhighstreet.com/" "Mozilla/5.0 (Windows NT 10.0; Win64; x64) AppleWebKit/537.36 (KHTML, like Gecko) Chrome/76.0.3809.71 Safari/537.36"
205.169.39.20 - - [28/Jun/2021:05:09:02 -0400] "GET /wp-includes/js/dist/vendor/wp-polyfill.min.js?ver=7.4.4 HTTP/1.1" 200 34810 "https://angelsonhighstreet.com/" "Mozilla/5.0 (Windows NT 10.0; Win64; x64) AppleWebKit/537.36 (KHTML, like Gecko) Chrome/76.0.3809.71 Safari/537.36"
205.169.39.20 - - [28/Jun/2021:05:09:02 -0400] "GET /wp-content/plugins/woocommerce/assets/js/frontend/woocommerce.min.js?ver=5.3.0 HTTP/1.1" 200 1222 "https://angelsonhighstreet.com/" "Mozilla/5.0 (Windows NT 10.0; Win64; x64) AppleWebKit/537.36 (KHTML, like Gecko) Chrome/76.0.3809.71 Safari/537.36"
205.169.39.20 - - [28/Jun/2021:05:09:02 -0400] "GET /wp-content/uploads/fusion-gfonts/qkBIXvYC6trAT55ZBi1ueQVIjQTD-JqaE0lMZbLXGimS.woff HTTP/1.1" 200 15349 "https://angelsonhighstreet.com/wp-content/uploads/fusion-styles/15e6b0b5e48de1d64664be89b4d4bc7c.min.css?ver=3.2.1" "Mozilla/5.0 (Windows NT 10.0; Win64; x64) AppleWebKit/537.36 (KHTML, like Gecko) Chrome/76.0.3809.71 Safari/537.36"
205.169.39.20 - - [28/Jun/2021:05:09:02 -0400] "GET /wp-content/plugins/woocommerce/assets/js/frontend/cart-fragments.min.js?ver=5.3.0 HTTP/1.1" 200 1475 "https://angelsonhighstreet.com/" "Mozilla/5.0 (Windows NT 10.0; Win64; x64) AppleWebKit/537.36 (KHTML, like Gecko) Chrome/76.0.3809.71 Safari/537.36"
205.169.39.20 - - [28/Jun/2021:05:09:02 -0400] "GET /wp-includes/js/wp-embed.min.js?ver=5.7.2 HTTP/1.1" 200 1200 "https://angelsonhighstreet.com/" "Mozilla/5.0 (Windows NT 10.0; Win64; x64) AppleWebKit/537.36 (KHTML, like Gecko) Chrome/76.0.3809.71 Safari/537.36"
205.169.39.20 - - [28/Jun/2021:05:09:02 -0400] "GET /wp-content/uploads/2019/05/IMG_0405-400x568.jpg HTTP/1.1" 200 47078 "https://angelsonhighstreet.com/" "Mozilla/5.0 (Windows NT 10.0; Win64; x64) AppleWebKit/537.36 (KHTML, like Gecko) Chrome/76.0.3809.71 Safari/537.36"
205.169.39.20 - - [28/Jun/2021:05:09:02 -0400] "GET /wp-content/themes/Avada/includes/lib/assets/fonts/icomoon/icomoon.woff HTTP/1.1" 200 13272 "https://angelsonhighstreet.com/wp-content/uploads/fusion-styles/15e6b0b5e48de1d64664be89b4d4bc7c.min.css?ver=3.2.1" "Mozilla/5.0 (Windows NT 10.0; Win64; x64) AppleWebKit/537.36 (KHTML, like Gecko) Chrome/76.0.3809.71 Safari/537.36"
205.169.39.20 - - [28/Jun/2021:05:09:02 -0400] "GET /wp-content/uploads/fusion-scripts/250c2b9f76b9189f0607771277c32ada.min.js?ver=3.2.1 HTTP/1.1" 200 122595 "https://angelsonhighstreet.com/" "Mozilla/5.0 (Windows NT 10.0; Win64; x64) AppleWebKit/537.36 (KHTML, like Gecko) Chrome/76.0.3809.71 Safari/537.36"
205.169.39.20 - - [28/Jun/2021:05:09:02 -0400] "GET /wp-content/uploads/fusion-gfonts/qkBIXvYC6trAT55ZBi1ueQVIjQTDH52aE0lMZbLXGimS.woff HTTP/1.1" 200 15341 "https://angelsonhighstreet.com/wp-content/uploads/fusion-styles/15e6b0b5e48de1d64664be89b4d4bc7c.min.css?ver=3.2.1" "Mozilla/5.0 (Windows NT 10.0; Win64; x64) AppleWebKit/537.36 (KHTML, like Gecko) Chrome/76.0.3809.71 Safari/537.36"
205.169.39.20 - - [28/Jun/2021:05:09:02 -0400] "GET /wp-content/uploads/fusion-gfonts/JTUSjIg1_i6t8kCHKm459WlhzSTh89Y.woff HTTP/1.1" 200 17618 "https://angelsonhighstreet.com/wp-content/uploads/fusion-styles/15e6b0b5e48de1d64664be89b4d4bc7c.min.css?ver=3.2.1" "Mozilla/5.0 (Windows NT 10.0; Win64; x64) AppleWebKit/537.36 (KHTML, like Gecko) Chrome/76.0.3809.71 Safari/537.36"
205.169.39.20 - - [28/Jun/2021:05:09:02 -0400] "GET /wp-content/uploads/fusion-gfonts/JTURjIg1_i6t8kCHKm45_dJE3gnD-Px3rCs.woff HTTP/1.1" 200 17525 "https://angelsonhighstreet.com/wp-content/uploads/fusion-styles/15e6b0b5e48de1d64664be89b4d4bc7c.min.css?ver=3.2.1" "Mozilla/5.0 (Windows NT 10.0; Win64; x64) AppleWebKit/537.36 (KHTML, like Gecko) Chrome/76.0.3809.71 Safari/537.36"
205.169.39.20 - - [28/Jun/2021:05:09:02 -0400] "GET /wp-content/themes/Avada/includes/lib/assets/fonts/fontawesome/webfonts/fa-regular-400.woff2 HTTP/1.1" 200 14074 "https://angelsonhighstreet.com/wp-content/uploads/fusion-styles/15e6b0b5e48de1d64664be89b4d4bc7c.min.css?ver=3.2.1" "Mozilla/5.0 (Windows NT 10.0; Win64; x64) AppleWebKit/537.36 (KHTML, like Gecko) Chrome/76.0.3809.71 Safari/537.36"
205.169.39.20 - - [28/Jun/2021:05:09:02 -0400] "GET /wp-content/uploads/fusion-gfonts/qkBKXvYC6trAT7RQNNK2EG7SIwPWMNlCV3lIb7X1HgGQ0tQ.woff HTTP/1.1" 200 15580 "https://angelsonhighstreet.com/wp-content/uploads/fusion-styles/15e6b0b5e48de1d64664be89b4d4bc7c.min.css?ver=3.2.1" "Mozilla/5.0 (Windows NT 10.0; Win64; x64) AppleWebKit/537.36 (KHTML, like Gecko) Chrome/76.0.3809.71 Safari/537.36"
205.169.39.20 - - [28/Jun/2021:05:09:02 -0400] "GET /wp-content/uploads/2020/08/D37CB261-2BE3-4FB2-AE52-84F8AC85FF3A-200x267.jpeg HTTP/1.1" 200 13584 "https://angelsonhighstreet.com/" "Mozilla/5.0 (Windows NT 10.0; Win64; x64) AppleWebKit/537.36 (KHTML, like Gecko) Chrome/76.0.3809.71 Safari/537.36"
205.169.39.20 - - [28/Jun/2021:05:09:02 -0400] "GET /wp-content/uploads/2020/08/D7CE7FC9-6B66-4E0F-B3A8-E17389D30D20-400x533.jpeg HTTP/1.1" 200 43077 "https://angelsonhighstreet.com/" "Mozilla/5.0 (Windows NT 10.0; Win64; x64) AppleWebKit/537.36 (KHTML, like Gecko) Chrome/76.0.3809.71 Safari/537.36"
205.169.39.20 - - [28/Jun/2021:05:09:02 -0400] "GET /wp-content/uploads/2020/04/aohs_logo_blkbg-e1588290703663-150x150.png HTTP/1.1" 200 30802 "https://angelsonhighstreet.com/" "Mozilla/5.0 (Windows NT 10.0; Win64; x64) AppleWebKit/537.36 (KHTML, like Gecko) Chrome/76.0.3809.71 Safari/537.36"
205.169.39.20 - - [28/Jun/2021:05:09:02 -0400] "GET /wp-content/uploads/2020/08/C9EC0898-E30D-4B2A-A8B1-96DE3A2B9FAA-200x267.jpeg HTTP/1.1" 200 21507 "https://angelsonhighstreet.com/" "Mozilla/5.0 (Windows NT 10.0; Win64; x64) AppleWebKit/537.36 (KHTML, like Gecko) Chrome/76.0.3809.71 Safari/537.36"
205.169.39.20 - - [28/Jun/2021:05:09:02 -0400] "GET /wp-content/uploads/2019/05/IMG_0405-500x710.jpg HTTP/1.1" 200 67615 "https://angelsonhighstreet.com/" "Mozilla/5.0 (Windows NT 10.0; Win64; x64) AppleWebKit/537.36 (KHTML, like Gecko) Chrome/76.0.3809.71 Safari/537.36"
205.169.39.20 - - [28/Jun/2021:05:09:03 -0400] "GET /wp-content/plugins/wp-optin-wheel/public/img/wheel-green.png HTTP/1.1" 200 39871 "https://angelsonhighstreet.com/wp-content/plugins/wp-optin-wheel/public/css/theme-green.css?ver=1.3.2" "Mozilla/5.0 (Windows NT 10.0; Win64; x64) AppleWebKit/537.36 (KHTML, like Gecko) Chrome/76.0.3809.71 Safari/537.36"
205.169.39.20 - - [28/Jun/2021:05:09:03 -0400] "GET /wp-content/plugins/wp-optin-wheel/public/img/bg-hearts.png HTTP/1.1" 200 2213 "https://angelsonhighstreet.com/" "Mozilla/5.0 (Windows NT 10.0; Win64; x64) AppleWebKit/537.36 (KHTML, like Gecko) Chrome/76.0.3809.71 Safari/537.36"
205.169.39.20 - - [28/Jun/2021:05:09:02 -0400] "GET /wp-content/uploads/2020/08/C5B83DAF-9E96-49A0-AAA0-C902DBEB3B68.jpeg HTTP/1.1" 200 85904 "https://angelsonhighstreet.com/" "Mozilla/5.0 (Windows NT 10.0; Win64; x64) AppleWebKit/537.36 (KHTML, like Gecko) Chrome/76.0.3809.71 Safari/537.36"
205.169.39.20 - - [28/Jun/2021:05:09:03 -0400] "GET /wp-content/uploads/2019/11/standards_banner.png HTTP/1.1" 200 19955 "https://angelsonhighstreet.com/" "Mozilla/5.0 (Windows NT 10.0; Win64; x64) AppleWebKit/537.36 (KHTML, like Gecko) Chrome/76.0.3809.71 Safari/537.36"
205.169.39.20 - - [28/Jun/2021:05:09:03 -0400] "GET /wp-content/plugins/revslider/public/assets/js/rbtools.min.js?ver=6.3.3 HTTP/1.1" 200 46697 "https://angelsonhighstreet.com/" "Mozilla/5.0 (Windows NT 10.0; Win64; x64) AppleWebKit/537.36 (KHTML, like Gecko) Chrome/76.0.3809.71 Safari/537.36"
205.169.39.20 - - [28/Jun/2021:05:09:03 -0400] "GET /wp-content/plugins/revslider/public/assets/js/rs6.min.js?ver=6.3.3 HTTP/1.1" 200 86331 "https://angelsonhighstreet.com/" "Mozilla/5.0 (Windows NT 10.0; Win64; x64) AppleWebKit/537.36 (KHTML, like Gecko) Chrome/76.0.3809.71 Safari/537.36"
205.169.39.20 - - [28/Jun/2021:05:09:03 -0400] "GET /wp-content/uploads/2020/08/D37CB261-2BE3-4FB2-AE52-84F8AC85FF3A.jpeg HTTP/1.1" 200 96561 "https://angelsonhighstreet.com/" "Mozilla/5.0 (Windows NT 10.0; Win64; x64) AppleWebKit/537.36 (KHTML, like Gecko) Chrome/76.0.3809.71 Safari/537.36"
205.169.39.20 - - [28/Jun/2021:05:09:03 -0400] "GET /wp-includes/js/wp-emoji-release.min.js?ver=5.7.2 HTTP/1.1" 200 5142 "https://angelsonhighstreet.com/" "Mozilla/5.0 (Windows NT 10.0; Win64; x64) AppleWebKit/537.36 (KHTML, like Gecko) Chrome/76.0.3809.71 Safari/537.36"
205.169.39.20 - - [28/Jun/2021:05:09:03 -0400] "GET /wp-content/uploads/2020/07/F3BBAB36-C718-44E4-AA15-13B741A05689.jpeg HTTP/1.1" 200 129513 "https://angelsonhighstreet.com/" "Mozilla/5.0 (Windows NT 10.0; Win64; x64) AppleWebKit/537.36 (KHTML, like Gecko) Chrome/76.0.3809.71 Safari/537.36"
205.169.39.20 - - [28/Jun/2021:05:09:03 -0400] "GET /wp-content/uploads/2020/05/5C641DE8-0187-43FF-BDA7-9ECB85C21670.jpeg HTTP/1.1" 200 285738 "https://angelsonhighstreet.com/" "Mozilla/5.0 (Windows NT 10.0; Win64; x64) AppleWebKit/537.36 (KHTML, like Gecko) Chrome/76.0.3809.71 Safari/537.36"
205.169.39.20 - - [28/Jun/2021:05:09:03 -0400] "GET /wp-content/uploads/2020/11/8BC30C6A-8CA8-4876-976A-0465755939A8.jpeg HTTP/1.1" 200 515742 "https://angelsonhighstreet.com/" "Mozilla/5.0 (Windows NT 10.0; Win64; x64) AppleWebKit/537.36 (KHTML, like Gecko) Chrome/76.0.3809.71 Safari/537.36"
205.169.39.20 - - [28/Jun/2021:05:09:03 -0400] "GET /wp-content/uploads/2020/11/newCBGhealingsalve.jpg HTTP/1.1" 200 869508 "https://angelsonhighstreet.com/" "Mozilla/5.0 (Windows NT 10.0; Win64; x64) AppleWebKit/537.36 (KHTML, like Gecko) Chrome/76.0.3809.71 Safari/537.36"
179.43.169.181 - - [28/Jun/2021:05:09:04 -0400] "GET / HTTP/1.1" 200 108630 "-" "Mozilla/5.0 (X11; Linux i686; rv:10.0) Gecko/20100101 Firefox/10.0"
179.43.169.181 - - [28/Jun/2021:05:09:15 -0400] "GET / HTTP/1.1" 200 110456 "-" "Mozilla/5.0 (X11; Linux i686; rv:10.0) Gecko/20100101 Firefox/10.0"
179.43.169.181 - - [28/Jun/2021:05:09:25 -0400] "GET / HTTP/1.1" 301 5569 "-" "Mozilla/5.0 (X11; Linux i686; rv:10.0) Gecko/20100101 Firefox/10.0"
179.43.169.181 - - [28/Jun/2021:05:09:26 -0400] "GET / HTTP/1.1" 200 110456 "-" "Mozilla/5.0 (X11; Linux i686; rv:10.0) Gecko/20100101 Firefox/10.0"
54.36.148.166 - - [28/Jun/2021:05:09:33 -0400] "GET /product-category/salves?product_count=16&product_orderby=date&product_order=desc&product_view=grid HTTP/1.1" 200 20678 "-" "Mozilla/5.0 (compatible; AhrefsBot/7.0; +http://ahrefs.com/robot/)"
179.43.169.181 - - [28/Jun/2021:05:09:35 -0400] "GET / HTTP/1.1" 200 110456 "-" "Mozilla/5.0 (X11; Linux i686; rv:10.0) Gecko/20100101 Firefox/10.0"
210.86.239.43 - - [28/Jun/2021:05:10:10 -0400] "GET /gank.php.PhP HTTP/1.1" 301 563 "http://simplesite.com" "Mozilla/5.0 (Windows; U; Windows NT 5.1; en-US) AppleWebKit/533.4 (KHTML, like Gecko) Chrome/5.0.375.99 Safari/533.4"
204.48.19.85 - - [28/Jun/2021:05:10:13 -0400] "POST /wp-cron.php?doing_wp_cron=1624871413.4474849700927734375000 HTTP/1.1" 200 5548 "https://angelsonhighstreet.com/wp-cron.php?doing_wp_cron=1624871413.4474849700927734375000" "WordPress/5.7.2; https://angelsonhighstreet.com"
210.86.239.43 - - [28/Jun/2021:05:10:13 -0400] "GET /gank.php.PhP HTTP/1.1" 404 64035 "http://angelsonhighstreet.com/gank.php.PhP" "Mozilla/5.0 (Windows; U; Windows NT 5.1; en-US) AppleWebKit/533.4 (KHTML, like Gecko) Chrome/5.0.375.99 Safari/533.4"
65.154.226.165 - - [28/Jun/2021:05:11:03 -0400] "GET / HTTP/1.1" 301 607 "-" "Mozilla/5.0 (Windows NT 10.0; Win64; x64) AppleWebKit/537.36 (KHTML, like Gecko) Chrome/76.0.3809.71 Safari/537.36"
202.92.5.170 - - [28/Jun/2021:05:11:03 -0400] "POST /wp-login.php HTTP/1.1" 200 8138 "-" "Mozilla/5.0 (Windows NT 10.0; Win64; x64) AppleWebKit/537.36 (KHTML, like Gecko) Chrome/86.0.4240.193 Safari/537.36"
204.48.19.85 - - [28/Jun/2021:05:11:03 -0400] "POST /wp-cron.php?doing_wp_cron=1624871463.7408149242401123046875 HTTP/1.1" 200 5548 "https://angelsonhighstreet.com/wp-cron.php?doing_wp_cron=1624871463.7408149242401123046875" "WordPress/5.7.2; https://angelsonhighstreet.com"
65.154.226.165 - - [28/Jun/2021:05:11:03 -0400] "GET / HTTP/1.1" 301 5672 "-" "Mozilla/5.0 (Windows NT 10.0; Win64; x64) AppleWebKit/537.36 (KHTML, like Gecko) Chrome/76.0.3809.71 Safari/537.36"
65.154.226.165 - - [28/Jun/2021:05:11:04 -0400] "GET / HTTP/1.1" 200 25367 "-" "Mozilla/5.0 (Windows NT 10.0; Win64; x64) AppleWebKit/537.36 (KHTML, like Gecko) Chrome/76.0.3809.71 Safari/537.36"
65.154.226.165 - - [28/Jun/2021:05:11:04 -0400] "GET /wp-content/plugins/woocommerce/packages/woocommerce-blocks/build/vendors-style.css?ver=4.9.1 HTTP/1.1" 200 1477 "https://angelsonhighstreet.com/" "Mozilla/5.0 (Windows NT 10.0; Win64; x64) AppleWebKit/537.36 (KHTML, like Gecko) Chrome/76.0.3809.71 Safari/537.36"
65.154.226.165 - - [28/Jun/2021:05:11:05 -0400] "GET /wp-content/plugins/woocommerce/packages/woocommerce-blocks/build/style.css?ver=4.9.1 HTTP/1.1" 200 19628 "https://angelsonhighstreet.com/" "Mozilla/5.0 (Windows NT 10.0; Win64; x64) AppleWebKit/537.36 (KHTML, like Gecko) Chrome/76.0.3809.71 Safari/537.36"
65.154.226.165 - - [28/Jun/2021:05:11:05 -0400] "GET /wp-content/plugins/age-gate/public/css/age-gate-custom.css?ver=2.15.0 HTTP/1.1" 200 1033 "https://angelsonhighstreet.com/" "Mozilla/5.0 (Windows NT 10.0; Win64; x64) AppleWebKit/537.36 (KHTML, like Gecko) Chrome/76.0.3809.71 Safari/537.36"
65.154.226.165 - - [28/Jun/2021:05:11:05 -0400] "GET /wp-content/plugins/age-gate/public/css/age-gate-public.css?ver=2.15.0 HTTP/1.1" 200 2377 "https://angelsonhighstreet.com/" "Mozilla/5.0 (Windows NT 10.0; Win64; x64) AppleWebKit/537.36 (KHTML, like Gecko) Chrome/76.0.3809.71 Safari/537.36"
65.154.226.165 - - [28/Jun/2021:05:11:05 -0400] "GET /wp-content/plugins/woocommerce-square/assets/css/frontend/wc-square-cart-checkout-blocks.min.css?ver=2.5.1 HTTP/1.1" 200 6571 "https://angelsonhighstreet.com/" "Mozilla/5.0 (Windows NT 10.0; Win64; x64) AppleWebKit/537.36 (KHTML, like Gecko) Chrome/76.0.3809.71 Safari/537.36"
65.154.226.165 - - [28/Jun/2021:05:11:05 -0400] "GET /wp-content/plugins/revslider/public/assets/css/rs6.css?ver=6.3.3 HTTP/1.1" 200 18437 "https://angelsonhighstreet.com/" "Mozilla/5.0 (Windows NT 10.0; Win64; x64) AppleWebKit/537.36 (KHTML, like Gecko) Chrome/76.0.3809.71 Safari/537.36"
65.154.226.165 - - [28/Jun/2021:05:11:05 -0400] "GET /wp-includes/css/dist/block-library/style.min.css?ver=5.7.2 HTTP/1.1" 200 9173 "https://angelsonhighstreet.com/" "Mozilla/5.0 (Windows NT 10.0; Win64; x64) AppleWebKit/537.36 (KHTML, like Gecko) Chrome/76.0.3809.71 Safari/537.36"
65.154.226.165 - - [28/Jun/2021:05:11:05 -0400] "GET /wp-includes/css/dist/block-library/theme.min.css?ver=5.7.2 HTTP/1.1" 200 1169 "https://angelsonhighstreet.com/" "Mozilla/5.0 (Windows NT 10.0; Win64; x64) AppleWebKit/537.36 (KHTML, like Gecko) Chrome/76.0.3809.71 Safari/537.36"
65.154.226.165 - - [28/Jun/2021:05:11:05 -0400] "GET /wp-content/plugins/wp-optin-wheel/public/css/public.min.css?ver=1.3.2 HTTP/1.1" 200 2546 "https://angelsonhighstreet.com/" "Mozilla/5.0 (Windows NT 10.0; Win64; x64) AppleWebKit/537.36 (KHTML, like Gecko) Chrome/76.0.3809.71 Safari/537.36"
65.154.226.165 - - [28/Jun/2021:05:11:05 -0400] "GET /wp-content/uploads/fusion-styles/15e6b0b5e48de1d64664be89b4d4bc7c.min.css?ver=3.2.1 HTTP/1.1" 200 155368 "https://angelsonhighstreet.com/" "Mozilla/5.0 (Windows NT 10.0; Win64; x64) AppleWebKit/537.36 (KHTML, like Gecko) Chrome/76.0.3809.71 Safari/537.36"
65.154.226.165 - - [28/Jun/2021:05:11:05 -0400] "GET /wp-content/plugins/wp-optin-wheel/public/css/theme-green.css?ver=1.3.2 HTTP/1.1" 200 617 "https://angelsonhighstreet.com/" "Mozilla/5.0 (Windows NT 10.0; Win64; x64) AppleWebKit/537.36 (KHTML, like Gecko) Chrome/76.0.3809.71 Safari/537.36"
65.154.226.165 - - [28/Jun/2021:05:11:05 -0400] "GET /wp-content/plugins/age-gate/public/js/age-gate-public-hooks.js?ver=2.15.0 HTTP/1.1" 200 2632 "https://angelsonhighstreet.com/" "Mozilla/5.0 (Windows NT 10.0; Win64; x64) AppleWebKit/537.36 (KHTML, like Gecko) Chrome/76.0.3809.71 Safari/537.36"
65.154.226.165 - - [28/Jun/2021:05:11:05 -0400] "GET /wp-includes/js/jquery/jquery-migrate.min.js?ver=3.3.2 HTTP/1.1" 200 4649 "https://angelsonhighstreet.com/" "Mozilla/5.0 (Windows NT 10.0; Win64; x64) AppleWebKit/537.36 (KHTML, like Gecko) Chrome/76.0.3809.71 Safari/537.36"
65.154.226.165 - - [28/Jun/2021:05:11:05 -0400] "GET /wp-includes/js/jquery/jquery.min.js?ver=3.5.1 HTTP/1.1" 200 31463 "https://angelsonhighstreet.com/" "Mozilla/5.0 (Windows NT 10.0; Win64; x64) AppleWebKit/537.36 (KHTML, like Gecko) Chrome/76.0.3809.71 Safari/537.36"
65.154.226.165 - - [28/Jun/2021:05:11:05 -0400] "GET /wp-content/plugins/google-analytics-dashboard-for-wp/assets/js/frontend-gtag.min.js?ver=6.7.0 HTTP/1.1" 200 3280 "https://angelsonhighstreet.com/" "Mozilla/5.0 (Windows NT 10.0; Win64; x64) AppleWebKit/537.36 (KHTML, like Gecko) Chrome/76.0.3809.71 Safari/537.36"
65.154.226.165 - - [28/Jun/2021:05:11:05 -0400] "GET /wp-content/plugins/wp-optin-wheel/public/js/public.min.js?ver=1.3.2 HTTP/1.1" 200 3754 "https://angelsonhighstreet.com/" "Mozilla/5.0 (Windows NT 10.0; Win64; x64) AppleWebKit/537.36 (KHTML, like Gecko) Chrome/76.0.3809.71 Safari/537.36"
65.154.226.165 - - [28/Jun/2021:05:11:05 -0400] "GET /wp-content/uploads/2020/05/aohs_righttext_logo-e1590068585746.png HTTP/1.1" 200 62245 "https://angelsonhighstreet.com/" "Mozilla/5.0 (Windows NT 10.0; Win64; x64) AppleWebKit/537.36 (KHTML, like Gecko) Chrome/76.0.3809.71 Safari/537.36"
65.154.226.165 - - [28/Jun/2021:05:11:05 -0400] "GET /wp-content/uploads/2020/08/C5B83DAF-9E96-49A0-AAA0-C902DBEB3B68-400x533.jpeg HTTP/1.1" 200 32424 "https://angelsonhighstreet.com/" "Mozilla/5.0 (Windows NT 10.0; Win64; x64) AppleWebKit/537.36 (KHTML, like Gecko) Chrome/76.0.3809.71 Safari/537.36"
65.154.226.165 - - [28/Jun/2021:05:11:05 -0400] "GET /wp-content/plugins/age-gate/public/js/age-gate-public.js?ver=2.15.0 HTTP/1.1" 200 6737 "https://angelsonhighstreet.com/" "Mozilla/5.0 (Windows NT 10.0; Win64; x64) AppleWebKit/537.36 (KHTML, like Gecko) Chrome/76.0.3809.71 Safari/537.36"
65.154.226.165 - - [28/Jun/2021:05:11:06 -0400] "GET /wp-content/plugins/age-gate/public/js/age-gate-public-tab.js?ver=2.15.0 HTTP/1.1" 200 869 "https://angelsonhighstreet.com/" "Mozilla/5.0 (Windows NT 10.0; Win64; x64) AppleWebKit/537.36 (KHTML, like Gecko) Chrome/76.0.3809.71 Safari/537.36"
65.154.226.165 - - [28/Jun/2021:05:11:06 -0400] "GET /wp-content/plugins/age-gate/public/js/age-gate-shortcode.js?ver=2.15.0 HTTP/1.1" 200 2732 "https://angelsonhighstreet.com/" "Mozilla/5.0 (Windows NT 10.0; Win64; x64) AppleWebKit/537.36 (KHTML, like Gecko) Chrome/76.0.3809.71 Safari/537.36"
65.154.226.165 - - [28/Jun/2021:05:11:06 -0400] "GET /wp-content/plugins/woocommerce/assets/js/jquery-blockui/jquery.blockUI.min.js?ver=2.70 HTTP/1.1" 200 3961 "https://angelsonhighstreet.com/" "Mozilla/5.0 (Windows NT 10.0; Win64; x64) AppleWebKit/537.36 (KHTML, like Gecko) Chrome/76.0.3809.71 Safari/537.36"
65.154.226.165 - - [28/Jun/2021:05:11:06 -0400] "GET /wp-content/plugins/contact-form-7/includes/js/index.js?ver=5.4.1 HTTP/1.1" 200 4484 "https://angelsonhighstreet.com/" "Mozilla/5.0 (Windows NT 10.0; Win64; x64) AppleWebKit/537.36 (KHTML, like Gecko) Chrome/76.0.3809.71 Safari/537.36"
65.154.226.165 - - [28/Jun/2021:05:11:06 -0400] "GET /wp-includes/js/dist/vendor/wp-polyfill.min.js?ver=7.4.4 HTTP/1.1" 200 34810 "https://angelsonhighstreet.com/" "Mozilla/5.0 (Windows NT 10.0; Win64; x64) AppleWebKit/537.36 (KHTML, like Gecko) Chrome/76.0.3809.71 Safari/537.36"
65.154.226.165 - - [28/Jun/2021:05:11:06 -0400] "GET /wp-content/plugins/woocommerce/assets/js/frontend/add-to-cart.min.js?ver=5.3.0 HTTP/1.1" 200 1522 "https://angelsonhighstreet.com/" "Mozilla/5.0 (Windows NT 10.0; Win64; x64) AppleWebKit/537.36 (KHTML, like Gecko) Chrome/76.0.3809.71 Safari/537.36"
