20.62.91.188 - - [07/Jul/2021:00:41:34 -0400] "POST //xmlrpc.php HTTP/1.1" 200 6248 "-" "Mozilla/5.0 (Windows NT 10.0; Win64; x64) AppleWebKit/537.36 (KHTML, like Gecko) Chrome/88.0.4240.193 Safari/537.36"
20.62.91.188 - - [07/Jul/2021:00:41:35 -0400] "POST //xmlrpc.php HTTP/1.1" 200 6248 "-" "Mozilla/5.0 (Windows NT 10.0; Win64; x64) AppleWebKit/537.36 (KHTML, like Gecko) Chrome/88.0.4240.193 Safari/537.36"
20.62.91.188 - - [07/Jul/2021:00:41:36 -0400] "POST //xmlrpc.php HTTP/1.1" 200 6250 "-" "Mozilla/5.0 (Windows NT 10.0; Win64; x64) AppleWebKit/537.36 (KHTML, like Gecko) Chrome/88.0.4240.193 Safari/537.36"
20.62.91.188 - - [07/Jul/2021:00:41:37 -0400] "POST //xmlrpc.php HTTP/1.1" 200 6250 "-" "Mozilla/5.0 (Windows NT 10.0; Win64; x64) AppleWebKit/537.36 (KHTML, like Gecko) Chrome/88.0.4240.193 Safari/537.36"
20.62.91.188 - - [07/Jul/2021:00:41:38 -0400] "POST //xmlrpc.php HTTP/1.1" 200 6248 "-" "Mozilla/5.0 (Windows NT 10.0; Win64; x64) AppleWebKit/537.36 (KHTML, like Gecko) Chrome/88.0.4240.193 Safari/537.36"
20.62.91.188 - - [07/Jul/2021:00:41:39 -0400] "POST //xmlrpc.php HTTP/1.1" 200 6248 "-" "Mozilla/5.0 (Windows NT 10.0; Win64; x64) AppleWebKit/537.36 (KHTML, like Gecko) Chrome/88.0.4240.193 Safari/537.36"
20.62.91.188 - - [07/Jul/2021:00:41:40 -0400] "POST //xmlrpc.php HTTP/1.1" 200 6248 "-" "Mozilla/5.0 (Windows NT 10.0; Win64; x64) AppleWebKit/537.36 (KHTML, like Gecko) Chrome/88.0.4240.193 Safari/537.36"
20.62.91.188 - - [07/Jul/2021:00:41:41 -0400] "POST //xmlrpc.php HTTP/1.1" 200 6248 "-" "Mozilla/5.0 (Windows NT 10.0; Win64; x64) AppleWebKit/537.36 (KHTML, like Gecko) Chrome/88.0.4240.193 Safari/537.36"
20.62.91.188 - - [07/Jul/2021:00:41:42 -0400] "POST //xmlrpc.php HTTP/1.1" 200 6248 "-" "Mozilla/5.0 (Windows NT 10.0; Win64; x64) AppleWebKit/537.36 (KHTML, like Gecko) Chrome/88.0.4240.193 Safari/537.36"
20.62.91.188 - - [07/Jul/2021:00:41:43 -0400] "POST //xmlrpc.php HTTP/1.1" 200 6248 "-" "Mozilla/5.0 (Windows NT 10.0; Win64; x64) AppleWebKit/537.36 (KHTML, like Gecko) Chrome/88.0.4240.193 Safari/537.36"
20.62.91.188 - - [07/Jul/2021:00:41:44 -0400] "POST //xmlrpc.php HTTP/1.1" 200 6248 "-" "Mozilla/5.0 (Windows NT 10.0; Win64; x64) AppleWebKit/537.36 (KHTML, like Gecko) Chrome/88.0.4240.193 Safari/537.36"
20.62.91.188 - - [07/Jul/2021:00:41:45 -0400] "POST //xmlrpc.php HTTP/1.1" 200 6248 "-" "Mozilla/5.0 (Windows NT 10.0; Win64; x64) AppleWebKit/537.36 (KHTML, like Gecko) Chrome/88.0.4240.193 Safari/537.36"
20.62.91.188 - - [07/Jul/2021:00:41:46 -0400] "POST //xmlrpc.php HTTP/1.1" 200 6248 "-" "Mozilla/5.0 (Windows NT 10.0; Win64; x64) AppleWebKit/537.36 (KHTML, like Gecko) Chrome/88.0.4240.193 Safari/537.36"
20.62.91.188 - - [07/Jul/2021:00:41:47 -0400] "POST //xmlrpc.php HTTP/1.1" 200 6248 "-" "Mozilla/5.0 (Windows NT 10.0; Win64; x64) AppleWebKit/537.36 (KHTML, like Gecko) Chrome/88.0.4240.193 Safari/537.36"
20.62.91.188 - - [07/Jul/2021:00:41:48 -0400] "POST //xmlrpc.php HTTP/1.1" 200 6248 "-" "Mozilla/5.0 (Windows NT 10.0; Win64; x64) AppleWebKit/537.36 (KHTML, like Gecko) Chrome/88.0.4240.193 Safari/537.36"
20.62.91.188 - - [07/Jul/2021:00:41:49 -0400] "POST //xmlrpc.php HTTP/1.1" 200 6248 "-" "Mozilla/5.0 (Windows NT 10.0; Win64; x64) AppleWebKit/537.36 (KHTML, like Gecko) Chrome/88.0.4240.193 Safari/537.36"
20.62.91.188 - - [07/Jul/2021:00:41:50 -0400] "POST //xmlrpc.php HTTP/1.1" 200 6248 "-" "Mozilla/5.0 (Windows NT 10.0; Win64; x64) AppleWebKit/537.36 (KHTML, like Gecko) Chrome/88.0.4240.193 Safari/537.36"
20.62.91.188 - - [07/Jul/2021:00:41:51 -0400] "POST //xmlrpc.php HTTP/1.1" 200 6248 "-" "Mozilla/5.0 (Windows NT 10.0; Win64; x64) AppleWebKit/537.36 (KHTML, like Gecko) Chrome/88.0.4240.193 Safari/537.36"
20.62.91.188 - - [07/Jul/2021:00:41:52 -0400] "POST //xmlrpc.php HTTP/1.1" 200 6248 "-" "Mozilla/5.0 (Windows NT 10.0; Win64; x64) AppleWebKit/537.36 (KHTML, like Gecko) Chrome/88.0.4240.193 Safari/537.36"
20.62.91.188 - - [07/Jul/2021:00:41:53 -0400] "POST //xmlrpc.php HTTP/1.1" 200 6248 "-" "Mozilla/5.0 (Windows NT 10.0; Win64; x64) AppleWebKit/537.36 (KHTML, like Gecko) Chrome/88.0.4240.193 Safari/537.36"
20.62.91.188 - - [07/Jul/2021:00:41:54 -0400] "POST //xmlrpc.php HTTP/1.1" 200 6248 "-" "Mozilla/5.0 (Windows NT 10.0; Win64; x64) AppleWebKit/537.36 (KHTML, like Gecko) Chrome/88.0.4240.193 Safari/537.36"
20.62.91.188 - - [07/Jul/2021:00:41:56 -0400] "POST //xmlrpc.php HTTP/1.1" 200 6248 "-" "Mozilla/5.0 (Windows NT 10.0; Win64; x64) AppleWebKit/537.36 (KHTML, like Gecko) Chrome/88.0.4240.193 Safari/537.36"
204.48.19.85 - - [07/Jul/2021:00:41:57 -0400] "POST /wp-cron.php?doing_wp_cron=1625632917.1242840290069580078125 HTTP/1.1" 200 6350 "https://angelsonhighstreet.com/wp-cron.php?doing_wp_cron=1625632917.1242840290069580078125" "WordPress/5.7.2; https://angelsonhighstreet.com"
20.62.91.188 - - [07/Jul/2021:00:41:58 -0400] "POST //xmlrpc.php HTTP/1.1" 200 6248 "-" "Mozilla/5.0 (Windows NT 10.0; Win64; x64) AppleWebKit/537.36 (KHTML, like Gecko) Chrome/88.0.4240.193 Safari/537.36"
20.62.91.188 - - [07/Jul/2021:00:41:59 -0400] "POST //xmlrpc.php HTTP/1.1" 200 6248 "-" "Mozilla/5.0 (Windows NT 10.0; Win64; x64) AppleWebKit/537.36 (KHTML, like Gecko) Chrome/88.0.4240.193 Safari/537.36"
20.62.91.188 - - [07/Jul/2021:00:42:00 -0400] "POST //xmlrpc.php HTTP/1.1" 200 6248 "-" "Mozilla/5.0 (Windows NT 10.0; Win64; x64) AppleWebKit/537.36 (KHTML, like Gecko) Chrome/88.0.4240.193 Safari/537.36"
20.62.91.188 - - [07/Jul/2021:00:42:01 -0400] "POST //xmlrpc.php HTTP/1.1" 200 6248 "-" "Mozilla/5.0 (Windows NT 10.0; Win64; x64) AppleWebKit/537.36 (KHTML, like Gecko) Chrome/88.0.4240.193 Safari/537.36"
54.36.148.95 - - [07/Jul/2021:00:42:34 -0400] "GET /product-category/salves?product_view=list&product_count=32&product_orderby=name&product_order=asc HTTP/1.1" 200 21651 "-" "Mozilla/5.0 (compatible; AhrefsBot/7.0; +http://ahrefs.com/robot/)"
204.48.19.85 - - [07/Jul/2021:00:45:07 -0400] "POST /wp-cron.php?doing_wp_cron=1625633107.7860999107360839843750 HTTP/1.1" 200 6350 "https://angelsonhighstreet.com/wp-cron.php?doing_wp_cron=1625633107.7860999107360839843750" "WordPress/5.7.2; https://angelsonhighstreet.com"
54.36.148.221 - - [07/Jul/2021:00:45:07 -0400] "GET /product-category/salves?product_view=list&product_count=48&product_orderby=name&product_order=desc HTTP/1.1" 200 21636 "-" "Mozilla/5.0 (compatible; AhrefsBot/7.0; +http://ahrefs.com/robot/)"
204.48.19.85 - - [07/Jul/2021:00:45:58 -0400] "POST /wp-cron.php?doing_wp_cron=1625633158.7887361049652099609375 HTTP/1.1" 200 6350 "https://angelsonhighstreet.com/wp-cron.php?doing_wp_cron=1625633158.7887361049652099609375" "WordPress/5.7.2; https://angelsonhighstreet.com"
45.119.212.93 - - [07/Jul/2021:00:45:58 -0400] "GET /wp-login.php HTTP/1.1" 200 8107 "-" "Mozilla/5.0 (X11; Ubuntu; Linux x86_64; rv:62.0) Gecko/20100101 Firefox/62.0"
45.119.212.93 - - [07/Jul/2021:00:46:00 -0400] "POST /wp-login.php HTTP/1.1" 200 8230 "-" "Mozilla/5.0 (X11; Ubuntu; Linux x86_64; rv:62.0) Gecko/20100101 Firefox/62.0"
45.119.212.93 - - [07/Jul/2021:00:46:01 -0400] "GET /wp-login.php HTTP/1.1" 200 8107 "-" "Mozilla/5.0 (X11; Ubuntu; Linux x86_64; rv:62.0) Gecko/20100101 Firefox/62.0"
45.119.212.93 - - [07/Jul/2021:00:46:03 -0400] "POST /wp-login.php HTTP/1.1" 200 8232 "-" "Mozilla/5.0 (X11; Ubuntu; Linux x86_64; rv:62.0) Gecko/20100101 Firefox/62.0"
45.119.212.93 - - [07/Jul/2021:00:46:05 -0400] "POST /xmlrpc.php HTTP/1.1" 200 5852 "-" "Mozilla/5.0 (X11; Ubuntu; Linux x86_64; rv:62.0) Gecko/20100101 Firefox/62.0"
204.48.19.85 - - [07/Jul/2021:00:47:39 -0400] "POST /wp-cron.php?doing_wp_cron=1625633259.2771120071411132812500 HTTP/1.1" 200 6350 "https://angelsonhighstreet.com/wp-cron.php?doing_wp_cron=1625633259.2771120071411132812500" "WordPress/5.7.2; https://angelsonhighstreet.com"
54.36.148.21 - - [07/Jul/2021:00:47:38 -0400] "GET /product-category/salves?product_view=grid&product_orderby=price&product_count=48&product_order=desc HTTP/1.1" 200 21465 "-" "Mozilla/5.0 (compatible; AhrefsBot/7.0; +http://ahrefs.com/robot/)"
204.48.19.85 - - [07/Jul/2021:00:50:25 -0400] "POST /wp-cron.php?doing_wp_cron=1625633425.4949109554290771484375 HTTP/1.1" 200 6350 "https://angelsonhighstreet.com/wp-cron.php?doing_wp_cron=1625633425.4949109554290771484375" "WordPress/5.7.2; https://angelsonhighstreet.com"
54.36.148.134 - - [07/Jul/2021:00:50:25 -0400] "GET /product-category/salves?product_view=list&product_count=16&product_orderby=name&product_order=asc HTTP/1.1" 200 21365 "-" "Mozilla/5.0 (compatible; AhrefsBot/7.0; +http://ahrefs.com/robot/)"
204.48.19.85 - - [07/Jul/2021:00:52:36 -0400] "POST /wp-cron.php?doing_wp_cron=1625633556.6850349903106689453125 HTTP/1.1" 200 6350 "https://angelsonhighstreet.com/wp-cron.php?doing_wp_cron=1625633556.6850349903106689453125" "WordPress/5.7.2; https://angelsonhighstreet.com"
40.77.167.52 - - [07/Jul/2021:00:52:36 -0400] "GET /robots.txt HTTP/1.1" 200 6116 "-" "Mozilla/5.0 (compatible; bingbot/2.0; +http://www.bing.com/bingbot.htm)"
204.48.19.85 - - [07/Jul/2021:00:53:13 -0400] "POST /wp-cron.php?doing_wp_cron=1625633593.5995008945465087890625 HTTP/1.1" 200 6350 "https://angelsonhighstreet.com/wp-cron.php?doing_wp_cron=1625633593.5995008945465087890625" "WordPress/5.7.2; https://angelsonhighstreet.com"
54.36.148.50 - - [07/Jul/2021:00:53:13 -0400] "GET /product-category/salves?product_view=list&product_count=32&product_orderby=price&product_order=desc HTTP/1.1" 200 21636 "-" "Mozilla/5.0 (compatible; AhrefsBot/7.0; +http://ahrefs.com/robot/)"
204.48.19.85 - - [07/Jul/2021:00:54:52 -0400] "POST /wp-cron.php?doing_wp_cron=1625633692.5736269950866699218750 HTTP/1.1" 200 6350 "https://angelsonhighstreet.com/wp-cron.php?doing_wp_cron=1625633692.5736269950866699218750" "WordPress/5.7.2; https://angelsonhighstreet.com"
24.237.45.193 - - [07/Jul/2021:00:54:52 -0400] "GET / HTTP/1.1" 200 25952 "https://www.google.com/" "Mozilla/5.0 (X11; CrOS x86_64 13904.66.0) AppleWebKit/537.36 (KHTML, like Gecko) Chrome/91.0.4472.114 Safari/537.36"
24.237.45.193 - - [07/Jul/2021:00:54:53 -0400] "GET /wp-content/plugins/woocommerce/packages/woocommerce-blocks/build/vendors-style.css?ver=4.9.1 HTTP/1.1" 200 2053 "https://angelsonhighstreet.com/" "Mozilla/5.0 (X11; CrOS x86_64 13904.66.0) AppleWebKit/537.36 (KHTML, like Gecko) Chrome/91.0.4472.114 Safari/537.36"
24.237.45.193 - - [07/Jul/2021:00:54:53 -0400] "GET /wp-content/plugins/age-gate/public/js/age-gate-public-hooks.js?ver=2.15.0 HTTP/1.1" 200 2632 "https://angelsonhighstreet.com/" "Mozilla/5.0 (X11; CrOS x86_64 13904.66.0) AppleWebKit/537.36 (KHTML, like Gecko) Chrome/91.0.4472.114 Safari/537.36"
24.237.45.193 - - [07/Jul/2021:00:54:53 -0400] "GET /wp-includes/js/jquery/jquery.min.js?ver=3.5.1 HTTP/1.1" 200 31463 "https://angelsonhighstreet.com/" "Mozilla/5.0 (X11; CrOS x86_64 13904.66.0) AppleWebKit/537.36 (KHTML, like Gecko) Chrome/91.0.4472.114 Safari/537.36"
24.237.45.193 - - [07/Jul/2021:00:54:53 -0400] "GET /wp-includes/js/jquery/jquery-migrate.min.js?ver=3.3.2 HTTP/1.1" 200 4649 "https://angelsonhighstreet.com/" "Mozilla/5.0 (X11; CrOS x86_64 13904.66.0) AppleWebKit/537.36 (KHTML, like Gecko) Chrome/91.0.4472.114 Safari/537.36"
24.237.45.193 - - [07/Jul/2021:00:54:53 -0400] "GET /wp-content/plugins/google-analytics-dashboard-for-wp/assets/js/frontend-gtag.min.js?ver=6.7.0 HTTP/1.1" 200 3856 "https://angelsonhighstreet.com/" "Mozilla/5.0 (X11; CrOS x86_64 13904.66.0) AppleWebKit/537.36 (KHTML, like Gecko) Chrome/91.0.4472.114 Safari/537.36"
24.237.45.193 - - [07/Jul/2021:00:54:53 -0400] "GET /wp-content/plugins/wp-optin-wheel/public/js/public.min.js?ver=1.3.2 HTTP/1.1" 200 9828 "https://angelsonhighstreet.com/" "Mozilla/5.0 (X11; CrOS x86_64 13904.66.0) AppleWebKit/537.36 (KHTML, like Gecko) Chrome/91.0.4472.114 Safari/537.36"
24.237.45.193 - - [07/Jul/2021:00:54:53 -0400] "GET /wp-content/plugins/age-gate/public/css/age-gate-public.css?ver=2.15.0 HTTP/1.1" 200 7875 "https://angelsonhighstreet.com/" "Mozilla/5.0 (X11; CrOS x86_64 13904.66.0) AppleWebKit/537.36 (KHTML, like Gecko) Chrome/91.0.4472.114 Safari/537.36"
24.237.45.193 - - [07/Jul/2021:00:54:53 -0400] "GET /wp-content/plugins/woocommerce/packages/woocommerce-blocks/build/style.css?ver=4.9.1 HTTP/1.1" 200 20204 "https://angelsonhighstreet.com/" "Mozilla/5.0 (X11; CrOS x86_64 13904.66.0) AppleWebKit/537.36 (KHTML, like Gecko) Chrome/91.0.4472.114 Safari/537.36"
24.237.45.193 - - [07/Jul/2021:00:54:53 -0400] "GET /wp-content/plugins/age-gate/public/css/age-gate-custom.css?ver=2.15.0 HTTP/1.1" 200 457 "https://angelsonhighstreet.com/" "Mozilla/5.0 (X11; CrOS x86_64 13904.66.0) AppleWebKit/537.36 (KHTML, like Gecko) Chrome/91.0.4472.114 Safari/537.36"
24.237.45.193 - - [07/Jul/2021:00:54:53 -0400] "GET /wp-content/plugins/revslider/public/assets/css/rs6.css?ver=6.3.3 HTTP/1.1" 200 13165 "https://angelsonhighstreet.com/" "Mozilla/5.0 (X11; CrOS x86_64 13904.66.0) AppleWebKit/537.36 (KHTML, like Gecko) Chrome/91.0.4472.114 Safari/537.36"
24.237.45.193 - - [07/Jul/2021:00:54:53 -0400] "GET /wp-content/uploads/2020/05/aohs_righttext_logo-e1590068585746.png HTTP/1.1" 200 62245 "https://angelsonhighstreet.com/" "Mozilla/5.0 (X11; CrOS x86_64 13904.66.0) AppleWebKit/537.36 (KHTML, like Gecko) Chrome/91.0.4472.114 Safari/537.36"
24.237.45.193 - - [07/Jul/2021:00:54:53 -0400] "GET /wp-content/uploads/2020/08/C5B83DAF-9E96-49A0-AAA0-C902DBEB3B68-200x267.jpeg HTTP/1.1" 200 11794 "https://angelsonhighstreet.com/" "Mozilla/5.0 (X11; CrOS x86_64 13904.66.0) AppleWebKit/537.36 (KHTML, like Gecko) Chrome/91.0.4472.114 Safari/537.36"
24.237.45.193 - - [07/Jul/2021:00:54:54 -0400] "GET /wp-content/uploads/2019/05/IMG_0405-200x284.jpg HTTP/1.1" 200 16763 "https://angelsonhighstreet.com/" "Mozilla/5.0 (X11; CrOS x86_64 13904.66.0) AppleWebKit/537.36 (KHTML, like Gecko) Chrome/91.0.4472.114 Safari/537.36"
24.237.45.193 - - [07/Jul/2021:00:54:53 -0400] "GET /wp-content/uploads/fusion-styles/15e6b0b5e48de1d64664be89b4d4bc7c.min.css?ver=3.2.1 HTTP/1.1" 200 150096 "https://angelsonhighstreet.com/" "Mozilla/5.0 (X11; CrOS x86_64 13904.66.0) AppleWebKit/537.36 (KHTML, like Gecko) Chrome/91.0.4472.114 Safari/537.36"
24.237.45.193 - - [07/Jul/2021:00:54:54 -0400] "GET /wp-content/uploads/2020/08/D7CE7FC9-6B66-4E0F-B3A8-E17389D30D20-200x267.jpeg HTTP/1.1" 200 15853 "https://angelsonhighstreet.com/" "Mozilla/5.0 (X11; CrOS x86_64 13904.66.0) AppleWebKit/537.36 (KHTML, like Gecko) Chrome/91.0.4472.114 Safari/537.36"
24.237.45.193 - - [07/Jul/2021:00:54:54 -0400] "GET /wp-content/uploads/2020/08/C9EC0898-E30D-4B2A-A8B1-96DE3A2B9FAA-200x267.jpeg HTTP/1.1" 200 21507 "https://angelsonhighstreet.com/" "Mozilla/5.0 (X11; CrOS x86_64 13904.66.0) AppleWebKit/537.36 (KHTML, like Gecko) Chrome/91.0.4472.114 Safari/537.36"
24.237.45.193 - - [07/Jul/2021:00:54:54 -0400] "GET /wp-content/uploads/2020/08/D37CB261-2BE3-4FB2-AE52-84F8AC85FF3A-200x267.jpeg HTTP/1.1" 200 13584 "https://angelsonhighstreet.com/" "Mozilla/5.0 (X11; CrOS x86_64 13904.66.0) AppleWebKit/537.36 (KHTML, like Gecko) Chrome/91.0.4472.114 Safari/537.36"
24.237.45.193 - - [07/Jul/2021:00:54:54 -0400] "GET /wp-content/uploads/2020/04/aohs_logo_blkbg-e1588290703663-150x150.png HTTP/1.1" 200 30802 "https://angelsonhighstreet.com/" "Mozilla/5.0 (X11; CrOS x86_64 13904.66.0) AppleWebKit/537.36 (KHTML, like Gecko) Chrome/91.0.4472.114 Safari/537.36"
24.237.45.193 - - [07/Jul/2021:00:54:54 -0400] "GET /wp-content/plugins/woocommerce-square/assets/css/frontend/wc-square-cart-checkout-blocks.min.css?ver=2.5.1 HTTP/1.1" 200 1299 "https://angelsonhighstreet.com/" "Mozilla/5.0 (X11; CrOS x86_64 13904.66.0) AppleWebKit/537.36 (KHTML, like Gecko) Chrome/91.0.4472.114 Safari/537.36"
24.237.45.193 - - [07/Jul/2021:00:54:54 -0400] "GET /wp-content/uploads/2020/08/C5B83DAF-9E96-49A0-AAA0-C902DBEB3B68.jpeg HTTP/1.1" 200 85904 "https://angelsonhighstreet.com/" "Mozilla/5.0 (X11; CrOS x86_64 13904.66.0) AppleWebKit/537.36 (KHTML, like Gecko) Chrome/91.0.4472.114 Safari/537.36"
24.237.45.193 - - [07/Jul/2021:00:54:54 -0400] "GET /wp-content/uploads/2019/11/standards_banner.png HTTP/1.1" 200 19955 "https://angelsonhighstreet.com/" "Mozilla/5.0 (X11; CrOS x86_64 13904.66.0) AppleWebKit/537.36 (KHTML, like Gecko) Chrome/91.0.4472.114 Safari/537.36"
24.237.45.193 - - [07/Jul/2021:00:54:54 -0400] "GET /wp-includes/css/dist/block-library/style.min.css?ver=5.7.2 HTTP/1.1" 200 9173 "https://angelsonhighstreet.com/" "Mozilla/5.0 (X11; CrOS x86_64 13904.66.0) AppleWebKit/537.36 (KHTML, like Gecko) Chrome/91.0.4472.114 Safari/537.36"
24.237.45.193 - - [07/Jul/2021:00:54:54 -0400] "GET /wp-includes/css/dist/block-library/theme.min.css?ver=5.7.2 HTTP/1.1" 200 1169 "https://angelsonhighstreet.com/" "Mozilla/5.0 (X11; CrOS x86_64 13904.66.0) AppleWebKit/537.36 (KHTML, like Gecko) Chrome/91.0.4472.114 Safari/537.36"
24.237.45.193 - - [07/Jul/2021:00:54:54 -0400] "GET /wp-content/uploads/2020/08/D37CB261-2BE3-4FB2-AE52-84F8AC85FF3A.jpeg HTTP/1.1" 200 96561 "https://angelsonhighstreet.com/" "Mozilla/5.0 (X11; CrOS x86_64 13904.66.0) AppleWebKit/537.36 (KHTML, like Gecko) Chrome/91.0.4472.114 Safari/537.36"
24.237.45.193 - - [07/Jul/2021:00:54:54 -0400] "GET /wp-content/plugins/wp-optin-wheel/public/css/public.min.css?ver=1.3.2 HTTP/1.1" 200 2546 "https://angelsonhighstreet.com/" "Mozilla/5.0 (X11; CrOS x86_64 13904.66.0) AppleWebKit/537.36 (KHTML, like Gecko) Chrome/91.0.4472.114 Safari/537.36"
24.237.45.193 - - [07/Jul/2021:00:54:54 -0400] "GET /wp-content/plugins/wp-optin-wheel/public/css/theme-green.css?ver=1.3.2 HTTP/1.1" 200 617 "https://angelsonhighstreet.com/" "Mozilla/5.0 (X11; CrOS x86_64 13904.66.0) AppleWebKit/537.36 (KHTML, like Gecko) Chrome/91.0.4472.114 Safari/537.36"
24.237.45.193 - - [07/Jul/2021:00:54:54 -0400] "GET /wp-content/plugins/age-gate/public/js/age-gate-public.js?ver=2.15.0 HTTP/1.1" 200 6737 "https://angelsonhighstreet.com/" "Mozilla/5.0 (X11; CrOS x86_64 13904.66.0) AppleWebKit/537.36 (KHTML, like Gecko) Chrome/91.0.4472.114 Safari/537.36"
24.237.45.193 - - [07/Jul/2021:00:54:54 -0400] "GET /wp-content/plugins/age-gate/public/js/age-gate-public-tab.js?ver=2.15.0 HTTP/1.1" 200 869 "https://angelsonhighstreet.com/" "Mozilla/5.0 (X11; CrOS x86_64 13904.66.0) AppleWebKit/537.36 (KHTML, like Gecko) Chrome/91.0.4472.114 Safari/537.36"
24.237.45.193 - - [07/Jul/2021:00:54:54 -0400] "GET /wp-content/plugins/age-gate/public/js/age-gate-shortcode.js?ver=2.15.0 HTTP/1.1" 200 2732 "https://angelsonhighstreet.com/" "Mozilla/5.0 (X11; CrOS x86_64 13904.66.0) AppleWebKit/537.36 (KHTML, like Gecko) Chrome/91.0.4472.114 Safari/537.36"
24.237.45.193 - - [07/Jul/2021:00:54:54 -0400] "GET /wp-content/plugins/contact-form-7/includes/js/index.js?ver=5.4.1 HTTP/1.1" 200 4484 "https://angelsonhighstreet.com/" "Mozilla/5.0 (X11; CrOS x86_64 13904.66.0) AppleWebKit/537.36 (KHTML, like Gecko) Chrome/91.0.4472.114 Safari/537.36"
24.237.45.193 - - [07/Jul/2021:00:54:54 -0400] "GET /wp-includes/js/dist/vendor/wp-polyfill.min.js?ver=7.4.4 HTTP/1.1" 200 34810 "https://angelsonhighstreet.com/" "Mozilla/5.0 (X11; CrOS x86_64 13904.66.0) AppleWebKit/537.36 (KHTML, like Gecko) Chrome/91.0.4472.114 Safari/537.36"
24.237.45.193 - - [07/Jul/2021:00:54:54 -0400] "GET /wp-content/plugins/revslider/public/assets/js/rbtools.min.js?ver=6.3.3 HTTP/1.1" 200 46697 "https://angelsonhighstreet.com/" "Mozilla/5.0 (X11; CrOS x86_64 13904.66.0) AppleWebKit/537.36 (KHTML, like Gecko) Chrome/91.0.4472.114 Safari/537.36"
24.237.45.193 - - [07/Jul/2021:00:54:54 -0400] "GET /wp-content/uploads/fusion-gfonts/qkBIXvYC6trAT55ZBi1ueQVIjQTD-JqaE0lMZbLXGimS.woff HTTP/1.1" 200 15349 "https://angelsonhighstreet.com/wp-content/uploads/fusion-styles/15e6b0b5e48de1d64664be89b4d4bc7c.min.css?ver=3.2.1" "Mozilla/5.0 (X11; CrOS x86_64 13904.66.0) AppleWebKit/537.36 (KHTML, like Gecko) Chrome/91.0.4472.114 Safari/537.36"
24.237.45.193 - - [07/Jul/2021:00:54:54 -0400] "GET /wp-content/themes/Avada/includes/lib/assets/fonts/icomoon/icomoon.woff HTTP/1.1" 200 13272 "https://angelsonhighstreet.com/wp-content/uploads/fusion-styles/15e6b0b5e48de1d64664be89b4d4bc7c.min.css?ver=3.2.1" "Mozilla/5.0 (X11; CrOS x86_64 13904.66.0) AppleWebKit/537.36 (KHTML, like Gecko) Chrome/91.0.4472.114 Safari/537.36"
24.237.45.193 - - [07/Jul/2021:00:54:54 -0400] "GET /wp-content/uploads/fusion-gfonts/qkBIXvYC6trAT55ZBi1ueQVIjQTDH52aE0lMZbLXGimS.woff HTTP/1.1" 200 15341 "https://angelsonhighstreet.com/wp-content/uploads/fusion-styles/15e6b0b5e48de1d64664be89b4d4bc7c.min.css?ver=3.2.1" "Mozilla/5.0 (X11; CrOS x86_64 13904.66.0) AppleWebKit/537.36 (KHTML, like Gecko) Chrome/91.0.4472.114 Safari/537.36"
24.237.45.193 - - [07/Jul/2021:00:54:54 -0400] "GET /wp-content/uploads/fusion-gfonts/JTUSjIg1_i6t8kCHKm459WlhzSTh89Y.woff HTTP/1.1" 200 17618 "https://angelsonhighstreet.com/wp-content/uploads/fusion-styles/15e6b0b5e48de1d64664be89b4d4bc7c.min.css?ver=3.2.1" "Mozilla/5.0 (X11; CrOS x86_64 13904.66.0) AppleWebKit/537.36 (KHTML, like Gecko) Chrome/91.0.4472.114 Safari/537.36"
24.237.45.193 - - [07/Jul/2021:00:54:54 -0400] "GET /wp-content/uploads/fusion-gfonts/JTURjIg1_i6t8kCHKm45_dJE3gnD-Px3rCs.woff HTTP/1.1" 200 17525 "https://angelsonhighstreet.com/wp-content/uploads/fusion-styles/15e6b0b5e48de1d64664be89b4d4bc7c.min.css?ver=3.2.1" "Mozilla/5.0 (X11; CrOS x86_64 13904.66.0) AppleWebKit/537.36 (KHTML, like Gecko) Chrome/91.0.4472.114 Safari/537.36"
24.237.45.193 - - [07/Jul/2021:00:54:54 -0400] "GET /wp-content/themes/Avada/includes/lib/assets/fonts/fontawesome/webfonts/fa-regular-400.woff2 HTTP/1.1" 200 14074 "https://angelsonhighstreet.com/wp-content/uploads/fusion-styles/15e6b0b5e48de1d64664be89b4d4bc7c.min.css?ver=3.2.1" "Mozilla/5.0 (X11; CrOS x86_64 13904.66.0) AppleWebKit/537.36 (KHTML, like Gecko) Chrome/91.0.4472.114 Safari/537.36"
24.237.45.193 - - [07/Jul/2021:00:54:54 -0400] "GET /wp-content/plugins/wp-optin-wheel/public/img/bg-hearts.png HTTP/1.1" 200 2213 "https://angelsonhighstreet.com/" "Mozilla/5.0 (X11; CrOS x86_64 13904.66.0) AppleWebKit/537.36 (KHTML, like Gecko) Chrome/91.0.4472.114 Safari/537.36"
24.237.45.193 - - [07/Jul/2021:00:54:54 -0400] "GET /wp-content/uploads/fusion-gfonts/qkBKXvYC6trAT7RQNNK2EG7SIwPWMNlCV3lIb7X1HgGQ0tQ.woff HTTP/1.1" 200 15580 "https://angelsonhighstreet.com/wp-content/uploads/fusion-styles/15e6b0b5e48de1d64664be89b4d4bc7c.min.css?ver=3.2.1" "Mozilla/5.0 (X11; CrOS x86_64 13904.66.0) AppleWebKit/537.36 (KHTML, like Gecko) Chrome/91.0.4472.114 Safari/537.36"
24.237.45.193 - - [07/Jul/2021:00:54:54 -0400] "GET /wp-content/plugins/wp-optin-wheel/public/img/wheel-green.png HTTP/1.1" 200 39871 "https://angelsonhighstreet.com/wp-content/plugins/wp-optin-wheel/public/css/theme-green.css?ver=1.3.2" "Mozilla/5.0 (X11; CrOS x86_64 13904.66.0) AppleWebKit/537.36 (KHTML, like Gecko) Chrome/91.0.4472.114 Safari/537.36"
24.237.45.193 - - [07/Jul/2021:00:54:54 -0400] "GET /wp-content/plugins/woocommerce/assets/js/jquery-blockui/jquery.blockUI.min.js?ver=2.70 HTTP/1.1" 200 3961 "https://angelsonhighstreet.com/" "Mozilla/5.0 (X11; CrOS x86_64 13904.66.0) AppleWebKit/537.36 (KHTML, like Gecko) Chrome/91.0.4472.114 Safari/537.36"
24.237.45.193 - - [07/Jul/2021:00:54:54 -0400] "GET /wp-content/plugins/revslider/public/assets/js/rs6.min.js?ver=6.3.3 HTTP/1.1" 200 86331 "https://angelsonhighstreet.com/" "Mozilla/5.0 (X11; CrOS x86_64 13904.66.0) AppleWebKit/537.36 (KHTML, like Gecko) Chrome/91.0.4472.114 Safari/537.36"
24.237.45.193 - - [07/Jul/2021:00:54:54 -0400] "GET /wp-content/plugins/woocommerce/assets/js/frontend/add-to-cart.min.js?ver=5.3.0 HTTP/1.1" 200 1522 "https://angelsonhighstreet.com/" "Mozilla/5.0 (X11; CrOS x86_64 13904.66.0) AppleWebKit/537.36 (KHTML, like Gecko) Chrome/91.0.4472.114 Safari/537.36"
24.237.45.193 - - [07/Jul/2021:00:54:54 -0400] "GET /wp-content/plugins/woocommerce/assets/js/js-cookie/js.cookie.min.js?ver=2.1.4 HTTP/1.1" 200 1417 "https://angelsonhighstreet.com/" "Mozilla/5.0 (X11; CrOS x86_64 13904.66.0) AppleWebKit/537.36 (KHTML, like Gecko) Chrome/91.0.4472.114 Safari/537.36"
24.237.45.193 - - [07/Jul/2021:00:54:54 -0400] "GET /wp-content/plugins/woocommerce/assets/js/frontend/woocommerce.min.js?ver=5.3.0 HTTP/1.1" 200 1222 "https://angelsonhighstreet.com/" "Mozilla/5.0 (X11; CrOS x86_64 13904.66.0) AppleWebKit/537.36 (KHTML, like Gecko) Chrome/91.0.4472.114 Safari/537.36"
24.237.45.193 - - [07/Jul/2021:00:54:54 -0400] "GET /wp-content/plugins/woocommerce/assets/js/frontend/cart-fragments.min.js?ver=5.3.0 HTTP/1.1" 200 1475 "https://angelsonhighstreet.com/" "Mozilla/5.0 (X11; CrOS x86_64 13904.66.0) AppleWebKit/537.36 (KHTML, like Gecko) Chrome/91.0.4472.114 Safari/537.36"
24.237.45.193 - - [07/Jul/2021:00:54:54 -0400] "GET /wp-includes/js/wp-embed.min.js?ver=5.7.2 HTTP/1.1" 200 1200 "https://angelsonhighstreet.com/" "Mozilla/5.0 (X11; CrOS x86_64 13904.66.0) AppleWebKit/537.36 (KHTML, like Gecko) Chrome/91.0.4472.114 Safari/537.36"
24.237.45.193 - - [07/Jul/2021:00:54:54 -0400] "GET /wp-content/uploads/fusion-scripts/250c2b9f76b9189f0607771277c32ada.min.js?ver=3.2.1 HTTP/1.1" 200 122595 "https://angelsonhighstreet.com/" "Mozilla/5.0 (X11; CrOS x86_64 13904.66.0) AppleWebKit/537.36 (KHTML, like Gecko) Chrome/91.0.4472.114 Safari/537.36"
24.237.45.193 - - [07/Jul/2021:00:54:54 -0400] "GET /wp-includes/js/wp-emoji-release.min.js?ver=5.7.2 HTTP/1.1" 200 5142 "https://angelsonhighstreet.com/" "Mozilla/5.0 (X11; CrOS x86_64 13904.66.0) AppleWebKit/537.36 (KHTML, like Gecko) Chrome/91.0.4472.114 Safari/537.36"
24.237.45.193 - - [07/Jul/2021:00:54:54 -0400] "GET /wp-content/uploads/2020/07/F3BBAB36-C718-44E4-AA15-13B741A05689.jpeg HTTP/1.1" 200 129513 "https://angelsonhighstreet.com/" "Mozilla/5.0 (X11; CrOS x86_64 13904.66.0) AppleWebKit/537.36 (KHTML, like Gecko) Chrome/91.0.4472.114 Safari/537.36"
24.237.45.193 - - [07/Jul/2021:00:54:54 -0400] "GET /wp-content/uploads/2020/11/8BC30C6A-8CA8-4876-976A-0465755939A8.jpeg HTTP/1.1" 200 515742 "https://angelsonhighstreet.com/" "Mozilla/5.0 (X11; CrOS x86_64 13904.66.0) AppleWebKit/537.36 (KHTML, like Gecko) Chrome/91.0.4472.114 Safari/537.36"
24.237.45.193 - - [07/Jul/2021:00:54:55 -0400] "GET /wp-content/uploads/2020/05/5C641DE8-0187-43FF-BDA7-9ECB85C21670.jpeg HTTP/1.1" 200 285738 "https://angelsonhighstreet.com/" "Mozilla/5.0 (X11; CrOS x86_64 13904.66.0) AppleWebKit/537.36 (KHTML, like Gecko) Chrome/91.0.4472.114 Safari/537.36"
24.237.45.193 - - [07/Jul/2021:00:54:54 -0400] "GET /wp-content/uploads/2020/11/newCBGhealingsalve.jpg HTTP/1.1" 200 869508 "https://angelsonhighstreet.com/" "Mozilla/5.0 (X11; CrOS x86_64 13904.66.0) AppleWebKit/537.36 (KHTML, like Gecko) Chrome/91.0.4472.114 Safari/537.36"
24.237.45.193 - - [07/Jul/2021:00:54:55 -0400] "GET /wp-content/uploads/2020/05/2F81A01C-A31F-4FC0-ACBC-AC077D7C6D5B-e1588879916909.jpeg HTTP/1.1" 200 237707 "https://angelsonhighstreet.com/" "Mozilla/5.0 (X11; CrOS x86_64 13904.66.0) AppleWebKit/537.36 (KHTML, like Gecko) Chrome/91.0.4472.114 Safari/537.36"
24.237.45.193 - - [07/Jul/2021:00:54:55 -0400] "GET /wp-content/uploads/2020/05/aohs_logo_transparent.png HTTP/1.1" 200 192298 "https://angelsonhighstreet.com/" "Mozilla/5.0 (X11; CrOS x86_64 13904.66.0) AppleWebKit/537.36 (KHTML, like Gecko) Chrome/91.0.4472.114 Safari/537.36"
24.237.45.193 - - [07/Jul/2021:00:54:55 -0400] "POST /?wc-ajax=get_refreshed_fragments HTTP/1.1" 200 874 "https://angelsonhighstreet.com/" "Mozilla/5.0 (X11; CrOS x86_64 13904.66.0) AppleWebKit/537.36 (KHTML, like Gecko) Chrome/91.0.4472.114 Safari/537.36"
24.237.45.193 - - [07/Jul/2021:00:54:55 -0400] "GET /wp-json/contact-form-7/v1/contact-forms/16954/refill HTTP/1.1" 200 643 "https://angelsonhighstreet.com/" "Mozilla/5.0 (X11; CrOS x86_64 13904.66.0) AppleWebKit/537.36 (KHTML, like Gecko) Chrome/91.0.4472.114 Safari/537.36"
204.48.19.85 - - [07/Jul/2021:00:54:58 -0400] "POST /wp-cron.php?doing_wp_cron=1625633698.7495529651641845703125 HTTP/1.1" 200 6350 "https://angelsonhighstreet.com/wp-cron.php?doing_wp_cron=1625633698.7495529651641845703125" "WordPress/5.7.2; https://angelsonhighstreet.com"
24.237.45.193 - - [07/Jul/2021:00:54:58 -0400] "POST /wp-admin/admin-ajax.php HTTP/1.1" 200 698 "https://angelsonhighstreet.com/" "Mozilla/5.0 (X11; CrOS x86_64 13904.66.0) AppleWebKit/537.36 (KHTML, like Gecko) Chrome/91.0.4472.114 Safari/537.36"
192.241.174.114 - - [07/Jul/2021:00:55:27 -0400] "GET /wp-login.php HTTP/1.1" 200 8107 "-" "Mozilla/5.0 (X11; Ubuntu; Linux x86_64; rv:62.0) Gecko/20100101 Firefox/62.0"
192.241.174.114 - - [07/Jul/2021:00:55:31 -0400] "POST /wp-login.php HTTP/1.1" 200 8209 "-" "Mozilla/5.0 (X11; Ubuntu; Linux x86_64; rv:62.0) Gecko/20100101 Firefox/62.0"
192.241.174.114 - - [07/Jul/2021:00:55:32 -0400] "POST /xmlrpc.php HTTP/1.1" 200 5852 "-" "Mozilla/5.0 (X11; Ubuntu; Linux x86_64; rv:62.0) Gecko/20100101 Firefox/62.0"
54.36.149.3 - - [07/Jul/2021:00:55:46 -0400] "GET /product-category/salves?product_count=16&product_orderby=default&product_view=grid&product_order=asc HTTP/1.1" 200 21220 "-" "Mozilla/5.0 (compatible; AhrefsBot/7.0; +http://ahrefs.com/robot/)"
204.48.19.85 - - [07/Jul/2021:00:58:18 -0400] "POST /wp-cron.php?doing_wp_cron=1625633898.3576951026916503906250 HTTP/1.1" 200 6350 "https://angelsonhighstreet.com/wp-cron.php?doing_wp_cron=1625633898.3576951026916503906250" "WordPress/5.7.2; https://angelsonhighstreet.com"
134.209.196.64 - - [07/Jul/2021:00:58:17 -0400] "POST /wp-login.php HTTP/1.1" 200 8935 "-" "Mozilla/5.0 (Windows NT 6.3; WOW64) AppleWebKit/537.36 (KHTML, like Gecko) Chrome/46.0.2490.80 Safari/537.36"
54.36.149.65 - - [07/Jul/2021:00:58:23 -0400] "GET /product-category/salves?product_view=list&product_count=48&product_orderby=price&product_order=desc HTTP/1.1" 200 21376 "-" "Mozilla/5.0 (compatible; AhrefsBot/7.0; +http://ahrefs.com/robot/)"
204.48.19.85 - - [07/Jul/2021:01:01:21 -0400] "POST /wp-cron.php?doing_wp_cron=1625634081.8748118877410888671875 HTTP/1.1" 200 6350 "https://angelsonhighstreet.com/wp-cron.php?doing_wp_cron=1625634081.8748118877410888671875" "WordPress/5.7.2; https://angelsonhighstreet.com"
54.36.148.129 - - [07/Jul/2021:01:01:21 -0400] "GET /product-category/salves?product_view=list&product_count=16&product_orderby=price&product_order=desc HTTP/1.1" 200 21370 "-" "Mozilla/5.0 (compatible; AhrefsBot/7.0; +http://ahrefs.com/robot/)"
204.48.19.85 - - [07/Jul/2021:01:02:05 -0400] "POST /wp-cron.php?doing_wp_cron=1625634125.5028951168060302734375 HTTP/1.1" 200 6350 "https://angelsonhighstreet.com/wp-cron.php?doing_wp_cron=1625634125.5028951168060302734375" "WordPress/5.7.2; https://angelsonhighstreet.com"
24.237.45.193 - - [07/Jul/2021:01:02:05 -0400] "POST /wp-admin/admin-ajax.php HTTP/1.1" 200 6970 "https://angelsonhighstreet.com/" "Mozilla/5.0 (X11; CrOS x86_64 13904.66.0) AppleWebKit/537.36 (KHTML, like Gecko) Chrome/91.0.4472.114 Safari/537.36"
24.237.45.193 - - [07/Jul/2021:01:02:18 -0400] "GET /shop-full-width HTTP/1.1" 200 16461 "https://angelsonhighstreet.com/" "Mozilla/5.0 (X11; CrOS x86_64 13904.66.0) AppleWebKit/537.36 (KHTML, like Gecko) Chrome/91.0.4472.114 Safari/537.36"
24.237.45.193 - - [07/Jul/2021:01:02:19 -0400] "GET /wp-content/uploads/fusion-scripts/27d829c5db6e6643472e29fcdf503374.min.js?ver=3.2.1 HTTP/1.1" 200 119697 "https://angelsonhighstreet.com/shop-full-width" "Mozilla/5.0 (X11; CrOS x86_64 13904.66.0) AppleWebKit/537.36 (KHTML, like Gecko) Chrome/91.0.4472.114 Safari/537.36"
24.237.45.193 - - [07/Jul/2021:01:02:19 -0400] "GET /wp-content/uploads/fusion-styles/9cfbc2155547e8f51b6c2bcc5657a204.min.css?ver=3.2.1 HTTP/1.1" 200 150304 "https://angelsonhighstreet.com/shop-full-width" "Mozilla/5.0 (X11; CrOS x86_64 13904.66.0) AppleWebKit/537.36 (KHTML, like Gecko) Chrome/91.0.4472.114 Safari/537.36"
24.237.45.193 - - [07/Jul/2021:01:02:20 -0400] "GET /wp-content/uploads/2020/08/D7CE7FC9-6B66-4E0F-B3A8-E17389D30D20.jpeg HTTP/1.1" 200 105313 "https://angelsonhighstreet.com/shop-full-width" "Mozilla/5.0 (X11; CrOS x86_64 13904.66.0) AppleWebKit/537.36 (KHTML, like Gecko) Chrome/91.0.4472.114 Safari/537.36"
24.237.45.193 - - [07/Jul/2021:01:02:20 -0400] "GET /wp-content/uploads/2019/05/IMG_0405-600x852.jpg HTTP/1.1" 200 89720 "https://angelsonhighstreet.com/shop-full-width" "Mozilla/5.0 (X11; CrOS x86_64 13904.66.0) AppleWebKit/537.36 (KHTML, like Gecko) Chrome/91.0.4472.114 Safari/537.36"
24.237.45.193 - - [07/Jul/2021:01:02:21 -0400] "GET /wp-content/uploads/fusion-gfonts/JTUPjIg1_i6t8kCHKm459WxZcgvz_PZ2jimrqw.woff HTTP/1.1" 200 18616 "https://angelsonhighstreet.com/wp-content/uploads/fusion-styles/9cfbc2155547e8f51b6c2bcc5657a204.min.css?ver=3.2.1" "Mozilla/5.0 (X11; CrOS x86_64 13904.66.0) AppleWebKit/537.36 (KHTML, like Gecko) Chrome/91.0.4472.114 Safari/537.36"
24.237.45.193 - - [07/Jul/2021:01:02:21 -0400] "GET /wp-content/uploads/2020/08/C9EC0898-E30D-4B2A-A8B1-96DE3A2B9FAA.jpeg HTTP/1.1" 200 183561 "https://angelsonhighstreet.com/shop-full-width" "Mozilla/5.0 (X11; CrOS x86_64 13904.66.0) AppleWebKit/537.36 (KHTML, like Gecko) Chrome/91.0.4472.114 Safari/537.36"
24.237.45.193 - - [07/Jul/2021:01:02:21 -0400] "GET /shop-full-width HTTP/1.1" 200 15885 "https://angelsonhighstreet.com/shop-full-width" "Mozilla/5.0 (X11; CrOS x86_64 13904.66.0) AppleWebKit/537.36 (KHTML, like Gecko) Chrome/91.0.4472.114 Safari/537.36"
204.48.19.85 - - [07/Jul/2021:01:03:41 -0400] "POST /wp-cron.php?doing_wp_cron=1625634221.5669460296630859375000 HTTP/1.1" 200 6350 "https://angelsonhighstreet.com/wp-cron.php?doing_wp_cron=1625634221.5669460296630859375000" "WordPress/5.7.2; https://angelsonhighstreet.com"
54.36.149.101 - - [07/Jul/2021:01:03:41 -0400] "GET /product-category/salves?product_view=list&product_count=32&product_orderby=rating&product_order=desc HTTP/1.1" 200 21378 "-" "Mozilla/5.0 (compatible; AhrefsBot/7.0; +http://ahrefs.com/robot/)"
204.48.19.85 - - [07/Jul/2021:01:05:53 -0400] "POST /wp-cron.php?doing_wp_cron=1625634353.7929749488830566406250 HTTP/1.1" 200 6350 "https://angelsonhighstreet.com/wp-cron.php?doing_wp_cron=1625634353.7929749488830566406250" "WordPress/5.7.2; https://angelsonhighstreet.com"
54.36.148.74 - - [07/Jul/2021:01:05:53 -0400] "GET /product-category/salves?product_view=grid&product_orderby=price&product_count=16&product_order=asc HTTP/1.1" 200 21232 "-" "Mozilla/5.0 (compatible; AhrefsBot/7.0; +http://ahrefs.com/robot/)"
204.48.19.85 - - [07/Jul/2021:01:07:18 -0400] "POST /wp-cron.php?doing_wp_cron=1625634438.4045290946960449218750 HTTP/1.1" 200 6350 "https://angelsonhighstreet.com/wp-cron.php?doing_wp_cron=1625634438.4045290946960449218750" "WordPress/5.7.2; https://angelsonhighstreet.com"
24.237.45.193 - - [07/Jul/2021:01:07:18 -0400] "GET /shop/2130mg-30ml-whole-plant-cbg-extract-oil HTTP/1.1" 200 21041 "https://angelsonhighstreet.com/shop-full-width" "Mozilla/5.0 (X11; CrOS x86_64 13904.66.0) AppleWebKit/537.36 (KHTML, like Gecko) Chrome/91.0.4472.114 Safari/537.36"
24.237.45.193 - - [07/Jul/2021:01:07:19 -0400] "GET /wp-content/uploads/fusion-styles/d8cf0d5efcc6708d5f063366a7b2f60e.min.css?ver=3.2.1 HTTP/1.1" 200 150681 "https://angelsonhighstreet.com/shop/2130mg-30ml-whole-plant-cbg-extract-oil" "Mozilla/5.0 (X11; CrOS x86_64 13904.66.0) AppleWebKit/537.36 (KHTML, like Gecko) Chrome/91.0.4472.114 Safari/537.36"
24.237.45.193 - - [07/Jul/2021:01:07:19 -0400] "GET /wp-content/plugins/woocommerce/assets/js/zoom/jquery.zoom.min.js?ver=1.7.21 HTTP/1.1" 200 1614 "https://angelsonhighstreet.com/shop/2130mg-30ml-whole-plant-cbg-extract-oil" "Mozilla/5.0 (X11; CrOS x86_64 13904.66.0) AppleWebKit/537.36 (KHTML, like Gecko) Chrome/91.0.4472.114 Safari/537.36"
24.237.45.193 - - [07/Jul/2021:01:07:19 -0400] "GET /wp-content/plugins/woocommerce/assets/js/frontend/single-product.min.js?ver=5.3.0 HTTP/1.1" 200 2361 "https://angelsonhighstreet.com/shop/2130mg-30ml-whole-plant-cbg-extract-oil" "Mozilla/5.0 (X11; CrOS x86_64 13904.66.0) AppleWebKit/537.36 (KHTML, like Gecko) Chrome/91.0.4472.114 Safari/537.36"
24.237.45.193 - - [07/Jul/2021:01:07:19 -0400] "GET /wp-includes/js/comment-reply.min.js?ver=5.7.2 HTTP/1.1" 200 1782 "https://angelsonhighstreet.com/shop/2130mg-30ml-whole-plant-cbg-extract-oil" "Mozilla/5.0 (X11; CrOS x86_64 13904.66.0) AppleWebKit/537.36 (KHTML, like Gecko) Chrome/91.0.4472.114 Safari/537.36"
24.237.45.193 - - [07/Jul/2021:01:07:19 -0400] "GET /wp-content/uploads/fusion-scripts/92d6f1b3b03dffd1136e59fa25d928a7.min.js?ver=3.2.1 HTTP/1.1" 200 90091 "https://angelsonhighstreet.com/shop/2130mg-30ml-whole-plant-cbg-extract-oil" "Mozilla/5.0 (X11; CrOS x86_64 13904.66.0) AppleWebKit/537.36 (KHTML, like Gecko) Chrome/91.0.4472.114 Safari/537.36"
24.237.45.193 - - [07/Jul/2021:01:07:20 -0400] "GET /wp-content/plugins/akismet/_inc/form.js?ver=4.1.9 HTTP/1.1" 200 753 "https://angelsonhighstreet.com/shop/2130mg-30ml-whole-plant-cbg-extract-oil" "Mozilla/5.0 (X11; CrOS x86_64 13904.66.0) AppleWebKit/537.36 (KHTML, like Gecko) Chrome/91.0.4472.114 Safari/537.36"
24.237.45.193 - - [07/Jul/2021:01:08:04 -0400] "POST /shop/2130mg-30ml-whole-plant-cbg-extract-oil HTTP/1.1" 302 1748 "https://angelsonhighstreet.com/shop/2130mg-30ml-whole-plant-cbg-extract-oil" "Mozilla/5.0 (X11; CrOS x86_64 13904.66.0) AppleWebKit/537.36 (KHTML, like Gecko) Chrome/91.0.4472.114 Safari/537.36"
204.48.19.85 - - [07/Jul/2021:01:08:05 -0400] "POST /wp-cron.php?doing_wp_cron=1625634485.1408588886260986328125 HTTP/1.1" 200 6350 "https://angelsonhighstreet.com/wp-cron.php?doing_wp_cron=1625634485.1408588886260986328125" "WordPress/5.7.2; https://angelsonhighstreet.com"
24.237.45.193 - - [07/Jul/2021:01:08:04 -0400] "GET /cart HTTP/1.1" 200 18132 "https://angelsonhighstreet.com/shop/2130mg-30ml-whole-plant-cbg-extract-oil" "Mozilla/5.0 (X11; CrOS x86_64 13904.66.0) AppleWebKit/537.36 (KHTML, like Gecko) Chrome/91.0.4472.114 Safari/537.36"
24.237.45.193 - - [07/Jul/2021:01:08:06 -0400] "GET /wp-content/plugins/woocommerce/assets/css/select2.css?ver=5.3.0 HTTP/1.1" 200 2985 "https://angelsonhighstreet.com/cart" "Mozilla/5.0 (X11; CrOS x86_64 13904.66.0) AppleWebKit/537.36 (KHTML, like Gecko) Chrome/91.0.4472.114 Safari/537.36"
24.237.45.193 - - [07/Jul/2021:01:08:06 -0400] "GET /wp-includes/js/zxcvbn-async.min.js?ver=1.0 HTTP/1.1" 200 691 "https://angelsonhighstreet.com/cart" "Mozilla/5.0 (X11; CrOS x86_64 13904.66.0) AppleWebKit/537.36 (KHTML, like Gecko) Chrome/91.0.4472.114 Safari/537.36"
24.237.45.193 - - [07/Jul/2021:01:08:06 -0400] "GET /wp-content/plugins/woocommerce/assets/js/frontend/country-select.min.js?ver=5.3.0 HTTP/1.1" 200 1504 "https://angelsonhighstreet.com/cart" "Mozilla/5.0 (X11; CrOS x86_64 13904.66.0) AppleWebKit/537.36 (KHTML, like Gecko) Chrome/91.0.4472.114 Safari/537.36"
24.237.45.193 - - [07/Jul/2021:01:08:06 -0400] "GET /wp-content/uploads/fusion-styles/62d7ef591e1dfef8233dc4710a5beef1.min.css?ver=3.2.1 HTTP/1.1" 200 150099 "https://angelsonhighstreet.com/cart" "Mozilla/5.0 (X11; CrOS x86_64 13904.66.0) AppleWebKit/537.36 (KHTML, like Gecko) Chrome/91.0.4472.114 Safari/537.36"
24.237.45.193 - - [07/Jul/2021:01:08:06 -0400] "GET /wp-content/plugins/woocommerce/assets/js/frontend/address-i18n.min.js?ver=5.3.0 HTTP/1.1" 200 1380 "https://angelsonhighstreet.com/cart" "Mozilla/5.0 (X11; CrOS x86_64 13904.66.0) AppleWebKit/537.36 (KHTML, like Gecko) Chrome/91.0.4472.114 Safari/537.36"
24.237.45.193 - - [07/Jul/2021:01:08:06 -0400] "GET /wp-content/plugins/woocommerce/assets/js/frontend/cart.min.js?ver=5.3.0 HTTP/1.1" 200 2467 "https://angelsonhighstreet.com/cart" "Mozilla/5.0 (X11; CrOS x86_64 13904.66.0) AppleWebKit/537.36 (KHTML, like Gecko) Chrome/91.0.4472.114 Safari/537.36"
24.237.45.193 - - [07/Jul/2021:01:08:06 -0400] "GET /wp-content/plugins/woocommerce/assets/js/selectWoo/selectWoo.full.min.js?ver=1.0.6 HTTP/1.1" 200 22592 "https://angelsonhighstreet.com/cart" "Mozilla/5.0 (X11; CrOS x86_64 13904.66.0) AppleWebKit/537.36 (KHTML, like Gecko) Chrome/91.0.4472.114 Safari/537.36"
24.237.45.193 - - [07/Jul/2021:01:08:06 -0400] "GET /wp-includes/js/dist/hooks.min.js?ver=50e23bed88bcb9e6e14023e9961698c1 HTTP/1.1" 200 3361 "https://angelsonhighstreet.com/cart" "Mozilla/5.0 (X11; CrOS x86_64 13904.66.0) AppleWebKit/537.36 (KHTML, like Gecko) Chrome/91.0.4472.114 Safari/537.36"
24.237.45.193 - - [07/Jul/2021:01:08:06 -0400] "GET /wp-content/uploads/2020/08/C5B83DAF-9E96-49A0-AAA0-C902DBEB3B68-100x100.jpeg HTTP/1.1" 200 3809 "https://angelsonhighstreet.com/cart" "Mozilla/5.0 (X11; CrOS x86_64 13904.66.0) AppleWebKit/537.36 (KHTML, like Gecko) Chrome/91.0.4472.114 Safari/537.36"
24.237.45.193 - - [07/Jul/2021:01:08:06 -0400] "GET /wp-includes/js/dist/i18n.min.js?ver=db9a9a37da262883343e941c3731bc67 HTTP/1.1" 200 4336 "https://angelsonhighstreet.com/cart" "Mozilla/5.0 (X11; CrOS x86_64 13904.66.0) AppleWebKit/537.36 (KHTML, like Gecko) Chrome/91.0.4472.114 Safari/537.36"
24.237.45.193 - - [07/Jul/2021:01:08:06 -0400] "GET /wp-admin/js/password-strength-meter.min.js?ver=5.7.2 HTTP/1.1" 200 1056 "https://angelsonhighstreet.com/cart" "Mozilla/5.0 (X11; CrOS x86_64 13904.66.0) AppleWebKit/537.36 (KHTML, like Gecko) Chrome/91.0.4472.114 Safari/537.36"
24.237.45.193 - - [07/Jul/2021:01:08:06 -0400] "GET /wp-content/plugins/woocommerce/assets/js/frontend/password-strength-meter.min.js?ver=5.3.0 HTTP/1.1" 200 1210 "https://angelsonhighstreet.com/cart" "Mozilla/5.0 (X11; CrOS x86_64 13904.66.0) AppleWebKit/537.36 (KHTML, like Gecko) Chrome/91.0.4472.114 Safari/537.36"
24.237.45.193 - - [07/Jul/2021:01:08:06 -0400] "GET /wp-content/uploads/fusion-scripts/b56245e53be0fd8a820b6aadd44f2547.min.js?ver=3.2.1 HTTP/1.1" 200 96890 "https://angelsonhighstreet.com/cart" "Mozilla/5.0 (X11; CrOS x86_64 13904.66.0) AppleWebKit/537.36 (KHTML, like Gecko) Chrome/91.0.4472.114 Safari/537.36"
24.237.45.193 - - [07/Jul/2021:01:08:06 -0400] "GET /wp-includes/js/zxcvbn.min.js HTTP/1.1" 200 403674 "https://angelsonhighstreet.com/cart" "Mozilla/5.0 (X11; CrOS x86_64 13904.66.0) AppleWebKit/537.36 (KHTML, like Gecko) Chrome/91.0.4472.114 Safari/537.36"
24.237.45.193 - - [07/Jul/2021:01:08:07 -0400] "POST /?wc-ajax=get_refreshed_fragments HTTP/1.1" 200 1706 "https://angelsonhighstreet.com/cart" "Mozilla/5.0 (X11; CrOS x86_64 13904.66.0) AppleWebKit/537.36 (KHTML, like Gecko) Chrome/91.0.4472.114 Safari/537.36"
54.36.148.157 - - [07/Jul/2021:01:08:18 -0400] "GET /product-category/salves?product_view=list&product_count=32&product_orderby=price&product_order=asc HTTP/1.1" 200 21657 "-" "Mozilla/5.0 (compatible; AhrefsBot/7.0; +http://ahrefs.com/robot/)"
24.237.45.193 - - [07/Jul/2021:01:08:48 -0400] "GET /shop/2130mg-30ml-whole-plant-cbg-extract-oil HTTP/1.1" 200 21311 "https://angelsonhighstreet.com/cart" "Mozilla/5.0 (X11; CrOS x86_64 13904.66.0) AppleWebKit/537.36 (KHTML, like Gecko) Chrome/91.0.4472.114 Safari/537.36"
204.48.19.85 - - [07/Jul/2021:01:09:00 -0400] "POST /wp-cron.php?doing_wp_cron=1625634540.4808449745178222656250 HTTP/1.1" 200 6350 "https://angelsonhighstreet.com/wp-cron.php?doing_wp_cron=1625634540.4808449745178222656250" "WordPress/5.7.2; https://angelsonhighstreet.com"
139.59.78.248 - - [07/Jul/2021:01:09:00 -0400] "GET /wp-login.php HTTP/1.1" 200 8107 "-" "Mozilla/5.0 (X11; Ubuntu; Linux x86_64; rv:62.0) Gecko/20100101 Firefox/62.0"
139.59.78.248 - - [07/Jul/2021:01:09:01 -0400] "POST /wp-login.php HTTP/1.1" 200 8230 "-" "Mozilla/5.0 (X11; Ubuntu; Linux x86_64; rv:62.0) Gecko/20100101 Firefox/62.0"
139.59.78.248 - - [07/Jul/2021:01:09:03 -0400] "GET /wp-login.php HTTP/1.1" 200 8107 "-" "Mozilla/5.0 (X11; Ubuntu; Linux x86_64; rv:62.0) Gecko/20100101 Firefox/62.0"
139.59.78.248 - - [07/Jul/2021:01:09:04 -0400] "POST /wp-login.php HTTP/1.1" 200 8232 "-" "Mozilla/5.0 (X11; Ubuntu; Linux x86_64; rv:62.0) Gecko/20100101 Firefox/62.0"
139.59.78.248 - - [07/Jul/2021:01:09:05 -0400] "POST /xmlrpc.php HTTP/1.1" 200 5852 "-" "Mozilla/5.0 (X11; Ubuntu; Linux x86_64; rv:62.0) Gecko/20100101 Firefox/62.0"
204.48.19.85 - - [07/Jul/2021:01:10:49 -0400] "POST /wp-cron.php?doing_wp_cron=1625634649.2852830886840820312500 HTTP/1.1" 200 6350 "https://angelsonhighstreet.com/wp-cron.php?doing_wp_cron=1625634649.2852830886840820312500" "WordPress/5.7.2; https://angelsonhighstreet.com"
54.36.149.107 - - [07/Jul/2021:01:10:48 -0400] "GET /product-category/salves?product_count=32&product_view=grid&product_orderby=default&product_order=asc HTTP/1.1" 200 21224 "-" "Mozilla/5.0 (compatible; AhrefsBot/7.0; +http://ahrefs.com/robot/)"
204.48.19.85 - - [07/Jul/2021:01:13:08 -0400] "POST /wp-cron.php?doing_wp_cron=1625634788.9486680030822753906250 HTTP/1.1" 200 6350 "https://angelsonhighstreet.com/wp-cron.php?doing_wp_cron=1625634788.9486680030822753906250" "WordPress/5.7.2; https://angelsonhighstreet.com"
54.36.149.14 - - [07/Jul/2021:01:13:08 -0400] "GET /product-category/salves?product_count=32&product_orderby=name&product_view=list&product_order=asc HTTP/1.1" 200 21649 "-" "Mozilla/5.0 (compatible; AhrefsBot/7.0; +http://ahrefs.com/robot/)"
204.48.19.85 - - [07/Jul/2021:01:15:41 -0400] "POST /wp-cron.php?doing_wp_cron=1625634941.6916639804840087890625 HTTP/1.1" 200 6350 "https://angelsonhighstreet.com/wp-cron.php?doing_wp_cron=1625634941.6916639804840087890625" "WordPress/5.7.2; https://angelsonhighstreet.com"
54.36.148.211 - - [07/Jul/2021:01:15:41 -0400] "GET /product-category/salves?product_view=list&product_count=16&product_orderby=date&product_order=asc HTTP/1.1" 200 21363 "-" "Mozilla/5.0 (compatible; AhrefsBot/7.0; +http://ahrefs.com/robot/)"
204.48.19.85 - - [07/Jul/2021:01:17:39 -0400] "POST /wp-cron.php?doing_wp_cron=1625635059.8301620483398437500000 HTTP/1.1" 200 6350 "https://angelsonhighstreet.com/wp-cron.php?doing_wp_cron=1625635059.8301620483398437500000" "WordPress/5.7.2; https://angelsonhighstreet.com"
185.191.171.44 - - [07/Jul/2021:01:17:39 -0400] "GET /robots.txt HTTP/1.1" 200 6554 "-" "Mozilla/5.0 (compatible; SemrushBot/7~bl; +http://www.semrush.com/bot.html)"
185.191.171.44 - - [07/Jul/2021:01:17:40 -0400] "GET /product-category/oils?product_count=48&product_order=desc&product_orderby=rating HTTP/1.1" 200 21208 "-" "Mozilla/5.0 (compatible; SemrushBot/7~bl; +http://www.semrush.com/bot.html)"
54.36.148.188 - - [07/Jul/2021:01:17:54 -0400] "GET /product-category/salves?product_count=32&product_view=grid&product_orderby=popularity&product_order=desc HTTP/1.1" 200 21500 "-" "Mozilla/5.0 (compatible; AhrefsBot/7.0; +http://ahrefs.com/robot/)"
204.48.19.85 - - [07/Jul/2021:01:19:51 -0400] "POST /wp-cron.php?doing_wp_cron=1625635191.8211750984191894531250 HTTP/1.1" 200 6350 "https://angelsonhighstreet.com/wp-cron.php?doing_wp_cron=1625635191.8211750984191894531250" "WordPress/5.7.2; https://angelsonhighstreet.com"
54.36.148.60 - - [07/Jul/2021:01:19:51 -0400] "GET /product-category/salves?product_view=grid&product_orderby=default&product_count=48&product_order=asc HTTP/1.1" 200 21448 "-" "Mozilla/5.0 (compatible; AhrefsBot/7.0; +http://ahrefs.com/robot/)"
204.48.19.85 - - [07/Jul/2021:01:20:34 -0400] "POST /wp-cron.php?doing_wp_cron=1625635233.9930799007415771484375 HTTP/1.1" 200 6350 "https://angelsonhighstreet.com/wp-cron.php?doing_wp_cron=1625635233.9930799007415771484375" "WordPress/5.7.2; https://angelsonhighstreet.com"
116.203.146.163 - - [07/Jul/2021:01:20:33 -0400] "POST /wp-login.php HTTP/1.1" 200 8935 "-" "Mozilla/5.0 (Windows NT 10.0; Win64; x64) AppleWebKit/537.36 (KHTML, like Gecko) Chrome/87.0.4280.88 Safari/537.36"
204.48.19.85 - - [07/Jul/2021:01:21:38 -0400] "POST /wp-cron.php?doing_wp_cron=1625635298.0920629501342773437500 HTTP/1.1" 200 6350 "https://angelsonhighstreet.com/wp-cron.php?doing_wp_cron=1625635298.0920629501342773437500" "WordPress/5.7.2; https://angelsonhighstreet.com"
162.144.59.107 - - [07/Jul/2021:01:21:37 -0400] "GET /wp-login.php HTTP/1.1" 200 8107 "-" "Mozilla/5.0 (X11; Ubuntu; Linux x86_64; rv:62.0) Gecko/20100101 Firefox/62.0"
162.144.59.107 - - [07/Jul/2021:01:21:39 -0400] "POST /wp-login.php HTTP/1.1" 200 8230 "-" "Mozilla/5.0 (X11; Ubuntu; Linux x86_64; rv:62.0) Gecko/20100101 Firefox/62.0"
162.144.59.107 - - [07/Jul/2021:01:21:40 -0400] "GET /wp-login.php HTTP/1.1" 200 8107 "-" "Mozilla/5.0 (X11; Ubuntu; Linux x86_64; rv:62.0) Gecko/20100101 Firefox/62.0"
162.144.59.107 - - [07/Jul/2021:01:21:42 -0400] "POST /wp-login.php HTTP/1.1" 200 8232 "-" "Mozilla/5.0 (X11; Ubuntu; Linux x86_64; rv:62.0) Gecko/20100101 Firefox/62.0"
162.144.59.107 - - [07/Jul/2021:01:21:43 -0400] "POST /xmlrpc.php HTTP/1.1" 200 5852 "-" "Mozilla/5.0 (X11; Ubuntu; Linux x86_64; rv:62.0) Gecko/20100101 Firefox/62.0"
54.36.148.37 - - [07/Jul/2021:01:21:47 -0400] "GET /product-category/salves?product_view=grid&product_orderby=name&product_count=16&product_order=asc HTTP/1.1" 200 21223 "-" "Mozilla/5.0 (compatible; AhrefsBot/7.0; +http://ahrefs.com/robot/)"
204.48.19.85 - - [07/Jul/2021:01:23:41 -0400] "POST /wp-cron.php?doing_wp_cron=1625635421.6510279178619384765625 HTTP/1.1" 200 6350 "https://angelsonhighstreet.com/wp-cron.php?doing_wp_cron=1625635421.6510279178619384765625" "WordPress/5.7.2; https://angelsonhighstreet.com"
54.36.148.122 - - [07/Jul/2021:01:23:41 -0400] "GET /product-category/salves?product_view=grid&product_orderby=rating&product_count=16&product_order=asc HTTP/1.1" 200 21486 "-" "Mozilla/5.0 (compatible; AhrefsBot/7.0; +http://ahrefs.com/robot/)"
204.48.19.85 - - [07/Jul/2021:01:25:34 -0400] "POST /wp-cron.php?doing_wp_cron=1625635534.7541670799255371093750 HTTP/1.1" 200 6350 "https://angelsonhighstreet.com/wp-cron.php?doing_wp_cron=1625635534.7541670799255371093750" "WordPress/5.7.2; https://angelsonhighstreet.com"
54.36.149.93 - - [07/Jul/2021:01:25:34 -0400] "GET /product-category/salves?product_count=48&product_view=list&product_orderby=name&product_order=desc HTTP/1.1" 200 21373 "-" "Mozilla/5.0 (compatible; AhrefsBot/7.0; +http://ahrefs.com/robot/)"
204.48.19.85 - - [07/Jul/2021:01:27:28 -0400] "POST /wp-cron.php?doing_wp_cron=1625635648.9658989906311035156250 HTTP/1.1" 200 6350 "https://angelsonhighstreet.com/wp-cron.php?doing_wp_cron=1625635648.9658989906311035156250" "WordPress/5.7.2; https://angelsonhighstreet.com"
