54.191.228.120 - - [30/Jun/2021:08:36:42 -0400] "GET / HTTP/1.1" 200 25365 "-" "Mozilla/5.0 (Windows NT 10.0; Win64; x64)AppleWebKit/537.36 (KHTML, like Gecko) Chrome/66.0.3359.181 Safari/537.36"
204.48.19.85 - - [30/Jun/2021:08:40:29 -0400] "POST /wp-cron.php?doing_wp_cron=1625056829.9243619441986083984375 HTTP/1.1" 200 5548 "https://angelsonhighstreet.com/wp-cron.php?doing_wp_cron=1625056829.9243619441986083984375" "WordPress/5.7.2; https://angelsonhighstreet.com"
54.36.149.18 - - [30/Jun/2021:08:40:29 -0400] "GET /product-category/salves?product_order=asc&product_view=grid&product_orderby=date HTTP/1.1" 200 20421 "-" "Mozilla/5.0 (compatible; AhrefsBot/7.0; +http://ahrefs.com/robot/)"
204.48.19.85 - - [30/Jun/2021:08:44:50 -0400] "POST /wp-cron.php?doing_wp_cron=1625057090.6008889675140380859375 HTTP/1.1" 200 5548 "https://angelsonhighstreet.com/wp-cron.php?doing_wp_cron=1625057090.6008889675140380859375" "WordPress/5.7.2; https://angelsonhighstreet.com"
54.36.149.24 - - [30/Jun/2021:08:44:49 -0400] "GET /product-category/salves?product_count=48&product_order=desc&product_view=grid HTTP/1.1" 200 20658 "-" "Mozilla/5.0 (compatible; AhrefsBot/7.0; +http://ahrefs.com/robot/)"
204.48.19.85 - - [30/Jun/2021:08:48:34 -0400] "POST /wp-cron.php?doing_wp_cron=1625057314.5235910415649414062500 HTTP/1.1" 200 5548 "https://angelsonhighstreet.com/wp-cron.php?doing_wp_cron=1625057314.5235910415649414062500" "WordPress/5.7.2; https://angelsonhighstreet.com"
202.172.26.22 - - [30/Jun/2021:08:48:33 -0400] "POST /wp-login.php HTTP/1.1" 200 8132 "-" "Mozilla/5.0 (Windows NT 6.1) AppleWebKit/537.36 (KHTML, like Gecko) Chrome/56.0.2924.87 Safari/537.36"
204.48.19.85 - - [30/Jun/2021:08:49:43 -0400] "POST /wp-cron.php?doing_wp_cron=1625057383.9153079986572265625000 HTTP/1.1" 200 5548 "https://angelsonhighstreet.com/wp-cron.php?doing_wp_cron=1625057383.9153079986572265625000" "WordPress/5.7.2; https://angelsonhighstreet.com"
54.36.148.128 - - [30/Jun/2021:08:49:43 -0400] "GET /product-category/salves?product_order=asc&product_view=grid&product_orderby=default HTTP/1.1" 200 20643 "-" "Mozilla/5.0 (compatible; AhrefsBot/7.0; +http://ahrefs.com/robot/)"
46.21.198.186 - - [30/Jun/2021:08:52:25 -0400] "GET / HTTP/1.1" 200 25282 "-" "Mozilla/5.0 (Windows NT 10.0; WOW64) AppleWebKit/537.36 (KHTML, like Gecko) Chrome/84.0.4147.125 Safari/537.36"
204.48.19.85 - - [30/Jun/2021:08:52:26 -0400] "POST /wp-cron.php?doing_wp_cron=1625057546.3297150135040283203125 HTTP/1.1" 200 5548 "https://angelsonhighstreet.com/wp-cron.php?doing_wp_cron=1625057546.3297150135040283203125" "WordPress/5.7.2; https://angelsonhighstreet.com"
107.180.77.213 - - [30/Jun/2021:08:52:25 -0400] "GET / HTTP/1.1" 200 25279 "-" "Mozilla/5.0 (Windows NT 10.0; WOW64) AppleWebKit/537.36 (KHTML, like Gecko) Chrome/84.0.4147.125 Safari/537.36"
46.21.198.186 - - [30/Jun/2021:08:52:27 -0400] "GET / HTTP/1.1" 200 25279 "-" "Mozilla/5.0 (Windows NT 10.0; WOW64) AppleWebKit/537.36 (KHTML, like Gecko) Chrome/84.0.4147.125 Safari/537.36"
107.180.77.213 - - [30/Jun/2021:08:52:27 -0400] "GET / HTTP/1.1" 200 25261 "-" "Mozilla/5.0 (Windows NT 10.0; WOW64) AppleWebKit/537.36 (KHTML, like Gecko) Chrome/84.0.4147.125 Safari/537.36"
46.21.198.186 - - [30/Jun/2021:08:52:28 -0400] "GET / HTTP/1.1" 200 25087 "-" "Mozilla/5.0 (Windows NT 10.0; WOW64) AppleWebKit/537.36 (KHTML, like Gecko) Chrome/84.0.4147.125 Safari/537.36"
107.180.77.213 - - [30/Jun/2021:08:52:28 -0400] "GET / HTTP/1.1" 200 25287 "-" "Mozilla/5.0 (Windows NT 10.0; WOW64) AppleWebKit/537.36 (KHTML, like Gecko) Chrome/84.0.4147.125 Safari/537.36"
107.180.77.213 - - [30/Jun/2021:08:52:29 -0400] "GET /wp-content/plugins/wp-user-avatar/assets/js/frontend.js HTTP/1.1" 404 19612 "-" "Mozilla/5.0 (Windows NT 10.0; WOW64) AppleWebKit/537.36 (KHTML, like Gecko) Chrome/84.0.4147.125 Safari/537.36"
46.21.198.186 - - [30/Jun/2021:08:52:29 -0400] "GET /wp-content/plugins/wp-user-avatar/assets/js/frontend.js HTTP/1.1" 404 19611 "-" "Mozilla/5.0 (Windows NT 10.0; WOW64) AppleWebKit/537.36 (KHTML, like Gecko) Chrome/84.0.4147.125 Safari/537.36"
107.180.77.213 - - [30/Jun/2021:08:52:29 -0400] "GET /wp-content/plugins/wp-user-avatar/assets/js/frontend.js HTTP/1.1" 404 19639 "-" "Mozilla/5.0 (Windows NT 10.0; WOW64) AppleWebKit/537.36 (KHTML, like Gecko) Chrome/84.0.4147.125 Safari/537.36"
46.21.198.186 - - [30/Jun/2021:08:52:30 -0400] "GET /wp-content/plugins/wp-user-avatar/assets/js/frontend.js HTTP/1.1" 404 19393 "-" "Mozilla/5.0 (Windows NT 10.0; WOW64) AppleWebKit/537.36 (KHTML, like Gecko) Chrome/84.0.4147.125 Safari/537.36"
107.180.77.213 - - [30/Jun/2021:08:52:30 -0400] "GET /wp-content/plugins/wp-user-avatar/js/wp-user-avatar.js HTTP/1.1" 404 19625 "-" "Mozilla/5.0 (Windows NT 10.0; WOW64) AppleWebKit/537.36 (KHTML, like Gecko) Chrome/84.0.4147.125 Safari/537.36"
107.180.77.213 - - [30/Jun/2021:08:52:31 -0400] "GET /wp-content/plugins/wp-user-avatar/js/wp-user-avatar.js HTTP/1.1" 404 19638 "-" "Mozilla/5.0 (Windows NT 10.0; WOW64) AppleWebKit/537.36 (KHTML, like Gecko) Chrome/84.0.4147.125 Safari/537.36"
46.21.198.186 - - [30/Jun/2021:08:52:31 -0400] "GET /wp-content/plugins/wp-user-avatar/js/wp-user-avatar.js HTTP/1.1" 404 19364 "-" "Mozilla/5.0 (Windows NT 10.0; WOW64) AppleWebKit/537.36 (KHTML, like Gecko) Chrome/84.0.4147.125 Safari/537.36"
107.180.77.213 - - [30/Jun/2021:08:52:32 -0400] "GET /wp-content/plugins/wp-user-avatar/assets/css/frontend.css HTTP/1.1" 404 19625 "-" "Mozilla/5.0 (Windows NT 10.0; WOW64) AppleWebKit/537.36 (KHTML, like Gecko) Chrome/84.0.4147.125 Safari/537.36"
46.21.198.186 - - [30/Jun/2021:08:52:32 -0400] "GET /wp-content/plugins/wp-user-avatar/js/wp-user-avatar.js HTTP/1.1" 404 19640 "-" "Mozilla/5.0 (Windows NT 10.0; WOW64) AppleWebKit/537.36 (KHTML, like Gecko) Chrome/84.0.4147.125 Safari/537.36"
107.180.77.213 - - [30/Jun/2021:08:52:33 -0400] "GET /wp-content/plugins/wp-user-avatar/assets/css/frontend.css HTTP/1.1" 404 19639 "-" "Mozilla/5.0 (Windows NT 10.0; WOW64) AppleWebKit/537.36 (KHTML, like Gecko) Chrome/84.0.4147.125 Safari/537.36"
46.21.198.186 - - [30/Jun/2021:08:52:33 -0400] "GET /wp-content/plugins/wp-user-avatar/assets/css/frontend.css HTTP/1.1" 404 19608 "-" "Mozilla/5.0 (Windows NT 10.0; WOW64) AppleWebKit/537.36 (KHTML, like Gecko) Chrome/84.0.4147.125 Safari/537.36"
46.21.198.186 - - [30/Jun/2021:08:52:35 -0400] "GET /wp-content/plugins/wp-user-avatar/assets/css/frontend.css HTTP/1.1" 404 19635 "-" "Mozilla/5.0 (Windows NT 10.0; WOW64) AppleWebKit/537.36 (KHTML, like Gecko) Chrome/84.0.4147.125 Safari/537.36"
204.48.19.85 - - [30/Jun/2021:08:54:10 -0400] "POST /wp-cron.php?doing_wp_cron=1625057650.8202319145202636718750 HTTP/1.1" 200 5548 "https://angelsonhighstreet.com/wp-cron.php?doing_wp_cron=1625057650.8202319145202636718750" "WordPress/5.7.2; https://angelsonhighstreet.com"
54.36.149.18 - - [30/Jun/2021:08:54:10 -0400] "GET /product-category/salves?product_orderby=price&product_order=asc&product_count=32 HTTP/1.1" 200 20654 "-" "Mozilla/5.0 (compatible; AhrefsBot/7.0; +http://ahrefs.com/robot/)"
204.48.19.85 - - [30/Jun/2021:08:59:11 -0400] "POST /wp-cron.php?doing_wp_cron=1625057951.3918440341949462890625 HTTP/1.1" 200 5548 "https://angelsonhighstreet.com/wp-cron.php?doing_wp_cron=1625057951.3918440341949462890625" "WordPress/5.7.2; https://angelsonhighstreet.com"
54.36.149.18 - - [30/Jun/2021:08:59:10 -0400] "GET /product-category/salves?product_orderby=default&product_order=desc&product_count=32 HTTP/1.1" 200 20674 "-" "Mozilla/5.0 (compatible; AhrefsBot/7.0; +http://ahrefs.com/robot/)"
204.48.19.85 - - [30/Jun/2021:09:03:50 -0400] "POST /wp-cron.php?doing_wp_cron=1625058230.9575750827789306640625 HTTP/1.1" 200 5548 "https://angelsonhighstreet.com/wp-cron.php?doing_wp_cron=1625058230.9575750827789306640625" "WordPress/5.7.2; https://angelsonhighstreet.com"
54.36.149.18 - - [30/Jun/2021:09:03:50 -0400] "GET /product-category/salves?product_orderby=rating&product_order=desc&product_count=32 HTTP/1.1" 200 20686 "-" "Mozilla/5.0 (compatible; AhrefsBot/7.0; +http://ahrefs.com/robot/)"
204.48.19.85 - - [30/Jun/2021:09:04:35 -0400] "POST /wp-cron.php?doing_wp_cron=1625058275.1461379528045654296875 HTTP/1.1" 200 5548 "https://angelsonhighstreet.com/wp-cron.php?doing_wp_cron=1625058275.1461379528045654296875" "WordPress/5.7.2; https://angelsonhighstreet.com"
185.191.171.8 - - [30/Jun/2021:09:04:34 -0400] "GET /robots.txt HTTP/1.1" 200 5752 "-" "Mozilla/5.0 (compatible; SemrushBot/7~bl; +http://www.semrush.com/bot.html)"
185.191.171.33 - - [30/Jun/2021:09:04:35 -0400] "GET /product-category/salves?product_orderby=popularity HTTP/1.1" 200 20647 "-" "Mozilla/5.0 (compatible; SemrushBot/7~bl; +http://www.semrush.com/bot.html)"
204.48.19.85 - - [30/Jun/2021:09:08:29 -0400] "POST /wp-cron.php?doing_wp_cron=1625058509.1117460727691650390625 HTTP/1.1" 200 5548 "https://angelsonhighstreet.com/wp-cron.php?doing_wp_cron=1625058509.1117460727691650390625" "WordPress/5.7.2; https://angelsonhighstreet.com"
54.36.149.18 - - [30/Jun/2021:09:08:28 -0400] "GET /product-category/salves?product_orderby=popularity&product_order=desc&product_count=48 HTTP/1.1" 200 20699 "-" "Mozilla/5.0 (compatible; AhrefsBot/7.0; +http://ahrefs.com/robot/)"
204.48.19.85 - - [30/Jun/2021:09:12:30 -0400] "POST /wp-cron.php?doing_wp_cron=1625058750.8617169857025146484375 HTTP/1.1" 200 5548 "https://angelsonhighstreet.com/wp-cron.php?doing_wp_cron=1625058750.8617169857025146484375" "WordPress/5.7.2; https://angelsonhighstreet.com"
66.249.66.35 - - [30/Jun/2021:09:12:30 -0400] "GET /author/admin HTTP/1.1" 200 21370 "-" "Mozilla/5.0 (compatible; Googlebot/2.1; +http://www.google.com/bot.html)"
66.249.66.35 - - [30/Jun/2021:09:12:54 -0400] "GET /wp-content/uploads/fusion-scripts/449077aee37df8ce38ab40de224daa8d.min.js?ver=3.2.1 HTTP/1.1" 200 124925 "https://angelsonhighstreet.com/author/admin" "Mozilla/5.0 AppleWebKit/537.36 (KHTML, like Gecko; compatible; Googlebot/2.1; +http://www.google.com/bot.html) Chrome/91.0.4472.90 Safari/537.36"
66.249.66.38 - - [30/Jun/2021:09:12:55 -0400] "POST /?wc-ajax=get_refreshed_fragments HTTP/1.1" 200 6099 "https://angelsonhighstreet.com/author/admin" "Mozilla/5.0 AppleWebKit/537.36 (KHTML, like Gecko; compatible; Googlebot/2.1; +http://www.google.com/bot.html) Chrome/91.0.4472.90 Safari/537.36"
204.48.19.85 - - [30/Jun/2021:09:13:13 -0400] "POST /wp-cron.php?doing_wp_cron=1625058793.7486519813537597656250 HTTP/1.1" 200 5548 "https://angelsonhighstreet.com/wp-cron.php?doing_wp_cron=1625058793.7486519813537597656250" "WordPress/5.7.2; https://angelsonhighstreet.com"
54.36.148.46 - - [30/Jun/2021:09:13:13 -0400] "GET /product-category/salves?product_orderby=price&product_order=desc&product_count=16 HTTP/1.1" 200 20671 "-" "Mozilla/5.0 (compatible; AhrefsBot/7.0; +http://ahrefs.com/robot/)"
204.48.19.85 - - [30/Jun/2021:09:17:56 -0400] "POST /wp-cron.php?doing_wp_cron=1625059076.8448929786682128906250 HTTP/1.1" 200 5548 "https://angelsonhighstreet.com/wp-cron.php?doing_wp_cron=1625059076.8448929786682128906250" "WordPress/5.7.2; https://angelsonhighstreet.com"
54.36.149.18 - - [30/Jun/2021:09:17:56 -0400] "GET /product-category/salves?product_orderby=rating&product_order=desc&product_count=16 HTTP/1.1" 200 20679 "-" "Mozilla/5.0 (compatible; AhrefsBot/7.0; +http://ahrefs.com/robot/)"
134.82.105.229 - - [30/Jun/2021:09:20:55 -0400] "GET / HTTP/1.1" 301 595 "-" "Mozilla/5.0 (iPhone; CPU iPhone OS 14_6 like Mac OS X) AppleWebKit/605.1.15 (KHTML, like Gecko) Version/14.1.1 Mobile/15E148 Safari/604.1"
204.48.19.85 - - [30/Jun/2021:09:20:56 -0400] "POST /wp-cron.php?doing_wp_cron=1625059256.1752009391784667968750 HTTP/1.1" 200 5548 "https://angelsonhighstreet.com/wp-cron.php?doing_wp_cron=1625059256.1752009391784667968750" "WordPress/5.7.2; https://angelsonhighstreet.com"
134.82.105.229 - - [30/Jun/2021:09:20:55 -0400] "GET / HTTP/1.1" 200 25363 "-" "Mozilla/5.0 (iPhone; CPU iPhone OS 14_6 like Mac OS X) AppleWebKit/605.1.15 (KHTML, like Gecko) Version/14.1.1 Mobile/15E148 Safari/604.1"
134.82.105.229 - - [30/Jun/2021:09:20:57 -0400] "GET /wp-content/plugins/woocommerce/packages/woocommerce-blocks/build/vendors-style.css?ver=4.9.1 HTTP/1.1" 200 1477 "https://angelsonhighstreet.com/" "Mozilla/5.0 (iPhone; CPU iPhone OS 14_6 like Mac OS X) AppleWebKit/605.1.15 (KHTML, like Gecko) Version/14.1.1 Mobile/15E148 Safari/604.1"
134.82.105.229 - - [30/Jun/2021:09:20:57 -0400] "GET /wp-content/plugins/revslider/public/assets/css/rs6.css?ver=6.3.3 HTTP/1.1" 200 13165 "https://angelsonhighstreet.com/" "Mozilla/5.0 (iPhone; CPU iPhone OS 14_6 like Mac OS X) AppleWebKit/605.1.15 (KHTML, like Gecko) Version/14.1.1 Mobile/15E148 Safari/604.1"
134.82.105.229 - - [30/Jun/2021:09:20:57 -0400] "GET /wp-content/plugins/woocommerce/packages/woocommerce-blocks/build/style.css?ver=4.9.1 HTTP/1.1" 200 24900 "https://angelsonhighstreet.com/" "Mozilla/5.0 (iPhone; CPU iPhone OS 14_6 like Mac OS X) AppleWebKit/605.1.15 (KHTML, like Gecko) Version/14.1.1 Mobile/15E148 Safari/604.1"
134.82.105.229 - - [30/Jun/2021:09:20:57 -0400] "GET /wp-content/plugins/age-gate/public/css/age-gate-public.css?ver=2.15.0 HTTP/1.1" 200 7073 "https://angelsonhighstreet.com/" "Mozilla/5.0 (iPhone; CPU iPhone OS 14_6 like Mac OS X) AppleWebKit/605.1.15 (KHTML, like Gecko) Version/14.1.1 Mobile/15E148 Safari/604.1"
134.82.105.229 - - [30/Jun/2021:09:20:57 -0400] "GET /wp-content/plugins/age-gate/public/css/age-gate-custom.css?ver=2.15.0 HTTP/1.1" 200 5729 "https://angelsonhighstreet.com/" "Mozilla/5.0 (iPhone; CPU iPhone OS 14_6 like Mac OS X) AppleWebKit/605.1.15 (KHTML, like Gecko) Version/14.1.1 Mobile/15E148 Safari/604.1"
134.82.105.229 - - [30/Jun/2021:09:20:57 -0400] "GET /wp-content/plugins/age-gate/public/js/age-gate-public-hooks.js?ver=2.15.0 HTTP/1.1" 200 2632 "https://angelsonhighstreet.com/" "Mozilla/5.0 (iPhone; CPU iPhone OS 14_6 like Mac OS X) AppleWebKit/605.1.15 (KHTML, like Gecko) Version/14.1.1 Mobile/15E148 Safari/604.1"
134.82.105.229 - - [30/Jun/2021:09:20:57 -0400] "GET /wp-includes/js/jquery/jquery.min.js?ver=3.5.1 HTTP/1.1" 200 31463 "https://angelsonhighstreet.com/" "Mozilla/5.0 (iPhone; CPU iPhone OS 14_6 like Mac OS X) AppleWebKit/605.1.15 (KHTML, like Gecko) Version/14.1.1 Mobile/15E148 Safari/604.1"
134.82.105.229 - - [30/Jun/2021:09:20:57 -0400] "GET /wp-content/uploads/fusion-styles/15e6b0b5e48de1d64664be89b4d4bc7c.min.css?ver=3.2.1 HTTP/1.1" 200 150096 "https://angelsonhighstreet.com/" "Mozilla/5.0 (iPhone; CPU iPhone OS 14_6 like Mac OS X) AppleWebKit/605.1.15 (KHTML, like Gecko) Version/14.1.1 Mobile/15E148 Safari/604.1"
134.82.105.229 - - [30/Jun/2021:09:20:57 -0400] "GET /wp-includes/js/jquery/jquery-migrate.min.js?ver=3.3.2 HTTP/1.1" 200 4649 "https://angelsonhighstreet.com/" "Mozilla/5.0 (iPhone; CPU iPhone OS 14_6 like Mac OS X) AppleWebKit/605.1.15 (KHTML, like Gecko) Version/14.1.1 Mobile/15E148 Safari/604.1"
134.82.105.229 - - [30/Jun/2021:09:20:57 -0400] "GET /wp-content/plugins/google-analytics-dashboard-for-wp/assets/js/frontend-gtag.min.js?ver=6.7.0 HTTP/1.1" 200 3280 "https://angelsonhighstreet.com/" "Mozilla/5.0 (iPhone; CPU iPhone OS 14_6 like Mac OS X) AppleWebKit/605.1.15 (KHTML, like Gecko) Version/14.1.1 Mobile/15E148 Safari/604.1"
134.82.105.229 - - [30/Jun/2021:09:20:57 -0400] "GET /wp-content/plugins/wp-optin-wheel/public/js/public.min.js?ver=1.3.2 HTTP/1.1" 200 3754 "https://angelsonhighstreet.com/" "Mozilla/5.0 (iPhone; CPU iPhone OS 14_6 like Mac OS X) AppleWebKit/605.1.15 (KHTML, like Gecko) Version/14.1.1 Mobile/15E148 Safari/604.1"
134.82.105.229 - - [30/Jun/2021:09:20:57 -0400] "GET /wp-content/plugins/woocommerce-square/assets/css/frontend/wc-square-cart-checkout-blocks.min.css?ver=2.5.1 HTTP/1.1" 200 1299 "https://angelsonhighstreet.com/" "Mozilla/5.0 (iPhone; CPU iPhone OS 14_6 like Mac OS X) AppleWebKit/605.1.15 (KHTML, like Gecko) Version/14.1.1 Mobile/15E148 Safari/604.1"
134.82.105.229 - - [30/Jun/2021:09:20:57 -0400] "GET /wp-includes/css/dist/block-library/style.min.css?ver=5.7.2 HTTP/1.1" 200 9173 "https://angelsonhighstreet.com/" "Mozilla/5.0 (iPhone; CPU iPhone OS 14_6 like Mac OS X) AppleWebKit/605.1.15 (KHTML, like Gecko) Version/14.1.1 Mobile/15E148 Safari/604.1"
134.82.105.229 - - [30/Jun/2021:09:20:57 -0400] "GET /wp-includes/css/dist/block-library/theme.min.css?ver=5.7.2 HTTP/1.1" 200 1169 "https://angelsonhighstreet.com/" "Mozilla/5.0 (iPhone; CPU iPhone OS 14_6 like Mac OS X) AppleWebKit/605.1.15 (KHTML, like Gecko) Version/14.1.1 Mobile/15E148 Safari/604.1"
134.82.105.229 - - [30/Jun/2021:09:20:57 -0400] "GET /wp-content/plugins/wp-optin-wheel/public/css/public.min.css?ver=1.3.2 HTTP/1.1" 200 2546 "https://angelsonhighstreet.com/" "Mozilla/5.0 (iPhone; CPU iPhone OS 14_6 like Mac OS X) AppleWebKit/605.1.15 (KHTML, like Gecko) Version/14.1.1 Mobile/15E148 Safari/604.1"
134.82.105.229 - - [30/Jun/2021:09:20:57 -0400] "GET /wp-content/plugins/wp-optin-wheel/public/css/theme-green.css?ver=1.3.2 HTTP/1.1" 200 617 "https://angelsonhighstreet.com/" "Mozilla/5.0 (iPhone; CPU iPhone OS 14_6 like Mac OS X) AppleWebKit/605.1.15 (KHTML, like Gecko) Version/14.1.1 Mobile/15E148 Safari/604.1"
134.82.105.229 - - [30/Jun/2021:09:20:57 -0400] "GET /wp-content/plugins/age-gate/public/js/age-gate-public.js?ver=2.15.0 HTTP/1.1" 200 6737 "https://angelsonhighstreet.com/" "Mozilla/5.0 (iPhone; CPU iPhone OS 14_6 like Mac OS X) AppleWebKit/605.1.15 (KHTML, like Gecko) Version/14.1.1 Mobile/15E148 Safari/604.1"
134.82.105.229 - - [30/Jun/2021:09:20:57 -0400] "GET /wp-content/plugins/age-gate/public/js/age-gate-public-tab.js?ver=2.15.0 HTTP/1.1" 200 869 "https://angelsonhighstreet.com/" "Mozilla/5.0 (iPhone; CPU iPhone OS 14_6 like Mac OS X) AppleWebKit/605.1.15 (KHTML, like Gecko) Version/14.1.1 Mobile/15E148 Safari/604.1"
134.82.105.229 - - [30/Jun/2021:09:20:57 -0400] "GET /wp-content/plugins/age-gate/public/js/age-gate-shortcode.js?ver=2.15.0 HTTP/1.1" 200 2732 "https://angelsonhighstreet.com/" "Mozilla/5.0 (iPhone; CPU iPhone OS 14_6 like Mac OS X) AppleWebKit/605.1.15 (KHTML, like Gecko) Version/14.1.1 Mobile/15E148 Safari/604.1"
134.82.105.229 - - [30/Jun/2021:09:20:57 -0400] "GET /wp-includes/js/dist/vendor/wp-polyfill.min.js?ver=7.4.4 HTTP/1.1" 200 34810 "https://angelsonhighstreet.com/" "Mozilla/5.0 (iPhone; CPU iPhone OS 14_6 like Mac OS X) AppleWebKit/605.1.15 (KHTML, like Gecko) Version/14.1.1 Mobile/15E148 Safari/604.1"
134.82.105.229 - - [30/Jun/2021:09:20:57 -0400] "GET /wp-content/plugins/contact-form-7/includes/js/index.js?ver=5.4.1 HTTP/1.1" 200 4484 "https://angelsonhighstreet.com/" "Mozilla/5.0 (iPhone; CPU iPhone OS 14_6 like Mac OS X) AppleWebKit/605.1.15 (KHTML, like Gecko) Version/14.1.1 Mobile/15E148 Safari/604.1"
134.82.105.229 - - [30/Jun/2021:09:20:57 -0400] "GET /wp-content/plugins/revslider/public/assets/js/rbtools.min.js?ver=6.3.3 HTTP/1.1" 200 46697 "https://angelsonhighstreet.com/" "Mozilla/5.0 (iPhone; CPU iPhone OS 14_6 like Mac OS X) AppleWebKit/605.1.15 (KHTML, like Gecko) Version/14.1.1 Mobile/15E148 Safari/604.1"
134.82.105.229 - - [30/Jun/2021:09:20:57 -0400] "GET /wp-content/plugins/revslider/public/assets/js/rs6.min.js?ver=6.3.3 HTTP/1.1" 200 86331 "https://angelsonhighstreet.com/" "Mozilla/5.0 (iPhone; CPU iPhone OS 14_6 like Mac OS X) AppleWebKit/605.1.15 (KHTML, like Gecko) Version/14.1.1 Mobile/15E148 Safari/604.1"
134.82.105.229 - - [30/Jun/2021:09:20:57 -0400] "GET /wp-content/plugins/woocommerce/assets/js/jquery-blockui/jquery.blockUI.min.js?ver=2.70 HTTP/1.1" 200 3961 "https://angelsonhighstreet.com/" "Mozilla/5.0 (iPhone; CPU iPhone OS 14_6 like Mac OS X) AppleWebKit/605.1.15 (KHTML, like Gecko) Version/14.1.1 Mobile/15E148 Safari/604.1"
134.82.105.229 - - [30/Jun/2021:09:20:57 -0400] "GET /wp-content/plugins/woocommerce/assets/js/frontend/add-to-cart.min.js?ver=5.3.0 HTTP/1.1" 200 1522 "https://angelsonhighstreet.com/" "Mozilla/5.0 (iPhone; CPU iPhone OS 14_6 like Mac OS X) AppleWebKit/605.1.15 (KHTML, like Gecko) Version/14.1.1 Mobile/15E148 Safari/604.1"
134.82.105.229 - - [30/Jun/2021:09:20:57 -0400] "GET /wp-content/plugins/woocommerce/assets/js/js-cookie/js.cookie.min.js?ver=2.1.4 HTTP/1.1" 200 1417 "https://angelsonhighstreet.com/" "Mozilla/5.0 (iPhone; CPU iPhone OS 14_6 like Mac OS X) AppleWebKit/605.1.15 (KHTML, like Gecko) Version/14.1.1 Mobile/15E148 Safari/604.1"
134.82.105.229 - - [30/Jun/2021:09:20:57 -0400] "GET /wp-content/plugins/woocommerce/assets/js/frontend/woocommerce.min.js?ver=5.3.0 HTTP/1.1" 200 1222 "https://angelsonhighstreet.com/" "Mozilla/5.0 (iPhone; CPU iPhone OS 14_6 like Mac OS X) AppleWebKit/605.1.15 (KHTML, like Gecko) Version/14.1.1 Mobile/15E148 Safari/604.1"
134.82.105.229 - - [30/Jun/2021:09:20:57 -0400] "GET /wp-content/plugins/woocommerce/assets/js/frontend/cart-fragments.min.js?ver=5.3.0 HTTP/1.1" 200 1475 "https://angelsonhighstreet.com/" "Mozilla/5.0 (iPhone; CPU iPhone OS 14_6 like Mac OS X) AppleWebKit/605.1.15 (KHTML, like Gecko) Version/14.1.1 Mobile/15E148 Safari/604.1"
134.82.105.229 - - [30/Jun/2021:09:20:57 -0400] "GET /wp-includes/js/wp-embed.min.js?ver=5.7.2 HTTP/1.1" 200 1200 "https://angelsonhighstreet.com/" "Mozilla/5.0 (iPhone; CPU iPhone OS 14_6 like Mac OS X) AppleWebKit/605.1.15 (KHTML, like Gecko) Version/14.1.1 Mobile/15E148 Safari/604.1"
134.82.105.229 - - [30/Jun/2021:09:20:57 -0400] "GET /wp-includes/js/wp-emoji-release.min.js?ver=5.7.2 HTTP/1.1" 200 5142 "https://angelsonhighstreet.com/" "Mozilla/5.0 (iPhone; CPU iPhone OS 14_6 like Mac OS X) AppleWebKit/605.1.15 (KHTML, like Gecko) Version/14.1.1 Mobile/15E148 Safari/604.1"
134.82.105.229 - - [30/Jun/2021:09:20:57 -0400] "GET /wp-content/uploads/fusion-scripts/250c2b9f76b9189f0607771277c32ada.min.js?ver=3.2.1 HTTP/1.1" 200 122595 "https://angelsonhighstreet.com/" "Mozilla/5.0 (iPhone; CPU iPhone OS 14_6 like Mac OS X) AppleWebKit/605.1.15 (KHTML, like Gecko) Version/14.1.1 Mobile/15E148 Safari/604.1"
134.82.105.229 - - [30/Jun/2021:09:20:57 -0400] "GET /wp-content/uploads/2020/08/C5B83DAF-9E96-49A0-AAA0-C902DBEB3B68.jpeg HTTP/1.1" 200 85904 "https://angelsonhighstreet.com/" "Mozilla/5.0 (iPhone; CPU iPhone OS 14_6 like Mac OS X) AppleWebKit/605.1.15 (KHTML, like Gecko) Version/14.1.1 Mobile/15E148 Safari/604.1"
134.82.105.229 - - [30/Jun/2021:09:20:57 -0400] "GET /wp-content/uploads/2019/05/IMG_0405-800x1135.jpg HTTP/1.1" 200 140964 "https://angelsonhighstreet.com/" "Mozilla/5.0 (iPhone; CPU iPhone OS 14_6 like Mac OS X) AppleWebKit/605.1.15 (KHTML, like Gecko) Version/14.1.1 Mobile/15E148 Safari/604.1"
134.82.105.229 - - [30/Jun/2021:09:20:57 -0400] "GET /wp-content/uploads/2020/08/D37CB261-2BE3-4FB2-AE52-84F8AC85FF3A.jpeg HTTP/1.1" 200 96561 "https://angelsonhighstreet.com/" "Mozilla/5.0 (iPhone; CPU iPhone OS 14_6 like Mac OS X) AppleWebKit/605.1.15 (KHTML, like Gecko) Version/14.1.1 Mobile/15E148 Safari/604.1"
134.82.105.229 - - [30/Jun/2021:09:20:57 -0400] "GET /wp-content/uploads/2020/08/D7CE7FC9-6B66-4E0F-B3A8-E17389D30D20.jpeg HTTP/1.1" 200 105313 "https://angelsonhighstreet.com/" "Mozilla/5.0 (iPhone; CPU iPhone OS 14_6 like Mac OS X) AppleWebKit/605.1.15 (KHTML, like Gecko) Version/14.1.1 Mobile/15E148 Safari/604.1"
134.82.105.229 - - [30/Jun/2021:09:20:57 -0400] "GET /wp-content/uploads/fusion-gfonts/qkBIXvYC6trAT55ZBi1ueQVIjQTD-JqaE0lMZbLXGimS.woff HTTP/1.1" 200 15349 "https://angelsonhighstreet.com/" "Mozilla/5.0 (iPhone; CPU iPhone OS 14_6 like Mac OS X) AppleWebKit/605.1.15 (KHTML, like Gecko) Version/14.1.1 Mobile/15E148 Safari/604.1"
134.82.105.229 - - [30/Jun/2021:09:20:57 -0400] "GET /wp-content/uploads/fusion-gfonts/JTURjIg1_i6t8kCHKm45_dJE3gnD-Px3rCs.woff HTTP/1.1" 200 17525 "https://angelsonhighstreet.com/" "Mozilla/5.0 (iPhone; CPU iPhone OS 14_6 like Mac OS X) AppleWebKit/605.1.15 (KHTML, like Gecko) Version/14.1.1 Mobile/15E148 Safari/604.1"
134.82.105.229 - - [30/Jun/2021:09:20:57 -0400] "GET /wp-content/themes/Avada/includes/lib/assets/fonts/icomoon/icomoon.woff HTTP/1.1" 200 13272 "https://angelsonhighstreet.com/" "Mozilla/5.0 (iPhone; CPU iPhone OS 14_6 like Mac OS X) AppleWebKit/605.1.15 (KHTML, like Gecko) Version/14.1.1 Mobile/15E148 Safari/604.1"
134.82.105.229 - - [30/Jun/2021:09:20:57 -0400] "GET /wp-content/uploads/fusion-gfonts/qkBKXvYC6trAT7RQNNK2EG7SIwPWMNlCV3lIb7X1HgGQ0tQ.woff HTTP/1.1" 200 15580 "https://angelsonhighstreet.com/" "Mozilla/5.0 (iPhone; CPU iPhone OS 14_6 like Mac OS X) AppleWebKit/605.1.15 (KHTML, like Gecko) Version/14.1.1 Mobile/15E148 Safari/604.1"
134.82.105.229 - - [30/Jun/2021:09:20:58 -0400] "GET /wp-content/uploads/fusion-gfonts/qkBIXvYC6trAT55ZBi1ueQVIjQTDH52aE0lMZbLXGimS.woff HTTP/1.1" 200 15341 "https://angelsonhighstreet.com/" "Mozilla/5.0 (iPhone; CPU iPhone OS 14_6 like Mac OS X) AppleWebKit/605.1.15 (KHTML, like Gecko) Version/14.1.1 Mobile/15E148 Safari/604.1"
134.82.105.229 - - [30/Jun/2021:09:20:58 -0400] "GET /wp-content/themes/Avada/includes/lib/assets/fonts/fontawesome/webfonts/fa-regular-400.woff2 HTTP/1.1" 200 14074 "https://angelsonhighstreet.com/" "Mozilla/5.0 (iPhone; CPU iPhone OS 14_6 like Mac OS X) AppleWebKit/605.1.15 (KHTML, like Gecko) Version/14.1.1 Mobile/15E148 Safari/604.1"
134.82.105.229 - - [30/Jun/2021:09:20:58 -0400] "GET /wp-content/uploads/2020/08/C9EC0898-E30D-4B2A-A8B1-96DE3A2B9FAA.jpeg HTTP/1.1" 200 182985 "https://angelsonhighstreet.com/" "Mozilla/5.0 (iPhone; CPU iPhone OS 14_6 like Mac OS X) AppleWebKit/605.1.15 (KHTML, like Gecko) Version/14.1.1 Mobile/15E148 Safari/604.1"
134.82.105.229 - - [30/Jun/2021:09:20:58 -0400] "GET /wp-content/uploads/2020/04/aohs_logo_blkbg-e1588290703663-150x150.png HTTP/1.1" 200 30802 "https://angelsonhighstreet.com/" "Mozilla/5.0 (iPhone; CPU iPhone OS 14_6 like Mac OS X) AppleWebKit/605.1.15 (KHTML, like Gecko) Version/14.1.1 Mobile/15E148 Safari/604.1"
134.82.105.229 - - [30/Jun/2021:09:20:58 -0400] "GET /wp-content/uploads/2019/11/standards_banner.png HTTP/1.1" 200 19955 "https://angelsonhighstreet.com/" "Mozilla/5.0 (iPhone; CPU iPhone OS 14_6 like Mac OS X) AppleWebKit/605.1.15 (KHTML, like Gecko) Version/14.1.1 Mobile/15E148 Safari/604.1"
134.82.105.229 - - [30/Jun/2021:09:20:58 -0400] "GET /wp-content/uploads/2019/05/IMG_0405-700x993.jpg HTTP/1.1" 200 114411 "https://angelsonhighstreet.com/" "Mozilla/5.0 (iPhone; CPU iPhone OS 14_6 like Mac OS X) AppleWebKit/605.1.15 (KHTML, like Gecko) Version/14.1.1 Mobile/15E148 Safari/604.1"
134.82.105.229 - - [30/Jun/2021:09:20:58 -0400] "GET /wp-content/uploads/2020/05/aohs_righttext_logo-e1590068585746.png HTTP/1.1" 200 62245 "https://angelsonhighstreet.com/" "Mozilla/5.0 (iPhone; CPU iPhone OS 14_6 like Mac OS X) AppleWebKit/605.1.15 (KHTML, like Gecko) Version/14.1.1 Mobile/15E148 Safari/604.1"
134.82.105.229 - - [30/Jun/2021:09:20:58 -0400] "GET /wp-content/uploads/2020/11/8BC30C6A-8CA8-4876-976A-0465755939A8.jpeg HTTP/1.1" 200 515742 "https://angelsonhighstreet.com/" "Mozilla/5.0 (iPhone; CPU iPhone OS 14_6 like Mac OS X) AppleWebKit/605.1.15 (KHTML, like Gecko) Version/14.1.1 Mobile/15E148 Safari/604.1"
134.82.105.229 - - [30/Jun/2021:09:20:58 -0400] "GET /wp-content/uploads/2020/07/F3BBAB36-C718-44E4-AA15-13B741A05689.jpeg HTTP/1.1" 200 129513 "https://angelsonhighstreet.com/" "Mozilla/5.0 (iPhone; CPU iPhone OS 14_6 like Mac OS X) AppleWebKit/605.1.15 (KHTML, like Gecko) Version/14.1.1 Mobile/15E148 Safari/604.1"
134.82.105.229 - - [30/Jun/2021:09:20:58 -0400] "GET /wp-content/uploads/2020/05/5C641DE8-0187-43FF-BDA7-9ECB85C21670.jpeg HTTP/1.1" 200 285738 "https://angelsonhighstreet.com/" "Mozilla/5.0 (iPhone; CPU iPhone OS 14_6 like Mac OS X) AppleWebKit/605.1.15 (KHTML, like Gecko) Version/14.1.1 Mobile/15E148 Safari/604.1"
134.82.105.229 - - [30/Jun/2021:09:20:58 -0400] "GET /wp-content/plugins/wp-optin-wheel/public/img/wheel-green.png HTTP/1.1" 200 39871 "https://angelsonhighstreet.com/" "Mozilla/5.0 (iPhone; CPU iPhone OS 14_6 like Mac OS X) AppleWebKit/605.1.15 (KHTML, like Gecko) Version/14.1.1 Mobile/15E148 Safari/604.1"
134.82.105.229 - - [30/Jun/2021:09:20:58 -0400] "GET /wp-content/plugins/wp-optin-wheel/public/img/bg-hearts.png HTTP/1.1" 200 2213 "https://angelsonhighstreet.com/" "Mozilla/5.0 (iPhone; CPU iPhone OS 14_6 like Mac OS X) AppleWebKit/605.1.15 (KHTML, like Gecko) Version/14.1.1 Mobile/15E148 Safari/604.1"
134.82.105.229 - - [30/Jun/2021:09:20:58 -0400] "GET /wp-content/uploads/2020/05/2F81A01C-A31F-4FC0-ACBC-AC077D7C6D5B-e1588879916909.jpeg HTTP/1.1" 200 237707 "https://angelsonhighstreet.com/" "Mozilla/5.0 (iPhone; CPU iPhone OS 14_6 like Mac OS X) AppleWebKit/605.1.15 (KHTML, like Gecko) Version/14.1.1 Mobile/15E148 Safari/604.1"
134.82.105.229 - - [30/Jun/2021:09:20:58 -0400] "GET /wp-content/uploads/2020/11/newCBGhealingsalve.jpg HTTP/1.1" 200 869508 "https://angelsonhighstreet.com/" "Mozilla/5.0 (iPhone; CPU iPhone OS 14_6 like Mac OS X) AppleWebKit/605.1.15 (KHTML, like Gecko) Version/14.1.1 Mobile/15E148 Safari/604.1"
134.82.105.229 - - [30/Jun/2021:09:20:58 -0400] "GET /wp-content/uploads/fusion-gfonts/JTUSjIg1_i6t8kCHKm459WlhzSTh89Y.woff HTTP/1.1" 200 17618 "https://angelsonhighstreet.com/" "Mozilla/5.0 (iPhone; CPU iPhone OS 14_6 like Mac OS X) AppleWebKit/605.1.15 (KHTML, like Gecko) Version/14.1.1 Mobile/15E148 Safari/604.1"
134.82.105.229 - - [30/Jun/2021:09:20:59 -0400] "GET /wp-content/uploads/2020/05/aohs_logo_transparent.png HTTP/1.1" 200 197570 "https://angelsonhighstreet.com/" "Mozilla/5.0 (iPhone; CPU iPhone OS 14_6 like Mac OS X) AppleWebKit/605.1.15 (KHTML, like Gecko) Version/14.1.1 Mobile/15E148 Safari/604.1"
134.82.105.229 - - [30/Jun/2021:09:20:59 -0400] "GET /wp-json/contact-form-7/v1/contact-forms/16954/refill HTTP/1.1" 200 643 "https://angelsonhighstreet.com/" "Mozilla/5.0 (iPhone; CPU iPhone OS 14_6 like Mac OS X) AppleWebKit/605.1.15 (KHTML, like Gecko) Version/14.1.1 Mobile/15E148 Safari/604.1"
204.48.19.85 - - [30/Jun/2021:09:20:59 -0400] "POST /wp-cron.php?doing_wp_cron=1625059259.4161150455474853515625 HTTP/1.1" 200 5548 "https://angelsonhighstreet.com/wp-cron.php?doing_wp_cron=1625059259.4161150455474853515625" "WordPress/5.7.2; https://angelsonhighstreet.com"
134.82.105.229 - - [30/Jun/2021:09:20:58 -0400] "POST /?wc-ajax=get_refreshed_fragments HTTP/1.1" 200 874 "https://angelsonhighstreet.com/" "Mozilla/5.0 (iPhone; CPU iPhone OS 14_6 like Mac OS X) AppleWebKit/605.1.15 (KHTML, like Gecko) Version/14.1.1 Mobile/15E148 Safari/604.1"
204.48.19.85 - - [30/Jun/2021:09:23:05 -0400] "POST /wp-cron.php?doing_wp_cron=1625059385.4481298923492431640625 HTTP/1.1" 200 5548 "https://angelsonhighstreet.com/wp-cron.php?doing_wp_cron=1625059385.4481298923492431640625" "WordPress/5.7.2; https://angelsonhighstreet.com"
54.36.148.120 - - [30/Jun/2021:09:23:04 -0400] "GET /product-category/salves?product_orderby=price&product_order=desc&product_count=48 HTTP/1.1" 200 20674 "-" "Mozilla/5.0 (compatible; AhrefsBot/7.0; +http://ahrefs.com/robot/)"
204.48.19.85 - - [30/Jun/2021:09:24:43 -0400] "POST /wp-cron.php?doing_wp_cron=1625059483.5343899726867675781250 HTTP/1.1" 200 5548 "https://angelsonhighstreet.com/wp-cron.php?doing_wp_cron=1625059483.5343899726867675781250" "WordPress/5.7.2; https://angelsonhighstreet.com"
134.82.105.229 - - [30/Jun/2021:09:24:42 -0400] "POST /wp-admin/admin-ajax.php HTTP/1.1" 200 6168 "https://angelsonhighstreet.com/" "Mozilla/5.0 (iPhone; CPU iPhone OS 14_6 like Mac OS X) AppleWebKit/605.1.15 (KHTML, like Gecko) Version/14.1.1 Mobile/15E148 Safari/604.1"
204.48.19.85 - - [30/Jun/2021:09:25:01 -0400] "POST /wp-cron.php?doing_wp_cron=1625059500.9931590557098388671875 HTTP/1.1" 200 5548 "https://angelsonhighstreet.com/wp-cron.php?doing_wp_cron=1625059500.9931590557098388671875" "WordPress/5.7.2; https://angelsonhighstreet.com"
134.82.105.229 - - [30/Jun/2021:09:25:00 -0400] "POST /wp-admin/admin-ajax.php HTTP/1.1" 200 5970 "https://angelsonhighstreet.com/" "Mozilla/5.0 (iPhone; CPU iPhone OS 14_6 like Mac OS X) AppleWebKit/605.1.15 (KHTML, like Gecko) Version/14.1.1 Mobile/15E148 Safari/604.1"
134.82.105.229 - - [30/Jun/2021:09:25:18 -0400] "GET /shop-full-width HTTP/1.1" 200 21156 "https://angelsonhighstreet.com/" "Mozilla/5.0 (iPhone; CPU iPhone OS 14_6 like Mac OS X) AppleWebKit/605.1.15 (KHTML, like Gecko) Version/14.1.1 Mobile/15E148 Safari/604.1"
134.82.105.229 - - [30/Jun/2021:09:25:19 -0400] "GET /wp-content/uploads/fusion-styles/9cfbc2155547e8f51b6c2bcc5657a204.min.css?ver=3.2.1 HTTP/1.1" 200 149728 "https://angelsonhighstreet.com/shop-full-width" "Mozilla/5.0 (iPhone; CPU iPhone OS 14_6 like Mac OS X) AppleWebKit/605.1.15 (KHTML, like Gecko) Version/14.1.1 Mobile/15E148 Safari/604.1"
134.82.105.229 - - [30/Jun/2021:09:25:19 -0400] "GET /wp-content/uploads/fusion-scripts/27d829c5db6e6643472e29fcdf503374.min.js?ver=3.2.1 HTTP/1.1" 200 124969 "https://angelsonhighstreet.com/shop-full-width" "Mozilla/5.0 (iPhone; CPU iPhone OS 14_6 like Mac OS X) AppleWebKit/605.1.15 (KHTML, like Gecko) Version/14.1.1 Mobile/15E148 Safari/604.1"
134.82.105.229 - - [30/Jun/2021:09:25:19 -0400] "GET /wp-content/uploads/fusion-gfonts/JTUPjIg1_i6t8kCHKm459WxZcgvz_PZ2jimrqw.woff HTTP/1.1" 200 18040 "https://angelsonhighstreet.com/" "Mozilla/5.0 (iPhone; CPU iPhone OS 14_6 like Mac OS X) AppleWebKit/605.1.15 (KHTML, like Gecko) Version/14.1.1 Mobile/15E148 Safari/604.1"
204.48.19.85 - - [30/Jun/2021:09:28:25 -0400] "POST /wp-cron.php?doing_wp_cron=1625059705.7823200225830078125000 HTTP/1.1" 200 5548 "https://angelsonhighstreet.com/wp-cron.php?doing_wp_cron=1625059705.7823200225830078125000" "WordPress/5.7.2; https://angelsonhighstreet.com"
54.36.149.101 - - [30/Jun/2021:09:28:25 -0400] "GET /product-category/salves?product_orderby=rating&product_order=desc&product_count=48 HTTP/1.1" 200 20681 "-" "Mozilla/5.0 (compatible; AhrefsBot/7.0; +http://ahrefs.com/robot/)"
204.48.19.85 - - [30/Jun/2021:09:33:47 -0400] "POST /wp-cron.php?doing_wp_cron=1625060027.6923120021820068359375 HTTP/1.1" 200 5548 "https://angelsonhighstreet.com/wp-cron.php?doing_wp_cron=1625060027.6923120021820068359375" "WordPress/5.7.2; https://angelsonhighstreet.com"
54.36.148.236 - - [30/Jun/2021:09:33:46 -0400] "GET /product-category/salves?product_orderby=price&product_order=desc&product_count=32 HTTP/1.1" 200 20675 "-" "Mozilla/5.0 (compatible; AhrefsBot/7.0; +http://ahrefs.com/robot/)"
204.48.19.85 - - [30/Jun/2021:09:39:27 -0400] "POST /wp-cron.php?doing_wp_cron=1625060367.5178129673004150390625 HTTP/1.1" 200 5548 "https://angelsonhighstreet.com/wp-cron.php?doing_wp_cron=1625060367.5178129673004150390625" "WordPress/5.7.2; https://angelsonhighstreet.com"
54.36.149.18 - - [30/Jun/2021:09:39:26 -0400] "GET /product-category/salves?product_count=32&product_orderby=default&product_order=asc&product_view=grid HTTP/1.1" 200 20672 "-" "Mozilla/5.0 (compatible; AhrefsBot/7.0; +http://ahrefs.com/robot/)"
54.36.149.18 - - [30/Jun/2021:09:45:02 -0400] "GET /product-category/oils?product_order=asc&product_orderby=name&product_view=grid&product_count=48 HTTP/1.1" 200 20480 "-" "Mozilla/5.0 (compatible; AhrefsBot/7.0; +http://ahrefs.com/robot/)"
204.48.19.85 - - [30/Jun/2021:09:50:49 -0400] "POST /wp-cron.php?doing_wp_cron=1625061049.9168019294738769531250 HTTP/1.1" 200 5548 "https://angelsonhighstreet.com/wp-cron.php?doing_wp_cron=1625061049.9168019294738769531250" "WordPress/5.7.2; https://angelsonhighstreet.com"
54.36.149.18 - - [30/Jun/2021:09:50:49 -0400] "GET /product-category/oils?product_order=asc&product_view=grid&product_count=32 HTTP/1.1" 200 20448 "-" "Mozilla/5.0 (compatible; AhrefsBot/7.0; +http://ahrefs.com/robot/)"
204.48.19.85 - - [30/Jun/2021:09:56:09 -0400] "POST /wp-cron.php?doing_wp_cron=1625061369.3962249755859375000000 HTTP/1.1" 200 5548 "https://angelsonhighstreet.com/wp-cron.php?doing_wp_cron=1625061369.3962249755859375000000" "WordPress/5.7.2; https://angelsonhighstreet.com"
54.36.149.18 - - [30/Jun/2021:09:56:08 -0400] "GET /product-category/oils?product_order=asc&product_view=grid&product_count=16 HTTP/1.1" 200 20445 "-" "Mozilla/5.0 (compatible; AhrefsBot/7.0; +http://ahrefs.com/robot/)"
204.48.19.85 - - [30/Jun/2021:10:01:14 -0400] "POST /wp-cron.php?doing_wp_cron=1625061674.4316079616546630859375 HTTP/1.1" 200 5548 "https://angelsonhighstreet.com/wp-cron.php?doing_wp_cron=1625061674.4316079616546630859375" "WordPress/5.7.2; https://angelsonhighstreet.com"
54.36.149.18 - - [30/Jun/2021:10:01:13 -0400] "GET /product-category/salves?product_orderby=name&product_order=desc&product_count=32 HTTP/1.1" 200 20677 "-" "Mozilla/5.0 (compatible; AhrefsBot/7.0; +http://ahrefs.com/robot/)"
204.48.19.85 - - [30/Jun/2021:10:06:15 -0400] "POST /wp-cron.php?doing_wp_cron=1625061975.7791640758514404296875 HTTP/1.1" 200 5548 "https://angelsonhighstreet.com/wp-cron.php?doing_wp_cron=1625061975.7791640758514404296875" "WordPress/5.7.2; https://angelsonhighstreet.com"
54.36.148.62 - - [30/Jun/2021:10:06:15 -0400] "GET /product-category/oils?product_order=asc&product_orderby=popularity&product_view=grid&product_count=48 HTTP/1.1" 200 20446 "-" "Mozilla/5.0 (compatible; AhrefsBot/7.0; +http://ahrefs.com/robot/)"
204.48.19.85 - - [30/Jun/2021:10:10:52 -0400] "POST /wp-cron.php?doing_wp_cron=1625062252.8644330501556396484375 HTTP/1.1" 200 5548 "https://angelsonhighstreet.com/wp-cron.php?doing_wp_cron=1625062252.8644330501556396484375" "WordPress/5.7.2; https://angelsonhighstreet.com"
54.36.148.70 - - [30/Jun/2021:10:10:52 -0400] "GET /product-category/oils?product_order=asc&product_view=list&product_orderby=price&product_count=16 HTTP/1.1" 200 20734 "-" "Mozilla/5.0 (compatible; AhrefsBot/7.0; +http://ahrefs.com/robot/)"
204.48.19.85 - - [30/Jun/2021:10:15:06 -0400] "POST /wp-cron.php?doing_wp_cron=1625062506.8898279666900634765625 HTTP/1.1" 200 5548 "https://angelsonhighstreet.com/wp-cron.php?doing_wp_cron=1625062506.8898279666900634765625" "WordPress/5.7.2; https://angelsonhighstreet.com"
161.35.192.196 - - [30/Jun/2021:10:15:05 -0400] "POST /wp-login.php HTTP/1.1" 200 8132 "-" "Mozilla/5.0 (Windows NT 6.1; WOW64) AppleWebKit/537.36 (KHTML, like Gecko) Chrome/52.0.2743.116 Safari/537.36"
54.36.148.64 - - [30/Jun/2021:10:15:43 -0400] "GET /product-category/salves?product_view=list&product_orderby=default&product_order=desc&product_count=32 HTTP/1.1" 200 20568 "-" "Mozilla/5.0 (compatible; AhrefsBot/7.0; +http://ahrefs.com/robot/)"
204.48.19.85 - - [30/Jun/2021:10:16:20 -0400] "POST /wp-cron.php?doing_wp_cron=1625062580.3771879673004150390625 HTTP/1.1" 200 5548 "https://angelsonhighstreet.com/wp-cron.php?doing_wp_cron=1625062580.3771879673004150390625" "WordPress/5.7.2; https://angelsonhighstreet.com"
185.25.48.30 - - [30/Jun/2021:10:16:19 -0400] "GET / HTTP/1.1" 200 115183 "-" "Mozilla/5.0 (Windows; U; Windows 98; Win 9x 4.90) AppleWebKit/531.17.2 (KHTML, like Gecko) Version/5.1 Safari/531.17.2"
185.25.48.30 - - [30/Jun/2021:10:16:21 -0400] "POST / HTTP/1.1" 200 115397 "-" "Mozilla/5.0 (Windows; U; Windows 98; Win 9x 4.90) AppleWebKit/531.17.2 (KHTML, like Gecko) Version/5.1 Safari/531.17.2"
185.25.48.30 - - [30/Jun/2021:10:16:23 -0400] "GET /affiliate-home/affiliate-register HTTP/1.1" 200 85262 "-" "Mozilla/5.0 (Windows; U; Windows 98; Win 9x 4.90) AppleWebKit/531.17.2 (KHTML, like Gecko) Version/5.1 Safari/531.17.2"
185.25.48.30 - - [30/Jun/2021:10:16:24 -0400] "POST /affiliate-home/affiliate-register HTTP/1.1" 200 67335 "-" "Mozilla/5.0 (Windows; U; Windows 98; Win 9x 4.90) AppleWebKit/531.17.2 (KHTML, like Gecko) Version/5.1 Safari/531.17.2"
185.25.48.30 - - [30/Jun/2021:10:16:25 -0400] "GET /contact-us HTTP/1.1" 200 66230 "-" "Mozilla/5.0 (Windows; U; Windows 98; Win 9x 4.90) AppleWebKit/531.17.2 (KHTML, like Gecko) Version/5.1 Safari/531.17.2"
185.25.48.30 - - [30/Jun/2021:10:16:27 -0400] "POST /contact-us HTTP/1.1" 200 67807 "-" "Mozilla/5.0 (Windows; U; Windows 98; Win 9x 4.90) AppleWebKit/531.17.2 (KHTML, like Gecko) Version/5.1 Safari/531.17.2"
204.48.19.85 - - [30/Jun/2021:10:20:51 -0400] "POST /wp-cron.php?doing_wp_cron=1625062851.3611319065093994140625 HTTP/1.1" 200 5548 "https://angelsonhighstreet.com/wp-cron.php?doing_wp_cron=1625062851.3611319065093994140625" "WordPress/5.7.2; https://angelsonhighstreet.com"
54.36.149.18 - - [30/Jun/2021:10:20:50 -0400] "GET /product-category/salves?product_view=grid&product_orderby=name&product_order=desc&product_count=48 HTTP/1.1" 200 20679 "-" "Mozilla/5.0 (compatible; AhrefsBot/7.0; +http://ahrefs.com/robot/)"
204.48.19.85 - - [30/Jun/2021:10:21:34 -0400] "POST /wp-cron.php?doing_wp_cron=1625062894.5844430923461914062500 HTTP/1.1" 200 5548 "https://angelsonhighstreet.com/wp-cron.php?doing_wp_cron=1625062894.5844430923461914062500" "WordPress/5.7.2; https://angelsonhighstreet.com"
157.55.39.141 - - [30/Jun/2021:10:21:33 -0400] "GET /product-category/salves?product_view=list&product_order=desc&product_orderby=rating HTTP/1.1" 200 20430 "-" "Mozilla/5.0 (compatible; bingbot/2.0; +http://www.bing.com/bingbot.htm)"
204.48.19.85 - - [30/Jun/2021:10:22:48 -0400] "POST /wp-cron.php?doing_wp_cron=1625062968.6311581134796142578125 HTTP/1.1" 200 5548 "https://angelsonhighstreet.com/wp-cron.php?doing_wp_cron=1625062968.6311581134796142578125" "WordPress/5.7.2; https://angelsonhighstreet.com"
34.92.85.223 - - [30/Jun/2021:10:22:47 -0400] "POST /wp-login.php HTTP/1.1" 200 8134 "-" "Mozilla/5.0 (Windows NT 6.1; Win64; x64) AppleWebKit/537.36 (KHTML, like Gecko) Chrome/81.0.4044.122 Safari/537.36"
66.249.66.35 - - [30/Jun/2021:10:22:54 -0400] "GET /contact-us HTTP/1.1" 200 20428 "-" "Mozilla/5.0 (Linux; Android 6.0.1; Nexus 5X Build/MMB29P) AppleWebKit/537.36 (KHTML, like Gecko) Chrome/91.0.4472.90 Mobile Safari/537.36 (compatible; Googlebot/2.1; +http://www.google.com/bot.html)"
204.48.19.85 - - [30/Jun/2021:10:23:53 -0400] "POST /wp-cron.php?doing_wp_cron=1625063033.7463550567626953125000 HTTP/1.1" 200 5548 "https://angelsonhighstreet.com/wp-cron.php?doing_wp_cron=1625063033.7463550567626953125000" "WordPress/5.7.2; https://angelsonhighstreet.com"
66.249.66.38 - - [30/Jun/2021:10:23:53 -0400] "GET /wp-json/contact-form-7/v1/contact-forms/1254/refill HTTP/1.1" 200 5868 "https://angelsonhighstreet.com/contact-us" "Mozilla/5.0 (Linux; Android 6.0.1; Nexus 5X Build/MMB29P) AppleWebKit/537.36 (KHTML, like Gecko) Chrome/91.0.4472.90 Mobile Safari/537.36 (compatible; Googlebot/2.1; +http://www.google.com/bot.html)"
66.249.66.38 - - [30/Jun/2021:10:23:54 -0400] "POST /?wc-ajax=get_refreshed_fragments HTTP/1.1" 200 874 "https://angelsonhighstreet.com/contact-us" "Mozilla/5.0 (Linux; Android 6.0.1; Nexus 5X Build/MMB29P) AppleWebKit/537.36 (KHTML, like Gecko) Chrome/91.0.4472.90 Mobile Safari/537.36 (compatible; Googlebot/2.1; +http://www.google.com/bot.html)"
204.48.19.85 - - [30/Jun/2021:10:25:44 -0400] "POST /wp-cron.php?doing_wp_cron=1625063144.3286809921264648437500 HTTP/1.1" 200 5548 "https://angelsonhighstreet.com/wp-cron.php?doing_wp_cron=1625063144.3286809921264648437500" "WordPress/5.7.2; https://angelsonhighstreet.com"
54.36.148.145 - - [30/Jun/2021:10:25:43 -0400] "GET /product-category/oils?product_order=asc&product_view=grid&product_count=48 HTTP/1.1" 200 20446 "-" "Mozilla/5.0 (compatible; AhrefsBot/7.0; +http://ahrefs.com/robot/)"
204.48.19.85 - - [30/Jun/2021:10:30:50 -0400] "POST /wp-cron.php?doing_wp_cron=1625063450.1924850940704345703125 HTTP/1.1" 200 5548 "https://angelsonhighstreet.com/wp-cron.php?doing_wp_cron=1625063450.1924850940704345703125" "WordPress/5.7.2; https://angelsonhighstreet.com"
54.36.149.62 - - [30/Jun/2021:10:30:49 -0400] "GET /product-category/salves?product_order=desc&product_count=48&product_view=grid HTTP/1.1" 200 20680 "-" "Mozilla/5.0 (compatible; AhrefsBot/7.0; +http://ahrefs.com/robot/)"
204.48.19.85 - - [30/Jun/2021:10:35:36 -0400] "POST /wp-cron.php?doing_wp_cron=1625063736.1335809230804443359375 HTTP/1.1" 200 5548 "https://angelsonhighstreet.com/wp-cron.php?doing_wp_cron=1625063736.1335809230804443359375" "WordPress/5.7.2; https://angelsonhighstreet.com"
54.36.149.18 - - [30/Jun/2021:10:35:35 -0400] "GET /product-category/salves?product_view=grid&product_orderby=price&product_order=desc&product_count=32 HTTP/1.1" 200 20678 "-" "Mozilla/5.0 (compatible; AhrefsBot/7.0; +http://ahrefs.com/robot/)"
204.48.19.85 - - [30/Jun/2021:10:40:20 -0400] "POST /wp-cron.php?doing_wp_cron=1625064020.8997759819030761718750 HTTP/1.1" 200 5548 "https://angelsonhighstreet.com/wp-cron.php?doing_wp_cron=1625064020.8997759819030761718750" "WordPress/5.7.2; https://angelsonhighstreet.com"
54.36.149.18 - - [30/Jun/2021:10:40:20 -0400] "GET /product-category/oils?product_order=asc&product_orderby=default&product_count=16&product_view=grid HTTP/1.1" 200 20447 "-" "Mozilla/5.0 (compatible; AhrefsBot/7.0; +http://ahrefs.com/robot/)"
204.48.19.85 - - [30/Jun/2021:10:43:09 -0400] "POST /wp-cron.php?doing_wp_cron=1625064189.5511040687561035156250 HTTP/1.1" 200 5548 "https://angelsonhighstreet.com/wp-cron.php?doing_wp_cron=1625064189.5511040687561035156250" "WordPress/5.7.2; https://angelsonhighstreet.com"
66.249.66.41 - - [30/Jun/2021:10:43:08 -0400] "GET /shop/2130mg-30ml-whole-plant-cbg-extract-oil HTTP/1.1" 200 25721 "-" "Mozilla/5.0 (compatible; Googlebot/2.1; +http://www.google.com/bot.html)"
66.249.66.35 - - [30/Jun/2021:10:43:53 -0400] "POST /?wc-ajax=get_refreshed_fragments HTTP/1.1" 200 6099 "https://angelsonhighstreet.com/shop/2130mg-30ml-whole-plant-cbg-extract-oil" "Mozilla/5.0 AppleWebKit/537.36 (KHTML, like Gecko; compatible; Googlebot/2.1; +http://www.google.com/bot.html) Chrome/91.0.4472.90 Safari/537.36"
204.48.19.85 - - [30/Jun/2021:10:45:15 -0400] "POST /wp-cron.php?doing_wp_cron=1625064315.5277481079101562500000 HTTP/1.1" 200 5548 "https://angelsonhighstreet.com/wp-cron.php?doing_wp_cron=1625064315.5277481079101562500000" "WordPress/5.7.2; https://angelsonhighstreet.com"
54.36.148.137 - - [30/Jun/2021:10:45:14 -0400] "GET /product-category/oils?product_order=asc&product_orderby=default&product_count=48&product_view=grid HTTP/1.1" 200 20449 "-" "Mozilla/5.0 (compatible; AhrefsBot/7.0; +http://ahrefs.com/robot/)"
204.48.19.85 - - [30/Jun/2021:10:48:15 -0400] "POST /wp-cron.php?doing_wp_cron=1625064495.7873001098632812500000 HTTP/1.1" 200 5548 "https://angelsonhighstreet.com/wp-cron.php?doing_wp_cron=1625064495.7873001098632812500000" "WordPress/5.7.2; https://angelsonhighstreet.com"
207.46.13.71 - - [30/Jun/2021:10:48:15 -0400] "GET /product-category/salves?product_orderby=date&product_view=list HTTP/1.1" 200 20136 "-" "Mozilla/5.0 (compatible; bingbot/2.0; +http://www.bing.com/bingbot.htm)"
204.48.19.85 - - [30/Jun/2021:10:49:54 -0400] "POST /wp-cron.php?doing_wp_cron=1625064594.6479079723358154296875 HTTP/1.1" 200 5548 "https://angelsonhighstreet.com/wp-cron.php?doing_wp_cron=1625064594.6479079723358154296875" "WordPress/5.7.2; https://angelsonhighstreet.com"
54.36.149.18 - - [30/Jun/2021:10:49:53 -0400] "GET /product-category/oils?product_count=48&product_order=asc&product_orderby=date HTTP/1.1" 200 20451 "-" "Mozilla/5.0 (compatible; AhrefsBot/7.0; +http://ahrefs.com/robot/)"
204.48.19.85 - - [30/Jun/2021:10:54:46 -0400] "POST /wp-cron.php?doing_wp_cron=1625064886.0002090930938720703125 HTTP/1.1" 200 5548 "https://angelsonhighstreet.com/wp-cron.php?doing_wp_cron=1625064886.0002090930938720703125" "WordPress/5.7.2; https://angelsonhighstreet.com"
54.36.149.18 - - [30/Jun/2021:10:54:45 -0400] "GET /product-category/oils?product_order=desc&product_view=grid&product_orderby=date&product_count=16 HTTP/1.1" 200 20434 "-" "Mozilla/5.0 (compatible; AhrefsBot/7.0; +http://ahrefs.com/robot/)"
204.48.19.85 - - [30/Jun/2021:10:59:23 -0400] "POST /wp-cron.php?doing_wp_cron=1625065163.3255140781402587890625 HTTP/1.1" 200 5548 "https://angelsonhighstreet.com/wp-cron.php?doing_wp_cron=1625065163.3255140781402587890625" "WordPress/5.7.2; https://angelsonhighstreet.com"
54.36.149.88 - - [30/Jun/2021:10:59:22 -0400] "GET /product-category/oils?product_count=48&product_order=asc&product_orderby=default HTTP/1.1" 200 20448 "-" "Mozilla/5.0 (compatible; AhrefsBot/7.0; +http://ahrefs.com/robot/)"
204.48.19.85 - - [30/Jun/2021:11:04:04 -0400] "POST /wp-cron.php?doing_wp_cron=1625065444.8951098918914794921875 HTTP/1.1" 200 5548 "https://angelsonhighstreet.com/wp-cron.php?doing_wp_cron=1625065444.8951098918914794921875" "WordPress/5.7.2; https://angelsonhighstreet.com"
54.36.148.174 - - [30/Jun/2021:11:04:04 -0400] "GET /product-category/salves?product_orderby=default&product_count=16&product_order=asc&product_view=grid HTTP/1.1" 200 20670 "-" "Mozilla/5.0 (compatible; AhrefsBot/7.0; +http://ahrefs.com/robot/)"
204.48.19.85 - - [30/Jun/2021:11:08:45 -0400] "POST /wp-cron.php?doing_wp_cron=1625065725.0039200782775878906250 HTTP/1.1" 200 5548 "https://angelsonhighstreet.com/wp-cron.php?doing_wp_cron=1625065725.0039200782775878906250" "WordPress/5.7.2; https://angelsonhighstreet.com"
54.36.149.18 - - [30/Jun/2021:11:08:44 -0400] "GET /product-category/oils?product_count=48&product_order=asc&product_orderby=popularity HTTP/1.1" 200 20439 "-" "Mozilla/5.0 (compatible; AhrefsBot/7.0; +http://ahrefs.com/robot/)"
204.48.19.85 - - [30/Jun/2021:11:13:30 -0400] "POST /wp-cron.php?doing_wp_cron=1625066010.0434520244598388671875 HTTP/1.1" 200 5548 "https://angelsonhighstreet.com/wp-cron.php?doing_wp_cron=1625066010.0434520244598388671875" "WordPress/5.7.2; https://angelsonhighstreet.com"
54.36.148.189 - - [30/Jun/2021:11:13:29 -0400] "GET /product-category/oils?product_count=48&product_order=asc&product_orderby=name HTTP/1.1" 200 20422 "-" "Mozilla/5.0 (compatible; AhrefsBot/7.0; +http://ahrefs.com/robot/)"
204.48.19.85 - - [30/Jun/2021:11:17:57 -0400] "POST /wp-cron.php?doing_wp_cron=1625066277.5206611156463623046875 HTTP/1.1" 200 5548 "https://angelsonhighstreet.com/wp-cron.php?doing_wp_cron=1625066277.5206611156463623046875" "WordPress/5.7.2; https://angelsonhighstreet.com"
54.36.148.65 - - [30/Jun/2021:11:17:56 -0400] "GET /product-category/salves?product_order=desc&product_count=32&product_view=grid HTTP/1.1" 200 20681 "-" "Mozilla/5.0 (compatible; AhrefsBot/7.0; +http://ahrefs.com/robot/)"
