204.48.19.85 - - [07/Jul/2021:00:00:47 -0400] "POST /wp-cron.php?doing_wp_cron=1625630447.2688710689544677734375 HTTP/1.1" 200 6350 "https://angelsonhighstreet.com/wp-cron.php?doing_wp_cron=1625630447.2688710689544677734375" "WordPress/5.7.2; https://angelsonhighstreet.com"
185.191.171.40 - - [07/Jul/2021:00:00:44 -0400] "GET /wp-login.php HTTP/1.1" 200 8810 "-" "Mozilla/5.0 (compatible; SemrushBot/7~bl; +http://www.semrush.com/bot.html)"
54.36.149.12 - - [07/Jul/2021:00:00:55 -0400] "GET /product-category/salves?product_view=list&product_count=32&product_orderby=name&product_order=desc HTTP/1.1" 200 21378 "-" "Mozilla/5.0 (compatible; AhrefsBot/7.0; +http://ahrefs.com/robot/)"
204.48.19.85 - - [07/Jul/2021:00:02:40 -0400] "POST /wp-cron.php?doing_wp_cron=1625630560.3911850452423095703125 HTTP/1.1" 200 6350 "https://angelsonhighstreet.com/wp-cron.php?doing_wp_cron=1625630560.3911850452423095703125" "WordPress/5.7.2; https://angelsonhighstreet.com"
143.198.30.100 - - [07/Jul/2021:00:02:40 -0400] "GET /wp-login.php HTTP/1.1" 200 8107 "-" "Mozilla/5.0 (X11; Ubuntu; Linux x86_64; rv:62.0) Gecko/20100101 Firefox/62.0"
143.198.30.100 - - [07/Jul/2021:00:02:40 -0400] "POST /wp-login.php HTTP/1.1" 200 8230 "-" "Mozilla/5.0 (X11; Ubuntu; Linux x86_64; rv:62.0) Gecko/20100101 Firefox/62.0"
204.48.19.85 - - [07/Jul/2021:00:02:46 -0400] "POST /wp-cron.php?doing_wp_cron=1625630566.2370789051055908203125 HTTP/1.1" 200 6350 "https://angelsonhighstreet.com/wp-cron.php?doing_wp_cron=1625630566.2370789051055908203125" "WordPress/5.7.2; https://angelsonhighstreet.com"
143.198.30.100 - - [07/Jul/2021:00:02:46 -0400] "GET /wp-login.php HTTP/1.1" 200 8107 "-" "Mozilla/5.0 (X11; Ubuntu; Linux x86_64; rv:62.0) Gecko/20100101 Firefox/62.0"
143.198.30.100 - - [07/Jul/2021:00:02:51 -0400] "POST /wp-login.php HTTP/1.1" 200 8232 "-" "Mozilla/5.0 (X11; Ubuntu; Linux x86_64; rv:62.0) Gecko/20100101 Firefox/62.0"
143.198.30.100 - - [07/Jul/2021:00:02:51 -0400] "POST /xmlrpc.php HTTP/1.1" 200 5852 "-" "Mozilla/5.0 (X11; Ubuntu; Linux x86_64; rv:62.0) Gecko/20100101 Firefox/62.0"
204.48.19.85 - - [07/Jul/2021:00:03:00 -0400] "POST /wp-cron.php?doing_wp_cron=1625630580.8936181068420410156250 HTTP/1.1" 200 6350 "https://angelsonhighstreet.com/wp-cron.php?doing_wp_cron=1625630580.8936181068420410156250" "WordPress/5.7.2; https://angelsonhighstreet.com"
54.36.148.21 - - [07/Jul/2021:00:03:00 -0400] "GET /product-category/salves?product_view=list&product_count=32&product_orderby=popularity&product_order=asc HTTP/1.1" 200 21387 "-" "Mozilla/5.0 (compatible; AhrefsBot/7.0; +http://ahrefs.com/robot/)"
204.48.19.85 - - [07/Jul/2021:00:05:17 -0400] "POST /wp-cron.php?doing_wp_cron=1625630717.3443698883056640625000 HTTP/1.1" 200 6350 "https://angelsonhighstreet.com/wp-cron.php?doing_wp_cron=1625630717.3443698883056640625000" "WordPress/5.7.2; https://angelsonhighstreet.com"
54.36.148.184 - - [07/Jul/2021:00:05:17 -0400] "GET /product-category/salves?product_view=list&product_count=48&product_orderby=default&product_order=desc HTTP/1.1" 200 21544 "-" "Mozilla/5.0 (compatible; AhrefsBot/7.0; +http://ahrefs.com/robot/)"
204.48.19.85 - - [07/Jul/2021:00:07:29 -0400] "POST /wp-cron.php?doing_wp_cron=1625630849.2318480014801025390625 HTTP/1.1" 200 6350 "https://angelsonhighstreet.com/wp-cron.php?doing_wp_cron=1625630849.2318480014801025390625" "WordPress/5.7.2; https://angelsonhighstreet.com"
54.36.149.64 - - [07/Jul/2021:00:07:29 -0400] "GET /product-category/salves?product_count=16&product_view=grid&product_orderby=default&product_order=asc HTTP/1.1" 200 21464 "-" "Mozilla/5.0 (compatible; AhrefsBot/7.0; +http://ahrefs.com/robot/)"
204.48.19.85 - - [07/Jul/2021:00:09:39 -0400] "POST /wp-cron.php?doing_wp_cron=1625630979.8114979267120361328125 HTTP/1.1" 200 6350 "https://angelsonhighstreet.com/wp-cron.php?doing_wp_cron=1625630979.8114979267120361328125" "WordPress/5.7.2; https://angelsonhighstreet.com"
54.36.148.37 - - [07/Jul/2021:00:09:39 -0400] "GET /product-category/salves?product_view=list&product_count=48&product_orderby=date&product_order=asc HTTP/1.1" 200 21540 "-" "Mozilla/5.0 (compatible; AhrefsBot/7.0; +http://ahrefs.com/robot/)"
204.48.19.85 - - [07/Jul/2021:00:11:54 -0400] "POST /wp-cron.php?doing_wp_cron=1625631114.4559979438781738281250 HTTP/1.1" 200 6350 "https://angelsonhighstreet.com/wp-cron.php?doing_wp_cron=1625631114.4559979438781738281250" "WordPress/5.7.2; https://angelsonhighstreet.com"
54.36.148.157 - - [07/Jul/2021:00:11:54 -0400] "GET /product-category/salves?product_orderby=price&product_view=grid&product_count=32&product_order=desc HTTP/1.1" 200 21483 "-" "Mozilla/5.0 (compatible; AhrefsBot/7.0; +http://ahrefs.com/robot/)"
204.48.19.85 - - [07/Jul/2021:00:14:06 -0400] "POST /wp-cron.php?doing_wp_cron=1625631246.8812758922576904296875 HTTP/1.1" 200 6350 "https://angelsonhighstreet.com/wp-cron.php?doing_wp_cron=1625631246.8812758922576904296875" "WordPress/5.7.2; https://angelsonhighstreet.com"
54.36.148.113 - - [07/Jul/2021:00:14:06 -0400] "GET /product-category/salves?product_count=48&product_orderby=date&product_view=list&product_order=asc HTTP/1.1" 200 21648 "-" "Mozilla/5.0 (compatible; AhrefsBot/7.0; +http://ahrefs.com/robot/)"
185.191.171.34 - - [07/Jul/2021:00:14:08 -0400] "GET /robots.txt HTTP/1.1" 200 6554 "-" "Mozilla/5.0 (compatible; SemrushBot/7~bl; +http://www.semrush.com/bot.html)"
185.191.171.21 - - [07/Jul/2021:00:14:09 -0400] "GET /product-category/oils?product_order=asc&product_orderby=price&product_view=list HTTP/1.1" 200 21526 "-" "Mozilla/5.0 (compatible; SemrushBot/7~bl; +http://www.semrush.com/bot.html)"
204.48.19.85 - - [07/Jul/2021:00:15:30 -0400] "POST /wp-cron.php?doing_wp_cron=1625631330.1996500492095947265625 HTTP/1.1" 200 6350 "https://angelsonhighstreet.com/wp-cron.php?doing_wp_cron=1625631330.1996500492095947265625" "WordPress/5.7.2; https://angelsonhighstreet.com"
162.144.41.156 - - [07/Jul/2021:00:15:29 -0400] "GET /wp-login.php HTTP/1.1" 200 8107 "-" "Mozilla/5.0 (X11; Ubuntu; Linux x86_64; rv:62.0) Gecko/20100101 Firefox/62.0"
162.144.41.156 - - [07/Jul/2021:00:15:30 -0400] "POST /wp-login.php HTTP/1.1" 200 8230 "-" "Mozilla/5.0 (X11; Ubuntu; Linux x86_64; rv:62.0) Gecko/20100101 Firefox/62.0"
162.144.41.156 - - [07/Jul/2021:00:15:32 -0400] "GET /wp-login.php HTTP/1.1" 200 8107 "-" "Mozilla/5.0 (X11; Ubuntu; Linux x86_64; rv:62.0) Gecko/20100101 Firefox/62.0"
162.144.41.156 - - [07/Jul/2021:00:15:36 -0400] "POST /wp-login.php HTTP/1.1" 200 8232 "-" "Mozilla/5.0 (X11; Ubuntu; Linux x86_64; rv:62.0) Gecko/20100101 Firefox/62.0"
91.134.248.192 - - [07/Jul/2021:00:15:38 -0400] "POST /wp-login.php HTTP/1.1" 200 8935 "-" "Mozilla/5.0 (Windows NT 6.1; WOW64) AppleWebKit/537.36 (KHTML, like Gecko) Chrome/48.0.2564.116 Safari/537.36"
162.144.41.156 - - [07/Jul/2021:00:15:42 -0400] "POST /xmlrpc.php HTTP/1.1" 200 5852 "-" "Mozilla/5.0 (X11; Ubuntu; Linux x86_64; rv:62.0) Gecko/20100101 Firefox/62.0"
204.48.19.85 - - [07/Jul/2021:00:16:18 -0400] "POST /wp-cron.php?doing_wp_cron=1625631378.3875350952148437500000 HTTP/1.1" 200 6350 "https://angelsonhighstreet.com/wp-cron.php?doing_wp_cron=1625631378.3875350952148437500000" "WordPress/5.7.2; https://angelsonhighstreet.com"
54.36.148.226 - - [07/Jul/2021:00:16:18 -0400] "GET /product-category/salves?product_orderby=price&product_view=list&product_count=32&product_order=asc HTTP/1.1" 200 21547 "-" "Mozilla/5.0 (compatible; AhrefsBot/7.0; +http://ahrefs.com/robot/)"
204.48.19.85 - - [07/Jul/2021:00:18:43 -0400] "POST /wp-cron.php?doing_wp_cron=1625631523.7711379528045654296875 HTTP/1.1" 200 6350 "https://angelsonhighstreet.com/wp-cron.php?doing_wp_cron=1625631523.7711379528045654296875" "WordPress/5.7.2; https://angelsonhighstreet.com"
54.36.148.202 - - [07/Jul/2021:00:18:43 -0400] "GET /product-category/salves?product_orderby=name&product_count=48&product_view=list&product_order=asc HTTP/1.1" 200 21369 "-" "Mozilla/5.0 (compatible; AhrefsBot/7.0; +http://ahrefs.com/robot/)"
204.48.19.85 - - [07/Jul/2021:00:19:31 -0400] "POST /wp-cron.php?doing_wp_cron=1625631571.1809170246124267578125 HTTP/1.1" 200 6350 "https://angelsonhighstreet.com/wp-cron.php?doing_wp_cron=1625631571.1809170246124267578125" "WordPress/5.7.2; https://angelsonhighstreet.com"
128.199.220.215 - - [07/Jul/2021:00:19:30 -0400] "POST /wp-login.php HTTP/1.1" 200 8933 "-" "Mozilla/5.0 (Windows NT 10.0; Win64; x64) AppleWebKit/537.36 (KHTML, like Gecko) Chrome/87.0.4280.88 Safari/537.36"
204.48.19.85 - - [07/Jul/2021:00:21:07 -0400] "POST /wp-cron.php?doing_wp_cron=1625631667.8974909782409667968750 HTTP/1.1" 200 6350 "https://angelsonhighstreet.com/wp-cron.php?doing_wp_cron=1625631667.8974909782409667968750" "WordPress/5.7.2; https://angelsonhighstreet.com"
54.36.148.214 - - [07/Jul/2021:00:21:07 -0400] "GET /product-category/salves?product_orderby=price&product_count=32&product_view=grid&product_order=desc HTTP/1.1" 200 21238 "-" "Mozilla/5.0 (compatible; AhrefsBot/7.0; +http://ahrefs.com/robot/)"
204.48.19.85 - - [07/Jul/2021:00:23:29 -0400] "POST /wp-cron.php?doing_wp_cron=1625631809.7325129508972167968750 HTTP/1.1" 200 6350 "https://angelsonhighstreet.com/wp-cron.php?doing_wp_cron=1625631809.7325129508972167968750" "WordPress/5.7.2; https://angelsonhighstreet.com"
54.36.148.241 - - [07/Jul/2021:00:23:29 -0400] "GET /product-category/salves?product_orderby=price&product_view=list&product_count=16&product_order=asc HTTP/1.1" 200 21542 "-" "Mozilla/5.0 (compatible; AhrefsBot/7.0; +http://ahrefs.com/robot/)"
204.48.19.85 - - [07/Jul/2021:00:24:25 -0400] "POST /wp-cron.php?doing_wp_cron=1625631865.6838018894195556640625 HTTP/1.1" 200 6350 "https://angelsonhighstreet.com/wp-cron.php?doing_wp_cron=1625631865.6838018894195556640625" "WordPress/5.7.2; https://angelsonhighstreet.com"
34.241.44.133 - - [07/Jul/2021:00:24:25 -0400] "GET /wp-login.php HTTP/1.1" 200 8107 "-" "Mozilla/5.0 (X11; Ubuntu; Linux x86_64; rv:62.0) Gecko/20100101 Firefox/62.0"
34.241.44.133 - - [07/Jul/2021:00:24:26 -0400] "POST /wp-login.php HTTP/1.1" 200 8230 "-" "Mozilla/5.0 (X11; Ubuntu; Linux x86_64; rv:62.0) Gecko/20100101 Firefox/62.0"
34.241.44.133 - - [07/Jul/2021:00:24:26 -0400] "GET /wp-login.php HTTP/1.1" 200 8107 "-" "Mozilla/5.0 (X11; Ubuntu; Linux x86_64; rv:62.0) Gecko/20100101 Firefox/62.0"
34.241.44.133 - - [07/Jul/2021:00:24:27 -0400] "POST /wp-login.php HTTP/1.1" 200 8232 "-" "Mozilla/5.0 (X11; Ubuntu; Linux x86_64; rv:62.0) Gecko/20100101 Firefox/62.0"
34.241.44.133 - - [07/Jul/2021:00:24:27 -0400] "POST /xmlrpc.php HTTP/1.1" 200 5852 "-" "Mozilla/5.0 (X11; Ubuntu; Linux x86_64; rv:62.0) Gecko/20100101 Firefox/62.0"
204.48.19.85 - - [07/Jul/2021:00:25:58 -0400] "POST /wp-cron.php?doing_wp_cron=1625631958.1507799625396728515625 HTTP/1.1" 200 6350 "https://angelsonhighstreet.com/wp-cron.php?doing_wp_cron=1625631958.1507799625396728515625" "WordPress/5.7.2; https://angelsonhighstreet.com"
54.36.148.155 - - [07/Jul/2021:00:25:57 -0400] "GET /product-category/salves?product_view=grid&product_orderby=popularity&product_count=32&product_order=asc HTTP/1.1" 200 21246 "-" "Mozilla/5.0 (compatible; AhrefsBot/7.0; +http://ahrefs.com/robot/)"
204.48.19.85 - - [07/Jul/2021:00:28:43 -0400] "POST /wp-cron.php?doing_wp_cron=1625632123.3012099266052246093750 HTTP/1.1" 200 6350 "https://angelsonhighstreet.com/wp-cron.php?doing_wp_cron=1625632123.3012099266052246093750" "WordPress/5.7.2; https://angelsonhighstreet.com"
54.36.148.148 - - [07/Jul/2021:00:28:43 -0400] "GET /product-category/salves?product_view=grid&product_count=48&product_orderby=date&product_order=desc HTTP/1.1" 200 21238 "-" "Mozilla/5.0 (compatible; AhrefsBot/7.0; +http://ahrefs.com/robot/)"
204.48.19.85 - - [07/Jul/2021:00:31:26 -0400] "POST /wp-cron.php?doing_wp_cron=1625632286.9751999378204345703125 HTTP/1.1" 200 6350 "https://angelsonhighstreet.com/wp-cron.php?doing_wp_cron=1625632286.9751999378204345703125" "WordPress/5.7.2; https://angelsonhighstreet.com"
54.36.149.50 - - [07/Jul/2021:00:31:26 -0400] "GET /product-category/salves?product_view=grid&product_count=48&product_orderby=popularity&product_order=desc HTTP/1.1" 200 21507 "-" "Mozilla/5.0 (compatible; AhrefsBot/7.0; +http://ahrefs.com/robot/)"
204.48.19.85 - - [07/Jul/2021:00:33:38 -0400] "POST /wp-cron.php?doing_wp_cron=1625632418.7978570461273193359375 HTTP/1.1" 200 6350 "https://angelsonhighstreet.com/wp-cron.php?doing_wp_cron=1625632418.7978570461273193359375" "WordPress/5.7.2; https://angelsonhighstreet.com"
185.191.171.24 - - [07/Jul/2021:00:33:38 -0400] "GET /product-category/salves?product_count=48&product_orderby=date HTTP/1.1" 200 21418 "-" "Mozilla/5.0 (compatible; SemrushBot/7~bl; +http://www.semrush.com/bot.html)"
204.48.19.85 - - [07/Jul/2021:00:34:09 -0400] "POST /wp-cron.php?doing_wp_cron=1625632449.1705310344696044921875 HTTP/1.1" 200 6350 "https://angelsonhighstreet.com/wp-cron.php?doing_wp_cron=1625632449.1705310344696044921875" "WordPress/5.7.2; https://angelsonhighstreet.com"
54.36.149.26 - - [07/Jul/2021:00:34:08 -0400] "GET /product-category/salves?product_view=list&product_count=32&product_orderby=default&product_order=asc HTTP/1.1" 200 21367 "-" "Mozilla/5.0 (compatible; AhrefsBot/7.0; +http://ahrefs.com/robot/)"
204.48.19.85 - - [07/Jul/2021:00:35:34 -0400] "POST /wp-cron.php?doing_wp_cron=1625632534.0330750942230224609375 HTTP/1.1" 200 6350 "https://angelsonhighstreet.com/wp-cron.php?doing_wp_cron=1625632534.0330750942230224609375" "WordPress/5.7.2; https://angelsonhighstreet.com"
162.214.188.24 - - [07/Jul/2021:00:35:33 -0400] "GET /wp-login.php HTTP/1.1" 200 8107 "-" "Mozilla/5.0 (X11; Ubuntu; Linux x86_64; rv:62.0) Gecko/20100101 Firefox/62.0"
162.214.188.24 - - [07/Jul/2021:00:35:36 -0400] "POST /wp-login.php HTTP/1.1" 200 8230 "-" "Mozilla/5.0 (X11; Ubuntu; Linux x86_64; rv:62.0) Gecko/20100101 Firefox/62.0"
162.214.188.24 - - [07/Jul/2021:00:35:37 -0400] "GET /wp-login.php HTTP/1.1" 200 8107 "-" "Mozilla/5.0 (X11; Ubuntu; Linux x86_64; rv:62.0) Gecko/20100101 Firefox/62.0"
162.214.188.24 - - [07/Jul/2021:00:35:38 -0400] "POST /wp-login.php HTTP/1.1" 200 8232 "-" "Mozilla/5.0 (X11; Ubuntu; Linux x86_64; rv:62.0) Gecko/20100101 Firefox/62.0"
162.214.188.24 - - [07/Jul/2021:00:35:43 -0400] "POST /xmlrpc.php HTTP/1.1" 200 5852 "-" "Mozilla/5.0 (X11; Ubuntu; Linux x86_64; rv:62.0) Gecko/20100101 Firefox/62.0"
204.48.19.85 - - [07/Jul/2021:00:36:55 -0400] "POST /wp-cron.php?doing_wp_cron=1625632615.0357599258422851562500 HTTP/1.1" 200 6350 "https://angelsonhighstreet.com/wp-cron.php?doing_wp_cron=1625632615.0357599258422851562500" "WordPress/5.7.2; https://angelsonhighstreet.com"
54.36.149.98 - - [07/Jul/2021:00:36:54 -0400] "GET /product-category/salves?product_view=grid&product_count=48&product_orderby=rating&product_order=desc HTTP/1.1" 200 21244 "-" "Mozilla/5.0 (compatible; AhrefsBot/7.0; +http://ahrefs.com/robot/)"
20.62.91.188 - - [07/Jul/2021:00:39:03 -0400] "GET / HTTP/1.1" 301 595 "-" "Mozilla/5.0 (Windows NT 10.0; Win64; x64) AppleWebKit/537.36 (KHTML, like Gecko) Chrome/88.0.4240.193 Safari/537.36"
204.48.19.85 - - [07/Jul/2021:00:39:03 -0400] "POST /wp-cron.php?doing_wp_cron=1625632743.7831408977508544921875 HTTP/1.1" 200 6350 "https://angelsonhighstreet.com/wp-cron.php?doing_wp_cron=1625632743.7831408977508544921875" "WordPress/5.7.2; https://angelsonhighstreet.com"
20.62.91.188 - - [07/Jul/2021:00:39:03 -0400] "GET / HTTP/1.1" 200 115740 "-" "Mozilla/5.0 (Windows NT 10.0; Win64; x64) AppleWebKit/537.36 (KHTML, like Gecko) Chrome/88.0.4240.193 Safari/537.36"
20.62.91.188 - - [07/Jul/2021:00:39:05 -0400] "GET //wp-includes/wlwmanifest.xml HTTP/1.1" 200 1433 "-" "Mozilla/5.0 (Windows NT 10.0; Win64; x64) AppleWebKit/537.36 (KHTML, like Gecko) Chrome/88.0.4240.193 Safari/537.36"
20.62.91.188 - - [07/Jul/2021:00:39:05 -0400] "GET //?author=1 HTTP/1.1" 301 419 "-" "Mozilla/5.0 (Windows NT 10.0; Win64; x64) AppleWebKit/537.36 (KHTML, like Gecko) Chrome/88.0.4240.193 Safari/537.36"
20.62.91.188 - - [07/Jul/2021:00:39:06 -0400] "GET //?author=2 HTTP/1.1" 301 416 "-" "Mozilla/5.0 (Windows NT 10.0; Win64; x64) AppleWebKit/537.36 (KHTML, like Gecko) Chrome/88.0.4240.193 Safari/537.36"
20.62.91.188 - - [07/Jul/2021:00:39:07 -0400] "GET //?author=3 HTTP/1.1" 301 416 "-" "Mozilla/5.0 (Windows NT 10.0; Win64; x64) AppleWebKit/537.36 (KHTML, like Gecko) Chrome/88.0.4240.193 Safari/537.36"
20.62.91.188 - - [07/Jul/2021:00:39:08 -0400] "GET //wp-json/wp/v2/users/ HTTP/1.1" 200 3103 "-" "Mozilla/5.0 (Windows NT 10.0; Win64; x64) AppleWebKit/537.36 (KHTML, like Gecko) Chrome/88.0.4240.193 Safari/537.36"
20.62.91.188 - - [07/Jul/2021:00:39:09 -0400] "GET //wp-json/oembed/1.0/embed?url=https://angelsonhighstreet.com/ HTTP/1.1" 200 2927 "-" "Mozilla/5.0 (Windows NT 10.0; Win64; x64) AppleWebKit/537.36 (KHTML, like Gecko) Chrome/88.0.4240.193 Safari/537.36"
20.62.91.188 - - [07/Jul/2021:00:39:10 -0400] "POST //xmlrpc.php HTTP/1.1" 200 686 "-" "Mozilla/5.0 (Windows NT 10.0; Win64; x64) AppleWebKit/537.36 (KHTML, like Gecko) Chrome/88.0.4240.193 Safari/537.36"
20.62.91.188 - - [07/Jul/2021:00:39:11 -0400] "POST //xmlrpc.php HTTP/1.1" 200 6248 "-" "Mozilla/5.0 (Windows NT 10.0; Win64; x64) AppleWebKit/537.36 (KHTML, like Gecko) Chrome/88.0.4240.193 Safari/537.36"
20.62.91.188 - - [07/Jul/2021:00:39:12 -0400] "POST //xmlrpc.php HTTP/1.1" 200 6250 "-" "Mozilla/5.0 (Windows NT 10.0; Win64; x64) AppleWebKit/537.36 (KHTML, like Gecko) Chrome/88.0.4240.193 Safari/537.36"
20.62.91.188 - - [07/Jul/2021:00:39:13 -0400] "POST //xmlrpc.php HTTP/1.1" 200 6248 "-" "Mozilla/5.0 (Windows NT 10.0; Win64; x64) AppleWebKit/537.36 (KHTML, like Gecko) Chrome/88.0.4240.193 Safari/537.36"
20.62.91.188 - - [07/Jul/2021:00:39:14 -0400] "POST //xmlrpc.php HTTP/1.1" 200 6248 "-" "Mozilla/5.0 (Windows NT 10.0; Win64; x64) AppleWebKit/537.36 (KHTML, like Gecko) Chrome/88.0.4240.193 Safari/537.36"
20.62.91.188 - - [07/Jul/2021:00:39:15 -0400] "POST //xmlrpc.php HTTP/1.1" 200 6248 "-" "Mozilla/5.0 (Windows NT 10.0; Win64; x64) AppleWebKit/537.36 (KHTML, like Gecko) Chrome/88.0.4240.193 Safari/537.36"
20.62.91.188 - - [07/Jul/2021:00:39:16 -0400] "POST //xmlrpc.php HTTP/1.1" 200 6248 "-" "Mozilla/5.0 (Windows NT 10.0; Win64; x64) AppleWebKit/537.36 (KHTML, like Gecko) Chrome/88.0.4240.193 Safari/537.36"
20.62.91.188 - - [07/Jul/2021:00:39:17 -0400] "POST //xmlrpc.php HTTP/1.1" 200 6248 "-" "Mozilla/5.0 (Windows NT 10.0; Win64; x64) AppleWebKit/537.36 (KHTML, like Gecko) Chrome/88.0.4240.193 Safari/537.36"
20.62.91.188 - - [07/Jul/2021:00:39:18 -0400] "POST //xmlrpc.php HTTP/1.1" 200 6248 "-" "Mozilla/5.0 (Windows NT 10.0; Win64; x64) AppleWebKit/537.36 (KHTML, like Gecko) Chrome/88.0.4240.193 Safari/537.36"
20.62.91.188 - - [07/Jul/2021:00:39:19 -0400] "POST //xmlrpc.php HTTP/1.1" 200 6248 "-" "Mozilla/5.0 (Windows NT 10.0; Win64; x64) AppleWebKit/537.36 (KHTML, like Gecko) Chrome/88.0.4240.193 Safari/537.36"
20.62.91.188 - - [07/Jul/2021:00:39:20 -0400] "POST //xmlrpc.php HTTP/1.1" 200 6248 "-" "Mozilla/5.0 (Windows NT 10.0; Win64; x64) AppleWebKit/537.36 (KHTML, like Gecko) Chrome/88.0.4240.193 Safari/537.36"
20.62.91.188 - - [07/Jul/2021:00:39:21 -0400] "POST //xmlrpc.php HTTP/1.1" 200 6248 "-" "Mozilla/5.0 (Windows NT 10.0; Win64; x64) AppleWebKit/537.36 (KHTML, like Gecko) Chrome/88.0.4240.193 Safari/537.36"
20.62.91.188 - - [07/Jul/2021:00:39:22 -0400] "POST //xmlrpc.php HTTP/1.1" 200 6248 "-" "Mozilla/5.0 (Windows NT 10.0; Win64; x64) AppleWebKit/537.36 (KHTML, like Gecko) Chrome/88.0.4240.193 Safari/537.36"
20.62.91.188 - - [07/Jul/2021:00:39:23 -0400] "POST //xmlrpc.php HTTP/1.1" 200 6248 "-" "Mozilla/5.0 (Windows NT 10.0; Win64; x64) AppleWebKit/537.36 (KHTML, like Gecko) Chrome/88.0.4240.193 Safari/537.36"
20.62.91.188 - - [07/Jul/2021:00:39:24 -0400] "POST //xmlrpc.php HTTP/1.1" 200 6248 "-" "Mozilla/5.0 (Windows NT 10.0; Win64; x64) AppleWebKit/537.36 (KHTML, like Gecko) Chrome/88.0.4240.193 Safari/537.36"
20.62.91.188 - - [07/Jul/2021:00:39:25 -0400] "POST //xmlrpc.php HTTP/1.1" 200 6248 "-" "Mozilla/5.0 (Windows NT 10.0; Win64; x64) AppleWebKit/537.36 (KHTML, like Gecko) Chrome/88.0.4240.193 Safari/537.36"
20.62.91.188 - - [07/Jul/2021:00:39:26 -0400] "POST //xmlrpc.php HTTP/1.1" 200 6248 "-" "Mozilla/5.0 (Windows NT 10.0; Win64; x64) AppleWebKit/537.36 (KHTML, like Gecko) Chrome/88.0.4240.193 Safari/537.36"
20.62.91.188 - - [07/Jul/2021:00:39:28 -0400] "POST //xmlrpc.php HTTP/1.1" 200 6248 "-" "Mozilla/5.0 (Windows NT 10.0; Win64; x64) AppleWebKit/537.36 (KHTML, like Gecko) Chrome/88.0.4240.193 Safari/537.36"
20.62.91.188 - - [07/Jul/2021:00:39:28 -0400] "POST //xmlrpc.php HTTP/1.1" 200 6248 "-" "Mozilla/5.0 (Windows NT 10.0; Win64; x64) AppleWebKit/537.36 (KHTML, like Gecko) Chrome/88.0.4240.193 Safari/537.36"
20.62.91.188 - - [07/Jul/2021:00:39:29 -0400] "POST //xmlrpc.php HTTP/1.1" 200 6248 "-" "Mozilla/5.0 (Windows NT 10.0; Win64; x64) AppleWebKit/537.36 (KHTML, like Gecko) Chrome/88.0.4240.193 Safari/537.36"
20.62.91.188 - - [07/Jul/2021:00:39:30 -0400] "POST //xmlrpc.php HTTP/1.1" 200 6248 "-" "Mozilla/5.0 (Windows NT 10.0; Win64; x64) AppleWebKit/537.36 (KHTML, like Gecko) Chrome/88.0.4240.193 Safari/537.36"
20.62.91.188 - - [07/Jul/2021:00:39:31 -0400] "POST //xmlrpc.php HTTP/1.1" 200 6248 "-" "Mozilla/5.0 (Windows NT 10.0; Win64; x64) AppleWebKit/537.36 (KHTML, like Gecko) Chrome/88.0.4240.193 Safari/537.36"
20.62.91.188 - - [07/Jul/2021:00:39:32 -0400] "POST //xmlrpc.php HTTP/1.1" 200 6248 "-" "Mozilla/5.0 (Windows NT 10.0; Win64; x64) AppleWebKit/537.36 (KHTML, like Gecko) Chrome/88.0.4240.193 Safari/537.36"
20.62.91.188 - - [07/Jul/2021:00:39:33 -0400] "POST //xmlrpc.php HTTP/1.1" 200 6248 "-" "Mozilla/5.0 (Windows NT 10.0; Win64; x64) AppleWebKit/537.36 (KHTML, like Gecko) Chrome/88.0.4240.193 Safari/537.36"
20.62.91.188 - - [07/Jul/2021:00:39:34 -0400] "POST //xmlrpc.php HTTP/1.1" 200 6248 "-" "Mozilla/5.0 (Windows NT 10.0; Win64; x64) AppleWebKit/537.36 (KHTML, like Gecko) Chrome/88.0.4240.193 Safari/537.36"
20.62.91.188 - - [07/Jul/2021:00:39:35 -0400] "POST //xmlrpc.php HTTP/1.1" 200 6248 "-" "Mozilla/5.0 (Windows NT 10.0; Win64; x64) AppleWebKit/537.36 (KHTML, like Gecko) Chrome/88.0.4240.193 Safari/537.36"
20.62.91.188 - - [07/Jul/2021:00:39:36 -0400] "POST //xmlrpc.php HTTP/1.1" 200 6248 "-" "Mozilla/5.0 (Windows NT 10.0; Win64; x64) AppleWebKit/537.36 (KHTML, like Gecko) Chrome/88.0.4240.193 Safari/537.36"
20.62.91.188 - - [07/Jul/2021:00:39:37 -0400] "POST //xmlrpc.php HTTP/1.1" 200 6248 "-" "Mozilla/5.0 (Windows NT 10.0; Win64; x64) AppleWebKit/537.36 (KHTML, like Gecko) Chrome/88.0.4240.193 Safari/537.36"
20.62.91.188 - - [07/Jul/2021:00:39:37 -0400] "POST //xmlrpc.php HTTP/1.1" 200 6248 "-" "Mozilla/5.0 (Windows NT 10.0; Win64; x64) AppleWebKit/537.36 (KHTML, like Gecko) Chrome/88.0.4240.193 Safari/537.36"
20.62.91.188 - - [07/Jul/2021:00:39:38 -0400] "POST //xmlrpc.php HTTP/1.1" 200 6248 "-" "Mozilla/5.0 (Windows NT 10.0; Win64; x64) AppleWebKit/537.36 (KHTML, like Gecko) Chrome/88.0.4240.193 Safari/537.36"
20.62.91.188 - - [07/Jul/2021:00:39:39 -0400] "POST //xmlrpc.php HTTP/1.1" 200 6248 "-" "Mozilla/5.0 (Windows NT 10.0; Win64; x64) AppleWebKit/537.36 (KHTML, like Gecko) Chrome/88.0.4240.193 Safari/537.36"
20.62.91.188 - - [07/Jul/2021:00:39:40 -0400] "POST //xmlrpc.php HTTP/1.1" 200 6248 "-" "Mozilla/5.0 (Windows NT 10.0; Win64; x64) AppleWebKit/537.36 (KHTML, like Gecko) Chrome/88.0.4240.193 Safari/537.36"
20.62.91.188 - - [07/Jul/2021:00:39:41 -0400] "POST //xmlrpc.php HTTP/1.1" 200 6248 "-" "Mozilla/5.0 (Windows NT 10.0; Win64; x64) AppleWebKit/537.36 (KHTML, like Gecko) Chrome/88.0.4240.193 Safari/537.36"
20.62.91.188 - - [07/Jul/2021:00:39:42 -0400] "POST //xmlrpc.php HTTP/1.1" 200 6248 "-" "Mozilla/5.0 (Windows NT 10.0; Win64; x64) AppleWebKit/537.36 (KHTML, like Gecko) Chrome/88.0.4240.193 Safari/537.36"
20.62.91.188 - - [07/Jul/2021:00:39:43 -0400] "POST //xmlrpc.php HTTP/1.1" 200 6248 "-" "Mozilla/5.0 (Windows NT 10.0; Win64; x64) AppleWebKit/537.36 (KHTML, like Gecko) Chrome/88.0.4240.193 Safari/537.36"
20.62.91.188 - - [07/Jul/2021:00:39:44 -0400] "POST //xmlrpc.php HTTP/1.1" 200 6248 "-" "Mozilla/5.0 (Windows NT 10.0; Win64; x64) AppleWebKit/537.36 (KHTML, like Gecko) Chrome/88.0.4240.193 Safari/537.36"
20.62.91.188 - - [07/Jul/2021:00:39:45 -0400] "POST //xmlrpc.php HTTP/1.1" 200 6248 "-" "Mozilla/5.0 (Windows NT 10.0; Win64; x64) AppleWebKit/537.36 (KHTML, like Gecko) Chrome/88.0.4240.193 Safari/537.36"
20.62.91.188 - - [07/Jul/2021:00:39:46 -0400] "POST //xmlrpc.php HTTP/1.1" 200 6248 "-" "Mozilla/5.0 (Windows NT 10.0; Win64; x64) AppleWebKit/537.36 (KHTML, like Gecko) Chrome/88.0.4240.193 Safari/537.36"
20.62.91.188 - - [07/Jul/2021:00:39:47 -0400] "POST //xmlrpc.php HTTP/1.1" 200 6248 "-" "Mozilla/5.0 (Windows NT 10.0; Win64; x64) AppleWebKit/537.36 (KHTML, like Gecko) Chrome/88.0.4240.193 Safari/537.36"
54.36.148.206 - - [07/Jul/2021:00:39:47 -0400] "GET /product-category/salves?product_view=grid&product_orderby=popularity&product_count=16&product_order=desc HTTP/1.1" 200 21473 "-" "Mozilla/5.0 (compatible; AhrefsBot/7.0; +http://ahrefs.com/robot/)"
20.62.91.188 - - [07/Jul/2021:00:39:48 -0400] "POST //xmlrpc.php HTTP/1.1" 200 6248 "-" "Mozilla/5.0 (Windows NT 10.0; Win64; x64) AppleWebKit/537.36 (KHTML, like Gecko) Chrome/88.0.4240.193 Safari/537.36"
20.62.91.188 - - [07/Jul/2021:00:39:49 -0400] "POST //xmlrpc.php HTTP/1.1" 200 6248 "-" "Mozilla/5.0 (Windows NT 10.0; Win64; x64) AppleWebKit/537.36 (KHTML, like Gecko) Chrome/88.0.4240.193 Safari/537.36"
20.62.91.188 - - [07/Jul/2021:00:39:50 -0400] "POST //xmlrpc.php HTTP/1.1" 200 6248 "-" "Mozilla/5.0 (Windows NT 10.0; Win64; x64) AppleWebKit/537.36 (KHTML, like Gecko) Chrome/88.0.4240.193 Safari/537.36"
20.62.91.188 - - [07/Jul/2021:00:39:51 -0400] "POST //xmlrpc.php HTTP/1.1" 200 6248 "-" "Mozilla/5.0 (Windows NT 10.0; Win64; x64) AppleWebKit/537.36 (KHTML, like Gecko) Chrome/88.0.4240.193 Safari/537.36"
20.62.91.188 - - [07/Jul/2021:00:39:52 -0400] "POST //xmlrpc.php HTTP/1.1" 200 6248 "-" "Mozilla/5.0 (Windows NT 10.0; Win64; x64) AppleWebKit/537.36 (KHTML, like Gecko) Chrome/88.0.4240.193 Safari/537.36"
20.62.91.188 - - [07/Jul/2021:00:39:53 -0400] "POST //xmlrpc.php HTTP/1.1" 200 6248 "-" "Mozilla/5.0 (Windows NT 10.0; Win64; x64) AppleWebKit/537.36 (KHTML, like Gecko) Chrome/88.0.4240.193 Safari/537.36"
20.62.91.188 - - [07/Jul/2021:00:39:54 -0400] "POST //xmlrpc.php HTTP/1.1" 200 6248 "-" "Mozilla/5.0 (Windows NT 10.0; Win64; x64) AppleWebKit/537.36 (KHTML, like Gecko) Chrome/88.0.4240.193 Safari/537.36"
20.62.91.188 - - [07/Jul/2021:00:39:55 -0400] "POST //xmlrpc.php HTTP/1.1" 200 6248 "-" "Mozilla/5.0 (Windows NT 10.0; Win64; x64) AppleWebKit/537.36 (KHTML, like Gecko) Chrome/88.0.4240.193 Safari/537.36"
20.62.91.188 - - [07/Jul/2021:00:39:55 -0400] "POST //xmlrpc.php HTTP/1.1" 200 6248 "-" "Mozilla/5.0 (Windows NT 10.0; Win64; x64) AppleWebKit/537.36 (KHTML, like Gecko) Chrome/88.0.4240.193 Safari/537.36"
204.48.19.85 - - [07/Jul/2021:00:39:57 -0400] "POST /wp-cron.php?doing_wp_cron=1625632797.6288139820098876953125 HTTP/1.1" 200 6350 "https://angelsonhighstreet.com/wp-cron.php?doing_wp_cron=1625632797.6288139820098876953125" "WordPress/5.7.2; https://angelsonhighstreet.com"
20.62.91.188 - - [07/Jul/2021:00:39:56 -0400] "POST //xmlrpc.php HTTP/1.1" 200 6248 "-" "Mozilla/5.0 (Windows NT 10.0; Win64; x64) AppleWebKit/537.36 (KHTML, like Gecko) Chrome/88.0.4240.193 Safari/537.36"
20.62.91.188 - - [07/Jul/2021:00:39:58 -0400] "POST //xmlrpc.php HTTP/1.1" 200 6248 "-" "Mozilla/5.0 (Windows NT 10.0; Win64; x64) AppleWebKit/537.36 (KHTML, like Gecko) Chrome/88.0.4240.193 Safari/537.36"
20.62.91.188 - - [07/Jul/2021:00:39:59 -0400] "POST //xmlrpc.php HTTP/1.1" 200 6248 "-" "Mozilla/5.0 (Windows NT 10.0; Win64; x64) AppleWebKit/537.36 (KHTML, like Gecko) Chrome/88.0.4240.193 Safari/537.36"
20.62.91.188 - - [07/Jul/2021:00:40:00 -0400] "POST //xmlrpc.php HTTP/1.1" 200 6248 "-" "Mozilla/5.0 (Windows NT 10.0; Win64; x64) AppleWebKit/537.36 (KHTML, like Gecko) Chrome/88.0.4240.193 Safari/537.36"
20.62.91.188 - - [07/Jul/2021:00:40:01 -0400] "POST //xmlrpc.php HTTP/1.1" 200 6248 "-" "Mozilla/5.0 (Windows NT 10.0; Win64; x64) AppleWebKit/537.36 (KHTML, like Gecko) Chrome/88.0.4240.193 Safari/537.36"
20.62.91.188 - - [07/Jul/2021:00:40:01 -0400] "POST //xmlrpc.php HTTP/1.1" 200 6248 "-" "Mozilla/5.0 (Windows NT 10.0; Win64; x64) AppleWebKit/537.36 (KHTML, like Gecko) Chrome/88.0.4240.193 Safari/537.36"
20.62.91.188 - - [07/Jul/2021:00:40:02 -0400] "POST //xmlrpc.php HTTP/1.1" 200 6248 "-" "Mozilla/5.0 (Windows NT 10.0; Win64; x64) AppleWebKit/537.36 (KHTML, like Gecko) Chrome/88.0.4240.193 Safari/537.36"
20.62.91.188 - - [07/Jul/2021:00:40:03 -0400] "POST //xmlrpc.php HTTP/1.1" 200 6248 "-" "Mozilla/5.0 (Windows NT 10.0; Win64; x64) AppleWebKit/537.36 (KHTML, like Gecko) Chrome/88.0.4240.193 Safari/537.36"
20.62.91.188 - - [07/Jul/2021:00:40:04 -0400] "POST //xmlrpc.php HTTP/1.1" 200 6248 "-" "Mozilla/5.0 (Windows NT 10.0; Win64; x64) AppleWebKit/537.36 (KHTML, like Gecko) Chrome/88.0.4240.193 Safari/537.36"
20.62.91.188 - - [07/Jul/2021:00:40:04 -0400] "POST //xmlrpc.php HTTP/1.1" 200 6248 "-" "Mozilla/5.0 (Windows NT 10.0; Win64; x64) AppleWebKit/537.36 (KHTML, like Gecko) Chrome/88.0.4240.193 Safari/537.36"
20.62.91.188 - - [07/Jul/2021:00:40:05 -0400] "POST //xmlrpc.php HTTP/1.1" 200 6248 "-" "Mozilla/5.0 (Windows NT 10.0; Win64; x64) AppleWebKit/537.36 (KHTML, like Gecko) Chrome/88.0.4240.193 Safari/537.36"
20.62.91.188 - - [07/Jul/2021:00:40:06 -0400] "POST //xmlrpc.php HTTP/1.1" 200 6248 "-" "Mozilla/5.0 (Windows NT 10.0; Win64; x64) AppleWebKit/537.36 (KHTML, like Gecko) Chrome/88.0.4240.193 Safari/537.36"
20.62.91.188 - - [07/Jul/2021:00:40:07 -0400] "POST //xmlrpc.php HTTP/1.1" 200 6248 "-" "Mozilla/5.0 (Windows NT 10.0; Win64; x64) AppleWebKit/537.36 (KHTML, like Gecko) Chrome/88.0.4240.193 Safari/537.36"
20.62.91.188 - - [07/Jul/2021:00:40:07 -0400] "POST //xmlrpc.php HTTP/1.1" 200 6248 "-" "Mozilla/5.0 (Windows NT 10.0; Win64; x64) AppleWebKit/537.36 (KHTML, like Gecko) Chrome/88.0.4240.193 Safari/537.36"
20.62.91.188 - - [07/Jul/2021:00:40:08 -0400] "POST //xmlrpc.php HTTP/1.1" 200 6248 "-" "Mozilla/5.0 (Windows NT 10.0; Win64; x64) AppleWebKit/537.36 (KHTML, like Gecko) Chrome/88.0.4240.193 Safari/537.36"
20.62.91.188 - - [07/Jul/2021:00:40:09 -0400] "POST //xmlrpc.php HTTP/1.1" 200 6248 "-" "Mozilla/5.0 (Windows NT 10.0; Win64; x64) AppleWebKit/537.36 (KHTML, like Gecko) Chrome/88.0.4240.193 Safari/537.36"
20.62.91.188 - - [07/Jul/2021:00:40:10 -0400] "POST //xmlrpc.php HTTP/1.1" 200 6248 "-" "Mozilla/5.0 (Windows NT 10.0; Win64; x64) AppleWebKit/537.36 (KHTML, like Gecko) Chrome/88.0.4240.193 Safari/537.36"
20.62.91.188 - - [07/Jul/2021:00:40:11 -0400] "POST //xmlrpc.php HTTP/1.1" 200 6248 "-" "Mozilla/5.0 (Windows NT 10.0; Win64; x64) AppleWebKit/537.36 (KHTML, like Gecko) Chrome/88.0.4240.193 Safari/537.36"
20.62.91.188 - - [07/Jul/2021:00:40:12 -0400] "POST //xmlrpc.php HTTP/1.1" 200 6248 "-" "Mozilla/5.0 (Windows NT 10.0; Win64; x64) AppleWebKit/537.36 (KHTML, like Gecko) Chrome/88.0.4240.193 Safari/537.36"
20.62.91.188 - - [07/Jul/2021:00:40:13 -0400] "POST //xmlrpc.php HTTP/1.1" 200 6248 "-" "Mozilla/5.0 (Windows NT 10.0; Win64; x64) AppleWebKit/537.36 (KHTML, like Gecko) Chrome/88.0.4240.193 Safari/537.36"
20.62.91.188 - - [07/Jul/2021:00:40:14 -0400] "POST //xmlrpc.php HTTP/1.1" 200 6248 "-" "Mozilla/5.0 (Windows NT 10.0; Win64; x64) AppleWebKit/537.36 (KHTML, like Gecko) Chrome/88.0.4240.193 Safari/537.36"
20.62.91.188 - - [07/Jul/2021:00:40:15 -0400] "POST //xmlrpc.php HTTP/1.1" 200 6248 "-" "Mozilla/5.0 (Windows NT 10.0; Win64; x64) AppleWebKit/537.36 (KHTML, like Gecko) Chrome/88.0.4240.193 Safari/537.36"
20.62.91.188 - - [07/Jul/2021:00:40:16 -0400] "POST //xmlrpc.php HTTP/1.1" 200 6248 "-" "Mozilla/5.0 (Windows NT 10.0; Win64; x64) AppleWebKit/537.36 (KHTML, like Gecko) Chrome/88.0.4240.193 Safari/537.36"
20.62.91.188 - - [07/Jul/2021:00:40:17 -0400] "POST //xmlrpc.php HTTP/1.1" 200 6248 "-" "Mozilla/5.0 (Windows NT 10.0; Win64; x64) AppleWebKit/537.36 (KHTML, like Gecko) Chrome/88.0.4240.193 Safari/537.36"
20.62.91.188 - - [07/Jul/2021:00:40:18 -0400] "POST //xmlrpc.php HTTP/1.1" 200 6248 "-" "Mozilla/5.0 (Windows NT 10.0; Win64; x64) AppleWebKit/537.36 (KHTML, like Gecko) Chrome/88.0.4240.193 Safari/537.36"
20.62.91.188 - - [07/Jul/2021:00:40:19 -0400] "POST //xmlrpc.php HTTP/1.1" 200 6248 "-" "Mozilla/5.0 (Windows NT 10.0; Win64; x64) AppleWebKit/537.36 (KHTML, like Gecko) Chrome/88.0.4240.193 Safari/537.36"
20.62.91.188 - - [07/Jul/2021:00:40:20 -0400] "POST //xmlrpc.php HTTP/1.1" 200 6248 "-" "Mozilla/5.0 (Windows NT 10.0; Win64; x64) AppleWebKit/537.36 (KHTML, like Gecko) Chrome/88.0.4240.193 Safari/537.36"
20.62.91.188 - - [07/Jul/2021:00:40:21 -0400] "POST //xmlrpc.php HTTP/1.1" 200 6248 "-" "Mozilla/5.0 (Windows NT 10.0; Win64; x64) AppleWebKit/537.36 (KHTML, like Gecko) Chrome/88.0.4240.193 Safari/537.36"
20.62.91.188 - - [07/Jul/2021:00:40:22 -0400] "POST //xmlrpc.php HTTP/1.1" 200 6248 "-" "Mozilla/5.0 (Windows NT 10.0; Win64; x64) AppleWebKit/537.36 (KHTML, like Gecko) Chrome/88.0.4240.193 Safari/537.36"
20.62.91.188 - - [07/Jul/2021:00:40:22 -0400] "POST //xmlrpc.php HTTP/1.1" 200 6248 "-" "Mozilla/5.0 (Windows NT 10.0; Win64; x64) AppleWebKit/537.36 (KHTML, like Gecko) Chrome/88.0.4240.193 Safari/537.36"
20.62.91.188 - - [07/Jul/2021:00:40:23 -0400] "POST //xmlrpc.php HTTP/1.1" 200 6248 "-" "Mozilla/5.0 (Windows NT 10.0; Win64; x64) AppleWebKit/537.36 (KHTML, like Gecko) Chrome/88.0.4240.193 Safari/537.36"
20.62.91.188 - - [07/Jul/2021:00:40:24 -0400] "POST //xmlrpc.php HTTP/1.1" 200 6248 "-" "Mozilla/5.0 (Windows NT 10.0; Win64; x64) AppleWebKit/537.36 (KHTML, like Gecko) Chrome/88.0.4240.193 Safari/537.36"
20.62.91.188 - - [07/Jul/2021:00:40:25 -0400] "POST //xmlrpc.php HTTP/1.1" 200 6248 "-" "Mozilla/5.0 (Windows NT 10.0; Win64; x64) AppleWebKit/537.36 (KHTML, like Gecko) Chrome/88.0.4240.193 Safari/537.36"
20.62.91.188 - - [07/Jul/2021:00:40:26 -0400] "POST //xmlrpc.php HTTP/1.1" 200 6248 "-" "Mozilla/5.0 (Windows NT 10.0; Win64; x64) AppleWebKit/537.36 (KHTML, like Gecko) Chrome/88.0.4240.193 Safari/537.36"
20.62.91.188 - - [07/Jul/2021:00:40:26 -0400] "POST //xmlrpc.php HTTP/1.1" 200 6248 "-" "Mozilla/5.0 (Windows NT 10.0; Win64; x64) AppleWebKit/537.36 (KHTML, like Gecko) Chrome/88.0.4240.193 Safari/537.36"
20.62.91.188 - - [07/Jul/2021:00:40:27 -0400] "POST //xmlrpc.php HTTP/1.1" 200 6248 "-" "Mozilla/5.0 (Windows NT 10.0; Win64; x64) AppleWebKit/537.36 (KHTML, like Gecko) Chrome/88.0.4240.193 Safari/537.36"
20.62.91.188 - - [07/Jul/2021:00:40:28 -0400] "POST //xmlrpc.php HTTP/1.1" 200 6248 "-" "Mozilla/5.0 (Windows NT 10.0; Win64; x64) AppleWebKit/537.36 (KHTML, like Gecko) Chrome/88.0.4240.193 Safari/537.36"
20.62.91.188 - - [07/Jul/2021:00:40:29 -0400] "POST //xmlrpc.php HTTP/1.1" 200 6248 "-" "Mozilla/5.0 (Windows NT 10.0; Win64; x64) AppleWebKit/537.36 (KHTML, like Gecko) Chrome/88.0.4240.193 Safari/537.36"
20.62.91.188 - - [07/Jul/2021:00:40:30 -0400] "POST //xmlrpc.php HTTP/1.1" 200 6248 "-" "Mozilla/5.0 (Windows NT 10.0; Win64; x64) AppleWebKit/537.36 (KHTML, like Gecko) Chrome/88.0.4240.193 Safari/537.36"
20.62.91.188 - - [07/Jul/2021:00:40:30 -0400] "POST //xmlrpc.php HTTP/1.1" 200 6248 "-" "Mozilla/5.0 (Windows NT 10.0; Win64; x64) AppleWebKit/537.36 (KHTML, like Gecko) Chrome/88.0.4240.193 Safari/537.36"
20.62.91.188 - - [07/Jul/2021:00:40:31 -0400] "POST //xmlrpc.php HTTP/1.1" 200 6248 "-" "Mozilla/5.0 (Windows NT 10.0; Win64; x64) AppleWebKit/537.36 (KHTML, like Gecko) Chrome/88.0.4240.193 Safari/537.36"
20.62.91.188 - - [07/Jul/2021:00:40:32 -0400] "POST //xmlrpc.php HTTP/1.1" 200 6248 "-" "Mozilla/5.0 (Windows NT 10.0; Win64; x64) AppleWebKit/537.36 (KHTML, like Gecko) Chrome/88.0.4240.193 Safari/537.36"
20.62.91.188 - - [07/Jul/2021:00:40:33 -0400] "POST //xmlrpc.php HTTP/1.1" 200 6248 "-" "Mozilla/5.0 (Windows NT 10.0; Win64; x64) AppleWebKit/537.36 (KHTML, like Gecko) Chrome/88.0.4240.193 Safari/537.36"
20.62.91.188 - - [07/Jul/2021:00:40:34 -0400] "POST //xmlrpc.php HTTP/1.1" 200 6248 "-" "Mozilla/5.0 (Windows NT 10.0; Win64; x64) AppleWebKit/537.36 (KHTML, like Gecko) Chrome/88.0.4240.193 Safari/537.36"
20.62.91.188 - - [07/Jul/2021:00:40:34 -0400] "POST //xmlrpc.php HTTP/1.1" 200 6248 "-" "Mozilla/5.0 (Windows NT 10.0; Win64; x64) AppleWebKit/537.36 (KHTML, like Gecko) Chrome/88.0.4240.193 Safari/537.36"
20.62.91.188 - - [07/Jul/2021:00:40:35 -0400] "POST //xmlrpc.php HTTP/1.1" 200 6248 "-" "Mozilla/5.0 (Windows NT 10.0; Win64; x64) AppleWebKit/537.36 (KHTML, like Gecko) Chrome/88.0.4240.193 Safari/537.36"
20.62.91.188 - - [07/Jul/2021:00:40:36 -0400] "POST //xmlrpc.php HTTP/1.1" 200 6248 "-" "Mozilla/5.0 (Windows NT 10.0; Win64; x64) AppleWebKit/537.36 (KHTML, like Gecko) Chrome/88.0.4240.193 Safari/537.36"
20.62.91.188 - - [07/Jul/2021:00:40:37 -0400] "POST //xmlrpc.php HTTP/1.1" 200 6248 "-" "Mozilla/5.0 (Windows NT 10.0; Win64; x64) AppleWebKit/537.36 (KHTML, like Gecko) Chrome/88.0.4240.193 Safari/537.36"
20.62.91.188 - - [07/Jul/2021:00:40:38 -0400] "POST //xmlrpc.php HTTP/1.1" 200 6248 "-" "Mozilla/5.0 (Windows NT 10.0; Win64; x64) AppleWebKit/537.36 (KHTML, like Gecko) Chrome/88.0.4240.193 Safari/537.36"
20.62.91.188 - - [07/Jul/2021:00:40:38 -0400] "POST //xmlrpc.php HTTP/1.1" 200 6248 "-" "Mozilla/5.0 (Windows NT 10.0; Win64; x64) AppleWebKit/537.36 (KHTML, like Gecko) Chrome/88.0.4240.193 Safari/537.36"
20.62.91.188 - - [07/Jul/2021:00:40:39 -0400] "POST //xmlrpc.php HTTP/1.1" 200 6248 "-" "Mozilla/5.0 (Windows NT 10.0; Win64; x64) AppleWebKit/537.36 (KHTML, like Gecko) Chrome/88.0.4240.193 Safari/537.36"
20.62.91.188 - - [07/Jul/2021:00:40:40 -0400] "POST //xmlrpc.php HTTP/1.1" 200 6248 "-" "Mozilla/5.0 (Windows NT 10.0; Win64; x64) AppleWebKit/537.36 (KHTML, like Gecko) Chrome/88.0.4240.193 Safari/537.36"
20.62.91.188 - - [07/Jul/2021:00:40:41 -0400] "POST //xmlrpc.php HTTP/1.1" 200 6248 "-" "Mozilla/5.0 (Windows NT 10.0; Win64; x64) AppleWebKit/537.36 (KHTML, like Gecko) Chrome/88.0.4240.193 Safari/537.36"
20.62.91.188 - - [07/Jul/2021:00:40:42 -0400] "POST //xmlrpc.php HTTP/1.1" 200 6248 "-" "Mozilla/5.0 (Windows NT 10.0; Win64; x64) AppleWebKit/537.36 (KHTML, like Gecko) Chrome/88.0.4240.193 Safari/537.36"
20.62.91.188 - - [07/Jul/2021:00:40:43 -0400] "POST //xmlrpc.php HTTP/1.1" 200 6248 "-" "Mozilla/5.0 (Windows NT 10.0; Win64; x64) AppleWebKit/537.36 (KHTML, like Gecko) Chrome/88.0.4240.193 Safari/537.36"
20.62.91.188 - - [07/Jul/2021:00:40:44 -0400] "POST //xmlrpc.php HTTP/1.1" 200 6248 "-" "Mozilla/5.0 (Windows NT 10.0; Win64; x64) AppleWebKit/537.36 (KHTML, like Gecko) Chrome/88.0.4240.193 Safari/537.36"
20.62.91.188 - - [07/Jul/2021:00:40:45 -0400] "POST //xmlrpc.php HTTP/1.1" 200 6248 "-" "Mozilla/5.0 (Windows NT 10.0; Win64; x64) AppleWebKit/537.36 (KHTML, like Gecko) Chrome/88.0.4240.193 Safari/537.36"
20.62.91.188 - - [07/Jul/2021:00:40:46 -0400] "POST //xmlrpc.php HTTP/1.1" 200 6248 "-" "Mozilla/5.0 (Windows NT 10.0; Win64; x64) AppleWebKit/537.36 (KHTML, like Gecko) Chrome/88.0.4240.193 Safari/537.36"
20.62.91.188 - - [07/Jul/2021:00:40:47 -0400] "POST //xmlrpc.php HTTP/1.1" 200 6248 "-" "Mozilla/5.0 (Windows NT 10.0; Win64; x64) AppleWebKit/537.36 (KHTML, like Gecko) Chrome/88.0.4240.193 Safari/537.36"
20.62.91.188 - - [07/Jul/2021:00:40:47 -0400] "POST //xmlrpc.php HTTP/1.1" 200 6248 "-" "Mozilla/5.0 (Windows NT 10.0; Win64; x64) AppleWebKit/537.36 (KHTML, like Gecko) Chrome/88.0.4240.193 Safari/537.36"
20.62.91.188 - - [07/Jul/2021:00:40:48 -0400] "POST //xmlrpc.php HTTP/1.1" 200 6248 "-" "Mozilla/5.0 (Windows NT 10.0; Win64; x64) AppleWebKit/537.36 (KHTML, like Gecko) Chrome/88.0.4240.193 Safari/537.36"
20.62.91.188 - - [07/Jul/2021:00:40:49 -0400] "POST //xmlrpc.php HTTP/1.1" 200 6248 "-" "Mozilla/5.0 (Windows NT 10.0; Win64; x64) AppleWebKit/537.36 (KHTML, like Gecko) Chrome/88.0.4240.193 Safari/537.36"
20.62.91.188 - - [07/Jul/2021:00:40:50 -0400] "POST //xmlrpc.php HTTP/1.1" 200 6248 "-" "Mozilla/5.0 (Windows NT 10.0; Win64; x64) AppleWebKit/537.36 (KHTML, like Gecko) Chrome/88.0.4240.193 Safari/537.36"
20.62.91.188 - - [07/Jul/2021:00:40:51 -0400] "POST //xmlrpc.php HTTP/1.1" 200 6248 "-" "Mozilla/5.0 (Windows NT 10.0; Win64; x64) AppleWebKit/537.36 (KHTML, like Gecko) Chrome/88.0.4240.193 Safari/537.36"
20.62.91.188 - - [07/Jul/2021:00:40:52 -0400] "POST //xmlrpc.php HTTP/1.1" 200 6248 "-" "Mozilla/5.0 (Windows NT 10.0; Win64; x64) AppleWebKit/537.36 (KHTML, like Gecko) Chrome/88.0.4240.193 Safari/537.36"
20.62.91.188 - - [07/Jul/2021:00:40:52 -0400] "POST //xmlrpc.php HTTP/1.1" 200 6248 "-" "Mozilla/5.0 (Windows NT 10.0; Win64; x64) AppleWebKit/537.36 (KHTML, like Gecko) Chrome/88.0.4240.193 Safari/537.36"
20.62.91.188 - - [07/Jul/2021:00:40:53 -0400] "POST //xmlrpc.php HTTP/1.1" 200 6248 "-" "Mozilla/5.0 (Windows NT 10.0; Win64; x64) AppleWebKit/537.36 (KHTML, like Gecko) Chrome/88.0.4240.193 Safari/537.36"
52.66.54.230 - - [07/Jul/2021:00:40:54 -0400] "POST /wp-login.php HTTP/1.1" 200 8933 "-" "Mozilla/5.0 (Windows NT 6.1; WOW64) AppleWebKit/537.36 (KHTML, like Gecko) Chrome/51.0.2704.106 Safari/537.36"
20.62.91.188 - - [07/Jul/2021:00:40:54 -0400] "POST //xmlrpc.php HTTP/1.1" 200 6248 "-" "Mozilla/5.0 (Windows NT 10.0; Win64; x64) AppleWebKit/537.36 (KHTML, like Gecko) Chrome/88.0.4240.193 Safari/537.36"
20.62.91.188 - - [07/Jul/2021:00:40:55 -0400] "POST //xmlrpc.php HTTP/1.1" 200 6248 "-" "Mozilla/5.0 (Windows NT 10.0; Win64; x64) AppleWebKit/537.36 (KHTML, like Gecko) Chrome/88.0.4240.193 Safari/537.36"
20.62.91.188 - - [07/Jul/2021:00:40:55 -0400] "POST //xmlrpc.php HTTP/1.1" 200 6248 "-" "Mozilla/5.0 (Windows NT 10.0; Win64; x64) AppleWebKit/537.36 (KHTML, like Gecko) Chrome/88.0.4240.193 Safari/537.36"
204.48.19.85 - - [07/Jul/2021:00:40:57 -0400] "POST /wp-cron.php?doing_wp_cron=1625632857.5771141052246093750000 HTTP/1.1" 200 6350 "https://angelsonhighstreet.com/wp-cron.php?doing_wp_cron=1625632857.5771141052246093750000" "WordPress/5.7.2; https://angelsonhighstreet.com"
20.62.91.188 - - [07/Jul/2021:00:40:56 -0400] "POST //xmlrpc.php HTTP/1.1" 200 6248 "-" "Mozilla/5.0 (Windows NT 10.0; Win64; x64) AppleWebKit/537.36 (KHTML, like Gecko) Chrome/88.0.4240.193 Safari/537.36"
20.62.91.188 - - [07/Jul/2021:00:40:58 -0400] "POST //xmlrpc.php HTTP/1.1" 200 6248 "-" "Mozilla/5.0 (Windows NT 10.0; Win64; x64) AppleWebKit/537.36 (KHTML, like Gecko) Chrome/88.0.4240.193 Safari/537.36"
20.62.91.188 - - [07/Jul/2021:00:40:59 -0400] "POST //xmlrpc.php HTTP/1.1" 200 6248 "-" "Mozilla/5.0 (Windows NT 10.0; Win64; x64) AppleWebKit/537.36 (KHTML, like Gecko) Chrome/88.0.4240.193 Safari/537.36"
20.62.91.188 - - [07/Jul/2021:00:41:00 -0400] "POST //xmlrpc.php HTTP/1.1" 200 6248 "-" "Mozilla/5.0 (Windows NT 10.0; Win64; x64) AppleWebKit/537.36 (KHTML, like Gecko) Chrome/88.0.4240.193 Safari/537.36"
20.62.91.188 - - [07/Jul/2021:00:41:01 -0400] "POST //xmlrpc.php HTTP/1.1" 200 6248 "-" "Mozilla/5.0 (Windows NT 10.0; Win64; x64) AppleWebKit/537.36 (KHTML, like Gecko) Chrome/88.0.4240.193 Safari/537.36"
20.62.91.188 - - [07/Jul/2021:00:41:02 -0400] "POST //xmlrpc.php HTTP/1.1" 200 6248 "-" "Mozilla/5.0 (Windows NT 10.0; Win64; x64) AppleWebKit/537.36 (KHTML, like Gecko) Chrome/88.0.4240.193 Safari/537.36"
20.62.91.188 - - [07/Jul/2021:00:41:03 -0400] "POST //xmlrpc.php HTTP/1.1" 200 6248 "-" "Mozilla/5.0 (Windows NT 10.0; Win64; x64) AppleWebKit/537.36 (KHTML, like Gecko) Chrome/88.0.4240.193 Safari/537.36"
20.62.91.188 - - [07/Jul/2021:00:41:04 -0400] "POST //xmlrpc.php HTTP/1.1" 200 6248 "-" "Mozilla/5.0 (Windows NT 10.0; Win64; x64) AppleWebKit/537.36 (KHTML, like Gecko) Chrome/88.0.4240.193 Safari/537.36"
20.62.91.188 - - [07/Jul/2021:00:41:05 -0400] "POST //xmlrpc.php HTTP/1.1" 200 6248 "-" "Mozilla/5.0 (Windows NT 10.0; Win64; x64) AppleWebKit/537.36 (KHTML, like Gecko) Chrome/88.0.4240.193 Safari/537.36"
20.62.91.188 - - [07/Jul/2021:00:41:06 -0400] "POST //xmlrpc.php HTTP/1.1" 200 6248 "-" "Mozilla/5.0 (Windows NT 10.0; Win64; x64) AppleWebKit/537.36 (KHTML, like Gecko) Chrome/88.0.4240.193 Safari/537.36"
20.62.91.188 - - [07/Jul/2021:00:41:06 -0400] "POST //xmlrpc.php HTTP/1.1" 200 6248 "-" "Mozilla/5.0 (Windows NT 10.0; Win64; x64) AppleWebKit/537.36 (KHTML, like Gecko) Chrome/88.0.4240.193 Safari/537.36"
20.62.91.188 - - [07/Jul/2021:00:41:07 -0400] "POST //xmlrpc.php HTTP/1.1" 200 6248 "-" "Mozilla/5.0 (Windows NT 10.0; Win64; x64) AppleWebKit/537.36 (KHTML, like Gecko) Chrome/88.0.4240.193 Safari/537.36"
20.62.91.188 - - [07/Jul/2021:00:41:08 -0400] "POST //xmlrpc.php HTTP/1.1" 200 6248 "-" "Mozilla/5.0 (Windows NT 10.0; Win64; x64) AppleWebKit/537.36 (KHTML, like Gecko) Chrome/88.0.4240.193 Safari/537.36"
20.62.91.188 - - [07/Jul/2021:00:41:09 -0400] "POST //xmlrpc.php HTTP/1.1" 200 6248 "-" "Mozilla/5.0 (Windows NT 10.0; Win64; x64) AppleWebKit/537.36 (KHTML, like Gecko) Chrome/88.0.4240.193 Safari/537.36"
20.62.91.188 - - [07/Jul/2021:00:41:10 -0400] "POST //xmlrpc.php HTTP/1.1" 200 6248 "-" "Mozilla/5.0 (Windows NT 10.0; Win64; x64) AppleWebKit/537.36 (KHTML, like Gecko) Chrome/88.0.4240.193 Safari/537.36"
20.62.91.188 - - [07/Jul/2021:00:41:11 -0400] "POST //xmlrpc.php HTTP/1.1" 200 6248 "-" "Mozilla/5.0 (Windows NT 10.0; Win64; x64) AppleWebKit/537.36 (KHTML, like Gecko) Chrome/88.0.4240.193 Safari/537.36"
20.62.91.188 - - [07/Jul/2021:00:41:12 -0400] "POST //xmlrpc.php HTTP/1.1" 200 6248 "-" "Mozilla/5.0 (Windows NT 10.0; Win64; x64) AppleWebKit/537.36 (KHTML, like Gecko) Chrome/88.0.4240.193 Safari/537.36"
20.62.91.188 - - [07/Jul/2021:00:41:12 -0400] "POST //xmlrpc.php HTTP/1.1" 200 6248 "-" "Mozilla/5.0 (Windows NT 10.0; Win64; x64) AppleWebKit/537.36 (KHTML, like Gecko) Chrome/88.0.4240.193 Safari/537.36"
20.62.91.188 - - [07/Jul/2021:00:41:13 -0400] "POST //xmlrpc.php HTTP/1.1" 200 6248 "-" "Mozilla/5.0 (Windows NT 10.0; Win64; x64) AppleWebKit/537.36 (KHTML, like Gecko) Chrome/88.0.4240.193 Safari/537.36"
20.62.91.188 - - [07/Jul/2021:00:41:14 -0400] "POST //xmlrpc.php HTTP/1.1" 200 6248 "-" "Mozilla/5.0 (Windows NT 10.0; Win64; x64) AppleWebKit/537.36 (KHTML, like Gecko) Chrome/88.0.4240.193 Safari/537.36"
20.62.91.188 - - [07/Jul/2021:00:41:15 -0400] "POST //xmlrpc.php HTTP/1.1" 200 6248 "-" "Mozilla/5.0 (Windows NT 10.0; Win64; x64) AppleWebKit/537.36 (KHTML, like Gecko) Chrome/88.0.4240.193 Safari/537.36"
20.62.91.188 - - [07/Jul/2021:00:41:16 -0400] "POST //xmlrpc.php HTTP/1.1" 200 6248 "-" "Mozilla/5.0 (Windows NT 10.0; Win64; x64) AppleWebKit/537.36 (KHTML, like Gecko) Chrome/88.0.4240.193 Safari/537.36"
20.62.91.188 - - [07/Jul/2021:00:41:17 -0400] "POST //xmlrpc.php HTTP/1.1" 200 6248 "-" "Mozilla/5.0 (Windows NT 10.0; Win64; x64) AppleWebKit/537.36 (KHTML, like Gecko) Chrome/88.0.4240.193 Safari/537.36"
20.62.91.188 - - [07/Jul/2021:00:41:18 -0400] "POST //xmlrpc.php HTTP/1.1" 200 6248 "-" "Mozilla/5.0 (Windows NT 10.0; Win64; x64) AppleWebKit/537.36 (KHTML, like Gecko) Chrome/88.0.4240.193 Safari/537.36"
20.62.91.188 - - [07/Jul/2021:00:41:19 -0400] "POST //xmlrpc.php HTTP/1.1" 200 6248 "-" "Mozilla/5.0 (Windows NT 10.0; Win64; x64) AppleWebKit/537.36 (KHTML, like Gecko) Chrome/88.0.4240.193 Safari/537.36"
20.62.91.188 - - [07/Jul/2021:00:41:20 -0400] "POST //xmlrpc.php HTTP/1.1" 200 6248 "-" "Mozilla/5.0 (Windows NT 10.0; Win64; x64) AppleWebKit/537.36 (KHTML, like Gecko) Chrome/88.0.4240.193 Safari/537.36"
20.62.91.188 - - [07/Jul/2021:00:41:21 -0400] "POST //xmlrpc.php HTTP/1.1" 200 6248 "-" "Mozilla/5.0 (Windows NT 10.0; Win64; x64) AppleWebKit/537.36 (KHTML, like Gecko) Chrome/88.0.4240.193 Safari/537.36"
20.62.91.188 - - [07/Jul/2021:00:41:22 -0400] "POST //xmlrpc.php HTTP/1.1" 200 6248 "-" "Mozilla/5.0 (Windows NT 10.0; Win64; x64) AppleWebKit/537.36 (KHTML, like Gecko) Chrome/88.0.4240.193 Safari/537.36"
20.62.91.188 - - [07/Jul/2021:00:41:23 -0400] "POST //xmlrpc.php HTTP/1.1" 200 6248 "-" "Mozilla/5.0 (Windows NT 10.0; Win64; x64) AppleWebKit/537.36 (KHTML, like Gecko) Chrome/88.0.4240.193 Safari/537.36"
20.62.91.188 - - [07/Jul/2021:00:41:24 -0400] "POST //xmlrpc.php HTTP/1.1" 200 6248 "-" "Mozilla/5.0 (Windows NT 10.0; Win64; x64) AppleWebKit/537.36 (KHTML, like Gecko) Chrome/88.0.4240.193 Safari/537.36"
20.62.91.188 - - [07/Jul/2021:00:41:25 -0400] "POST //xmlrpc.php HTTP/1.1" 200 6248 "-" "Mozilla/5.0 (Windows NT 10.0; Win64; x64) AppleWebKit/537.36 (KHTML, like Gecko) Chrome/88.0.4240.193 Safari/537.36"
20.62.91.188 - - [07/Jul/2021:00:41:26 -0400] "POST //xmlrpc.php HTTP/1.1" 200 6248 "-" "Mozilla/5.0 (Windows NT 10.0; Win64; x64) AppleWebKit/537.36 (KHTML, like Gecko) Chrome/88.0.4240.193 Safari/537.36"
20.62.91.188 - - [07/Jul/2021:00:41:27 -0400] "POST //xmlrpc.php HTTP/1.1" 200 6248 "-" "Mozilla/5.0 (Windows NT 10.0; Win64; x64) AppleWebKit/537.36 (KHTML, like Gecko) Chrome/88.0.4240.193 Safari/537.36"
20.62.91.188 - - [07/Jul/2021:00:41:28 -0400] "POST //xmlrpc.php HTTP/1.1" 200 6248 "-" "Mozilla/5.0 (Windows NT 10.0; Win64; x64) AppleWebKit/537.36 (KHTML, like Gecko) Chrome/88.0.4240.193 Safari/537.36"
20.62.91.188 - - [07/Jul/2021:00:41:30 -0400] "POST //xmlrpc.php HTTP/1.1" 200 6248 "-" "Mozilla/5.0 (Windows NT 10.0; Win64; x64) AppleWebKit/537.36 (KHTML, like Gecko) Chrome/88.0.4240.193 Safari/537.36"
20.62.91.188 - - [07/Jul/2021:00:41:31 -0400] "POST //xmlrpc.php HTTP/1.1" 200 6248 "-" "Mozilla/5.0 (Windows NT 10.0; Win64; x64) AppleWebKit/537.36 (KHTML, like Gecko) Chrome/88.0.4240.193 Safari/537.36"
20.62.91.188 - - [07/Jul/2021:00:41:32 -0400] "POST //xmlrpc.php HTTP/1.1" 200 6248 "-" "Mozilla/5.0 (Windows NT 10.0; Win64; x64) AppleWebKit/537.36 (KHTML, like Gecko) Chrome/88.0.4240.193 Safari/537.36"
20.62.91.188 - - [07/Jul/2021:00:41:33 -0400] "POST //xmlrpc.php HTTP/1.1" 200 6248 "-" "Mozilla/5.0 (Windows NT 10.0; Win64; x64) AppleWebKit/537.36 (KHTML, like Gecko) Chrome/88.0.4240.193 Safari/537.36"
