34.74.6.226 - - [11/Jul/2021:00:17:39 -0400] "GET /robots.txt HTTP/1.0" 301 563 "-" "ZoominfoBot (zoominfobot at zoominfo dot com)"
34.74.6.226 - - [11/Jul/2021:00:17:39 -0400] "GET /robots.txt HTTP/1.1" 404 5792 "-" "ZoominfoBot (zoominfobot at zoominfo dot com)"
34.74.6.226 - - [11/Jul/2021:00:17:39 -0400] "GET /wp-login.php HTTP/1.0" 301 567 "-" "ZoominfoBot (zoominfobot at zoominfo dot com)"
34.74.6.226 - - [11/Jul/2021:00:17:39 -0400] "GET /robots.txt HTTP/1.0" 404 481 "-" "ZoominfoBot (zoominfobot at zoominfo dot com)"
204.48.19.85 - - [11/Jul/2021:00:17:40 -0400] "POST /wp-cron.php?doing_wp_cron=1625977060.9091379642486572265625 HTTP/1.1" 200 6229 "https://bubandcompany.com/wp-cron.php?doing_wp_cron=1625977060.9091379642486572265625" "WordPress/5.7.2; https://bubandcompany.com"
34.74.6.226 - - [11/Jul/2021:00:17:39 -0400] "GET /wp-login.php HTTP/1.0" 200 2998 "-" "ZoominfoBot (zoominfobot at zoominfo dot com)"
204.48.19.85 - - [11/Jul/2021:00:26:16 -0400] "POST /wp-cron.php?doing_wp_cron=1625977576.9424350261688232421875 HTTP/1.1" 200 6229 "https://bubandcompany.com/wp-cron.php?doing_wp_cron=1625977576.9424350261688232421875" "WordPress/5.7.2; https://bubandcompany.com"
34.74.6.226 - - [11/Jul/2021:00:26:16 -0400] "GET /wp-login.php HTTP/1.0" 200 8195 "-" "ZoominfoBot (zoominfobot at zoominfo dot com)"
40.77.190.226 - - [11/Jul/2021:00:28:19 -0400] "GET /wp-content/plugins/under-construction-page/themes/fonts/fontawesome-webfont.woff2?v=4.7.0 HTTP/1.1" 200 83220 "-" "Mozilla/5.0 (Windows NT 6.1; WOW64) AppleWebKit/534+ (KHTML, like Gecko) BingPreview/1.0b"
185.59.44.23 - - [11/Jul/2021:01:41:50 -0400] "GET /wp-login.php HTTP/1.1" 301 567 "-" "Mozilla/5.0 (X11; Ubuntu; Linux x86_64; rv:62.0) Gecko/20100101 Firefox/62.0"
204.48.19.85 - - [11/Jul/2021:01:41:51 -0400] "POST /wp-cron.php?doing_wp_cron=1625982111.6558079719543457031250 HTTP/1.1" 200 6229 "https://bubandcompany.com/wp-cron.php?doing_wp_cron=1625982111.6558079719543457031250" "WordPress/5.7.2; https://bubandcompany.com"
185.59.44.23 - - [11/Jul/2021:01:41:50 -0400] "GET /wp-login.php HTTP/1.1" 200 8191 "http://bubandcompany.com/wp-login.php" "Mozilla/5.0 (X11; Ubuntu; Linux x86_64; rv:62.0) Gecko/20100101 Firefox/62.0"
185.59.44.23 - - [11/Jul/2021:01:41:52 -0400] "GET ///?author=1 HTTP/1.1" 301 561 "-" "Mozilla/5.0 (X11; Ubuntu; Linux x86_64; rv:62.0) Gecko/20100101 Firefox/62.0"
185.59.44.23 - - [11/Jul/2021:01:41:53 -0400] "GET /?author=1 HTTP/1.1" 200 6529 "http://bubandcompany.com///?author=1" "Mozilla/5.0 (X11; Ubuntu; Linux x86_64; rv:62.0) Gecko/20100101 Firefox/62.0"
185.59.44.23 - - [11/Jul/2021:01:41:54 -0400] "GET ///wp-json/wp/v2/users/ HTTP/1.1" 301 583 "-" "Mozilla/5.0 (X11; Ubuntu; Linux x86_64; rv:62.0) Gecko/20100101 Firefox/62.0"
185.59.44.23 - - [11/Jul/2021:01:41:55 -0400] "GET /wp-json/wp/v2/users/ HTTP/1.1" 404 5807 "http://bubandcompany.com///wp-json/wp/v2/users/" "Mozilla/5.0 (X11; Ubuntu; Linux x86_64; rv:62.0) Gecko/20100101 Firefox/62.0"
132.148.120.131 - - [11/Jul/2021:01:54:00 -0400] "GET /wp-admin/setup-config.php HTTP/1.1" 409 9095 "-" "Mozilla/5.0 (Windows NT 10.0; Win64; x64) AppleWebKit/537.36 (KHTML, like Gecko) Chrome/70.0.3538.77 Safari/537.36"
217.171.147.164 - - [11/Jul/2021:02:54:51 -0400] "GET /wp-admin/admin-ajax.php?action=duplicator_download&file=..%2Fwp-config.php HTTP/1.1" 301 676 "-" "Mozilla/5.0 (Windows NT 10.0; WOW64; rv:45.0) Gecko/20100101 Firefox/45.0"
204.48.19.85 - - [11/Jul/2021:02:54:53 -0400] "POST /wp-cron.php?doing_wp_cron=1625986493.5909070968627929687500 HTTP/1.1" 200 6229 "https://bubandcompany.com/wp-cron.php?doing_wp_cron=1625986493.5909070968627929687500" "WordPress/5.7.2; https://bubandcompany.com"
217.171.147.164 - - [11/Jul/2021:02:54:52 -0400] "GET /wp-admin/admin-ajax.php?action=duplicator_download&file=..%2Fwp-config.php HTTP/1.1" 400 5784 "-" "Mozilla/5.0 (Windows NT 10.0; WOW64; rv:45.0) Gecko/20100101 Firefox/45.0"
217.171.147.164 - - [11/Jul/2021:02:54:57 -0400] "GET /wp-admin/admin-ajax.php?action=revslider_show_image&img=..%2Fwp-config.php HTTP/1.1" 301 676 "-" "Mozilla/5.0 (Windows NT 10.0; WOW64; rv:45.0) Gecko/20100101 Firefox/45.0"
217.171.147.164 - - [11/Jul/2021:02:54:58 -0400] "GET /wp-admin/admin-ajax.php?action=revslider_show_image&img=..%2Fwp-config.php HTTP/1.1" 400 5784 "-" "Mozilla/5.0 (Windows NT 10.0; WOW64; rv:45.0) Gecko/20100101 Firefox/45.0"
204.48.19.85 - - [11/Jul/2021:02:54:54 -0400] "POST /wp-admin/admin-ajax.php?action=as_async_request_queue_runner&nonce=3a28d5761c HTTP/1.1" 200 6457 "https://bubandcompany.com/wp-admin/admin-ajax.php?action=as_async_request_queue_runner&nonce=3a28d5761c" "WordPress/5.7.2; https://bubandcompany.com"
217.171.147.164 - - [11/Jul/2021:02:55:03 -0400] "GET /wp-content/plugins/media-library-assistant/includes/mla-file-downloader.php?mla_download_type=text%2Fhtml&mla_download_file=..%2F..%2F..%2F..%2Fwp-config.php HTTP/1.1" 301 842 "-" "Mozilla/5.0 (Windows NT 10.0; WOW64; rv:45.0) Gecko/20100101 Firefox/45.0"
217.171.147.164 - - [11/Jul/2021:02:55:03 -0400] "GET /wp-content/plugins/media-library-assistant/includes/mla-file-downloader.php?mla_download_type=text%2Fhtml&mla_download_file=..%2F..%2F..%2F..%2Fwp-config.php HTTP/1.1" 404 5821 "-" "Mozilla/5.0 (Windows NT 10.0; WOW64; rv:45.0) Gecko/20100101 Firefox/45.0"
162.247.74.200 - - [11/Jul/2021:03:55:19 -0400] "GET /wp-config.html HTTP/1.1" 301 552 "-" "Mozilla/5.0 (iPad; CPU OS 6_1 like Mac OS X) AppleWebKit/536.26 (KHTML, like Gecko) Version/6.0 Mobile/10B141 Safari/8536.25"
162.247.74.200 - - [11/Jul/2021:03:55:20 -0400] "GET /wp-config.html HTTP/1.1" 404 5837 "-" "Mozilla/5.0 (iPad; CPU OS 6_1 like Mac OS X) AppleWebKit/536.26 (KHTML, like Gecko) Version/6.0 Mobile/10B141 Safari/8536.25"
162.247.74.200 - - [11/Jul/2021:03:55:20 -0400] "GET /wp-config.htm HTTP/1.1" 301 550 "-" "Mozilla/5.0 (iPad; CPU OS 6_1 like Mac OS X) AppleWebKit/536.26 (KHTML, like Gecko) Version/6.0 Mobile/10B141 Safari/8536.25"
162.247.74.200 - - [11/Jul/2021:03:55:21 -0400] "GET /wp-config.htm HTTP/1.1" 404 607 "-" "Mozilla/5.0 (iPad; CPU OS 6_1 like Mac OS X) AppleWebKit/536.26 (KHTML, like Gecko) Version/6.0 Mobile/10B141 Safari/8536.25"
162.247.74.200 - - [11/Jul/2021:03:55:22 -0400] "GET /wp-config.phpn HTTP/1.1" 301 552 "-" "Mozilla/5.0 (iPad; CPU OS 6_1 like Mac OS X) AppleWebKit/536.26 (KHTML, like Gecko) Version/6.0 Mobile/10B141 Safari/8536.25"
162.247.74.200 - - [11/Jul/2021:03:55:23 -0400] "GET /wp-config.phpn HTTP/1.1" 404 607 "-" "Mozilla/5.0 (iPad; CPU OS 6_1 like Mac OS X) AppleWebKit/536.26 (KHTML, like Gecko) Version/6.0 Mobile/10B141 Safari/8536.25"
162.247.74.200 - - [11/Jul/2021:03:55:23 -0400] "GET /wp-config.php~~~~ HTTP/1.1" 301 558 "-" "Mozilla/5.0 (iPad; CPU OS 6_1 like Mac OS X) AppleWebKit/536.26 (KHTML, like Gecko) Version/6.0 Mobile/10B141 Safari/8536.25"
162.247.74.200 - - [11/Jul/2021:03:55:24 -0400] "GET /wp-config.php~~~~ HTTP/1.1" 404 607 "-" "Mozilla/5.0 (iPad; CPU OS 6_1 like Mac OS X) AppleWebKit/536.26 (KHTML, like Gecko) Version/6.0 Mobile/10B141 Safari/8536.25"
162.247.74.200 - - [11/Jul/2021:03:55:25 -0400] "GET /wp-config-sample.php.bak HTTP/1.1" 301 572 "-" "Mozilla/5.0 (iPad; CPU OS 6_1 like Mac OS X) AppleWebKit/536.26 (KHTML, like Gecko) Version/6.0 Mobile/10B141 Safari/8536.25"
162.247.74.200 - - [11/Jul/2021:03:55:25 -0400] "GET /wp-config-sample.php.bak HTTP/1.1" 404 607 "-" "Mozilla/5.0 (iPad; CPU OS 6_1 like Mac OS X) AppleWebKit/536.26 (KHTML, like Gecko) Version/6.0 Mobile/10B141 Safari/8536.25"
162.247.74.200 - - [11/Jul/2021:03:55:26 -0400] "GET /wp-config.php.backup.txt HTTP/1.1" 301 572 "-" "Mozilla/5.0 (iPad; CPU OS 6_1 like Mac OS X) AppleWebKit/536.26 (KHTML, like Gecko) Version/6.0 Mobile/10B141 Safari/8536.25"
162.247.74.200 - - [11/Jul/2021:03:55:27 -0400] "GET /wp-config.php.backup.txt HTTP/1.1" 404 607 "-" "Mozilla/5.0 (iPad; CPU OS 6_1 like Mac OS X) AppleWebKit/536.26 (KHTML, like Gecko) Version/6.0 Mobile/10B141 Safari/8536.25"
162.247.74.200 - - [11/Jul/2021:03:55:27 -0400] "GET /wp-config.php.backup HTTP/1.1" 301 564 "-" "Mozilla/5.0 (iPad; CPU OS 6_1 like Mac OS X) AppleWebKit/536.26 (KHTML, like Gecko) Version/6.0 Mobile/10B141 Safari/8536.25"
162.247.74.200 - - [11/Jul/2021:03:55:28 -0400] "GET /wp-config.php.backup HTTP/1.1" 404 607 "-" "Mozilla/5.0 (iPad; CPU OS 6_1 like Mac OS X) AppleWebKit/536.26 (KHTML, like Gecko) Version/6.0 Mobile/10B141 Safari/8536.25"
162.247.74.200 - - [11/Jul/2021:03:55:29 -0400] "GET /config.txt HTTP/1.1" 301 544 "-" "Mozilla/5.0 (iPad; CPU OS 6_1 like Mac OS X) AppleWebKit/536.26 (KHTML, like Gecko) Version/6.0 Mobile/10B141 Safari/8536.25"
162.247.74.200 - - [11/Jul/2021:03:55:30 -0400] "GET /config.txt HTTP/1.1" 404 607 "-" "Mozilla/5.0 (iPad; CPU OS 6_1 like Mac OS X) AppleWebKit/536.26 (KHTML, like Gecko) Version/6.0 Mobile/10B141 Safari/8536.25"
162.247.74.200 - - [11/Jul/2021:03:55:30 -0400] "GET /wp-config-sample.php~~ HTTP/1.1" 301 568 "-" "Mozilla/5.0 (iPad; CPU OS 6_1 like Mac OS X) AppleWebKit/536.26 (KHTML, like Gecko) Version/6.0 Mobile/10B141 Safari/8536.25"
162.247.74.200 - - [11/Jul/2021:03:55:31 -0400] "GET /wp-config-sample.php~~ HTTP/1.1" 404 607 "-" "Mozilla/5.0 (iPad; CPU OS 6_1 like Mac OS X) AppleWebKit/536.26 (KHTML, like Gecko) Version/6.0 Mobile/10B141 Safari/8536.25"
162.247.74.200 - - [11/Jul/2021:03:55:31 -0400] "GET /wp-config.phpo HTTP/1.1" 301 552 "-" "Mozilla/5.0 (iPad; CPU OS 6_1 like Mac OS X) AppleWebKit/536.26 (KHTML, like Gecko) Version/6.0 Mobile/10B141 Safari/8536.25"
162.247.74.200 - - [11/Jul/2021:03:55:32 -0400] "GET /wp-config.phpo HTTP/1.1" 404 607 "-" "Mozilla/5.0 (iPad; CPU OS 6_1 like Mac OS X) AppleWebKit/536.26 (KHTML, like Gecko) Version/6.0 Mobile/10B141 Safari/8536.25"
162.247.74.200 - - [11/Jul/2021:03:55:33 -0400] "GET /wp-config.phpd HTTP/1.1" 301 552 "-" "Mozilla/5.0 (iPad; CPU OS 6_1 like Mac OS X) AppleWebKit/536.26 (KHTML, like Gecko) Version/6.0 Mobile/10B141 Safari/8536.25"
162.247.74.200 - - [11/Jul/2021:03:55:34 -0400] "GET /wp-config.phpd HTTP/1.1" 404 607 "-" "Mozilla/5.0 (iPad; CPU OS 6_1 like Mac OS X) AppleWebKit/536.26 (KHTML, like Gecko) Version/6.0 Mobile/10B141 Safari/8536.25"
162.247.74.200 - - [11/Jul/2021:03:55:34 -0400] "GET /wp-config.phpe HTTP/1.1" 301 552 "-" "Mozilla/5.0 (iPad; CPU OS 6_1 like Mac OS X) AppleWebKit/536.26 (KHTML, like Gecko) Version/6.0 Mobile/10B141 Safari/8536.25"
162.247.74.200 - - [11/Jul/2021:03:55:35 -0400] "GET /wp-config.phpe HTTP/1.1" 404 607 "-" "Mozilla/5.0 (iPad; CPU OS 6_1 like Mac OS X) AppleWebKit/536.26 (KHTML, like Gecko) Version/6.0 Mobile/10B141 Safari/8536.25"
162.247.74.200 - - [11/Jul/2021:03:55:35 -0400] "GET /wp-config.php.com HTTP/1.1" 301 558 "-" "Mozilla/5.0 (iPad; CPU OS 6_1 like Mac OS X) AppleWebKit/536.26 (KHTML, like Gecko) Version/6.0 Mobile/10B141 Safari/8536.25"
162.247.74.200 - - [11/Jul/2021:03:55:36 -0400] "GET /wp-config.php.com HTTP/1.1" 404 607 "-" "Mozilla/5.0 (iPad; CPU OS 6_1 like Mac OS X) AppleWebKit/536.26 (KHTML, like Gecko) Version/6.0 Mobile/10B141 Safari/8536.25"
162.247.74.200 - - [11/Jul/2021:03:55:37 -0400] "GET /wp-config.php.us HTTP/1.1" 301 556 "-" "Mozilla/5.0 (iPad; CPU OS 6_1 like Mac OS X) AppleWebKit/536.26 (KHTML, like Gecko) Version/6.0 Mobile/10B141 Safari/8536.25"
162.247.74.200 - - [11/Jul/2021:03:55:37 -0400] "GET /wp-config.php.us HTTP/1.1" 404 607 "-" "Mozilla/5.0 (iPad; CPU OS 6_1 like Mac OS X) AppleWebKit/536.26 (KHTML, like Gecko) Version/6.0 Mobile/10B141 Safari/8536.25"
162.247.74.200 - - [11/Jul/2021:03:55:38 -0400] "GET /wp-config.php.uk HTTP/1.1" 301 556 "-" "Mozilla/5.0 (iPad; CPU OS 6_1 like Mac OS X) AppleWebKit/536.26 (KHTML, like Gecko) Version/6.0 Mobile/10B141 Safari/8536.25"
162.247.74.200 - - [11/Jul/2021:03:55:39 -0400] "GET /wp-config.php.uk HTTP/1.1" 404 607 "-" "Mozilla/5.0 (iPad; CPU OS 6_1 like Mac OS X) AppleWebKit/536.26 (KHTML, like Gecko) Version/6.0 Mobile/10B141 Safari/8536.25"
162.247.74.200 - - [11/Jul/2021:03:55:39 -0400] "GET /wp-config.php-o HTTP/1.1" 301 554 "-" "Mozilla/5.0 (iPad; CPU OS 6_1 like Mac OS X) AppleWebKit/536.26 (KHTML, like Gecko) Version/6.0 Mobile/10B141 Safari/8536.25"
162.247.74.200 - - [11/Jul/2021:03:55:40 -0400] "GET /wp-config.php-o HTTP/1.1" 404 607 "-" "Mozilla/5.0 (iPad; CPU OS 6_1 like Mac OS X) AppleWebKit/536.26 (KHTML, like Gecko) Version/6.0 Mobile/10B141 Safari/8536.25"
162.247.74.200 - - [11/Jul/2021:03:55:41 -0400] "GET /bb-config.php.bak HTTP/1.1" 301 558 "-" "Mozilla/5.0 (iPad; CPU OS 6_1 like Mac OS X) AppleWebKit/536.26 (KHTML, like Gecko) Version/6.0 Mobile/10B141 Safari/8536.25"
162.247.74.200 - - [11/Jul/2021:03:55:41 -0400] "GET /bb-config.php.bak HTTP/1.1" 404 607 "-" "Mozilla/5.0 (iPad; CPU OS 6_1 like Mac OS X) AppleWebKit/536.26 (KHTML, like Gecko) Version/6.0 Mobile/10B141 Safari/8536.25"
162.247.74.200 - - [11/Jul/2021:03:55:42 -0400] "GET /wp-config.php.resetwp_bak HTTP/1.1" 301 574 "-" "Mozilla/5.0 (iPad; CPU OS 6_1 like Mac OS X) AppleWebKit/536.26 (KHTML, like Gecko) Version/6.0 Mobile/10B141 Safari/8536.25"
162.247.74.200 - - [11/Jul/2021:03:55:43 -0400] "GET /wp-config.php.resetwp_bak HTTP/1.1" 404 607 "-" "Mozilla/5.0 (iPad; CPU OS 6_1 like Mac OS X) AppleWebKit/536.26 (KHTML, like Gecko) Version/6.0 Mobile/10B141 Safari/8536.25"
162.247.74.200 - - [11/Jul/2021:03:55:44 -0400] "GET /wp-config.php1 HTTP/1.1" 301 552 "-" "Mozilla/5.0 (iPad; CPU OS 6_1 like Mac OS X) AppleWebKit/536.26 (KHTML, like Gecko) Version/6.0 Mobile/10B141 Safari/8536.25"
162.247.74.200 - - [11/Jul/2021:03:55:44 -0400] "GET /wp-config.php1 HTTP/1.1" 404 607 "-" "Mozilla/5.0 (iPad; CPU OS 6_1 like Mac OS X) AppleWebKit/536.26 (KHTML, like Gecko) Version/6.0 Mobile/10B141 Safari/8536.25"
162.247.74.200 - - [11/Jul/2021:03:55:45 -0400] "GET /wp-config.php.public HTTP/1.1" 301 564 "-" "Mozilla/5.0 (iPad; CPU OS 6_1 like Mac OS X) AppleWebKit/536.26 (KHTML, like Gecko) Version/6.0 Mobile/10B141 Safari/8536.25"
162.247.74.200 - - [11/Jul/2021:03:55:46 -0400] "GET /wp-config.php.public HTTP/1.1" 404 607 "-" "Mozilla/5.0 (iPad; CPU OS 6_1 like Mac OS X) AppleWebKit/536.26 (KHTML, like Gecko) Version/6.0 Mobile/10B141 Safari/8536.25"
162.247.74.200 - - [11/Jul/2021:03:55:46 -0400] "GET /uv-config.php.public HTTP/1.1" 301 564 "-" "Mozilla/5.0 (iPad; CPU OS 6_1 like Mac OS X) AppleWebKit/536.26 (KHTML, like Gecko) Version/6.0 Mobile/10B141 Safari/8536.25"
162.247.74.200 - - [11/Jul/2021:03:55:47 -0400] "GET /uv-config.php.public HTTP/1.1" 404 607 "-" "Mozilla/5.0 (iPad; CPU OS 6_1 like Mac OS X) AppleWebKit/536.26 (KHTML, like Gecko) Version/6.0 Mobile/10B141 Safari/8536.25"
162.247.74.200 - - [11/Jul/2021:03:55:48 -0400] "GET /wp-config.save HTTP/1.1" 301 552 "-" "Mozilla/5.0 (iPad; CPU OS 6_1 like Mac OS X) AppleWebKit/536.26 (KHTML, like Gecko) Version/6.0 Mobile/10B141 Safari/8536.25"
162.247.74.200 - - [11/Jul/2021:03:55:48 -0400] "GET /wp-config.save HTTP/1.1" 404 607 "-" "Mozilla/5.0 (iPad; CPU OS 6_1 like Mac OS X) AppleWebKit/536.26 (KHTML, like Gecko) Version/6.0 Mobile/10B141 Safari/8536.25"
162.247.74.200 - - [11/Jul/2021:03:55:49 -0400] "GET /wp-config.php.orig HTTP/1.1" 301 560 "-" "Mozilla/5.0 (iPad; CPU OS 6_1 like Mac OS X) AppleWebKit/536.26 (KHTML, like Gecko) Version/6.0 Mobile/10B141 Safari/8536.25"
162.247.74.200 - - [11/Jul/2021:03:55:50 -0400] "GET /wp-config.php.orig HTTP/1.1" 404 607 "-" "Mozilla/5.0 (iPad; CPU OS 6_1 like Mac OS X) AppleWebKit/536.26 (KHTML, like Gecko) Version/6.0 Mobile/10B141 Safari/8536.25"
162.247.74.200 - - [11/Jul/2021:03:55:50 -0400] "GET /wp-config-backup2.txt HTTP/1.1" 301 566 "-" "Mozilla/5.0 (iPad; CPU OS 6_1 like Mac OS X) AppleWebKit/536.26 (KHTML, like Gecko) Version/6.0 Mobile/10B141 Safari/8536.25"
162.247.74.200 - - [11/Jul/2021:03:55:51 -0400] "GET /wp-config-backup2.txt HTTP/1.1" 404 607 "-" "Mozilla/5.0 (iPad; CPU OS 6_1 like Mac OS X) AppleWebKit/536.26 (KHTML, like Gecko) Version/6.0 Mobile/10B141 Safari/8536.25"
162.247.74.200 - - [11/Jul/2021:03:55:52 -0400] "GET /wp-config-backup3.txt HTTP/1.1" 301 566 "-" "Mozilla/5.0 (iPad; CPU OS 6_1 like Mac OS X) AppleWebKit/536.26 (KHTML, like Gecko) Version/6.0 Mobile/10B141 Safari/8536.25"
162.247.74.200 - - [11/Jul/2021:03:55:53 -0400] "GET /wp-config-backup3.txt HTTP/1.1" 404 607 "-" "Mozilla/5.0 (iPad; CPU OS 6_1 like Mac OS X) AppleWebKit/536.26 (KHTML, like Gecko) Version/6.0 Mobile/10B141 Safari/8536.25"
162.247.74.200 - - [11/Jul/2021:03:55:53 -0400] "GET /wp-config-backup4.txt HTTP/1.1" 301 566 "-" "Mozilla/5.0 (iPad; CPU OS 6_1 like Mac OS X) AppleWebKit/536.26 (KHTML, like Gecko) Version/6.0 Mobile/10B141 Safari/8536.25"
162.247.74.200 - - [11/Jul/2021:03:55:54 -0400] "GET /wp-config-backup4.txt HTTP/1.1" 404 607 "-" "Mozilla/5.0 (iPad; CPU OS 6_1 like Mac OS X) AppleWebKit/536.26 (KHTML, like Gecko) Version/6.0 Mobile/10B141 Safari/8536.25"
162.247.74.200 - - [11/Jul/2021:03:55:55 -0400] "GET /wp-config-backup5.txt HTTP/1.1" 301 566 "-" "Mozilla/5.0 (iPad; CPU OS 6_1 like Mac OS X) AppleWebKit/536.26 (KHTML, like Gecko) Version/6.0 Mobile/10B141 Safari/8536.25"
162.247.74.200 - - [11/Jul/2021:03:55:55 -0400] "GET /wp-config-backup5.txt HTTP/1.1" 404 607 "-" "Mozilla/5.0 (iPad; CPU OS 6_1 like Mac OS X) AppleWebKit/536.26 (KHTML, like Gecko) Version/6.0 Mobile/10B141 Safari/8536.25"
162.247.74.200 - - [11/Jul/2021:03:55:56 -0400] "GET /config.php.txt HTTP/1.1" 301 552 "-" "Mozilla/5.0 (iPad; CPU OS 6_1 like Mac OS X) AppleWebKit/536.26 (KHTML, like Gecko) Version/6.0 Mobile/10B141 Safari/8536.25"
162.247.74.200 - - [11/Jul/2021:03:55:57 -0400] "GET /config.php.txt HTTP/1.1" 404 607 "-" "Mozilla/5.0 (iPad; CPU OS 6_1 like Mac OS X) AppleWebKit/536.26 (KHTML, like Gecko) Version/6.0 Mobile/10B141 Safari/8536.25"
162.247.74.200 - - [11/Jul/2021:03:55:57 -0400] "GET /config.phpnew HTTP/1.1" 301 550 "-" "Mozilla/5.0 (iPad; CPU OS 6_1 like Mac OS X) AppleWebKit/536.26 (KHTML, like Gecko) Version/6.0 Mobile/10B141 Safari/8536.25"
162.247.74.200 - - [11/Jul/2021:03:55:58 -0400] "GET /config.phpnew HTTP/1.1" 404 607 "-" "Mozilla/5.0 (iPad; CPU OS 6_1 like Mac OS X) AppleWebKit/536.26 (KHTML, like Gecko) Version/6.0 Mobile/10B141 Safari/8536.25"
162.247.74.200 - - [11/Jul/2021:03:55:59 -0400] "GET /config-backup HTTP/1.1" 301 550 "-" "Mozilla/5.0 (iPad; CPU OS 6_1 like Mac OS X) AppleWebKit/536.26 (KHTML, like Gecko) Version/6.0 Mobile/10B141 Safari/8536.25"
162.247.74.200 - - [11/Jul/2021:03:55:59 -0400] "GET /config-backup HTTP/1.1" 404 607 "-" "Mozilla/5.0 (iPad; CPU OS 6_1 like Mac OS X) AppleWebKit/536.26 (KHTML, like Gecko) Version/6.0 Mobile/10B141 Safari/8536.25"
162.247.74.200 - - [11/Jul/2021:03:56:00 -0400] "GET /config.data HTTP/1.1" 301 546 "-" "Mozilla/5.0 (iPad; CPU OS 6_1 like Mac OS X) AppleWebKit/536.26 (KHTML, like Gecko) Version/6.0 Mobile/10B141 Safari/8536.25"
162.247.74.200 - - [11/Jul/2021:03:56:01 -0400] "GET /config.data HTTP/1.1" 404 607 "-" "Mozilla/5.0 (iPad; CPU OS 6_1 like Mac OS X) AppleWebKit/536.26 (KHTML, like Gecko) Version/6.0 Mobile/10B141 Safari/8536.25"
162.247.74.200 - - [11/Jul/2021:03:56:01 -0400] "GET /config.backup HTTP/1.1" 301 550 "-" "Mozilla/5.0 (iPad; CPU OS 6_1 like Mac OS X) AppleWebKit/536.26 (KHTML, like Gecko) Version/6.0 Mobile/10B141 Safari/8536.25"
162.247.74.200 - - [11/Jul/2021:03:56:02 -0400] "GET /config.backup HTTP/1.1" 404 607 "-" "Mozilla/5.0 (iPad; CPU OS 6_1 like Mac OS X) AppleWebKit/536.26 (KHTML, like Gecko) Version/6.0 Mobile/10B141 Safari/8536.25"
162.247.74.200 - - [11/Jul/2021:03:56:03 -0400] "GET /wp-config.phpr HTTP/1.1" 301 552 "-" "Mozilla/5.0 (iPad; CPU OS 6_1 like Mac OS X) AppleWebKit/536.26 (KHTML, like Gecko) Version/6.0 Mobile/10B141 Safari/8536.25"
162.247.74.200 - - [11/Jul/2021:03:56:03 -0400] "GET /wp-config.phpr HTTP/1.1" 404 607 "-" "Mozilla/5.0 (iPad; CPU OS 6_1 like Mac OS X) AppleWebKit/536.26 (KHTML, like Gecko) Version/6.0 Mobile/10B141 Safari/8536.25"
162.247.74.200 - - [11/Jul/2021:03:56:04 -0400] "GET /config.phptmp HTTP/1.1" 301 550 "-" "Mozilla/5.0 (iPad; CPU OS 6_1 like Mac OS X) AppleWebKit/536.26 (KHTML, like Gecko) Version/6.0 Mobile/10B141 Safari/8536.25"
162.247.74.200 - - [11/Jul/2021:03:56:04 -0400] "GET /config.phptmp HTTP/1.1" 404 607 "-" "Mozilla/5.0 (iPad; CPU OS 6_1 like Mac OS X) AppleWebKit/536.26 (KHTML, like Gecko) Version/6.0 Mobile/10B141 Safari/8536.25"
162.247.74.200 - - [11/Jul/2021:03:56:05 -0400] "GET /wp-config.php.info HTTP/1.1" 301 560 "-" "Mozilla/5.0 (iPad; CPU OS 6_1 like Mac OS X) AppleWebKit/536.26 (KHTML, like Gecko) Version/6.0 Mobile/10B141 Safari/8536.25"
162.247.74.200 - - [11/Jul/2021:03:56:06 -0400] "GET /wp-config.php.info HTTP/1.1" 404 607 "-" "Mozilla/5.0 (iPad; CPU OS 6_1 like Mac OS X) AppleWebKit/536.26 (KHTML, like Gecko) Version/6.0 Mobile/10B141 Safari/8536.25"
162.247.74.200 - - [11/Jul/2021:03:56:06 -0400] "GET /wp-config.php.de HTTP/1.1" 301 556 "-" "Mozilla/5.0 (iPad; CPU OS 6_1 like Mac OS X) AppleWebKit/536.26 (KHTML, like Gecko) Version/6.0 Mobile/10B141 Safari/8536.25"
162.247.74.200 - - [11/Jul/2021:03:56:07 -0400] "GET /wp-config.php.de HTTP/1.1" 404 607 "-" "Mozilla/5.0 (iPad; CPU OS 6_1 like Mac OS X) AppleWebKit/536.26 (KHTML, like Gecko) Version/6.0 Mobile/10B141 Safari/8536.25"
162.247.74.200 - - [11/Jul/2021:03:56:08 -0400] "GET /wp-config.php.fr HTTP/1.1" 301 556 "-" "Mozilla/5.0 (iPad; CPU OS 6_1 like Mac OS X) AppleWebKit/536.26 (KHTML, like Gecko) Version/6.0 Mobile/10B141 Safari/8536.25"
162.247.74.200 - - [11/Jul/2021:03:56:08 -0400] "GET /wp-config.php.fr HTTP/1.1" 404 607 "-" "Mozilla/5.0 (iPad; CPU OS 6_1 like Mac OS X) AppleWebKit/536.26 (KHTML, like Gecko) Version/6.0 Mobile/10B141 Safari/8536.25"
162.247.74.200 - - [11/Jul/2021:03:56:09 -0400] "GET /wp-config.php.ca HTTP/1.1" 301 556 "-" "Mozilla/5.0 (iPad; CPU OS 6_1 like Mac OS X) AppleWebKit/536.26 (KHTML, like Gecko) Version/6.0 Mobile/10B141 Safari/8536.25"
162.247.74.200 - - [11/Jul/2021:03:56:10 -0400] "GET /wp-config.php.ca HTTP/1.1" 404 607 "-" "Mozilla/5.0 (iPad; CPU OS 6_1 like Mac OS X) AppleWebKit/536.26 (KHTML, like Gecko) Version/6.0 Mobile/10B141 Safari/8536.25"
162.247.74.200 - - [11/Jul/2021:03:56:10 -0400] "GET /config.save HTTP/1.1" 301 546 "-" "Mozilla/5.0 (iPad; CPU OS 6_1 like Mac OS X) AppleWebKit/536.26 (KHTML, like Gecko) Version/6.0 Mobile/10B141 Safari/8536.25"
162.247.74.200 - - [11/Jul/2021:03:56:11 -0400] "GET /config.save HTTP/1.1" 404 607 "-" "Mozilla/5.0 (iPad; CPU OS 6_1 like Mac OS X) AppleWebKit/536.26 (KHTML, like Gecko) Version/6.0 Mobile/10B141 Safari/8536.25"
162.247.74.200 - - [11/Jul/2021:03:56:12 -0400] "GET /config.public HTTP/1.1" 301 550 "-" "Mozilla/5.0 (iPad; CPU OS 6_1 like Mac OS X) AppleWebKit/536.26 (KHTML, like Gecko) Version/6.0 Mobile/10B141 Safari/8536.25"
162.247.74.200 - - [11/Jul/2021:03:56:13 -0400] "GET /config.public HTTP/1.1" 404 607 "-" "Mozilla/5.0 (iPad; CPU OS 6_1 like Mac OS X) AppleWebKit/536.26 (KHTML, like Gecko) Version/6.0 Mobile/10B141 Safari/8536.25"
162.247.74.200 - - [11/Jul/2021:03:56:13 -0400] "GET /wp-config.php.maj HTTP/1.1" 301 558 "-" "Mozilla/5.0 (iPad; CPU OS 6_1 like Mac OS X) AppleWebKit/536.26 (KHTML, like Gecko) Version/6.0 Mobile/10B141 Safari/8536.25"
162.247.74.200 - - [11/Jul/2021:03:56:14 -0400] "GET /wp-config.php.maj HTTP/1.1" 404 607 "-" "Mozilla/5.0 (iPad; CPU OS 6_1 like Mac OS X) AppleWebKit/536.26 (KHTML, like Gecko) Version/6.0 Mobile/10B141 Safari/8536.25"
176.34.155.52 - - [11/Jul/2021:04:11:42 -0400] "GET / HTTP/1.1" 301 543 "-" "Mozilla/5.0 (Macintosh; Intel Mac OS X 10.15; rv:81.0) Gecko/20100101 Firefox/81.0"
204.48.19.85 - - [11/Jul/2021:04:11:43 -0400] "POST /wp-cron.php?doing_wp_cron=1625991103.9537971019744873046875 HTTP/1.1" 200 6229 "https://bubandcompany.com/wp-cron.php?doing_wp_cron=1625991103.9537971019744873046875" "WordPress/5.7.2; https://bubandcompany.com"
176.34.155.52 - - [11/Jul/2021:04:11:42 -0400] "GET / HTTP/1.1" 200 7267 "http://204.48.19.85" "Mozilla/5.0 (Macintosh; Intel Mac OS X 10.15; rv:81.0) Gecko/20100101 Firefox/81.0"
176.34.155.52 - - [11/Jul/2021:04:17:09 -0400] "GET /feed HTTP/1.1" 404 6508 "-" "Mozilla/5.0 (Macintosh; Intel Mac OS X 10.15; rv:81.0) Gecko/20100101 Firefox/81.0"
176.34.155.52 - - [11/Jul/2021:04:17:09 -0400] "GET /rss.xml HTTP/1.1" 404 6508 "-" "Mozilla/5.0 (Macintosh; Intel Mac OS X 10.15; rv:81.0) Gecko/20100101 Firefox/81.0"
176.34.155.52 - - [11/Jul/2021:04:17:09 -0400] "GET /index.rss HTTP/1.1" 404 6508 "-" "Mozilla/5.0 (Macintosh; Intel Mac OS X 10.15; rv:81.0) Gecko/20100101 Firefox/81.0"
176.34.155.52 - - [11/Jul/2021:04:17:09 -0400] "GET /feeds HTTP/1.1" 404 6508 "-" "Mozilla/5.0 (Macintosh; Intel Mac OS X 10.15; rv:81.0) Gecko/20100101 Firefox/81.0"
176.34.155.52 - - [11/Jul/2021:04:17:09 -0400] "GET /index.rdf HTTP/1.1" 404 6508 "-" "Mozilla/5.0 (Macintosh; Intel Mac OS X 10.15; rv:81.0) Gecko/20100101 Firefox/81.0"
176.34.155.52 - - [11/Jul/2021:04:17:09 -0400] "GET /index.xml HTTP/1.1" 404 6508 "-" "Mozilla/5.0 (Macintosh; Intel Mac OS X 10.15; rv:81.0) Gecko/20100101 Firefox/81.0"
204.48.19.85 - - [11/Jul/2021:04:17:10 -0400] "POST /wp-cron.php?doing_wp_cron=1625991430.2108540534973144531250 HTTP/1.1" 200 6229 "https://bubandcompany.com/wp-cron.php?doing_wp_cron=1625991430.2108540534973144531250" "WordPress/5.7.2; https://bubandcompany.com"
176.34.155.52 - - [11/Jul/2021:04:17:09 -0400] "GET /?format=feed&type=rss HTTP/1.1" 200 7107 "-" "Mozilla/5.0 (Macintosh; Intel Mac OS X 10.15; rv:81.0) Gecko/20100101 Firefox/81.0"
204.48.19.85 - - [11/Jul/2021:05:13:35 -0400] "POST /wp-cron.php?doing_wp_cron=1625994815.4106140136718750000000 HTTP/1.1" 200 6229 "https://bubandcompany.com/wp-cron.php?doing_wp_cron=1625994815.4106140136718750000000" "WordPress/5.7.2; https://bubandcompany.com"
54.36.148.116 - - [11/Jul/2021:05:13:34 -0400] "GET / HTTP/1.1" 200 7135 "-" "Mozilla/5.0 (compatible; AhrefsBot/7.0; +http://ahrefs.com/robot/)"
204.48.19.85 - - [11/Jul/2021:05:21:36 -0400] "POST /wp-cron.php?doing_wp_cron=1625995296.7199780941009521484375 HTTP/1.1" 200 6229 "https://bubandcompany.com/wp-cron.php?doing_wp_cron=1625995296.7199780941009521484375" "WordPress/5.7.2; https://bubandcompany.com"
134.209.157.198 - - [11/Jul/2021:05:21:35 -0400] "GET /wp-login.php HTTP/1.1" 200 8384 "-" "Mozilla/5.0 (X11; Ubuntu; Linux x86_64; rv:62.0) Gecko/20100101 Firefox/62.0"
204.48.19.85 - - [11/Jul/2021:05:21:39 -0400] "POST /wp-cron.php?doing_wp_cron=1625995299.2946801185607910156250 HTTP/1.1" 200 6229 "https://bubandcompany.com/wp-cron.php?doing_wp_cron=1625995299.2946801185607910156250" "WordPress/5.7.2; https://bubandcompany.com"
134.209.157.198 - - [11/Jul/2021:05:21:38 -0400] "POST /wp-login.php HTTP/1.1" 401 9269 "-" "Mozilla/5.0 (X11; Ubuntu; Linux x86_64; rv:62.0) Gecko/20100101 Firefox/62.0"
204.48.19.85 - - [11/Jul/2021:05:21:41 -0400] "POST /wp-cron.php?doing_wp_cron=1625995301.9684870243072509765625 HTTP/1.1" 200 6229 "https://bubandcompany.com/wp-cron.php?doing_wp_cron=1625995301.9684870243072509765625" "WordPress/5.7.2; https://bubandcompany.com"
134.209.157.198 - - [11/Jul/2021:05:21:41 -0400] "POST /xmlrpc.php HTTP/1.1" 200 5817 "-" "Mozilla/5.0 (X11; Ubuntu; Linux x86_64; rv:62.0) Gecko/20100101 Firefox/62.0"
204.48.19.85 - - [11/Jul/2021:05:36:56 -0400] "POST /wp-cron.php?doing_wp_cron=1625996216.8377959728240966796875 HTTP/1.1" 200 6229 "https://bubandcompany.com/wp-cron.php?doing_wp_cron=1625996216.8377959728240966796875" "WordPress/5.7.2; https://bubandcompany.com"
20.62.91.188 - - [11/Jul/2021:05:36:56 -0400] "HEAD /xmlrpc.php HTTP/1.1" 405 5655 "-" "Mozilla/5.0 (Windows NT 6.1; Win64; x64) AppleWebKit/537.36 (KHTML, like Gecko) Chrome/74.0.3729.169 Safari/537.36"
20.62.91.188 - - [11/Jul/2021:05:36:59 -0400] "HEAD /wordpress/xmlrpc.php HTTP/1.1" 404 5607 "-" "Mozilla/5.0 (Windows NT 10.0; Win64; x64) AppleWebKit/537.36 (KHTML, like Gecko) Chrome/84.0.4147.105 Safari/537.36"
20.62.91.188 - - [11/Jul/2021:05:37:04 -0400] "HEAD /wp/xmlrpc.php HTTP/1.1" 404 5607 "-" "Mozilla/5.0 (compatible; MSIE 10.0; Windows NT 6.1; Trident/6.0)"
20.62.91.188 - - [11/Jul/2021:05:37:05 -0400] "HEAD /blog/xmlrpc.php HTTP/1.1" 404 5607 "-" "Mozilla/5.0 (Windows NT 10.0; Win64; x64) AppleWebKit/537.36 (KHTML, like Gecko) Chrome/81.0.4044.129 Safari/537.36"
20.62.91.188 - - [11/Jul/2021:05:37:06 -0400] "HEAD /new/xmlrpc.php HTTP/1.1" 404 5607 "-" "Mozilla/5.0 (Windows NT 10.0; Win64; x64) AppleWebKit/537.36 (KHTML, like Gecko) Chrome/75.0.3770.100 Safari/537.36"
20.62.91.188 - - [11/Jul/2021:05:37:06 -0400] "HEAD /old/xmlrpc.php HTTP/1.1" 404 5607 "-" "Mozilla/5.0 (Macintosh; Intel Mac OS X 10.15; rv:79.0) Gecko/20100101 Firefox/79.0"
20.62.91.188 - - [11/Jul/2021:05:37:06 -0400] "HEAD /backup/xmlrpc.php HTTP/1.1" 404 5607 "-" "Mozilla/5.0 (Macintosh; Intel Mac OS X 10_15_6) AppleWebKit/537.36 (KHTML, like Gecko) Chrome/84.0.4147.105 Safari/537.36 OPR/70.0.3728.95"
20.62.91.188 - - [11/Jul/2021:05:37:06 -0400] "HEAD /oldsite/xmlrpc.php HTTP/1.1" 404 5607 "-" "Mozilla/5.0 (Windows NT 10.0; Win64; x64) AppleWebKit/537.36 (KHTML, like Gecko) Chrome/79.0.3945.130 Safari/537.36"
20.62.91.188 - - [11/Jul/2021:05:37:07 -0400] "HEAD /site/xmlrpc.php HTTP/1.1" 404 5607 "-" "Mozilla/5.0 (Macintosh; Intel Mac OS X 10_10_1) AppleWebKit/537.36 (KHTML, like Gecko) Chrome/39.0.2171.95 Safari/537.36"
20.62.91.188 - - [11/Jul/2021:05:37:13 -0400] "HEAD /back/xmlrpc.php HTTP/1.1" 404 5607 "-" "Mozilla/5.0 (Windows NT 10.0; Win64; x64) AppleWebKit/537.36 (KHTML, like Gecko) Chrome/84.0.4147.105 Safari/537.36 OPR/70.0.3728.95"
20.62.91.188 - - [11/Jul/2021:05:37:26 -0400] "HEAD /web/xmlrpc.php HTTP/1.1" 404 5607 "-" "Mozilla/5.0 (Macintosh; Intel Mac OS X 10_15_6) AppleWebKit/537.36 (KHTML, like Gecko) Chrome/84.0.4147.105 Safari/537.36"
162.241.120.138 - - [11/Jul/2021:07:01:04 -0400] "GET /wp-login.php HTTP/1.1" 200 10074 "-" "Mozilla/5.0 (X11; Ubuntu; Linux x86_64; rv:62.0) Gecko/20100101 Firefox/62.0"
162.241.120.138 - - [11/Jul/2021:07:01:05 -0400] "POST /wp-login.php HTTP/1.1" 200 10074 "-" "Mozilla/5.0 (X11; Ubuntu; Linux x86_64; rv:62.0) Gecko/20100101 Firefox/62.0"
162.241.120.138 - - [11/Jul/2021:07:01:06 -0400] "POST /xmlrpc.php HTTP/1.1" 200 5934 "-" "Mozilla/5.0 (X11; Ubuntu; Linux x86_64; rv:62.0) Gecko/20100101 Firefox/62.0"
204.48.19.85 - - [11/Jul/2021:07:01:07 -0400] "POST /wp-cron.php?doing_wp_cron=1626001267.5739860534667968750000 HTTP/1.1" 200 6229 "https://bubandcompany.com/wp-cron.php?doing_wp_cron=1626001267.5739860534667968750000" "WordPress/5.7.2; https://bubandcompany.com"
34.74.115.240 - - [11/Jul/2021:07:12:47 -0400] "GET /robots.txt HTTP/1.0" 301 563 "-" "ZoominfoBot (zoominfobot at zoominfo dot com)"
34.74.115.240 - - [11/Jul/2021:07:12:48 -0400] "GET /robots.txt HTTP/1.1" 404 5792 "-" "ZoominfoBot (zoominfobot at zoominfo dot com)"
34.74.115.240 - - [11/Jul/2021:07:12:48 -0400] "GET /wp-login.php HTTP/1.0" 301 567 "-" "ZoominfoBot (zoominfobot at zoominfo dot com)"
34.74.115.240 - - [11/Jul/2021:07:12:48 -0400] "GET /robots.txt HTTP/1.0" 404 481 "-" "ZoominfoBot (zoominfobot at zoominfo dot com)"
34.74.115.240 - - [11/Jul/2021:07:12:48 -0400] "GET /wp-login.php HTTP/1.0" 200 2998 "-" "ZoominfoBot (zoominfobot at zoominfo dot com)"
204.48.19.85 - - [11/Jul/2021:07:12:49 -0400] "POST /wp-cron.php?doing_wp_cron=1626001969.1409730911254882812500 HTTP/1.1" 200 6229 "https://bubandcompany.com/wp-cron.php?doing_wp_cron=1626001969.1409730911254882812500" "WordPress/5.7.2; https://bubandcompany.com"
204.48.19.85 - - [11/Jul/2021:07:21:26 -0400] "POST /wp-cron.php?doing_wp_cron=1626002486.9492690563201904296875 HTTP/1.1" 200 6229 "https://bubandcompany.com/wp-cron.php?doing_wp_cron=1626002486.9492690563201904296875" "WordPress/5.7.2; https://bubandcompany.com"
34.74.115.240 - - [11/Jul/2021:07:21:26 -0400] "GET /wp-login.php HTTP/1.0" 200 8195 "-" "ZoominfoBot (zoominfobot at zoominfo dot com)"
64.227.12.160 - - [11/Jul/2021:07:55:41 -0400] "GET /wp-login.php HTTP/1.1" 200 10074 "-" "Mozilla/5.0 (X11; Ubuntu; Linux x86_64; rv:62.0) Gecko/20100101 Firefox/62.0"
64.227.12.160 - - [11/Jul/2021:07:55:43 -0400] "POST /wp-login.php HTTP/1.1" 200 10074 "-" "Mozilla/5.0 (X11; Ubuntu; Linux x86_64; rv:62.0) Gecko/20100101 Firefox/62.0"
64.227.12.160 - - [11/Jul/2021:07:55:43 -0400] "POST /xmlrpc.php HTTP/1.1" 200 5933 "-" "Mozilla/5.0 (X11; Ubuntu; Linux x86_64; rv:62.0) Gecko/20100101 Firefox/62.0"
204.48.19.85 - - [11/Jul/2021:07:55:47 -0400] "POST /wp-admin/admin-ajax.php?action=wp_1_wc_privacy_cleanup&nonce=022c49d6a5 HTTP/1.1" 200 6457 "https://bubandcompany.com/wp-admin/admin-ajax.php?action=wp_1_wc_privacy_cleanup&nonce=022c49d6a5" "WordPress/5.7.2; https://bubandcompany.com"
204.48.19.85 - - [11/Jul/2021:07:55:44 -0400] "POST /wp-cron.php?doing_wp_cron=1626004544.6770849227905273437500 HTTP/1.1" 200 6229 "https://bubandcompany.com/wp-cron.php?doing_wp_cron=1626004544.6770849227905273437500" "WordPress/5.7.2; https://bubandcompany.com"
204.48.19.85 - - [11/Jul/2021:07:55:48 -0400] "POST /wp-admin/admin-ajax.php?action=as_async_request_queue_runner&nonce=3a28d5761c HTTP/1.1" 200 6457 "https://bubandcompany.com/wp-admin/admin-ajax.php?action=as_async_request_queue_runner&nonce=3a28d5761c" "WordPress/5.7.2; https://bubandcompany.com"
40.77.167.48 - - [11/Jul/2021:08:11:23 -0400] "GET /robots.txt HTTP/1.1" 404 6070 "-" "Mozilla/5.0 (compatible; bingbot/2.0; +http://www.bing.com/bingbot.htm)"
204.48.19.85 - - [11/Jul/2021:08:11:36 -0400] "POST /wp-cron.php?doing_wp_cron=1626005496.4648249149322509765625 HTTP/1.1" 200 6229 "https://bubandcompany.com/wp-cron.php?doing_wp_cron=1626005496.4648249149322509765625" "WordPress/5.7.2; https://bubandcompany.com"
40.77.167.36 - - [11/Jul/2021:08:11:34 -0400] "GET /index.php/product/bub-club-collection-style-2/ HTTP/1.1" 200 6639 "-" "Mozilla/5.0 (compatible; bingbot/2.0; +http://www.bing.com/bingbot.htm)"
157.90.215.22 - - [11/Jul/2021:08:16:10 -0400] "GET /wp-login.php HTTP/1.1" 200 10074 "-" "Mozilla/5.0 (X11; Ubuntu; Linux x86_64; rv:62.0) Gecko/20100101 Firefox/62.0"
157.90.215.22 - - [11/Jul/2021:08:16:11 -0400] "POST /wp-login.php HTTP/1.1" 200 10074 "-" "Mozilla/5.0 (X11; Ubuntu; Linux x86_64; rv:62.0) Gecko/20100101 Firefox/62.0"
204.48.19.85 - - [11/Jul/2021:08:16:13 -0400] "POST /wp-cron.php?doing_wp_cron=1626005773.2113530635833740234375 HTTP/1.1" 200 6229 "https://bubandcompany.com/wp-cron.php?doing_wp_cron=1626005773.2113530635833740234375" "WordPress/5.7.2; https://bubandcompany.com"
157.90.215.22 - - [11/Jul/2021:08:16:12 -0400] "POST /xmlrpc.php HTTP/1.1" 200 5933 "-" "Mozilla/5.0 (X11; Ubuntu; Linux x86_64; rv:62.0) Gecko/20100101 Firefox/62.0"
47.52.239.42 - - [11/Jul/2021:08:38:21 -0400] "GET /wp-login.php HTTP/1.1" 200 10073 "-" "Mozilla/5.0 (X11; Ubuntu; Linux x86_64; rv:62.0) Gecko/20100101 Firefox/62.0"
47.52.239.42 - - [11/Jul/2021:08:38:28 -0400] "POST /wp-login.php HTTP/1.1" 200 10073 "-" "Mozilla/5.0 (X11; Ubuntu; Linux x86_64; rv:62.0) Gecko/20100101 Firefox/62.0"
204.48.19.85 - - [11/Jul/2021:08:38:30 -0400] "POST /wp-cron.php?doing_wp_cron=1626007110.2540860176086425781250 HTTP/1.1" 200 6229 "https://bubandcompany.com/wp-cron.php?doing_wp_cron=1626007110.2540860176086425781250" "WordPress/5.7.2; https://bubandcompany.com"
47.52.239.42 - - [11/Jul/2021:08:38:29 -0400] "POST /xmlrpc.php HTTP/1.1" 200 5932 "-" "Mozilla/5.0 (X11; Ubuntu; Linux x86_64; rv:62.0) Gecko/20100101 Firefox/62.0"
45.40.132.156 - - [11/Jul/2021:08:51:45 -0400] "POST /wp-login.php HTTP/1.1" 200 10777 "-" "Mozilla/5.0 (Windows NT 10.0; Win64; x64) AppleWebKit/537.36 (KHTML, like Gecko) Chrome/87.0.4280.88 Safari/537.36"
192.34.60.141 - - [11/Jul/2021:08:56:43 -0400] "GET /wp-login.php HTTP/1.1" 200 10074 "-" "Mozilla/5.0 (X11; Ubuntu; Linux x86_64; rv:62.0) Gecko/20100101 Firefox/62.0"
192.34.60.141 - - [11/Jul/2021:08:56:44 -0400] "POST /wp-login.php HTTP/1.1" 200 10074 "-" "Mozilla/5.0 (X11; Ubuntu; Linux x86_64; rv:62.0) Gecko/20100101 Firefox/62.0"
204.48.19.85 - - [11/Jul/2021:08:56:45 -0400] "POST /wp-cron.php?doing_wp_cron=1626008205.2577180862426757812500 HTTP/1.1" 200 6229 "https://bubandcompany.com/wp-cron.php?doing_wp_cron=1626008205.2577180862426757812500" "WordPress/5.7.2; https://bubandcompany.com"
192.34.60.141 - - [11/Jul/2021:08:56:44 -0400] "POST /xmlrpc.php HTTP/1.1" 200 5933 "-" "Mozilla/5.0 (X11; Ubuntu; Linux x86_64; rv:62.0) Gecko/20100101 Firefox/62.0"
161.35.161.13 - - [11/Jul/2021:09:14:12 -0400] "GET /wp-login.php HTTP/1.1" 200 10073 "-" "Mozilla/5.0 (X11; Ubuntu; Linux x86_64; rv:62.0) Gecko/20100101 Firefox/62.0"
161.35.161.13 - - [11/Jul/2021:09:14:13 -0400] "POST /wp-login.php HTTP/1.1" 200 10073 "-" "Mozilla/5.0 (X11; Ubuntu; Linux x86_64; rv:62.0) Gecko/20100101 Firefox/62.0"
204.48.19.85 - - [11/Jul/2021:09:14:17 -0400] "POST /wp-cron.php?doing_wp_cron=1626009257.7658131122589111328125 HTTP/1.1" 200 6229 "https://bubandcompany.com/wp-cron.php?doing_wp_cron=1626009257.7658131122589111328125" "WordPress/5.7.2; https://bubandcompany.com"
161.35.161.13 - - [11/Jul/2021:09:14:16 -0400] "POST /xmlrpc.php HTTP/1.1" 200 5931 "-" "Mozilla/5.0 (X11; Ubuntu; Linux x86_64; rv:62.0) Gecko/20100101 Firefox/62.0"
128.14.224.177 - - [11/Jul/2021:09:21:58 -0400] "POST /wp-login.php HTTP/1.1" 200 10778 "-" "Mozilla/5.0 (Windows NT 10.0; Win64; x64) AppleWebKit/537.36 (KHTML, like Gecko) Chrome/60.0.3112.101 Safari/537.36"
162.144.64.42 - - [11/Jul/2021:09:46:33 -0400] "GET /wp-login.php HTTP/1.1" 200 10074 "-" "Mozilla/5.0 (X11; Ubuntu; Linux x86_64; rv:62.0) Gecko/20100101 Firefox/62.0"
204.48.19.85 - - [11/Jul/2021:09:46:46 -0400] "POST /wp-cron.php?doing_wp_cron=1626011206.3887209892272949218750 HTTP/1.1" 200 6229 "https://bubandcompany.com/wp-cron.php?doing_wp_cron=1626011206.3887209892272949218750" "WordPress/5.7.2; https://bubandcompany.com"
162.144.64.42 - - [11/Jul/2021:09:46:45 -0400] "POST /xmlrpc.php HTTP/1.1" 200 5932 "-" "Mozilla/5.0 (X11; Ubuntu; Linux x86_64; rv:62.0) Gecko/20100101 Firefox/62.0"
45.200.120.168 - - [11/Jul/2021:09:48:00 -0400] "POST /wp-login.php HTTP/1.1" 200 10777 "-" "Mozilla/5.0 (Windows NT 6.3; Win64; x64) AppleWebKit/537.36 (KHTML, like Gecko) Chrome/79.0.3945.130 Safari/537.36"
54.36.148.211 - - [11/Jul/2021:10:00:05 -0400] "GET / HTTP/1.1" 200 7103 "-" "Mozilla/5.0 (compatible; AhrefsBot/7.0; +http://ahrefs.com/robot/)"
204.48.19.85 - - [11/Jul/2021:10:00:07 -0400] "GET / HTTP/1.1" 200 7122 "https://bubandcompany.com/" "WordPress/5.7.2; https://bubandcompany.com"
204.48.19.85 - - [11/Jul/2021:10:00:06 -0400] "POST /wp-cron.php?doing_wp_cron=1626012006.8152050971984863281250 HTTP/1.1" 200 6229 "https://bubandcompany.com/wp-cron.php?doing_wp_cron=1626012006.8152050971984863281250" "WordPress/5.7.2; https://bubandcompany.com"
45.200.120.168 - - [11/Jul/2021:10:11:09 -0400] "POST /wp-login.php HTTP/1.1" 200 10777 "-" "Mozilla/5.0 (Windows NT 10.0; Win64; x64) AppleWebKit/537.36 (KHTML, like Gecko) Chrome/66.0.3359.117 Safari/537.36"
204.48.19.85 - - [11/Jul/2021:10:20:00 -0400] "POST /wp-cron.php?doing_wp_cron=1626013200.2148959636688232421875 HTTP/1.1" 200 6229 "https://bubandcompany.com/wp-cron.php?doing_wp_cron=1626013200.2148959636688232421875" "WordPress/5.7.2; https://bubandcompany.com"
35.164.162.128 - - [11/Jul/2021:10:19:59 -0400] "GET / HTTP/1.1" 200 7088 "-" "Mozilla/5.0 (X11; Linux x86_64) AppleWebKit/537.36 (KHTML, like Gecko) Chrome/83.0.4103.97 Safari/537.36"
54.184.201.226 - - [11/Jul/2021:10:21:01 -0400] "GET / HTTP/1.1" 301 524 "-" "Mozilla/5.0 (X11; Linux x86_64) AppleWebKit/537.36 (KHTML, like Gecko) Chrome/83.0.4103.97 Safari/537.36"
204.48.19.85 - - [11/Jul/2021:10:21:06 -0400] "POST /wp-cron.php?doing_wp_cron=1626013266.2583179473876953125000 HTTP/1.1" 200 6229 "https://bubandcompany.com/wp-cron.php?doing_wp_cron=1626013266.2583179473876953125000" "WordPress/5.7.2; https://bubandcompany.com"
54.184.201.226 - - [11/Jul/2021:10:21:05 -0400] "GET / HTTP/1.1" 200 7088 "-" "Mozilla/5.0 (X11; Linux x86_64) AppleWebKit/537.36 (KHTML, like Gecko) Chrome/83.0.4103.97 Safari/537.36"
103.74.54.192 - - [11/Jul/2021:10:34:34 -0400] "POST /wp-login.php HTTP/1.1" 200 10777 "-" "Mozilla/5.0 (Windows NT 6.1; Win64; x64) AppleWebKit/537.36 (KHTML, like Gecko) Chrome/81.0.4044.122 Safari/537.36"
34.221.98.118 - - [11/Jul/2021:10:40:11 -0400] "GET /favicon.ico HTTP/1.1" 301 546 "-" "Mozilla/5.0 (X11; Linux x86_64) AppleWebKit/537.36 (KHTML, like Gecko) Chrome/83.0.4103.97 Safari/537.36"
34.221.98.118 - - [11/Jul/2021:10:40:16 -0400] "GET / HTTP/1.1" 301 524 "-" "Mozilla/5.0 (X11; Linux x86_64) AppleWebKit/537.36 (KHTML, like Gecko) Chrome/83.0.4103.97 Safari/537.36"
139.59.85.224 - - [11/Jul/2021:10:58:37 -0400] "POST /wp-login.php HTTP/1.1" 200 10778 "-" "Mozilla/5.0 (Windows NT 6.1; WOW64) AppleWebKit/537.36 (KHTML, like Gecko) Chrome/41.0.2272.101 Safari/537.36"
104.248.233.244 - - [11/Jul/2021:11:22:26 -0400] "POST /wp-login.php HTTP/1.1" 200 10778 "-" "Mozilla/5.0 (Windows NT 10.0; WOW64) AppleWebKit/537.36 (KHTML, like Gecko) Chrome/53.0.2785.143 Safari/537.36"
156.146.35.37 - - [11/Jul/2021:11:29:05 -0400] "GET / HTTP/1.0" 301 543 "http://bubandcompany.com/" "Mozilla/5.0 (Windows NT 6.1; Win64; x64) AppleWebKit/537.36 (KHTML, like Gecko) Chrome/68.0.3440.106 Safari/537.36"
156.146.35.37 - - [11/Jul/2021:11:29:07 -0400] "GET / HTTP/1.0" 200 8189 "https://bubandcompany.com/" "Mozilla/5.0 (Windows NT 6.1; Win64; x64) AppleWebKit/537.36 (KHTML, like Gecko) Chrome/68.0.3440.106 Safari/537.36"
204.48.19.85 - - [11/Jul/2021:11:29:08 -0400] "POST /wp-cron.php?doing_wp_cron=1626017348.1923658847808837890625 HTTP/1.1" 200 6229 "https://bubandcompany.com/wp-cron.php?doing_wp_cron=1626017348.1923658847808837890625" "WordPress/5.7.2; https://bubandcompany.com"
204.48.19.85 - - [11/Jul/2021:11:37:33 -0400] "POST /wp-cron.php?doing_wp_cron=1626017853.1006140708923339843750 HTTP/1.1" 200 6229 "https://bubandcompany.com/wp-cron.php?doing_wp_cron=1626017853.1006140708923339843750" "WordPress/5.7.2; https://bubandcompany.com"
54.36.148.236 - - [11/Jul/2021:11:37:32 -0400] "GET / HTTP/1.1" 200 7135 "-" "Mozilla/5.0 (compatible; AhrefsBot/7.0; +http://ahrefs.com/robot/)"
34.75.119.128 - - [11/Jul/2021:11:44:04 -0400] "GET /robots.txt HTTP/1.0" 301 563 "-" "ZoominfoBot (zoominfobot at zoominfo dot com)"
34.75.119.128 - - [11/Jul/2021:11:44:05 -0400] "GET /robots.txt HTTP/1.1" 404 5792 "-" "ZoominfoBot (zoominfobot at zoominfo dot com)"
34.75.119.128 - - [11/Jul/2021:11:44:05 -0400] "GET /wp-login.php HTTP/1.0" 301 567 "-" "ZoominfoBot (zoominfobot at zoominfo dot com)"
34.75.119.128 - - [11/Jul/2021:11:44:05 -0400] "GET /robots.txt HTTP/1.0" 404 481 "-" "ZoominfoBot (zoominfobot at zoominfo dot com)"
34.75.119.128 - - [11/Jul/2021:11:44:05 -0400] "GET /wp-login.php HTTP/1.0" 200 2999 "-" "ZoominfoBot (zoominfobot at zoominfo dot com)"
204.48.19.85 - - [11/Jul/2021:11:44:06 -0400] "POST /wp-cron.php?doing_wp_cron=1626018246.1233830451965332031250 HTTP/1.1" 200 6229 "https://bubandcompany.com/wp-cron.php?doing_wp_cron=1626018246.1233830451965332031250" "WordPress/5.7.2; https://bubandcompany.com"
104.248.233.244 - - [11/Jul/2021:11:44:54 -0400] "POST /wp-login.php HTTP/1.1" 200 10778 "-" "Mozilla/5.0 (Windows NT 10.0; Win64; x64) AppleWebKit/537.36 (KHTML, like Gecko) Chrome/62.0.3202.89 Safari/537.36"
204.48.19.85 - - [11/Jul/2021:11:51:50 -0400] "POST /wp-cron.php?doing_wp_cron=1626018710.0277979373931884765625 HTTP/1.1" 200 6229 "https://bubandcompany.com/wp-cron.php?doing_wp_cron=1626018710.0277979373931884765625" "WordPress/5.7.2; https://bubandcompany.com"
34.75.119.128 - - [11/Jul/2021:11:51:49 -0400] "GET /wp-login.php HTTP/1.0" 200 8196 "-" "ZoominfoBot (zoominfobot at zoominfo dot com)"
40.77.167.48 - - [11/Jul/2021:12:01:07 -0400] "GET /robots.txt HTTP/1.1" 404 6070 "-" "Mozilla/5.0 (compatible; bingbot/2.0; +http://www.bing.com/bingbot.htm)"
157.55.39.69 - - [11/Jul/2021:12:01:20 -0400] "GET /index.php/sitemap_index.xml HTTP/1.1" 200 6316 "-" "Mozilla/5.0 (compatible; bingbot/2.0; +http://www.bing.com/bingbot.htm)"
204.48.19.85 - - [11/Jul/2021:12:01:21 -0400] "POST /wp-cron.php?doing_wp_cron=1626019281.4041690826416015625000 HTTP/1.1" 200 6229 "https://bubandcompany.com/wp-cron.php?doing_wp_cron=1626019281.4041690826416015625000" "WordPress/5.7.2; https://bubandcompany.com"
204.48.19.85 - - [11/Jul/2021:12:07:51 -0400] "POST /wp-cron.php?doing_wp_cron=1626019671.1793599128723144531250 HTTP/1.1" 200 6229 "https://bubandcompany.com/wp-cron.php?doing_wp_cron=1626019671.1793599128723144531250" "WordPress/5.7.2; https://bubandcompany.com"
91.134.248.192 - - [11/Jul/2021:12:07:50 -0400] "POST /wp-login.php HTTP/1.1" 401 9971 "-" "Mozilla/5.0 (Windows NT 6.3; Win64; x64) AppleWebKit/537.36 (KHTML, like Gecko) Chrome/65.0.3325.181 Safari/537.36"
45.40.132.156 - - [11/Jul/2021:12:29:45 -0400] "POST /wp-login.php HTTP/1.1" 200 10777 "-" "Mozilla/5.0 (Windows NT 6.1; Win64; x64) AppleWebKit/537.36 (KHTML, like Gecko) Chrome/78.0.3904.97 Safari/537.36"
146.59.197.109 - - [11/Jul/2021:12:52:19 -0400] "POST /wp-login.php HTTP/1.1" 200 10778 "-" "Mozilla/5.0 (Windows NT 6.1; Win64; x64) AppleWebKit/537.36 (KHTML, like Gecko) Chrome/55.0.2883.87 Safari/537.36"
204.48.19.85 - - [11/Jul/2021:13:52:14 -0400] "POST /wp-cron.php?doing_wp_cron=1626025934.1528398990631103515625 HTTP/1.1" 200 6229 "https://bubandcompany.com/wp-cron.php?doing_wp_cron=1626025934.1528398990631103515625" "WordPress/5.7.2; https://bubandcompany.com"
92.118.160.1 - - [11/Jul/2021:13:52:13 -0400] "GET / HTTP/1.1" 200 7975 "-" "NetSystemsResearch studies the availability of various services across the internet. Our website is netsystemsresearch.com"
64.227.82.188 - - [11/Jul/2021:14:16:18 -0400] "POST /wp-login.php HTTP/1.1" 200 10777 "-" "Mozilla/5.0 (Windows NT 10.0; Win64; x64) AppleWebKit/537.36 (KHTML, like Gecko) Chrome/60.0.3112.101 Safari/537.36"
107.180.102.72 - - [11/Jul/2021:14:46:42 -0400] "POST /wp-login.php HTTP/1.1" 200 10777 "-" "Mozilla/5.0 (Windows NT 10.0; Win64; x64) AppleWebKit/537.36 (KHTML, like Gecko) Chrome/66.0.3359.117 Safari/537.36"
204.48.19.85 - - [11/Jul/2021:14:49:02 -0400] "POST /wp-cron.php?doing_wp_cron=1626029342.0083630084991455078125 HTTP/1.1" 200 6229 "https://bubandcompany.com/wp-cron.php?doing_wp_cron=1626029342.0083630084991455078125" "WordPress/5.7.2; https://bubandcompany.com"
20.62.91.188 - - [11/Jul/2021:14:49:01 -0400] "HEAD /xmlrpc.php HTTP/1.1" 405 5655 "-" "Mozilla/5.0 (Windows NT 6.1; Win64; x64) AppleWebKit/537.36 (KHTML, like Gecko) Chrome/74.0.3729.169 Safari/537.36"
20.62.91.188 - - [11/Jul/2021:14:49:03 -0400] "HEAD /wordpress/xmlrpc.php HTTP/1.1" 404 5607 "-" "Mozilla/5.0 (Windows NT 10.0; WOW64) AppleWebKit/537.36 (KHTML, like Gecko) Chrome/84.0.4147.105 Safari/537.36"
20.62.91.188 - - [11/Jul/2021:14:49:04 -0400] "HEAD /wp/xmlrpc.php HTTP/1.1" 404 5607 "-" "Mozilla/5.0 (X11; Ubuntu; Linux x86_64; rv:79.0) Gecko/20100101 Firefox/79.0"
20.62.91.188 - - [11/Jul/2021:14:49:04 -0400] "HEAD /blog/xmlrpc.php HTTP/1.1" 404 5607 "-" "Mozilla/5.0 (Windows NT 10.0; Win64; x64) AppleWebKit/537.36 (KHTML, like Gecko) Chrome/81.0.4044.129 Safari/537.36"
20.62.91.188 - - [11/Jul/2021:14:49:04 -0400] "HEAD /new/xmlrpc.php HTTP/1.1" 404 5607 "-" "Mozilla/5.0 (Macintosh; Intel Mac OS X 10.15; rv:79.0) Gecko/20100101 Firefox/79.0"
20.62.91.188 - - [11/Jul/2021:14:49:04 -0400] "HEAD /old/xmlrpc.php HTTP/1.1" 404 5607 "-" "Mozilla/5.0 (Windows NT 10.0; Win64; x64; rv:75.0) Gecko/20100101 Firefox/75.0"
20.62.91.188 - - [11/Jul/2021:14:49:04 -0400] "HEAD /backup/xmlrpc.php HTTP/1.1" 404 5607 "-" "Mozilla/5.0 (X11; Linux i686; rv:79.0) Gecko/20100101 Firefox/79.0"
20.62.91.188 - - [11/Jul/2021:14:49:04 -0400] "HEAD /oldsite/xmlrpc.php HTTP/1.1" 404 5607 "-" "Mozilla/5.0 (Windows NT 10.0; WOW64; Trident/7.0; .NET4.0C; .NET4.0E; .NET CLR 2.0.50727; .NET CLR 3.0.30729; .NET CLR 3.5.30729; rv:11.0) like Gecko"
20.62.91.188 - - [11/Jul/2021:14:49:05 -0400] "HEAD /site/xmlrpc.php HTTP/1.1" 404 5607 "-" "Mozilla/5.0 (Windows NT 10.0; Win64; x64; rv:71.0) Gecko/20100101 Firefox/71.0"
20.62.91.188 - - [11/Jul/2021:14:49:05 -0400] "HEAD /back/xmlrpc.php HTTP/1.1" 404 5607 "-" "Mozilla/5.0 (Macintosh; Intel Mac OS X 10.15; rv:79.0) Gecko/20100101 Firefox/79.0"
20.62.91.188 - - [11/Jul/2021:14:49:05 -0400] "HEAD /web/xmlrpc.php HTTP/1.1" 404 5607 "-" "Mozilla/5.0 (Windows NT 10.0; WOW64; x64) AppleWebKit/537.36 (KHTML, like Gecko) Chrome/84.0.4147.105 Safari/537.36 OPR/70.0.3728.95"
35.185.20.113 - - [11/Jul/2021:15:12:03 -0400] "POST /wp-login.php HTTP/1.1" 200 10777 "-" "Mozilla/5.0 (Windows NT 6.1; WOW64) AppleWebKit/537.36 (KHTML, like Gecko) Chrome/63.0.3239.132 Safari/537.36"
69.163.224.112 - - [11/Jul/2021:15:36:46 -0400] "POST /wp-login.php HTTP/1.1" 200 10778 "-" "Mozilla/5.0 (Windows NT 6.1; Win64; x64) AppleWebKit/537.36 (KHTML, like Gecko) Chrome/66.0.3359.117 Safari/537.36"
204.48.19.85 - - [11/Jul/2021:16:04:21 -0400] "POST /wp-cron.php?doing_wp_cron=1626033861.1069910526275634765625 HTTP/1.1" 200 6229 "https://bubandcompany.com/wp-cron.php?doing_wp_cron=1626033861.1069910526275634765625" "WordPress/5.7.2; https://bubandcompany.com"
40.77.167.36 - - [11/Jul/2021:16:04:20 -0400] "GET /index.php/avada_faq-sitemap.xml HTTP/1.1" 200 6215 "-" "Mozilla/5.0 (compatible; bingbot/2.0; +http://www.bing.com/bingbot.htm)"
142.4.206.24 - - [11/Jul/2021:16:04:44 -0400] "POST /wp-login.php HTTP/1.1" 200 10776 "-" "Mozilla/5.0 (Windows NT 6.1) AppleWebKit/537.36 (KHTML, like Gecko) Chrome/56.0.2924.87 Safari/537.36"
103.62.48.231 - - [11/Jul/2021:16:38:13 -0400] "GET / HTTP/1.1" 301 580 "-" "Mozilla/5.0 (Windows NT 10.0; Win64; x64) AppleWebKit/537.36 (KHTML, like Gecko) Chrome/79.0 Safari/537.36"
103.62.48.231 - - [11/Jul/2021:16:38:14 -0400] "GET / HTTP/1.1" 200 8226 "-" "Mozilla/5.0 (Windows NT 10.0; Win64; x64) AppleWebKit/537.36 (KHTML, like Gecko) Chrome/79.0 Safari/537.36"
