103.62.48.231 - - [11/Jul/2021:16:38:16 -0400] "GET //wp-includes/wlwmanifest.xml HTTP/1.1" 200 1388 "-" "Mozilla/5.0 (Windows NT 10.0; Win64; x64) AppleWebKit/537.36 (KHTML, like Gecko) Chrome/79.0 Safari/537.36"
204.48.19.85 - - [11/Jul/2021:16:38:15 -0400] "POST /wp-cron.php?doing_wp_cron=1626035895.0048849582672119140625 HTTP/1.1" 200 6229 "https://bubandcompany.com/wp-cron.php?doing_wp_cron=1626035895.0048849582672119140625" "WordPress/5.7.2; https://bubandcompany.com"
103.62.48.231 - - [11/Jul/2021:16:38:16 -0400] "GET //?author=1 HTTP/1.1" 200 2613 "-" "Mozilla/5.0 (Windows NT 10.0; Win64; x64) AppleWebKit/537.36 (KHTML, like Gecko) Chrome/79.0 Safari/537.36"
103.62.48.231 - - [11/Jul/2021:16:38:18 -0400] "GET //?author=2 HTTP/1.1" 200 2613 "-" "Mozilla/5.0 (Windows NT 10.0; Win64; x64) AppleWebKit/537.36 (KHTML, like Gecko) Chrome/79.0 Safari/537.36"
103.62.48.231 - - [11/Jul/2021:16:38:20 -0400] "GET //wp-json/wp/v2/users/ HTTP/1.1" 404 525 "-" "Mozilla/5.0 (Windows NT 10.0; Win64; x64) AppleWebKit/537.36 (KHTML, like Gecko) Chrome/79.0 Safari/537.36"
103.62.48.231 - - [11/Jul/2021:16:38:20 -0400] "GET //wp-json/oembed/1.0/embed?url=https://bubandcompany.com/ HTTP/1.1" 404 525 "-" "Mozilla/5.0 (Windows NT 10.0; Win64; x64) AppleWebKit/537.36 (KHTML, like Gecko) Chrome/79.0 Safari/537.36"
103.62.48.231 - - [11/Jul/2021:16:38:20 -0400] "POST //xmlrpc.php HTTP/1.1" 200 790 "-" "Mozilla/5.0 (Windows NT 10.0; Win64; x64) AppleWebKit/537.36 (KHTML, like Gecko) Chrome/79.0 Safari/537.36"
103.62.48.231 - - [11/Jul/2021:16:38:22 -0400] "POST //xmlrpc.php HTTP/1.1" 200 6352 "-" "Mozilla/5.0 (Windows NT 10.0; Win64; x64) AppleWebKit/537.36 (KHTML, like Gecko) Chrome/79.0 Safari/537.36"
103.62.48.231 - - [11/Jul/2021:16:38:24 -0400] "POST //xmlrpc.php HTTP/1.1" 200 6352 "-" "Mozilla/5.0 (Windows NT 10.0; Win64; x64) AppleWebKit/537.36 (KHTML, like Gecko) Chrome/79.0 Safari/537.36"
103.62.48.231 - - [11/Jul/2021:16:38:26 -0400] "POST //xmlrpc.php HTTP/1.1" 200 6352 "-" "Mozilla/5.0 (Windows NT 10.0; Win64; x64) AppleWebKit/537.36 (KHTML, like Gecko) Chrome/79.0 Safari/537.36"
103.62.48.231 - - [11/Jul/2021:16:38:28 -0400] "POST //xmlrpc.php HTTP/1.1" 200 6352 "-" "Mozilla/5.0 (Windows NT 10.0; Win64; x64) AppleWebKit/537.36 (KHTML, like Gecko) Chrome/79.0 Safari/537.36"
204.48.19.85 - - [11/Jul/2021:16:38:29 -0400] "POST /wp-cron.php?doing_wp_cron=1626035909.7902479171752929687500 HTTP/1.1" 200 6229 "https://bubandcompany.com/wp-cron.php?doing_wp_cron=1626035909.7902479171752929687500" "WordPress/5.7.2; https://bubandcompany.com"
103.62.48.231 - - [11/Jul/2021:16:38:31 -0400] "POST //xmlrpc.php HTTP/1.1" 200 6352 "-" "Mozilla/5.0 (Windows NT 10.0; Win64; x64) AppleWebKit/537.36 (KHTML, like Gecko) Chrome/79.0 Safari/537.36"
103.62.48.231 - - [11/Jul/2021:16:38:33 -0400] "POST //xmlrpc.php HTTP/1.1" 200 6352 "-" "Mozilla/5.0 (Windows NT 10.0; Win64; x64) AppleWebKit/537.36 (KHTML, like Gecko) Chrome/79.0 Safari/537.36"
103.62.48.231 - - [11/Jul/2021:16:38:35 -0400] "POST //xmlrpc.php HTTP/1.1" 200 6352 "-" "Mozilla/5.0 (Windows NT 10.0; Win64; x64) AppleWebKit/537.36 (KHTML, like Gecko) Chrome/79.0 Safari/537.36"
103.62.48.231 - - [11/Jul/2021:16:38:37 -0400] "POST //xmlrpc.php HTTP/1.1" 200 6352 "-" "Mozilla/5.0 (Windows NT 10.0; Win64; x64) AppleWebKit/537.36 (KHTML, like Gecko) Chrome/79.0 Safari/537.36"
103.62.48.231 - - [11/Jul/2021:16:38:39 -0400] "POST //xmlrpc.php HTTP/1.1" 200 6352 "-" "Mozilla/5.0 (Windows NT 10.0; Win64; x64) AppleWebKit/537.36 (KHTML, like Gecko) Chrome/79.0 Safari/537.36"
204.48.19.85 - - [11/Jul/2021:16:38:40 -0400] "POST /wp-cron.php?doing_wp_cron=1626035920.6816461086273193359375 HTTP/1.1" 200 6229 "https://bubandcompany.com/wp-cron.php?doing_wp_cron=1626035920.6816461086273193359375" "WordPress/5.7.2; https://bubandcompany.com"
103.62.48.231 - - [11/Jul/2021:16:38:42 -0400] "POST //xmlrpc.php HTTP/1.1" 200 6352 "-" "Mozilla/5.0 (Windows NT 10.0; Win64; x64) AppleWebKit/537.36 (KHTML, like Gecko) Chrome/79.0 Safari/537.36"
103.62.48.231 - - [11/Jul/2021:16:38:44 -0400] "POST //xmlrpc.php HTTP/1.1" 200 6352 "-" "Mozilla/5.0 (Windows NT 10.0; Win64; x64) AppleWebKit/537.36 (KHTML, like Gecko) Chrome/79.0 Safari/537.36"
103.62.48.231 - - [11/Jul/2021:16:38:47 -0400] "POST //xmlrpc.php HTTP/1.1" 200 6352 "-" "Mozilla/5.0 (Windows NT 10.0; Win64; x64) AppleWebKit/537.36 (KHTML, like Gecko) Chrome/79.0 Safari/537.36"
103.62.48.231 - - [11/Jul/2021:16:38:48 -0400] "POST //xmlrpc.php HTTP/1.1" 200 6352 "-" "Mozilla/5.0 (Windows NT 10.0; Win64; x64) AppleWebKit/537.36 (KHTML, like Gecko) Chrome/79.0 Safari/537.36"
103.62.48.231 - - [11/Jul/2021:16:38:50 -0400] "POST //xmlrpc.php HTTP/1.1" 200 6352 "-" "Mozilla/5.0 (Windows NT 10.0; Win64; x64) AppleWebKit/537.36 (KHTML, like Gecko) Chrome/79.0 Safari/537.36"
103.62.48.231 - - [11/Jul/2021:16:38:53 -0400] "POST //xmlrpc.php HTTP/1.1" 200 6352 "-" "Mozilla/5.0 (Windows NT 10.0; Win64; x64) AppleWebKit/537.36 (KHTML, like Gecko) Chrome/79.0 Safari/537.36"
103.62.48.231 - - [11/Jul/2021:16:38:55 -0400] "POST //xmlrpc.php HTTP/1.1" 200 6352 "-" "Mozilla/5.0 (Windows NT 10.0; Win64; x64) AppleWebKit/537.36 (KHTML, like Gecko) Chrome/79.0 Safari/537.36"
103.62.48.231 - - [11/Jul/2021:16:38:57 -0400] "POST //xmlrpc.php HTTP/1.1" 200 6352 "-" "Mozilla/5.0 (Windows NT 10.0; Win64; x64) AppleWebKit/537.36 (KHTML, like Gecko) Chrome/79.0 Safari/537.36"
103.62.48.231 - - [11/Jul/2021:16:38:59 -0400] "POST //xmlrpc.php HTTP/1.1" 200 6352 "-" "Mozilla/5.0 (Windows NT 10.0; Win64; x64) AppleWebKit/537.36 (KHTML, like Gecko) Chrome/79.0 Safari/537.36"
103.62.48.231 - - [11/Jul/2021:16:39:01 -0400] "POST //xmlrpc.php HTTP/1.1" 200 6352 "-" "Mozilla/5.0 (Windows NT 10.0; Win64; x64) AppleWebKit/537.36 (KHTML, like Gecko) Chrome/79.0 Safari/537.36"
103.62.48.231 - - [11/Jul/2021:16:39:03 -0400] "POST //xmlrpc.php HTTP/1.1" 200 6352 "-" "Mozilla/5.0 (Windows NT 10.0; Win64; x64) AppleWebKit/537.36 (KHTML, like Gecko) Chrome/79.0 Safari/537.36"
103.62.48.231 - - [11/Jul/2021:16:39:05 -0400] "POST //xmlrpc.php HTTP/1.1" 200 6352 "-" "Mozilla/5.0 (Windows NT 10.0; Win64; x64) AppleWebKit/537.36 (KHTML, like Gecko) Chrome/79.0 Safari/537.36"
103.62.48.231 - - [11/Jul/2021:16:39:07 -0400] "POST //xmlrpc.php HTTP/1.1" 200 6352 "-" "Mozilla/5.0 (Windows NT 10.0; Win64; x64) AppleWebKit/537.36 (KHTML, like Gecko) Chrome/79.0 Safari/537.36"
103.62.48.231 - - [11/Jul/2021:16:39:10 -0400] "POST //xmlrpc.php HTTP/1.1" 200 6352 "-" "Mozilla/5.0 (Windows NT 10.0; Win64; x64) AppleWebKit/537.36 (KHTML, like Gecko) Chrome/79.0 Safari/537.36"
103.62.48.231 - - [11/Jul/2021:16:39:12 -0400] "POST //xmlrpc.php HTTP/1.1" 200 6352 "-" "Mozilla/5.0 (Windows NT 10.0; Win64; x64) AppleWebKit/537.36 (KHTML, like Gecko) Chrome/79.0 Safari/537.36"
103.62.48.231 - - [11/Jul/2021:16:39:14 -0400] "POST //xmlrpc.php HTTP/1.1" 200 6352 "-" "Mozilla/5.0 (Windows NT 10.0; Win64; x64) AppleWebKit/537.36 (KHTML, like Gecko) Chrome/79.0 Safari/537.36"
103.62.48.231 - - [11/Jul/2021:16:39:16 -0400] "POST //xmlrpc.php HTTP/1.1" 200 6352 "-" "Mozilla/5.0 (Windows NT 10.0; Win64; x64) AppleWebKit/537.36 (KHTML, like Gecko) Chrome/79.0 Safari/537.36"
103.62.48.231 - - [11/Jul/2021:16:39:18 -0400] "POST //xmlrpc.php HTTP/1.1" 200 6352 "-" "Mozilla/5.0 (Windows NT 10.0; Win64; x64) AppleWebKit/537.36 (KHTML, like Gecko) Chrome/79.0 Safari/537.36"
103.62.48.231 - - [11/Jul/2021:16:39:20 -0400] "POST //xmlrpc.php HTTP/1.1" 200 6352 "-" "Mozilla/5.0 (Windows NT 10.0; Win64; x64) AppleWebKit/537.36 (KHTML, like Gecko) Chrome/79.0 Safari/537.36"
103.62.48.231 - - [11/Jul/2021:16:39:22 -0400] "POST //xmlrpc.php HTTP/1.1" 200 6352 "-" "Mozilla/5.0 (Windows NT 10.0; Win64; x64) AppleWebKit/537.36 (KHTML, like Gecko) Chrome/79.0 Safari/537.36"
103.62.48.231 - - [11/Jul/2021:16:39:24 -0400] "POST //xmlrpc.php HTTP/1.1" 200 6352 "-" "Mozilla/5.0 (Windows NT 10.0; Win64; x64) AppleWebKit/537.36 (KHTML, like Gecko) Chrome/79.0 Safari/537.36"
103.62.48.231 - - [11/Jul/2021:16:39:27 -0400] "POST //xmlrpc.php HTTP/1.1" 200 6352 "-" "Mozilla/5.0 (Windows NT 10.0; Win64; x64) AppleWebKit/537.36 (KHTML, like Gecko) Chrome/79.0 Safari/537.36"
204.48.19.85 - - [11/Jul/2021:16:39:28 -0400] "POST /wp-cron.php?doing_wp_cron=1626035968.1070339679718017578125 HTTP/1.1" 200 6229 "https://bubandcompany.com/wp-cron.php?doing_wp_cron=1626035968.1070339679718017578125" "WordPress/5.7.2; https://bubandcompany.com"
103.62.48.231 - - [11/Jul/2021:16:39:30 -0400] "POST //xmlrpc.php HTTP/1.1" 200 6352 "-" "Mozilla/5.0 (Windows NT 10.0; Win64; x64) AppleWebKit/537.36 (KHTML, like Gecko) Chrome/79.0 Safari/537.36"
103.62.48.231 - - [11/Jul/2021:16:39:32 -0400] "POST //xmlrpc.php HTTP/1.1" 200 6352 "-" "Mozilla/5.0 (Windows NT 10.0; Win64; x64) AppleWebKit/537.36 (KHTML, like Gecko) Chrome/79.0 Safari/537.36"
103.62.48.231 - - [11/Jul/2021:16:39:34 -0400] "POST //xmlrpc.php HTTP/1.1" 200 6352 "-" "Mozilla/5.0 (Windows NT 10.0; Win64; x64) AppleWebKit/537.36 (KHTML, like Gecko) Chrome/79.0 Safari/537.36"
103.62.48.231 - - [11/Jul/2021:16:39:35 -0400] "POST //xmlrpc.php HTTP/1.1" 200 6352 "-" "Mozilla/5.0 (Windows NT 10.0; Win64; x64) AppleWebKit/537.36 (KHTML, like Gecko) Chrome/79.0 Safari/537.36"
204.48.19.85 - - [11/Jul/2021:16:39:39 -0400] "POST /wp-cron.php?doing_wp_cron=1626035979.3607459068298339843750 HTTP/1.1" 200 6229 "https://bubandcompany.com/wp-cron.php?doing_wp_cron=1626035979.3607459068298339843750" "WordPress/5.7.2; https://bubandcompany.com"
103.62.48.231 - - [11/Jul/2021:16:39:38 -0400] "POST //xmlrpc.php HTTP/1.1" 200 6352 "-" "Mozilla/5.0 (Windows NT 10.0; Win64; x64) AppleWebKit/537.36 (KHTML, like Gecko) Chrome/79.0 Safari/537.36"
103.62.48.231 - - [11/Jul/2021:16:39:41 -0400] "POST //xmlrpc.php HTTP/1.1" 200 6352 "-" "Mozilla/5.0 (Windows NT 10.0; Win64; x64) AppleWebKit/537.36 (KHTML, like Gecko) Chrome/79.0 Safari/537.36"
204.48.19.85 - - [11/Jul/2021:16:39:41 -0400] "POST /wp-cron.php?doing_wp_cron=1626035981.8466460704803466796875 HTTP/1.1" 200 6229 "https://bubandcompany.com/wp-cron.php?doing_wp_cron=1626035981.8466460704803466796875" "WordPress/5.7.2; https://bubandcompany.com"
103.62.48.231 - - [11/Jul/2021:16:39:43 -0400] "POST //xmlrpc.php HTTP/1.1" 200 6352 "-" "Mozilla/5.0 (Windows NT 10.0; Win64; x64) AppleWebKit/537.36 (KHTML, like Gecko) Chrome/79.0 Safari/537.36"
103.62.48.231 - - [11/Jul/2021:16:39:45 -0400] "POST //xmlrpc.php HTTP/1.1" 200 6352 "-" "Mozilla/5.0 (Windows NT 10.0; Win64; x64) AppleWebKit/537.36 (KHTML, like Gecko) Chrome/79.0 Safari/537.36"
103.62.48.231 - - [11/Jul/2021:16:39:47 -0400] "POST //xmlrpc.php HTTP/1.1" 200 6352 "-" "Mozilla/5.0 (Windows NT 10.0; Win64; x64) AppleWebKit/537.36 (KHTML, like Gecko) Chrome/79.0 Safari/537.36"
103.62.48.231 - - [11/Jul/2021:16:39:49 -0400] "POST //xmlrpc.php HTTP/1.1" 200 6352 "-" "Mozilla/5.0 (Windows NT 10.0; Win64; x64) AppleWebKit/537.36 (KHTML, like Gecko) Chrome/79.0 Safari/537.36"
103.62.48.231 - - [11/Jul/2021:16:39:51 -0400] "POST //xmlrpc.php HTTP/1.1" 200 6352 "-" "Mozilla/5.0 (Windows NT 10.0; Win64; x64) AppleWebKit/537.36 (KHTML, like Gecko) Chrome/79.0 Safari/537.36"
103.62.48.231 - - [11/Jul/2021:16:39:53 -0400] "POST //xmlrpc.php HTTP/1.1" 200 6352 "-" "Mozilla/5.0 (Windows NT 10.0; Win64; x64) AppleWebKit/537.36 (KHTML, like Gecko) Chrome/79.0 Safari/537.36"
103.62.48.231 - - [11/Jul/2021:16:39:55 -0400] "POST //xmlrpc.php HTTP/1.1" 200 6352 "-" "Mozilla/5.0 (Windows NT 10.0; Win64; x64) AppleWebKit/537.36 (KHTML, like Gecko) Chrome/79.0 Safari/537.36"
103.62.48.231 - - [11/Jul/2021:16:39:57 -0400] "POST //xmlrpc.php HTTP/1.1" 200 6352 "-" "Mozilla/5.0 (Windows NT 10.0; Win64; x64) AppleWebKit/537.36 (KHTML, like Gecko) Chrome/79.0 Safari/537.36"
103.62.48.231 - - [11/Jul/2021:16:39:59 -0400] "POST //xmlrpc.php HTTP/1.1" 200 6352 "-" "Mozilla/5.0 (Windows NT 10.0; Win64; x64) AppleWebKit/537.36 (KHTML, like Gecko) Chrome/79.0 Safari/537.36"
103.62.48.231 - - [11/Jul/2021:16:40:01 -0400] "POST //xmlrpc.php HTTP/1.1" 200 6352 "-" "Mozilla/5.0 (Windows NT 10.0; Win64; x64) AppleWebKit/537.36 (KHTML, like Gecko) Chrome/79.0 Safari/537.36"
103.62.48.231 - - [11/Jul/2021:16:40:03 -0400] "POST //xmlrpc.php HTTP/1.1" 200 6352 "-" "Mozilla/5.0 (Windows NT 10.0; Win64; x64) AppleWebKit/537.36 (KHTML, like Gecko) Chrome/79.0 Safari/537.36"
103.62.48.231 - - [11/Jul/2021:16:40:05 -0400] "POST //xmlrpc.php HTTP/1.1" 200 6352 "-" "Mozilla/5.0 (Windows NT 10.0; Win64; x64) AppleWebKit/537.36 (KHTML, like Gecko) Chrome/79.0 Safari/537.36"
103.62.48.231 - - [11/Jul/2021:16:40:06 -0400] "POST //xmlrpc.php HTTP/1.1" 200 6352 "-" "Mozilla/5.0 (Windows NT 10.0; Win64; x64) AppleWebKit/537.36 (KHTML, like Gecko) Chrome/79.0 Safari/537.36"
103.62.48.231 - - [11/Jul/2021:16:40:08 -0400] "POST //xmlrpc.php HTTP/1.1" 200 6352 "-" "Mozilla/5.0 (Windows NT 10.0; Win64; x64) AppleWebKit/537.36 (KHTML, like Gecko) Chrome/79.0 Safari/537.36"
103.62.48.231 - - [11/Jul/2021:16:40:10 -0400] "POST //xmlrpc.php HTTP/1.1" 200 6352 "-" "Mozilla/5.0 (Windows NT 10.0; Win64; x64) AppleWebKit/537.36 (KHTML, like Gecko) Chrome/79.0 Safari/537.36"
192.0.101.188 - - [11/Jul/2021:16:40:12 -0400] "POST /xmlrpc.php?for=jetpack&token=%29%28dLwbcv%23b%21fiadHWlOCHmw%25nhq9rDir%3A1%3A0&timestamp=1626036012&nonce=6KdO0pR8Bg&body-hash=u9PchwX6M0SaeiSzQKj%2F07xm4Ng%3D&signature=2CbkY3XyU3tblA8XiBHCwLzq8fI%3D HTTP/1.1" 200 6937 "https://bubandcompany.com/xmlrpc.php?for=jetpack&token=%29%28dLwbcv%23b%21fiadHWlOCHmw%25nhq9rDir%3A1%3A0&timestamp=1626036012&nonce=6KdO0pR8Bg&body-hash=u9PchwX6M0SaeiSzQKj%2F07xm4Ng%3D&signature=2CbkY3XyU3tblA8XiBHCwLzq8fI%3D" "Jetpack by WordPress.com"
204.48.19.85 - - [11/Jul/2021:16:40:10 -0400] "POST /wp-cron.php?doing_wp_cron=1626036010.8989160060882568359375 HTTP/1.1" 200 6229 "https://bubandcompany.com/wp-cron.php?doing_wp_cron=1626036010.8989160060882568359375" "WordPress/5.7.2; https://bubandcompany.com"
103.62.48.231 - - [11/Jul/2021:16:40:13 -0400] "POST //xmlrpc.php HTTP/1.1" 200 6352 "-" "Mozilla/5.0 (Windows NT 10.0; Win64; x64) AppleWebKit/537.36 (KHTML, like Gecko) Chrome/79.0 Safari/537.36"
204.48.19.85 - - [11/Jul/2021:16:40:16 -0400] "POST /wp-cron.php?doing_wp_cron=1626036016.8171370029449462890625 HTTP/1.1" 200 6229 "https://bubandcompany.com/wp-cron.php?doing_wp_cron=1626036016.8171370029449462890625" "WordPress/5.7.2; https://bubandcompany.com"
103.62.48.231 - - [11/Jul/2021:16:40:16 -0400] "POST //xmlrpc.php HTTP/1.1" 200 6352 "-" "Mozilla/5.0 (Windows NT 10.0; Win64; x64) AppleWebKit/537.36 (KHTML, like Gecko) Chrome/79.0 Safari/537.36"
103.62.48.231 - - [11/Jul/2021:16:40:18 -0400] "POST //xmlrpc.php HTTP/1.1" 200 6352 "-" "Mozilla/5.0 (Windows NT 10.0; Win64; x64) AppleWebKit/537.36 (KHTML, like Gecko) Chrome/79.0 Safari/537.36"
103.62.48.231 - - [11/Jul/2021:16:40:20 -0400] "POST //xmlrpc.php HTTP/1.1" 200 6352 "-" "Mozilla/5.0 (Windows NT 10.0; Win64; x64) AppleWebKit/537.36 (KHTML, like Gecko) Chrome/79.0 Safari/537.36"
103.62.48.231 - - [11/Jul/2021:16:40:21 -0400] "POST //xmlrpc.php HTTP/1.1" 200 6352 "-" "Mozilla/5.0 (Windows NT 10.0; Win64; x64) AppleWebKit/537.36 (KHTML, like Gecko) Chrome/79.0 Safari/537.36"
103.62.48.231 - - [11/Jul/2021:16:40:23 -0400] "POST //xmlrpc.php HTTP/1.1" 200 6352 "-" "Mozilla/5.0 (Windows NT 10.0; Win64; x64) AppleWebKit/537.36 (KHTML, like Gecko) Chrome/79.0 Safari/537.36"
103.62.48.231 - - [11/Jul/2021:16:40:25 -0400] "POST //xmlrpc.php HTTP/1.1" 200 6352 "-" "Mozilla/5.0 (Windows NT 10.0; Win64; x64) AppleWebKit/537.36 (KHTML, like Gecko) Chrome/79.0 Safari/537.36"
204.48.19.85 - - [11/Jul/2021:16:43:24 -0400] "POST /wp-cron.php?doing_wp_cron=1626036204.3392720222473144531250 HTTP/1.1" 200 6229 "https://bubandcompany.com/wp-cron.php?doing_wp_cron=1626036204.3392720222473144531250" "WordPress/5.7.2; https://bubandcompany.com"
35.232.157.59 - - [11/Jul/2021:16:43:23 -0400] "POST /wp-login.php HTTP/1.1" 401 9971 "-" "Mozilla/5.0 (Windows NT 6.1; Win64; x64) AppleWebKit/537.36 (KHTML, like Gecko) Chrome/55.0.2883.87 Safari/537.36"
148.66.129.233 - - [11/Jul/2021:16:58:55 -0400] "POST /wp-login.php HTTP/1.1" 200 10778 "-" "Mozilla/5.0 (Windows NT 6.3; Win64; x64) AppleWebKit/537.36 (KHTML, like Gecko) Chrome/67.0.3396.99 Safari/537.36"
34.74.133.81 - - [11/Jul/2021:17:04:48 -0400] "GET /robots.txt HTTP/1.0" 301 563 "-" "ZoominfoBot (zoominfobot at zoominfo dot com)"
34.74.133.81 - - [11/Jul/2021:17:04:48 -0400] "GET /robots.txt HTTP/1.1" 404 5792 "-" "ZoominfoBot (zoominfobot at zoominfo dot com)"
34.74.133.81 - - [11/Jul/2021:17:04:48 -0400] "GET /wp-login.php HTTP/1.0" 301 567 "-" "ZoominfoBot (zoominfobot at zoominfo dot com)"
34.74.133.81 - - [11/Jul/2021:17:04:48 -0400] "GET /robots.txt HTTP/1.0" 404 481 "-" "ZoominfoBot (zoominfobot at zoominfo dot com)"
204.48.19.85 - - [11/Jul/2021:17:04:49 -0400] "POST /wp-cron.php?doing_wp_cron=1626037489.8358299732208251953125 HTTP/1.1" 200 6229 "https://bubandcompany.com/wp-cron.php?doing_wp_cron=1626037489.8358299732208251953125" "WordPress/5.7.2; https://bubandcompany.com"
34.74.133.81 - - [11/Jul/2021:17:04:48 -0400] "GET /wp-login.php HTTP/1.0" 200 2999 "-" "ZoominfoBot (zoominfobot at zoominfo dot com)"
212.48.85.142 - - [11/Jul/2021:17:09:55 -0400] "GET /wp-login.php HTTP/1.1" 301 579 "-" "Mozilla/5.0 (X11; Ubuntu; Linux x86_64; rv:62.0) Gecko/20100101 Firefox/62.0"
204.48.19.85 - - [11/Jul/2021:17:09:56 -0400] "POST /wp-cron.php?doing_wp_cron=1626037796.4601340293884277343750 HTTP/1.1" 200 6229 "https://bubandcompany.com/wp-cron.php?doing_wp_cron=1626037796.4601340293884277343750" "WordPress/5.7.2; https://bubandcompany.com"
212.48.85.142 - - [11/Jul/2021:17:09:55 -0400] "GET /wp-login.php HTTP/1.1" 200 8364 "http://www.bubandcompany.com/wp-login.php" "Mozilla/5.0 (X11; Ubuntu; Linux x86_64; rv:62.0) Gecko/20100101 Firefox/62.0"
212.48.85.142 - - [11/Jul/2021:17:09:57 -0400] "GET ///?author=1 HTTP/1.1" 301 573 "-" "Mozilla/5.0 (X11; Ubuntu; Linux x86_64; rv:62.0) Gecko/20100101 Firefox/62.0"
212.48.85.142 - - [11/Jul/2021:17:09:57 -0400] "GET /?author=1 HTTP/1.1" 200 6529 "http://www.bubandcompany.com///?author=1" "Mozilla/5.0 (X11; Ubuntu; Linux x86_64; rv:62.0) Gecko/20100101 Firefox/62.0"
212.48.85.142 - - [11/Jul/2021:17:09:58 -0400] "GET ///wp-json/wp/v2/users/ HTTP/1.1" 301 595 "-" "Mozilla/5.0 (X11; Ubuntu; Linux x86_64; rv:62.0) Gecko/20100101 Firefox/62.0"
212.48.85.142 - - [11/Jul/2021:17:09:59 -0400] "GET /wp-json/wp/v2/users/ HTTP/1.1" 404 5811 "http://www.bubandcompany.com///wp-json/wp/v2/users/" "Mozilla/5.0 (X11; Ubuntu; Linux x86_64; rv:62.0) Gecko/20100101 Firefox/62.0"
204.48.19.85 - - [11/Jul/2021:17:12:58 -0400] "POST /wp-cron.php?doing_wp_cron=1626037978.8969159126281738281250 HTTP/1.1" 200 6229 "https://bubandcompany.com/wp-cron.php?doing_wp_cron=1626037978.8969159126281738281250" "WordPress/5.7.2; https://bubandcompany.com"
34.74.133.81 - - [11/Jul/2021:17:12:58 -0400] "GET /wp-login.php HTTP/1.0" 200 8196 "-" "ZoominfoBot (zoominfobot at zoominfo dot com)"
91.238.160.176 - - [11/Jul/2021:17:30:27 -0400] "POST /wp-login.php HTTP/1.1" 200 10777 "-" "Mozilla/5.0 (Windows NT 10.0; WOW64) AppleWebKit/537.36 (KHTML, like Gecko) Chrome/79.0.3945.130 Safari/537.36"
133.130.103.36 - - [11/Jul/2021:17:45:39 -0400] "POST /wp-login.php HTTP/1.1" 200 10776 "-" "Mozilla/5.0 (Windows NT 6.1; WOW64) AppleWebKit/537.36 (KHTML, like Gecko) Chrome/52.0.2743.116 Safari/537.36"
44.192.26.247 - - [11/Jul/2021:17:51:33 -0400] "GET / HTTP/1.1" 301 580 "-" "Mozilla/5.0 (Macintosh; Intel Mac OS X 10_15_0) AppleWebKit/537.36 (KHTML, like Gecko) Chrome/78.0.3904.87 Safari/537.36"
204.48.19.85 - - [11/Jul/2021:17:51:34 -0400] "POST /wp-cron.php?doing_wp_cron=1626040294.4919540882110595703125 HTTP/1.1" 200 6229 "https://bubandcompany.com/wp-cron.php?doing_wp_cron=1626040294.4919540882110595703125" "WordPress/5.7.2; https://bubandcompany.com"
44.192.26.247 - - [11/Jul/2021:17:51:33 -0400] "GET / HTTP/1.1" 200 7144 "-" "Mozilla/5.0 (Macintosh; Intel Mac OS X 10_15_0) AppleWebKit/537.36 (KHTML, like Gecko) Chrome/78.0.3904.87 Safari/537.36"
204.48.19.85 - - [11/Jul/2021:18:13:35 -0400] "POST /wp-cron.php?doing_wp_cron=1626041615.5418999195098876953125 HTTP/1.1" 200 6229 "https://bubandcompany.com/wp-cron.php?doing_wp_cron=1626041615.5418999195098876953125" "WordPress/5.7.2; https://bubandcompany.com"
146.148.11.215 - - [11/Jul/2021:18:13:34 -0400] "POST /wp-login.php HTTP/1.1" 401 9971 "-" "Mozilla/5.0 (Windows NT 6.1) AppleWebKit/537.36 (KHTML, like Gecko) Chrome/62.0.3202.94 Safari/537.36"
103.248.25.26 - - [11/Jul/2021:18:27:12 -0400] "POST /wp-login.php HTTP/1.1" 200 10777 "-" "Mozilla/5.0 (Windows NT 6.1) AppleWebKit/537.36 (KHTML, like Gecko) Chrome/80.0.3987.132 Safari/537.36"
54.36.149.95 - - [11/Jul/2021:18:34:56 -0400] "GET /robots.txt HTTP/1.1" 404 6540 "-" "Mozilla/5.0 (compatible; AhrefsBot/7.0; +http://ahrefs.com/robot/)"
204.48.19.85 - - [11/Jul/2021:18:34:58 -0400] "POST /wp-cron.php?doing_wp_cron=1626042898.0698640346527099609375 HTTP/1.1" 200 6229 "https://bubandcompany.com/wp-cron.php?doing_wp_cron=1626042898.0698640346527099609375" "WordPress/5.7.2; https://bubandcompany.com"
54.36.148.87 - - [11/Jul/2021:18:34:57 -0400] "GET / HTTP/1.1" 200 7135 "-" "Mozilla/5.0 (compatible; AhrefsBot/7.0; +http://ahrefs.com/robot/)"
173.236.136.5 - - [11/Jul/2021:18:41:15 -0400] "POST /wp-login.php HTTP/1.1" 200 10776 "-" "Mozilla/5.0 (Windows NT 6.1; Win64; x64) AppleWebKit/537.36 (KHTML, like Gecko) Chrome/70.0.3538.67 Safari/537.36"
202.172.26.22 - - [11/Jul/2021:18:55:31 -0400] "POST /wp-login.php HTTP/1.1" 200 10776 "-" "Mozilla/5.0 (Windows NT 10.0; WOW64) AppleWebKit/537.36 (KHTML, like Gecko) Chrome/56.0.2924.87 Safari/537.36"
195.154.61.206 - - [11/Jul/2021:19:07:31 -0400] "GET /wp-admin/css/l10n.min.css?ver=5.7.2 HTTP/1.1" 200 8818 "-" "Mozilla/5.0 (X11; Ubuntu; Linux x86_64; rv:58.0) Gecko/20100101 Firefox/58.0"
95.217.3.203 - - [11/Jul/2021:19:09:39 -0400] "POST /wp-login.php HTTP/1.1" 200 10777 "-" "Mozilla/5.0 (Windows NT 10.0; WOW64) AppleWebKit/537.36 (KHTML, like Gecko) Chrome/56.0.2924.87 Safari/537.36"
195.154.61.206 - - [11/Jul/2021:19:10:54 -0400] "GET /wp-content/uploads/2020/05/ HTTP/1.1" 200 15028 "-" "Mozilla/5.0 (X11; Ubuntu; Linux x86_64; rv:58.0) Gecko/20100101 Firefox/58.0"
51.15.191.81 - - [11/Jul/2021:19:20:55 -0400] "GET /wp-includes/css/ HTTP/1.1" 200 15564 "-" "Mozilla/5.0 (X11; Ubuntu; Linux x86_64; rv:58.0) Gecko/20100101 Firefox/58.0"
202.172.26.22 - - [11/Jul/2021:19:23:28 -0400] "POST /wp-login.php HTTP/1.1" 200 10776 "-" "Mozilla/5.0 (Windows NT 10.0; WOW64) AppleWebKit/537.36 (KHTML, like Gecko) Chrome/57.0.2987.133 Safari/537.36"
195.154.61.206 - - [11/Jul/2021:19:28:18 -0400] "GET /wp-admin/ HTTP/1.1" 302 6453 "-" "Mozilla/5.0 (X11; Ubuntu; Linux x86_64; rv:58.0) Gecko/20100101 Firefox/58.0"
204.48.19.85 - - [11/Jul/2021:19:28:19 -0400] "POST /wp-cron.php?doing_wp_cron=1626046099.5246078968048095703125 HTTP/1.1" 200 6229 "https://bubandcompany.com/wp-cron.php?doing_wp_cron=1626046099.5246078968048095703125" "WordPress/5.7.2; https://bubandcompany.com"
204.48.19.85 - - [11/Jul/2021:19:28:20 -0400] "POST /wp-admin/admin-ajax.php?action=as_async_request_queue_runner&nonce=4fae0a37ce HTTP/1.1" 200 6457 "https://bubandcompany.com/wp-admin/admin-ajax.php?action=as_async_request_queue_runner&nonce=4fae0a37ce" "WordPress/5.7.2; https://bubandcompany.com"
76.72.172.168 - - [11/Jul/2021:19:35:27 -0400] "GET / HTTP/1.1" 301 524 "-" "Mozilla/5.0 (Windows NT 10.0; WOW64; rv:40.0) Gecko/20100101 Firefox/40.0"
76.72.172.168 - - [11/Jul/2021:19:35:27 -0400] "GET / HTTP/1.1" 206 7148 "-" "Mozilla/5.0 (Windows NT 10.0; WOW64; rv:40.0) Gecko/20100101 Firefox/40.0"
204.48.19.85 - - [11/Jul/2021:19:35:27 -0400] "POST /wp-cron.php?doing_wp_cron=1626046527.9568259716033935546875 HTTP/1.1" 200 6229 "https://bubandcompany.com/wp-cron.php?doing_wp_cron=1626046527.9568259716033935546875" "WordPress/5.7.2; https://bubandcompany.com"
173.236.136.5 - - [11/Jul/2021:19:37:25 -0400] "POST /wp-login.php HTTP/1.1" 200 10776 "-" "Mozilla/5.0 (Windows NT 10.0; Win64; x64) AppleWebKit/537.36 (KHTML, like Gecko) Chrome/64.0.3282.140 Safari/537.36"
51.15.191.81 - - [11/Jul/2021:19:43:33 -0400] "GET /wp-admin/css/login.min.css?ver=5.7.2 HTTP/1.1" 200 12003 "-" "Mozilla/5.0 (X11; Ubuntu; Linux x86_64; rv:58.0) Gecko/20100101 Firefox/58.0"
195.154.61.206 - - [11/Jul/2021:19:44:02 -0400] "GET /wp-admin/css/forms.min.css?ver=5.7.2 HTTP/1.1" 200 31658 "-" "Mozilla/5.0 (X11; Ubuntu; Linux x86_64; rv:58.0) Gecko/20100101 Firefox/58.0"
23.228.109.147 - - [11/Jul/2021:19:44:05 -0400] "GET /wp-content/plugins/formcraft/file-upload/server/content/upload.php HTTP/1.1" 301 675 "http://www.google.com/" "Mozilla/5.0 (Windows NT 6.1; Win64; x64) AppleWebKit/537.36 (KHTML, like Gecko) Chrome/56.0.2896.3 Safari/537.36"
23.228.109.147 - - [11/Jul/2021:19:44:06 -0400] "GET /wp-content/plugins/formcraft/file-upload/server/content/upload.php HTTP/1.1" 404 6022 "http://www.google.com/" "Mozilla/5.0 (Windows NT 6.1; Win64; x64) AppleWebKit/537.36 (KHTML, like Gecko) Chrome/56.0.2896.3 Safari/537.36"
212.83.146.233 - - [11/Jul/2021:19:46:27 -0400] "GET /wp-admin/css/ HTTP/1.1" 200 28742 "-" "Mozilla/5.0 (X11; Ubuntu; Linux x86_64; rv:58.0) Gecko/20100101 Firefox/58.0"
51.15.191.81 - - [11/Jul/2021:19:48:05 -0400] "GET /wp-includes/css/dashicons.min.css?ver=5.7.2 HTTP/1.1" 200 65425 "-" "Mozilla/5.0 (X11; Ubuntu; Linux x86_64; rv:58.0) Gecko/20100101 Firefox/58.0"
204.48.19.85 - - [11/Jul/2021:19:48:40 -0400] "POST /wp-cron.php?doing_wp_cron=1626047320.2800381183624267578125 HTTP/1.1" 200 6229 "https://bubandcompany.com/wp-cron.php?doing_wp_cron=1626047320.2800381183624267578125" "WordPress/5.7.2; https://bubandcompany.com"
51.15.191.81 - - [11/Jul/2021:19:48:39 -0400] "GET /wp-login.php HTTP/1.1" 200 15253 "-" "Mozilla/5.0 (X11; Ubuntu; Linux x86_64; rv:58.0) Gecko/20100101 Firefox/58.0"
204.48.19.85 - - [11/Jul/2021:19:51:25 -0400] "POST /wp-cron.php?doing_wp_cron=1626047485.2119638919830322265625 HTTP/1.1" 200 6229 "https://bubandcompany.com/wp-cron.php?doing_wp_cron=1626047485.2119638919830322265625" "WordPress/5.7.2; https://bubandcompany.com"
96.125.171.153 - - [11/Jul/2021:19:51:24 -0400] "POST /wp-login.php HTTP/1.1" 401 9971 "-" "Mozilla/5.0 (Windows NT 6.1; Win64; x64) AppleWebKit/537.36 (KHTML, like Gecko) Chrome/80.0.3987.163 Safari/537.36"
159.65.149.223 - - [11/Jul/2021:20:05:00 -0400] "POST /wp-login.php HTTP/1.1" 200 10777 "-" "Mozilla/5.0 (Windows NT 6.1; Win64; x64) AppleWebKit/537.36 (KHTML, like Gecko) Chrome/70.0.3538.67 Safari/537.36"
204.48.19.85 - - [11/Jul/2021:20:09:29 -0400] "POST /wp-cron.php?doing_wp_cron=1626048569.9211840629577636718750 HTTP/1.1" 200 6229 "https://bubandcompany.com/wp-cron.php?doing_wp_cron=1626048569.9211840629577636718750" "WordPress/5.7.2; https://bubandcompany.com"
62.4.14.198 - - [11/Jul/2021:20:09:29 -0400] "GET / HTTP/1.1" 200 8639 "-" "Mozilla/5.0 (X11; Ubuntu; Linux x86_64; rv:58.0) Gecko/20100101 Firefox/58.0"
152.67.108.11 - - [11/Jul/2021:20:19:01 -0400] "POST /wp-login.php HTTP/1.1" 200 10776 "-" "Mozilla/5.0 (Windows NT 6.1; WOW64) AppleWebKit/537.36 (KHTML, like Gecko) Chrome/48.0.2564.116 Safari/537.36"
212.83.146.233 - - [11/Jul/2021:20:22:01 -0400] "GET /wp-content/plugins/under-construction-page/themes/css/common.css?v=3.88 HTTP/1.1" 200 7196 "-" "Mozilla/5.0 (X11; Ubuntu; Linux x86_64; rv:58.0) Gecko/20100101 Firefox/58.0"
62.4.14.198 - - [11/Jul/2021:20:24:45 -0400] "GET /wp-content/plugins/under-construction-page/themes/css/font-awesome.min.css?v=3.88 HTTP/1.1" 200 37365 "-" "Mozilla/5.0 (X11; Ubuntu; Linux x86_64; rv:58.0) Gecko/20100101 Firefox/58.0"
62.4.14.198 - - [11/Jul/2021:20:29:04 -0400] "GET /wp-content/plugins/under-construction-page/themes/css/bootstrap.min.css?v=3.88 HTTP/1.1" 200 127699 "-" "Mozilla/5.0 (X11; Ubuntu; Linux x86_64; rv:58.0) Gecko/20100101 Firefox/58.0"
212.83.146.233 - - [11/Jul/2021:20:34:16 -0400] "GET /wp-content/plugins/under-construction-page/themes/images/ HTTP/1.1" 200 7338 "-" "Mozilla/5.0 (X11; Ubuntu; Linux x86_64; rv:58.0) Gecko/20100101 Firefox/58.0"
62.4.14.198 - - [11/Jul/2021:20:38:41 -0400] "GET /wp-content/plugins/under-construction-page/themes/mad_designer/ HTTP/1.1" 200 6214 "-" "Mozilla/5.0 (X11; Ubuntu; Linux x86_64; rv:58.0) Gecko/20100101 Firefox/58.0"
204.48.19.85 - - [11/Jul/2021:20:40:14 -0400] "POST /wp-cron.php?doing_wp_cron=1626050414.2744970321655273437500 HTTP/1.1" 200 6229 "https://bubandcompany.com/wp-cron.php?doing_wp_cron=1626050414.2744970321655273437500" "WordPress/5.7.2; https://bubandcompany.com"
195.154.62.232 - - [11/Jul/2021:20:40:13 -0400] "GET /wp-login.php?redirect_to=https%3A%2F%2Fbubandcompany.com%2Fwp-admin%2F&reauth=1 HTTP/1.1" 200 17300 "-" "Mozilla/5.0 (X11; Ubuntu; Linux x86_64; rv:58.0) Gecko/20100101 Firefox/58.0"
95.216.221.91 - - [11/Jul/2021:20:46:49 -0400] "POST /wp-login.php HTTP/1.1" 200 10776 "-" "Mozilla/5.0 (Windows NT 6.1; WOW64) AppleWebKit/537.36 (KHTML, like Gecko) Chrome/47.0.2526.111 Safari/537.36 MVisionPlayer/1.0.0.0"
87.251.67.235 - - [11/Jul/2021:21:01:19 -0400] "GET /wp-admin/ HTTP/1.1" 301 598 "http://bubandcompany.com" "Mozilla/5.0 (Windows NT 6.1; Win64; x64) AppleWebKit/537.36 (KHTML, like Gecko) Chrome/59.0.3071.115 Safari/537.36"
204.48.19.85 - - [11/Jul/2021:21:01:21 -0400] "POST /wp-cron.php?doing_wp_cron=1626051681.1285951137542724609375 HTTP/1.1" 200 6229 "https://bubandcompany.com/wp-cron.php?doing_wp_cron=1626051681.1285951137542724609375" "WordPress/5.7.2; https://bubandcompany.com"
87.251.67.235 - - [11/Jul/2021:21:01:20 -0400] "GET /wp-admin/ HTTP/1.1" 302 6273 "-" "Mozilla/5.0 (Windows NT 6.1; Win64; x64) AppleWebKit/537.36 (KHTML, like Gecko) Chrome/59.0.3071.115 Safari/537.36"
87.251.67.235 - - [11/Jul/2021:21:01:26 -0400] "GET /?author=1 HTTP/1.1" 200 2618 "-" "Mozilla/5.0 (Windows NT 6.1; Win64; x64) AppleWebKit/537.36 (KHTML, like Gecko) Chrome/59.0.3071.115 Safari/537.36"
204.48.19.85 - - [11/Jul/2021:21:01:22 -0400] "POST /wp-admin/admin-ajax.php?action=as_async_request_queue_runner&nonce=33176eb840 HTTP/1.1" 200 6457 "https://bubandcompany.com/wp-admin/admin-ajax.php?action=as_async_request_queue_runner&nonce=33176eb840" "WordPress/5.7.2; https://bubandcompany.com"
204.48.19.85 - - [11/Jul/2021:21:01:29 -0400] "POST /wp-cron.php?doing_wp_cron=1626051689.3282909393310546875000 HTTP/1.1" 200 6229 "https://bubandcompany.com/wp-cron.php?doing_wp_cron=1626051689.3282909393310546875000" "WordPress/5.7.2; https://bubandcompany.com"
87.251.67.235 - - [11/Jul/2021:21:01:28 -0400] "GET /xmlrpc.php HTTP/1.1" 405 6145 "-" "Mozilla/5.0 (Windows NT 6.1; Win64; x64) AppleWebKit/537.36 (KHTML, like Gecko) Chrome/59.0.3071.115 Safari/537.36"
87.251.67.235 - - [11/Jul/2021:21:01:30 -0400] "POST /xmlrpc.php HTTP/1.1" 200 789 "-" "Mozilla/5.0 (Windows NT 6.1; Win64; x64) AppleWebKit/537.36 (KHTML, like Gecko) Chrome/59.0.3071.115 Safari/537.36"
87.251.67.235 - - [11/Jul/2021:21:01:31 -0400] "GET /wp-admin/ HTTP/1.1" 301 598 "http://bubandcompany.com" "Mozilla/5.0 (Windows NT 6.1; Win64; x64) AppleWebKit/537.36 (KHTML, like Gecko) Chrome/59.0.3071.115 Safari/537.36"
87.251.67.235 - - [11/Jul/2021:21:01:32 -0400] "GET /wp-admin/ HTTP/1.1" 302 6273 "-" "Mozilla/5.0 (Windows NT 6.1; Win64; x64) AppleWebKit/537.36 (KHTML, like Gecko) Chrome/59.0.3071.115 Safari/537.36"
87.251.67.235 - - [11/Jul/2021:21:01:33 -0400] "GET /wp-login.php HTTP/1.1" 200 12521 "-" "Mozilla/5.0 (Windows NT 6.1; Win64; x64) AppleWebKit/537.36 (KHTML, like Gecko) Chrome/59.0.3071.115 Safari/537.36"
87.251.67.235 - - [11/Jul/2021:21:01:34 -0400] "POST /wp-login.php HTTP/1.1" 200 12521 "http://cubscouts.org/wp-login.php" "Mozilla/5.0 (Windows NT 6.1; Win64; x64) AppleWebKit/537.36 (KHTML, like Gecko) Chrome/59.0.3071.115 Safari/537.36"
87.251.67.235 - - [11/Jul/2021:21:01:36 -0400] "POST /wp-login.php HTTP/1.1" 200 12521 "http://cubscouts.org/wp-login.php" "Mozilla/5.0 (Windows NT 6.1; Win64; x64) AppleWebKit/537.36 (KHTML, like Gecko) Chrome/59.0.3071.115 Safari/537.36"
87.251.67.235 - - [11/Jul/2021:21:01:37 -0400] "POST /wp-login.php HTTP/1.1" 200 12521 "http://cubscouts.org/wp-login.php" "Mozilla/5.0 (Windows NT 6.1; Win64; x64) AppleWebKit/537.36 (KHTML, like Gecko) Chrome/59.0.3071.115 Safari/537.36"
87.251.67.235 - - [11/Jul/2021:21:01:39 -0400] "POST /wp-login.php HTTP/1.1" 200 12521 "http://cubscouts.org/wp-login.php" "Mozilla/5.0 (Windows NT 6.1; Win64; x64) AppleWebKit/537.36 (KHTML, like Gecko) Chrome/59.0.3071.115 Safari/537.36"
87.251.67.235 - - [11/Jul/2021:21:01:40 -0400] "POST /wp-login.php HTTP/1.1" 200 12521 "http://cubscouts.org/wp-login.php" "Mozilla/5.0 (Windows NT 6.1; Win64; x64) AppleWebKit/537.36 (KHTML, like Gecko) Chrome/59.0.3071.115 Safari/537.36"
87.251.67.235 - - [11/Jul/2021:21:01:41 -0400] "POST /wp-login.php HTTP/1.1" 200 12521 "http://cubscouts.org/wp-login.php" "Mozilla/5.0 (Windows NT 6.1; Win64; x64) AppleWebKit/537.36 (KHTML, like Gecko) Chrome/59.0.3071.115 Safari/537.36"
87.251.67.235 - - [11/Jul/2021:21:01:43 -0400] "POST /wp-login.php HTTP/1.1" 200 12521 "http://cubscouts.org/wp-login.php" "Mozilla/5.0 (Windows NT 6.1; Win64; x64) AppleWebKit/537.36 (KHTML, like Gecko) Chrome/59.0.3071.115 Safari/537.36"
87.251.67.235 - - [11/Jul/2021:21:01:45 -0400] "POST /wp-login.php HTTP/1.1" 200 12521 "http://cubscouts.org/wp-login.php" "Mozilla/5.0 (Windows NT 6.1; Win64; x64) AppleWebKit/537.36 (KHTML, like Gecko) Chrome/59.0.3071.115 Safari/537.36"
87.251.67.235 - - [11/Jul/2021:21:01:46 -0400] "POST /wp-login.php HTTP/1.1" 200 12521 "http://cubscouts.org/wp-login.php" "Mozilla/5.0 (Windows NT 6.1; Win64; x64) AppleWebKit/537.36 (KHTML, like Gecko) Chrome/59.0.3071.115 Safari/537.36"
87.251.67.235 - - [11/Jul/2021:21:01:46 -0400] "POST /wp-login.php HTTP/1.1" 200 12521 "http://cubscouts.org/wp-login.php" "Mozilla/5.0 (Windows NT 6.1; Win64; x64) AppleWebKit/537.36 (KHTML, like Gecko) Chrome/59.0.3071.115 Safari/537.36"
87.251.67.235 - - [11/Jul/2021:21:01:47 -0400] "POST /wp-login.php HTTP/1.1" 200 12521 "http://cubscouts.org/wp-login.php" "Mozilla/5.0 (Windows NT 6.1; Win64; x64) AppleWebKit/537.36 (KHTML, like Gecko) Chrome/59.0.3071.115 Safari/537.36"
87.251.67.235 - - [11/Jul/2021:21:01:49 -0400] "POST /wp-login.php HTTP/1.1" 200 12521 "http://cubscouts.org/wp-login.php" "Mozilla/5.0 (Windows NT 6.1; Win64; x64) AppleWebKit/537.36 (KHTML, like Gecko) Chrome/59.0.3071.115 Safari/537.36"
87.251.67.235 - - [11/Jul/2021:21:01:50 -0400] "POST /wp-login.php HTTP/1.1" 200 12521 "http://cubscouts.org/wp-login.php" "Mozilla/5.0 (Windows NT 6.1; Win64; x64) AppleWebKit/537.36 (KHTML, like Gecko) Chrome/59.0.3071.115 Safari/537.36"
87.251.67.235 - - [11/Jul/2021:21:01:51 -0400] "POST /wp-login.php HTTP/1.1" 200 12521 "http://cubscouts.org/wp-login.php" "Mozilla/5.0 (Windows NT 6.1; Win64; x64) AppleWebKit/537.36 (KHTML, like Gecko) Chrome/59.0.3071.115 Safari/537.36"
87.251.67.235 - - [11/Jul/2021:21:01:52 -0400] "POST /wp-login.php HTTP/1.1" 200 12521 "http://cubscouts.org/wp-login.php" "Mozilla/5.0 (Windows NT 6.1; Win64; x64) AppleWebKit/537.36 (KHTML, like Gecko) Chrome/59.0.3071.115 Safari/537.36"
87.251.67.235 - - [11/Jul/2021:21:01:53 -0400] "POST /wp-login.php HTTP/1.1" 200 12521 "http://cubscouts.org/wp-login.php" "Mozilla/5.0 (Windows NT 6.1; Win64; x64) AppleWebKit/537.36 (KHTML, like Gecko) Chrome/59.0.3071.115 Safari/537.36"
87.251.67.235 - - [11/Jul/2021:21:01:54 -0400] "POST /wp-login.php HTTP/1.1" 200 12521 "http://cubscouts.org/wp-login.php" "Mozilla/5.0 (Windows NT 6.1; Win64; x64) AppleWebKit/537.36 (KHTML, like Gecko) Chrome/59.0.3071.115 Safari/537.36"
87.251.67.235 - - [11/Jul/2021:21:01:55 -0400] "POST /wp-login.php HTTP/1.1" 200 12521 "http://cubscouts.org/wp-login.php" "Mozilla/5.0 (Windows NT 6.1; Win64; x64) AppleWebKit/537.36 (KHTML, like Gecko) Chrome/59.0.3071.115 Safari/537.36"
87.251.67.235 - - [11/Jul/2021:21:01:56 -0400] "POST /wp-login.php HTTP/1.1" 200 12521 "http://cubscouts.org/wp-login.php" "Mozilla/5.0 (Windows NT 6.1; Win64; x64) AppleWebKit/537.36 (KHTML, like Gecko) Chrome/59.0.3071.115 Safari/537.36"
87.251.67.235 - - [11/Jul/2021:21:01:57 -0400] "POST /wp-login.php HTTP/1.1" 200 12521 "http://cubscouts.org/wp-login.php" "Mozilla/5.0 (Windows NT 6.1; Win64; x64) AppleWebKit/537.36 (KHTML, like Gecko) Chrome/59.0.3071.115 Safari/537.36"
87.251.67.235 - - [11/Jul/2021:21:01:57 -0400] "POST /wp-login.php HTTP/1.1" 200 12521 "http://cubscouts.org/wp-login.php" "Mozilla/5.0 (Windows NT 6.1; Win64; x64) AppleWebKit/537.36 (KHTML, like Gecko) Chrome/59.0.3071.115 Safari/537.36"
87.251.67.235 - - [11/Jul/2021:21:01:58 -0400] "POST /wp-login.php HTTP/1.1" 200 12521 "http://cubscouts.org/wp-login.php" "Mozilla/5.0 (Windows NT 6.1; Win64; x64) AppleWebKit/537.36 (KHTML, like Gecko) Chrome/59.0.3071.115 Safari/537.36"
87.251.67.235 - - [11/Jul/2021:21:01:59 -0400] "POST /wp-login.php HTTP/1.1" 200 12521 "http://cubscouts.org/wp-login.php" "Mozilla/5.0 (Windows NT 6.1; Win64; x64) AppleWebKit/537.36 (KHTML, like Gecko) Chrome/59.0.3071.115 Safari/537.36"
87.251.67.235 - - [11/Jul/2021:21:02:00 -0400] "POST /wp-login.php HTTP/1.1" 200 12521 "http://cubscouts.org/wp-login.php" "Mozilla/5.0 (Windows NT 6.1; Win64; x64) AppleWebKit/537.36 (KHTML, like Gecko) Chrome/59.0.3071.115 Safari/537.36"
87.251.67.235 - - [11/Jul/2021:21:02:01 -0400] "POST /wp-login.php HTTP/1.1" 200 12521 "http://cubscouts.org/wp-login.php" "Mozilla/5.0 (Windows NT 6.1; Win64; x64) AppleWebKit/537.36 (KHTML, like Gecko) Chrome/59.0.3071.115 Safari/537.36"
87.251.67.235 - - [11/Jul/2021:21:02:02 -0400] "POST /wp-login.php HTTP/1.1" 200 12521 "http://cubscouts.org/wp-login.php" "Mozilla/5.0 (Windows NT 6.1; Win64; x64) AppleWebKit/537.36 (KHTML, like Gecko) Chrome/59.0.3071.115 Safari/537.36"
87.251.67.235 - - [11/Jul/2021:21:02:05 -0400] "POST /wp-login.php HTTP/1.1" 200 12521 "http://cubscouts.org/wp-login.php" "Mozilla/5.0 (Windows NT 6.1; Win64; x64) AppleWebKit/537.36 (KHTML, like Gecko) Chrome/59.0.3071.115 Safari/537.36"
87.251.67.235 - - [11/Jul/2021:21:02:06 -0400] "POST /wp-login.php HTTP/1.1" 200 12521 "http://cubscouts.org/wp-login.php" "Mozilla/5.0 (Windows NT 6.1; Win64; x64) AppleWebKit/537.36 (KHTML, like Gecko) Chrome/59.0.3071.115 Safari/537.36"
87.251.67.235 - - [11/Jul/2021:21:02:07 -0400] "POST /wp-login.php HTTP/1.1" 200 12521 "http://cubscouts.org/wp-login.php" "Mozilla/5.0 (Windows NT 6.1; Win64; x64) AppleWebKit/537.36 (KHTML, like Gecko) Chrome/59.0.3071.115 Safari/537.36"
87.251.67.235 - - [11/Jul/2021:21:02:08 -0400] "POST /wp-login.php HTTP/1.1" 200 12521 "http://cubscouts.org/wp-login.php" "Mozilla/5.0 (Windows NT 6.1; Win64; x64) AppleWebKit/537.36 (KHTML, like Gecko) Chrome/59.0.3071.115 Safari/537.36"
87.251.67.235 - - [11/Jul/2021:21:02:09 -0400] "POST /wp-login.php HTTP/1.1" 200 12521 "http://cubscouts.org/wp-login.php" "Mozilla/5.0 (Windows NT 6.1; Win64; x64) AppleWebKit/537.36 (KHTML, like Gecko) Chrome/59.0.3071.115 Safari/537.36"
87.251.67.235 - - [11/Jul/2021:21:02:12 -0400] "POST /wp-login.php HTTP/1.1" 200 12521 "http://cubscouts.org/wp-login.php" "Mozilla/5.0 (Windows NT 6.1; Win64; x64) AppleWebKit/537.36 (KHTML, like Gecko) Chrome/59.0.3071.115 Safari/537.36"
87.251.67.235 - - [11/Jul/2021:21:02:13 -0400] "POST /wp-login.php HTTP/1.1" 200 12521 "http://cubscouts.org/wp-login.php" "Mozilla/5.0 (Windows NT 6.1; Win64; x64) AppleWebKit/537.36 (KHTML, like Gecko) Chrome/59.0.3071.115 Safari/537.36"
87.251.67.235 - - [11/Jul/2021:21:02:14 -0400] "POST /wp-login.php HTTP/1.1" 200 12521 "http://cubscouts.org/wp-login.php" "Mozilla/5.0 (Windows NT 6.1; Win64; x64) AppleWebKit/537.36 (KHTML, like Gecko) Chrome/59.0.3071.115 Safari/537.36"
87.251.67.235 - - [11/Jul/2021:21:02:15 -0400] "POST /wp-login.php HTTP/1.1" 200 12521 "http://cubscouts.org/wp-login.php" "Mozilla/5.0 (Windows NT 6.1; Win64; x64) AppleWebKit/537.36 (KHTML, like Gecko) Chrome/59.0.3071.115 Safari/537.36"
87.251.67.235 - - [11/Jul/2021:21:02:16 -0400] "POST /wp-login.php HTTP/1.1" 200 12521 "http://cubscouts.org/wp-login.php" "Mozilla/5.0 (Windows NT 6.1; Win64; x64) AppleWebKit/537.36 (KHTML, like Gecko) Chrome/59.0.3071.115 Safari/537.36"
87.251.67.235 - - [11/Jul/2021:21:02:17 -0400] "POST /wp-login.php HTTP/1.1" 200 12521 "http://cubscouts.org/wp-login.php" "Mozilla/5.0 (Windows NT 6.1; Win64; x64) AppleWebKit/537.36 (KHTML, like Gecko) Chrome/59.0.3071.115 Safari/537.36"
87.251.67.235 - - [11/Jul/2021:21:02:18 -0400] "POST /wp-login.php HTTP/1.1" 200 12521 "http://cubscouts.org/wp-login.php" "Mozilla/5.0 (Windows NT 6.1; Win64; x64) AppleWebKit/537.36 (KHTML, like Gecko) Chrome/59.0.3071.115 Safari/537.36"
87.251.67.235 - - [11/Jul/2021:21:02:19 -0400] "POST /wp-login.php HTTP/1.1" 200 12521 "http://cubscouts.org/wp-login.php" "Mozilla/5.0 (Windows NT 6.1; Win64; x64) AppleWebKit/537.36 (KHTML, like Gecko) Chrome/59.0.3071.115 Safari/537.36"
87.251.67.235 - - [11/Jul/2021:21:02:21 -0400] "POST /wp-login.php HTTP/1.1" 200 12521 "http://cubscouts.org/wp-login.php" "Mozilla/5.0 (Windows NT 6.1; Win64; x64) AppleWebKit/537.36 (KHTML, like Gecko) Chrome/59.0.3071.115 Safari/537.36"
87.251.67.235 - - [11/Jul/2021:21:02:24 -0400] "POST /wp-login.php HTTP/1.1" 200 12521 "http://cubscouts.org/wp-login.php" "Mozilla/5.0 (Windows NT 6.1; Win64; x64) AppleWebKit/537.36 (KHTML, like Gecko) Chrome/59.0.3071.115 Safari/537.36"
87.251.67.235 - - [11/Jul/2021:21:02:24 -0400] "POST /wp-login.php HTTP/1.1" 200 12521 "http://cubscouts.org/wp-login.php" "Mozilla/5.0 (Windows NT 6.1; Win64; x64) AppleWebKit/537.36 (KHTML, like Gecko) Chrome/59.0.3071.115 Safari/537.36"
87.251.67.235 - - [11/Jul/2021:21:02:25 -0400] "POST /wp-login.php HTTP/1.1" 200 12521 "http://cubscouts.org/wp-login.php" "Mozilla/5.0 (Windows NT 6.1; Win64; x64) AppleWebKit/537.36 (KHTML, like Gecko) Chrome/59.0.3071.115 Safari/537.36"
87.251.67.235 - - [11/Jul/2021:21:02:27 -0400] "POST /wp-login.php HTTP/1.1" 200 12521 "http://cubscouts.org/wp-login.php" "Mozilla/5.0 (Windows NT 6.1; Win64; x64) AppleWebKit/537.36 (KHTML, like Gecko) Chrome/59.0.3071.115 Safari/537.36"
87.251.67.235 - - [11/Jul/2021:21:02:28 -0400] "POST /wp-login.php HTTP/1.1" 200 12521 "http://cubscouts.org/wp-login.php" "Mozilla/5.0 (Windows NT 6.1; Win64; x64) AppleWebKit/537.36 (KHTML, like Gecko) Chrome/59.0.3071.115 Safari/537.36"
87.251.67.235 - - [11/Jul/2021:21:02:29 -0400] "POST /wp-login.php HTTP/1.1" 200 12521 "http://cubscouts.org/wp-login.php" "Mozilla/5.0 (Windows NT 6.1; Win64; x64) AppleWebKit/537.36 (KHTML, like Gecko) Chrome/59.0.3071.115 Safari/537.36"
87.251.67.235 - - [11/Jul/2021:21:02:31 -0400] "POST /wp-login.php HTTP/1.1" 200 12521 "http://cubscouts.org/wp-login.php" "Mozilla/5.0 (Windows NT 6.1; Win64; x64) AppleWebKit/537.36 (KHTML, like Gecko) Chrome/59.0.3071.115 Safari/537.36"
87.251.67.235 - - [11/Jul/2021:21:02:32 -0400] "POST /wp-login.php HTTP/1.1" 200 12521 "http://cubscouts.org/wp-login.php" "Mozilla/5.0 (Windows NT 6.1; Win64; x64) AppleWebKit/537.36 (KHTML, like Gecko) Chrome/59.0.3071.115 Safari/537.36"
87.251.67.235 - - [11/Jul/2021:21:02:33 -0400] "POST /wp-login.php HTTP/1.1" 200 12521 "http://cubscouts.org/wp-login.php" "Mozilla/5.0 (Windows NT 6.1; Win64; x64) AppleWebKit/537.36 (KHTML, like Gecko) Chrome/59.0.3071.115 Safari/537.36"
87.251.67.235 - - [11/Jul/2021:21:02:35 -0400] "POST /wp-login.php HTTP/1.1" 200 12521 "http://cubscouts.org/wp-login.php" "Mozilla/5.0 (Windows NT 6.1; Win64; x64) AppleWebKit/537.36 (KHTML, like Gecko) Chrome/59.0.3071.115 Safari/537.36"
87.251.67.235 - - [11/Jul/2021:21:02:37 -0400] "POST /wp-login.php HTTP/1.1" 200 12521 "http://cubscouts.org/wp-login.php" "Mozilla/5.0 (Windows NT 6.1; Win64; x64) AppleWebKit/537.36 (KHTML, like Gecko) Chrome/59.0.3071.115 Safari/537.36"
51.15.191.81 - - [11/Jul/2021:21:03:14 -0400] "GET /wp-content/plugins/under-construction-page/themes/mad_designer/style.css?v=3.88 HTTP/1.1" 200 7919 "-" "Mozilla/5.0 (X11; Ubuntu; Linux x86_64; rv:58.0) Gecko/20100101 Firefox/58.0"
118.69.173.199 - - [11/Jul/2021:21:15:19 -0400] "POST /wp-login.php HTTP/1.1" 200 10778 "-" "Mozilla/5.0 (Windows NT 6.3; Win64; x64) AppleWebKit/537.36 (KHTML, like Gecko) Chrome/77.0.3865.90 Safari/537.36"
213.132.223.231 - - [11/Jul/2021:21:43:31 -0400] "POST /wp-login.php HTTP/1.1" 200 10777 "-" "Mozilla/5.0 (Windows NT 6.1) AppleWebKit/537.36 (KHTML, like Gecko) Chrome/61.0.3163.100 Safari/537.36"
54.36.148.121 - - [11/Jul/2021:21:44:21 -0400] "GET /robots.txt HTTP/1.1" 404 6504 "-" "Mozilla/5.0 (compatible; AhrefsBot/7.0; +http://ahrefs.com/robot/)"
204.48.19.85 - - [11/Jul/2021:21:44:24 -0400] "POST /wp-cron.php?doing_wp_cron=1626054264.4890959262847900390625 HTTP/1.1" 200 6229 "https://bubandcompany.com/wp-cron.php?doing_wp_cron=1626054264.4890959262847900390625" "WordPress/5.7.2; https://bubandcompany.com"
54.36.148.26 - - [11/Jul/2021:21:44:23 -0400] "GET / HTTP/1.1" 200 7103 "-" "Mozilla/5.0 (compatible; AhrefsBot/7.0; +http://ahrefs.com/robot/)"
167.71.89.92 - - [11/Jul/2021:21:58:02 -0400] "POST /wp-login.php HTTP/1.1" 200 10776 "-" "Mozilla/5.0 (Windows NT 10.0; Win64; x64) AppleWebKit/537.36 (KHTML, like Gecko) Chrome/64.0.3282.167 Safari/537.36"
195.154.62.232 - - [11/Jul/2021:22:00:21 -0400] "GET /.well-known/security.txt HTTP/1.1" 404 6512 "-" "Mozilla/5.0 (X11; Ubuntu; Linux x86_64; rv:58.0) Gecko/20100101 Firefox/58.0"
185.235.41.80 - - [11/Jul/2021:22:12:52 -0400] "POST /wp-login.php HTTP/1.1" 200 10777 "-" "Mozilla/5.0 (Windows NT 6.1) AppleWebKit/537.36 (KHTML, like Gecko) Chrome/70.0.3538.102 Safari/537.36"
92.118.160.37 - - [11/Jul/2021:22:13:02 -0400] "GET / HTTP/1.1" 301 524 "-" "NetSystemsResearch studies the availability of various services across the internet. Our website is netsystemsresearch.com"
92.118.160.37 - - [11/Jul/2021:22:13:03 -0400] "GET / HTTP/1.1" 200 8135 "http://204.48.19.85:80/" "Go http package"
204.48.19.85 - - [11/Jul/2021:22:13:04 -0400] "GET / HTTP/1.1" 200 7122 "https://bubandcompany.com/" "WordPress/5.7.2; https://bubandcompany.com"
204.48.19.85 - - [11/Jul/2021:22:13:03 -0400] "POST /wp-cron.php?doing_wp_cron=1626055983.7641348838806152343750 HTTP/1.1" 200 6229 "https://bubandcompany.com/wp-cron.php?doing_wp_cron=1626055983.7641348838806152343750" "WordPress/5.7.2; https://bubandcompany.com"
114.33.19.90 - - [11/Jul/2021:22:27:18 -0400] "POST /wp-login.php HTTP/1.1" 200 10776 "-" "Mozilla/5.0 (Windows NT 6.3; Win64; x64) AppleWebKit/537.36 (KHTML, like Gecko) Chrome/68.0.3440.106 Safari/537.36"
185.2.4.71 - - [11/Jul/2021:22:41:27 -0400] "POST /wp-login.php HTTP/1.1" 200 10775 "-" "Mozilla/5.0 (Windows NT 6.1; Win64; x64) AppleWebKit/537.36 (KHTML, like Gecko) Chrome/67.0.3396.87 Safari/537.36"
188.212.34.69 - - [11/Jul/2021:22:55:40 -0400] "POST /wp-login.php HTTP/1.1" 200 10777 "-" "Mozilla/5.0 (Windows NT 6.1) AppleWebKit/537.36 (KHTML, like Gecko) Chrome/59.0.3071.115 Safari/537.36"
178.128.76.233 - - [11/Jul/2021:23:05:32 -0400] "GET /wp-login.php HTTP/1.1" 200 10074 "-" "Mozilla/5.0 (X11; Ubuntu; Linux x86_64; rv:62.0) Gecko/20100101 Firefox/62.0"
178.128.76.233 - - [11/Jul/2021:23:05:33 -0400] "POST /wp-login.php HTTP/1.1" 200 10074 "-" "Mozilla/5.0 (X11; Ubuntu; Linux x86_64; rv:62.0) Gecko/20100101 Firefox/62.0"
178.128.76.233 - - [11/Jul/2021:23:05:39 -0400] "POST /xmlrpc.php HTTP/1.1" 200 5933 "-" "Mozilla/5.0 (X11; Ubuntu; Linux x86_64; rv:62.0) Gecko/20100101 Firefox/62.0"
35.203.249.90 - - [11/Jul/2021:23:05:41 -0400] "GET /robots.txt HTTP/1.1" 404 6560 "-" "RyteBot/1.0.0 (+https://bot.ryte.com/)"
35.203.249.90 - - [11/Jul/2021:23:05:41 -0400] "GET / HTTP/1.1" 200 7159 "-" "RyteBot/1.0.0 (+https://bot.ryte.com/)"
204.48.19.85 - - [11/Jul/2021:23:05:40 -0400] "POST /wp-cron.php?doing_wp_cron=1626059140.3714148998260498046875 HTTP/1.1" 200 6229 "https://bubandcompany.com/wp-cron.php?doing_wp_cron=1626059140.3714148998260498046875" "WordPress/5.7.2; https://bubandcompany.com"
137.74.76.179 - - [11/Jul/2021:23:06:34 -0400] "GET /wp-content/plugins/dzs-zoomsounds/readme/style.css HTTP/1.1" 404 5893 "-" "Mozilla/4.0 (compatible; MSIE 6.0; Windows NT 5.1; SV1)"
35.232.157.59 - - [11/Jul/2021:23:10:13 -0400] "POST /wp-login.php HTTP/1.1" 200 10777 "-" "Mozilla/5.0 (Windows NT 6.1) AppleWebKit/537.36 (KHTML, like Gecko) Chrome/65.0.3325.181 Safari/537.36"
204.48.19.85 - - [11/Jul/2021:23:21:15 -0400] "POST /wp-cron.php?doing_wp_cron=1626060075.2407600879669189453125 HTTP/1.1" 200 6229 "https://bubandcompany.com/wp-cron.php?doing_wp_cron=1626060075.2407600879669189453125" "WordPress/5.7.2; https://bubandcompany.com"
91.121.79.16 - - [11/Jul/2021:23:21:14 -0400] "GET /?xxxxxxxxxxxx_loads=1&xxxxxxxxxxxx_filename=info.txt&xxxxxxxxxxxx_filecontent=INF0 HTTP/1.1" 200 7990 "-" "Mozilla/5.0 (Windows NT 6.3; Win64; x64; rv:56.0) Gecko sape /20100101 Firefox/56.0"
150.95.83.201 - - [11/Jul/2021:23:23:45 -0400] "POST /wp-login.php HTTP/1.1" 200 10777 "-" "Mozilla/5.0 (Windows NT 6.3; WOW64) AppleWebKit/537.36 (KHTML, like Gecko) Chrome/46.0.2490.80 Safari/537.36"
155.133.142.66 - - [11/Jul/2021:23:37:31 -0400] "POST /wp-login.php HTTP/1.1" 200 10777 "-" "Mozilla/5.0 (Windows; U; Windows NT 5.1; en-US) AppleWebKit/533.4 (KHTML, like Gecko) Chrome/5.0.375.99 Safari/533.4"
204.48.19.85 - - [11/Jul/2021:23:51:12 -0400] "POST /wp-cron.php?doing_wp_cron=1626061872.8987109661102294921875 HTTP/1.1" 200 6229 "https://bubandcompany.com/wp-cron.php?doing_wp_cron=1626061872.8987109661102294921875" "WordPress/5.7.2; https://bubandcompany.com"
185.235.41.80 - - [11/Jul/2021:23:51:12 -0400] "POST /wp-login.php HTTP/1.1" 401 9971 "-" "Mozilla/5.0 (Windows NT 10.0; WOW64) AppleWebKit/537.36 (KHTML, like Gecko) Chrome/55.0.2883.87 Safari/537.36"
180.178.127.192 - - [11/Jul/2021:23:57:33 -0400] "GET /wp-login.php HTTP/1.1" 200 10075 "-" "Mozilla/5.0 (X11; Ubuntu; Linux x86_64; rv:62.0) Gecko/20100101 Firefox/62.0"
