185.153.199.216 - - [10/Jul/2021:15:13:47 -0400] "GET /database/ HTTP/1.1" 404 6545 "https://bubandcompany.com/" "Mozilla/5.0 (X11; Linux i686 on x86_64) AppleWebKit/537.36 (KHTML, like Gecko) Chrome/56.0.2970.39 Safari/537.36"
185.153.199.216 - - [10/Jul/2021:15:13:48 -0400] "GET /db_backup/ HTTP/1.1" 404 6545 "https://bubandcompany.com/" "Mozilla/5.0 (X11; Linux i686 on x86_64) AppleWebKit/537.36 (KHTML, like Gecko) Chrome/56.0.2970.39 Safari/537.36"
185.153.199.216 - - [10/Jul/2021:15:13:50 -0400] "GET /dbbackup/ HTTP/1.1" 404 6545 "https://bubandcompany.com/" "Mozilla/5.0 (X11; Linux i686 on x86_64) AppleWebKit/537.36 (KHTML, like Gecko) Chrome/56.0.2970.39 Safari/537.36"
185.153.199.216 - - [10/Jul/2021:15:13:52 -0400] "GET /db_backups/ HTTP/1.1" 404 6545 "https://bubandcompany.com/" "Mozilla/5.0 (X11; Linux i686 on x86_64) AppleWebKit/537.36 (KHTML, like Gecko) Chrome/56.0.2970.39 Safari/537.36"
185.153.199.216 - - [10/Jul/2021:15:13:53 -0400] "GET /dbbackups/ HTTP/1.1" 404 6545 "https://bubandcompany.com/" "Mozilla/5.0 (X11; Linux i686 on x86_64) AppleWebKit/537.36 (KHTML, like Gecko) Chrome/56.0.2970.39 Safari/537.36"
185.153.199.216 - - [10/Jul/2021:15:13:55 -0400] "GET /db/ HTTP/1.1" 404 6545 "https://bubandcompany.com/" "Mozilla/5.0 (X11; Linux i686 on x86_64) AppleWebKit/537.36 (KHTML, like Gecko) Chrome/56.0.2970.39 Safari/537.36"
185.153.199.216 - - [10/Jul/2021:15:13:56 -0400] "GET /db_dump/ HTTP/1.1" 404 6545 "https://bubandcompany.com/" "Mozilla/5.0 (X11; Linux i686 on x86_64) AppleWebKit/537.36 (KHTML, like Gecko) Chrome/56.0.2970.39 Safari/537.36"
185.153.199.216 - - [10/Jul/2021:15:13:57 -0400] "GET /dbdump/ HTTP/1.1" 404 6545 "https://bubandcompany.com/" "Mozilla/5.0 (X11; Linux i686 on x86_64) AppleWebKit/537.36 (KHTML, like Gecko) Chrome/56.0.2970.39 Safari/537.36"
185.153.199.216 - - [10/Jul/2021:15:13:58 -0400] "GET /db_dumps/ HTTP/1.1" 404 6545 "https://bubandcompany.com/" "Mozilla/5.0 (X11; Linux i686 on x86_64) AppleWebKit/537.36 (KHTML, like Gecko) Chrome/56.0.2970.39 Safari/537.36"
185.153.199.216 - - [10/Jul/2021:15:13:59 -0400] "GET /dbdumps/ HTTP/1.1" 404 6545 "https://bubandcompany.com/" "Mozilla/5.0 (X11; Linux i686 on x86_64) AppleWebKit/537.36 (KHTML, like Gecko) Chrome/56.0.2970.39 Safari/537.36"
185.153.199.216 - - [10/Jul/2021:15:14:01 -0400] "GET /.dump/ HTTP/1.1" 404 6545 "https://bubandcompany.com/" "Mozilla/5.0 (X11; Linux i686 on x86_64) AppleWebKit/537.36 (KHTML, like Gecko) Chrome/56.0.2970.39 Safari/537.36"
185.153.199.216 - - [10/Jul/2021:15:14:02 -0400] "GET /dump/ HTTP/1.1" 404 6545 "https://bubandcompany.com/" "Mozilla/5.0 (X11; Linux i686 on x86_64) AppleWebKit/537.36 (KHTML, like Gecko) Chrome/56.0.2970.39 Safari/537.36"
185.153.199.216 - - [10/Jul/2021:15:14:03 -0400] "GET /dumps/ HTTP/1.1" 404 6545 "https://bubandcompany.com/" "Mozilla/5.0 (X11; Linux i686 on x86_64) AppleWebKit/537.36 (KHTML, like Gecko) Chrome/56.0.2970.39 Safari/537.36"
185.153.199.216 - - [10/Jul/2021:15:14:05 -0400] "GET /export/ HTTP/1.1" 404 6545 "https://bubandcompany.com/" "Mozilla/5.0 (X11; Linux i686 on x86_64) AppleWebKit/537.36 (KHTML, like Gecko) Chrome/56.0.2970.39 Safari/537.36"
185.153.199.216 - - [10/Jul/2021:15:14:06 -0400] "GET /files/ HTTP/1.1" 404 6545 "https://bubandcompany.com/" "Mozilla/5.0 (X11; Linux i686 on x86_64) AppleWebKit/537.36 (KHTML, like Gecko) Chrome/56.0.2970.39 Safari/537.36"
185.153.199.216 - - [10/Jul/2021:15:14:08 -0400] "GET /includes/database/ HTTP/1.1" 404 6545 "https://bubandcompany.com/" "Mozilla/5.0 (X11; Linux i686 on x86_64) AppleWebKit/537.36 (KHTML, like Gecko) Chrome/56.0.2970.39 Safari/537.36"
185.153.199.216 - - [10/Jul/2021:15:14:10 -0400] "GET /includes/database/mysql/ HTTP/1.1" 404 6545 "https://bubandcompany.com/" "Mozilla/5.0 (X11; Linux i686 on x86_64) AppleWebKit/537.36 (KHTML, like Gecko) Chrome/56.0.2970.39 Safari/537.36"
185.153.199.216 - - [10/Jul/2021:15:14:11 -0400] "GET /log/ HTTP/1.1" 404 6545 "https://bubandcompany.com/" "Mozilla/5.0 (X11; Linux i686 on x86_64) AppleWebKit/537.36 (KHTML, like Gecko) Chrome/56.0.2970.39 Safari/537.36"
185.153.199.216 - - [10/Jul/2021:15:14:12 -0400] "GET /logs/ HTTP/1.1" 404 6545 "https://bubandcompany.com/" "Mozilla/5.0 (X11; Linux i686 on x86_64) AppleWebKit/537.36 (KHTML, like Gecko) Chrome/56.0.2970.39 Safari/537.36"
185.153.199.216 - - [10/Jul/2021:15:14:13 -0400] "GET /mariadb/ HTTP/1.1" 404 6545 "https://bubandcompany.com/" "Mozilla/5.0 (X11; Linux i686 on x86_64) AppleWebKit/537.36 (KHTML, like Gecko) Chrome/56.0.2970.39 Safari/537.36"
185.153.199.216 - - [10/Jul/2021:15:14:14 -0400] "GET /mysql_backup/ HTTP/1.1" 404 6545 "https://bubandcompany.com/" "Mozilla/5.0 (X11; Linux i686 on x86_64) AppleWebKit/537.36 (KHTML, like Gecko) Chrome/56.0.2970.39 Safari/537.36"
185.153.199.216 - - [10/Jul/2021:15:14:15 -0400] "GET /mysqlbackup/ HTTP/1.1" 404 6545 "https://bubandcompany.com/" "Mozilla/5.0 (X11; Linux i686 on x86_64) AppleWebKit/537.36 (KHTML, like Gecko) Chrome/56.0.2970.39 Safari/537.36"
185.153.199.216 - - [10/Jul/2021:15:14:16 -0400] "GET /mysql_backups/ HTTP/1.1" 404 6545 "https://bubandcompany.com/" "Mozilla/5.0 (X11; Linux i686 on x86_64) AppleWebKit/537.36 (KHTML, like Gecko) Chrome/56.0.2970.39 Safari/537.36"
185.153.199.216 - - [10/Jul/2021:15:14:18 -0400] "GET /mysqlbackups/ HTTP/1.1" 404 6545 "https://bubandcompany.com/" "Mozilla/5.0 (X11; Linux i686 on x86_64) AppleWebKit/537.36 (KHTML, like Gecko) Chrome/56.0.2970.39 Safari/537.36"
185.153.199.216 - - [10/Jul/2021:15:14:19 -0400] "GET /mysql_dump/ HTTP/1.1" 404 6545 "https://bubandcompany.com/" "Mozilla/5.0 (X11; Linux i686 on x86_64) AppleWebKit/537.36 (KHTML, like Gecko) Chrome/56.0.2970.39 Safari/537.36"
185.153.199.216 - - [10/Jul/2021:15:14:20 -0400] "GET /mysqldump/ HTTP/1.1" 404 6545 "https://bubandcompany.com/" "Mozilla/5.0 (X11; Linux i686 on x86_64) AppleWebKit/537.36 (KHTML, like Gecko) Chrome/56.0.2970.39 Safari/537.36"
185.153.199.216 - - [10/Jul/2021:15:14:22 -0400] "GET /mysql_dumps/ HTTP/1.1" 404 6545 "https://bubandcompany.com/" "Mozilla/5.0 (X11; Linux i686 on x86_64) AppleWebKit/537.36 (KHTML, like Gecko) Chrome/56.0.2970.39 Safari/537.36"
185.153.199.216 - - [10/Jul/2021:15:14:24 -0400] "GET /mysqldumps/ HTTP/1.1" 404 6545 "https://bubandcompany.com/" "Mozilla/5.0 (X11; Linux i686 on x86_64) AppleWebKit/537.36 (KHTML, like Gecko) Chrome/56.0.2970.39 Safari/537.36"
185.153.199.216 - - [10/Jul/2021:15:14:25 -0400] "GET /mysql/ HTTP/1.1" 404 6545 "https://bubandcompany.com/" "Mozilla/5.0 (X11; Linux i686 on x86_64) AppleWebKit/537.36 (KHTML, like Gecko) Chrome/56.0.2970.39 Safari/537.36"
185.153.199.216 - - [10/Jul/2021:15:14:26 -0400] "GET /old_files/ HTTP/1.1" 404 6545 "https://bubandcompany.com/" "Mozilla/5.0 (X11; Linux i686 on x86_64) AppleWebKit/537.36 (KHTML, like Gecko) Chrome/56.0.2970.39 Safari/537.36"
185.153.199.216 - - [10/Jul/2021:15:14:27 -0400] "GET /oldfiles/ HTTP/1.1" 404 6545 "https://bubandcompany.com/" "Mozilla/5.0 (X11; Linux i686 on x86_64) AppleWebKit/537.36 (KHTML, like Gecko) Chrome/56.0.2970.39 Safari/537.36"
185.153.199.216 - - [10/Jul/2021:15:14:28 -0400] "GET /old/ HTTP/1.1" 404 6545 "https://bubandcompany.com/" "Mozilla/5.0 (X11; Linux i686 on x86_64) AppleWebKit/537.36 (KHTML, like Gecko) Chrome/56.0.2970.39 Safari/537.36"
185.153.199.216 - - [10/Jul/2021:15:14:29 -0400] "GET /pmadumps/ HTTP/1.1" 404 6545 "https://bubandcompany.com/" "Mozilla/5.0 (X11; Linux i686 on x86_64) AppleWebKit/537.36 (KHTML, like Gecko) Chrome/56.0.2970.39 Safari/537.36"
185.153.199.216 - - [10/Jul/2021:15:14:31 -0400] "GET /pma/ HTTP/1.1" 404 6545 "https://bubandcompany.com/" "Mozilla/5.0 (X11; Linux i686 on x86_64) AppleWebKit/537.36 (KHTML, like Gecko) Chrome/56.0.2970.39 Safari/537.36"
185.153.199.216 - - [10/Jul/2021:15:14:33 -0400] "GET /saved/ HTTP/1.1" 404 6545 "https://bubandcompany.com/" "Mozilla/5.0 (X11; Linux i686 on x86_64) AppleWebKit/537.36 (KHTML, like Gecko) Chrome/56.0.2970.39 Safari/537.36"
185.153.199.216 - - [10/Jul/2021:15:14:36 -0400] "GET /save/ HTTP/1.1" 404 6545 "https://bubandcompany.com/" "Mozilla/5.0 (X11; Linux i686 on x86_64) AppleWebKit/537.36 (KHTML, like Gecko) Chrome/56.0.2970.39 Safari/537.36"
185.153.199.216 - - [10/Jul/2021:15:14:37 -0400] "GET /sql/backup/ HTTP/1.1" 404 6545 "https://bubandcompany.com/" "Mozilla/5.0 (X11; Linux i686 on x86_64) AppleWebKit/537.36 (KHTML, like Gecko) Chrome/56.0.2970.39 Safari/537.36"
185.153.199.216 - - [10/Jul/2021:15:14:39 -0400] "GET /sql/backups/ HTTP/1.1" 404 6545 "https://bubandcompany.com/" "Mozilla/5.0 (X11; Linux i686 on x86_64) AppleWebKit/537.36 (KHTML, like Gecko) Chrome/56.0.2970.39 Safari/537.36"
185.153.199.216 - - [10/Jul/2021:15:14:40 -0400] "GET /sql_dumps/ HTTP/1.1" 404 6545 "https://bubandcompany.com/" "Mozilla/5.0 (X11; Linux i686 on x86_64) AppleWebKit/537.36 (KHTML, like Gecko) Chrome/56.0.2970.39 Safari/537.36"
185.153.199.216 - - [10/Jul/2021:15:14:41 -0400] "GET /sql/ HTTP/1.1" 404 6545 "https://bubandcompany.com/" "Mozilla/5.0 (X11; Linux i686 on x86_64) AppleWebKit/537.36 (KHTML, like Gecko) Chrome/56.0.2970.39 Safari/537.36"
185.153.199.216 - - [10/Jul/2021:15:14:43 -0400] "GET /sql/sql/ HTTP/1.1" 404 6545 "https://bubandcompany.com/" "Mozilla/5.0 (X11; Linux i686 on x86_64) AppleWebKit/537.36 (KHTML, like Gecko) Chrome/56.0.2970.39 Safari/537.36"
185.153.199.216 - - [10/Jul/2021:15:14:44 -0400] "GET /uploaded/ HTTP/1.1" 404 6545 "https://bubandcompany.com/" "Mozilla/5.0 (X11; Linux i686 on x86_64) AppleWebKit/537.36 (KHTML, like Gecko) Chrome/56.0.2970.39 Safari/537.36"
185.153.199.216 - - [10/Jul/2021:15:14:45 -0400] "GET /uploads/ HTTP/1.1" 404 6545 "https://bubandcompany.com/" "Mozilla/5.0 (X11; Linux i686 on x86_64) AppleWebKit/537.36 (KHTML, like Gecko) Chrome/56.0.2970.39 Safari/537.36"
185.153.199.216 - - [10/Jul/2021:15:14:47 -0400] "GET /upload/ HTTP/1.1" 404 6545 "https://bubandcompany.com/" "Mozilla/5.0 (X11; Linux i686 on x86_64) AppleWebKit/537.36 (KHTML, like Gecko) Chrome/56.0.2970.39 Safari/537.36"
185.153.199.216 - - [10/Jul/2021:15:14:48 -0400] "GET /var/backups/ HTTP/1.1" 404 6545 "https://bubandcompany.com/" "Mozilla/5.0 (X11; Linux i686 on x86_64) AppleWebKit/537.36 (KHTML, like Gecko) Chrome/56.0.2970.39 Safari/537.36"
185.153.199.216 - - [10/Jul/2021:15:14:50 -0400] "GET /wallet/ HTTP/1.1" 404 6545 "https://bubandcompany.com/" "Mozilla/5.0 (X11; Linux i686 on x86_64) AppleWebKit/537.36 (KHTML, like Gecko) Chrome/56.0.2970.39 Safari/537.36"
204.48.19.85 - - [10/Jul/2021:15:42:13 -0400] "POST /wp-cron.php?doing_wp_cron=1625946133.3269169330596923828125 HTTP/1.1" 200 6229 "https://bubandcompany.com/wp-cron.php?doing_wp_cron=1625946133.3269169330596923828125" "WordPress/5.7.2; https://bubandcompany.com"
157.55.39.69 - - [10/Jul/2021:15:42:12 -0400] "GET /index.php/sitemap_index.xml HTTP/1.1" 200 6316 "-" "Mozilla/5.0 (compatible; bingbot/2.0; +http://www.bing.com/bingbot.htm)"
193.0.216.104 - - [10/Jul/2021:15:49:44 -0400] "GET / HTTP/1.1" 301 580 "-" "Mozilla/5.0 (Windows NT 10.0; Win64; x64) AppleWebKit/537.36 (KHTML, like Gecko) Chrome/88.0.4240.193 Safari/537.36"
204.48.19.85 - - [10/Jul/2021:15:49:45 -0400] "POST /wp-cron.php?doing_wp_cron=1625946585.2600579261779785156250 HTTP/1.1" 200 6229 "https://bubandcompany.com/wp-cron.php?doing_wp_cron=1625946585.2600579261779785156250" "WordPress/5.7.2; https://bubandcompany.com"
193.0.216.104 - - [10/Jul/2021:15:49:44 -0400] "GET / HTTP/1.1" 200 8226 "-" "Mozilla/5.0 (Windows NT 10.0; Win64; x64) AppleWebKit/537.36 (KHTML, like Gecko) Chrome/88.0.4240.193 Safari/537.36"
193.0.216.104 - - [10/Jul/2021:15:49:46 -0400] "GET //wp-includes/wlwmanifest.xml HTTP/1.1" 200 1388 "-" "Mozilla/5.0 (Windows NT 10.0; Win64; x64) AppleWebKit/537.36 (KHTML, like Gecko) Chrome/88.0.4240.193 Safari/537.36"
193.0.216.104 - - [10/Jul/2021:15:49:46 -0400] "GET //wp-login.php HTTP/1.1" 200 12502 "-" "Mozilla/5.0 (Windows NT 10.0; Win64; x64) AppleWebKit/537.36 (KHTML, like Gecko) Chrome/88.0.4240.193 Safari/537.36"
66.249.66.150 - - [10/Jul/2021:17:21:32 -0400] "GET /robots.txt HTTP/1.1" 301 600 "-" "Mozilla/5.0 (compatible; Googlebot/2.1; +http://www.google.com/bot.html)"
66.249.66.158 - - [10/Jul/2021:17:21:32 -0400] "GET /robots.txt HTTP/1.1" 404 6545 "-" "Mozilla/5.0 (compatible; Googlebot/2.1; +http://www.google.com/bot.html)"
66.249.66.152 - - [10/Jul/2021:17:21:32 -0400] "GET / HTTP/1.1" 301 580 "-" "Mozilla/5.0 (compatible; Googlebot/2.1; +http://www.google.com/bot.html)"
66.249.66.158 - - [10/Jul/2021:17:21:33 -0400] "GET / HTTP/1.1" 200 1117 "-" "Mozilla/5.0 (compatible; Googlebot/2.1; +http://www.google.com/bot.html)"
66.249.66.156 - - [10/Jul/2021:17:21:38 -0400] "GET /wp-content/plugins/under-construction-page/themes/css/common.css?v=3.88 HTTP/1.1" 200 6832 "https://bubandcompany.com/" "Mozilla/5.0 AppleWebKit/537.36 (KHTML, like Gecko; compatible; Googlebot/2.1; +http://www.google.com/bot.html) Chrome/91.0.4472.90 Safari/537.36"
66.249.66.157 - - [10/Jul/2021:17:21:38 -0400] "GET /wp-content/plugins/under-construction-page/themes/css/bootstrap.min.css?v=3.88 HTTP/1.1" 200 26220 "https://bubandcompany.com/" "Mozilla/5.0 AppleWebKit/537.36 (KHTML, like Gecko; compatible; Googlebot/2.1; +http://www.google.com/bot.html) Chrome/91.0.4472.90 Safari/537.36"
192.0.102.13 - - [10/Jul/2021:17:21:36 -0400] "POST /xmlrpc.php?for=jetpack&token=%29%28dLwbcv%23b%21fiadHWlOCHmw%25nhq9rDir%3A1%3A0&timestamp=1625952096&nonce=15VwjNeHCm&body-hash=u9PchwX6M0SaeiSzQKj%2F07xm4Ng%3D&signature=eLpA24NEEK4fU3TXfBEc7jCMmwQ%3D HTTP/1.1" 200 6240 "https://bubandcompany.com/xmlrpc.php?for=jetpack&token=%29%28dLwbcv%23b%21fiadHWlOCHmw%25nhq9rDir%3A1%3A0&timestamp=1625952096&nonce=15VwjNeHCm&body-hash=u9PchwX6M0SaeiSzQKj%2F07xm4Ng%3D&signature=eLpA24NEEK4fU3TXfBEc7jCMmwQ%3D" "Jetpack by WordPress.com"
204.48.19.85 - - [10/Jul/2021:17:21:34 -0400] "POST /wp-cron.php?doing_wp_cron=1625952094.2552530765533447265625 HTTP/1.1" 200 6229 "https://bubandcompany.com/wp-cron.php?doing_wp_cron=1625952094.2552530765533447265625" "WordPress/5.7.2; https://bubandcompany.com"
204.48.19.85 - - [10/Jul/2021:17:21:41 -0400] "POST /wp-cron.php?doing_wp_cron=1625952101.2707359790802001953125 HTTP/1.1" 200 6229 "https://bubandcompany.com/wp-cron.php?doing_wp_cron=1625952101.2707359790802001953125" "WordPress/5.7.2; https://bubandcompany.com"
192.0.103.4 - - [10/Jul/2021:17:21:40 -0400] "GET / HTTP/1.1" 200 6425 "https://bubandcompany.com/" "WordPress.com; https://bubandcompany.com"
192.0.103.4 - - [10/Jul/2021:17:21:42 -0400] "POST /xmlrpc.php?for=jetpack&token=%29%28dLwbcv%23b%21fiadHWlOCHmw%25nhq9rDir%3A1%3A0&timestamp=1625952102&nonce=8W7glqj6hb&body-hash=pdst%2B%2B8gjpsEsdzTGdS19%2BYN3g4%3D&signature=TzV%2FnubiUUCowHIc8KL6rc0%2BxC4%3D HTTP/1.1" 200 5740 "https://bubandcompany.com/xmlrpc.php?for=jetpack&token=%29%28dLwbcv%23b%21fiadHWlOCHmw%25nhq9rDir%3A1%3A0&timestamp=1625952102&nonce=8W7glqj6hb&body-hash=pdst%2B%2B8gjpsEsdzTGdS19%2BYN3g4%3D&signature=TzV%2FnubiUUCowHIc8KL6rc0%2BxC4%3D" "Jetpack by WordPress.com"
192.0.103.4 - - [10/Jul/2021:17:21:42 -0400] "POST /xmlrpc.php?for=jetpack HTTP/1.1" 200 5839 "https://bubandcompany.com/xmlrpc.php?for=jetpack" "WordPress.com; https://bubandcompany.com"
192.0.103.4 - - [10/Jul/2021:17:21:43 -0400] "GET /xmlrpc.php?for=jetpack HTTP/1.1" 405 5635 "https://bubandcompany.com/xmlrpc.php?for=jetpack" "WordPress.com; https://bubandcompany.com"
192.0.103.4 - - [10/Jul/2021:17:21:44 -0400] "POST /xmlrpc.php?for=jetpack&token=%29%28dLwbcv%23b%21fiadHWlOCHmw%25nhq9rDir%3A1%3A0&timestamp=1625952104&nonce=gb3KmxRcWe&body-hash=uiyr4xGV3TvYxYcumjoRRZDSWik%3D&signature=h2rBhoRyt247kceV36WwKbswLOI%3D HTTP/1.1" 200 6670 "https://bubandcompany.com/xmlrpc.php?for=jetpack&token=%29%28dLwbcv%23b%21fiadHWlOCHmw%25nhq9rDir%3A1%3A0&timestamp=1625952104&nonce=gb3KmxRcWe&body-hash=uiyr4xGV3TvYxYcumjoRRZDSWik%3D&signature=h2rBhoRyt247kceV36WwKbswLOI%3D" "Jetpack by WordPress.com"
192.0.103.4 - - [10/Jul/2021:17:21:45 -0400] "POST /xmlrpc.php?for=jetpack&token=%29%28dLwbcv%23b%21fiadHWlOCHmw%25nhq9rDir%3A1%3A0&timestamp=1625952105&nonce=oxXKfqya1R&body-hash=cVHPhi0sr2%2BanRQo0CAYiwdvzwc%3D&signature=woJW%2B2O2D3x%2BsUv%2FpDgrbapMqjg%3D HTTP/1.1" 200 6658 "https://bubandcompany.com/xmlrpc.php?for=jetpack&token=%29%28dLwbcv%23b%21fiadHWlOCHmw%25nhq9rDir%3A1%3A0&timestamp=1625952105&nonce=oxXKfqya1R&body-hash=cVHPhi0sr2%2BanRQo0CAYiwdvzwc%3D&signature=woJW%2B2O2D3x%2BsUv%2FpDgrbapMqjg%3D" "Jetpack by WordPress.com"
192.0.103.4 - - [10/Jul/2021:17:21:46 -0400] "POST /xmlrpc.php?for=jetpack&token=OtHm%2ANk%2A4Zb9Y2x4zrT%28%219ATuMc9j2Fp%3A1%3A1&timestamp=1625952106&nonce=IhIrQyy01p&body-hash=BRg9UeX%2Bi9EsXEAJ3lE%2FnwcmwOE%3D&signature=7y4x%2FyPtAgX3xQL11JMQuaZZfPo%3D HTTP/1.1" 200 9337 "https://bubandcompany.com/xmlrpc.php?for=jetpack&token=OtHm%2ANk%2A4Zb9Y2x4zrT%28%219ATuMc9j2Fp%3A1%3A1&timestamp=1625952106&nonce=IhIrQyy01p&body-hash=BRg9UeX%2Bi9EsXEAJ3lE%2FnwcmwOE%3D&signature=7y4x%2FyPtAgX3xQL11JMQuaZZfPo%3D" "Jetpack by WordPress.com"
192.0.103.4 - - [10/Jul/2021:17:21:47 -0400] "POST /xmlrpc.php?for=jetpack&token=OtHm%2ANk%2A4Zb9Y2x4zrT%28%219ATuMc9j2Fp%3A1%3A1&timestamp=1625952107&nonce=ckLXOomLpW&body-hash=BRg9UeX%2Bi9EsXEAJ3lE%2FnwcmwOE%3D&signature=R9VKYfiHGpT995MLfjfURHLdRpM%3D HTTP/1.1" 200 9340 "https://bubandcompany.com/xmlrpc.php?for=jetpack&token=OtHm%2ANk%2A4Zb9Y2x4zrT%28%219ATuMc9j2Fp%3A1%3A1&timestamp=1625952107&nonce=ckLXOomLpW&body-hash=BRg9UeX%2Bi9EsXEAJ3lE%2FnwcmwOE%3D&signature=R9VKYfiHGpT995MLfjfURHLdRpM%3D" "Jetpack by WordPress.com"
192.0.103.4 - - [10/Jul/2021:17:21:48 -0400] "POST /xmlrpc.php?for=jetpack&token=%29%28dLwbcv%23b%21fiadHWlOCHmw%25nhq9rDir%3A1%3A0&timestamp=1625952108&nonce=uStXaW5OaX&body-hash=METbiCw%2BtMQdctk0fdLMNlXOKKM%3D&signature=VVLyiPKO9%2B0L9NHkRZI2Tzf%2FSsE%3D HTTP/1.1" 200 6602 "https://bubandcompany.com/xmlrpc.php?for=jetpack&token=%29%28dLwbcv%23b%21fiadHWlOCHmw%25nhq9rDir%3A1%3A0&timestamp=1625952108&nonce=uStXaW5OaX&body-hash=METbiCw%2BtMQdctk0fdLMNlXOKKM%3D&signature=VVLyiPKO9%2B0L9NHkRZI2Tzf%2FSsE%3D" "Jetpack by WordPress.com"
192.0.103.4 - - [10/Jul/2021:17:21:49 -0400] "POST /xmlrpc.php?for=jetpack&token=%29%28dLwbcv%23b%21fiadHWlOCHmw%25nhq9rDir%3A1%3A0&timestamp=1625952109&nonce=hL9QzRjXxa&body-hash=0CUOGWbAOCFZT7Ja5CE4ysj3Lb4%3D&signature=vweCvmIeO17rpd5X2a4ym1d%2F5dQ%3D HTTP/1.1" 200 6093 "https://bubandcompany.com/xmlrpc.php?for=jetpack&token=%29%28dLwbcv%23b%21fiadHWlOCHmw%25nhq9rDir%3A1%3A0&timestamp=1625952109&nonce=hL9QzRjXxa&body-hash=0CUOGWbAOCFZT7Ja5CE4ysj3Lb4%3D&signature=vweCvmIeO17rpd5X2a4ym1d%2F5dQ%3D" "Jetpack by WordPress.com"
35.243.240.231 - - [10/Jul/2021:18:05:47 -0400] "GET /robots.txt HTTP/1.0" 301 563 "-" "ZoominfoBot (zoominfobot at zoominfo dot com)"
35.243.240.231 - - [10/Jul/2021:18:05:47 -0400] "GET /robots.txt HTTP/1.1" 404 5792 "-" "ZoominfoBot (zoominfobot at zoominfo dot com)"
35.243.240.231 - - [10/Jul/2021:18:05:47 -0400] "GET /wp-login.php HTTP/1.0" 301 567 "-" "ZoominfoBot (zoominfobot at zoominfo dot com)"
35.243.240.231 - - [10/Jul/2021:18:05:47 -0400] "GET /robots.txt HTTP/1.0" 404 481 "-" "ZoominfoBot (zoominfobot at zoominfo dot com)"
204.48.19.85 - - [10/Jul/2021:18:05:48 -0400] "POST /wp-cron.php?doing_wp_cron=1625954748.1767320632934570312500 HTTP/1.1" 200 6229 "https://bubandcompany.com/wp-cron.php?doing_wp_cron=1625954748.1767320632934570312500" "WordPress/5.7.2; https://bubandcompany.com"
35.243.240.231 - - [10/Jul/2021:18:05:47 -0400] "GET /wp-login.php HTTP/1.0" 200 2999 "-" "ZoominfoBot (zoominfobot at zoominfo dot com)"
204.48.19.85 - - [10/Jul/2021:18:13:07 -0400] "POST /wp-cron.php?doing_wp_cron=1625955187.1077210903167724609375 HTTP/1.1" 200 6229 "https://bubandcompany.com/wp-cron.php?doing_wp_cron=1625955187.1077210903167724609375" "WordPress/5.7.2; https://bubandcompany.com"
35.243.240.231 - - [10/Jul/2021:18:13:06 -0400] "GET /wp-login.php HTTP/1.0" 200 8196 "-" "ZoominfoBot (zoominfobot at zoominfo dot com)"
213.217.34.100 - - [10/Jul/2021:18:39:01 -0400] "GET /wp-login.php HTTP/1.1" 301 567 "-" "Mozilla/5.0 (X11; Ubuntu; Linux x86_64; rv:62.0) Gecko/20100101 Firefox/62.0"
213.217.34.100 - - [10/Jul/2021:18:39:01 -0400] "GET /wp-login.php HTTP/1.1" 301 567 "-" "Mozilla/5.0 (X11; Ubuntu; Linux x86_64; rv:62.0) Gecko/20100101 Firefox/62.0"
213.217.34.100 - - [10/Jul/2021:18:39:01 -0400] "GET /wp-login.php HTTP/1.1" 301 567 "-" "Mozilla/5.0 (X11; Ubuntu; Linux x86_64; rv:62.0) Gecko/20100101 Firefox/62.0"
213.217.34.100 - - [10/Jul/2021:18:39:01 -0400] "GET /wp-login.php HTTP/1.1" 301 567 "-" "Mozilla/5.0 (X11; Ubuntu; Linux x86_64; rv:62.0) Gecko/20100101 Firefox/62.0"
213.217.34.100 - - [10/Jul/2021:18:39:01 -0400] "GET /wp-login.php HTTP/1.1" 301 567 "-" "Mozilla/5.0 (X11; Ubuntu; Linux x86_64; rv:62.0) Gecko/20100101 Firefox/62.0"
35.243.168.70 - - [10/Jul/2021:18:43:21 -0400] "GET /robots.txt HTTP/1.0" 301 563 "-" "ZoominfoBot (zoominfobot at zoominfo dot com)"
35.243.168.70 - - [10/Jul/2021:18:43:21 -0400] "GET /robots.txt HTTP/1.1" 404 5792 "-" "ZoominfoBot (zoominfobot at zoominfo dot com)"
35.243.168.70 - - [10/Jul/2021:18:43:22 -0400] "GET /wp-login.php HTTP/1.0" 301 567 "-" "ZoominfoBot (zoominfobot at zoominfo dot com)"
35.243.168.70 - - [10/Jul/2021:18:43:22 -0400] "GET /robots.txt HTTP/1.0" 404 481 "-" "ZoominfoBot (zoominfobot at zoominfo dot com)"
204.48.19.85 - - [10/Jul/2021:18:43:23 -0400] "POST /wp-cron.php?doing_wp_cron=1625957003.1590790748596191406250 HTTP/1.1" 200 6229 "https://bubandcompany.com/wp-cron.php?doing_wp_cron=1625957003.1590790748596191406250" "WordPress/5.7.2; https://bubandcompany.com"
35.243.168.70 - - [10/Jul/2021:18:43:22 -0400] "GET /wp-login.php HTTP/1.0" 200 2999 "-" "ZoominfoBot (zoominfobot at zoominfo dot com)"
35.243.168.70 - - [10/Jul/2021:18:51:04 -0400] "GET /wp-login.php HTTP/1.0" 200 8196 "-" "ZoominfoBot (zoominfobot at zoominfo dot com)"
204.48.19.85 - - [10/Jul/2021:18:51:04 -0400] "POST /wp-cron.php?doing_wp_cron=1625957464.8528339862823486328125 HTTP/1.1" 200 6229 "https://bubandcompany.com/wp-cron.php?doing_wp_cron=1625957464.8528339862823486328125" "WordPress/5.7.2; https://bubandcompany.com"
23.228.109.147 - - [10/Jul/2021:19:05:27 -0400] "GET /wp-content/themes/SqueezeTheme/style.css HTTP/1.1" 301 623 "http://www.google.com/" "Mozilla/5.0 (Windows NT 6.1; Win64; x64) AppleWebKit/537.36 (KHTML, like Gecko) Chrome/56.0.2896.3 Safari/537.36"
23.228.109.147 - - [10/Jul/2021:19:05:27 -0400] "GET /wp-content/themes/SqueezeTheme/style.css HTTP/1.1" 404 6022 "http://www.google.com/" "Mozilla/5.0 (Windows NT 6.1; Win64; x64) AppleWebKit/537.36 (KHTML, like Gecko) Chrome/56.0.2896.3 Safari/537.36"
66.249.66.150 - - [10/Jul/2021:19:48:45 -0400] "GET / HTTP/1.1" 301 580 "-" "Mozilla/5.0 (compatible; Googlebot/2.1; +http://www.google.com/bot.html)"
66.249.66.158 - - [10/Jul/2021:19:48:46 -0400] "GET / HTTP/1.1" 200 7144 "-" "Mozilla/5.0 (compatible; Googlebot/2.1; +http://www.google.com/bot.html)"
204.48.19.85 - - [10/Jul/2021:19:48:48 -0400] "POST /wp-cron.php?doing_wp_cron=1625960928.0464680194854736328125 HTTP/1.1" 200 6229 "https://bubandcompany.com/wp-cron.php?doing_wp_cron=1625960928.0464680194854736328125" "WordPress/5.7.2; https://bubandcompany.com"
54.36.149.43 - - [10/Jul/2021:21:20:36 -0400] "GET /robots.txt HTTP/1.1" 404 6504 "-" "Mozilla/5.0 (compatible; AhrefsBot/7.0; +http://ahrefs.com/robot/)"
54.36.149.102 - - [10/Jul/2021:21:20:38 -0400] "GET / HTTP/1.1" 200 7103 "-" "Mozilla/5.0 (compatible; AhrefsBot/7.0; +http://ahrefs.com/robot/)"
204.48.19.85 - - [10/Jul/2021:21:20:39 -0400] "POST /wp-cron.php?doing_wp_cron=1625966439.1391749382019042968750 HTTP/1.1" 200 6229 "https://bubandcompany.com/wp-cron.php?doing_wp_cron=1625966439.1391749382019042968750" "WordPress/5.7.2; https://bubandcompany.com"
54.36.148.88 - - [10/Jul/2021:22:08:54 -0400] "GET / HTTP/1.1" 200 7135 "-" "Mozilla/5.0 (compatible; AhrefsBot/7.0; +http://ahrefs.com/robot/)"
204.48.19.85 - - [10/Jul/2021:22:08:55 -0400] "GET / HTTP/1.1" 200 7122 "https://bubandcompany.com/" "WordPress/5.7.2; https://bubandcompany.com"
204.48.19.85 - - [10/Jul/2021:22:08:54 -0400] "POST /wp-cron.php?doing_wp_cron=1625969334.9623310565948486328125 HTTP/1.1" 200 6229 "https://bubandcompany.com/wp-cron.php?doing_wp_cron=1625969334.9623310565948486328125" "WordPress/5.7.2; https://bubandcompany.com"
92.118.160.13 - - [10/Jul/2021:23:01:05 -0400] "GET / HTTP/1.1" 301 536 "-" "NetSystemsResearch studies the availability of various services across the internet. Our website is netsystemsresearch.com"
204.48.19.85 - - [10/Jul/2021:23:01:07 -0400] "POST /wp-cron.php?doing_wp_cron=1625972467.2025010585784912109375 HTTP/1.1" 200 6229 "https://bubandcompany.com/wp-cron.php?doing_wp_cron=1625972467.2025010585784912109375" "WordPress/5.7.2; https://bubandcompany.com"
92.118.160.13 - - [10/Jul/2021:23:01:06 -0400] "GET / HTTP/1.1" 200 8135 "http://204.48.19.85:80/" "Go http package"
204.48.19.85 - - [10/Jul/2021:23:57:05 -0400] "POST /wp-cron.php?doing_wp_cron=1625975825.7797360420227050781250 HTTP/1.1" 200 6229 "https://bubandcompany.com/wp-cron.php?doing_wp_cron=1625975825.7797360420227050781250" "WordPress/5.7.2; https://bubandcompany.com"
207.46.13.2 - - [10/Jul/2021:23:57:05 -0400] "GET /index.php/gift-cards/ HTTP/1.1" 200 6639 "-" "Mozilla/5.0 (compatible; bingbot/2.0; +http://www.bing.com/bingbot.htm)"
157.55.39.158 - - [10/Jul/2021:23:57:18 -0400] "GET /wp-content/plugins/under-construction-page/themes/mad_designer/style.css?v=3.88 HTTP/1.1" 200 6640 "-" "Mozilla/5.0 (compatible; bingbot/2.0; +http://www.bing.com/bingbot.htm)"
3.249.126.201 - - [10/Jul/2021:23:57:19 -0400] "GET / HTTP/1.1" 301 543 "-" "Mozilla/5.0 (Macintosh; Intel Mac OS X 10.15; rv:81.0) Gecko/20100101 Firefox/81.0"
3.249.126.201 - - [10/Jul/2021:23:57:19 -0400] "GET / HTTP/1.1" 200 7267 "http://204.48.19.85" "Mozilla/5.0 (Macintosh; Intel Mac OS X 10.15; rv:81.0) Gecko/20100101 Firefox/81.0"
207.46.13.60 - - [10/Jul/2021:23:57:26 -0400] "GET /wp-content/plugins/under-construction-page/themes/css/bootstrap.min.css?v=3.88 HTTP/1.1" 200 25793 "-" "Mozilla/5.0 (compatible; bingbot/2.0; +http://www.bing.com/bingbot.htm)"
40.77.167.36 - - [10/Jul/2021:23:57:26 -0400] "GET /wp-content/plugins/under-construction-page/themes/css/common.css?v=3.88 HTTP/1.1" 200 6377 "-" "Mozilla/5.0 (compatible; bingbot/2.0; +http://www.bing.com/bingbot.htm)"
207.46.13.84 - - [10/Jul/2021:23:57:28 -0400] "GET /wp-content/plugins/under-construction-page/themes/css/font-awesome.min.css?v=3.88 HTTP/1.1" 200 13042 "-" "Mozilla/5.0 (compatible; bingbot/2.0; +http://www.bing.com/bingbot.htm)"
