176.123.9.201 - - [29/Jun/2021:15:54:24 -0400] "POST //xmlrpc.php HTTP/1.1" 200 5512 "-" "Mozilla/5.0 (Windows NT 10.0; Win64; x64) AppleWebKit/537.36 (KHTML, like Gecko) Chrome/88.0.4240.193 Safari/537.36"
176.123.9.201 - - [29/Jun/2021:15:54:25 -0400] "POST //xmlrpc.php HTTP/1.1" 200 5512 "-" "Mozilla/5.0 (Windows NT 10.0; Win64; x64) AppleWebKit/537.36 (KHTML, like Gecko) Chrome/88.0.4240.193 Safari/537.36"
176.123.9.201 - - [29/Jun/2021:15:54:27 -0400] "POST //xmlrpc.php HTTP/1.1" 200 5512 "-" "Mozilla/5.0 (Windows NT 10.0; Win64; x64) AppleWebKit/537.36 (KHTML, like Gecko) Chrome/88.0.4240.193 Safari/537.36"
176.123.9.201 - - [29/Jun/2021:15:54:29 -0400] "POST //xmlrpc.php HTTP/1.1" 200 5512 "-" "Mozilla/5.0 (Windows NT 10.0; Win64; x64) AppleWebKit/537.36 (KHTML, like Gecko) Chrome/88.0.4240.193 Safari/537.36"
176.123.9.201 - - [29/Jun/2021:15:54:31 -0400] "POST //xmlrpc.php HTTP/1.1" 200 5512 "-" "Mozilla/5.0 (Windows NT 10.0; Win64; x64) AppleWebKit/537.36 (KHTML, like Gecko) Chrome/88.0.4240.193 Safari/537.36"
176.123.9.201 - - [29/Jun/2021:15:54:32 -0400] "POST //xmlrpc.php HTTP/1.1" 200 5512 "-" "Mozilla/5.0 (Windows NT 10.0; Win64; x64) AppleWebKit/537.36 (KHTML, like Gecko) Chrome/88.0.4240.193 Safari/537.36"
176.123.9.201 - - [29/Jun/2021:15:54:34 -0400] "POST //xmlrpc.php HTTP/1.1" 200 5512 "-" "Mozilla/5.0 (Windows NT 10.0; Win64; x64) AppleWebKit/537.36 (KHTML, like Gecko) Chrome/88.0.4240.193 Safari/537.36"
176.123.9.201 - - [29/Jun/2021:15:54:36 -0400] "POST //xmlrpc.php HTTP/1.1" 200 5512 "-" "Mozilla/5.0 (Windows NT 10.0; Win64; x64) AppleWebKit/537.36 (KHTML, like Gecko) Chrome/88.0.4240.193 Safari/537.36"
204.48.19.85 - - [29/Jun/2021:15:54:39 -0400] "POST /wp-cron.php?doing_wp_cron=1624996479.0796079635620117187500 HTTP/1.1" 200 5389 "https://bubandcompany.com/wp-cron.php?doing_wp_cron=1624996479.0796079635620117187500" "WordPress/5.7.2; https://bubandcompany.com"
176.123.9.201 - - [29/Jun/2021:15:54:38 -0400] "POST //xmlrpc.php HTTP/1.1" 200 5512 "-" "Mozilla/5.0 (Windows NT 10.0; Win64; x64) AppleWebKit/537.36 (KHTML, like Gecko) Chrome/88.0.4240.193 Safari/537.36"
204.48.19.85 - - [29/Jun/2021:15:54:41 -0400] "POST /wp-cron.php?doing_wp_cron=1624996481.8076789379119873046875 HTTP/1.1" 200 5389 "https://bubandcompany.com/wp-cron.php?doing_wp_cron=1624996481.8076789379119873046875" "WordPress/5.7.2; https://bubandcompany.com"
176.123.9.201 - - [29/Jun/2021:15:54:41 -0400] "POST //xmlrpc.php HTTP/1.1" 200 5512 "-" "Mozilla/5.0 (Windows NT 10.0; Win64; x64) AppleWebKit/537.36 (KHTML, like Gecko) Chrome/88.0.4240.193 Safari/537.36"
176.123.9.201 - - [29/Jun/2021:15:54:43 -0400] "POST //xmlrpc.php HTTP/1.1" 200 5512 "-" "Mozilla/5.0 (Windows NT 10.0; Win64; x64) AppleWebKit/537.36 (KHTML, like Gecko) Chrome/88.0.4240.193 Safari/537.36"
176.123.9.201 - - [29/Jun/2021:15:54:44 -0400] "POST //xmlrpc.php HTTP/1.1" 200 5512 "-" "Mozilla/5.0 (Windows NT 10.0; Win64; x64) AppleWebKit/537.36 (KHTML, like Gecko) Chrome/88.0.4240.193 Safari/537.36"
176.123.9.201 - - [29/Jun/2021:15:54:46 -0400] "POST //xmlrpc.php HTTP/1.1" 200 5512 "-" "Mozilla/5.0 (Windows NT 10.0; Win64; x64) AppleWebKit/537.36 (KHTML, like Gecko) Chrome/88.0.4240.193 Safari/537.36"
176.123.9.201 - - [29/Jun/2021:15:54:48 -0400] "POST //xmlrpc.php HTTP/1.1" 200 5512 "-" "Mozilla/5.0 (Windows NT 10.0; Win64; x64) AppleWebKit/537.36 (KHTML, like Gecko) Chrome/88.0.4240.193 Safari/537.36"
176.123.9.201 - - [29/Jun/2021:15:54:49 -0400] "POST //xmlrpc.php HTTP/1.1" 200 5512 "-" "Mozilla/5.0 (Windows NT 10.0; Win64; x64) AppleWebKit/537.36 (KHTML, like Gecko) Chrome/88.0.4240.193 Safari/537.36"
176.123.9.201 - - [29/Jun/2021:15:54:51 -0400] "POST //xmlrpc.php HTTP/1.1" 200 5512 "-" "Mozilla/5.0 (Windows NT 10.0; Win64; x64) AppleWebKit/537.36 (KHTML, like Gecko) Chrome/88.0.4240.193 Safari/537.36"
176.123.9.201 - - [29/Jun/2021:15:54:53 -0400] "POST //xmlrpc.php HTTP/1.1" 200 5512 "-" "Mozilla/5.0 (Windows NT 10.0; Win64; x64) AppleWebKit/537.36 (KHTML, like Gecko) Chrome/88.0.4240.193 Safari/537.36"
176.123.9.201 - - [29/Jun/2021:15:54:54 -0400] "POST //xmlrpc.php HTTP/1.1" 200 5512 "-" "Mozilla/5.0 (Windows NT 10.0; Win64; x64) AppleWebKit/537.36 (KHTML, like Gecko) Chrome/88.0.4240.193 Safari/537.36"
176.123.9.201 - - [29/Jun/2021:15:54:57 -0400] "POST //xmlrpc.php HTTP/1.1" 200 5512 "-" "Mozilla/5.0 (Windows NT 10.0; Win64; x64) AppleWebKit/537.36 (KHTML, like Gecko) Chrome/88.0.4240.193 Safari/537.36"
176.123.9.201 - - [29/Jun/2021:15:54:58 -0400] "POST //xmlrpc.php HTTP/1.1" 200 5512 "-" "Mozilla/5.0 (Windows NT 10.0; Win64; x64) AppleWebKit/537.36 (KHTML, like Gecko) Chrome/88.0.4240.193 Safari/537.36"
176.123.9.201 - - [29/Jun/2021:15:55:00 -0400] "POST //xmlrpc.php HTTP/1.1" 200 5512 "-" "Mozilla/5.0 (Windows NT 10.0; Win64; x64) AppleWebKit/537.36 (KHTML, like Gecko) Chrome/88.0.4240.193 Safari/537.36"
176.123.9.201 - - [29/Jun/2021:15:55:03 -0400] "POST //xmlrpc.php HTTP/1.1" 200 5512 "-" "Mozilla/5.0 (Windows NT 10.0; Win64; x64) AppleWebKit/537.36 (KHTML, like Gecko) Chrome/88.0.4240.193 Safari/537.36"
176.123.9.201 - - [29/Jun/2021:15:55:05 -0400] "POST //xmlrpc.php HTTP/1.1" 200 5512 "-" "Mozilla/5.0 (Windows NT 10.0; Win64; x64) AppleWebKit/537.36 (KHTML, like Gecko) Chrome/88.0.4240.193 Safari/537.36"
176.123.9.201 - - [29/Jun/2021:15:55:07 -0400] "POST //xmlrpc.php HTTP/1.1" 200 5512 "-" "Mozilla/5.0 (Windows NT 10.0; Win64; x64) AppleWebKit/537.36 (KHTML, like Gecko) Chrome/88.0.4240.193 Safari/537.36"
176.123.9.201 - - [29/Jun/2021:15:55:09 -0400] "POST //xmlrpc.php HTTP/1.1" 200 5512 "-" "Mozilla/5.0 (Windows NT 10.0; Win64; x64) AppleWebKit/537.36 (KHTML, like Gecko) Chrome/88.0.4240.193 Safari/537.36"
204.48.19.85 - - [29/Jun/2021:15:55:11 -0400] "POST /wp-cron.php?doing_wp_cron=1624996511.8968679904937744140625 HTTP/1.1" 200 5389 "https://bubandcompany.com/wp-cron.php?doing_wp_cron=1624996511.8968679904937744140625" "WordPress/5.7.2; https://bubandcompany.com"
176.123.9.201 - - [29/Jun/2021:15:55:11 -0400] "POST //xmlrpc.php HTTP/1.1" 200 5512 "-" "Mozilla/5.0 (Windows NT 10.0; Win64; x64) AppleWebKit/537.36 (KHTML, like Gecko) Chrome/88.0.4240.193 Safari/537.36"
176.123.9.201 - - [29/Jun/2021:15:55:13 -0400] "POST //xmlrpc.php HTTP/1.1" 200 5512 "-" "Mozilla/5.0 (Windows NT 10.0; Win64; x64) AppleWebKit/537.36 (KHTML, like Gecko) Chrome/88.0.4240.193 Safari/537.36"
176.123.9.201 - - [29/Jun/2021:15:55:16 -0400] "POST //xmlrpc.php HTTP/1.1" 200 5512 "-" "Mozilla/5.0 (Windows NT 10.0; Win64; x64) AppleWebKit/537.36 (KHTML, like Gecko) Chrome/88.0.4240.193 Safari/537.36"
176.123.9.201 - - [29/Jun/2021:15:55:18 -0400] "POST //xmlrpc.php HTTP/1.1" 200 5512 "-" "Mozilla/5.0 (Windows NT 10.0; Win64; x64) AppleWebKit/537.36 (KHTML, like Gecko) Chrome/88.0.4240.193 Safari/537.36"
176.123.9.201 - - [29/Jun/2021:15:55:20 -0400] "POST //xmlrpc.php HTTP/1.1" 200 5512 "-" "Mozilla/5.0 (Windows NT 10.0; Win64; x64) AppleWebKit/537.36 (KHTML, like Gecko) Chrome/88.0.4240.193 Safari/537.36"
204.48.19.85 - - [29/Jun/2021:15:55:22 -0400] "POST /wp-cron.php?doing_wp_cron=1624996522.2990369796752929687500 HTTP/1.1" 200 5389 "https://bubandcompany.com/wp-cron.php?doing_wp_cron=1624996522.2990369796752929687500" "WordPress/5.7.2; https://bubandcompany.com"
176.123.9.201 - - [29/Jun/2021:15:55:21 -0400] "POST //xmlrpc.php HTTP/1.1" 200 5512 "-" "Mozilla/5.0 (Windows NT 10.0; Win64; x64) AppleWebKit/537.36 (KHTML, like Gecko) Chrome/88.0.4240.193 Safari/537.36"
54.36.148.153 - - [29/Jun/2021:15:55:26 -0400] "GET /robots.txt HTTP/1.1" 404 444 "-" "Mozilla/5.0 (compatible; AhrefsBot/7.0; +http://ahrefs.com/robot/)"
54.36.148.8 - - [29/Jun/2021:15:55:27 -0400] "GET / HTTP/1.1" 200 1040 "-" "Mozilla/5.0 (compatible; AhrefsBot/7.0; +http://ahrefs.com/robot/)"
107.180.73.192 - - [29/Jun/2021:15:59:06 -0400] "POST /wp-login.php HTTP/1.1" 200 9937 "-" "Mozilla/5.0 (Windows NT 6.1; Win64; x64) AppleWebKit/537.36 (KHTML, like Gecko) Chrome/67.0.3396.87 Safari/537.36"
128.199.106.230 - - [29/Jun/2021:16:00:24 -0400] "GET /wp-login.php HTTP/1.1" 200 9235 "-" "Mozilla/5.0 (X11; Ubuntu; Linux x86_64; rv:62.0) Gecko/20100101 Firefox/62.0"
128.199.106.230 - - [29/Jun/2021:16:00:30 -0400] "POST /wp-login.php HTTP/1.1" 200 9235 "-" "Mozilla/5.0 (X11; Ubuntu; Linux x86_64; rv:62.0) Gecko/20100101 Firefox/62.0"
128.199.106.230 - - [29/Jun/2021:16:00:35 -0400] "POST /xmlrpc.php HTTP/1.1" 200 5095 "-" "Mozilla/5.0 (X11; Ubuntu; Linux x86_64; rv:62.0) Gecko/20100101 Firefox/62.0"
204.48.19.85 - - [29/Jun/2021:16:00:37 -0400] "POST /wp-cron.php?doing_wp_cron=1624996837.2085680961608886718750 HTTP/1.1" 200 5389 "https://bubandcompany.com/wp-cron.php?doing_wp_cron=1624996837.2085680961608886718750" "WordPress/5.7.2; https://bubandcompany.com"
156.67.222.111 - - [29/Jun/2021:16:26:47 -0400] "GET /data.php HTTP/1.1" 301 540 "http://simplesite.com" "Mozilla/5.0 (Windows; U; Windows NT 5.1; en-US) AppleWebKit/533.4 (KHTML, like Gecko) Chrome/5.0.375.99 Safari/533.4"
156.67.222.111 - - [29/Jun/2021:16:26:49 -0400] "GET /data.php HTTP/1.1" 404 5664 "http://bubandcompany.com/data.php" "Mozilla/5.0 (Windows; U; Windows NT 5.1; en-US) AppleWebKit/533.4 (KHTML, like Gecko) Chrome/5.0.375.99 Safari/533.4"
156.67.222.111 - - [29/Jun/2021:16:26:53 -0400] "GET /data.php HTTP/1.1" 301 540 "http://simplesite.com" "Mozilla/5.0 (Windows; U; Windows NT 5.1; en-US) AppleWebKit/533.4 (KHTML, like Gecko) Chrome/5.0.375.99 Safari/533.4"
156.67.222.111 - - [29/Jun/2021:16:26:55 -0400] "GET /data.php HTTP/1.1" 404 5664 "http://bubandcompany.com/data.php" "Mozilla/5.0 (Windows; U; Windows NT 5.1; en-US) AppleWebKit/533.4 (KHTML, like Gecko) Chrome/5.0.375.99 Safari/533.4"
210.212.250.39 - - [29/Jun/2021:16:33:50 -0400] "GET /wp-login.php HTTP/1.1" 200 9234 "-" "Mozilla/5.0 (X11; Ubuntu; Linux x86_64; rv:62.0) Gecko/20100101 Firefox/62.0"
210.212.250.39 - - [29/Jun/2021:16:33:52 -0400] "POST /wp-login.php HTTP/1.1" 200 9234 "-" "Mozilla/5.0 (X11; Ubuntu; Linux x86_64; rv:62.0) Gecko/20100101 Firefox/62.0"
204.48.19.85 - - [29/Jun/2021:16:33:54 -0400] "POST /wp-cron.php?doing_wp_cron=1624998834.3935489654541015625000 HTTP/1.1" 200 5389 "https://bubandcompany.com/wp-cron.php?doing_wp_cron=1624998834.3935489654541015625000" "WordPress/5.7.2; https://bubandcompany.com"
210.212.250.39 - - [29/Jun/2021:16:33:53 -0400] "POST /xmlrpc.php HTTP/1.1" 200 5093 "-" "Mozilla/5.0 (X11; Ubuntu; Linux x86_64; rv:62.0) Gecko/20100101 Firefox/62.0"
45.144.29.40 - - [29/Jun/2021:16:52:14 -0400] "GET / HTTP/1.1" 200 5607 "-" "Mozilla/5.0 (Windows NT 10.0; Win64; x64) AppleWebKit/537.36 (KHTML, like Gecko) Chrome/89.0.4389.82 Safari/537.36"
192.0.102.11 - - [29/Jun/2021:16:52:17 -0400] "POST /xmlrpc.php?for=jetpack&token=%29%28dLwbcv%23b%21fiadHWlOCHmw%25nhq9rDir%3A1%3A0&timestamp=1624999937&nonce=qx31gQVJtY&body-hash=u9PchwX6M0SaeiSzQKj%2F07xm4Ng%3D&signature=4KClpohFPXKG8jgpHjc%2BKGtoDD0%3D HTTP/1.1" 200 5386 "https://bubandcompany.com/xmlrpc.php?for=jetpack&token=%29%28dLwbcv%23b%21fiadHWlOCHmw%25nhq9rDir%3A1%3A0&timestamp=1624999937&nonce=qx31gQVJtY&body-hash=u9PchwX6M0SaeiSzQKj%2F07xm4Ng%3D&signature=4KClpohFPXKG8jgpHjc%2BKGtoDD0%3D" "Jetpack by WordPress.com"
204.48.19.85 - - [29/Jun/2021:16:52:15 -0400] "POST /wp-cron.php?doing_wp_cron=1624999935.1558370590209960937500 HTTP/1.1" 200 5389 "https://bubandcompany.com/wp-cron.php?doing_wp_cron=1624999935.1558370590209960937500" "WordPress/5.7.2; https://bubandcompany.com"
193.112.127.112 - - [29/Jun/2021:17:00:53 -0400] "POST /wp-login.php HTTP/1.1" 200 9935 "-" "Mozilla/5.0 (Windows NT 6.3; Win64; x64) AppleWebKit/537.36 (KHTML, like Gecko) Chrome/77.0.3865.90 Safari/537.36"
62.210.180.176 - - [29/Jun/2021:17:05:02 -0400] "GET / HTTP/1.1" 301 580 "-" "Mozilla/5.0 (Windows NT 10.0; Win64; x64) AppleWebKit/537.36 (KHTML, like Gecko) Chrome/89.0.4389.114 Safari/537.36"
62.210.180.176 - - [29/Jun/2021:17:05:03 -0400] "GET / HTTP/1.1" 200 7333 "-" "Mozilla/5.0 (Windows NT 10.0; Win64; x64) AppleWebKit/537.36 (KHTML, like Gecko) Chrome/89.0.4389.114 Safari/537.36"
204.48.19.85 - - [29/Jun/2021:17:05:04 -0400] "POST /wp-cron.php?doing_wp_cron=1625000704.3507831096649169921875 HTTP/1.1" 200 5389 "https://bubandcompany.com/wp-cron.php?doing_wp_cron=1625000704.3507831096649169921875" "WordPress/5.7.2; https://bubandcompany.com"
62.210.180.176 - - [29/Jun/2021:17:05:05 -0400] "GET //wp-includes/wlwmanifest.xml HTTP/1.1" 200 1380 "-" "Mozilla/5.0 (Windows NT 10.0; Win64; x64) AppleWebKit/537.36 (KHTML, like Gecko) Chrome/89.0.4389.114 Safari/537.36"
62.210.180.176 - - [29/Jun/2021:17:05:05 -0400] "GET //?author=1 HTTP/1.1" 200 2597 "-" "Mozilla/5.0 (Windows NT 10.0; Win64; x64) AppleWebKit/537.36 (KHTML, like Gecko) Chrome/89.0.4389.114 Safari/537.36"
62.210.180.176 - - [29/Jun/2021:17:05:06 -0400] "GET //?author=2 HTTP/1.1" 200 2597 "-" "Mozilla/5.0 (Windows NT 10.0; Win64; x64) AppleWebKit/537.36 (KHTML, like Gecko) Chrome/89.0.4389.114 Safari/537.36"
62.210.180.176 - - [29/Jun/2021:17:05:07 -0400] "GET //?author=3 HTTP/1.1" 200 2597 "-" "Mozilla/5.0 (Windows NT 10.0; Win64; x64) AppleWebKit/537.36 (KHTML, like Gecko) Chrome/89.0.4389.114 Safari/537.36"
62.210.180.176 - - [29/Jun/2021:17:05:08 -0400] "GET //wp-json/wp/v2/users/ HTTP/1.1" 404 517 "-" "Mozilla/5.0 (Windows NT 10.0; Win64; x64) AppleWebKit/537.36 (KHTML, like Gecko) Chrome/89.0.4389.114 Safari/537.36"
62.210.180.176 - - [29/Jun/2021:17:05:08 -0400] "GET //wp-json/oembed/1.0/embed?url=https://bubandcompany.com/ HTTP/1.1" 404 517 "-" "Mozilla/5.0 (Windows NT 10.0; Win64; x64) AppleWebKit/537.36 (KHTML, like Gecko) Chrome/89.0.4389.114 Safari/537.36"
62.210.180.176 - - [29/Jun/2021:17:05:08 -0400] "POST //xmlrpc.php HTTP/1.1" 200 783 "-" "Mozilla/5.0 (Windows NT 10.0; Win64; x64) AppleWebKit/537.36 (KHTML, like Gecko) Chrome/89.0.4389.114 Safari/537.36"
62.210.180.176 - - [29/Jun/2021:17:05:09 -0400] "POST //xmlrpc.php HTTP/1.1" 200 5468 "-" "Mozilla/5.0 (Windows NT 10.0; Win64; x64) AppleWebKit/537.36 (KHTML, like Gecko) Chrome/89.0.4389.114 Safari/537.36"
204.48.19.85 - - [29/Jun/2021:17:05:11 -0400] "POST /wp-cron.php?doing_wp_cron=1625000711.6236820220947265625000 HTTP/1.1" 200 5389 "https://bubandcompany.com/wp-cron.php?doing_wp_cron=1625000711.6236820220947265625000" "WordPress/5.7.2; https://bubandcompany.com"
62.210.180.176 - - [29/Jun/2021:17:05:10 -0400] "POST //xmlrpc.php HTTP/1.1" 200 5468 "-" "Mozilla/5.0 (Windows NT 10.0; Win64; x64) AppleWebKit/537.36 (KHTML, like Gecko) Chrome/89.0.4389.114 Safari/537.36"
62.210.180.176 - - [29/Jun/2021:17:05:12 -0400] "POST //xmlrpc.php HTTP/1.1" 200 5468 "-" "Mozilla/5.0 (Windows NT 10.0; Win64; x64) AppleWebKit/537.36 (KHTML, like Gecko) Chrome/89.0.4389.114 Safari/537.36"
62.210.180.176 - - [29/Jun/2021:17:05:14 -0400] "POST //xmlrpc.php HTTP/1.1" 200 5468 "-" "Mozilla/5.0 (Windows NT 10.0; Win64; x64) AppleWebKit/537.36 (KHTML, like Gecko) Chrome/89.0.4389.114 Safari/537.36"
62.210.180.176 - - [29/Jun/2021:17:05:15 -0400] "POST //xmlrpc.php HTTP/1.1" 200 5468 "-" "Mozilla/5.0 (Windows NT 10.0; Win64; x64) AppleWebKit/537.36 (KHTML, like Gecko) Chrome/89.0.4389.114 Safari/537.36"
62.210.180.176 - - [29/Jun/2021:17:05:16 -0400] "POST //xmlrpc.php HTTP/1.1" 200 5468 "-" "Mozilla/5.0 (Windows NT 10.0; Win64; x64) AppleWebKit/537.36 (KHTML, like Gecko) Chrome/89.0.4389.114 Safari/537.36"
62.210.180.176 - - [29/Jun/2021:17:05:17 -0400] "POST //xmlrpc.php HTTP/1.1" 200 5468 "-" "Mozilla/5.0 (Windows NT 10.0; Win64; x64) AppleWebKit/537.36 (KHTML, like Gecko) Chrome/89.0.4389.114 Safari/537.36"
62.210.180.176 - - [29/Jun/2021:17:05:18 -0400] "POST //xmlrpc.php HTTP/1.1" 200 5468 "-" "Mozilla/5.0 (Windows NT 10.0; Win64; x64) AppleWebKit/537.36 (KHTML, like Gecko) Chrome/89.0.4389.114 Safari/537.36"
62.210.180.176 - - [29/Jun/2021:17:05:20 -0400] "POST //xmlrpc.php HTTP/1.1" 200 5468 "-" "Mozilla/5.0 (Windows NT 10.0; Win64; x64) AppleWebKit/537.36 (KHTML, like Gecko) Chrome/89.0.4389.114 Safari/537.36"
204.48.19.85 - - [29/Jun/2021:17:05:22 -0400] "POST /wp-cron.php?doing_wp_cron=1625000722.1994209289550781250000 HTTP/1.1" 200 5389 "https://bubandcompany.com/wp-cron.php?doing_wp_cron=1625000722.1994209289550781250000" "WordPress/5.7.2; https://bubandcompany.com"
62.210.180.176 - - [29/Jun/2021:17:05:21 -0400] "POST //xmlrpc.php HTTP/1.1" 200 5468 "-" "Mozilla/5.0 (Windows NT 10.0; Win64; x64) AppleWebKit/537.36 (KHTML, like Gecko) Chrome/89.0.4389.114 Safari/537.36"
62.210.180.176 - - [29/Jun/2021:17:05:23 -0400] "POST //xmlrpc.php HTTP/1.1" 200 5468 "-" "Mozilla/5.0 (Windows NT 10.0; Win64; x64) AppleWebKit/537.36 (KHTML, like Gecko) Chrome/89.0.4389.114 Safari/537.36"
62.210.180.176 - - [29/Jun/2021:17:05:24 -0400] "POST //xmlrpc.php HTTP/1.1" 200 5468 "-" "Mozilla/5.0 (Windows NT 10.0; Win64; x64) AppleWebKit/537.36 (KHTML, like Gecko) Chrome/89.0.4389.114 Safari/537.36"
62.210.180.176 - - [29/Jun/2021:17:05:25 -0400] "POST //xmlrpc.php HTTP/1.1" 200 5468 "-" "Mozilla/5.0 (Windows NT 10.0; Win64; x64) AppleWebKit/537.36 (KHTML, like Gecko) Chrome/89.0.4389.114 Safari/537.36"
62.210.180.176 - - [29/Jun/2021:17:05:26 -0400] "POST //xmlrpc.php HTTP/1.1" 200 5468 "-" "Mozilla/5.0 (Windows NT 10.0; Win64; x64) AppleWebKit/537.36 (KHTML, like Gecko) Chrome/89.0.4389.114 Safari/537.36"
62.210.180.176 - - [29/Jun/2021:17:05:27 -0400] "POST //xmlrpc.php HTTP/1.1" 200 5468 "-" "Mozilla/5.0 (Windows NT 10.0; Win64; x64) AppleWebKit/537.36 (KHTML, like Gecko) Chrome/89.0.4389.114 Safari/537.36"
62.210.180.176 - - [29/Jun/2021:17:05:29 -0400] "POST //xmlrpc.php HTTP/1.1" 200 5468 "-" "Mozilla/5.0 (Windows NT 10.0; Win64; x64) AppleWebKit/537.36 (KHTML, like Gecko) Chrome/89.0.4389.114 Safari/537.36"
62.210.180.176 - - [29/Jun/2021:17:05:30 -0400] "POST //xmlrpc.php HTTP/1.1" 200 5468 "-" "Mozilla/5.0 (Windows NT 10.0; Win64; x64) AppleWebKit/537.36 (KHTML, like Gecko) Chrome/89.0.4389.114 Safari/537.36"
62.210.180.176 - - [29/Jun/2021:17:05:31 -0400] "POST //xmlrpc.php HTTP/1.1" 200 5468 "-" "Mozilla/5.0 (Windows NT 10.0; Win64; x64) AppleWebKit/537.36 (KHTML, like Gecko) Chrome/89.0.4389.114 Safari/537.36"
62.210.180.176 - - [29/Jun/2021:17:05:32 -0400] "POST //xmlrpc.php HTTP/1.1" 200 5468 "-" "Mozilla/5.0 (Windows NT 10.0; Win64; x64) AppleWebKit/537.36 (KHTML, like Gecko) Chrome/89.0.4389.114 Safari/537.36"
62.210.180.176 - - [29/Jun/2021:17:05:33 -0400] "POST //xmlrpc.php HTTP/1.1" 200 5468 "-" "Mozilla/5.0 (Windows NT 10.0; Win64; x64) AppleWebKit/537.36 (KHTML, like Gecko) Chrome/89.0.4389.114 Safari/537.36"
62.210.180.176 - - [29/Jun/2021:17:05:34 -0400] "POST //xmlrpc.php HTTP/1.1" 200 5468 "-" "Mozilla/5.0 (Windows NT 10.0; Win64; x64) AppleWebKit/537.36 (KHTML, like Gecko) Chrome/89.0.4389.114 Safari/537.36"
62.210.180.176 - - [29/Jun/2021:17:05:35 -0400] "POST //xmlrpc.php HTTP/1.1" 200 5468 "-" "Mozilla/5.0 (Windows NT 10.0; Win64; x64) AppleWebKit/537.36 (KHTML, like Gecko) Chrome/89.0.4389.114 Safari/537.36"
62.210.180.176 - - [29/Jun/2021:17:05:36 -0400] "POST //xmlrpc.php HTTP/1.1" 200 5468 "-" "Mozilla/5.0 (Windows NT 10.0; Win64; x64) AppleWebKit/537.36 (KHTML, like Gecko) Chrome/89.0.4389.114 Safari/537.36"
62.210.180.176 - - [29/Jun/2021:17:05:38 -0400] "POST //xmlrpc.php HTTP/1.1" 200 5468 "-" "Mozilla/5.0 (Windows NT 10.0; Win64; x64) AppleWebKit/537.36 (KHTML, like Gecko) Chrome/89.0.4389.114 Safari/537.36"
204.48.19.85 - - [29/Jun/2021:17:05:39 -0400] "POST /wp-cron.php?doing_wp_cron=1625000739.9670629501342773437500 HTTP/1.1" 200 5389 "https://bubandcompany.com/wp-cron.php?doing_wp_cron=1625000739.9670629501342773437500" "WordPress/5.7.2; https://bubandcompany.com"
62.210.180.176 - - [29/Jun/2021:17:05:39 -0400] "POST //xmlrpc.php HTTP/1.1" 200 5468 "-" "Mozilla/5.0 (Windows NT 10.0; Win64; x64) AppleWebKit/537.36 (KHTML, like Gecko) Chrome/89.0.4389.114 Safari/537.36"
204.48.19.85 - - [29/Jun/2021:17:05:41 -0400] "POST /wp-cron.php?doing_wp_cron=1625000741.9438939094543457031250 HTTP/1.1" 200 5389 "https://bubandcompany.com/wp-cron.php?doing_wp_cron=1625000741.9438939094543457031250" "WordPress/5.7.2; https://bubandcompany.com"
62.210.180.176 - - [29/Jun/2021:17:05:41 -0400] "POST //xmlrpc.php HTTP/1.1" 200 5468 "-" "Mozilla/5.0 (Windows NT 10.0; Win64; x64) AppleWebKit/537.36 (KHTML, like Gecko) Chrome/89.0.4389.114 Safari/537.36"
62.210.180.176 - - [29/Jun/2021:17:05:43 -0400] "POST //xmlrpc.php HTTP/1.1" 200 5468 "-" "Mozilla/5.0 (Windows NT 10.0; Win64; x64) AppleWebKit/537.36 (KHTML, like Gecko) Chrome/89.0.4389.114 Safari/537.36"
62.210.180.176 - - [29/Jun/2021:17:05:44 -0400] "POST //xmlrpc.php HTTP/1.1" 200 5468 "-" "Mozilla/5.0 (Windows NT 10.0; Win64; x64) AppleWebKit/537.36 (KHTML, like Gecko) Chrome/89.0.4389.114 Safari/537.36"
62.210.180.176 - - [29/Jun/2021:17:05:45 -0400] "POST //xmlrpc.php HTTP/1.1" 200 5468 "-" "Mozilla/5.0 (Windows NT 10.0; Win64; x64) AppleWebKit/537.36 (KHTML, like Gecko) Chrome/89.0.4389.114 Safari/537.36"
62.210.180.176 - - [29/Jun/2021:17:05:46 -0400] "POST //xmlrpc.php HTTP/1.1" 200 5468 "-" "Mozilla/5.0 (Windows NT 10.0; Win64; x64) AppleWebKit/537.36 (KHTML, like Gecko) Chrome/89.0.4389.114 Safari/537.36"
62.210.180.176 - - [29/Jun/2021:17:05:47 -0400] "POST //xmlrpc.php HTTP/1.1" 200 5468 "-" "Mozilla/5.0 (Windows NT 10.0; Win64; x64) AppleWebKit/537.36 (KHTML, like Gecko) Chrome/89.0.4389.114 Safari/537.36"
62.210.180.176 - - [29/Jun/2021:17:05:48 -0400] "POST //xmlrpc.php HTTP/1.1" 200 5468 "-" "Mozilla/5.0 (Windows NT 10.0; Win64; x64) AppleWebKit/537.36 (KHTML, like Gecko) Chrome/89.0.4389.114 Safari/537.36"
62.210.180.176 - - [29/Jun/2021:17:05:49 -0400] "POST //xmlrpc.php HTTP/1.1" 200 5468 "-" "Mozilla/5.0 (Windows NT 10.0; Win64; x64) AppleWebKit/537.36 (KHTML, like Gecko) Chrome/89.0.4389.114 Safari/537.36"
62.210.180.176 - - [29/Jun/2021:17:05:50 -0400] "POST //xmlrpc.php HTTP/1.1" 200 5468 "-" "Mozilla/5.0 (Windows NT 10.0; Win64; x64) AppleWebKit/537.36 (KHTML, like Gecko) Chrome/89.0.4389.114 Safari/537.36"
62.210.180.176 - - [29/Jun/2021:17:05:52 -0400] "POST //xmlrpc.php HTTP/1.1" 200 5468 "-" "Mozilla/5.0 (Windows NT 10.0; Win64; x64) AppleWebKit/537.36 (KHTML, like Gecko) Chrome/89.0.4389.114 Safari/537.36"
62.210.180.176 - - [29/Jun/2021:17:05:53 -0400] "POST //xmlrpc.php HTTP/1.1" 200 5468 "-" "Mozilla/5.0 (Windows NT 10.0; Win64; x64) AppleWebKit/537.36 (KHTML, like Gecko) Chrome/89.0.4389.114 Safari/537.36"
62.210.180.176 - - [29/Jun/2021:17:05:54 -0400] "POST //xmlrpc.php HTTP/1.1" 200 5468 "-" "Mozilla/5.0 (Windows NT 10.0; Win64; x64) AppleWebKit/537.36 (KHTML, like Gecko) Chrome/89.0.4389.114 Safari/537.36"
62.210.180.176 - - [29/Jun/2021:17:05:55 -0400] "POST //xmlrpc.php HTTP/1.1" 200 5468 "-" "Mozilla/5.0 (Windows NT 10.0; Win64; x64) AppleWebKit/537.36 (KHTML, like Gecko) Chrome/89.0.4389.114 Safari/537.36"
62.210.180.176 - - [29/Jun/2021:17:05:56 -0400] "POST //xmlrpc.php HTTP/1.1" 200 5468 "-" "Mozilla/5.0 (Windows NT 10.0; Win64; x64) AppleWebKit/537.36 (KHTML, like Gecko) Chrome/89.0.4389.114 Safari/537.36"
62.210.180.176 - - [29/Jun/2021:17:05:57 -0400] "POST //xmlrpc.php HTTP/1.1" 200 5468 "-" "Mozilla/5.0 (Windows NT 10.0; Win64; x64) AppleWebKit/537.36 (KHTML, like Gecko) Chrome/89.0.4389.114 Safari/537.36"
62.210.180.176 - - [29/Jun/2021:17:05:58 -0400] "POST //xmlrpc.php HTTP/1.1" 200 5468 "-" "Mozilla/5.0 (Windows NT 10.0; Win64; x64) AppleWebKit/537.36 (KHTML, like Gecko) Chrome/89.0.4389.114 Safari/537.36"
62.210.180.176 - - [29/Jun/2021:17:06:00 -0400] "POST //xmlrpc.php HTTP/1.1" 200 5468 "-" "Mozilla/5.0 (Windows NT 10.0; Win64; x64) AppleWebKit/537.36 (KHTML, like Gecko) Chrome/89.0.4389.114 Safari/537.36"
62.210.180.176 - - [29/Jun/2021:17:06:01 -0400] "POST //xmlrpc.php HTTP/1.1" 200 5468 "-" "Mozilla/5.0 (Windows NT 10.0; Win64; x64) AppleWebKit/537.36 (KHTML, like Gecko) Chrome/89.0.4389.114 Safari/537.36"
62.210.180.176 - - [29/Jun/2021:17:06:02 -0400] "POST //xmlrpc.php HTTP/1.1" 200 5468 "-" "Mozilla/5.0 (Windows NT 10.0; Win64; x64) AppleWebKit/537.36 (KHTML, like Gecko) Chrome/89.0.4389.114 Safari/537.36"
62.210.180.176 - - [29/Jun/2021:17:06:03 -0400] "POST //xmlrpc.php HTTP/1.1" 200 5468 "-" "Mozilla/5.0 (Windows NT 10.0; Win64; x64) AppleWebKit/537.36 (KHTML, like Gecko) Chrome/89.0.4389.114 Safari/537.36"
62.210.180.176 - - [29/Jun/2021:17:06:05 -0400] "POST //xmlrpc.php HTTP/1.1" 200 5468 "-" "Mozilla/5.0 (Windows NT 10.0; Win64; x64) AppleWebKit/537.36 (KHTML, like Gecko) Chrome/89.0.4389.114 Safari/537.36"
62.210.180.176 - - [29/Jun/2021:17:06:06 -0400] "POST //xmlrpc.php HTTP/1.1" 200 5468 "-" "Mozilla/5.0 (Windows NT 10.0; Win64; x64) AppleWebKit/537.36 (KHTML, like Gecko) Chrome/89.0.4389.114 Safari/537.36"
62.210.180.176 - - [29/Jun/2021:17:06:07 -0400] "POST //xmlrpc.php HTTP/1.1" 200 5468 "-" "Mozilla/5.0 (Windows NT 10.0; Win64; x64) AppleWebKit/537.36 (KHTML, like Gecko) Chrome/89.0.4389.114 Safari/537.36"
62.210.180.176 - - [29/Jun/2021:17:06:08 -0400] "POST //xmlrpc.php HTTP/1.1" 200 5468 "-" "Mozilla/5.0 (Windows NT 10.0; Win64; x64) AppleWebKit/537.36 (KHTML, like Gecko) Chrome/89.0.4389.114 Safari/537.36"
62.210.180.176 - - [29/Jun/2021:17:06:10 -0400] "POST //xmlrpc.php HTTP/1.1" 200 5468 "-" "Mozilla/5.0 (Windows NT 10.0; Win64; x64) AppleWebKit/537.36 (KHTML, like Gecko) Chrome/89.0.4389.114 Safari/537.36"
62.210.180.176 - - [29/Jun/2021:17:06:11 -0400] "POST //xmlrpc.php HTTP/1.1" 200 5468 "-" "Mozilla/5.0 (Windows NT 10.0; Win64; x64) AppleWebKit/537.36 (KHTML, like Gecko) Chrome/89.0.4389.114 Safari/537.36"
62.210.180.176 - - [29/Jun/2021:17:06:12 -0400] "POST //xmlrpc.php HTTP/1.1" 200 5468 "-" "Mozilla/5.0 (Windows NT 10.0; Win64; x64) AppleWebKit/537.36 (KHTML, like Gecko) Chrome/89.0.4389.114 Safari/537.36"
62.210.180.176 - - [29/Jun/2021:17:06:13 -0400] "POST //xmlrpc.php HTTP/1.1" 200 5468 "-" "Mozilla/5.0 (Windows NT 10.0; Win64; x64) AppleWebKit/537.36 (KHTML, like Gecko) Chrome/89.0.4389.114 Safari/537.36"
62.210.180.176 - - [29/Jun/2021:17:06:14 -0400] "POST //xmlrpc.php HTTP/1.1" 200 5468 "-" "Mozilla/5.0 (Windows NT 10.0; Win64; x64) AppleWebKit/537.36 (KHTML, like Gecko) Chrome/89.0.4389.114 Safari/537.36"
51.79.69.33 - - [29/Jun/2021:17:06:15 -0400] "GET /wp-login.php HTTP/1.1" 200 9232 "-" "Mozilla/5.0 (X11; Ubuntu; Linux x86_64; rv:62.0) Gecko/20100101 Firefox/62.0"
62.210.180.176 - - [29/Jun/2021:17:06:15 -0400] "POST //xmlrpc.php HTTP/1.1" 200 5468 "-" "Mozilla/5.0 (Windows NT 10.0; Win64; x64) AppleWebKit/537.36 (KHTML, like Gecko) Chrome/89.0.4389.114 Safari/537.36"
51.79.69.33 - - [29/Jun/2021:17:06:17 -0400] "POST /wp-login.php HTTP/1.1" 200 9232 "-" "Mozilla/5.0 (X11; Ubuntu; Linux x86_64; rv:62.0) Gecko/20100101 Firefox/62.0"
62.210.180.176 - - [29/Jun/2021:17:06:17 -0400] "POST //xmlrpc.php HTTP/1.1" 200 5468 "-" "Mozilla/5.0 (Windows NT 10.0; Win64; x64) AppleWebKit/537.36 (KHTML, like Gecko) Chrome/89.0.4389.114 Safari/537.36"
51.79.69.33 - - [29/Jun/2021:17:06:17 -0400] "POST /xmlrpc.php HTTP/1.1" 200 5091 "-" "Mozilla/5.0 (X11; Ubuntu; Linux x86_64; rv:62.0) Gecko/20100101 Firefox/62.0"
62.210.180.176 - - [29/Jun/2021:17:06:18 -0400] "POST //xmlrpc.php HTTP/1.1" 200 5468 "-" "Mozilla/5.0 (Windows NT 10.0; Win64; x64) AppleWebKit/537.36 (KHTML, like Gecko) Chrome/89.0.4389.114 Safari/537.36"
62.210.180.176 - - [29/Jun/2021:17:06:19 -0400] "POST //xmlrpc.php HTTP/1.1" 200 5468 "-" "Mozilla/5.0 (Windows NT 10.0; Win64; x64) AppleWebKit/537.36 (KHTML, like Gecko) Chrome/89.0.4389.114 Safari/537.36"
62.210.180.176 - - [29/Jun/2021:17:06:20 -0400] "POST //xmlrpc.php HTTP/1.1" 200 5468 "-" "Mozilla/5.0 (Windows NT 10.0; Win64; x64) AppleWebKit/537.36 (KHTML, like Gecko) Chrome/89.0.4389.114 Safari/537.36"
204.48.19.85 - - [29/Jun/2021:17:06:22 -0400] "POST /wp-cron.php?doing_wp_cron=1625000782.6472830772399902343750 HTTP/1.1" 200 5389 "https://bubandcompany.com/wp-cron.php?doing_wp_cron=1625000782.6472830772399902343750" "WordPress/5.7.2; https://bubandcompany.com"
62.210.180.176 - - [29/Jun/2021:17:06:21 -0400] "POST //xmlrpc.php HTTP/1.1" 200 5468 "-" "Mozilla/5.0 (Windows NT 10.0; Win64; x64) AppleWebKit/537.36 (KHTML, like Gecko) Chrome/89.0.4389.114 Safari/537.36"
62.210.180.176 - - [29/Jun/2021:17:06:23 -0400] "POST //xmlrpc.php HTTP/1.1" 200 5468 "-" "Mozilla/5.0 (Windows NT 10.0; Win64; x64) AppleWebKit/537.36 (KHTML, like Gecko) Chrome/89.0.4389.114 Safari/537.36"
62.210.180.176 - - [29/Jun/2021:17:06:25 -0400] "POST //xmlrpc.php HTTP/1.1" 200 5468 "-" "Mozilla/5.0 (Windows NT 10.0; Win64; x64) AppleWebKit/537.36 (KHTML, like Gecko) Chrome/89.0.4389.114 Safari/537.36"
62.210.180.176 - - [29/Jun/2021:17:06:26 -0400] "POST //xmlrpc.php HTTP/1.1" 200 5468 "-" "Mozilla/5.0 (Windows NT 10.0; Win64; x64) AppleWebKit/537.36 (KHTML, like Gecko) Chrome/89.0.4389.114 Safari/537.36"
62.210.180.176 - - [29/Jun/2021:17:06:27 -0400] "POST //xmlrpc.php HTTP/1.1" 200 5468 "-" "Mozilla/5.0 (Windows NT 10.0; Win64; x64) AppleWebKit/537.36 (KHTML, like Gecko) Chrome/89.0.4389.114 Safari/537.36"
62.210.180.176 - - [29/Jun/2021:17:06:28 -0400] "POST //xmlrpc.php HTTP/1.1" 200 5468 "-" "Mozilla/5.0 (Windows NT 10.0; Win64; x64) AppleWebKit/537.36 (KHTML, like Gecko) Chrome/89.0.4389.114 Safari/537.36"
62.210.180.176 - - [29/Jun/2021:17:06:29 -0400] "POST //xmlrpc.php HTTP/1.1" 200 5468 "-" "Mozilla/5.0 (Windows NT 10.0; Win64; x64) AppleWebKit/537.36 (KHTML, like Gecko) Chrome/89.0.4389.114 Safari/537.36"
62.210.180.176 - - [29/Jun/2021:17:06:30 -0400] "POST //xmlrpc.php HTTP/1.1" 200 5468 "-" "Mozilla/5.0 (Windows NT 10.0; Win64; x64) AppleWebKit/537.36 (KHTML, like Gecko) Chrome/89.0.4389.114 Safari/537.36"
62.210.180.176 - - [29/Jun/2021:17:06:31 -0400] "POST //xmlrpc.php HTTP/1.1" 200 5468 "-" "Mozilla/5.0 (Windows NT 10.0; Win64; x64) AppleWebKit/537.36 (KHTML, like Gecko) Chrome/89.0.4389.114 Safari/537.36"
62.210.180.176 - - [29/Jun/2021:17:06:33 -0400] "POST //xmlrpc.php HTTP/1.1" 200 5468 "-" "Mozilla/5.0 (Windows NT 10.0; Win64; x64) AppleWebKit/537.36 (KHTML, like Gecko) Chrome/89.0.4389.114 Safari/537.36"
62.210.180.176 - - [29/Jun/2021:17:06:34 -0400] "POST //xmlrpc.php HTTP/1.1" 200 5468 "-" "Mozilla/5.0 (Windows NT 10.0; Win64; x64) AppleWebKit/537.36 (KHTML, like Gecko) Chrome/89.0.4389.114 Safari/537.36"
62.210.180.176 - - [29/Jun/2021:17:06:35 -0400] "POST //xmlrpc.php HTTP/1.1" 200 5468 "-" "Mozilla/5.0 (Windows NT 10.0; Win64; x64) AppleWebKit/537.36 (KHTML, like Gecko) Chrome/89.0.4389.114 Safari/537.36"
62.210.180.176 - - [29/Jun/2021:17:06:36 -0400] "POST //xmlrpc.php HTTP/1.1" 200 5468 "-" "Mozilla/5.0 (Windows NT 10.0; Win64; x64) AppleWebKit/537.36 (KHTML, like Gecko) Chrome/89.0.4389.114 Safari/537.36"
62.210.180.176 - - [29/Jun/2021:17:06:37 -0400] "POST //xmlrpc.php HTTP/1.1" 200 5468 "-" "Mozilla/5.0 (Windows NT 10.0; Win64; x64) AppleWebKit/537.36 (KHTML, like Gecko) Chrome/89.0.4389.114 Safari/537.36"
204.48.19.85 - - [29/Jun/2021:17:20:59 -0400] "POST /wp-cron.php?doing_wp_cron=1625001659.3133978843688964843750 HTTP/1.1" 200 5389 "https://bubandcompany.com/wp-cron.php?doing_wp_cron=1625001659.3133978843688964843750" "WordPress/5.7.2; https://bubandcompany.com"
207.46.13.56 - - [29/Jun/2021:17:20:58 -0400] "GET /index.php/mama-wear/ HTTP/1.1" 200 5892 "-" "Mozilla/5.0 (compatible; bingbot/2.0; +http://www.bing.com/bingbot.htm)"
198.211.105.189 - - [29/Jun/2021:17:36:31 -0400] "GET /wp-login.php HTTP/1.1" 200 9235 "-" "Mozilla/5.0 (X11; Ubuntu; Linux x86_64; rv:62.0) Gecko/20100101 Firefox/62.0"
198.211.105.189 - - [29/Jun/2021:17:36:32 -0400] "POST /wp-login.php HTTP/1.1" 200 9235 "-" "Mozilla/5.0 (X11; Ubuntu; Linux x86_64; rv:62.0) Gecko/20100101 Firefox/62.0"
204.48.19.85 - - [29/Jun/2021:17:36:33 -0400] "POST /wp-cron.php?doing_wp_cron=1625002593.5529949665069580078125 HTTP/1.1" 200 5389 "https://bubandcompany.com/wp-cron.php?doing_wp_cron=1625002593.5529949665069580078125" "WordPress/5.7.2; https://bubandcompany.com"
198.211.105.189 - - [29/Jun/2021:17:36:32 -0400] "POST /xmlrpc.php HTTP/1.1" 200 5094 "-" "Mozilla/5.0 (X11; Ubuntu; Linux x86_64; rv:62.0) Gecko/20100101 Firefox/62.0"
94.73.142.2 - - [29/Jun/2021:18:02:14 -0400] "POST /wp-login.php HTTP/1.1" 200 9935 "-" "Mozilla/5.0 (Windows NT 10.0; Win64; x64) AppleWebKit/537.36 (KHTML, like Gecko) Chrome/86.0.4240.193 Safari/537.36"
103.28.36.173 - - [29/Jun/2021:18:09:15 -0400] "GET /wp-login.php HTTP/1.1" 200 9234 "-" "Mozilla/5.0 (X11; Ubuntu; Linux x86_64; rv:62.0) Gecko/20100101 Firefox/62.0"
103.28.36.173 - - [29/Jun/2021:18:09:17 -0400] "POST /wp-login.php HTTP/1.1" 200 9234 "-" "Mozilla/5.0 (X11; Ubuntu; Linux x86_64; rv:62.0) Gecko/20100101 Firefox/62.0"
204.48.19.85 - - [29/Jun/2021:18:09:19 -0400] "POST /wp-cron.php?doing_wp_cron=1625004559.7215020656585693359375 HTTP/1.1" 200 5389 "https://bubandcompany.com/wp-cron.php?doing_wp_cron=1625004559.7215020656585693359375" "WordPress/5.7.2; https://bubandcompany.com"
103.28.36.173 - - [29/Jun/2021:18:09:18 -0400] "POST /xmlrpc.php HTTP/1.1" 200 5092 "-" "Mozilla/5.0 (X11; Ubuntu; Linux x86_64; rv:62.0) Gecko/20100101 Firefox/62.0"
194.195.119.232 - - [29/Jun/2021:18:42:36 -0400] "GET /wp-login.php HTTP/1.1" 200 9233 "-" "Mozilla/5.0 (X11; Ubuntu; Linux x86_64; rv:62.0) Gecko/20100101 Firefox/62.0"
194.195.119.232 - - [29/Jun/2021:18:42:38 -0400] "POST /wp-login.php HTTP/1.1" 200 9233 "-" "Mozilla/5.0 (X11; Ubuntu; Linux x86_64; rv:62.0) Gecko/20100101 Firefox/62.0"
204.48.19.85 - - [29/Jun/2021:18:42:40 -0400] "POST /wp-cron.php?doing_wp_cron=1625006560.2183589935302734375000 HTTP/1.1" 200 5389 "https://bubandcompany.com/wp-cron.php?doing_wp_cron=1625006560.2183589935302734375000" "WordPress/5.7.2; https://bubandcompany.com"
194.195.119.232 - - [29/Jun/2021:18:42:39 -0400] "POST /xmlrpc.php HTTP/1.1" 200 5094 "-" "Mozilla/5.0 (X11; Ubuntu; Linux x86_64; rv:62.0) Gecko/20100101 Firefox/62.0"
161.35.192.196 - - [29/Jun/2021:19:04:34 -0400] "POST /wp-login.php HTTP/1.1" 200 9937 "-" "Mozilla/5.0 (Windows NT 6.3; Win64; x64) AppleWebKit/537.36 (KHTML, like Gecko) Chrome/57.0.2987.133 Safari/537.36"
176.123.7.102 - - [29/Jun/2021:19:13:53 -0400] "GET /wp-content/tt.php HTTP/1.1" 301 558 "-" "Mozilla/5.0 (compatible; MSIE 9.0; Windows NT 6.0; WOW64; Trident/5.0)"
176.123.7.102 - - [29/Jun/2021:19:14:04 -0400] "GET /wp-content/tt.php HTTP/1.1" 404 4997 "-" "Mozilla/5.0 (compatible; MSIE 9.0; Windows NT 6.0; WOW64; Trident/5.0)"
162.247.74.7 - - [29/Jun/2021:19:14:06 -0400] "GET /tt.php HTTP/1.1" 301 536 "-" "Mozilla/5.0 (compatible; MSIE 9.0; Windows NT 6.0; WOW64; Trident/5.0)"
162.247.74.7 - - [29/Jun/2021:19:14:07 -0400] "GET /tt.php HTTP/1.1" 404 607 "-" "Mozilla/5.0 (compatible; MSIE 9.0; Windows NT 6.0; WOW64; Trident/5.0)"
162.247.74.7 - - [29/Jun/2021:19:14:09 -0400] "GET /fmanager.php HTTP/1.1" 301 548 "-" "Mozilla/5.0 (compatible; MSIE 9.0; Windows NT 6.0; WOW64; Trident/5.0)"
149.56.99.85 - - [29/Jun/2021:19:14:10 -0400] "GET /fmanager.php HTTP/1.1" 404 607 "-" "Mozilla/5.0 (compatible; MSIE 9.0; Windows NT 6.0; WOW64; Trident/5.0)"
149.56.99.85 - - [29/Jun/2021:19:14:11 -0400] "GET /1/filemanager.php HTTP/1.1" 301 558 "-" "Mozilla/5.0 (compatible; MSIE 9.0; Windows NT 6.0; WOW64; Trident/5.0)"
149.56.99.85 - - [29/Jun/2021:19:14:12 -0400] "GET /1/filemanager.php HTTP/1.1" 404 607 "-" "Mozilla/5.0 (compatible; MSIE 9.0; Windows NT 6.0; WOW64; Trident/5.0)"
149.56.99.85 - - [29/Jun/2021:19:14:13 -0400] "GET /1/tinyfilemanager.php HTTP/1.1" 301 566 "-" "Mozilla/5.0 (compatible; MSIE 9.0; Windows NT 6.0; WOW64; Trident/5.0)"
149.56.99.85 - - [29/Jun/2021:19:14:14 -0400] "GET /1/tinyfilemanager.php HTTP/1.1" 404 607 "-" "Mozilla/5.0 (compatible; MSIE 9.0; Windows NT 6.0; WOW64; Trident/5.0)"
149.56.99.85 - - [29/Jun/2021:19:14:15 -0400] "GET /tfm/tfm.php HTTP/1.1" 301 546 "-" "Mozilla/5.0 (compatible; MSIE 9.0; Windows NT 6.0; WOW64; Trident/5.0)"
149.56.99.85 - - [29/Jun/2021:19:14:16 -0400] "GET /tfm/tfm.php HTTP/1.1" 404 607 "-" "Mozilla/5.0 (compatible; MSIE 9.0; Windows NT 6.0; WOW64; Trident/5.0)"
88.99.137.102 - - [29/Jun/2021:19:14:57 -0400] "GET /wp-login.php HTTP/1.1" 200 9233 "-" "Mozilla/5.0 (X11; Ubuntu; Linux x86_64; rv:62.0) Gecko/20100101 Firefox/62.0"
88.99.137.102 - - [29/Jun/2021:19:14:58 -0400] "POST /wp-login.php HTTP/1.1" 200 9233 "-" "Mozilla/5.0 (X11; Ubuntu; Linux x86_64; rv:62.0) Gecko/20100101 Firefox/62.0"
204.48.19.85 - - [29/Jun/2021:19:15:00 -0400] "POST /wp-cron.php?doing_wp_cron=1625008500.3729801177978515625000 HTTP/1.1" 200 5389 "https://bubandcompany.com/wp-cron.php?doing_wp_cron=1625008500.3729801177978515625000" "WordPress/5.7.2; https://bubandcompany.com"
88.99.137.102 - - [29/Jun/2021:19:14:59 -0400] "POST /xmlrpc.php HTTP/1.1" 200 5093 "-" "Mozilla/5.0 (X11; Ubuntu; Linux x86_64; rv:62.0) Gecko/20100101 Firefox/62.0"
103.57.222.224 - - [29/Jun/2021:19:47:46 -0400] "GET /wp-login.php HTTP/1.1" 200 9235 "-" "Mozilla/5.0 (X11; Ubuntu; Linux x86_64; rv:62.0) Gecko/20100101 Firefox/62.0"
103.57.222.224 - - [29/Jun/2021:19:47:48 -0400] "POST /wp-login.php HTTP/1.1" 200 9235 "-" "Mozilla/5.0 (X11; Ubuntu; Linux x86_64; rv:62.0) Gecko/20100101 Firefox/62.0"
103.57.222.224 - - [29/Jun/2021:19:47:50 -0400] "POST /xmlrpc.php HTTP/1.1" 200 5093 "-" "Mozilla/5.0 (X11; Ubuntu; Linux x86_64; rv:62.0) Gecko/20100101 Firefox/62.0"
204.48.19.85 - - [29/Jun/2021:19:47:51 -0400] "POST /wp-cron.php?doing_wp_cron=1625010471.1479411125183105468750 HTTP/1.1" 200 5389 "https://bubandcompany.com/wp-cron.php?doing_wp_cron=1625010471.1479411125183105468750" "WordPress/5.7.2; https://bubandcompany.com"
204.48.19.85 - - [29/Jun/2021:20:19:17 -0400] "POST /wp-cron.php?doing_wp_cron=1625012357.7251999378204345703125 HTTP/1.1" 200 5389 "https://bubandcompany.com/wp-cron.php?doing_wp_cron=1625012357.7251999378204345703125" "WordPress/5.7.2; https://bubandcompany.com"
103.3.245.113 - - [29/Jun/2021:20:19:16 -0400] "POST /wp-login.php HTTP/1.1" 401 9131 "-" "Mozilla/5.0 (Windows NT 10.0; Win64; x64) AppleWebKit/537.36 (KHTML, like Gecko) Chrome/62.0.3202.89 Safari/537.36"
109.237.138.30 - - [29/Jun/2021:20:56:50 -0400] "GET /wp-login.php HTTP/1.1" 200 9236 "-" "Mozilla/5.0 (X11; Ubuntu; Linux x86_64; rv:62.0) Gecko/20100101 Firefox/62.0"
109.237.138.30 - - [29/Jun/2021:20:56:59 -0400] "POST /wp-login.php HTTP/1.1" 200 9236 "-" "Mozilla/5.0 (X11; Ubuntu; Linux x86_64; rv:62.0) Gecko/20100101 Firefox/62.0"
109.237.138.30 - - [29/Jun/2021:20:57:00 -0400] "POST /xmlrpc.php HTTP/1.1" 200 5093 "-" "Mozilla/5.0 (X11; Ubuntu; Linux x86_64; rv:62.0) Gecko/20100101 Firefox/62.0"
204.48.19.85 - - [29/Jun/2021:20:57:00 -0400] "POST /wp-cron.php?doing_wp_cron=1625014620.8367810249328613281250 HTTP/1.1" 200 5389 "https://bubandcompany.com/wp-cron.php?doing_wp_cron=1625014620.8367810249328613281250" "WordPress/5.7.2; https://bubandcompany.com"
104.208.157.163 - - [29/Jun/2021:21:08:55 -0400] "GET / HTTP/1.1" 301 580 "-" "Mozilla/5.0 (Windows NT 10.0; Win64; x64) AppleWebKit/537.36 (KHTML, like Gecko) Chrome/79.0 Safari/537.36"
204.48.19.85 - - [29/Jun/2021:21:08:56 -0400] "POST /wp-cron.php?doing_wp_cron=1625015336.3261671066284179687500 HTTP/1.1" 200 5389 "https://bubandcompany.com/wp-cron.php?doing_wp_cron=1625015336.3261671066284179687500" "WordPress/5.7.2; https://bubandcompany.com"
104.208.157.163 - - [29/Jun/2021:21:08:55 -0400] "GET / HTTP/1.1" 200 7386 "-" "Mozilla/5.0 (Windows NT 10.0; Win64; x64) AppleWebKit/537.36 (KHTML, like Gecko) Chrome/79.0 Safari/537.36"
104.208.157.163 - - [29/Jun/2021:21:08:57 -0400] "GET //wp-includes/wlwmanifest.xml HTTP/1.1" 200 1388 "-" "Mozilla/5.0 (Windows NT 10.0; Win64; x64) AppleWebKit/537.36 (KHTML, like Gecko) Chrome/79.0 Safari/537.36"
104.208.157.163 - - [29/Jun/2021:21:08:57 -0400] "GET //?author=1 HTTP/1.1" 200 2613 "-" "Mozilla/5.0 (Windows NT 10.0; Win64; x64) AppleWebKit/537.36 (KHTML, like Gecko) Chrome/79.0 Safari/537.36"
104.208.157.163 - - [29/Jun/2021:21:08:57 -0400] "GET //?author=2 HTTP/1.1" 200 2613 "-" "Mozilla/5.0 (Windows NT 10.0; Win64; x64) AppleWebKit/537.36 (KHTML, like Gecko) Chrome/79.0 Safari/537.36"
104.208.157.163 - - [29/Jun/2021:21:08:58 -0400] "GET //wp-json/wp/v2/users/ HTTP/1.1" 404 525 "-" "Mozilla/5.0 (Windows NT 10.0; Win64; x64) AppleWebKit/537.36 (KHTML, like Gecko) Chrome/79.0 Safari/537.36"
104.208.157.163 - - [29/Jun/2021:21:08:58 -0400] "GET //wp-json/oembed/1.0/embed?url=https://bubandcompany.com/ HTTP/1.1" 404 525 "-" "Mozilla/5.0 (Windows NT 10.0; Win64; x64) AppleWebKit/537.36 (KHTML, like Gecko) Chrome/79.0 Safari/537.36"
104.208.157.163 - - [29/Jun/2021:21:08:58 -0400] "POST //xmlrpc.php HTTP/1.1" 200 792 "-" "Mozilla/5.0 (Windows NT 10.0; Win64; x64) AppleWebKit/537.36 (KHTML, like Gecko) Chrome/79.0 Safari/537.36"
104.208.157.163 - - [29/Jun/2021:21:09:00 -0400] "POST //xmlrpc.php HTTP/1.1" 200 5514 "-" "Mozilla/5.0 (Windows NT 10.0; Win64; x64) AppleWebKit/537.36 (KHTML, like Gecko) Chrome/79.0 Safari/537.36"
104.208.157.163 - - [29/Jun/2021:21:09:01 -0400] "POST //xmlrpc.php HTTP/1.1" 200 5514 "-" "Mozilla/5.0 (Windows NT 10.0; Win64; x64) AppleWebKit/537.36 (KHTML, like Gecko) Chrome/79.0 Safari/537.36"
104.208.157.163 - - [29/Jun/2021:21:09:02 -0400] "POST //xmlrpc.php HTTP/1.1" 200 5514 "-" "Mozilla/5.0 (Windows NT 10.0; Win64; x64) AppleWebKit/537.36 (KHTML, like Gecko) Chrome/79.0 Safari/537.36"
104.208.157.163 - - [29/Jun/2021:21:09:03 -0400] "POST //xmlrpc.php HTTP/1.1" 200 5514 "-" "Mozilla/5.0 (Windows NT 10.0; Win64; x64) AppleWebKit/537.36 (KHTML, like Gecko) Chrome/79.0 Safari/537.36"
104.208.157.163 - - [29/Jun/2021:21:09:04 -0400] "POST //xmlrpc.php HTTP/1.1" 200 5514 "-" "Mozilla/5.0 (Windows NT 10.0; Win64; x64) AppleWebKit/537.36 (KHTML, like Gecko) Chrome/79.0 Safari/537.36"
104.208.157.163 - - [29/Jun/2021:21:09:05 -0400] "POST //xmlrpc.php HTTP/1.1" 200 5514 "-" "Mozilla/5.0 (Windows NT 10.0; Win64; x64) AppleWebKit/537.36 (KHTML, like Gecko) Chrome/79.0 Safari/537.36"
104.208.157.163 - - [29/Jun/2021:21:09:06 -0400] "POST //xmlrpc.php HTTP/1.1" 200 5514 "-" "Mozilla/5.0 (Windows NT 10.0; Win64; x64) AppleWebKit/537.36 (KHTML, like Gecko) Chrome/79.0 Safari/537.36"
104.208.157.163 - - [29/Jun/2021:21:09:07 -0400] "POST //xmlrpc.php HTTP/1.1" 200 5514 "-" "Mozilla/5.0 (Windows NT 10.0; Win64; x64) AppleWebKit/537.36 (KHTML, like Gecko) Chrome/79.0 Safari/537.36"
104.208.157.163 - - [29/Jun/2021:21:09:08 -0400] "POST //xmlrpc.php HTTP/1.1" 200 5514 "-" "Mozilla/5.0 (Windows NT 10.0; Win64; x64) AppleWebKit/537.36 (KHTML, like Gecko) Chrome/79.0 Safari/537.36"
104.208.157.163 - - [29/Jun/2021:21:09:09 -0400] "POST //xmlrpc.php HTTP/1.1" 200 5514 "-" "Mozilla/5.0 (Windows NT 10.0; Win64; x64) AppleWebKit/537.36 (KHTML, like Gecko) Chrome/79.0 Safari/537.36"
104.208.157.163 - - [29/Jun/2021:21:09:10 -0400] "POST //xmlrpc.php HTTP/1.1" 200 5514 "-" "Mozilla/5.0 (Windows NT 10.0; Win64; x64) AppleWebKit/537.36 (KHTML, like Gecko) Chrome/79.0 Safari/537.36"
104.208.157.163 - - [29/Jun/2021:21:09:11 -0400] "POST //xmlrpc.php HTTP/1.1" 200 5514 "-" "Mozilla/5.0 (Windows NT 10.0; Win64; x64) AppleWebKit/537.36 (KHTML, like Gecko) Chrome/79.0 Safari/537.36"
104.208.157.163 - - [29/Jun/2021:21:09:12 -0400] "POST //xmlrpc.php HTTP/1.1" 200 5514 "-" "Mozilla/5.0 (Windows NT 10.0; Win64; x64) AppleWebKit/537.36 (KHTML, like Gecko) Chrome/79.0 Safari/537.36"
104.208.157.163 - - [29/Jun/2021:21:09:13 -0400] "POST //xmlrpc.php HTTP/1.1" 200 5514 "-" "Mozilla/5.0 (Windows NT 10.0; Win64; x64) AppleWebKit/537.36 (KHTML, like Gecko) Chrome/79.0 Safari/537.36"
104.208.157.163 - - [29/Jun/2021:21:09:14 -0400] "POST //xmlrpc.php HTTP/1.1" 200 5514 "-" "Mozilla/5.0 (Windows NT 10.0; Win64; x64) AppleWebKit/537.36 (KHTML, like Gecko) Chrome/79.0 Safari/537.36"
104.208.157.163 - - [29/Jun/2021:21:09:15 -0400] "POST //xmlrpc.php HTTP/1.1" 200 5514 "-" "Mozilla/5.0 (Windows NT 10.0; Win64; x64) AppleWebKit/537.36 (KHTML, like Gecko) Chrome/79.0 Safari/537.36"
104.208.157.163 - - [29/Jun/2021:21:09:16 -0400] "POST //xmlrpc.php HTTP/1.1" 200 5514 "-" "Mozilla/5.0 (Windows NT 10.0; Win64; x64) AppleWebKit/537.36 (KHTML, like Gecko) Chrome/79.0 Safari/537.36"
104.208.157.163 - - [29/Jun/2021:21:09:17 -0400] "POST //xmlrpc.php HTTP/1.1" 200 5514 "-" "Mozilla/5.0 (Windows NT 10.0; Win64; x64) AppleWebKit/537.36 (KHTML, like Gecko) Chrome/79.0 Safari/537.36"
104.208.157.163 - - [29/Jun/2021:21:09:18 -0400] "POST //xmlrpc.php HTTP/1.1" 200 5514 "-" "Mozilla/5.0 (Windows NT 10.0; Win64; x64) AppleWebKit/537.36 (KHTML, like Gecko) Chrome/79.0 Safari/537.36"
104.208.157.163 - - [29/Jun/2021:21:09:18 -0400] "POST //xmlrpc.php HTTP/1.1" 200 5514 "-" "Mozilla/5.0 (Windows NT 10.0; Win64; x64) AppleWebKit/537.36 (KHTML, like Gecko) Chrome/79.0 Safari/537.36"
104.208.157.163 - - [29/Jun/2021:21:09:19 -0400] "POST //xmlrpc.php HTTP/1.1" 200 5514 "-" "Mozilla/5.0 (Windows NT 10.0; Win64; x64) AppleWebKit/537.36 (KHTML, like Gecko) Chrome/79.0 Safari/537.36"
104.208.157.163 - - [29/Jun/2021:21:09:20 -0400] "POST //xmlrpc.php HTTP/1.1" 200 5514 "-" "Mozilla/5.0 (Windows NT 10.0; Win64; x64) AppleWebKit/537.36 (KHTML, like Gecko) Chrome/79.0 Safari/537.36"
204.48.19.85 - - [29/Jun/2021:21:09:22 -0400] "POST /wp-cron.php?doing_wp_cron=1625015362.2367780208587646484375 HTTP/1.1" 200 5389 "https://bubandcompany.com/wp-cron.php?doing_wp_cron=1625015362.2367780208587646484375" "WordPress/5.7.2; https://bubandcompany.com"
104.208.157.163 - - [29/Jun/2021:21:09:21 -0400] "POST //xmlrpc.php HTTP/1.1" 200 5514 "-" "Mozilla/5.0 (Windows NT 10.0; Win64; x64) AppleWebKit/537.36 (KHTML, like Gecko) Chrome/79.0 Safari/537.36"
104.208.157.163 - - [29/Jun/2021:21:09:23 -0400] "POST //xmlrpc.php HTTP/1.1" 200 5514 "-" "Mozilla/5.0 (Windows NT 10.0; Win64; x64) AppleWebKit/537.36 (KHTML, like Gecko) Chrome/79.0 Safari/537.36"
104.208.157.163 - - [29/Jun/2021:21:09:23 -0400] "POST //xmlrpc.php HTTP/1.1" 200 5514 "-" "Mozilla/5.0 (Windows NT 10.0; Win64; x64) AppleWebKit/537.36 (KHTML, like Gecko) Chrome/79.0 Safari/537.36"
104.208.157.163 - - [29/Jun/2021:21:09:24 -0400] "POST //xmlrpc.php HTTP/1.1" 200 5514 "-" "Mozilla/5.0 (Windows NT 10.0; Win64; x64) AppleWebKit/537.36 (KHTML, like Gecko) Chrome/79.0 Safari/537.36"
104.208.157.163 - - [29/Jun/2021:21:09:25 -0400] "POST //xmlrpc.php HTTP/1.1" 200 5514 "-" "Mozilla/5.0 (Windows NT 10.0; Win64; x64) AppleWebKit/537.36 (KHTML, like Gecko) Chrome/79.0 Safari/537.36"
104.208.157.163 - - [29/Jun/2021:21:09:26 -0400] "POST //xmlrpc.php HTTP/1.1" 200 5514 "-" "Mozilla/5.0 (Windows NT 10.0; Win64; x64) AppleWebKit/537.36 (KHTML, like Gecko) Chrome/79.0 Safari/537.36"
104.208.157.163 - - [29/Jun/2021:21:09:27 -0400] "POST //xmlrpc.php HTTP/1.1" 200 5514 "-" "Mozilla/5.0 (Windows NT 10.0; Win64; x64) AppleWebKit/537.36 (KHTML, like Gecko) Chrome/79.0 Safari/537.36"
104.208.157.163 - - [29/Jun/2021:21:09:28 -0400] "POST //xmlrpc.php HTTP/1.1" 200 5514 "-" "Mozilla/5.0 (Windows NT 10.0; Win64; x64) AppleWebKit/537.36 (KHTML, like Gecko) Chrome/79.0 Safari/537.36"
104.208.157.163 - - [29/Jun/2021:21:09:29 -0400] "POST //xmlrpc.php HTTP/1.1" 200 5514 "-" "Mozilla/5.0 (Windows NT 10.0; Win64; x64) AppleWebKit/537.36 (KHTML, like Gecko) Chrome/79.0 Safari/537.36"
104.208.157.163 - - [29/Jun/2021:21:09:30 -0400] "POST //xmlrpc.php HTTP/1.1" 200 5514 "-" "Mozilla/5.0 (Windows NT 10.0; Win64; x64) AppleWebKit/537.36 (KHTML, like Gecko) Chrome/79.0 Safari/537.36"
104.208.157.163 - - [29/Jun/2021:21:09:31 -0400] "POST //xmlrpc.php HTTP/1.1" 200 5514 "-" "Mozilla/5.0 (Windows NT 10.0; Win64; x64) AppleWebKit/537.36 (KHTML, like Gecko) Chrome/79.0 Safari/537.36"
104.208.157.163 - - [29/Jun/2021:21:09:31 -0400] "POST //xmlrpc.php HTTP/1.1" 200 5514 "-" "Mozilla/5.0 (Windows NT 10.0; Win64; x64) AppleWebKit/537.36 (KHTML, like Gecko) Chrome/79.0 Safari/537.36"
104.208.157.163 - - [29/Jun/2021:21:09:33 -0400] "POST //xmlrpc.php HTTP/1.1" 200 5514 "-" "Mozilla/5.0 (Windows NT 10.0; Win64; x64) AppleWebKit/537.36 (KHTML, like Gecko) Chrome/79.0 Safari/537.36"
104.208.157.163 - - [29/Jun/2021:21:09:33 -0400] "POST //xmlrpc.php HTTP/1.1" 200 5514 "-" "Mozilla/5.0 (Windows NT 10.0; Win64; x64) AppleWebKit/537.36 (KHTML, like Gecko) Chrome/79.0 Safari/537.36"
104.208.157.163 - - [29/Jun/2021:21:09:34 -0400] "POST //xmlrpc.php HTTP/1.1" 200 5514 "-" "Mozilla/5.0 (Windows NT 10.0; Win64; x64) AppleWebKit/537.36 (KHTML, like Gecko) Chrome/79.0 Safari/537.36"
104.208.157.163 - - [29/Jun/2021:21:09:35 -0400] "POST //xmlrpc.php HTTP/1.1" 200 5514 "-" "Mozilla/5.0 (Windows NT 10.0; Win64; x64) AppleWebKit/537.36 (KHTML, like Gecko) Chrome/79.0 Safari/537.36"
104.208.157.163 - - [29/Jun/2021:21:09:36 -0400] "POST //xmlrpc.php HTTP/1.1" 200 5514 "-" "Mozilla/5.0 (Windows NT 10.0; Win64; x64) AppleWebKit/537.36 (KHTML, like Gecko) Chrome/79.0 Safari/537.36"
104.208.157.163 - - [29/Jun/2021:21:09:37 -0400] "POST //xmlrpc.php HTTP/1.1" 200 5514 "-" "Mozilla/5.0 (Windows NT 10.0; Win64; x64) AppleWebKit/537.36 (KHTML, like Gecko) Chrome/79.0 Safari/537.36"
204.48.19.85 - - [29/Jun/2021:21:09:39 -0400] "POST /wp-cron.php?doing_wp_cron=1625015379.1271181106567382812500 HTTP/1.1" 200 5389 "https://bubandcompany.com/wp-cron.php?doing_wp_cron=1625015379.1271181106567382812500" "WordPress/5.7.2; https://bubandcompany.com"
104.208.157.163 - - [29/Jun/2021:21:09:38 -0400] "POST //xmlrpc.php HTTP/1.1" 200 5514 "-" "Mozilla/5.0 (Windows NT 10.0; Win64; x64) AppleWebKit/537.36 (KHTML, like Gecko) Chrome/79.0 Safari/537.36"
104.208.157.163 - - [29/Jun/2021:21:09:40 -0400] "POST //xmlrpc.php HTTP/1.1" 200 5514 "-" "Mozilla/5.0 (Windows NT 10.0; Win64; x64) AppleWebKit/537.36 (KHTML, like Gecko) Chrome/79.0 Safari/537.36"
204.48.19.85 - - [29/Jun/2021:21:09:41 -0400] "POST /wp-cron.php?doing_wp_cron=1625015381.7423660755157470703125 HTTP/1.1" 200 5389 "https://bubandcompany.com/wp-cron.php?doing_wp_cron=1625015381.7423660755157470703125" "WordPress/5.7.2; https://bubandcompany.com"
