204.48.19.85 - - [10/Jul/2021:00:15:00 -0400] "POST /wp-cron.php?doing_wp_cron=1625890500.6633110046386718750000 HTTP/1.1" 200 6229 "https://bubandcompany.com/wp-cron.php?doing_wp_cron=1625890500.6633110046386718750000" "WordPress/5.7.2; https://bubandcompany.com"
69.12.72.188 - - [10/Jul/2021:00:14:59 -0400] "GET / HTTP/1.1" 200 7107 "-" "Mozilla/5.0 (Windows NT 10.0; Win64; x64) AppleWebKit/537.36 (KHTML, like Gecko) Chrome/70.0.3538.77 Safari/537.36"
69.12.72.188 - - [10/Jul/2021:00:15:01 -0400] "GET /?author=1 HTTP/1.1" 200 7057 "https://bubandcompany.com" "Mozilla/5.0 (Windows NT 10.0; Win64; x64) AppleWebKit/537.36 (KHTML, like Gecko) Chrome/70.0.3538.77 Safari/537.36"
69.12.72.188 - - [10/Jul/2021:00:15:03 -0400] "GET /?author=1 HTTP/1.1" 200 8626 "-" "Mozilla/5.0 (Windows NT 10.0; Win64; x64) AppleWebKit/537.36 (KHTML, like Gecko) Chrome/70.0.3538.77 Safari/537.36"
69.12.72.188 - - [10/Jul/2021:00:15:03 -0400] "GET /wp-json/wp/v2/users/ HTTP/1.1" 404 463 "-" "Mozilla/5.0 (Windows NT 10.0; Win64; x64) AppleWebKit/537.36 (KHTML, like Gecko) Chrome/70.0.3538.77 Safari/537.36"
69.12.72.188 - - [10/Jul/2021:00:15:04 -0400] "GET /?author=2 HTTP/1.1" 200 7230 "https://bubandcompany.com/?author=1" "Mozilla/5.0 (Windows NT 10.0; Win64; x64) AppleWebKit/537.36 (KHTML, like Gecko) Chrome/70.0.3538.77 Safari/537.36"
69.12.72.188 - - [10/Jul/2021:00:15:05 -0400] "GET /?author=2 HTTP/1.1" 200 2544 "-" "Mozilla/5.0 (Windows NT 10.0; Win64; x64) AppleWebKit/537.36 (KHTML, like Gecko) Chrome/70.0.3538.77 Safari/537.36"
69.12.72.188 - - [10/Jul/2021:00:15:06 -0400] "GET /?author=3 HTTP/1.1" 200 7057 "https://bubandcompany.com/?author=2" "Mozilla/5.0 (Windows NT 10.0; Win64; x64) AppleWebKit/537.36 (KHTML, like Gecko) Chrome/70.0.3538.77 Safari/537.36"
69.12.72.188 - - [10/Jul/2021:00:15:07 -0400] "GET /?author=3 HTTP/1.1" 200 2544 "-" "Mozilla/5.0 (Windows NT 10.0; Win64; x64) AppleWebKit/537.36 (KHTML, like Gecko) Chrome/70.0.3538.77 Safari/537.36"
212.83.146.233 - - [10/Jul/2021:00:19:06 -0400] "GET /wp-admin/css/ HTTP/1.1" 200 28742 "-" "Mozilla/5.0 (X11; Ubuntu; Linux x86_64; rv:58.0) Gecko/20100101 Firefox/58.0"
51.15.191.81 - - [10/Jul/2021:00:22:50 -0400] "GET /wp-admin/css/l10n.min.css?ver=5.7.2 HTTP/1.1" 200 8818 "-" "Mozilla/5.0 (X11; Ubuntu; Linux x86_64; rv:58.0) Gecko/20100101 Firefox/58.0"
204.48.19.85 - - [10/Jul/2021:00:27:07 -0400] "POST /wp-cron.php?doing_wp_cron=1625891227.8943018913269042968750 HTTP/1.1" 200 6229 "https://bubandcompany.com/wp-cron.php?doing_wp_cron=1625891227.8943018913269042968750" "WordPress/5.7.2; https://bubandcompany.com"
195.154.61.206 - - [10/Jul/2021:00:27:07 -0400] "GET /index.php/my-account/lost-password/ HTTP/1.1" 200 8589 "-" "Mozilla/5.0 (X11; Ubuntu; Linux x86_64; rv:58.0) Gecko/20100101 Firefox/58.0"
62.4.14.198 - - [10/Jul/2021:00:47:52 -0400] "GET /wp-content/uploads/2020/05/ HTTP/1.1" 200 15028 "-" "Mozilla/5.0 (X11; Ubuntu; Linux x86_64; rv:58.0) Gecko/20100101 Firefox/58.0"
204.48.19.85 - - [10/Jul/2021:00:48:07 -0400] "POST /wp-cron.php?doing_wp_cron=1625892487.7350499629974365234375 HTTP/1.1" 200 6229 "https://bubandcompany.com/wp-cron.php?doing_wp_cron=1625892487.7350499629974365234375" "WordPress/5.7.2; https://bubandcompany.com"
51.15.191.81 - - [10/Jul/2021:00:48:06 -0400] "GET /wp-login.php HTTP/1.1" 200 15253 "-" "Mozilla/5.0 (X11; Ubuntu; Linux x86_64; rv:58.0) Gecko/20100101 Firefox/58.0"
195.154.61.206 - - [10/Jul/2021:00:48:23 -0400] "GET /wp-admin/css/forms.min.css?ver=5.7.2 HTTP/1.1" 200 31658 "-" "Mozilla/5.0 (X11; Ubuntu; Linux x86_64; rv:58.0) Gecko/20100101 Firefox/58.0"
62.4.14.198 - - [10/Jul/2021:00:48:29 -0400] "GET /wp-admin/css/login.min.css?ver=5.7.2 HTTP/1.1" 200 12003 "-" "Mozilla/5.0 (X11; Ubuntu; Linux x86_64; rv:58.0) Gecko/20100101 Firefox/58.0"
212.83.146.233 - - [10/Jul/2021:00:55:10 -0400] "GET /wp-includes/css/dashicons.min.css?ver=5.7.2 HTTP/1.1" 200 65425 "-" "Mozilla/5.0 (X11; Ubuntu; Linux x86_64; rv:58.0) Gecko/20100101 Firefox/58.0"
91.134.254.82 - - [10/Jul/2021:00:56:58 -0400] "GET /wp-login.php HTTP/1.1" 200 10074 "-" "Mozilla/5.0 (X11; Ubuntu; Linux x86_64; rv:62.0) Gecko/20100101 Firefox/62.0"
91.134.254.82 - - [10/Jul/2021:00:56:59 -0400] "POST /wp-login.php HTTP/1.1" 200 10074 "-" "Mozilla/5.0 (X11; Ubuntu; Linux x86_64; rv:62.0) Gecko/20100101 Firefox/62.0"
204.48.19.85 - - [10/Jul/2021:00:57:00 -0400] "POST /wp-cron.php?doing_wp_cron=1625893020.8174600601196289062500 HTTP/1.1" 200 6229 "https://bubandcompany.com/wp-cron.php?doing_wp_cron=1625893020.8174600601196289062500" "WordPress/5.7.2; https://bubandcompany.com"
91.134.254.82 - - [10/Jul/2021:00:57:00 -0400] "POST /xmlrpc.php HTTP/1.1" 200 5933 "-" "Mozilla/5.0 (X11; Ubuntu; Linux x86_64; rv:62.0) Gecko/20100101 Firefox/62.0"
67.205.31.50 - - [10/Jul/2021:01:08:14 -0400] "GET /wp-login.php HTTP/1.1" 200 10073 "-" "Mozilla/5.0 (X11; Ubuntu; Linux x86_64; rv:62.0) Gecko/20100101 Firefox/62.0"
67.205.31.50 - - [10/Jul/2021:01:08:14 -0400] "POST /wp-login.php HTTP/1.1" 200 10073 "-" "Mozilla/5.0 (X11; Ubuntu; Linux x86_64; rv:62.0) Gecko/20100101 Firefox/62.0"
204.48.19.85 - - [10/Jul/2021:01:08:16 -0400] "POST /wp-cron.php?doing_wp_cron=1625893696.1174321174621582031250 HTTP/1.1" 200 6229 "https://bubandcompany.com/wp-cron.php?doing_wp_cron=1625893696.1174321174621582031250" "WordPress/5.7.2; https://bubandcompany.com"
67.205.31.50 - - [10/Jul/2021:01:08:15 -0400] "POST /xmlrpc.php HTTP/1.1" 200 5932 "-" "Mozilla/5.0 (X11; Ubuntu; Linux x86_64; rv:62.0) Gecko/20100101 Firefox/62.0"
14.253.33.122 - - [10/Jul/2021:01:17:56 -0400] "GET /wp-login.php HTTP/1.1" 200 10074 "-" "Mozilla/5.0 (X11; Ubuntu; Linux x86_64; rv:62.0) Gecko/20100101 Firefox/62.0"
14.253.33.122 - - [10/Jul/2021:01:17:58 -0400] "POST /wp-login.php HTTP/1.1" 200 10074 "-" "Mozilla/5.0 (X11; Ubuntu; Linux x86_64; rv:62.0) Gecko/20100101 Firefox/62.0"
204.48.19.85 - - [10/Jul/2021:01:18:01 -0400] "POST /wp-cron.php?doing_wp_cron=1625894281.1436600685119628906250 HTTP/1.1" 200 6229 "https://bubandcompany.com/wp-cron.php?doing_wp_cron=1625894281.1436600685119628906250" "WordPress/5.7.2; https://bubandcompany.com"
117.6.44.214 - - [10/Jul/2021:01:18:00 -0400] "POST /xmlrpc.php HTTP/1.1" 200 5932 "-" "Mozilla/5.0 (X11; Ubuntu; Linux x86_64; rv:62.0) Gecko/20100101 Firefox/62.0"
20.185.199.219 - - [10/Jul/2021:01:20:40 -0400] "GET /.env HTTP/1.1" 301 544 "-" "curl/7.68.0"
20.185.199.219 - - [10/Jul/2021:01:20:40 -0400] "GET /.env HTTP/1.1" 301 532 "-" "curl/7.68.0"
20.185.199.219 - - [10/Jul/2021:01:20:40 -0400] "GET /.env HTTP/1.1" 404 6540 "-" "curl/7.68.0"
20.185.199.219 - - [10/Jul/2021:01:20:40 -0400] "GET /.env HTTP/1.1" 404 6504 "-" "curl/7.68.0"
20.185.199.219 - - [10/Jul/2021:01:20:45 -0400] "POST / HTTP/1.1" 301 536 "-" "curl/7.68.0"
20.185.199.219 - - [10/Jul/2021:01:20:46 -0400] "POST / HTTP/1.1" 301 524 "-" "curl/7.68.0"
20.185.199.219 - - [10/Jul/2021:01:20:46 -0400] "GET / HTTP/1.1" 200 8635 "-" "curl/7.68.0"
20.185.199.219 - - [10/Jul/2021:01:20:45 -0400] "GET / HTTP/1.1" 200 8667 "-" "curl/7.68.0"
204.48.19.85 - - [10/Jul/2021:01:20:47 -0400] "POST /wp-cron.php?doing_wp_cron=1625894446.7702310085296630859375 HTTP/1.1" 200 6229 "https://bubandcompany.com/wp-cron.php?doing_wp_cron=1625894446.7702310085296630859375" "WordPress/5.7.2; https://bubandcompany.com"
66.249.66.152 - - [10/Jul/2021:01:25:02 -0400] "GET / HTTP/1.1" 301 580 "-" "Mozilla/5.0 (compatible; Googlebot/2.1; +http://www.google.com/bot.html)"
66.249.66.156 - - [10/Jul/2021:01:25:03 -0400] "GET /robots.txt HTTP/1.1" 404 6545 "-" "Mozilla/5.0 (compatible; Googlebot/2.1; +http://www.google.com/bot.html)"
204.48.19.85 - - [10/Jul/2021:01:25:04 -0400] "POST /wp-cron.php?doing_wp_cron=1625894704.7706251144409179687500 HTTP/1.1" 200 6229 "https://bubandcompany.com/wp-cron.php?doing_wp_cron=1625894704.7706251144409179687500" "WordPress/5.7.2; https://bubandcompany.com"
66.249.66.157 - - [10/Jul/2021:01:25:03 -0400] "GET / HTTP/1.1" 200 7144 "-" "Mozilla/5.0 (compatible; Googlebot/2.1; +http://www.google.com/bot.html)"
178.128.76.96 - - [10/Jul/2021:01:28:11 -0400] "GET /wp-login.php HTTP/1.1" 200 10074 "-" "Mozilla/5.0 (X11; Ubuntu; Linux x86_64; rv:62.0) Gecko/20100101 Firefox/62.0"
178.128.76.96 - - [10/Jul/2021:01:28:13 -0400] "POST /wp-login.php HTTP/1.1" 200 10074 "-" "Mozilla/5.0 (X11; Ubuntu; Linux x86_64; rv:62.0) Gecko/20100101 Firefox/62.0"
204.48.19.85 - - [10/Jul/2021:01:28:19 -0400] "POST /wp-cron.php?doing_wp_cron=1625894899.8882400989532470703125 HTTP/1.1" 200 6229 "https://bubandcompany.com/wp-cron.php?doing_wp_cron=1625894899.8882400989532470703125" "WordPress/5.7.2; https://bubandcompany.com"
178.128.76.96 - - [10/Jul/2021:01:28:19 -0400] "POST /xmlrpc.php HTTP/1.1" 200 5933 "-" "Mozilla/5.0 (X11; Ubuntu; Linux x86_64; rv:62.0) Gecko/20100101 Firefox/62.0"
204.48.19.85 - - [10/Jul/2021:01:34:00 -0400] "POST /wp-cron.php?doing_wp_cron=1625895240.7248721122741699218750 HTTP/1.1" 200 6229 "https://bubandcompany.com/wp-cron.php?doing_wp_cron=1625895240.7248721122741699218750" "WordPress/5.7.2; https://bubandcompany.com"
157.55.39.69 - - [10/Jul/2021:01:33:59 -0400] "GET /index.php/refund-policy/ HTTP/1.1" 200 6639 "-" "Mozilla/5.0 (compatible; bingbot/2.0; +http://www.bing.com/bingbot.htm)"
54.36.148.97 - - [10/Jul/2021:01:37:25 -0400] "GET /robots.txt HTTP/1.1" 301 556 "-" "Mozilla/5.0 (compatible; AhrefsBot/7.0; +http://ahrefs.com/robot/)"
54.36.148.97 - - [10/Jul/2021:01:37:25 -0400] "GET /robots.txt HTTP/1.1" 404 6540 "-" "Mozilla/5.0 (compatible; AhrefsBot/7.0; +http://ahrefs.com/robot/)"
54.36.148.123 - - [10/Jul/2021:01:37:27 -0400] "GET / HTTP/1.1" 301 536 "-" "Mozilla/5.0 (compatible; AhrefsBot/7.0; +http://ahrefs.com/robot/)"
52.137.55.22 - - [10/Jul/2021:01:37:51 -0400] "GET /wp-login.php HTTP/1.1" 200 10073 "-" "Mozilla/5.0 (X11; Ubuntu; Linux x86_64; rv:62.0) Gecko/20100101 Firefox/62.0"
52.137.55.22 - - [10/Jul/2021:01:37:52 -0400] "POST /wp-login.php HTTP/1.1" 200 10073 "-" "Mozilla/5.0 (X11; Ubuntu; Linux x86_64; rv:62.0) Gecko/20100101 Firefox/62.0"
204.48.19.85 - - [10/Jul/2021:01:37:53 -0400] "POST /wp-cron.php?doing_wp_cron=1625895473.8775808811187744140625 HTTP/1.1" 200 6229 "https://bubandcompany.com/wp-cron.php?doing_wp_cron=1625895473.8775808811187744140625" "WordPress/5.7.2; https://bubandcompany.com"
52.137.55.22 - - [10/Jul/2021:01:37:53 -0400] "POST /xmlrpc.php HTTP/1.1" 200 5932 "-" "Mozilla/5.0 (X11; Ubuntu; Linux x86_64; rv:62.0) Gecko/20100101 Firefox/62.0"
204.48.19.85 - - [10/Jul/2021:01:41:09 -0400] "POST /wp-cron.php?doing_wp_cron=1625895669.6122820377349853515625 HTTP/1.1" 200 6229 "https://bubandcompany.com/wp-cron.php?doing_wp_cron=1625895669.6122820377349853515625" "WordPress/5.7.2; https://bubandcompany.com"
66.249.66.157 - - [10/Jul/2021:01:41:08 -0400] "GET /wp-login.php HTTP/1.1" 200 8931 "-" "Mozilla/5.0 (compatible; Googlebot/2.1; +http://www.google.com/bot.html)"
66.249.66.157 - - [10/Jul/2021:01:41:32 -0400] "GET /wp-content/plugins/jetpack/css/jetpack.css?ver=9.9 HTTP/1.1" 200 23573 "https://bubandcompany.com/wp-login.php" "Mozilla/5.0 AppleWebKit/537.36 (KHTML, like Gecko; compatible; Googlebot/2.1; +http://www.google.com/bot.html) Chrome/91.0.4472.90 Safari/537.36"
66.249.66.157 - - [10/Jul/2021:01:41:32 -0400] "GET /wp-admin/js/user-profile.min.js?ver=5.7.2 HTTP/1.1" 200 2716 "https://bubandcompany.com/wp-login.php" "Mozilla/5.0 AppleWebKit/537.36 (KHTML, like Gecko; compatible; Googlebot/2.1; +http://www.google.com/bot.html) Chrome/91.0.4472.90 Safari/537.36"
66.249.66.156 - - [10/Jul/2021:01:41:32 -0400] "GET /wp-includes/js/wp-util.min.js?ver=5.7.2 HTTP/1.1" 200 6987 "https://bubandcompany.com/wp-login.php" "Mozilla/5.0 AppleWebKit/537.36 (KHTML, like Gecko; compatible; Googlebot/2.1; +http://www.google.com/bot.html) Chrome/91.0.4472.90 Safari/537.36"
66.249.66.156 - - [10/Jul/2021:01:41:33 -0400] "GET /wp-includes/js/dist/vendor/wp-polyfill.min.js?ver=7.4.4 HTTP/1.1" 200 34748 "https://bubandcompany.com/wp-login.php" "Mozilla/5.0 AppleWebKit/537.36 (KHTML, like Gecko; compatible; Googlebot/2.1; +http://www.google.com/bot.html) Chrome/91.0.4472.90 Safari/537.36"
66.249.66.156 - - [10/Jul/2021:01:41:33 -0400] "GET /wp-admin/css/login.min.css?ver=5.7.2 HTTP/1.1" 200 2426 "https://bubandcompany.com/wp-login.php" "Mozilla/5.0 AppleWebKit/537.36 (KHTML, like Gecko; compatible; Googlebot/2.1; +http://www.google.com/bot.html) Chrome/91.0.4472.90 Safari/537.36"
66.249.66.157 - - [10/Jul/2021:01:41:34 -0400] "GET /wp-includes/js/dist/i18n.min.js?ver=db9a9a37da262883343e941c3731bc67 HTTP/1.1" 200 4273 "https://bubandcompany.com/wp-login.php" "Mozilla/5.0 AppleWebKit/537.36 (KHTML, like Gecko; compatible; Googlebot/2.1; +http://www.google.com/bot.html) Chrome/91.0.4472.90 Safari/537.36"
66.249.66.157 - - [10/Jul/2021:01:41:34 -0400] "GET /wp-admin/css/forms.min.css?ver=5.7.2 HTTP/1.1" 200 6581 "https://bubandcompany.com/wp-login.php" "Mozilla/5.0 AppleWebKit/537.36 (KHTML, like Gecko; compatible; Googlebot/2.1; +http://www.google.com/bot.html) Chrome/91.0.4472.90 Safari/537.36"
66.249.66.157 - - [10/Jul/2021:01:41:35 -0400] "GET /wp-includes/js/zxcvbn-async.min.js?ver=1.0 HTTP/1.1" 200 627 "https://bubandcompany.com/wp-login.php" "Mozilla/5.0 AppleWebKit/537.36 (KHTML, like Gecko; compatible; Googlebot/2.1; +http://www.google.com/bot.html) Chrome/91.0.4472.90 Safari/537.36"
66.249.66.156 - - [10/Jul/2021:01:41:35 -0400] "GET /wp-admin/js/password-strength-meter.min.js?ver=5.7.2 HTTP/1.1" 200 992 "https://bubandcompany.com/wp-login.php" "Mozilla/5.0 AppleWebKit/537.36 (KHTML, like Gecko; compatible; Googlebot/2.1; +http://www.google.com/bot.html) Chrome/91.0.4472.90 Safari/537.36"
66.249.66.156 - - [10/Jul/2021:01:41:36 -0400] "GET /wp-includes/js/jquery/jquery-migrate.min.js?ver=3.3.2 HTTP/1.1" 200 4586 "https://bubandcompany.com/wp-login.php" "Mozilla/5.0 AppleWebKit/537.36 (KHTML, like Gecko; compatible; Googlebot/2.1; +http://www.google.com/bot.html) Chrome/91.0.4472.90 Safari/537.36"
66.249.66.156 - - [10/Jul/2021:01:41:36 -0400] "GET /wp-includes/js/dist/hooks.min.js?ver=50e23bed88bcb9e6e14023e9961698c1 HTTP/1.1" 200 2722 "https://bubandcompany.com/wp-login.php" "Mozilla/5.0 AppleWebKit/537.36 (KHTML, like Gecko; compatible; Googlebot/2.1; +http://www.google.com/bot.html) Chrome/91.0.4472.90 Safari/537.36"
66.249.66.156 - - [10/Jul/2021:01:41:37 -0400] "GET /wp-includes/js/jquery/jquery.min.js?ver=3.5.1 HTTP/1.1" 200 31401 "https://bubandcompany.com/wp-login.php" "Mozilla/5.0 AppleWebKit/537.36 (KHTML, like Gecko; compatible; Googlebot/2.1; +http://www.google.com/bot.html) Chrome/91.0.4472.90 Safari/537.36"
66.249.66.156 - - [10/Jul/2021:01:41:37 -0400] "GET /wp-admin/css/l10n.min.css?ver=5.7.2 HTTP/1.1" 200 1043 "https://bubandcompany.com/wp-login.php" "Mozilla/5.0 AppleWebKit/537.36 (KHTML, like Gecko; compatible; Googlebot/2.1; +http://www.google.com/bot.html) Chrome/91.0.4472.90 Safari/537.36"
66.249.66.156 - - [10/Jul/2021:01:41:38 -0400] "GET /wp-includes/js/underscore.min.js?ver=1.8.3 HTTP/1.1" 200 6080 "https://bubandcompany.com/wp-login.php" "Mozilla/5.0 AppleWebKit/537.36 (KHTML, like Gecko; compatible; Googlebot/2.1; +http://www.google.com/bot.html) Chrome/91.0.4472.90 Safari/537.36"
66.249.66.156 - - [10/Jul/2021:01:41:38 -0400] "GET /wp-includes/css/dashicons.min.css?ver=5.7.2 HTTP/1.1" 200 36222 "https://bubandcompany.com/wp-login.php" "Mozilla/5.0 AppleWebKit/537.36 (KHTML, like Gecko; compatible; Googlebot/2.1; +http://www.google.com/bot.html) Chrome/91.0.4472.90 Safari/537.36"
66.249.66.156 - - [10/Jul/2021:01:41:39 -0400] "GET /wp-includes/css/buttons.min.css?ver=5.7.2 HTTP/1.1" 200 1812 "https://bubandcompany.com/wp-login.php" "Mozilla/5.0 AppleWebKit/537.36 (KHTML, like Gecko; compatible; Googlebot/2.1; +http://www.google.com/bot.html) Chrome/91.0.4472.90 Safari/537.36"
66.249.66.156 - - [10/Jul/2021:01:41:39 -0400] "GET /wp-admin/images/wordpress-logo.svg?ver=20131107 HTTP/1.1" 200 1832 "https://bubandcompany.com/wp-admin/css/login.min.css?ver=5.7.2" "Mozilla/5.0 AppleWebKit/537.36 (KHTML, like Gecko; compatible; Googlebot/2.1; +http://www.google.com/bot.html) Chrome/91.0.4472.90 Safari/537.36"
66.249.66.156 - - [10/Jul/2021:01:41:40 -0400] "GET /wp-includes/js/zxcvbn.min.js HTTP/1.1" 200 403612 "https://bubandcompany.com/wp-login.php" "Mozilla/5.0 AppleWebKit/537.36 (KHTML, like Gecko; compatible; Googlebot/2.1; +http://www.google.com/bot.html) Chrome/91.0.4472.90 Safari/537.36"
204.48.19.85 - - [10/Jul/2021:01:46:55 -0400] "POST /wp-cron.php?doing_wp_cron=1625896015.2311930656433105468750 HTTP/1.1" 200 6229 "https://bubandcompany.com/wp-cron.php?doing_wp_cron=1625896015.2311930656433105468750" "WordPress/5.7.2; https://bubandcompany.com"
143.110.246.22 - - [10/Jul/2021:01:46:54 -0400] "POST /wp-login.php HTTP/1.1" 401 9270 "-" "Mozilla/5.0 (X11; Ubuntu; Linux x86_64; rv:62.0) Gecko/20100101 Firefox/62.0"
148.72.211.177 - - [10/Jul/2021:01:58:33 -0400] "GET /wp-login.php HTTP/1.1" 200 10074 "-" "Mozilla/5.0 (X11; Ubuntu; Linux x86_64; rv:62.0) Gecko/20100101 Firefox/62.0"
148.72.211.177 - - [10/Jul/2021:01:58:36 -0400] "POST /wp-login.php HTTP/1.1" 200 10074 "-" "Mozilla/5.0 (X11; Ubuntu; Linux x86_64; rv:62.0) Gecko/20100101 Firefox/62.0"
204.48.19.85 - - [10/Jul/2021:01:58:38 -0400] "POST /wp-cron.php?doing_wp_cron=1625896718.5245230197906494140625 HTTP/1.1" 200 6229 "https://bubandcompany.com/wp-cron.php?doing_wp_cron=1625896718.5245230197906494140625" "WordPress/5.7.2; https://bubandcompany.com"
148.72.211.177 - - [10/Jul/2021:01:58:37 -0400] "POST /xmlrpc.php HTTP/1.1" 200 5933 "-" "Mozilla/5.0 (X11; Ubuntu; Linux x86_64; rv:62.0) Gecko/20100101 Firefox/62.0"
204.48.19.85 - - [10/Jul/2021:02:08:00 -0400] "POST /wp-cron.php?doing_wp_cron=1625897280.3694419860839843750000 HTTP/1.1" 200 6229 "https://bubandcompany.com/wp-cron.php?doing_wp_cron=1625897280.3694419860839843750000" "WordPress/5.7.2; https://bubandcompany.com"
116.255.173.135 - - [10/Jul/2021:02:07:59 -0400] "GET /wp-login.php HTTP/1.1" 200 8384 "-" "Mozilla/5.0 (X11; Ubuntu; Linux x86_64; rv:62.0) Gecko/20100101 Firefox/62.0"
116.255.173.135 - - [10/Jul/2021:02:08:02 -0400] "POST /wp-login.php HTTP/1.1" 401 9270 "-" "Mozilla/5.0 (X11; Ubuntu; Linux x86_64; rv:62.0) Gecko/20100101 Firefox/62.0"
116.255.173.135 - - [10/Jul/2021:02:08:04 -0400] "POST /xmlrpc.php HTTP/1.1" 200 5817 "-" "Mozilla/5.0 (X11; Ubuntu; Linux x86_64; rv:62.0) Gecko/20100101 Firefox/62.0"
103.211.219.226 - - [10/Jul/2021:02:17:36 -0400] "GET /wp-login.php HTTP/1.1" 200 10074 "-" "Mozilla/5.0 (X11; Ubuntu; Linux x86_64; rv:62.0) Gecko/20100101 Firefox/62.0"
103.211.219.226 - - [10/Jul/2021:02:17:38 -0400] "POST /wp-login.php HTTP/1.1" 200 10074 "-" "Mozilla/5.0 (X11; Ubuntu; Linux x86_64; rv:62.0) Gecko/20100101 Firefox/62.0"
204.48.19.85 - - [10/Jul/2021:02:17:40 -0400] "POST /wp-cron.php?doing_wp_cron=1625897860.4205579757690429687500 HTTP/1.1" 200 6229 "https://bubandcompany.com/wp-cron.php?doing_wp_cron=1625897860.4205579757690429687500" "WordPress/5.7.2; https://bubandcompany.com"
103.211.219.226 - - [10/Jul/2021:02:17:39 -0400] "POST /xmlrpc.php HTTP/1.1" 200 5934 "-" "Mozilla/5.0 (X11; Ubuntu; Linux x86_64; rv:62.0) Gecko/20100101 Firefox/62.0"
138.197.174.231 - - [10/Jul/2021:02:27:26 -0400] "GET /wp-login.php HTTP/1.1" 200 10075 "-" "Mozilla/5.0 (X11; Ubuntu; Linux x86_64; rv:62.0) Gecko/20100101 Firefox/62.0"
138.197.174.231 - - [10/Jul/2021:02:27:28 -0400] "POST /wp-login.php HTTP/1.1" 200 10075 "-" "Mozilla/5.0 (X11; Ubuntu; Linux x86_64; rv:62.0) Gecko/20100101 Firefox/62.0"
204.48.19.85 - - [10/Jul/2021:02:27:31 -0400] "POST /wp-cron.php?doing_wp_cron=1625898451.4375240802764892578125 HTTP/1.1" 200 6229 "https://bubandcompany.com/wp-cron.php?doing_wp_cron=1625898451.4375240802764892578125" "WordPress/5.7.2; https://bubandcompany.com"
138.197.174.231 - - [10/Jul/2021:02:27:30 -0400] "POST /xmlrpc.php HTTP/1.1" 200 5934 "-" "Mozilla/5.0 (X11; Ubuntu; Linux x86_64; rv:62.0) Gecko/20100101 Firefox/62.0"
62.210.5.253 - - [10/Jul/2021:02:32:46 -0400] "GET /.well-known/security.txt HTTP/1.1" 404 6508 "-" "Mozilla/5.0 (X11; Ubuntu; Linux x86_64; rv:58.0) Gecko/20100101 Firefox/58.0"
51.178.142.139 - - [10/Jul/2021:02:36:26 -0400] "GET /wp-login.php HTTP/1.1" 200 10074 "-" "Mozilla/5.0 (X11; Ubuntu; Linux x86_64; rv:62.0) Gecko/20100101 Firefox/62.0"
51.178.142.139 - - [10/Jul/2021:02:36:28 -0400] "POST /wp-login.php HTTP/1.1" 200 10074 "-" "Mozilla/5.0 (X11; Ubuntu; Linux x86_64; rv:62.0) Gecko/20100101 Firefox/62.0"
204.48.19.85 - - [10/Jul/2021:02:36:29 -0400] "POST /wp-cron.php?doing_wp_cron=1625898989.7387120723724365234375 HTTP/1.1" 200 6229 "https://bubandcompany.com/wp-cron.php?doing_wp_cron=1625898989.7387120723724365234375" "WordPress/5.7.2; https://bubandcompany.com"
51.178.142.139 - - [10/Jul/2021:02:36:28 -0400] "POST /xmlrpc.php HTTP/1.1" 200 5934 "-" "Mozilla/5.0 (X11; Ubuntu; Linux x86_64; rv:62.0) Gecko/20100101 Firefox/62.0"
45.200.120.168 - - [10/Jul/2021:02:47:37 -0400] "GET /wp-login.php HTTP/1.1" 200 10074 "-" "Mozilla/5.0 (X11; Ubuntu; Linux x86_64; rv:62.0) Gecko/20100101 Firefox/62.0"
45.200.120.168 - - [10/Jul/2021:02:47:38 -0400] "POST /wp-login.php HTTP/1.1" 200 10074 "-" "Mozilla/5.0 (X11; Ubuntu; Linux x86_64; rv:62.0) Gecko/20100101 Firefox/62.0"
204.48.19.85 - - [10/Jul/2021:02:47:40 -0400] "POST /wp-cron.php?doing_wp_cron=1625899660.8706140518188476562500 HTTP/1.1" 200 6229 "https://bubandcompany.com/wp-cron.php?doing_wp_cron=1625899660.8706140518188476562500" "WordPress/5.7.2; https://bubandcompany.com"
45.200.120.168 - - [10/Jul/2021:02:47:40 -0400] "POST /xmlrpc.php HTTP/1.1" 200 5934 "-" "Mozilla/5.0 (X11; Ubuntu; Linux x86_64; rv:62.0) Gecko/20100101 Firefox/62.0"
35.239.109.103 - - [10/Jul/2021:02:58:10 -0400] "GET /wp-login.php HTTP/1.1" 200 10073 "-" "Mozilla/5.0 (X11; Ubuntu; Linux x86_64; rv:62.0) Gecko/20100101 Firefox/62.0"
35.239.109.103 - - [10/Jul/2021:02:58:11 -0400] "POST /wp-login.php HTTP/1.1" 200 10073 "-" "Mozilla/5.0 (X11; Ubuntu; Linux x86_64; rv:62.0) Gecko/20100101 Firefox/62.0"
204.48.19.85 - - [10/Jul/2021:02:58:12 -0400] "POST /wp-cron.php?doing_wp_cron=1625900292.3636460304260253906250 HTTP/1.1" 200 6229 "https://bubandcompany.com/wp-cron.php?doing_wp_cron=1625900292.3636460304260253906250" "WordPress/5.7.2; https://bubandcompany.com"
35.239.109.103 - - [10/Jul/2021:02:58:11 -0400] "POST /xmlrpc.php HTTP/1.1" 200 5933 "-" "Mozilla/5.0 (X11; Ubuntu; Linux x86_64; rv:62.0) Gecko/20100101 Firefox/62.0"
199.34.20.37 - - [10/Jul/2021:03:09:28 -0400] "GET /wp-login.php HTTP/1.1" 200 10073 "-" "Mozilla/5.0 (X11; Ubuntu; Linux x86_64; rv:62.0) Gecko/20100101 Firefox/62.0"
199.34.20.37 - - [10/Jul/2021:03:09:30 -0400] "POST /wp-login.php HTTP/1.1" 200 10073 "-" "Mozilla/5.0 (X11; Ubuntu; Linux x86_64; rv:62.0) Gecko/20100101 Firefox/62.0"
204.48.19.85 - - [10/Jul/2021:03:09:32 -0400] "POST /wp-cron.php?doing_wp_cron=1625900972.2624139785766601562500 HTTP/1.1" 200 6229 "https://bubandcompany.com/wp-cron.php?doing_wp_cron=1625900972.2624139785766601562500" "WordPress/5.7.2; https://bubandcompany.com"
199.34.20.37 - - [10/Jul/2021:03:09:31 -0400] "POST /xmlrpc.php HTTP/1.1" 200 5932 "-" "Mozilla/5.0 (X11; Ubuntu; Linux x86_64; rv:62.0) Gecko/20100101 Firefox/62.0"
134.209.147.60 - - [10/Jul/2021:03:21:09 -0400] "GET /wp-login.php HTTP/1.1" 200 10075 "-" "Mozilla/5.0 (X11; Ubuntu; Linux x86_64; rv:62.0) Gecko/20100101 Firefox/62.0"
134.209.147.60 - - [10/Jul/2021:03:21:10 -0400] "POST /wp-login.php HTTP/1.1" 200 10075 "-" "Mozilla/5.0 (X11; Ubuntu; Linux x86_64; rv:62.0) Gecko/20100101 Firefox/62.0"
204.48.19.85 - - [10/Jul/2021:03:21:18 -0400] "POST /wp-cron.php?doing_wp_cron=1625901678.0043699741363525390625 HTTP/1.1" 200 6229 "https://bubandcompany.com/wp-cron.php?doing_wp_cron=1625901678.0043699741363525390625" "WordPress/5.7.2; https://bubandcompany.com"
134.209.147.60 - - [10/Jul/2021:03:21:17 -0400] "POST /xmlrpc.php HTTP/1.1" 200 5934 "-" "Mozilla/5.0 (X11; Ubuntu; Linux x86_64; rv:62.0) Gecko/20100101 Firefox/62.0"
45.119.84.149 - - [10/Jul/2021:03:31:44 -0400] "GET /wp-login.php HTTP/1.1" 200 10074 "-" "Mozilla/5.0 (X11; Ubuntu; Linux x86_64; rv:62.0) Gecko/20100101 Firefox/62.0"
45.119.84.149 - - [10/Jul/2021:03:31:46 -0400] "POST /wp-login.php HTTP/1.1" 200 10074 "-" "Mozilla/5.0 (X11; Ubuntu; Linux x86_64; rv:62.0) Gecko/20100101 Firefox/62.0"
204.48.19.85 - - [10/Jul/2021:03:31:49 -0400] "POST /wp-cron.php?doing_wp_cron=1625902309.1083440780639648437500 HTTP/1.1" 200 6229 "https://bubandcompany.com/wp-cron.php?doing_wp_cron=1625902309.1083440780639648437500" "WordPress/5.7.2; https://bubandcompany.com"
45.119.84.149 - - [10/Jul/2021:03:31:48 -0400] "POST /xmlrpc.php HTTP/1.1" 200 5932 "-" "Mozilla/5.0 (X11; Ubuntu; Linux x86_64; rv:62.0) Gecko/20100101 Firefox/62.0"
139.59.33.202 - - [10/Jul/2021:03:43:24 -0400] "GET /wp-login.php HTTP/1.1" 200 10074 "-" "Mozilla/5.0 (X11; Ubuntu; Linux x86_64; rv:62.0) Gecko/20100101 Firefox/62.0"
139.59.33.202 - - [10/Jul/2021:03:43:26 -0400] "POST /wp-login.php HTTP/1.1" 200 10074 "-" "Mozilla/5.0 (X11; Ubuntu; Linux x86_64; rv:62.0) Gecko/20100101 Firefox/62.0"
204.48.19.85 - - [10/Jul/2021:03:43:28 -0400] "POST /wp-cron.php?doing_wp_cron=1625903008.4990289211273193359375 HTTP/1.1" 200 6229 "https://bubandcompany.com/wp-cron.php?doing_wp_cron=1625903008.4990289211273193359375" "WordPress/5.7.2; https://bubandcompany.com"
139.59.33.202 - - [10/Jul/2021:03:43:27 -0400] "POST /xmlrpc.php HTTP/1.1" 200 5933 "-" "Mozilla/5.0 (X11; Ubuntu; Linux x86_64; rv:62.0) Gecko/20100101 Firefox/62.0"
148.72.215.37 - - [10/Jul/2021:03:54:14 -0400] "GET /wp-login.php HTTP/1.1" 200 10073 "-" "Mozilla/5.0 (X11; Ubuntu; Linux x86_64; rv:62.0) Gecko/20100101 Firefox/62.0"
148.72.215.37 - - [10/Jul/2021:03:54:16 -0400] "POST /wp-login.php HTTP/1.1" 200 10073 "-" "Mozilla/5.0 (X11; Ubuntu; Linux x86_64; rv:62.0) Gecko/20100101 Firefox/62.0"
204.48.19.85 - - [10/Jul/2021:03:54:18 -0400] "POST /wp-cron.php?doing_wp_cron=1625903658.6774599552154541015625 HTTP/1.1" 200 6229 "https://bubandcompany.com/wp-cron.php?doing_wp_cron=1625903658.6774599552154541015625" "WordPress/5.7.2; https://bubandcompany.com"
148.72.215.37 - - [10/Jul/2021:03:54:17 -0400] "POST /xmlrpc.php HTTP/1.1" 200 5933 "-" "Mozilla/5.0 (X11; Ubuntu; Linux x86_64; rv:62.0) Gecko/20100101 Firefox/62.0"
192.169.244.239 - - [10/Jul/2021:04:04:51 -0400] "GET /wp-login.php HTTP/1.1" 200 10074 "-" "Mozilla/5.0 (X11; Ubuntu; Linux x86_64; rv:62.0) Gecko/20100101 Firefox/62.0"
192.169.244.239 - - [10/Jul/2021:04:04:57 -0400] "POST /wp-login.php HTTP/1.1" 200 10074 "-" "Mozilla/5.0 (X11; Ubuntu; Linux x86_64; rv:62.0) Gecko/20100101 Firefox/62.0"
204.48.19.85 - - [10/Jul/2021:04:04:59 -0400] "POST /wp-cron.php?doing_wp_cron=1625904299.6730930805206298828125 HTTP/1.1" 200 6229 "https://bubandcompany.com/wp-cron.php?doing_wp_cron=1625904299.6730930805206298828125" "WordPress/5.7.2; https://bubandcompany.com"
192.169.244.239 - - [10/Jul/2021:04:04:58 -0400] "POST /xmlrpc.php HTTP/1.1" 200 5934 "-" "Mozilla/5.0 (X11; Ubuntu; Linux x86_64; rv:62.0) Gecko/20100101 Firefox/62.0"
207.46.13.84 - - [10/Jul/2021:04:15:01 -0400] "GET /index.php/category/health-wellbeing/ HTTP/1.1" 200 6639 "-" "Mozilla/5.0 (compatible; bingbot/2.0; +http://www.bing.com/bingbot.htm)"
204.48.19.85 - - [10/Jul/2021:04:15:02 -0400] "POST /wp-cron.php?doing_wp_cron=1625904902.7709059715270996093750 HTTP/1.1" 200 6229 "https://bubandcompany.com/wp-cron.php?doing_wp_cron=1625904902.7709059715270996093750" "WordPress/5.7.2; https://bubandcompany.com"
134.122.50.178 - - [10/Jul/2021:04:17:04 -0400] "GET /wp-login.php HTTP/1.1" 200 10075 "-" "Mozilla/5.0 (X11; Ubuntu; Linux x86_64; rv:62.0) Gecko/20100101 Firefox/62.0"
134.122.50.178 - - [10/Jul/2021:04:17:07 -0400] "POST /wp-login.php HTTP/1.1" 200 10075 "-" "Mozilla/5.0 (X11; Ubuntu; Linux x86_64; rv:62.0) Gecko/20100101 Firefox/62.0"
204.48.19.85 - - [10/Jul/2021:04:17:11 -0400] "POST /wp-cron.php?doing_wp_cron=1625905031.6659269332885742187500 HTTP/1.1" 200 6229 "https://bubandcompany.com/wp-cron.php?doing_wp_cron=1625905031.6659269332885742187500" "WordPress/5.7.2; https://bubandcompany.com"
134.122.50.178 - - [10/Jul/2021:04:17:10 -0400] "POST /xmlrpc.php HTTP/1.1" 200 5933 "-" "Mozilla/5.0 (X11; Ubuntu; Linux x86_64; rv:62.0) Gecko/20100101 Firefox/62.0"
101.32.62.196 - - [10/Jul/2021:04:28:48 -0400] "GET /wp-login.php HTTP/1.1" 200 10074 "-" "Mozilla/5.0 (X11; Ubuntu; Linux x86_64; rv:62.0) Gecko/20100101 Firefox/62.0"
101.32.62.196 - - [10/Jul/2021:04:28:49 -0400] "POST /wp-login.php HTTP/1.1" 200 10074 "-" "Mozilla/5.0 (X11; Ubuntu; Linux x86_64; rv:62.0) Gecko/20100101 Firefox/62.0"
204.48.19.85 - - [10/Jul/2021:04:28:52 -0400] "POST /wp-cron.php?doing_wp_cron=1625905732.0498089790344238281250 HTTP/1.1" 200 6229 "https://bubandcompany.com/wp-cron.php?doing_wp_cron=1625905732.0498089790344238281250" "WordPress/5.7.2; https://bubandcompany.com"
101.32.62.196 - - [10/Jul/2021:04:28:51 -0400] "POST /xmlrpc.php HTTP/1.1" 200 5933 "-" "Mozilla/5.0 (X11; Ubuntu; Linux x86_64; rv:62.0) Gecko/20100101 Firefox/62.0"
54.38.212.160 - - [10/Jul/2021:04:53:08 -0400] "GET /wp-login.php HTTP/1.1" 200 10074 "-" "Mozilla/5.0 (X11; Ubuntu; Linux x86_64; rv:62.0) Gecko/20100101 Firefox/62.0"
54.38.212.160 - - [10/Jul/2021:04:53:09 -0400] "POST /wp-login.php HTTP/1.1" 200 10074 "-" "Mozilla/5.0 (X11; Ubuntu; Linux x86_64; rv:62.0) Gecko/20100101 Firefox/62.0"
204.48.19.85 - - [10/Jul/2021:04:53:11 -0400] "POST /wp-cron.php?doing_wp_cron=1625907191.6130979061126708984375 HTTP/1.1" 200 6229 "https://bubandcompany.com/wp-cron.php?doing_wp_cron=1625907191.6130979061126708984375" "WordPress/5.7.2; https://bubandcompany.com"
54.38.212.160 - - [10/Jul/2021:04:53:10 -0400] "POST /xmlrpc.php HTTP/1.1" 200 5933 "-" "Mozilla/5.0 (X11; Ubuntu; Linux x86_64; rv:62.0) Gecko/20100101 Firefox/62.0"
45.119.84.149 - - [10/Jul/2021:05:06:03 -0400] "GET /wp-login.php HTTP/1.1" 200 10074 "-" "Mozilla/5.0 (X11; Ubuntu; Linux x86_64; rv:62.0) Gecko/20100101 Firefox/62.0"
45.119.84.149 - - [10/Jul/2021:05:06:05 -0400] "POST /wp-login.php HTTP/1.1" 200 10074 "-" "Mozilla/5.0 (X11; Ubuntu; Linux x86_64; rv:62.0) Gecko/20100101 Firefox/62.0"
204.48.19.85 - - [10/Jul/2021:05:06:07 -0400] "POST /wp-cron.php?doing_wp_cron=1625907967.8328619003295898437500 HTTP/1.1" 200 6229 "https://bubandcompany.com/wp-cron.php?doing_wp_cron=1625907967.8328619003295898437500" "WordPress/5.7.2; https://bubandcompany.com"
45.119.84.149 - - [10/Jul/2021:05:06:07 -0400] "POST /xmlrpc.php HTTP/1.1" 200 5932 "-" "Mozilla/5.0 (X11; Ubuntu; Linux x86_64; rv:62.0) Gecko/20100101 Firefox/62.0"
64.227.78.130 - - [10/Jul/2021:05:18:59 -0400] "GET /wp-login.php HTTP/1.1" 200 10074 "-" "Mozilla/5.0 (X11; Ubuntu; Linux x86_64; rv:62.0) Gecko/20100101 Firefox/62.0"
64.227.78.130 - - [10/Jul/2021:05:19:00 -0400] "POST /wp-login.php HTTP/1.1" 200 10074 "-" "Mozilla/5.0 (X11; Ubuntu; Linux x86_64; rv:62.0) Gecko/20100101 Firefox/62.0"
204.48.19.85 - - [10/Jul/2021:05:19:07 -0400] "POST /wp-cron.php?doing_wp_cron=1625908747.4560658931732177734375 HTTP/1.1" 200 6229 "https://bubandcompany.com/wp-cron.php?doing_wp_cron=1625908747.4560658931732177734375" "WordPress/5.7.2; https://bubandcompany.com"
64.227.78.130 - - [10/Jul/2021:05:19:06 -0400] "POST /xmlrpc.php HTTP/1.1" 200 5933 "-" "Mozilla/5.0 (X11; Ubuntu; Linux x86_64; rv:62.0) Gecko/20100101 Firefox/62.0"
204.48.19.85 - - [10/Jul/2021:05:30:03 -0400] "POST /wp-cron.php?doing_wp_cron=1625909403.0480270385742187500000 HTTP/1.1" 200 6229 "https://bubandcompany.com/wp-cron.php?doing_wp_cron=1625909403.0480270385742187500000" "WordPress/5.7.2; https://bubandcompany.com"
54.36.148.252 - - [10/Jul/2021:05:30:01 -0400] "GET / HTTP/1.1" 200 7135 "-" "Mozilla/5.0 (compatible; AhrefsBot/7.0; +http://ahrefs.com/robot/)"
185.49.20.75 - - [10/Jul/2021:05:30:30 -0400] "GET /wp-login.php HTTP/1.1" 200 10073 "-" "Mozilla/5.0 (X11; Ubuntu; Linux x86_64; rv:62.0) Gecko/20100101 Firefox/62.0"
185.49.20.75 - - [10/Jul/2021:05:30:31 -0400] "POST /wp-login.php HTTP/1.1" 200 10073 "-" "Mozilla/5.0 (X11; Ubuntu; Linux x86_64; rv:62.0) Gecko/20100101 Firefox/62.0"
204.48.19.85 - - [10/Jul/2021:05:30:32 -0400] "POST /wp-cron.php?doing_wp_cron=1625909432.7816970348358154296875 HTTP/1.1" 200 6229 "https://bubandcompany.com/wp-cron.php?doing_wp_cron=1625909432.7816970348358154296875" "WordPress/5.7.2; https://bubandcompany.com"
185.49.20.75 - - [10/Jul/2021:05:30:31 -0400] "POST /xmlrpc.php HTTP/1.1" 200 5932 "-" "Mozilla/5.0 (X11; Ubuntu; Linux x86_64; rv:62.0) Gecko/20100101 Firefox/62.0"
162.241.174.216 - - [10/Jul/2021:05:42:40 -0400] "GET /wp-login.php HTTP/1.1" 200 10074 "-" "Mozilla/5.0 (X11; Ubuntu; Linux x86_64; rv:62.0) Gecko/20100101 Firefox/62.0"
162.241.174.216 - - [10/Jul/2021:05:42:41 -0400] "POST /wp-login.php HTTP/1.1" 200 10074 "-" "Mozilla/5.0 (X11; Ubuntu; Linux x86_64; rv:62.0) Gecko/20100101 Firefox/62.0"
204.48.19.85 - - [10/Jul/2021:05:42:42 -0400] "POST /wp-cron.php?doing_wp_cron=1625910162.8809390068054199218750 HTTP/1.1" 200 6229 "https://bubandcompany.com/wp-cron.php?doing_wp_cron=1625910162.8809390068054199218750" "WordPress/5.7.2; https://bubandcompany.com"
162.241.174.216 - - [10/Jul/2021:05:42:42 -0400] "POST /xmlrpc.php HTTP/1.1" 200 5934 "-" "Mozilla/5.0 (X11; Ubuntu; Linux x86_64; rv:62.0) Gecko/20100101 Firefox/62.0"
93.113.111.153 - - [10/Jul/2021:05:55:50 -0400] "GET /wp-login.php HTTP/1.1" 200 10074 "-" "Mozilla/5.0 (X11; Ubuntu; Linux x86_64; rv:62.0) Gecko/20100101 Firefox/62.0"
93.113.111.153 - - [10/Jul/2021:05:55:51 -0400] "POST /wp-login.php HTTP/1.1" 200 10074 "-" "Mozilla/5.0 (X11; Ubuntu; Linux x86_64; rv:62.0) Gecko/20100101 Firefox/62.0"
204.48.19.85 - - [10/Jul/2021:05:55:52 -0400] "POST /wp-cron.php?doing_wp_cron=1625910952.9626829624176025390625 HTTP/1.1" 200 6229 "https://bubandcompany.com/wp-cron.php?doing_wp_cron=1625910952.9626829624176025390625" "WordPress/5.7.2; https://bubandcompany.com"
93.113.111.153 - - [10/Jul/2021:05:55:51 -0400] "POST /xmlrpc.php HTTP/1.1" 200 5932 "-" "Mozilla/5.0 (X11; Ubuntu; Linux x86_64; rv:62.0) Gecko/20100101 Firefox/62.0"
109.24.144.155 - - [10/Jul/2021:06:09:15 -0400] "GET /wp-login.php HTTP/1.1" 200 10074 "-" "Mozilla/5.0 (X11; Ubuntu; Linux x86_64; rv:62.0) Gecko/20100101 Firefox/62.0"
109.24.144.155 - - [10/Jul/2021:06:09:16 -0400] "POST /wp-login.php HTTP/1.1" 200 10074 "-" "Mozilla/5.0 (X11; Ubuntu; Linux x86_64; rv:62.0) Gecko/20100101 Firefox/62.0"
204.48.19.85 - - [10/Jul/2021:06:09:18 -0400] "POST /wp-cron.php?doing_wp_cron=1625911758.3267929553985595703125 HTTP/1.1" 200 6229 "https://bubandcompany.com/wp-cron.php?doing_wp_cron=1625911758.3267929553985595703125" "WordPress/5.7.2; https://bubandcompany.com"
109.24.144.155 - - [10/Jul/2021:06:09:17 -0400] "POST /xmlrpc.php HTTP/1.1" 200 5933 "-" "Mozilla/5.0 (X11; Ubuntu; Linux x86_64; rv:62.0) Gecko/20100101 Firefox/62.0"
124.150.129.87 - - [10/Jul/2021:06:36:39 -0400] "GET /wp-login.php HTTP/1.1" 200 10074 "-" "Mozilla/5.0 (X11; Ubuntu; Linux x86_64; rv:62.0) Gecko/20100101 Firefox/62.0"
124.150.129.87 - - [10/Jul/2021:06:36:41 -0400] "POST /wp-login.php HTTP/1.1" 200 10074 "-" "Mozilla/5.0 (X11; Ubuntu; Linux x86_64; rv:62.0) Gecko/20100101 Firefox/62.0"
204.48.19.85 - - [10/Jul/2021:06:36:43 -0400] "POST /wp-cron.php?doing_wp_cron=1625913403.3964800834655761718750 HTTP/1.1" 200 6229 "https://bubandcompany.com/wp-cron.php?doing_wp_cron=1625913403.3964800834655761718750" "WordPress/5.7.2; https://bubandcompany.com"
124.150.129.87 - - [10/Jul/2021:06:36:42 -0400] "POST /xmlrpc.php HTTP/1.1" 200 5934 "-" "Mozilla/5.0 (X11; Ubuntu; Linux x86_64; rv:62.0) Gecko/20100101 Firefox/62.0"
89.252.137.57 - - [10/Jul/2021:06:51:51 -0400] "GET /wp-login.php HTTP/1.1" 200 10074 "-" "Mozilla/5.0 (X11; Ubuntu; Linux x86_64; rv:62.0) Gecko/20100101 Firefox/62.0"
89.252.137.57 - - [10/Jul/2021:06:51:53 -0400] "POST /wp-login.php HTTP/1.1" 200 10074 "-" "Mozilla/5.0 (X11; Ubuntu; Linux x86_64; rv:62.0) Gecko/20100101 Firefox/62.0"
204.48.19.85 - - [10/Jul/2021:06:51:55 -0400] "POST /wp-cron.php?doing_wp_cron=1625914315.0484108924865722656250 HTTP/1.1" 200 6229 "https://bubandcompany.com/wp-cron.php?doing_wp_cron=1625914315.0484108924865722656250" "WordPress/5.7.2; https://bubandcompany.com"
89.252.137.57 - - [10/Jul/2021:06:51:54 -0400] "POST /xmlrpc.php HTTP/1.1" 200 5933 "-" "Mozilla/5.0 (X11; Ubuntu; Linux x86_64; rv:62.0) Gecko/20100101 Firefox/62.0"
23.228.109.147 - - [10/Jul/2021:06:55:58 -0400] "GET /wp-content/plugins/formcraft/file-upload/server/php/upload.php HTTP/1.1" 301 667 "http://www.google.com/" "Mozilla/5.0 (Windows NT 6.1; Win64; x64) AppleWebKit/537.36 (KHTML, like Gecko) Chrome/56.0.2896.3 Safari/537.36"
23.228.109.147 - - [10/Jul/2021:06:55:58 -0400] "GET /wp-content/plugins/formcraft/file-upload/server/php/upload.php HTTP/1.1" 404 6022 "http://www.google.com/" "Mozilla/5.0 (Windows NT 6.1; Win64; x64) AppleWebKit/537.36 (KHTML, like Gecko) Chrome/56.0.2896.3 Safari/537.36"
148.72.211.177 - - [10/Jul/2021:07:06:35 -0400] "GET /wp-login.php HTTP/1.1" 200 10074 "-" "Mozilla/5.0 (X11; Ubuntu; Linux x86_64; rv:62.0) Gecko/20100101 Firefox/62.0"
148.72.211.177 - - [10/Jul/2021:07:06:37 -0400] "POST /wp-login.php HTTP/1.1" 200 10074 "-" "Mozilla/5.0 (X11; Ubuntu; Linux x86_64; rv:62.0) Gecko/20100101 Firefox/62.0"
204.48.19.85 - - [10/Jul/2021:07:06:39 -0400] "POST /wp-cron.php?doing_wp_cron=1625915199.6076769828796386718750 HTTP/1.1" 200 6229 "https://bubandcompany.com/wp-cron.php?doing_wp_cron=1625915199.6076769828796386718750" "WordPress/5.7.2; https://bubandcompany.com"
148.72.211.177 - - [10/Jul/2021:07:06:38 -0400] "POST /xmlrpc.php HTTP/1.1" 200 5933 "-" "Mozilla/5.0 (X11; Ubuntu; Linux x86_64; rv:62.0) Gecko/20100101 Firefox/62.0"
80.251.219.111 - - [10/Jul/2021:07:21:31 -0400] "GET /wp-login.php HTTP/1.1" 200 10074 "-" "Mozilla/5.0 (X11; Ubuntu; Linux x86_64; rv:62.0) Gecko/20100101 Firefox/62.0"
80.251.219.111 - - [10/Jul/2021:07:21:32 -0400] "POST /wp-login.php HTTP/1.1" 200 10074 "-" "Mozilla/5.0 (X11; Ubuntu; Linux x86_64; rv:62.0) Gecko/20100101 Firefox/62.0"
204.48.19.85 - - [10/Jul/2021:07:21:33 -0400] "POST /wp-cron.php?doing_wp_cron=1625916093.8743259906768798828125 HTTP/1.1" 200 6229 "https://bubandcompany.com/wp-cron.php?doing_wp_cron=1625916093.8743259906768798828125" "WordPress/5.7.2; https://bubandcompany.com"
80.251.219.111 - - [10/Jul/2021:07:21:33 -0400] "POST /xmlrpc.php HTTP/1.1" 200 5933 "-" "Mozilla/5.0 (X11; Ubuntu; Linux x86_64; rv:62.0) Gecko/20100101 Firefox/62.0"
35.208.14.82 - - [10/Jul/2021:07:35:01 -0400] "GET /wp-login.php HTTP/1.1" 200 10073 "-" "Mozilla/5.0 (X11; Ubuntu; Linux x86_64; rv:62.0) Gecko/20100101 Firefox/62.0"
35.208.14.82 - - [10/Jul/2021:07:35:02 -0400] "POST /wp-login.php HTTP/1.1" 200 10073 "-" "Mozilla/5.0 (X11; Ubuntu; Linux x86_64; rv:62.0) Gecko/20100101 Firefox/62.0"
35.208.14.82 - - [10/Jul/2021:07:35:02 -0400] "POST /xmlrpc.php HTTP/1.1" 200 5932 "-" "Mozilla/5.0 (X11; Ubuntu; Linux x86_64; rv:62.0) Gecko/20100101 Firefox/62.0"
204.48.19.85 - - [10/Jul/2021:07:35:03 -0400] "POST /wp-cron.php?doing_wp_cron=1625916903.7667460441589355468750 HTTP/1.1" 200 6229 "https://bubandcompany.com/wp-cron.php?doing_wp_cron=1625916903.7667460441589355468750" "WordPress/5.7.2; https://bubandcompany.com"
103.111.30.40 - - [10/Jul/2021:07:50:37 -0400] "GET /wp-login.php HTTP/1.1" 200 10073 "-" "Mozilla/5.0 (X11; Ubuntu; Linux x86_64; rv:62.0) Gecko/20100101 Firefox/62.0"
103.111.30.40 - - [10/Jul/2021:07:50:38 -0400] "POST /wp-login.php HTTP/1.1" 200 10073 "-" "Mozilla/5.0 (X11; Ubuntu; Linux x86_64; rv:62.0) Gecko/20100101 Firefox/62.0"
103.111.30.40 - - [10/Jul/2021:07:50:40 -0400] "POST /xmlrpc.php HTTP/1.1" 200 5931 "-" "Mozilla/5.0 (X11; Ubuntu; Linux x86_64; rv:62.0) Gecko/20100101 Firefox/62.0"
204.48.19.85 - - [10/Jul/2021:07:50:42 -0400] "POST /wp-admin/admin-ajax.php?action=wp_1_wc_privacy_cleanup&nonce=ab494cd1d3 HTTP/1.1" 200 6457 "https://bubandcompany.com/wp-admin/admin-ajax.php?action=wp_1_wc_privacy_cleanup&nonce=ab494cd1d3" "WordPress/5.7.2; https://bubandcompany.com"
204.48.19.85 - - [10/Jul/2021:07:50:41 -0400] "POST /wp-cron.php?doing_wp_cron=1625917841.2448790073394775390625 HTTP/1.1" 200 6229 "https://bubandcompany.com/wp-cron.php?doing_wp_cron=1625917841.2448790073394775390625" "WordPress/5.7.2; https://bubandcompany.com"
77.68.93.141 - - [10/Jul/2021:08:05:32 -0400] "GET /wp-login.php HTTP/1.1" 200 10074 "-" "Mozilla/5.0 (X11; Ubuntu; Linux x86_64; rv:62.0) Gecko/20100101 Firefox/62.0"
77.68.93.141 - - [10/Jul/2021:08:05:33 -0400] "POST /wp-login.php HTTP/1.1" 200 10074 "-" "Mozilla/5.0 (X11; Ubuntu; Linux x86_64; rv:62.0) Gecko/20100101 Firefox/62.0"
204.48.19.85 - - [10/Jul/2021:08:05:35 -0400] "POST /wp-cron.php?doing_wp_cron=1625918735.3230578899383544921875 HTTP/1.1" 200 6229 "https://bubandcompany.com/wp-cron.php?doing_wp_cron=1625918735.3230578899383544921875" "WordPress/5.7.2; https://bubandcompany.com"
77.68.93.141 - - [10/Jul/2021:08:05:34 -0400] "POST /xmlrpc.php HTTP/1.1" 200 5932 "-" "Mozilla/5.0 (X11; Ubuntu; Linux x86_64; rv:62.0) Gecko/20100101 Firefox/62.0"
204.48.19.85 - - [10/Jul/2021:08:30:52 -0400] "POST /wp-cron.php?doing_wp_cron=1625920252.0886909961700439453125 HTTP/1.1" 200 6229 "https://bubandcompany.com/wp-cron.php?doing_wp_cron=1625920252.0886909961700439453125" "WordPress/5.7.2; https://bubandcompany.com"
54.36.148.22 - - [10/Jul/2021:08:30:51 -0400] "GET / HTTP/1.1" 200 7103 "-" "Mozilla/5.0 (compatible; AhrefsBot/7.0; +http://ahrefs.com/robot/)"
20.185.199.219 - - [10/Jul/2021:08:38:34 -0400] "GET /.env HTTP/1.1" 301 532 "-" "curl/7.68.0"
20.185.199.219 - - [10/Jul/2021:08:38:35 -0400] "GET /.env HTTP/1.1" 404 6504 "-" "curl/7.68.0"
20.185.199.219 - - [10/Jul/2021:08:38:35 -0400] "GET /.env HTTP/1.1" 301 544 "-" "curl/7.68.0"
20.185.199.219 - - [10/Jul/2021:08:38:35 -0400] "GET /.env HTTP/1.1" 404 6540 "-" "curl/7.68.0"
20.185.199.219 - - [10/Jul/2021:08:38:40 -0400] "POST / HTTP/1.1" 301 524 "-" "curl/7.68.0"
20.185.199.219 - - [10/Jul/2021:08:38:40 -0400] "POST / HTTP/1.1" 301 536 "-" "curl/7.68.0"
204.48.19.85 - - [10/Jul/2021:08:38:41 -0400] "POST /wp-cron.php?doing_wp_cron=1625920721.3636751174926757812500 HTTP/1.1" 200 6229 "https://bubandcompany.com/wp-cron.php?doing_wp_cron=1625920721.3636751174926757812500" "WordPress/5.7.2; https://bubandcompany.com"
20.185.199.219 - - [10/Jul/2021:08:38:40 -0400] "GET / HTTP/1.1" 200 8635 "-" "curl/7.68.0"
45.129.18.115 - - [10/Jul/2021:08:55:58 -0400] "HEAD / HTTP/1.1" 301 242 "-" "Mozilla/5.0 (Macintosh; Intel Mac OS X 10_9_3) AppleWebKit/537.36 (KHTML, like Gecko) Chrome/35.0.1916.47 Safari/537.36"
204.48.19.85 - - [10/Jul/2021:08:55:59 -0400] "POST /wp-cron.php?doing_wp_cron=1625921759.2006630897521972656250 HTTP/1.1" 200 6229 "https://bubandcompany.com/wp-cron.php?doing_wp_cron=1625921759.2006630897521972656250" "WordPress/5.7.2; https://bubandcompany.com"
45.129.18.158 - - [10/Jul/2021:08:55:58 -0400] "HEAD / HTTP/1.1" 200 5845 "-" "Mozilla/5.0 (Macintosh; Intel Mac OS X 10_9_3) AppleWebKit/537.36 (KHTML, like Gecko) Chrome/35.0.1916.47 Safari/537.36"
34.216.186.83 - - [10/Jul/2021:10:32:49 -0400] "GET / HTTP/1.1" 301 524 "-" "Mozilla/5.0 (X11; Linux x86_64) AppleWebKit/537.36 (KHTML, like Gecko) Chrome/83.0.4103.97 Safari/537.36"
34.216.186.83 - - [10/Jul/2021:10:32:52 -0400] "GET / HTTP/1.1" 200 7088 "-" "Mozilla/5.0 (X11; Linux x86_64) AppleWebKit/537.36 (KHTML, like Gecko) Chrome/83.0.4103.97 Safari/537.36"
204.48.19.85 - - [10/Jul/2021:10:32:54 -0400] "GET / HTTP/1.1" 200 7122 "https://bubandcompany.com/" "WordPress/5.7.2; https://bubandcompany.com"
204.48.19.85 - - [10/Jul/2021:10:32:53 -0400] "POST /wp-cron.php?doing_wp_cron=1625927573.6242249011993408203125 HTTP/1.1" 200 6229 "https://bubandcompany.com/wp-cron.php?doing_wp_cron=1625927573.6242249011993408203125" "WordPress/5.7.2; https://bubandcompany.com"
54.214.178.5 - - [10/Jul/2021:10:33:11 -0400] "GET /favicon.ico HTTP/1.1" 301 546 "-" "Mozilla/5.0 (X11; Linux x86_64) AppleWebKit/537.36 (KHTML, like Gecko) Chrome/83.0.4103.97 Safari/537.36"
54.214.178.5 - - [10/Jul/2021:10:33:15 -0400] "GET / HTTP/1.1" 301 524 "-" "Mozilla/5.0 (X11; Linux x86_64) AppleWebKit/537.36 (KHTML, like Gecko) Chrome/83.0.4103.97 Safari/537.36"
54.214.178.5 - - [10/Jul/2021:10:33:18 -0400] "GET / HTTP/1.1" 200 7088 "http://bubandcompany.com" "Mozilla/5.0 (X11; Linux x86_64) AppleWebKit/537.36 (KHTML, like Gecko) Chrome/83.0.4103.97 Safari/537.36"
54.189.245.142 - - [10/Jul/2021:10:39:20 -0400] "GET / HTTP/1.1" 301 524 "-" "Mozilla/5.0 (X11; Linux x86_64) AppleWebKit/537.36 (KHTML, like Gecko) Chrome/83.0.4103.97 Safari/537.36"
204.48.19.85 - - [10/Jul/2021:10:39:26 -0400] "POST /wp-cron.php?doing_wp_cron=1625927966.2129230499267578125000 HTTP/1.1" 200 6229 "https://bubandcompany.com/wp-cron.php?doing_wp_cron=1625927966.2129230499267578125000" "WordPress/5.7.2; https://bubandcompany.com"
54.189.245.142 - - [10/Jul/2021:10:39:25 -0400] "GET / HTTP/1.1" 200 7088 "-" "Mozilla/5.0 (X11; Linux x86_64) AppleWebKit/537.36 (KHTML, like Gecko) Chrome/83.0.4103.97 Safari/537.36"
204.48.19.85 - - [10/Jul/2021:10:39:42 -0400] "POST /wp-cron.php?doing_wp_cron=1625927982.3455269336700439453125 HTTP/1.1" 200 6229 "https://bubandcompany.com/wp-cron.php?doing_wp_cron=1625927982.3455269336700439453125" "WordPress/5.7.2; https://bubandcompany.com"
34.215.164.120 - - [10/Jul/2021:10:39:41 -0400] "GET / HTTP/1.1" 200 7088 "-" "Mozilla/5.0 (X11; Linux x86_64) AppleWebKit/537.36 (KHTML, like Gecko) Chrome/83.0.4103.97 Safari/537.36"
34.220.217.225 - - [10/Jul/2021:10:40:26 -0400] "GET /favicon.ico HTTP/1.1" 404 6489 "-" "Mozilla/5.0 (X11; Linux x86_64) AppleWebKit/537.36 (KHTML, like Gecko) Chrome/83.0.4103.97 Safari/537.36"
204.48.19.85 - - [10/Jul/2021:10:41:50 -0400] "POST /wp-cron.php?doing_wp_cron=1625928110.1963009834289550781250 HTTP/1.1" 200 6229 "https://bubandcompany.com/wp-cron.php?doing_wp_cron=1625928110.1963009834289550781250" "WordPress/5.7.2; https://bubandcompany.com"
34.210.60.109 - - [10/Jul/2021:10:41:49 -0400] "GET / HTTP/1.1" 200 7088 "-" "Mozilla/5.0 (X11; Linux x86_64) AppleWebKit/537.36 (KHTML, like Gecko) Chrome/83.0.4103.97 Safari/537.36"
34.210.52.9 - - [10/Jul/2021:10:43:31 -0400] "GET / HTTP/1.1" 301 524 "-" "Mozilla/5.0 (X11; Linux x86_64) AppleWebKit/537.36 (KHTML, like Gecko) Chrome/83.0.4103.97 Safari/537.36"
204.48.19.85 - - [10/Jul/2021:10:43:36 -0400] "POST /wp-cron.php?doing_wp_cron=1625928216.6993680000305175781250 HTTP/1.1" 200 6229 "https://bubandcompany.com/wp-cron.php?doing_wp_cron=1625928216.6993680000305175781250" "WordPress/5.7.2; https://bubandcompany.com"
34.210.52.9 - - [10/Jul/2021:10:43:35 -0400] "GET / HTTP/1.1" 200 7088 "-" "Mozilla/5.0 (X11; Linux x86_64) AppleWebKit/537.36 (KHTML, like Gecko) Chrome/83.0.4103.97 Safari/537.36"
34.210.100.218 - - [10/Jul/2021:10:44:30 -0400] "GET /favicon.ico HTTP/1.1" 301 546 "-" "Mozilla/5.0 (X11; Linux x86_64) AppleWebKit/537.36 (KHTML, like Gecko) Chrome/83.0.4103.97 Safari/537.36"
34.210.100.218 - - [10/Jul/2021:10:44:35 -0400] "GET / HTTP/1.1" 301 524 "-" "Mozilla/5.0 (X11; Linux x86_64) AppleWebKit/537.36 (KHTML, like Gecko) Chrome/83.0.4103.97 Safari/537.36"
204.48.19.85 - - [10/Jul/2021:10:44:36 -0400] "POST /wp-cron.php?doing_wp_cron=1625928276.6049768924713134765625 HTTP/1.1" 200 6229 "https://bubandcompany.com/wp-cron.php?doing_wp_cron=1625928276.6049768924713134765625" "WordPress/5.7.2; https://bubandcompany.com"
34.210.100.218 - - [10/Jul/2021:10:44:35 -0400] "GET / HTTP/1.1" 200 6026 "http://bubandcompany.com" "Mozilla/5.0 (X11; Linux x86_64) AppleWebKit/537.36 (KHTML, like Gecko) Chrome/83.0.4103.97 Safari/537.36"
52.25.21.193 - - [10/Jul/2021:10:44:47 -0400] "GET /favicon.ico HTTP/1.1" 301 546 "-" "Mozilla/5.0 (X11; Linux x86_64) AppleWebKit/537.36 (KHTML, like Gecko) Chrome/83.0.4103.97 Safari/537.36"
52.25.21.193 - - [10/Jul/2021:10:44:50 -0400] "GET / HTTP/1.1" 301 524 "-" "Mozilla/5.0 (X11; Linux x86_64) AppleWebKit/537.36 (KHTML, like Gecko) Chrome/83.0.4103.97 Safari/537.36"
111.7.96.146 - - [10/Jul/2021:10:53:31 -0400] "HEAD / HTTP/1.1" 200 6265 "-" "Chrome/54.0 (Windows NT 10.0)"
204.48.19.85 - - [10/Jul/2021:10:53:32 -0400] "POST /wp-cron.php?doing_wp_cron=1625928812.6796979904174804687500 HTTP/1.1" 200 6229 "https://bubandcompany.com/wp-cron.php?doing_wp_cron=1625928812.6796979904174804687500" "WordPress/5.7.2; https://bubandcompany.com"
111.7.96.146 - - [10/Jul/2021:10:53:35 -0400] "GET / HTTP/1.1" 200 7107 "-" "Chrome/54.0 (Windows NT 10.0)"
111.7.96.146 - - [10/Jul/2021:10:53:53 -0400] "GET /favicon.ico HTTP/1.1" 404 6512 "-" "Chrome/54.0 (Windows NT 10.0)"
204.48.19.85 - - [10/Jul/2021:10:57:08 -0400] "POST /wp-cron.php?doing_wp_cron=1625929028.5513119697570800781250 HTTP/1.1" 200 6229 "https://bubandcompany.com/wp-cron.php?doing_wp_cron=1625929028.5513119697570800781250" "WordPress/5.7.2; https://bubandcompany.com"
111.7.96.146 - - [10/Jul/2021:10:57:07 -0400] "HEAD / HTTP/1.1" 200 6265 "-" "Chrome/54.0 (Windows NT 10.0)"
111.7.96.146 - - [10/Jul/2021:10:57:10 -0400] "GET / HTTP/1.1" 200 7107 "-" "Chrome/54.0 (Windows NT 10.0)"
111.7.96.146 - - [10/Jul/2021:10:57:27 -0400] "GET /favicon.ico HTTP/1.1" 404 6508 "-" "Chrome/54.0 (Windows NT 10.0)"
34.245.123.185 - - [10/Jul/2021:11:00:46 -0400] "GET / HTTP/1.1" 301 524 "-" "Mozilla/5.0 (Macintosh; Intel Mac OS X 10_15_6) AppleWebKit/537.36 (KHTML, like Gecko) Chrome/84.0.4147.105 Safari/537.36"
204.48.19.85 - - [10/Jul/2021:11:00:47 -0400] "POST /wp-cron.php?doing_wp_cron=1625929247.7576360702514648437500 HTTP/1.1" 200 6229 "https://bubandcompany.com/wp-cron.php?doing_wp_cron=1625929247.7576360702514648437500" "WordPress/5.7.2; https://bubandcompany.com"
34.245.123.185 - - [10/Jul/2021:11:00:46 -0400] "GET / HTTP/1.1" 200 8620 "-" "Mozilla/5.0 (Macintosh; Intel Mac OS X 10_15_6) AppleWebKit/537.36 (KHTML, like Gecko) Chrome/84.0.4147.105 Safari/537.36"
