104.208.157.163 - - [29/Jun/2021:21:25:26 -0400] "POST //xmlrpc.php HTTP/1.1" 200 5514 "-" "Mozilla/5.0 (Windows NT 10.0; Win64; x64) AppleWebKit/537.36 (KHTML, like Gecko) Chrome/79.0 Safari/537.36"
104.208.157.163 - - [29/Jun/2021:21:25:28 -0400] "POST //xmlrpc.php HTTP/1.1" 200 5514 "-" "Mozilla/5.0 (Windows NT 10.0; Win64; x64) AppleWebKit/537.36 (KHTML, like Gecko) Chrome/79.0 Safari/537.36"
104.208.157.163 - - [29/Jun/2021:21:25:28 -0400] "POST //xmlrpc.php HTTP/1.1" 200 5514 "-" "Mozilla/5.0 (Windows NT 10.0; Win64; x64) AppleWebKit/537.36 (KHTML, like Gecko) Chrome/79.0 Safari/537.36"
104.208.157.163 - - [29/Jun/2021:21:25:29 -0400] "POST //xmlrpc.php HTTP/1.1" 200 5514 "-" "Mozilla/5.0 (Windows NT 10.0; Win64; x64) AppleWebKit/537.36 (KHTML, like Gecko) Chrome/79.0 Safari/537.36"
104.208.157.163 - - [29/Jun/2021:21:25:30 -0400] "POST //xmlrpc.php HTTP/1.1" 200 5514 "-" "Mozilla/5.0 (Windows NT 10.0; Win64; x64) AppleWebKit/537.36 (KHTML, like Gecko) Chrome/79.0 Safari/537.36"
104.208.157.163 - - [29/Jun/2021:21:25:31 -0400] "POST //xmlrpc.php HTTP/1.1" 200 5514 "-" "Mozilla/5.0 (Windows NT 10.0; Win64; x64) AppleWebKit/537.36 (KHTML, like Gecko) Chrome/79.0 Safari/537.36"
104.208.157.163 - - [29/Jun/2021:21:25:32 -0400] "POST //xmlrpc.php HTTP/1.1" 200 5514 "-" "Mozilla/5.0 (Windows NT 10.0; Win64; x64) AppleWebKit/537.36 (KHTML, like Gecko) Chrome/79.0 Safari/537.36"
104.208.157.163 - - [29/Jun/2021:21:25:33 -0400] "POST //xmlrpc.php HTTP/1.1" 200 5514 "-" "Mozilla/5.0 (Windows NT 10.0; Win64; x64) AppleWebKit/537.36 (KHTML, like Gecko) Chrome/79.0 Safari/537.36"
104.208.157.163 - - [29/Jun/2021:21:25:34 -0400] "POST //xmlrpc.php HTTP/1.1" 200 5514 "-" "Mozilla/5.0 (Windows NT 10.0; Win64; x64) AppleWebKit/537.36 (KHTML, like Gecko) Chrome/79.0 Safari/537.36"
104.208.157.163 - - [29/Jun/2021:21:25:35 -0400] "POST //xmlrpc.php HTTP/1.1" 200 5514 "-" "Mozilla/5.0 (Windows NT 10.0; Win64; x64) AppleWebKit/537.36 (KHTML, like Gecko) Chrome/79.0 Safari/537.36"
104.208.157.163 - - [29/Jun/2021:21:25:36 -0400] "POST //xmlrpc.php HTTP/1.1" 200 5514 "-" "Mozilla/5.0 (Windows NT 10.0; Win64; x64) AppleWebKit/537.36 (KHTML, like Gecko) Chrome/79.0 Safari/537.36"
104.208.157.163 - - [29/Jun/2021:21:25:37 -0400] "POST //xmlrpc.php HTTP/1.1" 200 5514 "-" "Mozilla/5.0 (Windows NT 10.0; Win64; x64) AppleWebKit/537.36 (KHTML, like Gecko) Chrome/79.0 Safari/537.36"
104.208.157.163 - - [29/Jun/2021:21:25:37 -0400] "POST //xmlrpc.php HTTP/1.1" 200 5514 "-" "Mozilla/5.0 (Windows NT 10.0; Win64; x64) AppleWebKit/537.36 (KHTML, like Gecko) Chrome/79.0 Safari/537.36"
204.48.19.85 - - [29/Jun/2021:21:25:39 -0400] "POST /wp-cron.php?doing_wp_cron=1625016339.5932550430297851562500 HTTP/1.1" 200 5389 "https://bubandcompany.com/wp-cron.php?doing_wp_cron=1625016339.5932550430297851562500" "WordPress/5.7.2; https://bubandcompany.com"
104.208.157.163 - - [29/Jun/2021:21:25:38 -0400] "POST //xmlrpc.php HTTP/1.1" 200 5514 "-" "Mozilla/5.0 (Windows NT 10.0; Win64; x64) AppleWebKit/537.36 (KHTML, like Gecko) Chrome/79.0 Safari/537.36"
204.48.19.85 - - [29/Jun/2021:21:25:41 -0400] "POST /wp-cron.php?doing_wp_cron=1625016341.2639830112457275390625 HTTP/1.1" 200 5389 "https://bubandcompany.com/wp-cron.php?doing_wp_cron=1625016341.2639830112457275390625" "WordPress/5.7.2; https://bubandcompany.com"
104.208.157.163 - - [29/Jun/2021:21:25:40 -0400] "POST //xmlrpc.php HTTP/1.1" 200 5514 "-" "Mozilla/5.0 (Windows NT 10.0; Win64; x64) AppleWebKit/537.36 (KHTML, like Gecko) Chrome/79.0 Safari/537.36"
104.208.157.163 - - [29/Jun/2021:21:25:42 -0400] "POST //xmlrpc.php HTTP/1.1" 200 5514 "-" "Mozilla/5.0 (Windows NT 10.0; Win64; x64) AppleWebKit/537.36 (KHTML, like Gecko) Chrome/79.0 Safari/537.36"
104.208.157.163 - - [29/Jun/2021:21:25:43 -0400] "POST //xmlrpc.php HTTP/1.1" 200 5514 "-" "Mozilla/5.0 (Windows NT 10.0; Win64; x64) AppleWebKit/537.36 (KHTML, like Gecko) Chrome/79.0 Safari/537.36"
104.208.157.163 - - [29/Jun/2021:21:25:43 -0400] "POST //xmlrpc.php HTTP/1.1" 200 5514 "-" "Mozilla/5.0 (Windows NT 10.0; Win64; x64) AppleWebKit/537.36 (KHTML, like Gecko) Chrome/79.0 Safari/537.36"
104.208.157.163 - - [29/Jun/2021:21:25:44 -0400] "POST //xmlrpc.php HTTP/1.1" 200 5514 "-" "Mozilla/5.0 (Windows NT 10.0; Win64; x64) AppleWebKit/537.36 (KHTML, like Gecko) Chrome/79.0 Safari/537.36"
104.208.157.163 - - [29/Jun/2021:21:25:45 -0400] "POST //xmlrpc.php HTTP/1.1" 200 5514 "-" "Mozilla/5.0 (Windows NT 10.0; Win64; x64) AppleWebKit/537.36 (KHTML, like Gecko) Chrome/79.0 Safari/537.36"
104.208.157.163 - - [29/Jun/2021:21:25:46 -0400] "POST //xmlrpc.php HTTP/1.1" 200 5514 "-" "Mozilla/5.0 (Windows NT 10.0; Win64; x64) AppleWebKit/537.36 (KHTML, like Gecko) Chrome/79.0 Safari/537.36"
104.208.157.163 - - [29/Jun/2021:21:25:47 -0400] "POST //xmlrpc.php HTTP/1.1" 200 5514 "-" "Mozilla/5.0 (Windows NT 10.0; Win64; x64) AppleWebKit/537.36 (KHTML, like Gecko) Chrome/79.0 Safari/537.36"
104.208.157.163 - - [29/Jun/2021:21:25:48 -0400] "POST //xmlrpc.php HTTP/1.1" 200 5514 "-" "Mozilla/5.0 (Windows NT 10.0; Win64; x64) AppleWebKit/537.36 (KHTML, like Gecko) Chrome/79.0 Safari/537.36"
104.208.157.163 - - [29/Jun/2021:21:25:49 -0400] "POST //xmlrpc.php HTTP/1.1" 200 5514 "-" "Mozilla/5.0 (Windows NT 10.0; Win64; x64) AppleWebKit/537.36 (KHTML, like Gecko) Chrome/79.0 Safari/537.36"
104.208.157.163 - - [29/Jun/2021:21:25:51 -0400] "POST //xmlrpc.php HTTP/1.1" 200 5514 "-" "Mozilla/5.0 (Windows NT 10.0; Win64; x64) AppleWebKit/537.36 (KHTML, like Gecko) Chrome/79.0 Safari/537.36"
104.208.157.163 - - [29/Jun/2021:21:25:52 -0400] "POST //xmlrpc.php HTTP/1.1" 200 5514 "-" "Mozilla/5.0 (Windows NT 10.0; Win64; x64) AppleWebKit/537.36 (KHTML, like Gecko) Chrome/79.0 Safari/537.36"
104.208.157.163 - - [29/Jun/2021:21:25:52 -0400] "POST //xmlrpc.php HTTP/1.1" 200 5514 "-" "Mozilla/5.0 (Windows NT 10.0; Win64; x64) AppleWebKit/537.36 (KHTML, like Gecko) Chrome/79.0 Safari/537.36"
104.208.157.163 - - [29/Jun/2021:21:25:53 -0400] "POST //xmlrpc.php HTTP/1.1" 200 5514 "-" "Mozilla/5.0 (Windows NT 10.0; Win64; x64) AppleWebKit/537.36 (KHTML, like Gecko) Chrome/79.0 Safari/537.36"
40.122.116.231 - - [29/Jun/2021:21:31:50 -0400] "POST /wp-login.php HTTP/1.1" 200 9236 "-" "Mozilla/5.0 (X11; Ubuntu; Linux x86_64; rv:62.0) Gecko/20100101 Firefox/62.0"
204.48.19.85 - - [29/Jun/2021:21:32:05 -0400] "POST /wp-cron.php?doing_wp_cron=1625016725.4083080291748046875000 HTTP/1.1" 200 5389 "https://bubandcompany.com/wp-cron.php?doing_wp_cron=1625016725.4083080291748046875000" "WordPress/5.7.2; https://bubandcompany.com"
40.122.116.231 - - [29/Jun/2021:21:32:04 -0400] "POST /xmlrpc.php HTTP/1.1" 200 5093 "-" "Mozilla/5.0 (X11; Ubuntu; Linux x86_64; rv:62.0) Gecko/20100101 Firefox/62.0"
123.59.181.181 - - [29/Jun/2021:21:38:00 -0400] "POST /wp-login.php HTTP/1.1" 200 9938 "-" "Mozilla/5.0 (Windows NT 6.1; Win64; x64) AppleWebKit/537.36 (KHTML, like Gecko) Chrome/81.0.4044.122 Safari/537.36"
40.77.167.40 - - [29/Jun/2021:22:18:16 -0400] "GET /robots.txt HTTP/1.1" 404 5238 "-" "Mozilla/5.0 (compatible; bingbot/2.0; +http://www.bing.com/bingbot.htm)"
40.77.167.40 - - [29/Jun/2021:22:18:16 -0400] "GET /robots.txt HTTP/1.1" 404 5250 "-" "Mozilla/5.0 (compatible; bingbot/2.0; +http://www.bing.com/bingbot.htm)"
207.46.13.56 - - [29/Jun/2021:22:18:20 -0400] "GET /index.php/tag/family/ HTTP/1.1" 200 5799 "-" "Mozilla/5.0 (compatible; bingbot/2.0; +http://www.bing.com/bingbot.htm)"
204.48.19.85 - - [29/Jun/2021:22:18:22 -0400] "GET / HTTP/1.1" 200 6282 "https://bubandcompany.com/" "WordPress/5.7.2; https://bubandcompany.com"
204.48.19.85 - - [29/Jun/2021:22:18:21 -0400] "POST /wp-cron.php?doing_wp_cron=1625019501.2831540107727050781250 HTTP/1.1" 200 5389 "https://bubandcompany.com/wp-cron.php?doing_wp_cron=1625019501.2831540107727050781250" "WordPress/5.7.2; https://bubandcompany.com"
185.142.159.194 - - [29/Jun/2021:22:21:33 -0400] "GET /alfa.php HTTP/1.1" 301 540 "http://simplesite.com" "Mozilla/5.0 (Windows; U; Windows NT 5.1; en-US) AppleWebKit/533.4 (KHTML, like Gecko) Chrome/5.0.375.99 Safari/533.4"
204.48.19.85 - - [29/Jun/2021:22:40:35 -0400] "POST /wp-cron.php?doing_wp_cron=1625020834.9969260692596435546875 HTTP/1.1" 200 5389 "https://bubandcompany.com/wp-cron.php?doing_wp_cron=1625020834.9969260692596435546875" "WordPress/5.7.2; https://bubandcompany.com"
54.36.149.6 - - [29/Jun/2021:22:40:33 -0400] "GET / HTTP/1.1" 200 6263 "-" "Mozilla/5.0 (compatible; AhrefsBot/7.0; +http://ahrefs.com/robot/)"
204.48.19.85 - - [29/Jun/2021:22:40:53 -0400] "POST /wp-cron.php?doing_wp_cron=1625020853.8837559223175048828125 HTTP/1.1" 200 5389 "https://bubandcompany.com/wp-cron.php?doing_wp_cron=1625020853.8837559223175048828125" "WordPress/5.7.2; https://bubandcompany.com"
157.55.39.69 - - [29/Jun/2021:22:40:53 -0400] "GET /index.php/sitemap_index.xml HTTP/1.1" 200 5476 "-" "Mozilla/5.0 (compatible; bingbot/2.0; +http://www.bing.com/bingbot.htm)"
66.249.70.82 - - [29/Jun/2021:22:50:32 -0400] "GET /robots.txt HTTP/1.1" 404 5705 "-" "Mozilla/5.0 (compatible; Googlebot/2.1; +http://www.google.com/bot.html)"
66.249.70.82 - - [29/Jun/2021:22:50:33 -0400] "GET /wp-content/plugins/under-construction-page/themes/mad_designer/mad-designer.png HTTP/1.1" 200 162367 "-" "Googlebot-Image/1.0"
128.199.93.165 - - [29/Jun/2021:22:52:01 -0400] "POST /wp-login.php HTTP/1.1" 200 9939 "-" "Mozilla/5.0 (Windows NT 6.1; Win64; x64) AppleWebKit/537.36 (KHTML, like Gecko) Chrome/81.0.4044.122 Safari/537.36"
103.81.84.152 - - [29/Jun/2021:22:53:42 -0400] "GET /2.php HTTP/1.1" 301 534 "http://simplesite.com" "Mozilla/5.0 (Windows; U; Windows NT 5.1; en-US) AppleWebKit/533.4 (KHTML, like Gecko) Chrome/5.0.375.99 Safari/533.4"
103.81.84.152 - - [29/Jun/2021:22:53:45 -0400] "GET /2.php HTTP/1.1" 404 5012 "http://bubandcompany.com/2.php" "Mozilla/5.0 (Windows; U; Windows NT 5.1; en-US) AppleWebKit/533.4 (KHTML, like Gecko) Chrome/5.0.375.99 Safari/533.4"
195.201.160.247 - - [29/Jun/2021:23:08:28 -0400] "GET /wp-login.php HTTP/1.1" 200 9236 "-" "Mozilla/5.0 (X11; Ubuntu; Linux x86_64; rv:62.0) Gecko/20100101 Firefox/62.0"
195.201.160.247 - - [29/Jun/2021:23:08:29 -0400] "POST /wp-login.php HTTP/1.1" 200 9236 "-" "Mozilla/5.0 (X11; Ubuntu; Linux x86_64; rv:62.0) Gecko/20100101 Firefox/62.0"
204.48.19.85 - - [29/Jun/2021:23:08:31 -0400] "POST /wp-cron.php?doing_wp_cron=1625022511.0521190166473388671875 HTTP/1.1" 200 5389 "https://bubandcompany.com/wp-cron.php?doing_wp_cron=1625022511.0521190166473388671875" "WordPress/5.7.2; https://bubandcompany.com"
195.201.160.247 - - [29/Jun/2021:23:08:30 -0400] "POST /xmlrpc.php HTTP/1.1" 200 5095 "-" "Mozilla/5.0 (X11; Ubuntu; Linux x86_64; rv:62.0) Gecko/20100101 Firefox/62.0"
185.220.101.21 - - [29/Jun/2021:23:39:03 -0400] "POST /xmlrpc.php HTTP/1.0" 301 600 "-" "Mozilla/5.0 (Windows NT 6.1; WOW64) AppleWebKit/537.36 (KHTML, like Gecko) Chrome/67.0.3396.103 YaBrowser/18.7.0.2695 Yowser/2.5 Safari/537.36"
204.48.19.85 - - [29/Jun/2021:23:39:06 -0400] "POST /wp-cron.php?doing_wp_cron=1625024346.8790130615234375000000 HTTP/1.1" 200 5389 "https://bubandcompany.com/wp-cron.php?doing_wp_cron=1625024346.8790130615234375000000" "WordPress/5.7.2; https://bubandcompany.com"
185.220.101.21 - - [29/Jun/2021:23:39:06 -0400] "POST /xmlrpc.php HTTP/1.0" 200 5505 "-" "Mozilla/5.0 (Windows NT 6.1; WOW64) AppleWebKit/537.36 (KHTML, like Gecko) Chrome/67.0.3396.103 YaBrowser/18.7.0.2695 Yowser/2.5 Safari/537.36"
103.254.12.56 - - [29/Jun/2021:23:40:25 -0400] "GET /wp-login.php HTTP/1.1" 200 9235 "-" "Mozilla/5.0 (X11; Ubuntu; Linux x86_64; rv:62.0) Gecko/20100101 Firefox/62.0"
103.254.12.56 - - [29/Jun/2021:23:40:28 -0400] "POST /wp-login.php HTTP/1.1" 200 9235 "-" "Mozilla/5.0 (X11; Ubuntu; Linux x86_64; rv:62.0) Gecko/20100101 Firefox/62.0"
204.48.19.85 - - [29/Jun/2021:23:40:31 -0400] "POST /wp-cron.php?doing_wp_cron=1625024431.0434689521789550781250 HTTP/1.1" 200 5389 "https://bubandcompany.com/wp-cron.php?doing_wp_cron=1625024431.0434689521789550781250" "WordPress/5.7.2; https://bubandcompany.com"
103.254.12.56 - - [29/Jun/2021:23:40:30 -0400] "POST /xmlrpc.php HTTP/1.1" 200 5093 "-" "Mozilla/5.0 (X11; Ubuntu; Linux x86_64; rv:62.0) Gecko/20100101 Firefox/62.0"
211.233.33.230 - - [29/Jun/2021:23:49:49 -0400] "GET /wp-content/plugins/wp-user-avatar/readme.txt HTTP/1.1" 301 631 "bubandcompany.com" "Mozilla/5.0 (Windows NT 6.1; WOW64) AppleWebKit/537.36 (KHTML, like Gecko) Chrome/50.0.2661.75 Safari/537.36"
211.233.33.230 - - [29/Jun/2021:23:49:50 -0400] "GET /wp-content/plugins/wp-user-avatar/readme.txt HTTP/1.1" 404 5199 "bubandcompany.com" "Mozilla/5.0 (Windows NT 6.1; WOW64) AppleWebKit/537.36 (KHTML, like Gecko) Chrome/50.0.2661.75 Safari/537.36"
