204.48.19.85 - - [29/Jun/2021:00:00:44 -0400] "POST /wp-cron.php?doing_wp_cron=1624939244.1527779102325439453125 HTTP/1.1" 200 5389 "https://bubandcompany.com/wp-cron.php?doing_wp_cron=1624939244.1527779102325439453125" "WordPress/5.7.2; https://bubandcompany.com"
178.62.79.87 - - [29/Jun/2021:00:00:42 -0400] "POST /wp-login.php HTTP/1.1" 401 9131 "-" "Mozilla/5.0 (Windows NT 6.3; Win64; x64) AppleWebKit/537.36 (KHTML, like Gecko) Chrome/62.0.3202.94 Safari/537.36"
185.2.4.44 - - [29/Jun/2021:00:33:04 -0400] "POST /wp-login.php HTTP/1.1" 200 9935 "-" "Mozilla/5.0 (Windows NT 10.0; Win64; x64) AppleWebKit/537.36 (KHTML, like Gecko) Chrome/73.0.3683.75 Safari/537.36"
140.143.247.188 - - [29/Jun/2021:00:33:47 -0400] "GET /media-admin.php HTTP/1.1" 301 554 "http://simplesite.com" "Mozilla/5.0 (Windows; U; Windows NT 5.1; en-US) AppleWebKit/533.4 (KHTML, like Gecko) Chrome/5.0.375.99 Safari/533.4"
140.143.247.188 - - [29/Jun/2021:00:33:48 -0400] "GET /media-admin.php HTTP/1.1" 404 5012 "http://bubandcompany.com/media-admin.php" "Mozilla/5.0 (Windows; U; Windows NT 5.1; en-US) AppleWebKit/533.4 (KHTML, like Gecko) Chrome/5.0.375.99 Safari/533.4"
204.48.19.85 - - [29/Jun/2021:00:52:11 -0400] "POST /wp-cron.php?doing_wp_cron=1624942331.2202079296112060546875 HTTP/1.1" 200 5389 "https://bubandcompany.com/wp-cron.php?doing_wp_cron=1624942331.2202079296112060546875" "WordPress/5.7.2; https://bubandcompany.com"
66.249.79.182 - - [29/Jun/2021:00:52:10 -0400] "GET /index.php/product-category/bub-club/?product_count=36&product_order=asc&product_orderby=name HTTP/1.1" 200 6254 "-" "Mozilla/5.0 (Linux; Android 6.0.1; Nexus 5X Build/MMB29P) AppleWebKit/537.36 (KHTML, like Gecko) Chrome/91.0.4472.90 Mobile Safari/537.36 (compatible; Googlebot/2.1; +http://www.google.com/bot.html)"
66.175.213.47 - - [29/Jun/2021:00:59:06 -0400] "POST /wp-login.php HTTP/1.1" 200 9938 "-" "Mozilla/5.0 (Windows NT 6.1) AppleWebKit/537.36 (KHTML, like Gecko) Chrome/62.0.3202.94 Safari/537.36"
122.116.248.74 - - [29/Jun/2021:01:01:34 -0400] "POST /wp-login.php HTTP/1.1" 200 9937 "-" "Mozilla/5.0 (Windows NT 6.3; WOW64) AppleWebKit/537.36 (KHTML, like Gecko) Chrome/46.0.2490.80 Safari/537.36"
23.228.109.147 - - [29/Jun/2021:01:05:57 -0400] "GET /?gf_page=upload HTTP/1.1" 301 573 "http://www.google.com/" "Mozilla/5.0 (Windows NT 6.1; Win64; x64) AppleWebKit/537.36 (KHTML, like Gecko) Chrome/56.0.2896.3 Safari/537.36"
204.48.19.85 - - [29/Jun/2021:01:05:57 -0400] "POST /wp-cron.php?doing_wp_cron=1624943157.7878379821777343750000 HTTP/1.1" 200 5389 "https://bubandcompany.com/wp-cron.php?doing_wp_cron=1624943157.7878379821777343750000" "WordPress/5.7.2; https://bubandcompany.com"
23.228.109.147 - - [29/Jun/2021:01:05:57 -0400] "GET /?gf_page=upload HTTP/1.1" 200 5960 "http://www.google.com/" "Mozilla/5.0 (Windows NT 6.1; Win64; x64) AppleWebKit/537.36 (KHTML, like Gecko) Chrome/56.0.2896.3 Safari/537.36"
204.48.19.85 - - [29/Jun/2021:01:21:29 -0400] "POST /wp-cron.php?doing_wp_cron=1624944089.0653219223022460937500 HTTP/1.1" 301 661 "http://bubandcompany.com/wp-cron.php?doing_wp_cron=1624944089.0653219223022460937500" "WordPress/5.7.2; https://bubandcompany.com"
54.36.148.2 - - [29/Jun/2021:01:21:28 -0400] "GET / HTTP/1.1" 200 1040 "-" "Mozilla/5.0 (compatible; AhrefsBot/7.0; +http://ahrefs.com/robot/)"
139.162.13.125 - - [29/Jun/2021:01:57:34 -0400] "POST /wp-login.php HTTP/1.1" 200 9938 "-" "Mozilla/5.0 (Windows NT 6.3; Win64; x64) AppleWebKit/537.36 (KHTML, like Gecko) Chrome/79.0.3945.130 Safari/537.36"
47.241.109.116 - - [29/Jun/2021:02:02:51 -0400] "POST /wp-login.php HTTP/1.1" 200 9937 "-" "Mozilla/5.0 (Windows NT 6.1; WOW64) AppleWebKit/537.36 (KHTML, like Gecko) Chrome/48.0.2564.116 Safari/537.36"
204.48.19.85 - - [29/Jun/2021:02:06:13 -0400] "POST /wp-cron.php?doing_wp_cron=1624946773.3170781135559082031250 HTTP/1.1" 200 5389 "https://bubandcompany.com/wp-cron.php?doing_wp_cron=1624946773.3170781135559082031250" "WordPress/5.7.2; https://bubandcompany.com"
157.55.39.69 - - [29/Jun/2021:02:06:13 -0400] "GET /index.php/sitemap_index.xml HTTP/1.1" 200 5476 "-" "Mozilla/5.0 (compatible; bingbot/2.0; +http://www.bing.com/bingbot.htm)"
91.134.248.192 - - [29/Jun/2021:02:26:13 -0400] "POST /wp-login.php HTTP/1.1" 200 9936 "-" "Mozilla/5.0 (Windows NT 6.3; Win64; x64) AppleWebKit/537.36 (KHTML, like Gecko) Chrome/67.0.3396.99 Safari/537.36"
35.197.58.149 - - [29/Jun/2021:02:50:02 -0400] "GET / HTTP/1.1" 200 6267 "-" "Mozilla/5.0 (Windows NT 10.0; WOW64) AppleWebKit/537.36 (KHTML, like Gecko) Chrome/84.0.4147.125 Safari/537.36"
204.48.19.85 - - [29/Jun/2021:02:50:02 -0400] "POST /wp-cron.php?doing_wp_cron=1624949402.2866349220275878906250 HTTP/1.1" 200 5389 "https://bubandcompany.com/wp-cron.php?doing_wp_cron=1624949402.2866349220275878906250" "WordPress/5.7.2; https://bubandcompany.com"
35.197.58.149 - - [29/Jun/2021:02:50:02 -0400] "GET / HTTP/1.1" 200 6267 "-" "Mozilla/5.0 (Windows NT 10.0; WOW64) AppleWebKit/537.36 (KHTML, like Gecko) Chrome/84.0.4147.125 Safari/537.36"
35.197.58.149 - - [29/Jun/2021:02:50:02 -0400] "GET / HTTP/1.1" 200 6267 "-" "Mozilla/5.0 (Windows NT 10.0; WOW64) AppleWebKit/537.36 (KHTML, like Gecko) Chrome/84.0.4147.125 Safari/537.36"
35.197.58.149 - - [29/Jun/2021:02:50:02 -0400] "GET / HTTP/1.1" 200 6267 "-" "Mozilla/5.0 (Windows NT 10.0; WOW64) AppleWebKit/537.36 (KHTML, like Gecko) Chrome/84.0.4147.125 Safari/537.36"
35.197.58.149 - - [29/Jun/2021:02:50:02 -0400] "GET / HTTP/1.1" 200 6263 "-" "Mozilla/5.0 (Windows NT 10.0; WOW64) AppleWebKit/537.36 (KHTML, like Gecko) Chrome/84.0.4147.125 Safari/537.36"
35.197.58.149 - - [29/Jun/2021:02:50:03 -0400] "GET /wp-content/plugins/wp-user-avatar/assets/js/frontend.js HTTP/1.1" 404 5668 "-" "Mozilla/5.0 (Windows NT 10.0; WOW64) AppleWebKit/537.36 (KHTML, like Gecko) Chrome/84.0.4147.125 Safari/537.36"
35.197.58.149 - - [29/Jun/2021:02:50:03 -0400] "GET / HTTP/1.1" 200 6263 "-" "Mozilla/5.0 (Windows NT 10.0; WOW64) AppleWebKit/537.36 (KHTML, like Gecko) Chrome/84.0.4147.125 Safari/537.36"
35.197.58.149 - - [29/Jun/2021:02:50:03 -0400] "GET /wp-content/plugins/wp-user-avatar/assets/js/frontend.js HTTP/1.1" 404 5664 "-" "Mozilla/5.0 (Windows NT 10.0; WOW64) AppleWebKit/537.36 (KHTML, like Gecko) Chrome/84.0.4147.125 Safari/537.36"
35.197.58.149 - - [29/Jun/2021:02:50:03 -0400] "GET /wp-content/plugins/wp-user-avatar/assets/js/frontend.js HTTP/1.1" 404 5668 "-" "Mozilla/5.0 (Windows NT 10.0; WOW64) AppleWebKit/537.36 (KHTML, like Gecko) Chrome/84.0.4147.125 Safari/537.36"
35.197.58.149 - - [29/Jun/2021:02:50:03 -0400] "GET /wp-content/plugins/wp-user-avatar/js/wp-user-avatar.js HTTP/1.1" 404 5668 "-" "Mozilla/5.0 (Windows NT 10.0; WOW64) AppleWebKit/537.36 (KHTML, like Gecko) Chrome/84.0.4147.125 Safari/537.36"
35.197.58.149 - - [29/Jun/2021:02:50:03 -0400] "GET /wp-content/plugins/wp-user-avatar/assets/js/frontend.js HTTP/1.1" 404 5664 "-" "Mozilla/5.0 (Windows NT 10.0; WOW64) AppleWebKit/537.36 (KHTML, like Gecko) Chrome/84.0.4147.125 Safari/537.36"
35.197.58.149 - - [29/Jun/2021:02:50:04 -0400] "GET /wp-content/plugins/wp-user-avatar/js/wp-user-avatar.js HTTP/1.1" 404 5664 "-" "Mozilla/5.0 (Windows NT 10.0; WOW64) AppleWebKit/537.36 (KHTML, like Gecko) Chrome/84.0.4147.125 Safari/537.36"
35.197.58.149 - - [29/Jun/2021:02:50:04 -0400] "GET /wp-content/plugins/wp-user-avatar/js/wp-user-avatar.js HTTP/1.1" 404 5668 "-" "Mozilla/5.0 (Windows NT 10.0; WOW64) AppleWebKit/537.36 (KHTML, like Gecko) Chrome/84.0.4147.125 Safari/537.36"
35.197.58.149 - - [29/Jun/2021:02:50:04 -0400] "GET /wp-content/plugins/wp-user-avatar/assets/css/frontend.css HTTP/1.1" 404 5668 "-" "Mozilla/5.0 (Windows NT 10.0; WOW64) AppleWebKit/537.36 (KHTML, like Gecko) Chrome/84.0.4147.125 Safari/537.36"
35.197.58.149 - - [29/Jun/2021:02:50:04 -0400] "GET /wp-content/plugins/wp-user-avatar/js/wp-user-avatar.js HTTP/1.1" 404 5664 "-" "Mozilla/5.0 (Windows NT 10.0; WOW64) AppleWebKit/537.36 (KHTML, like Gecko) Chrome/84.0.4147.125 Safari/537.36"
35.197.58.149 - - [29/Jun/2021:02:50:04 -0400] "GET /wp-content/plugins/wp-user-avatar/assets/css/frontend.css HTTP/1.1" 404 5664 "-" "Mozilla/5.0 (Windows NT 10.0; WOW64) AppleWebKit/537.36 (KHTML, like Gecko) Chrome/84.0.4147.125 Safari/537.36"
35.197.58.149 - - [29/Jun/2021:02:50:04 -0400] "GET /wp-content/plugins/wp-user-avatar/assets/css/frontend.css HTTP/1.1" 404 5668 "-" "Mozilla/5.0 (Windows NT 10.0; WOW64) AppleWebKit/537.36 (KHTML, like Gecko) Chrome/84.0.4147.125 Safari/537.36"
35.197.58.149 - - [29/Jun/2021:02:50:04 -0400] "GET /wp-content/plugins/wp-user-avatar/assets/css/frontend.css HTTP/1.1" 404 5664 "-" "Mozilla/5.0 (Windows NT 10.0; WOW64) AppleWebKit/537.36 (KHTML, like Gecko) Chrome/84.0.4147.125 Safari/537.36"
134.209.157.198 - - [29/Jun/2021:02:52:31 -0400] "POST /wp-login.php HTTP/1.1" 200 9939 "-" "Mozilla/5.0 (Windows NT 6.3; Win64; x64) AppleWebKit/537.36 (KHTML, like Gecko) Chrome/57.0.2987.133 Safari/537.36"
49.232.109.167 - - [29/Jun/2021:03:06:03 -0400] "POST /wp-login.php HTTP/1.1" 200 9938 "-" "Mozilla/5.0 (Windows NT 6.1; Win64; x64) AppleWebKit/537.36 (KHTML, like Gecko) Chrome/70.0.3538.67 Safari/537.36"
18.220.199.37 - - [29/Jun/2021:03:22:59 -0400] "POST /wp-login.php HTTP/1.1" 200 9937 "-" "Mozilla/5.0 (Windows NT 6.1; WOW64) AppleWebKit/537.36 (KHTML, like Gecko) Chrome/48.0.2564.116 Safari/537.36"
144.217.12.17 - - [29/Jun/2021:03:48:56 -0400] "POST /wp-login.php HTTP/1.1" 200 9937 "-" "Mozilla/5.0 (Windows NT 6.3; Win64; x64) AppleWebKit/537.36 (KHTML, like Gecko) Chrome/57.0.2987.133 Safari/537.36"
204.48.19.85 - - [29/Jun/2021:04:00:20 -0400] "POST /wp-cron.php?doing_wp_cron=1624953620.1884999275207519531250 HTTP/1.1" 200 5389 "https://bubandcompany.com/wp-cron.php?doing_wp_cron=1624953620.1884999275207519531250" "WordPress/5.7.2; https://bubandcompany.com"
66.249.79.178 - - [29/Jun/2021:04:00:19 -0400] "GET /index.php/youth-t-shirts/ HTTP/1.1" 200 6254 "-" "Mozilla/5.0 (Linux; Android 6.0.1; Nexus 5X Build/MMB29P) AppleWebKit/537.36 (KHTML, like Gecko) Chrome/91.0.4472.90 Mobile Safari/537.36 (compatible; Googlebot/2.1; +http://www.google.com/bot.html)"
66.249.79.180 - - [29/Jun/2021:04:00:25 -0400] "GET /wp-content/plugins/under-construction-page/themes/mad_designer/style.css?v=3.88 HTTP/1.1" 200 6255 "https://bubandcompany.com/index.php/youth-t-shirts/" "Mozilla/5.0 (Linux; Android 6.0.1; Nexus 5X Build/MMB29P) AppleWebKit/537.36 (KHTML, like Gecko) Chrome/91.0.4472.90 Mobile Safari/537.36 (compatible; Googlebot/2.1; +http://www.google.com/bot.html)"
204.48.19.85 - - [29/Jun/2021:04:09:17 -0400] "POST /wp-cron.php?doing_wp_cron=1624954157.8177769184112548828125 HTTP/1.1" 200 5389 "https://bubandcompany.com/wp-cron.php?doing_wp_cron=1624954157.8177769184112548828125" "WordPress/5.7.2; https://bubandcompany.com"
142.93.105.158 - - [29/Jun/2021:04:09:17 -0400] "POST /wp-login.php HTTP/1.1" 401 9131 "-" "Mozilla/5.0 (Windows NT 10.0; WOW64) AppleWebKit/537.36 (KHTML, like Gecko) Chrome/57.0.2987.133 Safari/537.36"
35.237.213.93 - - [29/Jun/2021:04:12:21 -0400] "GET /robots.txt HTTP/1.0" 301 563 "-" "ZoominfoBot (zoominfobot at zoominfo dot com)"
35.237.213.93 - - [29/Jun/2021:04:12:21 -0400] "GET /robots.txt HTTP/1.1" 404 4952 "-" "ZoominfoBot (zoominfobot at zoominfo dot com)"
35.237.213.93 - - [29/Jun/2021:04:12:21 -0400] "GET /wp-login.php HTTP/1.0" 301 567 "-" "ZoominfoBot (zoominfobot at zoominfo dot com)"
35.237.213.93 - - [29/Jun/2021:04:12:22 -0400] "GET /robots.txt HTTP/1.0" 404 481 "-" "ZoominfoBot (zoominfobot at zoominfo dot com)"
204.48.19.85 - - [29/Jun/2021:04:12:22 -0400] "POST /wp-cron.php?doing_wp_cron=1624954342.2882850170135498046875 HTTP/1.1" 200 5389 "https://bubandcompany.com/wp-cron.php?doing_wp_cron=1624954342.2882850170135498046875" "WordPress/5.7.2; https://bubandcompany.com"
35.237.213.93 - - [29/Jun/2021:04:12:22 -0400] "GET /wp-login.php HTTP/1.0" 200 3001 "-" "ZoominfoBot (zoominfobot at zoominfo dot com)"
204.48.19.85 - - [29/Jun/2021:04:16:35 -0400] "POST /wp-cron.php?doing_wp_cron=1624954595.6461160182952880859375 HTTP/1.1" 200 5389 "https://bubandcompany.com/wp-cron.php?doing_wp_cron=1624954595.6461160182952880859375" "WordPress/5.7.2; https://bubandcompany.com"
91.134.248.192 - - [29/Jun/2021:04:16:35 -0400] "POST /wp-login.php HTTP/1.1" 401 9131 "-" "Mozilla/5.0 (Windows NT 6.1; WOW64) AppleWebKit/537.36 (KHTML, like Gecko) Chrome/48.0.2564.109 Safari/537.36"
18.218.186.176 - - [29/Jun/2021:04:40:38 -0400] "GET /.env HTTP/1.1" 301 588 "-" "Mozilla/5.0 (X11; Linux x86_64) AppleWebKit/537.36 (KHTML, like Gecko) Chrome/81.0.4044.129 Safari/537.36"
18.218.186.176 - - [29/Jun/2021:04:40:39 -0400] "GET /.env HTTP/1.1" 404 500 "-" "Mozilla/5.0 (X11; Linux x86_64) AppleWebKit/537.36 (KHTML, like Gecko) Chrome/81.0.4044.129 Safari/537.36"
18.218.186.176 - - [29/Jun/2021:04:40:44 -0400] "POST / HTTP/1.1" 301 580 "-" "Mozilla/5.0 (X11; Linux x86_64) AppleWebKit/537.36 (KHTML, like Gecko) Chrome/81.0.4044.129 Safari/537.36"
204.48.19.85 - - [29/Jun/2021:04:40:45 -0400] "POST /wp-cron.php?doing_wp_cron=1624956045.5028979778289794921875 HTTP/1.1" 301 661 "http://bubandcompany.com/wp-cron.php?doing_wp_cron=1624956045.5028979778289794921875" "WordPress/5.7.2; https://bubandcompany.com"
18.218.186.176 - - [29/Jun/2021:04:40:45 -0400] "POST / HTTP/1.1" 200 1096 "-" "Mozilla/5.0 (X11; Linux x86_64) AppleWebKit/537.36 (KHTML, like Gecko) Chrome/81.0.4044.129 Safari/537.36"
159.203.115.159 - - [29/Jun/2021:04:40:47 -0400] "POST /wp-login.php HTTP/1.1" 200 9938 "-" "Mozilla/5.0 (Windows NT 6.1) AppleWebKit/537.36 (KHTML, like Gecko) Chrome/70.0.3538.77 Safari/537.36"
103.221.222.112 - - [29/Jun/2021:05:00:39 -0400] "GET /wp-login.php HTTP/1.1" 301 567 "-" "Mozilla/5.0 (X11; Ubuntu; Linux x86_64; rv:62.0) Gecko/20100101 Firefox/62.0"
204.48.19.85 - - [29/Jun/2021:05:00:41 -0400] "POST /wp-cron.php?doing_wp_cron=1624957241.0875639915466308593750 HTTP/1.1" 200 5389 "https://bubandcompany.com/wp-cron.php?doing_wp_cron=1624957241.0875639915466308593750" "WordPress/5.7.2; https://bubandcompany.com"
103.221.222.112 - - [29/Jun/2021:05:00:40 -0400] "GET /wp-login.php HTTP/1.1" 200 7354 "http://bubandcompany.com/wp-login.php" "Mozilla/5.0 (X11; Ubuntu; Linux x86_64; rv:62.0) Gecko/20100101 Firefox/62.0"
103.221.222.112 - - [29/Jun/2021:05:00:42 -0400] "GET ///?author=1 HTTP/1.1" 301 561 "-" "Mozilla/5.0 (X11; Ubuntu; Linux x86_64; rv:62.0) Gecko/20100101 Firefox/62.0"
103.221.222.112 - - [29/Jun/2021:05:00:43 -0400] "GET /?author=1 HTTP/1.1" 200 5689 "http://bubandcompany.com///?author=1" "Mozilla/5.0 (X11; Ubuntu; Linux x86_64; rv:62.0) Gecko/20100101 Firefox/62.0"
103.221.222.112 - - [29/Jun/2021:05:00:44 -0400] "GET ///wp-json/wp/v2/users/ HTTP/1.1" 301 583 "-" "Mozilla/5.0 (X11; Ubuntu; Linux x86_64; rv:62.0) Gecko/20100101 Firefox/62.0"
54.36.148.206 - - [29/Jun/2021:05:00:45 -0400] "GET /robots.txt HTTP/1.1" 404 5664 "-" "Mozilla/5.0 (compatible; AhrefsBot/7.0; +http://ahrefs.com/robot/)"
103.221.222.112 - - [29/Jun/2021:05:00:45 -0400] "GET /wp-json/wp/v2/users/ HTTP/1.1" 404 4967 "http://bubandcompany.com///wp-json/wp/v2/users/" "Mozilla/5.0 (X11; Ubuntu; Linux x86_64; rv:62.0) Gecko/20100101 Firefox/62.0"
54.36.148.96 - - [29/Jun/2021:05:00:46 -0400] "GET / HTTP/1.1" 200 6263 "-" "Mozilla/5.0 (compatible; AhrefsBot/7.0; +http://ahrefs.com/robot/)"
204.48.19.85 - - [29/Jun/2021:05:11:53 -0400] "POST /wp-cron.php?doing_wp_cron=1624957913.2134399414062500000000 HTTP/1.1" 200 5389 "https://bubandcompany.com/wp-cron.php?doing_wp_cron=1624957913.2134399414062500000000" "WordPress/5.7.2; https://bubandcompany.com"
178.62.79.87 - - [29/Jun/2021:05:11:52 -0400] "POST /wp-login.php HTTP/1.1" 401 9132 "-" "Mozilla/5.0 (Windows NT 10.0; Win64; x64) AppleWebKit/537.36 (KHTML, like Gecko) Chrome/64.0.3282.140 Safari/537.36"
34.80.144.82 - - [29/Jun/2021:05:29:29 -0400] "POST /wp-login.php HTTP/1.1" 200 9935 "-" "Mozilla/5.0 (Windows NT 6.1; WOW64) AppleWebKit/537.36 (KHTML, like Gecko) Chrome/36.0.1985.125 Safari/537.36"
49.232.109.167 - - [29/Jun/2021:06:14:27 -0400] "POST /wp-login.php HTTP/1.1" 200 9938 "-" "Mozilla/5.0 (Windows NT 6.1; WOW64) AppleWebKit/537.36 (KHTML, like Gecko) Chrome/47.0.2526.111 Safari/537.36"
34.73.170.179 - - [29/Jun/2021:06:48:24 -0400] "GET /robots.txt HTTP/1.0" 301 563 "-" "ZoominfoBot (zoominfobot at zoominfo dot com)"
34.73.170.179 - - [29/Jun/2021:06:48:24 -0400] "GET /robots.txt HTTP/1.1" 404 4952 "-" "ZoominfoBot (zoominfobot at zoominfo dot com)"
34.73.170.179 - - [29/Jun/2021:06:48:24 -0400] "GET /wp-login.php HTTP/1.0" 301 567 "-" "ZoominfoBot (zoominfobot at zoominfo dot com)"
34.73.170.179 - - [29/Jun/2021:06:48:24 -0400] "GET /robots.txt HTTP/1.0" 404 481 "-" "ZoominfoBot (zoominfobot at zoominfo dot com)"
204.48.19.85 - - [29/Jun/2021:06:48:25 -0400] "POST /wp-cron.php?doing_wp_cron=1624963705.4384961128234863281250 HTTP/1.1" 200 5389 "https://bubandcompany.com/wp-cron.php?doing_wp_cron=1624963705.4384961128234863281250" "WordPress/5.7.2; https://bubandcompany.com"
34.73.170.179 - - [29/Jun/2021:06:48:25 -0400] "GET /wp-login.php HTTP/1.0" 200 3001 "-" "ZoominfoBot (zoominfobot at zoominfo dot com)"
204.48.19.85 - - [29/Jun/2021:06:56:10 -0400] "POST /wp-cron.php?doing_wp_cron=1624964170.2903439998626708984375 HTTP/1.1" 200 5389 "https://bubandcompany.com/wp-cron.php?doing_wp_cron=1624964170.2903439998626708984375" "WordPress/5.7.2; https://bubandcompany.com"
34.73.170.179 - - [29/Jun/2021:06:56:10 -0400] "GET /wp-login.php HTTP/1.0" 200 7358 "-" "ZoominfoBot (zoominfobot at zoominfo dot com)"
204.48.19.85 - - [29/Jun/2021:07:18:55 -0400] "POST /wp-cron.php?doing_wp_cron=1624965535.1352679729461669921875 HTTP/1.1" 200 5389 "https://bubandcompany.com/wp-cron.php?doing_wp_cron=1624965535.1352679729461669921875" "WordPress/5.7.2; https://bubandcompany.com"
81.88.52.58 - - [29/Jun/2021:07:18:54 -0400] "POST /wp-login.php HTTP/1.1" 401 9131 "-" "Mozilla/5.0 (Windows NT 10.0; Win64; x64) AppleWebKit/537.36 (KHTML, like Gecko) Chrome/60.0.3112.101 Safari/537.36"
104.155.25.185 - - [29/Jun/2021:07:33:55 -0400] "POST /wp-login.php HTTP/1.1" 200 9938 "-" "Mozilla/5.0 (Windows NT 10.0; WOW64) AppleWebKit/537.36 (KHTML, like Gecko) Chrome/56.0.2924.87 Safari/537.36"
51.77.238.34 - - [29/Jun/2021:08:19:55 -0400] "POST /wp-login.php HTTP/1.1" 200 9936 "-" "Mozilla/5.0 (Windows NT 6.1; Win64; x64) AppleWebKit/537.36 (KHTML, like Gecko) Chrome/78.0.3904.97 Safari/537.36"
161.35.192.196 - - [29/Jun/2021:08:23:34 -0400] "POST /wp-login.php HTTP/1.1" 200 9937 "-" "Mozilla/5.0 (Windows NT 6.3; WOW64) AppleWebKit/537.36 (KHTML, like Gecko) Chrome/46.0.2490.80 Safari/537.36"
5.2.76.221 - - [29/Jun/2021:08:43:22 -0400] "POST /xmlrpc.php HTTP/1.0" 301 600 "-" "Mozilla/5.0 (Linux; Android 10; MAR-LX1A) AppleWebKit/537.36 (KHTML, like Gecko) Chrome/70.0.3538.64 Mobile Safari/537.36"
5.2.76.221 - - [29/Jun/2021:08:43:28 -0400] "POST /xmlrpc.php HTTP/1.0" 200 5505 "-" "Mozilla/5.0 (Linux; Android 10; MAR-LX1A) AppleWebKit/537.36 (KHTML, like Gecko) Chrome/70.0.3538.64 Mobile Safari/537.36"
204.48.19.85 - - [29/Jun/2021:08:43:32 -0400] "POST /wp-admin/admin-ajax.php?action=wp_1_wc_privacy_cleanup&nonce=38ee82a4ee HTTP/1.1" 200 5617 "https://bubandcompany.com/wp-admin/admin-ajax.php?action=wp_1_wc_privacy_cleanup&nonce=38ee82a4ee" "WordPress/5.7.2; https://bubandcompany.com"
204.48.19.85 - - [29/Jun/2021:08:43:29 -0400] "POST /wp-cron.php?doing_wp_cron=1624970609.0769898891448974609375 HTTP/1.1" 200 5389 "https://bubandcompany.com/wp-cron.php?doing_wp_cron=1624970609.0769898891448974609375" "WordPress/5.7.2; https://bubandcompany.com"
204.48.19.85 - - [29/Jun/2021:08:43:32 -0400] "POST /wp-admin/admin-ajax.php?action=as_async_request_queue_runner&nonce=a7d1938517 HTTP/1.1" 200 5617 "https://bubandcompany.com/wp-admin/admin-ajax.php?action=as_async_request_queue_runner&nonce=a7d1938517" "WordPress/5.7.2; https://bubandcompany.com"
104.248.233.244 - - [29/Jun/2021:09:08:47 -0400] "POST /wp-login.php HTTP/1.1" 200 9938 "-" "Mozilla/5.0 (Windows NT 10.0; WOW64) AppleWebKit/537.36 (KHTML, like Gecko) Chrome/46.0.2490.86 Safari/537.36"
35.223.167.57 - - [29/Jun/2021:09:29:04 -0400] "POST /wp-login.php HTTP/1.1" 200 9936 "-" "Mozilla/5.0 (Windows NT 6.3; Win64; x64) AppleWebKit/537.36 (KHTML, like Gecko) Chrome/67.0.3396.99 Safari/537.36"
204.48.19.85 - - [29/Jun/2021:10:02:48 -0400] "POST /wp-cron.php?doing_wp_cron=1624975368.4858860969543457031250 HTTP/1.1" 200 5389 "https://bubandcompany.com/wp-cron.php?doing_wp_cron=1624975368.4858860969543457031250" "WordPress/5.7.2; https://bubandcompany.com"
13.58.68.167 - - [29/Jun/2021:10:02:47 -0400] "GET /index.php/contact/ HTTP/1.1" 200 5797 "-" "Mozilla/5.0 (X11; CrOS x86_64 10323.67.0) AppleWebKit/537.36 (KHTML, like Gecko) Chrome/65.0.3325.209 Safari/537.36"
13.58.68.167 - - [29/Jun/2021:10:02:49 -0400] "GET /wp-login.php HTTP/1.1" 200 7822 "https://bubandcompany.com/index.php/contact/" "Mozilla/5.0 (X11; CrOS x86_64 10323.67.0) AppleWebKit/537.36 (KHTML, like Gecko) Chrome/65.0.3325.209 Safari/537.36"
13.58.68.167 - - [29/Jun/2021:10:02:50 -0400] "GET /wp-content/plugins/under-construction-page/themes/mad_designer/style.css?v=3.88 HTTP/1.1" 200 5798 "https://bubandcompany.com/index.php/contact/" "Mozilla/5.0 (X11; CrOS x86_64 10323.67.0) AppleWebKit/537.36 (KHTML, like Gecko) Chrome/65.0.3325.209 Safari/537.36"
13.58.68.167 - - [29/Jun/2021:10:02:50 -0400] "GET /wp-content/plugins/under-construction-page/themes/css/bootstrap.min.css?v=3.88 HTTP/1.1" 200 24951 "https://bubandcompany.com/index.php/contact/" "Mozilla/5.0 (X11; CrOS x86_64 10323.67.0) AppleWebKit/537.36 (KHTML, like Gecko) Chrome/65.0.3325.209 Safari/537.36"
13.58.68.167 - - [29/Jun/2021:10:02:50 -0400] "GET /wp-content/plugins/under-construction-page/themes/mad_designer/mad-designer.png HTTP/1.1" 200 167167 "https://bubandcompany.com/index.php/contact/" "Mozilla/5.0 (X11; CrOS x86_64 10323.67.0) AppleWebKit/537.36 (KHTML, like Gecko) Chrome/65.0.3325.209 Safari/537.36"
13.58.68.167 - - [29/Jun/2021:10:02:50 -0400] "GET /wp-content/plugins/under-construction-page/themes/css/common.css?v=3.88 HTTP/1.1" 200 5535 "https://bubandcompany.com/index.php/contact/" "Mozilla/5.0 (X11; CrOS x86_64 10323.67.0) AppleWebKit/537.36 (KHTML, like Gecko) Chrome/65.0.3325.209 Safari/537.36"
13.58.68.167 - - [29/Jun/2021:10:02:50 -0400] "GET /wp-content/plugins/under-construction-page/themes/images/favicon.png HTTP/1.1" 200 9092 "https://bubandcompany.com/index.php/contact/" "Mozilla/5.0 (X11; CrOS x86_64 10323.67.0) AppleWebKit/537.36 (KHTML, like Gecko) Chrome/65.0.3325.209 Safari/537.36"
13.58.68.167 - - [29/Jun/2021:10:02:50 -0400] "GET /wp-content/plugins/under-construction-page/themes/css/font-awesome.min.css?v=3.88 HTTP/1.1" 200 12200 "https://bubandcompany.com/index.php/contact/" "Mozilla/5.0 (X11; CrOS x86_64 10323.67.0) AppleWebKit/537.36 (KHTML, like Gecko) Chrome/65.0.3325.209 Safari/537.36"
207.46.13.56 - - [29/Jun/2021:10:10:03 -0400] "GET /index.php/mama-wear/ HTTP/1.1" 200 5892 "-" "Mozilla/5.0 (compatible; bingbot/2.0; +http://www.bing.com/bingbot.htm)"
204.48.19.85 - - [29/Jun/2021:10:10:05 -0400] "GET / HTTP/1.1" 200 6282 "https://bubandcompany.com/" "WordPress/5.7.2; https://bubandcompany.com"
204.48.19.85 - - [29/Jun/2021:10:10:04 -0400] "POST /wp-cron.php?doing_wp_cron=1624975804.0259160995483398437500 HTTP/1.1" 200 5389 "https://bubandcompany.com/wp-cron.php?doing_wp_cron=1624975804.0259160995483398437500" "WordPress/5.7.2; https://bubandcompany.com"
54.191.161.47 - - [29/Jun/2021:10:17:42 -0400] "GET / HTTP/1.1" 301 580 "-" "Mozilla/5.0 (Windows NT 10.0; Win64; x64)AppleWebKit/537.36 (KHTML, like Gecko) Chrome/66.0.3359.181 Safari/537.36"
54.191.161.47 - - [29/Jun/2021:10:17:43 -0400] "GET / HTTP/1.1" 200 6319 "-" "Mozilla/5.0 (Windows NT 10.0; Win64; x64)AppleWebKit/537.36 (KHTML, like Gecko) Chrome/66.0.3359.181 Safari/537.36"
204.48.19.85 - - [29/Jun/2021:10:17:43 -0400] "POST /wp-cron.php?doing_wp_cron=1624976263.9634139537811279296875 HTTP/1.1" 200 5389 "https://bubandcompany.com/wp-cron.php?doing_wp_cron=1624976263.9634139537811279296875" "WordPress/5.7.2; https://bubandcompany.com"
158.69.42.164 - - [29/Jun/2021:10:38:12 -0400] "GET /check.php HTTP/1.1" 301 542 "http://simplesite.com" "Mozilla/5.0 (Windows; U; Windows NT 5.1; en-US) AppleWebKit/533.4 (KHTML, like Gecko) Chrome/5.0.375.99 Safari/533.4"
204.48.19.85 - - [29/Jun/2021:10:38:58 -0400] "POST /wp-cron.php?doing_wp_cron=1624977538.7388999462127685546875 HTTP/1.1" 200 5389 "https://bubandcompany.com/wp-cron.php?doing_wp_cron=1624977538.7388999462127685546875" "WordPress/5.7.2; https://bubandcompany.com"
54.213.163.179 - - [29/Jun/2021:10:38:57 -0400] "GET / HTTP/1.1" 200 6248 "-" "Mozilla/5.0 (X11; Linux x86_64) AppleWebKit/537.36 (KHTML, like Gecko) Chrome/83.0.4103.97 Safari/537.36"
34.214.98.187 - - [29/Jun/2021:10:39:09 -0400] "GET /favicon.ico HTTP/1.1" 404 5649 "-" "Mozilla/5.0 (X11; Linux x86_64) AppleWebKit/537.36 (KHTML, like Gecko) Chrome/83.0.4103.97 Safari/537.36"
54.212.141.34 - - [29/Jun/2021:10:44:22 -0400] "GET / HTTP/1.1" 301 524 "-" "Mozilla/5.0 (X11; Linux x86_64) AppleWebKit/537.36 (KHTML, like Gecko) Chrome/83.0.4103.97 Safari/537.36"
54.212.141.34 - - [29/Jun/2021:10:44:28 -0400] "GET / HTTP/1.1" 200 6248 "-" "Mozilla/5.0 (X11; Linux x86_64) AppleWebKit/537.36 (KHTML, like Gecko) Chrome/83.0.4103.97 Safari/537.36"
204.48.19.85 - - [29/Jun/2021:10:44:29 -0400] "POST /wp-cron.php?doing_wp_cron=1624977869.0663700103759765625000 HTTP/1.1" 200 5389 "https://bubandcompany.com/wp-cron.php?doing_wp_cron=1624977869.0663700103759765625000" "WordPress/5.7.2; https://bubandcompany.com"
34.92.85.223 - - [29/Jun/2021:11:40:21 -0400] "POST /wp-login.php HTTP/1.1" 200 9936 "-" "Mozilla/5.0 (Windows NT 6.1) AppleWebKit/537.36 (KHTML, like Gecko) Chrome/56.0.2924.87 Safari/537.36"
44.234.64.211 - - [29/Jun/2021:11:48:12 -0400] "GET /wp-login.php HTTP/1.1" 200 9233 "-" "Mozilla/5.0 (X11; Ubuntu; Linux x86_64; rv:62.0) Gecko/20100101 Firefox/62.0"
44.234.64.211 - - [29/Jun/2021:11:48:12 -0400] "POST /wp-login.php HTTP/1.1" 200 9233 "-" "Mozilla/5.0 (X11; Ubuntu; Linux x86_64; rv:62.0) Gecko/20100101 Firefox/62.0"
204.48.19.85 - - [29/Jun/2021:11:48:14 -0400] "POST /wp-cron.php?doing_wp_cron=1624981694.4904019832611083984375 HTTP/1.1" 200 5389 "https://bubandcompany.com/wp-cron.php?doing_wp_cron=1624981694.4904019832611083984375" "WordPress/5.7.2; https://bubandcompany.com"
44.234.64.211 - - [29/Jun/2021:11:48:13 -0400] "POST /xmlrpc.php HTTP/1.1" 200 5092 "-" "Mozilla/5.0 (X11; Ubuntu; Linux x86_64; rv:62.0) Gecko/20100101 Firefox/62.0"
182.48.90.146 - - [29/Jun/2021:12:19:27 -0400] "GET /wp-login.php HTTP/1.1" 200 9233 "-" "Mozilla/5.0 (X11; Ubuntu; Linux x86_64; rv:62.0) Gecko/20100101 Firefox/62.0"
182.48.90.146 - - [29/Jun/2021:12:19:29 -0400] "POST /wp-login.php HTTP/1.1" 200 9233 "-" "Mozilla/5.0 (X11; Ubuntu; Linux x86_64; rv:62.0) Gecko/20100101 Firefox/62.0"
204.48.19.85 - - [29/Jun/2021:12:19:31 -0400] "POST /wp-cron.php?doing_wp_cron=1624983571.5660309791564941406250 HTTP/1.1" 200 5389 "https://bubandcompany.com/wp-cron.php?doing_wp_cron=1624983571.5660309791564941406250" "WordPress/5.7.2; https://bubandcompany.com"
182.48.90.146 - - [29/Jun/2021:12:19:30 -0400] "POST /xmlrpc.php HTTP/1.1" 200 5092 "-" "Mozilla/5.0 (X11; Ubuntu; Linux x86_64; rv:62.0) Gecko/20100101 Firefox/62.0"
3.25.67.144 - - [29/Jun/2021:12:48:58 -0400] "GET /wp-login.php; HTTP/1.1" 404 4967 "-" "Mozilla/5.0 (X11; Ubuntu; Linux x86_64; rv:62.0) Gecko/20100101 Firefox/62.0"
40.89.141.155 - - [29/Jun/2021:12:50:01 -0400] "GET /wp-login.php HTTP/1.1" 200 9233 "-" "Mozilla/5.0 (X11; Ubuntu; Linux x86_64; rv:62.0) Gecko/20100101 Firefox/62.0"
40.89.141.155 - - [29/Jun/2021:12:50:02 -0400] "POST /wp-login.php HTTP/1.1" 200 9233 "-" "Mozilla/5.0 (X11; Ubuntu; Linux x86_64; rv:62.0) Gecko/20100101 Firefox/62.0"
204.48.19.85 - - [29/Jun/2021:12:50:04 -0400] "POST /wp-cron.php?doing_wp_cron=1624985404.3482658863067626953125 HTTP/1.1" 200 5389 "https://bubandcompany.com/wp-cron.php?doing_wp_cron=1624985404.3482658863067626953125" "WordPress/5.7.2; https://bubandcompany.com"
40.89.141.155 - - [29/Jun/2021:12:50:03 -0400] "POST /xmlrpc.php HTTP/1.1" 200 5092 "-" "Mozilla/5.0 (X11; Ubuntu; Linux x86_64; rv:62.0) Gecko/20100101 Firefox/62.0"
173.244.209.91 - - [29/Jun/2021:13:00:58 -0400] "GET /index.php/contact/ HTTP/1.1" 200 5797 "-" "Mozilla/5.0 (X11; CrOS x86_64 10323.67.0) AppleWebKit/537.36 (KHTML, like Gecko) Chrome/65.0.3325.209 Safari/537.36"
204.48.19.85 - - [29/Jun/2021:13:00:59 -0400] "POST /wp-cron.php?doing_wp_cron=1624986059.0874400138854980468750 HTTP/1.1" 200 5389 "https://bubandcompany.com/wp-cron.php?doing_wp_cron=1624986059.0874400138854980468750" "WordPress/5.7.2; https://bubandcompany.com"
173.244.209.91 - - [29/Jun/2021:13:01:00 -0400] "GET /wp-login.php HTTP/1.1" 200 7822 "https://bubandcompany.com/index.php/contact/" "Mozilla/5.0 (X11; CrOS x86_64 10323.67.0) AppleWebKit/537.36 (KHTML, like Gecko) Chrome/65.0.3325.209 Safari/537.36"
173.244.209.91 - - [29/Jun/2021:13:01:01 -0400] "GET /wp-content/plugins/under-construction-page/themes/mad_designer/style.css?v=3.88 HTTP/1.1" 200 5798 "https://bubandcompany.com/index.php/contact/" "Mozilla/5.0 (X11; CrOS x86_64 10323.67.0) AppleWebKit/537.36 (KHTML, like Gecko) Chrome/65.0.3325.209 Safari/537.36"
173.244.209.91 - - [29/Jun/2021:13:01:02 -0400] "GET /wp-content/plugins/under-construction-page/themes/css/bootstrap.min.css?v=3.88 HTTP/1.1" 200 24951 "https://bubandcompany.com/index.php/contact/" "Mozilla/5.0 (X11; CrOS x86_64 10323.67.0) AppleWebKit/537.36 (KHTML, like Gecko) Chrome/65.0.3325.209 Safari/537.36"
173.244.209.91 - - [29/Jun/2021:13:01:02 -0400] "GET /wp-content/plugins/under-construction-page/themes/mad_designer/mad-designer.png HTTP/1.1" 200 167167 "https://bubandcompany.com/index.php/contact/" "Mozilla/5.0 (X11; CrOS x86_64 10323.67.0) AppleWebKit/537.36 (KHTML, like Gecko) Chrome/65.0.3325.209 Safari/537.36"
173.244.209.91 - - [29/Jun/2021:13:01:03 -0400] "GET /wp-content/plugins/under-construction-page/themes/css/common.css?v=3.88 HTTP/1.1" 200 5535 "https://bubandcompany.com/index.php/contact/" "Mozilla/5.0 (X11; CrOS x86_64 10323.67.0) AppleWebKit/537.36 (KHTML, like Gecko) Chrome/65.0.3325.209 Safari/537.36"
173.244.209.91 - - [29/Jun/2021:13:01:03 -0400] "GET /wp-content/plugins/under-construction-page/themes/images/favicon.png HTTP/1.1" 200 9092 "https://bubandcompany.com/index.php/contact/" "Mozilla/5.0 (X11; CrOS x86_64 10323.67.0) AppleWebKit/537.36 (KHTML, like Gecko) Chrome/65.0.3325.209 Safari/537.36"
173.244.209.91 - - [29/Jun/2021:13:01:03 -0400] "GET /wp-content/plugins/under-construction-page/themes/css/font-awesome.min.css?v=3.88 HTTP/1.1" 200 12200 "https://bubandcompany.com/index.php/contact/" "Mozilla/5.0 (X11; CrOS x86_64 10323.67.0) AppleWebKit/537.36 (KHTML, like Gecko) Chrome/65.0.3325.209 Safari/537.36"
103.253.25.165 - - [29/Jun/2021:13:17:09 -0400] "GET / HTTP/1.1" 301 543 "-" "Mozilla/5.0 (X11; Linux x86_64) AppleWebKit/537.36 (KHTML, like Gecko) Chrome/46.0.2490.80 Safari/537.36"
62.210.185.4 - - [29/Jun/2021:13:21:18 -0400] "GET /wp-login.php HTTP/1.1" 200 9232 "-" "Mozilla/5.0 (X11; Ubuntu; Linux x86_64; rv:62.0) Gecko/20100101 Firefox/62.0"
62.210.185.4 - - [29/Jun/2021:13:21:19 -0400] "POST /wp-login.php HTTP/1.1" 200 9232 "-" "Mozilla/5.0 (X11; Ubuntu; Linux x86_64; rv:62.0) Gecko/20100101 Firefox/62.0"
204.48.19.85 - - [29/Jun/2021:13:21:20 -0400] "POST /wp-cron.php?doing_wp_cron=1624987280.7903211116790771484375 HTTP/1.1" 200 5389 "https://bubandcompany.com/wp-cron.php?doing_wp_cron=1624987280.7903211116790771484375" "WordPress/5.7.2; https://bubandcompany.com"
62.210.185.4 - - [29/Jun/2021:13:21:20 -0400] "POST /xmlrpc.php HTTP/1.1" 200 5092 "-" "Mozilla/5.0 (X11; Ubuntu; Linux x86_64; rv:62.0) Gecko/20100101 Firefox/62.0"
204.48.19.85 - - [29/Jun/2021:13:35:56 -0400] "POST /wp-cron.php?doing_wp_cron=1624988156.8178479671478271484375 HTTP/1.1" 200 5389 "https://bubandcompany.com/wp-cron.php?doing_wp_cron=1624988156.8178479671478271484375" "WordPress/5.7.2; https://bubandcompany.com"
54.244.201.3 - - [29/Jun/2021:13:35:56 -0400] "GET / HTTP/1.1" 200 7203 "-" "-"
68.183.105.217 - - [29/Jun/2021:13:50:47 -0400] "GET / HTTP/1.1" 301 524 "-" "-"
68.183.105.217 - - [29/Jun/2021:13:50:47 -0400] "GET / HTTP/1.1" 301 524 "-" "-"
81.88.52.154 - - [29/Jun/2021:13:53:58 -0400] "POST /wp-login.php HTTP/1.1" 200 9936 "-" "Mozilla/5.0 (Windows NT 6.1; Win64; x64) AppleWebKit/537.36 (KHTML, like Gecko) Chrome/67.0.3396.87 Safari/537.36"
62.171.180.134 - - [29/Jun/2021:13:55:25 -0400] "GET /wp-login.php HTTP/1.1" 200 9234 "-" "Mozilla/5.0 (X11; Ubuntu; Linux x86_64; rv:62.0) Gecko/20100101 Firefox/62.0"
62.171.180.134 - - [29/Jun/2021:13:55:26 -0400] "POST /wp-login.php HTTP/1.1" 200 9234 "-" "Mozilla/5.0 (X11; Ubuntu; Linux x86_64; rv:62.0) Gecko/20100101 Firefox/62.0"
204.48.19.85 - - [29/Jun/2021:13:55:27 -0400] "POST /wp-cron.php?doing_wp_cron=1624989327.8966009616851806640625 HTTP/1.1" 200 5389 "https://bubandcompany.com/wp-cron.php?doing_wp_cron=1624989327.8966009616851806640625" "WordPress/5.7.2; https://bubandcompany.com"
62.171.180.134 - - [29/Jun/2021:13:55:27 -0400] "POST /xmlrpc.php HTTP/1.1" 200 5093 "-" "Mozilla/5.0 (X11; Ubuntu; Linux x86_64; rv:62.0) Gecko/20100101 Firefox/62.0"
148.72.232.159 - - [29/Jun/2021:14:27:37 -0400] "GET /wp-login.php HTTP/1.1" 200 9234 "-" "Mozilla/5.0 (X11; Ubuntu; Linux x86_64; rv:62.0) Gecko/20100101 Firefox/62.0"
148.72.232.159 - - [29/Jun/2021:14:27:38 -0400] "POST /wp-login.php HTTP/1.1" 200 9234 "-" "Mozilla/5.0 (X11; Ubuntu; Linux x86_64; rv:62.0) Gecko/20100101 Firefox/62.0"
204.48.19.85 - - [29/Jun/2021:14:27:41 -0400] "POST /wp-cron.php?doing_wp_cron=1624991261.2007598876953125000000 HTTP/1.1" 200 5389 "https://bubandcompany.com/wp-cron.php?doing_wp_cron=1624991261.2007598876953125000000" "WordPress/5.7.2; https://bubandcompany.com"
148.72.232.159 - - [29/Jun/2021:14:27:40 -0400] "POST /xmlrpc.php HTTP/1.1" 200 5094 "-" "Mozilla/5.0 (X11; Ubuntu; Linux x86_64; rv:62.0) Gecko/20100101 Firefox/62.0"
117.50.90.31 - - [29/Jun/2021:14:57:08 -0400] "POST /wp-login.php HTTP/1.1" 200 9935 "-" "Mozilla/5.0 (Windows NT 10.0; WOW64) AppleWebKit/537.36 (KHTML, like Gecko) Chrome/53.0.2785.143 Safari/537.36"
204.48.19.85 - - [29/Jun/2021:14:57:13 -0400] "POST /wp-cron.php?doing_wp_cron=1624993033.2549130916595458984375 HTTP/1.1" 200 5389 "https://bubandcompany.com/wp-cron.php?doing_wp_cron=1624993033.2549130916595458984375" "WordPress/5.7.2; https://bubandcompany.com"
45.4.173.211 - - [29/Jun/2021:14:57:12 -0400] "GET /index.php/contact/ HTTP/1.0" 200 5760 "-" "Mozilla/5.0 (X11; CrOS x86_64 10323.67.0) AppleWebKit/537.36 (KHTML, like Gecko) Chrome/65.0.3325.209 Safari/537.36"
45.4.173.211 - - [29/Jun/2021:14:57:14 -0400] "GET /wp-login.php HTTP/1.0" 200 7785 "https://bubandcompany.com/index.php/contact/" "Mozilla/5.0 (X11; CrOS x86_64 10323.67.0) AppleWebKit/537.36 (KHTML, like Gecko) Chrome/65.0.3325.209 Safari/537.36"
45.4.173.211 - - [29/Jun/2021:14:57:15 -0400] "GET /wp-content/plugins/under-construction-page/themes/mad_designer/style.css?v=3.88 HTTP/1.0" 200 5761 "https://bubandcompany.com/index.php/contact/" "Mozilla/5.0 (X11; CrOS x86_64 10323.67.0) AppleWebKit/537.36 (KHTML, like Gecko) Chrome/65.0.3325.209 Safari/537.36"
45.4.173.211 - - [29/Jun/2021:14:57:16 -0400] "GET /wp-content/plugins/under-construction-page/themes/css/bootstrap.min.css?v=3.88 HTTP/1.0" 200 24914 "https://bubandcompany.com/index.php/contact/" "Mozilla/5.0 (X11; CrOS x86_64 10323.67.0) AppleWebKit/537.36 (KHTML, like Gecko) Chrome/65.0.3325.209 Safari/537.36"
45.4.173.211 - - [29/Jun/2021:14:57:16 -0400] "GET /wp-content/plugins/under-construction-page/themes/mad_designer/mad-designer.png HTTP/1.0" 200 167130 "https://bubandcompany.com/index.php/contact/" "Mozilla/5.0 (X11; CrOS x86_64 10323.67.0) AppleWebKit/537.36 (KHTML, like Gecko) Chrome/65.0.3325.209 Safari/537.36"
45.4.173.211 - - [29/Jun/2021:14:57:18 -0400] "GET /wp-content/plugins/under-construction-page/themes/css/common.css?v=3.88 HTTP/1.0" 200 5498 "https://bubandcompany.com/index.php/contact/" "Mozilla/5.0 (X11; CrOS x86_64 10323.67.0) AppleWebKit/537.36 (KHTML, like Gecko) Chrome/65.0.3325.209 Safari/537.36"
45.4.173.211 - - [29/Jun/2021:14:57:18 -0400] "GET /wp-content/plugins/under-construction-page/themes/images/favicon.png HTTP/1.0" 200 9055 "https://bubandcompany.com/index.php/contact/" "Mozilla/5.0 (X11; CrOS x86_64 10323.67.0) AppleWebKit/537.36 (KHTML, like Gecko) Chrome/65.0.3325.209 Safari/537.36"
45.4.173.211 - - [29/Jun/2021:14:57:18 -0400] "GET /wp-content/plugins/under-construction-page/themes/css/font-awesome.min.css?v=3.88 HTTP/1.0" 200 12163 "https://bubandcompany.com/index.php/contact/" "Mozilla/5.0 (X11; CrOS x86_64 10323.67.0) AppleWebKit/537.36 (KHTML, like Gecko) Chrome/65.0.3325.209 Safari/537.36"
68.183.36.91 - - [29/Jun/2021:14:58:33 -0400] "GET /wp-login.php HTTP/1.1" 200 9233 "-" "Mozilla/5.0 (X11; Ubuntu; Linux x86_64; rv:62.0) Gecko/20100101 Firefox/62.0"
68.183.36.91 - - [29/Jun/2021:14:58:33 -0400] "POST /wp-login.php HTTP/1.1" 200 9233 "-" "Mozilla/5.0 (X11; Ubuntu; Linux x86_64; rv:62.0) Gecko/20100101 Firefox/62.0"
204.48.19.85 - - [29/Jun/2021:14:58:35 -0400] "POST /wp-cron.php?doing_wp_cron=1624993115.5392060279846191406250 HTTP/1.1" 200 5389 "https://bubandcompany.com/wp-cron.php?doing_wp_cron=1624993115.5392060279846191406250" "WordPress/5.7.2; https://bubandcompany.com"
68.183.36.91 - - [29/Jun/2021:14:58:34 -0400] "POST /xmlrpc.php HTTP/1.1" 200 5092 "-" "Mozilla/5.0 (X11; Ubuntu; Linux x86_64; rv:62.0) Gecko/20100101 Firefox/62.0"
35.185.61.199 - - [29/Jun/2021:15:19:52 -0400] "GET /robots.txt HTTP/1.0" 301 563 "-" "ZoominfoBot (zoominfobot at zoominfo dot com)"
35.185.61.199 - - [29/Jun/2021:15:19:52 -0400] "GET /robots.txt HTTP/1.1" 404 4952 "-" "ZoominfoBot (zoominfobot at zoominfo dot com)"
35.185.61.199 - - [29/Jun/2021:15:19:52 -0400] "GET /wp-login.php HTTP/1.0" 301 567 "-" "ZoominfoBot (zoominfobot at zoominfo dot com)"
35.185.61.199 - - [29/Jun/2021:15:19:52 -0400] "GET /robots.txt HTTP/1.0" 404 481 "-" "ZoominfoBot (zoominfobot at zoominfo dot com)"
204.48.19.85 - - [29/Jun/2021:15:19:53 -0400] "POST /wp-cron.php?doing_wp_cron=1624994393.4950330257415771484375 HTTP/1.1" 200 5389 "https://bubandcompany.com/wp-cron.php?doing_wp_cron=1624994393.4950330257415771484375" "WordPress/5.7.2; https://bubandcompany.com"
35.185.61.199 - - [29/Jun/2021:15:19:52 -0400] "GET /wp-login.php HTTP/1.0" 200 3000 "-" "ZoominfoBot (zoominfobot at zoominfo dot com)"
204.48.19.85 - - [29/Jun/2021:15:26:56 -0400] "POST /wp-cron.php?doing_wp_cron=1624994816.6000669002532958984375 HTTP/1.1" 200 5389 "https://bubandcompany.com/wp-cron.php?doing_wp_cron=1624994816.6000669002532958984375" "WordPress/5.7.2; https://bubandcompany.com"
35.185.61.199 - - [29/Jun/2021:15:26:55 -0400] "GET /wp-login.php HTTP/1.0" 200 7357 "-" "ZoominfoBot (zoominfobot at zoominfo dot com)"
46.101.171.103 - - [29/Jun/2021:15:29:06 -0400] "GET /wp-login.php HTTP/1.1" 200 9233 "-" "Mozilla/5.0 (X11; Ubuntu; Linux x86_64; rv:62.0) Gecko/20100101 Firefox/62.0"
46.101.171.103 - - [29/Jun/2021:15:29:07 -0400] "POST /wp-login.php HTTP/1.1" 200 9233 "-" "Mozilla/5.0 (X11; Ubuntu; Linux x86_64; rv:62.0) Gecko/20100101 Firefox/62.0"
204.48.19.85 - - [29/Jun/2021:15:29:08 -0400] "POST /wp-cron.php?doing_wp_cron=1624994948.5942049026489257812500 HTTP/1.1" 200 5389 "https://bubandcompany.com/wp-cron.php?doing_wp_cron=1624994948.5942049026489257812500" "WordPress/5.7.2; https://bubandcompany.com"
46.101.171.103 - - [29/Jun/2021:15:29:07 -0400] "POST /xmlrpc.php HTTP/1.1" 200 5093 "-" "Mozilla/5.0 (X11; Ubuntu; Linux x86_64; rv:62.0) Gecko/20100101 Firefox/62.0"
176.123.9.201 - - [29/Jun/2021:15:31:19 -0400] "GET / HTTP/1.1" 301 580 "-" "Mozilla/5.0 (Windows NT 10.0; Win64; x64) AppleWebKit/537.36 (KHTML, like Gecko) Chrome/88.0.4240.193 Safari/537.36"
204.48.19.85 - - [29/Jun/2021:15:31:21 -0400] "POST /wp-cron.php?doing_wp_cron=1624995081.2577519416809082031250 HTTP/1.1" 200 5389 "https://bubandcompany.com/wp-cron.php?doing_wp_cron=1624995081.2577519416809082031250" "WordPress/5.7.2; https://bubandcompany.com"
176.123.9.201 - - [29/Jun/2021:15:31:20 -0400] "GET / HTTP/1.1" 200 7386 "-" "Mozilla/5.0 (Windows NT 10.0; Win64; x64) AppleWebKit/537.36 (KHTML, like Gecko) Chrome/88.0.4240.193 Safari/537.36"
176.123.9.201 - - [29/Jun/2021:15:31:22 -0400] "GET //wp-includes/wlwmanifest.xml HTTP/1.1" 200 1388 "-" "Mozilla/5.0 (Windows NT 10.0; Win64; x64) AppleWebKit/537.36 (KHTML, like Gecko) Chrome/88.0.4240.193 Safari/537.36"
176.123.9.201 - - [29/Jun/2021:15:31:22 -0400] "GET //?author=1 HTTP/1.1" 200 2613 "-" "Mozilla/5.0 (Windows NT 10.0; Win64; x64) AppleWebKit/537.36 (KHTML, like Gecko) Chrome/88.0.4240.193 Safari/537.36"
176.123.9.201 - - [29/Jun/2021:15:31:23 -0400] "GET //?author=2 HTTP/1.1" 200 2613 "-" "Mozilla/5.0 (Windows NT 10.0; Win64; x64) AppleWebKit/537.36 (KHTML, like Gecko) Chrome/88.0.4240.193 Safari/537.36"
176.123.9.201 - - [29/Jun/2021:15:31:24 -0400] "GET //?author=3 HTTP/1.1" 200 2613 "-" "Mozilla/5.0 (Windows NT 10.0; Win64; x64) AppleWebKit/537.36 (KHTML, like Gecko) Chrome/88.0.4240.193 Safari/537.36"
176.123.9.201 - - [29/Jun/2021:15:31:25 -0400] "GET //wp-json/wp/v2/users/ HTTP/1.1" 404 525 "-" "Mozilla/5.0 (Windows NT 10.0; Win64; x64) AppleWebKit/537.36 (KHTML, like Gecko) Chrome/88.0.4240.193 Safari/537.36"
176.123.9.201 - - [29/Jun/2021:15:31:25 -0400] "GET //wp-json/oembed/1.0/embed?url=https://bubandcompany.com/ HTTP/1.1" 404 525 "-" "Mozilla/5.0 (Windows NT 10.0; Win64; x64) AppleWebKit/537.36 (KHTML, like Gecko) Chrome/88.0.4240.193 Safari/537.36"
176.123.9.201 - - [29/Jun/2021:15:31:25 -0400] "POST //xmlrpc.php HTTP/1.1" 200 790 "-" "Mozilla/5.0 (Windows NT 10.0; Win64; x64) AppleWebKit/537.36 (KHTML, like Gecko) Chrome/88.0.4240.193 Safari/537.36"
176.123.9.201 - - [29/Jun/2021:15:31:27 -0400] "POST //xmlrpc.php HTTP/1.1" 200 5512 "-" "Mozilla/5.0 (Windows NT 10.0; Win64; x64) AppleWebKit/537.36 (KHTML, like Gecko) Chrome/88.0.4240.193 Safari/537.36"
176.123.9.201 - - [29/Jun/2021:15:31:29 -0400] "POST //xmlrpc.php HTTP/1.1" 200 5512 "-" "Mozilla/5.0 (Windows NT 10.0; Win64; x64) AppleWebKit/537.36 (KHTML, like Gecko) Chrome/88.0.4240.193 Safari/537.36"
176.123.9.201 - - [29/Jun/2021:15:31:30 -0400] "POST //xmlrpc.php HTTP/1.1" 200 5512 "-" "Mozilla/5.0 (Windows NT 10.0; Win64; x64) AppleWebKit/537.36 (KHTML, like Gecko) Chrome/88.0.4240.193 Safari/537.36"
176.123.9.201 - - [29/Jun/2021:15:31:33 -0400] "POST //xmlrpc.php HTTP/1.1" 200 5512 "-" "Mozilla/5.0 (Windows NT 10.0; Win64; x64) AppleWebKit/537.36 (KHTML, like Gecko) Chrome/88.0.4240.193 Safari/537.36"
176.123.9.201 - - [29/Jun/2021:15:31:34 -0400] "POST //xmlrpc.php HTTP/1.1" 200 5512 "-" "Mozilla/5.0 (Windows NT 10.0; Win64; x64) AppleWebKit/537.36 (KHTML, like Gecko) Chrome/88.0.4240.193 Safari/537.36"
176.123.9.201 - - [29/Jun/2021:15:31:36 -0400] "POST //xmlrpc.php HTTP/1.1" 200 5512 "-" "Mozilla/5.0 (Windows NT 10.0; Win64; x64) AppleWebKit/537.36 (KHTML, like Gecko) Chrome/88.0.4240.193 Safari/537.36"
176.123.9.201 - - [29/Jun/2021:15:31:37 -0400] "POST //xmlrpc.php HTTP/1.1" 200 5512 "-" "Mozilla/5.0 (Windows NT 10.0; Win64; x64) AppleWebKit/537.36 (KHTML, like Gecko) Chrome/88.0.4240.193 Safari/537.36"
204.48.19.85 - - [29/Jun/2021:15:31:40 -0400] "POST /wp-cron.php?doing_wp_cron=1624995100.1896889209747314453125 HTTP/1.1" 200 5389 "https://bubandcompany.com/wp-cron.php?doing_wp_cron=1624995100.1896889209747314453125" "WordPress/5.7.2; https://bubandcompany.com"
176.123.9.201 - - [29/Jun/2021:15:31:39 -0400] "POST //xmlrpc.php HTTP/1.1" 200 5512 "-" "Mozilla/5.0 (Windows NT 10.0; Win64; x64) AppleWebKit/537.36 (KHTML, like Gecko) Chrome/88.0.4240.193 Safari/537.36"
204.48.19.85 - - [29/Jun/2021:15:31:42 -0400] "POST /wp-cron.php?doing_wp_cron=1624995102.6060459613800048828125 HTTP/1.1" 200 5389 "https://bubandcompany.com/wp-cron.php?doing_wp_cron=1624995102.6060459613800048828125" "WordPress/5.7.2; https://bubandcompany.com"
176.123.9.201 - - [29/Jun/2021:15:31:41 -0400] "POST //xmlrpc.php HTTP/1.1" 200 5512 "-" "Mozilla/5.0 (Windows NT 10.0; Win64; x64) AppleWebKit/537.36 (KHTML, like Gecko) Chrome/88.0.4240.193 Safari/537.36"
176.123.9.201 - - [29/Jun/2021:15:31:44 -0400] "POST //xmlrpc.php HTTP/1.1" 200 5512 "-" "Mozilla/5.0 (Windows NT 10.0; Win64; x64) AppleWebKit/537.36 (KHTML, like Gecko) Chrome/88.0.4240.193 Safari/537.36"
176.123.9.201 - - [29/Jun/2021:15:31:45 -0400] "POST //xmlrpc.php HTTP/1.1" 200 5512 "-" "Mozilla/5.0 (Windows NT 10.0; Win64; x64) AppleWebKit/537.36 (KHTML, like Gecko) Chrome/88.0.4240.193 Safari/537.36"
176.123.9.201 - - [29/Jun/2021:15:31:47 -0400] "POST //xmlrpc.php HTTP/1.1" 200 5512 "-" "Mozilla/5.0 (Windows NT 10.0; Win64; x64) AppleWebKit/537.36 (KHTML, like Gecko) Chrome/88.0.4240.193 Safari/537.36"
176.123.9.201 - - [29/Jun/2021:15:31:49 -0400] "POST //xmlrpc.php HTTP/1.1" 200 5512 "-" "Mozilla/5.0 (Windows NT 10.0; Win64; x64) AppleWebKit/537.36 (KHTML, like Gecko) Chrome/88.0.4240.193 Safari/537.36"
176.123.9.201 - - [29/Jun/2021:15:31:54 -0400] "POST //xmlrpc.php HTTP/1.1" 200 5512 "-" "Mozilla/5.0 (Windows NT 10.0; Win64; x64) AppleWebKit/537.36 (KHTML, like Gecko) Chrome/88.0.4240.193 Safari/537.36"
176.123.9.201 - - [29/Jun/2021:15:31:55 -0400] "POST //xmlrpc.php HTTP/1.1" 200 5512 "-" "Mozilla/5.0 (Windows NT 10.0; Win64; x64) AppleWebKit/537.36 (KHTML, like Gecko) Chrome/88.0.4240.193 Safari/537.36"
176.123.9.201 - - [29/Jun/2021:15:31:57 -0400] "POST //xmlrpc.php HTTP/1.1" 200 5512 "-" "Mozilla/5.0 (Windows NT 10.0; Win64; x64) AppleWebKit/537.36 (KHTML, like Gecko) Chrome/88.0.4240.193 Safari/537.36"
176.123.9.201 - - [29/Jun/2021:15:31:59 -0400] "POST //xmlrpc.php HTTP/1.1" 200 5512 "-" "Mozilla/5.0 (Windows NT 10.0; Win64; x64) AppleWebKit/537.36 (KHTML, like Gecko) Chrome/88.0.4240.193 Safari/537.36"
176.123.9.201 - - [29/Jun/2021:15:32:01 -0400] "POST //xmlrpc.php HTTP/1.1" 200 5512 "-" "Mozilla/5.0 (Windows NT 10.0; Win64; x64) AppleWebKit/537.36 (KHTML, like Gecko) Chrome/88.0.4240.193 Safari/537.36"
176.123.9.201 - - [29/Jun/2021:15:32:03 -0400] "POST //xmlrpc.php HTTP/1.1" 200 5512 "-" "Mozilla/5.0 (Windows NT 10.0; Win64; x64) AppleWebKit/537.36 (KHTML, like Gecko) Chrome/88.0.4240.193 Safari/537.36"
176.123.9.201 - - [29/Jun/2021:15:32:05 -0400] "POST //xmlrpc.php HTTP/1.1" 200 5512 "-" "Mozilla/5.0 (Windows NT 10.0; Win64; x64) AppleWebKit/537.36 (KHTML, like Gecko) Chrome/88.0.4240.193 Safari/537.36"
176.123.9.201 - - [29/Jun/2021:15:32:07 -0400] "POST //xmlrpc.php HTTP/1.1" 200 5512 "-" "Mozilla/5.0 (Windows NT 10.0; Win64; x64) AppleWebKit/537.36 (KHTML, like Gecko) Chrome/88.0.4240.193 Safari/537.36"
176.123.9.201 - - [29/Jun/2021:15:32:09 -0400] "POST //xmlrpc.php HTTP/1.1" 200 5512 "-" "Mozilla/5.0 (Windows NT 10.0; Win64; x64) AppleWebKit/537.36 (KHTML, like Gecko) Chrome/88.0.4240.193 Safari/537.36"
176.123.9.201 - - [29/Jun/2021:15:32:11 -0400] "POST //xmlrpc.php HTTP/1.1" 200 5512 "-" "Mozilla/5.0 (Windows NT 10.0; Win64; x64) AppleWebKit/537.36 (KHTML, like Gecko) Chrome/88.0.4240.193 Safari/537.36"
176.123.9.201 - - [29/Jun/2021:15:32:12 -0400] "POST //xmlrpc.php HTTP/1.1" 200 5512 "-" "Mozilla/5.0 (Windows NT 10.0; Win64; x64) AppleWebKit/537.36 (KHTML, like Gecko) Chrome/88.0.4240.193 Safari/537.36"
176.123.9.201 - - [29/Jun/2021:15:32:15 -0400] "POST //xmlrpc.php HTTP/1.1" 200 5512 "-" "Mozilla/5.0 (Windows NT 10.0; Win64; x64) AppleWebKit/537.36 (KHTML, like Gecko) Chrome/88.0.4240.193 Safari/537.36"
176.123.9.201 - - [29/Jun/2021:15:32:17 -0400] "POST //xmlrpc.php HTTP/1.1" 200 5512 "-" "Mozilla/5.0 (Windows NT 10.0; Win64; x64) AppleWebKit/537.36 (KHTML, like Gecko) Chrome/88.0.4240.193 Safari/537.36"
176.123.9.201 - - [29/Jun/2021:15:32:19 -0400] "POST //xmlrpc.php HTTP/1.1" 200 5512 "-" "Mozilla/5.0 (Windows NT 10.0; Win64; x64) AppleWebKit/537.36 (KHTML, like Gecko) Chrome/88.0.4240.193 Safari/537.36"
176.123.9.201 - - [29/Jun/2021:15:32:21 -0400] "POST //xmlrpc.php HTTP/1.1" 200 5512 "-" "Mozilla/5.0 (Windows NT 10.0; Win64; x64) AppleWebKit/537.36 (KHTML, like Gecko) Chrome/88.0.4240.193 Safari/537.36"
204.48.19.85 - - [29/Jun/2021:15:32:23 -0400] "POST /wp-cron.php?doing_wp_cron=1624995143.5748600959777832031250 HTTP/1.1" 200 5389 "https://bubandcompany.com/wp-cron.php?doing_wp_cron=1624995143.5748600959777832031250" "WordPress/5.7.2; https://bubandcompany.com"
176.123.9.201 - - [29/Jun/2021:15:32:22 -0400] "POST //xmlrpc.php HTTP/1.1" 200 5512 "-" "Mozilla/5.0 (Windows NT 10.0; Win64; x64) AppleWebKit/537.36 (KHTML, like Gecko) Chrome/88.0.4240.193 Safari/537.36"
176.123.9.201 - - [29/Jun/2021:15:32:26 -0400] "POST //xmlrpc.php HTTP/1.1" 200 5512 "-" "Mozilla/5.0 (Windows NT 10.0; Win64; x64) AppleWebKit/537.36 (KHTML, like Gecko) Chrome/88.0.4240.193 Safari/537.36"
204.48.19.85 - - [29/Jun/2021:15:32:43 -0400] "POST /wp-cron.php?doing_wp_cron=1624995163.0011000633239746093750 HTTP/1.1" 200 5389 "https://bubandcompany.com/wp-cron.php?doing_wp_cron=1624995163.0011000633239746093750" "WordPress/5.7.2; https://bubandcompany.com"
176.123.9.201 - - [29/Jun/2021:15:32:42 -0400] "POST //xmlrpc.php HTTP/1.1" 200 5512 "-" "Mozilla/5.0 (Windows NT 10.0; Win64; x64) AppleWebKit/537.36 (KHTML, like Gecko) Chrome/88.0.4240.193 Safari/537.36"
204.48.19.85 - - [29/Jun/2021:15:32:45 -0400] "POST /wp-cron.php?doing_wp_cron=1624995165.2407310009002685546875 HTTP/1.1" 200 5389 "https://bubandcompany.com/wp-cron.php?doing_wp_cron=1624995165.2407310009002685546875" "WordPress/5.7.2; https://bubandcompany.com"
176.123.9.201 - - [29/Jun/2021:15:32:44 -0400] "POST //xmlrpc.php HTTP/1.1" 200 5512 "-" "Mozilla/5.0 (Windows NT 10.0; Win64; x64) AppleWebKit/537.36 (KHTML, like Gecko) Chrome/88.0.4240.193 Safari/537.36"
