204.48.19.85 - - [01/Jul/2021:00:35:38 -0400] "POST /wp-cron.php?doing_wp_cron=1625114138.5011069774627685546875 HTTP/1.1" 200 5389 "https://bubandcompany.com/wp-cron.php?doing_wp_cron=1625114138.5011069774627685546875" "WordPress/5.7.2; https://bubandcompany.com"
207.46.13.92 - - [01/Jul/2021:00:35:37 -0400] "GET /index.php/shop/?product_count=24&product_orderby=rating&product_view=grid HTTP/1.1" 200 5799 "-" "Mozilla/5.0 (compatible; bingbot/2.0; +http://www.bing.com/bingbot.htm)"
20.63.33.40 - - [01/Jul/2021:00:42:00 -0400] "GET / HTTP/1.1" 301 580 "-" "Mozilla/5.0 (Windows NT 6.1; Win64; x64) AppleWebKit/537.36 (KHTML, like Gecko) Chrome/85.0.4183.102 Safari/537.36"
20.63.33.40 - - [01/Jul/2021:00:42:00 -0400] "GET / HTTP/1.1" 200 7386 "-" "Mozilla/5.0 (Windows NT 6.1; Win64; x64) AppleWebKit/537.36 (KHTML, like Gecko) Chrome/85.0.4183.102 Safari/537.36"
20.63.33.40 - - [01/Jul/2021:00:42:02 -0400] "GET //wp-includes/wlwmanifest.xml HTTP/1.1" 200 1388 "-" "Mozilla/5.0 (Windows NT 6.1; Win64; x64) AppleWebKit/537.36 (KHTML, like Gecko) Chrome/85.0.4183.102 Safari/537.36"
204.48.19.85 - - [01/Jul/2021:00:42:01 -0400] "POST /wp-cron.php?doing_wp_cron=1625114521.4069159030914306640625 HTTP/1.1" 200 5389 "https://bubandcompany.com/wp-cron.php?doing_wp_cron=1625114521.4069159030914306640625" "WordPress/5.7.2; https://bubandcompany.com"
20.63.33.40 - - [01/Jul/2021:00:42:02 -0400] "GET //wp-login.php HTTP/1.1" 200 12500 "-" "Mozilla/5.0 (Windows NT 6.1; Win64; x64) AppleWebKit/537.36 (KHTML, like Gecko) Chrome/85.0.4183.102 Safari/537.36"
43.225.44.191 - - [01/Jul/2021:00:57:04 -0400] "GET /installer.php HTTP/1.1" 404 5012 "-" "Mozilla/5.0 (Windows NT 10.0; Win64; x64) AppleWebKit/537.36 (KHTML, like Gecko) Chrome/70.0.3538.77 Safari/537.36"
43.225.44.191 - - [01/Jul/2021:00:57:04 -0400] "GET /installer-backup.php HTTP/1.1" 404 5012 "-" "Mozilla/5.0 (Windows NT 10.0; Win64; x64) AppleWebKit/537.36 (KHTML, like Gecko) Chrome/70.0.3538.77 Safari/537.36"
204.48.19.85 - - [01/Jul/2021:01:21:32 -0400] "POST /wp-cron.php?doing_wp_cron=1625116892.3791921138763427734375 HTTP/1.1" 200 5389 "https://bubandcompany.com/wp-cron.php?doing_wp_cron=1625116892.3791921138763427734375" "WordPress/5.7.2; https://bubandcompany.com"
157.55.39.69 - - [01/Jul/2021:01:21:31 -0400] "GET /index.php/mens/ HTTP/1.1" 200 5799 "-" "Mozilla/5.0 (compatible; bingbot/2.0; +http://www.bing.com/bingbot.htm)"
35.243.220.156 - - [01/Jul/2021:01:52:13 -0400] "GET /robots.txt HTTP/1.0" 301 563 "-" "ZoominfoBot (zoominfobot at zoominfo dot com)"
35.243.220.156 - - [01/Jul/2021:01:52:13 -0400] "GET /robots.txt HTTP/1.1" 404 4952 "-" "ZoominfoBot (zoominfobot at zoominfo dot com)"
35.243.220.156 - - [01/Jul/2021:01:52:13 -0400] "GET /wp-login.php HTTP/1.0" 301 567 "-" "ZoominfoBot (zoominfobot at zoominfo dot com)"
35.243.220.156 - - [01/Jul/2021:01:52:13 -0400] "GET /robots.txt HTTP/1.0" 404 481 "-" "ZoominfoBot (zoominfobot at zoominfo dot com)"
204.48.19.85 - - [01/Jul/2021:01:52:14 -0400] "POST /wp-cron.php?doing_wp_cron=1625118734.8965609073638916015625 HTTP/1.1" 200 5389 "https://bubandcompany.com/wp-cron.php?doing_wp_cron=1625118734.8965609073638916015625" "WordPress/5.7.2; https://bubandcompany.com"
35.243.220.156 - - [01/Jul/2021:01:52:13 -0400] "GET /wp-login.php HTTP/1.0" 200 3001 "-" "ZoominfoBot (zoominfobot at zoominfo dot com)"
204.48.19.85 - - [01/Jul/2021:01:58:32 -0400] "POST /wp-cron.php?doing_wp_cron=1625119112.6803309917449951171875 HTTP/1.1" 200 5389 "https://bubandcompany.com/wp-cron.php?doing_wp_cron=1625119112.6803309917449951171875" "WordPress/5.7.2; https://bubandcompany.com"
35.243.220.156 - - [01/Jul/2021:01:58:31 -0400] "GET /wp-login.php HTTP/1.0" 200 7358 "-" "ZoominfoBot (zoominfobot at zoominfo dot com)"
45.129.18.169 - - [01/Jul/2021:02:07:00 -0400] "HEAD / HTTP/1.1" 301 242 "-" "Mozilla/5.0 (Macintosh; Intel Mac OS X 10_9_3) AppleWebKit/537.36 (KHTML, like Gecko) Chrome/35.0.1916.47 Safari/537.36"
45.129.18.62 - - [01/Jul/2021:02:07:01 -0400] "HEAD / HTTP/1.1" 200 5005 "-" "Mozilla/5.0 (Macintosh; Intel Mac OS X 10_9_3) AppleWebKit/537.36 (KHTML, like Gecko) Chrome/35.0.1916.47 Safari/537.36"
204.48.19.85 - - [01/Jul/2021:02:07:02 -0400] "POST /wp-cron.php?doing_wp_cron=1625119622.0005760192871093750000 HTTP/1.1" 200 5389 "https://bubandcompany.com/wp-cron.php?doing_wp_cron=1625119622.0005760192871093750000" "WordPress/5.7.2; https://bubandcompany.com"
35.185.53.32 - - [01/Jul/2021:03:10:39 -0400] "GET /robots.txt HTTP/1.0" 301 563 "-" "ZoominfoBot (zoominfobot at zoominfo dot com)"
35.185.53.32 - - [01/Jul/2021:03:10:39 -0400] "GET /robots.txt HTTP/1.1" 404 4952 "-" "ZoominfoBot (zoominfobot at zoominfo dot com)"
35.185.53.32 - - [01/Jul/2021:03:10:39 -0400] "GET /wp-login.php HTTP/1.0" 301 567 "-" "ZoominfoBot (zoominfobot at zoominfo dot com)"
35.185.53.32 - - [01/Jul/2021:03:10:39 -0400] "GET /robots.txt HTTP/1.0" 404 481 "-" "ZoominfoBot (zoominfobot at zoominfo dot com)"
204.48.19.85 - - [01/Jul/2021:03:10:40 -0400] "POST /wp-cron.php?doing_wp_cron=1625123440.5742928981781005859375 HTTP/1.1" 200 5389 "https://bubandcompany.com/wp-cron.php?doing_wp_cron=1625123440.5742928981781005859375" "WordPress/5.7.2; https://bubandcompany.com"
35.185.53.32 - - [01/Jul/2021:03:10:39 -0400] "GET /wp-login.php HTTP/1.0" 200 3001 "-" "ZoominfoBot (zoominfobot at zoominfo dot com)"
204.48.19.85 - - [01/Jul/2021:03:16:15 -0400] "POST /wp-cron.php?doing_wp_cron=1625123775.3112289905548095703125 HTTP/1.1" 200 5389 "https://bubandcompany.com/wp-cron.php?doing_wp_cron=1625123775.3112289905548095703125" "WordPress/5.7.2; https://bubandcompany.com"
35.185.53.32 - - [01/Jul/2021:03:16:14 -0400] "GET /wp-login.php HTTP/1.0" 200 7358 "-" "ZoominfoBot (zoominfobot at zoominfo dot com)"
172.104.183.220 - - [01/Jul/2021:03:16:54 -0400] "GET /wp-admin/admin-ajax.php?action=revslider_show_image&img=../index.php HTTP/1.1" 301 664 "-" "Chrome"
204.48.19.85 - - [01/Jul/2021:03:16:56 -0400] "POST /wp-cron.php?doing_wp_cron=1625123816.3300180435180664062500 HTTP/1.1" 200 5389 "https://bubandcompany.com/wp-cron.php?doing_wp_cron=1625123816.3300180435180664062500" "WordPress/5.7.2; https://bubandcompany.com"
172.104.183.220 - - [01/Jul/2021:03:16:55 -0400] "GET /wp-admin/admin-ajax.php?action=revslider_show_image&img=../index.php HTTP/1.1" 400 4960 "-" "Chrome"
172.104.183.220 - - [01/Jul/2021:03:16:57 -0400] "GET /wp-admin/admin-ajax.php?action=revslider_show_image&img=../wp-config.php HTTP/1.1" 301 672 "-" "Chrome"
172.104.183.220 - - [01/Jul/2021:03:16:58 -0400] "GET /wp-admin/admin-ajax.php?action=revslider_show_image&img=../wp-config.php HTTP/1.1" 400 4960 "-" "Chrome"
192.64.115.17 - - [01/Jul/2021:03:54:50 -0400] "GET /wp-login.php HTTP/1.1" 200 9232 "-" "Mozilla/5.0 (X11; Ubuntu; Linux x86_64; rv:62.0) Gecko/20100101 Firefox/62.0"
192.64.115.17 - - [01/Jul/2021:03:54:51 -0400] "POST /wp-login.php HTTP/1.1" 200 9232 "-" "Mozilla/5.0 (X11; Ubuntu; Linux x86_64; rv:62.0) Gecko/20100101 Firefox/62.0"
204.48.19.85 - - [01/Jul/2021:03:54:53 -0400] "POST /wp-cron.php?doing_wp_cron=1625126093.3799989223480224609375 HTTP/1.1" 200 5389 "https://bubandcompany.com/wp-cron.php?doing_wp_cron=1625126093.3799989223480224609375" "WordPress/5.7.2; https://bubandcompany.com"
192.64.115.17 - - [01/Jul/2021:03:54:52 -0400] "POST /xmlrpc.php HTTP/1.1" 200 5093 "-" "Mozilla/5.0 (X11; Ubuntu; Linux x86_64; rv:62.0) Gecko/20100101 Firefox/62.0"
45.137.184.31 - - [01/Jul/2021:03:59:59 -0400] "POST /xmlrpc.php HTTP/1.0" 301 600 "-" "Mozilla/5.0 (Windows NT 10.0; Win64; x64; rv:62.0) Gecko/20100101 Firefox/62.0"
45.137.184.31 - - [01/Jul/2021:04:00:00 -0400] "POST /xmlrpc.php HTTP/1.0" 200 5505 "-" "Mozilla/5.0 (Windows NT 10.0; Win64; x64; rv:62.0) Gecko/20100101 Firefox/62.0"
148.72.232.159 - - [01/Jul/2021:04:04:34 -0400] "GET /wp-login.php HTTP/1.1" 200 9234 "-" "Mozilla/5.0 (X11; Ubuntu; Linux x86_64; rv:62.0) Gecko/20100101 Firefox/62.0"
148.72.232.159 - - [01/Jul/2021:04:04:36 -0400] "POST /wp-login.php HTTP/1.1" 200 9234 "-" "Mozilla/5.0 (X11; Ubuntu; Linux x86_64; rv:62.0) Gecko/20100101 Firefox/62.0"
204.48.19.85 - - [01/Jul/2021:04:04:38 -0400] "POST /wp-cron.php?doing_wp_cron=1625126678.7869529724121093750000 HTTP/1.1" 200 5389 "https://bubandcompany.com/wp-cron.php?doing_wp_cron=1625126678.7869529724121093750000" "WordPress/5.7.2; https://bubandcompany.com"
148.72.232.159 - - [01/Jul/2021:04:04:38 -0400] "POST /xmlrpc.php HTTP/1.1" 200 5094 "-" "Mozilla/5.0 (X11; Ubuntu; Linux x86_64; rv:62.0) Gecko/20100101 Firefox/62.0"
204.48.19.85 - - [01/Jul/2021:04:13:52 -0400] "POST /wp-cron.php?doing_wp_cron=1625127232.4349439144134521484375 HTTP/1.1" 200 5389 "https://bubandcompany.com/wp-cron.php?doing_wp_cron=1625127232.4349439144134521484375" "WordPress/5.7.2; https://bubandcompany.com"
169.239.106.93 - - [01/Jul/2021:04:13:51 -0400] "GET /wp-login.php HTTP/1.1" 200 7546 "-" "Mozilla/5.0 (X11; Ubuntu; Linux x86_64; rv:62.0) Gecko/20100101 Firefox/62.0"
169.239.106.93 - - [01/Jul/2021:04:13:54 -0400] "POST /wp-login.php HTTP/1.1" 401 8429 "-" "Mozilla/5.0 (X11; Ubuntu; Linux x86_64; rv:62.0) Gecko/20100101 Firefox/62.0"
169.239.106.93 - - [01/Jul/2021:04:13:56 -0400] "POST /xmlrpc.php HTTP/1.1" 200 4977 "-" "Mozilla/5.0 (X11; Ubuntu; Linux x86_64; rv:62.0) Gecko/20100101 Firefox/62.0"
3.17.64.27 - - [01/Jul/2021:04:24:48 -0400] "GET /wp-login.php HTTP/1.1" 200 9231 "-" "Mozilla/5.0 (X11; Ubuntu; Linux x86_64; rv:62.0) Gecko/20100101 Firefox/62.0"
3.17.64.27 - - [01/Jul/2021:04:25:11 -0400] "POST /wp-login.php HTTP/1.1" 200 9231 "-" "Mozilla/5.0 (X11; Ubuntu; Linux x86_64; rv:62.0) Gecko/20100101 Firefox/62.0"
204.48.19.85 - - [01/Jul/2021:04:25:34 -0400] "POST /wp-cron.php?doing_wp_cron=1625127934.5807049274444580078125 HTTP/1.1" 200 5389 "https://bubandcompany.com/wp-cron.php?doing_wp_cron=1625127934.5807049274444580078125" "WordPress/5.7.2; https://bubandcompany.com"
3.17.64.27 - - [01/Jul/2021:04:25:33 -0400] "POST /xmlrpc.php HTTP/1.1" 200 5090 "-" "Mozilla/5.0 (X11; Ubuntu; Linux x86_64; rv:62.0) Gecko/20100101 Firefox/62.0"
51.79.180.244 - - [01/Jul/2021:04:30:59 -0400] "GET /wp-login.php HTTP/1.1" 200 9233 "-" "Mozilla/5.0 (X11; Ubuntu; Linux x86_64; rv:62.0) Gecko/20100101 Firefox/62.0"
51.79.180.244 - - [01/Jul/2021:04:31:01 -0400] "POST /wp-login.php HTTP/1.1" 200 9233 "-" "Mozilla/5.0 (X11; Ubuntu; Linux x86_64; rv:62.0) Gecko/20100101 Firefox/62.0"
204.48.19.85 - - [01/Jul/2021:04:31:03 -0400] "POST /wp-cron.php?doing_wp_cron=1625128263.4521400928497314453125 HTTP/1.1" 200 5389 "https://bubandcompany.com/wp-cron.php?doing_wp_cron=1625128263.4521400928497314453125" "WordPress/5.7.2; https://bubandcompany.com"
51.79.180.244 - - [01/Jul/2021:04:31:02 -0400] "POST /xmlrpc.php HTTP/1.1" 200 5093 "-" "Mozilla/5.0 (X11; Ubuntu; Linux x86_64; rv:62.0) Gecko/20100101 Firefox/62.0"
3.108.20.217 - - [01/Jul/2021:04:31:12 -0400] "GET /wp-login.php HTTP/1.1" 200 9232 "-" "Mozilla/5.0 (X11; Ubuntu; Linux x86_64; rv:62.0) Gecko/20100101 Firefox/62.0"
3.108.20.217 - - [01/Jul/2021:04:31:24 -0400] "POST /wp-login.php HTTP/1.1" 200 9232 "-" "Mozilla/5.0 (X11; Ubuntu; Linux x86_64; rv:62.0) Gecko/20100101 Firefox/62.0"
204.48.19.85 - - [01/Jul/2021:04:31:41 -0400] "POST /wp-cron.php?doing_wp_cron=1625128301.1178960800170898437500 HTTP/1.1" 200 5389 "https://bubandcompany.com/wp-cron.php?doing_wp_cron=1625128301.1178960800170898437500" "WordPress/5.7.2; https://bubandcompany.com"
3.108.20.217 - - [01/Jul/2021:04:31:40 -0400] "POST /xmlrpc.php HTTP/1.1" 200 5092 "-" "Mozilla/5.0 (X11; Ubuntu; Linux x86_64; rv:62.0) Gecko/20100101 Firefox/62.0"
194.5.175.81 - - [01/Jul/2021:04:36:42 -0400] "GET /wp-login.php HTTP/1.1" 200 9232 "-" "Mozilla/5.0 (X11; Ubuntu; Linux x86_64; rv:62.0) Gecko/20100101 Firefox/62.0"
194.5.175.81 - - [01/Jul/2021:04:36:44 -0400] "POST /wp-login.php HTTP/1.1" 200 9232 "-" "Mozilla/5.0 (X11; Ubuntu; Linux x86_64; rv:62.0) Gecko/20100101 Firefox/62.0"
204.48.19.85 - - [01/Jul/2021:04:36:46 -0400] "POST /wp-cron.php?doing_wp_cron=1625128606.3026340007781982421875 HTTP/1.1" 200 5389 "https://bubandcompany.com/wp-cron.php?doing_wp_cron=1625128606.3026340007781982421875" "WordPress/5.7.2; https://bubandcompany.com"
194.5.175.81 - - [01/Jul/2021:04:36:45 -0400] "POST /xmlrpc.php HTTP/1.1" 200 5092 "-" "Mozilla/5.0 (X11; Ubuntu; Linux x86_64; rv:62.0) Gecko/20100101 Firefox/62.0"
138.201.116.194 - - [01/Jul/2021:04:40:30 -0400] "GET /wp-login.php HTTP/1.1" 200 9235 "-" "Mozilla/5.0 (X11; Ubuntu; Linux x86_64; rv:62.0) Gecko/20100101 Firefox/62.0"
138.201.116.194 - - [01/Jul/2021:04:40:30 -0400] "POST /wp-login.php HTTP/1.1" 200 9235 "-" "Mozilla/5.0 (X11; Ubuntu; Linux x86_64; rv:62.0) Gecko/20100101 Firefox/62.0"
204.48.19.85 - - [01/Jul/2021:04:40:32 -0400] "POST /wp-cron.php?doing_wp_cron=1625128832.7411379814147949218750 HTTP/1.1" 200 5389 "https://bubandcompany.com/wp-cron.php?doing_wp_cron=1625128832.7411379814147949218750" "WordPress/5.7.2; https://bubandcompany.com"
138.201.116.194 - - [01/Jul/2021:04:40:31 -0400] "POST /xmlrpc.php HTTP/1.1" 200 5094 "-" "Mozilla/5.0 (X11; Ubuntu; Linux x86_64; rv:62.0) Gecko/20100101 Firefox/62.0"
114.173.206.65 - - [01/Jul/2021:04:45:34 -0400] "GET /wp-login.php HTTP/1.1" 200 9235 "-" "Mozilla/5.0 (X11; Ubuntu; Linux x86_64; rv:62.0) Gecko/20100101 Firefox/62.0"
114.173.206.65 - - [01/Jul/2021:04:45:40 -0400] "POST /wp-login.php HTTP/1.1" 200 9235 "-" "Mozilla/5.0 (X11; Ubuntu; Linux x86_64; rv:62.0) Gecko/20100101 Firefox/62.0"
204.48.19.85 - - [01/Jul/2021:04:45:44 -0400] "POST /wp-cron.php?doing_wp_cron=1625129144.2228970527648925781250 HTTP/1.1" 200 5389 "https://bubandcompany.com/wp-cron.php?doing_wp_cron=1625129144.2228970527648925781250" "WordPress/5.7.2; https://bubandcompany.com"
114.173.206.65 - - [01/Jul/2021:04:45:43 -0400] "POST /xmlrpc.php HTTP/1.1" 200 5093 "-" "Mozilla/5.0 (X11; Ubuntu; Linux x86_64; rv:62.0) Gecko/20100101 Firefox/62.0"
40.89.141.155 - - [01/Jul/2021:04:54:02 -0400] "GET /wp-login.php HTTP/1.1" 200 9233 "-" "Mozilla/5.0 (X11; Ubuntu; Linux x86_64; rv:62.0) Gecko/20100101 Firefox/62.0"
40.89.141.155 - - [01/Jul/2021:04:54:03 -0400] "POST /wp-login.php HTTP/1.1" 200 9233 "-" "Mozilla/5.0 (X11; Ubuntu; Linux x86_64; rv:62.0) Gecko/20100101 Firefox/62.0"
204.48.19.85 - - [01/Jul/2021:04:54:05 -0400] "POST /wp-cron.php?doing_wp_cron=1625129645.5281579494476318359375 HTTP/1.1" 200 5389 "https://bubandcompany.com/wp-cron.php?doing_wp_cron=1625129645.5281579494476318359375" "WordPress/5.7.2; https://bubandcompany.com"
40.89.141.155 - - [01/Jul/2021:04:54:04 -0400] "POST /xmlrpc.php HTTP/1.1" 200 5092 "-" "Mozilla/5.0 (X11; Ubuntu; Linux x86_64; rv:62.0) Gecko/20100101 Firefox/62.0"
162.255.87.205 - - [01/Jul/2021:04:58:29 -0400] "GET /wp-login.php HTTP/1.1" 200 9234 "-" "Mozilla/5.0 (X11; Ubuntu; Linux x86_64; rv:62.0) Gecko/20100101 Firefox/62.0"
162.255.87.205 - - [01/Jul/2021:04:58:30 -0400] "POST /wp-login.php HTTP/1.1" 200 9234 "-" "Mozilla/5.0 (X11; Ubuntu; Linux x86_64; rv:62.0) Gecko/20100101 Firefox/62.0"
204.48.19.85 - - [01/Jul/2021:04:58:31 -0400] "POST /wp-cron.php?doing_wp_cron=1625129911.6280069351196289062500 HTTP/1.1" 200 5389 "https://bubandcompany.com/wp-cron.php?doing_wp_cron=1625129911.6280069351196289062500" "WordPress/5.7.2; https://bubandcompany.com"
162.255.87.205 - - [01/Jul/2021:04:58:30 -0400] "POST /xmlrpc.php HTTP/1.1" 200 5093 "-" "Mozilla/5.0 (X11; Ubuntu; Linux x86_64; rv:62.0) Gecko/20100101 Firefox/62.0"
66.249.66.157 - - [01/Jul/2021:05:02:24 -0400] "GET /robots.txt HTTP/1.1" 404 5705 "-" "Mozilla/5.0 (compatible; Googlebot/2.1; +http://www.google.com/bot.html)"
204.48.19.85 - - [01/Jul/2021:05:02:25 -0400] "POST /wp-cron.php?doing_wp_cron=1625130145.2770230770111083984375 HTTP/1.1" 200 5389 "https://bubandcompany.com/wp-cron.php?doing_wp_cron=1625130145.2770230770111083984375" "WordPress/5.7.2; https://bubandcompany.com"
66.249.66.156 - - [01/Jul/2021:05:02:24 -0400] "GET /index.php/product-category/bub-club/?product_order=asc&product_count=36&product_view=list HTTP/1.1" 200 6254 "-" "Mozilla/5.0 (Linux; Android 6.0.1; Nexus 5X Build/MMB29P) AppleWebKit/537.36 (KHTML, like Gecko) Chrome/91.0.4472.90 Mobile Safari/537.36 (compatible; Googlebot/2.1; +http://www.google.com/bot.html)"
95.216.97.139 - - [01/Jul/2021:05:03:12 -0400] "GET /wp-login.php HTTP/1.1" 200 9234 "-" "Mozilla/5.0 (X11; Ubuntu; Linux x86_64; rv:62.0) Gecko/20100101 Firefox/62.0"
95.216.97.139 - - [01/Jul/2021:05:03:13 -0400] "POST /wp-login.php HTTP/1.1" 200 9234 "-" "Mozilla/5.0 (X11; Ubuntu; Linux x86_64; rv:62.0) Gecko/20100101 Firefox/62.0"
204.48.19.85 - - [01/Jul/2021:05:03:15 -0400] "POST /wp-cron.php?doing_wp_cron=1625130195.3836801052093505859375 HTTP/1.1" 200 5389 "https://bubandcompany.com/wp-cron.php?doing_wp_cron=1625130195.3836801052093505859375" "WordPress/5.7.2; https://bubandcompany.com"
95.216.97.139 - - [01/Jul/2021:05:03:14 -0400] "POST /xmlrpc.php HTTP/1.1" 200 5093 "-" "Mozilla/5.0 (X11; Ubuntu; Linux x86_64; rv:62.0) Gecko/20100101 Firefox/62.0"
209.222.96.146 - - [01/Jul/2021:05:07:37 -0400] "GET /wp-login.php HTTP/1.1" 200 9234 "-" "Mozilla/5.0 (X11; Ubuntu; Linux x86_64; rv:62.0) Gecko/20100101 Firefox/62.0"
209.222.96.146 - - [01/Jul/2021:05:07:37 -0400] "POST /wp-login.php HTTP/1.1" 200 9234 "-" "Mozilla/5.0 (X11; Ubuntu; Linux x86_64; rv:62.0) Gecko/20100101 Firefox/62.0"
204.48.19.85 - - [01/Jul/2021:05:07:39 -0400] "POST /wp-cron.php?doing_wp_cron=1625130459.3110110759735107421875 HTTP/1.1" 200 5389 "https://bubandcompany.com/wp-cron.php?doing_wp_cron=1625130459.3110110759735107421875" "WordPress/5.7.2; https://bubandcompany.com"
209.222.96.146 - - [01/Jul/2021:05:07:38 -0400] "POST /xmlrpc.php HTTP/1.1" 200 5094 "-" "Mozilla/5.0 (X11; Ubuntu; Linux x86_64; rv:62.0) Gecko/20100101 Firefox/62.0"
148.251.15.243 - - [01/Jul/2021:05:12:14 -0400] "GET /wp-login.php HTTP/1.1" 200 9234 "-" "Mozilla/5.0 (X11; Ubuntu; Linux x86_64; rv:62.0) Gecko/20100101 Firefox/62.0"
148.251.15.243 - - [01/Jul/2021:05:12:15 -0400] "POST /wp-login.php HTTP/1.1" 200 9234 "-" "Mozilla/5.0 (X11; Ubuntu; Linux x86_64; rv:62.0) Gecko/20100101 Firefox/62.0"
204.48.19.85 - - [01/Jul/2021:05:12:17 -0400] "POST /wp-cron.php?doing_wp_cron=1625130737.2557740211486816406250 HTTP/1.1" 200 5389 "https://bubandcompany.com/wp-cron.php?doing_wp_cron=1625130737.2557740211486816406250" "WordPress/5.7.2; https://bubandcompany.com"
148.251.15.243 - - [01/Jul/2021:05:12:16 -0400] "POST /xmlrpc.php HTTP/1.1" 200 5093 "-" "Mozilla/5.0 (X11; Ubuntu; Linux x86_64; rv:62.0) Gecko/20100101 Firefox/62.0"
51.210.240.92 - - [01/Jul/2021:05:17:10 -0400] "GET /wp-login.php HTTP/1.1" 200 9233 "-" "Mozilla/5.0 (X11; Ubuntu; Linux x86_64; rv:62.0) Gecko/20100101 Firefox/62.0"
51.210.240.92 - - [01/Jul/2021:05:17:11 -0400] "POST /wp-login.php HTTP/1.1" 200 9233 "-" "Mozilla/5.0 (X11; Ubuntu; Linux x86_64; rv:62.0) Gecko/20100101 Firefox/62.0"
204.48.19.85 - - [01/Jul/2021:05:17:13 -0400] "POST /wp-cron.php?doing_wp_cron=1625131033.0246450901031494140625 HTTP/1.1" 200 5389 "https://bubandcompany.com/wp-cron.php?doing_wp_cron=1625131033.0246450901031494140625" "WordPress/5.7.2; https://bubandcompany.com"
51.210.240.92 - - [01/Jul/2021:05:17:12 -0400] "POST /xmlrpc.php HTTP/1.1" 200 5093 "-" "Mozilla/5.0 (X11; Ubuntu; Linux x86_64; rv:62.0) Gecko/20100101 Firefox/62.0"
34.107.40.111 - - [01/Jul/2021:05:21:43 -0400] "GET /wp-login.php HTTP/1.1" 200 9233 "-" "Mozilla/5.0 (X11; Ubuntu; Linux x86_64; rv:62.0) Gecko/20100101 Firefox/62.0"
34.107.40.111 - - [01/Jul/2021:05:21:44 -0400] "POST /wp-login.php HTTP/1.1" 200 9233 "-" "Mozilla/5.0 (X11; Ubuntu; Linux x86_64; rv:62.0) Gecko/20100101 Firefox/62.0"
204.48.19.85 - - [01/Jul/2021:05:21:46 -0400] "POST /wp-cron.php?doing_wp_cron=1625131306.4463949203491210937500 HTTP/1.1" 200 5389 "https://bubandcompany.com/wp-cron.php?doing_wp_cron=1625131306.4463949203491210937500" "WordPress/5.7.2; https://bubandcompany.com"
34.107.40.111 - - [01/Jul/2021:05:21:45 -0400] "POST /xmlrpc.php HTTP/1.1" 200 5092 "-" "Mozilla/5.0 (X11; Ubuntu; Linux x86_64; rv:62.0) Gecko/20100101 Firefox/62.0"
185.216.77.133 - - [01/Jul/2021:05:26:07 -0400] "GET /wp-login.php HTTP/1.1" 200 9234 "-" "Mozilla/5.0 (X11; Ubuntu; Linux x86_64; rv:62.0) Gecko/20100101 Firefox/62.0"
185.216.77.133 - - [01/Jul/2021:05:26:08 -0400] "POST /wp-login.php HTTP/1.1" 200 9234 "-" "Mozilla/5.0 (X11; Ubuntu; Linux x86_64; rv:62.0) Gecko/20100101 Firefox/62.0"
185.216.77.133 - - [01/Jul/2021:05:26:09 -0400] "POST /xmlrpc.php HTTP/1.1" 200 5094 "-" "Mozilla/5.0 (X11; Ubuntu; Linux x86_64; rv:62.0) Gecko/20100101 Firefox/62.0"
204.48.19.85 - - [01/Jul/2021:05:26:10 -0400] "POST /wp-cron.php?doing_wp_cron=1625131570.5095829963684082031250 HTTP/1.1" 200 5389 "https://bubandcompany.com/wp-cron.php?doing_wp_cron=1625131570.5095829963684082031250" "WordPress/5.7.2; https://bubandcompany.com"
31.130.202.240 - - [01/Jul/2021:05:31:18 -0400] "GET /wp-login.php HTTP/1.1" 200 9234 "-" "Mozilla/5.0 (X11; Ubuntu; Linux x86_64; rv:62.0) Gecko/20100101 Firefox/62.0"
31.130.202.240 - - [01/Jul/2021:05:31:19 -0400] "POST /wp-login.php HTTP/1.1" 200 9234 "-" "Mozilla/5.0 (X11; Ubuntu; Linux x86_64; rv:62.0) Gecko/20100101 Firefox/62.0"
204.48.19.85 - - [01/Jul/2021:05:31:21 -0400] "POST /wp-cron.php?doing_wp_cron=1625131881.2018089294433593750000 HTTP/1.1" 200 5389 "https://bubandcompany.com/wp-cron.php?doing_wp_cron=1625131881.2018089294433593750000" "WordPress/5.7.2; https://bubandcompany.com"
31.130.202.240 - - [01/Jul/2021:05:31:20 -0400] "POST /xmlrpc.php HTTP/1.1" 200 5092 "-" "Mozilla/5.0 (X11; Ubuntu; Linux x86_64; rv:62.0) Gecko/20100101 Firefox/62.0"
27.254.148.246 - - [01/Jul/2021:05:40:10 -0400] "GET /wp-login.php HTTP/1.1" 200 9234 "-" "Mozilla/5.0 (X11; Ubuntu; Linux x86_64; rv:62.0) Gecko/20100101 Firefox/62.0"
27.254.148.246 - - [01/Jul/2021:05:40:12 -0400] "POST /wp-login.php HTTP/1.1" 200 9234 "-" "Mozilla/5.0 (X11; Ubuntu; Linux x86_64; rv:62.0) Gecko/20100101 Firefox/62.0"
204.48.19.85 - - [01/Jul/2021:05:40:14 -0400] "POST /wp-cron.php?doing_wp_cron=1625132414.5294909477233886718750 HTTP/1.1" 200 5389 "https://bubandcompany.com/wp-cron.php?doing_wp_cron=1625132414.5294909477233886718750" "WordPress/5.7.2; https://bubandcompany.com"
27.254.148.246 - - [01/Jul/2021:05:40:13 -0400] "POST /xmlrpc.php HTTP/1.1" 200 5093 "-" "Mozilla/5.0 (X11; Ubuntu; Linux x86_64; rv:62.0) Gecko/20100101 Firefox/62.0"
138.201.116.194 - - [01/Jul/2021:05:45:23 -0400] "GET /wp-login.php HTTP/1.1" 200 9235 "-" "Mozilla/5.0 (X11; Ubuntu; Linux x86_64; rv:62.0) Gecko/20100101 Firefox/62.0"
138.201.116.194 - - [01/Jul/2021:05:45:24 -0400] "POST /wp-login.php HTTP/1.1" 200 9235 "-" "Mozilla/5.0 (X11; Ubuntu; Linux x86_64; rv:62.0) Gecko/20100101 Firefox/62.0"
204.48.19.85 - - [01/Jul/2021:05:45:26 -0400] "POST /wp-cron.php?doing_wp_cron=1625132726.4074571132659912109375 HTTP/1.1" 200 5389 "https://bubandcompany.com/wp-cron.php?doing_wp_cron=1625132726.4074571132659912109375" "WordPress/5.7.2; https://bubandcompany.com"
138.201.116.194 - - [01/Jul/2021:05:45:25 -0400] "POST /xmlrpc.php HTTP/1.1" 200 5094 "-" "Mozilla/5.0 (X11; Ubuntu; Linux x86_64; rv:62.0) Gecko/20100101 Firefox/62.0"
188.166.218.146 - - [01/Jul/2021:05:49:00 -0400] "GET /wp-content/themes/distance-lite/languages/namespaces.php HTTP/1.1" 301 636 "http://simplesite.com" "Mozilla/5.0 (Windows; U; Windows NT 5.1; en-US) AppleWebKit/533.4 (KHTML, like Gecko) Chrome/5.0.375.99 Safari/533.4"
188.166.218.146 - - [01/Jul/2021:05:49:01 -0400] "GET /wp-content/themes/distance-lite/languages/namespaces.php HTTP/1.1" 404 4997 "http://bubandcompany.com/wp-content/themes/distance-lite/languages/namespaces.php" "Mozilla/5.0 (Windows; U; Windows NT 5.1; en-US) AppleWebKit/533.4 (KHTML, like Gecko) Chrome/5.0.375.99 Safari/533.4"
51.15.18.193 - - [01/Jul/2021:05:49:46 -0400] "GET /wp-login.php HTTP/1.1" 200 9232 "-" "Mozilla/5.0 (X11; Ubuntu; Linux x86_64; rv:62.0) Gecko/20100101 Firefox/62.0"
51.15.18.193 - - [01/Jul/2021:05:49:47 -0400] "POST /wp-login.php HTTP/1.1" 200 9232 "-" "Mozilla/5.0 (X11; Ubuntu; Linux x86_64; rv:62.0) Gecko/20100101 Firefox/62.0"
204.48.19.85 - - [01/Jul/2021:05:49:49 -0400] "POST /wp-cron.php?doing_wp_cron=1625132989.0551528930664062500000 HTTP/1.1" 200 5389 "https://bubandcompany.com/wp-cron.php?doing_wp_cron=1625132989.0551528930664062500000" "WordPress/5.7.2; https://bubandcompany.com"
51.15.18.193 - - [01/Jul/2021:05:49:48 -0400] "POST /xmlrpc.php HTTP/1.1" 200 5092 "-" "Mozilla/5.0 (X11; Ubuntu; Linux x86_64; rv:62.0) Gecko/20100101 Firefox/62.0"
158.69.52.131 - - [01/Jul/2021:05:54:18 -0400] "GET /wp-login.php HTTP/1.1" 200 9233 "-" "Mozilla/5.0 (X11; Ubuntu; Linux x86_64; rv:62.0) Gecko/20100101 Firefox/62.0"
158.69.52.131 - - [01/Jul/2021:05:54:19 -0400] "POST /wp-login.php HTTP/1.1" 200 9233 "-" "Mozilla/5.0 (X11; Ubuntu; Linux x86_64; rv:62.0) Gecko/20100101 Firefox/62.0"
204.48.19.85 - - [01/Jul/2021:05:54:20 -0400] "POST /wp-cron.php?doing_wp_cron=1625133260.7470169067382812500000 HTTP/1.1" 200 5389 "https://bubandcompany.com/wp-cron.php?doing_wp_cron=1625133260.7470169067382812500000" "WordPress/5.7.2; https://bubandcompany.com"
158.69.52.131 - - [01/Jul/2021:05:54:19 -0400] "POST /xmlrpc.php HTTP/1.1" 200 5093 "-" "Mozilla/5.0 (X11; Ubuntu; Linux x86_64; rv:62.0) Gecko/20100101 Firefox/62.0"
204.48.19.85 - - [01/Jul/2021:05:57:12 -0400] "POST /wp-cron.php?doing_wp_cron=1625133432.5909059047698974609375 HTTP/1.1" 301 661 "http://bubandcompany.com/wp-cron.php?doing_wp_cron=1625133432.5909059047698974609375" "WordPress/5.7.2; https://bubandcompany.com"
58.53.128.148 - - [01/Jul/2021:05:57:11 -0400] "GET / HTTP/1.1" 200 1059 "-" "GRequests/0.10"
93.125.1.35 - - [01/Jul/2021:06:00:02 -0400] "GET /wp-login.php HTTP/1.1" 200 9232 "-" "Mozilla/5.0 (X11; Ubuntu; Linux x86_64; rv:62.0) Gecko/20100101 Firefox/62.0"
93.125.1.35 - - [01/Jul/2021:06:00:04 -0400] "POST /wp-login.php HTTP/1.1" 200 9232 "-" "Mozilla/5.0 (X11; Ubuntu; Linux x86_64; rv:62.0) Gecko/20100101 Firefox/62.0"
204.48.19.85 - - [01/Jul/2021:06:00:06 -0400] "POST /wp-cron.php?doing_wp_cron=1625133606.2597060203552246093750 HTTP/1.1" 200 5389 "https://bubandcompany.com/wp-cron.php?doing_wp_cron=1625133606.2597060203552246093750" "WordPress/5.7.2; https://bubandcompany.com"
93.125.1.35 - - [01/Jul/2021:06:00:05 -0400] "POST /xmlrpc.php HTTP/1.1" 200 5091 "-" "Mozilla/5.0 (X11; Ubuntu; Linux x86_64; rv:62.0) Gecko/20100101 Firefox/62.0"
31.14.161.244 - - [01/Jul/2021:06:04:23 -0400] "GET /wp-login.php HTTP/1.1" 200 9233 "-" "Mozilla/5.0 (X11; Ubuntu; Linux x86_64; rv:62.0) Gecko/20100101 Firefox/62.0"
31.14.161.244 - - [01/Jul/2021:06:04:24 -0400] "POST /wp-login.php HTTP/1.1" 200 9233 "-" "Mozilla/5.0 (X11; Ubuntu; Linux x86_64; rv:62.0) Gecko/20100101 Firefox/62.0"
204.48.19.85 - - [01/Jul/2021:06:04:25 -0400] "POST /wp-cron.php?doing_wp_cron=1625133865.9067740440368652343750 HTTP/1.1" 200 5389 "https://bubandcompany.com/wp-cron.php?doing_wp_cron=1625133865.9067740440368652343750" "WordPress/5.7.2; https://bubandcompany.com"
31.14.161.244 - - [01/Jul/2021:06:04:25 -0400] "POST /xmlrpc.php HTTP/1.1" 200 5092 "-" "Mozilla/5.0 (X11; Ubuntu; Linux x86_64; rv:62.0) Gecko/20100101 Firefox/62.0"
159.89.32.217 - - [01/Jul/2021:06:14:22 -0400] "GET /wp-login.php HTTP/1.1" 200 9234 "-" "Mozilla/5.0 (X11; Ubuntu; Linux x86_64; rv:62.0) Gecko/20100101 Firefox/62.0"
159.89.32.217 - - [01/Jul/2021:06:14:23 -0400] "POST /wp-login.php HTTP/1.1" 200 9234 "-" "Mozilla/5.0 (X11; Ubuntu; Linux x86_64; rv:62.0) Gecko/20100101 Firefox/62.0"
204.48.19.85 - - [01/Jul/2021:06:14:24 -0400] "POST /wp-cron.php?doing_wp_cron=1625134464.8003129959106445312500 HTTP/1.1" 200 5389 "https://bubandcompany.com/wp-cron.php?doing_wp_cron=1625134464.8003129959106445312500" "WordPress/5.7.2; https://bubandcompany.com"
159.89.32.217 - - [01/Jul/2021:06:14:24 -0400] "POST /xmlrpc.php HTTP/1.1" 200 5093 "-" "Mozilla/5.0 (X11; Ubuntu; Linux x86_64; rv:62.0) Gecko/20100101 Firefox/62.0"
144.217.96.196 - - [01/Jul/2021:06:22:11 -0400] "GET /wp-login.php HTTP/1.1" 200 9235 "-" "Mozilla/5.0 (X11; Ubuntu; Linux x86_64; rv:62.0) Gecko/20100101 Firefox/62.0"
144.217.96.196 - - [01/Jul/2021:06:22:11 -0400] "POST /wp-login.php HTTP/1.1" 200 9235 "-" "Mozilla/5.0 (X11; Ubuntu; Linux x86_64; rv:62.0) Gecko/20100101 Firefox/62.0"
204.48.19.85 - - [01/Jul/2021:06:22:13 -0400] "POST /wp-cron.php?doing_wp_cron=1625134933.2821218967437744140625 HTTP/1.1" 200 5389 "https://bubandcompany.com/wp-cron.php?doing_wp_cron=1625134933.2821218967437744140625" "WordPress/5.7.2; https://bubandcompany.com"
144.217.96.196 - - [01/Jul/2021:06:22:12 -0400] "POST /xmlrpc.php HTTP/1.1" 200 5094 "-" "Mozilla/5.0 (X11; Ubuntu; Linux x86_64; rv:62.0) Gecko/20100101 Firefox/62.0"
148.251.15.243 - - [01/Jul/2021:06:29:03 -0400] "GET /wp-login.php HTTP/1.1" 200 9234 "-" "Mozilla/5.0 (X11; Ubuntu; Linux x86_64; rv:62.0) Gecko/20100101 Firefox/62.0"
148.251.15.243 - - [01/Jul/2021:06:29:04 -0400] "POST /wp-login.php HTTP/1.1" 200 9234 "-" "Mozilla/5.0 (X11; Ubuntu; Linux x86_64; rv:62.0) Gecko/20100101 Firefox/62.0"
204.48.19.85 - - [01/Jul/2021:06:29:05 -0400] "POST /wp-cron.php?doing_wp_cron=1625135345.8275001049041748046875 HTTP/1.1" 200 5389 "https://bubandcompany.com/wp-cron.php?doing_wp_cron=1625135345.8275001049041748046875" "WordPress/5.7.2; https://bubandcompany.com"
148.251.15.243 - - [01/Jul/2021:06:29:05 -0400] "POST /xmlrpc.php HTTP/1.1" 200 5093 "-" "Mozilla/5.0 (X11; Ubuntu; Linux x86_64; rv:62.0) Gecko/20100101 Firefox/62.0"
42.194.138.20 - - [01/Jul/2021:06:33:24 -0400] "GET /wp-login.php HTTP/1.1" 200 9232 "-" "Mozilla/5.0 (X11; Ubuntu; Linux x86_64; rv:62.0) Gecko/20100101 Firefox/62.0"
42.194.138.20 - - [01/Jul/2021:06:33:25 -0400] "POST /wp-login.php HTTP/1.1" 200 9232 "-" "Mozilla/5.0 (X11; Ubuntu; Linux x86_64; rv:62.0) Gecko/20100101 Firefox/62.0"
204.48.19.85 - - [01/Jul/2021:06:33:27 -0400] "POST /wp-cron.php?doing_wp_cron=1625135607.8592109680175781250000 HTTP/1.1" 200 5389 "https://bubandcompany.com/wp-cron.php?doing_wp_cron=1625135607.8592109680175781250000" "WordPress/5.7.2; https://bubandcompany.com"
42.194.138.20 - - [01/Jul/2021:06:33:27 -0400] "POST /xmlrpc.php HTTP/1.1" 200 5093 "-" "Mozilla/5.0 (X11; Ubuntu; Linux x86_64; rv:62.0) Gecko/20100101 Firefox/62.0"
148.72.232.66 - - [01/Jul/2021:06:37:08 -0400] "GET /wp-login.php HTTP/1.1" 200 9233 "-" "Mozilla/5.0 (X11; Ubuntu; Linux x86_64; rv:62.0) Gecko/20100101 Firefox/62.0"
148.72.232.66 - - [01/Jul/2021:06:37:09 -0400] "POST /wp-login.php HTTP/1.1" 200 9233 "-" "Mozilla/5.0 (X11; Ubuntu; Linux x86_64; rv:62.0) Gecko/20100101 Firefox/62.0"
204.48.19.85 - - [01/Jul/2021:06:37:11 -0400] "POST /wp-cron.php?doing_wp_cron=1625135831.2825601100921630859375 HTTP/1.1" 200 5389 "https://bubandcompany.com/wp-cron.php?doing_wp_cron=1625135831.2825601100921630859375" "WordPress/5.7.2; https://bubandcompany.com"
148.72.232.66 - - [01/Jul/2021:06:37:10 -0400] "POST /xmlrpc.php HTTP/1.1" 200 5093 "-" "Mozilla/5.0 (X11; Ubuntu; Linux x86_64; rv:62.0) Gecko/20100101 Firefox/62.0"
103.74.54.192 - - [01/Jul/2021:06:42:39 -0400] "GET /wp-login.php HTTP/1.1" 200 9233 "-" "Mozilla/5.0 (X11; Ubuntu; Linux x86_64; rv:62.0) Gecko/20100101 Firefox/62.0"
103.74.54.192 - - [01/Jul/2021:06:42:40 -0400] "POST /wp-login.php HTTP/1.1" 200 9233 "-" "Mozilla/5.0 (X11; Ubuntu; Linux x86_64; rv:62.0) Gecko/20100101 Firefox/62.0"
204.48.19.85 - - [01/Jul/2021:06:42:43 -0400] "POST /wp-cron.php?doing_wp_cron=1625136163.0631330013275146484375 HTTP/1.1" 200 5389 "https://bubandcompany.com/wp-cron.php?doing_wp_cron=1625136163.0631330013275146484375" "WordPress/5.7.2; https://bubandcompany.com"
103.74.54.192 - - [01/Jul/2021:06:42:42 -0400] "POST /xmlrpc.php HTTP/1.1" 200 5093 "-" "Mozilla/5.0 (X11; Ubuntu; Linux x86_64; rv:62.0) Gecko/20100101 Firefox/62.0"
130.149.80.199 - - [01/Jul/2021:06:43:25 -0400] "POST /xmlrpc.php HTTP/1.0" 301 600 "-" "Mozilla/5.0 (Macintosh; Intel Mac OS X 10_15_6) AppleWebKit/605.1.15 (KHTML, like Gecko) Version/14.0.3 Safari/605.1.15"
204.48.19.85 - - [01/Jul/2021:06:43:27 -0400] "POST /wp-cron.php?doing_wp_cron=1625136207.9335470199584960937500 HTTP/1.1" 200 5389 "https://bubandcompany.com/wp-cron.php?doing_wp_cron=1625136207.9335470199584960937500" "WordPress/5.7.2; https://bubandcompany.com"
130.149.80.199 - - [01/Jul/2021:06:43:27 -0400] "POST /xmlrpc.php HTTP/1.0" 200 5505 "-" "Mozilla/5.0 (Macintosh; Intel Mac OS X 10_15_6) AppleWebKit/605.1.15 (KHTML, like Gecko) Version/14.0.3 Safari/605.1.15"
51.79.82.137 - - [01/Jul/2021:06:55:51 -0400] "GET /wp-login.php HTTP/1.1" 200 9233 "-" "Mozilla/5.0 (X11; Ubuntu; Linux x86_64; rv:62.0) Gecko/20100101 Firefox/62.0"
51.79.82.137 - - [01/Jul/2021:06:55:52 -0400] "POST /wp-login.php HTTP/1.1" 200 9233 "-" "Mozilla/5.0 (X11; Ubuntu; Linux x86_64; rv:62.0) Gecko/20100101 Firefox/62.0"
204.48.19.85 - - [01/Jul/2021:06:55:53 -0400] "POST /wp-cron.php?doing_wp_cron=1625136953.5590798854827880859375 HTTP/1.1" 200 5389 "https://bubandcompany.com/wp-cron.php?doing_wp_cron=1625136953.5590798854827880859375" "WordPress/5.7.2; https://bubandcompany.com"
51.79.82.137 - - [01/Jul/2021:06:55:52 -0400] "POST /xmlrpc.php HTTP/1.1" 200 5092 "-" "Mozilla/5.0 (X11; Ubuntu; Linux x86_64; rv:62.0) Gecko/20100101 Firefox/62.0"
165.227.129.197 - - [01/Jul/2021:07:00:05 -0400] "GET /wp-login.php HTTP/1.1" 200 9235 "-" "Mozilla/5.0 (X11; Ubuntu; Linux x86_64; rv:62.0) Gecko/20100101 Firefox/62.0"
165.227.129.197 - - [01/Jul/2021:07:00:06 -0400] "POST /wp-login.php HTTP/1.1" 200 9235 "-" "Mozilla/5.0 (X11; Ubuntu; Linux x86_64; rv:62.0) Gecko/20100101 Firefox/62.0"
204.48.19.85 - - [01/Jul/2021:07:00:08 -0400] "POST /wp-cron.php?doing_wp_cron=1625137208.4730861186981201171875 HTTP/1.1" 200 5389 "https://bubandcompany.com/wp-cron.php?doing_wp_cron=1625137208.4730861186981201171875" "WordPress/5.7.2; https://bubandcompany.com"
165.227.129.197 - - [01/Jul/2021:07:00:07 -0400] "POST /xmlrpc.php HTTP/1.1" 200 5095 "-" "Mozilla/5.0 (X11; Ubuntu; Linux x86_64; rv:62.0) Gecko/20100101 Firefox/62.0"
47.92.207.19 - - [01/Jul/2021:07:03:17 -0400] "GET /wp-login.php HTTP/1.1" 200 9233 "-" "Mozilla/5.0 (X11; Ubuntu; Linux x86_64; rv:62.0) Gecko/20100101 Firefox/62.0"
47.92.207.19 - - [01/Jul/2021:07:03:19 -0400] "POST /wp-login.php HTTP/1.1" 200 9233 "-" "Mozilla/5.0 (X11; Ubuntu; Linux x86_64; rv:62.0) Gecko/20100101 Firefox/62.0"
204.48.19.85 - - [01/Jul/2021:07:03:22 -0400] "POST /wp-cron.php?doing_wp_cron=1625137402.7169630527496337890625 HTTP/1.1" 200 5389 "https://bubandcompany.com/wp-cron.php?doing_wp_cron=1625137402.7169630527496337890625" "WordPress/5.7.2; https://bubandcompany.com"
47.92.207.19 - - [01/Jul/2021:07:03:22 -0400] "POST /xmlrpc.php HTTP/1.1" 200 5092 "-" "Mozilla/5.0 (X11; Ubuntu; Linux x86_64; rv:62.0) Gecko/20100101 Firefox/62.0"
207.38.86.252 - - [01/Jul/2021:07:10:14 -0400] "GET /wp-login.php HTTP/1.1" 200 9233 "-" "Mozilla/5.0 (X11; Ubuntu; Linux x86_64; rv:62.0) Gecko/20100101 Firefox/62.0"
207.38.86.252 - - [01/Jul/2021:07:10:14 -0400] "POST /wp-login.php HTTP/1.1" 200 9233 "-" "Mozilla/5.0 (X11; Ubuntu; Linux x86_64; rv:62.0) Gecko/20100101 Firefox/62.0"
204.48.19.85 - - [01/Jul/2021:07:10:16 -0400] "POST /wp-cron.php?doing_wp_cron=1625137816.3311479091644287109375 HTTP/1.1" 200 5389 "https://bubandcompany.com/wp-cron.php?doing_wp_cron=1625137816.3311479091644287109375" "WordPress/5.7.2; https://bubandcompany.com"
207.38.86.252 - - [01/Jul/2021:07:10:15 -0400] "POST /xmlrpc.php HTTP/1.1" 200 5093 "-" "Mozilla/5.0 (X11; Ubuntu; Linux x86_64; rv:62.0) Gecko/20100101 Firefox/62.0"
46.101.192.244 - - [01/Jul/2021:07:13:25 -0400] "POST /wp-login.php HTTP/1.1" 200 9234 "-" "Mozilla/5.0 (X11; Ubuntu; Linux x86_64; rv:62.0) Gecko/20100101 Firefox/62.0"
204.48.19.85 - - [01/Jul/2021:07:13:36 -0400] "POST /wp-cron.php?doing_wp_cron=1625138016.9456729888916015625000 HTTP/1.1" 200 5389 "https://bubandcompany.com/wp-cron.php?doing_wp_cron=1625138016.9456729888916015625000" "WordPress/5.7.2; https://bubandcompany.com"
46.101.192.244 - - [01/Jul/2021:07:13:36 -0400] "POST /xmlrpc.php HTTP/1.1" 200 5093 "-" "Mozilla/5.0 (X11; Ubuntu; Linux x86_64; rv:62.0) Gecko/20100101 Firefox/62.0"
108.170.26.130 - - [01/Jul/2021:07:24:15 -0400] "GET /wp-login.php HTTP/1.1" 200 9234 "-" "Mozilla/5.0 (X11; Ubuntu; Linux x86_64; rv:62.0) Gecko/20100101 Firefox/62.0"
108.170.26.130 - - [01/Jul/2021:07:24:16 -0400] "POST /wp-login.php HTTP/1.1" 200 9234 "-" "Mozilla/5.0 (X11; Ubuntu; Linux x86_64; rv:62.0) Gecko/20100101 Firefox/62.0"
204.48.19.85 - - [01/Jul/2021:07:24:18 -0400] "POST /wp-cron.php?doing_wp_cron=1625138658.0889480113983154296875 HTTP/1.1" 200 5389 "https://bubandcompany.com/wp-cron.php?doing_wp_cron=1625138658.0889480113983154296875" "WordPress/5.7.2; https://bubandcompany.com"
108.170.26.130 - - [01/Jul/2021:07:24:17 -0400] "POST /xmlrpc.php HTTP/1.1" 200 5093 "-" "Mozilla/5.0 (X11; Ubuntu; Linux x86_64; rv:62.0) Gecko/20100101 Firefox/62.0"
18.168.148.38 - - [01/Jul/2021:07:28:11 -0400] "GET /wp-login.php HTTP/1.1" 200 9232 "-" "Mozilla/5.0 (X11; Ubuntu; Linux x86_64; rv:62.0) Gecko/20100101 Firefox/62.0"
18.168.148.38 - - [01/Jul/2021:07:28:11 -0400] "POST /wp-login.php HTTP/1.1" 200 9232 "-" "Mozilla/5.0 (X11; Ubuntu; Linux x86_64; rv:62.0) Gecko/20100101 Firefox/62.0"
204.48.19.85 - - [01/Jul/2021:07:28:13 -0400] "POST /wp-cron.php?doing_wp_cron=1625138893.1896278858184814453125 HTTP/1.1" 200 5389 "https://bubandcompany.com/wp-cron.php?doing_wp_cron=1625138893.1896278858184814453125" "WordPress/5.7.2; https://bubandcompany.com"
18.168.148.38 - - [01/Jul/2021:07:28:12 -0400] "POST /xmlrpc.php HTTP/1.1" 200 5092 "-" "Mozilla/5.0 (X11; Ubuntu; Linux x86_64; rv:62.0) Gecko/20100101 Firefox/62.0"
107.22.159.168 - - [01/Jul/2021:07:32:17 -0400] "GET /wp-login.php HTTP/1.1" 200 9235 "-" "Mozilla/5.0 (X11; Ubuntu; Linux x86_64; rv:62.0) Gecko/20100101 Firefox/62.0"
107.22.159.168 - - [01/Jul/2021:07:32:17 -0400] "POST /wp-login.php HTTP/1.1" 200 9235 "-" "Mozilla/5.0 (X11; Ubuntu; Linux x86_64; rv:62.0) Gecko/20100101 Firefox/62.0"
204.48.19.85 - - [01/Jul/2021:07:32:18 -0400] "POST /wp-cron.php?doing_wp_cron=1625139138.8872659206390380859375 HTTP/1.1" 200 5389 "https://bubandcompany.com/wp-cron.php?doing_wp_cron=1625139138.8872659206390380859375" "WordPress/5.7.2; https://bubandcompany.com"
107.22.159.168 - - [01/Jul/2021:07:32:18 -0400] "POST /xmlrpc.php HTTP/1.1" 200 5094 "-" "Mozilla/5.0 (X11; Ubuntu; Linux x86_64; rv:62.0) Gecko/20100101 Firefox/62.0"
161.35.74.104 - - [01/Jul/2021:07:38:18 -0400] "GET /wp-login.php HTTP/1.1" 200 9233 "-" "Mozilla/5.0 (X11; Ubuntu; Linux x86_64; rv:62.0) Gecko/20100101 Firefox/62.0"
161.35.74.104 - - [01/Jul/2021:07:38:19 -0400] "POST /wp-login.php HTTP/1.1" 200 9233 "-" "Mozilla/5.0 (X11; Ubuntu; Linux x86_64; rv:62.0) Gecko/20100101 Firefox/62.0"
161.35.74.104 - - [01/Jul/2021:07:38:20 -0400] "POST /xmlrpc.php HTTP/1.1" 200 5092 "-" "Mozilla/5.0 (X11; Ubuntu; Linux x86_64; rv:62.0) Gecko/20100101 Firefox/62.0"
204.48.19.85 - - [01/Jul/2021:07:38:20 -0400] "POST /wp-cron.php?doing_wp_cron=1625139500.7699999809265136718750 HTTP/1.1" 200 5389 "https://bubandcompany.com/wp-cron.php?doing_wp_cron=1625139500.7699999809265136718750" "WordPress/5.7.2; https://bubandcompany.com"
204.48.19.85 - - [01/Jul/2021:07:38:25 -0400] "POST /wp-admin/admin-ajax.php?action=wp_1_wc_privacy_cleanup&nonce=9e23b5e382 HTTP/1.1" 200 5617 "https://bubandcompany.com/wp-admin/admin-ajax.php?action=wp_1_wc_privacy_cleanup&nonce=9e23b5e382" "WordPress/5.7.2; https://bubandcompany.com"
204.48.19.85 - - [01/Jul/2021:07:38:26 -0400] "POST /wp-cron.php?doing_wp_cron=1625139506.8981509208679199218750 HTTP/1.1" 200 5389 "https://bubandcompany.com/wp-cron.php?doing_wp_cron=1625139506.8981509208679199218750" "WordPress/5.7.2; https://bubandcompany.com"
204.48.19.85 - - [01/Jul/2021:07:38:25 -0400] "POST /wp-admin/admin-ajax.php?action=as_async_request_queue_runner&nonce=1e12e9fea1 HTTP/1.1" 200 5617 "https://bubandcompany.com/wp-admin/admin-ajax.php?action=as_async_request_queue_runner&nonce=1e12e9fea1" "WordPress/5.7.2; https://bubandcompany.com"
204.48.19.85 - - [01/Jul/2021:07:38:26 -0400] "POST /wp-admin/admin-ajax.php?action=as_async_request_queue_runner&nonce=1e12e9fea1 HTTP/1.1" 200 5617 "https://bubandcompany.com/wp-admin/admin-ajax.php?action=as_async_request_queue_runner&nonce=1e12e9fea1" "WordPress/5.7.2; https://bubandcompany.com"
88.99.218.140 - - [01/Jul/2021:07:42:33 -0400] "GET /wp-login.php HTTP/1.1" 200 9234 "-" "Mozilla/5.0 (X11; Ubuntu; Linux x86_64; rv:62.0) Gecko/20100101 Firefox/62.0"
88.99.218.140 - - [01/Jul/2021:07:42:34 -0400] "POST /wp-login.php HTTP/1.1" 200 9234 "-" "Mozilla/5.0 (X11; Ubuntu; Linux x86_64; rv:62.0) Gecko/20100101 Firefox/62.0"
204.48.19.85 - - [01/Jul/2021:07:42:35 -0400] "POST /wp-cron.php?doing_wp_cron=1625139755.6172590255737304687500 HTTP/1.1" 200 5389 "https://bubandcompany.com/wp-cron.php?doing_wp_cron=1625139755.6172590255737304687500" "WordPress/5.7.2; https://bubandcompany.com"
88.99.218.140 - - [01/Jul/2021:07:42:35 -0400] "POST /xmlrpc.php HTTP/1.1" 200 5092 "-" "Mozilla/5.0 (X11; Ubuntu; Linux x86_64; rv:62.0) Gecko/20100101 Firefox/62.0"
159.89.32.217 - - [01/Jul/2021:07:47:04 -0400] "GET /wp-login.php HTTP/1.1" 200 9234 "-" "Mozilla/5.0 (X11; Ubuntu; Linux x86_64; rv:62.0) Gecko/20100101 Firefox/62.0"
159.89.32.217 - - [01/Jul/2021:07:47:04 -0400] "POST /wp-login.php HTTP/1.1" 200 9234 "-" "Mozilla/5.0 (X11; Ubuntu; Linux x86_64; rv:62.0) Gecko/20100101 Firefox/62.0"
204.48.19.85 - - [01/Jul/2021:07:47:05 -0400] "POST /wp-cron.php?doing_wp_cron=1625140025.1563000679016113281250 HTTP/1.1" 200 5389 "https://bubandcompany.com/wp-cron.php?doing_wp_cron=1625140025.1563000679016113281250" "WordPress/5.7.2; https://bubandcompany.com"
159.89.32.217 - - [01/Jul/2021:07:47:04 -0400] "POST /xmlrpc.php HTTP/1.1" 200 5093 "-" "Mozilla/5.0 (X11; Ubuntu; Linux x86_64; rv:62.0) Gecko/20100101 Firefox/62.0"
51.81.244.174 - - [01/Jul/2021:07:57:16 -0400] "GET /wp-login.php HTTP/1.1" 200 9233 "-" "Mozilla/5.0 (X11; Ubuntu; Linux x86_64; rv:62.0) Gecko/20100101 Firefox/62.0"
51.81.244.174 - - [01/Jul/2021:07:57:17 -0400] "POST /wp-login.php HTTP/1.1" 200 9233 "-" "Mozilla/5.0 (X11; Ubuntu; Linux x86_64; rv:62.0) Gecko/20100101 Firefox/62.0"
204.48.19.85 - - [01/Jul/2021:07:57:18 -0400] "POST /wp-cron.php?doing_wp_cron=1625140638.1495089530944824218750 HTTP/1.1" 200 5389 "https://bubandcompany.com/wp-cron.php?doing_wp_cron=1625140638.1495089530944824218750" "WordPress/5.7.2; https://bubandcompany.com"
51.81.244.174 - - [01/Jul/2021:07:57:17 -0400] "POST /xmlrpc.php HTTP/1.1" 200 5092 "-" "Mozilla/5.0 (X11; Ubuntu; Linux x86_64; rv:62.0) Gecko/20100101 Firefox/62.0"
103.130.216.234 - - [01/Jul/2021:08:07:18 -0400] "GET /wp-login.php HTTP/1.1" 200 9236 "-" "Mozilla/5.0 (X11; Ubuntu; Linux x86_64; rv:62.0) Gecko/20100101 Firefox/62.0"
103.130.216.234 - - [01/Jul/2021:08:07:20 -0400] "POST /wp-login.php HTTP/1.1" 200 9236 "-" "Mozilla/5.0 (X11; Ubuntu; Linux x86_64; rv:62.0) Gecko/20100101 Firefox/62.0"
204.48.19.85 - - [01/Jul/2021:08:07:22 -0400] "POST /wp-cron.php?doing_wp_cron=1625141242.0538508892059326171875 HTTP/1.1" 200 5389 "https://bubandcompany.com/wp-cron.php?doing_wp_cron=1625141242.0538508892059326171875" "WordPress/5.7.2; https://bubandcompany.com"
103.130.216.234 - - [01/Jul/2021:08:07:21 -0400] "POST /xmlrpc.php HTTP/1.1" 200 5094 "-" "Mozilla/5.0 (X11; Ubuntu; Linux x86_64; rv:62.0) Gecko/20100101 Firefox/62.0"
159.89.32.217 - - [01/Jul/2021:08:11:59 -0400] "GET /wp-login.php HTTP/1.1" 200 9235 "-" "Mozilla/5.0 (X11; Ubuntu; Linux x86_64; rv:62.0) Gecko/20100101 Firefox/62.0"
159.89.32.217 - - [01/Jul/2021:08:11:59 -0400] "POST /wp-login.php HTTP/1.1" 200 9235 "-" "Mozilla/5.0 (X11; Ubuntu; Linux x86_64; rv:62.0) Gecko/20100101 Firefox/62.0"
204.48.19.85 - - [01/Jul/2021:08:12:00 -0400] "POST /wp-cron.php?doing_wp_cron=1625141520.1310720443725585937500 HTTP/1.1" 200 5389 "https://bubandcompany.com/wp-cron.php?doing_wp_cron=1625141520.1310720443725585937500" "WordPress/5.7.2; https://bubandcompany.com"
159.89.32.217 - - [01/Jul/2021:08:11:59 -0400] "POST /xmlrpc.php HTTP/1.1" 200 5093 "-" "Mozilla/5.0 (X11; Ubuntu; Linux x86_64; rv:62.0) Gecko/20100101 Firefox/62.0"
68.183.39.71 - - [01/Jul/2021:08:17:06 -0400] "GET /wp-login.php HTTP/1.1" 200 9234 "-" "Mozilla/5.0 (X11; Ubuntu; Linux x86_64; rv:62.0) Gecko/20100101 Firefox/62.0"
68.183.39.71 - - [01/Jul/2021:08:17:11 -0400] "POST /wp-login.php HTTP/1.1" 200 9234 "-" "Mozilla/5.0 (X11; Ubuntu; Linux x86_64; rv:62.0) Gecko/20100101 Firefox/62.0"
204.48.19.85 - - [01/Jul/2021:08:17:12 -0400] "POST /wp-cron.php?doing_wp_cron=1625141832.5979750156402587890625 HTTP/1.1" 200 5389 "https://bubandcompany.com/wp-cron.php?doing_wp_cron=1625141832.5979750156402587890625" "WordPress/5.7.2; https://bubandcompany.com"
68.183.39.71 - - [01/Jul/2021:08:17:12 -0400] "POST /xmlrpc.php HTTP/1.1" 200 5092 "-" "Mozilla/5.0 (X11; Ubuntu; Linux x86_64; rv:62.0) Gecko/20100101 Firefox/62.0"
82.223.196.64 - - [01/Jul/2021:08:22:04 -0400] "GET /wp-login.php HTTP/1.1" 200 9234 "-" "Mozilla/5.0 (X11; Ubuntu; Linux x86_64; rv:62.0) Gecko/20100101 Firefox/62.0"
82.223.196.64 - - [01/Jul/2021:08:22:05 -0400] "POST /wp-login.php HTTP/1.1" 200 9234 "-" "Mozilla/5.0 (X11; Ubuntu; Linux x86_64; rv:62.0) Gecko/20100101 Firefox/62.0"
204.48.19.85 - - [01/Jul/2021:08:22:06 -0400] "POST /wp-cron.php?doing_wp_cron=1625142126.5095829963684082031250 HTTP/1.1" 200 5389 "https://bubandcompany.com/wp-cron.php?doing_wp_cron=1625142126.5095829963684082031250" "WordPress/5.7.2; https://bubandcompany.com"
82.223.196.64 - - [01/Jul/2021:08:22:05 -0400] "POST /xmlrpc.php HTTP/1.1" 200 5093 "-" "Mozilla/5.0 (X11; Ubuntu; Linux x86_64; rv:62.0) Gecko/20100101 Firefox/62.0"
204.48.19.85 - - [01/Jul/2021:08:25:06 -0400] "POST /wp-cron.php?doing_wp_cron=1625142306.2345020771026611328125 HTTP/1.1" 200 5389 "https://bubandcompany.com/wp-cron.php?doing_wp_cron=1625142306.2345020771026611328125" "WordPress/5.7.2; https://bubandcompany.com"
150.95.109.172 - - [01/Jul/2021:08:25:05 -0400] "POST /xmlrpc.php HTTP/1.1" 200 5094 "-" "Mozilla/5.0 (X11; Ubuntu; Linux x86_64; rv:62.0) Gecko/20100101 Firefox/62.0"
66.249.66.158 - - [01/Jul/2021:08:30:44 -0400] "GET /wp-content/plugins/under-construction-page/themes/css/font-awesome.min.css?v=3.88 HTTP/1.1" 200 12643 "https://bubandcompany.com/index.php/product-category/bub-club/?product_order=asc&product_count=36&product_view=list" "Mozilla/5.0 (Linux; Android 6.0.1; Nexus 5X Build/MMB29P) AppleWebKit/537.36 (KHTML, like Gecko) Chrome/91.0.4472.90 Mobile Safari/537.36 (compatible; Googlebot/2.1; +http://www.google.com/bot.html)"
66.249.66.158 - - [01/Jul/2021:08:30:45 -0400] "GET /wp-content/plugins/under-construction-page/themes/css/common.css?v=3.88 HTTP/1.1" 200 805 "https://bubandcompany.com/index.php/product-category/bub-club/?product_order=asc&product_count=36&product_view=list" "Mozilla/5.0 (Linux; Android 6.0.1; Nexus 5X Build/MMB29P) AppleWebKit/537.36 (KHTML, like Gecko) Chrome/91.0.4472.90 Mobile Safari/537.36 (compatible; Googlebot/2.1; +http://www.google.com/bot.html)"
35.245.223.114 - - [01/Jul/2021:08:31:32 -0400] "GET /wp-login.php HTTP/1.1" 200 9234 "-" "Mozilla/5.0 (X11; Ubuntu; Linux x86_64; rv:62.0) Gecko/20100101 Firefox/62.0"
35.245.223.114 - - [01/Jul/2021:08:31:32 -0400] "POST /wp-login.php HTTP/1.1" 200 9234 "-" "Mozilla/5.0 (X11; Ubuntu; Linux x86_64; rv:62.0) Gecko/20100101 Firefox/62.0"
204.48.19.85 - - [01/Jul/2021:08:31:33 -0400] "POST /wp-cron.php?doing_wp_cron=1625142693.6137580871582031250000 HTTP/1.1" 200 5389 "https://bubandcompany.com/wp-cron.php?doing_wp_cron=1625142693.6137580871582031250000" "WordPress/5.7.2; https://bubandcompany.com"
35.245.223.114 - - [01/Jul/2021:08:31:33 -0400] "POST /xmlrpc.php HTTP/1.1" 200 5093 "-" "Mozilla/5.0 (X11; Ubuntu; Linux x86_64; rv:62.0) Gecko/20100101 Firefox/62.0"
27.254.148.246 - - [01/Jul/2021:08:37:09 -0400] "GET /wp-login.php HTTP/1.1" 200 9235 "-" "Mozilla/5.0 (X11; Ubuntu; Linux x86_64; rv:62.0) Gecko/20100101 Firefox/62.0"
27.254.148.246 - - [01/Jul/2021:08:37:10 -0400] "POST /wp-login.php HTTP/1.1" 200 9235 "-" "Mozilla/5.0 (X11; Ubuntu; Linux x86_64; rv:62.0) Gecko/20100101 Firefox/62.0"
204.48.19.85 - - [01/Jul/2021:08:37:12 -0400] "POST /wp-cron.php?doing_wp_cron=1625143032.2831170558929443359375 HTTP/1.1" 200 5389 "https://bubandcompany.com/wp-cron.php?doing_wp_cron=1625143032.2831170558929443359375" "WordPress/5.7.2; https://bubandcompany.com"
27.254.148.246 - - [01/Jul/2021:08:37:11 -0400] "POST /xmlrpc.php HTTP/1.1" 200 5093 "-" "Mozilla/5.0 (X11; Ubuntu; Linux x86_64; rv:62.0) Gecko/20100101 Firefox/62.0"
198.23.60.45 - - [01/Jul/2021:08:41:48 -0400] "GET /wp-login.php HTTP/1.1" 200 9234 "-" "Mozilla/5.0 (X11; Ubuntu; Linux x86_64; rv:62.0) Gecko/20100101 Firefox/62.0"
198.23.60.45 - - [01/Jul/2021:08:41:49 -0400] "POST /wp-login.php HTTP/1.1" 200 9234 "-" "Mozilla/5.0 (X11; Ubuntu; Linux x86_64; rv:62.0) Gecko/20100101 Firefox/62.0"
204.48.19.85 - - [01/Jul/2021:08:41:50 -0400] "POST /wp-cron.php?doing_wp_cron=1625143310.2428829669952392578125 HTTP/1.1" 200 5389 "https://bubandcompany.com/wp-cron.php?doing_wp_cron=1625143310.2428829669952392578125" "WordPress/5.7.2; https://bubandcompany.com"
198.23.60.45 - - [01/Jul/2021:08:41:49 -0400] "POST /xmlrpc.php HTTP/1.1" 200 5092 "-" "Mozilla/5.0 (X11; Ubuntu; Linux x86_64; rv:62.0) Gecko/20100101 Firefox/62.0"
194.146.41.100 - - [01/Jul/2021:08:46:14 -0400] "GET /wp-login.php HTTP/1.1" 200 9234 "-" "Mozilla/5.0 (X11; Ubuntu; Linux x86_64; rv:62.0) Gecko/20100101 Firefox/62.0"
194.146.41.100 - - [01/Jul/2021:08:46:15 -0400] "POST /wp-login.php HTTP/1.1" 200 9234 "-" "Mozilla/5.0 (X11; Ubuntu; Linux x86_64; rv:62.0) Gecko/20100101 Firefox/62.0"
