62.210.180.176 - - [05/Jul/2021:17:27:50 -0400] "POST //xmlrpc.php HTTP/1.1" 200 6308 "-" "Mozilla/5.0 (Windows NT 10.0; Win64; x64) AppleWebKit/537.36 (KHTML, like Gecko) Chrome/89.0.4389.114 Safari/537.36"
62.210.180.176 - - [05/Jul/2021:17:27:51 -0400] "POST //xmlrpc.php HTTP/1.1" 200 6308 "-" "Mozilla/5.0 (Windows NT 10.0; Win64; x64) AppleWebKit/537.36 (KHTML, like Gecko) Chrome/89.0.4389.114 Safari/537.36"
62.210.180.176 - - [05/Jul/2021:17:27:52 -0400] "POST //xmlrpc.php HTTP/1.1" 200 6308 "-" "Mozilla/5.0 (Windows NT 10.0; Win64; x64) AppleWebKit/537.36 (KHTML, like Gecko) Chrome/89.0.4389.114 Safari/537.36"
62.210.180.176 - - [05/Jul/2021:17:27:54 -0400] "POST //xmlrpc.php HTTP/1.1" 200 6308 "-" "Mozilla/5.0 (Windows NT 10.0; Win64; x64) AppleWebKit/537.36 (KHTML, like Gecko) Chrome/89.0.4389.114 Safari/537.36"
62.210.180.176 - - [05/Jul/2021:17:27:55 -0400] "POST //xmlrpc.php HTTP/1.1" 200 6308 "-" "Mozilla/5.0 (Windows NT 10.0; Win64; x64) AppleWebKit/537.36 (KHTML, like Gecko) Chrome/89.0.4389.114 Safari/537.36"
62.210.180.176 - - [05/Jul/2021:17:27:56 -0400] "POST //xmlrpc.php HTTP/1.1" 200 6308 "-" "Mozilla/5.0 (Windows NT 10.0; Win64; x64) AppleWebKit/537.36 (KHTML, like Gecko) Chrome/89.0.4389.114 Safari/537.36"
62.210.180.176 - - [05/Jul/2021:17:27:57 -0400] "POST //xmlrpc.php HTTP/1.1" 200 6308 "-" "Mozilla/5.0 (Windows NT 10.0; Win64; x64) AppleWebKit/537.36 (KHTML, like Gecko) Chrome/89.0.4389.114 Safari/537.36"
62.210.180.176 - - [05/Jul/2021:17:27:58 -0400] "POST //xmlrpc.php HTTP/1.1" 200 6308 "-" "Mozilla/5.0 (Windows NT 10.0; Win64; x64) AppleWebKit/537.36 (KHTML, like Gecko) Chrome/89.0.4389.114 Safari/537.36"
62.210.180.176 - - [05/Jul/2021:17:27:59 -0400] "POST //xmlrpc.php HTTP/1.1" 200 6308 "-" "Mozilla/5.0 (Windows NT 10.0; Win64; x64) AppleWebKit/537.36 (KHTML, like Gecko) Chrome/89.0.4389.114 Safari/537.36"
62.210.180.176 - - [05/Jul/2021:17:28:00 -0400] "POST //xmlrpc.php HTTP/1.1" 200 6308 "-" "Mozilla/5.0 (Windows NT 10.0; Win64; x64) AppleWebKit/537.36 (KHTML, like Gecko) Chrome/89.0.4389.114 Safari/537.36"
62.210.180.176 - - [05/Jul/2021:17:28:01 -0400] "POST //xmlrpc.php HTTP/1.1" 200 6308 "-" "Mozilla/5.0 (Windows NT 10.0; Win64; x64) AppleWebKit/537.36 (KHTML, like Gecko) Chrome/89.0.4389.114 Safari/537.36"
62.210.180.176 - - [05/Jul/2021:17:28:03 -0400] "POST //xmlrpc.php HTTP/1.1" 200 6308 "-" "Mozilla/5.0 (Windows NT 10.0; Win64; x64) AppleWebKit/537.36 (KHTML, like Gecko) Chrome/89.0.4389.114 Safari/537.36"
62.210.180.176 - - [05/Jul/2021:17:28:04 -0400] "POST //xmlrpc.php HTTP/1.1" 200 6308 "-" "Mozilla/5.0 (Windows NT 10.0; Win64; x64) AppleWebKit/537.36 (KHTML, like Gecko) Chrome/89.0.4389.114 Safari/537.36"
62.210.180.176 - - [05/Jul/2021:17:28:05 -0400] "POST //xmlrpc.php HTTP/1.1" 200 6308 "-" "Mozilla/5.0 (Windows NT 10.0; Win64; x64) AppleWebKit/537.36 (KHTML, like Gecko) Chrome/89.0.4389.114 Safari/537.36"
62.210.180.176 - - [05/Jul/2021:17:28:06 -0400] "POST //xmlrpc.php HTTP/1.1" 200 6308 "-" "Mozilla/5.0 (Windows NT 10.0; Win64; x64) AppleWebKit/537.36 (KHTML, like Gecko) Chrome/89.0.4389.114 Safari/537.36"
62.210.180.176 - - [05/Jul/2021:17:28:07 -0400] "POST //xmlrpc.php HTTP/1.1" 200 6308 "-" "Mozilla/5.0 (Windows NT 10.0; Win64; x64) AppleWebKit/537.36 (KHTML, like Gecko) Chrome/89.0.4389.114 Safari/537.36"
62.210.180.176 - - [05/Jul/2021:17:28:09 -0400] "POST //xmlrpc.php HTTP/1.1" 200 6308 "-" "Mozilla/5.0 (Windows NT 10.0; Win64; x64) AppleWebKit/537.36 (KHTML, like Gecko) Chrome/89.0.4389.114 Safari/537.36"
62.210.180.176 - - [05/Jul/2021:17:28:10 -0400] "POST //xmlrpc.php HTTP/1.1" 200 6308 "-" "Mozilla/5.0 (Windows NT 10.0; Win64; x64) AppleWebKit/537.36 (KHTML, like Gecko) Chrome/89.0.4389.114 Safari/537.36"
62.210.180.176 - - [05/Jul/2021:17:28:11 -0400] "POST //xmlrpc.php HTTP/1.1" 200 6308 "-" "Mozilla/5.0 (Windows NT 10.0; Win64; x64) AppleWebKit/537.36 (KHTML, like Gecko) Chrome/89.0.4389.114 Safari/537.36"
62.210.180.176 - - [05/Jul/2021:17:28:12 -0400] "POST //xmlrpc.php HTTP/1.1" 200 6308 "-" "Mozilla/5.0 (Windows NT 10.0; Win64; x64) AppleWebKit/537.36 (KHTML, like Gecko) Chrome/89.0.4389.114 Safari/537.36"
62.210.180.176 - - [05/Jul/2021:17:28:13 -0400] "POST //xmlrpc.php HTTP/1.1" 200 6308 "-" "Mozilla/5.0 (Windows NT 10.0; Win64; x64) AppleWebKit/537.36 (KHTML, like Gecko) Chrome/89.0.4389.114 Safari/537.36"
62.210.180.176 - - [05/Jul/2021:17:28:14 -0400] "POST //xmlrpc.php HTTP/1.1" 200 6308 "-" "Mozilla/5.0 (Windows NT 10.0; Win64; x64) AppleWebKit/537.36 (KHTML, like Gecko) Chrome/89.0.4389.114 Safari/537.36"
62.210.180.176 - - [05/Jul/2021:17:28:15 -0400] "POST //xmlrpc.php HTTP/1.1" 200 6308 "-" "Mozilla/5.0 (Windows NT 10.0; Win64; x64) AppleWebKit/537.36 (KHTML, like Gecko) Chrome/89.0.4389.114 Safari/537.36"
62.210.180.176 - - [05/Jul/2021:17:28:16 -0400] "POST //xmlrpc.php HTTP/1.1" 200 6308 "-" "Mozilla/5.0 (Windows NT 10.0; Win64; x64) AppleWebKit/537.36 (KHTML, like Gecko) Chrome/89.0.4389.114 Safari/537.36"
62.210.180.176 - - [05/Jul/2021:17:28:18 -0400] "POST //xmlrpc.php HTTP/1.1" 200 6308 "-" "Mozilla/5.0 (Windows NT 10.0; Win64; x64) AppleWebKit/537.36 (KHTML, like Gecko) Chrome/89.0.4389.114 Safari/537.36"
62.210.180.176 - - [05/Jul/2021:17:28:19 -0400] "POST //xmlrpc.php HTTP/1.1" 200 6308 "-" "Mozilla/5.0 (Windows NT 10.0; Win64; x64) AppleWebKit/537.36 (KHTML, like Gecko) Chrome/89.0.4389.114 Safari/537.36"
62.210.180.176 - - [05/Jul/2021:17:28:20 -0400] "POST //xmlrpc.php HTTP/1.1" 200 6308 "-" "Mozilla/5.0 (Windows NT 10.0; Win64; x64) AppleWebKit/537.36 (KHTML, like Gecko) Chrome/89.0.4389.114 Safari/537.36"
204.48.19.85 - - [05/Jul/2021:17:28:22 -0400] "POST /wp-cron.php?doing_wp_cron=1625520502.1056981086730957031250 HTTP/1.1" 200 6229 "https://bubandcompany.com/wp-cron.php?doing_wp_cron=1625520502.1056981086730957031250" "WordPress/5.7.2; https://bubandcompany.com"
62.210.180.176 - - [05/Jul/2021:17:28:21 -0400] "POST //xmlrpc.php HTTP/1.1" 200 6308 "-" "Mozilla/5.0 (Windows NT 10.0; Win64; x64) AppleWebKit/537.36 (KHTML, like Gecko) Chrome/89.0.4389.114 Safari/537.36"
62.210.180.176 - - [05/Jul/2021:17:28:23 -0400] "POST //xmlrpc.php HTTP/1.1" 200 6308 "-" "Mozilla/5.0 (Windows NT 10.0; Win64; x64) AppleWebKit/537.36 (KHTML, like Gecko) Chrome/89.0.4389.114 Safari/537.36"
62.210.180.176 - - [05/Jul/2021:17:28:24 -0400] "POST //xmlrpc.php HTTP/1.1" 200 6308 "-" "Mozilla/5.0 (Windows NT 10.0; Win64; x64) AppleWebKit/537.36 (KHTML, like Gecko) Chrome/89.0.4389.114 Safari/537.36"
62.210.180.176 - - [05/Jul/2021:17:28:25 -0400] "POST //xmlrpc.php HTTP/1.1" 200 6308 "-" "Mozilla/5.0 (Windows NT 10.0; Win64; x64) AppleWebKit/537.36 (KHTML, like Gecko) Chrome/89.0.4389.114 Safari/537.36"
62.210.180.176 - - [05/Jul/2021:17:28:26 -0400] "POST //xmlrpc.php HTTP/1.1" 200 6308 "-" "Mozilla/5.0 (Windows NT 10.0; Win64; x64) AppleWebKit/537.36 (KHTML, like Gecko) Chrome/89.0.4389.114 Safari/537.36"
62.210.180.176 - - [05/Jul/2021:17:28:27 -0400] "POST //xmlrpc.php HTTP/1.1" 200 6308 "-" "Mozilla/5.0 (Windows NT 10.0; Win64; x64) AppleWebKit/537.36 (KHTML, like Gecko) Chrome/89.0.4389.114 Safari/537.36"
62.210.180.176 - - [05/Jul/2021:17:28:28 -0400] "POST //xmlrpc.php HTTP/1.1" 200 6308 "-" "Mozilla/5.0 (Windows NT 10.0; Win64; x64) AppleWebKit/537.36 (KHTML, like Gecko) Chrome/89.0.4389.114 Safari/537.36"
62.210.180.176 - - [05/Jul/2021:17:28:29 -0400] "POST //xmlrpc.php HTTP/1.1" 200 6308 "-" "Mozilla/5.0 (Windows NT 10.0; Win64; x64) AppleWebKit/537.36 (KHTML, like Gecko) Chrome/89.0.4389.114 Safari/537.36"
62.210.180.176 - - [05/Jul/2021:17:28:31 -0400] "POST //xmlrpc.php HTTP/1.1" 200 6308 "-" "Mozilla/5.0 (Windows NT 10.0; Win64; x64) AppleWebKit/537.36 (KHTML, like Gecko) Chrome/89.0.4389.114 Safari/537.36"
62.210.180.176 - - [05/Jul/2021:17:28:32 -0400] "POST //xmlrpc.php HTTP/1.1" 200 6308 "-" "Mozilla/5.0 (Windows NT 10.0; Win64; x64) AppleWebKit/537.36 (KHTML, like Gecko) Chrome/89.0.4389.114 Safari/537.36"
62.210.180.176 - - [05/Jul/2021:17:28:33 -0400] "POST //xmlrpc.php HTTP/1.1" 200 6308 "-" "Mozilla/5.0 (Windows NT 10.0; Win64; x64) AppleWebKit/537.36 (KHTML, like Gecko) Chrome/89.0.4389.114 Safari/537.36"
62.210.180.176 - - [05/Jul/2021:17:28:34 -0400] "POST //xmlrpc.php HTTP/1.1" 200 6308 "-" "Mozilla/5.0 (Windows NT 10.0; Win64; x64) AppleWebKit/537.36 (KHTML, like Gecko) Chrome/89.0.4389.114 Safari/537.36"
62.210.180.176 - - [05/Jul/2021:17:28:35 -0400] "POST //xmlrpc.php HTTP/1.1" 200 6308 "-" "Mozilla/5.0 (Windows NT 10.0; Win64; x64) AppleWebKit/537.36 (KHTML, like Gecko) Chrome/89.0.4389.114 Safari/537.36"
62.210.180.176 - - [05/Jul/2021:17:28:36 -0400] "POST //xmlrpc.php HTTP/1.1" 200 6308 "-" "Mozilla/5.0 (Windows NT 10.0; Win64; x64) AppleWebKit/537.36 (KHTML, like Gecko) Chrome/89.0.4389.114 Safari/537.36"
62.210.180.176 - - [05/Jul/2021:17:28:37 -0400] "POST //xmlrpc.php HTTP/1.1" 200 6308 "-" "Mozilla/5.0 (Windows NT 10.0; Win64; x64) AppleWebKit/537.36 (KHTML, like Gecko) Chrome/89.0.4389.114 Safari/537.36"
204.48.19.85 - - [05/Jul/2021:17:28:39 -0400] "POST /wp-cron.php?doing_wp_cron=1625520519.4387679100036621093750 HTTP/1.1" 200 6229 "https://bubandcompany.com/wp-cron.php?doing_wp_cron=1625520519.4387679100036621093750" "WordPress/5.7.2; https://bubandcompany.com"
62.210.180.176 - - [05/Jul/2021:17:28:38 -0400] "POST //xmlrpc.php HTTP/1.1" 200 6308 "-" "Mozilla/5.0 (Windows NT 10.0; Win64; x64) AppleWebKit/537.36 (KHTML, like Gecko) Chrome/89.0.4389.114 Safari/537.36"
204.48.19.85 - - [05/Jul/2021:17:28:41 -0400] "POST /wp-cron.php?doing_wp_cron=1625520521.2811789512634277343750 HTTP/1.1" 200 6229 "https://bubandcompany.com/wp-cron.php?doing_wp_cron=1625520521.2811789512634277343750" "WordPress/5.7.2; https://bubandcompany.com"
62.210.180.176 - - [05/Jul/2021:17:28:40 -0400] "POST //xmlrpc.php HTTP/1.1" 200 6308 "-" "Mozilla/5.0 (Windows NT 10.0; Win64; x64) AppleWebKit/537.36 (KHTML, like Gecko) Chrome/89.0.4389.114 Safari/537.36"
62.210.180.176 - - [05/Jul/2021:17:28:42 -0400] "POST //xmlrpc.php HTTP/1.1" 200 6308 "-" "Mozilla/5.0 (Windows NT 10.0; Win64; x64) AppleWebKit/537.36 (KHTML, like Gecko) Chrome/89.0.4389.114 Safari/537.36"
62.210.180.176 - - [05/Jul/2021:17:28:43 -0400] "POST //xmlrpc.php HTTP/1.1" 200 6308 "-" "Mozilla/5.0 (Windows NT 10.0; Win64; x64) AppleWebKit/537.36 (KHTML, like Gecko) Chrome/89.0.4389.114 Safari/537.36"
62.210.180.176 - - [05/Jul/2021:17:28:44 -0400] "POST //xmlrpc.php HTTP/1.1" 200 6308 "-" "Mozilla/5.0 (Windows NT 10.0; Win64; x64) AppleWebKit/537.36 (KHTML, like Gecko) Chrome/89.0.4389.114 Safari/537.36"
62.210.180.176 - - [05/Jul/2021:17:28:45 -0400] "POST //xmlrpc.php HTTP/1.1" 200 6308 "-" "Mozilla/5.0 (Windows NT 10.0; Win64; x64) AppleWebKit/537.36 (KHTML, like Gecko) Chrome/89.0.4389.114 Safari/537.36"
62.210.180.176 - - [05/Jul/2021:17:28:46 -0400] "POST //xmlrpc.php HTTP/1.1" 200 6308 "-" "Mozilla/5.0 (Windows NT 10.0; Win64; x64) AppleWebKit/537.36 (KHTML, like Gecko) Chrome/89.0.4389.114 Safari/537.36"
62.210.180.176 - - [05/Jul/2021:17:28:48 -0400] "POST //xmlrpc.php HTTP/1.1" 200 6308 "-" "Mozilla/5.0 (Windows NT 10.0; Win64; x64) AppleWebKit/537.36 (KHTML, like Gecko) Chrome/89.0.4389.114 Safari/537.36"
62.210.180.176 - - [05/Jul/2021:17:28:49 -0400] "POST //xmlrpc.php HTTP/1.1" 200 6308 "-" "Mozilla/5.0 (Windows NT 10.0; Win64; x64) AppleWebKit/537.36 (KHTML, like Gecko) Chrome/89.0.4389.114 Safari/537.36"
62.210.180.176 - - [05/Jul/2021:17:28:50 -0400] "POST //xmlrpc.php HTTP/1.1" 200 6308 "-" "Mozilla/5.0 (Windows NT 10.0; Win64; x64) AppleWebKit/537.36 (KHTML, like Gecko) Chrome/89.0.4389.114 Safari/537.36"
62.210.180.176 - - [05/Jul/2021:17:28:51 -0400] "POST //xmlrpc.php HTTP/1.1" 200 6308 "-" "Mozilla/5.0 (Windows NT 10.0; Win64; x64) AppleWebKit/537.36 (KHTML, like Gecko) Chrome/89.0.4389.114 Safari/537.36"
62.210.180.176 - - [05/Jul/2021:17:28:52 -0400] "POST //xmlrpc.php HTTP/1.1" 200 6308 "-" "Mozilla/5.0 (Windows NT 10.0; Win64; x64) AppleWebKit/537.36 (KHTML, like Gecko) Chrome/89.0.4389.114 Safari/537.36"
62.210.180.176 - - [05/Jul/2021:17:28:53 -0400] "POST //xmlrpc.php HTTP/1.1" 200 6308 "-" "Mozilla/5.0 (Windows NT 10.0; Win64; x64) AppleWebKit/537.36 (KHTML, like Gecko) Chrome/89.0.4389.114 Safari/537.36"
62.210.180.176 - - [05/Jul/2021:17:28:54 -0400] "POST //xmlrpc.php HTTP/1.1" 200 6308 "-" "Mozilla/5.0 (Windows NT 10.0; Win64; x64) AppleWebKit/537.36 (KHTML, like Gecko) Chrome/89.0.4389.114 Safari/537.36"
62.210.180.176 - - [05/Jul/2021:17:28:55 -0400] "POST //xmlrpc.php HTTP/1.1" 200 6308 "-" "Mozilla/5.0 (Windows NT 10.0; Win64; x64) AppleWebKit/537.36 (KHTML, like Gecko) Chrome/89.0.4389.114 Safari/537.36"
62.210.180.176 - - [05/Jul/2021:17:28:56 -0400] "POST //xmlrpc.php HTTP/1.1" 200 6308 "-" "Mozilla/5.0 (Windows NT 10.0; Win64; x64) AppleWebKit/537.36 (KHTML, like Gecko) Chrome/89.0.4389.114 Safari/537.36"
62.210.180.176 - - [05/Jul/2021:17:28:58 -0400] "POST //xmlrpc.php HTTP/1.1" 200 6308 "-" "Mozilla/5.0 (Windows NT 10.0; Win64; x64) AppleWebKit/537.36 (KHTML, like Gecko) Chrome/89.0.4389.114 Safari/537.36"
62.210.180.176 - - [05/Jul/2021:17:28:59 -0400] "POST //xmlrpc.php HTTP/1.1" 200 6308 "-" "Mozilla/5.0 (Windows NT 10.0; Win64; x64) AppleWebKit/537.36 (KHTML, like Gecko) Chrome/89.0.4389.114 Safari/537.36"
62.210.180.176 - - [05/Jul/2021:17:29:00 -0400] "POST //xmlrpc.php HTTP/1.1" 200 6308 "-" "Mozilla/5.0 (Windows NT 10.0; Win64; x64) AppleWebKit/537.36 (KHTML, like Gecko) Chrome/89.0.4389.114 Safari/537.36"
62.210.180.176 - - [05/Jul/2021:17:29:01 -0400] "POST //xmlrpc.php HTTP/1.1" 200 6308 "-" "Mozilla/5.0 (Windows NT 10.0; Win64; x64) AppleWebKit/537.36 (KHTML, like Gecko) Chrome/89.0.4389.114 Safari/537.36"
62.210.180.176 - - [05/Jul/2021:17:29:02 -0400] "POST //xmlrpc.php HTTP/1.1" 200 6308 "-" "Mozilla/5.0 (Windows NT 10.0; Win64; x64) AppleWebKit/537.36 (KHTML, like Gecko) Chrome/89.0.4389.114 Safari/537.36"
107.152.140.52 - - [05/Jul/2021:17:54:21 -0400] "GET / HTTP/1.0" 301 543 "-" "Mozilla/5.0 (X11; CrOS x86_64 10323.67.0) AppleWebKit/537.36 (KHTML, like Gecko) Chrome/65.0.3325.209 Safari/537.36"
204.48.19.85 - - [05/Jul/2021:17:54:32 -0400] "POST /wp-cron.php?doing_wp_cron=1625522072.8661620616912841796875 HTTP/1.1" 200 6229 "https://bubandcompany.com/wp-cron.php?doing_wp_cron=1625522072.8661620616912841796875" "WordPress/5.7.2; https://bubandcompany.com"
107.152.140.52 - - [05/Jul/2021:17:54:32 -0400] "GET / HTTP/1.0" 200 6650 "http://bubandcompany.com" "Mozilla/5.0 (X11; CrOS x86_64 10323.67.0) AppleWebKit/537.36 (KHTML, like Gecko) Chrome/65.0.3325.209 Safari/537.36"
204.48.19.85 - - [05/Jul/2021:17:54:48 -0400] "POST /wp-cron.php?doing_wp_cron=1625522088.6450231075286865234375 HTTP/1.1" 200 6229 "https://bubandcompany.com/wp-cron.php?doing_wp_cron=1625522088.6450231075286865234375" "WordPress/5.7.2; https://bubandcompany.com"
37.72.186.25 - - [05/Jul/2021:17:54:47 -0400] "GET /wp-login.php HTTP/1.0" 200 8454 "https://bubandcompany.com/" "Mozilla/5.0 (X11; CrOS x86_64 10323.67.0) AppleWebKit/537.36 (KHTML, like Gecko) Chrome/65.0.3325.209 Safari/537.36"
37.72.186.25 - - [05/Jul/2021:17:55:02 -0400] "GET /wp-content/plugins/under-construction-page/themes/mad_designer/style.css?v=3.88 HTTP/1.0" 200 6601 "https://bubandcompany.com/" "Mozilla/5.0 (X11; CrOS x86_64 10323.67.0) AppleWebKit/537.36 (KHTML, like Gecko) Chrome/65.0.3325.209 Safari/537.36"
37.72.186.25 - - [05/Jul/2021:17:55:16 -0400] "GET /wp-content/plugins/under-construction-page/themes/css/bootstrap.min.css?v=3.88 HTTP/1.0" 200 25754 "https://bubandcompany.com/" "Mozilla/5.0 (X11; CrOS x86_64 10323.67.0) AppleWebKit/537.36 (KHTML, like Gecko) Chrome/65.0.3325.209 Safari/537.36"
37.72.186.25 - - [05/Jul/2021:17:55:38 -0400] "GET /wp-content/plugins/under-construction-page/themes/mad_designer/mad-designer.png HTTP/1.0" 200 167970 "https://bubandcompany.com/" "Mozilla/5.0 (X11; CrOS x86_64 10323.67.0) AppleWebKit/537.36 (KHTML, like Gecko) Chrome/65.0.3325.209 Safari/537.36"
207.46.13.0 - - [05/Jul/2021:17:58:23 -0400] "GET /robots.txt HTTP/1.1" 301 600 "-" "Mozilla/5.0 (compatible; bingbot/2.0; +http://www.bing.com/bingbot.htm)"
207.46.13.0 - - [05/Jul/2021:17:58:23 -0400] "GET /robots.txt HTTP/1.1" 404 6090 "-" "Mozilla/5.0 (compatible; bingbot/2.0; +http://www.bing.com/bingbot.htm)"
207.46.13.62 - - [05/Jul/2021:17:58:29 -0400] "GET /robots.txt HTTP/1.1" 301 600 "-" "Mozilla/5.0 (compatible; bingbot/2.0; +http://www.bing.com/bingbot.htm)"
207.46.13.62 - - [05/Jul/2021:17:58:30 -0400] "GET /robots.txt HTTP/1.1" 404 6090 "-" "Mozilla/5.0 (compatible; bingbot/2.0; +http://www.bing.com/bingbot.htm)"
207.46.13.62 - - [05/Jul/2021:17:58:30 -0400] "GET /wp-content/plugins/under-construction-page/themes/fonts/fontawesome-webfont.woff?v=4.7.0 HTTP/1.1" 200 104112 "-" "Mozilla/5.0 (compatible; bingbot/2.0; +http://www.bing.com/bingbot.htm)"
207.46.13.92 - - [05/Jul/2021:17:58:34 -0400] "GET /wp-content/plugins/under-construction-page/themes/fonts/fontawesome-webfont.ttf?v=4.7.0 HTTP/1.1" 200 171781 "-" "Mozilla/5.0 (compatible; bingbot/2.0; +http://www.bing.com/bingbot.htm)"
157.55.39.57 - - [05/Jul/2021:17:58:39 -0400] "GET /wp-content/plugins/under-construction-page/themes/fonts/fontawesome-webfont.woff2?v=4.7.0 HTTP/1.1" 200 83220 "-" "Mozilla/5.0 (compatible; bingbot/2.0; +http://www.bing.com/bingbot.htm)"
121.43.150.254 - - [05/Jul/2021:18:32:01 -0400] "GET /content-post.php HTTP/1.1" 301 556 "http://simplesite.com" "Mozilla/5.0 (Windows; U; Windows NT 5.1; en-US) AppleWebKit/533.4 (KHTML, like Gecko) Chrome/5.0.375.99 Safari/533.4"
121.43.150.254 - - [05/Jul/2021:18:32:04 -0400] "GET /content-post.php HTTP/1.1" 404 5792 "http://bubandcompany.com/content-post.php" "Mozilla/5.0 (Windows; U; Windows NT 5.1; en-US) AppleWebKit/533.4 (KHTML, like Gecko) Chrome/5.0.375.99 Safari/533.4"
121.43.150.254 - - [05/Jul/2021:18:32:05 -0400] "GET /content-post.php HTTP/1.1" 301 556 "http://simplesite.com" "Mozilla/5.0 (Windows; U; Windows NT 5.1; en-US) AppleWebKit/533.4 (KHTML, like Gecko) Chrome/5.0.375.99 Safari/533.4"
23.228.109.147 - - [05/Jul/2021:19:09:22 -0400] "GET /wp-content/plugins/front-end-editor/lib/aloha-editor/plugins/extra/draganddropfiles/demo/index.css HTTP/1.1" 301 739 "http://www.google.com/" "Mozilla/5.0 (Windows NT 6.1; Win64; x64) AppleWebKit/537.36 (KHTML, like Gecko) Chrome/56.0.2896.3 Safari/537.36"
23.228.109.147 - - [05/Jul/2021:19:09:22 -0400] "GET /wp-content/plugins/front-end-editor/lib/aloha-editor/plugins/extra/draganddropfiles/demo/index.css HTTP/1.1" 404 6022 "http://www.google.com/" "Mozilla/5.0 (Windows NT 6.1; Win64; x64) AppleWebKit/537.36 (KHTML, like Gecko) Chrome/56.0.2896.3 Safari/537.36"
77.68.114.120 - - [05/Jul/2021:19:39:08 -0400] "GET / HTTP/1.1" 301 580 "-" "python-requests/2.25.1"
77.68.114.120 - - [05/Jul/2021:19:39:17 -0400] "GET / HTTP/1.1" 200 6507 "-" "python-requests/2.25.1"
204.48.19.85 - - [05/Jul/2021:19:39:20 -0400] "GET /index.php/wp-json/wp/v2/types/post?context=edit HTTP/1.1" 401 6732 "https://bubandcompany.com/index.php/wp-json/wp/v2/types/post?context=edit" "WordPress/5.7.2; https://bubandcompany.com"
204.48.19.85 - - [05/Jul/2021:19:39:21 -0400] "POST /wp-cron.php HTTP/1.1" 200 6229 "https://bubandcompany.com/wp-cron.php" "WordPress/5.7.2; https://bubandcompany.com"
204.48.19.85 - - [05/Jul/2021:19:39:21 -0400] "GET / HTTP/1.1" 200 7122 "https://bubandcompany.com/" "WordPress/5.7.2; https://bubandcompany.com"
204.48.19.85 - - [05/Jul/2021:19:39:19 -0400] "POST /wp-cron.php?doing_wp_cron=1625528359.0862228870391845703125 HTTP/1.1" 200 6229 "https://bubandcompany.com/wp-cron.php?doing_wp_cron=1625528359.0862228870391845703125" "WordPress/5.7.2; https://bubandcompany.com"
204.48.19.85 - - [05/Jul/2021:20:23:55 -0400] "POST /wp-cron.php?doing_wp_cron=1625531035.1455481052398681640625 HTTP/1.1" 200 6229 "https://bubandcompany.com/wp-cron.php?doing_wp_cron=1625531035.1455481052398681640625" "WordPress/5.7.2; https://bubandcompany.com"
54.36.148.39 - - [05/Jul/2021:20:23:54 -0400] "GET / HTTP/1.1" 200 7135 "-" "Mozilla/5.0 (compatible; AhrefsBot/7.0; +http://ahrefs.com/robot/)"
198.71.239.41 - - [05/Jul/2021:20:53:15 -0400] "HEAD /Archive.zip HTTP/1.1" 404 5536 "-" "Mozilla/5.0 (Windows NT 10.0; Win64; x64) AppleWebKit/537.36 (KHTML, like Gecko) Chrome/60.0.3112.113 Safari/537.36"
62.210.112.19 - - [05/Jul/2021:20:53:32 -0400] "HEAD /wp-config.php~ HTTP/1.1" 404 6203 "-" "Mozilla/5.0 (Windows NT 10.0; Win64; x64) AppleWebKit/537.36 (KHTML, like Gecko) Chrome/60.0.3112.113 Safari/537.36"
160.153.154.23 - - [05/Jul/2021:20:53:43 -0400] "HEAD /well-known.zip HTTP/1.1" 404 5536 "-" "Mozilla/5.0 (Windows NT 10.0; Win64; x64) AppleWebKit/537.36 (KHTML, like Gecko) Chrome/60.0.3112.113 Safari/537.36"
50.62.208.151 - - [05/Jul/2021:20:53:49 -0400] "HEAD /site.zip HTTP/1.1" 404 5536 "-" "Mozilla/5.0 (Windows NT 10.0; Win64; x64) AppleWebKit/537.36 (KHTML, like Gecko) Chrome/60.0.3112.113 Safari/537.36"
42.112.30.70 - - [05/Jul/2021:20:54:19 -0400] "HEAD /wp-config.php.bak HTTP/1.1" 404 5551 "-" "Mozilla/5.0 (Windows NT 10.0; Win64; x64) AppleWebKit/537.36 (KHTML, like Gecko) Chrome/60.0.3112.113 Safari/537.36"
173.201.196.57 - - [05/Jul/2021:20:54:24 -0400] "HEAD /wp-config.php.orig HTTP/1.1" 404 5536 "-" "Mozilla/5.0 (Windows NT 10.0; Win64; x64) AppleWebKit/537.36 (KHTML, like Gecko) Chrome/60.0.3112.113 Safari/537.36"
107.180.120.67 - - [05/Jul/2021:20:54:51 -0400] "HEAD /wp-config.php.save HTTP/1.1" 404 5536 "-" "Mozilla/5.0 (Windows NT 10.0; Win64; x64) AppleWebKit/537.36 (KHTML, like Gecko) Chrome/60.0.3112.113 Safari/537.36"
184.168.192.148 - - [05/Jul/2021:20:55:21 -0400] "HEAD /public_html.zip HTTP/1.1" 404 5536 "-" "Mozilla/5.0 (Windows NT 10.0; Win64; x64) AppleWebKit/537.36 (KHTML, like Gecko) Chrome/60.0.3112.113 Safari/537.36"
195.74.38.129 - - [05/Jul/2021:20:55:29 -0400] "HEAD /1.txt HTTP/1.1" 404 5551 "-" "Mozilla/5.0 (Windows NT 10.0; Win64; x64) AppleWebKit/537.36 (KHTML, like Gecko) Chrome/60.0.3112.113 Safari/537.36"
184.168.152.112 - - [05/Jul/2021:20:55:40 -0400] "HEAD /backup.zip HTTP/1.1" 404 5536 "-" "Mozilla/5.0 (Windows NT 10.0; Win64; x64) AppleWebKit/537.36 (KHTML, like Gecko) Chrome/60.0.3112.113 Safari/537.36"
45.40.156.15 - - [05/Jul/2021:20:55:57 -0400] "HEAD /.well-known.zip HTTP/1.1" 404 5536 "-" "Mozilla/5.0 (Windows NT 10.0; Win64; x64) AppleWebKit/537.36 (KHTML, like Gecko) Chrome/60.0.3112.113 Safari/537.36"
206.189.24.222 - - [05/Jul/2021:20:55:59 -0400] "HEAD /wp-admin.zip HTTP/1.1" 404 5551 "-" "Mozilla/5.0 (Windows NT 10.0; Win64; x64) AppleWebKit/537.36 (KHTML, like Gecko) Chrome/60.0.3112.113 Safari/537.36"
160.153.154.8 - - [05/Jul/2021:20:56:18 -0400] "HEAD /bubandcompany.zip HTTP/1.1" 404 5536 "-" "Mozilla/5.0 (Windows NT 10.0; Win64; x64) AppleWebKit/537.36 (KHTML, like Gecko) Chrome/60.0.3112.113 Safari/537.36"
35.229.120.176 - - [05/Jul/2021:20:59:02 -0400] "GET /robots.txt HTTP/1.0" 301 563 "-" "ZoominfoBot (zoominfobot at zoominfo dot com)"
35.229.120.176 - - [05/Jul/2021:20:59:02 -0400] "GET /robots.txt HTTP/1.1" 404 5792 "-" "ZoominfoBot (zoominfobot at zoominfo dot com)"
35.229.120.176 - - [05/Jul/2021:20:59:02 -0400] "GET /wp-login.php HTTP/1.0" 301 567 "-" "ZoominfoBot (zoominfobot at zoominfo dot com)"
35.229.120.176 - - [05/Jul/2021:20:59:02 -0400] "GET /robots.txt HTTP/1.0" 404 481 "-" "ZoominfoBot (zoominfobot at zoominfo dot com)"
35.229.120.176 - - [05/Jul/2021:20:59:02 -0400] "GET /wp-login.php HTTP/1.0" 200 3001 "-" "ZoominfoBot (zoominfobot at zoominfo dot com)"
204.48.19.85 - - [05/Jul/2021:20:59:03 -0400] "POST /wp-cron.php?doing_wp_cron=1625533143.4467539787292480468750 HTTP/1.1" 200 6229 "https://bubandcompany.com/wp-cron.php?doing_wp_cron=1625533143.4467539787292480468750" "WordPress/5.7.2; https://bubandcompany.com"
204.48.19.85 - - [05/Jul/2021:21:06:39 -0400] "POST /wp-cron.php?doing_wp_cron=1625533599.5606439113616943359375 HTTP/1.1" 200 6229 "https://bubandcompany.com/wp-cron.php?doing_wp_cron=1625533599.5606439113616943359375" "WordPress/5.7.2; https://bubandcompany.com"
35.229.120.176 - - [05/Jul/2021:21:06:38 -0400] "GET /wp-login.php HTTP/1.0" 200 8198 "-" "ZoominfoBot (zoominfobot at zoominfo dot com)"
204.48.19.85 - - [05/Jul/2021:21:48:43 -0400] "POST /wp-cron.php?doing_wp_cron=1625536123.2479579448699951171875 HTTP/1.1" 200 6229 "https://bubandcompany.com/wp-cron.php?doing_wp_cron=1625536123.2479579448699951171875" "WordPress/5.7.2; https://bubandcompany.com"
54.36.148.86 - - [05/Jul/2021:21:48:42 -0400] "GET / HTTP/1.1" 200 7103 "-" "Mozilla/5.0 (compatible; AhrefsBot/7.0; +http://ahrefs.com/robot/)"
66.249.70.82 - - [05/Jul/2021:21:57:45 -0400] "GET /robots.txt HTTP/1.1" 404 6545 "-" "Mozilla/5.0 (compatible; Googlebot/2.1; +http://www.google.com/bot.html)"
66.249.70.82 - - [05/Jul/2021:21:57:45 -0400] "GET /index.php/home/feed/ HTTP/1.1" 200 7247 "-" "Mozilla/5.0 (Linux; Android 6.0.1; Nexus 5X Build/MMB29P) AppleWebKit/537.36 (KHTML, like Gecko) Chrome/91.0.4472.90 Mobile Safari/537.36 (compatible; Googlebot/2.1; +http://www.google.com/bot.html)"
204.48.19.85 - - [05/Jul/2021:21:57:46 -0400] "GET / HTTP/1.1" 200 7122 "https://bubandcompany.com/" "WordPress/5.7.2; https://bubandcompany.com"
204.48.19.85 - - [05/Jul/2021:21:57:45 -0400] "POST /wp-cron.php?doing_wp_cron=1625536665.9833629131317138671875 HTTP/1.1" 200 6229 "https://bubandcompany.com/wp-cron.php?doing_wp_cron=1625536665.9833629131317138671875" "WordPress/5.7.2; https://bubandcompany.com"
204.48.19.85 - - [05/Jul/2021:22:12:45 -0400] "POST /wp-cron.php?doing_wp_cron=1625537565.8686120510101318359375 HTTP/1.1" 200 6229 "https://bubandcompany.com/wp-cron.php?doing_wp_cron=1625537565.8686120510101318359375" "WordPress/5.7.2; https://bubandcompany.com"
66.249.70.86 - - [05/Jul/2021:22:12:45 -0400] "GET /index.php/home/feed/ HTTP/1.1" 200 7247 "-" "Mozilla/5.0 (compatible; Googlebot/2.1; +http://www.google.com/bot.html)"
64.246.165.140 - - [05/Jul/2021:22:13:28 -0400] "GET /robots.txt HTTP/1.0" 301 575 "-" "Mozilla/5.0 (Macintosh; Intel Mac OS X 10.10; rv:59.0) Gecko/20100101 Firefox/59.0"
64.246.165.140 - - [05/Jul/2021:22:13:28 -0400] "GET / HTTP/1.1" 301 555 "-" "Mozilla/5.0 (Macintosh; Intel Mac OS X 10.10; rv:59.0) Gecko/20100101 Firefox/59.0"
204.48.19.85 - - [05/Jul/2021:22:13:29 -0400] "POST /wp-cron.php?doing_wp_cron=1625537609.4233460426330566406250 HTTP/1.1" 200 6229 "https://bubandcompany.com/wp-cron.php?doing_wp_cron=1625537609.4233460426330566406250" "WordPress/5.7.2; https://bubandcompany.com"
64.246.165.140 - - [05/Jul/2021:22:13:28 -0400] "GET / HTTP/1.1" 200 6897 "-" "Mozilla/5.0 (Macintosh; Intel Mac OS X 10.10; rv:59.0) Gecko/20100101 Firefox/59.0"
137.74.76.179 - - [05/Jul/2021:23:22:44 -0400] "GET /wp-content/plugins/wp-user-avatar/readme.txt HTTP/1.1" 404 5893 "-" "Mozilla/4.0 (compatible; MSIE 6.0; Windows NT 5.1; SV1)"
204.48.19.85 - - [05/Jul/2021:23:47:48 -0400] "POST /wp-cron.php?doing_wp_cron=1625543268.7732939720153808593750 HTTP/1.1" 200 6229 "https://bubandcompany.com/wp-cron.php?doing_wp_cron=1625543268.7732939720153808593750" "WordPress/5.7.2; https://bubandcompany.com"
62.4.14.198 - - [05/Jul/2021:23:47:47 -0400] "GET / HTTP/1.1" 200 8639 "-" "Mozilla/5.0 (X11; Ubuntu; Linux x86_64; rv:58.0) Gecko/20100101 Firefox/58.0"
