202.172.28.184 - - [28/Jun/2021:00:26:29 -0400] "POST /wp-login.php HTTP/1.1" 200 9937 "-" "Mozilla/5.0 (Windows NT 5.1) AppleWebKit/537.36 (KHTML, like Gecko) Chrome/47.0.2526.106 Safari/537.36"
167.71.89.92 - - [28/Jun/2021:00:33:01 -0400] "GET /wp-login.php HTTP/1.1" 200 9233 "-" "Mozilla/5.0 (X11; Ubuntu; Linux x86_64; rv:62.0) Gecko/20100101 Firefox/62.0"
167.71.89.92 - - [28/Jun/2021:00:33:02 -0400] "POST /wp-login.php HTTP/1.1" 200 9233 "-" "Mozilla/5.0 (X11; Ubuntu; Linux x86_64; rv:62.0) Gecko/20100101 Firefox/62.0"
204.48.19.85 - - [28/Jun/2021:00:33:04 -0400] "POST /wp-cron.php?doing_wp_cron=1624854784.0907969474792480468750 HTTP/1.1" 200 5389 "https://bubandcompany.com/wp-cron.php?doing_wp_cron=1624854784.0907969474792480468750" "WordPress/5.7.2; https://bubandcompany.com"
167.71.89.92 - - [28/Jun/2021:00:33:03 -0400] "POST /xmlrpc.php HTTP/1.1" 200 5092 "-" "Mozilla/5.0 (X11; Ubuntu; Linux x86_64; rv:62.0) Gecko/20100101 Firefox/62.0"
42.193.184.54 - - [28/Jun/2021:00:36:48 -0400] "POST /wp-login.php HTTP/1.1" 200 9936 "-" "Mozilla/5.0 (Windows NT 10.0; WOW64) AppleWebKit/537.36 (KHTML, like Gecko) Chrome/47.0.2526.106 Safari/537.36"
167.86.98.40 - - [28/Jun/2021:00:46:09 -0400] "GET /wp-login.php HTTP/1.1" 200 9232 "-" "Mozilla/5.0 (X11; Ubuntu; Linux x86_64; rv:62.0) Gecko/20100101 Firefox/62.0"
167.86.98.40 - - [28/Jun/2021:00:46:10 -0400] "POST /wp-login.php HTTP/1.1" 200 9232 "-" "Mozilla/5.0 (X11; Ubuntu; Linux x86_64; rv:62.0) Gecko/20100101 Firefox/62.0"
204.48.19.85 - - [28/Jun/2021:00:46:12 -0400] "POST /wp-cron.php?doing_wp_cron=1624855572.4178531169891357421875 HTTP/1.1" 200 5389 "https://bubandcompany.com/wp-cron.php?doing_wp_cron=1624855572.4178531169891357421875" "WordPress/5.7.2; https://bubandcompany.com"
167.86.98.40 - - [28/Jun/2021:00:46:11 -0400] "POST /xmlrpc.php HTTP/1.1" 200 5092 "-" "Mozilla/5.0 (X11; Ubuntu; Linux x86_64; rv:62.0) Gecko/20100101 Firefox/62.0"
185.220.100.250 - - [28/Jun/2021:00:53:21 -0400] "POST /xmlrpc.php HTTP/1.0" 301 600 "-" "Mozilla/5.0 (Windows NT 10.0; Win64; x64) AppleWebKit/537.36 (KHTML, like Gecko) Chrome/88.0.4324.146 Safari/537.36"
204.48.19.85 - - [28/Jun/2021:00:53:23 -0400] "POST /wp-cron.php?doing_wp_cron=1624856003.9516379833221435546875 HTTP/1.1" 200 5389 "https://bubandcompany.com/wp-cron.php?doing_wp_cron=1624856003.9516379833221435546875" "WordPress/5.7.2; https://bubandcompany.com"
185.220.100.250 - - [28/Jun/2021:00:53:23 -0400] "POST /xmlrpc.php HTTP/1.0" 200 5505 "-" "Mozilla/5.0 (Windows NT 10.0; Win64; x64) AppleWebKit/537.36 (KHTML, like Gecko) Chrome/88.0.4324.146 Safari/537.36"
20.186.27.63 - - [28/Jun/2021:00:57:23 -0400] "GET /wp-login.php HTTP/1.1" 200 9233 "-" "Mozilla/5.0 (X11; Ubuntu; Linux x86_64; rv:62.0) Gecko/20100101 Firefox/62.0"
20.186.27.63 - - [28/Jun/2021:00:57:24 -0400] "POST /wp-login.php HTTP/1.1" 200 9233 "-" "Mozilla/5.0 (X11; Ubuntu; Linux x86_64; rv:62.0) Gecko/20100101 Firefox/62.0"
204.48.19.85 - - [28/Jun/2021:00:57:25 -0400] "POST /wp-cron.php?doing_wp_cron=1624856245.3122971057891845703125 HTTP/1.1" 200 5389 "https://bubandcompany.com/wp-cron.php?doing_wp_cron=1624856245.3122971057891845703125" "WordPress/5.7.2; https://bubandcompany.com"
20.186.27.63 - - [28/Jun/2021:00:57:24 -0400] "POST /xmlrpc.php HTTP/1.1" 200 5092 "-" "Mozilla/5.0 (X11; Ubuntu; Linux x86_64; rv:62.0) Gecko/20100101 Firefox/62.0"
173.236.224.150 - - [28/Jun/2021:01:15:24 -0400] "GET /wp-login.php HTTP/1.1" 200 9235 "-" "Mozilla/5.0 (X11; Ubuntu; Linux x86_64; rv:62.0) Gecko/20100101 Firefox/62.0"
173.236.224.150 - - [28/Jun/2021:01:15:24 -0400] "POST /wp-login.php HTTP/1.1" 200 9235 "-" "Mozilla/5.0 (X11; Ubuntu; Linux x86_64; rv:62.0) Gecko/20100101 Firefox/62.0"
173.236.224.150 - - [28/Jun/2021:01:15:25 -0400] "POST /xmlrpc.php HTTP/1.1" 200 5094 "-" "Mozilla/5.0 (X11; Ubuntu; Linux x86_64; rv:62.0) Gecko/20100101 Firefox/62.0"
204.48.19.85 - - [28/Jun/2021:01:15:26 -0400] "POST /wp-cron.php?doing_wp_cron=1624857326.5878159999847412109375 HTTP/1.1" 200 5389 "https://bubandcompany.com/wp-cron.php?doing_wp_cron=1624857326.5878159999847412109375" "WordPress/5.7.2; https://bubandcompany.com"
212.227.89.27 - - [28/Jun/2021:01:24:59 -0400] "GET /wp-login.php HTTP/1.1" 200 9233 "-" "Mozilla/5.0 (X11; Ubuntu; Linux x86_64; rv:62.0) Gecko/20100101 Firefox/62.0"
212.227.89.27 - - [28/Jun/2021:01:25:00 -0400] "POST /wp-login.php HTTP/1.1" 200 9233 "-" "Mozilla/5.0 (X11; Ubuntu; Linux x86_64; rv:62.0) Gecko/20100101 Firefox/62.0"
204.48.19.85 - - [28/Jun/2021:01:25:02 -0400] "POST /wp-cron.php?doing_wp_cron=1624857902.5442960262298583984375 HTTP/1.1" 200 5389 "https://bubandcompany.com/wp-cron.php?doing_wp_cron=1624857902.5442960262298583984375" "WordPress/5.7.2; https://bubandcompany.com"
212.227.89.27 - - [28/Jun/2021:01:25:01 -0400] "POST /xmlrpc.php HTTP/1.1" 200 5093 "-" "Mozilla/5.0 (X11; Ubuntu; Linux x86_64; rv:62.0) Gecko/20100101 Firefox/62.0"
111.231.107.30 - - [28/Jun/2021:01:27:50 -0400] "POST /wp-login.php HTTP/1.1" 200 9937 "-" "Mozilla/5.0 (Windows NT 6.3; WOW64) AppleWebKit/537.36 (KHTML, like Gecko) Chrome/46.0.2490.80 Safari/537.36"
204.48.19.85 - - [28/Jun/2021:01:32:30 -0400] "POST /wp-cron.php?doing_wp_cron=1624858350.5752151012420654296875 HTTP/1.1" 200 5389 "https://bubandcompany.com/wp-cron.php?doing_wp_cron=1624858350.5752151012420654296875" "WordPress/5.7.2; https://bubandcompany.com"
52.64.55.60 - - [28/Jun/2021:01:32:29 -0400] "GET /wp-login.php HTTP/1.1" 200 7546 "-" "Mozilla/5.0 (X11; Ubuntu; Linux x86_64; rv:62.0) Gecko/20100101 Firefox/62.0"
52.64.55.60 - - [28/Jun/2021:01:32:32 -0400] "POST /wp-login.php HTTP/1.1" 401 8429 "-" "Mozilla/5.0 (X11; Ubuntu; Linux x86_64; rv:62.0) Gecko/20100101 Firefox/62.0"
52.64.55.60 - - [28/Jun/2021:01:32:34 -0400] "POST /xmlrpc.php HTTP/1.1" 200 4977 "-" "Mozilla/5.0 (X11; Ubuntu; Linux x86_64; rv:62.0) Gecko/20100101 Firefox/62.0"
54.36.148.57 - - [28/Jun/2021:01:39:27 -0400] "GET /robots.txt HTTP/1.1" 404 5664 "-" "Mozilla/5.0 (compatible; AhrefsBot/7.0; +http://ahrefs.com/robot/)"
204.48.19.85 - - [28/Jun/2021:01:39:29 -0400] "POST /wp-cron.php?doing_wp_cron=1624858769.2239658832550048828125 HTTP/1.1" 200 5389 "https://bubandcompany.com/wp-cron.php?doing_wp_cron=1624858769.2239658832550048828125" "WordPress/5.7.2; https://bubandcompany.com"
54.36.148.114 - - [28/Jun/2021:01:39:28 -0400] "GET / HTTP/1.1" 200 6263 "-" "Mozilla/5.0 (compatible; AhrefsBot/7.0; +http://ahrefs.com/robot/)"
64.227.58.145 - - [28/Jun/2021:01:41:57 -0400] "GET /wp-login.php HTTP/1.1" 200 9234 "-" "Mozilla/5.0 (X11; Ubuntu; Linux x86_64; rv:62.0) Gecko/20100101 Firefox/62.0"
64.227.58.145 - - [28/Jun/2021:01:41:58 -0400] "POST /wp-login.php HTTP/1.1" 200 9234 "-" "Mozilla/5.0 (X11; Ubuntu; Linux x86_64; rv:62.0) Gecko/20100101 Firefox/62.0"
204.48.19.85 - - [28/Jun/2021:01:41:59 -0400] "POST /wp-cron.php?doing_wp_cron=1624858919.5442669391632080078125 HTTP/1.1" 200 5389 "https://bubandcompany.com/wp-cron.php?doing_wp_cron=1624858919.5442669391632080078125" "WordPress/5.7.2; https://bubandcompany.com"
64.227.58.145 - - [28/Jun/2021:01:41:58 -0400] "POST /xmlrpc.php HTTP/1.1" 200 5093 "-" "Mozilla/5.0 (X11; Ubuntu; Linux x86_64; rv:62.0) Gecko/20100101 Firefox/62.0"
124.150.129.87 - - [28/Jun/2021:01:48:49 -0400] "GET /wp-login.php HTTP/1.1" 200 9234 "-" "Mozilla/5.0 (X11; Ubuntu; Linux x86_64; rv:62.0) Gecko/20100101 Firefox/62.0"
124.150.129.87 - - [28/Jun/2021:01:48:50 -0400] "POST /wp-login.php HTTP/1.1" 200 9234 "-" "Mozilla/5.0 (X11; Ubuntu; Linux x86_64; rv:62.0) Gecko/20100101 Firefox/62.0"
204.48.19.85 - - [28/Jun/2021:01:48:52 -0400] "POST /wp-cron.php?doing_wp_cron=1624859332.5311710834503173828125 HTTP/1.1" 200 5389 "https://bubandcompany.com/wp-cron.php?doing_wp_cron=1624859332.5311710834503173828125" "WordPress/5.7.2; https://bubandcompany.com"
124.150.129.87 - - [28/Jun/2021:01:48:51 -0400] "POST /xmlrpc.php HTTP/1.1" 200 5094 "-" "Mozilla/5.0 (X11; Ubuntu; Linux x86_64; rv:62.0) Gecko/20100101 Firefox/62.0"
52.8.17.40 - - [28/Jun/2021:01:55:50 -0400] "POST /wp-login.php HTTP/1.1" 200 9935 "-" "Mozilla/5.0 (Windows NT 10.0; Win64; x64) AppleWebKit/537.36 (KHTML, like Gecko) Chrome/73.0.3683.86 Safari/537.36"
79.99.166.92 - - [28/Jun/2021:01:57:27 -0400] "GET /wp-login.php HTTP/1.1" 200 9234 "-" "Mozilla/5.0 (X11; Ubuntu; Linux x86_64; rv:62.0) Gecko/20100101 Firefox/62.0"
79.99.166.92 - - [28/Jun/2021:01:57:28 -0400] "POST /wp-login.php HTTP/1.1" 200 9234 "-" "Mozilla/5.0 (X11; Ubuntu; Linux x86_64; rv:62.0) Gecko/20100101 Firefox/62.0"
204.48.19.85 - - [28/Jun/2021:01:57:30 -0400] "POST /wp-cron.php?doing_wp_cron=1624859850.4703679084777832031250 HTTP/1.1" 200 5389 "https://bubandcompany.com/wp-cron.php?doing_wp_cron=1624859850.4703679084777832031250" "WordPress/5.7.2; https://bubandcompany.com"
79.99.166.92 - - [28/Jun/2021:01:57:29 -0400] "POST /xmlrpc.php HTTP/1.1" 200 5092 "-" "Mozilla/5.0 (X11; Ubuntu; Linux x86_64; rv:62.0) Gecko/20100101 Firefox/62.0"
167.86.75.216 - - [28/Jun/2021:02:06:30 -0400] "GET /wp-login.php HTTP/1.1" 200 9234 "-" "Mozilla/5.0 (X11; Ubuntu; Linux x86_64; rv:62.0) Gecko/20100101 Firefox/62.0"
167.86.75.216 - - [28/Jun/2021:02:06:32 -0400] "POST /wp-login.php HTTP/1.1" 200 9234 "-" "Mozilla/5.0 (X11; Ubuntu; Linux x86_64; rv:62.0) Gecko/20100101 Firefox/62.0"
204.48.19.85 - - [28/Jun/2021:02:06:33 -0400] "POST /wp-cron.php?doing_wp_cron=1624860393.6491909027099609375000 HTTP/1.1" 200 5389 "https://bubandcompany.com/wp-cron.php?doing_wp_cron=1624860393.6491909027099609375000" "WordPress/5.7.2; https://bubandcompany.com"
167.86.75.216 - - [28/Jun/2021:02:06:32 -0400] "POST /xmlrpc.php HTTP/1.1" 200 5093 "-" "Mozilla/5.0 (X11; Ubuntu; Linux x86_64; rv:62.0) Gecko/20100101 Firefox/62.0"
178.62.77.224 - - [28/Jun/2021:02:14:27 -0400] "GET /wp-login.php HTTP/1.1" 200 9234 "-" "Mozilla/5.0 (X11; Ubuntu; Linux x86_64; rv:62.0) Gecko/20100101 Firefox/62.0"
178.62.77.224 - - [28/Jun/2021:02:14:29 -0400] "POST /wp-login.php HTTP/1.1" 200 9234 "-" "Mozilla/5.0 (X11; Ubuntu; Linux x86_64; rv:62.0) Gecko/20100101 Firefox/62.0"
204.48.19.85 - - [28/Jun/2021:02:14:31 -0400] "POST /wp-cron.php?doing_wp_cron=1624860871.8872509002685546875000 HTTP/1.1" 200 5389 "https://bubandcompany.com/wp-cron.php?doing_wp_cron=1624860871.8872509002685546875000" "WordPress/5.7.2; https://bubandcompany.com"
178.62.77.224 - - [28/Jun/2021:02:14:31 -0400] "POST /xmlrpc.php HTTP/1.1" 200 5093 "-" "Mozilla/5.0 (X11; Ubuntu; Linux x86_64; rv:62.0) Gecko/20100101 Firefox/62.0"
204.48.19.85 - - [28/Jun/2021:02:19:18 -0400] "POST /wp-cron.php?doing_wp_cron=1624861158.2851700782775878906250 HTTP/1.1" 200 5389 "https://bubandcompany.com/wp-cron.php?doing_wp_cron=1624861158.2851700782775878906250" "WordPress/5.7.2; https://bubandcompany.com"
157.55.39.69 - - [28/Jun/2021:02:19:17 -0400] "GET /index.php/sitemap_index.xml HTTP/1.1" 200 5476 "-" "Mozilla/5.0 (compatible; bingbot/2.0; +http://www.bing.com/bingbot.htm)"
138.68.90.192 - - [28/Jun/2021:02:23:11 -0400] "GET /wp-login.php HTTP/1.1" 200 9234 "-" "Mozilla/5.0 (X11; Ubuntu; Linux x86_64; rv:62.0) Gecko/20100101 Firefox/62.0"
138.68.90.192 - - [28/Jun/2021:02:23:11 -0400] "POST /wp-login.php HTTP/1.1" 200 9234 "-" "Mozilla/5.0 (X11; Ubuntu; Linux x86_64; rv:62.0) Gecko/20100101 Firefox/62.0"
204.48.19.85 - - [28/Jun/2021:02:23:13 -0400] "POST /wp-cron.php?doing_wp_cron=1624861393.6795389652252197265625 HTTP/1.1" 200 5389 "https://bubandcompany.com/wp-cron.php?doing_wp_cron=1624861393.6795389652252197265625" "WordPress/5.7.2; https://bubandcompany.com"
138.68.90.192 - - [28/Jun/2021:02:23:12 -0400] "POST /xmlrpc.php HTTP/1.1" 200 5093 "-" "Mozilla/5.0 (X11; Ubuntu; Linux x86_64; rv:62.0) Gecko/20100101 Firefox/62.0"
157.245.218.180 - - [28/Jun/2021:02:29:24 -0400] "POST /wp-login.php HTTP/1.1" 200 9939 "-" "Mozilla/5.0 (Windows NT 6.1; WOW64) AppleWebKit/537.36 (KHTML, like Gecko) Chrome/36.0.1985.125 Safari/537.36"
142.93.179.72 - - [28/Jun/2021:02:33:28 -0400] "GET /wp-login.php HTTP/1.1" 200 9234 "-" "Mozilla/5.0 (X11; Ubuntu; Linux x86_64; rv:62.0) Gecko/20100101 Firefox/62.0"
142.93.179.72 - - [28/Jun/2021:02:33:33 -0400] "POST /wp-login.php HTTP/1.1" 200 9234 "-" "Mozilla/5.0 (X11; Ubuntu; Linux x86_64; rv:62.0) Gecko/20100101 Firefox/62.0"
204.48.19.85 - - [28/Jun/2021:02:33:39 -0400] "POST /wp-cron.php?doing_wp_cron=1624862019.9864330291748046875000 HTTP/1.1" 200 5389 "https://bubandcompany.com/wp-cron.php?doing_wp_cron=1624862019.9864330291748046875000" "WordPress/5.7.2; https://bubandcompany.com"
142.93.179.72 - - [28/Jun/2021:02:33:39 -0400] "POST /xmlrpc.php HTTP/1.1" 200 5093 "-" "Mozilla/5.0 (X11; Ubuntu; Linux x86_64; rv:62.0) Gecko/20100101 Firefox/62.0"
167.71.89.92 - - [28/Jun/2021:02:40:58 -0400] "GET /wp-login.php HTTP/1.1" 200 9233 "-" "Mozilla/5.0 (X11; Ubuntu; Linux x86_64; rv:62.0) Gecko/20100101 Firefox/62.0"
167.71.89.92 - - [28/Jun/2021:02:41:08 -0400] "POST /wp-login.php HTTP/1.1" 200 9233 "-" "Mozilla/5.0 (X11; Ubuntu; Linux x86_64; rv:62.0) Gecko/20100101 Firefox/62.0"
204.48.19.85 - - [28/Jun/2021:02:41:15 -0400] "POST /wp-cron.php?doing_wp_cron=1624862475.4132928848266601562500 HTTP/1.1" 200 5389 "https://bubandcompany.com/wp-cron.php?doing_wp_cron=1624862475.4132928848266601562500" "WordPress/5.7.2; https://bubandcompany.com"
167.71.89.92 - - [28/Jun/2021:02:41:14 -0400] "POST /xmlrpc.php HTTP/1.1" 200 5092 "-" "Mozilla/5.0 (X11; Ubuntu; Linux x86_64; rv:62.0) Gecko/20100101 Firefox/62.0"
142.93.205.80 - - [28/Jun/2021:02:51:06 -0400] "GET /wp-login.php HTTP/1.1" 200 9234 "-" "Mozilla/5.0 (X11; Ubuntu; Linux x86_64; rv:62.0) Gecko/20100101 Firefox/62.0"
142.93.205.80 - - [28/Jun/2021:02:51:06 -0400] "POST /wp-login.php HTTP/1.1" 200 9234 "-" "Mozilla/5.0 (X11; Ubuntu; Linux x86_64; rv:62.0) Gecko/20100101 Firefox/62.0"
204.48.19.85 - - [28/Jun/2021:02:59:32 -0400] "POST /wp-cron.php?doing_wp_cron=1624863572.2929940223693847656250 HTTP/1.1" 200 5389 "https://bubandcompany.com/wp-cron.php?doing_wp_cron=1624863572.2929940223693847656250" "WordPress/5.7.2; https://bubandcompany.com"
139.99.148.4 - - [28/Jun/2021:02:59:31 -0400] "GET /wp-login.php HTTP/1.1" 200 7545 "-" "Mozilla/5.0 (X11; Ubuntu; Linux x86_64; rv:62.0) Gecko/20100101 Firefox/62.0"
139.99.148.4 - - [28/Jun/2021:02:59:34 -0400] "POST /wp-login.php HTTP/1.1" 401 8429 "-" "Mozilla/5.0 (X11; Ubuntu; Linux x86_64; rv:62.0) Gecko/20100101 Firefox/62.0"
139.99.148.4 - - [28/Jun/2021:02:59:36 -0400] "POST /xmlrpc.php HTTP/1.1" 200 5031 "-" "Mozilla/5.0 (X11; Ubuntu; Linux x86_64; rv:62.0) Gecko/20100101 Firefox/62.0"
62.28.184.124 - - [28/Jun/2021:03:07:43 -0400] "GET /wp-login.php HTTP/1.1" 200 9233 "-" "Mozilla/5.0 (X11; Ubuntu; Linux x86_64; rv:62.0) Gecko/20100101 Firefox/62.0"
62.28.184.124 - - [28/Jun/2021:03:07:44 -0400] "POST /wp-login.php HTTP/1.1" 200 9233 "-" "Mozilla/5.0 (X11; Ubuntu; Linux x86_64; rv:62.0) Gecko/20100101 Firefox/62.0"
204.48.19.85 - - [28/Jun/2021:03:07:46 -0400] "POST /wp-cron.php?doing_wp_cron=1624864066.8073179721832275390625 HTTP/1.1" 200 5389 "https://bubandcompany.com/wp-cron.php?doing_wp_cron=1624864066.8073179721832275390625" "WordPress/5.7.2; https://bubandcompany.com"
62.28.184.124 - - [28/Jun/2021:03:07:45 -0400] "POST /xmlrpc.php HTTP/1.1" 200 5092 "-" "Mozilla/5.0 (X11; Ubuntu; Linux x86_64; rv:62.0) Gecko/20100101 Firefox/62.0"
176.53.84.179 - - [28/Jun/2021:03:17:40 -0400] "GET /wp-login.php HTTP/1.1" 200 9234 "-" "Mozilla/5.0 (X11; Ubuntu; Linux x86_64; rv:62.0) Gecko/20100101 Firefox/62.0"
176.53.84.179 - - [28/Jun/2021:03:17:42 -0400] "POST /wp-login.php HTTP/1.1" 200 9234 "-" "Mozilla/5.0 (X11; Ubuntu; Linux x86_64; rv:62.0) Gecko/20100101 Firefox/62.0"
204.48.19.85 - - [28/Jun/2021:03:17:44 -0400] "POST /wp-cron.php?doing_wp_cron=1624864664.1641690731048583984375 HTTP/1.1" 200 5389 "https://bubandcompany.com/wp-cron.php?doing_wp_cron=1624864664.1641690731048583984375" "WordPress/5.7.2; https://bubandcompany.com"
176.53.84.179 - - [28/Jun/2021:03:17:43 -0400] "POST /xmlrpc.php HTTP/1.1" 200 5093 "-" "Mozilla/5.0 (X11; Ubuntu; Linux x86_64; rv:62.0) Gecko/20100101 Firefox/62.0"
204.48.19.85 - - [28/Jun/2021:03:25:54 -0400] "POST /wp-cron.php?doing_wp_cron=1624865154.3260970115661621093750 HTTP/1.1" 200 5389 "https://bubandcompany.com/wp-cron.php?doing_wp_cron=1624865154.3260970115661621093750" "WordPress/5.7.2; https://bubandcompany.com"
217.11.48.202 - - [28/Jun/2021:03:25:53 -0400] "GET /wp-login.php HTTP/1.1" 200 7545 "-" "Mozilla/5.0 (X11; Ubuntu; Linux x86_64; rv:62.0) Gecko/20100101 Firefox/62.0"
217.11.48.202 - - [28/Jun/2021:03:25:55 -0400] "POST /wp-login.php HTTP/1.1" 401 8429 "-" "Mozilla/5.0 (X11; Ubuntu; Linux x86_64; rv:62.0) Gecko/20100101 Firefox/62.0"
217.11.48.202 - - [28/Jun/2021:03:25:56 -0400] "POST /xmlrpc.php HTTP/1.1" 200 5033 "-" "Mozilla/5.0 (X11; Ubuntu; Linux x86_64; rv:62.0) Gecko/20100101 Firefox/62.0"
103.28.53.92 - - [28/Jun/2021:03:31:24 -0400] "POST /wp-login.php HTTP/1.1" 200 9937 "-" "Mozilla/5.0 (Windows NT 6.1; WOW64) AppleWebKit/537.36 (KHTML, like Gecko) Chrome/32.0.1700.107 Safari/537.36"
47.254.247.161 - - [28/Jun/2021:03:36:13 -0400] "GET /wp-login.php HTTP/1.1" 200 9234 "-" "Mozilla/5.0 (X11; Ubuntu; Linux x86_64; rv:62.0) Gecko/20100101 Firefox/62.0"
47.254.247.161 - - [28/Jun/2021:03:36:15 -0400] "POST /wp-login.php HTTP/1.1" 200 9234 "-" "Mozilla/5.0 (X11; Ubuntu; Linux x86_64; rv:62.0) Gecko/20100101 Firefox/62.0"
204.48.19.85 - - [28/Jun/2021:03:36:17 -0400] "POST /wp-cron.php?doing_wp_cron=1624865777.3392028808593750000000 HTTP/1.1" 200 5389 "https://bubandcompany.com/wp-cron.php?doing_wp_cron=1624865777.3392028808593750000000" "WordPress/5.7.2; https://bubandcompany.com"
47.254.247.161 - - [28/Jun/2021:03:36:16 -0400] "POST /xmlrpc.php HTTP/1.1" 200 5093 "-" "Mozilla/5.0 (X11; Ubuntu; Linux x86_64; rv:62.0) Gecko/20100101 Firefox/62.0"
173.236.224.150 - - [28/Jun/2021:03:46:03 -0400] "GET /wp-login.php HTTP/1.1" 200 9235 "-" "Mozilla/5.0 (X11; Ubuntu; Linux x86_64; rv:62.0) Gecko/20100101 Firefox/62.0"
173.236.224.150 - - [28/Jun/2021:03:46:03 -0400] "POST /wp-login.php HTTP/1.1" 200 9235 "-" "Mozilla/5.0 (X11; Ubuntu; Linux x86_64; rv:62.0) Gecko/20100101 Firefox/62.0"
204.48.19.85 - - [28/Jun/2021:03:46:05 -0400] "POST /wp-cron.php?doing_wp_cron=1624866365.5292639732360839843750 HTTP/1.1" 200 5389 "https://bubandcompany.com/wp-cron.php?doing_wp_cron=1624866365.5292639732360839843750" "WordPress/5.7.2; https://bubandcompany.com"
173.236.224.150 - - [28/Jun/2021:03:46:04 -0400] "POST /xmlrpc.php HTTP/1.1" 200 5094 "-" "Mozilla/5.0 (X11; Ubuntu; Linux x86_64; rv:62.0) Gecko/20100101 Firefox/62.0"
157.230.2.68 - - [28/Jun/2021:03:55:26 -0400] "GET /wp-login.php HTTP/1.1" 200 9233 "-" "Mozilla/5.0 (X11; Ubuntu; Linux x86_64; rv:62.0) Gecko/20100101 Firefox/62.0"
157.230.2.68 - - [28/Jun/2021:03:55:27 -0400] "POST /wp-login.php HTTP/1.1" 200 9233 "-" "Mozilla/5.0 (X11; Ubuntu; Linux x86_64; rv:62.0) Gecko/20100101 Firefox/62.0"
204.48.19.85 - - [28/Jun/2021:03:55:28 -0400] "POST /wp-cron.php?doing_wp_cron=1624866928.5725879669189453125000 HTTP/1.1" 200 5389 "https://bubandcompany.com/wp-cron.php?doing_wp_cron=1624866928.5725879669189453125000" "WordPress/5.7.2; https://bubandcompany.com"
157.230.2.68 - - [28/Jun/2021:03:55:27 -0400] "POST /xmlrpc.php HTTP/1.1" 200 5092 "-" "Mozilla/5.0 (X11; Ubuntu; Linux x86_64; rv:62.0) Gecko/20100101 Firefox/62.0"
162.241.180.249 - - [28/Jun/2021:04:05:45 -0400] "GET /wp-login.php HTTP/1.1" 200 9234 "-" "Mozilla/5.0 (X11; Ubuntu; Linux x86_64; rv:62.0) Gecko/20100101 Firefox/62.0"
162.241.180.249 - - [28/Jun/2021:04:05:46 -0400] "POST /wp-login.php HTTP/1.1" 200 9234 "-" "Mozilla/5.0 (X11; Ubuntu; Linux x86_64; rv:62.0) Gecko/20100101 Firefox/62.0"
204.48.19.85 - - [28/Jun/2021:04:05:48 -0400] "POST /wp-cron.php?doing_wp_cron=1624867548.0607149600982666015625 HTTP/1.1" 200 5389 "https://bubandcompany.com/wp-cron.php?doing_wp_cron=1624867548.0607149600982666015625" "WordPress/5.7.2; https://bubandcompany.com"
162.241.180.249 - - [28/Jun/2021:04:05:47 -0400] "POST /xmlrpc.php HTTP/1.1" 200 5094 "-" "Mozilla/5.0 (X11; Ubuntu; Linux x86_64; rv:62.0) Gecko/20100101 Firefox/62.0"
204.48.19.85 - - [28/Jun/2021:04:13:49 -0400] "POST /wp-cron.php?doing_wp_cron=1624868029.7674028873443603515625 HTTP/1.1" 200 5389 "https://bubandcompany.com/wp-cron.php?doing_wp_cron=1624868029.7674028873443603515625" "WordPress/5.7.2; https://bubandcompany.com"
162.241.29.157 - - [28/Jun/2021:04:13:48 -0400] "POST /wp-login.php HTTP/1.1" 401 9131 "-" "Mozilla/5.0 (Windows NT 6.1; Win64; x64) AppleWebKit/537.36 (KHTML, like Gecko) Chrome/60.0.3112.113 Safari/537.36"
35.229.125.187 - - [28/Jun/2021:04:14:05 -0400] "GET /robots.txt HTTP/1.0" 301 563 "-" "ZoominfoBot (zoominfobot at zoominfo dot com)"
35.229.125.187 - - [28/Jun/2021:04:14:05 -0400] "GET /robots.txt HTTP/1.1" 404 4952 "-" "ZoominfoBot (zoominfobot at zoominfo dot com)"
35.229.125.187 - - [28/Jun/2021:04:14:05 -0400] "GET /wp-login.php HTTP/1.0" 301 567 "-" "ZoominfoBot (zoominfobot at zoominfo dot com)"
35.229.125.187 - - [28/Jun/2021:04:14:05 -0400] "GET /robots.txt HTTP/1.0" 404 481 "-" "ZoominfoBot (zoominfobot at zoominfo dot com)"
35.229.125.187 - - [28/Jun/2021:04:14:05 -0400] "GET /wp-login.php HTTP/1.0" 200 3001 "-" "ZoominfoBot (zoominfobot at zoominfo dot com)"
151.80.141.252 - - [28/Jun/2021:04:16:12 -0400] "GET /wp-login.php HTTP/1.1" 200 9234 "-" "Mozilla/5.0 (X11; Ubuntu; Linux x86_64; rv:62.0) Gecko/20100101 Firefox/62.0"
151.80.141.252 - - [28/Jun/2021:04:16:13 -0400] "POST /wp-login.php HTTP/1.1" 200 9234 "-" "Mozilla/5.0 (X11; Ubuntu; Linux x86_64; rv:62.0) Gecko/20100101 Firefox/62.0"
204.48.19.85 - - [28/Jun/2021:04:16:15 -0400] "POST /wp-cron.php?doing_wp_cron=1624868175.4024410247802734375000 HTTP/1.1" 200 5389 "https://bubandcompany.com/wp-cron.php?doing_wp_cron=1624868175.4024410247802734375000" "WordPress/5.7.2; https://bubandcompany.com"
151.80.141.252 - - [28/Jun/2021:04:16:14 -0400] "POST /xmlrpc.php HTTP/1.1" 200 5093 "-" "Mozilla/5.0 (X11; Ubuntu; Linux x86_64; rv:62.0) Gecko/20100101 Firefox/62.0"
204.48.19.85 - - [28/Jun/2021:04:21:40 -0400] "POST /wp-cron.php?doing_wp_cron=1624868500.0303940773010253906250 HTTP/1.1" 200 5389 "https://bubandcompany.com/wp-cron.php?doing_wp_cron=1624868500.0303940773010253906250" "WordPress/5.7.2; https://bubandcompany.com"
35.229.125.187 - - [28/Jun/2021:04:21:39 -0400] "GET /wp-login.php HTTP/1.0" 200 7358 "-" "ZoominfoBot (zoominfobot at zoominfo dot com)"
34.64.218.102 - - [28/Jun/2021:04:26:11 -0400] "GET /wp-login.php HTTP/1.1" 200 9234 "-" "Mozilla/5.0 (X11; Ubuntu; Linux x86_64; rv:62.0) Gecko/20100101 Firefox/62.0"
34.64.218.102 - - [28/Jun/2021:04:26:12 -0400] "POST /wp-login.php HTTP/1.1" 200 9234 "-" "Mozilla/5.0 (X11; Ubuntu; Linux x86_64; rv:62.0) Gecko/20100101 Firefox/62.0"
204.48.19.85 - - [28/Jun/2021:04:26:14 -0400] "POST /wp-cron.php?doing_wp_cron=1624868774.7611129283905029296875 HTTP/1.1" 200 5389 "https://bubandcompany.com/wp-cron.php?doing_wp_cron=1624868774.7611129283905029296875" "WordPress/5.7.2; https://bubandcompany.com"
34.64.218.102 - - [28/Jun/2021:04:26:13 -0400] "POST /xmlrpc.php HTTP/1.1" 200 5093 "-" "Mozilla/5.0 (X11; Ubuntu; Linux x86_64; rv:62.0) Gecko/20100101 Firefox/62.0"
106.52.193.254 - - [28/Jun/2021:04:33:18 -0400] "POST /wp-login.php HTTP/1.1" 200 9938 "-" "Mozilla/5.0 (Windows NT 6.1) AppleWebKit/537.36 (KHTML, like Gecko) Chrome/70.0.3538.77 Safari/537.36"
20.93.105.115 - - [28/Jun/2021:04:36:40 -0400] "GET /wp-login.php HTTP/1.1" 200 9233 "-" "Mozilla/5.0 (X11; Ubuntu; Linux x86_64; rv:62.0) Gecko/20100101 Firefox/62.0"
20.93.105.115 - - [28/Jun/2021:04:36:42 -0400] "POST /wp-login.php HTTP/1.1" 200 9233 "-" "Mozilla/5.0 (X11; Ubuntu; Linux x86_64; rv:62.0) Gecko/20100101 Firefox/62.0"
204.48.19.85 - - [28/Jun/2021:04:36:45 -0400] "POST /wp-cron.php?doing_wp_cron=1624869405.0283930301666259765625 HTTP/1.1" 200 5389 "https://bubandcompany.com/wp-cron.php?doing_wp_cron=1624869405.0283930301666259765625" "WordPress/5.7.2; https://bubandcompany.com"
20.93.105.115 - - [28/Jun/2021:04:36:44 -0400] "POST /xmlrpc.php HTTP/1.1" 200 5093 "-" "Mozilla/5.0 (X11; Ubuntu; Linux x86_64; rv:62.0) Gecko/20100101 Firefox/62.0"
124.158.12.202 - - [28/Jun/2021:04:48:12 -0400] "GET /wp-login.php HTTP/1.1" 200 9234 "-" "Mozilla/5.0 (X11; Ubuntu; Linux x86_64; rv:62.0) Gecko/20100101 Firefox/62.0"
124.158.12.202 - - [28/Jun/2021:04:48:14 -0400] "POST /wp-login.php HTTP/1.1" 200 9234 "-" "Mozilla/5.0 (X11; Ubuntu; Linux x86_64; rv:62.0) Gecko/20100101 Firefox/62.0"
204.48.19.85 - - [28/Jun/2021:04:48:16 -0400] "POST /wp-cron.php?doing_wp_cron=1624870096.6273279190063476562500 HTTP/1.1" 200 5389 "https://bubandcompany.com/wp-cron.php?doing_wp_cron=1624870096.6273279190063476562500" "WordPress/5.7.2; https://bubandcompany.com"
124.158.12.202 - - [28/Jun/2021:04:48:15 -0400] "POST /xmlrpc.php HTTP/1.1" 200 5093 "-" "Mozilla/5.0 (X11; Ubuntu; Linux x86_64; rv:62.0) Gecko/20100101 Firefox/62.0"
204.48.19.85 - - [28/Jun/2021:04:52:45 -0400] "POST /wp-cron.php?doing_wp_cron=1624870365.0989360809326171875000 HTTP/1.1" 200 5389 "https://bubandcompany.com/wp-cron.php?doing_wp_cron=1624870365.0989360809326171875000" "WordPress/5.7.2; https://bubandcompany.com"
207.46.13.56 - - [28/Jun/2021:04:52:44 -0400] "GET /index.php/mama-wear/ HTTP/1.1" 200 5892 "-" "Mozilla/5.0 (compatible; bingbot/2.0; +http://www.bing.com/bingbot.htm)"
82.223.14.245 - - [28/Jun/2021:04:57:22 -0400] "POST /xmlrpc.php HTTP/1.0" 301 600 "-" "Mozilla/5.0 (Windows NT 10.0; Win64; x64) AppleWebKit/537.36 (KHTML, like Gecko) Chrome/69.0.3497.100 Safari/537.36"
204.48.19.85 - - [28/Jun/2021:04:57:24 -0400] "POST /wp-cron.php?doing_wp_cron=1624870644.6759700775146484375000 HTTP/1.1" 200 5389 "https://bubandcompany.com/wp-cron.php?doing_wp_cron=1624870644.6759700775146484375000" "WordPress/5.7.2; https://bubandcompany.com"
82.223.14.245 - - [28/Jun/2021:04:57:23 -0400] "POST /xmlrpc.php HTTP/1.0" 200 5505 "-" "Mozilla/5.0 (Windows NT 10.0; Win64; x64) AppleWebKit/537.36 (KHTML, like Gecko) Chrome/69.0.3497.100 Safari/537.36"
159.65.219.142 - - [28/Jun/2021:04:57:57 -0400] "GET /wp-login.php HTTP/1.1" 200 9234 "-" "Mozilla/5.0 (X11; Ubuntu; Linux x86_64; rv:62.0) Gecko/20100101 Firefox/62.0"
159.65.219.142 - - [28/Jun/2021:04:57:57 -0400] "POST /wp-login.php HTTP/1.1" 200 9234 "-" "Mozilla/5.0 (X11; Ubuntu; Linux x86_64; rv:62.0) Gecko/20100101 Firefox/62.0"
204.48.19.85 - - [28/Jun/2021:04:57:58 -0400] "POST /wp-cron.php?doing_wp_cron=1624870678.7448160648345947265625 HTTP/1.1" 200 5389 "https://bubandcompany.com/wp-cron.php?doing_wp_cron=1624870678.7448160648345947265625" "WordPress/5.7.2; https://bubandcompany.com"
159.65.219.142 - - [28/Jun/2021:04:57:58 -0400] "POST /xmlrpc.php HTTP/1.1" 200 5094 "-" "Mozilla/5.0 (X11; Ubuntu; Linux x86_64; rv:62.0) Gecko/20100101 Firefox/62.0"
58.97.8.18 - - [28/Jun/2021:05:04:55 -0400] "POST /wp-login.php HTTP/1.1" 200 9935 "-" "Mozilla/5.0 (Windows NT 10.0; Win64; x64) AppleWebKit/537.36 (KHTML, like Gecko) Chrome/73.0.3683.75 Safari/537.36"
192.99.145.57 - - [28/Jun/2021:05:08:28 -0400] "GET /wp-login.php HTTP/1.1" 200 9233 "-" "Mozilla/5.0 (X11; Ubuntu; Linux x86_64; rv:62.0) Gecko/20100101 Firefox/62.0"
192.99.145.57 - - [28/Jun/2021:05:08:29 -0400] "POST /wp-login.php HTTP/1.1" 200 9233 "-" "Mozilla/5.0 (X11; Ubuntu; Linux x86_64; rv:62.0) Gecko/20100101 Firefox/62.0"
204.48.19.85 - - [28/Jun/2021:05:08:31 -0400] "POST /wp-cron.php?doing_wp_cron=1624871311.0872030258178710937500 HTTP/1.1" 200 5389 "https://bubandcompany.com/wp-cron.php?doing_wp_cron=1624871311.0872030258178710937500" "WordPress/5.7.2; https://bubandcompany.com"
192.99.145.57 - - [28/Jun/2021:05:08:30 -0400] "POST /xmlrpc.php HTTP/1.1" 200 5093 "-" "Mozilla/5.0 (X11; Ubuntu; Linux x86_64; rv:62.0) Gecko/20100101 Firefox/62.0"
185.132.82.145 - - [28/Jun/2021:05:19:18 -0400] "GET /wp-login.php HTTP/1.1" 200 9235 "-" "Mozilla/5.0 (X11; Ubuntu; Linux x86_64; rv:62.0) Gecko/20100101 Firefox/62.0"
8.210.116.184 - - [28/Jun/2021:05:31:57 -0400] "GET /wp-login.php HTTP/1.1" 200 9234 "-" "Mozilla/5.0 (X11; Ubuntu; Linux x86_64; rv:62.0) Gecko/20100101 Firefox/62.0"
8.210.116.184 - - [28/Jun/2021:05:32:05 -0400] "POST /wp-login.php HTTP/1.1" 200 9234 "-" "Mozilla/5.0 (X11; Ubuntu; Linux x86_64; rv:62.0) Gecko/20100101 Firefox/62.0"
204.48.19.85 - - [28/Jun/2021:05:32:14 -0400] "POST /wp-cron.php?doing_wp_cron=1624872734.5644710063934326171875 HTTP/1.1" 200 5389 "https://bubandcompany.com/wp-cron.php?doing_wp_cron=1624872734.5644710063934326171875" "WordPress/5.7.2; https://bubandcompany.com"
8.210.116.184 - - [28/Jun/2021:05:32:13 -0400] "POST /xmlrpc.php HTTP/1.1" 200 5092 "-" "Mozilla/5.0 (X11; Ubuntu; Linux x86_64; rv:62.0) Gecko/20100101 Firefox/62.0"
157.245.218.180 - - [28/Jun/2021:05:34:30 -0400] "POST /wp-login.php HTTP/1.1" 200 9939 "-" "Mozilla/5.0 (Windows NT 6.3; Win64; x64) AppleWebKit/537.36 (KHTML, like Gecko) Chrome/67.0.3396.99 Safari/537.36"
75.119.198.100 - - [28/Jun/2021:05:40:49 -0400] "GET /wp-login.php HTTP/1.1" 200 9235 "-" "Mozilla/5.0 (X11; Ubuntu; Linux x86_64; rv:62.0) Gecko/20100101 Firefox/62.0"
75.119.198.100 - - [28/Jun/2021:05:40:50 -0400] "POST /wp-login.php HTTP/1.1" 200 9235 "-" "Mozilla/5.0 (X11; Ubuntu; Linux x86_64; rv:62.0) Gecko/20100101 Firefox/62.0"
204.48.19.85 - - [28/Jun/2021:05:40:51 -0400] "POST /wp-cron.php?doing_wp_cron=1624873251.7859530448913574218750 HTTP/1.1" 200 5389 "https://bubandcompany.com/wp-cron.php?doing_wp_cron=1624873251.7859530448913574218750" "WordPress/5.7.2; https://bubandcompany.com"
75.119.198.100 - - [28/Jun/2021:05:40:50 -0400] "POST /xmlrpc.php HTTP/1.1" 200 5093 "-" "Mozilla/5.0 (X11; Ubuntu; Linux x86_64; rv:62.0) Gecko/20100101 Firefox/62.0"
161.97.178.213 - - [28/Jun/2021:05:51:00 -0400] "GET /wp-login.php HTTP/1.1" 200 9234 "-" "Mozilla/5.0 (X11; Ubuntu; Linux x86_64; rv:62.0) Gecko/20100101 Firefox/62.0"
161.97.178.213 - - [28/Jun/2021:05:51:00 -0400] "POST /wp-login.php HTTP/1.1" 200 9234 "-" "Mozilla/5.0 (X11; Ubuntu; Linux x86_64; rv:62.0) Gecko/20100101 Firefox/62.0"
204.48.19.85 - - [28/Jun/2021:05:51:02 -0400] "POST /wp-cron.php?doing_wp_cron=1624873862.7048299312591552734375 HTTP/1.1" 200 5389 "https://bubandcompany.com/wp-cron.php?doing_wp_cron=1624873862.7048299312591552734375" "WordPress/5.7.2; https://bubandcompany.com"
161.97.178.213 - - [28/Jun/2021:05:51:01 -0400] "POST /xmlrpc.php HTTP/1.1" 200 5094 "-" "Mozilla/5.0 (X11; Ubuntu; Linux x86_64; rv:62.0) Gecko/20100101 Firefox/62.0"
164.68.99.251 - - [28/Jun/2021:06:02:15 -0400] "GET /wp-login.php HTTP/1.1" 200 9235 "-" "Mozilla/5.0 (X11; Ubuntu; Linux x86_64; rv:62.0) Gecko/20100101 Firefox/62.0"
164.68.99.251 - - [28/Jun/2021:06:02:16 -0400] "POST /wp-login.php HTTP/1.1" 200 9235 "-" "Mozilla/5.0 (X11; Ubuntu; Linux x86_64; rv:62.0) Gecko/20100101 Firefox/62.0"
204.48.19.85 - - [28/Jun/2021:06:02:18 -0400] "POST /wp-cron.php?doing_wp_cron=1624874538.3025479316711425781250 HTTP/1.1" 200 5389 "https://bubandcompany.com/wp-cron.php?doing_wp_cron=1624874538.3025479316711425781250" "WordPress/5.7.2; https://bubandcompany.com"
164.68.99.251 - - [28/Jun/2021:06:02:17 -0400] "POST /xmlrpc.php HTTP/1.1" 200 5093 "-" "Mozilla/5.0 (X11; Ubuntu; Linux x86_64; rv:62.0) Gecko/20100101 Firefox/62.0"
188.213.49.221 - - [28/Jun/2021:06:03:26 -0400] "POST /wp-login.php HTTP/1.1" 200 9937 "-" "Mozilla/5.0 (Windows NT 6.3; Win64; x64) AppleWebKit/537.36 (KHTML, like Gecko) Chrome/77.0.3865.90 Safari/537.36"
204.48.19.85 - - [28/Jun/2021:06:05:59 -0400] "POST /wp-cron.php?doing_wp_cron=1624874759.8840529918670654296875 HTTP/1.1" 200 5389 "https://bubandcompany.com/wp-cron.php?doing_wp_cron=1624874759.8840529918670654296875" "WordPress/5.7.2; https://bubandcompany.com"
18.219.44.58 - - [28/Jun/2021:06:05:59 -0400] "GET / HTTP/1.1" 200 7301 "-" "-"
50.62.57.15 - - [28/Jun/2021:06:14:39 -0400] "GET /wp-login.php HTTP/1.1" 200 9232 "-" "Mozilla/5.0 (X11; Ubuntu; Linux x86_64; rv:62.0) Gecko/20100101 Firefox/62.0"
50.62.57.15 - - [28/Jun/2021:06:14:40 -0400] "POST /wp-login.php HTTP/1.1" 200 9232 "-" "Mozilla/5.0 (X11; Ubuntu; Linux x86_64; rv:62.0) Gecko/20100101 Firefox/62.0"
204.48.19.85 - - [28/Jun/2021:06:14:52 -0400] "POST /wp-cron.php?doing_wp_cron=1624875292.3646080493927001953125 HTTP/1.1" 200 5389 "https://bubandcompany.com/wp-cron.php?doing_wp_cron=1624875292.3646080493927001953125" "WordPress/5.7.2; https://bubandcompany.com"
50.62.57.15 - - [28/Jun/2021:06:14:51 -0400] "POST /xmlrpc.php HTTP/1.1" 200 5091 "-" "Mozilla/5.0 (X11; Ubuntu; Linux x86_64; rv:62.0) Gecko/20100101 Firefox/62.0"
204.48.19.85 - - [28/Jun/2021:06:21:58 -0400] "POST /wp-cron.php?doing_wp_cron=1624875718.9847149848937988281250 HTTP/1.1" 200 5389 "https://bubandcompany.com/wp-cron.php?doing_wp_cron=1624875718.9847149848937988281250" "WordPress/5.7.2; https://bubandcompany.com"
157.55.39.57 - - [28/Jun/2021:06:21:58 -0400] "GET /index.php/avada_faq-sitemap.xml HTTP/1.1" 200 5375 "-" "Mozilla/5.0 (compatible; bingbot/2.0; +http://www.bing.com/bingbot.htm)"
151.80.60.22 - - [28/Jun/2021:06:25:42 -0400] "GET /wp-login.php HTTP/1.1" 200 9232 "-" "Mozilla/5.0 (X11; Ubuntu; Linux x86_64; rv:62.0) Gecko/20100101 Firefox/62.0"
151.80.60.22 - - [28/Jun/2021:06:25:43 -0400] "POST /wp-login.php HTTP/1.1" 200 9232 "-" "Mozilla/5.0 (X11; Ubuntu; Linux x86_64; rv:62.0) Gecko/20100101 Firefox/62.0"
204.48.19.85 - - [28/Jun/2021:06:25:45 -0400] "POST /wp-cron.php?doing_wp_cron=1624875945.6404950618743896484375 HTTP/1.1" 200 5389 "https://bubandcompany.com/wp-cron.php?doing_wp_cron=1624875945.6404950618743896484375" "WordPress/5.7.2; https://bubandcompany.com"
151.80.60.22 - - [28/Jun/2021:06:25:44 -0400] "POST /xmlrpc.php HTTP/1.1" 200 5092 "-" "Mozilla/5.0 (X11; Ubuntu; Linux x86_64; rv:62.0) Gecko/20100101 Firefox/62.0"
45.159.204.42 - - [28/Jun/2021:06:37:35 -0400] "GET /wp-login.php HTTP/1.1" 200 9233 "-" "Mozilla/5.0 (X11; Ubuntu; Linux x86_64; rv:62.0) Gecko/20100101 Firefox/62.0"
45.159.204.42 - - [28/Jun/2021:06:37:36 -0400] "POST /wp-login.php HTTP/1.1" 200 9233 "-" "Mozilla/5.0 (X11; Ubuntu; Linux x86_64; rv:62.0) Gecko/20100101 Firefox/62.0"
204.48.19.85 - - [28/Jun/2021:06:37:37 -0400] "POST /wp-cron.php?doing_wp_cron=1624876657.8622560501098632812500 HTTP/1.1" 200 5389 "https://bubandcompany.com/wp-cron.php?doing_wp_cron=1624876657.8622560501098632812500" "WordPress/5.7.2; https://bubandcompany.com"
45.159.204.42 - - [28/Jun/2021:06:37:37 -0400] "POST /xmlrpc.php HTTP/1.1" 200 5093 "-" "Mozilla/5.0 (X11; Ubuntu; Linux x86_64; rv:62.0) Gecko/20100101 Firefox/62.0"
139.99.66.24 - - [28/Jun/2021:06:48:24 -0400] "GET /wp-login.php HTTP/1.1" 200 9233 "-" "Mozilla/5.0 (X11; Ubuntu; Linux x86_64; rv:62.0) Gecko/20100101 Firefox/62.0"
139.99.66.24 - - [28/Jun/2021:06:48:26 -0400] "POST /wp-login.php HTTP/1.1" 200 9233 "-" "Mozilla/5.0 (X11; Ubuntu; Linux x86_64; rv:62.0) Gecko/20100101 Firefox/62.0"
204.48.19.85 - - [28/Jun/2021:06:48:28 -0400] "POST /wp-cron.php?doing_wp_cron=1624877308.2939100265502929687500 HTTP/1.1" 200 5389 "https://bubandcompany.com/wp-cron.php?doing_wp_cron=1624877308.2939100265502929687500" "WordPress/5.7.2; https://bubandcompany.com"
139.99.66.24 - - [28/Jun/2021:06:48:27 -0400] "POST /xmlrpc.php HTTP/1.1" 200 5092 "-" "Mozilla/5.0 (X11; Ubuntu; Linux x86_64; rv:62.0) Gecko/20100101 Firefox/62.0"
35.199.25.131 - - [28/Jun/2021:07:00:09 -0400] "GET /wp-login.php HTTP/1.1" 200 9234 "-" "Mozilla/5.0 (X11; Ubuntu; Linux x86_64; rv:62.0) Gecko/20100101 Firefox/62.0"
35.199.25.131 - - [28/Jun/2021:07:00:09 -0400] "POST /wp-login.php HTTP/1.1" 200 9234 "-" "Mozilla/5.0 (X11; Ubuntu; Linux x86_64; rv:62.0) Gecko/20100101 Firefox/62.0"
35.199.25.131 - - [28/Jun/2021:07:00:10 -0400] "POST /xmlrpc.php HTTP/1.1" 200 5092 "-" "Mozilla/5.0 (X11; Ubuntu; Linux x86_64; rv:62.0) Gecko/20100101 Firefox/62.0"
204.48.19.85 - - [28/Jun/2021:07:00:12 -0400] "POST /wp-cron.php?doing_wp_cron=1624878012.1660380363464355468750 HTTP/1.1" 200 5389 "https://bubandcompany.com/wp-cron.php?doing_wp_cron=1624878012.1660380363464355468750" "WordPress/5.7.2; https://bubandcompany.com"
45.63.2.222 - - [28/Jun/2021:07:01:09 -0400] "POST /wp-login.php HTTP/1.1" 200 9936 "-" "Mozilla/5.0 (Windows NT 10.0; Win64; x64) AppleWebKit/537.36 (KHTML, like Gecko) Chrome/73.0.3683.86 Safari/537.36"
35.208.14.82 - - [28/Jun/2021:07:12:29 -0400] "GET /wp-login.php HTTP/1.1" 200 9233 "-" "Mozilla/5.0 (X11; Ubuntu; Linux x86_64; rv:62.0) Gecko/20100101 Firefox/62.0"
35.208.14.82 - - [28/Jun/2021:07:12:30 -0400] "POST /wp-login.php HTTP/1.1" 200 9233 "-" "Mozilla/5.0 (X11; Ubuntu; Linux x86_64; rv:62.0) Gecko/20100101 Firefox/62.0"
204.48.19.85 - - [28/Jun/2021:07:12:31 -0400] "POST /wp-cron.php?doing_wp_cron=1624878751.4258399009704589843750 HTTP/1.1" 200 5389 "https://bubandcompany.com/wp-cron.php?doing_wp_cron=1624878751.4258399009704589843750" "WordPress/5.7.2; https://bubandcompany.com"
35.208.14.82 - - [28/Jun/2021:07:12:30 -0400] "POST /xmlrpc.php HTTP/1.1" 200 5092 "-" "Mozilla/5.0 (X11; Ubuntu; Linux x86_64; rv:62.0) Gecko/20100101 Firefox/62.0"
23.228.109.147 - - [28/Jun/2021:07:14:52 -0400] "GET /fileupload/server/php/index.php?file=tf2rghf.jpg HTTP/1.1" 301 639 "http://www.google.com/" "Mozilla/5.0 (Windows NT 6.1; Win64; x64) AppleWebKit/537.36 (KHTML, like Gecko) Chrome/56.0.2896.3 Safari/537.36"
23.228.109.147 - - [28/Jun/2021:07:14:53 -0400] "GET /fileupload/server/php/index.php?file=tf2rghf.jpg HTTP/1.1" 404 5182 "http://www.google.com/" "Mozilla/5.0 (Windows NT 6.1; Win64; x64) AppleWebKit/537.36 (KHTML, like Gecko) Chrome/56.0.2896.3 Safari/537.36"
162.241.149.137 - - [28/Jun/2021:07:23:28 -0400] "GET /wp-login.php HTTP/1.1" 200 9235 "-" "Mozilla/5.0 (X11; Ubuntu; Linux x86_64; rv:62.0) Gecko/20100101 Firefox/62.0"
162.241.149.137 - - [28/Jun/2021:07:23:28 -0400] "POST /wp-login.php HTTP/1.1" 200 9235 "-" "Mozilla/5.0 (X11; Ubuntu; Linux x86_64; rv:62.0) Gecko/20100101 Firefox/62.0"
204.48.19.85 - - [28/Jun/2021:07:23:30 -0400] "POST /wp-cron.php?doing_wp_cron=1624879410.3995609283447265625000 HTTP/1.1" 200 5389 "https://bubandcompany.com/wp-cron.php?doing_wp_cron=1624879410.3995609283447265625000" "WordPress/5.7.2; https://bubandcompany.com"
162.241.149.137 - - [28/Jun/2021:07:23:29 -0400] "POST /xmlrpc.php HTTP/1.1" 200 5094 "-" "Mozilla/5.0 (X11; Ubuntu; Linux x86_64; rv:62.0) Gecko/20100101 Firefox/62.0"
46.101.213.183 - - [28/Jun/2021:07:35:30 -0400] "GET /wp-login.php HTTP/1.1" 200 9234 "-" "Mozilla/5.0 (X11; Ubuntu; Linux x86_64; rv:62.0) Gecko/20100101 Firefox/62.0"
46.101.213.183 - - [28/Jun/2021:07:35:31 -0400] "POST /wp-login.php HTTP/1.1" 200 9234 "-" "Mozilla/5.0 (X11; Ubuntu; Linux x86_64; rv:62.0) Gecko/20100101 Firefox/62.0"
46.101.213.183 - - [28/Jun/2021:07:35:32 -0400] "POST /xmlrpc.php HTTP/1.1" 200 5093 "-" "Mozilla/5.0 (X11; Ubuntu; Linux x86_64; rv:62.0) Gecko/20100101 Firefox/62.0"
204.48.19.85 - - [28/Jun/2021:07:35:33 -0400] "POST /wp-cron.php?doing_wp_cron=1624880133.4575719833374023437500 HTTP/1.1" 200 5389 "https://bubandcompany.com/wp-cron.php?doing_wp_cron=1624880133.4575719833374023437500" "WordPress/5.7.2; https://bubandcompany.com"
51.68.79.121 - - [28/Jun/2021:07:39:10 -0400] "POST /wp-login.php HTTP/1.1" 200 9936 "-" "Mozilla/5.0 (Windows NT 6.0) AppleWebKit/537.36 (KHTML, like Gecko) Chrome/49.0.2623.112 Safari/537.36"
64.227.12.160 - - [28/Jun/2021:07:48:47 -0400] "GET /wp-login.php HTTP/1.1" 200 9234 "-" "Mozilla/5.0 (X11; Ubuntu; Linux x86_64; rv:62.0) Gecko/20100101 Firefox/62.0"
64.227.12.160 - - [28/Jun/2021:07:48:51 -0400] "POST /wp-login.php HTTP/1.1" 200 9234 "-" "Mozilla/5.0 (X11; Ubuntu; Linux x86_64; rv:62.0) Gecko/20100101 Firefox/62.0"
64.227.12.160 - - [28/Jun/2021:07:48:53 -0400] "POST /xmlrpc.php HTTP/1.1" 200 5093 "-" "Mozilla/5.0 (X11; Ubuntu; Linux x86_64; rv:62.0) Gecko/20100101 Firefox/62.0"
204.48.19.85 - - [28/Jun/2021:07:48:54 -0400] "POST /wp-cron.php?doing_wp_cron=1624880934.3306040763854980468750 HTTP/1.1" 200 5389 "https://bubandcompany.com/wp-cron.php?doing_wp_cron=1624880934.3306040763854980468750" "WordPress/5.7.2; https://bubandcompany.com"
204.48.19.85 - - [28/Jun/2021:07:48:55 -0400] "POST /wp-admin/admin-ajax.php?action=wp_1_wc_privacy_cleanup&nonce=00059d1f02 HTTP/1.1" 200 5617 "https://bubandcompany.com/wp-admin/admin-ajax.php?action=wp_1_wc_privacy_cleanup&nonce=00059d1f02" "WordPress/5.7.2; https://bubandcompany.com"
18.220.199.37 - - [28/Jun/2021:07:58:34 -0400] "POST /wp-login.php HTTP/1.1" 200 9937 "-" "Mozilla/5.0 (Windows NT 6.1) AppleWebKit/537.36 (KHTML, like Gecko) Chrome/80.0.3987.132 Safari/537.36"
5.9.217.139 - - [28/Jun/2021:08:11:51 -0400] "GET /wp-login.php HTTP/1.1" 200 9232 "-" "Mozilla/5.0 (X11; Ubuntu; Linux x86_64; rv:62.0) Gecko/20100101 Firefox/62.0"
5.9.217.139 - - [28/Jun/2021:08:11:53 -0400] "POST /wp-login.php HTTP/1.1" 200 9232 "-" "Mozilla/5.0 (X11; Ubuntu; Linux x86_64; rv:62.0) Gecko/20100101 Firefox/62.0"
204.48.19.85 - - [28/Jun/2021:08:11:55 -0400] "POST /wp-cron.php?doing_wp_cron=1624882315.5632801055908203125000 HTTP/1.1" 200 5389 "https://bubandcompany.com/wp-cron.php?doing_wp_cron=1624882315.5632801055908203125000" "WordPress/5.7.2; https://bubandcompany.com"
5.9.217.139 - - [28/Jun/2021:08:11:54 -0400] "POST /xmlrpc.php HTTP/1.1" 200 5091 "-" "Mozilla/5.0 (X11; Ubuntu; Linux x86_64; rv:62.0) Gecko/20100101 Firefox/62.0"
75.119.215.210 - - [28/Jun/2021:08:23:58 -0400] "GET /wp-login.php HTTP/1.1" 200 9233 "-" "Mozilla/5.0 (X11; Ubuntu; Linux x86_64; rv:62.0) Gecko/20100101 Firefox/62.0"
75.119.215.210 - - [28/Jun/2021:08:23:59 -0400] "POST /wp-login.php HTTP/1.1" 200 9233 "-" "Mozilla/5.0 (X11; Ubuntu; Linux x86_64; rv:62.0) Gecko/20100101 Firefox/62.0"
204.48.19.85 - - [28/Jun/2021:08:24:01 -0400] "POST /wp-cron.php?doing_wp_cron=1624883041.3223850727081298828125 HTTP/1.1" 200 5389 "https://bubandcompany.com/wp-cron.php?doing_wp_cron=1624883041.3223850727081298828125" "WordPress/5.7.2; https://bubandcompany.com"
75.119.215.210 - - [28/Jun/2021:08:24:00 -0400] "POST /xmlrpc.php HTTP/1.1" 200 5094 "-" "Mozilla/5.0 (X11; Ubuntu; Linux x86_64; rv:62.0) Gecko/20100101 Firefox/62.0"
162.241.101.54 - - [28/Jun/2021:08:37:29 -0400] "GET /wp-login.php HTTP/1.1" 200 9233 "-" "Mozilla/5.0 (X11; Ubuntu; Linux x86_64; rv:62.0) Gecko/20100101 Firefox/62.0"
162.241.101.54 - - [28/Jun/2021:08:37:32 -0400] "POST /wp-login.php HTTP/1.1" 200 9233 "-" "Mozilla/5.0 (X11; Ubuntu; Linux x86_64; rv:62.0) Gecko/20100101 Firefox/62.0"
204.48.19.85 - - [28/Jun/2021:08:37:36 -0400] "POST /wp-cron.php?doing_wp_cron=1624883856.9098761081695556640625 HTTP/1.1" 200 5389 "https://bubandcompany.com/wp-cron.php?doing_wp_cron=1624883856.9098761081695556640625" "WordPress/5.7.2; https://bubandcompany.com"
162.241.101.54 - - [28/Jun/2021:08:37:36 -0400] "POST /xmlrpc.php HTTP/1.1" 200 5093 "-" "Mozilla/5.0 (X11; Ubuntu; Linux x86_64; rv:62.0) Gecko/20100101 Firefox/62.0"
107.180.73.192 - - [28/Jun/2021:08:41:06 -0400] "POST /wp-login.php HTTP/1.1" 200 9937 "-" "Mozilla/5.0 (Windows NT 6.1; WOW64) AppleWebKit/537.36 (KHTML, like Gecko) Chrome/52.0.2743.116 Safari/537.36"
172.96.190.247 - - [28/Jun/2021:08:50:21 -0400] "GET /wp-login.php HTTP/1.1" 200 9234 "-" "Mozilla/5.0 (X11; Ubuntu; Linux x86_64; rv:62.0) Gecko/20100101 Firefox/62.0"
172.96.190.247 - - [28/Jun/2021:08:50:23 -0400] "POST /wp-login.php HTTP/1.1" 200 9234 "-" "Mozilla/5.0 (X11; Ubuntu; Linux x86_64; rv:62.0) Gecko/20100101 Firefox/62.0"
204.48.19.85 - - [28/Jun/2021:08:50:25 -0400] "POST /wp-cron.php?doing_wp_cron=1624884625.5846760272979736328125 HTTP/1.1" 200 5389 "https://bubandcompany.com/wp-cron.php?doing_wp_cron=1624884625.5846760272979736328125" "WordPress/5.7.2; https://bubandcompany.com"
172.96.190.247 - - [28/Jun/2021:08:50:24 -0400] "POST /xmlrpc.php HTTP/1.1" 200 5094 "-" "Mozilla/5.0 (X11; Ubuntu; Linux x86_64; rv:62.0) Gecko/20100101 Firefox/62.0"
160.153.249.218 - - [28/Jun/2021:09:02:21 -0400] "GET /wp-login.php HTTP/1.1" 200 9235 "-" "Mozilla/5.0 (X11; Ubuntu; Linux x86_64; rv:62.0) Gecko/20100101 Firefox/62.0"
160.153.249.218 - - [28/Jun/2021:09:02:22 -0400] "POST /wp-login.php HTTP/1.1" 200 9235 "-" "Mozilla/5.0 (X11; Ubuntu; Linux x86_64; rv:62.0) Gecko/20100101 Firefox/62.0"
204.48.19.85 - - [28/Jun/2021:09:02:23 -0400] "POST /wp-cron.php?doing_wp_cron=1624885343.7156429290771484375000 HTTP/1.1" 200 5389 "https://bubandcompany.com/wp-cron.php?doing_wp_cron=1624885343.7156429290771484375000" "WordPress/5.7.2; https://bubandcompany.com"
160.153.249.218 - - [28/Jun/2021:09:02:22 -0400] "POST /xmlrpc.php HTTP/1.1" 200 5095 "-" "Mozilla/5.0 (X11; Ubuntu; Linux x86_64; rv:62.0) Gecko/20100101 Firefox/62.0"
213.32.58.223 - - [28/Jun/2021:09:13:32 -0400] "POST /wp-login.php HTTP/1.1" 200 9936 "-" "Mozilla/5.0 (Windows NT 6.1; WOW64) AppleWebKit/537.36 (KHTML, like Gecko) Chrome/36.0.1985.125 Safari/537.36"
109.203.123.183 - - [28/Jun/2021:09:15:45 -0400] "GET /wp-login.php HTTP/1.1" 200 9234 "-" "Mozilla/5.0 (X11; Ubuntu; Linux x86_64; rv:62.0) Gecko/20100101 Firefox/62.0"
109.203.123.183 - - [28/Jun/2021:09:15:46 -0400] "POST /wp-login.php HTTP/1.1" 200 9234 "-" "Mozilla/5.0 (X11; Ubuntu; Linux x86_64; rv:62.0) Gecko/20100101 Firefox/62.0"
204.48.19.85 - - [28/Jun/2021:09:15:48 -0400] "POST /wp-cron.php?doing_wp_cron=1624886148.3948040008544921875000 HTTP/1.1" 200 5389 "https://bubandcompany.com/wp-cron.php?doing_wp_cron=1624886148.3948040008544921875000" "WordPress/5.7.2; https://bubandcompany.com"
109.203.123.183 - - [28/Jun/2021:09:15:47 -0400] "POST /xmlrpc.php HTTP/1.1" 200 5094 "-" "Mozilla/5.0 (X11; Ubuntu; Linux x86_64; rv:62.0) Gecko/20100101 Firefox/62.0"
212.227.210.161 - - [28/Jun/2021:09:29:57 -0400] "GET /wp-login.php HTTP/1.1" 200 9234 "-" "Mozilla/5.0 (X11; Ubuntu; Linux x86_64; rv:62.0) Gecko/20100101 Firefox/62.0"
212.227.210.161 - - [28/Jun/2021:09:29:58 -0400] "POST /wp-login.php HTTP/1.1" 200 9234 "-" "Mozilla/5.0 (X11; Ubuntu; Linux x86_64; rv:62.0) Gecko/20100101 Firefox/62.0"
204.48.19.85 - - [28/Jun/2021:09:30:00 -0400] "POST /wp-cron.php?doing_wp_cron=1624887000.5893950462341308593750 HTTP/1.1" 200 5389 "https://bubandcompany.com/wp-cron.php?doing_wp_cron=1624887000.5893950462341308593750" "WordPress/5.7.2; https://bubandcompany.com"
212.227.210.161 - - [28/Jun/2021:09:29:59 -0400] "POST /xmlrpc.php HTTP/1.1" 200 5093 "-" "Mozilla/5.0 (X11; Ubuntu; Linux x86_64; rv:62.0) Gecko/20100101 Firefox/62.0"
104.155.25.185 - - [28/Jun/2021:09:42:28 -0400] "GET /wp-login.php HTTP/1.1" 200 9234 "-" "Mozilla/5.0 (X11; Ubuntu; Linux x86_64; rv:62.0) Gecko/20100101 Firefox/62.0"
104.155.25.185 - - [28/Jun/2021:09:42:30 -0400] "POST /wp-login.php HTTP/1.1" 200 9234 "-" "Mozilla/5.0 (X11; Ubuntu; Linux x86_64; rv:62.0) Gecko/20100101 Firefox/62.0"
204.48.19.85 - - [28/Jun/2021:09:42:31 -0400] "POST /wp-cron.php?doing_wp_cron=1624887751.6140179634094238281250 HTTP/1.1" 200 5389 "https://bubandcompany.com/wp-cron.php?doing_wp_cron=1624887751.6140179634094238281250" "WordPress/5.7.2; https://bubandcompany.com"
104.155.25.185 - - [28/Jun/2021:09:42:30 -0400] "POST /xmlrpc.php HTTP/1.1" 200 5093 "-" "Mozilla/5.0 (X11; Ubuntu; Linux x86_64; rv:62.0) Gecko/20100101 Firefox/62.0"
202.172.26.22 - - [28/Jun/2021:09:44:21 -0400] "POST /wp-login.php HTTP/1.1" 200 9936 "-" "Mozilla/5.0 (Windows NT 6.3; Win64; x64) AppleWebKit/537.36 (KHTML, like Gecko) Chrome/77.0.3865.90 Safari/537.36"
188.166.247.170 - - [28/Jun/2021:09:56:56 -0400] "GET /wp-login.php HTTP/1.1" 200 9235 "-" "Mozilla/5.0 (X11; Ubuntu; Linux x86_64; rv:62.0) Gecko/20100101 Firefox/62.0"
188.166.247.170 - - [28/Jun/2021:09:56:57 -0400] "POST /wp-login.php HTTP/1.1" 200 9235 "-" "Mozilla/5.0 (X11; Ubuntu; Linux x86_64; rv:62.0) Gecko/20100101 Firefox/62.0"
188.166.247.170 - - [28/Jun/2021:09:56:59 -0400] "POST /xmlrpc.php HTTP/1.1" 200 5094 "-" "Mozilla/5.0 (X11; Ubuntu; Linux x86_64; rv:62.0) Gecko/20100101 Firefox/62.0"
204.48.19.85 - - [28/Jun/2021:09:57:00 -0400] "GET / HTTP/1.1" 200 6282 "https://bubandcompany.com/" "WordPress/5.7.2; https://bubandcompany.com"
204.48.19.85 - - [28/Jun/2021:09:57:00 -0400] "POST /wp-cron.php?doing_wp_cron=1624888620.0185039043426513671875 HTTP/1.1" 200 5389 "https://bubandcompany.com/wp-cron.php?doing_wp_cron=1624888620.0185039043426513671875" "WordPress/5.7.2; https://bubandcompany.com"
165.227.206.42 - - [28/Jun/2021:10:12:21 -0400] "GET /wp-login.php HTTP/1.1" 200 9234 "-" "Mozilla/5.0 (X11; Ubuntu; Linux x86_64; rv:62.0) Gecko/20100101 Firefox/62.0"
165.227.206.42 - - [28/Jun/2021:10:12:26 -0400] "POST /wp-login.php HTTP/1.1" 200 9234 "-" "Mozilla/5.0 (X11; Ubuntu; Linux x86_64; rv:62.0) Gecko/20100101 Firefox/62.0"
204.48.19.85 - - [28/Jun/2021:10:12:33 -0400] "POST /wp-cron.php?doing_wp_cron=1624889553.0161049365997314453125 HTTP/1.1" 200 5389 "https://bubandcompany.com/wp-cron.php?doing_wp_cron=1624889553.0161049365997314453125" "WordPress/5.7.2; https://bubandcompany.com"
165.227.206.42 - - [28/Jun/2021:10:12:32 -0400] "POST /xmlrpc.php HTTP/1.1" 200 5093 "-" "Mozilla/5.0 (X11; Ubuntu; Linux x86_64; rv:62.0) Gecko/20100101 Firefox/62.0"
45.40.166.142 - - [28/Jun/2021:10:24:11 -0400] "POST /wp-login.php HTTP/1.1" 200 9936 "-" "Mozilla/5.0 (Windows NT 6.1; WOW64) AppleWebKit/537.36 (KHTML, like Gecko) Chrome/46.0.2490.86 Safari/537.36"
178.128.180.162 - - [28/Jun/2021:10:25:07 -0400] "GET /wp-login.php HTTP/1.1" 200 9235 "-" "Mozilla/5.0 (X11; Ubuntu; Linux x86_64; rv:62.0) Gecko/20100101 Firefox/62.0"
178.128.180.162 - - [28/Jun/2021:10:25:08 -0400] "POST /wp-login.php HTTP/1.1" 200 9235 "-" "Mozilla/5.0 (X11; Ubuntu; Linux x86_64; rv:62.0) Gecko/20100101 Firefox/62.0"
204.48.19.85 - - [28/Jun/2021:10:25:10 -0400] "POST /wp-cron.php?doing_wp_cron=1624890310.2552249431610107421875 HTTP/1.1" 200 5389 "https://bubandcompany.com/wp-cron.php?doing_wp_cron=1624890310.2552249431610107421875" "WordPress/5.7.2; https://bubandcompany.com"
