91.121.175.24 - - [09/Jul/2021:00:37:15 -0400] "GET /wp-config.php.bak HTTP/1.1" 301 558 "-" "Mozilla/5.0 (Windows NT 10.0; WOW64; rv:45.0) Gecko/20100101 Firefox/45.0"
91.121.175.24 - - [09/Jul/2021:00:37:16 -0400] "GET /wp-config.php.bak HTTP/1.1" 404 5821 "-" "Mozilla/5.0 (Windows NT 10.0; WOW64; rv:45.0) Gecko/20100101 Firefox/45.0"
91.121.175.24 - - [09/Jul/2021:00:37:24 -0400] "GET /wp-config.php HTTP/1.1" 301 550 "-" "Mozilla/5.0 (Windows NT 10.0; WOW64; rv:45.0) Gecko/20100101 Firefox/45.0"
204.48.19.85 - - [09/Jul/2021:00:37:25 -0400] "POST /wp-cron.php?doing_wp_cron=1625805445.6133320331573486328125 HTTP/1.1" 200 6229 "https://bubandcompany.com/wp-cron.php?doing_wp_cron=1625805445.6133320331573486328125" "WordPress/5.7.2; https://bubandcompany.com"
91.121.175.24 - - [09/Jul/2021:00:37:24 -0400] "GET /wp-config.php HTTP/1.1" 200 297 "-" "Mozilla/5.0 (Windows NT 10.0; WOW64; rv:45.0) Gecko/20100101 Firefox/45.0"
91.121.175.24 - - [09/Jul/2021:00:37:35 -0400] "GET /wp-config.php.orig HTTP/1.1" 301 560 "-" "Mozilla/5.0 (Windows NT 10.0; WOW64; rv:45.0) Gecko/20100101 Firefox/45.0"
91.121.175.24 - - [09/Jul/2021:00:37:35 -0400] "GET /wp-config.php.orig HTTP/1.1" 404 591 "-" "Mozilla/5.0 (Windows NT 10.0; WOW64; rv:45.0) Gecko/20100101 Firefox/45.0"
91.121.175.24 - - [09/Jul/2021:00:37:40 -0400] "GET /wp-config.orig HTTP/1.1" 301 552 "-" "Mozilla/5.0 (Windows NT 10.0; WOW64; rv:45.0) Gecko/20100101 Firefox/45.0"
91.121.175.24 - - [09/Jul/2021:00:37:40 -0400] "GET /wp-config.orig HTTP/1.1" 404 591 "-" "Mozilla/5.0 (Windows NT 10.0; WOW64; rv:45.0) Gecko/20100101 Firefox/45.0"
91.121.175.24 - - [09/Jul/2021:00:37:48 -0400] "GET /wp-config.php.bkp HTTP/1.1" 301 558 "-" "Mozilla/5.0 (Windows NT 10.0; WOW64; rv:45.0) Gecko/20100101 Firefox/45.0"
91.121.175.24 - - [09/Jul/2021:00:37:48 -0400] "GET /wp-config.php.bkp HTTP/1.1" 404 591 "-" "Mozilla/5.0 (Windows NT 10.0; WOW64; rv:45.0) Gecko/20100101 Firefox/45.0"
91.121.175.24 - - [09/Jul/2021:00:37:57 -0400] "GET /wp-config.bkp HTTP/1.1" 301 550 "-" "Mozilla/5.0 (Windows NT 10.0; WOW64; rv:45.0) Gecko/20100101 Firefox/45.0"
91.121.175.24 - - [09/Jul/2021:00:37:58 -0400] "GET /wp-config.bkp HTTP/1.1" 404 591 "-" "Mozilla/5.0 (Windows NT 10.0; WOW64; rv:45.0) Gecko/20100101 Firefox/45.0"
91.121.175.24 - - [09/Jul/2021:00:38:04 -0400] "GET /wp-config.php.backup HTTP/1.1" 301 564 "-" "Mozilla/5.0 (Windows NT 10.0; WOW64; rv:45.0) Gecko/20100101 Firefox/45.0"
91.121.175.24 - - [09/Jul/2021:00:38:04 -0400] "GET /wp-config.php.backup HTTP/1.1" 404 591 "-" "Mozilla/5.0 (Windows NT 10.0; WOW64; rv:45.0) Gecko/20100101 Firefox/45.0"
91.121.175.24 - - [09/Jul/2021:00:38:15 -0400] "GET /wp-config.backup HTTP/1.1" 301 556 "-" "Mozilla/5.0 (Windows NT 10.0; WOW64; rv:45.0) Gecko/20100101 Firefox/45.0"
91.121.175.24 - - [09/Jul/2021:00:38:15 -0400] "GET /wp-config.backup HTTP/1.1" 404 591 "-" "Mozilla/5.0 (Windows NT 10.0; WOW64; rv:45.0) Gecko/20100101 Firefox/45.0"
91.121.175.24 - - [09/Jul/2021:00:38:20 -0400] "GET /wp-config.txt HTTP/1.1" 301 550 "-" "Mozilla/5.0 (Windows NT 10.0; WOW64; rv:45.0) Gecko/20100101 Firefox/45.0"
91.121.175.24 - - [09/Jul/2021:00:38:20 -0400] "GET /wp-config.txt HTTP/1.1" 404 462 "-" "Mozilla/5.0 (Windows NT 10.0; WOW64; rv:45.0) Gecko/20100101 Firefox/45.0"
91.121.175.24 - - [09/Jul/2021:00:38:32 -0400] "GET /wp-config.original HTTP/1.1" 301 560 "-" "Mozilla/5.0 (Windows NT 10.0; WOW64; rv:45.0) Gecko/20100101 Firefox/45.0"
91.121.175.24 - - [09/Jul/2021:00:38:32 -0400] "GET /wp-config.original HTTP/1.1" 404 591 "-" "Mozilla/5.0 (Windows NT 10.0; WOW64; rv:45.0) Gecko/20100101 Firefox/45.0"
91.121.175.24 - - [09/Jul/2021:00:38:37 -0400] "GET /wp-config.php.original HTTP/1.1" 301 568 "-" "Mozilla/5.0 (Windows NT 10.0; WOW64; rv:45.0) Gecko/20100101 Firefox/45.0"
91.121.175.24 - - [09/Jul/2021:00:38:38 -0400] "GET /wp-config.php.original HTTP/1.1" 404 591 "-" "Mozilla/5.0 (Windows NT 10.0; WOW64; rv:45.0) Gecko/20100101 Firefox/45.0"
91.121.175.24 - - [09/Jul/2021:00:38:42 -0400] "GET /wp-admin/admin-post.php?alg_wc_pif_download_file=..%2F..%2F..%2F..%2F..%2Fwp-config.php HTTP/1.1" 301 698 "-" "Mozilla/5.0 (Windows NT 10.0; WOW64; rv:45.0) Gecko/20100101 Firefox/45.0"
204.48.19.85 - - [09/Jul/2021:00:38:43 -0400] "POST /wp-cron.php?doing_wp_cron=1625805523.3901031017303466796875 HTTP/1.1" 200 6229 "https://bubandcompany.com/wp-cron.php?doing_wp_cron=1625805523.3901031017303466796875" "WordPress/5.7.2; https://bubandcompany.com"
91.121.175.24 - - [09/Jul/2021:00:38:42 -0400] "GET /wp-admin/admin-post.php?alg_wc_pif_download_file=..%2F..%2F..%2F..%2F..%2Fwp-config.php HTTP/1.1" 200 400 "-" "Mozilla/5.0 (Windows NT 10.0; WOW64; rv:45.0) Gecko/20100101 Firefox/45.0"
91.121.175.24 - - [09/Jul/2021:00:38:55 -0400] "GET /wp-admin/admin-post.php?alg_wc_pif_download_file=..%2Fwp-config.php HTTP/1.1" 301 658 "-" "Mozilla/5.0 (Windows NT 10.0; WOW64; rv:45.0) Gecko/20100101 Firefox/45.0"
91.121.175.24 - - [09/Jul/2021:00:38:56 -0400] "GET /wp-admin/admin-post.php?alg_wc_pif_download_file=..%2Fwp-config.php HTTP/1.1" 200 529 "-" "Mozilla/5.0 (Windows NT 10.0; WOW64; rv:45.0) Gecko/20100101 Firefox/45.0"
91.121.175.24 - - [09/Jul/2021:00:39:01 -0400] "GET /wp-admin/admin-ajax.php?action=duplicator_download&file=..%2Fwp-config.php HTTP/1.1" 301 676 "-" "Mozilla/5.0 (Windows NT 10.0; WOW64; rv:45.0) Gecko/20100101 Firefox/45.0"
91.121.175.24 - - [09/Jul/2021:00:39:01 -0400] "GET /wp-admin/admin-ajax.php?action=duplicator_download&file=..%2Fwp-config.php HTTP/1.1" 400 425 "-" "Mozilla/5.0 (Windows NT 10.0; WOW64; rv:45.0) Gecko/20100101 Firefox/45.0"
91.121.175.24 - - [09/Jul/2021:00:39:14 -0400] "GET /wp-admin/admin-ajax.php?action=revslider_show_image&img=..%2Fwp-config.php HTTP/1.1" 301 676 "-" "Mozilla/5.0 (Windows NT 10.0; WOW64; rv:45.0) Gecko/20100101 Firefox/45.0"
91.121.175.24 - - [09/Jul/2021:00:39:14 -0400] "GET /wp-admin/admin-ajax.php?action=revslider_show_image&img=..%2Fwp-config.php HTTP/1.1" 400 5784 "-" "Mozilla/5.0 (Windows NT 10.0; WOW64; rv:45.0) Gecko/20100101 Firefox/45.0"
91.121.175.24 - - [09/Jul/2021:00:39:20 -0400] "GET /wp-content/plugins/media-library-assistant/includes/mla-file-downloader.php?mla_download_type=text%2Fhtml&mla_download_file=..%2F..%2F..%2F..%2Fwp-config.php HTTP/1.1" 301 842 "-" "Mozilla/5.0 (Windows NT 10.0; WOW64; rv:45.0) Gecko/20100101 Firefox/45.0"
91.121.175.24 - - [09/Jul/2021:00:39:21 -0400] "GET /wp-content/plugins/media-library-assistant/includes/mla-file-downloader.php?mla_download_type=text%2Fhtml&mla_download_file=..%2F..%2F..%2F..%2Fwp-config.php HTTP/1.1" 404 5821 "-" "Mozilla/5.0 (Windows NT 10.0; WOW64; rv:45.0) Gecko/20100101 Firefox/45.0"
91.121.175.24 - - [09/Jul/2021:00:39:32 -0400] "GET /wp-content/plugins/wechat-broadcast/wechat/Image.php?url=..%2F..%2F..%2F..%2Fwp-config.php HTTP/1.1" 301 704 "-" "Mozilla/5.0 (Windows NT 10.0; WOW64; rv:45.0) Gecko/20100101 Firefox/45.0"
91.121.175.24 - - [09/Jul/2021:00:39:32 -0400] "GET /wp-content/plugins/wechat-broadcast/wechat/Image.php?url=..%2F..%2F..%2F..%2Fwp-config.php HTTP/1.1" 404 591 "-" "Mozilla/5.0 (Windows NT 10.0; WOW64; rv:45.0) Gecko/20100101 Firefox/45.0"
91.121.175.24 - - [09/Jul/2021:00:39:38 -0400] "GET /wp-admin/admin.php?page=miwoftp&option=com_miwoftp&action=download&dir=%2F&item=..%2Fwp-config.php&order=name&srt=yes HTTP/1.1" 301 782 "-" "Mozilla/5.0 (Windows NT 10.0; WOW64; rv:45.0) Gecko/20100101 Firefox/45.0"
204.48.19.85 - - [09/Jul/2021:00:39:39 -0400] "POST /wp-cron.php?doing_wp_cron=1625805579.2599089145660400390625 HTTP/1.1" 200 6229 "https://bubandcompany.com/wp-cron.php?doing_wp_cron=1625805579.2599089145660400390625" "WordPress/5.7.2; https://bubandcompany.com"
91.121.175.24 - - [09/Jul/2021:00:39:38 -0400] "GET /wp-admin/admin.php?page=miwoftp&option=com_miwoftp&action=download&dir=%2F&item=..%2Fwp-config.php&order=name&srt=yes HTTP/1.1" 302 676 "-" "Mozilla/5.0 (Windows NT 10.0; WOW64; rv:45.0) Gecko/20100101 Firefox/45.0"
91.121.175.24 - - [09/Jul/2021:00:39:40 -0400] "GET /wp-login.php?redirect_to=https%3A%2F%2Fbubandcompany.com%2Fwp-admin%2Fadmin.php%3Fpage%3Dmiwoftp%26option%3Dcom_miwoftp%26action%3Ddownload%26dir%3D%252F%26item%3D..%252Fwp-config.php%26order%3Dname%26srt%3Dyes&reauth=1 HTTP/1.1" 200 4961 "-" "Mozilla/5.0 (Windows NT 10.0; WOW64; rv:45.0) Gecko/20100101 Firefox/45.0"
91.121.175.24 - - [09/Jul/2021:00:39:53 -0400] "GET /wp-content/plugins/site-import/admin/page.php?url=..%2F..%2F..%2F..%2Fwp-config.php HTTP/1.1" 301 690 "-" "Mozilla/5.0 (Windows NT 10.0; WOW64; rv:45.0) Gecko/20100101 Firefox/45.0"
91.121.175.24 - - [09/Jul/2021:00:39:54 -0400] "GET /wp-content/plugins/site-import/admin/page.php?url=..%2F..%2F..%2F..%2Fwp-config.php HTTP/1.1" 404 591 "-" "Mozilla/5.0 (Windows NT 10.0; WOW64; rv:45.0) Gecko/20100101 Firefox/45.0"
193.56.29.193 - - [09/Jul/2021:00:52:34 -0400] "GET / HTTP/1.1" 301 592 "-" "python-requests/2.25.1"
193.56.29.193 - - [09/Jul/2021:00:52:34 -0400] "GET / HTTP/1.1" 301 580 "-" "python-requests/2.25.1"
193.56.29.193 - - [09/Jul/2021:00:52:34 -0400] "GET / HTTP/1.1" 200 7159 "-" "python-requests/2.25.1"
204.48.19.85 - - [09/Jul/2021:00:52:35 -0400] "POST /wp-cron.php?doing_wp_cron=1625806355.6502571105957031250000 HTTP/1.1" 200 6229 "https://bubandcompany.com/wp-cron.php?doing_wp_cron=1625806355.6502571105957031250000" "WordPress/5.7.2; https://bubandcompany.com"
193.56.29.193 - - [09/Jul/2021:00:52:34 -0400] "GET / HTTP/1.1" 200 7191 "-" "python-requests/2.25.1"
204.48.19.85 - - [09/Jul/2021:01:05:57 -0400] "POST /wp-cron.php?doing_wp_cron=1625807157.3892490863800048828125 HTTP/1.1" 200 6229 "https://bubandcompany.com/wp-cron.php?doing_wp_cron=1625807157.3892490863800048828125" "WordPress/5.7.2; https://bubandcompany.com"
157.55.39.69 - - [09/Jul/2021:01:05:56 -0400] "GET /index.php/sitemap_index.xml HTTP/1.1" 200 6316 "-" "Mozilla/5.0 (compatible; bingbot/2.0; +http://www.bing.com/bingbot.htm)"
40.77.167.40 - - [09/Jul/2021:01:08:28 -0400] "GET /robots.txt HTTP/1.1" 301 600 "-" "Mozilla/5.0 (compatible; bingbot/2.0; +http://www.bing.com/bingbot.htm)"
40.77.167.40 - - [09/Jul/2021:01:08:28 -0400] "GET /robots.txt HTTP/1.1" 404 6090 "-" "Mozilla/5.0 (compatible; bingbot/2.0; +http://www.bing.com/bingbot.htm)"
40.77.167.28 - - [09/Jul/2021:01:08:31 -0400] "GET / HTTP/1.1" 301 580 "-" "Mozilla/5.0 (compatible; bingbot/2.0; +http://www.bing.com/bingbot.htm)"
34.86.35.12 - - [09/Jul/2021:01:34:30 -0400] "GET / HTTP/1.1" 301 536 "-" "Expanse, a Palo Alto Networks company, searches across the global IPv4 space multiple times per day to identify customers&#39; presences on the Internet. If you would like to be excluded from our scans, please send IP addresses/domains to: scaninfo@paloaltonetworks.com"
204.48.19.85 - - [09/Jul/2021:02:47:10 -0400] "POST /wp-cron.php?doing_wp_cron=1625813230.4718101024627685546875 HTTP/1.1" 200 6229 "https://bubandcompany.com/wp-cron.php?doing_wp_cron=1625813230.4718101024627685546875" "WordPress/5.7.2; https://bubandcompany.com"
54.36.148.57 - - [09/Jul/2021:02:47:09 -0400] "GET / HTTP/1.1" 200 7103 "-" "Mozilla/5.0 (compatible; AhrefsBot/7.0; +http://ahrefs.com/robot/)"
204.48.19.85 - - [09/Jul/2021:02:57:10 -0400] "POST /wp-cron.php?doing_wp_cron=1625813830.0448369979858398437500 HTTP/1.1" 200 6229 "https://bubandcompany.com/wp-cron.php?doing_wp_cron=1625813830.0448369979858398437500" "WordPress/5.7.2; https://bubandcompany.com"
207.46.13.92 - - [09/Jul/2021:02:57:09 -0400] "GET /index.php/tag/travel/ HTTP/1.1" 200 6639 "-" "Mozilla/5.0 (compatible; bingbot/2.0; +http://www.bing.com/bingbot.htm)"
66.33.194.39 - - [09/Jul/2021:03:00:29 -0400] "GET / HTTP/1.1" 301 524 "http://bubandcompany.com" "Mozilla/5.0 (Windows; U; Windows NT 5.1; en-US) AppleWebKit/533.4 (KHTML, like Gecko) Chrome/5.0.375.99 Safari/533.4"
66.33.194.39 - - [09/Jul/2021:03:00:29 -0400] "GET / HTTP/1.1" 200 8635 "http://bubandcompany.com/" "Mozilla/5.0 (Windows; U; Windows NT 5.1; en-US) AppleWebKit/533.4 (KHTML, like Gecko) Chrome/5.0.375.99 Safari/533.4"
204.48.19.85 - - [09/Jul/2021:03:00:30 -0400] "POST /wp-cron.php?doing_wp_cron=1625814030.8681058883666992187500 HTTP/1.1" 200 6229 "https://bubandcompany.com/wp-cron.php?doing_wp_cron=1625814030.8681058883666992187500" "WordPress/5.7.2; https://bubandcompany.com"
34.75.211.75 - - [09/Jul/2021:03:49:45 -0400] "GET /robots.txt HTTP/1.0" 301 563 "-" "ZoominfoBot (zoominfobot at zoominfo dot com)"
34.75.211.75 - - [09/Jul/2021:03:49:45 -0400] "GET /robots.txt HTTP/1.1" 404 5792 "-" "ZoominfoBot (zoominfobot at zoominfo dot com)"
34.75.211.75 - - [09/Jul/2021:03:49:45 -0400] "GET /wp-login.php HTTP/1.0" 301 567 "-" "ZoominfoBot (zoominfobot at zoominfo dot com)"
34.75.211.75 - - [09/Jul/2021:03:49:45 -0400] "GET /robots.txt HTTP/1.0" 404 481 "-" "ZoominfoBot (zoominfobot at zoominfo dot com)"
204.48.19.85 - - [09/Jul/2021:03:49:46 -0400] "POST /wp-cron.php?doing_wp_cron=1625816986.5701680183410644531250 HTTP/1.1" 200 6229 "https://bubandcompany.com/wp-cron.php?doing_wp_cron=1625816986.5701680183410644531250" "WordPress/5.7.2; https://bubandcompany.com"
34.75.211.75 - - [09/Jul/2021:03:49:45 -0400] "GET /wp-login.php HTTP/1.0" 200 3000 "-" "ZoominfoBot (zoominfobot at zoominfo dot com)"
204.48.19.85 - - [09/Jul/2021:03:56:39 -0400] "POST /wp-cron.php?doing_wp_cron=1625817399.9827570915222167968750 HTTP/1.1" 200 6229 "https://bubandcompany.com/wp-cron.php?doing_wp_cron=1625817399.9827570915222167968750" "WordPress/5.7.2; https://bubandcompany.com"
34.75.211.75 - - [09/Jul/2021:03:56:38 -0400] "GET /wp-login.php HTTP/1.0" 200 8197 "-" "ZoominfoBot (zoominfobot at zoominfo dot com)"
138.246.253.24 - - [09/Jul/2021:04:42:03 -0400] "GET /robots.txt HTTP/1.1" 404 6489 "-" "Mozilla/5.0 (Windows NT 10.0; Win64; x64) AppleWebKit/537.36 (KHTML, like Gecko) Chrome/88.0.4324.146 Safari/537.36"
40.77.167.48 - - [09/Jul/2021:04:57:00 -0400] "GET /robots.txt HTTP/1.1" 404 6070 "-" "Mozilla/5.0 (compatible; bingbot/2.0; +http://www.bing.com/bingbot.htm)"
204.48.19.85 - - [09/Jul/2021:04:57:10 -0400] "POST /wp-cron.php?doing_wp_cron=1625821030.5256559848785400390625 HTTP/1.1" 200 6229 "https://bubandcompany.com/wp-cron.php?doing_wp_cron=1625821030.5256559848785400390625" "WordPress/5.7.2; https://bubandcompany.com"
207.46.13.60 - - [09/Jul/2021:04:57:09 -0400] "GET /index.php/toddler-t-shirts/ HTTP/1.1" 200 6639 "-" "Mozilla/5.0 (compatible; bingbot/2.0; +http://www.bing.com/bingbot.htm)"
23.228.109.147 - - [09/Jul/2021:06:53:19 -0400] "GET /wp-content/plugins/arcadepress/php/upload.php HTTP/1.1" 301 633 "http://www.google.com/" "Mozilla/5.0 (Windows NT 6.1; Win64; x64) AppleWebKit/537.36 (KHTML, like Gecko) Chrome/56.0.2896.3 Safari/537.36"
23.228.109.147 - - [09/Jul/2021:06:53:20 -0400] "GET /wp-content/plugins/arcadepress/php/upload.php HTTP/1.1" 404 6022 "http://www.google.com/" "Mozilla/5.0 (Windows NT 6.1; Win64; x64) AppleWebKit/537.36 (KHTML, like Gecko) Chrome/56.0.2896.3 Safari/537.36"
34.74.89.118 - - [09/Jul/2021:07:05:26 -0400] "GET /robots.txt HTTP/1.0" 301 563 "-" "ZoominfoBot (zoominfobot at zoominfo dot com)"
34.74.89.118 - - [09/Jul/2021:07:05:26 -0400] "GET /robots.txt HTTP/1.1" 404 5792 "-" "ZoominfoBot (zoominfobot at zoominfo dot com)"
34.74.89.118 - - [09/Jul/2021:07:05:26 -0400] "GET /wp-login.php HTTP/1.0" 301 567 "-" "ZoominfoBot (zoominfobot at zoominfo dot com)"
34.74.89.118 - - [09/Jul/2021:07:05:26 -0400] "GET /robots.txt HTTP/1.0" 404 481 "-" "ZoominfoBot (zoominfobot at zoominfo dot com)"
204.48.19.85 - - [09/Jul/2021:07:05:28 -0400] "POST /wp-cron.php?doing_wp_cron=1625828728.2448050975799560546875 HTTP/1.1" 200 6229 "https://bubandcompany.com/wp-cron.php?doing_wp_cron=1625828728.2448050975799560546875" "WordPress/5.7.2; https://bubandcompany.com"
34.74.89.118 - - [09/Jul/2021:07:05:26 -0400] "GET /wp-login.php HTTP/1.0" 200 3000 "-" "ZoominfoBot (zoominfobot at zoominfo dot com)"
204.48.19.85 - - [09/Jul/2021:07:12:53 -0400] "POST /wp-cron.php?doing_wp_cron=1625829173.3697760105133056640625 HTTP/1.1" 200 6229 "https://bubandcompany.com/wp-cron.php?doing_wp_cron=1625829173.3697760105133056640625" "WordPress/5.7.2; https://bubandcompany.com"
34.74.89.118 - - [09/Jul/2021:07:12:52 -0400] "GET /wp-login.php HTTP/1.0" 200 8197 "-" "ZoominfoBot (zoominfobot at zoominfo dot com)"
20.62.91.188 - - [09/Jul/2021:08:18:10 -0400] "GET / HTTP/1.1" 301 580 "-" "Mozilla/5.0 (Windows NT 10.0; Win64; x64) AppleWebKit/537.36 (KHTML, like Gecko) Chrome/88.0.4240.193 Safari/537.36"
20.62.91.188 - - [09/Jul/2021:08:18:10 -0400] "GET / HTTP/1.1" 200 8226 "-" "Mozilla/5.0 (Windows NT 10.0; Win64; x64) AppleWebKit/537.36 (KHTML, like Gecko) Chrome/88.0.4240.193 Safari/537.36"
20.62.91.188 - - [09/Jul/2021:08:18:14 -0400] "GET //wp-includes/wlwmanifest.xml HTTP/1.1" 200 1388 "-" "Mozilla/5.0 (Windows NT 10.0; Win64; x64) AppleWebKit/537.36 (KHTML, like Gecko) Chrome/88.0.4240.193 Safari/537.36"
20.62.91.188 - - [09/Jul/2021:08:18:14 -0400] "GET //?author=1 HTTP/1.1" 200 2613 "-" "Mozilla/5.0 (Windows NT 10.0; Win64; x64) AppleWebKit/537.36 (KHTML, like Gecko) Chrome/88.0.4240.193 Safari/537.36"
20.62.91.188 - - [09/Jul/2021:08:18:16 -0400] "GET //?author=2 HTTP/1.1" 200 2613 "-" "Mozilla/5.0 (Windows NT 10.0; Win64; x64) AppleWebKit/537.36 (KHTML, like Gecko) Chrome/88.0.4240.193 Safari/537.36"
20.62.91.188 - - [09/Jul/2021:08:18:17 -0400] "GET //?author=3 HTTP/1.1" 200 2613 "-" "Mozilla/5.0 (Windows NT 10.0; Win64; x64) AppleWebKit/537.36 (KHTML, like Gecko) Chrome/88.0.4240.193 Safari/537.36"
20.62.91.188 - - [09/Jul/2021:08:18:20 -0400] "GET //wp-json/wp/v2/users/ HTTP/1.1" 404 525 "-" "Mozilla/5.0 (Windows NT 10.0; Win64; x64) AppleWebKit/537.36 (KHTML, like Gecko) Chrome/88.0.4240.193 Safari/537.36"
20.62.91.188 - - [09/Jul/2021:08:18:20 -0400] "GET //wp-json/oembed/1.0/embed?url=https://bubandcompany.com/ HTTP/1.1" 404 525 "-" "Mozilla/5.0 (Windows NT 10.0; Win64; x64) AppleWebKit/537.36 (KHTML, like Gecko) Chrome/88.0.4240.193 Safari/537.36"
204.48.19.85 - - [09/Jul/2021:08:18:13 -0400] "POST /wp-cron.php?doing_wp_cron=1625833093.0701611042022705078125 HTTP/1.1" 200 6229 "https://bubandcompany.com/wp-cron.php?doing_wp_cron=1625833093.0701611042022705078125" "WordPress/5.7.2; https://bubandcompany.com"
204.48.19.85 - - [09/Jul/2021:08:18:18 -0400] "POST /wp-admin/admin-ajax.php?action=wp_1_wc_privacy_cleanup&nonce=df77e7f592 HTTP/1.1" 200 6457 "https://bubandcompany.com/wp-admin/admin-ajax.php?action=wp_1_wc_privacy_cleanup&nonce=df77e7f592" "WordPress/5.7.2; https://bubandcompany.com"
20.62.91.188 - - [09/Jul/2021:08:18:20 -0400] "POST //xmlrpc.php HTTP/1.1" 200 789 "-" "Mozilla/5.0 (Windows NT 10.0; Win64; x64) AppleWebKit/537.36 (KHTML, like Gecko) Chrome/88.0.4240.193 Safari/537.36"
204.48.19.85 - - [09/Jul/2021:08:18:23 -0400] "POST /wp-cron.php?doing_wp_cron=1625833103.5079979896545410156250 HTTP/1.1" 200 6229 "https://bubandcompany.com/wp-cron.php?doing_wp_cron=1625833103.5079979896545410156250" "WordPress/5.7.2; https://bubandcompany.com"
20.62.91.188 - - [09/Jul/2021:08:18:24 -0400] "POST //xmlrpc.php HTTP/1.1" 200 6351 "-" "Mozilla/5.0 (Windows NT 10.0; Win64; x64) AppleWebKit/537.36 (KHTML, like Gecko) Chrome/88.0.4240.193 Safari/537.36"
204.48.19.85 - - [09/Jul/2021:08:18:21 -0400] "POST /wp-admin/admin-ajax.php?action=as_async_request_queue_runner&nonce=71e9f333a6 HTTP/1.1" 200 6457 "https://bubandcompany.com/wp-admin/admin-ajax.php?action=as_async_request_queue_runner&nonce=71e9f333a6" "WordPress/5.7.2; https://bubandcompany.com"
20.62.91.188 - - [09/Jul/2021:08:18:27 -0400] "POST //xmlrpc.php HTTP/1.1" 200 6215 "-" "Mozilla/5.0 (Windows NT 10.0; Win64; x64) AppleWebKit/537.36 (KHTML, like Gecko) Chrome/88.0.4240.193 Safari/537.36"
204.48.19.85 - - [09/Jul/2021:08:18:29 -0400] "POST /wp-cron.php?doing_wp_cron=1625833109.9553289413452148437500 HTTP/1.1" 200 6229 "https://bubandcompany.com/wp-cron.php?doing_wp_cron=1625833109.9553289413452148437500" "WordPress/5.7.2; https://bubandcompany.com"
20.62.91.188 - - [09/Jul/2021:08:18:31 -0400] "POST //xmlrpc.php HTTP/1.1" 200 6351 "-" "Mozilla/5.0 (Windows NT 10.0; Win64; x64) AppleWebKit/537.36 (KHTML, like Gecko) Chrome/88.0.4240.193 Safari/537.36"
20.62.91.188 - - [09/Jul/2021:08:18:34 -0400] "POST //xmlrpc.php HTTP/1.1" 200 6351 "-" "Mozilla/5.0 (Windows NT 10.0; Win64; x64) AppleWebKit/537.36 (KHTML, like Gecko) Chrome/88.0.4240.193 Safari/537.36"
20.62.91.188 - - [09/Jul/2021:08:18:36 -0400] "POST //xmlrpc.php HTTP/1.1" 200 6351 "-" "Mozilla/5.0 (Windows NT 10.0; Win64; x64) AppleWebKit/537.36 (KHTML, like Gecko) Chrome/88.0.4240.193 Safari/537.36"
20.62.91.188 - - [09/Jul/2021:08:18:38 -0400] "POST //xmlrpc.php HTTP/1.1" 200 6351 "-" "Mozilla/5.0 (Windows NT 10.0; Win64; x64) AppleWebKit/537.36 (KHTML, like Gecko) Chrome/88.0.4240.193 Safari/537.36"
204.48.19.85 - - [09/Jul/2021:08:18:40 -0400] "POST /wp-cron.php?doing_wp_cron=1625833120.1435060501098632812500 HTTP/1.1" 200 6229 "https://bubandcompany.com/wp-cron.php?doing_wp_cron=1625833120.1435060501098632812500" "WordPress/5.7.2; https://bubandcompany.com"
20.62.91.188 - - [09/Jul/2021:08:18:41 -0400] "POST //xmlrpc.php HTTP/1.1" 200 6351 "-" "Mozilla/5.0 (Windows NT 10.0; Win64; x64) AppleWebKit/537.36 (KHTML, like Gecko) Chrome/88.0.4240.193 Safari/537.36"
20.62.91.188 - - [09/Jul/2021:08:18:43 -0400] "POST //xmlrpc.php HTTP/1.1" 200 6351 "-" "Mozilla/5.0 (Windows NT 10.0; Win64; x64) AppleWebKit/537.36 (KHTML, like Gecko) Chrome/88.0.4240.193 Safari/537.36"
20.62.91.188 - - [09/Jul/2021:08:18:45 -0400] "POST //xmlrpc.php HTTP/1.1" 200 6351 "-" "Mozilla/5.0 (Windows NT 10.0; Win64; x64) AppleWebKit/537.36 (KHTML, like Gecko) Chrome/88.0.4240.193 Safari/537.36"
20.62.91.188 - - [09/Jul/2021:08:18:47 -0400] "POST //xmlrpc.php HTTP/1.1" 200 6351 "-" "Mozilla/5.0 (Windows NT 10.0; Win64; x64) AppleWebKit/537.36 (KHTML, like Gecko) Chrome/88.0.4240.193 Safari/537.36"
20.62.91.188 - - [09/Jul/2021:08:18:50 -0400] "POST //xmlrpc.php HTTP/1.1" 200 6351 "-" "Mozilla/5.0 (Windows NT 10.0; Win64; x64) AppleWebKit/537.36 (KHTML, like Gecko) Chrome/88.0.4240.193 Safari/537.36"
20.62.91.188 - - [09/Jul/2021:08:18:51 -0400] "POST //xmlrpc.php HTTP/1.1" 200 6351 "-" "Mozilla/5.0 (Windows NT 10.0; Win64; x64) AppleWebKit/537.36 (KHTML, like Gecko) Chrome/88.0.4240.193 Safari/537.36"
20.62.91.188 - - [09/Jul/2021:08:18:54 -0400] "POST //xmlrpc.php HTTP/1.1" 200 6351 "-" "Mozilla/5.0 (Windows NT 10.0; Win64; x64) AppleWebKit/537.36 (KHTML, like Gecko) Chrome/88.0.4240.193 Safari/537.36"
20.62.91.188 - - [09/Jul/2021:08:18:57 -0400] "POST //xmlrpc.php HTTP/1.1" 200 6351 "-" "Mozilla/5.0 (Windows NT 10.0; Win64; x64) AppleWebKit/537.36 (KHTML, like Gecko) Chrome/88.0.4240.193 Safari/537.36"
20.62.91.188 - - [09/Jul/2021:08:18:59 -0400] "POST //xmlrpc.php HTTP/1.1" 200 6351 "-" "Mozilla/5.0 (Windows NT 10.0; Win64; x64) AppleWebKit/537.36 (KHTML, like Gecko) Chrome/88.0.4240.193 Safari/537.36"
20.62.91.188 - - [09/Jul/2021:08:19:01 -0400] "POST //xmlrpc.php HTTP/1.1" 200 6351 "-" "Mozilla/5.0 (Windows NT 10.0; Win64; x64) AppleWebKit/537.36 (KHTML, like Gecko) Chrome/88.0.4240.193 Safari/537.36"
20.62.91.188 - - [09/Jul/2021:08:19:04 -0400] "POST //xmlrpc.php HTTP/1.1" 200 6351 "-" "Mozilla/5.0 (Windows NT 10.0; Win64; x64) AppleWebKit/537.36 (KHTML, like Gecko) Chrome/88.0.4240.193 Safari/537.36"
20.62.91.188 - - [09/Jul/2021:08:19:06 -0400] "POST //xmlrpc.php HTTP/1.1" 200 6351 "-" "Mozilla/5.0 (Windows NT 10.0; Win64; x64) AppleWebKit/537.36 (KHTML, like Gecko) Chrome/88.0.4240.193 Safari/537.36"
20.62.91.188 - - [09/Jul/2021:08:19:08 -0400] "POST //xmlrpc.php HTTP/1.1" 200 6351 "-" "Mozilla/5.0 (Windows NT 10.0; Win64; x64) AppleWebKit/537.36 (KHTML, like Gecko) Chrome/88.0.4240.193 Safari/537.36"
20.62.91.188 - - [09/Jul/2021:08:19:11 -0400] "POST //xmlrpc.php HTTP/1.1" 200 6351 "-" "Mozilla/5.0 (Windows NT 10.0; Win64; x64) AppleWebKit/537.36 (KHTML, like Gecko) Chrome/88.0.4240.193 Safari/537.36"
20.62.91.188 - - [09/Jul/2021:08:19:14 -0400] "POST //xmlrpc.php HTTP/1.1" 200 6351 "-" "Mozilla/5.0 (Windows NT 10.0; Win64; x64) AppleWebKit/537.36 (KHTML, like Gecko) Chrome/88.0.4240.193 Safari/537.36"
20.62.91.188 - - [09/Jul/2021:08:19:17 -0400] "POST //xmlrpc.php HTTP/1.1" 200 6351 "-" "Mozilla/5.0 (Windows NT 10.0; Win64; x64) AppleWebKit/537.36 (KHTML, like Gecko) Chrome/88.0.4240.193 Safari/537.36"
20.62.91.188 - - [09/Jul/2021:08:19:18 -0400] "POST //xmlrpc.php HTTP/1.1" 200 6351 "-" "Mozilla/5.0 (Windows NT 10.0; Win64; x64) AppleWebKit/537.36 (KHTML, like Gecko) Chrome/88.0.4240.193 Safari/537.36"
20.62.91.188 - - [09/Jul/2021:08:19:21 -0400] "POST //xmlrpc.php HTTP/1.1" 200 6351 "-" "Mozilla/5.0 (Windows NT 10.0; Win64; x64) AppleWebKit/537.36 (KHTML, like Gecko) Chrome/88.0.4240.193 Safari/537.36"
20.62.91.188 - - [09/Jul/2021:08:19:23 -0400] "POST //xmlrpc.php HTTP/1.1" 200 6351 "-" "Mozilla/5.0 (Windows NT 10.0; Win64; x64) AppleWebKit/537.36 (KHTML, like Gecko) Chrome/88.0.4240.193 Safari/537.36"
20.62.91.188 - - [09/Jul/2021:08:19:25 -0400] "POST //xmlrpc.php HTTP/1.1" 200 6351 "-" "Mozilla/5.0 (Windows NT 10.0; Win64; x64) AppleWebKit/537.36 (KHTML, like Gecko) Chrome/88.0.4240.193 Safari/537.36"
20.62.91.188 - - [09/Jul/2021:08:19:27 -0400] "POST //xmlrpc.php HTTP/1.1" 200 6351 "-" "Mozilla/5.0 (Windows NT 10.0; Win64; x64) AppleWebKit/537.36 (KHTML, like Gecko) Chrome/88.0.4240.193 Safari/537.36"
204.48.19.85 - - [09/Jul/2021:08:19:30 -0400] "POST /wp-cron.php?doing_wp_cron=1625833170.2122030258178710937500 HTTP/1.1" 200 6229 "https://bubandcompany.com/wp-cron.php?doing_wp_cron=1625833170.2122030258178710937500" "WordPress/5.7.2; https://bubandcompany.com"
20.62.91.188 - - [09/Jul/2021:08:19:31 -0400] "POST //xmlrpc.php HTTP/1.1" 200 6351 "-" "Mozilla/5.0 (Windows NT 10.0; Win64; x64) AppleWebKit/537.36 (KHTML, like Gecko) Chrome/88.0.4240.193 Safari/537.36"
20.62.91.188 - - [09/Jul/2021:08:19:34 -0400] "POST //xmlrpc.php HTTP/1.1" 200 6351 "-" "Mozilla/5.0 (Windows NT 10.0; Win64; x64) AppleWebKit/537.36 (KHTML, like Gecko) Chrome/88.0.4240.193 Safari/537.36"
20.62.91.188 - - [09/Jul/2021:08:19:36 -0400] "POST //xmlrpc.php HTTP/1.1" 200 6351 "-" "Mozilla/5.0 (Windows NT 10.0; Win64; x64) AppleWebKit/537.36 (KHTML, like Gecko) Chrome/88.0.4240.193 Safari/537.36"
20.62.91.188 - - [09/Jul/2021:08:19:38 -0400] "POST //xmlrpc.php HTTP/1.1" 200 6351 "-" "Mozilla/5.0 (Windows NT 10.0; Win64; x64) AppleWebKit/537.36 (KHTML, like Gecko) Chrome/88.0.4240.193 Safari/537.36"
204.48.19.85 - - [09/Jul/2021:08:19:41 -0400] "POST /wp-cron.php?doing_wp_cron=1625833181.0825939178466796875000 HTTP/1.1" 200 6229 "https://bubandcompany.com/wp-cron.php?doing_wp_cron=1625833181.0825939178466796875000" "WordPress/5.7.2; https://bubandcompany.com"
20.62.91.188 - - [09/Jul/2021:08:19:42 -0400] "POST //xmlrpc.php HTTP/1.1" 200 6351 "-" "Mozilla/5.0 (Windows NT 10.0; Win64; x64) AppleWebKit/537.36 (KHTML, like Gecko) Chrome/88.0.4240.193 Safari/537.36"
20.62.91.188 - - [09/Jul/2021:08:19:46 -0400] "POST //xmlrpc.php HTTP/1.1" 200 6351 "-" "Mozilla/5.0 (Windows NT 10.0; Win64; x64) AppleWebKit/537.36 (KHTML, like Gecko) Chrome/88.0.4240.193 Safari/537.36"
20.62.91.188 - - [09/Jul/2021:08:19:48 -0400] "POST //xmlrpc.php HTTP/1.1" 200 6351 "-" "Mozilla/5.0 (Windows NT 10.0; Win64; x64) AppleWebKit/537.36 (KHTML, like Gecko) Chrome/88.0.4240.193 Safari/537.36"
20.62.91.188 - - [09/Jul/2021:08:19:51 -0400] "POST //xmlrpc.php HTTP/1.1" 200 6351 "-" "Mozilla/5.0 (Windows NT 10.0; Win64; x64) AppleWebKit/537.36 (KHTML, like Gecko) Chrome/88.0.4240.193 Safari/537.36"
20.62.91.188 - - [09/Jul/2021:08:19:54 -0400] "POST //xmlrpc.php HTTP/1.1" 200 6351 "-" "Mozilla/5.0 (Windows NT 10.0; Win64; x64) AppleWebKit/537.36 (KHTML, like Gecko) Chrome/88.0.4240.193 Safari/537.36"
20.62.91.188 - - [09/Jul/2021:08:19:57 -0400] "POST //xmlrpc.php HTTP/1.1" 200 6351 "-" "Mozilla/5.0 (Windows NT 10.0; Win64; x64) AppleWebKit/537.36 (KHTML, like Gecko) Chrome/88.0.4240.193 Safari/537.36"
20.62.91.188 - - [09/Jul/2021:08:20:01 -0400] "POST //xmlrpc.php HTTP/1.1" 200 6351 "-" "Mozilla/5.0 (Windows NT 10.0; Win64; x64) AppleWebKit/537.36 (KHTML, like Gecko) Chrome/88.0.4240.193 Safari/537.36"
20.62.91.188 - - [09/Jul/2021:08:20:04 -0400] "POST //xmlrpc.php HTTP/1.1" 200 6351 "-" "Mozilla/5.0 (Windows NT 10.0; Win64; x64) AppleWebKit/537.36 (KHTML, like Gecko) Chrome/88.0.4240.193 Safari/537.36"
20.62.91.188 - - [09/Jul/2021:08:20:08 -0400] "POST //xmlrpc.php HTTP/1.1" 200 6351 "-" "Mozilla/5.0 (Windows NT 10.0; Win64; x64) AppleWebKit/537.36 (KHTML, like Gecko) Chrome/88.0.4240.193 Safari/537.36"
204.48.19.85 - - [09/Jul/2021:08:20:12 -0400] "POST /wp-cron.php?doing_wp_cron=1625833212.4244771003723144531250 HTTP/1.1" 200 6229 "https://bubandcompany.com/wp-cron.php?doing_wp_cron=1625833212.4244771003723144531250" "WordPress/5.7.2; https://bubandcompany.com"
20.62.91.188 - - [09/Jul/2021:08:20:13 -0400] "POST //xmlrpc.php HTTP/1.1" 200 6351 "-" "Mozilla/5.0 (Windows NT 10.0; Win64; x64) AppleWebKit/537.36 (KHTML, like Gecko) Chrome/88.0.4240.193 Safari/537.36"
20.62.91.188 - - [09/Jul/2021:08:20:17 -0400] "POST //xmlrpc.php HTTP/1.1" 200 6351 "-" "Mozilla/5.0 (Windows NT 10.0; Win64; x64) AppleWebKit/537.36 (KHTML, like Gecko) Chrome/88.0.4240.193 Safari/537.36"
20.62.91.188 - - [09/Jul/2021:08:20:20 -0400] "POST //xmlrpc.php HTTP/1.1" 200 6351 "-" "Mozilla/5.0 (Windows NT 10.0; Win64; x64) AppleWebKit/537.36 (KHTML, like Gecko) Chrome/88.0.4240.193 Safari/537.36"
20.62.91.188 - - [09/Jul/2021:08:20:24 -0400] "POST //xmlrpc.php HTTP/1.1" 200 6351 "-" "Mozilla/5.0 (Windows NT 10.0; Win64; x64) AppleWebKit/537.36 (KHTML, like Gecko) Chrome/88.0.4240.193 Safari/537.36"
20.62.91.188 - - [09/Jul/2021:08:20:27 -0400] "POST //xmlrpc.php HTTP/1.1" 200 6351 "-" "Mozilla/5.0 (Windows NT 10.0; Win64; x64) AppleWebKit/537.36 (KHTML, like Gecko) Chrome/88.0.4240.193 Safari/537.36"
204.48.19.85 - - [09/Jul/2021:08:20:30 -0400] "POST /wp-cron.php?doing_wp_cron=1625833230.2426989078521728515625 HTTP/1.1" 200 6229 "https://bubandcompany.com/wp-cron.php?doing_wp_cron=1625833230.2426989078521728515625" "WordPress/5.7.2; https://bubandcompany.com"
20.62.91.188 - - [09/Jul/2021:08:20:31 -0400] "POST //xmlrpc.php HTTP/1.1" 200 6351 "-" "Mozilla/5.0 (Windows NT 10.0; Win64; x64) AppleWebKit/537.36 (KHTML, like Gecko) Chrome/88.0.4240.193 Safari/537.36"
20.62.91.188 - - [09/Jul/2021:08:20:34 -0400] "POST //xmlrpc.php HTTP/1.1" 200 6351 "-" "Mozilla/5.0 (Windows NT 10.0; Win64; x64) AppleWebKit/537.36 (KHTML, like Gecko) Chrome/88.0.4240.193 Safari/537.36"
20.62.91.188 - - [09/Jul/2021:08:20:36 -0400] "POST //xmlrpc.php HTTP/1.1" 200 6351 "-" "Mozilla/5.0 (Windows NT 10.0; Win64; x64) AppleWebKit/537.36 (KHTML, like Gecko) Chrome/88.0.4240.193 Safari/537.36"
204.48.19.85 - - [09/Jul/2021:08:20:39 -0400] "POST /wp-cron.php?doing_wp_cron=1625833239.1125121116638183593750 HTTP/1.1" 200 6229 "https://bubandcompany.com/wp-cron.php?doing_wp_cron=1625833239.1125121116638183593750" "WordPress/5.7.2; https://bubandcompany.com"
20.62.91.188 - - [09/Jul/2021:08:20:40 -0400] "POST //xmlrpc.php HTTP/1.1" 200 6351 "-" "Mozilla/5.0 (Windows NT 10.0; Win64; x64) AppleWebKit/537.36 (KHTML, like Gecko) Chrome/88.0.4240.193 Safari/537.36"
20.62.91.188 - - [09/Jul/2021:08:20:43 -0400] "POST //xmlrpc.php HTTP/1.1" 200 6351 "-" "Mozilla/5.0 (Windows NT 10.0; Win64; x64) AppleWebKit/537.36 (KHTML, like Gecko) Chrome/88.0.4240.193 Safari/537.36"
20.62.91.188 - - [09/Jul/2021:08:20:46 -0400] "POST //xmlrpc.php HTTP/1.1" 200 6351 "-" "Mozilla/5.0 (Windows NT 10.0; Win64; x64) AppleWebKit/537.36 (KHTML, like Gecko) Chrome/88.0.4240.193 Safari/537.36"
20.62.91.188 - - [09/Jul/2021:08:20:48 -0400] "POST //xmlrpc.php HTTP/1.1" 200 6351 "-" "Mozilla/5.0 (Windows NT 10.0; Win64; x64) AppleWebKit/537.36 (KHTML, like Gecko) Chrome/88.0.4240.193 Safari/537.36"
20.62.91.188 - - [09/Jul/2021:08:20:51 -0400] "POST //xmlrpc.php HTTP/1.1" 200 6351 "-" "Mozilla/5.0 (Windows NT 10.0; Win64; x64) AppleWebKit/537.36 (KHTML, like Gecko) Chrome/88.0.4240.193 Safari/537.36"
20.62.91.188 - - [09/Jul/2021:08:20:54 -0400] "POST //xmlrpc.php HTTP/1.1" 200 6351 "-" "Mozilla/5.0 (Windows NT 10.0; Win64; x64) AppleWebKit/537.36 (KHTML, like Gecko) Chrome/88.0.4240.193 Safari/537.36"
20.62.91.188 - - [09/Jul/2021:08:20:56 -0400] "POST //xmlrpc.php HTTP/1.1" 200 6351 "-" "Mozilla/5.0 (Windows NT 10.0; Win64; x64) AppleWebKit/537.36 (KHTML, like Gecko) Chrome/88.0.4240.193 Safari/537.36"
20.62.91.188 - - [09/Jul/2021:08:20:59 -0400] "POST //xmlrpc.php HTTP/1.1" 200 6351 "-" "Mozilla/5.0 (Windows NT 10.0; Win64; x64) AppleWebKit/537.36 (KHTML, like Gecko) Chrome/88.0.4240.193 Safari/537.36"
20.62.91.188 - - [09/Jul/2021:08:21:02 -0400] "POST //xmlrpc.php HTTP/1.1" 200 6351 "-" "Mozilla/5.0 (Windows NT 10.0; Win64; x64) AppleWebKit/537.36 (KHTML, like Gecko) Chrome/88.0.4240.193 Safari/537.36"
20.62.91.188 - - [09/Jul/2021:08:21:05 -0400] "POST //xmlrpc.php HTTP/1.1" 200 6351 "-" "Mozilla/5.0 (Windows NT 10.0; Win64; x64) AppleWebKit/537.36 (KHTML, like Gecko) Chrome/88.0.4240.193 Safari/537.36"
20.62.91.188 - - [09/Jul/2021:08:21:07 -0400] "POST //xmlrpc.php HTTP/1.1" 200 6351 "-" "Mozilla/5.0 (Windows NT 10.0; Win64; x64) AppleWebKit/537.36 (KHTML, like Gecko) Chrome/88.0.4240.193 Safari/537.36"
20.62.91.188 - - [09/Jul/2021:08:21:10 -0400] "POST //xmlrpc.php HTTP/1.1" 200 6351 "-" "Mozilla/5.0 (Windows NT 10.0; Win64; x64) AppleWebKit/537.36 (KHTML, like Gecko) Chrome/88.0.4240.193 Safari/537.36"
20.62.91.188 - - [09/Jul/2021:08:21:12 -0400] "POST //xmlrpc.php HTTP/1.1" 200 6351 "-" "Mozilla/5.0 (Windows NT 10.0; Win64; x64) AppleWebKit/537.36 (KHTML, like Gecko) Chrome/88.0.4240.193 Safari/537.36"
20.62.91.188 - - [09/Jul/2021:08:21:15 -0400] "POST //xmlrpc.php HTTP/1.1" 200 6351 "-" "Mozilla/5.0 (Windows NT 10.0; Win64; x64) AppleWebKit/537.36 (KHTML, like Gecko) Chrome/88.0.4240.193 Safari/537.36"
20.62.91.188 - - [09/Jul/2021:08:21:17 -0400] "POST //xmlrpc.php HTTP/1.1" 200 6351 "-" "Mozilla/5.0 (Windows NT 10.0; Win64; x64) AppleWebKit/537.36 (KHTML, like Gecko) Chrome/88.0.4240.193 Safari/537.36"
20.62.91.188 - - [09/Jul/2021:08:21:19 -0400] "POST //xmlrpc.php HTTP/1.1" 200 6351 "-" "Mozilla/5.0 (Windows NT 10.0; Win64; x64) AppleWebKit/537.36 (KHTML, like Gecko) Chrome/88.0.4240.193 Safari/537.36"
20.62.91.188 - - [09/Jul/2021:08:21:21 -0400] "POST //xmlrpc.php HTTP/1.1" 200 6351 "-" "Mozilla/5.0 (Windows NT 10.0; Win64; x64) AppleWebKit/537.36 (KHTML, like Gecko) Chrome/88.0.4240.193 Safari/537.36"
20.62.91.188 - - [09/Jul/2021:08:21:24 -0400] "POST //xmlrpc.php HTTP/1.1" 200 6351 "-" "Mozilla/5.0 (Windows NT 10.0; Win64; x64) AppleWebKit/537.36 (KHTML, like Gecko) Chrome/88.0.4240.193 Safari/537.36"
20.62.91.188 - - [09/Jul/2021:08:21:27 -0400] "POST //xmlrpc.php HTTP/1.1" 200 6351 "-" "Mozilla/5.0 (Windows NT 10.0; Win64; x64) AppleWebKit/537.36 (KHTML, like Gecko) Chrome/88.0.4240.193 Safari/537.36"
204.48.19.85 - - [09/Jul/2021:08:21:28 -0400] "POST /wp-cron.php?doing_wp_cron=1625833288.5559079647064208984375 HTTP/1.1" 200 6229 "https://bubandcompany.com/wp-cron.php?doing_wp_cron=1625833288.5559079647064208984375" "WordPress/5.7.2; https://bubandcompany.com"
20.62.91.188 - - [09/Jul/2021:08:21:29 -0400] "POST //xmlrpc.php HTTP/1.1" 200 6351 "-" "Mozilla/5.0 (Windows NT 10.0; Win64; x64) AppleWebKit/537.36 (KHTML, like Gecko) Chrome/88.0.4240.193 Safari/537.36"
20.62.91.188 - - [09/Jul/2021:08:21:32 -0400] "POST //xmlrpc.php HTTP/1.1" 200 6351 "-" "Mozilla/5.0 (Windows NT 10.0; Win64; x64) AppleWebKit/537.36 (KHTML, like Gecko) Chrome/88.0.4240.193 Safari/537.36"
20.62.91.188 - - [09/Jul/2021:08:21:34 -0400] "POST //xmlrpc.php HTTP/1.1" 200 6351 "-" "Mozilla/5.0 (Windows NT 10.0; Win64; x64) AppleWebKit/537.36 (KHTML, like Gecko) Chrome/88.0.4240.193 Safari/537.36"
20.62.91.188 - - [09/Jul/2021:08:21:36 -0400] "POST //xmlrpc.php HTTP/1.1" 200 6351 "-" "Mozilla/5.0 (Windows NT 10.0; Win64; x64) AppleWebKit/537.36 (KHTML, like Gecko) Chrome/88.0.4240.193 Safari/537.36"
20.62.91.188 - - [09/Jul/2021:08:21:38 -0400] "POST //xmlrpc.php HTTP/1.1" 200 6351 "-" "Mozilla/5.0 (Windows NT 10.0; Win64; x64) AppleWebKit/537.36 (KHTML, like Gecko) Chrome/88.0.4240.193 Safari/537.36"
204.48.19.85 - - [09/Jul/2021:08:21:40 -0400] "POST /wp-cron.php?doing_wp_cron=1625833300.3159260749816894531250 HTTP/1.1" 200 6229 "https://bubandcompany.com/wp-cron.php?doing_wp_cron=1625833300.3159260749816894531250" "WordPress/5.7.2; https://bubandcompany.com"
20.62.91.188 - - [09/Jul/2021:08:21:41 -0400] "POST //xmlrpc.php HTTP/1.1" 200 6351 "-" "Mozilla/5.0 (Windows NT 10.0; Win64; x64) AppleWebKit/537.36 (KHTML, like Gecko) Chrome/88.0.4240.193 Safari/537.36"
20.62.91.188 - - [09/Jul/2021:08:21:44 -0400] "POST //xmlrpc.php HTTP/1.1" 200 6351 "-" "Mozilla/5.0 (Windows NT 10.0; Win64; x64) AppleWebKit/537.36 (KHTML, like Gecko) Chrome/88.0.4240.193 Safari/537.36"
20.62.91.188 - - [09/Jul/2021:08:21:47 -0400] "POST //xmlrpc.php HTTP/1.1" 200 6351 "-" "Mozilla/5.0 (Windows NT 10.0; Win64; x64) AppleWebKit/537.36 (KHTML, like Gecko) Chrome/88.0.4240.193 Safari/537.36"
20.62.91.188 - - [09/Jul/2021:08:21:49 -0400] "POST //xmlrpc.php HTTP/1.1" 200 6351 "-" "Mozilla/5.0 (Windows NT 10.0; Win64; x64) AppleWebKit/537.36 (KHTML, like Gecko) Chrome/88.0.4240.193 Safari/537.36"
20.62.91.188 - - [09/Jul/2021:08:21:51 -0400] "POST //xmlrpc.php HTTP/1.1" 200 6351 "-" "Mozilla/5.0 (Windows NT 10.0; Win64; x64) AppleWebKit/537.36 (KHTML, like Gecko) Chrome/88.0.4240.193 Safari/537.36"
20.62.91.188 - - [09/Jul/2021:08:21:54 -0400] "POST //xmlrpc.php HTTP/1.1" 200 6351 "-" "Mozilla/5.0 (Windows NT 10.0; Win64; x64) AppleWebKit/537.36 (KHTML, like Gecko) Chrome/88.0.4240.193 Safari/537.36"
20.62.91.188 - - [09/Jul/2021:08:21:56 -0400] "POST //xmlrpc.php HTTP/1.1" 200 6351 "-" "Mozilla/5.0 (Windows NT 10.0; Win64; x64) AppleWebKit/537.36 (KHTML, like Gecko) Chrome/88.0.4240.193 Safari/537.36"
20.62.91.188 - - [09/Jul/2021:08:21:59 -0400] "POST //xmlrpc.php HTTP/1.1" 200 6351 "-" "Mozilla/5.0 (Windows NT 10.0; Win64; x64) AppleWebKit/537.36 (KHTML, like Gecko) Chrome/88.0.4240.193 Safari/537.36"
20.62.91.188 - - [09/Jul/2021:08:22:01 -0400] "POST //xmlrpc.php HTTP/1.1" 200 6351 "-" "Mozilla/5.0 (Windows NT 10.0; Win64; x64) AppleWebKit/537.36 (KHTML, like Gecko) Chrome/88.0.4240.193 Safari/537.36"
20.62.91.188 - - [09/Jul/2021:08:22:04 -0400] "POST //xmlrpc.php HTTP/1.1" 200 6351 "-" "Mozilla/5.0 (Windows NT 10.0; Win64; x64) AppleWebKit/537.36 (KHTML, like Gecko) Chrome/88.0.4240.193 Safari/537.36"
20.62.91.188 - - [09/Jul/2021:08:22:07 -0400] "POST //xmlrpc.php HTTP/1.1" 200 6351 "-" "Mozilla/5.0 (Windows NT 10.0; Win64; x64) AppleWebKit/537.36 (KHTML, like Gecko) Chrome/88.0.4240.193 Safari/537.36"
20.62.91.188 - - [09/Jul/2021:08:22:09 -0400] "POST //xmlrpc.php HTTP/1.1" 200 6351 "-" "Mozilla/5.0 (Windows NT 10.0; Win64; x64) AppleWebKit/537.36 (KHTML, like Gecko) Chrome/88.0.4240.193 Safari/537.36"
20.62.91.188 - - [09/Jul/2021:08:22:11 -0400] "POST //xmlrpc.php HTTP/1.1" 200 6351 "-" "Mozilla/5.0 (Windows NT 10.0; Win64; x64) AppleWebKit/537.36 (KHTML, like Gecko) Chrome/88.0.4240.193 Safari/537.36"
20.62.91.188 - - [09/Jul/2021:08:22:13 -0400] "POST //xmlrpc.php HTTP/1.1" 200 6351 "-" "Mozilla/5.0 (Windows NT 10.0; Win64; x64) AppleWebKit/537.36 (KHTML, like Gecko) Chrome/88.0.4240.193 Safari/537.36"
20.62.91.188 - - [09/Jul/2021:08:22:15 -0400] "POST //xmlrpc.php HTTP/1.1" 200 6351 "-" "Mozilla/5.0 (Windows NT 10.0; Win64; x64) AppleWebKit/537.36 (KHTML, like Gecko) Chrome/88.0.4240.193 Safari/537.36"
20.62.91.188 - - [09/Jul/2021:08:22:18 -0400] "POST //xmlrpc.php HTTP/1.1" 200 6351 "-" "Mozilla/5.0 (Windows NT 10.0; Win64; x64) AppleWebKit/537.36 (KHTML, like Gecko) Chrome/88.0.4240.193 Safari/537.36"
20.62.91.188 - - [09/Jul/2021:08:22:20 -0400] "POST //xmlrpc.php HTTP/1.1" 200 6351 "-" "Mozilla/5.0 (Windows NT 10.0; Win64; x64) AppleWebKit/537.36 (KHTML, like Gecko) Chrome/88.0.4240.193 Safari/537.36"
20.62.91.188 - - [09/Jul/2021:08:22:22 -0400] "POST //xmlrpc.php HTTP/1.1" 200 6351 "-" "Mozilla/5.0 (Windows NT 10.0; Win64; x64) AppleWebKit/537.36 (KHTML, like Gecko) Chrome/88.0.4240.193 Safari/537.36"
20.62.91.188 - - [09/Jul/2021:08:22:24 -0400] "POST //xmlrpc.php HTTP/1.1" 200 6351 "-" "Mozilla/5.0 (Windows NT 10.0; Win64; x64) AppleWebKit/537.36 (KHTML, like Gecko) Chrome/88.0.4240.193 Safari/537.36"
20.62.91.188 - - [09/Jul/2021:08:22:27 -0400] "POST //xmlrpc.php HTTP/1.1" 200 6351 "-" "Mozilla/5.0 (Windows NT 10.0; Win64; x64) AppleWebKit/537.36 (KHTML, like Gecko) Chrome/88.0.4240.193 Safari/537.36"
204.48.19.85 - - [09/Jul/2021:08:22:29 -0400] "POST /wp-cron.php?doing_wp_cron=1625833349.8180370330810546875000 HTTP/1.1" 200 6229 "https://bubandcompany.com/wp-cron.php?doing_wp_cron=1625833349.8180370330810546875000" "WordPress/5.7.2; https://bubandcompany.com"
20.62.91.188 - - [09/Jul/2021:08:22:31 -0400] "POST //xmlrpc.php HTTP/1.1" 200 6351 "-" "Mozilla/5.0 (Windows NT 10.0; Win64; x64) AppleWebKit/537.36 (KHTML, like Gecko) Chrome/88.0.4240.193 Safari/537.36"
20.62.91.188 - - [09/Jul/2021:08:22:33 -0400] "POST //xmlrpc.php HTTP/1.1" 200 6351 "-" "Mozilla/5.0 (Windows NT 10.0; Win64; x64) AppleWebKit/537.36 (KHTML, like Gecko) Chrome/88.0.4240.193 Safari/537.36"
20.62.91.188 - - [09/Jul/2021:08:22:36 -0400] "POST //xmlrpc.php HTTP/1.1" 200 6351 "-" "Mozilla/5.0 (Windows NT 10.0; Win64; x64) AppleWebKit/537.36 (KHTML, like Gecko) Chrome/88.0.4240.193 Safari/537.36"
20.62.91.188 - - [09/Jul/2021:08:22:38 -0400] "POST //xmlrpc.php HTTP/1.1" 200 6351 "-" "Mozilla/5.0 (Windows NT 10.0; Win64; x64) AppleWebKit/537.36 (KHTML, like Gecko) Chrome/88.0.4240.193 Safari/537.36"
204.48.19.85 - - [09/Jul/2021:08:22:40 -0400] "POST /wp-cron.php?doing_wp_cron=1625833360.3598449230194091796875 HTTP/1.1" 200 6229 "https://bubandcompany.com/wp-cron.php?doing_wp_cron=1625833360.3598449230194091796875" "WordPress/5.7.2; https://bubandcompany.com"
20.62.91.188 - - [09/Jul/2021:08:22:41 -0400] "POST //xmlrpc.php HTTP/1.1" 200 6351 "-" "Mozilla/5.0 (Windows NT 10.0; Win64; x64) AppleWebKit/537.36 (KHTML, like Gecko) Chrome/88.0.4240.193 Safari/537.36"
20.62.91.188 - - [09/Jul/2021:08:22:44 -0400] "POST //xmlrpc.php HTTP/1.1" 200 6351 "-" "Mozilla/5.0 (Windows NT 10.0; Win64; x64) AppleWebKit/537.36 (KHTML, like Gecko) Chrome/88.0.4240.193 Safari/537.36"
20.62.91.188 - - [09/Jul/2021:08:22:47 -0400] "POST //xmlrpc.php HTTP/1.1" 200 6351 "-" "Mozilla/5.0 (Windows NT 10.0; Win64; x64) AppleWebKit/537.36 (KHTML, like Gecko) Chrome/88.0.4240.193 Safari/537.36"
20.62.91.188 - - [09/Jul/2021:08:22:49 -0400] "POST //xmlrpc.php HTTP/1.1" 200 6351 "-" "Mozilla/5.0 (Windows NT 10.0; Win64; x64) AppleWebKit/537.36 (KHTML, like Gecko) Chrome/88.0.4240.193 Safari/537.36"
20.62.91.188 - - [09/Jul/2021:08:22:51 -0400] "POST //xmlrpc.php HTTP/1.1" 200 6351 "-" "Mozilla/5.0 (Windows NT 10.0; Win64; x64) AppleWebKit/537.36 (KHTML, like Gecko) Chrome/88.0.4240.193 Safari/537.36"
20.62.91.188 - - [09/Jul/2021:08:22:53 -0400] "POST //xmlrpc.php HTTP/1.1" 200 6351 "-" "Mozilla/5.0 (Windows NT 10.0; Win64; x64) AppleWebKit/537.36 (KHTML, like Gecko) Chrome/88.0.4240.193 Safari/537.36"
20.62.91.188 - - [09/Jul/2021:08:22:56 -0400] "POST //xmlrpc.php HTTP/1.1" 200 6351 "-" "Mozilla/5.0 (Windows NT 10.0; Win64; x64) AppleWebKit/537.36 (KHTML, like Gecko) Chrome/88.0.4240.193 Safari/537.36"
20.62.91.188 - - [09/Jul/2021:08:22:58 -0400] "POST //xmlrpc.php HTTP/1.1" 200 6351 "-" "Mozilla/5.0 (Windows NT 10.0; Win64; x64) AppleWebKit/537.36 (KHTML, like Gecko) Chrome/88.0.4240.193 Safari/537.36"
20.62.91.188 - - [09/Jul/2021:08:23:01 -0400] "POST //xmlrpc.php HTTP/1.1" 200 6351 "-" "Mozilla/5.0 (Windows NT 10.0; Win64; x64) AppleWebKit/537.36 (KHTML, like Gecko) Chrome/88.0.4240.193 Safari/537.36"
20.62.91.188 - - [09/Jul/2021:08:23:03 -0400] "POST //xmlrpc.php HTTP/1.1" 200 6351 "-" "Mozilla/5.0 (Windows NT 10.0; Win64; x64) AppleWebKit/537.36 (KHTML, like Gecko) Chrome/88.0.4240.193 Safari/537.36"
20.62.91.188 - - [09/Jul/2021:08:23:06 -0400] "POST //xmlrpc.php HTTP/1.1" 200 6351 "-" "Mozilla/5.0 (Windows NT 10.0; Win64; x64) AppleWebKit/537.36 (KHTML, like Gecko) Chrome/88.0.4240.193 Safari/537.36"
20.62.91.188 - - [09/Jul/2021:08:23:08 -0400] "POST //xmlrpc.php HTTP/1.1" 200 6351 "-" "Mozilla/5.0 (Windows NT 10.0; Win64; x64) AppleWebKit/537.36 (KHTML, like Gecko) Chrome/88.0.4240.193 Safari/537.36"
20.62.91.188 - - [09/Jul/2021:08:23:10 -0400] "POST //xmlrpc.php HTTP/1.1" 200 6351 "-" "Mozilla/5.0 (Windows NT 10.0; Win64; x64) AppleWebKit/537.36 (KHTML, like Gecko) Chrome/88.0.4240.193 Safari/537.36"
20.62.91.188 - - [09/Jul/2021:08:23:12 -0400] "POST //xmlrpc.php HTTP/1.1" 200 6351 "-" "Mozilla/5.0 (Windows NT 10.0; Win64; x64) AppleWebKit/537.36 (KHTML, like Gecko) Chrome/88.0.4240.193 Safari/537.36"
20.62.91.188 - - [09/Jul/2021:08:23:15 -0400] "POST //xmlrpc.php HTTP/1.1" 200 6351 "-" "Mozilla/5.0 (Windows NT 10.0; Win64; x64) AppleWebKit/537.36 (KHTML, like Gecko) Chrome/88.0.4240.193 Safari/537.36"
20.62.91.188 - - [09/Jul/2021:08:23:17 -0400] "POST //xmlrpc.php HTTP/1.1" 200 6351 "-" "Mozilla/5.0 (Windows NT 10.0; Win64; x64) AppleWebKit/537.36 (KHTML, like Gecko) Chrome/88.0.4240.193 Safari/537.36"
20.62.91.188 - - [09/Jul/2021:08:23:19 -0400] "POST //xmlrpc.php HTTP/1.1" 200 6351 "-" "Mozilla/5.0 (Windows NT 10.0; Win64; x64) AppleWebKit/537.36 (KHTML, like Gecko) Chrome/88.0.4240.193 Safari/537.36"
20.62.91.188 - - [09/Jul/2021:08:23:22 -0400] "POST //xmlrpc.php HTTP/1.1" 200 6351 "-" "Mozilla/5.0 (Windows NT 10.0; Win64; x64) AppleWebKit/537.36 (KHTML, like Gecko) Chrome/88.0.4240.193 Safari/537.36"
20.62.91.188 - - [09/Jul/2021:08:23:24 -0400] "POST //xmlrpc.php HTTP/1.1" 200 6351 "-" "Mozilla/5.0 (Windows NT 10.0; Win64; x64) AppleWebKit/537.36 (KHTML, like Gecko) Chrome/88.0.4240.193 Safari/537.36"
20.62.91.188 - - [09/Jul/2021:08:23:26 -0400] "POST //xmlrpc.php HTTP/1.1" 200 6351 "-" "Mozilla/5.0 (Windows NT 10.0; Win64; x64) AppleWebKit/537.36 (KHTML, like Gecko) Chrome/88.0.4240.193 Safari/537.36"
204.48.19.85 - - [09/Jul/2021:08:23:29 -0400] "POST /wp-cron.php?doing_wp_cron=1625833409.2839639186859130859375 HTTP/1.1" 200 6229 "https://bubandcompany.com/wp-cron.php?doing_wp_cron=1625833409.2839639186859130859375" "WordPress/5.7.2; https://bubandcompany.com"
20.62.91.188 - - [09/Jul/2021:08:23:30 -0400] "POST //xmlrpc.php HTTP/1.1" 200 6351 "-" "Mozilla/5.0 (Windows NT 10.0; Win64; x64) AppleWebKit/537.36 (KHTML, like Gecko) Chrome/88.0.4240.193 Safari/537.36"
20.62.91.188 - - [09/Jul/2021:08:23:33 -0400] "POST //xmlrpc.php HTTP/1.1" 200 6351 "-" "Mozilla/5.0 (Windows NT 10.0; Win64; x64) AppleWebKit/537.36 (KHTML, like Gecko) Chrome/88.0.4240.193 Safari/537.36"
20.62.91.188 - - [09/Jul/2021:08:23:35 -0400] "POST //xmlrpc.php HTTP/1.1" 200 6351 "-" "Mozilla/5.0 (Windows NT 10.0; Win64; x64) AppleWebKit/537.36 (KHTML, like Gecko) Chrome/88.0.4240.193 Safari/537.36"
20.62.91.188 - - [09/Jul/2021:08:23:37 -0400] "POST //xmlrpc.php HTTP/1.1" 200 6351 "-" "Mozilla/5.0 (Windows NT 10.0; Win64; x64) AppleWebKit/537.36 (KHTML, like Gecko) Chrome/88.0.4240.193 Safari/537.36"
204.48.19.85 - - [09/Jul/2021:08:23:39 -0400] "POST /wp-cron.php?doing_wp_cron=1625833419.5671429634094238281250 HTTP/1.1" 200 6229 "https://bubandcompany.com/wp-cron.php?doing_wp_cron=1625833419.5671429634094238281250" "WordPress/5.7.2; https://bubandcompany.com"
20.62.91.188 - - [09/Jul/2021:08:23:40 -0400] "POST //xmlrpc.php HTTP/1.1" 200 6351 "-" "Mozilla/5.0 (Windows NT 10.0; Win64; x64) AppleWebKit/537.36 (KHTML, like Gecko) Chrome/88.0.4240.193 Safari/537.36"
20.62.91.188 - - [09/Jul/2021:08:23:43 -0400] "POST //xmlrpc.php HTTP/1.1" 200 6351 "-" "Mozilla/5.0 (Windows NT 10.0; Win64; x64) AppleWebKit/537.36 (KHTML, like Gecko) Chrome/88.0.4240.193 Safari/537.36"
20.62.91.188 - - [09/Jul/2021:08:23:45 -0400] "POST //xmlrpc.php HTTP/1.1" 200 6351 "-" "Mozilla/5.0 (Windows NT 10.0; Win64; x64) AppleWebKit/537.36 (KHTML, like Gecko) Chrome/88.0.4240.193 Safari/537.36"
20.62.91.188 - - [09/Jul/2021:08:23:47 -0400] "POST //xmlrpc.php HTTP/1.1" 200 6351 "-" "Mozilla/5.0 (Windows NT 10.0; Win64; x64) AppleWebKit/537.36 (KHTML, like Gecko) Chrome/88.0.4240.193 Safari/537.36"
20.62.91.188 - - [09/Jul/2021:08:23:49 -0400] "POST //xmlrpc.php HTTP/1.1" 200 6351 "-" "Mozilla/5.0 (Windows NT 10.0; Win64; x64) AppleWebKit/537.36 (KHTML, like Gecko) Chrome/88.0.4240.193 Safari/537.36"
20.62.91.188 - - [09/Jul/2021:08:23:52 -0400] "POST //xmlrpc.php HTTP/1.1" 200 6351 "-" "Mozilla/5.0 (Windows NT 10.0; Win64; x64) AppleWebKit/537.36 (KHTML, like Gecko) Chrome/88.0.4240.193 Safari/537.36"
20.62.91.188 - - [09/Jul/2021:08:23:54 -0400] "POST //xmlrpc.php HTTP/1.1" 200 6351 "-" "Mozilla/5.0 (Windows NT 10.0; Win64; x64) AppleWebKit/537.36 (KHTML, like Gecko) Chrome/88.0.4240.193 Safari/537.36"
20.62.91.188 - - [09/Jul/2021:08:23:56 -0400] "POST //xmlrpc.php HTTP/1.1" 200 6351 "-" "Mozilla/5.0 (Windows NT 10.0; Win64; x64) AppleWebKit/537.36 (KHTML, like Gecko) Chrome/88.0.4240.193 Safari/537.36"
20.62.91.188 - - [09/Jul/2021:08:23:58 -0400] "POST //xmlrpc.php HTTP/1.1" 200 6351 "-" "Mozilla/5.0 (Windows NT 10.0; Win64; x64) AppleWebKit/537.36 (KHTML, like Gecko) Chrome/88.0.4240.193 Safari/537.36"
20.62.91.188 - - [09/Jul/2021:08:24:01 -0400] "POST //xmlrpc.php HTTP/1.1" 200 6351 "-" "Mozilla/5.0 (Windows NT 10.0; Win64; x64) AppleWebKit/537.36 (KHTML, like Gecko) Chrome/88.0.4240.193 Safari/537.36"
20.62.91.188 - - [09/Jul/2021:08:24:03 -0400] "POST //xmlrpc.php HTTP/1.1" 200 6351 "-" "Mozilla/5.0 (Windows NT 10.0; Win64; x64) AppleWebKit/537.36 (KHTML, like Gecko) Chrome/88.0.4240.193 Safari/537.36"
20.62.91.188 - - [09/Jul/2021:08:24:05 -0400] "POST //xmlrpc.php HTTP/1.1" 200 6351 "-" "Mozilla/5.0 (Windows NT 10.0; Win64; x64) AppleWebKit/537.36 (KHTML, like Gecko) Chrome/88.0.4240.193 Safari/537.36"
