[Wed Jul 07 09:58:20.670100 2021] [http:error] [pid 31644] [client 27.147.202.214:11025] AH02430: Response header 'Location' value of 'https://bubandcompany.com/\n.example.com' contains invalid characters, aborting request
[Wed Jul 07 09:58:21.004505 2021] [php7:error] [pid 31624] [client 27.147.202.214:11010] script '/var/www/html/bubandcompany.com/adminer-4.6.1-mysql.php' not found or unable to stat, referer: https://bubandcompany.com/
[Wed Jul 07 09:58:21.015638 2021] [php7:error] [pid 32005] [client 27.147.202.214:10974] script '/var/www/html/bubandcompany.com/Adminer.php' not found or unable to stat, referer: https://bubandcompany.com/
[Wed Jul 07 09:58:21.021138 2021] [php7:error] [pid 31609] [client 27.147.202.214:11001] script '/var/www/html/bubandcompany.com/adminer-4.6.0.php' not found or unable to stat, referer: https://bubandcompany.com/
[Wed Jul 07 09:58:21.062008 2021] [php7:error] [pid 31732] [client 27.147.202.214:10998] script '/var/www/html/bubandcompany.com/adminer-4.5.0-en.php' not found or unable to stat, referer: https://bubandcompany.com/
[Wed Jul 07 09:58:21.302653 2021] [php7:error] [pid 31644] [client 27.147.202.214:10994] script '/var/www/html/bubandcompany.com/adminer-4.4.0-en.php' not found or unable to stat, referer: https://bubandcompany.com/
[Wed Jul 07 09:58:21.722443 2021] [php7:error] [pid 650] [client 27.147.202.214:11014] script '/var/www/html/bubandcompany.com/adminer-4.6.2-en.php' not found or unable to stat, referer: https://bubandcompany.com/
[Wed Jul 07 09:58:22.158404 2021] [php7:error] [pid 649] [client 27.147.202.214:11004] script '/var/www/html/bubandcompany.com/adminer-4.6.0-mysql.php' not found or unable to stat, referer: https://bubandcompany.com/
[Wed Jul 07 09:58:22.749480 2021] [php7:error] [pid 651] [client 27.147.202.214:10980] script '/var/www/html/bubandcompany.com/adminer-4.3.0.php' not found or unable to stat, referer: https://bubandcompany.com/
[Wed Jul 07 09:58:22.753368 2021] [php7:error] [pid 653] [client 27.147.202.214:10990] script '/var/www/html/bubandcompany.com/adminer-4.3.1-mysql-en.php' not found or unable to stat, referer: https://bubandcompany.com/
[Wed Jul 07 09:58:22.756142 2021] [php7:error] [pid 652] [client 27.147.202.214:11007] script '/var/www/html/bubandcompany.com/adminer-4.6.1-en.php' not found or unable to stat, referer: https://bubandcompany.com/
[Wed Jul 07 09:58:22.765139 2021] [php7:error] [pid 654] [client 27.147.202.214:10976] script '/var/www/html/bubandcompany.com/adminer-4.2.5-en.php' not found or unable to stat, referer: https://bubandcompany.com/
[Wed Jul 07 09:58:23.565676 2021] [php7:error] [pid 648] [client 27.147.202.214:10981] script '/var/www/html/bubandcompany.com/adminer-4.3.0-en.php' not found or unable to stat, referer: https://bubandcompany.com/
[Wed Jul 07 09:58:23.777085 2021] [php7:error] [pid 655] [client 27.147.202.214:10971] script '/var/www/html/bubandcompany.com/ad.php' not found or unable to stat, referer: https://bubandcompany.com/
[Wed Jul 07 09:58:23.802098 2021] [php7:error] [pid 658] [client 27.147.202.214:10979] script '/var/www/html/bubandcompany.com/adminer-4.2.5-mysql.php' not found or unable to stat, referer: https://bubandcompany.com/
[Wed Jul 07 09:58:24.265187 2021] [php7:error] [pid 660] [client 27.147.202.214:11016] script '/var/www/html/bubandcompany.com/adminer-4.6.2-mysql.php' not found or unable to stat, referer: https://bubandcompany.com/
[Wed Jul 07 09:58:24.547765 2021] [php7:error] [pid 656] [client 27.147.202.214:10982] script '/var/www/html/bubandcompany.com/adminer-4.3.0-mysql-en.php' not found or unable to stat, referer: https://bubandcompany.com/
[Wed Jul 07 09:58:24.836695 2021] [php7:error] [pid 675] [client 27.147.202.214:11008] script '/var/www/html/bubandcompany.com/adminer-4.6.1-mysql-en.php' not found or unable to stat, referer: https://bubandcompany.com/
[Wed Jul 07 09:58:25.218391 2021] [php7:error] [pid 657] [client 27.147.202.214:10996] script '/var/www/html/bubandcompany.com/adminer-4.4.0-mysql.php' not found or unable to stat, referer: https://bubandcompany.com/
[Wed Jul 07 09:58:25.248214 2021] [php7:error] [pid 661] [client 27.147.202.214:10970] script '/var/www/html/bubandcompany.com/adminer.php' not found or unable to stat, referer: https://bubandcompany.com/
[Wed Jul 07 09:58:25.494258 2021] [php7:error] [pid 670] [client 27.147.202.214:10991] script '/var/www/html/bubandcompany.com/adminer-4.3.1-mysql.php' not found or unable to stat, referer: https://bubandcompany.com/
[Wed Jul 07 09:58:25.538059 2021] [php7:error] [pid 668] [client 27.147.202.214:10975] script '/var/www/html/bubandcompany.com/adminer-4.2.5.php' not found or unable to stat, referer: https://bubandcompany.com/
[Wed Jul 07 09:58:25.550725 2021] [php7:error] [pid 669] [client 27.147.202.214:11000] script '/var/www/html/bubandcompany.com/adminer-4.5.0-mysql.php' not found or unable to stat, referer: https://bubandcompany.com/
[Wed Jul 07 09:58:26.249344 2021] [php7:error] [pid 674] [client 27.147.202.214:11005] script '/var/www/html/bubandcompany.com/adminer-4.6.1.php' not found or unable to stat, referer: https://bubandcompany.com/
[Wed Jul 07 09:58:26.297557 2021] [php7:error] [pid 710] [client 27.147.202.214:11015] script '/var/www/html/bubandcompany.com/adminer-4.6.2-mysql-en.php' not found or unable to stat, referer: https://bubandcompany.com/
[Wed Jul 07 09:58:26.311227 2021] [php7:error] [pid 712] [client 27.147.202.214:10973] script '/var/www/html/bubandcompany.com/ad.php' not found or unable to stat, referer: https://bubandcompany.com/
[Wed Jul 07 09:58:26.345926 2021] [php7:error] [pid 665] [client 27.147.202.214:10999] script '/var/www/html/bubandcompany.com/adminer-4.5.0-mysql-en.php' not found or unable to stat, referer: https://bubandcompany.com/
[Wed Jul 07 09:58:26.408764 2021] [php7:error] [pid 659] [client 27.147.202.214:10977] script '/var/www/html/bubandcompany.com/adminer-4.2.5-mysql-en.php' not found or unable to stat, referer: https://bubandcompany.com/
[Wed Jul 07 09:58:26.479494 2021] [php7:error] [pid 694] [client 27.147.202.214:11013] script '/var/www/html/bubandcompany.com/adminer-4.6.2.php' not found or unable to stat, referer: https://bubandcompany.com/
[Wed Jul 07 09:58:26.500459 2021] [php7:error] [pid 708] [client 27.147.202.214:10984] script '/var/www/html/bubandcompany.com/adminer-4.3.1.php' not found or unable to stat, referer: https://bubandcompany.com/
[Wed Jul 07 09:58:26.501055 2021] [php7:error] [pid 702] [client 27.147.202.214:11003] script '/var/www/html/bubandcompany.com/adminer-4.6.0-mysql-en.php' not found or unable to stat, referer: https://bubandcompany.com/
[Wed Jul 07 09:58:26.627722 2021] [php7:error] [pid 716] [client 27.147.202.214:10983] script '/var/www/html/bubandcompany.com/adminer-4.3.0-mysql.php' not found or unable to stat, referer: https://bubandcompany.com/
[Wed Jul 07 09:58:27.242399 2021] [php7:error] [pid 672] [client 27.147.202.214:10988] script '/var/www/html/bubandcompany.com/adminer-4.3.1-en.php' not found or unable to stat, referer: https://bubandcompany.com/
[Wed Jul 07 09:58:27.393128 2021] [php7:error] [pid 696] [client 27.147.202.214:11002] script '/var/www/html/bubandcompany.com/adminer-4.6.0-en.php' not found or unable to stat, referer: https://bubandcompany.com/
[Wed Jul 07 09:58:27.401883 2021] [php7:error] [pid 703] [client 27.147.202.214:10969] script '/var/www/html/bubandcompany.com/_adminer.php' not found or unable to stat, referer: https://bubandcompany.com/
[Wed Jul 07 09:58:27.524453 2021] [php7:error] [pid 707] [client 27.147.202.214:10997] script '/var/www/html/bubandcompany.com/adminer-4.5.0.php' not found or unable to stat, referer: https://bubandcompany.com/
[Wed Jul 07 09:58:27.764883 2021] [php7:error] [pid 671] [client 27.147.202.214:11031] script '/var/www/html/bubandcompany.com/bitrix_server_test.php' not found or unable to stat
[Wed Jul 07 09:58:27.842858 2021] [php7:error] [pid 664] [client 27.147.202.214:10995] script '/var/www/html/bubandcompany.com/adminer-4.4.0-mysql-en.php' not found or unable to stat, referer: https://bubandcompany.com/
[Wed Jul 07 09:58:29.588549 2021] [core:error] [pid 655] [client 27.147.202.214:10971] AH00126: Invalid URI in request GET /static/../../../../../../../../../../../etc/shells HTTP/1.1
[Wed Jul 07 09:58:29.901777 2021] [php7:error] [pid 715] [client 27.147.202.214:10965] script '/var/www/html/bubandcompany.com/opcache.php' not found or unable to stat
[Wed Jul 07 09:58:30.185260 2021] [php7:error] [pid 672] [client 27.147.202.214:10988] script '/var/www/html/bubandcompany.com/opcache.php' not found or unable to stat
[Wed Jul 07 09:58:30.900208 2021] [core:error] [pid 712] [client 27.147.202.214:10973] AH00126: Invalid URI in request GET /%2e%2e/index.js HTTP/1.1
[Wed Jul 07 09:58:31.593198 2021] [core:error] [pid 672] [client 27.147.202.214:10988] AH00126: Invalid URI in request GET /%2e%2e/debug.js HTTP/1.1
[Wed Jul 07 09:58:31.880246 2021] [core:error] [pid 707] [client 27.147.202.214:10997] AH00126: Invalid URI in request GET /%2e%2e/release.js HTTP/1.1
[Wed Jul 07 09:58:32.860715 2021] [php7:error] [pid 667] [client 27.147.202.214:10993] script '/var/www/html/bubandcompany.com/adminer-4.4.0.php' not found or unable to stat, referer: https://bubandcompany.com/
[Wed Jul 07 09:58:35.763931 2021] [authz_core:error] [pid 32007] [client 27.147.202.214:10508] AH01630: client denied by server configuration: /var/www/html/bubandcompany.com/server-status
[Wed Jul 07 09:58:38.341346 2021] [php7:error] [pid 666] [client 27.147.202.214:10968] script '/var/www/html/bubandcompany.com/coredumpcheck.php' not found or unable to stat
[Wed Jul 07 09:58:39.013168 2021] [http:error] [pid 669] [client 27.147.202.214:12393] AH02430: Response header 'Location' value of 'https://bubandcompany.com/\r\nheadername: headervalue' contains invalid characters, aborting request
[Wed Jul 07 09:58:40.320860 2021] [core:error] [pid 699] [client 27.147.202.214:12338] AH00126: Invalid URI in request GET @uri1.hit4388335631df382.group.bxss.me/ HTTP/1.1
[Wed Jul 07 09:58:40.987010 2021] [php7:error] [pid 660] [client 27.147.202.214:12288] script '/var/www/html/bubandcompany.com/loader-wizard.php' not found or unable to stat
[Wed Jul 07 09:58:41.308389 2021] [http:error] [pid 694] [client 27.147.202.214:12429] AH02430: Response header 'Location' value of 'https://bubandcompany.com/\r\theadername: headervalue' contains invalid characters, aborting request
[Wed Jul 07 09:58:41.964224 2021] [http:error] [pid 707] [client 27.147.202.214:12498] AH02430: Response header 'Location' value of 'https://bubandcompany.com/\nheadername: headervalue' contains invalid characters, aborting request
[Wed Jul 07 09:58:43.113675 2021] [http:error] [pid 664] [client 27.147.202.214:12538] AH02430: Response header 'Location' value of 'https://bubandcompany.com/\rheadername: headervalue' contains invalid characters, aborting request
[Wed Jul 07 09:58:43.776538 2021] [http:error] [pid 695] [client 27.147.202.214:12565] AH02430: Response header 'Location' value of 'https://bubandcompany.com/~\r\nheadername: headervalue' contains invalid characters, aborting request
[Wed Jul 07 09:58:44.874406 2021] [core:error] [pid 701] [client 27.147.202.214:12484] AH00126: Invalid URI in request GET .uri3.hit4388335631df382.group.bxss.me/ HTTP/1.1
[Wed Jul 07 09:58:45.408736 2021] [negotiation:error] [pid 654] [client 27.147.202.214:12339] AH00687: Negotiation: discovered file(s) matching request: /var/www/html/bubandcompany.com/xmlrpc (None could be negotiated).
[Wed Jul 07 09:58:49.617859 2021] [core:error] [pid 661] [client 27.147.202.214:10970] AH00126: Invalid URI in request GET @bxss.me/rpb.png HTTP/1.1
[Wed Jul 07 09:58:50.081523 2021] [authz_core:error] [pid 31613] [client 27.147.202.214:12790] AH01630: client denied by server configuration: /var/www/html/bubandcompany.com/server-status
[Wed Jul 07 09:58:51.173838 2021] [core:error] [pid 31613] [client 27.147.202.214:12790] AH00126: Invalid URI in request GET /sdk/../../../../../../../../../../../../../etc/passwd HTTP/1.1
[Wed Jul 07 09:58:52.596562 2021] [php7:error] [pid 667] [client 27.147.202.214:12857] script '/var/www/html/bubandcompany.com/vlairrr4iks7.php' not found or unable to stat, referer: https://bubandcompany.com/
[Wed Jul 07 09:58:53.241166 2021] [core:error] [pid 699] [client 27.147.202.214:12887] AH00126: Invalid URI in request GET /../../../../../../../../z/../../../../../../../../../etc/shells HTTP/1.1
[Wed Jul 07 09:59:01.055917 2021] [php7:error] [pid 665] [client 27.147.202.214:12970] script '/var/www/html/bubandcompany.com/installer-backup.php' not found or unable to stat
[Wed Jul 07 09:59:08.862633 2021] [php7:error] [pid 647] [client 27.147.202.214:12892] script '/var/www/html/bubandcompany.com/bak.wp-config.php' not found or unable to stat
[Wed Jul 07 09:59:11.530334 2021] [php7:error] [pid 647] [client 27.147.202.214:12892] script '/var/www/html/bubandcompany.com/old.wp-config.php' not found or unable to stat
[Wed Jul 07 09:59:12.215124 2021] [php7:error] [pid 715] [client 27.147.202.214:10965] script '/var/www/html/bubandcompany.com/wp-rss.php' not found or unable to stat
[Wed Jul 07 09:59:15.740264 2021] [php7:error] [pid 658] [client 27.147.202.214:7967] script '/var/www/html/bubandcompany.com/1udoWLlE.php' not found or unable to stat
[Wed Jul 07 09:59:16.076568 2021] [php7:error] [pid 658] [client 27.147.202.214:7967] script '/var/www/html/bubandcompany.com/db.php' not found or unable to stat
[Wed Jul 07 09:59:16.762007 2021] [php7:error] [pid 658] [client 27.147.202.214:7967] script '/var/www/html/bubandcompany.com/conf.php' not found or unable to stat
[Wed Jul 07 09:59:17.466946 2021] [php7:error] [pid 658] [client 27.147.202.214:7967] script '/var/www/html/bubandcompany.com/settings.php' not found or unable to stat
[Wed Jul 07 09:59:18.049860 2021] [negotiation:error] [pid 696] [client 27.147.202.214:7969] AH00687: Negotiation: discovered file(s) matching request: /var/www/html/bubandcompany.com/xmlrpc (None could be negotiated).
[Wed Jul 07 09:59:19.660402 2021] [php7:error] [pid 658] [client 27.147.202.214:7967] script '/var/www/html/bubandcompany.com/config.php' not found or unable to stat
[Wed Jul 07 09:59:21.624864 2021] [php7:error] [pid 658] [client 27.147.202.214:7967] script '/var/www/html/bubandcompany.com/config.inc.php' not found or unable to stat
[Wed Jul 07 09:59:22.010213 2021] [php7:error] [pid 658] [client 27.147.202.214:7967] script '/var/www/html/bubandcompany.com/localconfig.php' not found or unable to stat
[Wed Jul 07 09:59:22.769145 2021] [php7:error] [pid 658] [client 27.147.202.214:7967] script '/var/www/html/bubandcompany.com/configuration.php' not found or unable to stat
[Wed Jul 07 09:59:23.500261 2021] [php7:error] [pid 658] [client 27.147.202.214:7967] script '/var/www/html/bubandcompany.com/settings.inc.php' not found or unable to stat
[Wed Jul 07 09:59:23.589329 2021] [php7:error] [pid 718] [client 27.147.202.214:12755] script '/var/www/html/bubandcompany.com/phpThumb.php' not found or unable to stat
[Wed Jul 07 09:59:24.481812 2021] [php7:error] [pid 658] [client 27.147.202.214:7967] script '/var/www/html/bubandcompany.com/global.inc.php' not found or unable to stat
[Wed Jul 07 09:59:24.858142 2021] [php7:error] [pid 658] [client 27.147.202.214:7967] script '/var/www/html/bubandcompany.com/database.php' not found or unable to stat
[Wed Jul 07 09:59:26.212842 2021] [php7:error] [pid 660] [client 27.147.202.214:7972] script '/var/www/html/bubandcompany.com/database.inc.php' not found or unable to stat
[Wed Jul 07 09:59:29.514635 2021] [php7:error] [pid 709] [client 27.147.202.214:6669] script '/var/www/html/bubandcompany.com/login.php' not found or unable to stat
[Wed Jul 07 09:59:31.519082 2021] [php7:error] [pid 718] [client 27.147.202.214:12755] script '/var/www/html/bubandcompany.com/~wp-config.php' not found or unable to stat
[Wed Jul 07 09:59:32.931116 2021] [php7:error] [pid 747] [client 27.147.202.214:7976] script '/var/www/html/bubandcompany.com/wp-download.php' not found or unable to stat
[Wed Jul 07 09:59:34.123369 2021] [php7:error] [pid 718] [client 27.147.202.214:12755] script '/var/www/html/bubandcompany.com/!wp-config.php' not found or unable to stat
[Wed Jul 07 09:59:38.547058 2021] [php7:error] [pid 791] [client 27.147.202.214:5048] PHP Fatal error:  Out of memory (allocated 10485760) (tried to allocate 32768 bytes) in /var/www/html/bubandcompany.com/wp-includes/comment.php on line 2013
[Wed Jul 07 09:59:38.663885 2021] [php7:error] [pid 710] [client 204.48.19.85:39840] PHP Fatal error:  Out of memory (allocated 33554432) (tried to allocate 8192 bytes) in /var/www/html/bubandcompany.com/wp-content/plugins/jetpack/vendor/automattic/jetpack-blocks/src/class-blocks.php on line 182, referer: https://bubandcompany.com/wp-cron.php?doing_wp_cron=1625666373.1365470886230468750000
[Wed Jul 07 09:59:38.672550 2021] [php7:error] [pid 710] [client 204.48.19.85:39840] PHP Fatal error:  Out of memory (allocated 33554432) (tried to allocate 20480 bytes) in /var/www/html/bubandcompany.com/wp-includes/class-wp-hook.php on line 280, referer: https://bubandcompany.com/wp-cron.php?doing_wp_cron=1625666373.1365470886230468750000
[Wed Jul 07 09:59:38.674453 2021] [php7:error] [pid 700] [client 27.147.202.214:4483] PHP Fatal error:  Out of memory (allocated 50331648) (tried to allocate 32768 bytes) in /var/www/html/bubandcompany.com/wp-content/plugins/wordpress-seo/src/integrations/third-party/elementor.php on line 396
[Wed Jul 07 09:59:38.721136 2021] [php7:error] [pid 760] [client 27.147.202.214:4367] PHP Fatal error:  Out of memory (allocated 90177536) (tried to allocate 20480 bytes) in /var/www/html/bubandcompany.com/wp-includes/class-wp-hook.php on line 285
[Wed Jul 07 09:59:40.389150 2021] [php7:error] [pid 718] [client 27.147.202.214:12755] script '/var/www/html/bubandcompany.com/wp-config (another copy).php' not found or unable to stat
[Wed Jul 07 09:59:40.772188 2021] [php7:error] [pid 718] [client 27.147.202.214:12755] script '/var/www/html/bubandcompany.com/wp-config (copy).php' not found or unable to stat
[Wed Jul 07 09:59:41.157958 2021] [php7:error] [pid 718] [client 27.147.202.214:12755] script '/var/www/html/bubandcompany.com/wp-config - Copy.php' not found or unable to stat
[Wed Jul 07 09:59:41.548808 2021] [php7:error] [pid 718] [client 27.147.202.214:12755] script '/var/www/html/bubandcompany.com/wp-config - Copy (2).php' not found or unable to stat
[Wed Jul 07 09:59:42.519149 2021] [php7:error] [pid 718] [client 27.147.202.214:12755] script '/var/www/html/bubandcompany.com/Copy of wp-config.php' not found or unable to stat
[Wed Jul 07 09:59:42.910963 2021] [php7:error] [pid 718] [client 27.147.202.214:12755] script '/var/www/html/bubandcompany.com/Copy of Copy of wp-config.php' not found or unable to stat
[Wed Jul 07 09:59:43.356318 2021] [php7:error] [pid 718] [client 27.147.202.214:12755] script '/var/www/html/bubandcompany.com/Copy (2) of wp-config.php' not found or unable to stat
[Wed Jul 07 09:59:43.596156 2021] [php7:error] [pid 699] [client 27.147.202.214:7971] PHP Fatal error:  Out of memory (allocated 37748736) (tried to allocate 163840 bytes) in /var/www/html/bubandcompany.com/wp-includes/plugin.php on line 117, referer: https://bubandcompany.com/
[Wed Jul 07 09:59:43.656532 2021] [php7:error] [pid 783] [client 204.48.19.85:39858] PHP Fatal error:  Out of memory (allocated 88080384) (tried to allocate 8192 bytes) in /var/www/html/bubandcompany.com/wp-content/plugins/woocommerce/includes/wc-template-functions.php on line 2013, referer: https://bubandcompany.com/wp-cron.php?doing_wp_cron=1625666374.3633699417114257812500
[Wed Jul 07 09:59:43.664991 2021] [php7:error] [pid 783] [client 204.48.19.85:39858] PHP Fatal error:  Out of memory (allocated 88080384) (tried to allocate 20480 bytes) in /var/www/html/bubandcompany.com/wp-includes/class-wp-hook.php on line 285, referer: https://bubandcompany.com/wp-cron.php?doing_wp_cron=1625666374.3633699417114257812500
[Wed Jul 07 09:59:43.671848 2021] [php7:error] [pid 784] [client 204.48.19.85:39856] PHP Fatal error:  Out of memory (allocated 85983232) (tried to allocate 32768 bytes) in /var/www/html/bubandcompany.com/wp-content/plugins/fusion-builder/shortcodes/fusion-toggle.php on line 236, referer: https://bubandcompany.com/wp-cron.php?doing_wp_cron=1625666374.3418240547180175781250
[Wed Jul 07 09:59:43.676278 2021] [php7:error] [pid 790] [client 27.147.202.214:5091] PHP Fatal error:  Out of memory (allocated 50331648) (tried to allocate 32768 bytes) in /var/www/html/bubandcompany.com/wp-content/plugins/fusion-core/includes/widget/class-fusion-widget-vertical-menu.php on line 148
[Wed Jul 07 09:59:43.797390 2021] [php7:error] [pid 718] [client 27.147.202.214:12755] script '/var/www/html/bubandcompany.com/Copy_(1)_of_wp-config.php' not found or unable to stat
[Wed Jul 07 09:59:47.858016 2021] [php7:error] [pid 747] [client 27.147.202.214:7976] PHP Fatal error:  Out of memory (allocated 25165824) (tried to allocate 167936 bytes) in /var/www/html/bubandcompany.com/wp-includes/class-wp-theme.php on line 1203, referer: https://bubandcompany.com/
[Wed Jul 07 09:59:47.857969 2021] [php7:error] [pid 681] [client 27.147.202.214:5221] PHP Fatal error:  Out of memory (allocated 20971520) (tried to allocate 20480 bytes) in /var/www/html/bubandcompany.com/wp-content/plugins/jetpack/vendor/automattic/jetpack-jitm/src/class-post-connection-jitm.php on line 335
[Wed Jul 07 09:59:47.875842 2021] [php7:error] [pid 777] [client 27.147.202.214:5056] PHP Fatal error:  Out of memory (allocated 20971520) (tried to allocate 61440 bytes) in /var/www/html/bubandcompany.com/wp-content/plugins/woocommerce/vendor/composer/jetpack_autoload_classmap.php on line 2874
[Wed Jul 07 09:59:49.246653 2021] [php7:error] [pid 700] [client 27.147.202.214:5314] PHP Fatal error:  Out of memory (allocated 18874368) (tried to allocate 32768 bytes) in /var/www/html/bubandcompany.com/wp-content/plugins/fusion-core/fusion-slider/class-fusion-slider.php on line 882
[Wed Jul 07 09:59:49.269189 2021] [php7:error] [pid 700] [client 27.147.202.214:5314] PHP Fatal error:  Out of memory (allocated 18874368) (tried to allocate 32768 bytes) in /var/www/html/bubandcompany.com/wp-content/plugins/woocommerce/includes/log-handlers/class-wc-log-handler-file.php on line 1
[Wed Jul 07 09:59:49.639707 2021] [php7:error] [pid 718] [client 27.147.202.214:12755] script '/var/www/html/bubandcompany.com/wp-config1.php' not found or unable to stat
[Wed Jul 07 09:59:50.015111 2021] [php7:error] [pid 718] [client 27.147.202.214:12755] script '/var/www/html/bubandcompany.com/wp-config2.php' not found or unable to stat
[Wed Jul 07 09:59:50.431428 2021] [php7:error] [pid 674] [client 27.147.202.214:13295] PHP Fatal error:  Out of memory (allocated 18874368) (tried to allocate 45056 bytes) in /var/www/html/bubandcompany.com/wp-content/plugins/fusion-builder/inc/class-fusion-column-element.php on line 2662
[Wed Jul 07 09:59:50.727320 2021] [php7:error] [pid 760] [client 27.147.202.214:5310] PHP Fatal error:  Out of memory (allocated 16777216) (tried to allocate 32768 bytes) in /var/www/html/bubandcompany.com/wp-content/plugins/wordpress-seo/src/surfaces/helpers-surface.php on line 1
[Wed Jul 07 09:59:50.753275 2021] [php7:error] [pid 791] [client 27.147.202.214:5181] PHP Fatal error:  Out of memory (allocated 92274688) (tried to allocate 32768 bytes) in /var/www/html/bubandcompany.com/wp-content/themes/Avada/includes/options/extra.php on line 736
[Wed Jul 07 09:59:50.785119 2021] [php7:error] [pid 760] [client 27.147.202.214:5310] PHP Fatal error:  Out of memory (allocated 16777216) (tried to allocate 32768 bytes) in /var/www/html/bubandcompany.com/wp-content/plugins/woocommerce/includes/log-handlers/class-wc-log-handler-file.php on line 1
[Wed Jul 07 09:59:51.929099 2021] [php7:error] [pid 718] [client 27.147.202.214:12755] script '/var/www/html/bubandcompany.com/wp-config (3rd copy).php' not found or unable to stat
[Wed Jul 07 09:59:52.314421 2021] [php7:error] [pid 718] [client 27.147.202.214:12755] script '/var/www/html/bubandcompany.com/wp-config (third copy).php' not found or unable to stat
[Wed Jul 07 09:59:52.683393 2021] [php7:error] [pid 718] [client 27.147.202.214:12755] script '/var/www/html/bubandcompany.com/wp-config (4th copy).php' not found or unable to stat
[Wed Jul 07 09:59:53.082618 2021] [php7:error] [pid 718] [client 27.147.202.214:12755] script '/var/www/html/bubandcompany.com/wp-config - Copy - Copy.php' not found or unable to stat
[Wed Jul 07 09:59:58.108206 2021] [php7:error] [pid 681] [client 27.147.202.214:14451] PHP Fatal error:  Out of memory (allocated 37748736) (tried to allocate 20480 bytes) in /var/www/html/bubandcompany.com/wp-content/themes/Avada/includes/lib/inc/googlefonts-array.php on line 3
[Wed Jul 07 09:59:58.111279 2021] [php7:error] [pid 681] [client 27.147.202.214:14451] PHP Fatal error:  Out of memory (allocated 37748736) (tried to allocate 20480 bytes) in /var/www/html/bubandcompany.com/wp-includes/class-wp-fatal-error-handler.php on line 72
[Wed Jul 07 09:59:58.468665 2021] [php7:error] [pid 804] [client 27.147.202.214:14410] PHP Fatal error:  Out of memory (allocated 46137344) (tried to allocate 20480 bytes) in /var/www/html/bubandcompany.com/wp-content/plugins/jetpack/vendor/automattic/jetpack-jitm/src/class-post-connection-jitm.php on line 335
[Wed Jul 07 09:59:58.755361 2021] [php7:error] [pid 777] [client 27.147.202.214:14461] PHP Fatal error:  Out of memory (allocated 67108864) (tried to allocate 45056 bytes) in /var/www/html/bubandcompany.com/wp-content/plugins/fusion-builder/inc/class-fusion-column-element.php on line 2662
[Wed Jul 07 09:59:58.800256 2021] [php7:error] [pid 777] [client 27.147.202.214:14461] PHP Fatal error:  Out of memory (allocated 67108864) (tried to allocate 32768 bytes) in /var/www/html/bubandcompany.com/wp-content/plugins/woocommerce/includes/log-handlers/class-wc-log-handler-file.php on line 431
[Wed Jul 07 10:00:04.062253 2021] [php7:error] [pid 696] [client 27.147.202.214:12891] script '/var/www/html/bubandcompany.com/app_dev.php' not found or unable to stat
[Wed Jul 07 10:00:05.368139 2021] [php7:error] [pid 789] [client 27.147.202.214:13113] script '/var/www/html/bubandcompany.com/old_wp-config.php' not found or unable to stat
[Wed Jul 07 10:00:05.620160 2021] [negotiation:error] [pid 761] [client 27.147.202.214:14369] AH00687: Negotiation: discovered file(s) matching request: /var/www/html/bubandcompany.com/xmlrpc (None could be negotiated).
[Wed Jul 07 10:00:05.736140 2021] [php7:error] [pid 789] [client 27.147.202.214:13113] script '/var/www/html/bubandcompany.com/wp-config_old.php' not found or unable to stat
[Wed Jul 07 10:00:06.108123 2021] [php7:error] [pid 789] [client 27.147.202.214:13113] script '/var/www/html/bubandcompany.com/bak_wp-config.php' not found or unable to stat
[Wed Jul 07 10:00:06.213402 2021] [php7:error] [pid 777] [client 27.147.202.214:13111] script '/var/www/html/bubandcompany.com/wp-content/y52wpspc3bfb.php' not found or unable to stat, referer: https://bubandcompany.com/
[Wed Jul 07 10:00:07.010647 2021] [negotiation:error] [pid 718] [client 27.147.202.214:12755] AH00687: Negotiation: discovered file(s) matching request: /var/www/html/bubandcompany.com/xmlrpc (None could be negotiated).
[Wed Jul 07 10:00:07.544539 2021] [php7:error] [pid 789] [client 27.147.202.214:13113] script '/var/www/html/bubandcompany.com/wp-config_bak.php' not found or unable to stat
[Wed Jul 07 10:00:07.567357 2021] [core:error] [pid 699] [client 27.147.202.214:13112] AH00126: Invalid URI in request GET /wp-content/../../../../../../../../z/../../../../../../../../../etc/shells HTTP/1.1
[Wed Jul 07 10:00:07.858593 2021] [negotiation:error] [pid 748] [client 27.147.202.214:13161] AH00687: Negotiation: discovered file(s) matching request: /var/www/html/bubandcompany.com/xmlrpc (None could be negotiated).
[Wed Jul 07 10:00:07.968127 2021] [php7:error] [pid 789] [client 27.147.202.214:13113] script '/var/www/html/bubandcompany.com/backup_wp-config.php' not found or unable to stat
[Wed Jul 07 10:00:08.694610 2021] [negotiation:error] [pid 748] [client 27.147.202.214:13161] AH00687: Negotiation: discovered file(s) matching request: /var/www/html/bubandcompany.com/xmlrpc (None could be negotiated).
[Wed Jul 07 10:00:09.304198 2021] [php7:error] [pid 789] [client 27.147.202.214:13113] script '/var/www/html/bubandcompany.com/wp-config_backup.php' not found or unable to stat
[Wed Jul 07 10:00:11.750699 2021] [php7:error] [pid 870] [client 27.147.202.214:4045] script '/var/www/html/bubandcompany.com/wp-content/plugins/u6qw1z328teh.php' not found or unable to stat, referer: https://bubandcompany.com/
[Wed Jul 07 10:00:13.856235 2021] [php7:error] [pid 749] [client 27.147.202.214:13110] script '/var/www/html/bubandcompany.com/wp-content/plugins/under-construction-page/mkgk28z01k07.php' not found or unable to stat, referer: https://bubandcompany.com/
[Wed Jul 07 10:00:14.740747 2021] [php7:error] [pid 870] [client 27.147.202.214:4045] script '/var/www/html/bubandcompany.com/wp-content/plugins/under-construction-page/themes/jawm89if4kyb.php' not found or unable to stat, referer: https://bubandcompany.com/
[Wed Jul 07 10:00:15.640914 2021] [php7:error] [pid 749] [client 27.147.202.214:13110] script '/var/www/html/bubandcompany.com/wp-content/plugins/under-construction-page/themes/css/qjsffr0j20fk.php' not found or unable to stat, referer: https://bubandcompany.com/
[Wed Jul 07 10:00:17.524130 2021] [php7:error] [pid 666] [client 27.147.202.214:12907] script '/var/www/html/bubandcompany.com/wp-content/plugins/apc.php' not found or unable to stat
[Wed Jul 07 10:00:18.302374 2021] [authz_core:error] [pid 749] [client 27.147.202.214:13110] AH01630: client denied by server configuration: /var/www/html/bubandcompany.com/wp-content/plugins/.htaccess
[Wed Jul 07 10:00:19.147335 2021] [php7:error] [pid 870] [client 27.147.202.214:4045] script '/var/www/html/bubandcompany.com/wp-content/plugins/phpinfo.php' not found or unable to stat
[Wed Jul 07 10:00:20.290872 2021] [php7:error] [pid 749] [client 27.147.202.214:13110] script '/var/www/html/bubandcompany.com/wp-content/plugins/r57shell.php' not found or unable to stat
[Wed Jul 07 10:00:20.374396 2021] [php7:error] [pid 666] [client 27.147.202.214:12907] script '/var/www/html/bubandcompany.com/wp-content/plugins/webadmin.php' not found or unable to stat
[Wed Jul 07 10:00:20.658897 2021] [php7:error] [pid 749] [client 27.147.202.214:13110] script '/var/www/html/bubandcompany.com/wp-content/plugins/r57.php' not found or unable to stat
[Wed Jul 07 10:00:21.246880 2021] [php7:error] [pid 870] [client 27.147.202.214:4045] script '/var/www/html/bubandcompany.com/wp-content/plugins/pi.php' not found or unable to stat
[Wed Jul 07 10:00:21.703122 2021] [php7:error] [pid 749] [client 27.147.202.214:13110] script '/var/www/html/bubandcompany.com/wp-content/plugins/r58.php' not found or unable to stat
[Wed Jul 07 10:00:22.039931 2021] [php7:error] [pid 870] [client 27.147.202.214:4045] script '/var/www/html/bubandcompany.com/wp-content/plugins/php.php' not found or unable to stat
[Wed Jul 07 10:00:22.068302 2021] [php7:error] [pid 749] [client 27.147.202.214:13110] script '/var/www/html/bubandcompany.com/wp-content/plugins/c99shell.php' not found or unable to stat
[Wed Jul 07 10:00:22.444138 2021] [php7:error] [pid 870] [client 27.147.202.214:4045] script '/var/www/html/bubandcompany.com/wp-content/plugins/i.php' not found or unable to stat
[Wed Jul 07 10:00:22.455423 2021] [php7:error] [pid 749] [client 27.147.202.214:13110] script '/var/www/html/bubandcompany.com/wp-content/plugins/c99.php' not found or unable to stat
[Wed Jul 07 10:00:22.844337 2021] [php7:error] [pid 749] [client 27.147.202.214:13110] script '/var/www/html/bubandcompany.com/wp-content/plugins/nstview.php' not found or unable to stat
[Wed Jul 07 10:00:22.844638 2021] [php7:error] [pid 747] [client 27.147.202.214:13158] script '/var/www/html/bubandcompany.com/wp-content/plugins/test.php' not found or unable to stat
[Wed Jul 07 10:00:23.233714 2021] [php7:error] [pid 749] [client 27.147.202.214:13110] script '/var/www/html/bubandcompany.com/wp-content/plugins/nst.php' not found or unable to stat
[Wed Jul 07 10:00:23.862250 2021] [php7:error] [pid 747] [client 27.147.202.214:13158] script '/var/www/html/bubandcompany.com/wp-content/plugins/temp.php' not found or unable to stat
[Wed Jul 07 10:00:24.244722 2021] [php7:error] [pid 749] [client 27.147.202.214:13110] script '/var/www/html/bubandcompany.com/wp-content/plugins/rst.php' not found or unable to stat
[Wed Jul 07 10:00:24.263932 2021] [php7:error] [pid 747] [client 27.147.202.214:13158] script '/var/www/html/bubandcompany.com/wp-content/plugins/info.php' not found or unable to stat
[Wed Jul 07 10:00:24.633173 2021] [php7:error] [pid 749] [client 27.147.202.214:13110] script '/var/www/html/bubandcompany.com/wp-content/plugins/r57eng.php' not found or unable to stat
[Wed Jul 07 10:00:25.018669 2021] [php7:error] [pid 749] [client 27.147.202.214:13110] script '/var/www/html/bubandcompany.com/wp-content/plugins/shell.php' not found or unable to stat
[Wed Jul 07 10:00:25.418793 2021] [php7:error] [pid 749] [client 27.147.202.214:13110] script '/var/www/html/bubandcompany.com/wp-content/plugins/dra.php' not found or unable to stat
[Wed Jul 07 10:00:25.805245 2021] [authz_core:error] [pid 661] [client 27.147.202.214:13157] AH01630: client denied by server configuration: /var/www/html/bubandcompany.com/wp-content/plugins/under-construction-page/.htaccess
[Wed Jul 07 10:00:25.829360 2021] [php7:error] [pid 749] [client 27.147.202.214:13110] script '/var/www/html/bubandcompany.com/wp-content/plugins/r.php' not found or unable to stat
[Wed Jul 07 10:00:26.827855 2021] [php7:error] [pid 749] [client 27.147.202.214:13110] script '/var/www/html/bubandcompany.com/wp-content/plugins/lol.php' not found or unable to stat
[Wed Jul 07 10:00:27.218747 2021] [php7:error] [pid 749] [client 27.147.202.214:13110] script '/var/www/html/bubandcompany.com/wp-content/plugins/zehir.php' not found or unable to stat
[Wed Jul 07 10:00:27.320143 2021] [php7:error] [pid 783] [client 27.147.202.214:2203] script '/var/www/html/bubandcompany.com/wp-content/plugins/under-construction-page/r57shell.php' not found or unable to stat
[Wed Jul 07 10:00:27.343446 2021] [php7:error] [pid 708] [client 27.147.202.214:2112] script '/var/www/html/bubandcompany.com/wp-content/plugins/under-construction-page/webadmin.php' not found or unable to stat
[Wed Jul 07 10:00:27.426502 2021] [php7:error] [pid 879] [client 27.147.202.214:8205] script '/var/www/html/bubandcompany.com/wp-content/plugins/under-construction-page/phpinfo.php' not found or unable to stat
[Wed Jul 07 10:00:27.720638 2021] [php7:error] [pid 783] [client 27.147.202.214:2203] script '/var/www/html/bubandcompany.com/wp-content/plugins/under-construction-page/r57.php' not found or unable to stat
[Wed Jul 07 10:00:28.128006 2021] [php7:error] [pid 783] [client 27.147.202.214:2203] script '/var/www/html/bubandcompany.com/wp-content/plugins/under-construction-page/r58.php' not found or unable to stat
[Wed Jul 07 10:00:28.221399 2021] [php7:error] [pid 666] [client 27.147.202.214:12907] script '/var/www/html/bubandcompany.com/wp-content/plugins/under-construction-page/pi.php' not found or unable to stat
[Wed Jul 07 10:00:28.557338 2021] [php7:error] [pid 783] [client 27.147.202.214:2203] script '/var/www/html/bubandcompany.com/wp-content/plugins/under-construction-page/c99shell.php' not found or unable to stat
[Wed Jul 07 10:00:28.956911 2021] [php7:error] [pid 783] [client 27.147.202.214:2203] script '/var/www/html/bubandcompany.com/wp-content/plugins/under-construction-page/c99.php' not found or unable to stat
[Wed Jul 07 10:00:29.240742 2021] [php7:error] [pid 879] [client 27.147.202.214:8205] script '/var/www/html/bubandcompany.com/wp-content/plugins/under-construction-page/themes/apc.php' not found or unable to stat
[Wed Jul 07 10:00:29.670714 2021] [php7:error] [pid 747] [client 27.147.202.214:13158] script '/var/www/html/bubandcompany.com/wp-content/plugins/under-construction-page/php.php' not found or unable to stat
[Wed Jul 07 10:00:30.012674 2021] [php7:error] [pid 783] [client 27.147.202.214:2203] script '/var/www/html/bubandcompany.com/wp-content/plugins/under-construction-page/nstview.php' not found or unable to stat
[Wed Jul 07 10:00:30.040735 2021] [php7:error] [pid 749] [client 27.147.202.214:13110] script '/var/www/html/bubandcompany.com/wp-content/plugins/c-h.v2.php' not found or unable to stat
[Wed Jul 07 10:00:30.415948 2021] [php7:error] [pid 783] [client 27.147.202.214:2203] script '/var/www/html/bubandcompany.com/wp-content/plugins/under-construction-page/nst.php' not found or unable to stat
[Wed Jul 07 10:00:30.436494 2021] [php7:error] [pid 749] [client 27.147.202.214:13110] script '/var/www/html/bubandcompany.com/wp-content/plugins/php-backdoor.php' not found or unable to stat
[Wed Jul 07 10:00:30.824918 2021] [php7:error] [pid 749] [client 27.147.202.214:13110] script '/var/www/html/bubandcompany.com/wp-content/plugins/simple-backdoor.php' not found or unable to stat
[Wed Jul 07 10:00:31.247289 2021] [php7:error] [pid 722] [client 27.147.202.214:12542] script '/var/www/html/bubandcompany.com/wp-content/plugins/under-construction-page/apc.php' not found or unable to stat
[Wed Jul 07 10:00:31.483221 2021] [php7:error] [pid 783] [client 27.147.202.214:2203] script '/var/www/html/bubandcompany.com/wp-content/plugins/under-construction-page/rst.php' not found or unable to stat
[Wed Jul 07 10:00:31.848459 2021] [php7:error] [pid 783] [client 27.147.202.214:2203] script '/var/www/html/bubandcompany.com/wp-content/plugins/under-construction-page/r57eng.php' not found or unable to stat
[Wed Jul 07 10:00:31.896684 2021] [php7:error] [pid 747] [client 27.147.202.214:13158] script '/var/www/html/bubandcompany.com/wp-content/plugins/under-construction-page/i.php' not found or unable to stat
[Wed Jul 07 10:00:32.837179 2021] [authz_core:error] [pid 879] [client 27.147.202.214:8205] AH01630: client denied by server configuration: /var/www/html/bubandcompany.com/wp-content/plugins/under-construction-page/themes/.htaccess
[Wed Jul 07 10:00:32.873843 2021] [php7:error] [pid 783] [client 27.147.202.214:2203] script '/var/www/html/bubandcompany.com/wp-content/plugins/under-construction-page/shell.php' not found or unable to stat
[Wed Jul 07 10:00:33.080735 2021] [php7:error] [pid 747] [client 27.147.202.214:13158] script '/var/www/html/bubandcompany.com/wp-content/plugins/under-construction-page/test.php' not found or unable to stat
[Wed Jul 07 10:00:33.435059 2021] [php7:error] [pid 747] [client 27.147.202.214:13158] script '/var/www/html/bubandcompany.com/wp-content/plugins/under-construction-page/temp.php' not found or unable to stat
[Wed Jul 07 10:00:33.583061 2021] [php7:error] [pid 777] [client 27.147.202.214:12541] script '/var/www/html/bubandcompany.com/wp-content/plugins/under-construction-page/themes/phpinfo.php' not found or unable to stat
[Wed Jul 07 10:00:33.789960 2021] [php7:error] [pid 747] [client 27.147.202.214:13158] script '/var/www/html/bubandcompany.com/wp-content/plugins/under-construction-page/info.php' not found or unable to stat
[Wed Jul 07 10:00:33.869718 2021] [php7:error] [pid 661] [client 27.147.202.214:13157] script '/var/www/html/bubandcompany.com/wp-content/plugins/under-construction-page/dra.php' not found or unable to stat
[Wed Jul 07 10:00:34.273273 2021] [php7:error] [pid 777] [client 27.147.202.214:12541] script '/var/www/html/bubandcompany.com/wp-content/plugins/under-construction-page/themes/pi.php' not found or unable to stat
[Wed Jul 07 10:00:34.837302 2021] [php7:error] [pid 661] [client 27.147.202.214:13157] script '/var/www/html/bubandcompany.com/wp-content/plugins/under-construction-page/r.php' not found or unable to stat
[Wed Jul 07 10:00:34.874997 2021] [php7:error] [pid 747] [client 27.147.202.214:13158] script '/var/www/html/bubandcompany.com/wp-content/plugins/under-construction-page/themes/r57shell.php' not found or unable to stat
[Wed Jul 07 10:00:34.980093 2021] [php7:error] [pid 777] [client 27.147.202.214:12541] script '/var/www/html/bubandcompany.com/wp-content/plugins/under-construction-page/themes/php.php' not found or unable to stat
[Wed Jul 07 10:00:35.184974 2021] [php7:error] [pid 661] [client 27.147.202.214:13157] script '/var/www/html/bubandcompany.com/wp-content/plugins/under-construction-page/lol.php' not found or unable to stat
[Wed Jul 07 10:00:35.234947 2021] [php7:error] [pid 747] [client 27.147.202.214:13158] script '/var/www/html/bubandcompany.com/wp-content/plugins/under-construction-page/themes/r57.php' not found or unable to stat
[Wed Jul 07 10:00:35.309177 2021] [php7:error] [pid 761] [client 27.147.202.214:12543] script '/var/www/html/bubandcompany.com/wp-content/plugins/under-construction-page/themes/webadmin.php' not found or unable to stat
[Wed Jul 07 10:00:35.535253 2021] [php7:error] [pid 661] [client 27.147.202.214:13157] script '/var/www/html/bubandcompany.com/wp-content/plugins/under-construction-page/zehir.php' not found or unable to stat
[Wed Jul 07 10:00:35.796039 2021] [php7:error] [pid 749] [client 27.147.202.214:13110] script '/var/www/html/bubandcompany.com/wp-content/apc.php' not found or unable to stat
[Wed Jul 07 10:00:35.882404 2021] [php7:error] [pid 661] [client 27.147.202.214:13157] script '/var/www/html/bubandcompany.com/wp-content/plugins/under-construction-page/c-h.v2.php' not found or unable to stat
[Wed Jul 07 10:00:36.126469 2021] [php7:error] [pid 777] [client 27.147.202.214:12541] script '/var/www/html/bubandcompany.com/wp-content/plugins/under-construction-page/themes/i.php' not found or unable to stat
[Wed Jul 07 10:00:36.191660 2021] [php7:error] [pid 747] [client 27.147.202.214:13158] script '/var/www/html/bubandcompany.com/wp-content/plugins/under-construction-page/themes/r58.php' not found or unable to stat
[Wed Jul 07 10:00:36.242592 2021] [php7:error] [pid 661] [client 27.147.202.214:13157] script '/var/www/html/bubandcompany.com/wp-content/plugins/under-construction-page/php-backdoor.php' not found or unable to stat
[Wed Jul 07 10:00:36.494184 2021] [php7:error] [pid 777] [client 27.147.202.214:12541] script '/var/www/html/bubandcompany.com/wp-content/plugins/under-construction-page/themes/test.php' not found or unable to stat
[Wed Jul 07 10:00:36.560449 2021] [php7:error] [pid 747] [client 27.147.202.214:13158] script '/var/www/html/bubandcompany.com/wp-content/plugins/under-construction-page/themes/c99shell.php' not found or unable to stat
[Wed Jul 07 10:00:36.615170 2021] [php7:error] [pid 661] [client 27.147.202.214:13157] script '/var/www/html/bubandcompany.com/wp-content/plugins/under-construction-page/simple-backdoor.php' not found or unable to stat
[Wed Jul 07 10:00:36.837509 2021] [php7:error] [pid 880] [client 27.147.202.214:12936] script '/var/www/html/bubandcompany.com/soap.php' not found or unable to stat
[Wed Jul 07 10:00:36.920635 2021] [php7:error] [pid 747] [client 27.147.202.214:13158] script '/var/www/html/bubandcompany.com/wp-content/plugins/under-construction-page/themes/c99.php' not found or unable to stat
[Wed Jul 07 10:00:37.279810 2021] [php7:error] [pid 747] [client 27.147.202.214:13158] script '/var/www/html/bubandcompany.com/wp-content/plugins/under-construction-page/themes/nstview.php' not found or unable to stat
[Wed Jul 07 10:00:37.568844 2021] [php7:error] [pid 880] [client 27.147.202.214:12936] script '/var/www/html/bubandcompany.com/soap.php' not found or unable to stat
[Wed Jul 07 10:00:37.593827 2021] [php7:error] [pid 777] [client 27.147.202.214:12541] script '/var/www/html/bubandcompany.com/wp-content/plugins/under-construction-page/themes/temp.php' not found or unable to stat
[Wed Jul 07 10:00:37.644203 2021] [php7:error] [pid 747] [client 27.147.202.214:13158] script '/var/www/html/bubandcompany.com/wp-content/plugins/under-construction-page/themes/nst.php' not found or unable to stat
[Wed Jul 07 10:00:37.837605 2021] [authz_core:error] [pid 879] [client 27.147.202.214:8205] AH01630: client denied by server configuration: /var/www/html/bubandcompany.com/wp-content/.htaccess
[Wed Jul 07 10:00:37.964235 2021] [php7:error] [pid 777] [client 27.147.202.214:12541] script '/var/www/html/bubandcompany.com/wp-content/plugins/under-construction-page/themes/info.php' not found or unable to stat
[Wed Jul 07 10:00:38.367769 2021] [php7:error] [pid 661] [client 27.147.202.214:13157] script '/var/www/html/bubandcompany.com/soap.php' not found or unable to stat
[Wed Jul 07 10:00:38.582533 2021] [php7:error] [pid 747] [client 27.147.202.214:13158] script '/var/www/html/bubandcompany.com/wp-content/plugins/under-construction-page/themes/rst.php' not found or unable to stat
[Wed Jul 07 10:00:38.965441 2021] [php7:error] [pid 747] [client 27.147.202.214:13158] script '/var/www/html/bubandcompany.com/wp-content/plugins/under-construction-page/themes/r57eng.php' not found or unable to stat
[Wed Jul 07 10:00:39.128365 2021] [php7:error] [pid 661] [client 27.147.202.214:13157] script '/var/www/html/bubandcompany.com/soap.php' not found or unable to stat
[Wed Jul 07 10:00:39.347486 2021] [php7:error] [pid 747] [client 27.147.202.214:13158] script '/var/www/html/bubandcompany.com/wp-content/plugins/under-construction-page/themes/shell.php' not found or unable to stat
[Wed Jul 07 10:00:39.578326 2021] [php7:error] [pid 879] [client 27.147.202.214:8205] script '/var/www/html/bubandcompany.com/wp-content/r57shell.php' not found or unable to stat
[Wed Jul 07 10:00:39.742912 2021] [php7:error] [pid 747] [client 27.147.202.214:13158] script '/var/www/html/bubandcompany.com/wp-content/plugins/under-construction-page/themes/dra.php' not found or unable to stat
[Wed Jul 07 10:00:39.938935 2021] [php7:error] [pid 661] [client 27.147.202.214:13157] script '/var/www/html/bubandcompany.com/xmlrpc-server.php' not found or unable to stat
[Wed Jul 07 10:00:39.969895 2021] [php7:error] [pid 879] [client 27.147.202.214:8205] script '/var/www/html/bubandcompany.com/wp-content/r57.php' not found or unable to stat
[Wed Jul 07 10:00:40.133557 2021] [php7:error] [pid 747] [client 27.147.202.214:13158] script '/var/www/html/bubandcompany.com/wp-content/plugins/under-construction-page/themes/r.php' not found or unable to stat
[Wed Jul 07 10:00:40.313983 2021] [php7:error] [pid 662] [client 27.147.202.214:13159] script '/var/www/html/bubandcompany.com/wp-content/phpinfo.php' not found or unable to stat
[Wed Jul 07 10:00:40.358116 2021] [php7:error] [pid 879] [client 27.147.202.214:8205] script '/var/www/html/bubandcompany.com/wp-content/r58.php' not found or unable to stat
[Wed Jul 07 10:00:40.743369 2021] [php7:error] [pid 879] [client 27.147.202.214:8205] script '/var/www/html/bubandcompany.com/wp-content/c99shell.php' not found or unable to stat
[Wed Jul 07 10:00:40.767582 2021] [php7:error] [pid 661] [client 27.147.202.214:13157] script '/var/www/html/bubandcompany.com/xmlrpc-server.php' not found or unable to stat
[Wed Jul 07 10:00:40.969321 2021] [php7:error] [pid 777] [client 27.147.202.214:12541] script '/var/www/html/bubandcompany.com/wp-content/webadmin.php' not found or unable to stat
[Wed Jul 07 10:00:41.078495 2021] [php7:error] [pid 662] [client 27.147.202.214:13159] script '/var/www/html/bubandcompany.com/wp-content/pi.php' not found or unable to stat
[Wed Jul 07 10:00:41.572155 2021] [php7:error] [pid 661] [client 27.147.202.214:13157] script '/var/www/html/bubandcompany.com/xmlrpc-server.php' not found or unable to stat
[Wed Jul 07 10:00:41.719364 2021] [php7:error] [pid 747] [client 27.147.202.214:13158] script '/var/www/html/bubandcompany.com/wp-content/plugins/under-construction-page/themes/lol.php' not found or unable to stat
[Wed Jul 07 10:00:41.736437 2021] [php7:error] [pid 879] [client 27.147.202.214:8205] script '/var/www/html/bubandcompany.com/wp-content/c99.php' not found or unable to stat
[Wed Jul 07 10:00:41.837995 2021] [php7:error] [pid 662] [client 27.147.202.214:13159] script '/var/www/html/bubandcompany.com/wp-content/php.php' not found or unable to stat
[Wed Jul 07 10:00:42.108852 2021] [php7:error] [pid 747] [client 27.147.202.214:13158] script '/var/www/html/bubandcompany.com/wp-content/plugins/under-construction-page/themes/zehir.php' not found or unable to stat
[Wed Jul 07 10:00:42.118983 2021] [php7:error] [pid 879] [client 27.147.202.214:8205] script '/var/www/html/bubandcompany.com/wp-content/nstview.php' not found or unable to stat
[Wed Jul 07 10:00:42.167308 2021] [php7:error] [pid 708] [client 27.147.202.214:2112] script '/var/www/html/bubandcompany.com/wp-content/plugins/under-construction-page/themes/css/apc.php' not found or unable to stat
[Wed Jul 07 10:00:42.215910 2021] [php7:error] [pid 662] [client 27.147.202.214:13159] script '/var/www/html/bubandcompany.com/wp-content/i.php' not found or unable to stat
[Wed Jul 07 10:00:42.495321 2021] [php7:error] [pid 747] [client 27.147.202.214:13158] script '/var/www/html/bubandcompany.com/wp-content/plugins/under-construction-page/themes/c-h.v2.php' not found or unable to stat
[Wed Jul 07 10:00:42.503716 2021] [php7:error] [pid 879] [client 27.147.202.214:8205] script '/var/www/html/bubandcompany.com/wp-content/nst.php' not found or unable to stat
[Wed Jul 07 10:00:42.584303 2021] [php7:error] [pid 662] [client 27.147.202.214:13159] script '/var/www/html/bubandcompany.com/wp-content/test.php' not found or unable to stat
[Wed Jul 07 10:00:42.935834 2021] [php7:error] [pid 661] [client 27.147.202.214:13157] script '/var/www/html/bubandcompany.com/xmlrpc-server.php' not found or unable to stat
