122.116.248.74 - - [30/Jun/2021:00:12:05 -0400] "POST /wp-login.php HTTP/1.1" 401 9131 "-" "Mozilla/5.0 (Windows NT 5.1) AppleWebKit/537.36 (KHTML, like Gecko) Chrome/47.0.2526.106 Safari/537.36"
204.48.19.85 - - [30/Jun/2021:00:12:06 -0400] "POST /wp-cron.php?doing_wp_cron=1625026326.7871088981628417968750 HTTP/1.1" 200 5389 "https://bubandcompany.com/wp-cron.php?doing_wp_cron=1625026326.7871088981628417968750" "WordPress/5.7.2; https://bubandcompany.com"
35.245.223.114 - - [30/Jun/2021:00:13:24 -0400] "GET /wp-login.php HTTP/1.1" 200 9235 "-" "Mozilla/5.0 (X11; Ubuntu; Linux x86_64; rv:62.0) Gecko/20100101 Firefox/62.0"
35.245.223.114 - - [30/Jun/2021:00:13:25 -0400] "POST /wp-login.php HTTP/1.1" 200 9235 "-" "Mozilla/5.0 (X11; Ubuntu; Linux x86_64; rv:62.0) Gecko/20100101 Firefox/62.0"
204.48.19.85 - - [30/Jun/2021:00:13:26 -0400] "POST /wp-cron.php?doing_wp_cron=1625026406.5473411083221435546875 HTTP/1.1" 200 5389 "https://bubandcompany.com/wp-cron.php?doing_wp_cron=1625026406.5473411083221435546875" "WordPress/5.7.2; https://bubandcompany.com"
35.245.223.114 - - [30/Jun/2021:00:13:25 -0400] "POST /xmlrpc.php HTTP/1.1" 200 5093 "-" "Mozilla/5.0 (X11; Ubuntu; Linux x86_64; rv:62.0) Gecko/20100101 Firefox/62.0"
51.89.152.21 - - [30/Jun/2021:00:46:30 -0400] "GET /wp-login.php HTTP/1.1" 200 9234 "-" "Mozilla/5.0 (X11; Ubuntu; Linux x86_64; rv:62.0) Gecko/20100101 Firefox/62.0"
51.89.152.21 - - [30/Jun/2021:00:46:31 -0400] "POST /wp-login.php HTTP/1.1" 200 9234 "-" "Mozilla/5.0 (X11; Ubuntu; Linux x86_64; rv:62.0) Gecko/20100101 Firefox/62.0"
204.48.19.85 - - [30/Jun/2021:00:46:33 -0400] "POST /wp-cron.php?doing_wp_cron=1625028393.2028710842132568359375 HTTP/1.1" 200 5389 "https://bubandcompany.com/wp-cron.php?doing_wp_cron=1625028393.2028710842132568359375" "WordPress/5.7.2; https://bubandcompany.com"
51.89.152.21 - - [30/Jun/2021:00:46:32 -0400] "POST /xmlrpc.php HTTP/1.1" 200 5092 "-" "Mozilla/5.0 (X11; Ubuntu; Linux x86_64; rv:62.0) Gecko/20100101 Firefox/62.0"
194.163.142.38 - - [30/Jun/2021:01:19:16 -0400] "GET /wp-login.php HTTP/1.1" 200 9234 "-" "Mozilla/5.0 (X11; Ubuntu; Linux x86_64; rv:62.0) Gecko/20100101 Firefox/62.0"
194.163.142.38 - - [30/Jun/2021:01:19:17 -0400] "POST /wp-login.php HTTP/1.1" 200 9234 "-" "Mozilla/5.0 (X11; Ubuntu; Linux x86_64; rv:62.0) Gecko/20100101 Firefox/62.0"
204.48.19.85 - - [30/Jun/2021:01:19:19 -0400] "POST /wp-cron.php?doing_wp_cron=1625030359.7928540706634521484375 HTTP/1.1" 200 5389 "https://bubandcompany.com/wp-cron.php?doing_wp_cron=1625030359.7928540706634521484375" "WordPress/5.7.2; https://bubandcompany.com"
194.163.142.38 - - [30/Jun/2021:01:19:18 -0400] "POST /xmlrpc.php HTTP/1.1" 200 5094 "-" "Mozilla/5.0 (X11; Ubuntu; Linux x86_64; rv:62.0) Gecko/20100101 Firefox/62.0"
217.160.174.204 - - [30/Jun/2021:02:03:44 -0400] "POST /xmlrpc.php HTTP/1.0" 301 600 "-" "Mozilla/5.0 (Macintosh; Intel Mac OS X 10_13_4) AppleWebKit/537.36 (KHTML, like Gecko) Chrome/69.0.3497.100 Safari/537.36"
204.48.19.85 - - [30/Jun/2021:02:03:46 -0400] "POST /wp-cron.php?doing_wp_cron=1625033026.7861979007720947265625 HTTP/1.1" 200 5389 "https://bubandcompany.com/wp-cron.php?doing_wp_cron=1625033026.7861979007720947265625" "WordPress/5.7.2; https://bubandcompany.com"
217.160.174.204 - - [30/Jun/2021:02:03:45 -0400] "POST /xmlrpc.php HTTP/1.0" 200 5505 "-" "Mozilla/5.0 (Macintosh; Intel Mac OS X 10_13_4) AppleWebKit/537.36 (KHTML, like Gecko) Chrome/69.0.3497.100 Safari/537.36"
204.48.19.85 - - [30/Jun/2021:02:23:42 -0400] "POST /wp-cron.php?doing_wp_cron=1625034222.7917048931121826171875 HTTP/1.1" 200 5389 "https://bubandcompany.com/wp-cron.php?doing_wp_cron=1625034222.7917048931121826171875" "WordPress/5.7.2; https://bubandcompany.com"
173.249.60.62 - - [30/Jun/2021:02:23:42 -0400] "POST /xmlrpc.php HTTP/1.1" 200 5093 "-" "Mozilla/5.0 (X11; Ubuntu; Linux x86_64; rv:62.0) Gecko/20100101 Firefox/62.0"
34.92.85.223 - - [30/Jun/2021:02:53:13 -0400] "POST /wp-login.php HTTP/1.1" 200 9937 "-" "Mozilla/5.0 (Windows NT 10.0; Win64; x64) AppleWebKit/537.36 (KHTML, like Gecko) Chrome/86.0.4240.193 Safari/537.36"
204.48.19.85 - - [30/Jun/2021:03:47:10 -0400] "POST /wp-cron.php?doing_wp_cron=1625039230.4552381038665771484375 HTTP/1.1" 200 5389 "https://bubandcompany.com/wp-cron.php?doing_wp_cron=1625039230.4552381038665771484375" "WordPress/5.7.2; https://bubandcompany.com"
185.191.34.215 - - [30/Jun/2021:03:47:10 -0400] "HEAD / HTTP/1.1" 200 5477 "-" "Mozilla/5.0 (Macintosh; Intel Mac OS X 10.14; rv:68.0) Gecko/20100101 Firefox/68.0"
34.74.184.71 - - [30/Jun/2021:03:50:31 -0400] "GET /robots.txt HTTP/1.0" 301 563 "-" "ZoominfoBot (zoominfobot at zoominfo dot com)"
34.74.184.71 - - [30/Jun/2021:03:50:31 -0400] "GET /robots.txt HTTP/1.1" 404 4952 "-" "ZoominfoBot (zoominfobot at zoominfo dot com)"
34.74.184.71 - - [30/Jun/2021:03:50:31 -0400] "GET /wp-login.php HTTP/1.0" 301 567 "-" "ZoominfoBot (zoominfobot at zoominfo dot com)"
34.74.184.71 - - [30/Jun/2021:03:50:31 -0400] "GET /robots.txt HTTP/1.0" 404 481 "-" "ZoominfoBot (zoominfobot at zoominfo dot com)"
204.48.19.85 - - [30/Jun/2021:03:50:32 -0400] "POST /wp-cron.php?doing_wp_cron=1625039432.1027100086212158203125 HTTP/1.1" 200 5389 "https://bubandcompany.com/wp-cron.php?doing_wp_cron=1625039432.1027100086212158203125" "WordPress/5.7.2; https://bubandcompany.com"
34.74.184.71 - - [30/Jun/2021:03:50:31 -0400] "GET /wp-login.php HTTP/1.0" 200 3001 "-" "ZoominfoBot (zoominfobot at zoominfo dot com)"
204.48.19.85 - - [30/Jun/2021:03:58:29 -0400] "POST /wp-cron.php?doing_wp_cron=1625039909.8782050609588623046875 HTTP/1.1" 200 5389 "https://bubandcompany.com/wp-cron.php?doing_wp_cron=1625039909.8782050609588623046875" "WordPress/5.7.2; https://bubandcompany.com"
34.74.184.71 - - [30/Jun/2021:03:58:29 -0400] "GET /wp-login.php HTTP/1.0" 200 7358 "-" "ZoominfoBot (zoominfobot at zoominfo dot com)"
204.48.19.85 - - [30/Jun/2021:04:05:47 -0400] "POST /wp-cron.php?doing_wp_cron=1625040347.8323869705200195312500 HTTP/1.1" 200 5389 "https://bubandcompany.com/wp-cron.php?doing_wp_cron=1625040347.8323869705200195312500" "WordPress/5.7.2; https://bubandcompany.com"
207.46.13.56 - - [30/Jun/2021:04:05:47 -0400] "GET /index.php/mama-wear/ HTTP/1.1" 200 5892 "-" "Mozilla/5.0 (compatible; bingbot/2.0; +http://www.bing.com/bingbot.htm)"
204.48.19.85 - - [30/Jun/2021:04:14:17 -0400] "POST /wp-cron.php?doing_wp_cron=1625040857.1972000598907470703125 HTTP/1.1" 200 5389 "https://bubandcompany.com/wp-cron.php?doing_wp_cron=1625040857.1972000598907470703125" "WordPress/5.7.2; https://bubandcompany.com"
157.55.39.57 - - [30/Jun/2021:04:14:17 -0400] "GET /index.php/shop/?product_count=12&product_orderby=rating&product_view=grid HTTP/1.1" 200 5799 "-" "Mozilla/5.0 (compatible; bingbot/2.0; +http://www.bing.com/bingbot.htm)"
161.35.192.196 - - [30/Jun/2021:04:16:35 -0400] "POST /wp-login.php HTTP/1.1" 200 9938 "-" "Mozilla/5.0 (Windows NT 10.0; WOW64) AppleWebKit/537.36 (KHTML, like Gecko) Chrome/53.0.2785.143 Safari/537.36"
204.48.19.85 - - [30/Jun/2021:04:43:16 -0400] "POST /wp-cron.php?doing_wp_cron=1625042596.1869580745697021484375 HTTP/1.1" 200 5389 "https://bubandcompany.com/wp-cron.php?doing_wp_cron=1625042596.1869580745697021484375" "WordPress/5.7.2; https://bubandcompany.com"
66.249.70.84 - - [30/Jun/2021:04:43:15 -0400] "GET /index.php/feed/ HTTP/1.1" 200 6357 "-" "Mozilla/5.0 (compatible; Googlebot/2.1; +http://www.google.com/bot.html)"
23.228.109.147 - - [30/Jun/2021:04:52:09 -0400] "GET /wp-content/plugins/wp-front-end-repository/js/uploadify/uploadify.css HTTP/1.1" 301 681 "http://www.google.com/" "Mozilla/5.0 (Windows NT 6.1; Win64; x64) AppleWebKit/537.36 (KHTML, like Gecko) Chrome/56.0.2896.3 Safari/537.36"
23.228.109.147 - - [30/Jun/2021:04:52:09 -0400] "GET /wp-content/plugins/wp-front-end-repository/js/uploadify/uploadify.css HTTP/1.1" 404 5182 "http://www.google.com/" "Mozilla/5.0 (Windows NT 6.1; Win64; x64) AppleWebKit/537.36 (KHTML, like Gecko) Chrome/56.0.2896.3 Safari/537.36"
204.48.19.85 - - [30/Jun/2021:05:13:16 -0400] "POST /wp-cron.php?doing_wp_cron=1625044396.3290870189666748046875 HTTP/1.1" 200 5389 "https://bubandcompany.com/wp-cron.php?doing_wp_cron=1625044396.3290870189666748046875" "WordPress/5.7.2; https://bubandcompany.com"
66.249.70.84 - - [30/Jun/2021:05:13:15 -0400] "GET /index.php/feed/ HTTP/1.1" 200 6357 "-" "Mozilla/5.0 (Linux; Android 6.0.1; Nexus 5X Build/MMB29P) AppleWebKit/537.36 (KHTML, like Gecko) Chrome/91.0.4472.90 Mobile Safari/537.36 (compatible; Googlebot/2.1; +http://www.google.com/bot.html)"
94.73.142.2 - - [30/Jun/2021:05:38:20 -0400] "POST /wp-login.php HTTP/1.1" 200 9936 "-" "Mozilla/5.0 (Windows NT 6.3; Win64; x64) AppleWebKit/537.36 (KHTML, like Gecko) Chrome/62.0.3202.94 Safari/537.36"
204.48.19.85 - - [30/Jun/2021:06:09:13 -0400] "POST /wp-cron.php?doing_wp_cron=1625047753.6683819293975830078125 HTTP/1.1" 200 5389 "https://bubandcompany.com/wp-cron.php?doing_wp_cron=1625047753.6683819293975830078125" "WordPress/5.7.2; https://bubandcompany.com"
34.96.130.19 - - [30/Jun/2021:06:09:13 -0400] "GET / HTTP/1.1" 200 7135 "-" "Expanse, a Palo Alto Networks company, searches across the global IPv4 space multiple times per day to identify customers&#39; presences on the Internet. If you would like to be excluded from our scans, please send IP addresses/domains to: scaninfo@paloaltonetworks.com"
204.48.19.85 - - [30/Jun/2021:06:31:47 -0400] "POST /wp-cron.php?doing_wp_cron=1625049107.8296389579772949218750 HTTP/1.1" 200 5389 "https://bubandcompany.com/wp-cron.php?doing_wp_cron=1625049107.8296389579772949218750" "WordPress/5.7.2; https://bubandcompany.com"
66.249.70.84 - - [30/Jun/2021:06:31:47 -0400] "GET /index.php/feed/ HTTP/1.1" 200 6357 "-" "Mozilla/5.0 (Linux; Android 6.0.1; Nexus 5X Build/MMB29P) AppleWebKit/537.36 (KHTML, like Gecko) Chrome/91.0.4472.90 Mobile Safari/537.36 (compatible; Googlebot/2.1; +http://www.google.com/bot.html)"
35.196.16.56 - - [30/Jun/2021:06:46:15 -0400] "GET /robots.txt HTTP/1.0" 301 563 "-" "ZoominfoBot (zoominfobot at zoominfo dot com)"
35.196.16.56 - - [30/Jun/2021:06:46:15 -0400] "GET /robots.txt HTTP/1.1" 404 4952 "-" "ZoominfoBot (zoominfobot at zoominfo dot com)"
35.196.16.56 - - [30/Jun/2021:06:46:15 -0400] "GET /wp-login.php HTTP/1.0" 301 567 "-" "ZoominfoBot (zoominfobot at zoominfo dot com)"
35.196.16.56 - - [30/Jun/2021:06:46:15 -0400] "GET /robots.txt HTTP/1.0" 404 481 "-" "ZoominfoBot (zoominfobot at zoominfo dot com)"
204.48.19.85 - - [30/Jun/2021:06:46:16 -0400] "POST /wp-cron.php?doing_wp_cron=1625049976.4565770626068115234375 HTTP/1.1" 200 5389 "https://bubandcompany.com/wp-cron.php?doing_wp_cron=1625049976.4565770626068115234375" "WordPress/5.7.2; https://bubandcompany.com"
35.196.16.56 - - [30/Jun/2021:06:46:16 -0400] "GET /wp-login.php HTTP/1.0" 200 3001 "-" "ZoominfoBot (zoominfobot at zoominfo dot com)"
204.48.19.85 - - [30/Jun/2021:06:54:16 -0400] "POST /wp-cron.php?doing_wp_cron=1625050456.0705339908599853515625 HTTP/1.1" 200 5389 "https://bubandcompany.com/wp-cron.php?doing_wp_cron=1625050456.0705339908599853515625" "WordPress/5.7.2; https://bubandcompany.com"
35.196.16.56 - - [30/Jun/2021:06:54:15 -0400] "GET /wp-login.php HTTP/1.0" 200 7358 "-" "ZoominfoBot (zoominfobot at zoominfo dot com)"
13.90.153.101 - - [30/Jun/2021:07:24:42 -0400] "GET /.env HTTP/1.1" 301 588 "-" "Mozilla/5.0 (X11; Linux x86_64) AppleWebKit/537.36 (KHTML, like Gecko) Chrome/81.0.4044.129 Safari/537.36"
13.90.153.101 - - [30/Jun/2021:07:24:44 -0400] "GET /.env HTTP/1.1" 404 500 "-" "Mozilla/5.0 (X11; Linux x86_64) AppleWebKit/537.36 (KHTML, like Gecko) Chrome/81.0.4044.129 Safari/537.36"
13.90.153.101 - - [30/Jun/2021:07:24:48 -0400] "POST / HTTP/1.1" 301 580 "-" "Mozilla/5.0 (X11; Linux x86_64) AppleWebKit/537.36 (KHTML, like Gecko) Chrome/81.0.4044.129 Safari/537.36"
204.48.19.85 - - [30/Jun/2021:07:24:51 -0400] "POST /wp-cron.php?doing_wp_cron=1625052291.6766200065612792968750 HTTP/1.1" 301 661 "http://bubandcompany.com/wp-cron.php?doing_wp_cron=1625052291.6766200065612792968750" "WordPress/5.7.2; https://bubandcompany.com"
13.90.153.101 - - [30/Jun/2021:07:24:51 -0400] "POST / HTTP/1.1" 200 1096 "-" "Mozilla/5.0 (X11; Linux x86_64) AppleWebKit/537.36 (KHTML, like Gecko) Chrome/81.0.4044.129 Safari/537.36"
204.48.19.85 - - [30/Jun/2021:07:36:26 -0400] "POST /wp-cron.php?doing_wp_cron=1625052986.4371910095214843750000 HTTP/1.1" 301 661 "http://bubandcompany.com/wp-cron.php?doing_wp_cron=1625052986.4371910095214843750000" "WordPress/5.7.2; https://bubandcompany.com"
54.36.149.102 - - [30/Jun/2021:07:36:26 -0400] "GET / HTTP/1.1" 200 1040 "-" "Mozilla/5.0 (compatible; AhrefsBot/7.0; +http://ahrefs.com/robot/)"
128.199.93.165 - - [30/Jun/2021:08:27:13 -0400] "POST /wp-login.php HTTP/1.1" 401 9131 "-" "Mozilla/5.0 (Windows NT 10.0; Win64; x64) AppleWebKit/537.36 (KHTML, like Gecko) Chrome/66.0.3359.117 Safari/537.36"
204.48.19.85 - - [30/Jun/2021:08:27:15 -0400] "POST /wp-admin/admin-ajax.php?action=wp_1_wc_privacy_cleanup&nonce=e0f868c1ad HTTP/1.1" 200 5617 "https://bubandcompany.com/wp-admin/admin-ajax.php?action=wp_1_wc_privacy_cleanup&nonce=e0f868c1ad" "WordPress/5.7.2; https://bubandcompany.com"
204.48.19.85 - - [30/Jun/2021:08:27:13 -0400] "POST /wp-cron.php?doing_wp_cron=1625056033.5350410938262939453125 HTTP/1.1" 200 5389 "https://bubandcompany.com/wp-cron.php?doing_wp_cron=1625056033.5350410938262939453125" "WordPress/5.7.2; https://bubandcompany.com"
204.48.19.85 - - [30/Jun/2021:08:27:20 -0400] "POST /wp-cron.php?doing_wp_cron=1625056040.0995359420776367187500 HTTP/1.1" 200 5389 "https://bubandcompany.com/wp-cron.php?doing_wp_cron=1625056040.0995359420776367187500" "WordPress/5.7.2; https://bubandcompany.com"
192.0.86.182 - - [30/Jun/2021:08:27:19 -0400] "POST /xmlrpc.php?for=jetpack&token=%29%28dLwbcv%23b%21fiadHWlOCHmw%25nhq9rDir%3A1%3A0&timestamp=1625056039&nonce=aLUfvxvFVf&body-hash=VyzhCF9f0wh8fhHHQDDTNwFTsqo%3D&signature=I8tkCU77B4vLof2yg99ALuaJAIY%3D HTTP/1.1" 200 5858 "https://bubandcompany.com/xmlrpc.php?for=jetpack&token=%29%28dLwbcv%23b%21fiadHWlOCHmw%25nhq9rDir%3A1%3A0&timestamp=1625056039&nonce=aLUfvxvFVf&body-hash=VyzhCF9f0wh8fhHHQDDTNwFTsqo%3D&signature=I8tkCU77B4vLof2yg99ALuaJAIY%3D" "Jetpack by WordPress.com"
204.48.19.85 - - [30/Jun/2021:08:27:15 -0400] "POST /wp-admin/admin-ajax.php?action=as_async_request_queue_runner&nonce=72c97671c0 HTTP/1.1" 200 5617 "https://bubandcompany.com/wp-admin/admin-ajax.php?action=as_async_request_queue_runner&nonce=72c97671c0" "WordPress/5.7.2; https://bubandcompany.com"
66.249.66.154 - - [30/Jun/2021:08:52:22 -0400] "GET /robots.txt HTTP/1.1" 301 600 "-" "Mozilla/5.0 (compatible; Googlebot/2.1; +http://www.google.com/bot.html)"
66.249.66.158 - - [30/Jun/2021:08:52:22 -0400] "GET /robots.txt HTTP/1.1" 404 5705 "-" "Mozilla/5.0 (compatible; Googlebot/2.1; +http://www.google.com/bot.html)"
66.249.66.154 - - [30/Jun/2021:08:52:22 -0400] "GET / HTTP/1.1" 301 579 "-" "Mozilla/5.0 (compatible; Googlebot/2.1; +http://www.google.com/bot.html)"
204.48.19.85 - - [30/Jun/2021:08:52:23 -0400] "POST /wp-cron.php?doing_wp_cron=1625057543.0778648853302001953125 HTTP/1.1" 200 5389 "https://bubandcompany.com/wp-cron.php?doing_wp_cron=1625057543.0778648853302001953125" "WordPress/5.7.2; https://bubandcompany.com"
66.249.66.157 - - [30/Jun/2021:08:52:22 -0400] "GET / HTTP/1.1" 200 6304 "-" "Mozilla/5.0 (compatible; Googlebot/2.1; +http://www.google.com/bot.html)"
66.249.66.157 - - [30/Jun/2021:08:52:44 -0400] "GET /wp-content/plugins/under-construction-page/themes/css/common.css?v=3.88 HTTP/1.1" 200 5992 "https://bubandcompany.com/" "Mozilla/5.0 AppleWebKit/537.36 (KHTML, like Gecko; compatible; Googlebot/2.1; +http://www.google.com/bot.html) Chrome/91.0.4472.90 Safari/537.36"
204.48.19.85 - - [30/Jun/2021:09:02:06 -0400] "POST /wp-cron.php?doing_wp_cron=1625058126.9384250640869140625000 HTTP/1.1" 200 5389 "https://bubandcompany.com/wp-cron.php?doing_wp_cron=1625058126.9384250640869140625000" "WordPress/5.7.2; https://bubandcompany.com"
66.249.66.158 - - [30/Jun/2021:09:02:06 -0400] "GET /index.php/comments/feed/ HTTP/1.1" 200 6357 "-" "Mozilla/5.0 (Linux; Android 6.0.1; Nexus 5X Build/MMB29P) AppleWebKit/537.36 (KHTML, like Gecko) Chrome/91.0.4472.90 Mobile Safari/537.36 (compatible; Googlebot/2.1; +http://www.google.com/bot.html)"
204.48.19.85 - - [30/Jun/2021:09:08:44 -0400] "POST /wp-cron.php?doing_wp_cron=1625058524.2905979156494140625000 HTTP/1.1" 200 5389 "https://bubandcompany.com/wp-cron.php?doing_wp_cron=1625058524.2905979156494140625000" "WordPress/5.7.2; https://bubandcompany.com"
66.249.66.156 - - [30/Jun/2021:09:08:44 -0400] "GET /index.php/comments/feed/ HTTP/1.1" 200 6357 "-" "Mozilla/5.0 (compatible; Googlebot/2.1; +http://www.google.com/bot.html)"
204.48.19.85 - - [30/Jun/2021:09:37:38 -0400] "POST /wp-cron.php?doing_wp_cron=1625060258.8226950168609619140625 HTTP/1.1" 200 5389 "https://bubandcompany.com/wp-cron.php?doing_wp_cron=1625060258.8226950168609619140625" "WordPress/5.7.2; https://bubandcompany.com"
40.77.167.18 - - [30/Jun/2021:09:37:38 -0400] "GET /index.php/shop/?product_count=24&product_order=desc&product_orderby=rating HTTP/1.1" 200 5799 "-" "Mozilla/5.0 (compatible; bingbot/2.0; +http://www.bing.com/bingbot.htm)"
66.249.66.150 - - [30/Jun/2021:09:42:49 -0400] "GET / HTTP/1.1" 301 580 "-" "Mozilla/5.0 (Linux; Android 6.0.1; Nexus 5X Build/MMB29P) AppleWebKit/537.36 (KHTML, like Gecko) Chrome/91.0.4472.90 Mobile Safari/537.36 (compatible; Googlebot/2.1; +http://www.google.com/bot.html)"
204.48.19.85 - - [30/Jun/2021:09:42:50 -0400] "POST /wp-cron.php?doing_wp_cron=1625060570.0335009098052978515625 HTTP/1.1" 200 5389 "https://bubandcompany.com/wp-cron.php?doing_wp_cron=1625060570.0335009098052978515625" "WordPress/5.7.2; https://bubandcompany.com"
66.249.66.156 - - [30/Jun/2021:09:42:49 -0400] "GET / HTTP/1.1" 200 6304 "-" "Mozilla/5.0 (Linux; Android 6.0.1; Nexus 5X Build/MMB29P) AppleWebKit/537.36 (KHTML, like Gecko) Chrome/91.0.4472.90 Mobile Safari/537.36 (compatible; Googlebot/2.1; +http://www.google.com/bot.html)"
204.48.19.85 - - [30/Jun/2021:09:53:31 -0400] "GET / HTTP/1.1" 200 6282 "https://bubandcompany.com/" "WordPress/5.7.2; https://bubandcompany.com"
204.48.19.85 - - [30/Jun/2021:09:53:31 -0400] "POST /wp-cron.php?doing_wp_cron=1625061210.9957079887390136718750 HTTP/1.1" 200 5389 "https://bubandcompany.com/wp-cron.php?doing_wp_cron=1625061210.9957079887390136718750" "WordPress/5.7.2; https://bubandcompany.com"
81.88.52.157 - - [30/Jun/2021:09:53:30 -0400] "POST /wp-login.php HTTP/1.1" 401 9132 "-" "Mozilla/5.0 (Windows NT 6.3; Win64; x64) AppleWebKit/537.36 (KHTML, like Gecko) Chrome/68.0.3440.106 Safari/537.36"
54.36.149.91 - - [30/Jun/2021:10:07:52 -0400] "GET /robots.txt HTTP/1.1" 404 5664 "-" "Mozilla/5.0 (compatible; AhrefsBot/7.0; +http://ahrefs.com/robot/)"
204.48.19.85 - - [30/Jun/2021:10:07:53 -0400] "POST /wp-cron.php?doing_wp_cron=1625062073.4177989959716796875000 HTTP/1.1" 200 5389 "https://bubandcompany.com/wp-cron.php?doing_wp_cron=1625062073.4177989959716796875000" "WordPress/5.7.2; https://bubandcompany.com"
54.36.148.152 - - [30/Jun/2021:10:07:53 -0400] "GET / HTTP/1.1" 200 6263 "-" "Mozilla/5.0 (compatible; AhrefsBot/7.0; +http://ahrefs.com/robot/)"
51.79.251.150 - - [30/Jun/2021:10:11:37 -0400] "POST /xmlrpc.php HTTP/1.0" 301 600 "-" "Mozilla/5.0 (Windows NT 10.0; Win64; x64) AppleWebKit/537.36 (KHTML, like Gecko) Chrome/88.0.4324.182 Safari/537.36"
204.48.19.85 - - [30/Jun/2021:10:11:40 -0400] "POST /wp-cron.php?doing_wp_cron=1625062300.9047989845275878906250 HTTP/1.1" 200 5389 "https://bubandcompany.com/wp-cron.php?doing_wp_cron=1625062300.9047989845275878906250" "WordPress/5.7.2; https://bubandcompany.com"
51.79.251.150 - - [30/Jun/2021:10:11:40 -0400] "POST /xmlrpc.php HTTP/1.0" 200 5505 "-" "Mozilla/5.0 (Windows NT 10.0; Win64; x64) AppleWebKit/537.36 (KHTML, like Gecko) Chrome/88.0.4324.182 Safari/537.36"
204.48.19.85 - - [30/Jun/2021:10:14:26 -0400] "POST /wp-cron.php?doing_wp_cron=1625062466.1200859546661376953125 HTTP/1.1" 200 5389 "https://bubandcompany.com/wp-cron.php?doing_wp_cron=1625062466.1200859546661376953125" "WordPress/5.7.2; https://bubandcompany.com"
35.161.40.14 - - [30/Jun/2021:10:14:25 -0400] "GET / HTTP/1.1" 200 6248 "-" "Mozilla/5.0 (X11; Linux x86_64) AppleWebKit/537.36 (KHTML, like Gecko) Chrome/83.0.4103.97 Safari/537.36"
34.222.159.109 - - [30/Jun/2021:10:14:31 -0400] "GET / HTTP/1.1" 301 524 "-" "Mozilla/5.0 (X11; Linux x86_64) AppleWebKit/537.36 (KHTML, like Gecko) Chrome/83.0.4103.97 Safari/537.36"
54.244.210.213 - - [30/Jun/2021:10:14:58 -0400] "GET /favicon.ico HTTP/1.1" 404 5649 "-" "Mozilla/5.0 (X11; Linux x86_64) AppleWebKit/537.36 (KHTML, like Gecko) Chrome/83.0.4103.97 Safari/537.36"
52.88.130.155 - - [30/Jun/2021:10:16:28 -0400] "GET / HTTP/1.1" 301 524 "-" "Mozilla/5.0 (X11; Linux x86_64) AppleWebKit/537.36 (KHTML, like Gecko) Chrome/83.0.4103.97 Safari/537.36"
204.48.19.85 - - [30/Jun/2021:10:16:34 -0400] "POST /wp-cron.php?doing_wp_cron=1625062594.0191349983215332031250 HTTP/1.1" 200 5389 "https://bubandcompany.com/wp-cron.php?doing_wp_cron=1625062594.0191349983215332031250" "WordPress/5.7.2; https://bubandcompany.com"
52.88.130.155 - - [30/Jun/2021:10:16:33 -0400] "GET / HTTP/1.1" 200 6248 "-" "Mozilla/5.0 (X11; Linux x86_64) AppleWebKit/537.36 (KHTML, like Gecko) Chrome/83.0.4103.97 Safari/537.36"
54.213.63.232 - - [30/Jun/2021:10:17:05 -0400] "GET /favicon.ico HTTP/1.1" 301 546 "-" "Mozilla/5.0 (X11; Linux x86_64) AppleWebKit/537.36 (KHTML, like Gecko) Chrome/83.0.4103.97 Safari/537.36"
54.213.63.232 - - [30/Jun/2021:10:17:09 -0400] "GET / HTTP/1.1" 301 524 "-" "Mozilla/5.0 (X11; Linux x86_64) AppleWebKit/537.36 (KHTML, like Gecko) Chrome/83.0.4103.97 Safari/537.36"
204.48.19.85 - - [30/Jun/2021:10:17:09 -0400] "POST /wp-cron.php?doing_wp_cron=1625062629.5953910350799560546875 HTTP/1.1" 200 5389 "https://bubandcompany.com/wp-cron.php?doing_wp_cron=1625062629.5953910350799560546875" "WordPress/5.7.2; https://bubandcompany.com"
54.213.63.232 - - [30/Jun/2021:10:17:09 -0400] "GET / HTTP/1.1" 200 6248 "http://bubandcompany.com" "Mozilla/5.0 (X11; Linux x86_64) AppleWebKit/537.36 (KHTML, like Gecko) Chrome/83.0.4103.97 Safari/537.36"
54.213.63.232 - - [30/Jun/2021:10:17:10 -0400] "GET /wp-content/plugins/under-construction-page/themes/images/favicon.png HTTP/1.1" 200 4300 "-" "Go-http-client/1.1"
204.48.19.85 - - [30/Jun/2021:11:12:46 -0400] "POST /wp-cron.php?doing_wp_cron=1625065966.9358940124511718750000 HTTP/1.1" 200 5389 "https://bubandcompany.com/wp-cron.php?doing_wp_cron=1625065966.9358940124511718750000" "WordPress/5.7.2; https://bubandcompany.com"
46.21.198.186 - - [30/Jun/2021:11:12:46 -0400] "GET / HTTP/1.1" 200 6267 "-" "Mozilla/5.0 (Windows NT 10.0; WOW64) AppleWebKit/537.36 (KHTML, like Gecko) Chrome/84.0.4147.125 Safari/537.36"
139.162.30.31 - - [30/Jun/2021:11:12:47 -0400] "GET / HTTP/1.1" 200 6267 "-" "Mozilla/5.0 (Windows NT 10.0; WOW64) AppleWebKit/537.36 (KHTML, like Gecko) Chrome/84.0.4147.125 Safari/537.36"
46.21.198.186 - - [30/Jun/2021:11:12:47 -0400] "GET / HTTP/1.1" 200 6267 "-" "Mozilla/5.0 (Windows NT 10.0; WOW64) AppleWebKit/537.36 (KHTML, like Gecko) Chrome/84.0.4147.125 Safari/537.36"
46.21.198.186 - - [30/Jun/2021:11:12:47 -0400] "GET / HTTP/1.1" 200 6263 "-" "Mozilla/5.0 (Windows NT 10.0; WOW64) AppleWebKit/537.36 (KHTML, like Gecko) Chrome/84.0.4147.125 Safari/537.36"
139.162.30.31 - - [30/Jun/2021:11:12:48 -0400] "GET / HTTP/1.1" 200 6267 "-" "Mozilla/5.0 (Windows NT 10.0; WOW64) AppleWebKit/537.36 (KHTML, like Gecko) Chrome/84.0.4147.125 Safari/537.36"
46.21.198.186 - - [30/Jun/2021:11:12:48 -0400] "GET /wp-content/plugins/wp-user-avatar/assets/js/frontend.js HTTP/1.1" 404 5668 "-" "Mozilla/5.0 (Windows NT 10.0; WOW64) AppleWebKit/537.36 (KHTML, like Gecko) Chrome/84.0.4147.125 Safari/537.36"
46.21.198.186 - - [30/Jun/2021:11:12:48 -0400] "GET /wp-content/plugins/wp-user-avatar/assets/js/frontend.js HTTP/1.1" 404 5664 "-" "Mozilla/5.0 (Windows NT 10.0; WOW64) AppleWebKit/537.36 (KHTML, like Gecko) Chrome/84.0.4147.125 Safari/537.36"
46.21.198.186 - - [30/Jun/2021:11:12:48 -0400] "GET /wp-content/plugins/wp-user-avatar/js/wp-user-avatar.js HTTP/1.1" 404 5668 "-" "Mozilla/5.0 (Windows NT 10.0; WOW64) AppleWebKit/537.36 (KHTML, like Gecko) Chrome/84.0.4147.125 Safari/537.36"
46.21.198.186 - - [30/Jun/2021:11:12:49 -0400] "GET /wp-content/plugins/wp-user-avatar/js/wp-user-avatar.js HTTP/1.1" 404 5664 "-" "Mozilla/5.0 (Windows NT 10.0; WOW64) AppleWebKit/537.36 (KHTML, like Gecko) Chrome/84.0.4147.125 Safari/537.36"
139.162.30.31 - - [30/Jun/2021:11:12:48 -0400] "GET / HTTP/1.1" 200 6263 "-" "Mozilla/5.0 (Windows NT 10.0; WOW64) AppleWebKit/537.36 (KHTML, like Gecko) Chrome/84.0.4147.125 Safari/537.36"
46.21.198.186 - - [30/Jun/2021:11:12:49 -0400] "GET /wp-content/plugins/wp-user-avatar/assets/css/frontend.css HTTP/1.1" 404 5668 "-" "Mozilla/5.0 (Windows NT 10.0; WOW64) AppleWebKit/537.36 (KHTML, like Gecko) Chrome/84.0.4147.125 Safari/537.36"
46.21.198.186 - - [30/Jun/2021:11:12:49 -0400] "GET /wp-content/plugins/wp-user-avatar/assets/css/frontend.css HTTP/1.1" 404 5664 "-" "Mozilla/5.0 (Windows NT 10.0; WOW64) AppleWebKit/537.36 (KHTML, like Gecko) Chrome/84.0.4147.125 Safari/537.36"
139.162.30.31 - - [30/Jun/2021:11:12:49 -0400] "GET /wp-content/plugins/wp-user-avatar/assets/js/frontend.js HTTP/1.1" 404 5668 "-" "Mozilla/5.0 (Windows NT 10.0; WOW64) AppleWebKit/537.36 (KHTML, like Gecko) Chrome/84.0.4147.125 Safari/537.36"
139.162.30.31 - - [30/Jun/2021:11:12:50 -0400] "GET /wp-content/plugins/wp-user-avatar/assets/js/frontend.js HTTP/1.1" 404 5664 "-" "Mozilla/5.0 (Windows NT 10.0; WOW64) AppleWebKit/537.36 (KHTML, like Gecko) Chrome/84.0.4147.125 Safari/537.36"
139.162.30.31 - - [30/Jun/2021:11:12:51 -0400] "GET /wp-content/plugins/wp-user-avatar/js/wp-user-avatar.js HTTP/1.1" 404 5668 "-" "Mozilla/5.0 (Windows NT 10.0; WOW64) AppleWebKit/537.36 (KHTML, like Gecko) Chrome/84.0.4147.125 Safari/537.36"
139.162.30.31 - - [30/Jun/2021:11:12:51 -0400] "GET /wp-content/plugins/wp-user-avatar/js/wp-user-avatar.js HTTP/1.1" 404 5664 "-" "Mozilla/5.0 (Windows NT 10.0; WOW64) AppleWebKit/537.36 (KHTML, like Gecko) Chrome/84.0.4147.125 Safari/537.36"
139.162.30.31 - - [30/Jun/2021:11:12:52 -0400] "GET /wp-content/plugins/wp-user-avatar/assets/css/frontend.css HTTP/1.1" 404 5668 "-" "Mozilla/5.0 (Windows NT 10.0; WOW64) AppleWebKit/537.36 (KHTML, like Gecko) Chrome/84.0.4147.125 Safari/537.36"
139.162.30.31 - - [30/Jun/2021:11:12:53 -0400] "GET /wp-content/plugins/wp-user-avatar/assets/css/frontend.css HTTP/1.1" 404 5664 "-" "Mozilla/5.0 (Windows NT 10.0; WOW64) AppleWebKit/537.36 (KHTML, like Gecko) Chrome/84.0.4147.125 Safari/537.36"
51.132.4.32 - - [30/Jun/2021:11:21:23 -0400] "POST /wp-login.php HTTP/1.1" 200 9936 "-" "Mozilla/5.0 (Windows NT 10.0; Win64; x64) AppleWebKit/537.36 (KHTML, like Gecko) Chrome/64.0.3282.140 Safari/537.36"
66.249.66.158 - - [30/Jun/2021:11:23:39 -0400] "GET /robots.txt HTTP/1.1" 404 5705 "-" "Mozilla/5.0 (compatible; Googlebot/2.1; +http://www.google.com/bot.html)"
204.48.19.85 - - [30/Jun/2021:11:23:39 -0400] "POST /wp-cron.php?doing_wp_cron=1625066619.2612190246582031250000 HTTP/1.1" 200 5389 "https://bubandcompany.com/wp-cron.php?doing_wp_cron=1625066619.2612190246582031250000" "WordPress/5.7.2; https://bubandcompany.com"
66.249.66.156 - - [30/Jun/2021:11:23:39 -0400] "GET /index.php/gift-cards/ HTTP/1.1" 200 6254 "-" "Mozilla/5.0 (compatible; Googlebot/2.1; +http://www.google.com/bot.html)"
52.37.117.113 - - [30/Jun/2021:11:39:47 -0400] "GET / HTTP/1.1" 301 580 "-" "Mozilla/5.0 (Windows NT 10.0; Win64; x64)AppleWebKit/537.36 (KHTML, like Gecko) Chrome/66.0.3359.181 Safari/537.36"
204.48.19.85 - - [30/Jun/2021:11:39:47 -0400] "POST /wp-cron.php?doing_wp_cron=1625067587.8392910957336425781250 HTTP/1.1" 200 5389 "https://bubandcompany.com/wp-cron.php?doing_wp_cron=1625067587.8392910957336425781250" "WordPress/5.7.2; https://bubandcompany.com"
52.37.117.113 - - [30/Jun/2021:11:39:47 -0400] "GET / HTTP/1.1" 200 6319 "-" "Mozilla/5.0 (Windows NT 10.0; Win64; x64)AppleWebKit/537.36 (KHTML, like Gecko) Chrome/66.0.3359.181 Safari/537.36"
35.227.123.68 - - [30/Jun/2021:11:59:30 -0400] "GET /robots.txt HTTP/1.0" 301 563 "-" "ZoominfoBot (zoominfobot at zoominfo dot com)"
35.227.123.68 - - [30/Jun/2021:11:59:30 -0400] "GET /robots.txt HTTP/1.1" 404 4952 "-" "ZoominfoBot (zoominfobot at zoominfo dot com)"
35.227.123.68 - - [30/Jun/2021:11:59:30 -0400] "GET /wp-login.php HTTP/1.0" 301 567 "-" "ZoominfoBot (zoominfobot at zoominfo dot com)"
35.227.123.68 - - [30/Jun/2021:11:59:30 -0400] "GET /robots.txt HTTP/1.0" 404 481 "-" "ZoominfoBot (zoominfobot at zoominfo dot com)"
204.48.19.85 - - [30/Jun/2021:11:59:31 -0400] "POST /wp-cron.php?doing_wp_cron=1625068771.2500770092010498046875 HTTP/1.1" 200 5389 "https://bubandcompany.com/wp-cron.php?doing_wp_cron=1625068771.2500770092010498046875" "WordPress/5.7.2; https://bubandcompany.com"
35.227.123.68 - - [30/Jun/2021:11:59:31 -0400] "GET /wp-login.php HTTP/1.0" 200 3001 "-" "ZoominfoBot (zoominfobot at zoominfo dot com)"
204.48.19.85 - - [30/Jun/2021:12:45:54 -0400] "POST /wp-cron.php?doing_wp_cron=1625071554.5659449100494384765625 HTTP/1.1" 200 5389 "https://bubandcompany.com/wp-cron.php?doing_wp_cron=1625071554.5659449100494384765625" "WordPress/5.7.2; https://bubandcompany.com"
103.28.53.92 - - [30/Jun/2021:12:45:54 -0400] "POST /wp-login.php HTTP/1.1" 401 9132 "-" "Mozilla/5.0 (Windows NT 6.1; WOW64) AppleWebKit/537.36 (KHTML, like Gecko) Chrome/36.0.1985.125 Safari/537.36"
34.74.184.71 - - [30/Jun/2021:13:19:36 -0400] "GET /robots.txt HTTP/1.0" 301 563 "-" "ZoominfoBot (zoominfobot at zoominfo dot com)"
34.74.184.71 - - [30/Jun/2021:13:19:36 -0400] "GET /robots.txt HTTP/1.1" 404 4952 "-" "ZoominfoBot (zoominfobot at zoominfo dot com)"
34.74.184.71 - - [30/Jun/2021:13:19:36 -0400] "GET /wp-login.php HTTP/1.0" 301 567 "-" "ZoominfoBot (zoominfobot at zoominfo dot com)"
34.74.184.71 - - [30/Jun/2021:13:19:36 -0400] "GET /robots.txt HTTP/1.0" 404 481 "-" "ZoominfoBot (zoominfobot at zoominfo dot com)"
204.48.19.85 - - [30/Jun/2021:13:19:36 -0400] "POST /wp-cron.php?doing_wp_cron=1625073576.4573709964752197265625 HTTP/1.1" 200 5389 "https://bubandcompany.com/wp-cron.php?doing_wp_cron=1625073576.4573709964752197265625" "WordPress/5.7.2; https://bubandcompany.com"
34.74.184.71 - - [30/Jun/2021:13:19:36 -0400] "GET /wp-login.php HTTP/1.0" 200 3001 "-" "ZoominfoBot (zoominfobot at zoominfo dot com)"
204.48.19.85 - - [30/Jun/2021:13:28:01 -0400] "POST /wp-cron.php?doing_wp_cron=1625074081.3806118965148925781250 HTTP/1.1" 200 5389 "https://bubandcompany.com/wp-cron.php?doing_wp_cron=1625074081.3806118965148925781250" "WordPress/5.7.2; https://bubandcompany.com"
34.74.184.71 - - [30/Jun/2021:13:28:01 -0400] "GET /wp-login.php HTTP/1.0" 200 7358 "-" "ZoominfoBot (zoominfobot at zoominfo dot com)"
69.171.249.3 - - [30/Jun/2021:13:35:15 -0400] "GET /wp-content/uploads/2020/05/Bub-Co-Logo-e1588470311861.png HTTP/1.1" 200 99156 "-" "facebookexternalhit/1.1 (+http://www.facebook.com/externalhit_uatext.php)"
136.243.32.189 - - [30/Jun/2021:14:05:22 -0400] "POST /wp-login.php HTTP/1.1" 200 9938 "-" "Mozilla/5.0 (Windows NT 6.1; Win64; x64) AppleWebKit/537.36 (KHTML, like Gecko) Chrome/80.0.3987.106 Safari/537.36"
128.199.200.213 - - [30/Jun/2021:15:10:21 -0400] "GET /wp-content/plugins/wp-user-avatar/assets/css/hint.min.css HTTP/1.1" 301 657 "bubandcompany.com" "Mozilla/5.0 (Windows NT 6.1; WOW64) AppleWebKit/537.36 (KHTML, like Gecko) Chrome/50.0.2661.75 Safari/537.36"
128.199.200.213 - - [30/Jun/2021:15:10:22 -0400] "GET /wp-content/plugins/wp-user-avatar/assets/css/hint.min.css HTTP/1.1" 404 5668 "bubandcompany.com" "Mozilla/5.0 (Windows NT 6.1; WOW64) AppleWebKit/537.36 (KHTML, like Gecko) Chrome/50.0.2661.75 Safari/537.36"
142.93.105.158 - - [30/Jun/2021:15:18:03 -0400] "POST /wp-login.php HTTP/1.1" 200 9938 "-" "Mozilla/5.0 (Windows NT 6.1) AppleWebKit/537.36 (KHTML, like Gecko) Chrome/70.0.3538.102 Safari/537.36"
204.48.19.85 - - [30/Jun/2021:15:35:23 -0400] "POST /wp-cron.php?doing_wp_cron=1625081723.3962640762329101562500 HTTP/1.1" 200 5389 "https://bubandcompany.com/wp-cron.php?doing_wp_cron=1625081723.3962640762329101562500" "WordPress/5.7.2; https://bubandcompany.com"
13.58.68.167 - - [30/Jun/2021:15:35:23 -0400] "GET /index.php/contact/ HTTP/1.1" 200 5797 "-" "Mozilla/5.0 (X11; CrOS x86_64 10323.67.0) AppleWebKit/537.36 (KHTML, like Gecko) Chrome/65.0.3325.209 Safari/537.36"
13.58.68.167 - - [30/Jun/2021:15:35:24 -0400] "GET /wp-login.php HTTP/1.1" 200 7823 "https://bubandcompany.com/index.php/contact/" "Mozilla/5.0 (X11; CrOS x86_64 10323.67.0) AppleWebKit/537.36 (KHTML, like Gecko) Chrome/65.0.3325.209 Safari/537.36"
13.58.68.167 - - [30/Jun/2021:15:35:26 -0400] "GET /wp-content/plugins/under-construction-page/themes/mad_designer/style.css?v=3.88 HTTP/1.1" 200 5798 "https://bubandcompany.com/index.php/contact/" "Mozilla/5.0 (X11; CrOS x86_64 10323.67.0) AppleWebKit/537.36 (KHTML, like Gecko) Chrome/65.0.3325.209 Safari/537.36"
13.58.68.167 - - [30/Jun/2021:15:35:26 -0400] "GET /wp-content/plugins/under-construction-page/themes/css/bootstrap.min.css?v=3.88 HTTP/1.1" 200 24951 "https://bubandcompany.com/index.php/contact/" "Mozilla/5.0 (X11; CrOS x86_64 10323.67.0) AppleWebKit/537.36 (KHTML, like Gecko) Chrome/65.0.3325.209 Safari/537.36"
13.58.68.167 - - [30/Jun/2021:15:35:26 -0400] "GET /wp-content/plugins/under-construction-page/themes/mad_designer/mad-designer.png HTTP/1.1" 200 167167 "https://bubandcompany.com/index.php/contact/" "Mozilla/5.0 (X11; CrOS x86_64 10323.67.0) AppleWebKit/537.36 (KHTML, like Gecko) Chrome/65.0.3325.209 Safari/537.36"
13.58.68.167 - - [30/Jun/2021:15:35:26 -0400] "GET /wp-content/plugins/under-construction-page/themes/css/common.css?v=3.88 HTTP/1.1" 200 5535 "https://bubandcompany.com/index.php/contact/" "Mozilla/5.0 (X11; CrOS x86_64 10323.67.0) AppleWebKit/537.36 (KHTML, like Gecko) Chrome/65.0.3325.209 Safari/537.36"
13.58.68.167 - - [30/Jun/2021:15:35:26 -0400] "GET /wp-content/plugins/under-construction-page/themes/images/favicon.png HTTP/1.1" 200 9092 "https://bubandcompany.com/index.php/contact/" "Mozilla/5.0 (X11; CrOS x86_64 10323.67.0) AppleWebKit/537.36 (KHTML, like Gecko) Chrome/65.0.3325.209 Safari/537.36"
13.58.68.167 - - [30/Jun/2021:15:35:26 -0400] "GET /wp-content/plugins/under-construction-page/themes/css/font-awesome.min.css?v=3.88 HTTP/1.1" 200 12200 "https://bubandcompany.com/index.php/contact/" "Mozilla/5.0 (X11; CrOS x86_64 10323.67.0) AppleWebKit/537.36 (KHTML, like Gecko) Chrome/65.0.3325.209 Safari/537.36"
23.228.109.147 - - [30/Jun/2021:16:29:51 -0400] "GET /components/com_jbusinessdirectory/assets/upload.php HTTP/1.1" 301 645 "http://www.google.com/" "Mozilla/5.0 (Windows NT 6.1; Win64; x64) AppleWebKit/537.36 (KHTML, like Gecko) Chrome/56.0.2896.3 Safari/537.36"
23.228.109.147 - - [30/Jun/2021:16:29:51 -0400] "GET /components/com_jbusinessdirectory/assets/upload.php HTTP/1.1" 404 5182 "http://www.google.com/" "Mozilla/5.0 (Windows NT 6.1; Win64; x64) AppleWebKit/537.36 (KHTML, like Gecko) Chrome/56.0.2896.3 Safari/537.36"
87.251.67.235 - - [30/Jun/2021:16:46:02 -0400] "GET /wp-admin/ HTTP/1.1" 301 598 "http://bubandcompany.com" "Mozilla/5.0 (Windows NT 6.1; Win64; x64) AppleWebKit/537.36 (KHTML, like Gecko) Chrome/59.0.3071.115 Safari/537.36"
192.0.102.48 - - [30/Jun/2021:16:46:05 -0400] "POST /xmlrpc.php?for=jetpack&token=%29%28dLwbcv%23b%21fiadHWlOCHmw%25nhq9rDir%3A1%3A0&timestamp=1625085965&nonce=IJfAEWtEXE&body-hash=u9PchwX6M0SaeiSzQKj%2F07xm4Ng%3D&signature=800yBEM%2B%2FLOnJWjeWb41Spidvqc%3D HTTP/1.1" 200 5389 "https://bubandcompany.com/xmlrpc.php?for=jetpack&token=%29%28dLwbcv%23b%21fiadHWlOCHmw%25nhq9rDir%3A1%3A0&timestamp=1625085965&nonce=IJfAEWtEXE&body-hash=u9PchwX6M0SaeiSzQKj%2F07xm4Ng%3D&signature=800yBEM%2B%2FLOnJWjeWb41Spidvqc%3D" "Jetpack by WordPress.com"
204.48.19.85 - - [30/Jun/2021:16:46:03 -0400] "POST /wp-cron.php?doing_wp_cron=1625085963.8045821189880371093750 HTTP/1.1" 200 5389 "https://bubandcompany.com/wp-cron.php?doing_wp_cron=1625085963.8045821189880371093750" "WordPress/5.7.2; https://bubandcompany.com"
87.251.67.235 - - [30/Jun/2021:16:46:03 -0400] "GET /wp-admin/ HTTP/1.1" 302 5441 "-" "Mozilla/5.0 (Windows NT 6.1; Win64; x64) AppleWebKit/537.36 (KHTML, like Gecko) Chrome/59.0.3071.115 Safari/537.36"
87.251.67.235 - - [30/Jun/2021:16:46:07 -0400] "GET /?author=1 HTTP/1.1" 200 2618 "-" "Mozilla/5.0 (Windows NT 6.1; Win64; x64) AppleWebKit/537.36 (KHTML, like Gecko) Chrome/59.0.3071.115 Safari/537.36"
87.251.67.235 - - [30/Jun/2021:16:46:08 -0400] "GET /xmlrpc.php HTTP/1.1" 405 5313 "-" "Mozilla/5.0 (Windows NT 6.1; Win64; x64) AppleWebKit/537.36 (KHTML, like Gecko) Chrome/59.0.3071.115 Safari/537.36"
87.251.67.235 - - [30/Jun/2021:16:46:08 -0400] "POST /xmlrpc.php HTTP/1.1" 200 789 "-" "Mozilla/5.0 (Windows NT 6.1; Win64; x64) AppleWebKit/537.36 (KHTML, like Gecko) Chrome/59.0.3071.115 Safari/537.36"
87.251.67.235 - - [30/Jun/2021:16:46:09 -0400] "GET /wp-admin/ HTTP/1.1" 301 598 "http://bubandcompany.com" "Mozilla/5.0 (Windows NT 6.1; Win64; x64) AppleWebKit/537.36 (KHTML, like Gecko) Chrome/59.0.3071.115 Safari/537.36"
204.48.19.85 - - [30/Jun/2021:16:46:04 -0400] "POST /wp-admin/admin-ajax.php?action=as_async_request_queue_runner&nonce=72c97671c0 HTTP/1.1" 200 5617 "https://bubandcompany.com/wp-admin/admin-ajax.php?action=as_async_request_queue_runner&nonce=72c97671c0" "WordPress/5.7.2; https://bubandcompany.com"
87.251.67.235 - - [30/Jun/2021:16:46:10 -0400] "GET /wp-admin/ HTTP/1.1" 302 5441 "-" "Mozilla/5.0 (Windows NT 6.1; Win64; x64) AppleWebKit/537.36 (KHTML, like Gecko) Chrome/59.0.3071.115 Safari/537.36"
87.251.67.235 - - [30/Jun/2021:16:46:11 -0400] "GET /wp-login.php HTTP/1.1" 200 12521 "-" "Mozilla/5.0 (Windows NT 6.1; Win64; x64) AppleWebKit/537.36 (KHTML, like Gecko) Chrome/59.0.3071.115 Safari/537.36"
87.251.67.235 - - [30/Jun/2021:16:46:12 -0400] "POST /wp-login.php HTTP/1.1" 200 12521 "http://cubscouts.org/wp-login.php" "Mozilla/5.0 (Windows NT 6.1; Win64; x64) AppleWebKit/537.36 (KHTML, like Gecko) Chrome/59.0.3071.115 Safari/537.36"
87.251.67.235 - - [30/Jun/2021:16:46:12 -0400] "POST /wp-login.php HTTP/1.1" 200 12521 "http://cubscouts.org/wp-login.php" "Mozilla/5.0 (Windows NT 6.1; Win64; x64) AppleWebKit/537.36 (KHTML, like Gecko) Chrome/59.0.3071.115 Safari/537.36"
87.251.67.235 - - [30/Jun/2021:16:46:13 -0400] "POST /wp-login.php HTTP/1.1" 200 12521 "http://cubscouts.org/wp-login.php" "Mozilla/5.0 (Windows NT 6.1; Win64; x64) AppleWebKit/537.36 (KHTML, like Gecko) Chrome/59.0.3071.115 Safari/537.36"
87.251.67.235 - - [30/Jun/2021:16:46:13 -0400] "POST /wp-login.php HTTP/1.1" 200 12521 "http://cubscouts.org/wp-login.php" "Mozilla/5.0 (Windows NT 6.1; Win64; x64) AppleWebKit/537.36 (KHTML, like Gecko) Chrome/59.0.3071.115 Safari/537.36"
87.251.67.235 - - [30/Jun/2021:16:46:14 -0400] "POST /wp-login.php HTTP/1.1" 200 12521 "http://cubscouts.org/wp-login.php" "Mozilla/5.0 (Windows NT 6.1; Win64; x64) AppleWebKit/537.36 (KHTML, like Gecko) Chrome/59.0.3071.115 Safari/537.36"
87.251.67.235 - - [30/Jun/2021:16:46:14 -0400] "POST /wp-login.php HTTP/1.1" 200 12521 "http://cubscouts.org/wp-login.php" "Mozilla/5.0 (Windows NT 6.1; Win64; x64) AppleWebKit/537.36 (KHTML, like Gecko) Chrome/59.0.3071.115 Safari/537.36"
87.251.67.235 - - [30/Jun/2021:16:46:14 -0400] "POST /wp-login.php HTTP/1.1" 200 12521 "http://cubscouts.org/wp-login.php" "Mozilla/5.0 (Windows NT 6.1; Win64; x64) AppleWebKit/537.36 (KHTML, like Gecko) Chrome/59.0.3071.115 Safari/537.36"
87.251.67.235 - - [30/Jun/2021:16:46:15 -0400] "POST /wp-login.php HTTP/1.1" 200 12521 "http://cubscouts.org/wp-login.php" "Mozilla/5.0 (Windows NT 6.1; Win64; x64) AppleWebKit/537.36 (KHTML, like Gecko) Chrome/59.0.3071.115 Safari/537.36"
87.251.67.235 - - [30/Jun/2021:16:46:17 -0400] "POST /wp-login.php HTTP/1.1" 200 12521 "http://cubscouts.org/wp-login.php" "Mozilla/5.0 (Windows NT 6.1; Win64; x64) AppleWebKit/537.36 (KHTML, like Gecko) Chrome/59.0.3071.115 Safari/537.36"
87.251.67.235 - - [30/Jun/2021:16:46:17 -0400] "POST /wp-login.php HTTP/1.1" 200 12521 "http://cubscouts.org/wp-login.php" "Mozilla/5.0 (Windows NT 6.1; Win64; x64) AppleWebKit/537.36 (KHTML, like Gecko) Chrome/59.0.3071.115 Safari/537.36"
87.251.67.235 - - [30/Jun/2021:16:46:19 -0400] "POST /wp-login.php HTTP/1.1" 200 12521 "http://cubscouts.org/wp-login.php" "Mozilla/5.0 (Windows NT 6.1; Win64; x64) AppleWebKit/537.36 (KHTML, like Gecko) Chrome/59.0.3071.115 Safari/537.36"
87.251.67.235 - - [30/Jun/2021:16:46:19 -0400] "POST /wp-login.php HTTP/1.1" 200 12521 "http://cubscouts.org/wp-login.php" "Mozilla/5.0 (Windows NT 6.1; Win64; x64) AppleWebKit/537.36 (KHTML, like Gecko) Chrome/59.0.3071.115 Safari/537.36"
87.251.67.235 - - [30/Jun/2021:16:46:21 -0400] "POST /wp-login.php HTTP/1.1" 200 12521 "http://cubscouts.org/wp-login.php" "Mozilla/5.0 (Windows NT 6.1; Win64; x64) AppleWebKit/537.36 (KHTML, like Gecko) Chrome/59.0.3071.115 Safari/537.36"
87.251.67.235 - - [30/Jun/2021:16:46:21 -0400] "POST /wp-login.php HTTP/1.1" 200 12521 "http://cubscouts.org/wp-login.php" "Mozilla/5.0 (Windows NT 6.1; Win64; x64) AppleWebKit/537.36 (KHTML, like Gecko) Chrome/59.0.3071.115 Safari/537.36"
87.251.67.235 - - [30/Jun/2021:16:46:22 -0400] "POST /wp-login.php HTTP/1.1" 200 12521 "http://cubscouts.org/wp-login.php" "Mozilla/5.0 (Windows NT 6.1; Win64; x64) AppleWebKit/537.36 (KHTML, like Gecko) Chrome/59.0.3071.115 Safari/537.36"
87.251.67.235 - - [30/Jun/2021:16:46:23 -0400] "POST /wp-login.php HTTP/1.1" 200 12521 "http://cubscouts.org/wp-login.php" "Mozilla/5.0 (Windows NT 6.1; Win64; x64) AppleWebKit/537.36 (KHTML, like Gecko) Chrome/59.0.3071.115 Safari/537.36"
87.251.67.235 - - [30/Jun/2021:16:46:23 -0400] "POST /wp-login.php HTTP/1.1" 200 12521 "http://cubscouts.org/wp-login.php" "Mozilla/5.0 (Windows NT 6.1; Win64; x64) AppleWebKit/537.36 (KHTML, like Gecko) Chrome/59.0.3071.115 Safari/537.36"
87.251.67.235 - - [30/Jun/2021:16:46:23 -0400] "POST /wp-login.php HTTP/1.1" 200 12521 "http://cubscouts.org/wp-login.php" "Mozilla/5.0 (Windows NT 6.1; Win64; x64) AppleWebKit/537.36 (KHTML, like Gecko) Chrome/59.0.3071.115 Safari/537.36"
87.251.67.235 - - [30/Jun/2021:16:46:24 -0400] "POST /wp-login.php HTTP/1.1" 200 12521 "http://cubscouts.org/wp-login.php" "Mozilla/5.0 (Windows NT 6.1; Win64; x64) AppleWebKit/537.36 (KHTML, like Gecko) Chrome/59.0.3071.115 Safari/537.36"
87.251.67.235 - - [30/Jun/2021:16:46:25 -0400] "POST /wp-login.php HTTP/1.1" 200 12521 "http://cubscouts.org/wp-login.php" "Mozilla/5.0 (Windows NT 6.1; Win64; x64) AppleWebKit/537.36 (KHTML, like Gecko) Chrome/59.0.3071.115 Safari/537.36"
87.251.67.235 - - [30/Jun/2021:16:46:25 -0400] "POST /wp-login.php HTTP/1.1" 200 12521 "http://cubscouts.org/wp-login.php" "Mozilla/5.0 (Windows NT 6.1; Win64; x64) AppleWebKit/537.36 (KHTML, like Gecko) Chrome/59.0.3071.115 Safari/537.36"
87.251.67.235 - - [30/Jun/2021:16:46:26 -0400] "POST /wp-login.php HTTP/1.1" 200 12521 "http://cubscouts.org/wp-login.php" "Mozilla/5.0 (Windows NT 6.1; Win64; x64) AppleWebKit/537.36 (KHTML, like Gecko) Chrome/59.0.3071.115 Safari/537.36"
87.251.67.235 - - [30/Jun/2021:16:46:27 -0400] "POST /wp-login.php HTTP/1.1" 200 12521 "http://cubscouts.org/wp-login.php" "Mozilla/5.0 (Windows NT 6.1; Win64; x64) AppleWebKit/537.36 (KHTML, like Gecko) Chrome/59.0.3071.115 Safari/537.36"
87.251.67.235 - - [30/Jun/2021:16:46:27 -0400] "POST /wp-login.php HTTP/1.1" 200 12521 "http://cubscouts.org/wp-login.php" "Mozilla/5.0 (Windows NT 6.1; Win64; x64) AppleWebKit/537.36 (KHTML, like Gecko) Chrome/59.0.3071.115 Safari/537.36"
87.251.67.235 - - [30/Jun/2021:16:46:28 -0400] "POST /wp-login.php HTTP/1.1" 200 12521 "http://cubscouts.org/wp-login.php" "Mozilla/5.0 (Windows NT 6.1; Win64; x64) AppleWebKit/537.36 (KHTML, like Gecko) Chrome/59.0.3071.115 Safari/537.36"
87.251.67.235 - - [30/Jun/2021:16:46:28 -0400] "POST /wp-login.php HTTP/1.1" 200 12521 "http://cubscouts.org/wp-login.php" "Mozilla/5.0 (Windows NT 6.1; Win64; x64) AppleWebKit/537.36 (KHTML, like Gecko) Chrome/59.0.3071.115 Safari/537.36"
87.251.67.235 - - [30/Jun/2021:16:46:29 -0400] "POST /wp-login.php HTTP/1.1" 200 12521 "http://cubscouts.org/wp-login.php" "Mozilla/5.0 (Windows NT 6.1; Win64; x64) AppleWebKit/537.36 (KHTML, like Gecko) Chrome/59.0.3071.115 Safari/537.36"
87.251.67.235 - - [30/Jun/2021:16:46:29 -0400] "POST /wp-login.php HTTP/1.1" 200 12521 "http://cubscouts.org/wp-login.php" "Mozilla/5.0 (Windows NT 6.1; Win64; x64) AppleWebKit/537.36 (KHTML, like Gecko) Chrome/59.0.3071.115 Safari/537.36"
87.251.67.235 - - [30/Jun/2021:16:46:30 -0400] "POST /wp-login.php HTTP/1.1" 200 12521 "http://cubscouts.org/wp-login.php" "Mozilla/5.0 (Windows NT 6.1; Win64; x64) AppleWebKit/537.36 (KHTML, like Gecko) Chrome/59.0.3071.115 Safari/537.36"
87.251.67.235 - - [30/Jun/2021:16:46:30 -0400] "POST /wp-login.php HTTP/1.1" 200 12521 "http://cubscouts.org/wp-login.php" "Mozilla/5.0 (Windows NT 6.1; Win64; x64) AppleWebKit/537.36 (KHTML, like Gecko) Chrome/59.0.3071.115 Safari/537.36"
87.251.67.235 - - [30/Jun/2021:16:46:31 -0400] "POST /wp-login.php HTTP/1.1" 200 12521 "http://cubscouts.org/wp-login.php" "Mozilla/5.0 (Windows NT 6.1; Win64; x64) AppleWebKit/537.36 (KHTML, like Gecko) Chrome/59.0.3071.115 Safari/537.36"
87.251.67.235 - - [30/Jun/2021:16:46:31 -0400] "POST /wp-login.php HTTP/1.1" 200 12521 "http://cubscouts.org/wp-login.php" "Mozilla/5.0 (Windows NT 6.1; Win64; x64) AppleWebKit/537.36 (KHTML, like Gecko) Chrome/59.0.3071.115 Safari/537.36"
136.144.41.32 - - [30/Jun/2021:17:14:00 -0400] "GET /style.php HTTP/1.1" 301 598 "anonymousfox.co" "Mozilla/5.0 (Windows NT 10.0; Win64; x64) AppleWebKit/537.36 (KHTML, like Gecko) Chrome/90.0.4430.85 Safari/537.36"
35.231.124.233 - - [30/Jun/2021:17:50:37 -0400] "GET /robots.txt HTTP/1.0" 301 563 "-" "ZoominfoBot (zoominfobot at zoominfo dot com)"
35.231.124.233 - - [30/Jun/2021:17:50:37 -0400] "GET /robots.txt HTTP/1.1" 404 4952 "-" "ZoominfoBot (zoominfobot at zoominfo dot com)"
35.231.124.233 - - [30/Jun/2021:17:50:37 -0400] "GET /wp-login.php HTTP/1.0" 301 567 "-" "ZoominfoBot (zoominfobot at zoominfo dot com)"
35.231.124.233 - - [30/Jun/2021:17:50:37 -0400] "GET /robots.txt HTTP/1.0" 404 481 "-" "ZoominfoBot (zoominfobot at zoominfo dot com)"
35.231.124.233 - - [30/Jun/2021:17:50:37 -0400] "GET /wp-login.php HTTP/1.0" 200 3001 "-" "ZoominfoBot (zoominfobot at zoominfo dot com)"
204.48.19.85 - - [30/Jun/2021:17:50:39 -0400] "POST /wp-cron.php?doing_wp_cron=1625089839.1255819797515869140625 HTTP/1.1" 200 5389 "https://bubandcompany.com/wp-cron.php?doing_wp_cron=1625089839.1255819797515869140625" "WordPress/5.7.2; https://bubandcompany.com"
192.0.86.182 - - [30/Jun/2021:17:50:41 -0400] "POST /xmlrpc.php?for=jetpack&token=%29%28dLwbcv%23b%21fiadHWlOCHmw%25nhq9rDir%3A1%3A0&timestamp=1625089841&nonce=G1IB9ubhaa&body-hash=ZMD6201cyarITcvfyc5PO%2FAtCKU%3D&signature=D53Lq6jrxkyEL%2BmzbFfFenLdpPg%3D HTTP/1.1" 200 5940 "https://bubandcompany.com/xmlrpc.php?for=jetpack&token=%29%28dLwbcv%23b%21fiadHWlOCHmw%25nhq9rDir%3A1%3A0&timestamp=1625089841&nonce=G1IB9ubhaa&body-hash=ZMD6201cyarITcvfyc5PO%2FAtCKU%3D&signature=D53Lq6jrxkyEL%2BmzbFfFenLdpPg%3D" "Jetpack by WordPress.com"
204.48.19.85 - - [30/Jun/2021:17:50:41 -0400] "POST /wp-cron.php?doing_wp_cron=1625089841.2635769844055175781250 HTTP/1.1" 200 5389 "https://bubandcompany.com/wp-cron.php?doing_wp_cron=1625089841.2635769844055175781250" "WordPress/5.7.2; https://bubandcompany.com"
204.48.19.85 - - [30/Jun/2021:17:50:40 -0400] "POST /wp-admin/admin-ajax.php?action=as_async_request_queue_runner&nonce=72c97671c0 HTTP/1.1" 200 5617 "https://bubandcompany.com/wp-admin/admin-ajax.php?action=as_async_request_queue_runner&nonce=72c97671c0" "WordPress/5.7.2; https://bubandcompany.com"
204.48.19.85 - - [30/Jun/2021:17:57:05 -0400] "POST /wp-cron.php?doing_wp_cron=1625090225.8685610294342041015625 HTTP/1.1" 200 5389 "https://bubandcompany.com/wp-cron.php?doing_wp_cron=1625090225.8685610294342041015625" "WordPress/5.7.2; https://bubandcompany.com"
35.231.124.233 - - [30/Jun/2021:17:57:05 -0400] "GET /wp-login.php HTTP/1.0" 200 7358 "-" "ZoominfoBot (zoominfobot at zoominfo dot com)"
161.35.192.196 - - [30/Jun/2021:18:22:34 -0400] "POST /wp-login.php HTTP/1.1" 200 9937 "-" "Mozilla/5.0 (Windows NT 6.1; Win64; x64) AppleWebKit/537.36 (KHTML, like Gecko) Chrome/81.0.4044.122 Safari/537.36"
166.88.199.2 - - [30/Jun/2021:18:35:20 -0400] "GET /wp-admin/css/common.php HTTP/1.1" 301 570 "http://simplesite.com" "Mozilla/5.0 (Windows; U; Windows NT 5.1; en-US) AppleWebKit/533.4 (KHTML, like Gecko) Chrome/5.0.375.99 Safari/533.4"
166.88.199.2 - - [30/Jun/2021:18:35:20 -0400] "GET /wp-admin/css/common.php HTTP/1.1" 301 570 "http://simplesite.com" "Mozilla/5.0 (Windows; U; Windows NT 5.1; en-US) AppleWebKit/533.4 (KHTML, like Gecko) Chrome/5.0.375.99 Safari/533.4"
166.88.199.2 - - [30/Jun/2021:18:35:21 -0400] "GET /wp-admin/css/common.php HTTP/1.1" 301 570 "http://simplesite.com" "Mozilla/5.0 (Windows; U; Windows NT 5.1; en-US) AppleWebKit/533.4 (KHTML, like Gecko) Chrome/5.0.375.99 Safari/533.4"
166.88.199.2 - - [30/Jun/2021:18:35:21 -0400] "GET /wp-admin/css/common.php HTTP/1.1" 301 570 "http://simplesite.com" "Mozilla/5.0 (Windows; U; Windows NT 5.1; en-US) AppleWebKit/533.4 (KHTML, like Gecko) Chrome/5.0.375.99 Safari/533.4"
166.88.199.2 - - [30/Jun/2021:18:35:21 -0400] "GET /wp-admin/css/common.php HTTP/1.1" 404 5012 "http://bubandcompany.com/wp-admin/css/common.php" "Mozilla/5.0 (Windows; U; Windows NT 5.1; en-US) AppleWebKit/533.4 (KHTML, like Gecko) Chrome/5.0.375.99 Safari/533.4"
