3.19.56.43 - - [03/Jul/2021:00:00:49 -0400] "GET /.well-known/acme-challenge/KzkX5Us0LU9Tk6n3xAYBPSnKegQ6I33I9ASt9SOt6nE HTTP/1.1" 200 308 "-" "Mozilla/5.0 (compatible; Let's Encrypt validation server; +https://www.letsencrypt.org)"
52.39.4.59 - - [03/Jul/2021:00:00:49 -0400] "GET /.well-known/acme-challenge/KzkX5Us0LU9Tk6n3xAYBPSnKegQ6I33I9ASt9SOt6nE HTTP/1.1" 200 308 "-" "Mozilla/5.0 (compatible; Let's Encrypt validation server; +https://www.letsencrypt.org)"
66.133.109.36 - - [03/Jul/2021:00:00:49 -0400] "GET /.well-known/acme-challenge/KzkX5Us0LU9Tk6n3xAYBPSnKegQ6I33I9ASt9SOt6nE HTTP/1.1" 200 308 "-" "Mozilla/5.0 (compatible; Let's Encrypt validation server; +https://www.letsencrypt.org)"
18.197.97.115 - - [03/Jul/2021:00:00:49 -0400] "GET /.well-known/acme-challenge/KzkX5Us0LU9Tk6n3xAYBPSnKegQ6I33I9ASt9SOt6nE HTTP/1.1" 200 308 "-" "Mozilla/5.0 (compatible; Let's Encrypt validation server; +https://www.letsencrypt.org)"
204.48.19.85 - - [03/Jul/2021:00:05:10 -0400] "POST /wp-cron.php?doing_wp_cron=1625285110.8258481025695800781250 HTTP/1.1" 200 6229 "https://bubandcompany.com/wp-cron.php?doing_wp_cron=1625285110.8258481025695800781250" "WordPress/5.7.2; https://bubandcompany.com"
35.231.235.251 - - [03/Jul/2021:00:05:10 -0400] "GET /wp-login.php HTTP/1.0" 200 8198 "-" "ZoominfoBot (zoominfobot at zoominfo dot com)"
34.228.69.5 - - [03/Jul/2021:00:06:24 -0400] "GET / HTTP/1.1" 301 592 "-" "python-httpx/0.17.1"
34.228.69.5 - - [03/Jul/2021:00:06:24 -0400] "GET / HTTP/1.1" 200 7191 "-" "python-httpx/0.17.1"
204.48.19.85 - - [03/Jul/2021:00:06:26 -0400] "POST /wp-cron.php?doing_wp_cron=1625285185.8435950279235839843750 HTTP/1.1" 200 6229 "https://bubandcompany.com/wp-cron.php?doing_wp_cron=1625285185.8435950279235839843750" "WordPress/5.7.2; https://bubandcompany.com"
207.148.93.136 - - [03/Jul/2021:00:31:48 -0400] "GET / HTTP/1.1" 200 8571 "-" "Mozilla/5.0 (Windows NT 10.0; Win64; x64; rv:58.0) Gecko/20100101 Firefox/58.0"
204.48.19.85 - - [03/Jul/2021:00:31:48 -0400] "POST /wp-cron.php?doing_wp_cron=1625286708.8856410980224609375000 HTTP/1.1" 200 6229 "https://bubandcompany.com/wp-cron.php?doing_wp_cron=1625286708.8856410980224609375000" "WordPress/5.7.2; https://bubandcompany.com"
207.148.93.136 - - [03/Jul/2021:00:31:48 -0400] "GET / HTTP/1.1" 200 8571 "-" "Mozilla/5.0 (Windows NT 10.0; Win64; x64) AppleWebKit/537.36 (KHTML, like Gecko) Chrome/64.0.3282.186 Safari/537.36"
184.168.152.200 - - [03/Jul/2021:00:33:33 -0400] "GET /wp-content/themes/plaintext/includes/custom-header.php HTTP/1.1" 301 632 "http://simplesite.com" "Mozilla/5.0 (Windows; U; Windows NT 5.1; en-US) AppleWebKit/533.4 (KHTML, like Gecko) Chrome/5.0.375.99 Safari/533.4"
184.168.152.200 - - [03/Jul/2021:00:33:33 -0400] "GET /wp-content/themes/plaintext/includes/custom-header.php HTTP/1.1" 404 5837 "http://bubandcompany.com/wp-content/themes/plaintext/includes/custom-header.php" "Mozilla/5.0 (Windows; U; Windows NT 5.1; en-US) AppleWebKit/533.4 (KHTML, like Gecko) Chrome/5.0.375.99 Safari/533.4"
138.246.253.24 - - [03/Jul/2021:01:10:45 -0400] "GET /robots.txt HTTP/1.1" 404 6489 "-" "Mozilla/5.0 (Windows NT 10.0; Win64; x64) AppleWebKit/537.36 (KHTML, like Gecko) Chrome/88.0.4324.146 Safari/537.36"
157.245.218.180 - - [03/Jul/2021:01:46:35 -0400] "POST /wp-login.php HTTP/1.1" 200 10779 "-" "Mozilla/5.0 (Windows NT 6.1; Win64; x64) AppleWebKit/537.36 (KHTML, like Gecko) Chrome/60.0.3112.113 Safari/537.36"
69.4.87.74 - - [03/Jul/2021:02:38:52 -0400] "GET / HTTP/1.1" 200 8571 "-" "Mozilla/5.0 (Macintosh; Intel Mac OS X 10_12_6) AppleWebKit/604.5.6 (KHTML, like Gecko) Version/11.0.3 Safari/604.5.6"
204.48.19.85 - - [03/Jul/2021:02:38:53 -0400] "POST /wp-cron.php?doing_wp_cron=1625294333.0711588859558105468750 HTTP/1.1" 200 6229 "https://bubandcompany.com/wp-cron.php?doing_wp_cron=1625294333.0711588859558105468750" "WordPress/5.7.2; https://bubandcompany.com"
69.4.87.74 - - [03/Jul/2021:02:38:52 -0400] "GET / HTTP/1.1" 200 8571 "-" "Mozilla/5.0 (Macintosh; Intel Mac OS X 10_12_6) AppleWebKit/604.5.6 (KHTML, like Gecko) Version/11.0.3 Safari/604.5.6"
69.4.89.106 - - [03/Jul/2021:02:48:43 -0400] "GET / HTTP/1.1" 200 8571 "-" "Mozilla/5.0 (Macintosh; Intel Mac OS X 10_12_6) AppleWebKit/604.5.6 (KHTML, like Gecko) Version/11.0.3 Safari/604.5.6"
204.48.19.85 - - [03/Jul/2021:02:48:44 -0400] "POST /wp-cron.php?doing_wp_cron=1625294924.0707631111145019531250 HTTP/1.1" 200 6229 "https://bubandcompany.com/wp-cron.php?doing_wp_cron=1625294924.0707631111145019531250" "WordPress/5.7.2; https://bubandcompany.com"
69.4.89.106 - - [03/Jul/2021:02:48:43 -0400] "GET / HTTP/1.1" 200 8571 "-" "Mozilla/5.0 (Macintosh; Intel Mac OS X 10_12_6) AppleWebKit/604.5.6 (KHTML, like Gecko) Version/11.0.3 Safari/604.5.6"
47.241.109.116 - - [03/Jul/2021:02:50:08 -0400] "POST /wp-login.php HTTP/1.1" 200 10778 "-" "Mozilla/5.0 (Windows NT 6.1; WOW64) AppleWebKit/537.36 (KHTML, like Gecko) Chrome/41.0.2272.101 Safari/537.36"
204.48.19.85 - - [03/Jul/2021:02:55:03 -0400] "POST /wp-cron.php?doing_wp_cron=1625295303.4130940437316894531250 HTTP/1.1" 200 6229 "https://bubandcompany.com/wp-cron.php?doing_wp_cron=1625295303.4130940437316894531250" "WordPress/5.7.2; https://bubandcompany.com"
185.191.34.215 - - [03/Jul/2021:02:55:02 -0400] "POST /wp-admin/ms-admin.php HTTP/1.1" 302 6517 "-" "Mozilla/5.0 (Windows NT 10.0; Win64; x64; rv:66.0) Gecko/20100101 Firefox/66.0"
185.191.34.215 - - [03/Jul/2021:02:55:04 -0400] "GET /wp-login.php?redirect_to=https%3A%2F%2Fbubandcompany.com%2Fwp-admin%2Fms-admin.php&reauth=1 HTTP/1.1" 200 5151 "-" "Mozilla/5.0 (Windows NT 10.0; Win64; x64; rv:66.0) Gecko/20100101 Firefox/66.0"
34.73.170.179 - - [03/Jul/2021:02:58:31 -0400] "GET /robots.txt HTTP/1.0" 301 563 "-" "ZoominfoBot (zoominfobot at zoominfo dot com)"
34.73.170.179 - - [03/Jul/2021:02:58:31 -0400] "GET /robots.txt HTTP/1.1" 404 5792 "-" "ZoominfoBot (zoominfobot at zoominfo dot com)"
34.73.170.179 - - [03/Jul/2021:02:58:31 -0400] "GET /wp-login.php HTTP/1.0" 301 567 "-" "ZoominfoBot (zoominfobot at zoominfo dot com)"
34.73.170.179 - - [03/Jul/2021:02:58:31 -0400] "GET /robots.txt HTTP/1.0" 404 481 "-" "ZoominfoBot (zoominfobot at zoominfo dot com)"
204.48.19.85 - - [03/Jul/2021:02:58:32 -0400] "POST /wp-cron.php?doing_wp_cron=1625295512.2955849170684814453125 HTTP/1.1" 200 6229 "https://bubandcompany.com/wp-cron.php?doing_wp_cron=1625295512.2955849170684814453125" "WordPress/5.7.2; https://bubandcompany.com"
34.73.170.179 - - [03/Jul/2021:02:58:31 -0400] "GET /wp-login.php HTTP/1.0" 200 3001 "-" "ZoominfoBot (zoominfobot at zoominfo dot com)"
204.48.19.85 - - [03/Jul/2021:03:03:08 -0400] "POST /wp-cron.php?doing_wp_cron=1625295788.2609250545501708984375 HTTP/1.1" 200 6229 "https://bubandcompany.com/wp-cron.php?doing_wp_cron=1625295788.2609250545501708984375" "WordPress/5.7.2; https://bubandcompany.com"
157.55.39.69 - - [03/Jul/2021:03:03:07 -0400] "GET /index.php/sitemap_index.xml HTTP/1.1" 200 6316 "-" "Mozilla/5.0 (compatible; bingbot/2.0; +http://www.bing.com/bingbot.htm)"
204.48.19.85 - - [03/Jul/2021:03:07:19 -0400] "POST /wp-cron.php?doing_wp_cron=1625296039.8718988895416259765625 HTTP/1.1" 200 6229 "https://bubandcompany.com/wp-cron.php?doing_wp_cron=1625296039.8718988895416259765625" "WordPress/5.7.2; https://bubandcompany.com"
34.73.170.179 - - [03/Jul/2021:03:07:19 -0400] "GET /wp-login.php HTTP/1.0" 200 8198 "-" "ZoominfoBot (zoominfobot at zoominfo dot com)"
103.28.53.92 - - [03/Jul/2021:03:55:01 -0400] "POST /wp-login.php HTTP/1.1" 401 9972 "-" "Mozilla/5.0 (Windows NT 10.0; WOW64) AppleWebKit/537.36 (KHTML, like Gecko) Chrome/57.0.2987.133 Safari/537.36"
204.48.19.85 - - [03/Jul/2021:03:55:02 -0400] "POST /wp-cron.php?doing_wp_cron=1625298902.5628759860992431640625 HTTP/1.1" 200 6229 "https://bubandcompany.com/wp-cron.php?doing_wp_cron=1625298902.5628759860992431640625" "WordPress/5.7.2; https://bubandcompany.com"
128.199.233.148 - - [03/Jul/2021:05:00:00 -0400] "POST /wp-login.php HTTP/1.1" 200 10779 "-" "Mozilla/5.0 (Windows NT 6.1; Win64; x64) AppleWebKit/537.36 (KHTML, like Gecko) Chrome/60.0.3112.113 Safari/537.36"
204.48.19.85 - - [03/Jul/2021:05:08:38 -0400] "POST /wp-cron.php?doing_wp_cron=1625303318.7780680656433105468750 HTTP/1.1" 200 6229 "https://bubandcompany.com/wp-cron.php?doing_wp_cron=1625303318.7780680656433105468750" "WordPress/5.7.2; https://bubandcompany.com"
93.119.227.34 - - [03/Jul/2021:05:08:37 -0400] "GET / HTTP/1.1" 200 8571 "-" "Mozilla/5.0 (Windows NT 10.0; Win64; x64) AppleWebKit/537.36 (KHTML, like Gecko) Chrome/64.0.3282.186 Safari/537.36"
204.48.19.85 - - [03/Jul/2021:05:08:38 -0400] "POST /wp-cron.php?doing_wp_cron=1625303318.7782890796661376953125 HTTP/1.1" 200 6229 "https://bubandcompany.com/wp-cron.php?doing_wp_cron=1625303318.7782890796661376953125" "WordPress/5.7.2; https://bubandcompany.com"
93.119.227.34 - - [03/Jul/2021:05:08:37 -0400] "GET / HTTP/1.1" 200 8571 "-" "Mozilla/5.0 (Macintosh; Intel Mac OS X 10.13; rv:58.0) Gecko/20100101 Firefox/58.0"
34.86.35.30 - - [03/Jul/2021:06:01:01 -0400] "GET / HTTP/1.1" 200 7975 "-" "Expanse, a Palo Alto Networks company, searches across the global IPv4 space multiple times per day to identify customers&#39; presences on the Internet. If you would like to be excluded from our scans, please send IP addresses/domains to: scaninfo@paloaltonetworks.com"
204.48.19.85 - - [03/Jul/2021:06:01:02 -0400] "POST /wp-cron.php?doing_wp_cron=1625306462.6444969177246093750000 HTTP/1.1" 200 6229 "https://bubandcompany.com/wp-cron.php?doing_wp_cron=1625306462.6444969177246093750000" "WordPress/5.7.2; https://bubandcompany.com"
35.233.23.228 - - [03/Jul/2021:06:04:08 -0400] "POST /wp-login.php HTTP/1.1" 200 10777 "-" "Mozilla/5.0 (Windows NT 6.1) AppleWebKit/537.36 (KHTML, like Gecko) Chrome/70.0.3538.77 Safari/537.36"
204.48.19.85 - - [03/Jul/2021:06:17:42 -0400] "POST /wp-cron.php?doing_wp_cron=1625307462.0961151123046875000000 HTTP/1.1" 200 6229 "https://bubandcompany.com/wp-cron.php?doing_wp_cron=1625307462.0961151123046875000000" "WordPress/5.7.2; https://bubandcompany.com"
40.77.167.18 - - [03/Jul/2021:06:17:41 -0400] "GET /index.php/shop/?product_count=24&product_order=desc&product_orderby=name HTTP/1.1" 200 6639 "-" "Mozilla/5.0 (compatible; bingbot/2.0; +http://www.bing.com/bingbot.htm)"
81.88.52.157 - - [03/Jul/2021:07:07:34 -0400] "POST /wp-login.php HTTP/1.1" 200 10776 "-" "Mozilla/5.0 (Windows NT 10.0; WOW64) AppleWebKit/537.36 (KHTML, like Gecko) Chrome/46.0.2490.86 Safari/537.36"
161.35.192.196 - - [03/Jul/2021:08:11:34 -0400] "POST /wp-login.php HTTP/1.1" 200 10776 "-" "Mozilla/5.0 (Windows NT 10.0; Win64; x64) AppleWebKit/537.36 (KHTML, like Gecko) Chrome/78.0.3904.70 Safari/537.36"
161.35.192.196 - - [03/Jul/2021:09:15:26 -0400] "POST /wp-login.php HTTP/1.1" 200 10776 "-" "Mozilla/5.0 (Windows NT 6.1; WOW64) AppleWebKit/537.36 (KHTML, like Gecko) Chrome/48.0.2564.109 Safari/537.36"
89.163.249.192 - - [03/Jul/2021:09:43:33 -0400] "POST /xmlrpc.php HTTP/1.0" 301 600 "-" "Mozilla/5.0 (Windows NT 10.0; Win64; x64) AppleWebKit/537.36 (KHTML, like Gecko) Chrome/64.0.3282.140 Safari/537.36 Edge/17.17134"
89.163.249.192 - - [03/Jul/2021:09:43:34 -0400] "POST /xmlrpc.php HTTP/1.0" 200 6337 "-" "Mozilla/5.0 (Windows NT 10.0; Win64; x64) AppleWebKit/537.36 (KHTML, like Gecko) Chrome/64.0.3282.140 Safari/537.36 Edge/17.17134"
204.48.19.85 - - [03/Jul/2021:09:43:38 -0400] "POST /wp-admin/admin-ajax.php?action=wp_1_wc_privacy_cleanup&nonce=f4cea3edee HTTP/1.1" 200 6457 "https://bubandcompany.com/wp-admin/admin-ajax.php?action=wp_1_wc_privacy_cleanup&nonce=f4cea3edee" "WordPress/5.7.2; https://bubandcompany.com"
204.48.19.85 - - [03/Jul/2021:09:43:36 -0400] "POST /wp-cron.php?doing_wp_cron=1625319816.0102899074554443359375 HTTP/1.1" 200 6229 "https://bubandcompany.com/wp-cron.php?doing_wp_cron=1625319816.0102899074554443359375" "WordPress/5.7.2; https://bubandcompany.com"
204.48.19.85 - - [03/Jul/2021:09:43:39 -0400] "POST /wp-admin/admin-ajax.php?action=as_async_request_queue_runner&nonce=cc7c14e629 HTTP/1.1" 200 6457 "https://bubandcompany.com/wp-admin/admin-ajax.php?action=as_async_request_queue_runner&nonce=cc7c14e629" "WordPress/5.7.2; https://bubandcompany.com"
204.48.19.85 - - [03/Jul/2021:10:13:57 -0400] "POST /wp-cron.php?doing_wp_cron=1625321637.0257349014282226562500 HTTP/1.1" 200 6229 "https://bubandcompany.com/wp-cron.php?doing_wp_cron=1625321637.0257349014282226562500" "WordPress/5.7.2; https://bubandcompany.com"
52.35.238.169 - - [03/Jul/2021:10:13:56 -0400] "GET / HTTP/1.1" 200 7088 "-" "Mozilla/5.0 (X11; Linux x86_64) AppleWebKit/537.36 (KHTML, like Gecko) Chrome/83.0.4103.97 Safari/537.36"
54.71.114.24 - - [03/Jul/2021:10:14:41 -0400] "GET /favicon.ico HTTP/1.1" 404 6489 "-" "Mozilla/5.0 (X11; Linux x86_64) AppleWebKit/537.36 (KHTML, like Gecko) Chrome/83.0.4103.97 Safari/537.36"
54.71.114.24 - - [03/Jul/2021:10:14:45 -0400] "GET / HTTP/1.1" 200 7088 "-" "Mozilla/5.0 (X11; Linux x86_64) AppleWebKit/537.36 (KHTML, like Gecko) Chrome/83.0.4103.97 Safari/537.36"
34.92.85.223 - - [03/Jul/2021:10:20:45 -0400] "POST /wp-login.php HTTP/1.1" 200 10776 "-" "Mozilla/5.0 (Windows NT 6.1; Win64; x64) AppleWebKit/537.36 (KHTML, like Gecko) Chrome/67.0.3396.87 Safari/537.36"
54.201.210.167 - - [03/Jul/2021:10:40:17 -0400] "GET / HTTP/1.1" 301 524 "-" "Mozilla/5.0 (X11; Linux x86_64) AppleWebKit/537.36 (KHTML, like Gecko) Chrome/83.0.4103.97 Safari/537.36"
54.201.210.167 - - [03/Jul/2021:10:40:19 -0400] "GET / HTTP/1.1" 200 7088 "-" "Mozilla/5.0 (X11; Linux x86_64) AppleWebKit/537.36 (KHTML, like Gecko) Chrome/83.0.4103.97 Safari/537.36"
204.48.19.85 - - [03/Jul/2021:10:40:20 -0400] "GET / HTTP/1.1" 200 7122 "https://bubandcompany.com/" "WordPress/5.7.2; https://bubandcompany.com"
204.48.19.85 - - [03/Jul/2021:10:40:20 -0400] "POST /wp-cron.php?doing_wp_cron=1625323220.0282320976257324218750 HTTP/1.1" 200 6229 "https://bubandcompany.com/wp-cron.php?doing_wp_cron=1625323220.0282320976257324218750" "WordPress/5.7.2; https://bubandcompany.com"
34.222.35.110 - - [03/Jul/2021:10:41:13 -0400] "GET /favicon.ico HTTP/1.1" 301 546 "-" "Mozilla/5.0 (X11; Linux x86_64) AppleWebKit/537.36 (KHTML, like Gecko) Chrome/83.0.4103.97 Safari/537.36"
34.222.35.110 - - [03/Jul/2021:10:41:20 -0400] "GET / HTTP/1.1" 301 524 "-" "Mozilla/5.0 (X11; Linux x86_64) AppleWebKit/537.36 (KHTML, like Gecko) Chrome/83.0.4103.97 Safari/537.36"
157.245.218.180 - - [03/Jul/2021:11:27:50 -0400] "POST /wp-login.php HTTP/1.1" 200 10779 "-" "Mozilla/5.0 (Windows NT 6.1) AppleWebKit/537.36 (KHTML, like Gecko) Chrome/65.0.3325.181 Safari/537.36"
165.22.53.233 - - [03/Jul/2021:12:34:54 -0400] "POST /wp-login.php HTTP/1.1" 200 10777 "-" "Mozilla/5.0 (Windows NT 6.1; Win64; x64) AppleWebKit/537.36 (KHTML, like Gecko) Chrome/55.0.2883.87 Safari/537.36"
81.88.52.137 - - [03/Jul/2021:13:41:14 -0400] "POST /wp-login.php HTTP/1.1" 200 10776 "-" "Mozilla/5.0 (Windows NT 6.3; Win64; x64) AppleWebKit/537.36 (KHTML, like Gecko) Chrome/68.0.3440.106 Safari/537.36"
52.191.249.240 - - [03/Jul/2021:13:58:49 -0400] "GET /.env HTTP/1.1" 301 588 "-" "Mozilla/5.0 (X11; Linux x86_64) AppleWebKit/537.36 (KHTML, like Gecko) Chrome/81.0.4044.129 Safari/537.36"
52.191.249.240 - - [03/Jul/2021:13:58:49 -0400] "POST / HTTP/1.1" 301 580 "-" "Mozilla/5.0 (X11; Linux x86_64) AppleWebKit/537.36 (KHTML, like Gecko) Chrome/81.0.4044.129 Safari/537.36"
52.191.249.240 - - [03/Jul/2021:13:58:50 -0400] "GET /.env HTTP/1.1" 301 600 "-" "Mozilla/5.0 (X11; Linux x86_64) AppleWebKit/537.36 (KHTML, like Gecko) Chrome/81.0.4044.129 Safari/537.36"
52.191.249.240 - - [03/Jul/2021:13:58:50 -0400] "POST / HTTP/1.1" 301 592 "-" "Mozilla/5.0 (X11; Linux x86_64) AppleWebKit/537.36 (KHTML, like Gecko) Chrome/81.0.4044.129 Safari/537.36"
162.55.191.247 - - [03/Jul/2021:14:15:46 -0400] "GET //wp-json/trx_addons/v2/get/sc_layout?sc=print_r HTTP/1.1" 404 6545 "-" "python-requests/2.18.4"
47.90.42.101 - - [03/Jul/2021:14:33:30 -0400] "GET /about.php HTTP/1.1" 301 542 "http://simplesite.com" "Mozilla/5.0 (Windows; U; Windows NT 5.1; en-US) AppleWebKit/533.4 (KHTML, like Gecko) Chrome/5.0.375.99 Safari/533.4"
47.90.42.101 - - [03/Jul/2021:14:33:34 -0400] "GET /about.php HTTP/1.1" 301 542 "http://simplesite.com" "Mozilla/5.0 (Windows; U; Windows NT 5.1; en-US) AppleWebKit/533.4 (KHTML, like Gecko) Chrome/5.0.375.99 Safari/533.4"
34.219.98.29 - - [03/Jul/2021:14:40:57 -0400] "GET / HTTP/1.1" 301 580 "-" "Mozilla/5.0 (Windows NT 10.0; Win64; x64)AppleWebKit/537.36 (KHTML, like Gecko) Chrome/66.0.3359.181 Safari/537.36"
204.48.19.85 - - [03/Jul/2021:14:40:58 -0400] "POST /wp-cron.php?doing_wp_cron=1625337658.5427970886230468750000 HTTP/1.1" 200 6229 "https://bubandcompany.com/wp-cron.php?doing_wp_cron=1625337658.5427970886230468750000" "WordPress/5.7.2; https://bubandcompany.com"
34.219.98.29 - - [03/Jul/2021:14:40:57 -0400] "GET / HTTP/1.1" 200 7159 "-" "Mozilla/5.0 (Windows NT 10.0; Win64; x64)AppleWebKit/537.36 (KHTML, like Gecko) Chrome/66.0.3359.181 Safari/537.36"
34.219.98.29 - - [03/Jul/2021:14:40:59 -0400] "GET / HTTP/1.1" 200 7159 "-" "Mozilla/5.0 (Windows NT 10.0; Win64; x64)AppleWebKit/537.36 (KHTML, like Gecko) Chrome/66.0.3359.181 Safari/537.36"
35.196.75.34 - - [03/Jul/2021:15:07:26 -0400] "GET /robots.txt HTTP/1.0" 301 563 "-" "ZoominfoBot (zoominfobot at zoominfo dot com)"
35.196.75.34 - - [03/Jul/2021:15:07:26 -0400] "GET /robots.txt HTTP/1.1" 404 5792 "-" "ZoominfoBot (zoominfobot at zoominfo dot com)"
35.196.75.34 - - [03/Jul/2021:15:07:26 -0400] "GET /wp-login.php HTTP/1.0" 301 567 "-" "ZoominfoBot (zoominfobot at zoominfo dot com)"
35.196.75.34 - - [03/Jul/2021:15:07:26 -0400] "GET /robots.txt HTTP/1.0" 404 481 "-" "ZoominfoBot (zoominfobot at zoominfo dot com)"
204.48.19.85 - - [03/Jul/2021:15:07:27 -0400] "POST /wp-cron.php?doing_wp_cron=1625339247.3645410537719726562500 HTTP/1.1" 200 6229 "https://bubandcompany.com/wp-cron.php?doing_wp_cron=1625339247.3645410537719726562500" "WordPress/5.7.2; https://bubandcompany.com"
35.196.75.34 - - [03/Jul/2021:15:07:26 -0400] "GET /wp-login.php HTTP/1.0" 200 3001 "-" "ZoominfoBot (zoominfobot at zoominfo dot com)"
204.48.19.85 - - [03/Jul/2021:15:16:19 -0400] "POST /wp-cron.php?doing_wp_cron=1625339779.2578210830688476562500 HTTP/1.1" 200 6229 "https://bubandcompany.com/wp-cron.php?doing_wp_cron=1625339779.2578210830688476562500" "WordPress/5.7.2; https://bubandcompany.com"
35.196.75.34 - - [03/Jul/2021:15:16:18 -0400] "GET /wp-login.php HTTP/1.0" 200 8198 "-" "ZoominfoBot (zoominfobot at zoominfo dot com)"
204.48.19.85 - - [03/Jul/2021:15:48:40 -0400] "POST /wp-cron.php?doing_wp_cron=1625341720.2840499877929687500000 HTTP/1.1" 200 6229 "https://bubandcompany.com/wp-cron.php?doing_wp_cron=1625341720.2840499877929687500000" "WordPress/5.7.2; https://bubandcompany.com"
180.76.185.20 - - [03/Jul/2021:15:48:39 -0400] "POST /wp-login.php HTTP/1.1" 401 9971 "-" "Mozilla/5.0 (Windows NT 10.0; WOW64) AppleWebKit/537.36 (KHTML, like Gecko) Chrome/46.0.2490.80 Safari/537.36"
188.165.233.120 - - [03/Jul/2021:16:16:12 -0400] "HEAD / HTTP/1.1" 301 186 "-" "curl/7.29.0"
188.165.233.120 - - [03/Jul/2021:16:16:12 -0400] "HEAD / HTTP/1.1" 200 5545 "-" "curl/7.29.0"
204.48.19.85 - - [03/Jul/2021:16:16:13 -0400] "POST /wp-cron.php?doing_wp_cron=1625343373.5745980739593505859375 HTTP/1.1" 200 6229 "https://bubandcompany.com/wp-cron.php?doing_wp_cron=1625343373.5745980739593505859375" "WordPress/5.7.2; https://bubandcompany.com"
188.165.233.120 - - [03/Jul/2021:16:16:14 -0400] "POST / HTTP/1.1" 301 524 "-" "curl/7.29.0"
188.165.233.120 - - [03/Jul/2021:16:16:15 -0400] "GET / HTTP/1.1" 200 7918 "-" "curl/7.29.0"
188.165.233.120 - - [03/Jul/2021:16:16:23 -0400] "HEAD / HTTP/1.1" 301 190 "-" "curl/7.29.0"
204.48.19.85 - - [03/Jul/2021:16:16:24 -0400] "POST /wp-cron.php?doing_wp_cron=1625343384.8093988895416259765625 HTTP/1.1" 200 6229 "https://bubandcompany.com/wp-cron.php?doing_wp_cron=1625343384.8093988895416259765625" "WordPress/5.7.2; https://bubandcompany.com"
188.165.233.120 - - [03/Jul/2021:16:16:23 -0400] "HEAD / HTTP/1.1" 200 5545 "-" "curl/7.29.0"
188.165.233.120 - - [03/Jul/2021:16:16:26 -0400] "POST / HTTP/1.1" 301 536 "-" "curl/7.29.0"
188.165.233.120 - - [03/Jul/2021:16:16:26 -0400] "GET / HTTP/1.1" 200 7918 "-" "curl/7.29.0"
66.249.66.156 - - [03/Jul/2021:16:41:28 -0400] "GET /robots.txt HTTP/1.1" 404 6545 "-" "Mozilla/5.0 (compatible; Googlebot/2.1; +http://www.google.com/bot.html)"
66.249.66.156 - - [03/Jul/2021:16:41:28 -0400] "GET /index.php/face-wear/ HTTP/1.1" 200 1160 "-" "Mozilla/5.0 (Linux; Android 6.0.1; Nexus 5X Build/MMB29P) AppleWebKit/537.36 (KHTML, like Gecko) Chrome/91.0.4472.90 Mobile Safari/537.36 (compatible; Googlebot/2.1; +http://www.google.com/bot.html)"
192.0.101.117 - - [03/Jul/2021:16:41:31 -0400] "POST /xmlrpc.php?for=jetpack&token=%29%28dLwbcv%23b%21fiadHWlOCHmw%25nhq9rDir%3A1%3A0&timestamp=1625344891&nonce=haWpQwgRaV&body-hash=u9PchwX6M0SaeiSzQKj%2F07xm4Ng%3D&signature=36AvbKVP6SBVU2wJbRte0FlJBHU%3D HTTP/1.1" 200 6229 "https://bubandcompany.com/xmlrpc.php?for=jetpack&token=%29%28dLwbcv%23b%21fiadHWlOCHmw%25nhq9rDir%3A1%3A0&timestamp=1625344891&nonce=haWpQwgRaV&body-hash=u9PchwX6M0SaeiSzQKj%2F07xm4Ng%3D&signature=36AvbKVP6SBVU2wJbRte0FlJBHU%3D" "Jetpack by WordPress.com"
204.48.19.85 - - [03/Jul/2021:16:41:29 -0400] "POST /wp-cron.php?doing_wp_cron=1625344889.6532518863677978515625 HTTP/1.1" 200 6229 "https://bubandcompany.com/wp-cron.php?doing_wp_cron=1625344889.6532518863677978515625" "WordPress/5.7.2; https://bubandcompany.com"
152.136.20.21 - - [03/Jul/2021:16:52:02 -0400] "POST /wp-login.php HTTP/1.1" 200 10776 "-" "Mozilla/5.0 (Windows NT 10.0; Win64; x64) AppleWebKit/537.36 (KHTML, like Gecko) Chrome/73.0.3683.75 Safari/537.36"
92.118.160.41 - - [03/Jul/2021:17:31:59 -0400] "GET / HTTP/1.1" 301 524 "-" "NetSystemsResearch studies the availability of various services across the internet. Our website is netsystemsresearch.com"
204.48.19.85 - - [03/Jul/2021:17:32:00 -0400] "POST /wp-cron.php?doing_wp_cron=1625347920.4128389358520507812500 HTTP/1.1" 200 6229 "https://bubandcompany.com/wp-cron.php?doing_wp_cron=1625347920.4128389358520507812500" "WordPress/5.7.2; https://bubandcompany.com"
92.118.160.41 - - [03/Jul/2021:17:31:59 -0400] "GET / HTTP/1.1" 200 8135 "http://204.48.19.85:80/" "Go http package"
204.48.19.85 - - [03/Jul/2021:17:54:28 -0400] "POST /wp-cron.php?doing_wp_cron=1625349268.3607499599456787109375 HTTP/1.1" 200 6229 "https://bubandcompany.com/wp-cron.php?doing_wp_cron=1625349268.3607499599456787109375" "WordPress/5.7.2; https://bubandcompany.com"
207.46.13.92 - - [03/Jul/2021:17:54:27 -0400] "GET /index.php/shop/?product_order=asc&product_view=grid&product_orderby=price HTTP/1.1" 200 6639 "-" "Mozilla/5.0 (compatible; bingbot/2.0; +http://www.bing.com/bingbot.htm)"
47.99.54.166 - - [03/Jul/2021:17:55:03 -0400] "POST /wp-login.php HTTP/1.1" 200 10776 "-" "Mozilla/5.0 (Windows NT 6.1) AppleWebKit/537.36 (KHTML, like Gecko) Chrome/80.0.3987.132 Safari/537.36"
194.61.54.86 - - [03/Jul/2021:18:16:47 -0400] "GET /wp-admin/ HTTP/1.1" 301 598 "http://bubandcompany.com" "Mozilla/5.0 (Windows NT 6.1; Win64; x64) AppleWebKit/537.36 (KHTML, like Gecko) Chrome/59.0.3071.115 Safari/537.36"
204.48.19.85 - - [03/Jul/2021:18:16:49 -0400] "POST /wp-cron.php?doing_wp_cron=1625350609.4652409553527832031250 HTTP/1.1" 200 6229 "https://bubandcompany.com/wp-cron.php?doing_wp_cron=1625350609.4652409553527832031250" "WordPress/5.7.2; https://bubandcompany.com"
194.61.54.86 - - [03/Jul/2021:18:16:48 -0400] "GET /wp-admin/ HTTP/1.1" 302 6273 "-" "Mozilla/5.0 (Windows NT 6.1; Win64; x64) AppleWebKit/537.36 (KHTML, like Gecko) Chrome/59.0.3071.115 Safari/537.36"
194.61.54.86 - - [03/Jul/2021:18:16:52 -0400] "GET /?author=1 HTTP/1.1" 200 2618 "-" "Mozilla/5.0 (Windows NT 6.1; Win64; x64) AppleWebKit/537.36 (KHTML, like Gecko) Chrome/59.0.3071.115 Safari/537.36"
194.61.54.86 - - [03/Jul/2021:18:16:54 -0400] "GET /xmlrpc.php HTTP/1.1" 405 6145 "-" "Mozilla/5.0 (Windows NT 6.1; Win64; x64) AppleWebKit/537.36 (KHTML, like Gecko) Chrome/59.0.3071.115 Safari/537.36"
194.61.54.86 - - [03/Jul/2021:18:16:56 -0400] "POST /xmlrpc.php HTTP/1.1" 200 789 "-" "Mozilla/5.0 (Windows NT 6.1; Win64; x64) AppleWebKit/537.36 (KHTML, like Gecko) Chrome/59.0.3071.115 Safari/537.36"
194.61.54.86 - - [03/Jul/2021:18:16:58 -0400] "GET /wp-admin/ HTTP/1.1" 301 598 "http://bubandcompany.com" "Mozilla/5.0 (Windows NT 6.1; Win64; x64) AppleWebKit/537.36 (KHTML, like Gecko) Chrome/59.0.3071.115 Safari/537.36"
194.61.54.86 - - [03/Jul/2021:18:16:59 -0400] "GET /wp-admin/ HTTP/1.1" 302 6273 "-" "Mozilla/5.0 (Windows NT 6.1; Win64; x64) AppleWebKit/537.36 (KHTML, like Gecko) Chrome/59.0.3071.115 Safari/537.36"
194.61.54.86 - - [03/Jul/2021:18:17:02 -0400] "GET /wp-login.php HTTP/1.1" 200 12521 "-" "Mozilla/5.0 (Windows NT 6.1; Win64; x64) AppleWebKit/537.36 (KHTML, like Gecko) Chrome/59.0.3071.115 Safari/537.36"
194.61.54.86 - - [03/Jul/2021:18:17:03 -0400] "POST /wp-login.php HTTP/1.1" 200 12521 "http://cubscouts.org/wp-login.php" "Mozilla/5.0 (Windows NT 6.1; Win64; x64) AppleWebKit/537.36 (KHTML, like Gecko) Chrome/59.0.3071.115 Safari/537.36"
194.61.54.86 - - [03/Jul/2021:18:17:04 -0400] "POST /wp-login.php HTTP/1.1" 200 12521 "http://cubscouts.org/wp-login.php" "Mozilla/5.0 (Windows NT 6.1; Win64; x64) AppleWebKit/537.36 (KHTML, like Gecko) Chrome/59.0.3071.115 Safari/537.36"
194.61.54.86 - - [03/Jul/2021:18:17:05 -0400] "POST /wp-login.php HTTP/1.1" 200 12521 "http://cubscouts.org/wp-login.php" "Mozilla/5.0 (Windows NT 6.1; Win64; x64) AppleWebKit/537.36 (KHTML, like Gecko) Chrome/59.0.3071.115 Safari/537.36"
194.61.54.86 - - [03/Jul/2021:18:17:06 -0400] "POST /wp-login.php HTTP/1.1" 200 12521 "http://cubscouts.org/wp-login.php" "Mozilla/5.0 (Windows NT 6.1; Win64; x64) AppleWebKit/537.36 (KHTML, like Gecko) Chrome/59.0.3071.115 Safari/537.36"
194.61.54.86 - - [03/Jul/2021:18:17:08 -0400] "POST /wp-login.php HTTP/1.1" 200 12521 "http://cubscouts.org/wp-login.php" "Mozilla/5.0 (Windows NT 6.1; Win64; x64) AppleWebKit/537.36 (KHTML, like Gecko) Chrome/59.0.3071.115 Safari/537.36"
194.61.54.86 - - [03/Jul/2021:18:17:11 -0400] "POST /wp-login.php HTTP/1.1" 200 12521 "http://cubscouts.org/wp-login.php" "Mozilla/5.0 (Windows NT 6.1; Win64; x64) AppleWebKit/537.36 (KHTML, like Gecko) Chrome/59.0.3071.115 Safari/537.36"
194.61.54.86 - - [03/Jul/2021:18:17:12 -0400] "POST /wp-login.php HTTP/1.1" 200 12521 "http://cubscouts.org/wp-login.php" "Mozilla/5.0 (Windows NT 6.1; Win64; x64) AppleWebKit/537.36 (KHTML, like Gecko) Chrome/59.0.3071.115 Safari/537.36"
194.61.54.86 - - [03/Jul/2021:18:17:13 -0400] "POST /wp-login.php HTTP/1.1" 200 12521 "http://cubscouts.org/wp-login.php" "Mozilla/5.0 (Windows NT 6.1; Win64; x64) AppleWebKit/537.36 (KHTML, like Gecko) Chrome/59.0.3071.115 Safari/537.36"
194.61.54.86 - - [03/Jul/2021:18:17:14 -0400] "POST /wp-login.php HTTP/1.1" 200 12521 "http://cubscouts.org/wp-login.php" "Mozilla/5.0 (Windows NT 6.1; Win64; x64) AppleWebKit/537.36 (KHTML, like Gecko) Chrome/59.0.3071.115 Safari/537.36"
194.61.54.86 - - [03/Jul/2021:18:17:17 -0400] "POST /wp-login.php HTTP/1.1" 200 12521 "http://cubscouts.org/wp-login.php" "Mozilla/5.0 (Windows NT 6.1; Win64; x64) AppleWebKit/537.36 (KHTML, like Gecko) Chrome/59.0.3071.115 Safari/537.36"
194.61.54.86 - - [03/Jul/2021:18:17:18 -0400] "POST /wp-login.php HTTP/1.1" 200 12521 "http://cubscouts.org/wp-login.php" "Mozilla/5.0 (Windows NT 6.1; Win64; x64) AppleWebKit/537.36 (KHTML, like Gecko) Chrome/59.0.3071.115 Safari/537.36"
194.61.54.86 - - [03/Jul/2021:18:17:19 -0400] "POST /wp-login.php HTTP/1.1" 200 12521 "http://cubscouts.org/wp-login.php" "Mozilla/5.0 (Windows NT 6.1; Win64; x64) AppleWebKit/537.36 (KHTML, like Gecko) Chrome/59.0.3071.115 Safari/537.36"
194.61.54.86 - - [03/Jul/2021:18:17:21 -0400] "POST /wp-login.php HTTP/1.1" 200 12521 "http://cubscouts.org/wp-login.php" "Mozilla/5.0 (Windows NT 6.1; Win64; x64) AppleWebKit/537.36 (KHTML, like Gecko) Chrome/59.0.3071.115 Safari/537.36"
194.61.54.86 - - [03/Jul/2021:18:17:23 -0400] "POST /wp-login.php HTTP/1.1" 200 12521 "http://cubscouts.org/wp-login.php" "Mozilla/5.0 (Windows NT 6.1; Win64; x64) AppleWebKit/537.36 (KHTML, like Gecko) Chrome/59.0.3071.115 Safari/537.36"
194.61.54.86 - - [03/Jul/2021:18:17:26 -0400] "POST /wp-login.php HTTP/1.1" 200 12521 "http://cubscouts.org/wp-login.php" "Mozilla/5.0 (Windows NT 6.1; Win64; x64) AppleWebKit/537.36 (KHTML, like Gecko) Chrome/59.0.3071.115 Safari/537.36"
194.61.54.86 - - [03/Jul/2021:18:17:27 -0400] "POST /wp-login.php HTTP/1.1" 200 12521 "http://cubscouts.org/wp-login.php" "Mozilla/5.0 (Windows NT 6.1; Win64; x64) AppleWebKit/537.36 (KHTML, like Gecko) Chrome/59.0.3071.115 Safari/537.36"
194.61.54.86 - - [03/Jul/2021:18:17:28 -0400] "POST /wp-login.php HTTP/1.1" 200 12521 "http://cubscouts.org/wp-login.php" "Mozilla/5.0 (Windows NT 6.1; Win64; x64) AppleWebKit/537.36 (KHTML, like Gecko) Chrome/59.0.3071.115 Safari/537.36"
194.61.54.86 - - [03/Jul/2021:18:17:29 -0400] "POST /wp-login.php HTTP/1.1" 200 12521 "http://cubscouts.org/wp-login.php" "Mozilla/5.0 (Windows NT 6.1; Win64; x64) AppleWebKit/537.36 (KHTML, like Gecko) Chrome/59.0.3071.115 Safari/537.36"
194.61.54.86 - - [03/Jul/2021:18:17:31 -0400] "POST /wp-login.php HTTP/1.1" 200 12521 "http://cubscouts.org/wp-login.php" "Mozilla/5.0 (Windows NT 6.1; Win64; x64) AppleWebKit/537.36 (KHTML, like Gecko) Chrome/59.0.3071.115 Safari/537.36"
194.61.54.86 - - [03/Jul/2021:18:17:33 -0400] "POST /wp-login.php HTTP/1.1" 200 12521 "http://cubscouts.org/wp-login.php" "Mozilla/5.0 (Windows NT 6.1; Win64; x64) AppleWebKit/537.36 (KHTML, like Gecko) Chrome/59.0.3071.115 Safari/537.36"
194.61.54.86 - - [03/Jul/2021:18:17:39 -0400] "POST /wp-login.php HTTP/1.1" 200 18325 "http://cubscouts.org/wp-login.php" "Mozilla/5.0 (Windows NT 6.1; Win64; x64) AppleWebKit/537.36 (KHTML, like Gecko) Chrome/59.0.3071.115 Safari/537.36"
194.61.54.86 - - [03/Jul/2021:18:17:40 -0400] "POST /wp-login.php HTTP/1.1" 200 12521 "http://cubscouts.org/wp-login.php" "Mozilla/5.0 (Windows NT 6.1; Win64; x64) AppleWebKit/537.36 (KHTML, like Gecko) Chrome/59.0.3071.115 Safari/537.36"
194.61.54.86 - - [03/Jul/2021:18:17:43 -0400] "POST /wp-login.php HTTP/1.1" 200 12521 "http://cubscouts.org/wp-login.php" "Mozilla/5.0 (Windows NT 6.1; Win64; x64) AppleWebKit/537.36 (KHTML, like Gecko) Chrome/59.0.3071.115 Safari/537.36"
194.61.54.86 - - [03/Jul/2021:18:17:44 -0400] "POST /wp-login.php HTTP/1.1" 200 12521 "http://cubscouts.org/wp-login.php" "Mozilla/5.0 (Windows NT 6.1; Win64; x64) AppleWebKit/537.36 (KHTML, like Gecko) Chrome/59.0.3071.115 Safari/537.36"
194.61.54.86 - - [03/Jul/2021:18:17:47 -0400] "POST /wp-login.php HTTP/1.1" 200 12521 "http://cubscouts.org/wp-login.php" "Mozilla/5.0 (Windows NT 6.1; Win64; x64) AppleWebKit/537.36 (KHTML, like Gecko) Chrome/59.0.3071.115 Safari/537.36"
194.61.54.86 - - [03/Jul/2021:18:17:48 -0400] "POST /wp-login.php HTTP/1.1" 200 12521 "http://cubscouts.org/wp-login.php" "Mozilla/5.0 (Windows NT 6.1; Win64; x64) AppleWebKit/537.36 (KHTML, like Gecko) Chrome/59.0.3071.115 Safari/537.36"
194.61.54.86 - - [03/Jul/2021:18:17:49 -0400] "POST /wp-login.php HTTP/1.1" 200 12521 "http://cubscouts.org/wp-login.php" "Mozilla/5.0 (Windows NT 6.1; Win64; x64) AppleWebKit/537.36 (KHTML, like Gecko) Chrome/59.0.3071.115 Safari/537.36"
194.61.54.86 - - [03/Jul/2021:18:17:52 -0400] "POST /wp-login.php HTTP/1.1" 200 12521 "http://cubscouts.org/wp-login.php" "Mozilla/5.0 (Windows NT 6.1; Win64; x64) AppleWebKit/537.36 (KHTML, like Gecko) Chrome/59.0.3071.115 Safari/537.36"
194.61.54.86 - - [03/Jul/2021:18:17:53 -0400] "POST /wp-login.php HTTP/1.1" 200 12521 "http://cubscouts.org/wp-login.php" "Mozilla/5.0 (Windows NT 6.1; Win64; x64) AppleWebKit/537.36 (KHTML, like Gecko) Chrome/59.0.3071.115 Safari/537.36"
194.61.54.86 - - [03/Jul/2021:18:17:56 -0400] "POST /wp-login.php HTTP/1.1" 200 12521 "http://cubscouts.org/wp-login.php" "Mozilla/5.0 (Windows NT 6.1; Win64; x64) AppleWebKit/537.36 (KHTML, like Gecko) Chrome/59.0.3071.115 Safari/537.36"
194.61.54.86 - - [03/Jul/2021:18:18:00 -0400] "POST /wp-login.php HTTP/1.1" 200 12521 "http://cubscouts.org/wp-login.php" "Mozilla/5.0 (Windows NT 6.1; Win64; x64) AppleWebKit/537.36 (KHTML, like Gecko) Chrome/59.0.3071.115 Safari/537.36"
194.61.54.86 - - [03/Jul/2021:18:18:02 -0400] "POST /wp-login.php HTTP/1.1" 200 12521 "http://cubscouts.org/wp-login.php" "Mozilla/5.0 (Windows NT 6.1; Win64; x64) AppleWebKit/537.36 (KHTML, like Gecko) Chrome/59.0.3071.115 Safari/537.36"
194.61.54.86 - - [03/Jul/2021:18:18:04 -0400] "POST /wp-login.php HTTP/1.1" 200 12521 "http://cubscouts.org/wp-login.php" "Mozilla/5.0 (Windows NT 6.1; Win64; x64) AppleWebKit/537.36 (KHTML, like Gecko) Chrome/59.0.3071.115 Safari/537.36"
194.61.54.86 - - [03/Jul/2021:18:18:05 -0400] "POST /wp-login.php HTTP/1.1" 200 12521 "http://cubscouts.org/wp-login.php" "Mozilla/5.0 (Windows NT 6.1; Win64; x64) AppleWebKit/537.36 (KHTML, like Gecko) Chrome/59.0.3071.115 Safari/537.36"
194.61.54.86 - - [03/Jul/2021:18:18:09 -0400] "POST /wp-login.php HTTP/1.1" 200 12521 "http://cubscouts.org/wp-login.php" "Mozilla/5.0 (Windows NT 6.1; Win64; x64) AppleWebKit/537.36 (KHTML, like Gecko) Chrome/59.0.3071.115 Safari/537.36"
194.61.54.86 - - [03/Jul/2021:18:18:12 -0400] "POST /wp-login.php HTTP/1.1" 200 12521 "http://cubscouts.org/wp-login.php" "Mozilla/5.0 (Windows NT 6.1; Win64; x64) AppleWebKit/537.36 (KHTML, like Gecko) Chrome/59.0.3071.115 Safari/537.36"
194.61.54.86 - - [03/Jul/2021:18:18:14 -0400] "POST /wp-login.php HTTP/1.1" 200 12521 "http://cubscouts.org/wp-login.php" "Mozilla/5.0 (Windows NT 6.1; Win64; x64) AppleWebKit/537.36 (KHTML, like Gecko) Chrome/59.0.3071.115 Safari/537.36"
194.61.54.86 - - [03/Jul/2021:18:18:15 -0400] "POST /wp-login.php HTTP/1.1" 200 12521 "http://cubscouts.org/wp-login.php" "Mozilla/5.0 (Windows NT 6.1; Win64; x64) AppleWebKit/537.36 (KHTML, like Gecko) Chrome/59.0.3071.115 Safari/537.36"
194.61.54.86 - - [03/Jul/2021:18:18:17 -0400] "POST /wp-login.php HTTP/1.1" 200 12521 "http://cubscouts.org/wp-login.php" "Mozilla/5.0 (Windows NT 6.1; Win64; x64) AppleWebKit/537.36 (KHTML, like Gecko) Chrome/59.0.3071.115 Safari/537.36"
194.61.54.86 - - [03/Jul/2021:18:18:18 -0400] "POST /wp-login.php HTTP/1.1" 200 12521 "http://cubscouts.org/wp-login.php" "Mozilla/5.0 (Windows NT 6.1; Win64; x64) AppleWebKit/537.36 (KHTML, like Gecko) Chrome/59.0.3071.115 Safari/537.36"
194.61.54.86 - - [03/Jul/2021:18:18:20 -0400] "POST /wp-login.php HTTP/1.1" 200 12521 "http://cubscouts.org/wp-login.php" "Mozilla/5.0 (Windows NT 6.1; Win64; x64) AppleWebKit/537.36 (KHTML, like Gecko) Chrome/59.0.3071.115 Safari/537.36"
194.61.54.86 - - [03/Jul/2021:18:18:21 -0400] "POST /wp-login.php HTTP/1.1" 200 12521 "http://cubscouts.org/wp-login.php" "Mozilla/5.0 (Windows NT 6.1; Win64; x64) AppleWebKit/537.36 (KHTML, like Gecko) Chrome/59.0.3071.115 Safari/537.36"
194.61.54.86 - - [03/Jul/2021:18:18:24 -0400] "POST /wp-login.php HTTP/1.1" 200 12521 "http://cubscouts.org/wp-login.php" "Mozilla/5.0 (Windows NT 6.1; Win64; x64) AppleWebKit/537.36 (KHTML, like Gecko) Chrome/59.0.3071.115 Safari/537.36"
194.61.54.86 - - [03/Jul/2021:18:18:26 -0400] "POST /wp-login.php HTTP/1.1" 200 12521 "http://cubscouts.org/wp-login.php" "Mozilla/5.0 (Windows NT 6.1; Win64; x64) AppleWebKit/537.36 (KHTML, like Gecko) Chrome/59.0.3071.115 Safari/537.36"
194.61.54.86 - - [03/Jul/2021:18:18:26 -0400] "POST /wp-login.php HTTP/1.1" 200 12521 "http://cubscouts.org/wp-login.php" "Mozilla/5.0 (Windows NT 6.1; Win64; x64) AppleWebKit/537.36 (KHTML, like Gecko) Chrome/59.0.3071.115 Safari/537.36"
194.61.54.86 - - [03/Jul/2021:18:18:28 -0400] "POST /wp-login.php HTTP/1.1" 200 12521 "http://cubscouts.org/wp-login.php" "Mozilla/5.0 (Windows NT 6.1; Win64; x64) AppleWebKit/537.36 (KHTML, like Gecko) Chrome/59.0.3071.115 Safari/537.36"
194.61.54.86 - - [03/Jul/2021:18:18:30 -0400] "POST /wp-login.php HTTP/1.1" 200 12521 "http://cubscouts.org/wp-login.php" "Mozilla/5.0 (Windows NT 6.1; Win64; x64) AppleWebKit/537.36 (KHTML, like Gecko) Chrome/59.0.3071.115 Safari/537.36"
194.61.54.86 - - [03/Jul/2021:18:18:31 -0400] "POST /wp-login.php HTTP/1.1" 200 12521 "http://cubscouts.org/wp-login.php" "Mozilla/5.0 (Windows NT 6.1; Win64; x64) AppleWebKit/537.36 (KHTML, like Gecko) Chrome/59.0.3071.115 Safari/537.36"
194.61.54.86 - - [03/Jul/2021:18:18:33 -0400] "POST /wp-login.php HTTP/1.1" 200 12521 "http://cubscouts.org/wp-login.php" "Mozilla/5.0 (Windows NT 6.1; Win64; x64) AppleWebKit/537.36 (KHTML, like Gecko) Chrome/59.0.3071.115 Safari/537.36"
194.61.54.86 - - [03/Jul/2021:18:18:35 -0400] "POST /wp-login.php HTTP/1.1" 200 12521 "http://cubscouts.org/wp-login.php" "Mozilla/5.0 (Windows NT 6.1; Win64; x64) AppleWebKit/537.36 (KHTML, like Gecko) Chrome/59.0.3071.115 Safari/537.36"
194.61.54.86 - - [03/Jul/2021:18:18:36 -0400] "POST /wp-login.php HTTP/1.1" 200 12521 "http://cubscouts.org/wp-login.php" "Mozilla/5.0 (Windows NT 6.1; Win64; x64) AppleWebKit/537.36 (KHTML, like Gecko) Chrome/59.0.3071.115 Safari/537.36"
194.61.54.86 - - [03/Jul/2021:18:18:38 -0400] "POST /wp-login.php HTTP/1.1" 200 12521 "http://cubscouts.org/wp-login.php" "Mozilla/5.0 (Windows NT 6.1; Win64; x64) AppleWebKit/537.36 (KHTML, like Gecko) Chrome/59.0.3071.115 Safari/537.36"
194.61.54.86 - - [03/Jul/2021:18:18:41 -0400] "POST /wp-login.php HTTP/1.1" 200 12521 "http://cubscouts.org/wp-login.php" "Mozilla/5.0 (Windows NT 6.1; Win64; x64) AppleWebKit/537.36 (KHTML, like Gecko) Chrome/59.0.3071.115 Safari/537.36"
194.61.54.86 - - [03/Jul/2021:18:18:42 -0400] "POST /wp-login.php HTTP/1.1" 200 12521 "http://cubscouts.org/wp-login.php" "Mozilla/5.0 (Windows NT 6.1; Win64; x64) AppleWebKit/537.36 (KHTML, like Gecko) Chrome/59.0.3071.115 Safari/537.36"
194.61.54.86 - - [03/Jul/2021:18:18:43 -0400] "POST /wp-login.php HTTP/1.1" 200 12521 "http://cubscouts.org/wp-login.php" "Mozilla/5.0 (Windows NT 6.1; Win64; x64) AppleWebKit/537.36 (KHTML, like Gecko) Chrome/59.0.3071.115 Safari/537.36"
194.61.54.86 - - [03/Jul/2021:18:18:46 -0400] "POST /wp-login.php HTTP/1.1" 200 12521 "http://cubscouts.org/wp-login.php" "Mozilla/5.0 (Windows NT 6.1; Win64; x64) AppleWebKit/537.36 (KHTML, like Gecko) Chrome/59.0.3071.115 Safari/537.36"
194.61.54.86 - - [03/Jul/2021:18:18:47 -0400] "POST /wp-login.php HTTP/1.1" 200 12521 "http://cubscouts.org/wp-login.php" "Mozilla/5.0 (Windows NT 6.1; Win64; x64) AppleWebKit/537.36 (KHTML, like Gecko) Chrome/59.0.3071.115 Safari/537.36"
194.61.54.86 - - [03/Jul/2021:18:18:49 -0400] "POST /wp-login.php HTTP/1.1" 200 12521 "http://cubscouts.org/wp-login.php" "Mozilla/5.0 (Windows NT 6.1; Win64; x64) AppleWebKit/537.36 (KHTML, like Gecko) Chrome/59.0.3071.115 Safari/537.36"
194.61.54.86 - - [03/Jul/2021:18:18:50 -0400] "POST /wp-login.php HTTP/1.1" 200 12521 "http://cubscouts.org/wp-login.php" "Mozilla/5.0 (Windows NT 6.1; Win64; x64) AppleWebKit/537.36 (KHTML, like Gecko) Chrome/59.0.3071.115 Safari/537.36"
194.61.54.86 - - [03/Jul/2021:18:18:51 -0400] "POST /wp-login.php HTTP/1.1" 200 12521 "http://cubscouts.org/wp-login.php" "Mozilla/5.0 (Windows NT 6.1; Win64; x64) AppleWebKit/537.36 (KHTML, like Gecko) Chrome/59.0.3071.115 Safari/537.36"
194.61.54.86 - - [03/Jul/2021:18:18:53 -0400] "POST /wp-login.php HTTP/1.1" 200 12521 "http://cubscouts.org/wp-login.php" "Mozilla/5.0 (Windows NT 6.1; Win64; x64) AppleWebKit/537.36 (KHTML, like Gecko) Chrome/59.0.3071.115 Safari/537.36"
194.61.54.86 - - [03/Jul/2021:18:18:54 -0400] "POST /wp-login.php HTTP/1.1" 200 12521 "http://cubscouts.org/wp-login.php" "Mozilla/5.0 (Windows NT 6.1; Win64; x64) AppleWebKit/537.36 (KHTML, like Gecko) Chrome/59.0.3071.115 Safari/537.36"
194.61.54.86 - - [03/Jul/2021:18:18:54 -0400] "POST /wp-login.php HTTP/1.1" 200 12521 "http://cubscouts.org/wp-login.php" "Mozilla/5.0 (Windows NT 6.1; Win64; x64) AppleWebKit/537.36 (KHTML, like Gecko) Chrome/59.0.3071.115 Safari/537.36"
35.227.106.42 - - [03/Jul/2021:18:26:17 -0400] "GET /robots.txt HTTP/1.0" 301 563 "-" "ZoominfoBot (zoominfobot at zoominfo dot com)"
35.227.106.42 - - [03/Jul/2021:18:26:17 -0400] "GET /robots.txt HTTP/1.1" 404 5792 "-" "ZoominfoBot (zoominfobot at zoominfo dot com)"
35.227.106.42 - - [03/Jul/2021:18:26:17 -0400] "GET /wp-login.php HTTP/1.0" 301 567 "-" "ZoominfoBot (zoominfobot at zoominfo dot com)"
35.227.106.42 - - [03/Jul/2021:18:26:17 -0400] "GET /robots.txt HTTP/1.0" 404 481 "-" "ZoominfoBot (zoominfobot at zoominfo dot com)"
204.48.19.85 - - [03/Jul/2021:18:26:18 -0400] "POST /wp-cron.php?doing_wp_cron=1625351178.7879600524902343750000 HTTP/1.1" 200 6229 "https://bubandcompany.com/wp-cron.php?doing_wp_cron=1625351178.7879600524902343750000" "WordPress/5.7.2; https://bubandcompany.com"
35.227.106.42 - - [03/Jul/2021:18:26:17 -0400] "GET /wp-login.php HTTP/1.0" 200 3001 "-" "ZoominfoBot (zoominfobot at zoominfo dot com)"
204.48.19.85 - - [03/Jul/2021:18:34:54 -0400] "POST /wp-cron.php?doing_wp_cron=1625351694.7739961147308349609375 HTTP/1.1" 200 6229 "https://bubandcompany.com/wp-cron.php?doing_wp_cron=1625351694.7739961147308349609375" "WordPress/5.7.2; https://bubandcompany.com"
35.227.106.42 - - [03/Jul/2021:18:34:53 -0400] "GET /wp-login.php HTTP/1.0" 200 8198 "-" "ZoominfoBot (zoominfobot at zoominfo dot com)"
23.228.109.147 - - [03/Jul/2021:18:35:09 -0400] "GET /wp-content/plugins/Tevolution/tmplconnector/monetize/templatic-custom_fields/css/jquery.lightbox-0.5.css HTTP/1.1" 301 751 "http://www.google.com/" "Mozilla/5.0 (Windows NT 6.1; Win64; x64) AppleWebKit/537.36 (KHTML, like Gecko) Chrome/56.0.2896.3 Safari/537.36"
23.228.109.147 - - [03/Jul/2021:18:35:09 -0400] "GET /wp-content/plugins/Tevolution/tmplconnector/monetize/templatic-custom_fields/css/jquery.lightbox-0.5.css HTTP/1.1" 404 6022 "http://www.google.com/" "Mozilla/5.0 (Windows NT 6.1; Win64; x64) AppleWebKit/537.36 (KHTML, like Gecko) Chrome/56.0.2896.3 Safari/537.36"
54.36.149.69 - - [03/Jul/2021:18:40:26 -0400] "GET /robots.txt HTTP/1.1" 404 6540 "-" "Mozilla/5.0 (compatible; AhrefsBot/7.0; +http://ahrefs.com/robot/)"
204.48.19.85 - - [03/Jul/2021:18:40:29 -0400] "POST /wp-cron.php?doing_wp_cron=1625352029.2894558906555175781250 HTTP/1.1" 200 6229 "https://bubandcompany.com/wp-cron.php?doing_wp_cron=1625352029.2894558906555175781250" "WordPress/5.7.2; https://bubandcompany.com"
54.36.148.144 - - [03/Jul/2021:18:40:28 -0400] "GET / HTTP/1.1" 200 7135 "-" "Mozilla/5.0 (compatible; AhrefsBot/7.0; +http://ahrefs.com/robot/)"
173.252.87.120 - - [03/Jul/2021:18:52:27 -0400] "GET /wp-content/uploads/2020/05/Bub-Co-Logo-e1588470311861.png HTTP/1.1" 200 99560 "-" "cortex/1.0"
69.171.251.24 - - [03/Jul/2021:18:52:27 -0400] "GET /index.php/face-wear/ HTTP/1.1" 206 7191 "-" "facebookexternalhit/1.1 (+http://www.facebook.com/externalhit_uatext.php)"
69.171.251.10 - - [03/Jul/2021:18:52:27 -0400] "GET /index.php/face-wear/ HTTP/1.1" 206 7191 "-" "facebookexternalhit/1.1 (+http://www.facebook.com/externalhit_uatext.php)"
69.171.251.24 - - [03/Jul/2021:18:52:27 -0400] "GET /index.php/face-wear/ HTTP/1.1" 206 7191 "-" "facebookexternalhit/1.1 (+http://www.facebook.com/externalhit_uatext.php)"
69.171.251.24 - - [03/Jul/2021:18:52:27 -0400] "GET /index.php/face-wear/ HTTP/1.1" 206 7191 "-" "facebookexternalhit/1.1 (+http://www.facebook.com/externalhit_uatext.php)"
69.171.251.24 - - [03/Jul/2021:18:52:27 -0400] "GET /index.php/face-wear/ HTTP/1.1" 206 7191 "-" "facebookexternalhit/1.1 (+http://www.facebook.com/externalhit_uatext.php)"
69.171.251.118 - - [03/Jul/2021:18:52:27 -0400] "GET /index.php/face-wear/ HTTP/1.1" 206 7191 "-" "facebookexternalhit/1.1 (+http://www.facebook.com/externalhit_uatext.php)"
69.171.251.10 - - [03/Jul/2021:18:52:27 -0400] "GET /index.php/face-wear/ HTTP/1.1" 206 7191 "-" "facebookexternalhit/1.1 (+http://www.facebook.com/externalhit_uatext.php)"
69.171.251.24 - - [03/Jul/2021:18:52:27 -0400] "GET /index.php/face-wear/ HTTP/1.1" 206 7191 "-" "facebookexternalhit/1.1 (+http://www.facebook.com/externalhit_uatext.php)"
69.171.251.118 - - [03/Jul/2021:18:52:27 -0400] "GET /index.php/face-wear/ HTTP/1.1" 206 7191 "-" "facebookexternalhit/1.1 (+http://www.facebook.com/externalhit_uatext.php)"
69.171.251.112 - - [03/Jul/2021:18:52:28 -0400] "GET /index.php/face-wear/ HTTP/1.1" 206 7191 "-" "facebookexternalhit/1.1 (+http://www.facebook.com/externalhit_uatext.php)"
69.171.251.8 - - [03/Jul/2021:18:52:28 -0400] "GET / HTTP/1.1" 206 7148 "-" "facebookexternalhit/1.1 (+http://www.facebook.com/externalhit_uatext.php)"
69.171.251.5 - - [03/Jul/2021:18:52:29 -0400] "GET /index.php/face-wear HTTP/1.1" 206 7191 "-" "facebookexternalhit/1.1 (+http://www.facebook.com/externalhit_uatext.php)"
204.48.19.85 - - [03/Jul/2021:18:52:30 -0400] "POST /wp-cron.php?doing_wp_cron=1625352750.4522678852081298828125 HTTP/1.1" 200 6229 "https://bubandcompany.com/wp-cron.php?doing_wp_cron=1625352750.4522678852081298828125" "WordPress/5.7.2; https://bubandcompany.com"
66.220.149.46 - - [03/Jul/2021:18:52:33 -0400] "GET /wp-content/uploads/2020/05/Bub-Co-Logo-e1588470311861.png HTTP/1.1" 200 99560 "-" "cortex/1.0"
69.171.251.5 - - [03/Jul/2021:18:52:35 -0400] "GET /wp-content/plugins/under-construction-page/themes/mad_designer/mad-designer.png HTTP/1.1" 200 168353 "-" "facebookexternalhit/1.1 (+http://www.facebook.com/externalhit_uatext.php)"
69.171.251.112 - - [03/Jul/2021:18:56:20 -0400] "GET /index.php/toddler-pocket-tees/ HTTP/1.1" 206 7098 "-" "facebookexternalhit/1.1 (+http://www.facebook.com/externalhit_uatext.php)"
204.48.19.85 - - [03/Jul/2021:18:56:21 -0400] "POST /wp-cron.php?doing_wp_cron=1625352981.6672160625457763671875 HTTP/1.1" 200 6229 "https://bubandcompany.com/wp-cron.php?doing_wp_cron=1625352981.6672160625457763671875" "WordPress/5.7.2; https://bubandcompany.com"
69.171.251.14 - - [03/Jul/2021:18:56:20 -0400] "GET /index.php/toddler-pocket-tees/ HTTP/1.1" 206 7098 "-" "facebookexternalhit/1.1 (+http://www.facebook.com/externalhit_uatext.php)"
173.252.127.16 - - [03/Jul/2021:18:56:26 -0400] "GET /wp-content/uploads/2020/04/Bub-Co-Logo-Web.png HTTP/1.1" 404 6504 "-" "facebookexternalhit/1.1 (+http://www.facebook.com/externalhit_uatext.php)"
128.199.21.230 - - [03/Jul/2021:18:58:25 -0400] "POST /wp-login.php HTTP/1.1" 200 10777 "-" "Mozilla/5.0 (Windows NT 6.1; Win64; x64) AppleWebKit/537.36 (KHTML, like Gecko) Chrome/78.0.3904.97 Safari/537.36"
103.104.117.173 - - [03/Jul/2021:19:18:49 -0400] "GET /wso.php HTTP/1.1" 301 538 "http://simplesite.com" "Mozilla/5.0 (Windows; U; Windows NT 5.1; en-US) AppleWebKit/533.4 (KHTML, like Gecko) Chrome/5.0.375.99 Safari/533.4"
103.104.117.173 - - [03/Jul/2021:19:18:51 -0400] "GET /wso.php HTTP/1.1" 404 5788 "http://bubandcompany.com/wso.php" "Mozilla/5.0 (Windows; U; Windows NT 5.1; en-US) AppleWebKit/533.4 (KHTML, like Gecko) Chrome/5.0.375.99 Safari/533.4"
103.104.117.173 - - [03/Jul/2021:19:18:53 -0400] "GET /wso.php HTTP/1.1" 301 538 "http://simplesite.com" "Mozilla/5.0 (Windows; U; Windows NT 5.1; en-US) AppleWebKit/533.4 (KHTML, like Gecko) Chrome/5.0.375.99 Safari/533.4"
103.104.117.173 - - [03/Jul/2021:19:18:56 -0400] "GET /wso.php HTTP/1.1" 404 5788 "http://bubandcompany.com/wso.php" "Mozilla/5.0 (Windows; U; Windows NT 5.1; en-US) AppleWebKit/533.4 (KHTML, like Gecko) Chrome/5.0.375.99 Safari/533.4"
95.79.181.121 - - [03/Jul/2021:19:35:21 -0400] "GET / HTTP/1.0" 301 543 "http://bubandcompany.com/" "Mozilla/5.0 (Windows NT 6.1; WOW64) AppleWebKit/537.36 (KHTML, like Gecko) Chrome/83.0.4102.0 Safari/537.36"
95.79.181.121 - - [03/Jul/2021:19:35:22 -0400] "GET / HTTP/1.0" 200 8189 "https://bubandcompany.com/" "Mozilla/5.0 (Windows NT 6.1; WOW64) AppleWebKit/537.36 (KHTML, like Gecko) Chrome/83.0.4102.0 Safari/537.36"
204.48.19.85 - - [03/Jul/2021:19:35:23 -0400] "POST /wp-cron.php?doing_wp_cron=1625355323.3280498981475830078125 HTTP/1.1" 200 6229 "https://bubandcompany.com/wp-cron.php?doing_wp_cron=1625355323.3280498981475830078125" "WordPress/5.7.2; https://bubandcompany.com"
204.48.19.85 - - [03/Jul/2021:19:41:35 -0400] "POST /wp-cron.php?doing_wp_cron=1625355695.9026660919189453125000 HTTP/1.1" 200 6229 "https://bubandcompany.com/wp-cron.php?doing_wp_cron=1625355695.9026660919189453125000" "WordPress/5.7.2; https://bubandcompany.com"
66.249.66.157 - - [03/Jul/2021:19:41:35 -0400] "GET /index.php/face-wear/ HTTP/1.1" 200 7187 "-" "Mozilla/5.0 (Linux; Android 6.0.1; Nexus 5X Build/MMB29P) AppleWebKit/537.36 (KHTML, like Gecko) Chrome/91.0.4472.90 Mobile Safari/537.36 (compatible; Googlebot/2.1; +http://www.google.com/bot.html)"
66.249.66.156 - - [03/Jul/2021:19:41:39 -0400] "GET /wp-content/plugins/under-construction-page/themes/css/common.css?v=3.88 HTTP/1.1" 200 6832 "https://bubandcompany.com/index.php/face-wear/" "Mozilla/5.0 (Linux; Android 6.0.1; Nexus 5X Build/MMB29P) AppleWebKit/537.36 (KHTML, like Gecko) Chrome/91.0.4472.90 Mobile Safari/537.36 (compatible; Googlebot/2.1; +http://www.google.com/bot.html)"
198.71.238.15 - - [03/Jul/2021:19:41:56 -0400] "GET /installer-backup.php HTTP/1.1" 404 5837 "-" "Mozilla/5.0 (Windows NT 10.0; Win64; x64) AppleWebKit/537.36 (KHTML, like Gecko) Chrome/70.0.3538.77 Safari/537.36"
198.71.238.15 - - [03/Jul/2021:19:41:56 -0400] "GET /installer.php HTTP/1.1" 404 5837 "-" "Mozilla/5.0 (Windows NT 10.0; Win64; x64) AppleWebKit/537.36 (KHTML, like Gecko) Chrome/70.0.3538.77 Safari/537.36"
81.88.52.58 - - [03/Jul/2021:21:08:34 -0400] "POST /wp-login.php HTTP/1.1" 200 10775 "-" "Mozilla/5.0 (Windows NT 10.0; Win64; x64) AppleWebKit/537.36 (KHTML, like Gecko) Chrome/87.0.4280.88 Safari/537.36"
54.36.149.77 - - [03/Jul/2021:21:39:28 -0400] "GET /robots.txt HTTP/1.1" 404 6504 "-" "Mozilla/5.0 (compatible; AhrefsBot/7.0; +http://ahrefs.com/robot/)"
54.36.149.91 - - [03/Jul/2021:21:39:30 -0400] "GET / HTTP/1.1" 200 7103 "-" "Mozilla/5.0 (compatible; AhrefsBot/7.0; +http://ahrefs.com/robot/)"
