203.6.149.115 - - [01/Jul/2021:21:24:58 -0400] "GET /wp-login.php HTTP/1.1" 200 7271 "-" "Mozilla/5.0 (X11; Ubuntu; Linux x86_64; rv:62.0) Gecko/20100101 Firefox/62.0"
203.6.149.115 - - [01/Jul/2021:21:24:59 -0400] "POST /wp-login.php HTTP/1.1" 200 7393 "-" "Mozilla/5.0 (X11; Ubuntu; Linux x86_64; rv:62.0) Gecko/20100101 Firefox/62.0"
203.6.149.115 - - [01/Jul/2021:21:25:00 -0400] "POST /xmlrpc.php HTTP/1.1" 200 4981 "-" "Mozilla/5.0 (X11; Ubuntu; Linux x86_64; rv:62.0) Gecko/20100101 Firefox/62.0"
64.20.61.52 - - [01/Jul/2021:21:25:47 -0400] "POST /wp-cron.php?doing_wp_cron=1625189147.7124080657958984375000 HTTP/1.1" 301 673 "-" "WordPress/5.7.2; http://daniewatsonwriter.com"
31.130.202.240 - - [01/Jul/2021:21:31:17 -0400] "GET /wp-login.php HTTP/1.1" 200 7271 "-" "Mozilla/5.0 (X11; Ubuntu; Linux x86_64; rv:62.0) Gecko/20100101 Firefox/62.0"
31.130.202.240 - - [01/Jul/2021:21:31:17 -0400] "POST /wp-login.php HTTP/1.1" 200 7393 "-" "Mozilla/5.0 (X11; Ubuntu; Linux x86_64; rv:62.0) Gecko/20100101 Firefox/62.0"
31.130.202.240 - - [01/Jul/2021:21:31:18 -0400] "POST /xmlrpc.php HTTP/1.1" 200 4981 "-" "Mozilla/5.0 (X11; Ubuntu; Linux x86_64; rv:62.0) Gecko/20100101 Firefox/62.0"
185.2.5.47 - - [01/Jul/2021:21:31:57 -0400] "POST /wp-login.php HTTP/1.1" 200 8098 "-" "Mozilla/5.0 (Windows NT 10.0; WOW64) AppleWebKit/537.36 (KHTML, like Gecko) Chrome/47.0.2526.106 Safari/537.36"
64.20.61.52 - - [01/Jul/2021:21:32:00 -0400] "POST /wp-cron.php?doing_wp_cron=1625189520.7880361080169677734375 HTTP/1.1" 301 673 "-" "WordPress/5.7.2; http://daniewatsonwriter.com"
104.196.127.152 - - [01/Jul/2021:21:33:18 -0400] "GET /robots.txt HTTP/1.0" 404 5010 "-" "ZoominfoBot (zoominfobot at zoominfo dot com)"
104.196.127.152 - - [01/Jul/2021:21:33:18 -0400] "GET /index.php/feed/ HTTP/1.0" 200 2096 "-" "ZoominfoBot (zoominfobot at zoominfo dot com)"
104.196.127.152 - - [01/Jul/2021:21:33:23 -0400] "GET /xmlrpc.php HTTP/1.0" 405 4784 "-" "ZoominfoBot (zoominfobot at zoominfo dot com)"
104.196.127.152 - - [01/Jul/2021:21:33:28 -0400] "GET /index.php/teaching/ HTTP/1.0" 200 9836 "-" "ZoominfoBot (zoominfobot at zoominfo dot com)"
103.28.37.16 - - [01/Jul/2021:21:36:54 -0400] "GET /wp-login.php HTTP/1.1" 200 7271 "-" "Mozilla/5.0 (X11; Ubuntu; Linux x86_64; rv:62.0) Gecko/20100101 Firefox/62.0"
103.28.37.16 - - [01/Jul/2021:21:36:55 -0400] "POST /wp-login.php HTTP/1.1" 200 7393 "-" "Mozilla/5.0 (X11; Ubuntu; Linux x86_64; rv:62.0) Gecko/20100101 Firefox/62.0"
103.28.37.16 - - [01/Jul/2021:21:36:56 -0400] "POST /xmlrpc.php HTTP/1.1" 200 4981 "-" "Mozilla/5.0 (X11; Ubuntu; Linux x86_64; rv:62.0) Gecko/20100101 Firefox/62.0"
64.20.61.52 - - [01/Jul/2021:21:37:01 -0400] "POST /wp-cron.php?doing_wp_cron=1625189821.8738770484924316406250 HTTP/1.1" 301 673 "-" "WordPress/5.7.2; http://daniewatsonwriter.com"
106.12.192.127 - - [01/Jul/2021:21:39:36 -0400] "POST /wp-login.php HTTP/1.1" 200 8096 "-" "Mozilla/5.0 (Windows NT 10.0; Win64; x64) AppleWebKit/537.36 (KHTML, like Gecko) Chrome/73.0.3683.75 Safari/537.36"
104.196.127.152 - - [01/Jul/2021:21:40:04 -0400] "GET /index.php/readings-and-publications/ HTTP/1.0" 200 10260 "-" "ZoominfoBot (zoominfobot at zoominfo dot com)"
64.20.61.52 - - [01/Jul/2021:21:42:22 -0400] "POST /wp-cron.php?doing_wp_cron=1625190142.8809669017791748046875 HTTP/1.1" 301 673 "-" "WordPress/5.7.2; http://daniewatsonwriter.com"
195.201.172.76 - - [01/Jul/2021:21:48:08 -0400] "GET /wp-login.php HTTP/1.1" 200 7271 "-" "Mozilla/5.0 (X11; Ubuntu; Linux x86_64; rv:62.0) Gecko/20100101 Firefox/62.0"
195.201.172.76 - - [01/Jul/2021:21:48:08 -0400] "POST /wp-login.php HTTP/1.1" 200 7393 "-" "Mozilla/5.0 (X11; Ubuntu; Linux x86_64; rv:62.0) Gecko/20100101 Firefox/62.0"
195.201.172.76 - - [01/Jul/2021:21:48:09 -0400] "POST /xmlrpc.php HTTP/1.1" 200 4981 "-" "Mozilla/5.0 (X11; Ubuntu; Linux x86_64; rv:62.0) Gecko/20100101 Firefox/62.0"
64.20.61.52 - - [01/Jul/2021:21:49:06 -0400] "POST /wp-cron.php?doing_wp_cron=1625190546.8245210647583007812500 HTTP/1.1" 301 673 "-" "WordPress/5.7.2; http://daniewatsonwriter.com"
159.89.32.217 - - [01/Jul/2021:21:53:43 -0400] "GET /wp-login.php HTTP/1.1" 200 7271 "-" "Mozilla/5.0 (X11; Ubuntu; Linux x86_64; rv:62.0) Gecko/20100101 Firefox/62.0"
159.89.32.217 - - [01/Jul/2021:21:53:44 -0400] "POST /wp-login.php HTTP/1.1" 200 7393 "-" "Mozilla/5.0 (X11; Ubuntu; Linux x86_64; rv:62.0) Gecko/20100101 Firefox/62.0"
159.89.32.217 - - [01/Jul/2021:21:53:44 -0400] "POST /xmlrpc.php HTTP/1.1" 200 4981 "-" "Mozilla/5.0 (X11; Ubuntu; Linux x86_64; rv:62.0) Gecko/20100101 Firefox/62.0"
64.20.61.52 - - [01/Jul/2021:21:54:22 -0400] "POST /wp-cron.php?doing_wp_cron=1625190862.4034450054168701171875 HTTP/1.1" 301 673 "-" "WordPress/5.7.2; http://daniewatsonwriter.com"
104.196.127.152 - - [01/Jul/2021:21:57:10 -0400] "GET /index.php/about/ HTTP/1.0" 200 10798 "-" "ZoominfoBot (zoominfobot at zoominfo dot com)"
135.181.58.27 - - [01/Jul/2021:21:57:47 -0400] "GET /wp-login.php HTTP/1.1" 200 7271 "-" "Mozilla/5.0 (X11; Ubuntu; Linux x86_64; rv:62.0) Gecko/20100101 Firefox/62.0"
135.181.58.27 - - [01/Jul/2021:21:57:47 -0400] "POST /wp-login.php HTTP/1.1" 200 7393 "-" "Mozilla/5.0 (X11; Ubuntu; Linux x86_64; rv:62.0) Gecko/20100101 Firefox/62.0"
135.181.58.27 - - [01/Jul/2021:21:57:47 -0400] "POST /xmlrpc.php HTTP/1.1" 200 4981 "-" "Mozilla/5.0 (X11; Ubuntu; Linux x86_64; rv:62.0) Gecko/20100101 Firefox/62.0"
104.196.127.152 - - [01/Jul/2021:21:58:36 -0400] "GET /index.php/comments/feed/ HTTP/1.0" 200 5388 "-" "ZoominfoBot (zoominfobot at zoominfo dot com)"
64.20.61.52 - - [01/Jul/2021:21:59:35 -0400] "POST /wp-cron.php?doing_wp_cron=1625191175.2069740295410156250000 HTTP/1.1" 301 673 "-" "WordPress/5.7.2; http://daniewatsonwriter.com"
45.76.138.158 - - [01/Jul/2021:22:04:51 -0400] "GET /wp-login.php HTTP/1.1" 200 7271 "-" "Mozilla/5.0 (X11; Ubuntu; Linux x86_64; rv:62.0) Gecko/20100101 Firefox/62.0"
45.76.138.158 - - [01/Jul/2021:22:04:51 -0400] "POST /wp-login.php HTTP/1.1" 200 7393 "-" "Mozilla/5.0 (X11; Ubuntu; Linux x86_64; rv:62.0) Gecko/20100101 Firefox/62.0"
45.76.138.158 - - [01/Jul/2021:22:04:51 -0400] "POST /xmlrpc.php HTTP/1.1" 200 4981 "-" "Mozilla/5.0 (X11; Ubuntu; Linux x86_64; rv:62.0) Gecko/20100101 Firefox/62.0"
91.218.15.59 - - [01/Jul/2021:22:05:32 -0400] "GET /wp-login.php HTTP/1.1" 301 616 "http://daniewatsonwriter.com/wp-login.php" "Mozilla/5.0 (Windows NT 10.0; WOW64) AppleWebKit/537.36 (KHTML, like Gecko) Chrome/62.0.3198.0 Safari/537.36 OPR/49.0.2711.0"
91.218.15.59 - - [01/Jul/2021:22:05:32 -0400] "GET /wp-login.php HTTP/1.1" 301 615 "http://daniewatsonwriter.com/wp-login.php" "Mozilla/5.0 (Windows NT 10.0; WOW64) AppleWebKit/537.36 (KHTML, like Gecko) Chrome/62.0.3198.0 Safari/537.36 OPR/49.0.2711.0"
91.218.15.59 - - [01/Jul/2021:22:05:32 -0400] "GET /wp-login.php HTTP/1.1" 301 615 "http://daniewatsonwriter.com/wp-login.php" "Mozilla/5.0 (Windows NT 10.0; WOW64) AppleWebKit/537.36 (KHTML, like Gecko) Chrome/62.0.3198.0 Safari/537.36 OPR/49.0.2711.0"
64.20.61.52 - - [01/Jul/2021:22:05:56 -0400] "POST /wp-cron.php?doing_wp_cron=1625191556.9269540309906005859375 HTTP/1.1" 301 673 "-" "WordPress/5.7.2; http://daniewatsonwriter.com"
204.48.19.85 - - [01/Jul/2021:22:10:44 -0400] "POST /wp-cron.php?doing_wp_cron=1625191844.7947080135345458984375 HTTP/1.1" 200 5456 "https://daniewatsonwriter.com/wp-cron.php?doing_wp_cron=1625191844.7947080135345458984375" "WordPress/5.7.2; https://daniewatsonwriter.com"
50.116.97.51 - - [01/Jul/2021:22:10:44 -0400] "GET /wp-login.php HTTP/1.1" 200 7271 "-" "Mozilla/5.0 (X11; Ubuntu; Linux x86_64; rv:62.0) Gecko/20100101 Firefox/62.0"
50.116.97.51 - - [01/Jul/2021:22:10:45 -0400] "POST /wp-login.php HTTP/1.1" 200 7393 "-" "Mozilla/5.0 (X11; Ubuntu; Linux x86_64; rv:62.0) Gecko/20100101 Firefox/62.0"
50.116.97.51 - - [01/Jul/2021:22:10:47 -0400] "POST /xmlrpc.php HTTP/1.1" 200 4981 "-" "Mozilla/5.0 (X11; Ubuntu; Linux x86_64; rv:62.0) Gecko/20100101 Firefox/62.0"
64.20.61.52 - - [01/Jul/2021:22:11:08 -0400] "POST /wp-cron.php?doing_wp_cron=1625191868.8812448978424072265625 HTTP/1.1" 301 673 "-" "WordPress/5.7.2; http://daniewatsonwriter.com"
104.196.127.152 - - [01/Jul/2021:22:15:56 -0400] "GET /xmlrpc.php?rsd HTTP/1.0" 200 5074 "-" "ZoominfoBot (zoominfobot at zoominfo dot com)"
139.59.176.201 - - [01/Jul/2021:22:16:21 -0400] "GET /wp-login.php HTTP/1.1" 200 7271 "-" "Mozilla/5.0 (X11; Ubuntu; Linux x86_64; rv:62.0) Gecko/20100101 Firefox/62.0"
139.59.176.201 - - [01/Jul/2021:22:16:27 -0400] "POST /wp-login.php HTTP/1.1" 200 7393 "-" "Mozilla/5.0 (X11; Ubuntu; Linux x86_64; rv:62.0) Gecko/20100101 Firefox/62.0"
139.59.176.201 - - [01/Jul/2021:22:16:27 -0400] "POST /xmlrpc.php HTTP/1.1" 200 4981 "-" "Mozilla/5.0 (X11; Ubuntu; Linux x86_64; rv:62.0) Gecko/20100101 Firefox/62.0"
64.20.61.52 - - [01/Jul/2021:22:17:44 -0400] "POST /wp-cron.php?doing_wp_cron=1625192264.2100350856781005859375 HTTP/1.1" 301 673 "-" "WordPress/5.7.2; http://daniewatsonwriter.com"
64.20.61.52 - - [01/Jul/2021:22:21:15 -0400] "POST /wp-cron.php?doing_wp_cron=1625192475.5757548809051513671875 HTTP/1.1" 301 673 "-" "WordPress/5.7.2; http://daniewatsonwriter.com"
194.5.175.81 - - [01/Jul/2021:22:23:07 -0400] "GET /wp-login.php HTTP/1.1" 200 7271 "-" "Mozilla/5.0 (X11; Ubuntu; Linux x86_64; rv:62.0) Gecko/20100101 Firefox/62.0"
194.5.175.81 - - [01/Jul/2021:22:23:08 -0400] "POST /wp-login.php HTTP/1.1" 200 7393 "-" "Mozilla/5.0 (X11; Ubuntu; Linux x86_64; rv:62.0) Gecko/20100101 Firefox/62.0"
194.5.175.81 - - [01/Jul/2021:22:23:09 -0400] "POST /xmlrpc.php HTTP/1.1" 200 4981 "-" "Mozilla/5.0 (X11; Ubuntu; Linux x86_64; rv:62.0) Gecko/20100101 Firefox/62.0"
64.20.61.52 - - [01/Jul/2021:22:25:55 -0400] "POST /wp-cron.php?doing_wp_cron=1625192755.7463450431823730468750 HTTP/1.1" 301 673 "-" "WordPress/5.7.2; http://daniewatsonwriter.com"
64.20.61.52 - - [01/Jul/2021:22:28:09 -0400] "POST /wp-cron.php?doing_wp_cron=1625192889.8987720012664794921875 HTTP/1.1" 301 673 "-" "WordPress/5.7.2; http://daniewatsonwriter.com"
64.20.61.52 - - [01/Jul/2021:22:30:35 -0400] "POST /wp-cron.php?doing_wp_cron=1625193035.3933250904083251953125 HTTP/1.1" 301 673 "-" "WordPress/5.7.2; http://daniewatsonwriter.com"
114.119.137.65 - - [01/Jul/2021:22:31:06 -0400] "GET /robots.txt HTTP/1.1" 301 612 "-" "Mozilla/5.0 (compatible;PetalBot;+https://webmaster.petalsearch.com/site/petalbot)"
114.119.137.65 - - [01/Jul/2021:22:31:07 -0400] "GET /robots.txt HTTP/1.1" 404 5059 "-" "Mozilla/5.0 (compatible;PetalBot;+https://webmaster.petalsearch.com/site/petalbot)"
158.69.52.131 - - [01/Jul/2021:22:32:26 -0400] "GET /wp-login.php HTTP/1.1" 200 7271 "-" "Mozilla/5.0 (X11; Ubuntu; Linux x86_64; rv:62.0) Gecko/20100101 Firefox/62.0"
158.69.52.131 - - [01/Jul/2021:22:32:26 -0400] "POST /wp-login.php HTTP/1.1" 200 7393 "-" "Mozilla/5.0 (X11; Ubuntu; Linux x86_64; rv:62.0) Gecko/20100101 Firefox/62.0"
158.69.52.131 - - [01/Jul/2021:22:32:26 -0400] "POST /xmlrpc.php HTTP/1.1" 200 4981 "-" "Mozilla/5.0 (X11; Ubuntu; Linux x86_64; rv:62.0) Gecko/20100101 Firefox/62.0"
64.20.61.52 - - [01/Jul/2021:22:32:50 -0400] "POST /wp-cron.php?doing_wp_cron=1625193170.4387741088867187500000 HTTP/1.1" 301 673 "-" "WordPress/5.7.2; http://daniewatsonwriter.com"
202.172.26.22 - - [01/Jul/2021:22:34:25 -0400] "POST /wp-login.php HTTP/1.1" 200 8098 "-" "Mozilla/5.0 (Windows NT 6.1) AppleWebKit/537.36 (KHTML, like Gecko) Chrome/65.0.3325.181 Safari/537.36"
64.20.61.52 - - [01/Jul/2021:22:34:47 -0400] "POST /wp-cron.php?doing_wp_cron=1625193287.6799669265747070312500 HTTP/1.1" 200 4905 "-" "WordPress/5.7.2; https://daniewatsonwriter.com"
193.118.53.194 - - [01/Jul/2021:22:34:48 -0400] "GET / HTTP/1.1" 200 10347 "https://64.20.61.52/" "Mozilla/5.0 (Windows NT 10.0; Win64; x64) AppleWebKit/537.36 (KHTML, like Gecko) Chrome/60.0.3112.113 Safari/537.36"
104.196.127.152 - - [01/Jul/2021:22:35:46 -0400] "GET /index.php/lets-write-together/ HTTP/1.0" 200 9681 "-" "ZoominfoBot (zoominfobot at zoominfo dot com)"
104.196.127.152 - - [01/Jul/2021:22:38:45 -0400] "GET /index.php/social-media-management/ HTTP/1.0" 200 9871 "-" "ZoominfoBot (zoominfobot at zoominfo dot com)"
64.20.61.52 - - [01/Jul/2021:22:38:58 -0400] "POST /wp-cron.php?doing_wp_cron=1625193538.1426939964294433593750 HTTP/1.1" 301 673 "-" "WordPress/5.7.2; http://daniewatsonwriter.com"
210.212.250.39 - - [01/Jul/2021:22:39:08 -0400] "GET /wp-login.php HTTP/1.1" 200 7271 "-" "Mozilla/5.0 (X11; Ubuntu; Linux x86_64; rv:62.0) Gecko/20100101 Firefox/62.0"
210.212.250.39 - - [01/Jul/2021:22:39:09 -0400] "POST /wp-login.php HTTP/1.1" 200 7393 "-" "Mozilla/5.0 (X11; Ubuntu; Linux x86_64; rv:62.0) Gecko/20100101 Firefox/62.0"
210.212.250.39 - - [01/Jul/2021:22:39:10 -0400] "POST /xmlrpc.php HTTP/1.1" 200 4981 "-" "Mozilla/5.0 (X11; Ubuntu; Linux x86_64; rv:62.0) Gecko/20100101 Firefox/62.0"
180.76.185.20 - - [01/Jul/2021:22:42:09 -0400] "POST /wp-login.php HTTP/1.1" 200 8096 "-" "Mozilla/5.0 (Windows NT 6.1; Win64; x64) AppleWebKit/537.36 (KHTML, like Gecko) Chrome/78.0.3904.97 Safari/537.36"
88.99.218.140 - - [01/Jul/2021:22:43:51 -0400] "GET /wp-login.php HTTP/1.1" 200 7271 "-" "Mozilla/5.0 (X11; Ubuntu; Linux x86_64; rv:62.0) Gecko/20100101 Firefox/62.0"
88.99.218.140 - - [01/Jul/2021:22:43:52 -0400] "POST /wp-login.php HTTP/1.1" 200 7393 "-" "Mozilla/5.0 (X11; Ubuntu; Linux x86_64; rv:62.0) Gecko/20100101 Firefox/62.0"
88.99.218.140 - - [01/Jul/2021:22:43:52 -0400] "POST /xmlrpc.php HTTP/1.1" 200 4981 "-" "Mozilla/5.0 (X11; Ubuntu; Linux x86_64; rv:62.0) Gecko/20100101 Firefox/62.0"
64.20.61.52 - - [01/Jul/2021:22:44:33 -0400] "POST /wp-cron.php?doing_wp_cron=1625193873.8474509716033935546875 HTTP/1.1" 301 673 "-" "WordPress/5.7.2; http://daniewatsonwriter.com"
65.21.145.128 - - [01/Jul/2021:22:49:08 -0400] "GET /wp-login.php HTTP/1.1" 200 7271 "-" "Mozilla/5.0 (X11; Ubuntu; Linux x86_64; rv:62.0) Gecko/20100101 Firefox/62.0"
65.21.145.128 - - [01/Jul/2021:22:49:08 -0400] "POST /wp-login.php HTTP/1.1" 200 7393 "-" "Mozilla/5.0 (X11; Ubuntu; Linux x86_64; rv:62.0) Gecko/20100101 Firefox/62.0"
65.21.145.128 - - [01/Jul/2021:22:49:09 -0400] "POST /xmlrpc.php HTTP/1.1" 200 4981 "-" "Mozilla/5.0 (X11; Ubuntu; Linux x86_64; rv:62.0) Gecko/20100101 Firefox/62.0"
40.77.167.55 - - [01/Jul/2021:22:49:26 -0400] "GET /robots.txt HTTP/1.1" 404 5242 "-" "Mozilla/5.0 (compatible; bingbot/2.0; +http://www.bing.com/bingbot.htm)"
40.77.167.55 - - [01/Jul/2021:22:49:26 -0400] "GET /robots.txt HTTP/1.1" 404 5289 "-" "Mozilla/5.0 (compatible; bingbot/2.0; +http://www.bing.com/bingbot.htm)"
207.46.13.118 - - [01/Jul/2021:22:49:39 -0400] "GET / HTTP/1.1" 200 10600 "-" "Mozilla/5.0 (compatible; bingbot/2.0; +http://www.bing.com/bingbot.htm)"
64.20.61.52 - - [01/Jul/2021:22:50:07 -0400] "POST /wp-cron.php?doing_wp_cron=1625194206.9578340053558349609375 HTTP/1.1" 301 673 "-" "WordPress/5.7.2; http://daniewatsonwriter.com"
64.20.61.52 - - [01/Jul/2021:22:53:51 -0400] "POST /wp-cron.php?doing_wp_cron=1625194431.2597539424896240234375 HTTP/1.1" 301 673 "-" "WordPress/5.7.2; http://daniewatsonwriter.com"
45.76.138.158 - - [01/Jul/2021:22:55:27 -0400] "GET /wp-login.php HTTP/1.1" 200 7271 "-" "Mozilla/5.0 (X11; Ubuntu; Linux x86_64; rv:62.0) Gecko/20100101 Firefox/62.0"
45.76.138.158 - - [01/Jul/2021:22:55:27 -0400] "POST /wp-login.php HTTP/1.1" 200 7393 "-" "Mozilla/5.0 (X11; Ubuntu; Linux x86_64; rv:62.0) Gecko/20100101 Firefox/62.0"
45.76.138.158 - - [01/Jul/2021:22:55:27 -0400] "POST /xmlrpc.php HTTP/1.1" 200 4981 "-" "Mozilla/5.0 (X11; Ubuntu; Linux x86_64; rv:62.0) Gecko/20100101 Firefox/62.0"
64.20.61.52 - - [01/Jul/2021:22:56:03 -0400] "POST /wp-cron.php?doing_wp_cron=1625194563.2863640785217285156250 HTTP/1.1" 301 673 "-" "WordPress/5.7.2; http://daniewatsonwriter.com"
64.20.61.52 - - [01/Jul/2021:22:58:05 -0400] "POST /wp-cron.php?doing_wp_cron=1625194685.6531250476837158203125 HTTP/1.1" 200 4905 "-" "WordPress/5.7.2; https://daniewatsonwriter.com"
157.90.181.209 - - [01/Jul/2021:23:01:13 -0400] "GET /wp-login.php HTTP/1.1" 200 7271 "-" "Mozilla/5.0 (X11; Ubuntu; Linux x86_64; rv:62.0) Gecko/20100101 Firefox/62.0"
157.90.181.209 - - [01/Jul/2021:23:01:14 -0400] "POST /wp-login.php HTTP/1.1" 200 7393 "-" "Mozilla/5.0 (X11; Ubuntu; Linux x86_64; rv:62.0) Gecko/20100101 Firefox/62.0"
157.90.181.209 - - [01/Jul/2021:23:01:14 -0400] "POST /xmlrpc.php HTTP/1.1" 200 4981 "-" "Mozilla/5.0 (X11; Ubuntu; Linux x86_64; rv:62.0) Gecko/20100101 Firefox/62.0"
64.20.61.52 - - [01/Jul/2021:23:02:11 -0400] "POST /wp-cron.php?doing_wp_cron=1625194931.3156459331512451171875 HTTP/1.1" 301 673 "-" "WordPress/5.7.2; http://daniewatsonwriter.com"
203.195.137.159 - - [01/Jul/2021:23:06:39 -0400] "GET /wp-login.php HTTP/1.1" 200 7271 "-" "Mozilla/5.0 (X11; Ubuntu; Linux x86_64; rv:62.0) Gecko/20100101 Firefox/62.0"
203.195.137.159 - - [01/Jul/2021:23:06:40 -0400] "POST /wp-login.php HTTP/1.1" 200 7393 "-" "Mozilla/5.0 (X11; Ubuntu; Linux x86_64; rv:62.0) Gecko/20100101 Firefox/62.0"
203.195.137.159 - - [01/Jul/2021:23:06:41 -0400] "POST /xmlrpc.php HTTP/1.1" 200 4981 "-" "Mozilla/5.0 (X11; Ubuntu; Linux x86_64; rv:62.0) Gecko/20100101 Firefox/62.0"
64.20.61.52 - - [01/Jul/2021:23:07:17 -0400] "POST /wp-cron.php?doing_wp_cron=1625195237.1666951179504394531250 HTTP/1.1" 301 673 "-" "WordPress/5.7.2; http://daniewatsonwriter.com"
204.48.19.85 - - [01/Jul/2021:23:13:17 -0400] "POST /wp-cron.php?doing_wp_cron=1625195597.5423760414123535156250 HTTP/1.1" 200 5456 "https://daniewatsonwriter.com/wp-cron.php?doing_wp_cron=1625195597.5423760414123535156250" "WordPress/5.7.2; https://daniewatsonwriter.com"
203.34.37.39 - - [01/Jul/2021:23:13:17 -0400] "GET /wp-login.php HTTP/1.1" 200 7271 "-" "Mozilla/5.0 (X11; Ubuntu; Linux x86_64; rv:62.0) Gecko/20100101 Firefox/62.0"
203.34.37.39 - - [01/Jul/2021:23:13:18 -0400] "POST /wp-login.php HTTP/1.1" 200 7393 "-" "Mozilla/5.0 (X11; Ubuntu; Linux x86_64; rv:62.0) Gecko/20100101 Firefox/62.0"
203.34.37.39 - - [01/Jul/2021:23:13:19 -0400] "POST /xmlrpc.php HTTP/1.1" 200 4981 "-" "Mozilla/5.0 (X11; Ubuntu; Linux x86_64; rv:62.0) Gecko/20100101 Firefox/62.0"
64.20.61.52 - - [01/Jul/2021:23:13:24 -0400] "POST /wp-cron.php?doing_wp_cron=1625195604.8142828941345214843750 HTTP/1.1" 301 673 "-" "WordPress/5.7.2; http://daniewatsonwriter.com"
51.15.18.193 - - [01/Jul/2021:23:18:32 -0400] "GET /wp-login.php HTTP/1.1" 200 7271 "-" "Mozilla/5.0 (X11; Ubuntu; Linux x86_64; rv:62.0) Gecko/20100101 Firefox/62.0"
51.15.18.193 - - [01/Jul/2021:23:18:32 -0400] "POST /wp-login.php HTTP/1.1" 200 7393 "-" "Mozilla/5.0 (X11; Ubuntu; Linux x86_64; rv:62.0) Gecko/20100101 Firefox/62.0"
51.15.18.193 - - [01/Jul/2021:23:18:32 -0400] "POST /xmlrpc.php HTTP/1.1" 200 4981 "-" "Mozilla/5.0 (X11; Ubuntu; Linux x86_64; rv:62.0) Gecko/20100101 Firefox/62.0"
204.48.19.85 - - [01/Jul/2021:23:30:51 -0400] "GET / HTTP/1.1" 200 11051 "https://daniewatsonwriter.com/" "WordPress/5.7.2; https://daniewatsonwriter.com"
204.48.19.85 - - [01/Jul/2021:23:30:51 -0400] "POST /wp-cron.php?doing_wp_cron=1625196651.5454111099243164062500 HTTP/1.1" 200 5456 "https://daniewatsonwriter.com/wp-cron.php?doing_wp_cron=1625196651.5454111099243164062500" "WordPress/5.7.2; https://daniewatsonwriter.com"
209.222.96.146 - - [01/Jul/2021:23:30:51 -0400] "GET /wp-login.php HTTP/1.1" 200 7271 "-" "Mozilla/5.0 (X11; Ubuntu; Linux x86_64; rv:62.0) Gecko/20100101 Firefox/62.0"
209.222.96.146 - - [01/Jul/2021:23:30:51 -0400] "POST /wp-login.php HTTP/1.1" 200 7393 "-" "Mozilla/5.0 (X11; Ubuntu; Linux x86_64; rv:62.0) Gecko/20100101 Firefox/62.0"
209.222.96.146 - - [01/Jul/2021:23:30:51 -0400] "POST /xmlrpc.php HTTP/1.1" 200 4981 "-" "Mozilla/5.0 (X11; Ubuntu; Linux x86_64; rv:62.0) Gecko/20100101 Firefox/62.0"
64.20.61.52 - - [01/Jul/2021:23:31:11 -0400] "POST /wp-cron.php?doing_wp_cron=1625196671.6337599754333496093750 HTTP/1.1" 301 673 "-" "WordPress/5.7.2; http://daniewatsonwriter.com"
5.134.124.46 - - [01/Jul/2021:23:36:01 -0400] "GET /wp-login.php HTTP/1.1" 200 7271 "-" "Mozilla/5.0 (X11; Ubuntu; Linux x86_64; rv:62.0) Gecko/20100101 Firefox/62.0"
5.134.124.46 - - [01/Jul/2021:23:36:01 -0400] "POST /wp-login.php HTTP/1.1" 200 7393 "-" "Mozilla/5.0 (X11; Ubuntu; Linux x86_64; rv:62.0) Gecko/20100101 Firefox/62.0"
5.134.124.46 - - [01/Jul/2021:23:36:02 -0400] "POST /xmlrpc.php HTTP/1.1" 200 4981 "-" "Mozilla/5.0 (X11; Ubuntu; Linux x86_64; rv:62.0) Gecko/20100101 Firefox/62.0"
64.20.61.52 - - [01/Jul/2021:23:36:24 -0400] "POST /wp-cron.php?doing_wp_cron=1625196984.1751780509948730468750 HTTP/1.1" 301 673 "-" "WordPress/5.7.2; http://daniewatsonwriter.com"
65.49.39.2 - - [01/Jul/2021:23:41:18 -0400] "GET /wp-login.php HTTP/1.1" 200 7271 "-" "Mozilla/5.0 (X11; Ubuntu; Linux x86_64; rv:62.0) Gecko/20100101 Firefox/62.0"
65.49.39.2 - - [01/Jul/2021:23:41:18 -0400] "POST /wp-login.php HTTP/1.1" 200 7393 "-" "Mozilla/5.0 (X11; Ubuntu; Linux x86_64; rv:62.0) Gecko/20100101 Firefox/62.0"
65.49.39.2 - - [01/Jul/2021:23:41:18 -0400] "POST /xmlrpc.php HTTP/1.1" 200 4981 "-" "Mozilla/5.0 (X11; Ubuntu; Linux x86_64; rv:62.0) Gecko/20100101 Firefox/62.0"
64.20.61.52 - - [01/Jul/2021:23:42:04 -0400] "POST /wp-cron.php?doing_wp_cron=1625197323.9720170497894287109375 HTTP/1.1" 301 673 "-" "WordPress/5.7.2; http://daniewatsonwriter.com"
185.191.34.215 - - [01/Jul/2021:23:44:22 -0400] "POST /images/xxx.php HTTP/1.1" 404 5791 "-" "Mozilla/5.0 (Windows NT 10.0; Win64; x64) AppleWebKit/537.36 (KHTML, like Gecko) Chrome/74.0.3729.169 Safari/537.36"
123.207.30.63 - - [01/Jul/2021:23:44:44 -0400] "POST /wp-login.php HTTP/1.1" 200 8071 "-" "Mozilla/5.0 (Windows NT 10.0; WOW64) AppleWebKit/537.36 (KHTML, like Gecko) Chrome/57.0.2987.133 Safari/537.36"
88.99.218.140 - - [01/Jul/2021:23:47:39 -0400] "GET /wp-login.php HTTP/1.1" 200 7271 "-" "Mozilla/5.0 (X11; Ubuntu; Linux x86_64; rv:62.0) Gecko/20100101 Firefox/62.0"
88.99.218.140 - - [01/Jul/2021:23:47:40 -0400] "POST /wp-login.php HTTP/1.1" 200 7393 "-" "Mozilla/5.0 (X11; Ubuntu; Linux x86_64; rv:62.0) Gecko/20100101 Firefox/62.0"
88.99.218.140 - - [01/Jul/2021:23:47:40 -0400] "POST /xmlrpc.php HTTP/1.1" 200 4981 "-" "Mozilla/5.0 (X11; Ubuntu; Linux x86_64; rv:62.0) Gecko/20100101 Firefox/62.0"
194.5.175.81 - - [01/Jul/2021:23:53:50 -0400] "GET /wp-login.php HTTP/1.1" 200 7271 "-" "Mozilla/5.0 (X11; Ubuntu; Linux x86_64; rv:62.0) Gecko/20100101 Firefox/62.0"
194.5.175.81 - - [01/Jul/2021:23:53:51 -0400] "POST /wp-login.php HTTP/1.1" 200 7393 "-" "Mozilla/5.0 (X11; Ubuntu; Linux x86_64; rv:62.0) Gecko/20100101 Firefox/62.0"
194.5.175.81 - - [01/Jul/2021:23:53:52 -0400] "POST /xmlrpc.php HTTP/1.1" 200 4981 "-" "Mozilla/5.0 (X11; Ubuntu; Linux x86_64; rv:62.0) Gecko/20100101 Firefox/62.0"
157.245.117.243 - - [01/Jul/2021:23:58:57 -0400] "GET /wp-login.php HTTP/1.1" 200 7271 "-" "Mozilla/5.0 (X11; Ubuntu; Linux x86_64; rv:62.0) Gecko/20100101 Firefox/62.0"
157.245.117.243 - - [01/Jul/2021:23:59:02 -0400] "POST /wp-login.php HTTP/1.1" 200 7393 "-" "Mozilla/5.0 (X11; Ubuntu; Linux x86_64; rv:62.0) Gecko/20100101 Firefox/62.0"
157.245.117.243 - - [01/Jul/2021:23:59:03 -0400] "POST /xmlrpc.php HTTP/1.1" 200 4981 "-" "Mozilla/5.0 (X11; Ubuntu; Linux x86_64; rv:62.0) Gecko/20100101 Firefox/62.0"
64.20.61.52 - - [01/Jul/2021:23:59:08 -0400] "POST /wp-cron.php?doing_wp_cron=1625198348.1699409484863281250000 HTTP/1.1" 301 673 "-" "WordPress/5.7.2; http://daniewatsonwriter.com"
