107.150.59.244 - - [11/Jul/2021:00:00:49 -0400] "GET /wp-login.php HTTP/1.1" 200 14273 "-" "Mozilla/5.0 (Windows NT 6.2; WOW64; rv:30.0) Gecko/20100101 Firefox/30.0"
107.150.59.244 - - [11/Jul/2021:00:00:49 -0400] "POST /wp-login.php HTTP/1.1" 200 9332 "-" "Mozilla/5.0 (Windows NT 6.2; WOW64; rv:30.0) Gecko/20100101 Firefox/30.0"
64.20.61.52 - - [11/Jul/2021:00:00:54 -0400] "POST /wp-cron.php?doing_wp_cron=1625976054.7224540710449218750000 HTTP/1.1" 301 673 "-" "WordPress/5.7.2; http://daniewatsonwriter.com"
64.20.61.52 - - [11/Jul/2021:00:05:23 -0400] "POST /wp-cron.php?doing_wp_cron=1625976323.8187010288238525390625 HTTP/1.1" 200 5737 "-" "WordPress/5.7.2; https://daniewatsonwriter.com"
64.20.61.52 - - [11/Jul/2021:00:12:56 -0400] "POST /wp-cron.php?doing_wp_cron=1625976776.3747110366821289062500 HTTP/1.1" 200 5737 "-" "WordPress/5.7.2; https://daniewatsonwriter.com"
64.20.61.52 - - [11/Jul/2021:00:16:59 -0400] "POST /wp-cron.php?doing_wp_cron=1625977019.6671290397644042968750 HTTP/1.1" 200 5737 "-" "WordPress/5.7.2; https://daniewatsonwriter.com"
64.20.61.52 - - [11/Jul/2021:00:22:20 -0400] "POST /wp-cron.php?doing_wp_cron=1625977340.8137459754943847656250 HTTP/1.1" 200 5737 "-" "WordPress/5.7.2; https://daniewatsonwriter.com"
204.48.19.85 - - [11/Jul/2021:00:23:05 -0400] "POST /wp-cron.php?doing_wp_cron=1625977385.3970398902893066406250 HTTP/1.1" 200 6261 "https://daniewatsonwriter.com/wp-cron.php?doing_wp_cron=1625977385.3970398902893066406250" "WordPress/5.7.2; https://daniewatsonwriter.com"
135.181.144.15 - - [11/Jul/2021:00:23:05 -0400] "GET /index.php/writing-for-social-media-online-course/ HTTP/1.1" 200 23317 "-" "Java/11.0.10"
64.20.61.52 - - [11/Jul/2021:00:27:37 -0400] "POST /wp-cron.php?doing_wp_cron=1625977657.2781159877777099609375 HTTP/1.1" 200 5737 "-" "WordPress/5.7.2; https://daniewatsonwriter.com"
64.20.61.52 - - [11/Jul/2021:00:29:55 -0400] "POST /wp-cron.php?doing_wp_cron=1625977795.4696269035339355468750 HTTP/1.1" 200 5737 "-" "WordPress/5.7.2; https://daniewatsonwriter.com"
64.20.61.52 - - [11/Jul/2021:00:32:15 -0400] "POST /wp-cron.php?doing_wp_cron=1625977935.5296928882598876953125 HTTP/1.1" 200 5737 "-" "WordPress/5.7.2; https://daniewatsonwriter.com"
64.20.61.52 - - [11/Jul/2021:00:37:53 -0400] "POST /wp-cron.php?doing_wp_cron=1625978273.5454320907592773437500 HTTP/1.1" 200 5737 "-" "WordPress/5.7.2; https://daniewatsonwriter.com"
64.20.61.52 - - [11/Jul/2021:00:48:44 -0400] "POST /wp-cron.php?doing_wp_cron=1625978924.5819931030273437500000 HTTP/1.1" 200 5737 "-" "WordPress/5.7.2; https://daniewatsonwriter.com"
162.144.82.123 - - [11/Jul/2021:01:04:43 -0400] "GET /wp-login.php HTTP/1.1" 301 579 "-" "Mozilla/5.0 (X11; Ubuntu; Linux x86_64; rv:62.0) Gecko/20100101 Firefox/62.0"
162.144.82.123 - - [11/Jul/2021:01:04:43 -0400] "GET /wp-login.php HTTP/1.1" 301 579 "-" "Mozilla/5.0 (X11; Ubuntu; Linux x86_64; rv:62.0) Gecko/20100101 Firefox/62.0"
162.144.82.123 - - [11/Jul/2021:01:04:43 -0400] "GET /wp-login.php HTTP/1.1" 301 579 "-" "Mozilla/5.0 (X11; Ubuntu; Linux x86_64; rv:62.0) Gecko/20100101 Firefox/62.0"
162.144.82.123 - - [11/Jul/2021:01:04:46 -0400] "GET /wp-login.php HTTP/1.1" 301 579 "-" "Mozilla/5.0 (X11; Ubuntu; Linux x86_64; rv:62.0) Gecko/20100101 Firefox/62.0"
162.144.82.123 - - [11/Jul/2021:01:04:46 -0400] "GET /wp-login.php HTTP/1.1" 301 579 "-" "Mozilla/5.0 (X11; Ubuntu; Linux x86_64; rv:62.0) Gecko/20100101 Firefox/62.0"
162.144.82.123 - - [11/Jul/2021:01:04:47 -0400] "GET /wp-login.php HTTP/1.1" 200 8075 "http://daniewatsonwriter.com/wp-login.php" "Mozilla/5.0 (X11; Ubuntu; Linux x86_64; rv:62.0) Gecko/20100101 Firefox/62.0"
162.144.82.123 - - [11/Jul/2021:01:04:47 -0400] "GET /wp-login.php HTTP/1.1" 200 8075 "http://daniewatsonwriter.com/wp-login.php" "Mozilla/5.0 (X11; Ubuntu; Linux x86_64; rv:62.0) Gecko/20100101 Firefox/62.0"
162.144.82.123 - - [11/Jul/2021:01:04:47 -0400] "GET /wp-login.php HTTP/1.1" 200 8075 "http://daniewatsonwriter.com/wp-login.php" "Mozilla/5.0 (X11; Ubuntu; Linux x86_64; rv:62.0) Gecko/20100101 Firefox/62.0"
162.144.82.123 - - [11/Jul/2021:01:04:49 -0400] "GET ///?author=1 HTTP/1.1" 301 573 "-" "Mozilla/5.0 (X11; Ubuntu; Linux x86_64; rv:62.0) Gecko/20100101 Firefox/62.0"
162.144.82.123 - - [11/Jul/2021:01:04:49 -0400] "GET ///?author=1 HTTP/1.1" 301 573 "-" "Mozilla/5.0 (X11; Ubuntu; Linux x86_64; rv:62.0) Gecko/20100101 Firefox/62.0"
162.144.82.123 - - [11/Jul/2021:01:04:49 -0400] "GET ///?author=1 HTTP/1.1" 301 573 "-" "Mozilla/5.0 (X11; Ubuntu; Linux x86_64; rv:62.0) Gecko/20100101 Firefox/62.0"
162.144.82.123 - - [11/Jul/2021:01:04:49 -0400] "GET /wp-login.php HTTP/1.1" 200 8075 "http://daniewatsonwriter.com/wp-login.php" "Mozilla/5.0 (X11; Ubuntu; Linux x86_64; rv:62.0) Gecko/20100101 Firefox/62.0"
162.144.82.123 - - [11/Jul/2021:01:04:49 -0400] "GET /wp-login.php HTTP/1.1" 200 8075 "http://daniewatsonwriter.com/wp-login.php" "Mozilla/5.0 (X11; Ubuntu; Linux x86_64; rv:62.0) Gecko/20100101 Firefox/62.0"
162.144.82.123 - - [11/Jul/2021:01:04:49 -0400] "GET /?author=1 HTTP/1.1" 301 5620 "http://daniewatsonwriter.com///?author=1" "Mozilla/5.0 (X11; Ubuntu; Linux x86_64; rv:62.0) Gecko/20100101 Firefox/62.0"
162.144.82.123 - - [11/Jul/2021:01:04:49 -0400] "GET /?author=1 HTTP/1.1" 301 5620 "http://daniewatsonwriter.com///?author=1" "Mozilla/5.0 (X11; Ubuntu; Linux x86_64; rv:62.0) Gecko/20100101 Firefox/62.0"
162.144.82.123 - - [11/Jul/2021:01:04:49 -0400] "GET /?author=1 HTTP/1.1" 301 5620 "http://daniewatsonwriter.com///?author=1" "Mozilla/5.0 (X11; Ubuntu; Linux x86_64; rv:62.0) Gecko/20100101 Firefox/62.0"
162.144.82.123 - - [11/Jul/2021:01:04:50 -0400] "GET ///?author=1 HTTP/1.1" 301 573 "-" "Mozilla/5.0 (X11; Ubuntu; Linux x86_64; rv:62.0) Gecko/20100101 Firefox/62.0"
162.144.82.123 - - [11/Jul/2021:01:04:50 -0400] "GET ///?author=1 HTTP/1.1" 301 573 "-" "Mozilla/5.0 (X11; Ubuntu; Linux x86_64; rv:62.0) Gecko/20100101 Firefox/62.0"
162.144.82.123 - - [11/Jul/2021:01:04:50 -0400] "GET /index.php/author/justin/ HTTP/1.1" 200 9957 "https://daniewatsonwriter.com/?author=1" "Mozilla/5.0 (X11; Ubuntu; Linux x86_64; rv:62.0) Gecko/20100101 Firefox/62.0"
162.144.82.123 - - [11/Jul/2021:01:04:50 -0400] "GET /index.php/author/justin/ HTTP/1.1" 200 9957 "https://daniewatsonwriter.com/?author=1" "Mozilla/5.0 (X11; Ubuntu; Linux x86_64; rv:62.0) Gecko/20100101 Firefox/62.0"
162.144.82.123 - - [11/Jul/2021:01:04:50 -0400] "GET /index.php/author/justin/ HTTP/1.1" 200 9957 "https://daniewatsonwriter.com/?author=1" "Mozilla/5.0 (X11; Ubuntu; Linux x86_64; rv:62.0) Gecko/20100101 Firefox/62.0"
162.144.82.123 - - [11/Jul/2021:01:04:51 -0400] "GET ///wp-json/wp/v2/users/ HTTP/1.1" 301 595 "-" "Mozilla/5.0 (X11; Ubuntu; Linux x86_64; rv:62.0) Gecko/20100101 Firefox/62.0"
162.144.82.123 - - [11/Jul/2021:01:04:51 -0400] "GET ///wp-json/wp/v2/users/ HTTP/1.1" 301 595 "-" "Mozilla/5.0 (X11; Ubuntu; Linux x86_64; rv:62.0) Gecko/20100101 Firefox/62.0"
162.144.82.123 - - [11/Jul/2021:01:04:51 -0400] "GET ///wp-json/wp/v2/users/ HTTP/1.1" 301 595 "-" "Mozilla/5.0 (X11; Ubuntu; Linux x86_64; rv:62.0) Gecko/20100101 Firefox/62.0"
162.144.82.123 - - [11/Jul/2021:01:04:51 -0400] "GET /?author=1 HTTP/1.1" 301 5620 "http://daniewatsonwriter.com///?author=1" "Mozilla/5.0 (X11; Ubuntu; Linux x86_64; rv:62.0) Gecko/20100101 Firefox/62.0"
162.144.82.123 - - [11/Jul/2021:01:04:51 -0400] "GET /?author=1 HTTP/1.1" 301 5620 "http://daniewatsonwriter.com///?author=1" "Mozilla/5.0 (X11; Ubuntu; Linux x86_64; rv:62.0) Gecko/20100101 Firefox/62.0"
162.144.82.123 - - [11/Jul/2021:01:04:53 -0400] "GET /wp-json/wp/v2/users/ HTTP/1.1" 404 5811 "http://daniewatsonwriter.com///wp-json/wp/v2/users/" "Mozilla/5.0 (X11; Ubuntu; Linux x86_64; rv:62.0) Gecko/20100101 Firefox/62.0"
162.144.82.123 - - [11/Jul/2021:01:04:53 -0400] "GET /wp-json/wp/v2/users/ HTTP/1.1" 404 5811 "http://daniewatsonwriter.com///wp-json/wp/v2/users/" "Mozilla/5.0 (X11; Ubuntu; Linux x86_64; rv:62.0) Gecko/20100101 Firefox/62.0"
162.144.82.123 - - [11/Jul/2021:01:04:53 -0400] "GET /wp-json/wp/v2/users/ HTTP/1.1" 404 5811 "http://daniewatsonwriter.com///wp-json/wp/v2/users/" "Mozilla/5.0 (X11; Ubuntu; Linux x86_64; rv:62.0) Gecko/20100101 Firefox/62.0"
162.144.82.123 - - [11/Jul/2021:01:04:53 -0400] "GET /index.php/author/justin/ HTTP/1.1" 200 9957 "https://daniewatsonwriter.com/?author=1" "Mozilla/5.0 (X11; Ubuntu; Linux x86_64; rv:62.0) Gecko/20100101 Firefox/62.0"
162.144.82.123 - - [11/Jul/2021:01:04:53 -0400] "GET /index.php/author/justin/ HTTP/1.1" 200 9957 "https://daniewatsonwriter.com/?author=1" "Mozilla/5.0 (X11; Ubuntu; Linux x86_64; rv:62.0) Gecko/20100101 Firefox/62.0"
162.144.82.123 - - [11/Jul/2021:01:04:54 -0400] "GET ///wp-json/wp/v2/users/ HTTP/1.1" 301 595 "-" "Mozilla/5.0 (X11; Ubuntu; Linux x86_64; rv:62.0) Gecko/20100101 Firefox/62.0"
162.144.82.123 - - [11/Jul/2021:01:04:54 -0400] "GET ///?author=2 HTTP/1.1" 301 573 "-" "Mozilla/5.0 (X11; Ubuntu; Linux x86_64; rv:62.0) Gecko/20100101 Firefox/62.0"
162.144.82.123 - - [11/Jul/2021:01:04:54 -0400] "GET ///?author=2 HTTP/1.1" 301 573 "-" "Mozilla/5.0 (X11; Ubuntu; Linux x86_64; rv:62.0) Gecko/20100101 Firefox/62.0"
162.144.82.123 - - [11/Jul/2021:01:04:54 -0400] "GET ///?author=2 HTTP/1.1" 301 573 "-" "Mozilla/5.0 (X11; Ubuntu; Linux x86_64; rv:62.0) Gecko/20100101 Firefox/62.0"
162.144.82.123 - - [11/Jul/2021:01:04:54 -0400] "GET ///wp-json/wp/v2/users/ HTTP/1.1" 301 595 "-" "Mozilla/5.0 (X11; Ubuntu; Linux x86_64; rv:62.0) Gecko/20100101 Firefox/62.0"
162.144.82.123 - - [11/Jul/2021:01:04:55 -0400] "GET /wp-json/wp/v2/users/ HTTP/1.1" 404 5811 "http://daniewatsonwriter.com///wp-json/wp/v2/users/" "Mozilla/5.0 (X11; Ubuntu; Linux x86_64; rv:62.0) Gecko/20100101 Firefox/62.0"
162.144.82.123 - - [11/Jul/2021:01:04:55 -0400] "GET /wp-json/wp/v2/users/ HTTP/1.1" 404 5811 "http://daniewatsonwriter.com///wp-json/wp/v2/users/" "Mozilla/5.0 (X11; Ubuntu; Linux x86_64; rv:62.0) Gecko/20100101 Firefox/62.0"
162.144.82.123 - - [11/Jul/2021:01:04:55 -0400] "GET /?author=2 HTTP/1.1" 301 5625 "http://daniewatsonwriter.com///?author=2" "Mozilla/5.0 (X11; Ubuntu; Linux x86_64; rv:62.0) Gecko/20100101 Firefox/62.0"
162.144.82.123 - - [11/Jul/2021:01:04:55 -0400] "GET /?author=2 HTTP/1.1" 301 5625 "http://daniewatsonwriter.com///?author=2" "Mozilla/5.0 (X11; Ubuntu; Linux x86_64; rv:62.0) Gecko/20100101 Firefox/62.0"
162.144.82.123 - - [11/Jul/2021:01:04:55 -0400] "GET /?author=2 HTTP/1.1" 301 5625 "http://daniewatsonwriter.com///?author=2" "Mozilla/5.0 (X11; Ubuntu; Linux x86_64; rv:62.0) Gecko/20100101 Firefox/62.0"
162.144.82.123 - - [11/Jul/2021:01:04:55 -0400] "GET ///?author=2 HTTP/1.1" 301 573 "-" "Mozilla/5.0 (X11; Ubuntu; Linux x86_64; rv:62.0) Gecko/20100101 Firefox/62.0"
162.144.82.123 - - [11/Jul/2021:01:04:55 -0400] "GET ///?author=2 HTTP/1.1" 301 573 "-" "Mozilla/5.0 (X11; Ubuntu; Linux x86_64; rv:62.0) Gecko/20100101 Firefox/62.0"
162.144.82.123 - - [11/Jul/2021:01:04:56 -0400] "GET /index.php/author/daniewatson/ HTTP/1.1" 200 11002 "https://daniewatsonwriter.com/?author=2" "Mozilla/5.0 (X11; Ubuntu; Linux x86_64; rv:62.0) Gecko/20100101 Firefox/62.0"
162.144.82.123 - - [11/Jul/2021:01:04:56 -0400] "GET /index.php/author/daniewatson/ HTTP/1.1" 200 11002 "https://daniewatsonwriter.com/?author=2" "Mozilla/5.0 (X11; Ubuntu; Linux x86_64; rv:62.0) Gecko/20100101 Firefox/62.0"
162.144.82.123 - - [11/Jul/2021:01:04:56 -0400] "GET /index.php/author/daniewatson/ HTTP/1.1" 200 11002 "https://daniewatsonwriter.com/?author=2" "Mozilla/5.0 (X11; Ubuntu; Linux x86_64; rv:62.0) Gecko/20100101 Firefox/62.0"
162.144.82.123 - - [11/Jul/2021:01:04:56 -0400] "GET /?author=2 HTTP/1.1" 301 5625 "http://daniewatsonwriter.com///?author=2" "Mozilla/5.0 (X11; Ubuntu; Linux x86_64; rv:62.0) Gecko/20100101 Firefox/62.0"
162.144.82.123 - - [11/Jul/2021:01:04:56 -0400] "GET /?author=2 HTTP/1.1" 301 5625 "http://daniewatsonwriter.com///?author=2" "Mozilla/5.0 (X11; Ubuntu; Linux x86_64; rv:62.0) Gecko/20100101 Firefox/62.0"
162.144.82.123 - - [11/Jul/2021:01:05:00 -0400] "GET /index.php/author/daniewatson/ HTTP/1.1" 200 11002 "https://daniewatsonwriter.com/?author=2" "Mozilla/5.0 (X11; Ubuntu; Linux x86_64; rv:62.0) Gecko/20100101 Firefox/62.0"
162.144.82.123 - - [11/Jul/2021:01:05:00 -0400] "GET /index.php/author/daniewatson/ HTTP/1.1" 200 11002 "https://daniewatsonwriter.com/?author=2" "Mozilla/5.0 (X11; Ubuntu; Linux x86_64; rv:62.0) Gecko/20100101 Firefox/62.0"
77.75.77.109 - - [11/Jul/2021:01:08:00 -0400] "GET /robots.txt HTTP/1.1" 404 6549 "-" "Mozilla/5.0 (compatible; SeznamBot/3.2; +http://napoveda.seznam.cz/en/seznambot-intro/)"
77.75.77.109 - - [11/Jul/2021:01:08:01 -0400] "GET /wp-content/uploads/2019/06/717CBBFD-443E-4498-84D8-77224338FF13-e1561386339102-1140x1517.jpeg HTTP/1.1" 304 6231 "-" "Mozilla/5.0 (compatible; SeznamBot/3.2; +http://napoveda.seznam.cz/en/seznambot-intro/)"
64.20.61.52 - - [11/Jul/2021:01:09:53 -0400] "POST /wp-cron.php?doing_wp_cron=1625980193.6554639339447021484375 HTTP/1.1" 200 5737 "-" "WordPress/5.7.2; https://daniewatsonwriter.com"
204.48.19.85 - - [11/Jul/2021:01:15:05 -0400] "POST /wp-cron.php?doing_wp_cron=1625980505.2214019298553466796875 HTTP/1.1" 200 6261 "https://daniewatsonwriter.com/wp-cron.php?doing_wp_cron=1625980505.2214019298553466796875" "WordPress/5.7.2; https://daniewatsonwriter.com"
107.150.46.54 - - [11/Jul/2021:01:15:05 -0400] "GET /wp-login.php HTTP/1.1" 200 14273 "-" "Mozilla/5.0 (Windows NT 6.3; WOW64) AppleWebKit/537.36 (KHTML, like Gecko) Chrome/36.0.1985.143 Safari/537.36"
107.150.46.54 - - [11/Jul/2021:01:15:05 -0400] "POST /wp-login.php HTTP/1.1" 200 9332 "-" "Mozilla/5.0 (Windows NT 6.3; WOW64) AppleWebKit/537.36 (KHTML, like Gecko) Chrome/36.0.1985.143 Safari/537.36"
64.20.61.52 - - [11/Jul/2021:01:22:33 -0400] "POST /wp-cron.php?doing_wp_cron=1625980953.5062510967254638671875 HTTP/1.1" 301 673 "-" "WordPress/5.7.2; http://daniewatsonwriter.com"
185.191.34.215 - - [11/Jul/2021:01:22:53 -0400] "POST /wp-content/themes/peekaboo/404.php HTTP/1.1" 404 6596 "-" "Mozilla/5.0 (Windows NT 10.0; Win64; x64) AppleWebKit/537.36 (KHTML, like Gecko) Chrome/74.0.3729.157 Safari/537.36"
64.20.61.52 - - [11/Jul/2021:01:26:14 -0400] "POST /wp-cron.php?doing_wp_cron=1625981174.2242350578308105468750 HTTP/1.1" 200 5737 "-" "WordPress/5.7.2; https://daniewatsonwriter.com"
64.20.61.52 - - [11/Jul/2021:01:30:49 -0400] "POST /wp-cron.php?doing_wp_cron=1625981449.4597449302673339843750 HTTP/1.1" 200 5737 "-" "WordPress/5.7.2; https://daniewatsonwriter.com"
185.191.34.215 - - [11/Jul/2021:01:34:37 -0400] "POST /sizing.php HTTP/1.1" 404 6596 "-" "Mozilla/5.0 (Windows NT 10.0; Win64; x64; rv:67.0) Gecko/20100101 Firefox/67.0"
64.20.61.52 - - [11/Jul/2021:01:39:59 -0400] "POST /wp-cron.php?doing_wp_cron=1625981999.6200029850006103515625 HTTP/1.1" 200 5737 "-" "WordPress/5.7.2; https://daniewatsonwriter.com"
64.20.61.52 - - [11/Jul/2021:01:46:53 -0400] "POST /wp-cron.php?doing_wp_cron=1625982413.5950191020965576171875 HTTP/1.1" 200 5737 "-" "WordPress/5.7.2; https://daniewatsonwriter.com"
64.20.61.52 - - [11/Jul/2021:01:54:15 -0400] "POST /wp-cron.php?doing_wp_cron=1625982854.9733951091766357421875 HTTP/1.1" 200 5737 "-" "WordPress/5.7.2; https://daniewatsonwriter.com"
64.20.61.52 - - [11/Jul/2021:01:57:57 -0400] "POST /wp-cron.php?doing_wp_cron=1625983076.9906160831451416015625 HTTP/1.1" 301 673 "-" "WordPress/5.7.2; http://daniewatsonwriter.com"
64.20.61.52 - - [11/Jul/2021:02:00:52 -0400] "POST /wp-cron.php?doing_wp_cron=1625983252.0487101078033447265625 HTTP/1.1" 200 5737 "-" "WordPress/5.7.2; https://daniewatsonwriter.com"
107.150.63.170 - - [11/Jul/2021:02:04:16 -0400] "GET /wp-login.php HTTP/1.1" 200 14273 "-" "Mozilla/5.0 (Macintosh; Intel Mac OS X 10_9_4 AppleWebKit/537.36 (KHTML, like Gecko) Chrome/36.0.1985.125 Safari/537.36"
107.150.63.170 - - [11/Jul/2021:02:04:16 -0400] "POST /wp-login.php HTTP/1.1" 200 9342 "-" "Mozilla/5.0 (Macintosh; Intel Mac OS X 10_9_4 AppleWebKit/537.36 (KHTML, like Gecko) Chrome/36.0.1985.125 Safari/537.36"
64.20.61.52 - - [11/Jul/2021:02:06:35 -0400] "POST /wp-cron.php?doing_wp_cron=1625983594.9842269420623779296875 HTTP/1.1" 200 5737 "-" "WordPress/5.7.2; https://daniewatsonwriter.com"
185.191.34.215 - - [11/Jul/2021:02:07:07 -0400] "POST /wp-content/themes/error-log.php HTTP/1.1" 404 6596 "-" "Mozilla/5.0 (Windows NT 10.0; Win64; x64) AppleWebKit/537.36 (KHTML, like Gecko) Chrome/74.0.3729.157 Safari/537.36"
64.20.61.52 - - [11/Jul/2021:02:08:44 -0400] "POST /wp-cron.php?doing_wp_cron=1625983724.5953330993652343750000 HTTP/1.1" 200 5737 "-" "WordPress/5.7.2; https://daniewatsonwriter.com"
31.202.101.40 - - [11/Jul/2021:02:16:17 -0400] "GET /xmlrpc.php HTTP/1.1" 301 556 "-" "Mozilla/5.0 (Windows NT 6.3; WOW64) AppleWebKit/537.36 (KHTML, like Gecko) Chrome/87.0.4280.141 Safari/537.36"
204.48.19.85 - - [11/Jul/2021:02:16:18 -0400] "POST /wp-cron.php?doing_wp_cron=1625984177.9976260662078857421875 HTTP/1.1" 200 6261 "https://daniewatsonwriter.com/wp-cron.php?doing_wp_cron=1625984177.9976260662078857421875" "WordPress/5.7.2; https://daniewatsonwriter.com"
31.202.101.40 - - [11/Jul/2021:02:16:17 -0400] "GET /xmlrpc.php HTTP/1.1" 405 5793 "-" "Mozilla/5.0 (Windows NT 6.3; WOW64) AppleWebKit/537.36 (KHTML, like Gecko) Chrome/87.0.4280.141 Safari/537.36"
31.202.101.40 - - [11/Jul/2021:02:16:18 -0400] "GET /?author=1 HTTP/1.1" 301 554 "-" "Mozilla/5.0 (Windows NT 6.3; WOW64) AppleWebKit/537.36 (KHTML, like Gecko) Chrome/87.0.4280.141 Safari/537.36"
31.202.101.40 - - [11/Jul/2021:02:16:19 -0400] "GET /?author=1 HTTP/1.1" 301 5841 "-" "Mozilla/5.0 (Windows NT 6.3; WOW64) AppleWebKit/537.36 (KHTML, like Gecko) Chrome/87.0.4280.141 Safari/537.36"
31.202.101.40 - - [11/Jul/2021:02:16:19 -0400] "GET /index.php/author/justin/ HTTP/1.1" 200 14696 "-" "Mozilla/5.0 (Windows NT 6.3; WOW64) AppleWebKit/537.36 (KHTML, like Gecko) Chrome/87.0.4280.141 Safari/537.36"
31.202.101.40 - - [11/Jul/2021:02:16:19 -0400] "GET /?author=2 HTTP/1.1" 301 554 "-" "Mozilla/5.0 (Windows NT 6.3; WOW64) AppleWebKit/537.36 (KHTML, like Gecko) Chrome/87.0.4280.141 Safari/537.36"
64.20.61.52 - - [11/Jul/2021:02:16:20 -0400] "POST /wp-cron.php?doing_wp_cron=1625984180.2606110572814941406250 HTTP/1.1" 200 5737 "-" "WordPress/5.7.2; https://daniewatsonwriter.com"
31.202.101.40 - - [11/Jul/2021:02:16:20 -0400] "GET /?author=2 HTTP/1.1" 301 5841 "-" "Mozilla/5.0 (Windows NT 6.3; WOW64) AppleWebKit/537.36 (KHTML, like Gecko) Chrome/87.0.4280.141 Safari/537.36"
31.202.101.40 - - [11/Jul/2021:02:16:20 -0400] "GET /index.php/author/daniewatson/ HTTP/1.1" 200 18765 "-" "Mozilla/5.0 (Windows NT 6.3; WOW64) AppleWebKit/537.36 (KHTML, like Gecko) Chrome/87.0.4280.141 Safari/537.36"
31.202.101.40 - - [11/Jul/2021:02:16:21 -0400] "GET /?author=3 HTTP/1.1" 301 554 "-" "Mozilla/5.0 (Windows NT 6.3; WOW64) AppleWebKit/537.36 (KHTML, like Gecko) Chrome/87.0.4280.141 Safari/537.36"
31.202.101.40 - - [11/Jul/2021:02:16:22 -0400] "GET /?author=3 HTTP/1.1" 404 20852 "-" "Mozilla/5.0 (Windows NT 6.3; WOW64) AppleWebKit/537.36 (KHTML, like Gecko) Chrome/87.0.4280.141 Safari/537.36"
31.202.101.40 - - [11/Jul/2021:02:16:22 -0400] "GET /?author=4 HTTP/1.1" 301 554 "-" "Mozilla/5.0 (Windows NT 6.3; WOW64) AppleWebKit/537.36 (KHTML, like Gecko) Chrome/87.0.4280.141 Safari/537.36"
31.202.101.40 - - [11/Jul/2021:02:16:23 -0400] "GET /?author=4 HTTP/1.1" 404 20852 "-" "Mozilla/5.0 (Windows NT 6.3; WOW64) AppleWebKit/537.36 (KHTML, like Gecko) Chrome/87.0.4280.141 Safari/537.36"
31.202.101.40 - - [11/Jul/2021:02:16:23 -0400] "GET /?author=5 HTTP/1.1" 301 554 "-" "Mozilla/5.0 (Windows NT 6.3; WOW64) AppleWebKit/537.36 (KHTML, like Gecko) Chrome/87.0.4280.141 Safari/537.36"
31.202.101.40 - - [11/Jul/2021:02:16:24 -0400] "GET /?author=5 HTTP/1.1" 404 20852 "-" "Mozilla/5.0 (Windows NT 6.3; WOW64) AppleWebKit/537.36 (KHTML, like Gecko) Chrome/87.0.4280.141 Safari/537.36"
64.20.61.52 - - [11/Jul/2021:02:17:32 -0400] "POST /wp-cron.php?doing_wp_cron=1625984252.3061060905456542968750 HTTP/1.1" 200 5737 "-" "WordPress/5.7.2; https://daniewatsonwriter.com"
185.191.34.215 - - [11/Jul/2021:02:20:03 -0400] "POST /system/storage/logs/seo_script.php HTTP/1.1" 404 6596 "-" "Mozilla/5.0 (Windows NT 10.0; Win64; x64) AppleWebKit/537.36 (KHTML, like Gecko) Chrome/74.0.3729.169 Safari/537.36"
114.119.149.65 - - [11/Jul/2021:02:30:36 -0400] "GET /index.php/writing-for-social-media-online-course HTTP/1.1" 301 5698 "-" "Mozilla/5.0 (Linux; Android 7.0;) AppleWebKit/537.36 (KHTML, like Gecko) Mobile Safari/537.36 (compatible; PetalBot;+https://webmaster.petalsearch.com/site/petalbot)"
114.119.149.65 - - [11/Jul/2021:02:30:38 -0400] "GET /index.php/writing-for-social-media-online-course/ HTTP/1.1" 200 5769 "-" "Mozilla/5.0 (Linux; Android 7.0;) AppleWebKit/537.36 (KHTML, like Gecko) Mobile Safari/537.36 (compatible; PetalBot;+https://webmaster.petalsearch.com/site/petalbot)"
34.253.211.230 - - [11/Jul/2021:02:33:27 -0400] "GET / HTTP/1.1" 301 555 "-" "Mozilla/5.0 (Macintosh; Intel Mac OS X 10.15; rv:81.0) Gecko/20100101 Firefox/81.0"
34.253.211.230 - - [11/Jul/2021:02:33:28 -0400] "GET / HTTP/1.1" 200 11809 "http://204.48.19.85" "Mozilla/5.0 (Macintosh; Intel Mac OS X 10.15; rv:81.0) Gecko/20100101 Firefox/81.0"
64.20.61.52 - - [11/Jul/2021:02:36:57 -0400] "POST /wp-cron.php?doing_wp_cron=1625985417.5838670730590820312500 HTTP/1.1" 301 673 "-" "WordPress/5.7.2; http://daniewatsonwriter.com"
64.20.61.52 - - [11/Jul/2021:02:43:34 -0400] "POST /wp-cron.php?doing_wp_cron=1625985814.8039479255676269531250 HTTP/1.1" 200 5737 "-" "WordPress/5.7.2; https://daniewatsonwriter.com"
107.150.52.198 - - [11/Jul/2021:02:47:55 -0400] "GET /wp-login.php HTTP/1.1" 200 14273 "-" "Mozilla/5.0 (Macintosh; Intel Mac OS X 10_9_3) AppleWebKit/537.75.14 (KHTML, like Gecko) Version/7.0.3 Safari/537.75.14"
107.150.52.198 - - [11/Jul/2021:02:47:55 -0400] "POST /wp-login.php HTTP/1.1" 200 9338 "-" "Mozilla/5.0 (Macintosh; Intel Mac OS X 10_9_3) AppleWebKit/537.75.14 (KHTML, like Gecko) Version/7.0.3 Safari/537.75.14"
64.20.61.52 - - [11/Jul/2021:02:50:34 -0400] "POST /wp-cron.php?doing_wp_cron=1625986234.2081840038299560546875 HTTP/1.1" 200 5737 "-" "WordPress/5.7.2; https://daniewatsonwriter.com"
64.20.61.52 - - [11/Jul/2021:02:53:11 -0400] "POST /wp-cron.php?doing_wp_cron=1625986390.2874989509582519531250 HTTP/1.1" 200 5737 "-" "WordPress/5.7.2; https://daniewatsonwriter.com"
139.162.48.32 - - [11/Jul/2021:03:03:21 -0400] "GET /wp-login.php HTTP/1.1" 301 579 "-" "Mozilla/5.0 (X11; Ubuntu; Linux x86_64; rv:62.0) Gecko/20100101 Firefox/62.0"
139.162.48.32 - - [11/Jul/2021:03:03:22 -0400] "GET /wp-login.php HTTP/1.1" 200 8075 "http://daniewatsonwriter.com/wp-login.php" "Mozilla/5.0 (X11; Ubuntu; Linux x86_64; rv:62.0) Gecko/20100101 Firefox/62.0"
139.162.48.32 - - [11/Jul/2021:03:03:23 -0400] "GET ///?author=1 HTTP/1.1" 301 573 "-" "Mozilla/5.0 (X11; Ubuntu; Linux x86_64; rv:62.0) Gecko/20100101 Firefox/62.0"
139.162.48.32 - - [11/Jul/2021:03:03:24 -0400] "GET /?author=1 HTTP/1.1" 301 5620 "http://daniewatsonwriter.com///?author=1" "Mozilla/5.0 (X11; Ubuntu; Linux x86_64; rv:62.0) Gecko/20100101 Firefox/62.0"
139.162.48.32 - - [11/Jul/2021:03:03:25 -0400] "GET /index.php/author/justin/ HTTP/1.1" 200 9957 "https://daniewatsonwriter.com/?author=1" "Mozilla/5.0 (X11; Ubuntu; Linux x86_64; rv:62.0) Gecko/20100101 Firefox/62.0"
139.162.48.32 - - [11/Jul/2021:03:03:25 -0400] "GET ///wp-json/wp/v2/users/ HTTP/1.1" 301 595 "-" "Mozilla/5.0 (X11; Ubuntu; Linux x86_64; rv:62.0) Gecko/20100101 Firefox/62.0"
139.162.48.32 - - [11/Jul/2021:03:03:26 -0400] "GET /wp-json/wp/v2/users/ HTTP/1.1" 404 5811 "http://daniewatsonwriter.com///wp-json/wp/v2/users/" "Mozilla/5.0 (X11; Ubuntu; Linux x86_64; rv:62.0) Gecko/20100101 Firefox/62.0"
139.162.48.32 - - [11/Jul/2021:03:03:27 -0400] "GET ///?author=2 HTTP/1.1" 301 573 "-" "Mozilla/5.0 (X11; Ubuntu; Linux x86_64; rv:62.0) Gecko/20100101 Firefox/62.0"
139.162.48.32 - - [11/Jul/2021:03:03:27 -0400] "GET /?author=2 HTTP/1.1" 301 5625 "http://daniewatsonwriter.com///?author=2" "Mozilla/5.0 (X11; Ubuntu; Linux x86_64; rv:62.0) Gecko/20100101 Firefox/62.0"
139.162.48.32 - - [11/Jul/2021:03:03:29 -0400] "GET /index.php/author/daniewatson/ HTTP/1.1" 200 11002 "https://daniewatsonwriter.com/?author=2" "Mozilla/5.0 (X11; Ubuntu; Linux x86_64; rv:62.0) Gecko/20100101 Firefox/62.0"
204.48.19.85 - - [11/Jul/2021:03:22:25 -0400] "POST /wp-cron.php?doing_wp_cron=1625988145.1028890609741210937500 HTTP/1.1" 200 6261 "https://daniewatsonwriter.com/wp-cron.php?doing_wp_cron=1625988145.1028890609741210937500" "WordPress/5.7.2; https://daniewatsonwriter.com"
107.150.59.244 - - [11/Jul/2021:03:22:24 -0400] "GET /wp-login.php HTTP/1.1" 200 14273 "-" "Mozilla/5.0 (Macintosh; Intel Mac OS X 10.9; rv:30.0) Gecko/20100101 Firefox/30.0"
107.150.59.244 - - [11/Jul/2021:03:22:25 -0400] "POST /wp-login.php HTTP/1.1" 200 9332 "-" "Mozilla/5.0 (Macintosh; Intel Mac OS X 10.9; rv:30.0) Gecko/20100101 Firefox/30.0"
207.46.13.118 - - [11/Jul/2021:03:24:15 -0400] "GET / HTTP/1.1" 200 11405 "-" "Mozilla/5.0 (compatible; bingbot/2.0; +http://www.bing.com/bingbot.htm)"
40.77.189.81 - - [11/Jul/2021:03:24:21 -0400] "GET /wp-content/themes/seasonal/style.css?ver=5.7.2 HTTP/1.1" 200 15632 "https://daniewatsonwriter.com/" "Mozilla/5.0 (Windows NT 6.1; WOW64) AppleWebKit/534+ (KHTML, like Gecko) BingPreview/1.0b"
40.77.189.81 - - [11/Jul/2021:03:24:21 -0400] "GET /wp-content/themes/seasonal/css/bootstrap.min.css?ver=3.3.4 HTTP/1.1" 200 9550 "https://daniewatsonwriter.com/" "Mozilla/5.0 (Windows NT 6.1; WOW64) AppleWebKit/534+ (KHTML, like Gecko) BingPreview/1.0b"
40.77.189.81 - - [11/Jul/2021:03:24:21 -0400] "GET /wp-includes/js/jquery/jquery-migrate.min.js?ver=3.3.2 HTTP/1.1" 200 10660 "https://daniewatsonwriter.com/" "Mozilla/5.0 (Windows NT 6.1; WOW64) AppleWebKit/534+ (KHTML, like Gecko) BingPreview/1.0b"
40.77.189.81 - - [11/Jul/2021:03:24:21 -0400] "GET /wp-content/themes/seasonal/css/fontawesome.min.css?ver=4.3.0 HTTP/1.1" 200 11925 "https://daniewatsonwriter.com/" "Mozilla/5.0 (Windows NT 6.1; WOW64) AppleWebKit/534+ (KHTML, like Gecko) BingPreview/1.0b"
40.77.189.81 - - [11/Jul/2021:03:24:21 -0400] "GET /wp-includes/css/dist/block-library/style.min.css?ver=5.7.2 HTTP/1.1" 200 15184 "https://daniewatsonwriter.com/" "Mozilla/5.0 (Windows NT 6.1; WOW64) AppleWebKit/534+ (KHTML, like Gecko) BingPreview/1.0b"
40.77.189.81 - - [11/Jul/2021:03:24:21 -0400] "GET /wp-includes/js/jquery/jquery.min.js?ver=3.5.1 HTTP/1.1" 200 37475 "https://daniewatsonwriter.com/" "Mozilla/5.0 (Windows NT 6.1; WOW64) AppleWebKit/534+ (KHTML, like Gecko) BingPreview/1.0b"
40.77.189.81 - - [11/Jul/2021:03:24:21 -0400] "GET /wp-content/themes/seasonal/js/skip-link-focus-fix.js?ver=20141010 HTTP/1.1" 200 816 "https://daniewatsonwriter.com/" "Mozilla/5.0 (Windows NT 6.1; WOW64) AppleWebKit/534+ (KHTML, like Gecko) BingPreview/1.0b"
40.77.189.81 - - [11/Jul/2021:03:24:21 -0400] "GET /wp-content/themes/seasonal/js/functions.js?ver=20150330 HTTP/1.1" 200 792 "https://daniewatsonwriter.com/" "Mozilla/5.0 (Windows NT 6.1; WOW64) AppleWebKit/534+ (KHTML, like Gecko) BingPreview/1.0b"
40.77.189.81 - - [11/Jul/2021:03:24:21 -0400] "GET /wp-includes/js/wp-embed.min.js?ver=5.7.2 HTTP/1.1" 200 1136 "https://daniewatsonwriter.com/" "Mozilla/5.0 (Windows NT 6.1; WOW64) AppleWebKit/534+ (KHTML, like Gecko) BingPreview/1.0b"
40.77.189.81 - - [11/Jul/2021:03:24:22 -0400] "GET /wp-includes/js/wp-emoji-release.min.js?ver=5.7.2 HTTP/1.1" 200 5079 "https://daniewatsonwriter.com/" "Mozilla/5.0 (Windows NT 6.1; WOW64) AppleWebKit/534+ (KHTML, like Gecko) BingPreview/1.0b"
40.77.189.81 - - [11/Jul/2021:03:24:22 -0400] "GET /wp-content/themes/seasonal/icons/fontawesome-webfont.woff2?v=4.3.0 HTTP/1.1" 200 57178 "https://daniewatsonwriter.com/wp-content/themes/seasonal/css/fontawesome.min.css?ver=4.3.0" "Mozilla/5.0 (Windows NT 6.1; WOW64) AppleWebKit/534+ (KHTML, like Gecko) BingPreview/1.0b"
107.150.59.244 - - [11/Jul/2021:03:25:01 -0400] "GET /wp-login.php HTTP/1.1" 200 14273 "-" "Mozilla/5.0 (X11; Linux x86_64) AppleWebKit/537.36 (KHTML, like Gecko) Chrome/35.0.1916.153 Safari/537.36"
107.150.59.244 - - [11/Jul/2021:03:25:01 -0400] "POST /wp-login.php HTTP/1.1" 200 9342 "-" "Mozilla/5.0 (X11; Linux x86_64) AppleWebKit/537.36 (KHTML, like Gecko) Chrome/35.0.1916.153 Safari/537.36"
64.20.61.52 - - [11/Jul/2021:03:36:04 -0400] "POST /wp-cron.php?doing_wp_cron=1625988964.5387248992919921875000 HTTP/1.1" 200 5737 "-" "WordPress/5.7.2; https://daniewatsonwriter.com"
185.191.34.215 - - [11/Jul/2021:03:37:20 -0400] "POST /wp-content_plugins_akismet_widget.php HTTP/1.1" 404 6596 "-" "Mozilla/5.0 (Windows NT 10.0; Win64; x64; rv:66.0) Gecko/20100101 Firefox/66.0"
185.191.34.215 - - [11/Jul/2021:03:37:21 -0400] "GET /xmlrpz.php HTTP/1.1" 404 6596 "-" "Mozilla/5.0 (Windows NT 10.0; Win64; x64) AppleWebKit/537.36 (KHTML, like Gecko) Chrome/74.0.3729.169 Safari/537.36"
142.54.177.2 - - [11/Jul/2021:03:37:48 -0400] "GET / HTTP/1.1" 200 11223 "http://www.google.com.hk" "Mozilla/5.0 (Windows NT 6.1; WOW64) AppleWebKit/537.36 (KHTML, like Gecko) Chrome/42.0.2311.90 Safari/537.36"
64.20.61.52 - - [11/Jul/2021:03:38:28 -0400] "POST /wp-cron.php?doing_wp_cron=1625989108.5710809230804443359375 HTTP/1.1" 200 5737 "-" "WordPress/5.7.2; https://daniewatsonwriter.com"
142.54.177.2 - - [11/Jul/2021:03:40:29 -0400] "GET /wp-login.php HTTP/1.1" 200 14416 "-" "Mozilla/5.0 (Windows NT 10.0; WOW64) AppleWebKit/537.36 (KHTML, like Gecko) Chrome/46.0.2490.80 Safari/537.36"
142.54.177.2 - - [11/Jul/2021:03:41:12 -0400] "GET / HTTP/1.1" 200 23933 "-" "Mozilla/5.0 (Windows NT 10.0; WOW64) AppleWebKit/537.36 (KHTML, like Gecko) Chrome/46.0.2490.80 Safari/537.36"
142.54.177.2 - - [11/Jul/2021:03:41:58 -0400] "GET /wp-json/wp/v2/users HTTP/1.1" 404 5912 "-" "Mozilla/5.0 (Windows NT 6.1; WOW64) AppleWebKit/537.36 (KHTML, like Gecko) Chrome/36.0.1985.125 Safari/537.36"
142.54.177.2 - - [11/Jul/2021:03:42:43 -0400] "GET /?author=1 HTTP/1.1" 301 5864 "-" "Mozilla/5.0 (Windows NT 10.0; WOW64) AppleWebKit/537.36 (KHTML, like Gecko) Chrome/46.0.2490.80 Safari/537.36"
64.20.61.52 - - [11/Jul/2021:03:43:04 -0400] "POST /wp-cron.php?doing_wp_cron=1625989384.2539548873901367187500 HTTP/1.1" 301 673 "-" "WordPress/5.7.2; http://daniewatsonwriter.com"
142.54.177.2 - - [11/Jul/2021:03:43:20 -0400] "GET /index.php/author/justin/ HTTP/1.1" 200 20238 "-" "Mozilla/5.0 (Windows NT 10.0; WOW64) AppleWebKit/537.36 (KHTML, like Gecko) Chrome/46.0.2490.80 Safari/537.36"
142.54.177.2 - - [11/Jul/2021:03:43:55 -0400] "GET /?author=2 HTTP/1.1" 301 5869 "-" "Mozilla/5.0 (Windows NT 10.0; WOW64) AppleWebKit/537.36 (KHTML, like Gecko) Chrome/46.0.2490.80 Safari/537.36"
142.54.177.2 - - [11/Jul/2021:03:44:24 -0400] "GET /index.php/author/daniewatson/ HTTP/1.1" 200 24290 "-" "Mozilla/5.0 (Windows NT 10.0; WOW64) AppleWebKit/537.36 (KHTML, like Gecko) Chrome/46.0.2490.80 Safari/537.36"
142.54.177.2 - - [11/Jul/2021:03:45:04 -0400] "GET /?author=3 HTTP/1.1" 404 20868 "-" "Mozilla/5.0 (Windows NT 10.0; WOW64) AppleWebKit/537.36 (KHTML, like Gecko) Chrome/46.0.2490.80 Safari/537.36"
142.54.177.2 - - [11/Jul/2021:03:45:38 -0400] "POST /wp-login.php HTTP/1.1" 200 14846 "-" "Mozilla/5.0 (Windows NT 10.0; WOW64) AppleWebKit/537.36 (KHTML, like Gecko) Chrome/46.0.2490.80 Safari/537.36"
142.54.177.2 - - [11/Jul/2021:03:46:40 -0400] "POST /wp-login.php HTTP/1.1" 200 14835 "-" "Mozilla/5.0 (Windows NT 10.0; WOW64) AppleWebKit/537.36 (KHTML, like Gecko) Chrome/46.0.2490.80 Safari/537.36"
64.20.61.52 - - [11/Jul/2021:03:54:26 -0400] "POST /wp-cron.php?doing_wp_cron=1625990066.2346599102020263671875 HTTP/1.1" 200 5737 "-" "WordPress/5.7.2; https://daniewatsonwriter.com"
184.94.240.92 - - [11/Jul/2021:04:01:57 -0400] "GET / HTTP/1.1" 301 567 "-" "Mozilla/5.0 (Windows NT 10.0; WOW64; rv:53.0) Gecko/20100101 Firefox/53.0"
184.94.240.92 - - [11/Jul/2021:04:01:58 -0400] "GET / HTTP/1.1" 301 5856 "-" "Mozilla/5.0 (Windows NT 10.0; WOW64; rv:53.0) Gecko/20100101 Firefox/53.0"
184.94.240.92 - - [11/Jul/2021:04:01:58 -0400] "GET / HTTP/1.1" 200 23933 "-" "Mozilla/5.0 (Windows NT 10.0; WOW64; rv:53.0) Gecko/20100101 Firefox/53.0"
64.20.61.52 - - [11/Jul/2021:04:10:44 -0400] "POST /wp-cron.php?doing_wp_cron=1625991044.5239250659942626953125 HTTP/1.1" 200 5737 "-" "WordPress/5.7.2; https://daniewatsonwriter.com"
64.20.61.52 - - [11/Jul/2021:04:12:21 -0400] "POST /wp-cron.php?doing_wp_cron=1625991141.3793430328369140625000 HTTP/1.1" 200 5737 "-" "WordPress/5.7.2; https://daniewatsonwriter.com"
64.20.61.52 - - [11/Jul/2021:04:16:29 -0400] "POST /wp-cron.php?doing_wp_cron=1625991389.3824019432067871093750 HTTP/1.1" 301 673 "-" "WordPress/5.7.2; http://daniewatsonwriter.com"
185.191.34.215 - - [11/Jul/2021:04:17:25 -0400] "POST /cache/mainview/printview.php HTTP/1.1" 404 6596 "-" "Mozilla/5.0 (Macintosh; Intel Mac OS X 10.14; rv:68.0) Gecko/20100101 Firefox/68.0"
64.20.61.52 - - [11/Jul/2021:04:23:38 -0400] "POST /wp-cron.php?doing_wp_cron=1625991818.7861089706420898437500 HTTP/1.1" 200 5737 "-" "WordPress/5.7.2; https://daniewatsonwriter.com"
64.20.61.52 - - [11/Jul/2021:04:24:50 -0400] "POST /wp-cron.php?doing_wp_cron=1625991890.2820460796356201171875 HTTP/1.1" 200 5737 "-" "WordPress/5.7.2; https://daniewatsonwriter.com"
64.20.61.52 - - [11/Jul/2021:04:26:06 -0400] "POST /wp-cron.php?doing_wp_cron=1625991966.5371589660644531250000 HTTP/1.1" 200 5737 "-" "WordPress/5.7.2; https://daniewatsonwriter.com"
64.20.61.52 - - [11/Jul/2021:04:30:13 -0400] "POST /wp-cron.php?doing_wp_cron=1625992213.4400808811187744140625 HTTP/1.1" 200 5737 "-" "WordPress/5.7.2; https://daniewatsonwriter.com"
64.20.61.52 - - [11/Jul/2021:04:33:23 -0400] "POST /wp-cron.php?doing_wp_cron=1625992403.8183031082153320312500 HTTP/1.1" 200 5737 "-" "WordPress/5.7.2; https://daniewatsonwriter.com"
64.20.61.52 - - [11/Jul/2021:04:40:31 -0400] "POST /wp-cron.php?doing_wp_cron=1625992831.7265760898590087890625 HTTP/1.1" 301 673 "-" "WordPress/5.7.2; http://daniewatsonwriter.com"
64.20.61.52 - - [11/Jul/2021:04:51:12 -0400] "POST /wp-cron.php?doing_wp_cron=1625993472.9361240863800048828125 HTTP/1.1" 200 5737 "-" "WordPress/5.7.2; https://daniewatsonwriter.com"
64.20.61.52 - - [11/Jul/2021:04:52:42 -0400] "POST /wp-cron.php?doing_wp_cron=1625993562.6091620922088623046875 HTTP/1.1" 200 5737 "-" "WordPress/5.7.2; https://daniewatsonwriter.com"
64.20.61.52 - - [11/Jul/2021:05:01:06 -0400] "POST /wp-cron.php?doing_wp_cron=1625994066.1076459884643554687500 HTTP/1.1" 301 673 "-" "WordPress/5.7.2; http://daniewatsonwriter.com"
74.120.14.53 - - [11/Jul/2021:05:01:06 -0400] "GET / HTTP/1.1" 301 536 "-" "Mozilla/5.0 (compatible; CensysInspect/1.1; +https://about.censys.io/)"
204.48.19.85 - - [11/Jul/2021:05:01:06 -0400] "POST /wp-cron.php?doing_wp_cron=1625994066.7842929363250732421875 HTTP/1.1" 200 6261 "https://daniewatsonwriter.com/wp-cron.php?doing_wp_cron=1625994066.7842929363250732421875" "WordPress/5.7.2; https://daniewatsonwriter.com"
74.120.14.53 - - [11/Jul/2021:05:01:06 -0400] "GET / HTTP/1.1" 200 11347 "-" "Mozilla/5.0 (compatible; CensysInspect/1.1; +https://about.censys.io/)"
64.20.61.52 - - [11/Jul/2021:05:10:04 -0400] "POST /wp-cron.php?doing_wp_cron=1625994604.2049579620361328125000 HTTP/1.1" 301 673 "-" "WordPress/5.7.2; http://daniewatsonwriter.com"
204.48.19.85 - - [11/Jul/2021:05:16:49 -0400] "POST /wp-cron.php?doing_wp_cron=1625995009.7676990032196044921875 HTTP/1.1" 200 6261 "https://daniewatsonwriter.com/wp-cron.php?doing_wp_cron=1625995009.7676990032196044921875" "WordPress/5.7.2; https://daniewatsonwriter.com"
92.53.96.245 - - [11/Jul/2021:05:16:49 -0400] "GET /wp-login.php HTTP/1.1" 200 8075 "-" "Mozilla/5.0 (X11; Ubuntu; Linux x86_64; rv:62.0) Gecko/20100101 Firefox/62.0"
92.53.96.245 - - [11/Jul/2021:05:16:50 -0400] "POST /wp-login.php HTTP/1.1" 200 8200 "-" "Mozilla/5.0 (X11; Ubuntu; Linux x86_64; rv:62.0) Gecko/20100101 Firefox/62.0"
92.53.96.245 - - [11/Jul/2021:05:16:50 -0400] "GET /wp-login.php HTTP/1.1" 200 8075 "-" "Mozilla/5.0 (X11; Ubuntu; Linux x86_64; rv:62.0) Gecko/20100101 Firefox/62.0"
92.53.96.245 - - [11/Jul/2021:05:16:51 -0400] "POST /wp-login.php HTTP/1.1" 200 8177 "-" "Mozilla/5.0 (X11; Ubuntu; Linux x86_64; rv:62.0) Gecko/20100101 Firefox/62.0"
92.53.96.245 - - [11/Jul/2021:05:16:52 -0400] "POST /xmlrpc.php HTTP/1.1" 200 5786 "-" "Mozilla/5.0 (X11; Ubuntu; Linux x86_64; rv:62.0) Gecko/20100101 Firefox/62.0"
64.20.61.52 - - [11/Jul/2021:05:18:16 -0400] "POST /wp-cron.php?doing_wp_cron=1625995096.3601050376892089843750 HTTP/1.1" 200 5737 "-" "WordPress/5.7.2; https://daniewatsonwriter.com"
198.204.234.253 - - [11/Jul/2021:05:20:29 -0400] "GET /wp-login.php HTTP/1.1" 200 14273 "-" "Mozilla/5.0 (Windows NT 6.2; WOW64) AppleWebKit/537.36 (KHTML, like Gecko) Chrome/36.0.1985.125 Safari/537.36"
198.204.234.253 - - [11/Jul/2021:05:20:29 -0400] "POST /wp-login.php HTTP/1.1" 200 9338 "-" "Mozilla/5.0 (Windows NT 6.2; WOW64) AppleWebKit/537.36 (KHTML, like Gecko) Chrome/36.0.1985.125 Safari/537.36"
107.150.46.54 - - [11/Jul/2021:05:27:02 -0400] "GET /wp-login.php HTTP/1.1" 200 14273 "-" "Mozilla/5.0 (Windows NT 6.1; rv:30.0) Gecko/20100101 Firefox/30.0"
107.150.46.54 - - [11/Jul/2021:05:27:02 -0400] "POST /wp-login.php HTTP/1.1" 200 9328 "-" "Mozilla/5.0 (Windows NT 6.1; rv:30.0) Gecko/20100101 Firefox/30.0"
185.191.34.215 - - [11/Jul/2021:05:27:59 -0400] "POST /Tobey.php HTTP/1.1" 404 6596 "-" "Mozilla/5.0 (Windows NT 10.0; Win64; x64) AppleWebKit/537.36 (KHTML, like Gecko) Chrome/74.0.3729.157 Safari/537.36"
64.20.61.52 - - [11/Jul/2021:05:33:05 -0400] "POST /wp-cron.php?doing_wp_cron=1625995985.1901199817657470703125 HTTP/1.1" 301 673 "-" "WordPress/5.7.2; http://daniewatsonwriter.com"
64.20.61.52 - - [11/Jul/2021:05:39:31 -0400] "POST /wp-cron.php?doing_wp_cron=1625996371.7421100139617919921875 HTTP/1.1" 200 5737 "-" "WordPress/5.7.2; https://daniewatsonwriter.com"
161.35.161.13 - - [11/Jul/2021:05:40:08 -0400] "GET /wp-login.php HTTP/1.1" 200 8075 "-" "Mozilla/5.0 (X11; Ubuntu; Linux x86_64; rv:62.0) Gecko/20100101 Firefox/62.0"
161.35.161.13 - - [11/Jul/2021:05:40:08 -0400] "POST /wp-login.php HTTP/1.1" 200 8200 "-" "Mozilla/5.0 (X11; Ubuntu; Linux x86_64; rv:62.0) Gecko/20100101 Firefox/62.0"
161.35.161.13 - - [11/Jul/2021:05:40:09 -0400] "GET /wp-login.php HTTP/1.1" 200 8075 "-" "Mozilla/5.0 (X11; Ubuntu; Linux x86_64; rv:62.0) Gecko/20100101 Firefox/62.0"
161.35.161.13 - - [11/Jul/2021:05:40:10 -0400] "POST /wp-login.php HTTP/1.1" 200 8177 "-" "Mozilla/5.0 (X11; Ubuntu; Linux x86_64; rv:62.0) Gecko/20100101 Firefox/62.0"
161.35.161.13 - - [11/Jul/2021:05:40:13 -0400] "POST /xmlrpc.php HTTP/1.1" 200 5786 "-" "Mozilla/5.0 (X11; Ubuntu; Linux x86_64; rv:62.0) Gecko/20100101 Firefox/62.0"
20.62.91.188 - - [11/Jul/2021:05:41:22 -0400] "HEAD /xmlrpc.php HTTP/1.1" 405 5624 "-" "Mozilla/5.0 (Windows NT 6.1; Win64; x64) AppleWebKit/537.36 (KHTML, like Gecko) Chrome/74.0.3729.169 Safari/537.36"
20.62.91.188 - - [11/Jul/2021:05:41:22 -0400] "HEAD /wordpress/xmlrpc.php HTTP/1.1" 404 5607 "-" "Mozilla/5.0 (Windows NT 6.1; Win64; x64) AppleWebKit/537.36 (KHTML, like Gecko) Chrome/79.0.3945.130 Safari/537.36"
20.62.91.188 - - [11/Jul/2021:05:41:22 -0400] "HEAD /wp/xmlrpc.php HTTP/1.1" 404 5607 "-" "Mozilla/5.0 (X11; Linux x86_64) AppleWebKit/537.36 (KHTML, like Gecko) Chrome/84.0.4147.105 Safari/537.36"
20.62.91.188 - - [11/Jul/2021:05:41:22 -0400] "HEAD /blog/xmlrpc.php HTTP/1.1" 404 5607 "-" "Mozilla/5.0 (X11; Linux i686; rv:79.0) Gecko/20100101 Firefox/79.0"
20.62.91.188 - - [11/Jul/2021:05:41:23 -0400] "HEAD /new/xmlrpc.php HTTP/1.1" 404 5607 "-" "Mozilla/5.0 (Windows NT 10.0; WOW64) AppleWebKit/537.36 (KHTML, like Gecko) Chrome/84.0.4147.105 Safari/537.36"
20.62.91.188 - - [11/Jul/2021:05:41:23 -0400] "HEAD /old/xmlrpc.php HTTP/1.1" 404 5607 "-" "Mozilla/5.0 (Windows NT 10.0; Win64; x64; rv:76.0) Gecko/20100101 Firefox/76.0"
20.62.91.188 - - [11/Jul/2021:05:41:24 -0400] "HEAD /backup/xmlrpc.php HTTP/1.1" 404 5607 "-" "Mozilla/5.0 (Windows NT 10.0; Win64; x64; rv:74.0) Gecko/20100101 Firefox/74.0"
20.62.91.188 - - [11/Jul/2021:05:41:25 -0400] "HEAD /oldsite/xmlrpc.php HTTP/1.1" 404 5607 "-" "Mozilla/5.0 (Windows NT 10.0; Win64; x64) AppleWebKit/537.36 (KHTML, like Gecko) Chrome/83.0.4103.97 Safari/537.36"
20.62.91.188 - - [11/Jul/2021:05:41:25 -0400] "HEAD /site/xmlrpc.php HTTP/1.1" 404 5607 "-" "Mozilla/5.0 (Windows NT 10.0; Win64; x64) AppleWebKit/537.36 (KHTML, like Gecko) Chrome/84.0.4147.105 Safari/537.36 OPR/70.0.3728.95"
20.62.91.188 - - [11/Jul/2021:05:41:26 -0400] "HEAD /back/xmlrpc.php HTTP/1.1" 404 5607 "-" "Mozilla/5.0 (Windows NT 10.0; Win64; x64) AppleWebKit/537.36 (KHTML, like Gecko) Chrome/79.0.3945.130 Safari/537.36"
20.62.91.188 - - [11/Jul/2021:05:41:26 -0400] "HEAD /web/xmlrpc.php HTTP/1.1" 404 5607 "-" "Mozilla/5.0 (Windows NT 10.0; WOW64; Trident/7.0; .NET4.0C; .NET4.0E; .NET CLR 2.0.50727; .NET CLR 3.0.30729; .NET CLR 3.5.30729; rv:11.0) like Gecko"
64.20.61.52 - - [11/Jul/2021:05:42:58 -0400] "POST /wp-cron.php?doing_wp_cron=1625996578.5524470806121826171875 HTTP/1.1" 301 673 "-" "WordPress/5.7.2; http://daniewatsonwriter.com"
207.46.13.118 - - [11/Jul/2021:05:46:53 -0400] "GET / HTTP/1.1" 301 592 "-" "Mozilla/5.0 (compatible; bingbot/2.0; +http://www.bing.com/bingbot.htm)"
64.20.61.52 - - [11/Jul/2021:05:57:10 -0400] "POST /wp-cron.php?doing_wp_cron=1625997430.1732189655303955078125 HTTP/1.1" 301 673 "-" "WordPress/5.7.2; http://daniewatsonwriter.com"
64.20.61.52 - - [11/Jul/2021:06:01:29 -0400] "POST /wp-cron.php?doing_wp_cron=1625997689.6338961124420166015625 HTTP/1.1" 301 673 "-" "WordPress/5.7.2; http://daniewatsonwriter.com"
185.191.34.215 - - [11/Jul/2021:06:03:16 -0400] "POST /Adoni.php HTTP/1.1" 404 6596 "-" "Mozilla/5.0 (Windows NT 10.0; Win64; x64) AppleWebKit/537.36 (KHTML, like Gecko) Chrome/74.0.3729.169 Safari/537.36"
148.72.215.37 - - [11/Jul/2021:06:04:15 -0400] "GET /wp-login.php HTTP/1.1" 200 8075 "-" "Mozilla/5.0 (X11; Ubuntu; Linux x86_64; rv:62.0) Gecko/20100101 Firefox/62.0"
148.72.215.37 - - [11/Jul/2021:06:04:16 -0400] "POST /wp-login.php HTTP/1.1" 200 8200 "-" "Mozilla/5.0 (X11; Ubuntu; Linux x86_64; rv:62.0) Gecko/20100101 Firefox/62.0"
148.72.215.37 - - [11/Jul/2021:06:04:17 -0400] "GET /wp-login.php HTTP/1.1" 200 8075 "-" "Mozilla/5.0 (X11; Ubuntu; Linux x86_64; rv:62.0) Gecko/20100101 Firefox/62.0"
148.72.215.37 - - [11/Jul/2021:06:04:19 -0400] "POST /wp-login.php HTTP/1.1" 200 8177 "-" "Mozilla/5.0 (X11; Ubuntu; Linux x86_64; rv:62.0) Gecko/20100101 Firefox/62.0"
148.72.215.37 - - [11/Jul/2021:06:04:20 -0400] "POST /xmlrpc.php HTTP/1.1" 200 5786 "-" "Mozilla/5.0 (X11; Ubuntu; Linux x86_64; rv:62.0) Gecko/20100101 Firefox/62.0"
64.20.61.52 - - [11/Jul/2021:06:04:40 -0400] "POST /wp-cron.php?doing_wp_cron=1625997880.1726489067077636718750 HTTP/1.1" 301 673 "-" "WordPress/5.7.2; http://daniewatsonwriter.com"
204.48.19.85 - - [11/Jul/2021:06:09:39 -0400] "POST /wp-cron.php?doing_wp_cron=1625998179.7549550533294677734375 HTTP/1.1" 200 6261 "https://daniewatsonwriter.com/wp-cron.php?doing_wp_cron=1625998179.7549550533294677734375" "WordPress/5.7.2; https://daniewatsonwriter.com"
173.208.244.94 - - [11/Jul/2021:06:09:39 -0400] "GET /wp-login.php HTTP/1.1" 200 14273 "-" "Mozilla/5.0 (iPhone; CPU iPhone OS 7_1 like Mac OS X) AppleWebKit/537.51.2 (KHTML, like Gecko) Version/7.0 Mobile/11D167 Safari/9537.53"
173.208.244.94 - - [11/Jul/2021:06:09:39 -0400] "POST /wp-login.php HTTP/1.1" 200 9332 "-" "Mozilla/5.0 (iPhone; CPU iPhone OS 7_1 like Mac OS X) AppleWebKit/537.51.2 (KHTML, like Gecko) Version/7.0 Mobile/11D167 Safari/9537.53"
64.20.61.52 - - [11/Jul/2021:06:27:02 -0400] "POST /wp-cron.php?doing_wp_cron=1625999222.8898758888244628906250 HTTP/1.1" 200 5737 "-" "WordPress/5.7.2; https://daniewatsonwriter.com"
64.20.61.52 - - [11/Jul/2021:06:29:42 -0400] "POST /wp-cron.php?doing_wp_cron=1625999382.9250888824462890625000 HTTP/1.1" 200 5737 "-" "WordPress/5.7.2; https://daniewatsonwriter.com"
104.236.121.187 - - [11/Jul/2021:06:29:53 -0400] "POST /wp-login.php HTTP/1.1" 200 8199 "-" "Mozilla/5.0 (X11; Ubuntu; Linux x86_64; rv:62.0) Gecko/20100101 Firefox/62.0"
104.236.121.187 - - [11/Jul/2021:06:29:58 -0400] "GET /wp-login.php HTTP/1.1" 200 8075 "-" "Mozilla/5.0 (X11; Ubuntu; Linux x86_64; rv:62.0) Gecko/20100101 Firefox/62.0"
104.236.121.187 - - [11/Jul/2021:06:30:03 -0400] "POST /wp-login.php HTTP/1.1" 200 8177 "-" "Mozilla/5.0 (X11; Ubuntu; Linux x86_64; rv:62.0) Gecko/20100101 Firefox/62.0"
104.236.121.187 - - [11/Jul/2021:06:30:08 -0400] "POST /xmlrpc.php HTTP/1.1" 200 5786 "-" "Mozilla/5.0 (X11; Ubuntu; Linux x86_64; rv:62.0) Gecko/20100101 Firefox/62.0"
64.20.61.52 - - [11/Jul/2021:06:32:50 -0400] "POST /wp-cron.php?doing_wp_cron=1625999570.5295960903167724609375 HTTP/1.1" 200 5737 "-" "WordPress/5.7.2; https://daniewatsonwriter.com"
64.20.61.52 - - [11/Jul/2021:06:42:18 -0400] "POST /wp-cron.php?doing_wp_cron=1626000138.9341650009155273437500 HTTP/1.1" 200 5737 "-" "WordPress/5.7.2; https://daniewatsonwriter.com"
64.20.61.52 - - [11/Jul/2021:06:48:16 -0400] "POST /wp-cron.php?doing_wp_cron=1626000496.8678939342498779296875 HTTP/1.1" 301 673 "-" "WordPress/5.7.2; http://daniewatsonwriter.com"
64.20.61.52 - - [11/Jul/2021:06:53:08 -0400] "POST /wp-cron.php?doing_wp_cron=1626000788.6747949123382568359375 HTTP/1.1" 301 673 "-" "WordPress/5.7.2; http://daniewatsonwriter.com"
64.20.61.52 - - [11/Jul/2021:06:54:12 -0400] "POST /wp-cron.php?doing_wp_cron=1626000852.1190879344940185546875 HTTP/1.1" 301 673 "-" "WordPress/5.7.2; http://daniewatsonwriter.com"
184.168.126.206 - - [11/Jul/2021:06:55:19 -0400] "GET /wp-login.php HTTP/1.1" 200 8075 "-" "Mozilla/5.0 (X11; Ubuntu; Linux x86_64; rv:62.0) Gecko/20100101 Firefox/62.0"
184.168.126.206 - - [11/Jul/2021:06:55:20 -0400] "POST /wp-login.php HTTP/1.1" 200 8200 "-" "Mozilla/5.0 (X11; Ubuntu; Linux x86_64; rv:62.0) Gecko/20100101 Firefox/62.0"
184.168.126.206 - - [11/Jul/2021:06:55:21 -0400] "GET /wp-login.php HTTP/1.1" 200 8075 "-" "Mozilla/5.0 (X11; Ubuntu; Linux x86_64; rv:62.0) Gecko/20100101 Firefox/62.0"
184.168.126.206 - - [11/Jul/2021:06:55:22 -0400] "POST /wp-login.php HTTP/1.1" 200 8198 "-" "Mozilla/5.0 (X11; Ubuntu; Linux x86_64; rv:62.0) Gecko/20100101 Firefox/62.0"
184.168.126.206 - - [11/Jul/2021:06:55:23 -0400] "POST /xmlrpc.php HTTP/1.1" 200 5786 "-" "Mozilla/5.0 (X11; Ubuntu; Linux x86_64; rv:62.0) Gecko/20100101 Firefox/62.0"
64.20.61.52 - - [11/Jul/2021:06:55:51 -0400] "POST /wp-cron.php?doing_wp_cron=1626000951.4745531082153320312500 HTTP/1.1" 200 5737 "-" "WordPress/5.7.2; https://daniewatsonwriter.com"
64.20.61.52 - - [11/Jul/2021:07:02:30 -0400] "POST /wp-cron.php?doing_wp_cron=1626001350.3155410289764404296875 HTTP/1.1" 200 5737 "-" "WordPress/5.7.2; https://daniewatsonwriter.com"
110.82.1.93 - - [11/Jul/2021:07:05:51 -0400] "GET /home/ HTTP/1.1" 404 6088 "https://daniewatsonwriter.com/home/" "Mozilla/5.0 (Windows NT 10.0; Win64; x64) AppleWebKit/537.36 (KHTML, like Gecko) Chrome/80.0.3987.149 Safari/537.36"
204.48.19.85 - - [11/Jul/2021:07:10:37 -0400] "POST /wp-cron.php?doing_wp_cron=1626001837.1206829547882080078125 HTTP/1.1" 200 6261 "https://daniewatsonwriter.com/wp-cron.php?doing_wp_cron=1626001837.1206829547882080078125" "WordPress/5.7.2; https://daniewatsonwriter.com"
54.218.139.108 - - [11/Jul/2021:07:10:36 -0400] "GET / HTTP/1.1" 200 11790 "-" "Mozilla/5.0 (X11; Linux x86_64) AppleWebKit/537.36 (KHTML, like Gecko) Chrome/83.0.4103.97 Safari/537.36"
64.20.61.52 - - [11/Jul/2021:07:15:56 -0400] "POST /wp-cron.php?doing_wp_cron=1626002156.3768889904022216796875 HTTP/1.1" 200 5737 "-" "WordPress/5.7.2; https://daniewatsonwriter.com"
64.20.61.52 - - [11/Jul/2021:07:20:01 -0400] "POST /wp-cron.php?doing_wp_cron=1626002401.4968540668487548828125 HTTP/1.1" 200 5737 "-" "WordPress/5.7.2; https://daniewatsonwriter.com"
146.164.84.216 - - [11/Jul/2021:07:23:32 -0400] "GET /wp-login.php HTTP/1.1" 200 8075 "-" "Mozilla/5.0 (X11; Ubuntu; Linux x86_64; rv:62.0) Gecko/20100101 Firefox/62.0"
146.164.84.216 - - [11/Jul/2021:07:23:33 -0400] "POST /wp-login.php HTTP/1.1" 200 8200 "-" "Mozilla/5.0 (X11; Ubuntu; Linux x86_64; rv:62.0) Gecko/20100101 Firefox/62.0"
146.164.84.216 - - [11/Jul/2021:07:23:33 -0400] "GET /wp-login.php HTTP/1.1" 200 8075 "-" "Mozilla/5.0 (X11; Ubuntu; Linux x86_64; rv:62.0) Gecko/20100101 Firefox/62.0"
146.164.84.216 - - [11/Jul/2021:07:23:34 -0400] "POST /wp-login.php HTTP/1.1" 200 8198 "-" "Mozilla/5.0 (X11; Ubuntu; Linux x86_64; rv:62.0) Gecko/20100101 Firefox/62.0"
146.164.84.216 - - [11/Jul/2021:07:23:35 -0400] "POST /xmlrpc.php HTTP/1.1" 200 5786 "-" "Mozilla/5.0 (X11; Ubuntu; Linux x86_64; rv:62.0) Gecko/20100101 Firefox/62.0"
64.20.61.52 - - [11/Jul/2021:07:28:24 -0400] "POST /wp-cron.php?doing_wp_cron=1626002904.8779349327087402343750 HTTP/1.1" 200 5737 "-" "WordPress/5.7.2; https://daniewatsonwriter.com"
34.209.232.149 - - [11/Jul/2021:07:35:05 -0400] "GET / HTTP/1.1" 301 536 "-" "Mozilla/5.0 (X11; Linux x86_64) AppleWebKit/537.36 (KHTML, like Gecko) Chrome/83.0.4103.97 Safari/537.36"
34.209.232.149 - - [11/Jul/2021:07:35:13 -0400] "GET / HTTP/1.1" 200 11790 "-" "Mozilla/5.0 (X11; Linux x86_64) AppleWebKit/537.36 (KHTML, like Gecko) Chrome/83.0.4103.97 Safari/537.36"
34.217.208.190 - - [11/Jul/2021:07:36:26 -0400] "GET /favicon.ico HTTP/1.1" 301 558 "-" "Mozilla/5.0 (X11; Linux x86_64) AppleWebKit/537.36 (KHTML, like Gecko) Chrome/83.0.4103.97 Safari/537.36"
34.217.208.190 - - [11/Jul/2021:07:36:30 -0400] "GET / HTTP/1.1" 301 536 "-" "Mozilla/5.0 (X11; Linux x86_64) AppleWebKit/537.36 (KHTML, like Gecko) Chrome/83.0.4103.97 Safari/537.36"
52.43.89.82 - - [11/Jul/2021:07:36:58 -0400] "GET /favicon.ico HTTP/1.1" 301 558 "-" "Mozilla/5.0 (X11; Linux x86_64) AppleWebKit/537.36 (KHTML, like Gecko) Chrome/83.0.4103.97 Safari/537.36"
