176.123.9.201 - - [30/Jun/2021:10:20:39 -0400] "POST //xmlrpc.php HTTP/1.1" 200 5377 "-" "Mozilla/5.0 (Windows NT 10.0; Win64; x64) AppleWebKit/537.36 (KHTML, like Gecko) Chrome/88.0.4240.193 Safari/537.36"
176.123.9.201 - - [30/Jun/2021:10:20:40 -0400] "POST //xmlrpc.php HTTP/1.1" 200 5377 "-" "Mozilla/5.0 (Windows NT 10.0; Win64; x64) AppleWebKit/537.36 (KHTML, like Gecko) Chrome/88.0.4240.193 Safari/537.36"
176.123.9.201 - - [30/Jun/2021:10:20:41 -0400] "POST //xmlrpc.php HTTP/1.1" 200 5377 "-" "Mozilla/5.0 (Windows NT 10.0; Win64; x64) AppleWebKit/537.36 (KHTML, like Gecko) Chrome/88.0.4240.193 Safari/537.36"
176.123.9.201 - - [30/Jun/2021:10:20:42 -0400] "POST //xmlrpc.php HTTP/1.1" 200 5377 "-" "Mozilla/5.0 (Windows NT 10.0; Win64; x64) AppleWebKit/537.36 (KHTML, like Gecko) Chrome/88.0.4240.193 Safari/537.36"
176.123.9.201 - - [30/Jun/2021:10:20:43 -0400] "POST //xmlrpc.php HTTP/1.1" 200 5377 "-" "Mozilla/5.0 (Windows NT 10.0; Win64; x64) AppleWebKit/537.36 (KHTML, like Gecko) Chrome/88.0.4240.193 Safari/537.36"
176.123.9.201 - - [30/Jun/2021:10:20:43 -0400] "POST //xmlrpc.php HTTP/1.1" 200 5377 "-" "Mozilla/5.0 (Windows NT 10.0; Win64; x64) AppleWebKit/537.36 (KHTML, like Gecko) Chrome/88.0.4240.193 Safari/537.36"
176.123.9.201 - - [30/Jun/2021:10:20:44 -0400] "POST //xmlrpc.php HTTP/1.1" 200 5377 "-" "Mozilla/5.0 (Windows NT 10.0; Win64; x64) AppleWebKit/537.36 (KHTML, like Gecko) Chrome/88.0.4240.193 Safari/537.36"
176.123.9.201 - - [30/Jun/2021:10:20:45 -0400] "POST //xmlrpc.php HTTP/1.1" 200 5377 "-" "Mozilla/5.0 (Windows NT 10.0; Win64; x64) AppleWebKit/537.36 (KHTML, like Gecko) Chrome/88.0.4240.193 Safari/537.36"
176.123.9.201 - - [30/Jun/2021:10:20:46 -0400] "POST //xmlrpc.php HTTP/1.1" 200 5377 "-" "Mozilla/5.0 (Windows NT 10.0; Win64; x64) AppleWebKit/537.36 (KHTML, like Gecko) Chrome/88.0.4240.193 Safari/537.36"
176.123.9.201 - - [30/Jun/2021:10:20:47 -0400] "POST //xmlrpc.php HTTP/1.1" 200 5377 "-" "Mozilla/5.0 (Windows NT 10.0; Win64; x64) AppleWebKit/537.36 (KHTML, like Gecko) Chrome/88.0.4240.193 Safari/537.36"
176.123.9.201 - - [30/Jun/2021:10:20:48 -0400] "POST //xmlrpc.php HTTP/1.1" 200 5377 "-" "Mozilla/5.0 (Windows NT 10.0; Win64; x64) AppleWebKit/537.36 (KHTML, like Gecko) Chrome/88.0.4240.193 Safari/537.36"
176.123.9.201 - - [30/Jun/2021:10:20:49 -0400] "POST //xmlrpc.php HTTP/1.1" 200 5377 "-" "Mozilla/5.0 (Windows NT 10.0; Win64; x64) AppleWebKit/537.36 (KHTML, like Gecko) Chrome/88.0.4240.193 Safari/537.36"
176.123.9.201 - - [30/Jun/2021:10:20:50 -0400] "POST //xmlrpc.php HTTP/1.1" 200 5377 "-" "Mozilla/5.0 (Windows NT 10.0; Win64; x64) AppleWebKit/537.36 (KHTML, like Gecko) Chrome/88.0.4240.193 Safari/537.36"
176.123.9.201 - - [30/Jun/2021:10:20:51 -0400] "POST //xmlrpc.php HTTP/1.1" 200 5377 "-" "Mozilla/5.0 (Windows NT 10.0; Win64; x64) AppleWebKit/537.36 (KHTML, like Gecko) Chrome/88.0.4240.193 Safari/537.36"
176.123.9.201 - - [30/Jun/2021:10:20:51 -0400] "POST //xmlrpc.php HTTP/1.1" 200 5377 "-" "Mozilla/5.0 (Windows NT 10.0; Win64; x64) AppleWebKit/537.36 (KHTML, like Gecko) Chrome/88.0.4240.193 Safari/537.36"
176.123.9.201 - - [30/Jun/2021:10:20:52 -0400] "POST //xmlrpc.php HTTP/1.1" 200 5377 "-" "Mozilla/5.0 (Windows NT 10.0; Win64; x64) AppleWebKit/537.36 (KHTML, like Gecko) Chrome/88.0.4240.193 Safari/537.36"
176.123.9.201 - - [30/Jun/2021:10:20:53 -0400] "POST //xmlrpc.php HTTP/1.1" 200 5377 "-" "Mozilla/5.0 (Windows NT 10.0; Win64; x64) AppleWebKit/537.36 (KHTML, like Gecko) Chrome/88.0.4240.193 Safari/537.36"
176.123.9.201 - - [30/Jun/2021:10:20:54 -0400] "POST //xmlrpc.php HTTP/1.1" 200 5377 "-" "Mozilla/5.0 (Windows NT 10.0; Win64; x64) AppleWebKit/537.36 (KHTML, like Gecko) Chrome/88.0.4240.193 Safari/537.36"
176.123.9.201 - - [30/Jun/2021:10:20:55 -0400] "POST //xmlrpc.php HTTP/1.1" 200 5377 "-" "Mozilla/5.0 (Windows NT 10.0; Win64; x64) AppleWebKit/537.36 (KHTML, like Gecko) Chrome/88.0.4240.193 Safari/537.36"
176.123.9.201 - - [30/Jun/2021:10:20:56 -0400] "POST //xmlrpc.php HTTP/1.1" 200 5377 "-" "Mozilla/5.0 (Windows NT 10.0; Win64; x64) AppleWebKit/537.36 (KHTML, like Gecko) Chrome/88.0.4240.193 Safari/537.36"
176.123.9.201 - - [30/Jun/2021:10:20:56 -0400] "POST //xmlrpc.php HTTP/1.1" 200 5377 "-" "Mozilla/5.0 (Windows NT 10.0; Win64; x64) AppleWebKit/537.36 (KHTML, like Gecko) Chrome/88.0.4240.193 Safari/537.36"
176.123.9.201 - - [30/Jun/2021:10:20:57 -0400] "POST //xmlrpc.php HTTP/1.1" 200 5377 "-" "Mozilla/5.0 (Windows NT 10.0; Win64; x64) AppleWebKit/537.36 (KHTML, like Gecko) Chrome/88.0.4240.193 Safari/537.36"
176.123.9.201 - - [30/Jun/2021:10:20:58 -0400] "POST //xmlrpc.php HTTP/1.1" 200 5377 "-" "Mozilla/5.0 (Windows NT 10.0; Win64; x64) AppleWebKit/537.36 (KHTML, like Gecko) Chrome/88.0.4240.193 Safari/537.36"
176.123.9.201 - - [30/Jun/2021:10:20:59 -0400] "POST //xmlrpc.php HTTP/1.1" 200 5377 "-" "Mozilla/5.0 (Windows NT 10.0; Win64; x64) AppleWebKit/537.36 (KHTML, like Gecko) Chrome/88.0.4240.193 Safari/537.36"
176.123.9.201 - - [30/Jun/2021:10:21:00 -0400] "POST //xmlrpc.php HTTP/1.1" 200 5377 "-" "Mozilla/5.0 (Windows NT 10.0; Win64; x64) AppleWebKit/537.36 (KHTML, like Gecko) Chrome/88.0.4240.193 Safari/537.36"
176.123.9.201 - - [30/Jun/2021:10:21:01 -0400] "POST //xmlrpc.php HTTP/1.1" 200 5377 "-" "Mozilla/5.0 (Windows NT 10.0; Win64; x64) AppleWebKit/537.36 (KHTML, like Gecko) Chrome/88.0.4240.193 Safari/537.36"
176.123.9.201 - - [30/Jun/2021:10:21:02 -0400] "POST //xmlrpc.php HTTP/1.1" 200 5377 "-" "Mozilla/5.0 (Windows NT 10.0; Win64; x64) AppleWebKit/537.36 (KHTML, like Gecko) Chrome/88.0.4240.193 Safari/537.36"
176.123.9.201 - - [30/Jun/2021:10:21:03 -0400] "POST //xmlrpc.php HTTP/1.1" 200 5377 "-" "Mozilla/5.0 (Windows NT 10.0; Win64; x64) AppleWebKit/537.36 (KHTML, like Gecko) Chrome/88.0.4240.193 Safari/537.36"
176.123.9.201 - - [30/Jun/2021:10:21:04 -0400] "POST //xmlrpc.php HTTP/1.1" 200 5377 "-" "Mozilla/5.0 (Windows NT 10.0; Win64; x64) AppleWebKit/537.36 (KHTML, like Gecko) Chrome/88.0.4240.193 Safari/537.36"
176.123.9.201 - - [30/Jun/2021:10:21:05 -0400] "POST //xmlrpc.php HTTP/1.1" 200 5377 "-" "Mozilla/5.0 (Windows NT 10.0; Win64; x64) AppleWebKit/537.36 (KHTML, like Gecko) Chrome/88.0.4240.193 Safari/537.36"
176.123.9.201 - - [30/Jun/2021:10:21:06 -0400] "POST //xmlrpc.php HTTP/1.1" 200 5377 "-" "Mozilla/5.0 (Windows NT 10.0; Win64; x64) AppleWebKit/537.36 (KHTML, like Gecko) Chrome/88.0.4240.193 Safari/537.36"
176.123.9.201 - - [30/Jun/2021:10:21:07 -0400] "POST //xmlrpc.php HTTP/1.1" 200 5377 "-" "Mozilla/5.0 (Windows NT 10.0; Win64; x64) AppleWebKit/537.36 (KHTML, like Gecko) Chrome/88.0.4240.193 Safari/537.36"
176.123.9.201 - - [30/Jun/2021:10:21:08 -0400] "POST //xmlrpc.php HTTP/1.1" 200 5377 "-" "Mozilla/5.0 (Windows NT 10.0; Win64; x64) AppleWebKit/537.36 (KHTML, like Gecko) Chrome/88.0.4240.193 Safari/537.36"
176.123.9.201 - - [30/Jun/2021:10:21:09 -0400] "POST //xmlrpc.php HTTP/1.1" 200 5377 "-" "Mozilla/5.0 (Windows NT 10.0; Win64; x64) AppleWebKit/537.36 (KHTML, like Gecko) Chrome/88.0.4240.193 Safari/537.36"
176.123.9.201 - - [30/Jun/2021:10:21:10 -0400] "POST //xmlrpc.php HTTP/1.1" 200 5377 "-" "Mozilla/5.0 (Windows NT 10.0; Win64; x64) AppleWebKit/537.36 (KHTML, like Gecko) Chrome/88.0.4240.193 Safari/537.36"
176.123.9.201 - - [30/Jun/2021:10:21:11 -0400] "POST //xmlrpc.php HTTP/1.1" 200 5377 "-" "Mozilla/5.0 (Windows NT 10.0; Win64; x64) AppleWebKit/537.36 (KHTML, like Gecko) Chrome/88.0.4240.193 Safari/537.36"
176.123.9.201 - - [30/Jun/2021:10:21:12 -0400] "POST //xmlrpc.php HTTP/1.1" 200 5377 "-" "Mozilla/5.0 (Windows NT 10.0; Win64; x64) AppleWebKit/537.36 (KHTML, like Gecko) Chrome/88.0.4240.193 Safari/537.36"
176.123.9.201 - - [30/Jun/2021:10:21:13 -0400] "POST //xmlrpc.php HTTP/1.1" 200 5377 "-" "Mozilla/5.0 (Windows NT 10.0; Win64; x64) AppleWebKit/537.36 (KHTML, like Gecko) Chrome/88.0.4240.193 Safari/537.36"
176.123.9.201 - - [30/Jun/2021:10:21:14 -0400] "POST //xmlrpc.php HTTP/1.1" 200 5377 "-" "Mozilla/5.0 (Windows NT 10.0; Win64; x64) AppleWebKit/537.36 (KHTML, like Gecko) Chrome/88.0.4240.193 Safari/537.36"
176.123.9.201 - - [30/Jun/2021:10:21:15 -0400] "POST //xmlrpc.php HTTP/1.1" 200 5377 "-" "Mozilla/5.0 (Windows NT 10.0; Win64; x64) AppleWebKit/537.36 (KHTML, like Gecko) Chrome/88.0.4240.193 Safari/537.36"
176.123.9.201 - - [30/Jun/2021:10:21:16 -0400] "POST //xmlrpc.php HTTP/1.1" 200 5377 "-" "Mozilla/5.0 (Windows NT 10.0; Win64; x64) AppleWebKit/537.36 (KHTML, like Gecko) Chrome/88.0.4240.193 Safari/537.36"
176.123.9.201 - - [30/Jun/2021:10:21:17 -0400] "POST //xmlrpc.php HTTP/1.1" 200 5377 "-" "Mozilla/5.0 (Windows NT 10.0; Win64; x64) AppleWebKit/537.36 (KHTML, like Gecko) Chrome/88.0.4240.193 Safari/537.36"
176.123.9.201 - - [30/Jun/2021:10:21:17 -0400] "POST //xmlrpc.php HTTP/1.1" 200 5377 "-" "Mozilla/5.0 (Windows NT 10.0; Win64; x64) AppleWebKit/537.36 (KHTML, like Gecko) Chrome/88.0.4240.193 Safari/537.36"
176.123.9.201 - - [30/Jun/2021:10:21:18 -0400] "POST //xmlrpc.php HTTP/1.1" 200 5377 "-" "Mozilla/5.0 (Windows NT 10.0; Win64; x64) AppleWebKit/537.36 (KHTML, like Gecko) Chrome/88.0.4240.193 Safari/537.36"
176.123.9.201 - - [30/Jun/2021:10:21:19 -0400] "POST //xmlrpc.php HTTP/1.1" 200 5377 "-" "Mozilla/5.0 (Windows NT 10.0; Win64; x64) AppleWebKit/537.36 (KHTML, like Gecko) Chrome/88.0.4240.193 Safari/537.36"
176.123.9.201 - - [30/Jun/2021:10:21:20 -0400] "POST //xmlrpc.php HTTP/1.1" 200 5377 "-" "Mozilla/5.0 (Windows NT 10.0; Win64; x64) AppleWebKit/537.36 (KHTML, like Gecko) Chrome/88.0.4240.193 Safari/537.36"
176.123.9.201 - - [30/Jun/2021:10:21:21 -0400] "POST //xmlrpc.php HTTP/1.1" 200 5377 "-" "Mozilla/5.0 (Windows NT 10.0; Win64; x64) AppleWebKit/537.36 (KHTML, like Gecko) Chrome/88.0.4240.193 Safari/537.36"
176.123.9.201 - - [30/Jun/2021:10:21:22 -0400] "POST //xmlrpc.php HTTP/1.1" 200 5377 "-" "Mozilla/5.0 (Windows NT 10.0; Win64; x64) AppleWebKit/537.36 (KHTML, like Gecko) Chrome/88.0.4240.193 Safari/537.36"
176.123.9.201 - - [30/Jun/2021:10:21:22 -0400] "POST //xmlrpc.php HTTP/1.1" 200 5377 "-" "Mozilla/5.0 (Windows NT 10.0; Win64; x64) AppleWebKit/537.36 (KHTML, like Gecko) Chrome/88.0.4240.193 Safari/537.36"
176.123.9.201 - - [30/Jun/2021:10:21:23 -0400] "POST //xmlrpc.php HTTP/1.1" 200 5377 "-" "Mozilla/5.0 (Windows NT 10.0; Win64; x64) AppleWebKit/537.36 (KHTML, like Gecko) Chrome/88.0.4240.193 Safari/537.36"
176.123.9.201 - - [30/Jun/2021:10:21:27 -0400] "POST //xmlrpc.php HTTP/1.1" 200 5377 "-" "Mozilla/5.0 (Windows NT 10.0; Win64; x64) AppleWebKit/537.36 (KHTML, like Gecko) Chrome/88.0.4240.193 Safari/537.36"
176.123.9.201 - - [30/Jun/2021:10:21:28 -0400] "POST //xmlrpc.php HTTP/1.1" 200 5377 "-" "Mozilla/5.0 (Windows NT 10.0; Win64; x64) AppleWebKit/537.36 (KHTML, like Gecko) Chrome/88.0.4240.193 Safari/537.36"
176.123.9.201 - - [30/Jun/2021:10:21:29 -0400] "POST //xmlrpc.php HTTP/1.1" 200 5377 "-" "Mozilla/5.0 (Windows NT 10.0; Win64; x64) AppleWebKit/537.36 (KHTML, like Gecko) Chrome/88.0.4240.193 Safari/537.36"
176.123.9.201 - - [30/Jun/2021:10:21:30 -0400] "POST //xmlrpc.php HTTP/1.1" 200 5377 "-" "Mozilla/5.0 (Windows NT 10.0; Win64; x64) AppleWebKit/537.36 (KHTML, like Gecko) Chrome/88.0.4240.193 Safari/537.36"
176.123.9.201 - - [30/Jun/2021:10:21:31 -0400] "POST //xmlrpc.php HTTP/1.1" 200 5377 "-" "Mozilla/5.0 (Windows NT 10.0; Win64; x64) AppleWebKit/537.36 (KHTML, like Gecko) Chrome/88.0.4240.193 Safari/537.36"
176.123.9.201 - - [30/Jun/2021:10:21:32 -0400] "POST //xmlrpc.php HTTP/1.1" 200 5377 "-" "Mozilla/5.0 (Windows NT 10.0; Win64; x64) AppleWebKit/537.36 (KHTML, like Gecko) Chrome/88.0.4240.193 Safari/537.36"
176.123.9.201 - - [30/Jun/2021:10:21:33 -0400] "POST //xmlrpc.php HTTP/1.1" 200 5377 "-" "Mozilla/5.0 (Windows NT 10.0; Win64; x64) AppleWebKit/537.36 (KHTML, like Gecko) Chrome/88.0.4240.193 Safari/537.36"
176.123.9.201 - - [30/Jun/2021:10:21:34 -0400] "POST //xmlrpc.php HTTP/1.1" 200 5377 "-" "Mozilla/5.0 (Windows NT 10.0; Win64; x64) AppleWebKit/537.36 (KHTML, like Gecko) Chrome/88.0.4240.193 Safari/537.36"
176.123.9.201 - - [30/Jun/2021:10:21:35 -0400] "POST //xmlrpc.php HTTP/1.1" 200 5377 "-" "Mozilla/5.0 (Windows NT 10.0; Win64; x64) AppleWebKit/537.36 (KHTML, like Gecko) Chrome/88.0.4240.193 Safari/537.36"
176.123.9.201 - - [30/Jun/2021:10:21:36 -0400] "POST //xmlrpc.php HTTP/1.1" 200 5377 "-" "Mozilla/5.0 (Windows NT 10.0; Win64; x64) AppleWebKit/537.36 (KHTML, like Gecko) Chrome/88.0.4240.193 Safari/537.36"
176.123.9.201 - - [30/Jun/2021:10:21:37 -0400] "POST //xmlrpc.php HTTP/1.1" 200 5377 "-" "Mozilla/5.0 (Windows NT 10.0; Win64; x64) AppleWebKit/537.36 (KHTML, like Gecko) Chrome/88.0.4240.193 Safari/537.36"
176.123.9.201 - - [30/Jun/2021:10:21:37 -0400] "POST //xmlrpc.php HTTP/1.1" 200 5377 "-" "Mozilla/5.0 (Windows NT 10.0; Win64; x64) AppleWebKit/537.36 (KHTML, like Gecko) Chrome/88.0.4240.193 Safari/537.36"
176.123.9.201 - - [30/Jun/2021:10:21:38 -0400] "POST //xmlrpc.php HTTP/1.1" 200 5377 "-" "Mozilla/5.0 (Windows NT 10.0; Win64; x64) AppleWebKit/537.36 (KHTML, like Gecko) Chrome/88.0.4240.193 Safari/537.36"
176.123.9.201 - - [30/Jun/2021:10:21:39 -0400] "POST //xmlrpc.php HTTP/1.1" 200 5377 "-" "Mozilla/5.0 (Windows NT 10.0; Win64; x64) AppleWebKit/537.36 (KHTML, like Gecko) Chrome/88.0.4240.193 Safari/537.36"
176.123.9.201 - - [30/Jun/2021:10:21:40 -0400] "POST //xmlrpc.php HTTP/1.1" 200 5377 "-" "Mozilla/5.0 (Windows NT 10.0; Win64; x64) AppleWebKit/537.36 (KHTML, like Gecko) Chrome/88.0.4240.193 Safari/537.36"
176.123.9.201 - - [30/Jun/2021:10:21:41 -0400] "POST //xmlrpc.php HTTP/1.1" 200 5377 "-" "Mozilla/5.0 (Windows NT 10.0; Win64; x64) AppleWebKit/537.36 (KHTML, like Gecko) Chrome/88.0.4240.193 Safari/537.36"
176.123.9.201 - - [30/Jun/2021:10:21:43 -0400] "POST //xmlrpc.php HTTP/1.1" 200 5377 "-" "Mozilla/5.0 (Windows NT 10.0; Win64; x64) AppleWebKit/537.36 (KHTML, like Gecko) Chrome/88.0.4240.193 Safari/537.36"
176.123.9.201 - - [30/Jun/2021:10:21:44 -0400] "POST //xmlrpc.php HTTP/1.1" 200 5377 "-" "Mozilla/5.0 (Windows NT 10.0; Win64; x64) AppleWebKit/537.36 (KHTML, like Gecko) Chrome/88.0.4240.193 Safari/537.36"
176.123.9.201 - - [30/Jun/2021:10:21:45 -0400] "POST //xmlrpc.php HTTP/1.1" 200 5377 "-" "Mozilla/5.0 (Windows NT 10.0; Win64; x64) AppleWebKit/537.36 (KHTML, like Gecko) Chrome/88.0.4240.193 Safari/537.36"
176.123.9.201 - - [30/Jun/2021:10:21:46 -0400] "POST //xmlrpc.php HTTP/1.1" 200 5377 "-" "Mozilla/5.0 (Windows NT 10.0; Win64; x64) AppleWebKit/537.36 (KHTML, like Gecko) Chrome/88.0.4240.193 Safari/537.36"
176.123.9.201 - - [30/Jun/2021:10:21:47 -0400] "POST //xmlrpc.php HTTP/1.1" 200 5377 "-" "Mozilla/5.0 (Windows NT 10.0; Win64; x64) AppleWebKit/537.36 (KHTML, like Gecko) Chrome/88.0.4240.193 Safari/537.36"
176.123.9.201 - - [30/Jun/2021:10:21:48 -0400] "POST //xmlrpc.php HTTP/1.1" 200 5377 "-" "Mozilla/5.0 (Windows NT 10.0; Win64; x64) AppleWebKit/537.36 (KHTML, like Gecko) Chrome/88.0.4240.193 Safari/537.36"
176.123.9.201 - - [30/Jun/2021:10:21:49 -0400] "POST //xmlrpc.php HTTP/1.1" 200 5377 "-" "Mozilla/5.0 (Windows NT 10.0; Win64; x64) AppleWebKit/537.36 (KHTML, like Gecko) Chrome/88.0.4240.193 Safari/537.36"
176.123.9.201 - - [30/Jun/2021:10:21:49 -0400] "POST //xmlrpc.php HTTP/1.1" 200 5377 "-" "Mozilla/5.0 (Windows NT 10.0; Win64; x64) AppleWebKit/537.36 (KHTML, like Gecko) Chrome/88.0.4240.193 Safari/537.36"
176.123.9.201 - - [30/Jun/2021:10:21:50 -0400] "POST //xmlrpc.php HTTP/1.1" 200 5377 "-" "Mozilla/5.0 (Windows NT 10.0; Win64; x64) AppleWebKit/537.36 (KHTML, like Gecko) Chrome/88.0.4240.193 Safari/537.36"
176.123.9.201 - - [30/Jun/2021:10:21:51 -0400] "POST //xmlrpc.php HTTP/1.1" 200 5377 "-" "Mozilla/5.0 (Windows NT 10.0; Win64; x64) AppleWebKit/537.36 (KHTML, like Gecko) Chrome/88.0.4240.193 Safari/537.36"
176.123.9.201 - - [30/Jun/2021:10:21:52 -0400] "POST //xmlrpc.php HTTP/1.1" 200 5377 "-" "Mozilla/5.0 (Windows NT 10.0; Win64; x64) AppleWebKit/537.36 (KHTML, like Gecko) Chrome/88.0.4240.193 Safari/537.36"
176.123.9.201 - - [30/Jun/2021:10:21:53 -0400] "POST //xmlrpc.php HTTP/1.1" 200 5377 "-" "Mozilla/5.0 (Windows NT 10.0; Win64; x64) AppleWebKit/537.36 (KHTML, like Gecko) Chrome/88.0.4240.193 Safari/537.36"
176.123.9.201 - - [30/Jun/2021:10:21:54 -0400] "POST //xmlrpc.php HTTP/1.1" 200 5377 "-" "Mozilla/5.0 (Windows NT 10.0; Win64; x64) AppleWebKit/537.36 (KHTML, like Gecko) Chrome/88.0.4240.193 Safari/537.36"
176.123.9.201 - - [30/Jun/2021:10:21:55 -0400] "POST //xmlrpc.php HTTP/1.1" 200 5377 "-" "Mozilla/5.0 (Windows NT 10.0; Win64; x64) AppleWebKit/537.36 (KHTML, like Gecko) Chrome/88.0.4240.193 Safari/537.36"
176.123.9.201 - - [30/Jun/2021:10:21:55 -0400] "POST //xmlrpc.php HTTP/1.1" 200 5377 "-" "Mozilla/5.0 (Windows NT 10.0; Win64; x64) AppleWebKit/537.36 (KHTML, like Gecko) Chrome/88.0.4240.193 Safari/537.36"
176.123.9.201 - - [30/Jun/2021:10:21:56 -0400] "POST //xmlrpc.php HTTP/1.1" 200 5377 "-" "Mozilla/5.0 (Windows NT 10.0; Win64; x64) AppleWebKit/537.36 (KHTML, like Gecko) Chrome/88.0.4240.193 Safari/537.36"
176.123.9.201 - - [30/Jun/2021:10:21:58 -0400] "POST //xmlrpc.php HTTP/1.1" 200 5377 "-" "Mozilla/5.0 (Windows NT 10.0; Win64; x64) AppleWebKit/537.36 (KHTML, like Gecko) Chrome/88.0.4240.193 Safari/537.36"
176.123.9.201 - - [30/Jun/2021:10:21:59 -0400] "POST //xmlrpc.php HTTP/1.1" 200 5377 "-" "Mozilla/5.0 (Windows NT 10.0; Win64; x64) AppleWebKit/537.36 (KHTML, like Gecko) Chrome/88.0.4240.193 Safari/537.36"
176.123.9.201 - - [30/Jun/2021:10:22:00 -0400] "POST //xmlrpc.php HTTP/1.1" 200 5377 "-" "Mozilla/5.0 (Windows NT 10.0; Win64; x64) AppleWebKit/537.36 (KHTML, like Gecko) Chrome/88.0.4240.193 Safari/537.36"
176.123.9.201 - - [30/Jun/2021:10:22:01 -0400] "POST //xmlrpc.php HTTP/1.1" 200 5377 "-" "Mozilla/5.0 (Windows NT 10.0; Win64; x64) AppleWebKit/537.36 (KHTML, like Gecko) Chrome/88.0.4240.193 Safari/537.36"
176.123.9.201 - - [30/Jun/2021:10:22:02 -0400] "POST //xmlrpc.php HTTP/1.1" 200 5377 "-" "Mozilla/5.0 (Windows NT 10.0; Win64; x64) AppleWebKit/537.36 (KHTML, like Gecko) Chrome/88.0.4240.193 Safari/537.36"
176.123.9.201 - - [30/Jun/2021:10:22:03 -0400] "POST //xmlrpc.php HTTP/1.1" 200 5377 "-" "Mozilla/5.0 (Windows NT 10.0; Win64; x64) AppleWebKit/537.36 (KHTML, like Gecko) Chrome/88.0.4240.193 Safari/537.36"
176.123.9.201 - - [30/Jun/2021:10:22:04 -0400] "POST //xmlrpc.php HTTP/1.1" 200 5377 "-" "Mozilla/5.0 (Windows NT 10.0; Win64; x64) AppleWebKit/537.36 (KHTML, like Gecko) Chrome/88.0.4240.193 Safari/537.36"
176.123.9.201 - - [30/Jun/2021:10:22:06 -0400] "POST //xmlrpc.php HTTP/1.1" 200 5377 "-" "Mozilla/5.0 (Windows NT 10.0; Win64; x64) AppleWebKit/537.36 (KHTML, like Gecko) Chrome/88.0.4240.193 Safari/537.36"
176.123.9.201 - - [30/Jun/2021:10:22:06 -0400] "POST //xmlrpc.php HTTP/1.1" 200 5377 "-" "Mozilla/5.0 (Windows NT 10.0; Win64; x64) AppleWebKit/537.36 (KHTML, like Gecko) Chrome/88.0.4240.193 Safari/537.36"
176.123.9.201 - - [30/Jun/2021:10:22:07 -0400] "POST //xmlrpc.php HTTP/1.1" 200 5377 "-" "Mozilla/5.0 (Windows NT 10.0; Win64; x64) AppleWebKit/537.36 (KHTML, like Gecko) Chrome/88.0.4240.193 Safari/537.36"
176.123.9.201 - - [30/Jun/2021:10:22:08 -0400] "POST //xmlrpc.php HTTP/1.1" 200 5377 "-" "Mozilla/5.0 (Windows NT 10.0; Win64; x64) AppleWebKit/537.36 (KHTML, like Gecko) Chrome/88.0.4240.193 Safari/537.36"
176.123.9.201 - - [30/Jun/2021:10:22:09 -0400] "POST //xmlrpc.php HTTP/1.1" 200 5377 "-" "Mozilla/5.0 (Windows NT 10.0; Win64; x64) AppleWebKit/537.36 (KHTML, like Gecko) Chrome/88.0.4240.193 Safari/537.36"
176.123.9.201 - - [30/Jun/2021:10:22:10 -0400] "POST //xmlrpc.php HTTP/1.1" 200 5377 "-" "Mozilla/5.0 (Windows NT 10.0; Win64; x64) AppleWebKit/537.36 (KHTML, like Gecko) Chrome/88.0.4240.193 Safari/537.36"
176.123.9.201 - - [30/Jun/2021:10:22:11 -0400] "POST //xmlrpc.php HTTP/1.1" 200 5377 "-" "Mozilla/5.0 (Windows NT 10.0; Win64; x64) AppleWebKit/537.36 (KHTML, like Gecko) Chrome/88.0.4240.193 Safari/537.36"
176.123.9.201 - - [30/Jun/2021:10:22:13 -0400] "POST //xmlrpc.php HTTP/1.1" 200 5377 "-" "Mozilla/5.0 (Windows NT 10.0; Win64; x64) AppleWebKit/537.36 (KHTML, like Gecko) Chrome/88.0.4240.193 Safari/537.36"
176.123.9.201 - - [30/Jun/2021:10:22:14 -0400] "POST //xmlrpc.php HTTP/1.1" 200 5377 "-" "Mozilla/5.0 (Windows NT 10.0; Win64; x64) AppleWebKit/537.36 (KHTML, like Gecko) Chrome/88.0.4240.193 Safari/537.36"
176.123.9.201 - - [30/Jun/2021:10:22:15 -0400] "POST //xmlrpc.php HTTP/1.1" 200 5377 "-" "Mozilla/5.0 (Windows NT 10.0; Win64; x64) AppleWebKit/537.36 (KHTML, like Gecko) Chrome/88.0.4240.193 Safari/537.36"
176.123.9.201 - - [30/Jun/2021:10:22:16 -0400] "POST //xmlrpc.php HTTP/1.1" 200 5377 "-" "Mozilla/5.0 (Windows NT 10.0; Win64; x64) AppleWebKit/537.36 (KHTML, like Gecko) Chrome/88.0.4240.193 Safari/537.36"
176.123.9.201 - - [30/Jun/2021:10:22:17 -0400] "POST //xmlrpc.php HTTP/1.1" 200 5377 "-" "Mozilla/5.0 (Windows NT 10.0; Win64; x64) AppleWebKit/537.36 (KHTML, like Gecko) Chrome/88.0.4240.193 Safari/537.36"
176.123.9.201 - - [30/Jun/2021:10:22:18 -0400] "POST //xmlrpc.php HTTP/1.1" 200 5377 "-" "Mozilla/5.0 (Windows NT 10.0; Win64; x64) AppleWebKit/537.36 (KHTML, like Gecko) Chrome/88.0.4240.193 Safari/537.36"
176.123.9.201 - - [30/Jun/2021:10:22:19 -0400] "POST //xmlrpc.php HTTP/1.1" 200 5377 "-" "Mozilla/5.0 (Windows NT 10.0; Win64; x64) AppleWebKit/537.36 (KHTML, like Gecko) Chrome/88.0.4240.193 Safari/537.36"
176.123.9.201 - - [30/Jun/2021:10:22:19 -0400] "POST //xmlrpc.php HTTP/1.1" 200 5377 "-" "Mozilla/5.0 (Windows NT 10.0; Win64; x64) AppleWebKit/537.36 (KHTML, like Gecko) Chrome/88.0.4240.193 Safari/537.36"
176.123.9.201 - - [30/Jun/2021:10:22:20 -0400] "POST //xmlrpc.php HTTP/1.1" 200 5377 "-" "Mozilla/5.0 (Windows NT 10.0; Win64; x64) AppleWebKit/537.36 (KHTML, like Gecko) Chrome/88.0.4240.193 Safari/537.36"
176.123.9.201 - - [30/Jun/2021:10:22:21 -0400] "POST //xmlrpc.php HTTP/1.1" 200 5377 "-" "Mozilla/5.0 (Windows NT 10.0; Win64; x64) AppleWebKit/537.36 (KHTML, like Gecko) Chrome/88.0.4240.193 Safari/537.36"
176.123.9.201 - - [30/Jun/2021:10:22:22 -0400] "POST //xmlrpc.php HTTP/1.1" 200 5377 "-" "Mozilla/5.0 (Windows NT 10.0; Win64; x64) AppleWebKit/537.36 (KHTML, like Gecko) Chrome/88.0.4240.193 Safari/537.36"
176.123.9.201 - - [30/Jun/2021:10:22:23 -0400] "POST //xmlrpc.php HTTP/1.1" 200 5377 "-" "Mozilla/5.0 (Windows NT 10.0; Win64; x64) AppleWebKit/537.36 (KHTML, like Gecko) Chrome/88.0.4240.193 Safari/537.36"
176.123.9.201 - - [30/Jun/2021:10:22:24 -0400] "POST //xmlrpc.php HTTP/1.1" 200 5377 "-" "Mozilla/5.0 (Windows NT 10.0; Win64; x64) AppleWebKit/537.36 (KHTML, like Gecko) Chrome/88.0.4240.193 Safari/537.36"
176.123.9.201 - - [30/Jun/2021:10:22:26 -0400] "POST //xmlrpc.php HTTP/1.1" 200 5377 "-" "Mozilla/5.0 (Windows NT 10.0; Win64; x64) AppleWebKit/537.36 (KHTML, like Gecko) Chrome/88.0.4240.193 Safari/537.36"
176.123.9.201 - - [30/Jun/2021:10:22:26 -0400] "POST //xmlrpc.php HTTP/1.1" 200 5377 "-" "Mozilla/5.0 (Windows NT 10.0; Win64; x64) AppleWebKit/537.36 (KHTML, like Gecko) Chrome/88.0.4240.193 Safari/537.36"
176.123.9.201 - - [30/Jun/2021:10:22:27 -0400] "POST //xmlrpc.php HTTP/1.1" 200 5377 "-" "Mozilla/5.0 (Windows NT 10.0; Win64; x64) AppleWebKit/537.36 (KHTML, like Gecko) Chrome/88.0.4240.193 Safari/537.36"
176.123.9.201 - - [30/Jun/2021:10:22:28 -0400] "POST //xmlrpc.php HTTP/1.1" 200 5377 "-" "Mozilla/5.0 (Windows NT 10.0; Win64; x64) AppleWebKit/537.36 (KHTML, like Gecko) Chrome/88.0.4240.193 Safari/537.36"
176.123.9.201 - - [30/Jun/2021:10:22:29 -0400] "POST //xmlrpc.php HTTP/1.1" 200 5377 "-" "Mozilla/5.0 (Windows NT 10.0; Win64; x64) AppleWebKit/537.36 (KHTML, like Gecko) Chrome/88.0.4240.193 Safari/537.36"
176.123.9.201 - - [30/Jun/2021:10:22:30 -0400] "POST //xmlrpc.php HTTP/1.1" 200 5377 "-" "Mozilla/5.0 (Windows NT 10.0; Win64; x64) AppleWebKit/537.36 (KHTML, like Gecko) Chrome/88.0.4240.193 Safari/537.36"
176.123.9.201 - - [30/Jun/2021:10:22:31 -0400] "POST //xmlrpc.php HTTP/1.1" 200 5377 "-" "Mozilla/5.0 (Windows NT 10.0; Win64; x64) AppleWebKit/537.36 (KHTML, like Gecko) Chrome/88.0.4240.193 Safari/537.36"
176.123.9.201 - - [30/Jun/2021:10:22:32 -0400] "POST //xmlrpc.php HTTP/1.1" 200 5377 "-" "Mozilla/5.0 (Windows NT 10.0; Win64; x64) AppleWebKit/537.36 (KHTML, like Gecko) Chrome/88.0.4240.193 Safari/537.36"
176.123.9.201 - - [30/Jun/2021:10:22:33 -0400] "POST //xmlrpc.php HTTP/1.1" 200 5377 "-" "Mozilla/5.0 (Windows NT 10.0; Win64; x64) AppleWebKit/537.36 (KHTML, like Gecko) Chrome/88.0.4240.193 Safari/537.36"
176.123.9.201 - - [30/Jun/2021:10:22:33 -0400] "POST //xmlrpc.php HTTP/1.1" 200 5377 "-" "Mozilla/5.0 (Windows NT 10.0; Win64; x64) AppleWebKit/537.36 (KHTML, like Gecko) Chrome/88.0.4240.193 Safari/537.36"
176.123.9.201 - - [30/Jun/2021:10:22:34 -0400] "POST //xmlrpc.php HTTP/1.1" 200 5377 "-" "Mozilla/5.0 (Windows NT 10.0; Win64; x64) AppleWebKit/537.36 (KHTML, like Gecko) Chrome/88.0.4240.193 Safari/537.36"
176.123.9.201 - - [30/Jun/2021:10:22:37 -0400] "POST //xmlrpc.php HTTP/1.1" 200 5377 "-" "Mozilla/5.0 (Windows NT 10.0; Win64; x64) AppleWebKit/537.36 (KHTML, like Gecko) Chrome/88.0.4240.193 Safari/537.36"
176.123.9.201 - - [30/Jun/2021:10:22:37 -0400] "POST //xmlrpc.php HTTP/1.1" 200 5377 "-" "Mozilla/5.0 (Windows NT 10.0; Win64; x64) AppleWebKit/537.36 (KHTML, like Gecko) Chrome/88.0.4240.193 Safari/537.36"
176.123.9.201 - - [30/Jun/2021:10:22:38 -0400] "POST //xmlrpc.php HTTP/1.1" 200 5377 "-" "Mozilla/5.0 (Windows NT 10.0; Win64; x64) AppleWebKit/537.36 (KHTML, like Gecko) Chrome/88.0.4240.193 Safari/537.36"
176.123.9.201 - - [30/Jun/2021:10:22:39 -0400] "POST //xmlrpc.php HTTP/1.1" 200 5377 "-" "Mozilla/5.0 (Windows NT 10.0; Win64; x64) AppleWebKit/537.36 (KHTML, like Gecko) Chrome/88.0.4240.193 Safari/537.36"
176.123.9.201 - - [30/Jun/2021:10:22:40 -0400] "POST //xmlrpc.php HTTP/1.1" 200 5377 "-" "Mozilla/5.0 (Windows NT 10.0; Win64; x64) AppleWebKit/537.36 (KHTML, like Gecko) Chrome/88.0.4240.193 Safari/537.36"
176.123.9.201 - - [30/Jun/2021:10:22:41 -0400] "POST //xmlrpc.php HTTP/1.1" 200 5377 "-" "Mozilla/5.0 (Windows NT 10.0; Win64; x64) AppleWebKit/537.36 (KHTML, like Gecko) Chrome/88.0.4240.193 Safari/537.36"
176.123.9.201 - - [30/Jun/2021:10:22:42 -0400] "POST //xmlrpc.php HTTP/1.1" 200 5377 "-" "Mozilla/5.0 (Windows NT 10.0; Win64; x64) AppleWebKit/537.36 (KHTML, like Gecko) Chrome/88.0.4240.193 Safari/537.36"
176.123.9.201 - - [30/Jun/2021:10:22:43 -0400] "POST //xmlrpc.php HTTP/1.1" 200 5377 "-" "Mozilla/5.0 (Windows NT 10.0; Win64; x64) AppleWebKit/537.36 (KHTML, like Gecko) Chrome/88.0.4240.193 Safari/537.36"
176.123.9.201 - - [30/Jun/2021:10:22:44 -0400] "POST //xmlrpc.php HTTP/1.1" 200 5377 "-" "Mozilla/5.0 (Windows NT 10.0; Win64; x64) AppleWebKit/537.36 (KHTML, like Gecko) Chrome/88.0.4240.193 Safari/537.36"
176.123.9.201 - - [30/Jun/2021:10:22:45 -0400] "POST //xmlrpc.php HTTP/1.1" 200 5377 "-" "Mozilla/5.0 (Windows NT 10.0; Win64; x64) AppleWebKit/537.36 (KHTML, like Gecko) Chrome/88.0.4240.193 Safari/537.36"
176.123.9.201 - - [30/Jun/2021:10:22:46 -0400] "POST //xmlrpc.php HTTP/1.1" 200 5377 "-" "Mozilla/5.0 (Windows NT 10.0; Win64; x64) AppleWebKit/537.36 (KHTML, like Gecko) Chrome/88.0.4240.193 Safari/537.36"
176.123.9.201 - - [30/Jun/2021:10:22:48 -0400] "POST //xmlrpc.php HTTP/1.1" 200 5377 "-" "Mozilla/5.0 (Windows NT 10.0; Win64; x64) AppleWebKit/537.36 (KHTML, like Gecko) Chrome/88.0.4240.193 Safari/537.36"
176.123.9.201 - - [30/Jun/2021:10:22:49 -0400] "POST //xmlrpc.php HTTP/1.1" 200 5377 "-" "Mozilla/5.0 (Windows NT 10.0; Win64; x64) AppleWebKit/537.36 (KHTML, like Gecko) Chrome/88.0.4240.193 Safari/537.36"
176.123.9.201 - - [30/Jun/2021:10:22:49 -0400] "POST //xmlrpc.php HTTP/1.1" 200 5377 "-" "Mozilla/5.0 (Windows NT 10.0; Win64; x64) AppleWebKit/537.36 (KHTML, like Gecko) Chrome/88.0.4240.193 Safari/537.36"
176.123.9.201 - - [30/Jun/2021:10:22:50 -0400] "POST //xmlrpc.php HTTP/1.1" 200 5377 "-" "Mozilla/5.0 (Windows NT 10.0; Win64; x64) AppleWebKit/537.36 (KHTML, like Gecko) Chrome/88.0.4240.193 Safari/537.36"
176.123.9.201 - - [30/Jun/2021:10:22:51 -0400] "POST //xmlrpc.php HTTP/1.1" 200 5377 "-" "Mozilla/5.0 (Windows NT 10.0; Win64; x64) AppleWebKit/537.36 (KHTML, like Gecko) Chrome/88.0.4240.193 Safari/537.36"
176.123.9.201 - - [30/Jun/2021:10:22:52 -0400] "POST //xmlrpc.php HTTP/1.1" 200 5377 "-" "Mozilla/5.0 (Windows NT 10.0; Win64; x64) AppleWebKit/537.36 (KHTML, like Gecko) Chrome/88.0.4240.193 Safari/537.36"
176.123.9.201 - - [30/Jun/2021:10:22:53 -0400] "POST //xmlrpc.php HTTP/1.1" 200 5377 "-" "Mozilla/5.0 (Windows NT 10.0; Win64; x64) AppleWebKit/537.36 (KHTML, like Gecko) Chrome/88.0.4240.193 Safari/537.36"
176.123.9.201 - - [30/Jun/2021:10:22:54 -0400] "POST //xmlrpc.php HTTP/1.1" 200 5377 "-" "Mozilla/5.0 (Windows NT 10.0; Win64; x64) AppleWebKit/537.36 (KHTML, like Gecko) Chrome/88.0.4240.193 Safari/537.36"
176.123.9.201 - - [30/Jun/2021:10:22:55 -0400] "POST //xmlrpc.php HTTP/1.1" 200 5377 "-" "Mozilla/5.0 (Windows NT 10.0; Win64; x64) AppleWebKit/537.36 (KHTML, like Gecko) Chrome/88.0.4240.193 Safari/537.36"
176.123.9.201 - - [30/Jun/2021:10:22:56 -0400] "POST //xmlrpc.php HTTP/1.1" 200 5377 "-" "Mozilla/5.0 (Windows NT 10.0; Win64; x64) AppleWebKit/537.36 (KHTML, like Gecko) Chrome/88.0.4240.193 Safari/537.36"
176.123.9.201 - - [30/Jun/2021:10:22:57 -0400] "POST //xmlrpc.php HTTP/1.1" 200 5377 "-" "Mozilla/5.0 (Windows NT 10.0; Win64; x64) AppleWebKit/537.36 (KHTML, like Gecko) Chrome/88.0.4240.193 Safari/537.36"
176.123.9.201 - - [30/Jun/2021:10:22:57 -0400] "POST //xmlrpc.php HTTP/1.1" 200 5377 "-" "Mozilla/5.0 (Windows NT 10.0; Win64; x64) AppleWebKit/537.36 (KHTML, like Gecko) Chrome/88.0.4240.193 Safari/537.36"
176.123.9.201 - - [30/Jun/2021:10:22:58 -0400] "POST //xmlrpc.php HTTP/1.1" 200 5377 "-" "Mozilla/5.0 (Windows NT 10.0; Win64; x64) AppleWebKit/537.36 (KHTML, like Gecko) Chrome/88.0.4240.193 Safari/537.36"
176.123.9.201 - - [30/Jun/2021:10:22:59 -0400] "POST //xmlrpc.php HTTP/1.1" 200 5377 "-" "Mozilla/5.0 (Windows NT 10.0; Win64; x64) AppleWebKit/537.36 (KHTML, like Gecko) Chrome/88.0.4240.193 Safari/537.36"
176.123.9.201 - - [30/Jun/2021:10:23:00 -0400] "POST //xmlrpc.php HTTP/1.1" 200 5377 "-" "Mozilla/5.0 (Windows NT 10.0; Win64; x64) AppleWebKit/537.36 (KHTML, like Gecko) Chrome/88.0.4240.193 Safari/537.36"
176.123.9.201 - - [30/Jun/2021:10:23:01 -0400] "POST //xmlrpc.php HTTP/1.1" 200 5377 "-" "Mozilla/5.0 (Windows NT 10.0; Win64; x64) AppleWebKit/537.36 (KHTML, like Gecko) Chrome/88.0.4240.193 Safari/537.36"
176.123.9.201 - - [30/Jun/2021:10:23:02 -0400] "POST //xmlrpc.php HTTP/1.1" 200 5377 "-" "Mozilla/5.0 (Windows NT 10.0; Win64; x64) AppleWebKit/537.36 (KHTML, like Gecko) Chrome/88.0.4240.193 Safari/537.36"
176.123.9.201 - - [30/Jun/2021:10:23:02 -0400] "POST //xmlrpc.php HTTP/1.1" 200 5377 "-" "Mozilla/5.0 (Windows NT 10.0; Win64; x64) AppleWebKit/537.36 (KHTML, like Gecko) Chrome/88.0.4240.193 Safari/537.36"
176.123.9.201 - - [30/Jun/2021:10:23:03 -0400] "POST //xmlrpc.php HTTP/1.1" 200 5377 "-" "Mozilla/5.0 (Windows NT 10.0; Win64; x64) AppleWebKit/537.36 (KHTML, like Gecko) Chrome/88.0.4240.193 Safari/537.36"
176.123.9.201 - - [30/Jun/2021:10:23:04 -0400] "POST //xmlrpc.php HTTP/1.1" 200 5377 "-" "Mozilla/5.0 (Windows NT 10.0; Win64; x64) AppleWebKit/537.36 (KHTML, like Gecko) Chrome/88.0.4240.193 Safari/537.36"
176.123.9.201 - - [30/Jun/2021:10:23:05 -0400] "POST //xmlrpc.php HTTP/1.1" 200 5377 "-" "Mozilla/5.0 (Windows NT 10.0; Win64; x64) AppleWebKit/537.36 (KHTML, like Gecko) Chrome/88.0.4240.193 Safari/537.36"
176.123.9.201 - - [30/Jun/2021:10:23:06 -0400] "POST //xmlrpc.php HTTP/1.1" 200 5377 "-" "Mozilla/5.0 (Windows NT 10.0; Win64; x64) AppleWebKit/537.36 (KHTML, like Gecko) Chrome/88.0.4240.193 Safari/537.36"
176.123.9.201 - - [30/Jun/2021:10:23:07 -0400] "POST //xmlrpc.php HTTP/1.1" 200 5377 "-" "Mozilla/5.0 (Windows NT 10.0; Win64; x64) AppleWebKit/537.36 (KHTML, like Gecko) Chrome/88.0.4240.193 Safari/537.36"
176.123.9.201 - - [30/Jun/2021:10:23:08 -0400] "POST //xmlrpc.php HTTP/1.1" 200 5377 "-" "Mozilla/5.0 (Windows NT 10.0; Win64; x64) AppleWebKit/537.36 (KHTML, like Gecko) Chrome/88.0.4240.193 Safari/537.36"
176.123.9.201 - - [30/Jun/2021:10:23:09 -0400] "POST //xmlrpc.php HTTP/1.1" 200 5377 "-" "Mozilla/5.0 (Windows NT 10.0; Win64; x64) AppleWebKit/537.36 (KHTML, like Gecko) Chrome/88.0.4240.193 Safari/537.36"
176.123.9.201 - - [30/Jun/2021:10:23:10 -0400] "POST //xmlrpc.php HTTP/1.1" 200 5377 "-" "Mozilla/5.0 (Windows NT 10.0; Win64; x64) AppleWebKit/537.36 (KHTML, like Gecko) Chrome/88.0.4240.193 Safari/537.36"
176.123.9.201 - - [30/Jun/2021:10:23:11 -0400] "POST //xmlrpc.php HTTP/1.1" 200 5377 "-" "Mozilla/5.0 (Windows NT 10.0; Win64; x64) AppleWebKit/537.36 (KHTML, like Gecko) Chrome/88.0.4240.193 Safari/537.36"
176.123.9.201 - - [30/Jun/2021:10:23:12 -0400] "POST //xmlrpc.php HTTP/1.1" 200 5377 "-" "Mozilla/5.0 (Windows NT 10.0; Win64; x64) AppleWebKit/537.36 (KHTML, like Gecko) Chrome/88.0.4240.193 Safari/537.36"
124.158.10.21 - - [30/Jun/2021:10:26:25 -0400] "POST /wp-login.php HTTP/1.1" 200 8099 "-" "Mozilla/5.0 (Windows NT 10.0; Win64; x64) AppleWebKit/537.36 (KHTML, like Gecko) Chrome/72.0.3626.109 Safari/537.36"
64.20.61.52 - - [30/Jun/2021:10:27:51 -0400] "POST /wp-cron.php?doing_wp_cron=1625063270.9691898822784423828125 HTTP/1.1" 301 673 "-" "WordPress/5.7.2; http://daniewatsonwriter.com"
185.247.21.167 - - [30/Jun/2021:10:27:59 -0400] "GET /wp-login.php HTTP/1.0" 301 579 "http://daniewatsonwriter.com/wp-login.php" "Mozilla/5.0 (Windows NT 10.0; ) AppleWebKit/537.36 (KHTML, like Gecko) Chrome/83.0.4086.0 Safari/537.36"
185.247.21.167 - - [30/Jun/2021:10:27:59 -0400] "GET /wp-login.php HTTP/1.0" 200 13535 "https://daniewatsonwriter.com/wp-login.php" "Mozilla/5.0 (Windows NT 10.0; ) AppleWebKit/537.36 (KHTML, like Gecko) Chrome/83.0.4086.0 Safari/537.36"
64.20.61.52 - - [30/Jun/2021:10:33:03 -0400] "POST /wp-cron.php?doing_wp_cron=1625063583.2347788810729980468750 HTTP/1.1" 301 673 "-" "WordPress/5.7.2; http://daniewatsonwriter.com"
81.88.52.154 - - [30/Jun/2021:10:37:10 -0400] "POST /wp-login.php HTTP/1.1" 200 8097 "-" "Mozilla/5.0 (Windows NT 10.0; WOW64) AppleWebKit/537.36 (KHTML, like Gecko) Chrome/47.0.2526.106 Safari/537.36"
64.20.61.52 - - [30/Jun/2021:10:37:40 -0400] "POST /wp-cron.php?doing_wp_cron=1625063860.3712620735168457031250 HTTP/1.1" 301 673 "-" "WordPress/5.7.2; http://daniewatsonwriter.com"
66.249.66.62 - - [30/Jun/2021:10:43:17 -0400] "GET / HTTP/1.1" 301 592 "-" "Mozilla/5.0 (compatible; Googlebot/2.1; +http://www.google.com/bot.html)"
66.249.66.46 - - [30/Jun/2021:10:43:18 -0400] "GET / HTTP/1.1" 200 11041 "-" "Mozilla/5.0 (compatible; Googlebot/2.1; +http://www.google.com/bot.html)"
64.20.61.52 - - [30/Jun/2021:10:44:36 -0400] "POST /wp-cron.php?doing_wp_cron=1625064276.8148241043090820312500 HTTP/1.1" 301 673 "-" "WordPress/5.7.2; http://daniewatsonwriter.com"
66.249.66.46 - - [30/Jun/2021:10:45:41 -0400] "GET /wp-includes/js/jquery/jquery-migrate.min.js?ver=3.3.2 HTTP/1.1" 200 9808 "https://daniewatsonwriter.com/" "Mozilla/5.0 AppleWebKit/537.36 (KHTML, like Gecko; compatible; Googlebot/2.1; +http://www.google.com/bot.html) Chrome/91.0.4472.90 Safari/537.36"
66.249.66.50 - - [30/Jun/2021:10:45:42 -0400] "GET /wp-content/themes/seasonal/js/skip-link-focus-fix.js?ver=20141010 HTTP/1.1" 200 6038 "https://daniewatsonwriter.com/" "Mozilla/5.0 AppleWebKit/537.36 (KHTML, like Gecko; compatible; Googlebot/2.1; +http://www.google.com/bot.html) Chrome/91.0.4472.90 Safari/537.36"
64.20.61.52 - - [30/Jun/2021:10:50:12 -0400] "POST /wp-cron.php?doing_wp_cron=1625064612.6065669059753417968750 HTTP/1.1" 301 673 "-" "WordPress/5.7.2; http://daniewatsonwriter.com"
114.119.142.189 - - [30/Jun/2021:10:52:55 -0400] "GET /index.php/lets-write-together HTTP/1.1" 301 4874 "-" "Mozilla/5.0 (Linux; Android 7.0;) AppleWebKit/537.36 (KHTML, like Gecko) Mobile Safari/537.36 (compatible; PetalBot;+https://webmaster.petalsearch.com/site/petalbot)"
114.119.142.189 - - [30/Jun/2021:10:52:56 -0400] "GET /index.php/lets-write-together/ HTTP/1.1" 200 5321 "-" "Mozilla/5.0 (Linux; Android 7.0;) AppleWebKit/537.36 (KHTML, like Gecko) Mobile Safari/537.36 (compatible; PetalBot;+https://webmaster.petalsearch.com/site/petalbot)"
35.185.214.212 - - [30/Jun/2021:10:53:36 -0400] "HEAD / HTTP/1.1" 200 5671 "https://t.co/VognaACPF2" "-"
35.185.214.212 - - [30/Jun/2021:10:54:16 -0400] "HEAD / HTTP/1.1" 200 5671 "https://t.co/VognaACPF2" "-"
64.20.61.52 - - [30/Jun/2021:10:56:10 -0400] "POST /wp-cron.php?doing_wp_cron=1625064970.3676960468292236328125 HTTP/1.1" 301 673 "-" "WordPress/5.7.2; http://daniewatsonwriter.com"
35.199.167.201 - - [30/Jun/2021:10:57:51 -0400] "HEAD / HTTP/1.1" 200 5671 "https://t.co/VognaACPF2" "-"
64.20.61.52 - - [30/Jun/2021:11:00:37 -0400] "POST /wp-cron.php?doing_wp_cron=1625065237.8031740188598632812500 HTTP/1.1" 301 673 "-" "WordPress/5.7.2; http://daniewatsonwriter.com"
34.145.64.2 - - [30/Jun/2021:11:01:18 -0400] "HEAD / HTTP/1.1" 200 5671 "https://t.co/VognaACPF2" "-"
64.20.61.52 - - [30/Jun/2021:11:05:59 -0400] "POST /wp-cron.php?doing_wp_cron=1625065558.9950940608978271484375 HTTP/1.1" 301 673 "-" "WordPress/5.7.2; http://daniewatsonwriter.com"
35.227.123.68 - - [30/Jun/2021:11:10:28 -0400] "GET /robots.txt HTTP/1.0" 404 5010 "-" "ZoominfoBot (zoominfobot at zoominfo dot com)"
204.48.19.85 - - [30/Jun/2021:11:10:28 -0400] "POST /wp-cron.php?doing_wp_cron=1625065828.7923018932342529296875 HTTP/1.1" 200 5456 "https://daniewatsonwriter.com/wp-cron.php?doing_wp_cron=1625065828.7923018932342529296875" "WordPress/5.7.2; https://daniewatsonwriter.com"
35.227.123.68 - - [30/Jun/2021:11:10:28 -0400] "GET /index.php/feed/ HTTP/1.0" 200 2096 "-" "ZoominfoBot (zoominfobot at zoominfo dot com)"
35.227.123.68 - - [30/Jun/2021:11:10:31 -0400] "GET /xmlrpc.php HTTP/1.0" 405 4784 "-" "ZoominfoBot (zoominfobot at zoominfo dot com)"
35.227.123.68 - - [30/Jun/2021:11:10:34 -0400] "GET /index.php/teaching/ HTTP/1.0" 200 9836 "-" "ZoominfoBot (zoominfobot at zoominfo dot com)"
64.20.61.52 - - [30/Jun/2021:11:12:39 -0400] "POST /wp-cron.php?doing_wp_cron=1625065959.5025489330291748046875 HTTP/1.1" 301 673 "-" "WordPress/5.7.2; http://daniewatsonwriter.com"
64.20.61.52 - - [30/Jun/2021:11:15:57 -0400] "POST /wp-cron.php?doing_wp_cron=1625066157.8820929527282714843750 HTTP/1.1" 200 4905 "-" "WordPress/5.7.2; https://daniewatsonwriter.com"
35.227.123.68 - - [30/Jun/2021:11:17:08 -0400] "GET /index.php/readings-and-publications/ HTTP/1.0" 200 10260 "-" "ZoominfoBot (zoominfobot at zoominfo dot com)"
64.20.61.52 - - [30/Jun/2021:11:17:41 -0400] "POST /wp-cron.php?doing_wp_cron=1625066261.3477001190185546875000 HTTP/1.1" 301 673 "-" "WordPress/5.7.2; http://daniewatsonwriter.com"
132.145.39.16 - - [30/Jun/2021:11:21:50 -0400] "GET /.env HTTP/1.1" 301 563 "-" "-"
64.20.61.52 - - [30/Jun/2021:11:22:52 -0400] "POST /wp-cron.php?doing_wp_cron=1625066572.9708449840545654296875 HTTP/1.1" 301 673 "-" "WordPress/5.7.2; http://daniewatsonwriter.com"
69.163.163.198 - - [30/Jun/2021:11:27:20 -0400] "GET /shx.php HTTP/1.1" 301 550 "http://simplesite.com" "Mozilla/5.0 (Windows; U; Windows NT 5.1; en-US) AppleWebKit/533.4 (KHTML, like Gecko) Chrome/5.0.375.99 Safari/533.4"
69.163.163.198 - - [30/Jun/2021:11:27:21 -0400] "GET /shx.php HTTP/1.1" 404 5735 "http://daniewatsonwriter.com/shx.php" "Mozilla/5.0 (Windows; U; Windows NT 5.1; en-US) AppleWebKit/533.4 (KHTML, like Gecko) Chrome/5.0.375.99 Safari/533.4"
64.20.61.52 - - [30/Jun/2021:11:27:27 -0400] "POST /wp-cron.php?doing_wp_cron=1625066847.2837669849395751953125 HTTP/1.1" 301 673 "-" "WordPress/5.7.2; http://daniewatsonwriter.com"
64.20.61.52 - - [30/Jun/2021:11:28:46 -0400] "POST /wp-cron.php?doing_wp_cron=1625066926.0674369335174560546875 HTTP/1.1" 301 673 "-" "WordPress/5.7.2; http://daniewatsonwriter.com"
66.249.66.60 - - [30/Jun/2021:11:28:46 -0400] "GET /robots.txt HTTP/1.1" 301 612 "-" "Mozilla/5.0 (compatible; Googlebot/2.1; +http://www.google.com/bot.html)"
66.249.66.50 - - [30/Jun/2021:11:28:46 -0400] "GET /robots.txt HTTP/1.1" 404 5744 "-" "Mozilla/5.0 (compatible; Googlebot/2.1; +http://www.google.com/bot.html)"
35.190.191.15 - - [30/Jun/2021:11:29:09 -0400] "GET /robots.txt HTTP/1.0" 404 5010 "-" "ZoominfoBot (zoominfobot at zoominfo dot com)"
204.48.19.85 - - [30/Jun/2021:11:29:09 -0400] "GET / HTTP/1.1" 200 11051 "https://daniewatsonwriter.com/" "WordPress/5.7.2; https://daniewatsonwriter.com"
204.48.19.85 - - [30/Jun/2021:11:29:09 -0400] "POST /wp-cron.php?doing_wp_cron=1625066949.2980930805206298828125 HTTP/1.1" 200 5456 "https://daniewatsonwriter.com/wp-cron.php?doing_wp_cron=1625066949.2980930805206298828125" "WordPress/5.7.2; https://daniewatsonwriter.com"
35.190.191.15 - - [30/Jun/2021:11:29:09 -0400] "GET /index.php/feed/ HTTP/1.0" 200 2096 "-" "ZoominfoBot (zoominfobot at zoominfo dot com)"
35.190.191.15 - - [30/Jun/2021:11:29:10 -0400] "GET /xmlrpc.php HTTP/1.0" 405 4784 "-" "ZoominfoBot (zoominfobot at zoominfo dot com)"
35.190.191.15 - - [30/Jun/2021:11:29:12 -0400] "GET /index.php/teaching/ HTTP/1.0" 200 9836 "-" "ZoominfoBot (zoominfobot at zoominfo dot com)"
66.249.66.50 - - [30/Jun/2021:11:29:44 -0400] "GET /wp-includes/js/jquery/jquery.min.js?ver=3.5.1 HTTP/1.1" 200 36623 "https://daniewatsonwriter.com/" "Mozilla/5.0 AppleWebKit/537.36 (KHTML, like Gecko; compatible; Googlebot/2.1; +http://www.google.com/bot.html) Chrome/91.0.4472.90 Safari/537.36"
66.249.66.46 - - [30/Jun/2021:11:29:45 -0400] "GET /wp-content/themes/seasonal/js/skip-link-focus-fix.js?ver=20141010 HTTP/1.1" 200 6038 "https://daniewatsonwriter.com/" "Mozilla/5.0 AppleWebKit/537.36 (KHTML, like Gecko; compatible; Googlebot/2.1; +http://www.google.com/bot.html) Chrome/91.0.4472.90 Safari/537.36"
35.227.123.68 - - [30/Jun/2021:11:33:02 -0400] "GET /index.php/about/ HTTP/1.0" 200 10798 "-" "ZoominfoBot (zoominfobot at zoominfo dot com)"
64.20.61.52 - - [30/Jun/2021:11:33:15 -0400] "POST /wp-cron.php?doing_wp_cron=1625067194.9473609924316406250000 HTTP/1.1" 301 673 "-" "WordPress/5.7.2; http://daniewatsonwriter.com"
35.227.123.68 - - [30/Jun/2021:11:34:17 -0400] "GET /index.php/comments/feed/ HTTP/1.0" 200 5388 "-" "ZoominfoBot (zoominfobot at zoominfo dot com)"
35.190.191.15 - - [30/Jun/2021:11:35:47 -0400] "GET /index.php/readings-and-publications/ HTTP/1.0" 200 10260 "-" "ZoominfoBot (zoominfobot at zoominfo dot com)"
64.20.61.52 - - [30/Jun/2021:11:40:01 -0400] "POST /wp-cron.php?doing_wp_cron=1625067601.7784850597381591796875 HTTP/1.1" 301 673 "-" "WordPress/5.7.2; http://daniewatsonwriter.com"
64.20.61.52 - - [30/Jun/2021:11:46:42 -0400] "POST /wp-cron.php?doing_wp_cron=1625068002.0336170196533203125000 HTTP/1.1" 301 673 "-" "WordPress/5.7.2; http://daniewatsonwriter.com"
64.20.61.52 - - [30/Jun/2021:11:50:05 -0400] "POST /wp-cron.php?doing_wp_cron=1625068205.7695639133453369140625 HTTP/1.1" 301 673 "-" "WordPress/5.7.2; http://daniewatsonwriter.com"
35.190.191.15 - - [30/Jun/2021:11:52:46 -0400] "GET /index.php/about/ HTTP/1.0" 200 10798 "-" "ZoominfoBot (zoominfobot at zoominfo dot com)"
137.226.113.44 - - [30/Jun/2021:11:52:53 -0400] "GET / HTTP/1.1" 301 4836 "-" "Mozilla/5.0 (X11; Linux x86_64; rv:84.0) Gecko/20100101 Firefox/84.0"
137.226.113.44 - - [30/Jun/2021:11:52:55 -0400] "GET / HTTP/1.1" 200 10362 "https://www.daniewatsonwriter.com/" "Mozilla/5.0 (X11; Linux x86_64; rv:84.0) Gecko/20100101 Firefox/84.0"
35.190.191.15 - - [30/Jun/2021:11:54:08 -0400] "GET /index.php/comments/feed/ HTTP/1.0" 200 5388 "-" "ZoominfoBot (zoominfobot at zoominfo dot com)"
64.20.61.52 - - [30/Jun/2021:11:56:44 -0400] "POST /wp-cron.php?doing_wp_cron=1625068604.4898929595947265625000 HTTP/1.1" 301 673 "-" "WordPress/5.7.2; http://daniewatsonwriter.com"
195.246.120.176 - - [30/Jun/2021:12:00:21 -0400] "GET /wp-login.php HTTP/1.0" 301 579 "http://daniewatsonwriter.com/wp-login.php" "Mozilla/5.0 (Windows NT 10.0; ) AppleWebKit/537.36 (KHTML, like Gecko) Chrome/83.0.4103.34 Safari/537.36 Edg/83.0.478.25"
195.246.120.176 - - [30/Jun/2021:12:00:22 -0400] "GET /wp-login.php HTTP/1.0" 200 13535 "https://daniewatsonwriter.com/wp-login.php" "Mozilla/5.0 (Windows NT 10.0; ) AppleWebKit/537.36 (KHTML, like Gecko) Chrome/83.0.4103.34 Safari/537.36 Edg/83.0.478.25"
64.20.61.52 - - [30/Jun/2021:12:07:58 -0400] "POST /wp-cron.php?doing_wp_cron=1625069278.7787210941314697265625 HTTP/1.1" 301 673 "-" "WordPress/5.7.2; http://daniewatsonwriter.com"
64.20.61.52 - - [30/Jun/2021:12:12:23 -0400] "POST /wp-cron.php?doing_wp_cron=1625069543.1386899948120117187500 HTTP/1.1" 301 673 "-" "WordPress/5.7.2; http://daniewatsonwriter.com"
54.39.29.64 - - [30/Jun/2021:12:12:37 -0400] "GET / HTTP/1.0" 301 555 "http://daniewatsonwriter.com/" "Mozilla/5.0 (Windows NT 6.1; Win64; x64) AppleWebKit/537.36 (KHTML, like Gecko) Chrome/83.0.4103.24 Safari/537.36 Edg/83.0.478.18"
204.48.19.85 - - [30/Jun/2021:12:12:37 -0400] "POST /wp-cron.php?doing_wp_cron=1625069557.5428650379180908203125 HTTP/1.1" 200 5456 "https://daniewatsonwriter.com/wp-cron.php?doing_wp_cron=1625069557.5428650379180908203125" "WordPress/5.7.2; https://daniewatsonwriter.com"
54.39.29.64 - - [30/Jun/2021:12:12:37 -0400] "GET / HTTP/1.0" 200 22985 "https://daniewatsonwriter.com/" "Mozilla/5.0 (Windows NT 6.1; Win64; x64) AppleWebKit/537.36 (KHTML, like Gecko) Chrome/83.0.4103.24 Safari/537.36 Edg/83.0.478.18"
64.20.61.52 - - [30/Jun/2021:12:23:56 -0400] "POST /wp-cron.php?doing_wp_cron=1625070236.5969660282135009765625 HTTP/1.1" 301 673 "-" "WordPress/5.7.2; http://daniewatsonwriter.com"
157.55.39.19 - - [30/Jun/2021:12:29:12 -0400] "GET /robots.txt HTTP/1.1" 301 612 "-" "Mozilla/5.0 (compatible; bingbot/2.0; +http://www.bing.com/bingbot.htm)"
157.55.39.19 - - [30/Jun/2021:12:29:12 -0400] "GET /robots.txt HTTP/1.1" 404 5289 "-" "Mozilla/5.0 (compatible; bingbot/2.0; +http://www.bing.com/bingbot.htm)"
207.46.13.118 - - [30/Jun/2021:12:29:21 -0400] "GET / HTTP/1.1" 301 592 "-" "Mozilla/5.0 (compatible; bingbot/2.0; +http://www.bing.com/bingbot.htm)"
64.20.61.52 - - [30/Jun/2021:12:31:05 -0400] "POST /wp-cron.php?doing_wp_cron=1625070665.1746230125427246093750 HTTP/1.1" 301 673 "-" "WordPress/5.7.2; http://daniewatsonwriter.com"
64.20.61.52 - - [30/Jun/2021:12:36:17 -0400] "POST /wp-cron.php?doing_wp_cron=1625070977.3908970355987548828125 HTTP/1.1" 301 673 "-" "WordPress/5.7.2; http://daniewatsonwriter.com"
64.20.61.52 - - [30/Jun/2021:12:47:14 -0400] "POST /wp-cron.php?doing_wp_cron=1625071634.4059979915618896484375 HTTP/1.1" 301 673 "-" "WordPress/5.7.2; http://daniewatsonwriter.com"
64.20.61.52 - - [30/Jun/2021:12:53:46 -0400] "POST /wp-cron.php?doing_wp_cron=1625072026.0828769207000732421875 HTTP/1.1" 301 673 "-" "WordPress/5.7.2; http://daniewatsonwriter.com"
64.20.61.52 - - [30/Jun/2021:12:58:35 -0400] "POST /wp-cron.php?doing_wp_cron=1625072315.6702868938446044921875 HTTP/1.1" 301 673 "-" "WordPress/5.7.2; http://daniewatsonwriter.com"
64.20.61.52 - - [30/Jun/2021:13:00:00 -0400] "POST /wp-cron.php?doing_wp_cron=1625072400.6902060508728027343750 HTTP/1.1" 301 673 "-" "WordPress/5.7.2; http://daniewatsonwriter.com"
23.228.109.147 - - [30/Jun/2021:13:04:34 -0400] "GET /components/com_jbusinessdirectory/assets/upload.php HTTP/1.1" 301 657 "http://www.google.com/" "Mozilla/5.0 (Windows NT 6.1; Win64; x64) AppleWebKit/537.36 (KHTML, like Gecko) Chrome/56.0.2896.3 Safari/537.36"
23.228.109.147 - - [30/Jun/2021:13:04:34 -0400] "GET /components/com_jbusinessdirectory/assets/upload.php HTTP/1.1" 404 5237 "http://www.google.com/" "Mozilla/5.0 (Windows NT 6.1; Win64; x64) AppleWebKit/537.36 (KHTML, like Gecko) Chrome/56.0.2896.3 Safari/537.36"
64.20.61.52 - - [30/Jun/2021:13:06:12 -0400] "POST /wp-cron.php?doing_wp_cron=1625072772.7844369411468505859375 HTTP/1.1" 301 673 "-" "WordPress/5.7.2; http://daniewatsonwriter.com"
64.20.61.52 - - [30/Jun/2021:13:07:47 -0400] "POST /wp-cron.php?doing_wp_cron=1625072867.8785738945007324218750 HTTP/1.1" 301 673 "-" "WordPress/5.7.2; http://daniewatsonwriter.com"
64.20.61.52 - - [30/Jun/2021:13:16:02 -0400] "POST /wp-cron.php?doing_wp_cron=1625073362.1707489490509033203125 HTTP/1.1" 301 673 "-" "WordPress/5.7.2; http://daniewatsonwriter.com"
204.48.19.85 - - [30/Jun/2021:13:17:01 -0400] "POST /wp-cron.php?doing_wp_cron=1625073421.3511829376220703125000 HTTP/1.1" 200 5456 "https://daniewatsonwriter.com/wp-cron.php?doing_wp_cron=1625073421.3511829376220703125000" "WordPress/5.7.2; https://daniewatsonwriter.com"
122.116.248.74 - - [30/Jun/2021:13:17:01 -0400] "POST /wp-login.php HTTP/1.1" 200 8099 "-" "Mozilla/5.0 (Windows NT 10.0; WOW64) AppleWebKit/537.36 (KHTML, like Gecko) Chrome/46.0.2490.86 Safari/537.36"
193.17.5.226 - - [30/Jun/2021:13:18:45 -0400] "GET /.env HTTP/1.1" 301 600 "-" "Mozilla/5.0 (X11; Linux x86_64) AppleWebKit/537.36 (KHTML, like Gecko) Chrome/81.0.4044.129 Safari/537.36"
193.17.5.226 - - [30/Jun/2021:13:18:46 -0400] "POST /.env HTTP/1.1" 301 600 "-" "Mozilla/5.0 (X11; Linux x86_64) AppleWebKit/537.36 (KHTML, like Gecko) Chrome/81.0.4044.129 Safari/537.36"
66.249.66.23 - - [30/Jun/2021:13:21:33 -0400] "GET /robots.txt HTTP/1.1" 301 624 "-" "Mozilla/5.0 (compatible; Googlebot/2.1; +http://www.google.com/bot.html)"
66.249.66.12 - - [30/Jun/2021:13:21:33 -0400] "GET /robots.txt HTTP/1.1" 404 5748 "-" "Mozilla/5.0 (compatible; Googlebot/2.1; +http://www.google.com/bot.html)"
66.249.66.23 - - [30/Jun/2021:13:21:33 -0400] "GET / HTTP/1.1" 301 603 "-" "Mozilla/5.0 (compatible; Googlebot/2.1; +http://www.google.com/bot.html)"
66.249.66.10 - - [30/Jun/2021:13:21:34 -0400] "GET / HTTP/1.1" 301 5529 "-" "Mozilla/5.0 (compatible; Googlebot/2.1; +http://www.google.com/bot.html)"
81.88.52.58 - - [30/Jun/2021:13:26:46 -0400] "POST /wp-login.php HTTP/1.1" 200 8097 "-" "Mozilla/5.0 (Windows NT 10.0; Win64; x64) AppleWebKit/537.36 (KHTML, like Gecko) Chrome/64.0.3282.140 Safari/537.36"
167.99.66.206 - - [30/Jun/2021:13:27:40 -0400] "GET / HTTP/1.1" 200 11004 "-" "Mozilla/5.0 (Windows NT 10.0; WOW64) AppleWebKit/537.36 (KHTML, like Gecko) Chrome/84.0.4147.125 Safari/537.36"
