64.20.61.52 - - [06/Jul/2021:07:22:51 -0400] "POST /wp-cron.php?doing_wp_cron=1625570571.2665019035339355468750 HTTP/1.1" 301 673 "-" "WordPress/5.7.2; http://daniewatsonwriter.com"
5.188.210.4 - - [06/Jul/2021:07:23:21 -0400] "GET /wp-content/uploads/upload_index.php?auth=f02pz3831W0DTtLgq26L HTTP/1.0" 301 677 "-" "Mozilla/5.0 (Windows NT 6.3; Win64; x64) AppleWebKit/537.36 (KHTML, like Gecko) Chrome/75.0.3770.100 Safari/537.36"
5.188.210.4 - - [06/Jul/2021:07:23:21 -0400] "GET /wp-content/uploads/upload_index.php?auth=f02pz3831W0DTtLgq26L HTTP/1.0" 404 6055 "-" "Mozilla/5.0 (Windows NT 6.3; Win64; x64) AppleWebKit/537.36 (KHTML, like Gecko) Chrome/75.0.3770.100 Safari/537.36"
64.20.61.52 - - [06/Jul/2021:07:25:10 -0400] "POST /wp-cron.php?doing_wp_cron=1625570710.2470710277557373046875 HTTP/1.1" 301 673 "-" "WordPress/5.7.2; http://daniewatsonwriter.com"
64.20.61.52 - - [06/Jul/2021:07:27:25 -0400] "POST /wp-cron.php?doing_wp_cron=1625570845.5772869586944580078125 HTTP/1.1" 301 673 "-" "WordPress/5.7.2; http://daniewatsonwriter.com"
64.20.61.52 - - [06/Jul/2021:07:28:26 -0400] "POST /wp-cron.php?doing_wp_cron=1625570906.8454029560089111328125 HTTP/1.1" 301 673 "-" "WordPress/5.7.2; http://daniewatsonwriter.com"
64.20.61.52 - - [06/Jul/2021:07:29:55 -0400] "POST /wp-cron.php?doing_wp_cron=1625570995.9544019699096679687500 HTTP/1.1" 301 673 "-" "WordPress/5.7.2; http://daniewatsonwriter.com"
64.20.61.52 - - [06/Jul/2021:07:31:48 -0400] "POST /wp-cron.php?doing_wp_cron=1625571108.1875319480895996093750 HTTP/1.1" 301 673 "-" "WordPress/5.7.2; http://daniewatsonwriter.com"
64.20.61.52 - - [06/Jul/2021:07:33:29 -0400] "POST /wp-cron.php?doing_wp_cron=1625571209.0914371013641357421875 HTTP/1.1" 301 673 "-" "WordPress/5.7.2; http://daniewatsonwriter.com"
64.20.61.52 - - [06/Jul/2021:07:34:41 -0400] "POST /wp-cron.php?doing_wp_cron=1625571281.6643700599670410156250 HTTP/1.1" 301 673 "-" "WordPress/5.7.2; http://daniewatsonwriter.com"
64.20.61.52 - - [06/Jul/2021:07:35:53 -0400] "POST /wp-cron.php?doing_wp_cron=1625571352.9441180229187011718750 HTTP/1.1" 301 673 "-" "WordPress/5.7.2; http://daniewatsonwriter.com"
64.20.61.52 - - [06/Jul/2021:07:37:14 -0400] "POST /wp-cron.php?doing_wp_cron=1625571434.3349800109863281250000 HTTP/1.1" 301 673 "-" "WordPress/5.7.2; http://daniewatsonwriter.com"
64.20.61.52 - - [06/Jul/2021:07:38:43 -0400] "POST /wp-cron.php?doing_wp_cron=1625571522.9972710609436035156250 HTTP/1.1" 301 673 "-" "WordPress/5.7.2; http://daniewatsonwriter.com"
64.20.61.52 - - [06/Jul/2021:07:39:49 -0400] "POST /wp-cron.php?doing_wp_cron=1625571589.5433349609375000000000 HTTP/1.1" 200 5737 "-" "WordPress/5.7.2; https://daniewatsonwriter.com"
23.251.102.74 - - [06/Jul/2021:07:39:50 -0400] "GET / HTTP/1.1" 200 11152 "https://64.20.61.52/" "Mozilla/5.0 (Windows NT 10.0; Win64; x64) AppleWebKit/537.36 (KHTML, like Gecko) Chrome/60.0.3112.113 Safari/537.36"
117.50.90.31 - - [06/Jul/2021:07:40:38 -0400] "GET /wp-login.php HTTP/1.1" 200 8075 "-" "Mozilla/5.0 (X11; Ubuntu; Linux x86_64; rv:62.0) Gecko/20100101 Firefox/62.0"
117.50.90.31 - - [06/Jul/2021:07:40:40 -0400] "POST /wp-login.php HTTP/1.1" 200 8200 "-" "Mozilla/5.0 (X11; Ubuntu; Linux x86_64; rv:62.0) Gecko/20100101 Firefox/62.0"
117.50.90.31 - - [06/Jul/2021:07:40:44 -0400] "GET /wp-login.php HTTP/1.1" 200 8075 "-" "Mozilla/5.0 (X11; Ubuntu; Linux x86_64; rv:62.0) Gecko/20100101 Firefox/62.0"
117.50.90.31 - - [06/Jul/2021:07:40:46 -0400] "POST /wp-login.php HTTP/1.1" 200 8198 "-" "Mozilla/5.0 (X11; Ubuntu; Linux x86_64; rv:62.0) Gecko/20100101 Firefox/62.0"
117.50.90.31 - - [06/Jul/2021:07:40:47 -0400] "POST /xmlrpc.php HTTP/1.1" 200 5786 "-" "Mozilla/5.0 (X11; Ubuntu; Linux x86_64; rv:62.0) Gecko/20100101 Firefox/62.0"
64.20.61.52 - - [06/Jul/2021:07:42:11 -0400] "POST /wp-cron.php?doing_wp_cron=1625571730.2001969814300537109375 HTTP/1.1" 301 673 "-" "WordPress/5.7.2; http://daniewatsonwriter.com"
64.20.61.52 - - [06/Jul/2021:07:43:53 -0400] "POST /wp-cron.php?doing_wp_cron=1625571833.8256049156188964843750 HTTP/1.1" 301 673 "-" "WordPress/5.7.2; http://daniewatsonwriter.com"
64.20.61.52 - - [06/Jul/2021:07:44:54 -0400] "POST /wp-cron.php?doing_wp_cron=1625571894.8101360797882080078125 HTTP/1.1" 301 673 "-" "WordPress/5.7.2; http://daniewatsonwriter.com"
64.20.61.52 - - [06/Jul/2021:07:47:18 -0400] "POST /wp-cron.php?doing_wp_cron=1625572038.7585299015045166015625 HTTP/1.1" 301 673 "-" "WordPress/5.7.2; http://daniewatsonwriter.com"
64.20.61.52 - - [06/Jul/2021:07:48:25 -0400] "POST /wp-cron.php?doing_wp_cron=1625572105.7101368904113769531250 HTTP/1.1" 301 673 "-" "WordPress/5.7.2; http://daniewatsonwriter.com"
185.191.34.215 - - [06/Jul/2021:07:48:39 -0400] "POST /writebab.php HTTP/1.1" 404 6596 "-" "Mozilla/5.0 (Windows NT 10.0; Win64; x64; rv:67.0) Gecko/20100101 Firefox/67.0"
64.20.61.52 - - [06/Jul/2021:07:50:20 -0400] "POST /wp-cron.php?doing_wp_cron=1625572220.8206911087036132812500 HTTP/1.1" 301 673 "-" "WordPress/5.7.2; http://daniewatsonwriter.com"
185.191.34.215 - - [06/Jul/2021:07:52:16 -0400] "POST /wp-console.php HTTP/1.1" 404 6596 "-" "Mozilla/5.0 (Windows NT 10.0; Win64; x64) AppleWebKit/537.36 (KHTML, like Gecko) Chrome/74.0.3729.157 Safari/537.36"
64.20.61.52 - - [06/Jul/2021:07:52:48 -0400] "POST /wp-cron.php?doing_wp_cron=1625572368.7994151115417480468750 HTTP/1.1" 301 673 "-" "WordPress/5.7.2; http://daniewatsonwriter.com"
64.20.61.52 - - [06/Jul/2021:07:54:34 -0400] "POST /wp-cron.php?doing_wp_cron=1625572474.6381459236145019531250 HTTP/1.1" 301 673 "-" "WordPress/5.7.2; http://daniewatsonwriter.com"
64.20.61.52 - - [06/Jul/2021:07:55:54 -0400] "POST /wp-cron.php?doing_wp_cron=1625572554.6591548919677734375000 HTTP/1.1" 301 673 "-" "WordPress/5.7.2; http://daniewatsonwriter.com"
64.20.61.52 - - [06/Jul/2021:07:57:20 -0400] "POST /wp-cron.php?doing_wp_cron=1625572640.0668830871582031250000 HTTP/1.1" 301 673 "-" "WordPress/5.7.2; http://daniewatsonwriter.com"
64.20.61.52 - - [06/Jul/2021:07:58:56 -0400] "POST /wp-cron.php?doing_wp_cron=1625572736.7125480175018310546875 HTTP/1.1" 301 673 "-" "WordPress/5.7.2; http://daniewatsonwriter.com"
64.20.61.52 - - [06/Jul/2021:08:01:09 -0400] "POST /wp-cron.php?doing_wp_cron=1625572868.4066660404205322265625 HTTP/1.1" 301 673 "-" "WordPress/5.7.2; http://daniewatsonwriter.com"
64.20.61.52 - - [06/Jul/2021:08:02:10 -0400] "POST /wp-cron.php?doing_wp_cron=1625572930.6304440498352050781250 HTTP/1.1" 301 673 "-" "WordPress/5.7.2; http://daniewatsonwriter.com"
64.20.61.52 - - [06/Jul/2021:08:04:47 -0400] "POST /wp-cron.php?doing_wp_cron=1625573087.2049739360809326171875 HTTP/1.1" 301 673 "-" "WordPress/5.7.2; http://daniewatsonwriter.com"
64.20.61.52 - - [06/Jul/2021:08:06:00 -0400] "POST /wp-cron.php?doing_wp_cron=1625573160.6206810474395751953125 HTTP/1.1" 301 673 "-" "WordPress/5.7.2; http://daniewatsonwriter.com"
64.20.61.52 - - [06/Jul/2021:08:07:05 -0400] "POST /wp-cron.php?doing_wp_cron=1625573225.0893089771270751953125 HTTP/1.1" 200 5737 "-" "WordPress/5.7.2; https://daniewatsonwriter.com"
62.210.123.62 - - [06/Jul/2021:08:07:05 -0400] "GET / HTTP/1.1" 200 24033 "-" "-"
54.244.82.55 - - [06/Jul/2021:08:07:48 -0400] "GET / HTTP/1.1" 301 536 "-" "Mozilla/5.0 (X11; Linux x86_64) AppleWebKit/537.36 (KHTML, like Gecko) Chrome/83.0.4103.97 Safari/537.36"
204.48.19.85 - - [06/Jul/2021:08:07:54 -0400] "POST /wp-cron.php?doing_wp_cron=1625573274.4244298934936523437500 HTTP/1.1" 200 6261 "https://daniewatsonwriter.com/wp-cron.php?doing_wp_cron=1625573274.4244298934936523437500" "WordPress/5.7.2; https://daniewatsonwriter.com"
54.244.82.55 - - [06/Jul/2021:08:07:54 -0400] "GET / HTTP/1.1" 200 11790 "-" "Mozilla/5.0 (X11; Linux x86_64) AppleWebKit/537.36 (KHTML, like Gecko) Chrome/83.0.4103.97 Safari/537.36"
64.20.61.52 - - [06/Jul/2021:08:08:33 -0400] "POST /wp-cron.php?doing_wp_cron=1625573313.3731830120086669921875 HTTP/1.1" 301 673 "-" "WordPress/5.7.2; http://daniewatsonwriter.com"
64.20.61.52 - - [06/Jul/2021:08:09:56 -0400] "POST /wp-cron.php?doing_wp_cron=1625573396.2844319343566894531250 HTTP/1.1" 301 673 "-" "WordPress/5.7.2; http://daniewatsonwriter.com"
64.20.61.52 - - [06/Jul/2021:08:12:35 -0400] "POST /wp-cron.php?doing_wp_cron=1625573555.4520430564880371093750 HTTP/1.1" 301 673 "-" "WordPress/5.7.2; http://daniewatsonwriter.com"
64.20.61.52 - - [06/Jul/2021:08:14:23 -0400] "POST /wp-cron.php?doing_wp_cron=1625573663.8026850223541259765625 HTTP/1.1" 301 673 "-" "WordPress/5.7.2; http://daniewatsonwriter.com"
51.89.205.215 - - [06/Jul/2021:08:15:36 -0400] "GET /.env HTTP/1.1" 301 600 "-" "Mozilla/5.0 (Macintosh; Intel Mac OS X 10.15; rv:77.0) Gecko/20100101 Firefox/77.0"
51.89.205.215 - - [06/Jul/2021:08:15:36 -0400] "GET /.env HTTP/1.1" 404 6549 "-" "Mozilla/5.0 (Macintosh; Intel Mac OS X 10.15; rv:77.0) Gecko/20100101 Firefox/77.0"
51.89.205.215 - - [06/Jul/2021:08:15:37 -0400] "GET /wp-content/ HTTP/1.1" 301 614 "-" "Mozilla/5.0 (Macintosh; Intel Mac OS X 10.15; rv:77.0) Gecko/20100101 Firefox/77.0"
51.89.205.215 - - [06/Jul/2021:08:15:37 -0400] "GET /wp-content/ HTTP/1.1" 200 6251 "-" "Mozilla/5.0 (Macintosh; Intel Mac OS X 10.15; rv:77.0) Gecko/20100101 Firefox/77.0"
64.20.61.52 - - [06/Jul/2021:08:15:49 -0400] "POST /wp-cron.php?doing_wp_cron=1625573749.7039840221405029296875 HTTP/1.1" 301 673 "-" "WordPress/5.7.2; http://daniewatsonwriter.com"
64.20.61.52 - - [06/Jul/2021:08:17:33 -0400] "POST /wp-cron.php?doing_wp_cron=1625573853.2748529911041259765625 HTTP/1.1" 301 673 "-" "WordPress/5.7.2; http://daniewatsonwriter.com"
64.20.61.52 - - [06/Jul/2021:08:18:38 -0400] "POST /wp-cron.php?doing_wp_cron=1625573918.6284570693969726562500 HTTP/1.1" 301 673 "-" "WordPress/5.7.2; http://daniewatsonwriter.com"
64.20.61.52 - - [06/Jul/2021:08:20:21 -0400] "POST /wp-cron.php?doing_wp_cron=1625574021.4728579521179199218750 HTTP/1.1" 301 673 "-" "WordPress/5.7.2; http://daniewatsonwriter.com"
64.20.61.52 - - [06/Jul/2021:08:21:49 -0400] "POST /wp-cron.php?doing_wp_cron=1625574109.8144071102142333984375 HTTP/1.1" 301 673 "-" "WordPress/5.7.2; http://daniewatsonwriter.com"
64.20.61.52 - - [06/Jul/2021:08:23:00 -0400] "POST /wp-cron.php?doing_wp_cron=1625574180.7574169635772705078125 HTTP/1.1" 301 673 "-" "WordPress/5.7.2; http://daniewatsonwriter.com"
64.20.61.52 - - [06/Jul/2021:08:24:23 -0400] "POST /wp-cron.php?doing_wp_cron=1625574263.3626110553741455078125 HTTP/1.1" 301 673 "-" "WordPress/5.7.2; http://daniewatsonwriter.com"
64.20.61.52 - - [06/Jul/2021:08:25:37 -0400] "POST /wp-cron.php?doing_wp_cron=1625574337.2649950981140136718750 HTTP/1.1" 301 673 "-" "WordPress/5.7.2; http://daniewatsonwriter.com"
52.36.92.8 - - [06/Jul/2021:08:26:34 -0400] "GET /favicon.ico HTTP/1.1" 301 558 "-" "Mozilla/5.0 (X11; Linux x86_64) AppleWebKit/537.36 (KHTML, like Gecko) Chrome/83.0.4103.97 Safari/537.36"
52.36.92.8 - - [06/Jul/2021:08:26:39 -0400] "GET / HTTP/1.1" 301 536 "-" "Mozilla/5.0 (X11; Linux x86_64) AppleWebKit/537.36 (KHTML, like Gecko) Chrome/83.0.4103.97 Safari/537.36"
52.36.92.8 - - [06/Jul/2021:08:26:40 -0400] "GET / HTTP/1.1" 200 11790 "http://daniewatsonwriter.com" "Mozilla/5.0 (X11; Linux x86_64) AppleWebKit/537.36 (KHTML, like Gecko) Chrome/83.0.4103.97 Safari/537.36"
52.36.92.8 - - [06/Jul/2021:08:26:44 -0400] "GET /wp-content/uploads/2019/04/cropped-let-the-sea-set-you-free-32x32.png HTTP/1.1" 200 9108 "-" "Go-http-client/1.1"
64.20.61.52 - - [06/Jul/2021:08:28:22 -0400] "POST /wp-cron.php?doing_wp_cron=1625574501.8925259113311767578125 HTTP/1.1" 301 673 "-" "WordPress/5.7.2; http://daniewatsonwriter.com"
72.167.225.115 - - [06/Jul/2021:08:28:33 -0400] "GET /wp-login.php HTTP/1.1" 200 8075 "-" "Mozilla/5.0 (X11; Ubuntu; Linux x86_64; rv:62.0) Gecko/20100101 Firefox/62.0"
72.167.225.115 - - [06/Jul/2021:08:28:33 -0400] "POST /wp-login.php HTTP/1.1" 200 8200 "-" "Mozilla/5.0 (X11; Ubuntu; Linux x86_64; rv:62.0) Gecko/20100101 Firefox/62.0"
72.167.225.115 - - [06/Jul/2021:08:28:33 -0400] "GET /wp-login.php HTTP/1.1" 200 8075 "-" "Mozilla/5.0 (X11; Ubuntu; Linux x86_64; rv:62.0) Gecko/20100101 Firefox/62.0"
72.167.225.115 - - [06/Jul/2021:08:28:34 -0400] "POST /wp-login.php HTTP/1.1" 200 8198 "-" "Mozilla/5.0 (X11; Ubuntu; Linux x86_64; rv:62.0) Gecko/20100101 Firefox/62.0"
72.167.225.115 - - [06/Jul/2021:08:28:34 -0400] "POST /xmlrpc.php HTTP/1.1" 200 5786 "-" "Mozilla/5.0 (X11; Ubuntu; Linux x86_64; rv:62.0) Gecko/20100101 Firefox/62.0"
64.20.61.52 - - [06/Jul/2021:08:30:34 -0400] "POST /wp-cron.php?doing_wp_cron=1625574634.9187619686126708984375 HTTP/1.1" 301 673 "-" "WordPress/5.7.2; http://daniewatsonwriter.com"
66.249.70.70 - - [06/Jul/2021:08:31:31 -0400] "GET /robots.txt HTTP/1.1" 301 612 "-" "Mozilla/5.0 (compatible; Googlebot/2.1; +http://www.google.com/bot.html)"
66.249.70.64 - - [06/Jul/2021:08:31:31 -0400] "GET /robots.txt HTTP/1.1" 404 6549 "-" "Mozilla/5.0 (compatible; Googlebot/2.1; +http://www.google.com/bot.html)"
66.249.70.72 - - [06/Jul/2021:08:31:31 -0400] "GET /wp-content/uploads/2019/06/717CBBFD-443E-4498-84D8-77224338FF13-e1561386339102-225x300.jpeg HTTP/1.1" 301 774 "-" "Googlebot-Image/1.0"
66.249.70.64 - - [06/Jul/2021:08:31:32 -0400] "GET /wp-content/uploads/2019/06/717CBBFD-443E-4498-84D8-77224338FF13-e1561386339102-225x300.jpeg HTTP/1.1" 200 16143 "-" "Googlebot-Image/1.0"
64.20.61.52 - - [06/Jul/2021:08:31:52 -0400] "POST /wp-cron.php?doing_wp_cron=1625574712.0706689357757568359375 HTTP/1.1" 301 673 "-" "WordPress/5.7.2; http://daniewatsonwriter.com"
64.20.61.52 - - [06/Jul/2021:08:33:10 -0400] "POST /wp-cron.php?doing_wp_cron=1625574787.7427070140838623046875 HTTP/1.1" 301 673 "-" "WordPress/5.7.2; http://daniewatsonwriter.com"
64.20.61.52 - - [06/Jul/2021:08:34:38 -0400] "POST /wp-cron.php?doing_wp_cron=1625574878.2696509361267089843750 HTTP/1.1" 301 673 "-" "WordPress/5.7.2; http://daniewatsonwriter.com"
64.20.61.52 - - [06/Jul/2021:08:36:02 -0400] "POST /wp-cron.php?doing_wp_cron=1625574962.2776420116424560546875 HTTP/1.1" 301 673 "-" "WordPress/5.7.2; http://daniewatsonwriter.com"
64.20.61.52 - - [06/Jul/2021:08:38:46 -0400] "POST /wp-cron.php?doing_wp_cron=1625575126.5395081043243408203125 HTTP/1.1" 301 673 "-" "WordPress/5.7.2; http://daniewatsonwriter.com"
64.20.61.52 - - [06/Jul/2021:08:39:47 -0400] "POST /wp-cron.php?doing_wp_cron=1625575187.2554709911346435546875 HTTP/1.1" 301 673 "-" "WordPress/5.7.2; http://daniewatsonwriter.com"
64.20.61.52 - - [06/Jul/2021:08:41:42 -0400] "POST /wp-cron.php?doing_wp_cron=1625575302.8094151020050048828125 HTTP/1.1" 301 673 "-" "WordPress/5.7.2; http://daniewatsonwriter.com"
64.20.61.52 - - [06/Jul/2021:08:42:47 -0400] "POST /wp-cron.php?doing_wp_cron=1625575367.7638330459594726562500 HTTP/1.1" 301 673 "-" "WordPress/5.7.2; http://daniewatsonwriter.com"
64.20.61.52 - - [06/Jul/2021:08:44:05 -0400] "POST /wp-cron.php?doing_wp_cron=1625575445.1991748809814453125000 HTTP/1.1" 301 673 "-" "WordPress/5.7.2; http://daniewatsonwriter.com"
64.20.61.52 - - [06/Jul/2021:08:45:16 -0400] "POST /wp-cron.php?doing_wp_cron=1625575516.8563649654388427734375 HTTP/1.1" 301 673 "-" "WordPress/5.7.2; http://daniewatsonwriter.com"
64.20.61.52 - - [06/Jul/2021:08:47:32 -0400] "POST /wp-cron.php?doing_wp_cron=1625575652.3208589553833007812500 HTTP/1.1" 301 673 "-" "WordPress/5.7.2; http://daniewatsonwriter.com"
64.20.61.52 - - [06/Jul/2021:08:49:05 -0400] "POST /wp-cron.php?doing_wp_cron=1625575745.7094929218292236328125 HTTP/1.1" 200 5737 "-" "WordPress/5.7.2; https://daniewatsonwriter.com"
64.20.61.52 - - [06/Jul/2021:08:50:24 -0400] "POST /wp-cron.php?doing_wp_cron=1625575824.9055259227752685546875 HTTP/1.1" 301 673 "-" "WordPress/5.7.2; http://daniewatsonwriter.com"
64.20.61.52 - - [06/Jul/2021:08:52:51 -0400] "POST /wp-cron.php?doing_wp_cron=1625575970.9454729557037353515625 HTTP/1.1" 301 673 "-" "WordPress/5.7.2; http://daniewatsonwriter.com"
64.20.61.52 - - [06/Jul/2021:08:54:27 -0400] "POST /wp-cron.php?doing_wp_cron=1625576067.2989420890808105468750 HTTP/1.1" 301 673 "-" "WordPress/5.7.2; http://daniewatsonwriter.com"
23.99.97.154 - - [06/Jul/2021:08:55:14 -0400] "GET /wp-login.php HTTP/1.1" 200 8075 "-" "Mozilla/5.0 (X11; Ubuntu; Linux x86_64; rv:62.0) Gecko/20100101 Firefox/62.0"
23.99.97.154 - - [06/Jul/2021:08:55:16 -0400] "POST /wp-login.php HTTP/1.1" 200 8200 "-" "Mozilla/5.0 (X11; Ubuntu; Linux x86_64; rv:62.0) Gecko/20100101 Firefox/62.0"
23.99.97.154 - - [06/Jul/2021:08:55:17 -0400] "GET /wp-login.php HTTP/1.1" 200 8075 "-" "Mozilla/5.0 (X11; Ubuntu; Linux x86_64; rv:62.0) Gecko/20100101 Firefox/62.0"
23.99.97.154 - - [06/Jul/2021:08:55:18 -0400] "POST /wp-login.php HTTP/1.1" 200 8177 "-" "Mozilla/5.0 (X11; Ubuntu; Linux x86_64; rv:62.0) Gecko/20100101 Firefox/62.0"
23.99.97.154 - - [06/Jul/2021:08:55:19 -0400] "POST /xmlrpc.php HTTP/1.1" 200 5786 "-" "Mozilla/5.0 (X11; Ubuntu; Linux x86_64; rv:62.0) Gecko/20100101 Firefox/62.0"
185.191.34.215 - - [06/Jul/2021:08:56:01 -0400] "POST /bps.php HTTP/1.1" 404 6596 "-" "Mozilla/5.0 (Windows NT 10.0; Win64; x64) AppleWebKit/537.36 (KHTML, like Gecko) Chrome/74.0.3729.157 Safari/537.36"
64.20.61.52 - - [06/Jul/2021:08:56:04 -0400] "POST /wp-cron.php?doing_wp_cron=1625576164.6120460033416748046875 HTTP/1.1" 301 673 "-" "WordPress/5.7.2; http://daniewatsonwriter.com"
74.208.151.79 - - [06/Jul/2021:08:56:47 -0400] "GET / HTTP/1.1" 301 555 "-" "-"
74.208.151.79 - - [06/Jul/2021:08:56:47 -0400] "GET / HTTP/1.1" 301 555 "-" "-"
74.208.151.79 - - [06/Jul/2021:08:56:47 -0400] "GET / HTTP/1.1" 200 23933 "-" "-"
74.208.151.79 - - [06/Jul/2021:08:56:48 -0400] "GET / HTTP/1.1" 200 23933 "-" "-"
64.20.61.52 - - [06/Jul/2021:08:57:38 -0400] "POST /wp-cron.php?doing_wp_cron=1625576258.0172600746154785156250 HTTP/1.1" 301 673 "-" "WordPress/5.7.2; http://daniewatsonwriter.com"
64.20.61.52 - - [06/Jul/2021:08:59:09 -0400] "POST /wp-cron.php?doing_wp_cron=1625576349.6004269123077392578125 HTTP/1.1" 301 673 "-" "WordPress/5.7.2; http://daniewatsonwriter.com"
64.20.61.52 - - [06/Jul/2021:09:01:30 -0400] "POST /wp-cron.php?doing_wp_cron=1625576490.7790091037750244140625 HTTP/1.1" 301 673 "-" "WordPress/5.7.2; http://daniewatsonwriter.com"
64.20.61.52 - - [06/Jul/2021:09:03:03 -0400] "POST /wp-cron.php?doing_wp_cron=1625576583.7044470310211181640625 HTTP/1.1" 301 673 "-" "WordPress/5.7.2; http://daniewatsonwriter.com"
64.20.61.52 - - [06/Jul/2021:09:04:49 -0400] "POST /wp-cron.php?doing_wp_cron=1625576689.1624751091003417968750 HTTP/1.1" 301 673 "-" "WordPress/5.7.2; http://daniewatsonwriter.com"
64.20.61.52 - - [06/Jul/2021:09:05:57 -0400] "POST /wp-cron.php?doing_wp_cron=1625576757.9299559593200683593750 HTTP/1.1" 301 673 "-" "WordPress/5.7.2; http://daniewatsonwriter.com"
64.20.61.52 - - [06/Jul/2021:09:07:49 -0400] "POST /wp-cron.php?doing_wp_cron=1625576869.2370879650115966796875 HTTP/1.1" 301 673 "-" "WordPress/5.7.2; http://daniewatsonwriter.com"
64.20.61.52 - - [06/Jul/2021:09:09:02 -0400] "POST /wp-cron.php?doing_wp_cron=1625576942.1515970230102539062500 HTTP/1.1" 301 673 "-" "WordPress/5.7.2; http://daniewatsonwriter.com"
64.20.61.52 - - [06/Jul/2021:09:11:10 -0400] "POST /wp-cron.php?doing_wp_cron=1625577070.4091060161590576171875 HTTP/1.1" 301 673 "-" "WordPress/5.7.2; http://daniewatsonwriter.com"
64.20.61.52 - - [06/Jul/2021:09:12:49 -0400] "POST /wp-cron.php?doing_wp_cron=1625577169.4134559631347656250000 HTTP/1.1" 301 673 "-" "WordPress/5.7.2; http://daniewatsonwriter.com"
64.20.61.52 - - [06/Jul/2021:09:13:55 -0400] "POST /wp-cron.php?doing_wp_cron=1625577235.0610189437866210937500 HTTP/1.1" 301 673 "-" "WordPress/5.7.2; http://daniewatsonwriter.com"
64.20.61.52 - - [06/Jul/2021:09:15:10 -0400] "POST /wp-cron.php?doing_wp_cron=1625577310.5675239562988281250000 HTTP/1.1" 301 673 "-" "WordPress/5.7.2; http://daniewatsonwriter.com"
64.20.61.52 - - [06/Jul/2021:09:16:21 -0400] "POST /wp-cron.php?doing_wp_cron=1625577381.5060100555419921875000 HTTP/1.1" 301 673 "-" "WordPress/5.7.2; http://daniewatsonwriter.com"
64.20.61.52 - - [06/Jul/2021:09:17:42 -0400] "POST /wp-cron.php?doing_wp_cron=1625577462.9400069713592529296875 HTTP/1.1" 301 673 "-" "WordPress/5.7.2; http://daniewatsonwriter.com"
64.20.61.52 - - [06/Jul/2021:09:19:02 -0400] "POST /wp-cron.php?doing_wp_cron=1625577542.0361111164093017578125 HTTP/1.1" 301 673 "-" "WordPress/5.7.2; http://daniewatsonwriter.com"
64.20.61.52 - - [06/Jul/2021:09:20:14 -0400] "POST /wp-cron.php?doing_wp_cron=1625577614.3293600082397460937500 HTTP/1.1" 301 673 "-" "WordPress/5.7.2; http://daniewatsonwriter.com"
204.48.19.85 - - [06/Jul/2021:09:20:56 -0400] "POST /wp-cron.php?doing_wp_cron=1625577656.4779629707336425781250 HTTP/1.1" 200 6261 "https://daniewatsonwriter.com/wp-cron.php?doing_wp_cron=1625577656.4779629707336425781250" "WordPress/5.7.2; https://daniewatsonwriter.com"
150.95.176.38 - - [06/Jul/2021:09:20:56 -0400] "GET /wp-login.php HTTP/1.1" 200 8075 "-" "Mozilla/5.0 (X11; Ubuntu; Linux x86_64; rv:62.0) Gecko/20100101 Firefox/62.0"
150.95.176.38 - - [06/Jul/2021:09:20:58 -0400] "POST /wp-login.php HTTP/1.1" 200 8200 "-" "Mozilla/5.0 (X11; Ubuntu; Linux x86_64; rv:62.0) Gecko/20100101 Firefox/62.0"
150.95.176.38 - - [06/Jul/2021:09:20:59 -0400] "GET /wp-login.php HTTP/1.1" 200 8075 "-" "Mozilla/5.0 (X11; Ubuntu; Linux x86_64; rv:62.0) Gecko/20100101 Firefox/62.0"
150.95.176.38 - - [06/Jul/2021:09:20:59 -0400] "POST /wp-login.php HTTP/1.1" 200 8177 "-" "Mozilla/5.0 (X11; Ubuntu; Linux x86_64; rv:62.0) Gecko/20100101 Firefox/62.0"
150.95.176.38 - - [06/Jul/2021:09:21:00 -0400] "POST /xmlrpc.php HTTP/1.1" 200 5786 "-" "Mozilla/5.0 (X11; Ubuntu; Linux x86_64; rv:62.0) Gecko/20100101 Firefox/62.0"
64.20.61.52 - - [06/Jul/2021:09:22:07 -0400] "POST /wp-cron.php?doing_wp_cron=1625577726.9999310970306396484375 HTTP/1.1" 301 673 "-" "WordPress/5.7.2; http://daniewatsonwriter.com"
64.20.61.52 - - [06/Jul/2021:09:24:07 -0400] "POST /wp-cron.php?doing_wp_cron=1625577847.3962719440460205078125 HTTP/1.1" 301 673 "-" "WordPress/5.7.2; http://daniewatsonwriter.com"
64.20.61.52 - - [06/Jul/2021:09:25:55 -0400] "POST /wp-cron.php?doing_wp_cron=1625577955.6984241008758544921875 HTTP/1.1" 301 673 "-" "WordPress/5.7.2; http://daniewatsonwriter.com"
64.20.61.52 - - [06/Jul/2021:09:26:57 -0400] "POST /wp-cron.php?doing_wp_cron=1625578017.0309979915618896484375 HTTP/1.1" 301 673 "-" "WordPress/5.7.2; http://daniewatsonwriter.com"
213.168.249.115 - - [06/Jul/2021:09:27:40 -0400] "HEAD / HTTP/1.1" 301 190 "-" "Mozilla/5.0 (Windows; U; Windows NT 5.1; pl; rv:1.9; PageThing http://pagething.com) Gecko/2008052906 Firefox/3.0"
213.168.249.115 - - [06/Jul/2021:09:27:40 -0400] "HEAD / HTTP/1.1" 200 6476 "-" "Mozilla/5.0 (Windows; U; Windows NT 5.1; pl; rv:1.9; PageThing http://pagething.com) Gecko/2008052906 Firefox/3.0"
64.20.61.52 - - [06/Jul/2021:09:28:31 -0400] "POST /wp-cron.php?doing_wp_cron=1625578111.8942480087280273437500 HTTP/1.1" 301 673 "-" "WordPress/5.7.2; http://daniewatsonwriter.com"
64.20.61.52 - - [06/Jul/2021:09:30:03 -0400] "POST /wp-cron.php?doing_wp_cron=1625578203.9136240482330322265625 HTTP/1.1" 301 673 "-" "WordPress/5.7.2; http://daniewatsonwriter.com"
64.20.61.52 - - [06/Jul/2021:09:31:34 -0400] "POST /wp-cron.php?doing_wp_cron=1625578294.8227369785308837890625 HTTP/1.1" 301 673 "-" "WordPress/5.7.2; http://daniewatsonwriter.com"
64.20.61.52 - - [06/Jul/2021:09:32:40 -0400] "POST /wp-cron.php?doing_wp_cron=1625578360.3303050994873046875000 HTTP/1.1" 301 673 "-" "WordPress/5.7.2; http://daniewatsonwriter.com"
64.20.61.52 - - [06/Jul/2021:09:34:23 -0400] "POST /wp-cron.php?doing_wp_cron=1625578463.7142810821533203125000 HTTP/1.1" 301 673 "-" "WordPress/5.7.2; http://daniewatsonwriter.com"
64.20.61.52 - - [06/Jul/2021:09:36:55 -0400] "POST /wp-cron.php?doing_wp_cron=1625578615.8999440670013427734375 HTTP/1.1" 301 673 "-" "WordPress/5.7.2; http://daniewatsonwriter.com"
64.20.61.52 - - [06/Jul/2021:09:38:43 -0400] "POST /wp-cron.php?doing_wp_cron=1625578723.6928119659423828125000 HTTP/1.1" 301 673 "-" "WordPress/5.7.2; http://daniewatsonwriter.com"
64.20.61.52 - - [06/Jul/2021:09:40:12 -0400] "POST /wp-cron.php?doing_wp_cron=1625578812.8118789196014404296875 HTTP/1.1" 301 673 "-" "WordPress/5.7.2; http://daniewatsonwriter.com"
76.72.172.170 - - [06/Jul/2021:09:40:21 -0400] "GET / HTTP/1.1" 301 548 "-" "Mozilla/5.0 (Windows NT 10.0; WOW64; rv:40.0) Gecko/20100101 Firefox/40.0"
76.72.172.170 - - [06/Jul/2021:09:40:21 -0400] "GET / HTTP/1.1" 301 6325 "-" "Mozilla/5.0 (Windows NT 10.0; WOW64; rv:40.0) Gecko/20100101 Firefox/40.0"
76.72.172.170 - - [06/Jul/2021:09:40:21 -0400] "GET / HTTP/1.1" 206 11884 "-" "Mozilla/5.0 (Windows NT 10.0; WOW64; rv:40.0) Gecko/20100101 Firefox/40.0"
64.20.61.52 - - [06/Jul/2021:09:41:15 -0400] "POST /wp-cron.php?doing_wp_cron=1625578875.3116800785064697265625 HTTP/1.1" 301 673 "-" "WordPress/5.7.2; http://daniewatsonwriter.com"
64.20.61.52 - - [06/Jul/2021:09:42:27 -0400] "POST /wp-cron.php?doing_wp_cron=1625578947.1383109092712402343750 HTTP/1.1" 301 673 "-" "WordPress/5.7.2; http://daniewatsonwriter.com"
64.20.61.52 - - [06/Jul/2021:09:44:49 -0400] "POST /wp-cron.php?doing_wp_cron=1625579089.6952629089355468750000 HTTP/1.1" 301 673 "-" "WordPress/5.7.2; http://daniewatsonwriter.com"
64.20.61.52 - - [06/Jul/2021:09:45:54 -0400] "POST /wp-cron.php?doing_wp_cron=1625579154.2119190692901611328125 HTTP/1.1" 301 673 "-" "WordPress/5.7.2; http://daniewatsonwriter.com"
64.20.61.52 - - [06/Jul/2021:09:47:44 -0400] "POST /wp-cron.php?doing_wp_cron=1625579264.6827740669250488281250 HTTP/1.1" 301 673 "-" "WordPress/5.7.2; http://daniewatsonwriter.com"
159.65.173.77 - - [06/Jul/2021:09:47:48 -0400] "GET /wp-login.php HTTP/1.1" 200 8075 "-" "Mozilla/5.0 (X11; Ubuntu; Linux x86_64; rv:62.0) Gecko/20100101 Firefox/62.0"
159.65.173.77 - - [06/Jul/2021:09:47:48 -0400] "POST /wp-login.php HTTP/1.1" 200 8200 "-" "Mozilla/5.0 (X11; Ubuntu; Linux x86_64; rv:62.0) Gecko/20100101 Firefox/62.0"
159.65.173.77 - - [06/Jul/2021:09:47:48 -0400] "GET /wp-login.php HTTP/1.1" 200 8075 "-" "Mozilla/5.0 (X11; Ubuntu; Linux x86_64; rv:62.0) Gecko/20100101 Firefox/62.0"
159.65.173.77 - - [06/Jul/2021:09:47:48 -0400] "POST /wp-login.php HTTP/1.1" 200 8177 "-" "Mozilla/5.0 (X11; Ubuntu; Linux x86_64; rv:62.0) Gecko/20100101 Firefox/62.0"
159.65.173.77 - - [06/Jul/2021:09:47:48 -0400] "POST /xmlrpc.php HTTP/1.1" 200 5786 "-" "Mozilla/5.0 (X11; Ubuntu; Linux x86_64; rv:62.0) Gecko/20100101 Firefox/62.0"
64.20.61.52 - - [06/Jul/2021:09:49:01 -0400] "POST /wp-cron.php?doing_wp_cron=1625579341.6889040470123291015625 HTTP/1.1" 301 673 "-" "WordPress/5.7.2; http://daniewatsonwriter.com"
64.20.61.52 - - [06/Jul/2021:09:50:13 -0400] "POST /wp-cron.php?doing_wp_cron=1625579412.9788670539855957031250 HTTP/1.1" 301 673 "-" "WordPress/5.7.2; http://daniewatsonwriter.com"
64.20.61.52 - - [06/Jul/2021:09:51:50 -0400] "POST /wp-cron.php?doing_wp_cron=1625579510.8714759349822998046875 HTTP/1.1" 301 673 "-" "WordPress/5.7.2; http://daniewatsonwriter.com"
64.20.61.52 - - [06/Jul/2021:09:53:36 -0400] "POST /wp-cron.php?doing_wp_cron=1625579616.1041009426116943359375 HTTP/1.1" 301 673 "-" "WordPress/5.7.2; http://daniewatsonwriter.com"
64.20.61.52 - - [06/Jul/2021:09:54:51 -0400] "POST /wp-cron.php?doing_wp_cron=1625579691.0104830265045166015625 HTTP/1.1" 301 673 "-" "WordPress/5.7.2; http://daniewatsonwriter.com"
64.20.61.52 - - [06/Jul/2021:09:56:01 -0400] "POST /wp-cron.php?doing_wp_cron=1625579761.4062719345092773437500 HTTP/1.1" 301 673 "-" "WordPress/5.7.2; http://daniewatsonwriter.com"
64.20.61.52 - - [06/Jul/2021:09:57:29 -0400] "POST /wp-cron.php?doing_wp_cron=1625579849.5824160575866699218750 HTTP/1.1" 301 673 "-" "WordPress/5.7.2; http://daniewatsonwriter.com"
64.20.61.52 - - [06/Jul/2021:09:58:35 -0400] "POST /wp-cron.php?doing_wp_cron=1625579915.3058409690856933593750 HTTP/1.1" 301 673 "-" "WordPress/5.7.2; http://daniewatsonwriter.com"
167.248.133.39 - - [06/Jul/2021:09:58:45 -0400] "GET / HTTP/1.1" 301 536 "-" "Mozilla/5.0 (compatible; CensysInspect/1.1; +https://about.censys.io/)"
167.248.133.39 - - [06/Jul/2021:09:58:45 -0400] "GET / HTTP/1.1" 200 11347 "-" "Mozilla/5.0 (compatible; CensysInspect/1.1; +https://about.censys.io/)"
64.20.61.52 - - [06/Jul/2021:09:59:53 -0400] "POST /wp-cron.php?doing_wp_cron=1625579993.2264618873596191406250 HTTP/1.1" 301 673 "-" "WordPress/5.7.2; http://daniewatsonwriter.com"
64.20.61.52 - - [06/Jul/2021:10:01:01 -0400] "POST /wp-cron.php?doing_wp_cron=1625580061.0034089088439941406250 HTTP/1.1" 301 673 "-" "WordPress/5.7.2; http://daniewatsonwriter.com"
64.20.61.52 - - [06/Jul/2021:10:02:19 -0400] "POST /wp-cron.php?doing_wp_cron=1625580139.7536609172821044921875 HTTP/1.1" 301 673 "-" "WordPress/5.7.2; http://daniewatsonwriter.com"
64.20.61.52 - - [06/Jul/2021:10:03:35 -0400] "POST /wp-cron.php?doing_wp_cron=1625580215.4179620742797851562500 HTTP/1.1" 301 673 "-" "WordPress/5.7.2; http://daniewatsonwriter.com"
64.20.61.52 - - [06/Jul/2021:10:04:56 -0400] "POST /wp-cron.php?doing_wp_cron=1625580296.7559950351715087890625 HTTP/1.1" 301 673 "-" "WordPress/5.7.2; http://daniewatsonwriter.com"
64.20.61.52 - - [06/Jul/2021:10:06:04 -0400] "POST /wp-cron.php?doing_wp_cron=1625580364.6580159664154052734375 HTTP/1.1" 301 673 "-" "WordPress/5.7.2; http://daniewatsonwriter.com"
204.48.19.85 - - [06/Jul/2021:10:07:28 -0400] "POST /wp-cron.php?doing_wp_cron=1625580448.6507060527801513671875 HTTP/1.1" 200 6261 "https://daniewatsonwriter.com/wp-cron.php?doing_wp_cron=1625580448.6507060527801513671875" "WordPress/5.7.2; https://daniewatsonwriter.com"
45.40.166.142 - - [06/Jul/2021:10:07:28 -0400] "POST /wp-login.php HTTP/1.1" 200 8875 "-" "Mozilla/5.0 (Windows NT 6.1; Win64; x64) AppleWebKit/537.36 (KHTML, like Gecko) Chrome/79.0.3945.117 Safari/537.36"
64.20.61.52 - - [06/Jul/2021:10:07:36 -0400] "POST /wp-cron.php?doing_wp_cron=1625580456.2493200302124023437500 HTTP/1.1" 301 673 "-" "WordPress/5.7.2; http://daniewatsonwriter.com"
64.20.61.52 - - [06/Jul/2021:10:09:09 -0400] "POST /wp-cron.php?doing_wp_cron=1625580549.1855480670928955078125 HTTP/1.1" 301 673 "-" "WordPress/5.7.2; http://daniewatsonwriter.com"
64.20.61.52 - - [06/Jul/2021:10:10:21 -0400] "POST /wp-cron.php?doing_wp_cron=1625580621.2280189990997314453125 HTTP/1.1" 301 673 "-" "WordPress/5.7.2; http://daniewatsonwriter.com"
64.20.61.52 - - [06/Jul/2021:10:12:05 -0400] "POST /wp-cron.php?doing_wp_cron=1625580725.1145529747009277343750 HTTP/1.1" 200 5737 "-" "WordPress/5.7.2; https://daniewatsonwriter.com"
192.35.168.112 - - [06/Jul/2021:10:12:05 -0400] "GET / HTTP/1.1" 200 11152 "https://64.20.61.52:443/" "Mozilla/5.0 zgrab/0.x"
64.20.61.52 - - [06/Jul/2021:10:13:33 -0400] "POST /wp-cron.php?doing_wp_cron=1625580813.0928249359130859375000 HTTP/1.1" 301 673 "-" "WordPress/5.7.2; http://daniewatsonwriter.com"
146.59.10.194 - - [06/Jul/2021:10:14:30 -0400] "GET /wp-login.php HTTP/1.1" 200 8075 "-" "Mozilla/5.0 (X11; Ubuntu; Linux x86_64; rv:62.0) Gecko/20100101 Firefox/62.0"
146.59.10.194 - - [06/Jul/2021:10:14:31 -0400] "POST /wp-login.php HTTP/1.1" 200 8200 "-" "Mozilla/5.0 (X11; Ubuntu; Linux x86_64; rv:62.0) Gecko/20100101 Firefox/62.0"
146.59.10.194 - - [06/Jul/2021:10:14:32 -0400] "GET /wp-login.php HTTP/1.1" 200 8075 "-" "Mozilla/5.0 (X11; Ubuntu; Linux x86_64; rv:62.0) Gecko/20100101 Firefox/62.0"
146.59.10.194 - - [06/Jul/2021:10:14:32 -0400] "POST /wp-login.php HTTP/1.1" 200 8177 "-" "Mozilla/5.0 (X11; Ubuntu; Linux x86_64; rv:62.0) Gecko/20100101 Firefox/62.0"
146.59.10.194 - - [06/Jul/2021:10:14:33 -0400] "POST /xmlrpc.php HTTP/1.1" 200 5786 "-" "Mozilla/5.0 (X11; Ubuntu; Linux x86_64; rv:62.0) Gecko/20100101 Firefox/62.0"
64.20.61.52 - - [06/Jul/2021:10:14:37 -0400] "POST /wp-cron.php?doing_wp_cron=1625580877.7330229282379150390625 HTTP/1.1" 301 673 "-" "WordPress/5.7.2; http://daniewatsonwriter.com"
64.20.61.52 - - [06/Jul/2021:10:16:18 -0400] "POST /wp-cron.php?doing_wp_cron=1625580978.8004128932952880859375 HTTP/1.1" 301 673 "-" "WordPress/5.7.2; http://daniewatsonwriter.com"
148.72.215.37 - - [06/Jul/2021:10:17:56 -0400] "POST /wp-login.php HTTP/1.1" 200 8875 "-" "Mozilla/5.0 (Windows NT 6.1; Win64; x64) AppleWebKit/537.36 (KHTML, like Gecko) Chrome/78.0.3904.97 Safari/537.36"
64.20.61.52 - - [06/Jul/2021:10:17:59 -0400] "POST /wp-cron.php?doing_wp_cron=1625581079.5793828964233398437500 HTTP/1.1" 301 673 "-" "WordPress/5.7.2; http://daniewatsonwriter.com"
64.20.61.52 - - [06/Jul/2021:10:19:28 -0400] "POST /wp-cron.php?doing_wp_cron=1625581168.0231270790100097656250 HTTP/1.1" 301 673 "-" "WordPress/5.7.2; http://daniewatsonwriter.com"
64.20.61.52 - - [06/Jul/2021:10:21:16 -0400] "POST /wp-cron.php?doing_wp_cron=1625581276.5930449962615966796875 HTTP/1.1" 301 673 "-" "WordPress/5.7.2; http://daniewatsonwriter.com"
64.20.61.52 - - [06/Jul/2021:10:22:31 -0400] "POST /wp-cron.php?doing_wp_cron=1625581351.3058340549468994140625 HTTP/1.1" 301 673 "-" "WordPress/5.7.2; http://daniewatsonwriter.com"
64.20.61.52 - - [06/Jul/2021:10:23:59 -0400] "POST /wp-cron.php?doing_wp_cron=1625581439.2404220104217529296875 HTTP/1.1" 301 673 "-" "WordPress/5.7.2; http://daniewatsonwriter.com"
64.20.61.52 - - [06/Jul/2021:10:25:07 -0400] "POST /wp-cron.php?doing_wp_cron=1625581507.8222219944000244140625 HTTP/1.1" 301 673 "-" "WordPress/5.7.2; http://daniewatsonwriter.com"
64.20.61.52 - - [06/Jul/2021:10:26:09 -0400] "POST /wp-cron.php?doing_wp_cron=1625581569.3047020435333251953125 HTTP/1.1" 301 673 "-" "WordPress/5.7.2; http://daniewatsonwriter.com"
64.20.61.52 - - [06/Jul/2021:10:27:17 -0400] "POST /wp-cron.php?doing_wp_cron=1625581637.0169301033020019531250 HTTP/1.1" 301 673 "-" "WordPress/5.7.2; http://daniewatsonwriter.com"
64.20.61.52 - - [06/Jul/2021:10:28:18 -0400] "POST /wp-cron.php?doing_wp_cron=1625581698.4758028984069824218750 HTTP/1.1" 301 673 "-" "WordPress/5.7.2; http://daniewatsonwriter.com"
64.20.61.52 - - [06/Jul/2021:10:29:55 -0400] "POST /wp-cron.php?doing_wp_cron=1625581795.4630100727081298828125 HTTP/1.1" 301 673 "-" "WordPress/5.7.2; http://daniewatsonwriter.com"
64.20.61.52 - - [06/Jul/2021:10:30:57 -0400] "POST /wp-cron.php?doing_wp_cron=1625581857.0601129531860351562500 HTTP/1.1" 301 673 "-" "WordPress/5.7.2; http://daniewatsonwriter.com"
64.20.61.52 - - [06/Jul/2021:10:32:09 -0400] "POST /wp-cron.php?doing_wp_cron=1625581926.2249441146850585937500 HTTP/1.1" 301 673 "-" "WordPress/5.7.2; http://daniewatsonwriter.com"
77.246.159.85 - - [06/Jul/2021:10:32:15 -0400] "GET /wp-content/plugins/formidable/css/frm_grids.css HTTP/1.1" 404 5856 "-" "Mozilla/5.0 (Windows NT 6.3; WOW64) AppleWebKit/537.36 (KHTML, like Gecko) Chrome/41.0.2272.89 Safari/537.36 OPR/28.0.1750.48"
151.80.61.53 - - [06/Jul/2021:10:32:53 -0400] "POST /wp-login.php HTTP/1.1" 200 8875 "-" "Mozilla/5.0 (Windows NT 6.1) AppleWebKit/537.36 (KHTML, like Gecko) Chrome/63.0.3239.84 Safari/537.36"
64.20.61.52 - - [06/Jul/2021:10:33:36 -0400] "POST /wp-cron.php?doing_wp_cron=1625582016.0210080146789550781250 HTTP/1.1" 301 673 "-" "WordPress/5.7.2; http://daniewatsonwriter.com"
64.20.61.52 - - [06/Jul/2021:10:34:40 -0400] "POST /wp-cron.php?doing_wp_cron=1625582080.5687170028686523437500 HTTP/1.1" 301 673 "-" "WordPress/5.7.2; http://daniewatsonwriter.com"
64.20.61.52 - - [06/Jul/2021:10:35:58 -0400] "POST /wp-cron.php?doing_wp_cron=1625582158.8156828880310058593750 HTTP/1.1" 301 673 "-" "WordPress/5.7.2; http://daniewatsonwriter.com"
64.20.61.52 - - [06/Jul/2021:10:37:10 -0400] "POST /wp-cron.php?doing_wp_cron=1625582230.3981060981750488281250 HTTP/1.1" 301 673 "-" "WordPress/5.7.2; http://daniewatsonwriter.com"
64.20.61.52 - - [06/Jul/2021:10:40:00 -0400] "POST /wp-cron.php?doing_wp_cron=1625582400.5102200508117675781250 HTTP/1.1" 301 673 "-" "WordPress/5.7.2; http://daniewatsonwriter.com"
64.20.61.52 - - [06/Jul/2021:10:41:55 -0400] "POST /wp-cron.php?doing_wp_cron=1625582515.8081920146942138671875 HTTP/1.1" 301 673 "-" "WordPress/5.7.2; http://daniewatsonwriter.com"
103.28.49.63 - - [06/Jul/2021:10:43:35 -0400] "POST /wp-login.php HTTP/1.1" 200 8875 "-" "Mozilla/5.0 (Windows NT 6.1; Win64; x64) AppleWebKit/537.36 (KHTML, like Gecko) Chrome/80.0.3987.106 Safari/537.36"
64.20.61.52 - - [06/Jul/2021:10:44:57 -0400] "POST /wp-cron.php?doing_wp_cron=1625582697.2456920146942138671875 HTTP/1.1" 301 673 "-" "WordPress/5.7.2; http://daniewatsonwriter.com"
64.20.61.52 - - [06/Jul/2021:10:46:09 -0400] "POST /wp-cron.php?doing_wp_cron=1625582769.8318660259246826171875 HTTP/1.1" 301 673 "-" "WordPress/5.7.2; http://daniewatsonwriter.com"
64.20.61.52 - - [06/Jul/2021:10:47:29 -0400] "POST /wp-cron.php?doing_wp_cron=1625582849.1208810806274414062500 HTTP/1.1" 301 673 "-" "WordPress/5.7.2; http://daniewatsonwriter.com"
64.20.61.52 - - [06/Jul/2021:10:49:14 -0400] "POST /wp-cron.php?doing_wp_cron=1625582954.9586720466613769531250 HTTP/1.1" 301 673 "-" "WordPress/5.7.2; http://daniewatsonwriter.com"
64.20.61.52 - - [06/Jul/2021:10:51:15 -0400] "POST /wp-cron.php?doing_wp_cron=1625583075.3199570178985595703125 HTTP/1.1" 301 673 "-" "WordPress/5.7.2; http://daniewatsonwriter.com"
64.20.61.52 - - [06/Jul/2021:10:53:06 -0400] "POST /wp-cron.php?doing_wp_cron=1625583185.8379740715026855468750 HTTP/1.1" 301 673 "-" "WordPress/5.7.2; http://daniewatsonwriter.com"
64.20.61.52 - - [06/Jul/2021:10:55:37 -0400] "POST /wp-cron.php?doing_wp_cron=1625583337.5742580890655517578125 HTTP/1.1" 301 673 "-" "WordPress/5.7.2; http://daniewatsonwriter.com"
64.20.61.52 - - [06/Jul/2021:10:56:40 -0400] "POST /wp-cron.php?doing_wp_cron=1625583400.5378289222717285156250 HTTP/1.1" 301 673 "-" "WordPress/5.7.2; http://daniewatsonwriter.com"
64.20.61.52 - - [06/Jul/2021:10:58:05 -0400] "POST /wp-cron.php?doing_wp_cron=1625583485.0985989570617675781250 HTTP/1.1" 301 673 "-" "WordPress/5.7.2; http://daniewatsonwriter.com"
134.209.157.198 - - [06/Jul/2021:10:58:36 -0400] "POST /wp-login.php HTTP/1.1" 200 8875 "-" "Mozilla/5.0 (Windows NT 10.0; Win64; x64) AppleWebKit/537.36 (KHTML, like Gecko) Chrome/64.0.3282.167 Safari/537.36"
64.20.61.52 - - [06/Jul/2021:10:59:34 -0400] "POST /wp-cron.php?doing_wp_cron=1625583574.7626190185546875000000 HTTP/1.1" 301 673 "-" "WordPress/5.7.2; http://daniewatsonwriter.com"
64.20.61.52 - - [06/Jul/2021:11:01:03 -0400] "POST /wp-cron.php?doing_wp_cron=1625583663.8044650554656982421875 HTTP/1.1" 301 673 "-" "WordPress/5.7.2; http://daniewatsonwriter.com"
64.20.61.52 - - [06/Jul/2021:11:02:15 -0400] "POST /wp-cron.php?doing_wp_cron=1625583735.7600529193878173828125 HTTP/1.1" 301 673 "-" "WordPress/5.7.2; http://daniewatsonwriter.com"
64.20.61.52 - - [06/Jul/2021:11:03:56 -0400] "POST /wp-cron.php?doing_wp_cron=1625583836.2489299774169921875000 HTTP/1.1" 301 673 "-" "WordPress/5.7.2; http://daniewatsonwriter.com"
64.20.61.52 - - [06/Jul/2021:11:05:10 -0400] "POST /wp-cron.php?doing_wp_cron=1625583910.4212450981140136718750 HTTP/1.1" 301 673 "-" "WordPress/5.7.2; http://daniewatsonwriter.com"
64.20.61.52 - - [06/Jul/2021:11:06:50 -0400] "POST /wp-cron.php?doing_wp_cron=1625584010.8515501022338867187500 HTTP/1.1" 301 673 "-" "WordPress/5.7.2; http://daniewatsonwriter.com"
64.20.61.52 - - [06/Jul/2021:11:08:55 -0400] "POST /wp-cron.php?doing_wp_cron=1625584135.2996170520782470703125 HTTP/1.1" 301 673 "-" "WordPress/5.7.2; http://daniewatsonwriter.com"
204.48.19.85 - - [06/Jul/2021:11:09:57 -0400] "POST /wp-cron.php?doing_wp_cron=1625584197.8682351112365722656250 HTTP/1.1" 200 6261 "https://daniewatsonwriter.com/wp-cron.php?doing_wp_cron=1625584197.8682351112365722656250" "WordPress/5.7.2; https://daniewatsonwriter.com"
128.199.220.215 - - [06/Jul/2021:11:09:57 -0400] "POST /wp-login.php HTTP/1.1" 200 8875 "-" "Mozilla/5.0 (Windows NT 6.1; WOW64) AppleWebKit/537.36 (KHTML, like Gecko) Chrome/32.0.1700.107 Safari/537.36"
64.20.61.52 - - [06/Jul/2021:11:10:19 -0400] "POST /wp-cron.php?doing_wp_cron=1625584219.1574709415435791015625 HTTP/1.1" 301 673 "-" "WordPress/5.7.2; http://daniewatsonwriter.com"
64.20.61.52 - - [06/Jul/2021:11:11:35 -0400] "POST /wp-cron.php?doing_wp_cron=1625584295.6946310997009277343750 HTTP/1.1" 301 673 "-" "WordPress/5.7.2; http://daniewatsonwriter.com"
64.20.61.52 - - [06/Jul/2021:11:12:49 -0400] "POST /wp-cron.php?doing_wp_cron=1625584369.1055080890655517578125 HTTP/1.1" 301 673 "-" "WordPress/5.7.2; http://daniewatsonwriter.com"
207.99.46.206 - - [06/Jul/2021:11:13:04 -0400] "GET / HTTP/1.1" 200 11865 "-" "Mozilla/5.0 (compatible; Googlebot/2.1; +http://www.google.com/bot.html)"
64.20.61.52 - - [06/Jul/2021:11:14:05 -0400] "POST /wp-cron.php?doing_wp_cron=1625584445.2144629955291748046875 HTTP/1.1" 301 673 "-" "WordPress/5.7.2; http://daniewatsonwriter.com"
64.20.61.52 - - [06/Jul/2021:11:15:41 -0400] "POST /wp-cron.php?doing_wp_cron=1625584541.2759280204772949218750 HTTP/1.1" 301 673 "-" "WordPress/5.7.2; http://daniewatsonwriter.com"
64.20.61.52 - - [06/Jul/2021:11:17:00 -0400] "POST /wp-cron.php?doing_wp_cron=1625584620.0441470146179199218750 HTTP/1.1" 301 673 "-" "WordPress/5.7.2; http://daniewatsonwriter.com"
64.20.61.52 - - [06/Jul/2021:11:18:34 -0400] "POST /wp-cron.php?doing_wp_cron=1625584714.1503200531005859375000 HTTP/1.1" 301 673 "-" "WordPress/5.7.2; http://daniewatsonwriter.com"
64.20.61.52 - - [06/Jul/2021:11:20:01 -0400] "POST /wp-cron.php?doing_wp_cron=1625584801.0046010017395019531250 HTTP/1.1" 301 673 "-" "WordPress/5.7.2; http://daniewatsonwriter.com"
64.20.61.52 - - [06/Jul/2021:11:21:32 -0400] "POST /wp-cron.php?doing_wp_cron=1625584892.6628890037536621093750 HTTP/1.1" 301 673 "-" "WordPress/5.7.2; http://daniewatsonwriter.com"
64.20.61.52 - - [06/Jul/2021:11:23:21 -0400] "POST /wp-cron.php?doing_wp_cron=1625585001.1313550472259521484375 HTTP/1.1" 301 673 "-" "WordPress/5.7.2; http://daniewatsonwriter.com"
64.20.61.52 - - [06/Jul/2021:11:24:51 -0400] "POST /wp-cron.php?doing_wp_cron=1625585091.3321750164031982421875 HTTP/1.1" 301 673 "-" "WordPress/5.7.2; http://daniewatsonwriter.com"
204.48.19.85 - - [06/Jul/2021:11:24:52 -0400] "GET / HTTP/1.1" 200 11856 "https://daniewatsonwriter.com/" "WordPress/5.7.2; https://daniewatsonwriter.com"
204.48.19.85 - - [06/Jul/2021:11:24:52 -0400] "POST /wp-cron.php?doing_wp_cron=1625585092.0188319683074951171875 HTTP/1.1" 200 6261 "https://daniewatsonwriter.com/wp-cron.php?doing_wp_cron=1625585092.0188319683074951171875" "WordPress/5.7.2; https://daniewatsonwriter.com"
54.227.85.77 - - [06/Jul/2021:11:24:51 -0400] "POST /wp-login.php HTTP/1.1" 200 8875 "-" "Mozilla/5.0 (Windows NT 10.0; WOW64) AppleWebKit/537.36 (KHTML, like Gecko) Chrome/55.0.2883.87 Safari/537.36"
64.20.61.52 - - [06/Jul/2021:11:26:27 -0400] "POST /wp-cron.php?doing_wp_cron=1625585187.0183060169219970703125 HTTP/1.1" 301 673 "-" "WordPress/5.7.2; http://daniewatsonwriter.com"
64.20.61.52 - - [06/Jul/2021:11:27:56 -0400] "POST /wp-cron.php?doing_wp_cron=1625585276.3101439476013183593750 HTTP/1.1" 301 673 "-" "WordPress/5.7.2; http://daniewatsonwriter.com"
64.20.61.52 - - [06/Jul/2021:11:30:24 -0400] "POST /wp-cron.php?doing_wp_cron=1625585423.8965699672698974609375 HTTP/1.1" 301 673 "-" "WordPress/5.7.2; http://daniewatsonwriter.com"
64.20.61.52 - - [06/Jul/2021:11:32:01 -0400] "POST /wp-cron.php?doing_wp_cron=1625585521.5736539363861083984375 HTTP/1.1" 301 673 "-" "WordPress/5.7.2; http://daniewatsonwriter.com"
64.20.61.52 - - [06/Jul/2021:11:34:27 -0400] "POST /wp-cron.php?doing_wp_cron=1625585667.4959259033203125000000 HTTP/1.1" 301 673 "-" "WordPress/5.7.2; http://daniewatsonwriter.com"
134.209.108.118 - - [06/Jul/2021:11:35:25 -0400] "POST /wp-login.php HTTP/1.1" 200 8875 "-" "Mozilla/5.0 (Windows NT 6.1; Win64; x64) AppleWebKit/537.36 (KHTML, like Gecko) Chrome/67.0.3396.87 Safari/537.36"
64.20.61.52 - - [06/Jul/2021:11:35:39 -0400] "POST /wp-cron.php?doing_wp_cron=1625585739.1023991107940673828125 HTTP/1.1" 301 673 "-" "WordPress/5.7.2; http://daniewatsonwriter.com"
64.20.61.52 - - [06/Jul/2021:11:37:25 -0400] "POST /wp-cron.php?doing_wp_cron=1625585845.6420218944549560546875 HTTP/1.1" 301 673 "-" "WordPress/5.7.2; http://daniewatsonwriter.com"
64.20.61.52 - - [06/Jul/2021:11:39:55 -0400] "POST /wp-cron.php?doing_wp_cron=1625585995.8568449020385742187500 HTTP/1.1" 301 673 "-" "WordPress/5.7.2; http://daniewatsonwriter.com"
64.20.61.52 - - [06/Jul/2021:11:41:41 -0400] "POST /wp-cron.php?doing_wp_cron=1625586101.0294721126556396484375 HTTP/1.1" 301 673 "-" "WordPress/5.7.2; http://daniewatsonwriter.com"
64.20.61.52 - - [06/Jul/2021:11:42:43 -0400] "POST /wp-cron.php?doing_wp_cron=1625586163.7522840499877929687500 HTTP/1.1" 301 673 "-" "WordPress/5.7.2; http://daniewatsonwriter.com"
64.20.61.52 - - [06/Jul/2021:11:43:50 -0400] "POST /wp-cron.php?doing_wp_cron=1625586230.9659030437469482421875 HTTP/1.1" 301 673 "-" "WordPress/5.7.2; http://daniewatsonwriter.com"
64.20.61.52 - - [06/Jul/2021:11:45:05 -0400] "POST /wp-cron.php?doing_wp_cron=1625586305.1901259422302246093750 HTTP/1.1" 301 673 "-" "WordPress/5.7.2; http://daniewatsonwriter.com"
64.20.61.52 - - [06/Jul/2021:11:46:46 -0400] "POST /wp-cron.php?doing_wp_cron=1625586406.3197550773620605468750 HTTP/1.1" 301 673 "-" "WordPress/5.7.2; http://daniewatsonwriter.com"
54.36.148.201 - - [06/Jul/2021:11:47:25 -0400] "GET / HTTP/1.1" 200 11837 "-" "Mozilla/5.0 (compatible; AhrefsBot/7.0; +http://ahrefs.com/robot/)"
185.191.34.215 - - [06/Jul/2021:11:48:33 -0400] "POST /wp-content/seo_script.php HTTP/1.1" 404 6596 "-" "Mozilla/5.0 (Windows NT 10.0; Win64; x64; rv:67.0) Gecko/20100101 Firefox/67.0"
64.20.61.52 - - [06/Jul/2021:11:49:34 -0400] "POST /wp-cron.php?doing_wp_cron=1625586574.9560410976409912109375 HTTP/1.1" 301 673 "-" "WordPress/5.7.2; http://daniewatsonwriter.com"
64.20.61.52 - - [06/Jul/2021:11:51:02 -0400] "POST /wp-cron.php?doing_wp_cron=1625586662.0937700271606445312500 HTTP/1.1" 301 673 "-" "WordPress/5.7.2; http://daniewatsonwriter.com"
134.209.127.203 - - [06/Jul/2021:11:51:26 -0400] "POST /wp-login.php HTTP/1.1" 200 8875 "-" "Mozilla/5.0 (Windows NT 5.1) AppleWebKit/537.36 (KHTML, like Gecko) Chrome/47.0.2526.106 Safari/537.36"
64.20.61.52 - - [06/Jul/2021:11:52:48 -0400] "POST /wp-cron.php?doing_wp_cron=1625586768.5168490409851074218750 HTTP/1.1" 301 673 "-" "WordPress/5.7.2; http://daniewatsonwriter.com"
64.20.61.52 - - [06/Jul/2021:11:53:54 -0400] "POST /wp-cron.php?doing_wp_cron=1625586834.6936419010162353515625 HTTP/1.1" 301 673 "-" "WordPress/5.7.2; http://daniewatsonwriter.com"
64.20.61.52 - - [06/Jul/2021:11:55:16 -0400] "POST /wp-cron.php?doing_wp_cron=1625586916.6337668895721435546875 HTTP/1.1" 301 673 "-" "WordPress/5.7.2; http://daniewatsonwriter.com"
64.20.61.52 - - [06/Jul/2021:11:56:50 -0400] "POST /wp-cron.php?doing_wp_cron=1625587010.4740068912506103515625 HTTP/1.1" 301 673 "-" "WordPress/5.7.2; http://daniewatsonwriter.com"
64.20.61.52 - - [06/Jul/2021:11:58:22 -0400] "POST /wp-cron.php?doing_wp_cron=1625587102.0919740200042724609375 HTTP/1.1" 301 673 "-" "WordPress/5.7.2; http://daniewatsonwriter.com"
64.20.61.52 - - [06/Jul/2021:11:59:31 -0400] "POST /wp-cron.php?doing_wp_cron=1625587171.5016129016876220703125 HTTP/1.1" 301 673 "-" "WordPress/5.7.2; http://daniewatsonwriter.com"
64.20.61.52 - - [06/Jul/2021:12:00:50 -0400] "POST /wp-cron.php?doing_wp_cron=1625587250.4540579319000244140625 HTTP/1.1" 200 5737 "-" "WordPress/5.7.2; https://daniewatsonwriter.com"
64.20.61.52 - - [06/Jul/2021:12:02:07 -0400] "POST /wp-cron.php?doing_wp_cron=1625587327.4214739799499511718750 HTTP/1.1" 301 673 "-" "WordPress/5.7.2; http://daniewatsonwriter.com"
64.20.61.52 - - [06/Jul/2021:12:04:09 -0400] "POST /wp-cron.php?doing_wp_cron=1625587449.7560040950775146484375 HTTP/1.1" 301 673 "-" "WordPress/5.7.2; http://daniewatsonwriter.com"
64.20.61.52 - - [06/Jul/2021:12:06:06 -0400] "POST /wp-cron.php?doing_wp_cron=1625587566.0886240005493164062500 HTTP/1.1" 301 673 "-" "WordPress/5.7.2; http://daniewatsonwriter.com"
64.20.61.52 - - [06/Jul/2021:12:07:45 -0400] "POST /wp-cron.php?doing_wp_cron=1625587665.4432699680328369140625 HTTP/1.1" 301 673 "-" "WordPress/5.7.2; http://daniewatsonwriter.com"
64.20.61.52 - - [06/Jul/2021:12:09:04 -0400] "POST /wp-cron.php?doing_wp_cron=1625587744.8604910373687744140625 HTTP/1.1" 301 673 "-" "WordPress/5.7.2; http://daniewatsonwriter.com"
64.20.61.52 - - [06/Jul/2021:12:11:48 -0400] "POST /wp-cron.php?doing_wp_cron=1625587908.9562029838562011718750 HTTP/1.1" 301 673 "-" "WordPress/5.7.2; http://daniewatsonwriter.com"
64.20.61.52 - - [06/Jul/2021:12:12:50 -0400] "POST /wp-cron.php?doing_wp_cron=1625587970.8961920738220214843750 HTTP/1.1" 301 673 "-" "WordPress/5.7.2; http://daniewatsonwriter.com"
64.20.61.52 - - [06/Jul/2021:12:13:58 -0400] "POST /wp-cron.php?doing_wp_cron=1625588038.8502619266510009765625 HTTP/1.1" 301 673 "-" "WordPress/5.7.2; http://daniewatsonwriter.com"
64.20.61.52 - - [06/Jul/2021:12:15:15 -0400] "POST /wp-cron.php?doing_wp_cron=1625588114.9603159427642822265625 HTTP/1.1" 301 673 "-" "WordPress/5.7.2; http://daniewatsonwriter.com"
64.20.61.52 - - [06/Jul/2021:12:17:58 -0400] "POST /wp-cron.php?doing_wp_cron=1625588278.0080111026763916015625 HTTP/1.1" 301 673 "-" "WordPress/5.7.2; http://daniewatsonwriter.com"
204.48.19.85 - - [06/Jul/2021:12:18:07 -0400] "POST /wp-cron.php?doing_wp_cron=1625588287.8471999168395996093750 HTTP/1.1" 200 6261 "https://daniewatsonwriter.com/wp-cron.php?doing_wp_cron=1625588287.8471999168395996093750" "WordPress/5.7.2; https://daniewatsonwriter.com"
5.63.153.99 - - [06/Jul/2021:12:18:07 -0400] "POST /wp-login.php HTTP/1.1" 200 8875 "-" "Mozilla/5.0 (Windows NT 6.1; Win64; x64) AppleWebKit/537.36 (KHTML, like Gecko) Chrome/66.0.3359.117 Safari/537.36"
64.20.61.52 - - [06/Jul/2021:12:19:06 -0400] "POST /wp-cron.php?doing_wp_cron=1625588346.5210590362548828125000 HTTP/1.1" 301 673 "-" "WordPress/5.7.2; http://daniewatsonwriter.com"
64.20.61.52 - - [06/Jul/2021:12:21:02 -0400] "POST /wp-cron.php?doing_wp_cron=1625588462.6729059219360351562500 HTTP/1.1" 301 673 "-" "WordPress/5.7.2; http://daniewatsonwriter.com"
