64.20.61.52 - - [02/Jul/2021:00:04:34 -0400] "POST /wp-cron.php?doing_wp_cron=1625198673.9980731010437011718750 HTTP/1.1" 301 673 "-" "WordPress/5.7.2; http://daniewatsonwriter.com"
82.223.196.64 - - [02/Jul/2021:00:05:02 -0400] "GET /wp-login.php HTTP/1.1" 200 7271 "-" "Mozilla/5.0 (X11; Ubuntu; Linux x86_64; rv:62.0) Gecko/20100101 Firefox/62.0"
82.223.196.64 - - [02/Jul/2021:00:05:03 -0400] "POST /wp-login.php HTTP/1.1" 200 7393 "-" "Mozilla/5.0 (X11; Ubuntu; Linux x86_64; rv:62.0) Gecko/20100101 Firefox/62.0"
82.223.196.64 - - [02/Jul/2021:00:05:03 -0400] "POST /xmlrpc.php HTTP/1.1" 200 4981 "-" "Mozilla/5.0 (X11; Ubuntu; Linux x86_64; rv:62.0) Gecko/20100101 Firefox/62.0"
204.48.19.85 - - [02/Jul/2021:00:10:54 -0400] "POST /wp-cron.php?doing_wp_cron=1625199054.6074509620666503906250 HTTP/1.1" 200 5456 "https://daniewatsonwriter.com/wp-cron.php?doing_wp_cron=1625199054.6074509620666503906250" "WordPress/5.7.2; https://daniewatsonwriter.com"
148.251.15.243 - - [02/Jul/2021:00:10:54 -0400] "GET /wp-login.php HTTP/1.1" 200 7271 "-" "Mozilla/5.0 (X11; Ubuntu; Linux x86_64; rv:62.0) Gecko/20100101 Firefox/62.0"
148.251.15.243 - - [02/Jul/2021:00:10:55 -0400] "POST /wp-login.php HTTP/1.1" 200 7393 "-" "Mozilla/5.0 (X11; Ubuntu; Linux x86_64; rv:62.0) Gecko/20100101 Firefox/62.0"
148.251.15.243 - - [02/Jul/2021:00:10:55 -0400] "POST /xmlrpc.php HTTP/1.1" 200 4981 "-" "Mozilla/5.0 (X11; Ubuntu; Linux x86_64; rv:62.0) Gecko/20100101 Firefox/62.0"
64.20.61.52 - - [02/Jul/2021:00:11:05 -0400] "POST /wp-cron.php?doing_wp_cron=1625199065.7204170227050781250000 HTTP/1.1" 301 673 "-" "WordPress/5.7.2; http://daniewatsonwriter.com"
103.224.80.3 - - [02/Jul/2021:00:16:11 -0400] "GET /wp-login.php HTTP/1.1" 200 7271 "-" "Mozilla/5.0 (X11; Ubuntu; Linux x86_64; rv:62.0) Gecko/20100101 Firefox/62.0"
103.224.80.3 - - [02/Jul/2021:00:16:12 -0400] "POST /wp-login.php HTTP/1.1" 200 7393 "-" "Mozilla/5.0 (X11; Ubuntu; Linux x86_64; rv:62.0) Gecko/20100101 Firefox/62.0"
103.224.80.3 - - [02/Jul/2021:00:16:13 -0400] "POST /xmlrpc.php HTTP/1.1" 200 4981 "-" "Mozilla/5.0 (X11; Ubuntu; Linux x86_64; rv:62.0) Gecko/20100101 Firefox/62.0"
198.12.253.60 - - [02/Jul/2021:00:22:09 -0400] "GET /wp-login.php HTTP/1.1" 200 7271 "-" "Mozilla/5.0 (X11; Ubuntu; Linux x86_64; rv:62.0) Gecko/20100101 Firefox/62.0"
198.12.253.60 - - [02/Jul/2021:00:22:09 -0400] "POST /wp-login.php HTTP/1.1" 200 7393 "-" "Mozilla/5.0 (X11; Ubuntu; Linux x86_64; rv:62.0) Gecko/20100101 Firefox/62.0"
198.12.253.60 - - [02/Jul/2021:00:22:09 -0400] "POST /xmlrpc.php HTTP/1.1" 200 4981 "-" "Mozilla/5.0 (X11; Ubuntu; Linux x86_64; rv:62.0) Gecko/20100101 Firefox/62.0"
64.20.61.52 - - [02/Jul/2021:00:23:00 -0400] "POST /wp-cron.php?doing_wp_cron=1625199780.8413360118865966796875 HTTP/1.1" 301 673 "-" "WordPress/5.7.2; http://daniewatsonwriter.com"
185.88.178.36 - - [02/Jul/2021:00:33:11 -0400] "GET /wp-login.php HTTP/1.1" 200 7271 "-" "Mozilla/5.0 (X11; Ubuntu; Linux x86_64; rv:62.0) Gecko/20100101 Firefox/62.0"
185.88.178.36 - - [02/Jul/2021:00:33:12 -0400] "POST /wp-login.php HTTP/1.1" 200 7393 "-" "Mozilla/5.0 (X11; Ubuntu; Linux x86_64; rv:62.0) Gecko/20100101 Firefox/62.0"
185.88.178.36 - - [02/Jul/2021:00:33:13 -0400] "POST /xmlrpc.php HTTP/1.1" 200 4981 "-" "Mozilla/5.0 (X11; Ubuntu; Linux x86_64; rv:62.0) Gecko/20100101 Firefox/62.0"
198.204.234.250 - - [02/Jul/2021:00:34:01 -0400] "GET /////wp-content/plugins/fancy-product-designer/assets/css/fancy-product.css HTTP/1.1" 404 5107 "http://www.google.com.hk" "Mozilla/5.0 (Windows NT 6.1; WOW64) AppleWebKit/537.36 (KHTML, like Gecko) Chrome/42.0.2311.90 Safari/537.36"
64.20.61.52 - - [02/Jul/2021:00:34:47 -0400] "POST /wp-cron.php?doing_wp_cron=1625200487.0992879867553710937500 HTTP/1.1" 301 673 "-" "WordPress/5.7.2; http://daniewatsonwriter.com"
64.20.61.52 - - [02/Jul/2021:00:35:57 -0400] "POST /wp-cron.php?doing_wp_cron=1625200556.9838440418243408203125 HTTP/1.1" 301 673 "-" "WordPress/5.7.2; http://daniewatsonwriter.com"
81.88.52.154 - - [02/Jul/2021:00:39:18 -0400] "POST /wp-login.php HTTP/1.1" 200 8071 "-" "Mozilla/5.0 (Windows NT 6.1; Win64; x64) AppleWebKit/537.36 (KHTML, like Gecko) Chrome/79.0.3945.117 Safari/537.36"
51.178.68.226 - - [02/Jul/2021:00:39:35 -0400] "GET /wp-login.php HTTP/1.1" 200 7271 "-" "Mozilla/5.0 (X11; Ubuntu; Linux x86_64; rv:62.0) Gecko/20100101 Firefox/62.0"
51.178.68.226 - - [02/Jul/2021:00:39:35 -0400] "POST /wp-login.php HTTP/1.1" 200 7393 "-" "Mozilla/5.0 (X11; Ubuntu; Linux x86_64; rv:62.0) Gecko/20100101 Firefox/62.0"
51.178.68.226 - - [02/Jul/2021:00:39:36 -0400] "POST /xmlrpc.php HTTP/1.1" 200 4981 "-" "Mozilla/5.0 (X11; Ubuntu; Linux x86_64; rv:62.0) Gecko/20100101 Firefox/62.0"
162.241.101.87 - - [02/Jul/2021:00:45:14 -0400] "GET /wp-login.php HTTP/1.1" 200 7271 "-" "Mozilla/5.0 (X11; Ubuntu; Linux x86_64; rv:62.0) Gecko/20100101 Firefox/62.0"
162.241.101.87 - - [02/Jul/2021:00:45:15 -0400] "POST /wp-login.php HTTP/1.1" 200 7393 "-" "Mozilla/5.0 (X11; Ubuntu; Linux x86_64; rv:62.0) Gecko/20100101 Firefox/62.0"
162.241.101.87 - - [02/Jul/2021:00:45:15 -0400] "POST /xmlrpc.php HTTP/1.1" 200 4981 "-" "Mozilla/5.0 (X11; Ubuntu; Linux x86_64; rv:62.0) Gecko/20100101 Firefox/62.0"
64.20.61.52 - - [02/Jul/2021:00:45:51 -0400] "POST /wp-cron.php?doing_wp_cron=1625201151.2300689220428466796875 HTTP/1.1" 301 673 "-" "WordPress/5.7.2; http://daniewatsonwriter.com"
193.112.127.112 - - [02/Jul/2021:00:47:09 -0400] "POST /wp-login.php HTTP/1.1" 200 8071 "-" "Mozilla/5.0 (Windows NT 10.0; WOW64) AppleWebKit/537.36 (KHTML, like Gecko) Chrome/57.0.2987.133 Safari/537.36"
64.20.61.52 - - [02/Jul/2021:00:48:21 -0400] "POST /wp-cron.php?doing_wp_cron=1625201301.5357730388641357421875 HTTP/1.1" 301 673 "-" "WordPress/5.7.2; http://daniewatsonwriter.com"
185.180.143.15 - - [02/Jul/2021:00:49:21 -0400] "GET / HTTP/1.1" 301 536 "http://64.20.61.52/" "Mozilla/5.0 (Windows NT 10.0; WOW64) AppleWebKit/537.36 (KHTML, like Gecko) Chrome/66.0.3359.117 Safari/537.36"
185.180.143.15 - - [02/Jul/2021:00:49:21 -0400] "GET / HTTP/1.1" 200 10347 "http://daniewatsonwriter.com/" "Mozilla/5.0 (Windows NT 10.0; WOW64) AppleWebKit/537.36 (KHTML, like Gecko) Chrome/66.0.3359.117 Safari/537.36"
64.20.61.52 - - [02/Jul/2021:00:49:25 -0400] "POST /wp-cron.php?doing_wp_cron=1625201365.0233719348907470703125 HTTP/1.1" 301 673 "-" "WordPress/5.7.2; http://daniewatsonwriter.com"
64.20.61.52 - - [02/Jul/2021:00:51:06 -0400] "POST /wp-cron.php?doing_wp_cron=1625201466.1819980144500732421875 HTTP/1.1" 301 673 "-" "WordPress/5.7.2; http://daniewatsonwriter.com"
64.20.61.52 - - [02/Jul/2021:00:57:16 -0400] "POST /wp-cron.php?doing_wp_cron=1625201836.8355159759521484375000 HTTP/1.1" 301 673 "-" "WordPress/5.7.2; http://daniewatsonwriter.com"
203.34.37.39 - - [02/Jul/2021:00:57:43 -0400] "GET /wp-login.php HTTP/1.1" 200 7271 "-" "Mozilla/5.0 (X11; Ubuntu; Linux x86_64; rv:62.0) Gecko/20100101 Firefox/62.0"
203.34.37.39 - - [02/Jul/2021:00:57:44 -0400] "POST /wp-login.php HTTP/1.1" 200 7393 "-" "Mozilla/5.0 (X11; Ubuntu; Linux x86_64; rv:62.0) Gecko/20100101 Firefox/62.0"
203.34.37.39 - - [02/Jul/2021:00:57:45 -0400] "POST /xmlrpc.php HTTP/1.1" 200 4981 "-" "Mozilla/5.0 (X11; Ubuntu; Linux x86_64; rv:62.0) Gecko/20100101 Firefox/62.0"
64.20.61.52 - - [02/Jul/2021:00:58:24 -0400] "POST /wp-cron.php?doing_wp_cron=1625201904.7012219429016113281250 HTTP/1.1" 301 673 "-" "WordPress/5.7.2; http://daniewatsonwriter.com"
103.57.223.221 - - [02/Jul/2021:01:02:41 -0400] "GET /wp-login.php HTTP/1.1" 200 7271 "-" "Mozilla/5.0 (X11; Ubuntu; Linux x86_64; rv:62.0) Gecko/20100101 Firefox/62.0"
103.57.223.221 - - [02/Jul/2021:01:02:43 -0400] "POST /wp-login.php HTTP/1.1" 200 7393 "-" "Mozilla/5.0 (X11; Ubuntu; Linux x86_64; rv:62.0) Gecko/20100101 Firefox/62.0"
103.57.223.221 - - [02/Jul/2021:01:02:45 -0400] "POST /xmlrpc.php HTTP/1.1" 200 4981 "-" "Mozilla/5.0 (X11; Ubuntu; Linux x86_64; rv:62.0) Gecko/20100101 Firefox/62.0"
64.20.61.52 - - [02/Jul/2021:01:03:24 -0400] "POST /wp-cron.php?doing_wp_cron=1625202204.7705280780792236328125 HTTP/1.1" 301 673 "-" "WordPress/5.7.2; http://daniewatsonwriter.com"
64.20.61.52 - - [02/Jul/2021:01:06:01 -0400] "POST /wp-cron.php?doing_wp_cron=1625202361.2310829162597656250000 HTTP/1.1" 200 4905 "-" "WordPress/5.7.2; https://daniewatsonwriter.com"
212.83.188.138 - - [02/Jul/2021:01:06:24 -0400] "POST /xmlrpc.php HTTP/1.1" 200 4981 "-" "Mozilla/5.0 (X11; Ubuntu; Linux x86_64; rv:62.0) Gecko/20100101 Firefox/62.0"
64.20.61.52 - - [02/Jul/2021:01:08:28 -0400] "POST /wp-cron.php?doing_wp_cron=1625202508.2857649326324462890625 HTTP/1.1" 301 673 "-" "WordPress/5.7.2; http://daniewatsonwriter.com"
204.48.19.85 - - [02/Jul/2021:01:12:35 -0400] "POST /wp-cron.php?doing_wp_cron=1625202755.2812960147857666015625 HTTP/1.1" 200 5456 "https://daniewatsonwriter.com/wp-cron.php?doing_wp_cron=1625202755.2812960147857666015625" "WordPress/5.7.2; https://daniewatsonwriter.com"
144.217.96.196 - - [02/Jul/2021:01:12:35 -0400] "GET /wp-login.php HTTP/1.1" 200 7271 "-" "Mozilla/5.0 (X11; Ubuntu; Linux x86_64; rv:62.0) Gecko/20100101 Firefox/62.0"
144.217.96.196 - - [02/Jul/2021:01:12:35 -0400] "POST /wp-login.php HTTP/1.1" 200 7393 "-" "Mozilla/5.0 (X11; Ubuntu; Linux x86_64; rv:62.0) Gecko/20100101 Firefox/62.0"
144.217.96.196 - - [02/Jul/2021:01:12:35 -0400] "POST /xmlrpc.php HTTP/1.1" 200 4981 "-" "Mozilla/5.0 (X11; Ubuntu; Linux x86_64; rv:62.0) Gecko/20100101 Firefox/62.0"
64.20.61.52 - - [02/Jul/2021:01:20:23 -0400] "POST /wp-cron.php?doing_wp_cron=1625203223.8901779651641845703125 HTTP/1.1" 301 673 "-" "WordPress/5.7.2; http://daniewatsonwriter.com"
64.20.61.52 - - [02/Jul/2021:01:21:28 -0400] "POST /wp-cron.php?doing_wp_cron=1625203288.6065099239349365234375 HTTP/1.1" 301 673 "-" "WordPress/5.7.2; http://daniewatsonwriter.com"
198.211.105.189 - - [02/Jul/2021:01:24:44 -0400] "GET /wp-login.php HTTP/1.1" 200 7271 "-" "Mozilla/5.0 (X11; Ubuntu; Linux x86_64; rv:62.0) Gecko/20100101 Firefox/62.0"
198.211.105.189 - - [02/Jul/2021:01:24:44 -0400] "POST /wp-login.php HTTP/1.1" 200 7393 "-" "Mozilla/5.0 (X11; Ubuntu; Linux x86_64; rv:62.0) Gecko/20100101 Firefox/62.0"
198.211.105.189 - - [02/Jul/2021:01:24:44 -0400] "POST /xmlrpc.php HTTP/1.1" 200 4981 "-" "Mozilla/5.0 (X11; Ubuntu; Linux x86_64; rv:62.0) Gecko/20100101 Firefox/62.0"
64.20.61.52 - - [02/Jul/2021:01:27:25 -0400] "POST /wp-cron.php?doing_wp_cron=1625203645.2647039890289306640625 HTTP/1.1" 301 673 "-" "WordPress/5.7.2; http://daniewatsonwriter.com"
18.197.236.152 - - [02/Jul/2021:01:31:08 -0400] "GET /wp-login.php HTTP/1.1" 200 7271 "-" "Mozilla/5.0 (X11; Ubuntu; Linux x86_64; rv:62.0) Gecko/20100101 Firefox/62.0"
18.197.236.152 - - [02/Jul/2021:01:31:09 -0400] "POST /wp-login.php HTTP/1.1" 200 7393 "-" "Mozilla/5.0 (X11; Ubuntu; Linux x86_64; rv:62.0) Gecko/20100101 Firefox/62.0"
18.197.236.152 - - [02/Jul/2021:01:31:09 -0400] "POST /xmlrpc.php HTTP/1.1" 200 4981 "-" "Mozilla/5.0 (X11; Ubuntu; Linux x86_64; rv:62.0) Gecko/20100101 Firefox/62.0"
64.20.61.52 - - [02/Jul/2021:01:32:16 -0400] "POST /wp-cron.php?doing_wp_cron=1625203936.5613319873809814453125 HTTP/1.1" 301 673 "-" "WordPress/5.7.2; http://daniewatsonwriter.com"
64.20.61.52 - - [02/Jul/2021:01:35:36 -0400] "POST /wp-cron.php?doing_wp_cron=1625204136.1401131153106689453125 HTTP/1.1" 301 673 "-" "WordPress/5.7.2; http://daniewatsonwriter.com"
103.224.80.3 - - [02/Jul/2021:01:37:20 -0400] "GET /wp-login.php HTTP/1.1" 200 7271 "-" "Mozilla/5.0 (X11; Ubuntu; Linux x86_64; rv:62.0) Gecko/20100101 Firefox/62.0"
103.224.80.3 - - [02/Jul/2021:01:37:21 -0400] "POST /wp-login.php HTTP/1.1" 200 7393 "-" "Mozilla/5.0 (X11; Ubuntu; Linux x86_64; rv:62.0) Gecko/20100101 Firefox/62.0"
103.224.80.3 - - [02/Jul/2021:01:37:22 -0400] "POST /xmlrpc.php HTTP/1.1" 200 4981 "-" "Mozilla/5.0 (X11; Ubuntu; Linux x86_64; rv:62.0) Gecko/20100101 Firefox/62.0"
64.20.61.52 - - [02/Jul/2021:01:37:33 -0400] "POST /wp-cron.php?doing_wp_cron=1625204253.3218131065368652343750 HTTP/1.1" 301 673 "-" "WordPress/5.7.2; http://daniewatsonwriter.com"
180.76.185.20 - - [02/Jul/2021:01:42:30 -0400] "POST /wp-login.php HTTP/1.1" 200 8071 "-" "Mozilla/5.0 (Windows NT 6.3; Win64; x64) AppleWebKit/537.36 (KHTML, like Gecko) Chrome/62.0.3202.94 Safari/537.36"
65.49.39.2 - - [02/Jul/2021:01:42:35 -0400] "GET /wp-login.php HTTP/1.1" 200 7271 "-" "Mozilla/5.0 (X11; Ubuntu; Linux x86_64; rv:62.0) Gecko/20100101 Firefox/62.0"
65.49.39.2 - - [02/Jul/2021:01:42:36 -0400] "POST /wp-login.php HTTP/1.1" 200 7393 "-" "Mozilla/5.0 (X11; Ubuntu; Linux x86_64; rv:62.0) Gecko/20100101 Firefox/62.0"
65.49.39.2 - - [02/Jul/2021:01:42:36 -0400] "POST /xmlrpc.php HTTP/1.1" 200 4981 "-" "Mozilla/5.0 (X11; Ubuntu; Linux x86_64; rv:62.0) Gecko/20100101 Firefox/62.0"
64.20.61.52 - - [02/Jul/2021:01:43:06 -0400] "POST /wp-cron.php?doing_wp_cron=1625204585.9531750679016113281250 HTTP/1.1" 301 673 "-" "WordPress/5.7.2; http://daniewatsonwriter.com"
148.72.232.66 - - [02/Jul/2021:01:49:00 -0400] "GET /wp-login.php HTTP/1.1" 200 7271 "-" "Mozilla/5.0 (X11; Ubuntu; Linux x86_64; rv:62.0) Gecko/20100101 Firefox/62.0"
148.72.232.66 - - [02/Jul/2021:01:49:01 -0400] "POST /wp-login.php HTTP/1.1" 200 7393 "-" "Mozilla/5.0 (X11; Ubuntu; Linux x86_64; rv:62.0) Gecko/20100101 Firefox/62.0"
148.72.232.66 - - [02/Jul/2021:01:49:02 -0400] "POST /xmlrpc.php HTTP/1.1" 200 4981 "-" "Mozilla/5.0 (X11; Ubuntu; Linux x86_64; rv:62.0) Gecko/20100101 Firefox/62.0"
64.20.61.52 - - [02/Jul/2021:01:49:43 -0400] "POST /wp-cron.php?doing_wp_cron=1625204983.2367970943450927734375 HTTP/1.1" 301 673 "-" "WordPress/5.7.2; http://daniewatsonwriter.com"
173.212.196.211 - - [02/Jul/2021:01:54:07 -0400] "GET /wp-login.php HTTP/1.1" 200 7271 "-" "Mozilla/5.0 (X11; Ubuntu; Linux x86_64; rv:62.0) Gecko/20100101 Firefox/62.0"
173.212.196.211 - - [02/Jul/2021:01:54:07 -0400] "POST /wp-login.php HTTP/1.1" 200 7393 "-" "Mozilla/5.0 (X11; Ubuntu; Linux x86_64; rv:62.0) Gecko/20100101 Firefox/62.0"
173.212.196.211 - - [02/Jul/2021:01:54:07 -0400] "POST /xmlrpc.php HTTP/1.1" 200 4981 "-" "Mozilla/5.0 (X11; Ubuntu; Linux x86_64; rv:62.0) Gecko/20100101 Firefox/62.0"
64.20.61.52 - - [02/Jul/2021:02:00:16 -0400] "POST /wp-cron.php?doing_wp_cron=1625205616.1873319149017333984375 HTTP/1.1" 301 673 "-" "WordPress/5.7.2; http://daniewatsonwriter.com"
173.212.196.211 - - [02/Jul/2021:02:06:14 -0400] "GET /wp-login.php HTTP/1.1" 200 7271 "-" "Mozilla/5.0 (X11; Ubuntu; Linux x86_64; rv:62.0) Gecko/20100101 Firefox/62.0"
173.212.196.211 - - [02/Jul/2021:02:06:14 -0400] "POST /wp-login.php HTTP/1.1" 200 7393 "-" "Mozilla/5.0 (X11; Ubuntu; Linux x86_64; rv:62.0) Gecko/20100101 Firefox/62.0"
173.212.196.211 - - [02/Jul/2021:02:06:14 -0400] "POST /xmlrpc.php HTTP/1.1" 200 4981 "-" "Mozilla/5.0 (X11; Ubuntu; Linux x86_64; rv:62.0) Gecko/20100101 Firefox/62.0"
64.20.61.52 - - [02/Jul/2021:02:07:03 -0400] "POST /wp-cron.php?doing_wp_cron=1625206023.2118649482727050781250 HTTP/1.1" 301 673 "-" "WordPress/5.7.2; http://daniewatsonwriter.com"
204.48.19.85 - - [02/Jul/2021:02:12:39 -0400] "POST /wp-cron.php?doing_wp_cron=1625206359.7489581108093261718750 HTTP/1.1" 200 5456 "https://daniewatsonwriter.com/wp-cron.php?doing_wp_cron=1625206359.7489581108093261718750" "WordPress/5.7.2; https://daniewatsonwriter.com"
128.199.178.237 - - [02/Jul/2021:02:12:39 -0400] "GET /wp-login.php HTTP/1.1" 200 7271 "-" "Mozilla/5.0 (X11; Ubuntu; Linux x86_64; rv:62.0) Gecko/20100101 Firefox/62.0"
128.199.178.237 - - [02/Jul/2021:02:12:41 -0400] "POST /wp-login.php HTTP/1.1" 200 7393 "-" "Mozilla/5.0 (X11; Ubuntu; Linux x86_64; rv:62.0) Gecko/20100101 Firefox/62.0"
128.199.178.237 - - [02/Jul/2021:02:12:47 -0400] "POST /xmlrpc.php HTTP/1.1" 200 4981 "-" "Mozilla/5.0 (X11; Ubuntu; Linux x86_64; rv:62.0) Gecko/20100101 Firefox/62.0"
64.20.61.52 - - [02/Jul/2021:02:12:53 -0400] "POST /wp-cron.php?doing_wp_cron=1625206373.2179760932922363281250 HTTP/1.1" 301 673 "-" "WordPress/5.7.2; http://daniewatsonwriter.com"
64.20.61.52 - - [02/Jul/2021:02:16:13 -0400] "POST /wp-cron.php?doing_wp_cron=1625206572.1926150321960449218750 HTTP/1.1" 301 673 "-" "WordPress/5.7.2; http://daniewatsonwriter.com"
119.29.104.216 - - [02/Jul/2021:02:17:29 -0400] "GET /wp-login.php HTTP/1.1" 200 7271 "-" "Mozilla/5.0 (X11; Ubuntu; Linux x86_64; rv:62.0) Gecko/20100101 Firefox/62.0"
119.29.104.216 - - [02/Jul/2021:02:17:30 -0400] "POST /wp-login.php HTTP/1.1" 200 7393 "-" "Mozilla/5.0 (X11; Ubuntu; Linux x86_64; rv:62.0) Gecko/20100101 Firefox/62.0"
119.29.104.216 - - [02/Jul/2021:02:17:32 -0400] "POST /xmlrpc.php HTTP/1.1" 200 4981 "-" "Mozilla/5.0 (X11; Ubuntu; Linux x86_64; rv:62.0) Gecko/20100101 Firefox/62.0"
64.20.61.52 - - [02/Jul/2021:02:18:45 -0400] "POST /wp-cron.php?doing_wp_cron=1625206725.6371030807495117187500 HTTP/1.1" 301 673 "-" "WordPress/5.7.2; http://daniewatsonwriter.com"
128.199.187.225 - - [02/Jul/2021:02:23:36 -0400] "GET /wp-login.php HTTP/1.1" 200 7271 "-" "Mozilla/5.0 (X11; Ubuntu; Linux x86_64; rv:62.0) Gecko/20100101 Firefox/62.0"
128.199.187.225 - - [02/Jul/2021:02:23:37 -0400] "POST /wp-login.php HTTP/1.1" 200 7393 "-" "Mozilla/5.0 (X11; Ubuntu; Linux x86_64; rv:62.0) Gecko/20100101 Firefox/62.0"
128.199.187.225 - - [02/Jul/2021:02:23:39 -0400] "POST /xmlrpc.php HTTP/1.1" 200 4981 "-" "Mozilla/5.0 (X11; Ubuntu; Linux x86_64; rv:62.0) Gecko/20100101 Firefox/62.0"
64.20.61.52 - - [02/Jul/2021:02:24:37 -0400] "POST /wp-cron.php?doing_wp_cron=1625207077.3728010654449462890625 HTTP/1.1" 301 673 "-" "WordPress/5.7.2; http://daniewatsonwriter.com"
45.76.138.158 - - [02/Jul/2021:02:28:35 -0400] "GET /wp-login.php HTTP/1.1" 200 7271 "-" "Mozilla/5.0 (X11; Ubuntu; Linux x86_64; rv:62.0) Gecko/20100101 Firefox/62.0"
45.76.138.158 - - [02/Jul/2021:02:28:35 -0400] "POST /wp-login.php HTTP/1.1" 200 7393 "-" "Mozilla/5.0 (X11; Ubuntu; Linux x86_64; rv:62.0) Gecko/20100101 Firefox/62.0"
45.76.138.158 - - [02/Jul/2021:02:28:35 -0400] "POST /xmlrpc.php HTTP/1.1" 200 4981 "-" "Mozilla/5.0 (X11; Ubuntu; Linux x86_64; rv:62.0) Gecko/20100101 Firefox/62.0"
64.20.61.52 - - [02/Jul/2021:02:29:40 -0400] "POST /wp-cron.php?doing_wp_cron=1625207380.9449989795684814453125 HTTP/1.1" 301 673 "-" "WordPress/5.7.2; http://daniewatsonwriter.com"
64.20.61.52 - - [02/Jul/2021:02:31:39 -0400] "POST /wp-cron.php?doing_wp_cron=1625207499.9320700168609619140625 HTTP/1.1" 301 673 "-" "WordPress/5.7.2; http://daniewatsonwriter.com"
128.14.134.134 - - [02/Jul/2021:02:31:40 -0400] "GET / HTTP/1.1" 301 536 "http://64.20.61.52/" "Mozilla/5.0 (Windows NT 10.0; Win64; x64) AppleWebKit/537.36 (KHTML, like Gecko) Chrome/60.0.3112.113 Safari/537.36"
128.14.134.134 - - [02/Jul/2021:02:31:40 -0400] "GET / HTTP/1.1" 200 10347 "http://daniewatsonwriter.com/" "Mozilla/5.0 (Windows NT 10.0; Win64; x64) AppleWebKit/537.36 (KHTML, like Gecko) Chrome/60.0.3112.113 Safari/537.36"
114.119.130.231 - - [02/Jul/2021:02:33:27 -0400] "GET /robots.txt HTTP/1.1" 301 612 "-" "Mozilla/5.0 (compatible;PetalBot;+https://webmaster.petalsearch.com/site/petalbot)"
114.119.130.231 - - [02/Jul/2021:02:33:29 -0400] "GET /robots.txt HTTP/1.1" 404 5059 "-" "Mozilla/5.0 (compatible;PetalBot;+https://webmaster.petalsearch.com/site/petalbot)"
64.20.61.52 - - [02/Jul/2021:02:33:59 -0400] "POST /wp-cron.php?doing_wp_cron=1625207639.7473220825195312500000 HTTP/1.1" 301 673 "-" "WordPress/5.7.2; http://daniewatsonwriter.com"
172.105.190.57 - - [02/Jul/2021:02:34:30 -0400] "GET /wp-login.php HTTP/1.1" 200 7271 "-" "Mozilla/5.0 (X11; Ubuntu; Linux x86_64; rv:62.0) Gecko/20100101 Firefox/62.0"
172.105.190.57 - - [02/Jul/2021:02:34:31 -0400] "POST /wp-login.php HTTP/1.1" 200 7393 "-" "Mozilla/5.0 (X11; Ubuntu; Linux x86_64; rv:62.0) Gecko/20100101 Firefox/62.0"
172.105.190.57 - - [02/Jul/2021:02:34:32 -0400] "POST /xmlrpc.php HTTP/1.1" 200 4981 "-" "Mozilla/5.0 (X11; Ubuntu; Linux x86_64; rv:62.0) Gecko/20100101 Firefox/62.0"
173.212.221.38 - - [02/Jul/2021:02:40:34 -0400] "GET /wp-login.php HTTP/1.1" 200 7271 "-" "Mozilla/5.0 (X11; Ubuntu; Linux x86_64; rv:62.0) Gecko/20100101 Firefox/62.0"
173.212.221.38 - - [02/Jul/2021:02:40:35 -0400] "POST /wp-login.php HTTP/1.1" 200 7393 "-" "Mozilla/5.0 (X11; Ubuntu; Linux x86_64; rv:62.0) Gecko/20100101 Firefox/62.0"
173.212.221.38 - - [02/Jul/2021:02:40:35 -0400] "POST /xmlrpc.php HTTP/1.1" 200 4981 "-" "Mozilla/5.0 (X11; Ubuntu; Linux x86_64; rv:62.0) Gecko/20100101 Firefox/62.0"
64.20.61.52 - - [02/Jul/2021:02:41:09 -0400] "POST /wp-cron.php?doing_wp_cron=1625208069.1842861175537109375000 HTTP/1.1" 301 673 "-" "WordPress/5.7.2; http://daniewatsonwriter.com"
64.20.61.52 - - [02/Jul/2021:02:46:12 -0400] "POST /wp-cron.php?doing_wp_cron=1625208372.2753150463104248046875 HTTP/1.1" 301 673 "-" "WordPress/5.7.2; http://daniewatsonwriter.com"
39.102.33.181 - - [02/Jul/2021:02:46:43 -0400] "POST /wp-login.php HTTP/1.1" 200 8071 "-" "Mozilla/5.0 (Windows NT 6.3; Win64; x64) AppleWebKit/537.36 (KHTML, like Gecko) Chrome/67.0.3396.99 Safari/537.36"
128.199.178.237 - - [02/Jul/2021:02:46:54 -0400] "GET /wp-login.php HTTP/1.1" 200 7271 "-" "Mozilla/5.0 (X11; Ubuntu; Linux x86_64; rv:62.0) Gecko/20100101 Firefox/62.0"
128.199.178.237 - - [02/Jul/2021:02:46:56 -0400] "POST /wp-login.php HTTP/1.1" 200 7393 "-" "Mozilla/5.0 (X11; Ubuntu; Linux x86_64; rv:62.0) Gecko/20100101 Firefox/62.0"
128.199.178.237 - - [02/Jul/2021:02:47:02 -0400] "POST /xmlrpc.php HTTP/1.1" 200 4981 "-" "Mozilla/5.0 (X11; Ubuntu; Linux x86_64; rv:62.0) Gecko/20100101 Firefox/62.0"
64.20.61.52 - - [02/Jul/2021:02:48:48 -0400] "POST /wp-cron.php?doing_wp_cron=1625208528.4320490360260009765625 HTTP/1.1" 301 673 "-" "WordPress/5.7.2; http://daniewatsonwriter.com"
198.12.229.126 - - [02/Jul/2021:02:51:09 -0400] "GET /wp-login.php HTTP/1.1" 200 7271 "-" "Mozilla/5.0 (X11; Ubuntu; Linux x86_64; rv:62.0) Gecko/20100101 Firefox/62.0"
198.12.229.126 - - [02/Jul/2021:02:51:09 -0400] "POST /wp-login.php HTTP/1.1" 200 7393 "-" "Mozilla/5.0 (X11; Ubuntu; Linux x86_64; rv:62.0) Gecko/20100101 Firefox/62.0"
198.12.229.126 - - [02/Jul/2021:02:51:10 -0400] "POST /xmlrpc.php HTTP/1.1" 200 4981 "-" "Mozilla/5.0 (X11; Ubuntu; Linux x86_64; rv:62.0) Gecko/20100101 Firefox/62.0"
64.20.61.52 - - [02/Jul/2021:02:51:51 -0400] "POST /wp-cron.php?doing_wp_cron=1625208711.1868960857391357421875 HTTP/1.1" 301 673 "-" "WordPress/5.7.2; http://daniewatsonwriter.com"
64.20.61.52 - - [02/Jul/2021:03:03:30 -0400] "POST /wp-cron.php?doing_wp_cron=1625209410.3874020576477050781250 HTTP/1.1" 301 673 "-" "WordPress/5.7.2; http://daniewatsonwriter.com"
64.20.61.52 - - [02/Jul/2021:03:08:32 -0400] "POST /wp-cron.php?doing_wp_cron=1625209712.3685901165008544921875 HTTP/1.1" 301 673 "-" "WordPress/5.7.2; http://daniewatsonwriter.com"
64.20.61.52 - - [02/Jul/2021:03:14:09 -0400] "POST /wp-cron.php?doing_wp_cron=1625210048.9649629592895507812500 HTTP/1.1" 301 673 "-" "WordPress/5.7.2; http://daniewatsonwriter.com"
64.20.61.52 - - [02/Jul/2021:03:20:03 -0400] "POST /wp-cron.php?doing_wp_cron=1625210403.0783500671386718750000 HTTP/1.1" 301 673 "-" "WordPress/5.7.2; http://daniewatsonwriter.com"
64.20.61.52 - - [02/Jul/2021:03:25:57 -0400] "POST /wp-cron.php?doing_wp_cron=1625210757.3632709980010986328125 HTTP/1.1" 301 673 "-" "WordPress/5.7.2; http://daniewatsonwriter.com"
204.48.19.85 - - [02/Jul/2021:03:27:35 -0400] "POST /wp-cron.php?doing_wp_cron=1625210855.6596429347991943359375 HTTP/1.1" 200 5456 "https://daniewatsonwriter.com/wp-cron.php?doing_wp_cron=1625210855.6596429347991943359375" "WordPress/5.7.2; https://daniewatsonwriter.com"
114.119.153.7 - - [02/Jul/2021:03:27:35 -0400] "GET /index.php/writing-for-social-media-online-course/ HTTP/1.1" 200 10194 "-" "Mozilla/5.0 (Linux; Android 7.0;) AppleWebKit/537.36 (KHTML, like Gecko) Mobile Safari/537.36 (compatible; PetalBot;+https://webmaster.petalsearch.com/site/petalbot)"
5.9.154.69 - - [02/Jul/2021:03:30:56 -0400] "GET /robots.txt HTTP/1.1" 404 5258 "-" "Mozilla/5.0 (compatible; MJ12bot/v1.4.8; http://mj12bot.com/)"
5.9.154.69 - - [02/Jul/2021:03:31:02 -0400] "GET /index.php/comments/feed/ HTTP/1.1" 200 5580 "-" "Mozilla/5.0 (compatible; MJ12bot/v1.4.8; http://mj12bot.com/)"
64.20.61.52 - - [02/Jul/2021:03:31:13 -0400] "POST /wp-cron.php?doing_wp_cron=1625211073.1327979564666748046875 HTTP/1.1" 301 673 "-" "WordPress/5.7.2; http://daniewatsonwriter.com"
64.20.61.52 - - [02/Jul/2021:03:35:48 -0400] "POST /wp-cron.php?doing_wp_cron=1625211348.3816320896148681640625 HTTP/1.1" 301 673 "-" "WordPress/5.7.2; http://daniewatsonwriter.com"
66.249.66.62 - - [02/Jul/2021:03:39:49 -0400] "GET /robots.txt HTTP/1.1" 301 612 "-" "Mozilla/5.0 (compatible; Googlebot/2.1; +http://www.google.com/bot.html)"
66.249.66.50 - - [02/Jul/2021:03:39:49 -0400] "GET /robots.txt HTTP/1.1" 404 5744 "-" "Mozilla/5.0 (compatible; Googlebot/2.1; +http://www.google.com/bot.html)"
66.249.66.58 - - [02/Jul/2021:03:39:49 -0400] "GET /wp-content/uploads/2019/06/717CBBFD-443E-4498-84D8-77224338FF13-e1561386339102-225x300.jpeg HTTP/1.1" 301 774 "-" "Googlebot-Image/1.0"
66.249.66.48 - - [02/Jul/2021:03:39:50 -0400] "GET /wp-content/uploads/2019/06/717CBBFD-443E-4498-84D8-77224338FF13-e1561386339102-225x300.jpeg HTTP/1.1" 200 21365 "-" "Googlebot-Image/1.0"
64.20.61.52 - - [02/Jul/2021:03:42:12 -0400] "POST /wp-cron.php?doing_wp_cron=1625211732.6529259681701660156250 HTTP/1.1" 200 4905 "-" "WordPress/5.7.2; https://daniewatsonwriter.com"
23.251.102.74 - - [02/Jul/2021:03:42:14 -0400] "GET / HTTP/1.1" 200 10347 "https://64.20.61.52/" "Mozilla/5.0 (Windows NT 10.0; Win64; x64) AppleWebKit/537.36 (KHTML, like Gecko) Chrome/60.0.3112.113 Safari/537.36"
64.20.61.52 - - [02/Jul/2021:03:44:07 -0400] "POST /wp-cron.php?doing_wp_cron=1625211847.6157999038696289062500 HTTP/1.1" 301 673 "-" "WordPress/5.7.2; http://daniewatsonwriter.com"
123.207.30.63 - - [02/Jul/2021:03:51:38 -0400] "POST /wp-login.php HTTP/1.1" 200 8071 "-" "Mozilla/5.0 (Windows NT 6.3; Win64; x64) AppleWebKit/537.36 (KHTML, like Gecko) Chrome/57.0.2987.133 Safari/537.36"
64.20.61.52 - - [02/Jul/2021:03:52:21 -0400] "POST /wp-cron.php?doing_wp_cron=1625212340.8645610809326171875000 HTTP/1.1" 301 673 "-" "WordPress/5.7.2; http://daniewatsonwriter.com"
64.20.61.52 - - [02/Jul/2021:03:57:09 -0400] "POST /wp-cron.php?doing_wp_cron=1625212629.5893559455871582031250 HTTP/1.1" 301 673 "-" "WordPress/5.7.2; http://daniewatsonwriter.com"
61.177.20.70 - - [02/Jul/2021:03:58:54 -0400] "GET / HTTP/1.1" 301 555 "-" "Mozilla/4.0 (compatible; MSIE 7.0; Windows NT 5.1; TencentTraveler ; EmbeddedWB 14.52 from: http://www.bsalsa.com/ EmbeddedWB 14.52; .NET CLR 2.0.50727; InfoPath.2; .NET CLR 3.0.04506.30; .NET CLR 3.0.04506.590; .NET CLR 3.0.04506.648; .NET CLR 3.5.21022)"
188.166.94.198 - - [02/Jul/2021:03:59:46 -0400] "POST /wp-login.php HTTP/1.1" 200 8071 "-" "Mozilla/5.0 (Windows NT 6.1; WOW64) AppleWebKit/537.36 (KHTML, like Gecko) Chrome/36.0.1985.125 Safari/537.36"
64.20.61.52 - - [02/Jul/2021:04:01:49 -0400] "POST /wp-cron.php?doing_wp_cron=1625212909.0294098854064941406250 HTTP/1.1" 301 673 "-" "WordPress/5.7.2; http://daniewatsonwriter.com"
64.20.61.52 - - [02/Jul/2021:04:05:28 -0400] "POST /wp-cron.php?doing_wp_cron=1625213128.4904179573059082031250 HTTP/1.1" 200 4905 "-" "WordPress/5.7.2; https://daniewatsonwriter.com"
64.20.61.52 - - [02/Jul/2021:04:07:28 -0400] "POST /wp-cron.php?doing_wp_cron=1625213248.8188540935516357421875 HTTP/1.1" 301 673 "-" "WordPress/5.7.2; http://daniewatsonwriter.com"
64.20.61.52 - - [02/Jul/2021:04:13:45 -0400] "POST /wp-cron.php?doing_wp_cron=1625213625.5042600631713867187500 HTTP/1.1" 301 673 "-" "WordPress/5.7.2; http://daniewatsonwriter.com"
64.20.61.52 - - [02/Jul/2021:04:17:36 -0400] "POST /wp-cron.php?doing_wp_cron=1625213856.1199789047241210937500 HTTP/1.1" 301 673 "-" "WordPress/5.7.2; http://daniewatsonwriter.com"
64.20.61.52 - - [02/Jul/2021:04:20:10 -0400] "POST /wp-cron.php?doing_wp_cron=1625214010.6603639125823974609375 HTTP/1.1" 301 673 "-" "WordPress/5.7.2; http://daniewatsonwriter.com"
64.20.61.52 - - [02/Jul/2021:04:23:44 -0400] "POST /wp-cron.php?doing_wp_cron=1625214224.8143970966339111328125 HTTP/1.1" 301 673 "-" "WordPress/5.7.2; http://daniewatsonwriter.com"
204.48.19.85 - - [02/Jul/2021:04:24:21 -0400] "POST /wp-cron.php?doing_wp_cron=1625214261.6461310386657714843750 HTTP/1.1" 200 5456 "https://daniewatsonwriter.com/wp-cron.php?doing_wp_cron=1625214261.6461310386657714843750" "WordPress/5.7.2; https://daniewatsonwriter.com"
62.210.129.50 - - [02/Jul/2021:04:24:21 -0400] "GET / HTTP/1.1" 200 23228 "-" "-"
64.20.61.52 - - [02/Jul/2021:04:26:21 -0400] "POST /wp-cron.php?doing_wp_cron=1625214381.9415540695190429687500 HTTP/1.1" 301 673 "-" "WordPress/5.7.2; http://daniewatsonwriter.com"
54.36.148.12 - - [02/Jul/2021:04:28:18 -0400] "GET /index.php/teaching/ HTTP/1.1" 200 10563 "-" "Mozilla/5.0 (compatible; AhrefsBot/7.0; +http://ahrefs.com/robot/)"
64.20.61.52 - - [02/Jul/2021:04:33:12 -0400] "POST /wp-cron.php?doing_wp_cron=1625214792.3227639198303222656250 HTTP/1.1" 301 673 "-" "WordPress/5.7.2; http://daniewatsonwriter.com"
64.20.61.52 - - [02/Jul/2021:04:37:58 -0400] "POST /wp-cron.php?doing_wp_cron=1625215078.1437671184539794921875 HTTP/1.1" 301 673 "-" "WordPress/5.7.2; http://daniewatsonwriter.com"
64.20.61.52 - - [02/Jul/2021:04:44:06 -0400] "POST /wp-cron.php?doing_wp_cron=1625215446.8647780418395996093750 HTTP/1.1" 301 673 "-" "WordPress/5.7.2; http://daniewatsonwriter.com"
64.20.61.52 - - [02/Jul/2021:04:49:16 -0400] "POST /wp-cron.php?doing_wp_cron=1625215756.0266399383544921875000 HTTP/1.1" 301 673 "-" "WordPress/5.7.2; http://daniewatsonwriter.com"
64.20.61.52 - - [02/Jul/2021:04:52:39 -0400] "POST /wp-cron.php?doing_wp_cron=1625215959.1037020683288574218750 HTTP/1.1" 301 673 "-" "WordPress/5.7.2; http://daniewatsonwriter.com"
34.92.85.223 - - [02/Jul/2021:04:55:53 -0400] "POST /wp-login.php HTTP/1.1" 200 8071 "-" "Mozilla/5.0 (Windows NT 10.0; WOW64) AppleWebKit/537.36 (KHTML, like Gecko) Chrome/46.0.2490.86 Safari/537.36"
64.20.61.52 - - [02/Jul/2021:04:56:44 -0400] "POST /wp-cron.php?doing_wp_cron=1625216204.1037139892578125000000 HTTP/1.1" 301 673 "-" "WordPress/5.7.2; http://daniewatsonwriter.com"
64.20.61.52 - - [02/Jul/2021:04:59:00 -0400] "POST /wp-cron.php?doing_wp_cron=1625216340.6923949718475341796875 HTTP/1.1" 301 673 "-" "WordPress/5.7.2; http://daniewatsonwriter.com"
64.20.61.52 - - [02/Jul/2021:05:00:37 -0400] "POST /wp-cron.php?doing_wp_cron=1625216437.3748900890350341796875 HTTP/1.1" 200 4905 "-" "WordPress/5.7.2; https://daniewatsonwriter.com"
128.14.209.162 - - [02/Jul/2021:05:00:39 -0400] "GET / HTTP/1.1" 200 10347 "https://64.20.61.52/" "Mozilla/5.0 (Windows NT 10.0; Win64; x64) AppleWebKit/537.36 (KHTML, like Gecko) Chrome/60.0.3112.113 Safari/537.36"
94.73.142.2 - - [02/Jul/2021:05:03:51 -0400] "POST /wp-login.php HTTP/1.1" 200 8071 "-" "Mozilla/5.0 (Windows NT 6.1; WOW64) AppleWebKit/537.36 (KHTML, like Gecko) Chrome/32.0.1700.107 Safari/537.36"
64.20.61.52 - - [02/Jul/2021:05:04:27 -0400] "POST /wp-cron.php?doing_wp_cron=1625216667.8104679584503173828125 HTTP/1.1" 301 673 "-" "WordPress/5.7.2; http://daniewatsonwriter.com"
64.20.61.52 - - [02/Jul/2021:05:08:14 -0400] "POST /wp-cron.php?doing_wp_cron=1625216894.0903561115264892578125 HTTP/1.1" 301 673 "-" "WordPress/5.7.2; http://daniewatsonwriter.com"
64.20.61.52 - - [02/Jul/2021:05:15:44 -0400] "POST /wp-cron.php?doing_wp_cron=1625217344.4290230274200439453125 HTTP/1.1" 301 673 "-" "WordPress/5.7.2; http://daniewatsonwriter.com"
64.20.61.52 - - [02/Jul/2021:05:20:35 -0400] "POST /wp-cron.php?doing_wp_cron=1625217635.1799108982086181640625 HTTP/1.1" 301 673 "-" "WordPress/5.7.2; http://daniewatsonwriter.com"
64.20.61.52 - - [02/Jul/2021:05:21:48 -0400] "POST /wp-cron.php?doing_wp_cron=1625217708.9408540725708007812500 HTTP/1.1" 301 673 "-" "WordPress/5.7.2; http://daniewatsonwriter.com"
64.20.61.52 - - [02/Jul/2021:05:24:53 -0400] "POST /wp-cron.php?doing_wp_cron=1625217893.5014131069183349609375 HTTP/1.1" 301 673 "-" "WordPress/5.7.2; http://daniewatsonwriter.com"
204.48.19.85 - - [02/Jul/2021:05:28:14 -0400] "POST /wp-cron.php?doing_wp_cron=1625218094.6837871074676513671875 HTTP/1.1" 200 5456 "https://daniewatsonwriter.com/wp-cron.php?doing_wp_cron=1625218094.6837871074676513671875" "WordPress/5.7.2; https://daniewatsonwriter.com"
64.21.98.45 - - [02/Jul/2021:05:28:14 -0400] "GET / HTTP/1.1" 200 11060 "-" "Mozilla/5.0 (compatible; Googlebot/2.1; +http://www.google.com/bot.html)"
64.20.61.52 - - [02/Jul/2021:05:31:19 -0400] "POST /wp-cron.php?doing_wp_cron=1625218279.2507359981536865234375 HTTP/1.1" 301 673 "-" "WordPress/5.7.2; http://daniewatsonwriter.com"
64.20.61.52 - - [02/Jul/2021:05:32:30 -0400] "POST /wp-cron.php?doing_wp_cron=1625218350.6415960788726806640625 HTTP/1.1" 301 673 "-" "WordPress/5.7.2; http://daniewatsonwriter.com"
62.210.123.62 - - [02/Jul/2021:05:32:30 -0400] "GET / HTTP/1.1" 301 592 "-" "-"
62.210.123.62 - - [02/Jul/2021:05:32:31 -0400] "GET / HTTP/1.1" 200 23228 "-" "-"
64.20.61.52 - - [02/Jul/2021:05:36:50 -0400] "POST /wp-cron.php?doing_wp_cron=1625218610.0536999702453613281250 HTTP/1.1" 301 673 "-" "WordPress/5.7.2; http://daniewatsonwriter.com"
64.20.61.52 - - [02/Jul/2021:05:41:09 -0400] "POST /wp-cron.php?doing_wp_cron=1625218869.3414249420166015625000 HTTP/1.1" 301 673 "-" "WordPress/5.7.2; http://daniewatsonwriter.com"
64.20.61.52 - - [02/Jul/2021:05:44:42 -0400] "POST /wp-cron.php?doing_wp_cron=1625219082.8894999027252197265625 HTTP/1.1" 301 673 "-" "WordPress/5.7.2; http://daniewatsonwriter.com"
66.249.66.50 - - [02/Jul/2021:05:44:59 -0400] "GET / HTTP/1.1" 200 11041 "-" "Mozilla/5.0 (compatible; Googlebot/2.1; +http://www.google.com/bot.html)"
66.249.66.50 - - [02/Jul/2021:05:45:03 -0400] "GET /wp-includes/js/jquery/jquery.min.js?ver=3.5.1 HTTP/1.1" 200 31401 "https://daniewatsonwriter.com/" "Mozilla/5.0 AppleWebKit/537.36 (KHTML, like Gecko; compatible; Googlebot/2.1; +http://www.google.com/bot.html) Chrome/91.0.4472.90 Safari/537.36"
64.20.61.52 - - [02/Jul/2021:05:48:42 -0400] "POST /wp-cron.php?doing_wp_cron=1625219321.9540059566497802734375 HTTP/1.1" 301 673 "-" "WordPress/5.7.2; http://daniewatsonwriter.com"
64.20.61.52 - - [02/Jul/2021:05:51:23 -0400] "POST /wp-cron.php?doing_wp_cron=1625219483.8504838943481445312500 HTTP/1.1" 200 4905 "-" "WordPress/5.7.2; https://daniewatsonwriter.com"
64.20.61.52 - - [02/Jul/2021:05:52:55 -0400] "POST /wp-cron.php?doing_wp_cron=1625219575.7197799682617187500000 HTTP/1.1" 301 673 "-" "WordPress/5.7.2; http://daniewatsonwriter.com"
207.46.13.118 - - [02/Jul/2021:05:58:31 -0400] "GET / HTTP/1.1" 301 592 "-" "Mozilla/5.0 (compatible; bingbot/2.0; +http://www.bing.com/bingbot.htm)"
64.20.61.52 - - [02/Jul/2021:05:59:53 -0400] "POST /wp-cron.php?doing_wp_cron=1625219993.3298039436340332031250 HTTP/1.1" 301 673 "-" "WordPress/5.7.2; http://daniewatsonwriter.com"
64.20.61.52 - - [02/Jul/2021:06:02:24 -0400] "POST /wp-cron.php?doing_wp_cron=1625220144.3177719116210937500000 HTTP/1.1" 301 673 "-" "WordPress/5.7.2; http://daniewatsonwriter.com"
64.20.61.52 - - [02/Jul/2021:06:05:24 -0400] "POST /wp-cron.php?doing_wp_cron=1625220324.3585999011993408203125 HTTP/1.1" 301 673 "-" "WordPress/5.7.2; http://daniewatsonwriter.com"
204.48.19.85 - - [02/Jul/2021:06:07:41 -0400] "POST /wp-cron.php?doing_wp_cron=1625220461.6593139171600341796875 HTTP/1.1" 200 5456 "https://daniewatsonwriter.com/wp-cron.php?doing_wp_cron=1625220461.6593139171600341796875" "WordPress/5.7.2; https://daniewatsonwriter.com"
35.233.23.228 - - [02/Jul/2021:06:07:41 -0400] "POST /wp-login.php HTTP/1.1" 200 8071 "-" "Mozilla/5.0 (Windows NT 6.1) AppleWebKit/537.36 (KHTML, like Gecko) Chrome/58.0.3029.110 Safari/537.36"
5.255.253.88 - - [02/Jul/2021:06:10:01 -0400] "GET /robots.txt HTTP/1.1" 301 612 "-" "Mozilla/5.0 (compatible; YandexBot/3.0; +http://yandex.com/bots)"
5.255.253.88 - - [02/Jul/2021:06:10:01 -0400] "GET /robots.txt HTTP/1.1" 404 5744 "-" "Mozilla/5.0 (compatible; YandexBot/3.0; +http://yandex.com/bots)"
5.45.207.144 - - [02/Jul/2021:06:10:01 -0400] "GET /robots.txt HTTP/1.1" 404 5744 "-" "Mozilla/5.0 (compatible; YandexBot/3.0; +http://yandex.com/bots)"
5.255.253.88 - - [02/Jul/2021:06:10:04 -0400] "GET / HTTP/1.1" 200 5819 "-" "Mozilla/5.0 (compatible; YandexBot/3.0; +http://yandex.com/bots)"
5.45.207.144 - - [02/Jul/2021:06:10:05 -0400] "GET / HTTP/1.1" 301 592 "-" "Mozilla/5.0 (compatible; YandexBot/3.0; +http://yandex.com/bots)"
66.249.66.50 - - [02/Jul/2021:06:13:33 -0400] "GET / HTTP/1.1" 200 11041 "-" "Mozilla/5.0 (compatible; Googlebot/2.1; +http://www.google.com/bot.html)"
64.20.61.52 - - [02/Jul/2021:06:15:00 -0400] "POST /wp-cron.php?doing_wp_cron=1625220900.3236250877380371093750 HTTP/1.1" 301 673 "-" "WordPress/5.7.2; http://daniewatsonwriter.com"
64.20.61.52 - - [02/Jul/2021:06:19:24 -0400] "POST /wp-cron.php?doing_wp_cron=1625221164.5120079517364501953125 HTTP/1.1" 301 673 "-" "WordPress/5.7.2; http://daniewatsonwriter.com"
64.20.61.52 - - [02/Jul/2021:06:22:40 -0400] "POST /wp-cron.php?doing_wp_cron=1625221360.3009049892425537109375 HTTP/1.1" 301 673 "-" "WordPress/5.7.2; http://daniewatsonwriter.com"
64.20.61.52 - - [02/Jul/2021:06:26:23 -0400] "POST /wp-cron.php?doing_wp_cron=1625221583.7101109027862548828125 HTTP/1.1" 301 673 "-" "WordPress/5.7.2; http://daniewatsonwriter.com"
64.20.61.52 - - [02/Jul/2021:06:35:30 -0400] "POST /wp-cron.php?doing_wp_cron=1625222130.4013481140136718750000 HTTP/1.1" 200 4905 "-" "WordPress/5.7.2; https://daniewatsonwriter.com"
64.20.61.52 - - [02/Jul/2021:06:37:41 -0400] "POST /wp-cron.php?doing_wp_cron=1625222261.2582321166992187500000 HTTP/1.1" 301 673 "-" "WordPress/5.7.2; http://daniewatsonwriter.com"
66.249.66.50 - - [02/Jul/2021:06:42:08 -0400] "GET / HTTP/1.1" 200 11041 "-" "Mozilla/5.0 (compatible; Googlebot/2.1; +http://www.google.com/bot.html)"
66.249.66.46 - - [02/Jul/2021:06:42:10 -0400] "GET /wp-includes/js/wp-embed.min.js?ver=5.7.2 HTTP/1.1" 200 6358 "https://daniewatsonwriter.com/" "Mozilla/5.0 AppleWebKit/537.36 (KHTML, like Gecko; compatible; Googlebot/2.1; +http://www.google.com/bot.html) Chrome/91.0.4472.90 Safari/537.36"
66.249.66.48 - - [02/Jul/2021:06:42:11 -0400] "GET /wp-includes/js/jquery/jquery.min.js?ver=3.5.1 HTTP/1.1" 200 36623 "https://daniewatsonwriter.com/" "Mozilla/5.0 AppleWebKit/537.36 (KHTML, like Gecko; compatible; Googlebot/2.1; +http://www.google.com/bot.html) Chrome/91.0.4472.90 Safari/537.36"
64.20.61.52 - - [02/Jul/2021:06:42:47 -0400] "POST /wp-cron.php?doing_wp_cron=1625222567.5386950969696044921875 HTTP/1.1" 301 673 "-" "WordPress/5.7.2; http://daniewatsonwriter.com"
64.20.61.52 - - [02/Jul/2021:06:44:12 -0400] "POST /wp-cron.php?doing_wp_cron=1625222652.1129078865051269531250 HTTP/1.1" 301 673 "-" "WordPress/5.7.2; http://daniewatsonwriter.com"
64.20.61.52 - - [02/Jul/2021:06:48:19 -0400] "POST /wp-cron.php?doing_wp_cron=1625222899.3918190002441406250000 HTTP/1.1" 301 673 "-" "WordPress/5.7.2; http://daniewatsonwriter.com"
64.20.61.52 - - [02/Jul/2021:06:55:18 -0400] "POST /wp-cron.php?doing_wp_cron=1625223318.5473670959472656250000 HTTP/1.1" 301 673 "-" "WordPress/5.7.2; http://daniewatsonwriter.com"
64.20.61.52 - - [02/Jul/2021:06:59:22 -0400] "POST /wp-cron.php?doing_wp_cron=1625223562.5706839561462402343750 HTTP/1.1" 301 673 "-" "WordPress/5.7.2; http://daniewatsonwriter.com"
136.243.32.189 - - [02/Jul/2021:07:02:34 -0400] "POST /wp-login.php HTTP/1.1" 200 8071 "-" "Mozilla/5.0 (Windows NT 10.0; Win64; x64) AppleWebKit/537.36 (KHTML, like Gecko) Chrome/87.0.4280.88 Safari/537.36"
64.20.61.52 - - [02/Jul/2021:07:03:14 -0400] "POST /wp-cron.php?doing_wp_cron=1625223794.8923358917236328125000 HTTP/1.1" 301 673 "-" "WordPress/5.7.2; http://daniewatsonwriter.com"
64.20.61.52 - - [02/Jul/2021:07:07:33 -0400] "POST /wp-cron.php?doing_wp_cron=1625224053.6443939208984375000000 HTTP/1.1" 301 673 "-" "WordPress/5.7.2; http://daniewatsonwriter.com"
204.48.19.85 - - [02/Jul/2021:07:10:16 -0400] "POST /wp-cron.php?doing_wp_cron=1625224216.8862531185150146484375 HTTP/1.1" 200 5456 "https://daniewatsonwriter.com/wp-cron.php?doing_wp_cron=1625224216.8862531185150146484375" "WordPress/5.7.2; https://daniewatsonwriter.com"
34.92.85.223 - - [02/Jul/2021:07:10:16 -0400] "POST /wp-login.php HTTP/1.1" 200 8071 "-" "Mozilla/5.0 (Windows NT 6.1) AppleWebKit/537.36 (KHTML, like Gecko) Chrome/80.0.3987.132 Safari/537.36"
64.20.61.52 - - [02/Jul/2021:07:10:49 -0400] "POST /wp-cron.php?doing_wp_cron=1625224248.9825079441070556640625 HTTP/1.1" 301 673 "-" "WordPress/5.7.2; http://daniewatsonwriter.com"
198.204.234.250 - - [02/Jul/2021:07:11:20 -0400] "GET ///wp-content/plugins/fancy-product-designer/assets/css/fancy-product.css HTTP/1.1" 404 5111 "http://www.google.com.hk" "Mozilla/5.0 (Windows NT 6.1; WOW64) AppleWebKit/537.36 (KHTML, like Gecko) Chrome/42.0.2311.90 Safari/537.36"
64.20.61.52 - - [02/Jul/2021:07:16:15 -0400] "POST /wp-cron.php?doing_wp_cron=1625224575.3530330657958984375000 HTTP/1.1" 301 673 "-" "WordPress/5.7.2; http://daniewatsonwriter.com"
64.20.61.52 - - [02/Jul/2021:07:21:30 -0400] "POST /wp-cron.php?doing_wp_cron=1625224890.2494928836822509765625 HTTP/1.1" 301 673 "-" "WordPress/5.7.2; http://daniewatsonwriter.com"
64.20.61.52 - - [02/Jul/2021:07:26:20 -0400] "POST /wp-cron.php?doing_wp_cron=1625225180.4348878860473632812500 HTTP/1.1" 301 673 "-" "WordPress/5.7.2; http://daniewatsonwriter.com"
148.70.125.137 - - [02/Jul/2021:07:28:01 -0400] "GET /wp-content/uploads/404.php HTTP/1.1" 301 588 "http://simplesite.com" "Mozilla/5.0 (Windows; U; Windows NT 5.1; en-US) AppleWebKit/533.4 (KHTML, like Gecko) Chrome/5.0.375.99 Safari/533.4"
148.70.125.137 - - [02/Jul/2021:07:28:04 -0400] "GET /wp-content/uploads/404.php HTTP/1.1" 404 5051 "http://daniewatsonwriter.com/wp-content/uploads/404.php" "Mozilla/5.0 (Windows; U; Windows NT 5.1; en-US) AppleWebKit/533.4 (KHTML, like Gecko) Chrome/5.0.375.99 Safari/533.4"
64.20.61.52 - - [02/Jul/2021:07:30:55 -0400] "POST /wp-cron.php?doing_wp_cron=1625225455.1334440708160400390625 HTTP/1.1" 301 673 "-" "WordPress/5.7.2; http://daniewatsonwriter.com"
64.20.61.52 - - [02/Jul/2021:07:33:38 -0400] "POST /wp-cron.php?doing_wp_cron=1625225618.5843620300292968750000 HTTP/1.1" 301 673 "-" "WordPress/5.7.2; http://daniewatsonwriter.com"
64.20.61.52 - - [02/Jul/2021:07:38:32 -0400] "POST /wp-cron.php?doing_wp_cron=1625225911.9054870605468750000000 HTTP/1.1" 301 673 "-" "WordPress/5.7.2; http://daniewatsonwriter.com"
27.158.244.219 - - [02/Jul/2021:07:40:25 -0400] "GET / HTTP/1.1" 200 23152 "https://daniewatsonwriter.com/" "Mozilla/5.0 (Windows NT 10.0; Win64; x64) AppleWebKit/537.36 (KHTML, like Gecko) Chrome/80.0.3987.149 Safari/537.36"
64.20.61.52 - - [02/Jul/2021:07:50:21 -0400] "POST /wp-cron.php?doing_wp_cron=1625226621.1158919334411621093750 HTTP/1.1" 301 673 "-" "WordPress/5.7.2; http://daniewatsonwriter.com"
64.20.61.52 - - [02/Jul/2021:07:54:54 -0400] "POST /wp-cron.php?doing_wp_cron=1625226894.7420699596405029296875 HTTP/1.1" 301 673 "-" "WordPress/5.7.2; http://daniewatsonwriter.com"
185.68.110.200 - - [02/Jul/2021:08:05:39 -0400] "POST /wp-login.php HTTP/1.1" 200 8071 "-" "Mozilla/5.0 (Windows NT 10.0; Win64; x64) AppleWebKit/537.36 (KHTML, like Gecko) Chrome/54.0.2840.99 Safari/537.36"
64.20.61.52 - - [02/Jul/2021:08:06:23 -0400] "POST /wp-cron.php?doing_wp_cron=1625227583.6404080390930175781250 HTTP/1.1" 301 673 "-" "WordPress/5.7.2; http://daniewatsonwriter.com"
54.187.85.16 - - [02/Jul/2021:08:10:20 -0400] "GET / HTTP/1.1" 301 536 "-" "Mozilla/5.0 (X11; Linux x86_64) AppleWebKit/537.36 (KHTML, like Gecko) Chrome/83.0.4103.97 Safari/537.36"
64.20.61.52 - - [02/Jul/2021:08:10:29 -0400] "POST /wp-cron.php?doing_wp_cron=1625227829.3241319656372070312500 HTTP/1.1" 301 673 "-" "WordPress/5.7.2; http://daniewatsonwriter.com"
64.20.61.52 - - [02/Jul/2021:08:11:31 -0400] "POST /wp-cron.php?doing_wp_cron=1625227891.5537118911743164062500 HTTP/1.1" 200 4905 "-" "WordPress/5.7.2; https://daniewatsonwriter.com"
204.48.19.85 - - [02/Jul/2021:08:13:32 -0400] "POST /wp-cron.php?doing_wp_cron=1625228012.0226900577545166015625 HTTP/1.1" 200 5456 "https://daniewatsonwriter.com/wp-cron.php?doing_wp_cron=1625228012.0226900577545166015625" "WordPress/5.7.2; https://daniewatsonwriter.com"
81.88.52.58 - - [02/Jul/2021:08:13:31 -0400] "POST /wp-login.php HTTP/1.1" 200 8071 "-" "Mozilla/5.0 (Windows NT 6.1; WOW64) AppleWebKit/537.36 (KHTML, like Gecko) Chrome/51.0.2704.106 Safari/537.36"
64.20.61.52 - - [02/Jul/2021:08:18:19 -0400] "POST /wp-cron.php?doing_wp_cron=1625228299.1254580020904541015625 HTTP/1.1" 301 673 "-" "WordPress/5.7.2; http://daniewatsonwriter.com"
64.20.61.52 - - [02/Jul/2021:08:21:43 -0400] "POST /wp-cron.php?doing_wp_cron=1625228503.6568870544433593750000 HTTP/1.1" 301 673 "-" "WordPress/5.7.2; http://daniewatsonwriter.com"
64.20.61.52 - - [02/Jul/2021:08:24:14 -0400] "POST /wp-cron.php?doing_wp_cron=1625228654.5718948841094970703125 HTTP/1.1" 301 673 "-" "WordPress/5.7.2; http://daniewatsonwriter.com"
64.20.61.52 - - [02/Jul/2021:08:29:04 -0400] "POST /wp-cron.php?doing_wp_cron=1625228944.4935300350189208984375 HTTP/1.1" 301 673 "-" "WordPress/5.7.2; http://daniewatsonwriter.com"
65.21.148.16 - - [02/Jul/2021:08:33:11 -0400] "GET /wp-admin/setup-config.php?step=1 HTTP/1.1" 409 8294 "-" "Apache/2.4.34 (Ubuntu) OpenSSL/1.1.1 (internal dummy connection)"
64.20.61.52 - - [02/Jul/2021:08:41:16 -0400] "POST /wp-cron.php?doing_wp_cron=1625229676.9174139499664306640625 HTTP/1.1" 301 673 "-" "WordPress/5.7.2; http://daniewatsonwriter.com"
64.20.61.52 - - [02/Jul/2021:08:46:22 -0400] "POST /wp-cron.php?doing_wp_cron=1625229982.8469340801239013671875 HTTP/1.1" 301 673 "-" "WordPress/5.7.2; http://daniewatsonwriter.com"
64.20.61.52 - - [02/Jul/2021:08:47:24 -0400] "POST /wp-cron.php?doing_wp_cron=1625230044.8231129646301269531250 HTTP/1.1" 301 673 "-" "WordPress/5.7.2; http://daniewatsonwriter.com"
64.20.61.52 - - [02/Jul/2021:08:53:48 -0400] "POST /wp-cron.php?doing_wp_cron=1625230428.3373699188232421875000 HTTP/1.1" 301 673 "-" "WordPress/5.7.2; http://daniewatsonwriter.com"
64.20.61.52 - - [02/Jul/2021:08:58:07 -0400] "POST /wp-cron.php?doing_wp_cron=1625230686.4715900421142578125000 HTTP/1.1" 301 673 "-" "WordPress/5.7.2; http://daniewatsonwriter.com"
65.21.148.16 - - [02/Jul/2021:09:01:30 -0400] "GET /wordpress/wp-admin/setup-config.php?step=1 HTTP/1.1" 404 5711 "-" "Apache/2.4.34 (Ubuntu) OpenSSL/1.1.1 (internal dummy connection)"
64.20.61.52 - - [02/Jul/2021:09:03:58 -0400] "POST /wp-cron.php?doing_wp_cron=1625231037.1413509845733642578125 HTTP/1.1" 301 673 "-" "WordPress/5.7.2; http://daniewatsonwriter.com"
204.48.19.85 - - [02/Jul/2021:09:09:52 -0400] "POST /wp-cron.php?doing_wp_cron=1625231392.8970539569854736328125 HTTP/1.1" 200 5456 "https://daniewatsonwriter.com/wp-cron.php?doing_wp_cron=1625231392.8970539569854736328125" "WordPress/5.7.2; https://daniewatsonwriter.com"
165.22.53.233 - - [02/Jul/2021:09:09:52 -0400] "POST /wp-login.php HTTP/1.1" 200 8099 "-" "Mozilla/5.0 (Windows NT 6.1; Win64; x64) AppleWebKit/537.36 (KHTML, like Gecko) Chrome/81.0.4044.122 Safari/537.36"
64.20.61.52 - - [02/Jul/2021:09:10:44 -0400] "POST /wp-cron.php?doing_wp_cron=1625231444.1950149536132812500000 HTTP/1.1" 301 673 "-" "WordPress/5.7.2; http://daniewatsonwriter.com"
137.74.76.179 - - [02/Jul/2021:09:11:05 -0400] "GET /wp-content/themes/sketch/404.php HTTP/1.1" 404 5092 "-" "Mozilla/4.0 (compatible; MSIE 6.0; Windows NT 5.1; SV1)"
64.20.61.52 - - [02/Jul/2021:09:15:08 -0400] "POST /wp-cron.php?doing_wp_cron=1625231708.2544910907745361328125 HTTP/1.1" 301 673 "-" "WordPress/5.7.2; http://daniewatsonwriter.com"
120.27.0.224 - - [02/Jul/2021:09:17:50 -0400] "POST /wp-login.php HTTP/1.1" 200 8097 "-" "Mozilla/5.0 (Windows NT 10.0; Win64; x64) AppleWebKit/537.36 (KHTML, like Gecko) Chrome/64.0.3282.140 Safari/537.36"
64.20.61.52 - - [02/Jul/2021:09:21:00 -0400] "POST /wp-cron.php?doing_wp_cron=1625232060.6166560649871826171875 HTTP/1.1" 301 673 "-" "WordPress/5.7.2; http://daniewatsonwriter.com"
64.20.61.52 - - [02/Jul/2021:09:24:07 -0400] "POST /wp-cron.php?doing_wp_cron=1625232247.5784790515899658203125 HTTP/1.1" 200 4905 "-" "WordPress/5.7.2; https://daniewatsonwriter.com"
128.1.248.42 - - [02/Jul/2021:09:24:09 -0400] "GET / HTTP/1.1" 200 10347 "https://64.20.61.52/" "Mozilla/5.0 (Windows NT 10.0; Win64; x64) AppleWebKit/537.36 (KHTML, like Gecko) Chrome/60.0.3112.113 Safari/537.36"
128.14.134.170 - - [02/Jul/2021:09:24:09 -0400] "GET / HTTP/1.1" 301 536 "http://64.20.61.52/" "Mozilla/5.0 (Windows NT 10.0; Win64; x64) AppleWebKit/537.36 (KHTML, like Gecko) Chrome/60.0.3112.113 Safari/537.36"
128.14.134.170 - - [02/Jul/2021:09:24:10 -0400] "GET / HTTP/1.1" 200 10347 "http://daniewatsonwriter.com/" "Mozilla/5.0 (Windows NT 10.0; Win64; x64) AppleWebKit/537.36 (KHTML, like Gecko) Chrome/60.0.3112.113 Safari/537.36"
64.20.61.52 - - [02/Jul/2021:09:27:55 -0400] "POST /wp-cron.php?doing_wp_cron=1625232474.9979000091552734375000 HTTP/1.1" 301 673 "-" "WordPress/5.7.2; http://daniewatsonwriter.com"
207.46.13.118 - - [02/Jul/2021:09:28:41 -0400] "GET / HTTP/1.1" 200 10600 "-" "Mozilla/5.0 (compatible; bingbot/2.0; +http://www.bing.com/bingbot.htm)"
64.20.61.52 - - [02/Jul/2021:09:32:48 -0400] "POST /wp-cron.php?doing_wp_cron=1625232768.6725499629974365234375 HTTP/1.1" 301 673 "-" "WordPress/5.7.2; http://daniewatsonwriter.com"
64.20.61.52 - - [02/Jul/2021:09:38:55 -0400] "POST /wp-cron.php?doing_wp_cron=1625233135.4032640457153320312500 HTTP/1.1" 301 673 "-" "WordPress/5.7.2; http://daniewatsonwriter.com"
64.20.61.52 - - [02/Jul/2021:09:44:53 -0400] "POST /wp-cron.php?doing_wp_cron=1625233493.6794250011444091796875 HTTP/1.1" 301 673 "-" "WordPress/5.7.2; http://daniewatsonwriter.com"
165.22.27.121 - - [02/Jul/2021:09:45:19 -0400] "GET / HTTP/1.1" 301 592 "-" "python-requests/2.25.1"
165.22.27.121 - - [02/Jul/2021:09:45:57 -0400] "GET / HTTP/1.1" 200 10418 "-" "python-requests/2.25.1"
