103.111.58.141 - - [02/Jul/2021:18:20:52 -0400] "POST /xmlrpc.php HTTP/1.1" 200 4981 "-" "Mozilla/5.0 (X11; Ubuntu; Linux x86_64; rv:62.0) Gecko/20100101 Firefox/62.0"
92.204.136.183 - - [02/Jul/2021:18:42:50 -0400] "GET /wp-login.php HTTP/1.1" 200 7271 "-" "Mozilla/5.0 (X11; Ubuntu; Linux x86_64; rv:62.0) Gecko/20100101 Firefox/62.0"
92.204.136.183 - - [02/Jul/2021:18:42:50 -0400] "POST /wp-login.php HTTP/1.1" 200 7396 "-" "Mozilla/5.0 (X11; Ubuntu; Linux x86_64; rv:62.0) Gecko/20100101 Firefox/62.0"
92.204.136.183 - - [02/Jul/2021:18:42:50 -0400] "GET /wp-login.php HTTP/1.1" 200 7271 "-" "Mozilla/5.0 (X11; Ubuntu; Linux x86_64; rv:62.0) Gecko/20100101 Firefox/62.0"
92.204.136.183 - - [02/Jul/2021:18:42:50 -0400] "POST /wp-login.php HTTP/1.1" 200 7373 "-" "Mozilla/5.0 (X11; Ubuntu; Linux x86_64; rv:62.0) Gecko/20100101 Firefox/62.0"
92.204.136.183 - - [02/Jul/2021:18:42:51 -0400] "POST /xmlrpc.php HTTP/1.1" 200 4981 "-" "Mozilla/5.0 (X11; Ubuntu; Linux x86_64; rv:62.0) Gecko/20100101 Firefox/62.0"
193.112.16.121 - - [02/Jul/2021:18:48:48 -0400] "POST /wp-login.php HTTP/1.1" 200 8099 "-" "Mozilla/5.0 (Windows NT 6.3; Win64; x64) AppleWebKit/537.36 (KHTML, like Gecko) Chrome/79.0.3945.130 Safari/537.36"
207.46.13.118 - - [02/Jul/2021:18:49:16 -0400] "GET / HTTP/1.1" 200 10600 "-" "Mozilla/5.0 (compatible; bingbot/2.0; +http://www.bing.com/bingbot.htm)"
188.166.94.198 - - [02/Jul/2021:18:56:16 -0400] "POST /wp-login.php HTTP/1.1" 200 8097 "-" "Mozilla/5.0 (Windows NT 6.1; WOW64) AppleWebKit/537.36 (KHTML, like Gecko) Chrome/47.0.2526.111 Safari/537.36 MVisionPlayer/1.0.0.0"
64.20.61.52 - - [02/Jul/2021:18:57:06 -0400] "POST /wp-cron.php?doing_wp_cron=1625266626.2017550468444824218750 HTTP/1.1" 301 673 "-" "WordPress/5.7.2; http://daniewatsonwriter.com"
62.109.25.126 - - [02/Jul/2021:19:05:48 -0400] "GET /wp-login.php HTTP/1.1" 200 7271 "-" "Mozilla/5.0 (X11; Ubuntu; Linux x86_64; rv:62.0) Gecko/20100101 Firefox/62.0"
62.109.25.126 - - [02/Jul/2021:19:05:48 -0400] "POST /wp-login.php HTTP/1.1" 200 7396 "-" "Mozilla/5.0 (X11; Ubuntu; Linux x86_64; rv:62.0) Gecko/20100101 Firefox/62.0"
62.109.25.126 - - [02/Jul/2021:19:05:49 -0400] "GET /wp-login.php HTTP/1.1" 200 7271 "-" "Mozilla/5.0 (X11; Ubuntu; Linux x86_64; rv:62.0) Gecko/20100101 Firefox/62.0"
62.109.25.126 - - [02/Jul/2021:19:05:50 -0400] "POST /wp-login.php HTTP/1.1" 200 7373 "-" "Mozilla/5.0 (X11; Ubuntu; Linux x86_64; rv:62.0) Gecko/20100101 Firefox/62.0"
62.109.25.126 - - [02/Jul/2021:19:05:50 -0400] "POST /xmlrpc.php HTTP/1.1" 200 4981 "-" "Mozilla/5.0 (X11; Ubuntu; Linux x86_64; rv:62.0) Gecko/20100101 Firefox/62.0"
157.90.177.230 - - [02/Jul/2021:19:16:50 -0400] "GET /robots.txt HTTP/1.1" 301 612 "-" "Mozilla/5.0 (compatible; BLEXBot/1.0; +http://webmeup-crawler.com/)"
157.90.177.230 - - [02/Jul/2021:19:16:51 -0400] "GET /robots.txt HTTP/1.1" 404 5744 "-" "Mozilla/5.0 (compatible; BLEXBot/1.0; +http://webmeup-crawler.com/)"
204.48.19.85 - - [02/Jul/2021:19:16:51 -0400] "POST /wp-cron.php?doing_wp_cron=1625267811.5871191024780273437500 HTTP/1.1" 200 5456 "https://daniewatsonwriter.com/wp-cron.php?doing_wp_cron=1625267811.5871191024780273437500" "WordPress/5.7.2; https://daniewatsonwriter.com"
157.90.177.230 - - [02/Jul/2021:19:16:51 -0400] "GET /index.php/writing-for-social-media-online-course/ HTTP/1.1" 200 10865 "-" "Mozilla/5.0 (compatible; BLEXBot/1.0; +http://webmeup-crawler.com/)"
124.150.129.87 - - [02/Jul/2021:19:27:48 -0400] "GET /wp-login.php HTTP/1.1" 200 7271 "-" "Mozilla/5.0 (X11; Ubuntu; Linux x86_64; rv:62.0) Gecko/20100101 Firefox/62.0"
124.150.129.87 - - [02/Jul/2021:19:27:49 -0400] "POST /wp-login.php HTTP/1.1" 200 7396 "-" "Mozilla/5.0 (X11; Ubuntu; Linux x86_64; rv:62.0) Gecko/20100101 Firefox/62.0"
124.150.129.87 - - [02/Jul/2021:19:27:50 -0400] "GET /wp-login.php HTTP/1.1" 200 7271 "-" "Mozilla/5.0 (X11; Ubuntu; Linux x86_64; rv:62.0) Gecko/20100101 Firefox/62.0"
124.150.129.87 - - [02/Jul/2021:19:27:51 -0400] "POST /wp-login.php HTTP/1.1" 200 7373 "-" "Mozilla/5.0 (X11; Ubuntu; Linux x86_64; rv:62.0) Gecko/20100101 Firefox/62.0"
124.150.129.87 - - [02/Jul/2021:19:27:52 -0400] "POST /xmlrpc.php HTTP/1.1" 200 4981 "-" "Mozilla/5.0 (X11; Ubuntu; Linux x86_64; rv:62.0) Gecko/20100101 Firefox/62.0"
64.20.61.52 - - [02/Jul/2021:19:36:22 -0400] "POST /wp-cron.php?doing_wp_cron=1625268982.2428700923919677734375 HTTP/1.1" 200 4905 "-" "WordPress/5.7.2; https://daniewatsonwriter.com"
64.20.61.52 - - [02/Jul/2021:19:41:18 -0400] "POST /wp-cron.php?doing_wp_cron=1625269278.0633010864257812500000 HTTP/1.1" 301 673 "-" "WordPress/5.7.2; http://daniewatsonwriter.com"
81.88.52.154 - - [02/Jul/2021:19:51:00 -0400] "POST /wp-login.php HTTP/1.1" 200 8099 "-" "Mozilla/5.0 (Windows NT 6.1) AppleWebKit/537.36 (KHTML, like Gecko) Chrome/63.0.3239.84 Safari/537.36"
35.187.151.152 - - [02/Jul/2021:19:51:46 -0400] "GET /wp-login.php HTTP/1.1" 200 7271 "-" "Mozilla/5.0 (X11; Ubuntu; Linux x86_64; rv:62.0) Gecko/20100101 Firefox/62.0"
35.187.151.152 - - [02/Jul/2021:19:51:47 -0400] "POST /wp-login.php HTTP/1.1" 200 7396 "-" "Mozilla/5.0 (X11; Ubuntu; Linux x86_64; rv:62.0) Gecko/20100101 Firefox/62.0"
35.187.151.152 - - [02/Jul/2021:19:51:48 -0400] "GET /wp-login.php HTTP/1.1" 200 7271 "-" "Mozilla/5.0 (X11; Ubuntu; Linux x86_64; rv:62.0) Gecko/20100101 Firefox/62.0"
35.187.151.152 - - [02/Jul/2021:19:51:49 -0400] "POST /wp-login.php HTTP/1.1" 200 7373 "-" "Mozilla/5.0 (X11; Ubuntu; Linux x86_64; rv:62.0) Gecko/20100101 Firefox/62.0"
35.187.151.152 - - [02/Jul/2021:19:51:50 -0400] "POST /xmlrpc.php HTTP/1.1" 200 4981 "-" "Mozilla/5.0 (X11; Ubuntu; Linux x86_64; rv:62.0) Gecko/20100101 Firefox/62.0"
64.20.61.52 - - [02/Jul/2021:20:04:38 -0400] "POST /wp-cron.php?doing_wp_cron=1625270678.4012939929962158203125 HTTP/1.1" 301 673 "-" "WordPress/5.7.2; http://daniewatsonwriter.com"
64.20.61.52 - - [02/Jul/2021:20:13:23 -0400] "POST /wp-cron.php?doing_wp_cron=1625271203.7001910209655761718750 HTTP/1.1" 301 673 "-" "WordPress/5.7.2; http://daniewatsonwriter.com"
204.48.19.85 - - [02/Jul/2021:20:14:26 -0400] "POST /wp-cron.php?doing_wp_cron=1625271266.8348419666290283203125 HTTP/1.1" 200 5456 "https://daniewatsonwriter.com/wp-cron.php?doing_wp_cron=1625271266.8348419666290283203125" "WordPress/5.7.2; https://daniewatsonwriter.com"
159.89.116.203 - - [02/Jul/2021:20:14:26 -0400] "GET /wp-login.php HTTP/1.1" 200 7270 "-" "Mozilla/5.0 (X11; Ubuntu; Linux x86_64; rv:62.0) Gecko/20100101 Firefox/62.0"
159.89.116.203 - - [02/Jul/2021:20:14:27 -0400] "POST /wp-login.php HTTP/1.1" 200 7395 "-" "Mozilla/5.0 (X11; Ubuntu; Linux x86_64; rv:62.0) Gecko/20100101 Firefox/62.0"
159.89.116.203 - - [02/Jul/2021:20:14:28 -0400] "GET /wp-login.php HTTP/1.1" 200 7270 "-" "Mozilla/5.0 (X11; Ubuntu; Linux x86_64; rv:62.0) Gecko/20100101 Firefox/62.0"
159.89.116.203 - - [02/Jul/2021:20:14:29 -0400] "POST /wp-login.php HTTP/1.1" 200 7371 "-" "Mozilla/5.0 (X11; Ubuntu; Linux x86_64; rv:62.0) Gecko/20100101 Firefox/62.0"
159.89.116.203 - - [02/Jul/2021:20:14:30 -0400] "POST /xmlrpc.php HTTP/1.1" 200 4981 "-" "Mozilla/5.0 (X11; Ubuntu; Linux x86_64; rv:62.0) Gecko/20100101 Firefox/62.0"
64.20.61.52 - - [02/Jul/2021:20:31:00 -0400] "POST /wp-cron.php?doing_wp_cron=1625272260.0483739376068115234375 HTTP/1.1" 301 673 "-" "WordPress/5.7.2; http://daniewatsonwriter.com"
167.99.78.164 - - [02/Jul/2021:20:40:27 -0400] "GET /wp-login.php HTTP/1.1" 200 7270 "-" "Mozilla/5.0 (X11; Ubuntu; Linux x86_64; rv:62.0) Gecko/20100101 Firefox/62.0"
167.99.78.164 - - [02/Jul/2021:20:40:33 -0400] "POST /wp-login.php HTTP/1.1" 200 7395 "-" "Mozilla/5.0 (X11; Ubuntu; Linux x86_64; rv:62.0) Gecko/20100101 Firefox/62.0"
167.99.78.164 - - [02/Jul/2021:20:40:39 -0400] "GET /wp-login.php HTTP/1.1" 200 7270 "-" "Mozilla/5.0 (X11; Ubuntu; Linux x86_64; rv:62.0) Gecko/20100101 Firefox/62.0"
167.99.78.164 - - [02/Jul/2021:20:40:45 -0400] "POST /wp-login.php HTTP/1.1" 200 7371 "-" "Mozilla/5.0 (X11; Ubuntu; Linux x86_64; rv:62.0) Gecko/20100101 Firefox/62.0"
167.99.78.164 - - [02/Jul/2021:20:40:46 -0400] "POST /xmlrpc.php HTTP/1.1" 200 4981 "-" "Mozilla/5.0 (X11; Ubuntu; Linux x86_64; rv:62.0) Gecko/20100101 Firefox/62.0"
195.246.120.176 - - [02/Jul/2021:20:53:29 -0400] "GET / HTTP/1.0" 301 555 "http://daniewatsonwriter.com/" "Mozilla/5.0 (Windows NT 10.0; Win64; x64) AppleWebKit/537.36 (KHTML, like Gecko) Chrome/83.0.4100.3 Safari/537.36"
195.246.120.176 - - [02/Jul/2021:20:53:30 -0400] "GET / HTTP/1.0" 200 22985 "https://daniewatsonwriter.com/" "Mozilla/5.0 (Windows NT 10.0; Win64; x64) AppleWebKit/537.36 (KHTML, like Gecko) Chrome/83.0.4100.3 Safari/537.36"
180.76.185.20 - - [02/Jul/2021:20:53:36 -0400] "POST /wp-login.php HTTP/1.1" 200 8098 "-" "Mozilla/5.0 (Windows NT 10.0; WOW64) AppleWebKit/537.36 (KHTML, like Gecko) Chrome/55.0.2883.87 Safari/537.36"
64.20.61.52 - - [02/Jul/2021:21:00:28 -0400] "POST /wp-cron.php?doing_wp_cron=1625274028.0448100566864013671875 HTTP/1.1" 301 673 "-" "WordPress/5.7.2; http://daniewatsonwriter.com"
106.12.192.127 - - [02/Jul/2021:21:01:20 -0400] "POST /wp-login.php HTTP/1.1" 200 8096 "-" "Mozilla/5.0 (Windows NT 6.1) AppleWebKit/537.36 (KHTML, like Gecko) Chrome/58.0.3029.110 Safari/537.36"
64.20.61.52 - - [02/Jul/2021:21:06:10 -0400] "POST /wp-cron.php?doing_wp_cron=1625274369.9461619853973388671875 HTTP/1.1" 301 673 "-" "WordPress/5.7.2; http://daniewatsonwriter.com"
204.48.19.85 - - [02/Jul/2021:21:06:10 -0400] "POST /wp-cron.php?doing_wp_cron=1625274370.3337590694427490234375 HTTP/1.1" 200 5456 "https://daniewatsonwriter.com/wp-cron.php?doing_wp_cron=1625274370.3337590694427490234375" "WordPress/5.7.2; https://daniewatsonwriter.com"
34.71.71.95 - - [02/Jul/2021:21:06:10 -0400] "GET /wp-login.php HTTP/1.1" 200 7270 "-" "Mozilla/5.0 (X11; Ubuntu; Linux x86_64; rv:62.0) Gecko/20100101 Firefox/62.0"
34.71.71.95 - - [02/Jul/2021:21:06:18 -0400] "POST /wp-login.php HTTP/1.1" 200 7395 "-" "Mozilla/5.0 (X11; Ubuntu; Linux x86_64; rv:62.0) Gecko/20100101 Firefox/62.0"
34.71.71.95 - - [02/Jul/2021:21:06:24 -0400] "GET /wp-login.php HTTP/1.1" 200 7270 "-" "Mozilla/5.0 (X11; Ubuntu; Linux x86_64; rv:62.0) Gecko/20100101 Firefox/62.0"
34.71.71.95 - - [02/Jul/2021:21:06:32 -0400] "POST /wp-login.php HTTP/1.1" 200 7371 "-" "Mozilla/5.0 (X11; Ubuntu; Linux x86_64; rv:62.0) Gecko/20100101 Firefox/62.0"
34.71.71.95 - - [02/Jul/2021:21:06:39 -0400] "POST /xmlrpc.php HTTP/1.1" 200 4981 "-" "Mozilla/5.0 (X11; Ubuntu; Linux x86_64; rv:62.0) Gecko/20100101 Firefox/62.0"
74.120.14.40 - - [02/Jul/2021:21:07:03 -0400] "GET / HTTP/1.1" 200 10542 "-" "Mozilla/5.0 (compatible; CensysInspect/1.1; +https://about.censys.io/)"
64.20.61.52 - - [02/Jul/2021:21:07:18 -0400] "POST /wp-cron.php?doing_wp_cron=1625274438.8231089115142822265625 HTTP/1.1" 301 673 "-" "WordPress/5.7.2; http://daniewatsonwriter.com"
162.142.125.39 - - [02/Jul/2021:21:07:19 -0400] "GET / HTTP/1.1" 301 536 "-" "Mozilla/5.0 (compatible; CensysInspect/1.1; +https://about.censys.io/)"
204.48.19.85 - - [02/Jul/2021:21:07:19 -0400] "POST /wp-cron.php?doing_wp_cron=1625274439.2668700218200683593750 HTTP/1.1" 200 5456 "https://daniewatsonwriter.com/wp-cron.php?doing_wp_cron=1625274439.2668700218200683593750" "WordPress/5.7.2; https://daniewatsonwriter.com"
162.142.125.39 - - [02/Jul/2021:21:07:19 -0400] "GET / HTTP/1.1" 200 10542 "-" "Mozilla/5.0 (compatible; CensysInspect/1.1; +https://about.censys.io/)"
207.154.215.89 - - [02/Jul/2021:21:26:34 -0400] "POST /wp-login.php HTTP/1.1" 200 7395 "-" "Mozilla/5.0 (X11; Ubuntu; Linux x86_64; rv:62.0) Gecko/20100101 Firefox/62.0"
207.154.215.89 - - [02/Jul/2021:21:26:39 -0400] "POST /xmlrpc.php HTTP/1.1" 200 4981 "-" "Mozilla/5.0 (X11; Ubuntu; Linux x86_64; rv:62.0) Gecko/20100101 Firefox/62.0"
64.20.61.52 - - [02/Jul/2021:21:44:24 -0400] "POST /wp-cron.php?doing_wp_cron=1625276664.7279300689697265625000 HTTP/1.1" 301 673 "-" "WordPress/5.7.2; http://daniewatsonwriter.com"
64.20.61.52 - - [02/Jul/2021:21:46:41 -0400] "POST /wp-cron.php?doing_wp_cron=1625276801.9183409214019775390625 HTTP/1.1" 301 673 "-" "WordPress/5.7.2; http://daniewatsonwriter.com"
149.129.255.178 - - [02/Jul/2021:21:53:34 -0400] "GET /wp-login.php HTTP/1.1" 200 7270 "-" "Mozilla/5.0 (X11; Ubuntu; Linux x86_64; rv:62.0) Gecko/20100101 Firefox/62.0"
149.129.255.178 - - [02/Jul/2021:21:53:35 -0400] "POST /wp-login.php HTTP/1.1" 200 7395 "-" "Mozilla/5.0 (X11; Ubuntu; Linux x86_64; rv:62.0) Gecko/20100101 Firefox/62.0"
149.129.255.178 - - [02/Jul/2021:21:53:36 -0400] "GET /wp-login.php HTTP/1.1" 200 7270 "-" "Mozilla/5.0 (X11; Ubuntu; Linux x86_64; rv:62.0) Gecko/20100101 Firefox/62.0"
149.129.255.178 - - [02/Jul/2021:21:53:37 -0400] "POST /wp-login.php HTTP/1.1" 200 7371 "-" "Mozilla/5.0 (X11; Ubuntu; Linux x86_64; rv:62.0) Gecko/20100101 Firefox/62.0"
149.129.255.178 - - [02/Jul/2021:21:53:39 -0400] "POST /xmlrpc.php HTTP/1.1" 200 4981 "-" "Mozilla/5.0 (X11; Ubuntu; Linux x86_64; rv:62.0) Gecko/20100101 Firefox/62.0"
103.3.245.113 - - [02/Jul/2021:21:56:43 -0400] "POST /wp-login.php HTTP/1.1" 200 8098 "-" "Mozilla/5.0 (Windows NT 6.1; WOW64) AppleWebKit/537.36 (KHTML, like Gecko) Chrome/51.0.2704.106 Safari/537.36"
64.20.61.52 - - [02/Jul/2021:22:03:06 -0400] "POST /wp-cron.php?doing_wp_cron=1625277786.8728439807891845703125 HTTP/1.1" 301 673 "-" "WordPress/5.7.2; http://daniewatsonwriter.com"
35.233.23.228 - - [02/Jul/2021:22:04:32 -0400] "POST /wp-login.php HTTP/1.1" 200 8096 "-" "Mozilla/5.0 (Windows NT 6.1; Win64; x64) AppleWebKit/537.36 (KHTML, like Gecko) Chrome/80.0.3987.163 Safari/537.36"
64.20.61.52 - - [02/Jul/2021:22:04:48 -0400] "POST /wp-cron.php?doing_wp_cron=1625277888.3898611068725585937500 HTTP/1.1" 301 673 "-" "WordPress/5.7.2; http://daniewatsonwriter.com"
204.48.19.85 - - [02/Jul/2021:22:17:33 -0400] "POST /wp-cron.php?doing_wp_cron=1625278653.0564320087432861328125 HTTP/1.1" 200 5456 "https://daniewatsonwriter.com/wp-cron.php?doing_wp_cron=1625278653.0564320087432861328125" "WordPress/5.7.2; https://daniewatsonwriter.com"
164.68.99.251 - - [02/Jul/2021:22:17:32 -0400] "GET /wp-login.php HTTP/1.1" 200 7270 "-" "Mozilla/5.0 (X11; Ubuntu; Linux x86_64; rv:62.0) Gecko/20100101 Firefox/62.0"
164.68.99.251 - - [02/Jul/2021:22:17:33 -0400] "POST /wp-login.php HTTP/1.1" 200 7395 "-" "Mozilla/5.0 (X11; Ubuntu; Linux x86_64; rv:62.0) Gecko/20100101 Firefox/62.0"
164.68.99.251 - - [02/Jul/2021:22:17:34 -0400] "GET /wp-login.php HTTP/1.1" 200 7270 "-" "Mozilla/5.0 (X11; Ubuntu; Linux x86_64; rv:62.0) Gecko/20100101 Firefox/62.0"
164.68.99.251 - - [02/Jul/2021:22:17:34 -0400] "POST /wp-login.php HTTP/1.1" 200 7393 "-" "Mozilla/5.0 (X11; Ubuntu; Linux x86_64; rv:62.0) Gecko/20100101 Firefox/62.0"
164.68.99.251 - - [02/Jul/2021:22:17:35 -0400] "POST /xmlrpc.php HTTP/1.1" 200 4981 "-" "Mozilla/5.0 (X11; Ubuntu; Linux x86_64; rv:62.0) Gecko/20100101 Firefox/62.0"
64.20.61.52 - - [02/Jul/2021:22:24:37 -0400] "POST /wp-cron.php?doing_wp_cron=1625279077.0977840423583984375000 HTTP/1.1" 200 4905 "-" "WordPress/5.7.2; https://daniewatsonwriter.com"
64.20.61.52 - - [02/Jul/2021:22:35:24 -0400] "POST /wp-cron.php?doing_wp_cron=1625279724.2897961139678955078125 HTTP/1.1" 200 4905 "-" "WordPress/5.7.2; https://daniewatsonwriter.com"
96.125.170.234 - - [02/Jul/2021:22:43:37 -0400] "GET /wp-login.php HTTP/1.1" 200 7270 "-" "Mozilla/5.0 (X11; Ubuntu; Linux x86_64; rv:62.0) Gecko/20100101 Firefox/62.0"
96.125.170.234 - - [02/Jul/2021:22:43:37 -0400] "POST /wp-login.php HTTP/1.1" 200 7395 "-" "Mozilla/5.0 (X11; Ubuntu; Linux x86_64; rv:62.0) Gecko/20100101 Firefox/62.0"
96.125.170.234 - - [02/Jul/2021:22:43:44 -0400] "GET /wp-login.php HTTP/1.1" 200 7270 "-" "Mozilla/5.0 (X11; Ubuntu; Linux x86_64; rv:62.0) Gecko/20100101 Firefox/62.0"
96.125.170.234 - - [02/Jul/2021:22:43:44 -0400] "POST /wp-login.php HTTP/1.1" 200 7393 "-" "Mozilla/5.0 (X11; Ubuntu; Linux x86_64; rv:62.0) Gecko/20100101 Firefox/62.0"
96.125.170.234 - - [02/Jul/2021:22:43:45 -0400] "POST /xmlrpc.php HTTP/1.1" 200 4981 "-" "Mozilla/5.0 (X11; Ubuntu; Linux x86_64; rv:62.0) Gecko/20100101 Firefox/62.0"
142.93.105.158 - - [02/Jul/2021:23:00:24 -0400] "POST /wp-login.php HTTP/1.1" 200 8098 "-" "Mozilla/5.0 (Windows NT 10.0; WOW64) AppleWebKit/537.36 (KHTML, like Gecko) Chrome/53.0.2785.143 Safari/537.36"
204.48.19.85 - - [02/Jul/2021:23:08:13 -0400] "POST /wp-cron.php?doing_wp_cron=1625281693.1361200809478759765625 HTTP/1.1" 200 5456 "https://daniewatsonwriter.com/wp-cron.php?doing_wp_cron=1625281693.1361200809478759765625" "WordPress/5.7.2; https://daniewatsonwriter.com"
106.12.192.127 - - [02/Jul/2021:23:08:12 -0400] "POST /wp-login.php HTTP/1.1" 200 8096 "-" "Mozilla/5.0 (Windows NT 10.0; Win64; x64) AppleWebKit/537.36 (KHTML, like Gecko) Chrome/60.0.3112.101 Safari/537.36"
47.254.247.161 - - [02/Jul/2021:23:09:02 -0400] "GET /wp-login.php HTTP/1.1" 200 7270 "-" "Mozilla/5.0 (X11; Ubuntu; Linux x86_64; rv:62.0) Gecko/20100101 Firefox/62.0"
47.254.247.161 - - [02/Jul/2021:23:09:03 -0400] "POST /wp-login.php HTTP/1.1" 200 7395 "-" "Mozilla/5.0 (X11; Ubuntu; Linux x86_64; rv:62.0) Gecko/20100101 Firefox/62.0"
47.254.247.161 - - [02/Jul/2021:23:09:04 -0400] "GET /wp-login.php HTTP/1.1" 200 7270 "-" "Mozilla/5.0 (X11; Ubuntu; Linux x86_64; rv:62.0) Gecko/20100101 Firefox/62.0"
47.254.247.161 - - [02/Jul/2021:23:09:05 -0400] "POST /wp-login.php HTTP/1.1" 200 7393 "-" "Mozilla/5.0 (X11; Ubuntu; Linux x86_64; rv:62.0) Gecko/20100101 Firefox/62.0"
47.254.247.161 - - [02/Jul/2021:23:09:06 -0400] "POST /xmlrpc.php HTTP/1.1" 200 4981 "-" "Mozilla/5.0 (X11; Ubuntu; Linux x86_64; rv:62.0) Gecko/20100101 Firefox/62.0"
35.185.120.110 - - [02/Jul/2021:23:09:36 -0400] "GET /robots.txt HTTP/1.0" 404 5010 "-" "ZoominfoBot (zoominfobot at zoominfo dot com)"
35.185.120.110 - - [02/Jul/2021:23:09:36 -0400] "GET /index.php/feed/ HTTP/1.0" 200 2096 "-" "ZoominfoBot (zoominfobot at zoominfo dot com)"
35.185.120.110 - - [02/Jul/2021:23:09:40 -0400] "GET /xmlrpc.php HTTP/1.0" 405 4784 "-" "ZoominfoBot (zoominfobot at zoominfo dot com)"
35.185.120.110 - - [02/Jul/2021:23:09:43 -0400] "GET /index.php/teaching/ HTTP/1.0" 200 9836 "-" "ZoominfoBot (zoominfobot at zoominfo dot com)"
35.185.120.110 - - [02/Jul/2021:23:16:19 -0400] "GET /index.php/readings-and-publications/ HTTP/1.0" 200 10260 "-" "ZoominfoBot (zoominfobot at zoominfo dot com)"
114.119.152.33 - - [02/Jul/2021:23:24:31 -0400] "GET /robots.txt HTTP/1.1" 301 612 "-" "Mozilla/5.0 (compatible;PetalBot;+https://webmaster.petalsearch.com/site/petalbot)"
114.119.152.33 - - [02/Jul/2021:23:24:32 -0400] "GET /robots.txt HTTP/1.1" 404 5059 "-" "Mozilla/5.0 (compatible;PetalBot;+https://webmaster.petalsearch.com/site/petalbot)"
204.48.19.85 - - [02/Jul/2021:23:33:23 -0400] "GET / HTTP/1.1" 200 11051 "https://daniewatsonwriter.com/" "WordPress/5.7.2; https://daniewatsonwriter.com"
204.48.19.85 - - [02/Jul/2021:23:33:23 -0400] "POST /wp-cron.php?doing_wp_cron=1625283203.2578239440917968750000 HTTP/1.1" 200 5456 "https://daniewatsonwriter.com/wp-cron.php?doing_wp_cron=1625283203.2578239440917968750000" "WordPress/5.7.2; https://daniewatsonwriter.com"
35.185.120.110 - - [02/Jul/2021:23:33:23 -0400] "GET /index.php/about/ HTTP/1.0" 200 10798 "-" "ZoominfoBot (zoominfobot at zoominfo dot com)"
64.20.61.52 - - [02/Jul/2021:23:34:34 -0400] "POST /wp-cron.php?doing_wp_cron=1625283274.0723929405212402343750 HTTP/1.1" 301 673 "-" "WordPress/5.7.2; http://daniewatsonwriter.com"
35.185.120.110 - - [02/Jul/2021:23:34:48 -0400] "GET /index.php/comments/feed/ HTTP/1.0" 200 5388 "-" "ZoominfoBot (zoominfobot at zoominfo dot com)"
64.227.12.160 - - [02/Jul/2021:23:36:12 -0400] "GET /wp-login.php HTTP/1.1" 200 7270 "-" "Mozilla/5.0 (X11; Ubuntu; Linux x86_64; rv:62.0) Gecko/20100101 Firefox/62.0"
64.227.12.160 - - [02/Jul/2021:23:36:13 -0400] "POST /wp-login.php HTTP/1.1" 200 7395 "-" "Mozilla/5.0 (X11; Ubuntu; Linux x86_64; rv:62.0) Gecko/20100101 Firefox/62.0"
64.227.12.160 - - [02/Jul/2021:23:36:14 -0400] "GET /wp-login.php HTTP/1.1" 200 7270 "-" "Mozilla/5.0 (X11; Ubuntu; Linux x86_64; rv:62.0) Gecko/20100101 Firefox/62.0"
64.227.12.160 - - [02/Jul/2021:23:36:17 -0400] "POST /wp-login.php HTTP/1.1" 200 7371 "-" "Mozilla/5.0 (X11; Ubuntu; Linux x86_64; rv:62.0) Gecko/20100101 Firefox/62.0"
64.227.12.160 - - [02/Jul/2021:23:36:21 -0400] "POST /xmlrpc.php HTTP/1.1" 200 4981 "-" "Mozilla/5.0 (X11; Ubuntu; Linux x86_64; rv:62.0) Gecko/20100101 Firefox/62.0"
64.20.61.52 - - [02/Jul/2021:23:40:35 -0400] "POST /wp-cron.php?doing_wp_cron=1625283635.7446091175079345703125 HTTP/1.1" 200 4905 "-" "WordPress/5.7.2; https://daniewatsonwriter.com"
193.118.53.210 - - [02/Jul/2021:23:40:36 -0400] "GET / HTTP/1.1" 200 10347 "https://64.20.61.52/" "Mozilla/5.0 (Windows NT 10.0; Win64; x64) AppleWebKit/537.36 (KHTML, like Gecko) Chrome/60.0.3112.113 Safari/537.36"
185.191.34.215 - - [02/Jul/2021:23:46:48 -0400] "POST /wp-content/plugins/Wp-LayerSlider/layerslider.php?login=qlaoxk HTTP/1.1" 404 5791 "-" "Mozilla/5.0 (Windows NT 10.0; Win64; x64) AppleWebKit/537.36 (KHTML, like Gecko) Chrome/74.0.3729.169 Safari/537.36"
35.185.120.110 - - [02/Jul/2021:23:52:20 -0400] "GET /xmlrpc.php?rsd HTTP/1.0" 200 5074 "-" "ZoominfoBot (zoominfobot at zoominfo dot com)"
64.20.61.52 - - [02/Jul/2021:23:54:23 -0400] "POST /wp-cron.php?doing_wp_cron=1625284463.4331099987030029296875 HTTP/1.1" 200 4905 "-" "WordPress/5.7.2; https://daniewatsonwriter.com"
