100.21.218.158 - - [08/Jul/2021:00:04:40 -0400] "GET / HTTP/1.1" 301 536 "-" "Mozilla/5.0 (X11; Ubuntu; Linux x86_64; rv:82.0) Gecko/20100101 Firefox/82.0"
100.21.218.158 - - [08/Jul/2021:00:04:40 -0400] "GET / HTTP/1.1" 200 11790 "http://daniewatsonwriter.com" "Mozilla/5.0 (X11; Ubuntu; Linux x86_64; rv:82.0) Gecko/20100101 Firefox/82.0"
100.21.218.158 - - [08/Jul/2021:00:04:40 -0400] "GET /robots.txt HTTP/1.1" 301 556 "-" "Mozilla/5.0 (X11; Ubuntu; Linux x86_64; rv:82.0) Gecko/20100101 Firefox/82.0"
100.21.218.158 - - [08/Jul/2021:00:04:40 -0400] "GET /wp-content/uploads/2019/04/cropped-let-the-sea-set-you-free-180x180.png HTTP/1.1" 200 69996 "-" "Mozilla/5.0 (X11; Ubuntu; Linux x86_64; rv:82.0) Gecko/20100101 Firefox/82.0"
100.21.218.158 - - [08/Jul/2021:00:04:41 -0400] "GET /robots.txt HTTP/1.1" 404 6493 "http://daniewatsonwriter.com/robots.txt" "Mozilla/5.0 (X11; Ubuntu; Linux x86_64; rv:82.0) Gecko/20100101 Firefox/82.0"
64.20.61.52 - - [08/Jul/2021:00:10:29 -0400] "POST /wp-cron.php?doing_wp_cron=1625717429.1741750240325927734375 HTTP/1.1" 301 673 "-" "WordPress/5.7.2; http://daniewatsonwriter.com"
74.120.14.53 - - [08/Jul/2021:00:11:27 -0400] "GET / HTTP/1.1" 301 536 "-" "Mozilla/5.0 (compatible; CensysInspect/1.1; +https://about.censys.io/)"
204.48.19.85 - - [08/Jul/2021:00:11:28 -0400] "POST /wp-cron.php?doing_wp_cron=1625717488.0445990562438964843750 HTTP/1.1" 200 6261 "https://daniewatsonwriter.com/wp-cron.php?doing_wp_cron=1625717488.0445990562438964843750" "WordPress/5.7.2; https://daniewatsonwriter.com"
74.120.14.53 - - [08/Jul/2021:00:11:27 -0400] "GET / HTTP/1.1" 200 11347 "-" "Mozilla/5.0 (compatible; CensysInspect/1.1; +https://about.censys.io/)"
173.236.184.125 - - [08/Jul/2021:00:11:43 -0400] "GET /wp-login.php HTTP/1.1" 200 8076 "-" "Mozilla/5.0 (X11; Ubuntu; Linux x86_64; rv:62.0) Gecko/20100101 Firefox/62.0"
173.236.184.125 - - [08/Jul/2021:00:11:43 -0400] "POST /wp-login.php HTTP/1.1" 200 8201 "-" "Mozilla/5.0 (X11; Ubuntu; Linux x86_64; rv:62.0) Gecko/20100101 Firefox/62.0"
173.236.184.125 - - [08/Jul/2021:00:11:43 -0400] "GET /wp-login.php HTTP/1.1" 200 8076 "-" "Mozilla/5.0 (X11; Ubuntu; Linux x86_64; rv:62.0) Gecko/20100101 Firefox/62.0"
173.236.184.125 - - [08/Jul/2021:00:11:44 -0400] "POST /wp-login.php HTTP/1.1" 200 8199 "-" "Mozilla/5.0 (X11; Ubuntu; Linux x86_64; rv:62.0) Gecko/20100101 Firefox/62.0"
173.236.184.125 - - [08/Jul/2021:00:11:44 -0400] "POST /xmlrpc.php HTTP/1.1" 200 5786 "-" "Mozilla/5.0 (X11; Ubuntu; Linux x86_64; rv:62.0) Gecko/20100101 Firefox/62.0"
64.20.61.52 - - [08/Jul/2021:00:22:16 -0400] "POST /wp-cron.php?doing_wp_cron=1625718133.7469050884246826171875 HTTP/1.1" 301 673 "-" "WordPress/5.7.2; http://daniewatsonwriter.com"
172.105.62.7 - - [08/Jul/2021:00:29:57 -0400] "GET /wp-login.php HTTP/1.1" 200 8076 "-" "Mozilla/5.0 (X11; Ubuntu; Linux x86_64; rv:62.0) Gecko/20100101 Firefox/62.0"
172.105.62.7 - - [08/Jul/2021:00:30:01 -0400] "POST /wp-login.php HTTP/1.1" 200 8201 "-" "Mozilla/5.0 (X11; Ubuntu; Linux x86_64; rv:62.0) Gecko/20100101 Firefox/62.0"
172.105.62.7 - - [08/Jul/2021:00:30:09 -0400] "GET /wp-login.php HTTP/1.1" 200 8076 "-" "Mozilla/5.0 (X11; Ubuntu; Linux x86_64; rv:62.0) Gecko/20100101 Firefox/62.0"
172.105.62.7 - - [08/Jul/2021:00:30:19 -0400] "POST /wp-login.php HTTP/1.1" 200 8177 "-" "Mozilla/5.0 (X11; Ubuntu; Linux x86_64; rv:62.0) Gecko/20100101 Firefox/62.0"
172.105.62.7 - - [08/Jul/2021:00:30:25 -0400] "POST /xmlrpc.php HTTP/1.1" 200 5786 "-" "Mozilla/5.0 (X11; Ubuntu; Linux x86_64; rv:62.0) Gecko/20100101 Firefox/62.0"
100.21.218.158 - - [08/Jul/2021:00:38:57 -0400] "GET / HTTP/1.1" 301 536 "-" "Mozilla/5.0 (X11; Ubuntu; Linux x86_64; rv:82.0) Gecko/20100101 Firefox/82.0"
100.21.218.158 - - [08/Jul/2021:00:38:58 -0400] "GET / HTTP/1.1" 200 11790 "http://daniewatsonwriter.com" "Mozilla/5.0 (X11; Ubuntu; Linux x86_64; rv:82.0) Gecko/20100101 Firefox/82.0"
100.21.218.158 - - [08/Jul/2021:00:39:00 -0400] "GET /robots.txt HTTP/1.1" 301 556 "-" "Mozilla/5.0 (X11; Ubuntu; Linux x86_64; rv:82.0) Gecko/20100101 Firefox/82.0"
100.21.218.158 - - [08/Jul/2021:00:39:00 -0400] "GET /wp-content/uploads/2019/04/cropped-let-the-sea-set-you-free-180x180.png HTTP/1.1" 200 69996 "-" "Mozilla/5.0 (X11; Ubuntu; Linux x86_64; rv:82.0) Gecko/20100101 Firefox/82.0"
100.21.218.158 - - [08/Jul/2021:00:39:00 -0400] "GET /robots.txt HTTP/1.1" 404 6493 "http://daniewatsonwriter.com/robots.txt" "Mozilla/5.0 (X11; Ubuntu; Linux x86_64; rv:82.0) Gecko/20100101 Firefox/82.0"
64.20.61.52 - - [08/Jul/2021:00:40:17 -0400] "POST /wp-cron.php?doing_wp_cron=1625719217.4897429943084716796875 HTTP/1.1" 301 673 "-" "WordPress/5.7.2; http://daniewatsonwriter.com"
79.115.85.34 - - [08/Jul/2021:00:48:31 -0400] "GET /wp-content/plugins/wp-user-avatar/assets/css/frontend.min.css HTTP/1.1" 301 658 "-" "Mozilla/5.0 (Macintosh; Intel Mac OS X 10_9_3) AppleWebKit/537.36 (KHTML, like Gecko) Chrome/54.0.2879.15 Safari/537.36"
79.115.85.34 - - [08/Jul/2021:00:48:32 -0400] "GET /wp-content/plugins/wp-user-avatar/assets/css/frontend.min.css HTTP/1.1" 404 5856 "-" "Mozilla/5.0 (Macintosh; Intel Mac OS X 10_9_3) AppleWebKit/537.36 (KHTML, like Gecko) Chrome/54.0.2879.15 Safari/537.36"
144.172.126.43 - - [08/Jul/2021:00:49:36 -0400] "GET /wp-login.php HTTP/1.1" 200 8076 "-" "Mozilla/5.0 (X11; Ubuntu; Linux x86_64; rv:62.0) Gecko/20100101 Firefox/62.0"
144.172.126.43 - - [08/Jul/2021:00:49:38 -0400] "POST /wp-login.php HTTP/1.1" 200 8201 "-" "Mozilla/5.0 (X11; Ubuntu; Linux x86_64; rv:62.0) Gecko/20100101 Firefox/62.0"
144.172.126.43 - - [08/Jul/2021:00:49:40 -0400] "GET /wp-login.php HTTP/1.1" 200 8076 "-" "Mozilla/5.0 (X11; Ubuntu; Linux x86_64; rv:62.0) Gecko/20100101 Firefox/62.0"
144.172.126.43 - - [08/Jul/2021:00:49:41 -0400] "POST /wp-login.php HTTP/1.1" 200 8177 "-" "Mozilla/5.0 (X11; Ubuntu; Linux x86_64; rv:62.0) Gecko/20100101 Firefox/62.0"
64.227.0.234 - - [08/Jul/2021:01:08:05 -0400] "GET /wp-login.php HTTP/1.1" 200 8076 "-" "Mozilla/5.0 (X11; Ubuntu; Linux x86_64; rv:62.0) Gecko/20100101 Firefox/62.0"
204.48.19.85 - - [08/Jul/2021:01:08:12 -0400] "POST /wp-cron.php?doing_wp_cron=1625720892.2733130455017089843750 HTTP/1.1" 200 6261 "https://daniewatsonwriter.com/wp-cron.php?doing_wp_cron=1625720892.2733130455017089843750" "WordPress/5.7.2; https://daniewatsonwriter.com"
64.227.0.234 - - [08/Jul/2021:01:08:13 -0400] "POST /wp-login.php HTTP/1.1" 200 8201 "-" "Mozilla/5.0 (X11; Ubuntu; Linux x86_64; rv:62.0) Gecko/20100101 Firefox/62.0"
64.227.0.234 - - [08/Jul/2021:01:08:18 -0400] "GET /wp-login.php HTTP/1.1" 200 8076 "-" "Mozilla/5.0 (X11; Ubuntu; Linux x86_64; rv:62.0) Gecko/20100101 Firefox/62.0"
64.227.0.234 - - [08/Jul/2021:01:08:23 -0400] "POST /wp-login.php HTTP/1.1" 200 8177 "-" "Mozilla/5.0 (X11; Ubuntu; Linux x86_64; rv:62.0) Gecko/20100101 Firefox/62.0"
64.227.0.234 - - [08/Jul/2021:01:08:27 -0400] "POST /xmlrpc.php HTTP/1.1" 200 5786 "-" "Mozilla/5.0 (X11; Ubuntu; Linux x86_64; rv:62.0) Gecko/20100101 Firefox/62.0"
185.191.34.215 - - [08/Jul/2021:01:18:06 -0400] "POST /6c3feced5fe97be15edcefad3cdc76e7.php HTTP/1.1" 404 6596 "-" "Mozilla/5.0 (Windows NT 10.0; Win64; x64; rv:66.0) Gecko/20100101 Firefox/66.0"
64.20.61.52 - - [08/Jul/2021:01:21:55 -0400] "POST /wp-cron.php?doing_wp_cron=1625721715.2863810062408447265625 HTTP/1.1" 200 5737 "-" "WordPress/5.7.2; https://daniewatsonwriter.com"
64.20.61.52 - - [08/Jul/2021:01:26:35 -0400] "POST /wp-cron.php?doing_wp_cron=1625721994.8191459178924560546875 HTTP/1.1" 500 8624 "-" "WordPress/5.7.2; https://daniewatsonwriter.com"
185.40.4.126 - - [08/Jul/2021:01:26:37 -0400] "GET / HTTP/1.1" 500 8650 "-" "-"
50.115.120.245 - - [08/Jul/2021:01:28:18 -0400] "GET /wp-login.php HTTP/1.1" 500 8392 "-" "Mozilla/5.0 (X11; Ubuntu; Linux x86_64; rv:62.0) Gecko/20100101 Firefox/62.0"
50.115.120.245 - - [08/Jul/2021:01:28:21 -0400] "POST /wp-login.php HTTP/1.1" 200 8201 "-" "Mozilla/5.0 (X11; Ubuntu; Linux x86_64; rv:62.0) Gecko/20100101 Firefox/62.0"
50.115.120.245 - - [08/Jul/2021:01:28:30 -0400] "GET /wp-login.php HTTP/1.1" 200 8076 "-" "Mozilla/5.0 (X11; Ubuntu; Linux x86_64; rv:62.0) Gecko/20100101 Firefox/62.0"
50.115.120.245 - - [08/Jul/2021:01:28:35 -0400] "POST /wp-login.php HTTP/1.1" 200 8177 "-" "Mozilla/5.0 (X11; Ubuntu; Linux x86_64; rv:62.0) Gecko/20100101 Firefox/62.0"
50.115.120.245 - - [08/Jul/2021:01:28:42 -0400] "POST /xmlrpc.php HTTP/1.1" 500 5625 "-" "Mozilla/5.0 (X11; Ubuntu; Linux x86_64; rv:62.0) Gecko/20100101 Firefox/62.0"
64.20.61.52 - - [08/Jul/2021:01:33:13 -0400] "POST /wp-cron.php?doing_wp_cron=1625722393.1120738983154296875000 HTTP/1.1" 301 673 "-" "WordPress/5.7.2; http://daniewatsonwriter.com"
185.191.34.215 - - [08/Jul/2021:01:45:19 -0400] "POST /rnnvhs.php HTTP/1.1" 404 6596 "-" "Mozilla/5.0 (Windows NT 10.0; Win64; x64; rv:67.0) Gecko/20100101 Firefox/67.0"
54.38.191.144 - - [08/Jul/2021:01:50:38 -0400] "GET /wp-login.php HTTP/1.1" 200 8076 "-" "Mozilla/5.0 (X11; Ubuntu; Linux x86_64; rv:62.0) Gecko/20100101 Firefox/62.0"
54.38.191.144 - - [08/Jul/2021:01:50:39 -0400] "POST /wp-login.php HTTP/1.1" 200 8201 "-" "Mozilla/5.0 (X11; Ubuntu; Linux x86_64; rv:62.0) Gecko/20100101 Firefox/62.0"
54.38.191.144 - - [08/Jul/2021:01:50:40 -0400] "GET /wp-login.php HTTP/1.1" 200 8076 "-" "Mozilla/5.0 (X11; Ubuntu; Linux x86_64; rv:62.0) Gecko/20100101 Firefox/62.0"
54.38.191.144 - - [08/Jul/2021:01:50:41 -0400] "POST /wp-login.php HTTP/1.1" 200 8177 "-" "Mozilla/5.0 (X11; Ubuntu; Linux x86_64; rv:62.0) Gecko/20100101 Firefox/62.0"
54.38.191.144 - - [08/Jul/2021:01:50:42 -0400] "POST /xmlrpc.php HTTP/1.1" 200 5786 "-" "Mozilla/5.0 (X11; Ubuntu; Linux x86_64; rv:62.0) Gecko/20100101 Firefox/62.0"
66.249.70.94 - - [08/Jul/2021:01:51:19 -0400] "GET /index.php/lets-write-together/ HTTP/1.1" 200 11222 "-" "Mozilla/5.0 (Linux; Android 6.0.1; Nexus 5X Build/MMB29P) AppleWebKit/537.36 (KHTML, like Gecko) Chrome/91.0.4472.90 Mobile Safari/537.36 (compatible; Googlebot/2.1; +http://www.google.com/bot.html)"
66.249.70.66 - - [08/Jul/2021:01:51:22 -0400] "GET /wp-content/themes/seasonal/js/functions.js?ver=20150330 HTTP/1.1" 200 6819 "https://daniewatsonwriter.com/index.php/lets-write-together/" "Mozilla/5.0 (Linux; Android 6.0.1; Nexus 5X Build/MMB29P) AppleWebKit/537.36 (KHTML, like Gecko) Chrome/91.0.4472.90 Mobile Safari/537.36 (compatible; Googlebot/2.1; +http://www.google.com/bot.html)"
185.191.34.215 - - [08/Jul/2021:01:51:27 -0400] "POST /wp-content/plugins/upgrade-network.php HTTP/1.1" 404 6596 "-" "Mozilla/5.0 (Windows NT 10.0; Win64; x64; rv:67.0) Gecko/20100101 Firefox/67.0"
185.191.34.215 - - [08/Jul/2021:02:12:31 -0400] "GET /wp-includes/SimplePie/Decode/HTML/bug.php HTTP/1.1" 404 6596 "-" "Mozilla/5.0 (Macintosh; Intel Mac OS X 10.14; rv:68.0) Gecko/20100101 Firefox/68.0"
146.59.10.194 - - [08/Jul/2021:02:12:52 -0400] "GET /wp-login.php HTTP/1.1" 500 8176 "-" "Mozilla/5.0 (X11; Ubuntu; Linux x86_64; rv:62.0) Gecko/20100101 Firefox/62.0"
146.59.10.194 - - [08/Jul/2021:02:12:58 -0400] "POST /wp-login.php HTTP/1.1" 500 8176 "-" "Mozilla/5.0 (X11; Ubuntu; Linux x86_64; rv:62.0) Gecko/20100101 Firefox/62.0"
146.59.10.194 - - [08/Jul/2021:02:13:17 -0400] "GET /wp-login.php HTTP/1.1" 200 8076 "-" "Mozilla/5.0 (X11; Ubuntu; Linux x86_64; rv:62.0) Gecko/20100101 Firefox/62.0"
204.48.19.85 - - [08/Jul/2021:02:13:33 -0400] "POST /wp-cron.php?doing_wp_cron=1625724813.2087619304656982421875 HTTP/1.1" 200 6261 "https://daniewatsonwriter.com/wp-cron.php?doing_wp_cron=1625724813.2087619304656982421875" "WordPress/5.7.2; https://daniewatsonwriter.com"
146.59.10.194 - - [08/Jul/2021:02:13:34 -0400] "POST /wp-login.php HTTP/1.1" 200 8177 "-" "Mozilla/5.0 (X11; Ubuntu; Linux x86_64; rv:62.0) Gecko/20100101 Firefox/62.0"
146.59.10.194 - - [08/Jul/2021:02:13:59 -0400] "POST /xmlrpc.php HTTP/1.1" 200 5786 "-" "Mozilla/5.0 (X11; Ubuntu; Linux x86_64; rv:62.0) Gecko/20100101 Firefox/62.0"
64.20.61.52 - - [08/Jul/2021:02:22:34 -0400] "POST /wp-cron.php?doing_wp_cron=1625725353.7606880664825439453125 HTTP/1.1" 301 673 "-" "WordPress/5.7.2; http://daniewatsonwriter.com"
185.40.4.126 - - [08/Jul/2021:02:22:37 -0400] "GET / HTTP/1.1" 301 592 "-" "-"
185.40.4.126 - - [08/Jul/2021:02:22:40 -0400] "GET / HTTP/1.1" 200 24013 "-" "-"
64.20.61.52 - - [08/Jul/2021:02:25:07 -0400] "POST /wp-cron.php?doing_wp_cron=1625725507.6885230541229248046875 HTTP/1.1" 200 5737 "-" "WordPress/5.7.2; https://daniewatsonwriter.com"
185.191.34.215 - - [08/Jul/2021:02:28:24 -0400] "GET /consystem.php HTTP/1.1" 404 6596 "-" "Mozilla/5.0 (Macintosh; Intel Mac OS X 10.14; rv:68.0) Gecko/20100101 Firefox/68.0"
185.191.34.215 - - [08/Jul/2021:02:28:24 -0400] "GET /wp-content/plugins/wp-file-manager/lib/php/plugins/AutoResize/4c6k31e021_index.php HTTP/1.1" 404 6596 "-" "Mozilla/5.0 (Windows NT 10.0; Win64; x64) AppleWebKit/537.36 (KHTML, like Gecko) Chrome/74.0.3729.169 Safari/537.36"
185.191.34.215 - - [08/Jul/2021:02:28:26 -0400] "GET /wp-content/plugins/easyrotator-for-wordpress/prv8.php HTTP/1.1" 404 6596 "-" "Mozilla/5.0 (Windows NT 10.0; Win64; x64) AppleWebKit/537.36 (KHTML, like Gecko) Chrome/74.0.3729.169 Safari/537.36"
161.35.132.192 - - [08/Jul/2021:02:28:50 -0400] "GET / HTTP/1.0" 200 15035 "-" "Mozilla/5.0 (compatible; NetcraftSurveyAgent/1.0; +info@netcraft.com)"
34.78.185.17 - - [08/Jul/2021:02:36:05 -0400] "GET /wp-login.php HTTP/1.1" 500 5532 "-" "Mozilla/5.0 (X11; Ubuntu; Linux x86_64; rv:62.0) Gecko/20100101 Firefox/62.0"
34.78.185.17 - - [08/Jul/2021:02:36:07 -0400] "POST /wp-login.php HTTP/1.1" 200 8201 "-" "Mozilla/5.0 (X11; Ubuntu; Linux x86_64; rv:62.0) Gecko/20100101 Firefox/62.0"
34.78.185.17 - - [08/Jul/2021:02:36:16 -0400] "GET /wp-login.php HTTP/1.1" 200 8076 "-" "Mozilla/5.0 (X11; Ubuntu; Linux x86_64; rv:62.0) Gecko/20100101 Firefox/62.0"
34.78.185.17 - - [08/Jul/2021:02:36:27 -0400] "POST /wp-login.php HTTP/1.1" 200 8177 "-" "Mozilla/5.0 (X11; Ubuntu; Linux x86_64; rv:62.0) Gecko/20100101 Firefox/62.0"
34.78.185.17 - - [08/Jul/2021:02:36:37 -0400] "POST /xmlrpc.php HTTP/1.1" 200 5786 "-" "Mozilla/5.0 (X11; Ubuntu; Linux x86_64; rv:62.0) Gecko/20100101 Firefox/62.0"
64.20.61.52 - - [08/Jul/2021:02:41:03 -0400] "POST /wp-cron.php?doing_wp_cron=1625726463.5443820953369140625000 HTTP/1.1" 301 673 "-" "WordPress/5.7.2; http://daniewatsonwriter.com"
183.136.225.14 - - [08/Jul/2021:02:41:04 -0400] "GET /wp-content/uploads/2019/04/cropped-let-the-sea-set-you-free-32x32.png HTTP/1.1" 301 693 "-" "Mozilla/5.0 (Windows NT 6.1; WOW64) AppleWebKit/537.36 (KHTML, like Gecko) Chrome/63.0.3239.132 Safari/537.36 QIHU 360SE"
183.136.225.14 - - [08/Jul/2021:02:41:34 -0400] "GET /wp-content/uploads/2019/04/cropped-let-the-sea-set-you-free-192x192.png HTTP/1.1" 301 697 "-" "Mozilla/5.0 (Windows NT 6.1; WOW64) AppleWebKit/537.36 (KHTML, like Gecko) Chrome/63.0.3239.132 Safari/537.36 QIHU 360SE"
183.136.225.14 - - [08/Jul/2021:02:42:04 -0400] "GET /wp-content/uploads/2019/04/cropped-let-the-sea-set-you-free-180x180.png HTTP/1.1" 301 697 "-" "Mozilla/5.0 (Windows NT 6.1; WOW64) AppleWebKit/537.36 (KHTML, like Gecko) Chrome/63.0.3239.132 Safari/537.36 QIHU 360SE"
64.20.61.52 - - [08/Jul/2021:02:42:34 -0400] "POST /wp-cron.php?doing_wp_cron=1625726554.3705790042877197265625 HTTP/1.1" 301 673 "-" "WordPress/5.7.2; http://daniewatsonwriter.com"
183.136.225.14 - - [08/Jul/2021:02:42:34 -0400] "GET /wp-content/uploads/2019/04/cropped-let-the-sea-set-you-free-32x32.png HTTP/1.1" 301 693 "-" "Mozilla/5.0 (Windows NT 6.1; WOW64) AppleWebKit/537.36 (KHTML, like Gecko) Chrome/63.0.3239.132 Safari/537.36 QIHU 360SE"
183.136.225.14 - - [08/Jul/2021:02:43:04 -0400] "GET /wp-content/uploads/2019/04/cropped-let-the-sea-set-you-free-192x192.png HTTP/1.1" 301 697 "-" "Mozilla/5.0 (Windows NT 6.1; WOW64) AppleWebKit/537.36 (KHTML, like Gecko) Chrome/63.0.3239.132 Safari/537.36 QIHU 360SE"
183.136.225.14 - - [08/Jul/2021:02:43:34 -0400] "GET /wp-content/uploads/2019/04/cropped-let-the-sea-set-you-free-180x180.png HTTP/1.1" 301 697 "-" "Mozilla/5.0 (Windows NT 6.1; WOW64) AppleWebKit/537.36 (KHTML, like Gecko) Chrome/63.0.3239.132 Safari/537.36 QIHU 360SE"
185.191.34.215 - - [08/Jul/2021:02:46:33 -0400] "POST /wp-admin/includes/rnnvhs.php HTTP/1.1" 404 6596 "-" "Mozilla/5.0 (Windows NT 10.0; Win64; x64; rv:66.0) Gecko/20100101 Firefox/66.0"
5.188.48.58 - - [08/Jul/2021:02:47:58 -0400] "GET /index.php/social-media-management/ HTTP/1.0" 200 22109 "https://daniewatsonwriter.com/index.php/social-media-management/" "Mozilla/5.0 (Windows NT 10.0; Win64; x64) AppleWebKit/537.36 (KHTML, like Gecko) Chrome/83.0.4103.14 Safari/537.36"
134.209.156.183 - - [08/Jul/2021:03:00:08 -0400] "GET /wp-login.php HTTP/1.1" 500 8392 "-" "Mozilla/5.0 (X11; Ubuntu; Linux x86_64; rv:62.0) Gecko/20100101 Firefox/62.0"
134.209.156.183 - - [08/Jul/2021:03:00:27 -0400] "POST /wp-login.php HTTP/1.1" 500 8176 "-" "Mozilla/5.0 (X11; Ubuntu; Linux x86_64; rv:62.0) Gecko/20100101 Firefox/62.0"
134.209.156.183 - - [08/Jul/2021:03:00:31 -0400] "GET /wp-login.php HTTP/1.1" 500 8176 "-" "Mozilla/5.0 (X11; Ubuntu; Linux x86_64; rv:62.0) Gecko/20100101 Firefox/62.0"
134.209.156.183 - - [08/Jul/2021:03:00:38 -0400] "POST /wp-login.php HTTP/1.1" 500 8176 "-" "Mozilla/5.0 (X11; Ubuntu; Linux x86_64; rv:62.0) Gecko/20100101 Firefox/62.0"
134.209.156.183 - - [08/Jul/2021:03:00:39 -0400] "POST /xmlrpc.php HTTP/1.1" 200 5606 "-" "Mozilla/5.0 (X11; Ubuntu; Linux x86_64; rv:62.0) Gecko/20100101 Firefox/62.0"
23.228.109.147 - - [08/Jul/2021:03:02:02 -0400] "GET /wp-content/plugins/aviary-image-editor-add-on-for-gravity-forms/includes/upload.php HTTP/1.1" 301 721 "http://www.google.com/" "Mozilla/5.0 (Windows NT 6.1; Win64; x64) AppleWebKit/537.36 (KHTML, like Gecko) Chrome/56.0.2896.3 Safari/537.36"
23.228.109.147 - - [08/Jul/2021:03:02:03 -0400] "GET /wp-content/plugins/aviary-image-editor-add-on-for-gravity-forms/includes/upload.php HTTP/1.1" 404 6042 "http://www.google.com/" "Mozilla/5.0 (Windows NT 6.1; Win64; x64) AppleWebKit/537.36 (KHTML, like Gecko) Chrome/56.0.2896.3 Safari/537.36"
64.20.61.52 - - [08/Jul/2021:03:06:56 -0400] "POST /wp-cron.php?doing_wp_cron=1625728016.2800259590148925781250 HTTP/1.1" 301 673 "-" "WordPress/5.7.2; http://daniewatsonwriter.com"
64.20.61.52 - - [08/Jul/2021:03:09:00 -0400] "POST /wp-cron.php?doing_wp_cron=1625728140.4259490966796875000000 HTTP/1.1" 301 673 "-" "WordPress/5.7.2; http://daniewatsonwriter.com"
13.92.44.162 - - [08/Jul/2021:03:17:12 -0400] "GET //vendor/phpunit/phpunit/phpunit.xsd HTTP/1.1" 301 623 "-" "Mozilla/5.0 (X11; Linux x86_64; rv:52.0) Gecko/20100101 Firefox/52.0"
13.92.44.162 - - [08/Jul/2021:03:17:22 -0400] "GET /vendor/phpunit/phpunit/phpunit.xsd HTTP/1.1" 404 5875 "-" "Mozilla/5.0 (X11; Linux x86_64; rv:52.0) Gecko/20100101 Firefox/52.0"
64.20.61.52 - - [08/Jul/2021:03:25:47 -0400] "POST /wp-cron.php?doing_wp_cron=1625729147.5694599151611328125000 HTTP/1.1" 500 8408 "-" "WordPress/5.7.2; https://daniewatsonwriter.com"
185.191.34.215 - - [08/Jul/2021:03:25:50 -0400] "POST /wp-includes/js/tinymce/plugins/wpview/diff.php HTTP/1.1" 404 6596 "-" "Mozilla/5.0 (Windows NT 10.0; Win64; x64) AppleWebKit/537.36 (KHTML, like Gecko) Chrome/74.0.3729.157 Safari/537.36"
64.20.61.52 - - [08/Jul/2021:03:32:57 -0400] "POST /wp-cron.php?doing_wp_cron=1625729577.2755069732666015625000 HTTP/1.1" 301 673 "-" "WordPress/5.7.2; http://daniewatsonwriter.com"
64.20.61.52 - - [08/Jul/2021:03:42:34 -0400] "POST /wp-cron.php?doing_wp_cron=1625730153.8689200878143310546875 HTTP/1.1" 500 8408 "-" "WordPress/5.7.2; https://daniewatsonwriter.com"
165.227.179.118 - - [08/Jul/2021:03:43:04 -0400] "GET / HTTP/1.0" 500 8878 "-" "Mozilla/5.0 (compatible; NetcraftSurveyAgent/1.0; +info@netcraft.com)"
64.20.61.52 - - [08/Jul/2021:03:43:48 -0400] "POST /wp-cron.php?doing_wp_cron=1625730228.5295190811157226562500 HTTP/1.1" 500 8408 "-" "WordPress/5.7.2; https://daniewatsonwriter.com"
195.113.194.207 - - [08/Jul/2021:03:51:16 -0400] "GET /wp-login.php HTTP/1.1" 500 8176 "-" "Mozilla/5.0 (X11; Ubuntu; Linux x86_64; rv:62.0) Gecko/20100101 Firefox/62.0"
195.113.194.207 - - [08/Jul/2021:03:51:16 -0400] "POST /wp-login.php HTTP/1.1" 500 8176 "-" "Mozilla/5.0 (X11; Ubuntu; Linux x86_64; rv:62.0) Gecko/20100101 Firefox/62.0"
195.113.194.207 - - [08/Jul/2021:03:51:17 -0400] "GET /wp-login.php HTTP/1.1" 500 8176 "-" "Mozilla/5.0 (X11; Ubuntu; Linux x86_64; rv:62.0) Gecko/20100101 Firefox/62.0"
195.113.194.207 - - [08/Jul/2021:03:51:17 -0400] "POST /wp-login.php HTTP/1.1" 500 8176 "-" "Mozilla/5.0 (X11; Ubuntu; Linux x86_64; rv:62.0) Gecko/20100101 Firefox/62.0"
195.113.194.207 - - [08/Jul/2021:03:51:18 -0400] "POST /xmlrpc.php HTTP/1.1" 200 5606 "-" "Mozilla/5.0 (X11; Ubuntu; Linux x86_64; rv:62.0) Gecko/20100101 Firefox/62.0"
64.20.61.52 - - [08/Jul/2021:03:53:46 -0400] "POST /wp-cron.php?doing_wp_cron=1625730826.5684349536895751953125 HTTP/1.1" 301 673 "-" "WordPress/5.7.2; http://daniewatsonwriter.com"
54.36.149.68 - - [08/Jul/2021:03:59:48 -0400] "GET /robots.txt HTTP/1.1" 404 6540 "-" "Mozilla/5.0 (compatible; AhrefsBot/7.0; +http://ahrefs.com/robot/)"
54.36.148.47 - - [08/Jul/2021:03:59:49 -0400] "GET /index.php/lets-write-together/ HTTP/1.1" 500 8925 "-" "Mozilla/5.0 (compatible; AhrefsBot/7.0; +http://ahrefs.com/robot/)"
207.46.13.118 - - [08/Jul/2021:04:05:14 -0400] "GET / HTTP/1.1" 301 592 "-" "Mozilla/5.0 (compatible; bingbot/2.0; +http://www.bing.com/bingbot.htm)"
64.20.61.52 - - [08/Jul/2021:04:06:20 -0400] "POST /wp-cron.php?doing_wp_cron=1625731580.9323489665985107421875 HTTP/1.1" 500 8408 "-" "WordPress/5.7.2; https://daniewatsonwriter.com"
139.59.236.46 - - [08/Jul/2021:04:18:26 -0400] "GET /wp-login.php HTTP/1.1" 500 8176 "-" "Mozilla/5.0 (X11; Ubuntu; Linux x86_64; rv:62.0) Gecko/20100101 Firefox/62.0"
139.59.236.46 - - [08/Jul/2021:04:18:28 -0400] "POST /wp-login.php HTTP/1.1" 500 8176 "-" "Mozilla/5.0 (X11; Ubuntu; Linux x86_64; rv:62.0) Gecko/20100101 Firefox/62.0"
139.59.236.46 - - [08/Jul/2021:04:18:31 -0400] "GET /wp-login.php HTTP/1.1" 500 8176 "-" "Mozilla/5.0 (X11; Ubuntu; Linux x86_64; rv:62.0) Gecko/20100101 Firefox/62.0"
139.59.236.46 - - [08/Jul/2021:04:18:35 -0400] "POST /wp-login.php HTTP/1.1" 500 8176 "-" "Mozilla/5.0 (X11; Ubuntu; Linux x86_64; rv:62.0) Gecko/20100101 Firefox/62.0"
139.59.236.46 - - [08/Jul/2021:04:18:37 -0400] "POST /xmlrpc.php HTTP/1.1" 200 5606 "-" "Mozilla/5.0 (X11; Ubuntu; Linux x86_64; rv:62.0) Gecko/20100101 Firefox/62.0"
64.20.61.52 - - [08/Jul/2021:04:19:31 -0400] "POST /wp-cron.php?doing_wp_cron=1625732371.3164539337158203125000 HTTP/1.1" 301 673 "-" "WordPress/5.7.2; http://daniewatsonwriter.com"
185.191.34.215 - - [08/Jul/2021:04:39:00 -0400] "POST /trackback.php HTTP/1.1" 404 6596 "-" "Mozilla/5.0 (Macintosh; Intel Mac OS X 10.14; rv:68.0) Gecko/20100101 Firefox/68.0"
134.209.127.203 - - [08/Jul/2021:04:45:27 -0400] "GET /wp-login.php HTTP/1.1" 500 8176 "-" "Mozilla/5.0 (X11; Ubuntu; Linux x86_64; rv:62.0) Gecko/20100101 Firefox/62.0"
134.209.127.203 - - [08/Jul/2021:04:45:37 -0400] "GET /wp-login.php HTTP/1.1" 500 8176 "-" "Mozilla/5.0 (X11; Ubuntu; Linux x86_64; rv:62.0) Gecko/20100101 Firefox/62.0"
134.209.127.203 - - [08/Jul/2021:04:45:37 -0400] "POST /wp-login.php HTTP/1.1" 500 8176 "-" "Mozilla/5.0 (X11; Ubuntu; Linux x86_64; rv:62.0) Gecko/20100101 Firefox/62.0"
134.209.127.203 - - [08/Jul/2021:04:45:37 -0400] "POST /xmlrpc.php HTTP/1.1" 200 5606 "-" "Mozilla/5.0 (X11; Ubuntu; Linux x86_64; rv:62.0) Gecko/20100101 Firefox/62.0"
165.231.178.22 - - [08/Jul/2021:04:56:24 -0400] "GET /wp-login.php HTTP/1.1" 301 560 "-" "Mozilla/5.0 (Windows NT 6.1) AppleWebKit/537.36 (KHTML, like Gecko) Chrome/45.0.2454.85 Safari/537.36 OPR/32.0.1948.45"
165.231.178.22 - - [08/Jul/2021:04:56:24 -0400] "GET /wp-login.php HTTP/1.1" 500 8428 "-" "Mozilla/5.0 (Windows NT 6.1) AppleWebKit/537.36 (KHTML, like Gecko) Chrome/45.0.2454.85 Safari/537.36 OPR/32.0.1948.45"
165.231.178.22 - - [08/Jul/2021:04:56:25 -0400] "GET /wp-login.php HTTP/1.1" 301 560 "-" "Mozilla/5.0 (Windows NT 6.1) AppleWebKit/537.36 (KHTML, like Gecko) Chrome/45.0.2454.85 Safari/537.36 OPR/32.0.1948.45"
165.231.178.22 - - [08/Jul/2021:04:56:25 -0400] "GET /wp-login.php HTTP/1.1" 500 8428 "-" "Mozilla/5.0 (Windows NT 6.1) AppleWebKit/537.36 (KHTML, like Gecko) Chrome/45.0.2454.85 Safari/537.36 OPR/32.0.1948.45"
165.231.178.22 - - [08/Jul/2021:04:56:26 -0400] "GET /wp-login.php HTTP/1.1" 301 560 "-" "Mozilla/5.0 (Windows NT 6.1) AppleWebKit/537.36 (KHTML, like Gecko) Chrome/45.0.2454.85 Safari/537.36 OPR/32.0.1948.45"
165.231.178.22 - - [08/Jul/2021:04:56:26 -0400] "GET /wp-login.php HTTP/1.1" 500 8428 "-" "Mozilla/5.0 (Windows NT 6.1) AppleWebKit/537.36 (KHTML, like Gecko) Chrome/45.0.2454.85 Safari/537.36 OPR/32.0.1948.45"
54.36.149.94 - - [08/Jul/2021:04:57:17 -0400] "GET / HTTP/1.1" 500 8925 "-" "Mozilla/5.0 (compatible; AhrefsBot/7.0; +http://ahrefs.com/robot/)"
185.191.34.215 - - [08/Jul/2021:05:09:49 -0400] "POST /cache/seo_script.php HTTP/1.1" 404 6596 "-" "Mozilla/5.0 (Windows NT 10.0; Win64; x64) AppleWebKit/537.36 (KHTML, like Gecko) Chrome/74.0.3729.169 Safari/537.36"
52.152.170.230 - - [08/Jul/2021:05:12:32 -0400] "GET /wp-login.php HTTP/1.1" 500 8176 "-" "Mozilla/5.0 (X11; Ubuntu; Linux x86_64; rv:62.0) Gecko/20100101 Firefox/62.0"
52.152.170.230 - - [08/Jul/2021:05:12:32 -0400] "POST /wp-login.php HTTP/1.1" 500 8176 "-" "Mozilla/5.0 (X11; Ubuntu; Linux x86_64; rv:62.0) Gecko/20100101 Firefox/62.0"
52.152.170.230 - - [08/Jul/2021:05:12:33 -0400] "GET /wp-login.php HTTP/1.1" 500 8176 "-" "Mozilla/5.0 (X11; Ubuntu; Linux x86_64; rv:62.0) Gecko/20100101 Firefox/62.0"
52.152.170.230 - - [08/Jul/2021:05:12:33 -0400] "POST /wp-login.php HTTP/1.1" 500 8176 "-" "Mozilla/5.0 (X11; Ubuntu; Linux x86_64; rv:62.0) Gecko/20100101 Firefox/62.0"
52.152.170.230 - - [08/Jul/2021:05:12:33 -0400] "POST /xmlrpc.php HTTP/1.1" 200 5606 "-" "Mozilla/5.0 (X11; Ubuntu; Linux x86_64; rv:62.0) Gecko/20100101 Firefox/62.0"
185.191.34.215 - - [08/Jul/2021:05:22:46 -0400] "POST /connectors/resource/s_eval.php HTTP/1.1" 404 6596 "-" "Mozilla/5.0 (Windows NT 10.0; Win64; x64; rv:67.0) Gecko/20100101 Firefox/67.0"
185.191.34.215 - - [08/Jul/2021:05:34:31 -0400] "POST /wp-includes/ms-load.php HTTP/1.1" 200 6298 "-" "Mozilla/5.0 (Windows NT 10.0; Win64; x64; rv:67.0) Gecko/20100101 Firefox/67.0"
185.191.34.215 - - [08/Jul/2021:05:38:15 -0400] "POST /cachee.php HTTP/1.1" 404 6596 "-" "Mozilla/5.0 (Windows NT 10.0; Win64; x64; rv:67.0) Gecko/20100101 Firefox/67.0"
92.204.134.226 - - [08/Jul/2021:05:40:52 -0400] "GET /wp-login.php HTTP/1.1" 500 8176 "-" "Mozilla/5.0 (X11; Ubuntu; Linux x86_64; rv:62.0) Gecko/20100101 Firefox/62.0"
92.204.134.226 - - [08/Jul/2021:05:40:52 -0400] "POST /wp-login.php HTTP/1.1" 500 8176 "-" "Mozilla/5.0 (X11; Ubuntu; Linux x86_64; rv:62.0) Gecko/20100101 Firefox/62.0"
92.204.134.226 - - [08/Jul/2021:05:40:52 -0400] "GET /wp-login.php HTTP/1.1" 500 8176 "-" "Mozilla/5.0 (X11; Ubuntu; Linux x86_64; rv:62.0) Gecko/20100101 Firefox/62.0"
92.204.134.226 - - [08/Jul/2021:05:40:52 -0400] "POST /wp-login.php HTTP/1.1" 500 8176 "-" "Mozilla/5.0 (X11; Ubuntu; Linux x86_64; rv:62.0) Gecko/20100101 Firefox/62.0"
92.204.134.226 - - [08/Jul/2021:05:40:52 -0400] "POST /xmlrpc.php HTTP/1.1" 200 5606 "-" "Mozilla/5.0 (X11; Ubuntu; Linux x86_64; rv:62.0) Gecko/20100101 Firefox/62.0"
64.20.61.52 - - [08/Jul/2021:05:43:28 -0400] "POST /wp-cron.php?doing_wp_cron=1625737408.9475638866424560546875 HTTP/1.1" 301 673 "-" "WordPress/5.7.2; http://daniewatsonwriter.com"
193.118.53.202 - - [08/Jul/2021:05:43:29 -0400] "GET / HTTP/1.1" 301 536 "http://64.20.61.52/" "Mozilla/5.0 (Windows NT 10.0; Win64; x64) AppleWebKit/537.36 (KHTML, like Gecko) Chrome/60.0.3112.113 Safari/537.36"
193.118.53.202 - - [08/Jul/2021:05:43:29 -0400] "GET / HTTP/1.1" 500 8233 "http://daniewatsonwriter.com/" "Mozilla/5.0 (Windows NT 10.0; Win64; x64) AppleWebKit/537.36 (KHTML, like Gecko) Chrome/60.0.3112.113 Safari/537.36"
185.191.34.215 - - [08/Jul/2021:06:09:14 -0400] "POST /asfewfefs.php HTTP/1.1" 404 6596 "-" "Mozilla/5.0 (Windows NT 10.0; Win64; x64; rv:67.0) Gecko/20100101 Firefox/67.0"
3.128.120.239 - - [08/Jul/2021:06:09:39 -0400] "GET /wp-login.php HTTP/1.1" 500 8176 "-" "Mozilla/5.0 (X11; Ubuntu; Linux x86_64; rv:62.0) Gecko/20100101 Firefox/62.0"
3.128.120.239 - - [08/Jul/2021:06:09:39 -0400] "POST /wp-login.php HTTP/1.1" 500 8176 "-" "Mozilla/5.0 (X11; Ubuntu; Linux x86_64; rv:62.0) Gecko/20100101 Firefox/62.0"
3.128.120.239 - - [08/Jul/2021:06:09:39 -0400] "GET /wp-login.php HTTP/1.1" 500 8176 "-" "Mozilla/5.0 (X11; Ubuntu; Linux x86_64; rv:62.0) Gecko/20100101 Firefox/62.0"
3.128.120.239 - - [08/Jul/2021:06:09:39 -0400] "POST /wp-login.php HTTP/1.1" 500 8176 "-" "Mozilla/5.0 (X11; Ubuntu; Linux x86_64; rv:62.0) Gecko/20100101 Firefox/62.0"
3.128.120.239 - - [08/Jul/2021:06:09:40 -0400] "POST /xmlrpc.php HTTP/1.1" 200 5606 "-" "Mozilla/5.0 (X11; Ubuntu; Linux x86_64; rv:62.0) Gecko/20100101 Firefox/62.0"
185.191.34.215 - - [08/Jul/2021:06:18:36 -0400] "POST /wp-includes/class.wp-tmps.php HTTP/1.1" 404 6596 "-" "Mozilla/5.0 (Windows NT 10.0; Win64; x64) AppleWebKit/537.36 (KHTML, like Gecko) Chrome/74.0.3729.169 Safari/537.36"
185.191.34.215 - - [08/Jul/2021:06:23:18 -0400] "POST /wp-includes/css/goh.php HTTP/1.1" 404 6596 "-" "Mozilla/5.0 (Windows NT 10.0; Win64; x64) AppleWebKit/537.36 (KHTML, like Gecko) Chrome/74.0.3729.157 Safari/537.36"
207.46.13.118 - - [08/Jul/2021:06:26:47 -0400] "GET / HTTP/1.1" 500 8430 "-" "Mozilla/5.0 (compatible; bingbot/2.0; +http://www.bing.com/bingbot.htm)"
212.8.246.4 - - [08/Jul/2021:06:30:54 -0400] "GET / HTTP/1.0" 301 555 "-" "Mozilla/5.0 (Windows NT 6.3; Win64; x64) AppleWebKit/537.36 (KHTML, like Gecko) Chrome/75.0.3770.100 Safari/537.36"
212.8.246.4 - - [08/Jul/2021:06:30:55 -0400] "GET / HTTP/1.0" 500 8428 "-" "Mozilla/5.0 (Windows NT 6.3; Win64; x64) AppleWebKit/537.36 (KHTML, like Gecko) Chrome/75.0.3770.100 Safari/537.36"
64.20.61.52 - - [08/Jul/2021:06:31:57 -0400] "POST /wp-cron.php?doing_wp_cron=1625740316.9579861164093017578125 HTTP/1.1" 500 8408 "-" "WordPress/5.7.2; https://daniewatsonwriter.com"
128.14.141.34 - - [08/Jul/2021:06:31:57 -0400] "GET / HTTP/1.1" 500 8233 "https://64.20.61.52/" "Mozilla/5.0 (Windows NT 10.0; Win64; x64) AppleWebKit/537.36 (KHTML, like Gecko) Chrome/60.0.3112.113 Safari/537.36"
185.191.34.215 - - [08/Jul/2021:06:32:50 -0400] "POST /wp-content/plugins/cherry-plugin/admin/import-export/xo.php HTTP/1.1" 404 6596 "-" "Mozilla/5.0 (Windows NT 10.0; Win64; x64) AppleWebKit/537.36 (KHTML, like Gecko) Chrome/74.0.3729.157 Safari/537.36"
187.44.188.18 - - [08/Jul/2021:06:41:27 -0400] "GET /wp-login.php HTTP/1.1" 500 8176 "-" "Mozilla/5.0 (X11; Ubuntu; Linux x86_64; rv:62.0) Gecko/20100101 Firefox/62.0"
187.44.188.18 - - [08/Jul/2021:06:41:27 -0400] "POST /wp-login.php HTTP/1.1" 500 8176 "-" "Mozilla/5.0 (X11; Ubuntu; Linux x86_64; rv:62.0) Gecko/20100101 Firefox/62.0"
187.44.188.18 - - [08/Jul/2021:06:41:28 -0400] "GET /wp-login.php HTTP/1.1" 500 8176 "-" "Mozilla/5.0 (X11; Ubuntu; Linux x86_64; rv:62.0) Gecko/20100101 Firefox/62.0"
187.44.188.18 - - [08/Jul/2021:06:41:28 -0400] "POST /wp-login.php HTTP/1.1" 500 8176 "-" "Mozilla/5.0 (X11; Ubuntu; Linux x86_64; rv:62.0) Gecko/20100101 Firefox/62.0"
187.44.188.18 - - [08/Jul/2021:06:41:29 -0400] "POST /xmlrpc.php HTTP/1.1" 200 5606 "-" "Mozilla/5.0 (X11; Ubuntu; Linux x86_64; rv:62.0) Gecko/20100101 Firefox/62.0"
185.191.34.215 - - [08/Jul/2021:06:48:27 -0400] "POST /wp-content/plugins/SocketIasrgasfontrol.php HTTP/1.1" 404 6596 "-" "Mozilla/5.0 (Windows NT 10.0; Win64; x64) AppleWebKit/537.36 (KHTML, like Gecko) Chrome/74.0.3729.169 Safari/537.36"
124.150.129.87 - - [08/Jul/2021:07:09:27 -0400] "GET /wp-login.php HTTP/1.1" 500 8176 "-" "Mozilla/5.0 (X11; Ubuntu; Linux x86_64; rv:62.0) Gecko/20100101 Firefox/62.0"
124.150.129.87 - - [08/Jul/2021:07:09:28 -0400] "POST /wp-login.php HTTP/1.1" 500 8176 "-" "Mozilla/5.0 (X11; Ubuntu; Linux x86_64; rv:62.0) Gecko/20100101 Firefox/62.0"
124.150.129.87 - - [08/Jul/2021:07:09:29 -0400] "GET /wp-login.php HTTP/1.1" 500 8176 "-" "Mozilla/5.0 (X11; Ubuntu; Linux x86_64; rv:62.0) Gecko/20100101 Firefox/62.0"
124.150.129.87 - - [08/Jul/2021:07:09:30 -0400] "POST /wp-login.php HTTP/1.1" 500 8176 "-" "Mozilla/5.0 (X11; Ubuntu; Linux x86_64; rv:62.0) Gecko/20100101 Firefox/62.0"
124.150.129.87 - - [08/Jul/2021:07:09:31 -0400] "POST /xmlrpc.php HTTP/1.1" 200 5606 "-" "Mozilla/5.0 (X11; Ubuntu; Linux x86_64; rv:62.0) Gecko/20100101 Firefox/62.0"
185.191.34.215 - - [08/Jul/2021:07:13:33 -0400] "POST /yjh.php HTTP/1.1" 404 6596 "-" "Mozilla/5.0 (Macintosh; Intel Mac OS X 10.14; rv:68.0) Gecko/20100101 Firefox/68.0"
185.191.34.215 - - [08/Jul/2021:07:21:42 -0400] "POST /wp-content/plugins/sfn.php HTTP/1.1" 404 6596 "-" "Mozilla/5.0 (Macintosh; Intel Mac OS X 10.14; rv:68.0) Gecko/20100101 Firefox/68.0"
93.113.111.193 - - [08/Jul/2021:07:40:46 -0400] "GET /wp-login.php HTTP/1.1" 500 8176 "-" "Mozilla/5.0 (X11; Ubuntu; Linux x86_64; rv:62.0) Gecko/20100101 Firefox/62.0"
93.113.111.193 - - [08/Jul/2021:07:40:46 -0400] "POST /wp-login.php HTTP/1.1" 500 8176 "-" "Mozilla/5.0 (X11; Ubuntu; Linux x86_64; rv:62.0) Gecko/20100101 Firefox/62.0"
93.113.111.193 - - [08/Jul/2021:07:40:46 -0400] "GET /wp-login.php HTTP/1.1" 500 8176 "-" "Mozilla/5.0 (X11; Ubuntu; Linux x86_64; rv:62.0) Gecko/20100101 Firefox/62.0"
93.113.111.193 - - [08/Jul/2021:07:40:47 -0400] "POST /wp-login.php HTTP/1.1" 500 8176 "-" "Mozilla/5.0 (X11; Ubuntu; Linux x86_64; rv:62.0) Gecko/20100101 Firefox/62.0"
93.113.111.193 - - [08/Jul/2021:07:40:47 -0400] "POST /xmlrpc.php HTTP/1.1" 200 5606 "-" "Mozilla/5.0 (X11; Ubuntu; Linux x86_64; rv:62.0) Gecko/20100101 Firefox/62.0"
64.20.61.52 - - [08/Jul/2021:07:45:17 -0400] "POST /wp-cron.php?doing_wp_cron=1625744717.1591289043426513671875 HTTP/1.1" 500 8408 "-" "WordPress/5.7.2; https://daniewatsonwriter.com"
54.36.148.107 - - [08/Jul/2021:07:54:04 -0400] "GET / HTTP/1.1" 500 8925 "-" "Mozilla/5.0 (compatible; AhrefsBot/7.0; +http://ahrefs.com/robot/)"
64.20.61.52 - - [08/Jul/2021:07:56:16 -0400] "POST /wp-cron.php?doing_wp_cron=1625745376.1308588981628417968750 HTTP/1.1" 301 673 "-" "WordPress/5.7.2; http://daniewatsonwriter.com"
185.191.34.215 - - [08/Jul/2021:07:56:52 -0400] "POST /upgrade.php HTTP/1.1" 404 6596 "-" "Mozilla/5.0 (Macintosh; Intel Mac OS X 10.14; rv:68.0) Gecko/20100101 Firefox/68.0"
185.191.34.215 - - [08/Jul/2021:07:56:52 -0400] "POST /news.php HTTP/1.1" 404 6596 "-" "Mozilla/5.0 (Macintosh; Intel Mac OS X 10.14; rv:68.0) Gecko/20100101 Firefox/68.0"
185.191.34.215 - - [08/Jul/2021:08:06:17 -0400] "POST /wp-includes/images/media/rss.php HTTP/1.1" 404 6596 "-" "Mozilla/5.0 (Macintosh; Intel Mac OS X 10.14; rv:68.0) Gecko/20100101 Firefox/68.0"
185.191.34.215 - - [08/Jul/2021:08:06:20 -0400] "POST /wp-content/plugins/500.php HTTP/1.1" 404 6596 "-" "Mozilla/5.0 (Windows NT 10.0; Win64; x64; rv:67.0) Gecko/20100101 Firefox/67.0"
185.191.34.215 - - [08/Jul/2021:08:06:21 -0400] "POST /wp-content/plugins/way2register.php HTTP/1.1" 404 6596 "-" "Mozilla/5.0 (Windows NT 10.0; Win64; x64; rv:66.0) Gecko/20100101 Firefox/66.0"
64.20.61.52 - - [08/Jul/2021:08:07:02 -0400] "POST /wp-cron.php?doing_wp_cron=1625746022.2779550552368164062500 HTTP/1.1" 500 8408 "-" "WordPress/5.7.2; https://daniewatsonwriter.com"
23.90.160.130 - - [08/Jul/2021:08:07:02 -0400] "GET / HTTP/1.1" 500 8233 "https://64.20.61.52/" "Mozilla/5.0 (Windows NT 10.0; Win64; x64) AppleWebKit/537.36 (KHTML, like Gecko) Chrome/60.0.3112.113 Safari/537.36"
178.124.160.57 - - [08/Jul/2021:08:12:05 -0400] "GET /wp-login.php HTTP/1.1" 500 8176 "-" "Mozilla/5.0 (X11; Ubuntu; Linux x86_64; rv:62.0) Gecko/20100101 Firefox/62.0"
178.124.160.57 - - [08/Jul/2021:08:12:06 -0400] "POST /wp-login.php HTTP/1.1" 500 8176 "-" "Mozilla/5.0 (X11; Ubuntu; Linux x86_64; rv:62.0) Gecko/20100101 Firefox/62.0"
178.124.160.57 - - [08/Jul/2021:08:12:06 -0400] "GET /wp-login.php HTTP/1.1" 500 8176 "-" "Mozilla/5.0 (X11; Ubuntu; Linux x86_64; rv:62.0) Gecko/20100101 Firefox/62.0"
178.124.160.57 - - [08/Jul/2021:08:12:07 -0400] "POST /wp-login.php HTTP/1.1" 500 8176 "-" "Mozilla/5.0 (X11; Ubuntu; Linux x86_64; rv:62.0) Gecko/20100101 Firefox/62.0"
178.124.160.57 - - [08/Jul/2021:08:12:07 -0400] "POST /xmlrpc.php HTTP/1.1" 200 5606 "-" "Mozilla/5.0 (X11; Ubuntu; Linux x86_64; rv:62.0) Gecko/20100101 Firefox/62.0"
31.7.42.235 - - [08/Jul/2021:08:14:36 -0400] "GET / HTTP/1.1" 301 536 "http://daniewatsonwriter.com" "Mozilla/5.0 (Windows; U; Windows NT 5.1; en-US) AppleWebKit/533.4 (KHTML, like Gecko) Chrome/5.0.375.99 Safari/533.4"
31.7.42.235 - - [08/Jul/2021:08:14:38 -0400] "GET / HTTP/1.1" 301 536 "http://daniewatsonwriter.com" "Mozilla/5.0 (Windows; U; Windows NT 5.1; en-US) AppleWebKit/533.4 (KHTML, like Gecko) Chrome/5.0.375.99 Safari/533.4"
31.7.42.235 - - [08/Jul/2021:08:14:49 -0400] "GET / HTTP/1.1" 301 536 "http://daniewatsonwriter.com" "Mozilla/5.0 (Windows; U; Windows NT 5.1; en-US) AppleWebKit/533.4 (KHTML, like Gecko) Chrome/5.0.375.99 Safari/533.4"
31.207.39.12 - - [08/Jul/2021:08:20:29 -0400] "GET /wp-login.php HTTP/1.1" 301 579 "-" "Mozilla/5.0 (X11; Ubuntu; Linux x86_64; rv:62.0) Gecko/20100101 Firefox/62.0"
31.207.39.12 - - [08/Jul/2021:08:20:29 -0400] "GET /wp-login.php HTTP/1.1" 500 8176 "http://daniewatsonwriter.com/wp-login.php" "Mozilla/5.0 (X11; Ubuntu; Linux x86_64; rv:62.0) Gecko/20100101 Firefox/62.0"
46.229.173.66 - - [08/Jul/2021:08:21:21 -0400] "GET /robots.txt HTTP/1.1" 404 6598 "-" "Mozilla/5.0 (iPhone; CPU iPhone OS 6_0 like Mac OS X) AppleWebKit/536.26 (KHTML, like Gecko) Version/6.0 Mobile/10A5376e Safari/8536.25 (compatible; SemrushBot-SA/0.97; +http://www.semrush.com/bot.html)"
46.229.173.67 - - [08/Jul/2021:08:21:21 -0400] "GET / HTTP/1.1" 500 8927 "-" "Mozilla/5.0 (iPhone; CPU iPhone OS 6_0 like Mac OS X) AppleWebKit/536.26 (KHTML, like Gecko) Version/6.0 Mobile/10A5376e Safari/8536.25 (compatible; SemrushBot-SA/0.97; +http://www.semrush.com/bot.html)"
222.230.27.23 - - [08/Jul/2021:08:21:26 -0400] "GET / HTTP/1.1" 301 592 "-" "Mozilla/5.0 (Windows NT 10.0; Win64; x64) AppleWebKit/537.36 (KHTML, like Gecko) Chrome/91.0.4472.114 Safari/535765"
222.230.27.23 - - [08/Jul/2021:08:21:29 -0400] "GET / HTTP/1.1" 500 8890 "-" "Mozilla/5.0 (Windows NT 10.0; Win64; x64) AppleWebKit/537.36 (KHTML, like Gecko) Chrome/91.0.4472.114 Safari/537.36"
222.230.27.23 - - [08/Jul/2021:08:21:31 -0400] "GET /robots.txt HTTP/1.1" 404 639 "-" "Mozilla/5.0 (Windows NT 10.0; Win64; x64) AppleWebKit/537.36 (KHTML, like Gecko) Chrome/91.0.4472.114 Safari/537.36"
222.230.27.23 - - [08/Jul/2021:08:21:32 -0400] "GET /administrator/ HTTP/1.1" 404 529 "-" "Mozilla/5.0 (Windows NT 10.0; Win64; x64) AppleWebKit/537.36 (KHTML, like Gecko) Chrome/91.0.4472.114 Safari/537.36"
222.230.27.23 - - [08/Jul/2021:08:21:33 -0400] "GET /wp-login.php HTTP/1.1" 500 2866 "-" "Mozilla/5.0 (Windows NT 10.0; Win64; x64) AppleWebKit/537.36 (KHTML, like Gecko) Chrome/91.0.4472.114 Safari/537.36"
222.230.27.23 - - [08/Jul/2021:08:21:35 -0400] "GET /?tp=1 HTTP/1.1" 500 2975 "-" "Mozilla/5.0 (Windows NT 10.0; Win64; x64) AppleWebKit/537.36 (KHTML, like Gecko) Chrome/91.0.4472.114 Safari/537.36"
222.230.27.23 - - [08/Jul/2021:08:21:37 -0400] "POST /xmlrpc.php HTTP/1.1" 200 434 "-" "Mozilla/5.0 (Windows NT 10.0; Win64; x64) AppleWebKit/537.36 (KHTML, like Gecko) Chrome/91.0.4472.114 Safari/537.36"
64.20.61.52 - - [08/Jul/2021:08:30:56 -0400] "POST /wp-cron.php?doing_wp_cron=1625747456.5323569774627685546875 HTTP/1.1" 301 673 "-" "WordPress/5.7.2; http://daniewatsonwriter.com"
62.210.185.4 - - [08/Jul/2021:08:44:12 -0400] "GET /wp-login.php HTTP/1.1" 500 8176 "-" "Mozilla/5.0 (X11; Ubuntu; Linux x86_64; rv:62.0) Gecko/20100101 Firefox/62.0"
62.210.185.4 - - [08/Jul/2021:08:44:13 -0400] "POST /wp-login.php HTTP/1.1" 500 8176 "-" "Mozilla/5.0 (X11; Ubuntu; Linux x86_64; rv:62.0) Gecko/20100101 Firefox/62.0"
62.210.185.4 - - [08/Jul/2021:08:44:13 -0400] "GET /wp-login.php HTTP/1.1" 500 8176 "-" "Mozilla/5.0 (X11; Ubuntu; Linux x86_64; rv:62.0) Gecko/20100101 Firefox/62.0"
62.210.185.4 - - [08/Jul/2021:08:44:13 -0400] "POST /wp-login.php HTTP/1.1" 500 8176 "-" "Mozilla/5.0 (X11; Ubuntu; Linux x86_64; rv:62.0) Gecko/20100101 Firefox/62.0"
62.210.185.4 - - [08/Jul/2021:08:44:14 -0400] "POST /xmlrpc.php HTTP/1.1" 200 5606 "-" "Mozilla/5.0 (X11; Ubuntu; Linux x86_64; rv:62.0) Gecko/20100101 Firefox/62.0"
64.20.61.52 - - [08/Jul/2021:08:58:06 -0400] "POST /wp-cron.php?doing_wp_cron=1625749086.0364611148834228515625 HTTP/1.1" 301 673 "-" "WordPress/5.7.2; http://daniewatsonwriter.com"
185.191.34.215 - - [08/Jul/2021:09:06:20 -0400] "POST /wp-content/plugins/wpfoot.php HTTP/1.1" 404 6596 "-" "Mozilla/5.0 (Windows NT 10.0; Win64; x64) AppleWebKit/537.36 (KHTML, like Gecko) Chrome/74.0.3729.169 Safari/537.36"
64.20.61.52 - - [08/Jul/2021:09:08:47 -0400] "POST /wp-cron.php?doing_wp_cron=1625749727.2469749450683593750000 HTTP/1.1" 301 673 "-" "WordPress/5.7.2; http://daniewatsonwriter.com"
64.20.61.52 - - [08/Jul/2021:09:10:29 -0400] "POST /wp-cron.php?doing_wp_cron=1625749828.9338428974151611328125 HTTP/1.1" 301 673 "-" "WordPress/5.7.2; http://daniewatsonwriter.com"
51.83.42.161 - - [08/Jul/2021:09:17:48 -0400] "GET /wp-login.php HTTP/1.1" 500 8176 "-" "Mozilla/5.0 (X11; Ubuntu; Linux x86_64; rv:62.0) Gecko/20100101 Firefox/62.0"
51.83.42.161 - - [08/Jul/2021:09:17:49 -0400] "POST /wp-login.php HTTP/1.1" 500 8176 "-" "Mozilla/5.0 (X11; Ubuntu; Linux x86_64; rv:62.0) Gecko/20100101 Firefox/62.0"
51.83.42.161 - - [08/Jul/2021:09:17:49 -0400] "GET /wp-login.php HTTP/1.1" 500 8176 "-" "Mozilla/5.0 (X11; Ubuntu; Linux x86_64; rv:62.0) Gecko/20100101 Firefox/62.0"
51.83.42.161 - - [08/Jul/2021:09:17:50 -0400] "POST /wp-login.php HTTP/1.1" 500 8176 "-" "Mozilla/5.0 (X11; Ubuntu; Linux x86_64; rv:62.0) Gecko/20100101 Firefox/62.0"
51.83.42.161 - - [08/Jul/2021:09:17:50 -0400] "POST /xmlrpc.php HTTP/1.1" 200 5606 "-" "Mozilla/5.0 (X11; Ubuntu; Linux x86_64; rv:62.0) Gecko/20100101 Firefox/62.0"
64.20.61.52 - - [08/Jul/2021:09:27:05 -0400] "POST /wp-cron.php?doing_wp_cron=1625750825.7786009311676025390625 HTTP/1.1" 301 673 "-" "WordPress/5.7.2; http://daniewatsonwriter.com"
64.20.61.52 - - [08/Jul/2021:09:32:12 -0400] "POST /wp-cron.php?doing_wp_cron=1625751132.6402471065521240234375 HTTP/1.1" 301 673 "-" "WordPress/5.7.2; http://daniewatsonwriter.com"
66.246.224.12 - - [08/Jul/2021:09:35:39 -0400] "GET / HTTP/1.1" 500 8890 "-" "Mozilla/5.0 (compatible; Googlebot/2.1; +http://www.google.com/bot.html)"
64.20.61.52 - - [08/Jul/2021:09:35:54 -0400] "POST /wp-cron.php?doing_wp_cron=1625751354.0059409141540527343750 HTTP/1.1" 301 673 "-" "WordPress/5.7.2; http://daniewatsonwriter.com"
64.20.61.52 - - [08/Jul/2021:09:43:49 -0400] "POST /wp-cron.php?doing_wp_cron=1625751829.1289250850677490234375 HTTP/1.1" 500 8408 "-" "WordPress/5.7.2; https://daniewatsonwriter.com"
64.20.61.52 - - [08/Jul/2021:09:51:51 -0400] "POST /wp-cron.php?doing_wp_cron=1625752311.7641079425811767578125 HTTP/1.1" 500 8408 "-" "WordPress/5.7.2; https://daniewatsonwriter.com"
128.14.134.170 - - [08/Jul/2021:09:51:53 -0400] "GET / HTTP/1.1" 500 8233 "https://64.20.61.52/" "Mozilla/5.0 (Windows NT 10.0; Win64; x64) AppleWebKit/537.36 (KHTML, like Gecko) Chrome/60.0.3112.113 Safari/537.36"
143.110.254.148 - - [08/Jul/2021:09:52:13 -0400] "GET /wp-login.php HTTP/1.1" 500 8176 "-" "Mozilla/5.0 (X11; Ubuntu; Linux x86_64; rv:62.0) Gecko/20100101 Firefox/62.0"
143.110.254.148 - - [08/Jul/2021:09:52:14 -0400] "POST /wp-login.php HTTP/1.1" 500 8176 "-" "Mozilla/5.0 (X11; Ubuntu; Linux x86_64; rv:62.0) Gecko/20100101 Firefox/62.0"
143.110.254.148 - - [08/Jul/2021:09:52:15 -0400] "GET /wp-login.php HTTP/1.1" 500 8176 "-" "Mozilla/5.0 (X11; Ubuntu; Linux x86_64; rv:62.0) Gecko/20100101 Firefox/62.0"
143.110.254.148 - - [08/Jul/2021:09:52:16 -0400] "POST /wp-login.php HTTP/1.1" 500 8176 "-" "Mozilla/5.0 (X11; Ubuntu; Linux x86_64; rv:62.0) Gecko/20100101 Firefox/62.0"
143.110.254.148 - - [08/Jul/2021:09:52:22 -0400] "POST /xmlrpc.php HTTP/1.1" 200 5606 "-" "Mozilla/5.0 (X11; Ubuntu; Linux x86_64; rv:62.0) Gecko/20100101 Firefox/62.0"
185.191.34.215 - - [08/Jul/2021:09:57:30 -0400] "POST /wp-load-5b7a23c0744615b7a23c0744af.php HTTP/1.1" 404 6596 "-" "Mozilla/5.0 (Macintosh; Intel Mac OS X 10.14; rv:68.0) Gecko/20100101 Firefox/68.0"
64.20.61.52 - - [08/Jul/2021:09:59:28 -0400] "POST /wp-cron.php?doing_wp_cron=1625752768.4420459270477294921875 HTTP/1.1" 301 673 "-" "WordPress/5.7.2; http://daniewatsonwriter.com"
185.191.34.215 - - [08/Jul/2021:10:05:03 -0400] "POST /phpinfoer.php HTTP/1.1" 404 6596 "-" "Mozilla/5.0 (Windows NT 10.0; Win64; x64) AppleWebKit/537.36 (KHTML, like Gecko) Chrome/74.0.3729.157 Safari/537.36"
185.191.34.215 - - [08/Jul/2021:10:18:18 -0400] "GET /wp-content/plugins/wp-uninstall.php HTTP/1.1" 404 6596 "-" "Mozilla/5.0 (Macintosh; Intel Mac OS X 10.14; rv:68.0) Gecko/20100101 Firefox/68.0"
185.191.34.215 - - [08/Jul/2021:10:18:18 -0400] "POST /wp-admin/maint/index.php HTTP/1.1" 404 6596 "-" "Mozilla/5.0 (Windows NT 10.0; Win64; x64; rv:66.0) Gecko/20100101 Firefox/66.0"
213.180.203.45 - - [08/Jul/2021:10:18:48 -0400] "GET /robots.txt HTTP/1.1" 301 612 "-" "Mozilla/5.0 (compatible; YandexBot/3.0; +http://yandex.com/bots)"
5.255.231.71 - - [08/Jul/2021:10:18:48 -0400] "GET /robots.txt HTTP/1.1" 404 6549 "-" "Mozilla/5.0 (compatible; YandexBot/3.0; +http://yandex.com/bots)"
5.255.253.67 - - [08/Jul/2021:10:18:52 -0400] "GET / HTTP/1.1" 301 592 "-" "Mozilla/5.0 (compatible; YandexBot/3.0; +http://yandex.com/bots)"
5.45.207.73 - - [08/Jul/2021:10:18:59 -0400] "GET /robots.txt HTTP/1.1" 404 6549 "-" "Mozilla/5.0 (compatible; YandexBot/3.0; +http://yandex.com/bots)"
5.255.231.169 - - [08/Jul/2021:10:19:03 -0400] "GET / HTTP/1.1" 500 8878 "-" "Mozilla/5.0 (compatible; YandexBot/3.0; +http://yandex.com/bots)"
5.255.231.99 - - [08/Jul/2021:10:19:09 -0400] "GET /robots.txt HTTP/1.1" 301 624 "-" "Mozilla/5.0 (compatible; YandexBot/3.0; +http://yandex.com/bots)"
5.255.253.135 - - [08/Jul/2021:10:19:10 -0400] "GET /robots.txt HTTP/1.1" 404 6553 "-" "Mozilla/5.0 (compatible; YandexBot/3.0; +http://yandex.com/bots)"
213.180.203.30 - - [08/Jul/2021:10:19:13 -0400] "GET / HTTP/1.1" 301 604 "-" "Mozilla/5.0 (compatible; YandexBot/3.0; +http://yandex.com/bots)"
141.8.142.69 - - [08/Jul/2021:10:19:18 -0400] "GET /robots.txt HTTP/1.1" 404 6553 "-" "Mozilla/5.0 (compatible; YandexBot/3.0; +http://yandex.com/bots)"
5.255.231.129 - - [08/Jul/2021:10:19:22 -0400] "GET / HTTP/1.1" 500 8878 "-" "Mozilla/5.0 (compatible; YandexBot/3.0; +http://yandex.com/bots)"
5.255.231.80 - - [08/Jul/2021:10:19:41 -0400] "GET / HTTP/1.1" 500 8878 "-" "Mozilla/5.0 (compatible; YandexBot/3.0; +http://yandex.com/bots)"
77.68.93.141 - - [08/Jul/2021:10:24:25 -0400] "GET /wp-login.php HTTP/1.1" 500 8176 "-" "Mozilla/5.0 (X11; Ubuntu; Linux x86_64; rv:62.0) Gecko/20100101 Firefox/62.0"
77.68.93.141 - - [08/Jul/2021:10:24:25 -0400] "POST /wp-login.php HTTP/1.1" 500 8176 "-" "Mozilla/5.0 (X11; Ubuntu; Linux x86_64; rv:62.0) Gecko/20100101 Firefox/62.0"
77.68.93.141 - - [08/Jul/2021:10:24:26 -0400] "GET /wp-login.php HTTP/1.1" 500 8176 "-" "Mozilla/5.0 (X11; Ubuntu; Linux x86_64; rv:62.0) Gecko/20100101 Firefox/62.0"
77.68.93.141 - - [08/Jul/2021:10:24:26 -0400] "POST /wp-login.php HTTP/1.1" 500 8176 "-" "Mozilla/5.0 (X11; Ubuntu; Linux x86_64; rv:62.0) Gecko/20100101 Firefox/62.0"
77.68.93.141 - - [08/Jul/2021:10:24:26 -0400] "POST /xmlrpc.php HTTP/1.1" 200 5606 "-" "Mozilla/5.0 (X11; Ubuntu; Linux x86_64; rv:62.0) Gecko/20100101 Firefox/62.0"
64.20.61.52 - - [08/Jul/2021:10:24:56 -0400] "POST /wp-cron.php?doing_wp_cron=1625754296.4660139083862304687500 HTTP/1.1" 301 673 "-" "WordPress/5.7.2; http://daniewatsonwriter.com"
64.20.61.52 - - [08/Jul/2021:10:27:47 -0400] "POST /wp-cron.php?doing_wp_cron=1625754467.3694698810577392578125 HTTP/1.1" 301 673 "-" "WordPress/5.7.2; http://daniewatsonwriter.com"
185.191.34.215 - - [08/Jul/2021:10:29:37 -0400] "POST /wp-includes/class-wp-bar.php HTTP/1.1" 404 6596 "-" "Mozilla/5.0 (Macintosh; Intel Mac OS X 10.14; rv:68.0) Gecko/20100101 Firefox/68.0"
66.249.66.50 - - [08/Jul/2021:10:36:37 -0400] "GET /robots.txt HTTP/1.1" 404 6549 "-" "Mozilla/5.0 (compatible; Googlebot/2.1; +http://www.google.com/bot.html)"
66.249.66.46 - - [08/Jul/2021:10:36:37 -0400] "GET /index.php/lets-write-together/ HTTP/1.1" 500 8878 "-" "Mozilla/5.0 (Linux; Android 6.0.1; Nexus 5X Build/MMB29P) AppleWebKit/537.36 (KHTML, like Gecko) Chrome/91.0.4472.90 Mobile Safari/537.36 (compatible; Googlebot/2.1; +http://www.google.com/bot.html)"
64.20.61.52 - - [08/Jul/2021:10:41:09 -0400] "POST /wp-cron.php?doing_wp_cron=1625755269.5787351131439208984375 HTTP/1.1" 301 673 "-" "WordPress/5.7.2; http://daniewatsonwriter.com"
185.191.34.215 - - [08/Jul/2021:10:42:49 -0400] "POST /wp-index.php HTTP/1.1" 404 6596 "-" "Mozilla/5.0 (Windows NT 10.0; Win64; x64; rv:67.0) Gecko/20100101 Firefox/67.0"
64.20.61.52 - - [08/Jul/2021:10:48:44 -0400] "POST /wp-cron.php?doing_wp_cron=1625755724.7747690677642822265625 HTTP/1.1" 301 673 "-" "WordPress/5.7.2; http://daniewatsonwriter.com"
64.20.61.52 - - [08/Jul/2021:10:51:40 -0400] "POST /wp-cron.php?doing_wp_cron=1625755900.4075779914855957031250 HTTP/1.1" 301 673 "-" "WordPress/5.7.2; http://daniewatsonwriter.com"
185.191.34.215 - - [08/Jul/2021:10:53:57 -0400] "POST /wp-content/plugins/Materialnlns.php HTTP/1.1" 404 6596 "-" "Mozilla/5.0 (Macintosh; Intel Mac OS X 10.14; rv:68.0) Gecko/20100101 Firefox/68.0"
183.90.173.95 - - [08/Jul/2021:10:58:43 -0400] "GET /wp-login.php HTTP/1.1" 500 8176 "-" "Mozilla/5.0 (X11; Ubuntu; Linux x86_64; rv:62.0) Gecko/20100101 Firefox/62.0"
183.90.173.95 - - [08/Jul/2021:10:58:44 -0400] "POST /wp-login.php HTTP/1.1" 500 8176 "-" "Mozilla/5.0 (X11; Ubuntu; Linux x86_64; rv:62.0) Gecko/20100101 Firefox/62.0"
