62.210.207.196 - - [04/Jul/2021:09:37:31 -0400] "POST //xmlrpc.php HTTP/1.1" 200 6153 "-" "Mozilla/5.0 (Windows NT 10.0; Win64; x64) AppleWebKit/537.36 (KHTML, like Gecko) Chrome/89.0.4389.114 Safari/537.36"
62.210.207.196 - - [04/Jul/2021:09:37:31 -0400] "POST //xmlrpc.php HTTP/1.1" 200 6153 "-" "Mozilla/5.0 (Windows NT 10.0; Win64; x64) AppleWebKit/537.36 (KHTML, like Gecko) Chrome/89.0.4389.114 Safari/537.36"
62.210.207.196 - - [04/Jul/2021:09:37:32 -0400] "POST //xmlrpc.php HTTP/1.1" 200 6153 "-" "Mozilla/5.0 (Windows NT 10.0; Win64; x64) AppleWebKit/537.36 (KHTML, like Gecko) Chrome/89.0.4389.114 Safari/537.36"
62.210.207.196 - - [04/Jul/2021:09:37:32 -0400] "POST //xmlrpc.php HTTP/1.1" 200 6153 "-" "Mozilla/5.0 (Windows NT 10.0; Win64; x64) AppleWebKit/537.36 (KHTML, like Gecko) Chrome/89.0.4389.114 Safari/537.36"
62.210.207.196 - - [04/Jul/2021:09:37:33 -0400] "POST //xmlrpc.php HTTP/1.1" 200 6153 "-" "Mozilla/5.0 (Windows NT 10.0; Win64; x64) AppleWebKit/537.36 (KHTML, like Gecko) Chrome/89.0.4389.114 Safari/537.36"
62.210.207.196 - - [04/Jul/2021:09:37:33 -0400] "POST //xmlrpc.php HTTP/1.1" 200 6153 "-" "Mozilla/5.0 (Windows NT 10.0; Win64; x64) AppleWebKit/537.36 (KHTML, like Gecko) Chrome/89.0.4389.114 Safari/537.36"
62.210.207.196 - - [04/Jul/2021:09:37:33 -0400] "POST //xmlrpc.php HTTP/1.1" 200 6153 "-" "Mozilla/5.0 (Windows NT 10.0; Win64; x64) AppleWebKit/537.36 (KHTML, like Gecko) Chrome/89.0.4389.114 Safari/537.36"
62.210.207.196 - - [04/Jul/2021:09:37:34 -0400] "POST //xmlrpc.php HTTP/1.1" 200 6153 "-" "Mozilla/5.0 (Windows NT 10.0; Win64; x64) AppleWebKit/537.36 (KHTML, like Gecko) Chrome/89.0.4389.114 Safari/537.36"
62.210.207.196 - - [04/Jul/2021:09:37:34 -0400] "POST //xmlrpc.php HTTP/1.1" 200 6153 "-" "Mozilla/5.0 (Windows NT 10.0; Win64; x64) AppleWebKit/537.36 (KHTML, like Gecko) Chrome/89.0.4389.114 Safari/537.36"
62.210.207.196 - - [04/Jul/2021:09:37:35 -0400] "POST //xmlrpc.php HTTP/1.1" 200 6153 "-" "Mozilla/5.0 (Windows NT 10.0; Win64; x64) AppleWebKit/537.36 (KHTML, like Gecko) Chrome/89.0.4389.114 Safari/537.36"
62.210.207.196 - - [04/Jul/2021:09:37:35 -0400] "POST //xmlrpc.php HTTP/1.1" 200 6153 "-" "Mozilla/5.0 (Windows NT 10.0; Win64; x64) AppleWebKit/537.36 (KHTML, like Gecko) Chrome/89.0.4389.114 Safari/537.36"
62.210.207.196 - - [04/Jul/2021:09:37:35 -0400] "POST //xmlrpc.php HTTP/1.1" 200 6153 "-" "Mozilla/5.0 (Windows NT 10.0; Win64; x64) AppleWebKit/537.36 (KHTML, like Gecko) Chrome/89.0.4389.114 Safari/537.36"
62.210.207.196 - - [04/Jul/2021:09:37:36 -0400] "POST //xmlrpc.php HTTP/1.1" 200 6153 "-" "Mozilla/5.0 (Windows NT 10.0; Win64; x64) AppleWebKit/537.36 (KHTML, like Gecko) Chrome/89.0.4389.114 Safari/537.36"
62.210.207.196 - - [04/Jul/2021:09:37:36 -0400] "POST //xmlrpc.php HTTP/1.1" 200 6153 "-" "Mozilla/5.0 (Windows NT 10.0; Win64; x64) AppleWebKit/537.36 (KHTML, like Gecko) Chrome/89.0.4389.114 Safari/537.36"
62.210.207.196 - - [04/Jul/2021:09:37:37 -0400] "POST //xmlrpc.php HTTP/1.1" 200 6153 "-" "Mozilla/5.0 (Windows NT 10.0; Win64; x64) AppleWebKit/537.36 (KHTML, like Gecko) Chrome/89.0.4389.114 Safari/537.36"
62.210.207.196 - - [04/Jul/2021:09:37:37 -0400] "POST //xmlrpc.php HTTP/1.1" 200 6153 "-" "Mozilla/5.0 (Windows NT 10.0; Win64; x64) AppleWebKit/537.36 (KHTML, like Gecko) Chrome/89.0.4389.114 Safari/537.36"
62.210.207.196 - - [04/Jul/2021:09:37:37 -0400] "POST //xmlrpc.php HTTP/1.1" 200 6153 "-" "Mozilla/5.0 (Windows NT 10.0; Win64; x64) AppleWebKit/537.36 (KHTML, like Gecko) Chrome/89.0.4389.114 Safari/537.36"
62.210.207.196 - - [04/Jul/2021:09:37:38 -0400] "POST //xmlrpc.php HTTP/1.1" 200 6153 "-" "Mozilla/5.0 (Windows NT 10.0; Win64; x64) AppleWebKit/537.36 (KHTML, like Gecko) Chrome/89.0.4389.114 Safari/537.36"
62.210.207.196 - - [04/Jul/2021:09:37:38 -0400] "POST //xmlrpc.php HTTP/1.1" 200 6153 "-" "Mozilla/5.0 (Windows NT 10.0; Win64; x64) AppleWebKit/537.36 (KHTML, like Gecko) Chrome/89.0.4389.114 Safari/537.36"
62.210.207.196 - - [04/Jul/2021:09:37:39 -0400] "POST //xmlrpc.php HTTP/1.1" 200 6153 "-" "Mozilla/5.0 (Windows NT 10.0; Win64; x64) AppleWebKit/537.36 (KHTML, like Gecko) Chrome/89.0.4389.114 Safari/537.36"
62.210.207.196 - - [04/Jul/2021:09:37:39 -0400] "POST //xmlrpc.php HTTP/1.1" 200 6153 "-" "Mozilla/5.0 (Windows NT 10.0; Win64; x64) AppleWebKit/537.36 (KHTML, like Gecko) Chrome/89.0.4389.114 Safari/537.36"
62.210.207.196 - - [04/Jul/2021:09:37:40 -0400] "POST //xmlrpc.php HTTP/1.1" 200 6153 "-" "Mozilla/5.0 (Windows NT 10.0; Win64; x64) AppleWebKit/537.36 (KHTML, like Gecko) Chrome/89.0.4389.114 Safari/537.36"
62.210.207.196 - - [04/Jul/2021:09:37:40 -0400] "POST //xmlrpc.php HTTP/1.1" 200 6153 "-" "Mozilla/5.0 (Windows NT 10.0; Win64; x64) AppleWebKit/537.36 (KHTML, like Gecko) Chrome/89.0.4389.114 Safari/537.36"
62.210.207.196 - - [04/Jul/2021:09:37:40 -0400] "POST //xmlrpc.php HTTP/1.1" 200 6153 "-" "Mozilla/5.0 (Windows NT 10.0; Win64; x64) AppleWebKit/537.36 (KHTML, like Gecko) Chrome/89.0.4389.114 Safari/537.36"
62.210.207.196 - - [04/Jul/2021:09:37:41 -0400] "POST //xmlrpc.php HTTP/1.1" 200 6153 "-" "Mozilla/5.0 (Windows NT 10.0; Win64; x64) AppleWebKit/537.36 (KHTML, like Gecko) Chrome/89.0.4389.114 Safari/537.36"
62.210.207.196 - - [04/Jul/2021:09:37:41 -0400] "POST //xmlrpc.php HTTP/1.1" 200 6153 "-" "Mozilla/5.0 (Windows NT 10.0; Win64; x64) AppleWebKit/537.36 (KHTML, like Gecko) Chrome/89.0.4389.114 Safari/537.36"
62.210.207.196 - - [04/Jul/2021:09:37:42 -0400] "POST //xmlrpc.php HTTP/1.1" 200 6153 "-" "Mozilla/5.0 (Windows NT 10.0; Win64; x64) AppleWebKit/537.36 (KHTML, like Gecko) Chrome/89.0.4389.114 Safari/537.36"
62.210.207.196 - - [04/Jul/2021:09:37:42 -0400] "POST //xmlrpc.php HTTP/1.1" 200 6153 "-" "Mozilla/5.0 (Windows NT 10.0; Win64; x64) AppleWebKit/537.36 (KHTML, like Gecko) Chrome/89.0.4389.114 Safari/537.36"
62.210.207.196 - - [04/Jul/2021:09:37:42 -0400] "POST //xmlrpc.php HTTP/1.1" 200 6153 "-" "Mozilla/5.0 (Windows NT 10.0; Win64; x64) AppleWebKit/537.36 (KHTML, like Gecko) Chrome/89.0.4389.114 Safari/537.36"
62.210.207.196 - - [04/Jul/2021:09:37:43 -0400] "POST //xmlrpc.php HTTP/1.1" 200 6153 "-" "Mozilla/5.0 (Windows NT 10.0; Win64; x64) AppleWebKit/537.36 (KHTML, like Gecko) Chrome/89.0.4389.114 Safari/537.36"
62.210.207.196 - - [04/Jul/2021:09:37:43 -0400] "POST //xmlrpc.php HTTP/1.1" 200 6153 "-" "Mozilla/5.0 (Windows NT 10.0; Win64; x64) AppleWebKit/537.36 (KHTML, like Gecko) Chrome/89.0.4389.114 Safari/537.36"
62.210.207.196 - - [04/Jul/2021:09:37:44 -0400] "POST //xmlrpc.php HTTP/1.1" 200 6153 "-" "Mozilla/5.0 (Windows NT 10.0; Win64; x64) AppleWebKit/537.36 (KHTML, like Gecko) Chrome/89.0.4389.114 Safari/537.36"
62.210.207.196 - - [04/Jul/2021:09:37:44 -0400] "POST //xmlrpc.php HTTP/1.1" 200 6153 "-" "Mozilla/5.0 (Windows NT 10.0; Win64; x64) AppleWebKit/537.36 (KHTML, like Gecko) Chrome/89.0.4389.114 Safari/537.36"
62.210.207.196 - - [04/Jul/2021:09:37:44 -0400] "POST //xmlrpc.php HTTP/1.1" 200 6153 "-" "Mozilla/5.0 (Windows NT 10.0; Win64; x64) AppleWebKit/537.36 (KHTML, like Gecko) Chrome/89.0.4389.114 Safari/537.36"
62.210.207.196 - - [04/Jul/2021:09:37:45 -0400] "POST //xmlrpc.php HTTP/1.1" 200 6153 "-" "Mozilla/5.0 (Windows NT 10.0; Win64; x64) AppleWebKit/537.36 (KHTML, like Gecko) Chrome/89.0.4389.114 Safari/537.36"
62.210.207.196 - - [04/Jul/2021:09:37:45 -0400] "POST //xmlrpc.php HTTP/1.1" 200 6153 "-" "Mozilla/5.0 (Windows NT 10.0; Win64; x64) AppleWebKit/537.36 (KHTML, like Gecko) Chrome/89.0.4389.114 Safari/537.36"
62.210.207.196 - - [04/Jul/2021:09:37:46 -0400] "POST //xmlrpc.php HTTP/1.1" 200 6153 "-" "Mozilla/5.0 (Windows NT 10.0; Win64; x64) AppleWebKit/537.36 (KHTML, like Gecko) Chrome/89.0.4389.114 Safari/537.36"
62.210.207.196 - - [04/Jul/2021:09:37:46 -0400] "POST //xmlrpc.php HTTP/1.1" 200 6153 "-" "Mozilla/5.0 (Windows NT 10.0; Win64; x64) AppleWebKit/537.36 (KHTML, like Gecko) Chrome/89.0.4389.114 Safari/537.36"
62.210.207.196 - - [04/Jul/2021:09:37:46 -0400] "POST //xmlrpc.php HTTP/1.1" 200 6153 "-" "Mozilla/5.0 (Windows NT 10.0; Win64; x64) AppleWebKit/537.36 (KHTML, like Gecko) Chrome/89.0.4389.114 Safari/537.36"
62.210.207.196 - - [04/Jul/2021:09:37:47 -0400] "POST //xmlrpc.php HTTP/1.1" 200 6153 "-" "Mozilla/5.0 (Windows NT 10.0; Win64; x64) AppleWebKit/537.36 (KHTML, like Gecko) Chrome/89.0.4389.114 Safari/537.36"
62.210.207.196 - - [04/Jul/2021:09:37:47 -0400] "POST //xmlrpc.php HTTP/1.1" 200 6153 "-" "Mozilla/5.0 (Windows NT 10.0; Win64; x64) AppleWebKit/537.36 (KHTML, like Gecko) Chrome/89.0.4389.114 Safari/537.36"
62.210.207.196 - - [04/Jul/2021:09:37:48 -0400] "POST //xmlrpc.php HTTP/1.1" 200 6153 "-" "Mozilla/5.0 (Windows NT 10.0; Win64; x64) AppleWebKit/537.36 (KHTML, like Gecko) Chrome/89.0.4389.114 Safari/537.36"
62.210.207.196 - - [04/Jul/2021:09:37:48 -0400] "POST //xmlrpc.php HTTP/1.1" 200 6153 "-" "Mozilla/5.0 (Windows NT 10.0; Win64; x64) AppleWebKit/537.36 (KHTML, like Gecko) Chrome/89.0.4389.114 Safari/537.36"
62.210.207.196 - - [04/Jul/2021:09:37:48 -0400] "POST //xmlrpc.php HTTP/1.1" 200 6153 "-" "Mozilla/5.0 (Windows NT 10.0; Win64; x64) AppleWebKit/537.36 (KHTML, like Gecko) Chrome/89.0.4389.114 Safari/537.36"
62.210.207.196 - - [04/Jul/2021:09:37:49 -0400] "POST //xmlrpc.php HTTP/1.1" 200 6153 "-" "Mozilla/5.0 (Windows NT 10.0; Win64; x64) AppleWebKit/537.36 (KHTML, like Gecko) Chrome/89.0.4389.114 Safari/537.36"
62.210.207.196 - - [04/Jul/2021:09:37:49 -0400] "POST //xmlrpc.php HTTP/1.1" 200 6153 "-" "Mozilla/5.0 (Windows NT 10.0; Win64; x64) AppleWebKit/537.36 (KHTML, like Gecko) Chrome/89.0.4389.114 Safari/537.36"
62.210.207.196 - - [04/Jul/2021:09:37:50 -0400] "POST //xmlrpc.php HTTP/1.1" 200 6153 "-" "Mozilla/5.0 (Windows NT 10.0; Win64; x64) AppleWebKit/537.36 (KHTML, like Gecko) Chrome/89.0.4389.114 Safari/537.36"
62.210.207.196 - - [04/Jul/2021:09:37:50 -0400] "POST //xmlrpc.php HTTP/1.1" 200 6153 "-" "Mozilla/5.0 (Windows NT 10.0; Win64; x64) AppleWebKit/537.36 (KHTML, like Gecko) Chrome/89.0.4389.114 Safari/537.36"
62.210.207.196 - - [04/Jul/2021:09:37:50 -0400] "POST //xmlrpc.php HTTP/1.1" 200 6153 "-" "Mozilla/5.0 (Windows NT 10.0; Win64; x64) AppleWebKit/537.36 (KHTML, like Gecko) Chrome/89.0.4389.114 Safari/537.36"
62.210.207.196 - - [04/Jul/2021:09:37:51 -0400] "POST //xmlrpc.php HTTP/1.1" 200 6153 "-" "Mozilla/5.0 (Windows NT 10.0; Win64; x64) AppleWebKit/537.36 (KHTML, like Gecko) Chrome/89.0.4389.114 Safari/537.36"
62.210.207.196 - - [04/Jul/2021:09:37:51 -0400] "POST //xmlrpc.php HTTP/1.1" 200 6153 "-" "Mozilla/5.0 (Windows NT 10.0; Win64; x64) AppleWebKit/537.36 (KHTML, like Gecko) Chrome/89.0.4389.114 Safari/537.36"
62.210.207.196 - - [04/Jul/2021:09:37:52 -0400] "POST //xmlrpc.php HTTP/1.1" 200 6153 "-" "Mozilla/5.0 (Windows NT 10.0; Win64; x64) AppleWebKit/537.36 (KHTML, like Gecko) Chrome/89.0.4389.114 Safari/537.36"
62.210.207.196 - - [04/Jul/2021:09:37:52 -0400] "POST //xmlrpc.php HTTP/1.1" 200 6153 "-" "Mozilla/5.0 (Windows NT 10.0; Win64; x64) AppleWebKit/537.36 (KHTML, like Gecko) Chrome/89.0.4389.114 Safari/537.36"
64.20.61.52 - - [04/Jul/2021:09:47:01 -0400] "POST /wp-cron.php?doing_wp_cron=1625406421.2781610488891601562500 HTTP/1.1" 200 5737 "-" "WordPress/5.7.2; https://daniewatsonwriter.com"
92.118.160.5 - - [04/Jul/2021:09:47:02 -0400] "GET / HTTP/1.1" 200 23715 "-" "Go http package"
35.231.1.121 - - [04/Jul/2021:09:58:28 -0400] "GET /robots.txt HTTP/1.0" 404 5815 "-" "ZoominfoBot (zoominfobot at zoominfo dot com)"
35.231.1.121 - - [04/Jul/2021:09:58:28 -0400] "GET /index.php/feed/ HTTP/1.0" 200 2096 "-" "ZoominfoBot (zoominfobot at zoominfo dot com)"
35.231.1.121 - - [04/Jul/2021:09:58:32 -0400] "GET /xmlrpc.php HTTP/1.0" 405 5589 "-" "ZoominfoBot (zoominfobot at zoominfo dot com)"
35.231.1.121 - - [04/Jul/2021:09:58:33 -0400] "GET /index.php/teaching/ HTTP/1.0" 200 10641 "-" "ZoominfoBot (zoominfobot at zoominfo dot com)"
35.231.1.121 - - [04/Jul/2021:10:06:11 -0400] "GET /index.php/readings-and-publications/ HTTP/1.0" 200 11065 "-" "ZoominfoBot (zoominfobot at zoominfo dot com)"
54.36.149.93 - - [04/Jul/2021:10:09:26 -0400] "GET /robots.txt HTTP/1.1" 404 6540 "-" "Mozilla/5.0 (compatible; AhrefsBot/7.0; +http://ahrefs.com/robot/)"
204.48.19.85 - - [04/Jul/2021:10:09:27 -0400] "POST /wp-cron.php?doing_wp_cron=1625407767.6502931118011474609375 HTTP/1.1" 200 6261 "https://daniewatsonwriter.com/wp-cron.php?doing_wp_cron=1625407767.6502931118011474609375" "WordPress/5.7.2; https://daniewatsonwriter.com"
54.36.148.7 - - [04/Jul/2021:10:09:27 -0400] "GET / HTTP/1.1" 200 11837 "-" "Mozilla/5.0 (compatible; AhrefsBot/7.0; +http://ahrefs.com/robot/)"
64.20.61.52 - - [04/Jul/2021:10:22:55 -0400] "POST /wp-cron.php?doing_wp_cron=1625408575.1769239902496337890625 HTTP/1.1" 301 673 "-" "WordPress/5.7.2; http://daniewatsonwriter.com"
162.142.125.56 - - [04/Jul/2021:10:22:56 -0400] "GET / HTTP/1.1" 301 536 "-" "Mozilla/5.0 (compatible; CensysInspect/1.1; +https://about.censys.io/)"
162.142.125.56 - - [04/Jul/2021:10:22:56 -0400] "GET / HTTP/1.1" 200 11347 "-" "Mozilla/5.0 (compatible; CensysInspect/1.1; +https://about.censys.io/)"
35.231.1.121 - - [04/Jul/2021:10:25:07 -0400] "GET /index.php/about/ HTTP/1.0" 200 11603 "-" "ZoominfoBot (zoominfobot at zoominfo dot com)"
35.231.1.121 - - [04/Jul/2021:10:26:41 -0400] "GET /index.php/comments/feed/ HTTP/1.0" 200 6193 "-" "ZoominfoBot (zoominfobot at zoominfo dot com)"
64.20.61.52 - - [04/Jul/2021:10:36:09 -0400] "POST /wp-cron.php?doing_wp_cron=1625409369.2888820171356201171875 HTTP/1.1" 200 5737 "-" "WordPress/5.7.2; https://daniewatsonwriter.com"
35.231.1.121 - - [04/Jul/2021:10:46:01 -0400] "GET /xmlrpc.php?rsd HTTP/1.0" 200 5879 "-" "ZoominfoBot (zoominfobot at zoominfo dot com)"
64.20.61.52 - - [04/Jul/2021:10:47:48 -0400] "POST /wp-cron.php?doing_wp_cron=1625410068.3431129455566406250000 HTTP/1.1" 301 673 "-" "WordPress/5.7.2; http://daniewatsonwriter.com"
92.118.160.9 - - [04/Jul/2021:10:47:48 -0400] "GET / HTTP/1.1" 301 536 "http://64.20.61.52:80/" "Go http package"
92.118.160.9 - - [04/Jul/2021:10:47:53 -0400] "GET / HTTP/1.1" 200 23715 "http://daniewatsonwriter.com/" "Go http package"
64.20.61.52 - - [04/Jul/2021:11:03:21 -0400] "POST /wp-cron.php?doing_wp_cron=1625411001.6647469997406005859375 HTTP/1.1" 200 5737 "-" "WordPress/5.7.2; https://daniewatsonwriter.com"
178.62.79.87 - - [04/Jul/2021:11:04:51 -0400] "POST /wp-login.php HTTP/1.1" 200 8875 "-" "Mozilla/5.0 (Windows NT 10.0; Win64; x64) AppleWebKit/537.36 (KHTML, like Gecko) Chrome/73.0.3683.75 Safari/537.36"
207.46.13.118 - - [04/Jul/2021:11:10:28 -0400] "GET / HTTP/1.1" 301 592 "-" "Mozilla/5.0 (compatible; bingbot/2.0; +http://www.bing.com/bingbot.htm)"
204.48.19.85 - - [04/Jul/2021:11:11:59 -0400] "POST /wp-cron.php?doing_wp_cron=1625411519.6834740638732910156250 HTTP/1.1" 200 6261 "https://daniewatsonwriter.com/wp-cron.php?doing_wp_cron=1625411519.6834740638732910156250" "WordPress/5.7.2; https://daniewatsonwriter.com"
152.136.20.21 - - [04/Jul/2021:11:11:59 -0400] "POST /wp-login.php HTTP/1.1" 200 8875 "-" "Mozilla/5.0 (Windows NT 6.1) AppleWebKit/537.36 (KHTML, like Gecko) Chrome/70.0.3538.77 Safari/537.36"
185.2.5.47 - - [04/Jul/2021:11:15:31 -0400] "POST /wp-login.php HTTP/1.1" 200 8875 "-" "Mozilla/5.0 (Windows NT 10.0; WOW64) AppleWebKit/537.36 (KHTML, like Gecko) Chrome/53.0.2785.143 Safari/537.36"
204.48.19.85 - - [04/Jul/2021:11:34:02 -0400] "GET / HTTP/1.1" 200 11856 "https://daniewatsonwriter.com/" "WordPress/5.7.2; https://daniewatsonwriter.com"
204.48.19.85 - - [04/Jul/2021:11:34:02 -0400] "POST /wp-cron.php?doing_wp_cron=1625412842.6365349292755126953125 HTTP/1.1" 200 6261 "https://daniewatsonwriter.com/wp-cron.php?doing_wp_cron=1625412842.6365349292755126953125" "WordPress/5.7.2; https://daniewatsonwriter.com"
180.76.185.20 - - [04/Jul/2021:11:34:02 -0400] "POST /wp-login.php HTTP/1.1" 200 8875 "-" "Mozilla/5.0 (Windows NT 6.1; Win64; x64) AppleWebKit/537.36 (KHTML, like Gecko) Chrome/66.0.3359.117 Safari/537.36"
64.20.61.52 - - [04/Jul/2021:11:36:01 -0400] "POST /wp-cron.php?doing_wp_cron=1625412961.0414659976959228515625 HTTP/1.1" 301 673 "-" "WordPress/5.7.2; http://daniewatsonwriter.com"
128.1.248.42 - - [04/Jul/2021:11:36:01 -0400] "GET / HTTP/1.1" 301 536 "http://64.20.61.52/" "Mozilla/5.0 (Windows NT 10.0; Win64; x64) AppleWebKit/537.36 (KHTML, like Gecko) Chrome/60.0.3112.113 Safari/537.36"
139.59.118.238 - - [04/Jul/2021:11:38:45 -0400] "POST /wp-login.php HTTP/1.1" 200 8875 "-" "Mozilla/5.0 (Windows NT 6.1; Win64; x64) AppleWebKit/537.36 (KHTML, like Gecko) Chrome/70.0.3538.67 Safari/537.36"
64.20.61.52 - - [04/Jul/2021:11:43:00 -0400] "POST /wp-cron.php?doing_wp_cron=1625413380.7888400554656982421875 HTTP/1.1" 301 673 "-" "WordPress/5.7.2; http://daniewatsonwriter.com"
64.20.61.52 - - [04/Jul/2021:11:50:31 -0400] "POST /wp-cron.php?doing_wp_cron=1625413831.9541530609130859375000 HTTP/1.1" 301 673 "-" "WordPress/5.7.2; http://daniewatsonwriter.com"
81.88.52.137 - - [04/Jul/2021:11:50:48 -0400] "POST /wp-login.php HTTP/1.1" 200 8875 "-" "Mozilla/5.0 (Windows NT 6.1; Win64; x64) AppleWebKit/537.36 (KHTML, like Gecko) Chrome/55.0.2883.87 Safari/537.36"
64.20.61.52 - - [04/Jul/2021:12:00:49 -0400] "POST /wp-cron.php?doing_wp_cron=1625414449.3237690925598144531250 HTTP/1.1" 301 673 "-" "WordPress/5.7.2; http://daniewatsonwriter.com"
144.217.158.133 - - [04/Jul/2021:12:17:16 -0400] "GET /wp-login.php HTTP/1.1" 301 579 "-" "Mozilla/5.0 (X11; Ubuntu; Linux x86_64; rv:62.0) Gecko/20100101 Firefox/62.0"
204.48.19.85 - - [04/Jul/2021:12:17:17 -0400] "POST /wp-cron.php?doing_wp_cron=1625415437.1356918811798095703125 HTTP/1.1" 200 6261 "https://daniewatsonwriter.com/wp-cron.php?doing_wp_cron=1625415437.1356918811798095703125" "WordPress/5.7.2; https://daniewatsonwriter.com"
144.217.158.133 - - [04/Jul/2021:12:17:17 -0400] "GET /wp-login.php HTTP/1.1" 200 8075 "http://daniewatsonwriter.com/wp-login.php" "Mozilla/5.0 (X11; Ubuntu; Linux x86_64; rv:62.0) Gecko/20100101 Firefox/62.0"
144.217.158.133 - - [04/Jul/2021:12:17:17 -0400] "GET ///?author=1 HTTP/1.1" 301 573 "-" "Mozilla/5.0 (X11; Ubuntu; Linux x86_64; rv:62.0) Gecko/20100101 Firefox/62.0"
144.217.158.133 - - [04/Jul/2021:12:17:17 -0400] "GET /?author=1 HTTP/1.1" 301 5620 "http://daniewatsonwriter.com///?author=1" "Mozilla/5.0 (X11; Ubuntu; Linux x86_64; rv:62.0) Gecko/20100101 Firefox/62.0"
144.217.158.133 - - [04/Jul/2021:12:17:17 -0400] "GET /index.php/author/justin/ HTTP/1.1" 200 9957 "https://daniewatsonwriter.com/?author=1" "Mozilla/5.0 (X11; Ubuntu; Linux x86_64; rv:62.0) Gecko/20100101 Firefox/62.0"
144.217.158.133 - - [04/Jul/2021:12:17:17 -0400] "GET ///wp-json/wp/v2/users/ HTTP/1.1" 301 595 "-" "Mozilla/5.0 (X11; Ubuntu; Linux x86_64; rv:62.0) Gecko/20100101 Firefox/62.0"
144.217.158.133 - - [04/Jul/2021:12:17:17 -0400] "GET /wp-json/wp/v2/users/ HTTP/1.1" 404 5811 "http://daniewatsonwriter.com///wp-json/wp/v2/users/" "Mozilla/5.0 (X11; Ubuntu; Linux x86_64; rv:62.0) Gecko/20100101 Firefox/62.0"
144.217.158.133 - - [04/Jul/2021:12:17:17 -0400] "GET ///?author=2 HTTP/1.1" 301 573 "-" "Mozilla/5.0 (X11; Ubuntu; Linux x86_64; rv:62.0) Gecko/20100101 Firefox/62.0"
144.217.158.133 - - [04/Jul/2021:12:17:17 -0400] "GET /?author=2 HTTP/1.1" 301 5625 "http://daniewatsonwriter.com///?author=2" "Mozilla/5.0 (X11; Ubuntu; Linux x86_64; rv:62.0) Gecko/20100101 Firefox/62.0"
144.217.158.133 - - [04/Jul/2021:12:17:18 -0400] "GET /index.php/author/daniewatson/ HTTP/1.1" 200 11002 "https://daniewatsonwriter.com/?author=2" "Mozilla/5.0 (X11; Ubuntu; Linux x86_64; rv:62.0) Gecko/20100101 Firefox/62.0"
144.217.158.133 - - [04/Jul/2021:12:17:18 -0400] "GET ///?author=3 HTTP/1.1" 301 573 "-" "Mozilla/5.0 (X11; Ubuntu; Linux x86_64; rv:62.0) Gecko/20100101 Firefox/62.0"
144.217.158.133 - - [04/Jul/2021:12:17:18 -0400] "GET /?author=3 HTTP/1.1" 404 14126 "http://daniewatsonwriter.com///?author=3" "Mozilla/5.0 (X11; Ubuntu; Linux x86_64; rv:62.0) Gecko/20100101 Firefox/62.0"
27.158.235.134 - - [04/Jul/2021:12:20:50 -0400] "GET / HTTP/1.1" 200 23957 "https://daniewatsonwriter.com/" "Mozilla/5.0 (Windows NT 10.0; Win64; x64) AppleWebKit/537.36 (KHTML, like Gecko) Chrome/80.0.3987.149 Safari/537.36"
64.20.61.52 - - [04/Jul/2021:12:50:17 -0400] "POST /wp-cron.php?doing_wp_cron=1625417417.3993239402770996093750 HTTP/1.1" 301 673 "-" "WordPress/5.7.2; http://daniewatsonwriter.com"
64.20.61.52 - - [04/Jul/2021:13:05:32 -0400] "POST /wp-cron.php?doing_wp_cron=1625418332.1920731067657470703125 HTTP/1.1" 301 673 "-" "WordPress/5.7.2; http://daniewatsonwriter.com"
204.48.19.85 - - [04/Jul/2021:13:21:44 -0400] "POST /wp-cron.php?doing_wp_cron=1625419304.2755639553070068359375 HTTP/1.1" 200 6261 "https://daniewatsonwriter.com/wp-cron.php?doing_wp_cron=1625419304.2755639553070068359375" "WordPress/5.7.2; https://daniewatsonwriter.com"
103.28.53.92 - - [04/Jul/2021:13:21:44 -0400] "POST /wp-login.php HTTP/1.1" 200 8875 "-" "Mozilla/5.0 (Windows NT 10.0; Win64; x64) AppleWebKit/537.36 (KHTML, like Gecko) Chrome/60.0.3112.101 Safari/537.36"
40.77.167.43 - - [04/Jul/2021:13:27:12 -0400] "GET /robots.txt HTTP/1.1" 404 6074 "-" "Mozilla/5.0 (compatible; bingbot/2.0; +http://www.bing.com/bingbot.htm)"
207.46.13.118 - - [04/Jul/2021:13:27:23 -0400] "GET / HTTP/1.1" 200 11405 "-" "Mozilla/5.0 (compatible; bingbot/2.0; +http://www.bing.com/bingbot.htm)"
34.92.85.223 - - [04/Jul/2021:13:28:35 -0400] "POST /wp-login.php HTTP/1.1" 200 8875 "-" "Mozilla/5.0 (Windows NT 6.1; Win64; x64) AppleWebKit/537.36 (KHTML, like Gecko) Chrome/60.0.3112.113 Safari/537.36"
107.180.73.192 - - [04/Jul/2021:13:49:54 -0400] "POST /wp-login.php HTTP/1.1" 200 8875 "-" "Mozilla/5.0 (Windows NT 6.1) AppleWebKit/537.36 (KHTML, like Gecko) Chrome/61.0.3163.100 Safari/537.36"
64.20.61.52 - - [04/Jul/2021:13:51:16 -0400] "POST /wp-cron.php?doing_wp_cron=1625421076.3985359668731689453125 HTTP/1.1" 200 5737 "-" "WordPress/5.7.2; https://daniewatsonwriter.com"
23.129.64.130 - - [04/Jul/2021:13:51:23 -0400] "GET / HTTP/1.1" 200 11741 "https://64.20.61.52/" "Mozilla/5.0 (compatible; Baiduspider/2.0; +http://www.baidu.com/search/spider.html)"
120.27.0.224 - - [04/Jul/2021:13:54:24 -0400] "POST /wp-login.php HTTP/1.1" 200 8875 "-" "Mozilla/5.0 (Windows NT 10.0; WOW64) AppleWebKit/537.36 (KHTML, like Gecko) Chrome/56.0.2924.87 Safari/537.36"
114.119.145.3 - - [04/Jul/2021:13:59:20 -0400] "GET /index.php/social-media-management HTTP/1.1" 301 5683 "-" "Mozilla/5.0 (Linux; Android 7.0;) AppleWebKit/537.36 (KHTML, like Gecko) Mobile Safari/537.36 (compatible; PetalBot;+https://webmaster.petalsearch.com/site/petalbot)"
114.119.145.3 - - [04/Jul/2021:13:59:21 -0400] "GET /index.php/social-media-management/ HTTP/1.1" 200 5511 "-" "Mozilla/5.0 (Linux; Android 7.0;) AppleWebKit/537.36 (KHTML, like Gecko) Mobile Safari/537.36 (compatible; PetalBot;+https://webmaster.petalsearch.com/site/petalbot)"
64.20.61.52 - - [04/Jul/2021:14:05:42 -0400] "POST /wp-cron.php?doing_wp_cron=1625421942.6624538898468017578125 HTTP/1.1" 301 673 "-" "WordPress/5.7.2; http://daniewatsonwriter.com"
64.20.61.52 - - [04/Jul/2021:14:05:42 -0400] "POST /wp-cron.php?doing_wp_cron=1625421942.6685359477996826171875 HTTP/1.1" 301 673 "-" "WordPress/5.7.2; http://daniewatsonwriter.com"
23.228.109.147 - - [04/Jul/2021:14:31:29 -0400] "GET /wp-content/plugins/awesome-support/plugins/jquery.fineuploader-3.5.0/server/php/example.php HTTP/1.1" 301 737 "http://www.google.com/" "Mozilla/5.0 (Windows NT 6.1; Win64; x64) AppleWebKit/537.36 (KHTML, like Gecko) Chrome/56.0.2896.3 Safari/537.36"
23.228.109.147 - - [04/Jul/2021:14:31:29 -0400] "GET /wp-content/plugins/awesome-support/plugins/jquery.fineuploader-3.5.0/server/php/example.php HTTP/1.1" 404 6042 "http://www.google.com/" "Mozilla/5.0 (Windows NT 6.1; Win64; x64) AppleWebKit/537.36 (KHTML, like Gecko) Chrome/56.0.2896.3 Safari/537.36"
77.221.130.5 - - [04/Jul/2021:14:47:27 -0400] "GET /content-post.php.suspected HTTP/1.1" 301 588 "http://simplesite.com" "Mozilla/5.0 (Windows; U; Windows NT 5.1; en-US) AppleWebKit/533.4 (KHTML, like Gecko) Chrome/5.0.375.99 Safari/533.4"
77.221.130.5 - - [04/Jul/2021:14:47:27 -0400] "GET /content-post.php.suspected HTTP/1.1" 404 5841 "http://daniewatsonwriter.com/content-post.php.suspected" "Mozilla/5.0 (Windows; U; Windows NT 5.1; en-US) AppleWebKit/533.4 (KHTML, like Gecko) Chrome/5.0.375.99 Safari/533.4"
64.20.61.52 - - [04/Jul/2021:14:52:25 -0400] "POST /wp-cron.php?doing_wp_cron=1625424745.0264530181884765625000 HTTP/1.1" 200 5737 "-" "WordPress/5.7.2; https://daniewatsonwriter.com"
204.48.19.85 - - [04/Jul/2021:14:52:25 -0400] "POST /wp-cron.php?doing_wp_cron=1625424745.7239460945129394531250 HTTP/1.1" 200 6261 "https://daniewatsonwriter.com/wp-cron.php?doing_wp_cron=1625424745.7239460945129394531250" "WordPress/5.7.2; https://daniewatsonwriter.com"
193.118.53.194 - - [04/Jul/2021:14:52:25 -0400] "GET / HTTP/1.1" 200 11152 "https://64.20.61.52/" "Mozilla/5.0 (Windows NT 10.0; Win64; x64) AppleWebKit/537.36 (KHTML, like Gecko) Chrome/60.0.3112.113 Safari/537.36"
204.48.19.85 - - [04/Jul/2021:15:08:09 -0400] "POST /wp-cron.php?doing_wp_cron=1625425689.9869740009307861328125 HTTP/1.1" 200 6261 "https://daniewatsonwriter.com/wp-cron.php?doing_wp_cron=1625425689.9869740009307861328125" "WordPress/5.7.2; https://daniewatsonwriter.com"
80.80.218.230 - - [04/Jul/2021:15:08:09 -0400] "GET /wp-login.php HTTP/1.1" 200 8075 "-" "Mozilla/5.0 (X11; Ubuntu; Linux x86_64; rv:62.0) Gecko/20100101 Firefox/62.0"
80.80.218.230 - - [04/Jul/2021:15:08:10 -0400] "POST /wp-login.php HTTP/1.1" 200 8197 "-" "Mozilla/5.0 (X11; Ubuntu; Linux x86_64; rv:62.0) Gecko/20100101 Firefox/62.0"
80.80.218.230 - - [04/Jul/2021:15:08:11 -0400] "POST /xmlrpc.php HTTP/1.1" 200 5786 "-" "Mozilla/5.0 (X11; Ubuntu; Linux x86_64; rv:62.0) Gecko/20100101 Firefox/62.0"
64.20.61.52 - - [04/Jul/2021:15:11:10 -0400] "POST /wp-cron.php?doing_wp_cron=1625425870.3242480754852294921875 HTTP/1.1" 301 673 "-" "WordPress/5.7.2; http://daniewatsonwriter.com"
64.20.61.52 - - [04/Jul/2021:15:15:14 -0400] "POST /wp-cron.php?doing_wp_cron=1625426114.9523110389709472656250 HTTP/1.1" 301 673 "-" "WordPress/5.7.2; http://daniewatsonwriter.com"
64.20.61.52 - - [04/Jul/2021:15:19:04 -0400] "POST /wp-cron.php?doing_wp_cron=1625426344.7255079746246337890625 HTTP/1.1" 301 673 "-" "WordPress/5.7.2; http://daniewatsonwriter.com"
85.17.88.170 - - [04/Jul/2021:15:19:35 -0400] "GET /wp-login.php HTTP/1.1" 200 8075 "-" "Mozilla/5.0 (X11; Ubuntu; Linux x86_64; rv:62.0) Gecko/20100101 Firefox/62.0"
85.17.88.170 - - [04/Jul/2021:15:19:36 -0400] "POST /wp-login.php HTTP/1.1" 200 8197 "-" "Mozilla/5.0 (X11; Ubuntu; Linux x86_64; rv:62.0) Gecko/20100101 Firefox/62.0"
85.17.88.170 - - [04/Jul/2021:15:19:37 -0400] "POST /xmlrpc.php HTTP/1.1" 200 5786 "-" "Mozilla/5.0 (X11; Ubuntu; Linux x86_64; rv:62.0) Gecko/20100101 Firefox/62.0"
64.20.61.52 - - [04/Jul/2021:15:22:23 -0400] "POST /wp-cron.php?doing_wp_cron=1625426543.1474890708923339843750 HTTP/1.1" 301 673 "-" "WordPress/5.7.2; http://daniewatsonwriter.com"
202.172.28.184 - - [04/Jul/2021:15:30:30 -0400] "POST /wp-login.php HTTP/1.1" 200 8875 "-" "Mozilla/5.0 (Windows NT 6.1; Win64; x64) AppleWebKit/537.36 (KHTML, like Gecko) Chrome/66.0.3359.117 Safari/537.36"
64.20.61.52 - - [04/Jul/2021:15:31:23 -0400] "POST /wp-cron.php?doing_wp_cron=1625427083.5551691055297851562500 HTTP/1.1" 301 673 "-" "WordPress/5.7.2; http://daniewatsonwriter.com"
64.20.61.52 - - [04/Jul/2021:15:34:29 -0400] "POST /wp-cron.php?doing_wp_cron=1625427269.6591761112213134765625 HTTP/1.1" 301 673 "-" "WordPress/5.7.2; http://daniewatsonwriter.com"
52.17.103.170 - - [04/Jul/2021:15:34:53 -0400] "GET /wp-login.php HTTP/1.1" 200 8075 "-" "Mozilla/5.0 (X11; Ubuntu; Linux x86_64; rv:62.0) Gecko/20100101 Firefox/62.0"
52.17.103.170 - - [04/Jul/2021:15:34:53 -0400] "POST /wp-login.php HTTP/1.1" 200 8197 "-" "Mozilla/5.0 (X11; Ubuntu; Linux x86_64; rv:62.0) Gecko/20100101 Firefox/62.0"
52.17.103.170 - - [04/Jul/2021:15:34:54 -0400] "POST /xmlrpc.php HTTP/1.1" 200 5786 "-" "Mozilla/5.0 (X11; Ubuntu; Linux x86_64; rv:62.0) Gecko/20100101 Firefox/62.0"
103.28.53.92 - - [04/Jul/2021:15:37:03 -0400] "POST /wp-login.php HTTP/1.1" 200 8875 "-" "Mozilla/5.0 (Windows NT 6.3; Win64; x64) AppleWebKit/537.36 (KHTML, like Gecko) Chrome/67.0.3396.99 Safari/537.36"
157.245.218.180 - - [04/Jul/2021:15:40:30 -0400] "POST /wp-login.php HTTP/1.1" 200 8875 "-" "Mozilla/5.0 (Windows NT 6.3; Win64; x64) AppleWebKit/537.36 (KHTML, like Gecko) Chrome/68.0.3440.106 Safari/537.36"
64.20.61.52 - - [04/Jul/2021:15:47:03 -0400] "POST /wp-cron.php?doing_wp_cron=1625428023.3969340324401855468750 HTTP/1.1" 301 673 "-" "WordPress/5.7.2; http://daniewatsonwriter.com"
64.20.61.52 - - [04/Jul/2021:15:49:50 -0400] "POST /wp-cron.php?doing_wp_cron=1625428190.5852270126342773437500 HTTP/1.1" 301 673 "-" "WordPress/5.7.2; http://daniewatsonwriter.com"
115.68.168.167 - - [04/Jul/2021:15:52:07 -0400] "GET /wp-login.php HTTP/1.1" 200 8075 "-" "Mozilla/5.0 (X11; Ubuntu; Linux x86_64; rv:62.0) Gecko/20100101 Firefox/62.0"
115.68.168.167 - - [04/Jul/2021:15:52:08 -0400] "POST /wp-login.php HTTP/1.1" 200 8197 "-" "Mozilla/5.0 (X11; Ubuntu; Linux x86_64; rv:62.0) Gecko/20100101 Firefox/62.0"
115.68.168.167 - - [04/Jul/2021:15:52:09 -0400] "POST /xmlrpc.php HTTP/1.1" 200 5786 "-" "Mozilla/5.0 (X11; Ubuntu; Linux x86_64; rv:62.0) Gecko/20100101 Firefox/62.0"
64.20.61.52 - - [04/Jul/2021:15:55:52 -0400] "POST /wp-cron.php?doing_wp_cron=1625428552.1595740318298339843750 HTTP/1.1" 301 673 "-" "WordPress/5.7.2; http://daniewatsonwriter.com"
116.62.49.96 - - [04/Jul/2021:15:57:32 -0400] "POST /wp-login.php HTTP/1.1" 200 8875 "-" "Mozilla/5.0 (Windows NT 10.0; Win64; x64) AppleWebKit/537.36 (KHTML, like Gecko) Chrome/72.0.3626.109 Safari/537.36"
180.76.185.20 - - [04/Jul/2021:16:01:49 -0400] "POST /wp-login.php HTTP/1.1" 200 8875 "-" "Mozilla/5.0 (Windows NT 6.1; Win64; x64) AppleWebKit/537.36 (KHTML, like Gecko) Chrome/67.0.3396.87 Safari/537.36"
64.20.61.52 - - [04/Jul/2021:16:04:32 -0400] "POST /wp-cron.php?doing_wp_cron=1625429072.0442950725555419921875 HTTP/1.1" 301 673 "-" "WordPress/5.7.2; http://daniewatsonwriter.com"
185.126.219.77 - - [04/Jul/2021:16:05:53 -0400] "GET /wp-login.php HTTP/1.1" 200 8075 "-" "Mozilla/5.0 (X11; Ubuntu; Linux x86_64; rv:62.0) Gecko/20100101 Firefox/62.0"
185.126.219.77 - - [04/Jul/2021:16:05:54 -0400] "POST /wp-login.php HTTP/1.1" 200 8197 "-" "Mozilla/5.0 (X11; Ubuntu; Linux x86_64; rv:62.0) Gecko/20100101 Firefox/62.0"
185.126.219.77 - - [04/Jul/2021:16:05:55 -0400] "POST /xmlrpc.php HTTP/1.1" 200 5786 "-" "Mozilla/5.0 (X11; Ubuntu; Linux x86_64; rv:62.0) Gecko/20100101 Firefox/62.0"
64.20.61.52 - - [04/Jul/2021:16:09:06 -0400] "POST /wp-cron.php?doing_wp_cron=1625429346.2102179527282714843750 HTTP/1.1" 301 673 "-" "WordPress/5.7.2; http://daniewatsonwriter.com"
204.48.19.85 - - [04/Jul/2021:16:12:51 -0400] "POST /wp-cron.php?doing_wp_cron=1625429571.4414200782775878906250 HTTP/1.1" 200 6261 "https://daniewatsonwriter.com/wp-cron.php?doing_wp_cron=1625429571.4414200782775878906250" "WordPress/5.7.2; https://daniewatsonwriter.com"
117.50.90.31 - - [04/Jul/2021:16:12:51 -0400] "POST /wp-login.php HTTP/1.1" 200 8875 "-" "Mozilla/5.0 (Windows NT 6.1) AppleWebKit/537.36 (KHTML, like Gecko) Chrome/59.0.3071.115 Safari/537.36"
64.20.61.52 - - [04/Jul/2021:16:17:28 -0400] "POST /wp-cron.php?doing_wp_cron=1625429848.1731719970703125000000 HTTP/1.1" 301 673 "-" "WordPress/5.7.2; http://daniewatsonwriter.com"
64.20.61.52 - - [04/Jul/2021:16:19:23 -0400] "POST /wp-cron.php?doing_wp_cron=1625429963.6160979270935058593750 HTTP/1.1" 301 673 "-" "WordPress/5.7.2; http://daniewatsonwriter.com"
54.91.64.192 - - [04/Jul/2021:16:20:41 -0400] "GET /wp-login.php HTTP/1.1" 200 8075 "-" "Mozilla/5.0 (X11; Ubuntu; Linux x86_64; rv:62.0) Gecko/20100101 Firefox/62.0"
54.91.64.192 - - [04/Jul/2021:16:20:41 -0400] "POST /wp-login.php HTTP/1.1" 200 8197 "-" "Mozilla/5.0 (X11; Ubuntu; Linux x86_64; rv:62.0) Gecko/20100101 Firefox/62.0"
54.91.64.192 - - [04/Jul/2021:16:20:41 -0400] "POST /xmlrpc.php HTTP/1.1" 200 5786 "-" "Mozilla/5.0 (X11; Ubuntu; Linux x86_64; rv:62.0) Gecko/20100101 Firefox/62.0"
64.20.61.52 - - [04/Jul/2021:16:24:49 -0400] "POST /wp-cron.php?doing_wp_cron=1625430289.4859869480133056640625 HTTP/1.1" 301 673 "-" "WordPress/5.7.2; http://daniewatsonwriter.com"
64.20.61.52 - - [04/Jul/2021:16:32:48 -0400] "POST /wp-cron.php?doing_wp_cron=1625430768.6049439907073974609375 HTTP/1.1" 301 673 "-" "WordPress/5.7.2; http://daniewatsonwriter.com"
64.20.61.52 - - [04/Jul/2021:16:35:54 -0400] "POST /wp-cron.php?doing_wp_cron=1625430953.9692339897155761718750 HTTP/1.1" 301 673 "-" "WordPress/5.7.2; http://daniewatsonwriter.com"
23.111.182.210 - - [04/Jul/2021:16:36:25 -0400] "GET /wp-login.php HTTP/1.1" 200 8075 "-" "Mozilla/5.0 (X11; Ubuntu; Linux x86_64; rv:62.0) Gecko/20100101 Firefox/62.0"
23.111.182.210 - - [04/Jul/2021:16:36:25 -0400] "POST /wp-login.php HTTP/1.1" 200 8197 "-" "Mozilla/5.0 (X11; Ubuntu; Linux x86_64; rv:62.0) Gecko/20100101 Firefox/62.0"
23.111.182.210 - - [04/Jul/2021:16:36:26 -0400] "POST /xmlrpc.php HTTP/1.1" 200 5786 "-" "Mozilla/5.0 (X11; Ubuntu; Linux x86_64; rv:62.0) Gecko/20100101 Firefox/62.0"
64.20.61.52 - - [04/Jul/2021:16:41:42 -0400] "POST /wp-cron.php?doing_wp_cron=1625431302.4324219226837158203125 HTTP/1.1" 301 673 "-" "WordPress/5.7.2; http://daniewatsonwriter.com"
64.20.61.52 - - [04/Jul/2021:16:44:28 -0400] "POST /wp-cron.php?doing_wp_cron=1625431468.4088420867919921875000 HTTP/1.1" 301 673 "-" "WordPress/5.7.2; http://daniewatsonwriter.com"
64.20.61.52 - - [04/Jul/2021:16:54:47 -0400] "POST /wp-cron.php?doing_wp_cron=1625432087.2165369987487792968750 HTTP/1.1" 301 673 "-" "WordPress/5.7.2; http://daniewatsonwriter.com"
64.20.61.52 - - [04/Jul/2021:17:02:45 -0400] "POST /wp-cron.php?doing_wp_cron=1625432565.0117790699005126953125 HTTP/1.1" 301 673 "-" "WordPress/5.7.2; http://daniewatsonwriter.com"
64.20.61.52 - - [04/Jul/2021:17:05:13 -0400] "POST /wp-cron.php?doing_wp_cron=1625432713.2122681140899658203125 HTTP/1.1" 301 673 "-" "WordPress/5.7.2; http://daniewatsonwriter.com"
204.48.19.85 - - [04/Jul/2021:17:07:17 -0400] "POST /wp-cron.php?doing_wp_cron=1625432837.3906950950622558593750 HTTP/1.1" 200 6261 "https://daniewatsonwriter.com/wp-cron.php?doing_wp_cron=1625432837.3906950950622558593750" "WordPress/5.7.2; https://daniewatsonwriter.com"
194.233.68.194 - - [04/Jul/2021:17:07:17 -0400] "GET /wp-login.php HTTP/1.1" 200 8075 "-" "Mozilla/5.0 (X11; Ubuntu; Linux x86_64; rv:62.0) Gecko/20100101 Firefox/62.0"
194.233.68.194 - - [04/Jul/2021:17:07:18 -0400] "POST /wp-login.php HTTP/1.1" 200 8197 "-" "Mozilla/5.0 (X11; Ubuntu; Linux x86_64; rv:62.0) Gecko/20100101 Firefox/62.0"
194.233.68.194 - - [04/Jul/2021:17:07:19 -0400] "POST /xmlrpc.php HTTP/1.1" 200 5786 "-" "Mozilla/5.0 (X11; Ubuntu; Linux x86_64; rv:62.0) Gecko/20100101 Firefox/62.0"
64.20.61.52 - - [04/Jul/2021:17:10:03 -0400] "POST /wp-cron.php?doing_wp_cron=1625433003.5981729030609130859375 HTTP/1.1" 200 5737 "-" "WordPress/5.7.2; https://daniewatsonwriter.com"
92.118.160.9 - - [04/Jul/2021:17:10:04 -0400] "GET / HTTP/1.1" 200 23715 "-" "Go http package"
64.20.61.52 - - [04/Jul/2021:17:18:37 -0400] "POST /wp-cron.php?doing_wp_cron=1625433517.8805871009826660156250 HTTP/1.1" 301 673 "-" "WordPress/5.7.2; http://daniewatsonwriter.com"
64.20.61.52 - - [04/Jul/2021:17:21:43 -0400] "POST /wp-cron.php?doing_wp_cron=1625433703.8189959526062011718750 HTTP/1.1" 301 673 "-" "WordPress/5.7.2; http://daniewatsonwriter.com"
54.91.64.192 - - [04/Jul/2021:17:23:13 -0400] "GET /wp-login.php HTTP/1.1" 200 8075 "-" "Mozilla/5.0 (X11; Ubuntu; Linux x86_64; rv:62.0) Gecko/20100101 Firefox/62.0"
54.91.64.192 - - [04/Jul/2021:17:23:13 -0400] "POST /wp-login.php HTTP/1.1" 200 8197 "-" "Mozilla/5.0 (X11; Ubuntu; Linux x86_64; rv:62.0) Gecko/20100101 Firefox/62.0"
54.91.64.192 - - [04/Jul/2021:17:23:13 -0400] "POST /xmlrpc.php HTTP/1.1" 200 5786 "-" "Mozilla/5.0 (X11; Ubuntu; Linux x86_64; rv:62.0) Gecko/20100101 Firefox/62.0"
64.20.61.52 - - [04/Jul/2021:17:26:31 -0400] "POST /wp-cron.php?doing_wp_cron=1625433991.3890728950500488281250 HTTP/1.1" 301 673 "-" "WordPress/5.7.2; http://daniewatsonwriter.com"
64.20.61.52 - - [04/Jul/2021:17:34:45 -0400] "POST /wp-cron.php?doing_wp_cron=1625434485.8948769569396972656250 HTTP/1.1" 301 673 "-" "WordPress/5.7.2; http://daniewatsonwriter.com"
51.132.4.32 - - [04/Jul/2021:17:36:50 -0400] "POST /wp-login.php HTTP/1.1" 200 8875 "-" "Mozilla/5.0 (Windows NT 6.1; Win64; x64) AppleWebKit/537.36 (KHTML, like Gecko) Chrome/55.0.2883.87 Safari/537.36"
64.20.61.52 - - [04/Jul/2021:17:36:54 -0400] "POST /wp-cron.php?doing_wp_cron=1625434614.2267940044403076171875 HTTP/1.1" 301 673 "-" "WordPress/5.7.2; http://daniewatsonwriter.com"
195.201.172.76 - - [04/Jul/2021:17:37:59 -0400] "GET /wp-login.php HTTP/1.1" 200 8075 "-" "Mozilla/5.0 (X11; Ubuntu; Linux x86_64; rv:62.0) Gecko/20100101 Firefox/62.0"
195.201.172.76 - - [04/Jul/2021:17:37:59 -0400] "POST /wp-login.php HTTP/1.1" 200 8197 "-" "Mozilla/5.0 (X11; Ubuntu; Linux x86_64; rv:62.0) Gecko/20100101 Firefox/62.0"
195.201.172.76 - - [04/Jul/2021:17:38:00 -0400] "POST /xmlrpc.php HTTP/1.1" 200 5786 "-" "Mozilla/5.0 (X11; Ubuntu; Linux x86_64; rv:62.0) Gecko/20100101 Firefox/62.0"
64.20.61.52 - - [04/Jul/2021:17:41:17 -0400] "POST /wp-cron.php?doing_wp_cron=1625434877.9385070800781250000000 HTTP/1.1" 301 673 "-" "WordPress/5.7.2; http://daniewatsonwriter.com"
152.136.234.172 - - [04/Jul/2021:17:43:22 -0400] "POST /wp-login.php HTTP/1.1" 200 8875 "-" "Mozilla/5.0 (Windows NT 10.0; WOW64) AppleWebKit/537.36 (KHTML, like Gecko) Chrome/56.0.2924.87 Safari/537.36"
69.30.225.102 - - [04/Jul/2021:17:45:31 -0400] "GET // HTTP/1.1" 301 5697 "http://www.google.com.hk" "Mozilla/5.0 (Windows NT 6.1; WOW64) AppleWebKit/537.36 (KHTML, like Gecko) Chrome/42.0.2311.90 Safari/537.36"
69.30.225.102 - - [04/Jul/2021:17:46:25 -0400] "GET / HTTP/1.1" 200 11223 "http://www.google.com.hk" "Mozilla/5.0 (Windows NT 6.1; WOW64) AppleWebKit/537.36 (KHTML, like Gecko) Chrome/42.0.2311.90 Safari/537.36"
34.92.85.223 - - [04/Jul/2021:17:46:43 -0400] "POST /wp-login.php HTTP/1.1" 200 8875 "-" "Mozilla/5.0 (Windows NT 10.0; WOW64) AppleWebKit/537.36 (KHTML, like Gecko) Chrome/79.0.3945.130 Safari/537.36"
69.30.225.102 - - [04/Jul/2021:17:47:59 -0400] "GET //wp-content/plugins/fancy-product-designer/inc/custom-image-handler.php HTTP/1.1" 404 5879 "-" "curl/7.68.0"
64.20.61.52 - - [04/Jul/2021:17:51:27 -0400] "POST /wp-cron.php?doing_wp_cron=1625435487.7257819175720214843750 HTTP/1.1" 301 673 "-" "WordPress/5.7.2; http://daniewatsonwriter.com"
51.161.8.73 - - [04/Jul/2021:17:52:43 -0400] "GET / HTTP/1.1" 301 555 "-" "Mozilla/5.0 (Macintosh; U; Intel Mac OS X 10.4; en-US; rv:1.9.2.2) Gecko/20100316 Firefox/3.6.2"
51.161.8.73 - - [04/Jul/2021:17:52:43 -0400] "GET / HTTP/1.1" 200 23742 "-" "Mozilla/5.0 (Macintosh; U; Intel Mac OS X 10.4; en-US; rv:1.9.2.2) Gecko/20100316 Firefox/3.6.2"
167.86.66.101 - - [04/Jul/2021:17:53:51 -0400] "GET /wp-login.php HTTP/1.1" 200 8075 "-" "Mozilla/5.0 (X11; Ubuntu; Linux x86_64; rv:62.0) Gecko/20100101 Firefox/62.0"
167.86.66.101 - - [04/Jul/2021:17:53:51 -0400] "POST /wp-login.php HTTP/1.1" 200 8197 "-" "Mozilla/5.0 (X11; Ubuntu; Linux x86_64; rv:62.0) Gecko/20100101 Firefox/62.0"
167.86.66.101 - - [04/Jul/2021:17:53:52 -0400] "POST /xmlrpc.php HTTP/1.1" 200 5786 "-" "Mozilla/5.0 (X11; Ubuntu; Linux x86_64; rv:62.0) Gecko/20100101 Firefox/62.0"
92.118.160.45 - - [04/Jul/2021:17:54:37 -0400] "GET / HTTP/1.1" 301 536 "-" "NetSystemsResearch studies the availability of various services across the internet. Our website is netsystemsresearch.com"
92.118.160.45 - - [04/Jul/2021:17:54:37 -0400] "GET / HTTP/1.1" 200 23719 "http://204.48.19.85:80/" "Go http package"
34.75.66.142 - - [04/Jul/2021:18:01:04 -0400] "GET /robots.txt HTTP/1.0" 404 5815 "-" "ZoominfoBot (zoominfobot at zoominfo dot com)"
34.75.66.142 - - [04/Jul/2021:18:01:04 -0400] "GET /index.php/feed/ HTTP/1.0" 200 2096 "-" "ZoominfoBot (zoominfobot at zoominfo dot com)"
34.75.66.142 - - [04/Jul/2021:18:01:05 -0400] "GET /xmlrpc.php HTTP/1.0" 405 5589 "-" "ZoominfoBot (zoominfobot at zoominfo dot com)"
34.75.66.142 - - [04/Jul/2021:18:01:07 -0400] "GET /index.php/teaching/ HTTP/1.0" 200 10641 "-" "ZoominfoBot (zoominfobot at zoominfo dot com)"
81.88.52.154 - - [04/Jul/2021:18:03:58 -0400] "POST /wp-login.php HTTP/1.1" 200 8875 "-" "Mozilla/5.0 (Windows NT 6.1; Win64; x64) AppleWebKit/537.36 (KHTML, like Gecko) Chrome/55.0.2883.87 Safari/537.36"
64.20.61.52 - - [04/Jul/2021:18:04:12 -0400] "POST /wp-cron.php?doing_wp_cron=1625436252.3985030651092529296875 HTTP/1.1" 301 673 "-" "WordPress/5.7.2; http://daniewatsonwriter.com"
62.210.123.62 - - [04/Jul/2021:18:04:12 -0400] "GET / HTTP/1.1" 301 592 "-" "-"
62.210.123.62 - - [04/Jul/2021:18:04:13 -0400] "GET / HTTP/1.1" 200 24033 "-" "-"
204.48.19.85 - - [04/Jul/2021:18:08:03 -0400] "POST /wp-cron.php?doing_wp_cron=1625436483.1469099521636962890625 HTTP/1.1" 200 6261 "https://daniewatsonwriter.com/wp-cron.php?doing_wp_cron=1625436483.1469099521636962890625" "WordPress/5.7.2; https://daniewatsonwriter.com"
34.75.66.142 - - [04/Jul/2021:18:08:02 -0400] "GET /index.php/readings-and-publications/ HTTP/1.0" 200 11065 "-" "ZoominfoBot (zoominfobot at zoominfo dot com)"
111.231.107.30 - - [04/Jul/2021:18:08:22 -0400] "POST /wp-login.php HTTP/1.1" 200 8875 "-" "Mozilla/5.0 (Windows NT 6.1; WOW64) AppleWebKit/537.36 (KHTML, like Gecko) Chrome/47.0.2526.111 Safari/537.36 MVisionPlayer/1.0.0.0"
64.20.61.52 - - [04/Jul/2021:18:08:47 -0400] "POST /wp-cron.php?doing_wp_cron=1625436527.3405840396881103515625 HTTP/1.1" 301 673 "-" "WordPress/5.7.2; http://daniewatsonwriter.com"
64.20.61.52 - - [04/Jul/2021:18:13:53 -0400] "POST /wp-cron.php?doing_wp_cron=1625436833.0565869808197021484375 HTTP/1.1" 301 673 "-" "WordPress/5.7.2; http://daniewatsonwriter.com"
114.119.132.207 - - [04/Jul/2021:18:15:35 -0400] "GET /index.php/teaching/ HTTP/1.1" 200 10706 "-" "Mozilla/5.0 (Linux; Android 7.0;) AppleWebKit/537.36 (KHTML, like Gecko) Mobile Safari/537.36 (compatible; PetalBot;+https://webmaster.petalsearch.com/site/petalbot)"
51.222.143.39 - - [04/Jul/2021:18:17:07 -0400] "GET / HTTP/1.1" 200 11373 "-" "Mozilla/5.0 (X11; Linux x86_64; rv:57.0) Gecko/20100101 Firefox/57.0"
51.222.143.39 - - [04/Jul/2021:18:17:07 -0400] "GET /wp-includes/css/dist/block-library/style.min.css?ver=5.7.2 HTTP/1.1" 200 9106 "https://daniewatsonwriter.com/" "Mozilla/5.0 (X11; Linux x86_64; rv:57.0) Gecko/20100101 Firefox/57.0"
51.222.143.39 - - [04/Jul/2021:18:17:07 -0400] "GET /wp-includes/js/jquery/jquery-migrate.min.js?ver=3.3.2 HTTP/1.1" 200 4583 "https://daniewatsonwriter.com/" "Mozilla/5.0 (X11; Linux x86_64; rv:57.0) Gecko/20100101 Firefox/57.0"
51.222.143.39 - - [04/Jul/2021:18:17:07 -0400] "GET /wp-content/themes/seasonal/css/fontawesome.min.css?ver=4.3.0 HTTP/1.1" 200 5997 "https://daniewatsonwriter.com/" "Mozilla/5.0 (X11; Linux x86_64; rv:57.0) Gecko/20100101 Firefox/57.0"
51.222.143.39 - - [04/Jul/2021:18:17:07 -0400] "GET /wp-content/themes/seasonal/js/skip-link-focus-fix.js?ver=20141010 HTTP/1.1" 200 964 "https://daniewatsonwriter.com/" "Mozilla/5.0 (X11; Linux x86_64; rv:57.0) Gecko/20100101 Firefox/57.0"
51.222.143.39 - - [04/Jul/2021:18:17:07 -0400] "GET /wp-content/themes/seasonal/style.css?ver=5.7.2 HTTP/1.1" 200 9703 "https://daniewatsonwriter.com/" "Mozilla/5.0 (X11; Linux x86_64; rv:57.0) Gecko/20100101 Firefox/57.0"
51.222.143.39 - - [04/Jul/2021:18:17:07 -0400] "GET /wp-content/themes/seasonal/css/bootstrap.min.css?ver=3.3.4 HTTP/1.1" 200 3622 "https://daniewatsonwriter.com/" "Mozilla/5.0 (X11; Linux x86_64; rv:57.0) Gecko/20100101 Firefox/57.0"
51.222.143.39 - - [04/Jul/2021:18:17:07 -0400] "GET /wp-content/themes/seasonal/js/functions.js?ver=20150330 HTTP/1.1" 200 791 "https://daniewatsonwriter.com/" "Mozilla/5.0 (X11; Linux x86_64; rv:57.0) Gecko/20100101 Firefox/57.0"
51.222.143.39 - - [04/Jul/2021:18:17:07 -0400] "GET /wp-includes/js/jquery/jquery.min.js?ver=3.5.1 HTTP/1.1" 200 31544 "https://daniewatsonwriter.com/" "Mozilla/5.0 (X11; Linux x86_64; rv:57.0) Gecko/20100101 Firefox/57.0"
51.222.143.39 - - [04/Jul/2021:18:17:07 -0400] "GET /wp-includes/js/wp-embed.min.js?ver=5.7.2 HTTP/1.1" 200 1135 "https://daniewatsonwriter.com/" "Mozilla/5.0 (X11; Linux x86_64; rv:57.0) Gecko/20100101 Firefox/57.0"
51.222.143.39 - - [04/Jul/2021:18:17:07 -0400] "GET /wp-includes/js/wp-emoji-release.min.js?ver=5.7.2 HTTP/1.1" 200 5076 "https://daniewatsonwriter.com/" "Mozilla/5.0 (X11; Linux x86_64; rv:57.0) Gecko/20100101 Firefox/57.0"
51.222.143.39 - - [04/Jul/2021:18:17:07 -0400] "GET /wp-content/uploads/2019/06/717CBBFD-443E-4498-84D8-77224338FF13-e1561386339102-225x300.jpeg HTTP/1.1" 200 16141 "https://daniewatsonwriter.com/" "Mozilla/5.0 (X11; Linux x86_64; rv:57.0) Gecko/20100101 Firefox/57.0"
51.222.143.39 - - [04/Jul/2021:18:17:07 -0400] "GET /wp-content/uploads/2019/05/Copy-of-Editor.-Writer.-Social-MEdia-Manager-Professor..png HTTP/1.1" 200 112335 "https://daniewatsonwriter.com/" "Mozilla/5.0 (X11; Linux x86_64; rv:57.0) Gecko/20100101 Firefox/57.0"
51.222.143.39 - - [04/Jul/2021:18:17:07 -0400] "GET /wp-content/uploads/2018/02/Danie-Watson-1-1.png HTTP/1.1" 200 308781 "https://daniewatsonwriter.com/" "Mozilla/5.0 (X11; Linux x86_64; rv:57.0) Gecko/20100101 Firefox/57.0"
51.222.143.39 - - [04/Jul/2021:18:17:07 -0400] "GET /wp-content/themes/seasonal/icons/fontawesome-webfont.woff2?v=4.3.0 HTTP/1.1" 200 57173 "https://daniewatsonwriter.com/wp-content/themes/seasonal/css/fontawesome.min.css?ver=4.3.0" "Mozilla/5.0 (X11; Linux x86_64; rv:57.0) Gecko/20100101 Firefox/57.0"
51.222.143.39 - - [04/Jul/2021:18:17:07 -0400] "GET /favicon.ico HTTP/1.1" 404 521 "-" "Mozilla/5.0 (X11; Linux x86_64; rv:57.0) Gecko/20100101 Firefox/57.0"
51.222.143.39 - - [04/Jul/2021:18:17:07 -0400] "GET /wp-content/uploads/2019/04/cropped-let-the-sea-set-you-free-32x32.png HTTP/1.1" 200 3135 "-" "Mozilla/5.0 (X11; Linux x86_64; rv:57.0) Gecko/20100101 Firefox/57.0"
51.222.143.39 - - [04/Jul/2021:18:17:07 -0400] "GET /wp-content/uploads/2019/04/cropped-let-the-sea-set-you-free-192x192.png HTTP/1.1" 200 71618 "-" "Mozilla/5.0 (X11; Linux x86_64; rv:57.0) Gecko/20100101 Firefox/57.0"
51.222.143.39 - - [04/Jul/2021:18:17:24 -0400] "GET /wp-content/themes/seasonal/style.css?wrndsc=896529927 HTTP/1.1" 200 48373 "-" "Mozilla/5.0 (Macintosh; U; Intel Mac OS X 10.4; en-US; rv:1.9.2.2) Gecko/20100316 Firefox/3.6.2"
202.172.28.184 - - [04/Jul/2021:18:19:33 -0400] "POST /wp-login.php HTTP/1.1" 200 8875 "-" "Mozilla/5.0 (Windows NT 10.0; Win64; x64) AppleWebKit/537.36 (KHTML, like Gecko) Chrome/87.0.4280.88 Safari/537.36"
64.20.61.52 - - [04/Jul/2021:18:20:28 -0400] "POST /wp-cron.php?doing_wp_cron=1625437228.4294929504394531250000 HTTP/1.1" 301 673 "-" "WordPress/5.7.2; http://daniewatsonwriter.com"
64.20.61.52 - - [04/Jul/2021:18:24:05 -0400] "POST /wp-cron.php?doing_wp_cron=1625437445.3445050716400146484375 HTTP/1.1" 301 673 "-" "WordPress/5.7.2; http://daniewatsonwriter.com"
35.198.229.83 - - [04/Jul/2021:18:25:24 -0400] "GET /wp-login.php HTTP/1.1" 200 8075 "-" "Mozilla/5.0 (X11; Ubuntu; Linux x86_64; rv:62.0) Gecko/20100101 Firefox/62.0"
35.198.229.83 - - [04/Jul/2021:18:25:25 -0400] "POST /wp-login.php HTTP/1.1" 200 8197 "-" "Mozilla/5.0 (X11; Ubuntu; Linux x86_64; rv:62.0) Gecko/20100101 Firefox/62.0"
35.198.229.83 - - [04/Jul/2021:18:25:26 -0400] "POST /xmlrpc.php HTTP/1.1" 200 5786 "-" "Mozilla/5.0 (X11; Ubuntu; Linux x86_64; rv:62.0) Gecko/20100101 Firefox/62.0"
34.75.66.142 - - [04/Jul/2021:18:25:46 -0400] "GET /index.php/about/ HTTP/1.0" 200 11603 "-" "ZoominfoBot (zoominfobot at zoominfo dot com)"
34.75.66.142 - - [04/Jul/2021:18:27:17 -0400] "GET /index.php/comments/feed/ HTTP/1.0" 200 6193 "-" "ZoominfoBot (zoominfobot at zoominfo dot com)"
64.20.61.52 - - [04/Jul/2021:18:37:49 -0400] "POST /wp-cron.php?doing_wp_cron=1625438269.0133540630340576171875 HTTP/1.1" 301 673 "-" "WordPress/5.7.2; http://daniewatsonwriter.com"
64.20.61.52 - - [04/Jul/2021:18:40:27 -0400] "POST /wp-cron.php?doing_wp_cron=1625438427.2351911067962646484375 HTTP/1.1" 301 673 "-" "WordPress/5.7.2; http://daniewatsonwriter.com"
94.23.49.79 - - [04/Jul/2021:18:41:15 -0400] "GET /wp-login.php HTTP/1.1" 200 8075 "-" "Mozilla/5.0 (X11; Ubuntu; Linux x86_64; rv:62.0) Gecko/20100101 Firefox/62.0"
94.23.49.79 - - [04/Jul/2021:18:41:15 -0400] "POST /wp-login.php HTTP/1.1" 200 8197 "-" "Mozilla/5.0 (X11; Ubuntu; Linux x86_64; rv:62.0) Gecko/20100101 Firefox/62.0"
94.23.49.79 - - [04/Jul/2021:18:41:16 -0400] "POST /xmlrpc.php HTTP/1.1" 200 5786 "-" "Mozilla/5.0 (X11; Ubuntu; Linux x86_64; rv:62.0) Gecko/20100101 Firefox/62.0"
34.247.6.173 - - [04/Jul/2021:18:44:26 -0400] "GET / HTTP/1.1" 301 555 "-" "Mozilla/5.0 (Macintosh; Intel Mac OS X 10.15; rv:81.0) Gecko/20100101 Firefox/81.0"
34.247.6.173 - - [04/Jul/2021:18:44:27 -0400] "GET / HTTP/1.1" 200 11809 "http://204.48.19.85" "Mozilla/5.0 (Macintosh; Intel Mac OS X 10.15; rv:81.0) Gecko/20100101 Firefox/81.0"
64.20.61.52 - - [04/Jul/2021:18:44:53 -0400] "POST /wp-cron.php?doing_wp_cron=1625438693.5482759475708007812500 HTTP/1.1" 301 673 "-" "WordPress/5.7.2; http://daniewatsonwriter.com"
34.75.66.142 - - [04/Jul/2021:18:45:38 -0400] "GET /xmlrpc.php?rsd HTTP/1.0" 200 5879 "-" "ZoominfoBot (zoominfobot at zoominfo dot com)"
185.191.34.215 - - [04/Jul/2021:18:47:20 -0400] "GET /wp-includes/mvp.php HTTP/1.1" 404 6596 "-" "Mozilla/5.0 (Windows NT 10.0; Win64; x64; rv:66.0) Gecko/20100101 Firefox/66.0"
64.20.61.52 - - [04/Jul/2021:18:53:44 -0400] "POST /wp-cron.php?doing_wp_cron=1625439224.2036340236663818359375 HTTP/1.1" 301 673 "-" "WordPress/5.7.2; http://daniewatsonwriter.com"
64.20.61.52 - - [04/Jul/2021:18:56:50 -0400] "POST /wp-cron.php?doing_wp_cron=1625439410.5375978946685791015625 HTTP/1.1" 301 673 "-" "WordPress/5.7.2; http://daniewatsonwriter.com"
