139.59.20.240 - - [04/Jul/2021:18:57:26 -0400] "GET /wp-login.php HTTP/1.1" 200 8075 "-" "Mozilla/5.0 (X11; Ubuntu; Linux x86_64; rv:62.0) Gecko/20100101 Firefox/62.0"
139.59.20.240 - - [04/Jul/2021:18:57:32 -0400] "POST /wp-login.php HTTP/1.1" 200 8197 "-" "Mozilla/5.0 (X11; Ubuntu; Linux x86_64; rv:62.0) Gecko/20100101 Firefox/62.0"
139.59.20.240 - - [04/Jul/2021:18:57:34 -0400] "POST /xmlrpc.php HTTP/1.1" 200 5786 "-" "Mozilla/5.0 (X11; Ubuntu; Linux x86_64; rv:62.0) Gecko/20100101 Firefox/62.0"
64.20.61.52 - - [04/Jul/2021:19:05:27 -0400] "POST /wp-cron.php?doing_wp_cron=1625439927.2145490646362304687500 HTTP/1.1" 301 673 "-" "WordPress/5.7.2; http://daniewatsonwriter.com"
204.48.19.85 - - [04/Jul/2021:19:07:57 -0400] "POST /wp-cron.php?doing_wp_cron=1625440077.9540860652923583984375 HTTP/1.1" 200 6261 "https://daniewatsonwriter.com/wp-cron.php?doing_wp_cron=1625440077.9540860652923583984375" "WordPress/5.7.2; https://daniewatsonwriter.com"
34.75.66.142 - - [04/Jul/2021:19:07:57 -0400] "GET /index.php/lets-write-together/ HTTP/1.0" 200 10486 "-" "ZoominfoBot (zoominfobot at zoominfo dot com)"
34.75.66.142 - - [04/Jul/2021:19:10:54 -0400] "GET /index.php/social-media-management/ HTTP/1.0" 200 10676 "-" "ZoominfoBot (zoominfobot at zoominfo dot com)"
64.20.61.52 - - [04/Jul/2021:19:12:10 -0400] "POST /wp-cron.php?doing_wp_cron=1625440326.4484000205993652343750 HTTP/1.1" 301 673 "-" "WordPress/5.7.2; http://daniewatsonwriter.com"
148.72.232.159 - - [04/Jul/2021:19:12:31 -0400] "GET /wp-login.php HTTP/1.1" 200 8075 "-" "Mozilla/5.0 (X11; Ubuntu; Linux x86_64; rv:62.0) Gecko/20100101 Firefox/62.0"
148.72.232.159 - - [04/Jul/2021:19:12:32 -0400] "POST /wp-login.php HTTP/1.1" 200 8197 "-" "Mozilla/5.0 (X11; Ubuntu; Linux x86_64; rv:62.0) Gecko/20100101 Firefox/62.0"
148.72.232.159 - - [04/Jul/2021:19:12:33 -0400] "POST /xmlrpc.php HTTP/1.1" 200 5786 "-" "Mozilla/5.0 (X11; Ubuntu; Linux x86_64; rv:62.0) Gecko/20100101 Firefox/62.0"
64.20.61.52 - - [04/Jul/2021:19:16:44 -0400] "POST /wp-cron.php?doing_wp_cron=1625440604.4424989223480224609375 HTTP/1.1" 301 673 "-" "WordPress/5.7.2; http://daniewatsonwriter.com"
64.20.61.52 - - [04/Jul/2021:19:27:43 -0400] "POST /wp-cron.php?doing_wp_cron=1625441263.3176300525665283203125 HTTP/1.1" 301 673 "-" "WordPress/5.7.2; http://daniewatsonwriter.com"
159.89.162.165 - - [04/Jul/2021:19:29:11 -0400] "GET /wp-login.php HTTP/1.1" 200 8075 "-" "Mozilla/5.0 (X11; Ubuntu; Linux x86_64; rv:62.0) Gecko/20100101 Firefox/62.0"
159.89.162.165 - - [04/Jul/2021:19:29:13 -0400] "POST /wp-login.php HTTP/1.1" 200 8197 "-" "Mozilla/5.0 (X11; Ubuntu; Linux x86_64; rv:62.0) Gecko/20100101 Firefox/62.0"
159.89.162.165 - - [04/Jul/2021:19:29:14 -0400] "POST /xmlrpc.php HTTP/1.1" 200 5786 "-" "Mozilla/5.0 (X11; Ubuntu; Linux x86_64; rv:62.0) Gecko/20100101 Firefox/62.0"
64.20.61.52 - - [04/Jul/2021:19:31:26 -0400] "POST /wp-cron.php?doing_wp_cron=1625441486.4635388851165771484375 HTTP/1.1" 301 673 "-" "WordPress/5.7.2; http://daniewatsonwriter.com"
64.20.61.52 - - [04/Jul/2021:19:35:17 -0400] "POST /wp-cron.php?doing_wp_cron=1625441717.8412299156188964843750 HTTP/1.1" 301 673 "-" "WordPress/5.7.2; http://daniewatsonwriter.com"
64.20.61.52 - - [04/Jul/2021:19:36:34 -0400] "POST /wp-cron.php?doing_wp_cron=1625441794.7474250793457031250000 HTTP/1.1" 301 673 "-" "WordPress/5.7.2; http://daniewatsonwriter.com"
64.20.61.52 - - [04/Jul/2021:19:41:34 -0400] "POST /wp-cron.php?doing_wp_cron=1625442094.2965219020843505859375 HTTP/1.1" 301 673 "-" "WordPress/5.7.2; http://daniewatsonwriter.com"
81.88.52.137 - - [04/Jul/2021:19:43:27 -0400] "POST /wp-login.php HTTP/1.1" 200 8875 "-" "Mozilla/5.0 (Windows NT 6.3; Win64; x64) AppleWebKit/537.36 (KHTML, like Gecko) Chrome/57.0.2987.133 Safari/537.36"
64.20.61.52 - - [04/Jul/2021:19:45:08 -0400] "POST /wp-cron.php?doing_wp_cron=1625442308.0368530750274658203125 HTTP/1.1" 301 673 "-" "WordPress/5.7.2; http://daniewatsonwriter.com"
91.250.84.74 - - [04/Jul/2021:19:46:29 -0400] "GET /wp-login.php HTTP/1.1" 200 8075 "-" "Mozilla/5.0 (X11; Ubuntu; Linux x86_64; rv:62.0) Gecko/20100101 Firefox/62.0"
91.250.84.74 - - [04/Jul/2021:19:46:30 -0400] "POST /wp-login.php HTTP/1.1" 200 8197 "-" "Mozilla/5.0 (X11; Ubuntu; Linux x86_64; rv:62.0) Gecko/20100101 Firefox/62.0"
91.250.84.74 - - [04/Jul/2021:19:46:31 -0400] "POST /xmlrpc.php HTTP/1.1" 200 5786 "-" "Mozilla/5.0 (X11; Ubuntu; Linux x86_64; rv:62.0) Gecko/20100101 Firefox/62.0"
64.20.61.52 - - [04/Jul/2021:19:49:55 -0400] "POST /wp-cron.php?doing_wp_cron=1625442595.7766859531402587890625 HTTP/1.1" 301 673 "-" "WordPress/5.7.2; http://daniewatsonwriter.com"
81.69.252.187 - - [04/Jul/2021:19:50:01 -0400] "POST /wp-login.php HTTP/1.1" 200 8875 "-" "Mozilla/5.0 (Windows NT 6.3; WOW64) AppleWebKit/537.36 (KHTML, like Gecko) Chrome/47.0.2526.106 Safari/537.36"
64.20.61.52 - - [04/Jul/2021:19:53:13 -0400] "POST /wp-cron.php?doing_wp_cron=1625442793.6609969139099121093750 HTTP/1.1" 301 673 "-" "WordPress/5.7.2; http://daniewatsonwriter.com"
42.193.45.103 - - [04/Jul/2021:19:53:22 -0400] "GET / HTTP/1.1" 301 555 "http://blog.paintedprophecies.com" "Mozilla/5.0 (Linux; Android 10; LIO-AN00 Build/HUAWEILIO-AN00; wv) AppleWebKit/537.36 (KHTML, like Gecko) Version/4.0 Chrome/78.0.3904.62 XWEB/2692 MMWEBSDK/200901 Mobile Safari/537.36"
120.27.0.224 - - [04/Jul/2021:19:53:23 -0400] "POST /wp-login.php HTTP/1.1" 200 8875 "-" "Mozilla/5.0 (Windows NT 6.1; Win64; x64) AppleWebKit/537.36 (KHTML, like Gecko) Chrome/55.0.2883.87 Safari/537.36"
64.20.61.52 - - [04/Jul/2021:19:57:49 -0400] "POST /wp-cron.php?doing_wp_cron=1625443069.9073100090026855468750 HTTP/1.1" 301 673 "-" "WordPress/5.7.2; http://daniewatsonwriter.com"
64.20.61.52 - - [04/Jul/2021:19:59:44 -0400] "POST /wp-cron.php?doing_wp_cron=1625443184.5529229640960693359375 HTTP/1.1" 301 673 "-" "WordPress/5.7.2; http://daniewatsonwriter.com"
64.20.61.52 - - [04/Jul/2021:20:00:52 -0400] "POST /wp-cron.php?doing_wp_cron=1625443252.3568990230560302734375 HTTP/1.1" 301 673 "-" "WordPress/5.7.2; http://daniewatsonwriter.com"
42.193.45.103 - - [04/Jul/2021:20:01:00 -0400] "GET / HTTP/1.1" 301 555 "http://blog.paintedprophecies.com" "Mozilla/5.0 (Linux; Android 10; LIO-AN00 Build/HUAWEILIO-AN00; wv) AppleWebKit/537.36 (KHTML, like Gecko) Version/4.0 Chrome/78.0.3904.62 XWEB/2692 MMWEBSDK/200901 Mobile Safari/537.36"
42.193.45.103 - - [04/Jul/2021:20:01:39 -0400] "GET / HTTP/1.1" 301 555 "http://blog.paintedprophecies.com" "Mozilla/5.0 (Linux; Android 10; LIO-AN00 Build/HUAWEILIO-AN00; wv) AppleWebKit/537.36 (KHTML, like Gecko) Version/4.0 Chrome/78.0.3904.62 XWEB/2692 MMWEBSDK/200901 Mobile Safari/537.36"
165.227.36.192 - - [04/Jul/2021:20:01:43 -0400] "GET / HTTP/1.1" 200 11846 "-" "Mozilla/5.0 (Windows NT 10.0; Win64; x64) AppleWebKit/537.36 (KHTML, like Gecko) Chrome/83.0.4103.61 Safari/537.36"
165.227.36.192 - - [04/Jul/2021:20:01:43 -0400] "GET /favicon.ico HTTP/1.1" 404 522 "-" "Mozilla/5.0 (Windows NT 10.0; Win64; x64) AppleWebKit/537.36 (KHTML, like Gecko) Chrome/83.0.4103.61 Safari/537.36"
165.227.36.192 - - [04/Jul/2021:20:01:43 -0400] "GET /wp-content/uploads/2019/04/cropped-let-the-sea-set-you-free-32x32.png HTTP/1.1" 200 3137 "-" "Mozilla/5.0 (Windows NT 10.0; Win64; x64) AppleWebKit/537.36 (KHTML, like Gecko) Chrome/83.0.4103.61 Safari/537.36"
165.227.36.192 - - [04/Jul/2021:20:01:44 -0400] "GET / HTTP/1.1" 200 11893 "-" "Mozilla/5.0 (Windows NT 10.0; Win64; x64) AppleWebKit/537.36 (KHTML, like Gecko) Chrome/83.0.4103.61 Safari/537.36"
165.227.36.192 - - [04/Jul/2021:20:01:44 -0400] "GET /wp-includes/js/jquery/jquery.min.js?ver=3.5.1 HTTP/1.1" 200 31401 "https://daniewatsonwriter.com/" "Mozilla/5.0 (Windows NT 10.0; Win64; x64) AppleWebKit/537.36 (KHTML, like Gecko) Chrome/83.0.4103.61 Safari/537.36"
165.227.36.192 - - [04/Jul/2021:20:01:44 -0400] "GET /wp-content/themes/seasonal/js/skip-link-focus-fix.js?ver=20141010 HTTP/1.1" 200 1392 "https://daniewatsonwriter.com/" "Mozilla/5.0 (Windows NT 10.0; Win64; x64) AppleWebKit/537.36 (KHTML, like Gecko) Chrome/83.0.4103.61 Safari/537.36"
165.227.36.192 - - [04/Jul/2021:20:01:44 -0400] "GET /wp-includes/js/jquery/jquery-migrate.min.js?ver=3.3.2 HTTP/1.1" 200 4586 "https://daniewatsonwriter.com/" "Mozilla/5.0 (Windows NT 10.0; Win64; x64) AppleWebKit/537.36 (KHTML, like Gecko) Chrome/83.0.4103.61 Safari/537.36"
165.227.36.192 - - [04/Jul/2021:20:01:44 -0400] "GET /wp-content/themes/seasonal/js/functions.js?ver=20150330 HTTP/1.1" 200 1368 "https://daniewatsonwriter.com/" "Mozilla/5.0 (Windows NT 10.0; Win64; x64) AppleWebKit/537.36 (KHTML, like Gecko) Chrome/83.0.4103.61 Safari/537.36"
165.227.36.192 - - [04/Jul/2021:20:01:44 -0400] "GET /wp-includes/js/wp-embed.min.js?ver=5.7.2 HTTP/1.1" 200 7210 "https://daniewatsonwriter.com/" "Mozilla/5.0 (Windows NT 10.0; Win64; x64) AppleWebKit/537.36 (KHTML, like Gecko) Chrome/83.0.4103.61 Safari/537.36"
165.227.36.192 - - [04/Jul/2021:20:01:44 -0400] "GET /wp-includes/js/wp-emoji-release.min.js?ver=5.7.2 HTTP/1.1" 200 11153 "https://daniewatsonwriter.com/" "Mozilla/5.0 (Windows NT 10.0; Win64; x64) AppleWebKit/537.36 (KHTML, like Gecko) Chrome/83.0.4103.61 Safari/537.36"
65.0.44.68 - - [04/Jul/2021:20:01:45 -0400] "GET /wp-login.php HTTP/1.1" 200 8076 "-" "Mozilla/5.0 (X11; Ubuntu; Linux x86_64; rv:62.0) Gecko/20100101 Firefox/62.0"
65.0.44.68 - - [04/Jul/2021:20:01:46 -0400] "POST /wp-login.php HTTP/1.1" 200 8199 "-" "Mozilla/5.0 (X11; Ubuntu; Linux x86_64; rv:62.0) Gecko/20100101 Firefox/62.0"
65.0.44.68 - - [04/Jul/2021:20:01:46 -0400] "POST /xmlrpc.php HTTP/1.1" 200 5786 "-" "Mozilla/5.0 (X11; Ubuntu; Linux x86_64; rv:62.0) Gecko/20100101 Firefox/62.0"
64.20.61.52 - - [04/Jul/2021:20:05:21 -0400] "POST /wp-cron.php?doing_wp_cron=1625443521.4885170459747314453125 HTTP/1.1" 301 673 "-" "WordPress/5.7.2; http://daniewatsonwriter.com"
64.20.61.52 - - [04/Jul/2021:20:09:01 -0400] "POST /wp-cron.php?doing_wp_cron=1625443741.5541939735412597656250 HTTP/1.1" 301 673 "-" "WordPress/5.7.2; http://daniewatsonwriter.com"
204.48.19.85 - - [04/Jul/2021:20:10:33 -0400] "POST /wp-cron.php?doing_wp_cron=1625443833.8557040691375732421875 HTTP/1.1" 200 6261 "https://daniewatsonwriter.com/wp-cron.php?doing_wp_cron=1625443833.8557040691375732421875" "WordPress/5.7.2; https://daniewatsonwriter.com"
103.3.245.113 - - [04/Jul/2021:20:10:33 -0400] "POST /wp-login.php HTTP/1.1" 200 8876 "-" "Mozilla/5.0 (Windows NT 10.0; Win64; x64) AppleWebKit/537.36 (KHTML, like Gecko) Chrome/72.0.3626.109 Safari/537.36"
64.20.61.52 - - [04/Jul/2021:20:12:38 -0400] "POST /wp-cron.php?doing_wp_cron=1625443958.6902310848236083984375 HTTP/1.1" 301 673 "-" "WordPress/5.7.2; http://daniewatsonwriter.com"
81.69.252.187 - - [04/Jul/2021:20:14:59 -0400] "POST /wp-login.php HTTP/1.1" 200 8876 "-" "Mozilla/5.0 (Windows NT 6.1; WOW64) AppleWebKit/537.36 (KHTML, like Gecko) Chrome/52.0.2743.116 Safari/537.36"
64.20.61.52 - - [04/Jul/2021:20:16:38 -0400] "POST /wp-cron.php?doing_wp_cron=1625444198.0239889621734619140625 HTTP/1.1" 301 673 "-" "WordPress/5.7.2; http://daniewatsonwriter.com"
185.90.59.42 - - [04/Jul/2021:20:18:05 -0400] "GET /wp-login.php HTTP/1.1" 200 8076 "-" "Mozilla/5.0 (X11; Ubuntu; Linux x86_64; rv:62.0) Gecko/20100101 Firefox/62.0"
185.90.59.42 - - [04/Jul/2021:20:18:06 -0400] "POST /wp-login.php HTTP/1.1" 200 8199 "-" "Mozilla/5.0 (X11; Ubuntu; Linux x86_64; rv:62.0) Gecko/20100101 Firefox/62.0"
185.90.59.42 - - [04/Jul/2021:20:18:06 -0400] "POST /xmlrpc.php HTTP/1.1" 200 5786 "-" "Mozilla/5.0 (X11; Ubuntu; Linux x86_64; rv:62.0) Gecko/20100101 Firefox/62.0"
64.20.61.52 - - [04/Jul/2021:20:22:21 -0400] "POST /wp-cron.php?doing_wp_cron=1625444541.5583920478820800781250 HTTP/1.1" 301 673 "-" "WordPress/5.7.2; http://daniewatsonwriter.com"
128.199.93.165 - - [04/Jul/2021:20:26:03 -0400] "POST /wp-login.php HTTP/1.1" 200 8876 "-" "Mozilla/5.0 (Windows NT 6.3; Win64; x64) AppleWebKit/537.36 (KHTML, like Gecko) Chrome/62.0.3202.94 Safari/537.36"
207.46.13.118 - - [04/Jul/2021:20:31:24 -0400] "GET / HTTP/1.1" 301 592 "-" "Mozilla/5.0 (compatible; bingbot/2.0; +http://www.bing.com/bingbot.htm)"
64.20.61.52 - - [04/Jul/2021:20:31:24 -0400] "POST /wp-cron.php?doing_wp_cron=1625445084.1835799217224121093750 HTTP/1.1" 301 673 "-" "WordPress/5.7.2; http://daniewatsonwriter.com"
64.20.61.52 - - [04/Jul/2021:20:34:39 -0400] "POST /wp-cron.php?doing_wp_cron=1625445279.7929110527038574218750 HTTP/1.1" 301 673 "-" "WordPress/5.7.2; http://daniewatsonwriter.com"
46.105.108.208 - - [04/Jul/2021:20:35:35 -0400] "GET /wp-login.php HTTP/1.1" 200 8076 "-" "Mozilla/5.0 (X11; Ubuntu; Linux x86_64; rv:62.0) Gecko/20100101 Firefox/62.0"
46.105.108.208 - - [04/Jul/2021:20:35:35 -0400] "POST /wp-login.php HTTP/1.1" 200 8199 "-" "Mozilla/5.0 (X11; Ubuntu; Linux x86_64; rv:62.0) Gecko/20100101 Firefox/62.0"
46.105.108.208 - - [04/Jul/2021:20:35:36 -0400] "POST /xmlrpc.php HTTP/1.1" 200 5786 "-" "Mozilla/5.0 (X11; Ubuntu; Linux x86_64; rv:62.0) Gecko/20100101 Firefox/62.0"
64.20.61.52 - - [04/Jul/2021:20:37:40 -0400] "POST /wp-cron.php?doing_wp_cron=1625445460.6197800636291503906250 HTTP/1.1" 301 673 "-" "WordPress/5.7.2; http://daniewatsonwriter.com"
64.20.61.52 - - [04/Jul/2021:20:45:09 -0400] "POST /wp-cron.php?doing_wp_cron=1625445909.1927289962768554687500 HTTP/1.1" 301 673 "-" "WordPress/5.7.2; http://daniewatsonwriter.com"
64.20.61.52 - - [04/Jul/2021:20:46:41 -0400] "POST /wp-cron.php?doing_wp_cron=1625446001.1052119731903076171875 HTTP/1.1" 301 673 "-" "WordPress/5.7.2; http://daniewatsonwriter.com"
64.20.61.52 - - [04/Jul/2021:20:49:44 -0400] "POST /wp-cron.php?doing_wp_cron=1625446184.4982180595397949218750 HTTP/1.1" 200 5737 "-" "WordPress/5.7.2; https://daniewatsonwriter.com"
62.210.129.50 - - [04/Jul/2021:20:49:44 -0400] "GET / HTTP/1.1" 200 24033 "-" "-"
78.135.107.157 - - [04/Jul/2021:20:51:24 -0400] "GET /wp-login.php HTTP/1.1" 200 8076 "-" "Mozilla/5.0 (X11; Ubuntu; Linux x86_64; rv:62.0) Gecko/20100101 Firefox/62.0"
78.135.107.157 - - [04/Jul/2021:20:51:25 -0400] "POST /wp-login.php HTTP/1.1" 200 8199 "-" "Mozilla/5.0 (X11; Ubuntu; Linux x86_64; rv:62.0) Gecko/20100101 Firefox/62.0"
78.135.107.157 - - [04/Jul/2021:20:51:26 -0400] "POST /xmlrpc.php HTTP/1.1" 200 5786 "-" "Mozilla/5.0 (X11; Ubuntu; Linux x86_64; rv:62.0) Gecko/20100101 Firefox/62.0"
64.20.61.52 - - [04/Jul/2021:20:59:56 -0400] "POST /wp-cron.php?doing_wp_cron=1625446796.8090128898620605468750 HTTP/1.1" 301 673 "-" "WordPress/5.7.2; http://daniewatsonwriter.com"
64.20.61.52 - - [04/Jul/2021:21:03:02 -0400] "POST /wp-cron.php?doing_wp_cron=1625446982.4204499721527099609375 HTTP/1.1" 301 673 "-" "WordPress/5.7.2; http://daniewatsonwriter.com"
64.20.61.52 - - [04/Jul/2021:21:04:12 -0400] "POST /wp-cron.php?doing_wp_cron=1625447051.9667189121246337890625 HTTP/1.1" 301 673 "-" "WordPress/5.7.2; http://daniewatsonwriter.com"
64.20.61.52 - - [04/Jul/2021:21:06:43 -0400] "POST /wp-cron.php?doing_wp_cron=1625447203.2598540782928466796875 HTTP/1.1" 301 673 "-" "WordPress/5.7.2; http://daniewatsonwriter.com"
3.219.56.41 - - [04/Jul/2021:21:09:01 -0400] "GET / HTTP/1.1" 301 592 "-" "Mozilla/5.0 (Macintosh; Intel Mac OS X 10_15_0) AppleWebKit/537.36 (KHTML, like Gecko) Chrome/78.0.3904.87 Safari/537.36"
204.48.19.85 - - [04/Jul/2021:21:09:01 -0400] "POST /wp-cron.php?doing_wp_cron=1625447341.7619481086730957031250 HTTP/1.1" 200 6261 "https://daniewatsonwriter.com/wp-cron.php?doing_wp_cron=1625447341.7619481086730957031250" "WordPress/5.7.2; https://daniewatsonwriter.com"
3.219.56.41 - - [04/Jul/2021:21:09:01 -0400] "GET / HTTP/1.1" 200 11846 "-" "Mozilla/5.0 (Macintosh; Intel Mac OS X 10_15_0) AppleWebKit/537.36 (KHTML, like Gecko) Chrome/78.0.3904.87 Safari/537.36"
64.20.61.52 - - [04/Jul/2021:21:13:04 -0400] "POST /wp-cron.php?doing_wp_cron=1625447584.6822929382324218750000 HTTP/1.1" 301 673 "-" "WordPress/5.7.2; http://daniewatsonwriter.com"
64.20.61.52 - - [04/Jul/2021:21:21:54 -0400] "POST /wp-cron.php?doing_wp_cron=1625448114.8842809200286865234375 HTTP/1.1" 301 673 "-" "WordPress/5.7.2; http://daniewatsonwriter.com"
64.20.61.52 - - [04/Jul/2021:21:23:24 -0400] "POST /wp-cron.php?doing_wp_cron=1625448204.0954210758209228515625 HTTP/1.1" 301 673 "-" "WordPress/5.7.2; http://daniewatsonwriter.com"
64.20.61.52 - - [04/Jul/2021:21:28:29 -0400] "POST /wp-cron.php?doing_wp_cron=1625448509.4448230266571044921875 HTTP/1.1" 301 673 "-" "WordPress/5.7.2; http://daniewatsonwriter.com"
64.20.61.52 - - [04/Jul/2021:21:37:05 -0400] "POST /wp-cron.php?doing_wp_cron=1625449025.2158648967742919921875 HTTP/1.1" 301 673 "-" "WordPress/5.7.2; http://daniewatsonwriter.com"
64.20.61.52 - - [04/Jul/2021:21:39:40 -0400] "POST /wp-cron.php?doing_wp_cron=1625449180.6833219528198242187500 HTTP/1.1" 301 673 "-" "WordPress/5.7.2; http://daniewatsonwriter.com"
64.20.61.52 - - [04/Jul/2021:21:44:06 -0400] "POST /wp-cron.php?doing_wp_cron=1625449445.6135849952697753906250 HTTP/1.1" 301 673 "-" "WordPress/5.7.2; http://daniewatsonwriter.com"
47.100.95.127 - - [04/Jul/2021:21:51:34 -0400] "POST /wp-login.php HTTP/1.1" 200 8876 "-" "Mozilla/5.0 (Windows NT 6.1; Win64; x64) AppleWebKit/537.36 (KHTML, like Gecko) Chrome/81.0.4044.122 Safari/537.36"
64.20.61.52 - - [04/Jul/2021:21:54:02 -0400] "POST /wp-cron.php?doing_wp_cron=1625450042.4466021060943603515625 HTTP/1.1" 301 673 "-" "WordPress/5.7.2; http://daniewatsonwriter.com"
209.244.159.152 - - [04/Jul/2021:21:58:15 -0400] "POST /wp-login.php HTTP/1.1" 200 8876 "-" "Mozilla/5.0 (Windows NT 6.0) AppleWebKit/537.36 (KHTML, like Gecko) Chrome/49.0.2623.112 Safari/537.36"
80.87.200.86 - - [04/Jul/2021:21:59:01 -0400] "GET /wp-login.php HTTP/1.1" 200 8076 "-" "Mozilla/5.0 (X11; Ubuntu; Linux x86_64; rv:62.0) Gecko/20100101 Firefox/62.0"
80.87.200.86 - - [04/Jul/2021:21:59:02 -0400] "POST /wp-login.php HTTP/1.1" 200 8199 "-" "Mozilla/5.0 (X11; Ubuntu; Linux x86_64; rv:62.0) Gecko/20100101 Firefox/62.0"
80.87.200.86 - - [04/Jul/2021:21:59:03 -0400] "POST /xmlrpc.php HTTP/1.1" 200 5786 "-" "Mozilla/5.0 (X11; Ubuntu; Linux x86_64; rv:62.0) Gecko/20100101 Firefox/62.0"
115.159.160.208 - - [04/Jul/2021:22:01:48 -0400] "POST /wp-login.php HTTP/1.1" 200 8876 "-" "Mozilla/5.0 (Windows NT 6.1; Win64; x64) AppleWebKit/537.36 (KHTML, like Gecko) Chrome/80.0.3987.106 Safari/537.36"
64.20.61.52 - - [04/Jul/2021:22:02:43 -0400] "POST /wp-cron.php?doing_wp_cron=1625450563.3746049404144287109375 HTTP/1.1" 301 673 "-" "WordPress/5.7.2; http://daniewatsonwriter.com"
66.249.64.38 - - [04/Jul/2021:22:07:55 -0400] "GET /robots.txt HTTP/1.1" 301 624 "-" "Mozilla/5.0 (compatible; Googlebot/2.1; +http://www.google.com/bot.html)"
66.249.64.55 - - [04/Jul/2021:22:07:55 -0400] "GET /robots.txt HTTP/1.1" 404 6553 "-" "Mozilla/5.0 (compatible; Googlebot/2.1; +http://www.google.com/bot.html)"
66.249.64.40 - - [04/Jul/2021:22:07:55 -0400] "GET /single-post/2016/03/09/On-Being-a-Driver HTTP/1.1" 301 684 "-" "Mozilla/5.0 (compatible; Googlebot/2.1; +http://www.google.com/bot.html)"
66.249.64.55 - - [04/Jul/2021:22:07:56 -0400] "GET /single-post/2016/03/09/On-Being-a-Driver HTTP/1.1" 404 526 "-" "Mozilla/5.0 (compatible; Googlebot/2.1; +http://www.google.com/bot.html)"
194.61.54.86 - - [04/Jul/2021:22:10:52 -0400] "GET /wp-admin/ HTTP/1.1" 301 610 "http://daniewatsonwriter.com" "Mozilla/5.0 (Windows NT 6.1; Win64; x64) AppleWebKit/537.36 (KHTML, like Gecko) Chrome/59.0.3071.115 Safari/537.36"
204.48.19.85 - - [04/Jul/2021:22:10:53 -0400] "POST /wp-cron.php?doing_wp_cron=1625451053.8181281089782714843750 HTTP/1.1" 200 6261 "https://daniewatsonwriter.com/wp-cron.php?doing_wp_cron=1625451053.8181281089782714843750" "WordPress/5.7.2; https://daniewatsonwriter.com"
194.61.54.86 - - [04/Jul/2021:22:10:53 -0400] "GET /wp-admin/ HTTP/1.1" 302 6289 "-" "Mozilla/5.0 (Windows NT 6.1; Win64; x64) AppleWebKit/537.36 (KHTML, like Gecko) Chrome/59.0.3071.115 Safari/537.36"
194.61.54.86 - - [04/Jul/2021:22:10:54 -0400] "GET /?author=1 HTTP/1.1" 301 341 "-" "Mozilla/5.0 (Windows NT 6.1; Win64; x64) AppleWebKit/537.36 (KHTML, like Gecko) Chrome/59.0.3071.115 Safari/537.36"
194.61.54.86 - - [04/Jul/2021:22:10:54 -0400] "GET /?author=2 HTTP/1.1" 301 341 "-" "Mozilla/5.0 (Windows NT 6.1; Win64; x64) AppleWebKit/537.36 (KHTML, like Gecko) Chrome/59.0.3071.115 Safari/537.36"
194.61.54.86 - - [04/Jul/2021:22:10:54 -0400] "GET /?author=3 HTTP/1.1" 404 15368 "-" "Mozilla/5.0 (Windows NT 6.1; Win64; x64) AppleWebKit/537.36 (KHTML, like Gecko) Chrome/59.0.3071.115 Safari/537.36"
194.61.54.86 - - [04/Jul/2021:22:10:56 -0400] "GET /xmlrpc.php HTTP/1.1" 405 6113 "-" "Mozilla/5.0 (Windows NT 6.1; Win64; x64) AppleWebKit/537.36 (KHTML, like Gecko) Chrome/59.0.3071.115 Safari/537.36"
194.61.54.86 - - [04/Jul/2021:22:10:56 -0400] "POST /xmlrpc.php HTTP/1.1" 403 613 "-" "Mozilla/5.0 (Windows NT 6.1; Win64; x64) AppleWebKit/537.36 (KHTML, like Gecko) Chrome/59.0.3071.115 Safari/537.36"
194.61.54.86 - - [04/Jul/2021:22:10:58 -0400] "POST /xmlrpc.php HTTP/1.1" 403 6417 "-" "Mozilla/5.0 (Windows NT 6.1; Win64; x64) AppleWebKit/537.36 (KHTML, like Gecko) Chrome/59.0.3071.115 Safari/537.36"
194.61.54.86 - - [04/Jul/2021:22:11:00 -0400] "POST /xmlrpc.php HTTP/1.1" 403 6417 "-" "Mozilla/5.0 (Windows NT 6.1; Win64; x64) AppleWebKit/537.36 (KHTML, like Gecko) Chrome/59.0.3071.115 Safari/537.36"
194.61.54.86 - - [04/Jul/2021:22:11:02 -0400] "POST /xmlrpc.php HTTP/1.1" 403 6417 "-" "Mozilla/5.0 (Windows NT 6.1; Win64; x64) AppleWebKit/537.36 (KHTML, like Gecko) Chrome/59.0.3071.115 Safari/537.36"
194.61.54.86 - - [04/Jul/2021:22:11:04 -0400] "POST /xmlrpc.php HTTP/1.1" 403 6417 "-" "Mozilla/5.0 (Windows NT 6.1; Win64; x64) AppleWebKit/537.36 (KHTML, like Gecko) Chrome/59.0.3071.115 Safari/537.36"
194.61.54.86 - - [04/Jul/2021:22:11:05 -0400] "POST /xmlrpc.php HTTP/1.1" 403 6417 "-" "Mozilla/5.0 (Windows NT 6.1; Win64; x64) AppleWebKit/537.36 (KHTML, like Gecko) Chrome/59.0.3071.115 Safari/537.36"
194.61.54.86 - - [04/Jul/2021:22:11:09 -0400] "POST /xmlrpc.php HTTP/1.1" 403 6417 "-" "Mozilla/5.0 (Windows NT 6.1; Win64; x64) AppleWebKit/537.36 (KHTML, like Gecko) Chrome/59.0.3071.115 Safari/537.36"
194.61.54.86 - - [04/Jul/2021:22:11:10 -0400] "POST /xmlrpc.php HTTP/1.1" 403 6417 "-" "Mozilla/5.0 (Windows NT 6.1; Win64; x64) AppleWebKit/537.36 (KHTML, like Gecko) Chrome/59.0.3071.115 Safari/537.36"
194.61.54.86 - - [04/Jul/2021:22:11:12 -0400] "POST /xmlrpc.php HTTP/1.1" 403 6417 "-" "Mozilla/5.0 (Windows NT 6.1; Win64; x64) AppleWebKit/537.36 (KHTML, like Gecko) Chrome/59.0.3071.115 Safari/537.36"
194.61.54.86 - - [04/Jul/2021:22:11:13 -0400] "POST /xmlrpc.php HTTP/1.1" 403 6417 "-" "Mozilla/5.0 (Windows NT 6.1; Win64; x64) AppleWebKit/537.36 (KHTML, like Gecko) Chrome/59.0.3071.115 Safari/537.36"
194.61.54.86 - - [04/Jul/2021:22:11:14 -0400] "POST /xmlrpc.php HTTP/1.1" 403 6417 "-" "Mozilla/5.0 (Windows NT 6.1; Win64; x64) AppleWebKit/537.36 (KHTML, like Gecko) Chrome/59.0.3071.115 Safari/537.36"
194.61.54.86 - - [04/Jul/2021:22:11:17 -0400] "POST /xmlrpc.php HTTP/1.1" 403 6417 "-" "Mozilla/5.0 (Windows NT 6.1; Win64; x64) AppleWebKit/537.36 (KHTML, like Gecko) Chrome/59.0.3071.115 Safari/537.36"
194.61.54.86 - - [04/Jul/2021:22:11:19 -0400] "POST /xmlrpc.php HTTP/1.1" 403 6417 "-" "Mozilla/5.0 (Windows NT 6.1; Win64; x64) AppleWebKit/537.36 (KHTML, like Gecko) Chrome/59.0.3071.115 Safari/537.36"
194.61.54.86 - - [04/Jul/2021:22:11:20 -0400] "POST /xmlrpc.php HTTP/1.1" 403 6417 "-" "Mozilla/5.0 (Windows NT 6.1; Win64; x64) AppleWebKit/537.36 (KHTML, like Gecko) Chrome/59.0.3071.115 Safari/537.36"
194.61.54.86 - - [04/Jul/2021:22:11:22 -0400] "POST /xmlrpc.php HTTP/1.1" 403 6417 "-" "Mozilla/5.0 (Windows NT 6.1; Win64; x64) AppleWebKit/537.36 (KHTML, like Gecko) Chrome/59.0.3071.115 Safari/537.36"
194.61.54.86 - - [04/Jul/2021:22:11:23 -0400] "POST /xmlrpc.php HTTP/1.1" 403 6417 "-" "Mozilla/5.0 (Windows NT 6.1; Win64; x64) AppleWebKit/537.36 (KHTML, like Gecko) Chrome/59.0.3071.115 Safari/537.36"
194.61.54.86 - - [04/Jul/2021:22:11:25 -0400] "POST /xmlrpc.php HTTP/1.1" 403 6417 "-" "Mozilla/5.0 (Windows NT 6.1; Win64; x64) AppleWebKit/537.36 (KHTML, like Gecko) Chrome/59.0.3071.115 Safari/537.36"
194.61.54.86 - - [04/Jul/2021:22:11:26 -0400] "POST /xmlrpc.php HTTP/1.1" 403 6417 "-" "Mozilla/5.0 (Windows NT 6.1; Win64; x64) AppleWebKit/537.36 (KHTML, like Gecko) Chrome/59.0.3071.115 Safari/537.36"
194.61.54.86 - - [04/Jul/2021:22:11:28 -0400] "POST /xmlrpc.php HTTP/1.1" 403 6417 "-" "Mozilla/5.0 (Windows NT 6.1; Win64; x64) AppleWebKit/537.36 (KHTML, like Gecko) Chrome/59.0.3071.115 Safari/537.36"
194.61.54.86 - - [04/Jul/2021:22:11:30 -0400] "POST /xmlrpc.php HTTP/1.1" 403 6417 "-" "Mozilla/5.0 (Windows NT 6.1; Win64; x64) AppleWebKit/537.36 (KHTML, like Gecko) Chrome/59.0.3071.115 Safari/537.36"
194.61.54.86 - - [04/Jul/2021:22:11:32 -0400] "POST /xmlrpc.php HTTP/1.1" 403 6417 "-" "Mozilla/5.0 (Windows NT 6.1; Win64; x64) AppleWebKit/537.36 (KHTML, like Gecko) Chrome/59.0.3071.115 Safari/537.36"
194.61.54.86 - - [04/Jul/2021:22:11:33 -0400] "POST /xmlrpc.php HTTP/1.1" 403 6417 "-" "Mozilla/5.0 (Windows NT 6.1; Win64; x64) AppleWebKit/537.36 (KHTML, like Gecko) Chrome/59.0.3071.115 Safari/537.36"
194.61.54.86 - - [04/Jul/2021:22:11:35 -0400] "POST /xmlrpc.php HTTP/1.1" 403 6417 "-" "Mozilla/5.0 (Windows NT 6.1; Win64; x64) AppleWebKit/537.36 (KHTML, like Gecko) Chrome/59.0.3071.115 Safari/537.36"
194.61.54.86 - - [04/Jul/2021:22:11:38 -0400] "POST /xmlrpc.php HTTP/1.1" 403 6417 "-" "Mozilla/5.0 (Windows NT 6.1; Win64; x64) AppleWebKit/537.36 (KHTML, like Gecko) Chrome/59.0.3071.115 Safari/537.36"
194.61.54.86 - - [04/Jul/2021:22:11:39 -0400] "POST /xmlrpc.php HTTP/1.1" 403 6417 "-" "Mozilla/5.0 (Windows NT 6.1; Win64; x64) AppleWebKit/537.36 (KHTML, like Gecko) Chrome/59.0.3071.115 Safari/537.36"
64.20.61.52 - - [04/Jul/2021:22:11:40 -0400] "POST /wp-cron.php?doing_wp_cron=1625451100.1159579753875732421875 HTTP/1.1" 301 673 "-" "WordPress/5.7.2; http://daniewatsonwriter.com"
194.61.54.86 - - [04/Jul/2021:22:11:41 -0400] "POST /xmlrpc.php HTTP/1.1" 403 6417 "-" "Mozilla/5.0 (Windows NT 6.1; Win64; x64) AppleWebKit/537.36 (KHTML, like Gecko) Chrome/59.0.3071.115 Safari/537.36"
194.61.54.86 - - [04/Jul/2021:22:11:43 -0400] "POST /xmlrpc.php HTTP/1.1" 403 6417 "-" "Mozilla/5.0 (Windows NT 6.1; Win64; x64) AppleWebKit/537.36 (KHTML, like Gecko) Chrome/59.0.3071.115 Safari/537.36"
194.61.54.86 - - [04/Jul/2021:22:11:45 -0400] "POST /xmlrpc.php HTTP/1.1" 403 6417 "-" "Mozilla/5.0 (Windows NT 6.1; Win64; x64) AppleWebKit/537.36 (KHTML, like Gecko) Chrome/59.0.3071.115 Safari/537.36"
194.61.54.86 - - [04/Jul/2021:22:11:46 -0400] "POST /xmlrpc.php HTTP/1.1" 403 6417 "-" "Mozilla/5.0 (Windows NT 6.1; Win64; x64) AppleWebKit/537.36 (KHTML, like Gecko) Chrome/59.0.3071.115 Safari/537.36"
194.61.54.86 - - [04/Jul/2021:22:11:48 -0400] "POST /xmlrpc.php HTTP/1.1" 403 6417 "-" "Mozilla/5.0 (Windows NT 6.1; Win64; x64) AppleWebKit/537.36 (KHTML, like Gecko) Chrome/59.0.3071.115 Safari/537.36"
194.61.54.86 - - [04/Jul/2021:22:11:49 -0400] "POST /xmlrpc.php HTTP/1.1" 403 6417 "-" "Mozilla/5.0 (Windows NT 6.1; Win64; x64) AppleWebKit/537.36 (KHTML, like Gecko) Chrome/59.0.3071.115 Safari/537.36"
194.61.54.86 - - [04/Jul/2021:22:11:51 -0400] "POST /xmlrpc.php HTTP/1.1" 403 6417 "-" "Mozilla/5.0 (Windows NT 6.1; Win64; x64) AppleWebKit/537.36 (KHTML, like Gecko) Chrome/59.0.3071.115 Safari/537.36"
194.61.54.86 - - [04/Jul/2021:22:11:52 -0400] "POST /xmlrpc.php HTTP/1.1" 403 6417 "-" "Mozilla/5.0 (Windows NT 6.1; Win64; x64) AppleWebKit/537.36 (KHTML, like Gecko) Chrome/59.0.3071.115 Safari/537.36"
194.61.54.86 - - [04/Jul/2021:22:11:54 -0400] "POST /xmlrpc.php HTTP/1.1" 403 6417 "-" "Mozilla/5.0 (Windows NT 6.1; Win64; x64) AppleWebKit/537.36 (KHTML, like Gecko) Chrome/59.0.3071.115 Safari/537.36"
194.61.54.86 - - [04/Jul/2021:22:11:55 -0400] "POST /xmlrpc.php HTTP/1.1" 403 6417 "-" "Mozilla/5.0 (Windows NT 6.1; Win64; x64) AppleWebKit/537.36 (KHTML, like Gecko) Chrome/59.0.3071.115 Safari/537.36"
194.61.54.86 - - [04/Jul/2021:22:11:56 -0400] "POST /xmlrpc.php HTTP/1.1" 403 6417 "-" "Mozilla/5.0 (Windows NT 6.1; Win64; x64) AppleWebKit/537.36 (KHTML, like Gecko) Chrome/59.0.3071.115 Safari/537.36"
194.61.54.86 - - [04/Jul/2021:22:11:58 -0400] "POST /xmlrpc.php HTTP/1.1" 403 6417 "-" "Mozilla/5.0 (Windows NT 6.1; Win64; x64) AppleWebKit/537.36 (KHTML, like Gecko) Chrome/59.0.3071.115 Safari/537.36"
194.61.54.86 - - [04/Jul/2021:22:12:01 -0400] "POST /xmlrpc.php HTTP/1.1" 403 6417 "-" "Mozilla/5.0 (Windows NT 6.1; Win64; x64) AppleWebKit/537.36 (KHTML, like Gecko) Chrome/59.0.3071.115 Safari/537.36"
54.36.149.102 - - [04/Jul/2021:22:12:02 -0400] "GET /robots.txt HTTP/1.1" 301 556 "-" "Mozilla/5.0 (compatible; AhrefsBot/7.0; +http://ahrefs.com/robot/)"
54.36.149.102 - - [04/Jul/2021:22:12:02 -0400] "GET /robots.txt HTTP/1.1" 404 6540 "-" "Mozilla/5.0 (compatible; AhrefsBot/7.0; +http://ahrefs.com/robot/)"
194.61.54.86 - - [04/Jul/2021:22:12:02 -0400] "POST /xmlrpc.php HTTP/1.1" 403 6417 "-" "Mozilla/5.0 (Windows NT 6.1; Win64; x64) AppleWebKit/537.36 (KHTML, like Gecko) Chrome/59.0.3071.115 Safari/537.36"
54.36.148.60 - - [04/Jul/2021:22:12:03 -0400] "GET / HTTP/1.1" 301 536 "-" "Mozilla/5.0 (compatible; AhrefsBot/7.0; +http://ahrefs.com/robot/)"
194.61.54.86 - - [04/Jul/2021:22:12:04 -0400] "POST /xmlrpc.php HTTP/1.1" 403 6417 "-" "Mozilla/5.0 (Windows NT 6.1; Win64; x64) AppleWebKit/537.36 (KHTML, like Gecko) Chrome/59.0.3071.115 Safari/537.36"
194.61.54.86 - - [04/Jul/2021:22:12:05 -0400] "POST /xmlrpc.php HTTP/1.1" 403 6417 "-" "Mozilla/5.0 (Windows NT 6.1; Win64; x64) AppleWebKit/537.36 (KHTML, like Gecko) Chrome/59.0.3071.115 Safari/537.36"
194.61.54.86 - - [04/Jul/2021:22:12:07 -0400] "POST /xmlrpc.php HTTP/1.1" 403 6417 "-" "Mozilla/5.0 (Windows NT 6.1; Win64; x64) AppleWebKit/537.36 (KHTML, like Gecko) Chrome/59.0.3071.115 Safari/537.36"
194.61.54.86 - - [04/Jul/2021:22:12:09 -0400] "POST /xmlrpc.php HTTP/1.1" 403 6417 "-" "Mozilla/5.0 (Windows NT 6.1; Win64; x64) AppleWebKit/537.36 (KHTML, like Gecko) Chrome/59.0.3071.115 Safari/537.36"
194.61.54.86 - - [04/Jul/2021:22:12:11 -0400] "POST /xmlrpc.php HTTP/1.1" 403 6417 "-" "Mozilla/5.0 (Windows NT 6.1; Win64; x64) AppleWebKit/537.36 (KHTML, like Gecko) Chrome/59.0.3071.115 Safari/537.36"
194.61.54.86 - - [04/Jul/2021:22:12:13 -0400] "POST /xmlrpc.php HTTP/1.1" 403 6417 "-" "Mozilla/5.0 (Windows NT 6.1; Win64; x64) AppleWebKit/537.36 (KHTML, like Gecko) Chrome/59.0.3071.115 Safari/537.36"
194.61.54.86 - - [04/Jul/2021:22:12:15 -0400] "POST /xmlrpc.php HTTP/1.1" 403 6417 "-" "Mozilla/5.0 (Windows NT 6.1; Win64; x64) AppleWebKit/537.36 (KHTML, like Gecko) Chrome/59.0.3071.115 Safari/537.36"
194.61.54.86 - - [04/Jul/2021:22:12:16 -0400] "POST /xmlrpc.php HTTP/1.1" 403 6417 "-" "Mozilla/5.0 (Windows NT 6.1; Win64; x64) AppleWebKit/537.36 (KHTML, like Gecko) Chrome/59.0.3071.115 Safari/537.36"
194.61.54.86 - - [04/Jul/2021:22:12:18 -0400] "POST /xmlrpc.php HTTP/1.1" 403 6417 "-" "Mozilla/5.0 (Windows NT 6.1; Win64; x64) AppleWebKit/537.36 (KHTML, like Gecko) Chrome/59.0.3071.115 Safari/537.36"
194.61.54.86 - - [04/Jul/2021:22:12:19 -0400] "POST /xmlrpc.php HTTP/1.1" 403 6417 "-" "Mozilla/5.0 (Windows NT 6.1; Win64; x64) AppleWebKit/537.36 (KHTML, like Gecko) Chrome/59.0.3071.115 Safari/537.36"
194.61.54.86 - - [04/Jul/2021:22:12:21 -0400] "POST /xmlrpc.php HTTP/1.1" 403 6417 "-" "Mozilla/5.0 (Windows NT 6.1; Win64; x64) AppleWebKit/537.36 (KHTML, like Gecko) Chrome/59.0.3071.115 Safari/537.36"
194.61.54.86 - - [04/Jul/2021:22:12:23 -0400] "POST /xmlrpc.php HTTP/1.1" 403 6417 "-" "Mozilla/5.0 (Windows NT 6.1; Win64; x64) AppleWebKit/537.36 (KHTML, like Gecko) Chrome/59.0.3071.115 Safari/537.36"
194.61.54.86 - - [04/Jul/2021:22:12:25 -0400] "POST /xmlrpc.php HTTP/1.1" 403 6417 "-" "Mozilla/5.0 (Windows NT 6.1; Win64; x64) AppleWebKit/537.36 (KHTML, like Gecko) Chrome/59.0.3071.115 Safari/537.36"
194.61.54.86 - - [04/Jul/2021:22:12:26 -0400] "POST /xmlrpc.php HTTP/1.1" 403 6417 "-" "Mozilla/5.0 (Windows NT 6.1; Win64; x64) AppleWebKit/537.36 (KHTML, like Gecko) Chrome/59.0.3071.115 Safari/537.36"
194.61.54.86 - - [04/Jul/2021:22:12:27 -0400] "POST /xmlrpc.php HTTP/1.1" 403 6417 "-" "Mozilla/5.0 (Windows NT 6.1; Win64; x64) AppleWebKit/537.36 (KHTML, like Gecko) Chrome/59.0.3071.115 Safari/537.36"
194.61.54.86 - - [04/Jul/2021:22:12:29 -0400] "POST /xmlrpc.php HTTP/1.1" 403 6417 "-" "Mozilla/5.0 (Windows NT 6.1; Win64; x64) AppleWebKit/537.36 (KHTML, like Gecko) Chrome/59.0.3071.115 Safari/537.36"
194.61.54.86 - - [04/Jul/2021:22:12:31 -0400] "POST /xmlrpc.php HTTP/1.1" 403 6417 "-" "Mozilla/5.0 (Windows NT 6.1; Win64; x64) AppleWebKit/537.36 (KHTML, like Gecko) Chrome/59.0.3071.115 Safari/537.36"
194.61.54.86 - - [04/Jul/2021:22:12:32 -0400] "POST /xmlrpc.php HTTP/1.1" 403 6417 "-" "Mozilla/5.0 (Windows NT 6.1; Win64; x64) AppleWebKit/537.36 (KHTML, like Gecko) Chrome/59.0.3071.115 Safari/537.36"
194.61.54.86 - - [04/Jul/2021:22:12:33 -0400] "POST /xmlrpc.php HTTP/1.1" 403 6417 "-" "Mozilla/5.0 (Windows NT 6.1; Win64; x64) AppleWebKit/537.36 (KHTML, like Gecko) Chrome/59.0.3071.115 Safari/537.36"
194.61.54.86 - - [04/Jul/2021:22:12:35 -0400] "POST /xmlrpc.php HTTP/1.1" 403 6417 "-" "Mozilla/5.0 (Windows NT 6.1; Win64; x64) AppleWebKit/537.36 (KHTML, like Gecko) Chrome/59.0.3071.115 Safari/537.36"
194.61.54.86 - - [04/Jul/2021:22:12:37 -0400] "POST /xmlrpc.php HTTP/1.1" 403 6417 "-" "Mozilla/5.0 (Windows NT 6.1; Win64; x64) AppleWebKit/537.36 (KHTML, like Gecko) Chrome/59.0.3071.115 Safari/537.36"
194.61.54.86 - - [04/Jul/2021:22:12:39 -0400] "POST /xmlrpc.php HTTP/1.1" 403 6417 "-" "Mozilla/5.0 (Windows NT 6.1; Win64; x64) AppleWebKit/537.36 (KHTML, like Gecko) Chrome/59.0.3071.115 Safari/537.36"
194.61.54.86 - - [04/Jul/2021:22:12:40 -0400] "POST /xmlrpc.php HTTP/1.1" 403 6417 "-" "Mozilla/5.0 (Windows NT 6.1; Win64; x64) AppleWebKit/537.36 (KHTML, like Gecko) Chrome/59.0.3071.115 Safari/537.36"
194.61.54.86 - - [04/Jul/2021:22:12:42 -0400] "POST /xmlrpc.php HTTP/1.1" 403 6417 "-" "Mozilla/5.0 (Windows NT 6.1; Win64; x64) AppleWebKit/537.36 (KHTML, like Gecko) Chrome/59.0.3071.115 Safari/537.36"
194.61.54.86 - - [04/Jul/2021:22:12:44 -0400] "POST /xmlrpc.php HTTP/1.1" 403 6417 "-" "Mozilla/5.0 (Windows NT 6.1; Win64; x64) AppleWebKit/537.36 (KHTML, like Gecko) Chrome/59.0.3071.115 Safari/537.36"
194.61.54.86 - - [04/Jul/2021:22:12:45 -0400] "POST /xmlrpc.php HTTP/1.1" 403 6417 "-" "Mozilla/5.0 (Windows NT 6.1; Win64; x64) AppleWebKit/537.36 (KHTML, like Gecko) Chrome/59.0.3071.115 Safari/537.36"
194.61.54.86 - - [04/Jul/2021:22:12:46 -0400] "POST /xmlrpc.php HTTP/1.1" 403 6417 "-" "Mozilla/5.0 (Windows NT 6.1; Win64; x64) AppleWebKit/537.36 (KHTML, like Gecko) Chrome/59.0.3071.115 Safari/537.36"
194.61.54.86 - - [04/Jul/2021:22:12:47 -0400] "POST /xmlrpc.php HTTP/1.1" 403 6417 "-" "Mozilla/5.0 (Windows NT 6.1; Win64; x64) AppleWebKit/537.36 (KHTML, like Gecko) Chrome/59.0.3071.115 Safari/537.36"
194.61.54.86 - - [04/Jul/2021:22:12:50 -0400] "POST /xmlrpc.php HTTP/1.1" 403 6417 "-" "Mozilla/5.0 (Windows NT 6.1; Win64; x64) AppleWebKit/537.36 (KHTML, like Gecko) Chrome/59.0.3071.115 Safari/537.36"
194.61.54.86 - - [04/Jul/2021:22:12:52 -0400] "POST /xmlrpc.php HTTP/1.1" 403 6417 "-" "Mozilla/5.0 (Windows NT 6.1; Win64; x64) AppleWebKit/537.36 (KHTML, like Gecko) Chrome/59.0.3071.115 Safari/537.36"
194.61.54.86 - - [04/Jul/2021:22:12:53 -0400] "POST /xmlrpc.php HTTP/1.1" 403 6417 "-" "Mozilla/5.0 (Windows NT 6.1; Win64; x64) AppleWebKit/537.36 (KHTML, like Gecko) Chrome/59.0.3071.115 Safari/537.36"
194.61.54.86 - - [04/Jul/2021:22:12:54 -0400] "POST /xmlrpc.php HTTP/1.1" 403 6417 "-" "Mozilla/5.0 (Windows NT 6.1; Win64; x64) AppleWebKit/537.36 (KHTML, like Gecko) Chrome/59.0.3071.115 Safari/537.36"
194.61.54.86 - - [04/Jul/2021:22:12:56 -0400] "POST /xmlrpc.php HTTP/1.1" 403 6417 "-" "Mozilla/5.0 (Windows NT 6.1; Win64; x64) AppleWebKit/537.36 (KHTML, like Gecko) Chrome/59.0.3071.115 Safari/537.36"
194.61.54.86 - - [04/Jul/2021:22:12:58 -0400] "POST /xmlrpc.php HTTP/1.1" 403 6417 "-" "Mozilla/5.0 (Windows NT 6.1; Win64; x64) AppleWebKit/537.36 (KHTML, like Gecko) Chrome/59.0.3071.115 Safari/537.36"
194.61.54.86 - - [04/Jul/2021:22:12:59 -0400] "POST /xmlrpc.php HTTP/1.1" 403 6417 "-" "Mozilla/5.0 (Windows NT 6.1; Win64; x64) AppleWebKit/537.36 (KHTML, like Gecko) Chrome/59.0.3071.115 Safari/537.36"
194.61.54.86 - - [04/Jul/2021:22:13:01 -0400] "POST /xmlrpc.php HTTP/1.1" 403 6417 "-" "Mozilla/5.0 (Windows NT 6.1; Win64; x64) AppleWebKit/537.36 (KHTML, like Gecko) Chrome/59.0.3071.115 Safari/537.36"
194.61.54.86 - - [04/Jul/2021:22:13:02 -0400] "POST /xmlrpc.php HTTP/1.1" 403 6417 "-" "Mozilla/5.0 (Windows NT 6.1; Win64; x64) AppleWebKit/537.36 (KHTML, like Gecko) Chrome/59.0.3071.115 Safari/537.36"
194.61.54.86 - - [04/Jul/2021:22:13:04 -0400] "POST /xmlrpc.php HTTP/1.1" 403 6417 "-" "Mozilla/5.0 (Windows NT 6.1; Win64; x64) AppleWebKit/537.36 (KHTML, like Gecko) Chrome/59.0.3071.115 Safari/537.36"
194.61.54.86 - - [04/Jul/2021:22:13:05 -0400] "POST /xmlrpc.php HTTP/1.1" 403 6417 "-" "Mozilla/5.0 (Windows NT 6.1; Win64; x64) AppleWebKit/537.36 (KHTML, like Gecko) Chrome/59.0.3071.115 Safari/537.36"
194.61.54.86 - - [04/Jul/2021:22:13:07 -0400] "POST /xmlrpc.php HTTP/1.1" 403 6417 "-" "Mozilla/5.0 (Windows NT 6.1; Win64; x64) AppleWebKit/537.36 (KHTML, like Gecko) Chrome/59.0.3071.115 Safari/537.36"
194.61.54.86 - - [04/Jul/2021:22:13:08 -0400] "POST /xmlrpc.php HTTP/1.1" 403 6417 "-" "Mozilla/5.0 (Windows NT 6.1; Win64; x64) AppleWebKit/537.36 (KHTML, like Gecko) Chrome/59.0.3071.115 Safari/537.36"
194.61.54.86 - - [04/Jul/2021:22:13:09 -0400] "POST /xmlrpc.php HTTP/1.1" 403 6417 "-" "Mozilla/5.0 (Windows NT 6.1; Win64; x64) AppleWebKit/537.36 (KHTML, like Gecko) Chrome/59.0.3071.115 Safari/537.36"
194.61.54.86 - - [04/Jul/2021:22:13:17 -0400] "POST /xmlrpc.php HTTP/1.1" 403 6417 "-" "Mozilla/5.0 (Windows NT 6.1; Win64; x64) AppleWebKit/537.36 (KHTML, like Gecko) Chrome/59.0.3071.115 Safari/537.36"
194.61.54.86 - - [04/Jul/2021:22:13:18 -0400] "POST /xmlrpc.php HTTP/1.1" 403 6417 "-" "Mozilla/5.0 (Windows NT 6.1; Win64; x64) AppleWebKit/537.36 (KHTML, like Gecko) Chrome/59.0.3071.115 Safari/537.36"
194.61.54.86 - - [04/Jul/2021:22:13:21 -0400] "POST /xmlrpc.php HTTP/1.1" 403 6417 "-" "Mozilla/5.0 (Windows NT 6.1; Win64; x64) AppleWebKit/537.36 (KHTML, like Gecko) Chrome/59.0.3071.115 Safari/537.36"
194.61.54.86 - - [04/Jul/2021:22:13:22 -0400] "POST /xmlrpc.php HTTP/1.1" 403 6417 "-" "Mozilla/5.0 (Windows NT 6.1; Win64; x64) AppleWebKit/537.36 (KHTML, like Gecko) Chrome/59.0.3071.115 Safari/537.36"
194.61.54.86 - - [04/Jul/2021:22:13:24 -0400] "POST /xmlrpc.php HTTP/1.1" 403 6417 "-" "Mozilla/5.0 (Windows NT 6.1; Win64; x64) AppleWebKit/537.36 (KHTML, like Gecko) Chrome/59.0.3071.115 Safari/537.36"
194.61.54.86 - - [04/Jul/2021:22:13:25 -0400] "POST /xmlrpc.php HTTP/1.1" 403 6417 "-" "Mozilla/5.0 (Windows NT 6.1; Win64; x64) AppleWebKit/537.36 (KHTML, like Gecko) Chrome/59.0.3071.115 Safari/537.36"
194.61.54.86 - - [04/Jul/2021:22:13:27 -0400] "POST /xmlrpc.php HTTP/1.1" 403 6417 "-" "Mozilla/5.0 (Windows NT 6.1; Win64; x64) AppleWebKit/537.36 (KHTML, like Gecko) Chrome/59.0.3071.115 Safari/537.36"
194.61.54.86 - - [04/Jul/2021:22:13:29 -0400] "POST /xmlrpc.php HTTP/1.1" 403 6417 "-" "Mozilla/5.0 (Windows NT 6.1; Win64; x64) AppleWebKit/537.36 (KHTML, like Gecko) Chrome/59.0.3071.115 Safari/537.36"
194.61.54.86 - - [04/Jul/2021:22:13:30 -0400] "POST /xmlrpc.php HTTP/1.1" 403 6417 "-" "Mozilla/5.0 (Windows NT 6.1; Win64; x64) AppleWebKit/537.36 (KHTML, like Gecko) Chrome/59.0.3071.115 Safari/537.36"
194.61.54.86 - - [04/Jul/2021:22:13:31 -0400] "POST /xmlrpc.php HTTP/1.1" 403 6417 "-" "Mozilla/5.0 (Windows NT 6.1; Win64; x64) AppleWebKit/537.36 (KHTML, like Gecko) Chrome/59.0.3071.115 Safari/537.36"
194.61.54.86 - - [04/Jul/2021:22:13:33 -0400] "POST /xmlrpc.php HTTP/1.1" 403 6417 "-" "Mozilla/5.0 (Windows NT 6.1; Win64; x64) AppleWebKit/537.36 (KHTML, like Gecko) Chrome/59.0.3071.115 Safari/537.36"
194.61.54.86 - - [04/Jul/2021:22:13:35 -0400] "POST /xmlrpc.php HTTP/1.1" 403 6417 "-" "Mozilla/5.0 (Windows NT 6.1; Win64; x64) AppleWebKit/537.36 (KHTML, like Gecko) Chrome/59.0.3071.115 Safari/537.36"
194.61.54.86 - - [04/Jul/2021:22:13:36 -0400] "POST /xmlrpc.php HTTP/1.1" 403 6417 "-" "Mozilla/5.0 (Windows NT 6.1; Win64; x64) AppleWebKit/537.36 (KHTML, like Gecko) Chrome/59.0.3071.115 Safari/537.36"
194.61.54.86 - - [04/Jul/2021:22:13:37 -0400] "POST /xmlrpc.php HTTP/1.1" 403 6417 "-" "Mozilla/5.0 (Windows NT 6.1; Win64; x64) AppleWebKit/537.36 (KHTML, like Gecko) Chrome/59.0.3071.115 Safari/537.36"
194.61.54.86 - - [04/Jul/2021:22:13:38 -0400] "POST /xmlrpc.php HTTP/1.1" 403 6417 "-" "Mozilla/5.0 (Windows NT 6.1; Win64; x64) AppleWebKit/537.36 (KHTML, like Gecko) Chrome/59.0.3071.115 Safari/537.36"
194.61.54.86 - - [04/Jul/2021:22:13:41 -0400] "POST /xmlrpc.php HTTP/1.1" 403 6417 "-" "Mozilla/5.0 (Windows NT 6.1; Win64; x64) AppleWebKit/537.36 (KHTML, like Gecko) Chrome/59.0.3071.115 Safari/537.36"
194.61.54.86 - - [04/Jul/2021:22:13:43 -0400] "POST /xmlrpc.php HTTP/1.1" 403 6417 "-" "Mozilla/5.0 (Windows NT 6.1; Win64; x64) AppleWebKit/537.36 (KHTML, like Gecko) Chrome/59.0.3071.115 Safari/537.36"
194.61.54.86 - - [04/Jul/2021:22:13:45 -0400] "POST /xmlrpc.php HTTP/1.1" 403 6417 "-" "Mozilla/5.0 (Windows NT 6.1; Win64; x64) AppleWebKit/537.36 (KHTML, like Gecko) Chrome/59.0.3071.115 Safari/537.36"
194.61.54.86 - - [04/Jul/2021:22:13:46 -0400] "POST /xmlrpc.php HTTP/1.1" 403 6417 "-" "Mozilla/5.0 (Windows NT 6.1; Win64; x64) AppleWebKit/537.36 (KHTML, like Gecko) Chrome/59.0.3071.115 Safari/537.36"
194.61.54.86 - - [04/Jul/2021:22:13:47 -0400] "POST /xmlrpc.php HTTP/1.1" 403 6417 "-" "Mozilla/5.0 (Windows NT 6.1; Win64; x64) AppleWebKit/537.36 (KHTML, like Gecko) Chrome/59.0.3071.115 Safari/537.36"
194.61.54.86 - - [04/Jul/2021:22:13:49 -0400] "POST /xmlrpc.php HTTP/1.1" 403 6417 "-" "Mozilla/5.0 (Windows NT 6.1; Win64; x64) AppleWebKit/537.36 (KHTML, like Gecko) Chrome/59.0.3071.115 Safari/537.36"
194.61.54.86 - - [04/Jul/2021:22:13:50 -0400] "POST /xmlrpc.php HTTP/1.1" 403 6417 "-" "Mozilla/5.0 (Windows NT 6.1; Win64; x64) AppleWebKit/537.36 (KHTML, like Gecko) Chrome/59.0.3071.115 Safari/537.36"
194.61.54.86 - - [04/Jul/2021:22:13:51 -0400] "POST /xmlrpc.php HTTP/1.1" 403 6417 "-" "Mozilla/5.0 (Windows NT 6.1; Win64; x64) AppleWebKit/537.36 (KHTML, like Gecko) Chrome/59.0.3071.115 Safari/537.36"
194.61.54.86 - - [04/Jul/2021:22:13:52 -0400] "POST /xmlrpc.php HTTP/1.1" 403 6417 "-" "Mozilla/5.0 (Windows NT 6.1; Win64; x64) AppleWebKit/537.36 (KHTML, like Gecko) Chrome/59.0.3071.115 Safari/537.36"
194.61.54.86 - - [04/Jul/2021:22:13:54 -0400] "POST /xmlrpc.php HTTP/1.1" 403 6417 "-" "Mozilla/5.0 (Windows NT 6.1; Win64; x64) AppleWebKit/537.36 (KHTML, like Gecko) Chrome/59.0.3071.115 Safari/537.36"
194.61.54.86 - - [04/Jul/2021:22:13:55 -0400] "POST /xmlrpc.php HTTP/1.1" 403 6417 "-" "Mozilla/5.0 (Windows NT 6.1; Win64; x64) AppleWebKit/537.36 (KHTML, like Gecko) Chrome/59.0.3071.115 Safari/537.36"
194.61.54.86 - - [04/Jul/2021:22:13:57 -0400] "POST /xmlrpc.php HTTP/1.1" 403 6417 "-" "Mozilla/5.0 (Windows NT 6.1; Win64; x64) AppleWebKit/537.36 (KHTML, like Gecko) Chrome/59.0.3071.115 Safari/537.36"
194.61.54.86 - - [04/Jul/2021:22:13:58 -0400] "POST /xmlrpc.php HTTP/1.1" 403 6417 "-" "Mozilla/5.0 (Windows NT 6.1; Win64; x64) AppleWebKit/537.36 (KHTML, like Gecko) Chrome/59.0.3071.115 Safari/537.36"
194.61.54.86 - - [04/Jul/2021:22:14:00 -0400] "POST /xmlrpc.php HTTP/1.1" 403 6417 "-" "Mozilla/5.0 (Windows NT 6.1; Win64; x64) AppleWebKit/537.36 (KHTML, like Gecko) Chrome/59.0.3071.115 Safari/537.36"
194.61.54.86 - - [04/Jul/2021:22:14:02 -0400] "POST /xmlrpc.php HTTP/1.1" 403 6417 "-" "Mozilla/5.0 (Windows NT 6.1; Win64; x64) AppleWebKit/537.36 (KHTML, like Gecko) Chrome/59.0.3071.115 Safari/537.36"
194.61.54.86 - - [04/Jul/2021:22:14:03 -0400] "POST /xmlrpc.php HTTP/1.1" 403 6417 "-" "Mozilla/5.0 (Windows NT 6.1; Win64; x64) AppleWebKit/537.36 (KHTML, like Gecko) Chrome/59.0.3071.115 Safari/537.36"
194.61.54.86 - - [04/Jul/2021:22:14:04 -0400] "POST /xmlrpc.php HTTP/1.1" 403 6417 "-" "Mozilla/5.0 (Windows NT 6.1; Win64; x64) AppleWebKit/537.36 (KHTML, like Gecko) Chrome/59.0.3071.115 Safari/537.36"
194.61.54.86 - - [04/Jul/2021:22:14:06 -0400] "POST /xmlrpc.php HTTP/1.1" 403 6417 "-" "Mozilla/5.0 (Windows NT 6.1; Win64; x64) AppleWebKit/537.36 (KHTML, like Gecko) Chrome/59.0.3071.115 Safari/537.36"
194.61.54.86 - - [04/Jul/2021:22:14:07 -0400] "POST /xmlrpc.php HTTP/1.1" 403 6417 "-" "Mozilla/5.0 (Windows NT 6.1; Win64; x64) AppleWebKit/537.36 (KHTML, like Gecko) Chrome/59.0.3071.115 Safari/537.36"
194.61.54.86 - - [04/Jul/2021:22:14:09 -0400] "POST /xmlrpc.php HTTP/1.1" 403 6417 "-" "Mozilla/5.0 (Windows NT 6.1; Win64; x64) AppleWebKit/537.36 (KHTML, like Gecko) Chrome/59.0.3071.115 Safari/537.36"
194.61.54.86 - - [04/Jul/2021:22:14:11 -0400] "POST /xmlrpc.php HTTP/1.1" 403 6417 "-" "Mozilla/5.0 (Windows NT 6.1; Win64; x64) AppleWebKit/537.36 (KHTML, like Gecko) Chrome/59.0.3071.115 Safari/537.36"
194.61.54.86 - - [04/Jul/2021:22:14:12 -0400] "POST /xmlrpc.php HTTP/1.1" 403 6417 "-" "Mozilla/5.0 (Windows NT 6.1; Win64; x64) AppleWebKit/537.36 (KHTML, like Gecko) Chrome/59.0.3071.115 Safari/537.36"
194.61.54.86 - - [04/Jul/2021:22:14:14 -0400] "POST /xmlrpc.php HTTP/1.1" 403 6417 "-" "Mozilla/5.0 (Windows NT 6.1; Win64; x64) AppleWebKit/537.36 (KHTML, like Gecko) Chrome/59.0.3071.115 Safari/537.36"
194.61.54.86 - - [04/Jul/2021:22:14:15 -0400] "POST /xmlrpc.php HTTP/1.1" 403 6417 "-" "Mozilla/5.0 (Windows NT 6.1; Win64; x64) AppleWebKit/537.36 (KHTML, like Gecko) Chrome/59.0.3071.115 Safari/537.36"
194.61.54.86 - - [04/Jul/2021:22:14:16 -0400] "POST /xmlrpc.php HTTP/1.1" 403 6417 "-" "Mozilla/5.0 (Windows NT 6.1; Win64; x64) AppleWebKit/537.36 (KHTML, like Gecko) Chrome/59.0.3071.115 Safari/537.36"
194.61.54.86 - - [04/Jul/2021:22:14:18 -0400] "POST /xmlrpc.php HTTP/1.1" 403 6417 "-" "Mozilla/5.0 (Windows NT 6.1; Win64; x64) AppleWebKit/537.36 (KHTML, like Gecko) Chrome/59.0.3071.115 Safari/537.36"
194.61.54.86 - - [04/Jul/2021:22:14:19 -0400] "POST /xmlrpc.php HTTP/1.1" 403 6417 "-" "Mozilla/5.0 (Windows NT 6.1; Win64; x64) AppleWebKit/537.36 (KHTML, like Gecko) Chrome/59.0.3071.115 Safari/537.36"
194.61.54.86 - - [04/Jul/2021:22:14:20 -0400] "POST /xmlrpc.php HTTP/1.1" 403 6417 "-" "Mozilla/5.0 (Windows NT 6.1; Win64; x64) AppleWebKit/537.36 (KHTML, like Gecko) Chrome/59.0.3071.115 Safari/537.36"
194.61.54.86 - - [04/Jul/2021:22:14:22 -0400] "POST /xmlrpc.php HTTP/1.1" 403 6417 "-" "Mozilla/5.0 (Windows NT 6.1; Win64; x64) AppleWebKit/537.36 (KHTML, like Gecko) Chrome/59.0.3071.115 Safari/537.36"
194.61.54.86 - - [04/Jul/2021:22:14:24 -0400] "POST /xmlrpc.php HTTP/1.1" 403 6417 "-" "Mozilla/5.0 (Windows NT 6.1; Win64; x64) AppleWebKit/537.36 (KHTML, like Gecko) Chrome/59.0.3071.115 Safari/537.36"
64.20.61.52 - - [04/Jul/2021:22:15:25 -0400] "POST /wp-cron.php?doing_wp_cron=1625451325.2741529941558837890625 HTTP/1.1" 301 673 "-" "WordPress/5.7.2; http://daniewatsonwriter.com"
195.201.160.247 - - [04/Jul/2021:22:16:00 -0400] "GET /wp-login.php HTTP/1.1" 200 8076 "-" "Mozilla/5.0 (X11; Ubuntu; Linux x86_64; rv:62.0) Gecko/20100101 Firefox/62.0"
195.201.160.247 - - [04/Jul/2021:22:16:00 -0400] "POST /wp-login.php HTTP/1.1" 200 8199 "-" "Mozilla/5.0 (X11; Ubuntu; Linux x86_64; rv:62.0) Gecko/20100101 Firefox/62.0"
195.201.160.247 - - [04/Jul/2021:22:16:01 -0400] "POST /xmlrpc.php HTTP/1.1" 200 5786 "-" "Mozilla/5.0 (X11; Ubuntu; Linux x86_64; rv:62.0) Gecko/20100101 Firefox/62.0"
81.88.52.137 - - [04/Jul/2021:22:19:34 -0400] "POST /wp-login.php HTTP/1.1" 200 8902 "-" "Mozilla/5.0 (Windows NT 6.1; WOW64) AppleWebKit/537.36 (KHTML, like Gecko) Chrome/51.0.2704.106 Safari/537.36"
64.20.61.52 - - [04/Jul/2021:22:19:35 -0400] "POST /wp-cron.php?doing_wp_cron=1625451575.6506121158599853515625 HTTP/1.1" 301 673 "-" "WordPress/5.7.2; http://daniewatsonwriter.com"
202.172.26.22 - - [04/Jul/2021:22:24:05 -0400] "POST /wp-login.php HTTP/1.1" 200 8904 "-" "Mozilla/5.0 (Windows NT 6.1; Win64; x64) AppleWebKit/537.36 (KHTML, like Gecko) Chrome/66.0.3359.117 Safari/537.36"
185.120.7.1 - - [04/Jul/2021:22:32:59 -0400] "GET /wp-login.php HTTP/1.1" 200 8076 "-" "Mozilla/5.0 (X11; Ubuntu; Linux x86_64; rv:62.0) Gecko/20100101 Firefox/62.0"
185.120.7.1 - - [04/Jul/2021:22:33:00 -0400] "POST /wp-login.php HTTP/1.1" 200 8199 "-" "Mozilla/5.0 (X11; Ubuntu; Linux x86_64; rv:62.0) Gecko/20100101 Firefox/62.0"
185.120.7.1 - - [04/Jul/2021:22:33:00 -0400] "POST /xmlrpc.php HTTP/1.1" 200 5786 "-" "Mozilla/5.0 (X11; Ubuntu; Linux x86_64; rv:62.0) Gecko/20100101 Firefox/62.0"
209.244.159.152 - - [04/Jul/2021:22:35:28 -0400] "POST /wp-login.php HTTP/1.1" 200 8904 "-" "Mozilla/5.0 (Windows NT 6.1; Win64; x64) AppleWebKit/537.36 (KHTML, like Gecko) Chrome/66.0.3359.117 Safari/537.36"
64.20.61.52 - - [04/Jul/2021:22:43:49 -0400] "POST /wp-cron.php?doing_wp_cron=1625453029.4814379215240478515625 HTTP/1.1" 301 673 "-" "WordPress/5.7.2; http://daniewatsonwriter.com"
64.20.61.52 - - [04/Jul/2021:22:46:14 -0400] "POST /wp-cron.php?doing_wp_cron=1625453174.1851770877838134765625 HTTP/1.1" 301 673 "-" "WordPress/5.7.2; http://daniewatsonwriter.com"
64.20.61.52 - - [04/Jul/2021:22:49:47 -0400] "POST /wp-cron.php?doing_wp_cron=1625453387.2210381031036376953125 HTTP/1.1" 301 673 "-" "WordPress/5.7.2; http://daniewatsonwriter.com"
54.36.140.116 - - [04/Jul/2021:22:51:20 -0400] "GET /wp-login.php HTTP/1.1" 200 8076 "-" "Mozilla/5.0 (X11; Ubuntu; Linux x86_64; rv:62.0) Gecko/20100101 Firefox/62.0"
54.36.140.116 - - [04/Jul/2021:22:51:21 -0400] "POST /wp-login.php HTTP/1.1" 200 8199 "-" "Mozilla/5.0 (X11; Ubuntu; Linux x86_64; rv:62.0) Gecko/20100101 Firefox/62.0"
