64.20.61.52 - - [06/Jul/2021:12:22:22 -0400] "POST /wp-cron.php?doing_wp_cron=1625588542.4189260005950927734375 HTTP/1.1" 301 673 "-" "WordPress/5.7.2; http://daniewatsonwriter.com"
64.20.61.52 - - [06/Jul/2021:12:24:21 -0400] "POST /wp-cron.php?doing_wp_cron=1625588661.1680049896240234375000 HTTP/1.1" 301 673 "-" "WordPress/5.7.2; http://daniewatsonwriter.com"
64.20.61.52 - - [06/Jul/2021:12:25:31 -0400] "POST /wp-cron.php?doing_wp_cron=1625588731.0111780166625976562500 HTTP/1.1" 200 5737 "-" "WordPress/5.7.2; https://daniewatsonwriter.com"
204.48.19.85 - - [06/Jul/2021:12:25:31 -0400] "POST /wp-cron.php?doing_wp_cron=1625588731.7139720916748046875000 HTTP/1.1" 200 6261 "https://daniewatsonwriter.com/wp-cron.php?doing_wp_cron=1625588731.7139720916748046875000" "WordPress/5.7.2; https://daniewatsonwriter.com"
162.221.192.26 - - [06/Jul/2021:12:25:31 -0400] "GET / HTTP/1.1" 200 11152 "https://64.20.61.52/" "Mozilla/5.0 (Windows NT 10.0; Win64; x64) AppleWebKit/537.36 (KHTML, like Gecko) Chrome/60.0.3112.113 Safari/537.36"
64.20.61.52 - - [06/Jul/2021:12:27:07 -0400] "POST /wp-cron.php?doing_wp_cron=1625588827.4838390350341796875000 HTTP/1.1" 301 673 "-" "WordPress/5.7.2; http://daniewatsonwriter.com"
64.20.61.52 - - [06/Jul/2021:12:28:36 -0400] "POST /wp-cron.php?doing_wp_cron=1625588916.8454730510711669921875 HTTP/1.1" 301 673 "-" "WordPress/5.7.2; http://daniewatsonwriter.com"
64.20.61.52 - - [06/Jul/2021:12:29:50 -0400] "POST /wp-cron.php?doing_wp_cron=1625588990.2316920757293701171875 HTTP/1.1" 301 673 "-" "WordPress/5.7.2; http://daniewatsonwriter.com"
64.20.61.52 - - [06/Jul/2021:12:31:27 -0400] "POST /wp-cron.php?doing_wp_cron=1625589087.1275451183319091796875 HTTP/1.1" 301 673 "-" "WordPress/5.7.2; http://daniewatsonwriter.com"
64.20.61.52 - - [06/Jul/2021:12:33:01 -0400] "POST /wp-cron.php?doing_wp_cron=1625589181.4925570487976074218750 HTTP/1.1" 301 673 "-" "WordPress/5.7.2; http://daniewatsonwriter.com"
64.20.61.52 - - [06/Jul/2021:12:34:52 -0400] "POST /wp-cron.php?doing_wp_cron=1625589292.0697739124298095703125 HTTP/1.1" 301 673 "-" "WordPress/5.7.2; http://daniewatsonwriter.com"
64.20.61.52 - - [06/Jul/2021:12:36:17 -0400] "POST /wp-cron.php?doing_wp_cron=1625589377.0836060047149658203125 HTTP/1.1" 301 673 "-" "WordPress/5.7.2; http://daniewatsonwriter.com"
64.20.61.52 - - [06/Jul/2021:12:37:59 -0400] "POST /wp-cron.php?doing_wp_cron=1625589479.1231770515441894531250 HTTP/1.1" 301 673 "-" "WordPress/5.7.2; http://daniewatsonwriter.com"
64.20.61.52 - - [06/Jul/2021:12:39:38 -0400] "POST /wp-cron.php?doing_wp_cron=1625589577.9977109432220458984375 HTTP/1.1" 301 673 "-" "WordPress/5.7.2; http://daniewatsonwriter.com"
64.20.61.52 - - [06/Jul/2021:12:40:46 -0400] "POST /wp-cron.php?doing_wp_cron=1625589646.3459160327911376953125 HTTP/1.1" 301 673 "-" "WordPress/5.7.2; http://daniewatsonwriter.com"
64.20.61.52 - - [06/Jul/2021:12:42:21 -0400] "POST /wp-cron.php?doing_wp_cron=1625589741.4747989177703857421875 HTTP/1.1" 301 673 "-" "WordPress/5.7.2; http://daniewatsonwriter.com"
188.166.94.198 - - [06/Jul/2021:12:43:32 -0400] "POST /wp-login.php HTTP/1.1" 200 8903 "-" "Mozilla/5.0 (Windows NT 6.1; Win64; x64) AppleWebKit/537.36 (KHTML, like Gecko) Chrome/70.0.3538.67 Safari/537.36"
207.46.13.118 - - [06/Jul/2021:12:44:06 -0400] "GET / HTTP/1.1" 301 592 "-" "Mozilla/5.0 (compatible; bingbot/2.0; +http://www.bing.com/bingbot.htm)"
185.191.34.215 - - [06/Jul/2021:12:45:28 -0400] "POST /script.php HTTP/1.1" 404 6596 "-" "Mozilla/5.0 (Windows NT 10.0; Win64; x64) AppleWebKit/537.36 (KHTML, like Gecko) Chrome/74.0.3729.157 Safari/537.36"
64.20.61.52 - - [06/Jul/2021:12:45:29 -0400] "POST /wp-cron.php?doing_wp_cron=1625589929.9406430721282958984375 HTTP/1.1" 301 673 "-" "WordPress/5.7.2; http://daniewatsonwriter.com"
64.20.61.52 - - [06/Jul/2021:12:46:31 -0400] "POST /wp-cron.php?doing_wp_cron=1625589991.5638530254364013671875 HTTP/1.1" 301 673 "-" "WordPress/5.7.2; http://daniewatsonwriter.com"
64.20.61.52 - - [06/Jul/2021:12:47:32 -0400] "POST /wp-cron.php?doing_wp_cron=1625590052.5175819396972656250000 HTTP/1.1" 301 673 "-" "WordPress/5.7.2; http://daniewatsonwriter.com"
64.20.61.52 - - [06/Jul/2021:12:49:33 -0400] "POST /wp-cron.php?doing_wp_cron=1625590173.2543680667877197265625 HTTP/1.1" 301 673 "-" "WordPress/5.7.2; http://daniewatsonwriter.com"
64.20.61.52 - - [06/Jul/2021:12:51:09 -0400] "POST /wp-cron.php?doing_wp_cron=1625590269.2972750663757324218750 HTTP/1.1" 301 673 "-" "WordPress/5.7.2; http://daniewatsonwriter.com"
64.20.61.52 - - [06/Jul/2021:12:52:15 -0400] "POST /wp-cron.php?doing_wp_cron=1625590335.5146079063415527343750 HTTP/1.1" 301 673 "-" "WordPress/5.7.2; http://daniewatsonwriter.com"
64.20.61.52 - - [06/Jul/2021:12:54:37 -0400] "POST /wp-cron.php?doing_wp_cron=1625590477.6087911128997802734375 HTTP/1.1" 301 673 "-" "WordPress/5.7.2; http://daniewatsonwriter.com"
64.20.61.52 - - [06/Jul/2021:12:55:45 -0400] "POST /wp-cron.php?doing_wp_cron=1625590545.5026140213012695312500 HTTP/1.1" 301 673 "-" "WordPress/5.7.2; http://daniewatsonwriter.com"
64.20.61.52 - - [06/Jul/2021:12:57:16 -0400] "POST /wp-cron.php?doing_wp_cron=1625590636.8045570850372314453125 HTTP/1.1" 301 673 "-" "WordPress/5.7.2; http://daniewatsonwriter.com"
64.20.61.52 - - [06/Jul/2021:12:58:34 -0400] "POST /wp-cron.php?doing_wp_cron=1625590714.7927360534667968750000 HTTP/1.1" 301 673 "-" "WordPress/5.7.2; http://daniewatsonwriter.com"
64.20.61.52 - - [06/Jul/2021:12:59:44 -0400] "POST /wp-cron.php?doing_wp_cron=1625590784.3426098823547363281250 HTTP/1.1" 301 673 "-" "WordPress/5.7.2; http://daniewatsonwriter.com"
162.221.192.26 - - [06/Jul/2021:12:59:44 -0400] "GET / HTTP/1.1" 301 536 "http://64.20.61.52/" "Mozilla/5.0 (Windows NT 10.0; Win64; x64) AppleWebKit/537.36 (KHTML, like Gecko) Chrome/60.0.3112.113 Safari/537.36"
162.221.192.26 - - [06/Jul/2021:12:59:44 -0400] "GET / HTTP/1.1" 200 11152 "http://daniewatsonwriter.com/" "Mozilla/5.0 (Windows NT 10.0; Win64; x64) AppleWebKit/537.36 (KHTML, like Gecko) Chrome/60.0.3112.113 Safari/537.36"
64.20.61.52 - - [06/Jul/2021:13:01:56 -0400] "POST /wp-cron.php?doing_wp_cron=1625590916.6714260578155517578125 HTTP/1.1" 301 673 "-" "WordPress/5.7.2; http://daniewatsonwriter.com"
64.20.61.52 - - [06/Jul/2021:13:03:38 -0400] "POST /wp-cron.php?doing_wp_cron=1625591018.0573000907897949218750 HTTP/1.1" 301 673 "-" "WordPress/5.7.2; http://daniewatsonwriter.com"
64.20.61.52 - - [06/Jul/2021:13:05:13 -0400] "POST /wp-cron.php?doing_wp_cron=1625591113.3586840629577636718750 HTTP/1.1" 301 673 "-" "WordPress/5.7.2; http://daniewatsonwriter.com"
64.20.61.52 - - [06/Jul/2021:13:06:24 -0400] "POST /wp-cron.php?doing_wp_cron=1625591184.1424040794372558593750 HTTP/1.1" 301 673 "-" "WordPress/5.7.2; http://daniewatsonwriter.com"
64.20.61.52 - - [06/Jul/2021:13:08:05 -0400] "POST /wp-cron.php?doing_wp_cron=1625591285.4752049446105957031250 HTTP/1.1" 301 673 "-" "WordPress/5.7.2; http://daniewatsonwriter.com"
64.20.61.52 - - [06/Jul/2021:13:09:36 -0400] "POST /wp-cron.php?doing_wp_cron=1625591376.9694631099700927734375 HTTP/1.1" 301 673 "-" "WordPress/5.7.2; http://daniewatsonwriter.com"
204.48.19.85 - - [06/Jul/2021:13:10:08 -0400] "POST /wp-cron.php?doing_wp_cron=1625591408.1697609424591064453125 HTTP/1.1" 200 6261 "https://daniewatsonwriter.com/wp-cron.php?doing_wp_cron=1625591408.1697609424591064453125" "WordPress/5.7.2; https://daniewatsonwriter.com"
92.51.130.74 - - [06/Jul/2021:13:10:07 -0400] "POST /wp-login.php HTTP/1.1" 200 8903 "-" "Mozilla/5.0 (Windows NT 6.1) AppleWebKit/537.36 (KHTML, like Gecko) Chrome/80.0.3987.132 Safari/537.36"
64.20.61.52 - - [06/Jul/2021:13:10:42 -0400] "POST /wp-cron.php?doing_wp_cron=1625591442.7281448841094970703125 HTTP/1.1" 301 673 "-" "WordPress/5.7.2; http://daniewatsonwriter.com"
185.130.44.60 - - [06/Jul/2021:13:12:28 -0400] "GET /wp-content/plugins/react/module.php?mod_security=1 HTTP/1.1" 404 5901 "-" "Mozilla/5.0 (Windows NT 10.0; Win64; x64; rv:72.0) Gecko/20100101 Firefox/72.0"
185.130.44.60 - - [06/Jul/2021:13:12:29 -0400] "GET /wp-content/themes/markiter/module.php?mod_security=1 HTTP/1.1" 404 671 "-" "Mozilla/5.0 (Windows NT 10.0; Win64; x64; rv:72.0) Gecko/20100101 Firefox/72.0"
185.130.44.60 - - [06/Jul/2021:13:12:29 -0400] "GET /wp-content/plugins/shell/s.php HTTP/1.1" 404 671 "-" "Mozilla/5.0 (Windows NT 10.0; Win64; x64; rv:72.0) Gecko/20100101 Firefox/72.0"
64.20.61.52 - - [06/Jul/2021:13:12:31 -0400] "POST /wp-cron.php?doing_wp_cron=1625591551.4708750247955322265625 HTTP/1.1" 301 673 "-" "WordPress/5.7.2; http://daniewatsonwriter.com"
64.20.61.52 - - [06/Jul/2021:13:14:08 -0400] "POST /wp-cron.php?doing_wp_cron=1625591648.3443429470062255859375 HTTP/1.1" 301 673 "-" "WordPress/5.7.2; http://daniewatsonwriter.com"
64.20.61.52 - - [06/Jul/2021:13:15:43 -0400] "POST /wp-cron.php?doing_wp_cron=1625591743.3466138839721679687500 HTTP/1.1" 301 673 "-" "WordPress/5.7.2; http://daniewatsonwriter.com"
64.20.61.52 - - [06/Jul/2021:13:16:52 -0400] "POST /wp-cron.php?doing_wp_cron=1625591812.9513409137725830078125 HTTP/1.1" 301 673 "-" "WordPress/5.7.2; http://daniewatsonwriter.com"
64.20.61.52 - - [06/Jul/2021:13:18:31 -0400] "POST /wp-cron.php?doing_wp_cron=1625591911.7245500087738037109375 HTTP/1.1" 301 673 "-" "WordPress/5.7.2; http://daniewatsonwriter.com"
64.20.61.52 - - [06/Jul/2021:13:20:14 -0400] "POST /wp-cron.php?doing_wp_cron=1625592014.9289269447326660156250 HTTP/1.1" 301 673 "-" "WordPress/5.7.2; http://daniewatsonwriter.com"
64.20.61.52 - - [06/Jul/2021:13:21:41 -0400] "POST /wp-cron.php?doing_wp_cron=1625592101.4068989753723144531250 HTTP/1.1" 301 673 "-" "WordPress/5.7.2; http://daniewatsonwriter.com"
64.20.61.52 - - [06/Jul/2021:13:22:44 -0400] "POST /wp-cron.php?doing_wp_cron=1625592164.6550478935241699218750 HTTP/1.1" 301 673 "-" "WordPress/5.7.2; http://daniewatsonwriter.com"
64.20.61.52 - - [06/Jul/2021:13:24:37 -0400] "POST /wp-cron.php?doing_wp_cron=1625592276.9575889110565185546875 HTTP/1.1" 301 673 "-" "WordPress/5.7.2; http://daniewatsonwriter.com"
64.20.61.52 - - [06/Jul/2021:13:25:57 -0400] "POST /wp-cron.php?doing_wp_cron=1625592357.7684249877929687500000 HTTP/1.1" 301 673 "-" "WordPress/5.7.2; http://daniewatsonwriter.com"
64.20.61.52 - - [06/Jul/2021:13:27:51 -0400] "POST /wp-cron.php?doing_wp_cron=1625592471.3983759880065917968750 HTTP/1.1" 301 673 "-" "WordPress/5.7.2; http://daniewatsonwriter.com"
64.20.61.52 - - [06/Jul/2021:13:28:59 -0400] "POST /wp-cron.php?doing_wp_cron=1625592539.7423930168151855468750 HTTP/1.1" 301 673 "-" "WordPress/5.7.2; http://daniewatsonwriter.com"
64.20.61.52 - - [06/Jul/2021:13:31:30 -0400] "POST /wp-cron.php?doing_wp_cron=1625592690.1224370002746582031250 HTTP/1.1" 301 673 "-" "WordPress/5.7.2; http://daniewatsonwriter.com"
64.20.61.52 - - [06/Jul/2021:13:32:30 -0400] "POST /wp-cron.php?doing_wp_cron=1625592750.1309161186218261718750 HTTP/1.1" 301 673 "-" "WordPress/5.7.2; http://daniewatsonwriter.com"
64.20.61.52 - - [06/Jul/2021:13:34:05 -0400] "POST /wp-cron.php?doing_wp_cron=1625592845.7647058963775634765625 HTTP/1.1" 301 673 "-" "WordPress/5.7.2; http://daniewatsonwriter.com"
114.119.149.65 - - [06/Jul/2021:13:34:33 -0400] "GET /index.php/lets-write-together/ HTTP/1.1" 200 10551 "-" "Mozilla/5.0 (Linux; Android 7.0;) AppleWebKit/537.36 (KHTML, like Gecko) Mobile Safari/537.36 (compatible; PetalBot;+https://webmaster.petalsearch.com/site/petalbot)"
64.20.61.52 - - [06/Jul/2021:13:35:46 -0400] "POST /wp-cron.php?doing_wp_cron=1625592946.6792979240417480468750 HTTP/1.1" 301 673 "-" "WordPress/5.7.2; http://daniewatsonwriter.com"
103.28.49.63 - - [06/Jul/2021:13:36:32 -0400] "POST /wp-login.php HTTP/1.1" 200 8903 "-" "Mozilla/5.0 (Windows NT 6.1; WOW64) AppleWebKit/537.36 (KHTML, like Gecko) Chrome/47.0.2526.111 Safari/537.36"
64.20.61.52 - - [06/Jul/2021:13:37:04 -0400] "POST /wp-cron.php?doing_wp_cron=1625593024.0083129405975341796875 HTTP/1.1" 301 673 "-" "WordPress/5.7.2; http://daniewatsonwriter.com"
64.20.61.52 - - [06/Jul/2021:13:38:38 -0400] "POST /wp-cron.php?doing_wp_cron=1625593118.2078630924224853515625 HTTP/1.1" 301 673 "-" "WordPress/5.7.2; http://daniewatsonwriter.com"
64.20.61.52 - - [06/Jul/2021:13:40:23 -0400] "POST /wp-cron.php?doing_wp_cron=1625593223.6601190567016601562500 HTTP/1.1" 301 673 "-" "WordPress/5.7.2; http://daniewatsonwriter.com"
192.35.168.16 - - [06/Jul/2021:13:40:50 -0400] "GET / HTTP/1.1" 301 536 "http://64.20.61.52:80/" "Mozilla/5.0 zgrab/0.x"
192.35.168.16 - - [06/Jul/2021:13:40:50 -0400] "GET / HTTP/1.1" 200 11152 "http://daniewatsonwriter.com/" "Mozilla/5.0 zgrab/0.x"
64.20.61.52 - - [06/Jul/2021:13:41:55 -0400] "POST /wp-cron.php?doing_wp_cron=1625593315.0185470581054687500000 HTTP/1.1" 301 673 "-" "WordPress/5.7.2; http://daniewatsonwriter.com"
64.20.61.52 - - [06/Jul/2021:13:43:31 -0400] "POST /wp-cron.php?doing_wp_cron=1625593408.8335990905761718750000 HTTP/1.1" 301 673 "-" "WordPress/5.7.2; http://daniewatsonwriter.com"
64.20.61.52 - - [06/Jul/2021:13:44:57 -0400] "POST /wp-cron.php?doing_wp_cron=1625593497.2485051155090332031250 HTTP/1.1" 301 673 "-" "WordPress/5.7.2; http://daniewatsonwriter.com"
64.20.61.52 - - [06/Jul/2021:13:46:56 -0400] "POST /wp-cron.php?doing_wp_cron=1625593616.6893010139465332031250 HTTP/1.1" 301 673 "-" "WordPress/5.7.2; http://daniewatsonwriter.com"
162.214.198.70 - - [06/Jul/2021:13:47:28 -0400] "POST /wp-login.php HTTP/1.1" 200 8901 "-" "Mozilla/5.0 (Windows NT 6.1; Win64; x64) AppleWebKit/537.36 (KHTML, like Gecko) Chrome/80.0.3987.106 Safari/537.36"
64.20.61.52 - - [06/Jul/2021:13:48:13 -0400] "POST /wp-cron.php?doing_wp_cron=1625593693.0207250118255615234375 HTTP/1.1" 301 673 "-" "WordPress/5.7.2; http://daniewatsonwriter.com"
64.20.61.52 - - [06/Jul/2021:13:49:47 -0400] "POST /wp-cron.php?doing_wp_cron=1625593787.1210820674896240234375 HTTP/1.1" 301 673 "-" "WordPress/5.7.2; http://daniewatsonwriter.com"
64.20.61.52 - - [06/Jul/2021:13:51:39 -0400] "POST /wp-cron.php?doing_wp_cron=1625593899.3472740650177001953125 HTTP/1.1" 301 673 "-" "WordPress/5.7.2; http://daniewatsonwriter.com"
64.20.61.52 - - [06/Jul/2021:13:53:12 -0400] "POST /wp-cron.php?doing_wp_cron=1625593992.3564090728759765625000 HTTP/1.1" 301 673 "-" "WordPress/5.7.2; http://daniewatsonwriter.com"
64.20.61.52 - - [06/Jul/2021:13:54:52 -0400] "POST /wp-cron.php?doing_wp_cron=1625594092.0185770988464355468750 HTTP/1.1" 301 673 "-" "WordPress/5.7.2; http://daniewatsonwriter.com"
64.20.61.52 - - [06/Jul/2021:13:56:14 -0400] "POST /wp-cron.php?doing_wp_cron=1625594174.5798859596252441406250 HTTP/1.1" 301 673 "-" "WordPress/5.7.2; http://daniewatsonwriter.com"
64.20.61.52 - - [06/Jul/2021:13:57:35 -0400] "POST /wp-cron.php?doing_wp_cron=1625594255.7356290817260742187500 HTTP/1.1" 301 673 "-" "WordPress/5.7.2; http://daniewatsonwriter.com"
64.20.61.52 - - [06/Jul/2021:13:58:47 -0400] "POST /wp-cron.php?doing_wp_cron=1625594327.1558670997619628906250 HTTP/1.1" 301 673 "-" "WordPress/5.7.2; http://daniewatsonwriter.com"
64.20.61.52 - - [06/Jul/2021:14:00:19 -0400] "POST /wp-cron.php?doing_wp_cron=1625594419.0709409713745117187500 HTTP/1.1" 301 673 "-" "WordPress/5.7.2; http://daniewatsonwriter.com"
64.20.61.52 - - [06/Jul/2021:14:01:40 -0400] "POST /wp-cron.php?doing_wp_cron=1625594500.4506070613861083984375 HTTP/1.1" 301 673 "-" "WordPress/5.7.2; http://daniewatsonwriter.com"
64.20.61.52 - - [06/Jul/2021:14:02:43 -0400] "POST /wp-cron.php?doing_wp_cron=1625594563.7739739418029785156250 HTTP/1.1" 301 673 "-" "WordPress/5.7.2; http://daniewatsonwriter.com"
142.4.208.81 - - [06/Jul/2021:14:03:22 -0400] "POST /wp-login.php HTTP/1.1" 200 8903 "-" "Mozilla/5.0 (Windows NT 10.0; Win64; x64) AppleWebKit/537.36 (KHTML, like Gecko) Chrome/62.0.3202.89 Safari/537.36"
64.20.61.52 - - [06/Jul/2021:14:04:30 -0400] "POST /wp-cron.php?doing_wp_cron=1625594670.0724658966064453125000 HTTP/1.1" 301 673 "-" "WordPress/5.7.2; http://daniewatsonwriter.com"
64.20.61.52 - - [06/Jul/2021:14:05:49 -0400] "POST /wp-cron.php?doing_wp_cron=1625594749.1104459762573242187500 HTTP/1.1" 301 673 "-" "WordPress/5.7.2; http://daniewatsonwriter.com"
64.20.61.52 - - [06/Jul/2021:14:07:22 -0400] "POST /wp-cron.php?doing_wp_cron=1625594841.9772040843963623046875 HTTP/1.1" 301 673 "-" "WordPress/5.7.2; http://daniewatsonwriter.com"
64.20.61.52 - - [06/Jul/2021:14:08:22 -0400] "POST /wp-cron.php?doing_wp_cron=1625594902.9418809413909912109375 HTTP/1.1" 301 673 "-" "WordPress/5.7.2; http://daniewatsonwriter.com"
64.20.61.52 - - [06/Jul/2021:14:09:49 -0400] "POST /wp-cron.php?doing_wp_cron=1625594989.6598160266876220703125 HTTP/1.1" 301 673 "-" "WordPress/5.7.2; http://daniewatsonwriter.com"
64.20.61.52 - - [06/Jul/2021:14:11:38 -0400] "POST /wp-cron.php?doing_wp_cron=1625595098.2436690330505371093750 HTTP/1.1" 301 673 "-" "WordPress/5.7.2; http://daniewatsonwriter.com"
204.48.19.85 - - [06/Jul/2021:14:14:15 -0400] "POST /wp-cron.php?doing_wp_cron=1625595255.2285499572753906250000 HTTP/1.1" 200 6261 "https://daniewatsonwriter.com/wp-cron.php?doing_wp_cron=1625595255.2285499572753906250000" "WordPress/5.7.2; https://daniewatsonwriter.com"
34.67.176.220 - - [06/Jul/2021:14:14:14 -0400] "POST /wp-login.php HTTP/1.1" 200 8901 "-" "Mozilla/5.0 (Windows NT 6.3; Win64; x64) AppleWebKit/537.36 (KHTML, like Gecko) Chrome/67.0.3396.99 Safari/537.36"
64.20.61.52 - - [06/Jul/2021:14:14:41 -0400] "POST /wp-cron.php?doing_wp_cron=1625595281.7369139194488525390625 HTTP/1.1" 301 673 "-" "WordPress/5.7.2; http://daniewatsonwriter.com"
64.20.61.52 - - [06/Jul/2021:14:16:53 -0400] "POST /wp-cron.php?doing_wp_cron=1625595413.3968999385833740234375 HTTP/1.1" 301 673 "-" "WordPress/5.7.2; http://daniewatsonwriter.com"
64.20.61.52 - - [06/Jul/2021:14:18:57 -0400] "POST /wp-cron.php?doing_wp_cron=1625595537.5483839511871337890625 HTTP/1.1" 301 673 "-" "WordPress/5.7.2; http://daniewatsonwriter.com"
64.20.61.52 - - [06/Jul/2021:14:20:18 -0400] "POST /wp-cron.php?doing_wp_cron=1625595618.5372750759124755859375 HTTP/1.1" 301 673 "-" "WordPress/5.7.2; http://daniewatsonwriter.com"
64.20.61.52 - - [06/Jul/2021:14:21:42 -0400] "POST /wp-cron.php?doing_wp_cron=1625595702.0267729759216308593750 HTTP/1.1" 301 673 "-" "WordPress/5.7.2; http://daniewatsonwriter.com"
64.20.61.52 - - [06/Jul/2021:14:23:15 -0400] "POST /wp-cron.php?doing_wp_cron=1625595795.7511880397796630859375 HTTP/1.1" 301 673 "-" "WordPress/5.7.2; http://daniewatsonwriter.com"
64.20.61.52 - - [06/Jul/2021:14:25:36 -0400] "POST /wp-cron.php?doing_wp_cron=1625595936.0598459243774414062500 HTTP/1.1" 301 673 "-" "WordPress/5.7.2; http://daniewatsonwriter.com"
64.20.61.52 - - [06/Jul/2021:14:26:50 -0400] "POST /wp-cron.php?doing_wp_cron=1625596010.9433341026306152343750 HTTP/1.1" 301 673 "-" "WordPress/5.7.2; http://daniewatsonwriter.com"
64.20.61.52 - - [06/Jul/2021:14:28:13 -0400] "POST /wp-cron.php?doing_wp_cron=1625596093.2776579856872558593750 HTTP/1.1" 301 673 "-" "WordPress/5.7.2; http://daniewatsonwriter.com"
34.96.130.25 - - [06/Jul/2021:14:29:02 -0400] "GET / HTTP/1.1" 301 536 "-" "Expanse, a Palo Alto Networks company, searches across the global IPv4 space multiple times per day to identify customers&#39; presences on the Internet. If you would like to be excluded from our scans, please send IP addresses/domains to: scaninfo@paloaltonetworks.com"
212.110.92.155 - - [06/Jul/2021:14:29:16 -0400] "POST /wp-login.php HTTP/1.1" 200 8903 "-" "Mozilla/5.0 (Windows NT 6.3; Win64; x64) AppleWebKit/537.36 (KHTML, like Gecko) Chrome/68.0.3440.106 Safari/537.36"
64.20.61.52 - - [06/Jul/2021:14:31:32 -0400] "POST /wp-cron.php?doing_wp_cron=1625596292.3009300231933593750000 HTTP/1.1" 301 673 "-" "WordPress/5.7.2; http://daniewatsonwriter.com"
64.20.61.52 - - [06/Jul/2021:14:33:04 -0400] "POST /wp-cron.php?doing_wp_cron=1625596384.2603769302368164062500 HTTP/1.1" 301 673 "-" "WordPress/5.7.2; http://daniewatsonwriter.com"
64.20.61.52 - - [06/Jul/2021:14:35:08 -0400] "POST /wp-cron.php?doing_wp_cron=1625596508.8266530036926269531250 HTTP/1.1" 301 673 "-" "WordPress/5.7.2; http://daniewatsonwriter.com"
64.20.61.52 - - [06/Jul/2021:14:36:31 -0400] "POST /wp-cron.php?doing_wp_cron=1625596591.6016349792480468750000 HTTP/1.1" 301 673 "-" "WordPress/5.7.2; http://daniewatsonwriter.com"
64.20.61.52 - - [06/Jul/2021:14:38:33 -0400] "POST /wp-cron.php?doing_wp_cron=1625596712.9950768947601318359375 HTTP/1.1" 301 673 "-" "WordPress/5.7.2; http://daniewatsonwriter.com"
185.191.34.215 - - [06/Jul/2021:14:39:01 -0400] "POST /wp_honor.php HTTP/1.1" 404 6596 "-" "Mozilla/5.0 (Windows NT 10.0; Win64; x64) AppleWebKit/537.36 (KHTML, like Gecko) Chrome/74.0.3729.157 Safari/537.36"
35.237.208.151 - - [06/Jul/2021:14:40:09 -0400] "POST /wp-login.php HTTP/1.1" 200 8901 "-" "Mozilla/5.0 (Windows NT 6.1) AppleWebKit/537.36 (KHTML, like Gecko) Chrome/62.0.3202.94 Safari/537.36"
64.20.61.52 - - [06/Jul/2021:14:40:38 -0400] "POST /wp-cron.php?doing_wp_cron=1625596838.0548570156097412109375 HTTP/1.1" 301 673 "-" "WordPress/5.7.2; http://daniewatsonwriter.com"
64.20.61.52 - - [06/Jul/2021:14:42:44 -0400] "POST /wp-cron.php?doing_wp_cron=1625596964.2806949615478515625000 HTTP/1.1" 301 673 "-" "WordPress/5.7.2; http://daniewatsonwriter.com"
64.20.61.52 - - [06/Jul/2021:14:45:43 -0400] "POST /wp-cron.php?doing_wp_cron=1625597143.5869650840759277343750 HTTP/1.1" 301 673 "-" "WordPress/5.7.2; http://daniewatsonwriter.com"
64.20.61.52 - - [06/Jul/2021:14:47:02 -0400] "POST /wp-cron.php?doing_wp_cron=1625597222.7290759086608886718750 HTTP/1.1" 301 673 "-" "WordPress/5.7.2; http://daniewatsonwriter.com"
64.20.61.52 - - [06/Jul/2021:14:48:08 -0400] "POST /wp-cron.php?doing_wp_cron=1625597288.7175679206848144531250 HTTP/1.1" 301 673 "-" "WordPress/5.7.2; http://daniewatsonwriter.com"
64.20.61.52 - - [06/Jul/2021:14:49:17 -0400] "POST /wp-cron.php?doing_wp_cron=1625597357.7772779464721679687500 HTTP/1.1" 301 673 "-" "WordPress/5.7.2; http://daniewatsonwriter.com"
64.20.61.52 - - [06/Jul/2021:14:51:24 -0400] "POST /wp-cron.php?doing_wp_cron=1625597484.6694860458374023437500 HTTP/1.1" 301 673 "-" "WordPress/5.7.2; http://daniewatsonwriter.com"
64.20.61.52 - - [06/Jul/2021:14:53:31 -0400] "POST /wp-cron.php?doing_wp_cron=1625597611.5255119800567626953125 HTTP/1.1" 301 673 "-" "WordPress/5.7.2; http://daniewatsonwriter.com"
104.198.1.26 - - [06/Jul/2021:14:55:45 -0400] "POST /wp-login.php HTTP/1.1" 200 8903 "-" "Mozilla/5.0 (Windows NT 6.1; WOW64) AppleWebKit/537.36 (KHTML, like Gecko) Chrome/63.0.3239.132 Safari/537.36"
64.20.61.52 - - [06/Jul/2021:14:56:05 -0400] "POST /wp-cron.php?doing_wp_cron=1625597765.8870630264282226562500 HTTP/1.1" 301 673 "-" "WordPress/5.7.2; http://daniewatsonwriter.com"
64.20.61.52 - - [06/Jul/2021:14:57:21 -0400] "POST /wp-cron.php?doing_wp_cron=1625597841.1293749809265136718750 HTTP/1.1" 301 673 "-" "WordPress/5.7.2; http://daniewatsonwriter.com"
64.20.61.52 - - [06/Jul/2021:14:59:16 -0400] "POST /wp-cron.php?doing_wp_cron=1625597956.8119850158691406250000 HTTP/1.1" 301 673 "-" "WordPress/5.7.2; http://daniewatsonwriter.com"
64.20.61.52 - - [06/Jul/2021:15:00:33 -0400] "POST /wp-cron.php?doing_wp_cron=1625598033.3665359020233154296875 HTTP/1.1" 301 673 "-" "WordPress/5.7.2; http://daniewatsonwriter.com"
64.20.61.52 - - [06/Jul/2021:15:01:59 -0400] "POST /wp-cron.php?doing_wp_cron=1625598119.0301520824432373046875 HTTP/1.1" 301 673 "-" "WordPress/5.7.2; http://daniewatsonwriter.com"
40.77.167.52 - - [06/Jul/2021:15:04:11 -0400] "GET /robots.txt HTTP/1.1" 404 6074 "-" "Mozilla/5.0 (compatible; bingbot/2.0; +http://www.bing.com/bingbot.htm)"
207.46.13.118 - - [06/Jul/2021:15:04:21 -0400] "GET / HTTP/1.1" 200 11405 "-" "Mozilla/5.0 (compatible; bingbot/2.0; +http://www.bing.com/bingbot.htm)"
64.20.61.52 - - [06/Jul/2021:15:04:59 -0400] "POST /wp-cron.php?doing_wp_cron=1625598299.5394980907440185546875 HTTP/1.1" 301 673 "-" "WordPress/5.7.2; http://daniewatsonwriter.com"
54.200.32.87 - - [06/Jul/2021:15:05:49 -0400] "GET / HTTP/1.1" 200 23822 "-" "-"
204.48.19.85 - - [06/Jul/2021:15:07:20 -0400] "POST /wp-cron.php?doing_wp_cron=1625598440.3413150310516357421875 HTTP/1.1" 200 6261 "https://daniewatsonwriter.com/wp-cron.php?doing_wp_cron=1625598440.3413150310516357421875" "WordPress/5.7.2; https://daniewatsonwriter.com"
149.28.138.100 - - [06/Jul/2021:15:07:20 -0400] "POST /wp-login.php HTTP/1.1" 200 8901 "-" "Mozilla/5.0 (Windows NT 6.3; Win64; x64) AppleWebKit/537.36 (KHTML, like Gecko) Chrome/65.0.3325.181 Safari/537.36"
64.20.61.52 - - [06/Jul/2021:15:09:26 -0400] "POST /wp-cron.php?doing_wp_cron=1625598566.6368010044097900390625 HTTP/1.1" 301 673 "-" "WordPress/5.7.2; http://daniewatsonwriter.com"
64.20.61.52 - - [06/Jul/2021:15:11:07 -0400] "POST /wp-cron.php?doing_wp_cron=1625598667.8637781143188476562500 HTTP/1.1" 301 673 "-" "WordPress/5.7.2; http://daniewatsonwriter.com"
64.20.61.52 - - [06/Jul/2021:15:14:24 -0400] "POST /wp-cron.php?doing_wp_cron=1625598864.4715099334716796875000 HTTP/1.1" 301 673 "-" "WordPress/5.7.2; http://daniewatsonwriter.com"
54.190.43.174 - - [06/Jul/2021:15:14:42 -0400] "GET / HTTP/1.1" 200 23822 "-" "-"
64.20.61.52 - - [06/Jul/2021:15:16:29 -0400] "POST /wp-cron.php?doing_wp_cron=1625598989.0917348861694335937500 HTTP/1.1" 301 673 "-" "WordPress/5.7.2; http://daniewatsonwriter.com"
64.20.61.52 - - [06/Jul/2021:15:18:32 -0400] "POST /wp-cron.php?doing_wp_cron=1625599112.4907319545745849609375 HTTP/1.1" 301 673 "-" "WordPress/5.7.2; http://daniewatsonwriter.com"
64.20.61.52 - - [06/Jul/2021:15:20:53 -0400] "POST /wp-cron.php?doing_wp_cron=1625599253.0224010944366455078125 HTTP/1.1" 301 673 "-" "WordPress/5.7.2; http://daniewatsonwriter.com"
64.20.61.52 - - [06/Jul/2021:15:22:47 -0400] "POST /wp-cron.php?doing_wp_cron=1625599367.1496279239654541015625 HTTP/1.1" 301 673 "-" "WordPress/5.7.2; http://daniewatsonwriter.com"
64.20.61.52 - - [06/Jul/2021:15:25:57 -0400] "POST /wp-cron.php?doing_wp_cron=1625599557.0651218891143798828125 HTTP/1.1" 301 673 "-" "WordPress/5.7.2; http://daniewatsonwriter.com"
64.20.61.52 - - [06/Jul/2021:15:30:53 -0400] "POST /wp-cron.php?doing_wp_cron=1625599853.3680179119110107421875 HTTP/1.1" 301 673 "-" "WordPress/5.7.2; http://daniewatsonwriter.com"
64.20.61.52 - - [06/Jul/2021:15:33:24 -0400] "POST /wp-cron.php?doing_wp_cron=1625600004.5593950748443603515625 HTTP/1.1" 200 5737 "-" "WordPress/5.7.2; https://daniewatsonwriter.com"
128.1.248.42 - - [06/Jul/2021:15:33:25 -0400] "GET / HTTP/1.1" 200 11152 "https://64.20.61.52/" "Mozilla/5.0 (Windows NT 10.0; Win64; x64) AppleWebKit/537.36 (KHTML, like Gecko) Chrome/60.0.3112.113 Safari/537.36"
64.20.61.52 - - [06/Jul/2021:15:55:49 -0400] "POST /wp-cron.php?doing_wp_cron=1625601349.1479430198669433593750 HTTP/1.1" 200 5737 "-" "WordPress/5.7.2; https://daniewatsonwriter.com"
18.117.113.160 - - [06/Jul/2021:15:56:41 -0400] "POST /wp-login.php HTTP/1.1" 200 8875 "-" "Mozilla/5.0 (Windows NT 10.0; Win64; x64) AppleWebKit/537.36 (KHTML, like Gecko) Chrome/64.0.3282.140 Safari/537.36"
64.20.61.52 - - [06/Jul/2021:16:03:16 -0400] "POST /wp-cron.php?doing_wp_cron=1625601795.9479689598083496093750 HTTP/1.1" 301 673 "-" "WordPress/5.7.2; http://daniewatsonwriter.com"
192.53.170.163 - - [06/Jul/2021:16:03:16 -0400] "GET / HTTP/1.1" 301 536 "http://64.20.61.52/" "Mozilla/5.0 (Windows NT 10.0; Win64; x64) AppleWebKit/537.36 (KHTML, like Gecko) Chrome/60.0.3112.113 Safari/537.36"
192.53.170.163 - - [06/Jul/2021:16:03:16 -0400] "GET / HTTP/1.1" 200 11152 "http://daniewatsonwriter.com/" "Mozilla/5.0 (Windows NT 10.0; Win64; x64) AppleWebKit/537.36 (KHTML, like Gecko) Chrome/60.0.3112.113 Safari/537.36"
185.191.34.215 - - [06/Jul/2021:16:08:03 -0400] "POST /system/logs/seo_script.php HTTP/1.1" 404 6596 "-" "Mozilla/5.0 (Windows NT 10.0; Win64; x64) AppleWebKit/537.36 (KHTML, like Gecko) Chrome/74.0.3729.169 Safari/537.36"
204.48.19.85 - - [06/Jul/2021:16:10:40 -0400] "POST /wp-cron.php?doing_wp_cron=1625602240.7743630409240722656250 HTTP/1.1" 200 6261 "https://daniewatsonwriter.com/wp-cron.php?doing_wp_cron=1625602240.7743630409240722656250" "WordPress/5.7.2; https://daniewatsonwriter.com"
34.200.33.208 - - [06/Jul/2021:16:10:40 -0400] "POST /wp-login.php HTTP/1.1" 200 8875 "-" "Mozilla/5.0 (Windows NT 6.1) AppleWebKit/537.36 (KHTML, like Gecko) Chrome/56.0.2924.87 Safari/537.36"
64.20.61.52 - - [06/Jul/2021:16:16:16 -0400] "POST /wp-cron.php?doing_wp_cron=1625602576.0633111000061035156250 HTTP/1.1" 301 673 "-" "WordPress/5.7.2; http://daniewatsonwriter.com"
185.191.34.215 - - [06/Jul/2021:16:25:10 -0400] "GET /blackhat.php HTTP/1.1" 404 6596 "-" "Mozilla/5.0 (Windows NT 10.0; Win64; x64) AppleWebKit/537.36 (KHTML, like Gecko) Chrome/74.0.3729.157 Safari/537.36"
34.200.33.208 - - [06/Jul/2021:16:28:22 -0400] "POST /wp-login.php HTTP/1.1" 200 8875 "-" "Mozilla/5.0 (Windows NT 6.1) AppleWebKit/537.36 (KHTML, like Gecko) Chrome/63.0.3239.84 Safari/537.36"
64.20.61.52 - - [06/Jul/2021:16:29:31 -0400] "POST /wp-cron.php?doing_wp_cron=1625603371.6296529769897460937500 HTTP/1.1" 301 673 "-" "WordPress/5.7.2; http://daniewatsonwriter.com"
51.178.17.108 - - [06/Jul/2021:16:39:26 -0400] "POST /wp-login.php HTTP/1.1" 200 8875 "-" "Mozilla/5.0 (Windows NT 10.0; WOW64) AppleWebKit/537.36 (KHTML, like Gecko) Chrome/46.0.2490.86 Safari/537.36"
66.249.70.66 - - [06/Jul/2021:16:39:50 -0400] "GET /index.php/about/ HTTP/1.1" 200 12339 "-" "Mozilla/5.0 (compatible; Googlebot/2.1; +http://www.google.com/bot.html)"
66.249.70.94 - - [06/Jul/2021:16:40:00 -0400] "GET /wp-includes/css/dist/block-library/style.min.css?ver=5.7.2 HTTP/1.1" 200 15137 "https://daniewatsonwriter.com/index.php/about/" "Mozilla/5.0 AppleWebKit/537.36 (KHTML, like Gecko; compatible; Googlebot/2.1; +http://www.google.com/bot.html) Chrome/91.0.4472.90 Safari/537.36"
66.249.70.64 - - [06/Jul/2021:16:40:00 -0400] "GET /wp-content/themes/seasonal/js/functions.js?ver=20150330 HTTP/1.1" 200 6819 "https://daniewatsonwriter.com/index.php/about/" "Mozilla/5.0 AppleWebKit/537.36 (KHTML, like Gecko; compatible; Googlebot/2.1; +http://www.google.com/bot.html) Chrome/91.0.4472.90 Safari/537.36"
66.249.70.66 - - [06/Jul/2021:16:40:01 -0400] "GET /wp-content/themes/seasonal/css/fontawesome.min.css?ver=4.3.0 HTTP/1.1" 200 11878 "https://daniewatsonwriter.com/index.php/about/" "Mozilla/5.0 AppleWebKit/537.36 (KHTML, like Gecko; compatible; Googlebot/2.1; +http://www.google.com/bot.html) Chrome/91.0.4472.90 Safari/537.36"
66.249.70.64 - - [06/Jul/2021:16:40:01 -0400] "GET /wp-includes/js/jquery/jquery.min.js?ver=3.5.1 HTTP/1.1" 200 31401 "https://daniewatsonwriter.com/index.php/about/" "Mozilla/5.0 AppleWebKit/537.36 (KHTML, like Gecko; compatible; Googlebot/2.1; +http://www.google.com/bot.html) Chrome/91.0.4472.90 Safari/537.36"
66.249.70.66 - - [06/Jul/2021:16:40:02 -0400] "GET /wp-content/themes/seasonal/js/skip-link-focus-fix.js?ver=20141010 HTTP/1.1" 200 816 "https://daniewatsonwriter.com/index.php/about/" "Mozilla/5.0 AppleWebKit/537.36 (KHTML, like Gecko; compatible; Googlebot/2.1; +http://www.google.com/bot.html) Chrome/91.0.4472.90 Safari/537.36"
66.249.70.94 - - [06/Jul/2021:16:40:05 -0400] "GET /wp-includes/js/wp-emoji-release.min.js?ver=5.7.2 HTTP/1.1" 200 11106 "https://daniewatsonwriter.com/index.php/about/" "Mozilla/5.0 AppleWebKit/537.36 (KHTML, like Gecko; compatible; Googlebot/2.1; +http://www.google.com/bot.html) Chrome/91.0.4472.90 Safari/537.36"
64.20.61.52 - - [06/Jul/2021:16:41:48 -0400] "POST /wp-cron.php?doing_wp_cron=1625604108.5755980014801025390625 HTTP/1.1" 301 673 "-" "WordPress/5.7.2; http://daniewatsonwriter.com"
64.20.61.52 - - [06/Jul/2021:16:54:23 -0400] "POST /wp-cron.php?doing_wp_cron=1625604863.7059440612792968750000 HTTP/1.1" 301 673 "-" "WordPress/5.7.2; http://daniewatsonwriter.com"
107.150.169.74 - - [06/Jul/2021:17:04:05 -0400] "POST /wp-admin/admin-ajax.php?action=wcuf_file_chunk_upload HTTP/1.1" 301 698 "-" "Mozilla/5.0 (Windows NT 10.0; Win64; x64) AppleWebKit/537.36 (KHTML, like Gecko) Chrome/75.0.3770.100 Safari/537.36"
107.150.169.74 - - [06/Jul/2021:17:04:05 -0400] "GET /wp-admin/admin-ajax.php?action=wcuf_file_chunk_upload HTTP/1.1" 400 5804 "-" "Mozilla/5.0 (Windows NT 10.0; Win64; x64) AppleWebKit/537.36 (KHTML, like Gecko) Chrome/75.0.3770.100 Safari/537.36"
107.150.169.74 - - [06/Jul/2021:17:04:06 -0400] "GET /file_info.php HTTP/1.1" 301 618 "-" "Mozilla/5.0 (Windows NT 10.0; Win64; x64) AppleWebKit/537.36 (KHTML, like Gecko) Chrome/75.0.3770.100 Safari/537.36"
107.150.169.74 - - [06/Jul/2021:17:04:06 -0400] "GET /file_info.php HTTP/1.1" 404 671 "-" "Mozilla/5.0 (Windows NT 10.0; Win64; x64) AppleWebKit/537.36 (KHTML, like Gecko) Chrome/75.0.3770.100 Safari/537.36"
47.242.169.32 - - [06/Jul/2021:17:05:42 -0400] "POST /wp-login.php HTTP/1.1" 200 8875 "-" "Mozilla/5.0 (Windows NT 6.1) AppleWebKit/537.36 (KHTML, like Gecko) Chrome/61.0.3163.100 Safari/537.36"
185.191.34.215 - - [06/Jul/2021:17:06:40 -0400] "POST /wp-includes/css/newgolden.php HTTP/1.1" 404 6596 "-" "Mozilla/5.0 (Macintosh; Intel Mac OS X 10.14; rv:68.0) Gecko/20100101 Firefox/68.0"
64.20.61.52 - - [06/Jul/2021:17:08:03 -0400] "POST /wp-cron.php?doing_wp_cron=1625605683.8030378818511962890625 HTTP/1.1" 301 673 "-" "WordPress/5.7.2; http://daniewatsonwriter.com"
64.20.61.52 - - [06/Jul/2021:17:15:19 -0400] "POST /wp-cron.php?doing_wp_cron=1625606119.7454130649566650390625 HTTP/1.1" 301 673 "-" "WordPress/5.7.2; http://daniewatsonwriter.com"
204.48.19.85 - - [06/Jul/2021:17:19:14 -0400] "POST /wp-cron.php?doing_wp_cron=1625606354.0571238994598388671875 HTTP/1.1" 200 6261 "https://daniewatsonwriter.com/wp-cron.php?doing_wp_cron=1625606354.0571238994598388671875" "WordPress/5.7.2; https://daniewatsonwriter.com"
91.121.158.177 - - [06/Jul/2021:17:19:13 -0400] "POST /wp-login.php HTTP/1.1" 200 8875 "-" "Mozilla/5.0 (Windows NT 10.0; Win64; x64) AppleWebKit/537.36 (KHTML, like Gecko) Chrome/62.0.3202.89 Safari/537.36"
64.20.61.52 - - [06/Jul/2021:17:22:32 -0400] "POST /wp-cron.php?doing_wp_cron=1625606552.0469059944152832031250 HTTP/1.1" 301 673 "-" "WordPress/5.7.2; http://daniewatsonwriter.com"
34.78.175.113 - - [06/Jul/2021:17:28:34 -0400] "POST /wp-login.php HTTP/1.1" 200 8875 "-" "Mozilla/5.0 (Windows NT 6.1; Win64; x64) AppleWebKit/537.36 (KHTML, like Gecko) Chrome/66.0.3359.117 Safari/537.36"
64.20.61.52 - - [06/Jul/2021:17:35:59 -0400] "POST /wp-cron.php?doing_wp_cron=1625607359.3690149784088134765625 HTTP/1.1" 301 673 "-" "WordPress/5.7.2; http://daniewatsonwriter.com"
185.191.34.215 - - [06/Jul/2021:17:37:44 -0400] "POST /wp-includes/output.php HTTP/1.1" 404 6596 "-" "Mozilla/5.0 (Windows NT 10.0; Win64; x64; rv:67.0) Gecko/20100101 Firefox/67.0"
136.243.71.5 - - [06/Jul/2021:17:42:10 -0400] "POST /wp-login.php HTTP/1.1" 200 8875 "-" "Mozilla/5.0 (Windows NT 6.1) AppleWebKit/537.36 (KHTML, like Gecko) Chrome/56.0.2924.87 Safari/537.36"
144.76.72.24 - - [06/Jul/2021:17:42:24 -0400] "GET /robots.txt HTTP/1.1" 301 612 "-" "serpstatbot/2.1 (advanced backlink tracking bot; https://serpstatbot.com/; abuse@serpstatbot.com)"
144.76.72.24 - - [06/Jul/2021:17:42:24 -0400] "GET /robots.txt HTTP/1.1" 404 5901 "-" "serpstatbot/2.1 (advanced backlink tracking bot; https://serpstatbot.com/; abuse@serpstatbot.com)"
144.76.72.24 - - [06/Jul/2021:17:42:24 -0400] "GET / HTTP/1.1" 301 592 "-" "serpstatbot/2.1 (advanced backlink tracking bot; https://serpstatbot.com/; abuse@serpstatbot.com)"
64.20.61.52 - - [06/Jul/2021:17:51:19 -0400] "POST /wp-cron.php?doing_wp_cron=1625608279.1533789634704589843750 HTTP/1.1" 301 673 "-" "WordPress/5.7.2; http://daniewatsonwriter.com"
128.14.141.34 - - [06/Jul/2021:17:51:24 -0400] "GET / HTTP/1.1" 301 536 "http://64.20.61.52/" "Mozilla/5.0 (Windows NT 10.0; Win64; x64) AppleWebKit/537.36 (KHTML, like Gecko) Chrome/60.0.3112.113 Safari/537.36"
128.14.141.34 - - [06/Jul/2021:17:51:25 -0400] "GET / HTTP/1.1" 200 11152 "http://daniewatsonwriter.com/" "Mozilla/5.0 (Windows NT 10.0; Win64; x64) AppleWebKit/537.36 (KHTML, like Gecko) Chrome/60.0.3112.113 Safari/537.36"
165.227.201.208 - - [06/Jul/2021:17:51:39 -0400] "POST /wp-login.php HTTP/1.1" 200 8875 "-" "Mozilla/5.0 (Windows NT 10.0; WOW64) AppleWebKit/537.36 (KHTML, like Gecko) Chrome/53.0.2785.143 Safari/537.36"
144.76.72.24 - - [06/Jul/2021:18:03:24 -0400] "GET / HTTP/1.1" 200 11212 "-" "serpstatbot/2.1 (advanced backlink tracking bot; https://serpstatbot.com/; abuse@serpstatbot.com)"
162.144.195.153 - - [06/Jul/2021:18:04:13 -0400] "POST /wp-login.php HTTP/1.1" 200 8875 "-" "Mozilla/5.0 (Windows NT 10.0; Win64; x64) AppleWebKit/537.36 (KHTML, like Gecko) Chrome/86.0.4240.193 Safari/537.36"
64.20.61.52 - - [06/Jul/2021:18:06:01 -0400] "POST /wp-cron.php?doing_wp_cron=1625609161.6036720275878906250000 HTTP/1.1" 200 5737 "-" "WordPress/5.7.2; https://daniewatsonwriter.com"
172.105.189.111 - - [06/Jul/2021:18:06:03 -0400] "GET / HTTP/1.1" 200 11152 "https://64.20.61.52/" "Mozilla/5.0 (Windows NT 10.0; Win64; x64) AppleWebKit/537.36 (KHTML, like Gecko) Chrome/60.0.3112.113 Safari/537.36"
64.20.61.52 - - [06/Jul/2021:18:08:47 -0400] "POST /wp-cron.php?doing_wp_cron=1625609327.6510679721832275390625 HTTP/1.1" 301 673 "-" "WordPress/5.7.2; http://daniewatsonwriter.com"
204.48.19.85 - - [06/Jul/2021:18:13:28 -0400] "POST /wp-cron.php?doing_wp_cron=1625609608.7524991035461425781250 HTTP/1.1" 200 6261 "https://daniewatsonwriter.com/wp-cron.php?doing_wp_cron=1625609608.7524991035461425781250" "WordPress/5.7.2; https://daniewatsonwriter.com"
192.185.130.172 - - [06/Jul/2021:18:13:28 -0400] "POST /wp-login.php HTTP/1.1" 200 8875 "-" "Mozilla/5.0 (Windows NT 6.3; WOW64) AppleWebKit/537.36 (KHTML, like Gecko) Chrome/47.0.2526.106 Safari/537.36"
34.77.162.17 - - [06/Jul/2021:18:17:55 -0400] "GET / HTTP/1.1" 200 23719 "-" "Expanse, a Palo Alto Networks company, searches across the global IPv4 space multiple times per day to identify customers&#39; presences on the Internet. If you would like to be excluded from our scans, please send IP addresses/domains to: scaninfo@paloaltonetworks.com"
64.20.61.52 - - [06/Jul/2021:18:18:10 -0400] "POST /wp-cron.php?doing_wp_cron=1625609890.1824600696563720703125 HTTP/1.1" 301 673 "-" "WordPress/5.7.2; http://daniewatsonwriter.com"
64.20.61.52 - - [06/Jul/2021:18:21:00 -0400] "POST /wp-cron.php?doing_wp_cron=1625610055.4744489192962646484375 HTTP/1.1" 301 673 "-" "WordPress/5.7.2; http://daniewatsonwriter.com"
144.76.72.24 - - [06/Jul/2021:18:22:36 -0400] "GET /index.php/about/ HTTP/1.1" 200 11705 "-" "serpstatbot/2.1 (advanced backlink tracking bot; https://serpstatbot.com/; abuse@serpstatbot.com)"
144.76.72.24 - - [06/Jul/2021:18:22:44 -0400] "GET /index.php/readings-and-publications/ HTTP/1.1" 200 5937 "-" "serpstatbot/2.1 (advanced backlink tracking bot; https://serpstatbot.com/; abuse@serpstatbot.com)"
144.76.72.24 - - [06/Jul/2021:18:22:48 -0400] "GET /index.php/social-media-management/ HTTP/1.1" 200 5548 "-" "serpstatbot/2.1 (advanced backlink tracking bot; https://serpstatbot.com/; abuse@serpstatbot.com)"
144.76.72.24 - - [06/Jul/2021:18:22:51 -0400] "GET /index.php/teaching/ HTTP/1.1" 200 5513 "-" "serpstatbot/2.1 (advanced backlink tracking bot; https://serpstatbot.com/; abuse@serpstatbot.com)"
144.76.72.24 - - [06/Jul/2021:18:22:54 -0400] "GET /index.php/lets-write-together/ HTTP/1.1" 200 5358 "-" "serpstatbot/2.1 (advanced backlink tracking bot; https://serpstatbot.com/; abuse@serpstatbot.com)"
162.144.126.104 - - [06/Jul/2021:18:25:17 -0400] "POST /wp-login.php HTTP/1.1" 200 8875 "-" "Mozilla/5.0 (Windows NT 6.1; WOW64) AppleWebKit/537.36 (KHTML, like Gecko) Chrome/32.0.1700.107 Safari/537.36"
95.216.221.91 - - [06/Jul/2021:18:33:40 -0400] "POST /wp-login.php HTTP/1.1" 200 8875 "-" "Mozilla/5.0 (Windows NT 10.0; WOW64) AppleWebKit/537.36 (KHTML, like Gecko) Chrome/46.0.2490.86 Safari/537.36"
64.20.61.52 - - [06/Jul/2021:18:36:12 -0400] "POST /wp-cron.php?doing_wp_cron=1625610972.8124260902404785156250 HTTP/1.1" 301 673 "-" "WordPress/5.7.2; http://daniewatsonwriter.com"
114.119.146.252 - - [06/Jul/2021:18:36:56 -0400] "GET /index.php/lets-write-together HTTP/1.1" 301 5679 "-" "Mozilla/5.0 (Linux; Android 7.0;) AppleWebKit/537.36 (KHTML, like Gecko) Mobile Safari/537.36 (compatible; PetalBot;+https://webmaster.petalsearch.com/site/petalbot)"
114.119.146.252 - - [06/Jul/2021:18:36:57 -0400] "GET /index.php/lets-write-together/ HTTP/1.1" 200 5321 "-" "Mozilla/5.0 (Linux; Android 7.0;) AppleWebKit/537.36 (KHTML, like Gecko) Mobile Safari/537.36 (compatible; PetalBot;+https://webmaster.petalsearch.com/site/petalbot)"
144.76.72.24 - - [06/Jul/2021:18:41:39 -0400] "GET /index.php/writing-for-social-media-online-course/ HTTP/1.1" 200 11036 "-" "serpstatbot/2.1 (advanced backlink tracking bot; https://serpstatbot.com/; abuse@serpstatbot.com)"
185.50.199.194 - - [06/Jul/2021:18:46:03 -0400] "POST /wp-login.php HTTP/1.1" 200 8875 "-" "Mozilla/5.0 (Windows NT 6.0) AppleWebKit/537.36 (KHTML, like Gecko) Chrome/49.0.2623.112 Safari/537.36"
64.20.61.52 - - [06/Jul/2021:18:52:46 -0400] "POST /wp-cron.php?doing_wp_cron=1625611966.8342380523681640625000 HTTP/1.1" 301 673 "-" "WordPress/5.7.2; http://daniewatsonwriter.com"
47.115.77.219 - - [06/Jul/2021:18:54:40 -0400] "POST /wp-login.php HTTP/1.1" 200 8875 "-" "Mozilla/5.0 (Windows NT 6.3; Win64; x64) AppleWebKit/537.36 (KHTML, like Gecko) Chrome/65.0.3325.181 Safari/537.36"
204.48.19.85 - - [06/Jul/2021:19:07:22 -0400] "POST /wp-cron.php?doing_wp_cron=1625612842.0565290451049804687500 HTTP/1.1" 200 6261 "https://daniewatsonwriter.com/wp-cron.php?doing_wp_cron=1625612842.0565290451049804687500" "WordPress/5.7.2; https://daniewatsonwriter.com"
93.115.79.6 - - [06/Jul/2021:19:07:21 -0400] "POST /wp-login.php HTTP/1.1" 200 8903 "-" "Mozilla/5.0 (Windows NT 10.0; WOW64) AppleWebKit/537.36 (KHTML, like Gecko) Chrome/46.0.2490.80 Safari/537.36"
64.20.61.52 - - [06/Jul/2021:19:08:39 -0400] "POST /wp-cron.php?doing_wp_cron=1625612919.6025779247283935546875 HTTP/1.1" 301 673 "-" "WordPress/5.7.2; http://daniewatsonwriter.com"
35.243.175.87 - - [06/Jul/2021:19:16:12 -0400] "POST /wp-login.php HTTP/1.1" 200 8901 "-" "Mozilla/5.0 (Windows NT 10.0; Win64; x64) AppleWebKit/537.36 (KHTML, like Gecko) Chrome/64.0.3282.167 Safari/537.36"
64.20.61.52 - - [06/Jul/2021:19:25:15 -0400] "POST /wp-cron.php?doing_wp_cron=1625613915.4153840541839599609375 HTTP/1.1" 301 673 "-" "WordPress/5.7.2; http://daniewatsonwriter.com"
3.121.195.121 - - [06/Jul/2021:19:37:43 -0400] "POST /wp-login.php HTTP/1.1" 200 8901 "-" "Mozilla/5.0 (Windows NT 6.3; WOW64) AppleWebKit/537.36 (KHTML, like Gecko) Chrome/46.0.2490.80 Safari/537.36"
64.20.61.52 - - [06/Jul/2021:19:41:28 -0400] "POST /wp-cron.php?doing_wp_cron=1625614888.9486229419708251953125 HTTP/1.1" 301 673 "-" "WordPress/5.7.2; http://daniewatsonwriter.com"
183.90.238.16 - - [06/Jul/2021:19:50:44 -0400] "POST /wp-login.php HTTP/1.1" 200 8903 "-" "Mozilla/5.0 (Windows NT 6.1) AppleWebKit/537.36 (KHTML, like Gecko) Chrome/62.0.3202.94 Safari/537.36"
64.20.61.52 - - [06/Jul/2021:19:58:40 -0400] "POST /wp-cron.php?doing_wp_cron=1625615920.1274991035461425781250 HTTP/1.1" 301 673 "-" "WordPress/5.7.2; http://daniewatsonwriter.com"
40.122.130.155 - - [06/Jul/2021:19:59:41 -0400] "POST /wp-login.php HTTP/1.1" 200 8901 "-" "Mozilla/5.0 (Windows NT 6.1; Win64; x64) AppleWebKit/537.36 (KHTML, like Gecko) Chrome/78.0.3904.97 Safari/537.36"
64.20.61.52 - - [06/Jul/2021:20:02:22 -0400] "POST /wp-cron.php?doing_wp_cron=1625616142.7547059059143066406250 HTTP/1.1" 301 673 "-" "WordPress/5.7.2; http://daniewatsonwriter.com"
204.48.19.85 - - [06/Jul/2021:20:13:04 -0400] "POST /wp-cron.php?doing_wp_cron=1625616784.5418040752410888671875 HTTP/1.1" 200 6261 "https://daniewatsonwriter.com/wp-cron.php?doing_wp_cron=1625616784.5418040752410888671875" "WordPress/5.7.2; https://daniewatsonwriter.com"
3.121.195.121 - - [06/Jul/2021:20:13:04 -0400] "POST /wp-login.php HTTP/1.1" 200 8902 "-" "Mozilla/5.0 (Windows NT 6.1; WOW64) AppleWebKit/537.36 (KHTML, like Gecko) Chrome/51.0.2704.106 Safari/537.36"
64.20.61.52 - - [06/Jul/2021:20:15:55 -0400] "POST /wp-cron.php?doing_wp_cron=1625616955.7917549610137939453125 HTTP/1.1" 301 673 "-" "WordPress/5.7.2; http://daniewatsonwriter.com"
64.20.61.52 - - [06/Jul/2021:20:28:03 -0400] "POST /wp-cron.php?doing_wp_cron=1625617683.6141738891601562500000 HTTP/1.1" 301 673 "-" "WordPress/5.7.2; http://daniewatsonwriter.com"
80.82.77.192 - - [06/Jul/2021:20:28:03 -0400] "GET / HTTP/1.1" 301 536 "http://64.20.61.52:80/" "Mozilla/5.0 (Windows NT 10.0; Win64; x64) AppleWebKit/537.36 (KHTML, like Gecko) Chrome/88.0.4324.190 Safari/537.36"
80.82.77.192 - - [06/Jul/2021:20:28:04 -0400] "GET / HTTP/1.1" 200 11152 "http://daniewatsonwriter.com/" "Mozilla/5.0 (Windows NT 10.0; Win64; x64) AppleWebKit/537.36 (KHTML, like Gecko) Chrome/88.0.4324.190 Safari/537.36"
64.20.61.52 - - [06/Jul/2021:20:32:31 -0400] "POST /wp-cron.php?doing_wp_cron=1625617950.9778559207916259765625 HTTP/1.1" 301 673 "-" "WordPress/5.7.2; http://daniewatsonwriter.com"
64.20.61.52 - - [06/Jul/2021:20:33:35 -0400] "POST /wp-cron.php?doing_wp_cron=1625618015.1722609996795654296875 HTTP/1.1" 200 5737 "-" "WordPress/5.7.2; https://daniewatsonwriter.com"
107.180.102.72 - - [06/Jul/2021:20:35:18 -0400] "POST /wp-login.php HTTP/1.1" 200 8902 "-" "Mozilla/5.0 (Windows NT 6.1) AppleWebKit/537.36 (KHTML, like Gecko) Chrome/58.0.3029.110 Safari/537.36"
42.193.21.177 - - [06/Jul/2021:20:44:20 -0400] "POST /wp-login.php HTTP/1.1" 200 8900 "-" "Mozilla/5.0 (Windows NT 6.1) AppleWebKit/537.36 (KHTML, like Gecko) Chrome/65.0.3325.181 Safari/537.36"
64.20.61.52 - - [06/Jul/2021:20:49:56 -0400] "POST /wp-cron.php?doing_wp_cron=1625618995.2184851169586181640625 HTTP/1.1" 301 673 "-" "WordPress/5.7.2; http://daniewatsonwriter.com"
185.191.34.215 - - [06/Jul/2021:21:01:52 -0400] "POST /wp-includes/theme-compat/files.php HTTP/1.1" 404 6596 "-" "Mozilla/5.0 (Windows NT 10.0; Win64; x64) AppleWebKit/537.36 (KHTML, like Gecko) Chrome/74.0.3729.169 Safari/537.36"
64.20.61.52 - - [06/Jul/2021:21:03:54 -0400] "POST /wp-cron.php?doing_wp_cron=1625619834.4178209304809570312500 HTTP/1.1" 301 673 "-" "WordPress/5.7.2; http://daniewatsonwriter.com"
204.48.19.85 - - [06/Jul/2021:21:06:48 -0400] "POST /wp-cron.php?doing_wp_cron=1625620008.3116629123687744140625 HTTP/1.1" 200 6261 "https://daniewatsonwriter.com/wp-cron.php?doing_wp_cron=1625620008.3116629123687744140625" "WordPress/5.7.2; https://daniewatsonwriter.com"
118.25.72.104 - - [06/Jul/2021:21:06:48 -0400] "POST /wp-login.php HTTP/1.1" 200 8900 "-" "Mozilla/5.0 (Windows NT 10.0; Win64; x64) AppleWebKit/537.36 (KHTML, like Gecko) Chrome/73.0.3683.75 Safari/537.36"
64.20.61.52 - - [06/Jul/2021:21:07:36 -0400] "POST /wp-cron.php?doing_wp_cron=1625620056.6697900295257568359375 HTTP/1.1" 301 673 "-" "WordPress/5.7.2; http://daniewatsonwriter.com"
204.48.19.85 - - [06/Jul/2021:21:19:43 -0400] "POST /wp-cron.php?doing_wp_cron=1625620783.7926349639892578125000 HTTP/1.1" 200 6261 "https://daniewatsonwriter.com/wp-cron.php?doing_wp_cron=1625620783.7926349639892578125000" "WordPress/5.7.2; https://daniewatsonwriter.com"
58.177.156.100 - - [06/Jul/2021:21:19:43 -0400] "POST /wp-login.php HTTP/1.1" 200 8902 "-" "Mozilla/5.0 (Windows NT 6.1; Win64; x64) AppleWebKit/537.36 (KHTML, like Gecko) Chrome/79.0.3945.117 Safari/537.36"
64.20.61.52 - - [06/Jul/2021:21:25:24 -0400] "POST /wp-cron.php?doing_wp_cron=1625621124.0855939388275146484375 HTTP/1.1" 301 673 "-" "WordPress/5.7.2; http://daniewatsonwriter.com"
192.163.197.220 - - [06/Jul/2021:21:29:04 -0400] "POST /wp-login.php HTTP/1.1" 200 8900 "-" "Mozilla/5.0 (Windows NT 10.0; Win64; x64) AppleWebKit/537.36 (KHTML, like Gecko) Chrome/62.0.3202.89 Safari/537.36"
64.20.61.52 - - [06/Jul/2021:21:30:52 -0400] "POST /wp-cron.php?doing_wp_cron=1625621452.0483860969543457031250 HTTP/1.1" 301 673 "-" "WordPress/5.7.2; http://daniewatsonwriter.com"
64.20.61.52 - - [06/Jul/2021:21:39:37 -0400] "POST /wp-cron.php?doing_wp_cron=1625621977.7661669254302978515625 HTTP/1.1" 301 673 "-" "WordPress/5.7.2; http://daniewatsonwriter.com"
64.20.61.52 - - [06/Jul/2021:21:43:05 -0400] "POST /wp-cron.php?doing_wp_cron=1625622185.0781199932098388671875 HTTP/1.1" 301 673 "-" "WordPress/5.7.2; http://daniewatsonwriter.com"
185.191.171.23 - - [06/Jul/2021:21:52:30 -0400] "GET /robots.txt HTTP/1.1" 404 6512 "-" "Mozilla/5.0 (compatible; SemrushBot/7~bl; +http://www.semrush.com/bot.html)"
185.191.171.16 - - [06/Jul/2021:21:52:30 -0400] "GET /wp-comments-post.php HTTP/1.1" 405 6243 "-" "Mozilla/5.0 (compatible; SemrushBot/7~bl; +http://www.semrush.com/bot.html)"
159.203.37.43 - - [06/Jul/2021:21:52:34 -0400] "POST /wp-login.php HTTP/1.1" 200 8900 "-" "Mozilla/5.0 (Windows NT 6.1; WOW64) AppleWebKit/537.36 (KHTML, like Gecko) Chrome/52.0.2743.116 Safari/537.36"
64.20.61.52 - - [06/Jul/2021:22:01:25 -0400] "POST /wp-cron.php?doing_wp_cron=1625623285.9623329639434814453125 HTTP/1.1" 301 673 "-" "WordPress/5.7.2; http://daniewatsonwriter.com"
207.46.13.118 - - [06/Jul/2021:22:10:10 -0400] "GET / HTTP/1.1" 301 592 "-" "Mozilla/5.0 (compatible; bingbot/2.0; +http://www.bing.com/bingbot.htm)"
150.95.83.201 - - [06/Jul/2021:22:17:08 -0400] "POST /wp-login.php HTTP/1.1" 200 8900 "-" "Mozilla/5.0 (Windows NT 6.1; WOW64) AppleWebKit/537.36 (KHTML, like Gecko) Chrome/41.0.2272.101 Safari/537.36"
204.48.19.85 - - [06/Jul/2021:22:17:14 -0400] "POST /wp-cron.php?doing_wp_cron=1625624234.4244110584259033203125 HTTP/1.1" 200 6261 "https://daniewatsonwriter.com/wp-cron.php?doing_wp_cron=1625624234.4244110584259033203125" "WordPress/5.7.2; https://daniewatsonwriter.com"
64.20.61.52 - - [06/Jul/2021:22:17:36 -0400] "POST /wp-cron.php?doing_wp_cron=1625624256.4348959922790527343750 HTTP/1.1" 301 673 "-" "WordPress/5.7.2; http://daniewatsonwriter.com"
185.191.34.215 - - [06/Jul/2021:22:35:01 -0400] "GET /wp-admin/includes/fdsj399jdsf.php HTTP/1.1" 404 6596 "-" "Mozilla/5.0 (Windows NT 10.0; Win64; x64; rv:67.0) Gecko/20100101 Firefox/67.0"
