[Sat Jul 03 00:46:49.629759 2021] [php7:error] [pid 25786] [client 64.67.111.194:64857] PHP Fatal error:  require(): Failed opening required 'config.php' (include_path='.:/usr/share/php') in /var/www/html/dev.wilkescw.com/admin/admin_auth.php on line 4
[Sat Jul 03 00:47:51.666365 2021] [php7:error] [pid 26912] [client 64.67.111.194:55200] PHP Recoverable fatal error:  Object of class mysqli_result could not be converted to string in /var/www/html/dev.wilkescw.com/admin/admin_auth.php on line 18, referer: https://dev.wilkescw.com/admin/students.php
[Sat Jul 03 00:54:32.776347 2021] [php7:notice] [pid 25786] [client 64.67.111.194:55307] PHP Notice:  Undefined index: login_user in /var/www/html/dev.wilkescw.com/admin/admin_auth.php on line 49
[Sat Jul 03 01:03:54.988002 2021] [php7:notice] [pid 26403] [client 64.67.111.194:56144] PHP Notice:  Undefined index: active in /var/www/html/dev.wilkescw.com/admin/admin_auth.php on line 17, referer: https://dev.wilkescw.com/admin/index.php
[Sat Jul 03 01:03:54.988077 2021] [php7:error] [pid 26403] [client 64.67.111.194:56144] PHP Fatal error:  Uncaught Error: Call to undefined function session_register() in /var/www/html/dev.wilkescw.com/admin/admin_auth.php:23\nStack trace:\n#0 /var/www/html/dev.wilkescw.com/admin/admin_header.php(70): require()\n#1 /var/www/html/dev.wilkescw.com/admin/index.php(2): require('/var/www/html/d...')\n#2 {main}\n  thrown in /var/www/html/dev.wilkescw.com/admin/admin_auth.php on line 23, referer: https://dev.wilkescw.com/admin/index.php
[Sat Jul 03 01:04:47.082534 2021] [php7:error] [pid 26403] [client 64.67.111.194:56685] PHP Fatal error:  Uncaught Error: Call to undefined function session_register() in /var/www/html/dev.wilkescw.com/admin/admin_auth.php:22\nStack trace:\n#0 /var/www/html/dev.wilkescw.com/admin/admin_header.php(70): require()\n#1 /var/www/html/dev.wilkescw.com/admin/index.php(2): require('/var/www/html/d...')\n#2 {main}\n  thrown in /var/www/html/dev.wilkescw.com/admin/admin_auth.php on line 22, referer: https://dev.wilkescw.com/admin/index.php
[Sat Jul 03 01:10:45.396361 2021] [php7:error] [pid 26919] [client 64.67.111.194:65427] PHP Fatal error:  require(): Failed opening required 'admin_auth.php' (include_path='.:/usr/share/php') in /var/www/html/dev.wilkescw.com/admin/admin_header.php on line 70
[Sat Jul 03 01:12:03.488020 2021] [php7:error] [pid 26919] [client 64.67.111.194:62815] PHP Fatal error:  require(): Failed opening required 'admin_auth.php' (include_path='.:/usr/share/php') in /var/www/html/dev.wilkescw.com/admin/admin_header.php on line 70
[Sat Jul 03 01:12:43.178593 2021] [php7:error] [pid 26912] [client 64.67.111.194:59066] PHP Fatal error:  Uncaught Error: Call to undefined function session_register() in /var/www/html/dev.wilkescw.com/admin/admin_login.php:25\nStack trace:\n#0 {main}\n  thrown in /var/www/html/dev.wilkescw.com/admin/admin_login.php on line 25, referer: https://dev.wilkescw.com/admin/admin_login.php
[Sat Jul 03 01:14:17.262632 2021] [php7:notice] [pid 24946] [client 64.67.111.194:57006] PHP Notice:  Undefined variable: myusername in /var/www/html/dev.wilkescw.com/admin/admin_login.php on line 25, referer: https://dev.wilkescw.com/admin/admin_login.php
[Sat Jul 03 01:14:17.327391 2021] [php7:error] [pid 24946] [client 64.67.111.194:57006] script '/var/www/html/dev.wilkescw.com/admin/welcome.php' not found or unable to stat, referer: https://dev.wilkescw.com/admin/admin_login.php
[Sat Jul 03 01:16:19.165062 2021] [php7:error] [pid 25500] [client 64.67.111.194:55353] PHP Parse error:  syntax error, unexpected '";' (T_CONSTANT_ENCAPSED_STRING) in /var/www/html/dev.wilkescw.com/admin/index.php on line 7, referer: https://dev.wilkescw.com/admin/
[Sat Jul 03 01:16:21.008906 2021] [php7:error] [pid 27648] [client 64.67.111.194:57098] PHP Parse error:  syntax error, unexpected '";' (T_CONSTANT_ENCAPSED_STRING) in /var/www/html/dev.wilkescw.com/admin/index.php on line 7, referer: https://dev.wilkescw.com/admin/
[Sat Jul 03 01:16:31.199773 2021] [php7:error] [pid 27087] [client 64.67.111.194:64416] PHP Fatal error:  require(): Failed opening required 'admin_auth.php' (include_path='.:/usr/share/php') in /var/www/html/dev.wilkescw.com/admin/index.php on line 2, referer: https://dev.wilkescw.com/admin/
[Sat Jul 03 01:16:31.858193 2021] [php7:error] [pid 25786] [client 64.67.111.194:50236] PHP Fatal error:  require(): Failed opening required 'admin_auth.php' (include_path='.:/usr/share/php') in /var/www/html/dev.wilkescw.com/admin/index.php on line 2, referer: https://dev.wilkescw.com/admin/
[Sat Jul 03 01:16:33.490899 2021] [php7:error] [pid 27408] [client 64.67.111.194:65413] PHP Fatal error:  require(): Failed opening required 'admin_auth.php' (include_path='.:/usr/share/php') in /var/www/html/dev.wilkescw.com/admin/index.php on line 2
[Sat Jul 03 01:17:20.583458 2021] [php7:notice] [pid 27747] [client 64.67.111.194:60027] PHP Notice:  Undefined variable: myusername in /var/www/html/dev.wilkescw.com/admin/admin_auth.php on line 26, referer: https://dev.wilkescw.com/admin/
[Sat Jul 03 01:17:59.691057 2021] [php7:notice] [pid 27830] [client 64.67.111.194:54891] PHP Notice:  Undefined variable: myusername in /var/www/html/dev.wilkescw.com/admin/admin_auth.php on line 26, referer: https://dev.wilkescw.com/admin/index.php
[Sat Jul 03 01:17:59.758166 2021] [php7:error] [pid 27830] [client 64.67.111.194:54891] script '/var/www/html/dev.wilkescw.com/admin/inde2x.php' not found or unable to stat, referer: https://dev.wilkescw.com/admin/index.php
[Sat Jul 03 01:18:08.741408 2021] [php7:notice] [pid 27830] [client 64.67.111.194:54891] PHP Notice:  Undefined variable: myusername in /var/www/html/dev.wilkescw.com/admin/admin_auth.php on line 26, referer: https://dev.wilkescw.com/admin/index.php
[Sat Jul 03 01:18:08.792317 2021] [php7:error] [pid 27830] [client 64.67.111.194:54891] script '/var/www/html/dev.wilkescw.com/admin/inde2x.php' not found or unable to stat, referer: https://dev.wilkescw.com/admin/index.php
[Sat Jul 03 01:18:47.629542 2021] [php7:error] [pid 27846] [client 64.67.111.194:63078] script '/var/www/html/dev.wilkescw.com/admin/inde2x.php' not found or unable to stat, referer: https://dev.wilkescw.com/admin/index.php
[Sat Jul 03 01:18:54.295210 2021] [php7:notice] [pid 26919] [client 64.67.111.194:57529] PHP Notice:  Undefined variable: myusername in /var/www/html/dev.wilkescw.com/admin/admin_auth.php on line 26, referer: https://dev.wilkescw.com/admin/
[Sat Jul 03 01:18:54.349913 2021] [php7:error] [pid 26919] [client 64.67.111.194:57529] script '/var/www/html/dev.wilkescw.com/admin/inde2x.php' not found or unable to stat, referer: https://dev.wilkescw.com/admin/
[Sat Jul 03 01:19:39.958571 2021] [php7:notice] [pid 24946] [client 64.67.111.194:50954] PHP Notice:  Undefined variable: myusername in /var/www/html/dev.wilkescw.com/admin/admin_auth.php on line 26, referer: https://dev.wilkescw.com/admin/
[Sat Jul 03 20:30:42.147459 2021] [php7:error] [pid 24124] [client 64.67.111.194:54555] script '/var/www/html/dev.wilkescw.com/login.php' not found or unable to stat
[Sat Jul 03 20:35:10.645888 2021] [php7:error] [pid 23776] [client 64.67.111.194:56522] PHP Fatal error:  require(): Failed opening required '../config.php' (include_path='.:/usr/share/php') in /var/www/html/dev.wilkescw.com/login.php on line 4
[Sat Jul 03 20:35:28.208622 2021] [php7:error] [pid 23979] [client 64.67.111.194:61016] PHP Fatal error:  require(): Failed opening required '../config.php' (include_path='.:/usr/share/php') in /var/www/html/dev.wilkescw.com/login.php on line 4
[Sat Jul 03 20:35:29.059119 2021] [php7:error] [pid 24131] [client 64.67.111.194:49316] PHP Fatal error:  require(): Failed opening required '../config.php' (include_path='.:/usr/share/php') in /var/www/html/dev.wilkescw.com/login.php on line 4
[Sat Jul 03 20:36:55.004913 2021] [php7:error] [pid 24131] [client 64.67.111.194:60997] PHP Fatal error:  require(): Failed opening required '../config.php' (include_path='.:/usr/share/php') in /var/www/html/dev.wilkescw.com/login.php on line 4
[Sat Jul 03 20:37:27.057977 2021] [php7:error] [pid 24131] [client 64.67.111.194:61014] PHP Fatal error:  require(): Failed opening required '../config.php' (include_path='.:/usr/share/php') in /var/www/html/dev.wilkescw.com/login.php on line 4
[Sat Jul 03 20:37:55.834123 2021] [php7:error] [pid 23775] [client 64.67.111.194:52988] PHP Fatal error:  require(): Failed opening required '../config.php' (include_path='.:/usr/share/php') in /var/www/html/dev.wilkescw.com/login.php on line 4
[Sat Jul 03 20:37:57.096542 2021] [php7:error] [pid 23979] [client 64.67.111.194:64983] PHP Fatal error:  require(): Failed opening required '../config.php' (include_path='.:/usr/share/php') in /var/www/html/dev.wilkescw.com/login.php on line 4
[Sat Jul 03 20:38:07.687808 2021] [php7:error] [pid 24131] [client 64.67.111.194:63514] PHP Fatal error:  require(): Failed opening required '../config.php' (include_path='.:/usr/share/php') in /var/www/html/dev.wilkescw.com/login.php on line 4
[Sat Jul 03 20:38:08.602132 2021] [php7:error] [pid 25042] [client 64.67.111.194:49936] PHP Fatal error:  require(): Failed opening required '../config.php' (include_path='.:/usr/share/php') in /var/www/html/dev.wilkescw.com/login.php on line 4
[Sat Jul 03 20:38:53.972954 2021] [php7:error] [pid 23776] [client 64.67.111.194:56149] PHP Fatal error:  require(): Failed opening required '../config.php' (include_path='.:/usr/share/php') in /var/www/html/dev.wilkescw.com/login.php on line 4
[Sat Jul 03 20:39:23.576037 2021] [php7:error] [pid 24124] [client 64.67.111.194:51496] PHP Fatal error:  require(): Failed opening required '../config.php' (include_path='.:/usr/share/php') in /var/www/html/dev.wilkescw.com/login.php on line 4
[Sat Jul 03 20:39:25.524040 2021] [php7:error] [pid 23979] [client 64.67.111.194:60096] PHP Fatal error:  require(): Failed opening required '../config.php' (include_path='.:/usr/share/php') in /var/www/html/dev.wilkescw.com/login.php on line 4
[Sat Jul 03 20:40:14.001343 2021] [php7:error] [pid 23791] [client 64.67.111.194:53322] PHP Fatal error:  Uncaught ArgumentCountError: Too few arguments to function print_roster(), 5 passed in /var/www/html/dev.wilkescw.com/how_to.php on line 12 and exactly 6 expected in /var/www/html/dev.wilkescw.com/functions.php:8\nStack trace:\n#0 /var/www/html/dev.wilkescw.com/how_to.php(12): print_roster(false, false, false, false, false)\n#1 {main}\n  thrown in /var/www/html/dev.wilkescw.com/functions.php on line 8, referer: https://dev.wilkescw.com/login.php
[Sat Jul 03 20:40:51.631294 2021] [php7:error] [pid 23979] [client 64.67.111.194:57016] PHP Fatal error:  Uncaught ArgumentCountError: Too few arguments to function print_roster(), 5 passed in /var/www/html/dev.wilkescw.com/how_to.php on line 13 and exactly 6 expected in /var/www/html/dev.wilkescw.com/functions.php:8\nStack trace:\n#0 /var/www/html/dev.wilkescw.com/how_to.php(13): print_roster(false, false, false, false, false)\n#1 {main}\n  thrown in /var/www/html/dev.wilkescw.com/functions.php on line 8, referer: https://dev.wilkescw.com/how_to.php
[Sat Jul 03 20:44:30.959904 2021] [php7:notice] [pid 25042] [client 64.67.111.194:57505] PHP Notice:  Undefined variable: host in /var/www/html/dev.wilkescw.com/login.php on line 13, referer: https://dev.wilkescw.com/login.php
[Sat Jul 03 20:44:30.959944 2021] [php7:notice] [pid 25042] [client 64.67.111.194:57505] PHP Notice:  Undefined variable: usr in /var/www/html/dev.wilkescw.com/login.php on line 13, referer: https://dev.wilkescw.com/login.php
[Sat Jul 03 20:44:30.959952 2021] [php7:notice] [pid 25042] [client 64.67.111.194:57505] PHP Notice:  Undefined variable: pwd in /var/www/html/dev.wilkescw.com/login.php on line 13, referer: https://dev.wilkescw.com/login.php
[Sat Jul 03 20:44:30.959958 2021] [php7:notice] [pid 25042] [client 64.67.111.194:57505] PHP Notice:  Undefined variable: db in /var/www/html/dev.wilkescw.com/login.php on line 13, referer: https://dev.wilkescw.com/login.php
[Sat Jul 03 20:45:07.432445 2021] [php7:notice] [pid 22614] [client 64.67.111.194:51583] PHP Notice:  Undefined variable: myusername in /var/www/html/dev.wilkescw.com/login.php on line 26, referer: https://dev.wilkescw.com/login.php
[Sat Jul 03 20:45:07.488580 2021] [php7:error] [pid 22614] [client 64.67.111.194:51583] script '/var/www/html/dev.wilkescw.com/students.php' not found or unable to stat, referer: https://dev.wilkescw.com/login.php
[Sat Jul 03 20:45:37.892989 2021] [php7:notice] [pid 23775] [client 64.67.111.194:53169] PHP Notice:  Undefined variable: myusername in /var/www/html/dev.wilkescw.com/login.php on line 26, referer: https://dev.wilkescw.com/login.php
[Sat Jul 03 20:45:42.973812 2021] [php7:notice] [pid 25039] [client 64.67.111.194:64899] PHP Notice:  Undefined variable: myusername in /var/www/html/dev.wilkescw.com/login.php on line 26, referer: https://dev.wilkescw.com/login.php
[Sat Jul 03 20:46:30.004543 2021] [php7:notice] [pid 23775] [client 64.67.111.194:53964] PHP Notice:  Undefined variable: _SESSION in /var/www/html/dev.wilkescw.com/login.php on line 3, referer: https://dev.wilkescw.com/login.php
[Sat Jul 03 20:46:36.966200 2021] [php7:notice] [pid 23978] [client 64.67.111.194:59005] PHP Notice:  Undefined variable: _SESSION in /var/www/html/dev.wilkescw.com/login.php on line 3
[Sat Jul 03 20:46:57.989069 2021] [php7:notice] [pid 23775] [client 64.67.111.194:61531] PHP Notice:  Undefined variable: _SESSION in /var/www/html/dev.wilkescw.com/login.php on line 6, referer: https://dev.wilkescw.com/login.php
[Sat Jul 03 20:48:37.140837 2021] [php7:notice] [pid 25039] [client 64.67.111.194:50890] PHP Notice:  Undefined variable: _SESSION in /var/www/html/dev.wilkescw.com/login.php on line 6, referer: https://dev.wilkescw.com/login.php
[Sat Jul 03 20:48:42.002058 2021] [php7:notice] [pid 23978] [client 64.67.111.194:49591] PHP Notice:  Undefined variable: _SESSION in /var/www/html/dev.wilkescw.com/login.php on line 6, referer: https://dev.wilkescw.com/login.php
[Sat Jul 03 20:48:42.003435 2021] [php7:notice] [pid 23978] [client 64.67.111.194:49591] PHP Notice:  Undefined variable: myusername in /var/www/html/dev.wilkescw.com/login.php on line 28, referer: https://dev.wilkescw.com/login.php
[Sat Jul 03 20:48:42.114530 2021] [php7:notice] [pid 23978] [client 64.67.111.194:49591] PHP Notice:  Undefined variable: _SESSION in /var/www/html/dev.wilkescw.com/login.php on line 6, referer: https://dev.wilkescw.com/login.php
[Sat Jul 03 20:49:10.480424 2021] [php7:notice] [pid 23979] [client 64.67.111.194:50747] PHP Notice:  Undefined variable: myusername in /var/www/html/dev.wilkescw.com/login.php on line 26, referer: https://dev.wilkescw.com/login.php
[Sat Jul 03 20:49:21.367842 2021] [php7:notice] [pid 24124] [client 64.67.111.194:62923] PHP Notice:  Undefined variable: myusername in /var/www/html/dev.wilkescw.com/login.php on line 26, referer: https://dev.wilkescw.com/login.php
[Sat Jul 03 20:50:03.163647 2021] [php7:notice] [pid 25039] [client 64.67.111.194:64640] PHP Notice:  Undefined variable: myusername in /var/www/html/dev.wilkescw.com/login.php on line 26, referer: https://dev.wilkescw.com/login.php
[Sat Jul 03 20:50:33.290763 2021] [php7:error] [pid 23775] [client 64.67.111.194:57615] PHP Fatal error:  Uncaught ArgumentCountError: Too few arguments to function print_roster(), 5 passed in /var/www/html/dev.wilkescw.com/how_to.php on line 13 and exactly 6 expected in /var/www/html/dev.wilkescw.com/functions.php:8\nStack trace:\n#0 /var/www/html/dev.wilkescw.com/how_to.php(13): print_roster(false, false, false, false, false)\n#1 {main}\n  thrown in /var/www/html/dev.wilkescw.com/functions.php on line 8, referer: https://dev.wilkescw.com/index.php
[Sat Jul 03 20:50:37.943332 2021] [php7:error] [pid 25042] [client 64.67.111.194:51747] PHP Fatal error:  Uncaught ArgumentCountError: Too few arguments to function print_roster(), 5 passed in /var/www/html/dev.wilkescw.com/how_to.php on line 13 and exactly 6 expected in /var/www/html/dev.wilkescw.com/functions.php:8\nStack trace:\n#0 /var/www/html/dev.wilkescw.com/how_to.php(13): print_roster(false, false, false, false, false)\n#1 {main}\n  thrown in /var/www/html/dev.wilkescw.com/functions.php on line 8, referer: https://dev.wilkescw.com/index.php
[Sat Jul 03 20:52:10.108187 2021] [php7:error] [pid 24131] [client 64.67.111.194:59217] PHP Fatal error:  Uncaught ArgumentCountError: Too few arguments to function print_roster(), 5 passed in /var/www/html/dev.wilkescw.com/how_to.php on line 13 and exactly 6 expected in /var/www/html/dev.wilkescw.com/functions.php:8\nStack trace:\n#0 /var/www/html/dev.wilkescw.com/how_to.php(13): print_roster(false, false, false, false, false)\n#1 {main}\n  thrown in /var/www/html/dev.wilkescw.com/functions.php on line 8, referer: https://dev.wilkescw.com/index.php
[Sat Jul 03 20:52:15.657031 2021] [php7:error] [pid 24131] [client 64.67.111.194:59217] PHP Parse error:  syntax error, unexpected 'index' (T_STRING) in /var/www/html/dev.wilkescw.com/logout.php on line 12, referer: https://dev.wilkescw.com/index.php
[Sat Jul 03 20:52:40.584208 2021] [php7:error] [pid 24131] [client 64.67.111.194:52976] PHP Parse error:  syntax error, unexpected 'index' (T_STRING) in /var/www/html/dev.wilkescw.com/logout.php on line 5, referer: https://dev.wilkescw.com/index.php
[Sat Jul 03 20:53:00.562975 2021] [php7:error] [pid 23979] [client 64.67.111.194:60386] PHP Fatal error:  Uncaught ArgumentCountError: Too few arguments to function print_roster(), 5 passed in /var/www/html/dev.wilkescw.com/how_to.php on line 13 and exactly 6 expected in /var/www/html/dev.wilkescw.com/functions.php:8\nStack trace:\n#0 /var/www/html/dev.wilkescw.com/how_to.php(13): print_roster(false, false, false, false, false)\n#1 {main}\n  thrown in /var/www/html/dev.wilkescw.com/functions.php on line 8, referer: https://dev.wilkescw.com/login.php
[Sat Jul 03 20:53:39.322208 2021] [php7:error] [pid 23791] [client 64.67.111.194:57465] PHP Fatal error:  Uncaught ArgumentCountError: Too few arguments to function print_roster(), 5 passed in /var/www/html/dev.wilkescw.com/how_to.php on line 13 and exactly 6 expected in /var/www/html/dev.wilkescw.com/functions.php:8\nStack trace:\n#0 /var/www/html/dev.wilkescw.com/how_to.php(13): print_roster(false, false, false, false, false)\n#1 {main}\n  thrown in /var/www/html/dev.wilkescw.com/functions.php on line 8, referer: https://dev.wilkescw.com/index.php
[Sat Jul 03 20:53:45.754270 2021] [php7:error] [pid 23791] [client 64.67.111.194:57465] PHP Fatal error:  Uncaught ArgumentCountError: Too few arguments to function print_roster(), 5 passed in /var/www/html/dev.wilkescw.com/how_to.php on line 13 and exactly 6 expected in /var/www/html/dev.wilkescw.com/functions.php:8\nStack trace:\n#0 /var/www/html/dev.wilkescw.com/how_to.php(13): print_roster(false, false, false, false, false)\n#1 {main}\n  thrown in /var/www/html/dev.wilkescw.com/functions.php on line 8, referer: https://dev.wilkescw.com/logout.php
[Sat Jul 03 21:04:36.462777 2021] [php7:error] [pid 25042] [client 64.67.111.194:63042] PHP Parse error:  syntax error, unexpected ')', expecting ']' in /var/www/html/dev.wilkescw.com/header.php on line 41, referer: https://dev.wilkescw.com/logout.php
[Sat Jul 03 21:05:05.139120 2021] [php7:error] [pid 26106] [client 64.67.111.194:56856] PHP Parse error:  syntax error, unexpected ')', expecting ']' in /var/www/html/dev.wilkescw.com/header.php on line 41, referer: https://dev.wilkescw.com/logout.php
[Sat Jul 03 21:07:02.882393 2021] [php7:error] [pid 25042] [client 64.67.111.194:55118] PHP Parse error:  syntax error, unexpected '<', expecting end of file in /var/www/html/dev.wilkescw.com/header.php on line 40, referer: https://dev.wilkescw.com/login.php
[Sat Jul 03 23:04:24.862391 2021] [php7:error] [pid 30205] [client 64.67.111.194:57012] PHP Fatal error:  Uncaught Error: Call to undefined function strip() in /var/www/html/dev.wilkescw.com/profile.php:13\nStack trace:\n#0 {main}\n  thrown in /var/www/html/dev.wilkescw.com/profile.php on line 13
[Sat Jul 03 23:13:24.912965 2021] [php7:error] [pid 28620] [client 64.67.111.194:61443] PHP Parse error:  syntax error, unexpected end of file in /var/www/html/dev.wilkescw.com/functions.php on line 506
[Sat Jul 03 23:14:38.205922 2021] [php7:notice] [pid 27096] [client 64.67.111.194:60742] PHP Notice:  session_start(): A session had already been started - ignoring in /var/www/html/dev.wilkescw.com/functions.php on line 13
[Sat Jul 03 23:14:38.205971 2021] [php7:notice] [pid 27096] [client 64.67.111.194:60742] PHP Notice:  Undefined variable: host in /var/www/html/dev.wilkescw.com/functions.php on line 21
[Sat Jul 03 23:14:38.205976 2021] [php7:notice] [pid 27096] [client 64.67.111.194:60742] PHP Notice:  Undefined variable: usr in /var/www/html/dev.wilkescw.com/functions.php on line 21
[Sat Jul 03 23:14:38.205979 2021] [php7:notice] [pid 27096] [client 64.67.111.194:60742] PHP Notice:  Undefined variable: pwd in /var/www/html/dev.wilkescw.com/functions.php on line 21
[Sat Jul 03 23:14:38.205982 2021] [php7:notice] [pid 27096] [client 64.67.111.194:60742] PHP Notice:  Undefined variable: dv in /var/www/html/dev.wilkescw.com/functions.php on line 21
[Sat Jul 03 23:14:58.420667 2021] [php7:notice] [pid 28620] [client 64.67.111.194:58857] PHP Notice:  Undefined variable: host in /var/www/html/dev.wilkescw.com/functions.php on line 21
[Sat Jul 03 23:14:58.420704 2021] [php7:notice] [pid 28620] [client 64.67.111.194:58857] PHP Notice:  Undefined variable: usr in /var/www/html/dev.wilkescw.com/functions.php on line 21
[Sat Jul 03 23:14:58.420710 2021] [php7:notice] [pid 28620] [client 64.67.111.194:58857] PHP Notice:  Undefined variable: pwd in /var/www/html/dev.wilkescw.com/functions.php on line 21
[Sat Jul 03 23:14:58.420716 2021] [php7:notice] [pid 28620] [client 64.67.111.194:58857] PHP Notice:  Undefined variable: dv in /var/www/html/dev.wilkescw.com/functions.php on line 21
[Sat Jul 03 23:15:36.034470 2021] [php7:notice] [pid 27096] [client 64.67.111.194:60669] PHP Notice:  Undefined variable: dv in /var/www/html/dev.wilkescw.com/functions.php on line 23
[Sat Jul 03 23:16:07.132360 2021] [php7:notice] [pid 28620] [client 64.67.111.194:65307] PHP Notice:  Undefined variable: dv in /var/www/html/dev.wilkescw.com/functions.php on line 18
[Sat Jul 03 23:18:22.889825 2021] [php7:error] [pid 30261] [client 64.67.111.194:58470] PHP Parse error:  syntax error, unexpected '{' in /var/www/html/dev.wilkescw.com/profile.php on line 16
[Sat Jul 03 23:20:21.450825 2021] [php7:error] [pid 27096] [client 64.67.111.194:57248] PHP Parse error:  syntax error, unexpected '{' in /var/www/html/dev.wilkescw.com/functions.php on line 13
[Sat Jul 03 23:20:36.331234 2021] [php7:error] [pid 30501] [client 64.67.111.194:60092] PHP Parse error:  syntax error, unexpected '' (T_ENCAPSED_AND_WHITESPACE), expecting '-' or identifier (T_STRING) or variable (T_VARIABLE) or number (T_NUM_STRING) in /var/www/html/dev.wilkescw.com/functions.php on line 17
[Sat Jul 03 23:24:42.543219 2021] [php7:notice] [pid 30881] [client 64.67.111.194:62905] PHP Notice:  session_start(): A session had already been started - ignoring in /var/www/html/dev.wilkescw.com/functions.php on line 12
[Sat Jul 03 23:28:05.776901 2021] [php7:notice] [pid 27096] [client 64.67.111.194:61371] PHP Notice:  Undefined variable: sql in /var/www/html/dev.wilkescw.com/functions.php on line 24
[Sat Jul 03 23:30:58.073830 2021] [php7:notice] [pid 30238] [client 64.67.111.194:62779] PHP Notice:  Undefined variable: mysqli_query in /var/www/html/dev.wilkescw.com/functions.php on line 43
[Sat Jul 03 23:30:58.073995 2021] [php7:error] [pid 30238] [client 64.67.111.194:62779] PHP Fatal error:  Uncaught Error: Function name must be a string in /var/www/html/dev.wilkescw.com/functions.php:43\nStack trace:\n#0 /var/www/html/dev.wilkescw.com/profile.php(13): get_user_profile('justin.bodnar')\n#1 {main}\n  thrown in /var/www/html/dev.wilkescw.com/functions.php on line 43
[Sat Jul 03 23:42:56.301477 2021] [php7:notice] [pid 30205] [client 64.67.111.194:56202] PHP Notice:  Array to string conversion in /var/www/html/dev.wilkescw.com/functions.php on line 25
[Sat Jul 03 23:43:31.848788 2021] [php7:error] [pid 30205] [client 64.67.111.194:49260] PHP Parse error:  syntax error, unexpected ')', expecting ']' in /var/www/html/dev.wilkescw.com/functions.php on line 25
[Sat Jul 03 23:44:19.036455 2021] [php7:error] [pid 30297] [client 64.67.111.194:55025] PHP Parse error:  syntax error, unexpected ')' in /var/www/html/dev.wilkescw.com/functions.php on line 25
[Sat Jul 03 23:44:27.951855 2021] [php7:error] [pid 28620] [client 64.67.111.194:51946] PHP Parse error:  syntax error, unexpected ''.$user_id.'' (T_CONSTANT_ENCAPSED_STRING) in /var/www/html/dev.wilkescw.com/functions.php on line 27
[Sat Jul 03 23:44:51.235402 2021] [php7:notice] [pid 31220] [client 64.67.111.194:54872] PHP Notice:  Array to string conversion in /var/www/html/dev.wilkescw.com/profile.php on line 14
[Sat Jul 03 23:45:05.290519 2021] [php7:notice] [pid 28620] [client 64.67.111.194:58242] PHP Notice:  Array to string conversion in /var/www/html/dev.wilkescw.com/profile.php on line 14
[Sat Jul 03 23:48:57.131053 2021] [php7:error] [pid 27096] [client 64.67.111.194:55598] PHP Parse error:  syntax error, unexpected '/' in /var/www/html/dev.wilkescw.com/profile.php on line 19
[Sat Jul 03 23:50:11.307142 2021] [php7:notice] [pid 27096] [client 64.67.111.194:52705] PHP Notice:  Undefined index: username in /var/www/html/dev.wilkescw.com/profile.php on line 17
[Sat Jul 03 23:50:25.551448 2021] [php7:notice] [pid 31220] [client 64.67.111.194:65378] PHP Notice:  Undefined index: username in /var/www/html/dev.wilkescw.com/profile.php on line 18
[Sat Jul 03 23:59:51.480828 2021] [php7:error] [pid 30238] [client 64.67.111.194:54563] PHP Fatal error:  Uncaught ArgumentCountError: Too few arguments to function print_roster(), 5 passed in /var/www/html/dev.wilkescw.com/how_to.php on line 13 and exactly 6 expected in /var/www/html/dev.wilkescw.com/functions.php:40\nStack trace:\n#0 /var/www/html/dev.wilkescw.com/how_to.php(13): print_roster(false, false, false, false, false)\n#1 {main}\n  thrown in /var/www/html/dev.wilkescw.com/functions.php on line 40, referer: https://dev.wilkescw.com/logout.php
[Sun Jul 04 00:00:35.458049 2021] [php7:error] [pid 32186] [client 64.67.111.194:54829] PHP Parse error:  syntax error, unexpected 'title' (T_STRING) in /var/www/html/dev.wilkescw.com/login.php on line 34, referer: https://dev.wilkescw.com/login.php
[Sun Jul 04 00:00:52.009617 2021] [php7:error] [pid 32189] [client 64.67.111.194:62297] PHP Parse error:  syntax error, unexpected 'title' (T_STRING) in /var/www/html/dev.wilkescw.com/login.php on line 34, referer: https://dev.wilkescw.com/login.php
[Sun Jul 04 00:02:49.622346 2021] [php7:error] [pid 32186] [client 64.67.111.194:58645] PHP Parse error:  syntax error, unexpected ';', expecting ')' in /var/www/html/dev.wilkescw.com/login.php on line 34, referer: https://dev.wilkescw.com/login.php
[Sun Jul 04 00:03:00.882150 2021] [php7:error] [pid 32222] [client 64.67.111.194:56172] PHP Parse error:  syntax error, unexpected ';', expecting ')' in /var/www/html/dev.wilkescw.com/login.php on line 34, referer: https://dev.wilkescw.com/login.php
[Sun Jul 04 00:07:13.188525 2021] [php7:error] [pid 32187] [client 64.67.111.194:59592] PHP Parse error:  syntax error, unexpected '<' in /var/www/html/dev.wilkescw.com/login.php on line 59, referer: https://dev.wilkescw.com/login.php
[Sun Jul 04 00:08:15.459512 2021] [php7:error] [pid 32204] [client 64.67.111.194:58048] PHP Fatal error:  Uncaught ArgumentCountError: Too few arguments to function print_roster(), 5 passed in /var/www/html/dev.wilkescw.com/how_to.php on line 13 and exactly 6 expected in /var/www/html/dev.wilkescw.com/functions.php:40\nStack trace:\n#0 /var/www/html/dev.wilkescw.com/how_to.php(13): print_roster(false, false, false, false, false)\n#1 {main}\n  thrown in /var/www/html/dev.wilkescw.com/functions.php on line 40, referer: https://dev.wilkescw.com/login.php
[Sun Jul 04 00:09:00.945206 2021] [php7:error] [pid 32207] [client 64.67.111.194:60077] PHP Fatal error:  Uncaught ArgumentCountError: Too few arguments to function print_roster(), 5 passed in /var/www/html/dev.wilkescw.com/how_to.php on line 13 and exactly 6 expected in /var/www/html/dev.wilkescw.com/functions.php:40\nStack trace:\n#0 /var/www/html/dev.wilkescw.com/how_to.php(13): print_roster(false, false, false, false, false)\n#1 {main}\n  thrown in /var/www/html/dev.wilkescw.com/functions.php on line 40, referer: https://dev.wilkescw.com/index.php
[Sun Jul 04 00:23:05.862865 2021] [php7:notice] [pid 500] [client 64.67.111.194:58338] PHP Notice:  Undefined variable: _SESSION in /var/www/html/dev.wilkescw.com/header.php on line 59, referer: https://dev.wilkescw.com/logout.php
[Sun Jul 04 00:23:06.821652 2021] [php7:notice] [pid 499] [client 64.67.111.194:51637] PHP Notice:  Undefined variable: _SESSION in /var/www/html/dev.wilkescw.com/header.php on line 59, referer: https://dev.wilkescw.com/login.php
[Sun Jul 04 00:23:06.881117 2021] [php7:notice] [pid 499] [client 64.67.111.194:51637] PHP Notice:  Undefined variable: _SESSION in /var/www/html/dev.wilkescw.com/header.php on line 59, referer: https://dev.wilkescw.com/login.php
[Sun Jul 04 00:23:11.517010 2021] [php7:notice] [pid 500] [client 64.67.111.194:58338] PHP Notice:  Undefined variable: _SESSION in /var/www/html/dev.wilkescw.com/header.php on line 59, referer: https://dev.wilkescw.com/login.php?error=incorrectpassword
[Sun Jul 04 00:23:31.586048 2021] [php7:notice] [pid 32190] [client 64.67.111.194:62564] PHP Notice:  Undefined variable: _SESSION in /var/www/html/dev.wilkescw.com/header.php on line 59, referer: https://dev.wilkescw.com/logout.php
[Sun Jul 04 00:23:32.949492 2021] [php7:notice] [pid 32185] [client 64.67.111.194:54446] PHP Notice:  Undefined variable: _SESSION in /var/www/html/dev.wilkescw.com/header.php on line 59, referer: https://dev.wilkescw.com/login.php
[Sun Jul 04 00:23:33.034658 2021] [php7:notice] [pid 32185] [client 64.67.111.194:54446] PHP Notice:  Undefined variable: _SESSION in /var/www/html/dev.wilkescw.com/header.php on line 59, referer: https://dev.wilkescw.com/login.php
[Sun Jul 04 00:23:36.386408 2021] [php7:notice] [pid 32190] [client 64.67.111.194:62564] PHP Notice:  Undefined variable: _SESSION in /var/www/html/dev.wilkescw.com/header.php on line 59, referer: https://dev.wilkescw.com/login.php?error=incorrectpassword
[Sun Jul 04 00:24:01.072644 2021] [php7:notice] [pid 499] [client 64.67.111.194:60193] PHP Notice:  Undefined variable: _SESSION in /var/www/html/dev.wilkescw.com/header.php on line 59, referer: https://dev.wilkescw.com/logout.php
[Sun Jul 04 00:24:02.224395 2021] [php7:notice] [pid 895] [client 64.67.111.194:56793] PHP Notice:  Undefined variable: _SESSION in /var/www/html/dev.wilkescw.com/header.php on line 59, referer: https://dev.wilkescw.com/login.php
[Sun Jul 04 00:24:02.278553 2021] [php7:notice] [pid 895] [client 64.67.111.194:56793] PHP Notice:  Undefined variable: _SESSION in /var/www/html/dev.wilkescw.com/header.php on line 59, referer: https://dev.wilkescw.com/login.php
[Sun Jul 04 00:24:05.403707 2021] [php7:notice] [pid 499] [client 64.67.111.194:60193] PHP Notice:  Undefined variable: _SESSION in /var/www/html/dev.wilkescw.com/header.php on line 59, referer: https://dev.wilkescw.com/login.php?error=incorrectpassword
[Sun Jul 04 00:26:09.198533 2021] [php7:notice] [pid 499] [client 64.67.111.194:64914] PHP Notice:  Undefined variable: _SESSION in /var/www/html/dev.wilkescw.com/header.php on line 59, referer: https://dev.wilkescw.com/login.php?error=incorrectpassword
[Sun Jul 04 00:28:34.393489 2021] [php7:error] [pid 32222] [client 64.67.111.194:60045] PHP Parse error:  syntax error, unexpected end of file in /var/www/html/dev.wilkescw.com/header.php on line 82, referer: https://dev.wilkescw.com/index.php
[Sun Jul 04 00:28:48.963213 2021] [php7:error] [pid 32202] [client 64.67.111.194:60249] script '/var/www/html/dev.wilkescw.com/admin_tools.php' not found or unable to stat, referer: https://dev.wilkescw.com/index.php
[Sun Jul 04 00:31:22.929355 2021] [php7:notice] [pid 32190] [client 64.67.111.194:61573] PHP Notice:  Undefined index: is_admin in /var/www/html/dev.wilkescw.com/header.php on line 61, referer: https://dev.wilkescw.com/logout.php
[Sun Jul 04 00:31:22.987088 2021] [php7:notice] [pid 32190] [client 64.67.111.194:61573] PHP Notice:  Undefined variable: _SESSION in /var/www/html/dev.wilkescw.com/header.php on line 61, referer: https://dev.wilkescw.com/logout.php
[Sun Jul 04 00:31:28.068824 2021] [php7:notice] [pid 32202] [client 64.67.111.194:60036] PHP Notice:  Undefined variable: _SESSION in /var/www/html/dev.wilkescw.com/header.php on line 61, referer: https://dev.wilkescw.com/login.php
[Sun Jul 04 00:31:28.127372 2021] [php7:notice] [pid 32202] [client 64.67.111.194:60036] PHP Notice:  Undefined index: is_admin in /var/www/html/dev.wilkescw.com/header.php on line 61, referer: https://dev.wilkescw.com/login.php
[Sun Jul 04 00:32:01.037708 2021] [php7:error] [pid 895] [client 64.67.111.194:54152] PHP Parse error:  syntax error, unexpected '{' in /var/www/html/dev.wilkescw.com/header.php on line 61, referer: https://dev.wilkescw.com/login.php
[Sun Jul 04 00:35:34.669305 2021] [php7:error] [pid 500] [client 64.67.111.194:50581] script '/var/www/html/dev.wilkescw.com/forgot.php' not found or unable to stat, referer: https://dev.wilkescw.com/login.php?error=incorrectpassword
[Sun Jul 04 00:38:22.918160 2021] [php7:error] [pid 32189] [client 64.67.111.194:55375] script '/var/www/html/dev.wilkescw.com/admin_tools.php' not found or unable to stat, referer: https://dev.wilkescw.com/index.php
[Sun Jul 04 00:39:08.008684 2021] [php7:error] [pid 1215] [client 64.67.111.194:62623] PHP Fatal error:  Uncaught ArgumentCountError: Too few arguments to function print_roster(), 5 passed in /var/www/html/dev.wilkescw.com/how_to.php on line 13 and exactly 6 expected in /var/www/html/dev.wilkescw.com/functions.php:40\nStack trace:\n#0 /var/www/html/dev.wilkescw.com/how_to.php(13): print_roster(false, false, false, false, false)\n#1 {main}\n  thrown in /var/www/html/dev.wilkescw.com/functions.php on line 40, referer: https://dev.wilkescw.com/index.php
[Sun Jul 04 00:40:38.314535 2021] [php7:error] [pid 895] [client 64.67.111.194:60217] PHP Fatal error:  require(): Failed opening required 'admin_auth.php' (include_path='.:/usr/share/php') in /var/www/html/dev.wilkescw.com/admin/index.php on line 2
[Sun Jul 04 00:41:46.354662 2021] [php7:error] [pid 499] [client 64.67.111.194:52608] PHP Fatal error:  Uncaught ArgumentCountError: Too few arguments to function print_roster(), 5 passed in /var/www/html/dev.wilkescw.com/how_to.php on line 13 and exactly 6 expected in /var/www/html/dev.wilkescw.com/functions.php:40\nStack trace:\n#0 /var/www/html/dev.wilkescw.com/how_to.php(13): print_roster(false, false, false, false, false)\n#1 {main}\n  thrown in /var/www/html/dev.wilkescw.com/functions.php on line 40, referer: https://dev.wilkescw.com/index.php
[Sun Jul 04 00:46:42.471966 2021] [php7:error] [pid 895] [client 64.67.111.194:53985] PHP Parse error:  syntax error, unexpected ''<p class="title">Error: <em>A' (T_ENCAPSED_AND_WHITESPACE) in /var/www/html/dev.wilkescw.com/error.php on line 17
[Sun Jul 04 00:50:06.495345 2021] [php7:error] [pid 1628] [client 64.67.111.194:50294] PHP Fatal error:  Uncaught ArgumentCountError: Too few arguments to function print_roster(), 5 passed in /var/www/html/dev.wilkescw.com/how_to.php on line 13 and exactly 6 expected in /var/www/html/dev.wilkescw.com/functions.php:40\nStack trace:\n#0 /var/www/html/dev.wilkescw.com/how_to.php(13): print_roster(false, false, false, false, false)\n#1 {main}\n  thrown in /var/www/html/dev.wilkescw.com/functions.php on line 40, referer: https://dev.wilkescw.com/index.php
[Sun Jul 04 00:53:37.405042 2021] [php7:error] [pid 965] [client 64.67.111.194:51460] PHP Fatal error:  Uncaught ArgumentCountError: Too few arguments to function print_roster(), 5 passed in /var/www/html/dev.wilkescw.com/how_to.php on line 13 and exactly 6 expected in /var/www/html/dev.wilkescw.com/functions.php:40\nStack trace:\n#0 /var/www/html/dev.wilkescw.com/how_to.php(13): print_roster(false, false, false, false, false)\n#1 {main}\n  thrown in /var/www/html/dev.wilkescw.com/functions.php on line 40, referer: https://dev.wilkescw.com/c501.php
[Sun Jul 04 00:53:39.123024 2021] [php7:error] [pid 32189] [client 64.67.111.194:49829] PHP Fatal error:  Uncaught ArgumentCountError: Too few arguments to function print_roster(), 5 passed in /var/www/html/dev.wilkescw.com/how_to.php on line 13 and exactly 6 expected in /var/www/html/dev.wilkescw.com/functions.php:40\nStack trace:\n#0 /var/www/html/dev.wilkescw.com/how_to.php(13): print_roster(false, false, false, false, false)\n#1 {main}\n  thrown in /var/www/html/dev.wilkescw.com/functions.php on line 40, referer: https://dev.wilkescw.com/admin_tools.php
[Sun Jul 04 00:53:51.313859 2021] [php7:error] [pid 1699] [client 64.67.111.194:60022] PHP Fatal error:  Uncaught ArgumentCountError: Too few arguments to function print_roster(), 5 passed in /var/www/html/dev.wilkescw.com/how_to.php on line 13 and exactly 6 expected in /var/www/html/dev.wilkescw.com/functions.php:40\nStack trace:\n#0 /var/www/html/dev.wilkescw.com/how_to.php(13): print_roster(false, false, false, false, false)\n#1 {main}\n  thrown in /var/www/html/dev.wilkescw.com/functions.php on line 40, referer: https://dev.wilkescw.com/admin_tools.php
[Sun Jul 04 00:57:38.819339 2021] [php7:error] [pid 965] [client 64.67.111.194:52356] PHP Parse error:  syntax error, unexpected '>' in /var/www/html/dev.wilkescw.com/error.php on line 21
[Sun Jul 04 01:07:32.084577 2021] [php7:error] [pid 2685] [client 64.67.111.194:55601] PHP Parse error:  syntax error, unexpected '/' in /var/www/html/dev.wilkescw.com/error.php on line 27
[Sun Jul 04 01:08:41.268207 2021] [php7:error] [pid 2674] [client 64.67.111.194:58899] PHP Parse error:  syntax error, unexpected '/' in /var/www/html/dev.wilkescw.com/error.php on line 27
[Sun Jul 04 01:09:17.847370 2021] [php7:error] [pid 2685] [client 64.67.111.194:55733] PHP Parse error:  syntax error, unexpected '/' in /var/www/html/dev.wilkescw.com/error.php on line 28
[Sun Jul 04 01:09:18.819002 2021] [php7:error] [pid 2705] [client 64.67.111.194:57923] PHP Parse error:  syntax error, unexpected '/' in /var/www/html/dev.wilkescw.com/error.php on line 28
[Sun Jul 04 01:14:49.268671 2021] [php7:error] [pid 2705] [client 64.67.111.194:56451] PHP Parse error:  syntax error, unexpected 'title' (T_STRING) in /var/www/html/dev.wilkescw.com/error.php on line 28
[Sun Jul 04 01:14:50.611258 2021] [php7:error] [pid 2959] [client 64.67.111.194:64823] PHP Parse error:  syntax error, unexpected 'title' (T_STRING) in /var/www/html/dev.wilkescw.com/error.php on line 28
[Sun Jul 04 01:18:40.019485 2021] [php7:notice] [pid 2959] [client 64.67.111.194:64734] PHP Notice:  Undefined index: code in /var/www/html/dev.wilkescw.com/error.php on line 19
[Sun Jul 04 01:32:10.393964 2021] [php7:error] [pid 2685] [client 64.67.111.194:52061] script '/var/www/html/dev.wilkescw.com/admin/users.php' not found or unable to stat, referer: https://dev.wilkescw.com/admin_tools.php
[Sun Jul 04 01:37:03.717613 2021] [php7:error] [pid 2705] [client 64.67.111.194:60222] script '/var/www/html/dev.wilkescw.com/admin/index.php' not found or unable to stat, referer: https://dev.wilkescw.com/admin/users.php
[Sun Jul 04 01:37:26.513978 2021] [php7:error] [pid 3930] [client 64.67.111.194:49859] script '/var/www/html/dev.wilkescw.com/admin/c516.php' not found or unable to stat, referer: https://dev.wilkescw.com/admin/users.php
[Sun Jul 04 01:40:17.635233 2021] [php7:error] [pid 3195] [client 64.67.111.194:56537] script '/var/www/html/dev.wilkescw.com/admin/index.php' not found or unable to stat, referer: https://dev.wilkescw.com/admin/users.php
[Sun Jul 04 01:41:23.369380 2021] [php7:error] [pid 3945] [client 64.67.111.194:49264] script '/var/www/html/dev.wilkescw.com/admin/admin_tools.php' not found or unable to stat, referer: https://dev.wilkescw.com/admin/index.php
[Sun Jul 04 01:41:40.536941 2021] [php7:error] [pid 4071] [client 64.67.111.194:61489] script '/var/www/html/dev.wilkescw.com/admin/how_to.php' not found or unable to stat, referer: https://dev.wilkescw.com/admin/index.php
[Sun Jul 04 01:45:19.955701 2021] [php7:error] [pid 4114] [client 64.67.111.194:51551] script '/var/www/html/dev.wilkescw.com/admin/admin_tools.php' not found or unable to stat, referer: https://dev.wilkescw.com/admin/index.php
[Sun Jul 04 01:45:39.697469 2021] [php7:error] [pid 3195] [client 64.67.111.194:55234] script '/var/www/html/dev.wilkescw.com/admin/admin_tools.php' not found or unable to stat, referer: https://dev.wilkescw.com/admin/index.php
[Sun Jul 04 01:45:50.284169 2021] [php7:error] [pid 4062] [client 64.67.111.194:51622] script '/var/www/html/dev.wilkescw.com/admin/students.php' not found or unable to stat, referer: https://dev.wilkescw.com/admin/users.php
[Sun Jul 04 01:46:40.536296 2021] [php7:error] [pid 4114] [client 64.67.111.194:57855] script '/var/www/html/dev.wilkescw.com/admin/students.php' not found or unable to stat, referer: https://dev.wilkescw.com/admin/faculty.php
[Sun Jul 04 01:54:40.738419 2021] [php7:error] [pid 4114] [client 64.67.111.194:54396] script '/var/www/html/dev.wilkescw.com/admin/logout.php' not found or unable to stat, referer: https://dev.wilkescw.com/admin/users.php
[Sun Jul 04 01:59:07.571594 2021] [php7:notice] [pid 4587] [client 64.67.111.194:49394] PHP Notice:  Undefined index: username in /var/www/html/dev.wilkescw.com/admin/users.php on line 16, referer: https://dev.wilkescw.com/admin/index.php
[Sun Jul 04 01:59:07.571648 2021] [php7:notice] [pid 4587] [client 64.67.111.194:49394] PHP Notice:  Undefined index: password in /var/www/html/dev.wilkescw.com/admin/users.php on line 17, referer: https://dev.wilkescw.com/admin/index.php
[Sun Jul 04 02:00:32.146175 2021] [php7:error] [pid 4682] [client 64.67.111.194:51644] PHP Fatal error:  Uncaught Error: Call to undefined function mysql_fetch_assoc() in /var/www/html/dev.wilkescw.com/admin/users.php:21\nStack trace:\n#0 {main}\n  thrown in /var/www/html/dev.wilkescw.com/admin/users.php on line 21, referer: https://dev.wilkescw.com/admin/index.php
[Sun Jul 04 02:01:39.744368 2021] [php7:error] [pid 4381] [client 64.67.111.194:51259] PHP Fatal error:  Uncaught Error: Call to undefined function mysql_fetch_array() in /var/www/html/dev.wilkescw.com/admin/users.php:18\nStack trace:\n#0 {main}\n  thrown in /var/www/html/dev.wilkescw.com/admin/users.php on line 18, referer: https://dev.wilkescw.com/admin/index.php
[Sun Jul 04 02:03:40.531247 2021] [php7:error] [pid 4544] [client 64.67.111.194:58501] PHP Fatal error:  Uncaught Error: Call to undefined function mysql_fetch_array() in /var/www/html/dev.wilkescw.com/admin/users.php:18\nStack trace:\n#0 {main}\n  thrown in /var/www/html/dev.wilkescw.com/admin/users.php on line 18, referer: https://dev.wilkescw.com/admin/index.php
[Sun Jul 04 02:04:52.277175 2021] [php7:error] [pid 4747] [client 64.67.111.194:65429] PHP Fatal error:  Uncaught Error: Call to undefined function mysql_fetch_assoc() in /var/www/html/dev.wilkescw.com/admin/users.php:18\nStack trace:\n#0 {main}\n  thrown in /var/www/html/dev.wilkescw.com/admin/users.php on line 18, referer: https://dev.wilkescw.com/admin/index.php
[Sun Jul 04 02:07:48.227832 2021] [php7:error] [pid 4367] [client 64.67.111.194:55487] PHP Fatal error:  Uncaught Error: Call to undefined function mysql_fetch_assoc() in /var/www/html/dev.wilkescw.com/admin/users.php:22\nStack trace:\n#0 {main}\n  thrown in /var/www/html/dev.wilkescw.com/admin/users.php on line 22, referer: https://dev.wilkescw.com/admin/index.php
[Sun Jul 04 02:15:53.925758 2021] [php7:error] [pid 4381] [client 64.67.111.194:49537] PHP Parse error:  syntax error, unexpected '&' in /var/www/html/dev.wilkescw.com/admin/users.php on line 23, referer: https://dev.wilkescw.com/admin/index.php
[Sun Jul 04 02:17:20.308829 2021] [php7:error] [pid 5024] [client 64.67.111.194:60530] PHP Parse error:  syntax error, unexpected ';' in /var/www/html/dev.wilkescw.com/admin/users.php on line 26, referer: https://dev.wilkescw.com/admin/index.php
[Sun Jul 04 02:19:59.497022 2021] [php7:error] [pid 4688] [client 64.67.111.194:61143] script '/var/www/html/dev.wilkescw.com/admin/how_to.php' not found or unable to stat, referer: https://dev.wilkescw.com/admin/index.php
[Sun Jul 04 08:40:02.717906 2021] [php7:error] [pid 15007] [client 64.67.111.194:59749] script '/var/www/html/dev.wilkescw.com/admin/error.php' not found or unable to stat, referer: https://dev.wilkescw.com/admin/index.php
[Sun Jul 04 08:40:06.182437 2021] [php7:error] [pid 15007] [client 64.67.111.194:59749] script '/var/www/html/dev.wilkescw.com/admin/error.php' not found or unable to stat
[Sun Jul 04 08:40:13.163631 2021] [php7:error] [pid 17618] [client 64.67.111.194:63412] script '/var/www/html/dev.wilkescw.com/admin/error.php' not found or unable to stat
[Sun Jul 04 08:51:17.318456 2021] [php7:error] [pid 18120] [client 64.67.111.194:60442] PHP Parse error:  syntax error, unexpected ';' in /var/www/html/dev.wilkescw.com/admin/users.php on line 14, referer: https://dev.wilkescw.com/admin/users.php
[Sun Jul 04 08:57:26.170780 2021] [php7:error] [pid 18383] [client 64.67.111.194:53732] PHP Parse error:  syntax error, unexpected '.', expecting variable (T_VARIABLE) or '{' or '$' in /var/www/html/dev.wilkescw.com/admin/users.php on line 21, referer: https://dev.wilkescw.com/admin/users.php
[Sun Jul 04 08:57:50.905998 2021] [php7:error] [pid 18120] [client 64.67.111.194:57599] PHP Parse error:  syntax error, unexpected '.', expecting variable (T_VARIABLE) or '{' or '$' in /var/www/html/dev.wilkescw.com/admin/users.php on line 21, referer: https://dev.wilkescw.com/admin/users.php
[Sun Jul 04 08:59:15.595445 2021] [php7:notice] [pid 18119] [client 64.67.111.194:58376] PHP Notice:  Array to string conversion in /var/www/html/dev.wilkescw.com/admin/users.php on line 22, referer: https://dev.wilkescw.com/admin/users.php
[Sun Jul 04 09:15:31.885436 2021] [php7:error] [pid 19209] [client 64.67.111.194:59439] script '/var/www/html/dev.wilkescw.com/admin/error.php' not found or unable to stat
[Sun Jul 04 09:15:38.676561 2021] [php7:error] [pid 19086] [client 64.67.111.194:50140] script '/var/www/html/dev.wilkescw.com/admin/error.php' not found or unable to stat
[Sun Jul 04 09:15:41.540870 2021] [php7:error] [pid 19086] [client 64.67.111.194:50140] script '/var/www/html/dev.wilkescw.com/admin/error.php' not found or unable to stat
[Sun Jul 04 09:15:59.148709 2021] [php7:error] [pid 19011] [client 64.67.111.194:62364] script '/var/www/html/dev.wilkescw.com/admin/admin_login.php' not found or unable to stat
[Sun Jul 04 09:16:04.120562 2021] [php7:error] [pid 19011] [client 64.67.111.194:62364] script '/var/www/html/dev.wilkescw.com/admin/error.php' not found or unable to stat
[Sun Jul 04 09:16:24.010390 2021] [php7:error] [pid 19286] [client 64.67.111.194:50593] script '/var/www/html/dev.wilkescw.com/admin/error.php' not found or unable to stat
[Sun Jul 04 09:16:29.354407 2021] [php7:error] [pid 18575] [client 64.67.111.194:62429] script '/var/www/html/dev.wilkescw.com/admin/error.php' not found or unable to stat
[Sun Jul 04 09:16:31.998822 2021] [php7:error] [pid 18575] [client 64.67.111.194:62429] script '/var/www/html/dev.wilkescw.com/admin/error.php' not found or unable to stat
[Sun Jul 04 09:34:59.329489 2021] [php7:notice] [pid 20133] [client 64.67.111.194:52617] PHP Notice:  Undefined index: first_name in /var/www/html/dev.wilkescw.com/admin/users.php on line 43, referer: https://dev.wilkescw.com/admin/users.php?edit=1
[Sun Jul 04 10:04:57.634503 2021] [php7:notice] [pid 20451] [client 64.67.111.194:58333] PHP Notice:  Undefined variable: row in /var/www/html/dev.wilkescw.com/admin/users.php on line 64, referer: https://dev.wilkescw.com/admin/users.php
[Sun Jul 04 10:06:30.116494 2021] [php7:error] [pid 21062] [client 64.67.111.194:61918] PHP Parse error:  syntax error, unexpected ''></p></td>'' (T_CONSTANT_ENCAPSED_STRING) in /var/www/html/dev.wilkescw.com/admin/users.php on line 45, referer: https://dev.wilkescw.com/admin/users.php
[Sun Jul 04 10:15:03.700084 2021] [php7:notice] [pid 21170] [client 64.67.111.194:60009] PHP Notice:  Undefined index: email in /var/www/html/dev.wilkescw.com/admin/users.php on line 105, referer: https://dev.wilkescw.com/admin/users.php?edit=1
[Sun Jul 04 10:15:03.700137 2021] [php7:notice] [pid 21170] [client 64.67.111.194:60009] PHP Notice:  Undefined index: email in /var/www/html/dev.wilkescw.com/admin/users.php on line 105, referer: https://dev.wilkescw.com/admin/users.php?edit=1
[Sun Jul 04 10:15:29.265901 2021] [php7:notice] [pid 21055] [client 64.67.111.194:62641] PHP Notice:  Undefined index: email in /var/www/html/dev.wilkescw.com/admin/users.php on line 105, referer: https://dev.wilkescw.com/admin/users.php?edit=1
[Sun Jul 04 10:15:29.265969 2021] [php7:notice] [pid 21055] [client 64.67.111.194:62641] PHP Notice:  Undefined index: email in /var/www/html/dev.wilkescw.com/admin/users.php on line 105, referer: https://dev.wilkescw.com/admin/users.php?edit=1
[Sun Jul 04 10:24:09.145072 2021] [php7:error] [pid 21170] [client 64.67.111.194:60658] PHP Parse error:  syntax error, unexpected 'elseif' (T_ELSEIF) in /var/www/html/dev.wilkescw.com/admin/users.php on line 17, referer: https://dev.wilkescw.com/admin/users.php?edit=1
