[Wed Jul 07 19:01:15.165667 2021] [http:error] [pid 13716] [client 27.147.202.214:6416] AH02430: Response header 'Location' value of 'https://dev.politisort.com/\n.example.com' contains invalid characters, aborting request
[Wed Jul 07 19:01:15.303283 2021] [php7:error] [pid 13713] [client 27.147.202.214:6364] script '/var/www/html/dev.politisort.com/_adminer.php' not found or unable to stat, referer: https://dev.politisort.com/
[Wed Jul 07 19:01:15.602269 2021] [php7:error] [pid 13715] [client 27.147.202.214:6368] script '/var/www/html/dev.politisort.com/Adminer.php' not found or unable to stat, referer: https://dev.politisort.com/
[Wed Jul 07 19:01:15.633830 2021] [php7:error] [pid 13708] [client 27.147.202.214:6385] script '/var/www/html/dev.politisort.com/adminer-4.4.0-mysql-en.php' not found or unable to stat, referer: https://dev.politisort.com/
[Wed Jul 07 19:01:15.643118 2021] [php7:error] [pid 13771] [client 27.147.202.214:6366] script '/var/www/html/dev.politisort.com/ad.php' not found or unable to stat, referer: https://dev.politisort.com/
[Wed Jul 07 19:01:15.789418 2021] [php7:error] [pid 13729] [client 27.147.202.214:6403] script '/var/www/html/dev.politisort.com/adminer-4.6.2-mysql-en.php' not found or unable to stat, referer: https://dev.politisort.com/
[Wed Jul 07 19:01:15.799340 2021] [php7:error] [pid 13716] [client 27.147.202.214:6374] script '/var/www/html/dev.politisort.com/adminer-4.3.0.php' not found or unable to stat, referer: https://dev.politisort.com/
[Wed Jul 07 19:01:15.832722 2021] [php7:error] [pid 13706] [client 27.147.202.214:6375] script '/var/www/html/dev.politisort.com/adminer-4.3.0-en.php' not found or unable to stat, referer: https://dev.politisort.com/
[Wed Jul 07 19:01:16.242543 2021] [php7:error] [pid 13737] [client 27.147.202.214:6402] script '/var/www/html/dev.politisort.com/adminer-4.6.2-en.php' not found or unable to stat, referer: https://dev.politisort.com/
[Wed Jul 07 19:01:16.353743 2021] [php7:error] [pid 13722] [client 27.147.202.214:6376] script '/var/www/html/dev.politisort.com/adminer-4.3.0-mysql-en.php' not found or unable to stat, referer: https://dev.politisort.com/
[Wed Jul 07 19:01:16.531191 2021] [php7:error] [pid 13730] [client 27.147.202.214:6379] script '/var/www/html/dev.politisort.com/adminer-4.3.1-en.php' not found or unable to stat, referer: https://dev.politisort.com/
[Wed Jul 07 19:01:16.651059 2021] [php7:error] [pid 13735] [client 27.147.202.214:6380] script '/var/www/html/dev.politisort.com/adminer-4.3.1-mysql-en.php' not found or unable to stat, referer: https://dev.politisort.com/
[Wed Jul 07 19:01:16.661564 2021] [php7:error] [pid 13773] [client 27.147.202.214:6391] script '/var/www/html/dev.politisort.com/adminer-4.6.0.php' not found or unable to stat, referer: https://dev.politisort.com/
[Wed Jul 07 19:01:16.665665 2021] [php7:error] [pid 13756] [client 27.147.202.214:6373] script '/var/www/html/dev.politisort.com/adminer-4.2.5-mysql.php' not found or unable to stat, referer: https://dev.politisort.com/
[Wed Jul 07 19:01:16.685802 2021] [php7:error] [pid 13772] [client 27.147.202.214:6365] script '/var/www/html/dev.politisort.com/adminer.php' not found or unable to stat, referer: https://dev.politisort.com/
[Wed Jul 07 19:01:16.691659 2021] [php7:error] [pid 13720] [client 27.147.202.214:6393] script '/var/www/html/dev.politisort.com/adminer-4.6.0-en.php' not found or unable to stat, referer: https://dev.politisort.com/
[Wed Jul 07 19:01:16.708471 2021] [php7:error] [pid 13733] [client 27.147.202.214:6397] script '/var/www/html/dev.politisort.com/adminer-4.6.1.php' not found or unable to stat, referer: https://dev.politisort.com/
[Wed Jul 07 19:01:16.721637 2021] [php7:error] [pid 13712] [client 27.147.202.214:6370] script '/var/www/html/dev.politisort.com/adminer-4.2.5-en.php' not found or unable to stat, referer: https://dev.politisort.com/
[Wed Jul 07 19:01:16.844857 2021] [php7:error] [pid 13711] [client 27.147.202.214:6372] script '/var/www/html/dev.politisort.com/adminer-4.2.5-mysql-en.php' not found or unable to stat, referer: https://dev.politisort.com/
[Wed Jul 07 19:01:16.870462 2021] [php7:error] [pid 13726] [client 27.147.202.214:6369] script '/var/www/html/dev.politisort.com/adminer-4.2.5.php' not found or unable to stat, referer: https://dev.politisort.com/
[Wed Jul 07 19:01:16.949817 2021] [php7:error] [pid 13755] [client 27.147.202.214:6388] script '/var/www/html/dev.politisort.com/adminer-4.5.0-en.php' not found or unable to stat, referer: https://dev.politisort.com/
[Wed Jul 07 19:01:16.968128 2021] [php7:error] [pid 13707] [client 27.147.202.214:6367] script '/var/www/html/dev.politisort.com/ad.php' not found or unable to stat, referer: https://dev.politisort.com/
[Wed Jul 07 19:01:17.086034 2021] [php7:error] [pid 13728] [client 27.147.202.214:6386] script '/var/www/html/dev.politisort.com/adminer-4.4.0-mysql.php' not found or unable to stat, referer: https://dev.politisort.com/
[Wed Jul 07 19:01:17.215358 2021] [php7:error] [pid 13721] [client 27.147.202.214:6378] script '/var/www/html/dev.politisort.com/adminer-4.3.1.php' not found or unable to stat, referer: https://dev.politisort.com/
[Wed Jul 07 19:01:17.239142 2021] [php7:error] [pid 13727] [client 27.147.202.214:6382] script '/var/www/html/dev.politisort.com/adminer-4.4.0.php' not found or unable to stat, referer: https://dev.politisort.com/
[Wed Jul 07 19:01:17.267027 2021] [php7:error] [pid 13767] [client 27.147.202.214:6404] script '/var/www/html/dev.politisort.com/adminer-4.6.2-mysql.php' not found or unable to stat, referer: https://dev.politisort.com/
[Wed Jul 07 19:01:17.357053 2021] [php7:error] [pid 13709] [client 27.147.202.214:6381] script '/var/www/html/dev.politisort.com/adminer-4.3.1-mysql.php' not found or unable to stat, referer: https://dev.politisort.com/
[Wed Jul 07 19:01:17.423194 2021] [php7:error] [pid 13757] [client 27.147.202.214:6387] script '/var/www/html/dev.politisort.com/adminer-4.5.0.php' not found or unable to stat, referer: https://dev.politisort.com/
[Wed Jul 07 19:01:17.426364 2021] [php7:error] [pid 13747] [client 27.147.202.214:6394] script '/var/www/html/dev.politisort.com/adminer-4.6.0-mysql-en.php' not found or unable to stat, referer: https://dev.politisort.com/
[Wed Jul 07 19:01:17.551977 2021] [php7:error] [pid 13743] [client 27.147.202.214:6396] script '/var/www/html/dev.politisort.com/adminer-4.6.0-mysql.php' not found or unable to stat, referer: https://dev.politisort.com/
[Wed Jul 07 19:01:17.558611 2021] [php7:error] [pid 13749] [client 27.147.202.214:6399] script '/var/www/html/dev.politisort.com/adminer-4.6.1-mysql-en.php' not found or unable to stat, referer: https://dev.politisort.com/
[Wed Jul 07 19:01:17.671611 2021] [php7:error] [pid 13775] [client 27.147.202.214:6434] script '/var/www/html/dev.politisort.com/bitrix_server_test.php' not found or unable to stat
[Wed Jul 07 19:01:17.896581 2021] [php7:error] [pid 13745] [client 27.147.202.214:6384] script '/var/www/html/dev.politisort.com/adminer-4.4.0-en.php' not found or unable to stat, referer: https://dev.politisort.com/
[Wed Jul 07 19:01:18.070932 2021] [php7:error] [pid 12647] [client 27.147.202.214:6390] script '/var/www/html/dev.politisort.com/adminer-4.5.0-mysql.php' not found or unable to stat, referer: https://dev.politisort.com/
[Wed Jul 07 19:01:18.073085 2021] [negotiation:error] [pid 13777] [client 27.147.202.214:6437] AH00687: Negotiation: discovered file(s) matching request: /var/www/html/dev.politisort.com/config (None could be negotiated).
[Wed Jul 07 19:01:18.111334 2021] [php7:error] [pid 13746] [client 27.147.202.214:6401] script '/var/www/html/dev.politisort.com/adminer-4.6.2.php' not found or unable to stat, referer: https://dev.politisort.com/
[Wed Jul 07 19:01:18.213414 2021] [php7:error] [pid 13742] [client 27.147.202.214:6377] script '/var/www/html/dev.politisort.com/adminer-4.3.0-mysql.php' not found or unable to stat, referer: https://dev.politisort.com/
[Wed Jul 07 19:01:19.099016 2021] [core:error] [pid 13713] [client 27.147.202.214:6364] AH00126: Invalid URI in request GET /static/../../../../../../../../../../../etc/shells HTTP/1.1
[Wed Jul 07 19:01:19.221242 2021] [php7:error] [pid 13752] [client 27.147.202.214:6389] script '/var/www/html/dev.politisort.com/adminer-4.5.0-mysql-en.php' not found or unable to stat, referer: https://dev.politisort.com/
[Wed Jul 07 19:01:19.281740 2021] [php7:error] [pid 13759] [client 27.147.202.214:6400] script '/var/www/html/dev.politisort.com/adminer-4.6.1-mysql.php' not found or unable to stat, referer: https://dev.politisort.com/
[Wed Jul 07 19:01:19.425925 2021] [php7:error] [pid 13780] [client 27.147.202.214:6398] script '/var/www/html/dev.politisort.com/adminer-4.6.1-en.php' not found or unable to stat, referer: https://dev.politisort.com/
[Wed Jul 07 19:01:19.563925 2021] [php7:error] [pid 13731] [client 27.147.202.214:6358] script '/var/www/html/dev.politisort.com/opcache.php' not found or unable to stat
[Wed Jul 07 19:01:19.584468 2021] [php7:notice] [pid 13756] [client 27.147.202.214:6373] PHP Notice:  Undefined variable: title in /var/www/html/dev.politisort.com/functions.php on line 97
[Wed Jul 07 19:01:19.584510 2021] [php7:notice] [pid 13756] [client 27.147.202.214:6373] PHP Notice:  Undefined variable: desc in /var/www/html/dev.politisort.com/functions.php on line 98
[Wed Jul 07 19:01:19.812718 2021] [php7:error] [pid 13715] [client 27.147.202.214:6368] script '/var/www/html/dev.politisort.com/opcache.php' not found or unable to stat
[Wed Jul 07 19:01:20.311648 2021] [php7:notice] [pid 13712] [client 27.147.202.214:6370] PHP Notice:  Undefined variable: title in /var/www/html/dev.politisort.com/functions.php on line 97
[Wed Jul 07 19:01:20.311692 2021] [php7:notice] [pid 13712] [client 27.147.202.214:6370] PHP Notice:  Undefined variable: desc in /var/www/html/dev.politisort.com/functions.php on line 98
[Wed Jul 07 19:01:20.318625 2021] [php7:notice] [pid 11815] [client 27.147.202.214:6356] PHP Notice:  Undefined variable: title in /var/www/html/dev.politisort.com/functions.php on line 97
[Wed Jul 07 19:01:20.318660 2021] [php7:notice] [pid 11815] [client 27.147.202.214:6356] PHP Notice:  Undefined variable: desc in /var/www/html/dev.politisort.com/functions.php on line 98
[Wed Jul 07 19:01:20.396991 2021] [core:error] [pid 13772] [client 27.147.202.214:6365] AH00126: Invalid URI in request GET /%2e%2e/index.js HTTP/1.1
[Wed Jul 07 19:01:20.625251 2021] [php7:notice] [pid 13761] [client 27.147.202.214:4977] PHP Notice:  Undefined variable: title in /var/www/html/dev.politisort.com/functions.php on line 97
[Wed Jul 07 19:01:20.625292 2021] [php7:notice] [pid 13761] [client 27.147.202.214:4977] PHP Notice:  Undefined variable: desc in /var/www/html/dev.politisort.com/functions.php on line 98
[Wed Jul 07 19:01:20.691461 2021] [core:error] [pid 13760] [client 27.147.202.214:6359] AH00126: Invalid URI in request GET /%2e%2e/debug.js HTTP/1.1
[Wed Jul 07 19:01:20.992416 2021] [core:error] [pid 13756] [client 27.147.202.214:6373] AH00126: Invalid URI in request GET /%2e%2e/release.js HTTP/1.1
[Wed Jul 07 19:01:22.372532 2021] [php7:notice] [pid 13716] [client 27.147.202.214:6374] PHP Notice:  Undefined variable: title in /var/www/html/dev.politisort.com/functions.php on line 97
[Wed Jul 07 19:01:22.372599 2021] [php7:notice] [pid 13716] [client 27.147.202.214:6374] PHP Notice:  Undefined variable: desc in /var/www/html/dev.politisort.com/functions.php on line 98
[Wed Jul 07 19:01:22.723598 2021] [core:error] [pid 13716] [client 27.147.202.214:6374] AH00126: Invalid URI in request GET @uri1.hit16834797704f27d.group.bxss.me/ HTTP/1.1
[Wed Jul 07 19:01:22.862620 2021] [php7:notice] [pid 13715] [client 27.147.202.214:6368] PHP Notice:  Undefined variable: title in /var/www/html/dev.politisort.com/functions.php on line 97
[Wed Jul 07 19:01:22.862654 2021] [php7:notice] [pid 13715] [client 27.147.202.214:6368] PHP Notice:  Undefined variable: desc in /var/www/html/dev.politisort.com/functions.php on line 98
[Wed Jul 07 19:01:23.214946 2021] [authz_core:error] [pid 13706] [client 27.147.202.214:6375] AH01630: client denied by server configuration: /var/www/html/dev.politisort.com/server-status
[Wed Jul 07 19:01:23.560710 2021] [core:error] [pid 13759] [client 27.147.202.214:6400] AH00126: Invalid URI in request GET .uri3.hit16834797704f27d.group.bxss.me/ HTTP/1.1
[Wed Jul 07 19:01:24.459856 2021] [php7:error] [pid 13715] [client 27.147.202.214:6368] script '/var/www/html/dev.politisort.com/coredumpcheck.php' not found or unable to stat
[Wed Jul 07 19:01:24.757814 2021] [http:error] [pid 13732] [client 27.147.202.214:6729] AH02430: Response header 'Location' value of 'https://dev.politisort.com/\r\nheadername: headervalue' contains invalid characters, aborting request
[Wed Jul 07 19:01:26.027681 2021] [http:error] [pid 13727] [client 27.147.202.214:8468] AH02430: Response header 'Location' value of 'https://dev.politisort.com/\r\theadername: headervalue' contains invalid characters, aborting request
[Wed Jul 07 19:01:26.128410 2021] [php7:error] [pid 13441] [client 27.147.202.214:6354] script '/var/www/html/dev.politisort.com/loader-wizard.php' not found or unable to stat
[Wed Jul 07 19:01:26.649023 2021] [http:error] [pid 13753] [client 27.147.202.214:8594] AH02430: Response header 'Location' value of 'https://dev.politisort.com/\nheadername: headervalue' contains invalid characters, aborting request
[Wed Jul 07 19:01:27.404636 2021] [http:error] [pid 13712] [client 27.147.202.214:8668] AH02430: Response header 'Location' value of 'https://dev.politisort.com/\rheadername: headervalue' contains invalid characters, aborting request
[Wed Jul 07 19:01:27.975395 2021] [http:error] [pid 13752] [client 27.147.202.214:8707] AH02430: Response header 'Location' value of 'https://dev.politisort.com/~\r\nheadername: headervalue' contains invalid characters, aborting request
[Wed Jul 07 19:01:29.867919 2021] [core:error] [pid 13761] [client 27.147.202.214:8446] AH00126: Invalid URI in request GET @bxss.me/rpb.png HTTP/1.1
[Wed Jul 07 19:01:30.000948 2021] [authz_core:error] [pid 13785] [client 27.147.202.214:6535] AH01630: client denied by server configuration: /var/www/html/dev.politisort.com/server-status
[Wed Jul 07 19:01:31.360199 2021] [negotiation:error] [pid 13731] [client 27.147.202.214:6358] AH00687: Negotiation: discovered file(s) matching request: /var/www/html/dev.politisort.com/config (None could be negotiated).
[Wed Jul 07 19:01:31.646287 2021] [negotiation:error] [pid 13731] [client 27.147.202.214:6358] AH00687: Negotiation: discovered file(s) matching request: /var/www/html/dev.politisort.com/config (None could be negotiated).
[Wed Jul 07 19:01:31.729970 2021] [core:error] [pid 13771] [client 27.147.202.214:2943] AH00126: Invalid URI in request GET /sdk/../../../../../../../../../../../../../etc/passwd HTTP/1.1
[Wed Jul 07 19:01:31.934249 2021] [negotiation:error] [pid 13731] [client 27.147.202.214:6358] AH00687: Negotiation: discovered file(s) matching request: /var/www/html/dev.politisort.com/config (None could be negotiated).
[Wed Jul 07 19:01:32.226308 2021] [negotiation:error] [pid 13731] [client 27.147.202.214:6358] AH00687: Negotiation: discovered file(s) matching request: /var/www/html/dev.politisort.com/config (None could be negotiated).
[Wed Jul 07 19:01:32.302596 2021] [php7:notice] [pid 13717] [client 27.147.202.214:2931] PHP Notice:  Undefined variable: title in /var/www/html/dev.politisort.com/functions.php on line 97
[Wed Jul 07 19:01:32.302622 2021] [php7:notice] [pid 13717] [client 27.147.202.214:2931] PHP Notice:  Undefined variable: desc in /var/www/html/dev.politisort.com/functions.php on line 98
[Wed Jul 07 19:01:32.565542 2021] [negotiation:error] [pid 13731] [client 27.147.202.214:6358] AH00687: Negotiation: discovered file(s) matching request: /var/www/html/dev.politisort.com/config (None could be negotiated).
[Wed Jul 07 19:01:32.601408 2021] [php7:notice] [pid 13772] [client 27.147.202.214:2993] PHP Notice:  Undefined variable: title in /var/www/html/dev.politisort.com/functions.php on line 97
[Wed Jul 07 19:01:32.601552 2021] [php7:notice] [pid 13772] [client 27.147.202.214:2993] PHP Notice:  Undefined variable: desc in /var/www/html/dev.politisort.com/functions.php on line 98
[Wed Jul 07 19:01:33.032953 2021] [core:error] [pid 13711] [client 27.147.202.214:8356] AH00126: Invalid URI in request GET /../../../../../../../../z/../../../../../../../../../etc/shells HTTP/1.1
[Wed Jul 07 19:01:34.662100 2021] [php7:error] [pid 13737] [client 27.147.202.214:2735] script '/var/www/html/dev.politisort.com/d9oa2zo9iefo.php' not found or unable to stat, referer: https://dev.politisort.com/
[Wed Jul 07 19:01:36.193652 2021] [php7:error] [pid 13780] [client 27.147.202.214:2730] script '/var/www/html/dev.politisort.com/RX4OaDOC.php' not found or unable to stat
[Wed Jul 07 19:01:36.485256 2021] [php7:error] [pid 13780] [client 27.147.202.214:2730] script '/var/www/html/dev.politisort.com/db.php' not found or unable to stat
[Wed Jul 07 19:01:37.067215 2021] [php7:error] [pid 13732] [client 27.147.202.214:2738] script '/var/www/html/dev.politisort.com/conf.php' not found or unable to stat
[Wed Jul 07 19:01:37.317127 2021] [php7:error] [pid 13784] [client 27.147.202.214:2734] script '/var/www/html/dev.politisort.com/xmlrpc.php' not found or unable to stat
[Wed Jul 07 19:01:37.648304 2021] [php7:error] [pid 13732] [client 27.147.202.214:2738] script '/var/www/html/dev.politisort.com/settings.php' not found or unable to stat
[Wed Jul 07 19:01:38.450327 2021] [php7:notice] [pid 13784] [client 27.147.202.214:2734] PHP Notice:  Undefined variable: title in /var/www/html/dev.politisort.com/functions.php on line 97
[Wed Jul 07 19:01:38.450360 2021] [php7:notice] [pid 13784] [client 27.147.202.214:2734] PHP Notice:  Undefined variable: desc in /var/www/html/dev.politisort.com/functions.php on line 98
[Wed Jul 07 19:01:40.166404 2021] [authz_core:error] [pid 13784] [client 27.147.202.214:2734] AH01630: client denied by server configuration: /var/www/html/dev.politisort.com/.htaccess
[Wed Jul 07 19:01:40.241024 2021] [php7:error] [pid 13733] [client 27.147.202.214:2728] script '/var/www/html/dev.politisort.com/apc.php' not found or unable to stat
[Wed Jul 07 19:01:40.569667 2021] [php7:error] [pid 12943] [client 27.147.202.214:2737] script '/var/www/html/dev.politisort.com/bak.config.php' not found or unable to stat
[Wed Jul 07 19:01:41.097317 2021] [php7:error] [pid 13761] [client 27.147.202.214:2733] script '/var/www/html/dev.politisort.com/webadmin.php' not found or unable to stat
[Wed Jul 07 19:01:41.193549 2021] [php7:error] [pid 13780] [client 27.147.202.214:2730] script '/var/www/html/dev.politisort.com/phpinfo.php' not found or unable to stat
[Wed Jul 07 19:01:41.518937 2021] [php7:error] [pid 13724] [client 27.147.202.214:2729] script '/var/www/html/dev.politisort.com/r57shell.php' not found or unable to stat
[Wed Jul 07 19:01:41.794778 2021] [php7:error] [pid 13714] [client 27.147.202.214:2732] script '/var/www/html/dev.politisort.com/pi.php' not found or unable to stat
[Wed Jul 07 19:01:41.820736 2021] [php7:error] [pid 13780] [client 27.147.202.214:2730] script '/var/www/html/dev.politisort.com/r57.php' not found or unable to stat
[Wed Jul 07 19:01:42.108507 2021] [php7:error] [pid 13714] [client 27.147.202.214:2732] script '/var/www/html/dev.politisort.com/r58.php' not found or unable to stat
[Wed Jul 07 19:01:42.328332 2021] [php7:error] [pid 13707] [client 27.147.202.214:2739] script '/var/www/html/dev.politisort.com/phpThumb.php' not found or unable to stat
[Wed Jul 07 19:01:42.348330 2021] [php7:error] [pid 13784] [client 27.147.202.214:2734] script '/var/www/html/dev.politisort.com/old.config.php' not found or unable to stat
[Wed Jul 07 19:01:42.371023 2021] [php7:error] [pid 13761] [client 27.147.202.214:2733] script '/var/www/html/dev.politisort.com/php.php' not found or unable to stat
[Wed Jul 07 19:01:42.400248 2021] [php7:error] [pid 13714] [client 27.147.202.214:2732] script '/var/www/html/dev.politisort.com/c99shell.php' not found or unable to stat
[Wed Jul 07 19:01:42.502212 2021] [php7:error] [pid 13706] [client 27.147.202.214:6375] script '/var/www/html/dev.politisort.com/xmlrpc.php' not found or unable to stat
[Wed Jul 07 19:01:42.706470 2021] [php7:error] [pid 13784] [client 27.147.202.214:2734] script '/var/www/html/dev.politisort.com/c99.php' not found or unable to stat
[Wed Jul 07 19:01:42.738292 2021] [php7:error] [pid 13780] [client 27.147.202.214:2730] script '/var/www/html/dev.politisort.com/i.php' not found or unable to stat
[Wed Jul 07 19:01:42.986928 2021] [php7:error] [pid 13784] [client 27.147.202.214:2734] script '/var/www/html/dev.politisort.com/nstview.php' not found or unable to stat
[Wed Jul 07 19:01:43.045574 2021] [php7:error] [pid 13780] [client 27.147.202.214:2730] script '/var/www/html/dev.politisort.com/test.php' not found or unable to stat
[Wed Jul 07 19:01:43.116714 2021] [php7:error] [pid 13706] [client 27.147.202.214:6375] script '/var/www/html/dev.politisort.com/xmlrpc.php' not found or unable to stat
[Wed Jul 07 19:01:43.266497 2021] [php7:error] [pid 13784] [client 27.147.202.214:2734] script '/var/www/html/dev.politisort.com/nst.php' not found or unable to stat
[Wed Jul 07 19:01:43.340930 2021] [php7:error] [pid 13780] [client 27.147.202.214:2730] script '/var/www/html/dev.politisort.com/temp.php' not found or unable to stat
[Wed Jul 07 19:01:43.562438 2021] [php7:error] [pid 13784] [client 27.147.202.214:2734] script '/var/www/html/dev.politisort.com/rst.php' not found or unable to stat
[Wed Jul 07 19:01:43.637934 2021] [php7:error] [pid 13780] [client 27.147.202.214:2730] script '/var/www/html/dev.politisort.com/info.php' not found or unable to stat
[Wed Jul 07 19:01:43.773443 2021] [php7:error] [pid 13737] [client 27.147.202.214:2735] script '/var/www/html/dev.politisort.com/login.php' not found or unable to stat
[Wed Jul 07 19:01:43.776069 2021] [php7:error] [pid 13724] [client 27.147.202.214:2729] script '/var/www/html/dev.politisort.com/xmlrpc.php' not found or unable to stat
[Wed Jul 07 19:01:43.839824 2021] [php7:error] [pid 13784] [client 27.147.202.214:2734] script '/var/www/html/dev.politisort.com/r57eng.php' not found or unable to stat
[Wed Jul 07 19:01:44.120222 2021] [php7:error] [pid 13784] [client 27.147.202.214:2734] script '/var/www/html/dev.politisort.com/shell.php' not found or unable to stat
[Wed Jul 07 19:01:44.394800 2021] [php7:error] [pid 13780] [client 27.147.202.214:2730] script '/var/www/html/dev.politisort.com/xmlrpc.php' not found or unable to stat
[Wed Jul 07 19:01:44.398689 2021] [php7:error] [pid 13784] [client 27.147.202.214:2734] script '/var/www/html/dev.politisort.com/dra.php' not found or unable to stat
[Wed Jul 07 19:01:44.720529 2021] [php7:error] [pid 13732] [client 27.147.202.214:2738] script '/var/www/html/dev.politisort.com/r.php' not found or unable to stat
[Wed Jul 07 19:01:44.999821 2021] [php7:error] [pid 13732] [client 27.147.202.214:2738] script '/var/www/html/dev.politisort.com/lol.php' not found or unable to stat
[Wed Jul 07 19:01:45.011784 2021] [php7:error] [pid 13784] [client 27.147.202.214:2734] script '/var/www/html/dev.politisort.com/soap.php' not found or unable to stat
[Wed Jul 07 19:01:45.279308 2021] [php7:error] [pid 13732] [client 27.147.202.214:2738] script '/var/www/html/dev.politisort.com/zehir.php' not found or unable to stat
[Wed Jul 07 19:01:45.562170 2021] [php7:error] [pid 13731] [client 27.147.202.214:6358] script '/var/www/html/dev.politisort.com/c-h.v2.php' not found or unable to stat
[Wed Jul 07 19:01:45.633531 2021] [php7:error] [pid 13737] [client 27.147.202.214:2735] script '/var/www/html/dev.politisort.com/soap.php' not found or unable to stat
[Wed Jul 07 19:01:45.853071 2021] [php7:error] [pid 13731] [client 27.147.202.214:6358] script '/var/www/html/dev.politisort.com/php-backdoor.php' not found or unable to stat
[Wed Jul 07 19:01:46.141018 2021] [php7:error] [pid 13731] [client 27.147.202.214:6358] script '/var/www/html/dev.politisort.com/simple-backdoor.php' not found or unable to stat
[Wed Jul 07 19:01:46.226382 2021] [php7:error] [pid 12943] [client 27.147.202.214:2737] script '/var/www/html/dev.politisort.com/soap.php' not found or unable to stat
[Wed Jul 07 19:01:46.929049 2021] [php7:error] [pid 12943] [client 27.147.202.214:2737] script '/var/www/html/dev.politisort.com/soap.php' not found or unable to stat
[Wed Jul 07 19:01:47.505215 2021] [php7:error] [pid 13706] [client 27.147.202.214:6375] script '/var/www/html/dev.politisort.com/xmlrpc-server.php' not found or unable to stat
[Wed Jul 07 19:01:48.122551 2021] [php7:error] [pid 13706] [client 27.147.202.214:6375] script '/var/www/html/dev.politisort.com/xmlrpc-server.php' not found or unable to stat
[Wed Jul 07 19:01:48.736352 2021] [php7:error] [pid 13706] [client 27.147.202.214:6375] script '/var/www/html/dev.politisort.com/xmlrpc-server.php' not found or unable to stat
[Wed Jul 07 19:01:49.349382 2021] [php7:error] [pid 13706] [client 27.147.202.214:6375] script '/var/www/html/dev.politisort.com/xmlrpc-server.php' not found or unable to stat
[Wed Jul 07 19:01:50.083029 2021] [php7:error] [pid 13706] [client 27.147.202.214:6375] script '/var/www/html/dev.politisort.com/xmlrpc_server.php' not found or unable to stat
[Wed Jul 07 19:01:50.739681 2021] [php7:error] [pid 13706] [client 27.147.202.214:6375] script '/var/www/html/dev.politisort.com/xmlrpc_server.php' not found or unable to stat
[Wed Jul 07 19:01:51.681225 2021] [php7:error] [pid 11815] [client 27.147.202.214:6356] script '/var/www/html/dev.politisort.com/xmlrpc_server.php' not found or unable to stat
[Wed Jul 07 19:01:52.012152 2021] [negotiation:error] [pid 13706] [client 27.147.202.214:6375] AH00687: Negotiation: discovered file(s) matching request: /var/www/html/dev.politisort.com/config (None could be negotiated).
[Wed Jul 07 19:01:52.294029 2021] [php7:error] [pid 13732] [client 27.147.202.214:2738] script '/var/www/html/dev.politisort.com/xmlrpc_server.php' not found or unable to stat
[Wed Jul 07 19:01:52.296421 2021] [negotiation:error] [pid 13706] [client 27.147.202.214:6375] AH00687: Negotiation: discovered file(s) matching request: /var/www/html/dev.politisort.com/config (None could be negotiated).
[Wed Jul 07 19:01:53.555725 2021] [php7:error] [pid 13706] [client 27.147.202.214:6375] script '/var/www/html/dev.politisort.com/~config.php' not found or unable to stat
[Wed Jul 07 19:01:54.126738 2021] [php7:error] [pid 11815] [client 27.147.202.214:6356] script '/var/www/html/dev.politisort.com/!config.php' not found or unable to stat
[Wed Jul 07 19:01:57.480251 2021] [authz_core:error] [pid 13732] [client 27.147.202.214:2738] AH01630: client denied by server configuration: /var/www/html/dev.politisort.com/.htaccess~
[Wed Jul 07 19:01:57.714351 2021] [php7:error] [pid 13710] [client 27.147.202.214:9211] script '/var/www/html/dev.politisort.com/config (another copy).php' not found or unable to stat
[Wed Jul 07 19:01:57.759158 2021] [authz_core:error] [pid 13732] [client 27.147.202.214:2738] AH01630: client denied by server configuration: /var/www/html/dev.politisort.com/.htaccess.old
[Wed Jul 07 19:01:57.999964 2021] [php7:error] [pid 13710] [client 27.147.202.214:9211] script '/var/www/html/dev.politisort.com/config (copy).php' not found or unable to stat
[Wed Jul 07 19:01:58.038622 2021] [authz_core:error] [pid 13732] [client 27.147.202.214:2738] AH01630: client denied by server configuration: /var/www/html/dev.politisort.com/.htaccess.save
[Wed Jul 07 19:01:58.284813 2021] [php7:error] [pid 13710] [client 27.147.202.214:9211] script '/var/www/html/dev.politisort.com/config - Copy.php' not found or unable to stat
[Wed Jul 07 19:01:58.570068 2021] [php7:error] [pid 13710] [client 27.147.202.214:9211] script '/var/www/html/dev.politisort.com/config - Copy (2).php' not found or unable to stat
[Wed Jul 07 19:01:58.855268 2021] [php7:error] [pid 13710] [client 27.147.202.214:9211] script '/var/www/html/dev.politisort.com/Copy of config.php' not found or unable to stat
[Wed Jul 07 19:01:59.140384 2021] [php7:error] [pid 13710] [client 27.147.202.214:9211] script '/var/www/html/dev.politisort.com/Copy of Copy of config.php' not found or unable to stat
[Wed Jul 07 19:01:59.484295 2021] [php7:error] [pid 13710] [client 27.147.202.214:9211] script '/var/www/html/dev.politisort.com/Copy (2) of config.php' not found or unable to stat
[Wed Jul 07 19:01:59.770421 2021] [php7:error] [pid 13710] [client 27.147.202.214:9211] script '/var/www/html/dev.politisort.com/Copy_(1)_of_config.php' not found or unable to stat
[Wed Jul 07 19:02:01.784759 2021] [php7:error] [pid 13710] [client 27.147.202.214:9211] script '/var/www/html/dev.politisort.com/config1.php' not found or unable to stat
[Wed Jul 07 19:02:02.100405 2021] [php7:error] [pid 13710] [client 27.147.202.214:9211] script '/var/www/html/dev.politisort.com/config2.php' not found or unable to stat
[Wed Jul 07 19:02:03.543554 2021] [php7:error] [pid 13732] [client 27.147.202.214:2738] script '/var/www/html/dev.politisort.com/config (3rd copy).php' not found or unable to stat
[Wed Jul 07 19:02:03.823157 2021] [php7:error] [pid 13732] [client 27.147.202.214:2738] script '/var/www/html/dev.politisort.com/config (third copy).php' not found or unable to stat
[Wed Jul 07 19:02:04.101744 2021] [php7:error] [pid 13732] [client 27.147.202.214:2738] script '/var/www/html/dev.politisort.com/config (4th copy).php' not found or unable to stat
[Wed Jul 07 19:02:04.383959 2021] [php7:error] [pid 13707] [client 27.147.202.214:2739] script '/var/www/html/dev.politisort.com/config - Copy - Copy.php' not found or unable to stat
[Wed Jul 07 19:02:07.718902 2021] [php7:notice] [pid 13710] [client 27.147.202.214:9211] PHP Notice:  Undefined variable: title in /var/www/html/dev.politisort.com/functions.php on line 97
[Wed Jul 07 19:02:07.718937 2021] [php7:notice] [pid 13710] [client 27.147.202.214:9211] PHP Notice:  Undefined variable: desc in /var/www/html/dev.politisort.com/functions.php on line 98
[Wed Jul 07 19:02:08.294291 2021] [php7:notice] [pid 13710] [client 27.147.202.214:9211] PHP Notice:  Undefined variable: title in /var/www/html/dev.politisort.com/functions.php on line 97
[Wed Jul 07 19:02:08.294346 2021] [php7:notice] [pid 13710] [client 27.147.202.214:9211] PHP Notice:  Undefined variable: desc in /var/www/html/dev.politisort.com/functions.php on line 98
[Wed Jul 07 19:02:08.945088 2021] [php7:notice] [pid 13710] [client 27.147.202.214:9211] PHP Notice:  Undefined variable: title in /var/www/html/dev.politisort.com/functions.php on line 97
[Wed Jul 07 19:02:08.945118 2021] [php7:notice] [pid 13710] [client 27.147.202.214:9211] PHP Notice:  Undefined variable: desc in /var/www/html/dev.politisort.com/functions.php on line 98
[Wed Jul 07 19:02:09.316829 2021] [php7:error] [pid 13732] [client 27.147.202.214:2738] script '/var/www/html/dev.politisort.com/old_config.php' not found or unable to stat
[Wed Jul 07 19:02:09.602254 2021] [php7:error] [pid 13732] [client 27.147.202.214:2738] script '/var/www/html/dev.politisort.com/config_old.php' not found or unable to stat
[Wed Jul 07 19:02:09.882587 2021] [php7:error] [pid 13732] [client 27.147.202.214:2738] script '/var/www/html/dev.politisort.com/bak_config.php' not found or unable to stat
[Wed Jul 07 19:02:09.886521 2021] [php7:notice] [pid 13710] [client 27.147.202.214:9211] PHP Notice:  Undefined variable: title in /var/www/html/dev.politisort.com/functions.php on line 97
[Wed Jul 07 19:02:09.886568 2021] [php7:notice] [pid 13710] [client 27.147.202.214:9211] PHP Notice:  Undefined variable: desc in /var/www/html/dev.politisort.com/functions.php on line 98
[Wed Jul 07 19:02:10.165066 2021] [php7:error] [pid 13732] [client 27.147.202.214:2738] script '/var/www/html/dev.politisort.com/config_bak.php' not found or unable to stat
[Wed Jul 07 19:02:10.444603 2021] [php7:error] [pid 13732] [client 27.147.202.214:2738] script '/var/www/html/dev.politisort.com/backup_config.php' not found or unable to stat
[Wed Jul 07 19:02:10.729955 2021] [php7:error] [pid 13732] [client 27.147.202.214:2738] script '/var/www/html/dev.politisort.com/config_backup.php' not found or unable to stat
[Wed Jul 07 19:02:20.614690 2021] [php7:error] [pid 13810] [client 27.147.202.214:14135] script '/var/www/html/dev.politisort.com/config.inc.php' not found or unable to stat
[Wed Jul 07 19:02:20.905292 2021] [php7:error] [pid 13810] [client 27.147.202.214:14135] script '/var/www/html/dev.politisort.com/localconfig.php' not found or unable to stat
[Wed Jul 07 19:02:21.544076 2021] [php7:error] [pid 13810] [client 27.147.202.214:14135] script '/var/www/html/dev.politisort.com/configuration.php' not found or unable to stat
[Wed Jul 07 19:02:22.134848 2021] [php7:error] [pid 13810] [client 27.147.202.214:14135] script '/var/www/html/dev.politisort.com/settings.inc.php' not found or unable to stat
[Wed Jul 07 19:02:22.423030 2021] [php7:error] [pid 13810] [client 27.147.202.214:14135] script '/var/www/html/dev.politisort.com/global.inc.php' not found or unable to stat
[Wed Jul 07 19:02:22.714031 2021] [php7:error] [pid 13810] [client 27.147.202.214:14135] script '/var/www/html/dev.politisort.com/database.php' not found or unable to stat
[Wed Jul 07 19:02:23.361218 2021] [php7:error] [pid 13810] [client 27.147.202.214:14135] script '/var/www/html/dev.politisort.com/database.inc.php' not found or unable to stat
[Wed Jul 07 19:02:47.609385 2021] [core:error] [pid 13725] [client 27.147.202.214:4065] AH00126: Invalid URI in request GET /js//../../../../../../../../etc/passwd HTTP/1.1
[Wed Jul 07 19:02:47.996683 2021] [core:error] [pid 13753] [client 27.147.202.214:4054] AH00126: Invalid URI in request GET /css/../../../../../../../../z/../../../../../../../../../etc/shells HTTP/1.1
[Wed Jul 07 19:02:48.696287 2021] [core:error] [pid 13752] [client 27.147.202.214:4061] AH00126: Invalid URI in request GET /js//../../../../../../../../etc/passwd HTTP/1.1
[Wed Jul 07 19:02:49.675952 2021] [core:error] [pid 13751] [client 27.147.202.214:4070] AH00126: Invalid URI in request GET /css//../../../../../../../../etc/passwd HTTP/1.1
[Wed Jul 07 19:02:50.336212 2021] [core:error] [pid 13849] [client 27.147.202.214:4134] AH00126: Invalid URI in request GET /css//../../../../../../../../windows/win.ini HTTP/1.1
[Wed Jul 07 19:02:50.736403 2021] [core:error] [pid 13706] [client 27.147.202.214:4087] AH00126: Invalid URI in request GET /js//../../../../../../../../etc/passwd HTTP/1.1
[Wed Jul 07 19:02:50.880166 2021] [php7:error] [pid 13710] [client 27.147.202.214:4058] script '/var/www/html/dev.politisort.com/js/qy0s8i0shy3s.php' not found or unable to stat, referer: https://dev.politisort.com/
[Wed Jul 07 19:02:50.977133 2021] [core:error] [pid 13806] [client 27.147.202.214:4074] AH00126: Invalid URI in request GET /js//../../../../../../../../windows/win.ini HTTP/1.1
[Wed Jul 07 19:02:51.268169 2021] [php7:error] [pid 13862] [client 27.147.202.214:4162] script '/var/www/html/dev.politisort.com/app_dev.php' not found or unable to stat
[Wed Jul 07 19:02:51.376201 2021] [core:error] [pid 13857] [client 27.147.202.214:4150] AH00126: Invalid URI in request GET /js/../../../../../../../../z/../../../../../../../../../etc/shells HTTP/1.1
[Wed Jul 07 19:02:51.395313 2021] [core:error] [pid 13850] [client 27.147.202.214:4095] AH00126: Invalid URI in request GET /js//../../../../../../../../windows/win.ini HTTP/1.1
[Wed Jul 07 19:02:52.592739 2021] [core:error] [pid 13777] [client 27.147.202.214:4071] AH00126: Invalid URI in request GET /css//../../../../../../../../boot.ini HTTP/1.1
[Wed Jul 07 19:02:52.719290 2021] [core:error] [pid 13865] [client 27.147.202.214:4947] AH00126: Invalid URI in request GET /js//../../../../../../../../boot.ini HTTP/1.1
[Wed Jul 07 19:02:53.944082 2021] [core:error] [pid 13855] [client 27.147.202.214:4141] AH00126: Invalid URI in request GET /js//../../../../../../../../boot.ini HTTP/1.1
[Wed Jul 07 19:02:55.048796 2021] [core:error] [pid 13753] [client 27.147.202.214:4098] AH00126: Invalid URI in request GET /js//../../../../../../../../etc/passwd HTTP/1.1
[Wed Jul 07 19:02:55.160158 2021] [php7:error] [pid 13707] [client 27.147.202.214:4078] script '/var/www/html/dev.politisort.com/css/ps76qf61c4pw.php' not found or unable to stat, referer: https://dev.politisort.com/
[Wed Jul 07 19:02:55.496544 2021] [core:error] [pid 13844] [client 27.147.202.214:4079] AH00126: Invalid URI in request GET /js//../../../../../../../../etc/passwd HTTP/1.1
[Wed Jul 07 19:02:55.816568 2021] [core:error] [pid 13796] [client 27.147.202.214:4086] AH00126: Invalid URI in request GET /css//../../../../../../../../etc/passwd HTTP/1.1
[Wed Jul 07 19:02:56.163053 2021] [core:error] [pid 13762] [client 27.147.202.214:4084] AH00126: Invalid URI in request GET /js//../../../../../../../../windows/win.ini HTTP/1.1
[Wed Jul 07 19:02:56.485552 2021] [core:error] [pid 13845] [client 27.147.202.214:4089] AH00126: Invalid URI in request GET /css//../../../../../../../../windows/win.ini HTTP/1.1
[Wed Jul 07 19:02:56.643241 2021] [core:error] [pid 13849] [client 27.147.202.214:4943] AH00126: Invalid URI in request GET /js//../../../../../../../../windows/win.ini HTTP/1.1
[Wed Jul 07 19:02:57.288914 2021] [core:error] [pid 13759] [client 27.147.202.214:4090] AH00126: Invalid URI in request GET /js//%2e%2e/%2e%2e/%2e%2e/%2e%2e/%2e%2e/%2e%2e/%2e%2e/%2e%2e/etc/passwd HTTP/1.1
[Wed Jul 07 19:02:58.247949 2021] [core:error] [pid 13862] [client 27.147.202.214:4162] AH00126: Invalid URI in request GET /css//../../../../../../../../etc/passwd HTTP/1.1
[Wed Jul 07 19:02:58.294575 2021] [core:error] [pid 13752] [client 27.147.202.214:4953] AH00126: Invalid URI in request GET /js//../../../../../../../../boot.ini HTTP/1.1
[Wed Jul 07 19:02:58.588461 2021] [core:error] [pid 13858] [client 27.147.202.214:4161] AH00126: Invalid URI in request GET /js//../../../../../../../../boot.ini HTTP/1.1
[Wed Jul 07 19:02:58.873261 2021] [core:error] [pid 13892] [client 27.147.202.214:1332] AH00126: Invalid URI in request GET /css//../../../../../../../../windows/win.ini HTTP/1.1
[Wed Jul 07 19:02:58.939531 2021] [core:error] [pid 13870] [client 27.147.202.214:4946] AH00126: Invalid URI in request GET /css//%2e%2e/%2e%2e/%2e%2e/%2e%2e/%2e%2e/%2e%2e/%2e%2e/%2e%2e/etc/passwd HTTP/1.1
[Wed Jul 07 19:02:59.704965 2021] [core:error] [pid 13881] [client 27.147.202.214:1337] AH00126: Invalid URI in request GET /js//%2e%2e/%2e%2e/%2e%2e/%2e%2e/%2e%2e/%2e%2e/%2e%2e/%2e%2e/windows/win.ini HTTP/1.1
[Wed Jul 07 19:03:00.584134 2021] [core:error] [pid 13743] [client 27.147.202.214:1372] AH00126: Invalid URI in request GET /css//../../../../../../../../boot.ini HTTP/1.1
[Wed Jul 07 19:03:01.417936 2021] [core:error] [pid 13871] [client 27.147.202.214:4942] AH00126: Invalid URI in request GET /js//%2e%2e/%2e%2e/%2e%2e/%2e%2e/%2e%2e/%2e%2e/%2e%2e/%2e%2e/etc/passwd HTTP/1.1
[Wed Jul 07 19:03:01.599268 2021] [core:error] [pid 13851] [client 27.147.202.214:4139] AH00126: Invalid URI in request GET /css//../../../../../../../../etc/passwd HTTP/1.1
[Wed Jul 07 19:03:01.999272 2021] [core:error] [pid 13803] [client 27.147.202.214:1374] AH00126: Invalid URI in request GET /css//%2e%2e/%2e%2e/%2e%2e/%2e%2e/%2e%2e/%2e%2e/%2e%2e/%2e%2e/windows/win.ini HTTP/1.1
[Wed Jul 07 19:03:02.400649 2021] [core:error] [pid 13809] [client 27.147.202.214:1441] AH00126: Invalid URI in request GET /js//%2e%2e/%2e%2e/%2e%2e/%2e%2e/%2e%2e/%2e%2e/%2e%2e/%2e%2e/windows/win.ini HTTP/1.1
[Wed Jul 07 19:03:02.691369 2021] [core:error] [pid 13889] [client 27.147.202.214:1333] AH00126: Invalid URI in request GET /css//../../../../../../../../boot.ini HTTP/1.1
[Wed Jul 07 19:03:03.548045 2021] [core:error] [pid 13891] [client 27.147.202.214:1331] AH00126: Invalid URI in request GET /js//../../../../../../../../etc/passwd HTTP/1.1
[Wed Jul 07 19:03:03.558591 2021] [core:error] [pid 13796] [client 27.147.202.214:1363] AH00126: Invalid URI in request GET /js//%2e%2e/%2e%2e/%2e%2e/%2e%2e/%2e%2e/%2e%2e/%2e%2e/%2e%2e/etc/passwd HTTP/1.1
[Wed Jul 07 19:03:03.772315 2021] [core:error] [pid 13820] [client 27.147.202.214:4081] AH00126: Invalid URI in request GET /css//%2e%2e/%2e%2e/%2e%2e/%2e%2e/%2e%2e/%2e%2e/%2e%2e/%2e%2e/etc/passwd HTTP/1.1
[Wed Jul 07 19:03:04.200955 2021] [core:error] [pid 13759] [client 27.147.202.214:1450] AH00126: Invalid URI in request GET /js//../../../../../../../../windows/win.ini HTTP/1.1
[Wed Jul 07 19:03:04.233079 2021] [core:error] [pid 13884] [client 27.147.202.214:1445] AH00126: Invalid URI in request GET /css//../../../../../../../../windows/win.ini HTTP/1.1
[Wed Jul 07 19:03:04.919275 2021] [core:error] [pid 13881] [client 27.147.202.214:1517] AH00126: Invalid URI in request GET /css//%2e%2e/%2e%2e/%2e%2e/%2e%2e/%2e%2e/%2e%2e/%2e%2e/%2e%2e/windows/win.ini HTTP/1.1
[Wed Jul 07 19:03:07.247661 2021] [core:error] [pid 13852] [client 27.147.202.214:1541] AH00126: Invalid URI in request GET /css//../../../../../../../../boot.ini HTTP/1.1
[Wed Jul 07 19:03:07.298539 2021] [core:error] [pid 13797] [client 27.147.202.214:1515] AH00126: Invalid URI in request GET /js//%2e%2e/%2e%2e/%2e%2e/%2e%2e/%2e%2e/%2e%2e/%2e%2e/%2e%2e/windows/win.ini HTTP/1.1
[Wed Jul 07 19:03:08.068911 2021] [core:error] [pid 13866] [client 27.147.202.214:1454] AH00126: Invalid URI in request GET /js//../../../../../../../../boot.ini HTTP/1.1
[Wed Jul 07 19:03:09.132602 2021] [core:error] [pid 13803] [client 27.147.202.214:9166] AH00126: Invalid URI in request GET /js//%2e%2e/%2e%2e/%2e%2e/%2e%2e/%2e%2e/%2e%2e/%2e%2e/%2e%2e/etc/passwd HTTP/1.1
[Wed Jul 07 19:03:09.240568 2021] [core:error] [pid 13776] [client 27.147.202.214:4063] AH00126: Invalid URI in request GET /js//../../../../../../../../windows/win.ini HTTP/1.1
[Wed Jul 07 19:03:09.313791 2021] [core:error] [pid 13883] [client 27.147.202.214:9184] AH00126: Invalid URI in request GET /js//../../../../../../../../etc/passwd HTTP/1.1
[Wed Jul 07 19:03:09.422701 2021] [core:error] [pid 13772] [client 27.147.202.214:4060] AH00126: Invalid URI in request GET /js//%2e%2e/%2e%2e/%2e%2e/%2e%2e/%2e%2e/%2e%2e/%2e%2e/%2e%2e/windows/win.ini HTTP/1.1
[Wed Jul 07 19:03:09.657161 2021] [core:error] [pid 13892] [client 27.147.202.214:1489] AH00126: Invalid URI in request GET /css//%2e%2e/%2e%2e/%2e%2e/%2e%2e/%2e%2e/%2e%2e/%2e%2e/%2e%2e/etc/passwd HTTP/1.1
[Wed Jul 07 19:03:09.915449 2021] [core:error] [pid 13784] [client 27.147.202.214:1338] AH00126: Invalid URI in request GET /js//../../../../../../../../windows/win.ini HTTP/1.1
[Wed Jul 07 19:03:09.985992 2021] [core:error] [pid 13801] [client 27.147.202.214:9161] AH00126: Invalid URI in request GET /css//%2e%2e/%2e%2e/%2e%2e/%2e%2e/%2e%2e/%2e%2e/%2e%2e/%2e%2e/windows/win.ini HTTP/1.1
[Wed Jul 07 19:03:10.149731 2021] [core:error] [pid 13876] [client 27.147.202.214:1528] AH00126: Invalid URI in request GET /css//../../../../../../../../etc/passwd HTTP/1.1
[Wed Jul 07 19:03:10.453747 2021] [core:error] [pid 13802] [client 27.147.202.214:1355] AH00126: Invalid URI in request GET /css//%2e%2e/%2e%2e/%2e%2e/%2e%2e/%2e%2e/%2e%2e/%2e%2e/%2e%2e/etc/passwd HTTP/1.1
[Wed Jul 07 19:03:10.515358 2021] [core:error] [pid 13805] [client 27.147.202.214:4059] AH00126: Invalid URI in request GET /js//../../../../../../../../boot.ini HTTP/1.1
[Wed Jul 07 19:03:10.789511 2021] [core:error] [pid 13707] (36)File name too long: [client 27.147.202.214:4078] AH00036: access to /js/%c0%ae%c0%ae%c0%af%c0%ae%c0%ae%c0%af%c0%ae%c0%ae%c0%af%c0%ae%c0%ae%c0%af%c0%ae%c0%ae%c0%af%c0%ae%c0%ae%c0%af%c0%ae%c0%ae%c0%af%c0%ae%c0%ae%c0%af%c0%ae%c0%ae%c0%af%c0%ae%c0%ae%c0%af%c0%ae%c0%ae%c0%af%c0%ae%c0%ae%c0%af%c0%ae%c0%ae%c0%af%c0%ae%c0%ae%c0%af%c0%ae%c0%ae%c0%af%c0%ae%c0%ae%c0%af/etc/passwd failed (filesystem path '/var/www/html/dev.politisort.com/js/%c0%ae%c0%ae%c0%af%c0%ae%c0%ae%c0%af%c0%ae%c0%ae%c0%af%c0%ae%c0%ae%c0%af%c0%ae%c0%ae%c0%af%c0%ae%c0%ae%c0%af%c0%ae%c0%ae%c0%af%c0%ae%c0%ae%c0%af%c0%ae%c0%ae%c0%af%c0%ae%c0%ae%c0%af%c0%ae%c0%ae%c0%af%c0%ae%c0%ae%c0%af%c0%ae%c0%ae%c0%af%c0%ae%c0%ae%c0%af%c0%ae%c0%ae%c0%af%c0%ae%c0%ae%c0%af')
[Wed Jul 07 19:03:11.474508 2021] [core:error] [pid 13753] [client 27.147.202.214:4639] AH00126: Invalid URI in request GET /css//%2e%2e/%2e%2e/%2e%2e/%2e%2e/%2e%2e/%2e%2e/%2e%2e/%2e%2e/windows/win.ini HTTP/1.1
[Wed Jul 07 19:03:11.842806 2021] [core:error] [pid 13889] [client 27.147.202.214:4558] AH00126: Invalid URI in request GET /js//../../../../../../../../boot.ini HTTP/1.1
[Wed Jul 07 19:03:12.189416 2021] [core:error] [pid 13804] [client 27.147.202.214:4555] AH00126: Invalid URI in request GET /js//%2e%2e/%2e%2e/%2e%2e/%2e%2e/%2e%2e/%2e%2e/%2e%2e/%2e%2e/etc/passwd HTTP/1.1
[Wed Jul 07 19:03:12.398124 2021] [core:error] [pid 13872] (36)File name too long: [client 27.147.202.214:4640] AH00036: access to /js/%c0%ae%c0%ae%c0%af%c0%ae%c0%ae%c0%af%c0%ae%c0%ae%c0%af%c0%ae%c0%ae%c0%af%c0%ae%c0%ae%c0%af%c0%ae%c0%ae%c0%af%c0%ae%c0%ae%c0%af%c0%ae%c0%ae%c0%af%c0%ae%c0%ae%c0%af%c0%ae%c0%ae%c0%af%c0%ae%c0%ae%c0%af%c0%ae%c0%ae%c0%af%c0%ae%c0%ae%c0%af%c0%ae%c0%ae%c0%af%c0%ae%c0%ae%c0%af%c0%ae%c0%ae%c0%af/etc/passwd failed (filesystem path '/var/www/html/dev.politisort.com/js/%c0%ae%c0%ae%c0%af%c0%ae%c0%ae%c0%af%c0%ae%c0%ae%c0%af%c0%ae%c0%ae%c0%af%c0%ae%c0%ae%c0%af%c0%ae%c0%ae%c0%af%c0%ae%c0%ae%c0%af%c0%ae%c0%ae%c0%af%c0%ae%c0%ae%c0%af%c0%ae%c0%ae%c0%af%c0%ae%c0%ae%c0%af%c0%ae%c0%ae%c0%af%c0%ae%c0%ae%c0%af%c0%ae%c0%ae%c0%af%c0%ae%c0%ae%c0%af%c0%ae%c0%ae%c0%af')
[Wed Jul 07 19:03:12.475610 2021] [core:error] [pid 13844] [client 27.147.202.214:4626] AH00126: Invalid URI in request GET /js//%2e%2e/%2e%2e/%2e%2e/%2e%2e/%2e%2e/%2e%2e/%2e%2e/%2e%2e/windows/win.ini HTTP/1.1
[Wed Jul 07 19:03:12.751573 2021] [core:error] [pid 13847] (36)File name too long: [client 27.147.202.214:1488] AH00036: access to /css/%c0%ae%c0%ae%c0%af%c0%ae%c0%ae%c0%af%c0%ae%c0%ae%c0%af%c0%ae%c0%ae%c0%af%c0%ae%c0%ae%c0%af%c0%ae%c0%ae%c0%af%c0%ae%c0%ae%c0%af%c0%ae%c0%ae%c0%af%c0%ae%c0%ae%c0%af%c0%ae%c0%ae%c0%af%c0%ae%c0%ae%c0%af%c0%ae%c0%ae%c0%af%c0%ae%c0%ae%c0%af%c0%ae%c0%ae%c0%af%c0%ae%c0%ae%c0%af%c0%ae%c0%ae%c0%af/etc/passwd failed (filesystem path '/var/www/html/dev.politisort.com/css/%c0%ae%c0%ae%c0%af%c0%ae%c0%ae%c0%af%c0%ae%c0%ae%c0%af%c0%ae%c0%ae%c0%af%c0%ae%c0%ae%c0%af%c0%ae%c0%ae%c0%af%c0%ae%c0%ae%c0%af%c0%ae%c0%ae%c0%af%c0%ae%c0%ae%c0%af%c0%ae%c0%ae%c0%af%c0%ae%c0%ae%c0%af%c0%ae%c0%ae%c0%af%c0%ae%c0%ae%c0%af%c0%ae%c0%ae%c0%af%c0%ae%c0%ae%c0%af%c0%ae%c0%ae%c0%af')
[Wed Jul 07 19:03:13.333355 2021] [core:error] [pid 11947] [client 27.147.202.214:4632] AH00126: Invalid URI in request GET /css//../../../../../../../../windows/win.ini HTTP/1.1
[Wed Jul 07 19:03:14.635456 2021] [core:error] [pid 13750] [client 27.147.202.214:4621] AH00126: Invalid URI in request GET /css//../../../../../../../../boot.ini HTTP/1.1
[Wed Jul 07 19:03:15.599007 2021] [core:error] [pid 13878] [client 27.147.202.214:4647] AH00126: Invalid URI in request GET /js//%2e%2e/%2e%2e/%2e%2e/%2e%2e/%2e%2e/%2e%2e/%2e%2e/%2e%2e/etc/passwd HTTP/1.1
[Wed Jul 07 19:03:15.886620 2021] [core:error] [pid 13847] [client 27.147.202.214:1488] AH00126: Invalid URI in request GET /js//%2e%2e/%2e%2e/%2e%2e/%2e%2e/%2e%2e/%2e%2e/%2e%2e/%2e%2e/windows/win.ini HTTP/1.1
[Wed Jul 07 19:03:16.192729 2021] [core:error] [pid 13845] [client 27.147.202.214:1549] AH00126: Invalid URI in request GET /js//%2e%2e/%2e%2e/%2e%2e/%2e%2e/%2e%2e/%2e%2e/%2e%2e/%2e%2e/etc/passwd HTTP/1.1
[Wed Jul 07 19:03:16.487562 2021] [core:error] [pid 13820] [client 27.147.202.214:4578] AH00126: Invalid URI in request GET /js//%2e%2e/%2e%2e/%2e%2e/%2e%2e/%2e%2e/%2e%2e/%2e%2e/%2e%2e/windows/win.ini HTTP/1.1
[Wed Jul 07 19:03:18.526344 2021] [authz_core:error] [pid 13818] [client 27.147.202.214:6872] AH01630: client denied by server configuration: /var/www/html/dev.politisort.com/js/.htaccess
[Wed Jul 07 19:03:18.589304 2021] [core:error] [pid 13881] [client 27.147.202.214:4642] AH00126: Invalid URI in request GET /css//%2e%2e/%2e%2e/%2e%2e/%2e%2e/%2e%2e/%2e%2e/%2e%2e/%2e%2e/etc/passwd HTTP/1.1
[Wed Jul 07 19:03:18.784368 2021] [php7:error] [pid 13884] [client 27.147.202.214:6863] script '/var/www/html/dev.politisort.com/js/apc.php' not found or unable to stat
[Wed Jul 07 19:03:18.809438 2021] [core:error] [pid 13796] (36)File name too long: [client 27.147.202.214:4581] AH00036: access to /js/%c0%ae%c0%ae%c0%af%c0%ae%c0%ae%c0%af%c0%ae%c0%ae%c0%af%c0%ae%c0%ae%c0%af%c0%ae%c0%ae%c0%af%c0%ae%c0%ae%c0%af%c0%ae%c0%ae%c0%af%c0%ae%c0%ae%c0%af%c0%ae%c0%ae%c0%af%c0%ae%c0%ae%c0%af%c0%ae%c0%ae%c0%af%c0%ae%c0%ae%c0%af%c0%ae%c0%ae%c0%af%c0%ae%c0%ae%c0%af%c0%ae%c0%ae%c0%af%c0%ae%c0%ae%c0%af/etc/passwd failed (filesystem path '/var/www/html/dev.politisort.com/js/%c0%ae%c0%ae%c0%af%c0%ae%c0%ae%c0%af%c0%ae%c0%ae%c0%af%c0%ae%c0%ae%c0%af%c0%ae%c0%ae%c0%af%c0%ae%c0%ae%c0%af%c0%ae%c0%ae%c0%af%c0%ae%c0%ae%c0%af%c0%ae%c0%ae%c0%af%c0%ae%c0%ae%c0%af%c0%ae%c0%ae%c0%af%c0%ae%c0%ae%c0%af%c0%ae%c0%ae%c0%af%c0%ae%c0%ae%c0%af%c0%ae%c0%ae%c0%af%c0%ae%c0%ae%c0%af')
[Wed Jul 07 19:03:18.840024 2021] [php7:error] [pid 13844] [client 27.147.202.214:6889] script '/var/www/html/dev.politisort.com/js/phpinfo.php' not found or unable to stat
