[Thu Jul 08 01:03:53.487260 2021] [deflate:error] [pid 5451] [client 185.191.171.33:6254] AH01383: unable to init Zlib: deflateInit2 returned -4: URL /forum/ratethread.php
[Thu Jul 08 01:05:54.518779 2021] [deflate:error] [pid 5686] [client 185.191.171.33:40444] AH01383: unable to init Zlib: deflateInit2 returned -4: URL /forum/showthread.php
[Thu Jul 08 01:24:49.441219 2021] [deflate:error] [pid 9107] [client 185.191.171.24:65482] AH01383: unable to init Zlib: deflateInit2 returned -4: URL /forum/ratethread.php
[Thu Jul 08 01:25:05.850891 2021] [deflate:error] [pid 9112] [client 185.191.171.37:60730] AH01383: unable to init Zlib: deflateInit2 returned -4: URL /forum/ratethread.php
[Thu Jul 08 01:26:33.614560 2021] [deflate:error] [pid 9248] [client 40.77.167.17:33728] AH01383: unable to init Zlib: deflateInit2 returned -4: URL /forum/showthread.php
[Thu Jul 08 02:17:47.400497 2021] [deflate:error] [pid 14736] [client 114.119.137.134:13822] AH01383: unable to init Zlib: deflateInit2 returned -4: URL /forum/ratethread.php
[Thu Jul 08 02:19:07.793117 2021] [php7:error] [pid 13660] [client 192.241.147.185:53846] PHP Fatal error:  Out of memory (allocated 12582912) (tried to allocate 32768 bytes) in /var/www/html/experthorticulture.com/wp-content/plugins/feed-them-social/admin/class-fts-settings-page-options.php on line 4757
[Thu Jul 08 02:19:07.907322 2021] [php7:error] [pid 13660] [client 192.241.147.185:53846] PHP Fatal error:  Out of memory (allocated 12582912) (tried to allocate 32768 bytes) in /var/www/html/experthorticulture.com/wp-includes/pluggable.php on line 1
[Thu Jul 08 02:21:48.479213 2021] [deflate:error] [pid 15000] [client 185.191.171.11:61722] AH01383: unable to init Zlib: deflateInit2 returned -4: URL /forum/ratethread.php
[Thu Jul 08 02:25:39.404823 2021] [deflate:error] [pid 15918] [client 185.191.171.16:21692] AH01383: unable to init Zlib: deflateInit2 returned -4: URL /forum/ratethread.php
[Thu Jul 08 02:31:25.772821 2021] [deflate:error] [pid 16707] [client 185.191.171.37:53850] AH01383: unable to init Zlib: deflateInit2 returned -4: URL /forum/archive/index.php
[Thu Jul 08 02:48:12.763243 2021] [deflate:error] [pid 18013] [client 185.191.171.24:40026] AH01383: unable to init Zlib: deflateInit2 returned -4: URL /forum/showthread.php
[Thu Jul 08 02:51:24.351326 2021] [deflate:error] [pid 19289] [client 185.191.171.1:58922] AH01383: unable to init Zlib: deflateInit2 returned -4: URL /forum/ratethread.php
[Thu Jul 08 02:51:58.521400 2021] [deflate:error] [pid 19338] [client 185.191.171.23:41620] AH01383: unable to init Zlib: deflateInit2 returned -4: URL /forum/ratethread.php
[Thu Jul 08 02:53:13.872208 2021] [php7:error] [pid 19368] [client 27.147.202.214:5408] PHP Fatal error:  Out of memory (allocated 33554432) (tried to allocate 32768 bytes) in /var/www/html/experthorticulture.com/wp-content/plugins/woocommerce/includes/wc-order-functions.php on line 604
[Thu Jul 08 02:53:29.494108 2021] [php7:error] [pid 18187] [client 27.147.202.214:8182] PHP Fatal error:  Out of memory (allocated 10485760) (tried to allocate 32768 bytes) in /var/www/html/experthorticulture.com/wp-content/plugins/feed-them-social/admin/class-fts-settings-page-options.php on line 258
[Thu Jul 08 02:53:30.654726 2021] [php7:error] [pid 19311] [client 27.147.202.214:8180] PHP Fatal error:  Out of memory (allocated 6291456) (tried to allocate 16384 bytes) in /var/www/html/experthorticulture.com/wp-content/plugins/fusion-builder/inc/class-fusion-builder.php on line 3587
[Thu Jul 08 02:53:32.001941 2021] [php7:error] [pid 19307] [client 27.147.202.214:8511] script '/var/www/html/experthorticulture.com/adminer-4.4.0.php' not found or unable to stat, referer: http://www.experthorticulture.com/
[Thu Jul 08 02:53:32.002112 2021] [php7:error] [pid 18187] [client 27.147.202.214:8523] script '/var/www/html/experthorticulture.com/adminer-4.6.1.php' not found or unable to stat, referer: http://www.experthorticulture.com/
[Thu Jul 08 02:53:32.003686 2021] [php7:error] [pid 16652] [client 27.147.202.214:8512] script '/var/www/html/experthorticulture.com/adminer-4.4.0-en.php' not found or unable to stat, referer: http://www.experthorticulture.com/
[Thu Jul 08 02:53:32.149076 2021] [php7:error] [pid 18568] [client 27.147.202.214:8493] script '/var/www/html/experthorticulture.com/_adminer.php' not found or unable to stat, referer: http://www.experthorticulture.com/
[Thu Jul 08 02:53:32.149225 2021] [php7:error] [pid 18068] [client 27.147.202.214:8498] script '/var/www/html/experthorticulture.com/adminer-4.2.5.php' not found or unable to stat, referer: http://www.experthorticulture.com/
[Thu Jul 08 02:53:32.671722 2021] [php7:error] [pid 19313] [client 27.147.202.214:8500] script '/var/www/html/experthorticulture.com/adminer-4.2.5-mysql-en.php' not found or unable to stat, referer: http://www.experthorticulture.com/
[Thu Jul 08 02:53:33.439075 2021] [php7:error] [pid 19291] [client 27.147.202.214:8515] script '/var/www/html/experthorticulture.com/adminer-4.5.0.php' not found or unable to stat, referer: http://www.experthorticulture.com/
[Thu Jul 08 02:53:33.734974 2021] [php7:error] [pid 17768] [client 27.147.202.214:8526] script '/var/www/html/experthorticulture.com/adminer-4.6.1-mysql.php' not found or unable to stat, referer: http://www.experthorticulture.com/
[Thu Jul 08 02:53:34.965790 2021] [php7:error] [pid 17997] [client 27.147.202.214:8516] script '/var/www/html/experthorticulture.com/adminer-4.5.0-en.php' not found or unable to stat, referer: http://www.experthorticulture.com/
[Thu Jul 08 02:53:35.433657 2021] [php7:error] [pid 17920] [client 27.147.202.214:8525] script '/var/www/html/experthorticulture.com/adminer-4.6.1-mysql-en.php' not found or unable to stat, referer: http://www.experthorticulture.com/
[Thu Jul 08 02:53:35.533646 2021] [php7:error] [pid 17807] [client 27.147.202.214:8501] script '/var/www/html/experthorticulture.com/adminer-4.2.5-mysql.php' not found or unable to stat, referer: http://www.experthorticulture.com/
[Thu Jul 08 02:53:36.372427 2021] [php7:error] [pid 18199] [client 27.147.202.214:8499] script '/var/www/html/experthorticulture.com/adminer-4.2.5-en.php' not found or unable to stat, referer: http://www.experthorticulture.com/
[Thu Jul 08 02:53:36.541502 2021] [php7:error] [pid 16437] [client 27.147.202.214:8522] script '/var/www/html/experthorticulture.com/adminer-4.6.0-mysql.php' not found or unable to stat, referer: http://www.experthorticulture.com/
[Thu Jul 08 02:53:36.608684 2021] [php7:error] [pid 18268] [client 27.147.202.214:8520] script '/var/www/html/experthorticulture.com/adminer-4.6.0-en.php' not found or unable to stat, referer: http://www.experthorticulture.com/
[Thu Jul 08 02:53:36.718924 2021] [php7:error] [pid 18205] [client 27.147.202.214:8528] script '/var/www/html/experthorticulture.com/adminer-4.6.2-en.php' not found or unable to stat, referer: http://www.experthorticulture.com/
[Thu Jul 08 02:53:36.800583 2021] [php7:error] [pid 17284] [client 27.147.202.214:8503] script '/var/www/html/experthorticulture.com/adminer-4.3.0-en.php' not found or unable to stat, referer: http://www.experthorticulture.com/
[Thu Jul 08 02:53:36.880086 2021] [php7:error] [pid 19338] [client 27.147.202.214:8530] script '/var/www/html/experthorticulture.com/adminer-4.6.2-mysql.php' not found or unable to stat, referer: http://www.experthorticulture.com/
[Thu Jul 08 02:53:36.912246 2021] [php7:error] [pid 17838] [client 27.147.202.214:8495] script '/var/www/html/experthorticulture.com/ad.php' not found or unable to stat, referer: http://www.experthorticulture.com/
[Thu Jul 08 02:53:36.943046 2021] [php7:error] [pid 19452] [client 27.147.202.214:8507] script '/var/www/html/experthorticulture.com/adminer-4.3.1.php' not found or unable to stat, referer: http://www.experthorticulture.com/
[Thu Jul 08 02:53:37.001233 2021] [php7:error] [pid 17924] [client 27.147.202.214:8524] script '/var/www/html/experthorticulture.com/adminer-4.6.1-en.php' not found or unable to stat, referer: http://www.experthorticulture.com/
[Thu Jul 08 02:53:37.001282 2021] [php7:error] [pid 19461] [client 27.147.202.214:8506] script '/var/www/html/experthorticulture.com/adminer-4.3.0-mysql.php' not found or unable to stat, referer: http://www.experthorticulture.com/
[Thu Jul 08 02:53:37.026622 2021] [php7:error] [pid 18274] [client 27.147.202.214:8527] script '/var/www/html/experthorticulture.com/adminer-4.6.2.php' not found or unable to stat, referer: http://www.experthorticulture.com/
[Thu Jul 08 02:53:39.512314 2021] [php7:error] [pid 18013] [client 27.147.202.214:8505] script '/var/www/html/experthorticulture.com/adminer-4.3.0-mysql-en.php' not found or unable to stat, referer: http://www.experthorticulture.com/
[Thu Jul 08 02:53:39.698842 2021] [php7:error] [pid 18017] [client 27.147.202.214:8502] script '/var/www/html/experthorticulture.com/adminer-4.3.0.php' not found or unable to stat, referer: http://www.experthorticulture.com/
[Thu Jul 08 02:53:39.711776 2021] [php7:error] [pid 19434] [client 27.147.202.214:8509] script '/var/www/html/experthorticulture.com/adminer-4.3.1-mysql-en.php' not found or unable to stat, referer: http://www.experthorticulture.com/
[Thu Jul 08 02:53:39.887008 2021] [core:error] [pid 19442] [client 27.147.202.214:8382] AH00126: Invalid URI in request GET /static/../../../../../../../../../../../etc/shells HTTP/1.1
[Thu Jul 08 02:53:40.094883 2021] [php7:error] [pid 19475] [client 27.147.202.214:8519] script '/var/www/html/experthorticulture.com/adminer-4.6.0.php' not found or unable to stat, referer: http://www.experthorticulture.com/
[Thu Jul 08 02:53:40.129838 2021] [php7:error] [pid 19371] [client 27.147.202.214:8494] script '/var/www/html/experthorticulture.com/adminer.php' not found or unable to stat, referer: http://www.experthorticulture.com/
[Thu Jul 08 02:53:40.199624 2021] [php7:error] [pid 18222] [client 27.147.202.214:8510] script '/var/www/html/experthorticulture.com/adminer-4.3.1-mysql.php' not found or unable to stat, referer: http://www.experthorticulture.com/
[Thu Jul 08 02:53:40.621995 2021] [php7:error] [pid 19484] [client 27.147.202.214:8497] script '/var/www/html/experthorticulture.com/Adminer.php' not found or unable to stat, referer: http://www.experthorticulture.com/
[Thu Jul 08 02:53:40.625884 2021] [php7:error] [pid 17845] [client 27.147.202.214:8508] script '/var/www/html/experthorticulture.com/adminer-4.3.1-en.php' not found or unable to stat, referer: http://www.experthorticulture.com/
[Thu Jul 08 02:53:42.172721 2021] [php7:error] [pid 19484] [client 27.147.202.214:8497] script '/var/www/html/experthorticulture.com/opcache.php' not found or unable to stat
[Thu Jul 08 02:53:42.356651 2021] [php7:error] [pid 17865] [client 27.147.202.214:8514] script '/var/www/html/experthorticulture.com/adminer-4.4.0-mysql.php' not found or unable to stat, referer: http://www.experthorticulture.com/
[Thu Jul 08 02:53:42.470764 2021] [php7:error] [pid 17838] [client 27.147.202.214:8495] script '/var/www/html/experthorticulture.com/opcache.php' not found or unable to stat
[Thu Jul 08 02:53:42.498410 2021] [php7:error] [pid 17639] [client 27.147.202.214:8521] script '/var/www/html/experthorticulture.com/adminer-4.6.0-mysql-en.php' not found or unable to stat, referer: http://www.experthorticulture.com/
[Thu Jul 08 02:53:42.530083 2021] [php7:error] [pid 19422] [client 27.147.202.214:8518] script '/var/www/html/experthorticulture.com/adminer-4.5.0-mysql.php' not found or unable to stat, referer: http://www.experthorticulture.com/
[Thu Jul 08 02:53:42.786031 2021] [php7:error] [pid 19472] [client 27.147.202.214:8529] script '/var/www/html/experthorticulture.com/adminer-4.6.2-mysql-en.php' not found or unable to stat, referer: http://www.experthorticulture.com/
[Thu Jul 08 02:53:43.823351 2021] [php7:error] [pid 18068] [client 27.147.202.214:8513] script '/var/www/html/experthorticulture.com/adminer-4.4.0-mysql-en.php' not found or unable to stat, referer: http://www.experthorticulture.com/
[Thu Jul 08 02:53:44.777589 2021] [core:error] [pid 18013] [client 27.147.202.214:8505] AH00126: Invalid URI in request GET @uri1.hit71574440439ae30.group.bxss.me/ HTTP/1.1
[Thu Jul 08 02:53:45.355080 2021] [core:error] [pid 18068] [client 27.147.202.214:8513] AH00126: Invalid URI in request GET .uri3.hit71574440439ae30.group.bxss.me/ HTTP/1.1
[Thu Jul 08 02:53:47.440710 2021] [php7:error] [pid 19461] [client 27.147.202.214:8506] PHP Fatal error:  Out of memory (allocated 4194304) (tried to allocate 32768 bytes) in /var/www/html/experthorticulture.com/wp-includes/wp-db.php on line 3292
[Thu Jul 08 02:53:47.541356 2021] [php7:error] [pid 19461] [client 27.147.202.214:8506] PHP Fatal error:  Out of memory (allocated 4194304) (tried to allocate 32768 bytes) in /var/www/html/experthorticulture.com/wp-includes/version.php on line 1
[Thu Jul 08 02:53:47.575436 2021] [php7:error] [pid 19461] [client 27.147.202.214:8506] PHP Fatal error:  Uncaught Error: Call to undefined function __() in /var/www/html/experthorticulture.com/wp-content/plugins/wp-optimize/cache/file-based-page-cache-functions.php:28\nStack trace:\n#0 [internal function]: wpo_cache('', 9)\n#1 {main}\n  thrown in /var/www/html/experthorticulture.com/wp-content/plugins/wp-optimize/cache/file-based-page-cache-functions.php on line 28
[Thu Jul 08 02:53:47.830393 2021] [core:error] [pid 19472] [client 27.147.202.214:8529] AH00126: Invalid URI in request GET /%2e%2e/index.js HTTP/1.1
[Thu Jul 08 02:53:48.116022 2021] [core:error] [pid 17865] [client 27.147.202.214:8514] AH00126: Invalid URI in request GET /%2e%2e/debug.js HTTP/1.1
[Thu Jul 08 02:53:48.453713 2021] [core:error] [pid 17947] [client 27.147.202.214:8545] AH00126: Invalid URI in request GET /%2e%2e/release.js HTTP/1.1
[Thu Jul 08 02:53:48.575378 2021] [php7:error] [pid 19504] [client 27.147.202.214:8496] script '/var/www/html/experthorticulture.com/ad.php' not found or unable to stat, referer: http://www.experthorticulture.com/
[Thu Jul 08 02:53:48.585790 2021] [php7:error] [pid 18510] [client 27.147.202.214:8517] script '/var/www/html/experthorticulture.com/adminer-4.5.0-mysql-en.php' not found or unable to stat, referer: http://www.experthorticulture.com/
[Thu Jul 08 02:53:49.449950 2021] [php7:error] [pid 18220] [client 27.147.202.214:8556] script '/var/www/html/experthorticulture.com/bitrix_server_test.php' not found or unable to stat
[Thu Jul 08 02:53:51.334150 2021] [php7:error] [pid 19504] [client 27.147.202.214:8496] PHP Fatal error:  Out of memory (allocated 2097152) (tried to allocate 32768 bytes) in /var/www/html/experthorticulture.com/wp-includes/formatting.php on line 5948
[Thu Jul 08 02:53:51.452928 2021] [php7:error] [pid 19504] [client 27.147.202.214:8496] PHP Fatal error:  Out of memory (allocated 2097152) (tried to allocate 4096 bytes) in /var/www/html/experthorticulture.com/wp-includes/load.php on line 1275
[Thu Jul 08 02:53:51.514151 2021] [php7:error] [pid 19515] [client 27.147.202.214:8539] PHP Fatal error:  Out of memory (allocated 6291456) (tried to allocate 98304 bytes) in /var/www/html/experthorticulture.com/wp-includes/wp-db.php on line 2022
[Thu Jul 08 02:53:51.706400 2021] [php7:error] [pid 19515] [client 27.147.202.214:8539] PHP Fatal error:  Out of memory (allocated 6291456) (tried to allocate 98304 bytes) in /var/www/html/experthorticulture.com/wp-includes/wp-db.php on line 2022
[Thu Jul 08 02:53:52.904133 2021] [authz_core:error] [pid 19503] [client 27.147.202.214:8553] AH01630: client denied by server configuration: /var/www/html/experthorticulture.com/server-status
[Thu Jul 08 02:53:55.333803 2021] [php7:error] [pid 19311] [client 27.147.202.214:8486] PHP Fatal error:  Out of memory (allocated 16777216) (tried to allocate 32768 bytes) in /var/www/html/experthorticulture.com/wp-content/plugins/woocommerce/includes/data-stores/class-wc-product-data-store-cpt.php on line 2035
[Thu Jul 08 02:53:55.575220 2021] [php7:error] [pid 18379] [client 27.147.202.214:8488] PHP Fatal error:  Out of memory (allocated 14680064) (tried to allocate 12288 bytes) in /var/www/html/experthorticulture.com/wp-content/plugins/woocommerce/includes/wc-order-functions.php on line 618
[Thu Jul 08 02:53:55.594485 2021] [php7:error] [pid 18379] [client 27.147.202.214:8488] PHP Fatal error:  Out of memory (allocated 14680064) (tried to allocate 20480 bytes) in /var/www/html/experthorticulture.com/wp-includes/class-wp-fatal-error-handler.php on line 72
[Thu Jul 08 02:53:56.006319 2021] [php7:error] [pid 19452] [client 27.147.202.214:12696] script '/var/www/html/experthorticulture.com/coredumpcheck.php' not found or unable to stat
[Thu Jul 08 02:53:56.236351 2021] [php7:error] [pid 19422] [client 27.147.202.214:8518] PHP Fatal error:  Out of memory (allocated 4194304) (tried to allocate 4096 bytes) in /var/www/html/experthorticulture.com/wp-includes/media.php on line 4102
[Thu Jul 08 02:53:56.247392 2021] [php7:error] [pid 19422] [client 27.147.202.214:8518] PHP Fatal error:  Out of memory (allocated 4194304) (tried to allocate 4096 bytes) in /var/www/html/experthorticulture.com/wp-includes/class-wp-fatal-error-handler.php on line 72
[Thu Jul 08 02:53:56.621688 2021] [php7:error] [pid 19484] [client 27.147.202.214:8497] PHP Fatal error:  Out of memory (allocated 20971520) (tried to allocate 32768 bytes) in /var/www/html/experthorticulture.com/wp-content/plugins/feed-them-social/admin/class-fts-settings-page-options.php on line 258
[Thu Jul 08 02:53:56.673719 2021] [php7:error] [pid 19421] [client 27.147.202.214:8540] PHP Fatal error:  Out of memory (allocated 20971520) (tried to allocate 131072 bytes) in /var/www/html/experthorticulture.com/wp-content/plugins/woocommerce/vendor/composer/jetpack_autoload_classmap.php on line 1026, referer: http://referer.hit2868897457aa423.group.bxss.me
[Thu Jul 08 02:53:56.937847 2021] [php7:error] [pid 19370] [client 27.147.202.214:8489] PHP Fatal error:  Out of memory (allocated 10485760) (tried to allocate 131072 bytes) in /var/www/html/experthorticulture.com/wp-content/plugins/woocommerce/vendor/composer/jetpack_autoload_classmap.php on line 1026
[Thu Jul 08 02:53:58.174927 2021] [php7:error] [pid 19461] [client 27.147.202.214:7799] script '/var/www/html/experthorticulture.com/loader-wizard.php' not found or unable to stat
[Thu Jul 08 02:53:58.382548 2021] [php7:error] [pid 19502] [client 27.147.202.214:12723] PHP Fatal error:  Out of memory (allocated 4194304) (tried to allocate 32768 bytes) in /var/www/html/experthorticulture.com/wp-includes/wp-db.php on line 3292
[Thu Jul 08 02:53:58.568402 2021] [php7:error] [pid 19502] [client 27.147.202.214:12723] PHP Fatal error:  Out of memory (allocated 4194304) (tried to allocate 32768 bytes) in /var/www/html/experthorticulture.com/wp-includes/version.php on line 1
[Thu Jul 08 02:54:01.877629 2021] [core:error] [pid 18128] [client 27.147.202.214:8492] AH00126: Invalid URI in request GET @bxss.me/rpb.png HTTP/1.1
[Thu Jul 08 02:54:01.862155 2021] [php7:error] [pid 19424] [client 27.147.202.214:8541] PHP Fatal error:  Out of memory (allocated 12582912) (tried to allocate 131072 bytes) in /var/www/html/experthorticulture.com/wp-content/plugins/woocommerce/vendor/composer/jetpack_autoload_classmap.php on line 1026
[Thu Jul 08 02:54:01.931287 2021] [authz_core:error] [pid 19515] [client 27.147.202.214:7788] AH01630: client denied by server configuration: /var/www/html/experthorticulture.com/server-status
[Thu Jul 08 02:54:04.181585 2021] [core:error] [pid 19503] [client 27.147.202.214:7858] AH00126: Invalid URI in request GET /sdk/../../../../../../../../../../../../../etc/passwd HTTP/1.1
[Thu Jul 08 02:54:05.808912 2021] [php7:error] [pid 19503] [client 27.147.202.214:7884] script '/var/www/html/experthorticulture.com/m96fphjpwe35.php' not found or unable to stat, referer: http://www.experthorticulture.com/
[Thu Jul 08 02:54:07.200486 2021] [php7:error] [pid 19461] [client 27.147.202.214:7799] PHP Fatal error:  Out of memory (allocated 6291456) (tried to allocate 32768 bytes) in /var/www/html/experthorticulture.com/wp-includes/user.php on line 2382
[Thu Jul 08 02:54:07.329709 2021] [php7:error] [pid 19461] [client 27.147.202.214:7799] PHP Fatal error:  Out of memory (allocated 6291456) (tried to allocate 12288 bytes) in /var/www/html/experthorticulture.com/wp-includes/functions.php on line 4757
[Thu Jul 08 02:54:07.389071 2021] [php7:error] [pid 19461] [client 27.147.202.214:7799] PHP Fatal error:  Unknown: Cannot use output buffering in output buffering display handlers in Unknown on line 0
[Thu Jul 08 02:54:07.503923 2021] [php7:error] [pid 18274] [client 27.147.202.214:7849] PHP Fatal error:  Out of memory (allocated 6291456) (tried to allocate 98304 bytes) in /var/www/html/experthorticulture.com/wp-includes/wp-db.php on line 2022
[Thu Jul 08 02:54:07.539335 2021] [php7:error] [pid 19507] [client 27.147.202.214:7867] PHP Fatal error:  Out of memory (allocated 2097152) (tried to allocate 32768 bytes) in /var/www/html/experthorticulture.com/wp-includes/user.php on line 2382
[Thu Jul 08 02:54:07.423515 2021] [php7:error] [pid 19442] [client 27.147.202.214:8550] PHP Fatal error:  Out of memory (allocated 16777216) (tried to allocate 131072 bytes) in /var/www/html/experthorticulture.com/wp-content/plugins/feed-them-social/feeds/facebook/class-fts-facebook-feed-post-types.php on line 278
[Thu Jul 08 02:54:07.603971 2021] [php7:error] [pid 18274] [client 27.147.202.214:7849] PHP Fatal error:  Out of memory (allocated 6291456) (tried to allocate 98304 bytes) in /var/www/html/experthorticulture.com/wp-includes/wp-db.php on line 2022
[Thu Jul 08 02:54:07.707203 2021] [php7:error] [pid 19286] [client 27.147.202.214:8548] PHP Fatal error:  Out of memory (allocated 10485760) (tried to allocate 131072 bytes) in /var/www/html/experthorticulture.com/wp-content/plugins/feed-them-social/feeds/facebook/class-fts-facebook-feed-post-types.php on line 278
[Thu Jul 08 02:54:07.848809 2021] [core:error] [pid 19502] [client 27.147.202.214:7851] AH00126: Invalid URI in request GET /../../../../../../../../z/../../../../../../../../../etc/shells HTTP/1.1
[Thu Jul 08 02:54:10.355974 2021] [php7:error] [pid 19371] [client 27.147.202.214:8494] PHP Fatal error:  Out of memory (allocated 8388608) (tried to allocate 32768 bytes) in /var/www/html/experthorticulture.com/wp-content/plugins/woocommerce/includes/wc-order-functions.php on line 604
[Thu Jul 08 02:54:10.436900 2021] [php7:error] [pid 19452] [client 27.147.202.214:12696] PHP Fatal error:  Out of memory (allocated 12582912) (tried to allocate 20480 bytes) in /var/www/html/experthorticulture.com/wp-includes/rest-api/endpoints/class-wp-rest-posts-controller.php on line 2126
[Thu Jul 08 02:54:10.475049 2021] [php7:error] [pid 19452] [client 27.147.202.214:12696] PHP Fatal error:  Out of memory (allocated 12582912) (tried to allocate 65536 bytes) in /var/www/html/experthorticulture.com/wp-includes/class-wp-fatal-error-handler.php on line 45
[Thu Jul 08 02:54:10.526608 2021] [php7:error] [pid 19452] [client 27.147.202.214:12696] PHP Fatal error:  Out of memory (allocated 12582912) (tried to allocate 65536 bytes) in /var/www/html/experthorticulture.com/wp-includes/l10n.php on line 289
[Thu Jul 08 02:54:10.536340 2021] [php7:error] [pid 19371] [client 27.147.202.214:8494] PHP Fatal error:  Out of memory (allocated 8388608) (tried to allocate 12288 bytes) in /var/www/html/experthorticulture.com/wp-includes/functions.php on line 4757
[Thu Jul 08 02:54:10.615909 2021] [php7:error] [pid 19371] [client 27.147.202.214:8494] PHP Fatal error:  Unknown: Cannot use output buffering in output buffering display handlers in Unknown on line 0
[Thu Jul 08 02:54:12.208148 2021] [php7:error] [pid 19502] [client 27.147.202.214:12839] PHP Fatal error:  Out of memory (allocated 2097152) (tried to allocate 32768 bytes) in /var/www/html/experthorticulture.com/wp-includes/formatting.php on line 5948, referer: http://www.experthorticulture.com/
[Thu Jul 08 02:54:12.281887 2021] [php7:error] [pid 19502] [client 27.147.202.214:12839] PHP Fatal error:  Out of memory (allocated 2097152) (tried to allocate 32768 bytes) in /var/www/html/experthorticulture.com/wp-includes/version.php on line 1, referer: http://www.experthorticulture.com/
[Thu Jul 08 02:54:12.318557 2021] [php7:error] [pid 19531] [client 27.147.202.214:12832] PHP Fatal error:  Out of memory (allocated 4194304) (tried to allocate 4096 bytes) in /var/www/html/experthorticulture.com/wp-includes/wp-db.php on line 2022
[Thu Jul 08 02:54:13.794139 2021] [php7:error] [pid 19513] [client 27.147.202.214:12831] PHP Fatal error:  Out of memory (allocated 6291456) (tried to allocate 32768 bytes) in /var/www/html/experthorticulture.com/wp-includes/user.php on line 2382
[Thu Jul 08 02:54:13.835622 2021] [php7:error] [pid 19513] [client 27.147.202.214:12831] PHP Fatal error:  Out of memory (allocated 6291456) (tried to allocate 12288 bytes) in /var/www/html/experthorticulture.com/wp-includes/functions.php on line 4757
[Thu Jul 08 02:54:13.835686 2021] [php7:error] [pid 19513] [client 27.147.202.214:12831] PHP Fatal error:  Unknown: Cannot use output buffering in output buffering display handlers in Unknown on line 0
[Thu Jul 08 02:54:13.997387 2021] [php7:error] [pid 19253] [client 27.147.202.214:12794] PHP Fatal error:  Out of memory (allocated 4194304) (tried to allocate 36864 bytes) in /var/www/html/experthorticulture.com/wp-includes/wp-db.php on line 2023
[Thu Jul 08 02:54:14.148156 2021] [php7:error] [pid 18485] [client 27.147.202.214:8242] script '/var/www/html/experthorticulture.com/9CjjBJuO.php' not found or unable to stat
[Thu Jul 08 02:54:14.481663 2021] [php7:error] [pid 18485] [client 27.147.202.214:8242] script '/var/www/html/experthorticulture.com/db.php' not found or unable to stat
[Thu Jul 08 02:54:15.104519 2021] [php7:error] [pid 18485] [client 27.147.202.214:8242] script '/var/www/html/experthorticulture.com/conf.php' not found or unable to stat
[Thu Jul 08 02:54:15.714965 2021] [php7:error] [pid 18485] [client 27.147.202.214:8242] script '/var/www/html/experthorticulture.com/settings.php' not found or unable to stat
[Thu Jul 08 02:54:16.088019 2021] [php7:error] [pid 17988] [client 27.147.202.214:8383] PHP Fatal error:  Out of memory (allocated 2097152) (tried to allocate 32768 bytes) in /var/www/html/experthorticulture.com/wp-content/plugins/fusion-core/includes/widget/class-fusion-widget-tweets.php on line 307, referer: http://www.experthorticulture.com/
[Thu Jul 08 02:54:16.291534 2021] [php7:error] [pid 18485] [client 27.147.202.214:8242] script '/var/www/html/experthorticulture.com/config.php' not found or unable to stat
[Thu Jul 08 02:54:16.344271 2021] [php7:error] [pid 19473] [client 27.147.202.214:7796] PHP Fatal error:  Out of memory (allocated 2097152) (tried to allocate 98304 bytes) in /var/www/html/experthorticulture.com/wp-includes/wp-db.php on line 2022
[Thu Jul 08 02:54:16.504123 2021] [php7:error] [pid 19473] [client 27.147.202.214:7796] PHP Fatal error:  Out of memory (allocated 2097152) (tried to allocate 98304 bytes) in /var/www/html/experthorticulture.com/wp-includes/wp-db.php on line 2022
[Thu Jul 08 02:54:16.716010 2021] [php7:error] [pid 19473] [client 27.147.202.214:7796] PHP Fatal error:  Out of memory (allocated 2097152) (tried to allocate 20480 bytes) in /var/www/html/experthorticulture.com/wp-includes/wp-db.php on line 2022
[Thu Jul 08 02:54:16.861425 2021] [php7:error] [pid 18485] [client 27.147.202.214:8242] script '/var/www/html/experthorticulture.com/config.inc.php' not found or unable to stat
[Thu Jul 08 02:54:16.989845 2021] [php7:error] [pid 19484] [client 27.147.202.214:7868] PHP Fatal error:  Out of memory (allocated 4194304) (tried to allocate 12288 bytes) in /var/www/html/experthorticulture.com/wp-includes/deprecated.php on line 93
[Thu Jul 08 02:54:17.012597 2021] [php7:error] [pid 19529] [client 27.147.202.214:7811] PHP Fatal error:  Out of memory (allocated 14680064) (tried to allocate 32768 bytes) in /var/www/html/experthorticulture.com/wp-includes/media.php on line 3917, referer: http://www.experthorticulture.com/
[Thu Jul 08 02:54:17.070365 2021] [php7:error] [pid 19484] [client 27.147.202.214:7868] PHP Fatal error:  Out of memory (allocated 4194304) (tried to allocate 65536 bytes) in /var/www/html/experthorticulture.com/wp-includes/l10n.php on line 827
[Thu Jul 08 02:54:17.119784 2021] [php7:error] [pid 19484] [client 27.147.202.214:7868] PHP Fatal error:  Out of memory (allocated 4194304) (tried to allocate 65536 bytes) in /var/www/html/experthorticulture.com/wp-includes/l10n.php on line 177
[Thu Jul 08 02:54:17.129193 2021] [php7:error] [pid 18187] [client 27.147.202.214:8549] PHP Fatal error:  Out of memory (allocated 8388608) (tried to allocate 131072 bytes) in /var/www/html/experthorticulture.com/wp-content/plugins/woocommerce/vendor/composer/jetpack_autoload_classmap.php on line 1026, referer: () { Referer; }; echo -e "Content-Type: text/plain\\n"; echo -e "\\0141\\0143\\0165\\0156\\0145\\0164\\0151\\0170\\0163\\0150\\0145\\0154\\0154\\0163\\0150\\0157\\0143\\0153"
[Thu Jul 08 02:54:17.024281 2021] [php7:error] [pid 19542] [client 27.147.202.214:8250] PHP Fatal error:  Out of memory (allocated 2097152) (tried to allocate 32768 bytes) in /var/www/html/experthorticulture.com/wp-includes/formatting.php on line 5948
[Thu Jul 08 02:54:17.146574 2021] [php7:error] [pid 18485] [client 27.147.202.214:8242] script '/var/www/html/experthorticulture.com/localconfig.php' not found or unable to stat
[Thu Jul 08 02:54:17.756606 2021] [php7:error] [pid 18520] [client 27.147.202.214:8245] script '/var/www/html/experthorticulture.com/configuration.php' not found or unable to stat
[Thu Jul 08 02:54:18.524534 2021] [php7:error] [pid 18268] [client 27.147.202.214:14521] PHP Fatal error:  Out of memory (allocated 2097152) (tried to allocate 32768 bytes) in /var/www/html/experthorticulture.com/wp-includes/user.php on line 2382
[Thu Jul 08 02:54:18.611826 2021] [php7:error] [pid 18520] [client 27.147.202.214:8245] script '/var/www/html/experthorticulture.com/settings.inc.php' not found or unable to stat
[Thu Jul 08 02:54:18.770193 2021] [php7:error] [pid 19503] [client 27.147.202.214:7884] PHP Fatal error:  Out of memory (allocated 2097152) (tried to allocate 32768 bytes) in /var/www/html/experthorticulture.com/wp-includes/wp-db.php on line 1701
[Thu Jul 08 02:54:18.872618 2021] [php7:error] [pid 19503] [client 27.147.202.214:7884] PHP Fatal error:  Out of memory (allocated 2097152) (tried to allocate 32768 bytes) in /var/www/html/experthorticulture.com/wp-includes/version.php on line 1
[Thu Jul 08 02:54:19.143049 2021] [php7:error] [pid 18520] [client 27.147.202.214:8245] script '/var/www/html/experthorticulture.com/global.inc.php' not found or unable to stat
[Thu Jul 08 02:54:19.402726 2021] [php7:error] [pid 18066] [client 27.147.202.214:12835] PHP Fatal error:  Out of memory (allocated 2097152) (tried to allocate 32768 bytes) in /var/www/html/experthorticulture.com/wp-includes/user.php on line 2382
[Thu Jul 08 02:54:19.889935 2021] [php7:error] [pid 18520] [client 27.147.202.214:8245] script '/var/www/html/experthorticulture.com/database.php' not found or unable to stat
[Thu Jul 08 02:54:19.982852 2021] [php7:error] [pid 19472] [client 27.147.202.214:14525] PHP Fatal error:  Out of memory (allocated 4194304) (tried to allocate 32768 bytes) in /var/www/html/experthorticulture.com/wp-includes/media.php on line 3917
[Thu Jul 08 02:54:20.522614 2021] [php7:error] [pid 18520] [client 27.147.202.214:8245] script '/var/www/html/experthorticulture.com/database.inc.php' not found or unable to stat
[Thu Jul 08 02:54:21.203892 2021] [php7:error] [pid 18222] [client 27.147.202.214:7790] PHP Fatal error:  Out of memory (allocated 12582912) (tried to allocate 16384 bytes) in /var/www/html/experthorticulture.com/wp-content/plugins/fusion-builder/inc/class-fusion-builder.php on line 3587, referer: http://www.experthorticulture.com/
[Thu Jul 08 02:54:21.222843 2021] [php7:error] [pid 18222] [client 27.147.202.214:7790] PHP Fatal error:  Out of memory (allocated 12582912) (tried to allocate 20480 bytes) in /var/www/html/experthorticulture.com/wp-includes/class-wp-hook.php on line 276, referer: http://www.experthorticulture.com/
[Thu Jul 08 02:54:21.222928 2021] [php7:error] [pid 18222] [client 27.147.202.214:7790] PHP Fatal error:  Out of memory (allocated 12582912) (tried to allocate 20480 bytes) in /var/www/html/experthorticulture.com/wp-includes/plugin.php on line 188, referer: http://www.experthorticulture.com/
[Thu Jul 08 02:54:21.422017 2021] [php7:error] [pid 19472] [client 27.147.202.214:14525] PHP Fatal error:  Out of memory (allocated 4194304) (tried to allocate 20480 bytes) in /var/www/html/experthorticulture.com/wp-includes/plugin.php on line 188
[Thu Jul 08 02:54:21.479010 2021] [php7:error] [pid 19472] [client 27.147.202.214:14525] PHP Fatal error:  Out of memory (allocated 4194304) (tried to allocate 20480 bytes) in /var/www/html/experthorticulture.com/wp-includes/plugin.php on line 188
[Thu Jul 08 02:54:21.479706 2021] [php7:error] [pid 18274] [client 27.147.202.214:8304] PHP Fatal error:  Out of memory (allocated 2097152) (tried to allocate 4096 bytes) in /var/www/html/experthorticulture.com/wp-includes/wp-db.php on line 2022
[Thu Jul 08 02:54:21.491055 2021] [php7:error] [pid 19434] [client 27.147.202.214:14524] PHP Fatal error:  Out of memory (allocated 2097152) (tried to allocate 8192 bytes) in /var/www/html/experthorticulture.com/wp-includes/rest-api/endpoints/class-wp-rest-posts-controller.php on line 2170
[Thu Jul 08 02:54:21.882538 2021] [php7:error] [pid 19551] [client 27.147.202.214:8275] script '/var/www/html/experthorticulture.com/phpThumb.php' not found or unable to stat
[Thu Jul 08 02:54:24.498043 2021] [php7:error] [pid 17284] [client 27.147.202.214:10199] PHP Fatal error:  Out of memory (allocated 2097152) (tried to allocate 32768 bytes) in /var/www/html/experthorticulture.com/wp-includes/formatting.php on line 5948
[Thu Jul 08 02:54:24.576479 2021] [php7:error] [pid 17284] [client 27.147.202.214:10199] PHP Fatal error:  Out of memory (allocated 2097152) (tried to allocate 32768 bytes) in /var/www/html/experthorticulture.com/wp-includes/version.php on line 1
[Thu Jul 08 02:54:24.885719 2021] [php7:error] [pid 19473] [client 27.147.202.214:8326] PHP Fatal error:  Out of memory (allocated 2097152) (tried to allocate 4096 bytes) in /var/www/html/experthorticulture.com/wp-includes/wp-db.php on line 2022
[Thu Jul 08 02:54:25.817900 2021] [php7:error] [pid 19531] [client 27.147.202.214:8345] PHP Fatal error:  Out of memory (allocated 2097152) (tried to allocate 32768 bytes) in /var/www/html/experthorticulture.com/wp-includes/user.php on line 2382
[Thu Jul 08 02:54:25.825638 2021] [php7:error] [pid 17838] [client 27.147.202.214:8294] PHP Fatal error:  Out of memory (allocated 2097152) (tried to allocate 32768 bytes) in /var/www/html/experthorticulture.com/wp-includes/user.php on line 2382
[Thu Jul 08 02:54:26.946444 2021] [php7:error] [pid 19553] [client 27.147.202.214:10189] PHP Fatal error:  Out of memory (allocated 2097152) (tried to allocate 4096 bytes) in /var/www/html/experthorticulture.com/wp-includes/wp-db.php on line 2022
[Thu Jul 08 02:54:27.196980 2021] [php7:error] [pid 19553] [client 27.147.202.214:10189] PHP Fatal error:  Out of memory (allocated 2097152) (tried to allocate 98304 bytes) in /var/www/html/experthorticulture.com/wp-includes/wp-db.php on line 2022
[Thu Jul 08 02:54:27.359668 2021] [php7:error] [pid 19551] [client 27.147.202.214:8275] PHP Fatal error:  Out of memory (allocated 4194304) (tried to allocate 8192 bytes) in /var/www/html/experthorticulture.com/wp-includes/wp-db.php on line 867
[Thu Jul 08 02:54:27.364862 2021] [php7:error] [pid 17807] [client 27.147.202.214:8501] PHP Fatal error:  Out of memory (allocated 8388608) (tried to allocate 20480 bytes) in /var/www/html/experthorticulture.com/wp-content/plugins/wp-optimize/cache/class-wpo-page-cache.php on line 1136
[Thu Jul 08 02:54:27.412286 2021] [php7:error] [pid 18128] [client 27.147.202.214:7887] PHP Fatal error:  Out of memory (allocated 2097152) (tried to allocate 131072 bytes) in /var/www/html/experthorticulture.com/wp-content/plugins/feed-them-social/feeds/facebook/class-fts-facebook-feed-post-types.php on line 278
[Thu Jul 08 02:54:27.537087 2021] [php7:error] [pid 19551] [client 27.147.202.214:8275] PHP Fatal error:  Out of memory (allocated 4194304) (tried to allocate 32768 bytes) in /var/www/html/experthorticulture.com/wp-includes/version.php on line 1
[Thu Jul 08 02:54:27.787027 2021] [php7:error] [pid 17754] [client 27.147.202.214:8487] PHP Fatal error:  Out of memory (allocated 2097152) (tried to allocate 65536 bytes) in /var/www/html/experthorticulture.com/wp-content/plugins/jetpack/_inc/lib/core-api/wpcom-endpoints/class-wpcom-rest-api-v2-endpoint-external-media.php on line 218
[Thu Jul 08 02:54:27.829559 2021] [php7:error] [pid 17754] [client 27.147.202.214:8487] PHP Fatal error:  Out of memory (allocated 2097152) (tried to allocate 65536 bytes) in /var/www/html/experthorticulture.com/wp-includes/class-wp-fatal-error-handler.php on line 80
[Thu Jul 08 02:54:27.829821 2021] [php7:error] [pid 17754] [client 27.147.202.214:8487] PHP Fatal error:  Out of memory (allocated 2097152) (tried to allocate 65536 bytes) in /var/www/html/experthorticulture.com/wp-content/plugins/wp-optimize/cache/file-based-page-cache-functions.php on line 32
[Thu Jul 08 02:54:28.470015 2021] [php7:error] [pid 18068] [client 27.147.202.214:12827] PHP Fatal error:  Out of memory (allocated 4194304) (tried to allocate 4096 bytes) in /var/www/html/experthorticulture.com/wp-content/plugins/feed-them-social/admin/class-fts-settings-page-options.php on line 169
[Thu Jul 08 02:54:32.766356 2021] [php7:error] [pid 19530] [client 27.147.202.214:8274] PHP Fatal error:  Out of memory (allocated 6291456) (tried to allocate 12288 bytes) in /var/www/html/experthorticulture.com/wp-includes/deprecated.php on line 93
[Thu Jul 08 02:54:32.783349 2021] [php7:error] [pid 19388] [client 27.147.202.214:8535] PHP Fatal error:  Out of memory (allocated 23068672) (tried to allocate 65536 bytes) in /var/www/html/experthorticulture.com/wp-content/plugins/jetpack/_inc/lib/core-api/wpcom-endpoints/class-wpcom-rest-api-v2-endpoint-external-media.php on line 218
[Thu Jul 08 02:54:33.179143 2021] [php7:error] [pid 19388] [client 27.147.202.214:8535] PHP Fatal error:  Out of memory (allocated 23068672) (tried to allocate 65536 bytes) in /var/www/html/experthorticulture.com/wp-includes/class-wp-fatal-error-handler.php on line 80
[Thu Jul 08 02:54:33.179396 2021] [php7:error] [pid 19388] [client 27.147.202.214:8535] PHP Fatal error:  Out of memory (allocated 23068672) (tried to allocate 65536 bytes) in /var/www/html/experthorticulture.com/wp-content/plugins/wp-optimize/cache/file-based-page-cache-functions.php on line 32
[Thu Jul 08 02:54:36.257303 2021] [php7:error] [pid 18017] [client 27.147.202.214:8502] PHP Fatal error:  Out of memory (allocated 14680064) (tried to allocate 32768 bytes) in /var/www/html/experthorticulture.com/wp-content/plugins/fusion-core/includes/widget/class-fusion-widget-tweets.php on line 307
[Thu Jul 08 02:54:43.472911 2021] [php7:error] [pid 19381] [client 27.147.202.214:12834] PHP Fatal error:  Out of memory (allocated 4194304) (tried to allocate 32768 bytes) in /var/www/html/experthorticulture.com/wp-content/plugins/woocommerce/includes/wc-order-functions.php on line 604
[Thu Jul 08 02:54:44.904347 2021] [php7:error] [pid 19370] [client 27.147.202.214:8331] PHP Fatal error:  Out of memory (allocated 4194304) (tried to allocate 131072 bytes) in /var/www/html/experthorticulture.com/wp-content/plugins/woocommerce/vendor/composer/jetpack_autoload_classmap.php on line 1026
[Thu Jul 08 02:54:47.446629 2021] [php7:error] [pid 14644] [client 27.147.202.214:12806] PHP Fatal error:  Out of memory (allocated 2097152) (tried to allocate 32768 bytes) in /var/www/html/experthorticulture.com/wp-content/plugins/woocommerce/includes/data-stores/class-wc-product-data-store-cpt.php on line 2035
[Thu Jul 08 02:54:47.562839 2021] [php7:error] [pid 14644] [client 27.147.202.214:12806] PHP Fatal error:  Out of memory (allocated 2097152) (tried to allocate 20480 bytes) in /var/www/html/experthorticulture.com/wp-includes/plugin.php on line 450
[Thu Jul 08 02:54:47.580617 2021] [php7:error] [pid 14644] [client 27.147.202.214:12806] PHP Fatal error:  Out of memory (allocated 2097152) (tried to allocate 20480 bytes) in /var/www/html/experthorticulture.com/wp-includes/plugin.php on line 188
[Thu Jul 08 02:54:51.878362 2021] [php7:error] [pid 18068] [client 27.147.202.214:1922] PHP Fatal error:  Out of memory (allocated 6291456) (tried to allocate 131072 bytes) in /var/www/html/experthorticulture.com/wp-content/plugins/feed-them-social/feeds/facebook/class-fts-facebook-feed-post-types.php on line 278
[Thu Jul 08 02:54:53.064261 2021] [php7:error] [pid 17997] [client 27.147.202.214:12828] PHP Fatal error:  Out of memory (allocated 8388608) (tried to allocate 65536 bytes) in /var/www/html/experthorticulture.com/wp-content/plugins/jetpack/3rd-party/class-domain-mapping.php on line 123
[Thu Jul 08 02:54:53.110533 2021] [php7:error] [pid 17997] [client 27.147.202.214:12828] PHP Fatal error:  Out of memory (allocated 8388608) (tried to allocate 65536 bytes) in Unknown on line 0
[Thu Jul 08 02:54:58.090863 2021] [php7:error] [pid 17845] [client 27.147.202.214:8508] PHP Fatal error:  Out of memory (allocated 10485760) (tried to allocate 32768 bytes) in /var/www/html/experthorticulture.com/wp-content/themes/Avada/includes/lib/inc/functions.php on line 296
[Thu Jul 08 02:54:58.147778 2021] [php7:error] [pid 17845] [client 27.147.202.214:8508] PHP Fatal error:  Out of memory (allocated 10485760) (tried to allocate 20480 bytes) in /var/www/html/experthorticulture.com/wp-includes/class-wp-recovery-mode.php on line 383
[Thu Jul 08 02:54:58.186626 2021] [php7:error] [pid 19338] [client 27.147.202.214:10120] script '/var/www/html/experthorticulture.com/app_dev.php' not found or unable to stat
[Thu Jul 08 02:54:58.488479 2021] [php7:error] [pid 19434] [client 27.147.202.214:11822] PHP Fatal error:  Out of memory (allocated 6291456) (tried to allocate 4096 bytes) in /var/www/html/experthorticulture.com/wp-content/plugins/feed-them-social/admin/class-fts-settings-page-options.php on line 169
[Thu Jul 08 02:54:58.784906 2021] [php7:error] [pid 18274] [client 27.147.202.214:10103] PHP Fatal error:  Out of memory (allocated 2097152) (tried to allocate 20480 bytes) in /var/www/html/experthorticulture.com/wp-includes/wp-db.php on line 210
[Thu Jul 08 02:55:00.661947 2021] [php7:error] [pid 16652] [client 27.147.202.214:12830] PHP Fatal error:  Out of memory (allocated 6291456) (tried to allocate 28672 bytes) in /var/www/html/experthorticulture.com/wp-content/plugins/woocommerce/packages/action-scheduler/classes/abstracts/ActionScheduler.php on line 181
[Thu Jul 08 02:55:01.166792 2021] [php7:error] [pid 19513] [client 27.147.202.214:10061] PHP Fatal error:  Out of memory (allocated 6291456) (tried to allocate 8192 bytes) in /var/www/html/experthorticulture.com/wp-includes/deprecated.php on line 119
[Thu Jul 08 02:55:01.901604 2021] [php7:error] [pid 19510] [client 27.147.202.214:11842] PHP Fatal error:  Out of memory (allocated 2097152) (tried to allocate 20480 bytes) in /var/www/html/experthorticulture.com/wp-includes/wp-db.php on line 210
[Thu Jul 08 02:55:02.024773 2021] [php7:error] [pid 18220] [client 27.147.202.214:11813] PHP Fatal error:  Out of memory (allocated 6291456) (tried to allocate 16384 bytes) in /var/www/html/experthorticulture.com/wp-content/plugins/fusion-builder/inc/class-fusion-builder.php on line 3587
[Thu Jul 08 02:55:02.024935 2021] [php7:error] [pid 19510] [client 27.147.202.214:11842] PHP Fatal error:  Out of memory (allocated 2097152) (tried to allocate 32768 bytes) in /var/www/html/experthorticulture.com/wp-includes/version.php on line 1
[Thu Jul 08 02:55:02.051260 2021] [php7:error] [pid 18568] [client 27.147.202.214:7860] PHP Fatal error:  Out of memory (allocated 16777216) (tried to allocate 65536 bytes) in /var/www/html/experthorticulture.com/wp-content/plugins/jetpack/_inc/lib/core-api/wpcom-endpoints/class-wpcom-rest-api-v2-endpoint-external-media.php on line 480
[Thu Jul 08 02:55:02.104560 2021] [php7:error] [pid 18568] [client 27.147.202.214:7860] PHP Fatal error:  Out of memory (allocated 16777216) (tried to allocate 65536 bytes) in /var/www/html/experthorticulture.com/wp-includes/class-wp-fatal-error-handler.php on line 45
[Thu Jul 08 02:55:03.384832 2021] [php7:error] [pid 19576] [client 27.147.202.214:10077] PHP Fatal error:  Out of memory (allocated 4194304) (tried to allocate 8192 bytes) in /var/www/html/experthorticulture.com/wp-includes/post.php on line 1736
[Thu Jul 08 02:55:04.092918 2021] [php7:error] [pid 19543] [client 27.147.202.214:10267] PHP Fatal error:  Out of memory (allocated 2097152) (tried to allocate 32768 bytes) in /var/www/html/experthorticulture.com/wp-includes/formatting.php on line 5948
[Thu Jul 08 02:55:04.154984 2021] [php7:error] [pid 19543] [client 27.147.202.214:10267] PHP Fatal error:  Out of memory (allocated 2097152) (tried to allocate 32768 bytes) in /var/www/html/experthorticulture.com/wp-includes/version.php on line 1
[Thu Jul 08 02:55:04.244177 2021] [php7:error] [pid 18276] [client 27.147.202.214:13994] PHP Fatal error:  Out of memory (allocated 2097152) (tried to allocate 32768 bytes) in /var/www/html/experthorticulture.com/wp-includes/formatting.php on line 5948
[Thu Jul 08 02:55:04.273912 2021] [php7:error] [pid 18276] [client 27.147.202.214:13994] PHP Fatal error:  Out of memory (allocated 2097152) (tried to allocate 32768 bytes) in /var/www/html/experthorticulture.com/wp-includes/version.php on line 1
[Thu Jul 08 02:55:04.882068 2021] [php7:error] [pid 19601] [client 27.147.202.214:14017] script '/var/www/html/experthorticulture.com/soap.php' not found or unable to stat
[Thu Jul 08 02:55:05.159897 2021] [php7:error] [pid 19601] [client 27.147.202.214:14017] script '/var/www/html/experthorticulture.com/soap.php' not found or unable to stat
[Thu Jul 08 02:55:05.443679 2021] [php7:error] [pid 19601] [client 27.147.202.214:14017] script '/var/www/html/experthorticulture.com/soap.php' not found or unable to stat
[Thu Jul 08 02:55:05.657170 2021] [php7:error] [pid 17284] [client 27.147.202.214:14015] PHP Fatal error:  Out of memory (allocated 2097152) (tried to allocate 32768 bytes) in /var/www/html/experthorticulture.com/wp-includes/formatting.php on line 5948
[Thu Jul 08 02:55:05.762223 2021] [php7:error] [pid 19601] [client 27.147.202.214:14017] script '/var/www/html/experthorticulture.com/soap.php' not found or unable to stat
[Thu Jul 08 02:55:05.787845 2021] [php7:error] [pid 17284] [client 27.147.202.214:14015] PHP Fatal error:  Out of memory (allocated 2097152) (tried to allocate 32768 bytes) in /var/www/html/experthorticulture.com/wp-includes/version.php on line 1
[Thu Jul 08 02:55:06.083565 2021] [php7:error] [pid 19601] [client 27.147.202.214:14017] script '/var/www/html/experthorticulture.com/xmlrpc-server.php' not found or unable to stat
[Thu Jul 08 02:55:06.244154 2021] [php7:error] [pid 19338] [client 27.147.202.214:10120] script '/var/www/html/experthorticulture.com/login.php' not found or unable to stat
[Thu Jul 08 02:55:06.363144 2021] [php7:error] [pid 19601] [client 27.147.202.214:14017] script '/var/www/html/experthorticulture.com/xmlrpc-server.php' not found or unable to stat
[Thu Jul 08 02:55:06.628616 2021] [php7:error] [pid 18520] [client 27.147.202.214:8245] PHP Fatal error:  Out of memory (allocated 2097152) (tried to allocate 32768 bytes) in /var/www/html/experthorticulture.com/wp-content/plugins/woocommerce/includes/class-wc-form-handler.php on line 994
[Thu Jul 08 02:55:06.637628 2021] [php7:error] [pid 19601] [client 27.147.202.214:14017] script '/var/www/html/experthorticulture.com/xmlrpc-server.php' not found or unable to stat
[Thu Jul 08 02:55:06.710959 2021] [php7:error] [pid 17920] [client 27.147.202.214:8309] PHP Fatal error:  Out of memory (allocated 4194304) (tried to allocate 32768 bytes) in /var/www/html/experthorticulture.com/wp-includes/pluggable.php on line 425
[Thu Jul 08 02:55:06.879849 2021] [php7:error] [pid 18068] [client 27.147.202.214:10119] PHP Fatal error:  Out of memory (allocated 4194304) (tried to allocate 12288 bytes) in /var/www/html/experthorticulture.com/wp-includes/deprecated.php on line 93
[Thu Jul 08 02:55:07.391649 2021] [php7:error] [pid 19338] [client 27.147.202.214:10120] script '/var/www/html/experthorticulture.com/xmlrpc-server.php' not found or unable to stat
[Thu Jul 08 02:55:08.153926 2021] [php7:error] [pid 19338] [client 27.147.202.214:10120] script '/var/www/html/experthorticulture.com/xmlrpc_server.php' not found or unable to stat
[Thu Jul 08 02:55:08.447401 2021] [php7:error] [pid 19338] [client 27.147.202.214:10120] script '/var/www/html/experthorticulture.com/xmlrpc_server.php' not found or unable to stat
[Thu Jul 08 02:55:08.720534 2021] [php7:error] [pid 19338] [client 27.147.202.214:10120] script '/var/www/html/experthorticulture.com/xmlrpc_server.php' not found or unable to stat
[Thu Jul 08 02:55:08.992507 2021] [php7:error] [pid 19338] [client 27.147.202.214:10120] script '/var/www/html/experthorticulture.com/xmlrpc_server.php' not found or unable to stat
[Thu Jul 08 02:55:11.838070 2021] [php7:error] [pid 19601] [client 27.147.202.214:14017] PHP Fatal error:  Out of memory (allocated 2097152) (tried to allocate 32768 bytes) in /var/www/html/experthorticulture.com/wp-includes/formatting.php on line 5948
