[Thu Jul 08 00:37:47.872601 2021] [php7:error] [pid 31527] [client 95.174.65.170:52857] script '/var/www/html/lakeharmonycarpentryandpainting.com/contact.php' not found or unable to stat, referer: https://lakeharmonycarpentryandpainting.com/
[Thu Jul 08 01:23:07.996512 2021] [http:error] [pid 8872] [client 27.147.202.214:3598] AH02430: Response header 'Location' value of 'https://www.lakeharmonycarpentryandpainting.com/\n.example.com' contains invalid characters, aborting request
[Thu Jul 08 01:23:09.394615 2021] [php7:error] [pid 8946] [client 27.147.202.214:3628] script '/var/www/html/lakeharmonycarpentryandpainting.com/adminer-4.6.0.php' not found or unable to stat, referer: https://www.lakeharmonycarpentryandpainting.com/
[Thu Jul 08 01:23:09.453130 2021] [php7:error] [pid 8947] [client 27.147.202.214:3635] script '/var/www/html/lakeharmonycarpentryandpainting.com/adminer-4.6.1-mysql.php' not found or unable to stat, referer: https://www.lakeharmonycarpentryandpainting.com/
[Thu Jul 08 01:23:10.433524 2021] [php7:error] [pid 8872] [client 27.147.202.214:3608] script '/var/www/html/lakeharmonycarpentryandpainting.com/adminer-4.2.5.php' not found or unable to stat, referer: https://www.lakeharmonycarpentryandpainting.com/
[Thu Jul 08 01:23:10.448905 2021] [php7:error] [pid 8927] [client 27.147.202.214:3620] script '/var/www/html/lakeharmonycarpentryandpainting.com/adminer-4.4.0.php' not found or unable to stat, referer: https://www.lakeharmonycarpentryandpainting.com/
[Thu Jul 08 01:23:10.715913 2021] [php7:error] [pid 7400] [client 27.147.202.214:3612] script '/var/www/html/lakeharmonycarpentryandpainting.com/adminer-4.3.0.php' not found or unable to stat, referer: https://www.lakeharmonycarpentryandpainting.com/
[Thu Jul 08 01:23:11.257788 2021] [php7:error] [pid 8930] [client 27.147.202.214:3633] script '/var/www/html/lakeharmonycarpentryandpainting.com/adminer-4.6.1-en.php' not found or unable to stat, referer: https://www.lakeharmonycarpentryandpainting.com/
[Thu Jul 08 01:23:11.309592 2021] [php7:error] [pid 8960] [client 27.147.202.214:3609] script '/var/www/html/lakeharmonycarpentryandpainting.com/adminer-4.2.5-en.php' not found or unable to stat, referer: https://www.lakeharmonycarpentryandpainting.com/
[Thu Jul 08 01:23:11.872753 2021] [php7:error] [pid 8965] [client 27.147.202.214:3625] script '/var/www/html/lakeharmonycarpentryandpainting.com/adminer-4.5.0-en.php' not found or unable to stat, referer: https://www.lakeharmonycarpentryandpainting.com/
[Thu Jul 08 01:23:12.088525 2021] [php7:error] [pid 8964] [client 27.147.202.214:3631] script '/var/www/html/lakeharmonycarpentryandpainting.com/adminer-4.6.0-mysql.php' not found or unable to stat, referer: https://www.lakeharmonycarpentryandpainting.com/
[Thu Jul 08 01:23:12.753929 2021] [php7:error] [pid 8959] [client 27.147.202.214:3637] script '/var/www/html/lakeharmonycarpentryandpainting.com/adminer-4.6.2-en.php' not found or unable to stat, referer: https://www.lakeharmonycarpentryandpainting.com/
[Thu Jul 08 01:23:12.812543 2021] [php7:error] [pid 8961] [client 27.147.202.214:3636] script '/var/www/html/lakeharmonycarpentryandpainting.com/adminer-4.6.2.php' not found or unable to stat, referer: https://www.lakeharmonycarpentryandpainting.com/
[Thu Jul 08 01:23:12.859391 2021] [php7:error] [pid 8872] [client 27.147.202.214:3608] script '/var/www/html/lakeharmonycarpentryandpainting.com/bitrix_server_test.php' not found or unable to stat
[Thu Jul 08 01:23:13.171856 2021] [php7:error] [pid 8958] [client 27.147.202.214:3622] script '/var/www/html/lakeharmonycarpentryandpainting.com/adminer-4.4.0-mysql-en.php' not found or unable to stat, referer: https://www.lakeharmonycarpentryandpainting.com/
[Thu Jul 08 01:23:13.288564 2021] [php7:error] [pid 7602] [client 27.147.202.214:11519] script '/var/www/html/lakeharmonycarpentryandpainting.com/adminer-4.2.5-mysql-en.php' not found or unable to stat, referer: https://www.lakeharmonycarpentryandpainting.com/
[Thu Jul 08 01:23:13.556790 2021] [php7:error] [pid 7601] [client 27.147.202.214:3613] script '/var/www/html/lakeharmonycarpentryandpainting.com/adminer-4.3.0-en.php' not found or unable to stat, referer: https://www.lakeharmonycarpentryandpainting.com/
[Thu Jul 08 01:23:13.719606 2021] [php7:error] [pid 7412] [client 27.147.202.214:3614] script '/var/www/html/lakeharmonycarpentryandpainting.com/adminer-4.3.0-mysql-en.php' not found or unable to stat, referer: https://www.lakeharmonycarpentryandpainting.com/
[Thu Jul 08 01:23:13.805387 2021] [php7:error] [pid 8953] [client 27.147.202.214:3617] script '/var/www/html/lakeharmonycarpentryandpainting.com/adminer-4.3.1-en.php' not found or unable to stat, referer: https://www.lakeharmonycarpentryandpainting.com/
[Thu Jul 08 01:23:14.463471 2021] [php7:error] [pid 8956] [client 27.147.202.214:3602] script '/var/www/html/lakeharmonycarpentryandpainting.com/_adminer.php' not found or unable to stat, referer: https://www.lakeharmonycarpentryandpainting.com/
[Thu Jul 08 01:23:14.503233 2021] [php7:error] [pid 8891] [client 27.147.202.214:3588] script '/var/www/html/lakeharmonycarpentryandpainting.com/adminer-4.3.1-mysql.php' not found or unable to stat, referer: https://www.lakeharmonycarpentryandpainting.com/
[Thu Jul 08 01:23:14.671375 2021] [php7:error] [pid 8872] [client 27.147.202.214:3608] script '/var/www/html/lakeharmonycarpentryandpainting.com/adminer-4.6.2-mysql.php' not found or unable to stat, referer: https://www.lakeharmonycarpentryandpainting.com/
[Thu Jul 08 01:23:15.703312 2021] [php7:error] [pid 8939] [client 27.147.202.214:3627] script '/var/www/html/lakeharmonycarpentryandpainting.com/adminer-4.5.0-mysql.php' not found or unable to stat, referer: https://www.lakeharmonycarpentryandpainting.com/
[Thu Jul 08 01:23:15.814325 2021] [php7:error] [pid 8859] [client 27.147.202.214:3629] script '/var/www/html/lakeharmonycarpentryandpainting.com/adminer-4.6.0-en.php' not found or unable to stat, referer: https://www.lakeharmonycarpentryandpainting.com/
[Thu Jul 08 01:23:15.876954 2021] [php7:error] [pid 8956] [client 27.147.202.214:3634] script '/var/www/html/lakeharmonycarpentryandpainting.com/adminer-4.6.1-mysql-en.php' not found or unable to stat, referer: https://www.lakeharmonycarpentryandpainting.com/
[Thu Jul 08 01:23:16.413567 2021] [php7:error] [pid 8946] [client 27.147.202.214:3630] script '/var/www/html/lakeharmonycarpentryandpainting.com/adminer-4.6.0-mysql-en.php' not found or unable to stat, referer: https://www.lakeharmonycarpentryandpainting.com/
[Thu Jul 08 01:23:16.987040 2021] [core:error] [pid 8881] [client 27.147.202.214:3589] AH00126: Invalid URI in request GET /static/../../../../../../../../../../../etc/shells HTTP/1.1
[Thu Jul 08 01:23:17.431577 2021] [php7:error] [pid 8947] [client 27.147.202.214:3632] script '/var/www/html/lakeharmonycarpentryandpainting.com/adminer-4.6.1.php' not found or unable to stat, referer: https://www.lakeharmonycarpentryandpainting.com/
[Thu Jul 08 01:23:17.750436 2021] [php7:error] [pid 8896] [client 27.147.202.214:3605] script '/var/www/html/lakeharmonycarpentryandpainting.com/ad.php' not found or unable to stat, referer: https://www.lakeharmonycarpentryandpainting.com/
[Thu Jul 08 01:23:17.938347 2021] [php7:error] [pid 8904] [client 27.147.202.214:3623] script '/var/www/html/lakeharmonycarpentryandpainting.com/adminer-4.4.0-mysql.php' not found or unable to stat, referer: https://www.lakeharmonycarpentryandpainting.com/
[Thu Jul 08 01:23:18.032584 2021] [php7:error] [pid 8960] [client 27.147.202.214:3609] script '/var/www/html/lakeharmonycarpentryandpainting.com/opcache.php' not found or unable to stat
[Thu Jul 08 01:23:18.097049 2021] [php7:error] [pid 7601] [client 27.147.202.214:3613] script '/var/www/html/lakeharmonycarpentryandpainting.com/index.php' not found or unable to stat
[Thu Jul 08 01:23:18.101733 2021] [php7:error] [pid 8896] [client 27.147.202.214:3605] script '/var/www/html/lakeharmonycarpentryandpainting.com/opcache.php' not found or unable to stat
[Thu Jul 08 01:23:18.440929 2021] [php7:error] [pid 8879] [client 27.147.202.214:3618] script '/var/www/html/lakeharmonycarpentryandpainting.com/adminer-4.3.1-mysql-en.php' not found or unable to stat, referer: https://www.lakeharmonycarpentryandpainting.com/
[Thu Jul 08 01:23:18.453479 2021] [php7:error] [pid 8907] [client 27.147.202.214:3611] script '/var/www/html/lakeharmonycarpentryandpainting.com/adminer-4.2.5-mysql.php' not found or unable to stat, referer: https://www.lakeharmonycarpentryandpainting.com/
[Thu Jul 08 01:23:18.591242 2021] [php7:error] [pid 8930] [client 27.147.202.214:3615] script '/var/www/html/lakeharmonycarpentryandpainting.com/adminer-4.3.0-mysql.php' not found or unable to stat, referer: https://www.lakeharmonycarpentryandpainting.com/
[Thu Jul 08 01:23:19.672289 2021] [php7:error] [pid 8966] [client 27.147.202.214:3638] script '/var/www/html/lakeharmonycarpentryandpainting.com/adminer-4.6.2-mysql-en.php' not found or unable to stat, referer: https://www.lakeharmonycarpentryandpainting.com/
[Thu Jul 08 01:23:20.054999 2021] [php7:error] [pid 8959] [client 27.147.202.214:3606] script '/var/www/html/lakeharmonycarpentryandpainting.com/ad.php' not found or unable to stat, referer: https://www.lakeharmonycarpentryandpainting.com/
[Thu Jul 08 01:23:20.240651 2021] [php7:error] [pid 8878] [client 27.147.202.214:3621] script '/var/www/html/lakeharmonycarpentryandpainting.com/adminer-4.4.0-en.php' not found or unable to stat, referer: https://www.lakeharmonycarpentryandpainting.com/
[Thu Jul 08 01:23:20.852590 2021] [php7:error] [pid 8907] [client 27.147.202.214:3611] script '/var/www/html/lakeharmonycarpentryandpainting.com/index.php' not found or unable to stat
[Thu Jul 08 01:23:21.016338 2021] [php7:error] [pid 8958] [client 27.147.202.214:3607] script '/var/www/html/lakeharmonycarpentryandpainting.com/Adminer.php' not found or unable to stat, referer: https://www.lakeharmonycarpentryandpainting.com/
[Thu Jul 08 01:23:21.194061 2021] [core:error] [pid 8872] [client 27.147.202.214:3608] AH00126: Invalid URI in request GET /%2e%2e/index.js HTTP/1.1
[Thu Jul 08 01:23:21.332218 2021] [php7:error] [pid 8964] [client 27.147.202.214:3616] script '/var/www/html/lakeharmonycarpentryandpainting.com/adminer-4.3.1.php' not found or unable to stat, referer: https://www.lakeharmonycarpentryandpainting.com/
[Thu Jul 08 01:23:21.513460 2021] [core:error] [pid 8959] [client 27.147.202.214:3606] AH00126: Invalid URI in request GET /%2e%2e/debug.js HTTP/1.1
[Thu Jul 08 01:23:21.704528 2021] [php7:error] [pid 7602] [client 27.147.202.214:3626] script '/var/www/html/lakeharmonycarpentryandpainting.com/adminer-4.5.0-mysql-en.php' not found or unable to stat, referer: https://www.lakeharmonycarpentryandpainting.com/
[Thu Jul 08 01:23:21.863018 2021] [core:error] [pid 8907] [client 27.147.202.214:3611] AH00126: Invalid URI in request GET /%2e%2e/release.js HTTP/1.1
[Thu Jul 08 01:23:25.493462 2021] [php7:error] [pid 8866] [client 27.147.202.214:3624] script '/var/www/html/lakeharmonycarpentryandpainting.com/adminer-4.5.0.php' not found or unable to stat, referer: https://www.lakeharmonycarpentryandpainting.com/
[Thu Jul 08 01:23:26.207852 2021] [authz_core:error] [pid 8964] [client 27.147.202.214:3616] AH01630: client denied by server configuration: /var/www/html/lakeharmonycarpentryandpainting.com/server-status
[Thu Jul 08 01:23:26.805345 2021] [php7:error] [pid 8896] [client 27.147.202.214:3603] script '/var/www/html/lakeharmonycarpentryandpainting.com/adminer.php' not found or unable to stat, referer: https://www.lakeharmonycarpentryandpainting.com/
[Thu Jul 08 01:23:29.042843 2021] [php7:error] [pid 8866] [client 27.147.202.214:3624] script '/var/www/html/lakeharmonycarpentryandpainting.com/coredumpcheck.php' not found or unable to stat
[Thu Jul 08 01:23:29.701528 2021] [http:error] [pid 8881] [client 27.147.202.214:5677] AH02430: Response header 'Location' value of 'https://www.lakeharmonycarpentryandpainting.com/\r\nheadername: headervalue' contains invalid characters, aborting request
[Thu Jul 08 01:23:30.963990 2021] [http:error] [pid 8891] [client 27.147.202.214:5686] AH02430: Response header 'Location' value of 'https://www.lakeharmonycarpentryandpainting.com/\r\theadername: headervalue' contains invalid characters, aborting request
[Thu Jul 08 01:23:31.593021 2021] [http:error] [pid 8946] [client 27.147.202.214:5697] AH02430: Response header 'Location' value of 'https://www.lakeharmonycarpentryandpainting.com/\nheadername: headervalue' contains invalid characters, aborting request
[Thu Jul 08 01:23:32.956440 2021] [http:error] [pid 8901] [client 27.147.202.214:5705] AH02430: Response header 'Location' value of 'https://www.lakeharmonycarpentryandpainting.com/\rheadername: headervalue' contains invalid characters, aborting request
[Thu Jul 08 01:23:33.380660 2021] [core:error] [pid 8866] [client 27.147.202.214:3624] AH00126: Invalid URI in request GET @uri1.hit9292104623afcb4.group.bxss.me/ HTTP/1.1
[Thu Jul 08 01:23:33.594724 2021] [http:error] [pid 8946] [client 27.147.202.214:7735] AH02430: Response header 'Location' value of 'https://www.lakeharmonycarpentryandpainting.com/~\r\nheadername: headervalue' contains invalid characters, aborting request
[Thu Jul 08 01:23:33.638658 2021] [php7:error] [pid 8896] [client 27.147.202.214:3603] script '/var/www/html/lakeharmonycarpentryandpainting.com/loader-wizard.php' not found or unable to stat
[Thu Jul 08 01:23:38.319818 2021] [core:error] [pid 8620] [client 27.147.202.214:3590] AH00126: Invalid URI in request GET .uri3.hit9292104623afcb4.group.bxss.me/ HTTP/1.1
[Thu Jul 08 01:23:42.223191 2021] [authz_core:error] [pid 9003] [client 27.147.202.214:7101] AH01630: client denied by server configuration: /var/www/html/lakeharmonycarpentryandpainting.com/server-status
[Thu Jul 08 01:23:43.263704 2021] [core:error] [pid 8903] [client 27.147.202.214:7093] AH00126: Invalid URI in request GET @bxss.me/rpb.png HTTP/1.1
[Thu Jul 08 01:23:47.073114 2021] [core:error] [pid 9003] [client 27.147.202.214:7101] AH00126: Invalid URI in request GET /sdk/../../../../../../../../../../../../../etc/passwd HTTP/1.1
[Thu Jul 08 01:23:49.339067 2021] [php7:error] [pid 8961] [client 27.147.202.214:6376] script '/var/www/html/lakeharmonycarpentryandpainting.com/9i661xtifhh6.php' not found or unable to stat, referer: https://www.lakeharmonycarpentryandpainting.com/
[Thu Jul 08 01:23:49.437473 2021] [core:error] [pid 8896] [client 27.147.202.214:3603] AH00126: Invalid URI in request GET /../../../../../../../../z/../../../../../../../../../etc/shells HTTP/1.1
[Thu Jul 08 01:23:52.891127 2021] [php7:error] [pid 8859] [client 27.147.202.214:6398] script '/var/www/html/lakeharmonycarpentryandpainting.com/index.php' not found or unable to stat
[Thu Jul 08 01:23:53.220566 2021] [php7:error] [pid 8859] [client 27.147.202.214:6398] script '/var/www/html/lakeharmonycarpentryandpainting.com/index.php' not found or unable to stat
[Thu Jul 08 01:24:05.706756 2021] [authz_core:error] [pid 9102] [client 27.147.202.214:6765] AH01630: client denied by server configuration: /var/www/html/lakeharmonycarpentryandpainting.com/.htaccess
[Thu Jul 08 01:24:10.306415 2021] [php7:error] [pid 9047] [client 27.147.202.214:6788] script '/var/www/html/lakeharmonycarpentryandpainting.com/apc.php' not found or unable to stat
[Thu Jul 08 01:24:11.396175 2021] [php7:error] [pid 9031] [client 27.147.202.214:6771] script '/var/www/html/lakeharmonycarpentryandpainting.com/webadmin.php' not found or unable to stat
[Thu Jul 08 01:24:12.063679 2021] [php7:error] [pid 9047] [client 27.147.202.214:6788] script '/var/www/html/lakeharmonycarpentryandpainting.com/phpinfo.php' not found or unable to stat
[Thu Jul 08 01:24:12.730676 2021] [php7:error] [pid 7518] [client 27.147.202.214:6791] script '/var/www/html/lakeharmonycarpentryandpainting.com/pi.php' not found or unable to stat
[Thu Jul 08 01:24:14.944625 2021] [php7:error] [pid 7600] [client 27.147.202.214:6399] script '/var/www/html/lakeharmonycarpentryandpainting.com/php.php' not found or unable to stat
[Thu Jul 08 01:24:15.827161 2021] [php7:error] [pid 7600] [client 27.147.202.214:6399] script '/var/www/html/lakeharmonycarpentryandpainting.com/i.php' not found or unable to stat
[Thu Jul 08 01:24:16.153844 2021] [php7:error] [pid 7600] [client 27.147.202.214:6399] script '/var/www/html/lakeharmonycarpentryandpainting.com/test.php' not found or unable to stat
[Thu Jul 08 01:24:17.041621 2021] [php7:error] [pid 7600] [client 27.147.202.214:6399] script '/var/www/html/lakeharmonycarpentryandpainting.com/temp.php' not found or unable to stat
[Thu Jul 08 01:24:17.372014 2021] [php7:error] [pid 7600] [client 27.147.202.214:6399] script '/var/www/html/lakeharmonycarpentryandpainting.com/info.php' not found or unable to stat
[Thu Jul 08 01:24:39.346798 2021] [php7:error] [pid 8894] [client 27.147.202.214:4105] script '/var/www/html/lakeharmonycarpentryandpainting.com/r57shell.php' not found or unable to stat
[Thu Jul 08 01:24:39.664998 2021] [php7:error] [pid 8894] [client 27.147.202.214:4105] script '/var/www/html/lakeharmonycarpentryandpainting.com/r57.php' not found or unable to stat
[Thu Jul 08 01:24:40.971140 2021] [php7:error] [pid 8894] [client 27.147.202.214:4105] script '/var/www/html/lakeharmonycarpentryandpainting.com/r58.php' not found or unable to stat
[Thu Jul 08 01:24:41.294588 2021] [php7:error] [pid 8894] [client 27.147.202.214:4105] script '/var/www/html/lakeharmonycarpentryandpainting.com/c99shell.php' not found or unable to stat
[Thu Jul 08 01:24:41.651766 2021] [authz_core:error] [pid 8865] [client 27.147.202.214:6400] AH01630: client denied by server configuration: /var/www/html/lakeharmonycarpentryandpainting.com/.htaccess~
[Thu Jul 08 01:24:41.987209 2021] [authz_core:error] [pid 8865] [client 27.147.202.214:6400] AH01630: client denied by server configuration: /var/www/html/lakeharmonycarpentryandpainting.com/.htaccess.old
[Thu Jul 08 01:24:42.325186 2021] [authz_core:error] [pid 8865] [client 27.147.202.214:6400] AH01630: client denied by server configuration: /var/www/html/lakeharmonycarpentryandpainting.com/.htaccess.save
[Thu Jul 08 01:24:42.511358 2021] [php7:error] [pid 8894] [client 27.147.202.214:4105] script '/var/www/html/lakeharmonycarpentryandpainting.com/c99.php' not found or unable to stat
[Thu Jul 08 01:24:42.836778 2021] [php7:error] [pid 8894] [client 27.147.202.214:4105] script '/var/www/html/lakeharmonycarpentryandpainting.com/nstview.php' not found or unable to stat
[Thu Jul 08 01:24:43.157183 2021] [php7:error] [pid 8894] [client 27.147.202.214:4105] script '/var/www/html/lakeharmonycarpentryandpainting.com/nst.php' not found or unable to stat
[Thu Jul 08 01:24:43.487353 2021] [php7:error] [pid 8894] [client 27.147.202.214:4105] script '/var/www/html/lakeharmonycarpentryandpainting.com/rst.php' not found or unable to stat
[Thu Jul 08 01:24:43.819814 2021] [php7:error] [pid 8894] [client 27.147.202.214:4105] script '/var/www/html/lakeharmonycarpentryandpainting.com/r57eng.php' not found or unable to stat
[Thu Jul 08 01:24:44.146662 2021] [php7:error] [pid 8894] [client 27.147.202.214:4105] script '/var/www/html/lakeharmonycarpentryandpainting.com/shell.php' not found or unable to stat
[Thu Jul 08 01:24:44.474653 2021] [php7:error] [pid 8894] [client 27.147.202.214:4105] script '/var/www/html/lakeharmonycarpentryandpainting.com/dra.php' not found or unable to stat
[Thu Jul 08 01:24:44.813229 2021] [php7:error] [pid 8894] [client 27.147.202.214:4105] script '/var/www/html/lakeharmonycarpentryandpainting.com/r.php' not found or unable to stat
[Thu Jul 08 01:24:45.742551 2021] [php7:error] [pid 8894] [client 27.147.202.214:4105] script '/var/www/html/lakeharmonycarpentryandpainting.com/lol.php' not found or unable to stat
[Thu Jul 08 01:24:46.070345 2021] [php7:error] [pid 8894] [client 27.147.202.214:4105] script '/var/www/html/lakeharmonycarpentryandpainting.com/zehir.php' not found or unable to stat
[Thu Jul 08 01:24:46.397456 2021] [php7:error] [pid 8894] [client 27.147.202.214:4105] script '/var/www/html/lakeharmonycarpentryandpainting.com/c-h.v2.php' not found or unable to stat
[Thu Jul 08 01:24:47.857404 2021] [php7:error] [pid 8894] [client 27.147.202.214:4105] script '/var/www/html/lakeharmonycarpentryandpainting.com/php-backdoor.php' not found or unable to stat
[Thu Jul 08 01:24:48.166472 2021] [php7:error] [pid 8894] [client 27.147.202.214:4105] script '/var/www/html/lakeharmonycarpentryandpainting.com/simple-backdoor.php' not found or unable to stat
[Thu Jul 08 01:25:58.474921 2021] [core:error] [pid 9204] [client 27.147.202.214:4535] AH00126: Invalid URI in request GET /css/../../../../../../../../z/../../../../../../../../../etc/shells HTTP/1.1
[Thu Jul 08 01:25:58.816506 2021] [php7:error] [pid 9161] [client 27.147.202.214:4562] script '/var/www/html/lakeharmonycarpentryandpainting.com/IwYU4d2w.php' not found or unable to stat
[Thu Jul 08 01:25:59.142882 2021] [php7:error] [pid 9161] [client 27.147.202.214:4562] script '/var/www/html/lakeharmonycarpentryandpainting.com/db.php' not found or unable to stat
[Thu Jul 08 01:26:01.481267 2021] [php7:error] [pid 9193] [client 27.147.202.214:4579] script '/var/www/html/lakeharmonycarpentryandpainting.com/conf.php' not found or unable to stat
[Thu Jul 08 01:26:01.687224 2021] [php7:error] [pid 7520] [client 27.147.202.214:4564] script '/var/www/html/lakeharmonycarpentryandpainting.com/css/2so5an14ioqo.php' not found or unable to stat, referer: https://www.lakeharmonycarpentryandpainting.com/
[Thu Jul 08 01:26:02.118041 2021] [php7:error] [pid 9193] [client 27.147.202.214:4579] script '/var/www/html/lakeharmonycarpentryandpainting.com/settings.php' not found or unable to stat
[Thu Jul 08 01:26:02.850624 2021] [core:error] [pid 7518] [client 27.147.202.214:4568] AH00126: Invalid URI in request GET /css//../../../../../../../../etc/passwd HTTP/1.1
[Thu Jul 08 01:26:03.512808 2021] [core:error] [pid 9011] [client 27.147.202.214:4582] AH00126: Invalid URI in request GET /css//../../../../../../../../windows/win.ini HTTP/1.1
[Thu Jul 08 01:26:04.086487 2021] [php7:error] [pid 9161] [client 27.147.202.214:4562] script '/var/www/html/lakeharmonycarpentryandpainting.com/xmlrpc.php' not found or unable to stat
[Thu Jul 08 01:26:04.174961 2021] [php7:error] [pid 9193] [client 27.147.202.214:4579] script '/var/www/html/lakeharmonycarpentryandpainting.com/config.php' not found or unable to stat
[Thu Jul 08 01:26:05.562611 2021] [php7:error] [pid 9193] [client 27.147.202.214:4579] script '/var/www/html/lakeharmonycarpentryandpainting.com/config.inc.php' not found or unable to stat
[Thu Jul 08 01:26:05.752599 2021] [php7:error] [pid 9046] [client 27.147.202.214:4567] script '/var/www/html/lakeharmonycarpentryandpainting.com/index.php' not found or unable to stat
[Thu Jul 08 01:26:06.535936 2021] [core:error] [pid 7520] [client 27.147.202.214:4564] AH00126: Invalid URI in request GET /css//../../../../../../../../boot.ini HTTP/1.1
[Thu Jul 08 01:26:07.135405 2021] [php7:error] [pid 8893] [client 27.147.202.214:4556] script '/var/www/html/lakeharmonycarpentryandpainting.com/xmlrpc.php' not found or unable to stat
[Thu Jul 08 01:26:10.615587 2021] [core:error] [pid 7520] [client 27.147.202.214:4581] AH00126: Invalid URI in request GET /js//../../../../../../../../etc/passwd HTTP/1.1
[Thu Jul 08 01:26:10.998693 2021] [core:error] [pid 8894] [client 27.147.202.214:4573] AH00126: Invalid URI in request GET /css//%2e%2e/%2e%2e/%2e%2e/%2e%2e/%2e%2e/%2e%2e/%2e%2e/%2e%2e/etc/passwd HTTP/1.1
[Thu Jul 08 01:26:11.119984 2021] [php7:error] [pid 9123] [client 27.147.202.214:4563] script '/var/www/html/lakeharmonycarpentryandpainting.com/xmlrpc.php' not found or unable to stat
[Thu Jul 08 01:26:11.262732 2021] [core:error] [pid 9120] [client 27.147.202.214:4559] AH00126: Invalid URI in request GET /js//../../../../../../../../windows/win.ini HTTP/1.1
[Thu Jul 08 01:26:12.128394 2021] [php7:error] [pid 8964] [client 27.147.202.214:4588] script '/var/www/html/lakeharmonycarpentryandpainting.com/app_dev.php' not found or unable to stat
[Thu Jul 08 01:26:12.299068 2021] [php7:error] [pid 7683] [client 27.147.202.214:4569] script '/var/www/html/lakeharmonycarpentryandpainting.com/localconfig.php' not found or unable to stat
[Thu Jul 08 01:26:12.458200 2021] [php7:error] [pid 8904] [client 27.147.202.214:4576] script '/var/www/html/lakeharmonycarpentryandpainting.com/phpThumb.php' not found or unable to stat
[Thu Jul 08 01:26:13.175118 2021] [php7:error] [pid 9161] [client 27.147.202.214:4562] script '/var/www/html/lakeharmonycarpentryandpainting.com/configuration.php' not found or unable to stat
[Thu Jul 08 01:26:13.844504 2021] [php7:error] [pid 9161] [client 27.147.202.214:4562] script '/var/www/html/lakeharmonycarpentryandpainting.com/settings.inc.php' not found or unable to stat
[Thu Jul 08 01:26:13.905795 2021] [php7:error] [pid 8904] [client 27.147.202.214:4576] script '/var/www/html/lakeharmonycarpentryandpainting.com/index.php' not found or unable to stat
[Thu Jul 08 01:26:14.167641 2021] [php7:error] [pid 9161] [client 27.147.202.214:4562] script '/var/www/html/lakeharmonycarpentryandpainting.com/global.inc.php' not found or unable to stat
[Thu Jul 08 01:26:15.021930 2021] [php7:error] [pid 9161] [client 27.147.202.214:4562] script '/var/www/html/lakeharmonycarpentryandpainting.com/database.php' not found or unable to stat
[Thu Jul 08 01:26:15.823207 2021] [core:error] [pid 9004] [client 27.147.202.214:4574] AH00126: Invalid URI in request GET /js//../../../../../../../../etc/passwd HTTP/1.1
[Thu Jul 08 01:26:16.217414 2021] [php7:error] [pid 8911] [client 27.147.202.214:4584] script '/var/www/html/lakeharmonycarpentryandpainting.com/database.inc.php' not found or unable to stat
[Thu Jul 08 01:26:16.412341 2021] [php7:error] [pid 9101] [client 27.147.202.214:4560] script '/var/www/html/lakeharmonycarpentryandpainting.com/js/zouu0wgjl1ke.php' not found or unable to stat, referer: https://www.lakeharmonycarpentryandpainting.com/
[Thu Jul 08 01:26:17.377571 2021] [core:error] [pid 9191] [client 27.147.202.214:4585] AH00126: Invalid URI in request GET /js/../../../../../../../../z/../../../../../../../../../etc/shells HTTP/1.1
[Thu Jul 08 01:26:17.503611 2021] [core:error] [pid 8958] [client 27.147.202.214:4561] AH00126: Invalid URI in request GET /js//../../../../../../../../windows/win.ini HTTP/1.1
[Thu Jul 08 01:26:17.612176 2021] [php7:error] [pid 9123] [client 27.147.202.214:4563] script '/var/www/html/lakeharmonycarpentryandpainting.com/index.php' not found or unable to stat
[Thu Jul 08 01:26:18.663758 2021] [core:error] [pid 9189] [client 27.147.202.214:6325] AH00126: Invalid URI in request GET /js//../../../../../../../../etc/passwd HTTP/1.1
[Thu Jul 08 01:26:19.227983 2021] [core:error] [pid 9032] [client 27.147.202.214:13812] AH00126: Invalid URI in request GET /js//../../../../../../../../boot.ini HTTP/1.1
[Thu Jul 08 01:26:19.330893 2021] [core:error] [pid 9235] [client 27.147.202.214:13808] AH00126: Invalid URI in request GET /js//../../../../../../../../windows/win.ini HTTP/1.1
[Thu Jul 08 01:26:20.743923 2021] [core:error] [pid 8891] [client 27.147.202.214:13818] AH00126: Invalid URI in request GET /js//../../../../../../../../boot.ini HTTP/1.1
[Thu Jul 08 01:26:22.172345 2021] [core:error] [pid 8878] [client 27.147.202.214:4557] AH00126: Invalid URI in request GET /js//../../../../../../../../boot.ini HTTP/1.1
[Thu Jul 08 01:26:22.184520 2021] [php7:error] [pid 9191] [client 27.147.202.214:6329] script '/var/www/html/lakeharmonycarpentryandpainting.com/xmlrpc.php' not found or unable to stat
[Thu Jul 08 01:26:24.025322 2021] [authz_core:error] [pid 8903] [client 27.147.202.214:13807] AH01630: client denied by server configuration: /var/www/html/lakeharmonycarpentryandpainting.com/js/.htaccess
[Thu Jul 08 01:26:24.816149 2021] [php7:error] [pid 9191] [client 27.147.202.214:6329] script '/var/www/html/lakeharmonycarpentryandpainting.com/xmlrpc.php' not found or unable to stat
[Thu Jul 08 01:26:25.036137 2021] [core:error] [pid 9242] [client 27.147.202.214:3484] AH00126: Invalid URI in request GET /js//%2e%2e/%2e%2e/%2e%2e/%2e%2e/%2e%2e/%2e%2e/%2e%2e/%2e%2e/etc/passwd HTTP/1.1
[Thu Jul 08 01:26:25.464008 2021] [php7:error] [pid 9191] [client 27.147.202.214:6329] script '/var/www/html/lakeharmonycarpentryandpainting.com/xmlrpc.php' not found or unable to stat
[Thu Jul 08 01:26:25.611179 2021] [php7:error] [pid 8891] [client 27.147.202.214:3479] script '/var/www/html/lakeharmonycarpentryandpainting.com/js/phpinfo.php' not found or unable to stat
[Thu Jul 08 01:26:26.090686 2021] [php7:error] [pid 8911] [client 27.147.202.214:4584] script '/var/www/html/lakeharmonycarpentryandpainting.com/js/webadmin.php' not found or unable to stat
[Thu Jul 08 01:26:26.090897 2021] [php7:error] [pid 8881] [client 27.147.202.214:3482] script '/var/www/html/lakeharmonycarpentryandpainting.com/js/r57shell.php' not found or unable to stat
[Thu Jul 08 01:26:26.152279 2021] [php7:error] [pid 9101] [client 27.147.202.214:4560] script '/var/www/html/lakeharmonycarpentryandpainting.com/xmlrpc.php' not found or unable to stat
[Thu Jul 08 01:26:26.265255 2021] [php7:error] [pid 8891] [client 27.147.202.214:3479] script '/var/www/html/lakeharmonycarpentryandpainting.com/js/pi.php' not found or unable to stat
[Thu Jul 08 01:26:26.452211 2021] [core:error] [pid 9107] [client 27.147.202.214:4572] AH00126: Invalid URI in request GET /css//../../../../../../../../etc/passwd HTTP/1.1
[Thu Jul 08 01:26:26.652485 2021] [core:error] [pid 9243] [client 27.147.202.214:13804] AH00126: Invalid URI in request GET /js//%2e%2e/%2e%2e/%2e%2e/%2e%2e/%2e%2e/%2e%2e/%2e%2e/%2e%2e/windows/win.ini HTTP/1.1
[Thu Jul 08 01:26:26.922940 2021] [php7:error] [pid 8891] [client 27.147.202.214:3479] script '/var/www/html/lakeharmonycarpentryandpainting.com/js/php.php' not found or unable to stat
[Thu Jul 08 01:26:27.050284 2021] [php7:error] [pid 8881] [client 27.147.202.214:3482] script '/var/www/html/lakeharmonycarpentryandpainting.com/js/r57.php' not found or unable to stat
[Thu Jul 08 01:26:27.106631 2021] [core:error] [pid 9123] [client 27.147.202.214:4563] AH00126: Invalid URI in request GET /css//../../../../../../../../windows/win.ini HTTP/1.1
[Thu Jul 08 01:26:27.129534 2021] [core:error] [pid 9004] [client 27.147.202.214:13809] AH00126: Invalid URI in request GET /css//%2e%2e/%2e%2e/%2e%2e/%2e%2e/%2e%2e/%2e%2e/%2e%2e/%2e%2e/windows/win.ini HTTP/1.1
[Thu Jul 08 01:26:27.293283 2021] [php7:error] [pid 7683] [client 27.147.202.214:4569] script '/var/www/html/lakeharmonycarpentryandpainting.com/css/apc.php' not found or unable to stat
[Thu Jul 08 01:26:27.338444 2021] [core:error] [pid 8908] [client 27.147.202.214:3481] AH00126: Invalid URI in request GET /js//%2e%2e/%2e%2e/%2e%2e/%2e%2e/%2e%2e/%2e%2e/%2e%2e/%2e%2e/etc/passwd HTTP/1.1
[Thu Jul 08 01:26:27.958509 2021] [php7:error] [pid 8891] [client 27.147.202.214:3479] script '/var/www/html/lakeharmonycarpentryandpainting.com/js/i.php' not found or unable to stat
[Thu Jul 08 01:26:28.020370 2021] [php7:error] [pid 8904] [client 27.147.202.214:4576] script '/var/www/html/lakeharmonycarpentryandpainting.com/js/r58.php' not found or unable to stat
[Thu Jul 08 01:26:28.093955 2021] [php7:error] [pid 9101] [client 27.147.202.214:4560] script '/var/www/html/lakeharmonycarpentryandpainting.com/soap.php' not found or unable to stat
[Thu Jul 08 01:26:28.327295 2021] [php7:error] [pid 8891] [client 27.147.202.214:3479] script '/var/www/html/lakeharmonycarpentryandpainting.com/js/test.php' not found or unable to stat
[Thu Jul 08 01:26:28.347833 2021] [php7:error] [pid 8904] [client 27.147.202.214:4576] script '/var/www/html/lakeharmonycarpentryandpainting.com/js/c99shell.php' not found or unable to stat
[Thu Jul 08 01:26:28.653004 2021] [php7:error] [pid 8891] [client 27.147.202.214:3479] script '/var/www/html/lakeharmonycarpentryandpainting.com/js/temp.php' not found or unable to stat
[Thu Jul 08 01:26:28.669288 2021] [php7:error] [pid 8904] [client 27.147.202.214:4576] script '/var/www/html/lakeharmonycarpentryandpainting.com/js/c99.php' not found or unable to stat
[Thu Jul 08 01:26:28.985268 2021] [php7:error] [pid 9032] [client 27.147.202.214:3480] script '/var/www/html/lakeharmonycarpentryandpainting.com/js/info.php' not found or unable to stat
[Thu Jul 08 01:26:29.000109 2021] [php7:error] [pid 8904] [client 27.147.202.214:4576] script '/var/www/html/lakeharmonycarpentryandpainting.com/js/nstview.php' not found or unable to stat
[Thu Jul 08 01:26:29.101828 2021] [core:error] [pid 9193] [client 27.147.202.214:3618] AH00126: Invalid URI in request GET /js//%2e%2e/%2e%2e/%2e%2e/%2e%2e/%2e%2e/%2e%2e/%2e%2e/%2e%2e/windows/win.ini HTTP/1.1
[Thu Jul 08 01:26:29.324469 2021] [authz_core:error] [pid 9032] [client 27.147.202.214:3480] AH01630: client denied by server configuration: /var/www/html/lakeharmonycarpentryandpainting.com/css/.htaccess
[Thu Jul 08 01:26:29.330383 2021] [php7:error] [pid 8904] [client 27.147.202.214:4576] script '/var/www/html/lakeharmonycarpentryandpainting.com/js/nst.php' not found or unable to stat
[Thu Jul 08 01:26:29.678805 2021] [core:error] [pid 9108] [client 27.147.202.214:3478] AH00126: Invalid URI in request GET /js//%2e%2e/%2e%2e/%2e%2e/%2e%2e/%2e%2e/%2e%2e/%2e%2e/%2e%2e/etc/passwd HTTP/1.1
[Thu Jul 08 01:26:30.002518 2021] [php7:error] [pid 9101] [client 27.147.202.214:4560] script '/var/www/html/lakeharmonycarpentryandpainting.com/soap.php' not found or unable to stat
[Thu Jul 08 01:26:30.004079 2021] [core:error] [pid 9189] [client 27.147.202.214:3477] AH00126: Invalid URI in request GET /js//%2e%2e/%2e%2e/%2e%2e/%2e%2e/%2e%2e/%2e%2e/%2e%2e/%2e%2e/windows/win.ini HTTP/1.1
[Thu Jul 08 01:26:30.120198 2021] [core:error] [pid 8908] [client 27.147.202.214:3610] AH00126: Invalid URI in request GET /css//../../../../../../../../boot.ini HTTP/1.1
[Thu Jul 08 01:26:30.199451 2021] [php7:error] [pid 8904] [client 27.147.202.214:4576] script '/var/www/html/lakeharmonycarpentryandpainting.com/js/rst.php' not found or unable to stat
[Thu Jul 08 01:26:30.212934 2021] [deflate:error] [pid 9032] [client 27.147.202.214:3480] AH01383: unable to init Zlib: deflateInit2 returned -4: URL /css/
[Thu Jul 08 01:26:30.383831 2021] [php7:error] [pid 9204] [client 27.147.202.214:4570] script '/var/www/html/lakeharmonycarpentryandpainting.com/css/phpinfo.php' not found or unable to stat
[Thu Jul 08 01:26:30.528951 2021] [php7:error] [pid 8904] [client 27.147.202.214:4576] script '/var/www/html/lakeharmonycarpentryandpainting.com/js/r57eng.php' not found or unable to stat
[Thu Jul 08 01:26:30.674673 2021] [php7:error] [pid 9101] [client 27.147.202.214:4560] script '/var/www/html/lakeharmonycarpentryandpainting.com/soap.php' not found or unable to stat
[Thu Jul 08 01:26:30.852524 2021] [php7:error] [pid 8904] [client 27.147.202.214:4576] script '/var/www/html/lakeharmonycarpentryandpainting.com/js/shell.php' not found or unable to stat
[Thu Jul 08 01:26:31.015667 2021] [php7:error] [pid 9204] [client 27.147.202.214:4570] script '/var/www/html/lakeharmonycarpentryandpainting.com/css/pi.php' not found or unable to stat
[Thu Jul 08 01:26:31.171076 2021] [php7:error] [pid 8904] [client 27.147.202.214:4576] script '/var/www/html/lakeharmonycarpentryandpainting.com/js/dra.php' not found or unable to stat
[Thu Jul 08 01:26:31.410695 2021] [php7:error] [pid 9101] [client 27.147.202.214:4560] script '/var/www/html/lakeharmonycarpentryandpainting.com/soap.php' not found or unable to stat
[Thu Jul 08 01:26:31.439175 2021] [php7:error] [pid 9265] [client 27.147.202.214:3546] script '/var/www/html/lakeharmonycarpentryandpainting.com/css/r57shell.php' not found or unable to stat
[Thu Jul 08 01:26:31.578212 2021] [php7:error] [pid 9243] [client 27.147.202.214:3607] script '/var/www/html/lakeharmonycarpentryandpainting.com/css/webadmin.php' not found or unable to stat
[Thu Jul 08 01:26:31.658088 2021] [php7:error] [pid 9204] [client 27.147.202.214:4570] script '/var/www/html/lakeharmonycarpentryandpainting.com/css/php.php' not found or unable to stat
[Thu Jul 08 01:26:31.751096 2021] [core:error] [pid 8903] [client 27.147.202.214:13807] AH00126: Invalid URI in request GET /css//../../../../../../../../etc/passwd HTTP/1.1
[Thu Jul 08 01:26:31.760801 2021] [php7:error] [pid 9265] [client 27.147.202.214:3546] script '/var/www/html/lakeharmonycarpentryandpainting.com/css/r57.php' not found or unable to stat
[Thu Jul 08 01:26:32.052313 2021] [php7:error] [pid 8904] [client 27.147.202.214:4576] script '/var/www/html/lakeharmonycarpentryandpainting.com/js/r.php' not found or unable to stat
[Thu Jul 08 01:26:32.101925 2021] [php7:error] [pid 7600] [client 27.147.202.214:3614] script '/var/www/html/lakeharmonycarpentryandpainting.com/xmlrpc-server.php' not found or unable to stat
[Thu Jul 08 01:26:32.105595 2021] [php7:error] [pid 7518] [client 27.147.202.214:4583] script '/var/www/html/lakeharmonycarpentryandpainting.com/login.php' not found or unable to stat
[Thu Jul 08 01:26:32.391797 2021] [php7:error] [pid 8904] [client 27.147.202.214:4576] script '/var/www/html/lakeharmonycarpentryandpainting.com/js/lol.php' not found or unable to stat
[Thu Jul 08 01:26:32.642003 2021] [php7:error] [pid 9204] [client 27.147.202.214:4570] script '/var/www/html/lakeharmonycarpentryandpainting.com/css/i.php' not found or unable to stat
[Thu Jul 08 01:26:32.687537 2021] [php7:error] [pid 9265] [client 27.147.202.214:3546] script '/var/www/html/lakeharmonycarpentryandpainting.com/css/r58.php' not found or unable to stat
[Thu Jul 08 01:26:32.720486 2021] [php7:error] [pid 8904] [client 27.147.202.214:4576] script '/var/www/html/lakeharmonycarpentryandpainting.com/js/zehir.php' not found or unable to stat
[Thu Jul 08 01:26:32.967347 2021] [core:error] [pid 7601] [client 27.147.202.214:3624] AH00126: Invalid URI in request GET /css//../../../../../../../../etc/passwd HTTP/1.1
[Thu Jul 08 01:26:33.015938 2021] [php7:error] [pid 9265] [client 27.147.202.214:3546] script '/var/www/html/lakeharmonycarpentryandpainting.com/css/c99shell.php' not found or unable to stat
[Thu Jul 08 01:26:33.051424 2021] [php7:error] [pid 8904] [client 27.147.202.214:4576] script '/var/www/html/lakeharmonycarpentryandpainting.com/js/c-h.v2.php' not found or unable to stat
[Thu Jul 08 01:26:33.339463 2021] [php7:error] [pid 9265] [client 27.147.202.214:3546] script '/var/www/html/lakeharmonycarpentryandpainting.com/css/c99.php' not found or unable to stat
[Thu Jul 08 01:26:33.377281 2021] [php7:error] [pid 8904] [client 27.147.202.214:4576] script '/var/www/html/lakeharmonycarpentryandpainting.com/js/php-backdoor.php' not found or unable to stat
[Thu Jul 08 01:26:33.454234 2021] [php7:error] [pid 7600] [client 27.147.202.214:3614] script '/var/www/html/lakeharmonycarpentryandpainting.com/xmlrpc-server.php' not found or unable to stat
[Thu Jul 08 01:26:33.526187 2021] [php7:error] [pid 9204] [client 27.147.202.214:4570] script '/var/www/html/lakeharmonycarpentryandpainting.com/css/test.php' not found or unable to stat
[Thu Jul 08 01:26:33.662753 2021] [php7:error] [pid 9265] [client 27.147.202.214:3546] script '/var/www/html/lakeharmonycarpentryandpainting.com/css/nstview.php' not found or unable to stat
[Thu Jul 08 01:26:33.706864 2021] [php7:error] [pid 8904] [client 27.147.202.214:4576] script '/var/www/html/lakeharmonycarpentryandpainting.com/js/simple-backdoor.php' not found or unable to stat
[Thu Jul 08 01:26:33.846110 2021] [php7:error] [pid 8881] [client 27.147.202.214:3482] script '/var/www/html/lakeharmonycarpentryandpainting.com/css/temp.php' not found or unable to stat
[Thu Jul 08 01:26:33.985540 2021] [php7:error] [pid 9265] [client 27.147.202.214:3546] script '/var/www/html/lakeharmonycarpentryandpainting.com/css/nst.php' not found or unable to stat
[Thu Jul 08 01:26:34.024164 2021] [core:error] [pid 9046] [client 27.147.202.214:13365] AH00126: Invalid URI in request GET /css//../../../../../../../../windows/win.ini HTTP/1.1
[Thu Jul 08 01:26:34.077646 2021] [php7:error] [pid 7600] [client 27.147.202.214:3614] script '/var/www/html/lakeharmonycarpentryandpainting.com/xmlrpc-server.php' not found or unable to stat
[Thu Jul 08 01:26:34.167175 2021] [php7:error] [pid 8881] [client 27.147.202.214:3482] script '/var/www/html/lakeharmonycarpentryandpainting.com/css/info.php' not found or unable to stat
[Thu Jul 08 01:26:34.303466 2021] [php7:error] [pid 9265] [client 27.147.202.214:3546] script '/var/www/html/lakeharmonycarpentryandpainting.com/css/rst.php' not found or unable to stat
[Thu Jul 08 01:26:34.622340 2021] [php7:error] [pid 9265] [client 27.147.202.214:3546] script '/var/www/html/lakeharmonycarpentryandpainting.com/css/r57eng.php' not found or unable to stat
[Thu Jul 08 01:26:34.661730 2021] [core:error] [pid 8903] [client 27.147.202.214:13391] AH00126: Invalid URI in request GET /css//../../../../../../../../windows/win.ini HTTP/1.1
[Thu Jul 08 01:26:34.685550 2021] [core:error] [pid 8871] [client 27.147.202.214:13406] AH00126: Invalid URI in request GET /js//../../../../../../../../etc/passwd HTTP/1.1
[Thu Jul 08 01:26:34.759263 2021] [php7:error] [pid 8904] [client 27.147.202.214:4576] script '/var/www/html/lakeharmonycarpentryandpainting.com/xmlrpc-server.php' not found or unable to stat
[Thu Jul 08 01:26:34.945208 2021] [php7:error] [pid 7683] [client 27.147.202.214:4569] script '/var/www/html/lakeharmonycarpentryandpainting.com/css/shell.php' not found or unable to stat
[Thu Jul 08 01:26:35.196463 2021] [core:error] [pid 7600] [client 27.147.202.214:3614] AH00126: Invalid URI in request GET /css//../../../../../../../../etc/passwd HTTP/1.1
[Thu Jul 08 01:26:35.269322 2021] [php7:error] [pid 7683] [client 27.147.202.214:4569] script '/var/www/html/lakeharmonycarpentryandpainting.com/css/dra.php' not found or unable to stat
[Thu Jul 08 01:26:35.435430 2021] [php7:error] [pid 8904] [client 27.147.202.214:4576] script '/var/www/html/lakeharmonycarpentryandpainting.com/xmlrpc_server.php' not found or unable to stat
[Thu Jul 08 01:26:35.598082 2021] [php7:error] [pid 7683] [client 27.147.202.214:4569] script '/var/www/html/lakeharmonycarpentryandpainting.com/css/r.php' not found or unable to stat
[Thu Jul 08 01:26:35.926524 2021] [php7:error] [pid 7683] [client 27.147.202.214:4569] script '/var/www/html/lakeharmonycarpentryandpainting.com/css/lol.php' not found or unable to stat
[Thu Jul 08 01:26:36.104283 2021] [php7:error] [pid 8904] [client 27.147.202.214:4576] script '/var/www/html/lakeharmonycarpentryandpainting.com/xmlrpc_server.php' not found or unable to stat
[Thu Jul 08 01:26:36.259309 2021] [php7:error] [pid 7683] [client 27.147.202.214:4569] script '/var/www/html/lakeharmonycarpentryandpainting.com/css/zehir.php' not found or unable to stat
[Thu Jul 08 01:26:36.519384 2021] [core:error] [pid 9249] [client 27.147.202.214:3541] AH00126: Invalid URI in request GET /css//../../../../../../../../boot.ini HTTP/1.1
[Thu Jul 08 01:26:36.587327 2021] [php7:error] [pid 7683] [client 27.147.202.214:4569] script '/var/www/html/lakeharmonycarpentryandpainting.com/css/c-h.v2.php' not found or unable to stat
[Thu Jul 08 01:26:36.761783 2021] [php7:error] [pid 8904] [client 27.147.202.214:4576] script '/var/www/html/lakeharmonycarpentryandpainting.com/xmlrpc_server.php' not found or unable to stat
[Thu Jul 08 01:26:36.923045 2021] [php7:error] [pid 7683] [client 27.147.202.214:4569] script '/var/www/html/lakeharmonycarpentryandpainting.com/css/php-backdoor.php' not found or unable to stat
[Thu Jul 08 01:26:36.934366 2021] [core:error] [pid 8881] [client 27.147.202.214:3482] AH00126: Invalid URI in request GET /css//../../../../../../../../windows/win.ini HTTP/1.1
[Thu Jul 08 01:26:37.266152 2021] [php7:error] [pid 7683] [client 27.147.202.214:4569] script '/var/www/html/lakeharmonycarpentryandpainting.com/css/simple-backdoor.php' not found or unable to stat
[Thu Jul 08 01:26:37.423201 2021] [php7:error] [pid 8904] [client 27.147.202.214:4576] script '/var/www/html/lakeharmonycarpentryandpainting.com/xmlrpc_server.php' not found or unable to stat
[Thu Jul 08 01:26:37.431366 2021] [core:error] [pid 8871] [client 27.147.202.214:8105] AH00126: Invalid URI in request GET /css//../../../../../../../../boot.ini HTTP/1.1
[Thu Jul 08 01:26:37.821274 2021] [core:error] [pid 7392] [client 27.147.202.214:13358] AH00126: Invalid URI in request GET /css//../../../../../../../../etc/passwd HTTP/1.1
[Thu Jul 08 01:26:38.605330 2021] [core:error] [pid 9101] [client 27.147.202.214:4560] AH00126: Invalid URI in request GET /css//../../../../../../../../windows/win.ini HTTP/1.1
[Thu Jul 08 01:26:38.768147 2021] [core:error] [pid 9265] [client 27.147.202.214:3546] AH00126: Invalid URI in request GET /css//../../../../../../../../boot.ini HTTP/1.1
[Thu Jul 08 01:26:39.662989 2021] [core:error] [pid 8881] [client 27.147.202.214:8117] AH00126: Invalid URI in request GET /js//../../../../../../../../windows/win.ini HTTP/1.1
[Thu Jul 08 01:26:40.272778 2021] [core:error] [pid 9248] [client 27.147.202.214:13398] AH00126: Invalid URI in request GET /css//../../../../../../../../etc/passwd HTTP/1.1
[Thu Jul 08 01:26:40.669550 2021] [core:error] [pid 7601] [client 27.147.202.214:13400] AH00126: Invalid URI in request GET /css//%2e%2e/%2e%2e/%2e%2e/%2e%2e/%2e%2e/%2e%2e/%2e%2e/%2e%2e/etc/passwd HTTP/1.1
[Thu Jul 08 01:26:40.865231 2021] [core:error] [pid 7518] (36)File name too long: [client 27.147.202.214:4583] AH00036: access to /js/%c0%ae%c0%ae%c0%af%c0%ae%c0%ae%c0%af%c0%ae%c0%ae%c0%af%c0%ae%c0%ae%c0%af%c0%ae%c0%ae%c0%af%c0%ae%c0%ae%c0%af%c0%ae%c0%ae%c0%af%c0%ae%c0%ae%c0%af%c0%ae%c0%ae%c0%af%c0%ae%c0%ae%c0%af%c0%ae%c0%ae%c0%af%c0%ae%c0%ae%c0%af%c0%ae%c0%ae%c0%af%c0%ae%c0%ae%c0%af%c0%ae%c0%ae%c0%af%c0%ae%c0%ae%c0%af/etc/passwd failed (filesystem path '/var/www/html/lakeharmonycarpentryandpainting.com/js/%c0%ae%c0%ae%c0%af%c0%ae%c0%ae%c0%af%c0%ae%c0%ae%c0%af%c0%ae%c0%ae%c0%af%c0%ae%c0%ae%c0%af%c0%ae%c0%ae%c0%af%c0%ae%c0%ae%c0%af%c0%ae%c0%ae%c0%af%c0%ae%c0%ae%c0%af%c0%ae%c0%ae%c0%af%c0%ae%c0%ae%c0%af%c0%ae%c0%ae%c0%af%c0%ae%c0%ae%c0%af%c0%ae%c0%ae%c0%af%c0%ae%c0%ae%c0%af%c0%ae%c0%ae%c0%af')
[Thu Jul 08 01:26:41.853627 2021] [core:error] [pid 8891] [client 27.147.202.214:3479] AH00126: Invalid URI in request GET /css//../../../../../../../../boot.ini HTTP/1.1
[Thu Jul 08 01:26:43.744038 2021] [core:error] [pid 9295] [client 27.147.202.214:6565] AH00126: Invalid URI in request GET /css//../../../../../../../../windows/win.ini HTTP/1.1
[Thu Jul 08 01:26:44.166848 2021] [core:error] [pid 9204] (36)File name too long: [client 27.147.202.214:4570] AH00036: access to /js/%c0%ae%c0%ae%c0%af%c0%ae%c0%ae%c0%af%c0%ae%c0%ae%c0%af%c0%ae%c0%ae%c0%af%c0%ae%c0%ae%c0%af%c0%ae%c0%ae%c0%af%c0%ae%c0%ae%c0%af%c0%ae%c0%ae%c0%af%c0%ae%c0%ae%c0%af%c0%ae%c0%ae%c0%af%c0%ae%c0%ae%c0%af%c0%ae%c0%ae%c0%af%c0%ae%c0%ae%c0%af%c0%ae%c0%ae%c0%af%c0%ae%c0%ae%c0%af%c0%ae%c0%ae%c0%af/etc/passwd failed (filesystem path '/var/www/html/lakeharmonycarpentryandpainting.com/js/%c0%ae%c0%ae%c0%af%c0%ae%c0%ae%c0%af%c0%ae%c0%ae%c0%af%c0%ae%c0%ae%c0%af%c0%ae%c0%ae%c0%af%c0%ae%c0%ae%c0%af%c0%ae%c0%ae%c0%af%c0%ae%c0%ae%c0%af%c0%ae%c0%ae%c0%af%c0%ae%c0%ae%c0%af%c0%ae%c0%ae%c0%af%c0%ae%c0%ae%c0%af%c0%ae%c0%ae%c0%af%c0%ae%c0%ae%c0%af%c0%ae%c0%ae%c0%af%c0%ae%c0%ae%c0%af')
[Thu Jul 08 01:26:45.827967 2021] [core:error] [pid 8871] [client 27.147.202.214:8139] AH00126: Invalid URI in request GET /css//../../../../../../../../etc/passwd HTTP/1.1
[Thu Jul 08 01:26:46.826698 2021] [core:error] [pid 9265] [client 27.147.202.214:8151] AH00126: Invalid URI in request GET /css//%2e%2e/%2e%2e/%2e%2e/%2e%2e/%2e%2e/%2e%2e/%2e%2e/%2e%2e/etc/passwd HTTP/1.1
[Thu Jul 08 01:26:46.985660 2021] [core:error] [pid 9233] [client 27.147.202.214:8149] AH00126: Invalid URI in request GET /css//%2e%2e/%2e%2e/%2e%2e/%2e%2e/%2e%2e/%2e%2e/%2e%2e/%2e%2e/etc/passwd HTTP/1.1
[Thu Jul 08 01:26:47.944465 2021] [core:error] [pid 9193] [client 27.147.202.214:4059] AH00126: Invalid URI in request GET /css//%2e%2e/%2e%2e/%2e%2e/%2e%2e/%2e%2e/%2e%2e/%2e%2e/%2e%2e/windows/win.ini HTTP/1.1
[Thu Jul 08 01:26:48.817773 2021] [core:error] [pid 9200] [client 27.147.202.214:11037] AH00126: Invalid URI in request GET /css//../../../../../../../../boot.ini HTTP/1.1
[Thu Jul 08 01:26:49.051954 2021] [core:error] [pid 7683] (36)File name too long: [client 27.147.202.214:4569] AH00036: access to /js/%c0%ae%c0%ae%c0%af%c0%ae%c0%ae%c0%af%c0%ae%c0%ae%c0%af%c0%ae%c0%ae%c0%af%c0%ae%c0%ae%c0%af%c0%ae%c0%ae%c0%af%c0%ae%c0%ae%c0%af%c0%ae%c0%ae%c0%af%c0%ae%c0%ae%c0%af%c0%ae%c0%ae%c0%af%c0%ae%c0%ae%c0%af%c0%ae%c0%ae%c0%af%c0%ae%c0%ae%c0%af%c0%ae%c0%ae%c0%af%c0%ae%c0%ae%c0%af%c0%ae%c0%ae%c0%af/etc/passwd failed (filesystem path '/var/www/html/lakeharmonycarpentryandpainting.com/js/%c0%ae%c0%ae%c0%af%c0%ae%c0%ae%c0%af%c0%ae%c0%ae%c0%af%c0%ae%c0%ae%c0%af%c0%ae%c0%ae%c0%af%c0%ae%c0%ae%c0%af%c0%ae%c0%ae%c0%af%c0%ae%c0%ae%c0%af%c0%ae%c0%ae%c0%af%c0%ae%c0%ae%c0%af%c0%ae%c0%ae%c0%af%c0%ae%c0%ae%c0%af%c0%ae%c0%ae%c0%af%c0%ae%c0%ae%c0%af%c0%ae%c0%ae%c0%af%c0%ae%c0%ae%c0%af')
[Thu Jul 08 01:26:49.154622 2021] [core:error] [pid 9236] [client 27.147.202.214:10527] AH00126: Invalid URI in request GET /css//../../../../../../../../windows/win.ini HTTP/1.1
[Thu Jul 08 01:26:49.370748 2021] [core:error] [pid 9320] [client 27.147.202.214:10533] AH00126: Invalid URI in request GET /css//%2e%2e/%2e%2e/%2e%2e/%2e%2e/%2e%2e/%2e%2e/%2e%2e/%2e%2e/windows/win.ini HTTP/1.1
[Thu Jul 08 01:26:49.650664 2021] [core:error] [pid 8871] [client 27.147.202.214:10537] AH00126: Invalid URI in request GET /css//%2e%2e/%2e%2e/%2e%2e/%2e%2e/%2e%2e/%2e%2e/%2e%2e/%2e%2e/windows/win.ini HTTP/1.1
