159.65.225.6 - - [02/Jul/2021:00:45:25 -0400] "GET /wp-login.php HTTP/1.1" 200 7222 "-" "Mozilla/5.0 (X11; Ubuntu; Linux x86_64; rv:62.0) Gecko/20100101 Firefox/62.0"
204.48.19.85 - - [02/Jul/2021:00:45:26 -0400] "GET / HTTP/1.1" 200 23683 "https://www.nepadesigns.com/" "WordPress/5.7.2; https://www.nepadesigns.com"
204.48.19.85 - - [02/Jul/2021:00:45:26 -0400] "POST /wp-cron.php?doing_wp_cron=1625201126.0299389362335205078125 HTTP/1.1" 200 5422 "https://www.nepadesigns.com/wp-cron.php?doing_wp_cron=1625201126.0299389362335205078125" "WordPress/5.7.2; https://www.nepadesigns.com"
159.65.225.6 - - [02/Jul/2021:00:45:32 -0400] "POST /wp-login.php HTTP/1.1" 200 7344 "-" "Mozilla/5.0 (X11; Ubuntu; Linux x86_64; rv:62.0) Gecko/20100101 Firefox/62.0"
159.65.225.6 - - [02/Jul/2021:00:45:37 -0400] "GET /wp-login.php HTTP/1.1" 200 7222 "-" "Mozilla/5.0 (X11; Ubuntu; Linux x86_64; rv:62.0) Gecko/20100101 Firefox/62.0"
159.65.225.6 - - [02/Jul/2021:00:45:38 -0400] "POST /wp-login.php HTTP/1.1" 200 7325 "-" "Mozilla/5.0 (X11; Ubuntu; Linux x86_64; rv:62.0) Gecko/20100101 Firefox/62.0"
159.65.225.6 - - [02/Jul/2021:00:45:39 -0400] "POST /xmlrpc.php HTTP/1.1" 200 4994 "-" "Mozilla/5.0 (X11; Ubuntu; Linux x86_64; rv:62.0) Gecko/20100101 Firefox/62.0"
207.46.13.78 - - [02/Jul/2021:00:50:34 -0400] "GET / HTTP/1.1" 301 586 "-" "Mozilla/5.0 (compatible; bingbot/2.0; +http://www.bing.com/bingbot.htm)"
114.119.139.224 - - [02/Jul/2021:00:57:18 -0400] "GET /robots.txt HTTP/1.1" 404 5039 "-" "Mozilla/5.0 (compatible;PetalBot;+https://webmaster.petalsearch.com/site/petalbot)"
204.48.19.85 - - [02/Jul/2021:01:09:57 -0400] "POST /wp-cron.php?doing_wp_cron=1625202597.8192110061645507812500 HTTP/1.1" 200 5438 "https://www.nepadesigns.com/wp-cron.php?doing_wp_cron=1625202597.8192110061645507812500" "WordPress/5.7.2; https://www.nepadesigns.com"
83.103.131.76 - - [02/Jul/2021:01:09:57 -0400] "GET /wp-login.php HTTP/1.1" 200 7222 "-" "Mozilla/5.0 (X11; Ubuntu; Linux x86_64; rv:62.0) Gecko/20100101 Firefox/62.0"
83.103.131.76 - - [02/Jul/2021:01:10:05 -0400] "POST /wp-login.php HTTP/1.1" 200 7344 "-" "Mozilla/5.0 (X11; Ubuntu; Linux x86_64; rv:62.0) Gecko/20100101 Firefox/62.0"
83.103.131.76 - - [02/Jul/2021:01:10:13 -0400] "GET /wp-login.php HTTP/1.1" 200 7222 "-" "Mozilla/5.0 (X11; Ubuntu; Linux x86_64; rv:62.0) Gecko/20100101 Firefox/62.0"
83.103.131.76 - - [02/Jul/2021:01:10:16 -0400] "POST /wp-login.php HTTP/1.1" 200 7325 "-" "Mozilla/5.0 (X11; Ubuntu; Linux x86_64; rv:62.0) Gecko/20100101 Firefox/62.0"
83.103.131.76 - - [02/Jul/2021:01:10:18 -0400] "POST /xmlrpc.php HTTP/1.1" 200 4994 "-" "Mozilla/5.0 (X11; Ubuntu; Linux x86_64; rv:62.0) Gecko/20100101 Firefox/62.0"
35.231.1.121 - - [02/Jul/2021:01:16:31 -0400] "GET /robots.txt HTTP/1.0" 404 4990 "-" "ZoominfoBot (zoominfobot at zoominfo dot com)"
35.231.1.121 - - [02/Jul/2021:01:16:31 -0400] "GET /index.php/author/admin/ HTTP/1.0" 200 12886 "-" "ZoominfoBot (zoominfobot at zoominfo dot com)"
35.231.1.121 - - [02/Jul/2021:01:25:47 -0400] "GET /case-studies/ HTTP/1.0" 404 4990 "-" "ZoominfoBot (zoominfobot at zoominfo dot com)"
35.231.1.121 - - [02/Jul/2021:01:27:39 -0400] "GET /xmlrpc.php?rsd HTTP/1.0" 200 5053 "-" "ZoominfoBot (zoominfobot at zoominfo dot com)"
64.90.48.195 - - [02/Jul/2021:01:35:16 -0400] "GET /wp-login.php HTTP/1.1" 200 7222 "-" "Mozilla/5.0 (X11; Ubuntu; Linux x86_64; rv:62.0) Gecko/20100101 Firefox/62.0"
64.90.48.195 - - [02/Jul/2021:01:35:16 -0400] "POST /wp-login.php HTTP/1.1" 200 7344 "-" "Mozilla/5.0 (X11; Ubuntu; Linux x86_64; rv:62.0) Gecko/20100101 Firefox/62.0"
64.90.48.195 - - [02/Jul/2021:01:35:17 -0400] "GET /wp-login.php HTTP/1.1" 200 7222 "-" "Mozilla/5.0 (X11; Ubuntu; Linux x86_64; rv:62.0) Gecko/20100101 Firefox/62.0"
64.90.48.195 - - [02/Jul/2021:01:35:18 -0400] "POST /wp-login.php HTTP/1.1" 200 7346 "-" "Mozilla/5.0 (X11; Ubuntu; Linux x86_64; rv:62.0) Gecko/20100101 Firefox/62.0"
64.90.48.195 - - [02/Jul/2021:01:35:19 -0400] "POST /xmlrpc.php HTTP/1.1" 200 4994 "-" "Mozilla/5.0 (X11; Ubuntu; Linux x86_64; rv:62.0) Gecko/20100101 Firefox/62.0"
35.231.1.121 - - [02/Jul/2021:01:38:58 -0400] "GET /solutions/ HTTP/1.0" 404 4990 "-" "ZoominfoBot (zoominfobot at zoominfo dot com)"
35.231.1.121 - - [02/Jul/2021:01:43:33 -0400] "GET /wp-content/uploads/fusion-gfonts/2sDcZGJYnIjSi6H75xkzaGW5.woff2 HTTP/1.0" 200 25442 "-" "ZoominfoBot (zoominfobot at zoominfo dot com)"
35.231.1.121 - - [02/Jul/2021:01:44:40 -0400] "GET /wp-content/uploads/fusion-icons/avada-business-coach-v2.0/fonts/avada-business-coach.ttf?fuoi4 HTTP/1.0" 200 11030 "-" "ZoominfoBot (zoominfobot at zoominfo dot com)"
121.4.163.148 - - [02/Jul/2021:01:47:20 -0400] "GET / HTTP/1.1" 301 5456 "-" "Mozilla/5.0 (Linux; Android 10; LIO-AN00 Build/HUAWEILIO-AN00; wv) AppleWebKit/537.36 (KHTML, like Gecko) Version/4.0 Chrome/78.0.3904.62 XWEB/2692 MMWEBSDK/200901 Mobile Safari/537.36"
207.46.13.80 - - [02/Jul/2021:01:49:48 -0400] "GET /wp-content/uploads/2020/09/App-Store-Badge.svg HTTP/1.1" 200 14454 "-" "Mozilla/5.0 (compatible; bingbot/2.0; +http://www.bing.com/bingbot.htm)"
35.231.1.121 - - [02/Jul/2021:01:51:22 -0400] "GET /wp-content/themes/Avada/includes/lib/assets/fonts/icomoon/icomoon.woff HTTP/1.0" 200 25729 "-" "ZoominfoBot (zoominfobot at zoominfo dot com)"
157.55.39.83 - - [02/Jul/2021:01:54:54 -0400] "GET / HTTP/1.1" 200 23278 "-" "Mozilla/5.0 (compatible; bingbot/2.0; +http://www.bing.com/bingbot.htm)"
35.231.1.121 - - [02/Jul/2021:02:02:26 -0400] "GET /book-a-consultation/ HTTP/1.0" 404 4990 "-" "ZoominfoBot (zoominfobot at zoominfo dot com)"
50.115.120.245 - - [02/Jul/2021:02:02:29 -0400] "GET /wp-login.php HTTP/1.1" 200 7222 "-" "Mozilla/5.0 (X11; Ubuntu; Linux x86_64; rv:62.0) Gecko/20100101 Firefox/62.0"
50.115.120.245 - - [02/Jul/2021:02:02:29 -0400] "POST /wp-login.php HTTP/1.1" 200 7344 "-" "Mozilla/5.0 (X11; Ubuntu; Linux x86_64; rv:62.0) Gecko/20100101 Firefox/62.0"
50.115.120.245 - - [02/Jul/2021:02:02:30 -0400] "GET /wp-login.php HTTP/1.1" 200 7222 "-" "Mozilla/5.0 (X11; Ubuntu; Linux x86_64; rv:62.0) Gecko/20100101 Firefox/62.0"
50.115.120.245 - - [02/Jul/2021:02:02:31 -0400] "POST /wp-login.php HTTP/1.1" 200 7346 "-" "Mozilla/5.0 (X11; Ubuntu; Linux x86_64; rv:62.0) Gecko/20100101 Firefox/62.0"
50.115.120.245 - - [02/Jul/2021:02:02:32 -0400] "POST /xmlrpc.php HTTP/1.1" 200 4994 "-" "Mozilla/5.0 (X11; Ubuntu; Linux x86_64; rv:62.0) Gecko/20100101 Firefox/62.0"
35.231.1.121 - - [02/Jul/2021:02:05:26 -0400] "GET /wp-content/uploads/fusion-gfonts/pxiEyp8kv8JHgFVrJJfecg.woff2 HTTP/1.0" 200 12700 "-" "ZoominfoBot (zoominfobot at zoominfo dot com)"
204.48.19.85 - - [02/Jul/2021:02:18:19 -0400] "POST /wp-cron.php?doing_wp_cron=1625206699.7202959060668945312500 HTTP/1.1" 200 5422 "https://www.nepadesigns.com/wp-cron.php?doing_wp_cron=1625206699.7202959060668945312500" "WordPress/5.7.2; https://www.nepadesigns.com"
35.231.1.121 - - [02/Jul/2021:02:18:19 -0400] "GET /index.php/comments/feed/ HTTP/1.0" 200 5369 "-" "ZoominfoBot (zoominfobot at zoominfo dot com)"
52.37.218.169 - - [02/Jul/2021:02:23:11 -0400] "GET / HTTP/1.1" 301 5453 "-" "Mozilla/5.0 (X11; Linux x86_64) AppleWebKit/537.36 (KHTML, like Gecko) Chrome/83.0.4103.97 Safari/537.36"
52.37.218.169 - - [02/Jul/2021:02:23:16 -0400] "GET / HTTP/1.1" 200 23649 "-" "Mozilla/5.0 (X11; Linux x86_64) AppleWebKit/537.36 (KHTML, like Gecko) Chrome/83.0.4103.97 Safari/537.36"
34.211.186.73 - - [02/Jul/2021:02:23:40 -0400] "GET /favicon.ico HTTP/1.1" 404 5648 "-" "Mozilla/5.0 (X11; Linux x86_64) AppleWebKit/537.36 (KHTML, like Gecko) Chrome/83.0.4103.97 Safari/537.36"
35.231.1.121 - - [02/Jul/2021:02:26:37 -0400] "GET /index.php/feed/ HTTP/1.0" 200 8794 "-" "ZoominfoBot (zoominfobot at zoominfo dot com)"
198.199.116.205 - - [02/Jul/2021:02:32:20 -0400] "GET /wp-login.php HTTP/1.1" 200 7222 "-" "Mozilla/5.0 (X11; Ubuntu; Linux x86_64; rv:62.0) Gecko/20100101 Firefox/62.0"
198.199.116.205 - - [02/Jul/2021:02:32:21 -0400] "POST /wp-login.php HTTP/1.1" 200 7344 "-" "Mozilla/5.0 (X11; Ubuntu; Linux x86_64; rv:62.0) Gecko/20100101 Firefox/62.0"
198.199.116.205 - - [02/Jul/2021:02:32:22 -0400] "GET /wp-login.php HTTP/1.1" 200 7222 "-" "Mozilla/5.0 (X11; Ubuntu; Linux x86_64; rv:62.0) Gecko/20100101 Firefox/62.0"
198.199.116.205 - - [02/Jul/2021:02:32:23 -0400] "POST /wp-login.php HTTP/1.1" 200 7346 "-" "Mozilla/5.0 (X11; Ubuntu; Linux x86_64; rv:62.0) Gecko/20100101 Firefox/62.0"
198.199.116.205 - - [02/Jul/2021:02:32:24 -0400] "POST /xmlrpc.php HTTP/1.1" 200 4994 "-" "Mozilla/5.0 (X11; Ubuntu; Linux x86_64; rv:62.0) Gecko/20100101 Firefox/62.0"
34.222.241.204 - - [02/Jul/2021:02:40:36 -0400] "GET / HTTP/1.1" 301 5437 "-" "Mozilla/5.0 (X11; Linux x86_64) AppleWebKit/537.36 (KHTML, like Gecko) Chrome/83.0.4103.97 Safari/537.36"
34.222.241.204 - - [02/Jul/2021:02:40:39 -0400] "GET / HTTP/1.1" 200 23649 "-" "Mozilla/5.0 (X11; Linux x86_64) AppleWebKit/537.36 (KHTML, like Gecko) Chrome/83.0.4103.97 Safari/537.36"
54.191.139.6 - - [02/Jul/2021:02:41:13 -0400] "GET /favicon.ico HTTP/1.1" 404 5664 "-" "Mozilla/5.0 (X11; Linux x86_64) AppleWebKit/537.36 (KHTML, like Gecko) Chrome/83.0.4103.97 Safari/537.36"
54.191.139.6 - - [02/Jul/2021:02:41:16 -0400] "GET / HTTP/1.1" 301 5453 "-" "Mozilla/5.0 (X11; Linux x86_64) AppleWebKit/537.36 (KHTML, like Gecko) Chrome/83.0.4103.97 Safari/537.36"
34.209.245.110 - - [02/Jul/2021:02:42:38 -0400] "GET / HTTP/1.1" 301 518 "-" "Mozilla/5.0 (X11; Linux x86_64) AppleWebKit/537.36 (KHTML, like Gecko) Chrome/83.0.4103.97 Safari/537.36"
34.209.245.110 - - [02/Jul/2021:02:42:43 -0400] "GET / HTTP/1.1" 301 5421 "-" "Mozilla/5.0 (X11; Linux x86_64) AppleWebKit/537.36 (KHTML, like Gecko) Chrome/83.0.4103.97 Safari/537.36"
207.244.235.67 - - [02/Jul/2021:02:48:09 -0400] "GET / HTTP/1.1" 200 23276 "https://www.nepadesigns.com" "Mozilla/5.0 (Windows NT 6.1) AppleWebKit/537.36 (KHTML, like Gecko) Chrome/66.0.3355.4 Safari/537.36"
207.244.235.67 - - [02/Jul/2021:02:48:10 -0400] "GET /case-studies/ HTTP/1.1" 404 5267 "https://www.nepadesigns.com" "Mozilla/5.0 (Windows NT 6.1) AppleWebKit/537.36 (KHTML, like Gecko) Chrome/66.0.3355.4 Safari/537.36"
207.244.235.67 - - [02/Jul/2021:02:48:10 -0400] "GET / HTTP/1.1" 200 23276 "https://www.nepadesigns.com" "Mozilla/5.0 (Windows NT 6.1) AppleWebKit/537.36 (KHTML, like Gecko) Chrome/66.0.3355.4 Safari/537.36"
93.189.30.194 - - [02/Jul/2021:03:03:38 -0400] "GET /wp-login.php HTTP/1.1" 200 7222 "-" "Mozilla/5.0 (X11; Ubuntu; Linux x86_64; rv:62.0) Gecko/20100101 Firefox/62.0"
93.189.30.194 - - [02/Jul/2021:03:03:39 -0400] "POST /wp-login.php HTTP/1.1" 200 7344 "-" "Mozilla/5.0 (X11; Ubuntu; Linux x86_64; rv:62.0) Gecko/20100101 Firefox/62.0"
93.189.30.194 - - [02/Jul/2021:03:03:40 -0400] "GET /wp-login.php HTTP/1.1" 200 7222 "-" "Mozilla/5.0 (X11; Ubuntu; Linux x86_64; rv:62.0) Gecko/20100101 Firefox/62.0"
93.189.30.194 - - [02/Jul/2021:03:03:41 -0400] "POST /wp-login.php HTTP/1.1" 200 7346 "-" "Mozilla/5.0 (X11; Ubuntu; Linux x86_64; rv:62.0) Gecko/20100101 Firefox/62.0"
93.189.30.194 - - [02/Jul/2021:03:03:41 -0400] "POST /xmlrpc.php HTTP/1.1" 200 4994 "-" "Mozilla/5.0 (X11; Ubuntu; Linux x86_64; rv:62.0) Gecko/20100101 Firefox/62.0"
66.249.66.48 - - [02/Jul/2021:03:07:48 -0400] "GET /robots.txt HTTP/1.1" 404 5724 "-" "Mozilla/5.0 (compatible; Googlebot/2.1; +http://www.google.com/bot.html)"
204.48.19.85 - - [02/Jul/2021:03:07:48 -0400] "POST /wp-cron.php?doing_wp_cron=1625209668.7319350242614746093750 HTTP/1.1" 200 5422 "https://www.nepadesigns.com/wp-cron.php?doing_wp_cron=1625209668.7319350242614746093750" "WordPress/5.7.2; https://www.nepadesigns.com"
66.249.66.44 - - [02/Jul/2021:03:07:48 -0400] "GET /index.php/case-studies/monochrome-blog/ HTTP/1.1" 404 93502 "-" "Mozilla/5.0 (Linux; Android 6.0.1; Nexus 5X Build/MMB29P) AppleWebKit/537.36 (KHTML, like Gecko) Chrome/91.0.4472.90 Mobile Safari/537.36 (compatible; Googlebot/2.1; +http://www.google.com/bot.html)"
185.247.225.79 - - [02/Jul/2021:03:25:40 -0400] "POST /xmlrpc.php HTTP/1.0" 301 594 "-" "Mozilla/5.0 (Macintosh; Intel Mac OS X 11_2_1) AppleWebKit/537.36 (KHTML, like Gecko) Chrome/88.0.4324.192 Safari/537.36"
204.48.19.85 - - [02/Jul/2021:03:25:42 -0400] "POST /wp-cron.php?doing_wp_cron=1625210742.3389420509338378906250 HTTP/1.1" 200 5422 "https://www.nepadesigns.com/wp-cron.php?doing_wp_cron=1625210742.3389420509338378906250" "WordPress/5.7.2; https://www.nepadesigns.com"
185.247.225.79 - - [02/Jul/2021:03:25:41 -0400] "POST /xmlrpc.php HTTP/1.0" 403 5361 "-" "Mozilla/5.0 (Macintosh; Intel Mac OS X 11_2_1) AppleWebKit/537.36 (KHTML, like Gecko) Chrome/88.0.4324.192 Safari/537.36"
69.64.52.38 - - [02/Jul/2021:03:35:00 -0400] "GET /wp-login.php HTTP/1.1" 200 7222 "-" "Mozilla/5.0 (X11; Ubuntu; Linux x86_64; rv:62.0) Gecko/20100101 Firefox/62.0"
69.64.52.38 - - [02/Jul/2021:03:35:01 -0400] "POST /wp-login.php HTTP/1.1" 200 7344 "-" "Mozilla/5.0 (X11; Ubuntu; Linux x86_64; rv:62.0) Gecko/20100101 Firefox/62.0"
69.64.52.38 - - [02/Jul/2021:03:35:01 -0400] "GET /wp-login.php HTTP/1.1" 200 7222 "-" "Mozilla/5.0 (X11; Ubuntu; Linux x86_64; rv:62.0) Gecko/20100101 Firefox/62.0"
69.64.52.38 - - [02/Jul/2021:03:35:02 -0400] "POST /wp-login.php HTTP/1.1" 200 7325 "-" "Mozilla/5.0 (X11; Ubuntu; Linux x86_64; rv:62.0) Gecko/20100101 Firefox/62.0"
69.64.52.38 - - [02/Jul/2021:03:35:02 -0400] "POST /xmlrpc.php HTTP/1.1" 200 4994 "-" "Mozilla/5.0 (X11; Ubuntu; Linux x86_64; rv:62.0) Gecko/20100101 Firefox/62.0"
69.163.152.113 - - [02/Jul/2021:03:46:29 -0400] "GET /wp-admin/network/network.php HTTP/1.1" 301 574 "http://simplesite.com" "Mozilla/5.0 (Windows; U; Windows NT 5.1; en-US) AppleWebKit/533.4 (KHTML, like Gecko) Chrome/5.0.375.99 Safari/533.4"
69.163.152.113 - - [02/Jul/2021:03:46:29 -0400] "GET /wp-admin/network/network.php HTTP/1.1" 404 5679 "http://nepadesigns.com/wp-admin/network/network.php" "Mozilla/5.0 (Windows; U; Windows NT 5.1; en-US) AppleWebKit/533.4 (KHTML, like Gecko) Chrome/5.0.375.99 Safari/533.4"
204.48.19.85 - - [02/Jul/2021:04:08:06 -0400] "POST /wp-cron.php?doing_wp_cron=1625213286.1944179534912109375000 HTTP/1.1" 200 5422 "https://www.nepadesigns.com/wp-cron.php?doing_wp_cron=1625213286.1944179534912109375000" "WordPress/5.7.2; https://www.nepadesigns.com"
208.113.155.2 - - [02/Jul/2021:04:08:05 -0400] "GET /wp-login.php HTTP/1.1" 200 7222 "-" "Mozilla/5.0 (X11; Ubuntu; Linux x86_64; rv:62.0) Gecko/20100101 Firefox/62.0"
208.113.155.2 - - [02/Jul/2021:04:08:06 -0400] "POST /wp-login.php HTTP/1.1" 200 7344 "-" "Mozilla/5.0 (X11; Ubuntu; Linux x86_64; rv:62.0) Gecko/20100101 Firefox/62.0"
208.113.155.2 - - [02/Jul/2021:04:08:06 -0400] "GET /wp-login.php HTTP/1.1" 200 7222 "-" "Mozilla/5.0 (X11; Ubuntu; Linux x86_64; rv:62.0) Gecko/20100101 Firefox/62.0"
208.113.155.2 - - [02/Jul/2021:04:08:07 -0400] "POST /wp-login.php HTTP/1.1" 200 7325 "-" "Mozilla/5.0 (X11; Ubuntu; Linux x86_64; rv:62.0) Gecko/20100101 Firefox/62.0"
208.113.155.2 - - [02/Jul/2021:04:08:07 -0400] "POST /xmlrpc.php HTTP/1.1" 200 4994 "-" "Mozilla/5.0 (X11; Ubuntu; Linux x86_64; rv:62.0) Gecko/20100101 Firefox/62.0"
204.48.19.85 - - [02/Jul/2021:04:43:21 -0400] "POST /wp-cron.php?doing_wp_cron=1625215401.3834090232849121093750 HTTP/1.1" 200 5406 "https://www.nepadesigns.com/wp-cron.php?doing_wp_cron=1625215401.3834090232849121093750" "WordPress/5.7.2; https://www.nepadesigns.com"
165.22.147.65 - - [02/Jul/2021:04:43:21 -0400] "GET /wp-login.php HTTP/1.1" 200 7222 "-" "Mozilla/5.0 (X11; Ubuntu; Linux x86_64; rv:62.0) Gecko/20100101 Firefox/62.0"
165.22.147.65 - - [02/Jul/2021:04:43:22 -0400] "POST /wp-login.php HTTP/1.1" 200 7344 "-" "Mozilla/5.0 (X11; Ubuntu; Linux x86_64; rv:62.0) Gecko/20100101 Firefox/62.0"
165.22.147.65 - - [02/Jul/2021:04:43:22 -0400] "GET /wp-login.php HTTP/1.1" 200 7222 "-" "Mozilla/5.0 (X11; Ubuntu; Linux x86_64; rv:62.0) Gecko/20100101 Firefox/62.0"
165.22.147.65 - - [02/Jul/2021:04:43:28 -0400] "POST /wp-login.php HTTP/1.1" 200 7325 "-" "Mozilla/5.0 (X11; Ubuntu; Linux x86_64; rv:62.0) Gecko/20100101 Firefox/62.0"
165.22.147.65 - - [02/Jul/2021:04:43:28 -0400] "POST /xmlrpc.php HTTP/1.1" 200 4994 "-" "Mozilla/5.0 (X11; Ubuntu; Linux x86_64; rv:62.0) Gecko/20100101 Firefox/62.0"
35.229.113.181 - - [02/Jul/2021:04:43:38 -0400] "GET /robots.txt HTTP/1.0" 404 4990 "-" "ZoominfoBot (zoominfobot at zoominfo dot com)"
35.229.113.181 - - [02/Jul/2021:04:43:38 -0400] "GET /index.php/author/admin/ HTTP/1.0" 200 12886 "-" "ZoominfoBot (zoominfobot at zoominfo dot com)"
35.229.113.181 - - [02/Jul/2021:04:51:20 -0400] "GET /case-studies/ HTTP/1.0" 404 4990 "-" "ZoominfoBot (zoominfobot at zoominfo dot com)"
35.229.113.181 - - [02/Jul/2021:04:52:54 -0400] "GET /xmlrpc.php?rsd HTTP/1.0" 200 5053 "-" "ZoominfoBot (zoominfobot at zoominfo dot com)"
23.228.109.147 - - [02/Jul/2021:04:54:47 -0400] "GET /components/com_jbusinessdirectory/assets/uploadFile.php HTTP/1.1" 301 647 "http://www.google.com/" "Mozilla/5.0 (Windows NT 6.1; Win64; x64) AppleWebKit/537.36 (KHTML, like Gecko) Chrome/56.0.2896.3 Safari/537.36"
23.228.109.147 - - [02/Jul/2021:04:54:47 -0400] "GET /components/com_jbusinessdirectory/assets/uploadFile.php HTTP/1.1" 404 5197 "http://www.google.com/" "Mozilla/5.0 (Windows NT 6.1; Win64; x64) AppleWebKit/537.36 (KHTML, like Gecko) Chrome/56.0.2896.3 Safari/537.36"
35.229.113.181 - - [02/Jul/2021:05:02:07 -0400] "GET /solutions/ HTTP/1.0" 404 4990 "-" "ZoominfoBot (zoominfobot at zoominfo dot com)"
35.229.113.181 - - [02/Jul/2021:05:05:55 -0400] "GET /wp-content/uploads/fusion-gfonts/2sDcZGJYnIjSi6H75xkzaGW5.woff2 HTTP/1.0" 200 25442 "-" "ZoominfoBot (zoominfobot at zoominfo dot com)"
35.229.113.181 - - [02/Jul/2021:05:06:48 -0400] "GET /wp-content/uploads/fusion-icons/avada-business-coach-v2.0/fonts/avada-business-coach.ttf?fuoi4 HTTP/1.0" 200 11030 "-" "ZoominfoBot (zoominfobot at zoominfo dot com)"
204.48.19.85 - - [02/Jul/2021:05:08:29 -0400] "POST /wp-cron.php?doing_wp_cron=1625216909.0698199272155761718750 HTTP/1.1" 200 5422 "https://www.nepadesigns.com/wp-cron.php?doing_wp_cron=1625216909.0698199272155761718750" "WordPress/5.7.2; https://www.nepadesigns.com"
20.93.10.171 - - [02/Jul/2021:05:08:28 -0400] "GET /wp-login.php HTTP/1.1" 200 7222 "-" "Mozilla/5.0 (X11; Ubuntu; Linux x86_64; rv:62.0) Gecko/20100101 Firefox/62.0"
20.93.10.171 - - [02/Jul/2021:05:08:33 -0400] "POST /wp-login.php HTTP/1.1" 200 7344 "-" "Mozilla/5.0 (X11; Ubuntu; Linux x86_64; rv:62.0) Gecko/20100101 Firefox/62.0"
20.93.10.171 - - [02/Jul/2021:05:08:35 -0400] "GET /wp-login.php HTTP/1.1" 200 7222 "-" "Mozilla/5.0 (X11; Ubuntu; Linux x86_64; rv:62.0) Gecko/20100101 Firefox/62.0"
20.93.10.171 - - [02/Jul/2021:05:08:37 -0400] "POST /wp-login.php HTTP/1.1" 200 7325 "-" "Mozilla/5.0 (X11; Ubuntu; Linux x86_64; rv:62.0) Gecko/20100101 Firefox/62.0"
20.93.10.171 - - [02/Jul/2021:05:08:41 -0400] "POST /xmlrpc.php HTTP/1.1" 200 4994 "-" "Mozilla/5.0 (X11; Ubuntu; Linux x86_64; rv:62.0) Gecko/20100101 Firefox/62.0"
35.229.113.181 - - [02/Jul/2021:05:12:25 -0400] "GET /wp-content/themes/Avada/includes/lib/assets/fonts/icomoon/icomoon.woff HTTP/1.0" 200 25729 "-" "ZoominfoBot (zoominfobot at zoominfo dot com)"
35.229.113.181 - - [02/Jul/2021:05:21:18 -0400] "GET /book-a-consultation/ HTTP/1.0" 404 4990 "-" "ZoominfoBot (zoominfobot at zoominfo dot com)"
35.229.113.181 - - [02/Jul/2021:05:23:43 -0400] "GET /wp-content/uploads/fusion-gfonts/pxiEyp8kv8JHgFVrJJfecg.woff2 HTTP/1.0" 200 12700 "-" "ZoominfoBot (zoominfobot at zoominfo dot com)"
204.48.19.85 - - [02/Jul/2021:05:27:56 -0400] "POST /wp-cron.php?doing_wp_cron=1625218076.5197000503540039062500 HTTP/1.1" 200 5422 "https://www.nepadesigns.com/wp-cron.php?doing_wp_cron=1625218076.5197000503540039062500" "WordPress/5.7.2; https://www.nepadesigns.com"
208.97.177.228 - - [02/Jul/2021:05:27:56 -0400] "GET /wp-login.php HTTP/1.1" 200 7222 "-" "Mozilla/5.0 (X11; Ubuntu; Linux x86_64; rv:62.0) Gecko/20100101 Firefox/62.0"
208.97.177.228 - - [02/Jul/2021:05:27:56 -0400] "POST /wp-login.php HTTP/1.1" 200 7344 "-" "Mozilla/5.0 (X11; Ubuntu; Linux x86_64; rv:62.0) Gecko/20100101 Firefox/62.0"
208.97.177.228 - - [02/Jul/2021:05:27:57 -0400] "GET /wp-login.php HTTP/1.1" 200 7222 "-" "Mozilla/5.0 (X11; Ubuntu; Linux x86_64; rv:62.0) Gecko/20100101 Firefox/62.0"
208.97.177.228 - - [02/Jul/2021:05:27:57 -0400] "POST /wp-login.php HTTP/1.1" 200 7325 "-" "Mozilla/5.0 (X11; Ubuntu; Linux x86_64; rv:62.0) Gecko/20100101 Firefox/62.0"
208.97.177.228 - - [02/Jul/2021:05:27:57 -0400] "POST /xmlrpc.php HTTP/1.1" 200 4994 "-" "Mozilla/5.0 (X11; Ubuntu; Linux x86_64; rv:62.0) Gecko/20100101 Firefox/62.0"
207.46.13.78 - - [02/Jul/2021:05:45:41 -0400] "GET /index.php/portfolio-items/bub-co-logo/?portfolioCats=48 HTTP/1.1" 404 93136 "-" "Mozilla/5.0 (compatible; bingbot/2.0; +http://www.bing.com/bingbot.htm)"
132.148.68.80 - - [02/Jul/2021:05:51:25 -0400] "GET /wp-login.php HTTP/1.1" 200 7222 "-" "Mozilla/5.0 (X11; Ubuntu; Linux x86_64; rv:62.0) Gecko/20100101 Firefox/62.0"
132.148.68.80 - - [02/Jul/2021:05:51:25 -0400] "POST /wp-login.php HTTP/1.1" 200 7344 "-" "Mozilla/5.0 (X11; Ubuntu; Linux x86_64; rv:62.0) Gecko/20100101 Firefox/62.0"
132.148.68.80 - - [02/Jul/2021:05:51:26 -0400] "GET /wp-login.php HTTP/1.1" 200 7222 "-" "Mozilla/5.0 (X11; Ubuntu; Linux x86_64; rv:62.0) Gecko/20100101 Firefox/62.0"
132.148.68.80 - - [02/Jul/2021:05:51:32 -0400] "POST /wp-login.php HTTP/1.1" 200 7325 "-" "Mozilla/5.0 (X11; Ubuntu; Linux x86_64; rv:62.0) Gecko/20100101 Firefox/62.0"
132.148.68.80 - - [02/Jul/2021:05:51:32 -0400] "POST /xmlrpc.php HTTP/1.1" 200 4994 "-" "Mozilla/5.0 (X11; Ubuntu; Linux x86_64; rv:62.0) Gecko/20100101 Firefox/62.0"
34.73.249.146 - - [02/Jul/2021:06:01:45 -0400] "GET /robots.txt HTTP/1.0" 404 4990 "-" "ZoominfoBot (zoominfobot at zoominfo dot com)"
34.73.249.146 - - [02/Jul/2021:06:01:45 -0400] "GET /index.php/author/admin/ HTTP/1.0" 200 12886 "-" "ZoominfoBot (zoominfobot at zoominfo dot com)"
212.83.147.15 - - [02/Jul/2021:06:03:30 -0400] "GET /admin.php?daksldlkdsadas=1 HTTP/1.1" 301 589 "nepadesigns.com" "Mozilla/5.0 (Windows NT 6.1; WOW64) AppleWebKit/537.36 (KHTML, like Gecko) Chrome/50.0.2661.75 Safari/537.36"
212.83.147.15 - - [02/Jul/2021:06:03:31 -0400] "GET /admin.php?daksldlkdsadas=1 HTTP/1.1" 404 5181 "nepadesigns.com" "Mozilla/5.0 (Windows NT 6.1; WOW64) AppleWebKit/537.36 (KHTML, like Gecko) Chrome/50.0.2661.75 Safari/537.36"
212.83.147.15 - - [02/Jul/2021:06:03:49 -0400] "GET /old-index.php?daksldlkdsadas=1 HTTP/1.1" 301 597 "nepadesigns.com" "Mozilla/5.0 (Windows NT 6.1; WOW64) AppleWebKit/537.36 (KHTML, like Gecko) Chrome/50.0.2661.75 Safari/537.36"
212.83.147.15 - - [02/Jul/2021:06:03:50 -0400] "GET /old-index.php?daksldlkdsadas=1 HTTP/1.1" 404 5181 "nepadesigns.com" "Mozilla/5.0 (Windows NT 6.1; WOW64) AppleWebKit/537.36 (KHTML, like Gecko) Chrome/50.0.2661.75 Safari/537.36"
212.83.147.15 - - [02/Jul/2021:06:04:31 -0400] "GET /wp-load.php?daksldlkdsadas=1 HTTP/1.1" 301 593 "nepadesigns.com" "Mozilla/5.0 (Windows NT 6.1; WOW64) AppleWebKit/537.36 (KHTML, like Gecko) Chrome/50.0.2661.75 Safari/537.36"
212.83.147.15 - - [02/Jul/2021:06:04:31 -0400] "GET /wp-load.php?daksldlkdsadas=1 HTTP/1.1" 200 4889 "nepadesigns.com" "Mozilla/5.0 (Windows NT 6.1; WOW64) AppleWebKit/537.36 (KHTML, like Gecko) Chrome/50.0.2661.75 Safari/537.36"
5.39.84.56 - - [02/Jul/2021:06:05:15 -0400] "POST /wp-stream.php HTTP/1.1" 301 563 "nepadesigns.com" "Mozilla/5.1 (Windows NT 6.0; WOW64) AppleWebKit/533.36 (KHTML, like Gecko) Chrome/46.0.2754.75 Safari/533.36"
5.39.84.56 - - [02/Jul/2021:06:05:15 -0400] "GET /wp-stream.php HTTP/1.1" 404 5226 "nepadesigns.com" "Mozilla/5.1 (Windows NT 6.0; WOW64) AppleWebKit/533.36 (KHTML, like Gecko) Chrome/46.0.2754.75 Safari/533.36"
5.39.84.56 - - [02/Jul/2021:06:05:30 -0400] "POST /wp-content/uploads/wp-logout.php HTTP/1.1" 301 601 "nepadesigns.com" "Mozilla/5.1 (Windows NT 6.0; WOW64) AppleWebKit/533.36 (KHTML, like Gecko) Chrome/46.0.2754.75 Safari/533.36"
5.39.84.56 - - [02/Jul/2021:06:05:31 -0400] "GET /wp-content/uploads/wp-logout.php HTTP/1.1" 404 5226 "nepadesigns.com" "Mozilla/5.1 (Windows NT 6.0; WOW64) AppleWebKit/533.36 (KHTML, like Gecko) Chrome/46.0.2754.75 Safari/533.36"
34.73.249.146 - - [02/Jul/2021:06:10:58 -0400] "GET /case-studies/ HTTP/1.0" 404 4990 "-" "ZoominfoBot (zoominfobot at zoominfo dot com)"
204.48.19.85 - - [02/Jul/2021:06:11:00 -0400] "POST /wp-cron.php?doing_wp_cron=1625220660.8143639564514160156250 HTTP/1.1" 200 5406 "https://www.nepadesigns.com/wp-cron.php?doing_wp_cron=1625220660.8143639564514160156250" "WordPress/5.7.2; https://www.nepadesigns.com"
91.194.91.202 - - [02/Jul/2021:06:11:00 -0400] "GET /wp-login.php HTTP/1.1" 200 7222 "-" "Mozilla/5.0 (X11; Ubuntu; Linux x86_64; rv:62.0) Gecko/20100101 Firefox/62.0"
91.194.91.202 - - [02/Jul/2021:06:11:01 -0400] "POST /wp-login.php HTTP/1.1" 200 7344 "-" "Mozilla/5.0 (X11; Ubuntu; Linux x86_64; rv:62.0) Gecko/20100101 Firefox/62.0"
91.194.91.202 - - [02/Jul/2021:06:11:02 -0400] "GET /wp-login.php HTTP/1.1" 200 7222 "-" "Mozilla/5.0 (X11; Ubuntu; Linux x86_64; rv:62.0) Gecko/20100101 Firefox/62.0"
91.194.91.202 - - [02/Jul/2021:06:11:02 -0400] "POST /wp-login.php HTTP/1.1" 200 7325 "-" "Mozilla/5.0 (X11; Ubuntu; Linux x86_64; rv:62.0) Gecko/20100101 Firefox/62.0"
91.194.91.202 - - [02/Jul/2021:06:11:03 -0400] "POST /xmlrpc.php HTTP/1.1" 200 4994 "-" "Mozilla/5.0 (X11; Ubuntu; Linux x86_64; rv:62.0) Gecko/20100101 Firefox/62.0"
211.233.33.230 - - [02/Jul/2021:06:12:37 -0400] "GET /style.php?sig=rename&rename=1source_name=2 HTTP/1.1" 301 625 "nepadesigns.com" "Mozilla/5.0 (Windows NT 6.1; WOW64) AppleWebKit/537.36 (KHTML, like Gecko) Chrome/50.0.2661.75 Safari/537.36"
211.233.33.230 - - [02/Jul/2021:06:12:38 -0400] "GET /style.php?sig=rename&rename=1source_name=2 HTTP/1.1" 404 5197 "nepadesigns.com" "Mozilla/5.0 (Windows NT 6.1; WOW64) AppleWebKit/537.36 (KHTML, like Gecko) Chrome/50.0.2661.75 Safari/537.36"
34.73.249.146 - - [02/Jul/2021:06:12:46 -0400] "GET /xmlrpc.php?rsd HTTP/1.0" 200 5053 "-" "ZoominfoBot (zoominfobot at zoominfo dot com)"
34.73.249.146 - - [02/Jul/2021:06:24:12 -0400] "GET /solutions/ HTTP/1.0" 404 4990 "-" "ZoominfoBot (zoominfobot at zoominfo dot com)"
34.73.249.146 - - [02/Jul/2021:06:28:49 -0400] "GET /wp-content/uploads/fusion-gfonts/2sDcZGJYnIjSi6H75xkzaGW5.woff2 HTTP/1.0" 200 25442 "-" "ZoominfoBot (zoominfobot at zoominfo dot com)"
34.73.249.146 - - [02/Jul/2021:06:29:57 -0400] "GET /wp-content/uploads/fusion-icons/avada-business-coach-v2.0/fonts/avada-business-coach.ttf?fuoi4 HTTP/1.0" 200 11030 "-" "ZoominfoBot (zoominfobot at zoominfo dot com)"
69.163.146.251 - - [02/Jul/2021:06:32:40 -0400] "GET /wp-login.php HTTP/1.1" 200 7222 "-" "Mozilla/5.0 (X11; Ubuntu; Linux x86_64; rv:62.0) Gecko/20100101 Firefox/62.0"
69.163.146.251 - - [02/Jul/2021:06:32:40 -0400] "POST /wp-login.php HTTP/1.1" 200 7344 "-" "Mozilla/5.0 (X11; Ubuntu; Linux x86_64; rv:62.0) Gecko/20100101 Firefox/62.0"
69.163.146.251 - - [02/Jul/2021:06:32:41 -0400] "GET /wp-login.php HTTP/1.1" 200 7222 "-" "Mozilla/5.0 (X11; Ubuntu; Linux x86_64; rv:62.0) Gecko/20100101 Firefox/62.0"
69.163.146.251 - - [02/Jul/2021:06:32:41 -0400] "POST /wp-login.php HTTP/1.1" 200 7325 "-" "Mozilla/5.0 (X11; Ubuntu; Linux x86_64; rv:62.0) Gecko/20100101 Firefox/62.0"
69.163.146.251 - - [02/Jul/2021:06:32:42 -0400] "POST /xmlrpc.php HTTP/1.1" 200 4994 "-" "Mozilla/5.0 (X11; Ubuntu; Linux x86_64; rv:62.0) Gecko/20100101 Firefox/62.0"
34.73.249.146 - - [02/Jul/2021:06:36:52 -0400] "GET /wp-content/themes/Avada/includes/lib/assets/fonts/icomoon/icomoon.woff HTTP/1.0" 200 25729 "-" "ZoominfoBot (zoominfobot at zoominfo dot com)"
34.73.249.146 - - [02/Jul/2021:06:47:18 -0400] "GET /book-a-consultation/ HTTP/1.0" 404 4990 "-" "ZoominfoBot (zoominfobot at zoominfo dot com)"
34.73.249.146 - - [02/Jul/2021:06:49:57 -0400] "GET /wp-content/uploads/fusion-gfonts/pxiEyp8kv8JHgFVrJJfecg.woff2 HTTP/1.0" 200 12700 "-" "ZoominfoBot (zoominfobot at zoominfo dot com)"
166.62.86.117 - - [02/Jul/2021:06:55:40 -0400] "GET /wp-login.php HTTP/1.1" 200 7222 "-" "Mozilla/5.0 (X11; Ubuntu; Linux x86_64; rv:62.0) Gecko/20100101 Firefox/62.0"
166.62.86.117 - - [02/Jul/2021:06:55:41 -0400] "POST /wp-login.php HTTP/1.1" 200 7344 "-" "Mozilla/5.0 (X11; Ubuntu; Linux x86_64; rv:62.0) Gecko/20100101 Firefox/62.0"
166.62.86.117 - - [02/Jul/2021:06:55:41 -0400] "GET /wp-login.php HTTP/1.1" 200 7222 "-" "Mozilla/5.0 (X11; Ubuntu; Linux x86_64; rv:62.0) Gecko/20100101 Firefox/62.0"
166.62.86.117 - - [02/Jul/2021:06:55:42 -0400] "POST /wp-login.php HTTP/1.1" 200 7325 "-" "Mozilla/5.0 (X11; Ubuntu; Linux x86_64; rv:62.0) Gecko/20100101 Firefox/62.0"
166.62.86.117 - - [02/Jul/2021:06:55:43 -0400] "POST /xmlrpc.php HTTP/1.1" 200 4994 "-" "Mozilla/5.0 (X11; Ubuntu; Linux x86_64; rv:62.0) Gecko/20100101 Firefox/62.0"
34.73.249.146 - - [02/Jul/2021:07:02:43 -0400] "GET /index.php/comments/feed/ HTTP/1.0" 200 5369 "-" "ZoominfoBot (zoominfobot at zoominfo dot com)"
204.48.19.85 - - [02/Jul/2021:07:11:21 -0400] "POST /wp-cron.php?doing_wp_cron=1625224281.3047080039978027343750 HTTP/1.1" 200 5438 "https://www.nepadesigns.com/wp-cron.php?doing_wp_cron=1625224281.3047080039978027343750" "WordPress/5.7.2; https://www.nepadesigns.com"
34.73.249.146 - - [02/Jul/2021:07:11:21 -0400] "GET /index.php/feed/ HTTP/1.0" 200 8794 "-" "ZoominfoBot (zoominfobot at zoominfo dot com)"
157.55.39.21 - - [02/Jul/2021:07:17:14 -0400] "GET /wp-content/uploads/2020/05/tennoskoom_logo.png HTTP/1.1" 200 30052 "-" "Mozilla/5.0 (compatible; bingbot/2.0; +http://www.bing.com/bingbot.htm)"
211.243.86.210 - - [02/Jul/2021:07:18:13 -0400] "GET /wp-login.php HTTP/1.1" 200 7222 "-" "Mozilla/5.0 (X11; Ubuntu; Linux x86_64; rv:62.0) Gecko/20100101 Firefox/62.0"
211.243.86.210 - - [02/Jul/2021:07:18:14 -0400] "POST /wp-login.php HTTP/1.1" 200 7344 "-" "Mozilla/5.0 (X11; Ubuntu; Linux x86_64; rv:62.0) Gecko/20100101 Firefox/62.0"
211.243.86.210 - - [02/Jul/2021:07:18:16 -0400] "GET /wp-login.php HTTP/1.1" 200 7222 "-" "Mozilla/5.0 (X11; Ubuntu; Linux x86_64; rv:62.0) Gecko/20100101 Firefox/62.0"
211.243.86.210 - - [02/Jul/2021:07:18:17 -0400] "POST /wp-login.php HTTP/1.1" 200 7325 "-" "Mozilla/5.0 (X11; Ubuntu; Linux x86_64; rv:62.0) Gecko/20100101 Firefox/62.0"
211.243.86.210 - - [02/Jul/2021:07:18:18 -0400] "POST /xmlrpc.php HTTP/1.1" 200 4994 "-" "Mozilla/5.0 (X11; Ubuntu; Linux x86_64; rv:62.0) Gecko/20100101 Firefox/62.0"
157.55.39.83 - - [02/Jul/2021:07:27:24 -0400] "GET /wp-content/uploads/2020/05/DankWarfareMemes_logo.png HTTP/1.1" 200 230749 "-" "Mozilla/5.0 (compatible; bingbot/2.0; +http://www.bing.com/bingbot.htm)"
159.89.186.48 - - [02/Jul/2021:07:37:02 -0400] "GET / HTTP/1.0" 301 549 "-" "Mozilla/5.0 (compatible; NetcraftSurveyAgent/1.0; +info@netcraft.com)"
159.89.186.48 - - [02/Jul/2021:07:37:06 -0400] "GET / HTTP/1.0" 200 182070 "-" "Mozilla/5.0 (compatible; NetcraftSurveyAgent/1.0; +info@netcraft.com)"
158.222.11.19 - - [02/Jul/2021:07:41:01 -0400] "GET / HTTP/1.0" 301 537 "-" "Mozilla/5.0 (Windows NT 6.3; Win64; x64) AppleWebKit/537.36 (KHTML, like Gecko) Chrome/67.0.3396.87 Safari/537.36"
158.222.11.19 - - [02/Jul/2021:07:41:04 -0400] "GET / HTTP/1.0" 301 5015 "http://nepadesigns.com" "Mozilla/5.0 (Windows NT 6.3; Win64; x64) AppleWebKit/537.36 (KHTML, like Gecko) Chrome/67.0.3396.87 Safari/537.36"
158.222.11.19 - - [02/Jul/2021:07:41:10 -0400] "GET / HTTP/1.0" 200 23239 "https://nepadesigns.com/" "Mozilla/5.0 (Windows NT 6.3; Win64; x64) AppleWebKit/537.36 (KHTML, like Gecko) Chrome/67.0.3396.87 Safari/537.36"
191.102.153.181 - - [02/Jul/2021:07:41:18 -0400] "GET /index.php/wp-json/oembed/1.0/embed?url=https%3A%2F%2Fwww.nepadesigns.com%2F& HTTP/1.0" 200 7718 "http://nepadesigns.com" "Mozilla/5.0 (Windows NT 6.3; Win64; x64) AppleWebKit/537.36 (KHTML, like Gecko) Chrome/67.0.3396.87 Safari/537.36"
191.102.153.181 - - [02/Jul/2021:07:41:23 -0400] "GET /index.php/wp-json/oembed/1.0/embed?url=https%3A%2F%2Fwww.nepadesigns.com%2F HTTP/1.0" 200 7718 "http://nepadesigns.com" "Mozilla/5.0 (Windows NT 6.3; Win64; x64) AppleWebKit/537.36 (KHTML, like Gecko) Chrome/67.0.3396.87 Safari/537.36"
191.102.153.181 - - [02/Jul/2021:07:41:28 -0400] "GET /wp-content/uploads/2020/09/App-Store-Badge.svg HTTP/1.0" 200 14415 "http://nepadesigns.com" "Mozilla/5.0 (Windows NT 6.3; Win64; x64) AppleWebKit/537.36 (KHTML, like Gecko) Chrome/67.0.3396.87 Safari/537.36"
191.102.153.181 - - [02/Jul/2021:07:41:33 -0400] "GET /wp-content/uploads/2020/09/Google-Play-Badge.svg HTTP/1.0" 200 16047 "http://nepadesigns.com" "Mozilla/5.0 (Windows NT 6.3; Win64; x64) AppleWebKit/537.36 (KHTML, like Gecko) Chrome/67.0.3396.87 Safari/537.36"
191.102.153.181 - - [02/Jul/2021:07:41:39 -0400] "GET /wp-content/themes/Avada/includes/lib/assets/fonts/icomoon/icomoon.woff HTTP/1.0" 200 25985 "http://nepadesigns.com" "Mozilla/5.0 (Windows NT 6.3; Win64; x64) AppleWebKit/537.36 (KHTML, like Gecko) Chrome/67.0.3396.87 Safari/537.36"
191.102.153.181 - - [02/Jul/2021:07:41:47 -0400] "GET /wp-admin/admin-ajax.php HTTP/1.0" 400 5060 "http://nepadesigns.com" "Mozilla/5.0 (Windows NT 6.3; Win64; x64) AppleWebKit/537.36 (KHTML, like Gecko) Chrome/67.0.3396.87 Safari/537.36"
191.102.153.181 - - [02/Jul/2021:07:41:52 -0400] "GET /wp-content/uploads/2020/09/homepage-hero-final-1.svg HTTP/1.0" 200 7689 "http://nepadesigns.com" "Mozilla/5.0 (Windows NT 6.3; Win64; x64) AppleWebKit/537.36 (KHTML, like Gecko) Chrome/67.0.3396.87 Safari/537.36"
191.102.153.181 - - [02/Jul/2021:07:41:57 -0400] "GET /wp-content/uploads/fusion-icons/avada-business-coach-v2.0/fonts/avada-business-coach.ttf?fuoi4 HTTP/1.0" 200 11278 "http://nepadesigns.com" "Mozilla/5.0 (Windows NT 6.3; Win64; x64) AppleWebKit/537.36 (KHTML, like Gecko) Chrome/67.0.3396.87 Safari/537.36"
191.102.153.181 - - [02/Jul/2021:07:42:03 -0400] "GET /wp-includes/wlwmanifest.xml HTTP/1.0" 200 5534 "http://nepadesigns.com" "Mozilla/5.0 (Windows NT 6.3; Win64; x64) AppleWebKit/537.36 (KHTML, like Gecko) Chrome/67.0.3396.87 Safari/537.36"
35.224.216.78 - - [02/Jul/2021:07:42:49 -0400] "GET /wp-login.php HTTP/1.1" 200 7222 "-" "Mozilla/5.0 (X11; Ubuntu; Linux x86_64; rv:62.0) Gecko/20100101 Firefox/62.0"
35.224.216.78 - - [02/Jul/2021:07:42:49 -0400] "POST /wp-login.php HTTP/1.1" 200 7344 "-" "Mozilla/5.0 (X11; Ubuntu; Linux x86_64; rv:62.0) Gecko/20100101 Firefox/62.0"
35.224.216.78 - - [02/Jul/2021:07:42:50 -0400] "GET /wp-login.php HTTP/1.1" 200 7222 "-" "Mozilla/5.0 (X11; Ubuntu; Linux x86_64; rv:62.0) Gecko/20100101 Firefox/62.0"
35.224.216.78 - - [02/Jul/2021:07:42:50 -0400] "POST /wp-login.php HTTP/1.1" 200 7325 "-" "Mozilla/5.0 (X11; Ubuntu; Linux x86_64; rv:62.0) Gecko/20100101 Firefox/62.0"
35.224.216.78 - - [02/Jul/2021:07:42:50 -0400] "POST /xmlrpc.php HTTP/1.1" 200 4994 "-" "Mozilla/5.0 (X11; Ubuntu; Linux x86_64; rv:62.0) Gecko/20100101 Firefox/62.0"
207.46.13.109 - - [02/Jul/2021:08:01:19 -0400] "GET /index.php/portfolio-items/tenno-skoom-warframe-podcast/ HTTP/1.1" 404 93136 "-" "Mozilla/5.0 (compatible; bingbot/2.0; +http://www.bing.com/bingbot.htm)"
204.48.19.85 - - [02/Jul/2021:08:08:21 -0400] "POST /wp-cron.php?doing_wp_cron=1625227701.0227580070495605468750 HTTP/1.1" 200 5406 "https://www.nepadesigns.com/wp-cron.php?doing_wp_cron=1625227701.0227580070495605468750" "WordPress/5.7.2; https://www.nepadesigns.com"
91.238.162.176 - - [02/Jul/2021:08:08:20 -0400] "GET /wp-login.php HTTP/1.1" 200 7222 "-" "Mozilla/5.0 (X11; Ubuntu; Linux x86_64; rv:62.0) Gecko/20100101 Firefox/62.0"
91.238.162.176 - - [02/Jul/2021:08:08:21 -0400] "POST /wp-login.php HTTP/1.1" 200 7343 "-" "Mozilla/5.0 (X11; Ubuntu; Linux x86_64; rv:62.0) Gecko/20100101 Firefox/62.0"
91.238.162.176 - - [02/Jul/2021:08:08:22 -0400] "GET /wp-login.php HTTP/1.1" 200 7222 "-" "Mozilla/5.0 (X11; Ubuntu; Linux x86_64; rv:62.0) Gecko/20100101 Firefox/62.0"
91.238.162.176 - - [02/Jul/2021:08:08:23 -0400] "POST /wp-login.php HTTP/1.1" 200 7324 "-" "Mozilla/5.0 (X11; Ubuntu; Linux x86_64; rv:62.0) Gecko/20100101 Firefox/62.0"
91.238.162.176 - - [02/Jul/2021:08:08:24 -0400] "POST /xmlrpc.php HTTP/1.1" 200 4994 "-" "Mozilla/5.0 (X11; Ubuntu; Linux x86_64; rv:62.0) Gecko/20100101 Firefox/62.0"
193.169.255.204 - - [02/Jul/2021:08:19:31 -0400] "GET / HTTP/1.1" 301 574 "-" "Mozilla/5.0 (Windows NT 10.0; Win64; x64) AppleWebKit/537.36 (KHTML, like Gecko) Chrome/89.0.4389.114 Safari/537.36"
204.48.19.85 - - [02/Jul/2021:08:19:32 -0400] "POST /wp-cron.php?doing_wp_cron=1625228372.3591139316558837890625 HTTP/1.1" 200 5438 "https://www.nepadesigns.com/wp-cron.php?doing_wp_cron=1625228372.3591139316558837890625" "WordPress/5.7.2; https://www.nepadesigns.com"
193.169.255.204 - - [02/Jul/2021:08:19:32 -0400] "GET / HTTP/1.1" 301 5052 "-" "Mozilla/5.0 (Windows NT 10.0; Win64; x64) AppleWebKit/537.36 (KHTML, like Gecko) Chrome/89.0.4389.114 Safari/537.36"
193.169.255.204 - - [02/Jul/2021:08:19:33 -0400] "GET //wp-includes/wlwmanifest.xml HTTP/1.1" 200 6128 "-" "Mozilla/5.0 (Windows NT 10.0; Win64; x64) AppleWebKit/537.36 (KHTML, like Gecko) Chrome/89.0.4389.114 Safari/537.36"
193.169.255.204 - - [02/Jul/2021:08:19:33 -0400] "GET //?author=1 HTTP/1.1" 301 335 "-" "Mozilla/5.0 (Windows NT 10.0; Win64; x64) AppleWebKit/537.36 (KHTML, like Gecko) Chrome/89.0.4389.114 Safari/537.36"
193.169.255.204 - - [02/Jul/2021:08:19:33 -0400] "GET //?author=2 HTTP/1.1" 301 321 "-" "Mozilla/5.0 (Windows NT 10.0; Win64; x64) AppleWebKit/537.36 (KHTML, like Gecko) Chrome/89.0.4389.114 Safari/537.36"
193.169.255.204 - - [02/Jul/2021:08:19:33 -0400] "GET //?author=3 HTTP/1.1" 301 414 "-" "Mozilla/5.0 (Windows NT 10.0; Win64; x64) AppleWebKit/537.36 (KHTML, like Gecko) Chrome/89.0.4389.114 Safari/537.36"
193.169.255.204 - - [02/Jul/2021:08:19:34 -0400] "GET //wp-json/wp/v2/users/ HTTP/1.1" 404 527 "-" "Mozilla/5.0 (Windows NT 10.0; Win64; x64) AppleWebKit/537.36 (KHTML, like Gecko) Chrome/89.0.4389.114 Safari/537.36"
193.169.255.204 - - [02/Jul/2021:08:19:34 -0400] "POST //xmlrpc.php HTTP/1.1" 200 653 "-" "Mozilla/5.0 (Windows NT 10.0; Win64; x64) AppleWebKit/537.36 (KHTML, like Gecko) Chrome/89.0.4389.114 Safari/537.36"
193.169.255.204 - - [02/Jul/2021:08:19:35 -0400] "POST //xmlrpc.php HTTP/1.1" 200 5392 "-" "Mozilla/5.0 (Windows NT 10.0; Win64; x64) AppleWebKit/537.36 (KHTML, like Gecko) Chrome/89.0.4389.114 Safari/537.36"
193.169.255.204 - - [02/Jul/2021:08:19:35 -0400] "POST //xmlrpc.php HTTP/1.1" 200 5390 "-" "Mozilla/5.0 (Windows NT 10.0; Win64; x64) AppleWebKit/537.36 (KHTML, like Gecko) Chrome/89.0.4389.114 Safari/537.36"
193.169.255.204 - - [02/Jul/2021:08:19:36 -0400] "POST //xmlrpc.php HTTP/1.1" 200 5390 "-" "Mozilla/5.0 (Windows NT 10.0; Win64; x64) AppleWebKit/537.36 (KHTML, like Gecko) Chrome/89.0.4389.114 Safari/537.36"
193.169.255.204 - - [02/Jul/2021:08:19:37 -0400] "POST //xmlrpc.php HTTP/1.1" 200 5392 "-" "Mozilla/5.0 (Windows NT 10.0; Win64; x64) AppleWebKit/537.36 (KHTML, like Gecko) Chrome/89.0.4389.114 Safari/537.36"
193.169.255.204 - - [02/Jul/2021:08:19:37 -0400] "POST //xmlrpc.php HTTP/1.1" 200 5390 "-" "Mozilla/5.0 (Windows NT 10.0; Win64; x64) AppleWebKit/537.36 (KHTML, like Gecko) Chrome/89.0.4389.114 Safari/537.36"
193.169.255.204 - - [02/Jul/2021:08:19:38 -0400] "POST //xmlrpc.php HTTP/1.1" 200 5390 "-" "Mozilla/5.0 (Windows NT 10.0; Win64; x64) AppleWebKit/537.36 (KHTML, like Gecko) Chrome/89.0.4389.114 Safari/537.36"
193.169.255.204 - - [02/Jul/2021:08:19:39 -0400] "POST //xmlrpc.php HTTP/1.1" 200 5390 "-" "Mozilla/5.0 (Windows NT 10.0; Win64; x64) AppleWebKit/537.36 (KHTML, like Gecko) Chrome/89.0.4389.114 Safari/537.36"
193.169.255.204 - - [02/Jul/2021:08:19:39 -0400] "POST //xmlrpc.php HTTP/1.1" 200 5390 "-" "Mozilla/5.0 (Windows NT 10.0; Win64; x64) AppleWebKit/537.36 (KHTML, like Gecko) Chrome/89.0.4389.114 Safari/537.36"
193.169.255.204 - - [02/Jul/2021:08:19:40 -0400] "POST //xmlrpc.php HTTP/1.1" 200 5390 "-" "Mozilla/5.0 (Windows NT 10.0; Win64; x64) AppleWebKit/537.36 (KHTML, like Gecko) Chrome/89.0.4389.114 Safari/537.36"
193.169.255.204 - - [02/Jul/2021:08:19:41 -0400] "POST //xmlrpc.php HTTP/1.1" 200 5390 "-" "Mozilla/5.0 (Windows NT 10.0; Win64; x64) AppleWebKit/537.36 (KHTML, like Gecko) Chrome/89.0.4389.114 Safari/537.36"
193.169.255.204 - - [02/Jul/2021:08:19:42 -0400] "POST //xmlrpc.php HTTP/1.1" 200 5390 "-" "Mozilla/5.0 (Windows NT 10.0; Win64; x64) AppleWebKit/537.36 (KHTML, like Gecko) Chrome/89.0.4389.114 Safari/537.36"
193.169.255.204 - - [02/Jul/2021:08:19:42 -0400] "POST //xmlrpc.php HTTP/1.1" 200 5390 "-" "Mozilla/5.0 (Windows NT 10.0; Win64; x64) AppleWebKit/537.36 (KHTML, like Gecko) Chrome/89.0.4389.114 Safari/537.36"
193.169.255.204 - - [02/Jul/2021:08:19:43 -0400] "POST //xmlrpc.php HTTP/1.1" 200 5390 "-" "Mozilla/5.0 (Windows NT 10.0; Win64; x64) AppleWebKit/537.36 (KHTML, like Gecko) Chrome/89.0.4389.114 Safari/537.36"
193.169.255.204 - - [02/Jul/2021:08:19:44 -0400] "POST //xmlrpc.php HTTP/1.1" 200 5390 "-" "Mozilla/5.0 (Windows NT 10.0; Win64; x64) AppleWebKit/537.36 (KHTML, like Gecko) Chrome/89.0.4389.114 Safari/537.36"
193.169.255.204 - - [02/Jul/2021:08:19:44 -0400] "POST //xmlrpc.php HTTP/1.1" 200 5390 "-" "Mozilla/5.0 (Windows NT 10.0; Win64; x64) AppleWebKit/537.36 (KHTML, like Gecko) Chrome/89.0.4389.114 Safari/537.36"
193.169.255.204 - - [02/Jul/2021:08:19:45 -0400] "POST //xmlrpc.php HTTP/1.1" 200 5390 "-" "Mozilla/5.0 (Windows NT 10.0; Win64; x64) AppleWebKit/537.36 (KHTML, like Gecko) Chrome/89.0.4389.114 Safari/537.36"
193.169.255.204 - - [02/Jul/2021:08:19:46 -0400] "POST //xmlrpc.php HTTP/1.1" 200 5390 "-" "Mozilla/5.0 (Windows NT 10.0; Win64; x64) AppleWebKit/537.36 (KHTML, like Gecko) Chrome/89.0.4389.114 Safari/537.36"
193.169.255.204 - - [02/Jul/2021:08:19:47 -0400] "POST //xmlrpc.php HTTP/1.1" 200 5390 "-" "Mozilla/5.0 (Windows NT 10.0; Win64; x64) AppleWebKit/537.36 (KHTML, like Gecko) Chrome/89.0.4389.114 Safari/537.36"
193.169.255.204 - - [02/Jul/2021:08:19:47 -0400] "POST //xmlrpc.php HTTP/1.1" 200 5390 "-" "Mozilla/5.0 (Windows NT 10.0; Win64; x64) AppleWebKit/537.36 (KHTML, like Gecko) Chrome/89.0.4389.114 Safari/537.36"
193.169.255.204 - - [02/Jul/2021:08:19:48 -0400] "POST //xmlrpc.php HTTP/1.1" 200 5390 "-" "Mozilla/5.0 (Windows NT 10.0; Win64; x64) AppleWebKit/537.36 (KHTML, like Gecko) Chrome/89.0.4389.114 Safari/537.36"
193.169.255.204 - - [02/Jul/2021:08:19:49 -0400] "POST //xmlrpc.php HTTP/1.1" 200 5390 "-" "Mozilla/5.0 (Windows NT 10.0; Win64; x64) AppleWebKit/537.36 (KHTML, like Gecko) Chrome/89.0.4389.114 Safari/537.36"
193.169.255.204 - - [02/Jul/2021:08:19:49 -0400] "POST //xmlrpc.php HTTP/1.1" 200 5390 "-" "Mozilla/5.0 (Windows NT 10.0; Win64; x64) AppleWebKit/537.36 (KHTML, like Gecko) Chrome/89.0.4389.114 Safari/537.36"
193.169.255.204 - - [02/Jul/2021:08:19:50 -0400] "POST //xmlrpc.php HTTP/1.1" 200 5390 "-" "Mozilla/5.0 (Windows NT 10.0; Win64; x64) AppleWebKit/537.36 (KHTML, like Gecko) Chrome/89.0.4389.114 Safari/537.36"
193.169.255.204 - - [02/Jul/2021:08:19:51 -0400] "POST //xmlrpc.php HTTP/1.1" 200 5390 "-" "Mozilla/5.0 (Windows NT 10.0; Win64; x64) AppleWebKit/537.36 (KHTML, like Gecko) Chrome/89.0.4389.114 Safari/537.36"
193.169.255.204 - - [02/Jul/2021:08:19:52 -0400] "POST //xmlrpc.php HTTP/1.1" 200 5390 "-" "Mozilla/5.0 (Windows NT 10.0; Win64; x64) AppleWebKit/537.36 (KHTML, like Gecko) Chrome/89.0.4389.114 Safari/537.36"
193.169.255.204 - - [02/Jul/2021:08:19:52 -0400] "POST //xmlrpc.php HTTP/1.1" 200 5390 "-" "Mozilla/5.0 (Windows NT 10.0; Win64; x64) AppleWebKit/537.36 (KHTML, like Gecko) Chrome/89.0.4389.114 Safari/537.36"
193.169.255.204 - - [02/Jul/2021:08:19:53 -0400] "POST //xmlrpc.php HTTP/1.1" 200 5390 "-" "Mozilla/5.0 (Windows NT 10.0; Win64; x64) AppleWebKit/537.36 (KHTML, like Gecko) Chrome/89.0.4389.114 Safari/537.36"
193.169.255.204 - - [02/Jul/2021:08:19:54 -0400] "POST //xmlrpc.php HTTP/1.1" 200 5390 "-" "Mozilla/5.0 (Windows NT 10.0; Win64; x64) AppleWebKit/537.36 (KHTML, like Gecko) Chrome/89.0.4389.114 Safari/537.36"
193.169.255.204 - - [02/Jul/2021:08:19:54 -0400] "POST //xmlrpc.php HTTP/1.1" 200 5390 "-" "Mozilla/5.0 (Windows NT 10.0; Win64; x64) AppleWebKit/537.36 (KHTML, like Gecko) Chrome/89.0.4389.114 Safari/537.36"
193.169.255.204 - - [02/Jul/2021:08:19:55 -0400] "POST //xmlrpc.php HTTP/1.1" 200 5390 "-" "Mozilla/5.0 (Windows NT 10.0; Win64; x64) AppleWebKit/537.36 (KHTML, like Gecko) Chrome/89.0.4389.114 Safari/537.36"
193.169.255.204 - - [02/Jul/2021:08:19:56 -0400] "POST //xmlrpc.php HTTP/1.1" 200 5390 "-" "Mozilla/5.0 (Windows NT 10.0; Win64; x64) AppleWebKit/537.36 (KHTML, like Gecko) Chrome/89.0.4389.114 Safari/537.36"
193.169.255.204 - - [02/Jul/2021:08:19:56 -0400] "POST //xmlrpc.php HTTP/1.1" 200 5390 "-" "Mozilla/5.0 (Windows NT 10.0; Win64; x64) AppleWebKit/537.36 (KHTML, like Gecko) Chrome/89.0.4389.114 Safari/537.36"
193.169.255.204 - - [02/Jul/2021:08:19:57 -0400] "POST //xmlrpc.php HTTP/1.1" 200 5390 "-" "Mozilla/5.0 (Windows NT 10.0; Win64; x64) AppleWebKit/537.36 (KHTML, like Gecko) Chrome/89.0.4389.114 Safari/537.36"
193.169.255.204 - - [02/Jul/2021:08:19:58 -0400] "POST //xmlrpc.php HTTP/1.1" 200 5390 "-" "Mozilla/5.0 (Windows NT 10.0; Win64; x64) AppleWebKit/537.36 (KHTML, like Gecko) Chrome/89.0.4389.114 Safari/537.36"
193.169.255.204 - - [02/Jul/2021:08:19:58 -0400] "POST //xmlrpc.php HTTP/1.1" 200 5390 "-" "Mozilla/5.0 (Windows NT 10.0; Win64; x64) AppleWebKit/537.36 (KHTML, like Gecko) Chrome/89.0.4389.114 Safari/537.36"
193.169.255.204 - - [02/Jul/2021:08:19:59 -0400] "POST //xmlrpc.php HTTP/1.1" 200 5390 "-" "Mozilla/5.0 (Windows NT 10.0; Win64; x64) AppleWebKit/537.36 (KHTML, like Gecko) Chrome/89.0.4389.114 Safari/537.36"
193.169.255.204 - - [02/Jul/2021:08:20:00 -0400] "POST //xmlrpc.php HTTP/1.1" 200 5390 "-" "Mozilla/5.0 (Windows NT 10.0; Win64; x64) AppleWebKit/537.36 (KHTML, like Gecko) Chrome/89.0.4389.114 Safari/537.36"
193.169.255.204 - - [02/Jul/2021:08:20:01 -0400] "POST //xmlrpc.php HTTP/1.1" 200 5390 "-" "Mozilla/5.0 (Windows NT 10.0; Win64; x64) AppleWebKit/537.36 (KHTML, like Gecko) Chrome/89.0.4389.114 Safari/537.36"
193.169.255.204 - - [02/Jul/2021:08:20:01 -0400] "POST //xmlrpc.php HTTP/1.1" 200 5390 "-" "Mozilla/5.0 (Windows NT 10.0; Win64; x64) AppleWebKit/537.36 (KHTML, like Gecko) Chrome/89.0.4389.114 Safari/537.36"
193.169.255.204 - - [02/Jul/2021:08:20:02 -0400] "POST //xmlrpc.php HTTP/1.1" 200 5390 "-" "Mozilla/5.0 (Windows NT 10.0; Win64; x64) AppleWebKit/537.36 (KHTML, like Gecko) Chrome/89.0.4389.114 Safari/537.36"
193.169.255.204 - - [02/Jul/2021:08:20:03 -0400] "POST //xmlrpc.php HTTP/1.1" 200 5390 "-" "Mozilla/5.0 (Windows NT 10.0; Win64; x64) AppleWebKit/537.36 (KHTML, like Gecko) Chrome/89.0.4389.114 Safari/537.36"
193.169.255.204 - - [02/Jul/2021:08:20:03 -0400] "POST //xmlrpc.php HTTP/1.1" 200 5390 "-" "Mozilla/5.0 (Windows NT 10.0; Win64; x64) AppleWebKit/537.36 (KHTML, like Gecko) Chrome/89.0.4389.114 Safari/537.36"
193.169.255.204 - - [02/Jul/2021:08:20:04 -0400] "POST //xmlrpc.php HTTP/1.1" 200 5390 "-" "Mozilla/5.0 (Windows NT 10.0; Win64; x64) AppleWebKit/537.36 (KHTML, like Gecko) Chrome/89.0.4389.114 Safari/537.36"
193.169.255.204 - - [02/Jul/2021:08:20:05 -0400] "POST //xmlrpc.php HTTP/1.1" 200 5390 "-" "Mozilla/5.0 (Windows NT 10.0; Win64; x64) AppleWebKit/537.36 (KHTML, like Gecko) Chrome/89.0.4389.114 Safari/537.36"
193.169.255.204 - - [02/Jul/2021:08:20:06 -0400] "POST //xmlrpc.php HTTP/1.1" 200 5390 "-" "Mozilla/5.0 (Windows NT 10.0; Win64; x64) AppleWebKit/537.36 (KHTML, like Gecko) Chrome/89.0.4389.114 Safari/537.36"
193.169.255.204 - - [02/Jul/2021:08:20:06 -0400] "POST //xmlrpc.php HTTP/1.1" 200 5390 "-" "Mozilla/5.0 (Windows NT 10.0; Win64; x64) AppleWebKit/537.36 (KHTML, like Gecko) Chrome/89.0.4389.114 Safari/537.36"
193.169.255.204 - - [02/Jul/2021:08:20:07 -0400] "POST //xmlrpc.php HTTP/1.1" 200 5390 "-" "Mozilla/5.0 (Windows NT 10.0; Win64; x64) AppleWebKit/537.36 (KHTML, like Gecko) Chrome/89.0.4389.114 Safari/537.36"
193.169.255.204 - - [02/Jul/2021:08:20:08 -0400] "POST //xmlrpc.php HTTP/1.1" 200 5390 "-" "Mozilla/5.0 (Windows NT 10.0; Win64; x64) AppleWebKit/537.36 (KHTML, like Gecko) Chrome/89.0.4389.114 Safari/537.36"
193.169.255.204 - - [02/Jul/2021:08:20:08 -0400] "POST //xmlrpc.php HTTP/1.1" 200 5390 "-" "Mozilla/5.0 (Windows NT 10.0; Win64; x64) AppleWebKit/537.36 (KHTML, like Gecko) Chrome/89.0.4389.114 Safari/537.36"
193.169.255.204 - - [02/Jul/2021:08:20:09 -0400] "POST //xmlrpc.php HTTP/1.1" 200 5390 "-" "Mozilla/5.0 (Windows NT 10.0; Win64; x64) AppleWebKit/537.36 (KHTML, like Gecko) Chrome/89.0.4389.114 Safari/537.36"
193.169.255.204 - - [02/Jul/2021:08:20:10 -0400] "POST //xmlrpc.php HTTP/1.1" 200 5390 "-" "Mozilla/5.0 (Windows NT 10.0; Win64; x64) AppleWebKit/537.36 (KHTML, like Gecko) Chrome/89.0.4389.114 Safari/537.36"
193.169.255.204 - - [02/Jul/2021:08:20:11 -0400] "POST //xmlrpc.php HTTP/1.1" 200 5390 "-" "Mozilla/5.0 (Windows NT 10.0; Win64; x64) AppleWebKit/537.36 (KHTML, like Gecko) Chrome/89.0.4389.114 Safari/537.36"
193.169.255.204 - - [02/Jul/2021:08:20:11 -0400] "POST //xmlrpc.php HTTP/1.1" 200 5390 "-" "Mozilla/5.0 (Windows NT 10.0; Win64; x64) AppleWebKit/537.36 (KHTML, like Gecko) Chrome/89.0.4389.114 Safari/537.36"
193.169.255.204 - - [02/Jul/2021:08:20:12 -0400] "POST //xmlrpc.php HTTP/1.1" 200 5390 "-" "Mozilla/5.0 (Windows NT 10.0; Win64; x64) AppleWebKit/537.36 (KHTML, like Gecko) Chrome/89.0.4389.114 Safari/537.36"
193.169.255.204 - - [02/Jul/2021:08:20:13 -0400] "POST //xmlrpc.php HTTP/1.1" 200 5390 "-" "Mozilla/5.0 (Windows NT 10.0; Win64; x64) AppleWebKit/537.36 (KHTML, like Gecko) Chrome/89.0.4389.114 Safari/537.36"
193.169.255.204 - - [02/Jul/2021:08:20:13 -0400] "POST //xmlrpc.php HTTP/1.1" 200 5390 "-" "Mozilla/5.0 (Windows NT 10.0; Win64; x64) AppleWebKit/537.36 (KHTML, like Gecko) Chrome/89.0.4389.114 Safari/537.36"
