103.62.48.231 - - [11/Jul/2021:16:39:46 -0400] "POST //xmlrpc.php HTTP/1.1" 200 6213 "-" "Mozilla/5.0 (Windows NT 10.0; Win64; x64) AppleWebKit/537.36 (KHTML, like Gecko) Chrome/79.0 Safari/537.36"
103.62.48.231 - - [11/Jul/2021:16:39:47 -0400] "POST //xmlrpc.php HTTP/1.1" 200 6213 "-" "Mozilla/5.0 (Windows NT 10.0; Win64; x64) AppleWebKit/537.36 (KHTML, like Gecko) Chrome/79.0 Safari/537.36"
103.62.48.231 - - [11/Jul/2021:16:39:49 -0400] "POST //xmlrpc.php HTTP/1.1" 200 6213 "-" "Mozilla/5.0 (Windows NT 10.0; Win64; x64) AppleWebKit/537.36 (KHTML, like Gecko) Chrome/79.0 Safari/537.36"
103.62.48.231 - - [11/Jul/2021:16:39:51 -0400] "POST //xmlrpc.php HTTP/1.1" 200 6213 "-" "Mozilla/5.0 (Windows NT 10.0; Win64; x64) AppleWebKit/537.36 (KHTML, like Gecko) Chrome/79.0 Safari/537.36"
103.62.48.231 - - [11/Jul/2021:16:39:52 -0400] "POST //xmlrpc.php HTTP/1.1" 200 6213 "-" "Mozilla/5.0 (Windows NT 10.0; Win64; x64) AppleWebKit/537.36 (KHTML, like Gecko) Chrome/79.0 Safari/537.36"
103.62.48.231 - - [11/Jul/2021:16:39:54 -0400] "POST //xmlrpc.php HTTP/1.1" 200 6213 "-" "Mozilla/5.0 (Windows NT 10.0; Win64; x64) AppleWebKit/537.36 (KHTML, like Gecko) Chrome/79.0 Safari/537.36"
103.62.48.231 - - [11/Jul/2021:16:39:55 -0400] "POST //xmlrpc.php HTTP/1.1" 200 6213 "-" "Mozilla/5.0 (Windows NT 10.0; Win64; x64) AppleWebKit/537.36 (KHTML, like Gecko) Chrome/79.0 Safari/537.36"
103.62.48.231 - - [11/Jul/2021:16:39:57 -0400] "POST //xmlrpc.php HTTP/1.1" 200 6213 "-" "Mozilla/5.0 (Windows NT 10.0; Win64; x64) AppleWebKit/537.36 (KHTML, like Gecko) Chrome/79.0 Safari/537.36"
103.62.48.231 - - [11/Jul/2021:16:39:59 -0400] "POST //xmlrpc.php HTTP/1.1" 200 6213 "-" "Mozilla/5.0 (Windows NT 10.0; Win64; x64) AppleWebKit/537.36 (KHTML, like Gecko) Chrome/79.0 Safari/537.36"
198.204.234.253 - - [11/Jul/2021:16:40:33 -0400] "GET /wp-login.php HTTP/1.1" 200 13586 "-" "Mozilla/5.0 (Macintosh; Intel Mac OS X 10_9_2) AppleWebKit/537.36 (KHTML, like Gecko) Chrome/35.0.1916.153 Safari/537.36"
198.204.234.253 - - [11/Jul/2021:16:40:34 -0400] "POST /wp-login.php HTTP/1.1" 200 8742 "-" "Mozilla/5.0 (Macintosh; Intel Mac OS X 10_9_2) AppleWebKit/537.36 (KHTML, like Gecko) Chrome/35.0.1916.153 Safari/537.36"
45.151.248.70 - - [11/Jul/2021:16:42:56 -0400] "POST /wp-login.php HTTP/1.1" 200 8853 "-" "Mozilla/5.0 (Windows NT 10.0; WOW64) AppleWebKit/537.36 (KHTML, like Gecko) Chrome/47.0.2526.106 Safari/537.36"
188.166.56.218 - - [11/Jul/2021:16:51:33 -0400] "POST /wp-login.php HTTP/1.1" 200 8867 "-" "Mozilla/5.0 (Windows NT 6.1; WOW64) AppleWebKit/537.36 (KHTML, like Gecko) Chrome/47.0.2526.111 Safari/537.36"
192.151.145.142 - - [11/Jul/2021:16:53:35 -0400] "GET /wp-login.php HTTP/1.1" 200 13586 "-" "Mozilla/5.0 (Windows NT 6.3; WOW64; rv:30.0) Gecko/20100101 Firefox/30.0"
192.151.145.142 - - [11/Jul/2021:16:53:35 -0400] "POST /wp-login.php HTTP/1.1" 200 8596 "-" "Mozilla/5.0 (Windows NT 6.3; WOW64; rv:30.0) Gecko/20100101 Firefox/30.0"
192.151.145.142 - - [11/Jul/2021:16:54:35 -0400] "GET /wp-login.php HTTP/1.1" 200 13586 "-" "Mozilla/5.0 (iPhone; CPU iPhone OS 7_1 like Mac OS X) AppleWebKit/537.51.2 (KHTML, like Gecko) Version/7.0 Mobile/11D167 Safari/9537.53"
192.151.145.142 - - [11/Jul/2021:16:54:36 -0400] "POST /wp-login.php HTTP/1.1" 200 8742 "-" "Mozilla/5.0 (iPhone; CPU iPhone OS 7_1 like Mac OS X) AppleWebKit/537.51.2 (KHTML, like Gecko) Version/7.0 Mobile/11D167 Safari/9537.53"
51.178.17.108 - - [11/Jul/2021:16:58:24 -0400] "POST /wp-login.php HTTP/1.1" 200 8869 "-" "Mozilla/5.0 (Windows NT 10.0; Win64; x64) AppleWebKit/537.36 (KHTML, like Gecko) Chrome/64.0.3282.167 Safari/537.36"
207.244.224.242 - - [11/Jul/2021:17:06:48 -0400] "POST /wp-login.php HTTP/1.1" 200 8851 "-" "Mozilla/5.0 (Windows NT 6.1) AppleWebKit/537.36 (KHTML, like Gecko) Chrome/56.0.2924.87 Safari/537.36"
204.48.19.85 - - [11/Jul/2021:17:14:21 -0400] "POST /wp-cron.php?doing_wp_cron=1626038061.1693689823150634765625 HTTP/1.1" 200 6245 "https://www.nepadesigns.com/wp-cron.php?doing_wp_cron=1626038061.1693689823150634765625" "WordPress/5.7.2; https://www.nepadesigns.com"
69.163.224.107 - - [11/Jul/2021:17:14:20 -0400] "POST /wp-login.php HTTP/1.1" 200 8837 "-" "Mozilla/5.0 (Windows NT 10.0; WOW64) AppleWebKit/537.36 (KHTML, like Gecko) Chrome/46.0.2490.86 Safari/537.36"
34.87.135.115 - - [11/Jul/2021:17:22:44 -0400] "POST /wp-login.php HTTP/1.1" 200 8851 "-" "Mozilla/5.0 (Windows NT 10.0; Win64; x64) AppleWebKit/537.36 (KHTML, like Gecko) Chrome/87.0.4280.88 Safari/537.36"
198.204.240.246 - - [11/Jul/2021:17:29:18 -0400] "GET /wp-login.php HTTP/1.1" 200 13586 "-" "Mozilla/5.0 (Macintosh; Intel Mac OS X 10_9_2) AppleWebKit/537.74.9 (KHTML, like Gecko) Version/7.0.2 Safari/537.74.9"
198.204.240.246 - - [11/Jul/2021:17:29:19 -0400] "POST /wp-login.php HTTP/1.1" 200 8596 "-" "Mozilla/5.0 (Macintosh; Intel Mac OS X 10_9_2) AppleWebKit/537.74.9 (KHTML, like Gecko) Version/7.0.2 Safari/537.74.9"
185.50.199.194 - - [11/Jul/2021:17:29:53 -0400] "POST /wp-login.php HTTP/1.1" 200 8869 "-" "Mozilla/5.0 (Windows NT 6.1) AppleWebKit/537.36 (KHTML, like Gecko) Chrome/65.0.3325.181 Safari/537.36"
198.204.240.246 - - [11/Jul/2021:17:30:01 -0400] "GET /wp-login.php HTTP/1.1" 200 13586 "-" "Mozilla/5.0 (Windows NT 6.2; WOW64) AppleWebKit/537.36 (KHTML, like Gecko) Chrome/36.0.1985.125 Safari/537.36"
198.204.240.246 - - [11/Jul/2021:17:30:01 -0400] "POST /wp-login.php HTTP/1.1" 200 8742 "-" "Mozilla/5.0 (Windows NT 6.2; WOW64) AppleWebKit/537.36 (KHTML, like Gecko) Chrome/36.0.1985.125 Safari/537.36"
34.67.176.220 - - [11/Jul/2021:17:37:56 -0400] "POST /wp-login.php HTTP/1.1" 200 8851 "-" "Mozilla/5.0 (Windows NT 6.1; WOW64) AppleWebKit/537.36 (KHTML, like Gecko) Chrome/52.0.2743.116 Safari/537.36"
40.77.167.108 - - [11/Jul/2021:17:39:39 -0400] "GET /index.php/case-studies/expert-horticulture-garden-supplies/ HTTP/1.1" 404 88984 "-" "Mozilla/5.0 (compatible; bingbot/2.0; +http://www.bing.com/bingbot.htm)"
107.150.52.194 - - [11/Jul/2021:17:51:35 -0400] "GET /wp-login.php HTTP/1.1" 200 13586 "-" "Mozilla/5.0 (Macintosh; Intel Mac OS X 10_8_5) AppleWebKit/537.77.4 (KHTML, like Gecko) Version/6.1.5 Safari/537.77.4"
107.150.52.194 - - [11/Jul/2021:17:51:36 -0400] "POST /wp-login.php HTTP/1.1" 200 8596 "-" "Mozilla/5.0 (Macintosh; Intel Mac OS X 10_8_5) AppleWebKit/537.77.4 (KHTML, like Gecko) Version/6.1.5 Safari/537.77.4"
107.150.52.194 - - [11/Jul/2021:17:51:46 -0400] "GET /wp-login.php HTTP/1.1" 200 13586 "-" "Mozilla/5.0 (Windows NT 6.3; WOW64) AppleWebKit/537.36 (KHTML, like Gecko) Chrome/36.0.1985.143 Safari/537.36"
107.150.52.194 - - [11/Jul/2021:17:51:47 -0400] "POST /wp-login.php HTTP/1.1" 200 8742 "-" "Mozilla/5.0 (Windows NT 6.3; WOW64) AppleWebKit/537.36 (KHTML, like Gecko) Chrome/36.0.1985.143 Safari/537.36"
161.35.208.18 - - [11/Jul/2021:17:53:04 -0400] "POST /wp-login.php HTTP/1.1" 200 8851 "-" "Mozilla/5.0 (Windows NT 10.0; WOW64) AppleWebKit/537.36 (KHTML, like Gecko) Chrome/55.0.2883.87 Safari/537.36"
91.134.248.192 - - [11/Jul/2021:17:59:19 -0400] "POST /wp-login.php HTTP/1.1" 200 8869 "-" "Mozilla/5.0 (Windows NT 6.1; WOW64) AppleWebKit/537.36 (KHTML, like Gecko) Chrome/47.0.2526.111 Safari/537.36"
139.196.187.160 - - [11/Jul/2021:18:06:47 -0400] "POST /wp-login.php HTTP/1.1" 200 8835 "-" "Mozilla/5.0 (Windows NT 10.0; WOW64) AppleWebKit/537.36 (KHTML, like Gecko) Chrome/57.0.2987.133 Safari/537.36"
216.49.30.192 - - [11/Jul/2021:18:16:57 -0400] "POST /wp-admin/admin-ajax.php HTTP/1.1" 200 6773 "https://www.nepadesigns.com/index.php/fusion_tb_section/custom-homepage-ptb/?fb-edit=1" "Mozilla/5.0 (Macintosh; Intel Mac OS X 10_16_0) AppleWebKit/537.36 (KHTML, like Gecko) Chrome/81.0.4044.138 Safari/537.36"
204.48.19.85 - - [11/Jul/2021:18:16:58 -0400] "POST /wp-cron.php?doing_wp_cron=1626041818.4589619636535644531250 HTTP/1.1" 200 6229 "https://www.nepadesigns.com/wp-cron.php?doing_wp_cron=1626041818.4589619636535644531250" "WordPress/5.7.2; https://www.nepadesigns.com"
216.49.30.192 - - [11/Jul/2021:18:16:57 -0400] "POST /wp-admin/admin-ajax.php HTTP/1.1" 200 1291 "https://www.nepadesigns.com/wp-admin/admin.php?page=avada-layouts" "Mozilla/5.0 (Macintosh; Intel Mac OS X 10_16_0) AppleWebKit/537.36 (KHTML, like Gecko) Chrome/81.0.4044.138 Safari/537.36"
216.49.30.192 - - [11/Jul/2021:18:18:58 -0400] "POST /wp-admin/admin-ajax.php HTTP/1.1" 200 1165 "https://www.nepadesigns.com/index.php/fusion_tb_section/custom-homepage-ptb/?fb-edit=1" "Mozilla/5.0 (Macintosh; Intel Mac OS X 10_16_0) AppleWebKit/537.36 (KHTML, like Gecko) Chrome/81.0.4044.138 Safari/537.36"
216.49.30.192 - - [11/Jul/2021:18:18:59 -0400] "POST /wp-admin/admin-ajax.php HTTP/1.1" 200 605 "https://www.nepadesigns.com/wp-admin/admin.php?page=avada-layouts" "Mozilla/5.0 (Macintosh; Intel Mac OS X 10_16_0) AppleWebKit/537.36 (KHTML, like Gecko) Chrome/81.0.4044.138 Safari/537.36"
178.128.247.244 - - [11/Jul/2021:18:20:32 -0400] "POST /wp-login.php HTTP/1.1" 200 8851 "-" "Mozilla/5.0 (Windows NT 6.3; Win64; x64) AppleWebKit/537.36 (KHTML, like Gecko) Chrome/68.0.3440.106 Safari/537.36"
216.49.30.192 - - [11/Jul/2021:18:20:58 -0400] "POST /wp-admin/admin-ajax.php HTTP/1.1" 200 1165 "https://www.nepadesigns.com/index.php/fusion_tb_section/custom-homepage-ptb/?fb-edit=1" "Mozilla/5.0 (Macintosh; Intel Mac OS X 10_16_0) AppleWebKit/537.36 (KHTML, like Gecko) Chrome/81.0.4044.138 Safari/537.36"
216.49.30.192 - - [11/Jul/2021:18:21:00 -0400] "POST /wp-admin/admin-ajax.php HTTP/1.1" 200 605 "https://www.nepadesigns.com/wp-admin/admin.php?page=avada-layouts" "Mozilla/5.0 (Macintosh; Intel Mac OS X 10_16_0) AppleWebKit/537.36 (KHTML, like Gecko) Chrome/81.0.4044.138 Safari/537.36"
216.49.30.192 - - [11/Jul/2021:18:22:59 -0400] "POST /wp-admin/admin-ajax.php HTTP/1.1" 200 1165 "https://www.nepadesigns.com/index.php/fusion_tb_section/custom-homepage-ptb/?fb-edit=1" "Mozilla/5.0 (Macintosh; Intel Mac OS X 10_16_0) AppleWebKit/537.36 (KHTML, like Gecko) Chrome/81.0.4044.138 Safari/537.36"
216.49.30.192 - - [11/Jul/2021:18:23:01 -0400] "POST /wp-admin/admin-ajax.php HTTP/1.1" 200 605 "https://www.nepadesigns.com/wp-admin/admin.php?page=avada-layouts" "Mozilla/5.0 (Macintosh; Intel Mac OS X 10_16_0) AppleWebKit/537.36 (KHTML, like Gecko) Chrome/81.0.4044.138 Safari/537.36"
216.49.30.192 - - [11/Jul/2021:18:24:00 -0400] "POST /wp-admin/admin-ajax.php HTTP/1.1" 200 1181 "https://www.nepadesigns.com/index.php/fusion_tb_section/custom-homepage-ptb/?fb-edit=1" "Mozilla/5.0 (Macintosh; Intel Mac OS X 10_16_0) AppleWebKit/537.36 (KHTML, like Gecko) Chrome/81.0.4044.138 Safari/537.36"
216.49.30.192 - - [11/Jul/2021:18:24:01 -0400] "POST /wp-admin/admin-ajax.php HTTP/1.1" 200 605 "https://www.nepadesigns.com/wp-admin/admin.php?page=avada-layouts" "Mozilla/5.0 (Macintosh; Intel Mac OS X 10_16_0) AppleWebKit/537.36 (KHTML, like Gecko) Chrome/81.0.4044.138 Safari/537.36"
216.49.30.192 - - [11/Jul/2021:18:26:01 -0400] "POST /wp-admin/admin-ajax.php HTTP/1.1" 200 1181 "https://www.nepadesigns.com/index.php/fusion_tb_section/custom-homepage-ptb/?fb-edit=1" "Mozilla/5.0 (Macintosh; Intel Mac OS X 10_16_0) AppleWebKit/537.36 (KHTML, like Gecko) Chrome/81.0.4044.138 Safari/537.36"
216.49.30.192 - - [11/Jul/2021:18:26:02 -0400] "POST /wp-admin/admin-ajax.php HTTP/1.1" 200 605 "https://www.nepadesigns.com/wp-admin/admin.php?page=avada-layouts" "Mozilla/5.0 (Macintosh; Intel Mac OS X 10_16_0) AppleWebKit/537.36 (KHTML, like Gecko) Chrome/81.0.4044.138 Safari/537.36"
162.144.126.104 - - [11/Jul/2021:18:26:46 -0400] "POST /wp-login.php HTTP/1.1" 200 8853 "-" "Mozilla/5.0 (Windows NT 6.1; Win64; x64) AppleWebKit/537.36 (KHTML, like Gecko) Chrome/70.0.3538.67 Safari/537.36"
216.49.30.192 - - [11/Jul/2021:18:28:02 -0400] "POST /wp-admin/admin-ajax.php HTTP/1.1" 200 1181 "https://www.nepadesigns.com/index.php/fusion_tb_section/custom-homepage-ptb/?fb-edit=1" "Mozilla/5.0 (Macintosh; Intel Mac OS X 10_16_0) AppleWebKit/537.36 (KHTML, like Gecko) Chrome/81.0.4044.138 Safari/537.36"
216.49.30.192 - - [11/Jul/2021:18:28:04 -0400] "POST /wp-admin/admin-ajax.php HTTP/1.1" 200 605 "https://www.nepadesigns.com/wp-admin/admin.php?page=avada-layouts" "Mozilla/5.0 (Macintosh; Intel Mac OS X 10_16_0) AppleWebKit/537.36 (KHTML, like Gecko) Chrome/81.0.4044.138 Safari/537.36"
216.49.30.192 - - [11/Jul/2021:18:30:04 -0400] "POST /wp-admin/admin-ajax.php HTTP/1.1" 200 1165 "https://www.nepadesigns.com/index.php/fusion_tb_section/custom-homepage-ptb/?fb-edit=1" "Mozilla/5.0 (Macintosh; Intel Mac OS X 10_16_0) AppleWebKit/537.36 (KHTML, like Gecko) Chrome/81.0.4044.138 Safari/537.36"
216.49.30.192 - - [11/Jul/2021:18:30:04 -0400] "POST /wp-admin/admin-ajax.php HTTP/1.1" 200 605 "https://www.nepadesigns.com/wp-admin/admin.php?page=avada-layouts" "Mozilla/5.0 (Macintosh; Intel Mac OS X 10_16_0) AppleWebKit/537.36 (KHTML, like Gecko) Chrome/81.0.4044.138 Safari/537.36"
66.249.65.58 - - [11/Jul/2021:18:30:26 -0400] "GET /robots.txt HTTP/1.1" 404 6547 "-" "Mozilla/5.0 (compatible; Googlebot/2.1; +http://www.google.com/bot.html)"
66.249.65.56 - - [11/Jul/2021:18:30:26 -0400] "GET /wp-content/uploads/2020/09/nepadesigns-logo-white.png HTTP/1.1" 404 6547 "-" "Googlebot-Image/1.0"
216.49.30.192 - - [11/Jul/2021:18:32:05 -0400] "POST /wp-admin/admin-ajax.php HTTP/1.1" 200 1165 "https://www.nepadesigns.com/index.php/fusion_tb_section/custom-homepage-ptb/?fb-edit=1" "Mozilla/5.0 (Macintosh; Intel Mac OS X 10_16_0) AppleWebKit/537.36 (KHTML, like Gecko) Chrome/81.0.4044.138 Safari/537.36"
216.49.30.192 - - [11/Jul/2021:18:32:06 -0400] "POST /wp-admin/admin-ajax.php HTTP/1.1" 200 605 "https://www.nepadesigns.com/wp-admin/admin.php?page=avada-layouts" "Mozilla/5.0 (Macintosh; Intel Mac OS X 10_16_0) AppleWebKit/537.36 (KHTML, like Gecko) Chrome/81.0.4044.138 Safari/537.36"
45.40.132.156 - - [11/Jul/2021:18:34:20 -0400] "POST /wp-login.php HTTP/1.1" 200 8851 "-" "Mozilla/5.0 (Windows NT 10.0; WOW64) AppleWebKit/537.36 (KHTML, like Gecko) Chrome/46.0.2490.86 Safari/537.36"
104.236.45.171 - - [11/Jul/2021:18:36:18 -0400] "GET /wp-login.php HTTP/1.1" 301 573 "-" "Mozilla/5.0 (X11; Ubuntu; Linux x86_64; rv:62.0) Gecko/20100101 Firefox/62.0"
104.236.45.171 - - [11/Jul/2021:18:36:18 -0400] "GET /wp-login.php HTTP/1.1" 200 8043 "http://www.nepadesigns.com/wp-login.php" "Mozilla/5.0 (X11; Ubuntu; Linux x86_64; rv:62.0) Gecko/20100101 Firefox/62.0"
104.236.45.171 - - [11/Jul/2021:18:36:18 -0400] "GET ///?author=1 HTTP/1.1" 301 567 "-" "Mozilla/5.0 (X11; Ubuntu; Linux x86_64; rv:62.0) Gecko/20100101 Firefox/62.0"
104.236.45.171 - - [11/Jul/2021:18:36:18 -0400] "GET /?author=1 HTTP/1.1" 301 5617 "http://www.nepadesigns.com///?author=1" "Mozilla/5.0 (X11; Ubuntu; Linux x86_64; rv:62.0) Gecko/20100101 Firefox/62.0"
104.236.45.171 - - [11/Jul/2021:18:36:19 -0400] "GET /index.php/author/admin/ HTTP/1.1" 200 18271 "https://www.nepadesigns.com/?author=1" "Mozilla/5.0 (X11; Ubuntu; Linux x86_64; rv:62.0) Gecko/20100101 Firefox/62.0"
104.236.45.171 - - [11/Jul/2021:18:36:19 -0400] "GET ///wp-json/wp/v2/users/ HTTP/1.1" 301 589 "-" "Mozilla/5.0 (X11; Ubuntu; Linux x86_64; rv:62.0) Gecko/20100101 Firefox/62.0"
104.236.45.171 - - [11/Jul/2021:18:36:19 -0400] "GET /wp-json/wp/v2/users/ HTTP/1.1" 404 5809 "http://www.nepadesigns.com///wp-json/wp/v2/users/" "Mozilla/5.0 (X11; Ubuntu; Linux x86_64; rv:62.0) Gecko/20100101 Firefox/62.0"
104.236.45.171 - - [11/Jul/2021:18:36:19 -0400] "GET ///?author=2 HTTP/1.1" 301 567 "-" "Mozilla/5.0 (X11; Ubuntu; Linux x86_64; rv:62.0) Gecko/20100101 Firefox/62.0"
104.236.45.171 - - [11/Jul/2021:18:36:19 -0400] "GET /?author=2 HTTP/1.1" 200 16908 "http://www.nepadesigns.com///?author=2" "Mozilla/5.0 (X11; Ubuntu; Linux x86_64; rv:62.0) Gecko/20100101 Firefox/62.0"
104.236.45.171 - - [11/Jul/2021:18:36:20 -0400] "GET ///?author=3 HTTP/1.1" 301 567 "-" "Mozilla/5.0 (X11; Ubuntu; Linux x86_64; rv:62.0) Gecko/20100101 Firefox/62.0"
104.236.45.171 - - [11/Jul/2021:18:36:20 -0400] "GET /?author=3 HTTP/1.1" 404 14193 "http://www.nepadesigns.com///?author=3" "Mozilla/5.0 (X11; Ubuntu; Linux x86_64; rv:62.0) Gecko/20100101 Firefox/62.0"
2.59.117.55 - - [11/Jul/2021:18:40:47 -0400] "POST /wp-login.php HTTP/1.1" 200 8853 "-" "Mozilla/5.0 (Windows NT 10.0; Win64; x64) AppleWebKit/537.36 (KHTML, like Gecko) Chrome/64.0.3282.167 Safari/537.36"
69.30.225.100 - - [11/Jul/2021:18:42:46 -0400] "GET /wp-login.php HTTP/1.1" 200 13586 "-" "Mozilla/5.0 (Windows NT 6.1; WOW64; Trident/7.0; rv:11.0) like Gecko"
69.30.225.100 - - [11/Jul/2021:18:42:46 -0400] "POST /wp-login.php HTTP/1.1" 200 8596 "-" "Mozilla/5.0 (Windows NT 6.1; WOW64; Trident/7.0; rv:11.0) like Gecko"
69.30.225.100 - - [11/Jul/2021:18:43:26 -0400] "GET /wp-login.php HTTP/1.1" 200 13586 "-" "Mozilla/5.0 (Macintosh; Intel Mac OS X 10_8_5) AppleWebKit/537.77.4 (KHTML, like Gecko) Version/6.1.5 Safari/537.77.4"
69.30.225.100 - - [11/Jul/2021:18:43:26 -0400] "POST /wp-login.php HTTP/1.1" 200 8742 "-" "Mozilla/5.0 (Macintosh; Intel Mac OS X 10_8_5) AppleWebKit/537.77.4 (KHTML, like Gecko) Version/6.1.5 Safari/537.77.4"
207.46.13.39 - - [11/Jul/2021:18:46:04 -0400] "GET /index.php/sitemap_index.xml HTTP/1.1" 200 6262 "-" "Mozilla/5.0 (compatible; bingbot/2.0; +http://www.bing.com/bingbot.htm)"
217.25.89.48 - - [11/Jul/2021:18:48:26 -0400] "POST /wp-login.php HTTP/1.1" 200 8835 "-" "Mozilla/5.0 (Windows NT 6.3; WOW64) AppleWebKit/537.36 (KHTML, like Gecko) Chrome/46.0.2490.80 Safari/537.36"
35.238.155.231 - - [11/Jul/2021:18:54:59 -0400] "POST /wp-login.php HTTP/1.1" 200 8853 "-" "Mozilla/5.0 (Windows NT 6.1; WOW64) AppleWebKit/537.36 (KHTML, like Gecko) Chrome/48.0.2564.109 Safari/537.36"
114.119.131.90 - - [11/Jul/2021:19:08:17 -0400] "GET /robots.txt HTTP/1.1" 404 5862 "-" "Mozilla/5.0 (compatible;PetalBot;+https://webmaster.petalsearch.com/site/petalbot)"
66.249.65.56 - - [11/Jul/2021:19:08:50 -0400] "GET /wp-content/uploads/2021/03/smiling-client-1.jpg HTTP/1.1" 304 6231 "-" "Googlebot-Image/1.0"
204.48.19.85 - - [11/Jul/2021:19:09:14 -0400] "POST /wp-cron.php?doing_wp_cron=1626044954.1272189617156982421875 HTTP/1.1" 200 6261 "https://www.nepadesigns.com/wp-cron.php?doing_wp_cron=1626044954.1272189617156982421875" "WordPress/5.7.2; https://www.nepadesigns.com"
193.169.20.175 - - [11/Jul/2021:19:09:13 -0400] "POST /wp-login.php HTTP/1.1" 200 8853 "-" "Mozilla/5.0 (Windows NT 6.1) AppleWebKit/537.36 (KHTML, like Gecko) Chrome/62.0.3202.94 Safari/537.36"
107.150.52.194 - - [11/Jul/2021:19:15:51 -0400] "GET /wp-login.php HTTP/1.1" 200 13586 "-" "Mozilla/5.0 (Macintosh; Intel Mac OS X 10_9_2) AppleWebKit/537.36 (KHTML, like Gecko) Chrome/36.0.1985.125 Safari/537.36"
107.150.46.51 - - [11/Jul/2021:19:15:51 -0400] "GET /wp-login.php HTTP/1.1" 200 13586 "-" "Mozilla/5.0 (Macintosh; Intel Mac OS X 10_9_4) AppleWebKit/537.36 (KHTML, like Gecko) Chrome/36.0.1985.143 Safari/537.36"
107.150.52.194 - - [11/Jul/2021:19:15:51 -0400] "POST /wp-login.php HTTP/1.1" 200 8744 "-" "Mozilla/5.0 (Macintosh; Intel Mac OS X 10_9_2) AppleWebKit/537.36 (KHTML, like Gecko) Chrome/36.0.1985.125 Safari/537.36"
107.150.46.51 - - [11/Jul/2021:19:15:52 -0400] "POST /wp-login.php HTTP/1.1" 200 8596 "-" "Mozilla/5.0 (Macintosh; Intel Mac OS X 10_9_4) AppleWebKit/537.36 (KHTML, like Gecko) Chrome/36.0.1985.143 Safari/537.36"
173.208.244.94 - - [11/Jul/2021:19:16:24 -0400] "GET /wp-login.php HTTP/1.1" 200 13586 "-" "Mozilla/5.0 (Macintosh; Intel Mac OS X 10_7_5) AppleWebKit/537.77.4 (KHTML, like Gecko) Version/6.1.5 Safari/537.77.4"
173.208.244.94 - - [11/Jul/2021:19:16:25 -0400] "POST /wp-login.php HTTP/1.1" 200 8742 "-" "Mozilla/5.0 (Macintosh; Intel Mac OS X 10_7_5) AppleWebKit/537.77.4 (KHTML, like Gecko) Version/6.1.5 Safari/537.77.4"
81.88.52.163 - - [11/Jul/2021:19:16:46 -0400] "POST /wp-login.php HTTP/1.1" 200 8851 "-" "Mozilla/5.0 (Windows NT 6.1) AppleWebKit/537.36 (KHTML, like Gecko) Chrome/70.0.3538.77 Safari/537.36"
107.150.46.51 - - [11/Jul/2021:19:16:57 -0400] "GET /wp-login.php HTTP/1.1" 200 13586 "-" "Mozilla/5.0 (Windows NT 6.3; WOW64) AppleWebKit/537.36 (KHTML, like Gecko) Chrome/36.0.1985.143 Safari/537.36"
107.150.46.51 - - [11/Jul/2021:19:16:58 -0400] "POST /wp-login.php HTTP/1.1" 200 8742 "-" "Mozilla/5.0 (Windows NT 6.3; WOW64) AppleWebKit/537.36 (KHTML, like Gecko) Chrome/36.0.1985.143 Safari/537.36"
133.130.103.36 - - [11/Jul/2021:19:36:55 -0400] "POST /wp-login.php HTTP/1.1" 200 8837 "-" "Mozilla/5.0 (Windows NT 10.0; Win64; x64) AppleWebKit/537.36 (KHTML, like Gecko) Chrome/66.0.3359.117 Safari/537.36"
101.32.178.221 - - [11/Jul/2021:19:44:29 -0400] "POST /wp-login.php HTTP/1.1" 200 8851 "-" "Mozilla/5.0 (Windows NT 6.1; Win64; x64) AppleWebKit/537.36 (KHTML, like Gecko) Chrome/78.0.3904.97 Safari/537.36"
35.231.6.180 - - [11/Jul/2021:19:45:56 -0400] "GET /robots.txt HTTP/1.0" 404 5813 "-" "ZoominfoBot (zoominfobot at zoominfo dot com)"
35.231.6.180 - - [11/Jul/2021:19:45:56 -0400] "GET /index.php/author/admin/ HTTP/1.0" 200 13078 "-" "ZoominfoBot (zoominfobot at zoominfo dot com)"
167.114.98.212 - - [11/Jul/2021:19:50:56 -0400] "POST /wp-login.php HTTP/1.1" 200 8853 "-" "Mozilla/5.0 (Windows NT 6.1; WOW64) AppleWebKit/537.36 (KHTML, like Gecko) Chrome/63.0.3239.132 Safari/537.36"
192.151.145.142 - - [11/Jul/2021:19:52:07 -0400] "GET /wp-login.php HTTP/1.1" 200 13586 "-" "Mozilla/5.0 (Windows NT 6.3; WOW64) AppleWebKit/537.36 (KHTML, like Gecko) Chrome/36.0.1985.143 Safari/537.36"
192.151.145.142 - - [11/Jul/2021:19:52:07 -0400] "POST /wp-login.php HTTP/1.1" 200 8596 "-" "Mozilla/5.0 (Windows NT 6.3; WOW64) AppleWebKit/537.36 (KHTML, like Gecko) Chrome/36.0.1985.143 Safari/537.36"
192.151.145.142 - - [11/Jul/2021:19:52:35 -0400] "GET /wp-login.php HTTP/1.1" 200 13586 "-" "Mozilla/5.0 (Macintosh; Intel Mac OS X 10.9; rv:30.0) Gecko/20100101 Firefox/30.0"
192.151.145.142 - - [11/Jul/2021:19:52:35 -0400] "POST /wp-login.php HTTP/1.1" 200 8742 "-" "Mozilla/5.0 (Macintosh; Intel Mac OS X 10.9; rv:30.0) Gecko/20100101 Firefox/30.0"
35.231.6.180 - - [11/Jul/2021:19:53:33 -0400] "GET /case-studies/ HTTP/1.0" 404 5813 "-" "ZoominfoBot (zoominfobot at zoominfo dot com)"
35.231.6.180 - - [11/Jul/2021:19:55:02 -0400] "GET /xmlrpc.php?rsd HTTP/1.0" 200 5876 "-" "ZoominfoBot (zoominfobot at zoominfo dot com)"
35.231.6.180 - - [11/Jul/2021:20:03:57 -0400] "GET /solutions/ HTTP/1.0" 404 5813 "-" "ZoominfoBot (zoominfobot at zoominfo dot com)"
23.95.217.2 - - [11/Jul/2021:20:04:35 -0400] "POST /wp-login.php HTTP/1.1" 200 8854 "-" "Mozilla/5.0 (Windows NT 10.0; Win64; x64) AppleWebKit/537.36 (KHTML, like Gecko) Chrome/64.0.3282.167 Safari/537.36"
216.49.30.192 - - [11/Jul/2021:20:04:58 -0400] "POST /wp-admin/admin-ajax.php HTTP/1.1" 200 6789 "https://www.nepadesigns.com/index.php/fusion_tb_section/custom-homepage-ptb/?fb-edit=1" "Mozilla/5.0 (Macintosh; Intel Mac OS X 10_16_0) AppleWebKit/537.36 (KHTML, like Gecko) Chrome/81.0.4044.138 Safari/537.36"
216.49.30.192 - - [11/Jul/2021:20:04:59 -0400] "POST /wp-admin/admin-ajax.php HTTP/1.1" 200 715 "https://www.nepadesigns.com/wp-admin/admin.php?page=avada-layouts" "Mozilla/5.0 (Macintosh; Intel Mac OS X 10_16_0) AppleWebKit/537.36 (KHTML, like Gecko) Chrome/81.0.4044.138 Safari/537.36"
216.49.30.192 - - [11/Jul/2021:20:05:58 -0400] "POST /wp-admin/admin-ajax.php HTTP/1.1" 200 1165 "https://www.nepadesigns.com/index.php/fusion_tb_section/custom-homepage-ptb/?fb-edit=1" "Mozilla/5.0 (Macintosh; Intel Mac OS X 10_16_0) AppleWebKit/537.36 (KHTML, like Gecko) Chrome/81.0.4044.138 Safari/537.36"
216.49.30.192 - - [11/Jul/2021:20:06:00 -0400] "POST /wp-admin/admin-ajax.php HTTP/1.1" 200 605 "https://www.nepadesigns.com/wp-admin/admin.php?page=avada-layouts" "Mozilla/5.0 (Macintosh; Intel Mac OS X 10_16_0) AppleWebKit/537.36 (KHTML, like Gecko) Chrome/81.0.4044.138 Safari/537.36"
35.231.6.180 - - [11/Jul/2021:20:07:49 -0400] "GET /wp-content/uploads/fusion-gfonts/2sDcZGJYnIjSi6H75xkzaGW5.woff2 HTTP/1.0" 200 26265 "-" "ZoominfoBot (zoominfobot at zoominfo dot com)"
204.48.19.85 - - [11/Jul/2021:20:08:00 -0400] "POST /wp-cron.php?doing_wp_cron=1626048480.6806979179382324218750 HTTP/1.1" 200 6245 "https://www.nepadesigns.com/wp-cron.php?doing_wp_cron=1626048480.6806979179382324218750" "WordPress/5.7.2; https://www.nepadesigns.com"
216.49.30.192 - - [11/Jul/2021:20:08:00 -0400] "POST /wp-admin/admin-ajax.php HTTP/1.1" 200 1165 "https://www.nepadesigns.com/index.php/fusion_tb_section/custom-homepage-ptb/?fb-edit=1" "Mozilla/5.0 (Macintosh; Intel Mac OS X 10_16_0) AppleWebKit/537.36 (KHTML, like Gecko) Chrome/81.0.4044.138 Safari/537.36"
216.49.30.192 - - [11/Jul/2021:20:08:00 -0400] "POST /wp-admin/admin-ajax.php HTTP/1.1" 200 1181 "https://www.nepadesigns.com/wp-admin/admin.php?page=avada-layouts" "Mozilla/5.0 (Macintosh; Intel Mac OS X 10_16_0) AppleWebKit/537.36 (KHTML, like Gecko) Chrome/81.0.4044.138 Safari/537.36"
35.231.6.180 - - [11/Jul/2021:20:08:45 -0400] "GET /wp-content/uploads/fusion-icons/avada-business-coach-v2.0/fonts/avada-business-coach.ttf?fuoi4 HTTP/1.0" 200 11853 "-" "ZoominfoBot (zoominfobot at zoominfo dot com)"
204.48.19.85 - - [11/Jul/2021:20:09:02 -0400] "POST /wp-cron.php?doing_wp_cron=1626048542.4878520965576171875000 HTTP/1.1" 200 6245 "https://www.nepadesigns.com/wp-cron.php?doing_wp_cron=1626048542.4878520965576171875000" "WordPress/5.7.2; https://www.nepadesigns.com"
216.49.30.192 - - [11/Jul/2021:20:09:01 -0400] "POST /wp-admin/admin-ajax.php HTTP/1.1" 200 1181 "https://www.nepadesigns.com/wp-admin/admin.php?page=avada-layouts" "Mozilla/5.0 (Macintosh; Intel Mac OS X 10_16_0) AppleWebKit/537.36 (KHTML, like Gecko) Chrome/81.0.4044.138 Safari/537.36"
216.49.30.192 - - [11/Jul/2021:20:10:00 -0400] "POST /wp-admin/admin-ajax.php HTTP/1.1" 200 1181 "https://www.nepadesigns.com/index.php/fusion_tb_section/custom-homepage-ptb/?fb-edit=1" "Mozilla/5.0 (Macintosh; Intel Mac OS X 10_16_0) AppleWebKit/537.36 (KHTML, like Gecko) Chrome/81.0.4044.138 Safari/537.36"
216.49.30.192 - - [11/Jul/2021:20:11:02 -0400] "POST /wp-admin/admin-ajax.php HTTP/1.1" 200 1181 "https://www.nepadesigns.com/wp-admin/admin.php?page=avada-layouts" "Mozilla/5.0 (Macintosh; Intel Mac OS X 10_16_0) AppleWebKit/537.36 (KHTML, like Gecko) Chrome/81.0.4044.138 Safari/537.36"
216.49.30.192 - - [11/Jul/2021:20:12:02 -0400] "POST /wp-admin/admin-ajax.php HTTP/1.1" 200 1165 "https://www.nepadesigns.com/index.php/fusion_tb_section/custom-homepage-ptb/?fb-edit=1" "Mozilla/5.0 (Macintosh; Intel Mac OS X 10_16_0) AppleWebKit/537.36 (KHTML, like Gecko) Chrome/81.0.4044.138 Safari/537.36"
180.250.28.34 - - [11/Jul/2021:20:12:18 -0400] "POST /wp-login.php HTTP/1.1" 200 8868 "-" "Mozilla/5.0 (Windows NT 6.3; Win64; x64) AppleWebKit/537.36 (KHTML, like Gecko) Chrome/65.0.3325.181 Safari/537.36"
216.49.30.192 - - [11/Jul/2021:20:13:03 -0400] "POST /wp-admin/admin-ajax.php HTTP/1.1" 200 1181 "https://www.nepadesigns.com/wp-admin/admin.php?page=avada-layouts" "Mozilla/5.0 (Macintosh; Intel Mac OS X 10_16_0) AppleWebKit/537.36 (KHTML, like Gecko) Chrome/81.0.4044.138 Safari/537.36"
216.49.30.192 - - [11/Jul/2021:20:14:03 -0400] "POST /wp-admin/admin-ajax.php HTTP/1.1" 200 1181 "https://www.nepadesigns.com/index.php/fusion_tb_section/custom-homepage-ptb/?fb-edit=1" "Mozilla/5.0 (Macintosh; Intel Mac OS X 10_16_0) AppleWebKit/537.36 (KHTML, like Gecko) Chrome/81.0.4044.138 Safari/537.36"
35.231.6.180 - - [11/Jul/2021:20:14:33 -0400] "GET /wp-content/themes/Avada/includes/lib/assets/fonts/icomoon/icomoon.woff HTTP/1.0" 404 5813 "-" "ZoominfoBot (zoominfobot at zoominfo dot com)"
216.49.30.192 - - [11/Jul/2021:20:15:03 -0400] "POST /wp-admin/admin-ajax.php HTTP/1.1" 200 1181 "https://www.nepadesigns.com/wp-admin/admin.php?page=avada-layouts" "Mozilla/5.0 (Macintosh; Intel Mac OS X 10_16_0) AppleWebKit/537.36 (KHTML, like Gecko) Chrome/81.0.4044.138 Safari/537.36"
216.49.30.192 - - [11/Jul/2021:20:17:05 -0400] "POST /wp-admin/admin-ajax.php HTTP/1.1" 200 1165 "https://www.nepadesigns.com/wp-admin/admin.php?page=avada-layouts" "Mozilla/5.0 (Macintosh; Intel Mac OS X 10_16_0) AppleWebKit/537.36 (KHTML, like Gecko) Chrome/81.0.4044.138 Safari/537.36"
91.238.160.176 - - [11/Jul/2021:20:18:35 -0400] "POST /wp-login.php HTTP/1.1" 200 8838 "-" "Mozilla/5.0 (Windows NT 6.1) AppleWebKit/537.36 (KHTML, like Gecko) Chrome/61.0.3163.100 Safari/537.36"
185.191.34.215 - - [11/Jul/2021:20:22:34 -0400] "POST /index.php HTTP/1.1" 200 24876 "-" "Mozilla/5.0 (Windows NT 10.0; Win64; x64; rv:66.0) Gecko/20100101 Firefox/66.0"
35.231.6.180 - - [11/Jul/2021:20:24:12 -0400] "GET /book-a-consultation/ HTTP/1.0" 404 5813 "-" "ZoominfoBot (zoominfobot at zoominfo dot com)"
35.244.92.208 - - [11/Jul/2021:20:25:58 -0400] "POST /wp-login.php HTTP/1.1" 200 8852 "-" "Mozilla/5.0 (Windows NT 10.0; Win64; x64) AppleWebKit/537.36 (KHTML, like Gecko) Chrome/72.0.3626.109 Safari/537.36"
35.231.6.180 - - [11/Jul/2021:20:26:44 -0400] "GET /wp-content/uploads/fusion-gfonts/pxiEyp8kv8JHgFVrJJfecg.woff2 HTTP/1.0" 200 13523 "-" "ZoominfoBot (zoominfobot at zoominfo dot com)"
198.204.234.253 - - [11/Jul/2021:20:29:51 -0400] "GET /wp-login.php HTTP/1.1" 200 13586 "-" "Mozilla/5.0 (Windows NT 6.2; WOW64; rv:30.0) Gecko/20100101 Firefox/30.0"
198.204.234.253 - - [11/Jul/2021:20:29:51 -0400] "POST /wp-login.php HTTP/1.1" 200 8596 "-" "Mozilla/5.0 (Windows NT 6.2; WOW64; rv:30.0) Gecko/20100101 Firefox/30.0"
198.204.234.253 - - [11/Jul/2021:20:30:37 -0400] "GET /wp-login.php HTTP/1.1" 200 13586 "-" "Mozilla/5.0 (X11; Linux x86_64) AppleWebKit/537.36 (KHTML, like Gecko) Ubuntu Chromium/36.0.1985.125 Chrome/36.0.1985.125 Safari/537.36"
198.204.234.253 - - [11/Jul/2021:20:30:38 -0400] "POST /wp-login.php HTTP/1.1" 200 8742 "-" "Mozilla/5.0 (X11; Linux x86_64) AppleWebKit/537.36 (KHTML, like Gecko) Ubuntu Chromium/36.0.1985.125 Chrome/36.0.1985.125 Safari/537.36"
161.35.208.18 - - [11/Jul/2021:20:32:18 -0400] "POST /wp-login.php HTTP/1.1" 200 8838 "-" "Mozilla/5.0 (Windows NT 6.1) AppleWebKit/537.36 (KHTML, like Gecko) Chrome/70.0.3538.102 Safari/537.36"
35.231.6.180 - - [11/Jul/2021:20:37:53 -0400] "GET /index.php/comments/feed/ HTTP/1.0" 200 6193 "-" "ZoominfoBot (zoominfobot at zoominfo dot com)"
216.49.30.192 - - [11/Jul/2021:20:39:29 -0400] "POST /wp-admin/admin-ajax.php HTTP/1.1" 200 6647 "https://www.nepadesigns.com/index.php/fusion_tb_section/custom-homepage-ptb/?fb-edit=1" "Mozilla/5.0 (Macintosh; Intel Mac OS X 10_16_0) AppleWebKit/537.36 (KHTML, like Gecko) Chrome/81.0.4044.138 Safari/537.36"
216.49.30.192 - - [11/Jul/2021:20:39:29 -0400] "POST /wp-admin/admin-ajax.php HTTP/1.1" 200 605 "https://www.nepadesigns.com/wp-admin/admin.php?page=avada-layouts" "Mozilla/5.0 (Macintosh; Intel Mac OS X 10_16_0) AppleWebKit/537.36 (KHTML, like Gecko) Chrome/81.0.4044.138 Safari/537.36"
51.89.36.202 - - [11/Jul/2021:20:39:49 -0400] "POST /wp-login.php HTTP/1.1" 200 8836 "-" "Mozilla/5.0 (Windows NT 6.1) AppleWebKit/537.36 (KHTML, like Gecko) Chrome/70.0.3538.102 Safari/537.36"
216.49.30.192 - - [11/Jul/2021:20:40:29 -0400] "POST /wp-admin/admin-ajax.php HTTP/1.1" 200 1181 "https://www.nepadesigns.com/index.php/fusion_tb_section/custom-homepage-ptb/?fb-edit=1" "Mozilla/5.0 (Macintosh; Intel Mac OS X 10_16_0) AppleWebKit/537.36 (KHTML, like Gecko) Chrome/81.0.4044.138 Safari/537.36"
216.49.30.192 - - [11/Jul/2021:20:40:30 -0400] "POST /wp-admin/admin-ajax.php HTTP/1.1" 200 605 "https://www.nepadesigns.com/wp-admin/admin.php?page=avada-layouts" "Mozilla/5.0 (Macintosh; Intel Mac OS X 10_16_0) AppleWebKit/537.36 (KHTML, like Gecko) Chrome/81.0.4044.138 Safari/537.36"
216.49.30.192 - - [11/Jul/2021:20:42:31 -0400] "POST /wp-admin/admin-ajax.php HTTP/1.1" 200 1165 "https://www.nepadesigns.com/index.php/fusion_tb_section/custom-homepage-ptb/?fb-edit=1" "Mozilla/5.0 (Macintosh; Intel Mac OS X 10_16_0) AppleWebKit/537.36 (KHTML, like Gecko) Chrome/81.0.4044.138 Safari/537.36"
216.49.30.192 - - [11/Jul/2021:20:42:31 -0400] "POST /wp-admin/admin-ajax.php HTTP/1.1" 200 605 "https://www.nepadesigns.com/wp-admin/admin.php?page=avada-layouts" "Mozilla/5.0 (Macintosh; Intel Mac OS X 10_16_0) AppleWebKit/537.36 (KHTML, like Gecko) Chrome/81.0.4044.138 Safari/537.36"
216.49.30.192 - - [11/Jul/2021:20:44:31 -0400] "POST /wp-admin/admin-ajax.php HTTP/1.1" 200 1181 "https://www.nepadesigns.com/index.php/fusion_tb_section/custom-homepage-ptb/?fb-edit=1" "Mozilla/5.0 (Macintosh; Intel Mac OS X 10_16_0) AppleWebKit/537.36 (KHTML, like Gecko) Chrome/81.0.4044.138 Safari/537.36"
216.49.30.192 - - [11/Jul/2021:20:44:31 -0400] "POST /wp-admin/admin-ajax.php HTTP/1.1" 200 1165 "https://www.nepadesigns.com/wp-admin/admin.php?page=avada-layouts" "Mozilla/5.0 (Macintosh; Intel Mac OS X 10_16_0) AppleWebKit/537.36 (KHTML, like Gecko) Chrome/81.0.4044.138 Safari/537.36"
35.231.6.180 - - [11/Jul/2021:20:45:46 -0400] "GET /index.php/feed/ HTTP/1.0" 200 9617 "-" "ZoominfoBot (zoominfobot at zoominfo dot com)"
216.49.30.192 - - [11/Jul/2021:20:46:32 -0400] "POST /wp-admin/admin-ajax.php HTTP/1.1" 200 1165 "https://www.nepadesigns.com/index.php/fusion_tb_section/custom-homepage-ptb/?fb-edit=1" "Mozilla/5.0 (Macintosh; Intel Mac OS X 10_16_0) AppleWebKit/537.36 (KHTML, like Gecko) Chrome/81.0.4044.138 Safari/537.36"
216.49.30.192 - - [11/Jul/2021:20:46:32 -0400] "POST /wp-admin/admin-ajax.php HTTP/1.1" 200 6647 "https://www.nepadesigns.com/wp-admin/admin.php?page=avada-layouts" "Mozilla/5.0 (Macintosh; Intel Mac OS X 10_16_0) AppleWebKit/537.36 (KHTML, like Gecko) Chrome/81.0.4044.138 Safari/537.36"
185.2.4.33 - - [11/Jul/2021:20:54:07 -0400] "POST /wp-login.php HTTP/1.1" 200 8852 "-" "Mozilla/5.0 (Windows NT 6.1) AppleWebKit/537.36 (KHTML, like Gecko) Chrome/80.0.3987.132 Safari/537.36"
114.119.154.161 - - [11/Jul/2021:21:00:04 -0400] "GET /index.php/2017/11/01/why-you-need-a-seo-agency-now HTTP/1.1" 301 5750 "-" "Mozilla/5.0 (Linux; Android 7.0;) AppleWebKit/537.36 (KHTML, like Gecko) Mobile Safari/537.36 (compatible; PetalBot;+https://webmaster.petalsearch.com/site/petalbot)"
114.119.154.161 - - [11/Jul/2021:21:00:15 -0400] "GET /index.php/2017/11/01/why-you-need-a-seo-agency-now/ HTTP/1.1" 200 16342 "-" "Mozilla/5.0 (Linux; Android 7.0;) AppleWebKit/537.36 (KHTML, like Gecko) Mobile Safari/537.36 (compatible; PetalBot;+https://webmaster.petalsearch.com/site/petalbot)"
92.118.160.41 - - [11/Jul/2021:21:03:20 -0400] "GET / HTTP/1.1" 301 5624 "-" "NetSystemsResearch studies the availability of various services across the internet. Our website is netsystemsresearch.com"
92.118.160.41 - - [11/Jul/2021:21:03:21 -0400] "GET / HTTP/1.1" 200 177862 "-" "Go http package"
18.117.73.102 - - [11/Jul/2021:21:06:20 -0400] "GET / HTTP/1.1" 301 574 "-" "Mozilla/5.0 (Macintosh; Intel Mac OS X 10_15_0) AppleWebKit/537.36 (KHTML, like Gecko) Chrome/78.0.3904.87 Safari/537.36"
18.117.73.102 - - [11/Jul/2021:21:06:20 -0400] "GET / HTTP/1.1" 301 6300 "-" "Mozilla/5.0 (Macintosh; Intel Mac OS X 10_15_0) AppleWebKit/537.36 (KHTML, like Gecko) Chrome/78.0.3904.87 Safari/537.36"
18.117.73.102 - - [11/Jul/2021:21:06:21 -0400] "GET / HTTP/1.1" 200 24845 "-" "Mozilla/5.0 (Macintosh; Intel Mac OS X 10_15_0) AppleWebKit/537.36 (KHTML, like Gecko) Chrome/78.0.3904.87 Safari/537.36"
204.48.19.85 - - [11/Jul/2021:21:14:03 -0400] "POST /wp-cron.php?doing_wp_cron=1626052442.9059660434722900390625 HTTP/1.1" 200 6245 "https://www.nepadesigns.com/wp-cron.php?doing_wp_cron=1626052442.9059660434722900390625" "WordPress/5.7.2; https://www.nepadesigns.com"
198.204.234.253 - - [11/Jul/2021:21:14:02 -0400] "GET /wp-login.php HTTP/1.1" 200 13586 "-" "Mozilla/5.0 (Macintosh; Intel Mac OS X 10_9_2) AppleWebKit/537.36 (KHTML, like Gecko) Chrome/36.0.1985.125 Safari/537.36"
198.204.234.253 - - [11/Jul/2021:21:14:03 -0400] "POST /wp-login.php HTTP/1.1" 200 8596 "-" "Mozilla/5.0 (Macintosh; Intel Mac OS X 10_9_2) AppleWebKit/537.36 (KHTML, like Gecko) Chrome/36.0.1985.125 Safari/537.36"
198.204.234.253 - - [11/Jul/2021:21:14:19 -0400] "GET /wp-login.php HTTP/1.1" 200 13586 "-" "Mozilla/5.0 (Windows NT 6.2; WOW64; rv:30.0) Gecko/20100101 Firefox/30.0"
198.204.234.253 - - [11/Jul/2021:21:14:19 -0400] "POST /wp-login.php HTTP/1.1" 200 8742 "-" "Mozilla/5.0 (Windows NT 6.2; WOW64; rv:30.0) Gecko/20100101 Firefox/30.0"
107.180.72.143 - - [11/Jul/2021:21:14:50 -0400] "POST /wp-login.php HTTP/1.1" 200 8854 "-" "Mozilla/5.0 (Windows NT 10.0; Win64; x64) AppleWebKit/537.36 (KHTML, like Gecko) Chrome/60.0.3112.101 Safari/537.36"
114.119.142.243 - - [11/Jul/2021:21:22:14 -0400] "GET /index.php/case-studies/tenno-skoom-warframe-podcast?portfolioCats=48 HTTP/1.1" 404 88784 "-" "Mozilla/5.0 (Linux; Android 7.0;) AppleWebKit/537.36 (KHTML, like Gecko) Mobile Safari/537.36 (compatible; PetalBot;+https://webmaster.petalsearch.com/site/petalbot)"
94.19.34.161 - - [11/Jul/2021:21:22:27 -0400] "POST /wp-login.php HTTP/1.1" 200 8836 "-" "Mozilla/5.0 (Windows NT 6.1) AppleWebKit/537.36 (KHTML, like Gecko) Chrome/58.0.3029.110 Safari/537.36"
54.36.148.1 - - [11/Jul/2021:21:24:55 -0400] "GET /robots.txt HTTP/1.1" 404 6506 "-" "Mozilla/5.0 (compatible; AhrefsBot/7.0; +http://ahrefs.com/robot/)"
54.36.148.141 - - [11/Jul/2021:21:24:56 -0400] "GET / HTTP/1.1" 200 24820 "-" "Mozilla/5.0 (compatible; AhrefsBot/7.0; +http://ahrefs.com/robot/)"
82.165.121.35 - - [11/Jul/2021:21:28:58 -0400] "POST /wp-login.php HTTP/1.1" 200 8838 "-" "Mozilla/5.0 (Windows NT 10.0; WOW64) AppleWebKit/537.36 (KHTML, like Gecko) Chrome/79.0.3945.130 Safari/537.36"
107.150.63.173 - - [11/Jul/2021:21:39:35 -0400] "GET /wp-login.php HTTP/1.1" 200 13586 "-" "Mozilla/5.0 (Macintosh; Intel Mac OS X 10_6_8) AppleWebKit/534.59.10 (KHTML, like Gecko) Version/5.1.9 Safari/534.59.10"
107.150.63.173 - - [11/Jul/2021:21:39:35 -0400] "POST /wp-login.php HTTP/1.1" 200 8742 "-" "Mozilla/5.0 (Macintosh; Intel Mac OS X 10_6_8) AppleWebKit/534.59.10 (KHTML, like Gecko) Version/5.1.9 Safari/534.59.10"
107.150.46.51 - - [11/Jul/2021:21:45:59 -0400] "GET /wp-login.php HTTP/1.1" 200 13586 "-" "Mozilla/5.0 (Windows NT 5.1; rv:31.0) Gecko/20100101 Firefox/31.0"
107.150.46.51 - - [11/Jul/2021:21:46:00 -0400] "POST /wp-login.php HTTP/1.1" 200 8744 "-" "Mozilla/5.0 (Windows NT 5.1; rv:31.0) Gecko/20100101 Firefox/31.0"
192.99.13.228 - - [11/Jul/2021:21:47:45 -0400] "GET /robots.txt HTTP/1.1" 301 606 "-" "Mozilla/5.0 (compatible; MJ12bot/v1.4.8; http://mj12bot.com/)"
192.99.13.228 - - [11/Jul/2021:21:48:03 -0400] "GET /robots.txt HTTP/1.1" 404 6061 "-" "Mozilla/5.0 (compatible; MJ12bot/v1.4.8; http://mj12bot.com/)"
192.99.13.228 - - [11/Jul/2021:21:48:14 -0400] "GET / HTTP/1.1" 301 530 "-" "Mozilla/5.0 (compatible; MJ12bot/v1.4.8; http://mj12bot.com/)"
192.99.13.228 - - [11/Jul/2021:21:48:32 -0400] "GET / HTTP/1.1" 200 24299 "-" "Mozilla/5.0 (compatible; MJ12bot/v1.4.8; http://mj12bot.com/)"
118.69.173.199 - - [11/Jul/2021:21:50:43 -0400] "POST /wp-login.php HTTP/1.1" 200 8868 "-" "Mozilla/5.0 (Windows NT 6.1; WOW64) AppleWebKit/537.36 (KHTML, like Gecko) Chrome/48.0.2564.116 Safari/537.36"
148.66.129.233 - - [11/Jul/2021:21:57:33 -0400] "POST /wp-login.php HTTP/1.1" 200 8870 "-" "Mozilla/5.0 (Windows NT 6.1; Win64; x64) AppleWebKit/537.36 (KHTML, like Gecko) Chrome/67.0.3396.87 Safari/537.36"
198.204.234.253 - - [11/Jul/2021:21:58:23 -0400] "GET /wp-login.php HTTP/1.1" 200 13586 "-" "Mozilla/5.0 (compatible; MSIE 10.0; Windows NT 6.1; WOW64; Trident/6.0)"
198.204.234.253 - - [11/Jul/2021:21:58:24 -0400] "POST /wp-login.php HTTP/1.1" 200 8742 "-" "Mozilla/5.0 (compatible; MSIE 10.0; Windows NT 6.1; WOW64; Trident/6.0)"
143.198.54.42 - - [11/Jul/2021:22:05:38 -0400] "POST /wp-login.php HTTP/1.1" 200 8868 "-" "Mozilla/5.0 (Windows NT 5.1) AppleWebKit/537.36 (KHTML, like Gecko) Chrome/47.0.2526.106 Safari/537.36"
176.31.247.193 - - [11/Jul/2021:22:12:23 -0400] "POST /wp-login.php HTTP/1.1" 200 8838 "-" "Mozilla/5.0 (Windows NT 6.1) AppleWebKit/537.36 (KHTML, like Gecko) Chrome/56.0.2924.87 Safari/537.36"
204.48.19.85 - - [11/Jul/2021:22:12:24 -0400] "POST /wp-cron.php?doing_wp_cron=1626055944.3931400775909423828125 HTTP/1.1" 200 6245 "https://www.nepadesigns.com/wp-cron.php?doing_wp_cron=1626055944.3931400775909423828125" "WordPress/5.7.2; https://www.nepadesigns.com"
92.118.160.5 - - [11/Jul/2021:22:12:56 -0400] "GET / HTTP/1.1" 301 518 "-" "NetSystemsResearch studies the availability of various services across the internet. Our website is netsystemsresearch.com"
92.118.160.5 - - [11/Jul/2021:22:12:56 -0400] "GET / HTTP/1.1" 301 5624 "http://204.48.19.85:80/" "Go http package"
92.118.160.5 - - [11/Jul/2021:22:12:57 -0400] "GET / HTTP/1.1" 200 177862 "-" "Go http package"
148.72.215.37 - - [11/Jul/2021:22:20:23 -0400] "POST /wp-login.php HTTP/1.1" 200 8868 "-" "Mozilla/5.0 (Windows NT 6.1; WOW64) AppleWebKit/537.36 (KHTML, like Gecko) Chrome/48.0.2564.116 Safari/537.36"
54.189.191.183 - - [11/Jul/2021:22:22:14 -0400] "GET / HTTP/1.1" 301 518 "-" "Mozilla/5.0 (X11; Linux x86_64) AppleWebKit/537.36 (KHTML, like Gecko) Chrome/83.0.4103.97 Safari/537.36"
54.189.191.183 - - [11/Jul/2021:22:22:17 -0400] "GET / HTTP/1.1" 301 6276 "-" "Mozilla/5.0 (X11; Linux x86_64) AppleWebKit/537.36 (KHTML, like Gecko) Chrome/83.0.4103.97 Safari/537.36"
45.40.132.156 - - [11/Jul/2021:22:26:49 -0400] "POST /wp-login.php HTTP/1.1" 200 8870 "-" "Mozilla/5.0 (Windows NT 6.1; Win64; x64) AppleWebKit/537.36 (KHTML, like Gecko) Chrome/55.0.2883.87 Safari/537.36"
183.181.98.160 - - [11/Jul/2021:22:40:57 -0400] "POST /wp-login.php HTTP/1.1" 200 8854 "-" "Mozilla/5.0 (Windows NT 6.1) AppleWebKit/537.36 (KHTML, like Gecko) Chrome/59.0.3071.115 Safari/537.36"
199.192.24.32 - - [11/Jul/2021:22:48:41 -0400] "POST /wp-login.php HTTP/1.1" 200 8836 "-" "Mozilla/5.0 (Windows NT 10.0; Win64; x64) AppleWebKit/537.36 (KHTML, like Gecko) Chrome/72.0.3626.109 Safari/537.36"
82.165.121.35 - - [11/Jul/2021:22:55:15 -0400] "POST /wp-login.php HTTP/1.1" 200 8838 "-" "Mozilla/5.0 (Windows NT 10.0; Win64; x64) AppleWebKit/537.36 (KHTML, like Gecko) Chrome/62.0.3202.89 Safari/537.36"
198.204.240.246 - - [11/Jul/2021:22:55:21 -0400] "GET /wp-login.php HTTP/1.1" 200 13586 "-" "Mozilla/5.0 (iPhone; CPU iPhone OS 7_1 like Mac OS X) AppleWebKit/537.51.2 (KHTML, like Gecko) Version/7.0 Mobile/11D167 Safari/9537.53"
198.204.240.246 - - [11/Jul/2021:22:55:21 -0400] "POST /wp-login.php HTTP/1.1" 200 8742 "-" "Mozilla/5.0 (iPhone; CPU iPhone OS 7_1 like Mac OS X) AppleWebKit/537.51.2 (KHTML, like Gecko) Version/7.0 Mobile/11D167 Safari/9537.53"
107.150.46.51 - - [11/Jul/2021:22:55:32 -0400] "GET /wp-login.php HTTP/1.1" 200 13586 "-" "Mozilla/5.0 (iPhone; CPU iPhone OS 7_1_2 like Mac OS X) AppleWebKit/537.51.1 (KHTML, like Gecko) GSA/4.1.0.31802 Mobile/11D257 Safari/9537.53"
107.150.46.51 - - [11/Jul/2021:22:55:33 -0400] "POST /wp-login.php HTTP/1.1" 200 8596 "-" "Mozilla/5.0 (iPhone; CPU iPhone OS 7_1_2 like Mac OS X) AppleWebKit/537.51.1 (KHTML, like Gecko) GSA/4.1.0.31802 Mobile/11D257 Safari/9537.53"
204.48.19.85 - - [11/Jul/2021:23:03:17 -0400] "POST /wp-cron.php?doing_wp_cron=1626058997.5954070091247558593750 HTTP/1.1" 200 6261 "https://www.nepadesigns.com/wp-cron.php?doing_wp_cron=1626058997.5954070091247558593750" "WordPress/5.7.2; https://www.nepadesigns.com"
47.242.169.32 - - [11/Jul/2021:23:03:17 -0400] "POST /wp-login.php HTTP/1.1" 200 8852 "-" "Mozilla/5.0 (Windows NT 6.1; Win64; x64) AppleWebKit/537.36 (KHTML, like Gecko) Chrome/79.0.3945.117 Safari/537.36"
173.208.244.94 - - [11/Jul/2021:23:04:56 -0400] "GET /wp-login.php HTTP/1.1" 200 13586 "-" "Mozilla/5.0 (Windows NT 5.1; rv:31.0) Gecko/20100101 Firefox/31.0"
173.208.244.94 - - [11/Jul/2021:23:04:57 -0400] "POST /wp-login.php HTTP/1.1" 200 8742 "-" "Mozilla/5.0 (Windows NT 5.1; rv:31.0) Gecko/20100101 Firefox/31.0"
204.48.19.85 - - [11/Jul/2021:23:09:42 -0400] "POST /wp-cron.php?doing_wp_cron=1626059382.4769849777221679687500 HTTP/1.1" 200 6245 "https://www.nepadesigns.com/wp-cron.php?doing_wp_cron=1626059382.4769849777221679687500" "WordPress/5.7.2; https://www.nepadesigns.com"
35.207.213.67 - - [11/Jul/2021:23:09:41 -0400] "POST /wp-login.php HTTP/1.1" 200 8854 "-" "Mozilla/5.0 (Windows NT 10.0; Win64; x64) AppleWebKit/537.36 (KHTML, like Gecko) Chrome/54.0.2840.99 Safari/537.36"
107.150.59.246 - - [11/Jul/2021:23:16:46 -0400] "GET /wp-login.php HTTP/1.1" 200 13586 "-" "Mozilla/5.0 (Windows NT 6.1; WOW64; rv:24.0) Gecko/20100101 Firefox/24.0"
204.48.19.85 - - [11/Jul/2021:23:16:47 -0400] "GET / HTTP/1.1" 200 24839 "https://www.nepadesigns.com/" "WordPress/5.7.2; https://www.nepadesigns.com"
204.48.19.85 - - [11/Jul/2021:23:16:46 -0400] "POST /wp-cron.php?doing_wp_cron=1626059806.8060009479522705078125 HTTP/1.1" 200 6245 "https://www.nepadesigns.com/wp-cron.php?doing_wp_cron=1626059806.8060009479522705078125" "WordPress/5.7.2; https://www.nepadesigns.com"
107.150.59.246 - - [11/Jul/2021:23:16:47 -0400] "POST /wp-login.php HTTP/1.1" 200 8596 "-" "Mozilla/5.0 (Windows NT 6.1; WOW64; rv:24.0) Gecko/20100101 Firefox/24.0"
161.35.208.18 - - [11/Jul/2021:23:17:11 -0400] "POST /wp-login.php HTTP/1.1" 200 8868 "-" "Mozilla/5.0 (Windows NT 6.1; Win64; x64) AppleWebKit/537.36 (KHTML, like Gecko) Chrome/66.0.3359.117 Safari/537.36"
107.150.59.246 - - [11/Jul/2021:23:17:19 -0400] "GET /wp-login.php HTTP/1.1" 200 13586 "-" "Mozilla/5.0 (X11; Linux x86_64) AppleWebKit/537.36 (KHTML, like Gecko) Chrome/36.0.1985.125 Safari/537.36"
107.150.59.246 - - [11/Jul/2021:23:17:20 -0400] "POST /wp-login.php HTTP/1.1" 200 8742 "-" "Mozilla/5.0 (X11; Linux x86_64) AppleWebKit/537.36 (KHTML, like Gecko) Chrome/36.0.1985.125 Safari/537.36"
198.204.234.253 - - [11/Jul/2021:23:21:15 -0400] "GET /wp-login.php HTTP/1.1" 200 13586 "-" "Mozilla/5.0 (Windows NT 6.1; WOW64) AppleWebKit/537.36 (KHTML, like Gecko) Chrome/36.0.1985.125 Safari/537.36"
198.204.234.253 - - [11/Jul/2021:23:21:15 -0400] "POST /wp-login.php HTTP/1.1" 200 8596 "-" "Mozilla/5.0 (Windows NT 6.1; WOW64) AppleWebKit/537.36 (KHTML, like Gecko) Chrome/36.0.1985.125 Safari/537.36"
185.2.4.33 - - [11/Jul/2021:23:23:17 -0400] "POST /wp-login.php HTTP/1.1" 200 8870 "-" "Mozilla/5.0 (Windows NT 6.3; Win64; x64) AppleWebKit/537.36 (KHTML, like Gecko) Chrome/77.0.3865.90 Safari/537.36"
35.207.213.67 - - [11/Jul/2021:23:30:43 -0400] "POST /wp-login.php HTTP/1.1" 200 8852 "-" "Mozilla/5.0 (Windows NT 10.0; WOW64) AppleWebKit/537.36 (KHTML, like Gecko) Chrome/46.0.2490.80 Safari/537.36"
209.126.13.151 - - [11/Jul/2021:23:35:37 -0400] "GET /wp-login.php HTTP/1.1" 200 8044 "-" "Mozilla/5.0 (X11; Ubuntu; Linux x86_64; rv:62.0) Gecko/20100101 Firefox/62.0"
209.126.13.151 - - [11/Jul/2021:23:35:37 -0400] "POST /wp-login.php HTTP/1.1" 200 8163 "-" "Mozilla/5.0 (X11; Ubuntu; Linux x86_64; rv:62.0) Gecko/20100101 Firefox/62.0"
209.126.13.151 - - [11/Jul/2021:23:35:38 -0400] "GET /wp-login.php HTTP/1.1" 200 8044 "-" "Mozilla/5.0 (X11; Ubuntu; Linux x86_64; rv:62.0) Gecko/20100101 Firefox/62.0"
209.126.13.151 - - [11/Jul/2021:23:35:39 -0400] "POST /wp-login.php HTTP/1.1" 200 8145 "-" "Mozilla/5.0 (X11; Ubuntu; Linux x86_64; rv:62.0) Gecko/20100101 Firefox/62.0"
209.126.13.151 - - [11/Jul/2021:23:35:39 -0400] "POST /xmlrpc.php HTTP/1.1" 200 5817 "-" "Mozilla/5.0 (X11; Ubuntu; Linux x86_64; rv:62.0) Gecko/20100101 Firefox/62.0"
58.177.156.100 - - [11/Jul/2021:23:37:04 -0400] "POST /wp-login.php HTTP/1.1" 200 8854 "-" "Mozilla/5.0 (Windows NT 6.1) AppleWebKit/537.36 (KHTML, like Gecko) Chrome/58.0.3029.110 Safari/537.36"
198.204.234.253 - - [11/Jul/2021:23:38:31 -0400] "GET /wp-login.php HTTP/1.1" 200 13586 "-" "Mozilla/5.0 (Macintosh; Intel Mac OS X 10_9_2) AppleWebKit/537.74.9 (KHTML, like Gecko) Version/7.0.2 Safari/537.74.9"
198.204.234.253 - - [11/Jul/2021:23:38:32 -0400] "POST /wp-login.php HTTP/1.1" 200 8742 "-" "Mozilla/5.0 (Macintosh; Intel Mac OS X 10_9_2) AppleWebKit/537.74.9 (KHTML, like Gecko) Version/7.0.2 Safari/537.74.9"
54.227.85.77 - - [11/Jul/2021:23:44:32 -0400] "POST /wp-login.php HTTP/1.1" 200 8852 "-" "Mozilla/5.0 (Windows NT 10.0; Win64; x64) AppleWebKit/537.36 (KHTML, like Gecko) Chrome/60.0.3112.101 Safari/537.36"
40.77.167.64 - - [11/Jul/2021:23:47:11 -0400] "GET /wp-content/uploads/2020/01/consulticon-400x400.png HTTP/1.1" 404 6092 "-" "Mozilla/5.0 (compatible; bingbot/2.0; +http://www.bing.com/bingbot.htm)"
138.68.149.180 - - [11/Jul/2021:23:50:44 -0400] "POST /wp-login.php HTTP/1.1" 200 8854 "-" "Mozilla/5.0 (Windows NT 5.1) AppleWebKit/537.36 (KHTML, like Gecko) Chrome/47.0.2526.106 Safari/537.36"
