204.48.19.85 - - [30/Jun/2021:08:08:02 -0400] "POST /wp-cron.php?doing_wp_cron=1625054882.7733190059661865234375 HTTP/1.1" 200 5406 "https://www.nepadesigns.com/wp-cron.php?doing_wp_cron=1625054882.7733190059661865234375" "WordPress/5.7.2; https://www.nepadesigns.com"
143.198.128.239 - - [30/Jun/2021:08:08:02 -0400] "GET /wp-login.php HTTP/1.1" 200 7222 "-" "Mozilla/5.0 (X11; Ubuntu; Linux x86_64; rv:62.0) Gecko/20100101 Firefox/62.0"
143.198.128.239 - - [30/Jun/2021:08:08:03 -0400] "POST /wp-login.php HTTP/1.1" 200 7345 "-" "Mozilla/5.0 (X11; Ubuntu; Linux x86_64; rv:62.0) Gecko/20100101 Firefox/62.0"
143.198.128.239 - - [30/Jun/2021:08:08:04 -0400] "POST /xmlrpc.php HTTP/1.1" 200 4994 "-" "Mozilla/5.0 (X11; Ubuntu; Linux x86_64; rv:62.0) Gecko/20100101 Firefox/62.0"
204.48.19.85 - - [30/Jun/2021:08:14:40 -0400] "POST /wp-cron.php?doing_wp_cron=1625055280.1610260009765625000000 HTTP/1.1" 200 5438 "https://www.nepadesigns.com/wp-cron.php?doing_wp_cron=1625055280.1610260009765625000000" "WordPress/5.7.2; https://www.nepadesigns.com"
40.89.141.155 - - [30/Jun/2021:08:14:39 -0400] "GET /wp-login.php HTTP/1.1" 200 7222 "-" "Mozilla/5.0 (X11; Ubuntu; Linux x86_64; rv:62.0) Gecko/20100101 Firefox/62.0"
40.89.141.155 - - [30/Jun/2021:08:14:41 -0400] "POST /wp-login.php HTTP/1.1" 200 7345 "-" "Mozilla/5.0 (X11; Ubuntu; Linux x86_64; rv:62.0) Gecko/20100101 Firefox/62.0"
40.89.141.155 - - [30/Jun/2021:08:14:42 -0400] "POST /xmlrpc.php HTTP/1.1" 200 4994 "-" "Mozilla/5.0 (X11; Ubuntu; Linux x86_64; rv:62.0) Gecko/20100101 Firefox/62.0"
198.23.60.45 - - [30/Jun/2021:08:19:33 -0400] "GET /wp-login.php HTTP/1.1" 200 7222 "-" "Mozilla/5.0 (X11; Ubuntu; Linux x86_64; rv:62.0) Gecko/20100101 Firefox/62.0"
198.23.60.45 - - [30/Jun/2021:08:19:34 -0400] "POST /wp-login.php HTTP/1.1" 200 7345 "-" "Mozilla/5.0 (X11; Ubuntu; Linux x86_64; rv:62.0) Gecko/20100101 Firefox/62.0"
198.23.60.45 - - [30/Jun/2021:08:19:35 -0400] "POST /xmlrpc.php HTTP/1.1" 200 4994 "-" "Mozilla/5.0 (X11; Ubuntu; Linux x86_64; rv:62.0) Gecko/20100101 Firefox/62.0"
191.101.31.232 - - [30/Jun/2021:08:24:25 -0400] "GET / HTTP/1.0" 301 537 "http://nepadesigns.com/" "Mozilla/5.0 (Windows NT 10.0; Win64; x64) AppleWebKit/537.36 (KHTML, like Gecko) Chrome/58.0.3029.110 Safari/537.36 Edge/16.16299"
191.101.31.232 - - [30/Jun/2021:08:24:25 -0400] "GET / HTTP/1.0" 301 5015 "https://nepadesigns.com/" "Mozilla/5.0 (Windows NT 10.0; Win64; x64) AppleWebKit/537.36 (KHTML, like Gecko) Chrome/58.0.3029.110 Safari/537.36 Edge/16.16299"
191.101.31.232 - - [30/Jun/2021:08:24:26 -0400] "GET / HTTP/1.0" 200 188246 "https://www.nepadesigns.com/" "Mozilla/5.0 (Windows NT 10.0; Win64; x64) AppleWebKit/537.36 (KHTML, like Gecko) Chrome/58.0.3029.110 Safari/537.36 Edge/16.16299"
5.134.124.46 - - [30/Jun/2021:08:25:53 -0400] "GET /wp-login.php HTTP/1.1" 200 7222 "-" "Mozilla/5.0 (X11; Ubuntu; Linux x86_64; rv:62.0) Gecko/20100101 Firefox/62.0"
5.134.124.46 - - [30/Jun/2021:08:25:54 -0400] "POST /wp-login.php HTTP/1.1" 200 7345 "-" "Mozilla/5.0 (X11; Ubuntu; Linux x86_64; rv:62.0) Gecko/20100101 Firefox/62.0"
5.134.124.46 - - [30/Jun/2021:08:25:55 -0400] "POST /xmlrpc.php HTTP/1.1" 200 4994 "-" "Mozilla/5.0 (X11; Ubuntu; Linux x86_64; rv:62.0) Gecko/20100101 Firefox/62.0"
82.223.2.27 - - [30/Jun/2021:08:29:39 -0400] "GET /wp-login.php HTTP/1.1" 200 7222 "-" "Mozilla/5.0 (X11; Ubuntu; Linux x86_64; rv:62.0) Gecko/20100101 Firefox/62.0"
82.223.2.27 - - [30/Jun/2021:08:29:39 -0400] "POST /wp-login.php HTTP/1.1" 200 7345 "-" "Mozilla/5.0 (X11; Ubuntu; Linux x86_64; rv:62.0) Gecko/20100101 Firefox/62.0"
82.223.2.27 - - [30/Jun/2021:08:29:40 -0400] "POST /xmlrpc.php HTTP/1.1" 200 4994 "-" "Mozilla/5.0 (X11; Ubuntu; Linux x86_64; rv:62.0) Gecko/20100101 Firefox/62.0"
157.55.39.83 - - [30/Jun/2021:08:34:28 -0400] "GET / HTTP/1.1" 200 23278 "-" "Mozilla/5.0 (compatible; bingbot/2.0; +http://www.bing.com/bingbot.htm)"
193.70.122.67 - - [30/Jun/2021:08:36:38 -0400] "GET /wp-login.php HTTP/1.1" 200 7222 "-" "Mozilla/5.0 (X11; Ubuntu; Linux x86_64; rv:62.0) Gecko/20100101 Firefox/62.0"
193.70.122.67 - - [30/Jun/2021:08:36:39 -0400] "POST /wp-login.php HTTP/1.1" 200 7345 "-" "Mozilla/5.0 (X11; Ubuntu; Linux x86_64; rv:62.0) Gecko/20100101 Firefox/62.0"
193.70.122.67 - - [30/Jun/2021:08:36:39 -0400] "POST /xmlrpc.php HTTP/1.1" 200 4994 "-" "Mozilla/5.0 (X11; Ubuntu; Linux x86_64; rv:62.0) Gecko/20100101 Firefox/62.0"
148.251.15.243 - - [30/Jun/2021:08:40:43 -0400] "GET /wp-login.php HTTP/1.1" 200 7222 "-" "Mozilla/5.0 (X11; Ubuntu; Linux x86_64; rv:62.0) Gecko/20100101 Firefox/62.0"
148.251.15.243 - - [30/Jun/2021:08:40:44 -0400] "POST /wp-login.php HTTP/1.1" 200 7345 "-" "Mozilla/5.0 (X11; Ubuntu; Linux x86_64; rv:62.0) Gecko/20100101 Firefox/62.0"
148.251.15.243 - - [30/Jun/2021:08:40:45 -0400] "POST /xmlrpc.php HTTP/1.1" 200 4994 "-" "Mozilla/5.0 (X11; Ubuntu; Linux x86_64; rv:62.0) Gecko/20100101 Firefox/62.0"
27.254.148.246 - - [30/Jun/2021:08:47:10 -0400] "GET /wp-login.php HTTP/1.1" 200 7222 "-" "Mozilla/5.0 (X11; Ubuntu; Linux x86_64; rv:62.0) Gecko/20100101 Firefox/62.0"
27.254.148.246 - - [30/Jun/2021:08:47:11 -0400] "POST /wp-login.php HTTP/1.1" 200 7345 "-" "Mozilla/5.0 (X11; Ubuntu; Linux x86_64; rv:62.0) Gecko/20100101 Firefox/62.0"
27.254.148.246 - - [30/Jun/2021:08:47:13 -0400] "POST /xmlrpc.php HTTP/1.1" 200 4994 "-" "Mozilla/5.0 (X11; Ubuntu; Linux x86_64; rv:62.0) Gecko/20100101 Firefox/62.0"
45.129.18.162 - - [30/Jun/2021:08:52:03 -0400] "HEAD / HTTP/1.1" 301 240 "-" "Mozilla/5.0 (Macintosh; Intel Mac OS X 10_9_3) AppleWebKit/537.36 (KHTML, like Gecko) Chrome/35.0.1916.47 Safari/537.36"
45.129.18.251 - - [30/Jun/2021:08:52:04 -0400] "HEAD / HTTP/1.1" 301 5033 "-" "Mozilla/5.0 (Macintosh; Intel Mac OS X 10_9_3) AppleWebKit/537.36 (KHTML, like Gecko) Chrome/35.0.1916.47 Safari/537.36"
45.129.18.20 - - [30/Jun/2021:08:52:05 -0400] "HEAD / HTTP/1.1" 200 5199 "-" "Mozilla/5.0 (Macintosh; Intel Mac OS X 10_9_3) AppleWebKit/537.36 (KHTML, like Gecko) Chrome/35.0.1916.47 Safari/537.36"
162.243.164.144 - - [30/Jun/2021:08:56:25 -0400] "GET /wp-login.php HTTP/1.1" 200 7222 "-" "Mozilla/5.0 (X11; Ubuntu; Linux x86_64; rv:62.0) Gecko/20100101 Firefox/62.0"
162.243.164.144 - - [30/Jun/2021:08:56:25 -0400] "POST /wp-login.php HTTP/1.1" 200 7345 "-" "Mozilla/5.0 (X11; Ubuntu; Linux x86_64; rv:62.0) Gecko/20100101 Firefox/62.0"
162.243.164.144 - - [30/Jun/2021:08:56:26 -0400] "POST /xmlrpc.php HTTP/1.1" 200 4994 "-" "Mozilla/5.0 (X11; Ubuntu; Linux x86_64; rv:62.0) Gecko/20100101 Firefox/62.0"
148.251.15.243 - - [30/Jun/2021:09:01:24 -0400] "GET /wp-login.php HTTP/1.1" 200 7222 "-" "Mozilla/5.0 (X11; Ubuntu; Linux x86_64; rv:62.0) Gecko/20100101 Firefox/62.0"
148.251.15.243 - - [30/Jun/2021:09:01:25 -0400] "POST /wp-login.php HTTP/1.1" 200 7345 "-" "Mozilla/5.0 (X11; Ubuntu; Linux x86_64; rv:62.0) Gecko/20100101 Firefox/62.0"
148.251.15.243 - - [30/Jun/2021:09:01:26 -0400] "POST /xmlrpc.php HTTP/1.1" 200 4994 "-" "Mozilla/5.0 (X11; Ubuntu; Linux x86_64; rv:62.0) Gecko/20100101 Firefox/62.0"
82.223.2.27 - - [30/Jun/2021:09:06:59 -0400] "GET /wp-login.php HTTP/1.1" 200 7222 "-" "Mozilla/5.0 (X11; Ubuntu; Linux x86_64; rv:62.0) Gecko/20100101 Firefox/62.0"
82.223.2.27 - - [30/Jun/2021:09:07:00 -0400] "POST /wp-login.php HTTP/1.1" 200 7345 "-" "Mozilla/5.0 (X11; Ubuntu; Linux x86_64; rv:62.0) Gecko/20100101 Firefox/62.0"
82.223.2.27 - - [30/Jun/2021:09:07:01 -0400] "POST /xmlrpc.php HTTP/1.1" 200 4994 "-" "Mozilla/5.0 (X11; Ubuntu; Linux x86_64; rv:62.0) Gecko/20100101 Firefox/62.0"
204.48.19.85 - - [30/Jun/2021:09:13:44 -0400] "POST /wp-cron.php?doing_wp_cron=1625058824.8558039665222167968750 HTTP/1.1" 200 5422 "https://www.nepadesigns.com/wp-cron.php?doing_wp_cron=1625058824.8558039665222167968750" "WordPress/5.7.2; https://www.nepadesigns.com"
103.130.213.36 - - [30/Jun/2021:09:13:44 -0400] "GET /wp-login.php HTTP/1.1" 200 7222 "-" "Mozilla/5.0 (X11; Ubuntu; Linux x86_64; rv:62.0) Gecko/20100101 Firefox/62.0"
103.130.213.36 - - [30/Jun/2021:09:13:46 -0400] "POST /wp-login.php HTTP/1.1" 200 7345 "-" "Mozilla/5.0 (X11; Ubuntu; Linux x86_64; rv:62.0) Gecko/20100101 Firefox/62.0"
103.130.213.36 - - [30/Jun/2021:09:13:48 -0400] "POST /xmlrpc.php HTTP/1.1" 200 4994 "-" "Mozilla/5.0 (X11; Ubuntu; Linux x86_64; rv:62.0) Gecko/20100101 Firefox/62.0"
18.197.236.152 - - [30/Jun/2021:09:18:54 -0400] "POST /wp-login.php HTTP/1.1" 200 7346 "-" "Mozilla/5.0 (X11; Ubuntu; Linux x86_64; rv:62.0) Gecko/20100101 Firefox/62.0"
18.197.236.152 - - [30/Jun/2021:09:19:27 -0400] "POST /xmlrpc.php HTTP/1.1" 200 4994 "-" "Mozilla/5.0 (X11; Ubuntu; Linux x86_64; rv:62.0) Gecko/20100101 Firefox/62.0"
5.188.210.4 - - [30/Jun/2021:09:20:07 -0400] "GET /js/editor/filemanager/upload/php/upload.php HTTP/1.0" 301 623 "-" "Mozilla/5.0 (Windows NT 6.3; Win64; x64) AppleWebKit/537.36 (KHTML, like Gecko) Chrome/75.0.3770.100 Safari/537.36"
5.188.210.4 - - [30/Jun/2021:09:20:08 -0400] "GET /js/editor/filemanager/upload/php/upload.php HTTP/1.0" 404 5226 "-" "Mozilla/5.0 (Windows NT 6.3; Win64; x64) AppleWebKit/537.36 (KHTML, like Gecko) Chrome/75.0.3770.100 Safari/537.36"
148.72.215.37 - - [30/Jun/2021:09:24:34 -0400] "GET /wp-login.php HTTP/1.1" 200 7222 "-" "Mozilla/5.0 (X11; Ubuntu; Linux x86_64; rv:62.0) Gecko/20100101 Firefox/62.0"
148.72.215.37 - - [30/Jun/2021:09:24:36 -0400] "POST /wp-login.php HTTP/1.1" 200 7345 "-" "Mozilla/5.0 (X11; Ubuntu; Linux x86_64; rv:62.0) Gecko/20100101 Firefox/62.0"
148.72.215.37 - - [30/Jun/2021:09:24:37 -0400] "POST /xmlrpc.php HTTP/1.1" 200 4994 "-" "Mozilla/5.0 (X11; Ubuntu; Linux x86_64; rv:62.0) Gecko/20100101 Firefox/62.0"
46.101.144.71 - - [30/Jun/2021:09:28:38 -0400] "POST /xmlrpc.php HTTP/1.1" 200 4994 "-" "Mozilla/5.0 (X11; Ubuntu; Linux x86_64; rv:62.0) Gecko/20100101 Firefox/62.0"
45.144.29.40 - - [30/Jun/2021:09:35:53 -0400] "GET / HTTP/1.1" 200 23004 "-" "Mozilla/5.0 (Windows NT 10.0; Win64; x64) AppleWebKit/537.36 (KHTML, like Gecko) Chrome/89.0.4389.82 Safari/537.36"
195.201.172.76 - - [30/Jun/2021:09:39:24 -0400] "GET /wp-login.php HTTP/1.1" 200 7222 "-" "Mozilla/5.0 (X11; Ubuntu; Linux x86_64; rv:62.0) Gecko/20100101 Firefox/62.0"
195.201.172.76 - - [30/Jun/2021:09:39:25 -0400] "POST /wp-login.php HTTP/1.1" 200 7345 "-" "Mozilla/5.0 (X11; Ubuntu; Linux x86_64; rv:62.0) Gecko/20100101 Firefox/62.0"
195.201.172.76 - - [30/Jun/2021:09:39:26 -0400] "POST /xmlrpc.php HTTP/1.1" 200 4994 "-" "Mozilla/5.0 (X11; Ubuntu; Linux x86_64; rv:62.0) Gecko/20100101 Firefox/62.0"
101.0.123.178 - - [30/Jun/2021:09:45:59 -0400] "GET /wp-login.php HTTP/1.1" 200 7222 "-" "Mozilla/5.0 (X11; Ubuntu; Linux x86_64; rv:62.0) Gecko/20100101 Firefox/62.0"
114.119.142.126 - - [30/Jun/2021:09:46:00 -0400] "GET /careers HTTP/1.1" 404 5039 "-" "Mozilla/5.0 (Linux; Android 7.0;) AppleWebKit/537.36 (KHTML, like Gecko) Mobile Safari/537.36 (compatible; PetalBot;+https://webmaster.petalsearch.com/site/petalbot)"
101.0.123.178 - - [30/Jun/2021:09:46:01 -0400] "POST /wp-login.php HTTP/1.1" 200 7345 "-" "Mozilla/5.0 (X11; Ubuntu; Linux x86_64; rv:62.0) Gecko/20100101 Firefox/62.0"
101.0.123.178 - - [30/Jun/2021:09:46:02 -0400] "POST /xmlrpc.php HTTP/1.1" 200 4994 "-" "Mozilla/5.0 (X11; Ubuntu; Linux x86_64; rv:62.0) Gecko/20100101 Firefox/62.0"
54.39.29.64 - - [30/Jun/2021:09:48:18 -0400] "GET / HTTP/1.0" 301 537 "http://nepadesigns.com/" "Mozilla/5.0 (Windows NT 10.0; ) AppleWebKit/537.36 (KHTML, like Gecko) Chrome/83.0.4086.0 Safari/537.36"
54.39.29.64 - - [30/Jun/2021:09:48:18 -0400] "GET / HTTP/1.0" 301 5015 "https://nepadesigns.com/" "Mozilla/5.0 (Windows NT 10.0; ) AppleWebKit/537.36 (KHTML, like Gecko) Chrome/83.0.4086.0 Safari/537.36"
54.39.29.64 - - [30/Jun/2021:09:48:18 -0400] "GET / HTTP/1.0" 200 181718 "https://www.nepadesigns.com/" "Mozilla/5.0 (Windows NT 10.0; ) AppleWebKit/537.36 (KHTML, like Gecko) Chrome/83.0.4086.0 Safari/537.36"
123.30.136.234 - - [30/Jun/2021:09:49:26 -0400] "GET /wp-login.php HTTP/1.1" 200 7222 "-" "Mozilla/5.0 (X11; Ubuntu; Linux x86_64; rv:62.0) Gecko/20100101 Firefox/62.0"
123.30.136.234 - - [30/Jun/2021:09:49:32 -0400] "POST /wp-login.php HTTP/1.1" 200 7345 "-" "Mozilla/5.0 (X11; Ubuntu; Linux x86_64; rv:62.0) Gecko/20100101 Firefox/62.0"
123.30.136.234 - - [30/Jun/2021:09:49:40 -0400] "POST /xmlrpc.php HTTP/1.1" 200 4994 "-" "Mozilla/5.0 (X11; Ubuntu; Linux x86_64; rv:62.0) Gecko/20100101 Firefox/62.0"
23.228.109.147 - - [30/Jun/2021:09:55:25 -0400] "GET /components/com_jbusinessdirectory/assets/upload.php HTTP/1.1" 301 639 "http://www.google.com/" "Mozilla/5.0 (Windows NT 6.1; Win64; x64) AppleWebKit/537.36 (KHTML, like Gecko) Chrome/56.0.2896.3 Safari/537.36"
23.228.109.147 - - [30/Jun/2021:09:55:26 -0400] "GET /components/com_jbusinessdirectory/assets/upload.php HTTP/1.1" 404 5197 "http://www.google.com/" "Mozilla/5.0 (Windows NT 6.1; Win64; x64) AppleWebKit/537.36 (KHTML, like Gecko) Chrome/56.0.2896.3 Safari/537.36"
148.72.232.66 - - [30/Jun/2021:09:56:09 -0400] "GET /wp-login.php HTTP/1.1" 200 7222 "-" "Mozilla/5.0 (X11; Ubuntu; Linux x86_64; rv:62.0) Gecko/20100101 Firefox/62.0"
148.72.232.66 - - [30/Jun/2021:09:56:10 -0400] "POST /wp-login.php HTTP/1.1" 200 7345 "-" "Mozilla/5.0 (X11; Ubuntu; Linux x86_64; rv:62.0) Gecko/20100101 Firefox/62.0"
148.72.232.66 - - [30/Jun/2021:09:56:12 -0400] "POST /xmlrpc.php HTTP/1.1" 200 4994 "-" "Mozilla/5.0 (X11; Ubuntu; Linux x86_64; rv:62.0) Gecko/20100101 Firefox/62.0"
195.201.172.76 - - [30/Jun/2021:10:02:06 -0400] "GET /wp-login.php HTTP/1.1" 200 7222 "-" "Mozilla/5.0 (X11; Ubuntu; Linux x86_64; rv:62.0) Gecko/20100101 Firefox/62.0"
195.201.172.76 - - [30/Jun/2021:10:02:07 -0400] "POST /wp-login.php HTTP/1.1" 200 7345 "-" "Mozilla/5.0 (X11; Ubuntu; Linux x86_64; rv:62.0) Gecko/20100101 Firefox/62.0"
195.201.172.76 - - [30/Jun/2021:10:02:08 -0400] "POST /xmlrpc.php HTTP/1.1" 200 4994 "-" "Mozilla/5.0 (X11; Ubuntu; Linux x86_64; rv:62.0) Gecko/20100101 Firefox/62.0"
207.46.13.35 - - [30/Jun/2021:10:06:09 -0400] "GET /index.php/portfolio-items/bub-co-logo/ HTTP/1.1" 404 93136 "-" "Mozilla/5.0 (compatible; bingbot/2.0; +http://www.bing.com/bingbot.htm)"
45.76.138.158 - - [30/Jun/2021:10:07:24 -0400] "GET /wp-login.php HTTP/1.1" 200 7222 "-" "Mozilla/5.0 (X11; Ubuntu; Linux x86_64; rv:62.0) Gecko/20100101 Firefox/62.0"
45.76.138.158 - - [30/Jun/2021:10:07:25 -0400] "POST /wp-login.php HTTP/1.1" 200 7345 "-" "Mozilla/5.0 (X11; Ubuntu; Linux x86_64; rv:62.0) Gecko/20100101 Firefox/62.0"
45.76.138.158 - - [30/Jun/2021:10:07:26 -0400] "POST /xmlrpc.php HTTP/1.1" 200 4994 "-" "Mozilla/5.0 (X11; Ubuntu; Linux x86_64; rv:62.0) Gecko/20100101 Firefox/62.0"
203.6.149.115 - - [30/Jun/2021:10:12:31 -0400] "GET /wp-login.php HTTP/1.1" 200 7222 "-" "Mozilla/5.0 (X11; Ubuntu; Linux x86_64; rv:62.0) Gecko/20100101 Firefox/62.0"
204.48.19.85 - - [30/Jun/2021:10:12:32 -0400] "POST /wp-cron.php?doing_wp_cron=1625062352.3145580291748046875000 HTTP/1.1" 200 5422 "https://www.nepadesigns.com/wp-cron.php?doing_wp_cron=1625062352.3145580291748046875000" "WordPress/5.7.2; https://www.nepadesigns.com"
203.6.149.115 - - [30/Jun/2021:10:12:34 -0400] "POST /wp-login.php HTTP/1.1" 200 7345 "-" "Mozilla/5.0 (X11; Ubuntu; Linux x86_64; rv:62.0) Gecko/20100101 Firefox/62.0"
203.6.149.115 - - [30/Jun/2021:10:12:35 -0400] "POST /xmlrpc.php HTTP/1.1" 200 4994 "-" "Mozilla/5.0 (X11; Ubuntu; Linux x86_64; rv:62.0) Gecko/20100101 Firefox/62.0"
159.89.32.217 - - [30/Jun/2021:10:18:45 -0400] "GET /wp-login.php HTTP/1.1" 200 7222 "-" "Mozilla/5.0 (X11; Ubuntu; Linux x86_64; rv:62.0) Gecko/20100101 Firefox/62.0"
159.89.32.217 - - [30/Jun/2021:10:18:46 -0400] "POST /wp-login.php HTTP/1.1" 200 7345 "-" "Mozilla/5.0 (X11; Ubuntu; Linux x86_64; rv:62.0) Gecko/20100101 Firefox/62.0"
159.89.32.217 - - [30/Jun/2021:10:18:47 -0400] "POST /xmlrpc.php HTTP/1.1" 200 4994 "-" "Mozilla/5.0 (X11; Ubuntu; Linux x86_64; rv:62.0) Gecko/20100101 Firefox/62.0"
195.228.152.16 - - [30/Jun/2021:10:20:45 -0400] "GET /wso.php HTTP/1.1" 301 532 "http://simplesite.com" "Mozilla/5.0 (Windows; U; Windows NT 5.1; en-US) AppleWebKit/533.4 (KHTML, like Gecko) Chrome/5.0.375.99 Safari/533.4"
195.228.152.16 - - [30/Jun/2021:10:20:47 -0400] "GET /wso.php HTTP/1.1" 404 5679 "http://nepadesigns.com/wso.php" "Mozilla/5.0 (Windows; U; Windows NT 5.1; en-US) AppleWebKit/533.4 (KHTML, like Gecko) Chrome/5.0.375.99 Safari/533.4"
103.28.36.173 - - [30/Jun/2021:10:24:09 -0400] "GET /wp-login.php HTTP/1.1" 200 7222 "-" "Mozilla/5.0 (X11; Ubuntu; Linux x86_64; rv:62.0) Gecko/20100101 Firefox/62.0"
103.28.36.173 - - [30/Jun/2021:10:24:16 -0400] "POST /wp-login.php HTTP/1.1" 200 7345 "-" "Mozilla/5.0 (X11; Ubuntu; Linux x86_64; rv:62.0) Gecko/20100101 Firefox/62.0"
103.28.36.173 - - [30/Jun/2021:10:24:17 -0400] "POST /xmlrpc.php HTTP/1.1" 200 4994 "-" "Mozilla/5.0 (X11; Ubuntu; Linux x86_64; rv:62.0) Gecko/20100101 Firefox/62.0"
34.77.162.2 - - [30/Jun/2021:10:27:41 -0400] "GET / HTTP/1.1" 301 518 "-" "Expanse, a Palo Alto Networks company, searches across the global IPv4 space multiple times per day to identify customers&#39; presences on the Internet. If you would like to be excluded from our scans, please send IP addresses/domains to: scaninfo@paloaltonetworks.com"
133.18.64.83 - - [30/Jun/2021:10:28:49 -0400] "GET /wp-login.php HTTP/1.1" 200 7222 "-" "Mozilla/5.0 (X11; Ubuntu; Linux x86_64; rv:62.0) Gecko/20100101 Firefox/62.0"
133.18.64.83 - - [30/Jun/2021:10:28:51 -0400] "POST /wp-login.php HTTP/1.1" 200 7345 "-" "Mozilla/5.0 (X11; Ubuntu; Linux x86_64; rv:62.0) Gecko/20100101 Firefox/62.0"
133.18.64.83 - - [30/Jun/2021:10:28:52 -0400] "POST /xmlrpc.php HTTP/1.1" 200 4994 "-" "Mozilla/5.0 (X11; Ubuntu; Linux x86_64; rv:62.0) Gecko/20100101 Firefox/62.0"
178.62.91.147 - - [30/Jun/2021:10:33:24 -0400] "GET /wp-login.php HTTP/1.1" 200 7222 "-" "Mozilla/5.0 (X11; Ubuntu; Linux x86_64; rv:62.0) Gecko/20100101 Firefox/62.0"
178.62.91.147 - - [30/Jun/2021:10:33:35 -0400] "POST /wp-login.php HTTP/1.1" 200 7345 "-" "Mozilla/5.0 (X11; Ubuntu; Linux x86_64; rv:62.0) Gecko/20100101 Firefox/62.0"
178.62.91.147 - - [30/Jun/2021:10:33:35 -0400] "POST /xmlrpc.php HTTP/1.1" 200 4994 "-" "Mozilla/5.0 (X11; Ubuntu; Linux x86_64; rv:62.0) Gecko/20100101 Firefox/62.0"
91.90.123.46 - - [30/Jun/2021:10:36:57 -0400] "GET /index.php/contact/ HTTP/1.0" 301 5129 "https://www.nepadesigns.com/index.php/contact/" "Mozilla/5.0 (Windows NT 6.1; Win64; x64) AppleWebKit/537.36 (KHTML, like Gecko) Chrome/83.0.4093.3 Safari/537.36"
91.90.123.46 - - [30/Jun/2021:10:36:58 -0400] "GET /index.php/contact-us/ HTTP/1.0" 200 146539 "https://www.nepadesigns.com/index.php/contact-us/" "Mozilla/5.0 (Windows NT 6.1; Win64; x64) AppleWebKit/537.36 (KHTML, like Gecko) Chrome/83.0.4093.3 Safari/537.36"
91.90.123.46 - - [30/Jun/2021:10:37:11 -0400] "GET /index.php/contact-us/ HTTP/1.0" 200 118979 "https://www.nepadesigns.com/index.php/contact-us/" "Mozilla/5.0 (Windows NT 6.1; Win64; x64) AppleWebKit/537.36 (KHTML, like Gecko) Chrome/83.0.4093.3 Safari/537.36"
91.90.123.46 - - [30/Jun/2021:10:38:36 -0400] "GET /index.php/contact-us/ HTTP/1.0" 200 146539 "https://www.nepadesigns.com/index.php/contact-us/" "Mozilla/5.0 (Windows NT 6.1; Win64; x64) AppleWebKit/537.36 (KHTML, like Gecko) Chrome/83.0.4093.3 Safari/537.36"
91.90.123.46 - - [30/Jun/2021:10:38:49 -0400] "GET /index.php/contact-us/index.php HTTP/1.0" 301 5015 "https://www.nepadesigns.com/index.php" "Mozilla/5.0 (Windows NT 6.1; Win64; x64) AppleWebKit/537.36 (KHTML, like Gecko) Chrome/83.0.4093.3 Safari/537.36"
91.90.123.46 - - [30/Jun/2021:10:38:50 -0400] "GET /index.php/contact-us/index.php HTTP/1.0" 301 5015 "https://www.nepadesigns.com/index.php" "Mozilla/5.0 (Windows NT 6.1; Win64; x64) AppleWebKit/537.36 (KHTML, like Gecko) Chrome/83.0.4093.3 Safari/537.36"
91.90.123.46 - - [30/Jun/2021:10:38:51 -0400] "GET /index.php/contact-us/index.php HTTP/1.0" 301 5015 "https://www.nepadesigns.com/index.php" "Mozilla/5.0 (Windows NT 6.1; Win64; x64) AppleWebKit/537.36 (KHTML, like Gecko) Chrome/83.0.4093.3 Safari/537.36"
157.245.111.41 - - [30/Jun/2021:10:40:51 -0400] "GET /wp-login.php HTTP/1.1" 200 7222 "-" "Mozilla/5.0 (X11; Ubuntu; Linux x86_64; rv:62.0) Gecko/20100101 Firefox/62.0"
157.245.111.41 - - [30/Jun/2021:10:40:52 -0400] "POST /wp-login.php HTTP/1.1" 200 7345 "-" "Mozilla/5.0 (X11; Ubuntu; Linux x86_64; rv:62.0) Gecko/20100101 Firefox/62.0"
157.245.111.41 - - [30/Jun/2021:10:40:54 -0400] "POST /xmlrpc.php HTTP/1.1" 200 4994 "-" "Mozilla/5.0 (X11; Ubuntu; Linux x86_64; rv:62.0) Gecko/20100101 Firefox/62.0"
103.1.239.126 - - [30/Jun/2021:10:46:22 -0400] "GET /wp-login.php HTTP/1.1" 200 7222 "-" "Mozilla/5.0 (X11; Ubuntu; Linux x86_64; rv:62.0) Gecko/20100101 Firefox/62.0"
103.1.239.126 - - [30/Jun/2021:10:46:24 -0400] "POST /wp-login.php HTTP/1.1" 200 7345 "-" "Mozilla/5.0 (X11; Ubuntu; Linux x86_64; rv:62.0) Gecko/20100101 Firefox/62.0"
103.1.239.126 - - [30/Jun/2021:10:46:26 -0400] "POST /xmlrpc.php HTTP/1.1" 200 4994 "-" "Mozilla/5.0 (X11; Ubuntu; Linux x86_64; rv:62.0) Gecko/20100101 Firefox/62.0"
34.86.35.23 - - [30/Jun/2021:10:54:37 -0400] "GET / HTTP/1.1" 301 4801 "-" "Expanse, a Palo Alto Networks company, searches across the global IPv4 space multiple times per day to identify customers&#39; presences on the Internet. If you would like to be excluded from our scans, please send IP addresses/domains to: scaninfo@paloaltonetworks.com"
5.249.227.102 - - [30/Jun/2021:10:57:26 -0400] "GET /wp-login.php HTTP/1.1" 200 7222 "-" "Mozilla/5.0 (X11; Ubuntu; Linux x86_64; rv:62.0) Gecko/20100101 Firefox/62.0"
5.249.227.102 - - [30/Jun/2021:10:57:27 -0400] "POST /wp-login.php HTTP/1.1" 200 7345 "-" "Mozilla/5.0 (X11; Ubuntu; Linux x86_64; rv:62.0) Gecko/20100101 Firefox/62.0"
5.249.227.102 - - [30/Jun/2021:10:57:28 -0400] "POST /xmlrpc.php HTTP/1.1" 200 4994 "-" "Mozilla/5.0 (X11; Ubuntu; Linux x86_64; rv:62.0) Gecko/20100101 Firefox/62.0"
103.27.237.152 - - [30/Jun/2021:11:02:40 -0400] "GET /wp-login.php HTTP/1.1" 200 7222 "-" "Mozilla/5.0 (X11; Ubuntu; Linux x86_64; rv:62.0) Gecko/20100101 Firefox/62.0"
103.27.237.152 - - [30/Jun/2021:11:02:42 -0400] "POST /wp-login.php HTTP/1.1" 200 7345 "-" "Mozilla/5.0 (X11; Ubuntu; Linux x86_64; rv:62.0) Gecko/20100101 Firefox/62.0"
103.27.237.152 - - [30/Jun/2021:11:02:44 -0400] "POST /xmlrpc.php HTTP/1.1" 200 4994 "-" "Mozilla/5.0 (X11; Ubuntu; Linux x86_64; rv:62.0) Gecko/20100101 Firefox/62.0"
204.48.19.85 - - [30/Jun/2021:11:08:03 -0400] "POST /wp-cron.php?doing_wp_cron=1625065683.0630660057067871093750 HTTP/1.1" 200 5406 "https://www.nepadesigns.com/wp-cron.php?doing_wp_cron=1625065683.0630660057067871093750" "WordPress/5.7.2; https://www.nepadesigns.com"
162.255.87.205 - - [30/Jun/2021:11:08:02 -0400] "GET /wp-login.php HTTP/1.1" 200 7222 "-" "Mozilla/5.0 (X11; Ubuntu; Linux x86_64; rv:62.0) Gecko/20100101 Firefox/62.0"
162.255.87.205 - - [30/Jun/2021:11:08:03 -0400] "POST /wp-login.php HTTP/1.1" 200 7345 "-" "Mozilla/5.0 (X11; Ubuntu; Linux x86_64; rv:62.0) Gecko/20100101 Firefox/62.0"
162.255.87.205 - - [30/Jun/2021:11:08:04 -0400] "POST /xmlrpc.php HTTP/1.1" 200 4994 "-" "Mozilla/5.0 (X11; Ubuntu; Linux x86_64; rv:62.0) Gecko/20100101 Firefox/62.0"
204.48.19.85 - - [30/Jun/2021:11:13:30 -0400] "POST /wp-cron.php?doing_wp_cron=1625066010.4038538932800292968750 HTTP/1.1" 200 5422 "https://www.nepadesigns.com/wp-cron.php?doing_wp_cron=1625066010.4038538932800292968750" "WordPress/5.7.2; https://www.nepadesigns.com"
66.249.66.48 - - [30/Jun/2021:11:13:29 -0400] "GET /index.php/case-studies/monochrome-blog/ HTTP/1.1" 404 93502 "-" "Mozilla/5.0 (Linux; Android 6.0.1; Nexus 5X Build/MMB29P) AppleWebKit/537.36 (KHTML, like Gecko) Chrome/91.0.4472.90 Mobile Safari/537.36 (compatible; Googlebot/2.1; +http://www.google.com/bot.html)"
167.88.170.2 - - [30/Jun/2021:11:13:52 -0400] "GET /wp-login.php HTTP/1.1" 200 7222 "-" "Mozilla/5.0 (X11; Ubuntu; Linux x86_64; rv:62.0) Gecko/20100101 Firefox/62.0"
167.88.170.2 - - [30/Jun/2021:11:13:53 -0400] "POST /wp-login.php HTTP/1.1" 200 7345 "-" "Mozilla/5.0 (X11; Ubuntu; Linux x86_64; rv:62.0) Gecko/20100101 Firefox/62.0"
167.88.170.2 - - [30/Jun/2021:11:13:54 -0400] "POST /xmlrpc.php HTTP/1.1" 200 4994 "-" "Mozilla/5.0 (X11; Ubuntu; Linux x86_64; rv:62.0) Gecko/20100101 Firefox/62.0"
18.119.20.252 - - [30/Jun/2021:11:24:32 -0400] "GET /wp-login.php HTTP/1.1" 200 7222 "-" "Mozilla/5.0 (X11; Ubuntu; Linux x86_64; rv:62.0) Gecko/20100101 Firefox/62.0"
204.48.19.85 - - [30/Jun/2021:11:24:33 -0400] "GET / HTTP/1.1" 200 23699 "https://www.nepadesigns.com/" "WordPress/5.7.2; https://www.nepadesigns.com"
204.48.19.85 - - [30/Jun/2021:11:24:33 -0400] "POST /wp-cron.php?doing_wp_cron=1625066673.3257939815521240234375 HTTP/1.1" 200 5422 "https://www.nepadesigns.com/wp-cron.php?doing_wp_cron=1625066673.3257939815521240234375" "WordPress/5.7.2; https://www.nepadesigns.com"
18.119.20.252 - - [30/Jun/2021:11:24:34 -0400] "POST /wp-login.php HTTP/1.1" 200 7345 "-" "Mozilla/5.0 (X11; Ubuntu; Linux x86_64; rv:62.0) Gecko/20100101 Firefox/62.0"
18.119.20.252 - - [30/Jun/2021:11:24:35 -0400] "POST /xmlrpc.php HTTP/1.1" 200 4994 "-" "Mozilla/5.0 (X11; Ubuntu; Linux x86_64; rv:62.0) Gecko/20100101 Firefox/62.0"
162.247.74.74 - - [30/Jun/2021:11:29:59 -0400] "POST /xmlrpc.php HTTP/1.0" 301 594 "-" "Mozilla/5.0 (Windows NT 6.1; Win64; x64) AppleWebKit/537.36 (KHTML, like Gecko) Chrome/68.0.3440.106 Safari/537.36 OPR/55.0.2994.44"
162.247.74.74 - - [30/Jun/2021:11:30:02 -0400] "POST /xmlrpc.php HTTP/1.0" 403 5361 "-" "Mozilla/5.0 (Windows NT 6.1; Win64; x64) AppleWebKit/537.36 (KHTML, like Gecko) Chrome/68.0.3440.106 Safari/537.36 OPR/55.0.2994.44"
31.14.161.244 - - [30/Jun/2021:11:30:33 -0400] "GET /wp-login.php HTTP/1.1" 200 7222 "-" "Mozilla/5.0 (X11; Ubuntu; Linux x86_64; rv:62.0) Gecko/20100101 Firefox/62.0"
31.14.161.244 - - [30/Jun/2021:11:30:34 -0400] "POST /wp-login.php HTTP/1.1" 200 7345 "-" "Mozilla/5.0 (X11; Ubuntu; Linux x86_64; rv:62.0) Gecko/20100101 Firefox/62.0"
31.14.161.244 - - [30/Jun/2021:11:30:35 -0400] "POST /xmlrpc.php HTTP/1.1" 200 4994 "-" "Mozilla/5.0 (X11; Ubuntu; Linux x86_64; rv:62.0) Gecko/20100101 Firefox/62.0"
45.77.252.34 - - [30/Jun/2021:11:36:00 -0400] "GET /wp-login.php HTTP/1.1" 200 7222 "-" "Mozilla/5.0 (X11; Ubuntu; Linux x86_64; rv:62.0) Gecko/20100101 Firefox/62.0"
45.77.252.34 - - [30/Jun/2021:11:36:01 -0400] "POST /wp-login.php HTTP/1.1" 200 7345 "-" "Mozilla/5.0 (X11; Ubuntu; Linux x86_64; rv:62.0) Gecko/20100101 Firefox/62.0"
45.77.252.34 - - [30/Jun/2021:11:36:03 -0400] "POST /xmlrpc.php HTTP/1.1" 200 4994 "-" "Mozilla/5.0 (X11; Ubuntu; Linux x86_64; rv:62.0) Gecko/20100101 Firefox/62.0"
103.74.54.192 - - [30/Jun/2021:11:42:44 -0400] "GET /wp-login.php HTTP/1.1" 200 7222 "-" "Mozilla/5.0 (X11; Ubuntu; Linux x86_64; rv:62.0) Gecko/20100101 Firefox/62.0"
103.74.54.192 - - [30/Jun/2021:11:42:45 -0400] "POST /wp-login.php HTTP/1.1" 200 7345 "-" "Mozilla/5.0 (X11; Ubuntu; Linux x86_64; rv:62.0) Gecko/20100101 Firefox/62.0"
103.74.54.192 - - [30/Jun/2021:11:42:47 -0400] "POST /xmlrpc.php HTTP/1.1" 200 4994 "-" "Mozilla/5.0 (X11; Ubuntu; Linux x86_64; rv:62.0) Gecko/20100101 Firefox/62.0"
160.242.72.235 - - [30/Jun/2021:11:46:25 -0400] "GET /wp-login.php HTTP/1.1" 200 7222 "-" "Mozilla/5.0 (X11; Ubuntu; Linux x86_64; rv:62.0) Gecko/20100101 Firefox/62.0"
160.242.72.235 - - [30/Jun/2021:11:46:39 -0400] "POST /xmlrpc.php HTTP/1.1" 200 4994 "-" "Mozilla/5.0 (X11; Ubuntu; Linux x86_64; rv:62.0) Gecko/20100101 Firefox/62.0"
101.0.123.178 - - [30/Jun/2021:11:52:54 -0400] "GET /wp-login.php HTTP/1.1" 200 7222 "-" "Mozilla/5.0 (X11; Ubuntu; Linux x86_64; rv:62.0) Gecko/20100101 Firefox/62.0"
101.0.123.178 - - [30/Jun/2021:11:52:55 -0400] "POST /wp-login.php HTTP/1.1" 200 7345 "-" "Mozilla/5.0 (X11; Ubuntu; Linux x86_64; rv:62.0) Gecko/20100101 Firefox/62.0"
101.0.123.178 - - [30/Jun/2021:11:52:57 -0400] "POST /xmlrpc.php HTTP/1.1" 200 4994 "-" "Mozilla/5.0 (X11; Ubuntu; Linux x86_64; rv:62.0) Gecko/20100101 Firefox/62.0"
109.237.138.30 - - [30/Jun/2021:11:59:15 -0400] "GET /wp-login.php HTTP/1.1" 200 7222 "-" "Mozilla/5.0 (X11; Ubuntu; Linux x86_64; rv:62.0) Gecko/20100101 Firefox/62.0"
109.237.138.30 - - [30/Jun/2021:11:59:17 -0400] "POST /wp-login.php HTTP/1.1" 200 7345 "-" "Mozilla/5.0 (X11; Ubuntu; Linux x86_64; rv:62.0) Gecko/20100101 Firefox/62.0"
109.237.138.30 - - [30/Jun/2021:11:59:19 -0400] "POST /xmlrpc.php HTTP/1.1" 200 4994 "-" "Mozilla/5.0 (X11; Ubuntu; Linux x86_64; rv:62.0) Gecko/20100101 Firefox/62.0"
123.30.136.234 - - [30/Jun/2021:12:02:33 -0400] "GET /wp-login.php HTTP/1.1" 200 7222 "-" "Mozilla/5.0 (X11; Ubuntu; Linux x86_64; rv:62.0) Gecko/20100101 Firefox/62.0"
123.30.136.234 - - [30/Jun/2021:12:02:36 -0400] "POST /wp-login.php HTTP/1.1" 200 7345 "-" "Mozilla/5.0 (X11; Ubuntu; Linux x86_64; rv:62.0) Gecko/20100101 Firefox/62.0"
123.30.136.234 - - [30/Jun/2021:12:02:39 -0400] "POST /xmlrpc.php HTTP/1.1" 200 4994 "-" "Mozilla/5.0 (X11; Ubuntu; Linux x86_64; rv:62.0) Gecko/20100101 Firefox/62.0"
204.48.19.85 - - [30/Jun/2021:12:08:04 -0400] "POST /wp-cron.php?doing_wp_cron=1625069284.1955540180206298828125 HTTP/1.1" 200 5406 "https://www.nepadesigns.com/wp-cron.php?doing_wp_cron=1625069284.1955540180206298828125" "WordPress/5.7.2; https://www.nepadesigns.com"
46.101.192.244 - - [30/Jun/2021:12:08:03 -0400] "GET /wp-login.php HTTP/1.1" 200 7222 "-" "Mozilla/5.0 (X11; Ubuntu; Linux x86_64; rv:62.0) Gecko/20100101 Firefox/62.0"
46.101.192.244 - - [30/Jun/2021:12:08:05 -0400] "POST /wp-login.php HTTP/1.1" 200 7345 "-" "Mozilla/5.0 (X11; Ubuntu; Linux x86_64; rv:62.0) Gecko/20100101 Firefox/62.0"
46.101.192.244 - - [30/Jun/2021:12:08:06 -0400] "POST /xmlrpc.php HTTP/1.1" 200 4994 "-" "Mozilla/5.0 (X11; Ubuntu; Linux x86_64; rv:62.0) Gecko/20100101 Firefox/62.0"
204.48.19.85 - - [30/Jun/2021:12:15:30 -0400] "POST /wp-cron.php?doing_wp_cron=1625069730.3248529434204101562500 HTTP/1.1" 200 5406 "https://www.nepadesigns.com/wp-cron.php?doing_wp_cron=1625069730.3248529434204101562500" "WordPress/5.7.2; https://www.nepadesigns.com"
103.28.37.16 - - [30/Jun/2021:12:15:29 -0400] "GET /wp-login.php HTTP/1.1" 200 7222 "-" "Mozilla/5.0 (X11; Ubuntu; Linux x86_64; rv:62.0) Gecko/20100101 Firefox/62.0"
103.28.37.16 - - [30/Jun/2021:12:15:32 -0400] "POST /wp-login.php HTTP/1.1" 200 7345 "-" "Mozilla/5.0 (X11; Ubuntu; Linux x86_64; rv:62.0) Gecko/20100101 Firefox/62.0"
103.28.37.16 - - [30/Jun/2021:12:15:33 -0400] "POST /xmlrpc.php HTTP/1.1" 200 4994 "-" "Mozilla/5.0 (X11; Ubuntu; Linux x86_64; rv:62.0) Gecko/20100101 Firefox/62.0"
217.182.169.142 - - [30/Jun/2021:12:21:05 -0400] "GET /wp-login.php HTTP/1.1" 200 7222 "-" "Mozilla/5.0 (X11; Ubuntu; Linux x86_64; rv:62.0) Gecko/20100101 Firefox/62.0"
217.182.169.142 - - [30/Jun/2021:12:21:06 -0400] "POST /wp-login.php HTTP/1.1" 200 7345 "-" "Mozilla/5.0 (X11; Ubuntu; Linux x86_64; rv:62.0) Gecko/20100101 Firefox/62.0"
217.182.169.142 - - [30/Jun/2021:12:21:07 -0400] "POST /xmlrpc.php HTTP/1.1" 200 4994 "-" "Mozilla/5.0 (X11; Ubuntu; Linux x86_64; rv:62.0) Gecko/20100101 Firefox/62.0"
35.229.120.176 - - [30/Jun/2021:12:22:33 -0400] "GET /robots.txt HTTP/1.0" 404 4990 "-" "ZoominfoBot (zoominfobot at zoominfo dot com)"
35.229.120.176 - - [30/Jun/2021:12:22:33 -0400] "GET /index.php/author/admin/ HTTP/1.0" 200 12886 "-" "ZoominfoBot (zoominfobot at zoominfo dot com)"
66.249.66.48 - - [30/Jun/2021:12:24:29 -0400] "GET /index.php/category/strategy/ HTTP/1.1" 200 17170 "-" "Mozilla/5.0 (Linux; Android 6.0.1; Nexus 5X Build/MMB29P) AppleWebKit/537.36 (KHTML, like Gecko) Chrome/91.0.4472.90 Mobile Safari/537.36 (compatible; Googlebot/2.1; +http://www.google.com/bot.html)"
45.158.20.116 - - [30/Jun/2021:12:26:59 -0400] "GET /wp-login.php HTTP/1.1" 200 7222 "-" "Mozilla/5.0 (X11; Ubuntu; Linux x86_64; rv:62.0) Gecko/20100101 Firefox/62.0"
45.158.20.116 - - [30/Jun/2021:12:27:00 -0400] "POST /wp-login.php HTTP/1.1" 200 7345 "-" "Mozilla/5.0 (X11; Ubuntu; Linux x86_64; rv:62.0) Gecko/20100101 Firefox/62.0"
45.158.20.116 - - [30/Jun/2021:12:27:01 -0400] "POST /xmlrpc.php HTTP/1.1" 200 4994 "-" "Mozilla/5.0 (X11; Ubuntu; Linux x86_64; rv:62.0) Gecko/20100101 Firefox/62.0"
35.229.120.176 - - [30/Jun/2021:12:30:00 -0400] "GET /case-studies/ HTTP/1.0" 404 4990 "-" "ZoominfoBot (zoominfobot at zoominfo dot com)"
35.229.120.176 - - [30/Jun/2021:12:31:29 -0400] "GET /xmlrpc.php?rsd HTTP/1.0" 200 5053 "-" "ZoominfoBot (zoominfobot at zoominfo dot com)"
103.130.213.36 - - [30/Jun/2021:12:32:49 -0400] "GET /wp-login.php HTTP/1.1" 200 7222 "-" "Mozilla/5.0 (X11; Ubuntu; Linux x86_64; rv:62.0) Gecko/20100101 Firefox/62.0"
103.130.213.36 - - [30/Jun/2021:12:32:51 -0400] "POST /wp-login.php HTTP/1.1" 200 7345 "-" "Mozilla/5.0 (X11; Ubuntu; Linux x86_64; rv:62.0) Gecko/20100101 Firefox/62.0"
103.130.213.36 - - [30/Jun/2021:12:32:52 -0400] "POST /xmlrpc.php HTTP/1.1" 200 4994 "-" "Mozilla/5.0 (X11; Ubuntu; Linux x86_64; rv:62.0) Gecko/20100101 Firefox/62.0"
66.249.66.44 - - [30/Jun/2021:12:32:54 -0400] "GET /wp-content/uploads/fusion-scripts/770b9d39830f25cbe2f3fc6215d65343.min.js?ver=3.3.1 HTTP/1.1" 200 117530 "https://www.nepadesigns.com/index.php/category/strategy/" "Mozilla/5.0 (Linux; Android 6.0.1; Nexus 5X Build/MMB29P) AppleWebKit/537.36 (KHTML, like Gecko) Chrome/91.0.4472.90 Mobile Safari/537.36 (compatible; Googlebot/2.1; +http://www.google.com/bot.html)"
35.229.120.176 - - [30/Jun/2021:12:40:18 -0400] "GET /solutions/ HTTP/1.0" 404 4990 "-" "ZoominfoBot (zoominfobot at zoominfo dot com)"
138.201.247.139 - - [30/Jun/2021:12:42:50 -0400] "GET /wp-login.php HTTP/1.1" 200 7222 "-" "Mozilla/5.0 (X11; Ubuntu; Linux x86_64; rv:62.0) Gecko/20100101 Firefox/62.0"
138.201.247.139 - - [30/Jun/2021:12:42:51 -0400] "POST /wp-login.php HTTP/1.1" 200 7345 "-" "Mozilla/5.0 (X11; Ubuntu; Linux x86_64; rv:62.0) Gecko/20100101 Firefox/62.0"
138.201.247.139 - - [30/Jun/2021:12:42:52 -0400] "POST /xmlrpc.php HTTP/1.1" 200 4994 "-" "Mozilla/5.0 (X11; Ubuntu; Linux x86_64; rv:62.0) Gecko/20100101 Firefox/62.0"
35.229.120.176 - - [30/Jun/2021:12:44:02 -0400] "GET /wp-content/uploads/fusion-gfonts/2sDcZGJYnIjSi6H75xkzaGW5.woff2 HTTP/1.0" 200 25442 "-" "ZoominfoBot (zoominfobot at zoominfo dot com)"
35.229.120.176 - - [30/Jun/2021:12:44:49 -0400] "GET /wp-content/uploads/fusion-icons/avada-business-coach-v2.0/fonts/avada-business-coach.ttf?fuoi4 HTTP/1.0" 200 11030 "-" "ZoominfoBot (zoominfobot at zoominfo dot com)"
138.201.247.139 - - [30/Jun/2021:12:47:23 -0400] "GET /wp-login.php HTTP/1.1" 200 7222 "-" "Mozilla/5.0 (X11; Ubuntu; Linux x86_64; rv:62.0) Gecko/20100101 Firefox/62.0"
138.201.247.139 - - [30/Jun/2021:12:47:24 -0400] "POST /wp-login.php HTTP/1.1" 200 7345 "-" "Mozilla/5.0 (X11; Ubuntu; Linux x86_64; rv:62.0) Gecko/20100101 Firefox/62.0"
138.201.247.139 - - [30/Jun/2021:12:47:25 -0400] "POST /xmlrpc.php HTTP/1.1" 200 4994 "-" "Mozilla/5.0 (X11; Ubuntu; Linux x86_64; rv:62.0) Gecko/20100101 Firefox/62.0"
35.229.120.176 - - [30/Jun/2021:12:50:11 -0400] "GET /wp-content/themes/Avada/includes/lib/assets/fonts/icomoon/icomoon.woff HTTP/1.0" 200 25729 "-" "ZoominfoBot (zoominfobot at zoominfo dot com)"
45.76.138.158 - - [30/Jun/2021:12:53:57 -0400] "GET /wp-login.php HTTP/1.1" 200 7222 "-" "Mozilla/5.0 (X11; Ubuntu; Linux x86_64; rv:62.0) Gecko/20100101 Firefox/62.0"
45.76.138.158 - - [30/Jun/2021:12:53:58 -0400] "POST /wp-login.php HTTP/1.1" 200 7345 "-" "Mozilla/5.0 (X11; Ubuntu; Linux x86_64; rv:62.0) Gecko/20100101 Firefox/62.0"
45.76.138.158 - - [30/Jun/2021:12:53:58 -0400] "POST /xmlrpc.php HTTP/1.1" 200 4994 "-" "Mozilla/5.0 (X11; Ubuntu; Linux x86_64; rv:62.0) Gecko/20100101 Firefox/62.0"
35.229.120.176 - - [30/Jun/2021:12:58:42 -0400] "GET /book-a-consultation/ HTTP/1.0" 404 4990 "-" "ZoominfoBot (zoominfobot at zoominfo dot com)"
103.130.213.36 - - [30/Jun/2021:12:59:41 -0400] "GET /wp-login.php HTTP/1.1" 200 7222 "-" "Mozilla/5.0 (X11; Ubuntu; Linux x86_64; rv:62.0) Gecko/20100101 Firefox/62.0"
103.130.213.36 - - [30/Jun/2021:12:59:43 -0400] "POST /wp-login.php HTTP/1.1" 200 7345 "-" "Mozilla/5.0 (X11; Ubuntu; Linux x86_64; rv:62.0) Gecko/20100101 Firefox/62.0"
103.130.213.36 - - [30/Jun/2021:12:59:44 -0400] "POST /xmlrpc.php HTTP/1.1" 200 4994 "-" "Mozilla/5.0 (X11; Ubuntu; Linux x86_64; rv:62.0) Gecko/20100101 Firefox/62.0"
35.229.120.176 - - [30/Jun/2021:13:01:05 -0400] "GET /wp-content/uploads/fusion-gfonts/pxiEyp8kv8JHgFVrJJfecg.woff2 HTTP/1.0" 200 12700 "-" "ZoominfoBot (zoominfobot at zoominfo dot com)"
45.77.252.34 - - [30/Jun/2021:13:06:07 -0400] "GET /wp-login.php HTTP/1.1" 200 7222 "-" "Mozilla/5.0 (X11; Ubuntu; Linux x86_64; rv:62.0) Gecko/20100101 Firefox/62.0"
45.77.252.34 - - [30/Jun/2021:13:06:08 -0400] "POST /wp-login.php HTTP/1.1" 200 7345 "-" "Mozilla/5.0 (X11; Ubuntu; Linux x86_64; rv:62.0) Gecko/20100101 Firefox/62.0"
45.77.252.34 - - [30/Jun/2021:13:06:10 -0400] "POST /xmlrpc.php HTTP/1.1" 200 4994 "-" "Mozilla/5.0 (X11; Ubuntu; Linux x86_64; rv:62.0) Gecko/20100101 Firefox/62.0"
204.48.19.85 - - [30/Jun/2021:13:11:28 -0400] "POST /wp-cron.php?doing_wp_cron=1625073088.3447790145874023437500 HTTP/1.1" 200 5438 "https://www.nepadesigns.com/wp-cron.php?doing_wp_cron=1625073088.3447790145874023437500" "WordPress/5.7.2; https://www.nepadesigns.com"
161.35.74.104 - - [30/Jun/2021:13:11:27 -0400] "GET /wp-login.php HTTP/1.1" 200 7222 "-" "Mozilla/5.0 (X11; Ubuntu; Linux x86_64; rv:62.0) Gecko/20100101 Firefox/62.0"
161.35.74.104 - - [30/Jun/2021:13:11:29 -0400] "POST /wp-login.php HTTP/1.1" 200 7345 "-" "Mozilla/5.0 (X11; Ubuntu; Linux x86_64; rv:62.0) Gecko/20100101 Firefox/62.0"
161.35.74.104 - - [30/Jun/2021:13:11:30 -0400] "POST /xmlrpc.php HTTP/1.1" 200 4994 "-" "Mozilla/5.0 (X11; Ubuntu; Linux x86_64; rv:62.0) Gecko/20100101 Firefox/62.0"
35.229.120.176 - - [30/Jun/2021:13:11:32 -0400] "GET /index.php/comments/feed/ HTTP/1.0" 200 5369 "-" "ZoominfoBot (zoominfobot at zoominfo dot com)"
35.229.120.176 - - [30/Jun/2021:13:18:36 -0400] "GET /index.php/feed/ HTTP/1.0" 200 8794 "-" "ZoominfoBot (zoominfobot at zoominfo dot com)"
65.21.148.16 - - [30/Jun/2021:13:52:24 -0400] "GET /3index.php?f=/NmRtJOUjAdutReQj/scRjKUhleBpzmTyO.txt HTTP/1.1" 404 5651 "-" "Apache/2.4.34 (Ubuntu) OpenSSL/1.1.1 (internal dummy connection)"
51.15.197.24 - - [30/Jun/2021:15:30:45 -0400] "POST /xmlrpc.php HTTP/1.0" 301 594 "-" "Mozilla/5.0 (Macintosh; Intel Mac OS X 10_15_7) AppleWebKit/537.36 (KHTML, like Gecko) Chrome/88.0.4324.146 Safari/537.36"
204.48.19.85 - - [30/Jun/2021:15:30:47 -0400] "POST /wp-cron.php?doing_wp_cron=1625081446.9811139106750488281250 HTTP/1.1" 200 5438 "https://www.nepadesigns.com/wp-cron.php?doing_wp_cron=1625081446.9811139106750488281250" "WordPress/5.7.2; https://www.nepadesigns.com"
51.15.197.24 - - [30/Jun/2021:15:30:46 -0400] "POST /xmlrpc.php HTTP/1.0" 403 5361 "-" "Mozilla/5.0 (Macintosh; Intel Mac OS X 10_15_7) AppleWebKit/537.36 (KHTML, like Gecko) Chrome/88.0.4324.146 Safari/537.36"
204.48.19.85 - - [30/Jun/2021:16:19:39 -0400] "POST /wp-cron.php?doing_wp_cron=1625084379.6315410137176513671875 HTTP/1.1" 200 5438 "https://www.nepadesigns.com/wp-cron.php?doing_wp_cron=1625084379.6315410137176513671875" "WordPress/5.7.2; https://www.nepadesigns.com"
3.134.86.86 - - [30/Jun/2021:16:19:39 -0400] "GET /index.php/contact/ HTTP/1.1" 301 5166 "-" "Mozilla/5.0 (Windows NT 6.3; Win64; x64) AppleWebKit/537.36 (KHTML, like Gecko) Chrome/67.0.3396.87 Safari/537.36"
3.134.86.86 - - [30/Jun/2021:16:19:40 -0400] "GET /index.php/contact-us/ HTTP/1.1" 200 20917 "https://www.nepadesigns.com/index.php/contact/" "Mozilla/5.0 (Windows NT 6.3; Win64; x64) AppleWebKit/537.36 (KHTML, like Gecko) Chrome/67.0.3396.87 Safari/537.36"
3.134.86.86 - - [30/Jun/2021:16:19:42 -0400] "GET /index.php/wp-json/oembed/1.0/embed?url=https%3A%2F%2Fwww.nepadesigns.com%2Findex.php%2Fcontact-us%2F& HTTP/1.1" 200 7824 "https://www.nepadesigns.com/index.php/contact/" "Mozilla/5.0 (Windows NT 6.3; Win64; x64) AppleWebKit/537.36 (KHTML, like Gecko) Chrome/67.0.3396.87 Safari/537.36"
3.134.86.86 - - [30/Jun/2021:16:19:43 -0400] "GET /index.php/wp-json/oembed/1.0/embed?url=https%3A%2F%2Fwww.nepadesigns.com%2Findex.php%2Fcontact-us%2F HTTP/1.1" 200 7824 "https://www.nepadesigns.com/index.php/contact/" "Mozilla/5.0 (Windows NT 6.3; Win64; x64) AppleWebKit/537.36 (KHTML, like Gecko) Chrome/67.0.3396.87 Safari/537.36"
207.46.13.78 - - [30/Jun/2021:16:48:21 -0400] "GET / HTTP/1.1" 301 586 "-" "Mozilla/5.0 (compatible; bingbot/2.0; +http://www.bing.com/bingbot.htm)"
173.208.143.82 - - [30/Jun/2021:17:28:35 -0400] "POST /paypal/transparent/requestSecureToken/ HTTP/1.1" 404 5679 "-" "Mozilla/5.0 (Windows NT 10.0; Win64; x64) AppleWebKit/537.36 (KHTML, like Gecko) Chrome/83.0.4103.106 Safari/537.36"
204.48.19.85 - - [30/Jun/2021:17:52:35 -0400] "POST /wp-cron.php?doing_wp_cron=1625089955.8158829212188720703125 HTTP/1.1" 200 5438 "https://www.nepadesigns.com/wp-cron.php?doing_wp_cron=1625089955.8158829212188720703125" "WordPress/5.7.2; https://www.nepadesigns.com"
157.55.39.83 - - [30/Jun/2021:17:52:35 -0400] "GET / HTTP/1.1" 200 23278 "-" "Mozilla/5.0 (compatible; bingbot/2.0; +http://www.bing.com/bingbot.htm)"
204.48.19.85 - - [30/Jun/2021:18:11:20 -0400] "POST /wp-cron.php?doing_wp_cron=1625091080.0470080375671386718750 HTTP/1.1" 200 5406 "https://www.nepadesigns.com/wp-cron.php?doing_wp_cron=1625091080.0470080375671386718750" "WordPress/5.7.2; https://www.nepadesigns.com"
207.46.13.78 - - [30/Jun/2021:18:11:19 -0400] "GET /index.php/portfolio-items/sulaiman-logo/ HTTP/1.1" 404 93136 "-" "Mozilla/5.0 (compatible; bingbot/2.0; +http://www.bing.com/bingbot.htm)"
204.48.19.85 - - [30/Jun/2021:19:22:32 -0400] "POST /wp-cron.php?doing_wp_cron=1625095352.6056160926818847656250 HTTP/1.1" 200 5406 "https://www.nepadesigns.com/wp-cron.php?doing_wp_cron=1625095352.6056160926818847656250" "WordPress/5.7.2; https://www.nepadesigns.com"
114.119.142.126 - - [30/Jun/2021:19:22:32 -0400] "GET /index.php/2017/ HTTP/1.1" 200 16660 "-" "Mozilla/5.0 (Linux; Android 7.0;) AppleWebKit/537.36 (KHTML, like Gecko) Mobile Safari/537.36 (compatible; PetalBot;+https://webmaster.petalsearch.com/site/petalbot)"
54.39.29.64 - - [30/Jun/2021:19:27:51 -0400] "GET / HTTP/1.0" 301 537 "http://nepadesigns.com/" "Mozilla/5.0 (Windows NT 6.1; Win64; x64) AppleWebKit/537.36 (KHTML, like Gecko) Chrome/83.0.4103.61 Safari/537.36 Edg/83.0.478.37"
54.39.29.64 - - [30/Jun/2021:19:27:51 -0400] "GET / HTTP/1.0" 301 5015 "https://nepadesigns.com/" "Mozilla/5.0 (Windows NT 6.1; Win64; x64) AppleWebKit/537.36 (KHTML, like Gecko) Chrome/83.0.4103.61 Safari/537.36 Edg/83.0.478.37"
54.39.29.64 - - [30/Jun/2021:19:27:52 -0400] "GET / HTTP/1.0" 200 181718 "https://www.nepadesigns.com/" "Mozilla/5.0 (Windows NT 6.1; Win64; x64) AppleWebKit/537.36 (KHTML, like Gecko) Chrome/83.0.4103.61 Safari/537.36 Edg/83.0.478.37"
114.119.128.158 - - [30/Jun/2021:19:46:45 -0400] "GET /robots.txt HTTP/1.1" 404 5039 "-" "Mozilla/5.0 (compatible;PetalBot;+https://webmaster.petalsearch.com/site/petalbot)"
66.249.66.48 - - [30/Jun/2021:20:12:14 -0400] "GET /robots.txt HTTP/1.1" 404 5688 "-" "Mozilla/5.0 (compatible; Googlebot/2.1; +http://www.google.com/bot.html)"
204.48.19.85 - - [30/Jun/2021:20:12:15 -0400] "POST /wp-cron.php?doing_wp_cron=1625098334.9528269767761230468750 HTTP/1.1" 200 5422 "https://www.nepadesigns.com/wp-cron.php?doing_wp_cron=1625098334.9528269767761230468750" "WordPress/5.7.2; https://www.nepadesigns.com"
66.249.66.46 - - [30/Jun/2021:20:12:14 -0400] "GET / HTTP/1.1" 301 5509 "-" "Mozilla/5.0 (Linux; Android 6.0.1; Nexus 5X Build/MMB29P) AppleWebKit/537.36 (KHTML, like Gecko) Chrome/91.0.4472.90 Mobile Safari/537.36 (compatible; Googlebot/2.1; +http://www.google.com/bot.html)"
66.249.66.46 - - [30/Jun/2021:20:12:15 -0400] "GET /robots.txt HTTP/1.1" 404 5724 "-" "Mozilla/5.0 (compatible; Googlebot/2.1; +http://www.google.com/bot.html)"
66.249.66.44 - - [30/Jun/2021:20:12:15 -0400] "GET / HTTP/1.1" 200 23652 "-" "Mozilla/5.0 (Linux; Android 6.0.1; Nexus 5X Build/MMB29P) AppleWebKit/537.36 (KHTML, like Gecko) Chrome/91.0.4472.90 Mobile Safari/537.36 (compatible; Googlebot/2.1; +http://www.google.com/bot.html)"
66.249.66.48 - - [30/Jun/2021:20:13:03 -0400] "GET /wp-content/plugins/revslider/public/assets/css/rs6.css?ver=6.4.8 HTTP/1.1" 200 18645 "https://www.nepadesigns.com/" "Mozilla/5.0 (Linux; Android 6.0.1; Nexus 5X Build/MMB29P) AppleWebKit/537.36 (KHTML, like Gecko) Chrome/91.0.4472.90 Mobile Safari/537.36 (compatible; Googlebot/2.1; +http://www.google.com/bot.html)"
66.249.66.44 - - [30/Jun/2021:20:13:04 -0400] "GET /wp-content/uploads/fusion-styles/c4492e29283e67a61f268c219b82a9ce.min.css?ver=3.3.1 HTTP/1.1" 200 110877 "https://www.nepadesigns.com/" "Mozilla/5.0 (Linux; Android 6.0.1; Nexus 5X Build/MMB29P) AppleWebKit/537.36 (KHTML, like Gecko) Chrome/91.0.4472.90 Mobile Safari/537.36 (compatible; Googlebot/2.1; +http://www.google.com/bot.html)"
66.249.66.44 - - [30/Jun/2021:20:22:23 -0400] "GET / HTTP/1.1" 301 5477 "-" "Mozilla/5.0 (compatible; Googlebot/2.1; +http://www.google.com/bot.html)"
66.249.66.44 - - [30/Jun/2021:20:22:24 -0400] "GET / HTTP/1.1" 200 23705 "-" "Mozilla/5.0 (compatible; Googlebot/2.1; +http://www.google.com/bot.html)"
47.103.77.10 - - [30/Jun/2021:21:41:38 -0400] "GET /wp-content/uploads/404.php HTTP/1.1" 301 570 "http://simplesite.com" "Mozilla/5.0 (Windows; U; Windows NT 5.1; en-US) AppleWebKit/533.4 (KHTML, like Gecko) Chrome/5.0.375.99 Safari/533.4"
47.103.77.10 - - [30/Jun/2021:21:41:40 -0400] "GET /wp-content/uploads/404.php HTTP/1.1" 404 5027 "http://nepadesigns.com/wp-content/uploads/404.php" "Mozilla/5.0 (Windows; U; Windows NT 5.1; en-US) AppleWebKit/533.4 (KHTML, like Gecko) Chrome/5.0.375.99 Safari/533.4"
47.103.77.10 - - [30/Jun/2021:21:41:41 -0400] "GET /wp-content/uploads/404.php HTTP/1.1" 301 570 "http://simplesite.com" "Mozilla/5.0 (Windows; U; Windows NT 5.1; en-US) AppleWebKit/533.4 (KHTML, like Gecko) Chrome/5.0.375.99 Safari/533.4"
47.103.77.10 - - [30/Jun/2021:21:41:43 -0400] "GET /wp-content/uploads/404.php HTTP/1.1" 404 5027 "http://nepadesigns.com/wp-content/uploads/404.php" "Mozilla/5.0 (Windows; U; Windows NT 5.1; en-US) AppleWebKit/533.4 (KHTML, like Gecko) Chrome/5.0.375.99 Safari/533.4"
54.36.148.145 - - [30/Jun/2021:22:51:08 -0400] "GET / HTTP/1.1" 200 23680 "-" "Mozilla/5.0 (compatible; AhrefsBot/7.0; +http://ahrefs.com/robot/)"
204.48.19.85 - - [30/Jun/2021:22:51:08 -0400] "POST /wp-cron.php?doing_wp_cron=1625107868.8421609401702880859375 HTTP/1.1" 200 5422 "https://www.nepadesigns.com/wp-cron.php?doing_wp_cron=1625107868.8421609401702880859375" "WordPress/5.7.2; https://www.nepadesigns.com"
