204.48.19.85 - - [29/Jun/2021:00:11:56 -0400] "POST /wp-cron.php?doing_wp_cron=1624939916.4359710216522216796875 HTTP/1.1" 200 5422 "https://www.nepadesigns.com/wp-cron.php?doing_wp_cron=1624939916.4359710216522216796875" "WordPress/5.7.2; https://www.nepadesigns.com"
128.199.34.217 - - [29/Jun/2021:00:11:55 -0400] "POST /wp-login.php HTTP/1.1" 200 8032 "-" "Mozilla/5.0 (Windows NT 6.3; Win64; x64) AppleWebKit/537.36 (KHTML, like Gecko) Chrome/67.0.3396.99 Safari/537.36"
5.255.231.130 - - [29/Jun/2021:00:18:37 -0400] "GET /robots.txt HTTP/1.1" 301 594 "-" "Mozilla/5.0 (compatible; YandexBot/3.0; +http://yandex.com/bots)"
5.45.207.145 - - [29/Jun/2021:00:18:38 -0400] "GET /robots.txt HTTP/1.1" 404 5720 "-" "Mozilla/5.0 (compatible; YandexBot/3.0; +http://yandex.com/bots)"
5.255.231.130 - - [29/Jun/2021:00:18:41 -0400] "GET / HTTP/1.1" 301 573 "-" "Mozilla/5.0 (compatible; YandexBot/3.0; +http://yandex.com/bots)"
5.45.207.145 - - [29/Jun/2021:00:18:41 -0400] "GET /robots.txt HTTP/1.1" 404 516 "-" "Mozilla/5.0 (compatible; YandexBot/3.0; +http://yandex.com/bots)"
5.255.231.21 - - [29/Jun/2021:00:18:46 -0400] "GET / HTTP/1.1" 301 5509 "-" "Mozilla/5.0 (compatible; YandexBot/3.0; +http://yandex.com/bots)"
5.45.207.83 - - [29/Jun/2021:00:18:47 -0400] "GET /robots.txt HTTP/1.1" 404 5724 "-" "Mozilla/5.0 (compatible; YandexBot/3.0; +http://yandex.com/bots)"
141.8.142.76 - - [29/Jun/2021:00:18:51 -0400] "GET / HTTP/1.1" 200 23705 "-" "Mozilla/5.0 (compatible; YandexBot/3.0; +http://yandex.com/bots)"
207.46.13.40 - - [29/Jun/2021:00:19:40 -0400] "GET /specials/ HTTP/1.1" 404 5269 "-" "Mozilla/5.0 (compatible; bingbot/2.0; +http://www.bing.com/bingbot.htm)"
93.115.79.6 - - [29/Jun/2021:00:33:37 -0400] "POST /wp-login.php HTTP/1.1" 200 8030 "-" "Mozilla/5.0 (Windows NT 5.1) AppleWebKit/537.36 (KHTML, like Gecko) Chrome/47.0.2526.106 Safari/537.36"
51.195.67.36 - - [29/Jun/2021:00:35:42 -0400] "POST /wp-login.php HTTP/1.1" 200 8016 "-" "Mozilla/5.0 (Windows NT 6.1; WOW64) AppleWebKit/537.36 (KHTML, like Gecko) Chrome/36.0.1985.125 Safari/537.36"
78.47.201.143 - - [29/Jun/2021:00:59:43 -0400] "POST /wp-login.php HTTP/1.1" 200 8014 "-" "Mozilla/5.0 (Windows NT 5.1) AppleWebKit/537.36 (KHTML, like Gecko) Chrome/47.0.2526.106 Safari/537.36"
91.134.248.192 - - [29/Jun/2021:01:03:06 -0400] "POST /wp-login.php HTTP/1.1" 200 8032 "-" "Mozilla/5.0 (Windows NT 10.0; Win64; x64) AppleWebKit/537.36 (KHTML, like Gecko) Chrome/70.0.3538.67 Safari/537.36"
204.48.19.85 - - [29/Jun/2021:01:58:08 -0400] "POST /wp-cron.php?doing_wp_cron=1624946288.5458469390869140625000 HTTP/1.1" 200 5438 "https://www.nepadesigns.com/wp-cron.php?doing_wp_cron=1624946288.5458469390869140625000" "WordPress/5.7.2; https://www.nepadesigns.com"
207.180.203.19 - - [29/Jun/2021:01:58:07 -0400] "POST /wp-login.php HTTP/1.1" 200 8046 "-" "Mozilla/5.0 (Windows NT 6.1) AppleWebKit/537.36 (KHTML, like Gecko) Chrome/80.0.3987.132 Safari/537.36"
45.40.166.143 - - [29/Jun/2021:02:00:44 -0400] "POST /wp-login.php HTTP/1.1" 200 8032 "-" "Mozilla/5.0 (Windows NT 6.1; Win64; x64) AppleWebKit/537.36 (KHTML, like Gecko) Chrome/78.0.3904.97 Safari/537.36"
204.48.19.85 - - [29/Jun/2021:02:26:54 -0400] "POST /wp-cron.php?doing_wp_cron=1624948014.1169939041137695312500 HTTP/1.1" 200 5406 "https://www.nepadesigns.com/wp-cron.php?doing_wp_cron=1624948014.1169939041137695312500" "WordPress/5.7.2; https://www.nepadesigns.com"
176.119.210.163 - - [29/Jun/2021:02:26:53 -0400] "POST /wp-login.php HTTP/1.1" 200 8014 "-" "Mozilla/5.0 (Windows NT 10.0; Win64; x64) AppleWebKit/537.36 (KHTML, like Gecko) Chrome/72.0.3626.109 Safari/537.36"
198.13.35.54 - - [29/Jun/2021:02:29:13 -0400] "POST /wp-login.php HTTP/1.1" 200 8048 "-" "Mozilla/5.0 (Windows NT 6.1; Win64; x64) AppleWebKit/537.36 (KHTML, like Gecko) Chrome/80.0.3987.163 Safari/537.36"
34.96.130.14 - - [29/Jun/2021:02:39:01 -0400] "GET / HTTP/1.1" 301 530 "-" "Expanse, a Palo Alto Networks company, searches across the global IPv4 space multiple times per day to identify customers&#39; presences on the Internet. If you would like to be excluded from our scans, please send IP addresses/domains to: scaninfo@paloaltonetworks.com"
23.95.80.63 - - [29/Jun/2021:02:49:18 -0400] "GET /content/plugins/wp-user-avatar/assets/css/hint.min.css HTTP/1.1" 301 645 "nepadesigns.com" "Mozilla/5.0 (Windows NT 6.1; WOW64) AppleWebKit/537.36 (KHTML, like Gecko) Chrome/50.0.2661.75 Safari/537.36"
23.95.80.63 - - [29/Jun/2021:02:49:19 -0400] "GET /content/plugins/wp-user-avatar/assets/css/hint.min.css HTTP/1.1" 404 5226 "nepadesigns.com" "Mozilla/5.0 (Windows NT 6.1; WOW64) AppleWebKit/537.36 (KHTML, like Gecko) Chrome/50.0.2661.75 Safari/537.36"
3.127.243.149 - - [29/Jun/2021:02:53:24 -0400] "POST /wp-login.php HTTP/1.1" 200 8014 "-" "Mozilla/5.0 (Windows NT 10.0; WOW64) AppleWebKit/537.36 (KHTML, like Gecko) Chrome/47.0.2526.106 Safari/537.36"
134.209.157.198 - - [29/Jun/2021:02:56:19 -0400] "POST /wp-login.php HTTP/1.1" 200 8048 "-" "Mozilla/5.0 (Windows NT 6.1; Win64; x64) AppleWebKit/537.36 (KHTML, like Gecko) Chrome/81.0.4044.122 Safari/537.36"
114.119.142.243 - - [29/Jun/2021:03:14:55 -0400] "GET /solutions/ HTTP/1.1" 404 5039 "-" "Mozilla/5.0 (Linux; Android 7.0;) AppleWebKit/537.36 (KHTML, like Gecko) Mobile Safari/537.36 (compatible; PetalBot;+https://webmaster.petalsearch.com/site/petalbot)"
204.48.19.85 - - [29/Jun/2021:03:23:35 -0400] "POST /wp-cron.php?doing_wp_cron=1624951415.4345850944519042968750 HTTP/1.1" 200 5422 "https://www.nepadesigns.com/wp-cron.php?doing_wp_cron=1624951415.4345850944519042968750" "WordPress/5.7.2; https://www.nepadesigns.com"
176.126.165.71 - - [29/Jun/2021:03:23:34 -0400] "POST /wp-login.php HTTP/1.1" 200 8030 "-" "Mozilla/5.0 (Windows NT 6.1; Win64; x64) AppleWebKit/537.36 (KHTML, like Gecko) Chrome/66.0.3359.117 Safari/537.36"
46.105.120.70 - - [29/Jun/2021:03:25:52 -0400] "POST /wp-login.php HTTP/1.1" 200 8016 "-" "Mozilla/5.0 (Windows NT 6.1; Win64; x64) AppleWebKit/537.36 (KHTML, like Gecko) Chrome/78.0.3904.97 Safari/537.36"
69.30.225.101 - - [29/Jun/2021:03:38:45 -0400] "GET // HTTP/1.1" 301 4872 "http://www.google.com.hk" "Mozilla/5.0 (Windows NT 6.1; WOW64) AppleWebKit/537.36 (KHTML, like Gecko) Chrome/42.0.2311.90 Safari/537.36"
69.30.225.101 - - [29/Jun/2021:03:39:21 -0400] "GET / HTTP/1.1" 200 23096 "http://www.google.com.hk" "Mozilla/5.0 (Windows NT 6.1; WOW64) AppleWebKit/537.36 (KHTML, like Gecko) Chrome/42.0.2311.90 Safari/537.36"
69.30.225.101 - - [29/Jun/2021:03:39:59 -0400] "GET //wp-content/plugins/fancy-product-designer/assets/css/fancy-product.css HTTP/1.1" 404 5083 "-" "Mozilla/5.0 (Macintosh; Intel Mac OS X 10_9_4 AppleWebKit/537.36 (KHTML, like Gecko) Chrome/36.0.1985.125 Safari/537.36"
114.119.142.243 - - [29/Jun/2021:03:51:28 -0400] "GET /index.php/case-studies/crowd-pow-wow-proud-organization HTTP/1.1" 404 92936 "-" "Mozilla/5.0 (Linux; Android 7.0;) AppleWebKit/537.36 (KHTML, like Gecko) Mobile Safari/537.36 (compatible; PetalBot;+https://webmaster.petalsearch.com/site/petalbot)"
103.74.54.192 - - [29/Jun/2021:03:52:34 -0400] "POST /wp-login.php HTTP/1.1" 200 8016 "-" "Mozilla/5.0 (Windows NT 6.1; Win64; x64) AppleWebKit/537.36 (KHTML, like Gecko) Chrome/60.0.3112.113 Safari/537.36"
49.234.43.244 - - [29/Jun/2021:04:00:59 -0400] "GET / HTTP/1.1" 301 5472 "-" "Mozilla/5.0 (Linux; Android 10; LIO-AN00 Build/HUAWEILIO-AN00; wv) AppleWebKit/537.36 (KHTML, like Gecko) Version/4.0 Chrome/78.0.3904.62 XWEB/2692 MMWEBSDK/200901 Mobile Safari/537.36"
49.234.43.244 - - [29/Jun/2021:04:02:12 -0400] "GET / HTTP/1.1" 301 5440 "-" "Mozilla/5.0 (Linux; Android 10; LIO-AN00 Build/HUAWEILIO-AN00; wv) AppleWebKit/537.36 (KHTML, like Gecko) Version/4.0 Chrome/78.0.3904.62 XWEB/2692 MMWEBSDK/200901 Mobile Safari/537.36"
114.119.128.212 - - [29/Jun/2021:04:02:20 -0400] "GET /index.php/2020/09/18/planning-for-growth HTTP/1.1" 404 92936 "-" "Mozilla/5.0 (Linux; Android 7.0;) AppleWebKit/537.36 (KHTML, like Gecko) Mobile Safari/537.36 (compatible; PetalBot;+https://webmaster.petalsearch.com/site/petalbot)"
49.234.43.244 - - [29/Jun/2021:04:02:32 -0400] "GET / HTTP/1.1" 301 5456 "-" "Mozilla/5.0 (Linux; Android 10; LIO-AN00 Build/HUAWEILIO-AN00; wv) AppleWebKit/537.36 (KHTML, like Gecko) Version/4.0 Chrome/78.0.3904.62 XWEB/2692 MMWEBSDK/200901 Mobile Safari/537.36"
49.234.43.244 - - [29/Jun/2021:04:02:49 -0400] "GET / HTTP/1.1" 301 5456 "-" "Mozilla/5.0 (Linux; Android 10; LIO-AN00 Build/HUAWEILIO-AN00; wv) AppleWebKit/537.36 (KHTML, like Gecko) Version/4.0 Chrome/78.0.3904.62 XWEB/2692 MMWEBSDK/200901 Mobile Safari/537.36"
34.74.175.63 - - [29/Jun/2021:04:04:08 -0400] "GET /robots.txt HTTP/1.0" 404 4990 "-" "ZoominfoBot (zoominfobot at zoominfo dot com)"
34.74.175.63 - - [29/Jun/2021:04:04:08 -0400] "GET /index.php/author/admin/ HTTP/1.0" 200 12886 "-" "ZoominfoBot (zoominfobot at zoominfo dot com)"
34.74.175.63 - - [29/Jun/2021:04:13:34 -0400] "GET /case-studies/ HTTP/1.0" 404 4990 "-" "ZoominfoBot (zoominfobot at zoominfo dot com)"
204.48.19.85 - - [29/Jun/2021:04:15:29 -0400] "POST /wp-cron.php?doing_wp_cron=1624954529.5533869266510009765625 HTTP/1.1" 200 5406 "https://www.nepadesigns.com/wp-cron.php?doing_wp_cron=1624954529.5533869266510009765625" "WordPress/5.7.2; https://www.nepadesigns.com"
34.74.175.63 - - [29/Jun/2021:04:15:28 -0400] "GET /xmlrpc.php?rsd HTTP/1.0" 200 5053 "-" "ZoominfoBot (zoominfobot at zoominfo dot com)"
185.2.4.44 - - [29/Jun/2021:04:17:14 -0400] "POST /wp-login.php HTTP/1.1" 200 8046 "-" "Mozilla/5.0 (Windows NT 10.0; WOW64) AppleWebKit/537.36 (KHTML, like Gecko) Chrome/46.0.2490.80 Safari/537.36"
212.110.92.155 - - [29/Jun/2021:04:19:19 -0400] "POST /wp-login.php HTTP/1.1" 200 8032 "-" "Mozilla/5.0 (Windows NT 6.1; Win64; x64) AppleWebKit/537.36 (KHTML, like Gecko) Chrome/81.0.4044.122 Safari/537.36"
34.74.175.63 - - [29/Jun/2021:04:27:03 -0400] "GET /solutions/ HTTP/1.0" 404 4990 "-" "ZoominfoBot (zoominfobot at zoominfo dot com)"
34.74.175.63 - - [29/Jun/2021:04:31:41 -0400] "GET /wp-content/uploads/fusion-gfonts/2sDcZGJYnIjSi6H75xkzaGW5.woff2 HTTP/1.0" 200 25442 "-" "ZoominfoBot (zoominfobot at zoominfo dot com)"
34.74.175.63 - - [29/Jun/2021:04:32:47 -0400] "GET /wp-content/uploads/fusion-icons/avada-business-coach-v2.0/fonts/avada-business-coach.ttf?fuoi4 HTTP/1.0" 200 11030 "-" "ZoominfoBot (zoominfobot at zoominfo dot com)"
114.119.158.142 - - [29/Jun/2021:04:33:08 -0400] "GET /index.php/category/seo-tips HTTP/1.1" 301 4852 "-" "Mozilla/5.0 (Linux; Android 7.0;) AppleWebKit/537.36 (KHTML, like Gecko) Mobile Safari/537.36 (compatible; PetalBot;+https://webmaster.petalsearch.com/site/petalbot)"
114.119.158.142 - - [29/Jun/2021:04:33:09 -0400] "GET /index.php/category/seo-tips/ HTTP/1.1" 200 12264 "-" "Mozilla/5.0 (Linux; Android 7.0;) AppleWebKit/537.36 (KHTML, like Gecko) Mobile Safari/537.36 (compatible; PetalBot;+https://webmaster.petalsearch.com/site/petalbot)"
34.74.175.63 - - [29/Jun/2021:04:39:34 -0400] "GET /wp-content/themes/Avada/includes/lib/assets/fonts/icomoon/icomoon.woff HTTP/1.0" 200 25729 "-" "ZoominfoBot (zoominfobot at zoominfo dot com)"
18.218.186.176 - - [29/Jun/2021:04:40:38 -0400] "GET /.env HTTP/1.1" 301 582 "-" "Mozilla/5.0 (X11; Linux x86_64) AppleWebKit/537.36 (KHTML, like Gecko) Chrome/81.0.4044.129 Safari/537.36"
18.218.186.176 - - [29/Jun/2021:04:40:39 -0400] "GET /.env HTTP/1.1" 301 594 "-" "Mozilla/5.0 (X11; Linux x86_64) AppleWebKit/537.36 (KHTML, like Gecko) Chrome/81.0.4044.129 Safari/537.36"
18.218.186.176 - - [29/Jun/2021:04:40:44 -0400] "POST / HTTP/1.1" 301 574 "-" "Mozilla/5.0 (X11; Linux x86_64) AppleWebKit/537.36 (KHTML, like Gecko) Chrome/81.0.4044.129 Safari/537.36"
18.218.186.176 - - [29/Jun/2021:04:40:45 -0400] "POST / HTTP/1.1" 301 586 "-" "Mozilla/5.0 (X11; Linux x86_64) AppleWebKit/537.36 (KHTML, like Gecko) Chrome/81.0.4044.129 Safari/537.36"
163.44.198.33 - - [29/Jun/2021:04:41:20 -0400] "POST /wp-login.php HTTP/1.1" 200 8014 "-" "Mozilla/5.0 (Windows NT 6.1; WOW64) AppleWebKit/537.36 (KHTML, like Gecko) Chrome/51.0.2704.106 Safari/537.36"
45.63.2.222 - - [29/Jun/2021:04:43:33 -0400] "POST /wp-login.php HTTP/1.1" 200 8048 "-" "Mozilla/5.0 (Windows NT 6.1; WOW64) AppleWebKit/537.36 (KHTML, like Gecko) Chrome/36.0.1985.125 Safari/537.36"
34.74.175.63 - - [29/Jun/2021:04:50:43 -0400] "GET /book-a-consultation/ HTTP/1.0" 404 4990 "-" "ZoominfoBot (zoominfobot at zoominfo dot com)"
34.74.175.63 - - [29/Jun/2021:04:53:44 -0400] "GET /wp-content/uploads/fusion-gfonts/pxiEyp8kv8JHgFVrJJfecg.woff2 HTTP/1.0" 200 12700 "-" "ZoominfoBot (zoominfobot at zoominfo dot com)"
18.222.119.93 - - [29/Jun/2021:04:54:28 -0400] "GET /wp-admin/includes/wp-class.php HTTP/1.1" 301 634 "www.google.com" "Mozlila/5.0 (Linux; Android 7.0; SM-G892A Bulid/NRD90M; wv) AppleWebKit/537.36 (KHTML, like Gecko) Version/4.0 Chrome/60.0.3112.107 Moblie Safari/537.36"
18.222.119.93 - - [29/Jun/2021:04:55:04 -0400] "GET /wp-admin/includes/wp-class.php HTTP/1.1" 404 5083 "www.google.com" "Mozlila/5.0 (Linux; Android 7.0; SM-G892A Bulid/NRD90M; wv) AppleWebKit/537.36 (KHTML, like Gecko) Version/4.0 Chrome/60.0.3112.107 Moblie Safari/537.36"
18.222.119.93 - - [29/Jun/2021:04:55:23 -0400] "GET /wp-admin/includes/wp-class.php HTTP/1.1" 404 5083 "www.google.com" "Mozlila/5.0 (Linux; Android 7.0; SM-G892A Bulid/NRD90M; wv) AppleWebKit/537.36 (KHTML, like Gecko) Version/4.0 Chrome/60.0.3112.107 Moblie Safari/537.36"
103.226.139.153 - - [29/Jun/2021:05:05:32 -0400] "GET /wp-login.php HTTP/1.1" 301 561 "-" "Mozilla/5.0 (X11; Ubuntu; Linux x86_64; rv:62.0) Gecko/20100101 Firefox/62.0"
103.226.139.153 - - [29/Jun/2021:05:05:34 -0400] "GET /wp-login.php HTTP/1.1" 200 7223 "http://nepadesigns.com/wp-login.php" "Mozilla/5.0 (X11; Ubuntu; Linux x86_64; rv:62.0) Gecko/20100101 Firefox/62.0"
103.226.139.153 - - [29/Jun/2021:05:05:35 -0400] "GET ///?author=1 HTTP/1.1" 301 555 "-" "Mozilla/5.0 (X11; Ubuntu; Linux x86_64; rv:62.0) Gecko/20100101 Firefox/62.0"
103.226.139.153 - - [29/Jun/2021:05:05:39 -0400] "GET /?author=1 HTTP/1.1" 301 4794 "http://nepadesigns.com///?author=1" "Mozilla/5.0 (X11; Ubuntu; Linux x86_64; rv:62.0) Gecko/20100101 Firefox/62.0"
103.226.139.153 - - [29/Jun/2021:05:05:41 -0400] "GET /index.php/author/admin/ HTTP/1.1" 200 17256 "https://nepadesigns.com/?author=1" "Mozilla/5.0 (X11; Ubuntu; Linux x86_64; rv:62.0) Gecko/20100101 Firefox/62.0"
103.226.139.153 - - [29/Jun/2021:05:05:42 -0400] "GET ///wp-json/wp/v2/users/ HTTP/1.1" 301 577 "-" "Mozilla/5.0 (X11; Ubuntu; Linux x86_64; rv:62.0) Gecko/20100101 Firefox/62.0"
103.226.139.153 - - [29/Jun/2021:05:05:49 -0400] "GET /wp-json/wp/v2/users/ HTTP/1.1" 404 4982 "http://nepadesigns.com///wp-json/wp/v2/users/" "Mozilla/5.0 (X11; Ubuntu; Linux x86_64; rv:62.0) Gecko/20100101 Firefox/62.0"
103.226.139.153 - - [29/Jun/2021:05:05:49 -0400] "GET ///?author=2 HTTP/1.1" 301 555 "-" "Mozilla/5.0 (X11; Ubuntu; Linux x86_64; rv:62.0) Gecko/20100101 Firefox/62.0"
103.226.139.153 - - [29/Jun/2021:05:05:50 -0400] "GET /?author=2 HTTP/1.1" 301 4780 "http://nepadesigns.com///?author=2" "Mozilla/5.0 (X11; Ubuntu; Linux x86_64; rv:62.0) Gecko/20100101 Firefox/62.0"
103.226.139.153 - - [29/Jun/2021:05:05:52 -0400] "GET /?author=2 HTTP/1.1" 200 15884 "https://nepadesigns.com/?author=2" "Mozilla/5.0 (X11; Ubuntu; Linux x86_64; rv:62.0) Gecko/20100101 Firefox/62.0"
103.226.139.153 - - [29/Jun/2021:05:05:53 -0400] "GET ///?author=3 HTTP/1.1" 301 555 "-" "Mozilla/5.0 (X11; Ubuntu; Linux x86_64; rv:62.0) Gecko/20100101 Firefox/62.0"
103.226.139.153 - - [29/Jun/2021:05:05:54 -0400] "GET /?author=3 HTTP/1.1" 301 4873 "http://nepadesigns.com///?author=3" "Mozilla/5.0 (X11; Ubuntu; Linux x86_64; rv:62.0) Gecko/20100101 Firefox/62.0"
103.226.139.153 - - [29/Jun/2021:05:05:56 -0400] "GET /?author=3 HTTP/1.1" 404 92250 "https://nepadesigns.com/?author=3" "Mozilla/5.0 (X11; Ubuntu; Linux x86_64; rv:62.0) Gecko/20100101 Firefox/62.0"
128.199.220.215 - - [29/Jun/2021:05:06:21 -0400] "POST /wp-login.php HTTP/1.1" 200 8030 "-" "Mozilla/5.0 (Windows NT 6.1; Win64; x64) AppleWebKit/537.36 (KHTML, like Gecko) Chrome/55.0.2883.87 Safari/537.36"
34.74.175.63 - - [29/Jun/2021:05:07:00 -0400] "GET /index.php/comments/feed/ HTTP/1.0" 200 5369 "-" "ZoominfoBot (zoominfobot at zoominfo dot com)"
204.48.19.85 - - [29/Jun/2021:05:08:55 -0400] "POST /wp-cron.php?doing_wp_cron=1624957735.0480720996856689453125 HTTP/1.1" 200 5406 "https://www.nepadesigns.com/wp-cron.php?doing_wp_cron=1624957735.0480720996856689453125" "WordPress/5.7.2; https://www.nepadesigns.com"
139.59.118.238 - - [29/Jun/2021:05:08:54 -0400] "POST /wp-login.php HTTP/1.1" 200 8016 "-" "Mozilla/5.0 (Windows NT 10.0; Win64; x64) AppleWebKit/537.36 (KHTML, like Gecko) Chrome/62.0.3202.89 Safari/537.36"
204.48.19.85 - - [29/Jun/2021:05:16:11 -0400] "POST /wp-cron.php?doing_wp_cron=1624958171.6792600154876708984375 HTTP/1.1" 200 5406 "https://www.nepadesigns.com/wp-cron.php?doing_wp_cron=1624958171.6792600154876708984375" "WordPress/5.7.2; https://www.nepadesigns.com"
34.74.175.63 - - [29/Jun/2021:05:16:10 -0400] "GET /index.php/feed/ HTTP/1.0" 200 8794 "-" "ZoominfoBot (zoominfobot at zoominfo dot com)"
185.220.101.2 - - [29/Jun/2021:05:26:06 -0400] "POST /xmlrpc.php HTTP/1.0" 301 594 "-" "Mozilla/5.0 (Macintosh; Intel Mac OS X 10_10_5) AppleWebKit/537.36 (KHTML, like Gecko) Chrome/68.0.3440.106 Safari/537.36"
185.220.101.2 - - [29/Jun/2021:05:26:07 -0400] "POST /xmlrpc.php HTTP/1.0" 403 5361 "-" "Mozilla/5.0 (Macintosh; Intel Mac OS X 10_10_5) AppleWebKit/537.36 (KHTML, like Gecko) Chrome/68.0.3440.106 Safari/537.36"
207.46.13.40 - - [29/Jun/2021:05:29:59 -0400] "GET /index.php/portfolio-items/bub-co-logo/ HTTP/1.1" 404 93136 "-" "Mozilla/5.0 (compatible; bingbot/2.0; +http://www.bing.com/bingbot.htm)"
5.196.91.241 - - [29/Jun/2021:05:32:43 -0400] "POST /wp-login.php HTTP/1.1" 200 8032 "-" "Mozilla/5.0 (Windows NT 6.1; Win64; x64) AppleWebKit/537.36 (KHTML, like Gecko) Chrome/80.0.3987.106 Safari/537.36"
163.172.72.231 - - [29/Jun/2021:05:45:28 -0400] "GET /wp-content/plugins/wp-user-avatar/assets/css/hint.min.css HTTP/1.1" 301 651 "nepadesigns.com" "Mozilla/5.0 (Windows NT 6.1; WOW64) AppleWebKit/537.36 (KHTML, like Gecko) Chrome/50.0.2661.75 Safari/537.36"
163.172.72.231 - - [29/Jun/2021:05:45:28 -0400] "GET /wp-content/plugins/wp-user-avatar/assets/css/hint.min.css HTTP/1.1" 404 5667 "nepadesigns.com" "Mozilla/5.0 (Windows NT 6.1; WOW64) AppleWebKit/537.36 (KHTML, like Gecko) Chrome/50.0.2661.75 Safari/537.36"
5.253.27.95 - - [29/Jun/2021:06:02:06 -0400] "POST /wp-login.php HTTP/1.1" 200 8030 "-" "Mozilla/5.0 (Windows NT 10.0; WOW64) AppleWebKit/537.36 (KHTML, like Gecko) Chrome/46.0.2490.80 Safari/537.36"
161.129.155.58 - - [29/Jun/2021:06:06:46 -0400] "POST /wp-login.php HTTP/1.1" 200 8032 "-" "Mozilla/5.0 (Windows NT 6.1; WOW64) AppleWebKit/537.36 (KHTML, like Gecko) Chrome/46.0.2490.86 Safari/537.36"
5.188.210.4 - - [29/Jun/2021:06:12:15 -0400] "GET /admin/editor/editor/filemanager/browser/default/connectors/php/browser/default/connector.php?Command=GetFoldersAndFiles&Type=File&CurrentFolder=%2F HTTP/1.0" 301 839 "-" "Mozilla/5.0 (Windows NT 6.3; Win64; x64) AppleWebKit/537.36 (KHTML, like Gecko) Chrome/75.0.3770.100 Safari/537.36"
5.188.210.4 - - [29/Jun/2021:06:12:16 -0400] "GET /admin/editor/editor/filemanager/browser/default/connectors/php/browser/default/connector.php?Command=GetFoldersAndFiles&Type=File&CurrentFolder=%2F HTTP/1.0" 404 5226 "-" "Mozilla/5.0 (Windows NT 6.3; Win64; x64) AppleWebKit/537.36 (KHTML, like Gecko) Chrome/75.0.3770.100 Safari/537.36"
204.48.19.85 - - [29/Jun/2021:06:52:34 -0400] "POST /wp-cron.php?doing_wp_cron=1624963954.4549419879913330078125 HTTP/1.1" 200 5406 "https://www.nepadesigns.com/wp-cron.php?doing_wp_cron=1624963954.4549419879913330078125" "WordPress/5.7.2; https://www.nepadesigns.com"
142.4.208.81 - - [29/Jun/2021:06:52:33 -0400] "POST /wp-login.php HTTP/1.1" 200 8048 "-" "Mozilla/5.0 (Windows NT 6.1; Win64; x64) AppleWebKit/537.36 (KHTML, like Gecko) Chrome/79.0.3945.117 Safari/537.36"
209.126.3.30 - - [29/Jun/2021:07:04:00 -0400] "GET / HTTP/1.1" 301 574 "" "Mozilla/5.0 (Linux; U; Android 0.5; en-us) AppleWebKit/522  (KHTML, like Gecko) Safari/419.3"
209.126.3.30 - - [29/Jun/2021:07:04:03 -0400] "GET / HTTP/1.1" 301 5477 "" "Mozilla/5.0 (Linux; U; Android 0.5; en-us) AppleWebKit/522  (KHTML, like Gecko) Safari/419.3"
209.126.3.30 - - [29/Jun/2021:07:04:09 -0400] "GET / HTTP/1.1" 200 23652 "" "Mozilla/5.0 (Linux; U; Android 0.5; en-us) AppleWebKit/522  (KHTML, like Gecko) Safari/419.3"
204.48.19.85 - - [29/Jun/2021:07:34:52 -0400] "POST /wp-cron.php?doing_wp_cron=1624966492.0119729042053222656250 HTTP/1.1" 200 5438 "https://www.nepadesigns.com/wp-cron.php?doing_wp_cron=1624966492.0119729042053222656250" "WordPress/5.7.2; https://www.nepadesigns.com"
177.55.111.13 - - [29/Jun/2021:07:34:51 -0400] "POST /wp-login.php HTTP/1.1" 200 8030 "-" "Mozilla/5.0 (Windows NT 6.1) AppleWebKit/537.36 (KHTML, like Gecko) Chrome/62.0.3202.94 Safari/537.36"
157.90.246.104 - - [29/Jun/2021:07:38:38 -0400] "POST /wp-login.php HTTP/1.1" 200 8048 "-" "Mozilla/5.0 (Windows NT 10.0; WOW64) AppleWebKit/537.36 (KHTML, like Gecko) Chrome/79.0.3945.130 Safari/537.36"
5.188.210.4 - - [29/Jun/2021:07:39:43 -0400] "GET /admin/editor/editor/filemanager/browser/default/connectors/php/connector.php?Command=GetFoldersAndFiles&Type=File&CurrentFolder=%2F HTTP/1.0" 301 807 "-" "Mozilla/5.0 (Windows NT 6.3; Win64; x64) AppleWebKit/537.36 (KHTML, like Gecko) Chrome/75.0.3770.100 Safari/537.36"
5.188.210.4 - - [29/Jun/2021:07:39:44 -0400] "GET /admin/editor/editor/filemanager/browser/default/connectors/php/connector.php?Command=GetFoldersAndFiles&Type=File&CurrentFolder=%2F HTTP/1.0" 404 5226 "-" "Mozilla/5.0 (Windows NT 6.3; Win64; x64) AppleWebKit/537.36 (KHTML, like Gecko) Chrome/75.0.3770.100 Safari/537.36"
89.109.45.83 - - [29/Jun/2021:08:06:55 -0400] "GET / HTTP/1.1" 301 518 "-" "Mozilla/5.0 (Windows NT 10.0; WOW64; rv:45.0) Gecko/20100101 Firefox/45.0"
89.109.45.83 - - [29/Jun/2021:08:06:56 -0400] "GET / HTTP/1.1" 301 4785 "-" "Mozilla/5.0 (Windows NT 10.0; WOW64; rv:45.0) Gecko/20100101 Firefox/45.0"
89.109.45.83 - - [29/Jun/2021:08:07:00 -0400] "GET / HTTP/1.1" 200 22977 "-" "Mozilla/5.0 (Windows NT 10.0; WOW64; rv:45.0) Gecko/20100101 Firefox/45.0"
204.48.19.85 - - [29/Jun/2021:08:21:00 -0400] "POST /wp-cron.php?doing_wp_cron=1624969260.7583711147308349609375 HTTP/1.1" 200 5422 "https://www.nepadesigns.com/wp-cron.php?doing_wp_cron=1624969260.7583711147308349609375" "WordPress/5.7.2; https://www.nepadesigns.com"
37.75.250.14 - - [29/Jun/2021:08:21:00 -0400] "POST /wp-login.php HTTP/1.1" 200 8014 "-" "Mozilla/5.0 (Windows NT 6.1; Win64; x64) AppleWebKit/537.36 (KHTML, like Gecko) Chrome/70.0.3538.67 Safari/537.36"
103.90.232.219 - - [29/Jun/2021:08:24:58 -0400] "POST /wp-login.php HTTP/1.1" 200 8032 "-" "Mozilla/5.0 (Windows NT 6.1; WOW64) AppleWebKit/537.36 (KHTML, like Gecko) Chrome/47.0.2526.111 Safari/537.36"
51.77.52.160 - - [29/Jun/2021:08:26:10 -0400] "GET / HTTP/1.1" 301 574 "-" "Mozilla/5.0 (X11; Linux x86_64) AppleWebKit/537.36 (KHTML, like Gecko) Chrome/75.0.3770.100 Safari/537.36 OPR/62.0.3331.99"
51.77.52.160 - - [29/Jun/2021:08:26:11 -0400] "GET / HTTP/1.1" 301 4872 "-" "Mozilla/5.0 (X11; Linux x86_64) AppleWebKit/537.36 (KHTML, like Gecko) Chrome/75.0.3770.100 Safari/537.36 OPR/62.0.3331.99"
51.77.52.160 - - [29/Jun/2021:08:26:12 -0400] "GET / HTTP/1.1" 200 23096 "-" "Mozilla/5.0 (X11; Linux x86_64) AppleWebKit/537.36 (KHTML, like Gecko) Chrome/75.0.3770.100 Safari/537.36 OPR/62.0.3331.99"
66.249.64.88 - - [29/Jun/2021:08:30:31 -0400] "GET /index.php/2017/10/24/seo-tips-to-boost-your-sales/ HTTP/1.1" 200 21182 "-" "Mozilla/5.0 (Linux; Android 6.0.1; Nexus 5X Build/MMB29P) AppleWebKit/537.36 (KHTML, like Gecko) Chrome/91.0.4472.90 Mobile Safari/537.36 (compatible; Googlebot/2.1; +http://www.google.com/bot.html)"
66.249.64.88 - - [29/Jun/2021:08:30:33 -0400] "GET /wp-content/plugins/revslider/public/assets/js/rs6.min.js?ver=6.4.8 HTTP/1.1" 200 95558 "https://www.nepadesigns.com/index.php/2017/10/24/seo-tips-to-boost-your-sales/" "Mozilla/5.0 (Linux; Android 6.0.1; Nexus 5X Build/MMB29P) AppleWebKit/537.36 (KHTML, like Gecko) Chrome/91.0.4472.90 Mobile Safari/537.36 (compatible; Googlebot/2.1; +http://www.google.com/bot.html)"
66.249.64.87 - - [29/Jun/2021:08:30:34 -0400] "GET /wp-content/uploads/fusion-styles/29f71009a8db3262d292f148425f041e.min.css?ver=3.3.1 HTTP/1.1" 200 110341 "https://www.nepadesigns.com/index.php/2017/10/24/seo-tips-to-boost-your-sales/" "Mozilla/5.0 (Linux; Android 6.0.1; Nexus 5X Build/MMB29P) AppleWebKit/537.36 (KHTML, like Gecko) Chrome/91.0.4472.90 Mobile Safari/537.36 (compatible; Googlebot/2.1; +http://www.google.com/bot.html)"
66.249.64.88 - - [29/Jun/2021:08:30:34 -0400] "GET /wp-includes/js/jquery/jquery.min.js?ver=3.5.1 HTTP/1.1" 200 31401 "https://www.nepadesigns.com/index.php/2017/10/24/seo-tips-to-boost-your-sales/" "Mozilla/5.0 (Linux; Android 6.0.1; Nexus 5X Build/MMB29P) AppleWebKit/537.36 (KHTML, like Gecko) Chrome/91.0.4472.90 Mobile Safari/537.36 (compatible; Googlebot/2.1; +http://www.google.com/bot.html)"
66.249.64.88 - - [29/Jun/2021:08:30:35 -0400] "GET /wp-content/plugins/revslider/public/assets/js/rbtools.min.js?ver=6.4.5 HTTP/1.1" 200 47416 "https://www.nepadesigns.com/index.php/2017/10/24/seo-tips-to-boost-your-sales/" "Mozilla/5.0 (Linux; Android 6.0.1; Nexus 5X Build/MMB29P) AppleWebKit/537.36 (KHTML, like Gecko) Chrome/91.0.4472.90 Mobile Safari/537.36 (compatible; Googlebot/2.1; +http://www.google.com/bot.html)"
66.249.64.87 - - [29/Jun/2021:08:30:35 -0400] "GET /wp-includes/js/comment-reply.min.js?ver=5.7.2 HTTP/1.1" 200 1718 "https://www.nepadesigns.com/index.php/2017/10/24/seo-tips-to-boost-your-sales/" "Mozilla/5.0 (Linux; Android 6.0.1; Nexus 5X Build/MMB29P) AppleWebKit/537.36 (KHTML, like Gecko) Chrome/91.0.4472.90 Mobile Safari/537.36 (compatible; Googlebot/2.1; +http://www.google.com/bot.html)"
66.249.64.88 - - [29/Jun/2021:08:30:35 -0400] "GET /wp-includes/js/dist/vendor/wp-polyfill.min.js?ver=7.4.4 HTTP/1.1" 200 34748 "https://www.nepadesigns.com/index.php/2017/10/24/seo-tips-to-boost-your-sales/" "Mozilla/5.0 (Linux; Android 6.0.1; Nexus 5X Build/MMB29P) AppleWebKit/537.36 (KHTML, like Gecko) Chrome/91.0.4472.90 Mobile Safari/537.36 (compatible; Googlebot/2.1; +http://www.google.com/bot.html)"
66.249.64.87 - - [29/Jun/2021:08:30:36 -0400] "GET /wp-content/uploads/fusion-scripts/ec85dfc418427dd1737fe36a71d59f21.min.js?ver=3.3.1 HTTP/1.1" 200 75730 "https://www.nepadesigns.com/index.php/2017/10/24/seo-tips-to-boost-your-sales/" "Mozilla/5.0 (Linux; Android 6.0.1; Nexus 5X Build/MMB29P) AppleWebKit/537.36 (KHTML, like Gecko) Chrome/91.0.4472.90 Mobile Safari/537.36 (compatible; Googlebot/2.1; +http://www.google.com/bot.html)"
207.46.13.120 - - [29/Jun/2021:08:38:08 -0400] "GET /index.php/sitemap_index.xml HTTP/1.1" 200 5436 "-" "Mozilla/5.0 (compatible; bingbot/2.0; +http://www.bing.com/bingbot.htm)"
114.119.142.126 - - [29/Jun/2021:08:39:31 -0400] "GET /index.php/category/business HTTP/1.1" 301 4852 "-" "Mozilla/5.0 (Linux; Android 7.0;) AppleWebKit/537.36 (KHTML, like Gecko) Mobile Safari/537.36 (compatible; PetalBot;+https://webmaster.petalsearch.com/site/petalbot)"
114.119.142.126 - - [29/Jun/2021:08:39:32 -0400] "GET /index.php/category/business/ HTTP/1.1" 200 12201 "-" "Mozilla/5.0 (Linux; Android 7.0;) AppleWebKit/537.36 (KHTML, like Gecko) Mobile Safari/537.36 (compatible; PetalBot;+https://webmaster.petalsearch.com/site/petalbot)"
188.166.179.135 - - [29/Jun/2021:08:54:07 -0400] "GET /wp-content/plugins/wp-user-avatar/readme.txt HTTP/1.1" 301 625 "nepadesigns.com" "Mozilla/5.0 (Windows NT 6.1; WOW64) AppleWebKit/537.36 (KHTML, like Gecko) Chrome/50.0.2661.75 Safari/537.36"
188.166.179.135 - - [29/Jun/2021:08:54:08 -0400] "GET /wp-content/plugins/wp-user-avatar/readme.txt HTTP/1.1" 404 5197 "nepadesigns.com" "Mozilla/5.0 (Windows NT 6.1; WOW64) AppleWebKit/537.36 (KHTML, like Gecko) Chrome/50.0.2661.75 Safari/537.36"
54.36.148.145 - - [29/Jun/2021:08:56:03 -0400] "GET / HTTP/1.1" 200 23680 "-" "Mozilla/5.0 (compatible; AhrefsBot/7.0; +http://ahrefs.com/robot/)"
204.48.19.85 - - [29/Jun/2021:09:10:06 -0400] "POST /wp-cron.php?doing_wp_cron=1624972206.1068859100341796875000 HTTP/1.1" 200 5406 "https://www.nepadesigns.com/wp-cron.php?doing_wp_cron=1624972206.1068859100341796875000" "WordPress/5.7.2; https://www.nepadesigns.com"
35.171.184.102 - - [29/Jun/2021:09:10:05 -0400] "POST /wp-login.php HTTP/1.1" 200 8030 "-" "Mozilla/5.0 (Windows NT 6.3; Win64; x64) AppleWebKit/537.36 (KHTML, like Gecko) Chrome/65.0.3325.181 Safari/537.36"
213.32.58.223 - - [29/Jun/2021:09:15:39 -0400] "POST /wp-login.php HTTP/1.1" 200 8016 "-" "Mozilla/5.0 (Windows NT 6.1; WOW64) AppleWebKit/537.36 (KHTML, like Gecko) Chrome/51.0.2704.106 Safari/537.36"
3.134.86.86 - - [29/Jun/2021:09:16:14 -0400] "GET /index.php/contact/ HTTP/1.1" 301 5166 "-" "Mozilla/5.0 (Windows NT 6.3; Win64; x64) AppleWebKit/537.36 (KHTML, like Gecko) Chrome/67.0.3396.87 Safari/537.36"
3.134.86.86 - - [29/Jun/2021:09:16:15 -0400] "GET /index.php/contact-us/ HTTP/1.1" 200 20917 "https://www.nepadesigns.com/index.php/contact/" "Mozilla/5.0 (Windows NT 6.3; Win64; x64) AppleWebKit/537.36 (KHTML, like Gecko) Chrome/67.0.3396.87 Safari/537.36"
3.134.86.86 - - [29/Jun/2021:09:16:19 -0400] "GET /index.php/wp-json/oembed/1.0/embed?url=https%3A%2F%2Fwww.nepadesigns.com%2Findex.php%2Fcontact-us%2F& HTTP/1.1" 200 7824 "https://www.nepadesigns.com/index.php/contact/" "Mozilla/5.0 (Windows NT 6.3; Win64; x64) AppleWebKit/537.36 (KHTML, like Gecko) Chrome/67.0.3396.87 Safari/537.36"
3.134.86.86 - - [29/Jun/2021:09:16:20 -0400] "GET /index.php/wp-json/oembed/1.0/embed?url=https%3A%2F%2Fwww.nepadesigns.com%2Findex.php%2Fcontact-us%2F HTTP/1.1" 200 7824 "https://www.nepadesigns.com/index.php/contact/" "Mozilla/5.0 (Windows NT 6.3; Win64; x64) AppleWebKit/537.36 (KHTML, like Gecko) Chrome/67.0.3396.87 Safari/537.36"
91.90.123.46 - - [29/Jun/2021:09:19:29 -0400] "GET /index.php/contact/ HTTP/1.0" 301 5129 "https://www.nepadesigns.com/index.php/contact/" "Mozilla/5.0 (Windows NT 10.0; Win64; x64) AppleWebKit/537.36 (KHTML, like Gecko) Chrome/83.0.4093.3 Safari/537.36"
91.90.123.46 - - [29/Jun/2021:09:19:31 -0400] "GET /index.php/contact-us/ HTTP/1.0" 200 146539 "https://www.nepadesigns.com/index.php/contact-us/" "Mozilla/5.0 (Windows NT 10.0; Win64; x64) AppleWebKit/537.36 (KHTML, like Gecko) Chrome/83.0.4093.3 Safari/537.36"
114.119.159.243 - - [29/Jun/2021:09:20:26 -0400] "GET /index.php/portfolio-items/cirkle-tv-content-creator?portfolioCats=48 HTTP/1.1" 404 92936 "-" "Mozilla/5.0 (Linux; Android 7.0;) AppleWebKit/537.36 (KHTML, like Gecko) Mobile Safari/537.36 (compatible; PetalBot;+https://webmaster.petalsearch.com/site/petalbot)"
91.90.123.46 - - [29/Jun/2021:09:20:57 -0400] "GET /index.php/contact-us/ HTTP/1.0" 200 146539 "https://www.nepadesigns.com/index.php/contact-us/" "Mozilla/5.0 (Windows NT 10.0; Win64; x64) AppleWebKit/537.36 (KHTML, like Gecko) Chrome/83.0.4093.3 Safari/537.36"
91.90.123.46 - - [29/Jun/2021:09:21:11 -0400] "GET /index.php/contact-us/index.php HTTP/1.0" 301 5015 "https://www.nepadesigns.com/index.php" "Mozilla/5.0 (Windows NT 10.0; Win64; x64) AppleWebKit/537.36 (KHTML, like Gecko) Chrome/83.0.4093.3 Safari/537.36"
91.90.123.46 - - [29/Jun/2021:09:21:14 -0400] "GET /index.php/contact-us/index.php HTTP/1.0" 301 5015 "https://www.nepadesigns.com/index.php" "Mozilla/5.0 (Windows NT 10.0; Win64; x64) AppleWebKit/537.36 (KHTML, like Gecko) Chrome/83.0.4093.3 Safari/537.36"
91.90.123.46 - - [29/Jun/2021:09:21:16 -0400] "GET /index.php/contact-us/index.php HTTP/1.0" 301 5015 "https://www.nepadesigns.com/index.php" "Mozilla/5.0 (Windows NT 10.0; Win64; x64) AppleWebKit/537.36 (KHTML, like Gecko) Chrome/83.0.4093.3 Safari/537.36"
114.119.142.126 - - [29/Jun/2021:10:00:06 -0400] "GET /index.php/category/seo-tips/ HTTP/1.1" 200 16671 "-" "Mozilla/5.0 (Linux; Android 7.0;) AppleWebKit/537.36 (KHTML, like Gecko) Mobile Safari/537.36 (compatible; PetalBot;+https://webmaster.petalsearch.com/site/petalbot)"
66.249.64.87 - - [29/Jun/2021:10:47:23 -0400] "GET /wp-content/uploads/2020/09/nepadesigns-logo-white.png HTTP/1.1" 404 5724 "-" "Googlebot-Image/1.0"
40.71.202.87 - - [29/Jun/2021:10:47:34 -0400] "GET / HTTP/1.1" 301 574 "-" "Mozilla/5.0 (Windows NT 10.0; Win64; x64) AppleWebKit/537.36 (KHTML, like Gecko) Chrome/78.0.3904.108 Safari/537.36"
40.71.202.87 - - [29/Jun/2021:10:47:34 -0400] "GET / HTTP/1.1" 301 5052 "-" "Mozilla/5.0 (Windows NT 10.0; Win64; x64) AppleWebKit/537.36 (KHTML, like Gecko) Chrome/78.0.3904.108 Safari/537.36"
40.71.202.87 - - [29/Jun/2021:10:47:36 -0400] "GET //wp-includes/wlwmanifest.xml HTTP/1.1" 200 6128 "-" "Mozilla/5.0 (Windows NT 10.0; Win64; x64) AppleWebKit/537.36 (KHTML, like Gecko) Chrome/78.0.3904.108 Safari/537.36"
204.48.19.85 - - [29/Jun/2021:10:47:34 -0400] "POST /wp-cron.php?doing_wp_cron=1624978054.9344410896301269531250 HTTP/1.1" 200 5406 "https://www.nepadesigns.com/wp-cron.php?doing_wp_cron=1624978054.9344410896301269531250" "WordPress/5.7.2; https://www.nepadesigns.com"
40.71.202.87 - - [29/Jun/2021:10:47:36 -0400] "GET //wp-login.php HTTP/1.1" 200 8210 "-" "Mozilla/5.0 (Windows NT 10.0; Win64; x64) AppleWebKit/537.36 (KHTML, like Gecko) Chrome/78.0.3904.108 Safari/537.36"
40.71.202.87 - - [29/Jun/2021:10:47:36 -0400] "GET //?author=1 HTTP/1.1" 301 335 "-" "Mozilla/5.0 (Windows NT 10.0; Win64; x64) AppleWebKit/537.36 (KHTML, like Gecko) Chrome/78.0.3904.108 Safari/537.36"
40.71.202.87 - - [29/Jun/2021:10:47:37 -0400] "GET //?author=2 HTTP/1.1" 301 321 "-" "Mozilla/5.0 (Windows NT 10.0; Win64; x64) AppleWebKit/537.36 (KHTML, like Gecko) Chrome/78.0.3904.108 Safari/537.36"
40.71.202.87 - - [29/Jun/2021:10:47:37 -0400] "GET //wp-json/wp/v2/users/ HTTP/1.1" 404 527 "-" "Mozilla/5.0 (Windows NT 10.0; Win64; x64) AppleWebKit/537.36 (KHTML, like Gecko) Chrome/78.0.3904.108 Safari/537.36"
40.71.202.87 - - [29/Jun/2021:10:47:37 -0400] "POST //xmlrpc.php HTTP/1.1" 200 651 "-" "Mozilla/5.0 (Windows NT 10.0; Win64; x64) AppleWebKit/537.36 (KHTML, like Gecko) Chrome/78.0.3904.108 Safari/537.36"
40.71.202.87 - - [29/Jun/2021:10:47:38 -0400] "POST //xmlrpc.php HTTP/1.1" 200 5390 "-" "Mozilla/5.0 (Windows NT 10.0; Win64; x64) AppleWebKit/537.36 (KHTML, like Gecko) Chrome/78.0.3904.108 Safari/537.36"
40.71.202.87 - - [29/Jun/2021:10:47:38 -0400] "POST //xmlrpc.php HTTP/1.1" 200 5390 "-" "Mozilla/5.0 (Windows NT 10.0; Win64; x64) AppleWebKit/537.36 (KHTML, like Gecko) Chrome/78.0.3904.108 Safari/537.36"
40.71.202.87 - - [29/Jun/2021:10:47:39 -0400] "POST //xmlrpc.php HTTP/1.1" 200 5390 "-" "Mozilla/5.0 (Windows NT 10.0; Win64; x64) AppleWebKit/537.36 (KHTML, like Gecko) Chrome/78.0.3904.108 Safari/537.36"
40.71.202.87 - - [29/Jun/2021:10:47:39 -0400] "POST //xmlrpc.php HTTP/1.1" 200 5390 "-" "Mozilla/5.0 (Windows NT 10.0; Win64; x64) AppleWebKit/537.36 (KHTML, like Gecko) Chrome/78.0.3904.108 Safari/537.36"
40.71.202.87 - - [29/Jun/2021:10:47:40 -0400] "POST //xmlrpc.php HTTP/1.1" 200 5390 "-" "Mozilla/5.0 (Windows NT 10.0; Win64; x64) AppleWebKit/537.36 (KHTML, like Gecko) Chrome/78.0.3904.108 Safari/537.36"
40.71.202.87 - - [29/Jun/2021:10:47:41 -0400] "POST //xmlrpc.php HTTP/1.1" 200 5390 "-" "Mozilla/5.0 (Windows NT 10.0; Win64; x64) AppleWebKit/537.36 (KHTML, like Gecko) Chrome/78.0.3904.108 Safari/537.36"
40.71.202.87 - - [29/Jun/2021:10:47:41 -0400] "POST //xmlrpc.php HTTP/1.1" 200 5390 "-" "Mozilla/5.0 (Windows NT 10.0; Win64; x64) AppleWebKit/537.36 (KHTML, like Gecko) Chrome/78.0.3904.108 Safari/537.36"
40.71.202.87 - - [29/Jun/2021:10:47:42 -0400] "POST //xmlrpc.php HTTP/1.1" 200 5390 "-" "Mozilla/5.0 (Windows NT 10.0; Win64; x64) AppleWebKit/537.36 (KHTML, like Gecko) Chrome/78.0.3904.108 Safari/537.36"
40.71.202.87 - - [29/Jun/2021:10:47:42 -0400] "POST //xmlrpc.php HTTP/1.1" 200 5390 "-" "Mozilla/5.0 (Windows NT 10.0; Win64; x64) AppleWebKit/537.36 (KHTML, like Gecko) Chrome/78.0.3904.108 Safari/537.36"
40.71.202.87 - - [29/Jun/2021:10:47:43 -0400] "POST //xmlrpc.php HTTP/1.1" 200 5390 "-" "Mozilla/5.0 (Windows NT 10.0; Win64; x64) AppleWebKit/537.36 (KHTML, like Gecko) Chrome/78.0.3904.108 Safari/537.36"
40.71.202.87 - - [29/Jun/2021:10:47:43 -0400] "POST //xmlrpc.php HTTP/1.1" 200 5390 "-" "Mozilla/5.0 (Windows NT 10.0; Win64; x64) AppleWebKit/537.36 (KHTML, like Gecko) Chrome/78.0.3904.108 Safari/537.36"
40.71.202.87 - - [29/Jun/2021:10:47:44 -0400] "POST //xmlrpc.php HTTP/1.1" 200 5390 "-" "Mozilla/5.0 (Windows NT 10.0; Win64; x64) AppleWebKit/537.36 (KHTML, like Gecko) Chrome/78.0.3904.108 Safari/537.36"
40.71.202.87 - - [29/Jun/2021:10:47:44 -0400] "POST //xmlrpc.php HTTP/1.1" 200 5390 "-" "Mozilla/5.0 (Windows NT 10.0; Win64; x64) AppleWebKit/537.36 (KHTML, like Gecko) Chrome/78.0.3904.108 Safari/537.36"
40.71.202.87 - - [29/Jun/2021:10:47:45 -0400] "POST //xmlrpc.php HTTP/1.1" 200 5390 "-" "Mozilla/5.0 (Windows NT 10.0; Win64; x64) AppleWebKit/537.36 (KHTML, like Gecko) Chrome/78.0.3904.108 Safari/537.36"
40.71.202.87 - - [29/Jun/2021:10:47:46 -0400] "POST //xmlrpc.php HTTP/1.1" 200 5390 "-" "Mozilla/5.0 (Windows NT 10.0; Win64; x64) AppleWebKit/537.36 (KHTML, like Gecko) Chrome/78.0.3904.108 Safari/537.36"
40.71.202.87 - - [29/Jun/2021:10:47:46 -0400] "POST //xmlrpc.php HTTP/1.1" 200 5390 "-" "Mozilla/5.0 (Windows NT 10.0; Win64; x64) AppleWebKit/537.36 (KHTML, like Gecko) Chrome/78.0.3904.108 Safari/537.36"
40.71.202.87 - - [29/Jun/2021:10:47:47 -0400] "POST //xmlrpc.php HTTP/1.1" 200 5390 "-" "Mozilla/5.0 (Windows NT 10.0; Win64; x64) AppleWebKit/537.36 (KHTML, like Gecko) Chrome/78.0.3904.108 Safari/537.36"
40.71.202.87 - - [29/Jun/2021:10:47:47 -0400] "POST //xmlrpc.php HTTP/1.1" 200 5390 "-" "Mozilla/5.0 (Windows NT 10.0; Win64; x64) AppleWebKit/537.36 (KHTML, like Gecko) Chrome/78.0.3904.108 Safari/537.36"
40.71.202.87 - - [29/Jun/2021:10:47:48 -0400] "POST //xmlrpc.php HTTP/1.1" 200 5390 "-" "Mozilla/5.0 (Windows NT 10.0; Win64; x64) AppleWebKit/537.36 (KHTML, like Gecko) Chrome/78.0.3904.108 Safari/537.36"
40.71.202.87 - - [29/Jun/2021:10:47:48 -0400] "POST //xmlrpc.php HTTP/1.1" 200 5390 "-" "Mozilla/5.0 (Windows NT 10.0; Win64; x64) AppleWebKit/537.36 (KHTML, like Gecko) Chrome/78.0.3904.108 Safari/537.36"
40.71.202.87 - - [29/Jun/2021:10:47:49 -0400] "POST //xmlrpc.php HTTP/1.1" 200 5390 "-" "Mozilla/5.0 (Windows NT 10.0; Win64; x64) AppleWebKit/537.36 (KHTML, like Gecko) Chrome/78.0.3904.108 Safari/537.36"
40.71.202.87 - - [29/Jun/2021:10:47:50 -0400] "POST //xmlrpc.php HTTP/1.1" 200 5390 "-" "Mozilla/5.0 (Windows NT 10.0; Win64; x64) AppleWebKit/537.36 (KHTML, like Gecko) Chrome/78.0.3904.108 Safari/537.36"
40.71.202.87 - - [29/Jun/2021:10:47:50 -0400] "POST //xmlrpc.php HTTP/1.1" 200 5390 "-" "Mozilla/5.0 (Windows NT 10.0; Win64; x64) AppleWebKit/537.36 (KHTML, like Gecko) Chrome/78.0.3904.108 Safari/537.36"
40.71.202.87 - - [29/Jun/2021:10:47:51 -0400] "POST //xmlrpc.php HTTP/1.1" 200 5390 "-" "Mozilla/5.0 (Windows NT 10.0; Win64; x64) AppleWebKit/537.36 (KHTML, like Gecko) Chrome/78.0.3904.108 Safari/537.36"
40.71.202.87 - - [29/Jun/2021:10:47:51 -0400] "POST //xmlrpc.php HTTP/1.1" 200 5390 "-" "Mozilla/5.0 (Windows NT 10.0; Win64; x64) AppleWebKit/537.36 (KHTML, like Gecko) Chrome/78.0.3904.108 Safari/537.36"
40.71.202.87 - - [29/Jun/2021:10:47:52 -0400] "POST //xmlrpc.php HTTP/1.1" 200 5390 "-" "Mozilla/5.0 (Windows NT 10.0; Win64; x64) AppleWebKit/537.36 (KHTML, like Gecko) Chrome/78.0.3904.108 Safari/537.36"
40.71.202.87 - - [29/Jun/2021:10:47:52 -0400] "POST //xmlrpc.php HTTP/1.1" 200 5390 "-" "Mozilla/5.0 (Windows NT 10.0; Win64; x64) AppleWebKit/537.36 (KHTML, like Gecko) Chrome/78.0.3904.108 Safari/537.36"
40.71.202.87 - - [29/Jun/2021:10:47:53 -0400] "POST //xmlrpc.php HTTP/1.1" 200 5390 "-" "Mozilla/5.0 (Windows NT 10.0; Win64; x64) AppleWebKit/537.36 (KHTML, like Gecko) Chrome/78.0.3904.108 Safari/537.36"
40.71.202.87 - - [29/Jun/2021:10:47:54 -0400] "POST //xmlrpc.php HTTP/1.1" 200 5390 "-" "Mozilla/5.0 (Windows NT 10.0; Win64; x64) AppleWebKit/537.36 (KHTML, like Gecko) Chrome/78.0.3904.108 Safari/537.36"
40.71.202.87 - - [29/Jun/2021:10:47:54 -0400] "POST //xmlrpc.php HTTP/1.1" 200 5390 "-" "Mozilla/5.0 (Windows NT 10.0; Win64; x64) AppleWebKit/537.36 (KHTML, like Gecko) Chrome/78.0.3904.108 Safari/537.36"
40.71.202.87 - - [29/Jun/2021:10:47:55 -0400] "POST //xmlrpc.php HTTP/1.1" 200 5390 "-" "Mozilla/5.0 (Windows NT 10.0; Win64; x64) AppleWebKit/537.36 (KHTML, like Gecko) Chrome/78.0.3904.108 Safari/537.36"
40.71.202.87 - - [29/Jun/2021:10:47:55 -0400] "POST //xmlrpc.php HTTP/1.1" 200 5390 "-" "Mozilla/5.0 (Windows NT 10.0; Win64; x64) AppleWebKit/537.36 (KHTML, like Gecko) Chrome/78.0.3904.108 Safari/537.36"
40.71.202.87 - - [29/Jun/2021:10:47:56 -0400] "POST //xmlrpc.php HTTP/1.1" 200 5390 "-" "Mozilla/5.0 (Windows NT 10.0; Win64; x64) AppleWebKit/537.36 (KHTML, like Gecko) Chrome/78.0.3904.108 Safari/537.36"
40.71.202.87 - - [29/Jun/2021:10:47:56 -0400] "POST //xmlrpc.php HTTP/1.1" 200 5390 "-" "Mozilla/5.0 (Windows NT 10.0; Win64; x64) AppleWebKit/537.36 (KHTML, like Gecko) Chrome/78.0.3904.108 Safari/537.36"
40.71.202.87 - - [29/Jun/2021:10:47:57 -0400] "POST //xmlrpc.php HTTP/1.1" 200 5390 "-" "Mozilla/5.0 (Windows NT 10.0; Win64; x64) AppleWebKit/537.36 (KHTML, like Gecko) Chrome/78.0.3904.108 Safari/537.36"
40.71.202.87 - - [29/Jun/2021:10:47:57 -0400] "POST //xmlrpc.php HTTP/1.1" 200 5390 "-" "Mozilla/5.0 (Windows NT 10.0; Win64; x64) AppleWebKit/537.36 (KHTML, like Gecko) Chrome/78.0.3904.108 Safari/537.36"
40.71.202.87 - - [29/Jun/2021:10:47:58 -0400] "POST //xmlrpc.php HTTP/1.1" 200 5390 "-" "Mozilla/5.0 (Windows NT 10.0; Win64; x64) AppleWebKit/537.36 (KHTML, like Gecko) Chrome/78.0.3904.108 Safari/537.36"
40.71.202.87 - - [29/Jun/2021:10:47:58 -0400] "POST //xmlrpc.php HTTP/1.1" 200 5390 "-" "Mozilla/5.0 (Windows NT 10.0; Win64; x64) AppleWebKit/537.36 (KHTML, like Gecko) Chrome/78.0.3904.108 Safari/537.36"
40.71.202.87 - - [29/Jun/2021:10:47:59 -0400] "POST //xmlrpc.php HTTP/1.1" 200 5390 "-" "Mozilla/5.0 (Windows NT 10.0; Win64; x64) AppleWebKit/537.36 (KHTML, like Gecko) Chrome/78.0.3904.108 Safari/537.36"
40.71.202.87 - - [29/Jun/2021:10:48:00 -0400] "POST //xmlrpc.php HTTP/1.1" 200 5390 "-" "Mozilla/5.0 (Windows NT 10.0; Win64; x64) AppleWebKit/537.36 (KHTML, like Gecko) Chrome/78.0.3904.108 Safari/537.36"
40.71.202.87 - - [29/Jun/2021:10:48:00 -0400] "POST //xmlrpc.php HTTP/1.1" 200 5390 "-" "Mozilla/5.0 (Windows NT 10.0; Win64; x64) AppleWebKit/537.36 (KHTML, like Gecko) Chrome/78.0.3904.108 Safari/537.36"
40.71.202.87 - - [29/Jun/2021:10:48:01 -0400] "POST //xmlrpc.php HTTP/1.1" 200 5390 "-" "Mozilla/5.0 (Windows NT 10.0; Win64; x64) AppleWebKit/537.36 (KHTML, like Gecko) Chrome/78.0.3904.108 Safari/537.36"
40.71.202.87 - - [29/Jun/2021:10:48:01 -0400] "POST //xmlrpc.php HTTP/1.1" 200 5390 "-" "Mozilla/5.0 (Windows NT 10.0; Win64; x64) AppleWebKit/537.36 (KHTML, like Gecko) Chrome/78.0.3904.108 Safari/537.36"
40.71.202.87 - - [29/Jun/2021:10:48:02 -0400] "POST //xmlrpc.php HTTP/1.1" 200 5390 "-" "Mozilla/5.0 (Windows NT 10.0; Win64; x64) AppleWebKit/537.36 (KHTML, like Gecko) Chrome/78.0.3904.108 Safari/537.36"
40.71.202.87 - - [29/Jun/2021:10:48:03 -0400] "POST //xmlrpc.php HTTP/1.1" 200 5390 "-" "Mozilla/5.0 (Windows NT 10.0; Win64; x64) AppleWebKit/537.36 (KHTML, like Gecko) Chrome/78.0.3904.108 Safari/537.36"
40.71.202.87 - - [29/Jun/2021:10:48:03 -0400] "POST //xmlrpc.php HTTP/1.1" 200 5390 "-" "Mozilla/5.0 (Windows NT 10.0; Win64; x64) AppleWebKit/537.36 (KHTML, like Gecko) Chrome/78.0.3904.108 Safari/537.36"
40.71.202.87 - - [29/Jun/2021:10:48:04 -0400] "POST //xmlrpc.php HTTP/1.1" 200 5390 "-" "Mozilla/5.0 (Windows NT 10.0; Win64; x64) AppleWebKit/537.36 (KHTML, like Gecko) Chrome/78.0.3904.108 Safari/537.36"
40.71.202.87 - - [29/Jun/2021:10:48:04 -0400] "POST //xmlrpc.php HTTP/1.1" 200 5390 "-" "Mozilla/5.0 (Windows NT 10.0; Win64; x64) AppleWebKit/537.36 (KHTML, like Gecko) Chrome/78.0.3904.108 Safari/537.36"
40.71.202.87 - - [29/Jun/2021:10:48:05 -0400] "POST //xmlrpc.php HTTP/1.1" 200 5390 "-" "Mozilla/5.0 (Windows NT 10.0; Win64; x64) AppleWebKit/537.36 (KHTML, like Gecko) Chrome/78.0.3904.108 Safari/537.36"
40.71.202.87 - - [29/Jun/2021:10:48:06 -0400] "POST //xmlrpc.php HTTP/1.1" 200 5390 "-" "Mozilla/5.0 (Windows NT 10.0; Win64; x64) AppleWebKit/537.36 (KHTML, like Gecko) Chrome/78.0.3904.108 Safari/537.36"
40.71.202.87 - - [29/Jun/2021:10:48:06 -0400] "POST //xmlrpc.php HTTP/1.1" 200 5390 "-" "Mozilla/5.0 (Windows NT 10.0; Win64; x64) AppleWebKit/537.36 (KHTML, like Gecko) Chrome/78.0.3904.108 Safari/537.36"
40.71.202.87 - - [29/Jun/2021:10:48:07 -0400] "POST //xmlrpc.php HTTP/1.1" 200 5390 "-" "Mozilla/5.0 (Windows NT 10.0; Win64; x64) AppleWebKit/537.36 (KHTML, like Gecko) Chrome/78.0.3904.108 Safari/537.36"
40.71.202.87 - - [29/Jun/2021:10:48:08 -0400] "POST //xmlrpc.php HTTP/1.1" 200 5390 "-" "Mozilla/5.0 (Windows NT 10.0; Win64; x64) AppleWebKit/537.36 (KHTML, like Gecko) Chrome/78.0.3904.108 Safari/537.36"
40.71.202.87 - - [29/Jun/2021:10:48:08 -0400] "POST //xmlrpc.php HTTP/1.1" 200 5390 "-" "Mozilla/5.0 (Windows NT 10.0; Win64; x64) AppleWebKit/537.36 (KHTML, like Gecko) Chrome/78.0.3904.108 Safari/537.36"
40.71.202.87 - - [29/Jun/2021:10:48:09 -0400] "POST //xmlrpc.php HTTP/1.1" 200 5390 "-" "Mozilla/5.0 (Windows NT 10.0; Win64; x64) AppleWebKit/537.36 (KHTML, like Gecko) Chrome/78.0.3904.108 Safari/537.36"
40.71.202.87 - - [29/Jun/2021:10:48:09 -0400] "POST //xmlrpc.php HTTP/1.1" 200 5390 "-" "Mozilla/5.0 (Windows NT 10.0; Win64; x64) AppleWebKit/537.36 (KHTML, like Gecko) Chrome/78.0.3904.108 Safari/537.36"
40.71.202.87 - - [29/Jun/2021:10:48:10 -0400] "POST //xmlrpc.php HTTP/1.1" 200 5390 "-" "Mozilla/5.0 (Windows NT 10.0; Win64; x64) AppleWebKit/537.36 (KHTML, like Gecko) Chrome/78.0.3904.108 Safari/537.36"
40.71.202.87 - - [29/Jun/2021:10:48:10 -0400] "POST //xmlrpc.php HTTP/1.1" 200 5390 "-" "Mozilla/5.0 (Windows NT 10.0; Win64; x64) AppleWebKit/537.36 (KHTML, like Gecko) Chrome/78.0.3904.108 Safari/537.36"
40.71.202.87 - - [29/Jun/2021:10:48:11 -0400] "POST //xmlrpc.php HTTP/1.1" 200 5390 "-" "Mozilla/5.0 (Windows NT 10.0; Win64; x64) AppleWebKit/537.36 (KHTML, like Gecko) Chrome/78.0.3904.108 Safari/537.36"
40.71.202.87 - - [29/Jun/2021:10:48:11 -0400] "POST //xmlrpc.php HTTP/1.1" 200 5390 "-" "Mozilla/5.0 (Windows NT 10.0; Win64; x64) AppleWebKit/537.36 (KHTML, like Gecko) Chrome/78.0.3904.108 Safari/537.36"
40.71.202.87 - - [29/Jun/2021:10:48:12 -0400] "POST //xmlrpc.php HTTP/1.1" 200 5390 "-" "Mozilla/5.0 (Windows NT 10.0; Win64; x64) AppleWebKit/537.36 (KHTML, like Gecko) Chrome/78.0.3904.108 Safari/537.36"
40.71.202.87 - - [29/Jun/2021:10:48:12 -0400] "POST //xmlrpc.php HTTP/1.1" 200 5390 "-" "Mozilla/5.0 (Windows NT 10.0; Win64; x64) AppleWebKit/537.36 (KHTML, like Gecko) Chrome/78.0.3904.108 Safari/537.36"
40.71.202.87 - - [29/Jun/2021:10:48:13 -0400] "POST //xmlrpc.php HTTP/1.1" 200 5390 "-" "Mozilla/5.0 (Windows NT 10.0; Win64; x64) AppleWebKit/537.36 (KHTML, like Gecko) Chrome/78.0.3904.108 Safari/537.36"
40.71.202.87 - - [29/Jun/2021:10:48:14 -0400] "POST //xmlrpc.php HTTP/1.1" 200 5390 "-" "Mozilla/5.0 (Windows NT 10.0; Win64; x64) AppleWebKit/537.36 (KHTML, like Gecko) Chrome/78.0.3904.108 Safari/537.36"
40.71.202.87 - - [29/Jun/2021:10:48:14 -0400] "POST //xmlrpc.php HTTP/1.1" 200 5390 "-" "Mozilla/5.0 (Windows NT 10.0; Win64; x64) AppleWebKit/537.36 (KHTML, like Gecko) Chrome/78.0.3904.108 Safari/537.36"
40.71.202.87 - - [29/Jun/2021:10:48:15 -0400] "POST //xmlrpc.php HTTP/1.1" 200 5390 "-" "Mozilla/5.0 (Windows NT 10.0; Win64; x64) AppleWebKit/537.36 (KHTML, like Gecko) Chrome/78.0.3904.108 Safari/537.36"
40.71.202.87 - - [29/Jun/2021:10:48:15 -0400] "POST //xmlrpc.php HTTP/1.1" 200 5390 "-" "Mozilla/5.0 (Windows NT 10.0; Win64; x64) AppleWebKit/537.36 (KHTML, like Gecko) Chrome/78.0.3904.108 Safari/537.36"
40.71.202.87 - - [29/Jun/2021:10:48:16 -0400] "POST //xmlrpc.php HTTP/1.1" 200 5390 "-" "Mozilla/5.0 (Windows NT 10.0; Win64; x64) AppleWebKit/537.36 (KHTML, like Gecko) Chrome/78.0.3904.108 Safari/537.36"
40.71.202.87 - - [29/Jun/2021:10:48:16 -0400] "POST //xmlrpc.php HTTP/1.1" 200 5390 "-" "Mozilla/5.0 (Windows NT 10.0; Win64; x64) AppleWebKit/537.36 (KHTML, like Gecko) Chrome/78.0.3904.108 Safari/537.36"
40.71.202.87 - - [29/Jun/2021:10:48:17 -0400] "POST //xmlrpc.php HTTP/1.1" 200 5390 "-" "Mozilla/5.0 (Windows NT 10.0; Win64; x64) AppleWebKit/537.36 (KHTML, like Gecko) Chrome/78.0.3904.108 Safari/537.36"
40.71.202.87 - - [29/Jun/2021:10:48:17 -0400] "POST //xmlrpc.php HTTP/1.1" 200 5390 "-" "Mozilla/5.0 (Windows NT 10.0; Win64; x64) AppleWebKit/537.36 (KHTML, like Gecko) Chrome/78.0.3904.108 Safari/537.36"
40.71.202.87 - - [29/Jun/2021:10:48:18 -0400] "POST //xmlrpc.php HTTP/1.1" 200 5390 "-" "Mozilla/5.0 (Windows NT 10.0; Win64; x64) AppleWebKit/537.36 (KHTML, like Gecko) Chrome/78.0.3904.108 Safari/537.36"
40.71.202.87 - - [29/Jun/2021:10:48:18 -0400] "POST //xmlrpc.php HTTP/1.1" 200 5390 "-" "Mozilla/5.0 (Windows NT 10.0; Win64; x64) AppleWebKit/537.36 (KHTML, like Gecko) Chrome/78.0.3904.108 Safari/537.36"
40.71.202.87 - - [29/Jun/2021:10:48:19 -0400] "POST //xmlrpc.php HTTP/1.1" 200 5390 "-" "Mozilla/5.0 (Windows NT 10.0; Win64; x64) AppleWebKit/537.36 (KHTML, like Gecko) Chrome/78.0.3904.108 Safari/537.36"
40.71.202.87 - - [29/Jun/2021:10:48:20 -0400] "POST //xmlrpc.php HTTP/1.1" 200 5390 "-" "Mozilla/5.0 (Windows NT 10.0; Win64; x64) AppleWebKit/537.36 (KHTML, like Gecko) Chrome/78.0.3904.108 Safari/537.36"
40.71.202.87 - - [29/Jun/2021:10:48:20 -0400] "POST //xmlrpc.php HTTP/1.1" 200 5390 "-" "Mozilla/5.0 (Windows NT 10.0; Win64; x64) AppleWebKit/537.36 (KHTML, like Gecko) Chrome/78.0.3904.108 Safari/537.36"
