64.67.111.194 - - [12/Jul/2021:11:01:36 -0400] "GET /wp-includes/js/dist/vendor/react.min.js?ver=16.13.1 HTTP/1.1" 200 5315 "https://www.nepadesigns.com/wp-admin/" "Mozilla/5.0 (Windows NT 10.0; Win64; x64) AppleWebKit/537.36 (KHTML, like Gecko) Chrome/91.0.4472.124 Safari/537.36"
64.67.111.194 - - [12/Jul/2021:11:01:36 -0400] "GET /wp-includes/js/dist/vendor/react-dom.min.js?ver=16.13.1 HTTP/1.1" 200 38571 "https://www.nepadesigns.com/wp-admin/" "Mozilla/5.0 (Windows NT 10.0; Win64; x64) AppleWebKit/537.36 (KHTML, like Gecko) Chrome/91.0.4472.124 Safari/537.36"
64.67.111.194 - - [12/Jul/2021:11:01:36 -0400] "GET /wp-includes/js/dist/escape-html.min.js?ver=318abfb97a58ba13225ff74699ad73d4 HTTP/1.1" 200 1130 "https://www.nepadesigns.com/wp-admin/" "Mozilla/5.0 (Windows NT 10.0; Win64; x64) AppleWebKit/537.36 (KHTML, like Gecko) Chrome/91.0.4472.124 Safari/537.36"
64.67.111.194 - - [12/Jul/2021:11:01:36 -0400] "GET /wp-content/plugins/wordpress-seo/js/dist/externals/propTypes-1661.js HTTP/1.1" 200 1234 "https://www.nepadesigns.com/wp-admin/" "Mozilla/5.0 (Windows NT 10.0; Win64; x64) AppleWebKit/537.36 (KHTML, like Gecko) Chrome/91.0.4472.124 Safari/537.36"
64.67.111.194 - - [12/Jul/2021:11:01:36 -0400] "GET /wp-content/plugins/wordpress-seo/js/dist/externals/styledComponents-1661.js HTTP/1.1" 200 14821 "https://www.nepadesigns.com/wp-admin/" "Mozilla/5.0 (Windows NT 10.0; Win64; x64) AppleWebKit/537.36 (KHTML, like Gecko) Chrome/91.0.4472.124 Safari/537.36"
64.67.111.194 - - [12/Jul/2021:11:01:36 -0400] "GET /wp-includes/js/dist/element.min.js?ver=ade78933fc78fc95c1988dda7ccc9fb3 HTTP/1.1" 200 5089 "https://www.nepadesigns.com/wp-admin/" "Mozilla/5.0 (Windows NT 10.0; Win64; x64) AppleWebKit/537.36 (KHTML, like Gecko) Chrome/91.0.4472.124 Safari/537.36"
64.67.111.194 - - [12/Jul/2021:11:01:36 -0400] "GET /wp-content/plugins/wordpress-seo/js/dist/externals/helpers-1661.js HTTP/1.1" 200 17384 "https://www.nepadesigns.com/wp-admin/" "Mozilla/5.0 (Windows NT 10.0; Win64; x64) AppleWebKit/537.36 (KHTML, like Gecko) Chrome/91.0.4472.124 Safari/537.36"
64.67.111.194 - - [12/Jul/2021:11:01:36 -0400] "GET /wp-content/plugins/wordpress-seo/js/dist/react-select-1661.js HTTP/1.1" 200 28065 "https://www.nepadesigns.com/wp-admin/" "Mozilla/5.0 (Windows NT 10.0; Win64; x64) AppleWebKit/537.36 (KHTML, like Gecko) Chrome/91.0.4472.124 Safari/537.36"
64.67.111.194 - - [12/Jul/2021:11:01:36 -0400] "GET /wp-content/plugins/wordpress-seo/js/dist/externals/analysisReport-1661.js HTTP/1.1" 200 3715 "https://www.nepadesigns.com/wp-admin/" "Mozilla/5.0 (Windows NT 10.0; Win64; x64) AppleWebKit/537.36 (KHTML, like Gecko) Chrome/91.0.4472.124 Safari/537.36"
64.67.111.194 - - [12/Jul/2021:11:01:36 -0400] "GET /wp-content/plugins/wordpress-seo/js/dist/externals/styleGuide-1661.js HTTP/1.1" 200 2839 "https://www.nepadesigns.com/wp-admin/" "Mozilla/5.0 (Windows NT 10.0; Win64; x64) AppleWebKit/537.36 (KHTML, like Gecko) Chrome/91.0.4472.124 Safari/537.36"
64.67.111.194 - - [12/Jul/2021:11:01:36 -0400] "GET /wp-content/plugins/wordpress-seo/js/dist/externals/componentsNew-1661.js HTTP/1.1" 200 43179 "https://www.nepadesigns.com/wp-admin/" "Mozilla/5.0 (Windows NT 10.0; Win64; x64) AppleWebKit/537.36 (KHTML, like Gecko) Chrome/91.0.4472.124 Safari/537.36"
64.67.111.194 - - [12/Jul/2021:11:01:36 -0400] "GET /wp-includes/js/backbone.min.js?ver=1.4.0 HTTP/1.1" 200 8304 "https://www.nepadesigns.com/wp-admin/" "Mozilla/5.0 (Windows NT 10.0; Win64; x64) AppleWebKit/537.36 (KHTML, like Gecko) Chrome/91.0.4472.124 Safari/537.36"
64.67.111.194 - - [12/Jul/2021:11:01:36 -0400] "GET /wp-includes/js/wp-api.min.js?ver=5.7.2 HTTP/1.1" 200 4546 "https://www.nepadesigns.com/wp-admin/" "Mozilla/5.0 (Windows NT 10.0; Win64; x64) AppleWebKit/537.36 (KHTML, like Gecko) Chrome/91.0.4472.124 Safari/537.36"
64.67.111.194 - - [12/Jul/2021:11:01:36 -0400] "GET /wp-content/plugins/wordpress-seo/js/dist/api-client-1661.js HTTP/1.1" 200 1075 "https://www.nepadesigns.com/wp-admin/" "Mozilla/5.0 (Windows NT 10.0; Win64; x64) AppleWebKit/537.36 (KHTML, like Gecko) Chrome/91.0.4472.124 Safari/537.36"
64.67.111.194 - - [12/Jul/2021:11:01:36 -0400] "GET /wp-content/plugins/wordpress-seo/js/dist/dashboard-widget-1661.js HTTP/1.1" 200 2750 "https://www.nepadesigns.com/wp-admin/" "Mozilla/5.0 (Windows NT 10.0; Win64; x64) AppleWebKit/537.36 (KHTML, like Gecko) Chrome/91.0.4472.124 Safari/537.36"
64.67.111.194 - - [12/Jul/2021:11:01:36 -0400] "GET /wp-includes/js/tw-sack.min.js?ver=1.6.1 HTTP/1.1" 200 1531 "https://www.nepadesigns.com/wp-admin/" "Mozilla/5.0 (Windows NT 10.0; Win64; x64) AppleWebKit/537.36 (KHTML, like Gecko) Chrome/91.0.4472.124 Safari/537.36"
64.67.111.194 - - [12/Jul/2021:11:01:36 -0400] "GET /wp-content/themes/Avada/assets/admin/js/avada-admin-notices.js?ver=7.4.1 HTTP/1.1" 200 944 "https://www.nepadesigns.com/wp-admin/" "Mozilla/5.0 (Windows NT 10.0; Win64; x64) AppleWebKit/537.36 (KHTML, like Gecko) Chrome/91.0.4472.124 Safari/537.36"
64.67.111.194 - - [12/Jul/2021:11:01:36 -0400] "GET /wp-content/themes/Avada/includes/lib/assets/min/js/general/fusion-patcher-admin-menu-notices.js?ver=3.4.1 HTTP/1.1" 200 788 "https://www.nepadesigns.com/wp-admin/" "Mozilla/5.0 (Windows NT 10.0; Win64; x64) AppleWebKit/537.36 (KHTML, like Gecko) Chrome/91.0.4472.124 Safari/537.36"
64.67.111.194 - - [12/Jul/2021:11:01:36 -0400] "GET /wp-content/plugins/jetpack/_inc/build/connect-button.min.js?ver=9.9 HTTP/1.1" 200 1913 "https://www.nepadesigns.com/wp-admin/" "Mozilla/5.0 (Windows NT 10.0; Win64; x64) AppleWebKit/537.36 (KHTML, like Gecko) Chrome/91.0.4472.124 Safari/537.36"
64.67.111.194 - - [12/Jul/2021:11:01:36 -0400] "GET /wp-content/themes/Avada/assets/images/logo@2x.png HTTP/1.1" 200 6396 "https://www.nepadesigns.com/wp-admin/" "Mozilla/5.0 (Windows NT 10.0; Win64; x64) AppleWebKit/537.36 (KHTML, like Gecko) Chrome/91.0.4472.124 Safari/537.36"
64.67.111.194 - - [12/Jul/2021:11:01:36 -0400] "GET /wp-content/plugins/jetpack/vendor/automattic/jetpack-jitm/src/js/jetpack-jitm.min.js?ver=1.16.1 HTTP/1.1" 200 2468 "https://www.nepadesigns.com/wp-admin/" "Mozilla/5.0 (Windows NT 10.0; Win64; x64) AppleWebKit/537.36 (KHTML, like Gecko) Chrome/91.0.4472.124 Safari/537.36"
64.67.111.194 - - [12/Jul/2021:11:01:36 -0400] "GET /wp-includes/js/thickbox/loadingAnimation.gif HTTP/1.1" 200 15569 "https://www.nepadesigns.com/wp-admin/" "Mozilla/5.0 (Windows NT 10.0; Win64; x64) AppleWebKit/537.36 (KHTML, like Gecko) Chrome/91.0.4472.124 Safari/537.36"
64.67.111.194 - - [12/Jul/2021:11:01:36 -0400] "GET /index.php/wp-json/yoast/v1/statistics HTTP/1.1" 200 1016 "https://www.nepadesigns.com/wp-admin/" "Mozilla/5.0 (Windows NT 10.0; Win64; x64) AppleWebKit/537.36 (KHTML, like Gecko) Chrome/91.0.4472.124 Safari/537.36"
64.67.111.194 - - [12/Jul/2021:11:01:36 -0400] "GET /index.php/wp-json/wp/v2/ HTTP/1.1" 200 94776 "https://www.nepadesigns.com/wp-admin/" "Mozilla/5.0 (Windows NT 10.0; Win64; x64) AppleWebKit/537.36 (KHTML, like Gecko) Chrome/91.0.4472.124 Safari/537.36"
64.67.111.194 - - [12/Jul/2021:11:01:36 -0400] "POST /wp-admin/admin-ajax.php HTTP/1.1" 200 574 "https://www.nepadesigns.com/wp-admin/" "Mozilla/5.0 (Windows NT 10.0; Win64; x64) AppleWebKit/537.36 (KHTML, like Gecko) Chrome/91.0.4472.124 Safari/537.36"
64.67.111.194 - - [12/Jul/2021:11:01:36 -0400] "GET /index.php/wp-json/jetpack/v4/jitm?message_path=wp%3Adashboard%3Aadmin_notices&query=&full_jp_logo_exists=false&_wpnonce=6b66a9bb9d HTTP/1.1" 200 677 "https://www.nepadesigns.com/wp-admin/" "Mozilla/5.0 (Windows NT 10.0; Win64; x64) AppleWebKit/537.36 (KHTML, like Gecko) Chrome/91.0.4472.124 Safari/537.36"
64.67.111.194 - - [12/Jul/2021:11:01:36 -0400] "POST /wp-admin/admin-ajax.php HTTP/1.1" 200 574 "https://www.nepadesigns.com/wp-admin/" "Mozilla/5.0 (Windows NT 10.0; Win64; x64) AppleWebKit/537.36 (KHTML, like Gecko) Chrome/91.0.4472.124 Safari/537.36"
64.67.111.194 - - [12/Jul/2021:11:01:36 -0400] "POST /wp-admin/admin-ajax.php HTTP/1.1" 200 1534 "https://www.nepadesigns.com/wp-admin/" "Mozilla/5.0 (Windows NT 10.0; Win64; x64) AppleWebKit/537.36 (KHTML, like Gecko) Chrome/91.0.4472.124 Safari/537.36"
64.67.111.194 - - [12/Jul/2021:11:01:42 -0400] "GET /wp-admin/plugins.php HTTP/1.1" 200 21433 "https://www.nepadesigns.com/wp-admin/" "Mozilla/5.0 (Windows NT 10.0; Win64; x64) AppleWebKit/537.36 (KHTML, like Gecko) Chrome/91.0.4472.124 Safari/537.36"
64.67.111.194 - - [12/Jul/2021:11:01:42 -0400] "GET /wp-admin/load-styles.php?c=0&dir=ltr&load%5Bchunk_0%5D=dashicons,admin-bar,common,forms,admin-menu,dashboard,list-tables,edit,revisions,media,themes,about,nav-menus,wp-pointer,widgets&load%5Bchunk_1%5D=,site-icon,l10n,buttons,wp-auth-check,wp-jquery-ui-dialog,wp-color-picker&ver=5.7.2 HTTP/1.1" 200 99414 "https://www.nepadesigns.com/wp-admin/plugins.php" "Mozilla/5.0 (Windows NT 10.0; Win64; x64) AppleWebKit/537.36 (KHTML, like Gecko) Chrome/91.0.4472.124 Safari/537.36"
64.67.111.194 - - [12/Jul/2021:11:01:43 -0400] "GET /wp-admin/images/spinner-2x.gif HTTP/1.1" 200 7866 "https://www.nepadesigns.com/wp-admin/load-styles.php?c=0&dir=ltr&load%5Bchunk_0%5D=dashicons,admin-bar,common,forms,admin-menu,dashboard,list-tables,edit,revisions,media,themes,about,nav-menus,wp-pointer,widgets&load%5Bchunk_1%5D=,site-icon,l10n,buttons,wp-auth-check,wp-jquery-ui-dialog,wp-color-picker&ver=5.7.2" "Mozilla/5.0 (Windows NT 10.0; Win64; x64) AppleWebKit/537.36 (KHTML, like Gecko) Chrome/91.0.4472.124 Safari/537.36"
64.67.111.194 - - [12/Jul/2021:11:01:43 -0400] "GET /index.php/wp-json/jetpack/v4/jitm?message_path=wp%3Aplugins%3Aadmin_notices&query=&full_jp_logo_exists=false&_wpnonce=6b66a9bb9d HTTP/1.1" 200 677 "https://www.nepadesigns.com/wp-admin/plugins.php" "Mozilla/5.0 (Windows NT 10.0; Win64; x64) AppleWebKit/537.36 (KHTML, like Gecko) Chrome/91.0.4472.124 Safari/537.36"
64.67.111.194 - - [12/Jul/2021:11:01:52 -0400] "GET /wp-admin/upload.php HTTP/1.1" 200 22529 "https://www.nepadesigns.com/wp-admin/plugins.php" "Mozilla/5.0 (Windows NT 10.0; Win64; x64) AppleWebKit/537.36 (KHTML, like Gecko) Chrome/91.0.4472.124 Safari/537.36"
64.67.111.194 - - [12/Jul/2021:11:01:52 -0400] "GET /wp-content/uploads/2021/07/nepadesigns_logo2x-66x66.png HTTP/1.1" 200 6195 "https://www.nepadesigns.com/wp-admin/upload.php" "Mozilla/5.0 (Windows NT 10.0; Win64; x64) AppleWebKit/537.36 (KHTML, like Gecko) Chrome/91.0.4472.124 Safari/537.36"
64.67.111.194 - - [12/Jul/2021:11:01:52 -0400] "GET /wp-content/uploads/2021/07/nepadesigns_logo1x-66x66.png HTTP/1.1" 200 8266 "https://www.nepadesigns.com/wp-admin/upload.php" "Mozilla/5.0 (Windows NT 10.0; Win64; x64) AppleWebKit/537.36 (KHTML, like Gecko) Chrome/91.0.4472.124 Safari/537.36"
64.67.111.194 - - [12/Jul/2021:11:01:52 -0400] "GET /wp-includes/images/media/archive.png HTTP/1.1" 200 723 "https://www.nepadesigns.com/wp-admin/upload.php" "Mozilla/5.0 (Windows NT 10.0; Win64; x64) AppleWebKit/537.36 (KHTML, like Gecko) Chrome/91.0.4472.124 Safari/537.36"
64.67.111.194 - - [12/Jul/2021:11:01:52 -0400] "GET /wp-includes/images/media/default.png HTTP/1.1" 200 473 "https://www.nepadesigns.com/wp-admin/upload.php" "Mozilla/5.0 (Windows NT 10.0; Win64; x64) AppleWebKit/537.36 (KHTML, like Gecko) Chrome/91.0.4472.124 Safari/537.36"
64.67.111.194 - - [12/Jul/2021:11:01:52 -0400] "GET /wp-admin/js/media.min.js?ver=5.7.2 HTTP/1.1" 200 1837 "https://www.nepadesigns.com/wp-admin/upload.php" "Mozilla/5.0 (Windows NT 10.0; Win64; x64) AppleWebKit/537.36 (KHTML, like Gecko) Chrome/91.0.4472.124 Safari/537.36"
64.67.111.194 - - [12/Jul/2021:11:01:52 -0400] "GET /wp-content/uploads/2021/03/happy-client-2.jpg HTTP/1.1" 200 138564 "https://www.nepadesigns.com/wp-admin/upload.php" "Mozilla/5.0 (Windows NT 10.0; Win64; x64) AppleWebKit/537.36 (KHTML, like Gecko) Chrome/91.0.4472.124 Safari/537.36"
64.67.111.194 - - [12/Jul/2021:11:01:52 -0400] "GET /wp-content/uploads/2021/03/smiling-client-1.jpg HTTP/1.1" 200 110146 "https://www.nepadesigns.com/wp-admin/upload.php" "Mozilla/5.0 (Windows NT 10.0; Win64; x64) AppleWebKit/537.36 (KHTML, like Gecko) Chrome/91.0.4472.124 Safari/537.36"
64.67.111.194 - - [12/Jul/2021:11:01:52 -0400] "GET /wp-content/uploads/2021/03/spaces-logo-white.png HTTP/1.1" 200 1427 "https://www.nepadesigns.com/wp-admin/upload.php" "Mozilla/5.0 (Windows NT 10.0; Win64; x64) AppleWebKit/537.36 (KHTML, like Gecko) Chrome/91.0.4472.124 Safari/537.36"
64.67.111.194 - - [12/Jul/2021:11:01:52 -0400] "GET /wp-content/uploads/2021/03/hemisferio-logo-white.png HTTP/1.1" 200 1042 "https://www.nepadesigns.com/wp-admin/upload.php" "Mozilla/5.0 (Windows NT 10.0; Win64; x64) AppleWebKit/537.36 (KHTML, like Gecko) Chrome/91.0.4472.124 Safari/537.36"
64.67.111.194 - - [12/Jul/2021:11:01:52 -0400] "GET /wp-content/uploads/2021/03/next-logo-white.png HTTP/1.1" 200 1331 "https://www.nepadesigns.com/wp-admin/upload.php" "Mozilla/5.0 (Windows NT 10.0; Win64; x64) AppleWebKit/537.36 (KHTML, like Gecko) Chrome/91.0.4472.124 Safari/537.36"
64.67.111.194 - - [12/Jul/2021:11:01:52 -0400] "GET /wp-content/uploads/2021/03/digitalbox-logo-white.png HTTP/1.1" 200 1467 "https://www.nepadesigns.com/wp-admin/upload.php" "Mozilla/5.0 (Windows NT 10.0; Win64; x64) AppleWebKit/537.36 (KHTML, like Gecko) Chrome/91.0.4472.124 Safari/537.36"
64.67.111.194 - - [12/Jul/2021:11:01:52 -0400] "GET /wp-content/uploads/2021/03/cglobal-logo-white.png HTTP/1.1" 200 1100 "https://www.nepadesigns.com/wp-admin/upload.php" "Mozilla/5.0 (Windows NT 10.0; Win64; x64) AppleWebKit/537.36 (KHTML, like Gecko) Chrome/91.0.4472.124 Safari/537.36"
64.67.111.194 - - [12/Jul/2021:11:01:52 -0400] "GET /wp-content/uploads/2021/03/happy-client-3.jpg HTTP/1.1" 200 177611 "https://www.nepadesigns.com/wp-admin/upload.php" "Mozilla/5.0 (Windows NT 10.0; Win64; x64) AppleWebKit/537.36 (KHTML, like Gecko) Chrome/91.0.4472.124 Safari/537.36"
64.67.111.194 - - [12/Jul/2021:11:01:52 -0400] "GET /wp-content/uploads/2021/03/abstract-logo-white.png HTTP/1.1" 200 1301 "https://www.nepadesigns.com/wp-admin/upload.php" "Mozilla/5.0 (Windows NT 10.0; Win64; x64) AppleWebKit/537.36 (KHTML, like Gecko) Chrome/91.0.4472.124 Safari/537.36"
64.67.111.194 - - [12/Jul/2021:11:01:52 -0400] "GET /wp-content/uploads/2020/09/article-6-featured.jpg HTTP/1.1" 200 84376 "https://www.nepadesigns.com/wp-admin/upload.php" "Mozilla/5.0 (Windows NT 10.0; Win64; x64) AppleWebKit/537.36 (KHTML, like Gecko) Chrome/91.0.4472.124 Safari/537.36"
64.67.111.194 - - [12/Jul/2021:11:01:52 -0400] "GET /wp-content/uploads/2020/09/article-5-featured.jpg HTTP/1.1" 200 94192 "https://www.nepadesigns.com/wp-admin/upload.php" "Mozilla/5.0 (Windows NT 10.0; Win64; x64) AppleWebKit/537.36 (KHTML, like Gecko) Chrome/91.0.4472.124 Safari/537.36"
64.67.111.194 - - [12/Jul/2021:11:01:52 -0400] "GET /wp-content/uploads/2020/09/article-4-featured.jpg HTTP/1.1" 200 129583 "https://www.nepadesigns.com/wp-admin/upload.php" "Mozilla/5.0 (Windows NT 10.0; Win64; x64) AppleWebKit/537.36 (KHTML, like Gecko) Chrome/91.0.4472.124 Safari/537.36"
64.67.111.194 - - [12/Jul/2021:11:01:52 -0400] "GET /wp-content/uploads/2020/09/article-3-featured.jpg HTTP/1.1" 200 100772 "https://www.nepadesigns.com/wp-admin/upload.php" "Mozilla/5.0 (Windows NT 10.0; Win64; x64) AppleWebKit/537.36 (KHTML, like Gecko) Chrome/91.0.4472.124 Safari/537.36"
64.67.111.194 - - [12/Jul/2021:11:01:52 -0400] "GET /wp-content/uploads/2020/09/article-2-featured.jpg HTTP/1.1" 200 325349 "https://www.nepadesigns.com/wp-admin/upload.php" "Mozilla/5.0 (Windows NT 10.0; Win64; x64) AppleWebKit/537.36 (KHTML, like Gecko) Chrome/91.0.4472.124 Safari/537.36"
64.67.111.194 - - [12/Jul/2021:11:01:52 -0400] "GET /index.php/wp-json/jetpack/v4/jitm?message_path=wp%3Aupload%3Aadmin_notices&query=&full_jp_logo_exists=false&_wpnonce=6b66a9bb9d HTTP/1.1" 200 3261 "https://www.nepadesigns.com/wp-admin/upload.php" "Mozilla/5.0 (Windows NT 10.0; Win64; x64) AppleWebKit/537.36 (KHTML, like Gecko) Chrome/91.0.4472.124 Safari/537.36"
64.67.111.194 - - [12/Jul/2021:11:01:52 -0400] "GET /wp-content/uploads/2020/09/article-1-featured.jpg HTTP/1.1" 200 95374 "https://www.nepadesigns.com/wp-admin/upload.php" "Mozilla/5.0 (Windows NT 10.0; Win64; x64) AppleWebKit/537.36 (KHTML, like Gecko) Chrome/91.0.4472.124 Safari/537.36"
216.49.30.192 - - [12/Jul/2021:11:01:57 -0400] "POST /wp-admin/admin-ajax.php HTTP/1.1" 200 1232 "https://www.nepadesigns.com/wp-admin/post.php?post=609&action=edit" "Mozilla/5.0 (Macintosh; Intel Mac OS X 10_16_0) AppleWebKit/537.36 (KHTML, like Gecko) Chrome/81.0.4044.138 Safari/537.36"
63.141.251.236 - - [12/Jul/2021:11:02:01 -0400] "GET /wp-login.php HTTP/1.1" 200 13586 "-" "Mozilla/5.0 (Macintosh; Intel Mac OS X 10_7_5) AppleWebKit/537.77.4 (KHTML, like Gecko) Version/6.1.5 Safari/537.77.4"
63.141.251.236 - - [12/Jul/2021:11:02:01 -0400] "POST /wp-login.php HTTP/1.1" 200 8596 "-" "Mozilla/5.0 (Macintosh; Intel Mac OS X 10_7_5) AppleWebKit/537.77.4 (KHTML, like Gecko) Version/6.1.5 Safari/537.77.4"
216.49.30.192 - - [12/Jul/2021:11:02:44 -0400] "POST /wp-admin/admin-ajax.php HTTP/1.1" 200 1165 "https://www.nepadesigns.com/wp-admin/admin.php?page=avada-layouts" "Mozilla/5.0 (Macintosh; Intel Mac OS X 10_16_0) AppleWebKit/537.36 (KHTML, like Gecko) Chrome/81.0.4044.138 Safari/537.36"
216.49.30.192 - - [12/Jul/2021:11:02:51 -0400] "POST /wp-admin/admin-ajax.php HTTP/1.1" 200 1165 "https://www.nepadesigns.com/wp-admin/media-new.php" "Mozilla/5.0 (Macintosh; Intel Mac OS X 10_16_0) AppleWebKit/537.36 (KHTML, like Gecko) Chrome/81.0.4044.138 Safari/537.36"
64.67.111.194 - - [12/Jul/2021:11:02:53 -0400] "POST /wp-admin/admin-ajax.php HTTP/1.1" 200 1165 "https://www.nepadesigns.com/wp-admin/upload.php" "Mozilla/5.0 (Windows NT 10.0; Win64; x64) AppleWebKit/537.36 (KHTML, like Gecko) Chrome/91.0.4472.124 Safari/537.36"
64.67.111.194 - - [12/Jul/2021:11:03:32 -0400] "GET /wp-admin/plugins.php HTTP/1.1" 200 21434 "https://www.nepadesigns.com/wp-admin/upload.php" "Mozilla/5.0 (Windows NT 10.0; Win64; x64) AppleWebKit/537.36 (KHTML, like Gecko) Chrome/91.0.4472.124 Safari/537.36"
64.67.111.194 - - [12/Jul/2021:11:03:32 -0400] "GET /index.php/wp-json/jetpack/v4/jitm?message_path=wp%3Aplugins%3Aadmin_notices&query=&full_jp_logo_exists=false&_wpnonce=6b66a9bb9d HTTP/1.1" 200 677 "https://www.nepadesigns.com/wp-admin/plugins.php" "Mozilla/5.0 (Windows NT 10.0; Win64; x64) AppleWebKit/537.36 (KHTML, like Gecko) Chrome/91.0.4472.124 Safari/537.36"
64.67.111.194 - - [12/Jul/2021:11:03:34 -0400] "GET /wp-admin/plugin-install.php HTTP/1.1" 200 22668 "https://www.nepadesigns.com/wp-admin/plugins.php" "Mozilla/5.0 (Windows NT 10.0; Win64; x64) AppleWebKit/537.36 (KHTML, like Gecko) Chrome/91.0.4472.124 Safari/537.36"
64.67.111.194 - - [12/Jul/2021:11:03:35 -0400] "GET /index.php/wp-json/jetpack/v4/jitm?message_path=wp%3Aplugin-install%3Aadmin_notices&query=&full_jp_logo_exists=false&_wpnonce=6b66a9bb9d HTTP/1.1" 200 677 "https://www.nepadesigns.com/wp-admin/plugin-install.php" "Mozilla/5.0 (Windows NT 10.0; Win64; x64) AppleWebKit/537.36 (KHTML, like Gecko) Chrome/91.0.4472.124 Safari/537.36"
64.67.111.194 - - [12/Jul/2021:11:03:41 -0400] "POST /wp-admin/admin-ajax.php HTTP/1.1" 200 104785 "https://www.nepadesigns.com/wp-admin/plugin-install.php?s=safe%20svg&tab=search&type=term" "Mozilla/5.0 (Windows NT 10.0; Win64; x64) AppleWebKit/537.36 (KHTML, like Gecko) Chrome/91.0.4472.124 Safari/537.36"
64.67.111.194 - - [12/Jul/2021:11:03:43 -0400] "POST /wp-admin/admin-ajax.php HTTP/1.1" 200 780 "https://www.nepadesigns.com/wp-admin/plugin-install.php?s=safe%20svg&tab=search&type=term" "Mozilla/5.0 (Windows NT 10.0; Win64; x64) AppleWebKit/537.36 (KHTML, like Gecko) Chrome/91.0.4472.124 Safari/537.36"
64.67.111.194 - - [12/Jul/2021:11:03:47 -0400] "GET /wp-admin/plugins.php?_wpnonce=081fe432d5&action=activate&plugin=safe-svg/safe-svg.php HTTP/1.1" 302 528 "https://www.nepadesigns.com/wp-admin/plugin-install.php?s=safe%20svg&tab=search&type=term" "Mozilla/5.0 (Windows NT 10.0; Win64; x64) AppleWebKit/537.36 (KHTML, like Gecko) Chrome/91.0.4472.124 Safari/537.36"
64.67.111.194 - - [12/Jul/2021:11:03:47 -0400] "GET /wp-admin/plugins.php?activate=true&plugin_status=all&paged=1&s= HTTP/1.1" 200 21265 "https://www.nepadesigns.com/wp-admin/plugin-install.php?s=safe%20svg&tab=search&type=term" "Mozilla/5.0 (Windows NT 10.0; Win64; x64) AppleWebKit/537.36 (KHTML, like Gecko) Chrome/91.0.4472.124 Safari/537.36"
64.67.111.194 - - [12/Jul/2021:11:03:47 -0400] "GET /wp-content/plugins/safe-svg/assets/safe-svg.css?ver=5.7.2 HTTP/1.1" 200 559 "https://www.nepadesigns.com/wp-admin/plugins.php?activate=true&plugin_status=all&paged=1&s=" "Mozilla/5.0 (Windows NT 10.0; Win64; x64) AppleWebKit/537.36 (KHTML, like Gecko) Chrome/91.0.4472.124 Safari/537.36"
64.67.111.194 - - [12/Jul/2021:11:03:48 -0400] "GET /index.php/wp-json/jetpack/v4/jitm?message_path=wp%3Aplugins%3Aadmin_notices&query=activate%253Dtrue%252Cplugin_status%253Dall%252Cpaged%253D1%252Cs%253D&full_jp_logo_exists=false&_wpnonce=6b66a9bb9d HTTP/1.1" 200 677 "https://www.nepadesigns.com/wp-admin/plugins.php?plugin_status=all&paged=1&s" "Mozilla/5.0 (Windows NT 10.0; Win64; x64) AppleWebKit/537.36 (KHTML, like Gecko) Chrome/91.0.4472.124 Safari/537.36"
216.49.30.192 - - [12/Jul/2021:11:03:58 -0400] "POST /wp-admin/admin-ajax.php HTTP/1.1" 200 1216 "https://www.nepadesigns.com/wp-admin/post.php?post=609&action=edit" "Mozilla/5.0 (Macintosh; Intel Mac OS X 10_16_0) AppleWebKit/537.36 (KHTML, like Gecko) Chrome/81.0.4044.138 Safari/537.36"
216.49.30.192 - - [12/Jul/2021:11:04:44 -0400] "POST /wp-admin/admin-ajax.php HTTP/1.1" 200 1181 "https://www.nepadesigns.com/wp-admin/admin.php?page=avada-layouts" "Mozilla/5.0 (Macintosh; Intel Mac OS X 10_16_0) AppleWebKit/537.36 (KHTML, like Gecko) Chrome/81.0.4044.138 Safari/537.36"
64.67.111.194 - - [12/Jul/2021:11:04:48 -0400] "POST /wp-admin/admin-ajax.php HTTP/1.1" 200 1165 "https://www.nepadesigns.com/wp-admin/plugins.php?plugin_status=all&paged=1&s" "Mozilla/5.0 (Windows NT 10.0; Win64; x64) AppleWebKit/537.36 (KHTML, like Gecko) Chrome/91.0.4472.124 Safari/537.36"
216.49.30.192 - - [12/Jul/2021:11:04:52 -0400] "POST /wp-admin/admin-ajax.php HTTP/1.1" 200 1181 "https://www.nepadesigns.com/wp-admin/media-new.php" "Mozilla/5.0 (Macintosh; Intel Mac OS X 10_16_0) AppleWebKit/537.36 (KHTML, like Gecko) Chrome/81.0.4044.138 Safari/537.36"
216.49.30.192 - - [12/Jul/2021:11:05:59 -0400] "POST /wp-admin/admin-ajax.php HTTP/1.1" 200 1216 "https://www.nepadesigns.com/wp-admin/post.php?post=609&action=edit" "Mozilla/5.0 (Macintosh; Intel Mac OS X 10_16_0) AppleWebKit/537.36 (KHTML, like Gecko) Chrome/81.0.4044.138 Safari/537.36"
69.171.251.14 - - [12/Jul/2021:11:06:04 -0400] "GET / HTTP/1.1" 301 537 "-" "facebookexternalhit/1.1 (+http://www.facebook.com/externalhit_uatext.php)"
69.171.251.14 - - [12/Jul/2021:11:06:04 -0400] "GET / HTTP/1.1" 301 6291 "-" "facebookexternalhit/1.1 (+http://www.facebook.com/externalhit_uatext.php)"
69.171.251.14 - - [12/Jul/2021:11:06:04 -0400] "GET / HTTP/1.1" 206 24869 "-" "facebookexternalhit/1.1 (+http://www.facebook.com/externalhit_uatext.php)"
69.171.251.16 - - [12/Jul/2021:11:06:05 -0400] "GET / HTTP/1.1" 301 537 "-" "facebookexternalhit/1.1 (+http://www.facebook.com/externalhit_uatext.php)"
69.171.251.16 - - [12/Jul/2021:11:06:05 -0400] "GET / HTTP/1.1" 301 6291 "-" "facebookexternalhit/1.1 (+http://www.facebook.com/externalhit_uatext.php)"
69.171.251.16 - - [12/Jul/2021:11:06:05 -0400] "GET / HTTP/1.1" 206 24885 "-" "facebookexternalhit/1.1 (+http://www.facebook.com/externalhit_uatext.php)"
69.171.251.12 - - [12/Jul/2021:11:06:06 -0400] "GET /wp-content/uploads/2021/07/nepadesigns_logo1x.png HTTP/1.1" 200 83094 "-" "facebookexternalhit/1.1 (+http://www.facebook.com/externalhit_uatext.php)"
69.171.251.1 - - [12/Jul/2021:11:06:08 -0400] "GET / HTTP/1.1" 206 24853 "-" "facebookexternalhit/1.1 (+http://www.facebook.com/externalhit_uatext.php)"
64.67.111.194 - - [12/Jul/2021:11:06:39 -0400] "POST /wp-admin/admin-ajax.php HTTP/1.1" 200 1181 "https://www.nepadesigns.com/wp-admin/plugins.php?plugin_status=all&paged=1&s" "Mozilla/5.0 (Windows NT 10.0; Win64; x64) AppleWebKit/537.36 (KHTML, like Gecko) Chrome/91.0.4472.124 Safari/537.36"
63.141.251.236 - - [12/Jul/2021:11:06:43 -0400] "GET /wp-login.php HTTP/1.1" 200 13586 "-" "Mozilla/5.0 (Windows NT 6.3; WOW64) AppleWebKit/537.36 (KHTML, like Gecko) Chrome/36.0.1985.143 Safari/537.36"
63.141.251.236 - - [12/Jul/2021:11:06:43 -0400] "POST /wp-login.php HTTP/1.1" 200 8742 "-" "Mozilla/5.0 (Windows NT 6.3; WOW64) AppleWebKit/537.36 (KHTML, like Gecko) Chrome/36.0.1985.143 Safari/537.36"
216.49.30.192 - - [12/Jul/2021:11:06:45 -0400] "POST /wp-admin/admin-ajax.php HTTP/1.1" 200 1165 "https://www.nepadesigns.com/wp-admin/admin.php?page=avada-layouts" "Mozilla/5.0 (Macintosh; Intel Mac OS X 10_16_0) AppleWebKit/537.36 (KHTML, like Gecko) Chrome/81.0.4044.138 Safari/537.36"
64.67.111.194 - - [12/Jul/2021:11:06:45 -0400] "POST /wp-admin/admin-ajax.php HTTP/1.1" 200 5199 "https://www.nepadesigns.com/wp-admin/plugins.php?s=auto%20updater&plugin_status=all" "Mozilla/5.0 (Windows NT 10.0; Win64; x64) AppleWebKit/537.36 (KHTML, like Gecko) Chrome/91.0.4472.124 Safari/537.36"
64.67.111.194 - - [12/Jul/2021:11:06:47 -0400] "GET /wp-admin/plugin-install.php HTTP/1.1" 200 22698 "https://www.nepadesigns.com/wp-admin/plugins.php?s=auto%20updater&plugin_status=all" "Mozilla/5.0 (Windows NT 10.0; Win64; x64) AppleWebKit/537.36 (KHTML, like Gecko) Chrome/91.0.4472.124 Safari/537.36"
64.67.111.194 - - [12/Jul/2021:11:06:48 -0400] "GET /wp-content/plugins/safe-svg/assets/safe-svg.css?ver=5.7.2 HTTP/1.1" 200 1135 "https://www.nepadesigns.com/wp-admin/plugin-install.php" "Mozilla/5.0 (Windows NT 10.0; Win64; x64) AppleWebKit/537.36 (KHTML, like Gecko) Chrome/91.0.4472.124 Safari/537.36"
64.67.111.194 - - [12/Jul/2021:11:06:48 -0400] "GET /index.php/wp-json/jetpack/v4/jitm?message_path=wp%3Aplugin-install%3Aadmin_notices&query=&full_jp_logo_exists=false&_wpnonce=6b66a9bb9d HTTP/1.1" 200 677 "https://www.nepadesigns.com/wp-admin/plugin-install.php" "Mozilla/5.0 (Windows NT 10.0; Win64; x64) AppleWebKit/537.36 (KHTML, like Gecko) Chrome/91.0.4472.124 Safari/537.36"
64.67.111.194 - - [12/Jul/2021:11:06:52 -0400] "POST /wp-admin/admin-ajax.php HTTP/1.1" 200 104903 "https://www.nepadesigns.com/wp-admin/plugin-install.php?s=auto%20updater&tab=search&type=term" "Mozilla/5.0 (Windows NT 10.0; Win64; x64) AppleWebKit/537.36 (KHTML, like Gecko) Chrome/91.0.4472.124 Safari/537.36"
216.49.30.192 - - [12/Jul/2021:11:06:53 -0400] "POST /wp-admin/admin-ajax.php HTTP/1.1" 200 1181 "https://www.nepadesigns.com/wp-admin/media-new.php" "Mozilla/5.0 (Macintosh; Intel Mac OS X 10_16_0) AppleWebKit/537.36 (KHTML, like Gecko) Chrome/81.0.4044.138 Safari/537.36"
64.67.111.194 - - [12/Jul/2021:11:06:56 -0400] "POST /wp-admin/admin-ajax.php HTTP/1.1" 200 808 "https://www.nepadesigns.com/wp-admin/plugin-install.php?s=auto%20updater&tab=search&type=term" "Mozilla/5.0 (Windows NT 10.0; Win64; x64) AppleWebKit/537.36 (KHTML, like Gecko) Chrome/91.0.4472.124 Safari/537.36"
64.67.111.194 - - [12/Jul/2021:11:07:11 -0400] "GET /wp-admin/plugins.php?_wpnonce=ede13a28ba&action=activate&plugin=wp-auto-updater/wp-auto-updater.php HTTP/1.1" 302 1104 "https://www.nepadesigns.com/wp-admin/plugin-install.php?s=auto%20updater&tab=search&type=term" "Mozilla/5.0 (Windows NT 10.0; Win64; x64) AppleWebKit/537.36 (KHTML, like Gecko) Chrome/91.0.4472.124 Safari/537.36"
64.67.111.194 - - [12/Jul/2021:11:07:11 -0400] "GET /wp-admin/plugins.php?activate=true&plugin_status=all&paged=1&s= HTTP/1.1" 200 21089 "https://www.nepadesigns.com/wp-admin/plugin-install.php?s=auto%20updater&tab=search&type=term" "Mozilla/5.0 (Windows NT 10.0; Win64; x64) AppleWebKit/537.36 (KHTML, like Gecko) Chrome/91.0.4472.124 Safari/537.36"
64.67.111.194 - - [12/Jul/2021:11:07:11 -0400] "GET /wp-content/plugins/safe-svg/assets/safe-svg.css?ver=5.7.2 HTTP/1.1" 200 1119 "https://www.nepadesigns.com/wp-admin/plugins.php?activate=true&plugin_status=all&paged=1&s=" "Mozilla/5.0 (Windows NT 10.0; Win64; x64) AppleWebKit/537.36 (KHTML, like Gecko) Chrome/91.0.4472.124 Safari/537.36"
64.67.111.194 - - [12/Jul/2021:11:07:11 -0400] "GET /index.php/wp-json/jetpack/v4/jitm?message_path=wp%3Aplugins%3Aadmin_notices&query=activate%253Dtrue%252Cplugin_status%253Dall%252Cpaged%253D1%252Cs%253D&full_jp_logo_exists=false&_wpnonce=6b66a9bb9d HTTP/1.1" 200 677 "https://www.nepadesigns.com/wp-admin/plugins.php?plugin_status=all&paged=1&s" "Mozilla/5.0 (Windows NT 10.0; Win64; x64) AppleWebKit/537.36 (KHTML, like Gecko) Chrome/91.0.4472.124 Safari/537.36"
64.67.111.194 - - [12/Jul/2021:11:07:14 -0400] "GET /wp-admin/index.php?page=wp-auto-updater HTTP/1.1" 200 17590 "https://www.nepadesigns.com/wp-admin/plugins.php?plugin_status=all&paged=1&s" "Mozilla/5.0 (Windows NT 10.0; Win64; x64) AppleWebKit/537.36 (KHTML, like Gecko) Chrome/91.0.4472.124 Safari/537.36"
64.67.111.194 - - [12/Jul/2021:11:07:14 -0400] "GET /wp-content/plugins/wp-auto-updater/js/admin.js?ver=2017-09-06 HTTP/1.1" 200 686 "https://www.nepadesigns.com/wp-admin/index.php?page=wp-auto-updater" "Mozilla/5.0 (Windows NT 10.0; Win64; x64) AppleWebKit/537.36 (KHTML, like Gecko) Chrome/91.0.4472.124 Safari/537.36"
64.67.111.194 - - [12/Jul/2021:11:07:15 -0400] "GET /index.php/wp-json/jetpack/v4/jitm?message_path=wp%3Adashboard_page_wp-auto-updater%3Aadmin_notices&query=page%253Dwp-auto-updater&full_jp_logo_exists=false&_wpnonce=6b66a9bb9d HTTP/1.1" 200 677 "https://www.nepadesigns.com/wp-admin/index.php?page=wp-auto-updater" "Mozilla/5.0 (Windows NT 10.0; Win64; x64) AppleWebKit/537.36 (KHTML, like Gecko) Chrome/91.0.4472.124 Safari/537.36"
204.48.19.85 - - [12/Jul/2021:11:07:47 -0400] "POST /wp-cron.php?doing_wp_cron=1626102467.0166280269622802734375 HTTP/1.1" 200 6245 "https://www.nepadesigns.com/wp-cron.php?doing_wp_cron=1626102467.0166280269622802734375" "WordPress/5.7.2; https://www.nepadesigns.com"
64.67.111.194 - - [12/Jul/2021:11:07:46 -0400] "POST /wp-admin/options.php HTTP/1.1" 302 1059 "https://www.nepadesigns.com/wp-admin/index.php?page=wp-auto-updater" "Mozilla/5.0 (Windows NT 10.0; Win64; x64) AppleWebKit/537.36 (KHTML, like Gecko) Chrome/91.0.4472.124 Safari/537.36"
204.48.19.85 - - [12/Jul/2021:11:07:47 -0400] "POST /wp-cron.php?doing_wp_cron=1626102467.4779009819030761718750 HTTP/1.1" 200 6245 "https://www.nepadesigns.com/wp-cron.php?doing_wp_cron=1626102467.4779009819030761718750" "WordPress/5.7.2; https://www.nepadesigns.com"
64.67.111.194 - - [12/Jul/2021:11:07:47 -0400] "GET /wp-admin/index.php?page=wp-auto-updater&settings-updated=true HTTP/1.1" 200 17676 "https://www.nepadesigns.com/wp-admin/index.php?page=wp-auto-updater" "Mozilla/5.0 (Windows NT 10.0; Win64; x64) AppleWebKit/537.36 (KHTML, like Gecko) Chrome/91.0.4472.124 Safari/537.36"
64.67.111.194 - - [12/Jul/2021:11:07:47 -0400] "GET /wp-content/plugins/safe-svg/assets/safe-svg.css?ver=5.7.2 HTTP/1.1" 200 1135 "https://www.nepadesigns.com/wp-admin/index.php?page=wp-auto-updater&settings-updated=true" "Mozilla/5.0 (Windows NT 10.0; Win64; x64) AppleWebKit/537.36 (KHTML, like Gecko) Chrome/91.0.4472.124 Safari/537.36"
64.67.111.194 - - [12/Jul/2021:11:07:47 -0400] "GET /wp-content/plugins/wp-auto-updater/js/admin.js?ver=2017-09-06 HTTP/1.1" 200 686 "https://www.nepadesigns.com/wp-admin/index.php?page=wp-auto-updater&settings-updated=true" "Mozilla/5.0 (Windows NT 10.0; Win64; x64) AppleWebKit/537.36 (KHTML, like Gecko) Chrome/91.0.4472.124 Safari/537.36"
64.67.111.194 - - [12/Jul/2021:11:07:47 -0400] "GET /index.php/wp-json/jetpack/v4/jitm?message_path=wp%3Adashboard_page_wp-auto-updater%3Aadmin_notices&query=page%253Dwp-auto-updater%252Csettings-updated%253Dtrue&full_jp_logo_exists=false&_wpnonce=6b66a9bb9d HTTP/1.1" 200 677 "https://www.nepadesigns.com/wp-admin/index.php?page=wp-auto-updater" "Mozilla/5.0 (Windows NT 10.0; Win64; x64) AppleWebKit/537.36 (KHTML, like Gecko) Chrome/91.0.4472.124 Safari/537.36"
64.67.111.194 - - [12/Jul/2021:11:07:59 -0400] "GET /wp-admin/plugins.php HTTP/1.1" 200 21525 "https://www.nepadesigns.com/wp-admin/index.php?page=wp-auto-updater" "Mozilla/5.0 (Windows NT 10.0; Win64; x64) AppleWebKit/537.36 (KHTML, like Gecko) Chrome/91.0.4472.124 Safari/537.36"
64.67.111.194 - - [12/Jul/2021:11:07:59 -0400] "GET /index.php/wp-json/jetpack/v4/jitm?message_path=wp%3Aplugins%3Aadmin_notices&query=&full_jp_logo_exists=false&_wpnonce=6b66a9bb9d HTTP/1.1" 200 677 "https://www.nepadesigns.com/wp-admin/plugins.php" "Mozilla/5.0 (Windows NT 10.0; Win64; x64) AppleWebKit/537.36 (KHTML, like Gecko) Chrome/91.0.4472.124 Safari/537.36"
216.49.30.192 - - [12/Jul/2021:11:08:00 -0400] "POST /wp-admin/admin-ajax.php HTTP/1.1" 200 1232 "https://www.nepadesigns.com/wp-admin/post.php?post=609&action=edit" "Mozilla/5.0 (Macintosh; Intel Mac OS X 10_16_0) AppleWebKit/537.36 (KHTML, like Gecko) Chrome/81.0.4044.138 Safari/537.36"
64.67.111.194 - - [12/Jul/2021:11:08:02 -0400] "POST /wp-admin/admin-ajax.php HTTP/1.1" 200 4433 "https://www.nepadesigns.com/wp-admin/plugins.php?s=wordfence&plugin_status=all" "Mozilla/5.0 (Windows NT 10.0; Win64; x64) AppleWebKit/537.36 (KHTML, like Gecko) Chrome/91.0.4472.124 Safari/537.36"
64.67.111.194 - - [12/Jul/2021:11:08:04 -0400] "GET /wp-admin/plugin-install.php HTTP/1.1" 200 22739 "https://www.nepadesigns.com/wp-admin/plugins.php?s=wordfence&plugin_status=all" "Mozilla/5.0 (Windows NT 10.0; Win64; x64) AppleWebKit/537.36 (KHTML, like Gecko) Chrome/91.0.4472.124 Safari/537.36"
64.67.111.194 - - [12/Jul/2021:11:08:05 -0400] "GET /index.php/wp-json/jetpack/v4/jitm?message_path=wp%3Aplugin-install%3Aadmin_notices&query=&full_jp_logo_exists=false&_wpnonce=6b66a9bb9d HTTP/1.1" 200 677 "https://www.nepadesigns.com/wp-admin/plugin-install.php" "Mozilla/5.0 (Windows NT 10.0; Win64; x64) AppleWebKit/537.36 (KHTML, like Gecko) Chrome/91.0.4472.124 Safari/537.36"
64.67.111.194 - - [12/Jul/2021:11:08:08 -0400] "POST /wp-admin/admin-ajax.php HTTP/1.1" 200 105317 "https://www.nepadesigns.com/wp-admin/plugin-install.php?s=wordfence&tab=search&type=term" "Mozilla/5.0 (Windows NT 10.0; Win64; x64) AppleWebKit/537.36 (KHTML, like Gecko) Chrome/91.0.4472.124 Safari/537.36"
64.67.111.194 - - [12/Jul/2021:11:08:10 -0400] "POST /wp-admin/admin-ajax.php HTTP/1.1" 200 829 "https://www.nepadesigns.com/wp-admin/plugin-install.php?s=wordfence&tab=search&type=term" "Mozilla/5.0 (Windows NT 10.0; Win64; x64) AppleWebKit/537.36 (KHTML, like Gecko) Chrome/91.0.4472.124 Safari/537.36"
54.68.32.247 - - [12/Jul/2021:11:08:15 -0400] "POST /?_wfsf=detectProxy HTTP/1.1" 200 178373 "-" "Mozilla/5.0 (Macintosh; Intel Mac OS X 10_7_4) AppleWebKit/537.1 (KHTML, like Gecko) Chrome/21.0.1180.82 Safari/537.1"
64.67.111.194 - - [12/Jul/2021:11:08:12 -0400] "GET /wp-admin/plugins.php?_wpnonce=cde9005b97&action=activate&plugin=wordfence/wordfence.php HTTP/1.1" 302 528 "https://www.nepadesigns.com/wp-admin/plugin-install.php?s=wordfence&tab=search&type=term" "Mozilla/5.0 (Windows NT 10.0; Win64; x64) AppleWebKit/537.36 (KHTML, like Gecko) Chrome/91.0.4472.124 Safari/537.36"
204.48.19.85 - - [12/Jul/2021:11:08:19 -0400] "POST /wp-cron.php?doing_wp_cron=1626102499.2050359249114990234375 HTTP/1.1" 200 6245 "https://www.nepadesigns.com/wp-cron.php?doing_wp_cron=1626102499.2050359249114990234375" "WordPress/5.7.2; https://www.nepadesigns.com"
64.67.111.194 - - [12/Jul/2021:11:08:16 -0400] "GET /wp-admin/plugins.php?activate=true&plugin_status=all&paged=1&s= HTTP/1.1" 200 29945 "https://www.nepadesigns.com/wp-admin/plugin-install.php?s=wordfence&tab=search&type=term" "Mozilla/5.0 (Windows NT 10.0; Win64; x64) AppleWebKit/537.36 (KHTML, like Gecko) Chrome/91.0.4472.124 Safari/537.36"
64.67.111.194 - - [12/Jul/2021:11:08:19 -0400] "GET /wp-admin/load-styles.php?c=0&dir=ltr&load%5Bchunk_0%5D=dashicons,admin-bar,wp-pointer,common,forms,admin-menu,dashboard,list-tables,edit,revisions,media,themes,about,nav-menus,widgets&load%5Bchunk_1%5D=,site-icon,l10n,buttons,wp-auth-check,wp-jquery-ui-dialog,wp-color-picker&ver=5.7.2 HTTP/1.1" 200 99413 "https://www.nepadesigns.com/wp-admin/plugins.php?activate=true&plugin_status=all&paged=1&s=" "Mozilla/5.0 (Windows NT 10.0; Win64; x64) AppleWebKit/537.36 (KHTML, like Gecko) Chrome/91.0.4472.124 Safari/537.36"
64.67.111.194 - - [12/Jul/2021:11:08:19 -0400] "GET /wp-content/plugins/wordfence/css/wf-global.1623076348.css?ver=7.5.4 HTTP/1.1" 200 1244 "https://www.nepadesigns.com/wp-admin/plugins.php?activate=true&plugin_status=all&paged=1&s=" "Mozilla/5.0 (Windows NT 10.0; Win64; x64) AppleWebKit/537.36 (KHTML, like Gecko) Chrome/91.0.4472.124 Safari/537.36"
64.67.111.194 - - [12/Jul/2021:11:08:19 -0400] "GET /wp-content/plugins/wordfence/css/wf-font-awesome.1623076348.css?ver=7.5.4 HTTP/1.1" 200 8087 "https://www.nepadesigns.com/wp-admin/plugins.php?activate=true&plugin_status=all&paged=1&s=" "Mozilla/5.0 (Windows NT 10.0; Win64; x64) AppleWebKit/537.36 (KHTML, like Gecko) Chrome/91.0.4472.124 Safari/537.36"
64.67.111.194 - - [12/Jul/2021:11:08:19 -0400] "GET /wp-content/plugins/safe-svg/assets/safe-svg.css?ver=5.7.2 HTTP/1.1" 200 559 "https://www.nepadesigns.com/wp-admin/plugins.php?activate=true&plugin_status=all&paged=1&s=" "Mozilla/5.0 (Windows NT 10.0; Win64; x64) AppleWebKit/537.36 (KHTML, like Gecko) Chrome/91.0.4472.124 Safari/537.36"
64.67.111.194 - - [12/Jul/2021:11:08:19 -0400] "GET /wp-content/plugins/wordfence/modules/login-security/css/admin-global.1623076348.css?ver=1.0.6 HTTP/1.1" 200 3818 "https://www.nepadesigns.com/wp-admin/plugins.php?activate=true&plugin_status=all&paged=1&s=" "Mozilla/5.0 (Windows NT 10.0; Win64; x64) AppleWebKit/537.36 (KHTML, like Gecko) Chrome/91.0.4472.124 Safari/537.36"
64.67.111.194 - - [12/Jul/2021:11:08:19 -0400] "GET /wp-content/plugins/wordfence/css/wordfenceBox.1623076348.css?ver=7.5.4 HTTP/1.1" 200 2236 "https://www.nepadesigns.com/wp-admin/plugins.php?activate=true&plugin_status=all&paged=1&s=" "Mozilla/5.0 (Windows NT 10.0; Win64; x64) AppleWebKit/537.36 (KHTML, like Gecko) Chrome/91.0.4472.124 Safari/537.36"
64.67.111.194 - - [12/Jul/2021:11:08:19 -0400] "GET /wp-content/plugins/wordfence/css/wf-adminbar.1623076348.css?ver=7.5.4 HTTP/1.1" 200 5964 "https://www.nepadesigns.com/wp-admin/plugins.php?activate=true&plugin_status=all&paged=1&s=" "Mozilla/5.0 (Windows NT 10.0; Win64; x64) AppleWebKit/537.36 (KHTML, like Gecko) Chrome/91.0.4472.124 Safari/537.36"
64.67.111.194 - - [12/Jul/2021:11:08:19 -0400] "GET /wp-content/plugins/wordfence/css/wf-ionicons.1623076348.css?ver=7.5.4 HTTP/1.1" 200 8578 "https://www.nepadesigns.com/wp-admin/plugins.php?activate=true&plugin_status=all&paged=1&s=" "Mozilla/5.0 (Windows NT 10.0; Win64; x64) AppleWebKit/537.36 (KHTML, like Gecko) Chrome/91.0.4472.124 Safari/537.36"
64.67.111.194 - - [12/Jul/2021:11:08:19 -0400] "GET /wp-content/plugins/wordfence/css/wf-roboto-font.1623076348.css?ver=7.5.4 HTTP/1.1" 200 852 "https://www.nepadesigns.com/wp-admin/plugins.php?activate=true&plugin_status=all&paged=1&s=" "Mozilla/5.0 (Windows NT 10.0; Win64; x64) AppleWebKit/537.36 (KHTML, like Gecko) Chrome/91.0.4472.124 Safari/537.36"
64.67.111.194 - - [12/Jul/2021:11:08:19 -0400] "GET /wp-content/plugins/wordfence/css/wf-onboarding.1623076348.css?ver=7.5.4 HTTP/1.1" 200 4757 "https://www.nepadesigns.com/wp-admin/plugins.php?activate=true&plugin_status=all&paged=1&s=" "Mozilla/5.0 (Windows NT 10.0; Win64; x64) AppleWebKit/537.36 (KHTML, like Gecko) Chrome/91.0.4472.124 Safari/537.36"
64.67.111.194 - - [12/Jul/2021:11:08:19 -0400] "GET /wp-content/plugins/wordfence/css/wf-colorbox.1623076348.css?ver=7.5.4 HTTP/1.1" 200 2508 "https://www.nepadesigns.com/wp-admin/plugins.php?activate=true&plugin_status=all&paged=1&s=" "Mozilla/5.0 (Windows NT 10.0; Win64; x64) AppleWebKit/537.36 (KHTML, like Gecko) Chrome/91.0.4472.124 Safari/537.36"
64.67.111.194 - - [12/Jul/2021:11:08:19 -0400] "GET /wp-content/plugins/wordfence/js/wfi18n.1623076348.js?ver=7.5.4 HTTP/1.1" 200 2470 "https://www.nepadesigns.com/wp-admin/plugins.php?activate=true&plugin_status=all&paged=1&s=" "Mozilla/5.0 (Windows NT 10.0; Win64; x64) AppleWebKit/537.36 (KHTML, like Gecko) Chrome/91.0.4472.124 Safari/537.36"
64.67.111.194 - - [12/Jul/2021:11:08:19 -0400] "GET /wp-content/plugins/wordfence/js/wfglobal.1623076348.js?ver=7.5.4 HTTP/1.1" 200 10879 "https://www.nepadesigns.com/wp-admin/plugins.php?activate=true&plugin_status=all&paged=1&s=" "Mozilla/5.0 (Windows NT 10.0; Win64; x64) AppleWebKit/537.36 (KHTML, like Gecko) Chrome/91.0.4472.124 Safari/537.36"
64.67.111.194 - - [12/Jul/2021:11:08:19 -0400] "GET /wp-content/plugins/wordfence/js/admin.ajaxWatcher.1623076348.js?ver=7.5.4 HTTP/1.1" 200 6323 "https://www.nepadesigns.com/wp-admin/plugins.php?activate=true&plugin_status=all&paged=1&s=" "Mozilla/5.0 (Windows NT 10.0; Win64; x64) AppleWebKit/537.36 (KHTML, like Gecko) Chrome/91.0.4472.124 Safari/537.36"
64.67.111.194 - - [12/Jul/2021:11:08:19 -0400] "GET /wp-content/plugins/wordfence/js/wfdashboard.1623076348.js?ver=7.5.4 HTTP/1.1" 200 571 "https://www.nepadesigns.com/wp-admin/plugins.php?activate=true&plugin_status=all&paged=1&s=" "Mozilla/5.0 (Windows NT 10.0; Win64; x64) AppleWebKit/537.36 (KHTML, like Gecko) Chrome/91.0.4472.124 Safari/537.36"
64.67.111.194 - - [12/Jul/2021:11:08:19 -0400] "GET /wp-content/plugins/wordfence/js/wfpopover.1623076348.js?ver=7.5.4 HTTP/1.1" 200 5369 "https://www.nepadesigns.com/wp-admin/plugins.php?activate=true&plugin_status=all&paged=1&s=" "Mozilla/5.0 (Windows NT 10.0; Win64; x64) AppleWebKit/537.36 (KHTML, like Gecko) Chrome/91.0.4472.124 Safari/537.36"
64.67.111.194 - - [12/Jul/2021:11:08:19 -0400] "GET /wp-content/plugins/wordfence/js/jquery.colorbox-min.1623076348.js?ver=7.5.4 HTTP/1.1" 200 5130 "https://www.nepadesigns.com/wp-admin/plugins.php?activate=true&plugin_status=all&paged=1&s=" "Mozilla/5.0 (Windows NT 10.0; Win64; x64) AppleWebKit/537.36 (KHTML, like Gecko) Chrome/91.0.4472.124 Safari/537.36"
64.67.111.194 - - [12/Jul/2021:11:08:20 -0400] "GET /wp-includes/js/wp-pointer.min.js?ver=5.7.2 HTTP/1.1" 200 1699 "https://www.nepadesigns.com/wp-admin/plugins.php?activate=true&plugin_status=all&paged=1&s=" "Mozilla/5.0 (Windows NT 10.0; Win64; x64) AppleWebKit/537.36 (KHTML, like Gecko) Chrome/91.0.4472.124 Safari/537.36"
64.67.111.194 - - [12/Jul/2021:11:08:20 -0400] "GET /wp-content/plugins/wordfence/images/wordfence-logo.svg HTTP/1.1" 200 3403 "https://www.nepadesigns.com/wp-admin/plugins.php?activate=true&plugin_status=all&paged=1&s=" "Mozilla/5.0 (Windows NT 10.0; Win64; x64) AppleWebKit/537.36 (KHTML, like Gecko) Chrome/91.0.4472.124 Safari/537.36"
64.67.111.194 - - [12/Jul/2021:11:08:20 -0400] "GET /wp-content/plugins/wordfence/images/wf-horizontal.svg HTTP/1.1" 200 13554 "https://www.nepadesigns.com/wp-admin/plugins.php?activate=true&plugin_status=all&paged=1&s=" "Mozilla/5.0 (Windows NT 10.0; Win64; x64) AppleWebKit/537.36 (KHTML, like Gecko) Chrome/91.0.4472.124 Safari/537.36"
64.67.111.194 - - [12/Jul/2021:11:08:20 -0400] "GET /wp-content/plugins/wordfence/fonts/roboto-KFOlCnqEu92Fr1MmWUlfBBc-AMP6lQ.woff HTTP/1.1" 200 14363 "https://www.nepadesigns.com/wp-content/plugins/wordfence/css/wf-roboto-font.1623076348.css?ver=7.5.4" "Mozilla/5.0 (Windows NT 10.0; Win64; x64) AppleWebKit/537.36 (KHTML, like Gecko) Chrome/91.0.4472.124 Safari/537.36"
64.67.111.194 - - [12/Jul/2021:11:08:20 -0400] "GET /wp-content/plugins/wordfence/fonts/ionicons.woff?v=2.0.0 HTTP/1.1" 200 68324 "https://www.nepadesigns.com/wp-content/plugins/wordfence/css/wf-ionicons.1623076348.css?ver=7.5.4" "Mozilla/5.0 (Windows NT 10.0; Win64; x64) AppleWebKit/537.36 (KHTML, like Gecko) Chrome/91.0.4472.124 Safari/537.36"
64.67.111.194 - - [12/Jul/2021:11:08:20 -0400] "GET /wp-content/plugins/wordfence/fonts/roboto-KFOmCnqEu92Fr1Mu4mxMKTU1Kg.woff HTTP/1.1" 200 14319 "https://www.nepadesigns.com/wp-content/plugins/wordfence/css/wf-roboto-font.1623076348.css?ver=7.5.4" "Mozilla/5.0 (Windows NT 10.0; Win64; x64) AppleWebKit/537.36 (KHTML, like Gecko) Chrome/91.0.4472.124 Safari/537.36"
64.67.111.194 - - [12/Jul/2021:11:08:20 -0400] "GET /index.php/wp-json/jetpack/v4/jitm?message_path=wp%3Aplugins%3Aadmin_notices&query=activate%253Dtrue%252Cplugin_status%253Dall%252Cpaged%253D1%252Cs%253D&full_jp_logo_exists=false&_wpnonce=6b66a9bb9d HTTP/1.1" 200 6719 "https://www.nepadesigns.com/wp-admin/plugins.php?plugin_status=all&paged=1&s" "Mozilla/5.0 (Windows NT 10.0; Win64; x64) AppleWebKit/537.36 (KHTML, like Gecko) Chrome/91.0.4472.124 Safari/537.36"
216.49.30.192 - - [12/Jul/2021:11:08:46 -0400] "POST /wp-admin/admin-ajax.php HTTP/1.1" 200 1499 "https://www.nepadesigns.com/wp-admin/admin.php?page=avada-layouts" "Mozilla/5.0 (Macintosh; Intel Mac OS X 10_16_0) AppleWebKit/537.36 (KHTML, like Gecko) Chrome/81.0.4044.138 Safari/537.36"
204.48.19.85 - - [12/Jul/2021:11:08:47 -0400] "POST /wp-admin/admin-ajax.php?action=wordfence_testAjax HTTP/1.1" 200 6470 "https://www.nepadesigns.com/wp-admin/admin-ajax.php?action=wordfence_testAjax" "WordPress/5.7.2; https://www.nepadesigns.com"
204.48.19.85 - - [12/Jul/2021:11:08:48 -0400] "GET /wp-admin/admin-ajax.php?action=wordfence_doScan&isFork=0&scanMode=quick&cronKey=5aa63fa2f26b28b361af369972136faa&signature=523e5bc33266a9521160401b33cda5932bc8292c543cb932ffbd23f1695b68ac HTTP/1.1" 200 6457 "-" "WordPress/5.7.2; https://www.nepadesigns.com"
204.48.19.85 - - [12/Jul/2021:11:08:46 -0400] "POST /wp-cron.php?doing_wp_cron=1626102526.7202820777893066406250 HTTP/1.1" 200 6261 "https://www.nepadesigns.com/wp-cron.php?doing_wp_cron=1626102526.7202820777893066406250" "WordPress/5.7.2; https://www.nepadesigns.com"
204.48.19.85 - - [12/Jul/2021:11:08:54 -0400] "POST /wp-cron.php?doing_wp_cron=1626102534.5412321090698242187500 HTTP/1.1" 200 6229 "https://www.nepadesigns.com/wp-cron.php?doing_wp_cron=1626102534.5412321090698242187500" "WordPress/5.7.2; https://www.nepadesigns.com"
216.49.30.192 - - [12/Jul/2021:11:08:54 -0400] "POST /wp-admin/admin-ajax.php HTTP/1.1" 200 1181 "https://www.nepadesigns.com/wp-admin/media-new.php" "Mozilla/5.0 (Macintosh; Intel Mac OS X 10_16_0) AppleWebKit/537.36 (KHTML, like Gecko) Chrome/81.0.4044.138 Safari/537.36"
204.48.19.85 - - [12/Jul/2021:11:09:20 -0400] "POST /wp-cron.php?doing_wp_cron=1626102560.7461230754852294921875 HTTP/1.1" 200 6245 "https://www.nepadesigns.com/wp-cron.php?doing_wp_cron=1626102560.7461230754852294921875" "WordPress/5.7.2; https://www.nepadesigns.com"
64.67.111.194 - - [12/Jul/2021:11:09:20 -0400] "POST /wp-admin/admin-ajax.php HTTP/1.1" 200 1165 "https://www.nepadesigns.com/wp-admin/plugins.php?plugin_status=all&paged=1&s" "Mozilla/5.0 (Windows NT 10.0; Win64; x64) AppleWebKit/537.36 (KHTML, like Gecko) Chrome/91.0.4472.124 Safari/537.36"
64.67.111.194 - - [12/Jul/2021:11:09:31 -0400] "GET /wp-content/plugins/wordfence/images/icons/working-indicator.gif HTTP/1.1" 200 10548 "https://www.nepadesigns.com/wp-content/plugins/wordfence/css/wf-onboarding.1623076348.css?ver=7.5.4" "Mozilla/5.0 (Windows NT 10.0; Win64; x64) AppleWebKit/537.36 (KHTML, like Gecko) Chrome/91.0.4472.124 Safari/537.36"
64.67.111.194 - - [12/Jul/2021:11:09:31 -0400] "POST /wp-admin/admin-ajax.php HTTP/1.1" 200 6637 "https://www.nepadesigns.com/wp-admin/plugins.php?plugin_status=all&paged=1&s" "Mozilla/5.0 (Windows NT 10.0; Win64; x64) AppleWebKit/537.36 (KHTML, like Gecko) Chrome/91.0.4472.124 Safari/537.36"
64.67.111.194 - - [12/Jul/2021:11:09:31 -0400] "POST /wp-admin/admin-ajax.php HTTP/1.1" 200 1171 "https://www.nepadesigns.com/wp-admin/plugins.php?plugin_status=all&paged=1&s" "Mozilla/5.0 (Windows NT 10.0; Win64; x64) AppleWebKit/537.36 (KHTML, like Gecko) Chrome/91.0.4472.124 Safari/537.36"
64.67.111.194 - - [12/Jul/2021:11:09:31 -0400] "POST /wp-admin/admin-ajax.php HTTP/1.1" 200 1168 "https://www.nepadesigns.com/wp-admin/plugins.php?plugin_status=all&paged=1&s" "Mozilla/5.0 (Windows NT 10.0; Win64; x64) AppleWebKit/537.36 (KHTML, like Gecko) Chrome/91.0.4472.124 Safari/537.36"
64.67.111.194 - - [12/Jul/2021:11:09:31 -0400] "POST /wp-admin/admin-ajax.php HTTP/1.1" 200 6650 "https://www.nepadesigns.com/wp-admin/plugins.php?plugin_status=all&paged=1&s" "Mozilla/5.0 (Windows NT 10.0; Win64; x64) AppleWebKit/537.36 (KHTML, like Gecko) Chrome/91.0.4472.124 Safari/537.36"
64.67.111.194 - - [12/Jul/2021:11:09:34 -0400] "POST /wp-admin/admin-ajax.php HTTP/1.1" 200 595 "https://www.nepadesigns.com/wp-admin/plugins.php?plugin_status=all&paged=1&s" "Mozilla/5.0 (Windows NT 10.0; Win64; x64) AppleWebKit/537.36 (KHTML, like Gecko) Chrome/91.0.4472.124 Safari/537.36"
64.67.111.194 - - [12/Jul/2021:11:09:39 -0400] "GET /wp-admin/admin.php?page=Wordfence HTTP/1.1" 200 28424 "https://www.nepadesigns.com/wp-admin/plugins.php?plugin_status=all&paged=1&s" "Mozilla/5.0 (Windows NT 10.0; Win64; x64) AppleWebKit/537.36 (KHTML, like Gecko) Chrome/91.0.4472.124 Safari/537.36"
64.67.111.194 - - [12/Jul/2021:11:09:40 -0400] "GET /wp-content/plugins/wordfence/css/wf-roboto-font.1623076348.css?ver=7.5.4 HTTP/1.1" 200 1412 "https://www.nepadesigns.com/wp-admin/admin.php?page=Wordfence" "Mozilla/5.0 (Windows NT 10.0; Win64; x64) AppleWebKit/537.36 (KHTML, like Gecko) Chrome/91.0.4472.124 Safari/537.36"
64.67.111.194 - - [12/Jul/2021:11:09:40 -0400] "GET /wp-content/plugins/wordfence/css/main.1623076348.css?ver=7.5.4 HTTP/1.1" 200 44880 "https://www.nepadesigns.com/wp-admin/admin.php?page=Wordfence" "Mozilla/5.0 (Windows NT 10.0; Win64; x64) AppleWebKit/537.36 (KHTML, like Gecko) Chrome/91.0.4472.124 Safari/537.36"
64.67.111.194 - - [12/Jul/2021:11:09:40 -0400] "GET /wp-content/plugins/wordfence/css/wf-font-awesome.1623076348.css?ver=7.5.4 HTTP/1.1" 200 7527 "https://www.nepadesigns.com/wp-admin/admin.php?page=Wordfence" "Mozilla/5.0 (Windows NT 10.0; Win64; x64) AppleWebKit/537.36 (KHTML, like Gecko) Chrome/91.0.4472.124 Safari/537.36"
