183.90.36.97 - - [19/Sep/2020:00:00:51 -0400] "GET /wp-content/uploads/2020/03/Disposable-Alcohol-Wipes-Sterilization-Portable-Wipes-Antibacterial-Cleaning-Skin-Cleaning-Care-1.jpg HTTP/1.1" 200 353616 "https://www.google.com/" "Mozilla/5.0 (Linux; Android 9; SM-G973F Build/PPR1.180610.011; wv) AppleWebKit/537.36 (KHTML, like Gecko) Version/4.0 Chrome/85.0.4183.101 Mobile Safari/537.36 GSA/11.26.7.21.arm64"
204.48.19.85 - - [19/Sep/2020:00:01:37 -0400] "POST /wp-cron.php?doing_wp_cron=1600488097.0740640163421630859375 HTTP/1.1" 200 4134 "https://paranoidmicrobiology.com/wp-cron.php?doing_wp_cron=1600488097.0740640163421630859375" "WordPress/5.3.4; https://paranoidmicrobiology.com"
183.90.36.97 - - [19/Sep/2020:00:01:35 -0400] "GET /product/disposable-alcohol-wipes-sterilization-portable-wipes-antibacterial-cleaning-skin-cleaning-care/ HTTP/1.1" 200 19627 "https://www.google.com/" "Mozilla/5.0 (Linux; Android 9; SM-G973F) AppleWebKit/537.36 (KHTML, like Gecko) Chrome/85.0.4183.101 Mobile Safari/537.36"
183.90.36.97 - - [19/Sep/2020:00:01:38 -0400] "GET /wp-content/plugins/woocommerce/packages/woocommerce-blocks/build/vendors-style.css?ver=3.1.0 HTTP/1.1" 200 5244 "https://paranoidmicrobiology.com/product/disposable-alcohol-wipes-sterilization-portable-wipes-antibacterial-cleaning-skin-cleaning-care/" "Mozilla/5.0 (Linux; Android 9; SM-G973F) AppleWebKit/537.36 (KHTML, like Gecko) Chrome/85.0.4183.101 Mobile Safari/537.36"
183.90.36.97 - - [19/Sep/2020:00:01:38 -0400] "GET /wp-includes/css/dist/block-library/style.min.css?ver=5.3.4 HTTP/1.1" 200 10387 "https://paranoidmicrobiology.com/product/disposable-alcohol-wipes-sterilization-portable-wipes-antibacterial-cleaning-skin-cleaning-care/" "Mozilla/5.0 (Linux; Android 9; SM-G973F) AppleWebKit/537.36 (KHTML, like Gecko) Chrome/85.0.4183.101 Mobile Safari/537.36"
183.90.36.97 - - [19/Sep/2020:00:01:38 -0400] "GET /wp-content/plugins/woocommerce/packages/woocommerce-blocks/build/style.css?ver=3.1.0 HTTP/1.1" 200 17961 "https://paranoidmicrobiology.com/product/disposable-alcohol-wipes-sterilization-portable-wipes-antibacterial-cleaning-skin-cleaning-care/" "Mozilla/5.0 (Linux; Android 9; SM-G973F) AppleWebKit/537.36 (KHTML, like Gecko) Chrome/85.0.4183.101 Mobile Safari/537.36"
183.90.36.97 - - [19/Sep/2020:00:01:38 -0400] "GET /wp-content/plugins/woo-photo-reviews/css/woocommerce-photo-reviews-badge.css?ver=1.1.3.7 HTTP/1.1" 200 972 "https://paranoidmicrobiology.com/product/disposable-alcohol-wipes-sterilization-portable-wipes-antibacterial-cleaning-skin-cleaning-care/" "Mozilla/5.0 (Linux; Android 9; SM-G973F) AppleWebKit/537.36 (KHTML, like Gecko) Chrome/85.0.4183.101 Mobile Safari/537.36"
183.90.36.97 - - [19/Sep/2020:00:01:38 -0400] "GET /wp-content/plugins/social-share-with-floating-bar/assets/css/frontend.min.css?ver=1.0.0 HTTP/1.1" 200 1411 "https://paranoidmicrobiology.com/product/disposable-alcohol-wipes-sterilization-portable-wipes-antibacterial-cleaning-skin-cleaning-care/" "Mozilla/5.0 (Linux; Android 9; SM-G973F) AppleWebKit/537.36 (KHTML, like Gecko) Chrome/85.0.4183.101 Mobile Safari/537.36"
183.90.36.97 - - [19/Sep/2020:00:01:38 -0400] "GET /wp-content/plugins/woo-photo-reviews/css/style.css?ver=1.1.3.7 HTTP/1.1" 200 1880 "https://paranoidmicrobiology.com/product/disposable-alcohol-wipes-sterilization-portable-wipes-antibacterial-cleaning-skin-cleaning-care/" "Mozilla/5.0 (Linux; Android 9; SM-G973F) AppleWebKit/537.36 (KHTML, like Gecko) Chrome/85.0.4183.101 Mobile Safari/537.36"
183.90.36.97 - - [19/Sep/2020:00:01:38 -0400] "GET /wp-content/plugins/woo-photo-reviews/css/masonry.css?ver=1.1.3.7 HTTP/1.1" 200 3735 "https://paranoidmicrobiology.com/product/disposable-alcohol-wipes-sterilization-portable-wipes-antibacterial-cleaning-skin-cleaning-care/" "Mozilla/5.0 (Linux; Android 9; SM-G973F) AppleWebKit/537.36 (KHTML, like Gecko) Chrome/85.0.4183.101 Mobile Safari/537.36"
183.90.36.97 - - [19/Sep/2020:00:01:38 -0400] "GET /wp-content/plugins/woocommerce/assets/css/photoswipe/default-skin/default-skin.min.css?ver=4.5.2 HTTP/1.1" 200 2391 "https://paranoidmicrobiology.com/product/disposable-alcohol-wipes-sterilization-portable-wipes-antibacterial-cleaning-skin-cleaning-care/" "Mozilla/5.0 (Linux; Android 9; SM-G973F) AppleWebKit/537.36 (KHTML, like Gecko) Chrome/85.0.4183.101 Mobile Safari/537.36"
183.90.36.97 - - [19/Sep/2020:00:01:38 -0400] "GET /wp-content/plugins/woocommerce/assets/css/woocommerce-layout.css?ver=4.5.2 HTTP/1.1" 200 2958 "https://paranoidmicrobiology.com/product/disposable-alcohol-wipes-sterilization-portable-wipes-antibacterial-cleaning-skin-cleaning-care/" "Mozilla/5.0 (Linux; Android 9; SM-G973F) AppleWebKit/537.36 (KHTML, like Gecko) Chrome/85.0.4183.101 Mobile Safari/537.36"
183.90.36.97 - - [19/Sep/2020:00:01:38 -0400] "GET /wp-content/plugins/woo-photo-reviews/css/swipebox.css?ver=5.3.4 HTTP/1.1" 200 2351 "https://paranoidmicrobiology.com/product/disposable-alcohol-wipes-sterilization-portable-wipes-antibacterial-cleaning-skin-cleaning-care/" "Mozilla/5.0 (Linux; Android 9; SM-G973F) AppleWebKit/537.36 (KHTML, like Gecko) Chrome/85.0.4183.101 Mobile Safari/537.36"
183.90.36.97 - - [19/Sep/2020:00:01:38 -0400] "GET /wp-content/plugins/woocommerce/assets/css/photoswipe/photoswipe.min.css?ver=4.5.2 HTTP/1.1" 200 5147 "https://paranoidmicrobiology.com/product/disposable-alcohol-wipes-sterilization-portable-wipes-antibacterial-cleaning-skin-cleaning-care/" "Mozilla/5.0 (Linux; Android 9; SM-G973F) AppleWebKit/537.36 (KHTML, like Gecko) Chrome/85.0.4183.101 Mobile Safari/537.36"
183.90.36.97 - - [19/Sep/2020:00:01:39 -0400] "GET /wp-content/plugins/woocommerce/assets/css/woocommerce-smallscreen.css?ver=4.5.2 HTTP/1.1" 200 1487 "https://paranoidmicrobiology.com/product/disposable-alcohol-wipes-sterilization-portable-wipes-antibacterial-cleaning-skin-cleaning-care/" "Mozilla/5.0 (Linux; Android 9; SM-G973F) AppleWebKit/537.36 (KHTML, like Gecko) Chrome/85.0.4183.101 Mobile Safari/537.36"
183.90.36.97 - - [19/Sep/2020:00:01:39 -0400] "GET /wp-content/plugins/google-analytics-for-wordpress/assets/js/frontend.min.js?ver=7.12.2 HTTP/1.1" 200 3256 "https://paranoidmicrobiology.com/product/disposable-alcohol-wipes-sterilization-portable-wipes-antibacterial-cleaning-skin-cleaning-care/" "Mozilla/5.0 (Linux; Android 9; SM-G973F) AppleWebKit/537.36 (KHTML, like Gecko) Chrome/85.0.4183.101 Mobile Safari/537.36"
183.90.36.97 - - [19/Sep/2020:00:01:39 -0400] "GET /wp-content/themes/gridmag/assets/css/all.min.css HTTP/1.1" 200 12846 "https://paranoidmicrobiology.com/product/disposable-alcohol-wipes-sterilization-portable-wipes-antibacterial-cleaning-skin-cleaning-care/" "Mozilla/5.0 (Linux; Android 9; SM-G973F) AppleWebKit/537.36 (KHTML, like Gecko) Chrome/85.0.4183.101 Mobile Safari/537.36"
183.90.36.97 - - [19/Sep/2020:00:01:39 -0400] "GET /wp-content/themes/gridmag/style.css HTTP/1.1" 200 14771 "https://paranoidmicrobiology.com/product/disposable-alcohol-wipes-sterilization-portable-wipes-antibacterial-cleaning-skin-cleaning-care/" "Mozilla/5.0 (Linux; Android 9; SM-G973F) AppleWebKit/537.36 (KHTML, like Gecko) Chrome/85.0.4183.101 Mobile Safari/537.36"
183.90.36.97 - - [19/Sep/2020:00:01:39 -0400] "GET /wp-content/plugins/woocommerce/assets/css/woocommerce.css?ver=4.5.2 HTTP/1.1" 200 9288 "https://paranoidmicrobiology.com/product/disposable-alcohol-wipes-sterilization-portable-wipes-antibacterial-cleaning-skin-cleaning-care/" "Mozilla/5.0 (Linux; Android 9; SM-G973F) AppleWebKit/537.36 (KHTML, like Gecko) Chrome/85.0.4183.101 Mobile Safari/537.36"
183.90.36.97 - - [19/Sep/2020:00:01:39 -0400] "GET /wp-content/plugins/jetpack/css/jetpack.css?ver=8.7.1 HTTP/1.1" 200 13869 "https://paranoidmicrobiology.com/product/disposable-alcohol-wipes-sterilization-portable-wipes-antibacterial-cleaning-skin-cleaning-care/" "Mozilla/5.0 (Linux; Android 9; SM-G973F) AppleWebKit/537.36 (KHTML, like Gecko) Chrome/85.0.4183.101 Mobile Safari/537.36"
183.90.36.97 - - [19/Sep/2020:00:01:39 -0400] "GET /wp-includes/js/jquery/jquery.js?ver=1.12.4-wp HTTP/1.1" 200 34356 "https://paranoidmicrobiology.com/product/disposable-alcohol-wipes-sterilization-portable-wipes-antibacterial-cleaning-skin-cleaning-care/" "Mozilla/5.0 (Linux; Android 9; SM-G973F) AppleWebKit/537.36 (KHTML, like Gecko) Chrome/85.0.4183.101 Mobile Safari/537.36"
183.90.36.97 - - [19/Sep/2020:00:01:39 -0400] "GET /wp-content/plugins/woo-photo-reviews/js/jquery.swipebox.js?ver=5.3.4 HTTP/1.1" 200 6885 "https://paranoidmicrobiology.com/product/disposable-alcohol-wipes-sterilization-portable-wipes-antibacterial-cleaning-skin-cleaning-care/" "Mozilla/5.0 (Linux; Android 9; SM-G973F) AppleWebKit/537.36 (KHTML, like Gecko) Chrome/85.0.4183.101 Mobile Safari/537.36"
183.90.36.97 - - [19/Sep/2020:00:01:39 -0400] "GET /wp-includes/js/jquery/jquery-migrate.min.js?ver=1.4.1 HTTP/1.1" 200 4504 "https://paranoidmicrobiology.com/product/disposable-alcohol-wipes-sterilization-portable-wipes-antibacterial-cleaning-skin-cleaning-care/" "Mozilla/5.0 (Linux; Android 9; SM-G973F) AppleWebKit/537.36 (KHTML, like Gecko) Chrome/85.0.4183.101 Mobile Safari/537.36"
183.90.36.97 - - [19/Sep/2020:00:01:39 -0400] "GET /wp-content/plugins/woo-photo-reviews/js/script.js?ver=1.1.3.7 HTTP/1.1" 200 1148 "https://paranoidmicrobiology.com/product/disposable-alcohol-wipes-sterilization-portable-wipes-antibacterial-cleaning-skin-cleaning-care/" "Mozilla/5.0 (Linux; Android 9; SM-G973F) AppleWebKit/537.36 (KHTML, like Gecko) Chrome/85.0.4183.101 Mobile Safari/537.36"
183.90.36.97 - - [19/Sep/2020:00:01:39 -0400] "GET /wp-content/plugins/woo-photo-reviews/js/masonry.js?ver=1.1.3.7 HTTP/1.1" 200 1593 "https://paranoidmicrobiology.com/product/disposable-alcohol-wipes-sterilization-portable-wipes-antibacterial-cleaning-skin-cleaning-care/" "Mozilla/5.0 (Linux; Android 9; SM-G973F) AppleWebKit/537.36 (KHTML, like Gecko) Chrome/85.0.4183.101 Mobile Safari/537.36"
183.90.36.97 - - [19/Sep/2020:00:01:39 -0400] "GET /wp-content/plugins/woocommerce/assets/js/jquery-blockui/jquery.blockUI.min.js?ver=2.70 HTTP/1.1" 200 4023 "https://paranoidmicrobiology.com/product/disposable-alcohol-wipes-sterilization-portable-wipes-antibacterial-cleaning-skin-cleaning-care/" "Mozilla/5.0 (Linux; Android 9; SM-G973F) AppleWebKit/537.36 (KHTML, like Gecko) Chrome/85.0.4183.101 Mobile Safari/537.36"
183.90.36.97 - - [19/Sep/2020:00:01:40 -0400] "GET /wp-content/plugins/woocommerce/assets/js/frontend/add-to-cart.min.js?ver=4.5.2 HTTP/1.1" 200 1532 "https://paranoidmicrobiology.com/product/disposable-alcohol-wipes-sterilization-portable-wipes-antibacterial-cleaning-skin-cleaning-care/" "Mozilla/5.0 (Linux; Android 9; SM-G973F) AppleWebKit/537.36 (KHTML, like Gecko) Chrome/85.0.4183.101 Mobile Safari/537.36"
183.90.36.97 - - [19/Sep/2020:00:01:40 -0400] "GET /wp-content/plugins/woocommerce/assets/js/zoom/jquery.zoom.min.js?ver=1.7.21 HTTP/1.1" 200 1627 "https://paranoidmicrobiology.com/product/disposable-alcohol-wipes-sterilization-portable-wipes-antibacterial-cleaning-skin-cleaning-care/" "Mozilla/5.0 (Linux; Android 9; SM-G973F) AppleWebKit/537.36 (KHTML, like Gecko) Chrome/85.0.4183.101 Mobile Safari/537.36"
183.90.36.97 - - [19/Sep/2020:00:01:40 -0400] "GET /wp-content/plugins/woocommerce/assets/js/photoswipe/photoswipe-ui-default.min.js?ver=4.1.1 HTTP/1.1" 200 4245 "https://paranoidmicrobiology.com/product/disposable-alcohol-wipes-sterilization-portable-wipes-antibacterial-cleaning-skin-cleaning-care/" "Mozilla/5.0 (Linux; Android 9; SM-G973F) AppleWebKit/537.36 (KHTML, like Gecko) Chrome/85.0.4183.101 Mobile Safari/537.36"
183.90.36.97 - - [19/Sep/2020:00:01:40 -0400] "GET /wp-content/plugins/woocommerce/assets/js/flexslider/jquery.flexslider.min.js?ver=2.7.2 HTTP/1.1" 200 7013 "https://paranoidmicrobiology.com/product/disposable-alcohol-wipes-sterilization-portable-wipes-antibacterial-cleaning-skin-cleaning-care/" "Mozilla/5.0 (Linux; Android 9; SM-G973F) AppleWebKit/537.36 (KHTML, like Gecko) Chrome/85.0.4183.101 Mobile Safari/537.36"
183.90.36.97 - - [19/Sep/2020:00:01:40 -0400] "GET /wp-content/plugins/woocommerce/assets/js/photoswipe/photoswipe.min.js?ver=4.1.1 HTTP/1.1" 200 12618 "https://paranoidmicrobiology.com/product/disposable-alcohol-wipes-sterilization-portable-wipes-antibacterial-cleaning-skin-cleaning-care/" "Mozilla/5.0 (Linux; Android 9; SM-G973F) AppleWebKit/537.36 (KHTML, like Gecko) Chrome/85.0.4183.101 Mobile Safari/537.36"
183.90.36.97 - - [19/Sep/2020:00:01:40 -0400] "GET /wp-content/plugins/woocommerce/assets/js/frontend/single-product.min.js?ver=4.5.2 HTTP/1.1" 200 2377 "https://paranoidmicrobiology.com/product/disposable-alcohol-wipes-sterilization-portable-wipes-antibacterial-cleaning-skin-cleaning-care/" "Mozilla/5.0 (Linux; Android 9; SM-G973F) AppleWebKit/537.36 (KHTML, like Gecko) Chrome/85.0.4183.101 Mobile Safari/537.36"
183.90.36.97 - - [19/Sep/2020:00:01:40 -0400] "GET /wp-content/themes/gridmag/assets/images/background.png HTTP/1.1" 200 5828 "https://paranoidmicrobiology.com/product/disposable-alcohol-wipes-sterilization-portable-wipes-antibacterial-cleaning-skin-cleaning-care/" "Mozilla/5.0 (Linux; Android 9; SM-G973F) AppleWebKit/537.36 (KHTML, like Gecko) Chrome/85.0.4183.101 Mobile Safari/537.36"
183.90.36.97 - - [19/Sep/2020:00:01:40 -0400] "GET /wp-content/uploads/2020/03/cropped-tmp-1-1.jpg HTTP/1.1" 200 46421 "https://paranoidmicrobiology.com/product/disposable-alcohol-wipes-sterilization-portable-wipes-antibacterial-cleaning-skin-cleaning-care/" "Mozilla/5.0 (Linux; Android 9; SM-G973F) AppleWebKit/537.36 (KHTML, like Gecko) Chrome/85.0.4183.101 Mobile Safari/537.36"
183.90.36.97 - - [19/Sep/2020:00:01:40 -0400] "GET /wp-content/plugins/woocommerce/assets/js/frontend/woocommerce.min.js?ver=4.5.2 HTTP/1.1" 200 1229 "https://paranoidmicrobiology.com/product/disposable-alcohol-wipes-sterilization-portable-wipes-antibacterial-cleaning-skin-cleaning-care/" "Mozilla/5.0 (Linux; Android 9; SM-G973F) AppleWebKit/537.36 (KHTML, like Gecko) Chrome/85.0.4183.101 Mobile Safari/537.36"
183.90.36.97 - - [19/Sep/2020:00:01:40 -0400] "GET /wp-content/plugins/woocommerce/assets/js/js-cookie/js.cookie.min.js?ver=2.1.4 HTTP/1.1" 200 1425 "https://paranoidmicrobiology.com/product/disposable-alcohol-wipes-sterilization-portable-wipes-antibacterial-cleaning-skin-cleaning-care/" "Mozilla/5.0 (Linux; Android 9; SM-G973F) AppleWebKit/537.36 (KHTML, like Gecko) Chrome/85.0.4183.101 Mobile Safari/537.36"
183.90.36.97 - - [19/Sep/2020:00:01:40 -0400] "GET /wp-content/uploads/2020/03/Disposable-Alcohol-Wipes-Sterilization-Portable-Wipes-Antibacterial-Cleaning-Skin-Cleaning-Care.jpg HTTP/1.1" 200 81404 "https://paranoidmicrobiology.com/product/disposable-alcohol-wipes-sterilization-portable-wipes-antibacterial-cleaning-skin-cleaning-care/" "Mozilla/5.0 (Linux; Android 9; SM-G973F) AppleWebKit/537.36 (KHTML, like Gecko) Chrome/85.0.4183.101 Mobile Safari/537.36"
183.90.36.97 - - [19/Sep/2020:00:01:41 -0400] "GET /wp-content/plugins/woocommerce/assets/js/frontend/cart-fragments.min.js?ver=4.5.2 HTTP/1.1" 200 1485 "https://paranoidmicrobiology.com/product/disposable-alcohol-wipes-sterilization-portable-wipes-antibacterial-cleaning-skin-cleaning-care/" "Mozilla/5.0 (Linux; Android 9; SM-G973F) AppleWebKit/537.36 (KHTML, like Gecko) Chrome/85.0.4183.101 Mobile Safari/537.36"
183.90.36.97 - - [19/Sep/2020:00:01:41 -0400] "GET /wp-content/themes/gridmag/assets/js/ResizeSensor.min.js HTTP/1.1" 200 1712 "https://paranoidmicrobiology.com/product/disposable-alcohol-wipes-sterilization-portable-wipes-antibacterial-cleaning-skin-cleaning-care/" "Mozilla/5.0 (Linux; Android 9; SM-G973F) AppleWebKit/537.36 (KHTML, like Gecko) Chrome/85.0.4183.101 Mobile Safari/537.36"
183.90.36.97 - - [19/Sep/2020:00:01:41 -0400] "GET /wp-content/themes/gridmag/assets/js/theia-sticky-sidebar.min.js HTTP/1.1" 200 2265 "https://paranoidmicrobiology.com/product/disposable-alcohol-wipes-sterilization-portable-wipes-antibacterial-cleaning-skin-cleaning-care/" "Mozilla/5.0 (Linux; Android 9; SM-G973F) AppleWebKit/537.36 (KHTML, like Gecko) Chrome/85.0.4183.101 Mobile Safari/537.36"
183.90.36.97 - - [19/Sep/2020:00:01:41 -0400] "GET /wp-content/themes/gridmag/assets/js/jquery.fitvids.min.js HTTP/1.1" 200 1275 "https://paranoidmicrobiology.com/product/disposable-alcohol-wipes-sterilization-portable-wipes-antibacterial-cleaning-skin-cleaning-care/" "Mozilla/5.0 (Linux; Android 9; SM-G973F) AppleWebKit/537.36 (KHTML, like Gecko) Chrome/85.0.4183.101 Mobile Safari/537.36"
183.90.36.97 - - [19/Sep/2020:00:01:41 -0400] "GET /wp-content/themes/gridmag/assets/js/navigation.js HTTP/1.1" 200 1926 "https://paranoidmicrobiology.com/product/disposable-alcohol-wipes-sterilization-portable-wipes-antibacterial-cleaning-skin-cleaning-care/" "Mozilla/5.0 (Linux; Android 9; SM-G973F) AppleWebKit/537.36 (KHTML, like Gecko) Chrome/85.0.4183.101 Mobile Safari/537.36"
183.90.36.97 - - [19/Sep/2020:00:01:41 -0400] "GET /wp-content/themes/gridmag/assets/js/skip-link-focus-fix.js HTTP/1.1" 200 861 "https://paranoidmicrobiology.com/product/disposable-alcohol-wipes-sterilization-portable-wipes-antibacterial-cleaning-skin-cleaning-care/" "Mozilla/5.0 (Linux; Android 9; SM-G973F) AppleWebKit/537.36 (KHTML, like Gecko) Chrome/85.0.4183.101 Mobile Safari/537.36"
183.90.36.97 - - [19/Sep/2020:00:01:41 -0400] "GET /wp-includes/js/imagesloaded.min.js?ver=3.2.0 HTTP/1.1" 200 3041 "https://paranoidmicrobiology.com/product/disposable-alcohol-wipes-sterilization-portable-wipes-antibacterial-cleaning-skin-cleaning-care/" "Mozilla/5.0 (Linux; Android 9; SM-G973F) AppleWebKit/537.36 (KHTML, like Gecko) Chrome/85.0.4183.101 Mobile Safari/537.36"
183.90.36.97 - - [19/Sep/2020:00:01:41 -0400] "GET /wp-includes/js/masonry.min.js?ver=3.3.2 HTTP/1.1" 200 9036 "https://paranoidmicrobiology.com/product/disposable-alcohol-wipes-sterilization-portable-wipes-antibacterial-cleaning-skin-cleaning-care/" "Mozilla/5.0 (Linux; Android 9; SM-G973F) AppleWebKit/537.36 (KHTML, like Gecko) Chrome/85.0.4183.101 Mobile Safari/537.36"
183.90.36.97 - - [19/Sep/2020:00:01:41 -0400] "GET /wp-content/themes/gridmag/assets/js/custom.js HTTP/1.1" 200 2095 "https://paranoidmicrobiology.com/product/disposable-alcohol-wipes-sterilization-portable-wipes-antibacterial-cleaning-skin-cleaning-care/" "Mozilla/5.0 (Linux; Android 9; SM-G973F) AppleWebKit/537.36 (KHTML, like Gecko) Chrome/85.0.4183.101 Mobile Safari/537.36"
183.90.36.97 - - [19/Sep/2020:00:01:41 -0400] "GET /wp-includes/js/comment-reply.min.js?ver=5.3.4 HTTP/1.1" 200 1576 "https://paranoidmicrobiology.com/product/disposable-alcohol-wipes-sterilization-portable-wipes-antibacterial-cleaning-skin-cleaning-care/" "Mozilla/5.0 (Linux; Android 9; SM-G973F) AppleWebKit/537.36 (KHTML, like Gecko) Chrome/85.0.4183.101 Mobile Safari/537.36"
183.90.36.97 - - [19/Sep/2020:00:01:41 -0400] "GET /wp-includes/js/wp-embed.min.js?ver=5.3.4 HTTP/1.1" 200 1184 "https://paranoidmicrobiology.com/product/disposable-alcohol-wipes-sterilization-portable-wipes-antibacterial-cleaning-skin-cleaning-care/" "Mozilla/5.0 (Linux; Android 9; SM-G973F) AppleWebKit/537.36 (KHTML, like Gecko) Chrome/85.0.4183.101 Mobile Safari/537.36"
183.90.36.97 - - [19/Sep/2020:00:01:41 -0400] "GET /wp-content/uploads/2020/03/Disposable-Alcohol-Wipes-Sterilization-Portable-Wipes-Antibacterial-Cleaning-Skin-Cleaning-Care-2.jpg HTTP/1.1" 200 85055 "https://paranoidmicrobiology.com/product/disposable-alcohol-wipes-sterilization-portable-wipes-antibacterial-cleaning-skin-cleaning-care/" "Mozilla/5.0 (Linux; Android 9; SM-G973F) AppleWebKit/537.36 (KHTML, like Gecko) Chrome/85.0.4183.101 Mobile Safari/537.36"
183.90.36.97 - - [19/Sep/2020:00:01:41 -0400] "GET /wp-content/uploads/2020/03/Disposable-Alcohol-Wipes-Sterilization-Portable-Wipes-Antibacterial-Cleaning-Skin-Cleaning-Care-3.jpg HTTP/1.1" 200 65453 "https://paranoidmicrobiology.com/product/disposable-alcohol-wipes-sterilization-portable-wipes-antibacterial-cleaning-skin-cleaning-care/" "Mozilla/5.0 (Linux; Android 9; SM-G973F) AppleWebKit/537.36 (KHTML, like Gecko) Chrome/85.0.4183.101 Mobile Safari/537.36"
183.90.36.97 - - [19/Sep/2020:00:01:41 -0400] "GET /wp-includes/js/wp-emoji-release.min.js?ver=5.3.4 HTTP/1.1" 200 5116 "https://paranoidmicrobiology.com/product/disposable-alcohol-wipes-sterilization-portable-wipes-antibacterial-cleaning-skin-cleaning-care/" "Mozilla/5.0 (Linux; Android 9; SM-G973F) AppleWebKit/537.36 (KHTML, like Gecko) Chrome/85.0.4183.101 Mobile Safari/537.36"
183.90.36.97 - - [19/Sep/2020:00:01:41 -0400] "GET /wp-content/uploads/2020/03/Disposable-Alcohol-Wipes-Sterilization-Portable-Wipes-Antibacterial-Cleaning-Skin-Cleaning-Care-5.jpg HTTP/1.1" 200 288448 "https://paranoidmicrobiology.com/product/disposable-alcohol-wipes-sterilization-portable-wipes-antibacterial-cleaning-skin-cleaning-care/" "Mozilla/5.0 (Linux; Android 9; SM-G973F) AppleWebKit/537.36 (KHTML, like Gecko) Chrome/85.0.4183.101 Mobile Safari/537.36"
183.90.36.97 - - [19/Sep/2020:00:01:42 -0400] "POST /?wc-ajax=get_refreshed_fragments HTTP/1.1" 200 713 "https://paranoidmicrobiology.com/product/disposable-alcohol-wipes-sterilization-portable-wipes-antibacterial-cleaning-skin-cleaning-care/" "Mozilla/5.0 (Linux; Android 9; SM-G973F) AppleWebKit/537.36 (KHTML, like Gecko) Chrome/85.0.4183.101 Mobile Safari/537.36"
183.90.36.97 - - [19/Sep/2020:00:01:41 -0400] "GET /wp-content/uploads/2020/03/Disposable-Alcohol-Wipes-Sterilization-Portable-Wipes-Antibacterial-Cleaning-Skin-Cleaning-Care-4.jpg HTTP/1.1" 200 127322 "https://paranoidmicrobiology.com/product/disposable-alcohol-wipes-sterilization-portable-wipes-antibacterial-cleaning-skin-cleaning-care/" "Mozilla/5.0 (Linux; Android 9; SM-G973F) AppleWebKit/537.36 (KHTML, like Gecko) Chrome/85.0.4183.101 Mobile Safari/537.36"
183.90.36.97 - - [19/Sep/2020:00:01:42 -0400] "GET /wp-content/uploads/2020/03/30ml-Antibacterial-Disinfection-Spray-Alcohol-free-Disposable-Hand-Sterilizer-Germicidal-Spray-Household-Disinfection-Cleaning-768x768.jpg HTTP/1.1" 200 78188 "https://paranoidmicrobiology.com/product/disposable-alcohol-wipes-sterilization-portable-wipes-antibacterial-cleaning-skin-cleaning-care/" "Mozilla/5.0 (Linux; Android 9; SM-G973F) AppleWebKit/537.36 (KHTML, like Gecko) Chrome/85.0.4183.101 Mobile Safari/537.36"
183.90.36.97 - - [19/Sep/2020:00:01:42 -0400] "GET /wp-content/uploads/2020/03/80ML-Household-Cleaners-Disposable-Hand-Sanitizer-75-Alcohol-Germicidal-Spray-Disinfectant-Portable.jpg HTTP/1.1" 200 107327 "https://paranoidmicrobiology.com/product/disposable-alcohol-wipes-sterilization-portable-wipes-antibacterial-cleaning-skin-cleaning-care/" "Mozilla/5.0 (Linux; Android 9; SM-G973F) AppleWebKit/537.36 (KHTML, like Gecko) Chrome/85.0.4183.101 Mobile Safari/537.36"
183.90.36.97 - - [19/Sep/2020:00:01:42 -0400] "GET /wp-content/uploads/2020/03/84-Disinfection-Water-Electrolytic-Generator-Sodium-Hypochlorite-Generator-Disinfectant-Liquid-Making-Machine-Clean-Air-Spray-768x768.jpg HTTP/1.1" 200 42970 "https://paranoidmicrobiology.com/product/disposable-alcohol-wipes-sterilization-portable-wipes-antibacterial-cleaning-skin-cleaning-care/" "Mozilla/5.0 (Linux; Android 9; SM-G973F) AppleWebKit/537.36 (KHTML, like Gecko) Chrome/85.0.4183.101 Mobile Safari/537.36"
183.90.36.97 - - [19/Sep/2020:00:01:42 -0400] "GET /wp-includes/images/rss.png HTTP/1.1" 200 987 "https://paranoidmicrobiology.com/product/disposable-alcohol-wipes-sterilization-portable-wipes-antibacterial-cleaning-skin-cleaning-care/" "Mozilla/5.0 (Linux; Android 9; SM-G973F) AppleWebKit/537.36 (KHTML, like Gecko) Chrome/85.0.4183.101 Mobile Safari/537.36"
183.90.36.97 - - [19/Sep/2020:00:01:42 -0400] "GET /wp-content/uploads/2020/03/Disposable-Alcohol-Wipes-Sterilization-Portable-Wipes-Antibacterial-Cleaning-Skin-Cleaning-Care-100x100.jpg HTTP/1.1" 200 3480 "https://paranoidmicrobiology.com/product/disposable-alcohol-wipes-sterilization-portable-wipes-antibacterial-cleaning-skin-cleaning-care/" "Mozilla/5.0 (Linux; Android 9; SM-G973F) AppleWebKit/537.36 (KHTML, like Gecko) Chrome/85.0.4183.101 Mobile Safari/537.36"
183.90.36.97 - - [19/Sep/2020:00:01:43 -0400] "GET /wp-content/uploads/2020/03/Disposable-Alcohol-Wipes-Sterilization-Portable-Wipes-Antibacterial-Cleaning-Skin-Cleaning-Care-2-100x100.jpg HTTP/1.1" 200 3091 "https://paranoidmicrobiology.com/product/disposable-alcohol-wipes-sterilization-portable-wipes-antibacterial-cleaning-skin-cleaning-care/" "Mozilla/5.0 (Linux; Android 9; SM-G973F) AppleWebKit/537.36 (KHTML, like Gecko) Chrome/85.0.4183.101 Mobile Safari/537.36"
183.90.36.97 - - [19/Sep/2020:00:01:43 -0400] "GET /wp-content/uploads/2020/03/Disposable-Alcohol-Wipes-Sterilization-Portable-Wipes-Antibacterial-Cleaning-Skin-Cleaning-Care-1-100x100.jpg HTTP/1.1" 200 3932 "https://paranoidmicrobiology.com/product/disposable-alcohol-wipes-sterilization-portable-wipes-antibacterial-cleaning-skin-cleaning-care/" "Mozilla/5.0 (Linux; Android 9; SM-G973F) AppleWebKit/537.36 (KHTML, like Gecko) Chrome/85.0.4183.101 Mobile Safari/537.36"
183.90.36.97 - - [19/Sep/2020:00:01:43 -0400] "GET /wp-content/uploads/2020/03/Disposable-Alcohol-Wipes-Sterilization-Portable-Wipes-Antibacterial-Cleaning-Skin-Cleaning-Care-3-100x100.jpg HTTP/1.1" 200 2747 "https://paranoidmicrobiology.com/product/disposable-alcohol-wipes-sterilization-portable-wipes-antibacterial-cleaning-skin-cleaning-care/" "Mozilla/5.0 (Linux; Android 9; SM-G973F) AppleWebKit/537.36 (KHTML, like Gecko) Chrome/85.0.4183.101 Mobile Safari/537.36"
183.90.36.97 - - [19/Sep/2020:00:01:43 -0400] "GET /wp-content/uploads/2020/03/Disposable-Alcohol-Wipes-Sterilization-Portable-Wipes-Antibacterial-Cleaning-Skin-Cleaning-Care-5-100x100.jpg HTTP/1.1" 200 3527 "https://paranoidmicrobiology.com/product/disposable-alcohol-wipes-sterilization-portable-wipes-antibacterial-cleaning-skin-cleaning-care/" "Mozilla/5.0 (Linux; Android 9; SM-G973F) AppleWebKit/537.36 (KHTML, like Gecko) Chrome/85.0.4183.101 Mobile Safari/537.36"
183.90.36.97 - - [19/Sep/2020:00:01:43 -0400] "GET /wp-content/uploads/2020/03/Disposable-Alcohol-Wipes-Sterilization-Portable-Wipes-Antibacterial-Cleaning-Skin-Cleaning-Care-4-100x100.jpg HTTP/1.1" 200 3734 "https://paranoidmicrobiology.com/product/disposable-alcohol-wipes-sterilization-portable-wipes-antibacterial-cleaning-skin-cleaning-care/" "Mozilla/5.0 (Linux; Android 9; SM-G973F) AppleWebKit/537.36 (KHTML, like Gecko) Chrome/85.0.4183.101 Mobile Safari/537.36"
183.90.36.97 - - [19/Sep/2020:00:01:41 -0400] "GET /wp-content/uploads/2020/03/Disposable-Alcohol-Wipes-Sterilization-Portable-Wipes-Antibacterial-Cleaning-Skin-Cleaning-Care-1.jpg HTTP/1.1" 200 349837 "https://paranoidmicrobiology.com/product/disposable-alcohol-wipes-sterilization-portable-wipes-antibacterial-cleaning-skin-cleaning-care/" "Mozilla/5.0 (Linux; Android 9; SM-G973F) AppleWebKit/537.36 (KHTML, like Gecko) Chrome/85.0.4183.101 Mobile Safari/537.36"
183.90.36.97 - - [19/Sep/2020:00:01:43 -0400] "GET /wp-content/themes/gridmag/assets/webfonts/fa-solid-900.woff2 HTTP/1.1" 200 76107 "https://paranoidmicrobiology.com/wp-content/themes/gridmag/assets/css/all.min.css" "Mozilla/5.0 (Linux; Android 9; SM-G973F) AppleWebKit/537.36 (KHTML, like Gecko) Chrome/85.0.4183.101 Mobile Safari/537.36"
183.90.36.97 - - [19/Sep/2020:00:01:43 -0400] "GET /wp-content/themes/gridmag/assets/webfonts/fa-regular-400.woff2 HTTP/1.1" 200 13990 "https://paranoidmicrobiology.com/wp-content/themes/gridmag/assets/css/all.min.css" "Mozilla/5.0 (Linux; Android 9; SM-G973F) AppleWebKit/537.36 (KHTML, like Gecko) Chrome/85.0.4183.101 Mobile Safari/537.36"
183.90.36.97 - - [19/Sep/2020:00:01:43 -0400] "GET /wp-content/plugins/woocommerce/assets/fonts/star.woff HTTP/1.1" 200 1684 "https://paranoidmicrobiology.com/wp-content/plugins/woocommerce/assets/css/woocommerce.css?ver=4.5.2" "Mozilla/5.0 (Linux; Android 9; SM-G973F) AppleWebKit/537.36 (KHTML, like Gecko) Chrome/85.0.4183.101 Mobile Safari/537.36"
183.90.36.97 - - [19/Sep/2020:00:01:42 -0400] "GET /wp-content/uploads/2020/03/5pcs-Disposable-No-Clean-Waterless-Hand-Sanitizer-for-Children-75-Alcohol-Antibacterial-Hand-Sanitizer-Disinfection-Gel.jpg HTTP/1.1" 200 471296 "https://paranoidmicrobiology.com/product/disposable-alcohol-wipes-sterilization-portable-wipes-antibacterial-cleaning-skin-cleaning-care/" "Mozilla/5.0 (Linux; Android 9; SM-G973F) AppleWebKit/537.36 (KHTML, like Gecko) Chrome/85.0.4183.101 Mobile Safari/537.36"
183.90.36.97 - - [19/Sep/2020:00:01:43 -0400] "GET /wp-content/plugins/woo-photo-reviews/fonts/woocommerce-photo-reviews.woff HTTP/1.1" 200 2862 "https://paranoidmicrobiology.com/wp-content/plugins/woo-photo-reviews/css/style.css?ver=1.1.3.7" "Mozilla/5.0 (Linux; Android 9; SM-G973F) AppleWebKit/537.36 (KHTML, like Gecko) Chrome/85.0.4183.101 Mobile Safari/537.36"
183.90.36.97 - - [19/Sep/2020:00:01:44 -0400] "GET /favicon.ico HTTP/1.1" 200 290 "https://paranoidmicrobiology.com/product/disposable-alcohol-wipes-sterilization-portable-wipes-antibacterial-cleaning-skin-cleaning-care/" "Mozilla/5.0 (Linux; Android 9; SM-G973F) AppleWebKit/537.36 (KHTML, like Gecko) Chrome/85.0.4183.101 Mobile Safari/537.36"
157.55.39.82 - - [19/Sep/2020:00:04:12 -0400] "GET /wp-content/uploads/2020/03/60ml-Antibacterial-Press-Head-Amino-Acid-Hand-Sanitizer-Disposable-Disinfection-Hand-Wash-Gel-Portable-Rinse-Free-2.jpg HTTP/1.1" 200 174914 "-" "Mozilla/5.0 (compatible; bingbot/2.0; +http://www.bing.com/bingbot.htm)"
204.48.19.85 - - [19/Sep/2020:00:22:25 -0400] "POST /wp-cron.php?doing_wp_cron=1600489345.5946009159088134765625 HTTP/1.1" 200 4134 "https://paranoidmicrobiology.com/wp-cron.php?doing_wp_cron=1600489345.5946009159088134765625" "WordPress/5.3.4; https://paranoidmicrobiology.com"
66.249.69.50 - - [19/Sep/2020:00:22:25 -0400] "GET /robots.txt HTTP/1.1" 200 4270 "-" "Mozilla/5.0 (compatible; Googlebot/2.1; +http://www.google.com/bot.html)"
204.48.19.85 - - [19/Sep/2020:00:23:52 -0400] "POST /wp-cron.php?doing_wp_cron=1600489432.4288830757141113281250 HTTP/1.1" 200 4134 "https://paranoidmicrobiology.com/wp-cron.php?doing_wp_cron=1600489432.4288830757141113281250" "WordPress/5.3.4; https://paranoidmicrobiology.com"
66.249.69.50 - - [19/Sep/2020:00:23:52 -0400] "GET /product/15w-ultraviolet-sterilizer-light-disinfection-220v-uvc-lamp-bactericidal-household-home-timer-kill-mite-germicidal-lights/ HTTP/1.1" 200 21808 "-" "Mozilla/5.0 (Linux; Android 6.0.1; Nexus 5X Build/MMB29P) AppleWebKit/537.36 (KHTML, like Gecko) Chrome/85.0.4183.110 Mobile Safari/537.36 (compatible; Googlebot/2.1; +http://www.google.com/bot.html)"
66.249.69.50 - - [19/Sep/2020:00:23:56 -0400] "POST /?wc-ajax=get_refreshed_fragments HTTP/1.1" 200 4445 "https://paranoidmicrobiology.com/product/15w-ultraviolet-sterilizer-light-disinfection-220v-uvc-lamp-bactericidal-household-home-timer-kill-mite-germicidal-lights/" "Mozilla/5.0 (Linux; Android 6.0.1; Nexus 5X Build/MMB29P) AppleWebKit/537.36 (KHTML, like Gecko) Chrome/85.0.4183.113 Mobile Safari/537.36 (compatible; Googlebot/2.1; +http://www.google.com/bot.html)"
66.249.69.54 - - [19/Sep/2020:00:28:41 -0400] "GET /wp-content/uploads/2020/03/YIGANERJING-7g-Sulfur-Soap-Skin-Acne-Seborrhea-Antifungal-Bath-Soap-Anti-mite-Handmade-Whitening-Deep-Cleaning-4-600x600.jpg HTTP/1.1" 200 53069 "-" "Googlebot-Image/1.0"
157.55.39.82 - - [19/Sep/2020:00:43:44 -0400] "GET /wp-content/plugins/woocommerce/assets/fonts/star.ttf HTTP/1.1" 200 5155 "-" "Mozilla/5.0 (compatible; bingbot/2.0; +http://www.bing.com/bingbot.htm)"
157.55.39.82 - - [19/Sep/2020:00:43:44 -0400] "GET /wp-content/themes/gridmag/assets/webfonts/fa-solid-900.woff2 HTTP/1.1" 200 76149 "-" "Mozilla/5.0 (compatible; bingbot/2.0; +http://www.bing.com/bingbot.htm)"
207.46.13.151 - - [19/Sep/2020:00:44:59 -0400] "GET /wp-content/themes/gridmag/assets/webfonts/fa-regular-400.ttf HTTP/1.1" 200 37828 "-" "Mozilla/5.0 (compatible; bingbot/2.0; +http://www.bing.com/bingbot.htm)"
157.55.39.82 - - [19/Sep/2020:00:46:10 -0400] "GET /wp-content/uploads/2020/03/USB-Mini-Wearable-Neck-Negative-Ion-Generator-Air-Purifier-Personal-Air-Purifier-Germs-Odors-Dust-Mold-7.jpg HTTP/1.1" 200 43565 "-" "Mozilla/5.0 (compatible; bingbot/2.0; +http://www.bing.com/bingbot.htm)"
204.48.19.85 - - [19/Sep/2020:00:46:18 -0400] "POST /wp-cron.php?doing_wp_cron=1600490778.1627829074859619140625 HTTP/1.1" 200 4134 "https://paranoidmicrobiology.com/wp-cron.php?doing_wp_cron=1600490778.1627829074859619140625" "WordPress/5.3.4; https://paranoidmicrobiology.com"
157.55.39.51 - - [19/Sep/2020:00:46:18 -0400] "GET /?wc-ajax=get_refreshed_fragments HTTP/1.1" 200 3932 "-" "Mozilla/5.0 (compatible; bingbot/2.0; +http://www.bing.com/bingbot.htm)"
157.55.39.51 - - [19/Sep/2020:00:46:18 -0400] "GET /wp-content/plugins/woocommerce/assets/fonts/star.woff HTTP/1.1" 200 1691 "-" "Mozilla/5.0 (compatible; bingbot/2.0; +http://www.bing.com/bingbot.htm)"
185.50.25.49 - - [19/Sep/2020:00:50:49 -0400] "GET /wp-login.php HTTP/1.1" 200 7819 "-" "Mozilla/5.0 (X11; Ubuntu; Linux x86_64; rv:62.0) Gecko/20100101 Firefox/62.0"
185.50.25.49 - - [19/Sep/2020:00:50:50 -0400] "POST /wp-login.php HTTP/1.1" 200 7819 "-" "Mozilla/5.0 (X11; Ubuntu; Linux x86_64; rv:62.0) Gecko/20100101 Firefox/62.0"
204.48.19.85 - - [19/Sep/2020:00:50:51 -0400] "POST /wp-cron.php?doing_wp_cron=1600491051.0771429538726806640625 HTTP/1.1" 200 4134 "https://paranoidmicrobiology.com/wp-cron.php?doing_wp_cron=1600491051.0771429538726806640625" "WordPress/5.3.4; https://paranoidmicrobiology.com"
185.50.25.49 - - [19/Sep/2020:00:50:50 -0400] "POST /xmlrpc.php HTTP/1.1" 200 3684 "-" "Mozilla/5.0 (X11; Ubuntu; Linux x86_64; rv:62.0) Gecko/20100101 Firefox/62.0"
40.77.167.151 - - [19/Sep/2020:00:52:43 -0400] "GET /wp-content/plugins/woo-photo-reviews/fonts/woocommerce-photo-reviews.woff HTTP/1.1" 200 6133 "-" "Mozilla/5.0 (compatible; bingbot/2.0; +http://www.bing.com/bingbot.htm)"
157.55.39.82 - - [19/Sep/2020:00:55:12 -0400] "GET /wp-content/uploads/2020/03/8W-15W-20W-Disinfect-Ozone-Ultraviolet-Lamp-253-7nm-Bactericidal-Sterilizer-UVC-Light-T5-T8-Germicidal-4.jpg HTTP/1.1" 200 154336 "-" "Mozilla/5.0 (compatible; bingbot/2.0; +http://www.bing.com/bingbot.htm)"
40.77.167.36 - - [19/Sep/2020:00:57:18 -0400] "GET /wp-content/themes/gridmag/assets/webfonts/fa-regular-400.woff HTTP/1.1" 200 20508 "-" "Mozilla/5.0 (compatible; bingbot/2.0; +http://www.bing.com/bingbot.htm)"
40.77.167.36 - - [19/Sep/2020:00:57:19 -0400] "GET /wp-content/themes/gridmag/assets/webfonts/fa-solid-900.ttf HTTP/1.1" 200 193210 "-" "Mozilla/5.0 (compatible; bingbot/2.0; +http://www.bing.com/bingbot.htm)"
40.77.167.36 - - [19/Sep/2020:00:57:20 -0400] "GET /wp-content/uploads/2020/03/USB-Mini-Wearable-Neck-Negative-Ion-Generator-Air-Purifier-Personal-Air-Purifier-Germs-Odors-Dust-Mold-100x100.jpg HTTP/1.1" 200 3483 "-" "Mozilla/5.0 (compatible; bingbot/2.0; +http://www.bing.com/bingbot.htm)"
157.55.39.75 - - [19/Sep/2020:00:58:37 -0400] "GET /wp-content/themes/gridmag/assets/webfonts/fa-regular-400.woff2 HTTP/1.1" 200 17261 "-" "Mozilla/5.0 (compatible; bingbot/2.0; +http://www.bing.com/bingbot.htm)"
157.55.39.107 - - [19/Sep/2020:00:59:30 -0400] "GET /wp-content/plugins/woo-photo-reviews/fonts/woocommerce-photo-reviews.ttf HTTP/1.1" 200 7228 "-" "Mozilla/5.0 (compatible; bingbot/2.0; +http://www.bing.com/bingbot.htm)"
157.55.39.107 - - [19/Sep/2020:00:59:30 -0400] "GET /wp-content/themes/gridmag/assets/webfonts/fa-solid-900.woff HTTP/1.1" 200 98977 "-" "Mozilla/5.0 (compatible; bingbot/2.0; +http://www.bing.com/bingbot.htm)"
157.55.39.107 - - [19/Sep/2020:00:59:30 -0400] "GET /wp-content/uploads/2020/03/USB-Mini-Wearable-Neck-Negative-Ion-Generator-Air-Purifier-Personal-Air-Purifier-Germs-Odors-Dust-Mold-1-100x100.jpg HTTP/1.1" 200 2161 "-" "Mozilla/5.0 (compatible; bingbot/2.0; +http://www.bing.com/bingbot.htm)"
157.55.39.107 - - [19/Sep/2020:00:59:30 -0400] "GET /wp-content/uploads/2020/03/USB-Mini-Wearable-Neck-Negative-Ion-Generator-Air-Purifier-Personal-Air-Purifier-Germs-Odors-Dust-Mold.jpg HTTP/1.1" 200 119700 "-" "Mozilla/5.0 (compatible; bingbot/2.0; +http://www.bing.com/bingbot.htm)"
40.77.167.234 - - [19/Sep/2020:01:01:24 -0400] "GET /wp-content/uploads/2020/03/USB-Mini-Wearable-Neck-Negative-Ion-Generator-Air-Purifier-Personal-Air-Purifier-Germs-Odors-Dust-Mold-2-100x100.jpg HTTP/1.1" 200 5390 "-" "Mozilla/5.0 (compatible; bingbot/2.0; +http://www.bing.com/bingbot.htm)"
40.77.167.234 - - [19/Sep/2020:01:01:24 -0400] "GET /wp-content/uploads/2020/03/USB-Mini-Wearable-Neck-Negative-Ion-Generator-Air-Purifier-Personal-Air-Purifier-Germs-Odors-Dust-Mold-3-100x100.jpg HTTP/1.1" 200 2448 "-" "Mozilla/5.0 (compatible; bingbot/2.0; +http://www.bing.com/bingbot.htm)"
207.46.13.151 - - [19/Sep/2020:01:02:08 -0400] "GET /wp-content/uploads/2020/03/3-2-Ultrafiltration-Drinking-Water-Filter-System-Home-Kitchen-Water-Purifier-Filter-With-Faucet-Tap-Water-3.jpg HTTP/1.1" 200 99912 "-" "Mozilla/5.0 (compatible; bingbot/2.0; +http://www.bing.com/bingbot.htm)"
204.48.19.85 - - [19/Sep/2020:01:06:45 -0400] "POST /wp-cron.php?doing_wp_cron=1600492005.4974598884582519531250 HTTP/1.1" 200 4134 "https://paranoidmicrobiology.com/wp-cron.php?doing_wp_cron=1600492005.4974598884582519531250" "WordPress/5.3.4; https://paranoidmicrobiology.com"
103.217.231.236 - - [19/Sep/2020:01:06:45 -0400] "POST /xmlrpc.php HTTP/1.1" 200 4619 "-" "Mozilla/5.0 (Windows NT 10.0; Win64; x64) AppleWebKit/537.36 (KHTML, like Gecko) Chrome/80.0.3987.163 Safari/537.36"
204.48.19.85 - - [19/Sep/2020:01:11:05 -0400] "POST /wp-cron.php?doing_wp_cron=1600492265.7250349521636962890625 HTTP/1.1" 200 4134 "https://paranoidmicrobiology.com/wp-cron.php?doing_wp_cron=1600492265.7250349521636962890625" "WordPress/5.3.4; https://paranoidmicrobiology.com"
185.191.171.6 - - [19/Sep/2020:01:11:05 -0400] "GET /robots.txt HTTP/1.1" 200 4233 "-" "Mozilla/5.0 (compatible; SemrushBot/6~bl; +http://www.semrush.com/bot.html)"
185.191.171.19 - - [19/Sep/2020:01:11:06 -0400] "GET /wp-login.php?redirect_to=https%3A%2F%2Fparanoidmicrobiology.com%2Fproduct%2F30ml-cartoon-animal-rabbit-fox-cat-travel-portable-mini-hand-sanitizer-disposable-no-clean-waterless-fresh-scented-gel-shampoo-c%2F HTTP/1.1" 200 8649 "-" "Mozilla/5.0 (compatible; SemrushBot/6~bl; +http://www.semrush.com/bot.html)"
40.77.167.151 - - [19/Sep/2020:01:14:08 -0400] "GET /wp-content/uploads/2020/03/US-STOCK-20pcs-Standard-NIOSH-N95-Face-Masks-Anti-fog-Haze-Dust-proof-Face-Masks-for-4.jpg HTTP/1.1" 200 79449 "-" "Mozilla/5.0 (compatible; bingbot/2.0; +http://www.bing.com/bingbot.htm)"
204.48.19.85 - - [19/Sep/2020:01:14:16 -0400] "POST /wp-cron.php?doing_wp_cron=1600492456.6199479103088378906250 HTTP/1.1" 200 4134 "https://paranoidmicrobiology.com/wp-cron.php?doing_wp_cron=1600492456.6199479103088378906250" "WordPress/5.3.4; https://paranoidmicrobiology.com"
101.51.16.183 - - [19/Sep/2020:01:14:16 -0400] "POST /xmlrpc.php HTTP/1.1" 200 4606 "-" "Mozilla/5.0 (Windows NT 10.0; Win64; x64) AppleWebKit/537.36 (KHTML, like Gecko) Chrome/80.0.3987.163 Safari/537.36"
157.55.39.51 - - [19/Sep/2020:01:14:23 -0400] "GET /wp-content/uploads/2020/03/5-10-20-50pcs-Mouth-Mask-Disposable-Black-Cotton-Mouth-Face-Masks-Non-Woven-Anti-Dust.jpg HTTP/1.1" 200 84986 "-" "Mozilla/5.0 (compatible; bingbot/2.0; +http://www.bing.com/bingbot.htm)"
66.249.69.50 - - [19/Sep/2020:01:19:07 -0400] "GET /wp-content/uploads/2020/03/Handheld-UV-Sterilization-Lamp-Portable-Disinfection-Light-Mini-Sanitizer-for-Home-Office-Travel-Kill-Virus-Germ-300x300.jpg HTTP/1.1" 304 4008 "-" "Googlebot-Image/1.0"
157.55.39.75 - - [19/Sep/2020:01:20:55 -0400] "GET /wp-content/uploads/2020/03/Personal-Rechargeable-and-Portable-Air-Purifier-Negative-Ion-Generator-Purifies-Air-Eliminating-Germs-Dust-Viruses-Bacteria-4.jpg HTTP/1.1" 200 124689 "-" "Mozilla/5.0 (compatible; bingbot/2.0; +http://www.bing.com/bingbot.htm)"
204.48.19.85 - - [19/Sep/2020:01:24:45 -0400] "POST /wp-cron.php?doing_wp_cron=1600493085.5368731021881103515625 HTTP/1.1" 200 4134 "https://paranoidmicrobiology.com/wp-cron.php?doing_wp_cron=1600493085.5368731021881103515625" "WordPress/5.3.4; https://paranoidmicrobiology.com"
40.77.167.151 - - [19/Sep/2020:01:24:45 -0400] "GET /product/dmwd-uv-water-sterilizer-ultraviolet-tube-lamp-direct-drink-water-disinfection-treatment-filter-aquarium-fish-tank-purifier-12w/ HTTP/1.1" 200 20933 "-" "Mozilla/5.0 (compatible; bingbot/2.0; +http://www.bing.com/bingbot.htm)"
207.46.13.203 - - [19/Sep/2020:01:24:59 -0400] "GET /wp-content/uploads/2020/03/DMWD-UV-Water-Sterilizer-Ultraviolet-Tube-Lamp-Direct-Drink-Water-Disinfection-Treatment-Filter-Aquarium-Fish-Tank-1-100x100.jpg HTTP/1.1" 200 6646 "-" "Mozilla/5.0 (compatible; bingbot/2.0; +http://www.bing.com/bingbot.htm)"
40.77.167.151 - - [19/Sep/2020:01:25:04 -0400] "GET /wp-content/uploads/2020/03/DMWD-UV-Water-Sterilizer-Ultraviolet-Tube-Lamp-Direct-Drink-Water-Disinfection-Treatment-Filter-Aquarium-Fish-Tank-100x100.jpg HTTP/1.1" 200 6767 "-" "Mozilla/5.0 (compatible; bingbot/2.0; +http://www.bing.com/bingbot.htm)"
157.55.39.82 - - [19/Sep/2020:01:25:09 -0400] "GET /wp-content/uploads/2020/03/DMWD-UV-Water-Sterilizer-Ultraviolet-Tube-Lamp-Direct-Drink-Water-Disinfection-Treatment-Filter-Aquarium-Fish-Tank-2-100x100.jpg HTTP/1.1" 200 6153 "-" "Mozilla/5.0 (compatible; bingbot/2.0; +http://www.bing.com/bingbot.htm)"
207.46.13.151 - - [19/Sep/2020:01:25:19 -0400] "GET /wp-content/uploads/2020/03/DMWD-UV-Water-Sterilizer-Ultraviolet-Tube-Lamp-Direct-Drink-Water-Disinfection-Treatment-Filter-Aquarium-Fish-Tank.jpg HTTP/1.1" 200 76049 "-" "Mozilla/5.0 (compatible; bingbot/2.0; +http://www.bing.com/bingbot.htm)"
157.55.39.75 - - [19/Sep/2020:01:26:21 -0400] "GET /wp-content/uploads/2020/03/12PCS-Washing-Machine-Tank-Cleaning-Agent-Stain-Dirt-Removal-Tablets-Odor-Removal-Antibacterial-7.jpg HTTP/1.1" 200 45761 "-" "Mozilla/5.0 (compatible; bingbot/2.0; +http://www.bing.com/bingbot.htm)"
40.77.167.36 - - [19/Sep/2020:01:27:51 -0400] "GET /wp-content/uploads/2020/03/DMWD-UV-Water-Sterilizer-Ultraviolet-Tube-Lamp-Direct-Drink-Water-Disinfection-Treatment-Filter-Aquarium-Fish-Tank-3-100x100.jpg HTTP/1.1" 200 6425 "-" "Mozilla/5.0 (compatible; bingbot/2.0; +http://www.bing.com/bingbot.htm)"
204.48.19.85 - - [19/Sep/2020:01:35:07 -0400] "POST /wp-cron.php?doing_wp_cron=1600493707.1721539497375488281250 HTTP/1.1" 200 4134 "https://paranoidmicrobiology.com/wp-cron.php?doing_wp_cron=1600493707.1721539497375488281250" "WordPress/5.3.4; https://paranoidmicrobiology.com"
66.249.69.50 - - [19/Sep/2020:01:35:07 -0400] "GET /robots.txt HTTP/1.1" 200 4270 "-" "Mozilla/5.0 (compatible; Googlebot/2.1; +http://www.google.com/bot.html)"
159.203.70.169 - - [19/Sep/2020:01:46:13 -0400] "GET /wp-login.php HTTP/1.1" 200 7821 "-" "Mozilla/5.0 (X11; Ubuntu; Linux x86_64; rv:62.0) Gecko/20100101 Firefox/62.0"
159.203.70.169 - - [19/Sep/2020:01:46:13 -0400] "POST /wp-login.php HTTP/1.1" 200 7821 "-" "Mozilla/5.0 (X11; Ubuntu; Linux x86_64; rv:62.0) Gecko/20100101 Firefox/62.0"
204.48.19.85 - - [19/Sep/2020:01:46:13 -0400] "POST /wp-cron.php?doing_wp_cron=1600494373.7628951072692871093750 HTTP/1.1" 200 4134 "https://paranoidmicrobiology.com/wp-cron.php?doing_wp_cron=1600494373.7628951072692871093750" "WordPress/5.3.4; https://paranoidmicrobiology.com"
159.203.70.169 - - [19/Sep/2020:01:46:13 -0400] "POST /xmlrpc.php HTTP/1.1" 200 3686 "-" "Mozilla/5.0 (X11; Ubuntu; Linux x86_64; rv:62.0) Gecko/20100101 Firefox/62.0"
204.48.19.85 - - [19/Sep/2020:01:48:10 -0400] "POST /wp-cron.php?doing_wp_cron=1600494490.0007610321044921875000 HTTP/1.1" 200 4134 "https://paranoidmicrobiology.com/wp-cron.php?doing_wp_cron=1600494490.0007610321044921875000" "WordPress/5.3.4; https://paranoidmicrobiology.com"
185.191.171.4 - - [19/Sep/2020:01:48:09 -0400] "GET /product/anti-infection-gloves-100pcs-lot-food-grade-waterproof-allergy-free-disposable-work-safety-gloves-ffp3-glove-mechanic/ HTTP/1.1" 200 21529 "-" "Mozilla/5.0 (compatible; SemrushBot/6~bl; +http://www.semrush.com/bot.html)"
157.55.39.107 - - [19/Sep/2020:01:48:55 -0400] "GET /wp-content/uploads/2020/03/15-Bathroom-Shower-Filter-Bathing-Water-Filter-Purifier-Water-Treatment-Health-Softener-Chlorine-Removal-Water-Purifier.jpg HTTP/1.1" 200 116599 "-" "Mozilla/5.0 (compatible; bingbot/2.0; +http://www.bing.com/bingbot.htm)"
40.77.167.151 - - [19/Sep/2020:01:53:00 -0400] "GET /wp-content/uploads/2020/03/15W-Ultraviolet-Sterilizer-Light-Disinfection-220V-UVC-Lamp-Bactericidal-Household-Home-Timer-Kill-Mite-Germicidal-Lights-4.jpg HTTP/1.1" 200 124823 "-" "Mozilla/5.0 (compatible; bingbot/2.0; +http://www.bing.com/bingbot.htm)"
207.46.13.203 - - [19/Sep/2020:02:03:11 -0400] "GET /wp-content/uploads/2020/03/Multi-Function-UV-Disinfection-Portable-UV-Hand-Wand-Ultraviolet-Light-Kill-Bacteria-Germ-Disinfection-5.jpg HTTP/1.1" 200 160863 "-" "Mozilla/5.0 (compatible; bingbot/2.0; +http://www.bing.com/bingbot.htm)"
204.48.19.85 - - [19/Sep/2020:02:05:08 -0400] "POST /wp-cron.php?doing_wp_cron=1600495507.9872200489044189453125 HTTP/1.1" 200 4134 "https://paranoidmicrobiology.com/wp-cron.php?doing_wp_cron=1600495507.9872200489044189453125" "WordPress/5.3.4; https://paranoidmicrobiology.com"
66.249.69.54 - - [19/Sep/2020:02:05:07 -0400] "GET /?product-page=2 HTTP/1.1" 200 17495 "-" "Mozilla/5.0 (Linux; Android 6.0.1; Nexus 5X Build/MMB29P) AppleWebKit/537.36 (KHTML, like Gecko) Chrome/85.0.4183.110 Mobile Safari/537.36 (compatible; Googlebot/2.1; +http://www.google.com/bot.html)"
40.77.167.234 - - [19/Sep/2020:02:09:43 -0400] "GET /wp-content/uploads/2020/03/2Pack-Empty-Plastic-Spray-Bottles17Oz-Spray-Bottle-Squirt-Bottle-Plastic-Spray-Bottles-for-Cleaning-Solutions-Disinfectant-4.jpg HTTP/1.1" 200 34664 "-" "Mozilla/5.0 (compatible; bingbot/2.0; +http://www.bing.com/bingbot.htm)"
204.48.19.85 - - [19/Sep/2020:02:10:26 -0400] "POST /wp-cron.php?doing_wp_cron=1600495826.0688331127166748046875 HTTP/1.1" 200 4134 "https://paranoidmicrobiology.com/wp-cron.php?doing_wp_cron=1600495826.0688331127166748046875" "WordPress/5.3.4; http://paranoidmicrobiology.com"
185.191.171.22 - - [19/Sep/2020:02:10:25 -0400] "GET /wp-login.php?redirect_to=https%3A%2F%2Fparanoidmicrobiology.com%2Fproduct%2Fportable-antibacterial-hand-sanitizer-disposable-disinfectant-gel-75-bacteriostatic-gel-hand-sanitizer-wipe-out-bacteria-50ml%2F HTTP/1.1" 200 6288 "-" "Mozilla/5.0 (compatible; SemrushBot/6~bl; +http://www.semrush.com/bot.html)"
66.249.69.54 - - [19/Sep/2020:02:19:00 -0400] "GET /wp-content/uploads/2020/03/15W-Ultraviolet-Sterilizer-Light-Disinfection-220V-UVC-Lamp-Bactericidal-Household-Home-Timer-Kill-Mite-Germicidal-Lights-3.jpg HTTP/1.1" 304 4009 "-" "Googlebot-Image/1.0"
204.48.19.85 - - [19/Sep/2020:02:25:05 -0400] "POST /wp-cron.php?doing_wp_cron=1600496705.6153941154479980468750 HTTP/1.1" 200 4134 "https://paranoidmicrobiology.com/wp-cron.php?doing_wp_cron=1600496705.6153941154479980468750" "WordPress/5.3.4; https://paranoidmicrobiology.com"
66.249.69.52 - - [19/Sep/2020:02:25:05 -0400] "GET /product/handheld-uv-sterilization-lamp-portable-disinfection-light-mini-sanitizer-for-home-office-travel-kill-virus-germ-household/ HTTP/1.1" 200 19811 "-" "Mozilla/5.0 (Linux; Android 6.0.1; Nexus 5X Build/MMB29P) AppleWebKit/537.36 (KHTML, like Gecko) Chrome/85.0.4183.110 Mobile Safari/537.36 (compatible; Googlebot/2.1; +http://www.google.com/bot.html)"
66.249.69.52 - - [19/Sep/2020:02:25:11 -0400] "POST /?wc-ajax=get_refreshed_fragments HTTP/1.1" 200 4445 "https://paranoidmicrobiology.com/product/handheld-uv-sterilization-lamp-portable-disinfection-light-mini-sanitizer-for-home-office-travel-kill-virus-germ-household/" "Mozilla/5.0 (Linux; Android 6.0.1; Nexus 5X Build/MMB29P) AppleWebKit/537.36 (KHTML, like Gecko) Chrome/85.0.4183.113 Mobile Safari/537.36 (compatible; Googlebot/2.1; +http://www.google.com/bot.html)"
157.55.39.107 - - [19/Sep/2020:02:26:06 -0400] "GET /wp-content/plugins/woocommerce/assets/js/frontend/add-to-cart.min.js?ver=4.5.2 HTTP/1.1" 200 4796 "-" "Mozilla/5.0 (compatible; bingbot/2.0; +http://www.bing.com/bingbot.htm)"
207.46.13.203 - - [19/Sep/2020:02:27:56 -0400] "GET /wp-content/uploads/2020/03/Handheld-UV-Sterilization-Lamp-Portable-Disinfection-Light-Mini-Sanitizer-for-Home-Office-Travel-Kill-Virus-Germ-3.jpg HTTP/1.1" 200 74058 "-" "Mozilla/5.0 (compatible; bingbot/2.0; +http://www.bing.com/bingbot.htm)"
204.48.19.85 - - [19/Sep/2020:02:35:04 -0400] "POST /wp-cron.php?doing_wp_cron=1600497304.4899930953979492187500 HTTP/1.1" 200 4134 "https://paranoidmicrobiology.com/wp-cron.php?doing_wp_cron=1600497304.4899930953979492187500" "WordPress/5.3.4; https://paranoidmicrobiology.com"
66.249.69.50 - - [19/Sep/2020:02:35:04 -0400] "GET /product/dual-cartridge-anti-dust-mask-chemical-safety-painting-gas-filter-respirator-with-goggles-industrial-safety-equipment/ HTTP/1.1" 200 21855 "-" "Mozilla/5.0 (Linux; Android 6.0.1; Nexus 5X Build/MMB29P) AppleWebKit/537.36 (KHTML, like Gecko) Chrome/85.0.4183.110 Mobile Safari/537.36 (compatible; Googlebot/2.1; +http://www.google.com/bot.html)"
66.249.69.50 - - [19/Sep/2020:02:35:09 -0400] "GET /robots.txt HTTP/1.1" 200 4270 "-" "Mozilla/5.0 (compatible; Googlebot/2.1; +http://www.google.com/bot.html)"
66.249.69.50 - - [19/Sep/2020:02:35:09 -0400] "POST /?wc-ajax=get_refreshed_fragments HTTP/1.1" 200 4445 "https://paranoidmicrobiology.com/product/dual-cartridge-anti-dust-mask-chemical-safety-painting-gas-filter-respirator-with-goggles-industrial-safety-equipment/" "Mozilla/5.0 (Linux; Android 6.0.1; Nexus 5X Build/MMB29P) AppleWebKit/537.36 (KHTML, like Gecko) Chrome/85.0.4183.113 Mobile Safari/537.36 (compatible; Googlebot/2.1; +http://www.google.com/bot.html)"
64.225.111.182 - - [19/Sep/2020:02:37:57 -0400] "GET /wp-login.php HTTP/1.1" 200 7822 "-" "Mozilla/5.0 (X11; Ubuntu; Linux x86_64; rv:62.0) Gecko/20100101 Firefox/62.0"
