66.249.66.159 - - [21/Sep/2020:11:21:01 -0400] "GET /wp-content/uploads/2020/03/Cute-bear-Ear-protective-kids-mouth-mask-Windproof-Mouth-muffle-anti-dust-winter-masks-Children-Anti-5-300x300.jpg HTTP/1.1" 304 4011 "-" "Googlebot-Image/1.0"
66.249.66.159 - - [21/Sep/2020:11:21:01 -0400] "GET /robots.txt HTTP/1.1" 200 4273 "-" "Mozilla/5.0 (compatible; Googlebot/2.1; +http://www.google.com/bot.html)"
192.0.102.29 - - [21/Sep/2020:11:21:05 -0400] "POST /xmlrpc.php?for=jetpack&token=lXONgMn6zaK%2A70vOeZHRgs%5EufDZFu%24%23K%3A1%3A0&timestamp=1600701665&nonce=rECoRUBEZE&body-hash=THU%2BWg22NC1Ru0tT1wngfIw%2Bo8A%3D&signature=6h%2B8VA32oqQiJLpDjXMOHUmvcKQ%3D HTTP/1.1" 200 4098 "https://paranoidmicrobiology.com/xmlrpc.php?for=jetpack&token=lXONgMn6zaK%2A70vOeZHRgs%5EufDZFu%24%23K%3A1%3A0&timestamp=1600701665&nonce=rECoRUBEZE&body-hash=THU%2BWg22NC1Ru0tT1wngfIw%2Bo8A%3D&signature=6h%2B8VA32oqQiJLpDjXMOHUmvcKQ%3D" "Jetpack by WordPress.com"
204.48.19.85 - - [21/Sep/2020:11:21:02 -0400] "POST /wp-cron.php?doing_wp_cron=1600701662.4624350070953369140625 HTTP/1.1" 200 4137 "https://paranoidmicrobiology.com/wp-cron.php?doing_wp_cron=1600701662.4624350070953369140625" "WordPress/5.3.4; https://paranoidmicrobiology.com"
204.48.19.85 - - [21/Sep/2020:11:51:09 -0400] "POST /wp-cron.php?doing_wp_cron=1600703469.9292800426483154296875 HTTP/1.1" 200 4137 "https://paranoidmicrobiology.com/wp-cron.php?doing_wp_cron=1600703469.9292800426483154296875" "WordPress/5.3.4; https://paranoidmicrobiology.com"
177.93.79.18 - - [21/Sep/2020:11:51:08 -0400] "POST /xmlrpc.php HTTP/1.1" 200 4608 "-" "Mozilla/5.0 (Windows NT 10.0; Win64; x64) AppleWebKit/537.36 (KHTML, like Gecko) Chrome/80.0.3987.163 Safari/537.36"
204.48.19.85 - - [21/Sep/2020:11:53:44 -0400] "POST /wp-cron.php?doing_wp_cron=1600703624.6255900859832763671875 HTTP/1.1" 200 4137 "https://paranoidmicrobiology.com/wp-cron.php?doing_wp_cron=1600703624.6255900859832763671875" "WordPress/5.3.4; https://paranoidmicrobiology.com"
157.55.39.242 - - [21/Sep/2020:11:53:43 -0400] "GET /product/100-50pcs-rubber-gloves-kitchen-medical-rubber-garden-gloves-universal-for-left-and-right-hand-disposable-medical-latex-gloves/feed/ HTTP/1.1" 404 29498 "-" "Mozilla/5.0 (compatible; bingbot/2.0; +http://www.bing.com/bingbot.htm)"
139.155.16.233 - - [21/Sep/2020:12:04:38 -0400] "GET / HTTP/1.1" 301 564 "-" "Go-http-client/1.1"
204.48.19.85 - - [21/Sep/2020:12:04:40 -0400] "POST /wp-cron.php?doing_wp_cron=1600704280.6855170726776123046875 HTTP/1.1" 200 4137 "https://paranoidmicrobiology.com/wp-cron.php?doing_wp_cron=1600704280.6855170726776123046875" "WordPress/5.3.4; https://paranoidmicrobiology.com"
139.155.16.233 - - [21/Sep/2020:12:04:39 -0400] "GET / HTTP/1.1" 200 17577 "http://paranoidmicrobiology.com" "Go-http-client/1.1"
167.172.56.36 - - [21/Sep/2020:12:07:43 -0400] "GET /wp-login.php HTTP/1.1" 200 7823 "-" "Mozilla/5.0 (X11; Ubuntu; Linux x86_64; rv:62.0) Gecko/20100101 Firefox/62.0"
167.172.56.36 - - [21/Sep/2020:12:07:44 -0400] "POST /wp-login.php HTTP/1.1" 200 7823 "-" "Mozilla/5.0 (X11; Ubuntu; Linux x86_64; rv:62.0) Gecko/20100101 Firefox/62.0"
204.48.19.85 - - [21/Sep/2020:12:07:47 -0400] "POST /wp-cron.php?doing_wp_cron=1600704467.5201559066772460937500 HTTP/1.1" 200 4137 "https://paranoidmicrobiology.com/wp-cron.php?doing_wp_cron=1600704467.5201559066772460937500" "WordPress/5.3.4; https://paranoidmicrobiology.com"
167.172.56.36 - - [21/Sep/2020:12:07:44 -0400] "POST /xmlrpc.php HTTP/1.1" 200 3688 "-" "Mozilla/5.0 (X11; Ubuntu; Linux x86_64; rv:62.0) Gecko/20100101 Firefox/62.0"
204.48.19.85 - - [21/Sep/2020:12:15:32 -0400] "POST /wp-cron.php?doing_wp_cron=1600704932.8983800411224365234375 HTTP/1.1" 200 4137 "https://paranoidmicrobiology.com/wp-cron.php?doing_wp_cron=1600704932.8983800411224365234375" "WordPress/5.3.4; https://paranoidmicrobiology.com"
157.55.39.51 - - [21/Sep/2020:12:15:32 -0400] "GET /product/cute-bear-ear-protective-kids-mouth-mask-windproof-mouth-muffle-anti-dust-winter-masks-children-anti-haze-flu-cotton-face-masks/ HTTP/1.1" 200 20753 "-" "Mozilla/5.0 (compatible; bingbot/2.0; +http://www.bing.com/bingbot.htm)"
66.249.66.130 - - [21/Sep/2020:12:21:50 -0400] "GET /wp-content/uploads/2020/03/Dual-Cartridge-Anti-Dust-Mask-Chemical-Safety-Painting-Gas-Filter-Respirator-with-Goggles-Industrial-Safety-Equipment-300x300.jpg HTTP/1.1" 304 4011 "-" "Googlebot-Image/1.0"
204.48.19.85 - - [21/Sep/2020:12:21:51 -0400] "POST /wp-cron.php?doing_wp_cron=1600705311.6068279743194580078125 HTTP/1.1" 200 4137 "https://paranoidmicrobiology.com/wp-cron.php?doing_wp_cron=1600705311.6068279743194580078125" "WordPress/5.3.4; https://paranoidmicrobiology.com"
66.249.66.128 - - [21/Sep/2020:12:21:50 -0400] "GET /robots.txt HTTP/1.1" 200 4273 "-" "Mozilla/5.0 (compatible; Googlebot/2.1; +http://www.google.com/bot.html)"
204.48.19.85 - - [21/Sep/2020:12:38:37 -0400] "POST /wp-cron.php?doing_wp_cron=1600706317.6179029941558837890625 HTTP/1.1" 200 4137 "https://paranoidmicrobiology.com/wp-cron.php?doing_wp_cron=1600706317.6179029941558837890625" "WordPress/5.3.4; https://paranoidmicrobiology.com"
193.106.30.99 - - [21/Sep/2020:12:38:37 -0400] "POST /wp-content/themes/peekaboo/404.php HTTP/1.1" 404 29889 "-" "Mozilla/5.0 (Macintosh; Intel Mac OS X 10.14; rv:68.0) Gecko/20100101 Firefox/68.0"
204.48.19.85 - - [21/Sep/2020:13:22:55 -0400] "POST /wp-cron.php?doing_wp_cron=1600708975.5992980003356933593750 HTTP/1.1" 200 4137 "https://paranoidmicrobiology.com/wp-cron.php?doing_wp_cron=1600708975.5992980003356933593750" "WordPress/5.3.4; https://paranoidmicrobiology.com"
207.46.13.40 - - [21/Sep/2020:13:22:54 -0400] "GET /product/2pack-empty-plastic-spray-bottles17oz-spray-bottle-squirt-bottle-plastic-spray-bottles-for-cleaning-solutions-disinfectant-e/?rating=4 HTTP/1.1" 200 20204 "-" "Mozilla/5.0 (compatible; bingbot/2.0; +http://www.bing.com/bingbot.htm)"
204.48.19.85 - - [21/Sep/2020:13:46:57 -0400] "POST /wp-cron.php?doing_wp_cron=1600710417.7466690540313720703125 HTTP/1.1" 200 4137 "https://paranoidmicrobiology.com/wp-cron.php?doing_wp_cron=1600710417.7466690540313720703125" "WordPress/5.3.4; https://paranoidmicrobiology.com"
103.240.168.138 - - [21/Sep/2020:13:46:56 -0400] "POST /xmlrpc.php HTTP/1.1" 200 4620 "-" "Mozilla/5.0 (Windows NT 10.0; Win64; x64) AppleWebKit/537.36 (KHTML, like Gecko) Chrome/80.0.3987.163 Safari/537.36"
66.249.66.130 - - [21/Sep/2020:14:01:04 -0400] "GET /robots.txt HTTP/1.1" 404 4260 "-" "Mozilla/5.0 (compatible; Googlebot/2.1; +http://www.google.com/bot.html)"
66.249.66.159 - - [21/Sep/2020:14:01:05 -0400] "GET /product/100-50pcs-rubber-gloves-kitchen-medical-rubber-garden-gloves-universal-for-left-and-right-hand-disposable-medical-latex-gloves/ HTTP/1.1" 404 4260 "-" "Mozilla/5.0 (compatible; Googlebot/2.1; +http://www.google.com/bot.html)"
52.215.84.151 - - [21/Sep/2020:14:27:12 -0400] "GET /wp-login.php HTTP/1.1" 404 3524 "-" "Mozilla/5.0 (X11; Ubuntu; Linux x86_64; rv:62.0) Gecko/20100101 Firefox/62.0"
52.215.84.151 - - [21/Sep/2020:14:27:12 -0400] "POST /wp-login.php HTTP/1.1" 404 3524 "-" "Mozilla/5.0 (X11; Ubuntu; Linux x86_64; rv:62.0) Gecko/20100101 Firefox/62.0"
52.215.84.151 - - [21/Sep/2020:14:27:13 -0400] "POST /xmlrpc.php HTTP/1.1" 404 3524 "-" "Mozilla/5.0 (X11; Ubuntu; Linux x86_64; rv:62.0) Gecko/20100101 Firefox/62.0"
185.191.171.5 - - [21/Sep/2020:14:38:35 -0400] "GET /robots.txt HTTP/1.1" 404 4223 "-" "Mozilla/5.0 (compatible; SemrushBot/6~bl; +http://www.semrush.com/bot.html)"
185.191.171.18 - - [21/Sep/2020:14:38:36 -0400] "GET /product/augienb-wh02-spe-pem-smart-hydrogen-rich-cup-water-bottle-ionizer-maker-generator-alkaline-energy-cup-healthy-anti-aging-gift/ HTTP/1.1" 404 4223 "-" "Mozilla/5.0 (compatible; SemrushBot/6~bl; +http://www.semrush.com/bot.html)"
185.191.171.10 - - [21/Sep/2020:14:46:37 -0400] "GET /wp-content/uploads/2020/03/100pcs-Disposable-Protective-Hand-Protection-Nitrile-Gloves-Gardening-Puncture-Resistant-Work-Safety-Glove-Disposable-Protective.jpe HTTP/1.1" 404 4223 "-" "Mozilla/5.0 (compatible; SemrushBot/6~bl; +http://www.semrush.com/bot.html)"
18.217.223.118 - - [21/Sep/2020:14:53:17 -0400] "GET / HTTP/1.1" 301 601 "-" "Mozilla/5.0 (Windows NT 10.0; Win64; x64) AppleWebKit/537.36 (KHTML, like Gecko) Chrome/70.0.3538.102 Safari/537.36 Edge/18.18363"
18.217.223.118 - - [21/Sep/2020:14:53:17 -0400] "GET / HTTP/1.1" 404 3821 "-" "Mozilla/5.0 (Windows NT 10.0; Win64; x64) AppleWebKit/537.36 (KHTML, like Gecko) Chrome/70.0.3538.102 Safari/537.36 Edge/18.18363"
192.189.128.13 - - [21/Sep/2020:14:53:17 -0400] "GET /wp-content/uploads/2020/03/US-STOCK-20pcs-Standard-NIOSH-N95-Face-Masks-Anti-fog-Haze-Dust-proof-Face-Masks-for-3.jpg HTTP/1.1" 404 3823 "https://www.bing.com/" "Mozilla/5.0 (Windows NT 10.0; Win64; x64) AppleWebKit/537.36 (KHTML, like Gecko) Chrome/70.0.3538.102 Safari/537.36 Edge/18.18363"
192.99.11.48 - - [21/Sep/2020:15:25:38 -0400] "GET /wp-login.php HTTP/1.1" 404 3524 "-" "Mozilla/5.0 (X11; Ubuntu; Linux x86_64; rv:62.0) Gecko/20100101 Firefox/62.0"
192.99.11.48 - - [21/Sep/2020:15:25:38 -0400] "POST /wp-login.php HTTP/1.1" 404 3524 "-" "Mozilla/5.0 (X11; Ubuntu; Linux x86_64; rv:62.0) Gecko/20100101 Firefox/62.0"
192.99.11.48 - - [21/Sep/2020:15:25:38 -0400] "POST /xmlrpc.php HTTP/1.1" 404 3524 "-" "Mozilla/5.0 (X11; Ubuntu; Linux x86_64; rv:62.0) Gecko/20100101 Firefox/62.0"
212.3.193.171 - - [21/Sep/2020:15:31:54 -0400] "GET /wp-content/uploads/2020/03/High-quality-white-Respirator-Gas-Mask-Fire-Control-Military-Pesticides-Gas-Mask-6800-Gas-Mask-non-3.jpg HTTP/1.1" 404 4307 "https://www.bing.com/" "Mozilla/5.0 (Windows NT 10.0; Win64; x64) AppleWebKit/537.36 (KHTML, like Gecko) Chrome/85.0.4183.102 Safari/537.36 Edg/85.0.564.51"
207.46.13.40 - - [21/Sep/2020:15:35:29 -0400] "GET /product/100-50pcs-rubber-gloves-kitchen-medical-rubber-garden-gloves-universal-for-left-and-right-hand-disposable-medical-latex-gloves/ HTTP/1.1" 404 3792 "-" "Mozilla/5.0 (compatible; bingbot/2.0; +http://www.bing.com/bingbot.htm)"
207.46.13.47 - - [21/Sep/2020:15:41:27 -0400] "GET /product/anti-dust-respirator-filter-gas-mask-set-chemical-anti-dust-masks-industrial-paint-spraying-protective-mask-workplace-safety/ HTTP/1.1" 404 3792 "-" "Mozilla/5.0 (compatible; bingbot/2.0; +http://www.bing.com/bingbot.htm)"
66.249.66.130 - - [21/Sep/2020:16:02:26 -0400] "GET /product/15w-ultraviolet-sterilizer-light-disinfection-220v-uvc-lamp-bactericidal-household-home-timer-kill-mite-germicidal-lights/ HTTP/1.1" 404 4260 "-" "Mozilla/5.0 (Linux; Android 6.0.1; Nexus 5X Build/MMB29P) AppleWebKit/537.36 (KHTML, like Gecko) Chrome/85.0.4183.118 Mobile Safari/537.36 (compatible; Googlebot/2.1; +http://www.google.com/bot.html)"
193.106.30.99 - - [21/Sep/2020:16:08:36 -0400] "POST /wp-includes/theme-compat/comay.php?hgmsky HTTP/1.1" 404 4260 "-" "Mozilla/5.0 (Windows NT 10.0; Win64; x64; rv:66.0) Gecko/20100101 Firefox/66.0"
185.191.171.1 - - [21/Sep/2020:16:15:34 -0400] "GET /robots.txt HTTP/1.1" 404 4223 "-" "Mozilla/5.0 (compatible; SemrushBot/6~bl; +http://www.semrush.com/bot.html)"
185.191.171.17 - - [21/Sep/2020:16:15:34 -0400] "GET /product/75-degree-alcohol-medical-disinfectant-75-ethanol-excellent-disinfection-liquid-disposable-hands-alcohol-spray-1-piece/ HTTP/1.1" 404 4223 "-" "Mozilla/5.0 (compatible; SemrushBot/6~bl; +http://www.semrush.com/bot.html)"
185.191.171.18 - - [21/Sep/2020:16:19:50 -0400] "GET /product/instant-10-off-child-kids-face-mask-breathable-3-ply-face-mask-filtration-dust-pm2-5-mouth-masks-respirator-disposable/ HTTP/1.1" 404 4223 "-" "Mozilla/5.0 (compatible; SemrushBot/6~bl; +http://www.semrush.com/bot.html)"
138.68.150.93 - - [21/Sep/2020:16:25:50 -0400] "GET /wp-login.php HTTP/1.1" 404 3524 "-" "Mozilla/5.0 (X11; Ubuntu; Linux x86_64; rv:62.0) Gecko/20100101 Firefox/62.0"
138.68.150.93 - - [21/Sep/2020:16:25:50 -0400] "POST /wp-login.php HTTP/1.1" 404 3524 "-" "Mozilla/5.0 (X11; Ubuntu; Linux x86_64; rv:62.0) Gecko/20100101 Firefox/62.0"
138.68.150.93 - - [21/Sep/2020:16:25:50 -0400] "POST /xmlrpc.php HTTP/1.1" 404 3524 "-" "Mozilla/5.0 (X11; Ubuntu; Linux x86_64; rv:62.0) Gecko/20100101 Firefox/62.0"
157.55.39.198 - - [21/Sep/2020:16:37:56 -0400] "GET /wp-content/uploads/2020/03/Protective-Welding-Goggles-Lenses-Cutting-Grinding-Welding-Eye-Protector-Labour-Working-Safety-Eyewear-Flip-Up-Cover-300x300.jpg HTTP/1.1" 404 3792 "-" "Mozilla/5.0 (compatible; bingbot/2.0; +http://www.bing.com/bingbot.htm)"
157.55.39.245 - - [21/Sep/2020:16:40:20 -0400] "GET /wp-content/plugins/woo-photo-reviews/js/masonry.js?ver=1.1.3.5 HTTP/1.1" 404 3792 "-" "Mozilla/5.0 (compatible; bingbot/2.0; +http://www.bing.com/bingbot.htm)"
157.55.39.198 - - [21/Sep/2020:16:40:24 -0400] "GET /wp-content/plugins/woocommerce/assets/css/photoswipe/photoswipe.min.css?ver=4.2.2 HTTP/1.1" 404 3792 "-" "Mozilla/5.0 (compatible; bingbot/2.0; +http://www.bing.com/bingbot.htm)"
157.55.39.198 - - [21/Sep/2020:16:40:24 -0400] "GET /wp-content/plugins/woocommerce/assets/js/frontend/single-product.min.js?ver=4.2.2 HTTP/1.1" 404 532 "-" "Mozilla/5.0 (compatible; bingbot/2.0; +http://www.bing.com/bingbot.htm)"
207.46.13.176 - - [21/Sep/2020:16:40:29 -0400] "GET /wp-content/plugins/woo-photo-reviews/css/masonry.css?ver=1.1.3.5 HTTP/1.1" 404 3792 "-" "Mozilla/5.0 (compatible; bingbot/2.0; +http://www.bing.com/bingbot.htm)"
207.46.13.176 - - [21/Sep/2020:16:40:29 -0400] "GET /wp-content/plugins/woocommerce/assets/css/woocommerce-smallscreen.css?ver=4.2.2 HTTP/1.1" 404 532 "-" "Mozilla/5.0 (compatible; bingbot/2.0; +http://www.bing.com/bingbot.htm)"
207.46.13.40 - - [21/Sep/2020:16:40:39 -0400] "GET /wp-content/plugins/woo-photo-reviews/css/style.css?ver=1.1.3.5 HTTP/1.1" 404 3792 "-" "Mozilla/5.0 (compatible; bingbot/2.0; +http://www.bing.com/bingbot.htm)"
207.46.13.40 - - [21/Sep/2020:16:40:39 -0400] "GET /wp-content/plugins/woocommerce/packages/woocommerce-blocks/build/style.css?ver=2.5.16 HTTP/1.1" 404 532 "-" "Mozilla/5.0 (compatible; bingbot/2.0; +http://www.bing.com/bingbot.htm)"
207.46.13.151 - - [21/Sep/2020:16:40:49 -0400] "GET /wp-content/plugins/woocommerce/assets/js/frontend/woocommerce.min.js?ver=4.2.2 HTTP/1.1" 404 3792 "-" "Mozilla/5.0 (compatible; bingbot/2.0; +http://www.bing.com/bingbot.htm)"
207.46.13.47 - - [21/Sep/2020:16:40:59 -0400] "GET /wp-content/plugins/woocommerce/assets/css/photoswipe/default-skin/default-skin.min.css?ver=4.2.2 HTTP/1.1" 404 3792 "-" "Mozilla/5.0 (compatible; bingbot/2.0; +http://www.bing.com/bingbot.htm)"
207.46.13.47 - - [21/Sep/2020:16:40:59 -0400] "GET /wp-content/plugins/woocommerce/assets/css/woocommerce.css?ver=4.2.2 HTTP/1.1" 404 532 "-" "Mozilla/5.0 (compatible; bingbot/2.0; +http://www.bing.com/bingbot.htm)"
157.55.39.242 - - [21/Sep/2020:16:41:12 -0400] "GET /wp-content/plugins/woo-photo-reviews/css/woocommerce-photo-reviews-badge.css?ver=1.1.3.5 HTTP/1.1" 404 3792 "-" "Mozilla/5.0 (compatible; bingbot/2.0; +http://www.bing.com/bingbot.htm)"
157.55.39.242 - - [21/Sep/2020:16:41:12 -0400] "GET /wp-content/plugins/woocommerce/assets/css/woocommerce-layout.css?ver=4.2.2 HTTP/1.1" 404 532 "-" "Mozilla/5.0 (compatible; bingbot/2.0; +http://www.bing.com/bingbot.htm)"
40.77.167.95 - - [21/Sep/2020:16:43:53 -0400] "GET /wp-content/plugins/woocommerce/assets/js/frontend/cart-fragments.min.js?ver=4.2.2 HTTP/1.1" 404 3792 "-" "Mozilla/5.0 (compatible; bingbot/2.0; +http://www.bing.com/bingbot.htm)"
66.249.66.159 - - [21/Sep/2020:17:02:51 -0400] "GET /product/50pcs-blue-durable-nitrile-disposable-gloves-rubber-food-gloves-universal-household-cleaning-gloves-kitchen-accessories-s-m-l/ HTTP/1.1" 404 4260 "-" "Mozilla/5.0 (Linux; Android 6.0.1; Nexus 5X Build/MMB29P) AppleWebKit/537.36 (KHTML, like Gecko) Chrome/85.0.4183.118 Mobile Safari/537.36 (compatible; Googlebot/2.1; +http://www.google.com/bot.html)"
192.99.11.48 - - [21/Sep/2020:17:28:01 -0400] "GET /wp-login.php HTTP/1.1" 404 3524 "-" "Mozilla/5.0 (X11; Ubuntu; Linux x86_64; rv:62.0) Gecko/20100101 Firefox/62.0"
192.99.11.48 - - [21/Sep/2020:17:28:01 -0400] "POST /wp-login.php HTTP/1.1" 404 3524 "-" "Mozilla/5.0 (X11; Ubuntu; Linux x86_64; rv:62.0) Gecko/20100101 Firefox/62.0"
192.99.11.48 - - [21/Sep/2020:17:28:01 -0400] "POST /xmlrpc.php HTTP/1.1" 404 3524 "-" "Mozilla/5.0 (X11; Ubuntu; Linux x86_64; rv:62.0) Gecko/20100101 Firefox/62.0"
207.46.13.176 - - [21/Sep/2020:17:28:26 -0400] "GET /product/handheld-uv-sterilization-lamp-portable-disinfection-light-mini-sanitizer-for-home-office-travel-kill-virus-germ-household/ HTTP/1.1" 404 3792 "-" "Mozilla/5.0 (compatible; bingbot/2.0; +http://www.bing.com/bingbot.htm)"
40.77.189.170 - - [21/Sep/2020:17:41:22 -0400] "GET /wp-content/plugins/woo-photo-reviews/css/style.css?ver=1.1.3.5 HTTP/1.1" 404 3823 "-" "Mozilla/5.0 (Windows NT 6.1; WOW64) AppleWebKit/534+ (KHTML, like Gecko) BingPreview/1.0b"
40.77.189.41 - - [21/Sep/2020:17:41:22 -0400] "GET /wp-content/plugins/woocommerce/packages/woocommerce-blocks/build/style.css?ver=2.5.16 HTTP/1.1" 404 3823 "-" "Mozilla/5.0 (Windows NT 6.1; WOW64) AppleWebKit/534+ (KHTML, like Gecko) BingPreview/1.0b"
40.77.189.201 - - [21/Sep/2020:17:41:22 -0400] "GET /wp-content/plugins/woo-photo-reviews/css/masonry.css?ver=1.1.3.5 HTTP/1.1" 404 3823 "-" "Mozilla/5.0 (Windows NT 6.1; WOW64) AppleWebKit/534+ (KHTML, like Gecko) BingPreview/1.0b"
40.77.189.201 - - [21/Sep/2020:17:41:22 -0400] "GET /wp-content/plugins/jetpack/css/jetpack.css?ver=8.7 HTTP/1.1" 404 532 "-" "Mozilla/5.0 (Windows NT 6.1; WOW64) AppleWebKit/534+ (KHTML, like Gecko) BingPreview/1.0b"
40.77.189.100 - - [21/Sep/2020:17:41:22 -0400] "GET /wp-content/plugins/woo-photo-reviews/js/script.js?ver=1.1.3.5 HTTP/1.1" 404 3823 "-" "Mozilla/5.0 (Windows NT 6.1; WOW64) AppleWebKit/534+ (KHTML, like Gecko) BingPreview/1.0b"
40.77.189.170 - - [21/Sep/2020:17:41:22 -0400] "GET /wp-content/plugins/woocommerce/assets/js/frontend/add-to-cart.min.js?ver=4.2.2 HTTP/1.1" 404 532 "-" "Mozilla/5.0 (Windows NT 6.1; WOW64) AppleWebKit/534+ (KHTML, like Gecko) BingPreview/1.0b"
40.77.190.110 - - [21/Sep/2020:17:41:23 -0400] "GET /wp-content/plugins/woocommerce/assets/css/woocommerce-smallscreen.css?ver=4.2.2 HTTP/1.1" 404 3823 "-" "Mozilla/5.0 (Windows NT 6.1; WOW64) AppleWebKit/534+ (KHTML, like Gecko) BingPreview/1.0b"
66.249.66.130 - - [21/Sep/2020:18:02:46 -0400] "GET /product/38w-110v-220v-ultraviolet-uvc-sterilizer-light-germicidal-tube-disinfection-home-253-7nm-lamp-office-ozone-kill-mite-lights/ HTTP/1.1" 404 4260 "-" "Mozilla/5.0 (compatible; Googlebot/2.1; +http://www.google.com/bot.html)"
193.106.30.99 - - [21/Sep/2020:18:09:03 -0400] "POST /wp-content/plugins/caches.php HTTP/1.1" 404 4260 "-" "Mozilla/5.0 (Windows NT 10.0; Win64; x64) AppleWebKit/537.36 (KHTML, like Gecko) Chrome/74.0.3729.169 Safari/537.36"
207.46.13.40 - - [21/Sep/2020:18:20:21 -0400] "GET /product/2019-air-purifier-for-home-with-true-hepa-filter-large-room-air-cleaner-for-allergies-and-pets-odor-eliminator-for-smers/ HTTP/1.1" 404 3792 "-" "Mozilla/5.0 (compatible; bingbot/2.0; +http://www.bing.com/bingbot.htm)"
66.249.66.159 - - [21/Sep/2020:18:22:45 -0400] "GET /product/personal-rechargeable-and-portable-air-purifier-negative-ion-generator-purifies-air-eliminating-germs-dust-viruses-bacteria/ HTTP/1.1" 404 4260 "-" "Mozilla/5.0 (Linux; Android 6.0.1; Nexus 5X Build/MMB29P) AppleWebKit/537.36 (KHTML, like Gecko) Chrome/85.0.4183.118 Mobile Safari/537.36 (compatible; Googlebot/2.1; +http://www.google.com/bot.html)"
142.4.211.222 - - [21/Sep/2020:18:24:20 -0400] "GET /wp-login.php HTTP/1.1" 404 3524 "-" "Mozilla/5.0 (X11; Ubuntu; Linux x86_64; rv:62.0) Gecko/20100101 Firefox/62.0"
142.4.211.222 - - [21/Sep/2020:18:24:20 -0400] "POST /wp-login.php HTTP/1.1" 404 3524 "-" "Mozilla/5.0 (X11; Ubuntu; Linux x86_64; rv:62.0) Gecko/20100101 Firefox/62.0"
142.4.211.222 - - [21/Sep/2020:18:24:21 -0400] "POST /xmlrpc.php HTTP/1.1" 404 3524 "-" "Mozilla/5.0 (X11; Ubuntu; Linux x86_64; rv:62.0) Gecko/20100101 Firefox/62.0"
207.46.13.40 - - [21/Sep/2020:18:25:08 -0400] "GET /wp-content/uploads/2020/03/Home-Air-Purifier-with-True-HEPA-Filter-for-Allergies-and-Pets-Smoke-Mold-Germs-and-Dust-3.jpg HTTP/1.1" 404 3792 "-" "Mozilla/5.0 (compatible; bingbot/2.0; +http://www.bing.com/bingbot.htm)"
207.46.13.218 - - [21/Sep/2020:18:27:57 -0400] "GET /robots.txt HTTP/1.1" 404 3750 "-" "Mozilla/5.0 (compatible; bingbot/2.0; +http://www.bing.com/bingbot.htm)"
207.46.13.218 - - [21/Sep/2020:18:27:57 -0400] "GET /robots.txt HTTP/1.1" 404 3792 "-" "Mozilla/5.0 (compatible; bingbot/2.0; +http://www.bing.com/bingbot.htm)"
185.65.246.101 - - [21/Sep/2020:18:33:48 -0400] "GET /wp-login.php HTTP/1.1" 404 3524 "-" "Mozilla/5.0 (X11; Ubuntu; Linux x86_64; rv:62.0) Gecko/20100101 Firefox/62.0"
185.65.246.101 - - [21/Sep/2020:18:33:48 -0400] "POST /wp-login.php HTTP/1.1" 404 3524 "-" "Mozilla/5.0 (X11; Ubuntu; Linux x86_64; rv:62.0) Gecko/20100101 Firefox/62.0"
185.65.246.101 - - [21/Sep/2020:18:33:49 -0400] "POST /xmlrpc.php HTTP/1.1" 404 3524 "-" "Mozilla/5.0 (X11; Ubuntu; Linux x86_64; rv:62.0) Gecko/20100101 Firefox/62.0"
185.191.171.9 - - [21/Sep/2020:19:02:48 -0400] "GET /robots.txt HTTP/1.1" 404 4223 "-" "Mozilla/5.0 (compatible; SemrushBot/6~bl; +http://www.semrush.com/bot.html)"
185.191.171.22 - - [21/Sep/2020:19:02:49 -0400] "GET /wp-login.php?redirect_to=https%3A%2F%2Fparanoidmicrobiology.com%2Fproduct%2F50pc-10-20-100-in-stock-face-masks-3-layer-mouth-mask-disposable-mask-non-woven-anti-dust-safe-breathable-ear-loop-for-men-women%2F HTTP/1.1" 404 4223 "-" "Mozilla/5.0 (compatible; SemrushBot/6~bl; +http://www.semrush.com/bot.html)"
157.55.39.51 - - [21/Sep/2020:19:18:19 -0400] "GET /wp-content/uploads/2020/03/Anti-infection-Gloves-100pcs-lot-Food-Grade-Waterproof-Allergy-Free-Disposable-Work-Safety-Gloves-ffp3-Glove-300x300.jpg HTTP/1.1" 404 3792 "-" "Mozilla/5.0 (compatible; bingbot/2.0; +http://www.bing.com/bingbot.htm)"
207.46.13.47 - - [21/Sep/2020:19:22:29 -0400] "GET /product/100pcs-disposable-nitrile-latex-gloves-white-protective-gloves-household-cleaning-products-flexible-anti-static-properties1/?image=1 HTTP/1.1" 404 3792 "-" "Mozilla/5.0 (compatible; bingbot/2.0; +http://www.bing.com/bingbot.htm)"
66.249.66.130 - - [21/Sep/2020:19:29:43 -0400] "GET /.well-known/assetlinks.json HTTP/1.1" 404 4260 "-" "Mozilla/5.0 (compatible; Googlebot/2.1; +http://www.google.com/bot.html)"
185.191.171.4 - - [21/Sep/2020:19:33:01 -0400] "GET /product/anti-impact-shockproof-basketball-soccer-football-sports-protective-eyewear-goggles-eye-safety-glasses-sport-dribbling-glasses/ HTTP/1.1" 404 4223 "-" "Mozilla/5.0 (compatible; SemrushBot/6~bl; +http://www.semrush.com/bot.html)"
185.191.171.14 - - [21/Sep/2020:19:35:47 -0400] "GET /wp-login.php?redirect_to=https%3A%2F%2Fparanoidmicrobiology.com%2Fproduct%2Fantifungal-nail-infection-herbal-stratum-corneum-care-solution-nail-oil-nutrition-pen-repair-essence-oil-finger-products-tslm1%2F HTTP/1.1" 404 4223 "-" "Mozilla/5.0 (compatible; SemrushBot/6~bl; +http://www.semrush.com/bot.html)"
193.106.30.99 - - [21/Sep/2020:19:37:41 -0400] "POST /wp-content/plugins/fAaWBH.php HTTP/1.1" 404 4260 "-" "Mozilla/5.0 (Windows NT 10.0; Win64; x64) AppleWebKit/537.36 (KHTML, like Gecko) Chrome/74.0.3729.169 Safari/537.36"
167.99.108.13 - - [21/Sep/2020:19:41:25 -0400] "GET /wp-login.php HTTP/1.1" 404 3524 "-" "Mozilla/5.0 (X11; Ubuntu; Linux x86_64; rv:62.0) Gecko/20100101 Firefox/62.0"
167.99.108.13 - - [21/Sep/2020:19:41:25 -0400] "POST /wp-login.php HTTP/1.1" 404 3524 "-" "Mozilla/5.0 (X11; Ubuntu; Linux x86_64; rv:62.0) Gecko/20100101 Firefox/62.0"
167.99.108.13 - - [21/Sep/2020:19:41:25 -0400] "POST /xmlrpc.php HTTP/1.1" 404 3524 "-" "Mozilla/5.0 (X11; Ubuntu; Linux x86_64; rv:62.0) Gecko/20100101 Firefox/62.0"
207.46.13.40 - - [21/Sep/2020:19:46:31 -0400] "GET /wp-content/uploads/2020/03/55ml-Travel-Portable-Hand-Sanitizer-Gel-Anti-Bacteria-Moisturizing-Liquid-Disposable-No-Clean-Waterless-Antibacterial-Hand-2.jpg HTTP/1.1" 404 3792 "-" "Mozilla/5.0 (compatible; bingbot/2.0; +http://www.bing.com/bingbot.htm)"
24.185.113.207 - - [21/Sep/2020:20:00:16 -0400] "GET /wp-content/uploads/2020/03/Disposable-Alcohol-Wipes-Sterilization-Portable-Wipes-Antibacterial-Cleaning-Skin-Cleaning-Care-1.jpg HTTP/1.1" 404 4307 "https://www.google.com/blank.html" "Mozilla/5.0 (Macintosh; Intel Mac OS X 10_12_6) AppleWebKit/537.36 (KHTML, like Gecko) Chrome/84.0.4147.105 Safari/537.36 OPR/70.0.3728.106"
207.46.13.176 - - [21/Sep/2020:20:19:55 -0400] "GET /?add-to-cart=2699 HTTP/1.1" 404 3792 "-" "Mozilla/5.0 (compatible; bingbot/2.0; +http://www.bing.com/bingbot.htm)"
101.78.143.162 - - [21/Sep/2020:20:25:22 -0400] "GET /product/15w-ultraviolet-sterilizer-light-disinfection-220v-uvc-lamp-bactericidal-household-home-timer-kill-mite-germicidal-lights/ HTTP/1.1" 404 4307 "https://www.google.com/" "Mozilla/5.0 (Windows NT 10.0; Win64; x64) AppleWebKit/537.36 (KHTML, like Gecko) Chrome/85.0.4183.102 Safari/537.36"
101.78.143.162 - - [21/Sep/2020:20:25:22 -0400] "GET /favicon.ico HTTP/1.1" 404 525 "https://paranoidmicrobiology.com/product/15w-ultraviolet-sterilizer-light-disinfection-220v-uvc-lamp-bactericidal-household-home-timer-kill-mite-germicidal-lights/" "Mozilla/5.0 (Windows NT 10.0; Win64; x64) AppleWebKit/537.36 (KHTML, like Gecko) Chrome/85.0.4183.102 Safari/537.36"
193.106.30.99 - - [21/Sep/2020:20:46:56 -0400] "POST /wp-admin/includes/wp-cods.php HTTP/1.1" 404 4260 "-" "Mozilla/5.0 (Windows NT 10.0; Win64; x64; rv:67.0) Gecko/20100101 Firefox/67.0"
158.69.248.120 - - [21/Sep/2020:20:51:25 -0400] "GET /wp-login.php HTTP/1.1" 404 3524 "-" "Mozilla/5.0 (X11; Ubuntu; Linux x86_64; rv:62.0) Gecko/20100101 Firefox/62.0"
158.69.248.120 - - [21/Sep/2020:20:51:25 -0400] "POST /wp-login.php HTTP/1.1" 404 3524 "-" "Mozilla/5.0 (X11; Ubuntu; Linux x86_64; rv:62.0) Gecko/20100101 Firefox/62.0"
158.69.248.120 - - [21/Sep/2020:20:51:25 -0400] "POST /xmlrpc.php HTTP/1.1" 404 3524 "-" "Mozilla/5.0 (X11; Ubuntu; Linux x86_64; rv:62.0) Gecko/20100101 Firefox/62.0"
207.46.13.218 - - [21/Sep/2020:20:53:56 -0400] "GET /robots.txt HTTP/1.1" 404 3750 "-" "Mozilla/5.0 (compatible; bingbot/2.0; +http://www.bing.com/bingbot.htm)"
207.46.13.218 - - [21/Sep/2020:20:53:56 -0400] "GET /robots.txt HTTP/1.1" 404 3792 "-" "Mozilla/5.0 (compatible; bingbot/2.0; +http://www.bing.com/bingbot.htm)"
40.77.167.95 - - [21/Sep/2020:21:21:07 -0400] "GET /wp-content/uploads/2020/03/5-10-20-50pcs-Mouth-Mask-Disposable-Black-Cotton-Mouth-Face-Masks-Non-Woven-Anti-Dust-300x300.jpg HTTP/1.1" 404 3792 "-" "Mozilla/5.0 (compatible; bingbot/2.0; +http://www.bing.com/bingbot.htm)"
185.191.171.33 - - [21/Sep/2020:21:24:38 -0400] "GET /robots.txt HTTP/1.1" 404 4223 "-" "Mozilla/5.0 (compatible; SemrushBot/6~bl; +http://www.semrush.com/bot.html)"
185.191.171.14 - - [21/Sep/2020:21:24:38 -0400] "GET /product/530ml-outdoor-cleansing-fluid-travel-portable-mini-hand-sanitizer-disposable-no-clean-waterless-scented-gel-leak-proof-new/ HTTP/1.1" 404 4223 "-" "Mozilla/5.0 (compatible; SemrushBot/6~bl; +http://www.semrush.com/bot.html)"
193.106.30.99 - - [21/Sep/2020:21:36:12 -0400] "POST /wp-content/themes/porto/footer.php HTTP/1.1" 404 4260 "-" "Mozilla/5.0 (Windows NT 10.0; Win64; x64; rv:66.0) Gecko/20100101 Firefox/66.0"
66.249.66.128 - - [21/Sep/2020:21:36:22 -0400] "GET /product/respirator-gas-mask-anti-dust-organic-air-acid-gas-ammonia-gas-safety-helmet-industry-painting-spraying-gas-mask-promotion/ HTTP/1.1" 404 4260 "-" "Mozilla/5.0 (Linux; Android 6.0.1; Nexus 5X Build/MMB29P) AppleWebKit/537.36 (KHTML, like Gecko) Chrome/85.0.4183.115 Mobile Safari/537.36 (compatible; Googlebot/2.1; +http://www.google.com/bot.html)"
193.106.30.99 - - [21/Sep/2020:21:39:26 -0400] "POST /wp-content/plugins/thumbnail.php HTTP/1.1" 404 4260 "-" "Mozilla/5.0 (Windows NT 10.0; Win64; x64; rv:67.0) Gecko/20100101 Firefox/67.0"
193.106.30.99 - - [21/Sep/2020:21:41:29 -0400] "GET /wp-includes/mvp.php HTTP/1.1" 404 4260 "-" "Mozilla/5.0 (Windows NT 10.0; Win64; x64) AppleWebKit/537.36 (KHTML, like Gecko) Chrome/74.0.3729.157 Safari/537.36"
207.46.13.47 - - [21/Sep/2020:22:03:17 -0400] "GET /wp-content/uploads/2020/03/100pcs-Disposable-Alcohol-Pads-Alcohol-Wipes-Sterilization-Nail-cleaning-First-Aid-Antibacterial-Cleanser-Household-Health-1-6-600x600.jpe HTTP/1.1" 404 3792 "-" "Mozilla/5.0 (compatible; bingbot/2.0; +http://www.bing.com/bingbot.htm)"
159.65.86.9 - - [21/Sep/2020:22:04:30 -0400] "GET /wp-login.php HTTP/1.1" 404 3524 "-" "Mozilla/5.0 (X11; Ubuntu; Linux x86_64; rv:62.0) Gecko/20100101 Firefox/62.0"
159.65.86.9 - - [21/Sep/2020:22:04:36 -0400] "POST /wp-login.php HTTP/1.1" 404 3524 "-" "Mozilla/5.0 (X11; Ubuntu; Linux x86_64; rv:62.0) Gecko/20100101 Firefox/62.0"
159.65.86.9 - - [21/Sep/2020:22:04:36 -0400] "POST /xmlrpc.php HTTP/1.1" 404 3524 "-" "Mozilla/5.0 (X11; Ubuntu; Linux x86_64; rv:62.0) Gecko/20100101 Firefox/62.0"
175.159.252.100 - - [21/Sep/2020:22:26:46 -0400] "GET /wp-content/uploads/2020/03/15W-Ultraviolet-Sterilizer-Light-Disinfection-220V-UVC-Lamp-Bactericidal-Household-Home-Timer-Kill-Mite-Germicidal-Lights-1.jpg HTTP/1.1" 404 4307 "https://www.google.com/" "Mozilla/5.0 (Windows NT 10.0; Win64; x64) AppleWebKit/537.36 (KHTML, like Gecko) Chrome/85.0.4183.102 Safari/537.36"
104.247.78.100 - - [21/Sep/2020:22:27:29 -0400] "GET /wp-login.php HTTP/1.1" 301 569 "-" "Mozilla"
104.247.78.100 - - [21/Sep/2020:22:27:29 -0400] "GET /wp-login.php HTTP/1.1" 404 4204 "http://paranoidmicrobiology.com/wp-login.php" "Mozilla"
104.247.78.100 - - [21/Sep/2020:22:27:29 -0400] "GET /index.php?token=0134067faebe88f84d9e3425466254fb HTTP/1.1" 404 4204 "-" "Mozilla/5.0 (Windows NT 10.0; WOW64) AppleWebKit/537.36 (KHTML, like Gecko) Chrome/84.0.4147.125 Safari/537.36"
104.247.78.100 - - [21/Sep/2020:22:27:29 -0400] "GET /wp-content/mu-plugins/fgjfgjfgjrt.php HTTP/1.1" 404 470 "-" "Mozilla"
104.247.78.100 - - [21/Sep/2020:22:27:29 -0400] "GET /wp-content/mu-pluginsss HTTP/1.1" 404 470 "-" "Mozilla"
104.247.78.100 - - [21/Sep/2020:22:27:29 -0400] "GET /wp-content/mu-plugins/rms_unique_wp_mu_pl_fl_nm.php HTTP/1.1" 404 470 "-" "Mozilla"
104.247.78.100 - - [21/Sep/2020:22:27:29 -0400] "GET /wp-admin/admin-ajax.php HTTP/1.1" 404 470 "-" "Moza"
104.247.78.100 - - [21/Sep/2020:22:27:29 -0400] "GET /wp-content/plugins/wp-file-manager/lib/php/connector.minimal.php HTTP/1.1" 404 470 "-" "Mozilla"
104.247.78.100 - - [21/Sep/2020:22:27:29 -0400] "GET /wp-content/plugins/wp-file-manager/lib/files/n.php HTTP/1.1" 404 470 "-" "Mozilla"
104.247.78.100 - - [21/Sep/2020:22:27:29 -0400] "GET /wp-content/plugins/wp-file-manager/lib/files/accesson.php HTTP/1.1" 404 470 "-" "Mozilla"
104.247.78.100 - - [21/Sep/2020:22:27:29 -0400] "GET /wp-content/plugins/wp-file-manager/lib/files/upload.php HTTP/1.1" 404 470 "-" "Mozilla"
104.247.78.100 - - [21/Sep/2020:22:27:29 -0400] "GET /wp-content/plugins/wp-file-manager/lib/files/thumbs.php HTTP/1.1" 404 470 "-" "Mozilla"
104.247.78.100 - - [21/Sep/2020:22:27:29 -0400] "GET /wp-content/plugins/wp-file-manager/lib/files/x.php HTTP/1.1" 404 470 "-" "Mozilla"
104.247.78.100 - - [21/Sep/2020:22:27:29 -0400] "POST /wp-login.php HTTP/1.1" 404 470 "-" "Moz"
104.247.78.100 - - [21/Sep/2020:22:27:29 -0400] "GET /wp-admin HTTP/1.1" 404 4204 "-" "Moz"
104.247.78.100 - - [21/Sep/2020:22:27:29 -0400] "POST /wp-login.php HTTP/1.1" 404 4204 "-" "Moz"
104.247.78.100 - - [21/Sep/2020:22:27:29 -0400] "GET /wp-admin HTTP/1.1" 404 4204 "-" "Moz"
104.247.78.100 - - [21/Sep/2020:22:27:29 -0400] "POST /wp-login.php HTTP/1.1" 404 4204 "-" "Moz"
104.247.78.100 - - [21/Sep/2020:22:27:29 -0400] "GET /wp-admin HTTP/1.1" 404 4204 "-" "Moz"
104.247.78.100 - - [21/Sep/2020:22:27:29 -0400] "GET /wp-1ogin_bak.php HTTP/1.1" 404 470 "-" "Mozilla"
104.247.78.100 - - [21/Sep/2020:22:27:29 -0400] "GET /ups.php HTTP/1.1" 404 470 "-" "Mozilla"
104.247.78.100 - - [21/Sep/2020:22:27:29 -0400] "POST / HTTP/1.1" 404 4204 "-" "Mozilla"
104.247.78.100 - - [21/Sep/2020:22:27:29 -0400] "POST /wp-stream.php HTTP/1.1" 404 470 "-" "Mozilla"
104.247.78.100 - - [21/Sep/2020:22:27:29 -0400] "POST /accesson.php HTTP/1.1" 404 470 "-" "Mozilla"
104.247.78.100 - - [21/Sep/2020:22:27:29 -0400] "GET /wp-content/plugins/quiz-master-next/js/admin.js HTTP/1.1" 404 470 "-" "Mozilla"
104.247.78.100 - - [21/Sep/2020:22:27:29 -0400] "GET /index.php?rest_route=/wp/v2/posts/ HTTP/1.1" 404 470 "-" "Mozilla"
157.55.39.198 - - [21/Sep/2020:22:44:29 -0400] "GET /product/12pcs-washing-machine-tank-cleaning-agent-stain-dirt-removal-tablets-odor-removal-antibacterial/ HTTP/1.1" 404 3792 "-" "Mozilla/5.0 (compatible; bingbot/2.0; +http://www.bing.com/bingbot.htm)"
66.249.66.130 - - [21/Sep/2020:23:12:37 -0400] "GET /product/3-ml-fungus-nail-treatment-pen-armor-paronychia-antifungal-nail-infection-herbal-layer-cuticle-care-solution-tslm2/ HTTP/1.1" 404 4260 "-" "Mozilla/5.0 (compatible; Googlebot/2.1; +http://www.google.com/bot.html)"
193.106.30.99 - - [21/Sep/2020:23:14:50 -0400] "POST /wp-includes/SimplePie/Parse/Parse.php?ghst=1 HTTP/1.1" 404 4260 "-" "Mozilla/5.0 (Windows NT 10.0; Win64; x64; rv:66.0) Gecko/20100101 Firefox/66.0"
157.245.101.251 - - [21/Sep/2020:23:20:22 -0400] "GET /wp-login.php HTTP/1.1" 404 3524 "-" "Mozilla/5.0 (X11; Ubuntu; Linux x86_64; rv:62.0) Gecko/20100101 Firefox/62.0"
157.245.101.251 - - [21/Sep/2020:23:20:23 -0400] "POST /wp-login.php HTTP/1.1" 404 3524 "-" "Mozilla/5.0 (X11; Ubuntu; Linux x86_64; rv:62.0) Gecko/20100101 Firefox/62.0"
157.245.101.251 - - [21/Sep/2020:23:20:24 -0400] "POST /xmlrpc.php HTTP/1.1" 404 3524 "-" "Mozilla/5.0 (X11; Ubuntu; Linux x86_64; rv:62.0) Gecko/20100101 Firefox/62.0"
193.106.30.99 - - [21/Sep/2020:23:23:44 -0400] "POST /wp-content/themes/twentyseventeen/404.php HTTP/1.1" 404 4260 "-" "Mozilla/5.0 (Windows NT 10.0; Win64; x64) AppleWebKit/537.36 (KHTML, like Gecko) Chrome/74.0.3729.169 Safari/537.36"
207.46.13.40 - - [21/Sep/2020:23:30:01 -0400] "GET /wp-content/uploads/2020/03/Safety-Mouth-Knitted-Flannel-Nitrile-Gloves-Full-Double-Plane-Oil-And-Alkali-Oil-Machinery-Gas-Station-3.jpg HTTP/1.1" 404 3792 "-" "Mozilla/5.0 (compatible; bingbot/2.0; +http://www.bing.com/bingbot.htm)"
185.191.171.35 - - [21/Sep/2020:23:43:20 -0400] "GET /robots.txt HTTP/1.1" 404 4223 "-" "Mozilla/5.0 (compatible; SemrushBot/6~bl; +http://www.semrush.com/bot.html)"
185.191.171.24 - - [21/Sep/2020:23:43:21 -0400] "GET /wp-login.php?redirect_to=https%3A%2F%2Fparanoidmicrobiology.com%2Fproduct%2Fpersonal-rechargeable-and-portable-air-purifier-negative-ion-generator-purifies-air-eliminating-germs-dust-viruses-bacteria%2F HTTP/1.1" 404 4223 "-" "Mozilla/5.0 (compatible; SemrushBot/6~bl; +http://www.semrush.com/bot.html)"
