66.249.66.146 - - [29/Sep/2020:01:02:00 -0400] "GET /product/handheld-uv-sterilization-lamp-portable-disinfection-light-mini-sanitizer-for-home-office-travel-kill-virus-germ-household/ HTTP/1.1" 404 4260 "-" "Mozilla/5.0 (Linux; Android 6.0.1; Nexus 5X Build/MMB29P) AppleWebKit/537.36 (KHTML, like Gecko) Chrome/85.0.4183.132 Mobile Safari/537.36 (compatible; Googlebot/2.1; +http://www.google.com/bot.html)"
157.55.39.191 - - [29/Sep/2020:01:19:29 -0400] "GET /2020/03/24/hello-world/ HTTP/1.1" 404 3792 "-" "Mozilla/5.0 (compatible; bingbot/2.0; +http://www.bing.com/bingbot.htm)"
207.46.13.16 - - [29/Sep/2020:01:26:34 -0400] "GET /wp-content/uploads/2020/03/Anti-infection-Gloves-100pcs-lot-Food-Grade-Waterproof-Allergy-Free-Disposable-Work-Safety-Gloves-ffp3-Glove-300x300.jpg HTTP/1.1" 404 3792 "-" "Mozilla/5.0 (compatible; bingbot/2.0; +http://www.bing.com/bingbot.htm)"
207.46.13.234 - - [29/Sep/2020:01:46:45 -0400] "GET /wp-content/uploads/2020/03/100pcs-Disposable-Protective-Hand-Protection-Nitrile-Gloves-Gardening-Puncture-Resistant-Work-Safety-Glove-Disposable-Protective-4-600x600.jpe HTTP/1.1" 404 3792 "-" "Mozilla/5.0 (compatible; bingbot/2.0; +http://www.bing.com/bingbot.htm)"
185.191.171.8 - - [29/Sep/2020:01:56:22 -0400] "GET /robots.txt HTTP/1.1" 404 4223 "-" "Mozilla/5.0 (compatible; SemrushBot/6~bl; +http://www.semrush.com/bot.html)"
185.191.171.23 - - [29/Sep/2020:01:56:22 -0400] "GET /wp-login.php?redirect_to=https%3A%2F%2Fparanoidmicrobiology.com%2Fproduct%2Ftap-water-purifier-kitchen-faucet-washable-ceramic-percolator-mini-water-filter-filtro-rust-bacteria-removal-replacement-filter%2F HTTP/1.1" 404 4223 "-" "Mozilla/5.0 (compatible; SemrushBot/6~bl; +http://www.semrush.com/bot.html)"
207.46.13.234 - - [29/Sep/2020:02:28:19 -0400] "GET /wp-content/uploads/2020/03/30ml-Cartoon-Animal-Rabbit-Fox-Cat-Travel-Portable-Mini-Hand-Sanitizer-Disposable-No-Clean-Waterless-Fresh-3.jpg HTTP/1.1" 404 3792 "-" "Mozilla/5.0 (compatible; bingbot/2.0; +http://www.bing.com/bingbot.htm)"
209.17.96.98 - - [29/Sep/2020:02:28:20 -0400] "GET / HTTP/1.1" 301 545 "-" "Mozilla/5.0 (compatible; Nimbostratus-Bot/v1.3.2; http://cloudsystemnetworks.com)"
207.46.13.15 - - [29/Sep/2020:02:28:35 -0400] "GET /wp-content/uploads/2020/03/50pcs-Blue-Durable-Nitrile-Disposable-Gloves-Rubber-Food-Gloves-Universal-Household-Cleaning-Gloves-Kitchen-Accessories-S-1.jpg HTTP/1.1" 404 3792 "-" "Mozilla/5.0 (compatible; bingbot/2.0; +http://www.bing.com/bingbot.htm)"
185.191.171.36 - - [29/Sep/2020:02:37:30 -0400] "GET /product/laser-protect-safety-glasses-pc-eyeglass-welding-laser-eyewear-eye-protective-goggles-unisex-black-frame-lightproof-glasses/ HTTP/1.1" 404 4223 "-" "Mozilla/5.0 (compatible; SemrushBot/6~bl; +http://www.semrush.com/bot.html)"
124.107.159.46 - - [29/Sep/2020:02:55:12 -0400] "GET /wp-content/uploads/2020/03/Handheld-UV-Sterilization-Lamp-Portable-Disinfection-Light-Mini-Sanitizer-for-Home-Office-Travel-Kill-Virus-Germ-2.jpg HTTP/1.1" 404 4307 "https://images.search.yahoo.com/search/images;_ylt=Awr9NEn92XJf63UARgKJzbkF;_ylu=c2VjA3NlYXJjaARzbGsDYnV0dG9u;_ylc=X1MDOTYwNjI4NTcEX3IDMgRhY3RuA2NsawRjc3JjcHZpZANfSXkxN2pFd0xqTGtIaVd3WHdRTVB3QUVNVEkwTGdBQUFBQS53NFUuBGZyA21jYWZlZQRmcjIDc2EtZ3AEZ3ByaWQDWk9xQm5PTV9STnFuZEVvdm41ZHJmQQRuX3N1Z2cDMARvcmlnaW4DaW1hZ2VzLnNlYXJjaC55YWhvby5jb20EcG9zAzAEcHFzdHIDBHBxc3RybAMEcXN0cmwDMjkEcXVlcnkDdXYlMjBwb3J0YWJsZSUyMHN0ZXJpbGl6YXRpb24EdF9zdG1wAzE2MDEzNjI0NjI-?p=uv+portable+sterilization&fr=mcafee&fr2=sb-top-images.search&ei=UTF-8&n=60&x=wrt" "Mozilla/5.0 (Windows NT 10.0; Win64; x64) AppleWebKit/537.36 (KHTML, like Gecko) Chrome/85.0.4183.121 Safari/537.36"
66.249.66.146 - - [29/Sep/2020:03:03:02 -0400] "GET /robots.txt HTTP/1.1" 404 4260 "-" "Mozilla/5.0 (compatible; Googlebot/2.1; +http://www.google.com/bot.html)"
66.249.66.146 - - [29/Sep/2020:03:03:02 -0400] "GET / HTTP/1.1" 404 525 "-" "Mozilla/5.0 (Linux; Android 6.0.1; Nexus 5X Build/MMB29P) AppleWebKit/537.36 (KHTML, like Gecko) Chrome/85.0.4183.132 Mobile Safari/537.36 (compatible; Googlebot/2.1; +http://www.google.com/bot.html)"
207.46.13.120 - - [29/Sep/2020:03:33:47 -0400] "GET /wp-content/uploads/2020/03/Portable-Antibacterial-Hand-Sanitizer-Disposable-Disinfectant-Gel-75-Bacteriostatic-Gel-Hand-Sanitizer-Wipe-Out-Bacteria-50ml-7.jpg HTTP/1.1" 404 3792 "-" "Mozilla/5.0 (compatible; bingbot/2.0; +http://www.bing.com/bingbot.htm)"
207.46.13.16 - - [29/Sep/2020:03:53:37 -0400] "GET /product/multi-function-uv-disinfection-portable-uv-hand-wand-ultraviolet-light-kill-bacteria-germ-disinfection/?add-to-cart=2536 HTTP/1.1" 404 3792 "-" "Mozilla/5.0 (compatible; bingbot/2.0; +http://www.bing.com/bingbot.htm)"
40.77.167.18 - - [29/Sep/2020:04:08:08 -0400] "GET /wp-content/uploads/2020/03/100ml-Portable-No-Wash-Disinfectant-Spray-Domestic-Skin-And-Cloth-Sterilization-Herbal-Formula-Disinfection-Spray-5.jpg HTTP/1.1" 404 3792 "-" "Mozilla/5.0 (compatible; bingbot/2.0; +http://www.bing.com/bingbot.htm)"
207.46.13.105 - - [29/Sep/2020:04:24:15 -0400] "GET /wp-content/uploads/2020/03/100pcs-Wear-Resistant-Durable-Nitrile-Disposable-Gloves-Rubber-Latex-Food-Medical-Household-Cleaning-Gloves-Anti-Static-2.jpg HTTP/1.1" 404 3792 "-" "Mozilla/5.0 (compatible; bingbot/2.0; +http://www.bing.com/bingbot.htm)"
207.46.13.105 - - [29/Sep/2020:04:28:08 -0400] "GET /wp-content/uploads/2020/03/ZK20-Dropshipping-Laser-Protection-Safety-Glasses-Welding-Glasses-Protective-Goggles-Eye-Wear-Adjustable-Work-Lightproof-Glasses-300x300.jpg HTTP/1.1" 404 3792 "-" "Mozilla/5.0 (compatible; bingbot/2.0; +http://www.bing.com/bingbot.htm)"
157.55.39.9 - - [29/Sep/2020:04:55:27 -0400] "GET /product/chemical-mask-6800-7suits-6001-gas-mask-acid-dust-respirator-paint-pesticide-spray-silicone-filter-laboratory-cartridge-welding-3/ HTTP/1.1" 404 3792 "-" "Mozilla/5.0 (compatible; bingbot/2.0; +http://www.bing.com/bingbot.htm)"
40.77.167.18 - - [29/Sep/2020:04:56:03 -0400] "GET /wp-content/uploads/2020/03/420ML-SPE-PEM-Hydrogen-Generator-Rich-Water-Bottle-Electrolysis-Energy-Maker-lonizer-Electrolysis-Pure-H2-Cup-3.jpg HTTP/1.1" 404 3792 "-" "Mozilla/5.0 (compatible; bingbot/2.0; +http://www.bing.com/bingbot.htm)"
157.55.39.135 - - [29/Sep/2020:05:01:29 -0400] "GET /wp-content/uploads/2020/03/10-50pcs-Disposable-Face-Mask-3-Layer-Non-Woven-Prevent-Droplet-Mask-Anti-Dust-Bacterial-Breathable-3.jpg HTTP/1.1" 404 3792 "-" "Mozilla/5.0 (compatible; bingbot/2.0; +http://www.bing.com/bingbot.htm)"
207.46.13.234 - - [29/Sep/2020:05:05:47 -0400] "GET /wp-content/uploads/2020/03/Protective-Welding-Goggles-Lenses-Cutting-Grinding-Welding-Eye-Protector-Labour-Working-Safety-Eyewear-Flip-Up-Cover-300x300.jpg HTTP/1.1" 404 3792 "-" "Mozilla/5.0 (compatible; bingbot/2.0; +http://www.bing.com/bingbot.htm)"
157.55.39.16 - - [29/Sep/2020:05:10:26 -0400] "GET /robots.txt HTTP/1.1" 404 3750 "-" "Mozilla/5.0 (compatible; bingbot/2.0; +http://www.bing.com/bingbot.htm)"
157.55.39.16 - - [29/Sep/2020:05:10:26 -0400] "GET /robots.txt HTTP/1.1" 404 3792 "-" "Mozilla/5.0 (compatible; bingbot/2.0; +http://www.bing.com/bingbot.htm)"
207.46.13.15 - - [29/Sep/2020:05:10:43 -0400] "GET /wp-content/uploads/2020/03/High-quality-white-Respirator-Gas-Mask-Fire-Control-Military-Pesticides-Gas-Mask-6800-Gas-Mask-non-4.jpg HTTP/1.1" 404 3792 "-" "Mozilla/5.0 (compatible; bingbot/2.0; +http://www.bing.com/bingbot.htm)"
207.46.13.15 - - [29/Sep/2020:05:16:53 -0400] "GET /wp-content/uploads/2020/03/100pcs-Disposable-Protective-Hand-Protection-Nitrile-Gloves-Gardening-Puncture-Resistant-Work-Safety-Glove-Disposable-Protective-600x600.jpe HTTP/1.1" 404 3792 "-" "Mozilla/5.0 (compatible; bingbot/2.0; +http://www.bing.com/bingbot.htm)"
185.191.171.34 - - [29/Sep/2020:05:35:01 -0400] "GET /robots.txt HTTP/1.1" 404 4223 "-" "Mozilla/5.0 (compatible; SemrushBot/6~bl; +http://www.semrush.com/bot.html)"
185.191.171.24 - - [29/Sep/2020:05:35:01 -0400] "GET /product/lightweight-automatic-dimming-welding-lens-solar-auto-welding-protect-eyes-safety-glasses-welding-mask-helmet-eyewear-goggles/ HTTP/1.1" 404 4223 "-" "Mozilla/5.0 (compatible; SemrushBot/6~bl; +http://www.semrush.com/bot.html)"
207.46.13.120 - - [29/Sep/2020:06:09:30 -0400] "GET /wp-content/uploads/2020/03/Home-Air-Purifier-with-True-HEPA-Filter-for-Allergies-and-Pets-Smoke-Mold-Germs-and-Dust-3.jpg HTTP/1.1" 404 3792 "-" "Mozilla/5.0 (compatible; bingbot/2.0; +http://www.bing.com/bingbot.htm)"
40.77.167.18 - - [29/Sep/2020:06:37:38 -0400] "GET /wp-content/uploads/2020/03/N95-Face-Mask-Respirator-With-Valve-Mask-For-Child-Kids-Anti-Dust-Mask-PM-2-5-300x300.jpg HTTP/1.1" 404 3792 "-" "Mozilla/5.0 (compatible; bingbot/2.0; +http://www.bing.com/bingbot.htm)"
207.46.13.14 - - [29/Sep/2020:06:38:13 -0400] "GET /wp-content/uploads/2020/03/50-75-100-125-400GPD-Home-Kitchen-Reverse-Osmosis-RO-Membrane-Replacement-Water-System-Filter-Water-3.jpg HTTP/1.1" 404 3792 "-" "Mozilla/5.0 (compatible; bingbot/2.0; +http://www.bing.com/bingbot.htm)"
185.191.171.17 - - [29/Sep/2020:06:48:10 -0400] "GET /robots.txt HTTP/1.1" 404 4223 "-" "Mozilla/5.0 (compatible; SemrushBot/6~bl; +http://www.semrush.com/bot.html)"
185.191.171.23 - - [29/Sep/2020:06:48:10 -0400] "GET /wp-login.php?redirect_to=https%3A%2F%2Fparanoidmicrobiology.com%2Fproduct%2F15-bathroom-shower-filter-bathing-water-filter-purifier-water-treatment-health-softener-chlorine-removal-water-purifier%2F HTTP/1.1" 404 4223 "-" "Mozilla/5.0 (compatible; SemrushBot/6~bl; +http://www.semrush.com/bot.html)"
217.72.1.254 - - [29/Sep/2020:06:51:50 -0400] "POST /xmlrpc.php HTTP/1.1" 404 4251 "-" "Mozilla/5.0 (Windows NT 10.0; Win64; x64) AppleWebKit/537.36 (KHTML, like Gecko) Chrome/80.0.3987.163 Safari/537.36"
207.46.13.120 - - [29/Sep/2020:06:53:36 -0400] "GET /wp-content/uploads/2020/03/USB-Mini-Wearable-Neck-Negative-Ion-Generator-Air-Purifier-Personal-Air-Purifier-Germs-Odors-Dust-Mold-6.jpg HTTP/1.1" 404 3792 "-" "Mozilla/5.0 (compatible; bingbot/2.0; +http://www.bing.com/bingbot.htm)"
157.55.39.135 - - [29/Sep/2020:07:01:35 -0400] "GET /wp-content/uploads/2020/03/E27-3W-UVC-Lamp-Sterilizer-LED-GU10-UV-Ozone-Lamp-E14-Bulb-Corona-virus-Germs-MR16-1.jpg HTTP/1.1" 404 3792 "-" "Mozilla/5.0 (compatible; bingbot/2.0; +http://www.bing.com/bingbot.htm)"
113.87.94.56 - - [29/Sep/2020:07:21:16 -0400] "HEAD / HTTP/1.1" 404 3415 "https://paranoidmicrobiology.com" "Mozilla/5.0 (compatible; MSIE 9.0; Windows NT 6.1; Trident/5.0)"
113.87.94.56 - - [29/Sep/2020:07:21:16 -0400] "GET / HTTP/1.1" 404 477 "https://paranoidmicrobiology.com" "Mozilla/5.0 (compatible; MSIE 9.0; Windows NT 6.1; Trident/5.0)"
207.46.13.120 - - [29/Sep/2020:07:29:12 -0400] "GET /wp-content/uploads/2020/03/N95-Face-Mask-Respirator-With-Valve-Mask-For-Child-Kids-Anti-Dust-Mask-PM-2-5-2.jpg HTTP/1.1" 404 3792 "-" "Mozilla/5.0 (compatible; bingbot/2.0; +http://www.bing.com/bingbot.htm)"
207.46.13.234 - - [29/Sep/2020:07:36:22 -0400] "GET /product/100pcs-disposable-alcohol-pads-alcohol-wipes-sterilization-nail-cleaning-first-aid-antibacterial-cleanser-household-health-1/?image=1 HTTP/1.1" 404 3792 "-" "Mozilla/5.0 (compatible; bingbot/2.0; +http://www.bing.com/bingbot.htm)"
117.198.234.57 - - [29/Sep/2020:07:43:00 -0400] "GET /wp-content/uploads/2020/03/Disposable-Alcohol-Wipes-Sterilization-Portable-Wipes-Antibacterial-Cleaning-Skin-Cleaning-Care.jpg HTTP/1.1" 404 4307 "https://www.google.com/" "Mozilla/5.0 (Windows NT 10.0; Win64; x64) AppleWebKit/537.36 (KHTML, like Gecko) Chrome/85.0.4183.121 Safari/537.36"
207.46.13.105 - - [29/Sep/2020:07:49:11 -0400] "GET /wp-content/uploads/2020/03/30ml-Antibacterial-Disinfection-Spray-Alcohol-free-Disposable-Hand-Sterilizer-Germicidal-Spray-Household-Disinfection-Cleaning-300x300.jpg HTTP/1.1" 404 3792 "-" "Mozilla/5.0 (compatible; bingbot/2.0; +http://www.bing.com/bingbot.htm)"
207.46.13.15 - - [29/Sep/2020:07:56:29 -0400] "GET /product/handheld-uv-sterilization-lamp-portable-disinfection-light-mini-sanitizer-for-home-office-travel-kill-virus-germ-household/ HTTP/1.1" 404 3792 "-" "Mozilla/5.0 (compatible; bingbot/2.0; +http://www.bing.com/bingbot.htm)"
40.77.167.18 - - [29/Sep/2020:07:57:12 -0400] "GET /wp-content/uploads/2020/03/30ml-Cartoon-Animal-Rabbit-Fox-Cat-Travel-Portable-Mini-Hand-Sanitizer-Disposable-No-Clean-Waterless-Fresh-5.jpg HTTP/1.1" 404 3792 "-" "Mozilla/5.0 (compatible; bingbot/2.0; +http://www.bing.com/bingbot.htm)"
207.46.13.120 - - [29/Sep/2020:08:05:41 -0400] "GET /wp-content/uploads/2020/03/Multi-Function-UV-Disinfection-Portable-UV-Hand-Wand-Ultraviolet-Light-Kill-Bacteria-Germ-Disinfection-1.jpg HTTP/1.1" 404 3792 "-" "Mozilla/5.0 (compatible; bingbot/2.0; +http://www.bing.com/bingbot.htm)"
185.220.101.14 - - [29/Sep/2020:08:06:09 -0400] "GET / HTTP/1.1" 301 601 "-" "Mozilla/5.0 (X11; Linux x86_64) AppleWebKit/537.36 (KHTML, like Gecko) Chrome/71.0.3563.0 Safari/537.36"
185.220.101.14 - - [29/Sep/2020:08:06:10 -0400] "GET / HTTP/1.1" 404 3807 "-" "Mozilla/5.0 (X11; Linux x86_64) AppleWebKit/537.36 (KHTML, like Gecko) Chrome/71.0.3563.0 Safari/537.36"
207.46.13.16 - - [29/Sep/2020:08:09:07 -0400] "GET /wp-content/uploads/2020/03/38W-110V-220V-Ultraviolet-UVC-Sterilizer-Light-Germicidal-Tube-Disinfection-Home-253-7nm-Lamp-Office-Ozone-300x300.jpg HTTP/1.1" 404 3792 "-" "Mozilla/5.0 (compatible; bingbot/2.0; +http://www.bing.com/bingbot.htm)"
78.111.166.3 - - [29/Sep/2020:08:23:08 -0400] "GET /wp-content/plugins/simplepress/resources/jscript/sp-common.min.js HTTP/1.1" 301 694 "paranoidmicrobiology.com" "Mozilla/5.1 (Windows NT 6.0; WOW64) AppleWebKit/537.37 (KHTML, like Gecko) Chrome/58.0.1145.75 Safari/537.37"
78.111.166.3 - - [29/Sep/2020:08:23:08 -0400] "GET /wp-content/plugins/simplepress/resources/jscript/sp-common.min.js HTTP/1.1" 404 3784 "paranoidmicrobiology.com" "Mozilla/5.1 (Windows NT 6.0; WOW64) AppleWebKit/537.37 (KHTML, like Gecko) Chrome/58.0.1145.75 Safari/537.37"
87.251.74.204 - - [29/Sep/2020:08:27:21 -0400] "GET / HTTP/1.1" 301 601 "-" "Mozilla/5.0 (Windows NT 10.0; Win64; x64) AppleWebKit/537.36 (KHTML, like Gecko) Chrome/78.0.3904.97 Safari/537.36"
207.46.13.120 - - [29/Sep/2020:08:29:51 -0400] "GET /wp-content/uploads/2020/03/Safety-Mouth-Knitted-Flannel-Nitrile-Gloves-Full-Double-Plane-Oil-And-Alkali-Oil-Machinery-Gas-Station-3.jpg HTTP/1.1" 404 3792 "-" "Mozilla/5.0 (compatible; bingbot/2.0; +http://www.bing.com/bingbot.htm)"
66.249.66.146 - - [29/Sep/2020:08:41:46 -0400] "GET /my-account/ HTTP/1.1" 404 4260 "-" "Mozilla/5.0 (compatible; Googlebot/2.1; +http://www.google.com/bot.html)"
23.228.109.146 - - [29/Sep/2020:08:43:02 -0400] "GET /wp-content/plugins/wp-file-manager/lib/files/ HTTP/1.1" 301 654 "http://www.google.com/" "Mozilla/5.0 (Windows NT 6.1; Win64; x64) AppleWebKit/537.36 (KHTML, like Gecko) Chrome/56.0.2896.3 Safari/537.36"
23.228.109.146 - - [29/Sep/2020:08:43:04 -0400] "GET /wp-content/plugins/wp-file-manager/lib/files/ HTTP/1.1" 404 3755 "http://www.google.com/" "Mozilla/5.0 (Windows NT 6.1; Win64; x64) AppleWebKit/537.36 (KHTML, like Gecko) Chrome/56.0.2896.3 Safari/537.36"
195.154.168.35 - - [29/Sep/2020:08:44:05 -0400] "GET / HTTP/1.1" 301 601 "-" "Mozilla/5.0 (Windows NT 10.0; Win64; x64) AppleWebKit/537.36 (KHTML, like Gecko) Chrome/80.0.3987.149 Safari/537.36"
195.154.168.35 - - [29/Sep/2020:08:44:05 -0400] "GET / HTTP/1.1" 404 3821 "-" "Mozilla/5.0 (Windows NT 10.0; Win64; x64) AppleWebKit/537.36 (KHTML, like Gecko) Chrome/80.0.3987.149 Safari/537.36"
195.154.168.35 - - [29/Sep/2020:08:44:05 -0400] "GET //wp-includes/wlwmanifest.xml HTTP/1.1" 404 532 "-" "Mozilla/5.0 (Windows NT 10.0; Win64; x64) AppleWebKit/537.36 (KHTML, like Gecko) Chrome/80.0.3987.149 Safari/537.36"
195.154.168.35 - - [29/Sep/2020:08:44:05 -0400] "GET //xmlrpc.php?rsd HTTP/1.1" 404 532 "-" "Mozilla/5.0 (Windows NT 10.0; Win64; x64) AppleWebKit/537.36 (KHTML, like Gecko) Chrome/80.0.3987.149 Safari/537.36"
195.154.168.35 - - [29/Sep/2020:08:44:05 -0400] "GET / HTTP/1.1" 404 532 "-" "Mozilla/5.0 (Windows NT 10.0; Win64; x64) AppleWebKit/537.36 (KHTML, like Gecko) Chrome/80.0.3987.149 Safari/537.36"
195.154.168.35 - - [29/Sep/2020:08:44:05 -0400] "GET //blog/wp-includes/wlwmanifest.xml HTTP/1.1" 404 532 "-" "Mozilla/5.0 (Windows NT 10.0; Win64; x64) AppleWebKit/537.36 (KHTML, like Gecko) Chrome/80.0.3987.149 Safari/537.36"
195.154.168.35 - - [29/Sep/2020:08:44:05 -0400] "GET //web/wp-includes/wlwmanifest.xml HTTP/1.1" 404 532 "-" "Mozilla/5.0 (Windows NT 10.0; Win64; x64) AppleWebKit/537.36 (KHTML, like Gecko) Chrome/80.0.3987.149 Safari/537.36"
195.154.168.35 - - [29/Sep/2020:08:44:06 -0400] "GET //wordpress/wp-includes/wlwmanifest.xml HTTP/1.1" 404 532 "-" "Mozilla/5.0 (Windows NT 10.0; Win64; x64) AppleWebKit/537.36 (KHTML, like Gecko) Chrome/80.0.3987.149 Safari/537.36"
195.154.168.35 - - [29/Sep/2020:08:44:06 -0400] "GET //website/wp-includes/wlwmanifest.xml HTTP/1.1" 404 532 "-" "Mozilla/5.0 (Windows NT 10.0; Win64; x64) AppleWebKit/537.36 (KHTML, like Gecko) Chrome/80.0.3987.149 Safari/537.36"
195.154.168.35 - - [29/Sep/2020:08:44:06 -0400] "GET //wp/wp-includes/wlwmanifest.xml HTTP/1.1" 404 532 "-" "Mozilla/5.0 (Windows NT 10.0; Win64; x64) AppleWebKit/537.36 (KHTML, like Gecko) Chrome/80.0.3987.149 Safari/537.36"
195.154.168.35 - - [29/Sep/2020:08:44:06 -0400] "GET //news/wp-includes/wlwmanifest.xml HTTP/1.1" 404 532 "-" "Mozilla/5.0 (Windows NT 10.0; Win64; x64) AppleWebKit/537.36 (KHTML, like Gecko) Chrome/80.0.3987.149 Safari/537.36"
195.154.168.35 - - [29/Sep/2020:08:44:06 -0400] "GET //2018/wp-includes/wlwmanifest.xml HTTP/1.1" 404 532 "-" "Mozilla/5.0 (Windows NT 10.0; Win64; x64) AppleWebKit/537.36 (KHTML, like Gecko) Chrome/80.0.3987.149 Safari/537.36"
195.154.168.35 - - [29/Sep/2020:08:44:06 -0400] "GET //2019/wp-includes/wlwmanifest.xml HTTP/1.1" 404 532 "-" "Mozilla/5.0 (Windows NT 10.0; Win64; x64) AppleWebKit/537.36 (KHTML, like Gecko) Chrome/80.0.3987.149 Safari/537.36"
195.154.168.35 - - [29/Sep/2020:08:44:06 -0400] "GET //shop/wp-includes/wlwmanifest.xml HTTP/1.1" 404 532 "-" "Mozilla/5.0 (Windows NT 10.0; Win64; x64) AppleWebKit/537.36 (KHTML, like Gecko) Chrome/80.0.3987.149 Safari/537.36"
195.154.168.35 - - [29/Sep/2020:08:44:06 -0400] "GET //wp1/wp-includes/wlwmanifest.xml HTTP/1.1" 404 532 "-" "Mozilla/5.0 (Windows NT 10.0; Win64; x64) AppleWebKit/537.36 (KHTML, like Gecko) Chrome/80.0.3987.149 Safari/537.36"
195.154.168.35 - - [29/Sep/2020:08:44:06 -0400] "GET //test/wp-includes/wlwmanifest.xml HTTP/1.1" 404 532 "-" "Mozilla/5.0 (Windows NT 10.0; Win64; x64) AppleWebKit/537.36 (KHTML, like Gecko) Chrome/80.0.3987.149 Safari/537.36"
195.154.168.35 - - [29/Sep/2020:08:44:06 -0400] "GET //media/wp-includes/wlwmanifest.xml HTTP/1.1" 404 532 "-" "Mozilla/5.0 (Windows NT 10.0; Win64; x64) AppleWebKit/537.36 (KHTML, like Gecko) Chrome/80.0.3987.149 Safari/537.36"
195.154.168.35 - - [29/Sep/2020:08:44:06 -0400] "GET //wp2/wp-includes/wlwmanifest.xml HTTP/1.1" 404 532 "-" "Mozilla/5.0 (Windows NT 10.0; Win64; x64) AppleWebKit/537.36 (KHTML, like Gecko) Chrome/80.0.3987.149 Safari/537.36"
195.154.168.35 - - [29/Sep/2020:08:44:07 -0400] "GET //site/wp-includes/wlwmanifest.xml HTTP/1.1" 404 532 "-" "Mozilla/5.0 (Windows NT 10.0; Win64; x64) AppleWebKit/537.36 (KHTML, like Gecko) Chrome/80.0.3987.149 Safari/537.36"
195.154.168.35 - - [29/Sep/2020:08:44:07 -0400] "GET //cms/wp-includes/wlwmanifest.xml HTTP/1.1" 404 532 "-" "Mozilla/5.0 (Windows NT 10.0; Win64; x64) AppleWebKit/537.36 (KHTML, like Gecko) Chrome/80.0.3987.149 Safari/537.36"
195.154.168.35 - - [29/Sep/2020:08:44:07 -0400] "GET //sito/wp-includes/wlwmanifest.xml HTTP/1.1" 404 532 "-" "Mozilla/5.0 (Windows NT 10.0; Win64; x64) AppleWebKit/537.36 (KHTML, like Gecko) Chrome/80.0.3987.149 Safari/537.36"
185.191.171.18 - - [29/Sep/2020:08:52:13 -0400] "GET /robots.txt HTTP/1.1" 404 4223 "-" "Mozilla/5.0 (compatible; SemrushBot/6~bl; +http://www.semrush.com/bot.html)"
185.191.171.18 - - [29/Sep/2020:08:52:13 -0400] "GET /wp-content/uploads/2020/03/Tap-Water-Purifier-Kitchen-Faucet-Washable-Ceramic-Percolator-Mini-Water-Filter-Filtro-Rust-Bacteria-Removal-Replacement.jpe HTTP/1.1" 404 4223 "-" "Mozilla/5.0 (compatible; SemrushBot/6~bl; +http://www.semrush.com/bot.html)"
157.55.39.9 - - [29/Sep/2020:09:14:29 -0400] "GET /wp-content/uploads/2020/03/84-Disinfection-Water-Electrolytic-Generator-Sodium-Hypochlorite-Generator-Disinfectant-Liquid-Making-Machine-Clean-Air-Spray-5.jpg HTTP/1.1" 404 3792 "-" "Mozilla/5.0 (compatible; bingbot/2.0; +http://www.bing.com/bingbot.htm)"
193.106.30.99 - - [29/Sep/2020:09:35:25 -0400] "POST /search.php HTTP/1.1" 404 4260 "-" "Mozilla/5.0 (Windows NT 10.0; Win64; x64) AppleWebKit/537.36 (KHTML, like Gecko) Chrome/74.0.3729.169 Safari/537.36"
157.55.39.9 - - [29/Sep/2020:09:43:27 -0400] "GET /wp-content/uploads/2020/03/E27-3W-UVC-Lamp-Sterilizer-LED-GU10-UV-Ozone-Lamp-E14-Bulb-Corona-virus-Germs-MR16-4.jpg HTTP/1.1" 404 3792 "-" "Mozilla/5.0 (compatible; bingbot/2.0; +http://www.bing.com/bingbot.htm)"
207.46.13.16 - - [29/Sep/2020:09:52:24 -0400] "GET /wp-content/uploads/2020/03/100pcs-Disposable-Nitrile-Latex-Gloves-White-Protective-Gloves-Household-Cleaning-Products-Flexible-Anti-static-Properties1-5.jpg HTTP/1.1" 404 3792 "-" "Mozilla/5.0 (compatible; bingbot/2.0; +http://www.bing.com/bingbot.htm)"
157.55.39.135 - - [29/Sep/2020:09:54:33 -0400] "GET /wp-content/uploads/2020/03/100pcs-Disposable-Alcohol-Pads-Alcohol-Wipes-Sterilization-Nail-cleaning-First-Aid-Antibacterial-Cleanser-Household-Health-1-9-600x600.jpe HTTP/1.1" 404 3792 "-" "Mozilla/5.0 (compatible; bingbot/2.0; +http://www.bing.com/bingbot.htm)"
207.46.13.120 - - [29/Sep/2020:10:02:20 -0400] "GET /wp-content/uploads/2020/03/10Pcs-Disposable-First-Aid-Antiseptic-Wipes-Benzalkonium-Chloride-Cleansing-Towelettes-Antibacterial-Sanitizer-Individually-Pack-3.jpg HTTP/1.1" 404 3792 "-" "Mozilla/5.0 (compatible; bingbot/2.0; +http://www.bing.com/bingbot.htm)"
207.46.13.105 - - [29/Sep/2020:10:09:54 -0400] "GET /wp-content/uploads/2020/03/100-50PCS-rubber-gloves-Kitchen-Medical-Rubber-Garden-Gloves-Universal-For-Left-and-Right-Hand-disposable-3.jpg HTTP/1.1" 404 3792 "-" "Mozilla/5.0 (compatible; bingbot/2.0; +http://www.bing.com/bingbot.htm)"
157.55.39.135 - - [29/Sep/2020:10:37:09 -0400] "GET /wp-content/uploads/2020/03/5-10-20-50pcs-Mouth-Mask-Disposable-Black-Cotton-Mouth-Face-Masks-Non-Woven-Anti-Dust-300x300.jpg HTTP/1.1" 404 3792 "-" "Mozilla/5.0 (compatible; bingbot/2.0; +http://www.bing.com/bingbot.htm)"
207.46.13.120 - - [29/Sep/2020:10:44:14 -0400] "GET /wp-content/uploads/2020/03/50-75-100-125-400GPD-Home-Kitchen-Reverse-Osmosis-RO-Membrane-Replacement-Water-System-Filter-Water-2.jpg HTTP/1.1" 404 3792 "-" "Mozilla/5.0 (compatible; bingbot/2.0; +http://www.bing.com/bingbot.htm)"
40.77.167.18 - - [29/Sep/2020:11:24:40 -0400] "GET /wp-content/uploads/2020/03/US-STOCK-20pcs-Standard-NIOSH-N95-Face-Masks-Anti-fog-Haze-Dust-proof-Face-Masks-for.jpg HTTP/1.1" 404 3792 "-" "Mozilla/5.0 (compatible; adidxbot/2.0; +http://www.bing.com/bingbot.htm)"
66.249.66.150 - - [29/Sep/2020:11:27:34 -0400] "GET /favicon.ico HTTP/1.1" 404 4260 "-" "Googlebot-Image/1.0"
157.55.39.9 - - [29/Sep/2020:11:46:17 -0400] "GET /wp-content/uploads/2020/03/5pcs-Disposable-No-Clean-Waterless-Hand-Sanitizer-for-Children-75-Alcohol-Antibacterial-Hand-Sanitizer-Disinfection-Gel-2.jpg HTTP/1.1" 404 3792 "-" "Mozilla/5.0 (compatible; bingbot/2.0; +http://www.bing.com/bingbot.htm)"
185.191.171.11 - - [29/Sep/2020:11:47:32 -0400] "GET /robots.txt HTTP/1.1" 404 4223 "-" "Mozilla/5.0 (compatible; SemrushBot/6~bl; +http://www.semrush.com/bot.html)"
185.191.171.9 - - [29/Sep/2020:11:47:32 -0400] "GET /product/30ml-antibacterial-disinfection-spray-alcohol-free-disposable-hand-sterilizer-germicidal-spray-household-disinfection-cleaning/ HTTP/1.1" 404 4223 "-" "Mozilla/5.0 (compatible; SemrushBot/6~bl; +http://www.semrush.com/bot.html)"
207.46.13.120 - - [29/Sep/2020:11:50:37 -0400] "GET /wp-content/uploads/2020/03/Chemical-mask-6800-7suits-6001-Gas-Mask-acid-dust-Respirator-Paint-Pesticide-Spray-Silicone-filter-Laboratory-23.jpg HTTP/1.1" 404 3792 "-" "Mozilla/5.0 (compatible; bingbot/2.0; +http://www.bing.com/bingbot.htm)"
157.55.39.9 - - [29/Sep/2020:12:02:11 -0400] "GET /wp-content/uploads/2020/03/8W-15W-20W-Disinfect-Ozone-Ultraviolet-Lamp-253-7nm-Bactericidal-Sterilizer-UVC-Light-T5-T8-Germicidal-3.jpg HTTP/1.1" 404 3792 "-" "Mozilla/5.0 (compatible; bingbot/2.0; +http://www.bing.com/bingbot.htm)"
157.55.39.9 - - [29/Sep/2020:12:58:41 -0400] "GET /wp-content/uploads/2020/03/Safety-Mouth-Knitted-Flannel-Nitrile-Gloves-Full-Double-Plane-Oil-And-Alkali-Oil-Machinery-Gas-Station-300x300.jpg HTTP/1.1" 404 3792 "-" "Mozilla/5.0 (compatible; bingbot/2.0; +http://www.bing.com/bingbot.htm)"
157.55.39.191 - - [29/Sep/2020:12:58:48 -0400] "GET /wp-content/uploads/2020/03/USB-Mini-Wearable-Neck-Negative-Ion-Generator-Air-Purifier-Personal-Air-Purifier-Germs-Odors-Dust-Mold-3.jpg HTTP/1.1" 404 3792 "-" "Mozilla/5.0 (compatible; bingbot/2.0; +http://www.bing.com/bingbot.htm)"
157.55.39.135 - - [29/Sep/2020:13:02:36 -0400] "GET /product/e27-3w-uvc-lamp-sterilizer-led-gu10-uv-ozone-lamp-e14-bulb-corona-virus-germs-mr16-germicidal-light-5w-7w-ultraviolet-lamp-220v/ HTTP/1.1" 404 3792 "-" "Mozilla/5.0 (compatible; bingbot/2.0; +http://www.bing.com/bingbot.htm)"
167.114.250.111 - - [29/Sep/2020:13:22:45 -0400] "GET /ads.txt HTTP/1.1" 301 615 "-" "Mozilla/5.0 (Windows NT 10.0; Win64; x64; rv:79.0) Gecko/20100101 Firefox/79.0"
167.114.250.111 - - [29/Sep/2020:13:22:45 -0400] "GET /ads.txt HTTP/1.1" 404 4260 "http://paranoidmicrobiology.com/ads.txt" "Mozilla/5.0 (Windows NT 10.0; Win64; x64; rv:79.0) Gecko/20100101 Firefox/79.0"
157.55.39.135 - - [29/Sep/2020:13:51:36 -0400] "GET /wp-content/uploads/2020/03/Remove-water-contaminants-water-ionizer-household-water-filter-purifier-purification-for-kitchen-water-freeshiping-5.jpg HTTP/1.1" 404 3792 "-" "Mozilla/5.0 (compatible; bingbot/2.0; +http://www.bing.com/bingbot.htm)"
207.46.13.14 - - [29/Sep/2020:14:10:03 -0400] "GET /product/50ml-alcohol-free-bacteriostatic-portable-mini-all-in-one-disinfectant-spray-easy-carry-kills-99-99-bacteria-spray-3-3/?image=1 HTTP/1.1" 404 3792 "-" "Mozilla/5.0 (compatible; bingbot/2.0; +http://www.bing.com/bingbot.htm)"
157.55.39.135 - - [29/Sep/2020:14:19:58 -0400] "GET /wp-content/uploads/2020/03/E27-UV-Bactericidal-lamp-led-220V-E14-UVC-Germicidal-Light-Led-GU10-Disinfection-Kill-Germs-Mite-300x300.jpg HTTP/1.1" 404 3792 "-" "Mozilla/5.0 (compatible; bingbot/2.0; +http://www.bing.com/bingbot.htm)"
185.191.171.4 - - [29/Sep/2020:14:20:30 -0400] "GET /robots.txt HTTP/1.1" 404 4223 "-" "Mozilla/5.0 (compatible; SemrushBot/6~bl; +http://www.semrush.com/bot.html)"
185.191.171.24 - - [29/Sep/2020:14:20:30 -0400] "GET /wp-login.php?redirect_to=https%3A%2F%2Fparanoidmicrobiology.com%2Fproduct%2Fultraviolet-lamp-quartz-lamp-black-light-bulb-portable-uv-sanitizer-hand-wand-ultra-violet-light-kill-bacteria-germ-sterilizer%2F HTTP/1.1" 404 4223 "-" "Mozilla/5.0 (compatible; SemrushBot/6~bl; +http://www.semrush.com/bot.html)"
185.191.171.6 - - [29/Sep/2020:14:44:54 -0400] "GET /product/50pc-10-20-100-in-stock-face-masks-3-layer-mouth-mask-disposable-mask-non-woven-anti-dust-safe-breathable-ear-loop-for-men-women/ HTTP/1.1" 404 4223 "-" "Mozilla/5.0 (compatible; SemrushBot/6~bl; +http://www.semrush.com/bot.html)"
157.55.39.191 - - [29/Sep/2020:15:01:24 -0400] "GET /wp-content/uploads/2020/03/Portable-Antibacterial-Hand-Sanitizer-Disposable-Disinfectant-Gel-75-Bacteriostatic-Gel-Hand-Sanitizer-Wipe-Out-Bacteria-50ml-11.jpg HTTP/1.1" 404 3792 "-" "Mozilla/5.0 (compatible; bingbot/2.0; +http://www.bing.com/bingbot.htm)"
207.46.13.14 - - [29/Sep/2020:15:09:36 -0400] "GET /wp-content/uploads/2020/03/100pcs-Disposable-Alcohol-Pads-Alcohol-Wipes-Sterilization-Nail-cleaning-First-Aid-Antibacterial-Cleanser-Household-Health-1-6-600x600.jpe HTTP/1.1" 404 3792 "-" "Mozilla/5.0 (compatible; bingbot/2.0; +http://www.bing.com/bingbot.htm)"
157.55.39.135 - - [29/Sep/2020:15:13:04 -0400] "GET /wp-content/uploads/2020/03/3-2-Ultrafiltration-Drinking-Water-Filter-System-Home-Kitchen-Water-Purifier-Filter-With-Faucet-Tap-Water.jpg HTTP/1.1" 404 3792 "-" "Mozilla/5.0 (compatible; bingbot/2.0; +http://www.bing.com/bingbot.htm)"
207.46.13.120 - - [29/Sep/2020:15:13:55 -0400] "GET /wp-content/uploads/2020/03/55ml-Travel-Portable-Hand-Sanitizer-Gel-Anti-Bacteria-Moisturizing-Liquid-Disposable-No-Clean-Waterless-Antibacterial-Hand-2.jpg HTTP/1.1" 404 3792 "-" "Mozilla/5.0 (compatible; bingbot/2.0; +http://www.bing.com/bingbot.htm)"
207.46.13.234 - - [29/Sep/2020:15:14:40 -0400] "GET /?add-to-cart=1810 HTTP/1.1" 404 3792 "-" "Mozilla/5.0 (compatible; bingbot/2.0; +http://www.bing.com/bingbot.htm)"
171.13.14.24 - - [29/Sep/2020:15:26:10 -0400] "GET / HTTP/1.1" 301 601 "-" "Mozilla/5.0 (iPhone; CPU iPhone OS 11_0 like Mac OS X) AppleWebKit/604.1.38 (KHTML, like Gecko) Version/11.0 Mobile/15A372 Safari/604.1"
208.59.112.18 - - [29/Sep/2020:15:30:09 -0400] "GET /wp-content/uploads/2020/03/US-STOCK-20pcs-Standard-NIOSH-N95-Face-Masks-Anti-fog-Haze-Dust-proof-Face-Masks-for.jpg HTTP/1.1" 404 4307 "https://www.bing.com/" "Mozilla/5.0 (Windows NT 10.0; Win64; x64) AppleWebKit/537.36 (KHTML, like Gecko) Chrome/85.0.4183.121 Safari/537.36 Edg/85.0.564.63"
66.249.66.148 - - [29/Sep/2020:15:39:44 -0400] "GET /robots.txt HTTP/1.1" 404 4260 "-" "Mozilla/5.0 (compatible; Googlebot/2.1; +http://www.google.com/bot.html)"
66.249.66.148 - - [29/Sep/2020:15:39:44 -0400] "GET /?product-page=4 HTTP/1.1" 404 525 "-" "Mozilla/5.0 (Linux; Android 6.0.1; Nexus 5X Build/MMB29P) AppleWebKit/537.36 (KHTML, like Gecko) Chrome/85.0.4183.132 Mobile Safari/537.36 (compatible; Googlebot/2.1; +http://www.google.com/bot.html)"
207.46.13.15 - - [29/Sep/2020:15:46:28 -0400] "GET /product/handheld-uv-sterilization-lamp-portable-disinfection-light-mini-sanitizer-for-home-office-travel-kill-virus-germ-household/ HTTP/1.1" 404 3792 "-" "Mozilla/5.0 (compatible; bingbot/2.0; +http://www.bing.com/bingbot.htm)"
157.55.39.135 - - [29/Sep/2020:15:53:35 -0400] "GET /wp-content/uploads/2020/03/60ml-Antibacterial-Disinfection-Spray-Alcohol-free-Disposable-Hand-Sterilizer-Germicidal-Spray-Home-Disinfection-Clean-Wormwood-2.jpg HTTP/1.1" 404 3792 "-" "Mozilla/5.0 (compatible; bingbot/2.0; +http://www.bing.com/bingbot.htm)"
157.55.39.135 - - [29/Sep/2020:16:10:45 -0400] "GET /wp-content/uploads/2020/03/Portable-Antibacterial-Hand-Sanitizer-Disposable-Disinfectant-Gel-75-Bacteriostatic-Gel-Hand-Sanitizer-Wipe-Out-Bacteria-50ml-9.jpg HTTP/1.1" 404 3792 "-" "Mozilla/5.0 (compatible; bingbot/2.0; +http://www.bing.com/bingbot.htm)"
157.55.39.135 - - [29/Sep/2020:16:14:04 -0400] "GET /product/tap-water-purifier-kitchen-faucet-washable-ceramic-percolator-mini-water-filter-filtro-rust-bacteria-removal-replacement-filter/ HTTP/1.1" 404 3792 "-" "Mozilla/5.0 (compatible; bingbot/2.0; +http://www.bing.com/bingbot.htm)"
24.147.7.17 - - [29/Sep/2020:16:24:55 -0400] "GET /wp-content/uploads/2020/03/100pcs-Disposable-Alcohol-Pads-Alcohol-Wipes-Sterilization-Nail-cleaning-First-Aid-Antibacterial-Cleanser-Household-Health-1-6-600x600.jpe HTTP/1.1" 404 4307 "https://www.bing.com/" "Mozilla/5.0 (Windows NT 10.0; Win64; x64) AppleWebKit/537.36 (KHTML, like Gecko) Chrome/85.0.4183.121 Safari/537.36 Edg/85.0.564.63"
66.249.66.148 - - [29/Sep/2020:16:48:33 -0400] "GET /product/15w-ultraviolet-sterilizer-light-disinfection-220v-uvc-lamp-bactericidal-household-home-timer-kill-mite-germicidal-lights/ HTTP/1.1" 404 4260 "-" "Mozilla/5.0 (Linux; Android 6.0.1; Nexus 5X Build/MMB29P) AppleWebKit/537.36 (KHTML, like Gecko) Chrome/85.0.4183.132 Mobile Safari/537.36 (compatible; Googlebot/2.1; +http://www.google.com/bot.html)"
64.250.195.196 - - [29/Sep/2020:16:56:25 -0400] "GET /wp-content/uploads/2020/03/10Pcs-Disposable-First-Aid-Antiseptic-Wipes-Benzalkonium-Chloride-Cleansing-Towelettes-Antibacterial-Sanitizer-Individually-Pack-5.jpg HTTP/1.1" 404 3565 "https://www.bing.com/images/search?view=detailV2&ccid=aaQU7E6d&id=42F82DE31B19D70A6F39B2042472F7FC085E6347&thid=OIP.aaQU7E6d9MiPBiMfxEbSgQHaHa&mediaurl=http%3a%2f%2fimages.linnlive.com%2f6498806cadd1296c263bf8463c882935%2f6255e079-4529-4200-884a-be3d107df327.jpg&exph=1800&expw=1800&q=Benzalkonium+Chloride+Antiseptic+Cream&simid=607994990852113112&ck=9F83FC3486A63AC0AD83313B87BBE558&selectedIndex=121&FORM=IRPRST&mode=overlay" "Mozilla/5.0 (Windows NT 10.0; WOW64; Trident/7.0; rv:11.0) like Gecko"
207.46.13.234 - - [29/Sep/2020:16:57:54 -0400] "GET /product/handheld-uv-sterilization-lamp-portable-disinfection-light-mini-sanitizer-for-home-office-travel-kill-virus-germ-household/?rating=1 HTTP/1.1" 404 3792 "-" "Mozilla/5.0 (compatible; bingbot/2.0; +http://www.bing.com/bingbot.htm)"
40.77.167.18 - - [29/Sep/2020:17:23:17 -0400] "GET /wp-content/uploads/2020/03/US-STOCK-20pcs-Standard-NIOSH-N95-Face-Masks-Anti-fog-Haze-Dust-proof-Face-Masks-for.jpg HTTP/1.1" 404 3792 "-" "Mozilla/5.0 (compatible; adidxbot/2.0; +http://www.bing.com/bingbot.htm)"
207.46.13.120 - - [29/Sep/2020:17:25:00 -0400] "GET /wp-content/uploads/2020/03/Handheld-UV-Sterilization-Lamp-Portable-Disinfection-Light-Mini-Sanitizer-for-Home-Office-Travel-Kill-Virus-Germ-1.jpg HTTP/1.1" 404 3792 "-" "Mozilla/5.0 (compatible; bingbot/2.0; +http://www.bing.com/bingbot.htm)"
185.191.171.34 - - [29/Sep/2020:17:27:09 -0400] "GET /robots.txt HTTP/1.1" 404 4223 "-" "Mozilla/5.0 (compatible; SemrushBot/6~bl; +http://www.semrush.com/bot.html)"
185.191.171.5 - - [29/Sep/2020:17:27:10 -0400] "GET /wp-content/uploads/2020/03/100pcs-Disposable-Protective-Hand-Protection-Nitrile-Gloves-Gardening-Puncture-Resistant-Work-Safety-Glove-Disposable-Protective-3.jpe HTTP/1.1" 404 4223 "-" "Mozilla/5.0 (compatible; SemrushBot/6~bl; +http://www.semrush.com/bot.html)"
66.249.66.148 - - [29/Sep/2020:18:51:59 -0400] "GET /product/60ml-antibacterial-press-head-amino-acid-hand-sanitizer-disposable-disinfection-hand-wash-gel-portable-rinse-free-gel-hand-clean/ HTTP/1.1" 404 4260 "-" "Mozilla/5.0 (Linux; Android 6.0.1; Nexus 5X Build/MMB29P) AppleWebKit/537.36 (KHTML, like Gecko) Chrome/85.0.4183.135 Mobile Safari/537.36 (compatible; Googlebot/2.1; +http://www.google.com/bot.html)"
66.249.66.148 - - [29/Sep/2020:18:52:00 -0400] "GET /product/100pcs-disposable-protective-hand-protection-nitrile-gloves-gardening-puncture-resistant-work-safety-glove-disposable-protective/ HTTP/1.1" 404 525 "-" "Mozilla/5.0 (Linux; Android 6.0.1; Nexus 5X Build/MMB29P) AppleWebKit/537.36 (KHTML, like Gecko) Chrome/85.0.4183.135 Mobile Safari/537.36 (compatible; Googlebot/2.1; +http://www.google.com/bot.html)"
66.249.66.146 - - [29/Sep/2020:18:52:01 -0400] "GET /product/12pcs-washing-machine-tank-cleaning-agent-stain-dirt-removal-tablets-odor-removal-antibacterial/ HTTP/1.1" 404 4260 "-" "Mozilla/5.0 (Linux; Android 6.0.1; Nexus 5X Build/MMB29P) AppleWebKit/537.36 (KHTML, like Gecko) Chrome/85.0.4183.135 Mobile Safari/537.36 (compatible; Googlebot/2.1; +http://www.google.com/bot.html)"
185.191.171.15 - - [29/Sep/2020:19:18:20 -0400] "GET /robots.txt HTTP/1.1" 404 4223 "-" "Mozilla/5.0 (compatible; SemrushBot/6~bl; +http://www.semrush.com/bot.html)"
185.191.171.21 - - [29/Sep/2020:19:18:20 -0400] "GET /wp-login.php?redirect_to=https%3A%2F%2Fparanoidmicrobiology.com%2Fproduct%2Fgas-mask-breathing-mask-creative-stage-performance-prop-for-cs-field-equipment-cosplay-protection-halloween-evil-2%2F HTTP/1.1" 404 4223 "-" "Mozilla/5.0 (compatible; SemrushBot/6~bl; +http://www.semrush.com/bot.html)"
185.191.171.21 - - [29/Sep/2020:19:18:26 -0400] "GET /product/multi-function-uv-disinfection-portable-uv-hand-wand-ultraviolet-light-kill-bacteria-germ-disinfection/ HTTP/1.1" 404 4223 "-" "Mozilla/5.0 (compatible; SemrushBot/6~bl; +http://www.semrush.com/bot.html)"
185.191.171.24 - - [29/Sep/2020:19:32:30 -0400] "GET /product/84-disinfection-water-electrolytic-generator-sodium-hypochlorite-generator-disinfectant-liquid-making-machine-clean-air-spray/ HTTP/1.1" 404 4223 "-" "Mozilla/5.0 (compatible; SemrushBot/6~bl; +http://www.semrush.com/bot.html)"
66.249.66.150 - - [29/Sep/2020:19:42:47 -0400] "GET /product/100ml-portable-no-wash-disinfectant-spray-domestic-skin-and-cloth-sterilization-herbal-formula-disinfection-spray/ HTTP/1.1" 404 4260 "-" "Mozilla/5.0 (Linux; Android 6.0.1; Nexus 5X Build/MMB29P) AppleWebKit/537.36 (KHTML, like Gecko) Chrome/85.0.4183.135 Mobile Safari/537.36 (compatible; Googlebot/2.1; +http://www.google.com/bot.html)"
157.55.39.135 - - [29/Sep/2020:19:43:18 -0400] "GET /product/handheld-uv-sterilization-lamp-portable-disinfection-light-mini-sanitizer-for-home-office-travel-kill-virus-germ-household/?rating=4 HTTP/1.1" 404 3792 "-" "Mozilla/5.0 (compatible; bingbot/2.0; +http://www.bing.com/bingbot.htm)"
66.249.66.148 - - [29/Sep/2020:19:48:46 -0400] "GET /product/50pcs-blue-durable-nitrile-disposable-gloves-rubber-food-gloves-universal-household-cleaning-gloves-kitchen-accessories-s-m-l/ HTTP/1.1" 404 4260 "-" "Mozilla/5.0 (Linux; Android 6.0.1; Nexus 5X Build/MMB29P) AppleWebKit/537.36 (KHTML, like Gecko) Chrome/85.0.4183.132 Mobile Safari/537.36 (compatible; Googlebot/2.1; +http://www.google.com/bot.html)"
207.46.13.234 - - [29/Sep/2020:19:53:29 -0400] "GET /product-category/purifiers/ HTTP/1.1" 404 3792 "-" "Mozilla/5.0 (compatible; bingbot/2.0; +http://www.bing.com/bingbot.htm)"
66.249.66.150 - - [29/Sep/2020:20:46:01 -0400] "GET /product/multi-function-uv-disinfection-portable-uv-hand-wand-ultraviolet-light-kill-bacteria-germ-disinfection/ HTTP/1.1" 404 4260 "-" "Mozilla/5.0 (Linux; Android 6.0.1; Nexus 5X Build/MMB29P) AppleWebKit/537.36 (KHTML, like Gecko) Chrome/85.0.4183.135 Mobile Safari/537.36 (compatible; Googlebot/2.1; +http://www.google.com/bot.html)"
185.191.171.9 - - [29/Sep/2020:20:47:17 -0400] "GET /robots.txt HTTP/1.1" 404 4223 "-" "Mozilla/5.0 (compatible; SemrushBot/6~bl; +http://www.semrush.com/bot.html)"
185.191.171.21 - - [29/Sep/2020:20:47:17 -0400] "GET /product/protective-welding-goggles-lenses-cutting-grinding-welding-eye-protector-labour-working-safety-eyewear-flip-up-cover-glasses/ HTTP/1.1" 404 4223 "-" "Mozilla/5.0 (compatible; SemrushBot/6~bl; +http://www.semrush.com/bot.html)"
157.55.39.9 - - [29/Sep/2020:20:49:28 -0400] "GET /product/60ml-antibacterial-disinfection-spray-alcohol-free-disposable-hand-sterilizer-germicidal-spray-home-disinfection-clean-wormwood/ HTTP/1.1" 404 3792 "-" "Mozilla/5.0 (compatible; bingbot/2.0; +http://www.bing.com/bingbot.htm)"
185.191.171.11 - - [29/Sep/2020:20:57:06 -0400] "GET /product-category/ventilators-and-masks/ HTTP/1.1" 404 4223 "-" "Mozilla/5.0 (compatible; SemrushBot/6~bl; +http://www.semrush.com/bot.html)"
66.249.66.148 - - [29/Sep/2020:21:32:35 -0400] "GET /.well-known/assetlinks.json HTTP/1.1" 404 4260 "-" "Mozilla/5.0 (compatible; Googlebot/2.1; +http://www.google.com/bot.html)"
207.46.13.120 - - [29/Sep/2020:21:42:02 -0400] "GET /product/portable-antibacterial-hand-sanitizer-disposable-disinfectant-gel-75-bacteriostatic-gel-hand-sanitizer-wipe-out-bacteria-50ml/?image=1 HTTP/1.1" 404 3792 "-" "Mozilla/5.0 (compatible; bingbot/2.0; +http://www.bing.com/bingbot.htm)"
66.249.66.148 - - [29/Sep/2020:21:45:03 -0400] "GET /product/dmwd-uv-water-sterilizer-ultraviolet-tube-lamp-direct-drink-water-disinfection-treatment-filter-aquarium-fish-tank-purifier-12w/ HTTP/1.1" 404 4260 "-" "Mozilla/5.0 (Linux; Android 6.0.1; Nexus 5X Build/MMB29P) AppleWebKit/537.36 (KHTML, like Gecko) Chrome/85.0.4183.132 Mobile Safari/537.36 (compatible; Googlebot/2.1; +http://www.google.com/bot.html)"
185.191.171.24 - - [29/Sep/2020:21:45:13 -0400] "GET /wp-login.php?redirect_to=https%3A%2F%2Fparanoidmicrobiology.com%2Fproduct%2F2019-air-purifier-for-home-with-true-hepa-filter-large-room-air-cleaner-for-allergies-and-pets-odor-eliminator-for-smers%2F HTTP/1.1" 404 4223 "-" "Mozilla/5.0 (compatible; SemrushBot/6~bl; +http://www.semrush.com/bot.html)"
185.191.171.13 - - [29/Sep/2020:22:03:35 -0400] "GET /robots.txt HTTP/1.1" 404 4223 "-" "Mozilla/5.0 (compatible; SemrushBot/6~bl; +http://www.semrush.com/bot.html)"
185.191.171.11 - - [29/Sep/2020:22:03:35 -0400] "GET /product/e27-3w-uvc-lamp-sterilizer-led-gu10-uv-ozone-lamp-e14-bulb-corona-virus-germs-mr16-germicidal-light-5w-7w-ultraviolet-lamp-220v/ HTTP/1.1" 404 4223 "-" "Mozilla/5.0 (compatible; SemrushBot/6~bl; +http://www.semrush.com/bot.html)"
66.249.66.146 - - [29/Sep/2020:22:08:42 -0400] "GET /product/portable-antibacterial-hand-sanitizer-disposable-disinfectant-gel-75-bacteriostatic-gel-hand-sanitizer-wipe-out-bacteria-50ml/ HTTP/1.1" 404 4260 "-" "Mozilla/5.0 (Linux; Android 6.0.1; Nexus 5X Build/MMB29P) AppleWebKit/537.36 (KHTML, like Gecko) Chrome/85.0.4183.135 Mobile Safari/537.36 (compatible; Googlebot/2.1; +http://www.google.com/bot.html)"
207.46.13.16 - - [29/Sep/2020:22:52:12 -0400] "GET /product/1pc-household-kitchen-home-carbon-faucet-mini-tap-water-clean-filter-purifier-filtration-cartridge-21-23mm-carbon-water-filter/ HTTP/1.1" 404 3792 "-" "Mozilla/5.0 (compatible; bingbot/2.0; +http://www.bing.com/bingbot.htm)"
185.191.171.25 - - [29/Sep/2020:23:01:31 -0400] "GET /wp-login.php?redirect_to=https%3A%2F%2Fparanoidmicrobiology.com%2Fproduct%2F420ml-spe-pem-hydrogen-generator-rich-water-bottle-electrolysis-energy-maker-lonizer-electrolysis-pure-h2-cup-usb-rechargeable%2F HTTP/1.1" 404 4223 "-" "Mozilla/5.0 (compatible; SemrushBot/6~bl; +http://www.semrush.com/bot.html)"
54.213.214.194 - - [29/Sep/2020:23:11:33 -0400] "GET / HTTP/1.1" 404 3620 "-" "-"
78.85.208.240 - - [29/Sep/2020:23:13:09 -0400] "GET /wp-content/plugins/product-input-fields-for-woocommerce/readme.txt HTTP/1.1" 301 696 "-" "Mozilla/5.0 (Windows NT 10.0; WOW64) AppleWebKit/537.36 (KHTML, like Gecko) Chrome/74.0.3729.169 Safari/537.36"
185.191.171.26 - - [29/Sep/2020:23:21:41 -0400] "GET /robots.txt HTTP/1.1" 404 4223 "-" "Mozilla/5.0 (compatible; SemrushBot/6~bl; +http://www.semrush.com/bot.html)"
185.191.171.6 - - [29/Sep/2020:23:21:42 -0400] "GET /wp-login.php?redirect_to=https%3A%2F%2Fparanoidmicrobiology.com%2Fproduct%2Fblack-anti-dust-mask-pm2-5-activated-carbon-filter-face-mouth-masks-reusable-mouth-cover-anti-bacterial-mask-men-women%2F HTTP/1.1" 404 4223 "-" "Mozilla/5.0 (compatible; SemrushBot/6~bl; +http://www.semrush.com/bot.html)"
39.101.65.235 - - [29/Sep/2020:23:40:51 -0400] "GET /public/js/wind.js HTTP/1.1" 301 635 "-" "Mozilla/5.0 (Windows NT 10.0; WOW64; rv:48.0) Gecko/20100101 Firefox/48.0"
39.101.65.235 - - [29/Sep/2020:23:40:52 -0400] "GET /public/js/wind.js HTTP/1.1" 404 3821 "-" "Mozilla/5.0 (Windows NT 10.0; WOW64; rv:48.0) Gecko/20100101 Firefox/48.0"
66.249.66.148 - - [29/Sep/2020:23:45:21 -0400] "GET /product-category/purifiers/ HTTP/1.1" 404 4260 "-" "Mozilla/5.0 (Linux; Android 6.0.1; Nexus 5X Build/MMB29P) AppleWebKit/537.36 (KHTML, like Gecko) Chrome/85.0.4183.132 Mobile Safari/537.36 (compatible; Googlebot/2.1; +http://www.google.com/bot.html)"
