66.249.66.159 - - [21/Sep/2020:05:11:14 -0400] "POST /?wc-ajax=get_refreshed_fragments HTTP/1.1" 200 4448 "https://paranoidmicrobiology.com/product/15w-ultraviolet-sterilizer-light-disinfection-220v-uvc-lamp-bactericidal-household-home-timer-kill-mite-germicidal-lights/" "Mozilla/5.0 (Linux; Android 6.0.1; Nexus 5X Build/MMB29P) AppleWebKit/537.36 (KHTML, like Gecko) Chrome/85.0.4183.113 Mobile Safari/537.36 (compatible; Googlebot/2.1; +http://www.google.com/bot.html)"
204.48.19.85 - - [21/Sep/2020:05:26:15 -0400] "POST /wp-cron.php?doing_wp_cron=1600680375.3391160964965820312500 HTTP/1.1" 200 4137 "https://paranoidmicrobiology.com/wp-cron.php?doing_wp_cron=1600680375.3391160964965820312500" "WordPress/5.3.4; https://paranoidmicrobiology.com"
40.77.167.132 - - [21/Sep/2020:05:26:14 -0400] "GET /product/10-50pcs-disposable-face-mask-3-layer-non-woven-prevent-droplet-mask-anti-dust-bacterial-breathable-face-mouth-cover/ HTTP/1.1" 200 21958 "-" "Mozilla/5.0 (compatible; bingbot/2.0; +http://www.bing.com/bingbot.htm)"
40.77.167.95 - - [21/Sep/2020:05:26:27 -0400] "GET /wp-content/plugins/woo-photo-reviews/js/script.js?ver=1.1.3.7 HTTP/1.1" 200 4415 "-" "Mozilla/5.0 (compatible; bingbot/2.0; +http://www.bing.com/bingbot.htm)"
207.46.13.47 - - [21/Sep/2020:05:26:31 -0400] "GET /wp-content/plugins/woo-photo-reviews/js/jquery.swipebox.js?ver=5.3.4 HTTP/1.1" 200 10166 "-" "Mozilla/5.0 (compatible; bingbot/2.0; +http://www.bing.com/bingbot.htm)"
207.46.13.47 - - [21/Sep/2020:05:26:32 -0400] "GET /wp-content/uploads/2020/03/10-50pcs-Disposable-Face-Mask-3-Layer-Non-Woven-Prevent-Droplet-Mask-Anti-Dust-Bacterial-Breathable-1-100x100.jpg HTTP/1.1" 200 3356 "-" "Mozilla/5.0 (compatible; bingbot/2.0; +http://www.bing.com/bingbot.htm)"
207.46.13.47 - - [21/Sep/2020:05:26:32 -0400] "GET /wp-content/uploads/2020/03/10-50pcs-Disposable-Face-Mask-3-Layer-Non-Woven-Prevent-Droplet-Mask-Anti-Dust-Bacterial-Breathable-100x100.jpg HTTP/1.1" 200 3355 "-" "Mozilla/5.0 (compatible; bingbot/2.0; +http://www.bing.com/bingbot.htm)"
207.46.13.47 - - [21/Sep/2020:05:26:32 -0400] "GET /wp-content/uploads/2020/03/10-50pcs-Disposable-Face-Mask-3-Layer-Non-Woven-Prevent-Droplet-Mask-Anti-Dust-Bacterial-Breathable.jpg HTTP/1.1" 200 234523 "-" "Mozilla/5.0 (compatible; bingbot/2.0; +http://www.bing.com/bingbot.htm)"
157.55.39.223 - - [21/Sep/2020:05:26:42 -0400] "GET /wp-content/plugins/woo-photo-reviews/css/style.css?ver=1.1.3.7 HTTP/1.1" 200 5147 "-" "Mozilla/5.0 (compatible; bingbot/2.0; +http://www.bing.com/bingbot.htm)"
157.55.39.198 - - [21/Sep/2020:05:26:47 -0400] "GET /wp-content/uploads/2020/03/10-50pcs-Disposable-Face-Mask-3-Layer-Non-Woven-Prevent-Droplet-Mask-Anti-Dust-Bacterial-Breathable-3-100x100.jpg HTTP/1.1" 200 6965 "-" "Mozilla/5.0 (compatible; bingbot/2.0; +http://www.bing.com/bingbot.htm)"
157.55.39.51 - - [21/Sep/2020:05:26:51 -0400] "GET /wp-content/uploads/2020/03/10-50pcs-Disposable-Face-Mask-3-Layer-Non-Woven-Prevent-Droplet-Mask-Anti-Dust-Bacterial-Breathable-4-100x100.jpg HTTP/1.1" 200 6495 "-" "Mozilla/5.0 (compatible; bingbot/2.0; +http://www.bing.com/bingbot.htm)"
157.55.39.51 - - [21/Sep/2020:05:26:51 -0400] "GET /wp-includes/js/underscore.min.js?ver=1.8.3 HTTP/1.1" 200 6187 "-" "Mozilla/5.0 (compatible; bingbot/2.0; +http://www.bing.com/bingbot.htm)"
40.77.167.132 - - [21/Sep/2020:05:26:56 -0400] "GET /wp-content/uploads/2020/03/10-50pcs-Disposable-Face-Mask-3-Layer-Non-Woven-Prevent-Droplet-Mask-Anti-Dust-Bacterial-Breathable-5-100x100.jpg HTTP/1.1" 200 6825 "-" "Mozilla/5.0 (compatible; bingbot/2.0; +http://www.bing.com/bingbot.htm)"
204.48.19.85 - - [21/Sep/2020:05:49:20 -0400] "POST /wp-cron.php?doing_wp_cron=1600681760.1726570129394531250000 HTTP/1.1" 200 4137 "https://paranoidmicrobiology.com/wp-cron.php?doing_wp_cron=1600681760.1726570129394531250000" "WordPress/5.3.4; https://paranoidmicrobiology.com"
193.106.30.99 - - [21/Sep/2020:05:49:19 -0400] "POST /wp-content/themes/error-log.php HTTP/1.1" 404 29889 "-" "Mozilla/5.0 (Windows NT 10.0; Win64; x64) AppleWebKit/537.36 (KHTML, like Gecko) Chrome/74.0.3729.169 Safari/537.36"
204.48.19.85 - - [21/Sep/2020:05:51:54 -0400] "POST /wp-cron.php?doing_wp_cron=1600681914.7176079750061035156250 HTTP/1.1" 200 4137 "https://paranoidmicrobiology.com/wp-cron.php?doing_wp_cron=1600681914.7176079750061035156250" "WordPress/5.3.4; https://paranoidmicrobiology.com"
207.46.13.218 - - [21/Sep/2020:05:51:54 -0400] "GET /robots.txt HTTP/1.1" 200 3763 "-" "Mozilla/5.0 (compatible; bingbot/2.0; +http://www.bing.com/bingbot.htm)"
207.46.13.218 - - [21/Sep/2020:05:51:56 -0400] "GET /robots.txt HTTP/1.1" 200 3805 "-" "Mozilla/5.0 (compatible; bingbot/2.0; +http://www.bing.com/bingbot.htm)"
49.204.191.42 - - [21/Sep/2020:05:54:23 -0400] "GET /wp-content/uploads/2020/03/5pcs-Disposable-No-Clean-Waterless-Hand-Sanitizer-for-Children-75-Alcohol-Antibacterial-Hand-Sanitizer-Disinfection-Gel-4.jpg HTTP/1.1" 200 158117 "https://www.bing.com/" "Mozilla/5.0 (Linux; Android 5.1.1; AFTT) AppleWebKit/537.36 (KHTML, like Gecko) Silk/84.3.5 like Chrome/84.0.4147.125 Safari/537.36"
178.62.1.145 - - [21/Sep/2020:05:56:46 -0400] "GET /wp-login.php HTTP/1.1" 200 7823 "-" "Mozilla/5.0 (X11; Ubuntu; Linux x86_64; rv:62.0) Gecko/20100101 Firefox/62.0"
178.62.1.145 - - [21/Sep/2020:05:56:47 -0400] "POST /wp-login.php HTTP/1.1" 200 7823 "-" "Mozilla/5.0 (X11; Ubuntu; Linux x86_64; rv:62.0) Gecko/20100101 Firefox/62.0"
204.48.19.85 - - [21/Sep/2020:05:56:49 -0400] "POST /wp-cron.php?doing_wp_cron=1600682209.3311340808868408203125 HTTP/1.1" 200 4137 "https://paranoidmicrobiology.com/wp-cron.php?doing_wp_cron=1600682209.3311340808868408203125" "WordPress/5.3.4; https://paranoidmicrobiology.com"
178.62.1.145 - - [21/Sep/2020:05:56:48 -0400] "POST /xmlrpc.php HTTP/1.1" 200 3687 "-" "Mozilla/5.0 (X11; Ubuntu; Linux x86_64; rv:62.0) Gecko/20100101 Firefox/62.0"
204.48.19.85 - - [21/Sep/2020:05:58:00 -0400] "POST /wp-cron.php?doing_wp_cron=1600682280.2029869556427001953125 HTTP/1.1" 200 4137 "https://paranoidmicrobiology.com/wp-cron.php?doing_wp_cron=1600682280.2029869556427001953125" "WordPress/5.3.4; https://paranoidmicrobiology.com"
157.55.39.51 - - [21/Sep/2020:05:57:59 -0400] "GET /product/home-air-purifier-with-true-hepa-filter-for-allergies-and-petssmokemoldgerms-and-dust-odor-eliminatordesktop-air-cleaner/ HTTP/1.1" 200 21718 "-" "Mozilla/5.0 (compatible; bingbot/2.0; +http://www.bing.com/bingbot.htm)"
183.62.199.82 - - [21/Sep/2020:05:58:28 -0400] "GET /wp-content/uploads/2020/03/E27-UV-Bactericidal-lamp-led-220V-E14-UVC-Germicidal-Light-Led-GU10-Disinfection-Kill-Germs-Mite-300x300.jpg HTTP/1.1" 200 30384 "https://cn.bing.com/" "Mozilla/5.0 (Windows NT 10.0; Win64; x64) AppleWebKit/537.36 (KHTML, like Gecko) Chrome/85.0.4183.102 Safari/537.36 Edg/85.0.564.51"
212.83.146.233 - - [21/Sep/2020:06:08:41 -0400] "GET / HTTP/1.1" 301 564 "-" "Mozilla/5.0 (X11; Ubuntu; Linux x86_64; rv:58.0) Gecko/20100101 Firefox/58.0"
204.48.19.85 - - [21/Sep/2020:06:10:39 -0400] "POST /wp-cron.php?doing_wp_cron=1600683039.0638558864593505859375 HTTP/1.1" 200 4137 "https://paranoidmicrobiology.com/wp-cron.php?doing_wp_cron=1600683039.0638558864593505859375" "WordPress/5.3.4; https://paranoidmicrobiology.com"
212.83.146.233 - - [21/Sep/2020:06:10:38 -0400] "GET / HTTP/1.1" 200 87152 "-" "Mozilla/5.0 (X11; Ubuntu; Linux x86_64; rv:58.0) Gecko/20100101 Firefox/58.0"
157.55.39.242 - - [21/Sep/2020:06:29:42 -0400] "GET /wp-content/uploads/2020/03/Home-Air-Purifier-with-True-HEPA-Filter-for-Allergies-and-Pets-Smoke-Mold-Germs-and-Dust-4.jpg HTTP/1.1" 200 133529 "-" "Mozilla/5.0 (compatible; bingbot/2.0; +http://www.bing.com/bingbot.htm)"
157.55.39.231 - - [21/Sep/2020:06:31:02 -0400] "GET /wp-content/themes/gridmag/assets/js/skip-link-focus-fix.js HTTP/1.1" 200 4128 "-" "Mozilla/5.0 (compatible; bingbot/2.0; +http://www.bing.com/bingbot.htm)"
157.55.39.231 - - [21/Sep/2020:06:31:06 -0400] "GET /wp-content/uploads/2020/03/10-50pcs-Disposable-Face-Mask-3-Layer-Non-Woven-Prevent-Droplet-Mask-Anti-Dust-Bacterial-Breathable-2-100x100.jpg HTTP/1.1" 200 3431 "-" "Mozilla/5.0 (compatible; bingbot/2.0; +http://www.bing.com/bingbot.htm)"
62.210.140.84 - - [21/Sep/2020:06:34:20 -0400] "GET / HTTP/1.1" 301 601 "-" "Mozilla/5.0 (Windows NT 10.0; Win64; x64) AppleWebKit/537.36 (KHTML, like Gecko) Chrome/80.0.3987.149 Safari/537.36"
204.48.19.85 - - [21/Sep/2020:06:34:22 -0400] "POST /wp-cron.php?doing_wp_cron=1600684462.3363449573516845703125 HTTP/1.1" 200 4137 "https://paranoidmicrobiology.com/wp-cron.php?doing_wp_cron=1600684462.3363449573516845703125" "WordPress/5.3.4; https://paranoidmicrobiology.com"
62.210.140.84 - - [21/Sep/2020:06:34:21 -0400] "GET / HTTP/1.1" 200 86897 "-" "Mozilla/5.0 (Windows NT 10.0; Win64; x64) AppleWebKit/537.36 (KHTML, like Gecko) Chrome/80.0.3987.149 Safari/537.36"
62.210.140.84 - - [21/Sep/2020:06:34:23 -0400] "GET //wp-includes/wlwmanifest.xml HTTP/1.1" 200 1461 "-" "Mozilla/5.0 (Windows NT 10.0; Win64; x64) AppleWebKit/537.36 (KHTML, like Gecko) Chrome/80.0.3987.149 Safari/537.36"
62.210.140.84 - - [21/Sep/2020:06:34:23 -0400] "GET //?author=1 HTTP/1.1" 301 439 "-" "Mozilla/5.0 (Windows NT 10.0; Win64; x64) AppleWebKit/537.36 (KHTML, like Gecko) Chrome/80.0.3987.149 Safari/537.36"
62.210.140.84 - - [21/Sep/2020:06:34:24 -0400] "GET //?author=2 HTTP/1.1" 301 437 "-" "Mozilla/5.0 (Windows NT 10.0; Win64; x64) AppleWebKit/537.36 (KHTML, like Gecko) Chrome/80.0.3987.149 Safari/537.36"
62.210.140.84 - - [21/Sep/2020:06:34:25 -0400] "GET //wp-json/wp/v2/users/ HTTP/1.1" 200 1741 "-" "Mozilla/5.0 (Windows NT 10.0; Win64; x64) AppleWebKit/537.36 (KHTML, like Gecko) Chrome/80.0.3987.149 Safari/537.36"
62.210.140.84 - - [21/Sep/2020:06:34:26 -0400] "POST //xmlrpc.php HTTP/1.1" 200 835 "-" "Mozilla/5.0 (Windows NT 10.0; Win64; x64) AppleWebKit/537.36 (KHTML, like Gecko) Chrome/80.0.3987.149 Safari/537.36"
62.210.140.84 - - [21/Sep/2020:06:34:27 -0400] "POST //xmlrpc.php HTTP/1.1" 200 4123 "-" "Mozilla/5.0 (Windows NT 10.0; Win64; x64) AppleWebKit/537.36 (KHTML, like Gecko) Chrome/80.0.3987.149 Safari/537.36"
62.210.140.84 - - [21/Sep/2020:06:34:28 -0400] "POST //xmlrpc.php HTTP/1.1" 200 4123 "-" "Mozilla/5.0 (Windows NT 10.0; Win64; x64) AppleWebKit/537.36 (KHTML, like Gecko) Chrome/80.0.3987.149 Safari/537.36"
62.210.140.84 - - [21/Sep/2020:06:34:28 -0400] "POST //xmlrpc.php HTTP/1.1" 200 4123 "-" "Mozilla/5.0 (Windows NT 10.0; Win64; x64) AppleWebKit/537.36 (KHTML, like Gecko) Chrome/80.0.3987.149 Safari/537.36"
62.210.140.84 - - [21/Sep/2020:06:34:29 -0400] "POST //xmlrpc.php HTTP/1.1" 200 4123 "-" "Mozilla/5.0 (Windows NT 10.0; Win64; x64) AppleWebKit/537.36 (KHTML, like Gecko) Chrome/80.0.3987.149 Safari/537.36"
62.210.140.84 - - [21/Sep/2020:06:34:31 -0400] "POST //xmlrpc.php HTTP/1.1" 200 4123 "-" "Mozilla/5.0 (Windows NT 10.0; Win64; x64) AppleWebKit/537.36 (KHTML, like Gecko) Chrome/80.0.3987.149 Safari/537.36"
62.210.140.84 - - [21/Sep/2020:06:34:31 -0400] "POST //xmlrpc.php HTTP/1.1" 200 4123 "-" "Mozilla/5.0 (Windows NT 10.0; Win64; x64) AppleWebKit/537.36 (KHTML, like Gecko) Chrome/80.0.3987.149 Safari/537.36"
62.210.140.84 - - [21/Sep/2020:06:34:32 -0400] "POST //xmlrpc.php HTTP/1.1" 200 4123 "-" "Mozilla/5.0 (Windows NT 10.0; Win64; x64) AppleWebKit/537.36 (KHTML, like Gecko) Chrome/80.0.3987.149 Safari/537.36"
62.210.140.84 - - [21/Sep/2020:06:34:34 -0400] "POST //xmlrpc.php HTTP/1.1" 200 4123 "-" "Mozilla/5.0 (Windows NT 10.0; Win64; x64) AppleWebKit/537.36 (KHTML, like Gecko) Chrome/80.0.3987.149 Safari/537.36"
62.210.140.84 - - [21/Sep/2020:06:34:35 -0400] "POST //xmlrpc.php HTTP/1.1" 200 4123 "-" "Mozilla/5.0 (Windows NT 10.0; Win64; x64) AppleWebKit/537.36 (KHTML, like Gecko) Chrome/80.0.3987.149 Safari/537.36"
204.48.19.85 - - [21/Sep/2020:06:34:36 -0400] "POST /wp-cron.php?doing_wp_cron=1600684476.6241319179534912109375 HTTP/1.1" 200 4137 "https://paranoidmicrobiology.com/wp-cron.php?doing_wp_cron=1600684476.6241319179534912109375" "WordPress/5.3.4; https://paranoidmicrobiology.com"
62.210.140.84 - - [21/Sep/2020:06:34:35 -0400] "POST //xmlrpc.php HTTP/1.1" 200 4123 "-" "Mozilla/5.0 (Windows NT 10.0; Win64; x64) AppleWebKit/537.36 (KHTML, like Gecko) Chrome/80.0.3987.149 Safari/537.36"
62.210.140.84 - - [21/Sep/2020:06:34:37 -0400] "POST //xmlrpc.php HTTP/1.1" 200 4123 "-" "Mozilla/5.0 (Windows NT 10.0; Win64; x64) AppleWebKit/537.36 (KHTML, like Gecko) Chrome/80.0.3987.149 Safari/537.36"
62.210.140.84 - - [21/Sep/2020:06:34:38 -0400] "POST //xmlrpc.php HTTP/1.1" 200 4123 "-" "Mozilla/5.0 (Windows NT 10.0; Win64; x64) AppleWebKit/537.36 (KHTML, like Gecko) Chrome/80.0.3987.149 Safari/537.36"
62.210.140.84 - - [21/Sep/2020:06:34:39 -0400] "POST //xmlrpc.php HTTP/1.1" 200 4123 "-" "Mozilla/5.0 (Windows NT 10.0; Win64; x64) AppleWebKit/537.36 (KHTML, like Gecko) Chrome/80.0.3987.149 Safari/537.36"
62.210.140.84 - - [21/Sep/2020:06:34:41 -0400] "POST //xmlrpc.php HTTP/1.1" 200 4123 "-" "Mozilla/5.0 (Windows NT 10.0; Win64; x64) AppleWebKit/537.36 (KHTML, like Gecko) Chrome/80.0.3987.149 Safari/537.36"
62.210.140.84 - - [21/Sep/2020:06:34:42 -0400] "POST //xmlrpc.php HTTP/1.1" 200 4123 "-" "Mozilla/5.0 (Windows NT 10.0; Win64; x64) AppleWebKit/537.36 (KHTML, like Gecko) Chrome/80.0.3987.149 Safari/537.36"
62.210.140.84 - - [21/Sep/2020:06:34:43 -0400] "POST //xmlrpc.php HTTP/1.1" 200 4123 "-" "Mozilla/5.0 (Windows NT 10.0; Win64; x64) AppleWebKit/537.36 (KHTML, like Gecko) Chrome/80.0.3987.149 Safari/537.36"
62.210.140.84 - - [21/Sep/2020:06:34:44 -0400] "POST //xmlrpc.php HTTP/1.1" 200 4123 "-" "Mozilla/5.0 (Windows NT 10.0; Win64; x64) AppleWebKit/537.36 (KHTML, like Gecko) Chrome/80.0.3987.149 Safari/537.36"
62.210.140.84 - - [21/Sep/2020:06:34:45 -0400] "POST //xmlrpc.php HTTP/1.1" 200 4123 "-" "Mozilla/5.0 (Windows NT 10.0; Win64; x64) AppleWebKit/537.36 (KHTML, like Gecko) Chrome/80.0.3987.149 Safari/537.36"
204.48.19.85 - - [21/Sep/2020:06:34:46 -0400] "POST /wp-cron.php?doing_wp_cron=1600684486.6481869220733642578125 HTTP/1.1" 200 4137 "https://paranoidmicrobiology.com/wp-cron.php?doing_wp_cron=1600684486.6481869220733642578125" "WordPress/5.3.4; https://paranoidmicrobiology.com"
62.210.140.84 - - [21/Sep/2020:06:34:46 -0400] "POST //xmlrpc.php HTTP/1.1" 200 4123 "-" "Mozilla/5.0 (Windows NT 10.0; Win64; x64) AppleWebKit/537.36 (KHTML, like Gecko) Chrome/80.0.3987.149 Safari/537.36"
62.210.140.84 - - [21/Sep/2020:06:34:48 -0400] "POST //xmlrpc.php HTTP/1.1" 200 4123 "-" "Mozilla/5.0 (Windows NT 10.0; Win64; x64) AppleWebKit/537.36 (KHTML, like Gecko) Chrome/80.0.3987.149 Safari/537.36"
62.210.140.84 - - [21/Sep/2020:06:34:49 -0400] "POST //xmlrpc.php HTTP/1.1" 200 4123 "-" "Mozilla/5.0 (Windows NT 10.0; Win64; x64) AppleWebKit/537.36 (KHTML, like Gecko) Chrome/80.0.3987.149 Safari/537.36"
62.210.140.84 - - [21/Sep/2020:06:34:50 -0400] "POST //xmlrpc.php HTTP/1.1" 200 4123 "-" "Mozilla/5.0 (Windows NT 10.0; Win64; x64) AppleWebKit/537.36 (KHTML, like Gecko) Chrome/80.0.3987.149 Safari/537.36"
62.210.140.84 - - [21/Sep/2020:06:34:51 -0400] "POST //xmlrpc.php HTTP/1.1" 200 4123 "-" "Mozilla/5.0 (Windows NT 10.0; Win64; x64) AppleWebKit/537.36 (KHTML, like Gecko) Chrome/80.0.3987.149 Safari/537.36"
62.210.140.84 - - [21/Sep/2020:06:34:52 -0400] "POST //xmlrpc.php HTTP/1.1" 200 4123 "-" "Mozilla/5.0 (Windows NT 10.0; Win64; x64) AppleWebKit/537.36 (KHTML, like Gecko) Chrome/80.0.3987.149 Safari/537.36"
62.210.140.84 - - [21/Sep/2020:06:34:53 -0400] "POST //xmlrpc.php HTTP/1.1" 200 4123 "-" "Mozilla/5.0 (Windows NT 10.0; Win64; x64) AppleWebKit/537.36 (KHTML, like Gecko) Chrome/80.0.3987.149 Safari/537.36"
62.210.140.84 - - [21/Sep/2020:06:34:54 -0400] "POST //xmlrpc.php HTTP/1.1" 200 4123 "-" "Mozilla/5.0 (Windows NT 10.0; Win64; x64) AppleWebKit/537.36 (KHTML, like Gecko) Chrome/80.0.3987.149 Safari/537.36"
62.210.140.84 - - [21/Sep/2020:06:34:55 -0400] "POST //xmlrpc.php HTTP/1.1" 200 4123 "-" "Mozilla/5.0 (Windows NT 10.0; Win64; x64) AppleWebKit/537.36 (KHTML, like Gecko) Chrome/80.0.3987.149 Safari/537.36"
62.210.140.84 - - [21/Sep/2020:06:34:56 -0400] "POST //xmlrpc.php HTTP/1.1" 200 4123 "-" "Mozilla/5.0 (Windows NT 10.0; Win64; x64) AppleWebKit/537.36 (KHTML, like Gecko) Chrome/80.0.3987.149 Safari/537.36"
62.210.140.84 - - [21/Sep/2020:06:34:57 -0400] "POST //xmlrpc.php HTTP/1.1" 200 4123 "-" "Mozilla/5.0 (Windows NT 10.0; Win64; x64) AppleWebKit/537.36 (KHTML, like Gecko) Chrome/80.0.3987.149 Safari/537.36"
62.210.140.84 - - [21/Sep/2020:06:34:58 -0400] "POST //xmlrpc.php HTTP/1.1" 200 4123 "-" "Mozilla/5.0 (Windows NT 10.0; Win64; x64) AppleWebKit/537.36 (KHTML, like Gecko) Chrome/80.0.3987.149 Safari/537.36"
62.210.140.84 - - [21/Sep/2020:06:34:59 -0400] "POST //xmlrpc.php HTTP/1.1" 200 4123 "-" "Mozilla/5.0 (Windows NT 10.0; Win64; x64) AppleWebKit/537.36 (KHTML, like Gecko) Chrome/80.0.3987.149 Safari/537.36"
62.210.140.84 - - [21/Sep/2020:06:35:00 -0400] "POST //xmlrpc.php HTTP/1.1" 200 4123 "-" "Mozilla/5.0 (Windows NT 10.0; Win64; x64) AppleWebKit/537.36 (KHTML, like Gecko) Chrome/80.0.3987.149 Safari/537.36"
62.210.140.84 - - [21/Sep/2020:06:35:01 -0400] "POST //xmlrpc.php HTTP/1.1" 200 4123 "-" "Mozilla/5.0 (Windows NT 10.0; Win64; x64) AppleWebKit/537.36 (KHTML, like Gecko) Chrome/80.0.3987.149 Safari/537.36"
62.210.140.84 - - [21/Sep/2020:06:35:02 -0400] "POST //xmlrpc.php HTTP/1.1" 200 4123 "-" "Mozilla/5.0 (Windows NT 10.0; Win64; x64) AppleWebKit/537.36 (KHTML, like Gecko) Chrome/80.0.3987.149 Safari/537.36"
62.210.140.84 - - [21/Sep/2020:06:35:03 -0400] "POST //xmlrpc.php HTTP/1.1" 200 4123 "-" "Mozilla/5.0 (Windows NT 10.0; Win64; x64) AppleWebKit/537.36 (KHTML, like Gecko) Chrome/80.0.3987.149 Safari/537.36"
62.210.140.84 - - [21/Sep/2020:06:35:04 -0400] "POST //xmlrpc.php HTTP/1.1" 200 4123 "-" "Mozilla/5.0 (Windows NT 10.0; Win64; x64) AppleWebKit/537.36 (KHTML, like Gecko) Chrome/80.0.3987.149 Safari/537.36"
62.210.140.84 - - [21/Sep/2020:06:35:06 -0400] "POST //xmlrpc.php HTTP/1.1" 200 4123 "-" "Mozilla/5.0 (Windows NT 10.0; Win64; x64) AppleWebKit/537.36 (KHTML, like Gecko) Chrome/80.0.3987.149 Safari/537.36"
62.210.140.84 - - [21/Sep/2020:06:35:07 -0400] "POST //xmlrpc.php HTTP/1.1" 200 4123 "-" "Mozilla/5.0 (Windows NT 10.0; Win64; x64) AppleWebKit/537.36 (KHTML, like Gecko) Chrome/80.0.3987.149 Safari/537.36"
62.210.140.84 - - [21/Sep/2020:06:35:08 -0400] "POST //xmlrpc.php HTTP/1.1" 200 4123 "-" "Mozilla/5.0 (Windows NT 10.0; Win64; x64) AppleWebKit/537.36 (KHTML, like Gecko) Chrome/80.0.3987.149 Safari/537.36"
62.210.140.84 - - [21/Sep/2020:06:35:09 -0400] "POST //xmlrpc.php HTTP/1.1" 200 4123 "-" "Mozilla/5.0 (Windows NT 10.0; Win64; x64) AppleWebKit/537.36 (KHTML, like Gecko) Chrome/80.0.3987.149 Safari/537.36"
62.210.140.84 - - [21/Sep/2020:06:35:10 -0400] "POST //xmlrpc.php HTTP/1.1" 200 4123 "-" "Mozilla/5.0 (Windows NT 10.0; Win64; x64) AppleWebKit/537.36 (KHTML, like Gecko) Chrome/80.0.3987.149 Safari/537.36"
62.210.140.84 - - [21/Sep/2020:06:35:11 -0400] "POST //xmlrpc.php HTTP/1.1" 200 4123 "-" "Mozilla/5.0 (Windows NT 10.0; Win64; x64) AppleWebKit/537.36 (KHTML, like Gecko) Chrome/80.0.3987.149 Safari/537.36"
62.210.140.84 - - [21/Sep/2020:06:35:12 -0400] "POST //xmlrpc.php HTTP/1.1" 200 4123 "-" "Mozilla/5.0 (Windows NT 10.0; Win64; x64) AppleWebKit/537.36 (KHTML, like Gecko) Chrome/80.0.3987.149 Safari/537.36"
62.210.140.84 - - [21/Sep/2020:06:35:13 -0400] "POST //xmlrpc.php HTTP/1.1" 200 4123 "-" "Mozilla/5.0 (Windows NT 10.0; Win64; x64) AppleWebKit/537.36 (KHTML, like Gecko) Chrome/80.0.3987.149 Safari/537.36"
62.210.140.84 - - [21/Sep/2020:06:35:14 -0400] "POST //xmlrpc.php HTTP/1.1" 200 4123 "-" "Mozilla/5.0 (Windows NT 10.0; Win64; x64) AppleWebKit/537.36 (KHTML, like Gecko) Chrome/80.0.3987.149 Safari/537.36"
62.210.140.84 - - [21/Sep/2020:06:35:15 -0400] "POST //xmlrpc.php HTTP/1.1" 200 4123 "-" "Mozilla/5.0 (Windows NT 10.0; Win64; x64) AppleWebKit/537.36 (KHTML, like Gecko) Chrome/80.0.3987.149 Safari/537.36"
62.210.140.84 - - [21/Sep/2020:06:35:17 -0400] "POST //xmlrpc.php HTTP/1.1" 200 4123 "-" "Mozilla/5.0 (Windows NT 10.0; Win64; x64) AppleWebKit/537.36 (KHTML, like Gecko) Chrome/80.0.3987.149 Safari/537.36"
62.210.140.84 - - [21/Sep/2020:06:35:18 -0400] "POST //xmlrpc.php HTTP/1.1" 200 4123 "-" "Mozilla/5.0 (Windows NT 10.0; Win64; x64) AppleWebKit/537.36 (KHTML, like Gecko) Chrome/80.0.3987.149 Safari/537.36"
62.210.140.84 - - [21/Sep/2020:06:35:19 -0400] "POST //xmlrpc.php HTTP/1.1" 200 4123 "-" "Mozilla/5.0 (Windows NT 10.0; Win64; x64) AppleWebKit/537.36 (KHTML, like Gecko) Chrome/80.0.3987.149 Safari/537.36"
62.210.140.84 - - [21/Sep/2020:06:35:20 -0400] "POST //xmlrpc.php HTTP/1.1" 200 4123 "-" "Mozilla/5.0 (Windows NT 10.0; Win64; x64) AppleWebKit/537.36 (KHTML, like Gecko) Chrome/80.0.3987.149 Safari/537.36"
62.210.140.84 - - [21/Sep/2020:06:35:21 -0400] "POST //xmlrpc.php HTTP/1.1" 200 4123 "-" "Mozilla/5.0 (Windows NT 10.0; Win64; x64) AppleWebKit/537.36 (KHTML, like Gecko) Chrome/80.0.3987.149 Safari/537.36"
62.210.140.84 - - [21/Sep/2020:06:35:22 -0400] "POST //xmlrpc.php HTTP/1.1" 200 4123 "-" "Mozilla/5.0 (Windows NT 10.0; Win64; x64) AppleWebKit/537.36 (KHTML, like Gecko) Chrome/80.0.3987.149 Safari/537.36"
204.48.19.85 - - [21/Sep/2020:06:35:23 -0400] "POST /wp-cron.php?doing_wp_cron=1600684523.9240939617156982421875 HTTP/1.1" 200 4137 "https://paranoidmicrobiology.com/wp-cron.php?doing_wp_cron=1600684523.9240939617156982421875" "WordPress/5.3.4; https://paranoidmicrobiology.com"
62.210.140.84 - - [21/Sep/2020:06:35:23 -0400] "POST //xmlrpc.php HTTP/1.1" 200 4123 "-" "Mozilla/5.0 (Windows NT 10.0; Win64; x64) AppleWebKit/537.36 (KHTML, like Gecko) Chrome/80.0.3987.149 Safari/537.36"
62.210.140.84 - - [21/Sep/2020:06:35:25 -0400] "POST //xmlrpc.php HTTP/1.1" 200 4123 "-" "Mozilla/5.0 (Windows NT 10.0; Win64; x64) AppleWebKit/537.36 (KHTML, like Gecko) Chrome/80.0.3987.149 Safari/537.36"
62.210.140.84 - - [21/Sep/2020:06:35:26 -0400] "POST //xmlrpc.php HTTP/1.1" 200 4123 "-" "Mozilla/5.0 (Windows NT 10.0; Win64; x64) AppleWebKit/537.36 (KHTML, like Gecko) Chrome/80.0.3987.149 Safari/537.36"
62.210.140.84 - - [21/Sep/2020:06:35:27 -0400] "POST //xmlrpc.php HTTP/1.1" 200 4123 "-" "Mozilla/5.0 (Windows NT 10.0; Win64; x64) AppleWebKit/537.36 (KHTML, like Gecko) Chrome/80.0.3987.149 Safari/537.36"
62.210.140.84 - - [21/Sep/2020:06:35:27 -0400] "POST //xmlrpc.php HTTP/1.1" 200 4123 "-" "Mozilla/5.0 (Windows NT 10.0; Win64; x64) AppleWebKit/537.36 (KHTML, like Gecko) Chrome/80.0.3987.149 Safari/537.36"
62.210.140.84 - - [21/Sep/2020:06:35:28 -0400] "POST //xmlrpc.php HTTP/1.1" 200 4123 "-" "Mozilla/5.0 (Windows NT 10.0; Win64; x64) AppleWebKit/537.36 (KHTML, like Gecko) Chrome/80.0.3987.149 Safari/537.36"
62.210.140.84 - - [21/Sep/2020:06:35:29 -0400] "POST //xmlrpc.php HTTP/1.1" 200 4123 "-" "Mozilla/5.0 (Windows NT 10.0; Win64; x64) AppleWebKit/537.36 (KHTML, like Gecko) Chrome/80.0.3987.149 Safari/537.36"
62.210.140.84 - - [21/Sep/2020:06:35:30 -0400] "POST //xmlrpc.php HTTP/1.1" 200 4123 "-" "Mozilla/5.0 (Windows NT 10.0; Win64; x64) AppleWebKit/537.36 (KHTML, like Gecko) Chrome/80.0.3987.149 Safari/537.36"
62.210.140.84 - - [21/Sep/2020:06:35:31 -0400] "POST //xmlrpc.php HTTP/1.1" 200 4123 "-" "Mozilla/5.0 (Windows NT 10.0; Win64; x64) AppleWebKit/537.36 (KHTML, like Gecko) Chrome/80.0.3987.149 Safari/537.36"
62.210.140.84 - - [21/Sep/2020:06:35:32 -0400] "POST //xmlrpc.php HTTP/1.1" 200 4123 "-" "Mozilla/5.0 (Windows NT 10.0; Win64; x64) AppleWebKit/537.36 (KHTML, like Gecko) Chrome/80.0.3987.149 Safari/537.36"
62.210.140.84 - - [21/Sep/2020:06:35:33 -0400] "POST //xmlrpc.php HTTP/1.1" 200 4123 "-" "Mozilla/5.0 (Windows NT 10.0; Win64; x64) AppleWebKit/537.36 (KHTML, like Gecko) Chrome/80.0.3987.149 Safari/537.36"
62.210.140.84 - - [21/Sep/2020:06:35:34 -0400] "POST //xmlrpc.php HTTP/1.1" 200 4123 "-" "Mozilla/5.0 (Windows NT 10.0; Win64; x64) AppleWebKit/537.36 (KHTML, like Gecko) Chrome/80.0.3987.149 Safari/537.36"
204.48.19.85 - - [21/Sep/2020:06:35:36 -0400] "POST /wp-cron.php?doing_wp_cron=1600684536.4202649593353271484375 HTTP/1.1" 200 4137 "https://paranoidmicrobiology.com/wp-cron.php?doing_wp_cron=1600684536.4202649593353271484375" "WordPress/5.3.4; https://paranoidmicrobiology.com"
62.210.140.84 - - [21/Sep/2020:06:35:35 -0400] "POST //xmlrpc.php HTTP/1.1" 200 4123 "-" "Mozilla/5.0 (Windows NT 10.0; Win64; x64) AppleWebKit/537.36 (KHTML, like Gecko) Chrome/80.0.3987.149 Safari/537.36"
62.210.140.84 - - [21/Sep/2020:06:35:37 -0400] "POST //xmlrpc.php HTTP/1.1" 200 4123 "-" "Mozilla/5.0 (Windows NT 10.0; Win64; x64) AppleWebKit/537.36 (KHTML, like Gecko) Chrome/80.0.3987.149 Safari/537.36"
62.210.140.84 - - [21/Sep/2020:06:35:38 -0400] "POST //xmlrpc.php HTTP/1.1" 200 4123 "-" "Mozilla/5.0 (Windows NT 10.0; Win64; x64) AppleWebKit/537.36 (KHTML, like Gecko) Chrome/80.0.3987.149 Safari/537.36"
62.210.140.84 - - [21/Sep/2020:06:35:39 -0400] "POST //xmlrpc.php HTTP/1.1" 200 4123 "-" "Mozilla/5.0 (Windows NT 10.0; Win64; x64) AppleWebKit/537.36 (KHTML, like Gecko) Chrome/80.0.3987.149 Safari/537.36"
62.210.140.84 - - [21/Sep/2020:06:35:40 -0400] "POST //xmlrpc.php HTTP/1.1" 200 4123 "-" "Mozilla/5.0 (Windows NT 10.0; Win64; x64) AppleWebKit/537.36 (KHTML, like Gecko) Chrome/80.0.3987.149 Safari/537.36"
62.210.140.84 - - [21/Sep/2020:06:35:41 -0400] "POST //xmlrpc.php HTTP/1.1" 200 4123 "-" "Mozilla/5.0 (Windows NT 10.0; Win64; x64) AppleWebKit/537.36 (KHTML, like Gecko) Chrome/80.0.3987.149 Safari/537.36"
62.210.140.84 - - [21/Sep/2020:06:35:42 -0400] "POST //xmlrpc.php HTTP/1.1" 200 4123 "-" "Mozilla/5.0 (Windows NT 10.0; Win64; x64) AppleWebKit/537.36 (KHTML, like Gecko) Chrome/80.0.3987.149 Safari/537.36"
62.210.140.84 - - [21/Sep/2020:06:35:43 -0400] "POST //xmlrpc.php HTTP/1.1" 200 4123 "-" "Mozilla/5.0 (Windows NT 10.0; Win64; x64) AppleWebKit/537.36 (KHTML, like Gecko) Chrome/80.0.3987.149 Safari/537.36"
62.210.140.84 - - [21/Sep/2020:06:35:44 -0400] "POST //xmlrpc.php HTTP/1.1" 200 4123 "-" "Mozilla/5.0 (Windows NT 10.0; Win64; x64) AppleWebKit/537.36 (KHTML, like Gecko) Chrome/80.0.3987.149 Safari/537.36"
204.48.19.85 - - [21/Sep/2020:06:39:54 -0400] "POST /wp-cron.php?doing_wp_cron=1600684794.7438690662384033203125 HTTP/1.1" 200 4137 "https://paranoidmicrobiology.com/wp-cron.php?doing_wp_cron=1600684794.7438690662384033203125" "WordPress/5.3.4; https://paranoidmicrobiology.com"
185.191.171.18 - - [21/Sep/2020:06:39:53 -0400] "GET /robots.txt HTTP/1.1" 200 4236 "-" "Mozilla/5.0 (compatible; SemrushBot/6~bl; +http://www.semrush.com/bot.html)"
185.191.171.19 - - [21/Sep/2020:06:39:55 -0400] "GET /product/10-50pcs-disposable-face-mask-3-layer-non-woven-prevent-droplet-mask-anti-dust-bacterial-breathable-face-mouth-cover/ HTTP/1.1" 200 22287 "-" "Mozilla/5.0 (compatible; SemrushBot/6~bl; +http://www.semrush.com/bot.html)"
204.48.19.85 - - [21/Sep/2020:06:41:26 -0400] "POST /wp-cron.php?doing_wp_cron=1600684886.1307630538940429687500 HTTP/1.1" 200 4137 "https://paranoidmicrobiology.com/wp-cron.php?doing_wp_cron=1600684886.1307630538940429687500" "WordPress/5.3.4; https://paranoidmicrobiology.com"
66.249.66.128 - - [21/Sep/2020:06:41:25 -0400] "GET /robots.txt HTTP/1.1" 200 4273 "-" "Mozilla/5.0 (compatible; Googlebot/2.1; +http://www.google.com/bot.html)"
66.249.66.130 - - [21/Sep/2020:06:41:26 -0400] "GET /?product-page=7 HTTP/1.1" 200 17070 "-" "Mozilla/5.0 (Linux; Android 6.0.1; Nexus 5X Build/MMB29P) AppleWebKit/537.36 (KHTML, like Gecko) Chrome/85.0.4183.110 Mobile Safari/537.36 (compatible; Googlebot/2.1; +http://www.google.com/bot.html)"
66.249.66.128 - - [21/Sep/2020:06:41:32 -0400] "POST /?wc-ajax=get_refreshed_fragments HTTP/1.1" 200 4448 "https://paranoidmicrobiology.com/?product-page=7" "Mozilla/5.0 (Linux; Android 6.0.1; Nexus 5X Build/MMB29P) AppleWebKit/537.36 (KHTML, like Gecko) Chrome/85.0.4183.113 Mobile Safari/537.36 (compatible; Googlebot/2.1; +http://www.google.com/bot.html)"
204.48.19.85 - - [21/Sep/2020:06:43:40 -0400] "POST /wp-cron.php?doing_wp_cron=1600685020.0175929069519042968750 HTTP/1.1" 200 4137 "https://paranoidmicrobiology.com/wp-cron.php?doing_wp_cron=1600685020.0175929069519042968750" "WordPress/5.3.4; https://paranoidmicrobiology.com"
66.249.66.159 - - [21/Sep/2020:06:43:39 -0400] "GET /product/black-anti-dust-mask-pm2-5-activated-carbon-filter-face-mouth-masks-reusable-mouth-cover-anti-bacterial-mask-men-women/feed/ HTTP/1.1" 404 29889 "-" "Mozilla/5.0 (Linux; Android 6.0.1; Nexus 5X Build/MMB29P) AppleWebKit/537.36 (KHTML, like Gecko) Chrome/85.0.4183.110 Mobile Safari/537.36 (compatible; Googlebot/2.1; +http://www.google.com/bot.html)"
80.169.150.18 - - [21/Sep/2020:06:44:40 -0400] "GET /wp-content/uploads/2020/03/Disposable-Alcohol-Wipes-Sterilization-Portable-Wipes-Antibacterial-Cleaning-Skin-Cleaning-Care.jpg HTTP/1.1" 200 85186 "https://www.bing.com/" "Mozilla/5.0 (Windows NT 10.0; Win64; x64) AppleWebKit/537.36 (KHTML, like Gecko) Chrome/85.0.4183.102 Safari/537.36 Edg/85.0.564.51"
80.169.150.18 - - [21/Sep/2020:06:44:40 -0400] "GET /wp-content/uploads/2020/03/Disposable-Alcohol-Wipes-Sterilization-Portable-Wipes-Antibacterial-Cleaning-Skin-Cleaning-Care-2.jpg HTTP/1.1" 200 88837 "https://www.bing.com/" "Mozilla/5.0 (Windows NT 10.0; Win64; x64) AppleWebKit/537.36 (KHTML, like Gecko) Chrome/85.0.4183.102 Safari/537.36 Edg/85.0.564.51"
80.169.150.18 - - [21/Sep/2020:06:44:40 -0400] "GET /wp-content/uploads/2020/03/Disposable-Alcohol-Wipes-Sterilization-Portable-Wipes-Antibacterial-Cleaning-Skin-Cleaning-Care-1.jpg HTTP/1.1" 200 353619 "https://www.bing.com/" "Mozilla/5.0 (Windows NT 10.0; Win64; x64) AppleWebKit/537.36 (KHTML, like Gecko) Chrome/85.0.4183.102 Safari/537.36 Edg/85.0.564.51"
204.48.19.85 - - [21/Sep/2020:06:50:10 -0400] "POST /wp-cron.php?doing_wp_cron=1600685410.0192561149597167968750 HTTP/1.1" 200 4137 "https://paranoidmicrobiology.com/wp-cron.php?doing_wp_cron=1600685410.0192561149597167968750" "WordPress/5.3.4; https://paranoidmicrobiology.com"
185.191.171.20 - - [21/Sep/2020:06:50:09 -0400] "GET /product/n95-face-mask-respirator-with-valve-mask-for-child-kids-anti-dust-mask-pm-2-5-anti-virus-protection-respirator-mouth-masks/ HTTP/1.1" 200 20954 "-" "Mozilla/5.0 (compatible; SemrushBot/6~bl; +http://www.semrush.com/bot.html)"
204.48.19.85 - - [21/Sep/2020:06:54:09 -0400] "POST /wp-cron.php?doing_wp_cron=1600685649.8041191101074218750000 HTTP/1.1" 200 4137 "https://paranoidmicrobiology.com/wp-cron.php?doing_wp_cron=1600685649.8041191101074218750000" "WordPress/5.3.4; http://paranoidmicrobiology.com"
185.191.171.20 - - [21/Sep/2020:06:54:09 -0400] "GET /wp-login.php?redirect_to=https%3A%2F%2Fparanoidmicrobiology.com%2Fproduct%2F55ml-travel-portable-hand-sanitizer-gel-anti-bacteria-moisturizing-liquid-disposable-no-clean-waterless-antibacterial-hand-gel%2F HTTP/1.1" 200 6304 "-" "Mozilla/5.0 (compatible; SemrushBot/6~bl; +http://www.semrush.com/bot.html)"
204.48.19.85 - - [21/Sep/2020:06:56:04 -0400] "POST /wp-cron.php?doing_wp_cron=1600685764.8963270187377929687500 HTTP/1.1" 200 4137 "https://paranoidmicrobiology.com/wp-cron.php?doing_wp_cron=1600685764.8963270187377929687500" "WordPress/5.3.4; http://paranoidmicrobiology.com"
185.191.171.9 - - [21/Sep/2020:06:56:04 -0400] "GET /wp-login.php?redirect_to=https%3A%2F%2Fparanoidmicrobiology.com%2Fproduct%2Fdual-cartridge-anti-dust-mask-chemical-safety-painting-gas-filter-respirator-with-goggles-industrial-safety-equipment%2F HTTP/1.1" 200 6300 "-" "Mozilla/5.0 (compatible; SemrushBot/6~bl; +http://www.semrush.com/bot.html)"
204.48.19.85 - - [21/Sep/2020:07:02:36 -0400] "POST /wp-cron.php?doing_wp_cron=1600686156.0803101062774658203125 HTTP/1.1" 200 4137 "https://paranoidmicrobiology.com/wp-cron.php?doing_wp_cron=1600686156.0803101062774658203125" "WordPress/5.3.4; https://paranoidmicrobiology.com"
66.249.66.130 - - [21/Sep/2020:07:02:35 -0400] "GET /product/cute-rabbit-ear-protective-kids-mouth-mask-windproof-earmuff-anti-dust-winter-masks-children-anti-haze-flu-cotton-face-masks/feed/ HTTP/1.1" 404 29889 "-" "Mozilla/5.0 (Linux; Android 6.0.1; Nexus 5X Build/MMB29P) AppleWebKit/537.36 (KHTML, like Gecko) Chrome/85.0.4183.110 Mobile Safari/537.36 (compatible; Googlebot/2.1; +http://www.google.com/bot.html)"
82.223.104.73 - - [21/Sep/2020:07:04:45 -0400] "GET /wp-login.php HTTP/1.1" 200 7823 "-" "Mozilla/5.0 (X11; Ubuntu; Linux x86_64; rv:62.0) Gecko/20100101 Firefox/62.0"
82.223.104.73 - - [21/Sep/2020:07:04:46 -0400] "POST /wp-login.php HTTP/1.1" 200 7823 "-" "Mozilla/5.0 (X11; Ubuntu; Linux x86_64; rv:62.0) Gecko/20100101 Firefox/62.0"
204.48.19.85 - - [21/Sep/2020:07:04:47 -0400] "POST /wp-cron.php?doing_wp_cron=1600686287.8903579711914062500000 HTTP/1.1" 200 4137 "https://paranoidmicrobiology.com/wp-cron.php?doing_wp_cron=1600686287.8903579711914062500000" "WordPress/5.3.4; https://paranoidmicrobiology.com"
82.223.104.73 - - [21/Sep/2020:07:04:47 -0400] "POST /xmlrpc.php HTTP/1.1" 200 3688 "-" "Mozilla/5.0 (X11; Ubuntu; Linux x86_64; rv:62.0) Gecko/20100101 Firefox/62.0"
185.191.171.3 - - [21/Sep/2020:07:07:21 -0400] "GET /wp-login.php?redirect_to=https%3A%2F%2Fparanoidmicrobiology.com%2Fproduct%2F38w-110v-220v-ultraviolet-uvc-sterilizer-light-germicidal-tube-disinfection-home-253-7nm-lamp-office-ozone-kill-mite-lights%2F HTTP/1.1" 200 8645 "-" "Mozilla/5.0 (compatible; SemrushBot/6~bl; +http://www.semrush.com/bot.html)"
204.48.19.85 - - [21/Sep/2020:07:09:29 -0400] "POST /wp-cron.php?doing_wp_cron=1600686569.2606830596923828125000 HTTP/1.1" 200 4137 "https://paranoidmicrobiology.com/wp-cron.php?doing_wp_cron=1600686569.2606830596923828125000" "WordPress/5.3.4; http://paranoidmicrobiology.com"
185.191.171.20 - - [21/Sep/2020:07:09:28 -0400] "GET /wp-login.php?redirect_to=https%3A%2F%2Fparanoidmicrobiology.com%2Fproduct%2Fus-stock-20pcs-standard-niosh-n95-face-masks-anti-fog-haze-dust-proof-face-masks-for-exhaust-gas-allergies-pollen-pm2-5-outdoor%2F HTTP/1.1" 200 6304 "-" "Mozilla/5.0 (compatible; SemrushBot/6~bl; +http://www.semrush.com/bot.html)"
204.48.19.85 - - [21/Sep/2020:07:28:26 -0400] "POST /wp-cron.php?doing_wp_cron=1600687706.7675249576568603515625 HTTP/1.1" 200 4137 "https://paranoidmicrobiology.com/wp-cron.php?doing_wp_cron=1600687706.7675249576568603515625" "WordPress/5.3.4; https://paranoidmicrobiology.com"
207.46.13.176 - - [21/Sep/2020:07:28:26 -0400] "GET /product/personal-rechargeable-and-portable-air-purifier-negative-ion-generator-purifies-air-eliminating-germs-dust-viruses-bacteria/ HTTP/1.1" 200 21126 "-" "Mozilla/5.0 (compatible; bingbot/2.0; +http://www.bing.com/bingbot.htm)"
157.55.39.223 - - [21/Sep/2020:07:28:46 -0400] "GET /wp-content/plugins/woo-photo-reviews/css/style.css?ver=1.1.3.7 HTTP/1.1" 200 5147 "-" "Mozilla/5.0 (compatible; bingbot/2.0; +http://www.bing.com/bingbot.htm)"
207.46.13.47 - - [21/Sep/2020:07:28:50 -0400] "GET /wp-content/plugins/woo-photo-reviews/js/jquery.swipebox.js?ver=5.3.4 HTTP/1.1" 200 10166 "-" "Mozilla/5.0 (compatible; bingbot/2.0; +http://www.bing.com/bingbot.htm)"
62.210.10.77 - - [21/Sep/2020:07:34:10 -0400] "GET / HTTP/1.1" 200 87152 "-" "Mozilla/5.0 (X11; Ubuntu; Linux x86_64; rv:58.0) Gecko/20100101 Firefox/58.0"
204.48.19.85 - - [21/Sep/2020:07:34:12 -0400] "POST /wp-cron.php?doing_wp_cron=1600688052.9472548961639404296875 HTTP/1.1" 200 4137 "https://paranoidmicrobiology.com/wp-cron.php?doing_wp_cron=1600688052.9472548961639404296875" "WordPress/5.3.4; https://paranoidmicrobiology.com"
185.191.171.25 - - [21/Sep/2020:07:39:47 -0400] "GET /wp-login.php?redirect_to=https%3A%2F%2Fparanoidmicrobiology.com%2Fproduct%2F80ml-household-cleaners-disposable-hand-sanitizer-75-alcohol-germicidal-spray-disinfectant-portable%2F HTTP/1.1" 200 8631 "-" "Mozilla/5.0 (compatible; SemrushBot/6~bl; +http://www.semrush.com/bot.html)"
66.249.66.130 - - [21/Sep/2020:07:41:38 -0400] "GET /robots.txt HTTP/1.1" 200 4273 "-" "Mozilla/5.0 (compatible; Googlebot/2.1; +http://www.google.com/bot.html)"
204.48.19.85 - - [21/Sep/2020:07:41:38 -0400] "POST /wp-cron.php?doing_wp_cron=1600688498.9400019645690917968750 HTTP/1.1" 200 4137 "https://paranoidmicrobiology.com/wp-cron.php?doing_wp_cron=1600688498.9400019645690917968750" "WordPress/5.3.4; https://paranoidmicrobiology.com"
66.249.66.130 - - [21/Sep/2020:07:41:37 -0400] "GET /product/15w-ultraviolet-sterilizer-light-disinfection-220v-uvc-lamp-bactericidal-household-home-timer-kill-mite-germicidal-lights/ HTTP/1.1" 200 21721 "-" "Mozilla/5.0 (compatible; Googlebot/2.1; +http://www.google.com/bot.html)"
204.48.19.85 - - [21/Sep/2020:07:41:51 -0400] "POST /wp-cron.php?doing_wp_cron=1600688511.6052029132843017578125 HTTP/1.1" 200 4137 "https://paranoidmicrobiology.com/wp-cron.php?doing_wp_cron=1600688511.6052029132843017578125" "WordPress/5.3.4; https://paranoidmicrobiology.com"
185.191.171.16 - - [21/Sep/2020:07:41:51 -0400] "GET /robots.txt HTTP/1.1" 200 4236 "-" "Mozilla/5.0 (compatible; SemrushBot/6~bl; +http://www.semrush.com/bot.html)"
185.191.171.33 - - [21/Sep/2020:07:41:52 -0400] "GET /wp-login.php?redirect_to=https%3A%2F%2Fparanoidmicrobiology.com%2Fproduct%2Fnew-mini-indoor-oxygen-bar-ionizer-air-fresh-purifier-home-wall-110-220v-with-adapter-home-autocar-negative-ion-purifier-us-plug%2F HTTP/1.1" 200 8644 "-" "Mozilla/5.0 (compatible; SemrushBot/6~bl; +http://www.semrush.com/bot.html)"
204.48.19.85 - - [21/Sep/2020:07:43:31 -0400] "POST /wp-cron.php?doing_wp_cron=1600688611.0266220569610595703125 HTTP/1.1" 200 4137 "https://paranoidmicrobiology.com/wp-cron.php?doing_wp_cron=1600688611.0266220569610595703125" "WordPress/5.3.4; https://paranoidmicrobiology.com"
185.191.171.2 - - [21/Sep/2020:07:43:30 -0400] "GET /my-account/ HTTP/1.1" 200 13223 "-" "Mozilla/5.0 (compatible; SemrushBot/6~bl; +http://www.semrush.com/bot.html)"
204.48.19.85 - - [21/Sep/2020:07:59:24 -0400] "POST /wp-cron.php?doing_wp_cron=1600689564.0952920913696289062500 HTTP/1.1" 200 4137 "https://paranoidmicrobiology.com/wp-cron.php?doing_wp_cron=1600689564.0952920913696289062500" "WordPress/5.3.4; https://paranoidmicrobiology.com"
66.249.66.159 - - [21/Sep/2020:07:59:23 -0400] "GET /product/anti-dust-respirator-filter-gas-mask-set-chemical-anti-dust-masks-industrial-paint-spraying-protective-mask-workplace-safety-2/feed/ HTTP/1.1" 404 29889 "-" "Mozilla/5.0 (Linux; Android 6.0.1; Nexus 5X Build/MMB29P) AppleWebKit/537.36 (KHTML, like Gecko) Chrome/85.0.4183.110 Mobile Safari/537.36 (compatible; Googlebot/2.1; +http://www.google.com/bot.html)"
198.100.144.11 - - [21/Sep/2020:08:09:43 -0400] "GET /wp-login.php HTTP/1.1" 200 7824 "-" "Mozilla/5.0 (X11; Ubuntu; Linux x86_64; rv:62.0) Gecko/20100101 Firefox/62.0"
198.100.144.11 - - [21/Sep/2020:08:09:44 -0400] "POST /wp-login.php HTTP/1.1" 200 7824 "-" "Mozilla/5.0 (X11; Ubuntu; Linux x86_64; rv:62.0) Gecko/20100101 Firefox/62.0"
204.48.19.85 - - [21/Sep/2020:08:09:45 -0400] "POST /wp-cron.php?doing_wp_cron=1600690185.9478530883789062500000 HTTP/1.1" 200 4137 "https://paranoidmicrobiology.com/wp-cron.php?doing_wp_cron=1600690185.9478530883789062500000" "WordPress/5.3.4; https://paranoidmicrobiology.com"
198.100.144.11 - - [21/Sep/2020:08:09:45 -0400] "POST /xmlrpc.php HTTP/1.1" 200 3687 "-" "Mozilla/5.0 (X11; Ubuntu; Linux x86_64; rv:62.0) Gecko/20100101 Firefox/62.0"
13.55.123.159 - - [21/Sep/2020:08:16:22 -0400] "GET /wp-login.php HTTP/1.1" 200 7823 "-" "Mozilla/5.0 (X11; Ubuntu; Linux x86_64; rv:62.0) Gecko/20100101 Firefox/62.0"
13.55.123.159 - - [21/Sep/2020:08:16:23 -0400] "POST /wp-login.php HTTP/1.1" 200 7823 "-" "Mozilla/5.0 (X11; Ubuntu; Linux x86_64; rv:62.0) Gecko/20100101 Firefox/62.0"
204.48.19.85 - - [21/Sep/2020:08:16:25 -0400] "POST /wp-cron.php?doing_wp_cron=1600690585.5309610366821289062500 HTTP/1.1" 200 4137 "https://paranoidmicrobiology.com/wp-cron.php?doing_wp_cron=1600690585.5309610366821289062500" "WordPress/5.3.4; https://paranoidmicrobiology.com"
13.55.123.159 - - [21/Sep/2020:08:16:24 -0400] "POST /xmlrpc.php HTTP/1.1" 200 3688 "-" "Mozilla/5.0 (X11; Ubuntu; Linux x86_64; rv:62.0) Gecko/20100101 Firefox/62.0"
204.48.19.85 - - [21/Sep/2020:08:32:33 -0400] "POST /wp-cron.php?doing_wp_cron=1600691553.7619400024414062500000 HTTP/1.1" 200 4137 "https://paranoidmicrobiology.com/wp-cron.php?doing_wp_cron=1600691553.7619400024414062500000" "WordPress/5.3.4; https://paranoidmicrobiology.com"
185.191.171.15 - - [21/Sep/2020:08:32:32 -0400] "GET /cart/ HTTP/1.1" 200 14231 "-" "Mozilla/5.0 (compatible; SemrushBot/6~bl; +http://www.semrush.com/bot.html)"
193.93.194.251 - - [21/Sep/2020:08:46:20 -0400] "GET /wp-content/plugins/wp-file-manager/lib/php/connector.minimal.php HTTP/1.1" 301 729 "http://paranoidmicrobiology.com/wp-content/plugins/wp-file-manager/lib/php/connector.minimal.php" "Mozilla/5.0 (Windows NT 10.0; Win64; x64) AppleWebKit/537.36 (KHTML, like Gecko) Chrome/72.0.3626.121 Safari/537.36"
40.77.167.132 - - [21/Sep/2020:08:47:11 -0400] "GET /wp-content/uploads/2020/03/Gas-Mask-Respirator-Filter-Box-Filters-Safety-Protective-Mask-Anti-Dust-Mask-Industrial-Refine-Mine-Spray-10.jpg HTTP/1.1" 200 100231 "-" "Mozilla/5.0 (compatible; bingbot/2.0; +http://www.bing.com/bingbot.htm)"
204.48.19.85 - - [21/Sep/2020:09:01:26 -0400] "POST /wp-cron.php?doing_wp_cron=1600693286.7971999645233154296875 HTTP/1.1" 200 4137 "https://paranoidmicrobiology.com/wp-cron.php?doing_wp_cron=1600693286.7971999645233154296875" "WordPress/5.3.4; https://paranoidmicrobiology.com"
66.249.66.159 - - [21/Sep/2020:09:01:25 -0400] "GET /robots.txt HTTP/1.1" 200 4273 "-" "Mozilla/5.0 (compatible; Googlebot/2.1; +http://www.google.com/bot.html)"
66.249.66.159 - - [21/Sep/2020:09:01:27 -0400] "GET /product/personal-rechargeable-and-portable-air-purifier-negative-ion-generator-purifies-air-eliminating-germs-dust-viruses-bacteria/ HTTP/1.1" 200 17846 "-" "Mozilla/5.0 (Linux; Android 6.0.1; Nexus 5X Build/MMB29P) AppleWebKit/537.36 (KHTML, like Gecko) Chrome/85.0.4183.110 Mobile Safari/537.36 (compatible; Googlebot/2.1; +http://www.google.com/bot.html)"
204.48.19.85 - - [21/Sep/2020:09:09:15 -0400] "POST /wp-cron.php?doing_wp_cron=1600693755.2945299148559570312500 HTTP/1.1" 200 4137 "https://paranoidmicrobiology.com/wp-cron.php?doing_wp_cron=1600693755.2945299148559570312500" "WordPress/5.3.4; https://paranoidmicrobiology.com"
66.249.66.128 - - [21/Sep/2020:09:09:14 -0400] "GET /product/38w-110v-220v-ultraviolet-uvc-sterilizer-light-germicidal-tube-disinfection-home-253-7nm-lamp-office-ozone-kill-mite-lights/ HTTP/1.1" 200 22064 "-" "Mozilla/5.0 (Linux; Android 6.0.1; Nexus 5X Build/MMB29P) AppleWebKit/537.36 (KHTML, like Gecko) Chrome/85.0.4183.115 Mobile Safari/537.36 (compatible; Googlebot/2.1; +http://www.google.com/bot.html)"
78.85.251.4 - - [21/Sep/2020:09:09:25 -0400] "GET /installer-backup.php HTTP/1.1" 301 604 "-" "Mozilla/5.0 (Windows NT 10.0; WOW64) AppleWebKit/537.36 (KHTML, like Gecko) Chrome/74.0.3729.169 Safari/537.36"
204.48.19.85 - - [21/Sep/2020:09:11:49 -0400] "POST /wp-cron.php?doing_wp_cron=1600693909.5739040374755859375000 HTTP/1.1" 200 4137 "https://paranoidmicrobiology.com/wp-cron.php?doing_wp_cron=1600693909.5739040374755859375000" "WordPress/5.3.4; https://paranoidmicrobiology.com"
66.249.66.159 - - [21/Sep/2020:09:11:48 -0400] "GET /product/100-50pcs-rubber-gloves-kitchen-medical-rubber-garden-gloves-universal-for-left-and-right-hand-disposable-medical-latex-gloves/ HTTP/1.1" 200 22076 "-" "Mozilla/5.0 (Linux; Android 6.0.1; Nexus 5X Build/MMB29P) AppleWebKit/537.36 (KHTML, like Gecko) Chrome/85.0.4183.110 Mobile Safari/537.36 (compatible; Googlebot/2.1; +http://www.google.com/bot.html)"
192.36.71.133 - - [21/Sep/2020:09:15:35 -0400] "GET /robots.txt HTTP/1.1" 301 584 "-" "Go-http-client/1.1"
204.48.19.85 - - [21/Sep/2020:09:15:36 -0400] "POST /wp-cron.php?doing_wp_cron=1600694136.0669751167297363281250 HTTP/1.1" 200 4137 "https://paranoidmicrobiology.com/wp-cron.php?doing_wp_cron=1600694136.0669751167297363281250" "WordPress/5.3.4; https://paranoidmicrobiology.com"
192.36.71.133 - - [21/Sep/2020:09:15:35 -0400] "GET /robots.txt HTTP/1.1" 200 4236 "http://paranoidmicrobiology.com/robots.txt" "Go-http-client/1.1"
192.71.23.211 - - [21/Sep/2020:09:15:36 -0400] "GET /humans.txt HTTP/1.1" 301 584 "-" "Go-http-client/1.1"
192.71.126.175 - - [21/Sep/2020:09:15:37 -0400] "GET /humans.txt HTTP/1.1" 404 29852 "http://paranoidmicrobiology.com/humans.txt" "Go-http-client/1.1"
192.71.225.127 - - [21/Sep/2020:09:15:38 -0400] "GET /ads.txt HTTP/1.1" 301 578 "-" "Go-http-client/1.1"
192.71.224.240 - - [21/Sep/2020:09:15:38 -0400] "GET /ads.txt HTTP/1.1" 404 29852 "http://paranoidmicrobiology.com/ads.txt" "Go-http-client/1.1"
192.71.12.140 - - [21/Sep/2020:09:15:39 -0400] "GET / HTTP/1.1" 301 564 "-" "Go-http-client/1.1"
192.71.103.173 - - [21/Sep/2020:09:15:40 -0400] "GET / HTTP/1.1" 200 17577 "http://paranoidmicrobiology.com/" "Go-http-client/1.1"
204.48.19.85 - - [21/Sep/2020:09:21:54 -0400] "POST /wp-cron.php?doing_wp_cron=1600694514.2414810657501220703125 HTTP/1.1" 200 4137 "https://paranoidmicrobiology.com/wp-cron.php?doing_wp_cron=1600694514.2414810657501220703125" "WordPress/5.3.4; https://paranoidmicrobiology.com"
66.249.66.128 - - [21/Sep/2020:09:21:53 -0400] "GET /product/handheld-uv-sterilization-lamp-portable-disinfection-light-mini-sanitizer-for-home-office-travel-kill-virus-germ-household/ HTTP/1.1" 200 19741 "-" "Mozilla/5.0 (Linux; Android 6.0.1; Nexus 5X Build/MMB29P) AppleWebKit/537.36 (KHTML, like Gecko) Chrome/85.0.4183.110 Mobile Safari/537.36 (compatible; Googlebot/2.1; +http://www.google.com/bot.html)"
153.127.67.228 - - [21/Sep/2020:09:30:09 -0400] "GET /wp-login.php HTTP/1.1" 200 7824 "-" "Mozilla/5.0 (X11; Ubuntu; Linux x86_64; rv:62.0) Gecko/20100101 Firefox/62.0"
153.127.67.228 - - [21/Sep/2020:09:30:11 -0400] "POST /wp-login.php HTTP/1.1" 200 7824 "-" "Mozilla/5.0 (X11; Ubuntu; Linux x86_64; rv:62.0) Gecko/20100101 Firefox/62.0"
204.48.19.85 - - [21/Sep/2020:09:30:13 -0400] "POST /wp-cron.php?doing_wp_cron=1600695013.7459449768066406250000 HTTP/1.1" 200 4137 "https://paranoidmicrobiology.com/wp-cron.php?doing_wp_cron=1600695013.7459449768066406250000" "WordPress/5.3.4; https://paranoidmicrobiology.com"
153.127.67.228 - - [21/Sep/2020:09:30:12 -0400] "POST /xmlrpc.php HTTP/1.1" 200 3689 "-" "Mozilla/5.0 (X11; Ubuntu; Linux x86_64; rv:62.0) Gecko/20100101 Firefox/62.0"
204.48.19.85 - - [21/Sep/2020:09:39:14 -0400] "POST /wp-cron.php?doing_wp_cron=1600695554.6987349987030029296875 HTTP/1.1" 200 4137 "https://paranoidmicrobiology.com/wp-cron.php?doing_wp_cron=1600695554.6987349987030029296875" "WordPress/5.3.4; https://paranoidmicrobiology.com"
66.249.66.130 - - [21/Sep/2020:09:39:13 -0400] "POST /?wc-ajax=get_refreshed_fragments HTTP/1.1" 200 4448 "https://paranoidmicrobiology.com/product/personal-rechargeable-and-portable-air-purifier-negative-ion-generator-purifies-air-eliminating-germs-dust-viruses-bacteria/" "Mozilla/5.0 (Linux; Android 6.0.1; Nexus 5X Build/MMB29P) AppleWebKit/537.36 (KHTML, like Gecko) Chrome/85.0.4183.113 Mobile Safari/537.36 (compatible; Googlebot/2.1; +http://www.google.com/bot.html)"
204.48.19.85 - - [21/Sep/2020:09:51:17 -0400] "POST /wp-cron.php?doing_wp_cron=1600696277.8705270290374755859375 HTTP/1.1" 200 4137 "https://paranoidmicrobiology.com/wp-cron.php?doing_wp_cron=1600696277.8705270290374755859375" "WordPress/5.3.4; https://paranoidmicrobiology.com"
66.249.66.130 - - [21/Sep/2020:09:51:16 -0400] "GET /product/respirator-gas-mask-anti-dust-organic-air-acid-gas-ammonia-gas-safety-helmet-industry-painting-spraying-gas-mask-promotion/ HTTP/1.1" 200 23272 "-" "Mozilla/5.0 (Linux; Android 6.0.1; Nexus 5X Build/MMB29P) AppleWebKit/537.36 (KHTML, like Gecko) Chrome/85.0.4183.110 Mobile Safari/537.36 (compatible; Googlebot/2.1; +http://www.google.com/bot.html)"
66.249.66.128 - - [21/Sep/2020:09:51:35 -0400] "POST /?wc-ajax=get_refreshed_fragments HTTP/1.1" 200 4448 "https://paranoidmicrobiology.com/product/respirator-gas-mask-anti-dust-organic-air-acid-gas-ammonia-gas-safety-helmet-industry-painting-spraying-gas-mask-promotion/" "Mozilla/5.0 (Linux; Android 6.0.1; Nexus 5X Build/MMB29P) AppleWebKit/537.36 (KHTML, like Gecko) Chrome/85.0.4183.113 Mobile Safari/537.36 (compatible; Googlebot/2.1; +http://www.google.com/bot.html)"
204.48.19.85 - - [21/Sep/2020:10:12:50 -0400] "POST /wp-cron.php?doing_wp_cron=1600697570.4587869644165039062500 HTTP/1.1" 200 4137 "https://paranoidmicrobiology.com/wp-cron.php?doing_wp_cron=1600697570.4587869644165039062500" "WordPress/5.3.4; https://paranoidmicrobiology.com"
66.249.66.128 - - [21/Sep/2020:10:12:49 -0400] "GET /robots.txt HTTP/1.1" 200 4273 "-" "Mozilla/5.0 (compatible; Googlebot/2.1; +http://www.google.com/bot.html)"
67.195.177.205 - - [21/Sep/2020:10:14:36 -0400] "GET /wp-content/uploads/2020/03/N95-Face-Mask-Respirator-With-Valve-Mask-For-Child-Kids-Anti-Dust-Mask-PM-2-5-2.jpg HTTP/1.1" 200 208252 "https://images.search.yahoo.com/" "YahooCacheSystem; YahooWebServiceClient"
103.6.244.158 - - [21/Sep/2020:10:48:46 -0400] "GET /wp-login.php HTTP/1.1" 200 7824 "-" "Mozilla/5.0 (X11; Ubuntu; Linux x86_64; rv:62.0) Gecko/20100101 Firefox/62.0"
103.6.244.158 - - [21/Sep/2020:10:48:48 -0400] "POST /wp-login.php HTTP/1.1" 200 7824 "-" "Mozilla/5.0 (X11; Ubuntu; Linux x86_64; rv:62.0) Gecko/20100101 Firefox/62.0"
204.48.19.85 - - [21/Sep/2020:10:48:50 -0400] "POST /wp-cron.php?doing_wp_cron=1600699730.4182600975036621093750 HTTP/1.1" 200 4137 "https://paranoidmicrobiology.com/wp-cron.php?doing_wp_cron=1600699730.4182600975036621093750" "WordPress/5.3.4; https://paranoidmicrobiology.com"
103.6.244.158 - - [21/Sep/2020:10:48:49 -0400] "POST /xmlrpc.php HTTP/1.1" 200 3688 "-" "Mozilla/5.0 (X11; Ubuntu; Linux x86_64; rv:62.0) Gecko/20100101 Firefox/62.0"
66.249.66.159 - - [21/Sep/2020:10:51:01 -0400] "GET /wp-content/uploads/2020/03/100pcs-Wear-Resistant-Durable-Nitrile-Disposable-Gloves-Rubber-Latex-Food-Medical-Household-Cleaning-Gloves-Anti-Static-300x300.jpg HTTP/1.1" 304 4011 "-" "Googlebot-Image/1.0"
