64.225.111.182 - - [19/Sep/2020:02:37:58 -0400] "POST /wp-login.php HTTP/1.1" 200 7822 "-" "Mozilla/5.0 (X11; Ubuntu; Linux x86_64; rv:62.0) Gecko/20100101 Firefox/62.0"
204.48.19.85 - - [19/Sep/2020:02:38:04 -0400] "POST /wp-cron.php?doing_wp_cron=1600497484.4031140804290771484375 HTTP/1.1" 200 4134 "https://paranoidmicrobiology.com/wp-cron.php?doing_wp_cron=1600497484.4031140804290771484375" "WordPress/5.3.4; https://paranoidmicrobiology.com"
64.225.111.182 - - [19/Sep/2020:02:38:04 -0400] "POST /xmlrpc.php HTTP/1.1" 200 3685 "-" "Mozilla/5.0 (X11; Ubuntu; Linux x86_64; rv:62.0) Gecko/20100101 Firefox/62.0"
204.48.19.85 - - [19/Sep/2020:02:47:02 -0400] "POST /wp-cron.php?doing_wp_cron=1600498022.9814898967742919921875 HTTP/1.1" 200 4134 "https://paranoidmicrobiology.com/wp-cron.php?doing_wp_cron=1600498022.9814898967742919921875" "WordPress/5.3.4; https://paranoidmicrobiology.com"
185.191.171.17 - - [19/Sep/2020:02:47:02 -0400] "GET /robots.txt HTTP/1.1" 200 4233 "-" "Mozilla/5.0 (compatible; SemrushBot/6~bl; +http://www.semrush.com/bot.html)"
185.191.171.6 - - [19/Sep/2020:02:47:03 -0400] "GET /product/us-stock-20pcs-standard-niosh-n95-face-masks-anti-fog-haze-dust-proof-face-masks-for-exhaust-gas-allergies-pollen-pm2-5-outdoor/ HTTP/1.1" 200 21075 "-" "Mozilla/5.0 (compatible; SemrushBot/6~bl; +http://www.semrush.com/bot.html)"
204.48.19.85 - - [19/Sep/2020:02:49:02 -0400] "POST /wp-cron.php?doing_wp_cron=1600498142.2749900817871093750000 HTTP/1.1" 200 4134 "https://paranoidmicrobiology.com/wp-cron.php?doing_wp_cron=1600498142.2749900817871093750000" "WordPress/5.3.4; https://paranoidmicrobiology.com"
185.191.171.2 - - [19/Sep/2020:02:49:02 -0400] "GET /product/dmwd-uv-water-sterilizer-ultraviolet-tube-lamp-direct-drink-water-disinfection-treatment-filter-aquarium-fish-tank-purifier-12w/ HTTP/1.1" 200 21391 "-" "Mozilla/5.0 (compatible; SemrushBot/6~bl; +http://www.semrush.com/bot.html)"
52.13.247.32 - - [19/Sep/2020:03:17:29 -0400] "GET / HTTP/1.1" 301 545 "-" "Mozilla/5.0 (X11; Linux x86_64) AppleWebKit/537.36 (KHTML, like Gecko) Chrome/83.0.4103.97 Safari/537.36"
157.55.39.75 - - [19/Sep/2020:03:25:40 -0400] "GET /wp-content/uploads/2020/03/100pcs-Disposable-Protective-Hand-Protection-Nitrile-Gloves-Gardening-Puncture-Resistant-Work-Safety-Glove-Disposable-Protective-300x300.jpe HTTP/1.1" 200 26529 "-" "Mozilla/5.0 (compatible; bingbot/2.0; +http://www.bing.com/bingbot.htm)"
178.62.9.122 - - [19/Sep/2020:03:31:50 -0400] "GET /wp-login.php HTTP/1.1" 200 7820 "-" "Mozilla/5.0 (X11; Ubuntu; Linux x86_64; rv:62.0) Gecko/20100101 Firefox/62.0"
178.62.9.122 - - [19/Sep/2020:03:31:51 -0400] "POST /wp-login.php HTTP/1.1" 200 7820 "-" "Mozilla/5.0 (X11; Ubuntu; Linux x86_64; rv:62.0) Gecko/20100101 Firefox/62.0"
204.48.19.85 - - [19/Sep/2020:03:31:52 -0400] "POST /wp-cron.php?doing_wp_cron=1600500712.1326498985290527343750 HTTP/1.1" 200 4134 "https://paranoidmicrobiology.com/wp-cron.php?doing_wp_cron=1600500712.1326498985290527343750" "WordPress/5.3.4; https://paranoidmicrobiology.com"
178.62.9.122 - - [19/Sep/2020:03:31:51 -0400] "POST /xmlrpc.php HTTP/1.1" 200 3684 "-" "Mozilla/5.0 (X11; Ubuntu; Linux x86_64; rv:62.0) Gecko/20100101 Firefox/62.0"
66.249.69.50 - - [19/Sep/2020:03:39:17 -0400] "GET /wp-content/uploads/2020/03/Tap-Water-Purifier-Kitchen-Faucet-Washable-Ceramic-Percolator-Mini-Water-Filter-Filtro-Rust-Bacteria-Removal-Replacement-300x300.jpg HTTP/1.1" 304 4008 "-" "Googlebot-Image/1.0"
204.48.19.85 - - [19/Sep/2020:03:39:17 -0400] "POST /wp-cron.php?doing_wp_cron=1600501157.6295249462127685546875 HTTP/1.1" 200 4134 "https://paranoidmicrobiology.com/wp-cron.php?doing_wp_cron=1600501157.6295249462127685546875" "WordPress/5.3.4; https://paranoidmicrobiology.com"
66.249.69.54 - - [19/Sep/2020:03:39:17 -0400] "GET /robots.txt HTTP/1.1" 200 4270 "-" "Mozilla/5.0 (compatible; Googlebot/2.1; +http://www.google.com/bot.html)"
157.55.39.82 - - [19/Sep/2020:03:39:29 -0400] "GET /product/2pack-empty-plastic-spray-bottles17oz-spray-bottle-squirt-bottle-plastic-spray-bottles-for-cleaning-solutions-disinfectant-e/ HTTP/1.1" 200 20062 "-" "Mozilla/5.0 (compatible; bingbot/2.0; +http://www.bing.com/bingbot.htm)"
157.55.39.51 - - [19/Sep/2020:03:39:40 -0400] "GET /wp-content/uploads/2020/03/2Pack-Empty-Plastic-Spray-Bottles17Oz-Spray-Bottle-Squirt-Bottle-Plastic-Spray-Bottles-for-Cleaning-Solutions-Disinfectant-100x100.jpg HTTP/1.1" 200 5157 "-" "Mozilla/5.0 (compatible; bingbot/2.0; +http://www.bing.com/bingbot.htm)"
157.55.39.107 - - [19/Sep/2020:03:39:45 -0400] "GET /wp-content/uploads/2020/03/2Pack-Empty-Plastic-Spray-Bottles17Oz-Spray-Bottle-Squirt-Bottle-Plastic-Spray-Bottles-for-Cleaning-Solutions-Disinfectant-3-100x100.jpg HTTP/1.1" 200 6330 "-" "Mozilla/5.0 (compatible; bingbot/2.0; +http://www.bing.com/bingbot.htm)"
40.77.167.151 - - [19/Sep/2020:03:39:50 -0400] "GET /wp-content/uploads/2020/03/2Pack-Empty-Plastic-Spray-Bottles17Oz-Spray-Bottle-Squirt-Bottle-Plastic-Spray-Bottles-for-Cleaning-Solutions-Disinfectant-4-100x100.jpg HTTP/1.1" 200 5525 "-" "Mozilla/5.0 (compatible; bingbot/2.0; +http://www.bing.com/bingbot.htm)"
40.77.167.234 - - [19/Sep/2020:03:39:55 -0400] "GET /wp-content/uploads/2020/03/2Pack-Empty-Plastic-Spray-Bottles17Oz-Spray-Bottle-Squirt-Bottle-Plastic-Spray-Bottles-for-Cleaning-Solutions-Disinfectant-1-100x100.jpg HTTP/1.1" 200 7290 "-" "Mozilla/5.0 (compatible; bingbot/2.0; +http://www.bing.com/bingbot.htm)"
207.46.13.203 - - [19/Sep/2020:03:40:00 -0400] "GET /wp-content/uploads/2020/03/2Pack-Empty-Plastic-Spray-Bottles17Oz-Spray-Bottle-Squirt-Bottle-Plastic-Spray-Bottles-for-Cleaning-Solutions-Disinfectant-2-100x100.jpg HTTP/1.1" 200 8397 "-" "Mozilla/5.0 (compatible; bingbot/2.0; +http://www.bing.com/bingbot.htm)"
207.46.13.203 - - [19/Sep/2020:03:40:00 -0400] "GET /wp-content/uploads/2020/03/2Pack-Empty-Plastic-Spray-Bottles17Oz-Spray-Bottle-Squirt-Bottle-Plastic-Spray-Bottles-for-Cleaning-Solutions-Disinfectant-5-100x100.jpg HTTP/1.1" 200 4168 "-" "Mozilla/5.0 (compatible; bingbot/2.0; +http://www.bing.com/bingbot.htm)"
207.46.13.151 - - [19/Sep/2020:03:40:15 -0400] "GET /wp-content/uploads/2020/03/2Pack-Empty-Plastic-Spray-Bottles17Oz-Spray-Bottle-Squirt-Bottle-Plastic-Spray-Bottles-for-Cleaning-Solutions-Disinfectant.jpg HTTP/1.1" 200 34736 "-" "Mozilla/5.0 (compatible; bingbot/2.0; +http://www.bing.com/bingbot.htm)"
157.55.39.51 - - [19/Sep/2020:03:40:31 -0400] "GET /wp-content/uploads/2020/03/US-STOCK-20pcs-Standard-NIOSH-N95-Face-Masks-Anti-fog-Haze-Dust-proof-Face-Masks-for-300x300.jpg HTTP/1.1" 200 10682 "-" "Mozilla/5.0 (compatible; bingbot/2.0; +http://www.bing.com/bingbot.htm)"
204.48.19.85 - - [19/Sep/2020:03:45:42 -0400] "POST /wp-cron.php?doing_wp_cron=1600501542.0397100448608398437500 HTTP/1.1" 200 4134 "https://paranoidmicrobiology.com/wp-cron.php?doing_wp_cron=1600501542.0397100448608398437500" "WordPress/5.3.4; https://paranoidmicrobiology.com"
66.249.69.50 - - [19/Sep/2020:03:45:41 -0400] "GET /product/personal-rechargeable-and-portable-air-purifier-negative-ion-generator-purifies-air-eliminating-germs-dust-viruses-bacteria/ HTTP/1.1" 200 21444 "-" "Mozilla/5.0 (Linux; Android 6.0.1; Nexus 5X Build/MMB29P) AppleWebKit/537.36 (KHTML, like Gecko) Chrome/85.0.4183.110 Mobile Safari/537.36 (compatible; Googlebot/2.1; +http://www.google.com/bot.html)"
66.249.69.52 - - [19/Sep/2020:03:49:31 -0400] "GET /wp-content/uploads/2020/03/E27-UV-Bactericidal-lamp-led-220V-E14-UVC-Germicidal-Light-Led-GU10-Disinfection-Kill-Germs-Mite-300x300.jpg HTTP/1.1" 304 4008 "-" "Googlebot-Image/1.0"
204.48.19.85 - - [19/Sep/2020:04:04:40 -0400] "POST /wp-cron.php?doing_wp_cron=1600502680.6663770675659179687500 HTTP/1.1" 200 4134 "https://paranoidmicrobiology.com/wp-cron.php?doing_wp_cron=1600502680.6663770675659179687500" "WordPress/5.3.4; http://paranoidmicrobiology.com"
66.249.69.54 - - [19/Sep/2020:04:04:40 -0400] "GET /wp-login.php?redirect_to=https%3A%2F%2Fparanoidmicrobiology.com%2Fproduct%2F1pc-household-kitchen-home-carbon-faucet-mini-tap-water-clean-filter-purifier-filtration-cartridge-21-23mm-carbon-water-filter%2F HTTP/1.1" 200 6135 "-" "Mozilla/5.0 (compatible; Googlebot/2.1; +http://www.google.com/bot.html)"
66.249.69.54 - - [19/Sep/2020:04:11:18 -0400] "GET /wp-content/uploads/2020/03/15W-Ultraviolet-Sterilizer-Light-Disinfection-220V-UVC-Lamp-Bactericidal-Household-Home-Timer-Kill-Mite-Germicidal-Lights-2.jpg HTTP/1.1" 304 4009 "-" "Googlebot-Image/1.0"
66.249.69.52 - - [19/Sep/2020:04:21:17 -0400] "GET /wp-content/uploads/2020/03/15W-Ultraviolet-Sterilizer-Light-Disinfection-220V-UVC-Lamp-Bactericidal-Household-Home-Timer-Kill-Mite-Germicidal-Lights-2-100x100.jpg HTTP/1.1" 304 4007 "-" "Googlebot-Image/1.0"
204.48.19.85 - - [19/Sep/2020:04:25:13 -0400] "POST /wp-cron.php?doing_wp_cron=1600503913.4565880298614501953125 HTTP/1.1" 200 4134 "https://paranoidmicrobiology.com/wp-cron.php?doing_wp_cron=1600503913.4565880298614501953125" "WordPress/5.3.4; https://paranoidmicrobiology.com"
207.46.13.218 - - [19/Sep/2020:04:25:13 -0400] "GET /robots.txt HTTP/1.1" 200 3763 "-" "Mozilla/5.0 (compatible; bingbot/2.0; +http://www.bing.com/bingbot.htm)"
207.46.13.218 - - [19/Sep/2020:04:25:14 -0400] "GET /robots.txt HTTP/1.1" 200 3802 "-" "Mozilla/5.0 (compatible; bingbot/2.0; +http://www.bing.com/bingbot.htm)"
54.38.47.50 - - [19/Sep/2020:04:26:29 -0400] "GET /wp-login.php HTTP/1.1" 200 7819 "-" "Mozilla/5.0 (X11; Ubuntu; Linux x86_64; rv:62.0) Gecko/20100101 Firefox/62.0"
54.38.47.50 - - [19/Sep/2020:04:26:29 -0400] "POST /wp-login.php HTTP/1.1" 200 7819 "-" "Mozilla/5.0 (X11; Ubuntu; Linux x86_64; rv:62.0) Gecko/20100101 Firefox/62.0"
204.48.19.85 - - [19/Sep/2020:04:26:30 -0400] "POST /wp-cron.php?doing_wp_cron=1600503990.3452889919281005859375 HTTP/1.1" 200 4134 "https://paranoidmicrobiology.com/wp-cron.php?doing_wp_cron=1600503990.3452889919281005859375" "WordPress/5.3.4; https://paranoidmicrobiology.com"
54.38.47.50 - - [19/Sep/2020:04:26:30 -0400] "POST /xmlrpc.php HTTP/1.1" 200 3683 "-" "Mozilla/5.0 (X11; Ubuntu; Linux x86_64; rv:62.0) Gecko/20100101 Firefox/62.0"
204.48.19.85 - - [19/Sep/2020:04:30:21 -0400] "POST /wp-cron.php?doing_wp_cron=1600504221.1932599544525146484375 HTTP/1.1" 200 4134 "https://paranoidmicrobiology.com/wp-cron.php?doing_wp_cron=1600504221.1932599544525146484375" "WordPress/5.3.4; https://paranoidmicrobiology.com"
185.191.171.18 - - [19/Sep/2020:04:30:21 -0400] "GET /robots.txt HTTP/1.1" 200 4233 "-" "Mozilla/5.0 (compatible; SemrushBot/6~bl; +http://www.semrush.com/bot.html)"
185.191.171.2 - - [19/Sep/2020:04:30:22 -0400] "GET /product/disposable-alcohol-wipes-sterilization-portable-wipes-antibacterial-cleaning-skin-cleaning-care/ HTTP/1.1" 200 19622 "-" "Mozilla/5.0 (compatible; SemrushBot/6~bl; +http://www.semrush.com/bot.html)"
204.48.19.85 - - [19/Sep/2020:04:32:28 -0400] "POST /wp-cron.php?doing_wp_cron=1600504348.4860639572143554687500 HTTP/1.1" 200 4134 "https://paranoidmicrobiology.com/wp-cron.php?doing_wp_cron=1600504348.4860639572143554687500" "WordPress/5.3.4; https://paranoidmicrobiology.com"
185.191.171.19 - - [19/Sep/2020:04:32:28 -0400] "GET /product/mouth-mask-men-women-cotton-anti-dust-mask-mouth-mask-windproof-mouth-muffle-bacteria-proof-flu-face-masks-2/ HTTP/1.1" 200 22880 "-" "Mozilla/5.0 (compatible; SemrushBot/6~bl; +http://www.semrush.com/bot.html)"
157.55.39.107 - - [19/Sep/2020:04:41:02 -0400] "GET /wp-content/uploads/2020/03/2Pack-Empty-Plastic-Spray-Bottles17Oz-Spray-Bottle-Squirt-Bottle-Plastic-Spray-Bottles-for-Cleaning-Solutions-Disinfectant-3-100x100.jpg HTTP/1.1" 200 6330 "-" "Mozilla/5.0 (compatible; bingbot/2.0; +http://www.bing.com/bingbot.htm)"
198.100.144.11 - - [19/Sep/2020:04:42:00 -0400] "GET /wp-login.php HTTP/1.1" 200 7821 "-" "Mozilla/5.0 (X11; Ubuntu; Linux x86_64; rv:62.0) Gecko/20100101 Firefox/62.0"
198.100.144.11 - - [19/Sep/2020:04:42:00 -0400] "POST /wp-login.php HTTP/1.1" 200 7821 "-" "Mozilla/5.0 (X11; Ubuntu; Linux x86_64; rv:62.0) Gecko/20100101 Firefox/62.0"
204.48.19.85 - - [19/Sep/2020:04:42:01 -0400] "POST /wp-cron.php?doing_wp_cron=1600504921.3416209220886230468750 HTTP/1.1" 200 4134 "https://paranoidmicrobiology.com/wp-cron.php?doing_wp_cron=1600504921.3416209220886230468750" "WordPress/5.3.4; https://paranoidmicrobiology.com"
198.100.144.11 - - [19/Sep/2020:04:42:01 -0400] "POST /xmlrpc.php HTTP/1.1" 200 3684 "-" "Mozilla/5.0 (X11; Ubuntu; Linux x86_64; rv:62.0) Gecko/20100101 Firefox/62.0"
66.249.69.54 - - [19/Sep/2020:04:49:38 -0400] "GET /wp-content/uploads/2020/03/Ultraviolet-lamp-Quartz-lamp-Black-light-Bulb-Portable-UV-Sanitizer-Hand-Wand-Ultra-Violet-Light-Kill-2-100x100.jpg HTTP/1.1" 200 7324 "-" "Googlebot-Image/1.0"
204.48.19.85 - - [19/Sep/2020:04:49:38 -0400] "POST /wp-cron.php?doing_wp_cron=1600505378.7167689800262451171875 HTTP/1.1" 200 4134 "https://paranoidmicrobiology.com/wp-cron.php?doing_wp_cron=1600505378.7167689800262451171875" "WordPress/5.3.4; https://paranoidmicrobiology.com"
66.249.69.50 - - [19/Sep/2020:04:49:38 -0400] "GET /robots.txt HTTP/1.1" 200 4270 "-" "Mozilla/5.0 (compatible; Googlebot/2.1; +http://www.google.com/bot.html)"
157.55.39.82 - - [19/Sep/2020:04:50:08 -0400] "GET /wp-content/uploads/2020/03/15W-Ultraviolet-Sterilizer-Light-Disinfection-220V-UVC-Lamp-Bactericidal-Household-Home-Timer-Kill-Mite-Germicidal-Lights.jpg HTTP/1.1" 200 175772 "-" "Mozilla/5.0 (compatible; bingbot/2.0; +http://www.bing.com/bingbot.htm)"
185.191.171.7 - - [19/Sep/2020:05:04:15 -0400] "GET /wp-login.php?redirect_to=https%3A%2F%2Fparanoidmicrobiology.com%2Fproduct%2F60ml-antibacterial-disinfection-spray-alcohol-free-disposable-hand-sterilizer-germicidal-spray-home-disinfection-clean-wormwood%2F HTTP/1.1" 200 8635 "-" "Mozilla/5.0 (compatible; SemrushBot/6~bl; +http://www.semrush.com/bot.html)"
204.48.19.85 - - [19/Sep/2020:05:04:49 -0400] "POST /wp-cron.php?doing_wp_cron=1600506289.2953419685363769531250 HTTP/1.1" 200 4134 "https://paranoidmicrobiology.com/wp-cron.php?doing_wp_cron=1600506289.2953419685363769531250" "WordPress/5.3.4; https://paranoidmicrobiology.com"
185.191.171.25 - - [19/Sep/2020:05:04:49 -0400] "GET /product/30ml-cartoon-animal-rabbit-fox-cat-travel-portable-mini-hand-sanitizer-disposable-no-clean-waterless-fresh-scented-gel-shampoo-c/ HTTP/1.1" 200 19722 "-" "Mozilla/5.0 (compatible; SemrushBot/6~bl; +http://www.semrush.com/bot.html)"
66.249.69.50 - - [19/Sep/2020:05:09:48 -0400] "GET /wp-content/uploads/2020/03/Ultraviolet-lamp-Quartz-lamp-Black-light-Bulb-Portable-UV-Sanitizer-Hand-Wand-Ultra-Violet-Light-Kill-4-600x600.jpg HTTP/1.1" 200 60237 "-" "Googlebot-Image/1.0"
207.46.13.151 - - [19/Sep/2020:05:10:39 -0400] "GET /wp-content/uploads/2020/03/3Pcs-Set-Face-Mask-Anti-PM2-5-Dustproof-Smoke-Pollution-Mask-with-Earloop-a-Washable-Respirator.jpg HTTP/1.1" 200 110981 "-" "Mozilla/5.0 (compatible; bingbot/2.0; +http://www.bing.com/bingbot.htm)"
204.48.19.85 - - [19/Sep/2020:05:10:55 -0400] "POST /wp-cron.php?doing_wp_cron=1600506655.6053218841552734375000 HTTP/1.1" 200 4134 "https://paranoidmicrobiology.com/wp-cron.php?doing_wp_cron=1600506655.6053218841552734375000" "WordPress/5.3.4; https://paranoidmicrobiology.com"
66.249.69.50 - - [19/Sep/2020:05:10:55 -0400] "GET /product/mouth-mask-men-women-cotton-anti-dust-mask-mouth-mask-windproof-mouth-muffle-bacteria-proof-flu-face-masks/ HTTP/1.1" 200 22669 "-" "Mozilla/5.0 (Linux; Android 6.0.1; Nexus 5X Build/MMB29P) AppleWebKit/537.36 (KHTML, like Gecko) Chrome/85.0.4183.110 Mobile Safari/537.36 (compatible; Googlebot/2.1; +http://www.google.com/bot.html)"
157.55.39.75 - - [19/Sep/2020:05:15:57 -0400] "GET /wp-content/uploads/2020/03/38W-110V-220V-Ultraviolet-UVC-Sterilizer-Light-Germicidal-Tube-Disinfection-Home-253-7nm-Lamp-Office-Ozone-2.jpg HTTP/1.1" 200 115834 "-" "Mozilla/5.0 (compatible; bingbot/2.0; +http://www.bing.com/bingbot.htm)"
204.48.19.85 - - [19/Sep/2020:05:17:27 -0400] "POST /wp-cron.php?doing_wp_cron=1600507047.8634269237518310546875 HTTP/1.1" 200 4134 "https://paranoidmicrobiology.com/wp-cron.php?doing_wp_cron=1600507047.8634269237518310546875" "WordPress/5.3.4; https://paranoidmicrobiology.com"
185.191.171.18 - - [19/Sep/2020:05:17:27 -0400] "GET /product/1-piece-of-nail-polish-fungus-treatment-pen-antifungal-infection-bioremediation-liquid-nutrient-oil-restore-healthy-toenailtslm2/ HTTP/1.1" 200 21114 "-" "Mozilla/5.0 (compatible; SemrushBot/6~bl; +http://www.semrush.com/bot.html)"
66.249.69.54 - - [19/Sep/2020:05:21:13 -0400] "GET /wp-content/uploads/2020/03/COKELIFE-Sex-Products-Body-Spray-Solution-Cleaner-No-Alcohol-For-Vagina-and-Penis-Antibacterial-Sex-Toys-3.jpg HTTP/1.1" 200 24691 "-" "Googlebot-Image/1.0"
204.48.19.85 - - [19/Sep/2020:05:26:31 -0400] "POST /wp-cron.php?doing_wp_cron=1600507591.8910288810729980468750 HTTP/1.1" 200 4134 "https://paranoidmicrobiology.com/wp-cron.php?doing_wp_cron=1600507591.8910288810729980468750" "WordPress/5.3.4; https://paranoidmicrobiology.com"
66.249.69.50 - - [19/Sep/2020:05:26:31 -0400] "GET /product/respirator-gas-mask-anti-dust-organic-air-acid-gas-ammonia-gas-safety-helmet-industry-painting-spraying-gas-mask-promotion/ HTTP/1.1" 200 23309 "-" "Mozilla/5.0 (Linux; Android 6.0.1; Nexus 5X Build/MMB29P) AppleWebKit/537.36 (KHTML, like Gecko) Chrome/85.0.4183.110 Mobile Safari/537.36 (compatible; Googlebot/2.1; +http://www.google.com/bot.html)"
204.48.19.85 - - [19/Sep/2020:05:26:37 -0400] "POST /wp-cron.php?doing_wp_cron=1600507597.5432140827178955078125 HTTP/1.1" 200 4134 "https://paranoidmicrobiology.com/wp-cron.php?doing_wp_cron=1600507597.5432140827178955078125" "WordPress/5.3.4; https://paranoidmicrobiology.com"
66.249.69.50 - - [19/Sep/2020:05:26:37 -0400] "POST /?wc-ajax=get_refreshed_fragments HTTP/1.1" 200 4445 "https://paranoidmicrobiology.com/product/respirator-gas-mask-anti-dust-organic-air-acid-gas-ammonia-gas-safety-helmet-industry-painting-spraying-gas-mask-promotion/" "Mozilla/5.0 (Linux; Android 6.0.1; Nexus 5X Build/MMB29P) AppleWebKit/537.36 (KHTML, like Gecko) Chrome/85.0.4183.113 Mobile Safari/537.36 (compatible; Googlebot/2.1; +http://www.google.com/bot.html)"
66.249.69.52 - - [19/Sep/2020:05:49:59 -0400] "GET /wp-content/uploads/2020/03/100-50PCS-rubber-gloves-Kitchen-Medical-Rubber-Garden-Gloves-Universal-For-Left-and-Right-Hand-disposable-600x600.jpg HTTP/1.1" 304 4008 "-" "Googlebot-Image/1.0"
204.48.19.85 - - [19/Sep/2020:05:50:00 -0400] "POST /wp-cron.php?doing_wp_cron=1600508999.9256639480590820312500 HTTP/1.1" 200 4134 "https://paranoidmicrobiology.com/wp-cron.php?doing_wp_cron=1600508999.9256639480590820312500" "WordPress/5.3.4; https://paranoidmicrobiology.com"
66.249.69.50 - - [19/Sep/2020:05:49:59 -0400] "GET /robots.txt HTTP/1.1" 200 4270 "-" "Mozilla/5.0 (compatible; Googlebot/2.1; +http://www.google.com/bot.html)"
204.48.19.85 - - [19/Sep/2020:05:51:17 -0400] "POST /wp-cron.php?doing_wp_cron=1600509077.4434230327606201171875 HTTP/1.1" 200 4134 "https://paranoidmicrobiology.com/wp-cron.php?doing_wp_cron=1600509077.4434230327606201171875" "WordPress/5.3.4; https://paranoidmicrobiology.com"
185.191.171.11 - - [19/Sep/2020:05:51:17 -0400] "GET /robots.txt HTTP/1.1" 200 4233 "-" "Mozilla/5.0 (compatible; SemrushBot/6~bl; +http://www.semrush.com/bot.html)"
185.191.171.35 - - [19/Sep/2020:05:51:17 -0400] "GET /product/300mlultrasonic-aromatherapy-humidifier-essential-oil-diffuser-air-purifier-for-home-mist-maker-with-app-remote-control/ HTTP/1.1" 200 23499 "-" "Mozilla/5.0 (compatible; SemrushBot/6~bl; +http://www.semrush.com/bot.html)"
204.48.19.85 - - [19/Sep/2020:05:58:08 -0400] "POST /wp-cron.php?doing_wp_cron=1600509488.4882590770721435546875 HTTP/1.1" 200 4134 "https://paranoidmicrobiology.com/wp-cron.php?doing_wp_cron=1600509488.4882590770721435546875" "WordPress/5.3.4; https://paranoidmicrobiology.com"
185.191.171.10 - - [19/Sep/2020:05:58:06 -0400] "GET /product/tap-water-purifier-kitchen-faucet-washable-ceramic-percolator-mini-water-filter-filtro-rust-bacteria-removal-replacement-filter/ HTTP/1.1" 200 22490 "-" "Mozilla/5.0 (compatible; SemrushBot/6~bl; +http://www.semrush.com/bot.html)"
192.71.44.44 - - [19/Sep/2020:06:00:47 -0400] "GET /robots.txt HTTP/1.1" 301 584 "-" "Go-http-client/1.1"
204.48.19.85 - - [19/Sep/2020:06:00:48 -0400] "POST /wp-cron.php?doing_wp_cron=1600509648.1015579700469970703125 HTTP/1.1" 200 4134 "https://paranoidmicrobiology.com/wp-cron.php?doing_wp_cron=1600509648.1015579700469970703125" "WordPress/5.3.4; https://paranoidmicrobiology.com"
192.71.30.89 - - [19/Sep/2020:06:00:47 -0400] "GET /robots.txt HTTP/1.1" 200 4233 "http://paranoidmicrobiology.com/robots.txt" "Go-http-client/1.1"
192.71.224.240 - - [19/Sep/2020:06:00:48 -0400] "GET /humans.txt HTTP/1.1" 301 584 "-" "Go-http-client/1.1"
192.71.10.105 - - [19/Sep/2020:06:00:48 -0400] "GET /humans.txt HTTP/1.1" 404 29849 "http://paranoidmicrobiology.com/humans.txt" "Go-http-client/1.1"
192.71.30.89 - - [19/Sep/2020:06:00:49 -0400] "GET /ads.txt HTTP/1.1" 301 578 "-" "Go-http-client/1.1"
192.36.71.133 - - [19/Sep/2020:06:00:49 -0400] "GET /ads.txt HTTP/1.1" 404 29849 "http://paranoidmicrobiology.com/ads.txt" "Go-http-client/1.1"
192.71.103.173 - - [19/Sep/2020:06:00:50 -0400] "GET / HTTP/1.1" 301 564 "-" "Go-http-client/1.1"
192.71.103.173 - - [19/Sep/2020:06:00:50 -0400] "GET / HTTP/1.1" 200 17574 "http://paranoidmicrobiology.com/" "Go-http-client/1.1"
204.48.19.85 - - [19/Sep/2020:06:04:37 -0400] "POST /wp-cron.php?doing_wp_cron=1600509877.9845139980316162109375 HTTP/1.1" 200 4134 "https://paranoidmicrobiology.com/wp-cron.php?doing_wp_cron=1600509877.9845139980316162109375" "WordPress/5.3.4; https://paranoidmicrobiology.com"
66.249.69.50 - - [19/Sep/2020:06:04:37 -0400] "GET /product/1-piece-of-nail-polish-fungus-treatment-pen-antifungal-infection-bioremediation-liquid-nutrient-oil-restore-healthy-toenailtslm2/feed/ HTTP/1.1" 404 29886 "-" "Mozilla/5.0 (compatible; Googlebot/2.1; +http://www.google.com/bot.html)"
204.48.19.85 - - [19/Sep/2020:06:06:35 -0400] "POST /wp-cron.php?doing_wp_cron=1600509995.2369430065155029296875 HTTP/1.1" 200 4134 "https://paranoidmicrobiology.com/wp-cron.php?doing_wp_cron=1600509995.2369430065155029296875" "WordPress/5.3.4; https://paranoidmicrobiology.com"
66.249.69.54 - - [19/Sep/2020:06:06:35 -0400] "GET /product/100-50pcs-rubber-gloves-kitchen-medical-rubber-garden-gloves-universal-for-left-and-right-hand-disposable-medical-latex-gloves/ HTTP/1.1" 200 22066 "-" "Mozilla/5.0 (Linux; Android 6.0.1; Nexus 5X Build/MMB29P) AppleWebKit/537.36 (KHTML, like Gecko) Chrome/85.0.4183.110 Mobile Safari/537.36 (compatible; Googlebot/2.1; +http://www.google.com/bot.html)"
66.249.69.54 - - [19/Sep/2020:06:10:07 -0400] "GET /wp-content/uploads/2020/03/10-100pcs-Disposable-Masks-Safety-Protective-Anti-dust-3-Layers-Masks-Breathable-Anti-fog-Earloops-Mouth-300x300.jpg HTTP/1.1" 304 4008 "-" "Googlebot-Image/1.0"
66.249.69.50 - - [19/Sep/2020:06:21:13 -0400] "GET /wp-content/uploads/2020/03/100-50PCS-rubber-gloves-Kitchen-Medical-Rubber-Garden-Gloves-Universal-For-Left-and-Right-Hand-disposable-3.jpg HTTP/1.1" 304 4009 "-" "Googlebot-Image/1.0"
13.55.123.159 - - [19/Sep/2020:06:22:06 -0400] "GET /wp-login.php HTTP/1.1" 200 7819 "-" "Mozilla/5.0 (X11; Ubuntu; Linux x86_64; rv:62.0) Gecko/20100101 Firefox/62.0"
13.55.123.159 - - [19/Sep/2020:06:22:07 -0400] "POST /wp-login.php HTTP/1.1" 200 7819 "-" "Mozilla/5.0 (X11; Ubuntu; Linux x86_64; rv:62.0) Gecko/20100101 Firefox/62.0"
204.48.19.85 - - [19/Sep/2020:06:22:08 -0400] "POST /wp-cron.php?doing_wp_cron=1600510928.6802070140838623046875 HTTP/1.1" 200 4134 "https://paranoidmicrobiology.com/wp-cron.php?doing_wp_cron=1600510928.6802070140838623046875" "WordPress/5.3.4; https://paranoidmicrobiology.com"
13.55.123.159 - - [19/Sep/2020:06:22:08 -0400] "POST /xmlrpc.php HTTP/1.1" 200 3685 "-" "Mozilla/5.0 (X11; Ubuntu; Linux x86_64; rv:62.0) Gecko/20100101 Firefox/62.0"
207.46.13.151 - - [19/Sep/2020:06:30:32 -0400] "GET /wp-content/uploads/2020/03/60ml-Antibacterial-Disinfection-Spray-Alcohol-free-Disposable-Hand-Sterilizer-Germicidal-Spray-Home-Disinfection-Clean-Wormwood-5.jpg HTTP/1.1" 200 21559 "-" "Mozilla/5.0 (compatible; bingbot/2.0; +http://www.bing.com/bingbot.htm)"
66.249.69.54 - - [19/Sep/2020:06:31:08 -0400] "GET /wp-content/uploads/2020/03/100-50PCS-rubber-gloves-Kitchen-Medical-Rubber-Garden-Gloves-Universal-For-Left-and-Right-Hand-disposable-300x300.jpg HTTP/1.1" 304 4008 "-" "Googlebot-Image/1.0"
66.249.69.54 - - [19/Sep/2020:06:41:08 -0400] "GET /wp-content/uploads/2020/03/100-50PCS-rubber-gloves-Kitchen-Medical-Rubber-Garden-Gloves-Universal-For-Left-and-Right-Hand-disposable-1-100x100.jpg HTTP/1.1" 304 4007 "-" "Googlebot-Image/1.0"
66.249.69.50 - - [19/Sep/2020:06:50:01 -0400] "GET /wp-content/uploads/2020/03/100-50PCS-rubber-gloves-Kitchen-Medical-Rubber-Garden-Gloves-Universal-For-Left-and-Right-Hand-disposable-4-600x600.jpg HTTP/1.1" 304 4008 "-" "Googlebot-Image/1.0"
204.48.19.85 - - [19/Sep/2020:06:50:02 -0400] "POST /wp-cron.php?doing_wp_cron=1600512601.9872760772705078125000 HTTP/1.1" 200 4134 "https://paranoidmicrobiology.com/wp-cron.php?doing_wp_cron=1600512601.9872760772705078125000" "WordPress/5.3.4; https://paranoidmicrobiology.com"
66.249.69.50 - - [19/Sep/2020:06:50:01 -0400] "GET /robots.txt HTTP/1.1" 200 4270 "-" "Mozilla/5.0 (compatible; Googlebot/2.1; +http://www.google.com/bot.html)"
204.48.19.85 - - [19/Sep/2020:06:56:34 -0400] "POST /wp-cron.php?doing_wp_cron=1600512994.5489668846130371093750 HTTP/1.1" 200 4134 "https://paranoidmicrobiology.com/wp-cron.php?doing_wp_cron=1600512994.5489668846130371093750" "WordPress/5.3.4; https://paranoidmicrobiology.com"
185.191.171.8 - - [19/Sep/2020:06:56:34 -0400] "GET /robots.txt HTTP/1.1" 200 4233 "-" "Mozilla/5.0 (compatible; SemrushBot/6~bl; +http://www.semrush.com/bot.html)"
185.191.171.15 - - [19/Sep/2020:06:56:35 -0400] "GET /product/nail-fungus-treatment-pen-nail-paronychia-antifungal-infection-cuticle-remover-liquid-nail-growth-skin-herbal-care-liquid-tslm1/ HTTP/1.1" 200 21528 "-" "Mozilla/5.0 (compatible; SemrushBot/6~bl; +http://www.semrush.com/bot.html)"
66.249.69.50 - - [19/Sep/2020:06:59:58 -0400] "GET /wp-content/uploads/2020/03/Black-Anti-Dust-Mask-PM2-5-Activated-Carbon-Filter-Face-Mouth-Masks-Reusable-Mouth-Cover-Anti-300x300.jpg HTTP/1.1" 304 4008 "-" "Googlebot-Image/1.0"
185.191.171.11 - - [19/Sep/2020:07:06:56 -0400] "GET /wp-login.php?redirect_to=https%3A%2F%2Fparanoidmicrobiology.com%2Fproduct%2Fdmwd-uv-water-sterilizer-ultraviolet-tube-lamp-direct-drink-water-disinfection-treatment-filter-aquarium-fish-tank-purifier-12w%2F HTTP/1.1" 200 8641 "-" "Mozilla/5.0 (compatible; SemrushBot/6~bl; +http://www.semrush.com/bot.html)"
157.55.39.107 - - [19/Sep/2020:07:08:11 -0400] "GET /wp-content/uploads/2020/03/cropped-tmp-1-1.jpg HTTP/1.1" 200 49706 "-" "Mozilla/5.0 (compatible; bingbot/2.0; +http://www.bing.com/bingbot.htm)"
40.77.167.151 - - [19/Sep/2020:07:08:35 -0400] "GET /wp-content/uploads/2020/03/Gas-Mask-Breathing-Mask-Creative-Stage-Performance-Prop-for-CS-Field-Equipment-Cosplay-Protection-Halloween-Evil-8.jpg HTTP/1.1" 200 155112 "-" "Mozilla/5.0 (compatible; bingbot/2.0; +http://www.bing.com/bingbot.htm)"
157.55.39.75 - - [19/Sep/2020:07:13:09 -0400] "GET /wp-content/uploads/2020/03/8W-15W-20W-Disinfect-Ozone-Ultraviolet-Lamp-253-7nm-Bactericidal-Sterilizer-UVC-Light-T5-T8-Germicidal-5.jpg HTTP/1.1" 200 225703 "-" "Mozilla/5.0 (compatible; bingbot/2.0; +http://www.bing.com/bingbot.htm)"
157.55.39.107 - - [19/Sep/2020:07:15:59 -0400] "GET /wp-content/uploads/2020/03/3Pcs-Set-Face-Mask-Anti-PM2-5-Dustproof-Smoke-Pollution-Mask-with-Earloop-a-Washable-Respirator-4.jpg HTTP/1.1" 200 64074 "-" "Mozilla/5.0 (compatible; bingbot/2.0; +http://www.bing.com/bingbot.htm)"
185.191.171.2 - - [19/Sep/2020:07:19:17 -0400] "GET /wp-login.php?redirect_to=https%3A%2F%2Fparanoidmicrobiology.com%2Fproduct%2Fhome-air-purifier-with-true-hepa-filter-for-allergies-and-petssmokemoldgerms-and-dust-odor-eliminatordesktop-air-cleaner%2F HTTP/1.1" 200 8640 "-" "Mozilla/5.0 (compatible; SemrushBot/6~bl; +http://www.semrush.com/bot.html)"
66.249.69.54 - - [19/Sep/2020:07:20:19 -0400] "GET /wp-content/uploads/2020/03/100pcs-Wear-Resistant-Durable-Nitrile-Disposable-Gloves-Rubber-Latex-Food-Medical-Household-Cleaning-Gloves-Anti-Static-2-100x100.jpg HTTP/1.1" 200 6700 "-" "Googlebot-Image/1.0"
204.48.19.85 - - [19/Sep/2020:07:24:18 -0400] "POST /wp-cron.php?doing_wp_cron=1600514658.6202468872070312500000 HTTP/1.1" 200 4134 "https://paranoidmicrobiology.com/wp-cron.php?doing_wp_cron=1600514658.6202468872070312500000" "WordPress/5.3.4; http://paranoidmicrobiology.com"
40.113.124.250 - - [19/Sep/2020:07:24:18 -0400] "GET /wp-login.php HTTP/1.1" 200 5517 "-" "Mozilla/5.0 (X11; Ubuntu; Linux x86_64; rv:62.0) Gecko/20100101 Firefox/62.0"
40.113.124.250 - - [19/Sep/2020:07:24:19 -0400] "POST /wp-login.php HTTP/1.1" 401 7063 "-" "Mozilla/5.0 (X11; Ubuntu; Linux x86_64; rv:62.0) Gecko/20100101 Firefox/62.0"
40.113.124.250 - - [19/Sep/2020:07:24:19 -0400] "POST /xmlrpc.php HTTP/1.1" 200 3661 "-" "Mozilla/5.0 (X11; Ubuntu; Linux x86_64; rv:62.0) Gecko/20100101 Firefox/62.0"
157.55.39.82 - - [19/Sep/2020:07:30:49 -0400] "GET /wp-content/uploads/2020/03/N95-Face-Mask-Respirator-With-Valve-Mask-For-Child-Kids-Anti-Dust-Mask-PM-2-5-1.jpg HTTP/1.1" 200 169353 "-" "Mozilla/5.0 (compatible; bingbot/2.0; +http://www.bing.com/bingbot.htm)"
157.55.39.82 - - [19/Sep/2020:07:54:23 -0400] "GET /wp-content/uploads/2020/03/5pcs-Disposable-No-Clean-Waterless-Hand-Sanitizer-for-Children-75-Alcohol-Antibacterial-Hand-Sanitizer-Disinfection-Gel-5.jpg HTTP/1.1" 200 105887 "-" "Mozilla/5.0 (compatible; bingbot/2.0; +http://www.bing.com/bingbot.htm)"
66.249.69.50 - - [19/Sep/2020:08:00:59 -0400] "GET /wp-content/uploads/2020/03/3Pcs-Set-Face-Mask-Anti-PM2-5-Dustproof-Smoke-Pollution-Mask-with-Earloop-a-Washable-Respirator-300x300.jpg HTTP/1.1" 304 4008 "-" "Googlebot-Image/1.0"
204.48.19.85 - - [19/Sep/2020:08:00:59 -0400] "POST /wp-cron.php?doing_wp_cron=1600516859.7795031070709228515625 HTTP/1.1" 200 4134 "https://paranoidmicrobiology.com/wp-cron.php?doing_wp_cron=1600516859.7795031070709228515625" "WordPress/5.3.4; https://paranoidmicrobiology.com"
66.249.69.50 - - [19/Sep/2020:08:00:59 -0400] "GET /robots.txt HTTP/1.1" 200 4270 "-" "Mozilla/5.0 (compatible; Googlebot/2.1; +http://www.google.com/bot.html)"
204.48.19.85 - - [19/Sep/2020:08:09:26 -0400] "POST /wp-cron.php?doing_wp_cron=1600517366.2651569843292236328125 HTTP/1.1" 200 4134 "https://paranoidmicrobiology.com/wp-cron.php?doing_wp_cron=1600517366.2651569843292236328125" "WordPress/5.3.4; https://paranoidmicrobiology.com"
185.191.171.1 - - [19/Sep/2020:08:09:26 -0400] "GET /robots.txt HTTP/1.1" 200 4233 "-" "Mozilla/5.0 (compatible; SemrushBot/6~bl; +http://www.semrush.com/bot.html)"
185.191.171.6 - - [19/Sep/2020:08:09:26 -0400] "GET /wp-login.php?redirect_to=https%3A%2F%2Fparanoidmicrobiology.com%2Fproduct%2Fchemical-mask-6800-7suits-6001-gas-mask-acid-dust-respirator-paint-pesticide-spray-silicone-filter-laboratory-cartridge-welding-3%2F HTTP/1.1" 200 6308 "-" "Mozilla/5.0 (compatible; SemrushBot/6~bl; +http://www.semrush.com/bot.html)"
157.55.39.82 - - [19/Sep/2020:08:18:43 -0400] "GET /wp-content/uploads/2020/03/30ml-Cartoon-Animal-Rabbit-Fox-Cat-Travel-Portable-Mini-Hand-Sanitizer-Disposable-No-Clean-Waterless-Fresh.jpg HTTP/1.1" 200 83392 "-" "Mozilla/5.0 (compatible; bingbot/2.0; +http://www.bing.com/bingbot.htm)"
51.79.21.92 - - [19/Sep/2020:08:25:46 -0400] "GET /wp-login.php HTTP/1.1" 200 7819 "-" "Mozilla/5.0 (X11; Ubuntu; Linux x86_64; rv:62.0) Gecko/20100101 Firefox/62.0"
51.79.21.92 - - [19/Sep/2020:08:25:47 -0400] "POST /wp-login.php HTTP/1.1" 200 7819 "-" "Mozilla/5.0 (X11; Ubuntu; Linux x86_64; rv:62.0) Gecko/20100101 Firefox/62.0"
204.48.19.85 - - [19/Sep/2020:08:25:47 -0400] "POST /wp-cron.php?doing_wp_cron=1600518347.3230960369110107421875 HTTP/1.1" 200 4134 "https://paranoidmicrobiology.com/wp-cron.php?doing_wp_cron=1600518347.3230960369110107421875" "WordPress/5.3.4; https://paranoidmicrobiology.com"
51.79.21.92 - - [19/Sep/2020:08:25:47 -0400] "POST /xmlrpc.php HTTP/1.1" 200 3683 "-" "Mozilla/5.0 (X11; Ubuntu; Linux x86_64; rv:62.0) Gecko/20100101 Firefox/62.0"
40.77.167.151 - - [19/Sep/2020:08:26:00 -0400] "GET /wp-content/uploads/2020/03/15W-Ultraviolet-Sterilizer-Light-Disinfection-220V-UVC-Lamp-Bactericidal-Household-Home-Timer-Kill-Mite-Germicidal-Lights-1.jpg HTTP/1.1" 200 91202 "-" "Mozilla/5.0 (compatible; bingbot/2.0; +http://www.bing.com/bingbot.htm)"
23.228.109.146 - - [19/Sep/2020:08:27:51 -0400] "GET /wp-content/themes/bordeaux-theme/style.css HTTP/1.1" 301 648 "http://www.google.com/" "Mozilla/5.0 (Windows NT 6.1; Win64; x64) AppleWebKit/537.36 (KHTML, like Gecko) Chrome/56.0.2896.3 Safari/537.36"
204.48.19.85 - - [19/Sep/2020:08:27:52 -0400] "POST /wp-cron.php?doing_wp_cron=1600518472.2823059558868408203125 HTTP/1.1" 200 4134 "https://paranoidmicrobiology.com/wp-cron.php?doing_wp_cron=1600518472.2823059558868408203125" "WordPress/5.3.4; https://paranoidmicrobiology.com"
23.228.109.146 - - [19/Sep/2020:08:27:52 -0400] "GET /wp-content/themes/bordeaux-theme/style.css HTTP/1.1" 404 29458 "http://www.google.com/" "Mozilla/5.0 (Windows NT 6.1; Win64; x64) AppleWebKit/537.36 (KHTML, like Gecko) Chrome/56.0.2896.3 Safari/537.36"
157.55.39.75 - - [19/Sep/2020:08:36:30 -0400] "GET /wp-content/uploads/2020/03/100ml-Portable-No-Wash-Disinfectant-Spray-Domestic-Skin-And-Cloth-Sterilization-Herbal-Formula-Disinfection-Spray.jpg HTTP/1.1" 200 42689 "-" "Mozilla/5.0 (compatible; bingbot/2.0; +http://www.bing.com/bingbot.htm)"
66.249.69.52 - - [19/Sep/2020:08:41:33 -0400] "GET /wp-content/uploads/2020/03/100-50PCS-rubber-gloves-Kitchen-Medical-Rubber-Garden-Gloves-Universal-For-Left-and-Right-Hand-disposable-3-600x600.jpg HTTP/1.1" 304 4008 "-" "Googlebot-Image/1.0"
66.249.69.52 - - [19/Sep/2020:08:51:29 -0400] "GET /wp-content/uploads/2020/03/Safety-Mouth-Knitted-Flannel-Nitrile-Gloves-Full-Double-Plane-Oil-And-Alkali-Oil-Machinery-Gas-Station-300x300.jpg HTTP/1.1" 304 4008 "-" "Googlebot-Image/1.0"
204.48.19.85 - - [19/Sep/2020:08:59:45 -0400] "POST /wp-cron.php?doing_wp_cron=1600520385.5093228816986083984375 HTTP/1.1" 200 4134 "https://paranoidmicrobiology.com/wp-cron.php?doing_wp_cron=1600520385.5093228816986083984375" "WordPress/5.3.4; https://paranoidmicrobiology.com"
157.55.39.75 - - [19/Sep/2020:08:59:45 -0400] "GET /product/60ml-antibacterial-disinfection-spray-alcohol-free-disposable-hand-sterilizer-germicidal-spray-home-disinfection-clean-wormwood/ HTTP/1.1" 200 20342 "-" "Mozilla/5.0 (compatible; bingbot/2.0; +http://www.bing.com/bingbot.htm)"
40.77.167.234 - - [19/Sep/2020:09:00:00 -0400] "GET /wp-content/uploads/2020/03/60ml-Antibacterial-Disinfection-Spray-Alcohol-free-Disposable-Hand-Sterilizer-Germicidal-Spray-Home-Disinfection-Clean-Wormwood-2-100x100.jpg HTTP/1.1" 200 6807 "-" "Mozilla/5.0 (compatible; bingbot/2.0; +http://www.bing.com/bingbot.htm)"
40.77.167.234 - - [19/Sep/2020:09:00:00 -0400] "GET /wp-content/uploads/2020/03/60ml-Antibacterial-Disinfection-Spray-Alcohol-free-Disposable-Hand-Sterilizer-Germicidal-Spray-Home-Disinfection-Clean-Wormwood-5-100x100.jpg HTTP/1.1" 200 1982 "-" "Mozilla/5.0 (compatible; bingbot/2.0; +http://www.bing.com/bingbot.htm)"
40.77.167.234 - - [19/Sep/2020:09:00:00 -0400] "GET /wp-content/uploads/2020/03/60ml-Antibacterial-Disinfection-Spray-Alcohol-free-Disposable-Hand-Sterilizer-Germicidal-Spray-Home-Disinfection-Clean-Wormwood.jpg HTTP/1.1" 200 73243 "-" "Mozilla/5.0 (compatible; bingbot/2.0; +http://www.bing.com/bingbot.htm)"
157.55.39.82 - - [19/Sep/2020:09:00:05 -0400] "GET /wp-content/uploads/2020/03/60ml-Antibacterial-Disinfection-Spray-Alcohol-free-Disposable-Hand-Sterilizer-Germicidal-Spray-Home-Disinfection-Clean-Wormwood-100x100.jpg HTTP/1.1" 200 7413 "-" "Mozilla/5.0 (compatible; bingbot/2.0; +http://www.bing.com/bingbot.htm)"
157.55.39.82 - - [19/Sep/2020:09:00:06 -0400] "GET /wp-content/uploads/2020/03/60ml-Antibacterial-Disinfection-Spray-Alcohol-free-Disposable-Hand-Sterilizer-Germicidal-Spray-Home-Disinfection-Clean-Wormwood-4-100x100.jpg HTTP/1.1" 200 3968 "-" "Mozilla/5.0 (compatible; bingbot/2.0; +http://www.bing.com/bingbot.htm)"
157.55.39.107 - - [19/Sep/2020:09:00:16 -0400] "GET /wp-content/uploads/2020/03/60ml-Antibacterial-Disinfection-Spray-Alcohol-free-Disposable-Hand-Sterilizer-Germicidal-Spray-Home-Disinfection-Clean-Wormwood-1-100x100.jpg HTTP/1.1" 200 7202 "-" "Mozilla/5.0 (compatible; bingbot/2.0; +http://www.bing.com/bingbot.htm)"
204.48.19.85 - - [19/Sep/2020:09:07:42 -0400] "POST /wp-cron.php?doing_wp_cron=1600520862.4036090373992919921875 HTTP/1.1" 200 4134 "https://paranoidmicrobiology.com/wp-cron.php?doing_wp_cron=1600520862.4036090373992919921875" "WordPress/5.3.4; https://paranoidmicrobiology.com"
185.191.171.7 - - [19/Sep/2020:09:07:42 -0400] "GET /product-category/disinfectant-lights/ HTTP/1.1" 200 15772 "-" "Mozilla/5.0 (compatible; SemrushBot/6~bl; +http://www.semrush.com/bot.html)"
40.77.167.36 - - [19/Sep/2020:09:13:14 -0400] "GET /wp-content/uploads/2020/03/60ml-Antibacterial-Disinfection-Spray-Alcohol-free-Disposable-Hand-Sterilizer-Germicidal-Spray-Home-Disinfection-Clean-Wormwood-3-100x100.jpg HTTP/1.1" 200 7557 "-" "Mozilla/5.0 (compatible; bingbot/2.0; +http://www.bing.com/bingbot.htm)"
159.65.223.215 - - [19/Sep/2020:09:29:54 -0400] "GET /wp-login.php HTTP/1.1" 200 7822 "-" "Mozilla/5.0 (X11; Ubuntu; Linux x86_64; rv:62.0) Gecko/20100101 Firefox/62.0"
159.65.223.215 - - [19/Sep/2020:09:29:54 -0400] "POST /wp-login.php HTTP/1.1" 200 7822 "-" "Mozilla/5.0 (X11; Ubuntu; Linux x86_64; rv:62.0) Gecko/20100101 Firefox/62.0"
204.48.19.85 - - [19/Sep/2020:09:29:54 -0400] "POST /wp-cron.php?doing_wp_cron=1600522194.4167950153350830078125 HTTP/1.1" 200 4134 "https://paranoidmicrobiology.com/wp-cron.php?doing_wp_cron=1600522194.4167950153350830078125" "WordPress/5.3.4; https://paranoidmicrobiology.com"
159.65.223.215 - - [19/Sep/2020:09:29:54 -0400] "POST /xmlrpc.php HTTP/1.1" 200 3686 "-" "Mozilla/5.0 (X11; Ubuntu; Linux x86_64; rv:62.0) Gecko/20100101 Firefox/62.0"
45.25.156.10 - - [19/Sep/2020:09:48:31 -0400] "GET /wp-content/uploads/2020/03/Disposable-Alcohol-Wipes-Sterilization-Portable-Wipes-Antibacterial-Cleaning-Skin-Cleaning-Care-2.jpg HTTP/1.1" 200 88834 "https://www.bing.com/" "Mozilla/5.0 (Windows NT 10.0; Win64; x64) AppleWebKit/537.36 (KHTML, like Gecko) Chrome/83.0.4103.61 Safari/537.36"
45.25.156.10 - - [19/Sep/2020:09:48:31 -0400] "GET /wp-content/uploads/2020/03/Disposable-Alcohol-Wipes-Sterilization-Portable-Wipes-Antibacterial-Cleaning-Skin-Cleaning-Care.jpg HTTP/1.1" 200 85183 "https://www.bing.com/" "Mozilla/5.0 (Windows NT 10.0; Win64; x64) AppleWebKit/537.36 (KHTML, like Gecko) Chrome/83.0.4103.61 Safari/537.36"
45.25.156.10 - - [19/Sep/2020:09:48:31 -0400] "GET /wp-content/uploads/2020/03/Disposable-Alcohol-Wipes-Sterilization-Portable-Wipes-Antibacterial-Cleaning-Skin-Cleaning-Care-1.jpg HTTP/1.1" 200 353616 "https://www.bing.com/" "Mozilla/5.0 (Windows NT 10.0; Win64; x64) AppleWebKit/537.36 (KHTML, like Gecko) Chrome/83.0.4103.61 Safari/537.36"
40.77.167.234 - - [19/Sep/2020:10:01:12 -0400] "GET /wp-content/plugins/woo-photo-reviews/css/masonry.css?ver=1.1.3.7 HTTP/1.1" 200 6437 "-" "Mozilla/5.0 (compatible; bingbot/2.0; +http://www.bing.com/bingbot.htm)"
40.77.167.151 - - [19/Sep/2020:10:01:38 -0400] "GET /wp-content/plugins/woocommerce/assets/js/frontend/woocommerce.min.js?ver=4.5.2 HTTP/1.1" 200 4493 "-" "Mozilla/5.0 (compatible; bingbot/2.0; +http://www.bing.com/bingbot.htm)"
204.48.19.85 - - [19/Sep/2020:10:11:14 -0400] "POST /wp-cron.php?doing_wp_cron=1600524674.1324579715728759765625 HTTP/1.1" 200 4134 "https://paranoidmicrobiology.com/wp-cron.php?doing_wp_cron=1600524674.1324579715728759765625" "WordPress/5.3.4; https://paranoidmicrobiology.com"
185.191.171.25 - - [19/Sep/2020:10:11:13 -0400] "GET /robots.txt HTTP/1.1" 200 4233 "-" "Mozilla/5.0 (compatible; SemrushBot/6~bl; +http://www.semrush.com/bot.html)"
185.191.171.34 - - [19/Sep/2020:10:11:14 -0400] "GET /product/80ml-household-cleaners-disposable-hand-sanitizer-75-alcohol-germicidal-spray-disinfectant-portable/ HTTP/1.1" 200 20795 "-" "Mozilla/5.0 (compatible; SemrushBot/6~bl; +http://www.semrush.com/bot.html)"
204.48.19.85 - - [19/Sep/2020:10:17:44 -0400] "POST /wp-cron.php?doing_wp_cron=1600525064.8073530197143554687500 HTTP/1.1" 200 4134 "https://paranoidmicrobiology.com/wp-cron.php?doing_wp_cron=1600525064.8073530197143554687500" "WordPress/5.3.4; https://paranoidmicrobiology.com"
66.249.69.52 - - [19/Sep/2020:10:17:44 -0400] "GET /robots.txt HTTP/1.1" 200 4270 "-" "Mozilla/5.0 (compatible; Googlebot/2.1; +http://www.google.com/bot.html)"
66.249.69.54 - - [19/Sep/2020:10:17:45 -0400] "GET /product/15w-ultraviolet-sterilizer-light-disinfection-220v-uvc-lamp-bactericidal-household-home-timer-kill-mite-germicidal-lights/ HTTP/1.1" 200 21725 "-" "Mozilla/5.0 (Linux; Android 6.0.1; Nexus 5X Build/MMB29P) AppleWebKit/537.36 (KHTML, like Gecko) Chrome/85.0.4183.110 Mobile Safari/537.36 (compatible; Googlebot/2.1; +http://www.google.com/bot.html)"
204.48.19.85 - - [19/Sep/2020:10:20:19 -0400] "POST /wp-cron.php?doing_wp_cron=1600525219.8632659912109375000000 HTTP/1.1" 200 4134 "https://paranoidmicrobiology.com/wp-cron.php?doing_wp_cron=1600525219.8632659912109375000000" "WordPress/5.3.4; https://paranoidmicrobiology.com"
66.249.69.52 - - [19/Sep/2020:10:20:19 -0400] "GET /product/gas-mask-respirator-filter-box-filters-safety-protective-mask-anti-dust-mask-industrial-refine-mine-spray-silica-gel-mask/feed/ HTTP/1.1" 404 29886 "-" "Mozilla/5.0 (Linux; Android 6.0.1; Nexus 5X Build/MMB29P) AppleWebKit/537.36 (KHTML, like Gecko) Chrome/85.0.4183.110 Mobile Safari/537.36 (compatible; Googlebot/2.1; +http://www.google.com/bot.html)"
204.48.19.85 - - [19/Sep/2020:10:20:56 -0400] "POST /wp-cron.php?doing_wp_cron=1600525256.2578909397125244140625 HTTP/1.1" 200 4134 "https://paranoidmicrobiology.com/wp-cron.php?doing_wp_cron=1600525256.2578909397125244140625" "WordPress/5.3.4; https://paranoidmicrobiology.com"
66.249.69.50 - - [19/Sep/2020:10:20:56 -0400] "GET /product/5-10-20-50pcs-mouth-mask-disposable-black-cotton-mouth-face-masks-non-woven-anti-dust-mask-anti-pollution-disposable-mask/feed/ HTTP/1.1" 404 29886 "-" "Mozilla/5.0 (Linux; Android 6.0.1; Nexus 5X Build/MMB29P) AppleWebKit/537.36 (KHTML, like Gecko) Chrome/85.0.4183.110 Mobile Safari/537.36 (compatible; Googlebot/2.1; +http://www.google.com/bot.html)"
204.48.19.85 - - [19/Sep/2020:10:22:18 -0400] "POST /wp-cron.php?doing_wp_cron=1600525338.2129390239715576171875 HTTP/1.1" 200 4134 "https://paranoidmicrobiology.com/wp-cron.php?doing_wp_cron=1600525338.2129390239715576171875" "WordPress/5.3.4; https://paranoidmicrobiology.com"
66.249.69.54 - - [19/Sep/2020:10:22:18 -0400] "GET /product/safety-glasses-protective-goggles-transparent-glasses-for-lab-eye-protection-work-protection-security-spectacles-glasses-welder/feed/ HTTP/1.1" 404 29886 "-" "Mozilla/5.0 (Linux; Android 6.0.1; Nexus 5X Build/MMB29P) AppleWebKit/537.36 (KHTML, like Gecko) Chrome/85.0.4183.110 Mobile Safari/537.36 (compatible; Googlebot/2.1; +http://www.google.com/bot.html)"
204.48.19.85 - - [19/Sep/2020:10:27:08 -0400] "POST /wp-cron.php?doing_wp_cron=1600525628.9490280151367187500000 HTTP/1.1" 200 4134 "https://paranoidmicrobiology.com/wp-cron.php?doing_wp_cron=1600525628.9490280151367187500000" "WordPress/5.3.4; https://paranoidmicrobiology.com"
66.249.69.54 - - [19/Sep/2020:10:27:08 -0400] "GET /product/530ml-outdoor-cleansing-fluid-travel-portable-mini-hand-sanitizer-disposable-no-clean-waterless-scented-gel-leak-proof-new/feed/ HTTP/1.1" 404 29886 "-" "Mozilla/5.0 (Linux; Android 6.0.1; Nexus 5X Build/MMB29P) AppleWebKit/537.36 (KHTML, like Gecko) Chrome/85.0.4183.110 Mobile Safari/537.36 (compatible; Googlebot/2.1; +http://www.google.com/bot.html)"
204.48.19.85 - - [19/Sep/2020:10:27:55 -0400] "POST /wp-cron.php?doing_wp_cron=1600525675.7826230525970458984375 HTTP/1.1" 200 4134 "https://paranoidmicrobiology.com/wp-cron.php?doing_wp_cron=1600525675.7826230525970458984375" "WordPress/5.3.4; https://paranoidmicrobiology.com"
66.249.69.52 - - [19/Sep/2020:10:27:55 -0400] "GET /product/2pack-empty-plastic-spray-bottles17oz-spray-bottle-squirt-bottle-plastic-spray-bottles-for-cleaning-solutions-disinfectant-e/feed/ HTTP/1.1" 404 29886 "-" "Mozilla/5.0 (Linux; Android 6.0.1; Nexus 5X Build/MMB29P) AppleWebKit/537.36 (KHTML, like Gecko) Chrome/85.0.4183.110 Mobile Safari/537.36 (compatible; Googlebot/2.1; +http://www.google.com/bot.html)"
204.48.19.85 - - [19/Sep/2020:10:32:50 -0400] "POST /wp-cron.php?doing_wp_cron=1600525970.8370859622955322265625 HTTP/1.1" 200 4134 "https://paranoidmicrobiology.com/wp-cron.php?doing_wp_cron=1600525970.8370859622955322265625" "WordPress/5.3.4; https://paranoidmicrobiology.com"
66.249.69.52 - - [19/Sep/2020:10:32:50 -0400] "GET /product/cokelife-sex-products-body-spray-solution-cleaner-no-alcohol-for-vagina-and-penis-antibacterial-sex-toys-and-vibrator-cleaning/feed/ HTTP/1.1" 404 29886 "-" "Mozilla/5.0 (Linux; Android 6.0.1; Nexus 5X Build/MMB29P) AppleWebKit/537.36 (KHTML, like Gecko) Chrome/85.0.4183.110 Mobile Safari/537.36 (compatible; Googlebot/2.1; +http://www.google.com/bot.html)"
204.48.19.85 - - [19/Sep/2020:10:34:16 -0400] "POST /wp-cron.php?doing_wp_cron=1600526056.5857470035552978515625 HTTP/1.1" 200 4134 "https://paranoidmicrobiology.com/wp-cron.php?doing_wp_cron=1600526056.5857470035552978515625" "WordPress/5.3.4; https://paranoidmicrobiology.com"
185.191.171.16 - - [19/Sep/2020:10:34:16 -0400] "GET /2020/03/24/hello-world/ HTTP/1.1" 200 14296 "-" "Mozilla/5.0 (compatible; SemrushBot/6~bl; +http://www.semrush.com/bot.html)"
66.249.69.54 - - [19/Sep/2020:10:34:17 -0400] "GET /product/anti-dust-respirator-filter-gas-mask-set-chemical-anti-dust-masks-industrial-paint-spraying-protective-mask-workplace-safety-2/ HTTP/1.1" 200 20434 "-" "Mozilla/5.0 (compatible; Googlebot/2.1; +http://www.google.com/bot.html)"
51.91.123.235 - - [19/Sep/2020:10:35:56 -0400] "GET /wp-login.php HTTP/1.1" 200 7821 "-" "Mozilla/5.0 (X11; Ubuntu; Linux x86_64; rv:62.0) Gecko/20100101 Firefox/62.0"
51.91.123.235 - - [19/Sep/2020:10:35:57 -0400] "POST /wp-login.php HTTP/1.1" 200 7821 "-" "Mozilla/5.0 (X11; Ubuntu; Linux x86_64; rv:62.0) Gecko/20100101 Firefox/62.0"
204.48.19.85 - - [19/Sep/2020:10:35:57 -0400] "POST /wp-cron.php?doing_wp_cron=1600526157.5747790336608886718750 HTTP/1.1" 200 4134 "https://paranoidmicrobiology.com/wp-cron.php?doing_wp_cron=1600526157.5747790336608886718750" "WordPress/5.3.4; https://paranoidmicrobiology.com"
51.91.123.235 - - [19/Sep/2020:10:35:57 -0400] "POST /xmlrpc.php HTTP/1.1" 200 3685 "-" "Mozilla/5.0 (X11; Ubuntu; Linux x86_64; rv:62.0) Gecko/20100101 Firefox/62.0"
204.48.19.85 - - [19/Sep/2020:10:38:55 -0400] "POST /wp-cron.php?doing_wp_cron=1600526335.0105440616607666015625 HTTP/1.1" 200 4134 "https://paranoidmicrobiology.com/wp-cron.php?doing_wp_cron=1600526335.0105440616607666015625" "WordPress/5.3.4; http://paranoidmicrobiology.com"
66.249.69.50 - - [19/Sep/2020:10:38:54 -0400] "GET /wp-login.php?redirect_to=https%3A%2F%2Fparanoidmicrobiology.com%2Fproduct%2Fdual-cartridge-anti-dust-mask-chemical-safety-painting-gas-filter-respirator-with-goggles-industrial-safety-equipment%2F HTTP/1.1" 200 6132 "-" "Mozilla/5.0 (compatible; Googlebot/2.1; +http://www.google.com/bot.html)"
66.249.69.50 - - [19/Sep/2020:10:39:08 -0400] "GET /product/30ml-cartoon-animal-rabbit-fox-cat-travel-portable-mini-hand-sanitizer-disposable-no-clean-waterless-fresh-scented-gel-shampoo-c/feed/ HTTP/1.1" 404 29886 "-" "Mozilla/5.0 (Linux; Android 6.0.1; Nexus 5X Build/MMB29P) AppleWebKit/537.36 (KHTML, like Gecko) Chrome/85.0.4183.110 Mobile Safari/537.36 (compatible; Googlebot/2.1; +http://www.google.com/bot.html)"
204.48.19.85 - - [19/Sep/2020:10:46:43 -0400] "POST /wp-cron.php?doing_wp_cron=1600526803.7197918891906738281250 HTTP/1.1" 200 4134 "https://paranoidmicrobiology.com/wp-cron.php?doing_wp_cron=1600526803.7197918891906738281250" "WordPress/5.3.4; https://paranoidmicrobiology.com"
185.191.171.20 - - [19/Sep/2020:10:46:43 -0400] "GET /product/mini-auto-car-fresh-air-ionic-purifier-oxygen-bar-ozone-ionizer-cleaner-car-negative-ion-car-oxygen-bar/ HTTP/1.1" 200 22591 "-" "Mozilla/5.0 (compatible; SemrushBot/6~bl; +http://www.semrush.com/bot.html)"
204.48.19.85 - - [19/Sep/2020:10:48:22 -0400] "POST /wp-cron.php?doing_wp_cron=1600526902.5995590686798095703125 HTTP/1.1" 200 4134 "https://paranoidmicrobiology.com/wp-cron.php?doing_wp_cron=1600526902.5995590686798095703125" "WordPress/5.3.4; https://paranoidmicrobiology.com"
66.249.69.50 - - [19/Sep/2020:10:48:22 -0400] "GET /product/dual-cartridge-anti-dust-mask-chemical-safety-painting-gas-filter-respirator-with-goggles-industrial-safety-equipment/feed/ HTTP/1.1" 404 29886 "-" "Mozilla/5.0 (compatible; Googlebot/2.1; +http://www.google.com/bot.html)"
66.249.69.50 - - [19/Sep/2020:11:02:03 -0400] "GET /wp-content/uploads/2020/03/Ultraviolet-lamp-Quartz-lamp-Black-light-Bulb-Portable-UV-Sanitizer-Hand-Wand-Ultra-Violet-Light-Kill-100x100.jpg HTTP/1.1" 200 7623 "-" "Googlebot-Image/1.0"
31.207.0.197 - - [19/Sep/2020:11:18:27 -0400] "GET /wp-content/uploads/2020/03/Disposable-Alcohol-Wipes-Sterilization-Portable-Wipes-Antibacterial-Cleaning-Skin-Cleaning-Care-1.jpg HTTP/1.1" 200 353616 "https://www.bing.com/" "Mozilla/5.0 (Windows NT 6.1; Win64; x64) AppleWebKit/537.36 (KHTML, like Gecko) Chrome/80.0.3987.149 Safari/537.36"
31.207.0.197 - - [19/Sep/2020:11:18:33 -0400] "GET /wp-content/uploads/2020/03/Disposable-Alcohol-Wipes-Sterilization-Portable-Wipes-Antibacterial-Cleaning-Skin-Cleaning-Care-2.jpg HTTP/1.1" 200 85055 "https://www.bing.com/" "Mozilla/5.0 (Windows NT 6.1; Win64; x64) AppleWebKit/537.36 (KHTML, like Gecko) Chrome/80.0.3987.149 Safari/537.36"
