204.48.19.85 - - [20/Sep/2020:00:03:36 -0400] "POST /wp-cron.php?doing_wp_cron=1600574615.9806571006774902343750 HTTP/1.1" 200 4134 "https://paranoidmicrobiology.com/wp-cron.php?doing_wp_cron=1600574615.9806571006774902343750" "WordPress/5.3.4; https://paranoidmicrobiology.com"
66.249.69.52 - - [20/Sep/2020:00:03:34 -0400] "GET /product-category/antifungal/feed/ HTTP/1.1" 200 7481 "-" "Mozilla/5.0 (compatible; Googlebot/2.1; +http://www.google.com/bot.html)"
209.17.97.34 - - [20/Sep/2020:00:12:23 -0400] "GET / HTTP/1.1" 301 545 "-" "Mozilla/5.0 (compatible; Nimbostratus-Bot/v1.3.2; http://cloudsystemnetworks.com)"
66.249.69.52 - - [20/Sep/2020:00:16:40 -0400] "GET /wp-content/uploads/2020/03/55ml-Travel-Portable-Hand-Sanitizer-Gel-Anti-Bacteria-Moisturizing-Liquid-Disposable-No-Clean-Waterless-Antibacterial-Hand-1-100x100.jpg HTTP/1.1" 304 4007 "-" "Googlebot-Image/1.0"
40.77.167.132 - - [20/Sep/2020:00:33:35 -0400] "GET /wp-content/uploads/2020/03/84-Disinfection-Water-Electrolytic-Generator-Sodium-Hypochlorite-Generator-Disinfectant-Liquid-Making-Machine-Clean-Air-Spray-1.jpg HTTP/1.1" 200 102879 "-" "Mozilla/5.0 (compatible; bingbot/2.0; +http://www.bing.com/bingbot.htm)"
66.249.69.50 - - [20/Sep/2020:00:35:29 -0400] "GET /robots.txt HTTP/1.1" 200 4270 "-" "Mozilla/5.0 (compatible; Googlebot/2.1; +http://www.google.com/bot.html)"
204.48.19.85 - - [20/Sep/2020:00:35:31 -0400] "POST /wp-cron.php?doing_wp_cron=1600576531.3087821006774902343750 HTTP/1.1" 200 4134 "https://paranoidmicrobiology.com/wp-cron.php?doing_wp_cron=1600576531.3087821006774902343750" "WordPress/5.3.4; https://paranoidmicrobiology.com"
66.249.69.52 - - [20/Sep/2020:00:35:29 -0400] "GET /product/remove-water-contaminants-water-ionizer-household-water-filter-purifier-purification-for-kitchen-water-freeshiping/feed/ HTTP/1.1" 404 29886 "-" "Mozilla/5.0 (Linux; Android 6.0.1; Nexus 5X Build/MMB29P) AppleWebKit/537.36 (KHTML, like Gecko) Chrome/85.0.4183.110 Mobile Safari/537.36 (compatible; Googlebot/2.1; +http://www.google.com/bot.html)"
66.249.69.54 - - [20/Sep/2020:00:37:11 -0400] "GET /wp-content/uploads/2020/03/Laser-Protect-Safety-Glasses-PC-Eyeglass-Welding-Laser-Eyewear-Eye-Protective-Goggles-Unisex-Black-Frame-Lightproof-3-100x100.jpg HTTP/1.1" 200 6038 "-" "Googlebot-Image/1.0"
3.128.196.38 - - [20/Sep/2020:00:39:34 -0400] "GET /wp-login.php HTTP/1.1" 200 7820 "-" "Mozilla/5.0 (X11; Ubuntu; Linux x86_64; rv:62.0) Gecko/20100101 Firefox/62.0"
3.128.196.38 - - [20/Sep/2020:00:39:34 -0400] "POST /wp-login.php HTTP/1.1" 200 7820 "-" "Mozilla/5.0 (X11; Ubuntu; Linux x86_64; rv:62.0) Gecko/20100101 Firefox/62.0"
204.48.19.85 - - [20/Sep/2020:00:39:35 -0400] "POST /wp-cron.php?doing_wp_cron=1600576775.1355268955230712890625 HTTP/1.1" 200 4134 "https://paranoidmicrobiology.com/wp-cron.php?doing_wp_cron=1600576775.1355268955230712890625" "WordPress/5.3.4; https://paranoidmicrobiology.com"
3.128.196.38 - - [20/Sep/2020:00:39:34 -0400] "POST /xmlrpc.php HTTP/1.1" 200 3684 "-" "Mozilla/5.0 (X11; Ubuntu; Linux x86_64; rv:62.0) Gecko/20100101 Firefox/62.0"
40.77.167.151 - - [20/Sep/2020:00:46:06 -0400] "GET /wp-content/uploads/2020/03/75-Degree-Alcohol-Medical-Disinfectant-75-Ethanol-Excellent-Disinfection-Liquid-Disposable-Hands-Alcohol-Spray-1-Piece-2.jpg HTTP/1.1" 200 77644 "-" "Mozilla/5.0 (compatible; bingbot/2.0; +http://www.bing.com/bingbot.htm)"
66.249.69.52 - - [20/Sep/2020:00:47:19 -0400] "GET /wp-content/uploads/2020/03/Laser-Protect-Safety-Glasses-PC-Eyeglass-Welding-Laser-Eyewear-Eye-Protective-Goggles-Unisex-Black-Frame-Lightproof-100x100.jpg HTTP/1.1" 200 7443 "-" "Googlebot-Image/1.0"
66.249.69.50 - - [20/Sep/2020:00:57:41 -0400] "GET /wp-content/uploads/2020/03/Laser-Protect-Safety-Glasses-PC-Eyeglass-Welding-Laser-Eyewear-Eye-Protective-Goggles-Unisex-Black-Frame-Lightproof-5-600x600.jpg HTTP/1.1" 200 66861 "-" "Googlebot-Image/1.0"
66.249.69.54 - - [20/Sep/2020:01:08:00 -0400] "GET /wp-content/uploads/2020/03/Laser-Protect-Safety-Glasses-PC-Eyeglass-Welding-Laser-Eyewear-Eye-Protective-Goggles-Unisex-Black-Frame-Lightproof-1-600x600.jpg HTTP/1.1" 200 20977 "-" "Googlebot-Image/1.0"
204.48.19.85 - - [20/Sep/2020:01:08:15 -0400] "POST /wp-cron.php?doing_wp_cron=1600578495.4092259407043457031250 HTTP/1.1" 200 4134 "https://paranoidmicrobiology.com/wp-cron.php?doing_wp_cron=1600578495.4092259407043457031250" "WordPress/5.3.4; https://paranoidmicrobiology.com"
66.249.69.50 - - [20/Sep/2020:01:08:14 -0400] "GET /product/38w-110v-220v-ultraviolet-uvc-sterilizer-light-germicidal-tube-disinfection-home-253-7nm-lamp-office-ozone-kill-mite-lights/ HTTP/1.1" 200 22045 "-" "Mozilla/5.0 (Linux; Android 6.0.1; Nexus 5X Build/MMB29P) AppleWebKit/537.36 (KHTML, like Gecko) Chrome/85.0.4183.115 Mobile Safari/537.36 (compatible; Googlebot/2.1; +http://www.google.com/bot.html)"
66.249.69.50 - - [20/Sep/2020:01:08:31 -0400] "POST /?wc-ajax=get_refreshed_fragments HTTP/1.1" 200 4445 "https://paranoidmicrobiology.com/product/38w-110v-220v-ultraviolet-uvc-sterilizer-light-germicidal-tube-disinfection-home-253-7nm-lamp-office-ozone-kill-mite-lights/" "Mozilla/5.0 (Linux; Android 6.0.1; Nexus 5X Build/MMB29P) AppleWebKit/537.36 (KHTML, like Gecko) Chrome/85.0.4183.113 Mobile Safari/537.36 (compatible; Googlebot/2.1; +http://www.google.com/bot.html)"
157.55.39.51 - - [20/Sep/2020:01:12:26 -0400] "GET /wp-content/uploads/2020/03/DMWD-UV-Water-Sterilizer-Ultraviolet-Tube-Lamp-Direct-Drink-Water-Disinfection-Treatment-Filter-Aquarium-Fish-Tank-2.jpg HTTP/1.1" 200 54178 "-" "Mozilla/5.0 (compatible; bingbot/2.0; +http://www.bing.com/bingbot.htm)"
198.245.61.79 - - [20/Sep/2020:01:17:40 -0400] "GET /wp-login.php HTTP/1.1" 200 7820 "-" "Mozilla/5.0 (X11; Ubuntu; Linux x86_64; rv:62.0) Gecko/20100101 Firefox/62.0"
198.245.61.79 - - [20/Sep/2020:01:17:41 -0400] "POST /wp-login.php HTTP/1.1" 200 7820 "-" "Mozilla/5.0 (X11; Ubuntu; Linux x86_64; rv:62.0) Gecko/20100101 Firefox/62.0"
204.48.19.85 - - [20/Sep/2020:01:17:41 -0400] "POST /wp-cron.php?doing_wp_cron=1600579061.7074449062347412109375 HTTP/1.1" 200 4134 "https://paranoidmicrobiology.com/wp-cron.php?doing_wp_cron=1600579061.7074449062347412109375" "WordPress/5.3.4; https://paranoidmicrobiology.com"
198.245.61.79 - - [20/Sep/2020:01:17:41 -0400] "POST /xmlrpc.php HTTP/1.1" 200 3685 "-" "Mozilla/5.0 (X11; Ubuntu; Linux x86_64; rv:62.0) Gecko/20100101 Firefox/62.0"
66.249.69.52 - - [20/Sep/2020:01:18:13 -0400] "GET /wp-content/uploads/2020/03/Laser-Protect-Safety-Glasses-PC-Eyeglass-Welding-Laser-Eyewear-Eye-Protective-Goggles-Unisex-Black-Frame-Lightproof-4-600x600.jpg HTTP/1.1" 200 54304 "-" "Googlebot-Image/1.0"
157.55.39.51 - - [20/Sep/2020:01:18:38 -0400] "GET /wp-content/uploads/2020/03/100-50PCS-rubber-gloves-Kitchen-Medical-Rubber-Garden-Gloves-Universal-For-Left-and-Right-Hand-disposable-4.jpg HTTP/1.1" 200 102338 "-" "Mozilla/5.0 (compatible; bingbot/2.0; +http://www.bing.com/bingbot.htm)"
207.46.13.151 - - [20/Sep/2020:01:31:37 -0400] "GET /wp-content/uploads/2020/03/84-Disinfection-Water-Electrolytic-Generator-Sodium-Hypochlorite-Generator-Disinfectant-Liquid-Making-Machine-Clean-Air-Spray-4.jpg HTTP/1.1" 200 19692 "-" "Mozilla/5.0 (compatible; bingbot/2.0; +http://www.bing.com/bingbot.htm)"
206.189.183.0 - - [20/Sep/2020:01:35:08 -0400] "GET /wp-login.php HTTP/1.1" 200 7821 "-" "Mozilla/5.0 (X11; Ubuntu; Linux x86_64; rv:62.0) Gecko/20100101 Firefox/62.0"
206.189.183.0 - - [20/Sep/2020:01:35:09 -0400] "POST /wp-login.php HTTP/1.1" 200 7821 "-" "Mozilla/5.0 (X11; Ubuntu; Linux x86_64; rv:62.0) Gecko/20100101 Firefox/62.0"
204.48.19.85 - - [20/Sep/2020:01:35:09 -0400] "POST /wp-cron.php?doing_wp_cron=1600580109.7700130939483642578125 HTTP/1.1" 200 4134 "https://paranoidmicrobiology.com/wp-cron.php?doing_wp_cron=1600580109.7700130939483642578125" "WordPress/5.3.4; https://paranoidmicrobiology.com"
206.189.183.0 - - [20/Sep/2020:01:35:09 -0400] "POST /xmlrpc.php HTTP/1.1" 200 3685 "-" "Mozilla/5.0 (X11; Ubuntu; Linux x86_64; rv:62.0) Gecko/20100101 Firefox/62.0"
204.48.19.85 - - [20/Sep/2020:01:48:46 -0400] "POST /wp-cron.php?doing_wp_cron=1600580926.6972920894622802734375 HTTP/1.1" 200 4134 "https://paranoidmicrobiology.com/wp-cron.php?doing_wp_cron=1600580926.6972920894622802734375" "WordPress/5.3.4; https://paranoidmicrobiology.com"
66.249.69.52 - - [20/Sep/2020:01:48:46 -0400] "GET /robots.txt HTTP/1.1" 200 4270 "-" "Mozilla/5.0 (compatible; Googlebot/2.1; +http://www.google.com/bot.html)"
66.249.69.52 - - [20/Sep/2020:01:48:47 -0400] "GET /wp-content/uploads/2020/03/Respirator-Gas-Mask-Anti-dust-Organic-Air-Acid-Gas-Ammonia-Gas-Safety-Helmet-Industry-Painting-Spraying-3-600x600.jpg HTTP/1.1" 304 276 "-" "Googlebot-Image/1.0"
146.196.39.4 - - [20/Sep/2020:02:05:21 -0400] "GET /wp-content/uploads/2020/03/38W-110V-220V-Ultraviolet-UVC-Sterilizer-Light-Germicidal-Tube-Disinfection-Home-253-7nm-Lamp-Office-Ozone.jpg HTTP/1.1" 200 159331 "https://www.google.com/" "Mozilla/5.0 (Windows NT 6.1; Win64; x64) AppleWebKit/537.36 (KHTML, like Gecko) Chrome/85.0.4183.102 Safari/537.36"
66.249.69.52 - - [20/Sep/2020:02:08:50 -0400] "GET /wp-content/uploads/2020/03/Respirator-Gas-Mask-Anti-dust-Organic-Air-Acid-Gas-Ammonia-Gas-Safety-Helmet-Industry-Painting-Spraying-1.jpg HTTP/1.1" 304 4009 "-" "Googlebot-Image/1.0"
204.48.19.85 - - [20/Sep/2020:02:10:09 -0400] "POST /wp-cron.php?doing_wp_cron=1600582209.9137549400329589843750 HTTP/1.1" 200 4134 "https://paranoidmicrobiology.com/wp-cron.php?doing_wp_cron=1600582209.9137549400329589843750" "WordPress/5.3.4; https://paranoidmicrobiology.com"
66.249.69.50 - - [20/Sep/2020:02:10:09 -0400] "GET /product/anti-pollution-mask-dust-respirator-washable-reusable-masks-cotton-unisex-mouth-muffle-for-allergy-asthma-tracel-cycling-pm2-5/ HTTP/1.1" 200 22417 "-" "Mozilla/5.0 (Linux; Android 6.0.1; Nexus 5X Build/MMB29P) AppleWebKit/537.36 (KHTML, like Gecko) Chrome/85.0.4183.110 Mobile Safari/537.36 (compatible; Googlebot/2.1; +http://www.google.com/bot.html)"
66.249.69.52 - - [20/Sep/2020:02:18:59 -0400] "GET /wp-content/uploads/2020/03/Anti-Dust-Respirator-Filter-Gas-Mask-Set-Chemical-Anti-dust-Masks-Industrial-Paint-Spraying-Protective-Mask-6-300x300.jpg HTTP/1.1" 304 4008 "-" "Googlebot-Image/1.0"
40.77.167.117 - - [20/Sep/2020:02:26:30 -0400] "GET /wp-content/uploads/2020/03/12PCS-Washing-Machine-Tank-Cleaning-Agent-Stain-Dirt-Removal-Tablets-Odor-Removal-Antibacterial-11.jpg HTTP/1.1" 200 150149 "-" "Mozilla/5.0 (compatible; bingbot/2.0; +http://www.bing.com/bingbot.htm)"
204.48.19.85 - - [20/Sep/2020:02:28:36 -0400] "POST /wp-cron.php?doing_wp_cron=1600583316.0592820644378662109375 HTTP/1.1" 200 4134 "https://paranoidmicrobiology.com/wp-cron.php?doing_wp_cron=1600583316.0592820644378662109375" "WordPress/5.3.4; https://paranoidmicrobiology.com"
185.191.171.8 - - [20/Sep/2020:02:28:35 -0400] "GET /robots.txt HTTP/1.1" 200 4233 "-" "Mozilla/5.0 (compatible; SemrushBot/6~bl; +http://www.semrush.com/bot.html)"
185.191.171.7 - - [20/Sep/2020:02:28:36 -0400] "GET /product/chemical-mask-6800-7suits-6001-gas-mask-acid-dust-respirator-paint-pesticide-spray-silicone-filter-laboratory-cartridge-welding-3/ HTTP/1.1" 200 23328 "-" "Mozilla/5.0 (compatible; SemrushBot/6~bl; +http://www.semrush.com/bot.html)"
66.249.69.54 - - [20/Sep/2020:02:28:59 -0400] "GET /wp-content/uploads/2020/03/Respirator-Gas-Mask-Anti-dust-Organic-Air-Acid-Gas-Ammonia-Gas-Safety-Helmet-Industry-Painting-Spraying-4.jpg HTTP/1.1" 304 4009 "-" "Googlebot-Image/1.0"
90.150.81.2 - - [20/Sep/2020:02:31:05 -0400] "GET /wp-login.php HTTP/1.1" 200 7818 "-" "Mozilla/5.0 (X11; Ubuntu; Linux x86_64; rv:62.0) Gecko/20100101 Firefox/62.0"
90.150.81.2 - - [20/Sep/2020:02:31:06 -0400] "POST /wp-login.php HTTP/1.1" 200 7818 "-" "Mozilla/5.0 (X11; Ubuntu; Linux x86_64; rv:62.0) Gecko/20100101 Firefox/62.0"
204.48.19.85 - - [20/Sep/2020:02:31:07 -0400] "POST /wp-cron.php?doing_wp_cron=1600583467.8726630210876464843750 HTTP/1.1" 200 4134 "https://paranoidmicrobiology.com/wp-cron.php?doing_wp_cron=1600583467.8726630210876464843750" "WordPress/5.3.4; https://paranoidmicrobiology.com"
90.150.81.2 - - [20/Sep/2020:02:31:07 -0400] "POST /xmlrpc.php HTTP/1.1" 200 3683 "-" "Mozilla/5.0 (X11; Ubuntu; Linux x86_64; rv:62.0) Gecko/20100101 Firefox/62.0"
204.48.19.85 - - [20/Sep/2020:02:35:02 -0400] "POST /wp-cron.php?doing_wp_cron=1600583702.9049448966979980468750 HTTP/1.1" 200 4134 "https://paranoidmicrobiology.com/wp-cron.php?doing_wp_cron=1600583702.9049448966979980468750" "WordPress/5.3.4; http://paranoidmicrobiology.com"
66.249.69.52 - - [20/Sep/2020:02:35:02 -0400] "GET /wp-login.php?redirect_to=https%3A%2F%2Fparanoidmicrobiology.com%2F2020%2F03%2F24%2Fhello-world%2F HTTP/1.1" 200 6072 "-" "Mozilla/5.0 (compatible; Googlebot/2.1; +http://www.google.com/bot.html)"
157.55.39.82 - - [20/Sep/2020:02:37:59 -0400] "GET /wp-content/uploads/2020/03/10Pcs-Disposable-First-Aid-Antiseptic-Wipes-Benzalkonium-Chloride-Cleansing-Towelettes-Antibacterial-Sanitizer-Individually-Pack-1.jpg HTTP/1.1" 200 60242 "-" "Mozilla/5.0 (compatible; bingbot/2.0; +http://www.bing.com/bingbot.htm)"
66.249.69.54 - - [20/Sep/2020:02:39:04 -0400] "GET /wp-content/uploads/2020/03/Respirator-Gas-Mask-Anti-dust-Organic-Air-Acid-Gas-Ammonia-Gas-Safety-Helmet-Industry-Painting-Spraying-5-100x100.jpg HTTP/1.1" 304 4007 "-" "Googlebot-Image/1.0"
204.48.19.85 - - [20/Sep/2020:02:42:43 -0400] "POST /wp-cron.php?doing_wp_cron=1600584163.7524149417877197265625 HTTP/1.1" 200 4134 "https://paranoidmicrobiology.com/wp-cron.php?doing_wp_cron=1600584163.7524149417877197265625" "WordPress/5.3.4; https://paranoidmicrobiology.com"
40.77.167.117 - - [20/Sep/2020:02:42:43 -0400] "GET /product/ultraviolet-lamp-quartz-lamp-black-light-bulb-portable-uv-sanitizer-hand-wand-ultra-violet-light-kill-bacteria-germ-sterilizer/feed/ HTTP/1.1" 404 29495 "-" "Mozilla/5.0 (compatible; bingbot/2.0; +http://www.bing.com/bingbot.htm)"
66.249.69.52 - - [20/Sep/2020:02:49:12 -0400] "GET /wp-content/uploads/2020/03/Respirator-Gas-Mask-Anti-dust-Organic-Air-Acid-Gas-Ammonia-Gas-Safety-Helmet-Industry-Painting-Spraying-3.jpg HTTP/1.1" 304 4009 "-" "Googlebot-Image/1.0"
204.48.19.85 - - [20/Sep/2020:02:49:13 -0400] "POST /wp-cron.php?doing_wp_cron=1600584553.2525360584259033203125 HTTP/1.1" 200 4134 "https://paranoidmicrobiology.com/wp-cron.php?doing_wp_cron=1600584553.2525360584259033203125" "WordPress/5.3.4; https://paranoidmicrobiology.com"
66.249.69.54 - - [20/Sep/2020:02:49:13 -0400] "GET /robots.txt HTTP/1.1" 200 4270 "-" "Mozilla/5.0 (compatible; Googlebot/2.1; +http://www.google.com/bot.html)"
177.220.141.134 - - [20/Sep/2020:02:49:16 -0400] "POST /xmlrpc.php HTTP/1.1" 200 4608 "-" "Mozilla/5.0 (Windows NT 10.0; Win64; x64) AppleWebKit/537.36 (KHTML, like Gecko) Chrome/80.0.3987.163 Safari/537.36"
185.191.171.33 - - [20/Sep/2020:02:54:40 -0400] "GET /wp-login.php?redirect_to=https%3A%2F%2Fparanoidmicrobiology.com%2Fproduct%2Fanti-infection-gloves-100pcs-lot-food-grade-waterproof-allergy-free-disposable-work-safety-gloves-ffp3-glove-mechanic%2F HTTP/1.1" 200 8634 "-" "Mozilla/5.0 (compatible; SemrushBot/6~bl; +http://www.semrush.com/bot.html)"
66.249.66.128 - - [20/Sep/2020:03:09:29 -0400] "GET /wp-content/uploads/2020/03/Respirator-Gas-Mask-Anti-dust-Organic-Air-Acid-Gas-Ammonia-Gas-Safety-Helmet-Industry-Painting-Spraying-600x600.jpg HTTP/1.1" 304 4008 "-" "Googlebot-Image/1.0"
66.249.66.159 - - [20/Sep/2020:03:21:11 -0400] "GET /wp-content/uploads/2020/03/2019-Air-Purifier-For-Home-with-True-HEPA-Filter-Large-Room-Air-Cleaner-For-Allergies-and-4.jpg HTTP/1.1" 200 267955 "-" "Googlebot-Image/1.0"
66.249.66.128 - - [20/Sep/2020:03:31:15 -0400] "GET /wp-content/uploads/2020/03/5-10-20-50pcs-Mouth-Mask-Disposable-Black-Cotton-Mouth-Face-Masks-Non-Woven-Anti-Dust-1.jpg HTTP/1.1" 200 150336 "-" "Googlebot-Image/1.0"
66.249.66.130 - - [20/Sep/2020:03:41:08 -0400] "GET /wp-content/uploads/2020/03/Remove-water-contaminants-water-ionizer-household-water-filter-purifier-purification-for-kitchen-water-freeshiping-300x300.jpg HTTP/1.1" 304 4008 "-" "Googlebot-Image/1.0"
185.191.171.14 - - [20/Sep/2020:03:49:50 -0400] "GET /robots.txt HTTP/1.1" 200 4233 "-" "Mozilla/5.0 (compatible; SemrushBot/6~bl; +http://www.semrush.com/bot.html)"
204.48.19.85 - - [20/Sep/2020:03:49:51 -0400] "POST /wp-cron.php?doing_wp_cron=1600588191.0431320667266845703125 HTTP/1.1" 200 4134 "https://paranoidmicrobiology.com/wp-cron.php?doing_wp_cron=1600588191.0431320667266845703125" "WordPress/5.3.4; https://paranoidmicrobiology.com"
185.191.171.14 - - [20/Sep/2020:03:49:53 -0400] "GET /product/3pcs-set-face-mask-anti-pm2-5-dustproof-smoke-pollution-mask-with-earloop-a-washable-respirator-mask-made-for-men-women-kids/ HTTP/1.1" 200 21727 "-" "Mozilla/5.0 (compatible; SemrushBot/6~bl; +http://www.semrush.com/bot.html)"
66.249.66.128 - - [20/Sep/2020:03:59:39 -0400] "GET /wp-content/uploads/2020/03/3-2-Ultrafiltration-Drinking-Water-Filter-System-Home-Kitchen-Water-Purifier-Filter-With-Faucet-Tap-Water-300x300.jpe HTTP/1.1" 304 4001 "-" "Googlebot-Image/1.0"
204.48.19.85 - - [20/Sep/2020:03:59:39 -0400] "POST /wp-cron.php?doing_wp_cron=1600588779.8175270557403564453125 HTTP/1.1" 200 4134 "https://paranoidmicrobiology.com/wp-cron.php?doing_wp_cron=1600588779.8175270557403564453125" "WordPress/5.3.4; https://paranoidmicrobiology.com"
66.249.66.128 - - [20/Sep/2020:03:59:39 -0400] "GET /robots.txt HTTP/1.1" 200 538 "-" "Mozilla/5.0 (compatible; Googlebot/2.1; +http://www.google.com/bot.html)"
204.48.19.85 - - [20/Sep/2020:04:03:14 -0400] "POST /wp-cron.php?doing_wp_cron=1600588994.3737089633941650390625 HTTP/1.1" 200 4134 "https://paranoidmicrobiology.com/wp-cron.php?doing_wp_cron=1600588994.3737089633941650390625" "WordPress/5.3.4; https://paranoidmicrobiology.com"
66.249.66.159 - - [20/Sep/2020:04:03:14 -0400] "GET /?product-page=5 HTTP/1.1" 200 17534 "-" "Mozilla/5.0 (Linux; Android 6.0.1; Nexus 5X Build/MMB29P) AppleWebKit/537.36 (KHTML, like Gecko) Chrome/85.0.4183.110 Mobile Safari/537.36 (compatible; Googlebot/2.1; +http://www.google.com/bot.html)"
40.77.167.117 - - [20/Sep/2020:04:04:30 -0400] "GET /wp-content/uploads/2020/03/Handheld-UV-Sterilization-Lamp-Portable-Disinfection-Light-Mini-Sanitizer-for-Home-Office-Travel-Kill-Virus-Germ-5.jpg HTTP/1.1" 200 29486 "-" "Mozilla/5.0 (compatible; bingbot/2.0; +http://www.bing.com/bingbot.htm)"
23.228.109.146 - - [20/Sep/2020:04:04:36 -0400] "GET /wp-content/themes/botanica-theme/style.css HTTP/1.1" 301 648 "http://www.google.com/" "Mozilla/5.0 (Windows NT 6.1; Win64; x64) AppleWebKit/537.36 (KHTML, like Gecko) Chrome/56.0.2896.3 Safari/537.36"
204.48.19.85 - - [20/Sep/2020:04:04:37 -0400] "POST /wp-cron.php?doing_wp_cron=1600589077.3294730186462402343750 HTTP/1.1" 200 4134 "https://paranoidmicrobiology.com/wp-cron.php?doing_wp_cron=1600589077.3294730186462402343750" "WordPress/5.3.4; https://paranoidmicrobiology.com"
23.228.109.146 - - [20/Sep/2020:04:04:37 -0400] "GET /wp-content/themes/botanica-theme/style.css HTTP/1.1" 404 29458 "http://www.google.com/" "Mozilla/5.0 (Windows NT 6.1; Win64; x64) AppleWebKit/537.36 (KHTML, like Gecko) Chrome/56.0.2896.3 Safari/537.36"
204.48.19.85 - - [20/Sep/2020:04:08:25 -0400] "POST /wp-cron.php?doing_wp_cron=1600589305.3333780765533447265625 HTTP/1.1" 200 4134 "https://paranoidmicrobiology.com/wp-cron.php?doing_wp_cron=1600589305.3333780765533447265625" "WordPress/5.3.4; https://paranoidmicrobiology.com"
185.191.171.10 - - [20/Sep/2020:04:08:25 -0400] "GET /product/new-mini-indoor-oxygen-bar-ionizer-air-fresh-purifier-home-wall-110-220v-with-adapter-home-autocar-negative-ion-purifier-us-plug/ HTTP/1.1" 200 22068 "-" "Mozilla/5.0 (compatible; SemrushBot/6~bl; +http://www.semrush.com/bot.html)"
66.249.66.128 - - [20/Sep/2020:04:11:05 -0400] "GET /wp-content/uploads/2020/03/100pcs-Disposable-Protective-Hand-Protection-Nitrile-Gloves-Gardening-Puncture-Resistant-Work-Safety-Glove-Disposable-Protective-300x300.jpe HTTP/1.1" 304 4001 "-" "Googlebot-Image/1.0"
204.48.19.85 - - [20/Sep/2020:04:12:47 -0400] "POST /wp-cron.php?doing_wp_cron=1600589567.6012759208679199218750 HTTP/1.1" 200 4134 "https://paranoidmicrobiology.com/wp-cron.php?doing_wp_cron=1600589567.6012759208679199218750" "WordPress/5.3.4; https://paranoidmicrobiology.com"
185.191.171.22 - - [20/Sep/2020:04:12:47 -0400] "GET /product/2pack-empty-plastic-spray-bottles17oz-spray-bottle-squirt-bottle-plastic-spray-bottles-for-cleaning-solutions-disinfectant-e/ HTTP/1.1" 200 20624 "-" "Mozilla/5.0 (compatible; SemrushBot/6~bl; +http://www.semrush.com/bot.html)"
185.191.171.19 - - [20/Sep/2020:04:15:27 -0400] "GET /wp-content/uploads/2020/03/3-2-Ultrafiltration-Drinking-Water-Filter-System-Home-Kitchen-Water-Purifier-Filter-With-Faucet-Tap-Water.jpe HTTP/1.1" 200 102717 "-" "Mozilla/5.0 (compatible; SemrushBot/6~bl; +http://www.semrush.com/bot.html)"
40.77.167.234 - - [20/Sep/2020:04:23:44 -0400] "GET /wp-content/uploads/2020/03/Handheld-UV-Sterilization-Lamp-Portable-Disinfection-Light-Mini-Sanitizer-for-Home-Office-Travel-Kill-Virus-Germ-4.jpg HTTP/1.1" 200 105330 "-" "Mozilla/5.0 (compatible; bingbot/2.0; +http://www.bing.com/bingbot.htm)"
66.249.66.128 - - [20/Sep/2020:04:29:40 -0400] "GET /wp-content/uploads/2020/03/55ml-Travel-Portable-Hand-Sanitizer-Gel-Anti-Bacteria-Moisturizing-Liquid-Disposable-No-Clean-Waterless-Antibacterial-Hand-1-600x600.jpg HTTP/1.1" 304 4008 "-" "Googlebot-Image/1.0"
40.77.167.117 - - [20/Sep/2020:04:29:46 -0400] "GET /wp-content/uploads/2020/03/5pcs-Disposable-No-Clean-Waterless-Hand-Sanitizer-for-Children-75-Alcohol-Antibacterial-Hand-Sanitizer-Disinfection-Gel-4.jpg HTTP/1.1" 200 157669 "-" "Mozilla/5.0 (compatible; bingbot/2.0; +http://www.bing.com/bingbot.htm)"
162.243.123.199 - - [20/Sep/2020:04:31:11 -0400] "GET /wp-login.php HTTP/1.1" 200 7821 "-" "Mozilla/5.0 (X11; Ubuntu; Linux x86_64; rv:62.0) Gecko/20100101 Firefox/62.0"
162.243.123.199 - - [20/Sep/2020:04:31:11 -0400] "POST /wp-login.php HTTP/1.1" 200 7821 "-" "Mozilla/5.0 (X11; Ubuntu; Linux x86_64; rv:62.0) Gecko/20100101 Firefox/62.0"
204.48.19.85 - - [20/Sep/2020:04:31:12 -0400] "POST /wp-cron.php?doing_wp_cron=1600590672.7086520195007324218750 HTTP/1.1" 200 4134 "https://paranoidmicrobiology.com/wp-cron.php?doing_wp_cron=1600590672.7086520195007324218750" "WordPress/5.3.4; https://paranoidmicrobiology.com"
162.243.123.199 - - [20/Sep/2020:04:31:12 -0400] "POST /xmlrpc.php HTTP/1.1" 200 3686 "-" "Mozilla/5.0 (X11; Ubuntu; Linux x86_64; rv:62.0) Gecko/20100101 Firefox/62.0"
204.48.19.85 - - [20/Sep/2020:04:38:57 -0400] "POST /wp-cron.php?doing_wp_cron=1600591137.7059190273284912109375 HTTP/1.1" 200 4134 "https://paranoidmicrobiology.com/wp-cron.php?doing_wp_cron=1600591137.7059190273284912109375" "WordPress/5.3.4; https://paranoidmicrobiology.com"
185.191.171.10 - - [20/Sep/2020:04:38:57 -0400] "GET /product/safety-glasses-protective-goggles-transparent-glasses-for-lab-eye-protection-work-protection-security-spectacles-glasses-welder/ HTTP/1.1" 200 21173 "-" "Mozilla/5.0 (compatible; SemrushBot/6~bl; +http://www.semrush.com/bot.html)"
185.191.171.26 - - [20/Sep/2020:04:41:01 -0400] "GET /wp-content/uploads/2020/03/100pcs-Disposable-Protective-Hand-Protection-Nitrile-Gloves-Gardening-Puncture-Resistant-Work-Safety-Glove-Disposable-Protective-4.jpe HTTP/1.1" 200 80374 "-" "Mozilla/5.0 (compatible; SemrushBot/6~bl; +http://www.semrush.com/bot.html)"
130.225.247.89 - - [20/Sep/2020:04:43:06 -0400] "GET /wp-content/uploads/2020/03/Dual-Cartridge-Anti-Dust-Mask-Chemical-Safety-Painting-Gas-Filter-Respirator-with-Goggles-Industrial-Safety-Equipment-1.jpg HTTP/1.1" 200 167210 "https://www.google.com/" "Mozilla/5.0 (Windows NT 10.0; Win64; x64; rv:80.0) Gecko/20100101 Firefox/80.0"
66.249.66.130 - - [20/Sep/2020:04:49:29 -0400] "GET /wp-content/uploads/2020/03/Respirator-Gas-Mask-Anti-dust-Organic-Air-Acid-Gas-Ammonia-Gas-Safety-Helmet-Industry-Painting-Spraying-1-600x600.jpg HTTP/1.1" 304 4008 "-" "Googlebot-Image/1.0"
207.46.13.151 - - [20/Sep/2020:04:50:41 -0400] "GET /wp-content/uploads/2020/03/Mini-Auto-Car-Fresh-Air-Ionic-Purifier-Oxygen-Bar-Ozone-Ionizer-Cleaner-Car-Negative-Ion-Car-3.jpg HTTP/1.1" 200 67157 "-" "Mozilla/5.0 (compatible; bingbot/2.0; +http://www.bing.com/bingbot.htm)"
40.77.167.132 - - [20/Sep/2020:04:57:43 -0400] "GET /wp-content/uploads/2020/03/Anti-Acid-Gas-Safety-Mask-For-Industry-Painting-Spraying-Anti-dust-Full-Facepiece-Respirator-Gas-Mask-4.jpg HTTP/1.1" 200 55415 "-" "Mozilla/5.0 (compatible; bingbot/2.0; +http://www.bing.com/bingbot.htm)"
204.48.19.85 - - [20/Sep/2020:05:07:51 -0400] "POST /wp-cron.php?doing_wp_cron=1600592871.5425119400024414062500 HTTP/1.1" 200 4134 "https://paranoidmicrobiology.com/wp-cron.php?doing_wp_cron=1600592871.5425119400024414062500" "WordPress/5.3.4; https://paranoidmicrobiology.com"
185.191.171.26 - - [20/Sep/2020:05:07:51 -0400] "GET /robots.txt HTTP/1.1" 200 4233 "-" "Mozilla/5.0 (compatible; SemrushBot/6~bl; +http://www.semrush.com/bot.html)"
185.191.171.34 - - [20/Sep/2020:05:07:52 -0400] "GET /product/1pcs-sulfur-soap-skin-clearing-acne-seborrhea-antifungal-bath-soap-anti-mite-oil-control-acne-treatment-lackhead-remover-skin-ca/ HTTP/1.1" 200 21355 "-" "Mozilla/5.0 (compatible; SemrushBot/6~bl; +http://www.semrush.com/bot.html)"
66.249.66.128 - - [20/Sep/2020:05:09:47 -0400] "GET /wp-content/uploads/2020/03/50pcs-Blue-Durable-Nitrile-Disposable-Gloves-Rubber-Food-Gloves-Universal-Household-Cleaning-Gloves-Kitchen-Accessories-S.jpg HTTP/1.1" 304 4008 "-" "Googlebot-Image/1.0"
204.48.19.85 - - [20/Sep/2020:05:09:47 -0400] "POST /wp-cron.php?doing_wp_cron=1600592987.5390191078186035156250 HTTP/1.1" 200 4134 "https://paranoidmicrobiology.com/wp-cron.php?doing_wp_cron=1600592987.5390191078186035156250" "WordPress/5.3.4; https://paranoidmicrobiology.com"
66.249.66.130 - - [20/Sep/2020:05:09:47 -0400] "GET /robots.txt HTTP/1.1" 200 4270 "-" "Mozilla/5.0 (compatible; Googlebot/2.1; +http://www.google.com/bot.html)"
66.249.66.128 - - [20/Sep/2020:05:21:14 -0400] "GET /wp-content/uploads/2020/03/100pcs-Wear-Resistant-Durable-Nitrile-Disposable-Gloves-Rubber-Latex-Food-Medical-Household-Cleaning-Gloves-Anti-Static-5-100x100.jpg HTTP/1.1" 200 6319 "-" "Googlebot-Image/1.0"
204.48.19.85 - - [20/Sep/2020:05:25:30 -0400] "POST /wp-cron.php?doing_wp_cron=1600593930.6371450424194335937500 HTTP/1.1" 200 4134 "https://paranoidmicrobiology.com/wp-cron.php?doing_wp_cron=1600593930.6371450424194335937500" "WordPress/5.3.4; https://paranoidmicrobiology.com"
185.191.171.4 - - [20/Sep/2020:05:25:29 -0400] "GET /product/4pcs3ml-fungus-nail-care-solution-nail-fungus-paronychia-antifungal-nail-infection-herbal-stratum-corneum-care-solution-tslm2/ HTTP/1.1" 200 20971 "-" "Mozilla/5.0 (compatible; SemrushBot/6~bl; +http://www.semrush.com/bot.html)"
66.249.66.128 - - [20/Sep/2020:05:31:13 -0400] "GET /wp-content/uploads/2020/03/5-10-20-50pcs-Mouth-Mask-Disposable-Black-Cotton-Mouth-Face-Masks-Non-Woven-Anti-Dust-3-100x100.jpg HTTP/1.1" 200 5986 "-" "Googlebot-Image/1.0"
159.203.47.229 - - [20/Sep/2020:05:34:14 -0400] "GET /wp-login.php HTTP/1.1" 200 7821 "-" "Mozilla/5.0 (X11; Ubuntu; Linux x86_64; rv:62.0) Gecko/20100101 Firefox/62.0"
159.203.47.229 - - [20/Sep/2020:05:34:15 -0400] "POST /wp-login.php HTTP/1.1" 200 7821 "-" "Mozilla/5.0 (X11; Ubuntu; Linux x86_64; rv:62.0) Gecko/20100101 Firefox/62.0"
204.48.19.85 - - [20/Sep/2020:05:34:16 -0400] "POST /wp-cron.php?doing_wp_cron=1600594456.4292728900909423828125 HTTP/1.1" 200 4134 "https://paranoidmicrobiology.com/wp-cron.php?doing_wp_cron=1600594456.4292728900909423828125" "WordPress/5.3.4; https://paranoidmicrobiology.com"
159.203.47.229 - - [20/Sep/2020:05:34:15 -0400] "POST /xmlrpc.php HTTP/1.1" 200 3686 "-" "Mozilla/5.0 (X11; Ubuntu; Linux x86_64; rv:62.0) Gecko/20100101 Firefox/62.0"
204.48.19.85 - - [20/Sep/2020:05:37:53 -0400] "POST /wp-cron.php?doing_wp_cron=1600594673.1639630794525146484375 HTTP/1.1" 200 4134 "https://paranoidmicrobiology.com/wp-cron.php?doing_wp_cron=1600594673.1639630794525146484375" "WordPress/5.3.4; https://paranoidmicrobiology.com"
40.77.167.151 - - [20/Sep/2020:05:37:52 -0400] "GET /product/530ml-outdoor-cleansing-fluid-travel-portable-mini-hand-sanitizer-disposable-no-clean-waterless-scented-gel-leak-proof-new/ HTTP/1.1" 200 19642 "-" "Mozilla/5.0 (compatible; bingbot/2.0; +http://www.bing.com/bingbot.htm)"
40.77.167.117 - - [20/Sep/2020:05:38:06 -0400] "GET /wp-content/plugins/woo-photo-reviews/js/jquery.swipebox.js?ver=5.3.4 HTTP/1.1" 200 10163 "-" "Mozilla/5.0 (compatible; bingbot/2.0; +http://www.bing.com/bingbot.htm)"
207.46.13.61 - - [20/Sep/2020:05:38:10 -0400] "GET /wp-content/plugins/woo-photo-reviews/js/script.js?ver=1.1.3.7 HTTP/1.1" 200 4412 "-" "Mozilla/5.0 (compatible; bingbot/2.0; +http://www.bing.com/bingbot.htm)"
207.46.13.61 - - [20/Sep/2020:05:38:10 -0400] "GET /wp-content/uploads/2020/03/5-30ml-Outdoor-Cleansing-Fluid-Travel-Portable-Mini-Hand-Sanitizer-Disposable-No-Clean-Waterless-Scented-Gel-100x100.jpg HTTP/1.1" 200 4051 "-" "Mozilla/5.0 (compatible; bingbot/2.0; +http://www.bing.com/bingbot.htm)"
40.77.167.151 - - [20/Sep/2020:05:38:16 -0400] "GET /wp-content/plugins/woocommerce/assets/js/frontend/woocommerce.min.js?ver=4.5.2 HTTP/1.1" 200 4493 "-" "Mozilla/5.0 (compatible; bingbot/2.0; +http://www.bing.com/bingbot.htm)"
40.77.167.151 - - [20/Sep/2020:05:38:16 -0400] "GET /wp-content/uploads/2020/03/5-30ml-Outdoor-Cleansing-Fluid-Travel-Portable-Mini-Hand-Sanitizer-Disposable-No-Clean-Waterless-Scented-Gel-1-100x100.jpg HTTP/1.1" 200 3147 "-" "Mozilla/5.0 (compatible; bingbot/2.0; +http://www.bing.com/bingbot.htm)"
40.77.167.151 - - [20/Sep/2020:05:38:16 -0400] "GET /wp-content/uploads/2020/03/5-30ml-Outdoor-Cleansing-Fluid-Travel-Portable-Mini-Hand-Sanitizer-Disposable-No-Clean-Waterless-Scented-Gel.jpg HTTP/1.1" 200 77744 "-" "Mozilla/5.0 (compatible; bingbot/2.0; +http://www.bing.com/bingbot.htm)"
40.77.167.132 - - [20/Sep/2020:05:38:20 -0400] "GET /wp-content/uploads/2020/03/5-30ml-Outdoor-Cleansing-Fluid-Travel-Portable-Mini-Hand-Sanitizer-Disposable-No-Clean-Waterless-Scented-Gel-3-100x100.jpg HTTP/1.1" 200 6560 "-" "Mozilla/5.0 (compatible; bingbot/2.0; +http://www.bing.com/bingbot.htm)"
40.77.167.132 - - [20/Sep/2020:05:38:20 -0400] "GET /wp-content/uploads/2020/03/5-30ml-Outdoor-Cleansing-Fluid-Travel-Portable-Mini-Hand-Sanitizer-Disposable-No-Clean-Waterless-Scented-Gel-2-100x100.jpg HTTP/1.1" 200 3444 "-" "Mozilla/5.0 (compatible; bingbot/2.0; +http://www.bing.com/bingbot.htm)"
157.55.39.51 - - [20/Sep/2020:05:38:25 -0400] "GET /wp-content/uploads/2020/03/5-30ml-Outdoor-Cleansing-Fluid-Travel-Portable-Mini-Hand-Sanitizer-Disposable-No-Clean-Waterless-Scented-Gel-5-100x100.jpg HTTP/1.1" 200 7097 "-" "Mozilla/5.0 (compatible; bingbot/2.0; +http://www.bing.com/bingbot.htm)"
66.249.66.159 - - [20/Sep/2020:05:38:27 -0400] "GET /product/mouth-mask-men-women-cotton-anti-dust-mask-mouth-mask-windproof-mouth-muffle-bacteria-proof-flu-face-masks/feed/ HTTP/1.1" 404 29886 "-" "Mozilla/5.0 (Linux; Android 6.0.1; Nexus 5X Build/MMB29P) AppleWebKit/537.36 (KHTML, like Gecko) Chrome/85.0.4183.110 Mobile Safari/537.36 (compatible; Googlebot/2.1; +http://www.google.com/bot.html)"
157.55.39.82 - - [20/Sep/2020:05:38:31 -0400] "GET /wp-content/plugins/woo-photo-reviews/css/style.css?ver=1.1.3.7 HTTP/1.1" 200 5144 "-" "Mozilla/5.0 (compatible; bingbot/2.0; +http://www.bing.com/bingbot.htm)"
157.55.39.107 - - [20/Sep/2020:05:38:46 -0400] "GET /wp-content/plugins/woocommerce/assets/js/frontend/add-to-cart.min.js?ver=4.5.2 HTTP/1.1" 200 4796 "-" "Mozilla/5.0 (compatible; bingbot/2.0; +http://www.bing.com/bingbot.htm)"
163.172.111.182 - - [20/Sep/2020:05:47:51 -0400] "GET /wp-admin/ HTTP/1.1" 301 619 "http://paranoidmicrobiology.com" "Mozilla/5.0 (Windows NT 6.1; Win64; x64) AppleWebKit/537.36 (KHTML, like Gecko) Chrome/59.0.3071.115 Safari/537.36"
163.172.111.182 - - [20/Sep/2020:05:47:52 -0400] "GET /wp-admin/ HTTP/1.1" 302 3993 "-" "Mozilla/5.0 (Windows NT 6.1; Win64; x64) AppleWebKit/537.36 (KHTML, like Gecko) Chrome/59.0.3071.115 Safari/537.36"
204.48.19.85 - - [20/Sep/2020:05:47:53 -0400] "POST /wp-cron.php?doing_wp_cron=1600595273.4676949977874755859375 HTTP/1.1" 200 4134 "https://paranoidmicrobiology.com/wp-cron.php?doing_wp_cron=1600595273.4676949977874755859375" "WordPress/5.3.4; http://paranoidmicrobiology.com"
163.172.111.182 - - [20/Sep/2020:05:47:57 -0400] "GET /?author=1 HTTP/1.1" 301 501 "-" "Mozilla/5.0 (Windows NT 6.1; Win64; x64) AppleWebKit/537.36 (KHTML, like Gecko) Chrome/59.0.3071.115 Safari/537.36"
163.172.111.182 - - [20/Sep/2020:05:47:58 -0400] "GET /?author=2 HTTP/1.1" 404 26236 "-" "Mozilla/5.0 (Windows NT 6.1; Win64; x64) AppleWebKit/537.36 (KHTML, like Gecko) Chrome/59.0.3071.115 Safari/537.36"
207.46.13.218 - - [20/Sep/2020:05:48:00 -0400] "GET /robots.txt HTTP/1.1" 200 3763 "-" "Mozilla/5.0 (compatible; bingbot/2.0; +http://www.bing.com/bingbot.htm)"
163.172.111.182 - - [20/Sep/2020:05:48:00 -0400] "GET /xmlrpc.php HTTP/1.1" 405 3977 "-" "Mozilla/5.0 (Windows NT 6.1; Win64; x64) AppleWebKit/537.36 (KHTML, like Gecko) Chrome/59.0.3071.115 Safari/537.36"
207.46.13.218 - - [20/Sep/2020:05:48:02 -0400] "GET /robots.txt HTTP/1.1" 200 3802 "-" "Mozilla/5.0 (compatible; bingbot/2.0; +http://www.bing.com/bingbot.htm)"
163.172.111.182 - - [20/Sep/2020:05:48:07 -0400] "POST /xmlrpc.php HTTP/1.1" 200 4345 "-" "Mozilla/5.0 (Windows NT 6.1; Win64; x64) AppleWebKit/537.36 (KHTML, like Gecko) Chrome/59.0.3071.115 Safari/537.36"
163.172.111.182 - - [20/Sep/2020:05:48:10 -0400] "GET /wp-admin/ HTTP/1.1" 301 619 "http://paranoidmicrobiology.com" "Mozilla/5.0 (Windows NT 6.1; Win64; x64) AppleWebKit/537.36 (KHTML, like Gecko) Chrome/59.0.3071.115 Safari/537.36"
163.172.111.182 - - [20/Sep/2020:05:48:11 -0400] "GET /wp-admin/ HTTP/1.1" 302 3993 "-" "Mozilla/5.0 (Windows NT 6.1; Win64; x64) AppleWebKit/537.36 (KHTML, like Gecko) Chrome/59.0.3071.115 Safari/537.36"
163.172.111.182 - - [20/Sep/2020:05:48:13 -0400] "GET /wp-login.php HTTP/1.1" 200 12633 "-" "Mozilla/5.0 (Windows NT 6.1; Win64; x64) AppleWebKit/537.36 (KHTML, like Gecko) Chrome/59.0.3071.115 Safari/537.36"
163.172.111.182 - - [20/Sep/2020:05:48:15 -0400] "POST /wp-login.php HTTP/1.1" 200 12633 "http://cubscouts.org/wp-login.php" "Mozilla/5.0 (Windows NT 6.1; Win64; x64) AppleWebKit/537.36 (KHTML, like Gecko) Chrome/59.0.3071.115 Safari/537.36"
163.172.111.182 - - [20/Sep/2020:05:48:17 -0400] "POST /wp-login.php HTTP/1.1" 200 12633 "http://cubscouts.org/wp-login.php" "Mozilla/5.0 (Windows NT 6.1; Win64; x64) AppleWebKit/537.36 (KHTML, like Gecko) Chrome/59.0.3071.115 Safari/537.36"
163.172.111.182 - - [20/Sep/2020:05:48:27 -0400] "POST /wp-login.php HTTP/1.1" 200 16141 "http://cubscouts.org/wp-login.php" "Mozilla/5.0 (Windows NT 6.1; Win64; x64) AppleWebKit/537.36 (KHTML, like Gecko) Chrome/59.0.3071.115 Safari/537.36"
163.172.111.182 - - [20/Sep/2020:05:48:30 -0400] "POST /wp-login.php HTTP/1.1" 200 12633 "http://cubscouts.org/wp-login.php" "Mozilla/5.0 (Windows NT 6.1; Win64; x64) AppleWebKit/537.36 (KHTML, like Gecko) Chrome/59.0.3071.115 Safari/537.36"
163.172.111.182 - - [20/Sep/2020:05:48:32 -0400] "POST /wp-login.php HTTP/1.1" 200 12633 "http://cubscouts.org/wp-login.php" "Mozilla/5.0 (Windows NT 6.1; Win64; x64) AppleWebKit/537.36 (KHTML, like Gecko) Chrome/59.0.3071.115 Safari/537.36"
163.172.111.182 - - [20/Sep/2020:05:48:34 -0400] "POST /wp-login.php HTTP/1.1" 200 12633 "http://cubscouts.org/wp-login.php" "Mozilla/5.0 (Windows NT 6.1; Win64; x64) AppleWebKit/537.36 (KHTML, like Gecko) Chrome/59.0.3071.115 Safari/537.36"
163.172.111.182 - - [20/Sep/2020:05:48:39 -0400] "POST /wp-login.php HTTP/1.1" 200 12633 "http://cubscouts.org/wp-login.php" "Mozilla/5.0 (Windows NT 6.1; Win64; x64) AppleWebKit/537.36 (KHTML, like Gecko) Chrome/59.0.3071.115 Safari/537.36"
163.172.111.182 - - [20/Sep/2020:05:48:40 -0400] "POST /wp-login.php HTTP/1.1" 200 12633 "http://cubscouts.org/wp-login.php" "Mozilla/5.0 (Windows NT 6.1; Win64; x64) AppleWebKit/537.36 (KHTML, like Gecko) Chrome/59.0.3071.115 Safari/537.36"
163.172.111.182 - - [20/Sep/2020:05:48:45 -0400] "POST /wp-login.php HTTP/1.1" 200 12633 "http://cubscouts.org/wp-login.php" "Mozilla/5.0 (Windows NT 6.1; Win64; x64) AppleWebKit/537.36 (KHTML, like Gecko) Chrome/59.0.3071.115 Safari/537.36"
163.172.111.182 - - [20/Sep/2020:05:48:49 -0400] "POST /wp-login.php HTTP/1.1" 200 12633 "http://cubscouts.org/wp-login.php" "Mozilla/5.0 (Windows NT 6.1; Win64; x64) AppleWebKit/537.36 (KHTML, like Gecko) Chrome/59.0.3071.115 Safari/537.36"
163.172.111.182 - - [20/Sep/2020:05:48:50 -0400] "POST /wp-login.php HTTP/1.1" 200 12633 "http://cubscouts.org/wp-login.php" "Mozilla/5.0 (Windows NT 6.1; Win64; x64) AppleWebKit/537.36 (KHTML, like Gecko) Chrome/59.0.3071.115 Safari/537.36"
163.172.111.182 - - [20/Sep/2020:05:48:53 -0400] "POST /wp-login.php HTTP/1.1" 200 12633 "http://cubscouts.org/wp-login.php" "Mozilla/5.0 (Windows NT 6.1; Win64; x64) AppleWebKit/537.36 (KHTML, like Gecko) Chrome/59.0.3071.115 Safari/537.36"
163.172.111.182 - - [20/Sep/2020:05:48:55 -0400] "POST /wp-login.php HTTP/1.1" 200 12633 "http://cubscouts.org/wp-login.php" "Mozilla/5.0 (Windows NT 6.1; Win64; x64) AppleWebKit/537.36 (KHTML, like Gecko) Chrome/59.0.3071.115 Safari/537.36"
163.172.111.182 - - [20/Sep/2020:05:48:57 -0400] "POST /wp-login.php HTTP/1.1" 200 12633 "http://cubscouts.org/wp-login.php" "Mozilla/5.0 (Windows NT 6.1; Win64; x64) AppleWebKit/537.36 (KHTML, like Gecko) Chrome/59.0.3071.115 Safari/537.36"
163.172.111.182 - - [20/Sep/2020:05:49:00 -0400] "POST /wp-login.php HTTP/1.1" 200 12633 "http://cubscouts.org/wp-login.php" "Mozilla/5.0 (Windows NT 6.1; Win64; x64) AppleWebKit/537.36 (KHTML, like Gecko) Chrome/59.0.3071.115 Safari/537.36"
163.172.111.182 - - [20/Sep/2020:05:49:03 -0400] "POST /wp-login.php HTTP/1.1" 200 12633 "http://cubscouts.org/wp-login.php" "Mozilla/5.0 (Windows NT 6.1; Win64; x64) AppleWebKit/537.36 (KHTML, like Gecko) Chrome/59.0.3071.115 Safari/537.36"
163.172.111.182 - - [20/Sep/2020:05:49:06 -0400] "POST /wp-login.php HTTP/1.1" 200 12633 "http://cubscouts.org/wp-login.php" "Mozilla/5.0 (Windows NT 6.1; Win64; x64) AppleWebKit/537.36 (KHTML, like Gecko) Chrome/59.0.3071.115 Safari/537.36"
163.172.111.182 - - [20/Sep/2020:05:49:11 -0400] "POST /wp-login.php HTTP/1.1" 200 12633 "http://cubscouts.org/wp-login.php" "Mozilla/5.0 (Windows NT 6.1; Win64; x64) AppleWebKit/537.36 (KHTML, like Gecko) Chrome/59.0.3071.115 Safari/537.36"
163.172.111.182 - - [20/Sep/2020:05:49:14 -0400] "POST /wp-login.php HTTP/1.1" 200 12633 "http://cubscouts.org/wp-login.php" "Mozilla/5.0 (Windows NT 6.1; Win64; x64) AppleWebKit/537.36 (KHTML, like Gecko) Chrome/59.0.3071.115 Safari/537.36"
163.172.111.182 - - [20/Sep/2020:05:49:15 -0400] "POST /wp-login.php HTTP/1.1" 200 12633 "http://cubscouts.org/wp-login.php" "Mozilla/5.0 (Windows NT 6.1; Win64; x64) AppleWebKit/537.36 (KHTML, like Gecko) Chrome/59.0.3071.115 Safari/537.36"
163.172.111.182 - - [20/Sep/2020:05:49:18 -0400] "POST /wp-login.php HTTP/1.1" 200 12633 "http://cubscouts.org/wp-login.php" "Mozilla/5.0 (Windows NT 6.1; Win64; x64) AppleWebKit/537.36 (KHTML, like Gecko) Chrome/59.0.3071.115 Safari/537.36"
163.172.111.182 - - [20/Sep/2020:05:49:19 -0400] "POST /wp-login.php HTTP/1.1" 200 12633 "http://cubscouts.org/wp-login.php" "Mozilla/5.0 (Windows NT 6.1; Win64; x64) AppleWebKit/537.36 (KHTML, like Gecko) Chrome/59.0.3071.115 Safari/537.36"
163.172.111.182 - - [20/Sep/2020:05:49:21 -0400] "POST /wp-login.php HTTP/1.1" 200 12633 "http://cubscouts.org/wp-login.php" "Mozilla/5.0 (Windows NT 6.1; Win64; x64) AppleWebKit/537.36 (KHTML, like Gecko) Chrome/59.0.3071.115 Safari/537.36"
163.172.111.182 - - [20/Sep/2020:05:49:23 -0400] "POST /wp-login.php HTTP/1.1" 200 12633 "http://cubscouts.org/wp-login.php" "Mozilla/5.0 (Windows NT 6.1; Win64; x64) AppleWebKit/537.36 (KHTML, like Gecko) Chrome/59.0.3071.115 Safari/537.36"
163.172.111.182 - - [20/Sep/2020:05:49:32 -0400] "POST /wp-login.php HTTP/1.1" 200 16141 "http://cubscouts.org/wp-login.php" "Mozilla/5.0 (Windows NT 6.1; Win64; x64) AppleWebKit/537.36 (KHTML, like Gecko) Chrome/59.0.3071.115 Safari/537.36"
163.172.111.182 - - [20/Sep/2020:05:49:33 -0400] "POST /wp-login.php HTTP/1.1" 200 12633 "http://cubscouts.org/wp-login.php" "Mozilla/5.0 (Windows NT 6.1; Win64; x64) AppleWebKit/537.36 (KHTML, like Gecko) Chrome/59.0.3071.115 Safari/537.36"
163.172.111.182 - - [20/Sep/2020:05:49:39 -0400] "POST /wp-login.php HTTP/1.1" 200 16141 "http://cubscouts.org/wp-login.php" "Mozilla/5.0 (Windows NT 6.1; Win64; x64) AppleWebKit/537.36 (KHTML, like Gecko) Chrome/59.0.3071.115 Safari/537.36"
163.172.111.182 - - [20/Sep/2020:05:49:43 -0400] "POST /wp-login.php HTTP/1.1" 200 12633 "http://cubscouts.org/wp-login.php" "Mozilla/5.0 (Windows NT 6.1; Win64; x64) AppleWebKit/537.36 (KHTML, like Gecko) Chrome/59.0.3071.115 Safari/537.36"
163.172.111.182 - - [20/Sep/2020:05:49:48 -0400] "POST /wp-login.php HTTP/1.1" 200 12633 "http://cubscouts.org/wp-login.php" "Mozilla/5.0 (Windows NT 6.1; Win64; x64) AppleWebKit/537.36 (KHTML, like Gecko) Chrome/59.0.3071.115 Safari/537.36"
163.172.111.182 - - [20/Sep/2020:05:49:51 -0400] "POST /wp-login.php HTTP/1.1" 200 12633 "http://cubscouts.org/wp-login.php" "Mozilla/5.0 (Windows NT 6.1; Win64; x64) AppleWebKit/537.36 (KHTML, like Gecko) Chrome/59.0.3071.115 Safari/537.36"
163.172.111.182 - - [20/Sep/2020:05:49:54 -0400] "POST /wp-login.php HTTP/1.1" 200 12633 "http://cubscouts.org/wp-login.php" "Mozilla/5.0 (Windows NT 6.1; Win64; x64) AppleWebKit/537.36 (KHTML, like Gecko) Chrome/59.0.3071.115 Safari/537.36"
163.172.111.182 - - [20/Sep/2020:05:49:57 -0400] "POST /wp-login.php HTTP/1.1" 200 12633 "http://cubscouts.org/wp-login.php" "Mozilla/5.0 (Windows NT 6.1; Win64; x64) AppleWebKit/537.36 (KHTML, like Gecko) Chrome/59.0.3071.115 Safari/537.36"
163.172.111.182 - - [20/Sep/2020:05:50:04 -0400] "POST /wp-login.php HTTP/1.1" 200 16141 "http://cubscouts.org/wp-login.php" "Mozilla/5.0 (Windows NT 6.1; Win64; x64) AppleWebKit/537.36 (KHTML, like Gecko) Chrome/59.0.3071.115 Safari/537.36"
66.249.66.130 - - [20/Sep/2020:05:50:05 -0400] "GET /wp-content/uploads/2020/03/5-10-20-50pcs-Mouth-Mask-Disposable-Black-Cotton-Mouth-Face-Masks-Non-Woven-Anti-Dust-5.jpg HTTP/1.1" 200 110433 "-" "Googlebot-Image/1.0"
163.172.111.182 - - [20/Sep/2020:05:50:09 -0400] "POST /wp-login.php HTTP/1.1" 200 12633 "http://cubscouts.org/wp-login.php" "Mozilla/5.0 (Windows NT 6.1; Win64; x64) AppleWebKit/537.36 (KHTML, like Gecko) Chrome/59.0.3071.115 Safari/537.36"
163.172.111.182 - - [20/Sep/2020:05:50:11 -0400] "POST /wp-login.php HTTP/1.1" 200 12633 "http://cubscouts.org/wp-login.php" "Mozilla/5.0 (Windows NT 6.1; Win64; x64) AppleWebKit/537.36 (KHTML, like Gecko) Chrome/59.0.3071.115 Safari/537.36"
163.172.111.182 - - [20/Sep/2020:05:50:14 -0400] "POST /wp-login.php HTTP/1.1" 200 12633 "http://cubscouts.org/wp-login.php" "Mozilla/5.0 (Windows NT 6.1; Win64; x64) AppleWebKit/537.36 (KHTML, like Gecko) Chrome/59.0.3071.115 Safari/537.36"
163.172.111.182 - - [20/Sep/2020:05:50:16 -0400] "POST /wp-login.php HTTP/1.1" 200 12633 "http://cubscouts.org/wp-login.php" "Mozilla/5.0 (Windows NT 6.1; Win64; x64) AppleWebKit/537.36 (KHTML, like Gecko) Chrome/59.0.3071.115 Safari/537.36"
163.172.111.182 - - [20/Sep/2020:05:50:19 -0400] "POST /wp-login.php HTTP/1.1" 200 12633 "http://cubscouts.org/wp-login.php" "Mozilla/5.0 (Windows NT 6.1; Win64; x64) AppleWebKit/537.36 (KHTML, like Gecko) Chrome/59.0.3071.115 Safari/537.36"
163.172.111.182 - - [20/Sep/2020:05:50:21 -0400] "POST /wp-login.php HTTP/1.1" 200 12633 "http://cubscouts.org/wp-login.php" "Mozilla/5.0 (Windows NT 6.1; Win64; x64) AppleWebKit/537.36 (KHTML, like Gecko) Chrome/59.0.3071.115 Safari/537.36"
163.172.111.182 - - [20/Sep/2020:05:50:24 -0400] "POST /wp-login.php HTTP/1.1" 200 12633 "http://cubscouts.org/wp-login.php" "Mozilla/5.0 (Windows NT 6.1; Win64; x64) AppleWebKit/537.36 (KHTML, like Gecko) Chrome/59.0.3071.115 Safari/537.36"
163.172.111.182 - - [20/Sep/2020:05:50:27 -0400] "POST /wp-login.php HTTP/1.1" 200 12633 "http://cubscouts.org/wp-login.php" "Mozilla/5.0 (Windows NT 6.1; Win64; x64) AppleWebKit/537.36 (KHTML, like Gecko) Chrome/59.0.3071.115 Safari/537.36"
163.172.111.182 - - [20/Sep/2020:05:50:29 -0400] "POST /wp-login.php HTTP/1.1" 200 12633 "http://cubscouts.org/wp-login.php" "Mozilla/5.0 (Windows NT 6.1; Win64; x64) AppleWebKit/537.36 (KHTML, like Gecko) Chrome/59.0.3071.115 Safari/537.36"
163.172.111.182 - - [20/Sep/2020:05:50:30 -0400] "POST /wp-login.php HTTP/1.1" 200 12633 "http://cubscouts.org/wp-login.php" "Mozilla/5.0 (Windows NT 6.1; Win64; x64) AppleWebKit/537.36 (KHTML, like Gecko) Chrome/59.0.3071.115 Safari/537.36"
163.172.111.182 - - [20/Sep/2020:05:50:32 -0400] "POST /wp-login.php HTTP/1.1" 200 12633 "http://cubscouts.org/wp-login.php" "Mozilla/5.0 (Windows NT 6.1; Win64; x64) AppleWebKit/537.36 (KHTML, like Gecko) Chrome/59.0.3071.115 Safari/537.36"
163.172.111.182 - - [20/Sep/2020:05:50:35 -0400] "POST /wp-login.php HTTP/1.1" 200 12633 "http://cubscouts.org/wp-login.php" "Mozilla/5.0 (Windows NT 6.1; Win64; x64) AppleWebKit/537.36 (KHTML, like Gecko) Chrome/59.0.3071.115 Safari/537.36"
204.48.19.85 - - [20/Sep/2020:05:55:14 -0400] "POST /wp-cron.php?doing_wp_cron=1600595714.8158280849456787109375 HTTP/1.1" 200 4134 "https://paranoidmicrobiology.com/wp-cron.php?doing_wp_cron=1600595714.8158280849456787109375" "WordPress/5.3.4; https://paranoidmicrobiology.com"
185.191.171.22 - - [20/Sep/2020:05:55:14 -0400] "GET /product/ultraviolet-lamp-quartz-lamp-black-light-bulb-portable-uv-sanitizer-hand-wand-ultra-violet-light-kill-bacteria-germ-sterilizer/ HTTP/1.1" 200 19636 "-" "Mozilla/5.0 (compatible; SemrushBot/6~bl; +http://www.semrush.com/bot.html)"
66.249.66.128 - - [20/Sep/2020:06:01:17 -0400] "GET /wp-content/uploads/2020/03/Laser-Protect-Safety-Glasses-PC-Eyeglass-Welding-Laser-Eyewear-Eye-Protective-Goggles-Unisex-Black-Frame-Lightproof.jpg HTTP/1.1" 200 67177 "-" "Googlebot-Image/1.0"
204.48.19.85 - - [20/Sep/2020:06:09:30 -0400] "POST /wp-cron.php?doing_wp_cron=1600596570.0937879085540771484375 HTTP/1.1" 200 4134 "https://paranoidmicrobiology.com/wp-cron.php?doing_wp_cron=1600596570.0937879085540771484375" "WordPress/5.3.4; https://paranoidmicrobiology.com"
66.249.66.130 - - [20/Sep/2020:06:09:29 -0400] "GET /product/respirator-gas-mask-anti-dust-organic-air-acid-gas-ammonia-gas-safety-helmet-industry-painting-spraying-gas-mask-promotion/ HTTP/1.1" 200 23504 "-" "Mozilla/5.0 (Linux; Android 6.0.1; Nexus 5X Build/MMB29P) AppleWebKit/537.36 (KHTML, like Gecko) Chrome/85.0.4183.115 Mobile Safari/537.36 (compatible; Googlebot/2.1; +http://www.google.com/bot.html)"
204.48.19.85 - - [20/Sep/2020:06:22:15 -0400] "POST /wp-cron.php?doing_wp_cron=1600597335.2039649486541748046875 HTTP/1.1" 200 4134 "https://paranoidmicrobiology.com/wp-cron.php?doing_wp_cron=1600597335.2039649486541748046875" "WordPress/5.3.4; https://paranoidmicrobiology.com"
66.249.66.159 - - [20/Sep/2020:06:22:14 -0400] "GET /robots.txt HTTP/1.1" 200 4270 "-" "Mozilla/5.0 (compatible; Googlebot/2.1; +http://www.google.com/bot.html)"
66.249.66.159 - - [20/Sep/2020:06:22:15 -0400] "GET /wp-login.php?redirect_to=https%3A%2F%2Fparanoidmicrobiology.com%2Fproduct%2F100pcs-disposable-protective-hand-protection-nitrile-gloves-gardening-puncture-resistant-work-safety-glove-disposable-protective%2F HTTP/1.1" 200 2398 "-" "Mozilla/5.0 (compatible; Googlebot/2.1; +http://www.google.com/bot.html)"
204.48.19.85 - - [20/Sep/2020:06:38:24 -0400] "POST /wp-cron.php?doing_wp_cron=1600598304.6612820625305175781250 HTTP/1.1" 200 4134 "https://paranoidmicrobiology.com/wp-cron.php?doing_wp_cron=1600598304.6612820625305175781250" "WordPress/5.3.4; http://paranoidmicrobiology.com"
93.114.184.8 - - [20/Sep/2020:06:38:23 -0400] "GET /wp-login.php HTTP/1.1" 200 5516 "-" "Mozilla/5.0 (X11; Ubuntu; Linux x86_64; rv:62.0) Gecko/20100101 Firefox/62.0"
93.114.184.8 - - [20/Sep/2020:06:38:25 -0400] "POST /wp-login.php HTTP/1.1" 401 7063 "-" "Mozilla/5.0 (X11; Ubuntu; Linux x86_64; rv:62.0) Gecko/20100101 Firefox/62.0"
93.114.184.8 - - [20/Sep/2020:06:38:26 -0400] "POST /xmlrpc.php HTTP/1.1" 200 3661 "-" "Mozilla/5.0 (X11; Ubuntu; Linux x86_64; rv:62.0) Gecko/20100101 Firefox/62.0"
66.249.66.159 - - [20/Sep/2020:06:41:59 -0400] "GET /wp-content/plugins/woocommerce/assets/js/js-cookie/js.cookie.min.js?ver=2.1.4 HTTP/1.1" 200 5157 "https://paranoidmicrobiology.com/product/respirator-gas-mask-anti-dust-organic-air-acid-gas-ammonia-gas-safety-helmet-industry-painting-spraying-gas-mask-promotion/" "Mozilla/5.0 (Linux; Android 6.0.1; Nexus 5X Build/MMB29P) AppleWebKit/537.36 (KHTML, like Gecko) Chrome/85.0.4183.113 Mobile Safari/537.36 (compatible; Googlebot/2.1; +http://www.google.com/bot.html)"
204.48.19.85 - - [20/Sep/2020:07:08:20 -0400] "POST /wp-cron.php?doing_wp_cron=1600600100.7052710056304931640625 HTTP/1.1" 200 4134 "https://paranoidmicrobiology.com/wp-cron.php?doing_wp_cron=1600600100.7052710056304931640625" "WordPress/5.3.4; https://paranoidmicrobiology.com"
185.191.171.15 - - [20/Sep/2020:07:08:19 -0400] "GET /robots.txt HTTP/1.1" 200 4233 "-" "Mozilla/5.0 (compatible; SemrushBot/6~bl; +http://www.semrush.com/bot.html)"
185.191.171.23 - - [20/Sep/2020:07:08:22 -0400] "GET /wp-content/uploads/2020/03/100pcs-Disposable-Protective-Hand-Protection-Nitrile-Gloves-Gardening-Puncture-Resistant-Work-Safety-Glove-Disposable-Protective-1.jpe HTTP/1.1" 200 80042 "-" "Mozilla/5.0 (compatible; SemrushBot/6~bl; +http://www.semrush.com/bot.html)"
204.48.19.85 - - [20/Sep/2020:07:45:18 -0400] "POST /wp-cron.php?doing_wp_cron=1600602318.7921810150146484375000 HTTP/1.1" 200 4134 "https://paranoidmicrobiology.com/wp-cron.php?doing_wp_cron=1600602318.7921810150146484375000" "WordPress/5.3.4; https://paranoidmicrobiology.com"
