185.191.171.15 - - [24/Sep/2020:00:18:51 -0400] "GET /robots.txt HTTP/1.1" 404 4223 "-" "Mozilla/5.0 (compatible; SemrushBot/6~bl; +http://www.semrush.com/bot.html)"
185.191.171.1 - - [24/Sep/2020:00:18:51 -0400] "GET /wp-login.php?redirect_to=https%3A%2F%2Fparanoidmicrobiology.com%2Fproduct%2Fmoledodo-30pcs-disposable-mouth-mask-children-cartoon-sunscreen-face-mask-thin-breathable-print-kids-mouth-mask%2F HTTP/1.1" 404 4223 "-" "Mozilla/5.0 (compatible; SemrushBot/6~bl; +http://www.semrush.com/bot.html)"
164.90.226.135 - - [24/Sep/2020:00:37:49 -0400] "GET / HTTP/1.1" 301 601 "-" "Mozilla/5.0 (Windows NT 10.0; Win64; x64) AppleWebKit/537.36 (KHTML, like Gecko) Chrome/78.0.3904.108 Safari/537.36"
164.90.226.135 - - [24/Sep/2020:00:38:28 -0400] "GET / HTTP/1.1" 301 601 "-" "Mozilla/5.0 (Windows NT 10.0; Win64; x64) AppleWebKit/537.36 (KHTML, like Gecko) Chrome/80.0.3987.149 Safari/537.36"
185.191.171.23 - - [24/Sep/2020:00:41:28 -0400] "GET /product/small-portable-personal-air-purifier-wearable-around-the-neck-negative-ion-generator-filters-germs-odors-dust-formaldehyde/ HTTP/1.1" 404 4223 "-" "Mozilla/5.0 (compatible; SemrushBot/6~bl; +http://www.semrush.com/bot.html)"
185.191.171.20 - - [24/Sep/2020:00:44:01 -0400] "GET /product/moledodo-30pcs-disposable-mouth-mask-children-cartoon-sunscreen-face-mask-thin-breathable-print-kids-mouth-mask/ HTTP/1.1" 404 4223 "-" "Mozilla/5.0 (compatible; SemrushBot/6~bl; +http://www.semrush.com/bot.html)"
208.113.153.216 - - [24/Sep/2020:00:48:43 -0400] "GET /wp-login.php HTTP/1.1" 404 3524 "-" "Mozilla/5.0 (X11; Ubuntu; Linux x86_64; rv:62.0) Gecko/20100101 Firefox/62.0"
208.113.153.216 - - [24/Sep/2020:00:48:43 -0400] "POST /wp-login.php HTTP/1.1" 404 3524 "-" "Mozilla/5.0 (X11; Ubuntu; Linux x86_64; rv:62.0) Gecko/20100101 Firefox/62.0"
208.113.153.216 - - [24/Sep/2020:00:48:43 -0400] "POST /xmlrpc.php HTTP/1.1" 404 3524 "-" "Mozilla/5.0 (X11; Ubuntu; Linux x86_64; rv:62.0) Gecko/20100101 Firefox/62.0"
181.113.26.166 - - [24/Sep/2020:00:50:31 -0400] "POST /xmlrpc.php HTTP/1.1" 404 4251 "-" "Mozilla/5.0 (Windows NT 10.0; Win64; x64) AppleWebKit/537.36 (KHTML, like Gecko) Chrome/80.0.3987.163 Safari/537.36"
40.77.167.217 - - [24/Sep/2020:00:51:40 -0400] "GET /product/disposable-alcohol-wipes-sterilization-portable-wipes-antibacterial-cleaning-skin-cleaning-care/ HTTP/1.1" 404 3792 "-" "Mozilla/5.0 (compatible; bingbot/2.0; +http://www.bing.com/bingbot.htm)"
66.249.66.146 - - [24/Sep/2020:00:54:49 -0400] "GET /product-category/ventilators-and-masks/?product-page=2 HTTP/1.1" 404 4260 "-" "Mozilla/5.0 (compatible; Googlebot/2.1; +http://www.google.com/bot.html)"
193.106.30.99 - - [24/Sep/2020:00:57:45 -0400] "POST /wp-content/plugins/wpfoot.php HTTP/1.1" 404 4260 "-" "Mozilla/5.0 (Windows NT 10.0; Win64; x64; rv:67.0) Gecko/20100101 Firefox/67.0"
185.191.171.16 - - [24/Sep/2020:00:59:44 -0400] "GET /product/anti-acid-gas-safety-mask-for-industry-painting-spraying-anti-dust-full-facepiece-respirator-gas-mask-with-filter-covers/ HTTP/1.1" 404 4223 "-" "Mozilla/5.0 (compatible; SemrushBot/6~bl; +http://www.semrush.com/bot.html)"
157.55.39.234 - - [24/Sep/2020:01:03:26 -0400] "GET /wp-content/uploads/2020/03/8W-15W-20W-Disinfect-Ozone-Ultraviolet-Lamp-253-7nm-Bactericidal-Sterilizer-UVC-Light-T5-T8-Germicidal-3.jpg HTTP/1.1" 404 3792 "-" "Mozilla/5.0 (compatible; bingbot/2.0; +http://www.bing.com/bingbot.htm)"
216.244.66.231 - - [24/Sep/2020:01:43:03 -0400] "GET /robots.txt HTTP/1.1" 301 565 "-" "Mozilla/5.0 (compatible; DotBot/1.1; http://www.opensiteexplorer.org/dotbot, help@moz.com)"
216.244.66.231 - - [24/Sep/2020:01:43:03 -0400] "GET /robots.txt HTTP/1.1" 404 3554 "-" "Mozilla/5.0 (compatible; DotBot/1.1; http://www.opensiteexplorer.org/dotbot, help@moz.com)"
157.55.39.198 - - [24/Sep/2020:01:49:15 -0400] "GET /product-category/purifiers/ HTTP/1.1" 404 3792 "-" "Mozilla/5.0 (compatible; bingbot/2.0; +http://www.bing.com/bingbot.htm)"
193.106.30.99 - - [24/Sep/2020:01:51:24 -0400] "GET /wp-includes/wp-simple.php HTTP/1.1" 404 4260 "-" "Mozilla/5.0 (Macintosh; Intel Mac OS X 10.14; rv:68.0) Gecko/20100101 Firefox/68.0"
157.55.39.234 - - [24/Sep/2020:01:52:35 -0400] "GET /wp-content/uploads/2020/03/5pcs-Disposable-No-Clean-Waterless-Hand-Sanitizer-for-Children-75-Alcohol-Antibacterial-Hand-Sanitizer-Disinfection-Gel-2.jpg HTTP/1.1" 404 3792 "-" "Mozilla/5.0 (compatible; bingbot/2.0; +http://www.bing.com/bingbot.htm)"
45.55.61.114 - - [24/Sep/2020:01:54:00 -0400] "GET /wp-login.php HTTP/1.1" 404 3524 "-" "Mozilla/5.0 (X11; Ubuntu; Linux x86_64; rv:62.0) Gecko/20100101 Firefox/62.0"
45.55.61.114 - - [24/Sep/2020:01:54:00 -0400] "POST /wp-login.php HTTP/1.1" 404 3524 "-" "Mozilla/5.0 (X11; Ubuntu; Linux x86_64; rv:62.0) Gecko/20100101 Firefox/62.0"
45.55.61.114 - - [24/Sep/2020:01:54:00 -0400] "POST /xmlrpc.php HTTP/1.1" 404 3524 "-" "Mozilla/5.0 (X11; Ubuntu; Linux x86_64; rv:62.0) Gecko/20100101 Firefox/62.0"
216.244.66.231 - - [24/Sep/2020:01:54:18 -0400] "GET /wp-content/uploads/2020/03/38W-110V-220V-Ultraviolet-UVC-Sterilizer-Light-Germicidal-Tube-Disinfection-Home-253-7nm-Lamp-Office-Ozone-3.jpg HTTP/1.1" 404 3554 "-" "Mozilla/5.0 (compatible; DotBot/1.1; http://www.opensiteexplorer.org/dotbot, help@moz.com)"
77.88.5.116 - - [24/Sep/2020:02:02:39 -0400] "GET /robots.txt HTTP/1.1" 404 4260 "-" "Mozilla/5.0 (compatible; YandexBot/3.0; +http://yandex.com/bots)"
77.88.5.225 - - [24/Sep/2020:02:02:40 -0400] "GET / HTTP/1.1" 404 4260 "-" "Mozilla/5.0 (compatible; YandexBot/3.0; +http://yandex.com/bots) AppleWebKit/537.36 (KHTML, like Gecko) Chrome/51.0.2704.106"
159.203.182.52 - - [24/Sep/2020:02:40:33 -0400] "GET /wpconfig.bak.php?act=sf HTTP/1.1" 301 610 "paranoidmicrobiology.com" "Mozilla/5.0 (Windows NT 6.1; WOW64) AppleWebKit/537.36 (KHTML, like Gecko) Chrome/50.0.2661.75 Safari/537.36"
159.203.182.52 - - [24/Sep/2020:02:40:33 -0400] "GET /wpconfig.bak.php?act=sf HTTP/1.1" 404 3784 "paranoidmicrobiology.com" "Mozilla/5.0 (Windows NT 6.1; WOW64) AppleWebKit/537.36 (KHTML, like Gecko) Chrome/50.0.2661.75 Safari/537.36"
207.46.13.233 - - [24/Sep/2020:02:41:53 -0400] "GET /wp-content/uploads/2020/03/420ML-SPE-PEM-Hydrogen-Generator-Rich-Water-Bottle-Electrolysis-Energy-Maker-lonizer-Electrolysis-Pure-H2-Cup-3.jpg HTTP/1.1" 404 3792 "-" "Mozilla/5.0 (compatible; bingbot/2.0; +http://www.bing.com/bingbot.htm)"
66.249.66.148 - - [24/Sep/2020:02:57:53 -0400] "GET /wp-login.php?redirect_to=https%3A%2F%2Fparanoidmicrobiology.com%2Fproduct%2Fcokelife-sex-products-body-spray-solution-cleaner-no-alcohol-for-vagina-and-penis-antibacterial-sex-toys-and-vibrator-cleaning%2F HTTP/1.1" 404 4260 "-" "Mozilla/5.0 (compatible; Googlebot/2.1; +http://www.google.com/bot.html)"
174.28.71.50 - - [24/Sep/2020:03:02:48 -0400] "GET /wp-content/uploads/2020/03/38W-110V-220V-Ultraviolet-UVC-Sterilizer-Light-Germicidal-Tube-Disinfection-Home-253-7nm-Lamp-Office-Ozone.jpg HTTP/1.1" 404 4307 "https://www.bing.com/" "Mozilla/5.0 (Windows NT 10.0; Win64; x64) AppleWebKit/537.36 (KHTML, like Gecko) Chrome/85.0.4183.102 Safari/537.36 Edg/85.0.564.51"
174.28.71.50 - - [24/Sep/2020:03:02:48 -0400] "GET /wp-content/uploads/2020/03/38W-110V-220V-Ultraviolet-UVC-Sterilizer-Light-Germicidal-Tube-Disinfection-Home-253-7nm-Lamp-Office-Ozone-3.jpg HTTP/1.1" 404 525 "https://www.bing.com/" "Mozilla/5.0 (Windows NT 10.0; Win64; x64) AppleWebKit/537.36 (KHTML, like Gecko) Chrome/85.0.4183.102 Safari/537.36 Edg/85.0.564.51"
193.106.30.99 - - [24/Sep/2020:03:03:16 -0400] "POST /wp-admin/network/rnnvhs.php HTTP/1.1" 404 4260 "-" "Mozilla/5.0 (Macintosh; Intel Mac OS X 10.14; rv:68.0) Gecko/20100101 Firefox/68.0"
151.80.140.166 - - [24/Sep/2020:03:03:26 -0400] "GET /wp-login.php HTTP/1.1" 404 3524 "-" "Mozilla/5.0 (X11; Ubuntu; Linux x86_64; rv:62.0) Gecko/20100101 Firefox/62.0"
151.80.140.166 - - [24/Sep/2020:03:03:26 -0400] "POST /wp-login.php HTTP/1.1" 404 3524 "-" "Mozilla/5.0 (X11; Ubuntu; Linux x86_64; rv:62.0) Gecko/20100101 Firefox/62.0"
151.80.140.166 - - [24/Sep/2020:03:03:27 -0400] "POST /xmlrpc.php HTTP/1.1" 404 3524 "-" "Mozilla/5.0 (X11; Ubuntu; Linux x86_64; rv:62.0) Gecko/20100101 Firefox/62.0"
174.28.71.50 - - [24/Sep/2020:03:06:16 -0400] "GET /wp-content/uploads/2020/03/38W-110V-220V-Ultraviolet-UVC-Sterilizer-Light-Germicidal-Tube-Disinfection-Home-253-7nm-Lamp-Office-Ozone.jpg HTTP/1.1" 404 1101 "https://www.bing.com/" "Mozilla/5.0 (Windows NT 10.0; Win64; x64) AppleWebKit/537.36 (KHTML, like Gecko) Chrome/85.0.4183.102 Safari/537.36 Edg/85.0.564.51"
174.28.71.50 - - [24/Sep/2020:03:06:16 -0400] "GET /wp-content/uploads/2020/03/38W-110V-220V-Ultraviolet-UVC-Sterilizer-Light-Germicidal-Tube-Disinfection-Home-253-7nm-Lamp-Office-Ozone-3.jpg HTTP/1.1" 404 1101 "https://www.bing.com/" "Mozilla/5.0 (Windows NT 10.0; Win64; x64) AppleWebKit/537.36 (KHTML, like Gecko) Chrome/85.0.4183.102 Safari/537.36 Edg/85.0.564.51"
174.28.71.50 - - [24/Sep/2020:03:08:21 -0400] "GET /wp-content/uploads/2020/03/38W-110V-220V-Ultraviolet-UVC-Sterilizer-Light-Germicidal-Tube-Disinfection-Home-253-7nm-Lamp-Office-Ozone.jpg HTTP/1.1" 404 1101 "https://www.bing.com/" "Mozilla/5.0 (Windows NT 10.0; Win64; x64) AppleWebKit/537.36 (KHTML, like Gecko) Chrome/85.0.4183.102 Safari/537.36 Edg/85.0.564.51"
174.28.71.50 - - [24/Sep/2020:03:08:21 -0400] "GET /wp-content/uploads/2020/03/38W-110V-220V-Ultraviolet-UVC-Sterilizer-Light-Germicidal-Tube-Disinfection-Home-253-7nm-Lamp-Office-Ozone-3.jpg HTTP/1.1" 404 1101 "https://www.bing.com/" "Mozilla/5.0 (Windows NT 10.0; Win64; x64) AppleWebKit/537.36 (KHTML, like Gecko) Chrome/85.0.4183.102 Safari/537.36 Edg/85.0.564.51"
221.7.223.18 - - [24/Sep/2020:03:08:49 -0400] "POST /xmlrpc.php HTTP/1.1" 404 4251 "-" "Mozilla/5.0 (Windows NT 10.0; Win64; x64) AppleWebKit/537.36 (KHTML, like Gecko) Chrome/80.0.3987.163 Safari/537.36"
185.191.171.19 - - [24/Sep/2020:03:35:30 -0400] "GET /robots.txt HTTP/1.1" 404 4223 "-" "Mozilla/5.0 (compatible; SemrushBot/6~bl; +http://www.semrush.com/bot.html)"
185.191.171.21 - - [24/Sep/2020:03:35:30 -0400] "GET /wp-login.php?redirect_to=https%3A%2F%2Fparanoidmicrobiology.com%2F HTTP/1.1" 404 4223 "-" "Mozilla/5.0 (compatible; SemrushBot/6~bl; +http://www.semrush.com/bot.html)"
207.46.13.91 - - [24/Sep/2020:03:51:58 -0400] "GET /wp-content/uploads/2020/03/50pcs-Blue-Durable-Nitrile-Disposable-Gloves-Rubber-Food-Gloves-Universal-Household-Cleaning-Gloves-Kitchen-Accessories-S-1.jpg HTTP/1.1" 404 3792 "-" "Mozilla/5.0 (compatible; bingbot/2.0; +http://www.bing.com/bingbot.htm)"
66.249.66.146 - - [24/Sep/2020:03:52:31 -0400] "GET /product/chemical-mask-6800-7suits-6001-gas-mask-acid-dust-respirator-paint-pesticide-spray-silicone-filter-laboratory-cartridge-welding-2/feed/ HTTP/1.1" 404 4260 "-" "Mozilla/5.0 (Linux; Android 6.0.1; Nexus 5X Build/MMB29P) AppleWebKit/537.36 (KHTML, like Gecko) Chrome/85.0.4183.118 Mobile Safari/537.36 (compatible; Googlebot/2.1; +http://www.google.com/bot.html)"
66.249.66.148 - - [24/Sep/2020:03:54:41 -0400] "GET /product/portable-disinfection-sulfur-soap-skin-cleansing-acne-seborrheic-antifungal-bath-soap-anti-mite-soap-7g/feed/ HTTP/1.1" 404 4260 "-" "Mozilla/5.0 (compatible; Googlebot/2.1; +http://www.google.com/bot.html)"
37.187.134.111 - - [24/Sep/2020:04:13:47 -0400] "GET /wp-login.php HTTP/1.1" 404 3524 "-" "Mozilla/5.0 (X11; Ubuntu; Linux x86_64; rv:62.0) Gecko/20100101 Firefox/62.0"
37.187.134.111 - - [24/Sep/2020:04:13:47 -0400] "POST /wp-login.php HTTP/1.1" 404 3524 "-" "Mozilla/5.0 (X11; Ubuntu; Linux x86_64; rv:62.0) Gecko/20100101 Firefox/62.0"
37.187.134.111 - - [24/Sep/2020:04:13:48 -0400] "POST /xmlrpc.php HTTP/1.1" 404 3524 "-" "Mozilla/5.0 (X11; Ubuntu; Linux x86_64; rv:62.0) Gecko/20100101 Firefox/62.0"
157.55.39.234 - - [24/Sep/2020:04:25:23 -0400] "GET /wp-content/uploads/2020/03/E27-3W-UVC-Lamp-Sterilizer-LED-GU10-UV-Ozone-Lamp-E14-Bulb-Corona-virus-Germs-MR16-4.jpg HTTP/1.1" 404 3792 "-" "Mozilla/5.0 (compatible; bingbot/2.0; +http://www.bing.com/bingbot.htm)"
207.46.13.40 - - [24/Sep/2020:04:41:19 -0400] "GET /wp-content/uploads/2020/03/Handheld-UV-Sterilization-Lamp-Portable-Disinfection-Light-Mini-Sanitizer-for-Home-Office-Travel-Kill-Virus-Germ-1.jpg HTTP/1.1" 404 3792 "-" "Mozilla/5.0 (compatible; bingbot/2.0; +http://www.bing.com/bingbot.htm)"
207.46.13.233 - - [24/Sep/2020:04:47:45 -0400] "GET /wp-content/uploads/2020/03/100ml-Portable-No-Wash-Disinfectant-Spray-Domestic-Skin-And-Cloth-Sterilization-Herbal-Formula-Disinfection-Spray-5.jpg HTTP/1.1" 404 3792 "-" "Mozilla/5.0 (compatible; bingbot/2.0; +http://www.bing.com/bingbot.htm)"
207.46.13.91 - - [24/Sep/2020:04:55:29 -0400] "GET /wp-content/uploads/2020/03/High-quality-white-Respirator-Gas-Mask-Fire-Control-Military-Pesticides-Gas-Mask-6800-Gas-Mask-non-4.jpg HTTP/1.1" 404 3792 "-" "Mozilla/5.0 (compatible; bingbot/2.0; +http://www.bing.com/bingbot.htm)"
159.89.183.168 - - [24/Sep/2020:05:29:32 -0400] "GET /wp-login.php HTTP/1.1" 404 3524 "-" "Mozilla/5.0 (X11; Ubuntu; Linux x86_64; rv:62.0) Gecko/20100101 Firefox/62.0"
159.89.183.168 - - [24/Sep/2020:05:29:32 -0400] "POST /wp-login.php HTTP/1.1" 404 3524 "-" "Mozilla/5.0 (X11; Ubuntu; Linux x86_64; rv:62.0) Gecko/20100101 Firefox/62.0"
159.89.183.168 - - [24/Sep/2020:05:29:32 -0400] "POST /xmlrpc.php HTTP/1.1" 404 3524 "-" "Mozilla/5.0 (X11; Ubuntu; Linux x86_64; rv:62.0) Gecko/20100101 Firefox/62.0"
66.249.66.150 - - [24/Sep/2020:05:39:30 -0400] "GET /robots.txt HTTP/1.1" 404 4260 "-" "Mozilla/5.0 (compatible; Googlebot/2.1; +http://www.google.com/bot.html)"
66.249.66.150 - - [24/Sep/2020:05:39:30 -0400] "GET /product/ultraviolet-lamp-quartz-lamp-black-light-bulb-portable-uv-sanitizer-hand-wand-ultra-violet-light-kill-bacteria-germ-sterilizer/ HTTP/1.1" 404 525 "-" "Mozilla/5.0 (Linux; Android 6.0.1; Nexus 5X Build/MMB29P) AppleWebKit/537.36 (KHTML, like Gecko) Chrome/85.0.4183.115 Mobile Safari/537.36 (compatible; Googlebot/2.1; +http://www.google.com/bot.html)"
185.191.171.18 - - [24/Sep/2020:05:54:06 -0400] "GET /robots.txt HTTP/1.1" 404 4223 "-" "Mozilla/5.0 (compatible; SemrushBot/6~bl; +http://www.semrush.com/bot.html)"
185.191.171.10 - - [24/Sep/2020:05:54:06 -0400] "GET /product/1pcs-anti-dust-face-mouth-mask-reusable-breathable-cotton-protective-children-kid-cartoon-cute-pm2-5-anti-dust-mouth-face-mask/ HTTP/1.1" 404 4223 "-" "Mozilla/5.0 (compatible; SemrushBot/6~bl; +http://www.semrush.com/bot.html)"
185.191.171.24 - - [24/Sep/2020:06:00:22 -0400] "GET /wp-login.php?redirect_to=https%3A%2F%2Fparanoidmicrobiology.com%2Fproduct%2F38w-110v-220v-ultraviolet-uvc-sterilizer-light-germicidal-tube-disinfection-home-253-7nm-lamp-office-ozone-kill-mite-lights%2F HTTP/1.1" 404 4223 "-" "Mozilla/5.0 (compatible; SemrushBot/6~bl; +http://www.semrush.com/bot.html)"
159.100.106.210 - - [24/Sep/2020:06:03:45 -0400] "GET /wp-content/uploads/2020/03/Disposable-Alcohol-Wipes-Sterilization-Portable-Wipes-Antibacterial-Cleaning-Skin-Cleaning-Care.jpg HTTP/1.1" 404 3823 "https://www.bing.com/" "Mozilla/5.0 (Windows NT 10.0; Win64; x64) AppleWebKit/537.36 (KHTML, like Gecko) Chrome/70.0.3538.102 Safari/537.36 Edge/18.18363"
159.100.106.210 - - [24/Sep/2020:06:03:49 -0400] "GET /product/disposable-alcohol-wipes-sterilization-portable-wipes-antibacterial-cleaning-skin-cleaning-care/ HTTP/1.1" 404 3823 "https://www.bing.com/images/search?view=detailV2&ccid=cFDgUHFV&id=147DF2F48FBCE9DAFD8D4B81A5FEF3F8FB0C70A9&thid=OIP.cFDgUHFVSAlcdcURTSED6gHaHa&mediaurl=https%3a%2f%2fparanoidmicrobiology.com%2fwp-content%2fuploads%2f2020%2f03%2fDisposable-Alcohol-Wipes-Sterilization-Portable-Wipes-Antibacterial-Cleaning-Skin-Cleaning-Care.jpg&exph=800&expw=800&q=alcohol+wipes&simid=608048845459227678&ck=49938B896DCC8C1ABD9576BDAC79CF37&selectedIndex=123&FORM=IRPRST&mode=overlay" "Mozilla/5.0 (Windows NT 10.0; Win64; x64) AppleWebKit/537.36 (KHTML, like Gecko) Chrome/70.0.3538.102 Safari/537.36 Edge/18.18363"
185.191.171.7 - - [24/Sep/2020:06:10:46 -0400] "GET /?product-page=3 HTTP/1.1" 404 4223 "-" "Mozilla/5.0 (compatible; SemrushBot/6~bl; +http://www.semrush.com/bot.html)"
193.106.30.99 - - [24/Sep/2020:06:17:54 -0400] "POST /wp-content/plugins/szalog.php HTTP/1.1" 404 4260 "-" "Mozilla/5.0 (Windows NT 10.0; Win64; x64; rv:66.0) Gecko/20100101 Firefox/66.0"
194.44.160.246 - - [24/Sep/2020:06:44:12 -0400] "POST /xmlrpc.php HTTP/1.1" 404 4251 "-" "Mozilla/5.0 (Windows NT 10.0; Win64; x64) AppleWebKit/537.36 (KHTML, like Gecko) Chrome/80.0.3987.163 Safari/537.36"
157.55.39.234 - - [24/Sep/2020:06:46:30 -0400] "GET /product/15w-ultraviolet-sterilizer-light-disinfection-220v-uvc-lamp-bactericidal-household-home-timer-kill-mite-germicidal-lights/ HTTP/1.1" 404 3792 "-" "Mozilla/5.0 (compatible; bingbot/2.0; +http://www.bing.com/bingbot.htm)"
35.185.141.72 - - [24/Sep/2020:06:47:31 -0400] "GET /wp-login.php HTTP/1.1" 404 3524 "-" "Mozilla/5.0 (X11; Ubuntu; Linux x86_64; rv:62.0) Gecko/20100101 Firefox/62.0"
35.185.141.72 - - [24/Sep/2020:06:47:32 -0400] "POST /wp-login.php HTTP/1.1" 404 3524 "-" "Mozilla/5.0 (X11; Ubuntu; Linux x86_64; rv:62.0) Gecko/20100101 Firefox/62.0"
35.185.141.72 - - [24/Sep/2020:06:47:33 -0400] "POST /xmlrpc.php HTTP/1.1" 404 3524 "-" "Mozilla/5.0 (X11; Ubuntu; Linux x86_64; rv:62.0) Gecko/20100101 Firefox/62.0"
161.35.175.185 - - [24/Sep/2020:06:56:57 -0400] "GET /.env HTTP/1.1" 301 609 "-" "python-requests/2.18.4"
161.35.175.185 - - [24/Sep/2020:06:56:57 -0400] "GET /.env HTTP/1.1" 404 4260 "-" "python-requests/2.18.4"
161.35.175.185 - - [24/Sep/2020:06:56:57 -0400] "GET /admin/.env HTTP/1.1" 301 621 "-" "python-requests/2.18.4"
161.35.175.185 - - [24/Sep/2020:06:56:58 -0400] "GET /admin/.env HTTP/1.1" 404 4260 "-" "python-requests/2.18.4"
161.35.175.185 - - [24/Sep/2020:06:56:58 -0400] "GET /laravel/.env HTTP/1.1" 301 625 "-" "python-requests/2.18.4"
161.35.175.185 - - [24/Sep/2020:06:56:58 -0400] "GET /laravel/.env HTTP/1.1" 404 4260 "-" "python-requests/2.18.4"
161.35.175.185 - - [24/Sep/2020:06:56:58 -0400] "GET /public/.env HTTP/1.1" 301 623 "-" "python-requests/2.18.4"
161.35.175.185 - - [24/Sep/2020:06:56:58 -0400] "GET /public/.env HTTP/1.1" 404 4260 "-" "python-requests/2.18.4"
161.35.175.185 - - [24/Sep/2020:06:56:58 -0400] "GET /v1/.env HTTP/1.1" 301 615 "-" "python-requests/2.18.4"
161.35.175.185 - - [24/Sep/2020:06:56:59 -0400] "GET /v1/.env HTTP/1.1" 404 4260 "-" "python-requests/2.18.4"
161.35.175.185 - - [24/Sep/2020:06:56:59 -0400] "GET /app/.env HTTP/1.1" 301 617 "-" "python-requests/2.18.4"
161.35.175.185 - - [24/Sep/2020:06:56:59 -0400] "GET /app/.env HTTP/1.1" 404 4260 "-" "python-requests/2.18.4"
161.35.175.185 - - [24/Sep/2020:06:56:59 -0400] "GET /config/.env HTTP/1.1" 301 623 "-" "python-requests/2.18.4"
161.35.175.185 - - [24/Sep/2020:06:56:59 -0400] "GET /config/.env HTTP/1.1" 404 4260 "-" "python-requests/2.18.4"
161.35.175.185 - - [24/Sep/2020:06:56:59 -0400] "GET /core/.env HTTP/1.1" 301 619 "-" "python-requests/2.18.4"
161.35.175.185 - - [24/Sep/2020:06:57:00 -0400] "GET /core/.env HTTP/1.1" 404 4260 "-" "python-requests/2.18.4"
161.35.175.185 - - [24/Sep/2020:06:57:00 -0400] "GET /apps/.env HTTP/1.1" 301 619 "-" "python-requests/2.18.4"
161.35.175.185 - - [24/Sep/2020:06:57:00 -0400] "GET /apps/.env HTTP/1.1" 404 4260 "-" "python-requests/2.18.4"
161.35.175.185 - - [24/Sep/2020:06:57:00 -0400] "GET /lib/.env HTTP/1.1" 301 617 "-" "python-requests/2.18.4"
161.35.175.185 - - [24/Sep/2020:06:57:00 -0400] "GET /lib/.env HTTP/1.1" 404 4260 "-" "python-requests/2.18.4"
161.35.175.185 - - [24/Sep/2020:06:57:00 -0400] "GET /cron/.env HTTP/1.1" 301 619 "-" "python-requests/2.18.4"
161.35.175.185 - - [24/Sep/2020:06:57:01 -0400] "GET /cron/.env HTTP/1.1" 404 4260 "-" "python-requests/2.18.4"
161.35.175.185 - - [24/Sep/2020:06:57:01 -0400] "GET /database/.env HTTP/1.1" 301 627 "-" "python-requests/2.18.4"
161.35.175.185 - - [24/Sep/2020:06:57:01 -0400] "GET /database/.env HTTP/1.1" 404 4260 "-" "python-requests/2.18.4"
161.35.175.185 - - [24/Sep/2020:06:57:01 -0400] "GET /uploads/.env HTTP/1.1" 301 625 "-" "python-requests/2.18.4"
161.35.175.185 - - [24/Sep/2020:06:57:01 -0400] "GET /uploads/.env HTTP/1.1" 404 4260 "-" "python-requests/2.18.4"
161.35.175.185 - - [24/Sep/2020:06:57:02 -0400] "GET /site/.env HTTP/1.1" 301 619 "-" "python-requests/2.18.4"
161.35.175.185 - - [24/Sep/2020:06:57:02 -0400] "GET /site/.env HTTP/1.1" 404 4260 "-" "python-requests/2.18.4"
161.35.175.185 - - [24/Sep/2020:06:57:02 -0400] "GET /web/.env HTTP/1.1" 301 617 "-" "python-requests/2.18.4"
161.35.175.185 - - [24/Sep/2020:06:57:02 -0400] "GET /web/.env HTTP/1.1" 404 4260 "-" "python-requests/2.18.4"
161.35.175.185 - - [24/Sep/2020:06:57:02 -0400] "GET /administrator/.env HTTP/1.1" 301 637 "-" "python-requests/2.18.4"
161.35.175.185 - - [24/Sep/2020:06:57:02 -0400] "GET /administrator/.env HTTP/1.1" 404 4260 "-" "python-requests/2.18.4"
157.55.39.1 - - [24/Sep/2020:07:00:07 -0400] "GET /robots.txt HTTP/1.1" 404 3750 "-" "Mozilla/5.0 (compatible; bingbot/2.0; +http://www.bing.com/bingbot.htm)"
157.55.39.1 - - [24/Sep/2020:07:00:07 -0400] "GET /robots.txt HTTP/1.1" 404 3792 "-" "Mozilla/5.0 (compatible; bingbot/2.0; +http://www.bing.com/bingbot.htm)"
193.106.30.99 - - [24/Sep/2020:07:05:07 -0400] "HEAD / HTTP/1.1" 404 3952 "-" "Mozilla/5.0 (Windows NT 6.1; WOW64; rv:64.0) Gecko/20100101 Firefox/64.0"
207.46.13.233 - - [24/Sep/2020:07:07:05 -0400] "GET /wp-content/uploads/2020/03/30ml-Cartoon-Animal-Rabbit-Fox-Cat-Travel-Portable-Mini-Hand-Sanitizer-Disposable-No-Clean-Waterless-Fresh-5.jpg HTTP/1.1" 404 3792 "-" "Mozilla/5.0 (compatible; bingbot/2.0; +http://www.bing.com/bingbot.htm)"
185.191.171.22 - - [24/Sep/2020:07:13:25 -0400] "GET /robots.txt HTTP/1.1" 404 4223 "-" "Mozilla/5.0 (compatible; SemrushBot/6~bl; +http://www.semrush.com/bot.html)"
185.191.171.5 - - [24/Sep/2020:07:13:26 -0400] "GET /wp-login.php?redirect_to=https%3A%2F%2Fparanoidmicrobiology.com%2Fproduct%2Fnew-mini-indoor-oxygen-bar-ionizer-air-fresh-purifier-home-wall-110-220v-with-adapter-home-autocar-negative-ion-purifier-us-plug%2F HTTP/1.1" 404 4223 "-" "Mozilla/5.0 (compatible; SemrushBot/6~bl; +http://www.semrush.com/bot.html)"
185.191.171.26 - - [24/Sep/2020:07:13:45 -0400] "GET /cart/ HTTP/1.1" 404 4223 "-" "Mozilla/5.0 (compatible; SemrushBot/6~bl; +http://www.semrush.com/bot.html)"
40.77.167.217 - - [24/Sep/2020:07:29:37 -0400] "GET /wp-content/uploads/2020/03/USB-Mini-Wearable-Neck-Negative-Ion-Generator-Air-Purifier-Personal-Air-Purifier-Germs-Odors-Dust-Mold-3.jpg HTTP/1.1" 404 3792 "-" "Mozilla/5.0 (compatible; bingbot/2.0; +http://www.bing.com/bingbot.htm)"
40.77.167.217 - - [24/Sep/2020:07:32:40 -0400] "GET /product/10pcs-disposable-first-aid-antiseptic-wipes-benzalkonium-chloride-cleansing-towelettes-antibacterial-sanitizer-individually-pack/ HTTP/1.1" 404 3792 "-" "Mozilla/5.0 (compatible; bingbot/2.0; +http://www.bing.com/bingbot.htm)"
207.46.13.233 - - [24/Sep/2020:07:39:47 -0400] "GET /product/home-air-purifier-with-true-hepa-filter-for-allergies-and-petssmokemoldgerms-and-dust-odor-eliminatordesktop-air-cleaner/feed/ HTTP/1.1" 404 3792 "-" "Mozilla/5.0 (compatible; bingbot/2.0; +http://www.bing.com/bingbot.htm)"
185.191.171.21 - - [24/Sep/2020:07:47:30 -0400] "GET /wp-login.php?redirect_to=https%3A%2F%2Fparanoidmicrobiology.com%2Fproduct%2Fsafety-glasses-protective-goggles-transparent-glasses-for-lab-eye-protection-work-protection-security-spectacles-glasses-welder%2F HTTP/1.1" 404 4223 "-" "Mozilla/5.0 (compatible; SemrushBot/6~bl; +http://www.semrush.com/bot.html)"
81.129.122.191 - - [24/Sep/2020:07:53:08 -0400] "GET /wp-content/uploads/2020/03/Multi-Function-UV-Disinfection-Portable-UV-Hand-Wand-Ultraviolet-Light-Kill-Bacteria-Germ-Disinfection-2.jpg HTTP/1.1" 404 4307 "https://www.bing.com/" "Mozilla/5.0 (Windows NT 10.0; Win64; x64) AppleWebKit/537.36 (KHTML, like Gecko) Chrome/85.0.4183.121 Safari/537.36"
185.191.171.18 - - [24/Sep/2020:07:56:01 -0400] "GET /product/black-anti-dust-mask-pm2-5-activated-carbon-filter-face-mouth-masks-reusable-mouth-cover-anti-bacterial-mask-men-women/ HTTP/1.1" 404 4223 "-" "Mozilla/5.0 (compatible; SemrushBot/6~bl; +http://www.semrush.com/bot.html)"
118.174.220.14 - - [24/Sep/2020:08:06:10 -0400] "POST /xmlrpc.php HTTP/1.1" 404 4251 "-" "Mozilla/5.0 (Windows NT 10.0; Win64; x64) AppleWebKit/537.36 (KHTML, like Gecko) Chrome/80.0.3987.163 Safari/537.36"
159.65.228.105 - - [24/Sep/2020:08:07:41 -0400] "GET /wp-login.php HTTP/1.1" 404 3524 "-" "Mozilla/5.0 (X11; Ubuntu; Linux x86_64; rv:62.0) Gecko/20100101 Firefox/62.0"
159.65.228.105 - - [24/Sep/2020:08:07:41 -0400] "POST /wp-login.php HTTP/1.1" 404 3524 "-" "Mozilla/5.0 (X11; Ubuntu; Linux x86_64; rv:62.0) Gecko/20100101 Firefox/62.0"
159.65.228.105 - - [24/Sep/2020:08:07:41 -0400] "POST /xmlrpc.php HTTP/1.1" 404 3524 "-" "Mozilla/5.0 (X11; Ubuntu; Linux x86_64; rv:62.0) Gecko/20100101 Firefox/62.0"
193.106.30.99 - - [24/Sep/2020:08:19:38 -0400] "GET /wp-admin/includes/fdsj399jdsf.php HTTP/1.1" 404 4260 "-" "Mozilla/5.0 (Windows NT 10.0; Win64; x64; rv:67.0) Gecko/20100101 Firefox/67.0"
193.106.30.99 - - [24/Sep/2020:08:19:50 -0400] "GET /wp-content/plugins/wp-uninstall.php HTTP/1.1" 404 4260 "-" "Mozilla/5.0 (Windows NT 10.0; Win64; x64; rv:66.0) Gecko/20100101 Firefox/66.0"
192.99.12.40 - - [24/Sep/2020:08:20:53 -0400] "GET /wp-login.php HTTP/1.1" 404 3524 "-" "Mozilla/5.0 (X11; Ubuntu; Linux x86_64; rv:62.0) Gecko/20100101 Firefox/62.0"
192.99.12.40 - - [24/Sep/2020:08:20:54 -0400] "POST /wp-login.php HTTP/1.1" 404 3524 "-" "Mozilla/5.0 (X11; Ubuntu; Linux x86_64; rv:62.0) Gecko/20100101 Firefox/62.0"
192.99.12.40 - - [24/Sep/2020:08:20:54 -0400] "POST /xmlrpc.php HTTP/1.1" 404 3524 "-" "Mozilla/5.0 (X11; Ubuntu; Linux x86_64; rv:62.0) Gecko/20100101 Firefox/62.0"
207.46.13.91 - - [24/Sep/2020:08:25:29 -0400] "GET /product/handheld-uv-sterilization-lamp-portable-disinfection-light-mini-sanitizer-for-home-office-travel-kill-virus-germ-household/ HTTP/1.1" 404 3792 "-" "Mozilla/5.0 (compatible; bingbot/2.0; +http://www.bing.com/bingbot.htm)"
193.106.30.99 - - [24/Sep/2020:08:28:38 -0400] "POST /wp-includes/ms-load.php HTTP/1.1" 404 4260 "-" "Mozilla/5.0 (Windows NT 10.0; Win64; x64) AppleWebKit/537.36 (KHTML, like Gecko) Chrome/74.0.3729.157 Safari/537.36"
185.191.171.34 - - [24/Sep/2020:08:32:11 -0400] "GET /robots.txt HTTP/1.1" 404 4223 "-" "Mozilla/5.0 (compatible; SemrushBot/6~bl; +http://www.semrush.com/bot.html)"
185.191.171.12 - - [24/Sep/2020:08:32:12 -0400] "GET /product/60ml-antibacterial-press-head-amino-acid-hand-sanitizer-disposable-disinfection-hand-wash-gel-portable-rinse-free-gel-hand-clean/ HTTP/1.1" 404 4223 "-" "Mozilla/5.0 (compatible; SemrushBot/6~bl; +http://www.semrush.com/bot.html)"
207.46.13.91 - - [24/Sep/2020:08:40:37 -0400] "GET /?add-to-cart=2699 HTTP/1.1" 404 3792 "-" "Mozilla/5.0 (compatible; bingbot/2.0; +http://www.bing.com/bingbot.htm)"
66.249.66.156 - - [24/Sep/2020:09:03:32 -0400] "GET /shop/ HTTP/1.1" 404 4260 "-" "Mozilla/5.0 (compatible; Googlebot/2.1; +http://www.google.com/bot.html)"
23.228.109.146 - - [24/Sep/2020:09:04:30 -0400] "GET /wp-content/themes/bulteno-theme/functions/Readme!.txt HTTP/1.1" 301 670 "http://www.google.com/" "Mozilla/5.0 (Windows NT 6.1; Win64; x64) AppleWebKit/537.36 (KHTML, like Gecko) Chrome/56.0.2896.3 Safari/537.36"
23.228.109.146 - - [24/Sep/2020:09:04:33 -0400] "GET /wp-content/themes/bulteno-theme/functions/Readme!.txt HTTP/1.1" 404 3755 "http://www.google.com/" "Mozilla/5.0 (Windows NT 6.1; Win64; x64) AppleWebKit/537.36 (KHTML, like Gecko) Chrome/56.0.2896.3 Safari/537.36"
118.175.93.38 - - [24/Sep/2020:09:20:44 -0400] "POST /xmlrpc.php HTTP/1.1" 404 4251 "-" "Mozilla/5.0 (Windows NT 10.0; Win64; x64) AppleWebKit/537.36 (KHTML, like Gecko) Chrome/80.0.3987.163 Safari/537.36"
193.106.30.99 - - [24/Sep/2020:09:39:32 -0400] "POST /wp-content/plugins/all-in-one-seo/all-in-one-seo.php?login=plu2h HTTP/1.1" 404 4260 "-" "Mozilla/5.0 (Windows NT 10.0; Win64; x64; rv:67.0) Gecko/20100101 Firefox/67.0"
66.249.66.156 - - [24/Sep/2020:09:46:37 -0400] "GET /product/e27-3w-uvc-lamp-sterilizer-led-gu10-uv-ozone-lamp-e14-bulb-corona-virus-germs-mr16-germicidal-light-5w-7w-ultraviolet-lamp-220v/feed/ HTTP/1.1" 404 4260 "-" "Mozilla/5.0 (Linux; Android 6.0.1; Nexus 5X Build/MMB29P) AppleWebKit/537.36 (KHTML, like Gecko) Chrome/85.0.4183.118 Mobile Safari/537.36 (compatible; Googlebot/2.1; +http://www.google.com/bot.html)"
66.249.66.159 - - [24/Sep/2020:10:01:04 -0400] "GET /product/e27-uv-bactericidal-lamp-led-220v-e14-uvc-germicidal-light-led-gu10-disinfection-kill-germs-mite-light-bulb-led-ozone-lampada/feed/ HTTP/1.1" 404 4260 "-" "Mozilla/5.0 (Linux; Android 6.0.1; Nexus 5X Build/MMB29P) AppleWebKit/537.36 (KHTML, like Gecko) Chrome/85.0.4183.118 Mobile Safari/537.36 (compatible; Googlebot/2.1; +http://www.google.com/bot.html)"
185.191.171.9 - - [24/Sep/2020:10:03:00 -0400] "GET /robots.txt HTTP/1.1" 404 4223 "-" "Mozilla/5.0 (compatible; SemrushBot/6~bl; +http://www.semrush.com/bot.html)"
185.191.171.2 - - [24/Sep/2020:10:03:01 -0400] "GET /product/chemical-mask-6800-7suits-6001-gas-mask-acid-dust-respirator-paint-pesticide-spray-silicone-filter-laboratory-cartridge-welding-2/ HTTP/1.1" 404 4223 "-" "Mozilla/5.0 (compatible; SemrushBot/6~bl; +http://www.semrush.com/bot.html)"
66.249.66.157 - - [24/Sep/2020:10:14:29 -0400] "GET /product/mini-car-air-purifier-portable-negative-ion-purifiers-usb-air-purifier-anion-air-cleaner-freshener-for-car-home-office/feed/ HTTP/1.1" 404 4260 "-" "Mozilla/5.0 (Linux; Android 6.0.1; Nexus 5X Build/MMB29P) AppleWebKit/537.36 (KHTML, like Gecko) Chrome/85.0.4183.118 Mobile Safari/537.36 (compatible; Googlebot/2.1; +http://www.google.com/bot.html)"
157.55.39.198 - - [24/Sep/2020:10:17:38 -0400] "GET /product/new-mini-indoor-oxygen-bar-ionizer-air-fresh-purifier-home-wall-110-220v-with-adapter-home-autocar-negative-ion-purifier-us-plug/ HTTP/1.1" 404 3792 "-" "Mozilla/5.0 (compatible; bingbot/2.0; +http://www.bing.com/bingbot.htm)"
207.46.13.91 - - [24/Sep/2020:10:21:46 -0400] "GET /product/handheld-uv-sterilization-lamp-portable-disinfection-light-mini-sanitizer-for-home-office-travel-kill-virus-germ-household/ HTTP/1.1" 404 3792 "-" "Mozilla/5.0 (compatible; bingbot/2.0; +http://www.bing.com/bingbot.htm)"
77.88.5.116 - - [24/Sep/2020:10:25:56 -0400] "GET /robots.txt HTTP/1.1" 404 4260 "-" "Mozilla/5.0 (compatible; YandexBot/3.0; +http://yandex.com/bots)"
77.88.5.116 - - [24/Sep/2020:10:25:59 -0400] "GET / HTTP/1.1" 404 525 "-" "Mozilla/5.0 (compatible; YandexBot/3.0; +http://yandex.com/bots)"
185.191.171.4 - - [24/Sep/2020:10:32:24 -0400] "GET /?product-page=2 HTTP/1.1" 404 4223 "-" "Mozilla/5.0 (compatible; SemrushBot/6~bl; +http://www.semrush.com/bot.html)"
157.55.39.234 - - [24/Sep/2020:10:49:55 -0400] "GET /product/15-bathroom-shower-filter-bathing-water-filter-purifier-water-treatment-health-softener-chlorine-removal-water-purifier/ HTTP/1.1" 404 3792 "-" "Mozilla/5.0 (compatible; bingbot/2.0; +http://www.bing.com/bingbot.htm)"
66.249.66.157 - - [24/Sep/2020:10:59:02 -0400] "GET /product/5-10-20-50pcs-mouth-mask-disposable-black-cotton-mouth-face-masks-non-woven-anti-dust-mask-anti-pollution-disposable-mask/feed/ HTTP/1.1" 404 4260 "-" "Mozilla/5.0 (Linux; Android 6.0.1; Nexus 5X Build/MMB29P) AppleWebKit/537.36 (KHTML, like Gecko) Chrome/85.0.4183.118 Mobile Safari/537.36 (compatible; Googlebot/2.1; +http://www.google.com/bot.html)"
40.77.167.217 - - [24/Sep/2020:11:32:32 -0400] "GET /product/55ml-travel-portable-hand-sanitizer-gel-anti-bacteria-moisturizing-liquid-disposable-no-clean-waterless-antibacterial-hand-gel/ HTTP/1.1" 404 3792 "-" "Mozilla/5.0 (compatible; bingbot/2.0; +http://www.bing.com/bingbot.htm)"
207.46.13.81 - - [24/Sep/2020:11:34:25 -0400] "GET /product/60ml-antibacterial-press-head-amino-acid-hand-sanitizer-disposable-disinfection-hand-wash-gel-portable-rinse-free-gel-hand-clean/?add-to-cart=1817 HTTP/1.1" 404 3792 "-" "Mozilla/5.0 (compatible; bingbot/2.0; +http://www.bing.com/bingbot.htm)"
193.106.30.99 - - [24/Sep/2020:11:42:55 -0400] "POST /wp-includes/class.wp-tmps.php HTTP/1.1" 404 4260 "-" "Mozilla/5.0 (Windows NT 10.0; Win64; x64) AppleWebKit/537.36 (KHTML, like Gecko) Chrome/74.0.3729.157 Safari/537.36"
193.106.30.99 - - [24/Sep/2020:11:50:05 -0400] "GET /wp-content/plugins/akismet/classes.php?pass=fuck168 HTTP/1.1" 404 4260 "-" "Mozilla/5.0 (Windows NT 10.0; Win64; x64) AppleWebKit/537.36 (KHTML, like Gecko) Chrome/74.0.3729.169 Safari/537.36"
157.55.39.198 - - [24/Sep/2020:12:05:40 -0400] "GET /product/anti-infection-gloves-100pcs-lot-food-grade-waterproof-allergy-free-disposable-work-safety-gloves-ffp3-glove-mechanic/ HTTP/1.1" 404 3792 "-" "Mozilla/5.0 (compatible; bingbot/2.0; +http://www.bing.com/bingbot.htm)"
185.191.171.18 - - [24/Sep/2020:12:09:52 -0400] "GET /robots.txt HTTP/1.1" 404 4223 "-" "Mozilla/5.0 (compatible; SemrushBot/6~bl; +http://www.semrush.com/bot.html)"
185.191.171.10 - - [24/Sep/2020:12:09:53 -0400] "GET /wp-login.php?redirect_to=https%3A%2F%2Fparanoidmicrobiology.com%2Fproduct%2Flaser-protect-safety-glasses-pc-eyeglass-welding-laser-eyewear-eye-protective-goggles-unisex-black-frame-lightproof-glasses%2F HTTP/1.1" 404 4223 "-" "Mozilla/5.0 (compatible; SemrushBot/6~bl; +http://www.semrush.com/bot.html)"
77.88.5.116 - - [24/Sep/2020:12:10:11 -0400] "GET /robots.txt HTTP/1.1" 404 4260 "-" "Mozilla/5.0 (compatible; YandexBot/3.0; +http://yandex.com/bots)"
77.88.5.116 - - [24/Sep/2020:12:10:14 -0400] "GET /favicon.ico HTTP/1.1" 404 525 "-" "Mozilla/5.0 (compatible; YandexImages/3.0; +http://yandex.com/bots)"
193.106.30.99 - - [24/Sep/2020:12:13:41 -0400] "POST /wp-content/plugins/Wp-LayerSlider/layerslider.php?login=qlaoxk HTTP/1.1" 404 4260 "-" "Mozilla/5.0 (Macintosh; Intel Mac OS X 10.14; rv:68.0) Gecko/20100101 Firefox/68.0"
40.77.167.217 - - [24/Sep/2020:12:27:04 -0400] "GET /product/10-50pcs-disposable-face-mask-3-layer-non-woven-prevent-droplet-mask-anti-dust-bacterial-breathable-face-mouth-cover/ HTTP/1.1" 404 3792 "-" "Mozilla/5.0 (compatible; bingbot/2.0; +http://www.bing.com/bingbot.htm)"
45.7.176.42 - - [24/Sep/2020:13:11:04 -0400] "POST /xmlrpc.php HTTP/1.1" 404 4251 "-" "Mozilla/5.0 (Windows NT 10.0; Win64; x64) AppleWebKit/537.36 (KHTML, like Gecko) Chrome/80.0.3987.163 Safari/537.36"
35.245.188.175 - - [24/Sep/2020:13:16:41 -0400] "GET / HTTP/1.1" 301 601 "-" "Mozilla/5.0 (Windows NT 6.1; WOW64; Trident/7.0; rv:11.0) like Gecko"
35.245.188.175 - - [24/Sep/2020:13:16:41 -0400] "GET / HTTP/1.1" 404 3821 "-" "Mozilla/5.0 (Windows NT 6.1; WOW64; Trident/7.0; rv:11.0) like Gecko"
152.85.8.38 - - [24/Sep/2020:13:16:41 -0400] "GET /wp-content/uploads/2020/03/Multi-Function-UV-Disinfection-Portable-UV-Hand-Wand-Ultraviolet-Light-Kill-Bacteria-Germ-Disinfection-4.jpg HTTP/1.1" 404 3625 "https://images.search.yahoo.com/search/images;_ylt=AwrExo4i1GxfrnoAW3KJzbkF;_ylu=c2VjA3NlYXJjaARzbGsDYnV0dG9u;_ylc=X1MDOTYwNjI4NTcEX3IDMgRhY3RuA2NsawRjc3JjcHZpZANIRUNBYkRFd0xqSnJpYXJ1WHFJWVBRaC5NVFV5TGdBQUFBQlg2R25RBGZyA3lmcC10LXMEZnIyA3NhLWdwBGdwcmlkA3BBbEJxSHhPUUQua3paSkVLbW5Vc0EEbl9zdWdnAzEEb3JpZ2luA2ltYWdlcy5zZWFyY2gueWFob28uY29tBHBvcwMwBHBxc3RyAwRwcXN0cmwDBHFzdHJsAzMzBHF1ZXJ5A3V2JTIwbGlnaHQlMjB0byUyMGtpbGwlMjBiYWN0ZXJpYQR0X3N0bXADMTYwMDk2NzczNQ--?p=uv+light+to+kill+bacteria&fr=yfp-t-s&fr2=sb-top-images.search&ei=UTF-8&n=60&x=wrt&vm=r" "Mozilla/5.0 (Windows NT 10.0; Win64; x64) AppleWebKit/537.36 (KHTML, like Gecko) Chrome/85.0.4183.102 Safari/537.36 Edg/85.0.564.51"
35.245.188.175 - - [24/Sep/2020:13:16:41 -0400] "GET / HTTP/1.1" 301 601 "-" "Mozilla/5.0 (Windows NT 10.0; Win64; x64) AppleWebKit/537.36 (KHTML, like Gecko) Chrome/85.0.4183.102 Safari/537.36 Edg/85.0.564.51"
35.245.188.175 - - [24/Sep/2020:13:16:41 -0400] "GET / HTTP/1.1" 404 3821 "-" "Mozilla/5.0 (Windows NT 10.0; Win64; x64) AppleWebKit/537.36 (KHTML, like Gecko) Chrome/85.0.4183.102 Safari/537.36 Edg/85.0.564.51"
152.85.8.38 - - [24/Sep/2020:13:17:34 -0400] "GET /wp-content/uploads/2020/03/Multi-Function-UV-Disinfection-Portable-UV-Hand-Wand-Ultraviolet-Light-Kill-Bacteria-Germ-Disinfection-2.jpg HTTP/1.1" 404 670 "https://images.search.yahoo.com/search/images;_ylt=AwrExo4i1GxfrnoAW3KJzbkF;_ylu=c2VjA3NlYXJjaARzbGsDYnV0dG9u;_ylc=X1MDOTYwNjI4NTcEX3IDMgRhY3RuA2NsawRjc3JjcHZpZANIRUNBYkRFd0xqSnJpYXJ1WHFJWVBRaC5NVFV5TGdBQUFBQlg2R25RBGZyA3lmcC10LXMEZnIyA3NhLWdwBGdwcmlkA3BBbEJxSHhPUUQua3paSkVLbW5Vc0EEbl9zdWdnAzEEb3JpZ2luA2ltYWdlcy5zZWFyY2gueWFob28uY29tBHBvcwMwBHBxc3RyAwRwcXN0cmwDBHFzdHJsAzMzBHF1ZXJ5A3V2JTIwbGlnaHQlMjB0byUyMGtpbGwlMjBiYWN0ZXJpYQR0X3N0bXADMTYwMDk2NzczNQ--?p=uv+light+to+kill+bacteria&fr=yfp-t-s&fr2=sb-top-images.search&ei=UTF-8&n=60&x=wrt&vm=r" "Mozilla/5.0 (Windows NT 10.0; Win64; x64) AppleWebKit/537.36 (KHTML, like Gecko) Chrome/85.0.4183.102 Safari/537.36 Edg/85.0.564.51"
152.85.8.38 - - [24/Sep/2020:13:17:34 -0400] "GET /wp-content/uploads/2020/03/Multi-Function-UV-Disinfection-Portable-UV-Hand-Wand-Ultraviolet-Light-Kill-Bacteria-Germ-Disinfection-2.jpg HTTP/1.1" 404 670 "https://images.search.yahoo.com/search/images;_ylt=AwrExo4i1GxfrnoAW3KJzbkF;_ylu=c2VjA3NlYXJjaARzbGsDYnV0dG9u;_ylc=X1MDOTYwNjI4NTcEX3IDMgRhY3RuA2NsawRjc3JjcHZpZANIRUNBYkRFd0xqSnJpYXJ1WHFJWVBRaC5NVFV5TGdBQUFBQlg2R25RBGZyA3lmcC10LXMEZnIyA3NhLWdwBGdwcmlkA3BBbEJxSHhPUUQua3paSkVLbW5Vc0EEbl9zdWdnAzEEb3JpZ2luA2ltYWdlcy5zZWFyY2gueWFob28uY29tBHBvcwMwBHBxc3RyAwRwcXN0cmwDBHFzdHJsAzMzBHF1ZXJ5A3V2JTIwbGlnaHQlMjB0byUyMGtpbGwlMjBiYWN0ZXJpYQR0X3N0bXADMTYwMDk2NzczNQ--?p=uv+light+to+kill+bacteria&fr=yfp-t-s&fr2=sb-top-images.search&ei=UTF-8&n=60&x=wrt&vm=r" "Mozilla/5.0 (Windows NT 10.0; Win64; x64) AppleWebKit/537.36 (KHTML, like Gecko) Chrome/85.0.4183.102 Safari/537.36 Edg/85.0.564.51"
152.85.8.38 - - [24/Sep/2020:13:17:34 -0400] "GET /wp-content/uploads/2020/03/Multi-Function-UV-Disinfection-Portable-UV-Hand-Wand-Ultraviolet-Light-Kill-Bacteria-Germ-Disinfection-2.jpg HTTP/1.1" 404 670 "https://images.search.yahoo.com/search/images;_ylt=AwrExo4i1GxfrnoAW3KJzbkF;_ylu=c2VjA3NlYXJjaARzbGsDYnV0dG9u;_ylc=X1MDOTYwNjI4NTcEX3IDMgRhY3RuA2NsawRjc3JjcHZpZANIRUNBYkRFd0xqSnJpYXJ1WHFJWVBRaC5NVFV5TGdBQUFBQlg2R25RBGZyA3lmcC10LXMEZnIyA3NhLWdwBGdwcmlkA3BBbEJxSHhPUUQua3paSkVLbW5Vc0EEbl9zdWdnAzEEb3JpZ2luA2ltYWdlcy5zZWFyY2gueWFob28uY29tBHBvcwMwBHBxc3RyAwRwcXN0cmwDBHFzdHJsAzMzBHF1ZXJ5A3V2JTIwbGlnaHQlMjB0byUyMGtpbGwlMjBiYWN0ZXJpYQR0X3N0bXADMTYwMDk2NzczNQ--?p=uv+light+to+kill+bacteria&fr=yfp-t-s&fr2=sb-top-images.search&ei=UTF-8&n=60&x=wrt&vm=r" "Mozilla/5.0 (Windows NT 10.0; Win64; x64) AppleWebKit/537.36 (KHTML, like Gecko) Chrome/85.0.4183.102 Safari/537.36 Edg/85.0.564.51"
152.85.8.38 - - [24/Sep/2020:13:17:43 -0400] "GET /wp-content/uploads/2020/03/Multi-Function-UV-Disinfection-Portable-UV-Hand-Wand-Ultraviolet-Light-Kill-Bacteria-Germ-Disinfection-1.jpg HTTP/1.1" 404 670 "https://images.search.yahoo.com/search/images;_ylt=AwrExo4i1GxfrnoAW3KJzbkF;_ylu=c2VjA3NlYXJjaARzbGsDYnV0dG9u;_ylc=X1MDOTYwNjI4NTcEX3IDMgRhY3RuA2NsawRjc3JjcHZpZANIRUNBYkRFd0xqSnJpYXJ1WHFJWVBRaC5NVFV5TGdBQUFBQlg2R25RBGZyA3lmcC10LXMEZnIyA3NhLWdwBGdwcmlkA3BBbEJxSHhPUUQua3paSkVLbW5Vc0EEbl9zdWdnAzEEb3JpZ2luA2ltYWdlcy5zZWFyY2gueWFob28uY29tBHBvcwMwBHBxc3RyAwRwcXN0cmwDBHFzdHJsAzMzBHF1ZXJ5A3V2JTIwbGlnaHQlMjB0byUyMGtpbGwlMjBiYWN0ZXJpYQR0X3N0bXADMTYwMDk2NzczNQ--?p=uv+light+to+kill+bacteria&fr=yfp-t-s&fr2=sb-top-images.search&ei=UTF-8&n=60&x=wrt&vm=r" "Mozilla/5.0 (Windows NT 10.0; Win64; x64) AppleWebKit/537.36 (KHTML, like Gecko) Chrome/85.0.4183.102 Safari/537.36 Edg/85.0.564.51"
152.85.8.38 - - [24/Sep/2020:13:17:58 -0400] "GET /wp-content/uploads/2020/03/Multi-Function-UV-Disinfection-Portable-UV-Hand-Wand-Ultraviolet-Light-Kill-Bacteria-Germ-Disinfection-1.jpg HTTP/1.1" 404 670 "https://images.search.yahoo.com/search/images;_ylt=AwrExo4i1GxfrnoAW3KJzbkF;_ylu=c2VjA3NlYXJjaARzbGsDYnV0dG9u;_ylc=X1MDOTYwNjI4NTcEX3IDMgRhY3RuA2NsawRjc3JjcHZpZANIRUNBYkRFd0xqSnJpYXJ1WHFJWVBRaC5NVFV5TGdBQUFBQlg2R25RBGZyA3lmcC10LXMEZnIyA3NhLWdwBGdwcmlkA3BBbEJxSHhPUUQua3paSkVLbW5Vc0EEbl9zdWdnAzEEb3JpZ2luA2ltYWdlcy5zZWFyY2gueWFob28uY29tBHBvcwMwBHBxc3RyAwRwcXN0cmwDBHFzdHJsAzMzBHF1ZXJ5A3V2JTIwbGlnaHQlMjB0byUyMGtpbGwlMjBiYWN0ZXJpYQR0X3N0bXADMTYwMDk2NzczNQ--?p=uv+light+to+kill+bacteria&fr=yfp-t-s&fr2=sb-top-images.search&ei=UTF-8&n=60&x=wrt&vm=r" "Mozilla/5.0 (Windows NT 10.0; Win64; x64) AppleWebKit/537.36 (KHTML, like Gecko) Chrome/85.0.4183.102 Safari/537.36 Edg/85.0.564.51"
152.85.8.38 - - [24/Sep/2020:13:17:58 -0400] "GET /wp-content/uploads/2020/03/Multi-Function-UV-Disinfection-Portable-UV-Hand-Wand-Ultraviolet-Light-Kill-Bacteria-Germ-Disinfection-1.jpg HTTP/1.1" 404 670 "https://images.search.yahoo.com/search/images;_ylt=AwrExo4i1GxfrnoAW3KJzbkF;_ylu=c2VjA3NlYXJjaARzbGsDYnV0dG9u;_ylc=X1MDOTYwNjI4NTcEX3IDMgRhY3RuA2NsawRjc3JjcHZpZANIRUNBYkRFd0xqSnJpYXJ1WHFJWVBRaC5NVFV5TGdBQUFBQlg2R25RBGZyA3lmcC10LXMEZnIyA3NhLWdwBGdwcmlkA3BBbEJxSHhPUUQua3paSkVLbW5Vc0EEbl9zdWdnAzEEb3JpZ2luA2ltYWdlcy5zZWFyY2gueWFob28uY29tBHBvcwMwBHBxc3RyAwRwcXN0cmwDBHFzdHJsAzMzBHF1ZXJ5A3V2JTIwbGlnaHQlMjB0byUyMGtpbGwlMjBiYWN0ZXJpYQR0X3N0bXADMTYwMDk2NzczNQ--?p=uv+light+to+kill+bacteria&fr=yfp-t-s&fr2=sb-top-images.search&ei=UTF-8&n=60&x=wrt&vm=r" "Mozilla/5.0 (Windows NT 10.0; Win64; x64) AppleWebKit/537.36 (KHTML, like Gecko) Chrome/85.0.4183.102 Safari/537.36 Edg/85.0.564.51"
152.85.8.38 - - [24/Sep/2020:13:17:59 -0400] "GET /wp-content/uploads/2020/03/Multi-Function-UV-Disinfection-Portable-UV-Hand-Wand-Ultraviolet-Light-Kill-Bacteria-Germ-Disinfection-1.jpg HTTP/1.1" 404 670 "https://images.search.yahoo.com/search/images;_ylt=AwrExo4i1GxfrnoAW3KJzbkF;_ylu=c2VjA3NlYXJjaARzbGsDYnV0dG9u;_ylc=X1MDOTYwNjI4NTcEX3IDMgRhY3RuA2NsawRjc3JjcHZpZANIRUNBYkRFd0xqSnJpYXJ1WHFJWVBRaC5NVFV5TGdBQUFBQlg2R25RBGZyA3lmcC10LXMEZnIyA3NhLWdwBGdwcmlkA3BBbEJxSHhPUUQua3paSkVLbW5Vc0EEbl9zdWdnAzEEb3JpZ2luA2ltYWdlcy5zZWFyY2gueWFob28uY29tBHBvcwMwBHBxc3RyAwRwcXN0cmwDBHFzdHJsAzMzBHF1ZXJ5A3V2JTIwbGlnaHQlMjB0byUyMGtpbGwlMjBiYWN0ZXJpYQR0X3N0bXADMTYwMDk2NzczNQ--?p=uv+light+to+kill+bacteria&fr=yfp-t-s&fr2=sb-top-images.search&ei=UTF-8&n=60&x=wrt&vm=r" "Mozilla/5.0 (Windows NT 10.0; Win64; x64) AppleWebKit/537.36 (KHTML, like Gecko) Chrome/85.0.4183.102 Safari/537.36 Edg/85.0.564.51"
40.77.167.217 - - [24/Sep/2020:14:23:02 -0400] "GET /product/55ml-travel-portable-hand-sanitizer-gel-anti-bacteria-moisturizing-liquid-disposable-no-clean-waterless-antibacterial-hand-gel/ HTTP/1.1" 404 3792 "-" "Mozilla/5.0 (compatible; bingbot/2.0; +http://www.bing.com/bingbot.htm)"
66.249.66.158 - - [24/Sep/2020:14:25:05 -0400] "GET /wp-login.php?redirect_to=https%3A%2F%2Fparanoidmicrobiology.com%2Fproduct%2Fe27-uv-bactericidal-lamp-led-220v-e14-uvc-germicidal-light-led-gu10-disinfection-kill-germs-mite-light-bulb-led-ozone-lampada%2F HTTP/1.1" 404 4260 "-" "Mozilla/5.0 (compatible; Googlebot/2.1; +http://www.google.com/bot.html)"
66.249.66.158 - - [24/Sep/2020:14:26:04 -0400] "GET /wp-login.php?redirect_to=https%3A%2F%2Fparanoidmicrobiology.com%2Fproduct%2F500ml-portable-hydrogen-generator-water-filter-ionizer-pure-h2-pem-rich-hydrogen-alkaline-bottle-electrolysis-drink-hydrogen%2F HTTP/1.1" 404 4260 "-" "Mozilla/5.0 (compatible; Googlebot/2.1; +http://www.google.com/bot.html)"
66.249.66.158 - - [24/Sep/2020:14:26:24 -0400] "GET /product/30ml-cartoon-animal-rabbit-fox-cat-travel-portable-mini-hand-sanitizer-disposable-no-clean-waterless-fresh-scented-gel-shampoo-c/feed/ HTTP/1.1" 404 4260 "-" "Mozilla/5.0 (compatible; Googlebot/2.1; +http://www.google.com/bot.html)"
66.249.66.159 - - [24/Sep/2020:14:28:22 -0400] "GET /wp-login.php?redirect_to=https%3A%2F%2Fparanoidmicrobiology.com%2Fproduct%2Fnail-fungus-treatment-pen-nail-paronychia-antifungal-infection-cuticle-remover-liquid-nail-growth-skin-herbal-care-liquid-tslm1%2F HTTP/1.1" 404 4260 "-" "Mozilla/5.0 (compatible; Googlebot/2.1; +http://www.google.com/bot.html)"
66.249.66.157 - - [24/Sep/2020:14:28:42 -0400] "GET /product/530ml-outdoor-cleansing-fluid-travel-portable-mini-hand-sanitizer-disposable-no-clean-waterless-scented-gel-leak-proof-new/feed/ HTTP/1.1" 404 4260 "-" "Mozilla/5.0 (compatible; Googlebot/2.1; +http://www.google.com/bot.html)"
66.249.66.158 - - [24/Sep/2020:14:29:41 -0400] "GET /wp-login.php?redirect_to=https%3A%2F%2Fparanoidmicrobiology.com%2Fproduct%2Fmulti-function-uv-disinfection-portable-uv-hand-wand-ultraviolet-light-kill-bacteria-germ-disinfection%2F HTTP/1.1" 404 4260 "-" "Mozilla/5.0 (compatible; Googlebot/2.1; +http://www.google.com/bot.html)"
66.249.66.157 - - [24/Sep/2020:14:30:40 -0400] "GET /wp-login.php?redirect_to=https%3A%2F%2Fparanoidmicrobiology.com%2Fproduct%2F100pcs-wear-resistant-durable-nitrile-disposable-gloves-rubber-latex-food-medical-household-cleaning-gloves-anti-static-pink%2F HTTP/1.1" 404 4260 "-" "Mozilla/5.0 (compatible; Googlebot/2.1; +http://www.google.com/bot.html)"
66.249.66.157 - - [24/Sep/2020:14:30:58 -0400] "GET /product/100pcs-disposable-alcohol-pads-alcohol-wipes-sterilization-nail-cleaning-first-aid-antibacterial-cleanser-household-health-1/ HTTP/1.1" 404 4260 "-" "Mozilla/5.0 (Linux; Android 6.0.1; Nexus 5X Build/MMB29P) AppleWebKit/537.36 (KHTML, like Gecko) Chrome/85.0.4183.118 Mobile Safari/537.36 (compatible; Googlebot/2.1; +http://www.google.com/bot.html)"
66.249.66.157 - - [24/Sep/2020:14:31:19 -0400] "GET /wp-login.php?redirect_to=https%3A%2F%2Fparanoidmicrobiology.com%2Fproduct%2F8w-15w-20w-disinfect-ozone-ultraviolet-lamp-253-7nm-bactericidal-sterilizer-uvc-light-t5-t8-germicidal-mite-tube-hospital-home%2F HTTP/1.1" 404 4260 "-" "Mozilla/5.0 (compatible; Googlebot/2.1; +http://www.google.com/bot.html)"
66.249.66.159 - - [24/Sep/2020:14:35:16 -0400] "GET /product/multi-function-uv-disinfection-portable-uv-hand-wand-ultraviolet-light-kill-bacteria-germ-disinfection/feed/ HTTP/1.1" 404 4260 "-" "Mozilla/5.0 (compatible; Googlebot/2.1; +http://www.google.com/bot.html)"
207.46.13.90 - - [24/Sep/2020:14:36:08 -0400] "GET / HTTP/1.1" 404 3792 "-" "Mozilla/5.0 (compatible; bingbot/2.0; +http://www.bing.com/bingbot.htm)"
66.249.66.159 - - [24/Sep/2020:14:41:01 -0400] "GET /product/55ml-travel-portable-hand-sanitizer-gel-anti-bacteria-moisturizing-liquid-disposable-no-clean-waterless-antibacterial-hand-gel/ HTTP/1.1" 404 4260 "-" "Mozilla/5.0 (Linux; Android 6.0.1; Nexus 5X Build/MMB29P) AppleWebKit/537.36 (KHTML, like Gecko) Chrome/85.0.4183.118 Mobile Safari/537.36 (compatible; Googlebot/2.1; +http://www.google.com/bot.html)"
193.106.30.99 - - [24/Sep/2020:14:47:06 -0400] "POST /wp-content/plugins/500.php HTTP/1.1" 404 4260 "-" "Mozilla/5.0 (Macintosh; Intel Mac OS X 10.14; rv:68.0) Gecko/20100101 Firefox/68.0"
66.249.66.159 - - [24/Sep/2020:14:50:56 -0400] "GET /product/100pcs-disposable-protective-hand-protection-nitrile-gloves-gardening-puncture-resistant-work-safety-glove-disposable-protective/ HTTP/1.1" 404 4260 "-" "Mozilla/5.0 (Linux; Android 6.0.1; Nexus 5X Build/MMB29P) AppleWebKit/537.36 (KHTML, like Gecko) Chrome/85.0.4183.118 Mobile Safari/537.36 (compatible; Googlebot/2.1; +http://www.google.com/bot.html)"
185.191.171.35 - - [24/Sep/2020:15:59:52 -0400] "GET /robots.txt HTTP/1.1" 404 4223 "-" "Mozilla/5.0 (compatible; SemrushBot/6~bl; +http://www.semrush.com/bot.html)"
185.191.171.26 - - [24/Sep/2020:15:59:52 -0400] "GET /wp-login.php?redirect_to=https%3A%2F%2Fparanoidmicrobiology.com%2Fproduct%2Fusb-mini-wearable-neck-negative-ion-generator-air-purifier-personal-air-purifier-germs-odors-dust-mold-allergens-removal-2%2F HTTP/1.1" 404 4223 "-" "Mozilla/5.0 (compatible; SemrushBot/6~bl; +http://www.semrush.com/bot.html)"
157.55.39.198 - - [24/Sep/2020:16:23:52 -0400] "GET /product/75-degree-alcohol-medical-disinfectant-75-ethanol-excellent-disinfection-liquid-disposable-hands-alcohol-spray-1-piece/?rating=5 HTTP/1.1" 404 3792 "-" "Mozilla/5.0 (compatible; bingbot/2.0; +http://www.bing.com/bingbot.htm)"
207.46.13.90 - - [24/Sep/2020:16:32:41 -0400] "GET / HTTP/1.1" 404 3792 "-" "Mozilla/5.0 (compatible; bingbot/2.0; +http://www.bing.com/bingbot.htm)"
66.249.66.146 - - [24/Sep/2020:17:10:12 -0400] "GET /product/gas-mask-respirator-filter-box-filters-safety-protective-mask-anti-dust-mask-industrial-refine-mine-spray-silica-gel-mask/feed/ HTTP/1.1" 404 4260 "-" "Mozilla/5.0 (compatible; Googlebot/2.1; +http://www.google.com/bot.html)"
207.46.13.81 - - [24/Sep/2020:17:14:13 -0400] "GET /wp-content/uploads/2020/03/Disposable-Alcohol-Wipes-Sterilization-Portable-Wipes-Antibacterial-Cleaning-Skin-Cleaning-Care-5.jpg HTTP/1.1" 404 3792 "-" "Mozilla/5.0 (compatible; bingbot/2.0; +http://www.bing.com/bingbot.htm)"
157.55.39.198 - - [24/Sep/2020:17:17:41 -0400] "GET /wp-content/uploads/2020/03/Small-Portable-Personal-Air-Purifier-Wearable-Around-the-Neck-Negative-Ion-Generator-Filters-Germs-Odors-Dust-5.jpg HTTP/1.1" 404 3792 "-" "Mozilla/5.0 (compatible; bingbot/2.0; +http://www.bing.com/bingbot.htm)"
193.106.30.99 - - [24/Sep/2020:17:32:07 -0400] "POST /wp-includes/images/media/rss.php HTTP/1.1" 404 4260 "-" "Mozilla/5.0 (Windows NT 10.0; Win64; x64; rv:66.0) Gecko/20100101 Firefox/66.0"
207.46.13.81 - - [24/Sep/2020:17:35:54 -0400] "GET /wp-content/uploads/2020/03/60ml-Antibacterial-Disinfection-Spray-Alcohol-free-Disposable-Hand-Sterilizer-Germicidal-Spray-Home-Disinfection-Clean-Wormwood-1.jpg HTTP/1.1" 404 3792 "-" "Mozilla/5.0 (compatible; bingbot/2.0; +http://www.bing.com/bingbot.htm)"
157.55.39.234 - - [24/Sep/2020:17:54:17 -0400] "GET /wp-content/uploads/2020/03/5-30ml-Outdoor-Cleansing-Fluid-Travel-Portable-Mini-Hand-Sanitizer-Disposable-No-Clean-Waterless-Scented-Gel-5.jpg HTTP/1.1" 404 3792 "-" "Mozilla/5.0 (compatible; bingbot/2.0; +http://www.bing.com/bingbot.htm)"
66.249.66.148 - - [24/Sep/2020:18:16:28 -0400] "GET /robots.txt HTTP/1.1" 404 4260 "-" "Mozilla/5.0 (compatible; Googlebot/2.1; +http://www.google.com/bot.html)"
66.249.66.146 - - [24/Sep/2020:18:16:28 -0400] "GET /product/3pcs-set-face-mask-anti-pm2-5-dustproof-smoke-pollution-mask-with-earloop-a-washable-respirator-mask-made-for-men-women-kids/feed/ HTTP/1.1" 404 4260 "-" "Mozilla/5.0 (compatible; Googlebot/2.1; +http://www.google.com/bot.html)"
