66.249.66.146 - - [28/Sep/2020:00:00:39 -0400] "GET /product/handheld-uv-sterilization-lamp-portable-disinfection-light-mini-sanitizer-for-home-office-travel-kill-virus-germ-household/feed/ HTTP/1.1" 404 4260 "-" "Mozilla/5.0 (compatible; Googlebot/2.1; +http://www.google.com/bot.html)"
66.249.66.150 - - [28/Sep/2020:00:34:39 -0400] "GET /product-category/purifiers/?product-page=1 HTTP/1.1" 404 4260 "-" "Mozilla/5.0 (Linux; Android 6.0.1; Nexus 5X Build/MMB29P) AppleWebKit/537.36 (KHTML, like Gecko) Chrome/85.0.4183.118 Mobile Safari/537.36 (compatible; Googlebot/2.1; +http://www.google.com/bot.html)"
180.244.235.204 - - [28/Sep/2020:00:58:20 -0400] "GET /wp-content/uploads/2020/03/Chemical-mask-6800-7suits-6001-Gas-Mask-acid-dust-Respirator-Paint-Pesticide-Spray-Silicone-filter-Laboratory-23.jpg HTTP/1.1" 404 4307 "https://www.bing.com/" "Mozilla/5.0 (Windows NT 10.0; Win64; x64) AppleWebKit/537.36 (KHTML, like Gecko) Chrome/85.0.4183.102 Safari/537.36 Edg/85.0.564.51"
180.244.235.204 - - [28/Sep/2020:01:01:45 -0400] "GET /wp-content/uploads/2020/03/Chemical-mask-6800-7suits-6001-Gas-Mask-acid-dust-Respirator-Paint-Pesticide-Spray-Silicone-filter-Laboratory-23.jpg HTTP/1.1" 404 1101 "https://www.bing.com/" "Mozilla/5.0 (Windows NT 10.0; Win64; x64) AppleWebKit/537.36 (KHTML, like Gecko) Chrome/85.0.4183.102 Safari/537.36 Edg/85.0.564.51"
180.244.235.204 - - [28/Sep/2020:01:01:45 -0400] "GET /wp-content/uploads/2020/03/Chemical-mask-6800-7suits-6001-Gas-Mask-acid-dust-Respirator-Paint-Pesticide-Spray-Silicone-filter-Laboratory-14.jpg HTTP/1.1" 404 1101 "https://www.bing.com/" "Mozilla/5.0 (Windows NT 10.0; Win64; x64) AppleWebKit/537.36 (KHTML, like Gecko) Chrome/85.0.4183.102 Safari/537.36 Edg/85.0.564.51"
157.55.39.137 - - [28/Sep/2020:01:05:32 -0400] "GET /product/10-50pcs-disposable-face-mask-3-layer-non-woven-prevent-droplet-mask-anti-dust-bacterial-breathable-face-mouth-cover/ HTTP/1.1" 404 3792 "-" "Mozilla/5.0 (compatible; bingbot/2.0; +http://www.bing.com/bingbot.htm)"
66.249.66.150 - - [28/Sep/2020:01:45:00 -0400] "GET /product-category/ventilators-and-masks/ HTTP/1.1" 404 4260 "-" "Mozilla/5.0 (Linux; Android 6.0.1; Nexus 5X Build/MMB29P) AppleWebKit/537.36 (KHTML, like Gecko) Chrome/85.0.4183.118 Mobile Safari/537.36 (compatible; Googlebot/2.1; +http://www.google.com/bot.html)"
66.249.66.150 - - [28/Sep/2020:01:50:21 -0400] "GET /wp-content/themes/gridmag/style.css HTTP/1.1" 404 4260 "https://paranoidmicrobiology.com/product-category/purifiers/" "Mozilla/5.0 AppleWebKit/537.36 (KHTML, like Gecko; compatible; Googlebot/2.1; +http://www.google.com/bot.html) Chrome/85.0.4183.122 Safari/537.36"
66.249.66.150 - - [28/Sep/2020:01:50:22 -0400] "GET /wp-includes/js/jquery/jquery.js?ver=1.12.4-wp HTTP/1.1" 404 525 "https://paranoidmicrobiology.com/product-category/purifiers/" "Mozilla/5.0 AppleWebKit/537.36 (KHTML, like Gecko; compatible; Googlebot/2.1; +http://www.google.com/bot.html) Chrome/85.0.4183.122 Safari/537.36"
66.249.66.150 - - [28/Sep/2020:01:50:22 -0400] "GET /wp-content/plugins/social-share-with-floating-bar/assets/css/frontend.min.css?ver=1.0.0 HTTP/1.1" 404 525 "https://paranoidmicrobiology.com/product-category/purifiers/" "Mozilla/5.0 AppleWebKit/537.36 (KHTML, like Gecko; compatible; Googlebot/2.1; +http://www.google.com/bot.html) Chrome/85.0.4183.122 Safari/537.36"
66.249.66.150 - - [28/Sep/2020:01:50:22 -0400] "GET /wp-includes/js/jquery/jquery-migrate.min.js?ver=1.4.1 HTTP/1.1" 404 525 "https://paranoidmicrobiology.com/product-category/purifiers/" "Mozilla/5.0 AppleWebKit/537.36 (KHTML, like Gecko; compatible; Googlebot/2.1; +http://www.google.com/bot.html) Chrome/85.0.4183.122 Safari/537.36"
66.249.66.146 - - [28/Sep/2020:01:50:23 -0400] "GET /wp-content/plugins/google-analytics-for-wordpress/assets/js/frontend.min.js?ver=7.12.2 HTTP/1.1" 404 4260 "https://paranoidmicrobiology.com/product-category/purifiers/" "Mozilla/5.0 AppleWebKit/537.36 (KHTML, like Gecko; compatible; Googlebot/2.1; +http://www.google.com/bot.html) Chrome/85.0.4183.122 Safari/537.36"
66.249.66.150 - - [28/Sep/2020:01:50:23 -0400] "GET /wp-includes/js/jquery/jquery.js?ver=1.12.4-wp HTTP/1.1" 404 525 "https://paranoidmicrobiology.com/product-category/purifiers/" "Mozilla/5.0 AppleWebKit/537.36 (KHTML, like Gecko; compatible; Googlebot/2.1; +http://www.google.com/bot.html) Chrome/85.0.4183.122 Safari/537.36"
66.249.66.146 - - [28/Sep/2020:01:50:24 -0400] "GET /wp-content/plugins/social-share-with-floating-bar/assets/css/frontend.min.css?ver=1.0.0 HTTP/1.1" 404 525 "https://paranoidmicrobiology.com/product-category/purifiers/" "Mozilla/5.0 AppleWebKit/537.36 (KHTML, like Gecko; compatible; Googlebot/2.1; +http://www.google.com/bot.html) Chrome/85.0.4183.122 Safari/537.36"
66.249.66.146 - - [28/Sep/2020:01:50:24 -0400] "GET /wp-content/plugins/woocommerce/assets/js/jquery-blockui/jquery.blockUI.min.js?ver=2.70 HTTP/1.1" 404 525 "https://paranoidmicrobiology.com/product-category/purifiers/" "Mozilla/5.0 AppleWebKit/537.36 (KHTML, like Gecko; compatible; Googlebot/2.1; +http://www.google.com/bot.html) Chrome/85.0.4183.122 Safari/537.36"
66.249.66.146 - - [28/Sep/2020:01:50:25 -0400] "GET /wp-content/plugins/woocommerce/assets/js/js-cookie/js.cookie.min.js?ver=2.1.4 HTTP/1.1" 404 525 "https://paranoidmicrobiology.com/product-category/purifiers/" "Mozilla/5.0 AppleWebKit/537.36 (KHTML, like Gecko; compatible; Googlebot/2.1; +http://www.google.com/bot.html) Chrome/85.0.4183.122 Safari/537.36"
66.249.66.146 - - [28/Sep/2020:01:50:25 -0400] "GET /wp-content/themes/gridmag/assets/js/jquery.fitvids.min.js HTTP/1.1" 404 525 "https://paranoidmicrobiology.com/product-category/purifiers/" "Mozilla/5.0 AppleWebKit/537.36 (KHTML, like Gecko; compatible; Googlebot/2.1; +http://www.google.com/bot.html) Chrome/85.0.4183.122 Safari/537.36"
66.249.66.146 - - [28/Sep/2020:01:50:26 -0400] "GET /wp-content/themes/gridmag/assets/js/ResizeSensor.min.js HTTP/1.1" 404 525 "https://paranoidmicrobiology.com/product-category/purifiers/" "Mozilla/5.0 AppleWebKit/537.36 (KHTML, like Gecko; compatible; Googlebot/2.1; +http://www.google.com/bot.html) Chrome/85.0.4183.122 Safari/537.36"
66.249.66.148 - - [28/Sep/2020:01:50:26 -0400] "GET /wp-content/themes/gridmag/assets/js/jquery.fitvids.min.js HTTP/1.1" 404 4260 "https://paranoidmicrobiology.com/product-category/purifiers/" "Mozilla/5.0 AppleWebKit/537.36 (KHTML, like Gecko; compatible; Googlebot/2.1; +http://www.google.com/bot.html) Chrome/85.0.4183.122 Safari/537.36"
66.249.66.148 - - [28/Sep/2020:01:50:27 -0400] "GET /wp-content/themes/gridmag/assets/js/ResizeSensor.min.js HTTP/1.1" 404 525 "https://paranoidmicrobiology.com/product-category/purifiers/" "Mozilla/5.0 AppleWebKit/537.36 (KHTML, like Gecko; compatible; Googlebot/2.1; +http://www.google.com/bot.html) Chrome/85.0.4183.122 Safari/537.36"
66.249.66.146 - - [28/Sep/2020:01:50:27 -0400] "GET /wp-content/themes/gridmag/assets/js/theia-sticky-sidebar.min.js HTTP/1.1" 404 525 "https://paranoidmicrobiology.com/product-category/purifiers/" "Mozilla/5.0 AppleWebKit/537.36 (KHTML, like Gecko; compatible; Googlebot/2.1; +http://www.google.com/bot.html) Chrome/85.0.4183.122 Safari/537.36"
66.249.66.148 - - [28/Sep/2020:01:50:28 -0400] "GET /wp-content/themes/gridmag/assets/js/navigation.js HTTP/1.1" 404 525 "https://paranoidmicrobiology.com/product-category/purifiers/" "Mozilla/5.0 AppleWebKit/537.36 (KHTML, like Gecko; compatible; Googlebot/2.1; +http://www.google.com/bot.html) Chrome/85.0.4183.122 Safari/537.36"
66.249.66.148 - - [28/Sep/2020:01:50:28 -0400] "GET /wp-content/themes/gridmag/assets/js/skip-link-focus-fix.js HTTP/1.1" 404 525 "https://paranoidmicrobiology.com/product-category/purifiers/" "Mozilla/5.0 AppleWebKit/537.36 (KHTML, like Gecko; compatible; Googlebot/2.1; +http://www.google.com/bot.html) Chrome/85.0.4183.122 Safari/537.36"
66.249.66.148 - - [28/Sep/2020:01:50:29 -0400] "GET /wp-includes/js/imagesloaded.min.js?ver=3.2.0 HTTP/1.1" 404 525 "https://paranoidmicrobiology.com/product-category/purifiers/" "Mozilla/5.0 AppleWebKit/537.36 (KHTML, like Gecko; compatible; Googlebot/2.1; +http://www.google.com/bot.html) Chrome/85.0.4183.122 Safari/537.36"
66.249.66.146 - - [28/Sep/2020:01:50:29 -0400] "GET /wp-includes/js/masonry.min.js?ver=3.3.2 HTTP/1.1" 404 525 "https://paranoidmicrobiology.com/product-category/purifiers/" "Mozilla/5.0 AppleWebKit/537.36 (KHTML, like Gecko; compatible; Googlebot/2.1; +http://www.google.com/bot.html) Chrome/85.0.4183.122 Safari/537.36"
66.249.66.146 - - [28/Sep/2020:01:50:30 -0400] "GET /wp-content/themes/gridmag/assets/js/custom.js HTTP/1.1" 404 525 "https://paranoidmicrobiology.com/product-category/purifiers/" "Mozilla/5.0 AppleWebKit/537.36 (KHTML, like Gecko; compatible; Googlebot/2.1; +http://www.google.com/bot.html) Chrome/85.0.4183.122 Safari/537.36"
207.46.13.148 - - [28/Sep/2020:01:58:47 -0400] "GET /product/10pcs-set-mouth-mask-disposable-black-cotton-mouth-face-mask-mask-anti-dust-mask-earloop-activated-black-mask/ HTTP/1.1" 404 3792 "-" "Mozilla/5.0 (compatible; bingbot/2.0; +http://www.bing.com/bingbot.htm)"
52.42.186.194 - - [28/Sep/2020:02:18:11 -0400] "GET / HTTP/1.1" 301 564 "-" "Mozilla/5.0 (Macintosh; Intel Mac OS X 10_10_5) AppleWebKit/537.36 (KHTML, like Gecko) Chrome/52.0.2743.116 Safari/537.36"
52.42.186.194 - - [28/Sep/2020:02:18:12 -0400] "GET / HTTP/1.1" 404 3735 "-" "Mozilla/5.0 (Macintosh; Intel Mac OS X 10_10_5) AppleWebKit/537.36 (KHTML, like Gecko) Chrome/52.0.2743.116 Safari/537.36"
185.191.171.23 - - [28/Sep/2020:03:03:06 -0400] "GET /robots.txt HTTP/1.1" 404 4223 "-" "Mozilla/5.0 (compatible; SemrushBot/6~bl; +http://www.semrush.com/bot.html)"
185.191.171.8 - - [28/Sep/2020:03:03:07 -0400] "GET /product/home-air-purifier-with-true-hepa-filter-for-allergies-and-petssmokemoldgerms-and-dust-odor-eliminatordesktop-air-cleaner/ HTTP/1.1" 404 4223 "-" "Mozilla/5.0 (compatible; SemrushBot/6~bl; +http://www.semrush.com/bot.html)"
157.55.39.1 - - [28/Sep/2020:03:11:19 -0400] "GET /robots.txt HTTP/1.1" 404 3750 "-" "Mozilla/5.0 (compatible; bingbot/2.0; +http://www.bing.com/bingbot.htm)"
157.55.39.1 - - [28/Sep/2020:03:11:20 -0400] "GET /robots.txt HTTP/1.1" 404 3792 "-" "Mozilla/5.0 (compatible; bingbot/2.0; +http://www.bing.com/bingbot.htm)"
157.55.39.94 - - [28/Sep/2020:03:11:22 -0400] "GET /product/8w-15w-20w-disinfect-ozone-ultraviolet-lamp-253-7nm-bactericidal-sterilizer-uvc-light-t5-t8-germicidal-mite-tube-hospital-home/ HTTP/1.1" 404 3792 "-" "Mozilla/5.0 (compatible; bingbot/2.0; +http://www.bing.com/bingbot.htm)"
157.55.39.137 - - [28/Sep/2020:03:11:32 -0400] "GET /product/disposable-alcohol-wipes-sterilization-portable-wipes-antibacterial-cleaning-skin-cleaning-care/ HTTP/1.1" 404 3792 "-" "Mozilla/5.0 (compatible; bingbot/2.0; +http://www.bing.com/bingbot.htm)"
185.191.171.19 - - [28/Sep/2020:04:23:15 -0400] "GET /robots.txt HTTP/1.1" 404 4223 "-" "Mozilla/5.0 (compatible; SemrushBot/6~bl; +http://www.semrush.com/bot.html)"
185.191.171.23 - - [28/Sep/2020:04:23:15 -0400] "GET /wp-login.php?redirect_to=https%3A%2F%2Fparanoidmicrobiology.com%2Fproduct%2Fcute-bear-ear-protective-kids-mouth-mask-windproof-mouth-muffle-anti-dust-winter-masks-children-anti-haze-flu-cotton-face-masks%2F HTTP/1.1" 404 4223 "-" "Mozilla/5.0 (compatible; SemrushBot/6~bl; +http://www.semrush.com/bot.html)"
52.184.183.208 - - [28/Sep/2020:04:35:45 -0400] "GET /wp-content/plugins/ioptimization/IOptimize.php?rchk HTTP/1.1" 301 703 "www.google.com" "Mozlila/5.0 (Linux; Android 7.0; SM-G892A Bulid/NRD90M; wv) AppleWebKit/537.36 (KHTML, like Gecko) Version/4.0 Chrome/60.0.3112.107 Moblie Safari/537.36"
52.184.183.208 - - [28/Sep/2020:04:36:00 -0400] "GET /wp-content/plugins/ioptimization/IOptimize.php?rchk HTTP/1.1" 404 3821 "www.google.com" "Mozlila/5.0 (Linux; Android 7.0; SM-G892A Bulid/NRD90M; wv) AppleWebKit/537.36 (KHTML, like Gecko) Version/4.0 Chrome/60.0.3112.107 Moblie Safari/537.36"
66.249.66.146 - - [28/Sep/2020:04:36:21 -0400] "GET /product-category/disinfectant-lights/ HTTP/1.1" 404 4260 "-" "Mozilla/5.0 (Linux; Android 6.0.1; Nexus 5X Build/MMB29P) AppleWebKit/537.36 (KHTML, like Gecko) Chrome/85.0.4183.118 Mobile Safari/537.36 (compatible; Googlebot/2.1; +http://www.google.com/bot.html)"
157.55.39.16 - - [28/Sep/2020:04:47:43 -0400] "GET /robots.txt HTTP/1.1" 404 3750 "-" "Mozilla/5.0 (compatible; bingbot/2.0; +http://www.bing.com/bingbot.htm)"
157.55.39.16 - - [28/Sep/2020:04:47:43 -0400] "GET /robots.txt HTTP/1.1" 404 3792 "-" "Mozilla/5.0 (compatible; bingbot/2.0; +http://www.bing.com/bingbot.htm)"
157.55.39.9 - - [28/Sep/2020:04:48:07 -0400] "GET /category/uncategorized/ HTTP/1.1" 404 3792 "-" "Mozilla/5.0 (compatible; bingbot/2.0; +http://www.bing.com/bingbot.htm)"
185.191.171.6 - - [28/Sep/2020:04:52:42 -0400] "GET /wp-login.php?redirect_to=https%3A%2F%2Fparanoidmicrobiology.com%2Fproduct%2F100pcs-disposable-nitrile-latex-gloves-white-protective-gloves-household-cleaning-products-flexible-anti-static-properties1%2F HTTP/1.1" 404 4223 "-" "Mozilla/5.0 (compatible; SemrushBot/6~bl; +http://www.semrush.com/bot.html)"
112.126.86.189 - - [28/Sep/2020:05:20:58 -0400] "GET /css/album.css HTTP/1.1" 301 627 "-" "Mozilla/5.0 (Windows NT 10.0; WOW64; rv:48.0) Gecko/20100101 Firefox/48.0"
112.126.86.189 - - [28/Sep/2020:05:21:00 -0400] "GET /css/album.css HTTP/1.1" 404 4260 "-" "Mozilla/5.0 (Windows NT 10.0; WOW64; rv:48.0) Gecko/20100101 Firefox/48.0"
66.249.66.148 - - [28/Sep/2020:05:26:52 -0400] "GET /product-category/gloves/ HTTP/1.1" 404 4260 "-" "Mozilla/5.0 (Linux; Android 6.0.1; Nexus 5X Build/MMB29P) AppleWebKit/537.36 (KHTML, like Gecko) Chrome/85.0.4183.118 Mobile Safari/537.36 (compatible; Googlebot/2.1; +http://www.google.com/bot.html)"
207.46.13.233 - - [28/Sep/2020:05:27:40 -0400] "GET /wp-content/uploads/2020/03/US-STOCK-20pcs-Standard-NIOSH-N95-Face-Masks-Anti-fog-Haze-Dust-proof-Face-Masks-for.jpg HTTP/1.1" 404 3792 "-" "Mozilla/5.0 (compatible; adidxbot/2.0; +http://www.bing.com/bingbot.htm)"
195.194.166.61 - - [28/Sep/2020:05:57:09 -0400] "GET /wp-content/uploads/2020/03/100ml-Portable-No-Wash-Disinfectant-Spray-Domestic-Skin-And-Cloth-Sterilization-Herbal-Formula-Disinfection-Spray.jpg HTTP/1.1" 404 3823 "https://www.bing.com/images/search?view=detailV2&ccid=dSS86RUE&id=F3F78CBCD5548F3BB906BDB4ABB73950452FB00E&thid=OIP.dSS86RUEOIdD1wBdlHqvswHaHO&mediaurl=https%3a%2f%2fcdn.shopify.com%2fs%2ffiles%2f1%2f0655%2f0921%2fproducts%2fimage_600x585.png%3fv%3d1588045207&exph=585&expw=600&q=sterlising+wipes+and+sprays&simid=608040942751319142&ck=41202B57782639BFAE98C065E74BC7ED&selectedIndex=9&FORM=IRPRST&mode=overlay" "Mozilla/5.0 (Windows NT 10.0; WOW64; Trident/7.0; rv:11.0) like Gecko"
195.194.166.61 - - [28/Sep/2020:05:57:15 -0400] "GET /wp-content/uploads/2020/03/100ml-Portable-No-Wash-Disinfectant-Spray-Domestic-Skin-And-Cloth-Sterilization-Herbal-Formula-Disinfection-Spray.jpg HTTP/1.1" 404 3823 "https://www.bing.com/images/search?view=detailV2&ccid=dSS86RUE&id=F3F78CBCD5548F3BB906BDB4ABB73950452FB00E&thid=OIP.dSS86RUEOIdD1wBdlHqvswHaHO&mediaurl=https%3a%2f%2fcdn.shopify.com%2fs%2ffiles%2f1%2f0655%2f0921%2fproducts%2fimage_600x585.png%3fv%3d1588045207&exph=585&expw=600&q=sterlising+wipes+and+sprays&simid=608040942751319142&ck=41202B57782639BFAE98C065E74BC7ED&selectedIndex=9&FORM=IRPRST&mode=overlay" "Mozilla/5.0 (Windows NT 10.0; WOW64; Trident/7.0; rv:11.0) like Gecko"
185.191.171.16 - - [28/Sep/2020:05:58:16 -0400] "GET /robots.txt HTTP/1.1" 404 4223 "-" "Mozilla/5.0 (compatible; SemrushBot/6~bl; +http://www.semrush.com/bot.html)"
185.191.171.35 - - [28/Sep/2020:05:58:16 -0400] "GET /wp-login.php?redirect_to=https%3A%2F%2Fparanoidmicrobiology.com%2Fproduct%2F3-ml-fungus-nail-treatment-pen-armor-paronychia-antifungal-nail-infection-herbal-layer-cuticle-care-solution-tslm2%2F HTTP/1.1" 404 4223 "-" "Mozilla/5.0 (compatible; SemrushBot/6~bl; +http://www.semrush.com/bot.html)"
185.191.171.5 - - [28/Sep/2020:06:51:13 -0400] "GET /wp-login.php?redirect_to=https%3A%2F%2Fparanoidmicrobiology.com%2Fproduct%2Fpm2-5-boy-girl-cotton-kid-smoke-mask-childrens-mouth-mask-face-mask-pollution-mask-filter-mask-with-10pcs-filters-new%2F HTTP/1.1" 404 4223 "-" "Mozilla/5.0 (compatible; SemrushBot/6~bl; +http://www.semrush.com/bot.html)"
66.249.66.148 - - [28/Sep/2020:07:38:00 -0400] "GET /?product-page=3 HTTP/1.1" 404 4260 "-" "Mozilla/5.0 (Linux; Android 6.0.1; Nexus 5X Build/MMB29P) AppleWebKit/537.36 (KHTML, like Gecko) Chrome/85.0.4183.118 Mobile Safari/537.36 (compatible; Googlebot/2.1; +http://www.google.com/bot.html)"
207.46.13.16 - - [28/Sep/2020:07:52:01 -0400] "GET /product/home-air-purifier-with-true-hepa-filter-for-allergies-and-petssmokemoldgerms-and-dust-odor-eliminatordesktop-air-cleaner/ HTTP/1.1" 404 3792 "-" "Mozilla/5.0 (compatible; bingbot/2.0; +http://www.bing.com/bingbot.htm)"
207.46.13.16 - - [28/Sep/2020:07:52:01 -0400] "GET / HTTP/1.1" 404 532 "-" "Mozilla/5.0 (compatible; bingbot/2.0; +http://www.bing.com/bingbot.htm)"
207.46.13.234 - - [28/Sep/2020:07:52:05 -0400] "GET /product/anti-infection-gloves-100pcs-lot-food-grade-waterproof-allergy-free-disposable-work-safety-gloves-ffp3-glove-mechanic/ HTTP/1.1" 404 3792 "-" "Mozilla/5.0 (compatible; bingbot/2.0; +http://www.bing.com/bingbot.htm)"
185.191.171.19 - - [28/Sep/2020:07:57:07 -0400] "GET /robots.txt HTTP/1.1" 404 4223 "-" "Mozilla/5.0 (compatible; SemrushBot/6~bl; +http://www.semrush.com/bot.html)"
185.191.171.9 - - [28/Sep/2020:07:57:07 -0400] "GET /product-category/purifiers/?product-page=2 HTTP/1.1" 404 4223 "-" "Mozilla/5.0 (compatible; SemrushBot/6~bl; +http://www.semrush.com/bot.html)"
157.55.39.9 - - [28/Sep/2020:08:09:16 -0400] "GET /?product-page=6 HTTP/1.1" 404 3792 "-" "Mozilla/5.0 (compatible; bingbot/2.0; +http://www.bing.com/bingbot.htm)"
207.46.13.120 - - [28/Sep/2020:08:13:33 -0400] "GET /wp-content/uploads/2020/03/50-75-100-125-400GPD-Home-Kitchen-Reverse-Osmosis-RO-Membrane-Replacement-Water-System-Filter-Water-2.jpg HTTP/1.1" 404 3792 "-" "Mozilla/5.0 (compatible; bingbot/2.0; +http://www.bing.com/bingbot.htm)"
157.55.39.191 - - [28/Sep/2020:08:32:32 -0400] "GET /product/disposable-alcohol-wipes-sterilization-portable-wipes-antibacterial-cleaning-skin-cleaning-care/?rating=2 HTTP/1.1" 404 3792 "-" "Mozilla/5.0 (compatible; bingbot/2.0; +http://www.bing.com/bingbot.htm)"
66.249.66.150 - - [28/Sep/2020:08:35:56 -0400] "POST /?wc-ajax=get_refreshed_fragments HTTP/1.1" 404 4260 "https://paranoidmicrobiology.com/product/420ml-spe-pem-hydrogen-generator-rich-water-bottle-electrolysis-energy-maker-lonizer-electrolysis-pure-h2-cup-usb-rechargeable/" "Mozilla/5.0 AppleWebKit/537.36 (KHTML, like Gecko; compatible; Googlebot/2.1; +http://www.google.com/bot.html) Chrome/85.0.4183.122 Safari/537.36"
185.191.171.16 - - [28/Sep/2020:08:54:57 -0400] "GET /wp-login.php?redirect_to=https%3A%2F%2Fparanoidmicrobiology.com%2Fproduct%2F10-100pcs-disposable-masks-safety-protective-anti-dust-3-layers-masks-breathable-anti-fog-earloops-mouth-face-mask-respirators%2F HTTP/1.1" 404 4223 "-" "Mozilla/5.0 (compatible; SemrushBot/6~bl; +http://www.semrush.com/bot.html)"
185.191.171.6 - - [28/Sep/2020:09:02:29 -0400] "GET /robots.txt HTTP/1.1" 404 4223 "-" "Mozilla/5.0 (compatible; SemrushBot/6~bl; +http://www.semrush.com/bot.html)"
185.191.171.4 - - [28/Sep/2020:09:02:29 -0400] "GET /product/cute-bear-ear-protective-kids-mouth-mask-windproof-mouth-muffle-anti-dust-winter-masks-children-anti-haze-flu-cotton-face-masks/ HTTP/1.1" 404 4223 "-" "Mozilla/5.0 (compatible; SemrushBot/6~bl; +http://www.semrush.com/bot.html)"
66.249.66.148 - - [28/Sep/2020:09:08:18 -0400] "GET /product/50pcs-blue-durable-nitrile-disposable-gloves-rubber-food-gloves-universal-household-cleaning-gloves-kitchen-accessories-s-m-l/ HTTP/1.1" 404 4260 "-" "Mozilla/5.0 (Linux; Android 6.0.1; Nexus 5X Build/MMB29P) AppleWebKit/537.36 (KHTML, like Gecko) Chrome/85.0.4183.118 Mobile Safari/537.36 (compatible; Googlebot/2.1; +http://www.google.com/bot.html)"
66.249.66.150 - - [28/Sep/2020:09:36:10 -0400] "GET /product/portable-antibacterial-hand-sanitizer-disposable-disinfectant-gel-75-bacteriostatic-gel-hand-sanitizer-wipe-out-bacteria-50ml/ HTTP/1.1" 404 4260 "-" "Mozilla/5.0 (Linux; Android 6.0.1; Nexus 5X Build/MMB29P) AppleWebKit/537.36 (KHTML, like Gecko) Chrome/85.0.4183.115 Mobile Safari/537.36 (compatible; Googlebot/2.1; +http://www.google.com/bot.html)"
66.249.66.150 - - [28/Sep/2020:09:47:37 -0400] "GET /comments/feed/ HTTP/1.1" 404 4260 "-" "Mozilla/5.0 (compatible; Googlebot/2.1; +http://www.google.com/bot.html)"
23.228.109.146 - - [28/Sep/2020:09:52:47 -0400] "GET /wp-content/plugins/wp-file-manager/lib/php/connector.minimal.php HTTP/1.1" 301 692 "http://www.google.com/" "Mozilla/5.0 (Windows NT 6.1; Win64; x64) AppleWebKit/537.36 (KHTML, like Gecko) Chrome/56.0.2896.3 Safari/537.36"
23.228.109.146 - - [28/Sep/2020:09:52:48 -0400] "GET /wp-content/plugins/wp-file-manager/lib/php/connector.minimal.php HTTP/1.1" 404 3755 "http://www.google.com/" "Mozilla/5.0 (Windows NT 6.1; Win64; x64) AppleWebKit/537.36 (KHTML, like Gecko) Chrome/56.0.2896.3 Safari/537.36"
66.249.66.148 - - [28/Sep/2020:09:56:49 -0400] "GET /product/portable-antibacterial-hand-sanitizer-disposable-disinfectant-gel-75-bacteriostatic-gel-hand-sanitizer-wipe-out-bacteria-50ml/ HTTP/1.1" 404 4260 "-" "Mozilla/5.0 (Linux; Android 6.0.1; Nexus 5X Build/MMB29P) AppleWebKit/537.36 (KHTML, like Gecko) Chrome/85.0.4183.115 Mobile Safari/537.36 (compatible; Googlebot/2.1; +http://www.google.com/bot.html)"
12.185.198.218 - - [28/Sep/2020:10:05:50 -0400] "GET /wp-content/uploads/2020/03/38W-110V-220V-Ultraviolet-UVC-Sterilizer-Light-Germicidal-Tube-Disinfection-Home-253-7nm-Lamp-Office-Ozone.jpg HTTP/1.1" 404 4307 "https://www.bing.com/" "Mozilla/5.0 (Macintosh; Intel Mac OS X 10_14_6) AppleWebKit/605.1.15 (KHTML, like Gecko) Version/14.0 Safari/605.1.15"
157.55.39.9 - - [28/Sep/2020:10:07:25 -0400] "GET /?product-page=6 HTTP/1.1" 404 3792 "-" "Mozilla/5.0 (compatible; bingbot/2.0; +http://www.bing.com/bingbot.htm)"
157.55.39.135 - - [28/Sep/2020:10:17:05 -0400] "GET /product/tap-water-purifier-kitchen-faucet-washable-ceramic-percolator-mini-water-filter-filtro-rust-bacteria-removal-replacement-filter/ HTTP/1.1" 404 3792 "-" "Mozilla/5.0 (compatible; bingbot/2.0; +http://www.bing.com/bingbot.htm)"
66.249.66.150 - - [28/Sep/2020:10:55:39 -0400] "GET /.well-known/assetlinks.json HTTP/1.1" 404 4260 "-" "Mozilla/5.0 (compatible; Googlebot/2.1; +http://www.google.com/bot.html)"
73.75.55.66 - - [28/Sep/2020:12:09:34 -0400] "GET /wp-content/uploads/2020/03/US-STOCK-20pcs-Standard-NIOSH-N95-Face-Masks-Anti-fog-Haze-Dust-proof-Face-Masks-for.jpg HTTP/1.1" 404 4307 "https://images.search.yahoo.com/yhs/search?p=n95+niosh+masks+in+stock+green&fr=yhs-dcola-005&hspart=dcola&hsimp=yhs-005&imgurl=https%3A%2F%2Fae01.alicdn.com%2Fkf%2FHTB1og.MLpXXXXcvXFXXq6xXFXXXW%2F3M-1860-Mask-3pcs-Lot-Prevention-Influenza-A-Dust-Masks-particles-N95-Particulate-Respirator-Surgical-Mask.jpg_640x640.jpg" "Mozilla/5.0 (Macintosh; Intel Mac OS X 10_13_6) AppleWebKit/537.36 (KHTML, like Gecko) Chrome/85.0.4183.102 Safari/537.36"
73.75.55.66 - - [28/Sep/2020:12:09:34 -0400] "GET /wp-content/uploads/2020/03/US-STOCK-20pcs-Standard-NIOSH-N95-Face-Masks-Anti-fog-Haze-Dust-proof-Face-Masks-for.jpg HTTP/1.1" 404 525 "https://images.search.yahoo.com/yhs/search?p=n95+niosh+masks+in+stock+green&fr=yhs-dcola-005&hspart=dcola&hsimp=yhs-005&imgurl=https%3A%2F%2Fae01.alicdn.com%2Fkf%2FHTB1og.MLpXXXXcvXFXXq6xXFXXXW%2F3M-1860-Mask-3pcs-Lot-Prevention-Influenza-A-Dust-Masks-particles-N95-Particulate-Respirator-Surgical-Mask.jpg_640x640.jpg" "Mozilla/5.0 (Macintosh; Intel Mac OS X 10_13_6) AppleWebKit/537.36 (KHTML, like Gecko) Chrome/85.0.4183.102 Safari/537.36"
73.75.55.66 - - [28/Sep/2020:12:09:38 -0400] "GET /wp-content/uploads/2020/03/US-STOCK-20pcs-Standard-NIOSH-N95-Face-Masks-Anti-fog-Haze-Dust-proof-Face-Masks-for.jpg HTTP/1.1" 404 525 "https://images.search.yahoo.com/yhs/search?p=n95+niosh+masks+in+stock+green&fr=yhs-dcola-005&hspart=dcola&hsimp=yhs-005&imgurl=https%3A%2F%2Fae01.alicdn.com%2Fkf%2FHTB1og.MLpXXXXcvXFXXq6xXFXXXW%2F3M-1860-Mask-3pcs-Lot-Prevention-Influenza-A-Dust-Masks-particles-N95-Particulate-Respirator-Surgical-Mask.jpg_640x640.jpg" "Mozilla/5.0 (Macintosh; Intel Mac OS X 10_13_6) AppleWebKit/537.36 (KHTML, like Gecko) Chrome/85.0.4183.102 Safari/537.36"
73.75.55.66 - - [28/Sep/2020:12:09:43 -0400] "GET /wp-content/uploads/2020/03/US-STOCK-20pcs-Standard-NIOSH-N95-Face-Masks-Anti-fog-Haze-Dust-proof-Face-Masks-for.jpg HTTP/1.1" 404 1101 "https://images.search.yahoo.com/yhs/search?p=n95+niosh+masks+in+stock+green&fr=yhs-dcola-005&hspart=dcola&hsimp=yhs-005&imgurl=https%3A%2F%2Fae01.alicdn.com%2Fkf%2FHTB1og.MLpXXXXcvXFXXq6xXFXXXW%2F3M-1860-Mask-3pcs-Lot-Prevention-Influenza-A-Dust-Masks-particles-N95-Particulate-Respirator-Surgical-Mask.jpg_640x640.jpg" "Mozilla/5.0 (Macintosh; Intel Mac OS X 10_13_6) AppleWebKit/537.36 (KHTML, like Gecko) Chrome/85.0.4183.102 Safari/537.36"
73.75.55.66 - - [28/Sep/2020:12:09:44 -0400] "GET /wp-content/uploads/2020/03/US-STOCK-20pcs-Standard-NIOSH-N95-Face-Masks-Anti-fog-Haze-Dust-proof-Face-Masks-for.jpg HTTP/1.1" 404 525 "https://images.search.yahoo.com/yhs/search?p=n95+niosh+masks+in+stock+green&fr=yhs-dcola-005&hspart=dcola&hsimp=yhs-005&imgurl=https%3A%2F%2Fae01.alicdn.com%2Fkf%2FHTB1og.MLpXXXXcvXFXXq6xXFXXXW%2F3M-1860-Mask-3pcs-Lot-Prevention-Influenza-A-Dust-Masks-particles-N95-Particulate-Respirator-Surgical-Mask.jpg_640x640.jpg" "Mozilla/5.0 (Macintosh; Intel Mac OS X 10_13_6) AppleWebKit/537.36 (KHTML, like Gecko) Chrome/85.0.4183.102 Safari/537.36"
73.75.55.66 - - [28/Sep/2020:12:09:47 -0400] "GET /wp-content/uploads/2020/03/US-STOCK-20pcs-Standard-NIOSH-N95-Face-Masks-Anti-fog-Haze-Dust-proof-Face-Masks-for.jpg HTTP/1.1" 404 525 "https://images.search.yahoo.com/yhs/search?p=n95+niosh+masks+in+stock+green&fr=yhs-dcola-005&hspart=dcola&hsimp=yhs-005&imgurl=https%3A%2F%2Fae01.alicdn.com%2Fkf%2FHTB1og.MLpXXXXcvXFXXq6xXFXXXW%2F3M-1860-Mask-3pcs-Lot-Prevention-Influenza-A-Dust-Masks-particles-N95-Particulate-Respirator-Surgical-Mask.jpg_640x640.jpg" "Mozilla/5.0 (Macintosh; Intel Mac OS X 10_13_6) AppleWebKit/537.36 (KHTML, like Gecko) Chrome/85.0.4183.102 Safari/537.36"
73.75.55.66 - - [28/Sep/2020:12:09:48 -0400] "GET /wp-content/uploads/2020/03/US-STOCK-20pcs-Standard-NIOSH-N95-Face-Masks-Anti-fog-Haze-Dust-proof-Face-Masks-for.jpg HTTP/1.1" 404 525 "https://images.search.yahoo.com/yhs/search?p=n95+niosh+masks+in+stock+green&fr=yhs-dcola-005&hspart=dcola&hsimp=yhs-005&imgurl=https%3A%2F%2Fae01.alicdn.com%2Fkf%2FHTB1og.MLpXXXXcvXFXXq6xXFXXXW%2F3M-1860-Mask-3pcs-Lot-Prevention-Influenza-A-Dust-Masks-particles-N95-Particulate-Respirator-Surgical-Mask.jpg_640x640.jpg" "Mozilla/5.0 (Macintosh; Intel Mac OS X 10_13_6) AppleWebKit/537.36 (KHTML, like Gecko) Chrome/85.0.4183.102 Safari/537.36"
73.75.55.66 - - [28/Sep/2020:12:09:49 -0400] "GET /wp-content/uploads/2020/03/US-STOCK-20pcs-Standard-NIOSH-N95-Face-Masks-Anti-fog-Haze-Dust-proof-Face-Masks-for.jpg HTTP/1.1" 404 525 "https://images.search.yahoo.com/yhs/search?p=n95+niosh+masks+in+stock+green&fr=yhs-dcola-005&hspart=dcola&hsimp=yhs-005&imgurl=https%3A%2F%2Fae01.alicdn.com%2Fkf%2FHTB1og.MLpXXXXcvXFXXq6xXFXXXW%2F3M-1860-Mask-3pcs-Lot-Prevention-Influenza-A-Dust-Masks-particles-N95-Particulate-Respirator-Surgical-Mask.jpg_640x640.jpg" "Mozilla/5.0 (Macintosh; Intel Mac OS X 10_13_6) AppleWebKit/537.36 (KHTML, like Gecko) Chrome/85.0.4183.102 Safari/537.36"
73.75.55.66 - - [28/Sep/2020:12:10:10 -0400] "GET /wp-content/uploads/2020/03/US-STOCK-20pcs-Standard-NIOSH-N95-Face-Masks-Anti-fog-Haze-Dust-proof-Face-Masks-for.jpg HTTP/1.1" 404 1101 "https://images.search.yahoo.com/yhs/search?p=n95+niosh+masks+in+stock+green&fr=yhs-dcola-005&hspart=dcola&hsimp=yhs-005&imgurl=https%3A%2F%2Fae01.alicdn.com%2Fkf%2FHTB1og.MLpXXXXcvXFXXq6xXFXXXW%2F3M-1860-Mask-3pcs-Lot-Prevention-Influenza-A-Dust-Masks-particles-N95-Particulate-Respirator-Surgical-Mask.jpg_640x640.jpg" "Mozilla/5.0 (Macintosh; Intel Mac OS X 10_13_6) AppleWebKit/537.36 (KHTML, like Gecko) Chrome/85.0.4183.102 Safari/537.36"
73.75.55.66 - - [28/Sep/2020:12:10:10 -0400] "GET /wp-content/uploads/2020/03/US-STOCK-20pcs-Standard-NIOSH-N95-Face-Masks-Anti-fog-Haze-Dust-proof-Face-Masks-for.jpg HTTP/1.1" 404 525 "https://images.search.yahoo.com/yhs/search?p=n95+niosh+masks+in+stock+green&fr=yhs-dcola-005&hspart=dcola&hsimp=yhs-005&imgurl=https%3A%2F%2Fae01.alicdn.com%2Fkf%2FHTB1og.MLpXXXXcvXFXXq6xXFXXXW%2F3M-1860-Mask-3pcs-Lot-Prevention-Influenza-A-Dust-Masks-particles-N95-Particulate-Respirator-Surgical-Mask.jpg_640x640.jpg" "Mozilla/5.0 (Macintosh; Intel Mac OS X 10_13_6) AppleWebKit/537.36 (KHTML, like Gecko) Chrome/85.0.4183.102 Safari/537.36"
73.75.55.66 - - [28/Sep/2020:12:10:12 -0400] "GET /wp-content/uploads/2020/03/US-STOCK-20pcs-Standard-NIOSH-N95-Face-Masks-Anti-fog-Haze-Dust-proof-Face-Masks-for.jpg HTTP/1.1" 404 525 "https://images.search.yahoo.com/yhs/search?p=n95+niosh+masks+in+stock+green&fr=yhs-dcola-005&hspart=dcola&hsimp=yhs-005&imgurl=https%3A%2F%2Fae01.alicdn.com%2Fkf%2FHTB1og.MLpXXXXcvXFXXq6xXFXXXW%2F3M-1860-Mask-3pcs-Lot-Prevention-Influenza-A-Dust-Masks-particles-N95-Particulate-Respirator-Surgical-Mask.jpg_640x640.jpg" "Mozilla/5.0 (Macintosh; Intel Mac OS X 10_13_6) AppleWebKit/537.36 (KHTML, like Gecko) Chrome/85.0.4183.102 Safari/537.36"
73.75.55.66 - - [28/Sep/2020:12:10:13 -0400] "GET /wp-content/uploads/2020/03/US-STOCK-20pcs-Standard-NIOSH-N95-Face-Masks-Anti-fog-Haze-Dust-proof-Face-Masks-for.jpg HTTP/1.1" 404 525 "https://images.search.yahoo.com/yhs/search?p=n95+niosh+masks+in+stock+green&fr=yhs-dcola-005&hspart=dcola&hsimp=yhs-005&imgurl=https%3A%2F%2Fae01.alicdn.com%2Fkf%2FHTB1og.MLpXXXXcvXFXXq6xXFXXXW%2F3M-1860-Mask-3pcs-Lot-Prevention-Influenza-A-Dust-Masks-particles-N95-Particulate-Respirator-Surgical-Mask.jpg_640x640.jpg" "Mozilla/5.0 (Macintosh; Intel Mac OS X 10_13_6) AppleWebKit/537.36 (KHTML, like Gecko) Chrome/85.0.4183.102 Safari/537.36"
73.75.55.66 - - [28/Sep/2020:12:11:13 -0400] "GET /wp-content/uploads/2020/03/US-STOCK-20pcs-Standard-NIOSH-N95-Face-Masks-Anti-fog-Haze-Dust-proof-Face-Masks-for.jpg HTTP/1.1" 404 1101 "https://images.search.yahoo.com/yhs/search?p=n95+niosh+masks+in+stock+green&fr=yhs-dcola-005&hspart=dcola&hsimp=yhs-005&imgurl=https%3A%2F%2Fae01.alicdn.com%2Fkf%2FHTB1og.MLpXXXXcvXFXXq6xXFXXXW%2F3M-1860-Mask-3pcs-Lot-Prevention-Influenza-A-Dust-Masks-particles-N95-Particulate-Respirator-Surgical-Mask.jpg_640x640.jpg" "Mozilla/5.0 (Macintosh; Intel Mac OS X 10_13_6) AppleWebKit/537.36 (KHTML, like Gecko) Chrome/85.0.4183.102 Safari/537.36"
73.75.55.66 - - [28/Sep/2020:12:11:13 -0400] "GET /wp-content/uploads/2020/03/US-STOCK-20pcs-Standard-NIOSH-N95-Face-Masks-Anti-fog-Haze-Dust-proof-Face-Masks-for-3.jpg HTTP/1.1" 404 1101 "https://images.search.yahoo.com/yhs/search?p=n95+niosh+masks+in+stock+green&fr=yhs-dcola-005&hspart=dcola&hsimp=yhs-005&imgurl=https%3A%2F%2Fae01.alicdn.com%2Fkf%2FHTB1og.MLpXXXXcvXFXXq6xXFXXXW%2F3M-1860-Mask-3pcs-Lot-Prevention-Influenza-A-Dust-Masks-particles-N95-Particulate-Respirator-Surgical-Mask.jpg_640x640.jpg" "Mozilla/5.0 (Macintosh; Intel Mac OS X 10_13_6) AppleWebKit/537.36 (KHTML, like Gecko) Chrome/85.0.4183.102 Safari/537.36"
73.75.55.66 - - [28/Sep/2020:12:11:15 -0400] "GET /wp-content/uploads/2020/03/US-STOCK-20pcs-Standard-NIOSH-N95-Face-Masks-Anti-fog-Haze-Dust-proof-Face-Masks-for.jpg HTTP/1.1" 404 525 "https://images.search.yahoo.com/yhs/search?p=n95+niosh+masks+in+stock+green&fr=yhs-dcola-005&hspart=dcola&hsimp=yhs-005&imgurl=https%3A%2F%2Fae01.alicdn.com%2Fkf%2FHTB1og.MLpXXXXcvXFXXq6xXFXXXW%2F3M-1860-Mask-3pcs-Lot-Prevention-Influenza-A-Dust-Masks-particles-N95-Particulate-Respirator-Surgical-Mask.jpg_640x640.jpg" "Mozilla/5.0 (Macintosh; Intel Mac OS X 10_13_6) AppleWebKit/537.36 (KHTML, like Gecko) Chrome/85.0.4183.102 Safari/537.36"
73.75.55.66 - - [28/Sep/2020:12:11:15 -0400] "GET /wp-content/uploads/2020/03/US-STOCK-20pcs-Standard-NIOSH-N95-Face-Masks-Anti-fog-Haze-Dust-proof-Face-Masks-for-3.jpg HTTP/1.1" 404 525 "https://images.search.yahoo.com/yhs/search?p=n95+niosh+masks+in+stock+green&fr=yhs-dcola-005&hspart=dcola&hsimp=yhs-005&imgurl=https%3A%2F%2Fae01.alicdn.com%2Fkf%2FHTB1og.MLpXXXXcvXFXXq6xXFXXXW%2F3M-1860-Mask-3pcs-Lot-Prevention-Influenza-A-Dust-Masks-particles-N95-Particulate-Respirator-Surgical-Mask.jpg_640x640.jpg" "Mozilla/5.0 (Macintosh; Intel Mac OS X 10_13_6) AppleWebKit/537.36 (KHTML, like Gecko) Chrome/85.0.4183.102 Safari/537.36"
73.75.55.66 - - [28/Sep/2020:12:11:16 -0400] "GET /wp-content/uploads/2020/03/US-STOCK-20pcs-Standard-NIOSH-N95-Face-Masks-Anti-fog-Haze-Dust-proof-Face-Masks-for-3.jpg HTTP/1.1" 404 525 "https://images.search.yahoo.com/yhs/search?p=n95+niosh+masks+in+stock+green&fr=yhs-dcola-005&hspart=dcola&hsimp=yhs-005&imgurl=https%3A%2F%2Fae01.alicdn.com%2Fkf%2FHTB1og.MLpXXXXcvXFXXq6xXFXXXW%2F3M-1860-Mask-3pcs-Lot-Prevention-Influenza-A-Dust-Masks-particles-N95-Particulate-Respirator-Surgical-Mask.jpg_640x640.jpg" "Mozilla/5.0 (Macintosh; Intel Mac OS X 10_13_6) AppleWebKit/537.36 (KHTML, like Gecko) Chrome/85.0.4183.102 Safari/537.36"
73.75.55.66 - - [28/Sep/2020:12:11:16 -0400] "GET /wp-content/uploads/2020/03/US-STOCK-20pcs-Standard-NIOSH-N95-Face-Masks-Anti-fog-Haze-Dust-proof-Face-Masks-for.jpg HTTP/1.1" 404 525 "https://images.search.yahoo.com/yhs/search?p=n95+niosh+masks+in+stock+green&fr=yhs-dcola-005&hspart=dcola&hsimp=yhs-005&imgurl=https%3A%2F%2Fae01.alicdn.com%2Fkf%2FHTB1og.MLpXXXXcvXFXXq6xXFXXXW%2F3M-1860-Mask-3pcs-Lot-Prevention-Influenza-A-Dust-Masks-particles-N95-Particulate-Respirator-Surgical-Mask.jpg_640x640.jpg" "Mozilla/5.0 (Macintosh; Intel Mac OS X 10_13_6) AppleWebKit/537.36 (KHTML, like Gecko) Chrome/85.0.4183.102 Safari/537.36"
73.75.55.66 - - [28/Sep/2020:12:11:17 -0400] "GET /wp-content/uploads/2020/03/US-STOCK-20pcs-Standard-NIOSH-N95-Face-Masks-Anti-fog-Haze-Dust-proof-Face-Masks-for.jpg HTTP/1.1" 404 525 "https://images.search.yahoo.com/yhs/search?p=n95+niosh+masks+in+stock+green&fr=yhs-dcola-005&hspart=dcola&hsimp=yhs-005&imgurl=https%3A%2F%2Fae01.alicdn.com%2Fkf%2FHTB1og.MLpXXXXcvXFXXq6xXFXXXW%2F3M-1860-Mask-3pcs-Lot-Prevention-Influenza-A-Dust-Masks-particles-N95-Particulate-Respirator-Surgical-Mask.jpg_640x640.jpg" "Mozilla/5.0 (Macintosh; Intel Mac OS X 10_13_6) AppleWebKit/537.36 (KHTML, like Gecko) Chrome/85.0.4183.102 Safari/537.36"
73.75.55.66 - - [28/Sep/2020:12:11:17 -0400] "GET /wp-content/uploads/2020/03/US-STOCK-20pcs-Standard-NIOSH-N95-Face-Masks-Anti-fog-Haze-Dust-proof-Face-Masks-for-3.jpg HTTP/1.1" 404 525 "https://images.search.yahoo.com/yhs/search?p=n95+niosh+masks+in+stock+green&fr=yhs-dcola-005&hspart=dcola&hsimp=yhs-005&imgurl=https%3A%2F%2Fae01.alicdn.com%2Fkf%2FHTB1og.MLpXXXXcvXFXXq6xXFXXXW%2F3M-1860-Mask-3pcs-Lot-Prevention-Influenza-A-Dust-Masks-particles-N95-Particulate-Respirator-Surgical-Mask.jpg_640x640.jpg" "Mozilla/5.0 (Macintosh; Intel Mac OS X 10_13_6) AppleWebKit/537.36 (KHTML, like Gecko) Chrome/85.0.4183.102 Safari/537.36"
73.75.55.66 - - [28/Sep/2020:12:11:18 -0400] "GET /wp-content/uploads/2020/03/US-STOCK-20pcs-Standard-NIOSH-N95-Face-Masks-Anti-fog-Haze-Dust-proof-Face-Masks-for.jpg HTTP/1.1" 404 525 "https://images.search.yahoo.com/yhs/search?p=n95+niosh+masks+in+stock+green&fr=yhs-dcola-005&hspart=dcola&hsimp=yhs-005&imgurl=https%3A%2F%2Fae01.alicdn.com%2Fkf%2FHTB1og.MLpXXXXcvXFXXq6xXFXXXW%2F3M-1860-Mask-3pcs-Lot-Prevention-Influenza-A-Dust-Masks-particles-N95-Particulate-Respirator-Surgical-Mask.jpg_640x640.jpg" "Mozilla/5.0 (Macintosh; Intel Mac OS X 10_13_6) AppleWebKit/537.36 (KHTML, like Gecko) Chrome/85.0.4183.102 Safari/537.36"
73.75.55.66 - - [28/Sep/2020:12:11:18 -0400] "GET /wp-content/uploads/2020/03/US-STOCK-20pcs-Standard-NIOSH-N95-Face-Masks-Anti-fog-Haze-Dust-proof-Face-Masks-for-3.jpg HTTP/1.1" 404 525 "https://images.search.yahoo.com/yhs/search?p=n95+niosh+masks+in+stock+green&fr=yhs-dcola-005&hspart=dcola&hsimp=yhs-005&imgurl=https%3A%2F%2Fae01.alicdn.com%2Fkf%2FHTB1og.MLpXXXXcvXFXXq6xXFXXXW%2F3M-1860-Mask-3pcs-Lot-Prevention-Influenza-A-Dust-Masks-particles-N95-Particulate-Respirator-Surgical-Mask.jpg_640x640.jpg" "Mozilla/5.0 (Macintosh; Intel Mac OS X 10_13_6) AppleWebKit/537.36 (KHTML, like Gecko) Chrome/85.0.4183.102 Safari/537.36"
73.75.55.66 - - [28/Sep/2020:12:11:19 -0400] "GET /wp-content/uploads/2020/03/US-STOCK-20pcs-Standard-NIOSH-N95-Face-Masks-Anti-fog-Haze-Dust-proof-Face-Masks-for.jpg HTTP/1.1" 404 525 "https://images.search.yahoo.com/yhs/search?p=n95+niosh+masks+in+stock+green&fr=yhs-dcola-005&hspart=dcola&hsimp=yhs-005&imgurl=https%3A%2F%2Fae01.alicdn.com%2Fkf%2FHTB1og.MLpXXXXcvXFXXq6xXFXXXW%2F3M-1860-Mask-3pcs-Lot-Prevention-Influenza-A-Dust-Masks-particles-N95-Particulate-Respirator-Surgical-Mask.jpg_640x640.jpg" "Mozilla/5.0 (Macintosh; Intel Mac OS X 10_13_6) AppleWebKit/537.36 (KHTML, like Gecko) Chrome/85.0.4183.102 Safari/537.36"
73.75.55.66 - - [28/Sep/2020:12:11:19 -0400] "GET /wp-content/uploads/2020/03/US-STOCK-20pcs-Standard-NIOSH-N95-Face-Masks-Anti-fog-Haze-Dust-proof-Face-Masks-for-3.jpg HTTP/1.1" 404 525 "https://images.search.yahoo.com/yhs/search?p=n95+niosh+masks+in+stock+green&fr=yhs-dcola-005&hspart=dcola&hsimp=yhs-005&imgurl=https%3A%2F%2Fae01.alicdn.com%2Fkf%2FHTB1og.MLpXXXXcvXFXXq6xXFXXXW%2F3M-1860-Mask-3pcs-Lot-Prevention-Influenza-A-Dust-Masks-particles-N95-Particulate-Respirator-Surgical-Mask.jpg_640x640.jpg" "Mozilla/5.0 (Macintosh; Intel Mac OS X 10_13_6) AppleWebKit/537.36 (KHTML, like Gecko) Chrome/85.0.4183.102 Safari/537.36"
73.75.55.66 - - [28/Sep/2020:12:11:39 -0400] "GET /wp-content/uploads/2020/03/US-STOCK-20pcs-Standard-NIOSH-N95-Face-Masks-Anti-fog-Haze-Dust-proof-Face-Masks-for.jpg HTTP/1.1" 404 1101 "https://images.search.yahoo.com/yhs/search?p=n95+niosh+masks+in+stock+green&fr=yhs-dcola-005&hspart=dcola&hsimp=yhs-005&imgurl=https%3A%2F%2Fae01.alicdn.com%2Fkf%2FHTB1og.MLpXXXXcvXFXXq6xXFXXXW%2F3M-1860-Mask-3pcs-Lot-Prevention-Influenza-A-Dust-Masks-particles-N95-Particulate-Respirator-Surgical-Mask.jpg_640x640.jpg" "Mozilla/5.0 (Macintosh; Intel Mac OS X 10_13_6) AppleWebKit/537.36 (KHTML, like Gecko) Chrome/85.0.4183.102 Safari/537.36"
73.75.55.66 - - [28/Sep/2020:12:11:39 -0400] "GET /wp-content/uploads/2020/03/US-STOCK-20pcs-Standard-NIOSH-N95-Face-Masks-Anti-fog-Haze-Dust-proof-Face-Masks-for-3.jpg HTTP/1.1" 404 1101 "https://images.search.yahoo.com/yhs/search?p=n95+niosh+masks+in+stock+green&fr=yhs-dcola-005&hspart=dcola&hsimp=yhs-005&imgurl=https%3A%2F%2Fae01.alicdn.com%2Fkf%2FHTB1og.MLpXXXXcvXFXXq6xXFXXXW%2F3M-1860-Mask-3pcs-Lot-Prevention-Influenza-A-Dust-Masks-particles-N95-Particulate-Respirator-Surgical-Mask.jpg_640x640.jpg" "Mozilla/5.0 (Macintosh; Intel Mac OS X 10_13_6) AppleWebKit/537.36 (KHTML, like Gecko) Chrome/85.0.4183.102 Safari/537.36"
73.75.55.66 - - [28/Sep/2020:12:11:39 -0400] "GET /wp-content/uploads/2020/03/US-STOCK-20pcs-Standard-NIOSH-N95-Face-Masks-Anti-fog-Haze-Dust-proof-Face-Masks-for.jpg HTTP/1.1" 404 525 "https://images.search.yahoo.com/yhs/search?p=n95+niosh+masks+in+stock+green&fr=yhs-dcola-005&hspart=dcola&hsimp=yhs-005&imgurl=https%3A%2F%2Fae01.alicdn.com%2Fkf%2FHTB1og.MLpXXXXcvXFXXq6xXFXXXW%2F3M-1860-Mask-3pcs-Lot-Prevention-Influenza-A-Dust-Masks-particles-N95-Particulate-Respirator-Surgical-Mask.jpg_640x640.jpg" "Mozilla/5.0 (Macintosh; Intel Mac OS X 10_13_6) AppleWebKit/537.36 (KHTML, like Gecko) Chrome/85.0.4183.102 Safari/537.36"
73.75.55.66 - - [28/Sep/2020:12:11:39 -0400] "GET /wp-content/uploads/2020/03/US-STOCK-20pcs-Standard-NIOSH-N95-Face-Masks-Anti-fog-Haze-Dust-proof-Face-Masks-for-3.jpg HTTP/1.1" 404 525 "https://images.search.yahoo.com/yhs/search?p=n95+niosh+masks+in+stock+green&fr=yhs-dcola-005&hspart=dcola&hsimp=yhs-005&imgurl=https%3A%2F%2Fae01.alicdn.com%2Fkf%2FHTB1og.MLpXXXXcvXFXXq6xXFXXXW%2F3M-1860-Mask-3pcs-Lot-Prevention-Influenza-A-Dust-Masks-particles-N95-Particulate-Respirator-Surgical-Mask.jpg_640x640.jpg" "Mozilla/5.0 (Macintosh; Intel Mac OS X 10_13_6) AppleWebKit/537.36 (KHTML, like Gecko) Chrome/85.0.4183.102 Safari/537.36"
73.75.55.66 - - [28/Sep/2020:12:11:41 -0400] "GET /wp-content/uploads/2020/03/US-STOCK-20pcs-Standard-NIOSH-N95-Face-Masks-Anti-fog-Haze-Dust-proof-Face-Masks-for.jpg HTTP/1.1" 404 525 "https://images.search.yahoo.com/yhs/search?p=n95+niosh+masks+in+stock+green&fr=yhs-dcola-005&hspart=dcola&hsimp=yhs-005&imgurl=https%3A%2F%2Fae01.alicdn.com%2Fkf%2FHTB1og.MLpXXXXcvXFXXq6xXFXXXW%2F3M-1860-Mask-3pcs-Lot-Prevention-Influenza-A-Dust-Masks-particles-N95-Particulate-Respirator-Surgical-Mask.jpg_640x640.jpg" "Mozilla/5.0 (Macintosh; Intel Mac OS X 10_13_6) AppleWebKit/537.36 (KHTML, like Gecko) Chrome/85.0.4183.102 Safari/537.36"
73.75.55.66 - - [28/Sep/2020:12:11:41 -0400] "GET /wp-content/uploads/2020/03/US-STOCK-20pcs-Standard-NIOSH-N95-Face-Masks-Anti-fog-Haze-Dust-proof-Face-Masks-for-3.jpg HTTP/1.1" 404 525 "https://images.search.yahoo.com/yhs/search?p=n95+niosh+masks+in+stock+green&fr=yhs-dcola-005&hspart=dcola&hsimp=yhs-005&imgurl=https%3A%2F%2Fae01.alicdn.com%2Fkf%2FHTB1og.MLpXXXXcvXFXXq6xXFXXXW%2F3M-1860-Mask-3pcs-Lot-Prevention-Influenza-A-Dust-Masks-particles-N95-Particulate-Respirator-Surgical-Mask.jpg_640x640.jpg" "Mozilla/5.0 (Macintosh; Intel Mac OS X 10_13_6) AppleWebKit/537.36 (KHTML, like Gecko) Chrome/85.0.4183.102 Safari/537.36"
73.75.55.66 - - [28/Sep/2020:12:11:43 -0400] "GET /wp-content/uploads/2020/03/US-STOCK-20pcs-Standard-NIOSH-N95-Face-Masks-Anti-fog-Haze-Dust-proof-Face-Masks-for-3.jpg HTTP/1.1" 404 525 "https://images.search.yahoo.com/yhs/search?p=n95+niosh+masks+in+stock+green&fr=yhs-dcola-005&hspart=dcola&hsimp=yhs-005&imgurl=https%3A%2F%2Fae01.alicdn.com%2Fkf%2FHTB1og.MLpXXXXcvXFXXq6xXFXXXW%2F3M-1860-Mask-3pcs-Lot-Prevention-Influenza-A-Dust-Masks-particles-N95-Particulate-Respirator-Surgical-Mask.jpg_640x640.jpg" "Mozilla/5.0 (Macintosh; Intel Mac OS X 10_13_6) AppleWebKit/537.36 (KHTML, like Gecko) Chrome/85.0.4183.102 Safari/537.36"
73.75.55.66 - - [28/Sep/2020:12:11:43 -0400] "GET /wp-content/uploads/2020/03/US-STOCK-20pcs-Standard-NIOSH-N95-Face-Masks-Anti-fog-Haze-Dust-proof-Face-Masks-for.jpg HTTP/1.1" 404 525 "https://images.search.yahoo.com/yhs/search?p=n95+niosh+masks+in+stock+green&fr=yhs-dcola-005&hspart=dcola&hsimp=yhs-005&imgurl=https%3A%2F%2Fae01.alicdn.com%2Fkf%2FHTB1og.MLpXXXXcvXFXXq6xXFXXXW%2F3M-1860-Mask-3pcs-Lot-Prevention-Influenza-A-Dust-Masks-particles-N95-Particulate-Respirator-Surgical-Mask.jpg_640x640.jpg" "Mozilla/5.0 (Macintosh; Intel Mac OS X 10_13_6) AppleWebKit/537.36 (KHTML, like Gecko) Chrome/85.0.4183.102 Safari/537.36"
73.75.55.66 - - [28/Sep/2020:12:11:44 -0400] "GET /wp-content/uploads/2020/03/US-STOCK-20pcs-Standard-NIOSH-N95-Face-Masks-Anti-fog-Haze-Dust-proof-Face-Masks-for-3.jpg HTTP/1.1" 404 525 "https://images.search.yahoo.com/yhs/search?p=n95+niosh+masks+in+stock+green&fr=yhs-dcola-005&hspart=dcola&hsimp=yhs-005&imgurl=https%3A%2F%2Fae01.alicdn.com%2Fkf%2FHTB1og.MLpXXXXcvXFXXq6xXFXXXW%2F3M-1860-Mask-3pcs-Lot-Prevention-Influenza-A-Dust-Masks-particles-N95-Particulate-Respirator-Surgical-Mask.jpg_640x640.jpg" "Mozilla/5.0 (Macintosh; Intel Mac OS X 10_13_6) AppleWebKit/537.36 (KHTML, like Gecko) Chrome/85.0.4183.102 Safari/537.36"
73.75.55.66 - - [28/Sep/2020:12:11:44 -0400] "GET /wp-content/uploads/2020/03/US-STOCK-20pcs-Standard-NIOSH-N95-Face-Masks-Anti-fog-Haze-Dust-proof-Face-Masks-for.jpg HTTP/1.1" 404 525 "https://images.search.yahoo.com/yhs/search?p=n95+niosh+masks+in+stock+green&fr=yhs-dcola-005&hspart=dcola&hsimp=yhs-005&imgurl=https%3A%2F%2Fae01.alicdn.com%2Fkf%2FHTB1og.MLpXXXXcvXFXXq6xXFXXXW%2F3M-1860-Mask-3pcs-Lot-Prevention-Influenza-A-Dust-Masks-particles-N95-Particulate-Respirator-Surgical-Mask.jpg_640x640.jpg" "Mozilla/5.0 (Macintosh; Intel Mac OS X 10_13_6) AppleWebKit/537.36 (KHTML, like Gecko) Chrome/85.0.4183.102 Safari/537.36"
73.75.55.66 - - [28/Sep/2020:12:11:44 -0400] "GET /wp-content/uploads/2020/03/US-STOCK-20pcs-Standard-NIOSH-N95-Face-Masks-Anti-fog-Haze-Dust-proof-Face-Masks-for.jpg HTTP/1.1" 404 525 "https://images.search.yahoo.com/yhs/search?p=n95+niosh+masks+in+stock+green&fr=yhs-dcola-005&hspart=dcola&hsimp=yhs-005&imgurl=https%3A%2F%2Fae01.alicdn.com%2Fkf%2FHTB1og.MLpXXXXcvXFXXq6xXFXXXW%2F3M-1860-Mask-3pcs-Lot-Prevention-Influenza-A-Dust-Masks-particles-N95-Particulate-Respirator-Surgical-Mask.jpg_640x640.jpg" "Mozilla/5.0 (Macintosh; Intel Mac OS X 10_13_6) AppleWebKit/537.36 (KHTML, like Gecko) Chrome/85.0.4183.102 Safari/537.36"
73.75.55.66 - - [28/Sep/2020:12:11:44 -0400] "GET /wp-content/uploads/2020/03/US-STOCK-20pcs-Standard-NIOSH-N95-Face-Masks-Anti-fog-Haze-Dust-proof-Face-Masks-for-3.jpg HTTP/1.1" 404 525 "https://images.search.yahoo.com/yhs/search?p=n95+niosh+masks+in+stock+green&fr=yhs-dcola-005&hspart=dcola&hsimp=yhs-005&imgurl=https%3A%2F%2Fae01.alicdn.com%2Fkf%2FHTB1og.MLpXXXXcvXFXXq6xXFXXXW%2F3M-1860-Mask-3pcs-Lot-Prevention-Influenza-A-Dust-Masks-particles-N95-Particulate-Respirator-Surgical-Mask.jpg_640x640.jpg" "Mozilla/5.0 (Macintosh; Intel Mac OS X 10_13_6) AppleWebKit/537.36 (KHTML, like Gecko) Chrome/85.0.4183.102 Safari/537.36"
73.75.55.66 - - [28/Sep/2020:12:11:55 -0400] "GET /wp-content/uploads/2020/03/US-STOCK-20pcs-Standard-NIOSH-N95-Face-Masks-Anti-fog-Haze-Dust-proof-Face-Masks-for-3.jpg HTTP/1.1" 404 1101 "https://images.search.yahoo.com/yhs/search?p=n95+niosh+masks+in+stock+green&fr=yhs-dcola-005&hspart=dcola&hsimp=yhs-005&imgurl=https%3A%2F%2Fae01.alicdn.com%2Fkf%2FHTB1og.MLpXXXXcvXFXXq6xXFXXXW%2F3M-1860-Mask-3pcs-Lot-Prevention-Influenza-A-Dust-Masks-particles-N95-Particulate-Respirator-Surgical-Mask.jpg_640x640.jpg" "Mozilla/5.0 (Macintosh; Intel Mac OS X 10_13_6) AppleWebKit/537.36 (KHTML, like Gecko) Chrome/85.0.4183.102 Safari/537.36"
73.75.55.66 - - [28/Sep/2020:12:11:55 -0400] "GET /wp-content/uploads/2020/03/US-STOCK-20pcs-Standard-NIOSH-N95-Face-Masks-Anti-fog-Haze-Dust-proof-Face-Masks-for.jpg HTTP/1.1" 404 1101 "https://images.search.yahoo.com/yhs/search?p=n95+niosh+masks+in+stock+green&fr=yhs-dcola-005&hspart=dcola&hsimp=yhs-005&imgurl=https%3A%2F%2Fae01.alicdn.com%2Fkf%2FHTB1og.MLpXXXXcvXFXXq6xXFXXXW%2F3M-1860-Mask-3pcs-Lot-Prevention-Influenza-A-Dust-Masks-particles-N95-Particulate-Respirator-Surgical-Mask.jpg_640x640.jpg" "Mozilla/5.0 (Macintosh; Intel Mac OS X 10_13_6) AppleWebKit/537.36 (KHTML, like Gecko) Chrome/85.0.4183.102 Safari/537.36"
73.75.55.66 - - [28/Sep/2020:12:11:59 -0400] "GET /wp-content/uploads/2020/03/US-STOCK-20pcs-Standard-NIOSH-N95-Face-Masks-Anti-fog-Haze-Dust-proof-Face-Masks-for-3.jpg HTTP/1.1" 404 525 "https://images.search.yahoo.com/yhs/search?p=n95+niosh+masks+in+stock+green&fr=yhs-dcola-005&hspart=dcola&hsimp=yhs-005&imgurl=https%3A%2F%2Fae01.alicdn.com%2Fkf%2FHTB1og.MLpXXXXcvXFXXq6xXFXXXW%2F3M-1860-Mask-3pcs-Lot-Prevention-Influenza-A-Dust-Masks-particles-N95-Particulate-Respirator-Surgical-Mask.jpg_640x640.jpg" "Mozilla/5.0 (Macintosh; Intel Mac OS X 10_13_6) AppleWebKit/537.36 (KHTML, like Gecko) Chrome/85.0.4183.102 Safari/537.36"
73.75.55.66 - - [28/Sep/2020:12:11:59 -0400] "GET /wp-content/uploads/2020/03/US-STOCK-20pcs-Standard-NIOSH-N95-Face-Masks-Anti-fog-Haze-Dust-proof-Face-Masks-for.jpg HTTP/1.1" 404 525 "https://images.search.yahoo.com/yhs/search?p=n95+niosh+masks+in+stock+green&fr=yhs-dcola-005&hspart=dcola&hsimp=yhs-005&imgurl=https%3A%2F%2Fae01.alicdn.com%2Fkf%2FHTB1og.MLpXXXXcvXFXXq6xXFXXXW%2F3M-1860-Mask-3pcs-Lot-Prevention-Influenza-A-Dust-Masks-particles-N95-Particulate-Respirator-Surgical-Mask.jpg_640x640.jpg" "Mozilla/5.0 (Macintosh; Intel Mac OS X 10_13_6) AppleWebKit/537.36 (KHTML, like Gecko) Chrome/85.0.4183.102 Safari/537.36"
73.75.55.66 - - [28/Sep/2020:12:12:00 -0400] "GET /wp-content/uploads/2020/03/US-STOCK-20pcs-Standard-NIOSH-N95-Face-Masks-Anti-fog-Haze-Dust-proof-Face-Masks-for-3.jpg HTTP/1.1" 404 525 "https://images.search.yahoo.com/yhs/search?p=n95+niosh+masks+in+stock+green&fr=yhs-dcola-005&hspart=dcola&hsimp=yhs-005&imgurl=https%3A%2F%2Fae01.alicdn.com%2Fkf%2FHTB1og.MLpXXXXcvXFXXq6xXFXXXW%2F3M-1860-Mask-3pcs-Lot-Prevention-Influenza-A-Dust-Masks-particles-N95-Particulate-Respirator-Surgical-Mask.jpg_640x640.jpg" "Mozilla/5.0 (Macintosh; Intel Mac OS X 10_13_6) AppleWebKit/537.36 (KHTML, like Gecko) Chrome/85.0.4183.102 Safari/537.36"
73.75.55.66 - - [28/Sep/2020:12:12:00 -0400] "GET /wp-content/uploads/2020/03/US-STOCK-20pcs-Standard-NIOSH-N95-Face-Masks-Anti-fog-Haze-Dust-proof-Face-Masks-for.jpg HTTP/1.1" 404 525 "https://images.search.yahoo.com/yhs/search?p=n95+niosh+masks+in+stock+green&fr=yhs-dcola-005&hspart=dcola&hsimp=yhs-005&imgurl=https%3A%2F%2Fae01.alicdn.com%2Fkf%2FHTB1og.MLpXXXXcvXFXXq6xXFXXXW%2F3M-1860-Mask-3pcs-Lot-Prevention-Influenza-A-Dust-Masks-particles-N95-Particulate-Respirator-Surgical-Mask.jpg_640x640.jpg" "Mozilla/5.0 (Macintosh; Intel Mac OS X 10_13_6) AppleWebKit/537.36 (KHTML, like Gecko) Chrome/85.0.4183.102 Safari/537.36"
73.75.55.66 - - [28/Sep/2020:12:12:02 -0400] "GET /wp-content/uploads/2020/03/US-STOCK-20pcs-Standard-NIOSH-N95-Face-Masks-Anti-fog-Haze-Dust-proof-Face-Masks-for-3.jpg HTTP/1.1" 404 525 "https://images.search.yahoo.com/yhs/search?p=n95+niosh+masks+in+stock+green&fr=yhs-dcola-005&hspart=dcola&hsimp=yhs-005&imgurl=https%3A%2F%2Fae01.alicdn.com%2Fkf%2FHTB1og.MLpXXXXcvXFXXq6xXFXXXW%2F3M-1860-Mask-3pcs-Lot-Prevention-Influenza-A-Dust-Masks-particles-N95-Particulate-Respirator-Surgical-Mask.jpg_640x640.jpg" "Mozilla/5.0 (Macintosh; Intel Mac OS X 10_13_6) AppleWebKit/537.36 (KHTML, like Gecko) Chrome/85.0.4183.102 Safari/537.36"
