142.93.249.103 - - [04/Jul/2021:00:17:32 -0400] "GET /.env HTTP/1.1" 301 591 "-" "Mozilla/5.0 (X11; Linux x86_64) AppleWebKit/537.36 (KHTML, like Gecko) Chrome/81.0.4044.129 Safari/537.36"
142.93.249.103 - - [04/Jul/2021:00:17:32 -0400] "POST / HTTP/1.1" 301 583 "-" "Mozilla/5.0 (X11; Linux x86_64) AppleWebKit/537.36 (KHTML, like Gecko) Chrome/81.0.4044.129 Safari/537.36"
114.119.128.22 - - [04/Jul/2021:01:51:03 -0400] "GET /robots.txt HTTP/1.1" 301 603 "-" "Mozilla/5.0 (compatible;PetalBot;+https://webmaster.petalsearch.com/site/petalbot)"
114.119.128.22 - - [04/Jul/2021:01:51:04 -0400] "GET /robots.txt HTTP/1.1" 404 5861 "-" "Mozilla/5.0 (compatible;PetalBot;+https://webmaster.petalsearch.com/site/petalbot)"
45.8.17.133 - - [04/Jul/2021:02:04:02 -0400] "GET /?author=1 HTTP/1.1" 301 589 "-" "Mozilla/5.0 (Windows NT 10.0; Win64; x64) AppleWebKit/537.36 (KHTML, like Gecko) Chrome/63.0.3239.132 Safari/537.36"
45.8.17.133 - - [04/Jul/2021:02:04:03 -0400] "GET /wp-json/wp/v2/users/ HTTP/1.1" 301 610 "-" "Mozilla/5.0 (Windows NT 10.0; Win64; x64) AppleWebKit/537.36 (KHTML, like Gecko) Chrome/63.0.3239.132 Safari/537.36"
45.8.17.133 - - [04/Jul/2021:02:04:03 -0400] "POST /xmlrpc.php HTTP/1.1" 301 590 "-" "Mozilla/5.0 (Windows NT 10.0; Win64; x64) AppleWebKit/537.36 (KHTML, like Gecko) Chrome/63.0.3239.132 Safari/537.36"
45.8.17.133 - - [04/Jul/2021:02:04:03 -0400] "POST /xmlrpc.php HTTP/1.1" 301 590 "-" "Mozilla/5.0 (Windows NT 10.0; Win64; x64) AppleWebKit/537.36 (KHTML, like Gecko) Chrome/63.0.3239.132 Safari/537.36"
114.119.143.55 - - [04/Jul/2021:02:29:27 -0400] "GET /robots.txt HTTP/1.1" 404 5861 "-" "Mozilla/5.0 (compatible;PetalBot;+https://webmaster.petalsearch.com/site/petalbot)"
45.129.18.217 - - [04/Jul/2021:03:38:30 -0400] "HEAD / HTTP/1.1" 301 239 "-" "Mozilla/5.0 (Macintosh; Intel Mac OS X 10_9_3) AppleWebKit/537.36 (KHTML, like Gecko) Chrome/35.0.1916.47 Safari/537.36"
45.129.18.171 - - [04/Jul/2021:03:38:31 -0400] "HEAD / HTTP/1.1" 200 5775 "-" "Mozilla/5.0 (Macintosh; Intel Mac OS X 10_9_3) AppleWebKit/537.36 (KHTML, like Gecko) Chrome/35.0.1916.47 Safari/537.36"
114.119.150.65 - - [04/Jul/2021:04:25:29 -0400] "GET /robots.txt HTTP/1.1" 301 603 "-" "Mozilla/5.0 (compatible;PetalBot;+https://webmaster.petalsearch.com/site/petalbot)"
114.119.150.65 - - [04/Jul/2021:04:25:30 -0400] "GET /robots.txt HTTP/1.1" 404 5861 "-" "Mozilla/5.0 (compatible;PetalBot;+https://webmaster.petalsearch.com/site/petalbot)"
195.154.61.206 - - [04/Jul/2021:04:34:31 -0400] "GET / HTTP/1.1" 301 546 "-" "Mozilla/5.0 (X11; Ubuntu; Linux x86_64; rv:58.0) Gecko/20100101 Firefox/58.0"
212.83.146.233 - - [04/Jul/2021:04:52:39 -0400] "GET / HTTP/1.1" 200 12573 "-" "Mozilla/5.0 (X11; Ubuntu; Linux x86_64; rv:58.0) Gecko/20100101 Firefox/58.0"
195.154.61.206 - - [04/Jul/2021:05:13:48 -0400] "GET / HTTP/1.1" 200 12533 "-" "Mozilla/5.0 (X11; Ubuntu; Linux x86_64; rv:58.0) Gecko/20100101 Firefox/58.0"
58.53.128.88 - - [04/Jul/2021:05:15:44 -0400] "GET / HTTP/1.1" 301 546 "-" "GRequests/0.10"
58.53.128.88 - - [04/Jul/2021:05:15:45 -0400] "GET / HTTP/1.1" 200 8465 "http://www.politisort.com" "GRequests/0.10"
75.119.133.125 - - [04/Jul/2021:07:28:10 -0400] "GET / HTTP/1.0" 301 571 "-" "Mozilla/5.0 (Windows NT 10.0; Win64; x64) AppleWebKit/537.36 (KHTML, like Gecko) Chrome/71.0.3578.98 Safari/537.36"
75.119.133.125 - - [04/Jul/2021:07:28:10 -0400] "GET / HTTP/1.0" 200 12152 "-" "Mozilla/5.0 (Windows NT 10.0; Win64; x64) AppleWebKit/537.36 (KHTML, like Gecko) Chrome/71.0.3578.98 Safari/537.36"
114.119.148.191 - - [04/Jul/2021:10:36:22 -0400] "GET /results.php HTTP/1.1" 200 8107 "-" "Mozilla/5.0 (Linux; Android 7.0;) AppleWebKit/537.36 (KHTML, like Gecko) Mobile Safari/537.36 (compatible; PetalBot;+https://webmaster.petalsearch.com/site/petalbot)"
79.173.188.4 - - [04/Jul/2021:11:14:06 -0400] "GET /sitemap.xml HTTP/1.1" 301 537 "-" "-"
79.173.188.4 - - [04/Jul/2021:11:14:06 -0400] "GET /sitemap.xml HTTP/1.1" 200 6740 "http://politisort.com/sitemap.xml" "-"
79.173.188.4 - - [04/Jul/2021:11:14:06 -0400] "GET /robots.txt HTTP/1.1" 301 535 "-" "-"
79.173.188.4 - - [04/Jul/2021:11:14:06 -0400] "GET /robots.txt HTTP/1.1" 404 460 "http://politisort.com/robots.txt" "-"
79.173.188.4 - - [04/Jul/2021:11:14:06 -0400] "GET /favicon.ico HTTP/1.1" 301 537 "-" "-"
79.173.188.4 - - [04/Jul/2021:11:14:06 -0400] "GET /favicon.ico HTTP/1.1" 404 460 "http://politisort.com/favicon.ico" "-"
79.173.188.4 - - [04/Jul/2021:11:14:30 -0400] "GET / HTTP/1.1" 301 571 "-" "Mozilla/5.0 (X11; Linux x86_64) AppleWebKit/537.36 (KHTML, like Gecko) Chrome/89.0.4389.114 Safari/537.36"
79.173.188.4 - - [04/Jul/2021:11:14:30 -0400] "GET / HTTP/1.1" 200 8516 "-" "Mozilla/5.0 (X11; Linux x86_64) AppleWebKit/537.36 (KHTML, like Gecko) Chrome/89.0.4389.114 Safari/537.36"
144.217.158.133 - - [04/Jul/2021:12:17:16 -0400] "GET /wp-login.php HTTP/1.1" 301 558 "-" "Mozilla/5.0 (X11; Ubuntu; Linux x86_64; rv:62.0) Gecko/20100101 Firefox/62.0"
144.217.158.133 - - [04/Jul/2021:12:17:17 -0400] "GET /wp-login.php HTTP/1.1" 404 5804 "http://politisort.com/wp-login.php" "Mozilla/5.0 (X11; Ubuntu; Linux x86_64; rv:62.0) Gecko/20100101 Firefox/62.0"
18.236.90.174 - - [04/Jul/2021:12:57:54 -0400] "GET / HTTP/1.1" 301 515 "-" "Mozilla/5.0 (X11; Linux x86_64) AppleWebKit/537.36 (KHTML, like Gecko) Chrome/83.0.4103.97 Safari/537.36"
54.202.123.232 - - [04/Jul/2021:12:58:20 -0400] "GET / HTTP/1.1" 200 8413 "-" "Mozilla/5.0 (X11; Linux x86_64) AppleWebKit/537.36 (KHTML, like Gecko) Chrome/83.0.4103.97 Safari/537.36"
34.217.116.191 - - [04/Jul/2021:12:58:41 -0400] "GET / HTTP/1.1" 200 8413 "-" "Mozilla/5.0 (X11; Linux x86_64) AppleWebKit/537.36 (KHTML, like Gecko) Chrome/83.0.4103.97 Safari/537.36"
92.118.160.5 - - [04/Jul/2021:13:12:07 -0400] "GET / HTTP/1.1" 200 11901 "-" "NetSystemsResearch studies the availability of various services across the internet. Our website is netsystemsresearch.com"
207.46.13.184 - - [04/Jul/2021:14:31:01 -0400] "GET /firefox.php HTTP/1.1" 200 7930 "-" "Mozilla/5.0 (compatible; bingbot/2.0; +http://www.bing.com/bingbot.htm)"
66.249.64.51 - - [04/Jul/2021:14:36:11 -0400] "GET /robots.txt HTTP/1.1" 404 6510 "-" "Mozilla/5.0 (compatible; Googlebot/2.1; +http://www.google.com/bot.html)"
66.249.64.47 - - [04/Jul/2021:14:36:11 -0400] "GET /images/bothaxes.gif HTTP/1.1" 304 6198 "-" "Googlebot-Image/1.0"
192.36.70.176 - - [04/Jul/2021:14:45:12 -0400] "GET /robots.txt HTTP/1.1" 301 554 "-" "Mozilla/5.0 (X11; CrOS x86_64 8172.45.0) AppleWebKit/537.36 (KHTML, like Gecko) Chrome/51.0.2704.64 Safari/537.36"
192.71.224.240 - - [04/Jul/2021:14:45:12 -0400] "GET /humans.txt HTTP/1.1" 301 554 "-" "Mozilla/5.0 (X11; CrOS x86_64 8172.45.0) AppleWebKit/537.36 (KHTML, like Gecko) Chrome/51.0.2704.64 Safari/537.36"
192.71.2.171 - - [04/Jul/2021:14:45:13 -0400] "GET /humans.txt HTTP/1.1" 404 6473 "http://politisort.com/humans.txt" "Mozilla/5.0 (X11; CrOS x86_64 8172.45.0) AppleWebKit/537.36 (KHTML, like Gecko) Chrome/51.0.2704.64 Safari/537.36"
192.36.248.249 - - [04/Jul/2021:14:45:13 -0400] "GET /ads.txt HTTP/1.1" 301 548 "-" "Mozilla/5.0 (X11; CrOS x86_64 8172.45.0) AppleWebKit/537.36 (KHTML, like Gecko) Chrome/51.0.2704.64 Safari/537.36"
192.71.12.140 - - [04/Jul/2021:14:45:13 -0400] "GET /ads.txt HTTP/1.1" 404 6473 "http://politisort.com/ads.txt" "Mozilla/5.0 (X11; CrOS x86_64 8172.45.0) AppleWebKit/537.36 (KHTML, like Gecko) Chrome/51.0.2704.64 Safari/537.36"
192.71.224.240 - - [04/Jul/2021:14:45:13 -0400] "GET / HTTP/1.1" 301 534 "-" "Mozilla/5.0 (X11; CrOS x86_64 8172.45.0) AppleWebKit/537.36 (KHTML, like Gecko) Chrome/51.0.2704.64 Safari/537.36"
192.71.30.89 - - [04/Jul/2021:14:45:14 -0400] "GET / HTTP/1.1" 200 8432 "http://politisort.com/" "Mozilla/5.0 (X11; CrOS x86_64 8172.45.0) AppleWebKit/537.36 (KHTML, like Gecko) Chrome/51.0.2704.64 Safari/537.36"
66.249.64.206 - - [04/Jul/2021:17:13:38 -0400] "GET /robots.txt HTTP/1.1" 404 6546 "-" "Mozilla/5.0 (compatible; Googlebot/2.1; +http://www.google.com/bot.html)"
66.249.64.202 - - [04/Jul/2021:17:13:39 -0400] "GET /ads.txt HTTP/1.1" 404 6546 "-" "Mozilla/5.0 (compatible; Googlebot/2.1; +http://www.google.com/bot.html)"
207.46.13.184 - - [04/Jul/2021:17:29:18 -0400] "GET /sitemap.xml HTTP/1.1" 200 6373 "-" "Mozilla/5.0 (compatible; bingbot/2.0; +http://www.bing.com/bingbot.htm)"
66.249.64.217 - - [04/Jul/2021:18:13:38 -0400] "GET /robots.txt HTTP/1.1" 301 603 "-" "Mozilla/5.0 (compatible; Googlebot/2.1; +http://www.google.com/bot.html)"
66.249.64.206 - - [04/Jul/2021:18:13:38 -0400] "GET /robots.txt HTTP/1.1" 404 6546 "-" "Mozilla/5.0 (compatible; Googlebot/2.1; +http://www.google.com/bot.html)"
66.249.64.217 - - [04/Jul/2021:18:13:38 -0400] "GET /ads.txt HTTP/1.1" 301 596 "-" "Mozilla/5.0 (compatible; Googlebot/2.1; +http://www.google.com/bot.html)"
66.249.89.219 - - [04/Jul/2021:18:27:26 -0400] "GET / HTTP/1.1" 301 583 "-" "Mozilla/5.0 (Linux; Android 4.0.4; Galaxy Nexus Build/IMM76B) AppleWebKit/[WEBKIT_VERSION] (KHTML, like Gecko; Mediapartners-Google) Chrome/[CHROME_VERSION] Mobile Safari/[WEBKIT_VERSION]"
66.249.89.221 - - [04/Jul/2021:18:27:27 -0400] "GET / HTTP/1.1" 301 583 "-" "Mozilla/5.0 (Macintosh; Intel Mac OS X 10_7_3) AppleWebKit/[WEBKIT_VERSION] (KHTML, like Gecko, Mediapartners-Google) Chrome/[CHROME_VERSION] Safari/[WEBKIT_VERSION]"
66.249.89.206 - - [04/Jul/2021:18:27:28 -0400] "GET / HTTP/1.1" 200 8502 "-" "Mozilla/5.0 (Macintosh; Intel Mac OS X 10_7_3) AppleWebKit/[WEBKIT_VERSION] (KHTML, like Gecko, Mediapartners-Google) Chrome/[CHROME_VERSION] Safari/[WEBKIT_VERSION]"
66.249.64.58 - - [04/Jul/2021:18:27:28 -0400] "GET /robots.txt HTTP/1.1" 301 591 "-" "Mozilla/5.0 (compatible; Googlebot/2.1; +http://www.google.com/bot.html)"
66.249.64.49 - - [04/Jul/2021:18:27:28 -0400] "GET /robots.txt HTTP/1.1" 404 6510 "-" "Mozilla/5.0 (compatible; Googlebot/2.1; +http://www.google.com/bot.html)"
66.249.89.124 - - [04/Jul/2021:18:27:28 -0400] "GET / HTTP/1.1" 301 571 "-" "Mozilla/5.0 (Macintosh; Intel Mac OS X 10_7_3) AppleWebKit/[WEBKIT_VERSION] (KHTML, like Gecko, Mediapartners-Google) Chrome/[CHROME_VERSION] Safari/[WEBKIT_VERSION]"
66.249.89.113 - - [04/Jul/2021:18:27:29 -0400] "GET / HTTP/1.1" 200 8469 "-" "Mozilla/5.0 (Macintosh; Intel Mac OS X 10_7_3) AppleWebKit/[WEBKIT_VERSION] (KHTML, like Gecko, Mediapartners-Google) Chrome/[CHROME_VERSION] Safari/[WEBKIT_VERSION]"
66.249.89.124 - - [04/Jul/2021:18:27:29 -0400] "GET / HTTP/1.1" 301 570 "-" "Mozilla/5.0 (Linux; Android 4.0.4; Galaxy Nexus Build/IMM76B) AppleWebKit/[WEBKIT_VERSION] (KHTML, like Gecko; Mediapartners-Google) Chrome/[CHROME_VERSION] Mobile Safari/[WEBKIT_VERSION]"
66.249.89.113 - - [04/Jul/2021:18:27:29 -0400] "GET / HTTP/1.1" 200 2474 "-" "Mozilla/5.0 (Linux; Android 4.0.4; Galaxy Nexus Build/IMM76B) AppleWebKit/[WEBKIT_VERSION] (KHTML, like Gecko; Mediapartners-Google) Chrome/[CHROME_VERSION] Mobile Safari/[WEBKIT_VERSION]"
66.249.89.219 - - [04/Jul/2021:18:27:30 -0400] "GET / HTTP/1.1" 301 582 "-" "Mozilla/5.0 (Linux; Android 4.0.4; Galaxy Nexus Build/IMM76B) AppleWebKit/[WEBKIT_VERSION] (KHTML, like Gecko; Mediapartners-Google) Chrome/[CHROME_VERSION] Mobile Safari/[WEBKIT_VERSION]"
66.249.89.204 - - [04/Jul/2021:18:27:30 -0400] "GET / HTTP/1.1" 200 8502 "-" "Mozilla/5.0 (Linux; Android 4.0.4; Galaxy Nexus Build/IMM76B) AppleWebKit/[WEBKIT_VERSION] (KHTML, like Gecko; Mediapartners-Google) Chrome/[CHROME_VERSION] Mobile Safari/[WEBKIT_VERSION]"
66.249.89.219 - - [04/Jul/2021:18:27:31 -0400] "GET /css/bootstrap.css HTTP/1.1" 301 616 "http://www.politisort.com/" "Mozilla/5.0 (Macintosh; Intel Mac OS X 10_7_3) AppleWebKit/537.36 (KHTML, like Gecko, Mediapartners-Google) Chrome/91.0.4472.90 Safari/537.36"
66.249.89.219 - - [04/Jul/2021:18:27:31 -0400] "GET /js/modernizr-2.6.2.min.js HTTP/1.1" 301 632 "http://www.politisort.com/" "Mozilla/5.0 (Macintosh; Intel Mac OS X 10_7_3) AppleWebKit/537.36 (KHTML, like Gecko, Mediapartners-Google) Chrome/91.0.4472.90 Safari/537.36"
66.249.89.122 - - [04/Jul/2021:18:27:32 -0400] "GET /js/modernizr-2.6.2.min.js HTTP/1.1" 301 621 "http://politisort.com/" "Mozilla/5.0 (Macintosh; Intel Mac OS X 10_7_3) AppleWebKit/537.36 (KHTML, like Gecko, Mediapartners-Google) Chrome/91.0.4472.90 Safari/537.36"
66.249.89.122 - - [04/Jul/2021:18:27:32 -0400] "GET /css/flexslider.css HTTP/1.1" 301 606 "http://politisort.com/" "Mozilla/5.0 (Macintosh; Intel Mac OS X 10_7_3) AppleWebKit/537.36 (KHTML, like Gecko, Mediapartners-Google) Chrome/91.0.4472.90 Safari/537.36"
66.249.89.111 - - [04/Jul/2021:18:27:33 -0400] "GET /js/modernizr-2.6.2.min.js HTTP/1.1" 200 12656 "http://politisort.com/" "Mozilla/5.0 (Macintosh; Intel Mac OS X 10_7_3) AppleWebKit/537.36 (KHTML, like Gecko, Mediapartners-Google) Chrome/91.0.4472.90 Safari/537.36"
66.249.89.217 - - [04/Jul/2021:18:27:33 -0400] "GET /css/icomoon.css HTTP/1.1" 301 613 "http://www.politisort.com/" "Mozilla/5.0 (Linux; Android 4.0.4; Galaxy Nexus Build/IMM76B) AppleWebKit/537.36 (KHTML, like Gecko; Mediapartners-Google) Chrome/91.0.4472.90 Mobile Safari/537.36"
66.249.89.219 - - [04/Jul/2021:18:27:34 -0400] "GET /css/style.css HTTP/1.1" 301 608 "http://www.politisort.com/" "Mozilla/5.0 (Linux; Android 4.0.4; Galaxy Nexus Build/IMM76B) AppleWebKit/537.36 (KHTML, like Gecko; Mediapartners-Google) Chrome/91.0.4472.90 Mobile Safari/537.36"
66.249.89.217 - - [04/Jul/2021:18:27:34 -0400] "GET /css/animate.css HTTP/1.1" 301 612 "http://www.politisort.com/" "Mozilla/5.0 (Linux; Android 4.0.4; Galaxy Nexus Build/IMM76B) AppleWebKit/537.36 (KHTML, like Gecko; Mediapartners-Google) Chrome/91.0.4472.90 Mobile Safari/537.36"
66.249.89.217 - - [04/Jul/2021:18:27:35 -0400] "GET /js/modernizr-2.6.2.min.js HTTP/1.1" 301 632 "http://www.politisort.com/" "Mozilla/5.0 (Linux; Android 4.0.4; Galaxy Nexus Build/IMM76B) AppleWebKit/537.36 (KHTML, like Gecko; Mediapartners-Google) Chrome/91.0.4472.90 Mobile Safari/537.36"
66.249.89.122 - - [04/Jul/2021:18:27:35 -0400] "GET /css/style.css HTTP/1.1" 301 596 "http://politisort.com/" "Mozilla/5.0 (Linux; Android 4.0.4; Galaxy Nexus Build/IMM76B) AppleWebKit/537.36 (KHTML, like Gecko; Mediapartners-Google) Chrome/91.0.4472.90 Mobile Safari/537.36"
66.249.89.120 - - [04/Jul/2021:18:27:35 -0400] "GET /css/flexslider.css HTTP/1.1" 301 607 "http://politisort.com/" "Mozilla/5.0 (Linux; Android 4.0.4; Galaxy Nexus Build/IMM76B) AppleWebKit/537.36 (KHTML, like Gecko; Mediapartners-Google) Chrome/91.0.4472.90 Mobile Safari/537.36"
66.249.89.217 - - [04/Jul/2021:18:27:36 -0400] "GET /css/animate.css HTTP/1.1" 301 612 "http://www.politisort.com/" "Mozilla/5.0 (Macintosh; Intel Mac OS X 10_7_3) AppleWebKit/537.36 (KHTML, like Gecko, Mediapartners-Google) Chrome/91.0.4472.90 Safari/537.36"
66.249.89.217 - - [04/Jul/2021:18:27:36 -0400] "GET /css/flexslider.css HTTP/1.1" 301 618 "http://www.politisort.com/" "Mozilla/5.0 (Macintosh; Intel Mac OS X 10_7_3) AppleWebKit/537.36 (KHTML, like Gecko, Mediapartners-Google) Chrome/91.0.4472.90 Safari/537.36"
66.249.89.217 - - [04/Jul/2021:18:27:37 -0400] "GET /css/bootstrap.css HTTP/1.1" 301 616 "http://www.politisort.com/" "Mozilla/5.0 (Linux; Android 4.0.4; Galaxy Nexus Build/IMM76B) AppleWebKit/537.36 (KHTML, like Gecko; Mediapartners-Google) Chrome/91.0.4472.90 Mobile Safari/537.36"
66.249.89.111 - - [04/Jul/2021:18:27:37 -0400] "GET /css/flexslider.css HTTP/1.1" 200 7926 "http://politisort.com/" "Mozilla/5.0 (Macintosh; Intel Mac OS X 10_7_3) AppleWebKit/537.36 (KHTML, like Gecko, Mediapartners-Google) Chrome/91.0.4472.90 Safari/537.36"
66.249.89.202 - - [04/Jul/2021:18:27:38 -0400] "GET /css/style.css HTTP/1.1" 200 11612 "http://www.politisort.com/" "Mozilla/5.0 (Linux; Android 4.0.4; Galaxy Nexus Build/IMM76B) AppleWebKit/537.36 (KHTML, like Gecko; Mediapartners-Google) Chrome/91.0.4472.90 Mobile Safari/537.36"
66.249.89.120 - - [04/Jul/2021:18:27:38 -0400] "GET /css/animate.css HTTP/1.1" 301 600 "http://politisort.com/" "Mozilla/5.0 (Macintosh; Intel Mac OS X 10_7_3) AppleWebKit/537.36 (KHTML, like Gecko, Mediapartners-Google) Chrome/91.0.4472.90 Safari/537.36"
66.249.89.120 - - [04/Jul/2021:18:27:39 -0400] "GET /css/bootstrap.css HTTP/1.1" 301 604 "http://politisort.com/" "Mozilla/5.0 (Linux; Android 4.0.4; Galaxy Nexus Build/IMM76B) AppleWebKit/537.36 (KHTML, like Gecko; Mediapartners-Google) Chrome/91.0.4472.90 Mobile Safari/537.36"
66.249.89.217 - - [04/Jul/2021:18:27:39 -0400] "GET /css/icomoon.css HTTP/1.1" 301 612 "http://www.politisort.com/" "Mozilla/5.0 (Macintosh; Intel Mac OS X 10_7_3) AppleWebKit/537.36 (KHTML, like Gecko, Mediapartners-Google) Chrome/91.0.4472.90 Safari/537.36"
66.249.89.120 - - [04/Jul/2021:18:27:40 -0400] "GET /js/modernizr-2.6.2.min.js HTTP/1.1" 301 620 "http://politisort.com/" "Mozilla/5.0 (Linux; Android 4.0.4; Galaxy Nexus Build/IMM76B) AppleWebKit/537.36 (KHTML, like Gecko; Mediapartners-Google) Chrome/91.0.4472.90 Mobile Safari/537.36"
66.249.89.202 - - [04/Jul/2021:18:27:40 -0400] "GET /css/icomoon.css HTTP/1.1" 200 8559 "http://www.politisort.com/" "Mozilla/5.0 (Linux; Android 4.0.4; Galaxy Nexus Build/IMM76B) AppleWebKit/537.36 (KHTML, like Gecko; Mediapartners-Google) Chrome/91.0.4472.90 Mobile Safari/537.36"
66.249.89.202 - - [04/Jul/2021:18:27:41 -0400] "GET /css/bootstrap.css HTTP/1.1" 200 19847 "http://www.politisort.com/" "Mozilla/5.0 (Macintosh; Intel Mac OS X 10_7_3) AppleWebKit/537.36 (KHTML, like Gecko, Mediapartners-Google) Chrome/91.0.4472.90 Safari/537.36"
66.249.89.111 - - [04/Jul/2021:18:27:41 -0400] "GET /css/style.css HTTP/1.1" 200 5585 "http://politisort.com/" "Mozilla/5.0 (Linux; Android 4.0.4; Galaxy Nexus Build/IMM76B) AppleWebKit/537.36 (KHTML, like Gecko; Mediapartners-Google) Chrome/91.0.4472.90 Mobile Safari/537.36"
66.249.89.111 - - [04/Jul/2021:18:27:41 -0400] "GET /css/flexslider.css HTTP/1.1" 200 1931 "http://politisort.com/" "Mozilla/5.0 (Linux; Android 4.0.4; Galaxy Nexus Build/IMM76B) AppleWebKit/537.36 (KHTML, like Gecko; Mediapartners-Google) Chrome/91.0.4472.90 Mobile Safari/537.36"
66.249.89.202 - - [04/Jul/2021:18:27:42 -0400] "GET /css/animate.css HTTP/1.1" 200 4848 "http://www.politisort.com/" "Mozilla/5.0 (Macintosh; Intel Mac OS X 10_7_3) AppleWebKit/537.36 (KHTML, like Gecko, Mediapartners-Google) Chrome/91.0.4472.90 Safari/537.36"
66.249.89.202 - - [04/Jul/2021:18:27:42 -0400] "GET /css/flexslider.css HTTP/1.1" 200 1931 "http://www.politisort.com/" "Mozilla/5.0 (Macintosh; Intel Mac OS X 10_7_3) AppleWebKit/537.36 (KHTML, like Gecko, Mediapartners-Google) Chrome/91.0.4472.90 Safari/537.36"
66.249.89.120 - - [04/Jul/2021:18:27:43 -0400] "GET /css/icomoon.css HTTP/1.1" 301 600 "http://politisort.com/" "Mozilla/5.0 (Linux; Android 4.0.4; Galaxy Nexus Build/IMM76B) AppleWebKit/537.36 (KHTML, like Gecko; Mediapartners-Google) Chrome/91.0.4472.90 Mobile Safari/537.36"
66.249.89.217 - - [04/Jul/2021:18:27:43 -0400] "GET /css/style.css HTTP/1.1" 301 609 "http://www.politisort.com/" "Mozilla/5.0 (Macintosh; Intel Mac OS X 10_7_3) AppleWebKit/537.36 (KHTML, like Gecko, Mediapartners-Google) Chrome/91.0.4472.90 Safari/537.36"
66.249.89.120 - - [04/Jul/2021:18:27:44 -0400] "GET /css/icomoon.css HTTP/1.1" 301 600 "http://politisort.com/" "Mozilla/5.0 (Macintosh; Intel Mac OS X 10_7_3) AppleWebKit/537.36 (KHTML, like Gecko, Mediapartners-Google) Chrome/91.0.4472.90 Safari/537.36"
66.249.89.120 - - [04/Jul/2021:18:27:44 -0400] "GET /css/animate.css HTTP/1.1" 301 600 "http://politisort.com/" "Mozilla/5.0 (Linux; Android 4.0.4; Galaxy Nexus Build/IMM76B) AppleWebKit/537.36 (KHTML, like Gecko; Mediapartners-Google) Chrome/91.0.4472.90 Mobile Safari/537.36"
66.249.89.217 - - [04/Jul/2021:18:27:45 -0400] "GET /css/flexslider.css HTTP/1.1" 301 618 "http://www.politisort.com/" "Mozilla/5.0 (Linux; Android 4.0.4; Galaxy Nexus Build/IMM76B) AppleWebKit/537.36 (KHTML, like Gecko; Mediapartners-Google) Chrome/91.0.4472.90 Mobile Safari/537.36"
66.249.89.202 - - [04/Jul/2021:18:27:45 -0400] "GET /js/modernizr-2.6.2.min.js HTTP/1.1" 200 6661 "http://www.politisort.com/" "Mozilla/5.0 (Linux; Android 4.0.4; Galaxy Nexus Build/IMM76B) AppleWebKit/537.36 (KHTML, like Gecko; Mediapartners-Google) Chrome/91.0.4472.90 Mobile Safari/537.36"
66.249.89.202 - - [04/Jul/2021:18:27:46 -0400] "GET /js/modernizr-2.6.2.min.js HTTP/1.1" 200 6661 "http://www.politisort.com/" "Mozilla/5.0 (Macintosh; Intel Mac OS X 10_7_3) AppleWebKit/537.36 (KHTML, like Gecko, Mediapartners-Google) Chrome/91.0.4472.90 Safari/537.36"
66.249.89.111 - - [04/Jul/2021:18:27:46 -0400] "GET /js/modernizr-2.6.2.min.js HTTP/1.1" 200 12656 "http://politisort.com/" "Mozilla/5.0 (Linux; Android 4.0.4; Galaxy Nexus Build/IMM76B) AppleWebKit/537.36 (KHTML, like Gecko; Mediapartners-Google) Chrome/91.0.4472.90 Mobile Safari/537.36"
66.249.89.202 - - [04/Jul/2021:18:27:47 -0400] "GET /css/animate.css HTTP/1.1" 200 4848 "http://www.politisort.com/" "Mozilla/5.0 (Linux; Android 4.0.4; Galaxy Nexus Build/IMM76B) AppleWebKit/537.36 (KHTML, like Gecko; Mediapartners-Google) Chrome/91.0.4472.90 Mobile Safari/537.36"
66.249.89.202 - - [04/Jul/2021:18:27:47 -0400] "GET /css/style.css HTTP/1.1" 200 5585 "http://www.politisort.com/" "Mozilla/5.0 (Macintosh; Intel Mac OS X 10_7_3) AppleWebKit/537.36 (KHTML, like Gecko, Mediapartners-Google) Chrome/91.0.4472.90 Safari/537.36"
66.249.89.111 - - [04/Jul/2021:18:27:48 -0400] "GET /css/animate.css HTTP/1.1" 200 4848 "http://politisort.com/" "Mozilla/5.0 (Macintosh; Intel Mac OS X 10_7_3) AppleWebKit/537.36 (KHTML, like Gecko, Mediapartners-Google) Chrome/91.0.4472.90 Safari/537.36"
66.249.89.111 - - [04/Jul/2021:18:27:48 -0400] "GET /css/animate.css HTTP/1.1" 200 4848 "http://politisort.com/" "Mozilla/5.0 (Linux; Android 4.0.4; Galaxy Nexus Build/IMM76B) AppleWebKit/537.36 (KHTML, like Gecko; Mediapartners-Google) Chrome/91.0.4472.90 Mobile Safari/537.36"
66.249.89.202 - - [04/Jul/2021:18:27:49 -0400] "GET /css/flexslider.css HTTP/1.1" 200 1931 "http://www.politisort.com/" "Mozilla/5.0 (Linux; Android 4.0.4; Galaxy Nexus Build/IMM76B) AppleWebKit/537.36 (KHTML, like Gecko; Mediapartners-Google) Chrome/91.0.4472.90 Mobile Safari/537.36"
66.249.89.120 - - [04/Jul/2021:18:27:49 -0400] "GET /css/style.css HTTP/1.1" 301 597 "http://politisort.com/" "Mozilla/5.0 (Macintosh; Intel Mac OS X 10_7_3) AppleWebKit/537.36 (KHTML, like Gecko, Mediapartners-Google) Chrome/91.0.4472.90 Safari/537.36"
66.249.89.202 - - [04/Jul/2021:18:27:50 -0400] "GET /css/bootstrap.css HTTP/1.1" 200 19847 "http://www.politisort.com/" "Mozilla/5.0 (Linux; Android 4.0.4; Galaxy Nexus Build/IMM76B) AppleWebKit/537.36 (KHTML, like Gecko; Mediapartners-Google) Chrome/91.0.4472.90 Mobile Safari/537.36"
66.249.89.111 - - [04/Jul/2021:18:27:50 -0400] "GET /css/icomoon.css HTTP/1.1" 200 8559 "http://politisort.com/" "Mozilla/5.0 (Linux; Android 4.0.4; Galaxy Nexus Build/IMM76B) AppleWebKit/537.36 (KHTML, like Gecko; Mediapartners-Google) Chrome/91.0.4472.90 Mobile Safari/537.36"
66.249.89.217 - - [04/Jul/2021:18:27:50 -0400] "GET /js/jquery.min.js HTTP/1.1" 301 615 "http://www.politisort.com/" "Mozilla/5.0 (Linux; Android 4.0.4; Galaxy Nexus Build/IMM76B) AppleWebKit/537.36 (KHTML, like Gecko; Mediapartners-Google) Chrome/91.0.4472.90 Mobile Safari/537.36"
66.249.89.120 - - [04/Jul/2021:18:27:51 -0400] "GET /css/bootstrap.css HTTP/1.1" 301 604 "http://politisort.com/" "Mozilla/5.0 (Macintosh; Intel Mac OS X 10_7_3) AppleWebKit/537.36 (KHTML, like Gecko, Mediapartners-Google) Chrome/91.0.4472.90 Safari/537.36"
66.249.89.111 - - [04/Jul/2021:18:27:51 -0400] "GET /css/style.css HTTP/1.1" 200 5585 "http://politisort.com/" "Mozilla/5.0 (Macintosh; Intel Mac OS X 10_7_3) AppleWebKit/537.36 (KHTML, like Gecko, Mediapartners-Google) Chrome/91.0.4472.90 Safari/537.36"
66.249.89.111 - - [04/Jul/2021:18:27:52 -0400] "GET /css/bootstrap.css HTTP/1.1" 200 19847 "http://politisort.com/" "Mozilla/5.0 (Linux; Android 4.0.4; Galaxy Nexus Build/IMM76B) AppleWebKit/537.36 (KHTML, like Gecko; Mediapartners-Google) Chrome/91.0.4472.90 Mobile Safari/537.36"
66.249.89.217 - - [04/Jul/2021:18:27:52 -0400] "GET /js/jquery.min.js HTTP/1.1" 301 614 "http://www.politisort.com/" "Mozilla/5.0 (Macintosh; Intel Mac OS X 10_7_3) AppleWebKit/537.36 (KHTML, like Gecko, Mediapartners-Google) Chrome/91.0.4472.90 Safari/537.36"
66.249.89.111 - - [04/Jul/2021:18:27:53 -0400] "GET /css/bootstrap.css HTTP/1.1" 200 19847 "http://politisort.com/" "Mozilla/5.0 (Macintosh; Intel Mac OS X 10_7_3) AppleWebKit/537.36 (KHTML, like Gecko, Mediapartners-Google) Chrome/91.0.4472.90 Safari/537.36"
66.249.89.120 - - [04/Jul/2021:18:27:53 -0400] "GET /js/jquery.easing.1.3.js HTTP/1.1" 301 616 "http://politisort.com/" "Mozilla/5.0 (Linux; Android 4.0.4; Galaxy Nexus Build/IMM76B) AppleWebKit/537.36 (KHTML, like Gecko; Mediapartners-Google) Chrome/91.0.4472.90 Mobile Safari/537.36"
66.249.89.111 - - [04/Jul/2021:18:27:54 -0400] "GET /js/jquery.easing.1.3.js HTTP/1.1" 200 2421 "http://politisort.com/" "Mozilla/5.0 (Linux; Android 4.0.4; Galaxy Nexus Build/IMM76B) AppleWebKit/537.36 (KHTML, like Gecko; Mediapartners-Google) Chrome/91.0.4472.90 Mobile Safari/537.36"
66.249.89.111 - - [04/Jul/2021:18:27:54 -0400] "GET /css/icomoon.css HTTP/1.1" 200 8559 "http://politisort.com/" "Mozilla/5.0 (Macintosh; Intel Mac OS X 10_7_3) AppleWebKit/537.36 (KHTML, like Gecko, Mediapartners-Google) Chrome/91.0.4472.90 Safari/537.36"
66.249.89.120 - - [04/Jul/2021:18:27:55 -0400] "GET /js/jquery.min.js HTTP/1.1" 301 602 "http://politisort.com/" "Mozilla/5.0 (Linux; Android 4.0.4; Galaxy Nexus Build/IMM76B) AppleWebKit/537.36 (KHTML, like Gecko; Mediapartners-Google) Chrome/91.0.4472.90 Mobile Safari/537.36"
66.249.89.202 - - [04/Jul/2021:18:27:55 -0400] "GET /js/jquery.min.js HTTP/1.1" 200 36068 "http://www.politisort.com/" "Mozilla/5.0 (Linux; Android 4.0.4; Galaxy Nexus Build/IMM76B) AppleWebKit/537.36 (KHTML, like Gecko; Mediapartners-Google) Chrome/91.0.4472.90 Mobile Safari/537.36"
66.249.89.217 - - [04/Jul/2021:18:27:56 -0400] "GET /js/bootstrap.min.js HTTP/1.1" 301 620 "http://www.politisort.com/" "Mozilla/5.0 (Linux; Android 4.0.4; Galaxy Nexus Build/IMM76B) AppleWebKit/537.36 (KHTML, like Gecko; Mediapartners-Google) Chrome/91.0.4472.90 Mobile Safari/537.36"
66.249.89.120 - - [04/Jul/2021:18:27:57 -0400] "GET /js/bootstrap.min.js HTTP/1.1" 301 608 "http://politisort.com/" "Mozilla/5.0 (Linux; Android 4.0.4; Galaxy Nexus Build/IMM76B) AppleWebKit/537.36 (KHTML, like Gecko; Mediapartners-Google) Chrome/91.0.4472.90 Mobile Safari/537.36"
66.249.89.202 - - [04/Jul/2021:18:27:57 -0400] "GET /js/bootstrap.min.js HTTP/1.1" 200 10184 "http://www.politisort.com/" "Mozilla/5.0 (Linux; Android 4.0.4; Galaxy Nexus Build/IMM76B) AppleWebKit/537.36 (KHTML, like Gecko; Mediapartners-Google) Chrome/91.0.4472.90 Mobile Safari/537.36"
66.249.89.120 - - [04/Jul/2021:18:27:58 -0400] "GET /js/jquery.easing.1.3.js HTTP/1.1" 301 616 "http://politisort.com/" "Mozilla/5.0 (Macintosh; Intel Mac OS X 10_7_3) AppleWebKit/537.36 (KHTML, like Gecko, Mediapartners-Google) Chrome/91.0.4472.90 Safari/537.36"
66.249.89.202 - - [04/Jul/2021:18:27:59 -0400] "GET /css/icomoon.css HTTP/1.1" 200 8559 "http://www.politisort.com/" "Mozilla/5.0 (Macintosh; Intel Mac OS X 10_7_3) AppleWebKit/537.36 (KHTML, like Gecko, Mediapartners-Google) Chrome/91.0.4472.90 Safari/537.36"
66.249.89.206 - - [04/Jul/2021:18:28:01 -0400] "GET /js/jquery.min.js HTTP/1.1" 200 36068 "http://www.politisort.com/" "Mozilla/5.0 (Macintosh; Intel Mac OS X 10_7_3) AppleWebKit/537.36 (KHTML, like Gecko, Mediapartners-Google) Chrome/91.0.4472.90 Safari/537.36"
66.249.89.217 - - [04/Jul/2021:18:28:01 -0400] "GET /js/bootstrap.min.js HTTP/1.1" 301 621 "http://www.politisort.com/" "Mozilla/5.0 (Macintosh; Intel Mac OS X 10_7_3) AppleWebKit/537.36 (KHTML, like Gecko, Mediapartners-Google) Chrome/91.0.4472.90 Safari/537.36"
66.249.89.124 - - [04/Jul/2021:18:28:02 -0400] "GET /js/jquery.min.js HTTP/1.1" 301 603 "http://politisort.com/" "Mozilla/5.0 (Macintosh; Intel Mac OS X 10_7_3) AppleWebKit/537.36 (KHTML, like Gecko, Mediapartners-Google) Chrome/91.0.4472.90 Safari/537.36"
66.249.89.115 - - [04/Jul/2021:18:28:02 -0400] "GET /js/jquery.min.js HTTP/1.1" 200 36036 "http://politisort.com/" "Mozilla/5.0 (Macintosh; Intel Mac OS X 10_7_3) AppleWebKit/537.36 (KHTML, like Gecko, Mediapartners-Google) Chrome/91.0.4472.90 Safari/537.36"
66.249.89.219 - - [04/Jul/2021:18:28:03 -0400] "GET /js/jquery.easing.1.3.js HTTP/1.1" 301 629 "http://www.politisort.com/" "Mozilla/5.0 (Macintosh; Intel Mac OS X 10_7_3) AppleWebKit/537.36 (KHTML, like Gecko, Mediapartners-Google) Chrome/91.0.4472.90 Safari/537.36"
66.249.89.202 - - [04/Jul/2021:18:28:03 -0400] "GET /js/bootstrap.min.js HTTP/1.1" 200 16211 "http://www.politisort.com/" "Mozilla/5.0 (Macintosh; Intel Mac OS X 10_7_3) AppleWebKit/537.36 (KHTML, like Gecko, Mediapartners-Google) Chrome/91.0.4472.90 Safari/537.36"
66.249.89.115 - - [04/Jul/2021:18:28:04 -0400] "GET /js/bootstrap.min.js HTTP/1.1" 200 10184 "http://politisort.com/" "Mozilla/5.0 (Linux; Android 4.0.4; Galaxy Nexus Build/IMM76B) AppleWebKit/537.36 (KHTML, like Gecko; Mediapartners-Google) Chrome/91.0.4472.90 Mobile Safari/537.36"
66.249.89.206 - - [04/Jul/2021:18:28:04 -0400] "GET /js/jquery.easing.1.3.js HTTP/1.1" 200 2421 "http://www.politisort.com/" "Mozilla/5.0 (Macintosh; Intel Mac OS X 10_7_3) AppleWebKit/537.36 (KHTML, like Gecko, Mediapartners-Google) Chrome/91.0.4472.90 Safari/537.36"
66.249.89.120 - - [04/Jul/2021:18:28:05 -0400] "GET /js/bootstrap.min.js HTTP/1.1" 301 609 "http://politisort.com/" "Mozilla/5.0 (Macintosh; Intel Mac OS X 10_7_3) AppleWebKit/537.36 (KHTML, like Gecko, Mediapartners-Google) Chrome/91.0.4472.90 Safari/537.36"
66.249.89.219 - - [04/Jul/2021:18:28:05 -0400] "GET /js/jquery.flexslider-min.js HTTP/1.1" 301 636 "http://www.politisort.com/" "Mozilla/5.0 (Macintosh; Intel Mac OS X 10_7_3) AppleWebKit/537.36 (KHTML, like Gecko, Mediapartners-Google) Chrome/91.0.4472.90 Safari/537.36"
66.249.89.113 - - [04/Jul/2021:18:28:06 -0400] "GET /js/bootstrap.min.js HTTP/1.1" 200 16179 "http://politisort.com/" "Mozilla/5.0 (Macintosh; Intel Mac OS X 10_7_3) AppleWebKit/537.36 (KHTML, like Gecko, Mediapartners-Google) Chrome/91.0.4472.90 Safari/537.36"
66.249.89.122 - - [04/Jul/2021:18:28:06 -0400] "GET /js/jquery.waypoints.min.js HTTP/1.1" 301 623 "http://politisort.com/" "Mozilla/5.0 (Linux; Android 4.0.4; Galaxy Nexus Build/IMM76B) AppleWebKit/537.36 (KHTML, like Gecko; Mediapartners-Google) Chrome/91.0.4472.90 Mobile Safari/537.36"
66.249.89.202 - - [04/Jul/2021:18:28:06 -0400] "GET /js/jquery.flexslider-min.js HTTP/1.1" 200 6835 "http://www.politisort.com/" "Mozilla/5.0 (Macintosh; Intel Mac OS X 10_7_3) AppleWebKit/537.36 (KHTML, like Gecko, Mediapartners-Google) Chrome/91.0.4472.90 Safari/537.36"
66.249.89.217 - - [04/Jul/2021:18:28:08 -0400] "GET /js/jquery.waypoints.min.js HTTP/1.1" 301 635 "http://www.politisort.com/" "Mozilla/5.0 (Linux; Android 4.0.4; Galaxy Nexus Build/IMM76B) AppleWebKit/537.36 (KHTML, like Gecko; Mediapartners-Google) Chrome/91.0.4472.90 Mobile Safari/537.36"
66.249.89.122 - - [04/Jul/2021:18:28:09 -0400] "GET /js/jquery.waypoints.min.js HTTP/1.1" 301 622 "http://politisort.com/" "Mozilla/5.0 (Macintosh; Intel Mac OS X 10_7_3) AppleWebKit/537.36 (KHTML, like Gecko, Mediapartners-Google) Chrome/91.0.4472.90 Safari/537.36"
66.249.89.202 - - [04/Jul/2021:18:28:10 -0400] "GET /js/jquery.waypoints.min.js HTTP/1.1" 200 3119 "http://www.politisort.com/" "Mozilla/5.0 (Linux; Android 4.0.4; Galaxy Nexus Build/IMM76B) AppleWebKit/537.36 (KHTML, like Gecko; Mediapartners-Google) Chrome/91.0.4472.90 Mobile Safari/537.36"
66.249.89.217 - - [04/Jul/2021:18:28:11 -0400] "GET /js/main.js HTTP/1.1" 301 602 "http://www.politisort.com/" "Mozilla/5.0 (Linux; Android 4.0.4; Galaxy Nexus Build/IMM76B) AppleWebKit/537.36 (KHTML, like Gecko; Mediapartners-Google) Chrome/91.0.4472.90 Mobile Safari/537.36"
66.249.89.217 - - [04/Jul/2021:18:28:12 -0400] "GET /js/jquery.waypoints.min.js HTTP/1.1" 301 634 "http://www.politisort.com/" "Mozilla/5.0 (Macintosh; Intel Mac OS X 10_7_3) AppleWebKit/537.36 (KHTML, like Gecko, Mediapartners-Google) Chrome/91.0.4472.90 Safari/537.36"
66.249.89.202 - - [04/Jul/2021:18:28:12 -0400] "GET /js/jquery.waypoints.min.js HTTP/1.1" 200 3119 "http://www.politisort.com/" "Mozilla/5.0 (Macintosh; Intel Mac OS X 10_7_3) AppleWebKit/537.36 (KHTML, like Gecko, Mediapartners-Google) Chrome/91.0.4472.90 Safari/537.36"
66.249.89.111 - - [04/Jul/2021:18:28:13 -0400] "GET /js/jquery.waypoints.min.js HTTP/1.1" 200 9114 "http://politisort.com/" "Mozilla/5.0 (Linux; Android 4.0.4; Galaxy Nexus Build/IMM76B) AppleWebKit/537.36 (KHTML, like Gecko; Mediapartners-Google) Chrome/91.0.4472.90 Mobile Safari/537.36"
66.249.89.217 - - [04/Jul/2021:18:28:13 -0400] "GET /images/btc.png HTTP/1.1" 301 610 "http://www.politisort.com/" "Mozilla/5.0 (Macintosh; Intel Mac OS X 10_7_3) AppleWebKit/537.36 (KHTML, like Gecko, Mediapartners-Google) Chrome/91.0.4472.90 Safari/537.36"
66.249.89.111 - - [04/Jul/2021:18:28:14 -0400] "GET /js/jquery.min.js HTTP/1.1" 200 30041 "http://politisort.com/" "Mozilla/5.0 (Linux; Android 4.0.4; Galaxy Nexus Build/IMM76B) AppleWebKit/537.36 (KHTML, like Gecko; Mediapartners-Google) Chrome/91.0.4472.90 Mobile Safari/537.36"
66.249.89.111 - - [04/Jul/2021:18:28:14 -0400] "GET /js/jquery.easing.1.3.js HTTP/1.1" 200 2421 "http://politisort.com/" "Mozilla/5.0 (Macintosh; Intel Mac OS X 10_7_3) AppleWebKit/537.36 (KHTML, like Gecko, Mediapartners-Google) Chrome/91.0.4472.90 Safari/537.36"
66.249.89.217 - - [04/Jul/2021:18:28:15 -0400] "GET /js/main.js HTTP/1.1" 301 602 "http://www.politisort.com/" "Mozilla/5.0 (Macintosh; Intel Mac OS X 10_7_3) AppleWebKit/537.36 (KHTML, like Gecko, Mediapartners-Google) Chrome/91.0.4472.90 Safari/537.36"
66.249.89.202 - - [04/Jul/2021:18:28:15 -0400] "GET /images/btc.png HTTP/1.1" 200 1157 "http://www.politisort.com/" "Mozilla/5.0 (Macintosh; Intel Mac OS X 10_7_3) AppleWebKit/537.36 (KHTML, like Gecko, Mediapartners-Google) Chrome/91.0.4472.90 Safari/537.36"
66.249.89.202 - - [04/Jul/2021:18:28:16 -0400] "GET /js/main.js HTTP/1.1" 200 1993 "http://www.politisort.com/" "Mozilla/5.0 (Linux; Android 4.0.4; Galaxy Nexus Build/IMM76B) AppleWebKit/537.36 (KHTML, like Gecko; Mediapartners-Google) Chrome/91.0.4472.90 Mobile Safari/537.36"
66.249.89.120 - - [04/Jul/2021:18:28:16 -0400] "GET /js/jquery.flexslider-min.js HTTP/1.1" 301 625 "http://politisort.com/" "Mozilla/5.0 (Macintosh; Intel Mac OS X 10_7_3) AppleWebKit/537.36 (KHTML, like Gecko, Mediapartners-Google) Chrome/91.0.4472.90 Safari/537.36"
66.249.89.111 - - [04/Jul/2021:18:28:17 -0400] "GET /js/jquery.flexslider-min.js HTTP/1.1" 200 6835 "http://politisort.com/" "Mozilla/5.0 (Macintosh; Intel Mac OS X 10_7_3) AppleWebKit/537.36 (KHTML, like Gecko, Mediapartners-Google) Chrome/91.0.4472.90 Safari/537.36"
66.249.89.217 - - [04/Jul/2021:18:28:21 -0400] "GET /images/btc.png HTTP/1.1" 301 611 "http://www.politisort.com/" "Mozilla/5.0 (Linux; Android 4.0.4; Galaxy Nexus Build/IMM76B) AppleWebKit/537.36 (KHTML, like Gecko; Mediapartners-Google) Chrome/91.0.4472.90 Mobile Safari/537.36"
66.249.89.120 - - [04/Jul/2021:18:28:22 -0400] "GET /js/main.js HTTP/1.1" 301 591 "http://politisort.com/" "Mozilla/5.0 (Linux; Android 4.0.4; Galaxy Nexus Build/IMM76B) AppleWebKit/537.36 (KHTML, like Gecko; Mediapartners-Google) Chrome/91.0.4472.90 Mobile Safari/537.36"
66.249.89.111 - - [04/Jul/2021:18:28:22 -0400] "GET /js/main.js HTTP/1.1" 200 7988 "http://politisort.com/" "Mozilla/5.0 (Linux; Android 4.0.4; Galaxy Nexus Build/IMM76B) AppleWebKit/537.36 (KHTML, like Gecko; Mediapartners-Google) Chrome/91.0.4472.90 Mobile Safari/537.36"
66.249.89.111 - - [04/Jul/2021:18:28:23 -0400] "GET /js/jquery.waypoints.min.js HTTP/1.1" 200 3119 "http://politisort.com/" "Mozilla/5.0 (Macintosh; Intel Mac OS X 10_7_3) AppleWebKit/537.36 (KHTML, like Gecko, Mediapartners-Google) Chrome/91.0.4472.90 Safari/537.36"
66.249.89.120 - - [04/Jul/2021:18:28:23 -0400] "GET /images/btc.png HTTP/1.1" 301 598 "http://politisort.com/" "Mozilla/5.0 (Linux; Android 4.0.4; Galaxy Nexus Build/IMM76B) AppleWebKit/537.36 (KHTML, like Gecko; Mediapartners-Google) Chrome/91.0.4472.90 Mobile Safari/537.36"
66.249.89.120 - - [04/Jul/2021:18:28:24 -0400] "GET /js/jquery.flexslider-min.js HTTP/1.1" 301 624 "http://politisort.com/" "Mozilla/5.0 (Linux; Android 4.0.4; Galaxy Nexus Build/IMM76B) AppleWebKit/537.36 (KHTML, like Gecko; Mediapartners-Google) Chrome/91.0.4472.90 Mobile Safari/537.36"
66.249.89.120 - - [04/Jul/2021:18:28:24 -0400] "GET /images/btc.png HTTP/1.1" 301 598 "http://politisort.com/" "Mozilla/5.0 (Macintosh; Intel Mac OS X 10_7_3) AppleWebKit/537.36 (KHTML, like Gecko, Mediapartners-Google) Chrome/91.0.4472.90 Safari/537.36"
66.249.89.111 - - [04/Jul/2021:18:28:25 -0400] "GET /js/jquery.flexslider-min.js HTTP/1.1" 200 6835 "http://politisort.com/" "Mozilla/5.0 (Linux; Android 4.0.4; Galaxy Nexus Build/IMM76B) AppleWebKit/537.36 (KHTML, like Gecko; Mediapartners-Google) Chrome/91.0.4472.90 Mobile Safari/537.36"
66.249.89.111 - - [04/Jul/2021:18:28:25 -0400] "GET /images/btc.png HTTP/1.1" 200 1157 "http://politisort.com/" "Mozilla/5.0 (Linux; Android 4.0.4; Galaxy Nexus Build/IMM76B) AppleWebKit/537.36 (KHTML, like Gecko; Mediapartners-Google) Chrome/91.0.4472.90 Mobile Safari/537.36"
66.249.89.111 - - [04/Jul/2021:18:28:25 -0400] "GET /images/btc.png HTTP/1.1" 200 1157 "http://politisort.com/" "Mozilla/5.0 (Macintosh; Intel Mac OS X 10_7_3) AppleWebKit/537.36 (KHTML, like Gecko, Mediapartners-Google) Chrome/91.0.4472.90 Safari/537.36"
66.249.89.202 - - [04/Jul/2021:18:28:26 -0400] "GET /images/btc.png HTTP/1.1" 200 7184 "http://www.politisort.com/" "Mozilla/5.0 (Linux; Android 4.0.4; Galaxy Nexus Build/IMM76B) AppleWebKit/537.36 (KHTML, like Gecko; Mediapartners-Google) Chrome/91.0.4472.90 Mobile Safari/537.36"
66.249.89.217 - - [04/Jul/2021:18:28:26 -0400] "GET /js/jquery.flexslider-min.js HTTP/1.1" 301 637 "http://www.politisort.com/" "Mozilla/5.0 (Linux; Android 4.0.4; Galaxy Nexus Build/IMM76B) AppleWebKit/537.36 (KHTML, like Gecko; Mediapartners-Google) Chrome/91.0.4472.90 Mobile Safari/537.36"
66.249.89.120 - - [04/Jul/2021:18:28:27 -0400] "GET /images/eth.png HTTP/1.1" 301 598 "http://politisort.com/" "Mozilla/5.0 (Macintosh; Intel Mac OS X 10_7_3) AppleWebKit/537.36 (KHTML, like Gecko, Mediapartners-Google) Chrome/91.0.4472.90 Safari/537.36"
66.249.89.217 - - [04/Jul/2021:18:28:27 -0400] "GET /images/eth.png HTTP/1.1" 301 610 "http://www.politisort.com/" "Mozilla/5.0 (Linux; Android 4.0.4; Galaxy Nexus Build/IMM76B) AppleWebKit/537.36 (KHTML, like Gecko; Mediapartners-Google) Chrome/91.0.4472.90 Mobile Safari/537.36"
66.249.89.202 - - [04/Jul/2021:18:28:28 -0400] "GET /images/eth.png HTTP/1.1" 200 1107 "http://www.politisort.com/" "Mozilla/5.0 (Linux; Android 4.0.4; Galaxy Nexus Build/IMM76B) AppleWebKit/537.36 (KHTML, like Gecko; Mediapartners-Google) Chrome/91.0.4472.90 Mobile Safari/537.36"
66.249.89.120 - - [04/Jul/2021:18:28:28 -0400] "GET /images/eth.png HTTP/1.1" 301 598 "http://politisort.com/" "Mozilla/5.0 (Linux; Android 4.0.4; Galaxy Nexus Build/IMM76B) AppleWebKit/537.36 (KHTML, like Gecko; Mediapartners-Google) Chrome/91.0.4472.90 Mobile Safari/537.36"
66.249.89.111 - - [04/Jul/2021:18:28:29 -0400] "GET /images/eth.png HTTP/1.1" 200 1107 "http://politisort.com/" "Mozilla/5.0 (Linux; Android 4.0.4; Galaxy Nexus Build/IMM76B) AppleWebKit/537.36 (KHTML, like Gecko; Mediapartners-Google) Chrome/91.0.4472.90 Mobile Safari/537.36"
66.249.89.120 - - [04/Jul/2021:18:28:29 -0400] "GET /js/main.js HTTP/1.1" 301 590 "http://politisort.com/" "Mozilla/5.0 (Macintosh; Intel Mac OS X 10_7_3) AppleWebKit/537.36 (KHTML, like Gecko, Mediapartners-Google) Chrome/91.0.4472.90 Safari/537.36"
66.249.89.217 - - [04/Jul/2021:18:28:30 -0400] "GET /images/eth.png HTTP/1.1" 301 610 "http://www.politisort.com/" "Mozilla/5.0 (Macintosh; Intel Mac OS X 10_7_3) AppleWebKit/537.36 (KHTML, like Gecko, Mediapartners-Google) Chrome/91.0.4472.90 Safari/537.36"
66.249.89.202 - - [04/Jul/2021:18:28:30 -0400] "GET /js/main.js HTTP/1.1" 200 1993 "http://www.politisort.com/" "Mozilla/5.0 (Macintosh; Intel Mac OS X 10_7_3) AppleWebKit/537.36 (KHTML, like Gecko, Mediapartners-Google) Chrome/91.0.4472.90 Safari/537.36"
66.249.89.202 - - [04/Jul/2021:18:28:31 -0400] "GET /images/eth.png HTTP/1.1" 200 1107 "http://www.politisort.com/" "Mozilla/5.0 (Macintosh; Intel Mac OS X 10_7_3) AppleWebKit/537.36 (KHTML, like Gecko, Mediapartners-Google) Chrome/91.0.4472.90 Safari/537.36"
66.249.89.111 - - [04/Jul/2021:18:28:31 -0400] "GET /fonts/icomoon/icomoon.ttf?srf3rx HTTP/1.1" 200 225082 "https://politisort.com/css/style.css" "Mozilla/5.0 (Linux; Android 4.0.4; Galaxy Nexus Build/IMM76B) AppleWebKit/537.36 (KHTML, like Gecko; Mediapartners-Google) Chrome/91.0.4472.90 Mobile Safari/537.36"
66.249.89.202 - - [04/Jul/2021:18:28:36 -0400] "GET /fonts/icomoon/icomoon.ttf?srf3rx HTTP/1.1" 200 231109 "https://www.politisort.com/css/style.css" "Mozilla/5.0 (Macintosh; Intel Mac OS X 10_7_3) AppleWebKit/537.36 (KHTML, like Gecko, Mediapartners-Google) Chrome/91.0.4472.90 Safari/537.36"
66.249.89.202 - - [04/Jul/2021:18:28:37 -0400] "GET /js/jquery.flexslider-min.js HTTP/1.1" 200 6835 "http://www.politisort.com/" "Mozilla/5.0 (Linux; Android 4.0.4; Galaxy Nexus Build/IMM76B) AppleWebKit/537.36 (KHTML, like Gecko; Mediapartners-Google) Chrome/91.0.4472.90 Mobile Safari/537.36"
66.249.89.202 - - [04/Jul/2021:18:28:37 -0400] "GET /fonts/icomoon/icomoon.woff?srf3rx HTTP/1.1" 200 225159 "https://www.politisort.com/css/style.css" "Mozilla/5.0 (Macintosh; Intel Mac OS X 10_7_3) AppleWebKit/537.36 (KHTML, like Gecko, Mediapartners-Google) Chrome/91.0.4472.90 Safari/537.36"
66.249.89.111 - - [04/Jul/2021:18:28:38 -0400] "GET /js/main.js HTTP/1.1" 200 7988 "http://politisort.com/" "Mozilla/5.0 (Macintosh; Intel Mac OS X 10_7_3) AppleWebKit/537.36 (KHTML, like Gecko, Mediapartners-Google) Chrome/91.0.4472.90 Safari/537.36"
66.249.89.111 - - [04/Jul/2021:18:28:40 -0400] "GET /fonts/icomoon/icomoon.woff?srf3rx HTTP/1.1" 200 225159 "https://politisort.com/css/style.css" "Mozilla/5.0 (Linux; Android 4.0.4; Galaxy Nexus Build/IMM76B) AppleWebKit/537.36 (KHTML, like Gecko; Mediapartners-Google) Chrome/91.0.4472.90 Mobile Safari/537.36"
66.249.89.202 - - [04/Jul/2021:18:28:53 -0400] "GET /css/fonts/icomoon.ttf?1oniuf HTTP/1.1" 404 6546 "https://www.politisort.com/css/icomoon.css" "Mozilla/5.0 (Macintosh; Intel Mac OS X 10_7_3) AppleWebKit/537.36 (KHTML, like Gecko, Mediapartners-Google) Chrome/91.0.4472.90 Safari/537.36"
66.249.89.202 - - [04/Jul/2021:18:28:54 -0400] "GET /css/fonts/icomoon.woff?1oniuf HTTP/1.1" 404 519 "https://www.politisort.com/css/icomoon.css" "Mozilla/5.0 (Macintosh; Intel Mac OS X 10_7_3) AppleWebKit/537.36 (KHTML, like Gecko, Mediapartners-Google) Chrome/91.0.4472.90 Safari/537.36"
66.249.89.202 - - [04/Jul/2021:18:28:55 -0400] "GET /fonts/icomoon/icomoon.ttf?srf3rx HTTP/1.1" 200 225082 "https://www.politisort.com/css/style.css" "Mozilla/5.0 (Linux; Android 4.0.4; Galaxy Nexus Build/IMM76B) AppleWebKit/537.36 (KHTML, like Gecko; Mediapartners-Google) Chrome/91.0.4472.90 Mobile Safari/537.36"
66.249.89.202 - - [04/Jul/2021:18:28:55 -0400] "GET /fonts/icomoon/icomoon.woff?srf3rx HTTP/1.1" 200 225159 "https://www.politisort.com/css/style.css" "Mozilla/5.0 (Linux; Android 4.0.4; Galaxy Nexus Build/IMM76B) AppleWebKit/537.36 (KHTML, like Gecko; Mediapartners-Google) Chrome/91.0.4472.90 Mobile Safari/537.36"
66.249.89.202 - - [04/Jul/2021:18:28:55 -0400] "GET /css/fonts/icomoon.ttf?1oniuf HTTP/1.1" 404 519 "https://www.politisort.com/css/icomoon.css" "Mozilla/5.0 (Linux; Android 4.0.4; Galaxy Nexus Build/IMM76B) AppleWebKit/537.36 (KHTML, like Gecko; Mediapartners-Google) Chrome/91.0.4472.90 Mobile Safari/537.36"
66.249.89.111 - - [04/Jul/2021:18:28:56 -0400] "GET /css/fonts/icomoon.ttf?1oniuf HTTP/1.1" 404 6510 "https://politisort.com/css/icomoon.css" "Mozilla/5.0 (Linux; Android 4.0.4; Galaxy Nexus Build/IMM76B) AppleWebKit/537.36 (KHTML, like Gecko; Mediapartners-Google) Chrome/91.0.4472.90 Mobile Safari/537.36"
66.249.89.111 - - [04/Jul/2021:18:28:56 -0400] "GET /css/fonts/icomoon.woff?1oniuf HTTP/1.1" 404 515 "https://politisort.com/css/icomoon.css" "Mozilla/5.0 (Linux; Android 4.0.4; Galaxy Nexus Build/IMM76B) AppleWebKit/537.36 (KHTML, like Gecko; Mediapartners-Google) Chrome/91.0.4472.90 Mobile Safari/537.36"
66.249.89.202 - - [04/Jul/2021:18:29:17 -0400] "GET /css/bootstrap.css HTTP/1.1" 200 25874 "http://www.politisort.com/" "Mozilla/5.0 (Linux; Android 4.0.4; Galaxy Nexus Build/IMM76B) AppleWebKit/537.36 (KHTML, like Gecko; Mediapartners-Google) Chrome/91.0.4472.90 Mobile Safari/537.36"
66.249.89.221 - - [04/Jul/2021:18:29:18 -0400] "GET /css/style.css HTTP/1.1" 301 609 "http://www.politisort.com/" "Mozilla/5.0 (Linux; Android 4.0.4; Galaxy Nexus Build/IMM76B) AppleWebKit/537.36 (KHTML, like Gecko; Mediapartners-Google) Chrome/91.0.4472.90 Mobile Safari/537.36"
66.249.89.115 - - [04/Jul/2021:18:29:19 -0400] "GET /js/modernizr-2.6.2.min.js HTTP/1.1" 200 12656 "http://politisort.com/" "Mozilla/5.0 (Linux; Android 4.0.4; Galaxy Nexus Build/IMM76B) AppleWebKit/537.36 (KHTML, like Gecko; Mediapartners-Google) Chrome/91.0.4472.90 Mobile Safari/537.36"
66.249.89.111 - - [04/Jul/2021:18:29:21 -0400] "GET /js/jquery.easing.1.3.js HTTP/1.1" 200 8416 "http://politisort.com/" "Mozilla/5.0 (Linux; Android 4.0.4; Galaxy Nexus Build/IMM76B) AppleWebKit/537.36 (KHTML, like Gecko; Mediapartners-Google) Chrome/91.0.4472.90 Mobile Safari/537.36"
66.249.89.115 - - [04/Jul/2021:18:29:22 -0400] "GET /css/fonts/icomoon.ttf?1oniuf HTTP/1.1" 404 515 "https://politisort.com/css/icomoon.css" "Mozilla/5.0 (Linux; Android 4.0.4; Galaxy Nexus Build/IMM76B) AppleWebKit/537.36 (KHTML, like Gecko; Mediapartners-Google) Chrome/91.0.4472.90 Mobile Safari/537.36"
66.249.89.219 - - [04/Jul/2021:18:29:22 -0400] "GET /js/jquery.easing.1.3.js HTTP/1.1" 301 629 "http://www.politisort.com/" "Mozilla/5.0 (Linux; Android 4.0.4; Galaxy Nexus Build/IMM76B) AppleWebKit/537.36 (KHTML, like Gecko; Mediapartners-Google) Chrome/91.0.4472.90 Mobile Safari/537.36"
66.249.89.113 - - [04/Jul/2021:18:29:24 -0400] "GET /css/fonts/icomoon.woff?1oniuf HTTP/1.1" 404 6510 "https://politisort.com/css/icomoon.css" "Mozilla/5.0 (Linux; Android 4.0.4; Galaxy Nexus Build/IMM76B) AppleWebKit/537.36 (KHTML, like Gecko; Mediapartners-Google) Chrome/91.0.4472.90 Mobile Safari/537.36"
66.249.89.204 - - [04/Jul/2021:18:29:25 -0400] "GET /images/eth.png HTTP/1.1" 200 7134 "http://www.politisort.com/" "Mozilla/5.0 (Linux; Android 4.0.4; Galaxy Nexus Build/IMM76B) AppleWebKit/537.36 (KHTML, like Gecko; Mediapartners-Google) Chrome/91.0.4472.90 Mobile Safari/537.36"
66.249.89.202 - - [04/Jul/2021:18:29:28 -0400] "GET /js/jquery.easing.1.3.js HTTP/1.1" 200 8448 "http://www.politisort.com/" "Mozilla/5.0 (Linux; Android 4.0.4; Galaxy Nexus Build/IMM76B) AppleWebKit/537.36 (KHTML, like Gecko; Mediapartners-Google) Chrome/91.0.4472.90 Mobile Safari/537.36"
66.249.89.111 - - [04/Jul/2021:18:29:34 -0400] "GET /css/fonts/icomoon.ttf?1oniuf HTTP/1.1" 404 6510 "https://politisort.com/css/icomoon.css" "Mozilla/5.0 (Macintosh; Intel Mac OS X 10_7_3) AppleWebKit/537.36 (KHTML, like Gecko, Mediapartners-Google) Chrome/91.0.4472.90 Safari/537.36"
66.249.89.111 - - [04/Jul/2021:18:29:35 -0400] "GET /css/fonts/icomoon.woff?1oniuf HTTP/1.1" 404 515 "https://politisort.com/css/icomoon.css" "Mozilla/5.0 (Macintosh; Intel Mac OS X 10_7_3) AppleWebKit/537.36 (KHTML, like Gecko, Mediapartners-Google) Chrome/91.0.4472.90 Safari/537.36"
66.249.89.202 - - [04/Jul/2021:18:29:36 -0400] "GET /css/style.css HTTP/1.1" 200 11612 "http://www.politisort.com/" "Mozilla/5.0 (Macintosh; Intel Mac OS X 10_7_3) AppleWebKit/537.36 (KHTML, like Gecko, Mediapartners-Google) Chrome/91.0.4472.90 Safari/537.36"
66.249.89.202 - - [04/Jul/2021:18:29:40 -0400] "GET /css/fonts/icomoon.ttf?1oniuf HTTP/1.1" 404 519 "https://www.politisort.com/css/icomoon.css" "Mozilla/5.0 (Linux; Android 4.0.4; Galaxy Nexus Build/IMM76B) AppleWebKit/537.36 (KHTML, like Gecko; Mediapartners-Google) Chrome/91.0.4472.90 Mobile Safari/537.36"
66.249.89.111 - - [04/Jul/2021:18:29:41 -0400] "GET /images/eth.png HTTP/1.1" 200 7102 "http://politisort.com/" "Mozilla/5.0 (Macintosh; Intel Mac OS X 10_7_3) AppleWebKit/537.36 (KHTML, like Gecko, Mediapartners-Google) Chrome/91.0.4472.90 Safari/537.36"
66.249.89.202 - - [04/Jul/2021:18:29:43 -0400] "GET /js/bootstrap.min.js HTTP/1.1" 200 10184 "http://www.politisort.com/" "Mozilla/5.0 (Macintosh; Intel Mac OS X 10_7_3) AppleWebKit/537.36 (KHTML, like Gecko, Mediapartners-Google) Chrome/91.0.4472.90 Safari/537.36"
66.249.89.202 - - [04/Jul/2021:18:29:43 -0400] "GET /css/fonts/icomoon.ttf?1oniuf HTTP/1.1" 404 519 "https://www.politisort.com/css/icomoon.css" "Mozilla/5.0 (Macintosh; Intel Mac OS X 10_7_3) AppleWebKit/537.36 (KHTML, like Gecko, Mediapartners-Google) Chrome/91.0.4472.90 Safari/537.36"
66.249.89.111 - - [04/Jul/2021:18:29:45 -0400] "GET /fonts/icomoon/icomoon.ttf?srf3rx HTTP/1.1" 200 225082 "https://politisort.com/css/style.css" "Mozilla/5.0 (Macintosh; Intel Mac OS X 10_7_3) AppleWebKit/537.36 (KHTML, like Gecko, Mediapartners-Google) Chrome/91.0.4472.90 Safari/537.36"
66.249.89.111 - - [04/Jul/2021:18:29:46 -0400] "GET /fonts/icomoon/icomoon.woff?srf3rx HTTP/1.1" 200 225159 "https://politisort.com/css/style.css" "Mozilla/5.0 (Macintosh; Intel Mac OS X 10_7_3) AppleWebKit/537.36 (KHTML, like Gecko, Mediapartners-Google) Chrome/91.0.4472.90 Safari/537.36"
66.249.89.111 - - [04/Jul/2021:18:29:46 -0400] "GET /css/fonts/icomoon.ttf?1oniuf HTTP/1.1" 404 515 "https://politisort.com/css/icomoon.css" "Mozilla/5.0 (Macintosh; Intel Mac OS X 10_7_3) AppleWebKit/537.36 (KHTML, like Gecko, Mediapartners-Google) Chrome/91.0.4472.90 Safari/537.36"
