62.210.180.176 - - [07/Jul/2021:06:29:25 -0400] "POST //xmlrpc.php HTTP/1.1" 200 6153 "-" "Mozilla/5.0 (Windows NT 10.0; Win64; x64) AppleWebKit/537.36 (KHTML, like Gecko) Chrome/89.0.4389.114 Safari/537.36"
62.210.180.176 - - [07/Jul/2021:06:29:26 -0400] "POST //xmlrpc.php HTTP/1.1" 200 6153 "-" "Mozilla/5.0 (Windows NT 10.0; Win64; x64) AppleWebKit/537.36 (KHTML, like Gecko) Chrome/89.0.4389.114 Safari/537.36"
62.210.180.176 - - [07/Jul/2021:06:29:26 -0400] "POST //xmlrpc.php HTTP/1.1" 200 6153 "-" "Mozilla/5.0 (Windows NT 10.0; Win64; x64) AppleWebKit/537.36 (KHTML, like Gecko) Chrome/89.0.4389.114 Safari/537.36"
62.210.180.176 - - [07/Jul/2021:06:29:27 -0400] "POST //xmlrpc.php HTTP/1.1" 200 6153 "-" "Mozilla/5.0 (Windows NT 10.0; Win64; x64) AppleWebKit/537.36 (KHTML, like Gecko) Chrome/89.0.4389.114 Safari/537.36"
62.210.180.176 - - [07/Jul/2021:06:29:27 -0400] "POST //xmlrpc.php HTTP/1.1" 200 6153 "-" "Mozilla/5.0 (Windows NT 10.0; Win64; x64) AppleWebKit/537.36 (KHTML, like Gecko) Chrome/89.0.4389.114 Safari/537.36"
62.210.180.176 - - [07/Jul/2021:06:29:28 -0400] "POST //xmlrpc.php HTTP/1.1" 200 6153 "-" "Mozilla/5.0 (Windows NT 10.0; Win64; x64) AppleWebKit/537.36 (KHTML, like Gecko) Chrome/89.0.4389.114 Safari/537.36"
62.210.180.176 - - [07/Jul/2021:06:29:28 -0400] "POST //xmlrpc.php HTTP/1.1" 200 6153 "-" "Mozilla/5.0 (Windows NT 10.0; Win64; x64) AppleWebKit/537.36 (KHTML, like Gecko) Chrome/89.0.4389.114 Safari/537.36"
62.210.180.176 - - [07/Jul/2021:06:29:29 -0400] "POST //xmlrpc.php HTTP/1.1" 200 6153 "-" "Mozilla/5.0 (Windows NT 10.0; Win64; x64) AppleWebKit/537.36 (KHTML, like Gecko) Chrome/89.0.4389.114 Safari/537.36"
62.210.180.176 - - [07/Jul/2021:06:29:29 -0400] "POST //xmlrpc.php HTTP/1.1" 200 6153 "-" "Mozilla/5.0 (Windows NT 10.0; Win64; x64) AppleWebKit/537.36 (KHTML, like Gecko) Chrome/89.0.4389.114 Safari/537.36"
62.210.180.176 - - [07/Jul/2021:06:29:30 -0400] "POST //xmlrpc.php HTTP/1.1" 200 6153 "-" "Mozilla/5.0 (Windows NT 10.0; Win64; x64) AppleWebKit/537.36 (KHTML, like Gecko) Chrome/89.0.4389.114 Safari/537.36"
62.210.180.176 - - [07/Jul/2021:06:29:31 -0400] "POST //xmlrpc.php HTTP/1.1" 200 6153 "-" "Mozilla/5.0 (Windows NT 10.0; Win64; x64) AppleWebKit/537.36 (KHTML, like Gecko) Chrome/89.0.4389.114 Safari/537.36"
62.210.180.176 - - [07/Jul/2021:06:29:31 -0400] "POST //xmlrpc.php HTTP/1.1" 200 6153 "-" "Mozilla/5.0 (Windows NT 10.0; Win64; x64) AppleWebKit/537.36 (KHTML, like Gecko) Chrome/89.0.4389.114 Safari/537.36"
62.210.180.176 - - [07/Jul/2021:06:29:32 -0400] "POST //xmlrpc.php HTTP/1.1" 200 6153 "-" "Mozilla/5.0 (Windows NT 10.0; Win64; x64) AppleWebKit/537.36 (KHTML, like Gecko) Chrome/89.0.4389.114 Safari/537.36"
62.210.180.176 - - [07/Jul/2021:06:29:32 -0400] "POST //xmlrpc.php HTTP/1.1" 200 6153 "-" "Mozilla/5.0 (Windows NT 10.0; Win64; x64) AppleWebKit/537.36 (KHTML, like Gecko) Chrome/89.0.4389.114 Safari/537.36"
62.210.180.176 - - [07/Jul/2021:06:29:33 -0400] "POST //xmlrpc.php HTTP/1.1" 200 6153 "-" "Mozilla/5.0 (Windows NT 10.0; Win64; x64) AppleWebKit/537.36 (KHTML, like Gecko) Chrome/89.0.4389.114 Safari/537.36"
62.210.180.176 - - [07/Jul/2021:06:29:33 -0400] "POST //xmlrpc.php HTTP/1.1" 200 6153 "-" "Mozilla/5.0 (Windows NT 10.0; Win64; x64) AppleWebKit/537.36 (KHTML, like Gecko) Chrome/89.0.4389.114 Safari/537.36"
62.210.180.176 - - [07/Jul/2021:06:29:34 -0400] "POST //xmlrpc.php HTTP/1.1" 200 6153 "-" "Mozilla/5.0 (Windows NT 10.0; Win64; x64) AppleWebKit/537.36 (KHTML, like Gecko) Chrome/89.0.4389.114 Safari/537.36"
62.210.180.176 - - [07/Jul/2021:06:29:34 -0400] "POST //xmlrpc.php HTTP/1.1" 200 6153 "-" "Mozilla/5.0 (Windows NT 10.0; Win64; x64) AppleWebKit/537.36 (KHTML, like Gecko) Chrome/89.0.4389.114 Safari/537.36"
62.210.180.176 - - [07/Jul/2021:06:29:35 -0400] "POST //xmlrpc.php HTTP/1.1" 200 6153 "-" "Mozilla/5.0 (Windows NT 10.0; Win64; x64) AppleWebKit/537.36 (KHTML, like Gecko) Chrome/89.0.4389.114 Safari/537.36"
62.210.180.176 - - [07/Jul/2021:06:29:36 -0400] "POST //xmlrpc.php HTTP/1.1" 200 6153 "-" "Mozilla/5.0 (Windows NT 10.0; Win64; x64) AppleWebKit/537.36 (KHTML, like Gecko) Chrome/89.0.4389.114 Safari/537.36"
62.210.180.176 - - [07/Jul/2021:06:29:36 -0400] "POST //xmlrpc.php HTTP/1.1" 200 6153 "-" "Mozilla/5.0 (Windows NT 10.0; Win64; x64) AppleWebKit/537.36 (KHTML, like Gecko) Chrome/89.0.4389.114 Safari/537.36"
62.210.180.176 - - [07/Jul/2021:06:29:37 -0400] "POST //xmlrpc.php HTTP/1.1" 200 6153 "-" "Mozilla/5.0 (Windows NT 10.0; Win64; x64) AppleWebKit/537.36 (KHTML, like Gecko) Chrome/89.0.4389.114 Safari/537.36"
62.210.180.176 - - [07/Jul/2021:06:29:37 -0400] "POST //xmlrpc.php HTTP/1.1" 200 6153 "-" "Mozilla/5.0 (Windows NT 10.0; Win64; x64) AppleWebKit/537.36 (KHTML, like Gecko) Chrome/89.0.4389.114 Safari/537.36"
62.210.180.176 - - [07/Jul/2021:06:29:38 -0400] "POST //xmlrpc.php HTTP/1.1" 200 6153 "-" "Mozilla/5.0 (Windows NT 10.0; Win64; x64) AppleWebKit/537.36 (KHTML, like Gecko) Chrome/89.0.4389.114 Safari/537.36"
62.210.180.176 - - [07/Jul/2021:06:29:38 -0400] "POST //xmlrpc.php HTTP/1.1" 200 6153 "-" "Mozilla/5.0 (Windows NT 10.0; Win64; x64) AppleWebKit/537.36 (KHTML, like Gecko) Chrome/89.0.4389.114 Safari/537.36"
62.210.180.176 - - [07/Jul/2021:06:29:39 -0400] "POST //xmlrpc.php HTTP/1.1" 200 6153 "-" "Mozilla/5.0 (Windows NT 10.0; Win64; x64) AppleWebKit/537.36 (KHTML, like Gecko) Chrome/89.0.4389.114 Safari/537.36"
62.210.180.176 - - [07/Jul/2021:06:29:39 -0400] "POST //xmlrpc.php HTTP/1.1" 200 6153 "-" "Mozilla/5.0 (Windows NT 10.0; Win64; x64) AppleWebKit/537.36 (KHTML, like Gecko) Chrome/89.0.4389.114 Safari/537.36"
62.210.180.176 - - [07/Jul/2021:06:29:40 -0400] "POST //xmlrpc.php HTTP/1.1" 200 6153 "-" "Mozilla/5.0 (Windows NT 10.0; Win64; x64) AppleWebKit/537.36 (KHTML, like Gecko) Chrome/89.0.4389.114 Safari/537.36"
62.210.180.176 - - [07/Jul/2021:06:29:41 -0400] "POST //xmlrpc.php HTTP/1.1" 200 6153 "-" "Mozilla/5.0 (Windows NT 10.0; Win64; x64) AppleWebKit/537.36 (KHTML, like Gecko) Chrome/89.0.4389.114 Safari/537.36"
62.210.180.176 - - [07/Jul/2021:06:29:41 -0400] "POST //xmlrpc.php HTTP/1.1" 200 6153 "-" "Mozilla/5.0 (Windows NT 10.0; Win64; x64) AppleWebKit/537.36 (KHTML, like Gecko) Chrome/89.0.4389.114 Safari/537.36"
62.210.180.176 - - [07/Jul/2021:06:29:42 -0400] "POST //xmlrpc.php HTTP/1.1" 200 6153 "-" "Mozilla/5.0 (Windows NT 10.0; Win64; x64) AppleWebKit/537.36 (KHTML, like Gecko) Chrome/89.0.4389.114 Safari/537.36"
62.210.180.176 - - [07/Jul/2021:06:29:42 -0400] "POST //xmlrpc.php HTTP/1.1" 200 6153 "-" "Mozilla/5.0 (Windows NT 10.0; Win64; x64) AppleWebKit/537.36 (KHTML, like Gecko) Chrome/89.0.4389.114 Safari/537.36"
62.210.180.176 - - [07/Jul/2021:06:29:43 -0400] "POST //xmlrpc.php HTTP/1.1" 200 6153 "-" "Mozilla/5.0 (Windows NT 10.0; Win64; x64) AppleWebKit/537.36 (KHTML, like Gecko) Chrome/89.0.4389.114 Safari/537.36"
62.210.180.176 - - [07/Jul/2021:06:29:43 -0400] "POST //xmlrpc.php HTTP/1.1" 200 6153 "-" "Mozilla/5.0 (Windows NT 10.0; Win64; x64) AppleWebKit/537.36 (KHTML, like Gecko) Chrome/89.0.4389.114 Safari/537.36"
62.210.180.176 - - [07/Jul/2021:06:29:44 -0400] "POST //xmlrpc.php HTTP/1.1" 200 6153 "-" "Mozilla/5.0 (Windows NT 10.0; Win64; x64) AppleWebKit/537.36 (KHTML, like Gecko) Chrome/89.0.4389.114 Safari/537.36"
62.210.180.176 - - [07/Jul/2021:06:29:44 -0400] "POST //xmlrpc.php HTTP/1.1" 200 6153 "-" "Mozilla/5.0 (Windows NT 10.0; Win64; x64) AppleWebKit/537.36 (KHTML, like Gecko) Chrome/89.0.4389.114 Safari/537.36"
62.210.180.176 - - [07/Jul/2021:06:29:45 -0400] "POST //xmlrpc.php HTTP/1.1" 200 6153 "-" "Mozilla/5.0 (Windows NT 10.0; Win64; x64) AppleWebKit/537.36 (KHTML, like Gecko) Chrome/89.0.4389.114 Safari/537.36"
62.210.180.176 - - [07/Jul/2021:06:29:45 -0400] "POST //xmlrpc.php HTTP/1.1" 200 6153 "-" "Mozilla/5.0 (Windows NT 10.0; Win64; x64) AppleWebKit/537.36 (KHTML, like Gecko) Chrome/89.0.4389.114 Safari/537.36"
62.210.180.176 - - [07/Jul/2021:06:29:46 -0400] "POST //xmlrpc.php HTTP/1.1" 200 6153 "-" "Mozilla/5.0 (Windows NT 10.0; Win64; x64) AppleWebKit/537.36 (KHTML, like Gecko) Chrome/89.0.4389.114 Safari/537.36"
62.210.180.176 - - [07/Jul/2021:06:29:47 -0400] "POST //xmlrpc.php HTTP/1.1" 200 6153 "-" "Mozilla/5.0 (Windows NT 10.0; Win64; x64) AppleWebKit/537.36 (KHTML, like Gecko) Chrome/89.0.4389.114 Safari/537.36"
62.210.180.176 - - [07/Jul/2021:06:29:47 -0400] "POST //xmlrpc.php HTTP/1.1" 200 6153 "-" "Mozilla/5.0 (Windows NT 10.0; Win64; x64) AppleWebKit/537.36 (KHTML, like Gecko) Chrome/89.0.4389.114 Safari/537.36"
62.210.180.176 - - [07/Jul/2021:06:29:48 -0400] "POST //xmlrpc.php HTTP/1.1" 200 6153 "-" "Mozilla/5.0 (Windows NT 10.0; Win64; x64) AppleWebKit/537.36 (KHTML, like Gecko) Chrome/89.0.4389.114 Safari/537.36"
62.210.180.176 - - [07/Jul/2021:06:29:48 -0400] "POST //xmlrpc.php HTTP/1.1" 200 6153 "-" "Mozilla/5.0 (Windows NT 10.0; Win64; x64) AppleWebKit/537.36 (KHTML, like Gecko) Chrome/89.0.4389.114 Safari/537.36"
62.210.180.176 - - [07/Jul/2021:06:29:49 -0400] "POST //xmlrpc.php HTTP/1.1" 200 6153 "-" "Mozilla/5.0 (Windows NT 10.0; Win64; x64) AppleWebKit/537.36 (KHTML, like Gecko) Chrome/89.0.4389.114 Safari/537.36"
62.210.180.176 - - [07/Jul/2021:06:29:49 -0400] "POST //xmlrpc.php HTTP/1.1" 200 6153 "-" "Mozilla/5.0 (Windows NT 10.0; Win64; x64) AppleWebKit/537.36 (KHTML, like Gecko) Chrome/89.0.4389.114 Safari/537.36"
62.210.180.176 - - [07/Jul/2021:06:29:50 -0400] "POST //xmlrpc.php HTTP/1.1" 200 6153 "-" "Mozilla/5.0 (Windows NT 10.0; Win64; x64) AppleWebKit/537.36 (KHTML, like Gecko) Chrome/89.0.4389.114 Safari/537.36"
62.210.180.176 - - [07/Jul/2021:06:29:50 -0400] "POST //xmlrpc.php HTTP/1.1" 200 6153 "-" "Mozilla/5.0 (Windows NT 10.0; Win64; x64) AppleWebKit/537.36 (KHTML, like Gecko) Chrome/89.0.4389.114 Safari/537.36"
62.210.180.176 - - [07/Jul/2021:06:29:51 -0400] "POST //xmlrpc.php HTTP/1.1" 200 6153 "-" "Mozilla/5.0 (Windows NT 10.0; Win64; x64) AppleWebKit/537.36 (KHTML, like Gecko) Chrome/89.0.4389.114 Safari/537.36"
62.210.180.176 - - [07/Jul/2021:06:29:52 -0400] "POST //xmlrpc.php HTTP/1.1" 200 6153 "-" "Mozilla/5.0 (Windows NT 10.0; Win64; x64) AppleWebKit/537.36 (KHTML, like Gecko) Chrome/89.0.4389.114 Safari/537.36"
62.210.180.176 - - [07/Jul/2021:06:29:52 -0400] "POST //xmlrpc.php HTTP/1.1" 200 6153 "-" "Mozilla/5.0 (Windows NT 10.0; Win64; x64) AppleWebKit/537.36 (KHTML, like Gecko) Chrome/89.0.4389.114 Safari/537.36"
62.210.180.176 - - [07/Jul/2021:06:29:53 -0400] "POST //xmlrpc.php HTTP/1.1" 200 6153 "-" "Mozilla/5.0 (Windows NT 10.0; Win64; x64) AppleWebKit/537.36 (KHTML, like Gecko) Chrome/89.0.4389.114 Safari/537.36"
62.210.180.176 - - [07/Jul/2021:06:29:53 -0400] "POST //xmlrpc.php HTTP/1.1" 200 6153 "-" "Mozilla/5.0 (Windows NT 10.0; Win64; x64) AppleWebKit/537.36 (KHTML, like Gecko) Chrome/89.0.4389.114 Safari/537.36"
69.163.163.120 - - [07/Jul/2021:06:36:06 -0400] "POST /wp-login.php HTTP/1.1" 200 8876 "-" "Mozilla/5.0 (Windows NT 10.0; WOW64) AppleWebKit/537.36 (KHTML, like Gecko) Chrome/47.0.2526.106 Safari/537.36"
171.25.193.20 - - [07/Jul/2021:06:38:04 -0400] "POST /xmlrpc.php HTTP/1.0" 301 630 "-" "Mozilla/5.0 (Windows NT 10.0; WOW64; rv:61.0) Gecko/20100101 Firefox/61.0"
171.25.193.20 - - [07/Jul/2021:06:38:05 -0400] "POST /xmlrpc.php HTTP/1.0" 403 6161 "-" "Mozilla/5.0 (Windows NT 10.0; WOW64; rv:61.0) Gecko/20100101 Firefox/61.0"
164.90.187.127 - - [07/Jul/2021:06:43:38 -0400] "GET /wp-login.php HTTP/1.1" 200 8050 "-" "Mozilla/5.0 (X11; Ubuntu; Linux x86_64; rv:62.0) Gecko/20100101 Firefox/62.0"
164.90.187.127 - - [07/Jul/2021:06:43:38 -0400] "POST /wp-login.php HTTP/1.1" 200 8173 "-" "Mozilla/5.0 (X11; Ubuntu; Linux x86_64; rv:62.0) Gecko/20100101 Firefox/62.0"
164.90.187.127 - - [07/Jul/2021:06:43:39 -0400] "POST /xmlrpc.php HTTP/1.1" 200 5786 "-" "Mozilla/5.0 (X11; Ubuntu; Linux x86_64; rv:62.0) Gecko/20100101 Firefox/62.0"
204.48.19.85 - - [07/Jul/2021:07:00:08 -0400] "POST /wp-cron.php?doing_wp_cron=1625655608.5839250087738037109375 HTTP/1.1" 200 6261 "https://qualitycraftsmanshipllc.com/wp-cron.php?doing_wp_cron=1625655608.5839250087738037109375" "WordPress/5.7.2; https://qualitycraftsmanshipllc.com"
167.71.226.139 - - [07/Jul/2021:07:00:08 -0400] "POST /wp-login.php HTTP/1.1" 200 8876 "-" "Mozilla/5.0 (Windows NT 10.0; Win64; x64) AppleWebKit/537.36 (KHTML, like Gecko) Chrome/66.0.3359.117 Safari/537.36"
166.62.86.117 - - [07/Jul/2021:07:00:44 -0400] "GET /wp-login.php HTTP/1.1" 200 8050 "-" "Mozilla/5.0 (X11; Ubuntu; Linux x86_64; rv:62.0) Gecko/20100101 Firefox/62.0"
166.62.86.117 - - [07/Jul/2021:07:00:44 -0400] "POST /wp-login.php HTTP/1.1" 200 8173 "-" "Mozilla/5.0 (X11; Ubuntu; Linux x86_64; rv:62.0) Gecko/20100101 Firefox/62.0"
166.62.86.117 - - [07/Jul/2021:07:00:45 -0400] "POST /xmlrpc.php HTTP/1.1" 200 5786 "-" "Mozilla/5.0 (X11; Ubuntu; Linux x86_64; rv:62.0) Gecko/20100101 Firefox/62.0"
107.180.88.41 - - [07/Jul/2021:07:16:37 -0400] "GET /wp-login.php HTTP/1.1" 200 8050 "-" "Mozilla/5.0 (X11; Ubuntu; Linux x86_64; rv:62.0) Gecko/20100101 Firefox/62.0"
107.180.88.41 - - [07/Jul/2021:07:16:37 -0400] "POST /wp-login.php HTTP/1.1" 200 8173 "-" "Mozilla/5.0 (X11; Ubuntu; Linux x86_64; rv:62.0) Gecko/20100101 Firefox/62.0"
107.180.88.41 - - [07/Jul/2021:07:16:38 -0400] "POST /xmlrpc.php HTTP/1.1" 200 5786 "-" "Mozilla/5.0 (X11; Ubuntu; Linux x86_64; rv:62.0) Gecko/20100101 Firefox/62.0"
123.231.204.2 - - [07/Jul/2021:07:34:06 -0400] "GET /wp-login.php HTTP/1.1" 200 8050 "-" "Mozilla/5.0 (X11; Ubuntu; Linux x86_64; rv:62.0) Gecko/20100101 Firefox/62.0"
123.231.204.2 - - [07/Jul/2021:07:34:07 -0400] "POST /wp-login.php HTTP/1.1" 200 8173 "-" "Mozilla/5.0 (X11; Ubuntu; Linux x86_64; rv:62.0) Gecko/20100101 Firefox/62.0"
123.231.204.2 - - [07/Jul/2021:07:34:08 -0400] "POST /xmlrpc.php HTTP/1.1" 200 5786 "-" "Mozilla/5.0 (X11; Ubuntu; Linux x86_64; rv:62.0) Gecko/20100101 Firefox/62.0"
178.128.5.109 - - [07/Jul/2021:07:45:40 -0400] "POST /wp-login.php HTTP/1.1" 200 8876 "-" "Mozilla/5.0 (Windows NT 6.1) AppleWebKit/537.36 (KHTML, like Gecko) Chrome/58.0.3029.110 Safari/537.36"
122.116.248.74 - - [07/Jul/2021:07:51:20 -0400] "GET /wp-login.php HTTP/1.1" 200 8050 "-" "Mozilla/5.0 (X11; Ubuntu; Linux x86_64; rv:62.0) Gecko/20100101 Firefox/62.0"
122.116.248.74 - - [07/Jul/2021:07:51:21 -0400] "POST /wp-login.php HTTP/1.1" 200 8173 "-" "Mozilla/5.0 (X11; Ubuntu; Linux x86_64; rv:62.0) Gecko/20100101 Firefox/62.0"
122.116.248.74 - - [07/Jul/2021:07:51:22 -0400] "POST /xmlrpc.php HTTP/1.1" 200 5786 "-" "Mozilla/5.0 (X11; Ubuntu; Linux x86_64; rv:62.0) Gecko/20100101 Firefox/62.0"
204.48.19.85 - - [07/Jul/2021:08:07:55 -0400] "POST /wp-cron.php?doing_wp_cron=1625659674.9416530132293701171875 HTTP/1.1" 200 6261 "https://qualitycraftsmanshipllc.com/wp-cron.php?doing_wp_cron=1625659674.9416530132293701171875" "WordPress/5.7.2; https://qualitycraftsmanshipllc.com"
208.113.171.183 - - [07/Jul/2021:08:07:54 -0400] "GET /wp-login.php HTTP/1.1" 200 8052 "-" "Mozilla/5.0 (X11; Ubuntu; Linux x86_64; rv:62.0) Gecko/20100101 Firefox/62.0"
208.113.171.183 - - [07/Jul/2021:08:07:55 -0400] "POST /wp-login.php HTTP/1.1" 200 8174 "-" "Mozilla/5.0 (X11; Ubuntu; Linux x86_64; rv:62.0) Gecko/20100101 Firefox/62.0"
208.113.171.183 - - [07/Jul/2021:08:07:55 -0400] "POST /xmlrpc.php HTTP/1.1" 200 5786 "-" "Mozilla/5.0 (X11; Ubuntu; Linux x86_64; rv:62.0) Gecko/20100101 Firefox/62.0"
157.230.141.171 - - [07/Jul/2021:08:08:59 -0400] "POST /wp-login.php HTTP/1.1" 200 8877 "-" "Mozilla/5.0 (Windows NT 6.1; WOW64) AppleWebKit/537.36 (KHTML, like Gecko) Chrome/41.0.2272.101 Safari/537.36"
81.70.168.2 - - [07/Jul/2021:08:26:12 -0400] "GET /wp-login.php HTTP/1.1" 200 8052 "-" "Mozilla/5.0 (X11; Ubuntu; Linux x86_64; rv:62.0) Gecko/20100101 Firefox/62.0"
81.70.168.2 - - [07/Jul/2021:08:26:14 -0400] "POST /wp-login.php HTTP/1.1" 200 8174 "-" "Mozilla/5.0 (X11; Ubuntu; Linux x86_64; rv:62.0) Gecko/20100101 Firefox/62.0"
81.70.168.2 - - [07/Jul/2021:08:26:17 -0400] "POST /xmlrpc.php HTTP/1.1" 200 5786 "-" "Mozilla/5.0 (X11; Ubuntu; Linux x86_64; rv:62.0) Gecko/20100101 Firefox/62.0"
167.114.98.212 - - [07/Jul/2021:08:32:32 -0400] "POST /wp-login.php HTTP/1.1" 200 8877 "-" "Mozilla/5.0 (Windows NT 6.1; Win64; x64) AppleWebKit/537.36 (KHTML, like Gecko) Chrome/79.0.3945.117 Safari/537.36"
114.33.19.90 - - [07/Jul/2021:08:43:52 -0400] "GET /wp-login.php HTTP/1.1" 200 8052 "-" "Mozilla/5.0 (X11; Ubuntu; Linux x86_64; rv:62.0) Gecko/20100101 Firefox/62.0"
114.33.19.90 - - [07/Jul/2021:08:43:53 -0400] "POST /wp-login.php HTTP/1.1" 200 8174 "-" "Mozilla/5.0 (X11; Ubuntu; Linux x86_64; rv:62.0) Gecko/20100101 Firefox/62.0"
114.33.19.90 - - [07/Jul/2021:08:43:54 -0400] "POST /xmlrpc.php HTTP/1.1" 200 5786 "-" "Mozilla/5.0 (X11; Ubuntu; Linux x86_64; rv:62.0) Gecko/20100101 Firefox/62.0"
176.31.247.193 - - [07/Jul/2021:08:54:46 -0400] "POST /wp-login.php HTTP/1.1" 200 8877 "-" "Mozilla/5.0 (Windows NT 6.1; WOW64) AppleWebKit/537.36 (KHTML, like Gecko) Chrome/32.0.1700.107 Safari/537.36"
204.48.19.85 - - [07/Jul/2021:09:01:43 -0400] "POST /wp-cron.php?doing_wp_cron=1625662902.9848968982696533203125 HTTP/1.1" 200 6261 "https://qualitycraftsmanshipllc.com/wp-cron.php?doing_wp_cron=1625662902.9848968982696533203125" "WordPress/5.7.2; https://qualitycraftsmanshipllc.com"
35.203.161.141 - - [07/Jul/2021:09:01:42 -0400] "GET /wp-login.php HTTP/1.1" 200 8052 "-" "Mozilla/5.0 (X11; Ubuntu; Linux x86_64; rv:62.0) Gecko/20100101 Firefox/62.0"
35.203.161.141 - - [07/Jul/2021:09:01:43 -0400] "POST /wp-login.php HTTP/1.1" 200 8174 "-" "Mozilla/5.0 (X11; Ubuntu; Linux x86_64; rv:62.0) Gecko/20100101 Firefox/62.0"
35.203.161.141 - - [07/Jul/2021:09:01:44 -0400] "POST /xmlrpc.php HTTP/1.1" 200 5786 "-" "Mozilla/5.0 (X11; Ubuntu; Linux x86_64; rv:62.0) Gecko/20100101 Firefox/62.0"
5.62.41.153 - - [07/Jul/2021:09:08:24 -0400] "GET / HTTP/1.1" 301 610 "-" "Mozilla/5.0 (Windows NT 10.0; Win64; x64) AppleWebKit/537.36 (KHTML, like Gecko) Chrome/88.0.4240.193 Safari/537.36"
222.124.196.118 - - [07/Jul/2021:09:20:01 -0400] "GET /wp-login.php HTTP/1.1" 200 8052 "-" "Mozilla/5.0 (X11; Ubuntu; Linux x86_64; rv:62.0) Gecko/20100101 Firefox/62.0"
222.124.196.118 - - [07/Jul/2021:09:20:03 -0400] "POST /wp-login.php HTTP/1.1" 200 8174 "-" "Mozilla/5.0 (X11; Ubuntu; Linux x86_64; rv:62.0) Gecko/20100101 Firefox/62.0"
222.124.196.118 - - [07/Jul/2021:09:20:05 -0400] "POST /xmlrpc.php HTTP/1.1" 200 5786 "-" "Mozilla/5.0 (X11; Ubuntu; Linux x86_64; rv:62.0) Gecko/20100101 Firefox/62.0"
204.48.19.85 - - [07/Jul/2021:09:36:49 -0400] "POST /wp-cron.php?doing_wp_cron=1625665009.1497509479522705078125 HTTP/1.1" 200 6261 "https://qualitycraftsmanshipllc.com/wp-cron.php?doing_wp_cron=1625665009.1497509479522705078125" "WordPress/5.7.2; https://qualitycraftsmanshipllc.com"
69.12.72.188 - - [07/Jul/2021:09:36:48 -0400] "GET / HTTP/1.1" 200 12275 "-" "Mozilla/5.0 (Windows NT 10.0; Win64; x64) AppleWebKit/537.36 (KHTML, like Gecko) Chrome/70.0.3538.77 Safari/537.36"
69.12.72.188 - - [07/Jul/2021:09:36:49 -0400] "GET /?author=1 HTTP/1.1" 301 6325 "https://qualitycraftsmanshipllc.com" "Mozilla/5.0 (Windows NT 10.0; Win64; x64) AppleWebKit/537.36 (KHTML, like Gecko) Chrome/70.0.3538.77 Safari/537.36"
81.88.52.163 - - [07/Jul/2021:09:39:47 -0400] "POST /wp-login.php HTTP/1.1" 200 8877 "-" "Mozilla/5.0 (Windows NT 6.3; Win64; x64) AppleWebKit/537.36 (KHTML, like Gecko) Chrome/77.0.3865.90 Safari/537.36"
162.55.53.198 - - [07/Jul/2021:09:54:49 -0400] "POST /wp-login.php HTTP/1.1" 200 8877 "-" "Mozilla/5.0 (Windows NT 10.0; WOW64) AppleWebKit/537.36 (KHTML, like Gecko) Chrome/46.0.2490.86 Safari/537.36"
167.114.98.212 - - [07/Jul/2021:10:09:53 -0400] "POST /wp-login.php HTTP/1.1" 200 8877 "-" "Mozilla/5.0 (Windows NT 6.1; WOW64) AppleWebKit/537.36 (KHTML, like Gecko) Chrome/51.0.2704.106 Safari/537.36"
204.48.19.85 - - [07/Jul/2021:10:09:56 -0400] "GET / HTTP/1.1" 200 12322 "https://qualitycraftsmanshipllc.com/" "WordPress/5.7.2; https://qualitycraftsmanshipllc.com"
204.48.19.85 - - [07/Jul/2021:10:09:54 -0400] "POST /wp-cron.php?doing_wp_cron=1625666994.8643350601196289062500 HTTP/1.1" 200 6261 "https://qualitycraftsmanshipllc.com/wp-cron.php?doing_wp_cron=1625666994.8643350601196289062500" "WordPress/5.7.2; https://qualitycraftsmanshipllc.com"
66.249.64.115 - - [07/Jul/2021:10:37:52 -0400] "GET /robots.txt HTTP/1.1" 404 6555 "-" "Mozilla/5.0 (compatible; Googlebot/2.1; +http://www.google.com/bot.html)"
66.249.64.115 - - [07/Jul/2021:10:37:52 -0400] "GET /index.php/about-2/ HTTP/1.1" 200 6200 "-" "Mozilla/5.0 (Linux; Android 6.0.1; Nexus 5X Build/MMB29P) AppleWebKit/537.36 (KHTML, like Gecko) Chrome/91.0.4472.90 Mobile Safari/537.36 (compatible; Googlebot/2.1; +http://www.google.com/bot.html)"
78.46.189.250 - - [07/Jul/2021:10:37:52 -0400] "POST /wp-login.php HTTP/1.1" 200 8877 "-" "Mozilla/5.0 (Windows NT 6.1) AppleWebKit/537.36 (KHTML, like Gecko) Chrome/63.0.3239.84 Safari/537.36"
34.75.86.6 - - [07/Jul/2021:10:47:35 -0400] "GET /robots.txt HTTP/1.0" 404 5821 "-" "ZoominfoBot (zoominfobot at zoominfo dot com)"
34.75.86.6 - - [07/Jul/2021:10:47:35 -0400] "GET /index.php/services/ HTTP/1.0" 200 5884 "-" "ZoominfoBot (zoominfobot at zoominfo dot com)"
34.75.86.6 - - [07/Jul/2021:10:47:48 -0400] "GET /index.php/photogallery/ HTTP/1.0" 200 13389 "-" "ZoominfoBot (zoominfobot at zoominfo dot com)"
34.75.86.6 - - [07/Jul/2021:10:47:54 -0400] "GET /index.php/contact-2/ HTTP/1.0" 200 10993 "-" "ZoominfoBot (zoominfobot at zoominfo dot com)"
34.75.86.6 - - [07/Jul/2021:10:47:59 -0400] "GET /index.php/comments/feed/ HTTP/1.0" 200 6222 "-" "ZoominfoBot (zoominfobot at zoominfo dot com)"
34.75.86.6 - - [07/Jul/2021:10:48:43 -0400] "GET /index.php/feed/ HTTP/1.0" 200 6608 "-" "ZoominfoBot (zoominfobot at zoominfo dot com)"
104.248.156.176 - - [07/Jul/2021:10:52:07 -0400] "POST /wp-login.php HTTP/1.1" 200 8877 "-" "Mozilla/5.0 (Windows NT 6.3; Win64; x64) AppleWebKit/537.36 (KHTML, like Gecko) Chrome/62.0.3202.94 Safari/537.36"
204.48.19.85 - - [07/Jul/2021:10:59:02 -0400] "POST /wp-cron.php?doing_wp_cron=1625669942.0203969478607177734375 HTTP/1.1" 200 6261 "https://qualitycraftsmanshipllc.com/wp-cron.php?doing_wp_cron=1625669942.0203969478607177734375" "WordPress/5.7.2; https://qualitycraftsmanshipllc.com"
34.75.86.6 - - [07/Jul/2021:10:59:01 -0400] "GET /index.php/about-2/ HTTP/1.0" 200 11491 "-" "ZoominfoBot (zoominfobot at zoominfo dot com)"
34.75.86.6 - - [07/Jul/2021:11:06:49 -0400] "GET /xmlrpc.php?rsd HTTP/1.0" 200 5885 "-" "ZoominfoBot (zoominfobot at zoominfo dot com)"
114.119.145.86 - - [07/Jul/2021:11:10:06 -0400] "GET /robots.txt HTTP/1.1" 404 5870 "-" "Mozilla/5.0 (compatible;PetalBot;+https://webmaster.petalsearch.com/site/petalbot)"
129.146.235.45 - - [07/Jul/2021:11:24:59 -0400] "POST /wp-login.php HTTP/1.1" 200 8877 "-" "Mozilla/5.0 (Windows NT 10.0; WOW64) AppleWebKit/537.36 (KHTML, like Gecko) Chrome/46.0.2490.80 Safari/537.36"
164.132.230.11 - - [07/Jul/2021:11:41:22 -0400] "POST /wp-login.php HTTP/1.1" 200 8877 "-" "Mozilla/5.0 (Windows NT 6.3; Win64; x64) AppleWebKit/537.36 (KHTML, like Gecko) Chrome/65.0.3325.181 Safari/537.36"
91.121.146.218 - - [07/Jul/2021:11:57:03 -0400] "GET /wp-content/db-cache.php HTTP/1.1" 301 619 "qualitycraftsmanshipllc.com" "Mozilla/5.0 (Windows NT 6.1; WOW64) AppleWebKit/537.36 (KHTML, like Gecko) Chrome/50.0.2661.75 Safari/537.36"
91.121.146.218 - - [07/Jul/2021:11:57:03 -0400] "GET /wp-content/db-cache.php HTTP/1.1" 404 6041 "qualitycraftsmanshipllc.com" "Mozilla/5.0 (Windows NT 6.1; WOW64) AppleWebKit/537.36 (KHTML, like Gecko) Chrome/50.0.2661.75 Safari/537.36"
100.21.218.158 - - [07/Jul/2021:12:06:50 -0400] "GET / HTTP/1.1" 301 554 "-" "Mozilla/5.0 (X11; Ubuntu; Linux x86_64; rv:82.0) Gecko/20100101 Firefox/82.0"
204.48.19.85 - - [07/Jul/2021:12:06:51 -0400] "POST /wp-cron.php?doing_wp_cron=1625674011.2126100063323974609375 HTTP/1.1" 200 6261 "https://qualitycraftsmanshipllc.com/wp-cron.php?doing_wp_cron=1625674011.2126100063323974609375" "WordPress/5.7.2; https://qualitycraftsmanshipllc.com"
100.21.218.158 - - [07/Jul/2021:12:06:51 -0400] "GET / HTTP/1.1" 200 12256 "http://qualitycraftsmanshipllc.com" "Mozilla/5.0 (X11; Ubuntu; Linux x86_64; rv:82.0) Gecko/20100101 Firefox/82.0"
100.21.218.158 - - [07/Jul/2021:12:06:51 -0400] "GET /robots.txt HTTP/1.1" 301 574 "-" "Mozilla/5.0 (X11; Ubuntu; Linux x86_64; rv:82.0) Gecko/20100101 Firefox/82.0"
100.21.218.158 - - [07/Jul/2021:12:06:51 -0400] "GET /wp-content/uploads/2019/09/caliper.png HTTP/1.1" 200 72468 "-" "Mozilla/5.0 (X11; Ubuntu; Linux x86_64; rv:82.0) Gecko/20100101 Firefox/82.0"
193.115.194.182 - - [07/Jul/2021:12:06:51 -0400] "GET / HTTP/1.1" 301 610 "-" "Mozilla/5.0 (compatible; Googlebot/2.1; +http://www.google.com/bot.html)"
100.21.218.158 - - [07/Jul/2021:12:06:51 -0400] "GET /robots.txt HTTP/1.1" 404 6499 "http://qualitycraftsmanshipllc.com/robots.txt" "Mozilla/5.0 (X11; Ubuntu; Linux x86_64; rv:82.0) Gecko/20100101 Firefox/82.0"
193.115.194.182 - - [07/Jul/2021:12:06:52 -0400] "GET / HTTP/1.1" 200 35141 "-" "Mozilla/5.0 (compatible; Googlebot/2.1; +http://www.google.com/bot.html)"
75.119.145.19 - - [07/Jul/2021:12:14:46 -0400] "POST /wp-login.php HTTP/1.1" 200 8877 "-" "Mozilla/5.0 (Windows NT 10.0; Win64; x64) AppleWebKit/537.36 (KHTML, like Gecko) Chrome/54.0.2840.99 Safari/537.36"
107.180.72.143 - - [07/Jul/2021:12:31:57 -0400] "POST /wp-login.php HTTP/1.1" 200 8877 "-" "Mozilla/5.0 (Windows NT 10.0; Win64; x64) AppleWebKit/537.36 (KHTML, like Gecko) Chrome/64.0.3282.167 Safari/537.36"
54.245.170.67 - - [07/Jul/2021:12:34:55 -0400] "GET / HTTP/1.1" 200 12256 "-" "Mozilla/5.0 (X11; Linux x86_64) AppleWebKit/537.36 (KHTML, like Gecko) Chrome/83.0.4103.97 Safari/537.36"
54.187.234.165 - - [07/Jul/2021:12:35:11 -0400] "GET /favicon.ico HTTP/1.1" 404 6499 "-" "Mozilla/5.0 (X11; Linux x86_64) AppleWebKit/537.36 (KHTML, like Gecko) Chrome/83.0.4103.97 Safari/537.36"
54.187.234.165 - - [07/Jul/2021:12:35:14 -0400] "GET / HTTP/1.1" 200 12256 "-" "Mozilla/5.0 (X11; Linux x86_64) AppleWebKit/537.36 (KHTML, like Gecko) Chrome/83.0.4103.97 Safari/537.36"
54.187.234.165 - - [07/Jul/2021:12:35:16 -0400] "GET /wp-content/uploads/2019/09/caliper-150x150.png HTTP/1.1" 200 26944 "-" "Go-http-client/1.1"
204.48.19.85 - - [07/Jul/2021:13:07:22 -0400] "POST /wp-cron.php?doing_wp_cron=1625677642.2160220146179199218750 HTTP/1.1" 200 6261 "https://qualitycraftsmanshipllc.com/wp-cron.php?doing_wp_cron=1625677642.2160220146179199218750" "WordPress/5.7.2; https://qualitycraftsmanshipllc.com"
34.87.224.45 - - [07/Jul/2021:13:07:22 -0400] "POST /wp-login.php HTTP/1.1" 200 8877 "-" "Mozilla/5.0 (Windows NT 6.1; Win64; x64) AppleWebKit/537.36 (KHTML, like Gecko) Chrome/70.0.3538.67 Safari/537.36"
89.252.137.57 - - [07/Jul/2021:13:23:45 -0400] "POST /wp-login.php HTTP/1.1" 200 8877 "-" "Mozilla/5.0 (Windows NT 10.0; WOW64) AppleWebKit/537.36 (KHTML, like Gecko) Chrome/57.0.2987.133 Safari/537.36"
34.210.4.139 - - [07/Jul/2021:13:27:34 -0400] "GET / HTTP/1.1" 301 554 "-" "Mozilla/5.0 (X11; Linux x86_64) AppleWebKit/537.36 (KHTML, like Gecko) Chrome/83.0.4103.97 Safari/537.36"
34.210.4.139 - - [07/Jul/2021:13:27:37 -0400] "GET / HTTP/1.1" 200 12256 "-" "Mozilla/5.0 (X11; Linux x86_64) AppleWebKit/537.36 (KHTML, like Gecko) Chrome/83.0.4103.97 Safari/537.36"
54.202.159.111 - - [07/Jul/2021:13:27:54 -0400] "GET /favicon.ico HTTP/1.1" 301 576 "-" "Mozilla/5.0 (X11; Linux x86_64) AppleWebKit/537.36 (KHTML, like Gecko) Chrome/83.0.4103.97 Safari/537.36"
54.202.159.111 - - [07/Jul/2021:13:27:56 -0400] "GET /favicon.ico HTTP/1.1" 404 6499 "http://qualitycraftsmanshipllc.com/favicon.ico" "Mozilla/5.0 (X11; Linux x86_64) AppleWebKit/537.36 (KHTML, like Gecko) Chrome/83.0.4103.97 Safari/537.36"
54.202.159.111 - - [07/Jul/2021:13:27:56 -0400] "GET / HTTP/1.1" 301 554 "-" "Mozilla/5.0 (X11; Linux x86_64) AppleWebKit/537.36 (KHTML, like Gecko) Chrome/83.0.4103.97 Safari/537.36"
54.202.159.111 - - [07/Jul/2021:13:27:57 -0400] "GET / HTTP/1.1" 200 12256 "http://qualitycraftsmanshipllc.com" "Mozilla/5.0 (X11; Linux x86_64) AppleWebKit/537.36 (KHTML, like Gecko) Chrome/83.0.4103.97 Safari/537.36"
54.202.159.111 - - [07/Jul/2021:13:27:57 -0400] "GET /wp-content/uploads/2019/09/caliper-150x150.png HTTP/1.1" 200 20918 "-" "Go-http-client/1.1"
134.209.196.64 - - [07/Jul/2021:13:40:55 -0400] "POST /wp-login.php HTTP/1.1" 200 8877 "-" "Mozilla/5.0 (Windows NT 6.1; Win64; x64) AppleWebKit/537.36 (KHTML, like Gecko) Chrome/80.0.3987.106 Safari/537.36"
114.119.136.88 - - [07/Jul/2021:13:55:03 -0400] "GET /robots.txt HTTP/1.1" 404 5870 "-" "Mozilla/5.0 (compatible;PetalBot;+https://webmaster.petalsearch.com/site/petalbot)"
204.48.19.85 - - [07/Jul/2021:14:01:31 -0400] "POST /wp-cron.php?doing_wp_cron=1625680891.5666298866271972656250 HTTP/1.1" 200 6261 "https://qualitycraftsmanshipllc.com/wp-cron.php?doing_wp_cron=1625680891.5666298866271972656250" "WordPress/5.7.2; https://qualitycraftsmanshipllc.com"
173.236.136.5 - - [07/Jul/2021:14:01:31 -0400] "POST /wp-login.php HTTP/1.1" 200 8877 "-" "Mozilla/5.0 (Windows NT 10.0; WOW64) AppleWebKit/537.36 (KHTML, like Gecko) Chrome/55.0.2883.87 Safari/537.36"
35.192.2.122 - - [07/Jul/2021:14:22:43 -0400] "POST /wp-login.php HTTP/1.1" 200 8877 "-" "Mozilla/5.0 (Windows NT 6.3; Win64; x64) AppleWebKit/537.36 (KHTML, like Gecko) Chrome/62.0.3202.94 Safari/537.36"
54.36.148.103 - - [07/Jul/2021:14:33:20 -0400] "GET /robots.txt HTTP/1.1" 404 6546 "-" "Mozilla/5.0 (compatible; AhrefsBot/7.0; +http://ahrefs.com/robot/)"
54.36.148.224 - - [07/Jul/2021:14:33:21 -0400] "GET / HTTP/1.1" 200 12303 "-" "Mozilla/5.0 (compatible; AhrefsBot/7.0; +http://ahrefs.com/robot/)"
66.249.64.113 - - [07/Jul/2021:14:45:54 -0400] "GET /wp-content/uploads/2021/03/IMG_6030.jpg HTTP/1.1" 200 751730 "-" "Googlebot-Image/1.0"
103.111.30.40 - - [07/Jul/2021:14:53:10 -0400] "GET /wp-login.php HTTP/1.1" 301 597 "-" "Mozilla/5.0 (X11; Ubuntu; Linux x86_64; rv:62.0) Gecko/20100101 Firefox/62.0"
103.111.30.40 - - [07/Jul/2021:14:53:10 -0400] "GET /wp-login.php HTTP/1.1" 301 597 "-" "Mozilla/5.0 (X11; Ubuntu; Linux x86_64; rv:62.0) Gecko/20100101 Firefox/62.0"
103.111.30.40 - - [07/Jul/2021:14:53:10 -0400] "GET /wp-login.php HTTP/1.1" 301 597 "-" "Mozilla/5.0 (X11; Ubuntu; Linux x86_64; rv:62.0) Gecko/20100101 Firefox/62.0"
103.111.30.40 - - [07/Jul/2021:14:53:11 -0400] "GET /wp-login.php HTTP/1.1" 200 8052 "http://qualitycraftsmanshipllc.com/wp-login.php" "Mozilla/5.0 (X11; Ubuntu; Linux x86_64; rv:62.0) Gecko/20100101 Firefox/62.0"
103.111.30.40 - - [07/Jul/2021:14:53:11 -0400] "GET /wp-login.php HTTP/1.1" 200 8052 "http://qualitycraftsmanshipllc.com/wp-login.php" "Mozilla/5.0 (X11; Ubuntu; Linux x86_64; rv:62.0) Gecko/20100101 Firefox/62.0"
103.111.30.40 - - [07/Jul/2021:14:53:11 -0400] "GET /wp-login.php HTTP/1.1" 200 8052 "http://qualitycraftsmanshipllc.com/wp-login.php" "Mozilla/5.0 (X11; Ubuntu; Linux x86_64; rv:62.0) Gecko/20100101 Firefox/62.0"
103.111.30.40 - - [07/Jul/2021:14:53:12 -0400] "GET ///?author=1 HTTP/1.1" 301 591 "-" "Mozilla/5.0 (X11; Ubuntu; Linux x86_64; rv:62.0) Gecko/20100101 Firefox/62.0"
103.111.30.40 - - [07/Jul/2021:14:53:12 -0400] "GET ///?author=1 HTTP/1.1" 301 591 "-" "Mozilla/5.0 (X11; Ubuntu; Linux x86_64; rv:62.0) Gecko/20100101 Firefox/62.0"
103.111.30.40 - - [07/Jul/2021:14:53:12 -0400] "GET ///?author=1 HTTP/1.1" 301 591 "-" "Mozilla/5.0 (X11; Ubuntu; Linux x86_64; rv:62.0) Gecko/20100101 Firefox/62.0"
103.111.30.40 - - [07/Jul/2021:14:53:13 -0400] "GET /?author=1 HTTP/1.1" 301 5624 "http://qualitycraftsmanshipllc.com///?author=1" "Mozilla/5.0 (X11; Ubuntu; Linux x86_64; rv:62.0) Gecko/20100101 Firefox/62.0"
103.111.30.40 - - [07/Jul/2021:14:53:13 -0400] "GET /?author=1 HTTP/1.1" 301 5624 "http://qualitycraftsmanshipllc.com///?author=1" "Mozilla/5.0 (X11; Ubuntu; Linux x86_64; rv:62.0) Gecko/20100101 Firefox/62.0"
103.111.30.40 - - [07/Jul/2021:14:53:13 -0400] "GET /?author=1 HTTP/1.1" 301 5624 "http://qualitycraftsmanshipllc.com///?author=1" "Mozilla/5.0 (X11; Ubuntu; Linux x86_64; rv:62.0) Gecko/20100101 Firefox/62.0"
103.111.30.40 - - [07/Jul/2021:14:53:14 -0400] "GET /index.php/author/root/ HTTP/1.1" 200 11089 "https://qualitycraftsmanshipllc.com/?author=1" "Mozilla/5.0 (X11; Ubuntu; Linux x86_64; rv:62.0) Gecko/20100101 Firefox/62.0"
103.111.30.40 - - [07/Jul/2021:14:53:14 -0400] "GET /index.php/author/root/ HTTP/1.1" 200 11089 "https://qualitycraftsmanshipllc.com/?author=1" "Mozilla/5.0 (X11; Ubuntu; Linux x86_64; rv:62.0) Gecko/20100101 Firefox/62.0"
103.111.30.40 - - [07/Jul/2021:14:53:14 -0400] "GET /index.php/author/root/ HTTP/1.1" 200 11089 "https://qualitycraftsmanshipllc.com/?author=1" "Mozilla/5.0 (X11; Ubuntu; Linux x86_64; rv:62.0) Gecko/20100101 Firefox/62.0"
103.111.30.40 - - [07/Jul/2021:14:53:15 -0400] "GET ///wp-json/wp/v2/users/ HTTP/1.1" 301 613 "-" "Mozilla/5.0 (X11; Ubuntu; Linux x86_64; rv:62.0) Gecko/20100101 Firefox/62.0"
103.111.30.40 - - [07/Jul/2021:14:53:15 -0400] "GET ///wp-json/wp/v2/users/ HTTP/1.1" 301 613 "-" "Mozilla/5.0 (X11; Ubuntu; Linux x86_64; rv:62.0) Gecko/20100101 Firefox/62.0"
103.111.30.40 - - [07/Jul/2021:14:53:15 -0400] "GET ///wp-json/wp/v2/users/ HTTP/1.1" 301 613 "-" "Mozilla/5.0 (X11; Ubuntu; Linux x86_64; rv:62.0) Gecko/20100101 Firefox/62.0"
103.111.30.40 - - [07/Jul/2021:14:53:16 -0400] "GET /wp-json/wp/v2/users/ HTTP/1.1" 404 5817 "http://qualitycraftsmanshipllc.com///wp-json/wp/v2/users/" "Mozilla/5.0 (X11; Ubuntu; Linux x86_64; rv:62.0) Gecko/20100101 Firefox/62.0"
103.111.30.40 - - [07/Jul/2021:14:53:16 -0400] "GET /wp-json/wp/v2/users/ HTTP/1.1" 404 5817 "http://qualitycraftsmanshipllc.com///wp-json/wp/v2/users/" "Mozilla/5.0 (X11; Ubuntu; Linux x86_64; rv:62.0) Gecko/20100101 Firefox/62.0"
103.111.30.40 - - [07/Jul/2021:14:53:16 -0400] "GET /wp-json/wp/v2/users/ HTTP/1.1" 404 5817 "http://qualitycraftsmanshipllc.com///wp-json/wp/v2/users/" "Mozilla/5.0 (X11; Ubuntu; Linux x86_64; rv:62.0) Gecko/20100101 Firefox/62.0"
103.111.30.40 - - [07/Jul/2021:14:53:16 -0400] "GET ///?author=2 HTTP/1.1" 301 591 "-" "Mozilla/5.0 (X11; Ubuntu; Linux x86_64; rv:62.0) Gecko/20100101 Firefox/62.0"
103.111.30.40 - - [07/Jul/2021:14:53:16 -0400] "GET ///?author=2 HTTP/1.1" 301 591 "-" "Mozilla/5.0 (X11; Ubuntu; Linux x86_64; rv:62.0) Gecko/20100101 Firefox/62.0"
103.111.30.40 - - [07/Jul/2021:14:53:16 -0400] "GET ///?author=2 HTTP/1.1" 301 591 "-" "Mozilla/5.0 (X11; Ubuntu; Linux x86_64; rv:62.0) Gecko/20100101 Firefox/62.0"
103.111.30.40 - - [07/Jul/2021:14:53:17 -0400] "GET /?author=2 HTTP/1.1" 404 32475 "http://qualitycraftsmanshipllc.com///?author=2" "Mozilla/5.0 (X11; Ubuntu; Linux x86_64; rv:62.0) Gecko/20100101 Firefox/62.0"
103.111.30.40 - - [07/Jul/2021:14:53:17 -0400] "GET /?author=2 HTTP/1.1" 404 32475 "http://qualitycraftsmanshipllc.com///?author=2" "Mozilla/5.0 (X11; Ubuntu; Linux x86_64; rv:62.0) Gecko/20100101 Firefox/62.0"
103.111.30.40 - - [07/Jul/2021:14:53:17 -0400] "GET /?author=2 HTTP/1.1" 404 32475 "http://qualitycraftsmanshipllc.com///?author=2" "Mozilla/5.0 (X11; Ubuntu; Linux x86_64; rv:62.0) Gecko/20100101 Firefox/62.0"
204.48.19.85 - - [07/Jul/2021:15:35:52 -0400] "POST /wp-cron.php?doing_wp_cron=1625686552.9197061061859130859375 HTTP/1.1" 200 6261 "https://qualitycraftsmanshipllc.com/wp-cron.php?doing_wp_cron=1625686552.9197061061859130859375" "WordPress/5.7.2; https://qualitycraftsmanshipllc.com"
45.40.166.143 - - [07/Jul/2021:15:35:52 -0400] "POST /wp-login.php HTTP/1.1" 200 8877 "-" "Mozilla/5.0 (Windows NT 6.3; WOW64) AppleWebKit/537.36 (KHTML, like Gecko) Chrome/46.0.2490.80 Safari/537.36"
157.55.39.173 - - [07/Jul/2021:15:47:16 -0400] "GET / HTTP/1.1" 301 610 "-" "Mozilla/5.0 (compatible; bingbot/2.0; +http://www.bing.com/bingbot.htm)"
204.48.19.85 - - [07/Jul/2021:15:57:51 -0400] "POST /wp-cron.php?doing_wp_cron=1625687871.0395689010620117187500 HTTP/1.1" 200 6261 "https://qualitycraftsmanshipllc.com/wp-cron.php?doing_wp_cron=1625687871.0395689010620117187500" "WordPress/5.7.2; https://qualitycraftsmanshipllc.com"
159.69.34.209 - - [07/Jul/2021:15:57:50 -0400] "POST /wp-login.php HTTP/1.1" 200 8877 "-" "Mozilla/5.0 (Windows NT 10.0; WOW64) AppleWebKit/537.36 (KHTML, like Gecko) Chrome/56.0.2924.87 Safari/537.36"
134.209.157.198 - - [07/Jul/2021:16:19:39 -0400] "POST /wp-login.php HTTP/1.1" 200 8877 "-" "Mozilla/5.0 (Windows NT 10.0; Win64; x64) AppleWebKit/537.36 (KHTML, like Gecko) Chrome/73.0.3683.75 Safari/537.36"
207.46.13.147 - - [07/Jul/2021:16:35:54 -0400] "GET / HTTP/1.1" 200 11887 "-" "Mozilla/5.0 (compatible; bingbot/2.0; +http://www.bing.com/bingbot.htm)"
114.119.157.143 - - [07/Jul/2021:16:40:19 -0400] "GET /robots.txt HTTP/1.1" 404 5870 "-" "Mozilla/5.0 (compatible;PetalBot;+https://webmaster.petalsearch.com/site/petalbot)"
192.3.28.247 - - [07/Jul/2021:16:40:42 -0400] "GET /index.php/contact-2/ HTTP/1.1" 200 11281 "-" "Mozilla/5.0 (Macintosh; Intel Mac OS X 10_8_6) AppleWebKit/537.36 (KHTML, like Gecko) Chrome/50.0.2691.9 Safari/537.36"
192.241.147.185 - - [07/Jul/2021:16:40:42 -0400] "POST /wp-login.php HTTP/1.1" 200 8877 "-" "Mozilla/5.0 (Windows NT 6.1; Win64; x64) AppleWebKit/537.36 (KHTML, like Gecko) Chrome/70.0.3538.67 Safari/537.36"
204.48.19.85 - - [07/Jul/2021:17:23:43 -0400] "POST /wp-cron.php?doing_wp_cron=1625693023.4690659046173095703125 HTTP/1.1" 200 6261 "https://qualitycraftsmanshipllc.com/wp-cron.php?doing_wp_cron=1625693023.4690659046173095703125" "WordPress/5.7.2; https://qualitycraftsmanshipllc.com"
204.44.88.35 - - [07/Jul/2021:17:23:43 -0400] "POST /wp-login.php HTTP/1.1" 200 8877 "-" "Mozilla/5.0 (Windows NT 5.1) AppleWebKit/537.36 (KHTML, like Gecko) Chrome/47.0.2526.106 Safari/537.36"
96.125.169.49 - - [07/Jul/2021:17:44:54 -0400] "POST /wp-login.php HTTP/1.1" 200 8877 "-" "Mozilla/5.0 (Windows NT 6.1) AppleWebKit/537.36 (KHTML, like Gecko) Chrome/61.0.3163.100 Safari/537.36"
204.48.19.85 - - [07/Jul/2021:18:24:43 -0400] "POST /wp-cron.php?doing_wp_cron=1625696683.5346529483795166015625 HTTP/1.1" 200 6261 "https://qualitycraftsmanshipllc.com/wp-cron.php?doing_wp_cron=1625696683.5346529483795166015625" "WordPress/5.7.2; https://qualitycraftsmanshipllc.com"
117.20.6.180 - - [07/Jul/2021:18:24:43 -0400] "POST /wp-login.php HTTP/1.1" 200 8877 "-" "Mozilla/5.0 (Windows NT 6.1; WOW64) AppleWebKit/537.36 (KHTML, like Gecko) Chrome/47.0.2526.111 Safari/537.36"
165.227.131.69 - - [07/Jul/2021:18:44:31 -0400] "POST /wp-login.php HTTP/1.1" 200 8877 "-" "Mozilla/5.0 (Windows NT 10.0; Win64; x64) AppleWebKit/537.36 (KHTML, like Gecko) Chrome/64.0.3282.167 Safari/537.36"
204.48.19.85 - - [07/Jul/2021:19:23:31 -0400] "POST /wp-cron.php?doing_wp_cron=1625700211.3215351104736328125000 HTTP/1.1" 200 6261 "https://qualitycraftsmanshipllc.com/wp-cron.php?doing_wp_cron=1625700211.3215351104736328125000" "WordPress/5.7.2; https://qualitycraftsmanshipllc.com"
183.90.173.95 - - [07/Jul/2021:19:23:31 -0400] "POST /wp-login.php HTTP/1.1" 200 8877 "-" "Mozilla/5.0 (Windows NT 6.1; WOW64) AppleWebKit/537.36 (KHTML, like Gecko) Chrome/36.0.1985.125 Safari/537.36"
67.205.146.15 - - [07/Jul/2021:19:54:45 -0400] "POST /wp-login.php HTTP/1.1" 200 8877 "-" "Mozilla/5.0 (Windows NT 10.0; WOW64) AppleWebKit/537.36 (KHTML, like Gecko) Chrome/56.0.2924.87 Safari/537.36"
204.48.19.85 - - [07/Jul/2021:20:10:27 -0400] "POST /wp-cron.php?doing_wp_cron=1625703027.3307559490203857421875 HTTP/1.1" 200 6261 "https://qualitycraftsmanshipllc.com/wp-cron.php?doing_wp_cron=1625703027.3307559490203857421875" "WordPress/5.7.2; https://qualitycraftsmanshipllc.com"
104.248.233.244 - - [07/Jul/2021:20:10:27 -0400] "POST /wp-login.php HTTP/1.1" 200 8877 "-" "Mozilla/5.0 (Windows NT 10.0; WOW64) AppleWebKit/537.36 (KHTML, like Gecko) Chrome/47.0.2526.106 Safari/537.36"
114.119.135.182 - - [07/Jul/2021:20:20:40 -0400] "GET /index.php/services HTTP/1.1" 301 5674 "-" "Mozilla/5.0 (Linux; Android 7.0;) AppleWebKit/537.36 (KHTML, like Gecko) Mobile Safari/537.36 (compatible; PetalBot;+https://webmaster.petalsearch.com/site/petalbot)"
114.119.135.182 - - [07/Jul/2021:20:20:42 -0400] "GET /index.php/services/ HTTP/1.1" 200 5916 "-" "Mozilla/5.0 (Linux; Android 7.0;) AppleWebKit/537.36 (KHTML, like Gecko) Mobile Safari/537.36 (compatible; PetalBot;+https://webmaster.petalsearch.com/site/petalbot)"
45.40.166.143 - - [07/Jul/2021:20:26:00 -0400] "POST /wp-login.php HTTP/1.1" 200 8877 "-" "Mozilla/5.0 (Windows NT 10.0; Win64; x64) AppleWebKit/537.36 (KHTML, like Gecko) Chrome/66.0.3359.117 Safari/537.36"
185.243.10.236 - - [07/Jul/2021:20:42:34 -0400] "POST /wp-login.php HTTP/1.1" 200 8877 "-" "Mozilla/5.0 (Windows NT 10.0; WOW64) AppleWebKit/537.36 (KHTML, like Gecko) Chrome/79.0.3945.130 Safari/537.36"
204.48.19.85 - - [07/Jul/2021:20:58:58 -0400] "POST /wp-cron.php?doing_wp_cron=1625705938.6626930236816406250000 HTTP/1.1" 200 6261 "https://qualitycraftsmanshipllc.com/wp-cron.php?doing_wp_cron=1625705938.6626930236816406250000" "WordPress/5.7.2; https://qualitycraftsmanshipllc.com"
176.31.247.193 - - [07/Jul/2021:20:58:58 -0400] "POST /wp-login.php HTTP/1.1" 200 8877 "-" "Mozilla/5.0 (Windows NT 5.1) AppleWebKit/537.36 (KHTML, like Gecko) Chrome/47.0.2526.106 Safari/537.36"
35.238.155.231 - - [07/Jul/2021:21:16:22 -0400] "POST /wp-login.php HTTP/1.1" 200 8877 "-" "Mozilla/5.0 (Windows NT 6.1; WOW64) AppleWebKit/537.36 (KHTML, like Gecko) Chrome/47.0.2526.111 Safari/537.36"
159.203.89.44 - - [07/Jul/2021:21:16:57 -0400] "GET /wp-login.php HTTP/1.1" 200 8052 "-" "Mozilla/5.0 (X11; Ubuntu; Linux x86_64; rv:62.0) Gecko/20100101 Firefox/62.0"
159.203.89.44 - - [07/Jul/2021:21:17:04 -0400] "POST /wp-login.php HTTP/1.1" 200 8174 "-" "Mozilla/5.0 (X11; Ubuntu; Linux x86_64; rv:62.0) Gecko/20100101 Firefox/62.0"
159.203.89.44 - - [07/Jul/2021:21:17:09 -0400] "POST /xmlrpc.php HTTP/1.1" 200 5786 "-" "Mozilla/5.0 (X11; Ubuntu; Linux x86_64; rv:62.0) Gecko/20100101 Firefox/62.0"
204.48.19.85 - - [07/Jul/2021:21:31:55 -0400] "POST /wp-cron.php?doing_wp_cron=1625707915.0869100093841552734375 HTTP/1.1" 200 6261 "https://qualitycraftsmanshipllc.com/wp-cron.php?doing_wp_cron=1625707915.0869100093841552734375" "WordPress/5.7.2; https://qualitycraftsmanshipllc.com"
72.167.42.12 - - [07/Jul/2021:21:31:54 -0400] "POST /wp-login.php HTTP/1.1" 200 8877 "-" "Mozilla/5.0 (Windows NT 10.0; WOW64) AppleWebKit/537.36 (KHTML, like Gecko) Chrome/53.0.2785.143 Safari/537.36"
34.73.61.18 - - [07/Jul/2021:21:43:14 -0400] "GET /robots.txt HTTP/1.0" 404 5821 "-" "ZoominfoBot (zoominfobot at zoominfo dot com)"
34.73.61.18 - - [07/Jul/2021:21:43:14 -0400] "GET /index.php/services/ HTTP/1.0" 200 5884 "-" "ZoominfoBot (zoominfobot at zoominfo dot com)"
34.73.61.18 - - [07/Jul/2021:21:43:27 -0400] "GET /index.php/photogallery/ HTTP/1.0" 200 13389 "-" "ZoominfoBot (zoominfobot at zoominfo dot com)"
34.73.61.18 - - [07/Jul/2021:21:43:30 -0400] "GET /index.php/contact-2/ HTTP/1.0" 200 10993 "-" "ZoominfoBot (zoominfobot at zoominfo dot com)"
34.73.61.18 - - [07/Jul/2021:21:43:46 -0400] "GET /index.php/comments/feed/ HTTP/1.0" 200 6222 "-" "ZoominfoBot (zoominfobot at zoominfo dot com)"
34.73.61.18 - - [07/Jul/2021:21:44:17 -0400] "GET /index.php/feed/ HTTP/1.0" 200 6608 "-" "ZoominfoBot (zoominfobot at zoominfo dot com)"
101.32.178.221 - - [07/Jul/2021:21:48:14 -0400] "POST /wp-login.php HTTP/1.1" 200 8877 "-" "Mozilla/5.0 (Windows NT 6.1) AppleWebKit/537.36 (KHTML, like Gecko) Chrome/65.0.3325.181 Safari/537.36"
34.73.61.18 - - [07/Jul/2021:21:53:40 -0400] "GET /index.php/about-2/ HTTP/1.0" 200 11491 "-" "ZoominfoBot (zoominfobot at zoominfo dot com)"
204.48.19.85 - - [07/Jul/2021:22:00:51 -0400] "GET / HTTP/1.1" 200 12322 "https://qualitycraftsmanshipllc.com/" "WordPress/5.7.2; https://qualitycraftsmanshipllc.com"
204.48.19.85 - - [07/Jul/2021:22:00:51 -0400] "POST /wp-cron.php?doing_wp_cron=1625709651.3047640323638916015625 HTTP/1.1" 200 6261 "https://qualitycraftsmanshipllc.com/wp-cron.php?doing_wp_cron=1625709651.3047640323638916015625" "WordPress/5.7.2; https://qualitycraftsmanshipllc.com"
34.73.61.18 - - [07/Jul/2021:22:00:51 -0400] "GET /xmlrpc.php?rsd HTTP/1.0" 200 5885 "-" "ZoominfoBot (zoominfobot at zoominfo dot com)"
54.188.212.196 - - [07/Jul/2021:22:02:59 -0400] "GET / HTTP/1.1" 301 610 "-" "Mozilla/5.0 (Macintosh; Intel Mac OS X 10_13_6) AppleWebKit/537.36 (KHTML, like Gecko) Chrome/74.0.3694.0 Safari/537.36 Chrome-Lighthouse"
204.48.19.85 - - [07/Jul/2021:22:02:59 -0400] "POST /wp-cron.php?doing_wp_cron=1625709779.5723180770874023437500 HTTP/1.1" 200 6261 "https://qualitycraftsmanshipllc.com/wp-cron.php?doing_wp_cron=1625709779.5723180770874023437500" "WordPress/5.7.2; https://qualitycraftsmanshipllc.com"
54.188.212.196 - - [07/Jul/2021:22:02:59 -0400] "GET / HTTP/1.1" 200 12359 "-" "Mozilla/5.0 (Macintosh; Intel Mac OS X 10_13_6) AppleWebKit/537.36 (KHTML, like Gecko) Chrome/74.0.3694.0 Safari/537.36 Chrome-Lighthouse"
54.188.212.196 - - [07/Jul/2021:22:03:00 -0400] "GET /wp-includes/css/dist/block-library/style.min.css?ver=5.7.2 HTTP/1.1" 200 9110 "https://qualitycraftsmanshipllc.com/" "Mozilla/5.0 (Macintosh; Intel Mac OS X 10_13_6) AppleWebKit/537.36 (KHTML, like Gecko) Chrome/74.0.3694.0 Safari/537.36 Chrome-Lighthouse"
54.188.212.196 - - [07/Jul/2021:22:03:00 -0400] "GET /wp-content/plugins/contact-form-7/includes/css/styles.css?ver=5.4.1 HTTP/1.1" 200 1289 "https://qualitycraftsmanshipllc.com/" "Mozilla/5.0 (Macintosh; Intel Mac OS X 10_13_6) AppleWebKit/537.36 (KHTML, like Gecko) Chrome/74.0.3694.0 Safari/537.36 Chrome-Lighthouse"
54.188.212.196 - - [07/Jul/2021:22:03:00 -0400] "GET /wp-content/themes/bloggist/css/font-awesome.min.css?ver=5.7.2 HTTP/1.1" 200 8032 "https://qualitycraftsmanshipllc.com/" "Mozilla/5.0 (Macintosh; Intel Mac OS X 10_13_6) AppleWebKit/537.36 (KHTML, like Gecko) Chrome/74.0.3694.0 Safari/537.36 Chrome-Lighthouse"
54.188.212.196 - - [07/Jul/2021:22:03:00 -0400] "GET /wp-content/themes/bloggist/style.css?ver=5.7.2 HTTP/1.1" 200 11431 "https://qualitycraftsmanshipllc.com/" "Mozilla/5.0 (Macintosh; Intel Mac OS X 10_13_6) AppleWebKit/537.36 (KHTML, like Gecko) Chrome/74.0.3694.0 Safari/537.36 Chrome-Lighthouse"
54.188.212.196 - - [07/Jul/2021:22:03:00 -0400] "GET /wp-content/themes/modern-diary/style.css?ver=5.7.2 HTTP/1.1" 200 16557 "https://qualitycraftsmanshipllc.com/" "Mozilla/5.0 (Macintosh; Intel Mac OS X 10_13_6) AppleWebKit/537.36 (KHTML, like Gecko) Chrome/74.0.3694.0 Safari/537.36 Chrome-Lighthouse"
54.188.212.196 - - [07/Jul/2021:22:03:00 -0400] "GET /wp-includes/js/jquery/jquery.min.js?ver=3.5.1 HTTP/1.1" 200 37475 "https://qualitycraftsmanshipllc.com/" "Mozilla/5.0 (Macintosh; Intel Mac OS X 10_13_6) AppleWebKit/537.36 (KHTML, like Gecko) Chrome/74.0.3694.0 Safari/537.36 Chrome-Lighthouse"
54.188.212.196 - - [07/Jul/2021:22:03:00 -0400] "GET /wp-includes/js/jquery/jquery-migrate.min.js?ver=3.3.2 HTTP/1.1" 200 10660 "https://qualitycraftsmanshipllc.com/" "Mozilla/5.0 (Macintosh; Intel Mac OS X 10_13_6) AppleWebKit/537.36 (KHTML, like Gecko) Chrome/74.0.3694.0 Safari/537.36 Chrome-Lighthouse"
54.188.212.196 - - [07/Jul/2021:22:03:00 -0400] "GET /wp-includes/js/dist/vendor/wp-polyfill.min.js?ver=7.4.4 HTTP/1.1" 200 34748 "https://qualitycraftsmanshipllc.com/" "Mozilla/5.0 (Macintosh; Intel Mac OS X 10_13_6) AppleWebKit/537.36 (KHTML, like Gecko) Chrome/74.0.3694.0 Safari/537.36 Chrome-Lighthouse"
54.188.212.196 - - [07/Jul/2021:22:03:00 -0400] "GET /wp-content/plugins/contact-form-7/includes/js/index.js?ver=5.4.1 HTTP/1.1" 200 4421 "https://qualitycraftsmanshipllc.com/" "Mozilla/5.0 (Macintosh; Intel Mac OS X 10_13_6) AppleWebKit/537.36 (KHTML, like Gecko) Chrome/74.0.3694.0 Safari/537.36 Chrome-Lighthouse"
54.188.212.196 - - [07/Jul/2021:22:03:00 -0400] "GET /wp-content/themes/bloggist/js/navigation.js?ver=20170823 HTTP/1.1" 200 1466 "https://qualitycraftsmanshipllc.com/" "Mozilla/5.0 (Macintosh; Intel Mac OS X 10_13_6) AppleWebKit/537.36 (KHTML, like Gecko) Chrome/74.0.3694.0 Safari/537.36 Chrome-Lighthouse"
54.188.212.196 - - [07/Jul/2021:22:03:00 -0400] "GET /wp-content/themes/bloggist/js/skip-link-focus-fix.js?ver=20170823 HTTP/1.1" 200 788 "https://qualitycraftsmanshipllc.com/" "Mozilla/5.0 (Macintosh; Intel Mac OS X 10_13_6) AppleWebKit/537.36 (KHTML, like Gecko) Chrome/74.0.3694.0 Safari/537.36 Chrome-Lighthouse"
54.188.212.196 - - [07/Jul/2021:22:03:00 -0400] "GET /wp-content/themes/bloggist/js/jquery.flexslider.js?ver=20150423 HTTP/1.1" 200 11948 "https://qualitycraftsmanshipllc.com/" "Mozilla/5.0 (Macintosh; Intel Mac OS X 10_13_6) AppleWebKit/537.36 (KHTML, like Gecko) Chrome/74.0.3694.0 Safari/537.36 Chrome-Lighthouse"
54.188.212.196 - - [07/Jul/2021:22:03:00 -0400] "GET /wp-content/themes/bloggist/js/script.js?ver=20160720 HTTP/1.1" 200 1490 "https://qualitycraftsmanshipllc.com/" "Mozilla/5.0 (Macintosh; Intel Mac OS X 10_13_6) AppleWebKit/537.36 (KHTML, like Gecko) Chrome/74.0.3694.0 Safari/537.36 Chrome-Lighthouse"
54.188.212.196 - - [07/Jul/2021:22:03:00 -0400] "GET /wp-content/themes/bloggist/js/accessibility.js?ver=20160720 HTTP/1.1" 200 923 "https://qualitycraftsmanshipllc.com/" "Mozilla/5.0 (Macintosh; Intel Mac OS X 10_13_6) AppleWebKit/537.36 (KHTML, like Gecko) Chrome/74.0.3694.0 Safari/537.36 Chrome-Lighthouse"
54.188.212.196 - - [07/Jul/2021:22:03:00 -0400] "GET /wp-includes/js/wp-embed.min.js?ver=5.7.2 HTTP/1.1" 200 1136 "https://qualitycraftsmanshipllc.com/" "Mozilla/5.0 (Macintosh; Intel Mac OS X 10_13_6) AppleWebKit/537.36 (KHTML, like Gecko) Chrome/74.0.3694.0 Safari/537.36 Chrome-Lighthouse"
54.188.212.196 - - [07/Jul/2021:22:03:00 -0400] "GET /wp-includes/js/wp-emoji-release.min.js?ver=5.7.2 HTTP/1.1" 200 5079 "https://qualitycraftsmanshipllc.com/" "Mozilla/5.0 (Macintosh; Intel Mac OS X 10_13_6) AppleWebKit/537.36 (KHTML, like Gecko) Chrome/74.0.3694.0 Safari/537.36 Chrome-Lighthouse"
