157.55.39.43 - - [30/Jun/2021:00:06:44 -0400] "GET /robots.txt HTTP/1.1" 404 5248 "-" "Mozilla/5.0 (compatible; bingbot/2.0; +http://www.bing.com/bingbot.htm)"
157.55.39.43 - - [30/Jun/2021:00:06:44 -0400] "GET /robots.txt HTTP/1.1" 404 5330 "-" "Mozilla/5.0 (compatible; bingbot/2.0; +http://www.bing.com/bingbot.htm)"
204.48.19.85 - - [30/Jun/2021:00:06:53 -0400] "POST /wp-cron.php?doing_wp_cron=1625026013.6449069976806640625000 HTTP/1.1" 200 5475 "https://qualitycraftsmanshipllc.com/wp-cron.php?doing_wp_cron=1625026013.6449069976806640625000" "WordPress/5.7.2; https://qualitycraftsmanshipllc.com"
40.77.167.8 - - [30/Jun/2021:00:06:53 -0400] "GET / HTTP/1.1" 200 11101 "-" "Mozilla/5.0 (compatible; bingbot/2.0; +http://www.bing.com/bingbot.htm)"
5.188.62.140 - - [30/Jun/2021:00:14:01 -0400] "POST /wp-login.php HTTP/1.1" 200 8146 "-" "Mozilla/5.0 (Windows NT 6.1; WOW64) AppleWebKit/537.36 (KHTML, like Gecko) Chrome/41.0.2227.1 Safari/537.36"
5.188.62.140 - - [30/Jun/2021:00:14:02 -0400] "POST /wp-login.php HTTP/1.1" 200 2908 "-" "Mozilla/5.0 (Windows NT 6.1; WOW64) AppleWebKit/537.36 (KHTML, like Gecko) Chrome/41.0.2227.1 Safari/537.36"
172.105.190.57 - - [30/Jun/2021:00:14:31 -0400] "GET /wp-login.php HTTP/1.1" 200 7266 "-" "Mozilla/5.0 (X11; Ubuntu; Linux x86_64; rv:62.0) Gecko/20100101 Firefox/62.0"
172.105.190.57 - - [30/Jun/2021:00:14:32 -0400] "POST /wp-login.php HTTP/1.1" 200 7388 "-" "Mozilla/5.0 (X11; Ubuntu; Linux x86_64; rv:62.0) Gecko/20100101 Firefox/62.0"
172.105.190.57 - - [30/Jun/2021:00:14:34 -0400] "POST /xmlrpc.php HTTP/1.1" 200 5000 "-" "Mozilla/5.0 (X11; Ubuntu; Linux x86_64; rv:62.0) Gecko/20100101 Firefox/62.0"
51.132.4.32 - - [30/Jun/2021:00:32:12 -0400] "POST /wp-login.php HTTP/1.1" 200 8091 "-" "Mozilla/5.0 (Windows NT 6.1) AppleWebKit/537.36 (KHTML, like Gecko) Chrome/63.0.3239.84 Safari/537.36"
188.166.149.59 - - [30/Jun/2021:00:46:01 -0400] "GET /wp-login.php HTTP/1.1" 200 7266 "-" "Mozilla/5.0 (X11; Ubuntu; Linux x86_64; rv:62.0) Gecko/20100101 Firefox/62.0"
188.166.149.59 - - [30/Jun/2021:00:46:02 -0400] "POST /wp-login.php HTTP/1.1" 200 7388 "-" "Mozilla/5.0 (X11; Ubuntu; Linux x86_64; rv:62.0) Gecko/20100101 Firefox/62.0"
188.166.149.59 - - [30/Jun/2021:00:46:03 -0400] "POST /xmlrpc.php HTTP/1.1" 200 5000 "-" "Mozilla/5.0 (X11; Ubuntu; Linux x86_64; rv:62.0) Gecko/20100101 Firefox/62.0"
204.48.19.85 - - [30/Jun/2021:00:58:47 -0400] "POST /wp-cron.php?doing_wp_cron=1625029127.6801979541778564453125 HTTP/1.1" 200 5475 "https://qualitycraftsmanshipllc.com/wp-cron.php?doing_wp_cron=1625029127.6801979541778564453125" "WordPress/5.7.2; https://qualitycraftsmanshipllc.com"
5.188.62.140 - - [30/Jun/2021:00:58:47 -0400] "POST /wp-login.php HTTP/1.1" 200 8146 "-" "Mozilla/5.0 (Windows NT 6.0) AppleWebKit/537.36 (KHTML, like Gecko) Chrome/41.0.2228.0 Safari/537.36"
5.188.62.140 - - [30/Jun/2021:00:58:48 -0400] "POST /wp-login.php HTTP/1.1" 200 2908 "-" "Mozilla/5.0 (Windows NT 6.0) AppleWebKit/537.36 (KHTML, like Gecko) Chrome/41.0.2228.0 Safari/537.36"
161.35.74.104 - - [30/Jun/2021:01:19:21 -0400] "GET /wp-login.php HTTP/1.1" 200 7266 "-" "Mozilla/5.0 (X11; Ubuntu; Linux x86_64; rv:62.0) Gecko/20100101 Firefox/62.0"
161.35.74.104 - - [30/Jun/2021:01:19:22 -0400] "POST /wp-login.php HTTP/1.1" 200 7388 "-" "Mozilla/5.0 (X11; Ubuntu; Linux x86_64; rv:62.0) Gecko/20100101 Firefox/62.0"
161.35.74.104 - - [30/Jun/2021:01:19:22 -0400] "POST /xmlrpc.php HTTP/1.1" 200 5000 "-" "Mozilla/5.0 (X11; Ubuntu; Linux x86_64; rv:62.0) Gecko/20100101 Firefox/62.0"
162.241.76.91 - - [30/Jun/2021:01:38:40 -0400] "GET /alfa.php HTTP/1.1" 301 570 "http://simplesite.com" "Mozilla/5.0 (Windows; U; Windows NT 5.1; en-US) AppleWebKit/533.4 (KHTML, like Gecko) Chrome/5.0.375.99 Safari/533.4"
162.241.76.91 - - [30/Jun/2021:01:38:41 -0400] "GET /alfa.php HTTP/1.1" 404 5760 "http://qualitycraftsmanshipllc.com/alfa.php" "Mozilla/5.0 (Windows; U; Windows NT 5.1; en-US) AppleWebKit/533.4 (KHTML, like Gecko) Chrome/5.0.375.99 Safari/533.4"
5.188.62.140 - - [30/Jun/2021:01:41:39 -0400] "POST /wp-login.php HTTP/1.1" 200 8146 "-" "Mozilla/5.0 (Windows NT 5.1) AppleWebKit/537.36 (KHTML, like Gecko) Chrome/41.0.2224.3 Safari/537.36"
5.188.62.140 - - [30/Jun/2021:01:41:40 -0400] "POST /wp-login.php HTTP/1.1" 200 2908 "-" "Mozilla/5.0 (Windows NT 5.1) AppleWebKit/537.36 (KHTML, like Gecko) Chrome/41.0.2224.3 Safari/537.36"
66.249.64.199 - - [30/Jun/2021:01:47:02 -0400] "GET /robots.txt HTTP/1.1" 301 642 "-" "Mozilla/5.0 (compatible; Googlebot/2.1; +http://www.google.com/bot.html)"
66.249.64.222 - - [30/Jun/2021:01:47:02 -0400] "GET /robots.txt HTTP/1.1" 404 5805 "-" "Mozilla/5.0 (compatible; Googlebot/2.1; +http://www.google.com/bot.html)"
66.249.64.199 - - [30/Jun/2021:01:47:02 -0400] "GET / HTTP/1.1" 301 621 "-" "Mozilla/5.0 (Linux; Android 6.0.1; Nexus 5X Build/MMB29P) AppleWebKit/537.36 (KHTML, like Gecko) Chrome/91.0.4472.90 Mobile Safari/537.36 (compatible; Googlebot/2.1; +http://www.google.com/bot.html)"
66.249.64.220 - - [30/Jun/2021:01:47:03 -0400] "GET / HTTP/1.1" 301 5570 "-" "Mozilla/5.0 (Linux; Android 6.0.1; Nexus 5X Build/MMB29P) AppleWebKit/537.36 (KHTML, like Gecko) Chrome/91.0.4472.90 Mobile Safari/537.36 (compatible; Googlebot/2.1; +http://www.google.com/bot.html)"
66.249.64.117 - - [30/Jun/2021:01:47:03 -0400] "GET /robots.txt HTTP/1.1" 404 5769 "-" "Mozilla/5.0 (compatible; Googlebot/2.1; +http://www.google.com/bot.html)"
66.249.64.117 - - [30/Jun/2021:01:47:03 -0400] "GET / HTTP/1.1" 200 6285 "-" "Mozilla/5.0 (Linux; Android 6.0.1; Nexus 5X Build/MMB29P) AppleWebKit/537.36 (KHTML, like Gecko) Chrome/91.0.4472.90 Mobile Safari/537.36 (compatible; Googlebot/2.1; +http://www.google.com/bot.html)"
66.249.64.113 - - [30/Jun/2021:01:47:06 -0400] "GET /wp-content/themes/bloggist/js/navigation.js?ver=20170823 HTTP/1.1" 200 6707 "https://qualitycraftsmanshipllc.com/" "Mozilla/5.0 (Linux; Android 6.0.1; Nexus 5X Build/MMB29P) AppleWebKit/537.36 (KHTML, like Gecko) Chrome/91.0.4472.90 Mobile Safari/537.36 (compatible; Googlebot/2.1; +http://www.google.com/bot.html)"
66.249.64.115 - - [30/Jun/2021:01:47:06 -0400] "GET /wp-includes/js/dist/vendor/wp-polyfill.min.js?ver=7.4.4 HTTP/1.1" 200 39989 "https://qualitycraftsmanshipllc.com/" "Mozilla/5.0 (Linux; Android 6.0.1; Nexus 5X Build/MMB29P) AppleWebKit/537.36 (KHTML, like Gecko) Chrome/91.0.4472.90 Mobile Safari/537.36 (compatible; Googlebot/2.1; +http://www.google.com/bot.html)"
124.158.10.21 - - [30/Jun/2021:01:52:05 -0400] "POST /wp-login.php HTTP/1.1" 200 8091 "-" "Mozilla/5.0 (Windows NT 10.0; Win64; x64) AppleWebKit/537.36 (KHTML, like Gecko) Chrome/62.0.3202.89 Safari/537.36"
203.6.149.115 - - [30/Jun/2021:01:52:37 -0400] "GET /wp-login.php HTTP/1.1" 200 7266 "-" "Mozilla/5.0 (X11; Ubuntu; Linux x86_64; rv:62.0) Gecko/20100101 Firefox/62.0"
203.6.149.115 - - [30/Jun/2021:01:52:38 -0400] "POST /wp-login.php HTTP/1.1" 200 7388 "-" "Mozilla/5.0 (X11; Ubuntu; Linux x86_64; rv:62.0) Gecko/20100101 Firefox/62.0"
203.6.149.115 - - [30/Jun/2021:01:52:40 -0400] "POST /xmlrpc.php HTTP/1.1" 200 5000 "-" "Mozilla/5.0 (X11; Ubuntu; Linux x86_64; rv:62.0) Gecko/20100101 Firefox/62.0"
204.48.19.85 - - [30/Jun/2021:02:24:53 -0400] "POST /wp-cron.php?doing_wp_cron=1625034293.2383630275726318359375 HTTP/1.1" 200 5475 "https://qualitycraftsmanshipllc.com/wp-cron.php?doing_wp_cron=1625034293.2383630275726318359375" "WordPress/5.7.2; https://qualitycraftsmanshipllc.com"
5.188.62.140 - - [30/Jun/2021:02:24:52 -0400] "POST /wp-login.php HTTP/1.1" 200 8146 "-" "Mozilla/5.0 (Windows NT 6.2) AppleWebKit/537.36 (KHTML, like Gecko) Chrome/41.0.2228.0 Safari/537.36"
5.188.62.140 - - [30/Jun/2021:02:24:54 -0400] "POST /wp-login.php HTTP/1.1" 200 2908 "-" "Mozilla/5.0 (Windows NT 6.2) AppleWebKit/537.36 (KHTML, like Gecko) Chrome/41.0.2228.0 Safari/537.36"
185.191.34.215 - - [30/Jun/2021:02:28:54 -0400] "HEAD / HTTP/1.1" 200 5764 "-" "Mozilla/5.0 (Windows NT 10.0; Win64; x64; rv:67.0) Gecko/20100101 Firefox/67.0"
173.212.221.38 - - [30/Jun/2021:02:49:47 -0400] "GET /wp-login.php HTTP/1.1" 200 7266 "-" "Mozilla/5.0 (X11; Ubuntu; Linux x86_64; rv:62.0) Gecko/20100101 Firefox/62.0"
173.212.221.38 - - [30/Jun/2021:02:49:48 -0400] "POST /wp-login.php HTTP/1.1" 200 7388 "-" "Mozilla/5.0 (X11; Ubuntu; Linux x86_64; rv:62.0) Gecko/20100101 Firefox/62.0"
173.212.221.38 - - [30/Jun/2021:02:49:49 -0400] "POST /xmlrpc.php HTTP/1.1" 200 5000 "-" "Mozilla/5.0 (X11; Ubuntu; Linux x86_64; rv:62.0) Gecko/20100101 Firefox/62.0"
185.83.146.171 - - [30/Jun/2021:02:55:37 -0400] "GET /wp-login.php HTTP/1.1" 200 7266 "-" "Mozilla/5.0 (X11; Ubuntu; Linux x86_64; rv:62.0) Gecko/20100101 Firefox/62.0"
185.83.146.171 - - [30/Jun/2021:02:55:38 -0400] "POST /wp-login.php HTTP/1.1" 200 7388 "-" "Mozilla/5.0 (X11; Ubuntu; Linux x86_64; rv:62.0) Gecko/20100101 Firefox/62.0"
185.83.146.171 - - [30/Jun/2021:02:55:39 -0400] "POST /xmlrpc.php HTTP/1.1" 200 5000 "-" "Mozilla/5.0 (X11; Ubuntu; Linux x86_64; rv:62.0) Gecko/20100101 Firefox/62.0"
204.48.19.85 - - [30/Jun/2021:02:59:20 -0400] "POST /wp-cron.php?doing_wp_cron=1625036360.3180449008941650390625 HTTP/1.1" 200 5475 "https://qualitycraftsmanshipllc.com/wp-cron.php?doing_wp_cron=1625036360.3180449008941650390625" "WordPress/5.7.2; https://qualitycraftsmanshipllc.com"
167.86.70.141 - - [30/Jun/2021:02:59:20 -0400] "POST /wp-login.php HTTP/1.1" 200 7387 "-" "Mozilla/5.0 (X11; Ubuntu; Linux x86_64; rv:62.0) Gecko/20100101 Firefox/62.0"
167.86.70.141 - - [30/Jun/2021:02:59:20 -0400] "POST /xmlrpc.php HTTP/1.1" 200 5000 "-" "Mozilla/5.0 (X11; Ubuntu; Linux x86_64; rv:62.0) Gecko/20100101 Firefox/62.0"
31.14.161.244 - - [30/Jun/2021:03:06:20 -0400] "GET /wp-login.php HTTP/1.1" 200 7266 "-" "Mozilla/5.0 (X11; Ubuntu; Linux x86_64; rv:62.0) Gecko/20100101 Firefox/62.0"
31.14.161.244 - - [30/Jun/2021:03:06:21 -0400] "POST /wp-login.php HTTP/1.1" 200 7388 "-" "Mozilla/5.0 (X11; Ubuntu; Linux x86_64; rv:62.0) Gecko/20100101 Firefox/62.0"
31.14.161.244 - - [30/Jun/2021:03:06:22 -0400] "POST /xmlrpc.php HTTP/1.1" 200 5000 "-" "Mozilla/5.0 (X11; Ubuntu; Linux x86_64; rv:62.0) Gecko/20100101 Firefox/62.0"
5.188.62.140 - - [30/Jun/2021:03:08:50 -0400] "POST /wp-login.php HTTP/1.1" 200 8146 "-" "Mozilla/5.0 (Windows NT 6.1) AppleWebKit/537.36 (KHTML, like Gecko) Chrome/41.0.2224.3 Safari/537.36"
5.188.62.140 - - [30/Jun/2021:03:08:52 -0400] "POST /wp-login.php HTTP/1.1" 200 2908 "-" "Mozilla/5.0 (Windows NT 6.1) AppleWebKit/537.36 (KHTML, like Gecko) Chrome/41.0.2224.3 Safari/537.36"
23.228.109.147 - - [30/Jun/2021:03:10:27 -0400] "GET /wp-content/plugins/wp-front-end-repository/js/uploadify/uploadify.css HTTP/1.1" 301 711 "http://www.google.com/" "Mozilla/5.0 (Windows NT 6.1; Win64; x64) AppleWebKit/537.36 (KHTML, like Gecko) Chrome/56.0.2896.3 Safari/537.36"
23.228.109.147 - - [30/Jun/2021:03:10:28 -0400] "GET /wp-content/plugins/wp-front-end-repository/js/uploadify/uploadify.css HTTP/1.1" 404 5262 "http://www.google.com/" "Mozilla/5.0 (Windows NT 6.1; Win64; x64) AppleWebKit/537.36 (KHTML, like Gecko) Chrome/56.0.2896.3 Safari/537.36"
150.95.109.172 - - [30/Jun/2021:03:10:29 -0400] "POST /xmlrpc.php HTTP/1.1" 200 5000 "-" "Mozilla/5.0 (X11; Ubuntu; Linux x86_64; rv:62.0) Gecko/20100101 Firefox/62.0"
35.233.23.228 - - [30/Jun/2021:03:13:45 -0400] "POST /wp-login.php HTTP/1.1" 200 8091 "-" "Mozilla/5.0 (Windows NT 10.0; WOW64) AppleWebKit/537.36 (KHTML, like Gecko) Chrome/79.0.3945.130 Safari/537.36"
78.47.29.61 - - [30/Jun/2021:03:15:49 -0400] "GET /wp-login.php HTTP/1.1" 200 7266 "-" "Mozilla/5.0 (X11; Ubuntu; Linux x86_64; rv:62.0) Gecko/20100101 Firefox/62.0"
78.47.29.61 - - [30/Jun/2021:03:15:49 -0400] "POST /wp-login.php HTTP/1.1" 200 7388 "-" "Mozilla/5.0 (X11; Ubuntu; Linux x86_64; rv:62.0) Gecko/20100101 Firefox/62.0"
78.47.29.61 - - [30/Jun/2021:03:15:50 -0400] "POST /xmlrpc.php HTTP/1.1" 200 5000 "-" "Mozilla/5.0 (X11; Ubuntu; Linux x86_64; rv:62.0) Gecko/20100101 Firefox/62.0"
142.44.212.25 - - [30/Jun/2021:03:26:58 -0400] "GET /wp-login.php HTTP/1.1" 200 7266 "-" "Mozilla/5.0 (X11; Ubuntu; Linux x86_64; rv:62.0) Gecko/20100101 Firefox/62.0"
142.44.212.25 - - [30/Jun/2021:03:26:58 -0400] "POST /wp-login.php HTTP/1.1" 200 7388 "-" "Mozilla/5.0 (X11; Ubuntu; Linux x86_64; rv:62.0) Gecko/20100101 Firefox/62.0"
142.44.212.25 - - [30/Jun/2021:03:26:58 -0400] "POST /xmlrpc.php HTTP/1.1" 200 5000 "-" "Mozilla/5.0 (X11; Ubuntu; Linux x86_64; rv:62.0) Gecko/20100101 Firefox/62.0"
167.86.118.78 - - [30/Jun/2021:03:32:36 -0400] "GET /wp-login.php HTTP/1.1" 200 7266 "-" "Mozilla/5.0 (X11; Ubuntu; Linux x86_64; rv:62.0) Gecko/20100101 Firefox/62.0"
167.86.118.78 - - [30/Jun/2021:03:32:36 -0400] "POST /wp-login.php HTTP/1.1" 200 7388 "-" "Mozilla/5.0 (X11; Ubuntu; Linux x86_64; rv:62.0) Gecko/20100101 Firefox/62.0"
167.86.118.78 - - [30/Jun/2021:03:32:37 -0400] "POST /xmlrpc.php HTTP/1.1" 200 5000 "-" "Mozilla/5.0 (X11; Ubuntu; Linux x86_64; rv:62.0) Gecko/20100101 Firefox/62.0"
201.148.107.95 - - [30/Jun/2021:03:38:19 -0400] "GET /wp-login.php HTTP/1.1" 200 7266 "-" "Mozilla/5.0 (X11; Ubuntu; Linux x86_64; rv:62.0) Gecko/20100101 Firefox/62.0"
201.148.107.95 - - [30/Jun/2021:03:38:19 -0400] "POST /wp-login.php HTTP/1.1" 200 7388 "-" "Mozilla/5.0 (X11; Ubuntu; Linux x86_64; rv:62.0) Gecko/20100101 Firefox/62.0"
201.148.107.95 - - [30/Jun/2021:03:38:20 -0400] "POST /xmlrpc.php HTTP/1.1" 200 5000 "-" "Mozilla/5.0 (X11; Ubuntu; Linux x86_64; rv:62.0) Gecko/20100101 Firefox/62.0"
203.195.137.159 - - [30/Jun/2021:03:44:31 -0400] "GET /wp-login.php HTTP/1.1" 200 7266 "-" "Mozilla/5.0 (X11; Ubuntu; Linux x86_64; rv:62.0) Gecko/20100101 Firefox/62.0"
203.195.137.159 - - [30/Jun/2021:03:44:32 -0400] "POST /wp-login.php HTTP/1.1" 200 7388 "-" "Mozilla/5.0 (X11; Ubuntu; Linux x86_64; rv:62.0) Gecko/20100101 Firefox/62.0"
203.195.137.159 - - [30/Jun/2021:03:44:34 -0400] "POST /xmlrpc.php HTTP/1.1" 200 5000 "-" "Mozilla/5.0 (X11; Ubuntu; Linux x86_64; rv:62.0) Gecko/20100101 Firefox/62.0"
167.88.166.139 - - [30/Jun/2021:03:49:09 -0400] "GET /wp-login.php HTTP/1.1" 200 7266 "-" "Mozilla/5.0 (X11; Ubuntu; Linux x86_64; rv:62.0) Gecko/20100101 Firefox/62.0"
167.88.166.139 - - [30/Jun/2021:03:49:09 -0400] "POST /wp-login.php HTTP/1.1" 200 7388 "-" "Mozilla/5.0 (X11; Ubuntu; Linux x86_64; rv:62.0) Gecko/20100101 Firefox/62.0"
167.88.166.139 - - [30/Jun/2021:03:49:10 -0400] "POST /xmlrpc.php HTTP/1.1" 200 5000 "-" "Mozilla/5.0 (X11; Ubuntu; Linux x86_64; rv:62.0) Gecko/20100101 Firefox/62.0"
5.188.62.140 - - [30/Jun/2021:03:53:42 -0400] "POST /wp-login.php HTTP/1.1" 200 8146 "-" "Mozilla/5.0 (Windows NT 6.1) AppleWebKit/537.36 (KHTML, like Gecko) Chrome/41.0.2226.0 Safari/537.36"
5.188.62.140 - - [30/Jun/2021:03:53:43 -0400] "POST /wp-login.php HTTP/1.1" 200 2881 "-" "Mozilla/5.0 (Windows NT 6.1) AppleWebKit/537.36 (KHTML, like Gecko) Chrome/41.0.2226.0 Safari/537.36"
204.48.19.85 - - [30/Jun/2021:04:00:58 -0400] "POST /wp-cron.php?doing_wp_cron=1625040058.9668090343475341796875 HTTP/1.1" 200 5475 "https://qualitycraftsmanshipllc.com/wp-cron.php?doing_wp_cron=1625040058.9668090343475341796875" "WordPress/5.7.2; https://qualitycraftsmanshipllc.com"
46.101.251.6 - - [30/Jun/2021:04:00:58 -0400] "GET /wp-login.php HTTP/1.1" 200 7266 "-" "Mozilla/5.0 (X11; Ubuntu; Linux x86_64; rv:62.0) Gecko/20100101 Firefox/62.0"
46.101.251.6 - - [30/Jun/2021:04:00:59 -0400] "POST /wp-login.php HTTP/1.1" 200 7388 "-" "Mozilla/5.0 (X11; Ubuntu; Linux x86_64; rv:62.0) Gecko/20100101 Firefox/62.0"
46.101.251.6 - - [30/Jun/2021:04:01:00 -0400] "POST /xmlrpc.php HTTP/1.1" 200 5000 "-" "Mozilla/5.0 (X11; Ubuntu; Linux x86_64; rv:62.0) Gecko/20100101 Firefox/62.0"
114.119.147.246 - - [30/Jun/2021:04:01:09 -0400] "GET /robots.txt HTTP/1.1" 404 5084 "-" "Mozilla/5.0 (compatible;PetalBot;+https://webmaster.petalsearch.com/site/petalbot)"
139.59.4.27 - - [30/Jun/2021:04:05:56 -0400] "GET /wp-login.php HTTP/1.1" 200 7266 "-" "Mozilla/5.0 (X11; Ubuntu; Linux x86_64; rv:62.0) Gecko/20100101 Firefox/62.0"
139.59.4.27 - - [30/Jun/2021:04:05:57 -0400] "POST /wp-login.php HTTP/1.1" 200 7388 "-" "Mozilla/5.0 (X11; Ubuntu; Linux x86_64; rv:62.0) Gecko/20100101 Firefox/62.0"
139.59.4.27 - - [30/Jun/2021:04:05:59 -0400] "POST /xmlrpc.php HTTP/1.1" 200 5000 "-" "Mozilla/5.0 (X11; Ubuntu; Linux x86_64; rv:62.0) Gecko/20100101 Firefox/62.0"
148.72.64.97 - - [30/Jun/2021:04:10:06 -0400] "GET /wp-login.php HTTP/1.1" 200 7266 "-" "Mozilla/5.0 (X11; Ubuntu; Linux x86_64; rv:62.0) Gecko/20100101 Firefox/62.0"
148.72.64.97 - - [30/Jun/2021:04:10:07 -0400] "POST /wp-login.php HTTP/1.1" 200 7388 "-" "Mozilla/5.0 (X11; Ubuntu; Linux x86_64; rv:62.0) Gecko/20100101 Firefox/62.0"
148.72.64.97 - - [30/Jun/2021:04:10:07 -0400] "POST /xmlrpc.php HTTP/1.1" 200 5000 "-" "Mozilla/5.0 (X11; Ubuntu; Linux x86_64; rv:62.0) Gecko/20100101 Firefox/62.0"
160.153.245.184 - - [30/Jun/2021:04:15:43 -0400] "GET /wp-login.php HTTP/1.1" 200 7266 "-" "Mozilla/5.0 (X11; Ubuntu; Linux x86_64; rv:62.0) Gecko/20100101 Firefox/62.0"
160.153.245.184 - - [30/Jun/2021:04:15:44 -0400] "POST /wp-login.php HTTP/1.1" 200 7388 "-" "Mozilla/5.0 (X11; Ubuntu; Linux x86_64; rv:62.0) Gecko/20100101 Firefox/62.0"
160.153.245.184 - - [30/Jun/2021:04:15:44 -0400] "POST /xmlrpc.php HTTP/1.1" 200 5000 "-" "Mozilla/5.0 (X11; Ubuntu; Linux x86_64; rv:62.0) Gecko/20100101 Firefox/62.0"
103.229.42.42 - - [30/Jun/2021:04:20:59 -0400] "GET /wp-login.php HTTP/1.1" 200 7266 "-" "Mozilla/5.0 (X11; Ubuntu; Linux x86_64; rv:62.0) Gecko/20100101 Firefox/62.0"
103.229.42.42 - - [30/Jun/2021:04:21:00 -0400] "POST /wp-login.php HTTP/1.1" 200 7388 "-" "Mozilla/5.0 (X11; Ubuntu; Linux x86_64; rv:62.0) Gecko/20100101 Firefox/62.0"
103.229.42.42 - - [30/Jun/2021:04:21:02 -0400] "POST /xmlrpc.php HTTP/1.1" 200 5000 "-" "Mozilla/5.0 (X11; Ubuntu; Linux x86_64; rv:62.0) Gecko/20100101 Firefox/62.0"
35.167.249.11 - - [30/Jun/2021:04:25:41 -0400] "GET /wp-login.php HTTP/1.1" 200 7266 "-" "Mozilla/5.0 (X11; Ubuntu; Linux x86_64; rv:62.0) Gecko/20100101 Firefox/62.0"
35.167.249.11 - - [30/Jun/2021:04:25:42 -0400] "POST /wp-login.php HTTP/1.1" 200 7388 "-" "Mozilla/5.0 (X11; Ubuntu; Linux x86_64; rv:62.0) Gecko/20100101 Firefox/62.0"
35.167.249.11 - - [30/Jun/2021:04:25:42 -0400] "POST /xmlrpc.php HTTP/1.1" 200 5000 "-" "Mozilla/5.0 (X11; Ubuntu; Linux x86_64; rv:62.0) Gecko/20100101 Firefox/62.0"
103.28.36.173 - - [30/Jun/2021:04:32:00 -0400] "GET /wp-login.php HTTP/1.1" 200 7266 "-" "Mozilla/5.0 (X11; Ubuntu; Linux x86_64; rv:62.0) Gecko/20100101 Firefox/62.0"
103.28.36.173 - - [30/Jun/2021:04:32:01 -0400] "POST /wp-login.php HTTP/1.1" 200 7388 "-" "Mozilla/5.0 (X11; Ubuntu; Linux x86_64; rv:62.0) Gecko/20100101 Firefox/62.0"
45.77.47.164 - - [30/Jun/2021:04:32:02 -0400] "GET /simple.php5 HTTP/1.1" 301 576 "http://simplesite.com" "Mozilla/5.0 (Windows; U; Windows NT 5.1; en-US) AppleWebKit/533.4 (KHTML, like Gecko) Chrome/5.0.375.99 Safari/533.4"
103.28.36.173 - - [30/Jun/2021:04:32:03 -0400] "POST /xmlrpc.php HTTP/1.1" 200 5000 "-" "Mozilla/5.0 (X11; Ubuntu; Linux x86_64; rv:62.0) Gecko/20100101 Firefox/62.0"
45.77.47.164 - - [30/Jun/2021:04:32:04 -0400] "GET /simple.php5 HTTP/1.1" 404 5012 "http://qualitycraftsmanshipllc.com/simple.php5" "Mozilla/5.0 (Windows; U; Windows NT 5.1; en-US) AppleWebKit/533.4 (KHTML, like Gecko) Chrome/5.0.375.99 Safari/533.4"
103.74.54.192 - - [30/Jun/2021:04:35:23 -0400] "GET /wp-login.php HTTP/1.1" 200 7266 "-" "Mozilla/5.0 (X11; Ubuntu; Linux x86_64; rv:62.0) Gecko/20100101 Firefox/62.0"
103.74.54.192 - - [30/Jun/2021:04:35:24 -0400] "POST /wp-login.php HTTP/1.1" 200 7388 "-" "Mozilla/5.0 (X11; Ubuntu; Linux x86_64; rv:62.0) Gecko/20100101 Firefox/62.0"
103.74.54.192 - - [30/Jun/2021:04:35:25 -0400] "POST /xmlrpc.php HTTP/1.1" 200 5000 "-" "Mozilla/5.0 (X11; Ubuntu; Linux x86_64; rv:62.0) Gecko/20100101 Firefox/62.0"
47.241.109.116 - - [30/Jun/2021:04:36:11 -0400] "POST /wp-login.php HTTP/1.1" 200 8091 "-" "Mozilla/5.0 (Windows NT 6.1; Win64; x64) AppleWebKit/537.36 (KHTML, like Gecko) Chrome/80.0.3987.163 Safari/537.36"
185.118.115.225 - - [30/Jun/2021:04:37:57 -0400] "GET /wp-login.php HTTP/1.1" 200 7266 "-" "Mozilla/5.0 (X11; Ubuntu; Linux x86_64; rv:62.0) Gecko/20100101 Firefox/62.0"
185.118.115.225 - - [30/Jun/2021:04:37:58 -0400] "POST /wp-login.php HTTP/1.1" 200 7388 "-" "Mozilla/5.0 (X11; Ubuntu; Linux x86_64; rv:62.0) Gecko/20100101 Firefox/62.0"
185.118.115.225 - - [30/Jun/2021:04:37:58 -0400] "POST /xmlrpc.php HTTP/1.1" 200 5000 "-" "Mozilla/5.0 (X11; Ubuntu; Linux x86_64; rv:62.0) Gecko/20100101 Firefox/62.0"
185.90.59.42 - - [30/Jun/2021:04:43:27 -0400] "GET /wp-login.php HTTP/1.1" 200 7266 "-" "Mozilla/5.0 (X11; Ubuntu; Linux x86_64; rv:62.0) Gecko/20100101 Firefox/62.0"
185.90.59.42 - - [30/Jun/2021:04:43:28 -0400] "POST /wp-login.php HTTP/1.1" 200 7388 "-" "Mozilla/5.0 (X11; Ubuntu; Linux x86_64; rv:62.0) Gecko/20100101 Firefox/62.0"
185.90.59.42 - - [30/Jun/2021:04:43:28 -0400] "POST /xmlrpc.php HTTP/1.1" 200 5000 "-" "Mozilla/5.0 (X11; Ubuntu; Linux x86_64; rv:62.0) Gecko/20100101 Firefox/62.0"
5.188.62.140 - - [30/Jun/2021:04:45:36 -0400] "POST /wp-login.php HTTP/1.1" 200 8146 "-" "Mozilla/5.0 (Windows NT 5.1) AppleWebKit/537.36 (KHTML, like Gecko) Chrome/41.0.2226.0 Safari/537.36"
5.188.62.140 - - [30/Jun/2021:04:45:37 -0400] "POST /wp-login.php HTTP/1.1" 200 2881 "-" "Mozilla/5.0 (Windows NT 5.1) AppleWebKit/537.36 (KHTML, like Gecko) Chrome/41.0.2226.0 Safari/537.36"
15.188.122.214 - - [30/Jun/2021:04:46:05 -0400] "GET /wp-login.php HTTP/1.1" 200 7266 "-" "Mozilla/5.0 (X11; Ubuntu; Linux x86_64; rv:62.0) Gecko/20100101 Firefox/62.0"
15.188.122.214 - - [30/Jun/2021:04:46:05 -0400] "POST /wp-login.php HTTP/1.1" 200 7388 "-" "Mozilla/5.0 (X11; Ubuntu; Linux x86_64; rv:62.0) Gecko/20100101 Firefox/62.0"
15.188.122.214 - - [30/Jun/2021:04:46:06 -0400] "POST /xmlrpc.php HTTP/1.1" 200 5000 "-" "Mozilla/5.0 (X11; Ubuntu; Linux x86_64; rv:62.0) Gecko/20100101 Firefox/62.0"
34.86.35.19 - - [30/Jun/2021:04:48:21 -0400] "GET / HTTP/1.1" 200 34117 "-" "Expanse, a Palo Alto Networks company, searches across the global IPv4 space multiple times per day to identify customers&#39; presences on the Internet. If you would like to be excluded from our scans, please send IP addresses/domains to: scaninfo@paloaltonetworks.com"
138.201.116.194 - - [30/Jun/2021:04:50:27 -0400] "GET /wp-login.php HTTP/1.1" 200 7266 "-" "Mozilla/5.0 (X11; Ubuntu; Linux x86_64; rv:62.0) Gecko/20100101 Firefox/62.0"
138.201.116.194 - - [30/Jun/2021:04:50:27 -0400] "POST /wp-login.php HTTP/1.1" 200 7388 "-" "Mozilla/5.0 (X11; Ubuntu; Linux x86_64; rv:62.0) Gecko/20100101 Firefox/62.0"
138.201.116.194 - - [30/Jun/2021:04:50:28 -0400] "POST /xmlrpc.php HTTP/1.1" 200 5000 "-" "Mozilla/5.0 (X11; Ubuntu; Linux x86_64; rv:62.0) Gecko/20100101 Firefox/62.0"
194.146.41.100 - - [30/Jun/2021:04:56:11 -0400] "GET /wp-login.php HTTP/1.1" 200 7266 "-" "Mozilla/5.0 (X11; Ubuntu; Linux x86_64; rv:62.0) Gecko/20100101 Firefox/62.0"
194.146.41.100 - - [30/Jun/2021:04:56:12 -0400] "POST /wp-login.php HTTP/1.1" 200 7388 "-" "Mozilla/5.0 (X11; Ubuntu; Linux x86_64; rv:62.0) Gecko/20100101 Firefox/62.0"
194.146.41.100 - - [30/Jun/2021:04:56:12 -0400] "POST /xmlrpc.php HTTP/1.1" 200 5000 "-" "Mozilla/5.0 (X11; Ubuntu; Linux x86_64; rv:62.0) Gecko/20100101 Firefox/62.0"
204.48.19.85 - - [30/Jun/2021:05:57:59 -0400] "POST /wp-cron.php?doing_wp_cron=1625047079.7752330303192138671875 HTTP/1.1" 200 5475 "https://qualitycraftsmanshipllc.com/wp-cron.php?doing_wp_cron=1625047079.7752330303192138671875" "WordPress/5.7.2; https://qualitycraftsmanshipllc.com"
178.62.79.87 - - [30/Jun/2021:05:57:59 -0400] "POST /wp-login.php HTTP/1.1" 200 8091 "-" "Mozilla/5.0 (Windows NT 6.1; WOW64) AppleWebKit/537.36 (KHTML, like Gecko) Chrome/47.0.2526.111 Safari/537.36"
66.249.64.201 - - [30/Jun/2021:06:11:40 -0400] "GET / HTTP/1.1" 301 622 "-" "Mozilla/5.0 (compatible; Googlebot/2.1; +http://www.google.com/bot.html)"
66.249.64.192 - - [30/Jun/2021:06:11:40 -0400] "GET / HTTP/1.1" 301 5554 "-" "Mozilla/5.0 (compatible; Googlebot/2.1; +http://www.google.com/bot.html)"
66.249.64.113 - - [30/Jun/2021:06:11:41 -0400] "GET / HTTP/1.1" 200 11526 "-" "Mozilla/5.0 (compatible; Googlebot/2.1; +http://www.google.com/bot.html)"
66.249.64.113 - - [30/Jun/2021:06:11:46 -0400] "GET /wp-includes/css/dist/block-library/style.min.css?ver=5.7.2 HTTP/1.1" 200 14351 "https://qualitycraftsmanshipllc.com/" "Mozilla/5.0 AppleWebKit/537.36 (KHTML, like Gecko; compatible; Googlebot/2.1; +http://www.google.com/bot.html) Chrome/91.0.4472.90 Safari/537.36"
66.249.64.113 - - [30/Jun/2021:06:11:47 -0400] "GET /wp-content/plugins/contact-form-7/includes/css/styles.css?ver=5.4.1 HTTP/1.1" 200 1289 "https://qualitycraftsmanshipllc.com/" "Mozilla/5.0 AppleWebKit/537.36 (KHTML, like Gecko; compatible; Googlebot/2.1; +http://www.google.com/bot.html) Chrome/91.0.4472.90 Safari/537.36"
66.249.64.113 - - [30/Jun/2021:06:11:47 -0400] "GET /wp-content/themes/modern-diary/style.css?ver=5.7.2 HTTP/1.1" 200 10483 "https://qualitycraftsmanshipllc.com/" "Mozilla/5.0 AppleWebKit/537.36 (KHTML, like Gecko; compatible; Googlebot/2.1; +http://www.google.com/bot.html) Chrome/91.0.4472.90 Safari/537.36"
66.249.64.113 - - [30/Jun/2021:06:11:48 -0400] "GET /wp-content/themes/bloggist/js/navigation.js?ver=20170823 HTTP/1.1" 200 1466 "https://qualitycraftsmanshipllc.com/" "Mozilla/5.0 AppleWebKit/537.36 (KHTML, like Gecko; compatible; Googlebot/2.1; +http://www.google.com/bot.html) Chrome/91.0.4472.90 Safari/537.36"
66.249.64.115 - - [30/Jun/2021:06:11:48 -0400] "GET /wp-includes/js/dist/vendor/wp-polyfill.min.js?ver=7.4.4 HTTP/1.1" 200 39989 "https://qualitycraftsmanshipllc.com/" "Mozilla/5.0 AppleWebKit/537.36 (KHTML, like Gecko; compatible; Googlebot/2.1; +http://www.google.com/bot.html) Chrome/91.0.4472.90 Safari/537.36"
66.249.64.115 - - [30/Jun/2021:06:11:49 -0400] "GET /wp-includes/js/jquery/jquery.min.js?ver=3.5.1 HTTP/1.1" 200 31401 "https://qualitycraftsmanshipllc.com/" "Mozilla/5.0 AppleWebKit/537.36 (KHTML, like Gecko; compatible; Googlebot/2.1; +http://www.google.com/bot.html) Chrome/91.0.4472.90 Safari/537.36"
66.249.64.115 - - [30/Jun/2021:06:11:49 -0400] "GET /wp-content/themes/bloggist/js/script.js?ver=20160720 HTTP/1.1" 200 1490 "https://qualitycraftsmanshipllc.com/" "Mozilla/5.0 AppleWebKit/537.36 (KHTML, like Gecko; compatible; Googlebot/2.1; +http://www.google.com/bot.html) Chrome/91.0.4472.90 Safari/537.36"
66.249.64.113 - - [30/Jun/2021:06:11:50 -0400] "GET /wp-content/plugins/contact-form-7/includes/js/index.js?ver=5.4.1 HTTP/1.1" 200 4421 "https://qualitycraftsmanshipllc.com/" "Mozilla/5.0 AppleWebKit/537.36 (KHTML, like Gecko; compatible; Googlebot/2.1; +http://www.google.com/bot.html) Chrome/91.0.4472.90 Safari/537.36"
66.249.64.113 - - [30/Jun/2021:06:11:50 -0400] "GET /wp-content/themes/bloggist/css/font-awesome.min.css?ver=5.7.2 HTTP/1.1" 200 7456 "https://qualitycraftsmanshipllc.com/" "Mozilla/5.0 AppleWebKit/537.36 (KHTML, like Gecko; compatible; Googlebot/2.1; +http://www.google.com/bot.html) Chrome/91.0.4472.90 Safari/537.36"
66.249.64.113 - - [30/Jun/2021:06:11:51 -0400] "GET /wp-includes/js/wp-embed.min.js?ver=5.7.2 HTTP/1.1" 200 1136 "https://qualitycraftsmanshipllc.com/" "Mozilla/5.0 AppleWebKit/537.36 (KHTML, like Gecko; compatible; Googlebot/2.1; +http://www.google.com/bot.html) Chrome/91.0.4472.90 Safari/537.36"
66.249.64.113 - - [30/Jun/2021:06:11:51 -0400] "GET /wp-content/themes/bloggist/js/jquery.flexslider.js?ver=20150423 HTTP/1.1" 200 11948 "https://qualitycraftsmanshipllc.com/" "Mozilla/5.0 AppleWebKit/537.36 (KHTML, like Gecko; compatible; Googlebot/2.1; +http://www.google.com/bot.html) Chrome/91.0.4472.90 Safari/537.36"
66.249.64.113 - - [30/Jun/2021:06:11:52 -0400] "GET /wp-content/themes/bloggist/style.css?ver=5.7.2 HTTP/1.1" 200 10855 "https://qualitycraftsmanshipllc.com/" "Mozilla/5.0 AppleWebKit/537.36 (KHTML, like Gecko; compatible; Googlebot/2.1; +http://www.google.com/bot.html) Chrome/91.0.4472.90 Safari/537.36"
66.249.64.113 - - [30/Jun/2021:06:11:52 -0400] "GET /wp-includes/js/jquery/jquery-migrate.min.js?ver=3.3.2 HTTP/1.1" 200 4586 "https://qualitycraftsmanshipllc.com/" "Mozilla/5.0 AppleWebKit/537.36 (KHTML, like Gecko; compatible; Googlebot/2.1; +http://www.google.com/bot.html) Chrome/91.0.4472.90 Safari/537.36"
66.249.64.113 - - [30/Jun/2021:06:11:53 -0400] "GET /wp-content/themes/bloggist/js/skip-link-focus-fix.js?ver=20170823 HTTP/1.1" 200 788 "https://qualitycraftsmanshipllc.com/" "Mozilla/5.0 AppleWebKit/537.36 (KHTML, like Gecko; compatible; Googlebot/2.1; +http://www.google.com/bot.html) Chrome/91.0.4472.90 Safari/537.36"
66.249.64.113 - - [30/Jun/2021:06:11:53 -0400] "GET /wp-content/themes/bloggist/js/accessibility.js?ver=20160720 HTTP/1.1" 200 923 "https://qualitycraftsmanshipllc.com/" "Mozilla/5.0 AppleWebKit/537.36 (KHTML, like Gecko; compatible; Googlebot/2.1; +http://www.google.com/bot.html) Chrome/91.0.4472.90 Safari/537.36"
66.249.64.113 - - [30/Jun/2021:06:11:54 -0400] "GET /wp-includes/js/wp-emoji-release.min.js?ver=5.7.2 HTTP/1.1" 200 5079 "https://qualitycraftsmanshipllc.com/" "Mozilla/5.0 AppleWebKit/537.36 (KHTML, like Gecko; compatible; Googlebot/2.1; +http://www.google.com/bot.html) Chrome/91.0.4472.90 Safari/537.36"
5.188.119.3 - - [30/Jun/2021:06:15:43 -0400] "GET /wp-login.php HTTP/1.0" 301 597 "http://qualitycraftsmanshipllc.com/wp-login.php" "Mozilla/5.0 (Windows NT 10.0; ) AppleWebKit/537.36 (KHTML, like Gecko) Chrome/83.0.4103.61 Safari/537.36"
5.188.119.3 - - [30/Jun/2021:06:15:44 -0400] "GET /wp-login.php HTTP/1.0" 200 13654 "https://qualitycraftsmanshipllc.com/wp-login.php" "Mozilla/5.0 (Windows NT 10.0; ) AppleWebKit/537.36 (KHTML, like Gecko) Chrome/83.0.4103.61 Safari/537.36"
142.54.177.3 - - [30/Jun/2021:06:30:17 -0400] "GET ///wp-content/plugins/fancy-product-designer/assets/css/fancy-product.css HTTP/1.1" 404 5132 "http://www.google.com.hk" "Mozilla/5.0 (Windows NT 6.1; WOW64) AppleWebKit/537.36 (KHTML, like Gecko) Chrome/42.0.2311.90 Safari/537.36"
5.188.210.4 - - [30/Jun/2021:07:17:29 -0400] "GET /js/editor/editor/filemanager/upload/php/upload.php HTTP/1.0" 301 673 "-" "Mozilla/5.0 (Windows NT 6.3; Win64; x64) AppleWebKit/537.36 (KHTML, like Gecko) Chrome/75.0.3770.100 Safari/537.36"
5.188.210.4 - - [30/Jun/2021:07:17:30 -0400] "GET /js/editor/editor/filemanager/upload/php/upload.php HTTP/1.0" 404 5291 "-" "Mozilla/5.0 (Windows NT 6.3; Win64; x64) AppleWebKit/537.36 (KHTML, like Gecko) Chrome/75.0.3770.100 Safari/537.36"
204.48.19.85 - - [30/Jun/2021:07:22:44 -0400] "POST /wp-cron.php?doing_wp_cron=1625052164.9074850082397460937500 HTTP/1.1" 200 5475 "https://qualitycraftsmanshipllc.com/wp-cron.php?doing_wp_cron=1625052164.9074850082397460937500" "WordPress/5.7.2; https://qualitycraftsmanshipllc.com"
209.244.159.152 - - [30/Jun/2021:07:22:44 -0400] "POST /wp-login.php HTTP/1.1" 200 8091 "-" "Mozilla/5.0 (Windows NT 6.1) AppleWebKit/537.36 (KHTML, like Gecko) Chrome/63.0.3239.84 Safari/537.36"
65.21.148.16 - - [30/Jun/2021:07:27:57 -0400] "GET /wp-admin/setup-config.php?step=1 HTTP/1.1" 409 8313 "-" "Apache/2.4.34 (Ubuntu) OpenSSL/1.1.1 (internal dummy connection)"
5.188.62.140 - - [30/Jun/2021:07:42:46 -0400] "POST /wp-login.php HTTP/1.1" 200 8146 "-" "Mozilla/5.0 (Windows NT 5.1; WOW64) AppleWebKit/537.36 (KHTML, like Gecko) Chrome/41.0.2227.1 Safari/537.36"
5.188.62.140 - - [30/Jun/2021:07:42:47 -0400] "POST /wp-login.php HTTP/1.1" 200 2908 "-" "Mozilla/5.0 (Windows NT 5.1; WOW64) AppleWebKit/537.36 (KHTML, like Gecko) Chrome/41.0.2227.1 Safari/537.36"
204.48.19.85 - - [30/Jun/2021:08:02:25 -0400] "POST /wp-cron.php?doing_wp_cron=1625054545.6451768875122070312500 HTTP/1.1" 200 5475 "https://qualitycraftsmanshipllc.com/wp-cron.php?doing_wp_cron=1625054545.6451768875122070312500" "WordPress/5.7.2; https://qualitycraftsmanshipllc.com"
142.54.177.3 - - [30/Jun/2021:08:02:25 -0400] "GET // HTTP/1.1" 301 4917 "http://www.google.com.hk" "Mozilla/5.0 (Windows NT 6.1; WOW64) AppleWebKit/537.36 (KHTML, like Gecko) Chrome/42.0.2311.90 Safari/537.36"
142.54.177.3 - - [30/Jun/2021:08:02:25 -0400] "GET / HTTP/1.1" 200 6306 "http://www.google.com.hk" "Mozilla/5.0 (Windows NT 6.1; WOW64) AppleWebKit/537.36 (KHTML, like Gecko) Chrome/42.0.2311.90 Safari/537.36"
142.54.177.3 - - [30/Jun/2021:08:03:06 -0400] "GET //wp-content/plugins/fancy-product-designer/assets/css/fancy-product.css HTTP/1.1" 404 5132 "-" "Mozilla/5.0 (Windows NT 6.1; WOW64) AppleWebKit/537.36 (KHTML, like Gecko) Chrome/36.0.1985.125 Safari/537.36"
5.188.62.140 - - [30/Jun/2021:08:09:31 -0400] "POST /wp-login.php HTTP/1.1" 200 8147 "-" "Mozilla/5.0 (Windows NT 6.2) AppleWebKit/537.36 (KHTML, like Gecko) Chrome/41.0.2225.0 Safari/537.36"
5.188.62.140 - - [30/Jun/2021:08:09:32 -0400] "POST /wp-login.php HTTP/1.1" 200 2908 "-" "Mozilla/5.0 (Windows NT 6.2) AppleWebKit/537.36 (KHTML, like Gecko) Chrome/41.0.2225.0 Safari/537.36"
34.222.229.90 - - [30/Jun/2021:08:23:15 -0400] "GET / HTTP/1.1" 200 11470 "-" "Mozilla/5.0 (X11; Linux x86_64) AppleWebKit/537.36 (KHTML, like Gecko) Chrome/83.0.4103.97 Safari/537.36"
52.24.115.131 - - [30/Jun/2021:08:29:24 -0400] "GET /favicon.ico HTTP/1.1" 404 5713 "-" "Mozilla/5.0 (X11; Linux x86_64) AppleWebKit/537.36 (KHTML, like Gecko) Chrome/83.0.4103.97 Safari/537.36"
52.24.115.131 - - [30/Jun/2021:08:29:29 -0400] "GET / HTTP/1.1" 200 11470 "-" "Mozilla/5.0 (X11; Linux x86_64) AppleWebKit/537.36 (KHTML, like Gecko) Chrome/83.0.4103.97 Safari/537.36"
5.188.62.140 - - [30/Jun/2021:08:35:12 -0400] "POST /wp-login.php HTTP/1.1" 200 8147 "-" "Mozilla/5.0 (Windows NT 6.0) AppleWebKit/537.36 (KHTML, like Gecko) Chrome/41.0.2228.0 Safari/537.36"
5.188.62.140 - - [30/Jun/2021:08:35:14 -0400] "POST /wp-login.php HTTP/1.1" 200 2908 "-" "Mozilla/5.0 (Windows NT 6.0) AppleWebKit/537.36 (KHTML, like Gecko) Chrome/41.0.2228.0 Safari/537.36"
85.143.219.155 - - [30/Jun/2021:08:47:13 -0400] "GET /lsn_an.php|root HTTP/1.1" 301 584 "http://simplesite.com" "Mozilla/5.0 (Windows; U; Windows NT 5.1; en-US) AppleWebKit/533.4 (KHTML, like Gecko) Chrome/5.0.375.99 Safari/533.4"
85.143.219.155 - - [30/Jun/2021:08:47:23 -0400] "GET /lsn_an.php|root HTTP/1.1" 301 584 "http://simplesite.com" "Mozilla/5.0 (Windows; U; Windows NT 5.1; en-US) AppleWebKit/533.4 (KHTML, like Gecko) Chrome/5.0.375.99 Safari/533.4"
81.88.52.58 - - [30/Jun/2021:08:48:45 -0400] "POST /wp-login.php HTTP/1.1" 200 8091 "-" "Mozilla/5.0 (Windows NT 10.0; WOW64) AppleWebKit/537.36 (KHTML, like Gecko) Chrome/46.0.2490.86 Safari/537.36"
18.237.8.253 - - [30/Jun/2021:08:50:12 -0400] "GET / HTTP/1.1" 301 554 "-" "Mozilla/5.0 (X11; Linux x86_64) AppleWebKit/537.36 (KHTML, like Gecko) Chrome/83.0.4103.97 Safari/537.36"
18.237.8.253 - - [30/Jun/2021:08:50:14 -0400] "GET / HTTP/1.1" 200 11470 "-" "Mozilla/5.0 (X11; Linux x86_64) AppleWebKit/537.36 (KHTML, like Gecko) Chrome/83.0.4103.97 Safari/537.36"
54.188.166.175 - - [30/Jun/2021:08:51:42 -0400] "GET /favicon.ico HTTP/1.1" 301 576 "-" "Mozilla/5.0 (X11; Linux x86_64) AppleWebKit/537.36 (KHTML, like Gecko) Chrome/83.0.4103.97 Safari/537.36"
54.188.166.175 - - [30/Jun/2021:08:51:44 -0400] "GET / HTTP/1.1" 301 554 "-" "Mozilla/5.0 (X11; Linux x86_64) AppleWebKit/537.36 (KHTML, like Gecko) Chrome/83.0.4103.97 Safari/537.36"
54.188.166.175 - - [30/Jun/2021:08:51:45 -0400] "GET / HTTP/1.1" 200 11470 "http://qualitycraftsmanshipllc.com" "Mozilla/5.0 (X11; Linux x86_64) AppleWebKit/537.36 (KHTML, like Gecko) Chrome/83.0.4103.97 Safari/537.36"
54.188.166.175 - - [30/Jun/2021:08:51:45 -0400] "GET /wp-content/uploads/2019/09/caliper-150x150.png HTTP/1.1" 200 20918 "-" "Go-http-client/1.1"
204.48.19.85 - - [30/Jun/2021:09:00:41 -0400] "POST /wp-cron.php?doing_wp_cron=1625058041.6246950626373291015625 HTTP/1.1" 200 5475 "https://qualitycraftsmanshipllc.com/wp-cron.php?doing_wp_cron=1625058041.6246950626373291015625" "WordPress/5.7.2; https://qualitycraftsmanshipllc.com"
114.119.145.183 - - [30/Jun/2021:09:00:41 -0400] "GET /index.php/services/ HTTP/1.1" 200 10360 "-" "Mozilla/5.0 (Linux; Android 7.0;) AppleWebKit/537.36 (KHTML, like Gecko) Mobile Safari/537.36 (compatible; PetalBot;+https://webmaster.petalsearch.com/site/petalbot)"
5.188.62.140 - - [30/Jun/2021:09:02:16 -0400] "POST /wp-login.php HTTP/1.1" 200 8147 "-" "Mozilla/5.0 (Windows NT 6.0; WOW64) AppleWebKit/537.36 (KHTML, like Gecko) Chrome/41.0.2227.1 Safari/537.36"
5.188.62.140 - - [30/Jun/2021:09:02:17 -0400] "POST /wp-login.php HTTP/1.1" 200 2908 "-" "Mozilla/5.0 (Windows NT 6.0; WOW64) AppleWebKit/537.36 (KHTML, like Gecko) Chrome/41.0.2227.1 Safari/537.36"
34.218.233.162 - - [30/Jun/2021:09:03:52 -0400] "GET /favicon.ico HTTP/1.1" 301 576 "-" "Mozilla/5.0 (X11; Linux x86_64) AppleWebKit/537.36 (KHTML, like Gecko) Chrome/83.0.4103.97 Safari/537.36"
34.218.233.162 - - [30/Jun/2021:09:03:56 -0400] "GET / HTTP/1.1" 301 554 "-" "Mozilla/5.0 (X11; Linux x86_64) AppleWebKit/537.36 (KHTML, like Gecko) Chrome/83.0.4103.97 Safari/537.36"
34.217.104.151 - - [30/Jun/2021:09:07:14 -0400] "GET /favicon.ico HTTP/1.1" 301 576 "-" "Mozilla/5.0 (X11; Linux x86_64) AppleWebKit/537.36 (KHTML, like Gecko) Chrome/83.0.4103.97 Safari/537.36"
34.217.104.151 - - [30/Jun/2021:09:07:18 -0400] "GET / HTTP/1.1" 301 554 "-" "Mozilla/5.0 (X11; Linux x86_64) AppleWebKit/537.36 (KHTML, like Gecko) Chrome/83.0.4103.97 Safari/537.36"
35.196.16.56 - - [30/Jun/2021:09:20:37 -0400] "GET /robots.txt HTTP/1.0" 404 5035 "-" "ZoominfoBot (zoominfobot at zoominfo dot com)"
35.196.16.56 - - [30/Jun/2021:09:20:37 -0400] "GET /index.php/services/ HTTP/1.0" 200 5884 "-" "ZoominfoBot (zoominfobot at zoominfo dot com)"
35.196.16.56 - - [30/Jun/2021:09:20:44 -0400] "GET /index.php/photogallery/ HTTP/1.0" 200 12603 "-" "ZoominfoBot (zoominfobot at zoominfo dot com)"
35.196.16.56 - - [30/Jun/2021:09:20:51 -0400] "GET /index.php/contact-2/ HTTP/1.0" 200 10207 "-" "ZoominfoBot (zoominfobot at zoominfo dot com)"
35.196.16.56 - - [30/Jun/2021:09:20:56 -0400] "GET /index.php/comments/feed/ HTTP/1.0" 200 5436 "-" "ZoominfoBot (zoominfobot at zoominfo dot com)"
193.182.144.88 - - [30/Jun/2021:09:21:33 -0400] "GET /index.php/contact-2/ HTTP/1.1" 200 10516 "https://qualitycraftsmanshipllc.com" "Mozilla/5.0 (Windows NT 10.0; Win64; x64) AppleWebKit/537.36 (KHTML, like Gecko) Chrome/62.0.3202.94 Safari/537.36"
35.196.16.56 - - [30/Jun/2021:09:21:51 -0400] "GET /index.php/feed/ HTTP/1.0" 200 5822 "-" "ZoominfoBot (zoominfobot at zoominfo dot com)"
5.188.62.140 - - [30/Jun/2021:09:28:31 -0400] "POST /wp-login.php HTTP/1.1" 200 8147 "-" "Mozilla/5.0 (Windows NT 6.2) AppleWebKit/537.36 (KHTML, like Gecko) Chrome/41.0.2224.3 Safari/537.36"
5.188.62.140 - - [30/Jun/2021:09:28:32 -0400] "POST /wp-login.php HTTP/1.1" 200 2908 "-" "Mozilla/5.0 (Windows NT 6.2) AppleWebKit/537.36 (KHTML, like Gecko) Chrome/41.0.2224.3 Safari/537.36"
204.48.19.85 - - [30/Jun/2021:09:32:49 -0400] "POST /wp-cron.php?doing_wp_cron=1625059969.4834520816802978515625 HTTP/1.1" 200 5475 "https://qualitycraftsmanshipllc.com/wp-cron.php?doing_wp_cron=1625059969.4834520816802978515625" "WordPress/5.7.2; https://qualitycraftsmanshipllc.com"
35.196.16.56 - - [30/Jun/2021:09:32:49 -0400] "GET /index.php/about-2/ HTTP/1.0" 200 10705 "-" "ZoominfoBot (zoominfobot at zoominfo dot com)"
65.21.148.16 - - [30/Jun/2021:09:41:01 -0400] "GET /wordpress/wp-admin/setup-config.php?step=1 HTTP/1.1" 404 5768 "-" "Apache/2.4.34 (Ubuntu) OpenSSL/1.1.1 (internal dummy connection)"
35.196.16.56 - - [30/Jun/2021:09:41:16 -0400] "GET /xmlrpc.php?rsd HTTP/1.0" 200 5099 "-" "ZoominfoBot (zoominfobot at zoominfo dot com)"
204.48.19.85 - - [30/Jun/2021:09:57:21 -0400] "POST /wp-cron.php?doing_wp_cron=1625061441.2872450351715087890625 HTTP/1.1" 200 5475 "https://qualitycraftsmanshipllc.com/wp-cron.php?doing_wp_cron=1625061441.2872450351715087890625" "WordPress/5.7.2; https://qualitycraftsmanshipllc.com"
5.188.62.140 - - [30/Jun/2021:09:57:20 -0400] "POST /wp-login.php HTTP/1.1" 200 8147 "-" "Mozilla/5.0 (Windows NT 5.1) AppleWebKit/537.36 (KHTML, like Gecko) Chrome/41.0.2224.3 Safari/537.36"
5.188.62.140 - - [30/Jun/2021:09:57:22 -0400] "POST /wp-login.php HTTP/1.1" 200 2908 "-" "Mozilla/5.0 (Windows NT 5.1) AppleWebKit/537.36 (KHTML, like Gecko) Chrome/41.0.2224.3 Safari/537.36"
207.46.13.33 - - [30/Jun/2021:09:57:45 -0400] "GET / HTTP/1.1" 301 610 "-" "Mozilla/5.0 (compatible; bingbot/2.0; +http://www.bing.com/bingbot.htm)"
204.48.19.85 - - [30/Jun/2021:10:15:18 -0400] "GET / HTTP/1.1" 200 11536 "https://qualitycraftsmanshipllc.com/" "WordPress/5.7.2; https://qualitycraftsmanshipllc.com"
204.48.19.85 - - [30/Jun/2021:10:15:18 -0400] "POST /wp-cron.php?doing_wp_cron=1625062518.4272100925445556640625 HTTP/1.1" 200 5475 "https://qualitycraftsmanshipllc.com/wp-cron.php?doing_wp_cron=1625062518.4272100925445556640625" "WordPress/5.7.2; https://qualitycraftsmanshipllc.com"
103.28.53.92 - - [30/Jun/2021:10:15:18 -0400] "POST /wp-login.php HTTP/1.1" 200 8091 "-" "Mozilla/5.0 (Windows NT 6.3; Win64; x64) AppleWebKit/537.36 (KHTML, like Gecko) Chrome/79.0.3945.88 Safari/537.36"
5.188.62.140 - - [30/Jun/2021:10:24:35 -0400] "POST /wp-login.php HTTP/1.1" 200 8147 "-" "Mozilla/5.0 (Windows NT 5.1) AppleWebKit/537.36 (KHTML, like Gecko) Chrome/41.0.2227.1 Safari/537.36"
5.188.62.140 - - [30/Jun/2021:10:24:36 -0400] "POST /wp-login.php HTTP/1.1" 200 2908 "-" "Mozilla/5.0 (Windows NT 5.1) AppleWebKit/537.36 (KHTML, like Gecko) Chrome/41.0.2227.1 Safari/537.36"
40.77.167.8 - - [30/Jun/2021:10:46:04 -0400] "GET / HTTP/1.1" 200 11101 "-" "Mozilla/5.0 (compatible; bingbot/2.0; +http://www.bing.com/bingbot.htm)"
5.188.62.140 - - [30/Jun/2021:10:53:15 -0400] "POST /wp-login.php HTTP/1.1" 200 8147 "-" "Mozilla/5.0 (Windows NT 6.2) AppleWebKit/537.36 (KHTML, like Gecko) Chrome/41.0.2227.1 Safari/537.36"
5.188.62.140 - - [30/Jun/2021:10:53:16 -0400] "POST /wp-login.php HTTP/1.1" 200 2908 "-" "Mozilla/5.0 (Windows NT 6.2) AppleWebKit/537.36 (KHTML, like Gecko) Chrome/41.0.2227.1 Safari/537.36"
204.48.19.85 - - [30/Jun/2021:11:19:59 -0400] "POST /wp-cron.php?doing_wp_cron=1625066399.4628279209136962890625 HTTP/1.1" 200 5475 "https://qualitycraftsmanshipllc.com/wp-cron.php?doing_wp_cron=1625066399.4628279209136962890625" "WordPress/5.7.2; https://qualitycraftsmanshipllc.com"
5.188.62.140 - - [30/Jun/2021:11:19:59 -0400] "POST /wp-login.php HTTP/1.1" 200 8147 "-" "Mozilla/5.0 (Windows NT 6.0) AppleWebKit/537.36 (KHTML, like Gecko) Chrome/41.0.2226.0 Safari/537.36"
5.188.62.140 - - [30/Jun/2021:11:20:00 -0400] "POST /wp-login.php HTTP/1.1" 200 2908 "-" "Mozilla/5.0 (Windows NT 6.0) AppleWebKit/537.36 (KHTML, like Gecko) Chrome/41.0.2226.0 Safari/537.36"
45.144.225.119 - - [30/Jun/2021:11:29:28 -0400] "POST /xmlrpc.php HTTP/1.0" 301 630 "-" "Mozilla/5.0 (X11; Linux x86_64; rv:86.0) Gecko/20100101 Firefox/86.0"
45.144.225.119 - - [30/Jun/2021:11:29:29 -0400] "POST /xmlrpc.php HTTP/1.0" 403 5329 "-" "Mozilla/5.0 (X11; Linux x86_64; rv:86.0) Gecko/20100101 Firefox/86.0"
34.92.85.223 - - [30/Jun/2021:11:43:09 -0400] "POST /wp-login.php HTTP/1.1" 200 8091 "-" "Mozilla/5.0 (Windows NT 6.1) AppleWebKit/537.36 (KHTML, like Gecko) Chrome/61.0.3163.100 Safari/537.36"
5.188.62.140 - - [30/Jun/2021:11:48:01 -0400] "POST /wp-login.php HTTP/1.1" 200 8147 "-" "Mozilla/5.0 (Windows NT 6.1) AppleWebKit/537.36 (KHTML, like Gecko) Chrome/41.0.2226.0 Safari/537.36"
5.188.62.140 - - [30/Jun/2021:11:48:02 -0400] "POST /wp-login.php HTTP/1.1" 200 2908 "-" "Mozilla/5.0 (Windows NT 6.1) AppleWebKit/537.36 (KHTML, like Gecko) Chrome/41.0.2226.0 Safari/537.36"
204.48.19.85 - - [30/Jun/2021:12:20:44 -0400] "POST /wp-cron.php?doing_wp_cron=1625070044.1954240798950195312500 HTTP/1.1" 200 5475 "https://qualitycraftsmanshipllc.com/wp-cron.php?doing_wp_cron=1625070044.1954240798950195312500" "WordPress/5.7.2; https://qualitycraftsmanshipllc.com"
5.188.62.140 - - [30/Jun/2021:12:20:43 -0400] "POST /wp-login.php HTTP/1.1" 200 8147 "-" "Mozilla/5.0 (Windows NT 6.1) AppleWebKit/537.36 (KHTML, like Gecko) Chrome/41.0.2227.1 Safari/537.36"
5.188.62.140 - - [30/Jun/2021:12:20:45 -0400] "POST /wp-login.php HTTP/1.1" 200 2908 "-" "Mozilla/5.0 (Windows NT 6.1) AppleWebKit/537.36 (KHTML, like Gecko) Chrome/41.0.2227.1 Safari/537.36"
173.208.200.107 - - [30/Jun/2021:12:43:26 -0400] "GET / HTTP/1.1" 301 610 "https://www.google.com/search?" "Mozilla/5.0 (Windows NT 6.1; WOW64; Trident/7.0; rv:11.0) like Gecko"
173.208.200.107 - - [30/Jun/2021:12:43:26 -0400] "GET / HTTP/1.1" 200 11526 "https://www.google.com/search?" "Mozilla/5.0 (Windows NT 6.1; WOW64; Trident/7.0; rv:11.0) like Gecko"
173.208.200.107 - - [30/Jun/2021:12:43:26 -0400] "GET /index.php/services/ HTTP/1.1" 200 11031 "https://www.google.com/search?" "Mozilla/5.0 (Windows NT 6.1; WOW64; Trident/7.0; rv:11.0) like Gecko"
173.208.200.107 - - [30/Jun/2021:12:43:27 -0400] "GET /index.php/about-2/ HTTP/1.1" 200 11441 "https://www.google.com/search?" "Mozilla/5.0 (Windows NT 6.1; WOW64; Trident/7.0; rv:11.0) like Gecko"
173.208.200.107 - - [30/Jun/2021:12:43:27 -0400] "GET /index.php/contact-2/ HTTP/1.1" 200 10943 "https://www.google.com/search?" "Mozilla/5.0 (Windows NT 6.1; WOW64; Trident/7.0; rv:11.0) like Gecko"
204.48.19.85 - - [30/Jun/2021:12:57:05 -0400] "POST /wp-cron.php?doing_wp_cron=1625072225.4177789688110351562500 HTTP/1.1" 200 5475 "https://qualitycraftsmanshipllc.com/wp-cron.php?doing_wp_cron=1625072225.4177789688110351562500" "WordPress/5.7.2; https://qualitycraftsmanshipllc.com"
5.188.62.140 - - [30/Jun/2021:12:57:05 -0400] "POST /wp-login.php HTTP/1.1" 200 8147 "-" "Mozilla/5.0 (Windows NT 6.1) AppleWebKit/537.36 (KHTML, like Gecko) Chrome/41.0.2227.1 Safari/537.36"
5.188.62.140 - - [30/Jun/2021:12:57:06 -0400] "POST /wp-login.php HTTP/1.1" 200 2908 "-" "Mozilla/5.0 (Windows NT 6.1) AppleWebKit/537.36 (KHTML, like Gecko) Chrome/41.0.2227.1 Safari/537.36"
178.62.79.87 - - [30/Jun/2021:13:06:33 -0400] "POST /wp-login.php HTTP/1.1" 200 8091 "-" "Mozilla/5.0 (Windows NT 6.3; Win64; x64) AppleWebKit/537.36 (KHTML, like Gecko) Chrome/62.0.3202.94 Safari/537.36"
54.39.29.64 - - [30/Jun/2021:13:13:43 -0400] "GET / HTTP/1.0" 301 573 "http://qualitycraftsmanshipllc.com/" "Mozilla/5.0 (Windows NT 10.0; Win64; x64) AppleWebKit/537.36 (KHTML, like Gecko) Chrome/83.0.4096.0 Safari/537.36"
54.39.29.64 - - [30/Jun/2021:13:13:43 -0400] "GET / HTTP/1.0" 200 34138 "https://qualitycraftsmanshipllc.com/" "Mozilla/5.0 (Windows NT 10.0; Win64; x64) AppleWebKit/537.36 (KHTML, like Gecko) Chrome/83.0.4096.0 Safari/537.36"
5.188.62.140 - - [30/Jun/2021:13:39:02 -0400] "POST /wp-login.php HTTP/1.1" 200 8147 "-" "Mozilla/5.0 (Windows NT 6.1; WOW64) AppleWebKit/537.36 (KHTML, like Gecko) Chrome/41.0.2226.0 Safari/537.36"
5.188.62.140 - - [30/Jun/2021:13:39:03 -0400] "POST /wp-login.php HTTP/1.1" 200 2908 "-" "Mozilla/5.0 (Windows NT 6.1; WOW64) AppleWebKit/537.36 (KHTML, like Gecko) Chrome/41.0.2226.0 Safari/537.36"
95.105.125.84 - - [30/Jun/2021:14:16:13 -0400] "GET /wp-admin/admin-ajax.php?action=duplicator_download&file=..%2Fwp-config.php HTTP/1.1" 301 706 "-" "Mozilla/5.0 (Windows NT 10.0; WOW64; rv:45.0) Gecko/20100101 Firefox/45.0"
204.48.19.85 - - [30/Jun/2021:14:16:14 -0400] "POST /wp-cron.php?doing_wp_cron=1625076974.0204999446868896484375 HTTP/1.1" 200 5475 "https://qualitycraftsmanshipllc.com/wp-cron.php?doing_wp_cron=1625076974.0204999446868896484375" "WordPress/5.7.2; https://qualitycraftsmanshipllc.com"
95.105.125.84 - - [30/Jun/2021:14:16:13 -0400] "GET /wp-admin/admin-ajax.php?action=duplicator_download&file=..%2Fwp-config.php HTTP/1.1" 400 4998 "-" "Mozilla/5.0 (Windows NT 10.0; WOW64; rv:45.0) Gecko/20100101 Firefox/45.0"
95.105.125.84 - - [30/Jun/2021:14:16:14 -0400] "GET /wp-admin/admin-ajax.php?action=revslider_show_image&img=..%2Fwp-config.php HTTP/1.1" 301 706 "-" "Mozilla/5.0 (Windows NT 10.0; WOW64; rv:45.0) Gecko/20100101 Firefox/45.0"
95.105.125.84 - - [30/Jun/2021:14:16:15 -0400] "GET /wp-admin/admin-ajax.php?action=revslider_show_image&img=..%2Fwp-config.php HTTP/1.1" 400 4998 "-" "Mozilla/5.0 (Windows NT 10.0; WOW64; rv:45.0) Gecko/20100101 Firefox/45.0"
95.105.125.84 - - [30/Jun/2021:14:16:15 -0400] "GET /wp-content/plugins/media-library-assistant/includes/mla-file-downloader.php?mla_download_type=text%2Fhtml&mla_download_file=..%2F..%2F..%2F..%2Fwp-config.php HTTP/1.1" 301 872 "-" "Mozilla/5.0 (Windows NT 10.0; WOW64; rv:45.0) Gecko/20100101 Firefox/45.0"
95.105.125.84 - - [30/Jun/2021:14:16:16 -0400] "GET /wp-content/plugins/media-library-assistant/includes/mla-file-downloader.php?mla_download_type=text%2Fhtml&mla_download_file=..%2F..%2F..%2F..%2Fwp-config.php HTTP/1.1" 404 5045 "-" "Mozilla/5.0 (Windows NT 10.0; WOW64; rv:45.0) Gecko/20100101 Firefox/45.0"
5.188.210.4 - - [30/Jun/2021:14:19:32 -0400] "GET /js/editor/filemanager/upload/php/upload.php HTTP/1.0" 301 659 "-" "Mozilla/5.0 (Windows NT 6.3; Win64; x64) AppleWebKit/537.36 (KHTML, like Gecko) Chrome/75.0.3770.100 Safari/537.36"
5.188.210.4 - - [30/Jun/2021:14:19:33 -0400] "GET /js/editor/filemanager/upload/php/upload.php HTTP/1.0" 404 5291 "-" "Mozilla/5.0 (Windows NT 6.3; Win64; x64) AppleWebKit/537.36 (KHTML, like Gecko) Chrome/75.0.3770.100 Safari/537.36"
5.188.62.140 - - [30/Jun/2021:14:19:48 -0400] "POST /wp-login.php HTTP/1.1" 200 8147 "-" "Mozilla/5.0 (Windows NT 6.2; WOW64) AppleWebKit/537.36 (KHTML, like Gecko) Chrome/41.0.2227.1 Safari/537.36"
5.188.62.140 - - [30/Jun/2021:14:19:49 -0400] "POST /wp-login.php HTTP/1.1" 200 2908 "-" "Mozilla/5.0 (Windows NT 6.2; WOW64) AppleWebKit/537.36 (KHTML, like Gecko) Chrome/41.0.2227.1 Safari/537.36"
103.28.53.92 - - [30/Jun/2021:14:24:00 -0400] "POST /wp-login.php HTTP/1.1" 200 8091 "-" "Mozilla/5.0 (Windows NT 6.1) AppleWebKit/537.36 (KHTML, like Gecko) Chrome/58.0.3029.110 Safari/537.36"
