140.197.248.68 - - [10/Jul/2021:00:01:28 -0400] "GET /wp-content/plugins/fusion-builder/assets/js/min/general/fusion-column.js?ver=1 HTTP/1.1" 200 7284 "https://suncoastoutdoor.net/" "Mozilla/5.0 (Windows NT 10.0; Win64; x64) AppleWebKit/537.36 (KHTML, like Gecko) Chrome/91.0.4472.77 Safari/537.36"
140.197.248.68 - - [10/Jul/2021:00:01:29 -0400] "GET /wp-content/uploads/2020/10/logo_transparent-600x148.png HTTP/1.1" 200 61809 "https://suncoastoutdoor.net/" "Mozilla/5.0 (Windows NT 10.0; Win64; x64) AppleWebKit/537.36 (KHTML, like Gecko) Chrome/91.0.4472.77 Safari/537.36"
140.197.248.68 - - [10/Jul/2021:00:01:29 -0400] "GET /wp-content/uploads/2020/10/billboard_slide1-800x405.jpg HTTP/1.1" 200 55742 "https://suncoastoutdoor.net/" "Mozilla/5.0 (Windows NT 10.0; Win64; x64) AppleWebKit/537.36 (KHTML, like Gecko) Chrome/91.0.4472.77 Safari/537.36"
140.197.248.68 - - [10/Jul/2021:00:01:29 -0400] "GET /wp-content/uploads/2020/10/billboard_slide2-800x412.jpg HTTP/1.1" 200 73157 "https://suncoastoutdoor.net/" "Mozilla/5.0 (Windows NT 10.0; Win64; x64) AppleWebKit/537.36 (KHTML, like Gecko) Chrome/91.0.4472.77 Safari/537.36"
140.197.248.68 - - [10/Jul/2021:00:01:30 -0400] "GET /wp-content/uploads/2020/10/billboard_slide3-800x409.jpg HTTP/1.1" 200 67686 "https://suncoastoutdoor.net/" "Mozilla/5.0 (Windows NT 10.0; Win64; x64) AppleWebKit/537.36 (KHTML, like Gecko) Chrome/91.0.4472.77 Safari/537.36"
140.197.248.68 - - [10/Jul/2021:00:01:30 -0400] "GET /wp-content/uploads/2020/10/billboard_slide4-800x408.jpg HTTP/1.1" 200 66616 "https://suncoastoutdoor.net/" "Mozilla/5.0 (Windows NT 10.0; Win64; x64) AppleWebKit/537.36 (KHTML, like Gecko) Chrome/91.0.4472.77 Safari/537.36"
140.197.248.68 - - [10/Jul/2021:00:01:30 -0400] "GET /wp-content/uploads/2020/10/billboard_slide1-400x202.jpg HTTP/1.1" 200 21453 "https://suncoastoutdoor.net/" "Mozilla/5.0 (Windows NT 10.0; Win64; x64) AppleWebKit/537.36 (KHTML, like Gecko) Chrome/91.0.4472.77 Safari/537.36"
140.197.248.68 - - [10/Jul/2021:00:01:30 -0400] "GET /wp-content/uploads/2020/10/billboard_slide3-400x204.jpg HTTP/1.1" 200 24954 "https://suncoastoutdoor.net/" "Mozilla/5.0 (Windows NT 10.0; Win64; x64) AppleWebKit/537.36 (KHTML, like Gecko) Chrome/91.0.4472.77 Safari/537.36"
140.197.248.68 - - [10/Jul/2021:00:01:31 -0400] "GET /wp-content/uploads/2020/10/billboard_slide5-400x203.jpg HTTP/1.1" 200 24314 "https://suncoastoutdoor.net/" "Mozilla/5.0 (Windows NT 10.0; Win64; x64) AppleWebKit/537.36 (KHTML, like Gecko) Chrome/91.0.4472.77 Safari/537.36"
140.197.248.68 - - [10/Jul/2021:00:01:31 -0400] "GET /wp-content/uploads/2020/10/billboard_slide2-400x206.jpg HTTP/1.1" 200 26195 "https://suncoastoutdoor.net/" "Mozilla/5.0 (Windows NT 10.0; Win64; x64) AppleWebKit/537.36 (KHTML, like Gecko) Chrome/91.0.4472.77 Safari/537.36"
140.197.248.68 - - [10/Jul/2021:00:01:31 -0400] "GET /wp-content/uploads/2020/10/billboard_slide4-400x204.jpg HTTP/1.1" 200 25587 "https://suncoastoutdoor.net/" "Mozilla/5.0 (Windows NT 10.0; Win64; x64) AppleWebKit/537.36 (KHTML, like Gecko) Chrome/91.0.4472.77 Safari/537.36"
140.197.248.68 - - [10/Jul/2021:00:01:31 -0400] "GET /wp-content/uploads/2020/10/SuncoastOutdoorAdvertising_Creative_Guidelines-800x775.png HTTP/1.1" 200 316530 "https://suncoastoutdoor.net/" "Mozilla/5.0 (Windows NT 10.0; Win64; x64) AppleWebKit/537.36 (KHTML, like Gecko) Chrome/91.0.4472.77 Safari/537.36"
140.197.248.68 - - [10/Jul/2021:00:01:32 -0400] "GET /wp-content/uploads/2020/10/billboard_background.jpg HTTP/1.1" 301 651 "-" "Mozilla/5.0 (Windows NT 10.0; Win64; x64) AppleWebKit/537.36 (KHTML, like Gecko) Chrome/91.0.4472.77 Safari/537.36"
140.197.248.68 - - [10/Jul/2021:00:01:32 -0400] "GET /wp-includes/js/wp-emoji-release.min.js?ver=5.7.2 HTTP/1.1" 200 11069 "https://suncoastoutdoor.net/" "Mozilla/5.0 (Windows NT 10.0; Win64; x64) AppleWebKit/537.36 (KHTML, like Gecko) Chrome/91.0.4472.77 Safari/537.36"
140.197.248.68 - - [10/Jul/2021:00:01:32 -0400] "GET /wp-content/uploads/2018/06/avada-movers-request-quote-background.jpg HTTP/1.1" 301 685 "-" "Mozilla/5.0 (Windows NT 10.0; Win64; x64) AppleWebKit/537.36 (KHTML, like Gecko) Chrome/91.0.4472.77 Safari/537.36"
140.197.248.68 - - [10/Jul/2021:00:01:32 -0400] "GET /wp-content/uploads/2018/06/avada-movers-top-container-background.jpg HTTP/1.1" 301 685 "-" "Mozilla/5.0 (Windows NT 10.0; Win64; x64) AppleWebKit/537.36 (KHTML, like Gecko) Chrome/91.0.4472.77 Safari/537.36"
140.197.248.68 - - [10/Jul/2021:00:01:32 -0400] "GET /wp-content/themes/Avada/includes/lib/assets/fonts/icomoon/icomoon.woff HTTP/1.1" 200 27251 "https://suncoastoutdoor.net/wp-content/uploads/fusion-styles/4bed2601c1542c7ae83796428eec82cc.min.css?ver=3.2.1" "Mozilla/5.0 (Windows NT 10.0; Win64; x64) AppleWebKit/537.36 (KHTML, like Gecko) Chrome/91.0.4472.77 Safari/537.36"
140.197.248.68 - - [10/Jul/2021:00:01:32 -0400] "GET /wp-content/themes/Avada/includes/lib/assets/fonts/fontawesome/webfonts/fa-solid-900.woff2 HTTP/1.1" 200 86683 "https://suncoastoutdoor.net/wp-content/uploads/fusion-styles/4bed2601c1542c7ae83796428eec82cc.min.css?ver=3.2.1" "Mozilla/5.0 (Windows NT 10.0; Win64; x64) AppleWebKit/537.36 (KHTML, like Gecko) Chrome/91.0.4472.77 Safari/537.36"
140.197.248.68 - - [10/Jul/2021:00:01:32 -0400] "GET /wp-content/themes/Avada/includes/lib/assets/fonts/fontawesome/webfonts/fa-regular-400.woff2 HTTP/1.1" 200 19906 "https://suncoastoutdoor.net/wp-content/uploads/fusion-styles/4bed2601c1542c7ae83796428eec82cc.min.css?ver=3.2.1" "Mozilla/5.0 (Windows NT 10.0; Win64; x64) AppleWebKit/537.36 (KHTML, like Gecko) Chrome/91.0.4472.77 Safari/537.36"
140.197.248.68 - - [10/Jul/2021:00:01:32 -0400] "GET /wp-content/uploads/2018/06/avada-movers-top-container-background.jpg HTTP/1.1" 200 6720 "-" "Mozilla/5.0 (Windows NT 10.0; Win64; x64) AppleWebKit/537.36 (KHTML, like Gecko) Chrome/91.0.4472.77 Safari/537.36"
140.197.248.68 - - [10/Jul/2021:00:01:32 -0400] "GET /wp-content/uploads/2018/06/avada-movers-request-quote-background.jpg HTTP/1.1" 200 208336 "-" "Mozilla/5.0 (Windows NT 10.0; Win64; x64) AppleWebKit/537.36 (KHTML, like Gecko) Chrome/91.0.4472.77 Safari/537.36"
140.197.248.68 - - [10/Jul/2021:00:01:32 -0400] "GET /wp-content/uploads/2020/10/billboard_background.jpg HTTP/1.1" 200 1305402 "-" "Mozilla/5.0 (Windows NT 10.0; Win64; x64) AppleWebKit/537.36 (KHTML, like Gecko) Chrome/91.0.4472.77 Safari/537.36"
204.48.19.85 - - [10/Jul/2021:00:07:04 -0400] "POST /wp-cron.php?doing_wp_cron=1625890024.5967938899993896484375 HTTP/1.1" 200 6245 "https://suncoastoutdoor.net/wp-cron.php?doing_wp_cron=1625890024.5967938899993896484375" "WordPress/5.7.2; https://suncoastoutdoor.net"
107.150.59.243 - - [10/Jul/2021:00:07:04 -0400] "GET /wp-login.php HTTP/1.1" 200 13769 "-" "Mozilla/5.0 (Macintosh; Intel Mac OS X 10_9_2) AppleWebKit/537.36 (KHTML, like Gecko) Chrome/35.0.1916.153 Safari/537.36"
107.150.59.243 - - [10/Jul/2021:00:07:05 -0400] "POST /wp-login.php HTTP/1.1" 200 8947 "-" "Mozilla/5.0 (Macintosh; Intel Mac OS X 10_9_2) AppleWebKit/537.36 (KHTML, like Gecko) Chrome/35.0.1916.153 Safari/537.36"
204.48.19.85 - - [10/Jul/2021:00:15:23 -0400] "POST /wp-cron.php?doing_wp_cron=1625890523.0427849292755126953125 HTTP/1.1" 200 6229 "https://suncoastoutdoor.net/wp-cron.php?doing_wp_cron=1625890523.0427849292755126953125" "WordPress/5.7.2; https://suncoastoutdoor.net"
104.236.241.238 - - [10/Jul/2021:00:15:22 -0400] "POST /xmlrpc.php HTTP/1.1" 200 5786 "-" "Mozilla/5.0 (X11; Ubuntu; Linux x86_64; rv:62.0) Gecko/20100101 Firefox/62.0"
107.150.46.53 - - [10/Jul/2021:00:24:14 -0400] "GET /wp-login.php HTTP/1.1" 200 13769 "-" "Mozilla/5.0 (Windows NT 6.1) AppleWebKit/537.36 (KHTML, like Gecko) Chrome/36.0.1985.125 Safari/537.36"
204.48.19.85 - - [10/Jul/2021:00:24:16 -0400] "GET /index.php/wp-json/wp/v2/types/post?context=edit HTTP/1.1" 401 6734 "https://suncoastoutdoor.net/index.php/wp-json/wp/v2/types/post?context=edit" "WordPress/5.7.2; https://suncoastoutdoor.net"
204.48.19.85 - - [10/Jul/2021:00:24:16 -0400] "POST /wp-cron.php HTTP/1.1" 200 6261 "https://suncoastoutdoor.net/wp-cron.php" "WordPress/5.7.2; https://suncoastoutdoor.net"
107.150.46.53 - - [10/Jul/2021:00:24:16 -0400] "POST /wp-login.php HTTP/1.1" 200 8947 "-" "Mozilla/5.0 (Windows NT 6.1) AppleWebKit/537.36 (KHTML, like Gecko) Chrome/36.0.1985.125 Safari/537.36"
204.48.19.85 - - [10/Jul/2021:00:24:17 -0400] "GET / HTTP/1.1" 200 23510 "https://suncoastoutdoor.net/" "WordPress/5.7.2; https://suncoastoutdoor.net"
204.48.19.85 - - [10/Jul/2021:00:24:15 -0400] "POST /wp-cron.php?doing_wp_cron=1625891055.5663330554962158203125 HTTP/1.1" 200 6245 "https://suncoastoutdoor.net/wp-cron.php?doing_wp_cron=1625891055.5663330554962158203125" "WordPress/5.7.2; https://suncoastoutdoor.net"
204.48.19.85 - - [10/Jul/2021:00:34:00 -0400] "POST /wp-cron.php?doing_wp_cron=1625891640.3391609191894531250000 HTTP/1.1" 200 6229 "https://suncoastoutdoor.net/wp-cron.php?doing_wp_cron=1625891640.3391609191894531250000" "WordPress/5.7.2; https://suncoastoutdoor.net"
85.128.143.25 - - [10/Jul/2021:00:33:59 -0400] "POST /xmlrpc.php HTTP/1.1" 200 5786 "-" "Mozilla/5.0 (X11; Ubuntu; Linux x86_64; rv:62.0) Gecko/20100101 Firefox/62.0"
204.48.19.85 - - [10/Jul/2021:00:36:50 -0400] "POST /wp-cron.php?doing_wp_cron=1625891810.6854410171508789062500 HTTP/1.1" 200 6245 "https://suncoastoutdoor.net/wp-cron.php?doing_wp_cron=1625891810.6854410171508789062500" "WordPress/5.7.2; https://suncoastoutdoor.net"
107.150.59.243 - - [10/Jul/2021:00:36:50 -0400] "GET /wp-login.php HTTP/1.1" 200 13769 "-" "Mozilla/5.0 (Windows NT 6.1; WOW64) AppleWebKit/537.36 (KHTML, like Gecko) Chrome/36.0.1985.125 Safari/537.36"
107.150.59.243 - - [10/Jul/2021:00:36:51 -0400] "POST /wp-login.php HTTP/1.1" 200 8947 "-" "Mozilla/5.0 (Windows NT 6.1; WOW64) AppleWebKit/537.36 (KHTML, like Gecko) Chrome/36.0.1985.125 Safari/537.36"
204.48.19.85 - - [10/Jul/2021:00:36:58 -0400] "POST /wp-cron.php?doing_wp_cron=1625891818.7271919250488281250000 HTTP/1.1" 200 6229 "https://suncoastoutdoor.net/wp-cron.php?doing_wp_cron=1625891818.7271919250488281250000" "WordPress/5.7.2; https://suncoastoutdoor.net"
104.199.146.31 - - [10/Jul/2021:00:36:58 -0400] "GET /wp-login.php HTTP/1.1" 200 8032 "-" "Mozilla/5.0 (X11; Ubuntu; Linux x86_64; rv:62.0) Gecko/20100101 Firefox/62.0"
104.199.146.31 - - [10/Jul/2021:00:36:59 -0400] "POST /wp-login.php HTTP/1.1" 200 8155 "-" "Mozilla/5.0 (X11; Ubuntu; Linux x86_64; rv:62.0) Gecko/20100101 Firefox/62.0"
104.199.146.31 - - [10/Jul/2021:00:37:01 -0400] "GET /wp-login.php HTTP/1.1" 200 8032 "-" "Mozilla/5.0 (X11; Ubuntu; Linux x86_64; rv:62.0) Gecko/20100101 Firefox/62.0"
104.199.146.31 - - [10/Jul/2021:00:37:02 -0400] "POST /wp-login.php HTTP/1.1" 200 8157 "-" "Mozilla/5.0 (X11; Ubuntu; Linux x86_64; rv:62.0) Gecko/20100101 Firefox/62.0"
104.199.146.31 - - [10/Jul/2021:00:37:04 -0400] "POST /xmlrpc.php HTTP/1.1" 200 5786 "-" "Mozilla/5.0 (X11; Ubuntu; Linux x86_64; rv:62.0) Gecko/20100101 Firefox/62.0"
204.48.19.85 - - [10/Jul/2021:00:38:21 -0400] "POST /wp-cron.php?doing_wp_cron=1625891901.2606089115142822265625 HTTP/1.1" 200 6261 "https://suncoastoutdoor.net/wp-cron.php?doing_wp_cron=1625891901.2606089115142822265625" "WordPress/5.7.2; https://suncoastoutdoor.net"
198.204.234.252 - - [10/Jul/2021:00:38:20 -0400] "GET /wp-login.php HTTP/1.1" 200 13769 "-" "Mozilla/5.0 (Windows NT 6.1) AppleWebKit/537.36 (KHTML, like Gecko) Chrome/36.0.1985.125 Safari/537.36"
198.204.234.252 - - [10/Jul/2021:00:38:21 -0400] "POST /wp-login.php HTTP/1.1" 200 8929 "-" "Mozilla/5.0 (Windows NT 6.1) AppleWebKit/537.36 (KHTML, like Gecko) Chrome/36.0.1985.125 Safari/537.36"
34.220.43.27 - - [10/Jul/2021:00:42:43 -0400] "GET / HTTP/1.1" 301 530 "-" "Mozilla/5.0 (X11; Linux x86_64) AppleWebKit/537.36 (KHTML, like Gecko) Chrome/83.0.4103.97 Safari/537.36"
204.48.19.85 - - [10/Jul/2021:00:42:45 -0400] "POST /wp-cron.php?doing_wp_cron=1625892165.7037351131439208984375 HTTP/1.1" 200 6245 "https://suncoastoutdoor.net/wp-cron.php?doing_wp_cron=1625892165.7037351131439208984375" "WordPress/5.7.2; https://suncoastoutdoor.net"
34.220.43.27 - - [10/Jul/2021:00:42:45 -0400] "GET / HTTP/1.1" 200 23453 "-" "Mozilla/5.0 (X11; Linux x86_64) AppleWebKit/537.36 (KHTML, like Gecko) Chrome/83.0.4103.97 Safari/537.36"
34.222.63.1 - - [10/Jul/2021:00:45:37 -0400] "GET /favicon.ico HTTP/1.1" 301 552 "-" "Mozilla/5.0 (X11; Linux x86_64) AppleWebKit/537.36 (KHTML, like Gecko) Chrome/83.0.4103.97 Safari/537.36"
34.222.63.1 - - [10/Jul/2021:00:45:41 -0400] "GET / HTTP/1.1" 301 530 "-" "Mozilla/5.0 (X11; Linux x86_64) AppleWebKit/537.36 (KHTML, like Gecko) Chrome/83.0.4103.97 Safari/537.36"
204.48.19.85 - - [10/Jul/2021:00:49:08 -0400] "POST /wp-cron.php?doing_wp_cron=1625892548.4055659770965576171875 HTTP/1.1" 200 6229 "https://suncoastoutdoor.net/wp-cron.php?doing_wp_cron=1625892548.4055659770965576171875" "WordPress/5.7.2; https://suncoastoutdoor.net"
198.204.240.245 - - [10/Jul/2021:00:49:07 -0400] "GET /wp-login.php HTTP/1.1" 200 13769 "-" "Mozilla/5.0 (Macintosh; Intel Mac OS X 10.8; rv:31.0) Gecko/20100101 Firefox/31.0"
198.204.240.245 - - [10/Jul/2021:00:49:08 -0400] "POST /wp-login.php HTTP/1.1" 200 8947 "-" "Mozilla/5.0 (Macintosh; Intel Mac OS X 10.8; rv:31.0) Gecko/20100101 Firefox/31.0"
204.48.19.85 - - [10/Jul/2021:00:51:21 -0400] "POST /wp-cron.php?doing_wp_cron=1625892681.1661479473114013671875 HTTP/1.1" 200 6229 "https://suncoastoutdoor.net/wp-cron.php?doing_wp_cron=1625892681.1661479473114013671875" "WordPress/5.7.2; https://suncoastoutdoor.net"
81.68.68.194 - - [10/Jul/2021:00:51:20 -0400] "GET /wp-login.php HTTP/1.1" 200 8032 "-" "Mozilla/5.0 (X11; Ubuntu; Linux x86_64; rv:62.0) Gecko/20100101 Firefox/62.0"
81.68.68.194 - - [10/Jul/2021:00:51:22 -0400] "GET /wp-login.php HTTP/1.1" 200 8032 "-" "Mozilla/5.0 (X11; Ubuntu; Linux x86_64; rv:62.0) Gecko/20100101 Firefox/62.0"
81.68.68.194 - - [10/Jul/2021:00:51:24 -0400] "POST /xmlrpc.php HTTP/1.1" 200 5786 "-" "Mozilla/5.0 (X11; Ubuntu; Linux x86_64; rv:62.0) Gecko/20100101 Firefox/62.0"
157.245.121.118 - - [10/Jul/2021:00:51:53 -0400] "POST /xmlrpc.php HTTP/1.1" 200 5786 "-" "Mozilla/5.0 (X11; Ubuntu; Linux x86_64; rv:62.0) Gecko/20100101 Firefox/62.0"
162.55.191.247 - - [10/Jul/2021:00:58:09 -0400] "GET //wp-json/trx_addons/v2/get/sc_layout?sc=print_r HTTP/1.1" 404 6547 "-" "python-requests/2.18.4"
204.48.19.85 - - [10/Jul/2021:01:02:34 -0400] "POST /wp-cron.php?doing_wp_cron=1625893354.1352679729461669921875 HTTP/1.1" 200 6245 "https://suncoastoutdoor.net/wp-cron.php?doing_wp_cron=1625893354.1352679729461669921875" "WordPress/5.7.2; https://suncoastoutdoor.net"
54.217.83.127 - - [10/Jul/2021:01:02:33 -0400] "GET /wp-login.php HTTP/1.1" 200 8032 "-" "Mozilla/5.0 (X11; Ubuntu; Linux x86_64; rv:62.0) Gecko/20100101 Firefox/62.0"
54.217.83.127 - - [10/Jul/2021:01:02:35 -0400] "POST /wp-login.php HTTP/1.1" 200 8155 "-" "Mozilla/5.0 (X11; Ubuntu; Linux x86_64; rv:62.0) Gecko/20100101 Firefox/62.0"
54.217.83.127 - - [10/Jul/2021:01:02:35 -0400] "GET /wp-login.php HTTP/1.1" 200 8032 "-" "Mozilla/5.0 (X11; Ubuntu; Linux x86_64; rv:62.0) Gecko/20100101 Firefox/62.0"
54.217.83.127 - - [10/Jul/2021:01:02:36 -0400] "POST /wp-login.php HTTP/1.1" 200 8133 "-" "Mozilla/5.0 (X11; Ubuntu; Linux x86_64; rv:62.0) Gecko/20100101 Firefox/62.0"
54.217.83.127 - - [10/Jul/2021:01:02:37 -0400] "POST /xmlrpc.php HTTP/1.1" 200 5786 "-" "Mozilla/5.0 (X11; Ubuntu; Linux x86_64; rv:62.0) Gecko/20100101 Firefox/62.0"
204.48.19.85 - - [10/Jul/2021:01:09:52 -0400] "POST /wp-cron.php?doing_wp_cron=1625893792.5853679180145263671875 HTTP/1.1" 200 6229 "https://suncoastoutdoor.net/wp-cron.php?doing_wp_cron=1625893792.5853679180145263671875" "WordPress/5.7.2; https://suncoastoutdoor.net"
133.242.77.200 - - [10/Jul/2021:01:09:52 -0400] "POST /xmlrpc.php HTTP/1.1" 200 5786 "-" "Mozilla/5.0 (X11; Ubuntu; Linux x86_64; rv:62.0) Gecko/20100101 Firefox/62.0"
204.48.19.85 - - [10/Jul/2021:01:10:34 -0400] "POST /wp-cron.php?doing_wp_cron=1625893834.4600501060485839843750 HTTP/1.1" 200 6261 "https://suncoastoutdoor.net/wp-cron.php?doing_wp_cron=1625893834.4600501060485839843750" "WordPress/5.7.2; https://suncoastoutdoor.net"
107.150.63.170 - - [10/Jul/2021:01:10:34 -0400] "GET /wp-login.php HTTP/1.1" 200 13769 "-" "Mozilla/5.0 (iPhone; CPU iPhone OS 7_0_4 like Mac OS X) AppleWebKit/537.51.1 (KHTML, like Gecko) Version/7.0 Mobile/11B554a Safari/9537.53"
107.150.63.170 - - [10/Jul/2021:01:10:35 -0400] "POST /wp-login.php HTTP/1.1" 200 8947 "-" "Mozilla/5.0 (iPhone; CPU iPhone OS 7_0_4 like Mac OS X) AppleWebKit/537.51.1 (KHTML, like Gecko) Version/7.0 Mobile/11B554a Safari/9537.53"
204.48.19.85 - - [10/Jul/2021:01:13:28 -0400] "POST /wp-cron.php?doing_wp_cron=1625894008.7042250633239746093750 HTTP/1.1" 200 6245 "https://suncoastoutdoor.net/wp-cron.php?doing_wp_cron=1625894008.7042250633239746093750" "WordPress/5.7.2; https://suncoastoutdoor.net"
139.99.69.189 - - [10/Jul/2021:01:13:28 -0400] "GET /wp-login.php HTTP/1.1" 200 8032 "-" "Mozilla/5.0 (X11; Ubuntu; Linux x86_64; rv:62.0) Gecko/20100101 Firefox/62.0"
139.99.69.189 - - [10/Jul/2021:01:13:30 -0400] "POST /wp-login.php HTTP/1.1" 200 8155 "-" "Mozilla/5.0 (X11; Ubuntu; Linux x86_64; rv:62.0) Gecko/20100101 Firefox/62.0"
139.99.69.189 - - [10/Jul/2021:01:13:31 -0400] "GET /wp-login.php HTTP/1.1" 200 8032 "-" "Mozilla/5.0 (X11; Ubuntu; Linux x86_64; rv:62.0) Gecko/20100101 Firefox/62.0"
139.99.69.189 - - [10/Jul/2021:01:13:32 -0400] "POST /wp-login.php HTTP/1.1" 200 8133 "-" "Mozilla/5.0 (X11; Ubuntu; Linux x86_64; rv:62.0) Gecko/20100101 Firefox/62.0"
139.99.69.189 - - [10/Jul/2021:01:13:34 -0400] "POST /xmlrpc.php HTTP/1.1" 200 5786 "-" "Mozilla/5.0 (X11; Ubuntu; Linux x86_64; rv:62.0) Gecko/20100101 Firefox/62.0"
204.48.19.85 - - [10/Jul/2021:01:23:34 -0400] "POST /wp-cron.php?doing_wp_cron=1625894614.3736081123352050781250 HTTP/1.1" 200 6261 "https://suncoastoutdoor.net/wp-cron.php?doing_wp_cron=1625894614.3736081123352050781250" "WordPress/5.7.2; https://suncoastoutdoor.net"
173.236.184.111 - - [10/Jul/2021:01:23:33 -0400] "GET /wp-login.php HTTP/1.1" 200 8032 "-" "Mozilla/5.0 (X11; Ubuntu; Linux x86_64; rv:62.0) Gecko/20100101 Firefox/62.0"
173.236.184.111 - - [10/Jul/2021:01:23:35 -0400] "POST /wp-login.php HTTP/1.1" 200 8155 "-" "Mozilla/5.0 (X11; Ubuntu; Linux x86_64; rv:62.0) Gecko/20100101 Firefox/62.0"
173.236.184.111 - - [10/Jul/2021:01:23:35 -0400] "GET /wp-login.php HTTP/1.1" 200 8032 "-" "Mozilla/5.0 (X11; Ubuntu; Linux x86_64; rv:62.0) Gecko/20100101 Firefox/62.0"
173.236.184.111 - - [10/Jul/2021:01:23:36 -0400] "POST /wp-login.php HTTP/1.1" 200 8133 "-" "Mozilla/5.0 (X11; Ubuntu; Linux x86_64; rv:62.0) Gecko/20100101 Firefox/62.0"
173.236.184.111 - - [10/Jul/2021:01:23:36 -0400] "POST /xmlrpc.php HTTP/1.1" 200 5786 "-" "Mozilla/5.0 (X11; Ubuntu; Linux x86_64; rv:62.0) Gecko/20100101 Firefox/62.0"
204.48.19.85 - - [10/Jul/2021:01:26:08 -0400] "POST /wp-cron.php?doing_wp_cron=1625894768.3244669437408447265625 HTTP/1.1" 200 6261 "https://suncoastoutdoor.net/wp-cron.php?doing_wp_cron=1625894768.3244669437408447265625" "WordPress/5.7.2; https://suncoastoutdoor.net"
107.150.59.243 - - [10/Jul/2021:01:26:07 -0400] "GET /wp-login.php HTTP/1.1" 200 13769 "-" "Mozilla/5.0 (X11; Ubuntu; Linux x86_64; rv:31.0) Gecko/20100101 Firefox/31.0"
107.150.59.243 - - [10/Jul/2021:01:26:08 -0400] "POST /wp-login.php HTTP/1.1" 200 8947 "-" "Mozilla/5.0 (X11; Ubuntu; Linux x86_64; rv:31.0) Gecko/20100101 Firefox/31.0"
204.48.19.85 - - [10/Jul/2021:01:29:23 -0400] "POST /wp-cron.php?doing_wp_cron=1625894963.4613010883331298828125 HTTP/1.1" 200 6245 "https://suncoastoutdoor.net/wp-cron.php?doing_wp_cron=1625894963.4613010883331298828125" "WordPress/5.7.2; https://suncoastoutdoor.net"
199.241.137.4 - - [10/Jul/2021:01:29:23 -0400] "POST /xmlrpc.php HTTP/1.1" 200 5786 "-" "Mozilla/5.0 (X11; Ubuntu; Linux x86_64; rv:62.0) Gecko/20100101 Firefox/62.0"
204.48.19.85 - - [10/Jul/2021:01:33:51 -0400] "POST /wp-cron.php?doing_wp_cron=1625895231.8188951015472412109375 HTTP/1.1" 200 6245 "https://suncoastoutdoor.net/wp-cron.php?doing_wp_cron=1625895231.8188951015472412109375" "WordPress/5.7.2; https://suncoastoutdoor.net"
91.134.201.164 - - [10/Jul/2021:01:33:51 -0400] "GET /wp-login.php HTTP/1.1" 200 8032 "-" "Mozilla/5.0 (X11; Ubuntu; Linux x86_64; rv:62.0) Gecko/20100101 Firefox/62.0"
91.134.201.164 - - [10/Jul/2021:01:33:52 -0400] "POST /wp-login.php HTTP/1.1" 200 8155 "-" "Mozilla/5.0 (X11; Ubuntu; Linux x86_64; rv:62.0) Gecko/20100101 Firefox/62.0"
91.134.201.164 - - [10/Jul/2021:01:33:53 -0400] "GET /wp-login.php HTTP/1.1" 200 8032 "-" "Mozilla/5.0 (X11; Ubuntu; Linux x86_64; rv:62.0) Gecko/20100101 Firefox/62.0"
91.134.201.164 - - [10/Jul/2021:01:33:54 -0400] "POST /wp-login.php HTTP/1.1" 200 8133 "-" "Mozilla/5.0 (X11; Ubuntu; Linux x86_64; rv:62.0) Gecko/20100101 Firefox/62.0"
91.134.201.164 - - [10/Jul/2021:01:33:55 -0400] "POST /xmlrpc.php HTTP/1.1" 200 5786 "-" "Mozilla/5.0 (X11; Ubuntu; Linux x86_64; rv:62.0) Gecko/20100101 Firefox/62.0"
204.48.19.85 - - [10/Jul/2021:01:43:29 -0400] "POST /wp-cron.php?doing_wp_cron=1625895809.8668119907379150390625 HTTP/1.1" 200 6229 "https://suncoastoutdoor.net/wp-cron.php?doing_wp_cron=1625895809.8668119907379150390625" "WordPress/5.7.2; https://suncoastoutdoor.net"
160.153.249.218 - - [10/Jul/2021:01:43:29 -0400] "GET /wp-login.php HTTP/1.1" 200 8032 "-" "Mozilla/5.0 (X11; Ubuntu; Linux x86_64; rv:62.0) Gecko/20100101 Firefox/62.0"
160.153.249.218 - - [10/Jul/2021:01:43:30 -0400] "POST /wp-login.php HTTP/1.1" 200 8155 "-" "Mozilla/5.0 (X11; Ubuntu; Linux x86_64; rv:62.0) Gecko/20100101 Firefox/62.0"
160.153.249.218 - - [10/Jul/2021:01:43:31 -0400] "GET /wp-login.php HTTP/1.1" 200 8032 "-" "Mozilla/5.0 (X11; Ubuntu; Linux x86_64; rv:62.0) Gecko/20100101 Firefox/62.0"
160.153.249.218 - - [10/Jul/2021:01:43:32 -0400] "POST /wp-login.php HTTP/1.1" 200 8133 "-" "Mozilla/5.0 (X11; Ubuntu; Linux x86_64; rv:62.0) Gecko/20100101 Firefox/62.0"
160.153.249.218 - - [10/Jul/2021:01:43:33 -0400] "POST /xmlrpc.php HTTP/1.1" 200 5786 "-" "Mozilla/5.0 (X11; Ubuntu; Linux x86_64; rv:62.0) Gecko/20100101 Firefox/62.0"
107.150.63.170 - - [10/Jul/2021:01:43:40 -0400] "GET /wp-login.php HTTP/1.1" 200 13769 "-" "Mozilla/5.0 (Windows NT 6.2; WOW64) AppleWebKit/537.36 (KHTML, like Gecko) Chrome/36.0.1985.125 Safari/537.36"
107.150.63.170 - - [10/Jul/2021:01:43:40 -0400] "POST /wp-login.php HTTP/1.1" 200 8947 "-" "Mozilla/5.0 (Windows NT 6.2; WOW64) AppleWebKit/537.36 (KHTML, like Gecko) Chrome/36.0.1985.125 Safari/537.36"
204.48.19.85 - - [10/Jul/2021:01:47:23 -0400] "POST /wp-cron.php?doing_wp_cron=1625896043.5504300594329833984375 HTTP/1.1" 200 6245 "https://suncoastoutdoor.net/wp-cron.php?doing_wp_cron=1625896043.5504300594329833984375" "WordPress/5.7.2; https://suncoastoutdoor.net"
103.110.86.202 - - [10/Jul/2021:01:47:23 -0400] "POST /xmlrpc.php HTTP/1.1" 200 5786 "-" "Mozilla/5.0 (X11; Ubuntu; Linux x86_64; rv:62.0) Gecko/20100101 Firefox/62.0"
204.48.19.85 - - [10/Jul/2021:01:50:31 -0400] "POST /wp-cron.php?doing_wp_cron=1625896231.5000159740447998046875 HTTP/1.1" 200 6261 "https://suncoastoutdoor.net/wp-cron.php?doing_wp_cron=1625896231.5000159740447998046875" "WordPress/5.7.2; https://suncoastoutdoor.net"
173.208.244.93 - - [10/Jul/2021:01:50:31 -0400] "GET /wp-login.php HTTP/1.1" 200 13769 "-" "Mozilla/5.0 (Windows NT 6.3; WOW64; Trident/7.0; rv:11.0) like Gecko"
173.208.244.93 - - [10/Jul/2021:01:50:32 -0400] "POST /wp-login.php HTTP/1.1" 200 8947 "-" "Mozilla/5.0 (Windows NT 6.3; WOW64; Trident/7.0; rv:11.0) like Gecko"
204.48.19.85 - - [10/Jul/2021:01:54:15 -0400] "POST /wp-cron.php?doing_wp_cron=1625896455.6875839233398437500000 HTTP/1.1" 200 6261 "https://suncoastoutdoor.net/wp-cron.php?doing_wp_cron=1625896455.6875839233398437500000" "WordPress/5.7.2; https://suncoastoutdoor.net"
149.129.255.178 - - [10/Jul/2021:01:54:15 -0400] "GET /wp-login.php HTTP/1.1" 200 8032 "-" "Mozilla/5.0 (X11; Ubuntu; Linux x86_64; rv:62.0) Gecko/20100101 Firefox/62.0"
149.129.255.178 - - [10/Jul/2021:01:54:17 -0400] "POST /wp-login.php HTTP/1.1" 200 8155 "-" "Mozilla/5.0 (X11; Ubuntu; Linux x86_64; rv:62.0) Gecko/20100101 Firefox/62.0"
149.129.255.178 - - [10/Jul/2021:01:54:18 -0400] "GET /wp-login.php HTTP/1.1" 200 8032 "-" "Mozilla/5.0 (X11; Ubuntu; Linux x86_64; rv:62.0) Gecko/20100101 Firefox/62.0"
149.129.255.178 - - [10/Jul/2021:01:54:20 -0400] "POST /wp-login.php HTTP/1.1" 200 8133 "-" "Mozilla/5.0 (X11; Ubuntu; Linux x86_64; rv:62.0) Gecko/20100101 Firefox/62.0"
149.129.255.178 - - [10/Jul/2021:01:54:21 -0400] "POST /xmlrpc.php HTTP/1.1" 200 5786 "-" "Mozilla/5.0 (X11; Ubuntu; Linux x86_64; rv:62.0) Gecko/20100101 Firefox/62.0"
204.48.19.85 - - [10/Jul/2021:02:03:00 -0400] "POST /wp-cron.php?doing_wp_cron=1625896980.8563899993896484375000 HTTP/1.1" 200 6229 "https://suncoastoutdoor.net/wp-cron.php?doing_wp_cron=1625896980.8563899993896484375000" "WordPress/5.7.2; https://suncoastoutdoor.net"
96.62.119.11 - - [10/Jul/2021:02:03:00 -0400] "GET /wp-login.php HTTP/1.1" 200 8032 "-" "Mozilla/5.0 (X11; Ubuntu; Linux x86_64; rv:62.0) Gecko/20100101 Firefox/62.0"
96.62.119.11 - - [10/Jul/2021:02:03:01 -0400] "POST /wp-login.php HTTP/1.1" 200 8155 "-" "Mozilla/5.0 (X11; Ubuntu; Linux x86_64; rv:62.0) Gecko/20100101 Firefox/62.0"
96.62.119.11 - - [10/Jul/2021:02:03:02 -0400] "GET /wp-login.php HTTP/1.1" 200 8032 "-" "Mozilla/5.0 (X11; Ubuntu; Linux x86_64; rv:62.0) Gecko/20100101 Firefox/62.0"
96.62.119.11 - - [10/Jul/2021:02:03:03 -0400] "POST /wp-login.php HTTP/1.1" 200 8133 "-" "Mozilla/5.0 (X11; Ubuntu; Linux x86_64; rv:62.0) Gecko/20100101 Firefox/62.0"
107.150.52.198 - - [10/Jul/2021:02:03:09 -0400] "GET /wp-login.php HTTP/1.1" 200 13769 "-" "Mozilla/5.0 (Macintosh; Intel Mac OS X 10_9_2) AppleWebKit/537.36 (KHTML, like Gecko) Chrome/36.0.1985.125 Safari/537.36"
107.150.52.198 - - [10/Jul/2021:02:03:09 -0400] "POST /wp-login.php HTTP/1.1" 200 8947 "-" "Mozilla/5.0 (Macintosh; Intel Mac OS X 10_9_2) AppleWebKit/537.36 (KHTML, like Gecko) Chrome/36.0.1985.125 Safari/537.36"
96.62.119.11 - - [10/Jul/2021:02:03:04 -0400] "POST /xmlrpc.php HTTP/1.1" 200 5786 "-" "Mozilla/5.0 (X11; Ubuntu; Linux x86_64; rv:62.0) Gecko/20100101 Firefox/62.0"
204.48.19.85 - - [10/Jul/2021:02:06:24 -0400] "POST /wp-cron.php?doing_wp_cron=1625897184.2351219654083251953125 HTTP/1.1" 200 6261 "https://suncoastoutdoor.net/wp-cron.php?doing_wp_cron=1625897184.2351219654083251953125" "WordPress/5.7.2; https://suncoastoutdoor.net"
83.150.214.179 - - [10/Jul/2021:02:06:23 -0400] "POST /xmlrpc.php HTTP/1.1" 200 5786 "-" "Mozilla/5.0 (X11; Ubuntu; Linux x86_64; rv:62.0) Gecko/20100101 Firefox/62.0"
204.48.19.85 - - [10/Jul/2021:02:08:58 -0400] "POST /wp-cron.php?doing_wp_cron=1625897338.5868821144104003906250 HTTP/1.1" 200 6229 "https://suncoastoutdoor.net/wp-cron.php?doing_wp_cron=1625897338.5868821144104003906250" "WordPress/5.7.2; https://suncoastoutdoor.net"
107.150.46.54 - - [10/Jul/2021:02:08:58 -0400] "GET /wp-login.php HTTP/1.1" 200 13769 "-" "Mozilla/5.0 (Windows NT 6.3; WOW64; Trident/7.0; rv:11.0) like Gecko"
107.150.46.54 - - [10/Jul/2021:02:08:59 -0400] "POST /wp-login.php HTTP/1.1" 200 8933 "-" "Mozilla/5.0 (Windows NT 6.3; WOW64; Trident/7.0; rv:11.0) like Gecko"
204.48.19.85 - - [10/Jul/2021:02:12:51 -0400] "POST /wp-cron.php?doing_wp_cron=1625897571.4222350120544433593750 HTTP/1.1" 200 6261 "https://suncoastoutdoor.net/wp-cron.php?doing_wp_cron=1625897571.4222350120544433593750" "WordPress/5.7.2; https://suncoastoutdoor.net"
143.198.124.161 - - [10/Jul/2021:02:12:50 -0400] "GET /wp-login.php HTTP/1.1" 200 8032 "-" "Mozilla/5.0 (X11; Ubuntu; Linux x86_64; rv:62.0) Gecko/20100101 Firefox/62.0"
204.48.19.85 - - [10/Jul/2021:02:12:57 -0400] "POST /wp-cron.php?doing_wp_cron=1625897577.3492920398712158203125 HTTP/1.1" 200 6229 "https://suncoastoutdoor.net/wp-cron.php?doing_wp_cron=1625897577.3492920398712158203125" "WordPress/5.7.2; https://suncoastoutdoor.net"
143.198.124.161 - - [10/Jul/2021:02:12:56 -0400] "POST /wp-login.php HTTP/1.1" 200 8155 "-" "Mozilla/5.0 (X11; Ubuntu; Linux x86_64; rv:62.0) Gecko/20100101 Firefox/62.0"
143.198.124.161 - - [10/Jul/2021:02:13:03 -0400] "GET /wp-login.php HTTP/1.1" 200 8032 "-" "Mozilla/5.0 (X11; Ubuntu; Linux x86_64; rv:62.0) Gecko/20100101 Firefox/62.0"
143.198.124.161 - - [10/Jul/2021:02:13:03 -0400] "POST /wp-login.php HTTP/1.1" 200 8133 "-" "Mozilla/5.0 (X11; Ubuntu; Linux x86_64; rv:62.0) Gecko/20100101 Firefox/62.0"
143.198.124.161 - - [10/Jul/2021:02:13:03 -0400] "POST /xmlrpc.php HTTP/1.1" 200 5786 "-" "Mozilla/5.0 (X11; Ubuntu; Linux x86_64; rv:62.0) Gecko/20100101 Firefox/62.0"
204.48.19.85 - - [10/Jul/2021:02:16:41 -0400] "POST /wp-cron.php?doing_wp_cron=1625897801.7380139827728271484375 HTTP/1.1" 200 6245 "https://suncoastoutdoor.net/wp-cron.php?doing_wp_cron=1625897801.7380139827728271484375" "WordPress/5.7.2; https://suncoastoutdoor.net"
69.30.225.98 - - [10/Jul/2021:02:16:41 -0400] "GET /wp-login.php HTTP/1.1" 200 13769 "-" "Mozilla/5.0 (X11; Ubuntu; Linux i686; rv:31.0) Gecko/20100101 Firefox/31.0"
69.30.225.98 - - [10/Jul/2021:02:16:42 -0400] "POST /wp-login.php HTTP/1.1" 200 8947 "-" "Mozilla/5.0 (X11; Ubuntu; Linux i686; rv:31.0) Gecko/20100101 Firefox/31.0"
204.48.19.85 - - [10/Jul/2021:02:22:29 -0400] "POST /wp-cron.php?doing_wp_cron=1625898149.1536710262298583984375 HTTP/1.1" 200 6261 "https://suncoastoutdoor.net/wp-cron.php?doing_wp_cron=1625898149.1536710262298583984375" "WordPress/5.7.2; https://suncoastoutdoor.net"
103.132.124.120 - - [10/Jul/2021:02:22:28 -0400] "GET /wp-login.php HTTP/1.1" 200 8032 "-" "Mozilla/5.0 (X11; Ubuntu; Linux x86_64; rv:62.0) Gecko/20100101 Firefox/62.0"
103.132.124.120 - - [10/Jul/2021:02:22:31 -0400] "POST /wp-login.php HTTP/1.1" 200 8155 "-" "Mozilla/5.0 (X11; Ubuntu; Linux x86_64; rv:62.0) Gecko/20100101 Firefox/62.0"
103.132.124.120 - - [10/Jul/2021:02:22:32 -0400] "GET /wp-login.php HTTP/1.1" 200 8032 "-" "Mozilla/5.0 (X11; Ubuntu; Linux x86_64; rv:62.0) Gecko/20100101 Firefox/62.0"
103.132.124.120 - - [10/Jul/2021:02:22:34 -0400] "POST /wp-login.php HTTP/1.1" 200 8133 "-" "Mozilla/5.0 (X11; Ubuntu; Linux x86_64; rv:62.0) Gecko/20100101 Firefox/62.0"
103.132.124.120 - - [10/Jul/2021:02:22:36 -0400] "POST /xmlrpc.php HTTP/1.1" 200 5786 "-" "Mozilla/5.0 (X11; Ubuntu; Linux x86_64; rv:62.0) Gecko/20100101 Firefox/62.0"
204.48.19.85 - - [10/Jul/2021:02:26:15 -0400] "POST /wp-cron.php?doing_wp_cron=1625898375.3725850582122802734375 HTTP/1.1" 200 6245 "https://suncoastoutdoor.net/wp-cron.php?doing_wp_cron=1625898375.3725850582122802734375" "WordPress/5.7.2; https://suncoastoutdoor.net"
85.128.142.229 - - [10/Jul/2021:02:26:14 -0400] "POST /xmlrpc.php HTTP/1.1" 200 5786 "-" "Mozilla/5.0 (X11; Ubuntu; Linux x86_64; rv:62.0) Gecko/20100101 Firefox/62.0"
204.48.19.85 - - [10/Jul/2021:02:32:05 -0400] "POST /wp-cron.php?doing_wp_cron=1625898725.7334580421447753906250 HTTP/1.1" 200 6229 "https://suncoastoutdoor.net/wp-cron.php?doing_wp_cron=1625898725.7334580421447753906250" "WordPress/5.7.2; https://suncoastoutdoor.net"
51.91.14.4 - - [10/Jul/2021:02:32:05 -0400] "GET /wp-login.php HTTP/1.1" 200 8032 "-" "Mozilla/5.0 (X11; Ubuntu; Linux x86_64; rv:62.0) Gecko/20100101 Firefox/62.0"
51.91.14.4 - - [10/Jul/2021:02:32:06 -0400] "POST /wp-login.php HTTP/1.1" 200 8155 "-" "Mozilla/5.0 (X11; Ubuntu; Linux x86_64; rv:62.0) Gecko/20100101 Firefox/62.0"
51.91.14.4 - - [10/Jul/2021:02:32:07 -0400] "GET /wp-login.php HTTP/1.1" 200 8032 "-" "Mozilla/5.0 (X11; Ubuntu; Linux x86_64; rv:62.0) Gecko/20100101 Firefox/62.0"
51.91.14.4 - - [10/Jul/2021:02:32:08 -0400] "POST /wp-login.php HTTP/1.1" 200 8133 "-" "Mozilla/5.0 (X11; Ubuntu; Linux x86_64; rv:62.0) Gecko/20100101 Firefox/62.0"
51.91.14.4 - - [10/Jul/2021:02:32:09 -0400] "POST /xmlrpc.php HTTP/1.1" 200 5786 "-" "Mozilla/5.0 (X11; Ubuntu; Linux x86_64; rv:62.0) Gecko/20100101 Firefox/62.0"
204.48.19.85 - - [10/Jul/2021:02:34:49 -0400] "POST /wp-cron.php?doing_wp_cron=1625898889.4685668945312500000000 HTTP/1.1" 200 6229 "https://suncoastoutdoor.net/wp-cron.php?doing_wp_cron=1625898889.4685668945312500000000" "WordPress/5.7.2; https://suncoastoutdoor.net"
107.150.46.54 - - [10/Jul/2021:02:34:48 -0400] "GET /wp-login.php HTTP/1.1" 200 13769 "-" "Mozilla/5.0 (Windows NT 6.1; WOW64) AppleWebKit/537.36 (KHTML, like Gecko) Chrome/36.0.1985.143 Safari/537.36"
107.150.46.54 - - [10/Jul/2021:02:34:50 -0400] "POST /wp-login.php HTTP/1.1" 200 8947 "-" "Mozilla/5.0 (Windows NT 6.1; WOW64) AppleWebKit/537.36 (KHTML, like Gecko) Chrome/36.0.1985.143 Safari/537.36"
204.48.19.85 - - [10/Jul/2021:02:40:23 -0400] "POST /wp-cron.php?doing_wp_cron=1625899223.7043480873107910156250 HTTP/1.1" 200 6261 "https://suncoastoutdoor.net/wp-cron.php?doing_wp_cron=1625899223.7043480873107910156250" "WordPress/5.7.2; https://suncoastoutdoor.net"
107.150.48.228 - - [10/Jul/2021:02:40:23 -0400] "GET /wp-login.php HTTP/1.1" 200 13769 "-" "Mozilla/5.0 (Windows NT 6.1; WOW64; rv:24.0) Gecko/20100101 Firefox/24.0"
107.150.48.228 - - [10/Jul/2021:02:40:24 -0400] "POST /wp-login.php HTTP/1.1" 200 8947 "-" "Mozilla/5.0 (Windows NT 6.1; WOW64; rv:24.0) Gecko/20100101 Firefox/24.0"
204.48.19.85 - - [10/Jul/2021:02:43:12 -0400] "POST /wp-cron.php?doing_wp_cron=1625899392.6769499778747558593750 HTTP/1.1" 200 6261 "https://suncoastoutdoor.net/wp-cron.php?doing_wp_cron=1625899392.6769499778747558593750" "WordPress/5.7.2; https://suncoastoutdoor.net"
212.48.85.142 - - [10/Jul/2021:02:43:12 -0400] "GET /wp-login.php HTTP/1.1" 200 8032 "-" "Mozilla/5.0 (X11; Ubuntu; Linux x86_64; rv:62.0) Gecko/20100101 Firefox/62.0"
212.48.85.142 - - [10/Jul/2021:02:43:13 -0400] "POST /wp-login.php HTTP/1.1" 200 8155 "-" "Mozilla/5.0 (X11; Ubuntu; Linux x86_64; rv:62.0) Gecko/20100101 Firefox/62.0"
212.48.85.142 - - [10/Jul/2021:02:43:14 -0400] "GET /wp-login.php HTTP/1.1" 200 8032 "-" "Mozilla/5.0 (X11; Ubuntu; Linux x86_64; rv:62.0) Gecko/20100101 Firefox/62.0"
212.48.85.142 - - [10/Jul/2021:02:43:15 -0400] "POST /wp-login.php HTTP/1.1" 200 8133 "-" "Mozilla/5.0 (X11; Ubuntu; Linux x86_64; rv:62.0) Gecko/20100101 Firefox/62.0"
212.48.85.142 - - [10/Jul/2021:02:43:15 -0400] "POST /xmlrpc.php HTTP/1.1" 200 5786 "-" "Mozilla/5.0 (X11; Ubuntu; Linux x86_64; rv:62.0) Gecko/20100101 Firefox/62.0"
204.48.19.85 - - [10/Jul/2021:02:45:03 -0400] "POST /wp-cron.php?doing_wp_cron=1625899503.9662570953369140625000 HTTP/1.1" 200 6229 "https://suncoastoutdoor.net/wp-cron.php?doing_wp_cron=1625899503.9662570953369140625000" "WordPress/5.7.2; https://suncoastoutdoor.net"
85.128.143.15 - - [10/Jul/2021:02:45:03 -0400] "POST /xmlrpc.php HTTP/1.1" 200 5786 "-" "Mozilla/5.0 (X11; Ubuntu; Linux x86_64; rv:62.0) Gecko/20100101 Firefox/62.0"
3.251.78.152 - - [10/Jul/2021:02:49:49 -0400] "GET / HTTP/1.1" 301 530 "-" "Mozilla/5.0 (Macintosh; Intel Mac OS X 10_15_6) AppleWebKit/537.36 (KHTML, like Gecko) Chrome/84.0.4147.105 Safari/537.36"
204.48.19.85 - - [10/Jul/2021:02:49:50 -0400] "POST /wp-cron.php?doing_wp_cron=1625899790.1608319282531738281250 HTTP/1.1" 200 6245 "https://suncoastoutdoor.net/wp-cron.php?doing_wp_cron=1625899790.1608319282531738281250" "WordPress/5.7.2; https://suncoastoutdoor.net"
3.251.78.152 - - [10/Jul/2021:02:49:49 -0400] "GET / HTTP/1.1" 200 130170 "-" "Mozilla/5.0 (Macintosh; Intel Mac OS X 10_15_6) AppleWebKit/537.36 (KHTML, like Gecko) Chrome/84.0.4147.105 Safari/537.36"
3.251.78.152 - - [10/Jul/2021:02:49:51 -0400] "GET /wp-json HTTP/1.1" 404 465 "https://suncoastoutdoor.net/" "Mozilla/5.0 (Macintosh; Intel Mac OS X 10_15_6) AppleWebKit/537.36 (KHTML, like Gecko) Chrome/84.0.4147.105 Safari/537.36"
3.251.78.152 - - [10/Jul/2021:02:49:51 -0400] "GET /index.php/contact/ HTTP/1.1" 200 68401 "https://suncoastoutdoor.net/" "Mozilla/5.0 (Macintosh; Intel Mac OS X 10_15_6) AppleWebKit/537.36 (KHTML, like Gecko) Chrome/84.0.4147.105 Safari/537.36"
204.48.19.85 - - [10/Jul/2021:02:51:36 -0400] "POST /wp-cron.php?doing_wp_cron=1625899896.7806448936462402343750 HTTP/1.1" 200 6261 "https://suncoastoutdoor.net/wp-cron.php?doing_wp_cron=1625899896.7806448936462402343750" "WordPress/5.7.2; https://suncoastoutdoor.net"
107.150.63.170 - - [10/Jul/2021:02:51:36 -0400] "GET /wp-login.php HTTP/1.1" 200 13769 "-" "Mozilla/5.0 (Macintosh; Intel Mac OS X 10_9_2) AppleWebKit/537.74.9 (KHTML, like Gecko) Version/7.0.2 Safari/537.74.9"
107.150.63.170 - - [10/Jul/2021:02:51:37 -0400] "POST /wp-login.php HTTP/1.1" 200 8947 "-" "Mozilla/5.0 (Macintosh; Intel Mac OS X 10_9_2) AppleWebKit/537.74.9 (KHTML, like Gecko) Version/7.0.2 Safari/537.74.9"
204.48.19.85 - - [10/Jul/2021:02:53:58 -0400] "POST /wp-cron.php?doing_wp_cron=1625900038.4627730846405029296875 HTTP/1.1" 200 6245 "https://suncoastoutdoor.net/wp-cron.php?doing_wp_cron=1625900038.4627730846405029296875" "WordPress/5.7.2; https://suncoastoutdoor.net"
54.39.105.88 - - [10/Jul/2021:02:53:58 -0400] "GET /wp-login.php HTTP/1.1" 200 8032 "-" "Mozilla/5.0 (X11; Ubuntu; Linux x86_64; rv:62.0) Gecko/20100101 Firefox/62.0"
54.39.105.88 - - [10/Jul/2021:02:53:58 -0400] "POST /wp-login.php HTTP/1.1" 200 8155 "-" "Mozilla/5.0 (X11; Ubuntu; Linux x86_64; rv:62.0) Gecko/20100101 Firefox/62.0"
54.39.105.88 - - [10/Jul/2021:02:53:59 -0400] "GET /wp-login.php HTTP/1.1" 200 8032 "-" "Mozilla/5.0 (X11; Ubuntu; Linux x86_64; rv:62.0) Gecko/20100101 Firefox/62.0"
54.39.105.88 - - [10/Jul/2021:02:53:59 -0400] "POST /wp-login.php HTTP/1.1" 200 8133 "-" "Mozilla/5.0 (X11; Ubuntu; Linux x86_64; rv:62.0) Gecko/20100101 Firefox/62.0"
54.39.105.88 - - [10/Jul/2021:02:54:00 -0400] "POST /xmlrpc.php HTTP/1.1" 200 5786 "-" "Mozilla/5.0 (X11; Ubuntu; Linux x86_64; rv:62.0) Gecko/20100101 Firefox/62.0"
204.48.19.85 - - [10/Jul/2021:03:04:37 -0400] "POST /wp-cron.php?doing_wp_cron=1625900677.6046841144561767578125 HTTP/1.1" 200 6245 "https://suncoastoutdoor.net/wp-cron.php?doing_wp_cron=1625900677.6046841144561767578125" "WordPress/5.7.2; https://suncoastoutdoor.net"
51.195.101.137 - - [10/Jul/2021:03:04:37 -0400] "POST /xmlrpc.php HTTP/1.1" 200 5786 "-" "Mozilla/5.0 (X11; Ubuntu; Linux x86_64; rv:62.0) Gecko/20100101 Firefox/62.0"
107.150.46.54 - - [10/Jul/2021:03:04:42 -0400] "GET /wp-login.php HTTP/1.1" 200 13769 "-" "Mozilla/5.0 (Windows NT 6.1; rv:30.0) Gecko/20100101 Firefox/30.0"
107.150.46.54 - - [10/Jul/2021:03:04:42 -0400] "POST /wp-login.php HTTP/1.1" 200 8947 "-" "Mozilla/5.0 (Windows NT 6.1; rv:30.0) Gecko/20100101 Firefox/30.0"
64.90.48.187 - - [10/Jul/2021:03:04:55 -0400] "GET /wp-login.php HTTP/1.1" 200 8032 "-" "Mozilla/5.0 (X11; Ubuntu; Linux x86_64; rv:62.0) Gecko/20100101 Firefox/62.0"
64.90.48.187 - - [10/Jul/2021:03:04:56 -0400] "POST /wp-login.php HTTP/1.1" 200 8155 "-" "Mozilla/5.0 (X11; Ubuntu; Linux x86_64; rv:62.0) Gecko/20100101 Firefox/62.0"
204.48.19.85 - - [10/Jul/2021:03:04:57 -0400] "POST /wp-cron.php?doing_wp_cron=1625900697.6675078868865966796875 HTTP/1.1" 200 6261 "https://suncoastoutdoor.net/wp-cron.php?doing_wp_cron=1625900697.6675078868865966796875" "WordPress/5.7.2; https://suncoastoutdoor.net"
64.90.48.187 - - [10/Jul/2021:03:04:57 -0400] "GET /wp-login.php HTTP/1.1" 200 8032 "-" "Mozilla/5.0 (X11; Ubuntu; Linux x86_64; rv:62.0) Gecko/20100101 Firefox/62.0"
64.90.48.187 - - [10/Jul/2021:03:04:58 -0400] "POST /wp-login.php HTTP/1.1" 200 8133 "-" "Mozilla/5.0 (X11; Ubuntu; Linux x86_64; rv:62.0) Gecko/20100101 Firefox/62.0"
64.90.48.187 - - [10/Jul/2021:03:04:59 -0400] "POST /xmlrpc.php HTTP/1.1" 200 5786 "-" "Mozilla/5.0 (X11; Ubuntu; Linux x86_64; rv:62.0) Gecko/20100101 Firefox/62.0"
204.48.19.85 - - [10/Jul/2021:03:15:57 -0400] "POST /wp-cron.php?doing_wp_cron=1625901357.6771640777587890625000 HTTP/1.1" 200 6245 "https://suncoastoutdoor.net/wp-cron.php?doing_wp_cron=1625901357.6771640777587890625000" "WordPress/5.7.2; https://suncoastoutdoor.net"
67.205.38.108 - - [10/Jul/2021:03:15:57 -0400] "GET /wp-login.php HTTP/1.1" 200 8032 "-" "Mozilla/5.0 (X11; Ubuntu; Linux x86_64; rv:62.0) Gecko/20100101 Firefox/62.0"
67.205.38.108 - - [10/Jul/2021:03:15:58 -0400] "POST /wp-login.php HTTP/1.1" 200 8155 "-" "Mozilla/5.0 (X11; Ubuntu; Linux x86_64; rv:62.0) Gecko/20100101 Firefox/62.0"
67.205.38.108 - - [10/Jul/2021:03:15:58 -0400] "GET /wp-login.php HTTP/1.1" 200 8032 "-" "Mozilla/5.0 (X11; Ubuntu; Linux x86_64; rv:62.0) Gecko/20100101 Firefox/62.0"
67.205.38.108 - - [10/Jul/2021:03:15:59 -0400] "POST /wp-login.php HTTP/1.1" 200 8133 "-" "Mozilla/5.0 (X11; Ubuntu; Linux x86_64; rv:62.0) Gecko/20100101 Firefox/62.0"
67.205.38.108 - - [10/Jul/2021:03:15:59 -0400] "POST /xmlrpc.php HTTP/1.1" 200 5786 "-" "Mozilla/5.0 (X11; Ubuntu; Linux x86_64; rv:62.0) Gecko/20100101 Firefox/62.0"
204.48.19.85 - - [10/Jul/2021:03:22:41 -0400] "POST /wp-cron.php?doing_wp_cron=1625901761.3553090095520019531250 HTTP/1.1" 200 6245 "https://suncoastoutdoor.net/wp-cron.php?doing_wp_cron=1625901761.3553090095520019531250" "WordPress/5.7.2; https://suncoastoutdoor.net"
173.208.244.93 - - [10/Jul/2021:03:22:40 -0400] "GET /wp-login.php HTTP/1.1" 200 13769 "-" "Mozilla/5.0 (Windows NT 6.3; WOW64; rv:30.0) Gecko/20100101 Firefox/30.0"
173.208.244.93 - - [10/Jul/2021:03:22:41 -0400] "POST /wp-login.php HTTP/1.1" 200 8947 "-" "Mozilla/5.0 (Windows NT 6.3; WOW64; rv:30.0) Gecko/20100101 Firefox/30.0"
107.150.46.54 - - [10/Jul/2021:03:22:55 -0400] "GET /wp-login.php HTTP/1.1" 200 13769 "-" "Mozilla/5.0 (Macintosh; Intel Mac OS X 10_8_5) AppleWebKit/537.77.4 (KHTML, like Gecko) Version/6.1.5 Safari/537.77.4"
107.150.46.54 - - [10/Jul/2021:03:22:56 -0400] "POST /wp-login.php HTTP/1.1" 200 8929 "-" "Mozilla/5.0 (Macintosh; Intel Mac OS X 10_8_5) AppleWebKit/537.77.4 (KHTML, like Gecko) Version/6.1.5 Safari/537.77.4"
204.48.19.85 - - [10/Jul/2021:03:23:54 -0400] "POST /wp-cron.php?doing_wp_cron=1625901834.4388151168823242187500 HTTP/1.1" 200 6261 "https://suncoastoutdoor.net/wp-cron.php?doing_wp_cron=1625901834.4388151168823242187500" "WordPress/5.7.2; https://suncoastoutdoor.net"
34.107.40.111 - - [10/Jul/2021:03:23:53 -0400] "POST /xmlrpc.php HTTP/1.1" 200 5786 "-" "Mozilla/5.0 (X11; Ubuntu; Linux x86_64; rv:62.0) Gecko/20100101 Firefox/62.0"
204.48.19.85 - - [10/Jul/2021:03:26:25 -0400] "POST /wp-cron.php?doing_wp_cron=1625901985.8630459308624267578125 HTTP/1.1" 200 6245 "https://suncoastoutdoor.net/wp-cron.php?doing_wp_cron=1625901985.8630459308624267578125" "WordPress/5.7.2; https://suncoastoutdoor.net"
5.9.113.59 - - [10/Jul/2021:03:26:25 -0400] "GET /wp-login.php HTTP/1.1" 200 8032 "-" "Mozilla/5.0 (X11; Ubuntu; Linux x86_64; rv:62.0) Gecko/20100101 Firefox/62.0"
5.9.113.59 - - [10/Jul/2021:03:26:26 -0400] "POST /wp-login.php HTTP/1.1" 200 8155 "-" "Mozilla/5.0 (X11; Ubuntu; Linux x86_64; rv:62.0) Gecko/20100101 Firefox/62.0"
5.9.113.59 - - [10/Jul/2021:03:26:27 -0400] "GET /wp-login.php HTTP/1.1" 200 8032 "-" "Mozilla/5.0 (X11; Ubuntu; Linux x86_64; rv:62.0) Gecko/20100101 Firefox/62.0"
5.9.113.59 - - [10/Jul/2021:03:26:28 -0400] "POST /wp-login.php HTTP/1.1" 200 8133 "-" "Mozilla/5.0 (X11; Ubuntu; Linux x86_64; rv:62.0) Gecko/20100101 Firefox/62.0"
5.9.113.59 - - [10/Jul/2021:03:26:29 -0400] "POST /xmlrpc.php HTTP/1.1" 200 5786 "-" "Mozilla/5.0 (X11; Ubuntu; Linux x86_64; rv:62.0) Gecko/20100101 Firefox/62.0"
204.48.19.85 - - [10/Jul/2021:03:37:13 -0400] "POST /wp-cron.php?doing_wp_cron=1625902633.9461801052093505859375 HTTP/1.1" 200 6229 "https://suncoastoutdoor.net/wp-cron.php?doing_wp_cron=1625902633.9461801052093505859375" "WordPress/5.7.2; https://suncoastoutdoor.net"
125.212.221.22 - - [10/Jul/2021:03:37:13 -0400] "GET /wp-login.php HTTP/1.1" 200 8032 "-" "Mozilla/5.0 (X11; Ubuntu; Linux x86_64; rv:62.0) Gecko/20100101 Firefox/62.0"
125.212.221.22 - - [10/Jul/2021:03:37:15 -0400] "POST /wp-login.php HTTP/1.1" 200 8155 "-" "Mozilla/5.0 (X11; Ubuntu; Linux x86_64; rv:62.0) Gecko/20100101 Firefox/62.0"
125.212.221.22 - - [10/Jul/2021:03:37:17 -0400] "GET /wp-login.php HTTP/1.1" 200 8032 "-" "Mozilla/5.0 (X11; Ubuntu; Linux x86_64; rv:62.0) Gecko/20100101 Firefox/62.0"
125.212.221.22 - - [10/Jul/2021:03:37:19 -0400] "POST /wp-login.php HTTP/1.1" 200 8133 "-" "Mozilla/5.0 (X11; Ubuntu; Linux x86_64; rv:62.0) Gecko/20100101 Firefox/62.0"
125.212.221.22 - - [10/Jul/2021:03:37:21 -0400] "POST /xmlrpc.php HTTP/1.1" 200 5786 "-" "Mozilla/5.0 (X11; Ubuntu; Linux x86_64; rv:62.0) Gecko/20100101 Firefox/62.0"
204.48.19.85 - - [10/Jul/2021:03:42:16 -0400] "POST /wp-cron.php?doing_wp_cron=1625902936.5788431167602539062500 HTTP/1.1" 200 6245 "https://suncoastoutdoor.net/wp-cron.php?doing_wp_cron=1625902936.5788431167602539062500" "WordPress/5.7.2; https://suncoastoutdoor.net"
35.207.106.157 - - [10/Jul/2021:03:42:16 -0400] "POST /xmlrpc.php HTTP/1.1" 200 5786 "-" "Mozilla/5.0 (X11; Ubuntu; Linux x86_64; rv:62.0) Gecko/20100101 Firefox/62.0"
204.48.19.85 - - [10/Jul/2021:03:48:48 -0400] "POST /wp-cron.php?doing_wp_cron=1625903328.8913590908050537109375 HTTP/1.1" 200 6261 "https://suncoastoutdoor.net/wp-cron.php?doing_wp_cron=1625903328.8913590908050537109375" "WordPress/5.7.2; https://suncoastoutdoor.net"
66.33.205.189 - - [10/Jul/2021:03:48:48 -0400] "GET /wp-login.php HTTP/1.1" 200 8032 "-" "Mozilla/5.0 (X11; Ubuntu; Linux x86_64; rv:62.0) Gecko/20100101 Firefox/62.0"
66.33.205.189 - - [10/Jul/2021:03:48:49 -0400] "POST /wp-login.php HTTP/1.1" 200 8155 "-" "Mozilla/5.0 (X11; Ubuntu; Linux x86_64; rv:62.0) Gecko/20100101 Firefox/62.0"
66.33.205.189 - - [10/Jul/2021:03:48:50 -0400] "GET /wp-login.php HTTP/1.1" 200 8032 "-" "Mozilla/5.0 (X11; Ubuntu; Linux x86_64; rv:62.0) Gecko/20100101 Firefox/62.0"
66.33.205.189 - - [10/Jul/2021:03:48:51 -0400] "POST /wp-login.php HTTP/1.1" 200 8133 "-" "Mozilla/5.0 (X11; Ubuntu; Linux x86_64; rv:62.0) Gecko/20100101 Firefox/62.0"
66.33.205.189 - - [10/Jul/2021:03:48:51 -0400] "POST /xmlrpc.php HTTP/1.1" 200 5786 "-" "Mozilla/5.0 (X11; Ubuntu; Linux x86_64; rv:62.0) Gecko/20100101 Firefox/62.0"
204.48.19.85 - - [10/Jul/2021:03:54:35 -0400] "POST /wp-cron.php?doing_wp_cron=1625903675.2062339782714843750000 HTTP/1.1" 200 6261 "https://suncoastoutdoor.net/wp-cron.php?doing_wp_cron=1625903675.2062339782714843750000" "WordPress/5.7.2; https://suncoastoutdoor.net"
192.151.145.141 - - [10/Jul/2021:03:54:34 -0400] "GET /wp-login.php HTTP/1.1" 200 13769 "-" "Mozilla/5.0 (Macintosh; Intel Mac OS X 10_9_4) AppleWebKit/537.36 (KHTML, like Gecko) Chrome/36.0.1985.143 Safari/537.36"
192.151.145.141 - - [10/Jul/2021:03:54:35 -0400] "POST /wp-login.php HTTP/1.1" 200 8947 "-" "Mozilla/5.0 (Macintosh; Intel Mac OS X 10_9_4) AppleWebKit/537.36 (KHTML, like Gecko) Chrome/36.0.1985.143 Safari/537.36"
204.48.19.85 - - [10/Jul/2021:03:59:53 -0400] "POST /wp-cron.php?doing_wp_cron=1625903993.0555410385131835937500 HTTP/1.1" 200 6261 "https://suncoastoutdoor.net/wp-cron.php?doing_wp_cron=1625903993.0555410385131835937500" "WordPress/5.7.2; https://suncoastoutdoor.net"
208.97.188.209 - - [10/Jul/2021:03:59:52 -0400] "GET /wp-login.php HTTP/1.1" 200 8032 "-" "Mozilla/5.0 (X11; Ubuntu; Linux x86_64; rv:62.0) Gecko/20100101 Firefox/62.0"
208.97.188.209 - - [10/Jul/2021:03:59:53 -0400] "POST /wp-login.php HTTP/1.1" 200 8155 "-" "Mozilla/5.0 (X11; Ubuntu; Linux x86_64; rv:62.0) Gecko/20100101 Firefox/62.0"
208.97.188.209 - - [10/Jul/2021:03:59:54 -0400] "GET /wp-login.php HTTP/1.1" 200 8032 "-" "Mozilla/5.0 (X11; Ubuntu; Linux x86_64; rv:62.0) Gecko/20100101 Firefox/62.0"
208.97.188.209 - - [10/Jul/2021:03:59:54 -0400] "POST /wp-login.php HTTP/1.1" 200 8133 "-" "Mozilla/5.0 (X11; Ubuntu; Linux x86_64; rv:62.0) Gecko/20100101 Firefox/62.0"
208.97.188.209 - - [10/Jul/2021:03:59:55 -0400] "POST /xmlrpc.php HTTP/1.1" 200 5786 "-" "Mozilla/5.0 (X11; Ubuntu; Linux x86_64; rv:62.0) Gecko/20100101 Firefox/62.0"
204.48.19.85 - - [10/Jul/2021:04:07:36 -0400] "POST /wp-cron.php?doing_wp_cron=1625904456.9543130397796630859375 HTTP/1.1" 200 6245 "https://suncoastoutdoor.net/wp-cron.php?doing_wp_cron=1625904456.9543130397796630859375" "WordPress/5.7.2; https://suncoastoutdoor.net"
198.204.234.252 - - [10/Jul/2021:04:07:36 -0400] "GET /wp-login.php HTTP/1.1" 200 13769 "-" "Mozilla/5.0 (Macintosh; Intel Mac OS X 10.6; rv:31.0) Gecko/20100101 Firefox/31.0"
198.204.234.252 - - [10/Jul/2021:04:07:37 -0400] "POST /wp-login.php HTTP/1.1" 200 8947 "-" "Mozilla/5.0 (Macintosh; Intel Mac OS X 10.6; rv:31.0) Gecko/20100101 Firefox/31.0"
204.48.19.85 - - [10/Jul/2021:04:12:15 -0400] "POST /wp-cron.php?doing_wp_cron=1625904735.6096711158752441406250 HTTP/1.1" 200 6245 "https://suncoastoutdoor.net/wp-cron.php?doing_wp_cron=1625904735.6096711158752441406250" "WordPress/5.7.2; https://suncoastoutdoor.net"
35.240.234.239 - - [10/Jul/2021:04:12:15 -0400] "GET /wp-login.php HTTP/1.1" 200 8032 "-" "Mozilla/5.0 (X11; Ubuntu; Linux x86_64; rv:62.0) Gecko/20100101 Firefox/62.0"
35.240.234.239 - - [10/Jul/2021:04:12:17 -0400] "POST /wp-login.php HTTP/1.1" 200 8155 "-" "Mozilla/5.0 (X11; Ubuntu; Linux x86_64; rv:62.0) Gecko/20100101 Firefox/62.0"
35.240.234.239 - - [10/Jul/2021:04:12:18 -0400] "GET /wp-login.php HTTP/1.1" 200 8032 "-" "Mozilla/5.0 (X11; Ubuntu; Linux x86_64; rv:62.0) Gecko/20100101 Firefox/62.0"
35.240.234.239 - - [10/Jul/2021:04:12:20 -0400] "POST /wp-login.php HTTP/1.1" 200 8133 "-" "Mozilla/5.0 (X11; Ubuntu; Linux x86_64; rv:62.0) Gecko/20100101 Firefox/62.0"
35.240.234.239 - - [10/Jul/2021:04:12:21 -0400] "POST /xmlrpc.php HTTP/1.1" 200 5786 "-" "Mozilla/5.0 (X11; Ubuntu; Linux x86_64; rv:62.0) Gecko/20100101 Firefox/62.0"
204.48.19.85 - - [10/Jul/2021:04:13:30 -0400] "POST /wp-cron.php?doing_wp_cron=1625904810.8407819271087646484375 HTTP/1.1" 200 6229 "https://suncoastoutdoor.net/wp-cron.php?doing_wp_cron=1625904810.8407819271087646484375" "WordPress/5.7.2; https://suncoastoutdoor.net"
173.208.244.93 - - [10/Jul/2021:04:13:30 -0400] "GET /wp-login.php HTTP/1.1" 200 13769 "-" "Mozilla/5.0 (X11; Linux x86_64) AppleWebKit/537.36 (KHTML, like Gecko) Ubuntu Chromium/34.0.1847.116 Chrome/34.0.1847.116 Safari/537.36"
