159.75.134.253 - - [09/Jul/2021:00:56:39 -0400] "POST /xmlrpc.php HTTP/1.1" 403 6168 "https://suncoastoutdoor.net/xmlrpc.php" "python-requests/2.6.0 CPython/2.7.5 Linux/3.10.0-1160.11.1.el7.x86_64"
159.75.134.253 - - [09/Jul/2021:00:56:40 -0400] "POST /xmlrpc.php HTTP/1.1" 403 6168 "https://suncoastoutdoor.net/xmlrpc.php" "python-requests/2.6.0 CPython/2.7.5 Linux/3.10.0-1160.11.1.el7.x86_64"
159.75.134.253 - - [09/Jul/2021:00:56:42 -0400] "POST /xmlrpc.php HTTP/1.1" 403 6168 "https://suncoastoutdoor.net/xmlrpc.php" "python-requests/2.6.0 CPython/2.7.5 Linux/3.10.0-1160.11.1.el7.x86_64"
159.75.134.253 - - [09/Jul/2021:00:56:43 -0400] "POST /xmlrpc.php HTTP/1.1" 403 6168 "https://suncoastoutdoor.net/xmlrpc.php" "python-requests/2.6.0 CPython/2.7.5 Linux/3.10.0-1160.11.1.el7.x86_64"
159.75.134.253 - - [09/Jul/2021:00:56:45 -0400] "POST /xmlrpc.php HTTP/1.1" 403 6168 "https://suncoastoutdoor.net/xmlrpc.php" "python-requests/2.6.0 CPython/2.7.5 Linux/3.10.0-1160.11.1.el7.x86_64"
159.75.134.253 - - [09/Jul/2021:00:56:46 -0400] "POST /xmlrpc.php HTTP/1.1" 403 6168 "https://suncoastoutdoor.net/xmlrpc.php" "python-requests/2.6.0 CPython/2.7.5 Linux/3.10.0-1160.11.1.el7.x86_64"
159.75.134.253 - - [09/Jul/2021:00:56:48 -0400] "POST /xmlrpc.php HTTP/1.1" 403 6168 "https://suncoastoutdoor.net/xmlrpc.php" "python-requests/2.6.0 CPython/2.7.5 Linux/3.10.0-1160.11.1.el7.x86_64"
159.75.134.253 - - [09/Jul/2021:00:56:49 -0400] "POST /xmlrpc.php HTTP/1.1" 403 6168 "https://suncoastoutdoor.net/xmlrpc.php" "python-requests/2.6.0 CPython/2.7.5 Linux/3.10.0-1160.11.1.el7.x86_64"
159.75.134.253 - - [09/Jul/2021:00:56:51 -0400] "POST /xmlrpc.php HTTP/1.1" 403 6168 "https://suncoastoutdoor.net/xmlrpc.php" "python-requests/2.6.0 CPython/2.7.5 Linux/3.10.0-1160.11.1.el7.x86_64"
159.75.134.253 - - [09/Jul/2021:00:56:52 -0400] "POST /xmlrpc.php HTTP/1.1" 403 6168 "https://suncoastoutdoor.net/xmlrpc.php" "python-requests/2.6.0 CPython/2.7.5 Linux/3.10.0-1160.11.1.el7.x86_64"
159.75.134.253 - - [09/Jul/2021:00:56:54 -0400] "POST /xmlrpc.php HTTP/1.1" 403 6168 "https://suncoastoutdoor.net/xmlrpc.php" "python-requests/2.6.0 CPython/2.7.5 Linux/3.10.0-1160.11.1.el7.x86_64"
159.75.134.253 - - [09/Jul/2021:00:56:55 -0400] "POST /xmlrpc.php HTTP/1.1" 403 6168 "https://suncoastoutdoor.net/xmlrpc.php" "python-requests/2.6.0 CPython/2.7.5 Linux/3.10.0-1160.11.1.el7.x86_64"
204.48.19.85 - - [09/Jul/2021:00:56:57 -0400] "POST /wp-cron.php?doing_wp_cron=1625806617.8602080345153808593750 HTTP/1.1" 200 6245 "https://suncoastoutdoor.net/wp-cron.php?doing_wp_cron=1625806617.8602080345153808593750" "WordPress/5.7.2; https://suncoastoutdoor.net"
159.75.134.253 - - [09/Jul/2021:00:56:57 -0400] "POST /xmlrpc.php HTTP/1.1" 403 6168 "https://suncoastoutdoor.net/xmlrpc.php" "python-requests/2.6.0 CPython/2.7.5 Linux/3.10.0-1160.11.1.el7.x86_64"
159.75.134.253 - - [09/Jul/2021:00:56:59 -0400] "POST /xmlrpc.php HTTP/1.1" 403 6168 "https://suncoastoutdoor.net/xmlrpc.php" "python-requests/2.6.0 CPython/2.7.5 Linux/3.10.0-1160.11.1.el7.x86_64"
159.75.134.253 - - [09/Jul/2021:00:57:00 -0400] "POST /xmlrpc.php HTTP/1.1" 403 6168 "https://suncoastoutdoor.net/xmlrpc.php" "python-requests/2.6.0 CPython/2.7.5 Linux/3.10.0-1160.11.1.el7.x86_64"
159.75.134.253 - - [09/Jul/2021:00:57:02 -0400] "POST /xmlrpc.php HTTP/1.1" 403 6168 "https://suncoastoutdoor.net/xmlrpc.php" "python-requests/2.6.0 CPython/2.7.5 Linux/3.10.0-1160.11.1.el7.x86_64"
159.75.134.253 - - [09/Jul/2021:00:57:04 -0400] "POST /xmlrpc.php HTTP/1.1" 403 6168 "https://suncoastoutdoor.net/xmlrpc.php" "python-requests/2.6.0 CPython/2.7.5 Linux/3.10.0-1160.11.1.el7.x86_64"
159.75.134.253 - - [09/Jul/2021:00:57:05 -0400] "POST /xmlrpc.php HTTP/1.1" 403 6168 "https://suncoastoutdoor.net/xmlrpc.php" "python-requests/2.6.0 CPython/2.7.5 Linux/3.10.0-1160.11.1.el7.x86_64"
159.75.134.253 - - [09/Jul/2021:00:57:07 -0400] "POST /xmlrpc.php HTTP/1.1" 403 6168 "https://suncoastoutdoor.net/xmlrpc.php" "python-requests/2.6.0 CPython/2.7.5 Linux/3.10.0-1160.11.1.el7.x86_64"
159.75.134.253 - - [09/Jul/2021:00:57:08 -0400] "POST /xmlrpc.php HTTP/1.1" 403 6168 "https://suncoastoutdoor.net/xmlrpc.php" "python-requests/2.6.0 CPython/2.7.5 Linux/3.10.0-1160.11.1.el7.x86_64"
159.75.134.253 - - [09/Jul/2021:00:57:10 -0400] "POST /xmlrpc.php HTTP/1.1" 403 6168 "https://suncoastoutdoor.net/xmlrpc.php" "python-requests/2.6.0 CPython/2.7.5 Linux/3.10.0-1160.11.1.el7.x86_64"
159.75.134.253 - - [09/Jul/2021:00:57:11 -0400] "POST /xmlrpc.php HTTP/1.1" 403 6168 "https://suncoastoutdoor.net/xmlrpc.php" "python-requests/2.6.0 CPython/2.7.5 Linux/3.10.0-1160.11.1.el7.x86_64"
159.75.134.253 - - [09/Jul/2021:00:57:13 -0400] "POST /xmlrpc.php HTTP/1.1" 403 6168 "https://suncoastoutdoor.net/xmlrpc.php" "python-requests/2.6.0 CPython/2.7.5 Linux/3.10.0-1160.11.1.el7.x86_64"
159.75.134.253 - - [09/Jul/2021:00:57:15 -0400] "POST /xmlrpc.php HTTP/1.1" 403 6168 "https://suncoastoutdoor.net/xmlrpc.php" "python-requests/2.6.0 CPython/2.7.5 Linux/3.10.0-1160.11.1.el7.x86_64"
159.75.134.253 - - [09/Jul/2021:00:57:16 -0400] "POST /xmlrpc.php HTTP/1.1" 403 6168 "https://suncoastoutdoor.net/xmlrpc.php" "python-requests/2.6.0 CPython/2.7.5 Linux/3.10.0-1160.11.1.el7.x86_64"
159.75.134.253 - - [09/Jul/2021:00:57:18 -0400] "POST /xmlrpc.php HTTP/1.1" 403 6168 "https://suncoastoutdoor.net/xmlrpc.php" "python-requests/2.6.0 CPython/2.7.5 Linux/3.10.0-1160.11.1.el7.x86_64"
159.75.134.253 - - [09/Jul/2021:00:57:19 -0400] "POST /xmlrpc.php HTTP/1.1" 403 6168 "https://suncoastoutdoor.net/xmlrpc.php" "python-requests/2.6.0 CPython/2.7.5 Linux/3.10.0-1160.11.1.el7.x86_64"
159.75.134.253 - - [09/Jul/2021:00:57:21 -0400] "POST /xmlrpc.php HTTP/1.1" 403 6168 "https://suncoastoutdoor.net/xmlrpc.php" "python-requests/2.6.0 CPython/2.7.5 Linux/3.10.0-1160.11.1.el7.x86_64"
159.75.134.253 - - [09/Jul/2021:00:57:22 -0400] "POST /xmlrpc.php HTTP/1.1" 403 6168 "https://suncoastoutdoor.net/xmlrpc.php" "python-requests/2.6.0 CPython/2.7.5 Linux/3.10.0-1160.11.1.el7.x86_64"
159.75.134.253 - - [09/Jul/2021:00:57:24 -0400] "POST /xmlrpc.php HTTP/1.1" 403 6168 "https://suncoastoutdoor.net/xmlrpc.php" "python-requests/2.6.0 CPython/2.7.5 Linux/3.10.0-1160.11.1.el7.x86_64"
159.75.134.253 - - [09/Jul/2021:00:57:26 -0400] "POST /xmlrpc.php HTTP/1.1" 403 6168 "https://suncoastoutdoor.net/xmlrpc.php" "python-requests/2.6.0 CPython/2.7.5 Linux/3.10.0-1160.11.1.el7.x86_64"
159.75.134.253 - - [09/Jul/2021:00:57:27 -0400] "POST /xmlrpc.php HTTP/1.1" 403 6168 "https://suncoastoutdoor.net/xmlrpc.php" "python-requests/2.6.0 CPython/2.7.5 Linux/3.10.0-1160.11.1.el7.x86_64"
159.75.134.253 - - [09/Jul/2021:00:57:29 -0400] "POST /xmlrpc.php HTTP/1.1" 403 6168 "https://suncoastoutdoor.net/xmlrpc.php" "python-requests/2.6.0 CPython/2.7.5 Linux/3.10.0-1160.11.1.el7.x86_64"
159.75.134.253 - - [09/Jul/2021:00:57:30 -0400] "POST /xmlrpc.php HTTP/1.1" 403 6168 "https://suncoastoutdoor.net/xmlrpc.php" "python-requests/2.6.0 CPython/2.7.5 Linux/3.10.0-1160.11.1.el7.x86_64"
159.75.134.253 - - [09/Jul/2021:00:57:32 -0400] "POST /xmlrpc.php HTTP/1.1" 403 6168 "https://suncoastoutdoor.net/xmlrpc.php" "python-requests/2.6.0 CPython/2.7.5 Linux/3.10.0-1160.11.1.el7.x86_64"
159.75.134.253 - - [09/Jul/2021:00:57:33 -0400] "POST /xmlrpc.php HTTP/1.1" 403 6168 "https://suncoastoutdoor.net/xmlrpc.php" "python-requests/2.6.0 CPython/2.7.5 Linux/3.10.0-1160.11.1.el7.x86_64"
159.75.134.253 - - [09/Jul/2021:00:57:35 -0400] "POST /xmlrpc.php HTTP/1.1" 403 6168 "https://suncoastoutdoor.net/xmlrpc.php" "python-requests/2.6.0 CPython/2.7.5 Linux/3.10.0-1160.11.1.el7.x86_64"
159.75.134.253 - - [09/Jul/2021:00:57:36 -0400] "POST /xmlrpc.php HTTP/1.1" 403 6168 "https://suncoastoutdoor.net/xmlrpc.php" "python-requests/2.6.0 CPython/2.7.5 Linux/3.10.0-1160.11.1.el7.x86_64"
159.75.134.253 - - [09/Jul/2021:00:57:38 -0400] "POST /xmlrpc.php HTTP/1.1" 403 6168 "https://suncoastoutdoor.net/xmlrpc.php" "python-requests/2.6.0 CPython/2.7.5 Linux/3.10.0-1160.11.1.el7.x86_64"
159.75.134.253 - - [09/Jul/2021:00:57:40 -0400] "POST /xmlrpc.php HTTP/1.1" 403 6168 "https://suncoastoutdoor.net/xmlrpc.php" "python-requests/2.6.0 CPython/2.7.5 Linux/3.10.0-1160.11.1.el7.x86_64"
159.75.134.253 - - [09/Jul/2021:00:57:41 -0400] "POST /xmlrpc.php HTTP/1.1" 403 6168 "https://suncoastoutdoor.net/xmlrpc.php" "python-requests/2.6.0 CPython/2.7.5 Linux/3.10.0-1160.11.1.el7.x86_64"
159.75.134.253 - - [09/Jul/2021:00:57:43 -0400] "POST /xmlrpc.php HTTP/1.1" 403 6168 "https://suncoastoutdoor.net/xmlrpc.php" "python-requests/2.6.0 CPython/2.7.5 Linux/3.10.0-1160.11.1.el7.x86_64"
159.75.134.253 - - [09/Jul/2021:00:57:44 -0400] "POST /xmlrpc.php HTTP/1.1" 403 6168 "https://suncoastoutdoor.net/xmlrpc.php" "python-requests/2.6.0 CPython/2.7.5 Linux/3.10.0-1160.11.1.el7.x86_64"
159.75.134.253 - - [09/Jul/2021:00:57:46 -0400] "POST /xmlrpc.php HTTP/1.1" 403 6168 "https://suncoastoutdoor.net/xmlrpc.php" "python-requests/2.6.0 CPython/2.7.5 Linux/3.10.0-1160.11.1.el7.x86_64"
159.75.134.253 - - [09/Jul/2021:00:57:47 -0400] "POST /xmlrpc.php HTTP/1.1" 403 6168 "https://suncoastoutdoor.net/xmlrpc.php" "python-requests/2.6.0 CPython/2.7.5 Linux/3.10.0-1160.11.1.el7.x86_64"
159.75.134.253 - - [09/Jul/2021:00:57:49 -0400] "POST /xmlrpc.php HTTP/1.1" 403 6168 "https://suncoastoutdoor.net/xmlrpc.php" "python-requests/2.6.0 CPython/2.7.5 Linux/3.10.0-1160.11.1.el7.x86_64"
159.75.134.253 - - [09/Jul/2021:00:57:50 -0400] "POST /xmlrpc.php HTTP/1.1" 403 6168 "https://suncoastoutdoor.net/xmlrpc.php" "python-requests/2.6.0 CPython/2.7.5 Linux/3.10.0-1160.11.1.el7.x86_64"
159.75.134.253 - - [09/Jul/2021:00:57:52 -0400] "POST /xmlrpc.php HTTP/1.1" 403 6168 "https://suncoastoutdoor.net/xmlrpc.php" "python-requests/2.6.0 CPython/2.7.5 Linux/3.10.0-1160.11.1.el7.x86_64"
159.75.134.253 - - [09/Jul/2021:00:57:54 -0400] "POST /xmlrpc.php HTTP/1.1" 403 6168 "https://suncoastoutdoor.net/xmlrpc.php" "python-requests/2.6.0 CPython/2.7.5 Linux/3.10.0-1160.11.1.el7.x86_64"
159.75.134.253 - - [09/Jul/2021:00:57:55 -0400] "POST /xmlrpc.php HTTP/1.1" 403 6168 "https://suncoastoutdoor.net/xmlrpc.php" "python-requests/2.6.0 CPython/2.7.5 Linux/3.10.0-1160.11.1.el7.x86_64"
204.48.19.85 - - [09/Jul/2021:00:57:57 -0400] "POST /wp-cron.php?doing_wp_cron=1625806677.7182118892669677734375 HTTP/1.1" 200 6261 "https://suncoastoutdoor.net/wp-cron.php?doing_wp_cron=1625806677.7182118892669677734375" "WordPress/5.7.2; https://suncoastoutdoor.net"
159.75.134.253 - - [09/Jul/2021:00:57:57 -0400] "POST /xmlrpc.php HTTP/1.1" 403 6168 "https://suncoastoutdoor.net/xmlrpc.php" "python-requests/2.6.0 CPython/2.7.5 Linux/3.10.0-1160.11.1.el7.x86_64"
159.75.134.253 - - [09/Jul/2021:00:57:59 -0400] "POST /xmlrpc.php HTTP/1.1" 403 6168 "https://suncoastoutdoor.net/xmlrpc.php" "python-requests/2.6.0 CPython/2.7.5 Linux/3.10.0-1160.11.1.el7.x86_64"
159.75.134.253 - - [09/Jul/2021:00:58:00 -0400] "POST /xmlrpc.php HTTP/1.1" 403 6168 "https://suncoastoutdoor.net/xmlrpc.php" "python-requests/2.6.0 CPython/2.7.5 Linux/3.10.0-1160.11.1.el7.x86_64"
159.75.134.253 - - [09/Jul/2021:00:58:02 -0400] "POST /xmlrpc.php HTTP/1.1" 403 6168 "https://suncoastoutdoor.net/xmlrpc.php" "python-requests/2.6.0 CPython/2.7.5 Linux/3.10.0-1160.11.1.el7.x86_64"
159.75.134.253 - - [09/Jul/2021:00:58:04 -0400] "POST /xmlrpc.php HTTP/1.1" 403 6168 "https://suncoastoutdoor.net/xmlrpc.php" "python-requests/2.6.0 CPython/2.7.5 Linux/3.10.0-1160.11.1.el7.x86_64"
159.75.134.253 - - [09/Jul/2021:00:58:05 -0400] "POST /xmlrpc.php HTTP/1.1" 403 6168 "https://suncoastoutdoor.net/xmlrpc.php" "python-requests/2.6.0 CPython/2.7.5 Linux/3.10.0-1160.11.1.el7.x86_64"
159.75.134.253 - - [09/Jul/2021:00:58:07 -0400] "POST /xmlrpc.php HTTP/1.1" 403 6168 "https://suncoastoutdoor.net/xmlrpc.php" "python-requests/2.6.0 CPython/2.7.5 Linux/3.10.0-1160.11.1.el7.x86_64"
159.75.134.253 - - [09/Jul/2021:00:58:09 -0400] "POST /xmlrpc.php HTTP/1.1" 403 6168 "https://suncoastoutdoor.net/xmlrpc.php" "python-requests/2.6.0 CPython/2.7.5 Linux/3.10.0-1160.11.1.el7.x86_64"
159.75.134.253 - - [09/Jul/2021:00:58:10 -0400] "POST /xmlrpc.php HTTP/1.1" 403 6168 "https://suncoastoutdoor.net/xmlrpc.php" "python-requests/2.6.0 CPython/2.7.5 Linux/3.10.0-1160.11.1.el7.x86_64"
159.75.134.253 - - [09/Jul/2021:00:58:12 -0400] "POST /xmlrpc.php HTTP/1.1" 403 6168 "https://suncoastoutdoor.net/xmlrpc.php" "python-requests/2.6.0 CPython/2.7.5 Linux/3.10.0-1160.11.1.el7.x86_64"
159.75.134.253 - - [09/Jul/2021:00:58:13 -0400] "POST /xmlrpc.php HTTP/1.1" 403 6168 "https://suncoastoutdoor.net/xmlrpc.php" "python-requests/2.6.0 CPython/2.7.5 Linux/3.10.0-1160.11.1.el7.x86_64"
159.75.134.253 - - [09/Jul/2021:00:58:15 -0400] "POST /xmlrpc.php HTTP/1.1" 403 6168 "https://suncoastoutdoor.net/xmlrpc.php" "python-requests/2.6.0 CPython/2.7.5 Linux/3.10.0-1160.11.1.el7.x86_64"
159.75.134.253 - - [09/Jul/2021:00:58:16 -0400] "POST /xmlrpc.php HTTP/1.1" 403 6168 "https://suncoastoutdoor.net/xmlrpc.php" "python-requests/2.6.0 CPython/2.7.5 Linux/3.10.0-1160.11.1.el7.x86_64"
159.75.134.253 - - [09/Jul/2021:00:58:18 -0400] "POST /xmlrpc.php HTTP/1.1" 403 6168 "https://suncoastoutdoor.net/xmlrpc.php" "python-requests/2.6.0 CPython/2.7.5 Linux/3.10.0-1160.11.1.el7.x86_64"
159.75.134.253 - - [09/Jul/2021:00:58:20 -0400] "POST /xmlrpc.php HTTP/1.1" 403 6168 "https://suncoastoutdoor.net/xmlrpc.php" "python-requests/2.6.0 CPython/2.7.5 Linux/3.10.0-1160.11.1.el7.x86_64"
159.75.134.253 - - [09/Jul/2021:00:58:21 -0400] "POST /xmlrpc.php HTTP/1.1" 403 6168 "https://suncoastoutdoor.net/xmlrpc.php" "python-requests/2.6.0 CPython/2.7.5 Linux/3.10.0-1160.11.1.el7.x86_64"
159.75.134.253 - - [09/Jul/2021:00:58:23 -0400] "POST /xmlrpc.php HTTP/1.1" 403 6168 "https://suncoastoutdoor.net/xmlrpc.php" "python-requests/2.6.0 CPython/2.7.5 Linux/3.10.0-1160.11.1.el7.x86_64"
159.75.134.253 - - [09/Jul/2021:00:58:25 -0400] "POST /xmlrpc.php HTTP/1.1" 403 6168 "https://suncoastoutdoor.net/xmlrpc.php" "python-requests/2.6.0 CPython/2.7.5 Linux/3.10.0-1160.11.1.el7.x86_64"
159.75.134.253 - - [09/Jul/2021:00:58:28 -0400] "POST /xmlrpc.php HTTP/1.1" 403 6168 "https://suncoastoutdoor.net/xmlrpc.php" "python-requests/2.6.0 CPython/2.7.5 Linux/3.10.0-1160.11.1.el7.x86_64"
159.75.134.253 - - [09/Jul/2021:00:58:32 -0400] "POST /xmlrpc.php HTTP/1.1" 403 6168 "https://suncoastoutdoor.net/xmlrpc.php" "python-requests/2.6.0 CPython/2.7.5 Linux/3.10.0-1160.11.1.el7.x86_64"
159.75.134.253 - - [09/Jul/2021:00:58:35 -0400] "POST /xmlrpc.php HTTP/1.1" 403 6168 "https://suncoastoutdoor.net/xmlrpc.php" "python-requests/2.6.0 CPython/2.7.5 Linux/3.10.0-1160.11.1.el7.x86_64"
159.75.134.253 - - [09/Jul/2021:00:58:38 -0400] "POST /xmlrpc.php HTTP/1.1" 403 6168 "https://suncoastoutdoor.net/xmlrpc.php" "python-requests/2.6.0 CPython/2.7.5 Linux/3.10.0-1160.11.1.el7.x86_64"
159.75.134.253 - - [09/Jul/2021:00:58:40 -0400] "POST /xmlrpc.php HTTP/1.1" 403 6168 "https://suncoastoutdoor.net/xmlrpc.php" "python-requests/2.6.0 CPython/2.7.5 Linux/3.10.0-1160.11.1.el7.x86_64"
159.75.134.253 - - [09/Jul/2021:00:58:44 -0400] "POST /xmlrpc.php HTTP/1.1" 403 6168 "https://suncoastoutdoor.net/xmlrpc.php" "python-requests/2.6.0 CPython/2.7.5 Linux/3.10.0-1160.11.1.el7.x86_64"
159.75.134.253 - - [09/Jul/2021:00:58:56 -0400] "POST /xmlrpc.php HTTP/1.1" 403 6168 "https://suncoastoutdoor.net/xmlrpc.php" "python-requests/2.6.0 CPython/2.7.5 Linux/3.10.0-1160.11.1.el7.x86_64"
204.48.19.85 - - [09/Jul/2021:00:58:58 -0400] "POST /wp-cron.php?doing_wp_cron=1625806738.6510219573974609375000 HTTP/1.1" 200 6229 "https://suncoastoutdoor.net/wp-cron.php?doing_wp_cron=1625806738.6510219573974609375000" "WordPress/5.7.2; https://suncoastoutdoor.net"
159.75.134.253 - - [09/Jul/2021:00:58:58 -0400] "POST /xmlrpc.php HTTP/1.1" 403 6168 "https://suncoastoutdoor.net/xmlrpc.php" "python-requests/2.6.0 CPython/2.7.5 Linux/3.10.0-1160.11.1.el7.x86_64"
159.75.134.253 - - [09/Jul/2021:00:59:05 -0400] "POST /xmlrpc.php HTTP/1.1" 403 6168 "https://suncoastoutdoor.net/xmlrpc.php" "python-requests/2.6.0 CPython/2.7.5 Linux/3.10.0-1160.11.1.el7.x86_64"
204.48.19.85 - - [09/Jul/2021:01:21:44 -0400] "POST /wp-cron.php?doing_wp_cron=1625808104.3693718910217285156250 HTTP/1.1" 200 6229 "https://suncoastoutdoor.net/wp-cron.php?doing_wp_cron=1625808104.3693718910217285156250" "WordPress/5.7.2; https://suncoastoutdoor.net"
96.125.171.153 - - [09/Jul/2021:01:21:43 -0400] "POST /wp-login.php HTTP/1.1" 200 8859 "-" "Mozilla/5.0 (Windows NT 6.1; WOW64) AppleWebKit/537.36 (KHTML, like Gecko) Chrome/41.0.2272.101 Safari/537.36"
204.48.19.85 - - [09/Jul/2021:01:48:28 -0400] "POST /wp-cron.php?doing_wp_cron=1625809708.1094970703125000000000 HTTP/1.1" 200 6245 "https://suncoastoutdoor.net/wp-cron.php?doing_wp_cron=1625809708.1094970703125000000000" "WordPress/5.7.2; https://suncoastoutdoor.net"
144.217.12.17 - - [09/Jul/2021:01:48:27 -0400] "POST /wp-login.php HTTP/1.1" 200 8861 "-" "Mozilla/5.0 (Windows NT 10.0; WOW64) AppleWebKit/537.36 (KHTML, like Gecko) Chrome/46.0.2490.80 Safari/537.36"
204.48.19.85 - - [09/Jul/2021:01:51:08 -0400] "POST /wp-cron.php?doing_wp_cron=1625809868.5347039699554443359375 HTTP/1.1" 200 6261 "https://suncoastoutdoor.net/wp-cron.php?doing_wp_cron=1625809868.5347039699554443359375" "WordPress/5.7.2; https://suncoastoutdoor.net"
51.178.17.108 - - [09/Jul/2021:01:51:07 -0400] "POST /wp-login.php HTTP/1.1" 200 8859 "-" "Mozilla/5.0 (Windows NT 6.1; WOW64) AppleWebKit/537.36 (KHTML, like Gecko) Chrome/63.0.3239.132 Safari/537.36"
204.48.19.85 - - [09/Jul/2021:02:18:22 -0400] "POST /wp-cron.php?doing_wp_cron=1625811502.0928709506988525390625 HTTP/1.1" 200 6245 "https://suncoastoutdoor.net/wp-cron.php?doing_wp_cron=1625811502.0928709506988525390625" "WordPress/5.7.2; https://suncoastoutdoor.net"
188.166.56.218 - - [09/Jul/2021:02:18:21 -0400] "POST /wp-login.php HTTP/1.1" 200 8861 "-" "Mozilla/5.0 (Windows NT 10.0; Win64; x64) AppleWebKit/537.36 (KHTML, like Gecko) Chrome/64.0.3282.167 Safari/537.36"
204.48.19.85 - - [09/Jul/2021:02:20:55 -0400] "POST /wp-cron.php?doing_wp_cron=1625811655.2401220798492431640625 HTTP/1.1" 200 6245 "https://suncoastoutdoor.net/wp-cron.php?doing_wp_cron=1625811655.2401220798492431640625" "WordPress/5.7.2; https://suncoastoutdoor.net"
67.205.12.218 - - [09/Jul/2021:02:20:54 -0400] "POST /wp-login.php HTTP/1.1" 200 8859 "-" "Mozilla/5.0 (Windows NT 6.1) AppleWebKit/537.36 (KHTML, like Gecko) Chrome/80.0.3987.132 Safari/537.36"
204.48.19.85 - - [09/Jul/2021:02:47:08 -0400] "POST /wp-cron.php?doing_wp_cron=1625813228.3445410728454589843750 HTTP/1.1" 200 6245 "https://suncoastoutdoor.net/wp-cron.php?doing_wp_cron=1625813228.3445410728454589843750" "WordPress/5.7.2; https://suncoastoutdoor.net"
45.40.166.142 - - [09/Jul/2021:02:47:07 -0400] "POST /wp-login.php HTTP/1.1" 200 8861 "-" "Mozilla/5.0 (Windows NT 10.0; WOW64) AppleWebKit/537.36 (KHTML, like Gecko) Chrome/53.0.2785.143 Safari/537.36"
204.48.19.85 - - [09/Jul/2021:03:16:51 -0400] "POST /wp-cron.php?doing_wp_cron=1625815011.4601519107818603515625 HTTP/1.1" 200 6229 "https://suncoastoutdoor.net/wp-cron.php?doing_wp_cron=1625815011.4601519107818603515625" "WordPress/5.7.2; https://suncoastoutdoor.net"
91.134.248.192 - - [09/Jul/2021:03:16:50 -0400] "POST /wp-login.php HTTP/1.1" 200 8861 "-" "Mozilla/5.0 (Windows NT 6.1; WOW64) AppleWebKit/537.36 (KHTML, like Gecko) Chrome/63.0.3239.132 Safari/537.36"
204.48.19.85 - - [09/Jul/2021:03:19:28 -0400] "POST /wp-cron.php?doing_wp_cron=1625815168.0349240303039550781250 HTTP/1.1" 200 6245 "https://suncoastoutdoor.net/wp-cron.php?doing_wp_cron=1625815168.0349240303039550781250" "WordPress/5.7.2; https://suncoastoutdoor.net"
47.254.216.219 - - [09/Jul/2021:03:19:27 -0400] "POST /wp-login.php HTTP/1.1" 200 8859 "-" "Mozilla/5.0 (Windows NT 6.3; Win64; x64) AppleWebKit/537.36 (KHTML, like Gecko) Chrome/77.0.3865.90 Safari/537.36"
204.48.19.85 - - [09/Jul/2021:03:47:17 -0400] "POST /wp-cron.php?doing_wp_cron=1625816837.5125260353088378906250 HTTP/1.1" 200 6229 "https://suncoastoutdoor.net/wp-cron.php?doing_wp_cron=1625816837.5125260353088378906250" "WordPress/5.7.2; https://suncoastoutdoor.net"
192.185.130.172 - - [09/Jul/2021:03:47:16 -0400] "POST /wp-login.php HTTP/1.1" 200 8859 "-" "Mozilla/5.0 (Windows NT 6.1; Win64; x64) AppleWebKit/537.36 (KHTML, like Gecko) Chrome/60.0.3112.113 Safari/537.36"
45.129.18.249 - - [09/Jul/2021:03:52:34 -0400] "HEAD / HTTP/1.1" 301 244 "-" "Mozilla/5.0 (Macintosh; Intel Mac OS X 10_9_3) AppleWebKit/537.36 (KHTML, like Gecko) Chrome/35.0.1916.47 Safari/537.36"
204.48.19.85 - - [09/Jul/2021:03:52:35 -0400] "POST /wp-cron.php?doing_wp_cron=1625817155.6233139038085937500000 HTTP/1.1" 200 6229 "https://suncoastoutdoor.net/wp-cron.php?doing_wp_cron=1625817155.6233139038085937500000" "WordPress/5.7.2; https://suncoastoutdoor.net"
45.129.18.196 - - [09/Jul/2021:03:52:34 -0400] "HEAD / HTTP/1.1" 200 6024 "-" "Mozilla/5.0 (Macintosh; Intel Mac OS X 10_9_3) AppleWebKit/537.36 (KHTML, like Gecko) Chrome/35.0.1916.47 Safari/537.36"
204.48.19.85 - - [09/Jul/2021:04:01:09 -0400] "POST /wp-cron.php?doing_wp_cron=1625817669.7017168998718261718750 HTTP/1.1" 200 6245 "https://suncoastoutdoor.net/wp-cron.php?doing_wp_cron=1625817669.7017168998718261718750" "WordPress/5.7.2; https://suncoastoutdoor.net"
149.3.170.98 - - [09/Jul/2021:04:01:08 -0400] "POST /xmlrpc.php HTTP/1.1" 200 5786 "-" "Mozilla/5.0 (X11; Ubuntu; Linux x86_64; rv:62.0) Gecko/20100101 Firefox/62.0"
204.48.19.85 - - [09/Jul/2021:04:11:33 -0400] "POST /wp-cron.php?doing_wp_cron=1625818293.0930919647216796875000 HTTP/1.1" 200 6245 "https://suncoastoutdoor.net/wp-cron.php?doing_wp_cron=1625818293.0930919647216796875000" "WordPress/5.7.2; https://suncoastoutdoor.net"
78.46.189.250 - - [09/Jul/2021:04:11:32 -0400] "POST /wp-login.php HTTP/1.1" 200 8861 "-" "Mozilla/5.0 (Windows NT 6.1; WOW64) AppleWebKit/537.36 (KHTML, like Gecko) Chrome/32.0.1700.107 Safari/537.36"
204.48.19.85 - - [09/Jul/2021:04:14:12 -0400] "POST /wp-cron.php?doing_wp_cron=1625818452.9785780906677246093750 HTTP/1.1" 200 6245 "https://suncoastoutdoor.net/wp-cron.php?doing_wp_cron=1625818452.9785780906677246093750" "WordPress/5.7.2; https://suncoastoutdoor.net"
42.193.184.54 - - [09/Jul/2021:04:14:12 -0400] "POST /wp-login.php HTTP/1.1" 200 8859 "-" "Mozilla/5.0 (Windows NT 6.1; WOW64) AppleWebKit/537.36 (KHTML, like Gecko) Chrome/48.0.2564.109 Safari/537.36"
204.48.19.85 - - [09/Jul/2021:04:38:14 -0400] "POST /wp-cron.php?doing_wp_cron=1625819894.5800409317016601562500 HTTP/1.1" 200 6261 "https://suncoastoutdoor.net/wp-cron.php?doing_wp_cron=1625819894.5800409317016601562500" "WordPress/5.7.2; https://suncoastoutdoor.net"
185.235.41.80 - - [09/Jul/2021:04:38:13 -0400] "POST /wp-login.php HTTP/1.1" 200 8861 "-" "Mozilla/5.0 (Windows NT 6.1) AppleWebKit/537.36 (KHTML, like Gecko) Chrome/58.0.3029.110 Safari/537.36"
204.48.19.85 - - [09/Jul/2021:04:40:53 -0400] "POST /wp-cron.php?doing_wp_cron=1625820053.9480381011962890625000 HTTP/1.1" 200 6245 "https://suncoastoutdoor.net/wp-cron.php?doing_wp_cron=1625820053.9480381011962890625000" "WordPress/5.7.2; https://suncoastoutdoor.net"
207.180.203.19 - - [09/Jul/2021:04:40:53 -0400] "POST /wp-login.php HTTP/1.1" 200 8859 "-" "Mozilla/5.0 (Windows NT 6.1; Win64; x64) AppleWebKit/537.36 (KHTML, like Gecko) Chrome/80.0.3987.163 Safari/537.36"
5.255.174.141 - - [09/Jul/2021:04:56:04 -0400] "GET /xmlrpc.php HTTP/1.1" 301 550 "-" "Mozilla/5.0 (Windows NT 6.3; WOW64) AppleWebKit/537.36 (KHTML, like Gecko) Chrome/87.0.4280.141 Safari/537.36"
204.48.19.85 - - [09/Jul/2021:04:56:05 -0400] "POST /wp-cron.php?doing_wp_cron=1625820965.6049630641937255859375 HTTP/1.1" 200 6245 "https://suncoastoutdoor.net/wp-cron.php?doing_wp_cron=1625820965.6049630641937255859375" "WordPress/5.7.2; https://suncoastoutdoor.net"
5.255.174.141 - - [09/Jul/2021:04:56:05 -0400] "GET /xmlrpc.php HTTP/1.1" 405 5793 "-" "Mozilla/5.0 (Windows NT 6.3; WOW64) AppleWebKit/537.36 (KHTML, like Gecko) Chrome/87.0.4280.141 Safari/537.36"
5.255.174.141 - - [09/Jul/2021:04:56:07 -0400] "GET /?author=1 HTTP/1.1" 301 548 "-" "Mozilla/5.0 (Windows NT 6.3; WOW64) AppleWebKit/537.36 (KHTML, like Gecko) Chrome/87.0.4280.141 Safari/537.36"
5.255.174.141 - - [09/Jul/2021:04:56:07 -0400] "GET /?author=1 HTTP/1.1" 301 5825 "-" "Mozilla/5.0 (Windows NT 6.3; WOW64) AppleWebKit/537.36 (KHTML, like Gecko) Chrome/87.0.4280.141 Safari/537.36"
5.255.174.141 - - [09/Jul/2021:04:56:08 -0400] "GET /index.php/author/root/ HTTP/1.1" 200 46761 "-" "Mozilla/5.0 (Windows NT 6.3; WOW64) AppleWebKit/537.36 (KHTML, like Gecko) Chrome/87.0.4280.141 Safari/537.36"
5.255.174.141 - - [09/Jul/2021:04:56:10 -0400] "GET /?author=2 HTTP/1.1" 301 548 "-" "Mozilla/5.0 (Windows NT 6.3; WOW64) AppleWebKit/537.36 (KHTML, like Gecko) Chrome/87.0.4280.141 Safari/537.36"
5.255.174.141 - - [09/Jul/2021:04:56:11 -0400] "GET /?author=2 HTTP/1.1" 200 52341 "-" "Mozilla/5.0 (Windows NT 6.3; WOW64) AppleWebKit/537.36 (KHTML, like Gecko) Chrome/87.0.4280.141 Safari/537.36"
5.255.174.141 - - [09/Jul/2021:04:56:13 -0400] "GET /?author=3 HTTP/1.1" 301 548 "-" "Mozilla/5.0 (Windows NT 6.3; WOW64) AppleWebKit/537.36 (KHTML, like Gecko) Chrome/87.0.4280.141 Safari/537.36"
5.255.174.141 - - [09/Jul/2021:04:56:14 -0400] "GET /?author=3 HTTP/1.1" 404 52708 "-" "Mozilla/5.0 (Windows NT 6.3; WOW64) AppleWebKit/537.36 (KHTML, like Gecko) Chrome/87.0.4280.141 Safari/537.36"
5.255.174.141 - - [09/Jul/2021:04:56:17 -0400] "GET /?author=4 HTTP/1.1" 301 548 "-" "Mozilla/5.0 (Windows NT 6.3; WOW64) AppleWebKit/537.36 (KHTML, like Gecko) Chrome/87.0.4280.141 Safari/537.36"
5.255.174.141 - - [09/Jul/2021:04:56:17 -0400] "GET /?author=4 HTTP/1.1" 404 52740 "-" "Mozilla/5.0 (Windows NT 6.3; WOW64) AppleWebKit/537.36 (KHTML, like Gecko) Chrome/87.0.4280.141 Safari/537.36"
5.255.174.141 - - [09/Jul/2021:04:56:20 -0400] "GET /?author=5 HTTP/1.1" 301 548 "-" "Mozilla/5.0 (Windows NT 6.3; WOW64) AppleWebKit/537.36 (KHTML, like Gecko) Chrome/87.0.4280.141 Safari/537.36"
5.255.174.141 - - [09/Jul/2021:04:56:20 -0400] "GET /?author=5 HTTP/1.1" 404 52692 "-" "Mozilla/5.0 (Windows NT 6.3; WOW64) AppleWebKit/537.36 (KHTML, like Gecko) Chrome/87.0.4280.141 Safari/537.36"
204.48.19.85 - - [09/Jul/2021:05:05:19 -0400] "POST /wp-cron.php?doing_wp_cron=1625821519.8999440670013427734375 HTTP/1.1" 200 6245 "https://suncoastoutdoor.net/wp-cron.php?doing_wp_cron=1625821519.8999440670013427734375" "WordPress/5.7.2; https://suncoastoutdoor.net"
167.71.79.252 - - [09/Jul/2021:05:05:19 -0400] "POST /wp-login.php HTTP/1.1" 200 8861 "-" "Mozilla/5.0 (Windows NT 6.1) AppleWebKit/537.36 (KHTML, like Gecko) Chrome/63.0.3239.84 Safari/537.36"
204.48.19.85 - - [09/Jul/2021:05:08:00 -0400] "POST /wp-cron.php?doing_wp_cron=1625821680.8831660747528076171875 HTTP/1.1" 200 6245 "https://suncoastoutdoor.net/wp-cron.php?doing_wp_cron=1625821680.8831660747528076171875" "WordPress/5.7.2; https://suncoastoutdoor.net"
78.46.189.250 - - [09/Jul/2021:05:08:00 -0400] "POST /wp-login.php HTTP/1.1" 200 8859 "-" "Mozilla/5.0 (Windows NT 6.1; WOW64) AppleWebKit/537.36 (KHTML, like Gecko) Chrome/36.0.1985.125 Safari/537.36"
202.39.54.2 - - [09/Jul/2021:05:23:00 -0400] "GET / HTTP/1.1" 301 530 "-" "-"
204.48.19.85 - - [09/Jul/2021:05:31:54 -0400] "POST /wp-cron.php?doing_wp_cron=1625823114.2806890010833740234375 HTTP/1.1" 200 6245 "https://suncoastoutdoor.net/wp-cron.php?doing_wp_cron=1625823114.2806890010833740234375" "WordPress/5.7.2; https://suncoastoutdoor.net"
159.203.37.43 - - [09/Jul/2021:05:31:53 -0400] "POST /wp-login.php HTTP/1.1" 200 8861 "-" "Mozilla/5.0 (Windows NT 10.0; Win64; x64) AppleWebKit/537.36 (KHTML, like Gecko) Chrome/86.0.4240.193 Safari/537.36"
204.48.19.85 - - [09/Jul/2021:05:34:22 -0400] "POST /wp-cron.php?doing_wp_cron=1625823262.9715230464935302734375 HTTP/1.1" 200 6245 "https://suncoastoutdoor.net/wp-cron.php?doing_wp_cron=1625823262.9715230464935302734375" "WordPress/5.7.2; https://suncoastoutdoor.net"
91.134.248.192 - - [09/Jul/2021:05:34:22 -0400] "POST /wp-login.php HTTP/1.1" 200 8859 "-" "Mozilla/5.0 (Windows NT 6.0) AppleWebKit/537.36 (KHTML, like Gecko) Chrome/49.0.2623.112 Safari/537.36"
171.67.68.31 - - [09/Jul/2021:05:41:30 -0400] "HEAD / HTTP/1.1" 301 188 "-" "Mozilla/5.0 zgrab/0.x"
204.48.19.85 - - [09/Jul/2021:05:58:24 -0400] "POST /wp-cron.php?doing_wp_cron=1625824704.6789801120758056640625 HTTP/1.1" 200 6245 "https://suncoastoutdoor.net/wp-cron.php?doing_wp_cron=1625824704.6789801120758056640625" "WordPress/5.7.2; https://suncoastoutdoor.net"
193.19.240.121 - - [09/Jul/2021:05:58:24 -0400] "POST /wp-login.php HTTP/1.1" 200 8861 "-" "Mozilla/5.0 (Windows NT 10.0; Win64; x64) AppleWebKit/537.36 (KHTML, like Gecko) Chrome/73.0.3683.86 Safari/537.36"
204.48.19.85 - - [09/Jul/2021:06:01:02 -0400] "POST /wp-cron.php?doing_wp_cron=1625824862.1026859283447265625000 HTTP/1.1" 200 6229 "https://suncoastoutdoor.net/wp-cron.php?doing_wp_cron=1625824862.1026859283447265625000" "WordPress/5.7.2; https://suncoastoutdoor.net"
114.33.19.90 - - [09/Jul/2021:06:01:01 -0400] "POST /wp-login.php HTTP/1.1" 200 8859 "-" "Mozilla/5.0 (Windows NT 6.3; Win64; x64) AppleWebKit/537.36 (KHTML, like Gecko) Chrome/62.0.3202.94 Safari/537.36"
204.48.19.85 - - [09/Jul/2021:06:26:23 -0400] "POST /wp-cron.php?doing_wp_cron=1625826383.4777569770812988281250 HTTP/1.1" 200 6229 "https://suncoastoutdoor.net/wp-cron.php?doing_wp_cron=1625826383.4777569770812988281250" "WordPress/5.7.2; https://suncoastoutdoor.net"
176.31.247.193 - - [09/Jul/2021:06:26:22 -0400] "POST /wp-login.php HTTP/1.1" 200 8861 "-" "Mozilla/5.0 (Windows NT 6.1; WOW64) AppleWebKit/537.36 (KHTML, like Gecko) Chrome/36.0.1985.125 Safari/537.36"
204.48.19.85 - - [09/Jul/2021:06:28:56 -0400] "POST /wp-cron.php?doing_wp_cron=1625826536.6540510654449462890625 HTTP/1.1" 200 6229 "https://suncoastoutdoor.net/wp-cron.php?doing_wp_cron=1625826536.6540510654449462890625" "WordPress/5.7.2; https://suncoastoutdoor.net"
162.241.69.46 - - [09/Jul/2021:06:28:56 -0400] "POST /wp-login.php HTTP/1.1" 200 8859 "-" "Mozilla/5.0 (Windows NT 6.1; WOW64) AppleWebKit/537.36 (KHTML, like Gecko) Chrome/32.0.1700.107 Safari/537.36"
204.48.19.85 - - [09/Jul/2021:06:56:13 -0400] "POST /wp-cron.php?doing_wp_cron=1625828173.6525609493255615234375 HTTP/1.1" 200 6261 "https://suncoastoutdoor.net/wp-cron.php?doing_wp_cron=1625828173.6525609493255615234375" "WordPress/5.7.2; https://suncoastoutdoor.net"
173.236.184.125 - - [09/Jul/2021:06:56:13 -0400] "POST /wp-login.php HTTP/1.1" 200 8859 "-" "Mozilla/5.0 (Windows NT 10.0; Win64; x64) AppleWebKit/537.36 (KHTML, like Gecko) Chrome/70.0.3538.67 Safari/537.36"
204.48.19.85 - - [09/Jul/2021:07:22:30 -0400] "POST /wp-cron.php?doing_wp_cron=1625829750.5342578887939453125000 HTTP/1.1" 200 6261 "https://suncoastoutdoor.net/wp-cron.php?doing_wp_cron=1625829750.5342578887939453125000" "WordPress/5.7.2; https://suncoastoutdoor.net"
177.55.111.13 - - [09/Jul/2021:07:22:29 -0400] "POST /wp-login.php HTTP/1.1" 200 8861 "-" "Mozilla/5.0 (Windows NT 10.0; WOW64) AppleWebKit/537.36 (KHTML, like Gecko) Chrome/53.0.2785.143 Safari/537.36"
204.48.19.85 - - [09/Jul/2021:07:25:04 -0400] "POST /wp-cron.php?doing_wp_cron=1625829904.6558670997619628906250 HTTP/1.1" 200 6261 "https://suncoastoutdoor.net/wp-cron.php?doing_wp_cron=1625829904.6558670997619628906250" "WordPress/5.7.2; https://suncoastoutdoor.net"
51.77.238.34 - - [09/Jul/2021:07:25:04 -0400] "POST /wp-login.php HTTP/1.1" 200 8859 "-" "Mozilla/5.0 (Windows NT 6.1; Win64; x64) AppleWebKit/537.36 (KHTML, like Gecko) Chrome/79.0.3945.117 Safari/537.36"
204.48.19.85 - - [09/Jul/2021:07:50:08 -0400] "POST /wp-cron.php?doing_wp_cron=1625831408.3838438987731933593750 HTTP/1.1" 200 6229 "https://suncoastoutdoor.net/wp-cron.php?doing_wp_cron=1625831408.3838438987731933593750" "WordPress/5.7.2; https://suncoastoutdoor.net"
164.132.230.11 - - [09/Jul/2021:07:50:07 -0400] "POST /wp-login.php HTTP/1.1" 200 8861 "-" "Mozilla/5.0 (Windows NT 10.0; Win64; x64) AppleWebKit/537.36 (KHTML, like Gecko) Chrome/54.0.2840.99 Safari/537.36"
204.48.19.85 - - [09/Jul/2021:08:17:15 -0400] "POST /wp-cron.php?doing_wp_cron=1625833035.3585278987884521484375 HTTP/1.1" 200 6229 "https://suncoastoutdoor.net/wp-cron.php?doing_wp_cron=1625833035.3585278987884521484375" "WordPress/5.7.2; https://suncoastoutdoor.net"
173.236.224.150 - - [09/Jul/2021:08:17:14 -0400] "POST /wp-login.php HTTP/1.1" 200 8861 "-" "Mozilla/5.0 (Windows NT 6.1) AppleWebKit/537.36 (KHTML, like Gecko) Chrome/62.0.3202.94 Safari/537.36"
20.62.91.188 - - [09/Jul/2021:08:18:10 -0400] "GET / HTTP/1.1" 301 586 "-" "Mozilla/5.0 (Windows NT 10.0; Win64; x64) AppleWebKit/537.36 (KHTML, like Gecko) Chrome/88.0.4240.193 Safari/537.36"
20.62.91.188 - - [09/Jul/2021:08:18:10 -0400] "GET / HTTP/1.1" 200 129877 "-" "Mozilla/5.0 (Windows NT 10.0; Win64; x64) AppleWebKit/537.36 (KHTML, like Gecko) Chrome/88.0.4240.193 Safari/537.36"
204.48.19.85 - - [09/Jul/2021:08:18:11 -0400] "POST /wp-cron.php?doing_wp_cron=1625833090.7073240280151367187500 HTTP/1.1" 200 6229 "https://suncoastoutdoor.net/wp-cron.php?doing_wp_cron=1625833090.7073240280151367187500" "WordPress/5.7.2; https://suncoastoutdoor.net"
20.62.91.188 - - [09/Jul/2021:08:18:17 -0400] "GET //wp-includes/wlwmanifest.xml HTTP/1.1" 200 6951 "-" "Mozilla/5.0 (Windows NT 10.0; Win64; x64) AppleWebKit/537.36 (KHTML, like Gecko) Chrome/88.0.4240.193 Safari/537.36"
20.62.91.188 - - [09/Jul/2021:08:18:17 -0400] "GET //?author=1 HTTP/1.1" 301 334 "-" "Mozilla/5.0 (Windows NT 10.0; Win64; x64) AppleWebKit/537.36 (KHTML, like Gecko) Chrome/88.0.4240.193 Safari/537.36"
20.62.91.188 - - [09/Jul/2021:08:18:20 -0400] "GET //?author=2 HTTP/1.1" 301 321 "-" "Mozilla/5.0 (Windows NT 10.0; Win64; x64) AppleWebKit/537.36 (KHTML, like Gecko) Chrome/88.0.4240.193 Safari/537.36"
20.62.91.188 - - [09/Jul/2021:08:18:21 -0400] "GET //?author=3 HTTP/1.1" 301 414 "-" "Mozilla/5.0 (Windows NT 10.0; Win64; x64) AppleWebKit/537.36 (KHTML, like Gecko) Chrome/88.0.4240.193 Safari/537.36"
20.62.91.188 - - [09/Jul/2021:08:18:22 -0400] "GET //wp-json/wp/v2/users/ HTTP/1.1" 404 527 "-" "Mozilla/5.0 (Windows NT 10.0; Win64; x64) AppleWebKit/537.36 (KHTML, like Gecko) Chrome/88.0.4240.193 Safari/537.36"
20.62.91.188 - - [09/Jul/2021:08:18:22 -0400] "POST //xmlrpc.php HTTP/1.1" 200 620 "-" "Mozilla/5.0 (Windows NT 10.0; Win64; x64) AppleWebKit/537.36 (KHTML, like Gecko) Chrome/88.0.4240.193 Safari/537.36"
20.62.91.188 - - [09/Jul/2021:08:18:24 -0400] "POST //xmlrpc.php HTTP/1.1" 200 6182 "-" "Mozilla/5.0 (Windows NT 10.0; Win64; x64) AppleWebKit/537.36 (KHTML, like Gecko) Chrome/88.0.4240.193 Safari/537.36"
20.62.91.188 - - [09/Jul/2021:08:18:26 -0400] "POST //xmlrpc.php HTTP/1.1" 200 6184 "-" "Mozilla/5.0 (Windows NT 10.0; Win64; x64) AppleWebKit/537.36 (KHTML, like Gecko) Chrome/88.0.4240.193 Safari/537.36"
20.62.91.188 - - [09/Jul/2021:08:18:28 -0400] "POST //xmlrpc.php HTTP/1.1" 200 6182 "-" "Mozilla/5.0 (Windows NT 10.0; Win64; x64) AppleWebKit/537.36 (KHTML, like Gecko) Chrome/88.0.4240.193 Safari/537.36"
20.62.91.188 - - [09/Jul/2021:08:18:30 -0400] "POST //xmlrpc.php HTTP/1.1" 200 6182 "-" "Mozilla/5.0 (Windows NT 10.0; Win64; x64) AppleWebKit/537.36 (KHTML, like Gecko) Chrome/88.0.4240.193 Safari/537.36"
20.62.91.188 - - [09/Jul/2021:08:18:31 -0400] "POST //xmlrpc.php HTTP/1.1" 200 6182 "-" "Mozilla/5.0 (Windows NT 10.0; Win64; x64) AppleWebKit/537.36 (KHTML, like Gecko) Chrome/88.0.4240.193 Safari/537.36"
20.62.91.188 - - [09/Jul/2021:08:18:32 -0400] "POST //xmlrpc.php HTTP/1.1" 200 6182 "-" "Mozilla/5.0 (Windows NT 10.0; Win64; x64) AppleWebKit/537.36 (KHTML, like Gecko) Chrome/88.0.4240.193 Safari/537.36"
20.62.91.188 - - [09/Jul/2021:08:18:34 -0400] "POST //xmlrpc.php HTTP/1.1" 200 6182 "-" "Mozilla/5.0 (Windows NT 10.0; Win64; x64) AppleWebKit/537.36 (KHTML, like Gecko) Chrome/88.0.4240.193 Safari/537.36"
20.62.91.188 - - [09/Jul/2021:08:18:35 -0400] "POST //xmlrpc.php HTTP/1.1" 200 6182 "-" "Mozilla/5.0 (Windows NT 10.0; Win64; x64) AppleWebKit/537.36 (KHTML, like Gecko) Chrome/88.0.4240.193 Safari/537.36"
20.62.91.188 - - [09/Jul/2021:08:18:37 -0400] "POST //xmlrpc.php HTTP/1.1" 200 6182 "-" "Mozilla/5.0 (Windows NT 10.0; Win64; x64) AppleWebKit/537.36 (KHTML, like Gecko) Chrome/88.0.4240.193 Safari/537.36"
20.62.91.188 - - [09/Jul/2021:08:18:38 -0400] "POST //xmlrpc.php HTTP/1.1" 200 6182 "-" "Mozilla/5.0 (Windows NT 10.0; Win64; x64) AppleWebKit/537.36 (KHTML, like Gecko) Chrome/88.0.4240.193 Safari/537.36"
20.62.91.188 - - [09/Jul/2021:08:18:39 -0400] "POST //xmlrpc.php HTTP/1.1" 200 6182 "-" "Mozilla/5.0 (Windows NT 10.0; Win64; x64) AppleWebKit/537.36 (KHTML, like Gecko) Chrome/88.0.4240.193 Safari/537.36"
20.62.91.188 - - [09/Jul/2021:08:18:41 -0400] "POST //xmlrpc.php HTTP/1.1" 200 6182 "-" "Mozilla/5.0 (Windows NT 10.0; Win64; x64) AppleWebKit/537.36 (KHTML, like Gecko) Chrome/88.0.4240.193 Safari/537.36"
20.62.91.188 - - [09/Jul/2021:08:18:42 -0400] "POST //xmlrpc.php HTTP/1.1" 200 6182 "-" "Mozilla/5.0 (Windows NT 10.0; Win64; x64) AppleWebKit/537.36 (KHTML, like Gecko) Chrome/88.0.4240.193 Safari/537.36"
20.62.91.188 - - [09/Jul/2021:08:18:44 -0400] "POST //xmlrpc.php HTTP/1.1" 200 6182 "-" "Mozilla/5.0 (Windows NT 10.0; Win64; x64) AppleWebKit/537.36 (KHTML, like Gecko) Chrome/88.0.4240.193 Safari/537.36"
20.62.91.188 - - [09/Jul/2021:08:18:45 -0400] "POST //xmlrpc.php HTTP/1.1" 200 6182 "-" "Mozilla/5.0 (Windows NT 10.0; Win64; x64) AppleWebKit/537.36 (KHTML, like Gecko) Chrome/88.0.4240.193 Safari/537.36"
20.62.91.188 - - [09/Jul/2021:08:18:47 -0400] "POST //xmlrpc.php HTTP/1.1" 200 6182 "-" "Mozilla/5.0 (Windows NT 10.0; Win64; x64) AppleWebKit/537.36 (KHTML, like Gecko) Chrome/88.0.4240.193 Safari/537.36"
20.62.91.188 - - [09/Jul/2021:08:18:48 -0400] "POST //xmlrpc.php HTTP/1.1" 200 6182 "-" "Mozilla/5.0 (Windows NT 10.0; Win64; x64) AppleWebKit/537.36 (KHTML, like Gecko) Chrome/88.0.4240.193 Safari/537.36"
20.62.91.188 - - [09/Jul/2021:08:18:50 -0400] "POST //xmlrpc.php HTTP/1.1" 200 6182 "-" "Mozilla/5.0 (Windows NT 10.0; Win64; x64) AppleWebKit/537.36 (KHTML, like Gecko) Chrome/88.0.4240.193 Safari/537.36"
20.62.91.188 - - [09/Jul/2021:08:18:51 -0400] "POST //xmlrpc.php HTTP/1.1" 200 6182 "-" "Mozilla/5.0 (Windows NT 10.0; Win64; x64) AppleWebKit/537.36 (KHTML, like Gecko) Chrome/88.0.4240.193 Safari/537.36"
20.62.91.188 - - [09/Jul/2021:08:18:53 -0400] "POST //xmlrpc.php HTTP/1.1" 200 6182 "-" "Mozilla/5.0 (Windows NT 10.0; Win64; x64) AppleWebKit/537.36 (KHTML, like Gecko) Chrome/88.0.4240.193 Safari/537.36"
20.62.91.188 - - [09/Jul/2021:08:18:54 -0400] "POST //xmlrpc.php HTTP/1.1" 200 6182 "-" "Mozilla/5.0 (Windows NT 10.0; Win64; x64) AppleWebKit/537.36 (KHTML, like Gecko) Chrome/88.0.4240.193 Safari/537.36"
20.62.91.188 - - [09/Jul/2021:08:18:56 -0400] "POST //xmlrpc.php HTTP/1.1" 200 6182 "-" "Mozilla/5.0 (Windows NT 10.0; Win64; x64) AppleWebKit/537.36 (KHTML, like Gecko) Chrome/88.0.4240.193 Safari/537.36"
204.48.19.85 - - [09/Jul/2021:08:18:57 -0400] "POST /wp-cron.php?doing_wp_cron=1625833137.5353899002075195312500 HTTP/1.1" 200 6261 "https://suncoastoutdoor.net/wp-cron.php?doing_wp_cron=1625833137.5353899002075195312500" "WordPress/5.7.2; https://suncoastoutdoor.net"
20.62.91.188 - - [09/Jul/2021:08:18:59 -0400] "POST //xmlrpc.php HTTP/1.1" 200 6182 "-" "Mozilla/5.0 (Windows NT 10.0; Win64; x64) AppleWebKit/537.36 (KHTML, like Gecko) Chrome/88.0.4240.193 Safari/537.36"
20.62.91.188 - - [09/Jul/2021:08:19:00 -0400] "POST //xmlrpc.php HTTP/1.1" 200 6182 "-" "Mozilla/5.0 (Windows NT 10.0; Win64; x64) AppleWebKit/537.36 (KHTML, like Gecko) Chrome/88.0.4240.193 Safari/537.36"
20.62.91.188 - - [09/Jul/2021:08:19:02 -0400] "POST //xmlrpc.php HTTP/1.1" 200 6182 "-" "Mozilla/5.0 (Windows NT 10.0; Win64; x64) AppleWebKit/537.36 (KHTML, like Gecko) Chrome/88.0.4240.193 Safari/537.36"
20.62.91.188 - - [09/Jul/2021:08:19:03 -0400] "POST //xmlrpc.php HTTP/1.1" 200 6182 "-" "Mozilla/5.0 (Windows NT 10.0; Win64; x64) AppleWebKit/537.36 (KHTML, like Gecko) Chrome/88.0.4240.193 Safari/537.36"
20.62.91.188 - - [09/Jul/2021:08:19:05 -0400] "POST //xmlrpc.php HTTP/1.1" 200 6182 "-" "Mozilla/5.0 (Windows NT 10.0; Win64; x64) AppleWebKit/537.36 (KHTML, like Gecko) Chrome/88.0.4240.193 Safari/537.36"
20.62.91.188 - - [09/Jul/2021:08:19:07 -0400] "POST //xmlrpc.php HTTP/1.1" 200 6182 "-" "Mozilla/5.0 (Windows NT 10.0; Win64; x64) AppleWebKit/537.36 (KHTML, like Gecko) Chrome/88.0.4240.193 Safari/537.36"
20.62.91.188 - - [09/Jul/2021:08:19:08 -0400] "POST //xmlrpc.php HTTP/1.1" 200 6182 "-" "Mozilla/5.0 (Windows NT 10.0; Win64; x64) AppleWebKit/537.36 (KHTML, like Gecko) Chrome/88.0.4240.193 Safari/537.36"
20.62.91.188 - - [09/Jul/2021:08:19:10 -0400] "POST //xmlrpc.php HTTP/1.1" 200 6182 "-" "Mozilla/5.0 (Windows NT 10.0; Win64; x64) AppleWebKit/537.36 (KHTML, like Gecko) Chrome/88.0.4240.193 Safari/537.36"
20.62.91.188 - - [09/Jul/2021:08:19:12 -0400] "POST //xmlrpc.php HTTP/1.1" 200 6182 "-" "Mozilla/5.0 (Windows NT 10.0; Win64; x64) AppleWebKit/537.36 (KHTML, like Gecko) Chrome/88.0.4240.193 Safari/537.36"
20.62.91.188 - - [09/Jul/2021:08:19:13 -0400] "POST //xmlrpc.php HTTP/1.1" 200 6182 "-" "Mozilla/5.0 (Windows NT 10.0; Win64; x64) AppleWebKit/537.36 (KHTML, like Gecko) Chrome/88.0.4240.193 Safari/537.36"
20.62.91.188 - - [09/Jul/2021:08:19:15 -0400] "POST //xmlrpc.php HTTP/1.1" 200 6182 "-" "Mozilla/5.0 (Windows NT 10.0; Win64; x64) AppleWebKit/537.36 (KHTML, like Gecko) Chrome/88.0.4240.193 Safari/537.36"
20.62.91.188 - - [09/Jul/2021:08:19:17 -0400] "POST //xmlrpc.php HTTP/1.1" 200 6182 "-" "Mozilla/5.0 (Windows NT 10.0; Win64; x64) AppleWebKit/537.36 (KHTML, like Gecko) Chrome/88.0.4240.193 Safari/537.36"
20.62.91.188 - - [09/Jul/2021:08:19:18 -0400] "POST //xmlrpc.php HTTP/1.1" 200 6182 "-" "Mozilla/5.0 (Windows NT 10.0; Win64; x64) AppleWebKit/537.36 (KHTML, like Gecko) Chrome/88.0.4240.193 Safari/537.36"
20.62.91.188 - - [09/Jul/2021:08:19:19 -0400] "POST //xmlrpc.php HTTP/1.1" 200 6182 "-" "Mozilla/5.0 (Windows NT 10.0; Win64; x64) AppleWebKit/537.36 (KHTML, like Gecko) Chrome/88.0.4240.193 Safari/537.36"
20.62.91.188 - - [09/Jul/2021:08:19:21 -0400] "POST //xmlrpc.php HTTP/1.1" 200 6182 "-" "Mozilla/5.0 (Windows NT 10.0; Win64; x64) AppleWebKit/537.36 (KHTML, like Gecko) Chrome/88.0.4240.193 Safari/537.36"
20.62.91.188 - - [09/Jul/2021:08:19:23 -0400] "POST //xmlrpc.php HTTP/1.1" 200 6182 "-" "Mozilla/5.0 (Windows NT 10.0; Win64; x64) AppleWebKit/537.36 (KHTML, like Gecko) Chrome/88.0.4240.193 Safari/537.36"
20.62.91.188 - - [09/Jul/2021:08:19:25 -0400] "POST //xmlrpc.php HTTP/1.1" 200 6182 "-" "Mozilla/5.0 (Windows NT 10.0; Win64; x64) AppleWebKit/537.36 (KHTML, like Gecko) Chrome/88.0.4240.193 Safari/537.36"
20.62.91.188 - - [09/Jul/2021:08:19:26 -0400] "POST //xmlrpc.php HTTP/1.1" 200 6182 "-" "Mozilla/5.0 (Windows NT 10.0; Win64; x64) AppleWebKit/537.36 (KHTML, like Gecko) Chrome/88.0.4240.193 Safari/537.36"
20.62.91.188 - - [09/Jul/2021:08:19:28 -0400] "POST //xmlrpc.php HTTP/1.1" 200 6182 "-" "Mozilla/5.0 (Windows NT 10.0; Win64; x64) AppleWebKit/537.36 (KHTML, like Gecko) Chrome/88.0.4240.193 Safari/537.36"
20.62.91.188 - - [09/Jul/2021:08:19:30 -0400] "POST //xmlrpc.php HTTP/1.1" 200 6182 "-" "Mozilla/5.0 (Windows NT 10.0; Win64; x64) AppleWebKit/537.36 (KHTML, like Gecko) Chrome/88.0.4240.193 Safari/537.36"
20.62.91.188 - - [09/Jul/2021:08:19:32 -0400] "POST //xmlrpc.php HTTP/1.1" 200 6182 "-" "Mozilla/5.0 (Windows NT 10.0; Win64; x64) AppleWebKit/537.36 (KHTML, like Gecko) Chrome/88.0.4240.193 Safari/537.36"
20.62.91.188 - - [09/Jul/2021:08:19:34 -0400] "POST //xmlrpc.php HTTP/1.1" 200 6182 "-" "Mozilla/5.0 (Windows NT 10.0; Win64; x64) AppleWebKit/537.36 (KHTML, like Gecko) Chrome/88.0.4240.193 Safari/537.36"
20.62.91.188 - - [09/Jul/2021:08:19:36 -0400] "POST //xmlrpc.php HTTP/1.1" 200 6182 "-" "Mozilla/5.0 (Windows NT 10.0; Win64; x64) AppleWebKit/537.36 (KHTML, like Gecko) Chrome/88.0.4240.193 Safari/537.36"
20.62.91.188 - - [09/Jul/2021:08:19:37 -0400] "POST //xmlrpc.php HTTP/1.1" 200 6182 "-" "Mozilla/5.0 (Windows NT 10.0; Win64; x64) AppleWebKit/537.36 (KHTML, like Gecko) Chrome/88.0.4240.193 Safari/537.36"
20.62.91.188 - - [09/Jul/2021:08:19:38 -0400] "POST //xmlrpc.php HTTP/1.1" 200 6182 "-" "Mozilla/5.0 (Windows NT 10.0; Win64; x64) AppleWebKit/537.36 (KHTML, like Gecko) Chrome/88.0.4240.193 Safari/537.36"
20.62.91.188 - - [09/Jul/2021:08:19:40 -0400] "POST //xmlrpc.php HTTP/1.1" 200 6182 "-" "Mozilla/5.0 (Windows NT 10.0; Win64; x64) AppleWebKit/537.36 (KHTML, like Gecko) Chrome/88.0.4240.193 Safari/537.36"
20.62.91.188 - - [09/Jul/2021:08:19:42 -0400] "POST //xmlrpc.php HTTP/1.1" 200 6182 "-" "Mozilla/5.0 (Windows NT 10.0; Win64; x64) AppleWebKit/537.36 (KHTML, like Gecko) Chrome/88.0.4240.193 Safari/537.36"
95.216.246.185 - - [09/Jul/2021:08:19:42 -0400] "POST /wp-login.php HTTP/1.1" 200 8859 "-" "Mozilla/5.0 (Windows NT 10.0; Win64; x64) AppleWebKit/537.36 (KHTML, like Gecko) Chrome/54.0.2840.99 Safari/537.36"
20.62.91.188 - - [09/Jul/2021:08:19:45 -0400] "POST //xmlrpc.php HTTP/1.1" 200 6182 "-" "Mozilla/5.0 (Windows NT 10.0; Win64; x64) AppleWebKit/537.36 (KHTML, like Gecko) Chrome/88.0.4240.193 Safari/537.36"
20.62.91.188 - - [09/Jul/2021:08:19:46 -0400] "POST //xmlrpc.php HTTP/1.1" 200 6182 "-" "Mozilla/5.0 (Windows NT 10.0; Win64; x64) AppleWebKit/537.36 (KHTML, like Gecko) Chrome/88.0.4240.193 Safari/537.36"
20.62.91.188 - - [09/Jul/2021:08:19:48 -0400] "POST //xmlrpc.php HTTP/1.1" 200 6182 "-" "Mozilla/5.0 (Windows NT 10.0; Win64; x64) AppleWebKit/537.36 (KHTML, like Gecko) Chrome/88.0.4240.193 Safari/537.36"
20.62.91.188 - - [09/Jul/2021:08:19:50 -0400] "POST //xmlrpc.php HTTP/1.1" 200 6182 "-" "Mozilla/5.0 (Windows NT 10.0; Win64; x64) AppleWebKit/537.36 (KHTML, like Gecko) Chrome/88.0.4240.193 Safari/537.36"
20.62.91.188 - - [09/Jul/2021:08:19:51 -0400] "POST //xmlrpc.php HTTP/1.1" 200 6182 "-" "Mozilla/5.0 (Windows NT 10.0; Win64; x64) AppleWebKit/537.36 (KHTML, like Gecko) Chrome/88.0.4240.193 Safari/537.36"
20.62.91.188 - - [09/Jul/2021:08:19:53 -0400] "POST //xmlrpc.php HTTP/1.1" 200 6182 "-" "Mozilla/5.0 (Windows NT 10.0; Win64; x64) AppleWebKit/537.36 (KHTML, like Gecko) Chrome/88.0.4240.193 Safari/537.36"
20.62.91.188 - - [09/Jul/2021:08:19:55 -0400] "POST //xmlrpc.php HTTP/1.1" 200 6182 "-" "Mozilla/5.0 (Windows NT 10.0; Win64; x64) AppleWebKit/537.36 (KHTML, like Gecko) Chrome/88.0.4240.193 Safari/537.36"
20.62.91.188 - - [09/Jul/2021:08:19:57 -0400] "POST //xmlrpc.php HTTP/1.1" 200 6182 "-" "Mozilla/5.0 (Windows NT 10.0; Win64; x64) AppleWebKit/537.36 (KHTML, like Gecko) Chrome/88.0.4240.193 Safari/537.36"
204.48.19.85 - - [09/Jul/2021:08:19:58 -0400] "POST /wp-cron.php?doing_wp_cron=1625833198.5833449363708496093750 HTTP/1.1" 200 6245 "https://suncoastoutdoor.net/wp-cron.php?doing_wp_cron=1625833198.5833449363708496093750" "WordPress/5.7.2; https://suncoastoutdoor.net"
20.62.91.188 - - [09/Jul/2021:08:19:59 -0400] "POST //xmlrpc.php HTTP/1.1" 200 6182 "-" "Mozilla/5.0 (Windows NT 10.0; Win64; x64) AppleWebKit/537.36 (KHTML, like Gecko) Chrome/88.0.4240.193 Safari/537.36"
20.62.91.188 - - [09/Jul/2021:08:20:02 -0400] "POST //xmlrpc.php HTTP/1.1" 200 6182 "-" "Mozilla/5.0 (Windows NT 10.0; Win64; x64) AppleWebKit/537.36 (KHTML, like Gecko) Chrome/88.0.4240.193 Safari/537.36"
20.62.91.188 - - [09/Jul/2021:08:20:05 -0400] "POST //xmlrpc.php HTTP/1.1" 200 6182 "-" "Mozilla/5.0 (Windows NT 10.0; Win64; x64) AppleWebKit/537.36 (KHTML, like Gecko) Chrome/88.0.4240.193 Safari/537.36"
20.62.91.188 - - [09/Jul/2021:08:20:08 -0400] "POST //xmlrpc.php HTTP/1.1" 200 6182 "-" "Mozilla/5.0 (Windows NT 10.0; Win64; x64) AppleWebKit/537.36 (KHTML, like Gecko) Chrome/88.0.4240.193 Safari/537.36"
20.62.91.188 - - [09/Jul/2021:08:20:10 -0400] "POST //xmlrpc.php HTTP/1.1" 200 6182 "-" "Mozilla/5.0 (Windows NT 10.0; Win64; x64) AppleWebKit/537.36 (KHTML, like Gecko) Chrome/88.0.4240.193 Safari/537.36"
20.62.91.188 - - [09/Jul/2021:08:20:12 -0400] "POST //xmlrpc.php HTTP/1.1" 200 6182 "-" "Mozilla/5.0 (Windows NT 10.0; Win64; x64) AppleWebKit/537.36 (KHTML, like Gecko) Chrome/88.0.4240.193 Safari/537.36"
20.62.91.188 - - [09/Jul/2021:08:20:15 -0400] "POST //xmlrpc.php HTTP/1.1" 200 6182 "-" "Mozilla/5.0 (Windows NT 10.0; Win64; x64) AppleWebKit/537.36 (KHTML, like Gecko) Chrome/88.0.4240.193 Safari/537.36"
20.62.91.188 - - [09/Jul/2021:08:20:17 -0400] "POST //xmlrpc.php HTTP/1.1" 200 6182 "-" "Mozilla/5.0 (Windows NT 10.0; Win64; x64) AppleWebKit/537.36 (KHTML, like Gecko) Chrome/88.0.4240.193 Safari/537.36"
20.62.91.188 - - [09/Jul/2021:08:20:20 -0400] "POST //xmlrpc.php HTTP/1.1" 200 6182 "-" "Mozilla/5.0 (Windows NT 10.0; Win64; x64) AppleWebKit/537.36 (KHTML, like Gecko) Chrome/88.0.4240.193 Safari/537.36"
20.62.91.188 - - [09/Jul/2021:08:20:21 -0400] "POST //xmlrpc.php HTTP/1.1" 200 6182 "-" "Mozilla/5.0 (Windows NT 10.0; Win64; x64) AppleWebKit/537.36 (KHTML, like Gecko) Chrome/88.0.4240.193 Safari/537.36"
20.62.91.188 - - [09/Jul/2021:08:20:23 -0400] "POST //xmlrpc.php HTTP/1.1" 200 6182 "-" "Mozilla/5.0 (Windows NT 10.0; Win64; x64) AppleWebKit/537.36 (KHTML, like Gecko) Chrome/88.0.4240.193 Safari/537.36"
20.62.91.188 - - [09/Jul/2021:08:20:26 -0400] "POST //xmlrpc.php HTTP/1.1" 200 6182 "-" "Mozilla/5.0 (Windows NT 10.0; Win64; x64) AppleWebKit/537.36 (KHTML, like Gecko) Chrome/88.0.4240.193 Safari/537.36"
20.62.91.188 - - [09/Jul/2021:08:20:28 -0400] "POST //xmlrpc.php HTTP/1.1" 200 6182 "-" "Mozilla/5.0 (Windows NT 10.0; Win64; x64) AppleWebKit/537.36 (KHTML, like Gecko) Chrome/88.0.4240.193 Safari/537.36"
20.62.91.188 - - [09/Jul/2021:08:20:30 -0400] "POST //xmlrpc.php HTTP/1.1" 200 6182 "-" "Mozilla/5.0 (Windows NT 10.0; Win64; x64) AppleWebKit/537.36 (KHTML, like Gecko) Chrome/88.0.4240.193 Safari/537.36"
20.62.91.188 - - [09/Jul/2021:08:20:32 -0400] "POST //xmlrpc.php HTTP/1.1" 200 6182 "-" "Mozilla/5.0 (Windows NT 10.0; Win64; x64) AppleWebKit/537.36 (KHTML, like Gecko) Chrome/88.0.4240.193 Safari/537.36"
