5.253.61.250 - - [07/Jul/2021:09:41:59 -0400] "POST /wp-login.php HTTP/1.1" 200 8858 "-" "Mozilla/5.0 (Windows NT 10.0; Win64; x64) AppleWebKit/537.36 (KHTML, like Gecko) Chrome/70.0.3538.67 Safari/537.36"
204.48.19.85 - - [07/Jul/2021:09:45:16 -0400] "POST /wp-cron.php?doing_wp_cron=1625665516.0836551189422607421875 HTTP/1.1" 200 6261 "https://suncoastoutdoor.net/wp-cron.php?doing_wp_cron=1625665516.0836551189422607421875" "WordPress/5.7.2; https://suncoastoutdoor.net"
212.102.33.150 - - [07/Jul/2021:09:45:15 -0400] "GET /index.php/contact/ HTTP/1.1" 200 19480 "-" "Mozilla/5.0 (Macintosh; Intel Mac OS X 10_13_4) AppleWebKit/537.36 (KHTML, like Gecko) Chrome/61.0.3163.79 Safari/537.36"
212.102.33.150 - - [07/Jul/2021:09:45:16 -0400] "POST /contact-forms/2732/feedback HTTP/1.1" 404 6090 "https://suncoastoutdoor.net/index.php/contact/" "Mozilla/5.0 (Macintosh; Intel Mac OS X 10_13_4) AppleWebKit/537.36 (KHTML, like Gecko) Chrome/61.0.3163.79 Safari/537.36"
151.80.61.53 - - [07/Jul/2021:10:07:46 -0400] "POST /wp-login.php HTTP/1.1" 200 8860 "-" "Mozilla/5.0 (Windows NT 10.0; Win64; x64) AppleWebKit/537.36 (KHTML, like Gecko) Chrome/70.0.3538.67 Safari/537.36"
204.48.19.85 - - [07/Jul/2021:10:07:52 -0400] "POST /wp-cron.php?doing_wp_cron=1625666871.9521698951721191406250 HTTP/1.1" 200 6245 "https://suncoastoutdoor.net/wp-cron.php?doing_wp_cron=1625666871.9521698951721191406250" "WordPress/5.7.2; https://suncoastoutdoor.net"
58.177.156.100 - - [07/Jul/2021:10:11:58 -0400] "POST /wp-login.php HTTP/1.1" 200 8858 "-" "Mozilla/5.0 (Windows NT 6.1; Win64; x64) AppleWebKit/537.36 (KHTML, like Gecko) Chrome/78.0.3904.97 Safari/537.36"
204.48.19.85 - - [07/Jul/2021:10:12:10 -0400] "POST /wp-cron.php?doing_wp_cron=1625667130.0082249641418457031250 HTTP/1.1" 200 6245 "https://suncoastoutdoor.net/wp-cron.php?doing_wp_cron=1625667130.0082249641418457031250" "WordPress/5.7.2; https://suncoastoutdoor.net"
150.95.83.201 - - [07/Jul/2021:10:21:28 -0400] "POST /wp-login.php HTTP/1.1" 200 8860 "-" "Mozilla/5.0 (Windows NT 6.3; Win64; x64) AppleWebKit/537.36 (KHTML, like Gecko) Chrome/68.0.3440.106 Safari/537.36"
204.48.19.85 - - [07/Jul/2021:10:21:30 -0400] "POST /wp-cron.php?doing_wp_cron=1625667690.7080829143524169921875 HTTP/1.1" 200 6245 "https://suncoastoutdoor.net/wp-cron.php?doing_wp_cron=1625667690.7080829143524169921875" "WordPress/5.7.2; https://suncoastoutdoor.net"
204.48.19.85 - - [07/Jul/2021:10:25:56 -0400] "POST /wp-cron.php?doing_wp_cron=1625667956.8087079524993896484375 HTTP/1.1" 200 6245 "https://suncoastoutdoor.net/wp-cron.php?doing_wp_cron=1625667956.8087079524993896484375" "WordPress/5.7.2; https://suncoastoutdoor.net"
159.203.115.159 - - [07/Jul/2021:10:25:56 -0400] "POST /wp-login.php HTTP/1.1" 200 8858 "-" "Mozilla/5.0 (Windows NT 6.1; Win64; x64) AppleWebKit/537.36 (KHTML, like Gecko) Chrome/70.0.3538.67 Safari/537.36"
204.48.19.85 - - [07/Jul/2021:10:33:09 -0400] "POST /wp-cron.php?doing_wp_cron=1625668389.7352540493011474609375 HTTP/1.1" 200 6245 "https://suncoastoutdoor.net/wp-cron.php?doing_wp_cron=1625668389.7352540493011474609375" "WordPress/5.7.2; https://suncoastoutdoor.net"
5.188.62.76 - - [07/Jul/2021:10:33:09 -0400] "POST /wp-login.php HTTP/1.1" 200 8913 "-" "Mozilla/5.0 (Windows NT 6.0) AppleWebKit/537.36 (KHTML, like Gecko) Chrome/41.0.2228.0 Safari/537.36"
5.188.62.76 - - [07/Jul/2021:10:33:10 -0400] "POST /wp-login.php HTTP/1.1" 200 2998 "-" "Mozilla/5.0 (Windows NT 5.1) AppleWebKit/537.36 (KHTML, like Gecko) Chrome/41.0.2224.3 Safari/537.36"
5.188.62.76 - - [07/Jul/2021:10:33:11 -0400] "POST /wp-login.php HTTP/1.1" 200 2891 "-" "Mozilla/5.0 (Windows NT 5.1) AppleWebKit/537.36 (KHTML, like Gecko) Chrome/41.0.2224.3 Safari/537.36"
5.188.62.76 - - [07/Jul/2021:10:33:11 -0400] "POST /wp-login.php HTTP/1.1" 200 2889 "-" "Mozilla/5.0 (Windows NT 6.0) AppleWebKit/537.36 (KHTML, like Gecko) Chrome/41.0.2228.0 Safari/537.36"
204.48.19.85 - - [07/Jul/2021:10:35:24 -0400] "POST /wp-cron.php?doing_wp_cron=1625668524.3076629638671875000000 HTTP/1.1" 200 6261 "https://suncoastoutdoor.net/wp-cron.php?doing_wp_cron=1625668524.3076629638671875000000" "WordPress/5.7.2; https://suncoastoutdoor.net"
3.214.71.206 - - [07/Jul/2021:10:35:23 -0400] "POST /wp-login.php HTTP/1.1" 200 8860 "-" "Mozilla/5.0 (Windows NT 10.0; WOW64) AppleWebKit/537.36 (KHTML, like Gecko) Chrome/79.0.3945.130 Safari/537.36"
91.134.248.192 - - [07/Jul/2021:10:39:54 -0400] "POST /wp-login.php HTTP/1.1" 200 8858 "-" "Mozilla/5.0 (Windows NT 6.1; Win64; x64) AppleWebKit/537.36 (KHTML, like Gecko) Chrome/67.0.3396.87 Safari/537.36"
204.48.19.85 - - [07/Jul/2021:10:39:54 -0400] "POST /wp-cron.php?doing_wp_cron=1625668794.8384280204772949218750 HTTP/1.1" 200 6261 "https://suncoastoutdoor.net/wp-cron.php?doing_wp_cron=1625668794.8384280204772949218750" "WordPress/5.7.2; https://suncoastoutdoor.net"
165.22.213.0 - - [07/Jul/2021:10:49:45 -0400] "POST /wp-login.php HTTP/1.1" 200 8860 "-" "Mozilla/5.0 (Windows NT 10.0; WOW64) AppleWebKit/537.36 (KHTML, like Gecko) Chrome/55.0.2883.87 Safari/537.36"
204.48.19.85 - - [07/Jul/2021:10:49:45 -0400] "POST /wp-cron.php?doing_wp_cron=1625669385.6373939514160156250000 HTTP/1.1" 200 6229 "https://suncoastoutdoor.net/wp-cron.php?doing_wp_cron=1625669385.6373939514160156250000" "WordPress/5.7.2; https://suncoastoutdoor.net"
204.48.19.85 - - [07/Jul/2021:10:54:34 -0400] "POST /wp-cron.php?doing_wp_cron=1625669674.5986809730529785156250 HTTP/1.1" 200 6245 "https://suncoastoutdoor.net/wp-cron.php?doing_wp_cron=1625669674.5986809730529785156250" "WordPress/5.7.2; https://suncoastoutdoor.net"
103.221.223.208 - - [07/Jul/2021:10:54:34 -0400] "POST /wp-login.php HTTP/1.1" 200 8858 "-" "Mozilla/5.0 (Windows NT 6.1; Win64; x64) AppleWebKit/537.36 (KHTML, like Gecko) Chrome/80.0.3987.163 Safari/537.36"
204.48.19.85 - - [07/Jul/2021:11:05:54 -0400] "POST /wp-cron.php?doing_wp_cron=1625670354.2141149044036865234375 HTTP/1.1" 200 6245 "https://suncoastoutdoor.net/wp-cron.php?doing_wp_cron=1625670354.2141149044036865234375" "WordPress/5.7.2; https://suncoastoutdoor.net"
165.210.33.197 - - [07/Jul/2021:11:05:53 -0400] "POST /wp-login.php HTTP/1.1" 200 8860 "-" "Mozilla/5.0 (Windows NT 10.0; WOW64) AppleWebKit/537.36 (KHTML, like Gecko) Chrome/46.0.2490.80 Safari/537.36"
204.48.19.85 - - [07/Jul/2021:11:11:01 -0400] "POST /wp-cron.php?doing_wp_cron=1625670661.0533208847045898437500 HTTP/1.1" 200 6245 "https://suncoastoutdoor.net/wp-cron.php?doing_wp_cron=1625670661.0533208847045898437500" "WordPress/5.7.2; https://suncoastoutdoor.net"
103.109.28.1 - - [07/Jul/2021:11:11:00 -0400] "POST /wp-login.php HTTP/1.1" 200 8858 "-" "Mozilla/5.0 (Windows NT 6.1; Win64; x64) AppleWebKit/537.36 (KHTML, like Gecko) Chrome/55.0.2883.87 Safari/537.36"
162.214.198.70 - - [07/Jul/2021:11:22:18 -0400] "POST /wp-login.php HTTP/1.1" 200 8860 "-" "Mozilla/5.0 (Windows NT 10.0; WOW64) AppleWebKit/537.36 (KHTML, like Gecko) Chrome/57.0.2987.133 Safari/537.36"
204.48.19.85 - - [07/Jul/2021:11:22:20 -0400] "GET / HTTP/1.1" 200 23530 "https://suncoastoutdoor.net/" "WordPress/5.7.2; https://suncoastoutdoor.net"
204.48.19.85 - - [07/Jul/2021:11:22:19 -0400] "POST /wp-cron.php?doing_wp_cron=1625671339.6644620895385742187500 HTTP/1.1" 200 6261 "https://suncoastoutdoor.net/wp-cron.php?doing_wp_cron=1625671339.6644620895385742187500" "WordPress/5.7.2; https://suncoastoutdoor.net"
204.48.19.85 - - [07/Jul/2021:11:27:25 -0400] "POST /wp-cron.php?doing_wp_cron=1625671645.1918098926544189453125 HTTP/1.1" 200 6229 "https://suncoastoutdoor.net/wp-cron.php?doing_wp_cron=1625671645.1918098926544189453125" "WordPress/5.7.2; https://suncoastoutdoor.net"
173.236.152.148 - - [07/Jul/2021:11:27:24 -0400] "POST /wp-login.php HTTP/1.1" 200 8858 "-" "Mozilla/5.0 (Windows NT 6.1; WOW64) AppleWebKit/537.36 (KHTML, like Gecko) Chrome/46.0.2490.86 Safari/537.36"
204.48.19.85 - - [07/Jul/2021:11:54:45 -0400] "POST /wp-cron.php?doing_wp_cron=1625673285.0743410587310791015625 HTTP/1.1" 200 6229 "https://suncoastoutdoor.net/wp-cron.php?doing_wp_cron=1625673285.0743410587310791015625" "WordPress/5.7.2; https://suncoastoutdoor.net"
47.254.216.219 - - [07/Jul/2021:11:54:44 -0400] "POST /wp-login.php HTTP/1.1" 200 8860 "-" "Mozilla/5.0 (Windows NT 6.1) AppleWebKit/537.36 (KHTML, like Gecko) Chrome/70.0.3538.102 Safari/537.36"
204.48.19.85 - - [07/Jul/2021:11:59:53 -0400] "POST /wp-cron.php?doing_wp_cron=1625673593.7762610912322998046875 HTTP/1.1" 200 6229 "https://suncoastoutdoor.net/wp-cron.php?doing_wp_cron=1625673593.7762610912322998046875" "WordPress/5.7.2; https://suncoastoutdoor.net"
162.214.198.70 - - [07/Jul/2021:11:59:53 -0400] "POST /wp-login.php HTTP/1.1" 200 8858 "-" "Mozilla/5.0 (Windows NT 6.1; Win64; x64) AppleWebKit/537.36 (KHTML, like Gecko) Chrome/78.0.3904.97 Safari/537.36"
204.48.19.85 - - [07/Jul/2021:12:01:42 -0400] "POST /wp-cron.php?doing_wp_cron=1625673702.1386129856109619140625 HTTP/1.1" 200 6261 "https://suncoastoutdoor.net/wp-cron.php?doing_wp_cron=1625673702.1386129856109619140625" "WordPress/5.7.2; https://suncoastoutdoor.net"
5.188.62.76 - - [07/Jul/2021:12:01:41 -0400] "POST /wp-login.php HTTP/1.1" 200 8913 "-" "Mozilla/5.0 (Windows NT 5.1; WOW64) AppleWebKit/537.36 (KHTML, like Gecko) Chrome/41.0.2226.0 Safari/537.36"
5.188.62.76 - - [07/Jul/2021:12:01:42 -0400] "POST /wp-login.php HTTP/1.1" 200 2998 "-" "Mozilla/5.0 (Windows NT 6.2) AppleWebKit/537.36 (KHTML, like Gecko) Chrome/41.0.2226.0 Safari/537.36"
5.188.62.76 - - [07/Jul/2021:12:01:43 -0400] "POST /wp-login.php HTTP/1.1" 200 2889 "-" "Mozilla/5.0 (Windows NT 5.1; WOW64) AppleWebKit/537.36 (KHTML, like Gecko) Chrome/41.0.2226.0 Safari/537.36"
5.188.62.76 - - [07/Jul/2021:12:01:43 -0400] "POST /wp-login.php HTTP/1.1" 200 2891 "-" "Mozilla/5.0 (Windows NT 6.2) AppleWebKit/537.36 (KHTML, like Gecko) Chrome/41.0.2226.0 Safari/537.36"
54.36.148.12 - - [07/Jul/2021:12:09:45 -0400] "GET /robots.txt HTTP/1.1" 404 6542 "-" "Mozilla/5.0 (compatible; AhrefsBot/7.0; +http://ahrefs.com/robot/)"
204.48.19.85 - - [07/Jul/2021:12:09:47 -0400] "POST /wp-cron.php?doing_wp_cron=1625674187.0764279365539550781250 HTTP/1.1" 200 6245 "https://suncoastoutdoor.net/wp-cron.php?doing_wp_cron=1625674187.0764279365539550781250" "WordPress/5.7.2; https://suncoastoutdoor.net"
54.36.148.191 - - [07/Jul/2021:12:09:46 -0400] "GET / HTTP/1.1" 301 6323 "-" "Mozilla/5.0 (compatible; AhrefsBot/7.0; +http://ahrefs.com/robot/)"
204.48.19.85 - - [07/Jul/2021:12:12:12 -0400] "POST /wp-cron.php?doing_wp_cron=1625674332.6455481052398681640625 HTTP/1.1" 200 6229 "https://suncoastoutdoor.net/wp-cron.php?doing_wp_cron=1625674332.6455481052398681640625" "WordPress/5.7.2; https://suncoastoutdoor.net"
51.68.43.129 - - [07/Jul/2021:12:12:12 -0400] "POST /wp-login.php HTTP/1.1" 200 8860 "-" "Mozilla/5.0 (Windows; U; Windows NT 5.1; en-US) AppleWebKit/533.4 (KHTML, like Gecko) Chrome/5.0.375.99 Safari/533.4"
13.250.52.192 - - [07/Jul/2021:12:29:13 -0400] "POST /wp-login.php HTTP/1.1" 200 8860 "-" "Mozilla/5.0 (Windows NT 10.0; Win64; x64) AppleWebKit/537.36 (KHTML, like Gecko) Chrome/60.0.3112.101 Safari/537.36"
204.48.19.85 - - [07/Jul/2021:12:29:14 -0400] "POST /wp-cron.php?doing_wp_cron=1625675354.5505959987640380859375 HTTP/1.1" 200 6245 "https://suncoastoutdoor.net/wp-cron.php?doing_wp_cron=1625675354.5505959987640380859375" "WordPress/5.7.2; https://suncoastoutdoor.net"
204.48.19.85 - - [07/Jul/2021:12:34:45 -0400] "POST /wp-cron.php?doing_wp_cron=1625675685.2281219959259033203125 HTTP/1.1" 200 6245 "https://suncoastoutdoor.net/wp-cron.php?doing_wp_cron=1625675685.2281219959259033203125" "WordPress/5.7.2; https://suncoastoutdoor.net"
162.241.115.161 - - [07/Jul/2021:12:34:44 -0400] "POST /wp-login.php HTTP/1.1" 200 8858 "-" "Mozilla/5.0 (Windows NT 6.1; WOW64) AppleWebKit/537.36 (KHTML, like Gecko) Chrome/48.0.2564.116 Safari/537.36"
204.48.19.85 - - [07/Jul/2021:12:47:23 -0400] "POST /wp-cron.php?doing_wp_cron=1625676443.9040100574493408203125 HTTP/1.1" 200 6245 "https://suncoastoutdoor.net/wp-cron.php?doing_wp_cron=1625676443.9040100574493408203125" "WordPress/5.7.2; https://suncoastoutdoor.net"
94.19.34.161 - - [07/Jul/2021:12:47:23 -0400] "POST /wp-login.php HTTP/1.1" 200 8860 "-" "Mozilla/5.0 (Windows NT 10.0; Win64; x64) AppleWebKit/537.36 (KHTML, like Gecko) Chrome/66.0.3359.117 Safari/537.36"
204.48.19.85 - - [07/Jul/2021:13:04:42 -0400] "POST /wp-cron.php?doing_wp_cron=1625677482.0305349826812744140625 HTTP/1.1" 200 6261 "https://suncoastoutdoor.net/wp-cron.php?doing_wp_cron=1625677482.0305349826812744140625" "WordPress/5.7.2; https://suncoastoutdoor.net"
82.165.111.93 - - [07/Jul/2021:13:04:41 -0400] "POST /wp-login.php HTTP/1.1" 200 8860 "-" "Mozilla/5.0 (Windows NT 10.0; WOW64) AppleWebKit/537.36 (KHTML, like Gecko) Chrome/57.0.2987.133 Safari/537.36"
204.48.19.85 - - [07/Jul/2021:13:09:48 -0400] "POST /wp-cron.php?doing_wp_cron=1625677788.4085040092468261718750 HTTP/1.1" 200 6245 "https://suncoastoutdoor.net/wp-cron.php?doing_wp_cron=1625677788.4085040092468261718750" "WordPress/5.7.2; https://suncoastoutdoor.net"
192.185.130.172 - - [07/Jul/2021:13:09:47 -0400] "POST /wp-login.php HTTP/1.1" 200 8858 "-" "Mozilla/5.0 (Windows NT 10.0; WOW64) AppleWebKit/537.36 (KHTML, like Gecko) Chrome/55.0.2883.87 Safari/537.36"
204.48.19.85 - - [07/Jul/2021:13:21:16 -0400] "POST /wp-cron.php?doing_wp_cron=1625678476.8397989273071289062500 HTTP/1.1" 200 6229 "https://suncoastoutdoor.net/wp-cron.php?doing_wp_cron=1625678476.8397989273071289062500" "WordPress/5.7.2; https://suncoastoutdoor.net"
45.207.65.42 - - [07/Jul/2021:13:21:16 -0400] "POST /wp-login.php HTTP/1.1" 200 8860 "-" "Mozilla/5.0 (Windows NT 10.0; Win64; x64) AppleWebKit/537.36 (KHTML, like Gecko) Chrome/62.0.3202.89 Safari/537.36"
5.188.62.76 - - [07/Jul/2021:13:31:18 -0400] "POST /wp-login.php HTTP/1.1" 200 2998 "-" "Mozilla/5.0 (Windows NT 6.0) AppleWebKit/537.36 (KHTML, like Gecko) Chrome/41.0.2224.3 Safari/537.36"
204.48.19.85 - - [07/Jul/2021:13:31:18 -0400] "POST /wp-cron.php?doing_wp_cron=1625679078.7536110877990722656250 HTTP/1.1" 200 6245 "https://suncoastoutdoor.net/wp-cron.php?doing_wp_cron=1625679078.7536110877990722656250" "WordPress/5.7.2; https://suncoastoutdoor.net"
5.188.62.76 - - [07/Jul/2021:13:31:18 -0400] "POST /wp-login.php HTTP/1.1" 200 8913 "-" "Mozilla/5.0 (Windows NT 5.1; WOW64) AppleWebKit/537.36 (KHTML, like Gecko) Chrome/41.0.2228.0 Safari/537.36"
5.188.62.76 - - [07/Jul/2021:13:31:19 -0400] "POST /wp-login.php HTTP/1.1" 200 2891 "-" "Mozilla/5.0 (Windows NT 6.0) AppleWebKit/537.36 (KHTML, like Gecko) Chrome/41.0.2224.3 Safari/537.36"
5.188.62.76 - - [07/Jul/2021:13:31:20 -0400] "POST /wp-login.php HTTP/1.1" 200 2889 "-" "Mozilla/5.0 (Windows NT 5.1; WOW64) AppleWebKit/537.36 (KHTML, like Gecko) Chrome/41.0.2228.0 Safari/537.36"
204.48.19.85 - - [07/Jul/2021:13:37:49 -0400] "POST /wp-cron.php?doing_wp_cron=1625679469.3897480964660644531250 HTTP/1.1" 200 6245 "https://suncoastoutdoor.net/wp-cron.php?doing_wp_cron=1625679469.3897480964660644531250" "WordPress/5.7.2; https://suncoastoutdoor.net"
217.25.89.48 - - [07/Jul/2021:13:37:48 -0400] "POST /wp-login.php HTTP/1.1" 200 8860 "-" "Mozilla/5.0 (Windows NT 6.1; WOW64) AppleWebKit/537.36 (KHTML, like Gecko) Chrome/63.0.3239.132 Safari/537.36"
204.48.19.85 - - [07/Jul/2021:14:05:15 -0400] "POST /wp-cron.php?doing_wp_cron=1625681115.8993139266967773437500 HTTP/1.1" 200 6261 "https://suncoastoutdoor.net/wp-cron.php?doing_wp_cron=1625681115.8993139266967773437500" "WordPress/5.7.2; https://suncoastoutdoor.net"
82.66.55.247 - - [07/Jul/2021:14:05:15 -0400] "POST /wp-login.php HTTP/1.1" 200 8858 "-" "Mozilla/5.0 (Windows NT 6.1) AppleWebKit/537.36 (KHTML, like Gecko) Chrome/63.0.3239.84 Safari/537.36"
51.254.204.117 - - [07/Jul/2021:14:11:26 -0400] "GET /wp-content/db-cache.php HTTP/1.1" 301 595 "suncoastoutdoor.net" "Mozilla/5.0 (Windows NT 6.1; WOW64) AppleWebKit/537.36 (KHTML, like Gecko) Chrome/50.0.2661.75 Safari/537.36"
51.254.204.117 - - [07/Jul/2021:14:11:26 -0400] "GET /wp-content/db-cache.php HTTP/1.1" 404 6053 "suncoastoutdoor.net" "Mozilla/5.0 (Windows NT 6.1; WOW64) AppleWebKit/537.36 (KHTML, like Gecko) Chrome/50.0.2661.75 Safari/537.36"
204.48.19.85 - - [07/Jul/2021:14:19:34 -0400] "POST /wp-cron.php?doing_wp_cron=1625681974.9135310649871826171875 HTTP/1.1" 200 6245 "https://suncoastoutdoor.net/wp-cron.php?doing_wp_cron=1625681974.9135310649871826171875" "WordPress/5.7.2; https://suncoastoutdoor.net"
164.132.230.11 - - [07/Jul/2021:14:19:34 -0400] "POST /wp-login.php HTTP/1.1" 200 8860 "-" "Mozilla/5.0 (Windows NT 6.1; WOW64) AppleWebKit/537.36 (KHTML, like Gecko) Chrome/47.0.2526.111 Safari/537.36"
204.48.19.85 - - [07/Jul/2021:14:25:49 -0400] "POST /wp-cron.php?doing_wp_cron=1625682349.7555201053619384765625 HTTP/1.1" 200 6245 "https://suncoastoutdoor.net/wp-cron.php?doing_wp_cron=1625682349.7555201053619384765625" "WordPress/5.7.2; https://suncoastoutdoor.net"
91.134.248.192 - - [07/Jul/2021:14:25:49 -0400] "POST /wp-login.php HTTP/1.1" 200 8858 "-" "Mozilla/5.0 (Windows NT 6.3; Win64; x64) AppleWebKit/537.36 (KHTML, like Gecko) Chrome/79.0.3945.130 Safari/537.36"
204.48.19.85 - - [07/Jul/2021:14:37:59 -0400] "POST /wp-cron.php?doing_wp_cron=1625683079.9245810508728027343750 HTTP/1.1" 200 6229 "https://suncoastoutdoor.net/wp-cron.php?doing_wp_cron=1625683079.9245810508728027343750" "WordPress/5.7.2; https://suncoastoutdoor.net"
51.77.29.176 - - [07/Jul/2021:14:37:59 -0400] "POST /wp-login.php HTTP/1.1" 200 8860 "-" "Mozilla/5.0 (Windows NT 10.0; WOW64) AppleWebKit/537.36 (KHTML, like Gecko) Chrome/46.0.2490.80 Safari/537.36"
204.48.19.85 - - [07/Jul/2021:14:43:27 -0400] "POST /wp-cron.php?doing_wp_cron=1625683407.4833800792694091796875 HTTP/1.1" 200 6261 "https://suncoastoutdoor.net/wp-cron.php?doing_wp_cron=1625683407.4833800792694091796875" "WordPress/5.7.2; https://suncoastoutdoor.net"
159.203.37.43 - - [07/Jul/2021:14:43:27 -0400] "POST /wp-login.php HTTP/1.1" 200 8858 "-" "Mozilla/5.0 (Windows NT 10.0; WOW64) AppleWebKit/537.36 (KHTML, like Gecko) Chrome/46.0.2490.86 Safari/537.36"
204.48.19.85 - - [07/Jul/2021:14:54:37 -0400] "POST /wp-cron.php?doing_wp_cron=1625684077.6797690391540527343750 HTTP/1.1" 200 6245 "https://suncoastoutdoor.net/wp-cron.php?doing_wp_cron=1625684077.6797690391540527343750" "WordPress/5.7.2; https://suncoastoutdoor.net"
207.244.224.60 - - [07/Jul/2021:14:54:37 -0400] "POST /wp-login.php HTTP/1.1" 200 8860 "-" "Mozilla/5.0 (Windows NT 10.0; Win64; x64) AppleWebKit/537.36 (KHTML, like Gecko) Chrome/70.0.3538.67 Safari/537.36"
5.188.62.76 - - [07/Jul/2021:15:01:37 -0400] "POST /wp-login.php HTTP/1.1" 200 2998 "-" "Mozilla/5.0 (Windows NT 6.1) AppleWebKit/537.36 (KHTML, like Gecko) Chrome/41.0.2224.3 Safari/537.36"
204.48.19.85 - - [07/Jul/2021:15:01:38 -0400] "POST /wp-cron.php?doing_wp_cron=1625684498.4393699169158935546875 HTTP/1.1" 200 6245 "https://suncoastoutdoor.net/wp-cron.php?doing_wp_cron=1625684498.4393699169158935546875" "WordPress/5.7.2; https://suncoastoutdoor.net"
5.188.62.76 - - [07/Jul/2021:15:01:37 -0400] "POST /wp-login.php HTTP/1.1" 200 8913 "-" "Mozilla/5.0 (Windows NT 6.0) AppleWebKit/537.36 (KHTML, like Gecko) Chrome/41.0.2226.0 Safari/537.36"
5.188.62.76 - - [07/Jul/2021:15:01:39 -0400] "POST /wp-login.php HTTP/1.1" 200 2891 "-" "Mozilla/5.0 (Windows NT 6.1) AppleWebKit/537.36 (KHTML, like Gecko) Chrome/41.0.2224.3 Safari/537.36"
5.188.62.76 - - [07/Jul/2021:15:01:40 -0400] "POST /wp-login.php HTTP/1.1" 200 2889 "-" "Mozilla/5.0 (Windows NT 6.0) AppleWebKit/537.36 (KHTML, like Gecko) Chrome/41.0.2226.0 Safari/537.36"
204.48.19.85 - - [07/Jul/2021:15:13:47 -0400] "POST /wp-cron.php?doing_wp_cron=1625685227.5284039974212646484375 HTTP/1.1" 200 6245 "https://suncoastoutdoor.net/wp-cron.php?doing_wp_cron=1625685227.5284039974212646484375" "WordPress/5.7.2; https://suncoastoutdoor.net"
2.59.117.55 - - [07/Jul/2021:15:13:47 -0400] "POST /wp-login.php HTTP/1.1" 200 8860 "-" "Mozilla/5.0 (Windows NT 6.1) AppleWebKit/537.36 (KHTML, like Gecko) Chrome/62.0.3202.94 Safari/537.36"
204.48.19.85 - - [07/Jul/2021:15:19:33 -0400] "POST /wp-cron.php?doing_wp_cron=1625685573.7398240566253662109375 HTTP/1.1" 200 6229 "https://suncoastoutdoor.net/wp-cron.php?doing_wp_cron=1625685573.7398240566253662109375" "WordPress/5.7.2; https://suncoastoutdoor.net"
193.169.20.175 - - [07/Jul/2021:15:19:33 -0400] "POST /wp-login.php HTTP/1.1" 200 8858 "-" "Mozilla/5.0 (Windows NT 10.0; WOW64) AppleWebKit/537.36 (KHTML, like Gecko) Chrome/47.0.2526.106 Safari/537.36"
204.48.19.85 - - [07/Jul/2021:15:32:50 -0400] "POST /wp-cron.php?doing_wp_cron=1625686370.0975821018218994140625 HTTP/1.1" 200 6229 "https://suncoastoutdoor.net/wp-cron.php?doing_wp_cron=1625686370.0975821018218994140625" "WordPress/5.7.2; https://suncoastoutdoor.net"
136.243.71.5 - - [07/Jul/2021:15:32:49 -0400] "POST /wp-login.php HTTP/1.1" 200 8860 "-" "Mozilla/5.0 (Windows NT 6.1) AppleWebKit/537.36 (KHTML, like Gecko) Chrome/59.0.3071.115 Safari/537.36"
204.48.19.85 - - [07/Jul/2021:15:39:07 -0400] "POST /wp-cron.php?doing_wp_cron=1625686747.6783170700073242187500 HTTP/1.1" 200 6245 "https://suncoastoutdoor.net/wp-cron.php?doing_wp_cron=1625686747.6783170700073242187500" "WordPress/5.7.2; https://suncoastoutdoor.net"
139.59.118.238 - - [07/Jul/2021:15:39:07 -0400] "POST /wp-login.php HTTP/1.1" 200 8858 "-" "Mozilla/5.0 (Windows NT 6.1) AppleWebKit/537.36 (KHTML, like Gecko) Chrome/80.0.3987.149 Safari/537.36"
54.36.149.58 - - [07/Jul/2021:15:50:52 -0400] "GET /robots.txt HTTP/1.1" 301 550 "-" "Mozilla/5.0 (compatible; AhrefsBot/7.0; +http://ahrefs.com/robot/)"
54.36.149.58 - - [07/Jul/2021:15:50:53 -0400] "GET /robots.txt HTTP/1.1" 404 6522 "-" "Mozilla/5.0 (compatible; AhrefsBot/7.0; +http://ahrefs.com/robot/)"
54.36.148.205 - - [07/Jul/2021:15:50:53 -0400] "GET / HTTP/1.1" 301 530 "-" "Mozilla/5.0 (compatible; AhrefsBot/7.0; +http://ahrefs.com/robot/)"
204.48.19.85 - - [07/Jul/2021:15:54:21 -0400] "POST /wp-cron.php?doing_wp_cron=1625687661.5130848884582519531250 HTTP/1.1" 200 6229 "https://suncoastoutdoor.net/wp-cron.php?doing_wp_cron=1625687661.5130848884582519531250" "WordPress/5.7.2; https://suncoastoutdoor.net"
176.31.247.193 - - [07/Jul/2021:15:54:21 -0400] "POST /wp-login.php HTTP/1.1" 200 8860 "-" "Mozilla/5.0 (Windows NT 6.1; Win64; x64) AppleWebKit/537.36 (KHTML, like Gecko) Chrome/70.0.3538.67 Safari/537.36"
103.28.56.214 - - [07/Jul/2021:15:55:27 -0400] "GET /wp-login.php HTTP/1.1" 301 573 "-" "Mozilla/5.0 (X11; Ubuntu; Linux x86_64; rv:62.0) Gecko/20100101 Firefox/62.0"
103.28.56.214 - - [07/Jul/2021:15:55:27 -0400] "GET /wp-login.php HTTP/1.1" 301 573 "-" "Mozilla/5.0 (X11; Ubuntu; Linux x86_64; rv:62.0) Gecko/20100101 Firefox/62.0"
103.28.56.214 - - [07/Jul/2021:15:55:27 -0400] "GET /wp-login.php HTTP/1.1" 301 573 "-" "Mozilla/5.0 (X11; Ubuntu; Linux x86_64; rv:62.0) Gecko/20100101 Firefox/62.0"
103.28.56.214 - - [07/Jul/2021:15:55:28 -0400] "GET /wp-login.php HTTP/1.1" 200 8032 "http://suncoastoutdoor.net/wp-login.php" "Mozilla/5.0 (X11; Ubuntu; Linux x86_64; rv:62.0) Gecko/20100101 Firefox/62.0"
103.28.56.214 - - [07/Jul/2021:15:55:28 -0400] "GET /wp-login.php HTTP/1.1" 200 8032 "http://suncoastoutdoor.net/wp-login.php" "Mozilla/5.0 (X11; Ubuntu; Linux x86_64; rv:62.0) Gecko/20100101 Firefox/62.0"
204.48.19.85 - - [07/Jul/2021:15:55:29 -0400] "POST /wp-cron.php?doing_wp_cron=1625687729.2481091022491455078125 HTTP/1.1" 200 6229 "https://suncoastoutdoor.net/wp-cron.php?doing_wp_cron=1625687729.2481091022491455078125" "WordPress/5.7.2; https://suncoastoutdoor.net"
103.28.56.214 - - [07/Jul/2021:15:55:28 -0400] "GET /wp-login.php HTTP/1.1" 200 8032 "http://suncoastoutdoor.net/wp-login.php" "Mozilla/5.0 (X11; Ubuntu; Linux x86_64; rv:62.0) Gecko/20100101 Firefox/62.0"
103.28.56.214 - - [07/Jul/2021:15:55:30 -0400] "GET ///?author=1 HTTP/1.1" 301 567 "-" "Mozilla/5.0 (X11; Ubuntu; Linux x86_64; rv:62.0) Gecko/20100101 Firefox/62.0"
103.28.56.214 - - [07/Jul/2021:15:55:30 -0400] "GET ///?author=1 HTTP/1.1" 301 567 "-" "Mozilla/5.0 (X11; Ubuntu; Linux x86_64; rv:62.0) Gecko/20100101 Firefox/62.0"
103.28.56.214 - - [07/Jul/2021:15:55:30 -0400] "GET ///?author=1 HTTP/1.1" 301 567 "-" "Mozilla/5.0 (X11; Ubuntu; Linux x86_64; rv:62.0) Gecko/20100101 Firefox/62.0"
103.28.56.214 - - [07/Jul/2021:15:55:31 -0400] "GET /?author=1 HTTP/1.1" 301 5616 "http://suncoastoutdoor.net///?author=1" "Mozilla/5.0 (X11; Ubuntu; Linux x86_64; rv:62.0) Gecko/20100101 Firefox/62.0"
103.28.56.214 - - [07/Jul/2021:15:55:31 -0400] "GET /?author=1 HTTP/1.1" 301 5616 "http://suncoastoutdoor.net///?author=1" "Mozilla/5.0 (X11; Ubuntu; Linux x86_64; rv:62.0) Gecko/20100101 Firefox/62.0"
103.28.56.214 - - [07/Jul/2021:15:55:31 -0400] "GET /?author=1 HTTP/1.1" 301 5616 "http://suncoastoutdoor.net///?author=1" "Mozilla/5.0 (X11; Ubuntu; Linux x86_64; rv:62.0) Gecko/20100101 Firefox/62.0"
103.28.56.214 - - [07/Jul/2021:15:55:32 -0400] "GET /index.php/author/root/ HTTP/1.1" 200 16846 "https://suncoastoutdoor.net/?author=1" "Mozilla/5.0 (X11; Ubuntu; Linux x86_64; rv:62.0) Gecko/20100101 Firefox/62.0"
103.28.56.214 - - [07/Jul/2021:15:55:32 -0400] "GET /index.php/author/root/ HTTP/1.1" 200 16853 "https://suncoastoutdoor.net/?author=1" "Mozilla/5.0 (X11; Ubuntu; Linux x86_64; rv:62.0) Gecko/20100101 Firefox/62.0"
103.28.56.214 - - [07/Jul/2021:15:55:33 -0400] "GET /index.php/author/root/ HTTP/1.1" 200 16854 "https://suncoastoutdoor.net/?author=1" "Mozilla/5.0 (X11; Ubuntu; Linux x86_64; rv:62.0) Gecko/20100101 Firefox/62.0"
103.28.56.214 - - [07/Jul/2021:15:55:34 -0400] "GET ///wp-json/wp/v2/users/ HTTP/1.1" 301 589 "-" "Mozilla/5.0 (X11; Ubuntu; Linux x86_64; rv:62.0) Gecko/20100101 Firefox/62.0"
103.28.56.214 - - [07/Jul/2021:15:55:34 -0400] "GET ///wp-json/wp/v2/users/ HTTP/1.1" 301 589 "-" "Mozilla/5.0 (X11; Ubuntu; Linux x86_64; rv:62.0) Gecko/20100101 Firefox/62.0"
103.28.56.214 - - [07/Jul/2021:15:55:34 -0400] "GET ///wp-json/wp/v2/users/ HTTP/1.1" 301 589 "-" "Mozilla/5.0 (X11; Ubuntu; Linux x86_64; rv:62.0) Gecko/20100101 Firefox/62.0"
103.28.56.214 - - [07/Jul/2021:15:55:35 -0400] "GET /wp-json/wp/v2/users/ HTTP/1.1" 404 5809 "http://suncoastoutdoor.net///wp-json/wp/v2/users/" "Mozilla/5.0 (X11; Ubuntu; Linux x86_64; rv:62.0) Gecko/20100101 Firefox/62.0"
103.28.56.214 - - [07/Jul/2021:15:55:35 -0400] "GET /wp-json/wp/v2/users/ HTTP/1.1" 404 5809 "http://suncoastoutdoor.net///wp-json/wp/v2/users/" "Mozilla/5.0 (X11; Ubuntu; Linux x86_64; rv:62.0) Gecko/20100101 Firefox/62.0"
103.28.56.214 - - [07/Jul/2021:15:55:35 -0400] "GET /wp-json/wp/v2/users/ HTTP/1.1" 404 5809 "http://suncoastoutdoor.net///wp-json/wp/v2/users/" "Mozilla/5.0 (X11; Ubuntu; Linux x86_64; rv:62.0) Gecko/20100101 Firefox/62.0"
103.28.56.214 - - [07/Jul/2021:15:55:35 -0400] "GET ///?author=2 HTTP/1.1" 301 567 "-" "Mozilla/5.0 (X11; Ubuntu; Linux x86_64; rv:62.0) Gecko/20100101 Firefox/62.0"
103.28.56.214 - - [07/Jul/2021:15:55:36 -0400] "GET ///?author=2 HTTP/1.1" 301 567 "-" "Mozilla/5.0 (X11; Ubuntu; Linux x86_64; rv:62.0) Gecko/20100101 Firefox/62.0"
103.28.56.214 - - [07/Jul/2021:15:55:36 -0400] "GET ///?author=2 HTTP/1.1" 301 567 "-" "Mozilla/5.0 (X11; Ubuntu; Linux x86_64; rv:62.0) Gecko/20100101 Firefox/62.0"
103.28.56.214 - - [07/Jul/2021:15:55:36 -0400] "GET /?author=2 HTTP/1.1" 200 16851 "http://suncoastoutdoor.net///?author=2" "Mozilla/5.0 (X11; Ubuntu; Linux x86_64; rv:62.0) Gecko/20100101 Firefox/62.0"
103.28.56.214 - - [07/Jul/2021:15:55:37 -0400] "GET /?author=2 HTTP/1.1" 200 16859 "http://suncoastoutdoor.net///?author=2" "Mozilla/5.0 (X11; Ubuntu; Linux x86_64; rv:62.0) Gecko/20100101 Firefox/62.0"
103.28.56.214 - - [07/Jul/2021:15:55:37 -0400] "GET /?author=2 HTTP/1.1" 200 16860 "http://suncoastoutdoor.net///?author=2" "Mozilla/5.0 (X11; Ubuntu; Linux x86_64; rv:62.0) Gecko/20100101 Firefox/62.0"
103.28.56.214 - - [07/Jul/2021:15:55:38 -0400] "GET ///?author=3 HTTP/1.1" 301 567 "-" "Mozilla/5.0 (X11; Ubuntu; Linux x86_64; rv:62.0) Gecko/20100101 Firefox/62.0"
103.28.56.214 - - [07/Jul/2021:15:55:38 -0400] "GET ///?author=3 HTTP/1.1" 301 567 "-" "Mozilla/5.0 (X11; Ubuntu; Linux x86_64; rv:62.0) Gecko/20100101 Firefox/62.0"
103.28.56.214 - - [07/Jul/2021:15:55:38 -0400] "GET ///?author=3 HTTP/1.1" 301 567 "-" "Mozilla/5.0 (X11; Ubuntu; Linux x86_64; rv:62.0) Gecko/20100101 Firefox/62.0"
103.28.56.214 - - [07/Jul/2021:15:55:39 -0400] "GET /?author=3 HTTP/1.1" 404 52264 "http://suncoastoutdoor.net///?author=3" "Mozilla/5.0 (X11; Ubuntu; Linux x86_64; rv:62.0) Gecko/20100101 Firefox/62.0"
103.28.56.214 - - [07/Jul/2021:15:55:39 -0400] "GET /?author=3 HTTP/1.1" 404 52234 "http://suncoastoutdoor.net///?author=3" "Mozilla/5.0 (X11; Ubuntu; Linux x86_64; rv:62.0) Gecko/20100101 Firefox/62.0"
103.28.56.214 - - [07/Jul/2021:15:55:39 -0400] "GET /?author=3 HTTP/1.1" 404 52216 "http://suncoastoutdoor.net///?author=3" "Mozilla/5.0 (X11; Ubuntu; Linux x86_64; rv:62.0) Gecko/20100101 Firefox/62.0"
204.48.19.85 - - [07/Jul/2021:16:01:20 -0400] "POST /wp-cron.php?doing_wp_cron=1625688080.6848859786987304687500 HTTP/1.1" 200 6229 "https://suncoastoutdoor.net/wp-cron.php?doing_wp_cron=1625688080.6848859786987304687500" "WordPress/5.7.2; https://suncoastoutdoor.net"
138.201.173.161 - - [07/Jul/2021:16:01:20 -0400] "POST /wp-login.php HTTP/1.1" 200 8858 "-" "Mozilla/5.0 (Windows NT 6.1) AppleWebKit/537.36 (KHTML, like Gecko) Chrome/56.0.2924.87 Safari/537.36"
204.48.19.85 - - [07/Jul/2021:16:16:30 -0400] "POST /wp-cron.php?doing_wp_cron=1625688990.6873040199279785156250 HTTP/1.1" 200 6229 "https://suncoastoutdoor.net/wp-cron.php?doing_wp_cron=1625688990.6873040199279785156250" "WordPress/5.7.2; https://suncoastoutdoor.net"
194.233.161.239 - - [07/Jul/2021:16:16:30 -0400] "POST /wp-login.php HTTP/1.1" 200 8860 "-" "Mozilla/5.0 (Windows NT 6.1; WOW64) AppleWebKit/537.36 (KHTML, like Gecko) Chrome/63.0.3239.132 Safari/537.36"
204.48.19.85 - - [07/Jul/2021:16:23:03 -0400] "POST /wp-cron.php?doing_wp_cron=1625689383.2178680896759033203125 HTTP/1.1" 200 6229 "https://suncoastoutdoor.net/wp-cron.php?doing_wp_cron=1625689383.2178680896759033203125" "WordPress/5.7.2; https://suncoastoutdoor.net"
2.59.117.55 - - [07/Jul/2021:16:23:02 -0400] "POST /wp-login.php HTTP/1.1" 200 8858 "-" "Mozilla/5.0 (Windows NT 6.1; WOW64) AppleWebKit/537.36 (KHTML, like Gecko) Chrome/47.0.2526.111 Safari/537.36 MVisionPlayer/1.0.0.0"
204.48.19.85 - - [07/Jul/2021:16:30:23 -0400] "POST /wp-cron.php?doing_wp_cron=1625689823.6596710681915283203125 HTTP/1.1" 200 6229 "https://suncoastoutdoor.net/wp-cron.php?doing_wp_cron=1625689823.6596710681915283203125" "WordPress/5.7.2; https://suncoastoutdoor.net"
5.188.62.76 - - [07/Jul/2021:16:30:23 -0400] "POST /wp-login.php HTTP/1.1" 200 8913 "-" "Mozilla/5.0 (Windows NT 6.0; WOW64) AppleWebKit/537.36 (KHTML, like Gecko) Chrome/41.0.2227.1 Safari/537.36"
5.188.62.76 - - [07/Jul/2021:16:30:23 -0400] "POST /wp-login.php HTTP/1.1" 200 2998 "-" "Mozilla/5.0 (Windows NT 5.1) AppleWebKit/537.36 (KHTML, like Gecko) Chrome/41.0.2226.0 Safari/537.36"
5.188.62.76 - - [07/Jul/2021:16:30:24 -0400] "POST /wp-login.php HTTP/1.1" 200 2860 "-" "Mozilla/5.0 (Windows NT 6.0; WOW64) AppleWebKit/537.36 (KHTML, like Gecko) Chrome/41.0.2227.1 Safari/537.36"
5.188.62.76 - - [07/Jul/2021:16:30:25 -0400] "POST /wp-login.php HTTP/1.1" 200 2860 "-" "Mozilla/5.0 (Windows NT 5.1) AppleWebKit/537.36 (KHTML, like Gecko) Chrome/41.0.2226.0 Safari/537.36"
204.48.19.85 - - [07/Jul/2021:16:43:59 -0400] "POST /wp-cron.php?doing_wp_cron=1625690639.8868720531463623046875 HTTP/1.1" 200 6245 "https://suncoastoutdoor.net/wp-cron.php?doing_wp_cron=1625690639.8868720531463623046875" "WordPress/5.7.2; https://suncoastoutdoor.net"
82.202.172.211 - - [07/Jul/2021:16:43:59 -0400] "POST /wp-login.php HTTP/1.1" 200 8858 "-" "Mozilla/5.0 (Windows NT 10.0; Win64; x64) AppleWebKit/537.36 (KHTML, like Gecko) Chrome/70.0.3538.67 Safari/537.36"
204.48.19.85 - - [07/Jul/2021:16:58:55 -0400] "POST /wp-cron.php?doing_wp_cron=1625691535.3495159149169921875000 HTTP/1.1" 200 6245 "https://suncoastoutdoor.net/wp-cron.php?doing_wp_cron=1625691535.3495159149169921875000" "WordPress/5.7.2; https://suncoastoutdoor.net"
173.212.195.63 - - [07/Jul/2021:16:58:54 -0400] "POST /wp-login.php HTTP/1.1" 200 8860 "-" "Mozilla/5.0 (Windows NT 6.1) AppleWebKit/537.36 (KHTML, like Gecko) Chrome/70.0.3538.102 Safari/537.36"
204.48.19.85 - - [07/Jul/2021:17:05:33 -0400] "POST /wp-cron.php?doing_wp_cron=1625691933.4825758934020996093750 HTTP/1.1" 200 6245 "https://suncoastoutdoor.net/wp-cron.php?doing_wp_cron=1625691933.4825758934020996093750" "WordPress/5.7.2; https://suncoastoutdoor.net"
104.131.210.58 - - [07/Jul/2021:17:05:32 -0400] "POST /wp-login.php HTTP/1.1" 200 8858 "-" "Mozilla/5.0 (Windows NT 6.1) AppleWebKit/537.36 (KHTML, like Gecko) Chrome/56.0.2924.87 Safari/537.36"
204.48.19.85 - - [07/Jul/2021:17:20:22 -0400] "POST /wp-cron.php?doing_wp_cron=1625692822.3875460624694824218750 HTTP/1.1" 200 6229 "https://suncoastoutdoor.net/wp-cron.php?doing_wp_cron=1625692822.3875460624694824218750" "WordPress/5.7.2; https://suncoastoutdoor.net"
116.202.229.140 - - [07/Jul/2021:17:20:21 -0400] "POST /wp-login.php HTTP/1.1" 200 8860 "-" "Mozilla/5.0 (Windows NT 6.3; Win64; x64) AppleWebKit/537.36 (KHTML, like Gecko) Chrome/79.0.3945.130 Safari/537.36"
204.48.19.85 - - [07/Jul/2021:17:26:58 -0400] "POST /wp-cron.php?doing_wp_cron=1625693218.6652309894561767578125 HTTP/1.1" 200 6245 "https://suncoastoutdoor.net/wp-cron.php?doing_wp_cron=1625693218.6652309894561767578125" "WordPress/5.7.2; https://suncoastoutdoor.net"
103.74.54.192 - - [07/Jul/2021:17:26:58 -0400] "POST /wp-login.php HTTP/1.1" 200 8858 "-" "Mozilla/5.0 (Windows NT 10.0; Win64; x64) AppleWebKit/537.36 (KHTML, like Gecko) Chrome/78.0.3904.70 Safari/537.36"
204.48.19.85 - - [07/Jul/2021:17:41:48 -0400] "POST /wp-cron.php?doing_wp_cron=1625694108.1268270015716552734375 HTTP/1.1" 200 6245 "https://suncoastoutdoor.net/wp-cron.php?doing_wp_cron=1625694108.1268270015716552734375" "WordPress/5.7.2; https://suncoastoutdoor.net"
203.205.21.168 - - [07/Jul/2021:17:41:47 -0400] "POST /wp-login.php HTTP/1.1" 200 8860 "-" "Mozilla/5.0 (Windows NT 6.3; Win64; x64) AppleWebKit/537.36 (KHTML, like Gecko) Chrome/79.0.3945.88 Safari/537.36"
204.48.19.85 - - [07/Jul/2021:17:58:56 -0400] "POST /wp-cron.php?doing_wp_cron=1625695136.9405429363250732421875 HTTP/1.1" 200 6245 "https://suncoastoutdoor.net/wp-cron.php?doing_wp_cron=1625695136.9405429363250732421875" "WordPress/5.7.2; https://suncoastoutdoor.net"
5.188.62.76 - - [07/Jul/2021:17:58:56 -0400] "POST /wp-login.php HTTP/1.1" 200 8913 "-" "Mozilla/5.0 (Windows NT 5.1) AppleWebKit/537.36 (KHTML, like Gecko) Chrome/41.0.2224.3 Safari/537.36"
5.188.62.76 - - [07/Jul/2021:17:58:57 -0400] "POST /wp-login.php HTTP/1.1" 200 2998 "-" "Mozilla/5.0 (Windows NT 6.0; WOW64) AppleWebKit/537.36 (KHTML, like Gecko) Chrome/41.0.2228.0 Safari/537.36"
5.188.62.76 - - [07/Jul/2021:17:58:58 -0400] "POST /wp-login.php HTTP/1.1" 200 2860 "-" "Mozilla/5.0 (Windows NT 5.1) AppleWebKit/537.36 (KHTML, like Gecko) Chrome/41.0.2224.3 Safari/537.36"
5.188.62.76 - - [07/Jul/2021:17:58:58 -0400] "POST /wp-login.php HTTP/1.1" 200 2860 "-" "Mozilla/5.0 (Windows NT 6.0; WOW64) AppleWebKit/537.36 (KHTML, like Gecko) Chrome/41.0.2228.0 Safari/537.36"
204.48.19.85 - - [07/Jul/2021:18:08:18 -0400] "POST /wp-cron.php?doing_wp_cron=1625695698.7553510665893554687500 HTTP/1.1" 200 6245 "https://suncoastoutdoor.net/wp-cron.php?doing_wp_cron=1625695698.7553510665893554687500" "WordPress/5.7.2; https://suncoastoutdoor.net"
162.144.126.104 - - [07/Jul/2021:18:08:18 -0400] "POST /wp-login.php HTTP/1.1" 200 8858 "-" "Mozilla/5.0 (Windows NT 6.1; Win64; x64) AppleWebKit/537.36 (KHTML, like Gecko) Chrome/70.0.3538.67 Safari/537.36"
204.48.19.85 - - [07/Jul/2021:18:41:19 -0400] "POST /wp-cron.php?doing_wp_cron=1625697679.3036820888519287109375 HTTP/1.1" 200 6261 "https://suncoastoutdoor.net/wp-cron.php?doing_wp_cron=1625697679.3036820888519287109375" "WordPress/5.7.2; https://suncoastoutdoor.net"
142.4.208.81 - - [07/Jul/2021:18:41:18 -0400] "POST /wp-login.php HTTP/1.1" 200 8860 "-" "Mozilla/5.0 (Windows NT 10.0; Win64; x64) AppleWebKit/537.36 (KHTML, like Gecko) Chrome/64.0.3282.140 Safari/537.36"
204.48.19.85 - - [07/Jul/2021:18:47:30 -0400] "POST /wp-cron.php?doing_wp_cron=1625698049.9877529144287109375000 HTTP/1.1" 200 6261 "https://suncoastoutdoor.net/wp-cron.php?doing_wp_cron=1625698049.9877529144287109375000" "WordPress/5.7.2; https://suncoastoutdoor.net"
91.134.248.192 - - [07/Jul/2021:18:47:29 -0400] "POST /wp-login.php HTTP/1.1" 200 8858 "-" "Mozilla/5.0 (Windows NT 10.0; Win64; x64) AppleWebKit/537.36 (KHTML, like Gecko) Chrome/54.0.2840.99 Safari/537.36"
204.48.19.85 - - [07/Jul/2021:19:01:14 -0400] "POST /wp-cron.php?doing_wp_cron=1625698874.8230540752410888671875 HTTP/1.1" 200 6245 "https://suncoastoutdoor.net/wp-cron.php?doing_wp_cron=1625698874.8230540752410888671875" "WordPress/5.7.2; https://suncoastoutdoor.net"
18.130.224.248 - - [07/Jul/2021:19:01:14 -0400] "POST /wp-login.php HTTP/1.1" 200 8860 "-" "Mozilla/5.0 (Windows NT 6.1) AppleWebKit/537.36 (KHTML, like Gecko) Chrome/62.0.3202.94 Safari/537.36"
204.48.19.85 - - [07/Jul/2021:19:07:59 -0400] "POST /wp-cron.php?doing_wp_cron=1625699279.5368239879608154296875 HTTP/1.1" 200 6245 "https://suncoastoutdoor.net/wp-cron.php?doing_wp_cron=1625699279.5368239879608154296875" "WordPress/5.7.2; https://suncoastoutdoor.net"
139.196.187.160 - - [07/Jul/2021:19:07:59 -0400] "POST /wp-login.php HTTP/1.1" 200 8858 "-" "Mozilla/5.0 (Windows NT 6.1) AppleWebKit/537.36 (KHTML, like Gecko) Chrome/80.0.3987.149 Safari/537.36"
204.48.19.85 - - [07/Jul/2021:19:20:49 -0400] "POST /wp-cron.php?doing_wp_cron=1625700049.8652000427246093750000 HTTP/1.1" 200 6261 "https://suncoastoutdoor.net/wp-cron.php?doing_wp_cron=1625700049.8652000427246093750000" "WordPress/5.7.2; https://suncoastoutdoor.net"
142.93.148.182 - - [07/Jul/2021:19:20:49 -0400] "POST /wp-login.php HTTP/1.1" 200 8860 "-" "Mozilla/5.0 (Windows NT 6.1) AppleWebKit/537.36 (KHTML, like Gecko) Chrome/80.0.3987.132 Safari/537.36"
40.122.130.155 - - [07/Jul/2021:19:26:21 -0400] "POST /wp-login.php HTTP/1.1" 200 8858 "-" "Mozilla/5.0 (Windows NT 10.0; Win64; x64) AppleWebKit/537.36 (KHTML, like Gecko) Chrome/64.0.3282.140 Safari/537.36"
204.48.19.85 - - [07/Jul/2021:19:26:28 -0400] "POST /wp-cron.php?doing_wp_cron=1625700388.4591219425201416015625 HTTP/1.1" 200 6245 "https://suncoastoutdoor.net/wp-cron.php?doing_wp_cron=1625700388.4591219425201416015625" "WordPress/5.7.2; https://suncoastoutdoor.net"
188.166.56.218 - - [07/Jul/2021:19:38:04 -0400] "POST /wp-login.php HTTP/1.1" 200 8860 "-" "Mozilla/5.0 (Windows NT 6.1; WOW64) AppleWebKit/537.36 (KHTML, like Gecko) Chrome/47.0.2526.111 Safari/537.36"
204.48.19.85 - - [07/Jul/2021:19:38:05 -0400] "POST /wp-cron.php?doing_wp_cron=1625701085.4331419467926025390625 HTTP/1.1" 200 6229 "https://suncoastoutdoor.net/wp-cron.php?doing_wp_cron=1625701085.4331419467926025390625" "WordPress/5.7.2; https://suncoastoutdoor.net"
204.48.19.85 - - [07/Jul/2021:19:42:26 -0400] "POST /wp-cron.php?doing_wp_cron=1625701346.2303891181945800781250 HTTP/1.1" 200 6261 "https://suncoastoutdoor.net/wp-cron.php?doing_wp_cron=1625701346.2303891181945800781250" "WordPress/5.7.2; https://suncoastoutdoor.net"
161.35.208.18 - - [07/Jul/2021:19:42:25 -0400] "POST /wp-login.php HTTP/1.1" 200 8858 "-" "Mozilla/5.0 (Windows NT 10.0; WOW64) AppleWebKit/537.36 (KHTML, like Gecko) Chrome/46.0.2490.86 Safari/537.36"
204.48.19.85 - - [07/Jul/2021:19:52:30 -0400] "POST /wp-cron.php?doing_wp_cron=1625701950.9869620800018310546875 HTTP/1.1" 200 6245 "https://suncoastoutdoor.net/wp-cron.php?doing_wp_cron=1625701950.9869620800018310546875" "WordPress/5.7.2; https://suncoastoutdoor.net"
81.169.229.171 - - [07/Jul/2021:19:52:30 -0400] "POST /wp-login.php HTTP/1.1" 200 8860 "-" "Mozilla/5.0 (Windows NT 6.1; Win64; x64) AppleWebKit/537.36 (KHTML, like Gecko) Chrome/60.0.3112.113 Safari/537.36"
204.48.19.85 - - [07/Jul/2021:19:57:10 -0400] "POST /wp-cron.php?doing_wp_cron=1625702230.7800719738006591796875 HTTP/1.1" 200 6245 "https://suncoastoutdoor.net/wp-cron.php?doing_wp_cron=1625702230.7800719738006591796875" "WordPress/5.7.2; https://suncoastoutdoor.net"
107.180.72.143 - - [07/Jul/2021:19:57:10 -0400] "POST /wp-login.php HTTP/1.1" 200 8858 "-" "Mozilla/5.0 (Windows NT 6.1; WOW64) AppleWebKit/537.36 (KHTML, like Gecko) Chrome/48.0.2564.116 Safari/537.36"
204.48.19.85 - - [07/Jul/2021:20:12:51 -0400] "POST /wp-cron.php?doing_wp_cron=1625703171.3404409885406494140625 HTTP/1.1" 200 6261 "https://suncoastoutdoor.net/wp-cron.php?doing_wp_cron=1625703171.3404409885406494140625" "WordPress/5.7.2; https://suncoastoutdoor.net"
44.238.229.67 - - [07/Jul/2021:20:12:50 -0400] "POST /wp-login.php HTTP/1.1" 200 8858 "-" "Mozilla/5.0 (Windows NT 6.1; Win64; x64) AppleWebKit/537.36 (KHTML, like Gecko) Chrome/81.0.4044.122 Safari/537.36"
204.48.19.85 - - [07/Jul/2021:20:23:39 -0400] "POST /wp-cron.php?doing_wp_cron=1625703819.6202309131622314453125 HTTP/1.1" 200 6229 "https://suncoastoutdoor.net/wp-cron.php?doing_wp_cron=1625703819.6202309131622314453125" "WordPress/5.7.2; https://suncoastoutdoor.net"
95.213.175.156 - - [07/Jul/2021:20:23:38 -0400] "POST /wp-login.php HTTP/1.1" 200 8860 "-" "Mozilla/5.0 (Windows NT 10.0; Win64; x64) AppleWebKit/537.36 (KHTML, like Gecko) Chrome/87.0.4280.88 Safari/537.36"
204.48.19.85 - - [07/Jul/2021:20:28:38 -0400] "POST /wp-cron.php?doing_wp_cron=1625704118.7065470218658447265625 HTTP/1.1" 200 6229 "https://suncoastoutdoor.net/wp-cron.php?doing_wp_cron=1625704118.7065470218658447265625" "WordPress/5.7.2; https://suncoastoutdoor.net"
183.90.173.95 - - [07/Jul/2021:20:28:38 -0400] "POST /wp-login.php HTTP/1.1" 200 8858 "-" "Mozilla/5.0 (Windows NT 6.1; WOW64) AppleWebKit/537.36 (KHTML, like Gecko) Chrome/41.0.2272.101 Safari/537.36"
204.48.19.85 - - [07/Jul/2021:20:39:49 -0400] "POST /wp-cron.php?doing_wp_cron=1625704789.9479479789733886718750 HTTP/1.1" 200 6245 "https://suncoastoutdoor.net/wp-cron.php?doing_wp_cron=1625704789.9479479789733886718750" "WordPress/5.7.2; https://suncoastoutdoor.net"
23.95.217.2 - - [07/Jul/2021:20:39:49 -0400] "POST /wp-login.php HTTP/1.1" 200 8860 "-" "Mozilla/5.0 (Windows NT 6.3; Win64; x64) AppleWebKit/537.36 (KHTML, like Gecko) Chrome/57.0.2987.133 Safari/537.36"
45.14.12.193 - - [07/Jul/2021:20:43:34 -0400] "GET / HTTP/1.0" 301 549 "-" "Mozilla/5.0 (Windows NT 6.3; Win64; x64) AppleWebKit/537.36 (KHTML, like Gecko) Chrome/75.0.3770.100 Safari/537.36"
204.48.19.85 - - [07/Jul/2021:20:43:36 -0400] "POST /wp-cron.php?doing_wp_cron=1625705016.3608419895172119140625 HTTP/1.1" 200 6245 "https://suncoastoutdoor.net/wp-cron.php?doing_wp_cron=1625705016.3608419895172119140625" "WordPress/5.7.2; https://suncoastoutdoor.net"
45.14.12.193 - - [07/Jul/2021:20:43:35 -0400] "GET / HTTP/1.0" 200 129438 "-" "Mozilla/5.0 (Windows NT 6.3; Win64; x64) AppleWebKit/537.36 (KHTML, like Gecko) Chrome/75.0.3770.100 Safari/537.36"
204.48.19.85 - - [07/Jul/2021:20:44:52 -0400] "POST /wp-cron.php?doing_wp_cron=1625705092.3994829654693603515625 HTTP/1.1" 200 6229 "https://suncoastoutdoor.net/wp-cron.php?doing_wp_cron=1625705092.3994829654693603515625" "WordPress/5.7.2; https://suncoastoutdoor.net"
31.192.208.12 - - [07/Jul/2021:20:44:51 -0400] "POST /wp-login.php HTTP/1.1" 200 8858 "-" "Mozilla/5.0 (Windows NT 6.3; Win64; x64) AppleWebKit/537.36 (KHTML, like Gecko) Chrome/65.0.3325.181 Safari/537.36"
204.48.19.85 - - [07/Jul/2021:20:56:25 -0400] "POST /wp-cron.php?doing_wp_cron=1625705785.7498579025268554687500 HTTP/1.1" 200 6245 "https://suncoastoutdoor.net/wp-cron.php?doing_wp_cron=1625705785.7498579025268554687500" "WordPress/5.7.2; https://suncoastoutdoor.net"
148.251.78.109 - - [07/Jul/2021:20:56:25 -0400] "POST /wp-login.php HTTP/1.1" 200 8860 "-" "Mozilla/5.0 (Windows NT 10.0; Win64; x64) AppleWebKit/537.36 (KHTML, like Gecko) Chrome/86.0.4240.193 Safari/537.36"
204.48.19.85 - - [07/Jul/2021:21:01:33 -0400] "POST /wp-cron.php?doing_wp_cron=1625706093.8973801136016845703125 HTTP/1.1" 200 6261 "https://suncoastoutdoor.net/wp-cron.php?doing_wp_cron=1625706093.8973801136016845703125" "WordPress/5.7.2; https://suncoastoutdoor.net"
118.25.72.104 - - [07/Jul/2021:21:01:33 -0400] "POST /wp-login.php HTTP/1.1" 200 8858 "-" "Mozilla/5.0 (Windows NT 6.1; Win64; x64) AppleWebKit/537.36 (KHTML, like Gecko) Chrome/70.0.3538.67 Safari/537.36"
54.36.149.23 - - [07/Jul/2021:21:06:38 -0400] "GET /robots.txt HTTP/1.1" 404 6506 "-" "Mozilla/5.0 (compatible; AhrefsBot/7.0; +http://ahrefs.com/robot/)"
204.48.19.85 - - [07/Jul/2021:21:06:39 -0400] "POST /wp-cron.php?doing_wp_cron=1625706399.8322560787200927734375 HTTP/1.1" 200 6245 "https://suncoastoutdoor.net/wp-cron.php?doing_wp_cron=1625706399.8322560787200927734375" "WordPress/5.7.2; https://suncoastoutdoor.net"
54.36.148.2 - - [07/Jul/2021:21:06:39 -0400] "GET / HTTP/1.1" 200 23491 "-" "Mozilla/5.0 (compatible; AhrefsBot/7.0; +http://ahrefs.com/robot/)"
204.48.19.85 - - [07/Jul/2021:21:13:42 -0400] "POST /wp-cron.php?doing_wp_cron=1625706822.2913069725036621093750 HTTP/1.1" 200 6261 "https://suncoastoutdoor.net/wp-cron.php?doing_wp_cron=1625706822.2913069725036621093750" "WordPress/5.7.2; https://suncoastoutdoor.net"
134.249.101.234 - - [07/Jul/2021:21:13:41 -0400] "POST /wp-login.php HTTP/1.1" 200 8860 "-" "Mozilla/5.0 (Windows NT 6.1) AppleWebKit/537.36 (KHTML, like Gecko) Chrome/80.0.3987.132 Safari/537.36"
204.48.19.85 - - [07/Jul/2021:21:18:42 -0400] "POST /wp-cron.php?doing_wp_cron=1625707122.0524051189422607421875 HTTP/1.1" 200 6245 "https://suncoastoutdoor.net/wp-cron.php?doing_wp_cron=1625707122.0524051189422607421875" "WordPress/5.7.2; https://suncoastoutdoor.net"
161.35.208.18 - - [07/Jul/2021:21:18:41 -0400] "POST /wp-login.php HTTP/1.1" 200 8858 "-" "Mozilla/5.0 (Windows NT 6.3; WOW64) AppleWebKit/537.36 (KHTML, like Gecko) Chrome/47.0.2526.106 Safari/537.36"
204.48.19.85 - - [07/Jul/2021:21:22:24 -0400] "POST /wp-cron.php?doing_wp_cron=1625707344.2248430252075195312500 HTTP/1.1" 200 6245 "https://suncoastoutdoor.net/wp-cron.php?doing_wp_cron=1625707344.2248430252075195312500" "WordPress/5.7.2; https://suncoastoutdoor.net"
182.176.222.232 - - [07/Jul/2021:21:22:23 -0400] "GET /wp-login.php HTTP/1.1" 200 8032 "-" "Mozilla/5.0 (X11; Ubuntu; Linux x86_64; rv:62.0) Gecko/20100101 Firefox/62.0"
182.176.222.232 - - [07/Jul/2021:21:22:25 -0400] "POST /wp-login.php HTTP/1.1" 200 8155 "-" "Mozilla/5.0 (X11; Ubuntu; Linux x86_64; rv:62.0) Gecko/20100101 Firefox/62.0"
182.176.222.232 - - [07/Jul/2021:21:22:27 -0400] "GET /wp-login.php HTTP/1.1" 200 8032 "-" "Mozilla/5.0 (X11; Ubuntu; Linux x86_64; rv:62.0) Gecko/20100101 Firefox/62.0"
182.176.222.232 - - [07/Jul/2021:21:22:29 -0400] "POST /wp-login.php HTTP/1.1" 200 8133 "-" "Mozilla/5.0 (X11; Ubuntu; Linux x86_64; rv:62.0) Gecko/20100101 Firefox/62.0"
182.176.222.232 - - [07/Jul/2021:21:22:30 -0400] "POST /xmlrpc.php HTTP/1.1" 200 5786 "-" "Mozilla/5.0 (X11; Ubuntu; Linux x86_64; rv:62.0) Gecko/20100101 Firefox/62.0"
204.48.19.85 - - [07/Jul/2021:21:29:27 -0400] "POST /wp-cron.php?doing_wp_cron=1625707767.4652891159057617187500 HTTP/1.1" 200 6261 "https://suncoastoutdoor.net/wp-cron.php?doing_wp_cron=1625707767.4652891159057617187500" "WordPress/5.7.2; https://suncoastoutdoor.net"
51.178.64.83 - - [07/Jul/2021:21:29:26 -0400] "POST /wp-login.php HTTP/1.1" 200 8860 "-" "Mozilla/5.0 (Windows NT 6.1; WOW64) AppleWebKit/537.36 (KHTML, like Gecko) Chrome/47.0.2526.111 Safari/537.36 MVisionPlayer/1.0.0.0"
204.48.19.85 - - [07/Jul/2021:21:34:26 -0400] "POST /wp-cron.php?doing_wp_cron=1625708066.9289479255676269531250 HTTP/1.1" 200 6245 "https://suncoastoutdoor.net/wp-cron.php?doing_wp_cron=1625708066.9289479255676269531250" "WordPress/5.7.2; https://suncoastoutdoor.net"
159.203.115.159 - - [07/Jul/2021:21:34:26 -0400] "POST /wp-login.php HTTP/1.1" 200 8858 "-" "Mozilla/5.0 (Windows NT 10.0; WOW64) AppleWebKit/537.36 (KHTML, like Gecko) Chrome/79.0.3945.130 Safari/537.36"
204.48.19.85 - - [07/Jul/2021:21:45:32 -0400] "POST /wp-cron.php?doing_wp_cron=1625708732.1752750873565673828125 HTTP/1.1" 200 6245 "https://suncoastoutdoor.net/wp-cron.php?doing_wp_cron=1625708732.1752750873565673828125" "WordPress/5.7.2; https://suncoastoutdoor.net"
166.62.124.228 - - [07/Jul/2021:21:45:31 -0400] "POST /wp-login.php HTTP/1.1" 200 8860 "-" "Mozilla/5.0 (Windows NT 10.0; Win64; x64) AppleWebKit/537.36 (KHTML, like Gecko) Chrome/73.0.3683.86 Safari/537.36"
204.48.19.85 - - [07/Jul/2021:21:50:28 -0400] "POST /wp-cron.php?doing_wp_cron=1625709028.7726991176605224609375 HTTP/1.1" 200 6245 "https://suncoastoutdoor.net/wp-cron.php?doing_wp_cron=1625709028.7726991176605224609375" "WordPress/5.7.2; https://suncoastoutdoor.net"
72.167.225.115 - - [07/Jul/2021:21:50:28 -0400] "POST /wp-login.php HTTP/1.1" 200 8858 "-" "Mozilla/5.0 (Windows NT 6.3; Win64; x64) AppleWebKit/537.36 (KHTML, like Gecko) Chrome/65.0.3325.181 Safari/537.36"
204.48.19.85 - - [07/Jul/2021:22:01:42 -0400] "POST /wp-cron.php?doing_wp_cron=1625709702.5947039127349853515625 HTTP/1.1" 200 6245 "https://suncoastoutdoor.net/wp-cron.php?doing_wp_cron=1625709702.5947039127349853515625" "WordPress/5.7.2; https://suncoastoutdoor.net"
166.62.124.228 - - [07/Jul/2021:22:01:42 -0400] "POST /wp-login.php HTTP/1.1" 200 8860 "-" "Mozilla/5.0 (Windows NT 10.0; WOW64) AppleWebKit/537.36 (KHTML, like Gecko) Chrome/46.0.2490.86 Safari/537.36"
204.48.19.85 - - [07/Jul/2021:22:06:52 -0400] "POST /wp-cron.php?doing_wp_cron=1625710012.1548380851745605468750 HTTP/1.1" 200 6229 "https://suncoastoutdoor.net/wp-cron.php?doing_wp_cron=1625710012.1548380851745605468750" "WordPress/5.7.2; https://suncoastoutdoor.net"
162.144.79.130 - - [07/Jul/2021:22:06:51 -0400] "POST /wp-login.php HTTP/1.1" 200 8858 "-" "Mozilla/5.0 (Windows NT 10.0; Win64; x64) AppleWebKit/537.36 (KHTML, like Gecko) Chrome/66.0.3359.117 Safari/537.36"
