84.232.148.17 - - [11/Jul/2021:07:24:42 -0400] "POST /xmlrpc.php HTTP/1.1" 403 6168 "-" "Mozilla/5.0 (Windows NT 6.1; Win64; x64) AppleWebKit/537.36 (KHTML, like Gecko) Chrome/59.0.3071.109 Safari/537.36"
5.15.28.186 - - [11/Jul/2021:07:24:45 -0400] "POST /xmlrpc.php HTTP/1.1" 403 6168 "-" "Mozilla/5.0 (Windows NT 6.1; Win64; x64) AppleWebKit/537.36 (KHTML, like Gecko) Chrome/59.0.3071.109 Safari/537.36"
125.25.151.52 - - [11/Jul/2021:07:24:50 -0400] "POST /xmlrpc.php HTTP/1.1" 403 6168 "-" "Mozilla/5.0 (Windows NT 6.1; Win64; x64) AppleWebKit/537.36 (KHTML, like Gecko) Chrome/59.0.3071.109 Safari/537.36"
45.186.100.32 - - [11/Jul/2021:07:24:55 -0400] "POST /xmlrpc.php HTTP/1.1" 403 6168 "-" "Mozilla/5.0 (Windows NT 6.1; Win64; x64) AppleWebKit/537.36 (KHTML, like Gecko) Chrome/59.0.3071.109 Safari/537.36"
204.48.19.85 - - [11/Jul/2021:07:24:59 -0400] "POST /wp-cron.php?doing_wp_cron=1626002699.7051949501037597656250 HTTP/1.1" 200 6261 "https://suncoastoutdoor.net/wp-cron.php?doing_wp_cron=1626002699.7051949501037597656250" "WordPress/5.7.2; https://suncoastoutdoor.net"
92.51.72.150 - - [11/Jul/2021:07:24:59 -0400] "POST /xmlrpc.php HTTP/1.1" 403 6168 "-" "Mozilla/5.0 (Windows NT 6.1; Win64; x64) AppleWebKit/537.36 (KHTML, like Gecko) Chrome/59.0.3071.109 Safari/537.36"
187.86.253.144 - - [11/Jul/2021:07:25:04 -0400] "POST /xmlrpc.php HTTP/1.1" 403 6168 "-" "Mozilla/5.0 (Windows NT 6.1; Win64; x64) AppleWebKit/537.36 (KHTML, like Gecko) Chrome/59.0.3071.109 Safari/537.36"
196.188.241.241 - - [11/Jul/2021:07:25:12 -0400] "POST /xmlrpc.php HTTP/1.1" 403 6168 "-" "Mozilla/5.0 (Windows NT 6.1; Win64; x64) AppleWebKit/537.36 (KHTML, like Gecko) Chrome/59.0.3071.109 Safari/537.36"
1.0.226.153 - - [11/Jul/2021:07:25:20 -0400] "POST /xmlrpc.php HTTP/1.1" 403 6168 "-" "Mozilla/5.0 (Windows NT 6.1; Win64; x64) AppleWebKit/537.36 (KHTML, like Gecko) Chrome/59.0.3071.109 Safari/537.36"
58.11.6.10 - - [11/Jul/2021:07:25:25 -0400] "POST /xmlrpc.php HTTP/1.1" 403 6168 "-" "Mozilla/5.0 (Windows NT 6.1; Win64; x64) AppleWebKit/537.36 (KHTML, like Gecko) Chrome/59.0.3071.109 Safari/537.36"
103.120.203.216 - - [11/Jul/2021:07:25:30 -0400] "POST /xmlrpc.php HTTP/1.1" 403 6168 "-" "Mozilla/5.0 (Windows NT 6.1; Win64; x64) AppleWebKit/537.36 (KHTML, like Gecko) Chrome/59.0.3071.109 Safari/537.36"
36.77.65.51 - - [11/Jul/2021:07:25:39 -0400] "POST /xmlrpc.php HTTP/1.1" 403 6168 "-" "Mozilla/5.0 (Windows NT 6.1; Win64; x64) AppleWebKit/537.36 (KHTML, like Gecko) Chrome/59.0.3071.109 Safari/537.36"
5.37.222.68 - - [11/Jul/2021:07:25:46 -0400] "POST /xmlrpc.php HTTP/1.1" 403 6168 "-" "Mozilla/5.0 (Windows NT 6.1; Win64; x64) AppleWebKit/537.36 (KHTML, like Gecko) Chrome/59.0.3071.109 Safari/537.36"
178.135.9.15 - - [11/Jul/2021:07:25:49 -0400] "POST /xmlrpc.php HTTP/1.1" 403 6168 "-" "Mozilla/5.0 (Windows NT 6.1; Win64; x64) AppleWebKit/537.36 (KHTML, like Gecko) Chrome/59.0.3071.109 Safari/537.36"
204.48.19.85 - - [11/Jul/2021:07:25:59 -0400] "POST /wp-cron.php?doing_wp_cron=1626002759.9028840065002441406250 HTTP/1.1" 200 6261 "https://suncoastoutdoor.net/wp-cron.php?doing_wp_cron=1626002759.9028840065002441406250" "WordPress/5.7.2; https://suncoastoutdoor.net"
208.68.39.4 - - [11/Jul/2021:07:25:59 -0400] "GET /wp-login.php HTTP/1.1" 200 8032 "-" "Mozilla/5.0 (X11; Ubuntu; Linux x86_64; rv:62.0) Gecko/20100101 Firefox/62.0"
208.68.39.4 - - [11/Jul/2021:07:26:00 -0400] "POST /wp-login.php HTTP/1.1" 200 8155 "-" "Mozilla/5.0 (X11; Ubuntu; Linux x86_64; rv:62.0) Gecko/20100101 Firefox/62.0"
208.68.39.4 - - [11/Jul/2021:07:26:00 -0400] "GET /wp-login.php HTTP/1.1" 200 8032 "-" "Mozilla/5.0 (X11; Ubuntu; Linux x86_64; rv:62.0) Gecko/20100101 Firefox/62.0"
208.68.39.4 - - [11/Jul/2021:07:26:01 -0400] "POST /wp-login.php HTTP/1.1" 200 8157 "-" "Mozilla/5.0 (X11; Ubuntu; Linux x86_64; rv:62.0) Gecko/20100101 Firefox/62.0"
107.150.63.170 - - [11/Jul/2021:07:26:03 -0400] "GET /wp-login.php HTTP/1.1" 200 13769 "-" "Mozilla/5.0 (Macintosh; Intel Mac OS X 10.9; rv:30.0) Gecko/20100101 Firefox/30.0"
107.150.63.170 - - [11/Jul/2021:07:26:04 -0400] "POST /wp-login.php HTTP/1.1" 200 8947 "-" "Mozilla/5.0 (Macintosh; Intel Mac OS X 10.9; rv:30.0) Gecko/20100101 Firefox/30.0"
204.48.19.85 - - [11/Jul/2021:07:42:21 -0400] "POST /wp-cron.php?doing_wp_cron=1626003741.5037260055541992187500 HTTP/1.1" 200 6245 "https://suncoastoutdoor.net/wp-cron.php?doing_wp_cron=1626003741.5037260055541992187500" "WordPress/5.7.2; https://suncoastoutdoor.net"
69.30.225.98 - - [11/Jul/2021:07:42:20 -0400] "GET /wp-login.php HTTP/1.1" 200 13769 "-" "Mozilla/5.0 (Macintosh; Intel Mac OS X 10_9_2) AppleWebKit/537.36 (KHTML, like Gecko) Chrome/35.0.1916.153 Safari/537.36"
69.30.225.98 - - [11/Jul/2021:07:42:22 -0400] "POST /wp-login.php HTTP/1.1" 200 8947 "-" "Mozilla/5.0 (Macintosh; Intel Mac OS X 10_9_2) AppleWebKit/537.36 (KHTML, like Gecko) Chrome/35.0.1916.153 Safari/537.36"
204.48.19.85 - - [11/Jul/2021:07:57:56 -0400] "POST /wp-cron.php?doing_wp_cron=1626004676.0864140987396240234375 HTTP/1.1" 200 6245 "https://suncoastoutdoor.net/wp-cron.php?doing_wp_cron=1626004676.0864140987396240234375" "WordPress/5.7.2; https://suncoastoutdoor.net"
173.208.244.94 - - [11/Jul/2021:07:57:55 -0400] "GET /wp-login.php HTTP/1.1" 200 13769 "-" "Mozilla/5.0 (Windows NT 6.1; WOW64; rv:29.0) Gecko/20100101 Firefox/29.0"
204.48.19.85 - - [11/Jul/2021:07:57:57 -0400] "POST /wp-cron.php?doing_wp_cron=1626004677.0401968955993652343750 HTTP/1.1" 200 6245 "https://suncoastoutdoor.net/wp-cron.php?doing_wp_cron=1626004677.0401968955993652343750" "WordPress/5.7.2; https://suncoastoutdoor.net"
173.208.244.94 - - [11/Jul/2021:07:57:56 -0400] "POST /wp-login.php HTTP/1.1" 200 8929 "-" "Mozilla/5.0 (Windows NT 6.1; WOW64; rv:29.0) Gecko/20100101 Firefox/29.0"
204.48.19.85 - - [11/Jul/2021:08:04:07 -0400] "POST /wp-cron.php?doing_wp_cron=1626005047.6104140281677246093750 HTTP/1.1" 200 6245 "https://suncoastoutdoor.net/wp-cron.php?doing_wp_cron=1626005047.6104140281677246093750" "WordPress/5.7.2; https://suncoastoutdoor.net"
192.151.145.142 - - [11/Jul/2021:08:04:06 -0400] "GET /wp-login.php HTTP/1.1" 200 13769 "-" "Mozilla/5.0 (compatible; MSIE 9.0; Windows NT 6.1; Trident/5.0)"
192.151.145.142 - - [11/Jul/2021:08:04:08 -0400] "POST /wp-login.php HTTP/1.1" 200 8947 "-" "Mozilla/5.0 (compatible; MSIE 9.0; Windows NT 6.1; Trident/5.0)"
204.48.19.85 - - [11/Jul/2021:08:07:31 -0400] "POST /wp-cron.php?doing_wp_cron=1626005251.6730918884277343750000 HTTP/1.1" 200 6229 "https://suncoastoutdoor.net/wp-cron.php?doing_wp_cron=1626005251.6730918884277343750000" "WordPress/5.7.2; https://suncoastoutdoor.net"
192.151.145.142 - - [11/Jul/2021:08:07:30 -0400] "GET /wp-login.php HTTP/1.1" 200 13769 "-" "Mozilla/5.0 (iPhone; CPU iPhone OS 7_1_2 like Mac OS X) AppleWebKit/537.51.1 (KHTML, like Gecko) GSA/4.1.0.31802 Mobile/11D257 Safari/9537.53"
192.151.145.142 - - [11/Jul/2021:08:07:32 -0400] "POST /wp-login.php HTTP/1.1" 200 8947 "-" "Mozilla/5.0 (iPhone; CPU iPhone OS 7_1_2 like Mac OS X) AppleWebKit/537.51.1 (KHTML, like Gecko) GSA/4.1.0.31802 Mobile/11D257 Safari/9537.53"
204.48.19.85 - - [11/Jul/2021:08:19:09 -0400] "POST /wp-cron.php?doing_wp_cron=1626005949.4171090126037597656250 HTTP/1.1" 200 6245 "https://suncoastoutdoor.net/wp-cron.php?doing_wp_cron=1626005949.4171090126037597656250" "WordPress/5.7.2; https://suncoastoutdoor.net"
5.253.61.250 - - [11/Jul/2021:08:19:08 -0400] "POST /wp-login.php HTTP/1.1" 200 8860 "-" "Mozilla/5.0 (Windows NT 6.1) AppleWebKit/537.36 (KHTML, like Gecko) Chrome/70.0.3538.77 Safari/537.36"
204.48.19.85 - - [11/Jul/2021:08:19:59 -0400] "POST /wp-cron.php?doing_wp_cron=1626005999.9844830036163330078125 HTTP/1.1" 200 6245 "https://suncoastoutdoor.net/wp-cron.php?doing_wp_cron=1626005999.9844830036163330078125" "WordPress/5.7.2; https://suncoastoutdoor.net"
34.90.92.66 - - [11/Jul/2021:08:19:59 -0400] "POST /wp-login.php HTTP/1.1" 200 8858 "-" "Mozilla/5.0 (Windows NT 6.1) AppleWebKit/537.36 (KHTML, like Gecko) Chrome/70.0.3538.102 Safari/537.36"
204.48.19.85 - - [11/Jul/2021:08:26:57 -0400] "POST /wp-cron.php?doing_wp_cron=1626006417.3923559188842773437500 HTTP/1.1" 200 6245 "https://suncoastoutdoor.net/wp-cron.php?doing_wp_cron=1626006417.3923559188842773437500" "WordPress/5.7.2; https://suncoastoutdoor.net"
165.22.78.79 - - [11/Jul/2021:08:26:56 -0400] "GET /wp-login.php HTTP/1.1" 200 8031 "-" "Mozilla/5.0 (X11; Ubuntu; Linux x86_64; rv:62.0) Gecko/20100101 Firefox/62.0"
165.22.78.79 - - [11/Jul/2021:08:26:58 -0400] "POST /wp-login.php HTTP/1.1" 200 8155 "-" "Mozilla/5.0 (X11; Ubuntu; Linux x86_64; rv:62.0) Gecko/20100101 Firefox/62.0"
165.22.78.79 - - [11/Jul/2021:08:26:59 -0400] "GET /wp-login.php HTTP/1.1" 200 8031 "-" "Mozilla/5.0 (X11; Ubuntu; Linux x86_64; rv:62.0) Gecko/20100101 Firefox/62.0"
165.22.78.79 - - [11/Jul/2021:08:26:59 -0400] "POST /wp-login.php HTTP/1.1" 200 8157 "-" "Mozilla/5.0 (X11; Ubuntu; Linux x86_64; rv:62.0) Gecko/20100101 Firefox/62.0"
165.22.78.79 - - [11/Jul/2021:08:27:00 -0400] "POST /xmlrpc.php HTTP/1.1" 200 5786 "-" "Mozilla/5.0 (X11; Ubuntu; Linux x86_64; rv:62.0) Gecko/20100101 Firefox/62.0"
204.48.19.85 - - [11/Jul/2021:08:35:02 -0400] "POST /wp-cron.php?doing_wp_cron=1626006902.2065510749816894531250 HTTP/1.1" 200 6261 "https://suncoastoutdoor.net/wp-cron.php?doing_wp_cron=1626006902.2065510749816894531250" "WordPress/5.7.2; https://suncoastoutdoor.net"
107.150.63.173 - - [11/Jul/2021:08:35:01 -0400] "GET /wp-login.php HTTP/1.1" 200 13769 "-" "Mozilla/5.0 (Windows NT 6.3; WOW64; rv:31.0) Gecko/20100101 Firefox/31.0"
107.150.63.173 - - [11/Jul/2021:08:35:02 -0400] "POST /wp-login.php HTTP/1.1" 200 8947 "-" "Mozilla/5.0 (Windows NT 6.3; WOW64; rv:31.0) Gecko/20100101 Firefox/31.0"
204.48.19.85 - - [11/Jul/2021:08:36:19 -0400] "POST /wp-cron.php?doing_wp_cron=1626006979.7219378948211669921875 HTTP/1.1" 200 6261 "https://suncoastoutdoor.net/wp-cron.php?doing_wp_cron=1626006979.7219378948211669921875" "WordPress/5.7.2; https://suncoastoutdoor.net"
107.150.59.244 - - [11/Jul/2021:08:36:19 -0400] "GET /wp-login.php HTTP/1.1" 200 13769 "-" "Mozilla/5.0 (Windows NT 6.1; rv:31.0) Gecko/20100101 Firefox/31.0"
107.150.59.244 - - [11/Jul/2021:08:36:20 -0400] "POST /wp-login.php HTTP/1.1" 200 8947 "-" "Mozilla/5.0 (Windows NT 6.1; rv:31.0) Gecko/20100101 Firefox/31.0"
204.48.19.85 - - [11/Jul/2021:08:45:57 -0400] "POST /wp-cron.php?doing_wp_cron=1626007557.6959149837493896484375 HTTP/1.1" 200 6261 "https://suncoastoutdoor.net/wp-cron.php?doing_wp_cron=1626007557.6959149837493896484375" "WordPress/5.7.2; https://suncoastoutdoor.net"
166.62.122.244 - - [11/Jul/2021:08:45:57 -0400] "GET /wp-login.php HTTP/1.1" 200 8031 "-" "Mozilla/5.0 (X11; Ubuntu; Linux x86_64; rv:62.0) Gecko/20100101 Firefox/62.0"
166.62.122.244 - - [11/Jul/2021:08:45:58 -0400] "POST /wp-login.php HTTP/1.1" 200 8155 "-" "Mozilla/5.0 (X11; Ubuntu; Linux x86_64; rv:62.0) Gecko/20100101 Firefox/62.0"
166.62.122.244 - - [11/Jul/2021:08:45:59 -0400] "GET /wp-login.php HTTP/1.1" 200 8031 "-" "Mozilla/5.0 (X11; Ubuntu; Linux x86_64; rv:62.0) Gecko/20100101 Firefox/62.0"
166.62.122.244 - - [11/Jul/2021:08:46:00 -0400] "POST /wp-login.php HTTP/1.1" 200 8133 "-" "Mozilla/5.0 (X11; Ubuntu; Linux x86_64; rv:62.0) Gecko/20100101 Firefox/62.0"
166.62.122.244 - - [11/Jul/2021:08:46:01 -0400] "POST /xmlrpc.php HTTP/1.1" 200 5786 "-" "Mozilla/5.0 (X11; Ubuntu; Linux x86_64; rv:62.0) Gecko/20100101 Firefox/62.0"
204.48.19.85 - - [11/Jul/2021:08:47:04 -0400] "POST /wp-cron.php?doing_wp_cron=1626007624.6951920986175537109375 HTTP/1.1" 200 6245 "https://suncoastoutdoor.net/wp-cron.php?doing_wp_cron=1626007624.6951920986175537109375" "WordPress/5.7.2; https://suncoastoutdoor.net"
195.93.152.83 - - [11/Jul/2021:08:47:04 -0400] "POST /wp-login.php HTTP/1.1" 200 8860 "-" "Mozilla/5.0 (Windows NT 6.1; WOW64) AppleWebKit/537.36 (KHTML, like Gecko) Chrome/47.0.2526.111 Safari/537.36 MVisionPlayer/1.0.0.0"
204.48.19.85 - - [11/Jul/2021:08:48:04 -0400] "POST /wp-cron.php?doing_wp_cron=1626007683.9938929080963134765625 HTTP/1.1" 200 6245 "https://suncoastoutdoor.net/wp-cron.php?doing_wp_cron=1626007683.9938929080963134765625" "WordPress/5.7.2; https://suncoastoutdoor.net"
34.67.176.220 - - [11/Jul/2021:08:48:03 -0400] "POST /wp-login.php HTTP/1.1" 200 8858 "-" "Mozilla/5.0 (Windows NT 5.1) AppleWebKit/537.36 (KHTML, like Gecko) Chrome/47.0.2526.106 Safari/537.36"
204.48.19.85 - - [11/Jul/2021:08:49:00 -0400] "POST /wp-cron.php?doing_wp_cron=1626007740.4580159187316894531250 HTTP/1.1" 200 6245 "https://suncoastoutdoor.net/wp-cron.php?doing_wp_cron=1626007740.4580159187316894531250" "WordPress/5.7.2; https://suncoastoutdoor.net"
107.150.46.51 - - [11/Jul/2021:08:48:59 -0400] "GET /wp-login.php HTTP/1.1" 200 13769 "-" "Mozilla/5.0 (Windows NT 6.3; WOW64; Trident/7.0; rv:11.0) like Gecko"
107.150.46.51 - - [11/Jul/2021:08:49:01 -0400] "POST /wp-login.php HTTP/1.1" 200 8947 "-" "Mozilla/5.0 (Windows NT 6.3; WOW64; Trident/7.0; rv:11.0) like Gecko"
204.48.19.85 - - [11/Jul/2021:09:04:57 -0400] "POST /wp-cron.php?doing_wp_cron=1626008697.9330580234527587890625 HTTP/1.1" 200 6245 "https://suncoastoutdoor.net/wp-cron.php?doing_wp_cron=1626008697.9330580234527587890625" "WordPress/5.7.2; https://suncoastoutdoor.net"
35.239.109.103 - - [11/Jul/2021:09:04:57 -0400] "GET /wp-login.php HTTP/1.1" 200 8031 "-" "Mozilla/5.0 (X11; Ubuntu; Linux x86_64; rv:62.0) Gecko/20100101 Firefox/62.0"
35.239.109.103 - - [11/Jul/2021:09:04:58 -0400] "POST /wp-login.php HTTP/1.1" 200 8155 "-" "Mozilla/5.0 (X11; Ubuntu; Linux x86_64; rv:62.0) Gecko/20100101 Firefox/62.0"
35.239.109.103 - - [11/Jul/2021:09:04:59 -0400] "GET /wp-login.php HTTP/1.1" 200 8031 "-" "Mozilla/5.0 (X11; Ubuntu; Linux x86_64; rv:62.0) Gecko/20100101 Firefox/62.0"
35.239.109.103 - - [11/Jul/2021:09:04:59 -0400] "POST /wp-login.php HTTP/1.1" 200 8133 "-" "Mozilla/5.0 (X11; Ubuntu; Linux x86_64; rv:62.0) Gecko/20100101 Firefox/62.0"
35.239.109.103 - - [11/Jul/2021:09:05:00 -0400] "POST /xmlrpc.php HTTP/1.1" 200 5786 "-" "Mozilla/5.0 (X11; Ubuntu; Linux x86_64; rv:62.0) Gecko/20100101 Firefox/62.0"
204.48.19.85 - - [11/Jul/2021:09:13:55 -0400] "POST /wp-cron.php?doing_wp_cron=1626009235.3014938831329345703125 HTTP/1.1" 200 6229 "https://suncoastoutdoor.net/wp-cron.php?doing_wp_cron=1626009235.3014938831329345703125" "WordPress/5.7.2; https://suncoastoutdoor.net"
107.150.63.173 - - [11/Jul/2021:09:13:54 -0400] "GET /wp-login.php HTTP/1.1" 200 13769 "-" "Mozilla/5.0 (iPhone; CPU iPhone OS 7_1_1 like Mac OS X) AppleWebKit/537.51.2 (KHTML, like Gecko) Version/7.0 Mobile/11D201 Safari/9537.53"
107.150.63.173 - - [11/Jul/2021:09:13:55 -0400] "POST /wp-login.php HTTP/1.1" 200 8947 "-" "Mozilla/5.0 (iPhone; CPU iPhone OS 7_1_1 like Mac OS X) AppleWebKit/537.51.2 (KHTML, like Gecko) Version/7.0 Mobile/11D201 Safari/9537.53"
204.48.19.85 - - [11/Jul/2021:09:15:23 -0400] "POST /wp-cron.php?doing_wp_cron=1626009323.4961190223693847656250 HTTP/1.1" 200 6229 "https://suncoastoutdoor.net/wp-cron.php?doing_wp_cron=1626009323.4961190223693847656250" "WordPress/5.7.2; https://suncoastoutdoor.net"
198.204.234.253 - - [11/Jul/2021:09:15:23 -0400] "GET /wp-login.php HTTP/1.1" 200 13769 "-" "Mozilla/5.0 (Windows NT 6.2; WOW64; rv:31.0) Gecko/20100101 Firefox/31.0"
198.204.234.253 - - [11/Jul/2021:09:15:24 -0400] "POST /wp-login.php HTTP/1.1" 200 8947 "-" "Mozilla/5.0 (Windows NT 6.2; WOW64; rv:31.0) Gecko/20100101 Firefox/31.0"
204.48.19.85 - - [11/Jul/2021:09:17:31 -0400] "POST /wp-cron.php?doing_wp_cron=1626009450.9914770126342773437500 HTTP/1.1" 200 6229 "https://suncoastoutdoor.net/wp-cron.php?doing_wp_cron=1626009450.9914770126342773437500" "WordPress/5.7.2; https://suncoastoutdoor.net"
58.177.156.100 - - [11/Jul/2021:09:17:30 -0400] "POST /wp-login.php HTTP/1.1" 200 8860 "-" "Mozilla/5.0 (Windows NT 6.1; WOW64) AppleWebKit/537.36 (KHTML, like Gecko) Chrome/47.0.2526.111 Safari/537.36 MVisionPlayer/1.0.0.0"
204.48.19.85 - - [11/Jul/2021:09:18:31 -0400] "POST /wp-cron.php?doing_wp_cron=1626009511.8740630149841308593750 HTTP/1.1" 200 6229 "https://suncoastoutdoor.net/wp-cron.php?doing_wp_cron=1626009511.8740630149841308593750" "WordPress/5.7.2; https://suncoastoutdoor.net"
161.35.208.18 - - [11/Jul/2021:09:18:31 -0400] "POST /wp-login.php HTTP/1.1" 200 8858 "-" "Mozilla/5.0 (Windows NT 10.0; WOW64) AppleWebKit/537.36 (KHTML, like Gecko) Chrome/56.0.2924.87 Safari/537.36"
204.48.19.85 - - [11/Jul/2021:09:20:33 -0400] "POST /wp-cron.php?doing_wp_cron=1626009633.2236020565032958984375 HTTP/1.1" 200 6229 "https://suncoastoutdoor.net/wp-cron.php?doing_wp_cron=1626009633.2236020565032958984375" "WordPress/5.7.2; https://suncoastoutdoor.net"
134.209.144.86 - - [11/Jul/2021:09:20:32 -0400] "GET /wp-login.php HTTP/1.1" 200 8031 "-" "Mozilla/5.0 (X11; Ubuntu; Linux x86_64; rv:62.0) Gecko/20100101 Firefox/62.0"
134.209.144.86 - - [11/Jul/2021:09:20:34 -0400] "POST /wp-login.php HTTP/1.1" 200 8155 "-" "Mozilla/5.0 (X11; Ubuntu; Linux x86_64; rv:62.0) Gecko/20100101 Firefox/62.0"
134.209.144.86 - - [11/Jul/2021:09:20:36 -0400] "GET /wp-login.php HTTP/1.1" 200 8031 "-" "Mozilla/5.0 (X11; Ubuntu; Linux x86_64; rv:62.0) Gecko/20100101 Firefox/62.0"
134.209.144.86 - - [11/Jul/2021:09:20:47 -0400] "POST /xmlrpc.php HTTP/1.1" 200 5786 "-" "Mozilla/5.0 (X11; Ubuntu; Linux x86_64; rv:62.0) Gecko/20100101 Firefox/62.0"
204.48.19.85 - - [11/Jul/2021:09:26:49 -0400] "POST /wp-cron.php?doing_wp_cron=1626010009.9207289218902587890625 HTTP/1.1" 200 6229 "https://suncoastoutdoor.net/wp-cron.php?doing_wp_cron=1626010009.9207289218902587890625" "WordPress/5.7.2; https://suncoastoutdoor.net"
192.151.145.142 - - [11/Jul/2021:09:26:49 -0400] "GET /wp-login.php HTTP/1.1" 200 13769 "-" "Mozilla/5.0 (Windows NT 6.3; WOW64; rv:31.0) Gecko/20100101 Firefox/31.0"
192.151.145.142 - - [11/Jul/2021:09:26:50 -0400] "POST /wp-login.php HTTP/1.1" 200 8933 "-" "Mozilla/5.0 (Windows NT 6.3; WOW64; rv:31.0) Gecko/20100101 Firefox/31.0"
204.48.19.85 - - [11/Jul/2021:09:30:25 -0400] "POST /wp-cron.php?doing_wp_cron=1626010225.7014629840850830078125 HTTP/1.1" 200 6261 "https://suncoastoutdoor.net/wp-cron.php?doing_wp_cron=1626010225.7014629840850830078125" "WordPress/5.7.2; https://suncoastoutdoor.net"
192.151.145.142 - - [11/Jul/2021:09:30:25 -0400] "GET /wp-login.php HTTP/1.1" 200 13769 "-" "Mozilla/5.0 (X11; Ubuntu; Linux x86_64; rv:31.0) Gecko/20100101 Firefox/31.0"
192.151.145.142 - - [11/Jul/2021:09:30:26 -0400] "POST /wp-login.php HTTP/1.1" 200 8947 "-" "Mozilla/5.0 (X11; Ubuntu; Linux x86_64; rv:31.0) Gecko/20100101 Firefox/31.0"
204.48.19.85 - - [11/Jul/2021:09:38:21 -0400] "POST /wp-cron.php?doing_wp_cron=1626010701.0802919864654541015625 HTTP/1.1" 200 6261 "https://suncoastoutdoor.net/wp-cron.php?doing_wp_cron=1626010701.0802919864654541015625" "WordPress/5.7.2; https://suncoastoutdoor.net"
159.203.77.13 - - [11/Jul/2021:09:38:20 -0400] "GET /wp-login.php HTTP/1.1" 200 8031 "-" "Mozilla/5.0 (X11; Ubuntu; Linux x86_64; rv:62.0) Gecko/20100101 Firefox/62.0"
159.203.77.13 - - [11/Jul/2021:09:38:22 -0400] "POST /wp-login.php HTTP/1.1" 200 8155 "-" "Mozilla/5.0 (X11; Ubuntu; Linux x86_64; rv:62.0) Gecko/20100101 Firefox/62.0"
159.203.77.13 - - [11/Jul/2021:09:38:22 -0400] "GET /wp-login.php HTTP/1.1" 200 8031 "-" "Mozilla/5.0 (X11; Ubuntu; Linux x86_64; rv:62.0) Gecko/20100101 Firefox/62.0"
159.203.77.13 - - [11/Jul/2021:09:38:28 -0400] "POST /wp-login.php HTTP/1.1" 200 8133 "-" "Mozilla/5.0 (X11; Ubuntu; Linux x86_64; rv:62.0) Gecko/20100101 Firefox/62.0"
159.203.77.13 - - [11/Jul/2021:09:38:28 -0400] "POST /xmlrpc.php HTTP/1.1" 200 5786 "-" "Mozilla/5.0 (X11; Ubuntu; Linux x86_64; rv:62.0) Gecko/20100101 Firefox/62.0"
198.204.234.253 - - [11/Jul/2021:09:38:44 -0400] "GET /wp-login.php HTTP/1.1" 200 13769 "-" "Mozilla/5.0 (Windows NT 6.1; WOW64; rv:24.0) Gecko/20100101 Firefox/24.0"
198.204.234.253 - - [11/Jul/2021:09:38:45 -0400] "POST /wp-login.php HTTP/1.1" 200 8947 "-" "Mozilla/5.0 (Windows NT 6.1; WOW64; rv:24.0) Gecko/20100101 Firefox/24.0"
27.147.202.214 - - [11/Jul/2021:09:43:42 -0400] "GET /robots.txt HTTP/1.1" 404 6562 "-" "Mozilla/5.0 (Windows NT 10.0; Win64; x64) AppleWebKit/537.36 (KHTML, like Gecko) Chrome/91.0.4472.124 Safari/537.36"
204.48.19.85 - - [11/Jul/2021:09:43:43 -0400] "POST /wp-cron.php?doing_wp_cron=1626011023.3976089954376220703125 HTTP/1.1" 200 6245 "https://suncoastoutdoor.net/wp-cron.php?doing_wp_cron=1626011023.3976089954376220703125" "WordPress/5.7.2; https://suncoastoutdoor.net"
27.147.202.214 - - [11/Jul/2021:09:43:42 -0400] "GET / HTTP/1.1" 200 23565 "-" "Mozilla/5.0 (Windows NT 10.0; Win64; x64) AppleWebKit/537.36 (KHTML, like Gecko) Chrome/91.0.4472.124 Safari/537.36"
27.147.202.214 - - [11/Jul/2021:09:43:44 -0400] "GET /wp-content/plugins/revslider/public/assets/css/rs6.css?ver=6.3.3 HTTP/1.1" 200 13102 "https://suncoastoutdoor.net/" "Mozilla/5.0 (Windows NT 10.0; Win64; x64) AppleWebKit/537.36 (KHTML, like Gecko) Chrome/91.0.4472.124 Safari/537.36"
27.147.202.214 - - [11/Jul/2021:09:43:44 -0400] "GET /wp-content/uploads/fusion-styles/4bed2601c1542c7ae83796428eec82cc.min.css?ver=3.2.1 HTTP/1.1" 200 149811 "https://suncoastoutdoor.net/" "Mozilla/5.0 (Windows NT 10.0; Win64; x64) AppleWebKit/537.36 (KHTML, like Gecko) Chrome/91.0.4472.124 Safari/537.36"
27.147.202.214 - - [11/Jul/2021:09:43:44 -0400] "GET /wp-content/plugins/google-analytics-for-wordpress/assets/js/frontend-gtag.min.js?ver=7.17.0 HTTP/1.1" 200 3218 "https://suncoastoutdoor.net/" "Mozilla/5.0 (Windows NT 10.0; Win64; x64) AppleWebKit/537.36 (KHTML, like Gecko) Chrome/91.0.4472.124 Safari/537.36"
27.147.202.214 - - [11/Jul/2021:09:43:44 -0400] "GET /wp-includes/js/jquery/jquery.min.js?ver=3.5.1 HTTP/1.1" 200 31401 "https://suncoastoutdoor.net/" "Mozilla/5.0 (Windows NT 10.0; Win64; x64) AppleWebKit/537.36 (KHTML, like Gecko) Chrome/91.0.4472.124 Safari/537.36"
27.147.202.214 - - [11/Jul/2021:09:43:44 -0400] "GET /wp-includes/js/jquery/jquery-migrate.min.js?ver=3.3.2 HTTP/1.1" 200 5162 "https://suncoastoutdoor.net/" "Mozilla/5.0 (Windows NT 10.0; Win64; x64) AppleWebKit/537.36 (KHTML, like Gecko) Chrome/91.0.4472.124 Safari/537.36"
27.147.202.214 - - [11/Jul/2021:09:43:44 -0400] "GET /wp-content/plugins/revslider/public/assets/js/rbtools.min.js?ver=6.3.3 HTTP/1.1" 200 47195 "https://suncoastoutdoor.net/" "Mozilla/5.0 (Windows NT 10.0; Win64; x64) AppleWebKit/537.36 (KHTML, like Gecko) Chrome/91.0.4472.124 Safari/537.36"
27.147.202.214 - - [11/Jul/2021:09:43:44 -0400] "GET /wp-content/plugins/revslider/public/assets/js/rs6.min.js?ver=6.3.3 HTTP/1.1" 200 86269 "https://suncoastoutdoor.net/" "Mozilla/5.0 (Windows NT 10.0; Win64; x64) AppleWebKit/537.36 (KHTML, like Gecko) Chrome/91.0.4472.124 Safari/537.36"
27.147.202.214 - - [11/Jul/2021:09:43:45 -0400] "GET /wp-includes/css/dist/block-library/style.min.css?ver=5.7.2 HTTP/1.1" 200 9110 "https://suncoastoutdoor.net/" "Mozilla/5.0 (Windows NT 10.0; Win64; x64) AppleWebKit/537.36 (KHTML, like Gecko) Chrome/91.0.4472.124 Safari/537.36"
27.147.202.214 - - [11/Jul/2021:09:43:45 -0400] "GET /wp-includes/css/dist/block-library/theme.min.css?ver=5.7.2 HTTP/1.1" 200 1105 "https://suncoastoutdoor.net/" "Mozilla/5.0 (Windows NT 10.0; Win64; x64) AppleWebKit/537.36 (KHTML, like Gecko) Chrome/91.0.4472.124 Safari/537.36"
27.147.202.214 - - [11/Jul/2021:09:43:45 -0400] "GET /wp-includes/js/dist/hooks.min.js?ver=50e23bed88bcb9e6e14023e9961698c1 HTTP/1.1" 200 2722 "https://suncoastoutdoor.net/" "Mozilla/5.0 (Windows NT 10.0; Win64; x64) AppleWebKit/537.36 (KHTML, like Gecko) Chrome/91.0.4472.124 Safari/537.36"
27.147.202.214 - - [11/Jul/2021:09:43:45 -0400] "GET /wp-includes/js/dist/i18n.min.js?ver=db9a9a37da262883343e941c3731bc67 HTTP/1.1" 200 4273 "https://suncoastoutdoor.net/" "Mozilla/5.0 (Windows NT 10.0; Win64; x64) AppleWebKit/537.36 (KHTML, like Gecko) Chrome/91.0.4472.124 Safari/537.36"
27.147.202.214 - - [11/Jul/2021:09:43:45 -0400] "GET /wp-includes/js/dist/vendor/lodash.min.js?ver=4.17.19 HTTP/1.1" 200 32322 "https://suncoastoutdoor.net/" "Mozilla/5.0 (Windows NT 10.0; Win64; x64) AppleWebKit/537.36 (KHTML, like Gecko) Chrome/91.0.4472.124 Safari/537.36"
27.147.202.214 - - [11/Jul/2021:09:43:45 -0400] "GET /wp-includes/js/dist/vendor/wp-polyfill.min.js?ver=7.4.4 HTTP/1.1" 200 34748 "https://suncoastoutdoor.net/" "Mozilla/5.0 (Windows NT 10.0; Win64; x64) AppleWebKit/537.36 (KHTML, like Gecko) Chrome/91.0.4472.124 Safari/537.36"
27.147.202.214 - - [11/Jul/2021:09:43:45 -0400] "GET /wp-content/themes/Avada/includes/lib/assets/fonts/fontawesome/webfonts/fa-solid-900.woff2 HTTP/1.1" 200 80693 "https://suncoastoutdoor.net/wp-content/uploads/fusion-styles/4bed2601c1542c7ae83796428eec82cc.min.css?ver=3.2.1" "Mozilla/5.0 (Windows NT 10.0; Win64; x64) AppleWebKit/537.36 (KHTML, like Gecko) Chrome/91.0.4472.124 Safari/537.36"
27.147.202.214 - - [11/Jul/2021:09:43:45 -0400] "GET /wp-content/themes/Avada/includes/lib/assets/fonts/fontawesome/webfonts/fa-regular-400.woff2 HTTP/1.1" 200 13916 "https://suncoastoutdoor.net/wp-content/uploads/fusion-styles/4bed2601c1542c7ae83796428eec82cc.min.css?ver=3.2.1" "Mozilla/5.0 (Windows NT 10.0; Win64; x64) AppleWebKit/537.36 (KHTML, like Gecko) Chrome/91.0.4472.124 Safari/537.36"
27.147.202.214 - - [11/Jul/2021:09:43:45 -0400] "GET /wp-content/themes/Avada/includes/lib/assets/fonts/icomoon/icomoon.woff HTTP/1.1" 200 21261 "https://suncoastoutdoor.net/wp-content/uploads/fusion-styles/4bed2601c1542c7ae83796428eec82cc.min.css?ver=3.2.1" "Mozilla/5.0 (Windows NT 10.0; Win64; x64) AppleWebKit/537.36 (KHTML, like Gecko) Chrome/91.0.4472.124 Safari/537.36"
27.147.202.214 - - [11/Jul/2021:09:43:46 -0400] "GET /wp-content/uploads/2018/06/avada-movers-top-container-background.jpg HTTP/1.1" 200 730 "https://suncoastoutdoor.net/" "Mozilla/5.0 (Windows NT 10.0; Win64; x64) AppleWebKit/537.36 (KHTML, like Gecko) Chrome/91.0.4472.124 Safari/537.36"
27.147.202.214 - - [11/Jul/2021:09:43:46 -0400] "GET /wp-content/uploads/2020/10/logo_transparent-600x148.png HTTP/1.1" 200 55819 "https://suncoastoutdoor.net/" "Mozilla/5.0 (Windows NT 10.0; Win64; x64) AppleWebKit/537.36 (KHTML, like Gecko) Chrome/91.0.4472.124 Safari/537.36"
27.147.202.214 - - [11/Jul/2021:09:43:46 -0400] "GET /wp-includes/js/dist/url.min.js?ver=0ac7e0472c46121366e7ce07244be1ac HTTP/1.1" 200 3481 "https://suncoastoutdoor.net/" "Mozilla/5.0 (Windows NT 10.0; Win64; x64) AppleWebKit/537.36 (KHTML, like Gecko) Chrome/91.0.4472.124 Safari/537.36"
27.147.202.214 - - [11/Jul/2021:09:43:46 -0400] "GET /wp-includes/js/dist/api-fetch.min.js?ver=a783d1f442d2abefc7d6dbd156a44561 HTTP/1.1" 200 3890 "https://suncoastoutdoor.net/" "Mozilla/5.0 (Windows NT 10.0; Win64; x64) AppleWebKit/537.36 (KHTML, like Gecko) Chrome/91.0.4472.124 Safari/537.36"
27.147.202.214 - - [11/Jul/2021:09:43:46 -0400] "GET /wp-content/plugins/contact-form-7/includes/js/index.js?ver=5.4 HTTP/1.1" 200 3655 "https://suncoastoutdoor.net/" "Mozilla/5.0 (Windows NT 10.0; Win64; x64) AppleWebKit/537.36 (KHTML, like Gecko) Chrome/91.0.4472.124 Safari/537.36"
27.147.202.214 - - [11/Jul/2021:09:43:46 -0400] "GET /wp-includes/js/wp-embed.min.js?ver=5.7.2 HTTP/1.1" 200 1136 "https://suncoastoutdoor.net/" "Mozilla/5.0 (Windows NT 10.0; Win64; x64) AppleWebKit/537.36 (KHTML, like Gecko) Chrome/91.0.4472.124 Safari/537.36"
27.147.202.214 - - [11/Jul/2021:09:43:45 -0400] "GET /wp-content/uploads/2020/10/billboard_background.jpg HTTP/1.1" 200 1299412 "https://suncoastoutdoor.net/" "Mozilla/5.0 (Windows NT 10.0; Win64; x64) AppleWebKit/537.36 (KHTML, like Gecko) Chrome/91.0.4472.124 Safari/537.36"
27.147.202.214 - - [11/Jul/2021:09:43:46 -0400] "GET /wp-content/themes/Avada/includes/lib/assets/min/js/library/modernizr.js?ver=3.3.1 HTTP/1.1" 200 5503 "https://suncoastoutdoor.net/" "Mozilla/5.0 (Windows NT 10.0; Win64; x64) AppleWebKit/537.36 (KHTML, like Gecko) Chrome/91.0.4472.124 Safari/537.36"
27.147.202.214 - - [11/Jul/2021:09:43:46 -0400] "GET /wp-content/plugins/fusion-builder/assets/js/min/general/fusion-column-bg-image.js?ver=1 HTTP/1.1" 200 1129 "https://suncoastoutdoor.net/" "Mozilla/5.0 (Windows NT 10.0; Win64; x64) AppleWebKit/537.36 (KHTML, like Gecko) Chrome/91.0.4472.124 Safari/537.36"
27.147.202.214 - - [11/Jul/2021:09:43:46 -0400] "GET /wp-content/themes/Avada/includes/lib/assets/min/js/library/cssua.js?ver=2.1.28 HTTP/1.1" 200 1870 "https://suncoastoutdoor.net/" "Mozilla/5.0 (Windows NT 10.0; Win64; x64) AppleWebKit/537.36 (KHTML, like Gecko) Chrome/91.0.4472.124 Safari/537.36"
27.147.202.214 - - [11/Jul/2021:09:43:46 -0400] "GET /wp-content/themes/Avada/includes/lib/assets/min/js/general/fusion.js?ver=3.2.1 HTTP/1.1" 200 1665 "https://suncoastoutdoor.net/" "Mozilla/5.0 (Windows NT 10.0; Win64; x64) AppleWebKit/537.36 (KHTML, like Gecko) Chrome/91.0.4472.124 Safari/537.36"
27.147.202.214 - - [11/Jul/2021:09:43:46 -0400] "GET /wp-content/themes/Avada/includes/lib/assets/min/js/library/bootstrap.tooltip.js?ver=3.3.5 HTTP/1.1" 200 4248 "https://suncoastoutdoor.net/" "Mozilla/5.0 (Windows NT 10.0; Win64; x64) AppleWebKit/537.36 (KHTML, like Gecko) Chrome/91.0.4472.124 Safari/537.36"
27.147.202.214 - - [11/Jul/2021:09:43:46 -0400] "GET /wp-content/themes/Avada/includes/lib/assets/min/js/library/jquery.waypoints.js?ver=2.0.3 HTTP/1.1" 200 3023 "https://suncoastoutdoor.net/" "Mozilla/5.0 (Windows NT 10.0; Win64; x64) AppleWebKit/537.36 (KHTML, like Gecko) Chrome/91.0.4472.124 Safari/537.36"
27.147.202.214 - - [11/Jul/2021:09:43:46 -0400] "GET /wp-content/themes/Avada/includes/lib/assets/min/js/library/jquery.requestAnimationFrame.js?ver=1 HTTP/1.1" 200 708 "https://suncoastoutdoor.net/" "Mozilla/5.0 (Windows NT 10.0; Win64; x64) AppleWebKit/537.36 (KHTML, like Gecko) Chrome/91.0.4472.124 Safari/537.36"
27.147.202.214 - - [11/Jul/2021:09:43:46 -0400] "GET /wp-content/themes/Avada/includes/lib/assets/min/js/library/jquery.easing.js?ver=1.3 HTTP/1.1" 200 1121 "https://suncoastoutdoor.net/" "Mozilla/5.0 (Windows NT 10.0; Win64; x64) AppleWebKit/537.36 (KHTML, like Gecko) Chrome/91.0.4472.124 Safari/537.36"
27.147.202.214 - - [11/Jul/2021:09:43:47 -0400] "GET /wp-content/themes/Avada/includes/lib/assets/min/js/library/jquery.fitvids.js?ver=1.1 HTTP/1.1" 200 1159 "https://suncoastoutdoor.net/" "Mozilla/5.0 (Windows NT 10.0; Win64; x64) AppleWebKit/537.36 (KHTML, like Gecko) Chrome/91.0.4472.124 Safari/537.36"
27.147.202.214 - - [11/Jul/2021:09:43:47 -0400] "GET /wp-content/themes/Avada/includes/lib/assets/min/js/library/jquery.flexslider.js?ver=2.7.2 HTTP/1.1" 200 6815 "https://suncoastoutdoor.net/" "Mozilla/5.0 (Windows NT 10.0; Win64; x64) AppleWebKit/537.36 (KHTML, like Gecko) Chrome/91.0.4472.124 Safari/537.36"
27.147.202.214 - - [11/Jul/2021:09:43:47 -0400] "GET /wp-content/themes/Avada/includes/lib/assets/min/js/library/jquery.hoverflow.js?ver=1 HTTP/1.1" 200 705 "https://suncoastoutdoor.net/" "Mozilla/5.0 (Windows NT 10.0; Win64; x64) AppleWebKit/537.36 (KHTML, like Gecko) Chrome/91.0.4472.124 Safari/537.36"
27.147.202.214 - - [11/Jul/2021:09:43:47 -0400] "GET /wp-content/themes/Avada/includes/lib/assets/min/js/library/jquery.hoverintent.js?ver=1 HTTP/1.1" 200 826 "https://suncoastoutdoor.net/" "Mozilla/5.0 (Windows NT 10.0; Win64; x64) AppleWebKit/537.36 (KHTML, like Gecko) Chrome/91.0.4472.124 Safari/537.36"
27.147.202.214 - - [11/Jul/2021:09:43:47 -0400] "GET /wp-content/themes/Avada/includes/lib/assets/min/js/library/jquery.ilightbox.js?ver=2.2.3 HTTP/1.1" 200 25650 "https://suncoastoutdoor.net/" "Mozilla/5.0 (Windows NT 10.0; Win64; x64) AppleWebKit/537.36 (KHTML, like Gecko) Chrome/91.0.4472.124 Safari/537.36"
27.147.202.214 - - [11/Jul/2021:09:43:47 -0400] "GET /wp-content/themes/Avada/includes/lib/assets/min/js/library/jquery.mousewheel.js?ver=3.0.6 HTTP/1.1" 200 1500 "https://suncoastoutdoor.net/" "Mozilla/5.0 (Windows NT 10.0; Win64; x64) AppleWebKit/537.36 (KHTML, like Gecko) Chrome/91.0.4472.124 Safari/537.36"
27.147.202.214 - - [11/Jul/2021:09:43:47 -0400] "GET /wp-content/themes/Avada/includes/lib/assets/min/js/library/jquery.placeholder.js?ver=2.0.7 HTTP/1.1" 200 1220 "https://suncoastoutdoor.net/" "Mozilla/5.0 (Windows NT 10.0; Win64; x64) AppleWebKit/537.36 (KHTML, like Gecko) Chrome/91.0.4472.124 Safari/537.36"
27.147.202.214 - - [11/Jul/2021:09:43:47 -0400] "GET /wp-content/themes/Avada/includes/lib/assets/min/js/library/jquery.fade.js?ver=1 HTTP/1.1" 200 808 "https://suncoastoutdoor.net/" "Mozilla/5.0 (Windows NT 10.0; Win64; x64) AppleWebKit/537.36 (KHTML, like Gecko) Chrome/91.0.4472.124 Safari/537.36"
27.147.202.214 - - [11/Jul/2021:09:43:47 -0400] "GET /wp-content/themes/Avada/includes/lib/assets/min/js/general/fusion-equal-heights.js?ver=1 HTTP/1.1" 200 992 "https://suncoastoutdoor.net/" "Mozilla/5.0 (Windows NT 10.0; Win64; x64) AppleWebKit/537.36 (KHTML, like Gecko) Chrome/91.0.4472.124 Safari/537.36"
27.147.202.214 - - [11/Jul/2021:09:43:47 -0400] "GET /wp-content/themes/Avada/includes/lib/assets/min/js/library/fusion-parallax.js?ver=1 HTTP/1.1" 200 3272 "https://suncoastoutdoor.net/" "Mozilla/5.0 (Windows NT 10.0; Win64; x64) AppleWebKit/537.36 (KHTML, like Gecko) Chrome/91.0.4472.124 Safari/537.36"
27.147.202.214 - - [11/Jul/2021:09:43:47 -0400] "GET /wp-content/themes/Avada/includes/lib/assets/min/js/library/fusion-video-general.js?ver=1 HTTP/1.1" 200 2389 "https://suncoastoutdoor.net/" "Mozilla/5.0 (Windows NT 10.0; Win64; x64) AppleWebKit/537.36 (KHTML, like Gecko) Chrome/91.0.4472.124 Safari/537.36"
27.147.202.214 - - [11/Jul/2021:09:43:47 -0400] "GET /wp-content/themes/Avada/includes/lib/assets/min/js/library/fusion-video-bg.js?ver=1 HTTP/1.1" 200 2405 "https://suncoastoutdoor.net/" "Mozilla/5.0 (Windows NT 10.0; Win64; x64) AppleWebKit/537.36 (KHTML, like Gecko) Chrome/91.0.4472.124 Safari/537.36"
27.147.202.214 - - [11/Jul/2021:09:43:47 -0400] "GET /wp-content/themes/Avada/includes/lib/assets/min/js/general/fusion-waypoints.js?ver=1 HTTP/1.1" 200 658 "https://suncoastoutdoor.net/" "Mozilla/5.0 (Windows NT 10.0; Win64; x64) AppleWebKit/537.36 (KHTML, like Gecko) Chrome/91.0.4472.124 Safari/537.36"
27.147.202.214 - - [11/Jul/2021:09:43:47 -0400] "GET /wp-content/themes/Avada/includes/lib/assets/min/js/general/fusion-lightbox.js?ver=1 HTTP/1.1" 200 2534 "https://suncoastoutdoor.net/" "Mozilla/5.0 (Windows NT 10.0; Win64; x64) AppleWebKit/537.36 (KHTML, like Gecko) Chrome/91.0.4472.124 Safari/537.36"
27.147.202.214 - - [11/Jul/2021:09:43:47 -0400] "GET /wp-content/themes/Avada/includes/lib/assets/min/js/general/fusion-tooltip.js?ver=1 HTTP/1.1" 200 864 "https://suncoastoutdoor.net/" "Mozilla/5.0 (Windows NT 10.0; Win64; x64) AppleWebKit/537.36 (KHTML, like Gecko) Chrome/91.0.4472.124 Safari/537.36"
27.147.202.214 - - [11/Jul/2021:09:43:47 -0400] "GET /wp-content/themes/Avada/includes/lib/assets/min/js/general/fusion-sharing-box.js?ver=1 HTTP/1.1" 200 718 "https://suncoastoutdoor.net/" "Mozilla/5.0 (Windows NT 10.0; Win64; x64) AppleWebKit/537.36 (KHTML, like Gecko) Chrome/91.0.4472.124 Safari/537.36"
27.147.202.214 - - [11/Jul/2021:09:43:47 -0400] "GET /wp-content/themes/Avada/includes/lib/assets/min/js/library/jquery.sticky-kit.js?ver=1.1.2 HTTP/1.1" 200 2364 "https://suncoastoutdoor.net/" "Mozilla/5.0 (Windows NT 10.0; Win64; x64) AppleWebKit/537.36 (KHTML, like Gecko) Chrome/91.0.4472.124 Safari/537.36"
27.147.202.214 - - [11/Jul/2021:09:43:47 -0400] "GET /wp-content/themes/Avada/includes/lib/assets/min/js/library/vimeoPlayer.js?ver=2.2.1 HTTP/1.1" 200 5736 "https://suncoastoutdoor.net/" "Mozilla/5.0 (Windows NT 10.0; Win64; x64) AppleWebKit/537.36 (KHTML, like Gecko) Chrome/91.0.4472.124 Safari/537.36"
27.147.202.214 - - [11/Jul/2021:09:43:47 -0400] "GET /wp-content/themes/Avada/assets/min/js/library/bootstrap.scrollspy.js?ver=3.3.2 HTTP/1.1" 200 1437 "https://suncoastoutdoor.net/" "Mozilla/5.0 (Windows NT 10.0; Win64; x64) AppleWebKit/537.36 (KHTML, like Gecko) Chrome/91.0.4472.124 Safari/537.36"
27.147.202.214 - - [11/Jul/2021:09:43:47 -0400] "GET /wp-content/themes/Avada/assets/min/js/general/avada-skip-link-focus-fix.js?ver=7.2.1 HTTP/1.1" 200 613 "https://suncoastoutdoor.net/" "Mozilla/5.0 (Windows NT 10.0; Win64; x64) AppleWebKit/537.36 (KHTML, like Gecko) Chrome/91.0.4472.124 Safari/537.36"
27.147.202.214 - - [11/Jul/2021:09:43:48 -0400] "GET /wp-content/themes/Avada/assets/min/js/general/avada-general-footer.js?ver=7.2.1 HTTP/1.1" 200 589 "https://suncoastoutdoor.net/" "Mozilla/5.0 (Windows NT 10.0; Win64; x64) AppleWebKit/537.36 (KHTML, like Gecko) Chrome/91.0.4472.124 Safari/537.36"
27.147.202.214 - - [11/Jul/2021:09:43:48 -0400] "GET /wp-content/themes/Avada/assets/min/js/general/avada-quantity.js?ver=7.2.1 HTTP/1.1" 200 1133 "https://suncoastoutdoor.net/" "Mozilla/5.0 (Windows NT 10.0; Win64; x64) AppleWebKit/537.36 (KHTML, like Gecko) Chrome/91.0.4472.124 Safari/537.36"
27.147.202.214 - - [11/Jul/2021:09:43:48 -0400] "GET /wp-content/themes/Avada/assets/min/js/general/avada-select.js?ver=7.2.1 HTTP/1.1" 200 683 "https://suncoastoutdoor.net/" "Mozilla/5.0 (Windows NT 10.0; Win64; x64) AppleWebKit/537.36 (KHTML, like Gecko) Chrome/91.0.4472.124 Safari/537.36"
27.147.202.214 - - [11/Jul/2021:09:43:48 -0400] "GET /wp-content/themes/Avada/assets/min/js/general/avada-tabs-widget.js?ver=7.2.1 HTTP/1.1" 200 630 "https://suncoastoutdoor.net/" "Mozilla/5.0 (Windows NT 10.0; Win64; x64) AppleWebKit/537.36 (KHTML, like Gecko) Chrome/91.0.4472.124 Safari/537.36"
27.147.202.214 - - [11/Jul/2021:09:43:48 -0400] "GET /wp-content/themes/Avada/assets/min/js/general/avada-rev-styles.js?ver=7.2.1 HTTP/1.1" 200 983 "https://suncoastoutdoor.net/" "Mozilla/5.0 (Windows NT 10.0; Win64; x64) AppleWebKit/537.36 (KHTML, like Gecko) Chrome/91.0.4472.124 Safari/537.36"
27.147.202.214 - - [11/Jul/2021:09:43:48 -0400] "GET /wp-content/themes/Avada/assets/min/js/general/avada-contact-form-7.js?ver=7.2.1 HTTP/1.1" 200 928 "https://suncoastoutdoor.net/" "Mozilla/5.0 (Windows NT 10.0; Win64; x64) AppleWebKit/537.36 (KHTML, like Gecko) Chrome/91.0.4472.124 Safari/537.36"
27.147.202.214 - - [11/Jul/2021:09:43:48 -0400] "GET /wp-content/themes/Avada/assets/min/js/general/avada-live-search.js?ver=7.2.1 HTTP/1.1" 200 1411 "https://suncoastoutdoor.net/" "Mozilla/5.0 (Windows NT 10.0; Win64; x64) AppleWebKit/537.36 (KHTML, like Gecko) Chrome/91.0.4472.124 Safari/537.36"
27.147.202.214 - - [11/Jul/2021:09:43:48 -0400] "GET /wp-content/themes/Avada/includes/lib/assets/min/js/general/fusion-alert.js?ver=5.7.2 HTTP/1.1" 200 566 "https://suncoastoutdoor.net/" "Mozilla/5.0 (Windows NT 10.0; Win64; x64) AppleWebKit/537.36 (KHTML, like Gecko) Chrome/91.0.4472.124 Safari/537.36"
27.147.202.214 - - [11/Jul/2021:09:43:48 -0400] "GET /wp-content/themes/Avada/includes/lib/assets/min/js/general/fusion-flexslider.js?ver=5.7.2 HTTP/1.1" 200 1679 "https://suncoastoutdoor.net/" "Mozilla/5.0 (Windows NT 10.0; Win64; x64) AppleWebKit/537.36 (KHTML, like Gecko) Chrome/91.0.4472.124 Safari/537.36"
27.147.202.214 - - [11/Jul/2021:09:43:48 -0400] "GET /wp-content/plugins/fusion-builder/assets/js/min/general/fusion-title.js?ver=5.7.2 HTTP/1.1" 200 1950 "https://suncoastoutdoor.net/" "Mozilla/5.0 (Windows NT 10.0; Win64; x64) AppleWebKit/537.36 (KHTML, like Gecko) Chrome/91.0.4472.124 Safari/537.36"
27.147.202.214 - - [11/Jul/2021:09:43:48 -0400] "GET /wp-content/themes/Avada/includes/lib/assets/min/js/general/fusion-button.js?ver=5.7.2 HTTP/1.1" 200 544 "https://suncoastoutdoor.net/" "Mozilla/5.0 (Windows NT 10.0; Win64; x64) AppleWebKit/537.36 (KHTML, like Gecko) Chrome/91.0.4472.124 Safari/537.36"
27.147.202.214 - - [11/Jul/2021:09:43:48 -0400] "GET /wp-content/plugins/fusion-builder/assets/js/min/library/jquery.textillate.js?ver=2.0 HTTP/1.1" 200 2587 "https://suncoastoutdoor.net/" "Mozilla/5.0 (Windows NT 10.0; Win64; x64) AppleWebKit/537.36 (KHTML, like Gecko) Chrome/91.0.4472.124 Safari/537.36"
27.147.202.214 - - [11/Jul/2021:09:43:48 -0400] "GET /wp-content/plugins/fusion-builder/assets/js/min/general/fusion-animations.js?ver=5.7.2 HTTP/1.1" 200 989 "https://suncoastoutdoor.net/" "Mozilla/5.0 (Windows NT 10.0; Win64; x64) AppleWebKit/537.36 (KHTML, like Gecko) Chrome/91.0.4472.124 Safari/537.36"
27.147.202.214 - - [11/Jul/2021:09:43:48 -0400] "GET /wp-content/plugins/fusion-builder/assets/js/min/general/fusion-container.js?ver=1 HTTP/1.1" 200 3455 "https://suncoastoutdoor.net/" "Mozilla/5.0 (Windows NT 10.0; Win64; x64) AppleWebKit/537.36 (KHTML, like Gecko) Chrome/91.0.4472.124 Safari/537.36"
27.147.202.214 - - [11/Jul/2021:09:43:48 -0400] "GET /wp-content/themes/Avada/assets/min/js/general/avada-drop-down.js?ver=7.2.1 HTTP/1.1" 200 1480 "https://suncoastoutdoor.net/" "Mozilla/5.0 (Windows NT 10.0; Win64; x64) AppleWebKit/537.36 (KHTML, like Gecko) Chrome/91.0.4472.124 Safari/537.36"
27.147.202.214 - - [11/Jul/2021:09:43:48 -0400] "GET /wp-content/themes/Avada/assets/min/js/general/avada-menu.js?ver=7.2.1 HTTP/1.1" 200 7273 "https://suncoastoutdoor.net/" "Mozilla/5.0 (Windows NT 10.0; Win64; x64) AppleWebKit/537.36 (KHTML, like Gecko) Chrome/91.0.4472.124 Safari/537.36"
27.147.202.214 - - [11/Jul/2021:09:43:48 -0400] "GET /wp-content/themes/Avada/assets/min/js/general/avada-to-top.js?ver=7.2.1 HTTP/1.1" 200 831 "https://suncoastoutdoor.net/" "Mozilla/5.0 (Windows NT 10.0; Win64; x64) AppleWebKit/537.36 (KHTML, like Gecko) Chrome/91.0.4472.124 Safari/537.36"
27.147.202.214 - - [11/Jul/2021:09:43:48 -0400] "GET /wp-content/themes/Avada/assets/min/js/general/avada-header.js?ver=7.2.1 HTTP/1.1" 200 4530 "https://suncoastoutdoor.net/" "Mozilla/5.0 (Windows NT 10.0; Win64; x64) AppleWebKit/537.36 (KHTML, like Gecko) Chrome/91.0.4472.124 Safari/537.36"
27.147.202.214 - - [11/Jul/2021:09:43:48 -0400] "GET /wp-content/themes/Avada/assets/min/js/general/avada-sidebars.js?ver=7.2.1 HTTP/1.1" 200 1202 "https://suncoastoutdoor.net/" "Mozilla/5.0 (Windows NT 10.0; Win64; x64) AppleWebKit/537.36 (KHTML, like Gecko) Chrome/91.0.4472.124 Safari/537.36"
27.147.202.214 - - [11/Jul/2021:09:43:48 -0400] "GET /wp-content/themes/Avada/assets/min/js/general/avada-scrollspy.js?ver=7.2.1 HTTP/1.1" 200 702 "https://suncoastoutdoor.net/" "Mozilla/5.0 (Windows NT 10.0; Win64; x64) AppleWebKit/537.36 (KHTML, like Gecko) Chrome/91.0.4472.124 Safari/537.36"
27.147.202.214 - - [11/Jul/2021:09:43:49 -0400] "GET /wp-content/themes/Avada/includes/lib/assets/min/js/general/fusion-responsive-typography.js?ver=1 HTTP/1.1" 200 1440 "https://suncoastoutdoor.net/" "Mozilla/5.0 (Windows NT 10.0; Win64; x64) AppleWebKit/537.36 (KHTML, like Gecko) Chrome/91.0.4472.124 Safari/537.36"
27.147.202.214 - - [11/Jul/2021:09:43:49 -0400] "GET /wp-content/themes/Avada/includes/lib/assets/min/js/general/fusion-scroll-to-anchor.js?ver=1 HTTP/1.1" 200 2139 "https://suncoastoutdoor.net/" "Mozilla/5.0 (Windows NT 10.0; Win64; x64) AppleWebKit/537.36 (KHTML, like Gecko) Chrome/91.0.4472.124 Safari/537.36"
27.147.202.214 - - [11/Jul/2021:09:43:49 -0400] "GET /wp-content/plugins/fusion-core/js/min/fusion-vertical-menu-widget.js?ver=5.2.1 HTTP/1.1" 200 832 "https://suncoastoutdoor.net/" "Mozilla/5.0 (Windows NT 10.0; Win64; x64) AppleWebKit/537.36 (KHTML, like Gecko) Chrome/91.0.4472.124 Safari/537.36"
27.147.202.214 - - [11/Jul/2021:09:43:49 -0400] "GET /wp-content/themes/Avada/includes/lib/assets/min/js/general/fusion-general-global.js?ver=1 HTTP/1.1" 200 616 "https://suncoastoutdoor.net/" "Mozilla/5.0 (Windows NT 10.0; Win64; x64) AppleWebKit/537.36 (KHTML, like Gecko) Chrome/91.0.4472.124 Safari/537.36"
27.147.202.214 - - [11/Jul/2021:09:43:49 -0400] "GET /wp-content/plugins/fusion-builder/assets/js/min/general/fusion-video.js?ver=1 HTTP/1.1" 200 1046 "https://suncoastoutdoor.net/" "Mozilla/5.0 (Windows NT 10.0; Win64; x64) AppleWebKit/537.36 (KHTML, like Gecko) Chrome/91.0.4472.124 Safari/537.36"
27.147.202.214 - - [11/Jul/2021:09:43:49 -0400] "GET /wp-content/plugins/fusion-builder/assets/js/min/general/fusion-column.js?ver=1 HTTP/1.1" 200 1294 "https://suncoastoutdoor.net/" "Mozilla/5.0 (Windows NT 10.0; Win64; x64) AppleWebKit/537.36 (KHTML, like Gecko) Chrome/91.0.4472.124 Safari/537.36"
27.147.202.214 - - [11/Jul/2021:09:43:49 -0400] "GET /wp-content/uploads/2020/10/billboard_slide1-800x405.jpg HTTP/1.1" 200 49752 "https://suncoastoutdoor.net/" "Mozilla/5.0 (Windows NT 10.0; Win64; x64) AppleWebKit/537.36 (KHTML, like Gecko) Chrome/91.0.4472.124 Safari/537.36"
27.147.202.214 - - [11/Jul/2021:09:43:49 -0400] "GET /wp-content/uploads/2020/10/billboard_slide2-800x412.jpg HTTP/1.1" 200 67167 "https://suncoastoutdoor.net/" "Mozilla/5.0 (Windows NT 10.0; Win64; x64) AppleWebKit/537.36 (KHTML, like Gecko) Chrome/91.0.4472.124 Safari/537.36"
27.147.202.214 - - [11/Jul/2021:09:43:49 -0400] "GET /wp-content/uploads/2020/10/billboard_slide3-800x409.jpg HTTP/1.1" 200 61696 "https://suncoastoutdoor.net/" "Mozilla/5.0 (Windows NT 10.0; Win64; x64) AppleWebKit/537.36 (KHTML, like Gecko) Chrome/91.0.4472.124 Safari/537.36"
27.147.202.214 - - [11/Jul/2021:09:43:49 -0400] "GET /wp-content/uploads/2020/10/billboard_slide4-800x408.jpg HTTP/1.1" 200 60626 "https://suncoastoutdoor.net/" "Mozilla/5.0 (Windows NT 10.0; Win64; x64) AppleWebKit/537.36 (KHTML, like Gecko) Chrome/91.0.4472.124 Safari/537.36"
27.147.202.214 - - [11/Jul/2021:09:43:49 -0400] "GET /wp-content/uploads/2020/10/billboard_slide1-400x202.jpg HTTP/1.1" 200 15463 "https://suncoastoutdoor.net/" "Mozilla/5.0 (Windows NT 10.0; Win64; x64) AppleWebKit/537.36 (KHTML, like Gecko) Chrome/91.0.4472.124 Safari/537.36"
27.147.202.214 - - [11/Jul/2021:09:43:49 -0400] "GET /wp-content/uploads/2020/10/billboard_slide3-400x204.jpg HTTP/1.1" 200 18964 "https://suncoastoutdoor.net/" "Mozilla/5.0 (Windows NT 10.0; Win64; x64) AppleWebKit/537.36 (KHTML, like Gecko) Chrome/91.0.4472.124 Safari/537.36"
27.147.202.214 - - [11/Jul/2021:09:43:50 -0400] "GET /wp-content/uploads/2020/10/billboard_slide5-400x203.jpg HTTP/1.1" 200 18324 "https://suncoastoutdoor.net/" "Mozilla/5.0 (Windows NT 10.0; Win64; x64) AppleWebKit/537.36 (KHTML, like Gecko) Chrome/91.0.4472.124 Safari/537.36"
27.147.202.214 - - [11/Jul/2021:09:43:50 -0400] "GET /wp-content/uploads/2020/10/billboard_slide2-400x206.jpg HTTP/1.1" 200 20205 "https://suncoastoutdoor.net/" "Mozilla/5.0 (Windows NT 10.0; Win64; x64) AppleWebKit/537.36 (KHTML, like Gecko) Chrome/91.0.4472.124 Safari/537.36"
27.147.202.214 - - [11/Jul/2021:09:43:50 -0400] "GET /wp-content/uploads/2020/10/billboard_slide4-400x204.jpg HTTP/1.1" 200 19597 "https://suncoastoutdoor.net/" "Mozilla/5.0 (Windows NT 10.0; Win64; x64) AppleWebKit/537.36 (KHTML, like Gecko) Chrome/91.0.4472.124 Safari/537.36"
27.147.202.214 - - [11/Jul/2021:09:43:50 -0400] "GET /wp-content/uploads/2020/10/SuncoastOutdoorAdvertising_Creative_Guidelines-800x775.png HTTP/1.1" 200 310540 "https://suncoastoutdoor.net/" "Mozilla/5.0 (Windows NT 10.0; Win64; x64) AppleWebKit/537.36 (KHTML, like Gecko) Chrome/91.0.4472.124 Safari/537.36"
27.147.202.214 - - [11/Jul/2021:09:43:50 -0400] "GET /wp-includes/js/wp-emoji-release.min.js?ver=5.7.2 HTTP/1.1" 200 5079 "https://suncoastoutdoor.net/" "Mozilla/5.0 (Windows NT 10.0; Win64; x64) AppleWebKit/537.36 (KHTML, like Gecko) Chrome/91.0.4472.124 Safari/537.36"
27.147.202.214 - - [11/Jul/2021:09:43:50 -0400] "GET /wp-content/uploads/2018/06/avada-movers-request-quote-background.jpg HTTP/1.1" 200 202346 "https://suncoastoutdoor.net/" "Mozilla/5.0 (Windows NT 10.0; Win64; x64) AppleWebKit/537.36 (KHTML, like Gecko) Chrome/91.0.4472.124 Safari/537.36"
27.147.202.214 - - [11/Jul/2021:09:43:51 -0400] "GET /index.php/contact/ HTTP/1.1" 200 13883 "https://suncoastoutdoor.net/" "Mozilla/5.0 (Windows NT 10.0; Win64; x64) AppleWebKit/537.36 (KHTML, like Gecko) Chrome/91.0.4472.124 Safari/537.36"
27.147.202.214 - - [11/Jul/2021:09:43:52 -0400] "GET /wp-content/uploads/fusion-styles/c43563917968368f5a00c2100fe13d27.min.css?ver=3.2.1 HTTP/1.1" 200 143753 "https://suncoastoutdoor.net/index.php/contact/" "Mozilla/5.0 (Windows NT 10.0; Win64; x64) AppleWebKit/537.36 (KHTML, like Gecko) Chrome/91.0.4472.124 Safari/537.36"
27.147.202.214 - - [11/Jul/2021:09:43:53 -0400] "GET /wp-content/uploads/2020/10/suncoastoutdoor_favicon.png HTTP/1.1" 200 3525 "https://suncoastoutdoor.net/index.php/contact/" "Mozilla/5.0 (Windows NT 10.0; Win64; x64) AppleWebKit/537.36 (KHTML, like Gecko) Chrome/91.0.4472.124 Safari/537.36"
204.48.19.85 - - [11/Jul/2021:09:43:58 -0400] "POST /wp-cron.php?doing_wp_cron=1626011038.7905199527740478515625 HTTP/1.1" 200 6261 "https://suncoastoutdoor.net/wp-cron.php?doing_wp_cron=1626011038.7905199527740478515625" "WordPress/5.7.2; https://suncoastoutdoor.net"
146.212.115.207 - - [11/Jul/2021:09:43:58 -0400] "POST /wp-login.php HTTP/1.1" 200 8860 "-" "Mozilla/5.0 (Windows NT 6.1) AppleWebKit/537.36 (KHTML, like Gecko) Chrome/70.0.3538.102 Safari/537.36"
204.48.19.85 - - [11/Jul/2021:09:44:57 -0400] "POST /wp-cron.php?doing_wp_cron=1626011097.5134060382843017578125 HTTP/1.1" 200 6229 "https://suncoastoutdoor.net/wp-cron.php?doing_wp_cron=1626011097.5134060382843017578125" "WordPress/5.7.2; https://suncoastoutdoor.net"
150.95.83.201 - - [11/Jul/2021:09:44:57 -0400] "POST /wp-login.php HTTP/1.1" 200 8858 "-" "Mozilla/5.0 (Windows NT 10.0; Win64; x64) AppleWebKit/537.36 (KHTML, like Gecko) Chrome/54.0.2840.99 Safari/537.36"
204.48.19.85 - - [11/Jul/2021:09:53:40 -0400] "POST /wp-cron.php?doing_wp_cron=1626011620.9180190563201904296875 HTTP/1.1" 200 6245 "https://suncoastoutdoor.net/wp-cron.php?doing_wp_cron=1626011620.9180190563201904296875" "WordPress/5.7.2; https://suncoastoutdoor.net"
178.128.228.54 - - [11/Jul/2021:09:53:40 -0400] "GET /wp-login.php HTTP/1.1" 200 8031 "-" "Mozilla/5.0 (X11; Ubuntu; Linux x86_64; rv:62.0) Gecko/20100101 Firefox/62.0"
178.128.228.54 - - [11/Jul/2021:09:53:41 -0400] "POST /wp-login.php HTTP/1.1" 200 8155 "-" "Mozilla/5.0 (X11; Ubuntu; Linux x86_64; rv:62.0) Gecko/20100101 Firefox/62.0"
178.128.228.54 - - [11/Jul/2021:09:53:42 -0400] "GET /wp-login.php HTTP/1.1" 200 8031 "-" "Mozilla/5.0 (X11; Ubuntu; Linux x86_64; rv:62.0) Gecko/20100101 Firefox/62.0"
