178.220.183.136 - - [30/Jun/2021:13:22:36 -0400] "POST /xmlrpc.php HTTP/1.1" 403 5361 "-" "Mozilla/5.0 (Windows NT 6.1; Win64; x64) AppleWebKit/537.36 (KHTML, like Gecko) Chrome/59.0.3071.109 Safari/537.36"
204.48.19.85 - - [30/Jun/2021:13:28:09 -0400] "POST /wp-cron.php?doing_wp_cron=1625074089.9011991024017333984375 HTTP/1.1" 200 5438 "https://suncoastoutdoor.net/wp-cron.php?doing_wp_cron=1625074089.9011991024017333984375" "WordPress/5.7.2; https://suncoastoutdoor.net"
81.88.52.157 - - [30/Jun/2021:13:28:09 -0400] "POST /wp-login.php HTTP/1.1" 200 8051 "-" "Mozilla/5.0 (Windows NT 10.0; Win64; x64) AppleWebKit/537.36 (KHTML, like Gecko) Chrome/60.0.3112.101 Safari/537.36"
5.188.210.18 - - [30/Jun/2021:13:32:18 -0400] "GET /wp-login.php HTTP/1.0" 301 573 "http://suncoastoutdoor.net/wp-login.php" "Mozilla/5.0 (Windows NT 10.0; Win64; x64) AppleWebKit/537.36 (KHTML, like Gecko) Chrome/83.0.4103.24 Safari/537.36"
204.48.19.85 - - [30/Jun/2021:13:32:18 -0400] "POST /wp-cron.php?doing_wp_cron=1625074338.7346870899200439453125 HTTP/1.1" 200 5438 "https://suncoastoutdoor.net/wp-cron.php?doing_wp_cron=1625074338.7346870899200439453125" "WordPress/5.7.2; https://suncoastoutdoor.net"
5.188.210.18 - - [30/Jun/2021:13:32:18 -0400] "GET /wp-login.php HTTP/1.0" 200 13105 "https://suncoastoutdoor.net/wp-login.php" "Mozilla/5.0 (Windows NT 10.0; Win64; x64) AppleWebKit/537.36 (KHTML, like Gecko) Chrome/83.0.4103.24 Safari/537.36"
204.48.19.85 - - [30/Jun/2021:13:33:33 -0400] "POST /wp-cron.php?doing_wp_cron=1625074413.4998180866241455078125 HTTP/1.1" 200 5438 "https://suncoastoutdoor.net/wp-cron.php?doing_wp_cron=1625074413.4998180866241455078125" "WordPress/5.7.2; https://suncoastoutdoor.net"
93.113.111.54 - - [30/Jun/2021:13:33:33 -0400] "POST /wp-login.php HTTP/1.1" 200 8053 "-" "Mozilla/5.0 (Windows NT 5.1) AppleWebKit/537.36 (KHTML, like Gecko) Chrome/47.0.2526.106 Safari/537.36"
204.48.19.85 - - [30/Jun/2021:13:44:16 -0400] "POST /wp-cron.php?doing_wp_cron=1625075056.3059899806976318359375 HTTP/1.1" 200 5438 "https://suncoastoutdoor.net/wp-cron.php?doing_wp_cron=1625075056.3059899806976318359375" "WordPress/5.7.2; https://suncoastoutdoor.net"
46.160.121.111 - - [30/Jun/2021:13:44:16 -0400] "POST /wp-login.php HTTP/1.1" 200 8051 "-" "Mozilla/5.0 (Windows NT 6.1; Win64; x64) AppleWebKit/537.36 (KHTML, like Gecko) Chrome/67.0.3396.87 Safari/537.36"
66.249.66.220 - - [30/Jun/2021:13:46:41 -0400] "GET /robots.txt HTTP/1.1" 404 5740 "-" "Mozilla/5.0 (compatible; Googlebot/2.1; +http://www.google.com/bot.html)"
204.48.19.85 - - [30/Jun/2021:13:46:41 -0400] "POST /wp-cron.php?doing_wp_cron=1625075201.7345540523529052734375 HTTP/1.1" 200 5438 "https://suncoastoutdoor.net/wp-cron.php?doing_wp_cron=1625075201.7345540523529052734375" "WordPress/5.7.2; https://suncoastoutdoor.net"
66.249.66.222 - - [30/Jun/2021:13:46:41 -0400] "GET /index.php/contact/ HTTP/1.1" 200 19113 "-" "Mozilla/5.0 (Linux; Android 6.0.1; Nexus 5X Build/MMB29P) AppleWebKit/537.36 (KHTML, like Gecko) Chrome/91.0.4472.90 Mobile Safari/537.36 (compatible; Googlebot/2.1; +http://www.google.com/bot.html)"
66.249.66.222 - - [30/Jun/2021:13:48:11 -0400] "GET /wp-content/uploads/fusion-styles/c43563917968368f5a00c2100fe13d27.min.css?ver=3.2.1 HTTP/1.1" 200 148973 "https://suncoastoutdoor.net/index.php/contact/" "Mozilla/5.0 (Linux; Android 6.0.1; Nexus 5X Build/MMB29P) AppleWebKit/537.36 (KHTML, like Gecko) Chrome/91.0.4472.90 Mobile Safari/537.36 (compatible; Googlebot/2.1; +http://www.google.com/bot.html)"
66.249.66.222 - - [30/Jun/2021:13:49:30 -0400] "GET /wp-content/uploads/fusion-styles/c43563917968368f5a00c2100fe13d27.min.css?ver=3.2.1 HTTP/1.1" 200 148973 "https://suncoastoutdoor.net/index.php/contact/" "Mozilla/5.0 (Linux; Android 6.0.1; Nexus 5X Build/MMB29P) AppleWebKit/537.36 (KHTML, like Gecko) Chrome/91.0.4472.90 Mobile Safari/537.36 (compatible; Googlebot/2.1; +http://www.google.com/bot.html)"
199.195.253.149 - - [30/Jun/2021:13:52:29 -0400] "GET /xmlrpc.php HTTP/1.1" 301 606 "http://suncoastoutdoor.net/" "Mozilla/5.0 (iPhone; CPU iPhone OS 9_1 like Mac OS X) AppleWebKit/601.1.46 (KHTML, like Gecko) Version/9.0 Mobile/13B143 Safari/601.1"
199.195.253.149 - - [30/Jun/2021:13:52:42 -0400] "GET /xmlrpc.php HTTP/1.1" 405 5046 "http://suncoastoutdoor.net/" "Mozilla/5.0 (iPhone; CPU iPhone OS 9_1 like Mac OS X) AppleWebKit/601.1.46 (KHTML, like Gecko) Version/9.0 Mobile/13B143 Safari/601.1"
204.48.19.85 - - [30/Jun/2021:13:52:42 -0400] "POST /wp-cron.php?doing_wp_cron=1625075562.3833849430084228515625 HTTP/1.1" 200 5438 "https://suncoastoutdoor.net/wp-cron.php?doing_wp_cron=1625075562.3833849430084228515625" "WordPress/5.7.2; https://suncoastoutdoor.net"
204.48.19.85 - - [30/Jun/2021:13:56:38 -0400] "POST /wp-cron.php?doing_wp_cron=1625075798.0369310379028320312500 HTTP/1.1" 200 5454 "https://suncoastoutdoor.net/wp-cron.php?doing_wp_cron=1625075798.0369310379028320312500" "WordPress/5.7.2; https://suncoastoutdoor.net"
207.154.206.1 - - [30/Jun/2021:13:56:37 -0400] "POST /wp-login.php HTTP/1.1" 200 8053 "-" "Mozilla/5.0 (Windows NT 10.0; WOW64) AppleWebKit/537.36 (KHTML, like Gecko) Chrome/56.0.2924.87 Safari/537.36"
204.48.19.85 - - [30/Jun/2021:14:10:39 -0400] "POST /wp-cron.php?doing_wp_cron=1625076639.8437778949737548828125 HTTP/1.1" 200 5454 "https://suncoastoutdoor.net/wp-cron.php?doing_wp_cron=1625076639.8437778949737548828125" "WordPress/5.7.2; https://suncoastoutdoor.net"
134.209.157.198 - - [30/Jun/2021:14:10:39 -0400] "POST /wp-login.php HTTP/1.1" 200 8051 "-" "Mozilla/5.0 (Windows NT 10.0; WOW64) AppleWebKit/537.36 (KHTML, like Gecko) Chrome/57.0.2987.133 Safari/537.36"
204.48.19.85 - - [30/Jun/2021:14:27:39 -0400] "POST /wp-cron.php?doing_wp_cron=1625077659.7606160640716552734375 HTTP/1.1" 200 5438 "https://suncoastoutdoor.net/wp-cron.php?doing_wp_cron=1625077659.7606160640716552734375" "WordPress/5.7.2; https://suncoastoutdoor.net"
51.75.203.57 - - [30/Jun/2021:14:27:39 -0400] "POST /wp-login.php HTTP/1.1" 200 8053 "-" "Mozilla/5.0 (Windows NT 10.0; Win64; x64) AppleWebKit/537.36 (KHTML, like Gecko) Chrome/64.0.3282.140 Safari/537.36"
204.48.19.85 - - [30/Jun/2021:14:34:50 -0400] "POST /wp-cron.php?doing_wp_cron=1625078090.0316359996795654296875 HTTP/1.1" 200 5422 "https://suncoastoutdoor.net/wp-cron.php?doing_wp_cron=1625078090.0316359996795654296875" "WordPress/5.7.2; https://suncoastoutdoor.net"
103.28.53.92 - - [30/Jun/2021:14:34:49 -0400] "POST /wp-login.php HTTP/1.1" 200 8053 "-" "Mozilla/5.0 (Windows NT 6.1; Win64; x64) AppleWebKit/537.36 (KHTML, like Gecko) Chrome/70.0.3538.67 Safari/537.36"
204.48.19.85 - - [30/Jun/2021:14:43:40 -0400] "POST /wp-cron.php?doing_wp_cron=1625078620.8178329467773437500000 HTTP/1.1" 200 5454 "https://suncoastoutdoor.net/wp-cron.php?doing_wp_cron=1625078620.8178329467773437500000" "WordPress/5.7.2; https://suncoastoutdoor.net"
103.28.53.92 - - [30/Jun/2021:14:43:40 -0400] "POST /wp-login.php HTTP/1.1" 200 8051 "-" "Mozilla/5.0 (Windows NT 6.1; Win64; x64) AppleWebKit/537.36 (KHTML, like Gecko) Chrome/78.0.3904.97 Safari/537.36"
109.70.100.35 - - [30/Jun/2021:14:50:58 -0400] "POST /xmlrpc.php HTTP/1.0" 301 606 "-" "Mozilla/5.0 (Windows NT 10.0; Win64; x64) AppleWebKit/537.36 (KHTML, like Gecko) Chrome/88.0.4324.152 Safari/537.36"
204.48.19.85 - - [30/Jun/2021:14:51:00 -0400] "POST /wp-cron.php?doing_wp_cron=1625079060.2638280391693115234375 HTTP/1.1" 200 5422 "https://suncoastoutdoor.net/wp-cron.php?doing_wp_cron=1625079060.2638280391693115234375" "WordPress/5.7.2; https://suncoastoutdoor.net"
109.70.100.35 - - [30/Jun/2021:14:50:59 -0400] "POST /xmlrpc.php HTTP/1.0" 403 5329 "-" "Mozilla/5.0 (Windows NT 10.0; Win64; x64) AppleWebKit/537.36 (KHTML, like Gecko) Chrome/88.0.4324.152 Safari/537.36"
204.48.19.85 - - [30/Jun/2021:14:58:34 -0400] "POST /wp-cron.php?doing_wp_cron=1625079514.8044459819793701171875 HTTP/1.1" 200 5422 "https://suncoastoutdoor.net/wp-cron.php?doing_wp_cron=1625079514.8044459819793701171875" "WordPress/5.7.2; https://suncoastoutdoor.net"
199.192.24.32 - - [30/Jun/2021:14:58:34 -0400] "POST /wp-login.php HTTP/1.1" 200 8053 "-" "Mozilla/5.0 (Windows NT 10.0; WOW64) AppleWebKit/537.36 (KHTML, like Gecko) Chrome/46.0.2490.80 Safari/537.36"
204.48.19.85 - - [30/Jun/2021:15:12:25 -0400] "POST /wp-cron.php?doing_wp_cron=1625080345.0528090000152587890625 HTTP/1.1" 200 5438 "https://suncoastoutdoor.net/wp-cron.php?doing_wp_cron=1625080345.0528090000152587890625" "WordPress/5.7.2; https://suncoastoutdoor.net"
134.249.101.234 - - [30/Jun/2021:15:12:24 -0400] "POST /wp-login.php HTTP/1.1" 200 8051 "-" "Mozilla/5.0 (Windows NT 10.0; Win64; x64) AppleWebKit/537.36 (KHTML, like Gecko) Chrome/64.0.3282.167 Safari/537.36"
204.48.19.85 - - [30/Jun/2021:15:26:42 -0400] "POST /wp-cron.php?doing_wp_cron=1625081202.5957090854644775390625 HTTP/1.1" 200 5438 "https://suncoastoutdoor.net/wp-cron.php?doing_wp_cron=1625081202.5957090854644775390625" "WordPress/5.7.2; https://suncoastoutdoor.net"
93.115.79.6 - - [30/Jun/2021:15:26:42 -0400] "POST /wp-login.php HTTP/1.1" 200 8053 "-" "Mozilla/5.0 (Windows NT 6.3; Win64; x64) AppleWebKit/537.36 (KHTML, like Gecko) Chrome/79.0.3945.88 Safari/537.36"
204.48.19.85 - - [30/Jun/2021:15:42:52 -0400] "POST /wp-cron.php?doing_wp_cron=1625082172.9739410877227783203125 HTTP/1.1" 200 5438 "https://suncoastoutdoor.net/wp-cron.php?doing_wp_cron=1625082172.9739410877227783203125" "WordPress/5.7.2; https://suncoastoutdoor.net"
152.136.234.172 - - [30/Jun/2021:15:42:52 -0400] "POST /wp-login.php HTTP/1.1" 200 8053 "-" "Mozilla/5.0 (Windows NT 10.0; Win64; x64) AppleWebKit/537.36 (KHTML, like Gecko) Chrome/64.0.3282.167 Safari/537.36"
204.48.19.85 - - [30/Jun/2021:15:50:34 -0400] "POST /wp-cron.php?doing_wp_cron=1625082634.1030719280242919921875 HTTP/1.1" 200 5438 "https://suncoastoutdoor.net/wp-cron.php?doing_wp_cron=1625082634.1030719280242919921875" "WordPress/5.7.2; https://suncoastoutdoor.net"
193.112.16.121 - - [30/Jun/2021:15:50:34 -0400] "POST /wp-login.php HTTP/1.1" 200 8051 "-" "Mozilla/5.0 (Windows NT 6.1; WOW64) AppleWebKit/537.36 (KHTML, like Gecko) Chrome/47.0.2526.111 Safari/537.36 MVisionPlayer/1.0.0.0"
204.48.19.85 - - [30/Jun/2021:15:59:19 -0400] "POST /wp-cron.php?doing_wp_cron=1625083159.8733930587768554687500 HTTP/1.1" 200 5438 "https://suncoastoutdoor.net/wp-cron.php?doing_wp_cron=1625083159.8733930587768554687500" "WordPress/5.7.2; https://suncoastoutdoor.net"
42.193.21.177 - - [30/Jun/2021:15:59:19 -0400] "POST /wp-login.php HTTP/1.1" 200 8053 "-" "Mozilla/5.0 (Windows NT 6.1; WOW64) AppleWebKit/537.36 (KHTML, like Gecko) Chrome/32.0.1700.107 Safari/537.36"
204.48.19.85 - - [30/Jun/2021:16:44:16 -0400] "POST /wp-cron.php?doing_wp_cron=1625085856.4573609828948974609375 HTTP/1.1" 200 5438 "https://suncoastoutdoor.net/wp-cron.php?doing_wp_cron=1625085856.4573609828948974609375" "WordPress/5.7.2; https://suncoastoutdoor.net"
47.100.95.127 - - [30/Jun/2021:16:44:16 -0400] "POST /wp-login.php HTTP/1.1" 200 8053 "-" "Mozilla/5.0 (Windows NT 6.1) AppleWebKit/537.36 (KHTML, like Gecko) Chrome/70.0.3538.77 Safari/537.36"
204.48.19.85 - - [30/Jun/2021:16:47:13 -0400] "POST /wp-cron.php?doing_wp_cron=1625086033.1260859966278076171875 HTTP/1.1" 200 5454 "https://suncoastoutdoor.net/wp-cron.php?doing_wp_cron=1625086033.1260859966278076171875" "WordPress/5.7.2; https://suncoastoutdoor.net"
35.244.92.208 - - [30/Jun/2021:16:47:13 -0400] "POST /wp-login.php HTTP/1.1" 200 8051 "-" "Mozilla/5.0 (Windows NT 6.1; Win64; x64) AppleWebKit/537.36 (KHTML, like Gecko) Chrome/66.0.3359.117 Safari/537.36"
204.48.19.85 - - [30/Jun/2021:16:51:49 -0400] "POST /wp-cron.php?doing_wp_cron=1625086309.3238410949707031250000 HTTP/1.1" 200 5454 "https://suncoastoutdoor.net/wp-cron.php?doing_wp_cron=1625086309.3238410949707031250000" "WordPress/5.7.2; https://suncoastoutdoor.net"
161.35.192.196 - - [30/Jun/2021:16:51:49 -0400] "POST /wp-login.php HTTP/1.1" 200 8051 "-" "Mozilla/5.0 (Windows NT 6.1; WOW64) AppleWebKit/537.36 (KHTML, like Gecko) Chrome/46.0.2490.86 Safari/537.36"
204.48.19.85 - - [30/Jun/2021:16:59:07 -0400] "POST /wp-cron.php?doing_wp_cron=1625086747.0468330383300781250000 HTTP/1.1" 200 5454 "https://suncoastoutdoor.net/wp-cron.php?doing_wp_cron=1625086747.0468330383300781250000" "WordPress/5.7.2; https://suncoastoutdoor.net"
45.40.132.156 - - [30/Jun/2021:16:59:06 -0400] "POST /wp-login.php HTTP/1.1" 200 8053 "-" "Mozilla/5.0 (Windows NT 6.1; Win64; x64) AppleWebKit/537.36 (KHTML, like Gecko) Chrome/80.0.3987.163 Safari/537.36"
204.48.19.85 - - [30/Jun/2021:17:21:43 -0400] "POST /wp-cron.php?doing_wp_cron=1625088103.2709560394287109375000 HTTP/1.1" 200 5454 "https://suncoastoutdoor.net/wp-cron.php?doing_wp_cron=1625088103.2709560394287109375000" "WordPress/5.7.2; https://suncoastoutdoor.net"
5.253.27.95 - - [30/Jun/2021:17:21:42 -0400] "POST /wp-login.php HTTP/1.1" 200 8053 "-" "Mozilla/5.0 (Windows NT 6.1; WOW64) AppleWebKit/537.36 (KHTML, like Gecko) Chrome/51.0.2704.106 Safari/537.36"
45.129.18.61 - - [30/Jun/2021:17:37:33 -0400] "HEAD / HTTP/1.1" 301 244 "-" "Mozilla/5.0 (Macintosh; Intel Mac OS X 10_9_3) AppleWebKit/537.36 (KHTML, like Gecko) Chrome/35.0.1916.47 Safari/537.36"
204.48.19.85 - - [30/Jun/2021:17:37:34 -0400] "POST /wp-cron.php?doing_wp_cron=1625089054.0513389110565185546875 HTTP/1.1" 200 5454 "https://suncoastoutdoor.net/wp-cron.php?doing_wp_cron=1625089054.0513389110565185546875" "WordPress/5.7.2; https://suncoastoutdoor.net"
45.129.18.98 - - [30/Jun/2021:17:37:33 -0400] "HEAD / HTTP/1.1" 200 5217 "-" "Mozilla/5.0 (Macintosh; Intel Mac OS X 10_9_3) AppleWebKit/537.36 (KHTML, like Gecko) Chrome/35.0.1916.47 Safari/537.36"
204.48.19.85 - - [30/Jun/2021:17:44:09 -0400] "POST /wp-cron.php?doing_wp_cron=1625089449.0077569484710693359375 HTTP/1.1" 200 5422 "https://suncoastoutdoor.net/wp-cron.php?doing_wp_cron=1625089449.0077569484710693359375" "WordPress/5.7.2; https://suncoastoutdoor.net"
142.93.172.126 - - [30/Jun/2021:17:44:08 -0400] "POST /wp-login.php HTTP/1.1" 200 8053 "-" "Mozilla/5.0 (Windows NT 10.0; Win64; x64) AppleWebKit/537.36 (KHTML, like Gecko) Chrome/60.0.3112.101 Safari/537.36"
204.48.19.85 - - [30/Jun/2021:17:45:40 -0400] "POST /wp-cron.php?doing_wp_cron=1625089540.9498159885406494140625 HTTP/1.1" 200 5438 "https://suncoastoutdoor.net/wp-cron.php?doing_wp_cron=1625089540.9498159885406494140625" "WordPress/5.7.2; https://suncoastoutdoor.net"
128.199.93.165 - - [30/Jun/2021:17:45:40 -0400] "POST /wp-login.php HTTP/1.1" 200 8053 "-" "Mozilla/5.0 (Windows NT 6.1; WOW64) AppleWebKit/537.36 (KHTML, like Gecko) Chrome/47.0.2526.111 Safari/537.36 MVisionPlayer/1.0.0.0"
204.48.19.85 - - [30/Jun/2021:17:53:17 -0400] "POST /wp-cron.php?doing_wp_cron=1625089997.4854590892791748046875 HTTP/1.1" 200 5422 "https://suncoastoutdoor.net/wp-cron.php?doing_wp_cron=1625089997.4854590892791748046875" "WordPress/5.7.2; https://suncoastoutdoor.net"
81.88.52.154 - - [30/Jun/2021:17:53:17 -0400] "POST /wp-login.php HTTP/1.1" 200 8051 "-" "Mozilla/5.0 (Windows NT 6.1) AppleWebKit/537.36 (KHTML, like Gecko) Chrome/63.0.3239.84 Safari/537.36"
204.48.19.85 - - [30/Jun/2021:17:54:37 -0400] "POST /wp-cron.php?doing_wp_cron=1625090077.9114310741424560546875 HTTP/1.1" 200 5454 "https://suncoastoutdoor.net/wp-cron.php?doing_wp_cron=1625090077.9114310741424560546875" "WordPress/5.7.2; https://suncoastoutdoor.net"
193.19.240.121 - - [30/Jun/2021:17:54:37 -0400] "POST /wp-login.php HTTP/1.1" 200 8051 "-" "Mozilla/5.0 (Windows NT 6.1) AppleWebKit/537.36 (KHTML, like Gecko) Chrome/56.0.2924.87 Safari/537.36"
213.166.92.141 - - [30/Jun/2021:18:01:55 -0400] "HEAD /wp-content/plugins/wp-user-avatar/readme.txt HTTP/1.1" 301 251 "-" "Mozilla/5.0 (Windows NT 6.3; WOW64; rv:43.0) Gecko/20100101 Firefox/51.0"
213.166.92.141 - - [30/Jun/2021:18:01:55 -0400] "HEAD /wp-content/plugins/wp-user-avatar/readme.txt HTTP/1.1" 404 5400 "http://suncoastoutdoor.net/wp-content/plugins/wp-user-avatar/readme.txt" "Mozilla/5.0 (Windows NT 6.3; WOW64; rv:43.0) Gecko/20100101 Firefox/51.0"
204.48.19.85 - - [30/Jun/2021:18:05:36 -0400] "POST /wp-cron.php?doing_wp_cron=1625090736.0838069915771484375000 HTTP/1.1" 200 5422 "https://suncoastoutdoor.net/wp-cron.php?doing_wp_cron=1625090736.0838069915771484375000" "WordPress/5.7.2; https://suncoastoutdoor.net"
34.80.144.82 - - [30/Jun/2021:18:05:35 -0400] "POST /wp-login.php HTTP/1.1" 200 8053 "-" "Mozilla/5.0 (Windows NT 10.0; WOW64) AppleWebKit/537.36 (KHTML, like Gecko) Chrome/47.0.2526.106 Safari/537.36"
204.48.19.85 - - [30/Jun/2021:18:10:11 -0400] "POST /wp-cron.php?doing_wp_cron=1625091011.2344141006469726562500 HTTP/1.1" 200 5438 "https://suncoastoutdoor.net/wp-cron.php?doing_wp_cron=1625091011.2344141006469726562500" "WordPress/5.7.2; https://suncoastoutdoor.net"
54.36.149.19 - - [30/Jun/2021:18:10:10 -0400] "GET / HTTP/1.1" 200 22691 "-" "Mozilla/5.0 (compatible; AhrefsBot/7.0; +http://ahrefs.com/robot/)"
204.48.19.85 - - [30/Jun/2021:18:16:12 -0400] "POST /wp-cron.php?doing_wp_cron=1625091372.0731968879699707031250 HTTP/1.1" 200 5422 "https://suncoastoutdoor.net/wp-cron.php?doing_wp_cron=1625091372.0731968879699707031250" "WordPress/5.7.2; https://suncoastoutdoor.net"
148.66.145.140 - - [30/Jun/2021:18:16:11 -0400] "POST /wp-login.php HTTP/1.1" 200 8051 "-" "Mozilla/5.0 (Windows NT 10.0; Win64; x64) AppleWebKit/537.36 (KHTML, like Gecko) Chrome/86.0.4240.193 Safari/537.36"
204.48.19.85 - - [30/Jun/2021:18:27:02 -0400] "POST /wp-cron.php?doing_wp_cron=1625092022.7573239803314208984375 HTTP/1.1" 200 5422 "https://suncoastoutdoor.net/wp-cron.php?doing_wp_cron=1625092022.7573239803314208984375" "WordPress/5.7.2; https://suncoastoutdoor.net"
42.193.184.54 - - [30/Jun/2021:18:27:02 -0400] "POST /wp-login.php HTTP/1.1" 200 8053 "-" "Mozilla/5.0 (Windows NT 6.1; Win64; x64) AppleWebKit/537.36 (KHTML, like Gecko) Chrome/80.0.3987.163 Safari/537.36"
204.48.19.85 - - [30/Jun/2021:18:37:20 -0400] "POST /wp-cron.php?doing_wp_cron=1625092640.0039150714874267578125 HTTP/1.1" 200 5454 "https://suncoastoutdoor.net/wp-cron.php?doing_wp_cron=1625092640.0039150714874267578125" "WordPress/5.7.2; https://suncoastoutdoor.net"
162.55.53.198 - - [30/Jun/2021:18:37:19 -0400] "POST /wp-login.php HTTP/1.1" 200 8051 "-" "Mozilla/5.0 (Windows NT 6.3; Win64; x64) AppleWebKit/537.36 (KHTML, like Gecko) Chrome/57.0.2987.133 Safari/537.36"
204.48.19.85 - - [30/Jun/2021:18:46:38 -0400] "POST /wp-cron.php?doing_wp_cron=1625093198.7986829280853271484375 HTTP/1.1" 200 5438 "https://suncoastoutdoor.net/wp-cron.php?doing_wp_cron=1625093198.7986829280853271484375" "WordPress/5.7.2; https://suncoastoutdoor.net"
209.244.159.152 - - [30/Jun/2021:18:46:38 -0400] "POST /wp-login.php HTTP/1.1" 200 8053 "-" "Mozilla/5.0 (Windows NT 10.0; WOW64) AppleWebKit/537.36 (KHTML, like Gecko) Chrome/46.0.2490.80 Safari/537.36"
204.48.19.85 - - [30/Jun/2021:18:48:05 -0400] "POST /wp-cron.php?doing_wp_cron=1625093285.6026360988616943359375 HTTP/1.1" 200 5422 "https://suncoastoutdoor.net/wp-cron.php?doing_wp_cron=1625093285.6026360988616943359375" "WordPress/5.7.2; https://suncoastoutdoor.net"
82.202.172.211 - - [30/Jun/2021:18:48:05 -0400] "POST /wp-login.php HTTP/1.1" 200 8053 "-" "Mozilla/5.0 (Windows NT 6.1; WOW64) AppleWebKit/537.36 (KHTML, like Gecko) Chrome/51.0.2704.106 Safari/537.36"
204.48.19.85 - - [30/Jun/2021:18:54:10 -0400] "POST /wp-cron.php?doing_wp_cron=1625093650.9605720043182373046875 HTTP/1.1" 200 5422 "https://suncoastoutdoor.net/wp-cron.php?doing_wp_cron=1625093650.9605720043182373046875" "WordPress/5.7.2; https://suncoastoutdoor.net"
120.27.0.224 - - [30/Jun/2021:18:54:10 -0400] "POST /wp-login.php HTTP/1.1" 200 8051 "-" "Mozilla/5.0 (Windows NT 6.3; Win64; x64) AppleWebKit/537.36 (KHTML, like Gecko) Chrome/62.0.3202.94 Safari/537.36"
204.48.19.85 - - [30/Jun/2021:18:57:57 -0400] "POST /wp-cron.php?doing_wp_cron=1625093877.0543339252471923828125 HTTP/1.1" 200 5454 "https://suncoastoutdoor.net/wp-cron.php?doing_wp_cron=1625093877.0543339252471923828125" "WordPress/5.7.2; https://suncoastoutdoor.net"
81.88.52.148 - - [30/Jun/2021:18:57:56 -0400] "POST /wp-login.php HTTP/1.1" 200 8051 "-" "Mozilla/5.0 (Windows NT 10.0; Win64; x64) AppleWebKit/537.36 (KHTML, like Gecko) Chrome/60.0.3112.101 Safari/537.36"
204.48.19.85 - - [30/Jun/2021:19:09:18 -0400] "POST /wp-cron.php?doing_wp_cron=1625094558.8084199428558349609375 HTTP/1.1" 200 5438 "https://suncoastoutdoor.net/wp-cron.php?doing_wp_cron=1625094558.8084199428558349609375" "WordPress/5.7.2; https://suncoastoutdoor.net"
51.75.203.57 - - [30/Jun/2021:19:09:18 -0400] "POST /wp-login.php HTTP/1.1" 200 8053 "-" "Mozilla/5.0 (Windows NT 6.1; Win64; x64) AppleWebKit/537.36 (KHTML, like Gecko) Chrome/79.0.3945.117 Safari/537.36"
204.48.19.85 - - [30/Jun/2021:19:19:56 -0400] "POST /wp-cron.php?doing_wp_cron=1625095196.8439788818359375000000 HTTP/1.1" 200 5438 "https://suncoastoutdoor.net/wp-cron.php?doing_wp_cron=1625095196.8439788818359375000000" "WordPress/5.7.2; https://suncoastoutdoor.net"
160.251.5.96 - - [30/Jun/2021:19:19:56 -0400] "POST /wp-login.php HTTP/1.1" 200 8051 "-" "Mozilla/5.0 (Windows NT 6.0) AppleWebKit/537.36 (KHTML, like Gecko) Chrome/49.0.2623.112 Safari/537.36"
75.119.200.127 - - [30/Jun/2021:19:22:05 -0400] "GET /wp-login.php HTTP/1.1" 301 573 "-" "Mozilla/5.0 (X11; Ubuntu; Linux x86_64; rv:62.0) Gecko/20100101 Firefox/62.0"
75.119.200.127 - - [30/Jun/2021:19:22:05 -0400] "GET /wp-login.php HTTP/1.1" 301 573 "-" "Mozilla/5.0 (X11; Ubuntu; Linux x86_64; rv:62.0) Gecko/20100101 Firefox/62.0"
75.119.200.127 - - [30/Jun/2021:19:22:06 -0400] "GET /wp-login.php HTTP/1.1" 301 573 "-" "Mozilla/5.0 (X11; Ubuntu; Linux x86_64; rv:62.0) Gecko/20100101 Firefox/62.0"
75.119.200.127 - - [30/Jun/2021:19:22:06 -0400] "GET /wp-login.php HTTP/1.1" 200 7225 "http://suncoastoutdoor.net/wp-login.php" "Mozilla/5.0 (X11; Ubuntu; Linux x86_64; rv:62.0) Gecko/20100101 Firefox/62.0"
75.119.200.127 - - [30/Jun/2021:19:22:06 -0400] "GET ///?author=1 HTTP/1.1" 301 567 "-" "Mozilla/5.0 (X11; Ubuntu; Linux x86_64; rv:62.0) Gecko/20100101 Firefox/62.0"
75.119.200.127 - - [30/Jun/2021:19:22:06 -0400] "GET /wp-login.php HTTP/1.1" 200 7225 "http://suncoastoutdoor.net/wp-login.php" "Mozilla/5.0 (X11; Ubuntu; Linux x86_64; rv:62.0) Gecko/20100101 Firefox/62.0"
75.119.200.127 - - [30/Jun/2021:19:22:07 -0400] "GET ///?author=1 HTTP/1.1" 301 567 "-" "Mozilla/5.0 (X11; Ubuntu; Linux x86_64; rv:62.0) Gecko/20100101 Firefox/62.0"
204.48.19.85 - - [30/Jun/2021:19:22:06 -0400] "POST /wp-cron.php?doing_wp_cron=1625095326.5917289257049560546875 HTTP/1.1" 200 5422 "https://suncoastoutdoor.net/wp-cron.php?doing_wp_cron=1625095326.5917289257049560546875" "WordPress/5.7.2; https://suncoastoutdoor.net"
75.119.200.127 - - [30/Jun/2021:19:22:06 -0400] "GET /wp-login.php HTTP/1.1" 200 7225 "http://suncoastoutdoor.net/wp-login.php" "Mozilla/5.0 (X11; Ubuntu; Linux x86_64; rv:62.0) Gecko/20100101 Firefox/62.0"
75.119.200.127 - - [30/Jun/2021:19:22:07 -0400] "GET ///?author=1 HTTP/1.1" 301 567 "-" "Mozilla/5.0 (X11; Ubuntu; Linux x86_64; rv:62.0) Gecko/20100101 Firefox/62.0"
75.119.200.127 - - [30/Jun/2021:19:22:07 -0400] "GET /?author=1 HTTP/1.1" 301 4809 "http://suncoastoutdoor.net///?author=1" "Mozilla/5.0 (X11; Ubuntu; Linux x86_64; rv:62.0) Gecko/20100101 Firefox/62.0"
75.119.200.127 - - [30/Jun/2021:19:22:07 -0400] "GET /?author=1 HTTP/1.1" 301 4809 "http://suncoastoutdoor.net///?author=1" "Mozilla/5.0 (X11; Ubuntu; Linux x86_64; rv:62.0) Gecko/20100101 Firefox/62.0"
75.119.200.127 - - [30/Jun/2021:19:22:07 -0400] "GET /?author=1 HTTP/1.1" 301 4809 "http://suncoastoutdoor.net///?author=1" "Mozilla/5.0 (X11; Ubuntu; Linux x86_64; rv:62.0) Gecko/20100101 Firefox/62.0"
75.119.200.127 - - [30/Jun/2021:19:22:07 -0400] "GET /index.php/author/root/ HTTP/1.1" 200 16040 "https://suncoastoutdoor.net/?author=1" "Mozilla/5.0 (X11; Ubuntu; Linux x86_64; rv:62.0) Gecko/20100101 Firefox/62.0"
75.119.200.127 - - [30/Jun/2021:19:22:08 -0400] "GET ///wp-json/wp/v2/users/ HTTP/1.1" 301 589 "-" "Mozilla/5.0 (X11; Ubuntu; Linux x86_64; rv:62.0) Gecko/20100101 Firefox/62.0"
75.119.200.127 - - [30/Jun/2021:19:22:07 -0400] "GET /index.php/author/root/ HTTP/1.1" 200 16038 "https://suncoastoutdoor.net/?author=1" "Mozilla/5.0 (X11; Ubuntu; Linux x86_64; rv:62.0) Gecko/20100101 Firefox/62.0"
75.119.200.127 - - [30/Jun/2021:19:22:08 -0400] "GET /index.php/author/root/ HTTP/1.1" 200 16033 "https://suncoastoutdoor.net/?author=1" "Mozilla/5.0 (X11; Ubuntu; Linux x86_64; rv:62.0) Gecko/20100101 Firefox/62.0"
75.119.200.127 - - [30/Jun/2021:19:22:08 -0400] "GET ///wp-json/wp/v2/users/ HTTP/1.1" 301 589 "-" "Mozilla/5.0 (X11; Ubuntu; Linux x86_64; rv:62.0) Gecko/20100101 Firefox/62.0"
75.119.200.127 - - [30/Jun/2021:19:22:08 -0400] "GET /wp-json/wp/v2/users/ HTTP/1.1" 404 5002 "http://suncoastoutdoor.net///wp-json/wp/v2/users/" "Mozilla/5.0 (X11; Ubuntu; Linux x86_64; rv:62.0) Gecko/20100101 Firefox/62.0"
75.119.200.127 - - [30/Jun/2021:19:22:08 -0400] "GET ///wp-json/wp/v2/users/ HTTP/1.1" 301 589 "-" "Mozilla/5.0 (X11; Ubuntu; Linux x86_64; rv:62.0) Gecko/20100101 Firefox/62.0"
75.119.200.127 - - [30/Jun/2021:19:22:08 -0400] "GET ///?author=2 HTTP/1.1" 301 567 "-" "Mozilla/5.0 (X11; Ubuntu; Linux x86_64; rv:62.0) Gecko/20100101 Firefox/62.0"
75.119.200.127 - - [30/Jun/2021:19:22:08 -0400] "GET /wp-json/wp/v2/users/ HTTP/1.1" 404 5002 "http://suncoastoutdoor.net///wp-json/wp/v2/users/" "Mozilla/5.0 (X11; Ubuntu; Linux x86_64; rv:62.0) Gecko/20100101 Firefox/62.0"
75.119.200.127 - - [30/Jun/2021:19:22:09 -0400] "GET /wp-json/wp/v2/users/ HTTP/1.1" 404 5002 "http://suncoastoutdoor.net///wp-json/wp/v2/users/" "Mozilla/5.0 (X11; Ubuntu; Linux x86_64; rv:62.0) Gecko/20100101 Firefox/62.0"
75.119.200.127 - - [30/Jun/2021:19:22:09 -0400] "GET ///?author=2 HTTP/1.1" 301 567 "-" "Mozilla/5.0 (X11; Ubuntu; Linux x86_64; rv:62.0) Gecko/20100101 Firefox/62.0"
75.119.200.127 - - [30/Jun/2021:19:22:09 -0400] "GET ///?author=2 HTTP/1.1" 301 567 "-" "Mozilla/5.0 (X11; Ubuntu; Linux x86_64; rv:62.0) Gecko/20100101 Firefox/62.0"
75.119.200.127 - - [30/Jun/2021:19:22:09 -0400] "GET /?author=2 HTTP/1.1" 200 16047 "http://suncoastoutdoor.net///?author=2" "Mozilla/5.0 (X11; Ubuntu; Linux x86_64; rv:62.0) Gecko/20100101 Firefox/62.0"
75.119.200.127 - - [30/Jun/2021:19:22:09 -0400] "GET /?author=2 HTTP/1.1" 200 16049 "http://suncoastoutdoor.net///?author=2" "Mozilla/5.0 (X11; Ubuntu; Linux x86_64; rv:62.0) Gecko/20100101 Firefox/62.0"
75.119.200.127 - - [30/Jun/2021:19:22:09 -0400] "GET /?author=2 HTTP/1.1" 200 16046 "http://suncoastoutdoor.net///?author=2" "Mozilla/5.0 (X11; Ubuntu; Linux x86_64; rv:62.0) Gecko/20100101 Firefox/62.0"
204.48.19.85 - - [30/Jun/2021:19:31:06 -0400] "POST /wp-cron.php?doing_wp_cron=1625095866.4142260551452636718750 HTTP/1.1" 200 5454 "https://suncoastoutdoor.net/wp-cron.php?doing_wp_cron=1625095866.4142260551452636718750" "WordPress/5.7.2; https://suncoastoutdoor.net"
75.119.145.19 - - [30/Jun/2021:19:31:05 -0400] "POST /wp-login.php HTTP/1.1" 200 8053 "-" "Mozilla/5.0 (Windows NT 6.1; Win64; x64) AppleWebKit/537.36 (KHTML, like Gecko) Chrome/80.0.3987.163 Safari/537.36"
204.48.19.85 - - [30/Jun/2021:19:52:33 -0400] "POST /wp-cron.php?doing_wp_cron=1625097153.8663289546966552734375 HTTP/1.1" 200 5438 "https://suncoastoutdoor.net/wp-cron.php?doing_wp_cron=1625097153.8663289546966552734375" "WordPress/5.7.2; https://suncoastoutdoor.net"
35.232.157.59 - - [30/Jun/2021:19:52:33 -0400] "POST /wp-login.php HTTP/1.1" 200 8053 "-" "Mozilla/5.0 (Windows NT 6.1; Win64; x64) AppleWebKit/537.36 (KHTML, like Gecko) Chrome/60.0.3112.113 Safari/537.36"
65.21.148.16 - - [30/Jun/2021:19:57:29 -0400] "GET /3index.php?f=/NmRtJOUjAdutReQj/scRjKUhleBpzmTyO.txt HTTP/1.1" 404 5703 "-" "Apache/2.4.34 (Ubuntu) OpenSSL/1.1.1 (internal dummy connection)"
66.249.66.222 - - [30/Jun/2021:20:02:08 -0400] "GET /robots.txt HTTP/1.1" 301 606 "-" "Mozilla/5.0 (compatible; Googlebot/2.1; +http://www.google.com/bot.html)"
66.249.66.192 - - [30/Jun/2021:20:02:08 -0400] "GET /robots.txt HTTP/1.1" 404 5740 "-" "Mozilla/5.0 (compatible; Googlebot/2.1; +http://www.google.com/bot.html)"
66.249.66.220 - - [30/Jun/2021:20:02:08 -0400] "GET / HTTP/1.1" 301 586 "-" "Mozilla/5.0 (compatible; Googlebot/2.1; +http://www.google.com/bot.html)"
204.48.19.85 - - [30/Jun/2021:20:02:10 -0400] "POST /wp-cron.php?doing_wp_cron=1625097730.3144979476928710937500 HTTP/1.1" 200 5438 "https://suncoastoutdoor.net/wp-cron.php?doing_wp_cron=1625097730.3144979476928710937500" "WordPress/5.7.2; https://suncoastoutdoor.net"
66.249.66.222 - - [30/Jun/2021:20:02:09 -0400] "GET / HTTP/1.1" 200 22712 "-" "Mozilla/5.0 (compatible; Googlebot/2.1; +http://www.google.com/bot.html)"
204.48.19.85 - - [30/Jun/2021:20:14:16 -0400] "POST /wp-cron.php?doing_wp_cron=1625098456.0920219421386718750000 HTTP/1.1" 200 5438 "https://suncoastoutdoor.net/wp-cron.php?doing_wp_cron=1625098456.0920219421386718750000" "WordPress/5.7.2; https://suncoastoutdoor.net"
67.205.61.254 - - [30/Jun/2021:20:14:15 -0400] "POST /wp-login.php HTTP/1.1" 200 8053 "-" "Mozilla/5.0 (Windows NT 10.0; Win64; x64) AppleWebKit/537.36 (KHTML, like Gecko) Chrome/62.0.3202.89 Safari/537.36"
202.39.38.247 - - [30/Jun/2021:20:20:57 -0400] "GET /wp-includes/widgets/class-wp-widget-header.php HTTP/1.1" 301 622 "http://simplesite.com" "Mozilla/5.0 (Windows; U; Windows NT 5.1; en-US) AppleWebKit/533.4 (KHTML, like Gecko) Chrome/5.0.375.99 Safari/533.4"
204.48.19.85 - - [30/Jun/2021:20:24:30 -0400] "POST /wp-cron.php?doing_wp_cron=1625099070.0385890007019042968750 HTTP/1.1" 200 5438 "https://suncoastoutdoor.net/wp-cron.php?doing_wp_cron=1625099070.0385890007019042968750" "WordPress/5.7.2; https://suncoastoutdoor.net"
173.236.152.148 - - [30/Jun/2021:20:24:29 -0400] "POST /wp-login.php HTTP/1.1" 200 8052 "-" "Mozilla/5.0 (Windows NT 10.0; Win64; x64) AppleWebKit/537.36 (KHTML, like Gecko) Chrome/66.0.3359.117 Safari/537.36"
204.48.19.85 - - [30/Jun/2021:20:35:16 -0400] "POST /wp-cron.php?doing_wp_cron=1625099716.1801719665527343750000 HTTP/1.1" 200 5454 "https://suncoastoutdoor.net/wp-cron.php?doing_wp_cron=1625099716.1801719665527343750000" "WordPress/5.7.2; https://suncoastoutdoor.net"
162.214.198.70 - - [30/Jun/2021:20:35:15 -0400] "POST /wp-login.php HTTP/1.1" 200 8053 "-" "Mozilla/5.0 (Windows NT 6.1; Win64; x64) AppleWebKit/537.36 (KHTML, like Gecko) Chrome/78.0.3904.97 Safari/537.36"
204.48.19.85 - - [30/Jun/2021:20:43:28 -0400] "POST /wp-cron.php?doing_wp_cron=1625100208.9520859718322753906250 HTTP/1.1" 200 5438 "https://suncoastoutdoor.net/wp-cron.php?doing_wp_cron=1625100208.9520859718322753906250" "WordPress/5.7.2; https://suncoastoutdoor.net"
143.110.186.52 - - [30/Jun/2021:20:43:28 -0400] "GET /wp-login.php HTTP/1.1" 200 7224 "-" "Mozilla/5.0 (X11; Ubuntu; Linux x86_64; rv:62.0) Gecko/20100101 Firefox/62.0"
143.110.186.52 - - [30/Jun/2021:20:43:40 -0400] "POST /wp-login.php HTTP/1.1" 200 7349 "-" "Mozilla/5.0 (X11; Ubuntu; Linux x86_64; rv:62.0) Gecko/20100101 Firefox/62.0"
143.110.186.52 - - [30/Jun/2021:20:43:46 -0400] "GET /wp-login.php HTTP/1.1" 200 7224 "-" "Mozilla/5.0 (X11; Ubuntu; Linux x86_64; rv:62.0) Gecko/20100101 Firefox/62.0"
143.110.186.52 - - [30/Jun/2021:20:43:47 -0400] "POST /wp-login.php HTTP/1.1" 200 7326 "-" "Mozilla/5.0 (X11; Ubuntu; Linux x86_64; rv:62.0) Gecko/20100101 Firefox/62.0"
204.48.19.85 - - [30/Jun/2021:20:43:49 -0400] "POST /wp-cron.php?doing_wp_cron=1625100229.2212860584259033203125 HTTP/1.1" 200 5422 "https://suncoastoutdoor.net/wp-cron.php?doing_wp_cron=1625100229.2212860584259033203125" "WordPress/5.7.2; https://suncoastoutdoor.net"
143.110.186.52 - - [30/Jun/2021:20:43:48 -0400] "POST /xmlrpc.php HTTP/1.1" 200 4979 "-" "Mozilla/5.0 (X11; Ubuntu; Linux x86_64; rv:62.0) Gecko/20100101 Firefox/62.0"
204.48.19.85 - - [30/Jun/2021:20:46:32 -0400] "POST /wp-cron.php?doing_wp_cron=1625100392.7410120964050292968750 HTTP/1.1" 200 5438 "https://suncoastoutdoor.net/wp-cron.php?doing_wp_cron=1625100392.7410120964050292968750" "WordPress/5.7.2; https://suncoastoutdoor.net"
157.245.103.73 - - [30/Jun/2021:20:46:32 -0400] "POST /wp-login.php HTTP/1.1" 200 8052 "-" "Mozilla/5.0 (Windows NT 6.1) AppleWebKit/537.36 (KHTML, like Gecko) Chrome/70.0.3538.102 Safari/537.36"
204.48.19.85 - - [30/Jun/2021:20:57:33 -0400] "POST /wp-cron.php?doing_wp_cron=1625101053.3426599502563476562500 HTTP/1.1" 200 5438 "https://suncoastoutdoor.net/wp-cron.php?doing_wp_cron=1625101053.3426599502563476562500" "WordPress/5.7.2; https://suncoastoutdoor.net"
13.51.186.172 - - [30/Jun/2021:20:57:33 -0400] "POST /wp-login.php HTTP/1.1" 200 8053 "-" "Mozilla/5.0 (Windows NT 6.1; WOW64) AppleWebKit/537.36 (KHTML, like Gecko) Chrome/36.0.1985.125 Safari/537.36"
204.48.19.85 - - [30/Jun/2021:20:58:55 -0400] "POST /wp-cron.php?doing_wp_cron=1625101135.8394320011138916015625 HTTP/1.1" 200 5438 "https://suncoastoutdoor.net/wp-cron.php?doing_wp_cron=1625101135.8394320011138916015625" "WordPress/5.7.2; https://suncoastoutdoor.net"
185.40.196.146 - - [30/Jun/2021:20:58:55 -0400] "GET /wp-login.php HTTP/1.1" 200 7224 "-" "Mozilla/5.0 (X11; Ubuntu; Linux x86_64; rv:62.0) Gecko/20100101 Firefox/62.0"
185.40.196.146 - - [30/Jun/2021:20:58:56 -0400] "POST /wp-login.php HTTP/1.1" 200 7349 "-" "Mozilla/5.0 (X11; Ubuntu; Linux x86_64; rv:62.0) Gecko/20100101 Firefox/62.0"
185.40.196.146 - - [30/Jun/2021:20:58:57 -0400] "GET /wp-login.php HTTP/1.1" 200 7224 "-" "Mozilla/5.0 (X11; Ubuntu; Linux x86_64; rv:62.0) Gecko/20100101 Firefox/62.0"
185.40.196.146 - - [30/Jun/2021:20:58:58 -0400] "POST /wp-login.php HTTP/1.1" 200 7326 "-" "Mozilla/5.0 (X11; Ubuntu; Linux x86_64; rv:62.0) Gecko/20100101 Firefox/62.0"
185.40.196.146 - - [30/Jun/2021:20:58:58 -0400] "POST /xmlrpc.php HTTP/1.1" 200 4979 "-" "Mozilla/5.0 (X11; Ubuntu; Linux x86_64; rv:62.0) Gecko/20100101 Firefox/62.0"
204.48.19.85 - - [30/Jun/2021:21:16:57 -0400] "POST /wp-cron.php?doing_wp_cron=1625102217.7890369892120361328125 HTTP/1.1" 200 5438 "https://suncoastoutdoor.net/wp-cron.php?doing_wp_cron=1625102217.7890369892120361328125" "WordPress/5.7.2; https://suncoastoutdoor.net"
142.93.170.99 - - [30/Jun/2021:21:16:57 -0400] "GET /wp-login.php HTTP/1.1" 200 7224 "-" "Mozilla/5.0 (X11; Ubuntu; Linux x86_64; rv:62.0) Gecko/20100101 Firefox/62.0"
142.93.170.99 - - [30/Jun/2021:21:16:58 -0400] "POST /wp-login.php HTTP/1.1" 200 7349 "-" "Mozilla/5.0 (X11; Ubuntu; Linux x86_64; rv:62.0) Gecko/20100101 Firefox/62.0"
142.93.170.99 - - [30/Jun/2021:21:16:59 -0400] "GET /wp-login.php HTTP/1.1" 200 7224 "-" "Mozilla/5.0 (X11; Ubuntu; Linux x86_64; rv:62.0) Gecko/20100101 Firefox/62.0"
142.93.170.99 - - [30/Jun/2021:21:16:59 -0400] "POST /wp-login.php HTTP/1.1" 200 7350 "-" "Mozilla/5.0 (X11; Ubuntu; Linux x86_64; rv:62.0) Gecko/20100101 Firefox/62.0"
142.93.170.99 - - [30/Jun/2021:21:17:00 -0400] "POST /xmlrpc.php HTTP/1.1" 200 4979 "-" "Mozilla/5.0 (X11; Ubuntu; Linux x86_64; rv:62.0) Gecko/20100101 Firefox/62.0"
204.48.19.85 - - [30/Jun/2021:21:19:51 -0400] "POST /wp-cron.php?doing_wp_cron=1625102391.9043009281158447265625 HTTP/1.1" 200 5438 "https://suncoastoutdoor.net/wp-cron.php?doing_wp_cron=1625102391.9043009281158447265625" "WordPress/5.7.2; https://suncoastoutdoor.net"
91.193.20.72 - - [30/Jun/2021:21:19:51 -0400] "POST /wp-login.php HTTP/1.1" 200 8053 "-" "Mozilla/5.0 (Windows NT 6.1; WOW64) AppleWebKit/537.36 (KHTML, like Gecko) Chrome/48.0.2564.109 Safari/537.36"
45.159.196.32 - - [30/Jun/2021:21:24:57 -0400] "GET /wp-admin/user/user-profile.php HTTP/1.1" 301 590 "http://simplesite.com" "Mozilla/5.0 (Windows; U; Windows NT 5.1; en-US) AppleWebKit/533.4 (KHTML, like Gecko) Chrome/5.0.375.99 Safari/533.4"
45.159.196.32 - - [30/Jun/2021:21:25:03 -0400] "GET /wp-admin/user/user-profile.php HTTP/1.1" 301 590 "http://simplesite.com" "Mozilla/5.0 (Windows; U; Windows NT 5.1; en-US) AppleWebKit/533.4 (KHTML, like Gecko) Chrome/5.0.375.99 Safari/533.4"
3.128.197.103 - - [30/Jun/2021:21:27:48 -0400] "GET / HTTP/1.1" 301 598 "-" "Mozilla/5.0 (Macintosh; Intel Mac OS X 10_15_7) AppleWebKit/537.36 (KHTML, like Gecko) Chrome/91.0.4472.101 Safari/537.36"
3.128.197.103 - - [30/Jun/2021:21:27:48 -0400] "GET / HTTP/1.1" 301 586 "-" "Mozilla/5.0 (Macintosh; Intel Mac OS X 10_15_7) AppleWebKit/537.36 (KHTML, like Gecko) Chrome/91.0.4472.101 Safari/537.36"
3.128.197.103 - - [30/Jun/2021:21:27:48 -0400] "GET / HTTP/1.1" 200 22706 "-" "Mozilla/5.0 (Macintosh; Intel Mac OS X 10_15_7) AppleWebKit/537.36 (KHTML, like Gecko) Chrome/91.0.4472.101 Safari/537.36"
3.128.197.103 - - [30/Jun/2021:21:27:48 -0400] "GET / HTTP/1.1" 301 5525 "-" "Mozilla/5.0 (Macintosh; Intel Mac OS X 10_15_7) AppleWebKit/537.36 (KHTML, like Gecko) Chrome/91.0.4472.101 Safari/537.36"
3.128.197.103 - - [30/Jun/2021:21:27:48 -0400] "GET / HTTP/1.1" 200 22705 "-" "Mozilla/5.0 (Macintosh; Intel Mac OS X 10_15_7) AppleWebKit/537.36 (KHTML, like Gecko) Chrome/91.0.4472.101 Safari/537.36"
3.128.197.103 - - [30/Jun/2021:21:27:49 -0400] "GET / HTTP/1.1" 301 586 "-" "Mozilla/5.0 (Macintosh; Intel Mac OS X 10_15_7) AppleWebKit/537.36 (KHTML, like Gecko) Chrome/91.0.4472.101 Safari/537.36"
204.48.19.85 - - [30/Jun/2021:21:27:49 -0400] "POST /wp-cron.php?doing_wp_cron=1625102869.4590690135955810546875 HTTP/1.1" 200 5438 "https://suncoastoutdoor.net/wp-cron.php?doing_wp_cron=1625102869.4590690135955810546875" "WordPress/5.7.2; https://suncoastoutdoor.net"
3.128.197.103 - - [30/Jun/2021:21:27:48 -0400] "GET / HTTP/1.1" 301 5525 "-" "Mozilla/5.0 (Macintosh; Intel Mac OS X 10_15_7) AppleWebKit/537.36 (KHTML, like Gecko) Chrome/91.0.4472.101 Safari/537.36"
3.128.197.103 - - [30/Jun/2021:21:27:49 -0400] "GET / HTTP/1.1" 200 22712 "-" "Mozilla/5.0 (Macintosh; Intel Mac OS X 10_15_7) AppleWebKit/537.36 (KHTML, like Gecko) Chrome/91.0.4472.101 Safari/537.36"
3.128.197.103 - - [30/Jun/2021:21:27:49 -0400] "GET / HTTP/1.1" 200 22720 "-" "Mozilla/5.0 (Macintosh; Intel Mac OS X 10_15_7) AppleWebKit/537.36 (KHTML, like Gecko) Chrome/91.0.4472.101 Safari/537.36"
3.128.197.103 - - [30/Jun/2021:21:27:50 -0400] "GET /wp-content/plugins/revslider/public/assets/css/rs6.css?ver=6.3.3 HTTP/1.1" 200 13102 "https://suncoastoutdoor.net/" "Mozilla/5.0 (Macintosh; Intel Mac OS X 10_15_7) AppleWebKit/537.36 (KHTML, like Gecko) Chrome/91.0.4472.101 Safari/537.36"
3.128.197.103 - - [30/Jun/2021:21:27:50 -0400] "GET /wp-content/plugins/google-analytics-for-wordpress/assets/js/frontend-gtag.min.js?ver=7.17.0 HTTP/1.1" 200 3794 "https://suncoastoutdoor.net/" "Mozilla/5.0 (Macintosh; Intel Mac OS X 10_15_7) AppleWebKit/537.36 (KHTML, like Gecko) Chrome/91.0.4472.101 Safari/537.36"
3.128.197.103 - - [30/Jun/2021:21:27:50 -0400] "GET /wp-includes/js/jquery/jquery-migrate.min.js?ver=3.3.2 HTTP/1.1" 200 9853 "https://suncoastoutdoor.net/" "Mozilla/5.0 (Macintosh; Intel Mac OS X 10_15_7) AppleWebKit/537.36 (KHTML, like Gecko) Chrome/91.0.4472.101 Safari/537.36"
3.128.197.103 - - [30/Jun/2021:21:27:50 -0400] "GET /wp-includes/js/jquery/jquery.min.js?ver=3.5.1 HTTP/1.1" 200 31977 "https://suncoastoutdoor.net/" "Mozilla/5.0 (Macintosh; Intel Mac OS X 10_15_7) AppleWebKit/537.36 (KHTML, like Gecko) Chrome/91.0.4472.101 Safari/537.36"
3.128.197.103 - - [30/Jun/2021:21:27:50 -0400] "GET /wp-content/plugins/revslider/public/assets/js/rbtools.min.js?ver=6.3.3 HTTP/1.1" 200 51886 "https://suncoastoutdoor.net/" "Mozilla/5.0 (Macintosh; Intel Mac OS X 10_15_7) AppleWebKit/537.36 (KHTML, like Gecko) Chrome/91.0.4472.101 Safari/537.36"
3.128.197.103 - - [30/Jun/2021:21:27:50 -0400] "GET /wp-content/uploads/fusion-styles/4bed2601c1542c7ae83796428eec82cc.min.css?ver=3.2.1 HTTP/1.1" 200 143753 "https://suncoastoutdoor.net/" "Mozilla/5.0 (Macintosh; Intel Mac OS X 10_15_7) AppleWebKit/537.36 (KHTML, like Gecko) Chrome/91.0.4472.101 Safari/537.36"
3.128.197.103 - - [30/Jun/2021:21:27:50 -0400] "GET /wp-content/plugins/revslider/public/assets/js/rs6.min.js?ver=6.3.3 HTTP/1.1" 200 91504 "https://suncoastoutdoor.net/" "Mozilla/5.0 (Macintosh; Intel Mac OS X 10_15_7) AppleWebKit/537.36 (KHTML, like Gecko) Chrome/91.0.4472.101 Safari/537.36"
3.128.197.103 - - [30/Jun/2021:21:27:50 -0400] "GET /wp-includes/css/dist/block-library/theme.min.css?ver=5.7.2 HTTP/1.1" 200 1105 "https://suncoastoutdoor.net/" "Mozilla/5.0 (Macintosh; Intel Mac OS X 10_15_7) AppleWebKit/537.36 (KHTML, like Gecko) Chrome/91.0.4472.101 Safari/537.36"
3.128.197.103 - - [30/Jun/2021:21:27:50 -0400] "GET /wp-includes/css/dist/block-library/style.min.css?ver=5.7.2 HTTP/1.1" 200 9110 "https://suncoastoutdoor.net/" "Mozilla/5.0 (Macintosh; Intel Mac OS X 10_15_7) AppleWebKit/537.36 (KHTML, like Gecko) Chrome/91.0.4472.101 Safari/537.36"
3.128.197.103 - - [30/Jun/2021:21:27:50 -0400] "GET /wp-includes/js/dist/vendor/wp-polyfill.min.js?ver=7.4.4 HTTP/1.1" 200 34748 "https://suncoastoutdoor.net/" "Mozilla/5.0 (Macintosh; Intel Mac OS X 10_15_7) AppleWebKit/537.36 (KHTML, like Gecko) Chrome/91.0.4472.101 Safari/537.36"
3.128.197.103 - - [30/Jun/2021:21:27:50 -0400] "GET /wp-includes/js/dist/hooks.min.js?ver=50e23bed88bcb9e6e14023e9961698c1 HTTP/1.1" 200 2722 "https://suncoastoutdoor.net/" "Mozilla/5.0 (Macintosh; Intel Mac OS X 10_15_7) AppleWebKit/537.36 (KHTML, like Gecko) Chrome/91.0.4472.101 Safari/537.36"
3.128.197.103 - - [30/Jun/2021:21:27:50 -0400] "GET /wp-includes/js/dist/i18n.min.js?ver=db9a9a37da262883343e941c3731bc67 HTTP/1.1" 200 4273 "https://suncoastoutdoor.net/" "Mozilla/5.0 (Macintosh; Intel Mac OS X 10_15_7) AppleWebKit/537.36 (KHTML, like Gecko) Chrome/91.0.4472.101 Safari/537.36"
3.128.197.103 - - [30/Jun/2021:21:27:50 -0400] "GET /wp-includes/js/dist/url.min.js?ver=0ac7e0472c46121366e7ce07244be1ac HTTP/1.1" 200 3481 "https://suncoastoutdoor.net/" "Mozilla/5.0 (Macintosh; Intel Mac OS X 10_15_7) AppleWebKit/537.36 (KHTML, like Gecko) Chrome/91.0.4472.101 Safari/537.36"
3.128.197.103 - - [30/Jun/2021:21:27:50 -0400] "GET /wp-includes/js/dist/vendor/lodash.min.js?ver=4.17.19 HTTP/1.1" 200 26248 "https://suncoastoutdoor.net/" "Mozilla/5.0 (Macintosh; Intel Mac OS X 10_15_7) AppleWebKit/537.36 (KHTML, like Gecko) Chrome/91.0.4472.101 Safari/537.36"
3.128.197.103 - - [30/Jun/2021:21:27:50 -0400] "GET /wp-includes/js/dist/api-fetch.min.js?ver=a783d1f442d2abefc7d6dbd156a44561 HTTP/1.1" 200 3890 "https://suncoastoutdoor.net/" "Mozilla/5.0 (Macintosh; Intel Mac OS X 10_15_7) AppleWebKit/537.36 (KHTML, like Gecko) Chrome/91.0.4472.101 Safari/537.36"
3.128.197.103 - - [30/Jun/2021:21:27:50 -0400] "GET /wp-content/plugins/contact-form-7/includes/js/index.js?ver=5.4 HTTP/1.1" 200 3655 "https://suncoastoutdoor.net/" "Mozilla/5.0 (Macintosh; Intel Mac OS X 10_15_7) AppleWebKit/537.36 (KHTML, like Gecko) Chrome/91.0.4472.101 Safari/537.36"
3.128.197.103 - - [30/Jun/2021:21:27:50 -0400] "GET /wp-includes/js/wp-embed.min.js?ver=5.7.2 HTTP/1.1" 200 1136 "https://suncoastoutdoor.net/" "Mozilla/5.0 (Macintosh; Intel Mac OS X 10_15_7) AppleWebKit/537.36 (KHTML, like Gecko) Chrome/91.0.4472.101 Safari/537.36"
3.128.197.103 - - [30/Jun/2021:21:27:50 -0400] "GET /wp-content/themes/Avada/includes/lib/assets/min/js/library/modernizr.js?ver=3.3.1 HTTP/1.1" 200 5503 "https://suncoastoutdoor.net/" "Mozilla/5.0 (Macintosh; Intel Mac OS X 10_15_7) AppleWebKit/537.36 (KHTML, like Gecko) Chrome/91.0.4472.101 Safari/537.36"
3.128.197.103 - - [30/Jun/2021:21:27:50 -0400] "GET /wp-content/plugins/fusion-builder/assets/js/min/general/fusion-column-bg-image.js?ver=1 HTTP/1.1" 200 1129 "https://suncoastoutdoor.net/" "Mozilla/5.0 (Macintosh; Intel Mac OS X 10_15_7) AppleWebKit/537.36 (KHTML, like Gecko) Chrome/91.0.4472.101 Safari/537.36"
3.128.197.103 - - [30/Jun/2021:21:27:50 -0400] "GET /wp-content/themes/Avada/includes/lib/assets/min/js/general/fusion.js?ver=3.2.1 HTTP/1.1" 200 1665 "https://suncoastoutdoor.net/" "Mozilla/5.0 (Macintosh; Intel Mac OS X 10_15_7) AppleWebKit/537.36 (KHTML, like Gecko) Chrome/91.0.4472.101 Safari/537.36"
3.128.197.103 - - [30/Jun/2021:21:27:50 -0400] "GET /wp-content/themes/Avada/includes/lib/assets/min/js/library/cssua.js?ver=2.1.28 HTTP/1.1" 200 1870 "https://suncoastoutdoor.net/" "Mozilla/5.0 (Macintosh; Intel Mac OS X 10_15_7) AppleWebKit/537.36 (KHTML, like Gecko) Chrome/91.0.4472.101 Safari/537.36"
3.128.197.103 - - [30/Jun/2021:21:27:50 -0400] "GET /wp-content/themes/Avada/includes/lib/assets/min/js/library/bootstrap.tooltip.js?ver=3.3.5 HTTP/1.1" 200 4248 "https://suncoastoutdoor.net/" "Mozilla/5.0 (Macintosh; Intel Mac OS X 10_15_7) AppleWebKit/537.36 (KHTML, like Gecko) Chrome/91.0.4472.101 Safari/537.36"
3.128.197.103 - - [30/Jun/2021:21:27:50 -0400] "GET /wp-content/themes/Avada/includes/lib/assets/min/js/library/jquery.waypoints.js?ver=2.0.3 HTTP/1.1" 200 3023 "https://suncoastoutdoor.net/" "Mozilla/5.0 (Macintosh; Intel Mac OS X 10_15_7) AppleWebKit/537.36 (KHTML, like Gecko) Chrome/91.0.4472.101 Safari/537.36"
3.128.197.103 - - [30/Jun/2021:21:27:50 -0400] "GET /wp-content/themes/Avada/includes/lib/assets/min/js/library/jquery.requestAnimationFrame.js?ver=1 HTTP/1.1" 200 708 "https://suncoastoutdoor.net/" "Mozilla/5.0 (Macintosh; Intel Mac OS X 10_15_7) AppleWebKit/537.36 (KHTML, like Gecko) Chrome/91.0.4472.101 Safari/537.36"
3.128.197.103 - - [30/Jun/2021:21:27:50 -0400] "GET /wp-content/themes/Avada/includes/lib/assets/min/js/library/jquery.easing.js?ver=1.3 HTTP/1.1" 200 1121 "https://suncoastoutdoor.net/" "Mozilla/5.0 (Macintosh; Intel Mac OS X 10_15_7) AppleWebKit/537.36 (KHTML, like Gecko) Chrome/91.0.4472.101 Safari/537.36"
3.128.197.103 - - [30/Jun/2021:21:27:50 -0400] "GET /wp-content/themes/Avada/includes/lib/assets/min/js/library/jquery.hoverintent.js?ver=1 HTTP/1.1" 200 826 "https://suncoastoutdoor.net/" "Mozilla/5.0 (Macintosh; Intel Mac OS X 10_15_7) AppleWebKit/537.36 (KHTML, like Gecko) Chrome/91.0.4472.101 Safari/537.36"
3.128.197.103 - - [30/Jun/2021:21:27:50 -0400] "GET /wp-content/themes/Avada/includes/lib/assets/min/js/library/jquery.flexslider.js?ver=2.7.2 HTTP/1.1" 200 6815 "https://suncoastoutdoor.net/" "Mozilla/5.0 (Macintosh; Intel Mac OS X 10_15_7) AppleWebKit/537.36 (KHTML, like Gecko) Chrome/91.0.4472.101 Safari/537.36"
3.128.197.103 - - [30/Jun/2021:21:27:50 -0400] "GET /wp-content/themes/Avada/includes/lib/assets/min/js/library/jquery.hoverflow.js?ver=1 HTTP/1.1" 200 705 "https://suncoastoutdoor.net/" "Mozilla/5.0 (Macintosh; Intel Mac OS X 10_15_7) AppleWebKit/537.36 (KHTML, like Gecko) Chrome/91.0.4472.101 Safari/537.36"
3.128.197.103 - - [30/Jun/2021:21:27:50 -0400] "GET /wp-content/themes/Avada/includes/lib/assets/min/js/library/jquery.mousewheel.js?ver=3.0.6 HTTP/1.1" 200 1500 "https://suncoastoutdoor.net/" "Mozilla/5.0 (Macintosh; Intel Mac OS X 10_15_7) AppleWebKit/537.36 (KHTML, like Gecko) Chrome/91.0.4472.101 Safari/537.36"
3.128.197.103 - - [30/Jun/2021:21:27:50 -0400] "GET /wp-content/themes/Avada/includes/lib/assets/min/js/library/jquery.ilightbox.js?ver=2.2.3 HTTP/1.1" 200 25650 "https://suncoastoutdoor.net/" "Mozilla/5.0 (Macintosh; Intel Mac OS X 10_15_7) AppleWebKit/537.36 (KHTML, like Gecko) Chrome/91.0.4472.101 Safari/537.36"
3.128.197.103 - - [30/Jun/2021:21:27:50 -0400] "GET /wp-content/themes/Avada/includes/lib/assets/min/js/library/jquery.fitvids.js?ver=1.1 HTTP/1.1" 200 1159 "https://suncoastoutdoor.net/" "Mozilla/5.0 (Macintosh; Intel Mac OS X 10_15_7) AppleWebKit/537.36 (KHTML, like Gecko) Chrome/91.0.4472.101 Safari/537.36"
3.128.197.103 - - [30/Jun/2021:21:27:50 -0400] "GET /wp-content/themes/Avada/includes/lib/assets/min/js/library/jquery.placeholder.js?ver=2.0.7 HTTP/1.1" 200 1220 "https://suncoastoutdoor.net/" "Mozilla/5.0 (Macintosh; Intel Mac OS X 10_15_7) AppleWebKit/537.36 (KHTML, like Gecko) Chrome/91.0.4472.101 Safari/537.36"
3.128.197.103 - - [30/Jun/2021:21:27:50 -0400] "GET /wp-content/themes/Avada/includes/lib/assets/min/js/library/fusion-video-general.js?ver=1 HTTP/1.1" 200 2389 "https://suncoastoutdoor.net/" "Mozilla/5.0 (Macintosh; Intel Mac OS X 10_15_7) AppleWebKit/537.36 (KHTML, like Gecko) Chrome/91.0.4472.101 Safari/537.36"
3.128.197.103 - - [30/Jun/2021:21:27:50 -0400] "GET /wp-content/themes/Avada/includes/lib/assets/min/js/general/fusion-equal-heights.js?ver=1 HTTP/1.1" 200 992 "https://suncoastoutdoor.net/" "Mozilla/5.0 (Macintosh; Intel Mac OS X 10_15_7) AppleWebKit/537.36 (KHTML, like Gecko) Chrome/91.0.4472.101 Safari/537.36"
3.128.197.103 - - [30/Jun/2021:21:27:50 -0400] "GET /wp-content/themes/Avada/includes/lib/assets/min/js/library/jquery.fade.js?ver=1 HTTP/1.1" 200 808 "https://suncoastoutdoor.net/" "Mozilla/5.0 (Macintosh; Intel Mac OS X 10_15_7) AppleWebKit/537.36 (KHTML, like Gecko) Chrome/91.0.4472.101 Safari/537.36"
3.128.197.103 - - [30/Jun/2021:21:27:50 -0400] "GET /wp-content/themes/Avada/includes/lib/assets/min/js/library/fusion-parallax.js?ver=1 HTTP/1.1" 200 3272 "https://suncoastoutdoor.net/" "Mozilla/5.0 (Macintosh; Intel Mac OS X 10_15_7) AppleWebKit/537.36 (KHTML, like Gecko) Chrome/91.0.4472.101 Safari/537.36"
3.128.197.103 - - [30/Jun/2021:21:27:50 -0400] "GET /wp-content/themes/Avada/includes/lib/assets/min/js/library/fusion-video-bg.js?ver=1 HTTP/1.1" 200 2405 "https://suncoastoutdoor.net/" "Mozilla/5.0 (Macintosh; Intel Mac OS X 10_15_7) AppleWebKit/537.36 (KHTML, like Gecko) Chrome/91.0.4472.101 Safari/537.36"
3.128.197.103 - - [30/Jun/2021:21:27:50 -0400] "GET /wp-content/themes/Avada/includes/lib/assets/min/js/general/fusion-waypoints.js?ver=1 HTTP/1.1" 200 658 "https://suncoastoutdoor.net/" "Mozilla/5.0 (Macintosh; Intel Mac OS X 10_15_7) AppleWebKit/537.36 (KHTML, like Gecko) Chrome/91.0.4472.101 Safari/537.36"
3.128.197.103 - - [30/Jun/2021:21:27:50 -0400] "GET /wp-content/themes/Avada/includes/lib/assets/min/js/general/fusion-tooltip.js?ver=1 HTTP/1.1" 200 864 "https://suncoastoutdoor.net/" "Mozilla/5.0 (Macintosh; Intel Mac OS X 10_15_7) AppleWebKit/537.36 (KHTML, like Gecko) Chrome/91.0.4472.101 Safari/537.36"
