138.122.205.147 - - [29/Jun/2021:05:15:49 -0400] "POST /xmlrpc.php HTTP/1.1" 403 5361 "-" "Mozilla/5.0 (Windows NT 6.1; Win64; x64) AppleWebKit/537.36 (KHTML, like Gecko) Chrome/59.0.3071.109 Safari/537.36"
212.3.211.106 - - [29/Jun/2021:05:15:56 -0400] "POST /xmlrpc.php HTTP/1.1" 403 5361 "-" "Mozilla/5.0 (Windows NT 6.1; Win64; x64) AppleWebKit/537.36 (KHTML, like Gecko) Chrome/59.0.3071.109 Safari/537.36"
190.1.29.23 - - [29/Jun/2021:05:15:56 -0400] "POST /xmlrpc.php HTTP/1.1" 403 5361 "-" "Mozilla/5.0 (Windows NT 6.1; Win64; x64) AppleWebKit/537.36 (KHTML, like Gecko) Chrome/59.0.3071.109 Safari/537.36"
180.180.87.232 - - [29/Jun/2021:05:16:05 -0400] "POST /xmlrpc.php HTTP/1.1" 403 5361 "-" "Mozilla/5.0 (Windows NT 6.1; Win64; x64) AppleWebKit/537.36 (KHTML, like Gecko) Chrome/59.0.3071.109 Safari/537.36"
181.118.45.64 - - [29/Jun/2021:05:16:09 -0400] "POST /xmlrpc.php HTTP/1.1" 403 5361 "-" "Mozilla/5.0 (Windows NT 6.1; Win64; x64) AppleWebKit/537.36 (KHTML, like Gecko) Chrome/59.0.3071.109 Safari/537.36"
115.76.50.88 - - [29/Jun/2021:05:16:11 -0400] "POST /xmlrpc.php HTTP/1.1" 403 5361 "-" "Mozilla/5.0 (Windows NT 6.1; Win64; x64) AppleWebKit/537.36 (KHTML, like Gecko) Chrome/59.0.3071.109 Safari/537.36"
14.207.60.99 - - [29/Jun/2021:05:16:18 -0400] "POST /xmlrpc.php HTTP/1.1" 403 5361 "-" "Mozilla/5.0 (Windows NT 6.1; Win64; x64) AppleWebKit/537.36 (KHTML, like Gecko) Chrome/59.0.3071.109 Safari/537.36"
49.49.236.145 - - [29/Jun/2021:05:16:23 -0400] "POST /xmlrpc.php HTTP/1.1" 403 5361 "-" "Mozilla/5.0 (Windows NT 6.1; Win64; x64) AppleWebKit/537.36 (KHTML, like Gecko) Chrome/59.0.3071.109 Safari/537.36"
201.150.12.66 - - [29/Jun/2021:05:16:28 -0400] "POST /xmlrpc.php HTTP/1.1" 403 5361 "-" "Mozilla/5.0 (Windows NT 6.1; Win64; x64) AppleWebKit/537.36 (KHTML, like Gecko) Chrome/59.0.3071.109 Safari/537.36"
125.26.13.21 - - [29/Jun/2021:05:16:34 -0400] "POST /xmlrpc.php HTTP/1.1" 403 5361 "-" "Mozilla/5.0 (Windows NT 6.1; Win64; x64) AppleWebKit/537.36 (KHTML, like Gecko) Chrome/59.0.3071.109 Safari/537.36"
204.48.19.85 - - [29/Jun/2021:05:17:49 -0400] "POST /wp-cron.php?doing_wp_cron=1624958269.1283020973205566406250 HTTP/1.1" 200 5422 "https://suncoastoutdoor.net/wp-cron.php?doing_wp_cron=1624958269.1283020973205566406250" "WordPress/5.7.2; https://suncoastoutdoor.net"
52.215.192.28 - - [29/Jun/2021:05:17:48 -0400] "POST /wp-login.php HTTP/1.1" 200 8054 "-" "Mozilla/5.0 (Windows NT 10.0; WOW64) AppleWebKit/537.36 (KHTML, like Gecko) Chrome/53.0.2785.143 Safari/537.36"
204.48.19.85 - - [29/Jun/2021:05:21:28 -0400] "POST /wp-cron.php?doing_wp_cron=1624958488.6527879238128662109375 HTTP/1.1" 200 5438 "https://suncoastoutdoor.net/wp-cron.php?doing_wp_cron=1624958488.6527879238128662109375" "WordPress/5.7.2; https://suncoastoutdoor.net"
81.88.52.154 - - [29/Jun/2021:05:21:28 -0400] "POST /wp-login.php HTTP/1.1" 200 8052 "-" "Mozilla/5.0 (Windows NT 10.0; Win64; x64) AppleWebKit/537.36 (KHTML, like Gecko) Chrome/60.0.3112.101 Safari/537.36"
204.48.19.85 - - [29/Jun/2021:05:36:14 -0400] "POST /wp-cron.php?doing_wp_cron=1624959374.3282759189605712890625 HTTP/1.1" 200 5454 "https://suncoastoutdoor.net/wp-cron.php?doing_wp_cron=1624959374.3282759189605712890625" "WordPress/5.7.2; https://suncoastoutdoor.net"
139.59.118.238 - - [29/Jun/2021:05:36:13 -0400] "POST /wp-login.php HTTP/1.1" 200 8054 "-" "Mozilla/5.0 (Windows NT 6.1; Win64; x64) AppleWebKit/537.36 (KHTML, like Gecko) Chrome/80.0.3987.106 Safari/537.36"
204.48.19.85 - - [29/Jun/2021:05:43:06 -0400] "POST /wp-cron.php?doing_wp_cron=1624959786.1609859466552734375000 HTTP/1.1" 200 5438 "https://suncoastoutdoor.net/wp-cron.php?doing_wp_cron=1624959786.1609859466552734375000" "WordPress/5.7.2; https://suncoastoutdoor.net"
161.35.208.18 - - [29/Jun/2021:05:43:05 -0400] "POST /wp-login.php HTTP/1.1" 200 8054 "-" "Mozilla/5.0 (Windows NT 6.3; Win64; x64) AppleWebKit/537.36 (KHTML, like Gecko) Chrome/62.0.3202.94 Safari/537.36"
116.62.49.96 - - [29/Jun/2021:05:43:44 -0400] "POST /wp-login.php HTTP/1.1" 200 8052 "-" "Mozilla/5.0 (Windows NT 6.3; Win64; x64) AppleWebKit/537.36 (KHTML, like Gecko) Chrome/65.0.3325.181 Safari/537.36"
204.48.19.85 - - [29/Jun/2021:05:47:57 -0400] "POST /wp-cron.php?doing_wp_cron=1624960077.7066938877105712890625 HTTP/1.1" 200 5438 "https://suncoastoutdoor.net/wp-cron.php?doing_wp_cron=1624960077.7066938877105712890625" "WordPress/5.7.2; https://suncoastoutdoor.net"
134.209.157.198 - - [29/Jun/2021:05:47:57 -0400] "POST /wp-login.php HTTP/1.1" 200 8052 "-" "Mozilla/5.0 (Windows NT 6.1; Win64; x64) AppleWebKit/537.36 (KHTML, like Gecko) Chrome/66.0.3359.117 Safari/537.36"
204.48.19.85 - - [29/Jun/2021:06:23:38 -0400] "POST /wp-cron.php?doing_wp_cron=1624962218.5438570976257324218750 HTTP/1.1" 200 5454 "https://suncoastoutdoor.net/wp-cron.php?doing_wp_cron=1624962218.5438570976257324218750" "WordPress/5.7.2; https://suncoastoutdoor.net"
134.209.157.198 - - [29/Jun/2021:06:23:38 -0400] "POST /wp-login.php HTTP/1.1" 200 8054 "-" "Mozilla/5.0 (Windows NT 10.0; Win64; x64) AppleWebKit/537.36 (KHTML, like Gecko) Chrome/70.0.3538.67 Safari/537.36"
204.48.19.85 - - [29/Jun/2021:06:31:54 -0400] "POST /wp-cron.php?doing_wp_cron=1624962714.0561840534210205078125 HTTP/1.1" 200 5422 "https://suncoastoutdoor.net/wp-cron.php?doing_wp_cron=1624962714.0561840534210205078125" "WordPress/5.7.2; https://suncoastoutdoor.net"
162.214.198.70 - - [29/Jun/2021:06:31:53 -0400] "POST /wp-login.php HTTP/1.1" 200 8052 "-" "Mozilla/5.0 (Windows NT 6.3; Win64; x64) AppleWebKit/537.36 (KHTML, like Gecko) Chrome/77.0.3865.90 Safari/537.36"
204.48.19.85 - - [29/Jun/2021:06:40:10 -0400] "POST /wp-cron.php?doing_wp_cron=1624963210.4878039360046386718750 HTTP/1.1" 200 5454 "https://suncoastoutdoor.net/wp-cron.php?doing_wp_cron=1624963210.4878039360046386718750" "WordPress/5.7.2; https://suncoastoutdoor.net"
123.57.15.175 - - [29/Jun/2021:06:40:09 -0400] "POST /wp-login.php HTTP/1.1" 200 8054 "-" "Mozilla/5.0 (Windows NT 6.1) AppleWebKit/537.36 (KHTML, like Gecko) Chrome/58.0.3029.110 Safari/537.36"
161.35.74.104 - - [29/Jun/2021:06:40:44 -0400] "GET /wp-login.php HTTP/1.1" 301 573 "-" "Mozilla/5.0 (X11; Ubuntu; Linux x86_64; rv:62.0) Gecko/20100101 Firefox/62.0"
161.35.74.104 - - [29/Jun/2021:06:40:44 -0400] "GET /wp-login.php HTTP/1.1" 200 7225 "http://suncoastoutdoor.net/wp-login.php" "Mozilla/5.0 (X11; Ubuntu; Linux x86_64; rv:62.0) Gecko/20100101 Firefox/62.0"
161.35.74.104 - - [29/Jun/2021:06:40:45 -0400] "GET ///?author=1 HTTP/1.1" 301 567 "-" "Mozilla/5.0 (X11; Ubuntu; Linux x86_64; rv:62.0) Gecko/20100101 Firefox/62.0"
161.35.74.104 - - [29/Jun/2021:06:40:45 -0400] "GET /?author=1 HTTP/1.1" 301 4809 "http://suncoastoutdoor.net///?author=1" "Mozilla/5.0 (X11; Ubuntu; Linux x86_64; rv:62.0) Gecko/20100101 Firefox/62.0"
161.35.74.104 - - [29/Jun/2021:06:40:46 -0400] "GET /index.php/author/root/ HTTP/1.1" 200 16039 "https://suncoastoutdoor.net/?author=1" "Mozilla/5.0 (X11; Ubuntu; Linux x86_64; rv:62.0) Gecko/20100101 Firefox/62.0"
161.35.74.104 - - [29/Jun/2021:06:40:47 -0400] "GET ///wp-json/wp/v2/users/ HTTP/1.1" 301 589 "-" "Mozilla/5.0 (X11; Ubuntu; Linux x86_64; rv:62.0) Gecko/20100101 Firefox/62.0"
161.35.74.104 - - [29/Jun/2021:06:40:47 -0400] "GET /wp-json/wp/v2/users/ HTTP/1.1" 404 5002 "http://suncoastoutdoor.net///wp-json/wp/v2/users/" "Mozilla/5.0 (X11; Ubuntu; Linux x86_64; rv:62.0) Gecko/20100101 Firefox/62.0"
161.35.74.104 - - [29/Jun/2021:06:40:47 -0400] "GET ///?author=2 HTTP/1.1" 301 567 "-" "Mozilla/5.0 (X11; Ubuntu; Linux x86_64; rv:62.0) Gecko/20100101 Firefox/62.0"
204.48.19.85 - - [29/Jun/2021:06:40:48 -0400] "POST /wp-cron.php?doing_wp_cron=1624963248.4705049991607666015625 HTTP/1.1" 200 5454 "https://suncoastoutdoor.net/wp-cron.php?doing_wp_cron=1624963248.4705049991607666015625" "WordPress/5.7.2; https://suncoastoutdoor.net"
161.35.74.104 - - [29/Jun/2021:06:40:47 -0400] "GET /?author=2 HTTP/1.1" 200 16048 "http://suncoastoutdoor.net///?author=2" "Mozilla/5.0 (X11; Ubuntu; Linux x86_64; rv:62.0) Gecko/20100101 Firefox/62.0"
161.35.74.104 - - [29/Jun/2021:06:40:49 -0400] "GET ///?author=3 HTTP/1.1" 301 567 "-" "Mozilla/5.0 (X11; Ubuntu; Linux x86_64; rv:62.0) Gecko/20100101 Firefox/62.0"
161.35.74.104 - - [29/Jun/2021:06:40:49 -0400] "GET /?author=3 HTTP/1.1" 404 51421 "http://suncoastoutdoor.net///?author=3" "Mozilla/5.0 (X11; Ubuntu; Linux x86_64; rv:62.0) Gecko/20100101 Firefox/62.0"
204.48.19.85 - - [29/Jun/2021:06:47:54 -0400] "POST /wp-cron.php?doing_wp_cron=1624963674.8535060882568359375000 HTTP/1.1" 200 5438 "https://suncoastoutdoor.net/wp-cron.php?doing_wp_cron=1624963674.8535060882568359375000" "WordPress/5.7.2; https://suncoastoutdoor.net"
117.50.90.31 - - [29/Jun/2021:06:47:54 -0400] "POST /wp-login.php HTTP/1.1" 200 8052 "-" "Mozilla/5.0 (Windows NT 10.0; WOW64) AppleWebKit/537.36 (KHTML, like Gecko) Chrome/56.0.2924.87 Safari/537.36"
204.48.19.85 - - [29/Jun/2021:07:44:25 -0400] "POST /wp-cron.php?doing_wp_cron=1624967065.1462759971618652343750 HTTP/1.1" 200 5438 "https://suncoastoutdoor.net/wp-cron.php?doing_wp_cron=1624967065.1462759971618652343750" "WordPress/5.7.2; https://suncoastoutdoor.net"
81.88.52.157 - - [29/Jun/2021:07:44:24 -0400] "POST /wp-login.php HTTP/1.1" 200 8054 "-" "Mozilla/5.0 (Windows NT 6.1; Win64; x64) AppleWebKit/537.36 (KHTML, like Gecko) Chrome/70.0.3538.67 Safari/537.36"
204.48.19.85 - - [29/Jun/2021:07:52:33 -0400] "POST /wp-cron.php?doing_wp_cron=1624967553.6153390407562255859375 HTTP/1.1" 200 5422 "https://suncoastoutdoor.net/wp-cron.php?doing_wp_cron=1624967553.6153390407562255859375" "WordPress/5.7.2; https://suncoastoutdoor.net"
51.132.4.32 - - [29/Jun/2021:07:52:33 -0400] "POST /wp-login.php HTTP/1.1" 200 8052 "-" "Mozilla/5.0 (Windows NT 6.1) AppleWebKit/537.36 (KHTML, like Gecko) Chrome/56.0.2924.87 Safari/537.36"
204.48.19.85 - - [29/Jun/2021:08:03:48 -0400] "POST /wp-cron.php?doing_wp_cron=1624968228.5967149734497070312500 HTTP/1.1" 200 5422 "https://suncoastoutdoor.net/wp-cron.php?doing_wp_cron=1624968228.5967149734497070312500" "WordPress/5.7.2; https://suncoastoutdoor.net"
58.97.8.18 - - [29/Jun/2021:08:03:47 -0400] "POST /wp-login.php HTTP/1.1" 200 8052 "-" "Mozilla/5.0 (Windows NT 6.1; WOW64) AppleWebKit/537.36 (KHTML, like Gecko) Chrome/41.0.2272.101 Safari/537.36"
204.48.19.85 - - [29/Jun/2021:08:49:25 -0400] "POST /wp-cron.php?doing_wp_cron=1624970965.3643128871917724609375 HTTP/1.1" 200 5422 "https://suncoastoutdoor.net/wp-cron.php?doing_wp_cron=1624970965.3643128871917724609375" "WordPress/5.7.2; https://suncoastoutdoor.net"
47.100.172.63 - - [29/Jun/2021:08:49:24 -0400] "POST /wp-login.php HTTP/1.1" 200 8053 "-" "Mozilla/5.0 (Windows NT 6.0) AppleWebKit/537.36 (KHTML, like Gecko) Chrome/49.0.2623.112 Safari/537.36"
204.48.19.85 - - [29/Jun/2021:08:51:02 -0400] "POST /wp-cron.php?doing_wp_cron=1624971062.5679359436035156250000 HTTP/1.1" 200 5438 "https://suncoastoutdoor.net/wp-cron.php?doing_wp_cron=1624971062.5679359436035156250000" "WordPress/5.7.2; https://suncoastoutdoor.net"
167.71.183.84 - - [29/Jun/2021:08:51:02 -0400] "POST /wp-login.php HTTP/1.1" 200 8052 "-" "Mozilla/5.0 (Windows NT 5.1) AppleWebKit/537.36 (KHTML, like Gecko) Chrome/47.0.2526.106 Safari/537.36"
204.48.19.85 - - [29/Jun/2021:09:17:38 -0400] "POST /wp-cron.php?doing_wp_cron=1624972658.5240321159362792968750 HTTP/1.1" 200 5438 "https://suncoastoutdoor.net/wp-cron.php?doing_wp_cron=1624972658.5240321159362792968750" "WordPress/5.7.2; https://suncoastoutdoor.net"
54.36.148.207 - - [29/Jun/2021:09:17:38 -0400] "GET /index.php/author/root/ HTTP/1.1" 200 16756 "-" "Mozilla/5.0 (compatible; AhrefsBot/7.0; +http://ahrefs.com/robot/)"
204.48.19.85 - - [29/Jun/2021:09:54:33 -0400] "POST /wp-cron.php?doing_wp_cron=1624974873.4387838840484619140625 HTTP/1.1" 200 5422 "https://suncoastoutdoor.net/wp-cron.php?doing_wp_cron=1624974873.4387838840484619140625" "WordPress/5.7.2; https://suncoastoutdoor.net"
161.35.192.196 - - [29/Jun/2021:09:54:33 -0400] "POST /wp-login.php HTTP/1.1" 200 8053 "-" "Mozilla/5.0 (Windows NT 10.0; Win64; x64) AppleWebKit/537.36 (KHTML, like Gecko) Chrome/72.0.3626.109 Safari/537.36"
204.48.19.85 - - [29/Jun/2021:10:02:35 -0400] "POST /wp-cron.php?doing_wp_cron=1624975355.5003190040588378906250 HTTP/1.1" 200 5454 "https://suncoastoutdoor.net/wp-cron.php?doing_wp_cron=1624975355.5003190040588378906250" "WordPress/5.7.2; https://suncoastoutdoor.net"
35.233.23.228 - - [29/Jun/2021:10:02:35 -0400] "POST /wp-login.php HTTP/1.1" 200 8052 "-" "Mozilla/5.0 (Windows NT 6.1) AppleWebKit/537.36 (KHTML, like Gecko) Chrome/70.0.3538.77 Safari/537.36"
204.48.19.85 - - [29/Jun/2021:11:00:17 -0400] "POST /wp-cron.php?doing_wp_cron=1624978817.4760980606079101562500 HTTP/1.1" 200 5422 "https://suncoastoutdoor.net/wp-cron.php?doing_wp_cron=1624978817.4760980606079101562500" "WordPress/5.7.2; https://suncoastoutdoor.net"
47.241.109.116 - - [29/Jun/2021:11:00:16 -0400] "POST /wp-login.php HTTP/1.1" 200 8053 "-" "Mozilla/5.0 (Windows NT 6.3; Win64; x64) AppleWebKit/537.36 (KHTML, like Gecko) Chrome/77.0.3865.90 Safari/537.36"
204.48.19.85 - - [29/Jun/2021:11:08:29 -0400] "POST /wp-cron.php?doing_wp_cron=1624979309.9084870815277099609375 HTTP/1.1" 200 5438 "https://suncoastoutdoor.net/wp-cron.php?doing_wp_cron=1624979309.9084870815277099609375" "WordPress/5.7.2; https://suncoastoutdoor.net"
117.50.90.31 - - [29/Jun/2021:11:08:29 -0400] "POST /wp-login.php HTTP/1.1" 200 8052 "-" "Mozilla/5.0 (Windows NT 6.1; WOW64) AppleWebKit/537.36 (KHTML, like Gecko) Chrome/36.0.1985.125 Safari/537.36"
138.255.227.2 - - [29/Jun/2021:11:15:13 -0400] "GET /wp-content/plugins/formcraft/file-upload/server/content/upload.php HTTP/1.1" 301 718 "-" "Mozilla/4.0 (compatible; MSIE 6.0; Windows NT 5.1; SV1)"
58.53.128.88 - - [29/Jun/2021:11:33:02 -0400] "GET / HTTP/1.1" 301 561 "-" "GRequests/0.10"
204.48.19.85 - - [29/Jun/2021:11:33:04 -0400] "GET / HTTP/1.1" 200 22705 "https://suncoastoutdoor.net/" "WordPress/5.7.2; https://suncoastoutdoor.net"
204.48.19.85 - - [29/Jun/2021:11:33:04 -0400] "POST /wp-cron.php?doing_wp_cron=1624980784.0363419055938720703125 HTTP/1.1" 200 5438 "https://suncoastoutdoor.net/wp-cron.php?doing_wp_cron=1624980784.0363419055938720703125" "WordPress/5.7.2; https://suncoastoutdoor.net"
58.53.128.88 - - [29/Jun/2021:11:33:03 -0400] "GET / HTTP/1.1" 301 5488 "http://www.suncoastoutdoor.net" "GRequests/0.10"
58.53.128.88 - - [29/Jun/2021:11:33:07 -0400] "GET / HTTP/1.1" 200 22673 "https://www.suncoastoutdoor.net/" "GRequests/0.10"
204.48.19.85 - - [29/Jun/2021:11:56:44 -0400] "POST /wp-cron.php?doing_wp_cron=1624982204.3742139339447021484375 HTTP/1.1" 200 5438 "https://suncoastoutdoor.net/wp-cron.php?doing_wp_cron=1624982204.3742139339447021484375" "WordPress/5.7.2; https://suncoastoutdoor.net"
161.35.74.104 - - [29/Jun/2021:11:56:44 -0400] "GET /wp-login.php HTTP/1.1" 200 7225 "-" "Mozilla/5.0 (X11; Ubuntu; Linux x86_64; rv:62.0) Gecko/20100101 Firefox/62.0"
204.48.19.85 - - [29/Jun/2021:11:56:50 -0400] "POST /wp-cron.php?doing_wp_cron=1624982210.1819798946380615234375 HTTP/1.1" 200 5438 "https://suncoastoutdoor.net/wp-cron.php?doing_wp_cron=1624982210.1819798946380615234375" "WordPress/5.7.2; https://suncoastoutdoor.net"
161.35.74.104 - - [29/Jun/2021:11:56:49 -0400] "POST /wp-login.php HTTP/1.1" 200 7350 "-" "Mozilla/5.0 (X11; Ubuntu; Linux x86_64; rv:62.0) Gecko/20100101 Firefox/62.0"
161.35.74.104 - - [29/Jun/2021:11:56:51 -0400] "POST /xmlrpc.php HTTP/1.1" 200 4979 "-" "Mozilla/5.0 (X11; Ubuntu; Linux x86_64; rv:62.0) Gecko/20100101 Firefox/62.0"
66.249.64.253 - - [29/Jun/2021:12:02:25 -0400] "GET /robots.txt HTTP/1.1" 404 5740 "-" "Mozilla/5.0 (compatible; Googlebot/2.1; +http://www.google.com/bot.html)"
204.48.19.85 - - [29/Jun/2021:12:02:26 -0400] "POST /wp-cron.php?doing_wp_cron=1624982546.0146539211273193359375 HTTP/1.1" 200 5454 "https://suncoastoutdoor.net/wp-cron.php?doing_wp_cron=1624982546.0146539211273193359375" "WordPress/5.7.2; https://suncoastoutdoor.net"
66.249.64.224 - - [29/Jun/2021:12:02:25 -0400] "GET / HTTP/1.1" 200 22712 "-" "Mozilla/5.0 (Linux; Android 6.0.1; Nexus 5X Build/MMB29P) AppleWebKit/537.36 (KHTML, like Gecko) Chrome/91.0.4472.90 Mobile Safari/537.36 (compatible; Googlebot/2.1; +http://www.google.com/bot.html)"
66.249.64.251 - - [29/Jun/2021:12:02:29 -0400] "GET /wp-includes/js/jquery/jquery.min.js?ver=3.5.1 HTTP/1.1" 200 36621 "https://suncoastoutdoor.net/" "Mozilla/5.0 (Linux; Android 6.0.1; Nexus 5X Build/MMB29P) AppleWebKit/537.36 (KHTML, like Gecko) Chrome/91.0.4472.90 Mobile Safari/537.36 (compatible; Googlebot/2.1; +http://www.google.com/bot.html)"
66.249.64.253 - - [29/Jun/2021:12:02:30 -0400] "GET /wp-includes/js/jquery/jquery-migrate.min.js?ver=3.3.2 HTTP/1.1" 200 9806 "https://suncoastoutdoor.net/" "Mozilla/5.0 (Linux; Android 6.0.1; Nexus 5X Build/MMB29P) AppleWebKit/537.36 (KHTML, like Gecko) Chrome/91.0.4472.90 Mobile Safari/537.36 (compatible; Googlebot/2.1; +http://www.google.com/bot.html)"
66.249.64.253 - - [29/Jun/2021:12:02:31 -0400] "GET /wp-includes/css/dist/block-library/style.min.css?ver=5.7.2 HTTP/1.1" 200 9110 "https://suncoastoutdoor.net/" "Mozilla/5.0 (Linux; Android 6.0.1; Nexus 5X Build/MMB29P) AppleWebKit/537.36 (KHTML, like Gecko) Chrome/91.0.4472.90 Mobile Safari/537.36 (compatible; Googlebot/2.1; +http://www.google.com/bot.html)"
66.249.64.253 - - [29/Jun/2021:12:02:31 -0400] "GET /wp-includes/css/dist/block-library/theme.min.css?ver=5.7.2 HTTP/1.1" 200 1105 "https://suncoastoutdoor.net/" "Mozilla/5.0 (Linux; Android 6.0.1; Nexus 5X Build/MMB29P) AppleWebKit/537.36 (KHTML, like Gecko) Chrome/91.0.4472.90 Mobile Safari/537.36 (compatible; Googlebot/2.1; +http://www.google.com/bot.html)"
66.249.64.253 - - [29/Jun/2021:12:02:32 -0400] "GET /wp-includes/js/dist/api-fetch.min.js?ver=a783d1f442d2abefc7d6dbd156a44561 HTTP/1.1" 200 3890 "https://suncoastoutdoor.net/" "Mozilla/5.0 (Linux; Android 6.0.1; Nexus 5X Build/MMB29P) AppleWebKit/537.36 (KHTML, like Gecko) Chrome/91.0.4472.90 Mobile Safari/537.36 (compatible; Googlebot/2.1; +http://www.google.com/bot.html)"
66.249.64.251 - - [29/Jun/2021:12:02:32 -0400] "GET /wp-includes/js/wp-embed.min.js?ver=5.7.2 HTTP/1.1" 200 1136 "https://suncoastoutdoor.net/" "Mozilla/5.0 (Linux; Android 6.0.1; Nexus 5X Build/MMB29P) AppleWebKit/537.36 (KHTML, like Gecko) Chrome/91.0.4472.90 Mobile Safari/537.36 (compatible; Googlebot/2.1; +http://www.google.com/bot.html)"
66.249.64.253 - - [29/Jun/2021:12:02:33 -0400] "GET /wp-content/themes/Avada/includes/lib/assets/min/js/library/cssua.js?ver=2.1.28 HTTP/1.1" 200 1870 "https://suncoastoutdoor.net/" "Mozilla/5.0 (Linux; Android 6.0.1; Nexus 5X Build/MMB29P) AppleWebKit/537.36 (KHTML, like Gecko) Chrome/91.0.4472.90 Mobile Safari/537.36 (compatible; Googlebot/2.1; +http://www.google.com/bot.html)"
66.249.64.251 - - [29/Jun/2021:12:02:33 -0400] "GET /wp-content/themes/Avada/includes/lib/assets/min/js/library/jquery.requestAnimationFrame.js?ver=1 HTTP/1.1" 200 708 "https://suncoastoutdoor.net/" "Mozilla/5.0 (Linux; Android 6.0.1; Nexus 5X Build/MMB29P) AppleWebKit/537.36 (KHTML, like Gecko) Chrome/91.0.4472.90 Mobile Safari/537.36 (compatible; Googlebot/2.1; +http://www.google.com/bot.html)"
66.249.64.251 - - [29/Jun/2021:12:02:34 -0400] "GET /wp-content/themes/Avada/includes/lib/assets/min/js/library/jquery.fade.js?ver=1 HTTP/1.1" 200 808 "https://suncoastoutdoor.net/" "Mozilla/5.0 (Linux; Android 6.0.1; Nexus 5X Build/MMB29P) AppleWebKit/537.36 (KHTML, like Gecko) Chrome/91.0.4472.90 Mobile Safari/537.36 (compatible; Googlebot/2.1; +http://www.google.com/bot.html)"
66.249.64.251 - - [29/Jun/2021:12:02:34 -0400] "GET /wp-content/themes/Avada/includes/lib/assets/min/js/library/fusion-parallax.js?ver=1 HTTP/1.1" 200 3272 "https://suncoastoutdoor.net/" "Mozilla/5.0 (Linux; Android 6.0.1; Nexus 5X Build/MMB29P) AppleWebKit/537.36 (KHTML, like Gecko) Chrome/91.0.4472.90 Mobile Safari/537.36 (compatible; Googlebot/2.1; +http://www.google.com/bot.html)"
66.249.64.251 - - [29/Jun/2021:12:02:35 -0400] "GET /wp-content/themes/Avada/includes/lib/assets/min/js/library/fusion-video-bg.js?ver=1 HTTP/1.1" 200 2405 "https://suncoastoutdoor.net/" "Mozilla/5.0 (Linux; Android 6.0.1; Nexus 5X Build/MMB29P) AppleWebKit/537.36 (KHTML, like Gecko) Chrome/91.0.4472.90 Mobile Safari/537.36 (compatible; Googlebot/2.1; +http://www.google.com/bot.html)"
66.249.64.251 - - [29/Jun/2021:12:02:35 -0400] "GET /wp-content/themes/Avada/includes/lib/assets/min/js/library/vimeoPlayer.js?ver=2.2.1 HTTP/1.1" 200 5736 "https://suncoastoutdoor.net/" "Mozilla/5.0 (Linux; Android 6.0.1; Nexus 5X Build/MMB29P) AppleWebKit/537.36 (KHTML, like Gecko) Chrome/91.0.4472.90 Mobile Safari/537.36 (compatible; Googlebot/2.1; +http://www.google.com/bot.html)"
66.249.64.251 - - [29/Jun/2021:12:02:36 -0400] "GET /wp-content/themes/Avada/assets/min/js/general/avada-quantity.js?ver=7.2.1 HTTP/1.1" 200 1133 "https://suncoastoutdoor.net/" "Mozilla/5.0 (Linux; Android 6.0.1; Nexus 5X Build/MMB29P) AppleWebKit/537.36 (KHTML, like Gecko) Chrome/91.0.4472.90 Mobile Safari/537.36 (compatible; Googlebot/2.1; +http://www.google.com/bot.html)"
66.249.64.251 - - [29/Jun/2021:12:02:36 -0400] "GET /wp-content/themes/Avada/assets/min/js/general/avada-tabs-widget.js?ver=7.2.1 HTTP/1.1" 200 630 "https://suncoastoutdoor.net/" "Mozilla/5.0 (Linux; Android 6.0.1; Nexus 5X Build/MMB29P) AppleWebKit/537.36 (KHTML, like Gecko) Chrome/91.0.4472.90 Mobile Safari/537.36 (compatible; Googlebot/2.1; +http://www.google.com/bot.html)"
66.249.64.251 - - [29/Jun/2021:12:02:37 -0400] "GET /wp-content/themes/Avada/includes/lib/assets/min/js/general/fusion-alert.js?ver=5.7.2 HTTP/1.1" 200 566 "https://suncoastoutdoor.net/" "Mozilla/5.0 (Linux; Android 6.0.1; Nexus 5X Build/MMB29P) AppleWebKit/537.36 (KHTML, like Gecko) Chrome/91.0.4472.90 Mobile Safari/537.36 (compatible; Googlebot/2.1; +http://www.google.com/bot.html)"
66.249.64.251 - - [29/Jun/2021:12:02:37 -0400] "GET /wp-content/themes/Avada/includes/lib/assets/min/js/general/fusion-flexslider.js?ver=5.7.2 HTTP/1.1" 200 1679 "https://suncoastoutdoor.net/" "Mozilla/5.0 (Linux; Android 6.0.1; Nexus 5X Build/MMB29P) AppleWebKit/537.36 (KHTML, like Gecko) Chrome/91.0.4472.90 Mobile Safari/537.36 (compatible; Googlebot/2.1; +http://www.google.com/bot.html)"
66.249.64.251 - - [29/Jun/2021:12:02:38 -0400] "GET /wp-content/themes/Avada/includes/lib/assets/min/js/general/fusion-button.js?ver=5.7.2 HTTP/1.1" 200 544 "https://suncoastoutdoor.net/" "Mozilla/5.0 (Linux; Android 6.0.1; Nexus 5X Build/MMB29P) AppleWebKit/537.36 (KHTML, like Gecko) Chrome/91.0.4472.90 Mobile Safari/537.36 (compatible; Googlebot/2.1; +http://www.google.com/bot.html)"
66.249.64.251 - - [29/Jun/2021:12:02:38 -0400] "GET /wp-content/plugins/fusion-builder/assets/js/min/library/jquery.textillate.js?ver=2.0 HTTP/1.1" 200 2587 "https://suncoastoutdoor.net/" "Mozilla/5.0 (Linux; Android 6.0.1; Nexus 5X Build/MMB29P) AppleWebKit/537.36 (KHTML, like Gecko) Chrome/91.0.4472.90 Mobile Safari/537.36 (compatible; Googlebot/2.1; +http://www.google.com/bot.html)"
66.249.64.251 - - [29/Jun/2021:12:02:39 -0400] "GET /wp-content/plugins/fusion-builder/assets/js/min/general/fusion-title.js?ver=5.7.2 HTTP/1.1" 200 1950 "https://suncoastoutdoor.net/" "Mozilla/5.0 (Linux; Android 6.0.1; Nexus 5X Build/MMB29P) AppleWebKit/537.36 (KHTML, like Gecko) Chrome/91.0.4472.90 Mobile Safari/537.36 (compatible; Googlebot/2.1; +http://www.google.com/bot.html)"
66.249.64.251 - - [29/Jun/2021:12:02:39 -0400] "GET /wp-content/plugins/fusion-builder/assets/js/min/general/fusion-container.js?ver=1 HTTP/1.1" 200 3455 "https://suncoastoutdoor.net/" "Mozilla/5.0 (Linux; Android 6.0.1; Nexus 5X Build/MMB29P) AppleWebKit/537.36 (KHTML, like Gecko) Chrome/91.0.4472.90 Mobile Safari/537.36 (compatible; Googlebot/2.1; +http://www.google.com/bot.html)"
66.249.64.251 - - [29/Jun/2021:12:02:40 -0400] "GET /wp-content/themes/Avada/assets/min/js/general/avada-header.js?ver=7.2.1 HTTP/1.1" 200 4530 "https://suncoastoutdoor.net/" "Mozilla/5.0 (Linux; Android 6.0.1; Nexus 5X Build/MMB29P) AppleWebKit/537.36 (KHTML, like Gecko) Chrome/91.0.4472.90 Mobile Safari/537.36 (compatible; Googlebot/2.1; +http://www.google.com/bot.html)"
66.249.64.251 - - [29/Jun/2021:12:02:40 -0400] "GET /wp-content/themes/Avada/includes/lib/assets/min/js/general/fusion-responsive-typography.js?ver=1 HTTP/1.1" 200 1440 "https://suncoastoutdoor.net/" "Mozilla/5.0 (Linux; Android 6.0.1; Nexus 5X Build/MMB29P) AppleWebKit/537.36 (KHTML, like Gecko) Chrome/91.0.4472.90 Mobile Safari/537.36 (compatible; Googlebot/2.1; +http://www.google.com/bot.html)"
66.249.64.251 - - [29/Jun/2021:12:02:41 -0400] "GET /wp-content/themes/Avada/includes/lib/assets/min/js/general/fusion-scroll-to-anchor.js?ver=1 HTTP/1.1" 200 2139 "https://suncoastoutdoor.net/" "Mozilla/5.0 (Linux; Android 6.0.1; Nexus 5X Build/MMB29P) AppleWebKit/537.36 (KHTML, like Gecko) Chrome/91.0.4472.90 Mobile Safari/537.36 (compatible; Googlebot/2.1; +http://www.google.com/bot.html)"
66.249.64.251 - - [29/Jun/2021:12:02:41 -0400] "GET /wp-includes/js/wp-emoji-release.min.js?ver=5.7.2 HTTP/1.1" 200 5079 "https://suncoastoutdoor.net/" "Mozilla/5.0 (Linux; Android 6.0.1; Nexus 5X Build/MMB29P) AppleWebKit/537.36 (KHTML, like Gecko) Chrome/91.0.4472.90 Mobile Safari/537.36 (compatible; Googlebot/2.1; +http://www.google.com/bot.html)"
204.48.19.85 - - [29/Jun/2021:12:06:29 -0400] "POST /wp-cron.php?doing_wp_cron=1624982789.4752318859100341796875 HTTP/1.1" 200 5438 "https://suncoastoutdoor.net/wp-cron.php?doing_wp_cron=1624982789.4752318859100341796875" "WordPress/5.7.2; https://suncoastoutdoor.net"
123.207.30.63 - - [29/Jun/2021:12:06:28 -0400] "POST /wp-login.php HTTP/1.1" 200 8053 "-" "Mozilla/5.0 (Windows NT 6.1) AppleWebKit/537.36 (KHTML, like Gecko) Chrome/70.0.3538.77 Safari/537.36"
204.48.19.85 - - [29/Jun/2021:12:14:21 -0400] "POST /wp-cron.php?doing_wp_cron=1624983261.8676450252532958984375 HTTP/1.1" 200 5438 "https://suncoastoutdoor.net/wp-cron.php?doing_wp_cron=1624983261.8676450252532958984375" "WordPress/5.7.2; https://suncoastoutdoor.net"
34.92.85.223 - - [29/Jun/2021:12:14:21 -0400] "POST /wp-login.php HTTP/1.1" 200 8052 "-" "Mozilla/5.0 (Windows NT 6.1) AppleWebKit/537.36 (KHTML, like Gecko) Chrome/70.0.3538.77 Safari/537.36"
204.48.19.85 - - [29/Jun/2021:12:16:09 -0400] "POST /wp-cron.php?doing_wp_cron=1624983369.0079379081726074218750 HTTP/1.1" 200 5438 "https://suncoastoutdoor.net/wp-cron.php?doing_wp_cron=1624983369.0079379081726074218750" "WordPress/5.7.2; https://suncoastoutdoor.net"
109.106.142.238 - - [29/Jun/2021:12:16:08 -0400] "GET /index.php/author/root/ HTTP/1.0" 200 51045 "-" "Mozilla/5.0 (Windows NT 6.3; Win64; x64) AppleWebKit/537.36 (KHTML, like Gecko) Chrome/75.0.3770.100 Safari/537.36"
3.6.52.85 - - [29/Jun/2021:12:28:27 -0400] "GET /wp-login.php HTTP/1.1" 200 7225 "-" "Mozilla/5.0 (X11; Ubuntu; Linux x86_64; rv:62.0) Gecko/20100101 Firefox/62.0"
204.48.19.85 - - [29/Jun/2021:12:28:27 -0400] "POST /wp-cron.php?doing_wp_cron=1624984107.4867091178894042968750 HTTP/1.1" 200 5454 "https://suncoastoutdoor.net/wp-cron.php?doing_wp_cron=1624984107.4867091178894042968750" "WordPress/5.7.2; https://suncoastoutdoor.net"
3.6.52.85 - - [29/Jun/2021:12:28:29 -0400] "POST /wp-login.php HTTP/1.1" 200 7350 "-" "Mozilla/5.0 (X11; Ubuntu; Linux x86_64; rv:62.0) Gecko/20100101 Firefox/62.0"
3.6.52.85 - - [29/Jun/2021:12:28:30 -0400] "POST /xmlrpc.php HTTP/1.1" 200 4979 "-" "Mozilla/5.0 (X11; Ubuntu; Linux x86_64; rv:62.0) Gecko/20100101 Firefox/62.0"
194.34.132.58 - - [29/Jun/2021:12:31:22 -0400] "GET /wp-login.php HTTP/1.1" 301 554 "-" "Mozilla/5.0 (Windows NT 6.1) AppleWebKit/537.36 (KHTML, like Gecko) Chrome/45.0.2454.85 Safari/537.36 OPR/32.0.1948.45"
204.48.19.85 - - [29/Jun/2021:12:31:22 -0400] "POST /wp-cron.php?doing_wp_cron=1624984282.9091000556945800781250 HTTP/1.1" 200 5454 "https://suncoastoutdoor.net/wp-cron.php?doing_wp_cron=1624984282.9091000556945800781250" "WordPress/5.7.2; https://suncoastoutdoor.net"
194.34.132.58 - - [29/Jun/2021:12:31:22 -0400] "GET /wp-login.php HTTP/1.1" 200 13086 "-" "Mozilla/5.0 (Windows NT 6.1) AppleWebKit/537.36 (KHTML, like Gecko) Chrome/45.0.2454.85 Safari/537.36 OPR/32.0.1948.45"
194.34.132.58 - - [29/Jun/2021:12:31:23 -0400] "POST /wp-login.php HTTP/1.0" 301 610 "http://suncoastoutdoor.net/wp-login.php" "Mozilla/5.0 (Windows NT 6.1) AppleWebKit/537.36 (KHTML, like Gecko) Chrome/45.0.2454.85 Safari/537.36 OPR/32.0.1948.45"
194.34.132.58 - - [29/Jun/2021:12:31:23 -0400] "POST /wp-login.php HTTP/1.0" 200 13399 "http://suncoastoutdoor.net/wp-login.php" "Mozilla/5.0 (Windows NT 6.1) AppleWebKit/537.36 (KHTML, like Gecko) Chrome/45.0.2454.85 Safari/537.36 OPR/32.0.1948.45"
80.82.113.57 - - [29/Jun/2021:12:49:14 -0400] "GET /wp-login.php HTTP/1.1" 301 573 "-" "Mozilla/5.0 (X11; Ubuntu; Linux x86_64; rv:62.0) Gecko/20100101 Firefox/62.0"
80.82.113.57 - - [29/Jun/2021:12:49:14 -0400] "GET /wp-login.php HTTP/1.1" 301 573 "-" "Mozilla/5.0 (X11; Ubuntu; Linux x86_64; rv:62.0) Gecko/20100101 Firefox/62.0"
80.82.113.57 - - [29/Jun/2021:12:49:14 -0400] "GET /wp-login.php HTTP/1.1" 301 573 "-" "Mozilla/5.0 (X11; Ubuntu; Linux x86_64; rv:62.0) Gecko/20100101 Firefox/62.0"
80.82.113.57 - - [29/Jun/2021:12:49:14 -0400] "GET /wp-login.php HTTP/1.1" 200 7225 "http://suncoastoutdoor.net/wp-login.php" "Mozilla/5.0 (X11; Ubuntu; Linux x86_64; rv:62.0) Gecko/20100101 Firefox/62.0"
80.82.113.57 - - [29/Jun/2021:12:49:14 -0400] "GET /wp-login.php HTTP/1.1" 200 7225 "http://suncoastoutdoor.net/wp-login.php" "Mozilla/5.0 (X11; Ubuntu; Linux x86_64; rv:62.0) Gecko/20100101 Firefox/62.0"
204.48.19.85 - - [29/Jun/2021:12:49:14 -0400] "POST /wp-cron.php?doing_wp_cron=1624985354.9720799922943115234375 HTTP/1.1" 200 5422 "https://suncoastoutdoor.net/wp-cron.php?doing_wp_cron=1624985354.9720799922943115234375" "WordPress/5.7.2; https://suncoastoutdoor.net"
80.82.113.57 - - [29/Jun/2021:12:49:14 -0400] "GET /wp-login.php HTTP/1.1" 200 7225 "http://suncoastoutdoor.net/wp-login.php" "Mozilla/5.0 (X11; Ubuntu; Linux x86_64; rv:62.0) Gecko/20100101 Firefox/62.0"
80.82.113.57 - - [29/Jun/2021:12:49:15 -0400] "GET ///?author=1 HTTP/1.1" 301 567 "-" "Mozilla/5.0 (X11; Ubuntu; Linux x86_64; rv:62.0) Gecko/20100101 Firefox/62.0"
80.82.113.57 - - [29/Jun/2021:12:49:15 -0400] "GET ///?author=1 HTTP/1.1" 301 567 "-" "Mozilla/5.0 (X11; Ubuntu; Linux x86_64; rv:62.0) Gecko/20100101 Firefox/62.0"
80.82.113.57 - - [29/Jun/2021:12:49:15 -0400] "GET ///?author=1 HTTP/1.1" 301 567 "-" "Mozilla/5.0 (X11; Ubuntu; Linux x86_64; rv:62.0) Gecko/20100101 Firefox/62.0"
80.82.113.57 - - [29/Jun/2021:12:49:15 -0400] "GET /?author=1 HTTP/1.1" 301 4809 "http://suncoastoutdoor.net///?author=1" "Mozilla/5.0 (X11; Ubuntu; Linux x86_64; rv:62.0) Gecko/20100101 Firefox/62.0"
80.82.113.57 - - [29/Jun/2021:12:49:15 -0400] "GET /?author=1 HTTP/1.1" 301 4809 "http://suncoastoutdoor.net///?author=1" "Mozilla/5.0 (X11; Ubuntu; Linux x86_64; rv:62.0) Gecko/20100101 Firefox/62.0"
80.82.113.57 - - [29/Jun/2021:12:49:15 -0400] "GET /?author=1 HTTP/1.1" 301 4809 "http://suncoastoutdoor.net///?author=1" "Mozilla/5.0 (X11; Ubuntu; Linux x86_64; rv:62.0) Gecko/20100101 Firefox/62.0"
80.82.113.57 - - [29/Jun/2021:12:49:15 -0400] "GET /index.php/author/root/ HTTP/1.1" 200 16054 "https://suncoastoutdoor.net/?author=1" "Mozilla/5.0 (X11; Ubuntu; Linux x86_64; rv:62.0) Gecko/20100101 Firefox/62.0"
80.82.113.57 - - [29/Jun/2021:12:49:15 -0400] "GET /index.php/author/root/ HTTP/1.1" 200 16042 "https://suncoastoutdoor.net/?author=1" "Mozilla/5.0 (X11; Ubuntu; Linux x86_64; rv:62.0) Gecko/20100101 Firefox/62.0"
80.82.113.57 - - [29/Jun/2021:12:49:16 -0400] "GET /index.php/author/root/ HTTP/1.1" 200 16042 "https://suncoastoutdoor.net/?author=1" "Mozilla/5.0 (X11; Ubuntu; Linux x86_64; rv:62.0) Gecko/20100101 Firefox/62.0"
80.82.113.57 - - [29/Jun/2021:12:49:16 -0400] "GET ///wp-json/wp/v2/users/ HTTP/1.1" 301 589 "-" "Mozilla/5.0 (X11; Ubuntu; Linux x86_64; rv:62.0) Gecko/20100101 Firefox/62.0"
80.82.113.57 - - [29/Jun/2021:12:49:16 -0400] "GET ///wp-json/wp/v2/users/ HTTP/1.1" 301 589 "-" "Mozilla/5.0 (X11; Ubuntu; Linux x86_64; rv:62.0) Gecko/20100101 Firefox/62.0"
80.82.113.57 - - [29/Jun/2021:12:49:16 -0400] "GET ///wp-json/wp/v2/users/ HTTP/1.1" 301 589 "-" "Mozilla/5.0 (X11; Ubuntu; Linux x86_64; rv:62.0) Gecko/20100101 Firefox/62.0"
80.82.113.57 - - [29/Jun/2021:12:49:16 -0400] "GET /wp-json/wp/v2/users/ HTTP/1.1" 404 5002 "http://suncoastoutdoor.net///wp-json/wp/v2/users/" "Mozilla/5.0 (X11; Ubuntu; Linux x86_64; rv:62.0) Gecko/20100101 Firefox/62.0"
80.82.113.57 - - [29/Jun/2021:12:49:16 -0400] "GET /wp-json/wp/v2/users/ HTTP/1.1" 404 5002 "http://suncoastoutdoor.net///wp-json/wp/v2/users/" "Mozilla/5.0 (X11; Ubuntu; Linux x86_64; rv:62.0) Gecko/20100101 Firefox/62.0"
80.82.113.57 - - [29/Jun/2021:12:49:16 -0400] "GET /wp-json/wp/v2/users/ HTTP/1.1" 404 5002 "http://suncoastoutdoor.net///wp-json/wp/v2/users/" "Mozilla/5.0 (X11; Ubuntu; Linux x86_64; rv:62.0) Gecko/20100101 Firefox/62.0"
80.82.113.57 - - [29/Jun/2021:12:49:16 -0400] "GET ///?author=2 HTTP/1.1" 301 567 "-" "Mozilla/5.0 (X11; Ubuntu; Linux x86_64; rv:62.0) Gecko/20100101 Firefox/62.0"
80.82.113.57 - - [29/Jun/2021:12:49:16 -0400] "GET ///?author=2 HTTP/1.1" 301 567 "-" "Mozilla/5.0 (X11; Ubuntu; Linux x86_64; rv:62.0) Gecko/20100101 Firefox/62.0"
80.82.113.57 - - [29/Jun/2021:12:49:16 -0400] "GET ///?author=2 HTTP/1.1" 301 567 "-" "Mozilla/5.0 (X11; Ubuntu; Linux x86_64; rv:62.0) Gecko/20100101 Firefox/62.0"
80.82.113.57 - - [29/Jun/2021:12:49:17 -0400] "GET /?author=2 HTTP/1.1" 200 16046 "http://suncoastoutdoor.net///?author=2" "Mozilla/5.0 (X11; Ubuntu; Linux x86_64; rv:62.0) Gecko/20100101 Firefox/62.0"
80.82.113.57 - - [29/Jun/2021:12:49:17 -0400] "GET /?author=2 HTTP/1.1" 200 16052 "http://suncoastoutdoor.net///?author=2" "Mozilla/5.0 (X11; Ubuntu; Linux x86_64; rv:62.0) Gecko/20100101 Firefox/62.0"
80.82.113.57 - - [29/Jun/2021:12:49:17 -0400] "GET /?author=2 HTTP/1.1" 200 16048 "http://suncoastoutdoor.net///?author=2" "Mozilla/5.0 (X11; Ubuntu; Linux x86_64; rv:62.0) Gecko/20100101 Firefox/62.0"
80.82.113.57 - - [29/Jun/2021:12:49:17 -0400] "GET ///?author=3 HTTP/1.1" 301 567 "-" "Mozilla/5.0 (X11; Ubuntu; Linux x86_64; rv:62.0) Gecko/20100101 Firefox/62.0"
80.82.113.57 - - [29/Jun/2021:12:49:17 -0400] "GET ///?author=3 HTTP/1.1" 301 567 "-" "Mozilla/5.0 (X11; Ubuntu; Linux x86_64; rv:62.0) Gecko/20100101 Firefox/62.0"
80.82.113.57 - - [29/Jun/2021:12:49:17 -0400] "GET ///?author=3 HTTP/1.1" 301 567 "-" "Mozilla/5.0 (X11; Ubuntu; Linux x86_64; rv:62.0) Gecko/20100101 Firefox/62.0"
80.82.113.57 - - [29/Jun/2021:12:49:17 -0400] "GET /?author=3 HTTP/1.1" 404 51351 "http://suncoastoutdoor.net///?author=3" "Mozilla/5.0 (X11; Ubuntu; Linux x86_64; rv:62.0) Gecko/20100101 Firefox/62.0"
80.82.113.57 - - [29/Jun/2021:12:49:17 -0400] "GET /?author=3 HTTP/1.1" 404 51425 "http://suncoastoutdoor.net///?author=3" "Mozilla/5.0 (X11; Ubuntu; Linux x86_64; rv:62.0) Gecko/20100101 Firefox/62.0"
80.82.113.57 - - [29/Jun/2021:12:49:17 -0400] "GET /?author=3 HTTP/1.1" 404 51361 "http://suncoastoutdoor.net///?author=3" "Mozilla/5.0 (X11; Ubuntu; Linux x86_64; rv:62.0) Gecko/20100101 Firefox/62.0"
204.48.19.85 - - [29/Jun/2021:12:59:24 -0400] "POST /wp-cron.php?doing_wp_cron=1624985964.3291289806365966796875 HTTP/1.1" 200 5454 "https://suncoastoutdoor.net/wp-cron.php?doing_wp_cron=1624985964.3291289806365966796875" "WordPress/5.7.2; https://suncoastoutdoor.net"
103.29.215.216 - - [29/Jun/2021:12:59:24 -0400] "GET /wp-login.php HTTP/1.1" 200 7225 "-" "Mozilla/5.0 (X11; Ubuntu; Linux x86_64; rv:62.0) Gecko/20100101 Firefox/62.0"
103.29.215.216 - - [29/Jun/2021:12:59:26 -0400] "POST /wp-login.php HTTP/1.1" 200 7350 "-" "Mozilla/5.0 (X11; Ubuntu; Linux x86_64; rv:62.0) Gecko/20100101 Firefox/62.0"
103.29.215.216 - - [29/Jun/2021:12:59:27 -0400] "POST /xmlrpc.php HTTP/1.1" 200 4979 "-" "Mozilla/5.0 (X11; Ubuntu; Linux x86_64; rv:62.0) Gecko/20100101 Firefox/62.0"
204.48.19.85 - - [29/Jun/2021:13:13:46 -0400] "POST /wp-cron.php?doing_wp_cron=1624986826.0472440719604492187500 HTTP/1.1" 200 5438 "https://suncoastoutdoor.net/wp-cron.php?doing_wp_cron=1624986826.0472440719604492187500" "WordPress/5.7.2; https://suncoastoutdoor.net"
107.180.73.192 - - [29/Jun/2021:13:13:45 -0400] "POST /wp-login.php HTTP/1.1" 200 8053 "-" "Mozilla/5.0 (Windows NT 10.0; WOW64) AppleWebKit/537.36 (KHTML, like Gecko) Chrome/46.0.2490.80 Safari/537.36"
204.48.19.85 - - [29/Jun/2021:13:21:57 -0400] "POST /wp-cron.php?doing_wp_cron=1624987317.6056649684906005859375 HTTP/1.1" 200 5438 "https://suncoastoutdoor.net/wp-cron.php?doing_wp_cron=1624987317.6056649684906005859375" "WordPress/5.7.2; https://suncoastoutdoor.net"
136.243.32.189 - - [29/Jun/2021:13:21:57 -0400] "POST /wp-login.php HTTP/1.1" 200 8052 "-" "Mozilla/5.0 (Windows NT 6.1; Win64; x64) AppleWebKit/537.36 (KHTML, like Gecko) Chrome/79.0.3945.117 Safari/537.36"
204.48.19.85 - - [29/Jun/2021:13:32:25 -0400] "POST /wp-cron.php?doing_wp_cron=1624987945.9054040908813476562500 HTTP/1.1" 200 5438 "https://suncoastoutdoor.net/wp-cron.php?doing_wp_cron=1624987945.9054040908813476562500" "WordPress/5.7.2; https://suncoastoutdoor.net"
198.12.253.60 - - [29/Jun/2021:13:32:25 -0400] "GET /wp-login.php HTTP/1.1" 200 7225 "-" "Mozilla/5.0 (X11; Ubuntu; Linux x86_64; rv:62.0) Gecko/20100101 Firefox/62.0"
198.12.253.60 - - [29/Jun/2021:13:32:26 -0400] "POST /wp-login.php HTTP/1.1" 200 7350 "-" "Mozilla/5.0 (X11; Ubuntu; Linux x86_64; rv:62.0) Gecko/20100101 Firefox/62.0"
198.12.253.60 - - [29/Jun/2021:13:32:26 -0400] "POST /xmlrpc.php HTTP/1.1" 200 4979 "-" "Mozilla/5.0 (X11; Ubuntu; Linux x86_64; rv:62.0) Gecko/20100101 Firefox/62.0"
204.48.19.85 - - [29/Jun/2021:14:04:28 -0400] "POST /wp-cron.php?doing_wp_cron=1624989868.7119729518890380859375 HTTP/1.1" 200 5438 "https://suncoastoutdoor.net/wp-cron.php?doing_wp_cron=1624989868.7119729518890380859375" "WordPress/5.7.2; https://suncoastoutdoor.net"
123.30.136.234 - - [29/Jun/2021:14:04:28 -0400] "GET /wp-login.php HTTP/1.1" 200 7225 "-" "Mozilla/5.0 (X11; Ubuntu; Linux x86_64; rv:62.0) Gecko/20100101 Firefox/62.0"
123.30.136.234 - - [29/Jun/2021:14:04:30 -0400] "POST /wp-login.php HTTP/1.1" 200 7350 "-" "Mozilla/5.0 (X11; Ubuntu; Linux x86_64; rv:62.0) Gecko/20100101 Firefox/62.0"
123.30.136.234 - - [29/Jun/2021:14:04:31 -0400] "POST /xmlrpc.php HTTP/1.1" 200 4979 "-" "Mozilla/5.0 (X11; Ubuntu; Linux x86_64; rv:62.0) Gecko/20100101 Firefox/62.0"
204.48.19.85 - - [29/Jun/2021:14:12:58 -0400] "POST /wp-cron.php?doing_wp_cron=1624990378.9776000976562500000000 HTTP/1.1" 200 5422 "https://suncoastoutdoor.net/wp-cron.php?doing_wp_cron=1624990378.9776000976562500000000" "WordPress/5.7.2; https://suncoastoutdoor.net"
69.163.202.162 - - [29/Jun/2021:14:12:58 -0400] "GET /wp-login.php HTTP/1.1" 200 7225 "-" "Mozilla/5.0 (X11; Ubuntu; Linux x86_64; rv:62.0) Gecko/20100101 Firefox/62.0"
69.163.202.162 - - [29/Jun/2021:14:12:59 -0400] "POST /wp-login.php HTTP/1.1" 200 7349 "-" "Mozilla/5.0 (X11; Ubuntu; Linux x86_64; rv:62.0) Gecko/20100101 Firefox/62.0"
69.163.202.162 - - [29/Jun/2021:14:12:59 -0400] "GET /wp-login.php HTTP/1.1" 200 7225 "-" "Mozilla/5.0 (X11; Ubuntu; Linux x86_64; rv:62.0) Gecko/20100101 Firefox/62.0"
69.163.202.162 - - [29/Jun/2021:14:13:00 -0400] "POST /wp-login.php HTTP/1.1" 200 7326 "-" "Mozilla/5.0 (X11; Ubuntu; Linux x86_64; rv:62.0) Gecko/20100101 Firefox/62.0"
69.163.202.162 - - [29/Jun/2021:14:13:00 -0400] "POST /xmlrpc.php HTTP/1.1" 200 4979 "-" "Mozilla/5.0 (X11; Ubuntu; Linux x86_64; rv:62.0) Gecko/20100101 Firefox/62.0"
204.48.19.85 - - [29/Jun/2021:14:19:33 -0400] "POST /wp-cron.php?doing_wp_cron=1624990773.0656480789184570312500 HTTP/1.1" 200 5422 "https://suncoastoutdoor.net/wp-cron.php?doing_wp_cron=1624990773.0656480789184570312500" "WordPress/5.7.2; https://suncoastoutdoor.net"
103.28.53.92 - - [29/Jun/2021:14:19:32 -0400] "POST /wp-login.php HTTP/1.1" 200 8053 "-" "Mozilla/5.0 (Windows NT 6.1; Win64; x64) AppleWebKit/537.36 (KHTML, like Gecko) Chrome/81.0.4044.122 Safari/537.36"
204.48.19.85 - - [29/Jun/2021:14:26:19 -0400] "POST /wp-cron.php?doing_wp_cron=1624991179.2837560176849365234375 HTTP/1.1" 200 5454 "https://suncoastoutdoor.net/wp-cron.php?doing_wp_cron=1624991179.2837560176849365234375" "WordPress/5.7.2; https://suncoastoutdoor.net"
67.205.61.254 - - [29/Jun/2021:14:26:19 -0400] "GET /wp-login.php HTTP/1.1" 200 7225 "-" "Mozilla/5.0 (X11; Ubuntu; Linux x86_64; rv:62.0) Gecko/20100101 Firefox/62.0"
67.205.61.254 - - [29/Jun/2021:14:26:19 -0400] "POST /wp-login.php HTTP/1.1" 200 7349 "-" "Mozilla/5.0 (X11; Ubuntu; Linux x86_64; rv:62.0) Gecko/20100101 Firefox/62.0"
67.205.61.254 - - [29/Jun/2021:14:26:19 -0400] "GET /wp-login.php HTTP/1.1" 200 7225 "-" "Mozilla/5.0 (X11; Ubuntu; Linux x86_64; rv:62.0) Gecko/20100101 Firefox/62.0"
67.205.61.254 - - [29/Jun/2021:14:26:19 -0400] "POST /wp-login.php HTTP/1.1" 200 7326 "-" "Mozilla/5.0 (X11; Ubuntu; Linux x86_64; rv:62.0) Gecko/20100101 Firefox/62.0"
67.205.61.254 - - [29/Jun/2021:14:26:19 -0400] "POST /xmlrpc.php HTTP/1.1" 200 4979 "-" "Mozilla/5.0 (X11; Ubuntu; Linux x86_64; rv:62.0) Gecko/20100101 Firefox/62.0"
204.48.19.85 - - [29/Jun/2021:14:40:49 -0400] "POST /wp-cron.php?doing_wp_cron=1624992049.1813380718231201171875 HTTP/1.1" 200 5454 "https://suncoastoutdoor.net/wp-cron.php?doing_wp_cron=1624992049.1813380718231201171875" "WordPress/5.7.2; https://suncoastoutdoor.net"
107.189.3.3 - - [29/Jun/2021:14:40:49 -0400] "GET /wp-login.php HTTP/1.1" 200 7225 "-" "Mozilla/5.0 (X11; Ubuntu; Linux x86_64; rv:62.0) Gecko/20100101 Firefox/62.0"
107.189.3.3 - - [29/Jun/2021:14:40:49 -0400] "POST /wp-login.php HTTP/1.1" 200 7349 "-" "Mozilla/5.0 (X11; Ubuntu; Linux x86_64; rv:62.0) Gecko/20100101 Firefox/62.0"
107.189.3.3 - - [29/Jun/2021:14:40:50 -0400] "GET /wp-login.php HTTP/1.1" 200 7225 "-" "Mozilla/5.0 (X11; Ubuntu; Linux x86_64; rv:62.0) Gecko/20100101 Firefox/62.0"
107.189.3.3 - - [29/Jun/2021:14:40:50 -0400] "POST /wp-login.php HTTP/1.1" 200 7350 "-" "Mozilla/5.0 (X11; Ubuntu; Linux x86_64; rv:62.0) Gecko/20100101 Firefox/62.0"
107.189.3.3 - - [29/Jun/2021:14:40:51 -0400] "POST /xmlrpc.php HTTP/1.1" 200 4979 "-" "Mozilla/5.0 (X11; Ubuntu; Linux x86_64; rv:62.0) Gecko/20100101 Firefox/62.0"
204.48.19.85 - - [29/Jun/2021:14:55:40 -0400] "POST /wp-cron.php?doing_wp_cron=1624992940.6397180557250976562500 HTTP/1.1" 200 5454 "https://suncoastoutdoor.net/wp-cron.php?doing_wp_cron=1624992940.6397180557250976562500" "WordPress/5.7.2; https://suncoastoutdoor.net"
159.89.1.19 - - [29/Jun/2021:14:55:40 -0400] "GET /wp-login.php HTTP/1.1" 200 7225 "-" "Mozilla/5.0 (X11; Ubuntu; Linux x86_64; rv:62.0) Gecko/20100101 Firefox/62.0"
159.89.1.19 - - [29/Jun/2021:14:55:46 -0400] "POST /wp-login.php HTTP/1.1" 200 7349 "-" "Mozilla/5.0 (X11; Ubuntu; Linux x86_64; rv:62.0) Gecko/20100101 Firefox/62.0"
204.48.19.85 - - [29/Jun/2021:14:55:51 -0400] "POST /wp-cron.php?doing_wp_cron=1624992951.7044880390167236328125 HTTP/1.1" 200 5438 "https://suncoastoutdoor.net/wp-cron.php?doing_wp_cron=1624992951.7044880390167236328125" "WordPress/5.7.2; https://suncoastoutdoor.net"
159.89.1.19 - - [29/Jun/2021:14:55:51 -0400] "GET /wp-login.php HTTP/1.1" 200 7225 "-" "Mozilla/5.0 (X11; Ubuntu; Linux x86_64; rv:62.0) Gecko/20100101 Firefox/62.0"
159.89.1.19 - - [29/Jun/2021:14:55:52 -0400] "POST /wp-login.php HTTP/1.1" 200 7350 "-" "Mozilla/5.0 (X11; Ubuntu; Linux x86_64; rv:62.0) Gecko/20100101 Firefox/62.0"
159.89.1.19 - - [29/Jun/2021:14:55:58 -0400] "POST /xmlrpc.php HTTP/1.1" 200 4979 "-" "Mozilla/5.0 (X11; Ubuntu; Linux x86_64; rv:62.0) Gecko/20100101 Firefox/62.0"
204.48.19.85 - - [29/Jun/2021:15:07:58 -0400] "POST /wp-cron.php?doing_wp_cron=1624993678.7391710281372070312500 HTTP/1.1" 200 5438 "https://suncoastoutdoor.net/wp-cron.php?doing_wp_cron=1624993678.7391710281372070312500" "WordPress/5.7.2; https://suncoastoutdoor.net"
209.126.7.65 - - [29/Jun/2021:15:07:58 -0400] "GET /wp-login.php HTTP/1.1" 200 7225 "-" "Mozilla/5.0 (X11; Ubuntu; Linux x86_64; rv:62.0) Gecko/20100101 Firefox/62.0"
209.126.7.65 - - [29/Jun/2021:15:07:59 -0400] "POST /wp-login.php HTTP/1.1" 200 7350 "-" "Mozilla/5.0 (X11; Ubuntu; Linux x86_64; rv:62.0) Gecko/20100101 Firefox/62.0"
209.126.7.65 - - [29/Jun/2021:15:07:59 -0400] "POST /xmlrpc.php HTTP/1.1" 200 4979 "-" "Mozilla/5.0 (X11; Ubuntu; Linux x86_64; rv:62.0) Gecko/20100101 Firefox/62.0"
204.48.19.85 - - [29/Jun/2021:15:10:23 -0400] "POST /wp-cron.php?doing_wp_cron=1624993823.4979789257049560546875 HTTP/1.1" 200 5438 "https://suncoastoutdoor.net/wp-cron.php?doing_wp_cron=1624993823.4979789257049560546875" "WordPress/5.7.2; https://suncoastoutdoor.net"
91.194.91.202 - - [29/Jun/2021:15:10:23 -0400] "GET /wp-login.php HTTP/1.1" 200 7225 "-" "Mozilla/5.0 (X11; Ubuntu; Linux x86_64; rv:62.0) Gecko/20100101 Firefox/62.0"
91.194.91.202 - - [29/Jun/2021:15:10:23 -0400] "POST /wp-login.php HTTP/1.1" 200 7349 "-" "Mozilla/5.0 (X11; Ubuntu; Linux x86_64; rv:62.0) Gecko/20100101 Firefox/62.0"
91.194.91.202 - - [29/Jun/2021:15:10:24 -0400] "GET /wp-login.php HTTP/1.1" 200 7225 "-" "Mozilla/5.0 (X11; Ubuntu; Linux x86_64; rv:62.0) Gecko/20100101 Firefox/62.0"
91.194.91.202 - - [29/Jun/2021:15:10:24 -0400] "POST /wp-login.php HTTP/1.1" 200 7350 "-" "Mozilla/5.0 (X11; Ubuntu; Linux x86_64; rv:62.0) Gecko/20100101 Firefox/62.0"
91.194.91.202 - - [29/Jun/2021:15:10:25 -0400] "POST /xmlrpc.php HTTP/1.1" 200 4979 "-" "Mozilla/5.0 (X11; Ubuntu; Linux x86_64; rv:62.0) Gecko/20100101 Firefox/62.0"
204.48.19.85 - - [29/Jun/2021:15:21:48 -0400] "POST /wp-cron.php?doing_wp_cron=1624994508.6041529178619384765625 HTTP/1.1" 200 5422 "https://suncoastoutdoor.net/wp-cron.php?doing_wp_cron=1624994508.6041529178619384765625" "WordPress/5.7.2; https://suncoastoutdoor.net"
128.199.21.230 - - [29/Jun/2021:15:21:48 -0400] "POST /wp-login.php HTTP/1.1" 200 8053 "-" "Mozilla/5.0 (Windows NT 6.1; WOW64) AppleWebKit/537.36 (KHTML, like Gecko) Chrome/47.0.2526.111 Safari/537.36"
204.48.19.85 - - [29/Jun/2021:15:25:40 -0400] "POST /wp-cron.php?doing_wp_cron=1624994740.2511940002441406250000 HTTP/1.1" 200 5454 "https://suncoastoutdoor.net/wp-cron.php?doing_wp_cron=1624994740.2511940002441406250000" "WordPress/5.7.2; https://suncoastoutdoor.net"
187.44.188.18 - - [29/Jun/2021:15:25:40 -0400] "GET /wp-login.php HTTP/1.1" 200 7225 "-" "Mozilla/5.0 (X11; Ubuntu; Linux x86_64; rv:62.0) Gecko/20100101 Firefox/62.0"
187.44.188.18 - - [29/Jun/2021:15:25:40 -0400] "POST /wp-login.php HTTP/1.1" 200 7349 "-" "Mozilla/5.0 (X11; Ubuntu; Linux x86_64; rv:62.0) Gecko/20100101 Firefox/62.0"
187.44.188.18 - - [29/Jun/2021:15:25:41 -0400] "GET /wp-login.php HTTP/1.1" 200 7225 "-" "Mozilla/5.0 (X11; Ubuntu; Linux x86_64; rv:62.0) Gecko/20100101 Firefox/62.0"
187.44.188.18 - - [29/Jun/2021:15:25:42 -0400] "POST /wp-login.php HTTP/1.1" 200 7350 "-" "Mozilla/5.0 (X11; Ubuntu; Linux x86_64; rv:62.0) Gecko/20100101 Firefox/62.0"
187.44.188.18 - - [29/Jun/2021:15:25:42 -0400] "POST /xmlrpc.php HTTP/1.1" 200 4979 "-" "Mozilla/5.0 (X11; Ubuntu; Linux x86_64; rv:62.0) Gecko/20100101 Firefox/62.0"
108.179.209.130 - - [29/Jun/2021:15:28:39 -0400] "GET /wp-content/plugins/wp-user-avatar/readme.txt HTTP/1.1" 301 637 "suncoastoutdoor.net" "Mozilla/5.0 (Windows NT 6.1; WOW64) AppleWebKit/537.36 (KHTML, like Gecko) Chrome/50.0.2661.75 Safari/537.36"
108.179.209.130 - - [29/Jun/2021:15:28:40 -0400] "GET /wp-content/plugins/wp-user-avatar/readme.txt HTTP/1.1" 404 5201 "suncoastoutdoor.net" "Mozilla/5.0 (Windows NT 6.1; WOW64) AppleWebKit/537.36 (KHTML, like Gecko) Chrome/50.0.2661.75 Safari/537.36"
204.48.19.85 - - [29/Jun/2021:15:29:16 -0400] "POST /wp-cron.php?doing_wp_cron=1624994956.0312819480895996093750 HTTP/1.1" 200 5438 "https://suncoastoutdoor.net/wp-cron.php?doing_wp_cron=1624994956.0312819480895996093750" "WordPress/5.7.2; https://suncoastoutdoor.net"
178.62.79.87 - - [29/Jun/2021:15:29:15 -0400] "POST /wp-login.php HTTP/1.1" 200 8052 "-" "Mozilla/5.0 (Windows NT 10.0; WOW64) AppleWebKit/537.36 (KHTML, like Gecko) Chrome/55.0.2883.87 Safari/537.36"
204.48.19.85 - - [29/Jun/2021:15:39:28 -0400] "POST /wp-cron.php?doing_wp_cron=1624995568.9043478965759277343750 HTTP/1.1" 200 5438 "https://suncoastoutdoor.net/wp-cron.php?doing_wp_cron=1624995568.9043478965759277343750" "WordPress/5.7.2; https://suncoastoutdoor.net"
142.44.212.25 - - [29/Jun/2021:15:39:28 -0400] "GET /wp-login.php HTTP/1.1" 200 7225 "-" "Mozilla/5.0 (X11; Ubuntu; Linux x86_64; rv:62.0) Gecko/20100101 Firefox/62.0"
142.44.212.25 - - [29/Jun/2021:15:39:29 -0400] "POST /wp-login.php HTTP/1.1" 200 7350 "-" "Mozilla/5.0 (X11; Ubuntu; Linux x86_64; rv:62.0) Gecko/20100101 Firefox/62.0"
142.44.212.25 - - [29/Jun/2021:15:39:29 -0400] "POST /xmlrpc.php HTTP/1.1" 200 4979 "-" "Mozilla/5.0 (X11; Ubuntu; Linux x86_64; rv:62.0) Gecko/20100101 Firefox/62.0"
204.48.19.85 - - [29/Jun/2021:15:41:46 -0400] "POST /wp-cron.php?doing_wp_cron=1624995706.7518548965454101562500 HTTP/1.1" 200 5438 "https://suncoastoutdoor.net/wp-cron.php?doing_wp_cron=1624995706.7518548965454101562500" "WordPress/5.7.2; https://suncoastoutdoor.net"
178.62.33.222 - - [29/Jun/2021:15:41:46 -0400] "GET /wp-login.php HTTP/1.1" 200 7225 "-" "Mozilla/5.0 (X11; Ubuntu; Linux x86_64; rv:62.0) Gecko/20100101 Firefox/62.0"
178.62.33.222 - - [29/Jun/2021:15:41:47 -0400] "POST /wp-login.php HTTP/1.1" 200 7349 "-" "Mozilla/5.0 (X11; Ubuntu; Linux x86_64; rv:62.0) Gecko/20100101 Firefox/62.0"
178.62.33.222 - - [29/Jun/2021:15:41:47 -0400] "GET /wp-login.php HTTP/1.1" 200 7225 "-" "Mozilla/5.0 (X11; Ubuntu; Linux x86_64; rv:62.0) Gecko/20100101 Firefox/62.0"
204.48.19.85 - - [29/Jun/2021:15:41:53 -0400] "POST /wp-cron.php?doing_wp_cron=1624995713.1472520828247070312500 HTTP/1.1" 200 5438 "https://suncoastoutdoor.net/wp-cron.php?doing_wp_cron=1624995713.1472520828247070312500" "WordPress/5.7.2; https://suncoastoutdoor.net"
