14.200.1.238 - - [02/Jul/2021:17:53:31 -0400] "POST /wp-login.php HTTP/1.1" 200 7325 "-" "Mozilla/5.0 (X11; Ubuntu; Linux x86_64; rv:62.0) Gecko/20100101 Firefox/62.0"
14.200.1.238 - - [02/Jul/2021:17:53:33 -0400] "POST /xmlrpc.php HTTP/1.1" 200 4979 "-" "Mozilla/5.0 (X11; Ubuntu; Linux x86_64; rv:62.0) Gecko/20100101 Firefox/62.0"
204.48.19.85 - - [02/Jul/2021:17:55:47 -0400] "POST /wp-cron.php?doing_wp_cron=1625262947.7215349674224853515625 HTTP/1.1" 200 5454 "https://suncoastoutdoor.net/wp-cron.php?doing_wp_cron=1625262947.7215349674224853515625" "WordPress/5.7.2; https://suncoastoutdoor.net"
81.88.52.58 - - [02/Jul/2021:17:55:47 -0400] "POST /wp-login.php HTTP/1.1" 200 8051 "-" "Mozilla/5.0 (Windows NT 6.3; WOW64) AppleWebKit/537.36 (KHTML, like Gecko) Chrome/46.0.2490.80 Safari/537.36"
204.48.19.85 - - [02/Jul/2021:18:15:14 -0400] "POST /wp-cron.php?doing_wp_cron=1625264114.8099040985107421875000 HTTP/1.1" 200 5454 "https://suncoastoutdoor.net/wp-cron.php?doing_wp_cron=1625264114.8099040985107421875000" "WordPress/5.7.2; https://suncoastoutdoor.net"
46.101.99.15 - - [02/Jul/2021:18:15:14 -0400] "GET /wp-login.php HTTP/1.1" 200 7224 "-" "Mozilla/5.0 (X11; Ubuntu; Linux x86_64; rv:62.0) Gecko/20100101 Firefox/62.0"
46.101.99.15 - - [02/Jul/2021:18:15:20 -0400] "POST /wp-login.php HTTP/1.1" 200 7348 "-" "Mozilla/5.0 (X11; Ubuntu; Linux x86_64; rv:62.0) Gecko/20100101 Firefox/62.0"
46.101.99.15 - - [02/Jul/2021:18:15:26 -0400] "GET /wp-login.php HTTP/1.1" 200 7224 "-" "Mozilla/5.0 (X11; Ubuntu; Linux x86_64; rv:62.0) Gecko/20100101 Firefox/62.0"
46.101.99.15 - - [02/Jul/2021:18:15:27 -0400] "POST /wp-login.php HTTP/1.1" 200 7325 "-" "Mozilla/5.0 (X11; Ubuntu; Linux x86_64; rv:62.0) Gecko/20100101 Firefox/62.0"
46.101.99.15 - - [02/Jul/2021:18:15:38 -0400] "POST /xmlrpc.php HTTP/1.1" 200 4979 "-" "Mozilla/5.0 (X11; Ubuntu; Linux x86_64; rv:62.0) Gecko/20100101 Firefox/62.0"
204.48.19.85 - - [02/Jul/2021:18:22:18 -0400] "POST /wp-cron.php?doing_wp_cron=1625264538.5826730728149414062500 HTTP/1.1" 200 5438 "https://suncoastoutdoor.net/wp-cron.php?doing_wp_cron=1625264538.5826730728149414062500" "WordPress/5.7.2; https://suncoastoutdoor.net"
192.241.147.185 - - [02/Jul/2021:18:22:18 -0400] "POST /wp-login.php HTTP/1.1" 200 8053 "-" "Mozilla/5.0 (Windows NT 10.0; WOW64) AppleWebKit/537.36 (KHTML, like Gecko) Chrome/53.0.2785.143 Safari/537.36"
204.48.19.85 - - [02/Jul/2021:18:36:13 -0400] "POST /wp-cron.php?doing_wp_cron=1625265373.0950360298156738281250 HTTP/1.1" 200 5438 "https://suncoastoutdoor.net/wp-cron.php?doing_wp_cron=1625265373.0950360298156738281250" "WordPress/5.7.2; https://suncoastoutdoor.net"
47.74.17.225 - - [02/Jul/2021:18:36:12 -0400] "GET /wp-login.php HTTP/1.1" 200 7224 "-" "Mozilla/5.0 (X11; Ubuntu; Linux x86_64; rv:62.0) Gecko/20100101 Firefox/62.0"
47.74.17.225 - - [02/Jul/2021:18:36:14 -0400] "POST /wp-login.php HTTP/1.1" 200 7348 "-" "Mozilla/5.0 (X11; Ubuntu; Linux x86_64; rv:62.0) Gecko/20100101 Firefox/62.0"
47.74.17.225 - - [02/Jul/2021:18:36:15 -0400] "GET /wp-login.php HTTP/1.1" 200 7224 "-" "Mozilla/5.0 (X11; Ubuntu; Linux x86_64; rv:62.0) Gecko/20100101 Firefox/62.0"
47.74.17.225 - - [02/Jul/2021:18:36:16 -0400] "POST /wp-login.php HTTP/1.1" 200 7325 "-" "Mozilla/5.0 (X11; Ubuntu; Linux x86_64; rv:62.0) Gecko/20100101 Firefox/62.0"
47.74.17.225 - - [02/Jul/2021:18:36:17 -0400] "POST /xmlrpc.php HTTP/1.1" 200 4979 "-" "Mozilla/5.0 (X11; Ubuntu; Linux x86_64; rv:62.0) Gecko/20100101 Firefox/62.0"
204.48.19.85 - - [02/Jul/2021:18:49:50 -0400] "POST /wp-cron.php?doing_wp_cron=1625266190.3591101169586181640625 HTTP/1.1" 200 5438 "https://suncoastoutdoor.net/wp-cron.php?doing_wp_cron=1625266190.3591101169586181640625" "WordPress/5.7.2; https://suncoastoutdoor.net"
34.92.85.223 - - [02/Jul/2021:18:49:49 -0400] "POST /wp-login.php HTTP/1.1" 200 8053 "-" "Mozilla/5.0 (Windows NT 10.0; Win64; x64) AppleWebKit/537.36 (KHTML, like Gecko) Chrome/73.0.3683.75 Safari/537.36"
204.48.19.85 - - [02/Jul/2021:18:57:22 -0400] "POST /wp-cron.php?doing_wp_cron=1625266642.0964400768280029296875 HTTP/1.1" 200 5438 "https://suncoastoutdoor.net/wp-cron.php?doing_wp_cron=1625266642.0964400768280029296875" "WordPress/5.7.2; https://suncoastoutdoor.net"
157.245.218.180 - - [02/Jul/2021:18:57:21 -0400] "POST /wp-login.php HTTP/1.1" 200 8051 "-" "Mozilla/5.0 (Windows NT 6.1; Win64; x64) AppleWebKit/537.36 (KHTML, like Gecko) Chrome/67.0.3396.87 Safari/537.36"
204.48.19.85 - - [02/Jul/2021:18:58:56 -0400] "POST /wp-cron.php?doing_wp_cron=1625266736.7108609676361083984375 HTTP/1.1" 200 5438 "https://suncoastoutdoor.net/wp-cron.php?doing_wp_cron=1625266736.7108609676361083984375" "WordPress/5.7.2; https://suncoastoutdoor.net"
159.203.37.43 - - [02/Jul/2021:18:58:56 -0400] "GET /wp-login.php HTTP/1.1" 200 7224 "-" "Mozilla/5.0 (X11; Ubuntu; Linux x86_64; rv:62.0) Gecko/20100101 Firefox/62.0"
159.203.37.43 - - [02/Jul/2021:18:58:57 -0400] "POST /wp-login.php HTTP/1.1" 200 7348 "-" "Mozilla/5.0 (X11; Ubuntu; Linux x86_64; rv:62.0) Gecko/20100101 Firefox/62.0"
159.203.37.43 - - [02/Jul/2021:18:58:57 -0400] "GET /wp-login.php HTTP/1.1" 200 7224 "-" "Mozilla/5.0 (X11; Ubuntu; Linux x86_64; rv:62.0) Gecko/20100101 Firefox/62.0"
159.203.37.43 - - [02/Jul/2021:18:58:58 -0400] "POST /wp-login.php HTTP/1.1" 200 7325 "-" "Mozilla/5.0 (X11; Ubuntu; Linux x86_64; rv:62.0) Gecko/20100101 Firefox/62.0"
159.203.37.43 - - [02/Jul/2021:18:58:58 -0400] "POST /xmlrpc.php HTTP/1.1" 200 4979 "-" "Mozilla/5.0 (X11; Ubuntu; Linux x86_64; rv:62.0) Gecko/20100101 Firefox/62.0"
204.48.19.85 - - [02/Jul/2021:19:10:27 -0400] "POST /wp-cron.php?doing_wp_cron=1625267427.8434910774230957031250 HTTP/1.1" 200 5422 "https://suncoastoutdoor.net/wp-cron.php?doing_wp_cron=1625267427.8434910774230957031250" "WordPress/5.7.2; https://suncoastoutdoor.net"
31.192.208.12 - - [02/Jul/2021:19:10:27 -0400] "POST /wp-login.php HTTP/1.1" 200 8053 "-" "Mozilla/5.0 (Windows NT 6.1; Win64; x64) AppleWebKit/537.36 (KHTML, like Gecko) Chrome/79.0.3945.117 Safari/537.36"
204.48.19.85 - - [02/Jul/2021:19:19:35 -0400] "POST /wp-cron.php?doing_wp_cron=1625267975.8398499488830566406250 HTTP/1.1" 200 5422 "https://suncoastoutdoor.net/wp-cron.php?doing_wp_cron=1625267975.8398499488830566406250" "WordPress/5.7.2; https://suncoastoutdoor.net"
163.172.33.228 - - [02/Jul/2021:19:19:35 -0400] "POST /wp-login.php HTTP/1.1" 200 7346 "-" "Mozilla/5.0 (X11; Ubuntu; Linux x86_64; rv:62.0) Gecko/20100101 Firefox/62.0"
163.172.33.228 - - [02/Jul/2021:19:19:46 -0400] "GET /wp-login.php HTTP/1.1" 200 7224 "-" "Mozilla/5.0 (X11; Ubuntu; Linux x86_64; rv:62.0) Gecko/20100101 Firefox/62.0"
163.172.33.228 - - [02/Jul/2021:19:19:47 -0400] "POST /wp-login.php HTTP/1.1" 200 7325 "-" "Mozilla/5.0 (X11; Ubuntu; Linux x86_64; rv:62.0) Gecko/20100101 Firefox/62.0"
204.48.19.85 - - [02/Jul/2021:19:19:48 -0400] "POST /wp-cron.php?doing_wp_cron=1625267988.6889379024505615234375 HTTP/1.1" 200 5422 "https://suncoastoutdoor.net/wp-cron.php?doing_wp_cron=1625267988.6889379024505615234375" "WordPress/5.7.2; https://suncoastoutdoor.net"
163.172.33.228 - - [02/Jul/2021:19:19:48 -0400] "POST /xmlrpc.php HTTP/1.1" 200 4979 "-" "Mozilla/5.0 (X11; Ubuntu; Linux x86_64; rv:62.0) Gecko/20100101 Firefox/62.0"
204.48.19.85 - - [02/Jul/2021:19:20:49 -0400] "POST /wp-cron.php?doing_wp_cron=1625268049.7826900482177734375000 HTTP/1.1" 200 5454 "https://suncoastoutdoor.net/wp-cron.php?doing_wp_cron=1625268049.7826900482177734375000" "WordPress/5.7.2; https://suncoastoutdoor.net"
192.185.130.172 - - [02/Jul/2021:19:20:49 -0400] "POST /wp-login.php HTTP/1.1" 200 8051 "-" "Mozilla/5.0 (Windows NT 6.1) AppleWebKit/537.36 (KHTML, like Gecko) Chrome/65.0.3325.181 Safari/537.36"
204.48.19.85 - - [02/Jul/2021:19:21:47 -0400] "POST /wp-cron.php?doing_wp_cron=1625268107.1825981140136718750000 HTTP/1.1" 200 5454 "https://suncoastoutdoor.net/wp-cron.php?doing_wp_cron=1625268107.1825981140136718750000" "WordPress/5.7.2; https://suncoastoutdoor.net"
142.54.177.6 - - [02/Jul/2021:19:21:46 -0400] "GET // HTTP/1.1" 301 4888 "http://www.google.com.hk" "Mozilla/5.0 (Windows NT 6.1; WOW64) AppleWebKit/537.36 (KHTML, like Gecko) Chrome/42.0.2311.90 Safari/537.36"
204.48.19.85 - - [02/Jul/2021:19:21:48 -0400] "POST /wp-cron.php?doing_wp_cron=1625268108.1040461063385009765625 HTTP/1.1" 200 5422 "https://suncoastoutdoor.net/wp-cron.php?doing_wp_cron=1625268108.1040461063385009765625" "WordPress/5.7.2; https://suncoastoutdoor.net"
142.54.177.6 - - [02/Jul/2021:19:21:47 -0400] "GET / HTTP/1.1" 200 17527 "http://www.google.com.hk" "Mozilla/5.0 (Windows NT 6.1; WOW64) AppleWebKit/537.36 (KHTML, like Gecko) Chrome/42.0.2311.90 Safari/537.36"
142.54.177.6 - - [02/Jul/2021:19:22:24 -0400] "GET //wp-content/plugins/fancy-product-designer/inc/custom-image-handler.php HTTP/1.1" 404 5066 "-" "curl/7.68.0"
204.48.19.85 - - [02/Jul/2021:19:44:56 -0400] "POST /wp-cron.php?doing_wp_cron=1625269496.5002770423889160156250 HTTP/1.1" 200 5438 "https://suncoastoutdoor.net/wp-cron.php?doing_wp_cron=1625269496.5002770423889160156250" "WordPress/5.7.2; https://suncoastoutdoor.net"
82.156.101.17 - - [02/Jul/2021:19:44:56 -0400] "GET /wp-login.php HTTP/1.1" 200 7224 "-" "Mozilla/5.0 (X11; Ubuntu; Linux x86_64; rv:62.0) Gecko/20100101 Firefox/62.0"
82.156.101.17 - - [02/Jul/2021:19:45:02 -0400] "POST /wp-login.php HTTP/1.1" 200 7348 "-" "Mozilla/5.0 (X11; Ubuntu; Linux x86_64; rv:62.0) Gecko/20100101 Firefox/62.0"
82.156.101.17 - - [02/Jul/2021:19:45:07 -0400] "GET /wp-login.php HTTP/1.1" 200 7224 "-" "Mozilla/5.0 (X11; Ubuntu; Linux x86_64; rv:62.0) Gecko/20100101 Firefox/62.0"
82.156.101.17 - - [02/Jul/2021:19:45:11 -0400] "POST /wp-login.php HTTP/1.1" 200 7325 "-" "Mozilla/5.0 (X11; Ubuntu; Linux x86_64; rv:62.0) Gecko/20100101 Firefox/62.0"
82.156.101.17 - - [02/Jul/2021:19:45:16 -0400] "POST /xmlrpc.php HTTP/1.1" 200 4979 "-" "Mozilla/5.0 (X11; Ubuntu; Linux x86_64; rv:62.0) Gecko/20100101 Firefox/62.0"
204.48.19.85 - - [02/Jul/2021:19:52:12 -0400] "POST /wp-cron.php?doing_wp_cron=1625269932.8362898826599121093750 HTTP/1.1" 200 5438 "https://suncoastoutdoor.net/wp-cron.php?doing_wp_cron=1625269932.8362898826599121093750" "WordPress/5.7.2; https://suncoastoutdoor.net"
81.88.52.157 - - [02/Jul/2021:19:52:12 -0400] "POST /wp-login.php HTTP/1.1" 200 8053 "-" "Mozilla/5.0 (Windows NT 10.0; Win64; x64) AppleWebKit/537.36 (KHTML, like Gecko) Chrome/64.0.3282.167 Safari/537.36"
204.48.19.85 - - [02/Jul/2021:19:55:51 -0400] "POST /wp-cron.php?doing_wp_cron=1625270151.4880049228668212890625 HTTP/1.1" 200 5438 "https://suncoastoutdoor.net/wp-cron.php?doing_wp_cron=1625270151.4880049228668212890625" "WordPress/5.7.2; https://suncoastoutdoor.net"
139.59.136.252 - - [02/Jul/2021:19:55:51 -0400] "POST /wp-login.php HTTP/1.1" 200 8053 "-" "Mozilla/5.0 (Windows NT 6.3; Win64; x64) AppleWebKit/537.36 (KHTML, like Gecko) Chrome/68.0.3440.106 Safari/537.36"
204.48.19.85 - - [02/Jul/2021:19:59:59 -0400] "POST /wp-cron.php?doing_wp_cron=1625270399.1229319572448730468750 HTTP/1.1" 200 5438 "https://suncoastoutdoor.net/wp-cron.php?doing_wp_cron=1625270399.1229319572448730468750" "WordPress/5.7.2; https://suncoastoutdoor.net"
94.73.142.2 - - [02/Jul/2021:19:59:58 -0400] "POST /wp-login.php HTTP/1.1" 200 8051 "-" "Mozilla/5.0 (Windows NT 10.0; Win64; x64) AppleWebKit/537.36 (KHTML, like Gecko) Chrome/60.0.3112.101 Safari/537.36"
204.48.19.85 - - [02/Jul/2021:20:07:23 -0400] "POST /wp-cron.php?doing_wp_cron=1625270843.7132000923156738281250 HTTP/1.1" 200 5454 "https://suncoastoutdoor.net/wp-cron.php?doing_wp_cron=1625270843.7132000923156738281250" "WordPress/5.7.2; https://suncoastoutdoor.net"
184.168.126.206 - - [02/Jul/2021:20:07:23 -0400] "GET /wp-login.php HTTP/1.1" 200 7224 "-" "Mozilla/5.0 (X11; Ubuntu; Linux x86_64; rv:62.0) Gecko/20100101 Firefox/62.0"
184.168.126.206 - - [02/Jul/2021:20:07:25 -0400] "POST /wp-login.php HTTP/1.1" 200 7348 "-" "Mozilla/5.0 (X11; Ubuntu; Linux x86_64; rv:62.0) Gecko/20100101 Firefox/62.0"
184.168.126.206 - - [02/Jul/2021:20:07:26 -0400] "GET /wp-login.php HTTP/1.1" 200 7224 "-" "Mozilla/5.0 (X11; Ubuntu; Linux x86_64; rv:62.0) Gecko/20100101 Firefox/62.0"
184.168.126.206 - - [02/Jul/2021:20:07:27 -0400] "POST /wp-login.php HTTP/1.1" 200 7325 "-" "Mozilla/5.0 (X11; Ubuntu; Linux x86_64; rv:62.0) Gecko/20100101 Firefox/62.0"
184.168.126.206 - - [02/Jul/2021:20:07:29 -0400] "POST /xmlrpc.php HTTP/1.1" 200 4979 "-" "Mozilla/5.0 (X11; Ubuntu; Linux x86_64; rv:62.0) Gecko/20100101 Firefox/62.0"
204.48.19.85 - - [02/Jul/2021:20:08:34 -0400] "POST /wp-cron.php?doing_wp_cron=1625270914.1610510349273681640625 HTTP/1.1" 200 5454 "https://suncoastoutdoor.net/wp-cron.php?doing_wp_cron=1625270914.1610510349273681640625" "WordPress/5.7.2; https://suncoastoutdoor.net"
185.28.62.201 - - [02/Jul/2021:20:08:33 -0400] "POST /wp-login.php HTTP/1.1" 200 8051 "-" "Mozilla/5.0 (Windows NT 6.3; Win64; x64) AppleWebKit/537.36 (KHTML, like Gecko) Chrome/68.0.3440.106 Safari/537.36"
204.48.19.85 - - [02/Jul/2021:20:31:22 -0400] "POST /wp-cron.php?doing_wp_cron=1625272282.7347650527954101562500 HTTP/1.1" 200 5454 "https://suncoastoutdoor.net/wp-cron.php?doing_wp_cron=1625272282.7347650527954101562500" "WordPress/5.7.2; https://suncoastoutdoor.net"
103.109.161.51 - - [02/Jul/2021:20:31:22 -0400] "GET /wp-login.php HTTP/1.1" 200 7224 "-" "Mozilla/5.0 (X11; Ubuntu; Linux x86_64; rv:62.0) Gecko/20100101 Firefox/62.0"
103.109.161.51 - - [02/Jul/2021:20:31:24 -0400] "POST /wp-login.php HTTP/1.1" 200 7348 "-" "Mozilla/5.0 (X11; Ubuntu; Linux x86_64; rv:62.0) Gecko/20100101 Firefox/62.0"
103.109.161.51 - - [02/Jul/2021:20:31:25 -0400] "GET /wp-login.php HTTP/1.1" 200 7224 "-" "Mozilla/5.0 (X11; Ubuntu; Linux x86_64; rv:62.0) Gecko/20100101 Firefox/62.0"
103.109.161.51 - - [02/Jul/2021:20:31:27 -0400] "POST /wp-login.php HTTP/1.1" 200 7325 "-" "Mozilla/5.0 (X11; Ubuntu; Linux x86_64; rv:62.0) Gecko/20100101 Firefox/62.0"
103.109.161.51 - - [02/Jul/2021:20:31:28 -0400] "POST /xmlrpc.php HTTP/1.1" 200 4979 "-" "Mozilla/5.0 (X11; Ubuntu; Linux x86_64; rv:62.0) Gecko/20100101 Firefox/62.0"
204.48.19.85 - - [02/Jul/2021:20:44:31 -0400] "POST /wp-cron.php?doing_wp_cron=1625273071.0726420879364013671875 HTTP/1.1" 200 5438 "https://suncoastoutdoor.net/wp-cron.php?doing_wp_cron=1625273071.0726420879364013671875" "WordPress/5.7.2; https://suncoastoutdoor.net"
192.185.130.172 - - [02/Jul/2021:20:44:30 -0400] "POST /wp-login.php HTTP/1.1" 200 8053 "-" "Mozilla/5.0 (Windows NT 6.1; WOW64) AppleWebKit/537.36 (KHTML, like Gecko) Chrome/51.0.2704.106 Safari/537.36"
204.48.19.85 - - [02/Jul/2021:20:54:48 -0400] "POST /wp-cron.php?doing_wp_cron=1625273688.3201498985290527343750 HTTP/1.1" 200 5438 "https://suncoastoutdoor.net/wp-cron.php?doing_wp_cron=1625273688.3201498985290527343750" "WordPress/5.7.2; https://suncoastoutdoor.net"
180.76.185.20 - - [02/Jul/2021:20:54:47 -0400] "POST /wp-login.php HTTP/1.1" 200 8053 "-" "Mozilla/5.0 (Windows NT 6.1) AppleWebKit/537.36 (KHTML, like Gecko) Chrome/63.0.3239.84 Safari/537.36"
204.48.19.85 - - [02/Jul/2021:20:57:22 -0400] "POST /wp-cron.php?doing_wp_cron=1625273842.9365730285644531250000 HTTP/1.1" 200 5422 "https://suncoastoutdoor.net/wp-cron.php?doing_wp_cron=1625273842.9365730285644531250000" "WordPress/5.7.2; https://suncoastoutdoor.net"
142.44.246.226 - - [02/Jul/2021:20:57:22 -0400] "GET /wp-login.php HTTP/1.1" 200 7224 "-" "Mozilla/5.0 (X11; Ubuntu; Linux x86_64; rv:62.0) Gecko/20100101 Firefox/62.0"
142.44.246.226 - - [02/Jul/2021:20:57:28 -0400] "POST /wp-login.php HTTP/1.1" 200 7348 "-" "Mozilla/5.0 (X11; Ubuntu; Linux x86_64; rv:62.0) Gecko/20100101 Firefox/62.0"
142.44.246.226 - - [02/Jul/2021:20:57:34 -0400] "GET /wp-login.php HTTP/1.1" 200 7224 "-" "Mozilla/5.0 (X11; Ubuntu; Linux x86_64; rv:62.0) Gecko/20100101 Firefox/62.0"
142.44.246.226 - - [02/Jul/2021:20:57:39 -0400] "POST /wp-login.php HTTP/1.1" 200 7325 "-" "Mozilla/5.0 (X11; Ubuntu; Linux x86_64; rv:62.0) Gecko/20100101 Firefox/62.0"
142.44.246.226 - - [02/Jul/2021:20:57:46 -0400] "POST /xmlrpc.php HTTP/1.1" 200 4979 "-" "Mozilla/5.0 (X11; Ubuntu; Linux x86_64; rv:62.0) Gecko/20100101 Firefox/62.0"
204.48.19.85 - - [02/Jul/2021:20:58:08 -0400] "POST /wp-cron.php?doing_wp_cron=1625273888.6547338962554931640625 HTTP/1.1" 200 5454 "https://suncoastoutdoor.net/wp-cron.php?doing_wp_cron=1625273888.6547338962554931640625" "WordPress/5.7.2; https://suncoastoutdoor.net"
91.76.171.152 - - [02/Jul/2021:20:58:08 -0400] "GET /index.php/contact/ HTTP/1.0" 200 66856 "https://suncoastoutdoor.net/index.php/contact/" "Mozilla/5.0 (Windows NT 6.3; WOW64) AppleWebKit/537.36 (KHTML, like Gecko) Chrome/83.0.4103.61 Safari/537.36"
91.76.171.152 - - [02/Jul/2021:20:58:09 -0400] "POST /index.php/contact/ HTTP/1.0" 200 66978 "https://suncoastoutdoor.net/index.php/contact/" "Mozilla/5.0 (Windows NT 6.3; WOW64) AppleWebKit/537.36 (KHTML, like Gecko) Chrome/83.0.4103.61 Safari/537.36"
204.48.19.85 - - [02/Jul/2021:21:02:25 -0400] "POST /wp-cron.php?doing_wp_cron=1625274145.1711599826812744140625 HTTP/1.1" 200 5438 "https://suncoastoutdoor.net/wp-cron.php?doing_wp_cron=1625274145.1711599826812744140625" "WordPress/5.7.2; https://suncoastoutdoor.net"
103.3.245.113 - - [02/Jul/2021:21:02:24 -0400] "POST /wp-login.php HTTP/1.1" 200 8051 "-" "Mozilla/5.0 (Windows NT 10.0; Win64; x64) AppleWebKit/537.36 (KHTML, like Gecko) Chrome/54.0.2840.99 Safari/537.36"
204.48.19.85 - - [02/Jul/2021:21:20:58 -0400] "POST /wp-cron.php?doing_wp_cron=1625275258.0411159992218017578125 HTTP/1.1" 200 5422 "https://suncoastoutdoor.net/wp-cron.php?doing_wp_cron=1625275258.0411159992218017578125" "WordPress/5.7.2; https://suncoastoutdoor.net"
83.103.131.76 - - [02/Jul/2021:21:20:57 -0400] "GET /wp-login.php HTTP/1.1" 200 7224 "-" "Mozilla/5.0 (X11; Ubuntu; Linux x86_64; rv:62.0) Gecko/20100101 Firefox/62.0"
83.103.131.76 - - [02/Jul/2021:21:21:01 -0400] "POST /wp-login.php HTTP/1.1" 200 7348 "-" "Mozilla/5.0 (X11; Ubuntu; Linux x86_64; rv:62.0) Gecko/20100101 Firefox/62.0"
83.103.131.76 - - [02/Jul/2021:21:21:03 -0400] "GET /wp-login.php HTTP/1.1" 200 7224 "-" "Mozilla/5.0 (X11; Ubuntu; Linux x86_64; rv:62.0) Gecko/20100101 Firefox/62.0"
83.103.131.76 - - [02/Jul/2021:21:21:06 -0400] "POST /wp-login.php HTTP/1.1" 200 7325 "-" "Mozilla/5.0 (X11; Ubuntu; Linux x86_64; rv:62.0) Gecko/20100101 Firefox/62.0"
83.103.131.76 - - [02/Jul/2021:21:21:08 -0400] "POST /xmlrpc.php HTTP/1.1" 200 4979 "-" "Mozilla/5.0 (X11; Ubuntu; Linux x86_64; rv:62.0) Gecko/20100101 Firefox/62.0"
89.161.250.173 - - [02/Jul/2021:21:23:52 -0400] "GET /wp-content/admin.php HTTP/1.1" 301 570 "http://simplesite.com" "Mozilla/5.0 (Windows; U; Windows NT 5.1; en-US) AppleWebKit/533.4 (KHTML, like Gecko) Chrome/5.0.375.99 Safari/533.4"
89.161.250.173 - - [02/Jul/2021:21:23:53 -0400] "GET /wp-content/admin.php HTTP/1.1" 404 5731 "http://suncoastoutdoor.net/wp-content/admin.php" "Mozilla/5.0 (Windows; U; Windows NT 5.1; en-US) AppleWebKit/533.4 (KHTML, like Gecko) Chrome/5.0.375.99 Safari/533.4"
204.48.19.85 - - [02/Jul/2021:21:30:30 -0400] "POST /wp-cron.php?doing_wp_cron=1625275830.1563150882720947265625 HTTP/1.1" 200 5438 "https://suncoastoutdoor.net/wp-cron.php?doing_wp_cron=1625275830.1563150882720947265625" "WordPress/5.7.2; https://suncoastoutdoor.net"
157.90.246.104 - - [02/Jul/2021:21:30:29 -0400] "POST /wp-login.php HTTP/1.1" 200 8053 "-" "Mozilla/5.0 (Windows NT 6.3; Win64; x64) AppleWebKit/537.36 (KHTML, like Gecko) Chrome/68.0.3440.106 Safari/537.36"
137.74.76.179 - - [02/Jul/2021:21:35:25 -0400] "GET /wp-content/themes/twentyfive/include.php HTTP/1.1" 404 5088 "-" "Mozilla/4.0 (compatible; MSIE 6.0; Windows NT 5.1; SV1)"
204.48.19.85 - - [02/Jul/2021:21:41:53 -0400] "POST /wp-cron.php?doing_wp_cron=1625276513.5134909152984619140625 HTTP/1.1" 200 5422 "https://suncoastoutdoor.net/wp-cron.php?doing_wp_cron=1625276513.5134909152984619140625" "WordPress/5.7.2; https://suncoastoutdoor.net"
162.55.53.198 - - [02/Jul/2021:21:41:53 -0400] "POST /wp-login.php HTTP/1.1" 200 8051 "-" "Mozilla/5.0 (Windows NT 10.0; Win64; x64) AppleWebKit/537.36 (KHTML, like Gecko) Chrome/86.0.4240.193 Safari/537.36"
204.48.19.85 - - [02/Jul/2021:21:45:32 -0400] "POST /wp-cron.php?doing_wp_cron=1625276732.6655728816986083984375 HTTP/1.1" 200 5422 "https://suncoastoutdoor.net/wp-cron.php?doing_wp_cron=1625276732.6655728816986083984375" "WordPress/5.7.2; https://suncoastoutdoor.net"
45.55.60.110 - - [02/Jul/2021:21:45:32 -0400] "GET /wp-login.php HTTP/1.1" 200 7224 "-" "Mozilla/5.0 (X11; Ubuntu; Linux x86_64; rv:62.0) Gecko/20100101 Firefox/62.0"
45.55.60.110 - - [02/Jul/2021:21:45:38 -0400] "POST /wp-login.php HTTP/1.1" 200 7348 "-" "Mozilla/5.0 (X11; Ubuntu; Linux x86_64; rv:62.0) Gecko/20100101 Firefox/62.0"
45.55.60.110 - - [02/Jul/2021:21:45:38 -0400] "GET /wp-login.php HTTP/1.1" 200 7224 "-" "Mozilla/5.0 (X11; Ubuntu; Linux x86_64; rv:62.0) Gecko/20100101 Firefox/62.0"
45.55.60.110 - - [02/Jul/2021:21:45:39 -0400] "POST /wp-login.php HTTP/1.1" 200 7325 "-" "Mozilla/5.0 (X11; Ubuntu; Linux x86_64; rv:62.0) Gecko/20100101 Firefox/62.0"
45.55.60.110 - - [02/Jul/2021:21:45:45 -0400] "POST /xmlrpc.php HTTP/1.1" 200 4979 "-" "Mozilla/5.0 (X11; Ubuntu; Linux x86_64; rv:62.0) Gecko/20100101 Firefox/62.0"
204.48.19.85 - - [02/Jul/2021:21:57:59 -0400] "POST /wp-cron.php?doing_wp_cron=1625277479.2914021015167236328125 HTTP/1.1" 200 5422 "https://suncoastoutdoor.net/wp-cron.php?doing_wp_cron=1625277479.2914021015167236328125" "WordPress/5.7.2; https://suncoastoutdoor.net"
128.199.21.230 - - [02/Jul/2021:21:57:58 -0400] "POST /wp-login.php HTTP/1.1" 200 8053 "-" "Mozilla/5.0 (Windows NT 6.1) AppleWebKit/537.36 (KHTML, like Gecko) Chrome/70.0.3538.102 Safari/537.36"
204.48.19.85 - - [02/Jul/2021:22:05:36 -0400] "POST /wp-cron.php?doing_wp_cron=1625277936.6013960838317871093750 HTTP/1.1" 200 5438 "https://suncoastoutdoor.net/wp-cron.php?doing_wp_cron=1625277936.6013960838317871093750" "WordPress/5.7.2; https://suncoastoutdoor.net"
103.3.245.113 - - [02/Jul/2021:22:05:36 -0400] "POST /wp-login.php HTTP/1.1" 200 8051 "-" "Mozilla/5.0 (Windows NT 10.0; Win64; x64) AppleWebKit/537.36 (KHTML, like Gecko) Chrome/60.0.3112.101 Safari/537.36"
204.48.19.85 - - [02/Jul/2021:22:09:57 -0400] "POST /wp-cron.php?doing_wp_cron=1625278197.3538138866424560546875 HTTP/1.1" 200 5422 "https://suncoastoutdoor.net/wp-cron.php?doing_wp_cron=1625278197.3538138866424560546875" "WordPress/5.7.2; https://suncoastoutdoor.net"
165.227.206.42 - - [02/Jul/2021:22:09:56 -0400] "GET /wp-login.php HTTP/1.1" 200 7224 "-" "Mozilla/5.0 (X11; Ubuntu; Linux x86_64; rv:62.0) Gecko/20100101 Firefox/62.0"
165.227.206.42 - - [02/Jul/2021:22:10:02 -0400] "POST /wp-login.php HTTP/1.1" 200 7348 "-" "Mozilla/5.0 (X11; Ubuntu; Linux x86_64; rv:62.0) Gecko/20100101 Firefox/62.0"
165.227.206.42 - - [02/Jul/2021:22:10:08 -0400] "GET /wp-login.php HTTP/1.1" 200 7224 "-" "Mozilla/5.0 (X11; Ubuntu; Linux x86_64; rv:62.0) Gecko/20100101 Firefox/62.0"
165.227.206.42 - - [02/Jul/2021:22:10:08 -0400] "POST /wp-login.php HTTP/1.1" 200 7350 "-" "Mozilla/5.0 (X11; Ubuntu; Linux x86_64; rv:62.0) Gecko/20100101 Firefox/62.0"
165.227.206.42 - - [02/Jul/2021:22:10:14 -0400] "POST /xmlrpc.php HTTP/1.1" 200 4979 "-" "Mozilla/5.0 (X11; Ubuntu; Linux x86_64; rv:62.0) Gecko/20100101 Firefox/62.0"
204.48.19.85 - - [02/Jul/2021:22:16:32 -0400] "POST /wp-cron.php?doing_wp_cron=1625278592.8219239711761474609375 HTTP/1.1" 200 5422 "https://suncoastoutdoor.net/wp-cron.php?doing_wp_cron=1625278592.8219239711761474609375" "WordPress/5.7.2; https://suncoastoutdoor.net"
194.247.179.164 - - [02/Jul/2021:22:16:32 -0400] "POST /wp-login.php HTTP/1.1" 200 8053 "-" "Mozilla/5.0 (Windows NT 6.1; WOW64) AppleWebKit/537.36 (KHTML, like Gecko) Chrome/48.0.2564.116 Safari/537.36"
204.48.19.85 - - [02/Jul/2021:22:26:59 -0400] "POST /wp-cron.php?doing_wp_cron=1625279219.4096450805664062500000 HTTP/1.1" 200 5454 "https://suncoastoutdoor.net/wp-cron.php?doing_wp_cron=1625279219.4096450805664062500000" "WordPress/5.7.2; https://suncoastoutdoor.net"
78.47.201.143 - - [02/Jul/2021:22:26:58 -0400] "POST /wp-login.php HTTP/1.1" 200 8051 "-" "Mozilla/5.0 (Windows NT 6.1; Win64; x64) AppleWebKit/537.36 (KHTML, like Gecko) Chrome/80.0.3987.106 Safari/537.36"
185.191.34.215 - - [02/Jul/2021:22:29:40 -0400] "POST /meniacle/wp-blog-header.php HTTP/1.1" 404 5771 "-" "Mozilla/5.0 (Windows NT 10.0; Win64; x64; rv:66.0) Gecko/20100101 Firefox/66.0"
204.48.19.85 - - [02/Jul/2021:22:36:17 -0400] "POST /wp-cron.php?doing_wp_cron=1625279777.5505659580230712890625 HTTP/1.1" 200 5454 "https://suncoastoutdoor.net/wp-cron.php?doing_wp_cron=1625279777.5505659580230712890625" "WordPress/5.7.2; https://suncoastoutdoor.net"
108.163.132.249 - - [02/Jul/2021:22:36:17 -0400] "GET /wp-login.php HTTP/1.1" 200 7224 "-" "Mozilla/5.0 (X11; Ubuntu; Linux x86_64; rv:62.0) Gecko/20100101 Firefox/62.0"
108.163.132.249 - - [02/Jul/2021:22:36:18 -0400] "POST /wp-login.php HTTP/1.1" 200 7348 "-" "Mozilla/5.0 (X11; Ubuntu; Linux x86_64; rv:62.0) Gecko/20100101 Firefox/62.0"
108.163.132.249 - - [02/Jul/2021:22:36:23 -0400] "GET /wp-login.php HTTP/1.1" 200 7224 "-" "Mozilla/5.0 (X11; Ubuntu; Linux x86_64; rv:62.0) Gecko/20100101 Firefox/62.0"
108.163.132.249 - - [02/Jul/2021:22:36:24 -0400] "POST /wp-login.php HTTP/1.1" 200 7350 "-" "Mozilla/5.0 (X11; Ubuntu; Linux x86_64; rv:62.0) Gecko/20100101 Firefox/62.0"
108.163.132.249 - - [02/Jul/2021:22:36:24 -0400] "POST /xmlrpc.php HTTP/1.1" 200 4979 "-" "Mozilla/5.0 (X11; Ubuntu; Linux x86_64; rv:62.0) Gecko/20100101 Firefox/62.0"
204.48.19.85 - - [02/Jul/2021:23:01:35 -0400] "POST /wp-cron.php?doing_wp_cron=1625281295.4945259094238281250000 HTTP/1.1" 200 5438 "https://suncoastoutdoor.net/wp-cron.php?doing_wp_cron=1625281295.4945259094238281250000" "WordPress/5.7.2; https://suncoastoutdoor.net"
116.62.49.96 - - [02/Jul/2021:23:01:34 -0400] "POST /wp-login.php HTTP/1.1" 200 8053 "-" "Mozilla/5.0 (Windows NT 6.1; Win64; x64) AppleWebKit/537.36 (KHTML, like Gecko) Chrome/79.0.3945.117 Safari/537.36"
204.48.19.85 - - [02/Jul/2021:23:02:10 -0400] "POST /wp-cron.php?doing_wp_cron=1625281330.2564740180969238281250 HTTP/1.1" 200 5438 "https://suncoastoutdoor.net/wp-cron.php?doing_wp_cron=1625281330.2564740180969238281250" "WordPress/5.7.2; https://suncoastoutdoor.net"
81.88.52.172 - - [02/Jul/2021:23:02:09 -0400] "POST /wp-login.php HTTP/1.1" 200 8053 "-" "Mozilla/5.0 (Windows NT 6.1; Win64; x64) AppleWebKit/537.36 (KHTML, like Gecko) Chrome/60.0.3112.113 Safari/537.36"
178.128.51.162 - - [02/Jul/2021:23:02:12 -0400] "GET /wp-login.php HTTP/1.1" 200 7224 "-" "Mozilla/5.0 (X11; Ubuntu; Linux x86_64; rv:62.0) Gecko/20100101 Firefox/62.0"
178.128.51.162 - - [02/Jul/2021:23:02:15 -0400] "POST /wp-login.php HTTP/1.1" 200 7348 "-" "Mozilla/5.0 (X11; Ubuntu; Linux x86_64; rv:62.0) Gecko/20100101 Firefox/62.0"
178.128.51.162 - - [02/Jul/2021:23:02:17 -0400] "GET /wp-login.php HTTP/1.1" 200 7224 "-" "Mozilla/5.0 (X11; Ubuntu; Linux x86_64; rv:62.0) Gecko/20100101 Firefox/62.0"
178.128.51.162 - - [02/Jul/2021:23:02:19 -0400] "POST /wp-login.php HTTP/1.1" 200 7350 "-" "Mozilla/5.0 (X11; Ubuntu; Linux x86_64; rv:62.0) Gecko/20100101 Firefox/62.0"
178.128.51.162 - - [02/Jul/2021:23:02:22 -0400] "POST /xmlrpc.php HTTP/1.1" 200 4979 "-" "Mozilla/5.0 (X11; Ubuntu; Linux x86_64; rv:62.0) Gecko/20100101 Firefox/62.0"
204.48.19.85 - - [02/Jul/2021:23:09:20 -0400] "POST /wp-cron.php?doing_wp_cron=1625281760.0692839622497558593750 HTTP/1.1" 200 5454 "https://suncoastoutdoor.net/wp-cron.php?doing_wp_cron=1625281760.0692839622497558593750" "WordPress/5.7.2; https://suncoastoutdoor.net"
157.245.218.180 - - [02/Jul/2021:23:09:19 -0400] "POST /wp-login.php HTTP/1.1" 200 8051 "-" "Mozilla/5.0 (Windows NT 6.1; Win64; x64) AppleWebKit/537.36 (KHTML, like Gecko) Chrome/81.0.4044.122 Safari/537.36"
204.48.19.85 - - [02/Jul/2021:23:11:54 -0400] "POST /wp-cron.php?doing_wp_cron=1625281914.9613931179046630859375 HTTP/1.1" 200 5438 "https://suncoastoutdoor.net/wp-cron.php?doing_wp_cron=1625281914.9613931179046630859375" "WordPress/5.7.2; https://suncoastoutdoor.net"
103.147.47.202 - - [02/Jul/2021:23:11:54 -0400] "POST /wp-login.php HTTP/1.1" 200 8051 "-" "Mozilla/5.0 (Windows NT 6.1; WOW64) AppleWebKit/537.36 (KHTML, like Gecko) Chrome/46.0.2490.86 Safari/537.36"
204.48.19.85 - - [02/Jul/2021:23:25:57 -0400] "GET / HTTP/1.1" 200 22705 "https://suncoastoutdoor.net/" "WordPress/5.7.2; https://suncoastoutdoor.net"
204.48.19.85 - - [02/Jul/2021:23:25:56 -0400] "POST /wp-cron.php?doing_wp_cron=1625282756.8722920417785644531250 HTTP/1.1" 200 5454 "https://suncoastoutdoor.net/wp-cron.php?doing_wp_cron=1625282756.8722920417785644531250" "WordPress/5.7.2; https://suncoastoutdoor.net"
143.198.30.100 - - [02/Jul/2021:23:25:56 -0400] "GET /wp-login.php HTTP/1.1" 200 7224 "-" "Mozilla/5.0 (X11; Ubuntu; Linux x86_64; rv:62.0) Gecko/20100101 Firefox/62.0"
143.198.30.100 - - [02/Jul/2021:23:26:02 -0400] "POST /wp-login.php HTTP/1.1" 200 7348 "-" "Mozilla/5.0 (X11; Ubuntu; Linux x86_64; rv:62.0) Gecko/20100101 Firefox/62.0"
143.198.30.100 - - [02/Jul/2021:23:26:03 -0400] "GET /wp-login.php HTTP/1.1" 200 7224 "-" "Mozilla/5.0 (X11; Ubuntu; Linux x86_64; rv:62.0) Gecko/20100101 Firefox/62.0"
143.198.30.100 - - [02/Jul/2021:23:26:03 -0400] "POST /wp-login.php HTTP/1.1" 200 7325 "-" "Mozilla/5.0 (X11; Ubuntu; Linux x86_64; rv:62.0) Gecko/20100101 Firefox/62.0"
143.198.30.100 - - [02/Jul/2021:23:26:04 -0400] "POST /xmlrpc.php HTTP/1.1" 200 4979 "-" "Mozilla/5.0 (X11; Ubuntu; Linux x86_64; rv:62.0) Gecko/20100101 Firefox/62.0"
204.48.19.85 - - [02/Jul/2021:23:33:26 -0400] "POST /wp-cron.php?doing_wp_cron=1625283206.5973548889160156250000 HTTP/1.1" 200 5438 "https://suncoastoutdoor.net/wp-cron.php?doing_wp_cron=1625283206.5973548889160156250000" "WordPress/5.7.2; https://suncoastoutdoor.net"
34.221.228.211 - - [02/Jul/2021:23:33:26 -0400] "GET / HTTP/1.1" 200 22656 "-" "Mozilla/5.0 (X11; Linux x86_64) AppleWebKit/537.36 (KHTML, like Gecko) Chrome/83.0.4103.97 Safari/537.36"
52.13.81.201 - - [02/Jul/2021:23:33:41 -0400] "GET /favicon.ico HTTP/1.1" 404 5684 "-" "Mozilla/5.0 (X11; Linux x86_64) AppleWebKit/537.36 (KHTML, like Gecko) Chrome/83.0.4103.97 Safari/537.36"
52.13.81.201 - - [02/Jul/2021:23:33:46 -0400] "GET / HTTP/1.1" 200 22655 "-" "Mozilla/5.0 (X11; Linux x86_64) AppleWebKit/537.36 (KHTML, like Gecko) Chrome/83.0.4103.97 Safari/537.36"
204.48.19.85 - - [02/Jul/2021:23:49:12 -0400] "POST /wp-cron.php?doing_wp_cron=1625284152.2159829139709472656250 HTTP/1.1" 200 5422 "https://suncoastoutdoor.net/wp-cron.php?doing_wp_cron=1625284152.2159829139709472656250" "WordPress/5.7.2; https://suncoastoutdoor.net"
2.59.117.55 - - [02/Jul/2021:23:49:11 -0400] "POST /wp-login.php HTTP/1.1" 200 8053 "-" "Mozilla/5.0 (Windows NT 10.0; Win64; x64) AppleWebKit/537.36 (KHTML, like Gecko) Chrome/64.0.3282.167 Safari/537.36"
204.48.19.85 - - [02/Jul/2021:23:53:53 -0400] "POST /wp-cron.php?doing_wp_cron=1625284433.6926829814910888671875 HTTP/1.1" 200 5438 "https://suncoastoutdoor.net/wp-cron.php?doing_wp_cron=1625284433.6926829814910888671875" "WordPress/5.7.2; https://suncoastoutdoor.net"
157.245.107.81 - - [02/Jul/2021:23:53:52 -0400] "GET /wp-login.php HTTP/1.1" 200 7224 "-" "Mozilla/5.0 (X11; Ubuntu; Linux x86_64; rv:62.0) Gecko/20100101 Firefox/62.0"
157.245.107.81 - - [02/Jul/2021:23:53:55 -0400] "POST /wp-login.php HTTP/1.1" 200 7348 "-" "Mozilla/5.0 (X11; Ubuntu; Linux x86_64; rv:62.0) Gecko/20100101 Firefox/62.0"
157.245.107.81 - - [02/Jul/2021:23:53:57 -0400] "GET /wp-login.php HTTP/1.1" 200 7224 "-" "Mozilla/5.0 (X11; Ubuntu; Linux x86_64; rv:62.0) Gecko/20100101 Firefox/62.0"
157.245.107.81 - - [02/Jul/2021:23:54:01 -0400] "POST /wp-login.php HTTP/1.1" 200 7325 "-" "Mozilla/5.0 (X11; Ubuntu; Linux x86_64; rv:62.0) Gecko/20100101 Firefox/62.0"
157.245.107.81 - - [02/Jul/2021:23:54:05 -0400] "POST /xmlrpc.php HTTP/1.1" 200 4979 "-" "Mozilla/5.0 (X11; Ubuntu; Linux x86_64; rv:62.0) Gecko/20100101 Firefox/62.0"
