52.13.22.122 - - [10/Jul/2021:20:18:55 -0400] "GET /wp-content/themes/Avada/includes/lib/assets/min/js/library/jquery.mousewheel.js?ver=3.0.6 HTTP/1.1" 200 7284 "-" "Mozilla/5.0 (Windows NT 6.3; Win64; x64) AppleWebKit/537.36 (KHTML, like Gecko) Chrome/37.0.2049.0 Safari/537.36"
34.223.224.115 - - [10/Jul/2021:20:18:57 -0400] "GET /wp-content/plugins/revslider/public/assets/js/rs6.min.js?ver=6.3.3 HTTP/1.1" 200 92235 "-" "Mozilla/5.0 (Windows NT 6.1) AppleWebKit/537.36 (KHTML, like Gecko) Chrome/41.0.2228.0 Safari/537.36"
54.185.10.136 - - [10/Jul/2021:20:18:59 -0400] "GET /wp-content/plugins/revslider/public/assets/js/rbtools.min.js?ver=6.3.3 HTTP/1.1" 200 52468 "-" "Mozilla/5.0 (compatible, MSIE 11, Windows NT 6.3; Trident/7.0; rv:11.0) like Gecko"
34.215.147.141 - - [10/Jul/2021:20:19:00 -0400] "GET /wp-includes/js/dist/i18n.min.js?ver=db9a9a37da262883343e941c3731bc67 HTTP/1.1" 200 4399 "-" "Mozilla/5.0 (Windows NT 6.1; WOW64; rv:50.0) Gecko/20100101 Firefox/50.0"
54.185.10.136 - - [10/Jul/2021:20:19:01 -0400] "GET /wp-content/themes/Avada/assets/min/js/general/avada-select.js?ver=7.2.1 HTTP/1.1" 200 795 "-" "Opera/9.80 (Windows NT 6.2; Win64; x64) Presto/2.12 Version/12.16"
34.215.148.78 - - [10/Jul/2021:20:19:02 -0400] "GET /wp-content/themes/Avada/assets/min/js/general/avada-tabs-widget.js?ver=7.2.1 HTTP/1.1" 200 742 "-" "Opera/12.0(Windows NT 5.1;U;en)Presto/22.9.168 Version/12.00"
34.223.224.115 - - [10/Jul/2021:20:19:03 -0400] "GET /wp-content/themes/Avada/includes/lib/assets/min/js/general/fusion-tooltip.js?ver=1 HTTP/1.1" 200 976 "-" "Mozilla/5.0 (Windows NT 6.1; WOW64; rv:50.0) Gecko/20100101 Firefox/50.0"
34.221.94.44 - - [10/Jul/2021:20:19:16 -0400] "GET /wp-includes/js/dist/url.min.js?ver=0ac7e0472c46121366e7ce07244be1ac HTTP/1.1" 200 9279 "-" "Opera/12.0(Windows NT 5.1;U;en)Presto/22.9.168 Version/12.00"
18.236.159.212 - - [10/Jul/2021:20:19:17 -0400] "GET /wp-content/themes/Avada/assets/min/js/library/bootstrap.scrollspy.js?ver=3.3.2 HTTP/1.1" 200 7221 "-" "Mozilla/5.0 (Windows NT 6.3; Win64; x64) AppleWebKit/537.36 (KHTML, like Gecko) Chrome/37.0.2049.0 Safari/537.36"
34.220.119.128 - - [10/Jul/2021:20:19:18 -0400] "GET /wp-content/themes/Avada/includes/lib/assets/min/js/library/jquery.flexslider.js?ver=2.7.2 HTTP/1.1" 200 12613 "-" "Mozilla/5.0 (compatible, MSIE 11, Windows NT 6.3; Trident/7.0; rv:11.0) like Gecko"
34.211.209.96 - - [10/Jul/2021:20:19:20 -0400] "GET /wp-content/themes/Avada/includes/lib/assets/min/js/general/fusion-lightbox.js?ver=1 HTTP/1.1" 200 8332 "-" "Mozilla/5.0 (Windows NT 6.3; rv:36.0) Gecko/20100101 Firefox/36.0"
34.211.209.96 - - [10/Jul/2021:20:19:21 -0400] "GET /wp-includes/js/dist/api-fetch.min.js?ver=a783d1f442d2abefc7d6dbd156a44561 HTTP/1.1" 200 4016 "-" "Mozilla/5.0 (Windows NT 6.3; rv:36.0) Gecko/20100101 Firefox/36.0"
34.221.94.44 - - [10/Jul/2021:20:19:21 -0400] "GET /wp-includes/js/dist/hooks.min.js?ver=50e23bed88bcb9e6e14023e9961698c1 HTTP/1.1" 200 2848 "-" "Mozilla/5.0 (Windows NT 6.3; Win64; x64) AppleWebKit/537.36 (KHTML, like Gecko) Chrome/37.0.2049.0 Safari/537.36"
34.220.119.128 - - [10/Jul/2021:20:19:21 -0400] "GET /wp-content/themes/Avada/includes/lib/assets/min/js/library/jquery.fitvids.js?ver=1.1 HTTP/1.1" 200 1271 "-" "Mozilla/5.0 (Windows NT 6.1) AppleWebKit/537.36 (KHTML, like Gecko) Chrome/41.0.2228.0 Safari/537.36"
54.71.31.3 - - [10/Jul/2021:20:19:22 -0400] "GET /wp-content/themes/Avada/includes/lib/assets/min/js/general/fusion-general-global.js?ver=1 HTTP/1.1" 200 6400 "-" "Mozilla/5.0 (compatible, MSIE 11, Windows NT 6.3; Trident/7.0; rv:11.0) like Gecko"
34.221.94.44 - - [10/Jul/2021:20:19:22 -0400] "GET /wp-includes/js/dist/vendor/wp-polyfill.min.js?ver=7.4.4 HTTP/1.1" 200 34902 "-" "Opera/12.0(Windows NT 5.1;U;en)Presto/22.9.168 Version/12.00"
34.220.119.128 - - [10/Jul/2021:20:19:23 -0400] "GET /wp-content/themes/Avada/includes/lib/assets/min/js/general/fusion-waypoints.js?ver=1 HTTP/1.1" 200 770 "-" "Mozilla/5.0 (Windows NT 5.1) AppleWebKit/537.11 (KHTML like Gecko) Chrome/23.0.1271.95 Safari/537.11"
54.71.31.3 - - [10/Jul/2021:20:19:23 -0400] "GET /wp-content/themes/Avada/includes/lib/assets/min/js/library/jquery.fade.js?ver=1 HTTP/1.1" 200 920 "-" "Mozilla/5.0 (compatible, MSIE 11, Windows NT 6.3; Trident/7.0; rv:11.0) like Gecko"
34.219.120.196 - - [10/Jul/2021:20:19:27 -0400] "GET /wp-content/themes/Avada/includes/lib/assets/min/js/library/jquery.placeholder.js?ver=2.0.7 HTTP/1.1" 200 7004 "-" "Opera/9.80 (Windows NT 6.2; Win64; x64) Presto/2.12 Version/12.16"
54.185.58.226 - - [10/Jul/2021:20:19:27 -0400] "GET /wp-content/themes/Avada/includes/lib/assets/min/js/library/vimeoPlayer.js?ver=2.2.1 HTTP/1.1" 200 11534 "-" "Mozilla/5.0 (compatible, MSIE 11, Windows NT 6.3; Trident/7.0; rv:11.0) like Gecko"
54.68.231.183 - - [10/Jul/2021:20:19:28 -0400] "GET /wp-content/themes/Avada/includes/lib/assets/min/js/library/modernizr.js?ver=3.3.1 HTTP/1.1" 200 11301 "-" "Mozilla/5.0 (Macintosh; Intel Mac OS X 10_9_3) AppleWebKit/537.75.14 (KHTML, like Gecko) Version/7.0.3 Safari/7046A194A"
34.219.120.196 - - [10/Jul/2021:20:19:28 -0400] "GET /wp-includes/js/jquery/jquery.min.js?ver=3.5.1 HTTP/1.1" 200 31548 "-" "Mozilla/5.0 (Windows NT 6.3; rv:36.0) Gecko/20100101 Firefox/36.0"
34.215.208.20 - - [10/Jul/2021:20:19:29 -0400] "GET /wp-content/themes/Avada/assets/min/js/general/avada-skip-link-focus-fix.js?ver=7.2.1 HTTP/1.1" 200 6397 "-" "Opera/9.80 (Windows NT 6.2; Win64; x64) Presto/2.12 Version/12.16"
34.219.120.196 - - [10/Jul/2021:20:19:30 -0400] "GET /wp-content/themes/Avada/includes/lib/assets/min/js/library/jquery.sticky-kit.js?ver=1.1.2 HTTP/1.1" 200 2490 "-" "Mozilla/5.0 (compatible, MSIE 11, Windows NT 6.3; Trident/7.0; rv:11.0) like Gecko"
34.219.120.196 - - [10/Jul/2021:20:19:31 -0400] "GET /wp-content/plugins/fusion-builder/assets/js/min/library/jquery.textillate.js?ver=2.0 HTTP/1.1" 200 2713 "-" "Mozilla/5.0 (Windows NT 5.1) AppleWebKit/537.11 (KHTML like Gecko) Chrome/23.0.1271.95 Safari/537.11"
54.185.58.226 - - [10/Jul/2021:20:19:32 -0400] "GET /wp-content/plugins/fusion-builder/assets/js/min/general/fusion-title.js?ver=5.7.2 HTTP/1.1" 200 2062 "-" "Mozilla/5.0 (Windows NT 5.1) AppleWebKit/537.11 (KHTML like Gecko) Chrome/23.0.1271.95 Safari/537.11"
34.219.120.196 - - [10/Jul/2021:20:19:32 -0400] "GET /wp-includes/js/jquery/jquery-migrate.min.js?ver=3.3.2 HTTP/1.1" 200 4712 "-" "Mozilla/5.0 (compatible; MSIE 10.0; Windows NT 6.1; WOW64; Trident/6.0)"
54.68.231.183 - - [10/Jul/2021:20:19:32 -0400] "GET /wp-content/plugins/fusion-builder/assets/js/min/general/fusion-column-bg-image.js?ver=1 HTTP/1.1" 200 1241 "-" "Mozilla/5.0 (compatible, MSIE 11, Windows NT 6.3; Trident/7.0; rv:11.0) like Gecko"
54.68.231.183 - - [10/Jul/2021:20:19:33 -0400] "GET /wp-content/themes/Avada/assets/min/js/general/avada-scrollspy.js?ver=7.2.1 HTTP/1.1" 200 814 "-" "Mozilla/5.0 (compatible, MSIE 11, Windows NT 6.3; Trident/7.0; rv:11.0) like Gecko"
54.185.58.226 - - [10/Jul/2021:20:19:35 -0400] "GET /wp-content/plugins/fusion-core/js/min/fusion-vertical-menu-widget.js?ver=5.2.1 HTTP/1.1" 200 944 "-" "Opera/12.0(Windows NT 5.1;U;en)Presto/22.9.168 Version/12.00"
54.68.231.183 - - [10/Jul/2021:20:19:40 -0400] "GET /wp-content/themes/Avada/assets/min/js/general/avada-sidebars.js?ver=7.2.1 HTTP/1.1" 200 1314 "-" "Opera/12.0(Windows NT 5.1;U;en)Presto/22.9.168 Version/12.00"
54.186.147.176 - - [10/Jul/2021:20:21:17 -0400] "GET /wp-content/themes/Avada/includes/lib/assets/min/js/library/cssua.js?ver=2.1.28 HTTP/1.1" 200 7654 "-" "Mozilla/5.0 (Windows NT 6.1) AppleWebKit/537.36 (KHTML, like Gecko) Chrome/41.0.2228.0 Safari/537.36"
52.12.82.98 - - [10/Jul/2021:20:21:18 -0400] "GET /wp-content/themes/Avada/includes/lib/assets/min/js/general/fusion-scroll-to-anchor.js?ver=1 HTTP/1.1" 200 7879 "-" "Opera/9.80 (Windows NT 6.2; Win64; x64) Presto/2.12 Version/12.16"
54.186.147.176 - - [10/Jul/2021:20:21:18 -0400] "GET /wp-content/themes/Avada/includes/lib/assets/min/js/library/fusion-video-general.js?ver=1 HTTP/1.1" 200 2515 "-" "Opera/9.80 (Windows NT 6.2; Win64; x64) Presto/2.12 Version/12.16"
54.186.147.176 - - [10/Jul/2021:20:21:19 -0400] "GET /wp-content/themes/Avada/includes/lib/assets/min/js/general/fusion.js?ver=3.2.1 HTTP/1.1" 200 1777 "-" "Opera/12.0(Windows NT 5.1;U;en)Presto/22.9.168 Version/12.00"
18.236.159.212 - - [10/Jul/2021:20:21:19 -0400] "GET /wp-content/themes/Avada/includes/lib/assets/min/js/general/fusion-alert.js?ver=5.7.2 HTTP/1.1" 200 678 "-" "Mozilla/5.0 (Windows NT 6.1; WOW64; rv:50.0) Gecko/20100101 Firefox/50.0"
34.219.153.2 - - [10/Jul/2021:20:21:20 -0400] "GET /wp-content/themes/Avada/assets/min/js/general/avada-menu.js?ver=7.2.1 HTTP/1.1" 200 13071 "-" "Mozilla/5.0 (Windows NT 6.1; WOW64; rv:50.0) Gecko/20100101 Firefox/50.0"
54.186.147.176 - - [10/Jul/2021:20:21:20 -0400] "GET /wp-content/themes/Avada/includes/lib/assets/min/js/library/fusion-video-bg.js?ver=1 HTTP/1.1" 200 2531 "-" "Mozilla/5.0 (Windows NT 6.1) AppleWebKit/537.36 (KHTML, like Gecko) Chrome/41.0.2228.0 Safari/537.36"
54.191.171.243 - - [10/Jul/2021:20:21:21 -0400] "GET /wp-content/themes/Avada/includes/lib/assets/min/js/general/fusion-button.js?ver=5.7.2 HTTP/1.1" 200 6328 "-" "Opera/12.0(Windows NT 5.1;U;en)Presto/22.9.168 Version/12.00"
34.222.121.148 - - [10/Jul/2021:20:21:21 -0400] "GET /wp-content/themes/Avada/includes/lib/assets/min/js/library/jquery.requestAnimationFrame.js?ver=1 HTTP/1.1" 200 6492 "-" "Mozilla/5.0 (compatible, MSIE 11, Windows NT 6.3; Trident/7.0; rv:11.0) like Gecko"
34.222.121.148 - - [10/Jul/2021:20:21:23 -0400] "GET /wp-content/themes/Avada/includes/lib/assets/min/js/library/jquery.easing.js?ver=1.3 HTTP/1.1" 200 1233 "-" "Mozilla/5.0 (Windows NT 5.1) AppleWebKit/537.11 (KHTML like Gecko) Chrome/23.0.1271.95 Safari/537.11"
34.217.211.145 - - [10/Jul/2021:20:21:25 -0400] "GET /wp-content/themes/Avada/assets/min/js/general/avada-header.js?ver=7.2.1 HTTP/1.1" 200 10328 "-" "Mozilla/5.0 (Windows NT 6.3; Win64; x64) AppleWebKit/537.36 (KHTML, like Gecko) Chrome/37.0.2049.0 Safari/537.36"
34.217.215.110 - - [10/Jul/2021:20:21:25 -0400] "GET /wp-content/themes/Avada/assets/min/js/general/avada-general-footer.js?ver=7.2.1 HTTP/1.1" 200 6373 "-" "Mozilla/5.0 (compatible; MSIE 10.0; Windows NT 6.1; WOW64; Trident/6.0)"
54.213.147.63 - - [10/Jul/2021:20:21:25 -0400] "GET /wp-content/themes/Avada/assets/min/js/general/avada-drop-down.js?ver=7.2.1 HTTP/1.1" 200 7264 "-" "Opera/9.80 (Windows NT 6.2; Win64; x64) Presto/2.12 Version/12.16"
34.217.215.110 - - [10/Jul/2021:20:21:26 -0400] "GET /wp-content/themes/Avada/assets/min/js/general/avada-quantity.js?ver=7.2.1 HTTP/1.1" 200 1245 "-" "Mozilla/5.0 (Windows NT 6.1) AppleWebKit/537.36 (KHTML, like Gecko) Chrome/41.0.2228.0 Safari/537.36"
52.13.23.100 - - [10/Jul/2021:20:21:26 -0400] "GET /wp-content/themes/Avada/includes/lib/assets/min/js/general/fusion-responsive-typography.js?ver=1 HTTP/1.1" 200 7224 "-" "Mozilla/5.0 (Windows NT 5.1) AppleWebKit/537.11 (KHTML like Gecko) Chrome/23.0.1271.95 Safari/537.11"
34.217.215.110 - - [10/Jul/2021:20:21:27 -0400] "GET /wp-content/themes/Avada/includes/lib/assets/min/js/general/fusion-flexslider.js?ver=5.7.2 HTTP/1.1" 200 1791 "-" "Mozilla/5.0 (Windows NT 6.1; WOW64; rv:50.0) Gecko/20100101 Firefox/50.0"
52.13.23.100 - - [10/Jul/2021:20:21:28 -0400] "GET /wp-content/themes/Avada/assets/min/js/general/avada-live-search.js?ver=7.2.1 HTTP/1.1" 200 1523 "-" "Mozilla/5.0 (Windows NT 6.1) AppleWebKit/537.36 (KHTML, like Gecko) Chrome/41.0.2228.0 Safari/537.36"
34.217.215.110 - - [10/Jul/2021:20:21:29 -0400] "GET /wp-content/plugins/fusion-builder/assets/js/min/general/fusion-video.js?ver=1 HTTP/1.1" 200 1158 "-" "Mozilla/5.0 (compatible; MSIE 10.0; Windows NT 6.1; WOW64; Trident/6.0)"
34.217.215.110 - - [10/Jul/2021:20:21:33 -0400] "GET /wp-content/plugins/fusion-builder/assets/js/min/general/fusion-column.js?ver=1 HTTP/1.1" 200 1406 "-" "Mozilla/5.0 (Windows NT 6.3; Win64; x64) AppleWebKit/537.36 (KHTML, like Gecko) Chrome/37.0.2049.0 Safari/537.36"
54.190.193.14 - - [10/Jul/2021:20:21:35 -0400] "GET /wp-content/themes/Avada/includes/lib/assets/min/js/library/bootstrap.tooltip.js?ver=3.3.5 HTTP/1.1" 200 10046 "-" "Opera/9.80 (Windows NT 6.2; Win64; x64) Presto/2.12 Version/12.16"
54.201.175.31 - - [10/Jul/2021:20:21:35 -0400] "GET /wp-content/themes/Avada/assets/min/js/general/avada-to-top.js?ver=7.2.1 HTTP/1.1" 200 6615 "-" "Opera/9.80 (Windows NT 6.2; Win64; x64) Presto/2.12 Version/12.16"
54.190.193.14 - - [10/Jul/2021:20:21:36 -0400] "GET /wp-content/themes/Avada/includes/lib/assets/min/js/library/jquery.waypoints.js?ver=2.0.3 HTTP/1.1" 200 3149 "-" "Opera/12.0(Windows NT 5.1;U;en)Presto/22.9.168 Version/12.00"
54.68.231.183 - - [10/Jul/2021:20:21:41 -0400] "GET /wp-content/plugins/google-analytics-for-wordpress/assets/js/frontend-gtag.min.js?ver=7.17.0 HTTP/1.1" 200 9016 "-" "Opera/12.0(Windows NT 5.1;U;en)Presto/22.9.168 Version/12.00"
54.213.147.63 - - [10/Jul/2021:20:22:05 -0400] "GET /wp-content/themes/Avada/includes/lib/assets/min/js/library/jquery.hoverflow.js?ver=1 HTTP/1.1" 200 6489 "-" "Mozilla/5.0 (Windows NT 6.3; rv:36.0) Gecko/20100101 Firefox/36.0"
54.213.147.63 - - [10/Jul/2021:20:22:06 -0400] "GET /wp-content/plugins/fusion-builder/assets/js/min/general/fusion-container.js?ver=1 HTTP/1.1" 200 3581 "-" "Mozilla/5.0 (Windows NT 5.1) AppleWebKit/537.11 (KHTML like Gecko) Chrome/23.0.1271.95 Safari/537.11"
54.213.147.63 - - [10/Jul/2021:20:22:07 -0400] "GET /wp-content/plugins/fusion-builder/assets/js/min/general/fusion-animations.js?ver=5.7.2 HTTP/1.1" 200 1101 "-" "Mozilla/5.0 (Windows NT 6.3; Win64; x64) AppleWebKit/537.36 (KHTML, like Gecko) Chrome/37.0.2049.0 Safari/537.36"
54.185.10.136 - - [10/Jul/2021:20:22:08 -0400] "GET /wp-content/themes/Avada/includes/lib/assets/min/js/general/fusion-equal-heights.js?ver=1 HTTP/1.1" 200 6776 "-" "Mozilla/5.0 (Windows NT 6.3; Win64; x64) AppleWebKit/537.36 (KHTML, like Gecko) Chrome/37.0.2049.0 Safari/537.36"
54.189.158.182 - - [10/Jul/2021:20:22:09 -0400] "GET /wp-content/themes/Avada/includes/lib/assets/min/js/library/fusion-parallax.js?ver=1 HTTP/1.1" 200 9070 "-" "Mozilla/5.0 (Windows NT 6.3; Win64; x64) AppleWebKit/537.36 (KHTML, like Gecko) Chrome/37.0.2049.0 Safari/537.36"
54.189.158.182 - - [10/Jul/2021:20:22:11 -0400] "GET /wp-content/themes/Avada/includes/lib/assets/min/js/library/jquery.hoverintent.js?ver=1 HTTP/1.1" 200 938 "-" "Mozilla/5.0 (Windows NT 6.1; WOW64; rv:50.0) Gecko/20100101 Firefox/50.0"
204.48.19.85 - - [10/Jul/2021:20:27:26 -0400] "POST /wp-cron.php?doing_wp_cron=1625963246.3508329391479492187500 HTTP/1.1" 200 6245 "https://suncoastoutdoor.net/wp-cron.php?doing_wp_cron=1625963246.3508329391479492187500" "WordPress/5.7.2; https://suncoastoutdoor.net"
107.150.46.54 - - [10/Jul/2021:20:27:26 -0400] "GET /wp-login.php HTTP/1.1" 200 13769 "-" "Mozilla/5.0 (Macintosh; Intel Mac OS X 10_9_4) AppleWebKit/537.36 (KHTML, like Gecko) Chrome/36.0.1985.143 Safari/537.36"
107.150.46.54 - - [10/Jul/2021:20:27:26 -0400] "POST /wp-login.php HTTP/1.1" 200 8929 "-" "Mozilla/5.0 (Macintosh; Intel Mac OS X 10_9_4) AppleWebKit/537.36 (KHTML, like Gecko) Chrome/36.0.1985.143 Safari/537.36"
184.168.193.176 - - [10/Jul/2021:20:31:02 -0400] "GET /installer-backup.php HTTP/1.1" 404 5839 "-" "Mozilla/5.0 (Windows NT 10.0; Win64; x64) AppleWebKit/537.36 (KHTML, like Gecko) Chrome/70.0.3538.77 Safari/537.36"
184.168.193.176 - - [10/Jul/2021:20:31:02 -0400] "GET /installer.php HTTP/1.1" 404 5839 "-" "Mozilla/5.0 (Windows NT 10.0; Win64; x64) AppleWebKit/537.36 (KHTML, like Gecko) Chrome/70.0.3538.77 Safari/537.36"
204.48.19.85 - - [10/Jul/2021:20:34:41 -0400] "POST /wp-cron.php?doing_wp_cron=1625963681.5237059593200683593750 HTTP/1.1" 200 6229 "https://suncoastoutdoor.net/wp-cron.php?doing_wp_cron=1625963681.5237059593200683593750" "WordPress/5.7.2; https://suncoastoutdoor.net"
192.151.145.142 - - [10/Jul/2021:20:34:41 -0400] "GET /wp-login.php HTTP/1.1" 200 13769 "-" "Mozilla/5.0 (Macintosh; Intel Mac OS X 10_9_2) AppleWebKit/537.36 (KHTML, like Gecko) Chrome/35.0.1916.153 Safari/537.36"
192.151.145.142 - - [10/Jul/2021:20:34:41 -0400] "POST /wp-login.php HTTP/1.1" 200 8947 "-" "Mozilla/5.0 (Macintosh; Intel Mac OS X 10_9_2) AppleWebKit/537.36 (KHTML, like Gecko) Chrome/35.0.1916.153 Safari/537.36"
204.48.19.85 - - [10/Jul/2021:20:39:11 -0400] "POST /wp-cron.php?doing_wp_cron=1625963951.4138610363006591796875 HTTP/1.1" 200 6245 "https://suncoastoutdoor.net/wp-cron.php?doing_wp_cron=1625963951.4138610363006591796875" "WordPress/5.7.2; https://suncoastoutdoor.net"
107.150.59.244 - - [10/Jul/2021:20:39:11 -0400] "GET /wp-login.php HTTP/1.1" 200 13769 "-" "Mozilla/5.0 (Windows NT 6.1; WOW64; Trident/7.0; rv:11.0) like Gecko"
107.150.59.244 - - [10/Jul/2021:20:39:11 -0400] "POST /wp-login.php HTTP/1.1" 200 8947 "-" "Mozilla/5.0 (Windows NT 6.1; WOW64; Trident/7.0; rv:11.0) like Gecko"
204.48.19.85 - - [10/Jul/2021:20:48:10 -0400] "POST /wp-cron.php?doing_wp_cron=1625964490.8046178817749023437500 HTTP/1.1" 200 6245 "https://suncoastoutdoor.net/wp-cron.php?doing_wp_cron=1625964490.8046178817749023437500" "WordPress/5.7.2; https://suncoastoutdoor.net"
69.30.225.98 - - [10/Jul/2021:20:48:10 -0400] "GET /wp-login.php HTTP/1.1" 200 13769 "-" "Mozilla/5.0 (X11; Linux x86_64; rv:30.0) Gecko/20100101 Firefox/30.0"
69.30.225.98 - - [10/Jul/2021:20:48:10 -0400] "POST /wp-login.php HTTP/1.1" 200 8947 "-" "Mozilla/5.0 (X11; Linux x86_64; rv:30.0) Gecko/20100101 Firefox/30.0"
204.48.19.85 - - [10/Jul/2021:20:54:04 -0400] "POST /wp-cron.php?doing_wp_cron=1625964844.2517240047454833984375 HTTP/1.1" 200 6245 "https://suncoastoutdoor.net/wp-cron.php?doing_wp_cron=1625964844.2517240047454833984375" "WordPress/5.7.2; https://suncoastoutdoor.net"
92.118.160.17 - - [10/Jul/2021:20:54:04 -0400] "GET / HTTP/1.1" 301 5624 "-" "NetSystemsResearch studies the availability of various services across the internet. Our website is netsystemsresearch.com"
92.118.160.17 - - [10/Jul/2021:20:54:04 -0400] "GET / HTTP/1.1" 200 129660 "-" "Go http package"
204.48.19.85 - - [10/Jul/2021:21:18:01 -0400] "POST /wp-cron.php?doing_wp_cron=1625966281.1646490097045898437500 HTTP/1.1" 200 6261 "https://suncoastoutdoor.net/wp-cron.php?doing_wp_cron=1625966281.1646490097045898437500" "WordPress/5.7.2; https://suncoastoutdoor.net"
69.30.225.98 - - [10/Jul/2021:21:18:00 -0400] "GET /wp-login.php HTTP/1.1" 200 13769 "-" "Mozilla/5.0 (X11; Linux x86_64) AppleWebKit/537.36 (KHTML, like Gecko) Chrome/36.0.1985.125 Safari/537.36"
69.30.225.98 - - [10/Jul/2021:21:18:01 -0400] "POST /wp-login.php HTTP/1.1" 200 8947 "-" "Mozilla/5.0 (X11; Linux x86_64) AppleWebKit/537.36 (KHTML, like Gecko) Chrome/36.0.1985.125 Safari/537.36"
204.48.19.85 - - [10/Jul/2021:21:27:02 -0400] "POST /wp-cron.php?doing_wp_cron=1625966822.4192719459533691406250 HTTP/1.1" 200 6245 "https://suncoastoutdoor.net/wp-cron.php?doing_wp_cron=1625966822.4192719459533691406250" "WordPress/5.7.2; https://suncoastoutdoor.net"
192.151.145.142 - - [10/Jul/2021:21:27:02 -0400] "GET /wp-login.php HTTP/1.1" 200 13769 "-" "Mozilla/5.0 (Windows NT 6.3; WOW64; rv:30.0) Gecko/20100101 Firefox/30.0"
192.151.145.142 - - [10/Jul/2021:21:27:02 -0400] "POST /wp-login.php HTTP/1.1" 200 8947 "-" "Mozilla/5.0 (Windows NT 6.3; WOW64; rv:30.0) Gecko/20100101 Firefox/30.0"
204.48.19.85 - - [10/Jul/2021:21:28:23 -0400] "POST /wp-cron.php?doing_wp_cron=1625966903.1831378936767578125000 HTTP/1.1" 200 6229 "https://suncoastoutdoor.net/wp-cron.php?doing_wp_cron=1625966903.1831378936767578125000" "WordPress/5.7.2; https://suncoastoutdoor.net"
107.150.59.244 - - [10/Jul/2021:21:28:23 -0400] "GET /wp-login.php HTTP/1.1" 200 13769 "-" "Mozilla/5.0 (Windows NT 6.1; rv:30.0) Gecko/20100101 Firefox/30.0"
107.150.59.244 - - [10/Jul/2021:21:28:23 -0400] "POST /wp-login.php HTTP/1.1" 200 8947 "-" "Mozilla/5.0 (Windows NT 6.1; rv:30.0) Gecko/20100101 Firefox/30.0"
204.48.19.85 - - [10/Jul/2021:21:31:04 -0400] "POST /wp-cron.php?doing_wp_cron=1625967064.2532188892364501953125 HTTP/1.1" 200 6261 "https://suncoastoutdoor.net/wp-cron.php?doing_wp_cron=1625967064.2532188892364501953125" "WordPress/5.7.2; https://suncoastoutdoor.net"
173.208.244.94 - - [10/Jul/2021:21:31:04 -0400] "GET /wp-login.php HTTP/1.1" 200 13769 "-" "Mozilla/5.0 (Windows NT 6.1; WOW64; rv:29.0) Gecko/20100101 Firefox/29.0"
173.208.244.94 - - [10/Jul/2021:21:31:04 -0400] "POST /wp-login.php HTTP/1.1" 200 8933 "-" "Mozilla/5.0 (Windows NT 6.1; WOW64; rv:29.0) Gecko/20100101 Firefox/29.0"
175.44.42.238 - - [10/Jul/2021:21:32:26 -0400] "GET / HTTP/1.1" 301 586 "http://sjyfn.jikem.com/" "Mozilla/5.0 (iPhone; CPU iPhone OS 11_0 like Mac OS X) AppleWebKit/604.1.38 (KHTML, like Gecko) Version/11.0 Mobile/15A372 Safari/604.1"
204.48.19.85 - - [10/Jul/2021:21:32:28 -0400] "POST /wp-cron.php?doing_wp_cron=1625967148.1417729854583740234375 HTTP/1.1" 200 6245 "https://suncoastoutdoor.net/wp-cron.php?doing_wp_cron=1625967148.1417729854583740234375" "WordPress/5.7.2; https://suncoastoutdoor.net"
175.44.42.238 - - [10/Jul/2021:21:32:28 -0400] "GET / HTTP/1.1" 200 23548 "http://sjyfn.jikem.com/" "Mozilla/5.0 (iPhone; CPU iPhone OS 11_0 like Mac OS X) AppleWebKit/604.1.38 (KHTML, like Gecko) Version/11.0 Mobile/15A372 Safari/604.1"
175.44.42.238 - - [10/Jul/2021:21:32:28 -0400] "GET /wp-content/plugins/google-analytics-for-wordpress/assets/js/frontend-gtag.min.js?ver=7.17.0 HTTP/1.1" 200 3218 "http://sjyfn.jikem.com/post/119939322/view/" "Mozilla/5.0 (iPhone; CPU iPhone OS 11_0 like Mac OS X) AppleWebKit/604.1.38 (KHTML, like Gecko) Version/11.0 Mobile/15A372 Safari/604.1"
54.36.148.21 - - [10/Jul/2021:21:35:00 -0400] "GET /robots.txt HTTP/1.1" 404 6506 "-" "Mozilla/5.0 (compatible; AhrefsBot/7.0; +http://ahrefs.com/robot/)"
204.48.19.85 - - [10/Jul/2021:21:35:01 -0400] "POST /wp-cron.php?doing_wp_cron=1625967301.3343689441680908203125 HTTP/1.1" 200 6245 "https://suncoastoutdoor.net/wp-cron.php?doing_wp_cron=1625967301.3343689441680908203125" "WordPress/5.7.2; https://suncoastoutdoor.net"
54.36.149.89 - - [10/Jul/2021:21:35:01 -0400] "GET / HTTP/1.1" 200 23496 "-" "Mozilla/5.0 (compatible; AhrefsBot/7.0; +http://ahrefs.com/robot/)"
152.32.129.15 - - [10/Jul/2021:21:42:49 -0400] "GET / HTTP/1.1" 301 586 "-" "Mozilla/5.0 (Linux; Android 8.1; EML-L29 Build/HUAWEIEML-L29; xx-xx) AppleWebKit/537.36 (KHTML, like Gecko) Version/4.0 Chrome/65.0.3325.109 Mobile Safari/537.36 (iPad; iPhone; CPU iPhone OS 13_2_3 like Mac OS X)"
152.32.129.15 - - [10/Jul/2021:21:42:49 -0400] "GET / HTTP/1.1" 301 586 "-" "Mozilla/5.0 (Linux; Android 8.1; EML-L29 Build/HUAWEIEML-L29; xx-xx) AppleWebKit/537.36 (KHTML, like Gecko) Version/4.0 Chrome/65.0.3325.109 Mobile Safari/537.36 (iPad; iPhone; CPU iPhone OS 13_2_3 like Mac OS X)"
152.32.129.15 - - [10/Jul/2021:21:42:49 -0400] "GET /js/tvConfig.js HTTP/1.1" 301 614 "-" "Mozilla/5.0 (Linux; Android 8.1; EML-L29 Build/HUAWEIEML-L29; xx-xx) AppleWebKit/537.36 (KHTML, like Gecko) Version/4.0 Chrome/65.0.3325.109 Mobile Safari/537.36 (iPad; iPhone; CPU iPhone OS 13_2_3 like Mac OS X)"
152.32.129.15 - - [10/Jul/2021:21:42:49 -0400] "GET /admin/index HTTP/1.1" 301 608 "-" "Mozilla/5.0 (Linux; Android 8.1; EML-L29 Build/HUAWEIEML-L29; xx-xx) AppleWebKit/537.36 (KHTML, like Gecko) Version/4.0 Chrome/65.0.3325.109 Mobile Safari/537.36 (iPad; iPhone; CPU iPhone OS 13_2_3 like Mac OS X)"
152.32.129.15 - - [10/Jul/2021:21:42:50 -0400] "GET /admin/index HTTP/1.1" 404 6594 "-" "Mozilla/5.0 (Linux; Android 8.1; EML-L29 Build/HUAWEIEML-L29; xx-xx) AppleWebKit/537.36 (KHTML, like Gecko) Version/4.0 Chrome/65.0.3325.109 Mobile Safari/537.36 (iPad; iPhone; CPU iPhone OS 13_2_3 like Mac OS X)"
152.32.129.15 - - [10/Jul/2021:21:42:50 -0400] "GET /market/market-ws/iframe.html HTTP/1.1" 301 641 "-" "Mozilla/5.0 (Linux; Android 8.1; EML-L29 Build/HUAWEIEML-L29; xx-xx) AppleWebKit/537.36 (KHTML, like Gecko) Version/4.0 Chrome/65.0.3325.109 Mobile Safari/537.36 (iPad; iPhone; CPU iPhone OS 13_2_3 like Mac OS X)"
152.32.129.15 - - [10/Jul/2021:21:42:50 -0400] "GET /market/market-ws/iframe.html HTTP/1.1" 404 520 "-" "Mozilla/5.0 (Linux; Android 8.1; EML-L29 Build/HUAWEIEML-L29; xx-xx) AppleWebKit/537.36 (KHTML, like Gecko) Version/4.0 Chrome/65.0.3325.109 Mobile Safari/537.36 (iPad; iPhone; CPU iPhone OS 13_2_3 like Mac OS X)"
152.32.129.15 - - [10/Jul/2021:21:42:56 -0400] "GET /assets/room/css/room_mobile.css HTTP/1.1" 301 648 "-" "Mozilla/5.0 (Linux; Android 8.1; EML-L29 Build/HUAWEIEML-L29; xx-xx) AppleWebKit/537.36 (KHTML, like Gecko) Version/4.0 Chrome/65.0.3325.109 Mobile Safari/537.36 (iPad; iPhone; CPU iPhone OS 13_2_3 like Mac OS X)"
152.32.129.15 - - [10/Jul/2021:21:43:00 -0400] "GET /files/pub_rem.js HTTP/1.1" 301 618 "-" "Mozilla/5.0 (Linux; Android 8.1; EML-L29 Build/HUAWEIEML-L29; xx-xx) AppleWebKit/537.36 (KHTML, like Gecko) Version/4.0 Chrome/65.0.3325.109 Mobile Safari/537.36 (iPad; iPhone; CPU iPhone OS 13_2_3 like Mac OS X)"
152.32.129.15 - - [10/Jul/2021:21:43:06 -0400] "GET /files/pub_rem.js HTTP/1.1" 404 6594 "-" "Mozilla/5.0 (Linux; Android 8.1; EML-L29 Build/HUAWEIEML-L29; xx-xx) AppleWebKit/537.36 (KHTML, like Gecko) Version/4.0 Chrome/65.0.3325.109 Mobile Safari/537.36 (iPad; iPhone; CPU iPhone OS 13_2_3 like Mac OS X)"
152.32.129.15 - - [10/Jul/2021:21:43:06 -0400] "GET /base/exchange_index/changepwdfirst HTTP/1.1" 301 654 "-" "Mozilla/5.0 (Linux; Android 8.1; EML-L29 Build/HUAWEIEML-L29; xx-xx) AppleWebKit/537.36 (KHTML, like Gecko) Version/4.0 Chrome/65.0.3325.109 Mobile Safari/537.36 (iPad; iPhone; CPU iPhone OS 13_2_3 like Mac OS X)"
152.32.129.15 - - [10/Jul/2021:21:43:10 -0400] "GET /user/userlist HTTP/1.1" 301 612 "-" "Mozilla/5.0 (Macintosh; Intel Mac OS X 10_15_7) AppleWebKit/537.36 (KHTML, like Gecko) Chrome/85.0.4183.121 Safari/537.36"
152.32.129.15 - - [10/Jul/2021:21:43:11 -0400] "GET /user/userlist HTTP/1.1" 404 6578 "-" "Mozilla/5.0 (Macintosh; Intel Mac OS X 10_15_7) AppleWebKit/537.36 (KHTML, like Gecko) Chrome/85.0.4183.121 Safari/537.36"
152.32.129.15 - - [10/Jul/2021:21:43:11 -0400] "GET /base/exchange_index/googlecode HTTP/1.1" 301 645 "-" "Mozilla/5.0 (Macintosh; Intel Mac OS X 10_15_7) AppleWebKit/537.36 (KHTML, like Gecko) Chrome/85.0.4183.121 Safari/537.36"
152.32.129.15 - - [10/Jul/2021:21:43:15 -0400] "GET /api/content_bottom HTTP/1.1" 301 622 "-" "Mozilla/5.0 (Macintosh; Intel Mac OS X 10_15_7) AppleWebKit/537.36 (KHTML, like Gecko) Chrome/85.0.4183.121 Safari/537.36"
152.32.129.15 - - [10/Jul/2021:21:43:25 -0400] "GET /index/login/register HTTP/1.1" 301 626 "-" "Mozilla/5.0 (Macintosh; Intel Mac OS X 10_15_7) AppleWebKit/537.36 (KHTML, like Gecko) Chrome/85.0.4183.121 Safari/537.36"
152.32.129.15 - - [10/Jul/2021:21:43:32 -0400] "GET /n/news/banner?column_id=303 HTTP/1.1" 301 640 "-" "Mozilla/5.0 (Macintosh; Intel Mac OS X 10_15_7) AppleWebKit/537.36 (KHTML, like Gecko) Chrome/85.0.4183.121 Safari/537.36"
152.32.129.15 - - [10/Jul/2021:21:43:37 -0400] "GET /api/user/info?&&callback=jsonp_1601457046411_20983 HTTP/1.1" 301 694 "-" "Mozilla/5.0 (Macintosh; Intel Mac OS X 10_15_7) AppleWebKit/537.36 (KHTML, like Gecko) Chrome/85.0.4183.121 Safari/537.36"
152.32.129.15 - - [10/Jul/2021:21:43:51 -0400] "GET /static/diff_worker.js HTTP/1.1" 301 628 "-" "Mozilla/5.0 (Macintosh; Intel Mac OS X 10_15_7) AppleWebKit/537.36 (KHTML, like Gecko) Chrome/85.0.4183.121 Safari/537.36"
152.32.129.15 - - [10/Jul/2021:21:43:55 -0400] "GET /ajax/allcoin_a/id/0?t=0.3782499195965951 HTTP/1.1" 301 666 "-" "Mozilla/5.0 (Macintosh; Intel Mac OS X 10_15_7) AppleWebKit/537.36 (KHTML, like Gecko) Chrome/85.0.4183.121 Safari/537.36"
152.32.129.15 - - [10/Jul/2021:21:44:12 -0400] "GET /static/local/img/userCenter/hourlyPrivilege.svg HTTP/1.1" 301 680 "-" "Mozilla/5.0 (Macintosh; Intel Mac OS X 10_15_7) AppleWebKit/537.36 (KHTML, like Gecko) Chrome/85.0.4183.121 Safari/537.36"
152.32.129.15 - - [10/Jul/2021:21:44:16 -0400] "GET /static/xianyu/js/bankCheck.js HTTP/1.1" 301 644 "-" "Mozilla/5.0 (Macintosh; Intel Mac OS X 10_15_7) AppleWebKit/537.36 (KHTML, like Gecko) Chrome/85.0.4183.121 Safari/537.36"
152.32.129.15 - - [10/Jul/2021:21:44:24 -0400] "GET /views/home/home.js HTTP/1.1" 301 622 "-" "Mozilla/5.0 (Macintosh; Intel Mac OS X 10_15_7) AppleWebKit/537.36 (KHTML, like Gecko) Chrome/85.0.4183.121 Safari/537.36"
152.32.129.15 - - [10/Jul/2021:21:44:25 -0400] "GET /iframe/rankgiftgotapi/1005 HTTP/1.1" 301 638 "-" "Mozilla/5.0 (Macintosh; Intel Mac OS X 10_15_7) AppleWebKit/537.36 (KHTML, like Gecko) Chrome/85.0.4183.121 Safari/537.36"
152.32.129.15 - - [10/Jul/2021:21:44:41 -0400] "GET /Public/Wchat/js/cvphp.js HTTP/1.1" 301 634 "-" "Mozilla/5.0 (Macintosh; Intel Mac OS X 10_15_7) AppleWebKit/537.36 (KHTML, like Gecko) Chrome/85.0.4183.121 Safari/537.36"
152.32.129.15 - - [10/Jul/2021:21:44:48 -0400] "GET /Public/Wchat/css/index.css HTTP/1.1" 301 638 "-" "Mozilla/5.0 (Macintosh; Intel Mac OS X 10_15_7) AppleWebKit/537.36 (KHTML, like Gecko) Chrome/85.0.4183.121 Safari/537.36"
152.32.129.15 - - [10/Jul/2021:21:45:04 -0400] "GET /Public/css/errorCss.css HTTP/1.1" 301 632 "-" "Mozilla/5.0 (Macintosh; Intel Mac OS X 10_15_7) AppleWebKit/537.36 (KHTML, like Gecko) Chrome/85.0.4183.121 Safari/537.36"
152.32.129.15 - - [10/Jul/2021:21:45:35 -0400] "GET /csjs/bankCheck.js HTTP/1.1" 301 620 "-" "Mozilla/5.0 (Macintosh; Intel Mac OS X 10_15_7) AppleWebKit/537.36 (KHTML, like Gecko) Chrome/85.0.4183.121 Safari/537.36"
152.32.129.15 - - [10/Jul/2021:21:45:36 -0400] "GET /cscpLoginWeb/app/home HTTP/1.1" 301 628 "-" "Mozilla/5.0 (Macintosh; Intel Mac OS X 10_15_7) AppleWebKit/537.36 (KHTML, like Gecko) Chrome/85.0.4183.121 Safari/537.36"
152.32.129.15 - - [10/Jul/2021:21:45:45 -0400] "POST /api/system/system/config/get HTTP/1.1" 301 642 "-" "Mozilla/5.0 (Macintosh; Intel Mac OS X 10_15_7) AppleWebKit/537.36 (KHTML, like Gecko) Chrome/85.0.4183.121 Safari/537.36"
152.32.129.15 - - [10/Jul/2021:21:45:50 -0400] "GET /Public/Home/js/cls.js HTTP/1.1" 301 628 "-" "Mozilla/5.0 (Macintosh; Intel Mac OS X 10_15_7) AppleWebKit/537.36 (KHTML, like Gecko) Chrome/85.0.4183.121 Safari/537.36"
152.32.129.15 - - [10/Jul/2021:21:45:51 -0400] "GET /Public/Home/js/cls.js HTTP/1.1" 404 6594 "-" "Mozilla/5.0 (Macintosh; Intel Mac OS X 10_15_7) AppleWebKit/537.36 (KHTML, like Gecko) Chrome/85.0.4183.121 Safari/537.36"
152.32.129.15 - - [10/Jul/2021:21:46:08 -0400] "GET /Front/FctPage/Start.aspx HTTP/1.1" 301 634 "-" "Mozilla/5.0 (Macintosh; Intel Mac OS X 10_15_7) AppleWebKit/537.36 (KHTML, like Gecko) Chrome/85.0.4183.121 Safari/537.36"
152.32.129.15 - - [10/Jul/2021:21:46:10 -0400] "GET /lanren/css/global.css HTTP/1.1" 301 628 "-" "Mozilla/5.0 (Macintosh; Intel Mac OS X 10_15_7) AppleWebKit/537.36 (KHTML, like Gecko) Chrome/85.0.4183.121 Safari/537.36"
152.32.129.15 - - [10/Jul/2021:21:46:16 -0400] "GET / HTTP/1.1" 301 586 "-" "Mozilla/5.0 (Macintosh; Intel Mac OS X 10_15_7) AppleWebKit/537.36 (KHTML, like Gecko) Chrome/85.0.4183.121 Safari/537.36"
152.32.129.15 - - [10/Jul/2021:21:46:31 -0400] "GET /lanren/css/global.css HTTP/1.1" 404 6578 "-" "Mozilla/5.0 (Macintosh; Intel Mac OS X 10_15_7) AppleWebKit/537.36 (KHTML, like Gecko) Chrome/85.0.4183.121 Safari/537.36"
204.48.19.85 - - [10/Jul/2021:21:46:55 -0400] "POST /wp-cron.php?doing_wp_cron=1625968015.3154609203338623046875 HTTP/1.1" 200 6229 "https://suncoastoutdoor.net/wp-cron.php?doing_wp_cron=1625968015.3154609203338623046875" "WordPress/5.7.2; https://suncoastoutdoor.net"
173.208.244.94 - - [10/Jul/2021:21:46:55 -0400] "GET /wp-login.php HTTP/1.1" 200 13769 "-" "Mozilla/5.0 (compatible; MSIE 10.0; Windows NT 6.1; WOW64; Trident/6.0)"
173.208.244.94 - - [10/Jul/2021:21:46:55 -0400] "POST /wp-login.php HTTP/1.1" 200 8947 "-" "Mozilla/5.0 (compatible; MSIE 10.0; Windows NT 6.1; WOW64; Trident/6.0)"
152.32.129.15 - - [10/Jul/2021:21:46:56 -0400] "GET /css/main.css HTTP/1.1" 301 610 "-" "Mozilla/5.0 (Macintosh; Intel Mac OS X 10_15_7) AppleWebKit/537.36 (KHTML, like Gecko) Chrome/85.0.4183.121 Safari/537.36"
152.32.129.15 - - [10/Jul/2021:21:47:09 -0400] "GET /css/style.css HTTP/1.1" 301 612 "-" "Mozilla/5.0 (Macintosh; Intel Mac OS X 10_15_7) AppleWebKit/537.36 (KHTML, like Gecko) Chrome/85.0.4183.121 Safari/537.36"
152.32.129.15 - - [10/Jul/2021:21:47:10 -0400] "GET /css/style.css HTTP/1.1" 404 6594 "-" "Mozilla/5.0 (Macintosh; Intel Mac OS X 10_15_7) AppleWebKit/537.36 (KHTML, like Gecko) Chrome/85.0.4183.121 Safari/537.36"
152.32.129.15 - - [10/Jul/2021:21:47:13 -0400] "GET /Css/Hm.css HTTP/1.1" 301 606 "-" "Mozilla/5.0 (Macintosh; Intel Mac OS X 10_15_7) AppleWebKit/537.36 (KHTML, like Gecko) Chrome/85.0.4183.121 Safari/537.36"
152.32.129.15 - - [10/Jul/2021:21:47:17 -0400] "GET /template/js/comm/Confrim.js HTTP/1.1" 301 640 "-" "Mozilla/5.0 (Macintosh; Intel Mac OS X 10_15_7) AppleWebKit/537.36 (KHTML, like Gecko) Chrome/85.0.4183.121 Safari/537.36"
152.32.129.15 - - [10/Jul/2021:21:47:17 -0400] "GET /template/css/login.css HTTP/1.1" 301 630 "-" "Mozilla/5.0 (Macintosh; Intel Mac OS X 10_15_7) AppleWebKit/537.36 (KHTML, like Gecko) Chrome/85.0.4183.121 Safari/537.36"
152.32.129.15 - - [10/Jul/2021:21:47:20 -0400] "GET /api/wallet/redDetail HTTP/1.1" 301 626 "-" "Mozilla/5.0 (Macintosh; Intel Mac OS X 10_15_7) AppleWebKit/537.36 (KHTML, like Gecko) Chrome/85.0.4183.121 Safari/537.36"
152.32.129.15 - - [10/Jul/2021:21:47:34 -0400] "GET /wap/api/exchangerateuserconfig!get.action HTTP/1.1" 301 668 "-" "Mozilla/5.0 (Macintosh; Intel Mac OS X 10_15_7) AppleWebKit/537.36 (KHTML, like Gecko) Chrome/85.0.4183.121 Safari/537.36"
152.32.129.15 - - [10/Jul/2021:21:47:35 -0400] "GET /css/info.css HTTP/1.1" 301 610 "-" "Mozilla/5.0 (Macintosh; Intel Mac OS X 10_15_7) AppleWebKit/537.36 (KHTML, like Gecko) Chrome/85.0.4183.121 Safari/537.36"
152.32.129.15 - - [10/Jul/2021:21:47:37 -0400] "GET /index.php/sign HTTP/1.1" 301 614 "-" "Mozilla/5.0 (Macintosh; Intel Mac OS X 10_15_7) AppleWebKit/537.36 (KHTML, like Gecko) Chrome/85.0.4183.121 Safari/537.36"
152.32.129.15 - - [10/Jul/2021:21:47:37 -0400] "GET /index.php/Wap/Api/getSystemNotice?id=1 HTTP/1.1" 301 662 "-" "Mozilla/5.0 (Macintosh; Intel Mac OS X 10_15_7) AppleWebKit/537.36 (KHTML, like Gecko) Chrome/85.0.4183.121 Safari/537.36"
152.32.129.15 - - [10/Jul/2021:21:47:45 -0400] "GET /index.php/Index/register.html HTTP/1.1" 301 644 "-" "Mozilla/5.0 (Macintosh; Intel Mac OS X 10_15_7) AppleWebKit/537.36 (KHTML, like Gecko) Chrome/85.0.4183.121 Safari/537.36"
204.48.19.85 - - [10/Jul/2021:21:47:50 -0400] "POST /wp-cron.php?doing_wp_cron=1625968070.1856229305267333984375 HTTP/1.1" 200 6229 "https://suncoastoutdoor.net/wp-cron.php?doing_wp_cron=1625968070.1856229305267333984375" "WordPress/5.7.2; https://suncoastoutdoor.net"
107.150.52.198 - - [10/Jul/2021:21:47:50 -0400] "GET /wp-login.php HTTP/1.1" 200 13769 "-" "Mozilla/5.0 (Windows NT 6.1) AppleWebKit/537.36 (KHTML, like Gecko) Chrome/36.0.1985.125 Safari/537.36"
107.150.52.198 - - [10/Jul/2021:21:47:50 -0400] "POST /wp-login.php HTTP/1.1" 200 8947 "-" "Mozilla/5.0 (Windows NT 6.1) AppleWebKit/537.36 (KHTML, like Gecko) Chrome/36.0.1985.125 Safari/537.36"
152.32.129.15 - - [10/Jul/2021:21:47:55 -0400] "GET /statics/js/API.js HTTP/1.1" 301 620 "-" "Mozilla/5.0 (Macintosh; Intel Mac OS X 10_15_7) AppleWebKit/537.36 (KHTML, like Gecko) Chrome/85.0.4183.121 Safari/537.36"
152.32.129.15 - - [10/Jul/2021:21:48:03 -0400] "GET /zz2/address.php?gid=651 HTTP/1.1" 301 632 "-" "Mozilla/5.0 (Macintosh; Intel Mac OS X 10_15_7) AppleWebKit/537.36 (KHTML, like Gecko) Chrome/85.0.4183.121 Safari/537.36"
152.32.129.15 - - [10/Jul/2021:21:48:05 -0400] "GET /public/web/css/add//index.css HTTP/1.1" 301 642 "-" "Mozilla/5.0 (Macintosh; Intel Mac OS X 10_15_7) AppleWebKit/537.36 (KHTML, like Gecko) Chrome/85.0.4183.121 Safari/537.36"
152.32.129.15 - - [10/Jul/2021:21:48:08 -0400] "GET /style.css HTTP/1.1" 301 604 "-" "Mozilla/5.0 (Macintosh; Intel Mac OS X 10_15_7) AppleWebKit/537.36 (KHTML, like Gecko) Chrome/85.0.4183.121 Safari/537.36"
152.32.129.15 - - [10/Jul/2021:21:48:09 -0400] "GET /zz/address.php?gid=651 HTTP/1.1" 301 629 "-" "Mozilla/5.0 (Macintosh; Intel Mac OS X 10_15_7) AppleWebKit/537.36 (KHTML, like Gecko) Chrome/85.0.4183.121 Safari/537.36"
152.32.129.15 - - [10/Jul/2021:21:48:10 -0400] "GET /public/web/js/add/com.js HTTP/1.1" 301 633 "-" "Mozilla/5.0 (Macintosh; Intel Mac OS X 10_15_7) AppleWebKit/537.36 (KHTML, like Gecko) Chrome/85.0.4183.121 Safari/537.36"
152.32.129.15 - - [10/Jul/2021:21:48:17 -0400] "GET /index/Mobile/kline_week?code=sz003043 HTTP/1.1" 301 660 "-" "Mozilla/5.0 (Macintosh; Intel Mac OS X 10_15_7) AppleWebKit/537.36 (KHTML, like Gecko) Chrome/85.0.4183.121 Safari/537.36"
152.32.129.15 - - [10/Jul/2021:21:48:32 -0400] "GET /im/in/GetUuid HTTP/1.1" 301 612 "-" "Mozilla/5.0 (Macintosh; Intel Mac OS X 10_15_7) AppleWebKit/537.36 (KHTML, like Gecko) Chrome/85.0.4183.121 Safari/537.36"
152.32.129.15 - - [10/Jul/2021:21:48:34 -0400] "GET /Public/uploads/web/step1.png HTTP/1.1" 301 642 "-" "Mozilla/5.0 (Macintosh; Intel Mac OS X 10_15_7) AppleWebKit/537.36 (KHTML, like Gecko) Chrome/85.0.4183.121 Safari/537.36"
152.32.129.15 - - [10/Jul/2021:21:48:41 -0400] "GET /config.js HTTP/1.1" 301 604 "-" "Mozilla/5.0 (Macintosh; Intel Mac OS X 10_15_7) AppleWebKit/537.36 (KHTML, like Gecko) Chrome/85.0.4183.121 Safari/537.36"
152.32.129.15 - - [10/Jul/2021:21:48:52 -0400] "GET /api/config-init HTTP/1.1" 301 616 "-" "Mozilla/5.0 (Macintosh; Intel Mac OS X 10_15_7) AppleWebKit/537.36 (KHTML, like Gecko) Chrome/85.0.4183.121 Safari/537.36"
152.32.129.15 - - [10/Jul/2021:21:48:58 -0400] "GET /home/main/login HTTP/1.1" 301 616 "-" "Mozilla/5.0 (Macintosh; Intel Mac OS X 10_15_7) AppleWebKit/537.36 (KHTML, like Gecko) Chrome/85.0.4183.121 Safari/537.36"
152.32.129.15 - - [10/Jul/2021:21:48:59 -0400] "GET /js/base.js HTTP/1.1" 301 606 "-" "Mozilla/5.0 (Macintosh; Intel Mac OS X 10_15_7) AppleWebKit/537.36 (KHTML, like Gecko) Chrome/85.0.4183.121 Safari/537.36"
204.48.19.85 - - [10/Jul/2021:22:10:39 -0400] "POST /wp-cron.php?doing_wp_cron=1625969439.9380230903625488281250 HTTP/1.1" 200 6245 "https://suncoastoutdoor.net/wp-cron.php?doing_wp_cron=1625969439.9380230903625488281250" "WordPress/5.7.2; https://suncoastoutdoor.net"
3.250.95.18 - - [10/Jul/2021:22:10:39 -0400] "GET /index.php/feed/ HTTP/1.1" 200 6911 "-" "Mozilla/5.0 (Macintosh; Intel Mac OS X 10.15; rv:81.0) Gecko/20100101 Firefox/81.0"
204.48.19.85 - - [10/Jul/2021:22:26:55 -0400] "POST /wp-cron.php?doing_wp_cron=1625970415.4812340736389160156250 HTTP/1.1" 200 6245 "https://suncoastoutdoor.net/wp-cron.php?doing_wp_cron=1625970415.4812340736389160156250" "WordPress/5.7.2; https://suncoastoutdoor.net"
107.150.52.198 - - [10/Jul/2021:22:26:55 -0400] "GET /wp-login.php HTTP/1.1" 200 13769 "-" "Mozilla/5.0 (Macintosh; Intel Mac OS X 10_10_0) AppleWebKit/537.36 (KHTML, like Gecko) Chrome/36.0.1985.125 Safari/537.36"
107.150.52.198 - - [10/Jul/2021:22:26:55 -0400] "POST /wp-login.php HTTP/1.1" 200 8947 "-" "Mozilla/5.0 (Macintosh; Intel Mac OS X 10_10_0) AppleWebKit/537.36 (KHTML, like Gecko) Chrome/36.0.1985.125 Safari/537.36"
107.150.59.244 - - [10/Jul/2021:22:29:24 -0400] "GET /wp-login.php HTTP/1.1" 200 13769 "-" "Mozilla/5.0 (Windows NT 6.1) AppleWebKit/537.36 (KHTML, like Gecko) Chrome/35.0.1916.153 Safari/537.36"
204.48.19.85 - - [10/Jul/2021:22:29:24 -0400] "POST /wp-cron.php?doing_wp_cron=1625970564.8127729892730712890625 HTTP/1.1" 200 6261 "https://suncoastoutdoor.net/wp-cron.php?doing_wp_cron=1625970564.8127729892730712890625" "WordPress/5.7.2; https://suncoastoutdoor.net"
107.150.59.244 - - [10/Jul/2021:22:29:24 -0400] "POST /wp-login.php HTTP/1.1" 200 8947 "-" "Mozilla/5.0 (Windows NT 6.1) AppleWebKit/537.36 (KHTML, like Gecko) Chrome/35.0.1916.153 Safari/537.36"
204.48.19.85 - - [10/Jul/2021:22:43:01 -0400] "POST /wp-cron.php?doing_wp_cron=1625971381.0513620376586914062500 HTTP/1.1" 200 6229 "https://suncoastoutdoor.net/wp-cron.php?doing_wp_cron=1625971381.0513620376586914062500" "WordPress/5.7.2; https://suncoastoutdoor.net"
107.150.63.170 - - [10/Jul/2021:22:43:00 -0400] "GET /wp-login.php HTTP/1.1" 200 13769 "-" "Mozilla/5.0 (Macintosh; Intel Mac OS X 10_9_4) AppleWebKit/537.36 (KHTML, like Gecko) Chrome/35.0.1916.153 Safari/537.36"
107.150.63.170 - - [10/Jul/2021:22:43:01 -0400] "POST /wp-login.php HTTP/1.1" 200 8947 "-" "Mozilla/5.0 (Macintosh; Intel Mac OS X 10_9_4) AppleWebKit/537.36 (KHTML, like Gecko) Chrome/35.0.1916.153 Safari/537.36"
173.208.244.94 - - [10/Jul/2021:22:43:01 -0400] "GET /wp-login.php HTTP/1.1" 200 13769 "-" "Mozilla/5.0 (X11; Linux x86_64; rv:30.0) Gecko/20100101 Firefox/30.0"
173.208.244.94 - - [10/Jul/2021:22:43:01 -0400] "POST /wp-login.php HTTP/1.1" 200 8929 "-" "Mozilla/5.0 (X11; Linux x86_64; rv:30.0) Gecko/20100101 Firefox/30.0"
52.91.221.207 - - [10/Jul/2021:23:02:41 -0400] "GET / HTTP/1.1" 301 530 "-" "Mozilla/5.0 (Windows NT 10.0; Win64; x64) AppleWebKit/537.36 (KHTML, like Gecko) Chrome/90.0.4430.212 Safari/537.36"
204.48.19.85 - - [10/Jul/2021:23:02:42 -0400] "POST /wp-cron.php?doing_wp_cron=1625972562.1894500255584716796875 HTTP/1.1" 200 6261 "https://suncoastoutdoor.net/wp-cron.php?doing_wp_cron=1625972562.1894500255584716796875" "WordPress/5.7.2; https://suncoastoutdoor.net"
52.91.221.207 - - [10/Jul/2021:23:02:42 -0400] "GET / HTTP/1.1" 200 23464 "-" "Mozilla/5.0 (Windows NT 10.0; Win64; x64) AppleWebKit/537.36 (KHTML, like Gecko) Chrome/90.0.4430.212 Safari/537.36"
54.154.47.154 - - [10/Jul/2021:23:10:58 -0400] "GET / HTTP/1.1" 301 549 "-" "Mozilla/5.0 (Macintosh; Intel Mac OS X 10.15; rv:81.0) Gecko/20100101 Firefox/81.0"
204.48.19.85 - - [10/Jul/2021:23:10:58 -0400] "POST /wp-cron.php?doing_wp_cron=1625973058.7471809387207031250000 HTTP/1.1" 200 6229 "https://suncoastoutdoor.net/wp-cron.php?doing_wp_cron=1625973058.7471809387207031250000" "WordPress/5.7.2; https://suncoastoutdoor.net"
54.154.47.154 - - [10/Jul/2021:23:10:58 -0400] "GET / HTTP/1.1" 200 23482 "http://204.48.19.85" "Mozilla/5.0 (Macintosh; Intel Mac OS X 10.15; rv:81.0) Gecko/20100101 Firefox/81.0"
204.48.19.85 - - [10/Jul/2021:23:15:57 -0400] "POST /wp-cron.php?doing_wp_cron=1625973357.9508531093597412109375 HTTP/1.1" 200 6245 "https://suncoastoutdoor.net/wp-cron.php?doing_wp_cron=1625973357.9508531093597412109375" "WordPress/5.7.2; https://suncoastoutdoor.net"
34.218.79.217 - - [10/Jul/2021:23:15:57 -0400] "GET / HTTP/1.1" 200 23460 "-" "Mozilla/5.0 (X11; Linux x86_64) AppleWebKit/537.36 (KHTML, like Gecko) Chrome/83.0.4103.97 Safari/537.36"
54.195.188.155 - - [10/Jul/2021:23:23:50 -0400] "GET / HTTP/1.1" 301 549 "-" "Mozilla/5.0 (Macintosh; Intel Mac OS X 10.15; rv:81.0) Gecko/20100101 Firefox/81.0"
204.48.19.85 - - [10/Jul/2021:23:23:50 -0400] "GET / HTTP/1.1" 200 23530 "https://suncoastoutdoor.net/" "WordPress/5.7.2; https://suncoastoutdoor.net"
204.48.19.85 - - [10/Jul/2021:23:23:50 -0400] "POST /wp-cron.php?doing_wp_cron=1625973830.7056679725646972656250 HTTP/1.1" 200 6245 "https://suncoastoutdoor.net/wp-cron.php?doing_wp_cron=1625973830.7056679725646972656250" "WordPress/5.7.2; https://suncoastoutdoor.net"
54.195.188.155 - - [10/Jul/2021:23:23:50 -0400] "GET / HTTP/1.1" 200 23479 "http://204.48.19.85" "Mozilla/5.0 (Macintosh; Intel Mac OS X 10.15; rv:81.0) Gecko/20100101 Firefox/81.0"
18.237.141.168 - - [10/Jul/2021:23:26:08 -0400] "GET / HTTP/1.1" 301 530 "-" "Mozilla/5.0 (X11; Linux x86_64) AppleWebKit/537.36 (KHTML, like Gecko) Chrome/83.0.4103.97 Safari/537.36"
204.48.19.85 - - [10/Jul/2021:23:46:31 -0400] "POST /wp-cron.php?doing_wp_cron=1625975191.5825140476226806640625 HTTP/1.1" 200 6261 "https://suncoastoutdoor.net/wp-cron.php?doing_wp_cron=1625975191.5825140476226806640625" "WordPress/5.7.2; https://suncoastoutdoor.net"
173.208.244.94 - - [10/Jul/2021:23:46:31 -0400] "GET /wp-login.php HTTP/1.1" 200 13769 "-" "Mozilla/5.0 (Macintosh; Intel Mac OS X 10_9_3) AppleWebKit/537.75.14 (KHTML, like Gecko) Version/7.0.3 Safari/537.75.14"
173.208.244.94 - - [10/Jul/2021:23:46:31 -0400] "POST /wp-login.php HTTP/1.1" 200 8947 "-" "Mozilla/5.0 (Macintosh; Intel Mac OS X 10_9_3) AppleWebKit/537.75.14 (KHTML, like Gecko) Version/7.0.3 Safari/537.75.14"
204.48.19.85 - - [10/Jul/2021:23:48:55 -0400] "POST /wp-cron.php?doing_wp_cron=1625975335.5411438941955566406250 HTTP/1.1" 200 6245 "https://suncoastoutdoor.net/wp-cron.php?doing_wp_cron=1625975335.5411438941955566406250" "WordPress/5.7.2; https://suncoastoutdoor.net"
107.150.59.244 - - [10/Jul/2021:23:48:55 -0400] "GET /wp-login.php HTTP/1.1" 200 13769 "-" "Mozilla/5.0 (compatible; MSIE 10.0; Windows NT 6.1; WOW64; Trident/6.0)"
107.150.59.244 - - [10/Jul/2021:23:48:55 -0400] "POST /wp-login.php HTTP/1.1" 200 8933 "-" "Mozilla/5.0 (compatible; MSIE 10.0; Windows NT 6.1; WOW64; Trident/6.0)"
204.48.19.85 - - [10/Jul/2021:23:55:39 -0400] "POST /wp-cron.php?doing_wp_cron=1625975739.4189369678497314453125 HTTP/1.1" 200 6245 "https://suncoastoutdoor.net/wp-cron.php?doing_wp_cron=1625975739.4189369678497314453125" "WordPress/5.7.2; https://suncoastoutdoor.net"
107.150.46.54 - - [10/Jul/2021:23:55:39 -0400] "GET /wp-login.php HTTP/1.1" 200 13769 "-" "Mozilla/5.0 (Macintosh; Intel Mac OS X 10.7; rv:31.0) Gecko/20100101 Firefox/31.0"
107.150.46.54 - - [10/Jul/2021:23:55:39 -0400] "POST /wp-login.php HTTP/1.1" 200 8947 "-" "Mozilla/5.0 (Macintosh; Intel Mac OS X 10.7; rv:31.0) Gecko/20100101 Firefox/31.0"
