2.59.49.225 - - [28/Jun/2021:00:07:42 -0400] "GET / HTTP/1.0" 301 549 "http://suncoastoutdoor.net/" "Mozilla/5.0 (Windows NT 6.3; Win64; x64) AppleWebKit/537.36 (KHTML, like Gecko) Chrome/83.0.4103.61 Safari/537.36"
204.48.19.85 - - [28/Jun/2021:00:07:44 -0400] "POST /wp-cron.php?doing_wp_cron=1624853264.5715320110321044921875 HTTP/1.1" 200 5422 "https://suncoastoutdoor.net/wp-cron.php?doing_wp_cron=1624853264.5715320110321044921875" "WordPress/5.7.2; https://suncoastoutdoor.net"
2.59.49.225 - - [28/Jun/2021:00:07:43 -0400] "GET / HTTP/1.0" 200 128629 "https://suncoastoutdoor.net/" "Mozilla/5.0 (Windows NT 6.3; Win64; x64) AppleWebKit/537.36 (KHTML, like Gecko) Chrome/83.0.4103.61 Safari/537.36"
2.59.49.225 - - [28/Jun/2021:00:07:45 -0400] "GET /index.php/contact/ HTTP/1.0" 200 66890 "https://suncoastoutdoor.net/index.php/contact/" "Mozilla/5.0 (Windows NT 6.3; Win64; x64) AppleWebKit/537.36 (KHTML, like Gecko) Chrome/83.0.4103.61 Safari/537.36"
2.59.49.225 - - [28/Jun/2021:00:07:47 -0400] "POST /index.php/contact/ HTTP/1.0" 200 66954 "https://suncoastoutdoor.net/index.php/contact/" "Mozilla/5.0 (Windows NT 6.3; Win64; x64) AppleWebKit/537.36 (KHTML, like Gecko) Chrome/83.0.4103.61 Safari/537.36"
204.48.19.85 - - [28/Jun/2021:00:07:48 -0400] "POST /wp-cron.php?doing_wp_cron=1624853268.6172389984130859375000 HTTP/1.1" 200 5454 "https://suncoastoutdoor.net/wp-cron.php?doing_wp_cron=1624853268.6172389984130859375000" "WordPress/5.7.2; https://suncoastoutdoor.net"
2.59.49.225 - - [28/Jun/2021:00:07:48 -0400] "GET /index.php/contact/ HTTP/1.0" 200 66890 "https://suncoastoutdoor.net/index.php/contact/" "Mozilla/5.0 (Windows NT 6.3; Win64; x64) AppleWebKit/537.36 (KHTML, like Gecko) Chrome/83.0.4103.61 Safari/537.36"
2.59.49.225 - - [28/Jun/2021:00:07:49 -0400] "GET /index.php/contact/ HTTP/1.0" 200 66908 "https://suncoastoutdoor.net/index.php/contact/" "Mozilla/5.0 (Windows NT 6.3; Win64; x64) AppleWebKit/537.36 (KHTML, like Gecko) Chrome/83.0.4103.61 Safari/537.36"
2.59.49.225 - - [28/Jun/2021:00:07:51 -0400] "GET /index.php/author/root/ HTTP/1.0" 200 51071 "https://suncoastoutdoor.net/index.php/author/root/" "Mozilla/5.0 (Windows NT 6.3; Win64; x64) AppleWebKit/537.36 (KHTML, like Gecko) Chrome/83.0.4103.61 Safari/537.36"
204.48.19.85 - - [28/Jun/2021:00:12:24 -0400] "POST /wp-cron.php?doing_wp_cron=1624853544.8120009899139404296875 HTTP/1.1" 200 5454 "https://suncoastoutdoor.net/wp-cron.php?doing_wp_cron=1624853544.8120009899139404296875" "WordPress/5.7.2; https://suncoastoutdoor.net"
134.209.157.198 - - [28/Jun/2021:00:12:24 -0400] "POST /wp-login.php HTTP/1.1" 200 8053 "-" "Mozilla/5.0 (Windows NT 10.0; Win64; x64) AppleWebKit/537.36 (KHTML, like Gecko) Chrome/64.0.3282.140 Safari/537.36"
162.144.113.126 - - [28/Jun/2021:00:25:16 -0400] "GET /wp-login.php HTTP/1.1" 200 7224 "-" "Mozilla/5.0 (X11; Ubuntu; Linux x86_64; rv:62.0) Gecko/20100101 Firefox/62.0"
204.48.19.85 - - [28/Jun/2021:00:25:16 -0400] "POST /wp-cron.php?doing_wp_cron=1624854316.4210879802703857421875 HTTP/1.1" 200 5438 "https://suncoastoutdoor.net/wp-cron.php?doing_wp_cron=1624854316.4210879802703857421875" "WordPress/5.7.2; https://suncoastoutdoor.net"
162.144.113.126 - - [28/Jun/2021:00:25:18 -0400] "POST /wp-login.php HTTP/1.1" 200 7349 "-" "Mozilla/5.0 (X11; Ubuntu; Linux x86_64; rv:62.0) Gecko/20100101 Firefox/62.0"
162.144.113.126 - - [28/Jun/2021:00:25:22 -0400] "GET /wp-login.php HTTP/1.1" 200 7224 "-" "Mozilla/5.0 (X11; Ubuntu; Linux x86_64; rv:62.0) Gecko/20100101 Firefox/62.0"
162.144.113.126 - - [28/Jun/2021:00:25:29 -0400] "POST /wp-login.php HTTP/1.1" 200 7350 "-" "Mozilla/5.0 (X11; Ubuntu; Linux x86_64; rv:62.0) Gecko/20100101 Firefox/62.0"
162.144.113.126 - - [28/Jun/2021:00:25:30 -0400] "POST /xmlrpc.php HTTP/1.1" 200 4979 "-" "Mozilla/5.0 (X11; Ubuntu; Linux x86_64; rv:62.0) Gecko/20100101 Firefox/62.0"
204.48.19.85 - - [28/Jun/2021:00:39:43 -0400] "POST /wp-cron.php?doing_wp_cron=1624855183.4373788833618164062500 HTTP/1.1" 200 5422 "https://suncoastoutdoor.net/wp-cron.php?doing_wp_cron=1624855183.4373788833618164062500" "WordPress/5.7.2; https://suncoastoutdoor.net"
143.110.154.144 - - [28/Jun/2021:00:39:43 -0400] "GET /wp-login.php HTTP/1.1" 200 7224 "-" "Mozilla/5.0 (X11; Ubuntu; Linux x86_64; rv:62.0) Gecko/20100101 Firefox/62.0"
143.110.154.144 - - [28/Jun/2021:00:39:44 -0400] "POST /wp-login.php HTTP/1.1" 200 7349 "-" "Mozilla/5.0 (X11; Ubuntu; Linux x86_64; rv:62.0) Gecko/20100101 Firefox/62.0"
204.48.19.85 - - [28/Jun/2021:00:51:59 -0400] "POST /wp-cron.php?doing_wp_cron=1624855919.1761639118194580078125 HTTP/1.1" 200 5438 "https://suncoastoutdoor.net/wp-cron.php?doing_wp_cron=1624855919.1761639118194580078125" "WordPress/5.7.2; https://suncoastoutdoor.net"
92.118.160.13 - - [28/Jun/2021:00:51:59 -0400] "GET / HTTP/1.1" 200 128891 "-" "NetSystemsResearch studies the availability of various services across the internet. Our website is netsystemsresearch.com"
165.22.53.233 - - [28/Jun/2021:00:52:44 -0400] "GET /wp-login.php HTTP/1.1" 200 7224 "-" "Mozilla/5.0 (X11; Ubuntu; Linux x86_64; rv:62.0) Gecko/20100101 Firefox/62.0"
204.48.19.85 - - [28/Jun/2021:00:52:50 -0400] "POST /wp-cron.php?doing_wp_cron=1624855970.5219390392303466796875 HTTP/1.1" 200 5422 "https://suncoastoutdoor.net/wp-cron.php?doing_wp_cron=1624855970.5219390392303466796875" "WordPress/5.7.2; https://suncoastoutdoor.net"
165.22.53.233 - - [28/Jun/2021:00:52:50 -0400] "POST /wp-login.php HTTP/1.1" 200 7349 "-" "Mozilla/5.0 (X11; Ubuntu; Linux x86_64; rv:62.0) Gecko/20100101 Firefox/62.0"
165.22.53.233 - - [28/Jun/2021:00:52:52 -0400] "GET /wp-login.php HTTP/1.1" 200 7224 "-" "Mozilla/5.0 (X11; Ubuntu; Linux x86_64; rv:62.0) Gecko/20100101 Firefox/62.0"
165.22.53.233 - - [28/Jun/2021:00:52:53 -0400] "POST /wp-login.php HTTP/1.1" 200 7350 "-" "Mozilla/5.0 (X11; Ubuntu; Linux x86_64; rv:62.0) Gecko/20100101 Firefox/62.0"
165.22.53.233 - - [28/Jun/2021:00:52:59 -0400] "POST /xmlrpc.php HTTP/1.1" 200 4979 "-" "Mozilla/5.0 (X11; Ubuntu; Linux x86_64; rv:62.0) Gecko/20100101 Firefox/62.0"
204.48.19.85 - - [28/Jun/2021:00:58:05 -0400] "POST /wp-cron.php?doing_wp_cron=1624856285.1945769786834716796875 HTTP/1.1" 200 5438 "https://suncoastoutdoor.net/wp-cron.php?doing_wp_cron=1624856285.1945769786834716796875" "WordPress/5.7.2; https://suncoastoutdoor.net"
54.36.160.184 - - [28/Jun/2021:00:58:04 -0400] "POST /wp-login.php HTTP/1.1" 200 8052 "-" "Mozilla/5.0 (Windows NT 6.1; WOW64) AppleWebKit/537.36 (KHTML, like Gecko) Chrome/41.0.2272.101 Safari/537.36"
204.48.19.85 - - [28/Jun/2021:01:02:53 -0400] "POST /wp-cron.php?doing_wp_cron=1624856573.8967928886413574218750 HTTP/1.1" 200 5454 "https://suncoastoutdoor.net/wp-cron.php?doing_wp_cron=1624856573.8967928886413574218750" "WordPress/5.7.2; https://suncoastoutdoor.net"
45.167.178.72 - - [28/Jun/2021:01:02:53 -0400] "GET /wp-login.php HTTP/1.1" 200 7224 "-" "Mozilla/5.0 (X11; Ubuntu; Linux x86_64; rv:62.0) Gecko/20100101 Firefox/62.0"
45.167.178.72 - - [28/Jun/2021:01:02:56 -0400] "POST /wp-login.php HTTP/1.1" 200 7349 "-" "Mozilla/5.0 (X11; Ubuntu; Linux x86_64; rv:62.0) Gecko/20100101 Firefox/62.0"
45.167.178.72 - - [28/Jun/2021:01:02:59 -0400] "GET /wp-login.php HTTP/1.1" 200 7224 "-" "Mozilla/5.0 (X11; Ubuntu; Linux x86_64; rv:62.0) Gecko/20100101 Firefox/62.0"
45.167.178.72 - - [28/Jun/2021:01:03:04 -0400] "POST /wp-login.php HTTP/1.1" 200 7326 "-" "Mozilla/5.0 (X11; Ubuntu; Linux x86_64; rv:62.0) Gecko/20100101 Firefox/62.0"
45.167.178.72 - - [28/Jun/2021:01:03:08 -0400] "POST /xmlrpc.php HTTP/1.1" 200 4979 "-" "Mozilla/5.0 (X11; Ubuntu; Linux x86_64; rv:62.0) Gecko/20100101 Firefox/62.0"
20.102.75.95 - - [28/Jun/2021:01:07:32 -0400] "GET //vendor/phpunit/phpunit/phpunit.xsd HTTP/1.1" 301 617 "-" "Mozilla/5.0 (X11; Linux x86_64; rv:52.0) Gecko/20100101 Firefox/52.0"
20.102.75.95 - - [28/Jun/2021:01:07:35 -0400] "GET /vendor/phpunit/phpunit/phpunit.xsd HTTP/1.1" 404 5066 "-" "Mozilla/5.0 (X11; Linux x86_64; rv:52.0) Gecko/20100101 Firefox/52.0"
204.48.19.85 - - [28/Jun/2021:01:09:59 -0400] "POST /wp-cron.php?doing_wp_cron=1624856999.4557991027832031250000 HTTP/1.1" 200 5422 "https://suncoastoutdoor.net/wp-cron.php?doing_wp_cron=1624856999.4557991027832031250000" "WordPress/5.7.2; https://suncoastoutdoor.net"
151.236.34.192 - - [28/Jun/2021:01:09:59 -0400] "GET /wp-login.php HTTP/1.1" 200 7224 "-" "Mozilla/5.0 (X11; Ubuntu; Linux x86_64; rv:62.0) Gecko/20100101 Firefox/62.0"
151.236.34.192 - - [28/Jun/2021:01:09:59 -0400] "POST /wp-login.php HTTP/1.1" 200 7349 "-" "Mozilla/5.0 (X11; Ubuntu; Linux x86_64; rv:62.0) Gecko/20100101 Firefox/62.0"
151.236.34.192 - - [28/Jun/2021:01:10:00 -0400] "GET /wp-login.php HTTP/1.1" 200 7224 "-" "Mozilla/5.0 (X11; Ubuntu; Linux x86_64; rv:62.0) Gecko/20100101 Firefox/62.0"
151.236.34.192 - - [28/Jun/2021:01:10:00 -0400] "POST /wp-login.php HTTP/1.1" 200 7326 "-" "Mozilla/5.0 (X11; Ubuntu; Linux x86_64; rv:62.0) Gecko/20100101 Firefox/62.0"
151.236.34.192 - - [28/Jun/2021:01:10:01 -0400] "POST /xmlrpc.php HTTP/1.1" 200 4979 "-" "Mozilla/5.0 (X11; Ubuntu; Linux x86_64; rv:62.0) Gecko/20100101 Firefox/62.0"
204.48.19.85 - - [28/Jun/2021:01:15:24 -0400] "POST /wp-cron.php?doing_wp_cron=1624857324.9678020477294921875000 HTTP/1.1" 200 5454 "https://suncoastoutdoor.net/wp-cron.php?doing_wp_cron=1624857324.9678020477294921875000" "WordPress/5.7.2; https://suncoastoutdoor.net"
91.134.248.192 - - [28/Jun/2021:01:15:24 -0400] "POST /wp-login.php HTTP/1.1" 200 8058 "-" "Mozilla/5.0 (Windows NT 6.1; WOW64) AppleWebKit/537.36 (KHTML, like Gecko) Chrome/36.0.1985.125 Safari/537.36"
39.129.13.12 - - [28/Jun/2021:01:16:41 -0400] "GET /wp-login.php HTTP/1.0" 301 573 "http://suncoastoutdoor.net/wp-login.php" "Mozilla/5.0 (Windows NT 10.0; Win64; x64) AppleWebKit/537.36 (KHTML, like Gecko) Chrome/83.0.4098.0 Safari/537.36"
39.129.13.12 - - [28/Jun/2021:01:16:42 -0400] "GET / HTTP/1.0" 301 549 "http://suncoastoutdoor.net/" "Mozilla/5.0 (Windows NT 10.0; Win64; x64) AppleWebKit/537.36 (KHTML, like Gecko) Chrome/83.0.4098.0 Safari/537.36"
204.48.19.85 - - [28/Jun/2021:01:16:47 -0400] "POST /wp-cron.php?doing_wp_cron=1624857407.5934998989105224609375 HTTP/1.1" 200 5438 "https://suncoastoutdoor.net/wp-cron.php?doing_wp_cron=1624857407.5934998989105224609375" "WordPress/5.7.2; https://suncoastoutdoor.net"
39.129.13.12 - - [28/Jun/2021:01:16:47 -0400] "GET / HTTP/1.0" 200 128639 "https://suncoastoutdoor.net/" "Mozilla/5.0 (Windows NT 10.0; Win64; x64) AppleWebKit/537.36 (KHTML, like Gecko) Chrome/83.0.4098.0 Safari/537.36"
204.48.19.85 - - [28/Jun/2021:01:16:55 -0400] "POST /wp-cron.php?doing_wp_cron=1624857415.1450591087341308593750 HTTP/1.1" 200 5454 "https://suncoastoutdoor.net/wp-cron.php?doing_wp_cron=1624857415.1450591087341308593750" "WordPress/5.7.2; https://suncoastoutdoor.net"
39.129.13.12 - - [28/Jun/2021:01:16:54 -0400] "GET /index.php/contact/ HTTP/1.0" 200 66914 "https://suncoastoutdoor.net/index.php/contact/" "Mozilla/5.0 (Windows NT 10.0; Win64; x64) AppleWebKit/537.36 (KHTML, like Gecko) Chrome/83.0.4098.0 Safari/537.36"
39.129.13.12 - - [28/Jun/2021:01:16:59 -0400] "POST /index.php/contact/ HTTP/1.0" 200 66968 "https://suncoastoutdoor.net/index.php/contact/" "Mozilla/5.0 (Windows NT 10.0; Win64; x64) AppleWebKit/537.36 (KHTML, like Gecko) Chrome/83.0.4098.0 Safari/537.36"
204.48.19.85 - - [28/Jun/2021:01:20:07 -0400] "POST /wp-cron.php?doing_wp_cron=1624857607.2791330814361572265625 HTTP/1.1" 200 5438 "https://suncoastoutdoor.net/wp-cron.php?doing_wp_cron=1624857607.2791330814361572265625" "WordPress/5.7.2; https://suncoastoutdoor.net"
167.71.102.17 - - [28/Jun/2021:01:20:07 -0400] "GET /wp-login.php HTTP/1.1" 200 7224 "-" "Mozilla/5.0 (X11; Ubuntu; Linux x86_64; rv:62.0) Gecko/20100101 Firefox/62.0"
167.71.102.17 - - [28/Jun/2021:01:20:08 -0400] "POST /wp-login.php HTTP/1.1" 200 7349 "-" "Mozilla/5.0 (X11; Ubuntu; Linux x86_64; rv:62.0) Gecko/20100101 Firefox/62.0"
167.71.102.17 - - [28/Jun/2021:01:20:09 -0400] "GET /wp-login.php HTTP/1.1" 200 7224 "-" "Mozilla/5.0 (X11; Ubuntu; Linux x86_64; rv:62.0) Gecko/20100101 Firefox/62.0"
167.71.102.17 - - [28/Jun/2021:01:20:11 -0400] "POST /wp-login.php HTTP/1.1" 200 7326 "-" "Mozilla/5.0 (X11; Ubuntu; Linux x86_64; rv:62.0) Gecko/20100101 Firefox/62.0"
167.71.102.17 - - [28/Jun/2021:01:20:11 -0400] "POST /xmlrpc.php HTTP/1.1" 200 4979 "-" "Mozilla/5.0 (X11; Ubuntu; Linux x86_64; rv:62.0) Gecko/20100101 Firefox/62.0"
204.48.19.85 - - [28/Jun/2021:01:28:57 -0400] "POST /wp-cron.php?doing_wp_cron=1624858137.2787709236145019531250 HTTP/1.1" 200 5422 "https://suncoastoutdoor.net/wp-cron.php?doing_wp_cron=1624858137.2787709236145019531250" "WordPress/5.7.2; https://suncoastoutdoor.net"
42.200.180.31 - - [28/Jun/2021:01:28:57 -0400] "POST /wp-login.php HTTP/1.1" 200 8053 "-" "Mozilla/5.0 (Windows NT 6.1) AppleWebKit/537.36 (KHTML, like Gecko) Chrome/62.0.3202.94 Safari/537.36"
208.109.8.126 - - [28/Jun/2021:01:29:28 -0400] "GET /wp-login.php HTTP/1.1" 200 7224 "-" "Mozilla/5.0 (X11; Ubuntu; Linux x86_64; rv:62.0) Gecko/20100101 Firefox/62.0"
208.109.8.126 - - [28/Jun/2021:01:29:29 -0400] "POST /wp-login.php HTTP/1.1" 200 7349 "-" "Mozilla/5.0 (X11; Ubuntu; Linux x86_64; rv:62.0) Gecko/20100101 Firefox/62.0"
208.109.8.126 - - [28/Jun/2021:01:29:30 -0400] "GET /wp-login.php HTTP/1.1" 200 7224 "-" "Mozilla/5.0 (X11; Ubuntu; Linux x86_64; rv:62.0) Gecko/20100101 Firefox/62.0"
208.109.8.126 - - [28/Jun/2021:01:29:31 -0400] "POST /wp-login.php HTTP/1.1" 200 7326 "-" "Mozilla/5.0 (X11; Ubuntu; Linux x86_64; rv:62.0) Gecko/20100101 Firefox/62.0"
208.109.8.126 - - [28/Jun/2021:01:29:33 -0400] "POST /xmlrpc.php HTTP/1.1" 200 4979 "-" "Mozilla/5.0 (X11; Ubuntu; Linux x86_64; rv:62.0) Gecko/20100101 Firefox/62.0"
204.48.19.85 - - [28/Jun/2021:01:29:48 -0400] "POST /wp-cron.php?doing_wp_cron=1624858188.2568519115447998046875 HTTP/1.1" 200 5454 "https://suncoastoutdoor.net/wp-cron.php?doing_wp_cron=1624858188.2568519115447998046875" "WordPress/5.7.2; https://suncoastoutdoor.net"
18.117.57.154 - - [28/Jun/2021:01:29:48 -0400] "POST /wp-login.php HTTP/1.1" 200 8052 "-" "Mozilla/5.0 (Windows NT 6.1; WOW64) AppleWebKit/537.36 (KHTML, like Gecko) Chrome/36.0.1985.125 Safari/537.36"
204.48.19.85 - - [28/Jun/2021:01:38:09 -0400] "POST /wp-cron.php?doing_wp_cron=1624858689.4476211071014404296875 HTTP/1.1" 200 5438 "https://suncoastoutdoor.net/wp-cron.php?doing_wp_cron=1624858689.4476211071014404296875" "WordPress/5.7.2; https://suncoastoutdoor.net"
161.35.116.59 - - [28/Jun/2021:01:38:09 -0400] "GET /wp-login.php HTTP/1.1" 200 7224 "-" "Mozilla/5.0 (X11; Ubuntu; Linux x86_64; rv:62.0) Gecko/20100101 Firefox/62.0"
161.35.116.59 - - [28/Jun/2021:01:38:14 -0400] "POST /wp-login.php HTTP/1.1" 200 7349 "-" "Mozilla/5.0 (X11; Ubuntu; Linux x86_64; rv:62.0) Gecko/20100101 Firefox/62.0"
161.35.116.59 - - [28/Jun/2021:01:38:19 -0400] "GET /wp-login.php HTTP/1.1" 200 7224 "-" "Mozilla/5.0 (X11; Ubuntu; Linux x86_64; rv:62.0) Gecko/20100101 Firefox/62.0"
161.35.116.59 - - [28/Jun/2021:01:38:30 -0400] "POST /wp-login.php HTTP/1.1" 200 7326 "-" "Mozilla/5.0 (X11; Ubuntu; Linux x86_64; rv:62.0) Gecko/20100101 Firefox/62.0"
161.35.116.59 - - [28/Jun/2021:01:38:35 -0400] "POST /xmlrpc.php HTTP/1.1" 200 4979 "-" "Mozilla/5.0 (X11; Ubuntu; Linux x86_64; rv:62.0) Gecko/20100101 Firefox/62.0"
204.48.19.85 - - [28/Jun/2021:01:45:46 -0400] "POST /wp-cron.php?doing_wp_cron=1624859146.4709839820861816406250 HTTP/1.1" 200 5438 "https://suncoastoutdoor.net/wp-cron.php?doing_wp_cron=1624859146.4709839820861816406250" "WordPress/5.7.2; https://suncoastoutdoor.net"
89.252.137.57 - - [28/Jun/2021:01:45:46 -0400] "GET /wp-login.php HTTP/1.1" 200 7224 "-" "Mozilla/5.0 (X11; Ubuntu; Linux x86_64; rv:62.0) Gecko/20100101 Firefox/62.0"
89.252.137.57 - - [28/Jun/2021:01:45:47 -0400] "POST /wp-login.php HTTP/1.1" 200 7349 "-" "Mozilla/5.0 (X11; Ubuntu; Linux x86_64; rv:62.0) Gecko/20100101 Firefox/62.0"
204.48.19.85 - - [28/Jun/2021:01:45:48 -0400] "POST /wp-cron.php?doing_wp_cron=1624859148.5401821136474609375000 HTTP/1.1" 200 5422 "https://suncoastoutdoor.net/wp-cron.php?doing_wp_cron=1624859148.5401821136474609375000" "WordPress/5.7.2; https://suncoastoutdoor.net"
89.252.137.57 - - [28/Jun/2021:01:45:48 -0400] "GET /wp-login.php HTTP/1.1" 200 7224 "-" "Mozilla/5.0 (X11; Ubuntu; Linux x86_64; rv:62.0) Gecko/20100101 Firefox/62.0"
89.252.137.57 - - [28/Jun/2021:01:45:49 -0400] "POST /wp-login.php HTTP/1.1" 200 7350 "-" "Mozilla/5.0 (X11; Ubuntu; Linux x86_64; rv:62.0) Gecko/20100101 Firefox/62.0"
89.252.137.57 - - [28/Jun/2021:01:45:50 -0400] "POST /xmlrpc.php HTTP/1.1" 200 4979 "-" "Mozilla/5.0 (X11; Ubuntu; Linux x86_64; rv:62.0) Gecko/20100101 Firefox/62.0"
204.48.19.85 - - [28/Jun/2021:01:52:10 -0400] "POST /wp-cron.php?doing_wp_cron=1624859530.9805350303649902343750 HTTP/1.1" 200 5438 "https://suncoastoutdoor.net/wp-cron.php?doing_wp_cron=1624859530.9805350303649902343750" "WordPress/5.7.2; https://suncoastoutdoor.net"
157.245.218.180 - - [28/Jun/2021:01:52:10 -0400] "POST /wp-login.php HTTP/1.1" 200 8053 "-" "Mozilla/5.0 (Windows NT 6.3; Win64; x64) AppleWebKit/537.36 (KHTML, like Gecko) Chrome/62.0.3202.94 Safari/537.36"
204.48.19.85 - - [28/Jun/2021:01:54:21 -0400] "POST /wp-cron.php?doing_wp_cron=1624859661.5491011142730712890625 HTTP/1.1" 200 5454 "https://suncoastoutdoor.net/wp-cron.php?doing_wp_cron=1624859661.5491011142730712890625" "WordPress/5.7.2; https://suncoastoutdoor.net"
51.178.53.9 - - [28/Jun/2021:01:54:21 -0400] "GET /wp-login.php HTTP/1.1" 200 7224 "-" "Mozilla/5.0 (X11; Ubuntu; Linux x86_64; rv:62.0) Gecko/20100101 Firefox/62.0"
51.178.53.9 - - [28/Jun/2021:01:54:22 -0400] "POST /wp-login.php HTTP/1.1" 200 7349 "-" "Mozilla/5.0 (X11; Ubuntu; Linux x86_64; rv:62.0) Gecko/20100101 Firefox/62.0"
51.178.53.9 - - [28/Jun/2021:01:54:23 -0400] "GET /wp-login.php HTTP/1.1" 200 7224 "-" "Mozilla/5.0 (X11; Ubuntu; Linux x86_64; rv:62.0) Gecko/20100101 Firefox/62.0"
51.178.53.9 - - [28/Jun/2021:01:54:23 -0400] "POST /wp-login.php HTTP/1.1" 200 7350 "-" "Mozilla/5.0 (X11; Ubuntu; Linux x86_64; rv:62.0) Gecko/20100101 Firefox/62.0"
51.178.53.9 - - [28/Jun/2021:01:54:24 -0400] "POST /xmlrpc.php HTTP/1.1" 200 4979 "-" "Mozilla/5.0 (X11; Ubuntu; Linux x86_64; rv:62.0) Gecko/20100101 Firefox/62.0"
204.48.19.85 - - [28/Jun/2021:01:59:37 -0400] "POST /wp-cron.php?doing_wp_cron=1624859977.0037910938262939453125 HTTP/1.1" 200 5422 "https://suncoastoutdoor.net/wp-cron.php?doing_wp_cron=1624859977.0037910938262939453125" "WordPress/5.7.2; https://suncoastoutdoor.net"
51.132.4.32 - - [28/Jun/2021:01:59:36 -0400] "POST /wp-login.php HTTP/1.1" 200 8052 "-" "Mozilla/5.0 (Windows NT 6.1) AppleWebKit/537.36 (KHTML, like Gecko) Chrome/80.0.3987.149 Safari/537.36"
204.48.19.85 - - [28/Jun/2021:02:01:56 -0400] "POST /wp-cron.php?doing_wp_cron=1624860116.6710300445556640625000 HTTP/1.1" 200 5454 "https://suncoastoutdoor.net/wp-cron.php?doing_wp_cron=1624860116.6710300445556640625000" "WordPress/5.7.2; https://suncoastoutdoor.net"
178.128.228.54 - - [28/Jun/2021:02:01:56 -0400] "GET /wp-login.php HTTP/1.1" 200 7224 "-" "Mozilla/5.0 (X11; Ubuntu; Linux x86_64; rv:62.0) Gecko/20100101 Firefox/62.0"
178.128.228.54 - - [28/Jun/2021:02:01:57 -0400] "POST /wp-login.php HTTP/1.1" 200 7349 "-" "Mozilla/5.0 (X11; Ubuntu; Linux x86_64; rv:62.0) Gecko/20100101 Firefox/62.0"
178.128.228.54 - - [28/Jun/2021:02:01:57 -0400] "GET /wp-login.php HTTP/1.1" 200 7224 "-" "Mozilla/5.0 (X11; Ubuntu; Linux x86_64; rv:62.0) Gecko/20100101 Firefox/62.0"
178.128.228.54 - - [28/Jun/2021:02:01:58 -0400] "POST /wp-login.php HTTP/1.1" 200 7350 "-" "Mozilla/5.0 (X11; Ubuntu; Linux x86_64; rv:62.0) Gecko/20100101 Firefox/62.0"
178.128.228.54 - - [28/Jun/2021:02:01:58 -0400] "POST /xmlrpc.php HTTP/1.1" 200 4979 "-" "Mozilla/5.0 (X11; Ubuntu; Linux x86_64; rv:62.0) Gecko/20100101 Firefox/62.0"
204.48.19.85 - - [28/Jun/2021:02:09:45 -0400] "POST /wp-cron.php?doing_wp_cron=1624860585.6124339103698730468750 HTTP/1.1" 200 5438 "https://suncoastoutdoor.net/wp-cron.php?doing_wp_cron=1624860585.6124339103698730468750" "WordPress/5.7.2; https://suncoastoutdoor.net"
165.227.206.42 - - [28/Jun/2021:02:09:45 -0400] "POST /wp-login.php HTTP/1.1" 200 7347 "-" "Mozilla/5.0 (X11; Ubuntu; Linux x86_64; rv:62.0) Gecko/20100101 Firefox/62.0"
165.227.206.42 - - [28/Jun/2021:02:09:45 -0400] "GET /wp-login.php HTTP/1.1" 200 7224 "-" "Mozilla/5.0 (X11; Ubuntu; Linux x86_64; rv:62.0) Gecko/20100101 Firefox/62.0"
204.48.19.85 - - [28/Jun/2021:02:10:01 -0400] "POST /wp-cron.php?doing_wp_cron=1624860601.3997280597686767578125 HTTP/1.1" 200 5454 "https://suncoastoutdoor.net/wp-cron.php?doing_wp_cron=1624860601.3997280597686767578125" "WordPress/5.7.2; https://suncoastoutdoor.net"
165.227.206.42 - - [28/Jun/2021:02:10:01 -0400] "POST /xmlrpc.php HTTP/1.1" 200 4979 "-" "Mozilla/5.0 (X11; Ubuntu; Linux x86_64; rv:62.0) Gecko/20100101 Firefox/62.0"
204.48.19.85 - - [28/Jun/2021:02:19:39 -0400] "POST /wp-cron.php?doing_wp_cron=1624861179.1628720760345458984375 HTTP/1.1" 200 5454 "https://suncoastoutdoor.net/wp-cron.php?doing_wp_cron=1624861179.1628720760345458984375" "WordPress/5.7.2; https://suncoastoutdoor.net"
64.227.0.234 - - [28/Jun/2021:02:19:39 -0400] "GET /wp-login.php HTTP/1.1" 200 7224 "-" "Mozilla/5.0 (X11; Ubuntu; Linux x86_64; rv:62.0) Gecko/20100101 Firefox/62.0"
64.227.0.234 - - [28/Jun/2021:02:19:40 -0400] "POST /wp-login.php HTTP/1.1" 200 7349 "-" "Mozilla/5.0 (X11; Ubuntu; Linux x86_64; rv:62.0) Gecko/20100101 Firefox/62.0"
64.227.0.234 - - [28/Jun/2021:02:19:41 -0400] "GET /wp-login.php HTTP/1.1" 200 7224 "-" "Mozilla/5.0 (X11; Ubuntu; Linux x86_64; rv:62.0) Gecko/20100101 Firefox/62.0"
64.227.0.234 - - [28/Jun/2021:02:19:41 -0400] "POST /wp-login.php HTTP/1.1" 200 7350 "-" "Mozilla/5.0 (X11; Ubuntu; Linux x86_64; rv:62.0) Gecko/20100101 Firefox/62.0"
64.227.0.234 - - [28/Jun/2021:02:19:42 -0400] "POST /xmlrpc.php HTTP/1.1" 200 4979 "-" "Mozilla/5.0 (X11; Ubuntu; Linux x86_64; rv:62.0) Gecko/20100101 Firefox/62.0"
204.48.19.85 - - [28/Jun/2021:02:27:28 -0400] "POST /wp-cron.php?doing_wp_cron=1624861648.9488890171051025390625 HTTP/1.1" 200 5438 "https://suncoastoutdoor.net/wp-cron.php?doing_wp_cron=1624861648.9488890171051025390625" "WordPress/5.7.2; https://suncoastoutdoor.net"
192.163.197.220 - - [28/Jun/2021:02:27:28 -0400] "GET /wp-login.php HTTP/1.1" 200 7224 "-" "Mozilla/5.0 (X11; Ubuntu; Linux x86_64; rv:62.0) Gecko/20100101 Firefox/62.0"
192.163.197.220 - - [28/Jun/2021:02:27:29 -0400] "POST /wp-login.php HTTP/1.1" 200 7349 "-" "Mozilla/5.0 (X11; Ubuntu; Linux x86_64; rv:62.0) Gecko/20100101 Firefox/62.0"
192.163.197.220 - - [28/Jun/2021:02:27:29 -0400] "GET /wp-login.php HTTP/1.1" 200 7224 "-" "Mozilla/5.0 (X11; Ubuntu; Linux x86_64; rv:62.0) Gecko/20100101 Firefox/62.0"
192.163.197.220 - - [28/Jun/2021:02:27:30 -0400] "POST /wp-login.php HTTP/1.1" 200 7350 "-" "Mozilla/5.0 (X11; Ubuntu; Linux x86_64; rv:62.0) Gecko/20100101 Firefox/62.0"
192.163.197.220 - - [28/Jun/2021:02:27:30 -0400] "POST /xmlrpc.php HTTP/1.1" 200 4979 "-" "Mozilla/5.0 (X11; Ubuntu; Linux x86_64; rv:62.0) Gecko/20100101 Firefox/62.0"
204.48.19.85 - - [28/Jun/2021:02:27:57 -0400] "POST /wp-cron.php?doing_wp_cron=1624861677.1594350337982177734375 HTTP/1.1" 200 5422 "https://suncoastoutdoor.net/wp-cron.php?doing_wp_cron=1624861677.1594350337982177734375" "WordPress/5.7.2; https://suncoastoutdoor.net"
95.217.3.203 - - [28/Jun/2021:02:27:56 -0400] "POST /wp-login.php HTTP/1.1" 200 8058 "-" "Mozilla/5.0 (Windows NT 10.0; Win64; x64) AppleWebKit/537.36 (KHTML, like Gecko) Chrome/87.0.4280.88 Safari/537.36"
204.48.19.85 - - [28/Jun/2021:02:37:44 -0400] "POST /wp-cron.php?doing_wp_cron=1624862264.8270061016082763671875 HTTP/1.1" 200 5422 "https://suncoastoutdoor.net/wp-cron.php?doing_wp_cron=1624862264.8270061016082763671875" "WordPress/5.7.2; https://suncoastoutdoor.net"
161.35.106.236 - - [28/Jun/2021:02:37:44 -0400] "GET /wp-login.php HTTP/1.1" 200 7224 "-" "Mozilla/5.0 (X11; Ubuntu; Linux x86_64; rv:62.0) Gecko/20100101 Firefox/62.0"
204.48.19.85 - - [28/Jun/2021:02:37:50 -0400] "POST /wp-cron.php?doing_wp_cron=1624862270.2101640701293945312500 HTTP/1.1" 200 5438 "https://suncoastoutdoor.net/wp-cron.php?doing_wp_cron=1624862270.2101640701293945312500" "WordPress/5.7.2; https://suncoastoutdoor.net"
161.35.106.236 - - [28/Jun/2021:02:37:50 -0400] "POST /wp-login.php HTTP/1.1" 200 7349 "-" "Mozilla/5.0 (X11; Ubuntu; Linux x86_64; rv:62.0) Gecko/20100101 Firefox/62.0"
161.35.106.236 - - [28/Jun/2021:02:37:50 -0400] "GET /wp-login.php HTTP/1.1" 200 7224 "-" "Mozilla/5.0 (X11; Ubuntu; Linux x86_64; rv:62.0) Gecko/20100101 Firefox/62.0"
161.35.106.236 - - [28/Jun/2021:02:37:50 -0400] "POST /wp-login.php HTTP/1.1" 200 7350 "-" "Mozilla/5.0 (X11; Ubuntu; Linux x86_64; rv:62.0) Gecko/20100101 Firefox/62.0"
161.35.106.236 - - [28/Jun/2021:02:37:55 -0400] "POST /xmlrpc.php HTTP/1.1" 200 4979 "-" "Mozilla/5.0 (X11; Ubuntu; Linux x86_64; rv:62.0) Gecko/20100101 Firefox/62.0"
204.48.19.85 - - [28/Jun/2021:02:39:17 -0400] "POST /wp-cron.php?doing_wp_cron=1624862357.7521328926086425781250 HTTP/1.1" 200 5438 "https://suncoastoutdoor.net/wp-cron.php?doing_wp_cron=1624862357.7521328926086425781250" "WordPress/5.7.2; https://suncoastoutdoor.net"
37.251.142.58 - - [28/Jun/2021:02:39:17 -0400] "POST /wp-login.php HTTP/1.1" 200 8053 "-" "Mozilla/5.0 (Windows NT 10.0; WOW64) AppleWebKit/537.36 (KHTML, like Gecko) Chrome/46.0.2490.86 Safari/537.36"
204.48.19.85 - - [28/Jun/2021:02:44:17 -0400] "POST /wp-cron.php?doing_wp_cron=1624862657.0202169418334960937500 HTTP/1.1" 200 5438 "https://suncoastoutdoor.net/wp-cron.php?doing_wp_cron=1624862657.0202169418334960937500" "WordPress/5.7.2; https://suncoastoutdoor.net"
92.60.224.50 - - [28/Jun/2021:02:44:16 -0400] "GET /wp-login.php HTTP/1.1" 200 7224 "-" "Mozilla/5.0 (X11; Ubuntu; Linux x86_64; rv:62.0) Gecko/20100101 Firefox/62.0"
92.60.224.50 - - [28/Jun/2021:02:44:17 -0400] "POST /wp-login.php HTTP/1.1" 200 7349 "-" "Mozilla/5.0 (X11; Ubuntu; Linux x86_64; rv:62.0) Gecko/20100101 Firefox/62.0"
92.60.224.50 - - [28/Jun/2021:02:44:18 -0400] "GET /wp-login.php HTTP/1.1" 200 7224 "-" "Mozilla/5.0 (X11; Ubuntu; Linux x86_64; rv:62.0) Gecko/20100101 Firefox/62.0"
92.60.224.50 - - [28/Jun/2021:02:44:18 -0400] "POST /wp-login.php HTTP/1.1" 200 7350 "-" "Mozilla/5.0 (X11; Ubuntu; Linux x86_64; rv:62.0) Gecko/20100101 Firefox/62.0"
92.60.224.50 - - [28/Jun/2021:02:44:19 -0400] "POST /xmlrpc.php HTTP/1.1" 200 4979 "-" "Mozilla/5.0 (X11; Ubuntu; Linux x86_64; rv:62.0) Gecko/20100101 Firefox/62.0"
204.48.19.85 - - [28/Jun/2021:02:54:04 -0400] "POST /wp-cron.php?doing_wp_cron=1624863244.4525630474090576171875 HTTP/1.1" 200 5438 "https://suncoastoutdoor.net/wp-cron.php?doing_wp_cron=1624863244.4525630474090576171875" "WordPress/5.7.2; https://suncoastoutdoor.net"
139.59.118.238 - - [28/Jun/2021:02:54:04 -0400] "POST /wp-login.php HTTP/1.1" 200 8053 "-" "Mozilla/5.0 (Windows NT 10.0; WOW64) AppleWebKit/537.36 (KHTML, like Gecko) Chrome/46.0.2490.86 Safari/537.36"
35.202.236.112 - - [28/Jun/2021:02:54:21 -0400] "GET /wp-login.php HTTP/1.1" 200 7224 "-" "Mozilla/5.0 (X11; Ubuntu; Linux x86_64; rv:62.0) Gecko/20100101 Firefox/62.0"
35.202.236.112 - - [28/Jun/2021:02:54:22 -0400] "POST /wp-login.php HTTP/1.1" 200 7349 "-" "Mozilla/5.0 (X11; Ubuntu; Linux x86_64; rv:62.0) Gecko/20100101 Firefox/62.0"
35.202.236.112 - - [28/Jun/2021:02:54:22 -0400] "GET /wp-login.php HTTP/1.1" 200 7224 "-" "Mozilla/5.0 (X11; Ubuntu; Linux x86_64; rv:62.0) Gecko/20100101 Firefox/62.0"
35.202.236.112 - - [28/Jun/2021:02:54:22 -0400] "POST /wp-login.php HTTP/1.1" 200 7350 "-" "Mozilla/5.0 (X11; Ubuntu; Linux x86_64; rv:62.0) Gecko/20100101 Firefox/62.0"
35.202.236.112 - - [28/Jun/2021:02:54:23 -0400] "POST /xmlrpc.php HTTP/1.1" 200 4979 "-" "Mozilla/5.0 (X11; Ubuntu; Linux x86_64; rv:62.0) Gecko/20100101 Firefox/62.0"
204.48.19.85 - - [28/Jun/2021:03:01:36 -0400] "POST /wp-cron.php?doing_wp_cron=1624863696.6470150947570800781250 HTTP/1.1" 200 5438 "https://suncoastoutdoor.net/wp-cron.php?doing_wp_cron=1624863696.6470150947570800781250" "WordPress/5.7.2; https://suncoastoutdoor.net"
128.199.93.165 - - [28/Jun/2021:03:01:36 -0400] "POST /wp-login.php HTTP/1.1" 200 8052 "-" "Mozilla/5.0 (Windows NT 6.3; WOW64) AppleWebKit/537.36 (KHTML, like Gecko) Chrome/46.0.2490.80 Safari/537.36"
204.48.19.85 - - [28/Jun/2021:03:04:46 -0400] "POST /wp-cron.php?doing_wp_cron=1624863886.5498108863830566406250 HTTP/1.1" 200 5438 "https://suncoastoutdoor.net/wp-cron.php?doing_wp_cron=1624863886.5498108863830566406250" "WordPress/5.7.2; https://suncoastoutdoor.net"
174.138.30.233 - - [28/Jun/2021:03:04:46 -0400] "GET /wp-login.php HTTP/1.1" 200 7224 "-" "Mozilla/5.0 (X11; Ubuntu; Linux x86_64; rv:62.0) Gecko/20100101 Firefox/62.0"
174.138.30.233 - - [28/Jun/2021:03:04:47 -0400] "POST /wp-login.php HTTP/1.1" 200 7349 "-" "Mozilla/5.0 (X11; Ubuntu; Linux x86_64; rv:62.0) Gecko/20100101 Firefox/62.0"
204.48.19.85 - - [28/Jun/2021:03:04:49 -0400] "POST /wp-cron.php?doing_wp_cron=1624863889.0603051185607910156250 HTTP/1.1" 200 5438 "https://suncoastoutdoor.net/wp-cron.php?doing_wp_cron=1624863889.0603051185607910156250" "WordPress/5.7.2; https://suncoastoutdoor.net"
174.138.30.233 - - [28/Jun/2021:03:04:48 -0400] "GET /wp-login.php HTTP/1.1" 200 7224 "-" "Mozilla/5.0 (X11; Ubuntu; Linux x86_64; rv:62.0) Gecko/20100101 Firefox/62.0"
174.138.30.233 - - [28/Jun/2021:03:04:55 -0400] "POST /wp-login.php HTTP/1.1" 200 7350 "-" "Mozilla/5.0 (X11; Ubuntu; Linux x86_64; rv:62.0) Gecko/20100101 Firefox/62.0"
174.138.30.233 - - [28/Jun/2021:03:05:01 -0400] "POST /xmlrpc.php HTTP/1.1" 200 4979 "-" "Mozilla/5.0 (X11; Ubuntu; Linux x86_64; rv:62.0) Gecko/20100101 Firefox/62.0"
204.48.19.85 - - [28/Jun/2021:03:11:54 -0400] "POST /wp-cron.php?doing_wp_cron=1624864314.5733850002288818359375 HTTP/1.1" 200 5438 "https://suncoastoutdoor.net/wp-cron.php?doing_wp_cron=1624864314.5733850002288818359375" "WordPress/5.7.2; https://suncoastoutdoor.net"
51.83.42.161 - - [28/Jun/2021:03:11:54 -0400] "GET /wp-login.php HTTP/1.1" 200 7224 "-" "Mozilla/5.0 (X11; Ubuntu; Linux x86_64; rv:62.0) Gecko/20100101 Firefox/62.0"
51.83.42.161 - - [28/Jun/2021:03:11:55 -0400] "POST /wp-login.php HTTP/1.1" 200 7349 "-" "Mozilla/5.0 (X11; Ubuntu; Linux x86_64; rv:62.0) Gecko/20100101 Firefox/62.0"
51.83.42.161 - - [28/Jun/2021:03:11:55 -0400] "GET /wp-login.php HTTP/1.1" 200 7224 "-" "Mozilla/5.0 (X11; Ubuntu; Linux x86_64; rv:62.0) Gecko/20100101 Firefox/62.0"
51.83.42.161 - - [28/Jun/2021:03:11:56 -0400] "POST /wp-login.php HTTP/1.1" 200 7350 "-" "Mozilla/5.0 (X11; Ubuntu; Linux x86_64; rv:62.0) Gecko/20100101 Firefox/62.0"
51.83.42.161 - - [28/Jun/2021:03:11:56 -0400] "POST /xmlrpc.php HTTP/1.1" 200 4979 "-" "Mozilla/5.0 (X11; Ubuntu; Linux x86_64; rv:62.0) Gecko/20100101 Firefox/62.0"
204.48.19.85 - - [28/Jun/2021:03:22:01 -0400] "POST /wp-cron.php?doing_wp_cron=1624864921.5875809192657470703125 HTTP/1.1" 200 5454 "https://suncoastoutdoor.net/wp-cron.php?doing_wp_cron=1624864921.5875809192657470703125" "WordPress/5.7.2; https://suncoastoutdoor.net"
162.241.120.138 - - [28/Jun/2021:03:22:01 -0400] "GET /wp-login.php HTTP/1.1" 200 7224 "-" "Mozilla/5.0 (X11; Ubuntu; Linux x86_64; rv:62.0) Gecko/20100101 Firefox/62.0"
162.241.120.138 - - [28/Jun/2021:03:22:02 -0400] "POST /wp-login.php HTTP/1.1" 200 7349 "-" "Mozilla/5.0 (X11; Ubuntu; Linux x86_64; rv:62.0) Gecko/20100101 Firefox/62.0"
162.241.120.138 - - [28/Jun/2021:03:22:02 -0400] "GET /wp-login.php HTTP/1.1" 200 7224 "-" "Mozilla/5.0 (X11; Ubuntu; Linux x86_64; rv:62.0) Gecko/20100101 Firefox/62.0"
162.241.120.138 - - [28/Jun/2021:03:22:03 -0400] "POST /wp-login.php HTTP/1.1" 200 7350 "-" "Mozilla/5.0 (X11; Ubuntu; Linux x86_64; rv:62.0) Gecko/20100101 Firefox/62.0"
162.241.120.138 - - [28/Jun/2021:03:22:03 -0400] "POST /xmlrpc.php HTTP/1.1" 200 4979 "-" "Mozilla/5.0 (X11; Ubuntu; Linux x86_64; rv:62.0) Gecko/20100101 Firefox/62.0"
204.48.19.85 - - [28/Jun/2021:03:31:45 -0400] "POST /wp-cron.php?doing_wp_cron=1624865505.7402250766754150390625 HTTP/1.1" 200 5454 "https://suncoastoutdoor.net/wp-cron.php?doing_wp_cron=1624865505.7402250766754150390625" "WordPress/5.7.2; https://suncoastoutdoor.net"
178.128.169.213 - - [28/Jun/2021:03:31:45 -0400] "GET /wp-login.php HTTP/1.1" 200 7224 "-" "Mozilla/5.0 (X11; Ubuntu; Linux x86_64; rv:62.0) Gecko/20100101 Firefox/62.0"
178.128.169.213 - - [28/Jun/2021:03:31:46 -0400] "POST /wp-login.php HTTP/1.1" 200 7349 "-" "Mozilla/5.0 (X11; Ubuntu; Linux x86_64; rv:62.0) Gecko/20100101 Firefox/62.0"
178.128.169.213 - - [28/Jun/2021:03:31:46 -0400] "GET /wp-login.php HTTP/1.1" 200 7224 "-" "Mozilla/5.0 (X11; Ubuntu; Linux x86_64; rv:62.0) Gecko/20100101 Firefox/62.0"
178.128.169.213 - - [28/Jun/2021:03:31:47 -0400] "POST /wp-login.php HTTP/1.1" 200 7350 "-" "Mozilla/5.0 (X11; Ubuntu; Linux x86_64; rv:62.0) Gecko/20100101 Firefox/62.0"
204.48.19.85 - - [28/Jun/2021:03:31:48 -0400] "POST /wp-cron.php?doing_wp_cron=1624865508.1083970069885253906250 HTTP/1.1" 200 5454 "https://suncoastoutdoor.net/wp-cron.php?doing_wp_cron=1624865508.1083970069885253906250" "WordPress/5.7.2; https://suncoastoutdoor.net"
178.128.169.213 - - [28/Jun/2021:03:31:47 -0400] "POST /xmlrpc.php HTTP/1.1" 200 4979 "-" "Mozilla/5.0 (X11; Ubuntu; Linux x86_64; rv:62.0) Gecko/20100101 Firefox/62.0"
204.48.19.85 - - [28/Jun/2021:03:40:55 -0400] "POST /wp-cron.php?doing_wp_cron=1624866055.4817969799041748046875 HTTP/1.1" 200 5422 "https://suncoastoutdoor.net/wp-cron.php?doing_wp_cron=1624866055.4817969799041748046875" "WordPress/5.7.2; https://suncoastoutdoor.net"
134.209.157.198 - - [28/Jun/2021:03:40:55 -0400] "POST /wp-login.php HTTP/1.1" 200 8057 "-" "Mozilla/5.0 (Windows NT 6.1) AppleWebKit/537.36 (KHTML, like Gecko) Chrome/65.0.3325.181 Safari/537.36"
178.128.51.162 - - [28/Jun/2021:03:41:33 -0400] "GET /wp-login.php HTTP/1.1" 200 7224 "-" "Mozilla/5.0 (X11; Ubuntu; Linux x86_64; rv:62.0) Gecko/20100101 Firefox/62.0"
178.128.51.162 - - [28/Jun/2021:03:41:37 -0400] "POST /wp-login.php HTTP/1.1" 200 7349 "-" "Mozilla/5.0 (X11; Ubuntu; Linux x86_64; rv:62.0) Gecko/20100101 Firefox/62.0"
178.128.51.162 - - [28/Jun/2021:03:41:40 -0400] "GET /wp-login.php HTTP/1.1" 200 7224 "-" "Mozilla/5.0 (X11; Ubuntu; Linux x86_64; rv:62.0) Gecko/20100101 Firefox/62.0"
178.128.51.162 - - [28/Jun/2021:03:41:42 -0400] "POST /wp-login.php HTTP/1.1" 200 7326 "-" "Mozilla/5.0 (X11; Ubuntu; Linux x86_64; rv:62.0) Gecko/20100101 Firefox/62.0"
178.128.51.162 - - [28/Jun/2021:03:41:44 -0400] "POST /xmlrpc.php HTTP/1.1" 200 4979 "-" "Mozilla/5.0 (X11; Ubuntu; Linux x86_64; rv:62.0) Gecko/20100101 Firefox/62.0"
204.48.19.85 - - [28/Jun/2021:03:50:25 -0400] "POST /wp-cron.php?doing_wp_cron=1624866625.3351159095764160156250 HTTP/1.1" 200 5438 "https://suncoastoutdoor.net/wp-cron.php?doing_wp_cron=1624866625.3351159095764160156250" "WordPress/5.7.2; https://suncoastoutdoor.net"
50.115.120.245 - - [28/Jun/2021:03:50:25 -0400] "GET /wp-login.php HTTP/1.1" 200 7224 "-" "Mozilla/5.0 (X11; Ubuntu; Linux x86_64; rv:62.0) Gecko/20100101 Firefox/62.0"
50.115.120.245 - - [28/Jun/2021:03:50:25 -0400] "POST /wp-login.php HTTP/1.1" 200 7349 "-" "Mozilla/5.0 (X11; Ubuntu; Linux x86_64; rv:62.0) Gecko/20100101 Firefox/62.0"
50.115.120.245 - - [28/Jun/2021:03:50:26 -0400] "GET /wp-login.php HTTP/1.1" 200 7224 "-" "Mozilla/5.0 (X11; Ubuntu; Linux x86_64; rv:62.0) Gecko/20100101 Firefox/62.0"
50.115.120.245 - - [28/Jun/2021:03:50:26 -0400] "POST /wp-login.php HTTP/1.1" 200 7350 "-" "Mozilla/5.0 (X11; Ubuntu; Linux x86_64; rv:62.0) Gecko/20100101 Firefox/62.0"
50.115.120.245 - - [28/Jun/2021:03:50:26 -0400] "POST /xmlrpc.php HTTP/1.1" 200 4979 "-" "Mozilla/5.0 (X11; Ubuntu; Linux x86_64; rv:62.0) Gecko/20100101 Firefox/62.0"
204.48.19.85 - - [28/Jun/2021:03:55:58 -0400] "POST /wp-cron.php?doing_wp_cron=1624866958.8152260780334472656250 HTTP/1.1" 200 5454 "https://suncoastoutdoor.net/wp-cron.php?doing_wp_cron=1624866958.8152260780334472656250" "WordPress/5.7.2; https://suncoastoutdoor.net"
107.180.73.192 - - [28/Jun/2021:03:55:58 -0400] "POST /wp-login.php HTTP/1.1" 200 8053 "-" "Mozilla/5.0 (Windows NT 10.0; WOW64) AppleWebKit/537.36 (KHTML, like Gecko) Chrome/47.0.2526.106 Safari/537.36"
35.205.44.38 - - [28/Jun/2021:03:56:05 -0400] "POST /wp-login.php HTTP/1.1" 200 8052 "-" "Mozilla/5.0 (Windows NT 6.1) AppleWebKit/537.36 (KHTML, like Gecko) Chrome/56.0.2924.87 Safari/537.36"
204.48.19.85 - - [28/Jun/2021:04:01:29 -0400] "POST /wp-cron.php?doing_wp_cron=1624867289.6957259178161621093750 HTTP/1.1" 200 5454 "https://suncoastoutdoor.net/wp-cron.php?doing_wp_cron=1624867289.6957259178161621093750" "WordPress/5.7.2; https://suncoastoutdoor.net"
34.64.218.102 - - [28/Jun/2021:04:01:29 -0400] "GET /wp-login.php HTTP/1.1" 200 7224 "-" "Mozilla/5.0 (X11; Ubuntu; Linux x86_64; rv:62.0) Gecko/20100101 Firefox/62.0"
34.64.218.102 - - [28/Jun/2021:04:01:30 -0400] "POST /wp-login.php HTTP/1.1" 200 7349 "-" "Mozilla/5.0 (X11; Ubuntu; Linux x86_64; rv:62.0) Gecko/20100101 Firefox/62.0"
34.64.218.102 - - [28/Jun/2021:04:01:31 -0400] "GET /wp-login.php HTTP/1.1" 200 7224 "-" "Mozilla/5.0 (X11; Ubuntu; Linux x86_64; rv:62.0) Gecko/20100101 Firefox/62.0"
34.64.218.102 - - [28/Jun/2021:04:01:32 -0400] "POST /wp-login.php HTTP/1.1" 200 7350 "-" "Mozilla/5.0 (X11; Ubuntu; Linux x86_64; rv:62.0) Gecko/20100101 Firefox/62.0"
34.64.218.102 - - [28/Jun/2021:04:01:33 -0400] "POST /xmlrpc.php HTTP/1.1" 200 4979 "-" "Mozilla/5.0 (X11; Ubuntu; Linux x86_64; rv:62.0) Gecko/20100101 Firefox/62.0"
204.48.19.85 - - [28/Jun/2021:04:03:37 -0400] "POST /wp-cron.php?doing_wp_cron=1624867417.4607079029083251953125 HTTP/1.1" 200 5438 "https://suncoastoutdoor.net/wp-cron.php?doing_wp_cron=1624867417.4607079029083251953125" "WordPress/5.7.2; https://suncoastoutdoor.net"
51.68.79.121 - - [28/Jun/2021:04:03:37 -0400] "POST /wp-login.php HTTP/1.1" 200 8052 "-" "Mozilla/5.0 (Windows NT 6.3; Win64; x64) AppleWebKit/537.36 (KHTML, like Gecko) Chrome/67.0.3396.99 Safari/537.36"
204.48.19.85 - - [28/Jun/2021:04:10:34 -0400] "POST /wp-cron.php?doing_wp_cron=1624867834.4065361022949218750000 HTTP/1.1" 200 5438 "https://suncoastoutdoor.net/wp-cron.php?doing_wp_cron=1624867834.4065361022949218750000" "WordPress/5.7.2; https://suncoastoutdoor.net"
173.236.152.148 - - [28/Jun/2021:04:10:34 -0400] "GET /wp-login.php HTTP/1.1" 200 7224 "-" "Mozilla/5.0 (X11; Ubuntu; Linux x86_64; rv:62.0) Gecko/20100101 Firefox/62.0"
173.236.152.148 - - [28/Jun/2021:04:10:34 -0400] "POST /wp-login.php HTTP/1.1" 200 7349 "-" "Mozilla/5.0 (X11; Ubuntu; Linux x86_64; rv:62.0) Gecko/20100101 Firefox/62.0"
173.236.152.148 - - [28/Jun/2021:04:10:34 -0400] "GET /wp-login.php HTTP/1.1" 200 7224 "-" "Mozilla/5.0 (X11; Ubuntu; Linux x86_64; rv:62.0) Gecko/20100101 Firefox/62.0"
173.236.152.148 - - [28/Jun/2021:04:10:35 -0400] "POST /wp-login.php HTTP/1.1" 200 7350 "-" "Mozilla/5.0 (X11; Ubuntu; Linux x86_64; rv:62.0) Gecko/20100101 Firefox/62.0"
173.236.152.148 - - [28/Jun/2021:04:10:35 -0400] "POST /xmlrpc.php HTTP/1.1" 200 4979 "-" "Mozilla/5.0 (X11; Ubuntu; Linux x86_64; rv:62.0) Gecko/20100101 Firefox/62.0"
204.48.19.85 - - [28/Jun/2021:04:30:49 -0400] "POST /wp-cron.php?doing_wp_cron=1624869049.2605369091033935546875 HTTP/1.1" 200 5454 "https://suncoastoutdoor.net/wp-cron.php?doing_wp_cron=1624869049.2605369091033935546875" "WordPress/5.7.2; https://suncoastoutdoor.net"
193.70.28.202 - - [28/Jun/2021:04:30:49 -0400] "GET /wp-login.php HTTP/1.1" 200 7224 "-" "Mozilla/5.0 (X11; Ubuntu; Linux x86_64; rv:62.0) Gecko/20100101 Firefox/62.0"
193.70.28.202 - - [28/Jun/2021:04:30:49 -0400] "POST /wp-login.php HTTP/1.1" 200 7349 "-" "Mozilla/5.0 (X11; Ubuntu; Linux x86_64; rv:62.0) Gecko/20100101 Firefox/62.0"
193.70.28.202 - - [28/Jun/2021:04:30:50 -0400] "GET /wp-login.php HTTP/1.1" 200 7224 "-" "Mozilla/5.0 (X11; Ubuntu; Linux x86_64; rv:62.0) Gecko/20100101 Firefox/62.0"
193.70.28.202 - - [28/Jun/2021:04:30:51 -0400] "POST /wp-login.php HTTP/1.1" 200 7350 "-" "Mozilla/5.0 (X11; Ubuntu; Linux x86_64; rv:62.0) Gecko/20100101 Firefox/62.0"
193.70.28.202 - - [28/Jun/2021:04:30:51 -0400] "POST /xmlrpc.php HTTP/1.1" 200 4979 "-" "Mozilla/5.0 (X11; Ubuntu; Linux x86_64; rv:62.0) Gecko/20100101 Firefox/62.0"
204.48.19.85 - - [28/Jun/2021:04:34:16 -0400] "POST /wp-cron.php?doing_wp_cron=1624869256.7530839443206787109375 HTTP/1.1" 200 5422 "https://suncoastoutdoor.net/wp-cron.php?doing_wp_cron=1624869256.7530839443206787109375" "WordPress/5.7.2; https://suncoastoutdoor.net"
173.236.184.111 - - [28/Jun/2021:04:34:16 -0400] "POST /wp-login.php HTTP/1.1" 200 8057 "-" "Mozilla/5.0 (Windows NT 6.1; WOW64) AppleWebKit/537.36 (KHTML, like Gecko) Chrome/32.0.1700.107 Safari/537.36"
204.48.19.85 - - [28/Jun/2021:04:37:32 -0400] "POST /wp-cron.php?doing_wp_cron=1624869452.1400959491729736328125 HTTP/1.1" 200 5438 "https://suncoastoutdoor.net/wp-cron.php?doing_wp_cron=1624869452.1400959491729736328125" "WordPress/5.7.2; https://suncoastoutdoor.net"
52.8.17.40 - - [28/Jun/2021:04:37:31 -0400] "POST /wp-login.php HTTP/1.1" 200 8058 "-" "Mozilla/5.0 (Windows NT 6.1) AppleWebKit/537.36 (KHTML, like Gecko) Chrome/63.0.3239.84 Safari/537.36"
204.48.19.85 - - [28/Jun/2021:04:42:26 -0400] "POST /wp-cron.php?doing_wp_cron=1624869746.7761249542236328125000 HTTP/1.1" 200 5422 "https://suncoastoutdoor.net/wp-cron.php?doing_wp_cron=1624869746.7761249542236328125000" "WordPress/5.7.2; https://suncoastoutdoor.net"
178.128.51.162 - - [28/Jun/2021:04:42:26 -0400] "GET /wp-login.php HTTP/1.1" 200 7224 "-" "Mozilla/5.0 (X11; Ubuntu; Linux x86_64; rv:62.0) Gecko/20100101 Firefox/62.0"
178.128.51.162 - - [28/Jun/2021:04:42:28 -0400] "POST /wp-login.php HTTP/1.1" 200 7349 "-" "Mozilla/5.0 (X11; Ubuntu; Linux x86_64; rv:62.0) Gecko/20100101 Firefox/62.0"
178.128.51.162 - - [28/Jun/2021:04:42:31 -0400] "GET /wp-login.php HTTP/1.1" 200 7224 "-" "Mozilla/5.0 (X11; Ubuntu; Linux x86_64; rv:62.0) Gecko/20100101 Firefox/62.0"
178.128.51.162 - - [28/Jun/2021:04:42:34 -0400] "POST /wp-login.php HTTP/1.1" 200 7350 "-" "Mozilla/5.0 (X11; Ubuntu; Linux x86_64; rv:62.0) Gecko/20100101 Firefox/62.0"
178.128.51.162 - - [28/Jun/2021:04:42:35 -0400] "POST /xmlrpc.php HTTP/1.1" 200 4979 "-" "Mozilla/5.0 (X11; Ubuntu; Linux x86_64; rv:62.0) Gecko/20100101 Firefox/62.0"
204.48.19.85 - - [28/Jun/2021:04:46:14 -0400] "POST /wp-cron.php?doing_wp_cron=1624869973.9924941062927246093750 HTTP/1.1" 200 5438 "https://suncoastoutdoor.net/wp-cron.php?doing_wp_cron=1624869973.9924941062927246093750" "WordPress/5.7.2; https://suncoastoutdoor.net"
185.2.4.56 - - [28/Jun/2021:04:46:13 -0400] "POST /wp-login.php HTTP/1.1" 200 8053 "-" "Mozilla/5.0 (Windows NT 6.1; Win64; x64) AppleWebKit/537.36 (KHTML, like Gecko) Chrome/81.0.4044.122 Safari/537.36"
185.50.199.194 - - [28/Jun/2021:04:46:43 -0400] "POST /wp-login.php HTTP/1.1" 200 8052 "-" "Mozilla/5.0 (Windows NT 10.0; WOW64) AppleWebKit/537.36 (KHTML, like Gecko) Chrome/46.0.2490.86 Safari/537.36"
204.48.19.85 - - [28/Jun/2021:04:52:36 -0400] "POST /wp-cron.php?doing_wp_cron=1624870356.4151101112365722656250 HTTP/1.1" 200 5454 "https://suncoastoutdoor.net/wp-cron.php?doing_wp_cron=1624870356.4151101112365722656250" "WordPress/5.7.2; https://suncoastoutdoor.net"
185.248.100.56 - - [28/Jun/2021:04:52:36 -0400] "GET /wp-login.php HTTP/1.1" 200 7224 "-" "Mozilla/5.0 (X11; Ubuntu; Linux x86_64; rv:62.0) Gecko/20100101 Firefox/62.0"
185.248.100.56 - - [28/Jun/2021:04:52:37 -0400] "POST /wp-login.php HTTP/1.1" 200 7349 "-" "Mozilla/5.0 (X11; Ubuntu; Linux x86_64; rv:62.0) Gecko/20100101 Firefox/62.0"
185.248.100.56 - - [28/Jun/2021:04:52:38 -0400] "GET /wp-login.php HTTP/1.1" 200 7224 "-" "Mozilla/5.0 (X11; Ubuntu; Linux x86_64; rv:62.0) Gecko/20100101 Firefox/62.0"
185.248.100.56 - - [28/Jun/2021:04:52:39 -0400] "POST /wp-login.php HTTP/1.1" 200 7350 "-" "Mozilla/5.0 (X11; Ubuntu; Linux x86_64; rv:62.0) Gecko/20100101 Firefox/62.0"
185.248.100.56 - - [28/Jun/2021:04:52:40 -0400] "POST /xmlrpc.php HTTP/1.1" 200 4979 "-" "Mozilla/5.0 (X11; Ubuntu; Linux x86_64; rv:62.0) Gecko/20100101 Firefox/62.0"
204.48.19.85 - - [28/Jun/2021:04:57:38 -0400] "POST /wp-cron.php?doing_wp_cron=1624870658.2224431037902832031250 HTTP/1.1" 200 5454 "https://suncoastoutdoor.net/wp-cron.php?doing_wp_cron=1624870658.2224431037902832031250" "WordPress/5.7.2; https://suncoastoutdoor.net"
116.62.49.96 - - [28/Jun/2021:04:57:38 -0400] "POST /wp-login.php HTTP/1.1" 200 8053 "-" "Mozilla/5.0 (Windows NT 6.3; Win64; x64) AppleWebKit/537.36 (KHTML, like Gecko) Chrome/57.0.2987.133 Safari/537.36"
204.48.19.85 - - [28/Jun/2021:05:02:48 -0400] "POST /wp-cron.php?doing_wp_cron=1624870968.5427989959716796875000 HTTP/1.1" 200 5438 "https://suncoastoutdoor.net/wp-cron.php?doing_wp_cron=1624870968.5427989959716796875000" "WordPress/5.7.2; https://suncoastoutdoor.net"
166.62.89.169 - - [28/Jun/2021:05:02:48 -0400] "GET /wp-login.php HTTP/1.1" 200 7224 "-" "Mozilla/5.0 (X11; Ubuntu; Linux x86_64; rv:62.0) Gecko/20100101 Firefox/62.0"
166.62.89.169 - - [28/Jun/2021:05:02:54 -0400] "POST /wp-login.php HTTP/1.1" 200 7349 "-" "Mozilla/5.0 (X11; Ubuntu; Linux x86_64; rv:62.0) Gecko/20100101 Firefox/62.0"
166.62.89.169 - - [28/Jun/2021:05:02:55 -0400] "GET /wp-login.php HTTP/1.1" 200 7224 "-" "Mozilla/5.0 (X11; Ubuntu; Linux x86_64; rv:62.0) Gecko/20100101 Firefox/62.0"
166.62.89.169 - - [28/Jun/2021:05:02:56 -0400] "POST /wp-login.php HTTP/1.1" 200 7350 "-" "Mozilla/5.0 (X11; Ubuntu; Linux x86_64; rv:62.0) Gecko/20100101 Firefox/62.0"
166.62.89.169 - - [28/Jun/2021:05:02:56 -0400] "POST /xmlrpc.php HTTP/1.1" 200 4979 "-" "Mozilla/5.0 (X11; Ubuntu; Linux x86_64; rv:62.0) Gecko/20100101 Firefox/62.0"
204.48.19.85 - - [28/Jun/2021:05:05:15 -0400] "POST /wp-cron.php?doing_wp_cron=1624871115.4776721000671386718750 HTTP/1.1" 200 5454 "https://suncoastoutdoor.net/wp-cron.php?doing_wp_cron=1624871115.4776721000671386718750" "WordPress/5.7.2; https://suncoastoutdoor.net"
157.245.218.180 - - [28/Jun/2021:05:05:15 -0400] "POST /wp-login.php HTTP/1.1" 200 8052 "-" "Mozilla/5.0 (Windows NT 6.1; Win64; x64) AppleWebKit/537.36 (KHTML, like Gecko) Chrome/80.0.3987.106 Safari/537.36"
204.48.19.85 - - [28/Jun/2021:05:13:34 -0400] "POST /wp-cron.php?doing_wp_cron=1624871614.9562160968780517578125 HTTP/1.1" 200 5454 "https://suncoastoutdoor.net/wp-cron.php?doing_wp_cron=1624871614.9562160968780517578125" "WordPress/5.7.2; https://suncoastoutdoor.net"
45.200.120.168 - - [28/Jun/2021:05:13:34 -0400] "GET /wp-login.php HTTP/1.1" 200 7224 "-" "Mozilla/5.0 (X11; Ubuntu; Linux x86_64; rv:62.0) Gecko/20100101 Firefox/62.0"
45.200.120.168 - - [28/Jun/2021:05:13:36 -0400] "POST /wp-login.php HTTP/1.1" 200 7349 "-" "Mozilla/5.0 (X11; Ubuntu; Linux x86_64; rv:62.0) Gecko/20100101 Firefox/62.0"
45.200.120.168 - - [28/Jun/2021:05:13:37 -0400] "GET /wp-login.php HTTP/1.1" 200 7224 "-" "Mozilla/5.0 (X11; Ubuntu; Linux x86_64; rv:62.0) Gecko/20100101 Firefox/62.0"
45.200.120.168 - - [28/Jun/2021:05:13:38 -0400] "POST /wp-login.php HTTP/1.1" 200 7350 "-" "Mozilla/5.0 (X11; Ubuntu; Linux x86_64; rv:62.0) Gecko/20100101 Firefox/62.0"
45.200.120.168 - - [28/Jun/2021:05:13:39 -0400] "POST /xmlrpc.php HTTP/1.1" 200 4979 "-" "Mozilla/5.0 (X11; Ubuntu; Linux x86_64; rv:62.0) Gecko/20100101 Firefox/62.0"
204.48.19.85 - - [28/Jun/2021:05:24:37 -0400] "POST /wp-cron.php?doing_wp_cron=1624872277.3787651062011718750000 HTTP/1.1" 200 5438 "https://suncoastoutdoor.net/wp-cron.php?doing_wp_cron=1624872277.3787651062011718750000" "WordPress/5.7.2; https://suncoastoutdoor.net"
35.205.67.180 - - [28/Jun/2021:05:24:36 -0400] "GET /wp-login.php HTTP/1.1" 200 7224 "-" "Mozilla/5.0 (X11; Ubuntu; Linux x86_64; rv:62.0) Gecko/20100101 Firefox/62.0"
35.205.67.180 - - [28/Jun/2021:05:24:38 -0400] "POST /wp-login.php HTTP/1.1" 200 7349 "-" "Mozilla/5.0 (X11; Ubuntu; Linux x86_64; rv:62.0) Gecko/20100101 Firefox/62.0"
35.205.67.180 - - [28/Jun/2021:05:24:38 -0400] "GET /wp-login.php HTTP/1.1" 200 7224 "-" "Mozilla/5.0 (X11; Ubuntu; Linux x86_64; rv:62.0) Gecko/20100101 Firefox/62.0"
35.205.67.180 - - [28/Jun/2021:05:24:39 -0400] "POST /wp-login.php HTTP/1.1" 200 7350 "-" "Mozilla/5.0 (X11; Ubuntu; Linux x86_64; rv:62.0) Gecko/20100101 Firefox/62.0"
35.205.67.180 - - [28/Jun/2021:05:24:40 -0400] "POST /xmlrpc.php HTTP/1.1" 200 4979 "-" "Mozilla/5.0 (X11; Ubuntu; Linux x86_64; rv:62.0) Gecko/20100101 Firefox/62.0"
204.48.19.85 - - [28/Jun/2021:05:29:36 -0400] "POST /wp-cron.php?doing_wp_cron=1624872576.2833220958709716796875 HTTP/1.1" 200 5438 "https://suncoastoutdoor.net/wp-cron.php?doing_wp_cron=1624872576.2833220958709716796875" "WordPress/5.7.2; https://suncoastoutdoor.net"
35.228.237.163 - - [28/Jun/2021:05:29:35 -0400] "POST /wp-login.php HTTP/1.1" 200 8057 "-" "Mozilla/5.0 (Windows NT 6.1) AppleWebKit/537.36 (KHTML, like Gecko) Chrome/59.0.3071.115 Safari/537.36"
204.48.19.85 - - [28/Jun/2021:05:34:16 -0400] "POST /wp-cron.php?doing_wp_cron=1624872856.8010840415954589843750 HTTP/1.1" 200 5438 "https://suncoastoutdoor.net/wp-cron.php?doing_wp_cron=1624872856.8010840415954589843750" "WordPress/5.7.2; https://suncoastoutdoor.net"
69.163.225.135 - - [28/Jun/2021:05:34:16 -0400] "GET /wp-login.php HTTP/1.1" 200 7224 "-" "Mozilla/5.0 (X11; Ubuntu; Linux x86_64; rv:62.0) Gecko/20100101 Firefox/62.0"
69.163.225.135 - - [28/Jun/2021:05:34:17 -0400] "POST /wp-login.php HTTP/1.1" 200 7349 "-" "Mozilla/5.0 (X11; Ubuntu; Linux x86_64; rv:62.0) Gecko/20100101 Firefox/62.0"
69.163.225.135 - - [28/Jun/2021:05:34:18 -0400] "GET /wp-login.php HTTP/1.1" 200 7224 "-" "Mozilla/5.0 (X11; Ubuntu; Linux x86_64; rv:62.0) Gecko/20100101 Firefox/62.0"
69.163.225.135 - - [28/Jun/2021:05:34:19 -0400] "POST /wp-login.php HTTP/1.1" 200 7350 "-" "Mozilla/5.0 (X11; Ubuntu; Linux x86_64; rv:62.0) Gecko/20100101 Firefox/62.0"
69.163.225.135 - - [28/Jun/2021:05:34:19 -0400] "POST /xmlrpc.php HTTP/1.1" 200 4979 "-" "Mozilla/5.0 (X11; Ubuntu; Linux x86_64; rv:62.0) Gecko/20100101 Firefox/62.0"
