157.55.39.22 - - [03/Jul/2021:05:51:26 -0400] "GET /wp-content/plugins/revslider/public/assets/js/rbtools.min.js?ver=6.3.3 HTTP/1.1" 200 52256 "-" "Mozilla/5.0 (compatible; bingbot/2.0; +http://www.bing.com/bingbot.htm)"
157.55.39.22 - - [03/Jul/2021:05:51:26 -0400] "GET /wp-content/plugins/revslider/public/assets/js/rs6.min.js?ver=6.3.3 HTTP/1.1" 200 86458 "-" "Mozilla/5.0 (compatible; bingbot/2.0; +http://www.bing.com/bingbot.htm)"
157.55.39.22 - - [03/Jul/2021:05:51:26 -0400] "GET /wp-content/themes/Avada/assets/min/js/general/avada-contact-form-7.js?ver=7.2.1 HTTP/1.1" 200 935 "-" "Mozilla/5.0 (compatible; bingbot/2.0; +http://www.bing.com/bingbot.htm)"
157.55.39.22 - - [03/Jul/2021:05:51:26 -0400] "GET /wp-content/themes/Avada/assets/min/js/general/avada-quantity.js?ver=7.2.1 HTTP/1.1" 200 1140 "-" "Mozilla/5.0 (compatible; bingbot/2.0; +http://www.bing.com/bingbot.htm)"
157.55.39.22 - - [03/Jul/2021:05:51:26 -0400] "GET /wp-content/themes/Avada/includes/lib/assets/min/js/library/fusion-video-general.js?ver=1 HTTP/1.1" 200 2410 "-" "Mozilla/5.0 (compatible; bingbot/2.0; +http://www.bing.com/bingbot.htm)"
157.55.39.22 - - [03/Jul/2021:05:51:26 -0400] "GET /wp-content/themes/Avada/includes/lib/assets/min/js/library/jquery.easing.js?ver=1.3 HTTP/1.1" 200 1128 "-" "Mozilla/5.0 (compatible; bingbot/2.0; +http://www.bing.com/bingbot.htm)"
157.55.39.22 - - [03/Jul/2021:05:51:27 -0400] "GET /wp-content/themes/Avada/includes/lib/assets/min/js/library/jquery.flexslider.js?ver=2.7.2 HTTP/1.1" 200 6836 "-" "Mozilla/5.0 (compatible; bingbot/2.0; +http://www.bing.com/bingbot.htm)"
157.55.39.22 - - [03/Jul/2021:05:51:27 -0400] "GET /wp-content/themes/Avada/includes/lib/assets/min/js/library/jquery.hoverintent.js?ver=1 HTTP/1.1" 200 833 "-" "Mozilla/5.0 (compatible; bingbot/2.0; +http://www.bing.com/bingbot.htm)"
157.55.39.22 - - [03/Jul/2021:05:51:27 -0400] "GET /wp-includes/js/dist/api-fetch.min.js?ver=a783d1f442d2abefc7d6dbd156a44561 HTTP/1.1" 200 3911 "-" "Mozilla/5.0 (compatible; bingbot/2.0; +http://www.bing.com/bingbot.htm)"
40.77.167.74 - - [03/Jul/2021:05:51:35 -0400] "GET /wp-content/plugins/fusion-builder/assets/js/min/general/fusion-column-bg-image.js?ver=1 HTTP/1.1" 200 6701 "-" "Mozilla/5.0 (compatible; bingbot/2.0; +http://www.bing.com/bingbot.htm)"
40.77.167.74 - - [03/Jul/2021:05:51:35 -0400] "GET /wp-content/plugins/fusion-core/js/min/fusion-vertical-menu-widget.js?ver=5.2.1 HTTP/1.1" 200 839 "-" "Mozilla/5.0 (compatible; bingbot/2.0; +http://www.bing.com/bingbot.htm)"
40.77.167.74 - - [03/Jul/2021:05:51:35 -0400] "GET /wp-content/themes/Avada/assets/min/js/general/avada-general-footer.js?ver=7.2.1 HTTP/1.1" 200 596 "-" "Mozilla/5.0 (compatible; bingbot/2.0; +http://www.bing.com/bingbot.htm)"
40.77.167.74 - - [03/Jul/2021:05:51:35 -0400] "GET /wp-content/themes/Avada/assets/min/js/general/avada-header.js?ver=7.2.1 HTTP/1.1" 200 4551 "-" "Mozilla/5.0 (compatible; bingbot/2.0; +http://www.bing.com/bingbot.htm)"
40.77.167.74 - - [03/Jul/2021:05:51:35 -0400] "GET /wp-content/themes/Avada/assets/min/js/general/avada-menu.js?ver=7.2.1 HTTP/1.1" 200 7294 "-" "Mozilla/5.0 (compatible; bingbot/2.0; +http://www.bing.com/bingbot.htm)"
40.77.167.74 - - [03/Jul/2021:05:51:35 -0400] "GET /wp-content/themes/Avada/assets/min/js/general/avada-scrollspy.js?ver=7.2.1 HTTP/1.1" 200 709 "-" "Mozilla/5.0 (compatible; bingbot/2.0; +http://www.bing.com/bingbot.htm)"
40.77.167.74 - - [03/Jul/2021:05:51:35 -0400] "GET /wp-content/themes/Avada/includes/lib/assets/min/js/general/fusion-responsive-typography.js?ver=1 HTTP/1.1" 200 1447 "-" "Mozilla/5.0 (compatible; bingbot/2.0; +http://www.bing.com/bingbot.htm)"
40.77.167.74 - - [03/Jul/2021:05:51:35 -0400] "GET /wp-content/themes/Avada/includes/lib/assets/min/js/library/jquery.ilightbox.js?ver=2.2.3 HTTP/1.1" 200 25692 "-" "Mozilla/5.0 (compatible; bingbot/2.0; +http://www.bing.com/bingbot.htm)"
40.77.167.74 - - [03/Jul/2021:05:51:35 -0400] "GET /wp-content/themes/Avada/includes/lib/assets/min/js/library/modernizr.js?ver=3.3.1 HTTP/1.1" 200 5524 "-" "Mozilla/5.0 (compatible; bingbot/2.0; +http://www.bing.com/bingbot.htm)"
204.48.19.85 - - [03/Jul/2021:05:52:59 -0400] "POST /wp-cron.php?doing_wp_cron=1625305979.3001029491424560546875 HTTP/1.1" 200 6229 "https://suncoastoutdoor.net/wp-cron.php?doing_wp_cron=1625305979.3001029491424560546875" "WordPress/5.7.2; https://suncoastoutdoor.net"
166.62.102.107 - - [03/Jul/2021:05:52:58 -0400] "GET /wp-login.php HTTP/1.1" 200 8031 "-" "Mozilla/5.0 (X11; Ubuntu; Linux x86_64; rv:62.0) Gecko/20100101 Firefox/62.0"
166.62.102.107 - - [03/Jul/2021:05:53:00 -0400] "POST /wp-login.php HTTP/1.1" 200 8155 "-" "Mozilla/5.0 (X11; Ubuntu; Linux x86_64; rv:62.0) Gecko/20100101 Firefox/62.0"
166.62.102.107 - - [03/Jul/2021:05:53:00 -0400] "GET /wp-login.php HTTP/1.1" 200 8031 "-" "Mozilla/5.0 (X11; Ubuntu; Linux x86_64; rv:62.0) Gecko/20100101 Firefox/62.0"
166.62.102.107 - - [03/Jul/2021:05:53:01 -0400] "POST /wp-login.php HTTP/1.1" 200 8132 "-" "Mozilla/5.0 (X11; Ubuntu; Linux x86_64; rv:62.0) Gecko/20100101 Firefox/62.0"
166.62.102.107 - - [03/Jul/2021:05:53:01 -0400] "POST /xmlrpc.php HTTP/1.1" 200 5786 "-" "Mozilla/5.0 (X11; Ubuntu; Linux x86_64; rv:62.0) Gecko/20100101 Firefox/62.0"
204.48.19.85 - - [03/Jul/2021:06:08:36 -0400] "POST /wp-cron.php?doing_wp_cron=1625306916.7672080993652343750000 HTTP/1.1" 200 6261 "https://suncoastoutdoor.net/wp-cron.php?doing_wp_cron=1625306916.7672080993652343750000" "WordPress/5.7.2; https://suncoastoutdoor.net"
187.44.188.18 - - [03/Jul/2021:06:08:36 -0400] "GET /wp-login.php HTTP/1.1" 200 8031 "-" "Mozilla/5.0 (X11; Ubuntu; Linux x86_64; rv:62.0) Gecko/20100101 Firefox/62.0"
187.44.188.18 - - [03/Jul/2021:06:08:37 -0400] "POST /wp-login.php HTTP/1.1" 200 8155 "-" "Mozilla/5.0 (X11; Ubuntu; Linux x86_64; rv:62.0) Gecko/20100101 Firefox/62.0"
187.44.188.18 - - [03/Jul/2021:06:08:38 -0400] "GET /wp-login.php HTTP/1.1" 200 8031 "-" "Mozilla/5.0 (X11; Ubuntu; Linux x86_64; rv:62.0) Gecko/20100101 Firefox/62.0"
187.44.188.18 - - [03/Jul/2021:06:08:39 -0400] "POST /wp-login.php HTTP/1.1" 200 8132 "-" "Mozilla/5.0 (X11; Ubuntu; Linux x86_64; rv:62.0) Gecko/20100101 Firefox/62.0"
187.44.188.18 - - [03/Jul/2021:06:08:40 -0400] "POST /xmlrpc.php HTTP/1.1" 200 5786 "-" "Mozilla/5.0 (X11; Ubuntu; Linux x86_64; rv:62.0) Gecko/20100101 Firefox/62.0"
5.188.119.3 - - [03/Jul/2021:06:09:02 -0400] "GET /wp-login.php HTTP/1.0" 301 573 "http://suncoastoutdoor.net/wp-login.php" "Mozilla/5.0 (Windows NT 10.0; Win64; x64) AppleWebKit/537.36 (KHTML, like Gecko) Chrome/83.0.4103.61 Safari/537.36/iYA9HebN-7"
204.48.19.85 - - [03/Jul/2021:06:09:03 -0400] "POST /wp-cron.php?doing_wp_cron=1625306943.5070540904998779296875 HTTP/1.1" 200 6245 "https://suncoastoutdoor.net/wp-cron.php?doing_wp_cron=1625306943.5070540904998779296875" "WordPress/5.7.2; https://suncoastoutdoor.net"
5.188.119.3 - - [03/Jul/2021:06:09:03 -0400] "GET /wp-login.php HTTP/1.0" 200 13912 "https://suncoastoutdoor.net/wp-login.php" "Mozilla/5.0 (Windows NT 10.0; Win64; x64) AppleWebKit/537.36 (KHTML, like Gecko) Chrome/83.0.4103.61 Safari/537.36/iYA9HebN-7"
204.48.19.85 - - [03/Jul/2021:06:21:12 -0400] "POST /wp-cron.php?doing_wp_cron=1625307672.7990159988403320312500 HTTP/1.1" 200 6245 "https://suncoastoutdoor.net/wp-cron.php?doing_wp_cron=1625307672.7990159988403320312500" "WordPress/5.7.2; https://suncoastoutdoor.net"
62.210.113.228 - - [03/Jul/2021:06:21:12 -0400] "GET /wp-login.php HTTP/1.1" 200 8031 "-" "Mozilla/5.0 (X11; Ubuntu; Linux x86_64; rv:62.0) Gecko/20100101 Firefox/62.0"
62.210.113.228 - - [03/Jul/2021:06:21:23 -0400] "POST /wp-login.php HTTP/1.1" 200 8155 "-" "Mozilla/5.0 (X11; Ubuntu; Linux x86_64; rv:62.0) Gecko/20100101 Firefox/62.0"
62.210.113.228 - - [03/Jul/2021:06:21:24 -0400] "GET /wp-login.php HTTP/1.1" 200 8031 "-" "Mozilla/5.0 (X11; Ubuntu; Linux x86_64; rv:62.0) Gecko/20100101 Firefox/62.0"
62.210.113.228 - - [03/Jul/2021:06:21:25 -0400] "POST /wp-login.php HTTP/1.1" 200 8132 "-" "Mozilla/5.0 (X11; Ubuntu; Linux x86_64; rv:62.0) Gecko/20100101 Firefox/62.0"
62.210.113.228 - - [03/Jul/2021:06:21:25 -0400] "POST /xmlrpc.php HTTP/1.1" 200 5786 "-" "Mozilla/5.0 (X11; Ubuntu; Linux x86_64; rv:62.0) Gecko/20100101 Firefox/62.0"
40.77.190.191 - - [03/Jul/2021:06:21:45 -0400] "GET /wp-content/themes/Avada/includes/lib/assets/min/js/library/jquery.sticky-kit.js?ver=1.1.2 HTTP/1.1" 200 11751 "-" "Mozilla/5.0 (Windows NT 6.1; WOW64) AppleWebKit/534+ (KHTML, like Gecko) BingPreview/1.0b"
40.77.167.54 - - [03/Jul/2021:06:21:47 -0400] "GET /robots.txt HTTP/1.1" 301 606 "-" "Mozilla/5.0 (compatible; bingbot/2.0; +http://www.bing.com/bingbot.htm)"
40.77.167.54 - - [03/Jul/2021:06:21:47 -0400] "GET /robots.txt HTTP/1.1" 404 6092 "-" "Mozilla/5.0 (compatible; bingbot/2.0; +http://www.bing.com/bingbot.htm)"
40.77.189.232 - - [03/Jul/2021:06:21:47 -0400] "GET /wp-content/uploads/fusion-gfonts/KFOmCnqEu92Fr1Mu4mxMKTU1Kg.woff HTTP/1.1" 301 714 "-" "Mozilla/5.0 (Windows NT 6.1; WOW64) AppleWebKit/534+ (KHTML, like Gecko) BingPreview/1.0b"
40.77.190.158 - - [03/Jul/2021:06:21:48 -0400] "GET /wp-content/uploads/fusion-gfonts/KFOlCnqEu92Fr1MmYUtfBBc-AMP6lQ.woff HTTP/1.1" 301 722 "-" "Mozilla/5.0 (Windows NT 6.1; WOW64) AppleWebKit/534+ (KHTML, like Gecko) BingPreview/1.0b"
40.77.190.191 - - [03/Jul/2021:06:21:48 -0400] "GET /wp-content/themes/Avada/includes/lib/assets/fonts/fontawesome/webfonts/fa-solid-900.woff2 HTTP/1.1" 200 86300 "-" "Mozilla/5.0 (Windows NT 6.1; WOW64) AppleWebKit/534+ (KHTML, like Gecko) BingPreview/1.0b"
40.77.190.31 - - [03/Jul/2021:06:21:48 -0400] "GET /wp-content/uploads/fusion-gfonts/KFOlCnqEu92Fr1MmWUlfBBc-AMP6lQ.woff HTTP/1.1" 301 722 "-" "Mozilla/5.0 (Windows NT 6.1; WOW64) AppleWebKit/534+ (KHTML, like Gecko) BingPreview/1.0b"
40.77.189.232 - - [03/Jul/2021:06:21:48 -0400] "GET /wp-content/themes/Avada/includes/lib/assets/fonts/icomoon/icomoon.woff HTTP/1.1" 200 26847 "-" "Mozilla/5.0 (Windows NT 6.1; WOW64) AppleWebKit/534+ (KHTML, like Gecko) BingPreview/1.0b"
207.46.13.125 - - [03/Jul/2021:06:21:55 -0400] "GET /robots.txt HTTP/1.1" 301 606 "-" "Mozilla/5.0 (compatible; bingbot/2.0; +http://www.bing.com/bingbot.htm)"
207.46.13.125 - - [03/Jul/2021:06:21:56 -0400] "GET /robots.txt HTTP/1.1" 404 6092 "-" "Mozilla/5.0 (compatible; bingbot/2.0; +http://www.bing.com/bingbot.htm)"
204.48.19.85 - - [03/Jul/2021:06:29:28 -0400] "POST /wp-cron.php?doing_wp_cron=1625308168.9499061107635498046875 HTTP/1.1" 200 6245 "https://suncoastoutdoor.net/wp-cron.php?doing_wp_cron=1625308168.9499061107635498046875" "WordPress/5.7.2; https://suncoastoutdoor.net"
193.112.127.112 - - [03/Jul/2021:06:29:28 -0400] "POST /wp-login.php HTTP/1.1" 200 8860 "-" "Mozilla/5.0 (Windows NT 10.0; Win64; x64) AppleWebKit/537.36 (KHTML, like Gecko) Chrome/87.0.4280.88 Safari/537.36"
204.48.19.85 - - [03/Jul/2021:06:31:43 -0400] "POST /wp-cron.php?doing_wp_cron=1625308303.8475790023803710937500 HTTP/1.1" 200 6245 "https://suncoastoutdoor.net/wp-cron.php?doing_wp_cron=1625308303.8475790023803710937500" "WordPress/5.7.2; https://suncoastoutdoor.net"
178.128.180.162 - - [03/Jul/2021:06:31:43 -0400] "GET /wp-login.php HTTP/1.1" 200 8031 "-" "Mozilla/5.0 (X11; Ubuntu; Linux x86_64; rv:62.0) Gecko/20100101 Firefox/62.0"
204.48.19.85 - - [03/Jul/2021:06:31:49 -0400] "POST /wp-cron.php?doing_wp_cron=1625308309.8844630718231201171875 HTTP/1.1" 200 6245 "https://suncoastoutdoor.net/wp-cron.php?doing_wp_cron=1625308309.8844630718231201171875" "WordPress/5.7.2; https://suncoastoutdoor.net"
178.128.180.162 - - [03/Jul/2021:06:31:49 -0400] "POST /wp-login.php HTTP/1.1" 200 8155 "-" "Mozilla/5.0 (X11; Ubuntu; Linux x86_64; rv:62.0) Gecko/20100101 Firefox/62.0"
178.128.180.162 - - [03/Jul/2021:06:31:55 -0400] "GET /wp-login.php HTTP/1.1" 200 8031 "-" "Mozilla/5.0 (X11; Ubuntu; Linux x86_64; rv:62.0) Gecko/20100101 Firefox/62.0"
178.128.180.162 - - [03/Jul/2021:06:32:01 -0400] "POST /wp-login.php HTTP/1.1" 200 8157 "-" "Mozilla/5.0 (X11; Ubuntu; Linux x86_64; rv:62.0) Gecko/20100101 Firefox/62.0"
178.128.180.162 - - [03/Jul/2021:06:32:01 -0400] "POST /xmlrpc.php HTTP/1.1" 200 5786 "-" "Mozilla/5.0 (X11; Ubuntu; Linux x86_64; rv:62.0) Gecko/20100101 Firefox/62.0"
204.48.19.85 - - [03/Jul/2021:06:42:22 -0400] "POST /wp-cron.php?doing_wp_cron=1625308942.8089199066162109375000 HTTP/1.1" 200 6229 "https://suncoastoutdoor.net/wp-cron.php?doing_wp_cron=1625308942.8089199066162109375000" "WordPress/5.7.2; https://suncoastoutdoor.net"
185.49.20.75 - - [03/Jul/2021:06:42:22 -0400] "GET /wp-login.php HTTP/1.1" 200 8031 "-" "Mozilla/5.0 (X11; Ubuntu; Linux x86_64; rv:62.0) Gecko/20100101 Firefox/62.0"
185.49.20.75 - - [03/Jul/2021:06:42:23 -0400] "POST /wp-login.php HTTP/1.1" 200 8155 "-" "Mozilla/5.0 (X11; Ubuntu; Linux x86_64; rv:62.0) Gecko/20100101 Firefox/62.0"
185.49.20.75 - - [03/Jul/2021:06:42:24 -0400] "GET /wp-login.php HTTP/1.1" 200 8031 "-" "Mozilla/5.0 (X11; Ubuntu; Linux x86_64; rv:62.0) Gecko/20100101 Firefox/62.0"
185.49.20.75 - - [03/Jul/2021:06:42:25 -0400] "POST /wp-login.php HTTP/1.1" 200 8157 "-" "Mozilla/5.0 (X11; Ubuntu; Linux x86_64; rv:62.0) Gecko/20100101 Firefox/62.0"
185.49.20.75 - - [03/Jul/2021:06:42:25 -0400] "POST /xmlrpc.php HTTP/1.1" 200 5786 "-" "Mozilla/5.0 (X11; Ubuntu; Linux x86_64; rv:62.0) Gecko/20100101 Firefox/62.0"
204.48.19.85 - - [03/Jul/2021:06:54:32 -0400] "POST /wp-cron.php?doing_wp_cron=1625309672.5618360042572021484375 HTTP/1.1" 200 6245 "https://suncoastoutdoor.net/wp-cron.php?doing_wp_cron=1625309672.5618360042572021484375" "WordPress/5.7.2; https://suncoastoutdoor.net"
13.127.143.208 - - [03/Jul/2021:06:54:32 -0400] "GET /wp-login.php HTTP/1.1" 200 8031 "-" "Mozilla/5.0 (X11; Ubuntu; Linux x86_64; rv:62.0) Gecko/20100101 Firefox/62.0"
13.127.143.208 - - [03/Jul/2021:06:54:33 -0400] "POST /wp-login.php HTTP/1.1" 200 8155 "-" "Mozilla/5.0 (X11; Ubuntu; Linux x86_64; rv:62.0) Gecko/20100101 Firefox/62.0"
13.127.143.208 - - [03/Jul/2021:06:54:34 -0400] "GET /wp-login.php HTTP/1.1" 200 8031 "-" "Mozilla/5.0 (X11; Ubuntu; Linux x86_64; rv:62.0) Gecko/20100101 Firefox/62.0"
13.127.143.208 - - [03/Jul/2021:06:54:35 -0400] "POST /wp-login.php HTTP/1.1" 200 8157 "-" "Mozilla/5.0 (X11; Ubuntu; Linux x86_64; rv:62.0) Gecko/20100101 Firefox/62.0"
13.127.143.208 - - [03/Jul/2021:06:54:37 -0400] "POST /xmlrpc.php HTTP/1.1" 200 5786 "-" "Mozilla/5.0 (X11; Ubuntu; Linux x86_64; rv:62.0) Gecko/20100101 Firefox/62.0"
204.48.19.85 - - [03/Jul/2021:07:06:55 -0400] "POST /wp-cron.php?doing_wp_cron=1625310415.4989740848541259765625 HTTP/1.1" 200 6245 "https://suncoastoutdoor.net/wp-cron.php?doing_wp_cron=1625310415.4989740848541259765625" "WordPress/5.7.2; https://suncoastoutdoor.net"
45.64.54.158 - - [03/Jul/2021:07:06:55 -0400] "GET /wp-login.php HTTP/1.1" 200 8031 "-" "Mozilla/5.0 (X11; Ubuntu; Linux x86_64; rv:62.0) Gecko/20100101 Firefox/62.0"
45.64.54.158 - - [03/Jul/2021:07:06:57 -0400] "POST /wp-login.php HTTP/1.1" 200 8155 "-" "Mozilla/5.0 (X11; Ubuntu; Linux x86_64; rv:62.0) Gecko/20100101 Firefox/62.0"
45.64.54.158 - - [03/Jul/2021:07:06:58 -0400] "GET /wp-login.php HTTP/1.1" 200 8031 "-" "Mozilla/5.0 (X11; Ubuntu; Linux x86_64; rv:62.0) Gecko/20100101 Firefox/62.0"
45.64.54.158 - - [03/Jul/2021:07:06:59 -0400] "POST /wp-login.php HTTP/1.1" 200 8157 "-" "Mozilla/5.0 (X11; Ubuntu; Linux x86_64; rv:62.0) Gecko/20100101 Firefox/62.0"
45.64.54.158 - - [03/Jul/2021:07:07:01 -0400] "POST /xmlrpc.php HTTP/1.1" 200 5786 "-" "Mozilla/5.0 (X11; Ubuntu; Linux x86_64; rv:62.0) Gecko/20100101 Firefox/62.0"
204.48.19.85 - - [03/Jul/2021:07:18:37 -0400] "POST /wp-cron.php?doing_wp_cron=1625311117.0400829315185546875000 HTTP/1.1" 200 6245 "https://suncoastoutdoor.net/wp-cron.php?doing_wp_cron=1625311117.0400829315185546875000" "WordPress/5.7.2; https://suncoastoutdoor.net"
80.88.88.149 - - [03/Jul/2021:07:18:36 -0400] "GET /wp-login.php HTTP/1.1" 200 8031 "-" "Mozilla/5.0 (X11; Ubuntu; Linux x86_64; rv:62.0) Gecko/20100101 Firefox/62.0"
80.88.88.149 - - [03/Jul/2021:07:18:37 -0400] "POST /wp-login.php HTTP/1.1" 200 8155 "-" "Mozilla/5.0 (X11; Ubuntu; Linux x86_64; rv:62.0) Gecko/20100101 Firefox/62.0"
80.88.88.149 - - [03/Jul/2021:07:18:38 -0400] "GET /wp-login.php HTTP/1.1" 200 8031 "-" "Mozilla/5.0 (X11; Ubuntu; Linux x86_64; rv:62.0) Gecko/20100101 Firefox/62.0"
80.88.88.149 - - [03/Jul/2021:07:18:39 -0400] "POST /wp-login.php HTTP/1.1" 200 8132 "-" "Mozilla/5.0 (X11; Ubuntu; Linux x86_64; rv:62.0) Gecko/20100101 Firefox/62.0"
80.88.88.149 - - [03/Jul/2021:07:18:40 -0400] "POST /xmlrpc.php HTTP/1.1" 200 5786 "-" "Mozilla/5.0 (X11; Ubuntu; Linux x86_64; rv:62.0) Gecko/20100101 Firefox/62.0"
204.48.19.85 - - [03/Jul/2021:07:24:48 -0400] "POST /wp-cron.php?doing_wp_cron=1625311488.5705659389495849609375 HTTP/1.1" 200 6245 "https://suncoastoutdoor.net/wp-cron.php?doing_wp_cron=1625311488.5705659389495849609375" "WordPress/5.7.2; https://suncoastoutdoor.net"
104.131.85.183 - - [03/Jul/2021:07:24:48 -0400] "POST /wp-login.php HTTP/1.1" 200 8860 "-" "Mozilla/5.0 (Windows NT 6.3; Win64; x64) AppleWebKit/537.36 (KHTML, like Gecko) Chrome/57.0.2987.133 Safari/537.36"
204.48.19.85 - - [03/Jul/2021:07:31:39 -0400] "POST /wp-cron.php?doing_wp_cron=1625311899.4485619068145751953125 HTTP/1.1" 200 6261 "https://suncoastoutdoor.net/wp-cron.php?doing_wp_cron=1625311899.4485619068145751953125" "WordPress/5.7.2; https://suncoastoutdoor.net"
178.251.28.25 - - [03/Jul/2021:07:31:39 -0400] "GET /wp-login.php HTTP/1.1" 200 8031 "-" "Mozilla/5.0 (X11; Ubuntu; Linux x86_64; rv:62.0) Gecko/20100101 Firefox/62.0"
178.251.28.25 - - [03/Jul/2021:07:31:45 -0400] "POST /wp-login.php HTTP/1.1" 200 8155 "-" "Mozilla/5.0 (X11; Ubuntu; Linux x86_64; rv:62.0) Gecko/20100101 Firefox/62.0"
204.48.19.85 - - [03/Jul/2021:07:31:51 -0400] "POST /wp-cron.php?doing_wp_cron=1625311911.3165531158447265625000 HTTP/1.1" 200 6245 "https://suncoastoutdoor.net/wp-cron.php?doing_wp_cron=1625311911.3165531158447265625000" "WordPress/5.7.2; https://suncoastoutdoor.net"
178.251.28.25 - - [03/Jul/2021:07:31:50 -0400] "GET /wp-login.php HTTP/1.1" 200 8031 "-" "Mozilla/5.0 (X11; Ubuntu; Linux x86_64; rv:62.0) Gecko/20100101 Firefox/62.0"
178.251.28.25 - - [03/Jul/2021:07:31:57 -0400] "POST /wp-login.php HTTP/1.1" 200 8132 "-" "Mozilla/5.0 (X11; Ubuntu; Linux x86_64; rv:62.0) Gecko/20100101 Firefox/62.0"
178.251.28.25 - - [03/Jul/2021:07:32:02 -0400] "POST /xmlrpc.php HTTP/1.1" 200 5786 "-" "Mozilla/5.0 (X11; Ubuntu; Linux x86_64; rv:62.0) Gecko/20100101 Firefox/62.0"
204.48.19.85 - - [03/Jul/2021:07:32:53 -0400] "POST /wp-cron.php?doing_wp_cron=1625311973.2270789146423339843750 HTTP/1.1" 200 6261 "https://suncoastoutdoor.net/wp-cron.php?doing_wp_cron=1625311973.2270789146423339843750" "WordPress/5.7.2; https://suncoastoutdoor.net"
35.233.23.228 - - [03/Jul/2021:07:32:52 -0400] "POST /wp-login.php HTTP/1.1" 200 8860 "-" "Mozilla/5.0 (Windows NT 10.0; WOW64) AppleWebKit/537.36 (KHTML, like Gecko) Chrome/57.0.2987.133 Safari/537.36"
142.93.249.103 - - [03/Jul/2021:07:38:21 -0400] "GET /.env HTTP/1.1" 301 606 "-" "Mozilla/5.0 (X11; Linux x86_64) AppleWebKit/537.36 (KHTML, like Gecko) Chrome/81.0.4044.129 Safari/537.36"
142.93.249.103 - - [03/Jul/2021:07:38:21 -0400] "POST / HTTP/1.1" 301 598 "-" "Mozilla/5.0 (X11; Linux x86_64) AppleWebKit/537.36 (KHTML, like Gecko) Chrome/81.0.4044.129 Safari/537.36"
204.48.19.85 - - [03/Jul/2021:07:39:03 -0400] "POST /wp-cron.php?doing_wp_cron=1625312343.1011359691619873046875 HTTP/1.1" 200 6229 "https://suncoastoutdoor.net/wp-cron.php?doing_wp_cron=1625312343.1011359691619873046875" "WordPress/5.7.2; https://suncoastoutdoor.net"
185.235.41.80 - - [03/Jul/2021:07:39:02 -0400] "POST /wp-login.php HTTP/1.1" 200 8858 "-" "Mozilla/5.0 (Windows NT 6.1; Win64; x64) AppleWebKit/537.36 (KHTML, like Gecko) Chrome/67.0.3396.87 Safari/537.36"
204.48.19.85 - - [03/Jul/2021:07:40:50 -0400] "POST /wp-cron.php?doing_wp_cron=1625312450.0170209407806396484375 HTTP/1.1" 200 6261 "https://suncoastoutdoor.net/wp-cron.php?doing_wp_cron=1625312450.0170209407806396484375" "WordPress/5.7.2; https://suncoastoutdoor.net"
116.62.49.96 - - [03/Jul/2021:07:40:49 -0400] "POST /wp-login.php HTTP/1.1" 200 8858 "-" "Mozilla/5.0 (Windows NT 10.0; Win64; x64) AppleWebKit/537.36 (KHTML, like Gecko) Chrome/73.0.3683.86 Safari/537.36"
204.48.19.85 - - [03/Jul/2021:07:42:29 -0400] "POST /wp-cron.php?doing_wp_cron=1625312549.4453001022338867187500 HTTP/1.1" 200 6245 "https://suncoastoutdoor.net/wp-cron.php?doing_wp_cron=1625312549.4453001022338867187500" "WordPress/5.7.2; https://suncoastoutdoor.net"
167.71.111.16 - - [03/Jul/2021:07:42:29 -0400] "GET /wp-login.php HTTP/1.1" 200 8031 "-" "Mozilla/5.0 (X11; Ubuntu; Linux x86_64; rv:62.0) Gecko/20100101 Firefox/62.0"
167.71.111.16 - - [03/Jul/2021:07:42:30 -0400] "POST /wp-login.php HTTP/1.1" 200 8155 "-" "Mozilla/5.0 (X11; Ubuntu; Linux x86_64; rv:62.0) Gecko/20100101 Firefox/62.0"
167.71.111.16 - - [03/Jul/2021:07:42:31 -0400] "GET /wp-login.php HTTP/1.1" 200 8031 "-" "Mozilla/5.0 (X11; Ubuntu; Linux x86_64; rv:62.0) Gecko/20100101 Firefox/62.0"
167.71.111.16 - - [03/Jul/2021:07:42:34 -0400] "POST /wp-login.php HTTP/1.1" 200 8132 "-" "Mozilla/5.0 (X11; Ubuntu; Linux x86_64; rv:62.0) Gecko/20100101 Firefox/62.0"
167.71.111.16 - - [03/Jul/2021:07:42:35 -0400] "POST /xmlrpc.php HTTP/1.1" 200 5786 "-" "Mozilla/5.0 (X11; Ubuntu; Linux x86_64; rv:62.0) Gecko/20100101 Firefox/62.0"
204.48.19.85 - - [03/Jul/2021:07:54:45 -0400] "POST /wp-cron.php?doing_wp_cron=1625313285.0991880893707275390625 HTTP/1.1" 200 6261 "https://suncoastoutdoor.net/wp-cron.php?doing_wp_cron=1625313285.0991880893707275390625" "WordPress/5.7.2; https://suncoastoutdoor.net"
159.65.128.164 - - [03/Jul/2021:07:54:44 -0400] "GET /wp-login.php HTTP/1.1" 200 8031 "-" "Mozilla/5.0 (X11; Ubuntu; Linux x86_64; rv:62.0) Gecko/20100101 Firefox/62.0"
159.65.128.164 - - [03/Jul/2021:07:54:46 -0400] "POST /wp-login.php HTTP/1.1" 200 8155 "-" "Mozilla/5.0 (X11; Ubuntu; Linux x86_64; rv:62.0) Gecko/20100101 Firefox/62.0"
204.48.19.85 - - [03/Jul/2021:07:54:48 -0400] "POST /wp-cron.php?doing_wp_cron=1625313288.2037439346313476562500 HTTP/1.1" 200 6245 "https://suncoastoutdoor.net/wp-cron.php?doing_wp_cron=1625313288.2037439346313476562500" "WordPress/5.7.2; https://suncoastoutdoor.net"
159.65.128.164 - - [03/Jul/2021:07:54:47 -0400] "GET /wp-login.php HTTP/1.1" 200 8031 "-" "Mozilla/5.0 (X11; Ubuntu; Linux x86_64; rv:62.0) Gecko/20100101 Firefox/62.0"
159.65.128.164 - - [03/Jul/2021:07:54:50 -0400] "POST /wp-login.php HTTP/1.1" 200 8132 "-" "Mozilla/5.0 (X11; Ubuntu; Linux x86_64; rv:62.0) Gecko/20100101 Firefox/62.0"
159.65.128.164 - - [03/Jul/2021:07:54:51 -0400] "POST /xmlrpc.php HTTP/1.1" 200 5786 "-" "Mozilla/5.0 (X11; Ubuntu; Linux x86_64; rv:62.0) Gecko/20100101 Firefox/62.0"
204.48.19.85 - - [03/Jul/2021:08:06:57 -0400] "POST /wp-cron.php?doing_wp_cron=1625314017.7817819118499755859375 HTTP/1.1" 200 6229 "https://suncoastoutdoor.net/wp-cron.php?doing_wp_cron=1625314017.7817819118499755859375" "WordPress/5.7.2; https://suncoastoutdoor.net"
125.212.221.22 - - [03/Jul/2021:08:06:57 -0400] "GET /wp-login.php HTTP/1.1" 200 8030 "-" "Mozilla/5.0 (X11; Ubuntu; Linux x86_64; rv:62.0) Gecko/20100101 Firefox/62.0"
125.212.221.22 - - [03/Jul/2021:08:06:59 -0400] "POST /wp-login.php HTTP/1.1" 200 8154 "-" "Mozilla/5.0 (X11; Ubuntu; Linux x86_64; rv:62.0) Gecko/20100101 Firefox/62.0"
125.212.221.22 - - [03/Jul/2021:08:07:00 -0400] "GET /wp-login.php HTTP/1.1" 200 8030 "-" "Mozilla/5.0 (X11; Ubuntu; Linux x86_64; rv:62.0) Gecko/20100101 Firefox/62.0"
125.212.221.22 - - [03/Jul/2021:08:07:02 -0400] "POST /wp-login.php HTTP/1.1" 200 8133 "-" "Mozilla/5.0 (X11; Ubuntu; Linux x86_64; rv:62.0) Gecko/20100101 Firefox/62.0"
125.212.221.22 - - [03/Jul/2021:08:07:03 -0400] "POST /xmlrpc.php HTTP/1.1" 200 5786 "-" "Mozilla/5.0 (X11; Ubuntu; Linux x86_64; rv:62.0) Gecko/20100101 Firefox/62.0"
204.48.19.85 - - [03/Jul/2021:08:19:29 -0400] "POST /wp-cron.php?doing_wp_cron=1625314769.5452809333801269531250 HTTP/1.1" 200 6245 "https://suncoastoutdoor.net/wp-cron.php?doing_wp_cron=1625314769.5452809333801269531250" "WordPress/5.7.2; https://suncoastoutdoor.net"
13.127.143.208 - - [03/Jul/2021:08:19:29 -0400] "GET /wp-login.php HTTP/1.1" 200 8030 "-" "Mozilla/5.0 (X11; Ubuntu; Linux x86_64; rv:62.0) Gecko/20100101 Firefox/62.0"
13.127.143.208 - - [03/Jul/2021:08:19:30 -0400] "POST /wp-login.php HTTP/1.1" 200 8154 "-" "Mozilla/5.0 (X11; Ubuntu; Linux x86_64; rv:62.0) Gecko/20100101 Firefox/62.0"
13.127.143.208 - - [03/Jul/2021:08:19:31 -0400] "GET /wp-login.php HTTP/1.1" 200 8030 "-" "Mozilla/5.0 (X11; Ubuntu; Linux x86_64; rv:62.0) Gecko/20100101 Firefox/62.0"
13.127.143.208 - - [03/Jul/2021:08:19:33 -0400] "POST /wp-login.php HTTP/1.1" 200 8133 "-" "Mozilla/5.0 (X11; Ubuntu; Linux x86_64; rv:62.0) Gecko/20100101 Firefox/62.0"
13.127.143.208 - - [03/Jul/2021:08:19:34 -0400] "POST /xmlrpc.php HTTP/1.1" 200 5786 "-" "Mozilla/5.0 (X11; Ubuntu; Linux x86_64; rv:62.0) Gecko/20100101 Firefox/62.0"
204.48.19.85 - - [03/Jul/2021:08:32:18 -0400] "POST /wp-cron.php?doing_wp_cron=1625315538.1781449317932128906250 HTTP/1.1" 200 6229 "https://suncoastoutdoor.net/wp-cron.php?doing_wp_cron=1625315538.1781449317932128906250" "WordPress/5.7.2; https://suncoastoutdoor.net"
51.83.42.161 - - [03/Jul/2021:08:32:17 -0400] "GET /wp-login.php HTTP/1.1" 200 8030 "-" "Mozilla/5.0 (X11; Ubuntu; Linux x86_64; rv:62.0) Gecko/20100101 Firefox/62.0"
51.83.42.161 - - [03/Jul/2021:08:32:19 -0400] "POST /wp-login.php HTTP/1.1" 200 8154 "-" "Mozilla/5.0 (X11; Ubuntu; Linux x86_64; rv:62.0) Gecko/20100101 Firefox/62.0"
51.83.42.161 - - [03/Jul/2021:08:32:20 -0400] "GET /wp-login.php HTTP/1.1" 200 8030 "-" "Mozilla/5.0 (X11; Ubuntu; Linux x86_64; rv:62.0) Gecko/20100101 Firefox/62.0"
51.83.42.161 - - [03/Jul/2021:08:32:21 -0400] "POST /wp-login.php HTTP/1.1" 200 8133 "-" "Mozilla/5.0 (X11; Ubuntu; Linux x86_64; rv:62.0) Gecko/20100101 Firefox/62.0"
51.83.42.161 - - [03/Jul/2021:08:32:21 -0400] "POST /xmlrpc.php HTTP/1.1" 200 5786 "-" "Mozilla/5.0 (X11; Ubuntu; Linux x86_64; rv:62.0) Gecko/20100101 Firefox/62.0"
204.48.19.85 - - [03/Jul/2021:08:36:31 -0400] "POST /wp-cron.php?doing_wp_cron=1625315791.8947439193725585937500 HTTP/1.1" 200 6229 "https://suncoastoutdoor.net/wp-cron.php?doing_wp_cron=1625315791.8947439193725585937500" "WordPress/5.7.2; https://suncoastoutdoor.net"
116.62.49.96 - - [03/Jul/2021:08:36:31 -0400] "POST /wp-login.php HTTP/1.1" 200 8859 "-" "Mozilla/5.0 (Windows NT 6.1; WOW64) AppleWebKit/537.36 (KHTML, like Gecko) Chrome/47.0.2526.111 Safari/537.36 MVisionPlayer/1.0.0.0"
204.48.19.85 - - [03/Jul/2021:08:39:37 -0400] "POST /wp-cron.php?doing_wp_cron=1625315977.0004229545593261718750 HTTP/1.1" 200 6245 "https://suncoastoutdoor.net/wp-cron.php?doing_wp_cron=1625315977.0004229545593261718750" "WordPress/5.7.2; https://suncoastoutdoor.net"
85.14.240.146 - - [03/Jul/2021:08:39:36 -0400] "POST /wp-login.php HTTP/1.1" 200 8857 "-" "Mozilla/5.0 (Windows NT 6.3; Win64; x64) AppleWebKit/537.36 (KHTML, like Gecko) Chrome/79.0.3945.88 Safari/537.36"
204.48.19.85 - - [03/Jul/2021:08:44:24 -0400] "POST /wp-cron.php?doing_wp_cron=1625316264.6475319862365722656250 HTTP/1.1" 200 6261 "https://suncoastoutdoor.net/wp-cron.php?doing_wp_cron=1625316264.6475319862365722656250" "WordPress/5.7.2; https://suncoastoutdoor.net"
142.93.105.158 - - [03/Jul/2021:08:44:24 -0400] "POST /wp-login.php HTTP/1.1" 200 8857 "-" "Mozilla/5.0 (Windows NT 6.1; WOW64) AppleWebKit/537.36 (KHTML, like Gecko) Chrome/32.0.1700.107 Safari/537.36"
204.48.19.85 - - [03/Jul/2021:08:46:01 -0400] "POST /wp-cron.php?doing_wp_cron=1625316361.5512180328369140625000 HTTP/1.1" 200 6245 "https://suncoastoutdoor.net/wp-cron.php?doing_wp_cron=1625316361.5512180328369140625000" "WordPress/5.7.2; https://suncoastoutdoor.net"
96.125.171.153 - - [03/Jul/2021:08:46:01 -0400] "GET /wp-login.php HTTP/1.1" 200 8030 "-" "Mozilla/5.0 (X11; Ubuntu; Linux x86_64; rv:62.0) Gecko/20100101 Firefox/62.0"
96.125.171.153 - - [03/Jul/2021:08:46:04 -0400] "POST /wp-login.php HTTP/1.1" 200 8154 "-" "Mozilla/5.0 (X11; Ubuntu; Linux x86_64; rv:62.0) Gecko/20100101 Firefox/62.0"
96.125.171.153 - - [03/Jul/2021:08:46:06 -0400] "GET /wp-login.php HTTP/1.1" 200 8030 "-" "Mozilla/5.0 (X11; Ubuntu; Linux x86_64; rv:62.0) Gecko/20100101 Firefox/62.0"
96.125.171.153 - - [03/Jul/2021:08:46:08 -0400] "POST /wp-login.php HTTP/1.1" 200 8133 "-" "Mozilla/5.0 (X11; Ubuntu; Linux x86_64; rv:62.0) Gecko/20100101 Firefox/62.0"
96.125.171.153 - - [03/Jul/2021:08:46:17 -0400] "POST /xmlrpc.php HTTP/1.1" 200 5786 "-" "Mozilla/5.0 (X11; Ubuntu; Linux x86_64; rv:62.0) Gecko/20100101 Firefox/62.0"
204.48.19.85 - - [03/Jul/2021:08:58:43 -0400] "POST /wp-cron.php?doing_wp_cron=1625317123.5996160507202148437500 HTTP/1.1" 200 6261 "https://suncoastoutdoor.net/wp-cron.php?doing_wp_cron=1625317123.5996160507202148437500" "WordPress/5.7.2; https://suncoastoutdoor.net"
188.166.247.170 - - [03/Jul/2021:08:58:43 -0400] "GET /wp-login.php HTTP/1.1" 200 8030 "-" "Mozilla/5.0 (X11; Ubuntu; Linux x86_64; rv:62.0) Gecko/20100101 Firefox/62.0"
188.166.247.170 - - [03/Jul/2021:08:58:44 -0400] "POST /wp-login.php HTTP/1.1" 200 8154 "-" "Mozilla/5.0 (X11; Ubuntu; Linux x86_64; rv:62.0) Gecko/20100101 Firefox/62.0"
188.166.247.170 - - [03/Jul/2021:08:58:46 -0400] "GET /wp-login.php HTTP/1.1" 200 8030 "-" "Mozilla/5.0 (X11; Ubuntu; Linux x86_64; rv:62.0) Gecko/20100101 Firefox/62.0"
188.166.247.170 - - [03/Jul/2021:08:58:47 -0400] "POST /wp-login.php HTTP/1.1" 200 8133 "-" "Mozilla/5.0 (X11; Ubuntu; Linux x86_64; rv:62.0) Gecko/20100101 Firefox/62.0"
204.48.19.85 - - [03/Jul/2021:08:58:49 -0400] "POST /wp-cron.php?doing_wp_cron=1625317129.2727379798889160156250 HTTP/1.1" 200 6229 "https://suncoastoutdoor.net/wp-cron.php?doing_wp_cron=1625317129.2727379798889160156250" "WordPress/5.7.2; https://suncoastoutdoor.net"
188.166.247.170 - - [03/Jul/2021:08:58:48 -0400] "POST /xmlrpc.php HTTP/1.1" 200 5786 "-" "Mozilla/5.0 (X11; Ubuntu; Linux x86_64; rv:62.0) Gecko/20100101 Firefox/62.0"
204.48.19.85 - - [03/Jul/2021:09:22:38 -0400] "POST /wp-cron.php?doing_wp_cron=1625318558.8018269538879394531250 HTTP/1.1" 200 6261 "https://suncoastoutdoor.net/wp-cron.php?doing_wp_cron=1625318558.8018269538879394531250" "WordPress/5.7.2; https://suncoastoutdoor.net"
198.12.253.60 - - [03/Jul/2021:09:22:38 -0400] "GET /wp-login.php HTTP/1.1" 200 8030 "-" "Mozilla/5.0 (X11; Ubuntu; Linux x86_64; rv:62.0) Gecko/20100101 Firefox/62.0"
198.12.253.60 - - [03/Jul/2021:09:22:39 -0400] "POST /wp-login.php HTTP/1.1" 200 8154 "-" "Mozilla/5.0 (X11; Ubuntu; Linux x86_64; rv:62.0) Gecko/20100101 Firefox/62.0"
198.12.253.60 - - [03/Jul/2021:09:22:39 -0400] "POST /xmlrpc.php HTTP/1.1" 200 5786 "-" "Mozilla/5.0 (X11; Ubuntu; Linux x86_64; rv:62.0) Gecko/20100101 Firefox/62.0"
204.48.19.85 - - [03/Jul/2021:09:24:22 -0400] "POST /wp-cron.php?doing_wp_cron=1625318662.3780589103698730468750 HTTP/1.1" 200 6245 "https://suncoastoutdoor.net/wp-cron.php?doing_wp_cron=1625318662.3780589103698730468750" "WordPress/5.7.2; https://suncoastoutdoor.net"
178.18.245.78 - - [03/Jul/2021:09:24:22 -0400] "POST /wp-login.php HTTP/1.1" 200 8859 "-" "Mozilla/5.0 (Windows NT 5.1) AppleWebKit/537.36 (KHTML, like Gecko) Chrome/47.0.2526.106 Safari/537.36"
204.48.19.85 - - [03/Jul/2021:09:25:44 -0400] "POST /wp-cron.php?doing_wp_cron=1625318744.7039821147918701171875 HTTP/1.1" 200 6245 "https://suncoastoutdoor.net/wp-cron.php?doing_wp_cron=1625318744.7039821147918701171875" "WordPress/5.7.2; https://suncoastoutdoor.net"
167.172.56.36 - - [03/Jul/2021:09:25:44 -0400] "GET /wp-login.php HTTP/1.1" 200 8030 "-" "Mozilla/5.0 (X11; Ubuntu; Linux x86_64; rv:62.0) Gecko/20100101 Firefox/62.0"
167.172.56.36 - - [03/Jul/2021:09:25:45 -0400] "POST /wp-login.php HTTP/1.1" 200 8154 "-" "Mozilla/5.0 (X11; Ubuntu; Linux x86_64; rv:62.0) Gecko/20100101 Firefox/62.0"
167.172.56.36 - - [03/Jul/2021:09:25:46 -0400] "GET /wp-login.php HTTP/1.1" 200 8030 "-" "Mozilla/5.0 (X11; Ubuntu; Linux x86_64; rv:62.0) Gecko/20100101 Firefox/62.0"
167.172.56.36 - - [03/Jul/2021:09:25:47 -0400] "POST /wp-login.php HTTP/1.1" 200 8133 "-" "Mozilla/5.0 (X11; Ubuntu; Linux x86_64; rv:62.0) Gecko/20100101 Firefox/62.0"
204.48.19.85 - - [03/Jul/2021:09:25:48 -0400] "POST /wp-cron.php?doing_wp_cron=1625318748.4524099826812744140625 HTTP/1.1" 200 6245 "https://suncoastoutdoor.net/wp-cron.php?doing_wp_cron=1625318748.4524099826812744140625" "WordPress/5.7.2; https://suncoastoutdoor.net"
167.172.56.36 - - [03/Jul/2021:09:25:48 -0400] "POST /xmlrpc.php HTTP/1.1" 200 5786 "-" "Mozilla/5.0 (X11; Ubuntu; Linux x86_64; rv:62.0) Gecko/20100101 Firefox/62.0"
204.48.19.85 - - [03/Jul/2021:09:33:46 -0400] "POST /wp-cron.php?doing_wp_cron=1625319226.5530140399932861328125 HTTP/1.1" 200 6245 "https://suncoastoutdoor.net/wp-cron.php?doing_wp_cron=1625319226.5530140399932861328125" "WordPress/5.7.2; https://suncoastoutdoor.net"
128.199.106.230 - - [03/Jul/2021:09:33:45 -0400] "GET /wp-login.php HTTP/1.1" 200 8030 "-" "Mozilla/5.0 (X11; Ubuntu; Linux x86_64; rv:62.0) Gecko/20100101 Firefox/62.0"
204.48.19.85 - - [03/Jul/2021:09:33:52 -0400] "POST /wp-cron.php?doing_wp_cron=1625319232.2283999919891357421875 HTTP/1.1" 200 6261 "https://suncoastoutdoor.net/wp-cron.php?doing_wp_cron=1625319232.2283999919891357421875" "WordPress/5.7.2; https://suncoastoutdoor.net"
128.199.106.230 - - [03/Jul/2021:09:33:51 -0400] "POST /wp-login.php HTTP/1.1" 200 8154 "-" "Mozilla/5.0 (X11; Ubuntu; Linux x86_64; rv:62.0) Gecko/20100101 Firefox/62.0"
128.199.106.230 - - [03/Jul/2021:09:33:57 -0400] "POST /xmlrpc.php HTTP/1.1" 200 5786 "-" "Mozilla/5.0 (X11; Ubuntu; Linux x86_64; rv:62.0) Gecko/20100101 Firefox/62.0"
204.48.19.85 - - [03/Jul/2021:09:41:28 -0400] "POST /wp-cron.php?doing_wp_cron=1625319688.9487578868865966796875 HTTP/1.1" 200 6261 "https://suncoastoutdoor.net/wp-cron.php?doing_wp_cron=1625319688.9487578868865966796875" "WordPress/5.7.2; https://suncoastoutdoor.net"
180.76.185.20 - - [03/Jul/2021:09:41:28 -0400] "POST /wp-login.php HTTP/1.1" 200 8859 "-" "Mozilla/5.0 (Windows NT 10.0; Win64; x64) AppleWebKit/537.36 (KHTML, like Gecko) Chrome/72.0.3626.109 Safari/537.36"
204.48.19.85 - - [03/Jul/2021:09:45:32 -0400] "POST /wp-cron.php?doing_wp_cron=1625319932.3468859195709228515625 HTTP/1.1" 200 6261 "https://suncoastoutdoor.net/wp-cron.php?doing_wp_cron=1625319932.3468859195709228515625" "WordPress/5.7.2; https://suncoastoutdoor.net"
103.109.28.1 - - [03/Jul/2021:09:45:31 -0400] "POST /wp-login.php HTTP/1.1" 200 8859 "-" "Mozilla/5.0 (Windows NT 10.0; Win64; x64) AppleWebKit/537.36 (KHTML, like Gecko) Chrome/70.0.3538.67 Safari/537.36"
204.48.19.85 - - [03/Jul/2021:09:49:27 -0400] "POST /wp-cron.php?doing_wp_cron=1625320167.6221220493316650390625 HTTP/1.1" 200 6245 "https://suncoastoutdoor.net/wp-cron.php?doing_wp_cron=1625320167.6221220493316650390625" "WordPress/5.7.2; https://suncoastoutdoor.net"
185.68.110.200 - - [03/Jul/2021:09:49:27 -0400] "POST /wp-login.php HTTP/1.1" 200 8857 "-" "Mozilla/5.0 (Windows NT 6.1; Win64; x64) AppleWebKit/537.36 (KHTML, like Gecko) Chrome/80.0.3987.106 Safari/537.36"
204.48.19.85 - - [03/Jul/2021:09:57:40 -0400] "POST /wp-cron.php?doing_wp_cron=1625320660.0564858913421630859375 HTTP/1.1" 200 6245 "https://suncoastoutdoor.net/wp-cron.php?doing_wp_cron=1625320660.0564858913421630859375" "WordPress/5.7.2; https://suncoastoutdoor.net"
188.166.232.253 - - [03/Jul/2021:09:57:39 -0400] "GET /wp-login.php HTTP/1.1" 200 8030 "-" "Mozilla/5.0 (X11; Ubuntu; Linux x86_64; rv:62.0) Gecko/20100101 Firefox/62.0"
188.166.232.253 - - [03/Jul/2021:09:57:42 -0400] "POST /wp-login.php HTTP/1.1" 200 8154 "-" "Mozilla/5.0 (X11; Ubuntu; Linux x86_64; rv:62.0) Gecko/20100101 Firefox/62.0"
188.166.232.253 - - [03/Jul/2021:09:57:43 -0400] "POST /xmlrpc.php HTTP/1.1" 200 5786 "-" "Mozilla/5.0 (X11; Ubuntu; Linux x86_64; rv:62.0) Gecko/20100101 Firefox/62.0"
204.48.19.85 - - [03/Jul/2021:10:08:33 -0400] "POST /wp-cron.php?doing_wp_cron=1625321313.5129721164703369140625 HTTP/1.1" 200 6261 "https://suncoastoutdoor.net/wp-cron.php?doing_wp_cron=1625321313.5129721164703369140625" "WordPress/5.7.2; https://suncoastoutdoor.net"
103.130.216.234 - - [03/Jul/2021:10:08:33 -0400] "GET /wp-login.php HTTP/1.1" 200 8030 "-" "Mozilla/5.0 (X11; Ubuntu; Linux x86_64; rv:62.0) Gecko/20100101 Firefox/62.0"
103.130.216.234 - - [03/Jul/2021:10:08:35 -0400] "POST /wp-login.php HTTP/1.1" 200 8154 "-" "Mozilla/5.0 (X11; Ubuntu; Linux x86_64; rv:62.0) Gecko/20100101 Firefox/62.0"
103.130.216.234 - - [03/Jul/2021:10:08:36 -0400] "POST /xmlrpc.php HTTP/1.1" 200 5786 "-" "Mozilla/5.0 (X11; Ubuntu; Linux x86_64; rv:62.0) Gecko/20100101 Firefox/62.0"
204.48.19.85 - - [03/Jul/2021:10:13:24 -0400] "POST /wp-cron.php?doing_wp_cron=1625321604.0916450023651123046875 HTTP/1.1" 200 6245 "https://suncoastoutdoor.net/wp-cron.php?doing_wp_cron=1625321604.0916450023651123046875" "WordPress/5.7.2; https://suncoastoutdoor.net"
45.151.248.70 - - [03/Jul/2021:10:13:23 -0400] "POST /wp-login.php HTTP/1.1" 200 8859 "-" "Mozilla/5.0 (Windows NT 5.1) AppleWebKit/537.36 (KHTML, like Gecko) Chrome/47.0.2526.106 Safari/537.36"
204.48.19.85 - - [03/Jul/2021:10:17:47 -0400] "POST /wp-cron.php?doing_wp_cron=1625321867.5250918865203857421875 HTTP/1.1" 200 6261 "https://suncoastoutdoor.net/wp-cron.php?doing_wp_cron=1625321867.5250918865203857421875" "WordPress/5.7.2; https://suncoastoutdoor.net"
167.86.66.101 - - [03/Jul/2021:10:17:47 -0400] "GET /wp-login.php HTTP/1.1" 200 8030 "-" "Mozilla/5.0 (X11; Ubuntu; Linux x86_64; rv:62.0) Gecko/20100101 Firefox/62.0"
204.48.19.85 - - [03/Jul/2021:10:17:48 -0400] "POST /wp-cron.php?doing_wp_cron=1625321868.6809160709381103515625 HTTP/1.1" 200 6245 "https://suncoastoutdoor.net/wp-cron.php?doing_wp_cron=1625321868.6809160709381103515625" "WordPress/5.7.2; https://suncoastoutdoor.net"
167.86.66.101 - - [03/Jul/2021:10:17:48 -0400] "POST /wp-login.php HTTP/1.1" 200 8154 "-" "Mozilla/5.0 (X11; Ubuntu; Linux x86_64; rv:62.0) Gecko/20100101 Firefox/62.0"
167.86.66.101 - - [03/Jul/2021:10:17:49 -0400] "POST /xmlrpc.php HTTP/1.1" 200 5786 "-" "Mozilla/5.0 (X11; Ubuntu; Linux x86_64; rv:62.0) Gecko/20100101 Firefox/62.0"
188.68.47.141 - - [03/Jul/2021:10:20:35 -0400] "GET /wp-content/themes/twentyseventeen/404.php HTTP/1.1" 301 612 "http://simplesite.com" "Mozilla/5.0 (Windows; U; Windows NT 5.1; en-US) AppleWebKit/533.4 (KHTML, like Gecko) Chrome/5.0.375.99 Safari/533.4"
188.68.47.141 - - [03/Jul/2021:10:20:36 -0400] "GET /wp-content/themes/twentyseventeen/404.php HTTP/1.1" 500 5795 "http://suncoastoutdoor.net/wp-content/themes/twentyseventeen/404.php" "Mozilla/5.0 (Windows; U; Windows NT 5.1; en-US) AppleWebKit/533.4 (KHTML, like Gecko) Chrome/5.0.375.99 Safari/533.4"
204.48.19.85 - - [03/Jul/2021:10:27:42 -0400] "POST /wp-cron.php?doing_wp_cron=1625322462.4412379264831542968750 HTTP/1.1" 200 6261 "https://suncoastoutdoor.net/wp-cron.php?doing_wp_cron=1625322462.4412379264831542968750" "WordPress/5.7.2; https://suncoastoutdoor.net"
143.110.184.109 - - [03/Jul/2021:10:27:42 -0400] "POST /xmlrpc.php HTTP/1.1" 200 5786 "-" "Mozilla/5.0 (X11; Ubuntu; Linux x86_64; rv:62.0) Gecko/20100101 Firefox/62.0"
204.48.19.85 - - [03/Jul/2021:10:47:01 -0400] "POST /wp-cron.php?doing_wp_cron=1625323621.8987441062927246093750 HTTP/1.1" 200 6245 "https://suncoastoutdoor.net/wp-cron.php?doing_wp_cron=1625323621.8987441062927246093750" "WordPress/5.7.2; https://suncoastoutdoor.net"
94.73.142.2 - - [03/Jul/2021:10:47:01 -0400] "POST /wp-login.php HTTP/1.1" 200 8859 "-" "Mozilla/5.0 (Windows NT 6.3; Win64; x64) AppleWebKit/537.36 (KHTML, like Gecko) Chrome/67.0.3396.99 Safari/537.36"
204.48.19.85 - - [03/Jul/2021:10:48:34 -0400] "POST /wp-cron.php?doing_wp_cron=1625323714.6375360488891601562500 HTTP/1.1" 200 6229 "https://suncoastoutdoor.net/wp-cron.php?doing_wp_cron=1625323714.6375360488891601562500" "WordPress/5.7.2; https://suncoastoutdoor.net"
148.72.232.66 - - [03/Jul/2021:10:48:34 -0400] "GET /wp-login.php HTTP/1.1" 200 8030 "-" "Mozilla/5.0 (X11; Ubuntu; Linux x86_64; rv:62.0) Gecko/20100101 Firefox/62.0"
148.72.232.66 - - [03/Jul/2021:10:48:35 -0400] "POST /wp-login.php HTTP/1.1" 200 8154 "-" "Mozilla/5.0 (X11; Ubuntu; Linux x86_64; rv:62.0) Gecko/20100101 Firefox/62.0"
148.72.232.66 - - [03/Jul/2021:10:48:37 -0400] "POST /xmlrpc.php HTTP/1.1" 200 5786 "-" "Mozilla/5.0 (X11; Ubuntu; Linux x86_64; rv:62.0) Gecko/20100101 Firefox/62.0"
204.48.19.85 - - [03/Jul/2021:10:55:15 -0400] "POST /wp-cron.php?doing_wp_cron=1625324115.5765271186828613281250 HTTP/1.1" 200 6245 "https://suncoastoutdoor.net/wp-cron.php?doing_wp_cron=1625324115.5765271186828613281250" "WordPress/5.7.2; https://suncoastoutdoor.net"
119.96.223.59 - - [03/Jul/2021:10:55:15 -0400] "POST /wp-login.php HTTP/1.1" 200 8857 "-" "Mozilla/5.0 (Windows NT 6.3; Win64; x64) AppleWebKit/537.36 (KHTML, like Gecko) Chrome/67.0.3396.99 Safari/537.36"
204.48.19.85 - - [03/Jul/2021:10:57:53 -0400] "POST /wp-cron.php?doing_wp_cron=1625324273.9121789932250976562500 HTTP/1.1" 200 6245 "https://suncoastoutdoor.net/wp-cron.php?doing_wp_cron=1625324273.9121789932250976562500" "WordPress/5.7.2; https://suncoastoutdoor.net"
157.7.128.57 - - [03/Jul/2021:10:57:53 -0400] "GET /wp-login.php HTTP/1.1" 200 8030 "-" "Mozilla/5.0 (X11; Ubuntu; Linux x86_64; rv:62.0) Gecko/20100101 Firefox/62.0"
157.7.128.57 - - [03/Jul/2021:10:57:55 -0400] "POST /wp-login.php HTTP/1.1" 200 8154 "-" "Mozilla/5.0 (X11; Ubuntu; Linux x86_64; rv:62.0) Gecko/20100101 Firefox/62.0"
157.7.128.57 - - [03/Jul/2021:10:57:56 -0400] "POST /xmlrpc.php HTTP/1.1" 200 5786 "-" "Mozilla/5.0 (X11; Ubuntu; Linux x86_64; rv:62.0) Gecko/20100101 Firefox/62.0"
204.48.19.85 - - [03/Jul/2021:11:06:44 -0400] "POST /wp-cron.php?doing_wp_cron=1625324804.1050701141357421875000 HTTP/1.1" 200 6261 "https://suncoastoutdoor.net/wp-cron.php?doing_wp_cron=1625324804.1050701141357421875000" "WordPress/5.7.2; https://suncoastoutdoor.net"
139.59.154.27 - - [03/Jul/2021:11:06:43 -0400] "POST /wp-login.php HTTP/1.1" 200 8859 "-" "Mozilla/5.0 (Windows NT 10.0; WOW64) AppleWebKit/537.36 (KHTML, like Gecko) Chrome/53.0.2785.143 Safari/537.36"
204.48.19.85 - - [03/Jul/2021:11:08:46 -0400] "POST /wp-cron.php?doing_wp_cron=1625324926.9347140789031982421875 HTTP/1.1" 200 6229 "https://suncoastoutdoor.net/wp-cron.php?doing_wp_cron=1625324926.9347140789031982421875" "WordPress/5.7.2; https://suncoastoutdoor.net"
185.2.6.10 - - [03/Jul/2021:11:08:46 -0400] "GET /wp-login.php HTTP/1.1" 200 8030 "-" "Mozilla/5.0 (X11; Ubuntu; Linux x86_64; rv:62.0) Gecko/20100101 Firefox/62.0"
185.2.6.10 - - [03/Jul/2021:11:08:47 -0400] "POST /wp-login.php HTTP/1.1" 200 8154 "-" "Mozilla/5.0 (X11; Ubuntu; Linux x86_64; rv:62.0) Gecko/20100101 Firefox/62.0"
204.48.19.85 - - [03/Jul/2021:11:08:48 -0400] "POST /wp-cron.php?doing_wp_cron=1625324928.6605939865112304687500 HTTP/1.1" 200 6229 "https://suncoastoutdoor.net/wp-cron.php?doing_wp_cron=1625324928.6605939865112304687500" "WordPress/5.7.2; https://suncoastoutdoor.net"
185.2.6.10 - - [03/Jul/2021:11:08:48 -0400] "POST /xmlrpc.php HTTP/1.1" 200 5786 "-" "Mozilla/5.0 (X11; Ubuntu; Linux x86_64; rv:62.0) Gecko/20100101 Firefox/62.0"
204.48.19.85 - - [03/Jul/2021:11:18:46 -0400] "GET / HTTP/1.1" 200 23490 "https://suncoastoutdoor.net/" "WordPress/5.7.2; https://suncoastoutdoor.net"
204.48.19.85 - - [03/Jul/2021:11:18:46 -0400] "POST /wp-cron.php?doing_wp_cron=1625325526.3740189075469970703125 HTTP/1.1" 200 6261 "https://suncoastoutdoor.net/wp-cron.php?doing_wp_cron=1625325526.3740189075469970703125" "WordPress/5.7.2; https://suncoastoutdoor.net"
13.127.95.243 - - [03/Jul/2021:11:18:45 -0400] "GET /wp-login.php HTTP/1.1" 200 8030 "-" "Mozilla/5.0 (X11; Ubuntu; Linux x86_64; rv:62.0) Gecko/20100101 Firefox/62.0"
204.48.19.85 - - [03/Jul/2021:11:18:48 -0400] "POST /wp-cron.php?doing_wp_cron=1625325528.3980150222778320312500 HTTP/1.1" 200 6245 "https://suncoastoutdoor.net/wp-cron.php?doing_wp_cron=1625325528.3980150222778320312500" "WordPress/5.7.2; https://suncoastoutdoor.net"
13.127.95.243 - - [03/Jul/2021:11:18:48 -0400] "POST /wp-login.php HTTP/1.1" 200 8154 "-" "Mozilla/5.0 (X11; Ubuntu; Linux x86_64; rv:62.0) Gecko/20100101 Firefox/62.0"
13.127.95.243 - - [03/Jul/2021:11:18:49 -0400] "POST /xmlrpc.php HTTP/1.1" 200 5786 "-" "Mozilla/5.0 (X11; Ubuntu; Linux x86_64; rv:62.0) Gecko/20100101 Firefox/62.0"
204.48.19.85 - - [03/Jul/2021:11:29:29 -0400] "POST /wp-cron.php?doing_wp_cron=1625326169.6999020576477050781250 HTTP/1.1" 200 6245 "https://suncoastoutdoor.net/wp-cron.php?doing_wp_cron=1625326169.6999020576477050781250" "WordPress/5.7.2; https://suncoastoutdoor.net"
34.70.44.233 - - [03/Jul/2021:11:29:29 -0400] "GET /wp-login.php HTTP/1.1" 200 8030 "-" "Mozilla/5.0 (X11; Ubuntu; Linux x86_64; rv:62.0) Gecko/20100101 Firefox/62.0"
34.70.44.233 - - [03/Jul/2021:11:29:30 -0400] "POST /wp-login.php HTTP/1.1" 200 8154 "-" "Mozilla/5.0 (X11; Ubuntu; Linux x86_64; rv:62.0) Gecko/20100101 Firefox/62.0"
34.70.44.233 - - [03/Jul/2021:11:29:30 -0400] "POST /xmlrpc.php HTTP/1.1" 200 5786 "-" "Mozilla/5.0 (X11; Ubuntu; Linux x86_64; rv:62.0) Gecko/20100101 Firefox/62.0"
204.48.19.85 - - [03/Jul/2021:11:30:08 -0400] "POST /wp-cron.php?doing_wp_cron=1625326208.1388249397277832031250 HTTP/1.1" 200 6245 "https://suncoastoutdoor.net/wp-cron.php?doing_wp_cron=1625326208.1388249397277832031250" "WordPress/5.7.2; https://suncoastoutdoor.net"
212.227.210.161 - - [03/Jul/2021:11:30:07 -0400] "POST /wp-login.php HTTP/1.1" 200 8859 "-" "Mozilla/5.0 (Windows NT 10.0; Win64; x64) AppleWebKit/537.36 (KHTML, like Gecko) Chrome/73.0.3683.86 Safari/537.36"
204.48.19.85 - - [03/Jul/2021:11:40:16 -0400] "POST /wp-cron.php?doing_wp_cron=1625326816.3833639621734619140625 HTTP/1.1" 200 6229 "https://suncoastoutdoor.net/wp-cron.php?doing_wp_cron=1625326816.3833639621734619140625" "WordPress/5.7.2; https://suncoastoutdoor.net"
157.245.111.41 - - [03/Jul/2021:11:40:15 -0400] "GET /wp-login.php HTTP/1.1" 200 8030 "-" "Mozilla/5.0 (X11; Ubuntu; Linux x86_64; rv:62.0) Gecko/20100101 Firefox/62.0"
157.245.111.41 - - [03/Jul/2021:11:40:17 -0400] "POST /wp-login.php HTTP/1.1" 200 8154 "-" "Mozilla/5.0 (X11; Ubuntu; Linux x86_64; rv:62.0) Gecko/20100101 Firefox/62.0"
157.245.111.41 - - [03/Jul/2021:11:40:19 -0400] "POST /xmlrpc.php HTTP/1.1" 200 5786 "-" "Mozilla/5.0 (X11; Ubuntu; Linux x86_64; rv:62.0) Gecko/20100101 Firefox/62.0"
204.48.19.85 - - [03/Jul/2021:11:50:51 -0400] "POST /wp-cron.php?doing_wp_cron=1625327451.9055459499359130859375 HTTP/1.1" 200 6245 "https://suncoastoutdoor.net/wp-cron.php?doing_wp_cron=1625327451.9055459499359130859375" "WordPress/5.7.2; https://suncoastoutdoor.net"
194.233.68.194 - - [03/Jul/2021:11:50:51 -0400] "GET /wp-login.php HTTP/1.1" 200 8030 "-" "Mozilla/5.0 (X11; Ubuntu; Linux x86_64; rv:62.0) Gecko/20100101 Firefox/62.0"
194.233.68.194 - - [03/Jul/2021:11:50:53 -0400] "POST /wp-login.php HTTP/1.1" 200 8154 "-" "Mozilla/5.0 (X11; Ubuntu; Linux x86_64; rv:62.0) Gecko/20100101 Firefox/62.0"
194.233.68.194 - - [03/Jul/2021:11:50:54 -0400] "POST /xmlrpc.php HTTP/1.1" 200 5786 "-" "Mozilla/5.0 (X11; Ubuntu; Linux x86_64; rv:62.0) Gecko/20100101 Firefox/62.0"
204.48.19.85 - - [03/Jul/2021:11:54:19 -0400] "POST /wp-cron.php?doing_wp_cron=1625327659.5535809993743896484375 HTTP/1.1" 200 6229 "https://suncoastoutdoor.net/wp-cron.php?doing_wp_cron=1625327659.5535809993743896484375" "WordPress/5.7.2; https://suncoastoutdoor.net"
35.233.23.228 - - [03/Jul/2021:11:54:19 -0400] "POST /wp-login.php HTTP/1.1" 200 8859 "-" "Mozilla/5.0 (Windows NT 6.1) AppleWebKit/537.36 (KHTML, like Gecko) Chrome/70.0.3538.77 Safari/537.36"
207.246.114.150 - - [03/Jul/2021:11:54:41 -0400] "POST /wp-login.php HTTP/1.1" 200 8859 "-" "Mozilla/5.0 (Windows NT 5.1) AppleWebKit/537.36 (KHTML, like Gecko) Chrome/47.0.2526.106 Safari/537.36"
204.48.19.85 - - [03/Jul/2021:12:01:06 -0400] "POST /wp-cron.php?doing_wp_cron=1625328066.5024230480194091796875 HTTP/1.1" 200 6245 "https://suncoastoutdoor.net/wp-cron.php?doing_wp_cron=1625328066.5024230480194091796875" "WordPress/5.7.2; https://suncoastoutdoor.net"
5.252.116.23 - - [03/Jul/2021:12:01:05 -0400] "GET /wp-login.php HTTP/1.1" 200 8030 "-" "Mozilla/5.0 (X11; Ubuntu; Linux x86_64; rv:62.0) Gecko/20100101 Firefox/62.0"
5.252.116.23 - - [03/Jul/2021:12:01:07 -0400] "POST /wp-login.php HTTP/1.1" 200 8154 "-" "Mozilla/5.0 (X11; Ubuntu; Linux x86_64; rv:62.0) Gecko/20100101 Firefox/62.0"
5.252.116.23 - - [03/Jul/2021:12:01:08 -0400] "POST /xmlrpc.php HTTP/1.1" 200 5786 "-" "Mozilla/5.0 (X11; Ubuntu; Linux x86_64; rv:62.0) Gecko/20100101 Firefox/62.0"
204.48.19.85 - - [03/Jul/2021:12:02:33 -0400] "POST /wp-cron.php?doing_wp_cron=1625328153.6676909923553466796875 HTTP/1.1" 200 6245 "https://suncoastoutdoor.net/wp-cron.php?doing_wp_cron=1625328153.6676909923553466796875" "WordPress/5.7.2; https://suncoastoutdoor.net"
142.93.105.158 - - [03/Jul/2021:12:02:33 -0400] "POST /wp-login.php HTTP/1.1" 200 8857 "-" "Mozilla/5.0 (Windows NT 10.0; Win64; x64) AppleWebKit/537.36 (KHTML, like Gecko) Chrome/87.0.4280.88 Safari/537.36"
204.48.19.85 - - [03/Jul/2021:12:12:04 -0400] "POST /wp-cron.php?doing_wp_cron=1625328724.4886040687561035156250 HTTP/1.1" 200 6245 "https://suncoastoutdoor.net/wp-cron.php?doing_wp_cron=1625328724.4886040687561035156250" "WordPress/5.7.2; https://suncoastoutdoor.net"
157.7.128.57 - - [03/Jul/2021:12:12:04 -0400] "GET /wp-login.php HTTP/1.1" 200 8030 "-" "Mozilla/5.0 (X11; Ubuntu; Linux x86_64; rv:62.0) Gecko/20100101 Firefox/62.0"
157.7.128.57 - - [03/Jul/2021:12:12:05 -0400] "POST /wp-login.php HTTP/1.1" 200 8154 "-" "Mozilla/5.0 (X11; Ubuntu; Linux x86_64; rv:62.0) Gecko/20100101 Firefox/62.0"
157.7.128.57 - - [03/Jul/2021:12:12:06 -0400] "POST /xmlrpc.php HTTP/1.1" 200 5786 "-" "Mozilla/5.0 (X11; Ubuntu; Linux x86_64; rv:62.0) Gecko/20100101 Firefox/62.0"
