20.52.17.78 - - [03/Jul/2021:03:54:27 -0400] "GET /wp-includes/block-patterns/ HTTP/1.1" 200 917 "www.google.com" "Mozlila/5.0 (Linux; Android 7.0; SM-G892A Bulid/NRD90M; wv) AppleWebKit/537.36 (KHTML, like Gecko) Version/4.0 Chrome/60.0.3112.107 Moblie Safari/537.36"
20.52.17.78 - - [03/Jul/2021:03:54:56 -0400] "GET /wp-includes/block-supports HTTP/1.1" 301 638 "www.google.com" "Mozlila/5.0 (Linux; Android 7.0; SM-G892A Bulid/NRD90M; wv) AppleWebKit/537.36 (KHTML, like Gecko) Version/4.0 Chrome/60.0.3112.107 Moblie Safari/537.36"
204.48.19.85 - - [03/Jul/2021:03:54:57 -0400] "POST /wp-cron.php?doing_wp_cron=1625298897.9475929737091064453125 HTTP/1.1" 200 6229 "https://suncoastoutdoor.net/wp-cron.php?doing_wp_cron=1625298897.9475929737091064453125" "WordPress/5.7.2; https://suncoastoutdoor.net"
138.68.90.192 - - [03/Jul/2021:03:54:57 -0400] "GET /wp-login.php HTTP/1.1" 200 8031 "-" "Mozilla/5.0 (X11; Ubuntu; Linux x86_64; rv:62.0) Gecko/20100101 Firefox/62.0"
20.52.17.78 - - [03/Jul/2021:03:54:58 -0400] "GET /wp-includes/block-supports HTTP/1.1" 301 6052 "www.google.com" "Mozlila/5.0 (Linux; Android 7.0; SM-G892A Bulid/NRD90M; wv) AppleWebKit/537.36 (KHTML, like Gecko) Version/4.0 Chrome/60.0.3112.107 Moblie Safari/537.36"
20.52.17.78 - - [03/Jul/2021:03:54:58 -0400] "GET /wp-includes/block-supports/ HTTP/1.1" 200 843 "www.google.com" "Mozlila/5.0 (Linux; Android 7.0; SM-G892A Bulid/NRD90M; wv) AppleWebKit/537.36 (KHTML, like Gecko) Version/4.0 Chrome/60.0.3112.107 Moblie Safari/537.36"
138.68.90.192 - - [03/Jul/2021:03:54:58 -0400] "POST /wp-login.php HTTP/1.1" 200 8155 "-" "Mozilla/5.0 (X11; Ubuntu; Linux x86_64; rv:62.0) Gecko/20100101 Firefox/62.0"
138.68.90.192 - - [03/Jul/2021:03:54:59 -0400] "GET /wp-login.php HTTP/1.1" 200 8031 "-" "Mozilla/5.0 (X11; Ubuntu; Linux x86_64; rv:62.0) Gecko/20100101 Firefox/62.0"
138.68.90.192 - - [03/Jul/2021:03:55:00 -0400] "POST /wp-login.php HTTP/1.1" 200 8157 "-" "Mozilla/5.0 (X11; Ubuntu; Linux x86_64; rv:62.0) Gecko/20100101 Firefox/62.0"
138.68.90.192 - - [03/Jul/2021:03:55:01 -0400] "POST /xmlrpc.php HTTP/1.1" 200 5786 "-" "Mozilla/5.0 (X11; Ubuntu; Linux x86_64; rv:62.0) Gecko/20100101 Firefox/62.0"
20.52.17.78 - - [03/Jul/2021:03:55:27 -0400] "GET /wp-includes/blocks HTTP/1.1" 301 622 "www.google.com" "Mozlila/5.0 (Linux; Android 7.0; SM-G892A Bulid/NRD90M; wv) AppleWebKit/537.36 (KHTML, like Gecko) Version/4.0 Chrome/60.0.3112.107 Moblie Safari/537.36"
20.52.17.78 - - [03/Jul/2021:03:55:27 -0400] "GET /wp-includes/blocks HTTP/1.1" 301 6036 "www.google.com" "Mozlila/5.0 (Linux; Android 7.0; SM-G892A Bulid/NRD90M; wv) AppleWebKit/537.36 (KHTML, like Gecko) Version/4.0 Chrome/60.0.3112.107 Moblie Safari/537.36"
20.52.17.78 - - [03/Jul/2021:03:55:27 -0400] "GET /wp-includes/blocks/ HTTP/1.1" 500 214 "www.google.com" "Mozlila/5.0 (Linux; Android 7.0; SM-G892A Bulid/NRD90M; wv) AppleWebKit/537.36 (KHTML, like Gecko) Version/4.0 Chrome/60.0.3112.107 Moblie Safari/537.36"
20.52.17.78 - - [03/Jul/2021:03:55:31 -0400] "GET /wp-includes/images HTTP/1.1" 301 622 "www.google.com" "Mozlila/5.0 (Linux; Android 7.0; SM-G892A Bulid/NRD90M; wv) AppleWebKit/537.36 (KHTML, like Gecko) Version/4.0 Chrome/60.0.3112.107 Moblie Safari/537.36"
20.52.17.78 - - [03/Jul/2021:03:55:31 -0400] "GET /wp-includes/images HTTP/1.1" 301 6036 "www.google.com" "Mozlila/5.0 (Linux; Android 7.0; SM-G892A Bulid/NRD90M; wv) AppleWebKit/537.36 (KHTML, like Gecko) Version/4.0 Chrome/60.0.3112.107 Moblie Safari/537.36"
20.52.17.78 - - [03/Jul/2021:03:55:31 -0400] "GET /wp-includes/images/ HTTP/1.1" 200 1163 "www.google.com" "Mozlila/5.0 (Linux; Android 7.0; SM-G892A Bulid/NRD90M; wv) AppleWebKit/537.36 (KHTML, like Gecko) Version/4.0 Chrome/60.0.3112.107 Moblie Safari/537.36"
20.52.17.78 - - [03/Jul/2021:03:57:13 -0400] "GET /wp-includes/images/crystal HTTP/1.1" 301 638 "www.google.com" "Mozlila/5.0 (Linux; Android 7.0; SM-G892A Bulid/NRD90M; wv) AppleWebKit/537.36 (KHTML, like Gecko) Version/4.0 Chrome/60.0.3112.107 Moblie Safari/537.36"
20.52.17.78 - - [03/Jul/2021:03:57:14 -0400] "GET /wp-includes/images/crystal HTTP/1.1" 301 6052 "www.google.com" "Mozlila/5.0 (Linux; Android 7.0; SM-G892A Bulid/NRD90M; wv) AppleWebKit/537.36 (KHTML, like Gecko) Version/4.0 Chrome/60.0.3112.107 Moblie Safari/537.36"
20.52.17.78 - - [03/Jul/2021:03:57:14 -0400] "GET /wp-includes/images/crystal/ HTTP/1.1" 200 908 "www.google.com" "Mozlila/5.0 (Linux; Android 7.0; SM-G892A Bulid/NRD90M; wv) AppleWebKit/537.36 (KHTML, like Gecko) Version/4.0 Chrome/60.0.3112.107 Moblie Safari/537.36"
108.179.209.130 - - [03/Jul/2021:03:58:17 -0400] "POST /wp-stream.php HTTP/1.1" 301 575 "suncoastoutdoor.net" "Mozilla/5.1 (Windows NT 6.0; WOW64) AppleWebKit/533.36 (KHTML, like Gecko) Chrome/46.0.2754.75 Safari/533.36"
108.179.209.130 - - [03/Jul/2021:03:58:22 -0400] "GET /wp-stream.php HTTP/1.1" 404 6033 "suncoastoutdoor.net" "Mozilla/5.1 (Windows NT 6.0; WOW64) AppleWebKit/533.36 (KHTML, like Gecko) Chrome/46.0.2754.75 Safari/533.36"
108.179.209.130 - - [03/Jul/2021:03:58:22 -0400] "POST /wp-content/uploads/wp-logout.php HTTP/1.1" 301 613 "suncoastoutdoor.net" "Mozilla/5.1 (Windows NT 6.0; WOW64) AppleWebKit/533.36 (KHTML, like Gecko) Chrome/46.0.2754.75 Safari/533.36"
108.179.209.130 - - [03/Jul/2021:03:58:23 -0400] "GET /wp-content/uploads/wp-logout.php HTTP/1.1" 404 6033 "suncoastoutdoor.net" "Mozilla/5.1 (Windows NT 6.0; WOW64) AppleWebKit/533.36 (KHTML, like Gecko) Chrome/46.0.2754.75 Safari/533.36"
20.52.17.78 - - [03/Jul/2021:03:58:34 -0400] "GET /wp-includes/images/media HTTP/1.1" 301 634 "www.google.com" "Mozlila/5.0 (Linux; Android 7.0; SM-G892A Bulid/NRD90M; wv) AppleWebKit/537.36 (KHTML, like Gecko) Version/4.0 Chrome/60.0.3112.107 Moblie Safari/537.36"
20.52.17.78 - - [03/Jul/2021:03:58:54 -0400] "GET /wp-includes/images/media HTTP/1.1" 301 6048 "www.google.com" "Mozlila/5.0 (Linux; Android 7.0; SM-G892A Bulid/NRD90M; wv) AppleWebKit/537.36 (KHTML, like Gecko) Version/4.0 Chrome/60.0.3112.107 Moblie Safari/537.36"
20.52.17.78 - - [03/Jul/2021:03:58:54 -0400] "GET /wp-includes/images/media/ HTTP/1.1" 200 878 "www.google.com" "Mozlila/5.0 (Linux; Android 7.0; SM-G892A Bulid/NRD90M; wv) AppleWebKit/537.36 (KHTML, like Gecko) Version/4.0 Chrome/60.0.3112.107 Moblie Safari/537.36"
20.52.17.78 - - [03/Jul/2021:03:59:32 -0400] "GET /wp-includes/images/smilies HTTP/1.1" 301 638 "www.google.com" "Mozlila/5.0 (Linux; Android 7.0; SM-G892A Bulid/NRD90M; wv) AppleWebKit/537.36 (KHTML, like Gecko) Version/4.0 Chrome/60.0.3112.107 Moblie Safari/537.36"
20.52.17.78 - - [03/Jul/2021:04:00:02 -0400] "GET /wp-includes/images/smilies HTTP/1.1" 301 6052 "www.google.com" "Mozlila/5.0 (Linux; Android 7.0; SM-G892A Bulid/NRD90M; wv) AppleWebKit/537.36 (KHTML, like Gecko) Version/4.0 Chrome/60.0.3112.107 Moblie Safari/537.36"
20.52.17.78 - - [03/Jul/2021:04:00:02 -0400] "GET /wp-includes/images/smilies/ HTTP/1.1" 200 1092 "www.google.com" "Mozlila/5.0 (Linux; Android 7.0; SM-G892A Bulid/NRD90M; wv) AppleWebKit/537.36 (KHTML, like Gecko) Version/4.0 Chrome/60.0.3112.107 Moblie Safari/537.36"
20.52.17.78 - - [03/Jul/2021:04:01:06 -0400] "GET /wp-includes/images/wlw HTTP/1.1" 301 630 "www.google.com" "Mozlila/5.0 (Linux; Android 7.0; SM-G892A Bulid/NRD90M; wv) AppleWebKit/537.36 (KHTML, like Gecko) Version/4.0 Chrome/60.0.3112.107 Moblie Safari/537.36"
51.255.40.172 - - [03/Jul/2021:04:01:08 -0400] "GET /style.php?sig=rename&rename=1source_name=2 HTTP/1.1" 301 637 "suncoastoutdoor.net" "Mozilla/5.0 (Windows NT 6.1; WOW64) AppleWebKit/537.36 (KHTML, like Gecko) Chrome/50.0.2661.75 Safari/537.36"
51.255.40.172 - - [03/Jul/2021:04:01:08 -0400] "GET /style.php?sig=rename&rename=1source_name=2 HTTP/1.1" 404 6033 "suncoastoutdoor.net" "Mozilla/5.0 (Windows NT 6.1; WOW64) AppleWebKit/537.36 (KHTML, like Gecko) Chrome/50.0.2661.75 Safari/537.36"
20.52.17.78 - - [03/Jul/2021:04:01:26 -0400] "GET /wp-includes/images/wlw HTTP/1.1" 301 6044 "www.google.com" "Mozlila/5.0 (Linux; Android 7.0; SM-G892A Bulid/NRD90M; wv) AppleWebKit/537.36 (KHTML, like Gecko) Version/4.0 Chrome/60.0.3112.107 Moblie Safari/537.36"
20.52.17.78 - - [03/Jul/2021:04:01:26 -0400] "GET /wp-includes/images/wlw/ HTTP/1.1" 200 790 "www.google.com" "Mozlila/5.0 (Linux; Android 7.0; SM-G892A Bulid/NRD90M; wv) AppleWebKit/537.36 (KHTML, like Gecko) Version/4.0 Chrome/60.0.3112.107 Moblie Safari/537.36"
20.52.17.78 - - [03/Jul/2021:04:02:43 -0400] "GET /wp-includes/js HTTP/1.1" 301 614 "www.google.com" "Mozlila/5.0 (Linux; Android 7.0; SM-G892A Bulid/NRD90M; wv) AppleWebKit/537.36 (KHTML, like Gecko) Version/4.0 Chrome/60.0.3112.107 Moblie Safari/537.36"
20.52.17.78 - - [03/Jul/2021:04:02:44 -0400] "GET /wp-includes/js HTTP/1.1" 301 6028 "www.google.com" "Mozlila/5.0 (Linux; Android 7.0; SM-G892A Bulid/NRD90M; wv) AppleWebKit/537.36 (KHTML, like Gecko) Version/4.0 Chrome/60.0.3112.107 Moblie Safari/537.36"
20.52.17.78 - - [03/Jul/2021:04:02:44 -0400] "GET /wp-includes/js/ HTTP/1.1" 200 2373 "www.google.com" "Mozlila/5.0 (Linux; Android 7.0; SM-G892A Bulid/NRD90M; wv) AppleWebKit/537.36 (KHTML, like Gecko) Version/4.0 Chrome/60.0.3112.107 Moblie Safari/537.36"
20.52.17.78 - - [03/Jul/2021:04:02:56 -0400] "GET /wp-includes/PHPMailer HTTP/1.1" 301 628 "www.google.com" "Mozlila/5.0 (Linux; Android 7.0; SM-G892A Bulid/NRD90M; wv) AppleWebKit/537.36 (KHTML, like Gecko) Version/4.0 Chrome/60.0.3112.107 Moblie Safari/537.36"
20.52.17.78 - - [03/Jul/2021:04:02:57 -0400] "GET /wp-includes/PHPMailer HTTP/1.1" 301 6042 "www.google.com" "Mozlila/5.0 (Linux; Android 7.0; SM-G892A Bulid/NRD90M; wv) AppleWebKit/537.36 (KHTML, like Gecko) Version/4.0 Chrome/60.0.3112.107 Moblie Safari/537.36"
20.52.17.78 - - [03/Jul/2021:04:02:57 -0400] "GET /wp-includes/PHPMailer/ HTTP/1.1" 200 800 "www.google.com" "Mozlila/5.0 (Linux; Android 7.0; SM-G892A Bulid/NRD90M; wv) AppleWebKit/537.36 (KHTML, like Gecko) Version/4.0 Chrome/60.0.3112.107 Moblie Safari/537.36"
20.52.17.78 - - [03/Jul/2021:04:03:55 -0400] "GET /wp-includes/pomo HTTP/1.1" 301 618 "www.google.com" "Mozlila/5.0 (Linux; Android 7.0; SM-G892A Bulid/NRD90M; wv) AppleWebKit/537.36 (KHTML, like Gecko) Version/4.0 Chrome/60.0.3112.107 Moblie Safari/537.36"
20.52.17.78 - - [03/Jul/2021:04:04:22 -0400] "GET /wp-includes/pomo HTTP/1.1" 301 6032 "www.google.com" "Mozlila/5.0 (Linux; Android 7.0; SM-G892A Bulid/NRD90M; wv) AppleWebKit/537.36 (KHTML, like Gecko) Version/4.0 Chrome/60.0.3112.107 Moblie Safari/537.36"
20.52.17.78 - - [03/Jul/2021:04:04:22 -0400] "GET /wp-includes/pomo/ HTTP/1.1" 200 837 "www.google.com" "Mozlila/5.0 (Linux; Android 7.0; SM-G892A Bulid/NRD90M; wv) AppleWebKit/537.36 (KHTML, like Gecko) Version/4.0 Chrome/60.0.3112.107 Moblie Safari/537.36"
20.52.17.78 - - [03/Jul/2021:04:04:45 -0400] "GET /wp-includes/random_compat HTTP/1.1" 301 636 "www.google.com" "Mozlila/5.0 (Linux; Android 7.0; SM-G892A Bulid/NRD90M; wv) AppleWebKit/537.36 (KHTML, like Gecko) Version/4.0 Chrome/60.0.3112.107 Moblie Safari/537.36"
20.52.17.78 - - [03/Jul/2021:04:04:45 -0400] "GET /wp-includes/random_compat HTTP/1.1" 301 6050 "www.google.com" "Mozlila/5.0 (Linux; Android 7.0; SM-G892A Bulid/NRD90M; wv) AppleWebKit/537.36 (KHTML, like Gecko) Version/4.0 Chrome/60.0.3112.107 Moblie Safari/537.36"
20.52.17.78 - - [03/Jul/2021:04:04:46 -0400] "GET /wp-includes/random_compat/ HTTP/1.1" 200 921 "www.google.com" "Mozlila/5.0 (Linux; Android 7.0; SM-G892A Bulid/NRD90M; wv) AppleWebKit/537.36 (KHTML, like Gecko) Version/4.0 Chrome/60.0.3112.107 Moblie Safari/537.36"
20.52.17.78 - - [03/Jul/2021:04:04:54 -0400] "GET /wp-includes/Requests HTTP/1.1" 301 626 "www.google.com" "Mozlila/5.0 (Linux; Android 7.0; SM-G892A Bulid/NRD90M; wv) AppleWebKit/537.36 (KHTML, like Gecko) Version/4.0 Chrome/60.0.3112.107 Moblie Safari/537.36"
20.52.17.78 - - [03/Jul/2021:04:05:05 -0400] "GET /wp-includes/Requests HTTP/1.1" 301 6040 "www.google.com" "Mozlila/5.0 (Linux; Android 7.0; SM-G892A Bulid/NRD90M; wv) AppleWebKit/537.36 (KHTML, like Gecko) Version/4.0 Chrome/60.0.3112.107 Moblie Safari/537.36"
20.52.17.78 - - [03/Jul/2021:04:05:05 -0400] "GET /wp-includes/Requests/ HTTP/1.1" 200 1029 "www.google.com" "Mozlila/5.0 (Linux; Android 7.0; SM-G892A Bulid/NRD90M; wv) AppleWebKit/537.36 (KHTML, like Gecko) Version/4.0 Chrome/60.0.3112.107 Moblie Safari/537.36"
204.48.19.85 - - [03/Jul/2021:04:05:40 -0400] "POST /wp-cron.php?doing_wp_cron=1625299540.1814401149749755859375 HTTP/1.1" 200 6229 "https://suncoastoutdoor.net/wp-cron.php?doing_wp_cron=1625299540.1814401149749755859375" "WordPress/5.7.2; https://suncoastoutdoor.net"
35.244.92.208 - - [03/Jul/2021:04:05:39 -0400] "GET /wp-login.php HTTP/1.1" 200 8031 "-" "Mozilla/5.0 (X11; Ubuntu; Linux x86_64; rv:62.0) Gecko/20100101 Firefox/62.0"
35.244.92.208 - - [03/Jul/2021:04:05:41 -0400] "POST /wp-login.php HTTP/1.1" 200 8155 "-" "Mozilla/5.0 (X11; Ubuntu; Linux x86_64; rv:62.0) Gecko/20100101 Firefox/62.0"
35.244.92.208 - - [03/Jul/2021:04:05:42 -0400] "GET /wp-login.php HTTP/1.1" 200 8031 "-" "Mozilla/5.0 (X11; Ubuntu; Linux x86_64; rv:62.0) Gecko/20100101 Firefox/62.0"
35.244.92.208 - - [03/Jul/2021:04:05:43 -0400] "POST /wp-login.php HTTP/1.1" 200 8157 "-" "Mozilla/5.0 (X11; Ubuntu; Linux x86_64; rv:62.0) Gecko/20100101 Firefox/62.0"
35.244.92.208 - - [03/Jul/2021:04:05:45 -0400] "POST /xmlrpc.php HTTP/1.1" 200 5786 "-" "Mozilla/5.0 (X11; Ubuntu; Linux x86_64; rv:62.0) Gecko/20100101 Firefox/62.0"
20.52.17.78 - - [03/Jul/2021:04:05:59 -0400] "GET /wp-includes/rest-api HTTP/1.1" 301 626 "www.google.com" "Mozlila/5.0 (Linux; Android 7.0; SM-G892A Bulid/NRD90M; wv) AppleWebKit/537.36 (KHTML, like Gecko) Version/4.0 Chrome/60.0.3112.107 Moblie Safari/537.36"
20.52.17.78 - - [03/Jul/2021:04:06:16 -0400] "GET /wp-includes/rest-api HTTP/1.1" 301 6040 "www.google.com" "Mozlila/5.0 (Linux; Android 7.0; SM-G892A Bulid/NRD90M; wv) AppleWebKit/537.36 (KHTML, like Gecko) Version/4.0 Chrome/60.0.3112.107 Moblie Safari/537.36"
20.52.17.78 - - [03/Jul/2021:04:06:16 -0400] "GET /wp-includes/rest-api/ HTTP/1.1" 200 868 "www.google.com" "Mozlila/5.0 (Linux; Android 7.0; SM-G892A Bulid/NRD90M; wv) AppleWebKit/537.36 (KHTML, like Gecko) Version/4.0 Chrome/60.0.3112.107 Moblie Safari/537.36"
20.52.17.78 - - [03/Jul/2021:04:06:45 -0400] "GET /wp-includes/SimplePie HTTP/1.1" 301 628 "www.google.com" "Mozlila/5.0 (Linux; Android 7.0; SM-G892A Bulid/NRD90M; wv) AppleWebKit/537.36 (KHTML, like Gecko) Version/4.0 Chrome/60.0.3112.107 Moblie Safari/537.36"
20.52.17.78 - - [03/Jul/2021:04:06:45 -0400] "GET /wp-includes/SimplePie HTTP/1.1" 301 6042 "www.google.com" "Mozlila/5.0 (Linux; Android 7.0; SM-G892A Bulid/NRD90M; wv) AppleWebKit/537.36 (KHTML, like Gecko) Version/4.0 Chrome/60.0.3112.107 Moblie Safari/537.36"
20.52.17.78 - - [03/Jul/2021:04:06:45 -0400] "GET /wp-includes/SimplePie/ HTTP/1.1" 200 1153 "www.google.com" "Mozlila/5.0 (Linux; Android 7.0; SM-G892A Bulid/NRD90M; wv) AppleWebKit/537.36 (KHTML, like Gecko) Version/4.0 Chrome/60.0.3112.107 Moblie Safari/537.36"
20.52.17.78 - - [03/Jul/2021:04:07:55 -0400] "GET /wp-includes/sitemaps HTTP/1.1" 301 626 "www.google.com" "Mozlila/5.0 (Linux; Android 7.0; SM-G892A Bulid/NRD90M; wv) AppleWebKit/537.36 (KHTML, like Gecko) Version/4.0 Chrome/60.0.3112.107 Moblie Safari/537.36"
20.52.17.78 - - [03/Jul/2021:04:08:08 -0400] "GET /wp-includes/sitemaps HTTP/1.1" 301 6040 "www.google.com" "Mozlila/5.0 (Linux; Android 7.0; SM-G892A Bulid/NRD90M; wv) AppleWebKit/537.36 (KHTML, like Gecko) Version/4.0 Chrome/60.0.3112.107 Moblie Safari/537.36"
20.52.17.78 - - [03/Jul/2021:04:08:08 -0400] "GET /wp-includes/sitemaps/ HTTP/1.1" 200 884 "www.google.com" "Mozlila/5.0 (Linux; Android 7.0; SM-G892A Bulid/NRD90M; wv) AppleWebKit/537.36 (KHTML, like Gecko) Version/4.0 Chrome/60.0.3112.107 Moblie Safari/537.36"
20.52.17.78 - - [03/Jul/2021:04:09:20 -0400] "GET /wp-includes/sitemaps/providers HTTP/1.1" 301 646 "www.google.com" "Mozlila/5.0 (Linux; Android 7.0; SM-G892A Bulid/NRD90M; wv) AppleWebKit/537.36 (KHTML, like Gecko) Version/4.0 Chrome/60.0.3112.107 Moblie Safari/537.36"
20.52.17.78 - - [03/Jul/2021:04:09:31 -0400] "GET /wp-includes/sitemaps/providers HTTP/1.1" 301 6060 "www.google.com" "Mozlila/5.0 (Linux; Android 7.0; SM-G892A Bulid/NRD90M; wv) AppleWebKit/537.36 (KHTML, like Gecko) Version/4.0 Chrome/60.0.3112.107 Moblie Safari/537.36"
20.52.17.78 - - [03/Jul/2021:04:09:31 -0400] "GET /wp-includes/sitemaps/providers/ HTTP/1.1" 200 813 "www.google.com" "Mozlila/5.0 (Linux; Android 7.0; SM-G892A Bulid/NRD90M; wv) AppleWebKit/537.36 (KHTML, like Gecko) Version/4.0 Chrome/60.0.3112.107 Moblie Safari/537.36"
20.52.17.78 - - [03/Jul/2021:04:10:35 -0400] "GET /wp-includes/sodium_compat HTTP/1.1" 301 636 "www.google.com" "Mozlila/5.0 (Linux; Android 7.0; SM-G892A Bulid/NRD90M; wv) AppleWebKit/537.36 (KHTML, like Gecko) Version/4.0 Chrome/60.0.3112.107 Moblie Safari/537.36"
20.52.17.78 - - [03/Jul/2021:04:10:36 -0400] "GET /wp-includes/sodium_compat HTTP/1.1" 301 6050 "www.google.com" "Mozlila/5.0 (Linux; Android 7.0; SM-G892A Bulid/NRD90M; wv) AppleWebKit/537.36 (KHTML, like Gecko) Version/4.0 Chrome/60.0.3112.107 Moblie Safari/537.36"
20.52.17.78 - - [03/Jul/2021:04:10:36 -0400] "GET /wp-includes/sodium_compat/ HTTP/1.1" 200 883 "www.google.com" "Mozlila/5.0 (Linux; Android 7.0; SM-G892A Bulid/NRD90M; wv) AppleWebKit/537.36 (KHTML, like Gecko) Version/4.0 Chrome/60.0.3112.107 Moblie Safari/537.36"
20.52.17.78 - - [03/Jul/2021:04:10:36 -0400] "GET /wp-includes/sodium_compat/autoload-php7.php HTTP/1.1" 301 672 "www.google.com" "Mozlila/5.0 (Linux; Android 7.0; SM-G892A Bulid/NRD90M; wv) AppleWebKit/537.36 (KHTML, like Gecko) Version/4.0 Chrome/60.0.3112.107 Moblie Safari/537.36"
20.52.17.78 - - [03/Jul/2021:04:10:36 -0400] "GET /wp-includes/sodium_compat/autoload-php7.php HTTP/1.1" 200 5614 "www.google.com" "Mozlila/5.0 (Linux; Android 7.0; SM-G892A Bulid/NRD90M; wv) AppleWebKit/537.36 (KHTML, like Gecko) Version/4.0 Chrome/60.0.3112.107 Moblie Safari/537.36"
20.52.17.78 - - [03/Jul/2021:04:11:10 -0400] "GET /wp-includes/Text HTTP/1.1" 301 618 "www.google.com" "Mozlila/5.0 (Linux; Android 7.0; SM-G892A Bulid/NRD90M; wv) AppleWebKit/537.36 (KHTML, like Gecko) Version/4.0 Chrome/60.0.3112.107 Moblie Safari/537.36"
20.52.17.78 - - [03/Jul/2021:04:11:25 -0400] "GET /wp-includes/Text HTTP/1.1" 301 6032 "www.google.com" "Mozlila/5.0 (Linux; Android 7.0; SM-G892A Bulid/NRD90M; wv) AppleWebKit/537.36 (KHTML, like Gecko) Version/4.0 Chrome/60.0.3112.107 Moblie Safari/537.36"
20.52.17.78 - - [03/Jul/2021:04:11:25 -0400] "GET /wp-includes/Text/ HTTP/1.1" 200 781 "www.google.com" "Mozlila/5.0 (Linux; Android 7.0; SM-G892A Bulid/NRD90M; wv) AppleWebKit/537.36 (KHTML, like Gecko) Version/4.0 Chrome/60.0.3112.107 Moblie Safari/537.36"
20.52.17.78 - - [03/Jul/2021:04:13:46 -0400] "GET /wp-includes/Text/Diff HTTP/1.1" 301 628 "www.google.com" "Mozlila/5.0 (Linux; Android 7.0; SM-G892A Bulid/NRD90M; wv) AppleWebKit/537.36 (KHTML, like Gecko) Version/4.0 Chrome/60.0.3112.107 Moblie Safari/537.36"
20.52.17.78 - - [03/Jul/2021:04:14:03 -0400] "GET /wp-includes/Text/Diff HTTP/1.1" 301 6042 "www.google.com" "Mozlila/5.0 (Linux; Android 7.0; SM-G892A Bulid/NRD90M; wv) AppleWebKit/537.36 (KHTML, like Gecko) Version/4.0 Chrome/60.0.3112.107 Moblie Safari/537.36"
20.52.17.78 - - [03/Jul/2021:04:14:03 -0400] "GET /wp-includes/Text/Diff/ HTTP/1.1" 200 797 "www.google.com" "Mozlila/5.0 (Linux; Android 7.0; SM-G892A Bulid/NRD90M; wv) AppleWebKit/537.36 (KHTML, like Gecko) Version/4.0 Chrome/60.0.3112.107 Moblie Safari/537.36"
20.52.17.78 - - [03/Jul/2021:04:15:06 -0400] "GET /wp-includes/Text/Diff/Engine HTTP/1.1" 301 642 "www.google.com" "Mozlila/5.0 (Linux; Android 7.0; SM-G892A Bulid/NRD90M; wv) AppleWebKit/537.36 (KHTML, like Gecko) Version/4.0 Chrome/60.0.3112.107 Moblie Safari/537.36"
20.52.17.78 - - [03/Jul/2021:04:15:32 -0400] "GET /wp-includes/Text/Diff/Engine HTTP/1.1" 301 6056 "www.google.com" "Mozlila/5.0 (Linux; Android 7.0; SM-G892A Bulid/NRD90M; wv) AppleWebKit/537.36 (KHTML, like Gecko) Version/4.0 Chrome/60.0.3112.107 Moblie Safari/537.36"
20.52.17.78 - - [03/Jul/2021:04:15:32 -0400] "GET /wp-includes/Text/Diff/Engine/ HTTP/1.1" 200 805 "www.google.com" "Mozlila/5.0 (Linux; Android 7.0; SM-G892A Bulid/NRD90M; wv) AppleWebKit/537.36 (KHTML, like Gecko) Version/4.0 Chrome/60.0.3112.107 Moblie Safari/537.36"
20.52.17.78 - - [03/Jul/2021:04:15:59 -0400] "GET /wp-includes/Text/Diff/Engine/shell.php HTTP/1.1" 301 662 "www.google.com" "Mozlila/5.0 (Linux; Android 7.0; SM-G892A Bulid/NRD90M; wv) AppleWebKit/537.36 (KHTML, like Gecko) Version/4.0 Chrome/60.0.3112.107 Moblie Safari/537.36"
204.48.19.85 - - [03/Jul/2021:04:16:23 -0400] "POST /wp-cron.php?doing_wp_cron=1625300183.9842560291290283203125 HTTP/1.1" 200 6245 "https://suncoastoutdoor.net/wp-cron.php?doing_wp_cron=1625300183.9842560291290283203125" "WordPress/5.7.2; https://suncoastoutdoor.net"
96.62.119.11 - - [03/Jul/2021:04:16:23 -0400] "GET /wp-login.php HTTP/1.1" 200 8031 "-" "Mozilla/5.0 (X11; Ubuntu; Linux x86_64; rv:62.0) Gecko/20100101 Firefox/62.0"
96.62.119.11 - - [03/Jul/2021:04:16:24 -0400] "POST /wp-login.php HTTP/1.1" 200 8155 "-" "Mozilla/5.0 (X11; Ubuntu; Linux x86_64; rv:62.0) Gecko/20100101 Firefox/62.0"
20.52.17.78 - - [03/Jul/2021:04:16:25 -0400] "GET /wp-includes/Text/Diff/Engine/shell.php HTTP/1.1" 200 5614 "www.google.com" "Mozlila/5.0 (Linux; Android 7.0; SM-G892A Bulid/NRD90M; wv) AppleWebKit/537.36 (KHTML, like Gecko) Version/4.0 Chrome/60.0.3112.107 Moblie Safari/537.36"
96.62.119.11 - - [03/Jul/2021:04:16:25 -0400] "GET /wp-login.php HTTP/1.1" 200 8031 "-" "Mozilla/5.0 (X11; Ubuntu; Linux x86_64; rv:62.0) Gecko/20100101 Firefox/62.0"
96.62.119.11 - - [03/Jul/2021:04:16:26 -0400] "POST /wp-login.php HTTP/1.1" 200 8157 "-" "Mozilla/5.0 (X11; Ubuntu; Linux x86_64; rv:62.0) Gecko/20100101 Firefox/62.0"
96.62.119.11 - - [03/Jul/2021:04:16:27 -0400] "POST /xmlrpc.php HTTP/1.1" 200 5786 "-" "Mozilla/5.0 (X11; Ubuntu; Linux x86_64; rv:62.0) Gecko/20100101 Firefox/62.0"
20.52.17.78 - - [03/Jul/2021:04:16:43 -0400] "GET /wp-includes/Text/Diff/Renderer HTTP/1.1" 301 646 "www.google.com" "Mozlila/5.0 (Linux; Android 7.0; SM-G892A Bulid/NRD90M; wv) AppleWebKit/537.36 (KHTML, like Gecko) Version/4.0 Chrome/60.0.3112.107 Moblie Safari/537.36"
20.52.17.78 - - [03/Jul/2021:04:16:47 -0400] "GET /wp-includes/Text/Diff/Renderer HTTP/1.1" 301 6060 "www.google.com" "Mozlila/5.0 (Linux; Android 7.0; SM-G892A Bulid/NRD90M; wv) AppleWebKit/537.36 (KHTML, like Gecko) Version/4.0 Chrome/60.0.3112.107 Moblie Safari/537.36"
20.52.17.78 - - [03/Jul/2021:04:16:47 -0400] "GET /wp-includes/Text/Diff/Renderer/ HTTP/1.1" 200 758 "www.google.com" "Mozlila/5.0 (Linux; Android 7.0; SM-G892A Bulid/NRD90M; wv) AppleWebKit/537.36 (KHTML, like Gecko) Version/4.0 Chrome/60.0.3112.107 Moblie Safari/537.36"
20.52.17.78 - - [03/Jul/2021:04:17:38 -0400] "GET /wp-includes/theme-compat HTTP/1.1" 301 634 "www.google.com" "Mozlila/5.0 (Linux; Android 7.0; SM-G892A Bulid/NRD90M; wv) AppleWebKit/537.36 (KHTML, like Gecko) Version/4.0 Chrome/60.0.3112.107 Moblie Safari/537.36"
20.52.17.78 - - [03/Jul/2021:04:17:43 -0400] "GET /wp-includes/theme-compat HTTP/1.1" 301 6048 "www.google.com" "Mozlila/5.0 (Linux; Android 7.0; SM-G892A Bulid/NRD90M; wv) AppleWebKit/537.36 (KHTML, like Gecko) Version/4.0 Chrome/60.0.3112.107 Moblie Safari/537.36"
20.52.17.78 - - [03/Jul/2021:04:17:43 -0400] "GET /wp-includes/theme-compat/ HTTP/1.1" 200 872 "www.google.com" "Mozlila/5.0 (Linux; Android 7.0; SM-G892A Bulid/NRD90M; wv) AppleWebKit/537.36 (KHTML, like Gecko) Version/4.0 Chrome/60.0.3112.107 Moblie Safari/537.36"
93.158.90.153 - - [03/Jul/2021:04:18:49 -0400] "GET /robots.txt HTTP/1.1" 301 569 "-" "Mozilla/5.0 (Linux; Android 8.0.0; SM-G960F Build/R16NW) AppleWebKit/537.36 (KHTML, like Gecko) Chrome/62.0.3202.84 Mobile Safari/537.36"
93.158.90.142 - - [03/Jul/2021:04:18:49 -0400] "GET /robots.txt HTTP/1.1" 404 6510 "http://suncoastoutdoor.net/robots.txt" "Mozilla/5.0 (Linux; Android 8.0.0; SM-G960F Build/R16NW) AppleWebKit/537.36 (KHTML, like Gecko) Chrome/62.0.3202.84 Mobile Safari/537.36"
93.158.90.152 - - [03/Jul/2021:04:18:49 -0400] "GET / HTTP/1.1" 301 549 "-" "Mozilla/5.0 (Linux; Android 8.0.0; SM-G960F Build/R16NW) AppleWebKit/537.36 (KHTML, like Gecko) Chrome/62.0.3202.84 Mobile Safari/537.36"
204.48.19.85 - - [03/Jul/2021:04:18:50 -0400] "POST /wp-cron.php?doing_wp_cron=1625300330.4314589500427246093750 HTTP/1.1" 200 6229 "https://suncoastoutdoor.net/wp-cron.php?doing_wp_cron=1625300330.4314589500427246093750" "WordPress/5.7.2; https://suncoastoutdoor.net"
93.158.90.142 - - [03/Jul/2021:04:18:50 -0400] "GET / HTTP/1.1" 200 23488 "http://suncoastoutdoor.net/" "Mozilla/5.0 (Linux; Android 8.0.0; SM-G960F Build/R16NW) AppleWebKit/537.36 (KHTML, like Gecko) Chrome/62.0.3202.84 Mobile Safari/537.36"
20.52.17.78 - - [03/Jul/2021:04:19:12 -0400] "GET /wp-includes/widgets HTTP/1.1" 301 624 "www.google.com" "Mozlila/5.0 (Linux; Android 7.0; SM-G892A Bulid/NRD90M; wv) AppleWebKit/537.36 (KHTML, like Gecko) Version/4.0 Chrome/60.0.3112.107 Moblie Safari/537.36"
20.52.17.78 - - [03/Jul/2021:04:19:13 -0400] "GET /wp-includes/widgets HTTP/1.1" 301 6038 "www.google.com" "Mozlila/5.0 (Linux; Android 7.0; SM-G892A Bulid/NRD90M; wv) AppleWebKit/537.36 (KHTML, like Gecko) Version/4.0 Chrome/60.0.3112.107 Moblie Safari/537.36"
20.52.17.78 - - [03/Jul/2021:04:19:13 -0400] "GET /wp-includes/widgets/ HTTP/1.1" 200 1063 "www.google.com" "Mozlila/5.0 (Linux; Android 7.0; SM-G892A Bulid/NRD90M; wv) AppleWebKit/537.36 (KHTML, like Gecko) Version/4.0 Chrome/60.0.3112.107 Moblie Safari/537.36"
204.48.19.85 - - [03/Jul/2021:04:20:42 -0400] "POST /wp-cron.php?doing_wp_cron=1625300442.0945560932159423828125 HTTP/1.1" 200 6245 "https://suncoastoutdoor.net/wp-cron.php?doing_wp_cron=1625300442.0945560932159423828125" "WordPress/5.7.2; https://suncoastoutdoor.net"
47.100.95.127 - - [03/Jul/2021:04:20:41 -0400] "POST /wp-login.php HTTP/1.1" 200 8860 "-" "Mozilla/5.0 (Windows NT 10.0; Win64; x64) AppleWebKit/537.36 (KHTML, like Gecko) Chrome/70.0.3538.67 Safari/537.36"
204.48.19.85 - - [03/Jul/2021:04:26:07 -0400] "POST /wp-cron.php?doing_wp_cron=1625300767.0632228851318359375000 HTTP/1.1" 200 6229 "https://suncoastoutdoor.net/wp-cron.php?doing_wp_cron=1625300767.0632228851318359375000" "WordPress/5.7.2; https://suncoastoutdoor.net"
91.194.91.202 - - [03/Jul/2021:04:26:06 -0400] "GET /wp-login.php HTTP/1.1" 200 8031 "-" "Mozilla/5.0 (X11; Ubuntu; Linux x86_64; rv:62.0) Gecko/20100101 Firefox/62.0"
91.194.91.202 - - [03/Jul/2021:04:26:07 -0400] "POST /wp-login.php HTTP/1.1" 200 8155 "-" "Mozilla/5.0 (X11; Ubuntu; Linux x86_64; rv:62.0) Gecko/20100101 Firefox/62.0"
91.194.91.202 - - [03/Jul/2021:04:26:08 -0400] "GET /wp-login.php HTTP/1.1" 200 8031 "-" "Mozilla/5.0 (X11; Ubuntu; Linux x86_64; rv:62.0) Gecko/20100101 Firefox/62.0"
91.194.91.202 - - [03/Jul/2021:04:26:09 -0400] "POST /wp-login.php HTTP/1.1" 200 8157 "-" "Mozilla/5.0 (X11; Ubuntu; Linux x86_64; rv:62.0) Gecko/20100101 Firefox/62.0"
91.194.91.202 - - [03/Jul/2021:04:26:09 -0400] "POST /xmlrpc.php HTTP/1.1" 200 5786 "-" "Mozilla/5.0 (X11; Ubuntu; Linux x86_64; rv:62.0) Gecko/20100101 Firefox/62.0"
204.48.19.85 - - [03/Jul/2021:04:27:39 -0400] "POST /wp-cron.php?doing_wp_cron=1625300859.3927149772644042968750 HTTP/1.1" 200 6229 "https://suncoastoutdoor.net/wp-cron.php?doing_wp_cron=1625300859.3927149772644042968750" "WordPress/5.7.2; https://suncoastoutdoor.net"
150.109.51.168 - - [03/Jul/2021:04:27:39 -0400] "POST /wp-login.php HTTP/1.1" 200 8860 "-" "Mozilla/5.0 (Windows NT 6.0) AppleWebKit/537.36 (KHTML, like Gecko) Chrome/49.0.2623.112 Safari/537.36"
204.48.19.85 - - [03/Jul/2021:04:28:43 -0400] "POST /wp-cron.php?doing_wp_cron=1625300923.9157879352569580078125 HTTP/1.1" 200 6245 "https://suncoastoutdoor.net/wp-cron.php?doing_wp_cron=1625300923.9157879352569580078125" "WordPress/5.7.2; https://suncoastoutdoor.net"
103.28.53.92 - - [03/Jul/2021:04:28:43 -0400] "POST /wp-login.php HTTP/1.1" 200 8858 "-" "Mozilla/5.0 (Windows NT 6.1) AppleWebKit/537.36 (KHTML, like Gecko) Chrome/65.0.3325.181 Safari/537.36"
204.48.19.85 - - [03/Jul/2021:04:36:55 -0400] "POST /wp-cron.php?doing_wp_cron=1625301415.6768040657043457031250 HTTP/1.1" 200 6245 "https://suncoastoutdoor.net/wp-cron.php?doing_wp_cron=1625301415.6768040657043457031250" "WordPress/5.7.2; https://suncoastoutdoor.net"
185.59.44.23 - - [03/Jul/2021:04:36:55 -0400] "GET /wp-login.php HTTP/1.1" 200 8031 "-" "Mozilla/5.0 (X11; Ubuntu; Linux x86_64; rv:62.0) Gecko/20100101 Firefox/62.0"
185.59.44.23 - - [03/Jul/2021:04:36:56 -0400] "POST /wp-login.php HTTP/1.1" 200 8155 "-" "Mozilla/5.0 (X11; Ubuntu; Linux x86_64; rv:62.0) Gecko/20100101 Firefox/62.0"
185.59.44.23 - - [03/Jul/2021:04:36:57 -0400] "GET /wp-login.php HTTP/1.1" 200 8031 "-" "Mozilla/5.0 (X11; Ubuntu; Linux x86_64; rv:62.0) Gecko/20100101 Firefox/62.0"
185.59.44.23 - - [03/Jul/2021:04:36:58 -0400] "POST /wp-login.php HTTP/1.1" 200 8157 "-" "Mozilla/5.0 (X11; Ubuntu; Linux x86_64; rv:62.0) Gecko/20100101 Firefox/62.0"
185.59.44.23 - - [03/Jul/2021:04:36:59 -0400] "POST /xmlrpc.php HTTP/1.1" 200 5786 "-" "Mozilla/5.0 (X11; Ubuntu; Linux x86_64; rv:62.0) Gecko/20100101 Firefox/62.0"
204.48.19.85 - - [03/Jul/2021:04:38:46 -0400] "POST /wp-cron.php?doing_wp_cron=1625301526.0295929908752441406250 HTTP/1.1" 200 6261 "https://suncoastoutdoor.net/wp-cron.php?doing_wp_cron=1625301526.0295929908752441406250" "WordPress/5.7.2; https://suncoastoutdoor.net"
124.123.105.173 - - [03/Jul/2021:04:38:45 -0400] "POST /wp-login.php HTTP/1.1" 200 8858 "-" "Mozilla/5.0 (Windows NT 10.0; Win64; x64) AppleWebKit/537.36 (KHTML, like Gecko) Chrome/62.0.3202.89 Safari/537.36"
204.48.19.85 - - [03/Jul/2021:04:47:26 -0400] "POST /wp-cron.php?doing_wp_cron=1625302046.2913908958435058593750 HTTP/1.1" 200 6245 "https://suncoastoutdoor.net/wp-cron.php?doing_wp_cron=1625302046.2913908958435058593750" "WordPress/5.7.2; https://suncoastoutdoor.net"
51.79.160.231 - - [03/Jul/2021:04:47:25 -0400] "GET /wp-login.php HTTP/1.1" 200 8031 "-" "Mozilla/5.0 (X11; Ubuntu; Linux x86_64; rv:62.0) Gecko/20100101 Firefox/62.0"
51.79.160.231 - - [03/Jul/2021:04:47:27 -0400] "POST /wp-login.php HTTP/1.1" 200 8155 "-" "Mozilla/5.0 (X11; Ubuntu; Linux x86_64; rv:62.0) Gecko/20100101 Firefox/62.0"
51.79.160.231 - - [03/Jul/2021:04:47:28 -0400] "GET /wp-login.php HTTP/1.1" 200 8031 "-" "Mozilla/5.0 (X11; Ubuntu; Linux x86_64; rv:62.0) Gecko/20100101 Firefox/62.0"
51.79.160.231 - - [03/Jul/2021:04:47:30 -0400] "POST /wp-login.php HTTP/1.1" 200 8157 "-" "Mozilla/5.0 (X11; Ubuntu; Linux x86_64; rv:62.0) Gecko/20100101 Firefox/62.0"
51.79.160.231 - - [03/Jul/2021:04:47:31 -0400] "POST /xmlrpc.php HTTP/1.1" 200 5786 "-" "Mozilla/5.0 (X11; Ubuntu; Linux x86_64; rv:62.0) Gecko/20100101 Firefox/62.0"
204.48.19.85 - - [03/Jul/2021:04:58:28 -0400] "POST /wp-cron.php?doing_wp_cron=1625302708.1781170368194580078125 HTTP/1.1" 200 6229 "https://suncoastoutdoor.net/wp-cron.php?doing_wp_cron=1625302708.1781170368194580078125" "WordPress/5.7.2; https://suncoastoutdoor.net"
103.111.58.141 - - [03/Jul/2021:04:58:27 -0400] "GET /wp-login.php HTTP/1.1" 200 8031 "-" "Mozilla/5.0 (X11; Ubuntu; Linux x86_64; rv:62.0) Gecko/20100101 Firefox/62.0"
103.111.58.141 - - [03/Jul/2021:04:58:29 -0400] "POST /wp-login.php HTTP/1.1" 200 8155 "-" "Mozilla/5.0 (X11; Ubuntu; Linux x86_64; rv:62.0) Gecko/20100101 Firefox/62.0"
204.48.19.85 - - [03/Jul/2021:04:59:01 -0400] "POST /wp-cron.php?doing_wp_cron=1625302741.5559229850769042968750 HTTP/1.1" 200 6229 "https://suncoastoutdoor.net/wp-cron.php?doing_wp_cron=1625302741.5559229850769042968750" "WordPress/5.7.2; https://suncoastoutdoor.net"
103.111.58.141 - - [03/Jul/2021:04:59:01 -0400] "POST /wp-login.php HTTP/1.1" 200 8153 "-" "Mozilla/5.0 (X11; Ubuntu; Linux x86_64; rv:62.0) Gecko/20100101 Firefox/62.0"
103.111.58.141 - - [03/Jul/2021:04:59:03 -0400] "POST /xmlrpc.php HTTP/1.1" 200 5786 "-" "Mozilla/5.0 (X11; Ubuntu; Linux x86_64; rv:62.0) Gecko/20100101 Firefox/62.0"
204.48.19.85 - - [03/Jul/2021:05:09:59 -0400] "POST /wp-cron.php?doing_wp_cron=1625303399.9291589260101318359375 HTTP/1.1" 200 6245 "https://suncoastoutdoor.net/wp-cron.php?doing_wp_cron=1625303399.9291589260101318359375" "WordPress/5.7.2; https://suncoastoutdoor.net"
175.24.107.98 - - [03/Jul/2021:05:09:59 -0400] "GET /wp-login.php HTTP/1.1" 200 8031 "-" "Mozilla/5.0 (X11; Ubuntu; Linux x86_64; rv:62.0) Gecko/20100101 Firefox/62.0"
175.24.107.98 - - [03/Jul/2021:05:10:01 -0400] "POST /wp-login.php HTTP/1.1" 200 8155 "-" "Mozilla/5.0 (X11; Ubuntu; Linux x86_64; rv:62.0) Gecko/20100101 Firefox/62.0"
175.24.107.98 - - [03/Jul/2021:05:10:02 -0400] "GET /wp-login.php HTTP/1.1" 200 8031 "-" "Mozilla/5.0 (X11; Ubuntu; Linux x86_64; rv:62.0) Gecko/20100101 Firefox/62.0"
175.24.107.98 - - [03/Jul/2021:05:10:04 -0400] "POST /wp-login.php HTTP/1.1" 200 8157 "-" "Mozilla/5.0 (X11; Ubuntu; Linux x86_64; rv:62.0) Gecko/20100101 Firefox/62.0"
175.24.107.98 - - [03/Jul/2021:05:10:07 -0400] "POST /xmlrpc.php HTTP/1.1" 200 5786 "-" "Mozilla/5.0 (X11; Ubuntu; Linux x86_64; rv:62.0) Gecko/20100101 Firefox/62.0"
204.48.19.85 - - [03/Jul/2021:05:11:18 -0400] "POST /wp-cron.php?doing_wp_cron=1625303478.1921288967132568359375 HTTP/1.1" 200 6229 "https://suncoastoutdoor.net/wp-cron.php?doing_wp_cron=1625303478.1921288967132568359375" "WordPress/5.7.2; https://suncoastoutdoor.net"
134.209.157.198 - - [03/Jul/2021:05:11:17 -0400] "POST /wp-login.php HTTP/1.1" 200 8860 "-" "Mozilla/5.0 (Windows NT 6.1; Win64; x64) AppleWebKit/537.36 (KHTML, like Gecko) Chrome/81.0.4044.122 Safari/537.36"
204.48.19.85 - - [03/Jul/2021:05:21:21 -0400] "POST /wp-cron.php?doing_wp_cron=1625304081.0632009506225585937500 HTTP/1.1" 200 6245 "https://suncoastoutdoor.net/wp-cron.php?doing_wp_cron=1625304081.0632009506225585937500" "WordPress/5.7.2; https://suncoastoutdoor.net"
128.199.212.194 - - [03/Jul/2021:05:21:20 -0400] "GET /wp-login.php HTTP/1.1" 200 8031 "-" "Mozilla/5.0 (X11; Ubuntu; Linux x86_64; rv:62.0) Gecko/20100101 Firefox/62.0"
128.199.212.194 - - [03/Jul/2021:05:21:27 -0400] "POST /wp-login.php HTTP/1.1" 200 8155 "-" "Mozilla/5.0 (X11; Ubuntu; Linux x86_64; rv:62.0) Gecko/20100101 Firefox/62.0"
128.199.212.194 - - [03/Jul/2021:05:21:34 -0400] "GET /wp-login.php HTTP/1.1" 200 8031 "-" "Mozilla/5.0 (X11; Ubuntu; Linux x86_64; rv:62.0) Gecko/20100101 Firefox/62.0"
128.199.212.194 - - [03/Jul/2021:05:21:40 -0400] "POST /wp-login.php HTTP/1.1" 200 8157 "-" "Mozilla/5.0 (X11; Ubuntu; Linux x86_64; rv:62.0) Gecko/20100101 Firefox/62.0"
128.199.212.194 - - [03/Jul/2021:05:21:46 -0400] "POST /xmlrpc.php HTTP/1.1" 200 5786 "-" "Mozilla/5.0 (X11; Ubuntu; Linux x86_64; rv:62.0) Gecko/20100101 Firefox/62.0"
204.48.19.85 - - [03/Jul/2021:05:25:34 -0400] "POST /wp-cron.php?doing_wp_cron=1625304334.5247180461883544921875 HTTP/1.1" 200 6245 "https://suncoastoutdoor.net/wp-cron.php?doing_wp_cron=1625304334.5247180461883544921875" "WordPress/5.7.2; https://suncoastoutdoor.net"
49.232.109.167 - - [03/Jul/2021:05:25:34 -0400] "POST /wp-login.php HTTP/1.1" 200 8860 "-" "Mozilla/5.0 (Windows NT 10.0; Win64; x64) AppleWebKit/537.36 (KHTML, like Gecko) Chrome/60.0.3112.101 Safari/537.36"
204.48.19.85 - - [03/Jul/2021:05:31:28 -0400] "POST /wp-cron.php?doing_wp_cron=1625304688.5515670776367187500000 HTTP/1.1" 200 6261 "https://suncoastoutdoor.net/wp-cron.php?doing_wp_cron=1625304688.5515670776367187500000" "WordPress/5.7.2; https://suncoastoutdoor.net"
157.245.84.6 - - [03/Jul/2021:05:31:28 -0400] "GET /wp-login.php HTTP/1.1" 200 8031 "-" "Mozilla/5.0 (X11; Ubuntu; Linux x86_64; rv:62.0) Gecko/20100101 Firefox/62.0"
157.245.84.6 - - [03/Jul/2021:05:31:33 -0400] "POST /wp-login.php HTTP/1.1" 200 8155 "-" "Mozilla/5.0 (X11; Ubuntu; Linux x86_64; rv:62.0) Gecko/20100101 Firefox/62.0"
157.245.84.6 - - [03/Jul/2021:05:31:39 -0400] "GET /wp-login.php HTTP/1.1" 200 8031 "-" "Mozilla/5.0 (X11; Ubuntu; Linux x86_64; rv:62.0) Gecko/20100101 Firefox/62.0"
157.245.84.6 - - [03/Jul/2021:05:31:45 -0400] "POST /wp-login.php HTTP/1.1" 200 8157 "-" "Mozilla/5.0 (X11; Ubuntu; Linux x86_64; rv:62.0) Gecko/20100101 Firefox/62.0"
157.245.84.6 - - [03/Jul/2021:05:31:45 -0400] "POST /xmlrpc.php HTTP/1.1" 200 5786 "-" "Mozilla/5.0 (X11; Ubuntu; Linux x86_64; rv:62.0) Gecko/20100101 Firefox/62.0"
204.48.19.85 - - [03/Jul/2021:05:33:27 -0400] "POST /wp-cron.php?doing_wp_cron=1625304807.4673409461975097656250 HTTP/1.1" 200 6261 "https://suncoastoutdoor.net/wp-cron.php?doing_wp_cron=1625304807.4673409461975097656250" "WordPress/5.7.2; https://suncoastoutdoor.net"
119.96.223.59 - - [03/Jul/2021:05:33:27 -0400] "POST /wp-login.php HTTP/1.1" 200 8858 "-" "Mozilla/5.0 (Windows NT 6.1) AppleWebKit/537.36 (KHTML, like Gecko) Chrome/65.0.3325.181 Safari/537.36"
204.48.19.85 - - [03/Jul/2021:05:42:24 -0400] "POST /wp-cron.php?doing_wp_cron=1625305344.5174150466918945312500 HTTP/1.1" 200 6245 "https://suncoastoutdoor.net/wp-cron.php?doing_wp_cron=1625305344.5174150466918945312500" "WordPress/5.7.2; https://suncoastoutdoor.net"
68.183.10.57 - - [03/Jul/2021:05:42:24 -0400] "GET /wp-login.php HTTP/1.1" 200 8031 "-" "Mozilla/5.0 (X11; Ubuntu; Linux x86_64; rv:62.0) Gecko/20100101 Firefox/62.0"
46.160.121.111 - - [03/Jul/2021:05:42:27 -0400] "POST /wp-login.php HTTP/1.1" 200 8860 "-" "Mozilla/5.0 (Windows NT 6.1) AppleWebKit/537.36 (KHTML, like Gecko) Chrome/80.0.3987.149 Safari/537.36"
68.183.10.57 - - [03/Jul/2021:05:42:29 -0400] "POST /wp-login.php HTTP/1.1" 200 8155 "-" "Mozilla/5.0 (X11; Ubuntu; Linux x86_64; rv:62.0) Gecko/20100101 Firefox/62.0"
68.183.10.57 - - [03/Jul/2021:05:42:35 -0400] "GET /wp-login.php HTTP/1.1" 200 8031 "-" "Mozilla/5.0 (X11; Ubuntu; Linux x86_64; rv:62.0) Gecko/20100101 Firefox/62.0"
68.183.10.57 - - [03/Jul/2021:05:42:36 -0400] "POST /wp-login.php HTTP/1.1" 200 8157 "-" "Mozilla/5.0 (X11; Ubuntu; Linux x86_64; rv:62.0) Gecko/20100101 Firefox/62.0"
68.183.10.57 - - [03/Jul/2021:05:42:38 -0400] "POST /xmlrpc.php HTTP/1.1" 200 5786 "-" "Mozilla/5.0 (X11; Ubuntu; Linux x86_64; rv:62.0) Gecko/20100101 Firefox/62.0"
204.48.19.85 - - [03/Jul/2021:05:49:27 -0400] "POST /wp-cron.php?doing_wp_cron=1625305767.6796870231628417968750 HTTP/1.1" 200 6245 "https://suncoastoutdoor.net/wp-cron.php?doing_wp_cron=1625305767.6796870231628417968750" "WordPress/5.7.2; https://suncoastoutdoor.net"
40.77.167.26 - - [03/Jul/2021:05:49:27 -0400] "GET /index.php/author/root/ HTTP/1.1" 200 17151 "-" "Mozilla/5.0 (compatible; bingbot/2.0; +http://www.bing.com/bingbot.htm)"
204.48.19.85 - - [03/Jul/2021:05:50:12 -0400] "POST /wp-cron.php?doing_wp_cron=1625305812.4675579071044921875000 HTTP/1.1" 200 6245 "https://suncoastoutdoor.net/wp-cron.php?doing_wp_cron=1625305812.4675579071044921875000" "WordPress/5.7.2; https://suncoastoutdoor.net"
58.97.8.18 - - [03/Jul/2021:05:50:12 -0400] "POST /wp-login.php HTTP/1.1" 200 8858 "-" "Mozilla/5.0 (Windows NT 10.0; WOW64) AppleWebKit/537.36 (KHTML, like Gecko) Chrome/53.0.2785.143 Safari/537.36"
207.46.13.94 - - [03/Jul/2021:05:50:40 -0400] "GET /wp-content/plugins/contact-form-7/includes/js/index.js?ver=5.4 HTTP/1.1" 200 9241 "-" "Mozilla/5.0 (compatible; bingbot/2.0; +http://www.bing.com/bingbot.htm)"
207.46.13.94 - - [03/Jul/2021:05:50:40 -0400] "GET /wp-content/themes/Avada/assets/min/js/general/avada-to-top.js?ver=7.2.1 HTTP/1.1" 200 838 "-" "Mozilla/5.0 (compatible; bingbot/2.0; +http://www.bing.com/bingbot.htm)"
207.46.13.94 - - [03/Jul/2021:05:50:41 -0400] "GET /wp-content/themes/Avada/assets/min/js/library/bootstrap.scrollspy.js?ver=3.3.2 HTTP/1.1" 200 1444 "-" "Mozilla/5.0 (compatible; bingbot/2.0; +http://www.bing.com/bingbot.htm)"
207.46.13.94 - - [03/Jul/2021:05:50:41 -0400] "GET /wp-content/themes/Avada/includes/lib/assets/min/js/general/fusion-blog.js?ver=5.7.2 HTTP/1.1" 200 2517 "-" "Mozilla/5.0 (compatible; bingbot/2.0; +http://www.bing.com/bingbot.htm)"
207.46.13.94 - - [03/Jul/2021:05:50:41 -0400] "GET /wp-content/themes/Avada/includes/lib/assets/min/js/general/fusion-flexslider.js?ver=1 HTTP/1.1" 200 1686 "-" "Mozilla/5.0 (compatible; bingbot/2.0; +http://www.bing.com/bingbot.htm)"
207.46.13.94 - - [03/Jul/2021:05:50:41 -0400] "GET /wp-content/themes/Avada/includes/lib/assets/min/js/general/fusion-scroll-to-anchor.js?ver=1 HTTP/1.1" 200 2160 "-" "Mozilla/5.0 (compatible; bingbot/2.0; +http://www.bing.com/bingbot.htm)"
207.46.13.125 - - [03/Jul/2021:05:50:46 -0400] "GET /wp-content/plugins/fusion-builder/assets/js/min/general/fusion-column.js?ver=1 HTTP/1.1" 200 6866 "-" "Mozilla/5.0 (compatible; bingbot/2.0; +http://www.bing.com/bingbot.htm)"
207.46.13.125 - - [03/Jul/2021:05:50:46 -0400] "GET /wp-content/themes/Avada/assets/min/js/general/avada-rev-styles.js?ver=7.2.1 HTTP/1.1" 200 990 "-" "Mozilla/5.0 (compatible; bingbot/2.0; +http://www.bing.com/bingbot.htm)"
207.46.13.125 - - [03/Jul/2021:05:50:46 -0400] "GET /wp-content/themes/Avada/assets/min/js/general/avada-select.js?ver=7.2.1 HTTP/1.1" 200 690 "-" "Mozilla/5.0 (compatible; bingbot/2.0; +http://www.bing.com/bingbot.htm)"
207.46.13.125 - - [03/Jul/2021:05:50:46 -0400] "GET /wp-content/themes/Avada/assets/min/js/general/avada-sidebars.js?ver=7.2.1 HTTP/1.1" 200 1209 "-" "Mozilla/5.0 (compatible; bingbot/2.0; +http://www.bing.com/bingbot.htm)"
207.46.13.125 - - [03/Jul/2021:05:50:46 -0400] "GET /wp-content/themes/Avada/assets/min/js/general/avada-skip-link-focus-fix.js?ver=7.2.1 HTTP/1.1" 200 620 "-" "Mozilla/5.0 (compatible; bingbot/2.0; +http://www.bing.com/bingbot.htm)"
207.46.13.125 - - [03/Jul/2021:05:50:46 -0400] "GET /wp-content/themes/Avada/assets/min/js/general/avada-tabs-widget.js?ver=7.2.1 HTTP/1.1" 200 637 "-" "Mozilla/5.0 (compatible; bingbot/2.0; +http://www.bing.com/bingbot.htm)"
207.46.13.125 - - [03/Jul/2021:05:50:46 -0400] "GET /wp-content/themes/Avada/includes/lib/assets/min/js/general/fusion-general-global.js?ver=1 HTTP/1.1" 200 623 "-" "Mozilla/5.0 (compatible; bingbot/2.0; +http://www.bing.com/bingbot.htm)"
207.46.13.125 - - [03/Jul/2021:05:50:46 -0400] "GET /wp-content/themes/Avada/includes/lib/assets/min/js/library/bootstrap.tooltip.js?ver=3.3.5 HTTP/1.1" 200 4269 "-" "Mozilla/5.0 (compatible; bingbot/2.0; +http://www.bing.com/bingbot.htm)"
207.46.13.125 - - [03/Jul/2021:05:50:47 -0400] "GET /wp-includes/js/dist/url.min.js?ver=0ac7e0472c46121366e7ce07244be1ac HTTP/1.1" 200 3502 "-" "Mozilla/5.0 (compatible; bingbot/2.0; +http://www.bing.com/bingbot.htm)"
207.46.13.125 - - [03/Jul/2021:05:50:47 -0400] "GET /wp-includes/js/wp-embed.min.js?ver=5.7.2 HTTP/1.1" 200 1143 "-" "Mozilla/5.0 (compatible; bingbot/2.0; +http://www.bing.com/bingbot.htm)"
207.46.13.184 - - [03/Jul/2021:05:50:49 -0400] "GET /wp-content/themes/Avada/includes/lib/assets/min/js/general/fusion-lightbox.js?ver=1 HTTP/1.1" 200 8120 "-" "Mozilla/5.0 (compatible; bingbot/2.0; +http://www.bing.com/bingbot.htm)"
40.77.167.29 - - [03/Jul/2021:05:50:50 -0400] "GET /wp-content/themes/Avada/includes/lib/assets/min/js/general/fusion-waypoints.js?ver=1 HTTP/1.1" 200 6230 "-" "Mozilla/5.0 (compatible; bingbot/2.0; +http://www.bing.com/bingbot.htm)"
207.46.13.13 - - [03/Jul/2021:05:50:50 -0400] "GET /wp-content/plugins/fusion-builder/assets/js/min/general/fusion-animations.js?ver=1 HTTP/1.1" 200 6561 "-" "Mozilla/5.0 (compatible; bingbot/2.0; +http://www.bing.com/bingbot.htm)"
207.46.13.94 - - [03/Jul/2021:05:50:51 -0400] "GET /wp-content/themes/Avada/includes/lib/assets/min/js/library/jquery.waypoints.js?ver=2.0.3 HTTP/1.1" 200 8609 "-" "Mozilla/5.0 (compatible; bingbot/2.0; +http://www.bing.com/bingbot.htm)"
40.77.167.73 - - [03/Jul/2021:05:50:56 -0400] "GET /wp-content/plugins/fusion-builder/assets/js/min/general/fusion-video.js?ver=1 HTTP/1.1" 200 6618 "-" "Mozilla/5.0 (compatible; bingbot/2.0; +http://www.bing.com/bingbot.htm)"
40.77.167.73 - - [03/Jul/2021:05:50:56 -0400] "GET /wp-content/themes/Avada/assets/min/js/general/avada-drop-down.js?ver=7.2.1 HTTP/1.1" 200 1487 "-" "Mozilla/5.0 (compatible; bingbot/2.0; +http://www.bing.com/bingbot.htm)"
40.77.167.73 - - [03/Jul/2021:05:50:56 -0400] "GET /wp-content/themes/Avada/includes/lib/assets/min/js/general/fusion-sharing-box.js?ver=1 HTTP/1.1" 200 725 "-" "Mozilla/5.0 (compatible; bingbot/2.0; +http://www.bing.com/bingbot.htm)"
40.77.167.73 - - [03/Jul/2021:05:50:56 -0400] "GET /wp-content/themes/Avada/includes/lib/assets/min/js/library/imagesLoaded.js?ver=3.1.8 HTTP/1.1" 200 2659 "-" "Mozilla/5.0 (compatible; bingbot/2.0; +http://www.bing.com/bingbot.htm)"
40.77.167.73 - - [03/Jul/2021:05:50:56 -0400] "GET /wp-content/themes/Avada/includes/lib/assets/min/js/library/isotope.js?ver=3.0.4 HTTP/1.1" 200 10086 "-" "Mozilla/5.0 (compatible; bingbot/2.0; +http://www.bing.com/bingbot.htm)"
40.77.167.73 - - [03/Jul/2021:05:50:56 -0400] "GET /wp-content/themes/Avada/includes/lib/assets/min/js/library/jquery.fitvids.js?ver=1.1 HTTP/1.1" 200 1166 "-" "Mozilla/5.0 (compatible; bingbot/2.0; +http://www.bing.com/bingbot.htm)"
207.46.13.184 - - [03/Jul/2021:05:51:02 -0400] "GET /wp-content/themes/Avada/includes/lib/assets/min/js/library/cssua.js?ver=2.1.28 HTTP/1.1" 200 7442 "-" "Mozilla/5.0 (compatible; bingbot/2.0; +http://www.bing.com/bingbot.htm)"
207.46.13.184 - - [03/Jul/2021:05:51:02 -0400] "GET /wp-content/themes/Avada/includes/lib/assets/min/js/library/packery.js?ver=2.0.0 HTTP/1.1" 200 4562 "-" "Mozilla/5.0 (compatible; bingbot/2.0; +http://www.bing.com/bingbot.htm)"
207.46.13.184 - - [03/Jul/2021:05:51:02 -0400] "GET /wp-includes/js/dist/i18n.min.js?ver=db9a9a37da262883343e941c3731bc67 HTTP/1.1" 200 4294 "-" "Mozilla/5.0 (compatible; bingbot/2.0; +http://www.bing.com/bingbot.htm)"
207.46.13.184 - - [03/Jul/2021:05:51:02 -0400] "GET /wp-includes/js/dist/vendor/lodash.min.js?ver=4.17.19 HTTP/1.1" 200 26290 "-" "Mozilla/5.0 (compatible; bingbot/2.0; +http://www.bing.com/bingbot.htm)"
40.77.167.4 - - [03/Jul/2021:05:51:08 -0400] "GET /wp-content/themes/Avada/includes/lib/assets/min/js/general/fusion-alert.js?ver=5.7.2 HTTP/1.1" 200 6138 "-" "Mozilla/5.0 (compatible; bingbot/2.0; +http://www.bing.com/bingbot.htm)"
40.77.167.4 - - [03/Jul/2021:05:51:08 -0400] "GET /wp-content/themes/Avada/includes/lib/assets/min/js/library/jquery.hoverflow.js?ver=1 HTTP/1.1" 200 712 "-" "Mozilla/5.0 (compatible; bingbot/2.0; +http://www.bing.com/bingbot.htm)"
40.77.167.4 - - [03/Jul/2021:05:51:08 -0400] "GET /wp-content/themes/Avada/includes/lib/assets/min/js/library/jquery.placeholder.js?ver=2.0.7 HTTP/1.1" 200 1227 "-" "Mozilla/5.0 (compatible; bingbot/2.0; +http://www.bing.com/bingbot.htm)"
40.77.167.4 - - [03/Jul/2021:05:51:08 -0400] "GET /wp-content/themes/Avada/includes/lib/assets/min/js/library/jquery.sticky-kit.js?ver=1.1.2 HTTP/1.1" 200 2385 "-" "Mozilla/5.0 (compatible; bingbot/2.0; +http://www.bing.com/bingbot.htm)"
40.77.167.4 - - [03/Jul/2021:05:51:08 -0400] "GET /wp-content/uploads/fusion-styles/0f0bc1c82b8e05e749e8feee4f508c57.min.css?ver=3.2.1 HTTP/1.1" 200 144382 "-" "Mozilla/5.0 (compatible; bingbot/2.0; +http://www.bing.com/bingbot.htm)"
40.77.167.4 - - [03/Jul/2021:05:51:09 -0400] "GET /wp-includes/js/dist/hooks.min.js?ver=50e23bed88bcb9e6e14023e9961698c1 HTTP/1.1" 200 2743 "-" "Mozilla/5.0 (compatible; bingbot/2.0; +http://www.bing.com/bingbot.htm)"
40.77.167.4 - - [03/Jul/2021:05:51:09 -0400] "GET /wp-includes/js/jquery/jquery-migrate.min.js?ver=3.3.2 HTTP/1.1" 200 4607 "-" "Mozilla/5.0 (compatible; bingbot/2.0; +http://www.bing.com/bingbot.htm)"
40.77.167.4 - - [03/Jul/2021:05:51:09 -0400] "GET /wp-includes/js/wp-emoji-release.min.js?ver=5.7.2 HTTP/1.1" 200 5100 "-" "Mozilla/5.0 (compatible; bingbot/2.0; +http://www.bing.com/bingbot.htm)"
207.46.13.94 - - [03/Jul/2021:05:51:10 -0400] "GET /wp-content/themes/Avada/includes/lib/assets/min/js/library/vimeoPlayer.js?ver=2.2.1 HTTP/1.1" 200 11322 "-" "Mozilla/5.0 (compatible; bingbot/2.0; +http://www.bing.com/bingbot.htm)"
40.77.167.29 - - [03/Jul/2021:05:51:15 -0400] "GET /wp-content/themes/Avada/includes/lib/assets/min/js/library/jquery.infinitescroll.js?ver=2.1 HTTP/1.1" 200 18025 "-" "Mozilla/5.0 (compatible; bingbot/2.0; +http://www.bing.com/bingbot.htm)"
40.77.167.29 - - [03/Jul/2021:05:51:15 -0400] "GET /wp-content/themes/Avada/includes/lib/assets/min/js/library/jquery.mousewheel.js?ver=3.0.6 HTTP/1.1" 200 1507 "-" "Mozilla/5.0 (compatible; bingbot/2.0; +http://www.bing.com/bingbot.htm)"
40.77.167.29 - - [03/Jul/2021:05:51:15 -0400] "GET /wp-includes/js/dist/vendor/wp-polyfill.min.js?ver=7.4.4 HTTP/1.1" 200 34797 "-" "Mozilla/5.0 (compatible; bingbot/2.0; +http://www.bing.com/bingbot.htm)"
40.77.167.26 - - [03/Jul/2021:05:51:20 -0400] "GET /wp-content/plugins/revslider/public/assets/css/rs6.css?ver=6.3.3 HTTP/1.1" 200 18695 "-" "Mozilla/5.0 (compatible; bingbot/2.0; +http://www.bing.com/bingbot.htm)"
40.77.167.26 - - [03/Jul/2021:05:51:20 -0400] "GET /wp-content/themes/Avada/assets/min/js/general/avada-live-search.js?ver=7.2.1 HTTP/1.1" 200 1418 "-" "Mozilla/5.0 (compatible; bingbot/2.0; +http://www.bing.com/bingbot.htm)"
40.77.167.26 - - [03/Jul/2021:05:51:20 -0400] "GET /wp-content/themes/Avada/includes/lib/assets/min/js/general/fusion-equal-heights.js?ver=1 HTTP/1.1" 200 999 "-" "Mozilla/5.0 (compatible; bingbot/2.0; +http://www.bing.com/bingbot.htm)"
40.77.167.26 - - [03/Jul/2021:05:51:20 -0400] "GET /wp-content/themes/Avada/includes/lib/assets/min/js/general/fusion-tooltip.js?ver=1 HTTP/1.1" 200 871 "-" "Mozilla/5.0 (compatible; bingbot/2.0; +http://www.bing.com/bingbot.htm)"
40.77.167.26 - - [03/Jul/2021:05:51:20 -0400] "GET /wp-content/themes/Avada/includes/lib/assets/min/js/general/fusion.js?ver=3.2.1 HTTP/1.1" 200 1672 "-" "Mozilla/5.0 (compatible; bingbot/2.0; +http://www.bing.com/bingbot.htm)"
40.77.167.26 - - [03/Jul/2021:05:51:20 -0400] "GET /wp-includes/js/jquery/jquery.min.js?ver=3.5.1 HTTP/1.1" 200 31443 "-" "Mozilla/5.0 (compatible; bingbot/2.0; +http://www.bing.com/bingbot.htm)"
