173.208.244.93 - - [10/Jul/2021:04:13:31 -0400] "POST /wp-login.php HTTP/1.1" 200 8947 "-" "Mozilla/5.0 (X11; Linux x86_64) AppleWebKit/537.36 (KHTML, like Gecko) Ubuntu Chromium/34.0.1847.116 Chrome/34.0.1847.116 Safari/537.36"
204.48.19.85 - - [10/Jul/2021:04:24:18 -0400] "POST /wp-cron.php?doing_wp_cron=1625905458.3401839733123779296875 HTTP/1.1" 200 6229 "https://suncoastoutdoor.net/wp-cron.php?doing_wp_cron=1625905458.3401839733123779296875" "WordPress/5.7.2; https://suncoastoutdoor.net"
125.212.221.22 - - [10/Jul/2021:04:24:17 -0400] "GET /wp-login.php HTTP/1.1" 200 8032 "-" "Mozilla/5.0 (X11; Ubuntu; Linux x86_64; rv:62.0) Gecko/20100101 Firefox/62.0"
125.212.221.22 - - [10/Jul/2021:04:24:20 -0400] "POST /wp-login.php HTTP/1.1" 200 8155 "-" "Mozilla/5.0 (X11; Ubuntu; Linux x86_64; rv:62.0) Gecko/20100101 Firefox/62.0"
125.212.221.22 - - [10/Jul/2021:04:24:21 -0400] "GET /wp-login.php HTTP/1.1" 200 8032 "-" "Mozilla/5.0 (X11; Ubuntu; Linux x86_64; rv:62.0) Gecko/20100101 Firefox/62.0"
125.212.221.22 - - [10/Jul/2021:04:24:23 -0400] "POST /wp-login.php HTTP/1.1" 200 8133 "-" "Mozilla/5.0 (X11; Ubuntu; Linux x86_64; rv:62.0) Gecko/20100101 Firefox/62.0"
125.212.221.22 - - [10/Jul/2021:04:24:24 -0400] "POST /xmlrpc.php HTTP/1.1" 200 5786 "-" "Mozilla/5.0 (X11; Ubuntu; Linux x86_64; rv:62.0) Gecko/20100101 Firefox/62.0"
204.48.19.85 - - [10/Jul/2021:04:25:38 -0400] "POST /wp-cron.php?doing_wp_cron=1625905538.7958009243011474609375 HTTP/1.1" 200 6245 "https://suncoastoutdoor.net/wp-cron.php?doing_wp_cron=1625905538.7958009243011474609375" "WordPress/5.7.2; https://suncoastoutdoor.net"
107.150.63.170 - - [10/Jul/2021:04:25:38 -0400] "GET /wp-login.php HTTP/1.1" 200 13769 "-" "Mozilla/5.0 (Macintosh; Intel Mac OS X 10_9_2) AppleWebKit/537.74.9 (KHTML, like Gecko) Version/7.0.2 Safari/537.74.9"
107.150.63.170 - - [10/Jul/2021:04:25:39 -0400] "POST /wp-login.php HTTP/1.1" 200 8947 "-" "Mozilla/5.0 (Macintosh; Intel Mac OS X 10_9_2) AppleWebKit/537.74.9 (KHTML, like Gecko) Version/7.0.2 Safari/537.74.9"
204.48.19.85 - - [10/Jul/2021:04:34:49 -0400] "POST /wp-cron.php?doing_wp_cron=1625906089.9504370689392089843750 HTTP/1.1" 200 6245 "https://suncoastoutdoor.net/wp-cron.php?doing_wp_cron=1625906089.9504370689392089843750" "WordPress/5.7.2; https://suncoastoutdoor.net"
185.191.34.215 - - [10/Jul/2021:04:34:49 -0400] "POST /wp-admin/ms-admin.php HTTP/1.1" 302 6537 "-" "Mozilla/5.0 (Macintosh; Intel Mac OS X 10.14; rv:68.0) Gecko/20100101 Firefox/68.0"
185.191.34.215 - - [10/Jul/2021:04:34:50 -0400] "GET /wp-login.php?redirect_to=https%3A%2F%2Fsuncoastoutdoor.net%2Fwp-admin%2Fms-admin.php&reauth=1 HTTP/1.1" 200 4798 "-" "Mozilla/5.0 (Macintosh; Intel Mac OS X 10.14; rv:68.0) Gecko/20100101 Firefox/68.0"
204.48.19.85 - - [10/Jul/2021:04:36:04 -0400] "POST /wp-cron.php?doing_wp_cron=1625906164.9191370010375976562500 HTTP/1.1" 200 6229 "https://suncoastoutdoor.net/wp-cron.php?doing_wp_cron=1625906164.9191370010375976562500" "WordPress/5.7.2; https://suncoastoutdoor.net"
69.163.225.118 - - [10/Jul/2021:04:36:04 -0400] "GET /wp-login.php HTTP/1.1" 200 8032 "-" "Mozilla/5.0 (X11; Ubuntu; Linux x86_64; rv:62.0) Gecko/20100101 Firefox/62.0"
69.163.225.118 - - [10/Jul/2021:04:36:05 -0400] "POST /wp-login.php HTTP/1.1" 200 8155 "-" "Mozilla/5.0 (X11; Ubuntu; Linux x86_64; rv:62.0) Gecko/20100101 Firefox/62.0"
69.163.225.118 - - [10/Jul/2021:04:36:06 -0400] "GET /wp-login.php HTTP/1.1" 200 8032 "-" "Mozilla/5.0 (X11; Ubuntu; Linux x86_64; rv:62.0) Gecko/20100101 Firefox/62.0"
69.163.225.118 - - [10/Jul/2021:04:36:07 -0400] "POST /wp-login.php HTTP/1.1" 200 8133 "-" "Mozilla/5.0 (X11; Ubuntu; Linux x86_64; rv:62.0) Gecko/20100101 Firefox/62.0"
69.163.225.118 - - [10/Jul/2021:04:36:08 -0400] "POST /xmlrpc.php HTTP/1.1" 200 5786 "-" "Mozilla/5.0 (X11; Ubuntu; Linux x86_64; rv:62.0) Gecko/20100101 Firefox/62.0"
204.48.19.85 - - [10/Jul/2021:04:39:01 -0400] "POST /wp-cron.php?doing_wp_cron=1625906341.2063050270080566406250 HTTP/1.1" 200 6245 "https://suncoastoutdoor.net/wp-cron.php?doing_wp_cron=1625906341.2063050270080566406250" "WordPress/5.7.2; https://suncoastoutdoor.net"
107.150.59.243 - - [10/Jul/2021:04:39:00 -0400] "GET /wp-login.php HTTP/1.1" 200 13769 "-" "Mozilla/5.0 (Macintosh; Intel Mac OS X 10_9_3) AppleWebKit/537.75.14 (KHTML, like Gecko) Version/7.0.3 Safari/537.75.14"
107.150.59.243 - - [10/Jul/2021:04:39:01 -0400] "POST /wp-login.php HTTP/1.1" 200 8933 "-" "Mozilla/5.0 (Macintosh; Intel Mac OS X 10_9_3) AppleWebKit/537.75.14 (KHTML, like Gecko) Version/7.0.3 Safari/537.75.14"
204.48.19.85 - - [10/Jul/2021:04:40:01 -0400] "POST /wp-cron.php?doing_wp_cron=1625906401.2483799457550048828125 HTTP/1.1" 200 6245 "https://suncoastoutdoor.net/wp-cron.php?doing_wp_cron=1625906401.2483799457550048828125" "WordPress/5.7.2; https://suncoastoutdoor.net"
138.68.90.192 - - [10/Jul/2021:04:40:00 -0400] "POST /xmlrpc.php HTTP/1.1" 200 5786 "-" "Mozilla/5.0 (X11; Ubuntu; Linux x86_64; rv:62.0) Gecko/20100101 Firefox/62.0"
107.150.52.198 - - [10/Jul/2021:04:40:47 -0400] "GET /wp-login.php HTTP/1.1" 200 13769 "-" "Mozilla/5.0 (iPhone; CPU iPhone OS 7_1 like Mac OS X) AppleWebKit/537.51.2 (KHTML, like Gecko) Version/7.0 Mobile/11D167 Safari/9537.53"
107.150.52.198 - - [10/Jul/2021:04:40:47 -0400] "POST /wp-login.php HTTP/1.1" 200 8947 "-" "Mozilla/5.0 (iPhone; CPU iPhone OS 7_1 like Mac OS X) AppleWebKit/537.51.2 (KHTML, like Gecko) Version/7.0 Mobile/11D167 Safari/9537.53"
204.48.19.85 - - [10/Jul/2021:04:48:19 -0400] "POST /wp-cron.php?doing_wp_cron=1625906899.4561190605163574218750 HTTP/1.1" 200 6261 "https://suncoastoutdoor.net/wp-cron.php?doing_wp_cron=1625906899.4561190605163574218750" "WordPress/5.7.2; https://suncoastoutdoor.net"
107.180.88.41 - - [10/Jul/2021:04:48:19 -0400] "GET /wp-login.php HTTP/1.1" 200 8032 "-" "Mozilla/5.0 (X11; Ubuntu; Linux x86_64; rv:62.0) Gecko/20100101 Firefox/62.0"
107.180.88.41 - - [10/Jul/2021:04:48:19 -0400] "POST /wp-login.php HTTP/1.1" 200 8155 "-" "Mozilla/5.0 (X11; Ubuntu; Linux x86_64; rv:62.0) Gecko/20100101 Firefox/62.0"
107.180.88.41 - - [10/Jul/2021:04:48:20 -0400] "GET /wp-login.php HTTP/1.1" 200 8032 "-" "Mozilla/5.0 (X11; Ubuntu; Linux x86_64; rv:62.0) Gecko/20100101 Firefox/62.0"
107.180.88.41 - - [10/Jul/2021:04:48:21 -0400] "POST /wp-login.php HTTP/1.1" 200 8133 "-" "Mozilla/5.0 (X11; Ubuntu; Linux x86_64; rv:62.0) Gecko/20100101 Firefox/62.0"
107.180.88.41 - - [10/Jul/2021:04:48:21 -0400] "POST /xmlrpc.php HTTP/1.1" 200 5786 "-" "Mozilla/5.0 (X11; Ubuntu; Linux x86_64; rv:62.0) Gecko/20100101 Firefox/62.0"
204.48.19.85 - - [10/Jul/2021:04:50:25 -0400] "POST /wp-cron.php?doing_wp_cron=1625907025.2279241085052490234375 HTTP/1.1" 200 6245 "https://suncoastoutdoor.net/wp-cron.php?doing_wp_cron=1625907025.2279241085052490234375" "WordPress/5.7.2; https://suncoastoutdoor.net"
107.150.46.54 - - [10/Jul/2021:04:50:24 -0400] "GET /wp-login.php HTTP/1.1" 200 13769 "-" "Mozilla/5.0 (Macintosh; Intel Mac OS X 10_9_3) AppleWebKit/537.36 (KHTML, like Gecko) Chrome/36.0.1985.125 Safari/537.36"
107.150.46.54 - - [10/Jul/2021:04:50:25 -0400] "POST /wp-login.php HTTP/1.1" 200 8947 "-" "Mozilla/5.0 (Macintosh; Intel Mac OS X 10_9_3) AppleWebKit/537.36 (KHTML, like Gecko) Chrome/36.0.1985.125 Safari/537.36"
204.48.19.85 - - [10/Jul/2021:04:54:39 -0400] "POST /wp-cron.php?doing_wp_cron=1625907279.4626109600067138671875 HTTP/1.1" 200 6245 "https://suncoastoutdoor.net/wp-cron.php?doing_wp_cron=1625907279.4626109600067138671875" "WordPress/5.7.2; https://suncoastoutdoor.net"
34.86.35.18 - - [10/Jul/2021:04:54:38 -0400] "GET / HTTP/1.1" 200 129672 "-" "Expanse, a Palo Alto Networks company, searches across the global IPv4 space multiple times per day to identify customers&#39; presences on the Internet. If you would like to be excluded from our scans, please send IP addresses/domains to: scaninfo@paloaltonetworks.com"
204.48.19.85 - - [10/Jul/2021:04:59:13 -0400] "POST /wp-cron.php?doing_wp_cron=1625907553.4754829406738281250000 HTTP/1.1" 200 6261 "https://suncoastoutdoor.net/wp-cron.php?doing_wp_cron=1625907553.4754829406738281250000" "WordPress/5.7.2; https://suncoastoutdoor.net"
85.128.143.40 - - [10/Jul/2021:04:59:13 -0400] "POST /xmlrpc.php HTTP/1.1" 200 5786 "-" "Mozilla/5.0 (X11; Ubuntu; Linux x86_64; rv:62.0) Gecko/20100101 Firefox/62.0"
204.48.19.85 - - [10/Jul/2021:05:01:10 -0400] "POST /wp-cron.php?doing_wp_cron=1625907670.7322618961334228515625 HTTP/1.1" 200 6261 "https://suncoastoutdoor.net/wp-cron.php?doing_wp_cron=1625907670.7322618961334228515625" "WordPress/5.7.2; https://suncoastoutdoor.net"
124.158.183.182 - - [10/Jul/2021:05:01:10 -0400] "GET /wp-login.php HTTP/1.1" 200 8032 "-" "Mozilla/5.0 (X11; Ubuntu; Linux x86_64; rv:62.0) Gecko/20100101 Firefox/62.0"
124.158.183.182 - - [10/Jul/2021:05:01:12 -0400] "POST /wp-login.php HTTP/1.1" 200 8155 "-" "Mozilla/5.0 (X11; Ubuntu; Linux x86_64; rv:62.0) Gecko/20100101 Firefox/62.0"
124.158.183.182 - - [10/Jul/2021:05:01:14 -0400] "GET /wp-login.php HTTP/1.1" 200 8032 "-" "Mozilla/5.0 (X11; Ubuntu; Linux x86_64; rv:62.0) Gecko/20100101 Firefox/62.0"
124.158.183.182 - - [10/Jul/2021:05:01:15 -0400] "POST /wp-login.php HTTP/1.1" 200 8133 "-" "Mozilla/5.0 (X11; Ubuntu; Linux x86_64; rv:62.0) Gecko/20100101 Firefox/62.0"
124.158.183.182 - - [10/Jul/2021:05:01:17 -0400] "POST /xmlrpc.php HTTP/1.1" 200 5786 "-" "Mozilla/5.0 (X11; Ubuntu; Linux x86_64; rv:62.0) Gecko/20100101 Firefox/62.0"
204.48.19.85 - - [10/Jul/2021:05:12:17 -0400] "POST /wp-cron.php?doing_wp_cron=1625908337.9689240455627441406250 HTTP/1.1" 200 6229 "https://suncoastoutdoor.net/wp-cron.php?doing_wp_cron=1625908337.9689240455627441406250" "WordPress/5.7.2; https://suncoastoutdoor.net"
107.150.52.198 - - [10/Jul/2021:05:12:17 -0400] "GET /wp-login.php HTTP/1.1" 200 13769 "-" "Mozilla/5.0 (Windows NT 6.3; WOW64) AppleWebKit/537.36 (KHTML, like Gecko) Chrome/35.0.1916.153 Safari/537.36"
107.150.52.198 - - [10/Jul/2021:05:12:18 -0400] "POST /wp-login.php HTTP/1.1" 200 8947 "-" "Mozilla/5.0 (Windows NT 6.3; WOW64) AppleWebKit/537.36 (KHTML, like Gecko) Chrome/35.0.1916.153 Safari/537.36"
132.148.241.219 - - [10/Jul/2021:05:12:30 -0400] "GET /wp-login.php HTTP/1.1" 200 8032 "-" "Mozilla/5.0 (X11; Ubuntu; Linux x86_64; rv:62.0) Gecko/20100101 Firefox/62.0"
132.148.241.219 - - [10/Jul/2021:05:12:31 -0400] "POST /wp-login.php HTTP/1.1" 200 8155 "-" "Mozilla/5.0 (X11; Ubuntu; Linux x86_64; rv:62.0) Gecko/20100101 Firefox/62.0"
132.148.241.219 - - [10/Jul/2021:05:12:32 -0400] "GET /wp-login.php HTTP/1.1" 200 8032 "-" "Mozilla/5.0 (X11; Ubuntu; Linux x86_64; rv:62.0) Gecko/20100101 Firefox/62.0"
132.148.241.219 - - [10/Jul/2021:05:12:33 -0400] "POST /wp-login.php HTTP/1.1" 200 8133 "-" "Mozilla/5.0 (X11; Ubuntu; Linux x86_64; rv:62.0) Gecko/20100101 Firefox/62.0"
132.148.241.219 - - [10/Jul/2021:05:12:34 -0400] "POST /xmlrpc.php HTTP/1.1" 200 5786 "-" "Mozilla/5.0 (X11; Ubuntu; Linux x86_64; rv:62.0) Gecko/20100101 Firefox/62.0"
204.48.19.85 - - [10/Jul/2021:05:18:05 -0400] "POST /wp-cron.php?doing_wp_cron=1625908685.5333449840545654296875 HTTP/1.1" 200 6229 "https://suncoastoutdoor.net/wp-cron.php?doing_wp_cron=1625908685.5333449840545654296875" "WordPress/5.7.2; https://suncoastoutdoor.net"
115.36.159.125 - - [10/Jul/2021:05:18:05 -0400] "POST /xmlrpc.php HTTP/1.1" 200 5786 "-" "Mozilla/5.0 (X11; Ubuntu; Linux x86_64; rv:62.0) Gecko/20100101 Firefox/62.0"
204.48.19.85 - - [10/Jul/2021:05:22:14 -0400] "POST /wp-cron.php?doing_wp_cron=1625908934.7010869979858398437500 HTTP/1.1" 200 6245 "https://suncoastoutdoor.net/wp-cron.php?doing_wp_cron=1625908934.7010869979858398437500" "WordPress/5.7.2; https://suncoastoutdoor.net"
54.36.149.82 - - [10/Jul/2021:05:22:14 -0400] "GET / HTTP/1.1" 200 23490 "-" "Mozilla/5.0 (compatible; AhrefsBot/7.0; +http://ahrefs.com/robot/)"
107.150.52.198 - - [10/Jul/2021:05:22:46 -0400] "GET /wp-login.php HTTP/1.1" 200 13769 "-" "Mozilla/5.0 (iPhone; CPU iPhone OS 7_1 like Mac OS X) AppleWebKit/537.51.2 (KHTML, like Gecko) Version/7.0 Mobile/11D167 Safari/9537.53"
107.150.52.198 - - [10/Jul/2021:05:22:47 -0400] "POST /wp-login.php HTTP/1.1" 200 8947 "-" "Mozilla/5.0 (iPhone; CPU iPhone OS 7_1 like Mac OS X) AppleWebKit/537.51.2 (KHTML, like Gecko) Version/7.0 Mobile/11D167 Safari/9537.53"
204.48.19.85 - - [10/Jul/2021:05:24:33 -0400] "POST /wp-cron.php?doing_wp_cron=1625909073.2272880077362060546875 HTTP/1.1" 200 6245 "https://suncoastoutdoor.net/wp-cron.php?doing_wp_cron=1625909073.2272880077362060546875" "WordPress/5.7.2; https://suncoastoutdoor.net"
104.45.41.45 - - [10/Jul/2021:05:24:32 -0400] "GET /wp-login.php HTTP/1.1" 200 8032 "-" "Mozilla/5.0 (X11; Ubuntu; Linux x86_64; rv:62.0) Gecko/20100101 Firefox/62.0"
104.45.41.45 - - [10/Jul/2021:05:24:34 -0400] "POST /wp-login.php HTTP/1.1" 200 8155 "-" "Mozilla/5.0 (X11; Ubuntu; Linux x86_64; rv:62.0) Gecko/20100101 Firefox/62.0"
104.45.41.45 - - [10/Jul/2021:05:24:34 -0400] "GET /wp-login.php HTTP/1.1" 200 8032 "-" "Mozilla/5.0 (X11; Ubuntu; Linux x86_64; rv:62.0) Gecko/20100101 Firefox/62.0"
104.45.41.45 - - [10/Jul/2021:05:24:35 -0400] "POST /wp-login.php HTTP/1.1" 200 8133 "-" "Mozilla/5.0 (X11; Ubuntu; Linux x86_64; rv:62.0) Gecko/20100101 Firefox/62.0"
104.45.41.45 - - [10/Jul/2021:05:24:36 -0400] "POST /xmlrpc.php HTTP/1.1" 200 5786 "-" "Mozilla/5.0 (X11; Ubuntu; Linux x86_64; rv:62.0) Gecko/20100101 Firefox/62.0"
204.48.19.85 - - [10/Jul/2021:05:37:40 -0400] "POST /wp-cron.php?doing_wp_cron=1625909860.0174388885498046875000 HTTP/1.1" 200 6245 "https://suncoastoutdoor.net/wp-cron.php?doing_wp_cron=1625909860.0174388885498046875000" "WordPress/5.7.2; https://suncoastoutdoor.net"
162.214.198.70 - - [10/Jul/2021:05:37:39 -0400] "GET /wp-login.php HTTP/1.1" 200 8032 "-" "Mozilla/5.0 (X11; Ubuntu; Linux x86_64; rv:62.0) Gecko/20100101 Firefox/62.0"
162.214.198.70 - - [10/Jul/2021:05:37:40 -0400] "POST /wp-login.php HTTP/1.1" 200 8155 "-" "Mozilla/5.0 (X11; Ubuntu; Linux x86_64; rv:62.0) Gecko/20100101 Firefox/62.0"
162.214.198.70 - - [10/Jul/2021:05:37:41 -0400] "GET /wp-login.php HTTP/1.1" 200 8032 "-" "Mozilla/5.0 (X11; Ubuntu; Linux x86_64; rv:62.0) Gecko/20100101 Firefox/62.0"
162.214.198.70 - - [10/Jul/2021:05:37:42 -0400] "POST /wp-login.php HTTP/1.1" 200 8133 "-" "Mozilla/5.0 (X11; Ubuntu; Linux x86_64; rv:62.0) Gecko/20100101 Firefox/62.0"
162.214.198.70 - - [10/Jul/2021:05:37:43 -0400] "POST /xmlrpc.php HTTP/1.1" 200 5786 "-" "Mozilla/5.0 (X11; Ubuntu; Linux x86_64; rv:62.0) Gecko/20100101 Firefox/62.0"
103.229.42.42 - - [10/Jul/2021:05:37:48 -0400] "POST /xmlrpc.php HTTP/1.1" 200 5786 "-" "Mozilla/5.0 (X11; Ubuntu; Linux x86_64; rv:62.0) Gecko/20100101 Firefox/62.0"
204.48.19.85 - - [10/Jul/2021:05:43:13 -0400] "POST /wp-cron.php?doing_wp_cron=1625910193.5818300247192382812500 HTTP/1.1" 200 6261 "https://suncoastoutdoor.net/wp-cron.php?doing_wp_cron=1625910193.5818300247192382812500" "WordPress/5.7.2; https://suncoastoutdoor.net"
107.150.63.170 - - [10/Jul/2021:05:43:13 -0400] "GET /wp-login.php HTTP/1.1" 200 13769 "-" "Mozilla/5.0 (Macintosh; Intel Mac OS X 10_9_3) AppleWebKit/537.76.4 (KHTML, like Gecko) Version/7.0.4 Safari/537.76.4"
107.150.63.170 - - [10/Jul/2021:05:43:14 -0400] "POST /wp-login.php HTTP/1.1" 200 8947 "-" "Mozilla/5.0 (Macintosh; Intel Mac OS X 10_9_3) AppleWebKit/537.76.4 (KHTML, like Gecko) Version/7.0.4 Safari/537.76.4"
204.48.19.85 - - [10/Jul/2021:05:44:00 -0400] "POST /wp-cron.php?doing_wp_cron=1625910240.7840259075164794921875 HTTP/1.1" 200 6229 "https://suncoastoutdoor.net/wp-cron.php?doing_wp_cron=1625910240.7840259075164794921875" "WordPress/5.7.2; https://suncoastoutdoor.net"
198.204.240.245 - - [10/Jul/2021:05:44:00 -0400] "GET /wp-login.php HTTP/1.1" 200 13769 "-" "Mozilla/5.0 (X11; Ubuntu; Linux x86_64; rv:30.0) Gecko/20100101 Firefox/30.0"
198.204.240.245 - - [10/Jul/2021:05:44:01 -0400] "POST /wp-login.php HTTP/1.1" 200 8929 "-" "Mozilla/5.0 (X11; Ubuntu; Linux x86_64; rv:30.0) Gecko/20100101 Firefox/30.0"
204.48.19.85 - - [10/Jul/2021:05:49:46 -0400] "POST /wp-cron.php?doing_wp_cron=1625910586.3753600120544433593750 HTTP/1.1" 200 6245 "https://suncoastoutdoor.net/wp-cron.php?doing_wp_cron=1625910586.3753600120544433593750" "WordPress/5.7.2; https://suncoastoutdoor.net"
195.161.114.231 - - [10/Jul/2021:05:49:45 -0400] "GET /wp-login.php HTTP/1.1" 200 8032 "-" "Mozilla/5.0 (X11; Ubuntu; Linux x86_64; rv:62.0) Gecko/20100101 Firefox/62.0"
195.161.114.231 - - [10/Jul/2021:05:49:47 -0400] "POST /wp-login.php HTTP/1.1" 200 8155 "-" "Mozilla/5.0 (X11; Ubuntu; Linux x86_64; rv:62.0) Gecko/20100101 Firefox/62.0"
195.161.114.231 - - [10/Jul/2021:05:49:48 -0400] "GET /wp-login.php HTTP/1.1" 200 8032 "-" "Mozilla/5.0 (X11; Ubuntu; Linux x86_64; rv:62.0) Gecko/20100101 Firefox/62.0"
195.161.114.231 - - [10/Jul/2021:05:49:49 -0400] "POST /wp-login.php HTTP/1.1" 200 8133 "-" "Mozilla/5.0 (X11; Ubuntu; Linux x86_64; rv:62.0) Gecko/20100101 Firefox/62.0"
195.161.114.231 - - [10/Jul/2021:05:49:50 -0400] "POST /xmlrpc.php HTTP/1.1" 200 5786 "-" "Mozilla/5.0 (X11; Ubuntu; Linux x86_64; rv:62.0) Gecko/20100101 Firefox/62.0"
204.48.19.85 - - [10/Jul/2021:05:56:10 -0400] "POST /wp-cron.php?doing_wp_cron=1625910970.7417550086975097656250 HTTP/1.1" 200 6261 "https://suncoastoutdoor.net/wp-cron.php?doing_wp_cron=1625910970.7417550086975097656250" "WordPress/5.7.2; https://suncoastoutdoor.net"
167.172.149.128 - - [10/Jul/2021:05:56:10 -0400] "POST /xmlrpc.php HTTP/1.1" 200 5786 "-" "Mozilla/5.0 (X11; Ubuntu; Linux x86_64; rv:62.0) Gecko/20100101 Firefox/62.0"
204.48.19.85 - - [10/Jul/2021:05:58:10 -0400] "POST /wp-cron.php?doing_wp_cron=1625911090.0167810916900634765625 HTTP/1.1" 200 6229 "https://suncoastoutdoor.net/wp-cron.php?doing_wp_cron=1625911090.0167810916900634765625" "WordPress/5.7.2; https://suncoastoutdoor.net"
198.204.240.245 - - [10/Jul/2021:05:58:09 -0400] "GET /wp-login.php HTTP/1.1" 200 13769 "-" "Mozilla/5.0 (Windows NT 6.3; WOW64) AppleWebKit/537.36 (KHTML, like Gecko) Chrome/35.0.1916.153 Safari/537.36"
198.204.240.245 - - [10/Jul/2021:05:58:10 -0400] "POST /wp-login.php HTTP/1.1" 200 8947 "-" "Mozilla/5.0 (Windows NT 6.3; WOW64) AppleWebKit/537.36 (KHTML, like Gecko) Chrome/35.0.1916.153 Safari/537.36"
204.48.19.85 - - [10/Jul/2021:06:06:22 -0400] "POST /wp-cron.php?doing_wp_cron=1625911582.2747969627380371093750 HTTP/1.1" 200 6261 "https://suncoastoutdoor.net/wp-cron.php?doing_wp_cron=1625911582.2747969627380371093750" "WordPress/5.7.2; https://suncoastoutdoor.net"
104.131.166.149 - - [10/Jul/2021:06:06:21 -0400] "GET /wp-login.php HTTP/1.1" 200 8032 "-" "Mozilla/5.0 (X11; Ubuntu; Linux x86_64; rv:62.0) Gecko/20100101 Firefox/62.0"
104.131.166.149 - - [10/Jul/2021:06:06:43 -0400] "GET /wp-login.php HTTP/1.1" 200 8032 "-" "Mozilla/5.0 (X11; Ubuntu; Linux x86_64; rv:62.0) Gecko/20100101 Firefox/62.0"
104.131.166.149 - - [10/Jul/2021:06:06:48 -0400] "POST /wp-login.php HTTP/1.1" 200 8133 "-" "Mozilla/5.0 (X11; Ubuntu; Linux x86_64; rv:62.0) Gecko/20100101 Firefox/62.0"
204.48.19.85 - - [10/Jul/2021:06:07:00 -0400] "POST /wp-cron.php?doing_wp_cron=1625911620.4501700401306152343750 HTTP/1.1" 200 6229 "https://suncoastoutdoor.net/wp-cron.php?doing_wp_cron=1625911620.4501700401306152343750" "WordPress/5.7.2; https://suncoastoutdoor.net"
104.131.166.149 - - [10/Jul/2021:06:06:59 -0400] "POST /xmlrpc.php HTTP/1.1" 200 5786 "-" "Mozilla/5.0 (X11; Ubuntu; Linux x86_64; rv:62.0) Gecko/20100101 Firefox/62.0"
107.150.59.243 - - [10/Jul/2021:06:07:41 -0400] "GET /wp-login.php HTTP/1.1" 200 13769 "-" "Mozilla/5.0 (Windows NT 6.1; rv:24.0) Gecko/20100101 Firefox/24.0"
107.150.59.243 - - [10/Jul/2021:06:07:41 -0400] "POST /wp-login.php HTTP/1.1" 200 8947 "-" "Mozilla/5.0 (Windows NT 6.1; rv:24.0) Gecko/20100101 Firefox/24.0"
204.48.19.85 - - [10/Jul/2021:06:15:27 -0400] "POST /wp-cron.php?doing_wp_cron=1625912127.8855719566345214843750 HTTP/1.1" 200 6245 "https://suncoastoutdoor.net/wp-cron.php?doing_wp_cron=1625912127.8855719566345214843750" "WordPress/5.7.2; https://suncoastoutdoor.net"
103.9.159.226 - - [10/Jul/2021:06:15:27 -0400] "POST /xmlrpc.php HTTP/1.1" 200 5786 "-" "Mozilla/5.0 (X11; Ubuntu; Linux x86_64; rv:62.0) Gecko/20100101 Firefox/62.0"
204.48.19.85 - - [10/Jul/2021:06:17:53 -0400] "POST /wp-cron.php?doing_wp_cron=1625912273.7974939346313476562500 HTTP/1.1" 200 6261 "https://suncoastoutdoor.net/wp-cron.php?doing_wp_cron=1625912273.7974939346313476562500" "WordPress/5.7.2; https://suncoastoutdoor.net"
101.32.62.196 - - [10/Jul/2021:06:17:53 -0400] "GET /wp-login.php HTTP/1.1" 200 8032 "-" "Mozilla/5.0 (X11; Ubuntu; Linux x86_64; rv:62.0) Gecko/20100101 Firefox/62.0"
101.32.62.196 - - [10/Jul/2021:06:17:55 -0400] "POST /wp-login.php HTTP/1.1" 200 8155 "-" "Mozilla/5.0 (X11; Ubuntu; Linux x86_64; rv:62.0) Gecko/20100101 Firefox/62.0"
204.48.19.85 - - [10/Jul/2021:06:17:57 -0400] "POST /wp-cron.php?doing_wp_cron=1625912277.0542058944702148437500 HTTP/1.1" 200 6245 "https://suncoastoutdoor.net/wp-cron.php?doing_wp_cron=1625912277.0542058944702148437500" "WordPress/5.7.2; https://suncoastoutdoor.net"
101.32.62.196 - - [10/Jul/2021:06:17:56 -0400] "GET /wp-login.php HTTP/1.1" 200 8032 "-" "Mozilla/5.0 (X11; Ubuntu; Linux x86_64; rv:62.0) Gecko/20100101 Firefox/62.0"
101.32.62.196 - - [10/Jul/2021:06:17:58 -0400] "POST /wp-login.php HTTP/1.1" 200 8133 "-" "Mozilla/5.0 (X11; Ubuntu; Linux x86_64; rv:62.0) Gecko/20100101 Firefox/62.0"
101.32.62.196 - - [10/Jul/2021:06:18:00 -0400] "POST /xmlrpc.php HTTP/1.1" 200 5786 "-" "Mozilla/5.0 (X11; Ubuntu; Linux x86_64; rv:62.0) Gecko/20100101 Firefox/62.0"
204.48.19.85 - - [10/Jul/2021:06:25:28 -0400] "POST /wp-cron.php?doing_wp_cron=1625912728.3690149784088134765625 HTTP/1.1" 200 6229 "https://suncoastoutdoor.net/wp-cron.php?doing_wp_cron=1625912728.3690149784088134765625" "WordPress/5.7.2; https://suncoastoutdoor.net"
107.150.52.198 - - [10/Jul/2021:06:25:27 -0400] "GET /wp-login.php HTTP/1.1" 200 13769 "-" "Mozilla/5.0 (Macintosh; Intel Mac OS X 10_8_5) AppleWebKit/537.36 (KHTML, like Gecko) Chrome/36.0.1985.125 Safari/537.36"
107.150.52.198 - - [10/Jul/2021:06:25:28 -0400] "POST /wp-login.php HTTP/1.1" 200 8947 "-" "Mozilla/5.0 (Macintosh; Intel Mac OS X 10_8_5) AppleWebKit/537.36 (KHTML, like Gecko) Chrome/36.0.1985.125 Safari/537.36"
204.48.19.85 - - [10/Jul/2021:06:31:56 -0400] "POST /wp-cron.php?doing_wp_cron=1625913116.3531498908996582031250 HTTP/1.1" 200 6229 "https://suncoastoutdoor.net/wp-cron.php?doing_wp_cron=1625913116.3531498908996582031250" "WordPress/5.7.2; https://suncoastoutdoor.net"
86.57.254.101 - - [10/Jul/2021:06:31:55 -0400] "GET /wp-login.php HTTP/1.1" 200 8032 "-" "Mozilla/5.0 (X11; Ubuntu; Linux x86_64; rv:62.0) Gecko/20100101 Firefox/62.0"
204.48.19.85 - - [10/Jul/2021:06:31:57 -0400] "POST /wp-cron.php?doing_wp_cron=1625913117.9562439918518066406250 HTTP/1.1" 200 6261 "https://suncoastoutdoor.net/wp-cron.php?doing_wp_cron=1625913117.9562439918518066406250" "WordPress/5.7.2; https://suncoastoutdoor.net"
86.57.254.101 - - [10/Jul/2021:06:31:57 -0400] "POST /wp-login.php HTTP/1.1" 200 8155 "-" "Mozilla/5.0 (X11; Ubuntu; Linux x86_64; rv:62.0) Gecko/20100101 Firefox/62.0"
86.57.254.101 - - [10/Jul/2021:06:31:59 -0400] "GET /wp-login.php HTTP/1.1" 200 8032 "-" "Mozilla/5.0 (X11; Ubuntu; Linux x86_64; rv:62.0) Gecko/20100101 Firefox/62.0"
86.57.254.101 - - [10/Jul/2021:06:32:00 -0400] "POST /wp-login.php HTTP/1.1" 200 8133 "-" "Mozilla/5.0 (X11; Ubuntu; Linux x86_64; rv:62.0) Gecko/20100101 Firefox/62.0"
86.57.254.101 - - [10/Jul/2021:06:32:01 -0400] "POST /xmlrpc.php HTTP/1.1" 200 5786 "-" "Mozilla/5.0 (X11; Ubuntu; Linux x86_64; rv:62.0) Gecko/20100101 Firefox/62.0"
204.48.19.85 - - [10/Jul/2021:06:34:45 -0400] "POST /wp-cron.php?doing_wp_cron=1625913285.2012720108032226562500 HTTP/1.1" 200 6261 "https://suncoastoutdoor.net/wp-cron.php?doing_wp_cron=1625913285.2012720108032226562500" "WordPress/5.7.2; https://suncoastoutdoor.net"
129.226.226.252 - - [10/Jul/2021:06:34:44 -0400] "POST /xmlrpc.php HTTP/1.1" 200 5786 "-" "Mozilla/5.0 (X11; Ubuntu; Linux x86_64; rv:62.0) Gecko/20100101 Firefox/62.0"
204.48.19.85 - - [10/Jul/2021:06:36:39 -0400] "POST /wp-cron.php?doing_wp_cron=1625913399.8062140941619873046875 HTTP/1.1" 200 6245 "https://suncoastoutdoor.net/wp-cron.php?doing_wp_cron=1625913399.8062140941619873046875" "WordPress/5.7.2; https://suncoastoutdoor.net"
192.151.145.141 - - [10/Jul/2021:06:36:39 -0400] "GET /wp-login.php HTTP/1.1" 200 13769 "-" "Mozilla/5.0 (Macintosh; Intel Mac OS X 10_8_5) AppleWebKit/537.77.4 (KHTML, like Gecko) Version/6.1.5 Safari/537.77.4"
192.151.145.141 - - [10/Jul/2021:06:36:40 -0400] "POST /wp-login.php HTTP/1.1" 200 8947 "-" "Mozilla/5.0 (Macintosh; Intel Mac OS X 10_8_5) AppleWebKit/537.77.4 (KHTML, like Gecko) Version/6.1.5 Safari/537.77.4"
135.181.117.96 - - [10/Jul/2021:06:36:59 -0400] "GET / HTTP/1.0" 301 549 "http://suncoastoutdoor.net/" "Mozilla/5.0 (Windows NT 10.0; Win64; x64) AppleWebKit/537.36 (KHTML, like Gecko) Chrome/66.0.3359.181 Safari/537.36"
204.48.19.85 - - [10/Jul/2021:06:36:59 -0400] "POST /wp-cron.php?doing_wp_cron=1625913419.8703579902648925781250 HTTP/1.1" 200 6229 "https://suncoastoutdoor.net/wp-cron.php?doing_wp_cron=1625913419.8703579902648925781250" "WordPress/5.7.2; https://suncoastoutdoor.net"
135.181.117.96 - - [10/Jul/2021:06:36:59 -0400] "GET / HTTP/1.0" 200 129476 "https://suncoastoutdoor.net/" "Mozilla/5.0 (Windows NT 10.0; Win64; x64) AppleWebKit/537.36 (KHTML, like Gecko) Chrome/66.0.3359.181 Safari/537.36"
135.181.117.96 - - [10/Jul/2021:06:37:01 -0400] "GET /index.php/contact/ HTTP/1.0" 200 67673 "https://suncoastoutdoor.net/index.php/contact/" "Mozilla/5.0 (Windows NT 10.0; Win64; x64) AppleWebKit/537.36 (KHTML, like Gecko) Chrome/66.0.3359.181 Safari/537.36"
135.181.117.96 - - [10/Jul/2021:06:37:02 -0400] "POST /index.php/contact/ HTTP/1.0" 200 68394 "https://suncoastoutdoor.net/index.php/contact/" "Mozilla/5.0 (Windows NT 10.0; Win64; x64) AppleWebKit/537.36 (KHTML, like Gecko) Chrome/66.0.3359.181 Safari/537.36"
135.181.117.96 - - [10/Jul/2021:06:37:03 -0400] "POST /index.php/contact/ HTTP/1.0" 200 68176 "https://suncoastoutdoor.net/index.php/contact/" "Mozilla/5.0 (Windows NT 10.0; Win64; x64) AppleWebKit/537.36 (KHTML, like Gecko) Chrome/66.0.3359.181 Safari/537.36"
135.181.117.96 - - [10/Jul/2021:06:37:04 -0400] "GET /index.php/contact/ HTTP/1.0" 200 67673 "https://suncoastoutdoor.net/" "Mozilla/5.0 (Windows NT 10.0; Win64; x64) AppleWebKit/537.36 (KHTML, like Gecko) Chrome/66.0.3359.181 Safari/537.36"
204.48.19.85 - - [10/Jul/2021:06:46:04 -0400] "POST /wp-cron.php?doing_wp_cron=1625913964.5093350410461425781250 HTTP/1.1" 200 6245 "https://suncoastoutdoor.net/wp-cron.php?doing_wp_cron=1625913964.5093350410461425781250" "WordPress/5.7.2; https://suncoastoutdoor.net"
82.97.10.156 - - [10/Jul/2021:06:46:03 -0400] "GET /wp-login.php HTTP/1.1" 200 8032 "-" "Mozilla/5.0 (X11; Ubuntu; Linux x86_64; rv:62.0) Gecko/20100101 Firefox/62.0"
82.97.10.156 - - [10/Jul/2021:06:46:05 -0400] "POST /wp-login.php HTTP/1.1" 200 8155 "-" "Mozilla/5.0 (X11; Ubuntu; Linux x86_64; rv:62.0) Gecko/20100101 Firefox/62.0"
82.97.10.156 - - [10/Jul/2021:06:46:06 -0400] "GET /wp-login.php HTTP/1.1" 200 8032 "-" "Mozilla/5.0 (X11; Ubuntu; Linux x86_64; rv:62.0) Gecko/20100101 Firefox/62.0"
82.97.10.156 - - [10/Jul/2021:06:46:07 -0400] "POST /wp-login.php HTTP/1.1" 200 8133 "-" "Mozilla/5.0 (X11; Ubuntu; Linux x86_64; rv:62.0) Gecko/20100101 Firefox/62.0"
82.97.10.156 - - [10/Jul/2021:06:46:08 -0400] "POST /xmlrpc.php HTTP/1.1" 200 5786 "-" "Mozilla/5.0 (X11; Ubuntu; Linux x86_64; rv:62.0) Gecko/20100101 Firefox/62.0"
204.48.19.85 - - [10/Jul/2021:06:53:50 -0400] "POST /wp-cron.php?doing_wp_cron=1625914430.5231060981750488281250 HTTP/1.1" 200 6245 "https://suncoastoutdoor.net/wp-cron.php?doing_wp_cron=1625914430.5231060981750488281250" "WordPress/5.7.2; https://suncoastoutdoor.net"
167.88.170.2 - - [10/Jul/2021:06:53:50 -0400] "POST /xmlrpc.php HTTP/1.1" 200 5786 "-" "Mozilla/5.0 (X11; Ubuntu; Linux x86_64; rv:62.0) Gecko/20100101 Firefox/62.0"
136.243.212.110 - - [10/Jul/2021:06:55:54 -0400] "GET /robots.txt HTTP/1.1" 301 606 "-" "serpstatbot/2.1 (advanced backlink tracking bot; https://serpstatbot.com/; abuse@serpstatbot.com)"
136.243.212.110 - - [10/Jul/2021:06:55:55 -0400] "GET /robots.txt HTTP/1.1" 404 5899 "-" "serpstatbot/2.1 (advanced backlink tracking bot; https://serpstatbot.com/; abuse@serpstatbot.com)"
136.243.212.110 - - [10/Jul/2021:06:55:55 -0400] "GET / HTTP/1.1" 301 586 "-" "serpstatbot/2.1 (advanced backlink tracking bot; https://serpstatbot.com/; abuse@serpstatbot.com)"
204.48.19.85 - - [10/Jul/2021:06:59:19 -0400] "POST /wp-cron.php?doing_wp_cron=1625914759.5068910121917724609375 HTTP/1.1" 200 6245 "https://suncoastoutdoor.net/wp-cron.php?doing_wp_cron=1625914759.5068910121917724609375" "WordPress/5.7.2; https://suncoastoutdoor.net"
173.208.244.93 - - [10/Jul/2021:06:59:19 -0400] "GET /wp-login.php HTTP/1.1" 200 13769 "-" "Mozilla/5.0 (Macintosh; Intel Mac OS X 10_7_5) AppleWebKit/537.36 (KHTML, like Gecko) Chrome/36.0.1985.125 Safari/537.36"
173.208.244.93 - - [10/Jul/2021:06:59:20 -0400] "POST /wp-login.php HTTP/1.1" 200 8947 "-" "Mozilla/5.0 (Macintosh; Intel Mac OS X 10_7_5) AppleWebKit/537.36 (KHTML, like Gecko) Chrome/36.0.1985.125 Safari/537.36"
212.48.85.142 - - [10/Jul/2021:06:59:26 -0400] "GET /wp-login.php HTTP/1.1" 200 8032 "-" "Mozilla/5.0 (X11; Ubuntu; Linux x86_64; rv:62.0) Gecko/20100101 Firefox/62.0"
212.48.85.142 - - [10/Jul/2021:06:59:27 -0400] "POST /wp-login.php HTTP/1.1" 200 8155 "-" "Mozilla/5.0 (X11; Ubuntu; Linux x86_64; rv:62.0) Gecko/20100101 Firefox/62.0"
212.48.85.142 - - [10/Jul/2021:06:59:27 -0400] "GET /wp-login.php HTTP/1.1" 200 8032 "-" "Mozilla/5.0 (X11; Ubuntu; Linux x86_64; rv:62.0) Gecko/20100101 Firefox/62.0"
212.48.85.142 - - [10/Jul/2021:06:59:28 -0400] "POST /wp-login.php HTTP/1.1" 200 8133 "-" "Mozilla/5.0 (X11; Ubuntu; Linux x86_64; rv:62.0) Gecko/20100101 Firefox/62.0"
212.48.85.142 - - [10/Jul/2021:06:59:29 -0400] "POST /xmlrpc.php HTTP/1.1" 200 5786 "-" "Mozilla/5.0 (X11; Ubuntu; Linux x86_64; rv:62.0) Gecko/20100101 Firefox/62.0"
204.48.19.85 - - [10/Jul/2021:07:12:18 -0400] "POST /wp-cron.php?doing_wp_cron=1625915538.6732850074768066406250 HTTP/1.1" 200 6261 "https://suncoastoutdoor.net/wp-cron.php?doing_wp_cron=1625915538.6732850074768066406250" "WordPress/5.7.2; https://suncoastoutdoor.net"
180.188.198.210 - - [10/Jul/2021:07:12:18 -0400] "POST /xmlrpc.php HTTP/1.1" 200 5786 "-" "Mozilla/5.0 (X11; Ubuntu; Linux x86_64; rv:62.0) Gecko/20100101 Firefox/62.0"
204.48.19.85 - - [10/Jul/2021:07:14:09 -0400] "POST /wp-cron.php?doing_wp_cron=1625915649.6907210350036621093750 HTTP/1.1" 200 6245 "https://suncoastoutdoor.net/wp-cron.php?doing_wp_cron=1625915649.6907210350036621093750" "WordPress/5.7.2; https://suncoastoutdoor.net"
67.205.61.32 - - [10/Jul/2021:07:14:09 -0400] "GET /wp-login.php HTTP/1.1" 200 8032 "-" "Mozilla/5.0 (X11; Ubuntu; Linux x86_64; rv:62.0) Gecko/20100101 Firefox/62.0"
67.205.61.32 - - [10/Jul/2021:07:14:10 -0400] "POST /wp-login.php HTTP/1.1" 200 8155 "-" "Mozilla/5.0 (X11; Ubuntu; Linux x86_64; rv:62.0) Gecko/20100101 Firefox/62.0"
67.205.61.32 - - [10/Jul/2021:07:14:10 -0400] "GET /wp-login.php HTTP/1.1" 200 8032 "-" "Mozilla/5.0 (X11; Ubuntu; Linux x86_64; rv:62.0) Gecko/20100101 Firefox/62.0"
67.205.61.32 - - [10/Jul/2021:07:14:11 -0400] "POST /wp-login.php HTTP/1.1" 200 8133 "-" "Mozilla/5.0 (X11; Ubuntu; Linux x86_64; rv:62.0) Gecko/20100101 Firefox/62.0"
67.205.61.32 - - [10/Jul/2021:07:14:11 -0400] "POST /xmlrpc.php HTTP/1.1" 200 5786 "-" "Mozilla/5.0 (X11; Ubuntu; Linux x86_64; rv:62.0) Gecko/20100101 Firefox/62.0"
107.150.52.198 - - [10/Jul/2021:07:14:52 -0400] "GET /wp-login.php HTTP/1.1" 200 13769 "-" "Mozilla/5.0 (Windows NT 5.1) AppleWebKit/537.36 (KHTML, like Gecko) Chrome/36.0.1985.125 Safari/537.36"
107.150.52.198 - - [10/Jul/2021:07:14:53 -0400] "POST /wp-login.php HTTP/1.1" 200 8947 "-" "Mozilla/5.0 (Windows NT 5.1) AppleWebKit/537.36 (KHTML, like Gecko) Chrome/36.0.1985.125 Safari/537.36"
204.48.19.85 - - [10/Jul/2021:07:16:43 -0400] "POST /wp-cron.php?doing_wp_cron=1625915803.2135989665985107421875 HTTP/1.1" 200 6261 "https://suncoastoutdoor.net/wp-cron.php?doing_wp_cron=1625915803.2135989665985107421875" "WordPress/5.7.2; https://suncoastoutdoor.net"
136.243.212.110 - - [10/Jul/2021:07:16:42 -0400] "GET / HTTP/1.1" 200 22903 "-" "serpstatbot/2.1 (advanced backlink tracking bot; https://serpstatbot.com/; abuse@serpstatbot.com)"
136.243.212.110 - - [10/Jul/2021:07:21:12 -0400] "GET /robots.txt HTTP/1.1" 404 5903 "-" "serpstatbot/2.1 (advanced backlink tracking bot; https://serpstatbot.com/; abuse@serpstatbot.com)"
204.48.19.85 - - [10/Jul/2021:07:21:13 -0400] "POST /wp-cron.php?doing_wp_cron=1625916073.1515998840332031250000 HTTP/1.1" 200 6229 "https://suncoastoutdoor.net/wp-cron.php?doing_wp_cron=1625916073.1515998840332031250000" "WordPress/5.7.2; https://suncoastoutdoor.net"
136.243.212.110 - - [10/Jul/2021:07:21:12 -0400] "GET / HTTP/1.1" 301 312 "-" "serpstatbot/2.1 (advanced backlink tracking bot; https://serpstatbot.com/; abuse@serpstatbot.com)"
204.48.19.85 - - [10/Jul/2021:07:26:44 -0400] "POST /wp-cron.php?doing_wp_cron=1625916404.0993559360504150390625 HTTP/1.1" 200 6245 "https://suncoastoutdoor.net/wp-cron.php?doing_wp_cron=1625916404.0993559360504150390625" "WordPress/5.7.2; https://suncoastoutdoor.net"
107.150.46.54 - - [10/Jul/2021:07:26:43 -0400] "GET /wp-login.php HTTP/1.1" 200 13769 "-" "Mozilla/5.0 (Macintosh; Intel Mac OS X 10_9_3) AppleWebKit/537.76.4 (KHTML, like Gecko) Version/7.0.4 Safari/537.76.4"
107.150.46.54 - - [10/Jul/2021:07:26:44 -0400] "POST /wp-login.php HTTP/1.1" 200 8933 "-" "Mozilla/5.0 (Macintosh; Intel Mac OS X 10_9_3) AppleWebKit/537.76.4 (KHTML, like Gecko) Version/7.0.4 Safari/537.76.4"
204.48.19.85 - - [10/Jul/2021:07:29:21 -0400] "POST /wp-cron.php?doing_wp_cron=1625916561.3453149795532226562500 HTTP/1.1" 200 6261 "https://suncoastoutdoor.net/wp-cron.php?doing_wp_cron=1625916561.3453149795532226562500" "WordPress/5.7.2; https://suncoastoutdoor.net"
124.158.10.21 - - [10/Jul/2021:07:29:20 -0400] "GET /wp-login.php HTTP/1.1" 200 8032 "-" "Mozilla/5.0 (X11; Ubuntu; Linux x86_64; rv:62.0) Gecko/20100101 Firefox/62.0"
124.158.10.21 - - [10/Jul/2021:07:29:23 -0400] "POST /wp-login.php HTTP/1.1" 200 8155 "-" "Mozilla/5.0 (X11; Ubuntu; Linux x86_64; rv:62.0) Gecko/20100101 Firefox/62.0"
124.158.10.21 - - [10/Jul/2021:07:29:24 -0400] "GET /wp-login.php HTTP/1.1" 200 8032 "-" "Mozilla/5.0 (X11; Ubuntu; Linux x86_64; rv:62.0) Gecko/20100101 Firefox/62.0"
124.158.10.21 - - [10/Jul/2021:07:29:26 -0400] "POST /wp-login.php HTTP/1.1" 200 8133 "-" "Mozilla/5.0 (X11; Ubuntu; Linux x86_64; rv:62.0) Gecko/20100101 Firefox/62.0"
124.158.10.21 - - [10/Jul/2021:07:29:28 -0400] "POST /xmlrpc.php HTTP/1.1" 200 5786 "-" "Mozilla/5.0 (X11; Ubuntu; Linux x86_64; rv:62.0) Gecko/20100101 Firefox/62.0"
204.48.19.85 - - [10/Jul/2021:07:31:18 -0400] "POST /wp-cron.php?doing_wp_cron=1625916678.8203339576721191406250 HTTP/1.1" 200 6245 "https://suncoastoutdoor.net/wp-cron.php?doing_wp_cron=1625916678.8203339576721191406250" "WordPress/5.7.2; https://suncoastoutdoor.net"
75.119.151.240 - - [10/Jul/2021:07:31:18 -0400] "POST /xmlrpc.php HTTP/1.1" 200 5786 "-" "Mozilla/5.0 (X11; Ubuntu; Linux x86_64; rv:62.0) Gecko/20100101 Firefox/62.0"
204.48.19.85 - - [10/Jul/2021:07:35:11 -0400] "POST /wp-cron.php?doing_wp_cron=1625916911.2059190273284912109375 HTTP/1.1" 200 6245 "https://suncoastoutdoor.net/wp-cron.php?doing_wp_cron=1625916911.2059190273284912109375" "WordPress/5.7.2; https://suncoastoutdoor.net"
136.243.212.110 - - [10/Jul/2021:07:35:10 -0400] "GET /index.php/contact/ HTTP/1.1" 200 19281 "-" "serpstatbot/2.1 (advanced backlink tracking bot; https://serpstatbot.com/; abuse@serpstatbot.com)"
136.243.212.110 - - [10/Jul/2021:07:35:13 -0400] "GET /index.php/author/root/ HTTP/1.1" 200 11732 "-" "serpstatbot/2.1 (advanced backlink tracking bot; https://serpstatbot.com/; abuse@serpstatbot.com)"
204.48.19.85 - - [10/Jul/2021:07:44:18 -0400] "POST /wp-cron.php?doing_wp_cron=1625917458.2156279087066650390625 HTTP/1.1" 200 6245 "https://suncoastoutdoor.net/wp-cron.php?doing_wp_cron=1625917458.2156279087066650390625" "WordPress/5.7.2; https://suncoastoutdoor.net"
107.150.46.54 - - [10/Jul/2021:07:44:17 -0400] "GET /wp-login.php HTTP/1.1" 200 13769 "-" "Mozilla/5.0 (iPhone; CPU iPhone OS 7_1_2 like Mac OS X) AppleWebKit/537.51.2 (KHTML, like Gecko) Version/7.0 Mobile/11D257 Safari/9537.53"
107.150.46.54 - - [10/Jul/2021:07:44:18 -0400] "POST /wp-login.php HTTP/1.1" 200 8947 "-" "Mozilla/5.0 (iPhone; CPU iPhone OS 7_1_2 like Mac OS X) AppleWebKit/537.51.2 (KHTML, like Gecko) Version/7.0 Mobile/11D257 Safari/9537.53"
139.99.45.136 - - [10/Jul/2021:07:44:18 -0400] "GET /wp-login.php HTTP/1.1" 200 8032 "-" "Mozilla/5.0 (X11; Ubuntu; Linux x86_64; rv:62.0) Gecko/20100101 Firefox/62.0"
139.99.45.136 - - [10/Jul/2021:07:44:20 -0400] "POST /wp-login.php HTTP/1.1" 200 8155 "-" "Mozilla/5.0 (X11; Ubuntu; Linux x86_64; rv:62.0) Gecko/20100101 Firefox/62.0"
139.99.45.136 - - [10/Jul/2021:07:44:21 -0400] "GET /wp-login.php HTTP/1.1" 200 8032 "-" "Mozilla/5.0 (X11; Ubuntu; Linux x86_64; rv:62.0) Gecko/20100101 Firefox/62.0"
139.99.45.136 - - [10/Jul/2021:07:44:22 -0400] "POST /wp-login.php HTTP/1.1" 200 8133 "-" "Mozilla/5.0 (X11; Ubuntu; Linux x86_64; rv:62.0) Gecko/20100101 Firefox/62.0"
139.99.45.136 - - [10/Jul/2021:07:44:24 -0400] "POST /xmlrpc.php HTTP/1.1" 200 5786 "-" "Mozilla/5.0 (X11; Ubuntu; Linux x86_64; rv:62.0) Gecko/20100101 Firefox/62.0"
204.48.19.85 - - [10/Jul/2021:07:50:35 -0400] "POST /wp-cron.php?doing_wp_cron=1625917835.1242558956146240234375 HTTP/1.1" 200 6245 "https://suncoastoutdoor.net/wp-cron.php?doing_wp_cron=1625917835.1242558956146240234375" "WordPress/5.7.2; https://suncoastoutdoor.net"
46.105.121.197 - - [10/Jul/2021:07:50:34 -0400] "POST /xmlrpc.php HTTP/1.1" 200 5786 "-" "Mozilla/5.0 (X11; Ubuntu; Linux x86_64; rv:62.0) Gecko/20100101 Firefox/62.0"
204.48.19.85 - - [10/Jul/2021:07:56:30 -0400] "POST /wp-cron.php?doing_wp_cron=1625918190.1976680755615234375000 HTTP/1.1" 200 6229 "https://suncoastoutdoor.net/wp-cron.php?doing_wp_cron=1625918190.1976680755615234375000" "WordPress/5.7.2; https://suncoastoutdoor.net"
156.146.36.115 - - [10/Jul/2021:07:56:29 -0400] "GET /index.php/contact/ HTTP/1.1" 200 19473 "https://suncoastoutdoor.net" "Mozilla/5.0 (Windows NT 10.0; Win64; x64) AppleWebKit/537.36 (KHTML, like Gecko) Chrome/62.0.3202.94 Safari/537.36"
156.146.36.115 - - [10/Jul/2021:07:56:33 -0400] "POST /index.php/contact/ HTTP/1.1" 200 19517 "https://suncoastoutdoor.net" "Mozilla/5.0 (Windows NT 10.0; Win64; x64) AppleWebKit/537.36 (KHTML, like Gecko) Chrome/62.0.3202.94 Safari/537.36"
204.48.19.85 - - [10/Jul/2021:08:00:02 -0400] "POST /wp-cron.php?doing_wp_cron=1625918402.5488500595092773437500 HTTP/1.1" 200 6261 "https://suncoastoutdoor.net/wp-cron.php?doing_wp_cron=1625918402.5488500595092773437500" "WordPress/5.7.2; https://suncoastoutdoor.net"
103.71.255.100 - - [10/Jul/2021:08:00:01 -0400] "GET /wp-login.php HTTP/1.1" 200 8031 "-" "Mozilla/5.0 (X11; Ubuntu; Linux x86_64; rv:62.0) Gecko/20100101 Firefox/62.0"
107.150.52.198 - - [10/Jul/2021:08:00:03 -0400] "GET /wp-login.php HTTP/1.1" 200 13769 "-" "Mozilla/5.0 (Windows NT 6.3; WOW64) AppleWebKit/537.36 (KHTML, like Gecko) Chrome/36.0.1985.125 Safari/537.36"
107.150.52.198 - - [10/Jul/2021:08:00:04 -0400] "POST /wp-login.php HTTP/1.1" 200 8929 "-" "Mozilla/5.0 (Windows NT 6.3; WOW64) AppleWebKit/537.36 (KHTML, like Gecko) Chrome/36.0.1985.125 Safari/537.36"
103.71.255.100 - - [10/Jul/2021:08:00:04 -0400] "POST /wp-login.php HTTP/1.1" 200 8155 "-" "Mozilla/5.0 (X11; Ubuntu; Linux x86_64; rv:62.0) Gecko/20100101 Firefox/62.0"
103.71.255.100 - - [10/Jul/2021:08:00:06 -0400] "GET /wp-login.php HTTP/1.1" 200 8031 "-" "Mozilla/5.0 (X11; Ubuntu; Linux x86_64; rv:62.0) Gecko/20100101 Firefox/62.0"
103.71.255.100 - - [10/Jul/2021:08:00:08 -0400] "POST /wp-login.php HTTP/1.1" 200 8132 "-" "Mozilla/5.0 (X11; Ubuntu; Linux x86_64; rv:62.0) Gecko/20100101 Firefox/62.0"
103.71.255.100 - - [10/Jul/2021:08:00:10 -0400] "POST /xmlrpc.php HTTP/1.1" 200 5786 "-" "Mozilla/5.0 (X11; Ubuntu; Linux x86_64; rv:62.0) Gecko/20100101 Firefox/62.0"
204.48.19.85 - - [10/Jul/2021:08:08:58 -0400] "POST /wp-cron.php?doing_wp_cron=1625918938.6957449913024902343750 HTTP/1.1" 200 6229 "https://suncoastoutdoor.net/wp-cron.php?doing_wp_cron=1625918938.6957449913024902343750" "WordPress/5.7.2; https://suncoastoutdoor.net"
51.195.101.137 - - [10/Jul/2021:08:08:58 -0400] "POST /xmlrpc.php HTTP/1.1" 200 5786 "-" "Mozilla/5.0 (X11; Ubuntu; Linux x86_64; rv:62.0) Gecko/20100101 Firefox/62.0"
204.48.19.85 - - [10/Jul/2021:08:10:26 -0400] "POST /wp-cron.php?doing_wp_cron=1625919026.2908229827880859375000 HTTP/1.1" 200 6261 "https://suncoastoutdoor.net/wp-cron.php?doing_wp_cron=1625919026.2908229827880859375000" "WordPress/5.7.2; https://suncoastoutdoor.net"
198.204.240.245 - - [10/Jul/2021:08:10:25 -0400] "GET /wp-login.php HTTP/1.1" 200 13769 "-" "Mozilla/5.0 (iPhone; CPU iPhone OS 7_1_2 like Mac OS X) AppleWebKit/537.51.1 (KHTML, like Gecko) GSA/4.1.0.31802 Mobile/11D257 Safari/9537.53"
198.204.240.245 - - [10/Jul/2021:08:10:26 -0400] "POST /wp-login.php HTTP/1.1" 200 8947 "-" "Mozilla/5.0 (iPhone; CPU iPhone OS 7_1_2 like Mac OS X) AppleWebKit/537.51.1 (KHTML, like Gecko) GSA/4.1.0.31802 Mobile/11D257 Safari/9537.53"
204.48.19.85 - - [10/Jul/2021:08:12:01 -0400] "POST /wp-cron.php?doing_wp_cron=1625919121.8983910083770751953125 HTTP/1.1" 200 6261 "https://suncoastoutdoor.net/wp-cron.php?doing_wp_cron=1625919121.8983910083770751953125" "WordPress/5.7.2; https://suncoastoutdoor.net"
107.150.46.54 - - [10/Jul/2021:08:12:01 -0400] "GET /wp-login.php HTTP/1.1" 200 13769 "-" "Mozilla/5.0 (Macintosh; Intel Mac OS X 10_9_3) AppleWebKit/537.76.4 (KHTML, like Gecko) Version/7.0.4 Safari/537.76.4"
107.150.46.54 - - [10/Jul/2021:08:12:02 -0400] "POST /wp-login.php HTTP/1.1" 200 8947 "-" "Mozilla/5.0 (Macintosh; Intel Mac OS X 10_9_3) AppleWebKit/537.76.4 (KHTML, like Gecko) Version/7.0.4 Safari/537.76.4"
204.48.19.85 - - [10/Jul/2021:08:21:05 -0400] "POST /wp-cron.php?doing_wp_cron=1625919665.5140669345855712890625 HTTP/1.1" 200 6229 "https://suncoastoutdoor.net/wp-cron.php?doing_wp_cron=1625919665.5140669345855712890625" "WordPress/5.7.2; https://suncoastoutdoor.net"
107.150.63.170 - - [10/Jul/2021:08:21:05 -0400] "GET /wp-login.php HTTP/1.1" 200 13769 "-" "Mozilla/5.0 (Macintosh; Intel Mac OS X 10_9_3) AppleWebKit/537.36 (KHTML, like Gecko) Chrome/36.0.1985.125 Safari/537.36"
107.150.63.170 - - [10/Jul/2021:08:21:06 -0400] "POST /wp-login.php HTTP/1.1" 200 8947 "-" "Mozilla/5.0 (Macintosh; Intel Mac OS X 10_9_3) AppleWebKit/537.36 (KHTML, like Gecko) Chrome/36.0.1985.125 Safari/537.36"
69.30.225.98 - - [10/Jul/2021:08:21:40 -0400] "GET /wp-login.php HTTP/1.1" 200 13769 "-" "Mozilla/5.0 (Windows NT 6.1; rv:30.0) Gecko/20100101 Firefox/30.0"
69.30.225.98 - - [10/Jul/2021:08:21:40 -0400] "POST /wp-login.php HTTP/1.1" 200 8947 "-" "Mozilla/5.0 (Windows NT 6.1; rv:30.0) Gecko/20100101 Firefox/30.0"
204.48.19.85 - - [10/Jul/2021:08:28:31 -0400] "POST /wp-cron.php?doing_wp_cron=1625920111.4849119186401367187500 HTTP/1.1" 200 6245 "https://suncoastoutdoor.net/wp-cron.php?doing_wp_cron=1625920111.4849119186401367187500" "WordPress/5.7.2; https://suncoastoutdoor.net"
31.14.161.244 - - [10/Jul/2021:08:28:31 -0400] "POST /xmlrpc.php HTTP/1.1" 200 5786 "-" "Mozilla/5.0 (X11; Ubuntu; Linux x86_64; rv:62.0) Gecko/20100101 Firefox/62.0"
204.48.19.85 - - [10/Jul/2021:08:40:09 -0400] "POST /wp-cron.php?doing_wp_cron=1625920809.0570790767669677734375 HTTP/1.1" 200 6245 "https://suncoastoutdoor.net/wp-cron.php?doing_wp_cron=1625920809.0570790767669677734375" "WordPress/5.7.2; https://suncoastoutdoor.net"
107.150.48.230 - - [10/Jul/2021:08:40:08 -0400] "GET /wp-login.php HTTP/1.1" 200 13769 "-" "Mozilla/5.0 (Macintosh; Intel Mac OS X 10_9_2) AppleWebKit/537.36 (KHTML, like Gecko) Chrome/36.0.1985.125 Safari/537.36"
107.150.48.230 - - [10/Jul/2021:08:40:09 -0400] "POST /wp-login.php HTTP/1.1" 200 8947 "-" "Mozilla/5.0 (Macintosh; Intel Mac OS X 10_9_2) AppleWebKit/537.36 (KHTML, like Gecko) Chrome/36.0.1985.125 Safari/537.36"
204.48.19.85 - - [10/Jul/2021:08:41:23 -0400] "POST /wp-cron.php?doing_wp_cron=1625920883.3975288867950439453125 HTTP/1.1" 200 6245 "https://suncoastoutdoor.net/wp-cron.php?doing_wp_cron=1625920883.3975288867950439453125" "WordPress/5.7.2; https://suncoastoutdoor.net"
192.151.145.141 - - [10/Jul/2021:08:41:22 -0400] "GET /wp-login.php HTTP/1.1" 200 13769 "-" "Mozilla/5.0 (Windows NT 6.1; Trident/7.0; rv:11.0) like Gecko"
192.151.145.141 - - [10/Jul/2021:08:41:23 -0400] "POST /wp-login.php HTTP/1.1" 200 8947 "-" "Mozilla/5.0 (Windows NT 6.1; Trident/7.0; rv:11.0) like Gecko"
204.48.19.85 - - [10/Jul/2021:08:47:28 -0400] "POST /wp-cron.php?doing_wp_cron=1625921248.5741140842437744140625 HTTP/1.1" 200 6245 "https://suncoastoutdoor.net/wp-cron.php?doing_wp_cron=1625921248.5741140842437744140625" "WordPress/5.7.2; https://suncoastoutdoor.net"
107.150.46.54 - - [10/Jul/2021:08:47:28 -0400] "GET /wp-login.php HTTP/1.1" 200 13769 "-" "Mozilla/5.0 (Windows NT 6.1; WOW64; rv:31.0) Gecko/20100101 Firefox/31.0"
107.150.46.54 - - [10/Jul/2021:08:47:29 -0400] "POST /wp-login.php HTTP/1.1" 200 8947 "-" "Mozilla/5.0 (Windows NT 6.1; WOW64; rv:31.0) Gecko/20100101 Firefox/31.0"
85.128.143.40 - - [10/Jul/2021:08:47:34 -0400] "POST /xmlrpc.php HTTP/1.1" 200 5786 "-" "Mozilla/5.0 (X11; Ubuntu; Linux x86_64; rv:62.0) Gecko/20100101 Firefox/62.0"
204.48.19.85 - - [10/Jul/2021:09:01:14 -0400] "POST /wp-cron.php?doing_wp_cron=1625922074.4933888912200927734375 HTTP/1.1" 200 6245 "https://suncoastoutdoor.net/wp-cron.php?doing_wp_cron=1625922074.4933888912200927734375" "WordPress/5.7.2; https://suncoastoutdoor.net"
107.150.63.170 - - [10/Jul/2021:09:01:13 -0400] "GET /wp-login.php HTTP/1.1" 200 13769 "-" "Mozilla/5.0 (Macintosh; Intel Mac OS X 10_9_4) AppleWebKit/537.78.2 (KHTML, like Gecko) Version/7.0.6 Safari/537.78.2"
107.150.63.170 - - [10/Jul/2021:09:01:15 -0400] "POST /wp-login.php HTTP/1.1" 200 8947 "-" "Mozilla/5.0 (Macintosh; Intel Mac OS X 10_9_4) AppleWebKit/537.78.2 (KHTML, like Gecko) Version/7.0.6 Safari/537.78.2"
204.48.19.85 - - [10/Jul/2021:09:06:35 -0400] "POST /wp-cron.php?doing_wp_cron=1625922395.9490909576416015625000 HTTP/1.1" 200 6261 "https://suncoastoutdoor.net/wp-cron.php?doing_wp_cron=1625922395.9490909576416015625000" "WordPress/5.7.2; https://suncoastoutdoor.net"
85.128.143.25 - - [10/Jul/2021:09:06:35 -0400] "POST /xmlrpc.php HTTP/1.1" 200 5786 "-" "Mozilla/5.0 (X11; Ubuntu; Linux x86_64; rv:62.0) Gecko/20100101 Firefox/62.0"
204.48.19.85 - - [10/Jul/2021:09:26:05 -0400] "POST /wp-cron.php?doing_wp_cron=1625923565.5728359222412109375000 HTTP/1.1" 200 6245 "https://suncoastoutdoor.net/wp-cron.php?doing_wp_cron=1625923565.5728359222412109375000" "WordPress/5.7.2; https://suncoastoutdoor.net"
34.107.40.111 - - [10/Jul/2021:09:26:05 -0400] "POST /xmlrpc.php HTTP/1.1" 200 5786 "-" "Mozilla/5.0 (X11; Ubuntu; Linux x86_64; rv:62.0) Gecko/20100101 Firefox/62.0"
204.48.19.85 - - [10/Jul/2021:09:30:50 -0400] "POST /wp-cron.php?doing_wp_cron=1625923850.2425498962402343750000 HTTP/1.1" 200 6245 "https://suncoastoutdoor.net/wp-cron.php?doing_wp_cron=1625923850.2425498962402343750000" "WordPress/5.7.2; https://suncoastoutdoor.net"
192.151.145.141 - - [10/Jul/2021:09:30:49 -0400] "GET /wp-login.php HTTP/1.1" 200 13769 "-" "Mozilla/5.0 (iPad; CPU OS 7_1_2 like Mac OS X) AppleWebKit/537.51.2 (KHTML, like Gecko) Version/7.0 Mobile/11D257 Safari/9537.53"
192.151.145.141 - - [10/Jul/2021:09:30:50 -0400] "POST /wp-login.php HTTP/1.1" 200 8947 "-" "Mozilla/5.0 (iPad; CPU OS 7_1_2 like Mac OS X) AppleWebKit/537.51.2 (KHTML, like Gecko) Version/7.0 Mobile/11D257 Safari/9537.53"
204.48.19.85 - - [10/Jul/2021:09:45:24 -0400] "POST /wp-cron.php?doing_wp_cron=1625924724.1491439342498779296875 HTTP/1.1" 200 6245 "https://suncoastoutdoor.net/wp-cron.php?doing_wp_cron=1625924724.1491439342498779296875" "WordPress/5.7.2; https://suncoastoutdoor.net"
171.246.124.39 - - [10/Jul/2021:09:45:23 -0400] "POST /xmlrpc.php HTTP/1.1" 200 5786 "-" "Mozilla/5.0 (X11; Ubuntu; Linux x86_64; rv:62.0) Gecko/20100101 Firefox/62.0"
204.48.19.85 - - [10/Jul/2021:09:57:52 -0400] "POST /wp-cron.php?doing_wp_cron=1625925472.5662379264831542968750 HTTP/1.1" 200 6245 "https://suncoastoutdoor.net/wp-cron.php?doing_wp_cron=1625925472.5662379264831542968750" "WordPress/5.7.2; https://suncoastoutdoor.net"
198.204.240.245 - - [10/Jul/2021:09:57:52 -0400] "GET /wp-login.php HTTP/1.1" 200 13769 "-" "Mozilla/5.0 (Macintosh; Intel Mac OS X 10_10_0) AppleWebKit/537.36 (KHTML, like Gecko) Chrome/36.0.1985.125 Safari/537.36"
198.204.240.245 - - [10/Jul/2021:09:57:53 -0400] "POST /wp-login.php HTTP/1.1" 200 8947 "-" "Mozilla/5.0 (Macintosh; Intel Mac OS X 10_10_0) AppleWebKit/537.36 (KHTML, like Gecko) Chrome/36.0.1985.125 Safari/537.36"
204.48.19.85 - - [10/Jul/2021:10:00:58 -0400] "POST /wp-cron.php?doing_wp_cron=1625925657.9987928867340087890625 HTTP/1.1" 200 6245 "https://suncoastoutdoor.net/wp-cron.php?doing_wp_cron=1625925657.9987928867340087890625" "WordPress/5.7.2; https://suncoastoutdoor.net"
107.150.59.243 - - [10/Jul/2021:10:00:57 -0400] "GET /wp-login.php HTTP/1.1" 200 13769 "-" "Mozilla/5.0 (Windows NT 6.1; rv:31.0) Gecko/20100101 Firefox/31.0"
107.150.59.243 - - [10/Jul/2021:10:00:58 -0400] "POST /wp-login.php HTTP/1.1" 200 8933 "-" "Mozilla/5.0 (Windows NT 6.1; rv:31.0) Gecko/20100101 Firefox/31.0"
204.48.19.85 - - [10/Jul/2021:10:04:03 -0400] "POST /wp-cron.php?doing_wp_cron=1625925843.1818079948425292968750 HTTP/1.1" 200 6229 "https://suncoastoutdoor.net/wp-cron.php?doing_wp_cron=1625925843.1818079948425292968750" "WordPress/5.7.2; https://suncoastoutdoor.net"
