159.203.115.159 - - [02/Jul/2021:00:25:14 -0400] "POST /wp-login.php HTTP/1.1" 200 8051 "-" "Mozilla/5.0 (Windows NT 6.1; WOW64) AppleWebKit/537.36 (KHTML, like Gecko) Chrome/47.0.2526.111 Safari/537.36"
204.48.19.85 - - [02/Jul/2021:00:25:15 -0400] "POST /wp-cron.php?doing_wp_cron=1625199915.1670939922332763671875 HTTP/1.1" 200 5422 "https://suncoastoutdoor.net/wp-cron.php?doing_wp_cron=1625199915.1670939922332763671875" "WordPress/5.7.2; https://suncoastoutdoor.net"
134.249.101.234 - - [02/Jul/2021:00:25:43 -0400] "POST /wp-login.php HTTP/1.1" 200 8053 "-" "Mozilla/5.0 (Windows NT 10.0; Win64; x64) AppleWebKit/537.36 (KHTML, like Gecko) Chrome/78.0.3904.70 Safari/537.36"
54.36.148.89 - - [02/Jul/2021:00:39:16 -0400] "GET /robots.txt HTTP/1.1" 301 550 "-" "Mozilla/5.0 (compatible; AhrefsBot/7.0; +http://ahrefs.com/robot/)"
54.36.148.89 - - [02/Jul/2021:00:39:17 -0400] "GET /robots.txt HTTP/1.1" 404 5731 "-" "Mozilla/5.0 (compatible; AhrefsBot/7.0; +http://ahrefs.com/robot/)"
54.36.149.42 - - [02/Jul/2021:00:39:17 -0400] "GET / HTTP/1.1" 301 530 "-" "Mozilla/5.0 (compatible; AhrefsBot/7.0; +http://ahrefs.com/robot/)"
204.48.19.85 - - [02/Jul/2021:00:40:28 -0400] "POST /wp-cron.php?doing_wp_cron=1625200828.9289720058441162109375 HTTP/1.1" 200 5454 "https://suncoastoutdoor.net/wp-cron.php?doing_wp_cron=1625200828.9289720058441162109375" "WordPress/5.7.2; https://suncoastoutdoor.net"
188.166.94.198 - - [02/Jul/2021:00:40:28 -0400] "POST /wp-login.php HTTP/1.1" 200 8021 "-" "Mozilla/5.0 (Windows NT 6.1; WOW64) AppleWebKit/537.36 (KHTML, like Gecko) Chrome/51.0.2704.106 Safari/537.36"
204.48.19.85 - - [02/Jul/2021:00:48:13 -0400] "POST /wp-cron.php?doing_wp_cron=1625201293.4841361045837402343750 HTTP/1.1" 200 5438 "https://suncoastoutdoor.net/wp-cron.php?doing_wp_cron=1625201293.4841361045837402343750" "WordPress/5.7.2; https://suncoastoutdoor.net"
142.93.105.158 - - [02/Jul/2021:00:48:13 -0400] "POST /wp-login.php HTTP/1.1" 200 8021 "-" "Mozilla/5.0 (Windows NT 10.0; Win64; x64) AppleWebKit/537.36 (KHTML, like Gecko) Chrome/86.0.4240.193 Safari/537.36"
204.48.19.85 - - [02/Jul/2021:00:48:52 -0400] "POST /wp-cron.php?doing_wp_cron=1625201332.2161910533905029296875 HTTP/1.1" 200 5454 "https://suncoastoutdoor.net/wp-cron.php?doing_wp_cron=1625201332.2161910533905029296875" "WordPress/5.7.2; https://suncoastoutdoor.net"
162.144.41.156 - - [02/Jul/2021:00:48:51 -0400] "GET /wp-login.php HTTP/1.1" 200 7225 "-" "Mozilla/5.0 (X11; Ubuntu; Linux x86_64; rv:62.0) Gecko/20100101 Firefox/62.0"
162.144.41.156 - - [02/Jul/2021:00:48:53 -0400] "POST /wp-login.php HTTP/1.1" 200 7348 "-" "Mozilla/5.0 (X11; Ubuntu; Linux x86_64; rv:62.0) Gecko/20100101 Firefox/62.0"
162.144.41.156 - - [02/Jul/2021:00:48:55 -0400] "GET /wp-login.php HTTP/1.1" 200 7225 "-" "Mozilla/5.0 (X11; Ubuntu; Linux x86_64; rv:62.0) Gecko/20100101 Firefox/62.0"
162.144.41.156 - - [02/Jul/2021:00:48:56 -0400] "POST /wp-login.php HTTP/1.1" 200 7326 "-" "Mozilla/5.0 (X11; Ubuntu; Linux x86_64; rv:62.0) Gecko/20100101 Firefox/62.0"
162.144.41.156 - - [02/Jul/2021:00:48:57 -0400] "POST /xmlrpc.php HTTP/1.1" 200 4979 "-" "Mozilla/5.0 (X11; Ubuntu; Linux x86_64; rv:62.0) Gecko/20100101 Firefox/62.0"
103.97.100.15 - - [02/Jul/2021:00:55:16 -0400] "GET /wp-admin/setup-config.php HTTP/1.1" 409 8070 "-" "Mozilla/5.0 (Windows NT 10.0; Win64; x64) AppleWebKit/537.36 (KHTML, like Gecko) Chrome/70.0.3538.77 Safari/537.36"
161.35.185.62 - - [02/Jul/2021:01:01:41 -0400] "GET / HTTP/1.0" 301 561 "-" "Mozilla/5.0 (compatible; NetcraftSurveyAgent/1.0; +info@netcraft.com)"
204.48.19.85 - - [02/Jul/2021:01:01:47 -0400] "POST /wp-cron.php?doing_wp_cron=1625202107.2216370105743408203125 HTTP/1.1" 200 5438 "https://suncoastoutdoor.net/wp-cron.php?doing_wp_cron=1625202107.2216370105743408203125" "WordPress/5.7.2; https://suncoastoutdoor.net"
161.35.185.62 - - [02/Jul/2021:01:01:46 -0400] "GET / HTTP/1.0" 301 5488 "-" "Mozilla/5.0 (compatible; NetcraftSurveyAgent/1.0; +info@netcraft.com)"
204.48.19.85 - - [02/Jul/2021:01:01:53 -0400] "POST /wp-cron.php?doing_wp_cron=1625202113.4740691184997558593750 HTTP/1.1" 200 5422 "https://suncoastoutdoor.net/wp-cron.php?doing_wp_cron=1625202113.4740691184997558593750" "WordPress/5.7.2; https://suncoastoutdoor.net"
161.35.185.62 - - [02/Jul/2021:01:01:53 -0400] "GET / HTTP/1.0" 200 129016 "-" "Mozilla/5.0 (compatible; NetcraftSurveyAgent/1.0; +info@netcraft.com)"
204.48.19.85 - - [02/Jul/2021:01:04:51 -0400] "POST /wp-cron.php?doing_wp_cron=1625202291.7431559562683105468750 HTTP/1.1" 200 5422 "https://suncoastoutdoor.net/wp-cron.php?doing_wp_cron=1625202291.7431559562683105468750" "WordPress/5.7.2; https://suncoastoutdoor.net"
144.202.104.211 - - [02/Jul/2021:01:04:51 -0400] "POST /wp-login.php HTTP/1.1" 200 8051 "-" "Mozilla/5.0 (Windows NT 6.1; WOW64) AppleWebKit/537.36 (KHTML, like Gecko) Chrome/47.0.2526.111 Safari/537.36 MVisionPlayer/1.0.0.0"
133.18.66.114 - - [02/Jul/2021:01:05:23 -0400] "POST /wp-login.php HTTP/1.1" 200 8053 "-" "Mozilla/5.0 (Windows NT 6.1; WOW64) AppleWebKit/537.36 (KHTML, like Gecko) Chrome/47.0.2526.111 Safari/537.36 MVisionPlayer/1.0.0.0"
204.48.19.85 - - [02/Jul/2021:01:12:39 -0400] "POST /wp-cron.php?doing_wp_cron=1625202759.5071260929107666015625 HTTP/1.1" 200 5454 "https://suncoastoutdoor.net/wp-cron.php?doing_wp_cron=1625202759.5071260929107666015625" "WordPress/5.7.2; https://suncoastoutdoor.net"
67.205.3.168 - - [02/Jul/2021:01:12:39 -0400] "GET /wp-login.php HTTP/1.1" 200 7225 "-" "Mozilla/5.0 (X11; Ubuntu; Linux x86_64; rv:62.0) Gecko/20100101 Firefox/62.0"
67.205.3.168 - - [02/Jul/2021:01:12:40 -0400] "POST /wp-login.php HTTP/1.1" 200 7348 "-" "Mozilla/5.0 (X11; Ubuntu; Linux x86_64; rv:62.0) Gecko/20100101 Firefox/62.0"
67.205.3.168 - - [02/Jul/2021:01:12:40 -0400] "GET /wp-login.php HTTP/1.1" 200 7225 "-" "Mozilla/5.0 (X11; Ubuntu; Linux x86_64; rv:62.0) Gecko/20100101 Firefox/62.0"
67.205.3.168 - - [02/Jul/2021:01:12:41 -0400] "POST /wp-login.php HTTP/1.1" 200 7326 "-" "Mozilla/5.0 (X11; Ubuntu; Linux x86_64; rv:62.0) Gecko/20100101 Firefox/62.0"
67.205.3.168 - - [02/Jul/2021:01:12:41 -0400] "POST /xmlrpc.php HTTP/1.1" 200 4979 "-" "Mozilla/5.0 (X11; Ubuntu; Linux x86_64; rv:62.0) Gecko/20100101 Firefox/62.0"
204.48.19.85 - - [02/Jul/2021:01:38:17 -0400] "POST /wp-cron.php?doing_wp_cron=1625204297.9412930011749267578125 HTTP/1.1" 200 5454 "https://suncoastoutdoor.net/wp-cron.php?doing_wp_cron=1625204297.9412930011749267578125" "WordPress/5.7.2; https://suncoastoutdoor.net"
69.163.224.11 - - [02/Jul/2021:01:38:17 -0400] "GET /wp-login.php HTTP/1.1" 200 7225 "-" "Mozilla/5.0 (X11; Ubuntu; Linux x86_64; rv:62.0) Gecko/20100101 Firefox/62.0"
69.163.224.11 - - [02/Jul/2021:01:38:18 -0400] "POST /wp-login.php HTTP/1.1" 200 7348 "-" "Mozilla/5.0 (X11; Ubuntu; Linux x86_64; rv:62.0) Gecko/20100101 Firefox/62.0"
69.163.224.11 - - [02/Jul/2021:01:38:19 -0400] "GET /wp-login.php HTTP/1.1" 200 7225 "-" "Mozilla/5.0 (X11; Ubuntu; Linux x86_64; rv:62.0) Gecko/20100101 Firefox/62.0"
69.163.224.11 - - [02/Jul/2021:01:38:20 -0400] "POST /wp-login.php HTTP/1.1" 200 7350 "-" "Mozilla/5.0 (X11; Ubuntu; Linux x86_64; rv:62.0) Gecko/20100101 Firefox/62.0"
69.163.224.11 - - [02/Jul/2021:01:38:21 -0400] "POST /xmlrpc.php HTTP/1.1" 200 4979 "-" "Mozilla/5.0 (X11; Ubuntu; Linux x86_64; rv:62.0) Gecko/20100101 Firefox/62.0"
204.48.19.85 - - [02/Jul/2021:01:43:40 -0400] "POST /wp-cron.php?doing_wp_cron=1625204620.1751139163970947265625 HTTP/1.1" 200 5438 "https://suncoastoutdoor.net/wp-cron.php?doing_wp_cron=1625204620.1751139163970947265625" "WordPress/5.7.2; https://suncoastoutdoor.net"
51.132.4.32 - - [02/Jul/2021:01:43:39 -0400] "POST /wp-login.php HTTP/1.1" 200 8021 "-" "Mozilla/5.0 (Windows NT 6.1; WOW64) AppleWebKit/537.36 (KHTML, like Gecko) Chrome/63.0.3239.132 Safari/537.36"
204.48.19.85 - - [02/Jul/2021:01:51:31 -0400] "POST /wp-cron.php?doing_wp_cron=1625205091.0345180034637451171875 HTTP/1.1" 200 5438 "https://suncoastoutdoor.net/wp-cron.php?doing_wp_cron=1625205091.0345180034637451171875" "WordPress/5.7.2; https://suncoastoutdoor.net"
193.112.127.112 - - [02/Jul/2021:01:51:30 -0400] "POST /wp-login.php HTTP/1.1" 200 8021 "-" "Mozilla/5.0 (Windows NT 6.3; Win64; x64) AppleWebKit/537.36 (KHTML, like Gecko) Chrome/67.0.3396.99 Safari/537.36"
204.48.19.85 - - [02/Jul/2021:01:52:01 -0400] "POST /wp-cron.php?doing_wp_cron=1625205121.3214750289916992187500 HTTP/1.1" 200 5454 "https://suncoastoutdoor.net/wp-cron.php?doing_wp_cron=1625205121.3214750289916992187500" "WordPress/5.7.2; https://suncoastoutdoor.net"
103.139.202.83 - - [02/Jul/2021:01:52:00 -0400] "POST /wp-login.php HTTP/1.1" 200 8053 "-" "Mozilla/5.0 (Windows NT 6.1; Win64; x64) AppleWebKit/537.36 (KHTML, like Gecko) Chrome/67.0.3396.87 Safari/537.36"
204.48.19.85 - - [02/Jul/2021:02:06:50 -0400] "POST /wp-cron.php?doing_wp_cron=1625206010.1207499504089355468750 HTTP/1.1" 200 5438 "https://suncoastoutdoor.net/wp-cron.php?doing_wp_cron=1625206010.1207499504089355468750" "WordPress/5.7.2; https://suncoastoutdoor.net"
173.236.152.148 - - [02/Jul/2021:02:06:49 -0400] "GET /wp-login.php HTTP/1.1" 200 7225 "-" "Mozilla/5.0 (X11; Ubuntu; Linux x86_64; rv:62.0) Gecko/20100101 Firefox/62.0"
173.236.152.148 - - [02/Jul/2021:02:06:50 -0400] "POST /wp-login.php HTTP/1.1" 200 7348 "-" "Mozilla/5.0 (X11; Ubuntu; Linux x86_64; rv:62.0) Gecko/20100101 Firefox/62.0"
173.236.152.148 - - [02/Jul/2021:02:06:51 -0400] "GET /wp-login.php HTTP/1.1" 200 7225 "-" "Mozilla/5.0 (X11; Ubuntu; Linux x86_64; rv:62.0) Gecko/20100101 Firefox/62.0"
173.236.152.148 - - [02/Jul/2021:02:06:51 -0400] "POST /wp-login.php HTTP/1.1" 200 7350 "-" "Mozilla/5.0 (X11; Ubuntu; Linux x86_64; rv:62.0) Gecko/20100101 Firefox/62.0"
173.236.152.148 - - [02/Jul/2021:02:06:52 -0400] "POST /xmlrpc.php HTTP/1.1" 200 4979 "-" "Mozilla/5.0 (X11; Ubuntu; Linux x86_64; rv:62.0) Gecko/20100101 Firefox/62.0"
204.48.19.85 - - [02/Jul/2021:02:34:05 -0400] "POST /wp-cron.php?doing_wp_cron=1625207645.1045999526977539062500 HTTP/1.1" 200 5454 "https://suncoastoutdoor.net/wp-cron.php?doing_wp_cron=1625207645.1045999526977539062500" "WordPress/5.7.2; https://suncoastoutdoor.net"
82.165.111.93 - - [02/Jul/2021:02:34:04 -0400] "POST /wp-login.php HTTP/1.1" 200 8051 "-" "Mozilla/5.0 (Windows NT 6.1; WOW64) AppleWebKit/537.36 (KHTML, like Gecko) Chrome/48.0.2564.109 Safari/537.36"
204.48.19.85 - - [02/Jul/2021:02:34:50 -0400] "POST /wp-cron.php?doing_wp_cron=1625207690.3856389522552490234375 HTTP/1.1" 200 5438 "https://suncoastoutdoor.net/wp-cron.php?doing_wp_cron=1625207690.3856389522552490234375" "WordPress/5.7.2; https://suncoastoutdoor.net"
31.192.208.12 - - [02/Jul/2021:02:34:49 -0400] "POST /wp-login.php HTTP/1.1" 200 8053 "-" "Mozilla/5.0 (Windows NT 6.1; Win64; x64) AppleWebKit/537.36 (KHTML, like Gecko) Chrome/60.0.3112.113 Safari/537.36"
204.48.19.85 - - [02/Jul/2021:02:37:43 -0400] "POST /wp-cron.php?doing_wp_cron=1625207863.5081501007080078125000 HTTP/1.1" 200 5438 "https://suncoastoutdoor.net/wp-cron.php?doing_wp_cron=1625207863.5081501007080078125000" "WordPress/5.7.2; https://suncoastoutdoor.net"
103.1.239.107 - - [02/Jul/2021:02:37:43 -0400] "GET /wp-login.php HTTP/1.1" 200 7225 "-" "Mozilla/5.0 (X11; Ubuntu; Linux x86_64; rv:62.0) Gecko/20100101 Firefox/62.0"
103.1.239.107 - - [02/Jul/2021:02:37:45 -0400] "POST /wp-login.php HTTP/1.1" 200 7348 "-" "Mozilla/5.0 (X11; Ubuntu; Linux x86_64; rv:62.0) Gecko/20100101 Firefox/62.0"
103.1.239.107 - - [02/Jul/2021:02:37:46 -0400] "GET /wp-login.php HTTP/1.1" 200 7225 "-" "Mozilla/5.0 (X11; Ubuntu; Linux x86_64; rv:62.0) Gecko/20100101 Firefox/62.0"
204.48.19.85 - - [02/Jul/2021:02:37:48 -0400] "POST /wp-cron.php?doing_wp_cron=1625207868.8237550258636474609375 HTTP/1.1" 200 5438 "https://suncoastoutdoor.net/wp-cron.php?doing_wp_cron=1625207868.8237550258636474609375" "WordPress/5.7.2; https://suncoastoutdoor.net"
103.1.239.107 - - [02/Jul/2021:02:37:48 -0400] "POST /wp-login.php HTTP/1.1" 200 7350 "-" "Mozilla/5.0 (X11; Ubuntu; Linux x86_64; rv:62.0) Gecko/20100101 Firefox/62.0"
103.1.239.107 - - [02/Jul/2021:02:37:50 -0400] "POST /xmlrpc.php HTTP/1.1" 200 4979 "-" "Mozilla/5.0 (X11; Ubuntu; Linux x86_64; rv:62.0) Gecko/20100101 Firefox/62.0"
170.83.179.225 - - [02/Jul/2021:02:40:38 -0400] "GET / HTTP/1.0" 301 549 "-" "Mozilla/5.0 (Macintosh; Intel Mac OS X 10_13_4) AppleWebKit/537.36 (KHTML, like Gecko) Chrome/61.0.3163.79 Safari/537.36"
204.48.19.85 - - [02/Jul/2021:02:40:43 -0400] "POST /wp-cron.php?doing_wp_cron=1625208043.3055489063262939453125 HTTP/1.1" 200 5438 "https://suncoastoutdoor.net/wp-cron.php?doing_wp_cron=1625208043.3055489063262939453125" "WordPress/5.7.2; https://suncoastoutdoor.net"
170.83.179.225 - - [02/Jul/2021:02:40:42 -0400] "GET / HTTP/1.0" 200 22225 "http://suncoastoutdoor.net" "Mozilla/5.0 (Macintosh; Intel Mac OS X 10_13_4) AppleWebKit/537.36 (KHTML, like Gecko) Chrome/61.0.3163.79 Safari/537.36"
204.48.19.85 - - [02/Jul/2021:02:40:52 -0400] "POST /wp-cron.php?doing_wp_cron=1625208052.5347421169281005859375 HTTP/1.1" 200 5438 "https://suncoastoutdoor.net/wp-cron.php?doing_wp_cron=1625208052.5347421169281005859375" "WordPress/5.7.2; https://suncoastoutdoor.net"
107.152.140.25 - - [02/Jul/2021:02:40:52 -0400] "GET /index.php/contact/ HTTP/1.0" 200 18633 "http://suncoastoutdoor.net" "Mozilla/5.0 (Macintosh; Intel Mac OS X 10_13_4) AppleWebKit/537.36 (KHTML, like Gecko) Chrome/61.0.3163.79 Safari/537.36"
107.152.140.25 - - [02/Jul/2021:02:41:01 -0400] "GET /wp-content/plugins/contact-form-7/includes/js/index.js?ver=5.4 HTTP/1.0" 200 8395 "https://suncoastoutdoor.net/" "Mozilla/5.0 (Macintosh; Intel Mac OS X 10_13_4) AppleWebKit/537.36 (KHTML, like Gecko) Chrome/61.0.3163.79 Safari/537.36"
107.152.140.25 - - [02/Jul/2021:02:41:08 -0400] "POST /index.php/wp-json/contact-form-7/v1/contact-forms/2732/feedback HTTP/1.0" 200 5628 "https://suncoastoutdoor.net/index.php/contact/" "Mozilla/5.0 (Macintosh; Intel Mac OS X 10_13_4) AppleWebKit/537.36 (KHTML, like Gecko) Chrome/61.0.3163.79 Safari/537.36"
185.220.101.2 - - [02/Jul/2021:02:44:34 -0400] "POST /xmlrpc.php HTTP/1.0" 301 606 "-" "Mozilla/5.0 (Macintosh; Intel Mac OS X 11_2_0) AppleWebKit/537.36 (KHTML, like Gecko) Chrome/88.0.4324.150 Safari/537.36"
204.48.19.85 - - [02/Jul/2021:02:44:37 -0400] "POST /wp-cron.php?doing_wp_cron=1625208277.2128920555114746093750 HTTP/1.1" 200 5438 "https://suncoastoutdoor.net/wp-cron.php?doing_wp_cron=1625208277.2128920555114746093750" "WordPress/5.7.2; https://suncoastoutdoor.net"
185.220.101.2 - - [02/Jul/2021:02:44:36 -0400] "POST /xmlrpc.php HTTP/1.0" 403 5329 "-" "Mozilla/5.0 (Macintosh; Intel Mac OS X 11_2_0) AppleWebKit/537.36 (KHTML, like Gecko) Chrome/88.0.4324.150 Safari/537.36"
204.48.19.85 - - [02/Jul/2021:02:47:50 -0400] "POST /wp-cron.php?doing_wp_cron=1625208470.6406850814819335937500 HTTP/1.1" 200 5454 "https://suncoastoutdoor.net/wp-cron.php?doing_wp_cron=1625208470.6406850814819335937500" "WordPress/5.7.2; https://suncoastoutdoor.net"
202.189.180.66 - - [02/Jul/2021:02:47:50 -0400] "POST /wp-login.php HTTP/1.1" 200 8021 "-" "Mozilla/5.0 (Windows NT 6.1; WOW64) AppleWebKit/537.36 (KHTML, like Gecko) Chrome/47.0.2526.111 Safari/537.36"
204.48.19.85 - - [02/Jul/2021:02:55:50 -0400] "POST /wp-cron.php?doing_wp_cron=1625208950.3780789375305175781250 HTTP/1.1" 200 5422 "https://suncoastoutdoor.net/wp-cron.php?doing_wp_cron=1625208950.3780789375305175781250" "WordPress/5.7.2; https://suncoastoutdoor.net"
180.76.185.20 - - [02/Jul/2021:02:55:49 -0400] "POST /wp-login.php HTTP/1.1" 200 8021 "-" "Mozilla/5.0 (Windows NT 10.0; Win64; x64) AppleWebKit/537.36 (KHTML, like Gecko) Chrome/54.0.2840.99 Safari/537.36"
204.48.19.85 - - [02/Jul/2021:02:57:17 -0400] "POST /wp-cron.php?doing_wp_cron=1625209037.0483260154724121093750 HTTP/1.1" 200 5454 "https://suncoastoutdoor.net/wp-cron.php?doing_wp_cron=1625209037.0483260154724121093750" "WordPress/5.7.2; https://suncoastoutdoor.net"
172.83.43.138 - - [02/Jul/2021:02:57:16 -0400] "GET /index.php/contact/ HTTP/1.1" 200 18663 "-" "Mozilla/5.0 (Macintosh; Intel Mac OS X 10_13_4) AppleWebKit/537.36 (KHTML, like Gecko) Chrome/61.0.3163.79 Safari/537.36"
172.83.43.138 - - [02/Jul/2021:02:57:17 -0400] "GET /wp-content/plugins/contact-form-7/includes/js/index.js?ver=5.4 HTTP/1.1" 200 8432 "https://suncoastoutdoor.net/" "Mozilla/5.0 (Macintosh; Intel Mac OS X 10_13_4) AppleWebKit/537.36 (KHTML, like Gecko) Chrome/61.0.3163.79 Safari/537.36"
172.83.43.138 - - [02/Jul/2021:02:57:22 -0400] "POST /index.php/wp-json/contact-form-7/v1/contact-forms/2732/feedback HTTP/1.1" 200 5665 "https://suncoastoutdoor.net/index.php/contact/" "Mozilla/5.0 (Macintosh; Intel Mac OS X 10_13_4) AppleWebKit/537.36 (KHTML, like Gecko) Chrome/61.0.3163.79 Safari/537.36"
204.48.19.85 - - [02/Jul/2021:03:07:02 -0400] "POST /wp-cron.php?doing_wp_cron=1625209621.9949009418487548828125 HTTP/1.1" 200 5438 "https://suncoastoutdoor.net/wp-cron.php?doing_wp_cron=1625209621.9949009418487548828125" "WordPress/5.7.2; https://suncoastoutdoor.net"
80.88.88.149 - - [02/Jul/2021:03:07:01 -0400] "GET /wp-login.php HTTP/1.1" 200 7225 "-" "Mozilla/5.0 (X11; Ubuntu; Linux x86_64; rv:62.0) Gecko/20100101 Firefox/62.0"
80.88.88.149 - - [02/Jul/2021:03:07:03 -0400] "POST /wp-login.php HTTP/1.1" 200 7348 "-" "Mozilla/5.0 (X11; Ubuntu; Linux x86_64; rv:62.0) Gecko/20100101 Firefox/62.0"
80.88.88.149 - - [02/Jul/2021:03:07:04 -0400] "GET /wp-login.php HTTP/1.1" 200 7225 "-" "Mozilla/5.0 (X11; Ubuntu; Linux x86_64; rv:62.0) Gecko/20100101 Firefox/62.0"
80.88.88.149 - - [02/Jul/2021:03:07:04 -0400] "POST /wp-login.php HTTP/1.1" 200 7350 "-" "Mozilla/5.0 (X11; Ubuntu; Linux x86_64; rv:62.0) Gecko/20100101 Firefox/62.0"
80.88.88.149 - - [02/Jul/2021:03:07:05 -0400] "POST /xmlrpc.php HTTP/1.1" 200 4979 "-" "Mozilla/5.0 (X11; Ubuntu; Linux x86_64; rv:62.0) Gecko/20100101 Firefox/62.0"
204.48.19.85 - - [02/Jul/2021:03:18:52 -0400] "POST /wp-cron.php?doing_wp_cron=1625210332.5057311058044433593750 HTTP/1.1" 200 5422 "https://suncoastoutdoor.net/wp-cron.php?doing_wp_cron=1625210332.5057311058044433593750" "WordPress/5.7.2; https://suncoastoutdoor.net"
176.126.165.71 - - [02/Jul/2021:03:18:52 -0400] "POST /wp-login.php HTTP/1.1" 200 8051 "-" "Mozilla/5.0 (Windows NT 10.0; Win64; x64) AppleWebKit/537.36 (KHTML, like Gecko) Chrome/72.0.3626.109 Safari/537.36"
35.185.20.113 - - [02/Jul/2021:03:19:38 -0400] "POST /wp-login.php HTTP/1.1" 200 8053 "-" "Mozilla/5.0 (Windows NT 10.0; WOW64) AppleWebKit/537.36 (KHTML, like Gecko) Chrome/56.0.2924.87 Safari/537.36"
204.48.19.85 - - [02/Jul/2021:03:39:43 -0400] "POST /wp-cron.php?doing_wp_cron=1625211583.8242919445037841796875 HTTP/1.1" 200 5454 "https://suncoastoutdoor.net/wp-cron.php?doing_wp_cron=1625211583.8242919445037841796875" "WordPress/5.7.2; https://suncoastoutdoor.net"
178.62.77.224 - - [02/Jul/2021:03:39:43 -0400] "GET /wp-login.php HTTP/1.1" 200 7225 "-" "Mozilla/5.0 (X11; Ubuntu; Linux x86_64; rv:62.0) Gecko/20100101 Firefox/62.0"
178.62.77.224 - - [02/Jul/2021:03:39:44 -0400] "POST /wp-login.php HTTP/1.1" 200 7348 "-" "Mozilla/5.0 (X11; Ubuntu; Linux x86_64; rv:62.0) Gecko/20100101 Firefox/62.0"
178.62.77.224 - - [02/Jul/2021:03:39:45 -0400] "GET /wp-login.php HTTP/1.1" 200 7225 "-" "Mozilla/5.0 (X11; Ubuntu; Linux x86_64; rv:62.0) Gecko/20100101 Firefox/62.0"
178.62.77.224 - - [02/Jul/2021:03:39:46 -0400] "POST /wp-login.php HTTP/1.1" 200 7326 "-" "Mozilla/5.0 (X11; Ubuntu; Linux x86_64; rv:62.0) Gecko/20100101 Firefox/62.0"
204.48.19.85 - - [02/Jul/2021:03:39:48 -0400] "POST /wp-cron.php?doing_wp_cron=1625211588.1166019439697265625000 HTTP/1.1" 200 5438 "https://suncoastoutdoor.net/wp-cron.php?doing_wp_cron=1625211588.1166019439697265625000" "WordPress/5.7.2; https://suncoastoutdoor.net"
178.62.77.224 - - [02/Jul/2021:03:39:47 -0400] "POST /xmlrpc.php HTTP/1.1" 200 4979 "-" "Mozilla/5.0 (X11; Ubuntu; Linux x86_64; rv:62.0) Gecko/20100101 Firefox/62.0"
34.222.81.29 - - [02/Jul/2021:03:44:34 -0400] "GET / HTTP/1.1" 301 530 "-" "Mozilla/5.0 (X11; Linux x86_64) AppleWebKit/537.36 (KHTML, like Gecko) Chrome/83.0.4103.97 Safari/537.36"
204.48.19.85 - - [02/Jul/2021:03:44:41 -0400] "POST /wp-cron.php?doing_wp_cron=1625211881.9289200305938720703125 HTTP/1.1" 200 5438 "https://suncoastoutdoor.net/wp-cron.php?doing_wp_cron=1625211881.9289200305938720703125" "WordPress/5.7.2; https://suncoastoutdoor.net"
34.222.81.29 - - [02/Jul/2021:03:44:41 -0400] "GET / HTTP/1.1" 200 22655 "-" "Mozilla/5.0 (X11; Linux x86_64) AppleWebKit/537.36 (KHTML, like Gecko) Chrome/83.0.4103.97 Safari/537.36"
54.213.231.32 - - [02/Jul/2021:03:45:17 -0400] "GET /favicon.ico HTTP/1.1" 301 552 "-" "Mozilla/5.0 (X11; Linux x86_64) AppleWebKit/537.36 (KHTML, like Gecko) Chrome/83.0.4103.97 Safari/537.36"
54.213.231.32 - - [02/Jul/2021:03:45:22 -0400] "GET / HTTP/1.1" 301 530 "-" "Mozilla/5.0 (X11; Linux x86_64) AppleWebKit/537.36 (KHTML, like Gecko) Chrome/83.0.4103.97 Safari/537.36"
204.48.19.85 - - [02/Jul/2021:03:52:55 -0400] "POST /wp-cron.php?doing_wp_cron=1625212375.4162011146545410156250 HTTP/1.1" 200 5438 "https://suncoastoutdoor.net/wp-cron.php?doing_wp_cron=1625212375.4162011146545410156250" "WordPress/5.7.2; https://suncoastoutdoor.net"
49.232.109.167 - - [02/Jul/2021:03:52:54 -0400] "POST /wp-login.php HTTP/1.1" 200 8021 "-" "Mozilla/5.0 (Windows NT 6.1; Win64; x64) AppleWebKit/537.36 (KHTML, like Gecko) Chrome/81.0.4044.122 Safari/537.36"
204.48.19.85 - - [02/Jul/2021:04:00:53 -0400] "POST /wp-cron.php?doing_wp_cron=1625212853.1573829650878906250000 HTTP/1.1" 200 5454 "https://suncoastoutdoor.net/wp-cron.php?doing_wp_cron=1625212853.1573829650878906250000" "WordPress/5.7.2; https://suncoastoutdoor.net"
47.101.205.201 - - [02/Jul/2021:04:00:52 -0400] "POST /wp-login.php HTTP/1.1" 200 8021 "-" "Mozilla/5.0 (Windows NT 10.0; WOW64) AppleWebKit/537.36 (KHTML, like Gecko) Chrome/53.0.2785.143 Safari/537.36"
204.48.19.85 - - [02/Jul/2021:04:06:00 -0400] "POST /wp-cron.php?doing_wp_cron=1625213160.4503409862518310546875 HTTP/1.1" 200 5422 "https://suncoastoutdoor.net/wp-cron.php?doing_wp_cron=1625213160.4503409862518310546875" "WordPress/5.7.2; https://suncoastoutdoor.net"
167.114.98.212 - - [02/Jul/2021:04:05:59 -0400] "POST /wp-login.php HTTP/1.1" 200 8053 "-" "Mozilla/5.0 (Windows NT 10.0; WOW64) AppleWebKit/537.36 (KHTML, like Gecko) Chrome/53.0.2785.143 Safari/537.36"
45.144.29.40 - - [02/Jul/2021:04:06:37 -0400] "GET / HTTP/1.1" 200 22011 "-" "Mozilla/5.0 (Windows NT 10.0; Win64; x64) AppleWebKit/537.36 (KHTML, like Gecko) Chrome/89.0.4389.82 Safari/537.36"
204.48.19.85 - - [02/Jul/2021:04:12:56 -0400] "POST /wp-cron.php?doing_wp_cron=1625213576.4891920089721679687500 HTTP/1.1" 200 5422 "https://suncoastoutdoor.net/wp-cron.php?doing_wp_cron=1625213576.4891920089721679687500" "WordPress/5.7.2; https://suncoastoutdoor.net"
112.196.72.188 - - [02/Jul/2021:04:12:56 -0400] "GET /wp-login.php HTTP/1.1" 200 7225 "-" "Mozilla/5.0 (X11; Ubuntu; Linux x86_64; rv:62.0) Gecko/20100101 Firefox/62.0"
112.196.72.188 - - [02/Jul/2021:04:12:58 -0400] "POST /wp-login.php HTTP/1.1" 200 7348 "-" "Mozilla/5.0 (X11; Ubuntu; Linux x86_64; rv:62.0) Gecko/20100101 Firefox/62.0"
112.196.72.188 - - [02/Jul/2021:04:12:59 -0400] "GET /wp-login.php HTTP/1.1" 200 7225 "-" "Mozilla/5.0 (X11; Ubuntu; Linux x86_64; rv:62.0) Gecko/20100101 Firefox/62.0"
112.196.72.188 - - [02/Jul/2021:04:13:00 -0400] "POST /wp-login.php HTTP/1.1" 200 7326 "-" "Mozilla/5.0 (X11; Ubuntu; Linux x86_64; rv:62.0) Gecko/20100101 Firefox/62.0"
112.196.72.188 - - [02/Jul/2021:04:13:02 -0400] "POST /xmlrpc.php HTTP/1.1" 200 4979 "-" "Mozilla/5.0 (X11; Ubuntu; Linux x86_64; rv:62.0) Gecko/20100101 Firefox/62.0"
204.48.19.85 - - [02/Jul/2021:04:15:02 -0400] "POST /wp-cron.php?doing_wp_cron=1625213702.0681869983673095703125 HTTP/1.1" 200 5438 "https://suncoastoutdoor.net/wp-cron.php?doing_wp_cron=1625213702.0681869983673095703125" "WordPress/5.7.2; https://suncoastoutdoor.net"
52.41.123.182 - - [02/Jul/2021:04:15:01 -0400] "GET / HTTP/1.1" 200 22655 "-" "Mozilla/5.0 (X11; Linux x86_64) AppleWebKit/537.36 (KHTML, like Gecko) Chrome/83.0.4103.97 Safari/537.36"
34.221.240.149 - - [02/Jul/2021:04:15:28 -0400] "GET /favicon.ico HTTP/1.1" 404 5684 "-" "Mozilla/5.0 (X11; Linux x86_64) AppleWebKit/537.36 (KHTML, like Gecko) Chrome/83.0.4103.97 Safari/537.36"
34.221.240.149 - - [02/Jul/2021:04:15:34 -0400] "GET / HTTP/1.1" 200 22643 "-" "Mozilla/5.0 (X11; Linux x86_64) AppleWebKit/537.36 (KHTML, like Gecko) Chrome/83.0.4103.97 Safari/537.36"
34.221.240.149 - - [02/Jul/2021:04:15:35 -0400] "GET /wp-content/uploads/2020/10/suncoastoutdoor_favicon.png HTTP/1.1" 200 3470 "-" "Go-http-client/1.1"
204.48.19.85 - - [02/Jul/2021:04:34:29 -0400] "POST /wp-cron.php?doing_wp_cron=1625214869.7769479751586914062500 HTTP/1.1" 200 5438 "https://suncoastoutdoor.net/wp-cron.php?doing_wp_cron=1625214869.7769479751586914062500" "WordPress/5.7.2; https://suncoastoutdoor.net"
35.232.157.59 - - [02/Jul/2021:04:34:29 -0400] "POST /wp-login.php HTTP/1.1" 200 8051 "-" "Mozilla/5.0 (Windows NT 6.1; WOW64) AppleWebKit/537.36 (KHTML, like Gecko) Chrome/63.0.3239.132 Safari/537.36"
204.48.19.85 - - [02/Jul/2021:04:46:17 -0400] "POST /wp-cron.php?doing_wp_cron=1625215577.5968720912933349609375 HTTP/1.1" 200 5422 "https://suncoastoutdoor.net/wp-cron.php?doing_wp_cron=1625215577.5968720912933349609375" "WordPress/5.7.2; https://suncoastoutdoor.net"
139.59.25.246 - - [02/Jul/2021:04:46:16 -0400] "GET /wp-login.php HTTP/1.1" 200 7225 "-" "Mozilla/5.0 (X11; Ubuntu; Linux x86_64; rv:62.0) Gecko/20100101 Firefox/62.0"
139.59.25.246 - - [02/Jul/2021:04:46:19 -0400] "POST /wp-login.php HTTP/1.1" 200 7348 "-" "Mozilla/5.0 (X11; Ubuntu; Linux x86_64; rv:62.0) Gecko/20100101 Firefox/62.0"
139.59.25.246 - - [02/Jul/2021:04:46:21 -0400] "GET /wp-login.php HTTP/1.1" 200 7225 "-" "Mozilla/5.0 (X11; Ubuntu; Linux x86_64; rv:62.0) Gecko/20100101 Firefox/62.0"
139.59.25.246 - - [02/Jul/2021:04:46:22 -0400] "POST /wp-login.php HTTP/1.1" 200 7326 "-" "Mozilla/5.0 (X11; Ubuntu; Linux x86_64; rv:62.0) Gecko/20100101 Firefox/62.0"
139.59.25.246 - - [02/Jul/2021:04:46:24 -0400] "POST /xmlrpc.php HTTP/1.1" 200 4979 "-" "Mozilla/5.0 (X11; Ubuntu; Linux x86_64; rv:62.0) Gecko/20100101 Firefox/62.0"
204.48.19.85 - - [02/Jul/2021:04:57:02 -0400] "POST /wp-cron.php?doing_wp_cron=1625216222.7627708911895751953125 HTTP/1.1" 200 5422 "https://suncoastoutdoor.net/wp-cron.php?doing_wp_cron=1625216222.7627708911895751953125" "WordPress/5.7.2; https://suncoastoutdoor.net"
51.132.4.32 - - [02/Jul/2021:04:57:02 -0400] "POST /wp-login.php HTTP/1.1" 200 8021 "-" "Mozilla/5.0 (Windows NT 6.1; WOW64) AppleWebKit/537.36 (KHTML, like Gecko) Chrome/36.0.1985.125 Safari/537.36"
204.48.19.85 - - [02/Jul/2021:05:05:01 -0400] "POST /wp-cron.php?doing_wp_cron=1625216701.3675270080566406250000 HTTP/1.1" 200 5438 "https://suncoastoutdoor.net/wp-cron.php?doing_wp_cron=1625216701.3675270080566406250000" "WordPress/5.7.2; https://suncoastoutdoor.net"
122.116.248.74 - - [02/Jul/2021:05:05:00 -0400] "POST /wp-login.php HTTP/1.1" 200 8021 "-" "Mozilla/5.0 (Windows NT 6.1; Win64; x64) AppleWebKit/537.36 (KHTML, like Gecko) Chrome/60.0.3112.113 Safari/537.36"
204.48.19.85 - - [02/Jul/2021:05:19:38 -0400] "POST /wp-cron.php?doing_wp_cron=1625217578.3502790927886962890625 HTTP/1.1" 200 5422 "https://suncoastoutdoor.net/wp-cron.php?doing_wp_cron=1625217578.3502790927886962890625" "WordPress/5.7.2; https://suncoastoutdoor.net"
82.66.57.157 - - [02/Jul/2021:05:19:37 -0400] "POST /wp-login.php HTTP/1.1" 200 8051 "-" "Mozilla/5.0 (Windows NT 6.1) AppleWebKit/537.36 (KHTML, like Gecko) Chrome/61.0.3163.100 Safari/537.36"
204.48.19.85 - - [02/Jul/2021:05:33:06 -0400] "POST /wp-cron.php?doing_wp_cron=1625218385.9919350147247314453125 HTTP/1.1" 200 5438 "https://suncoastoutdoor.net/wp-cron.php?doing_wp_cron=1625218385.9919350147247314453125" "WordPress/5.7.2; https://suncoastoutdoor.net"
35.233.23.228 - - [02/Jul/2021:05:33:05 -0400] "GET /wp-login.php HTTP/1.1" 200 7225 "-" "Mozilla/5.0 (X11; Ubuntu; Linux x86_64; rv:62.0) Gecko/20100101 Firefox/62.0"
35.233.23.228 - - [02/Jul/2021:05:33:07 -0400] "POST /wp-login.php HTTP/1.1" 200 7348 "-" "Mozilla/5.0 (X11; Ubuntu; Linux x86_64; rv:62.0) Gecko/20100101 Firefox/62.0"
35.233.23.228 - - [02/Jul/2021:05:33:07 -0400] "GET /wp-login.php HTTP/1.1" 200 7225 "-" "Mozilla/5.0 (X11; Ubuntu; Linux x86_64; rv:62.0) Gecko/20100101 Firefox/62.0"
35.233.23.228 - - [02/Jul/2021:05:33:08 -0400] "POST /wp-login.php HTTP/1.1" 200 7326 "-" "Mozilla/5.0 (X11; Ubuntu; Linux x86_64; rv:62.0) Gecko/20100101 Firefox/62.0"
35.233.23.228 - - [02/Jul/2021:05:33:09 -0400] "POST /xmlrpc.php HTTP/1.1" 200 4979 "-" "Mozilla/5.0 (X11; Ubuntu; Linux x86_64; rv:62.0) Gecko/20100101 Firefox/62.0"
85.208.21.168 - - [02/Jul/2021:05:39:11 -0400] "GET / HTTP/1.1" 301 549 "-" "CATExplorador/1.0beta (sistemes at domini dot cat; http://domini.cat/catexplorador.html)"
204.48.19.85 - - [02/Jul/2021:05:39:12 -0400] "POST /wp-cron.php?doing_wp_cron=1625218752.2288069725036621093750 HTTP/1.1" 200 5422 "https://suncoastoutdoor.net/wp-cron.php?doing_wp_cron=1625218752.2288069725036621093750" "WordPress/5.7.2; https://suncoastoutdoor.net"
85.208.21.168 - - [02/Jul/2021:05:39:11 -0400] "GET / HTTP/1.1" 200 22247 "-" "CATExplorador/1.0beta (sistemes at domini dot cat; http://domini.cat/catexplorador.html)"
85.208.21.168 - - [02/Jul/2021:05:39:13 -0400] "GET / HTTP/1.1" 200 22243 "http://suncoastoutdoor.net" "CATExplorador/1.0beta (sistemes at domini dot cat; http://domini.cat/catexplorador.html)"
204.48.19.85 - - [02/Jul/2021:05:52:55 -0400] "POST /wp-cron.php?doing_wp_cron=1625219575.7985100746154785156250 HTTP/1.1" 200 5438 "https://suncoastoutdoor.net/wp-cron.php?doing_wp_cron=1625219575.7985100746154785156250" "WordPress/5.7.2; https://suncoastoutdoor.net"
5.23.51.236 - - [02/Jul/2021:05:52:55 -0400] "GET /wp-login.php HTTP/1.1" 200 7225 "-" "Mozilla/5.0 (X11; Ubuntu; Linux x86_64; rv:62.0) Gecko/20100101 Firefox/62.0"
5.23.51.236 - - [02/Jul/2021:05:52:56 -0400] "POST /wp-login.php HTTP/1.1" 200 7348 "-" "Mozilla/5.0 (X11; Ubuntu; Linux x86_64; rv:62.0) Gecko/20100101 Firefox/62.0"
5.23.51.236 - - [02/Jul/2021:05:52:57 -0400] "GET /wp-login.php HTTP/1.1" 200 7225 "-" "Mozilla/5.0 (X11; Ubuntu; Linux x86_64; rv:62.0) Gecko/20100101 Firefox/62.0"
5.23.51.236 - - [02/Jul/2021:05:52:58 -0400] "POST /wp-login.php HTTP/1.1" 200 7326 "-" "Mozilla/5.0 (X11; Ubuntu; Linux x86_64; rv:62.0) Gecko/20100101 Firefox/62.0"
5.23.51.236 - - [02/Jul/2021:05:52:59 -0400] "POST /xmlrpc.php HTTP/1.1" 200 4979 "-" "Mozilla/5.0 (X11; Ubuntu; Linux x86_64; rv:62.0) Gecko/20100101 Firefox/62.0"
204.48.19.85 - - [02/Jul/2021:05:58:18 -0400] "POST /wp-cron.php?doing_wp_cron=1625219898.8169779777526855468750 HTTP/1.1" 200 5438 "https://suncoastoutdoor.net/wp-cron.php?doing_wp_cron=1625219898.8169779777526855468750" "WordPress/5.7.2; https://suncoastoutdoor.net"
51.158.109.3 - - [02/Jul/2021:05:58:18 -0400] "GET / HTTP/1.1" 301 5469 "-" "-"
204.48.19.85 - - [02/Jul/2021:06:00:59 -0400] "POST /wp-cron.php?doing_wp_cron=1625220059.7508289813995361328125 HTTP/1.1" 200 5422 "https://suncoastoutdoor.net/wp-cron.php?doing_wp_cron=1625220059.7508289813995361328125" "WordPress/5.7.2; https://suncoastoutdoor.net"
117.50.90.31 - - [02/Jul/2021:06:00:59 -0400] "POST /wp-login.php HTTP/1.1" 200 8021 "-" "Mozilla/5.0 (Windows NT 6.3; Win64; x64) AppleWebKit/537.36 (KHTML, like Gecko) Chrome/65.0.3325.181 Safari/537.36"
204.48.19.85 - - [02/Jul/2021:06:02:50 -0400] "POST /wp-cron.php?doing_wp_cron=1625220170.3066849708557128906250 HTTP/1.1" 200 5438 "https://suncoastoutdoor.net/wp-cron.php?doing_wp_cron=1625220170.3066849708557128906250" "WordPress/5.7.2; https://suncoastoutdoor.net"
165.22.255.242 - - [02/Jul/2021:06:02:49 -0400] "POST /wp-login.php HTTP/1.1" 200 8051 "-" "Mozilla/5.0 (Windows NT 6.1; Win64; x64) AppleWebKit/537.36 (KHTML, like Gecko) Chrome/66.0.3359.117 Safari/537.36"
138.68.154.69 - - [02/Jul/2021:06:03:04 -0400] "POST /wp-login.php HTTP/1.1" 200 8053 "-" "Mozilla/5.0 (Windows NT 6.1; WOW64) AppleWebKit/537.36 (KHTML, like Gecko) Chrome/41.0.2272.101 Safari/537.36"
204.48.19.85 - - [02/Jul/2021:06:08:48 -0400] "POST /wp-cron.php?doing_wp_cron=1625220528.7244989871978759765625 HTTP/1.1" 200 5422 "https://suncoastoutdoor.net/wp-cron.php?doing_wp_cron=1625220528.7244989871978759765625" "WordPress/5.7.2; https://suncoastoutdoor.net"
81.88.52.157 - - [02/Jul/2021:06:08:48 -0400] "POST /wp-login.php HTTP/1.1" 200 8021 "-" "Mozilla/5.0 (Windows NT 6.1) AppleWebKit/537.36 (KHTML, like Gecko) Chrome/61.0.3163.100 Safari/537.36"
204.48.19.85 - - [02/Jul/2021:06:14:44 -0400] "POST /wp-cron.php?doing_wp_cron=1625220884.6355900764465332031250 HTTP/1.1" 200 5422 "https://suncoastoutdoor.net/wp-cron.php?doing_wp_cron=1625220884.6355900764465332031250" "WordPress/5.7.2; https://suncoastoutdoor.net"
103.75.184.188 - - [02/Jul/2021:06:14:44 -0400] "GET /wp-login.php HTTP/1.1" 200 7225 "-" "Mozilla/5.0 (X11; Ubuntu; Linux x86_64; rv:62.0) Gecko/20100101 Firefox/62.0"
103.75.184.188 - - [02/Jul/2021:06:14:46 -0400] "POST /wp-login.php HTTP/1.1" 200 7348 "-" "Mozilla/5.0 (X11; Ubuntu; Linux x86_64; rv:62.0) Gecko/20100101 Firefox/62.0"
204.48.19.85 - - [02/Jul/2021:06:14:48 -0400] "POST /wp-cron.php?doing_wp_cron=1625220888.5527229309082031250000 HTTP/1.1" 200 5454 "https://suncoastoutdoor.net/wp-cron.php?doing_wp_cron=1625220888.5527229309082031250000" "WordPress/5.7.2; https://suncoastoutdoor.net"
103.75.184.188 - - [02/Jul/2021:06:14:48 -0400] "GET /wp-login.php HTTP/1.1" 200 7225 "-" "Mozilla/5.0 (X11; Ubuntu; Linux x86_64; rv:62.0) Gecko/20100101 Firefox/62.0"
103.75.184.188 - - [02/Jul/2021:06:14:50 -0400] "POST /wp-login.php HTTP/1.1" 200 7326 "-" "Mozilla/5.0 (X11; Ubuntu; Linux x86_64; rv:62.0) Gecko/20100101 Firefox/62.0"
103.75.184.188 - - [02/Jul/2021:06:14:51 -0400] "POST /xmlrpc.php HTTP/1.1" 200 4979 "-" "Mozilla/5.0 (X11; Ubuntu; Linux x86_64; rv:62.0) Gecko/20100101 Firefox/62.0"
204.48.19.85 - - [02/Jul/2021:06:36:14 -0400] "POST /wp-cron.php?doing_wp_cron=1625222174.0874431133270263671875 HTTP/1.1" 200 5454 "https://suncoastoutdoor.net/wp-cron.php?doing_wp_cron=1625222174.0874431133270263671875" "WordPress/5.7.2; https://suncoastoutdoor.net"
91.238.162.176 - - [02/Jul/2021:06:36:13 -0400] "GET /wp-login.php HTTP/1.1" 200 7225 "-" "Mozilla/5.0 (X11; Ubuntu; Linux x86_64; rv:62.0) Gecko/20100101 Firefox/62.0"
91.238.162.176 - - [02/Jul/2021:06:36:14 -0400] "POST /wp-login.php HTTP/1.1" 200 7348 "-" "Mozilla/5.0 (X11; Ubuntu; Linux x86_64; rv:62.0) Gecko/20100101 Firefox/62.0"
91.238.162.176 - - [02/Jul/2021:06:36:15 -0400] "GET /wp-login.php HTTP/1.1" 200 7225 "-" "Mozilla/5.0 (X11; Ubuntu; Linux x86_64; rv:62.0) Gecko/20100101 Firefox/62.0"
91.238.162.176 - - [02/Jul/2021:06:36:16 -0400] "POST /wp-login.php HTTP/1.1" 200 7326 "-" "Mozilla/5.0 (X11; Ubuntu; Linux x86_64; rv:62.0) Gecko/20100101 Firefox/62.0"
91.238.162.176 - - [02/Jul/2021:06:36:17 -0400] "POST /xmlrpc.php HTTP/1.1" 200 4979 "-" "Mozilla/5.0 (X11; Ubuntu; Linux x86_64; rv:62.0) Gecko/20100101 Firefox/62.0"
204.48.19.85 - - [02/Jul/2021:06:48:09 -0400] "POST /wp-cron.php?doing_wp_cron=1625222889.9266390800476074218750 HTTP/1.1" 200 5438 "https://suncoastoutdoor.net/wp-cron.php?doing_wp_cron=1625222889.9266390800476074218750" "WordPress/5.7.2; https://suncoastoutdoor.net"
37.97.212.35 - - [02/Jul/2021:06:48:09 -0400] "POST /wp-login.php HTTP/1.1" 200 8051 "-" "Mozilla/5.0 (Windows NT 6.1; Win64; x64) AppleWebKit/537.36 (KHTML, like Gecko) Chrome/70.0.3538.67 Safari/537.36"
204.48.19.85 - - [02/Jul/2021:06:57:40 -0400] "POST /wp-cron.php?doing_wp_cron=1625223460.0464959144592285156250 HTTP/1.1" 200 5438 "https://suncoastoutdoor.net/wp-cron.php?doing_wp_cron=1625223460.0464959144592285156250" "WordPress/5.7.2; https://suncoastoutdoor.net"
75.119.211.21 - - [02/Jul/2021:06:57:39 -0400] "GET /wp-login.php HTTP/1.1" 200 7225 "-" "Mozilla/5.0 (X11; Ubuntu; Linux x86_64; rv:62.0) Gecko/20100101 Firefox/62.0"
75.119.211.21 - - [02/Jul/2021:06:57:40 -0400] "POST /wp-login.php HTTP/1.1" 200 7348 "-" "Mozilla/5.0 (X11; Ubuntu; Linux x86_64; rv:62.0) Gecko/20100101 Firefox/62.0"
75.119.211.21 - - [02/Jul/2021:06:57:41 -0400] "GET /wp-login.php HTTP/1.1" 200 7225 "-" "Mozilla/5.0 (X11; Ubuntu; Linux x86_64; rv:62.0) Gecko/20100101 Firefox/62.0"
75.119.211.21 - - [02/Jul/2021:06:57:42 -0400] "POST /wp-login.php HTTP/1.1" 200 7326 "-" "Mozilla/5.0 (X11; Ubuntu; Linux x86_64; rv:62.0) Gecko/20100101 Firefox/62.0"
75.119.211.21 - - [02/Jul/2021:06:57:43 -0400] "POST /xmlrpc.php HTTP/1.1" 200 4979 "-" "Mozilla/5.0 (X11; Ubuntu; Linux x86_64; rv:62.0) Gecko/20100101 Firefox/62.0"
103.81.84.152 - - [02/Jul/2021:07:03:03 -0400] "GET /wp-content/themes/distance-lite/languages/namespaces.php HTTP/1.1" 301 642 "http://simplesite.com" "Mozilla/5.0 (Windows; U; Windows NT 5.1; en-US) AppleWebKit/533.4 (KHTML, like Gecko) Chrome/5.0.375.99 Safari/533.4"
103.81.84.152 - - [02/Jul/2021:07:03:07 -0400] "GET /wp-content/themes/distance-lite/languages/namespaces.php HTTP/1.1" 404 5047 "http://suncoastoutdoor.net/wp-content/themes/distance-lite/languages/namespaces.php" "Mozilla/5.0 (Windows; U; Windows NT 5.1; en-US) AppleWebKit/533.4 (KHTML, like Gecko) Chrome/5.0.375.99 Safari/533.4"
204.48.19.85 - - [02/Jul/2021:07:03:43 -0400] "POST /wp-cron.php?doing_wp_cron=1625223823.4206008911132812500000 HTTP/1.1" 200 5438 "https://suncoastoutdoor.net/wp-cron.php?doing_wp_cron=1625223823.4206008911132812500000" "WordPress/5.7.2; https://suncoastoutdoor.net"
116.62.49.96 - - [02/Jul/2021:07:03:42 -0400] "POST /wp-login.php HTTP/1.1" 200 8021 "-" "Mozilla/5.0 (Windows NT 10.0; Win64; x64) AppleWebKit/537.36 (KHTML, like Gecko) Chrome/78.0.3904.70 Safari/537.36"
204.48.19.85 - - [02/Jul/2021:07:11:20 -0400] "POST /wp-cron.php?doing_wp_cron=1625224280.5364530086517333984375 HTTP/1.1" 200 5438 "https://suncoastoutdoor.net/wp-cron.php?doing_wp_cron=1625224280.5364530086517333984375" "WordPress/5.7.2; https://suncoastoutdoor.net"
81.88.52.154 - - [02/Jul/2021:07:11:20 -0400] "POST /wp-login.php HTTP/1.1" 200 8021 "-" "Mozilla/5.0 (Windows NT 10.0; WOW64) AppleWebKit/537.36 (KHTML, like Gecko) Chrome/79.0.3945.130 Safari/537.36"
204.48.19.85 - - [02/Jul/2021:07:20:28 -0400] "POST /wp-cron.php?doing_wp_cron=1625224828.8262228965759277343750 HTTP/1.1" 200 5438 "https://suncoastoutdoor.net/wp-cron.php?doing_wp_cron=1625224828.8262228965759277343750" "WordPress/5.7.2; https://suncoastoutdoor.net"
81.88.52.154 - - [02/Jul/2021:07:20:28 -0400] "POST /wp-login.php HTTP/1.1" 200 8051 "-" "Mozilla/5.0 (Windows NT 6.3; Win64; x64) AppleWebKit/537.36 (KHTML, like Gecko) Chrome/57.0.2987.133 Safari/537.36"
204.48.19.85 - - [02/Jul/2021:07:20:49 -0400] "POST /wp-cron.php?doing_wp_cron=1625224849.8080449104309082031250 HTTP/1.1" 200 5454 "https://suncoastoutdoor.net/wp-cron.php?doing_wp_cron=1625224849.8080449104309082031250" "WordPress/5.7.2; https://suncoastoutdoor.net"
148.66.145.140 - - [02/Jul/2021:07:20:49 -0400] "POST /wp-login.php HTTP/1.1" 200 8053 "-" "Mozilla/5.0 (Windows NT 6.1) AppleWebKit/537.36 (KHTML, like Gecko) Chrome/61.0.3163.100 Safari/537.36"
204.48.19.85 - - [02/Jul/2021:07:22:01 -0400] "POST /wp-cron.php?doing_wp_cron=1625224921.0977690219879150390625 HTTP/1.1" 200 5438 "https://suncoastoutdoor.net/wp-cron.php?doing_wp_cron=1625224921.0977690219879150390625" "WordPress/5.7.2; https://suncoastoutdoor.net"
13.127.143.208 - - [02/Jul/2021:07:22:00 -0400] "GET /wp-login.php HTTP/1.1" 200 7225 "-" "Mozilla/5.0 (X11; Ubuntu; Linux x86_64; rv:62.0) Gecko/20100101 Firefox/62.0"
13.127.143.208 - - [02/Jul/2021:07:22:02 -0400] "POST /wp-login.php HTTP/1.1" 200 7348 "-" "Mozilla/5.0 (X11; Ubuntu; Linux x86_64; rv:62.0) Gecko/20100101 Firefox/62.0"
13.127.143.208 - - [02/Jul/2021:07:22:03 -0400] "GET /wp-login.php HTTP/1.1" 200 7225 "-" "Mozilla/5.0 (X11; Ubuntu; Linux x86_64; rv:62.0) Gecko/20100101 Firefox/62.0"
13.127.143.208 - - [02/Jul/2021:07:22:05 -0400] "POST /wp-login.php HTTP/1.1" 200 7326 "-" "Mozilla/5.0 (X11; Ubuntu; Linux x86_64; rv:62.0) Gecko/20100101 Firefox/62.0"
13.127.143.208 - - [02/Jul/2021:07:22:06 -0400] "POST /xmlrpc.php HTTP/1.1" 200 4979 "-" "Mozilla/5.0 (X11; Ubuntu; Linux x86_64; rv:62.0) Gecko/20100101 Firefox/62.0"
62.210.180.135 - - [02/Jul/2021:07:36:53 -0400] "GET / HTTP/1.1" 301 586 "-" "Mozilla/5.0 (Windows NT 10.0; Win64; x64) AppleWebKit/537.36 (KHTML, like Gecko) Chrome/89.0.4389.114 Safari/537.36"
204.48.19.85 - - [02/Jul/2021:07:36:54 -0400] "POST /wp-cron.php?doing_wp_cron=1625225814.1122269630432128906250 HTTP/1.1" 200 5438 "https://suncoastoutdoor.net/wp-cron.php?doing_wp_cron=1625225814.1122269630432128906250" "WordPress/5.7.2; https://suncoastoutdoor.net"
62.210.180.135 - - [02/Jul/2021:07:36:53 -0400] "GET / HTTP/1.1" 200 128949 "-" "Mozilla/5.0 (Windows NT 10.0; Win64; x64) AppleWebKit/537.36 (KHTML, like Gecko) Chrome/89.0.4389.114 Safari/537.36"
62.210.180.135 - - [02/Jul/2021:07:36:54 -0400] "GET //wp-includes/wlwmanifest.xml HTTP/1.1" 200 1380 "-" "Mozilla/5.0 (Windows NT 10.0; Win64; x64) AppleWebKit/537.36 (KHTML, like Gecko) Chrome/89.0.4389.114 Safari/537.36"
62.210.180.135 - - [02/Jul/2021:07:36:55 -0400] "GET //?author=1 HTTP/1.1" 301 326 "-" "Mozilla/5.0 (Windows NT 10.0; Win64; x64) AppleWebKit/537.36 (KHTML, like Gecko) Chrome/89.0.4389.114 Safari/537.36"
62.210.180.135 - - [02/Jul/2021:07:36:55 -0400] "GET //?author=2 HTTP/1.1" 301 313 "-" "Mozilla/5.0 (Windows NT 10.0; Win64; x64) AppleWebKit/537.36 (KHTML, like Gecko) Chrome/89.0.4389.114 Safari/537.36"
62.210.180.135 - - [02/Jul/2021:07:36:56 -0400] "GET //?author=3 HTTP/1.1" 301 406 "-" "Mozilla/5.0 (Windows NT 10.0; Win64; x64) AppleWebKit/537.36 (KHTML, like Gecko) Chrome/89.0.4389.114 Safari/537.36"
62.210.180.135 - - [02/Jul/2021:07:36:56 -0400] "GET //wp-json/wp/v2/users/ HTTP/1.1" 404 519 "-" "Mozilla/5.0 (Windows NT 10.0; Win64; x64) AppleWebKit/537.36 (KHTML, like Gecko) Chrome/89.0.4389.114 Safari/537.36"
62.210.180.135 - - [02/Jul/2021:07:36:56 -0400] "POST //xmlrpc.php HTTP/1.1" 200 612 "-" "Mozilla/5.0 (Windows NT 10.0; Win64; x64) AppleWebKit/537.36 (KHTML, like Gecko) Chrome/89.0.4389.114 Safari/537.36"
62.210.180.135 - - [02/Jul/2021:07:36:57 -0400] "POST //xmlrpc.php HTTP/1.1" 200 5346 "-" "Mozilla/5.0 (Windows NT 10.0; Win64; x64) AppleWebKit/537.36 (KHTML, like Gecko) Chrome/89.0.4389.114 Safari/537.36"
62.210.180.135 - - [02/Jul/2021:07:36:58 -0400] "POST //xmlrpc.php HTTP/1.1" 200 5346 "-" "Mozilla/5.0 (Windows NT 10.0; Win64; x64) AppleWebKit/537.36 (KHTML, like Gecko) Chrome/89.0.4389.114 Safari/537.36"
62.210.180.135 - - [02/Jul/2021:07:36:59 -0400] "POST //xmlrpc.php HTTP/1.1" 200 5346 "-" "Mozilla/5.0 (Windows NT 10.0; Win64; x64) AppleWebKit/537.36 (KHTML, like Gecko) Chrome/89.0.4389.114 Safari/537.36"
62.210.180.135 - - [02/Jul/2021:07:37:00 -0400] "POST //xmlrpc.php HTTP/1.1" 200 5346 "-" "Mozilla/5.0 (Windows NT 10.0; Win64; x64) AppleWebKit/537.36 (KHTML, like Gecko) Chrome/89.0.4389.114 Safari/537.36"
62.210.180.135 - - [02/Jul/2021:07:37:00 -0400] "POST //xmlrpc.php HTTP/1.1" 200 5346 "-" "Mozilla/5.0 (Windows NT 10.0; Win64; x64) AppleWebKit/537.36 (KHTML, like Gecko) Chrome/89.0.4389.114 Safari/537.36"
62.210.180.135 - - [02/Jul/2021:07:37:01 -0400] "POST //xmlrpc.php HTTP/1.1" 200 5346 "-" "Mozilla/5.0 (Windows NT 10.0; Win64; x64) AppleWebKit/537.36 (KHTML, like Gecko) Chrome/89.0.4389.114 Safari/537.36"
62.210.180.135 - - [02/Jul/2021:07:37:02 -0400] "POST //xmlrpc.php HTTP/1.1" 200 5346 "-" "Mozilla/5.0 (Windows NT 10.0; Win64; x64) AppleWebKit/537.36 (KHTML, like Gecko) Chrome/89.0.4389.114 Safari/537.36"
62.210.180.135 - - [02/Jul/2021:07:37:03 -0400] "POST //xmlrpc.php HTTP/1.1" 200 5346 "-" "Mozilla/5.0 (Windows NT 10.0; Win64; x64) AppleWebKit/537.36 (KHTML, like Gecko) Chrome/89.0.4389.114 Safari/537.36"
62.210.180.135 - - [02/Jul/2021:07:37:04 -0400] "POST //xmlrpc.php HTTP/1.1" 200 5346 "-" "Mozilla/5.0 (Windows NT 10.0; Win64; x64) AppleWebKit/537.36 (KHTML, like Gecko) Chrome/89.0.4389.114 Safari/537.36"
62.210.180.135 - - [02/Jul/2021:07:37:05 -0400] "POST //xmlrpc.php HTTP/1.1" 200 5346 "-" "Mozilla/5.0 (Windows NT 10.0; Win64; x64) AppleWebKit/537.36 (KHTML, like Gecko) Chrome/89.0.4389.114 Safari/537.36"
62.210.180.135 - - [02/Jul/2021:07:37:05 -0400] "POST //xmlrpc.php HTTP/1.1" 200 5346 "-" "Mozilla/5.0 (Windows NT 10.0; Win64; x64) AppleWebKit/537.36 (KHTML, like Gecko) Chrome/89.0.4389.114 Safari/537.36"
62.210.180.135 - - [02/Jul/2021:07:37:06 -0400] "POST //xmlrpc.php HTTP/1.1" 200 5346 "-" "Mozilla/5.0 (Windows NT 10.0; Win64; x64) AppleWebKit/537.36 (KHTML, like Gecko) Chrome/89.0.4389.114 Safari/537.36"
62.210.180.135 - - [02/Jul/2021:07:37:07 -0400] "POST //xmlrpc.php HTTP/1.1" 200 5346 "-" "Mozilla/5.0 (Windows NT 10.0; Win64; x64) AppleWebKit/537.36 (KHTML, like Gecko) Chrome/89.0.4389.114 Safari/537.36"
62.210.180.135 - - [02/Jul/2021:07:37:08 -0400] "POST //xmlrpc.php HTTP/1.1" 200 5346 "-" "Mozilla/5.0 (Windows NT 10.0; Win64; x64) AppleWebKit/537.36 (KHTML, like Gecko) Chrome/89.0.4389.114 Safari/537.36"
62.210.180.135 - - [02/Jul/2021:07:37:08 -0400] "POST //xmlrpc.php HTTP/1.1" 200 5346 "-" "Mozilla/5.0 (Windows NT 10.0; Win64; x64) AppleWebKit/537.36 (KHTML, like Gecko) Chrome/89.0.4389.114 Safari/537.36"
62.210.180.135 - - [02/Jul/2021:07:37:09 -0400] "POST //xmlrpc.php HTTP/1.1" 200 5346 "-" "Mozilla/5.0 (Windows NT 10.0; Win64; x64) AppleWebKit/537.36 (KHTML, like Gecko) Chrome/89.0.4389.114 Safari/537.36"
62.210.180.135 - - [02/Jul/2021:07:37:10 -0400] "POST //xmlrpc.php HTTP/1.1" 200 5346 "-" "Mozilla/5.0 (Windows NT 10.0; Win64; x64) AppleWebKit/537.36 (KHTML, like Gecko) Chrome/89.0.4389.114 Safari/537.36"
62.210.180.135 - - [02/Jul/2021:07:37:11 -0400] "POST //xmlrpc.php HTTP/1.1" 200 5346 "-" "Mozilla/5.0 (Windows NT 10.0; Win64; x64) AppleWebKit/537.36 (KHTML, like Gecko) Chrome/89.0.4389.114 Safari/537.36"
62.210.180.135 - - [02/Jul/2021:07:37:12 -0400] "POST //xmlrpc.php HTTP/1.1" 200 5346 "-" "Mozilla/5.0 (Windows NT 10.0; Win64; x64) AppleWebKit/537.36 (KHTML, like Gecko) Chrome/89.0.4389.114 Safari/537.36"
62.210.180.135 - - [02/Jul/2021:07:37:12 -0400] "POST //xmlrpc.php HTTP/1.1" 200 5346 "-" "Mozilla/5.0 (Windows NT 10.0; Win64; x64) AppleWebKit/537.36 (KHTML, like Gecko) Chrome/89.0.4389.114 Safari/537.36"
62.210.180.135 - - [02/Jul/2021:07:37:13 -0400] "POST //xmlrpc.php HTTP/1.1" 200 5346 "-" "Mozilla/5.0 (Windows NT 10.0; Win64; x64) AppleWebKit/537.36 (KHTML, like Gecko) Chrome/89.0.4389.114 Safari/537.36"
62.210.180.135 - - [02/Jul/2021:07:37:14 -0400] "POST //xmlrpc.php HTTP/1.1" 200 5346 "-" "Mozilla/5.0 (Windows NT 10.0; Win64; x64) AppleWebKit/537.36 (KHTML, like Gecko) Chrome/89.0.4389.114 Safari/537.36"
62.210.180.135 - - [02/Jul/2021:07:37:15 -0400] "POST //xmlrpc.php HTTP/1.1" 200 5346 "-" "Mozilla/5.0 (Windows NT 10.0; Win64; x64) AppleWebKit/537.36 (KHTML, like Gecko) Chrome/89.0.4389.114 Safari/537.36"
62.210.180.135 - - [02/Jul/2021:07:37:16 -0400] "POST //xmlrpc.php HTTP/1.1" 200 5346 "-" "Mozilla/5.0 (Windows NT 10.0; Win64; x64) AppleWebKit/537.36 (KHTML, like Gecko) Chrome/89.0.4389.114 Safari/537.36"
62.210.180.135 - - [02/Jul/2021:07:37:17 -0400] "POST //xmlrpc.php HTTP/1.1" 200 5346 "-" "Mozilla/5.0 (Windows NT 10.0; Win64; x64) AppleWebKit/537.36 (KHTML, like Gecko) Chrome/89.0.4389.114 Safari/537.36"
62.210.180.135 - - [02/Jul/2021:07:37:17 -0400] "POST //xmlrpc.php HTTP/1.1" 200 5346 "-" "Mozilla/5.0 (Windows NT 10.0; Win64; x64) AppleWebKit/537.36 (KHTML, like Gecko) Chrome/89.0.4389.114 Safari/537.36"
62.210.180.135 - - [02/Jul/2021:07:37:18 -0400] "POST //xmlrpc.php HTTP/1.1" 200 5346 "-" "Mozilla/5.0 (Windows NT 10.0; Win64; x64) AppleWebKit/537.36 (KHTML, like Gecko) Chrome/89.0.4389.114 Safari/537.36"
62.210.180.135 - - [02/Jul/2021:07:37:19 -0400] "POST //xmlrpc.php HTTP/1.1" 200 5346 "-" "Mozilla/5.0 (Windows NT 10.0; Win64; x64) AppleWebKit/537.36 (KHTML, like Gecko) Chrome/89.0.4389.114 Safari/537.36"
62.210.180.135 - - [02/Jul/2021:07:37:20 -0400] "POST //xmlrpc.php HTTP/1.1" 200 5346 "-" "Mozilla/5.0 (Windows NT 10.0; Win64; x64) AppleWebKit/537.36 (KHTML, like Gecko) Chrome/89.0.4389.114 Safari/537.36"
62.210.180.135 - - [02/Jul/2021:07:37:21 -0400] "POST //xmlrpc.php HTTP/1.1" 200 5346 "-" "Mozilla/5.0 (Windows NT 10.0; Win64; x64) AppleWebKit/537.36 (KHTML, like Gecko) Chrome/89.0.4389.114 Safari/537.36"
62.210.180.135 - - [02/Jul/2021:07:37:21 -0400] "POST //xmlrpc.php HTTP/1.1" 200 5346 "-" "Mozilla/5.0 (Windows NT 10.0; Win64; x64) AppleWebKit/537.36 (KHTML, like Gecko) Chrome/89.0.4389.114 Safari/537.36"
62.210.180.135 - - [02/Jul/2021:07:37:22 -0400] "POST //xmlrpc.php HTTP/1.1" 200 5346 "-" "Mozilla/5.0 (Windows NT 10.0; Win64; x64) AppleWebKit/537.36 (KHTML, like Gecko) Chrome/89.0.4389.114 Safari/537.36"
62.210.180.135 - - [02/Jul/2021:07:37:23 -0400] "POST //xmlrpc.php HTTP/1.1" 200 5346 "-" "Mozilla/5.0 (Windows NT 10.0; Win64; x64) AppleWebKit/537.36 (KHTML, like Gecko) Chrome/89.0.4389.114 Safari/537.36"
62.210.180.135 - - [02/Jul/2021:07:37:24 -0400] "POST //xmlrpc.php HTTP/1.1" 200 5346 "-" "Mozilla/5.0 (Windows NT 10.0; Win64; x64) AppleWebKit/537.36 (KHTML, like Gecko) Chrome/89.0.4389.114 Safari/537.36"
62.210.180.135 - - [02/Jul/2021:07:37:25 -0400] "POST //xmlrpc.php HTTP/1.1" 200 5346 "-" "Mozilla/5.0 (Windows NT 10.0; Win64; x64) AppleWebKit/537.36 (KHTML, like Gecko) Chrome/89.0.4389.114 Safari/537.36"
62.210.180.135 - - [02/Jul/2021:07:37:26 -0400] "POST //xmlrpc.php HTTP/1.1" 200 5346 "-" "Mozilla/5.0 (Windows NT 10.0; Win64; x64) AppleWebKit/537.36 (KHTML, like Gecko) Chrome/89.0.4389.114 Safari/537.36"
62.210.180.135 - - [02/Jul/2021:07:37:26 -0400] "POST //xmlrpc.php HTTP/1.1" 200 5346 "-" "Mozilla/5.0 (Windows NT 10.0; Win64; x64) AppleWebKit/537.36 (KHTML, like Gecko) Chrome/89.0.4389.114 Safari/537.36"
