62.210.180.135 - - [02/Jul/2021:07:37:27 -0400] "POST //xmlrpc.php HTTP/1.1" 200 5346 "-" "Mozilla/5.0 (Windows NT 10.0; Win64; x64) AppleWebKit/537.36 (KHTML, like Gecko) Chrome/89.0.4389.114 Safari/537.36"
62.210.180.135 - - [02/Jul/2021:07:37:28 -0400] "POST //xmlrpc.php HTTP/1.1" 200 5346 "-" "Mozilla/5.0 (Windows NT 10.0; Win64; x64) AppleWebKit/537.36 (KHTML, like Gecko) Chrome/89.0.4389.114 Safari/537.36"
62.210.180.135 - - [02/Jul/2021:07:37:29 -0400] "POST //xmlrpc.php HTTP/1.1" 200 5346 "-" "Mozilla/5.0 (Windows NT 10.0; Win64; x64) AppleWebKit/537.36 (KHTML, like Gecko) Chrome/89.0.4389.114 Safari/537.36"
62.210.180.135 - - [02/Jul/2021:07:37:29 -0400] "POST //xmlrpc.php HTTP/1.1" 200 5346 "-" "Mozilla/5.0 (Windows NT 10.0; Win64; x64) AppleWebKit/537.36 (KHTML, like Gecko) Chrome/89.0.4389.114 Safari/537.36"
62.210.180.135 - - [02/Jul/2021:07:37:30 -0400] "POST //xmlrpc.php HTTP/1.1" 200 5346 "-" "Mozilla/5.0 (Windows NT 10.0; Win64; x64) AppleWebKit/537.36 (KHTML, like Gecko) Chrome/89.0.4389.114 Safari/537.36"
62.210.180.135 - - [02/Jul/2021:07:37:31 -0400] "POST //xmlrpc.php HTTP/1.1" 200 5346 "-" "Mozilla/5.0 (Windows NT 10.0; Win64; x64) AppleWebKit/537.36 (KHTML, like Gecko) Chrome/89.0.4389.114 Safari/537.36"
62.210.180.135 - - [02/Jul/2021:07:37:32 -0400] "POST //xmlrpc.php HTTP/1.1" 200 5346 "-" "Mozilla/5.0 (Windows NT 10.0; Win64; x64) AppleWebKit/537.36 (KHTML, like Gecko) Chrome/89.0.4389.114 Safari/537.36"
62.210.180.135 - - [02/Jul/2021:07:37:33 -0400] "POST //xmlrpc.php HTTP/1.1" 200 5346 "-" "Mozilla/5.0 (Windows NT 10.0; Win64; x64) AppleWebKit/537.36 (KHTML, like Gecko) Chrome/89.0.4389.114 Safari/537.36"
62.210.180.135 - - [02/Jul/2021:07:37:33 -0400] "POST //xmlrpc.php HTTP/1.1" 200 5346 "-" "Mozilla/5.0 (Windows NT 10.0; Win64; x64) AppleWebKit/537.36 (KHTML, like Gecko) Chrome/89.0.4389.114 Safari/537.36"
62.210.180.135 - - [02/Jul/2021:07:37:34 -0400] "POST //xmlrpc.php HTTP/1.1" 200 5346 "-" "Mozilla/5.0 (Windows NT 10.0; Win64; x64) AppleWebKit/537.36 (KHTML, like Gecko) Chrome/89.0.4389.114 Safari/537.36"
62.210.180.135 - - [02/Jul/2021:07:37:35 -0400] "POST //xmlrpc.php HTTP/1.1" 200 5346 "-" "Mozilla/5.0 (Windows NT 10.0; Win64; x64) AppleWebKit/537.36 (KHTML, like Gecko) Chrome/89.0.4389.114 Safari/537.36"
62.210.180.135 - - [02/Jul/2021:07:37:36 -0400] "POST //xmlrpc.php HTTP/1.1" 200 5346 "-" "Mozilla/5.0 (Windows NT 10.0; Win64; x64) AppleWebKit/537.36 (KHTML, like Gecko) Chrome/89.0.4389.114 Safari/537.36"
62.210.180.135 - - [02/Jul/2021:07:37:37 -0400] "POST //xmlrpc.php HTTP/1.1" 200 5346 "-" "Mozilla/5.0 (Windows NT 10.0; Win64; x64) AppleWebKit/537.36 (KHTML, like Gecko) Chrome/89.0.4389.114 Safari/537.36"
62.210.180.135 - - [02/Jul/2021:07:37:37 -0400] "POST //xmlrpc.php HTTP/1.1" 200 5346 "-" "Mozilla/5.0 (Windows NT 10.0; Win64; x64) AppleWebKit/537.36 (KHTML, like Gecko) Chrome/89.0.4389.114 Safari/537.36"
62.210.180.135 - - [02/Jul/2021:07:37:38 -0400] "POST //xmlrpc.php HTTP/1.1" 200 5346 "-" "Mozilla/5.0 (Windows NT 10.0; Win64; x64) AppleWebKit/537.36 (KHTML, like Gecko) Chrome/89.0.4389.114 Safari/537.36"
62.210.180.135 - - [02/Jul/2021:07:37:39 -0400] "POST //xmlrpc.php HTTP/1.1" 200 5346 "-" "Mozilla/5.0 (Windows NT 10.0; Win64; x64) AppleWebKit/537.36 (KHTML, like Gecko) Chrome/89.0.4389.114 Safari/537.36"
62.210.180.135 - - [02/Jul/2021:07:37:40 -0400] "POST //xmlrpc.php HTTP/1.1" 200 5346 "-" "Mozilla/5.0 (Windows NT 10.0; Win64; x64) AppleWebKit/537.36 (KHTML, like Gecko) Chrome/89.0.4389.114 Safari/537.36"
62.210.180.135 - - [02/Jul/2021:07:37:41 -0400] "POST //xmlrpc.php HTTP/1.1" 200 5346 "-" "Mozilla/5.0 (Windows NT 10.0; Win64; x64) AppleWebKit/537.36 (KHTML, like Gecko) Chrome/89.0.4389.114 Safari/537.36"
62.210.180.135 - - [02/Jul/2021:07:37:41 -0400] "POST //xmlrpc.php HTTP/1.1" 200 5346 "-" "Mozilla/5.0 (Windows NT 10.0; Win64; x64) AppleWebKit/537.36 (KHTML, like Gecko) Chrome/89.0.4389.114 Safari/537.36"
62.210.180.135 - - [02/Jul/2021:07:37:42 -0400] "POST //xmlrpc.php HTTP/1.1" 200 5346 "-" "Mozilla/5.0 (Windows NT 10.0; Win64; x64) AppleWebKit/537.36 (KHTML, like Gecko) Chrome/89.0.4389.114 Safari/537.36"
62.210.180.135 - - [02/Jul/2021:07:37:43 -0400] "POST //xmlrpc.php HTTP/1.1" 200 5346 "-" "Mozilla/5.0 (Windows NT 10.0; Win64; x64) AppleWebKit/537.36 (KHTML, like Gecko) Chrome/89.0.4389.114 Safari/537.36"
62.210.180.135 - - [02/Jul/2021:07:37:44 -0400] "POST //xmlrpc.php HTTP/1.1" 200 5346 "-" "Mozilla/5.0 (Windows NT 10.0; Win64; x64) AppleWebKit/537.36 (KHTML, like Gecko) Chrome/89.0.4389.114 Safari/537.36"
62.210.180.135 - - [02/Jul/2021:07:37:45 -0400] "POST //xmlrpc.php HTTP/1.1" 200 5346 "-" "Mozilla/5.0 (Windows NT 10.0; Win64; x64) AppleWebKit/537.36 (KHTML, like Gecko) Chrome/89.0.4389.114 Safari/537.36"
62.210.180.135 - - [02/Jul/2021:07:37:46 -0400] "POST //xmlrpc.php HTTP/1.1" 200 5346 "-" "Mozilla/5.0 (Windows NT 10.0; Win64; x64) AppleWebKit/537.36 (KHTML, like Gecko) Chrome/89.0.4389.114 Safari/537.36"
62.210.180.135 - - [02/Jul/2021:07:37:46 -0400] "POST //xmlrpc.php HTTP/1.1" 200 5346 "-" "Mozilla/5.0 (Windows NT 10.0; Win64; x64) AppleWebKit/537.36 (KHTML, like Gecko) Chrome/89.0.4389.114 Safari/537.36"
204.48.19.85 - - [02/Jul/2021:07:37:48 -0400] "POST /wp-cron.php?doing_wp_cron=1625225868.1584370136260986328125 HTTP/1.1" 200 5422 "https://suncoastoutdoor.net/wp-cron.php?doing_wp_cron=1625225868.1584370136260986328125" "WordPress/5.7.2; https://suncoastoutdoor.net"
62.210.180.135 - - [02/Jul/2021:07:37:47 -0400] "POST //xmlrpc.php HTTP/1.1" 200 5346 "-" "Mozilla/5.0 (Windows NT 10.0; Win64; x64) AppleWebKit/537.36 (KHTML, like Gecko) Chrome/89.0.4389.114 Safari/537.36"
62.210.180.135 - - [02/Jul/2021:07:37:48 -0400] "POST //xmlrpc.php HTTP/1.1" 200 5346 "-" "Mozilla/5.0 (Windows NT 10.0; Win64; x64) AppleWebKit/537.36 (KHTML, like Gecko) Chrome/89.0.4389.114 Safari/537.36"
62.210.180.135 - - [02/Jul/2021:07:37:49 -0400] "POST //xmlrpc.php HTTP/1.1" 200 5346 "-" "Mozilla/5.0 (Windows NT 10.0; Win64; x64) AppleWebKit/537.36 (KHTML, like Gecko) Chrome/89.0.4389.114 Safari/537.36"
62.210.180.135 - - [02/Jul/2021:07:37:50 -0400] "POST //xmlrpc.php HTTP/1.1" 200 5346 "-" "Mozilla/5.0 (Windows NT 10.0; Win64; x64) AppleWebKit/537.36 (KHTML, like Gecko) Chrome/89.0.4389.114 Safari/537.36"
62.210.180.135 - - [02/Jul/2021:07:37:51 -0400] "POST //xmlrpc.php HTTP/1.1" 200 5346 "-" "Mozilla/5.0 (Windows NT 10.0; Win64; x64) AppleWebKit/537.36 (KHTML, like Gecko) Chrome/89.0.4389.114 Safari/537.36"
62.210.180.135 - - [02/Jul/2021:07:37:52 -0400] "POST //xmlrpc.php HTTP/1.1" 200 5346 "-" "Mozilla/5.0 (Windows NT 10.0; Win64; x64) AppleWebKit/537.36 (KHTML, like Gecko) Chrome/89.0.4389.114 Safari/537.36"
62.210.180.135 - - [02/Jul/2021:07:37:53 -0400] "POST //xmlrpc.php HTTP/1.1" 200 5346 "-" "Mozilla/5.0 (Windows NT 10.0; Win64; x64) AppleWebKit/537.36 (KHTML, like Gecko) Chrome/89.0.4389.114 Safari/537.36"
62.210.180.135 - - [02/Jul/2021:07:37:53 -0400] "POST //xmlrpc.php HTTP/1.1" 200 5346 "-" "Mozilla/5.0 (Windows NT 10.0; Win64; x64) AppleWebKit/537.36 (KHTML, like Gecko) Chrome/89.0.4389.114 Safari/537.36"
62.210.180.135 - - [02/Jul/2021:07:37:54 -0400] "POST //xmlrpc.php HTTP/1.1" 200 5346 "-" "Mozilla/5.0 (Windows NT 10.0; Win64; x64) AppleWebKit/537.36 (KHTML, like Gecko) Chrome/89.0.4389.114 Safari/537.36"
62.210.180.135 - - [02/Jul/2021:07:37:55 -0400] "POST //xmlrpc.php HTTP/1.1" 200 5346 "-" "Mozilla/5.0 (Windows NT 10.0; Win64; x64) AppleWebKit/537.36 (KHTML, like Gecko) Chrome/89.0.4389.114 Safari/537.36"
62.210.180.135 - - [02/Jul/2021:07:37:56 -0400] "POST //xmlrpc.php HTTP/1.1" 200 5346 "-" "Mozilla/5.0 (Windows NT 10.0; Win64; x64) AppleWebKit/537.36 (KHTML, like Gecko) Chrome/89.0.4389.114 Safari/537.36"
204.48.19.85 - - [02/Jul/2021:07:46:36 -0400] "POST /wp-cron.php?doing_wp_cron=1625226396.3617739677429199218750 HTTP/1.1" 200 5422 "https://suncoastoutdoor.net/wp-cron.php?doing_wp_cron=1625226396.3617739677429199218750" "WordPress/5.7.2; https://suncoastoutdoor.net"
75.119.200.127 - - [02/Jul/2021:07:46:35 -0400] "GET /wp-login.php HTTP/1.1" 200 7225 "-" "Mozilla/5.0 (X11; Ubuntu; Linux x86_64; rv:62.0) Gecko/20100101 Firefox/62.0"
75.119.200.127 - - [02/Jul/2021:07:46:37 -0400] "POST /wp-login.php HTTP/1.1" 200 7348 "-" "Mozilla/5.0 (X11; Ubuntu; Linux x86_64; rv:62.0) Gecko/20100101 Firefox/62.0"
75.119.200.127 - - [02/Jul/2021:07:46:37 -0400] "GET /wp-login.php HTTP/1.1" 200 7225 "-" "Mozilla/5.0 (X11; Ubuntu; Linux x86_64; rv:62.0) Gecko/20100101 Firefox/62.0"
75.119.200.127 - - [02/Jul/2021:07:46:38 -0400] "POST /wp-login.php HTTP/1.1" 200 7326 "-" "Mozilla/5.0 (X11; Ubuntu; Linux x86_64; rv:62.0) Gecko/20100101 Firefox/62.0"
75.119.200.127 - - [02/Jul/2021:07:46:39 -0400] "POST /xmlrpc.php HTTP/1.1" 200 4979 "-" "Mozilla/5.0 (X11; Ubuntu; Linux x86_64; rv:62.0) Gecko/20100101 Firefox/62.0"
204.48.19.85 - - [02/Jul/2021:08:06:50 -0400] "POST /wp-cron.php?doing_wp_cron=1625227610.1293270587921142578125 HTTP/1.1" 200 5454 "https://suncoastoutdoor.net/wp-cron.php?doing_wp_cron=1625227610.1293270587921142578125" "WordPress/5.7.2; https://suncoastoutdoor.net"
202.189.180.66 - - [02/Jul/2021:08:06:49 -0400] "POST /wp-login.php HTTP/1.1" 200 8021 "-" "Mozilla/5.0 (Windows; U; Windows NT 5.1; en-US) AppleWebKit/533.4 (KHTML, like Gecko) Chrome/5.0.375.99 Safari/533.4"
204.48.19.85 - - [02/Jul/2021:08:11:49 -0400] "POST /wp-cron.php?doing_wp_cron=1625227909.7884359359741210937500 HTTP/1.1" 200 5454 "https://suncoastoutdoor.net/wp-cron.php?doing_wp_cron=1625227909.7884359359741210937500" "WordPress/5.7.2; https://suncoastoutdoor.net"
161.35.116.59 - - [02/Jul/2021:08:11:49 -0400] "GET /wp-login.php HTTP/1.1" 200 7224 "-" "Mozilla/5.0 (X11; Ubuntu; Linux x86_64; rv:62.0) Gecko/20100101 Firefox/62.0"
161.35.116.59 - - [02/Jul/2021:08:11:50 -0400] "POST /wp-login.php HTTP/1.1" 200 7348 "-" "Mozilla/5.0 (X11; Ubuntu; Linux x86_64; rv:62.0) Gecko/20100101 Firefox/62.0"
161.35.116.59 - - [02/Jul/2021:08:12:10 -0400] "POST /wp-login.php HTTP/1.1" 200 7346 "-" "Mozilla/5.0 (X11; Ubuntu; Linux x86_64; rv:62.0) Gecko/20100101 Firefox/62.0"
161.35.116.59 - - [02/Jul/2021:08:12:11 -0400] "POST /xmlrpc.php HTTP/1.1" 200 4979 "-" "Mozilla/5.0 (X11; Ubuntu; Linux x86_64; rv:62.0) Gecko/20100101 Firefox/62.0"
204.48.19.85 - - [02/Jul/2021:08:14:40 -0400] "POST /wp-cron.php?doing_wp_cron=1625228080.1244499683380126953125 HTTP/1.1" 200 5438 "https://suncoastoutdoor.net/wp-cron.php?doing_wp_cron=1625228080.1244499683380126953125" "WordPress/5.7.2; https://suncoastoutdoor.net"
94.73.142.2 - - [02/Jul/2021:08:14:39 -0400] "POST /wp-login.php HTTP/1.1" 200 8021 "-" "Mozilla/5.0 (Windows NT 6.1; WOW64) AppleWebKit/537.36 (KHTML, like Gecko) Chrome/47.0.2526.111 Safari/537.36 MVisionPlayer/1.0.0.0"
204.48.19.85 - - [02/Jul/2021:08:22:11 -0400] "POST /wp-cron.php?doing_wp_cron=1625228531.4786930084228515625000 HTTP/1.1" 200 5454 "https://suncoastoutdoor.net/wp-cron.php?doing_wp_cron=1625228531.4786930084228515625000" "WordPress/5.7.2; https://suncoastoutdoor.net"
89.96.90.125 - - [02/Jul/2021:08:22:11 -0400] "POST /wp-login.php HTTP/1.1" 200 8051 "-" "Mozilla/5.0 (Windows NT 6.1; Win64; x64) AppleWebKit/537.36 (KHTML, like Gecko) Chrome/80.0.3987.106 Safari/537.36"
89.96.90.125 - - [02/Jul/2021:08:22:39 -0400] "POST /wp-login.php HTTP/1.1" 200 8053 "-" "Mozilla/5.0 (Windows NT 10.0; Win64; x64) AppleWebKit/537.36 (KHTML, like Gecko) Chrome/87.0.4280.88 Safari/537.36"
204.48.19.85 - - [02/Jul/2021:08:39:15 -0400] "POST /wp-cron.php?doing_wp_cron=1625229555.5460350513458251953125 HTTP/1.1" 200 5422 "https://suncoastoutdoor.net/wp-cron.php?doing_wp_cron=1625229555.5460350513458251953125" "WordPress/5.7.2; https://suncoastoutdoor.net"
178.128.193.134 - - [02/Jul/2021:08:39:15 -0400] "GET /wp-login.php HTTP/1.1" 200 7224 "-" "Mozilla/5.0 (X11; Ubuntu; Linux x86_64; rv:62.0) Gecko/20100101 Firefox/62.0"
178.128.193.134 - - [02/Jul/2021:08:39:16 -0400] "POST /wp-login.php HTTP/1.1" 200 7348 "-" "Mozilla/5.0 (X11; Ubuntu; Linux x86_64; rv:62.0) Gecko/20100101 Firefox/62.0"
178.128.193.134 - - [02/Jul/2021:08:39:17 -0400] "GET /wp-login.php HTTP/1.1" 200 7224 "-" "Mozilla/5.0 (X11; Ubuntu; Linux x86_64; rv:62.0) Gecko/20100101 Firefox/62.0"
178.128.193.134 - - [02/Jul/2021:08:39:23 -0400] "POST /wp-login.php HTTP/1.1" 200 7325 "-" "Mozilla/5.0 (X11; Ubuntu; Linux x86_64; rv:62.0) Gecko/20100101 Firefox/62.0"
178.128.193.134 - - [02/Jul/2021:08:39:29 -0400] "POST /xmlrpc.php HTTP/1.1" 200 4979 "-" "Mozilla/5.0 (X11; Ubuntu; Linux x86_64; rv:62.0) Gecko/20100101 Firefox/62.0"
204.48.19.85 - - [02/Jul/2021:08:53:09 -0400] "POST /wp-cron.php?doing_wp_cron=1625230389.6403861045837402343750 HTTP/1.1" 200 5438 "https://suncoastoutdoor.net/wp-cron.php?doing_wp_cron=1625230389.6403861045837402343750" "WordPress/5.7.2; https://suncoastoutdoor.net"
173.236.152.148 - - [02/Jul/2021:08:53:09 -0400] "POST /wp-login.php HTTP/1.1" 200 8051 "-" "Mozilla/5.0 (Windows NT 6.3; Win64; x64) AppleWebKit/537.36 (KHTML, like Gecko) Chrome/68.0.3440.106 Safari/537.36"
192.163.197.220 - - [02/Jul/2021:08:53:31 -0400] "POST /wp-login.php HTTP/1.1" 200 8053 "-" "Mozilla/5.0 (Windows NT 6.1; Win64; x64) AppleWebKit/537.36 (KHTML, like Gecko) Chrome/78.0.3904.97 Safari/537.36"
204.48.19.85 - - [02/Jul/2021:09:06:26 -0400] "POST /wp-cron.php?doing_wp_cron=1625231186.0380570888519287109375 HTTP/1.1" 200 5438 "https://suncoastoutdoor.net/wp-cron.php?doing_wp_cron=1625231186.0380570888519287109375" "WordPress/5.7.2; https://suncoastoutdoor.net"
192.81.214.168 - - [02/Jul/2021:09:06:25 -0400] "GET /wp-login.php HTTP/1.1" 200 7224 "-" "Mozilla/5.0 (X11; Ubuntu; Linux x86_64; rv:62.0) Gecko/20100101 Firefox/62.0"
192.81.214.168 - - [02/Jul/2021:09:06:29 -0400] "POST /wp-login.php HTTP/1.1" 200 7348 "-" "Mozilla/5.0 (X11; Ubuntu; Linux x86_64; rv:62.0) Gecko/20100101 Firefox/62.0"
192.81.214.168 - - [02/Jul/2021:09:06:30 -0400] "GET /wp-login.php HTTP/1.1" 200 7224 "-" "Mozilla/5.0 (X11; Ubuntu; Linux x86_64; rv:62.0) Gecko/20100101 Firefox/62.0"
192.81.214.168 - - [02/Jul/2021:09:06:31 -0400] "POST /wp-login.php HTTP/1.1" 200 7325 "-" "Mozilla/5.0 (X11; Ubuntu; Linux x86_64; rv:62.0) Gecko/20100101 Firefox/62.0"
192.81.214.168 - - [02/Jul/2021:09:06:33 -0400] "POST /xmlrpc.php HTTP/1.1" 200 4979 "-" "Mozilla/5.0 (X11; Ubuntu; Linux x86_64; rv:62.0) Gecko/20100101 Firefox/62.0"
204.48.19.85 - - [02/Jul/2021:09:19:04 -0400] "POST /wp-cron.php?doing_wp_cron=1625231944.3232979774475097656250 HTTP/1.1" 200 5422 "https://suncoastoutdoor.net/wp-cron.php?doing_wp_cron=1625231944.3232979774475097656250" "WordPress/5.7.2; https://suncoastoutdoor.net"
123.207.30.63 - - [02/Jul/2021:09:19:03 -0400] "POST /wp-login.php HTTP/1.1" 200 8051 "-" "Mozilla/5.0 (Windows NT 6.1; WOW64) AppleWebKit/537.36 (KHTML, like Gecko) Chrome/32.0.1700.107 Safari/537.36"
204.48.19.85 - - [02/Jul/2021:09:23:19 -0400] "POST /wp-cron.php?doing_wp_cron=1625232199.1338438987731933593750 HTTP/1.1" 200 5422 "https://suncoastoutdoor.net/wp-cron.php?doing_wp_cron=1625232199.1338438987731933593750" "WordPress/5.7.2; https://suncoastoutdoor.net"
188.166.94.198 - - [02/Jul/2021:09:23:18 -0400] "POST /wp-login.php HTTP/1.1" 200 8051 "-" "Mozilla/5.0 (Windows NT 6.1) AppleWebKit/537.36 (KHTML, like Gecko) Chrome/56.0.2924.87 Safari/537.36"
106.52.171.211 - - [02/Jul/2021:09:23:43 -0400] "POST /wp-login.php HTTP/1.1" 200 8053 "-" "Mozilla/5.0 (Windows NT 6.3; Win64; x64) AppleWebKit/537.36 (KHTML, like Gecko) Chrome/65.0.3325.181 Safari/537.36"
204.48.19.85 - - [02/Jul/2021:09:34:07 -0400] "POST /wp-cron.php?doing_wp_cron=1625232847.7774319648742675781250 HTTP/1.1" 200 5438 "https://suncoastoutdoor.net/wp-cron.php?doing_wp_cron=1625232847.7774319648742675781250" "WordPress/5.7.2; https://suncoastoutdoor.net"
119.242.112.82 - - [02/Jul/2021:09:34:07 -0400] "GET /wp-login.php HTTP/1.1" 200 7224 "-" "Mozilla/5.0 (X11; Ubuntu; Linux x86_64; rv:62.0) Gecko/20100101 Firefox/62.0"
119.242.112.82 - - [02/Jul/2021:09:34:09 -0400] "POST /wp-login.php HTTP/1.1" 200 7325 "-" "Mozilla/5.0 (X11; Ubuntu; Linux x86_64; rv:62.0) Gecko/20100101 Firefox/62.0"
119.242.112.82 - - [02/Jul/2021:09:34:10 -0400] "POST /xmlrpc.php HTTP/1.1" 200 4979 "-" "Mozilla/5.0 (X11; Ubuntu; Linux x86_64; rv:62.0) Gecko/20100101 Firefox/62.0"
204.48.19.85 - - [02/Jul/2021:09:57:13 -0400] "POST /wp-cron.php?doing_wp_cron=1625234233.8209240436553955078125 HTTP/1.1" 200 5454 "https://suncoastoutdoor.net/wp-cron.php?doing_wp_cron=1625234233.8209240436553955078125" "WordPress/5.7.2; https://suncoastoutdoor.net"
74.208.12.188 - - [02/Jul/2021:09:57:13 -0400] "POST /wp-login.php HTTP/1.1" 200 8053 "-" "Mozilla/5.0 (Windows NT 6.1) AppleWebKit/537.36 (KHTML, like Gecko) Chrome/56.0.2924.87 Safari/537.36"
204.48.19.85 - - [02/Jul/2021:10:02:22 -0400] "POST /wp-cron.php?doing_wp_cron=1625234542.3354430198669433593750 HTTP/1.1" 200 5454 "https://suncoastoutdoor.net/wp-cron.php?doing_wp_cron=1625234542.3354430198669433593750" "WordPress/5.7.2; https://suncoastoutdoor.net"
167.88.170.2 - - [02/Jul/2021:10:02:21 -0400] "GET /wp-login.php HTTP/1.1" 200 7224 "-" "Mozilla/5.0 (X11; Ubuntu; Linux x86_64; rv:62.0) Gecko/20100101 Firefox/62.0"
167.88.170.2 - - [02/Jul/2021:10:02:23 -0400] "POST /wp-login.php HTTP/1.1" 200 7348 "-" "Mozilla/5.0 (X11; Ubuntu; Linux x86_64; rv:62.0) Gecko/20100101 Firefox/62.0"
167.88.170.2 - - [02/Jul/2021:10:02:23 -0400] "GET /wp-login.php HTTP/1.1" 200 7224 "-" "Mozilla/5.0 (X11; Ubuntu; Linux x86_64; rv:62.0) Gecko/20100101 Firefox/62.0"
167.88.170.2 - - [02/Jul/2021:10:02:24 -0400] "POST /wp-login.php HTTP/1.1" 200 7325 "-" "Mozilla/5.0 (X11; Ubuntu; Linux x86_64; rv:62.0) Gecko/20100101 Firefox/62.0"
167.88.170.2 - - [02/Jul/2021:10:02:25 -0400] "POST /xmlrpc.php HTTP/1.1" 200 4979 "-" "Mozilla/5.0 (X11; Ubuntu; Linux x86_64; rv:62.0) Gecko/20100101 Firefox/62.0"
204.48.19.85 - - [02/Jul/2021:10:16:36 -0400] "POST /wp-cron.php?doing_wp_cron=1625235396.8098969459533691406250 HTTP/1.1" 200 5454 "https://suncoastoutdoor.net/wp-cron.php?doing_wp_cron=1625235396.8098969459533691406250" "WordPress/5.7.2; https://suncoastoutdoor.net"
139.59.118.238 - - [02/Jul/2021:10:16:36 -0400] "POST /wp-login.php HTTP/1.1" 200 8053 "-" "Mozilla/5.0 (Windows NT 6.3; WOW64) AppleWebKit/537.36 (KHTML, like Gecko) Chrome/46.0.2490.80 Safari/537.36"
204.48.19.85 - - [02/Jul/2021:10:24:37 -0400] "POST /wp-cron.php?doing_wp_cron=1625235877.7411520481109619140625 HTTP/1.1" 200 5422 "https://suncoastoutdoor.net/wp-cron.php?doing_wp_cron=1625235877.7411520481109619140625" "WordPress/5.7.2; https://suncoastoutdoor.net"
51.132.4.32 - - [02/Jul/2021:10:24:37 -0400] "POST /wp-login.php HTTP/1.1" 200 8051 "-" "Mozilla/5.0 (Windows NT 6.0) AppleWebKit/537.36 (KHTML, like Gecko) Chrome/49.0.2623.112 Safari/537.36"
47.99.54.166 - - [02/Jul/2021:11:23:14 -0400] "POST /wp-login.php HTTP/1.1" 200 8053 "-" "Mozilla/5.0 (Windows NT 6.1; Win64; x64) AppleWebKit/537.36 (KHTML, like Gecko) Chrome/79.0.3945.117 Safari/537.36"
204.48.19.85 - - [02/Jul/2021:11:23:15 -0400] "GET / HTTP/1.1" 200 22693 "https://suncoastoutdoor.net/" "WordPress/5.7.2; https://suncoastoutdoor.net"
204.48.19.85 - - [02/Jul/2021:11:23:15 -0400] "POST /wp-cron.php?doing_wp_cron=1625239395.4679510593414306640625 HTTP/1.1" 200 5422 "https://suncoastoutdoor.net/wp-cron.php?doing_wp_cron=1625239395.4679510593414306640625" "WordPress/5.7.2; https://suncoastoutdoor.net"
151.80.46.106 - - [02/Jul/2021:11:26:00 -0400] "GET / HTTP/1.0" 301 549 "-" "Mozilla/5.0 (Windows NT 6.3; Win64; x64) AppleWebKit/537.36 (KHTML, like Gecko) Chrome/75.0.3770.100 Safari/537.36"
185.220.100.242 - - [02/Jul/2021:11:27:13 -0400] "POST /xmlrpc.php HTTP/1.0" 301 606 "-" "Mozilla/5.0 (X11; Linux x86_64; rv:60.0) Gecko/20100101 Firefox/60.0"
204.48.19.85 - - [02/Jul/2021:11:27:15 -0400] "POST /wp-cron.php?doing_wp_cron=1625239635.1401069164276123046875 HTTP/1.1" 200 5438 "https://suncoastoutdoor.net/wp-cron.php?doing_wp_cron=1625239635.1401069164276123046875" "WordPress/5.7.2; https://suncoastoutdoor.net"
185.220.100.242 - - [02/Jul/2021:11:27:14 -0400] "POST /xmlrpc.php HTTP/1.0" 403 5329 "-" "Mozilla/5.0 (X11; Linux x86_64; rv:60.0) Gecko/20100101 Firefox/60.0"
35.188.119.145 - - [02/Jul/2021:11:30:25 -0400] "GET /wp-login.php HTTP/1.1" 301 573 "-" "Mozilla/5.0 (X11; Ubuntu; Linux x86_64; rv:62.0) Gecko/20100101 Firefox/62.0"
204.48.19.85 - - [02/Jul/2021:11:30:26 -0400] "POST /wp-cron.php?doing_wp_cron=1625239826.5629129409790039062500 HTTP/1.1" 200 5438 "https://suncoastoutdoor.net/wp-cron.php?doing_wp_cron=1625239826.5629129409790039062500" "WordPress/5.7.2; https://suncoastoutdoor.net"
35.188.119.145 - - [02/Jul/2021:11:30:26 -0400] "GET /wp-login.php HTTP/1.1" 200 7224 "http://suncoastoutdoor.net/wp-login.php" "Mozilla/5.0 (X11; Ubuntu; Linux x86_64; rv:62.0) Gecko/20100101 Firefox/62.0"
35.188.119.145 - - [02/Jul/2021:11:30:27 -0400] "GET ///?author=1 HTTP/1.1" 301 567 "-" "Mozilla/5.0 (X11; Ubuntu; Linux x86_64; rv:62.0) Gecko/20100101 Firefox/62.0"
35.188.119.145 - - [02/Jul/2021:11:30:28 -0400] "GET /?author=1 HTTP/1.1" 301 4809 "http://suncoastoutdoor.net///?author=1" "Mozilla/5.0 (X11; Ubuntu; Linux x86_64; rv:62.0) Gecko/20100101 Firefox/62.0"
35.188.119.145 - - [02/Jul/2021:11:30:29 -0400] "GET /index.php/author/root/ HTTP/1.1" 200 16042 "https://suncoastoutdoor.net/?author=1" "Mozilla/5.0 (X11; Ubuntu; Linux x86_64; rv:62.0) Gecko/20100101 Firefox/62.0"
35.188.119.145 - - [02/Jul/2021:11:30:29 -0400] "GET ///wp-json/wp/v2/users/ HTTP/1.1" 301 589 "-" "Mozilla/5.0 (X11; Ubuntu; Linux x86_64; rv:62.0) Gecko/20100101 Firefox/62.0"
35.188.119.145 - - [02/Jul/2021:11:30:30 -0400] "GET /wp-json/wp/v2/users/ HTTP/1.1" 404 5002 "http://suncoastoutdoor.net///wp-json/wp/v2/users/" "Mozilla/5.0 (X11; Ubuntu; Linux x86_64; rv:62.0) Gecko/20100101 Firefox/62.0"
35.188.119.145 - - [02/Jul/2021:11:30:30 -0400] "GET ///?author=2 HTTP/1.1" 301 567 "-" "Mozilla/5.0 (X11; Ubuntu; Linux x86_64; rv:62.0) Gecko/20100101 Firefox/62.0"
35.188.119.145 - - [02/Jul/2021:11:30:31 -0400] "GET /?author=2 HTTP/1.1" 200 16050 "http://suncoastoutdoor.net///?author=2" "Mozilla/5.0 (X11; Ubuntu; Linux x86_64; rv:62.0) Gecko/20100101 Firefox/62.0"
35.188.119.145 - - [02/Jul/2021:11:30:32 -0400] "GET ///?author=3 HTTP/1.1" 301 567 "-" "Mozilla/5.0 (X11; Ubuntu; Linux x86_64; rv:62.0) Gecko/20100101 Firefox/62.0"
35.188.119.145 - - [02/Jul/2021:11:30:33 -0400] "GET /?author=3 HTTP/1.1" 404 51399 "http://suncoastoutdoor.net///?author=3" "Mozilla/5.0 (X11; Ubuntu; Linux x86_64; rv:62.0) Gecko/20100101 Firefox/62.0"
204.48.19.85 - - [02/Jul/2021:11:31:36 -0400] "POST /wp-cron.php?doing_wp_cron=1625239896.6684980392456054687500 HTTP/1.1" 200 5454 "https://suncoastoutdoor.net/wp-cron.php?doing_wp_cron=1625239896.6684980392456054687500" "WordPress/5.7.2; https://suncoastoutdoor.net"
209.244.159.152 - - [02/Jul/2021:11:31:36 -0400] "POST /wp-login.php HTTP/1.1" 200 8051 "-" "Mozilla/5.0 (Windows NT 10.0; Win64; x64) AppleWebKit/537.36 (KHTML, like Gecko) Chrome/62.0.3202.89 Safari/537.36"
204.48.19.85 - - [02/Jul/2021:11:56:32 -0400] "POST /wp-cron.php?doing_wp_cron=1625241392.8423891067504882812500 HTTP/1.1" 200 5438 "https://suncoastoutdoor.net/wp-cron.php?doing_wp_cron=1625241392.8423891067504882812500" "WordPress/5.7.2; https://suncoastoutdoor.net"
47.115.77.219 - - [02/Jul/2021:11:56:32 -0400] "POST /wp-login.php HTTP/1.1" 200 8051 "-" "Mozilla/5.0 (Windows NT 10.0; WOW64) AppleWebKit/537.36 (KHTML, like Gecko) Chrome/47.0.2526.106 Safari/537.36"
120.27.0.224 - - [02/Jul/2021:12:30:38 -0400] "POST /wp-login.php HTTP/1.1" 200 8053 "-" "Mozilla/5.0 (Windows NT 10.0; WOW64) AppleWebKit/537.36 (KHTML, like Gecko) Chrome/46.0.2490.80 Safari/537.36"
204.48.19.85 - - [02/Jul/2021:12:30:39 -0400] "POST /wp-cron.php?doing_wp_cron=1625243439.2934920787811279296875 HTTP/1.1" 200 5438 "https://suncoastoutdoor.net/wp-cron.php?doing_wp_cron=1625243439.2934920787811279296875" "WordPress/5.7.2; https://suncoastoutdoor.net"
204.48.19.85 - - [02/Jul/2021:12:38:54 -0400] "POST /wp-cron.php?doing_wp_cron=1625243934.6008069515228271484375 HTTP/1.1" 200 5422 "https://suncoastoutdoor.net/wp-cron.php?doing_wp_cron=1625243934.6008069515228271484375" "WordPress/5.7.2; https://suncoastoutdoor.net"
202.172.28.184 - - [02/Jul/2021:12:38:54 -0400] "POST /wp-login.php HTTP/1.1" 200 8051 "-" "Mozilla/5.0 (Windows NT 6.1; Win64; x64) AppleWebKit/537.36 (KHTML, like Gecko) Chrome/81.0.4044.122 Safari/537.36"
204.48.19.85 - - [02/Jul/2021:13:00:53 -0400] "POST /wp-cron.php?doing_wp_cron=1625245253.0139529705047607421875 HTTP/1.1" 200 5454 "https://suncoastoutdoor.net/wp-cron.php?doing_wp_cron=1625245253.0139529705047607421875" "WordPress/5.7.2; https://suncoastoutdoor.net"
69.64.52.38 - - [02/Jul/2021:13:00:52 -0400] "POST /wp-login.php HTTP/1.1" 200 8053 "-" "Mozilla/5.0 (Windows NT 6.1) AppleWebKit/537.36 (KHTML, like Gecko) Chrome/56.0.2924.87 Safari/537.36"
204.48.19.85 - - [02/Jul/2021:13:36:16 -0400] "POST /wp-cron.php?doing_wp_cron=1625247376.1434860229492187500000 HTTP/1.1" 200 5438 "https://suncoastoutdoor.net/wp-cron.php?doing_wp_cron=1625247376.1434860229492187500000" "WordPress/5.7.2; https://suncoastoutdoor.net"
123.207.30.63 - - [02/Jul/2021:13:36:15 -0400] "POST /wp-login.php HTTP/1.1" 200 8053 "-" "Mozilla/5.0 (Windows NT 6.3; Win64; x64) AppleWebKit/537.36 (KHTML, like Gecko) Chrome/67.0.3396.99 Safari/537.36"
204.48.19.85 - - [02/Jul/2021:13:38:36 -0400] "POST /wp-cron.php?doing_wp_cron=1625247516.3127210140228271484375 HTTP/1.1" 200 5438 "https://suncoastoutdoor.net/wp-cron.php?doing_wp_cron=1625247516.3127210140228271484375" "WordPress/5.7.2; https://suncoastoutdoor.net"
107.180.93.58 - - [02/Jul/2021:13:38:35 -0400] "GET /wp-login.php HTTP/1.1" 200 7224 "-" "Mozilla/5.0 (X11; Ubuntu; Linux x86_64; rv:62.0) Gecko/20100101 Firefox/62.0"
107.180.93.58 - - [02/Jul/2021:13:38:36 -0400] "POST /wp-login.php HTTP/1.1" 200 7348 "-" "Mozilla/5.0 (X11; Ubuntu; Linux x86_64; rv:62.0) Gecko/20100101 Firefox/62.0"
107.180.93.58 - - [02/Jul/2021:13:38:37 -0400] "GET /wp-login.php HTTP/1.1" 200 7224 "-" "Mozilla/5.0 (X11; Ubuntu; Linux x86_64; rv:62.0) Gecko/20100101 Firefox/62.0"
107.180.93.58 - - [02/Jul/2021:13:38:37 -0400] "POST /wp-login.php HTTP/1.1" 200 7325 "-" "Mozilla/5.0 (X11; Ubuntu; Linux x86_64; rv:62.0) Gecko/20100101 Firefox/62.0"
107.180.93.58 - - [02/Jul/2021:13:38:38 -0400] "POST /xmlrpc.php HTTP/1.1" 200 4979 "-" "Mozilla/5.0 (X11; Ubuntu; Linux x86_64; rv:62.0) Gecko/20100101 Firefox/62.0"
204.48.19.85 - - [02/Jul/2021:13:44:11 -0400] "POST /wp-cron.php?doing_wp_cron=1625247851.5582060813903808593750 HTTP/1.1" 200 5454 "https://suncoastoutdoor.net/wp-cron.php?doing_wp_cron=1625247851.5582060813903808593750" "WordPress/5.7.2; https://suncoastoutdoor.net"
161.35.192.196 - - [02/Jul/2021:13:44:11 -0400] "POST /wp-login.php HTTP/1.1" 200 8051 "-" "Mozilla/5.0 (Windows NT 6.1) AppleWebKit/537.36 (KHTML, like Gecko) Chrome/80.0.3987.149 Safari/537.36"
204.48.19.85 - - [02/Jul/2021:13:53:17 -0400] "POST /wp-cron.php?doing_wp_cron=1625248397.8733708858489990234375 HTTP/1.1" 200 5438 "https://suncoastoutdoor.net/wp-cron.php?doing_wp_cron=1625248397.8733708858489990234375" "WordPress/5.7.2; https://suncoastoutdoor.net"
64.90.48.187 - - [02/Jul/2021:13:53:17 -0400] "GET /wp-login.php HTTP/1.1" 200 7224 "-" "Mozilla/5.0 (X11; Ubuntu; Linux x86_64; rv:62.0) Gecko/20100101 Firefox/62.0"
64.90.48.187 - - [02/Jul/2021:13:53:18 -0400] "POST /wp-login.php HTTP/1.1" 200 7348 "-" "Mozilla/5.0 (X11; Ubuntu; Linux x86_64; rv:62.0) Gecko/20100101 Firefox/62.0"
64.90.48.187 - - [02/Jul/2021:13:53:19 -0400] "GET /wp-login.php HTTP/1.1" 200 7224 "-" "Mozilla/5.0 (X11; Ubuntu; Linux x86_64; rv:62.0) Gecko/20100101 Firefox/62.0"
64.90.48.187 - - [02/Jul/2021:13:53:20 -0400] "POST /wp-login.php HTTP/1.1" 200 7325 "-" "Mozilla/5.0 (X11; Ubuntu; Linux x86_64; rv:62.0) Gecko/20100101 Firefox/62.0"
64.90.48.187 - - [02/Jul/2021:13:53:20 -0400] "POST /xmlrpc.php HTTP/1.1" 200 4979 "-" "Mozilla/5.0 (X11; Ubuntu; Linux x86_64; rv:62.0) Gecko/20100101 Firefox/62.0"
204.48.19.85 - - [02/Jul/2021:14:09:22 -0400] "POST /wp-cron.php?doing_wp_cron=1625249362.7694089412689208984375 HTTP/1.1" 200 5422 "https://suncoastoutdoor.net/wp-cron.php?doing_wp_cron=1625249362.7694089412689208984375" "WordPress/5.7.2; https://suncoastoutdoor.net"
45.200.120.168 - - [02/Jul/2021:14:09:22 -0400] "GET /wp-login.php HTTP/1.1" 200 7224 "-" "Mozilla/5.0 (X11; Ubuntu; Linux x86_64; rv:62.0) Gecko/20100101 Firefox/62.0"
45.200.120.168 - - [02/Jul/2021:14:09:24 -0400] "POST /wp-login.php HTTP/1.1" 200 7348 "-" "Mozilla/5.0 (X11; Ubuntu; Linux x86_64; rv:62.0) Gecko/20100101 Firefox/62.0"
45.200.120.168 - - [02/Jul/2021:14:09:25 -0400] "GET /wp-login.php HTTP/1.1" 200 7224 "-" "Mozilla/5.0 (X11; Ubuntu; Linux x86_64; rv:62.0) Gecko/20100101 Firefox/62.0"
45.200.120.168 - - [02/Jul/2021:14:09:26 -0400] "POST /wp-login.php HTTP/1.1" 200 7350 "-" "Mozilla/5.0 (X11; Ubuntu; Linux x86_64; rv:62.0) Gecko/20100101 Firefox/62.0"
45.200.120.168 - - [02/Jul/2021:14:09:27 -0400] "POST /xmlrpc.php HTTP/1.1" 200 4979 "-" "Mozilla/5.0 (X11; Ubuntu; Linux x86_64; rv:62.0) Gecko/20100101 Firefox/62.0"
204.48.19.85 - - [02/Jul/2021:14:21:02 -0400] "POST /wp-cron.php?doing_wp_cron=1625250062.6244308948516845703125 HTTP/1.1" 200 5438 "https://suncoastoutdoor.net/wp-cron.php?doing_wp_cron=1625250062.6244308948516845703125" "WordPress/5.7.2; https://suncoastoutdoor.net"
5.188.62.214 - - [02/Jul/2021:14:21:01 -0400] "POST /wp-login.php HTTP/1.1" 200 8105 "-" "Mozilla/5.0 (Windows NT 5.1) AppleWebKit/537.36 (KHTML, like Gecko) Chrome/41.0.2226.0 Safari/537.36"
5.188.62.214 - - [02/Jul/2021:14:21:03 -0400] "POST /wp-login.php HTTP/1.1" 200 2859 "-" "Mozilla/5.0 (Windows NT 5.1) AppleWebKit/537.36 (KHTML, like Gecko) Chrome/41.0.2226.0 Safari/537.36"
137.74.76.179 - - [02/Jul/2021:14:24:22 -0400] "GET /wp-content/themes/sketch/404.php HTTP/1.1" 404 5088 "-" "Mozilla/4.0 (compatible; MSIE 6.0; Windows NT 5.1; SV1)"
204.48.19.85 - - [02/Jul/2021:14:26:08 -0400] "POST /wp-cron.php?doing_wp_cron=1625250368.5124480724334716796875 HTTP/1.1" 200 5438 "https://suncoastoutdoor.net/wp-cron.php?doing_wp_cron=1625250368.5124480724334716796875" "WordPress/5.7.2; https://suncoastoutdoor.net"
45.119.84.149 - - [02/Jul/2021:14:26:08 -0400] "GET /wp-login.php HTTP/1.1" 200 7224 "-" "Mozilla/5.0 (X11; Ubuntu; Linux x86_64; rv:62.0) Gecko/20100101 Firefox/62.0"
45.119.84.149 - - [02/Jul/2021:14:26:10 -0400] "POST /wp-login.php HTTP/1.1" 200 7348 "-" "Mozilla/5.0 (X11; Ubuntu; Linux x86_64; rv:62.0) Gecko/20100101 Firefox/62.0"
45.119.84.149 - - [02/Jul/2021:14:26:11 -0400] "GET /wp-login.php HTTP/1.1" 200 7224 "-" "Mozilla/5.0 (X11; Ubuntu; Linux x86_64; rv:62.0) Gecko/20100101 Firefox/62.0"
45.119.84.149 - - [02/Jul/2021:14:26:13 -0400] "POST /wp-login.php HTTP/1.1" 200 7350 "-" "Mozilla/5.0 (X11; Ubuntu; Linux x86_64; rv:62.0) Gecko/20100101 Firefox/62.0"
45.119.84.149 - - [02/Jul/2021:14:26:15 -0400] "POST /xmlrpc.php HTTP/1.1" 200 4979 "-" "Mozilla/5.0 (X11; Ubuntu; Linux x86_64; rv:62.0) Gecko/20100101 Firefox/62.0"
204.48.19.85 - - [02/Jul/2021:14:39:45 -0400] "POST /wp-cron.php?doing_wp_cron=1625251185.6788260936737060546875 HTTP/1.1" 200 5438 "https://suncoastoutdoor.net/wp-cron.php?doing_wp_cron=1625251185.6788260936737060546875" "WordPress/5.7.2; https://suncoastoutdoor.net"
51.132.4.32 - - [02/Jul/2021:14:39:44 -0400] "POST /wp-login.php HTTP/1.1" 200 8053 "-" "Mozilla/5.0 (Windows NT 6.1; WOW64) AppleWebKit/537.36 (KHTML, like Gecko) Chrome/51.0.2704.106 Safari/537.36"
204.48.19.85 - - [02/Jul/2021:14:40:49 -0400] "POST /wp-cron.php?doing_wp_cron=1625251249.0518391132354736328125 HTTP/1.1" 200 5454 "https://suncoastoutdoor.net/wp-cron.php?doing_wp_cron=1625251249.0518391132354736328125" "WordPress/5.7.2; https://suncoastoutdoor.net"
128.199.220.215 - - [02/Jul/2021:14:40:48 -0400] "POST /wp-login.php HTTP/1.1" 200 8051 "-" "Mozilla/5.0 (Windows NT 6.1) AppleWebKit/537.36 (KHTML, like Gecko) Chrome/70.0.3538.77 Safari/537.36"
204.48.19.85 - - [02/Jul/2021:14:43:20 -0400] "POST /wp-cron.php?doing_wp_cron=1625251400.5325689315795898437500 HTTP/1.1" 200 5454 "https://suncoastoutdoor.net/wp-cron.php?doing_wp_cron=1625251400.5325689315795898437500" "WordPress/5.7.2; https://suncoastoutdoor.net"
45.200.120.168 - - [02/Jul/2021:14:43:20 -0400] "GET /wp-login.php HTTP/1.1" 200 7224 "-" "Mozilla/5.0 (X11; Ubuntu; Linux x86_64; rv:62.0) Gecko/20100101 Firefox/62.0"
45.200.120.168 - - [02/Jul/2021:14:43:21 -0400] "POST /wp-login.php HTTP/1.1" 200 7348 "-" "Mozilla/5.0 (X11; Ubuntu; Linux x86_64; rv:62.0) Gecko/20100101 Firefox/62.0"
45.200.120.168 - - [02/Jul/2021:14:43:22 -0400] "GET /wp-login.php HTTP/1.1" 200 7224 "-" "Mozilla/5.0 (X11; Ubuntu; Linux x86_64; rv:62.0) Gecko/20100101 Firefox/62.0"
45.200.120.168 - - [02/Jul/2021:14:43:23 -0400] "POST /wp-login.php HTTP/1.1" 200 7350 "-" "Mozilla/5.0 (X11; Ubuntu; Linux x86_64; rv:62.0) Gecko/20100101 Firefox/62.0"
45.200.120.168 - - [02/Jul/2021:14:43:25 -0400] "POST /xmlrpc.php HTTP/1.1" 200 4979 "-" "Mozilla/5.0 (X11; Ubuntu; Linux x86_64; rv:62.0) Gecko/20100101 Firefox/62.0"
204.48.19.85 - - [02/Jul/2021:14:47:57 -0400] "POST /wp-cron.php?doing_wp_cron=1625251677.2099258899688720703125 HTTP/1.1" 200 5438 "https://suncoastoutdoor.net/wp-cron.php?doing_wp_cron=1625251677.2099258899688720703125" "WordPress/5.7.2; https://suncoastoutdoor.net"
81.88.52.157 - - [02/Jul/2021:14:47:56 -0400] "POST /wp-login.php HTTP/1.1" 200 8051 "-" "Mozilla/5.0 (Windows NT 6.3; WOW64) AppleWebKit/537.36 (KHTML, like Gecko) Chrome/47.0.2526.106 Safari/537.36"
185.191.34.215 - - [02/Jul/2021:14:50:03 -0400] "GET /wp-aa.php?up2018info=1 HTTP/1.1" 404 5771 "-" "Mozilla/5.0 (Windows NT 10.0; Win64; x64) AppleWebKit/537.36 (KHTML, like Gecko) Chrome/74.0.3729.157 Safari/537.36"
54.183.198.100 - - [02/Jul/2021:14:54:27 -0400] "GET / HTTP/1.1" 301 586 "-" "Mozilla/5.0 (X11; Linux x86_64) AppleWebKit/537.36 (KHTML, like Gecko) Chrome/51.0.2704.103 Safari/537.36"
204.48.19.85 - - [02/Jul/2021:14:54:27 -0400] "POST /wp-cron.php?doing_wp_cron=1625252067.9089159965515136718750 HTTP/1.1" 200 5422 "https://suncoastoutdoor.net/wp-cron.php?doing_wp_cron=1625252067.9089159965515136718750" "WordPress/5.7.2; https://suncoastoutdoor.net"
54.183.198.100 - - [02/Jul/2021:14:54:27 -0400] "GET / HTTP/1.1" 200 22222 "-" "Mozilla/5.0 (X11; Linux x86_64) AppleWebKit/537.36 (KHTML, like Gecko) Chrome/51.0.2704.103 Safari/537.36"
204.48.19.85 - - [02/Jul/2021:15:01:05 -0400] "POST /wp-cron.php?doing_wp_cron=1625252465.8276989459991455078125 HTTP/1.1" 200 5438 "https://suncoastoutdoor.net/wp-cron.php?doing_wp_cron=1625252465.8276989459991455078125" "WordPress/5.7.2; https://suncoastoutdoor.net"
142.93.253.189 - - [02/Jul/2021:15:01:05 -0400] "GET /wp-login.php HTTP/1.1" 200 7224 "-" "Mozilla/5.0 (X11; Ubuntu; Linux x86_64; rv:62.0) Gecko/20100101 Firefox/62.0"
142.93.253.189 - - [02/Jul/2021:15:01:07 -0400] "POST /wp-login.php HTTP/1.1" 200 7348 "-" "Mozilla/5.0 (X11; Ubuntu; Linux x86_64; rv:62.0) Gecko/20100101 Firefox/62.0"
142.93.253.189 - - [02/Jul/2021:15:01:11 -0400] "GET /wp-login.php HTTP/1.1" 200 7224 "-" "Mozilla/5.0 (X11; Ubuntu; Linux x86_64; rv:62.0) Gecko/20100101 Firefox/62.0"
142.93.253.189 - - [02/Jul/2021:15:01:12 -0400] "POST /wp-login.php HTTP/1.1" 200 7350 "-" "Mozilla/5.0 (X11; Ubuntu; Linux x86_64; rv:62.0) Gecko/20100101 Firefox/62.0"
142.93.253.189 - - [02/Jul/2021:15:01:12 -0400] "POST /xmlrpc.php HTTP/1.1" 200 4979 "-" "Mozilla/5.0 (X11; Ubuntu; Linux x86_64; rv:62.0) Gecko/20100101 Firefox/62.0"
204.48.19.85 - - [02/Jul/2021:15:04:57 -0400] "POST /wp-cron.php?doing_wp_cron=1625252697.3381750583648681640625 HTTP/1.1" 200 5454 "https://suncoastoutdoor.net/wp-cron.php?doing_wp_cron=1625252697.3381750583648681640625" "WordPress/5.7.2; https://suncoastoutdoor.net"
5.188.62.214 - - [02/Jul/2021:15:04:56 -0400] "POST /wp-login.php HTTP/1.1" 200 8105 "-" "Mozilla/5.0 (Windows NT 6.1) AppleWebKit/537.36 (KHTML, like Gecko) Chrome/41.0.2224.3 Safari/537.36"
5.188.62.214 - - [02/Jul/2021:15:04:58 -0400] "POST /wp-login.php HTTP/1.1" 200 2859 "-" "Mozilla/5.0 (Windows NT 6.1) AppleWebKit/537.36 (KHTML, like Gecko) Chrome/41.0.2224.3 Safari/537.36"
204.48.19.85 - - [02/Jul/2021:15:19:10 -0400] "POST /wp-cron.php?doing_wp_cron=1625253550.3872718811035156250000 HTTP/1.1" 200 5438 "https://suncoastoutdoor.net/wp-cron.php?doing_wp_cron=1625253550.3872718811035156250000" "WordPress/5.7.2; https://suncoastoutdoor.net"
167.99.228.178 - - [02/Jul/2021:15:19:09 -0400] "GET /wp-login.php HTTP/1.1" 200 7224 "-" "Mozilla/5.0 (X11; Ubuntu; Linux x86_64; rv:62.0) Gecko/20100101 Firefox/62.0"
167.99.228.178 - - [02/Jul/2021:15:19:13 -0400] "POST /wp-login.php HTTP/1.1" 200 7348 "-" "Mozilla/5.0 (X11; Ubuntu; Linux x86_64; rv:62.0) Gecko/20100101 Firefox/62.0"
167.99.228.178 - - [02/Jul/2021:15:19:14 -0400] "GET /wp-login.php HTTP/1.1" 200 7224 "-" "Mozilla/5.0 (X11; Ubuntu; Linux x86_64; rv:62.0) Gecko/20100101 Firefox/62.0"
167.99.228.178 - - [02/Jul/2021:15:19:16 -0400] "POST /wp-login.php HTTP/1.1" 200 7325 "-" "Mozilla/5.0 (X11; Ubuntu; Linux x86_64; rv:62.0) Gecko/20100101 Firefox/62.0"
167.99.228.178 - - [02/Jul/2021:15:19:17 -0400] "POST /xmlrpc.php HTTP/1.1" 200 4979 "-" "Mozilla/5.0 (X11; Ubuntu; Linux x86_64; rv:62.0) Gecko/20100101 Firefox/62.0"
204.48.19.85 - - [02/Jul/2021:15:36:47 -0400] "POST /wp-cron.php?doing_wp_cron=1625254607.0516090393066406250000 HTTP/1.1" 200 5422 "https://suncoastoutdoor.net/wp-cron.php?doing_wp_cron=1625254607.0516090393066406250000" "WordPress/5.7.2; https://suncoastoutdoor.net"
61.244.70.248 - - [02/Jul/2021:15:36:46 -0400] "GET /wp-login.php HTTP/1.1" 200 7224 "-" "Mozilla/5.0 (X11; Ubuntu; Linux x86_64; rv:62.0) Gecko/20100101 Firefox/62.0"
204.48.19.85 - - [02/Jul/2021:15:36:48 -0400] "POST /wp-cron.php?doing_wp_cron=1625254608.8104569911956787109375 HTTP/1.1" 200 5438 "https://suncoastoutdoor.net/wp-cron.php?doing_wp_cron=1625254608.8104569911956787109375" "WordPress/5.7.2; https://suncoastoutdoor.net"
61.244.70.248 - - [02/Jul/2021:15:36:48 -0400] "POST /wp-login.php HTTP/1.1" 200 7348 "-" "Mozilla/5.0 (X11; Ubuntu; Linux x86_64; rv:62.0) Gecko/20100101 Firefox/62.0"
61.244.70.248 - - [02/Jul/2021:15:36:50 -0400] "GET /wp-login.php HTTP/1.1" 200 7224 "-" "Mozilla/5.0 (X11; Ubuntu; Linux x86_64; rv:62.0) Gecko/20100101 Firefox/62.0"
61.244.70.248 - - [02/Jul/2021:15:36:51 -0400] "POST /wp-login.php HTTP/1.1" 200 7325 "-" "Mozilla/5.0 (X11; Ubuntu; Linux x86_64; rv:62.0) Gecko/20100101 Firefox/62.0"
61.244.70.248 - - [02/Jul/2021:15:36:52 -0400] "POST /xmlrpc.php HTTP/1.1" 200 4979 "-" "Mozilla/5.0 (X11; Ubuntu; Linux x86_64; rv:62.0) Gecko/20100101 Firefox/62.0"
204.48.19.85 - - [02/Jul/2021:15:40:22 -0400] "POST /wp-cron.php?doing_wp_cron=1625254822.6711380481719970703125 HTTP/1.1" 200 5438 "https://suncoastoutdoor.net/wp-cron.php?doing_wp_cron=1625254822.6711380481719970703125" "WordPress/5.7.2; https://suncoastoutdoor.net"
165.227.131.69 - - [02/Jul/2021:15:40:22 -0400] "POST /wp-login.php HTTP/1.1" 200 8053 "-" "Mozilla/5.0 (Windows NT 10.0; Win64; x64) AppleWebKit/537.36 (KHTML, like Gecko) Chrome/64.0.3282.140 Safari/537.36"
204.48.19.85 - - [02/Jul/2021:15:43:57 -0400] "POST /wp-cron.php?doing_wp_cron=1625255037.4383399486541748046875 HTTP/1.1" 200 5454 "https://suncoastoutdoor.net/wp-cron.php?doing_wp_cron=1625255037.4383399486541748046875" "WordPress/5.7.2; https://suncoastoutdoor.net"
142.93.105.158 - - [02/Jul/2021:15:43:57 -0400] "POST /wp-login.php HTTP/1.1" 200 8053 "-" "Mozilla/5.0 (Windows NT 6.1; Win64; x64) AppleWebKit/537.36 (KHTML, like Gecko) Chrome/67.0.3396.87 Safari/537.36"
204.48.19.85 - - [02/Jul/2021:15:51:44 -0400] "POST /wp-cron.php?doing_wp_cron=1625255504.6991689205169677734375 HTTP/1.1" 200 5438 "https://suncoastoutdoor.net/wp-cron.php?doing_wp_cron=1625255504.6991689205169677734375" "WordPress/5.7.2; https://suncoastoutdoor.net"
81.88.52.137 - - [02/Jul/2021:15:51:44 -0400] "POST /wp-login.php HTTP/1.1" 200 8051 "-" "Mozilla/5.0 (Windows; U; Windows NT 5.1; en-US) AppleWebKit/533.4 (KHTML, like Gecko) Chrome/5.0.375.99 Safari/533.4"
204.48.19.85 - - [02/Jul/2021:15:54:02 -0400] "POST /wp-cron.php?doing_wp_cron=1625255642.8895599842071533203125 HTTP/1.1" 200 5454 "https://suncoastoutdoor.net/wp-cron.php?doing_wp_cron=1625255642.8895599842071533203125" "WordPress/5.7.2; https://suncoastoutdoor.net"
34.78.175.113 - - [02/Jul/2021:15:54:02 -0400] "GET /wp-login.php HTTP/1.1" 200 7224 "-" "Mozilla/5.0 (X11; Ubuntu; Linux x86_64; rv:62.0) Gecko/20100101 Firefox/62.0"
34.78.175.113 - - [02/Jul/2021:15:54:03 -0400] "POST /wp-login.php HTTP/1.1" 200 7348 "-" "Mozilla/5.0 (X11; Ubuntu; Linux x86_64; rv:62.0) Gecko/20100101 Firefox/62.0"
34.78.175.113 - - [02/Jul/2021:15:54:04 -0400] "GET /wp-login.php HTTP/1.1" 200 7224 "-" "Mozilla/5.0 (X11; Ubuntu; Linux x86_64; rv:62.0) Gecko/20100101 Firefox/62.0"
34.78.175.113 - - [02/Jul/2021:15:54:05 -0400] "POST /wp-login.php HTTP/1.1" 200 7325 "-" "Mozilla/5.0 (X11; Ubuntu; Linux x86_64; rv:62.0) Gecko/20100101 Firefox/62.0"
34.78.175.113 - - [02/Jul/2021:15:54:06 -0400] "POST /xmlrpc.php HTTP/1.1" 200 4979 "-" "Mozilla/5.0 (X11; Ubuntu; Linux x86_64; rv:62.0) Gecko/20100101 Firefox/62.0"
204.48.19.85 - - [02/Jul/2021:15:56:34 -0400] "POST /wp-cron.php?doing_wp_cron=1625255793.9941511154174804687500 HTTP/1.1" 200 5422 "https://suncoastoutdoor.net/wp-cron.php?doing_wp_cron=1625255793.9941511154174804687500" "WordPress/5.7.2; https://suncoastoutdoor.net"
51.38.42.39 - - [02/Jul/2021:15:56:33 -0400] "POST /wp-login.php HTTP/1.1" 200 8051 "-" "Mozilla/5.0 (Windows NT 10.0; Win64; x64) AppleWebKit/537.36 (KHTML, like Gecko) Chrome/64.0.3282.140 Safari/537.36"
204.48.19.85 - - [02/Jul/2021:16:32:39 -0400] "POST /wp-cron.php?doing_wp_cron=1625257959.6682159900665283203125 HTTP/1.1" 200 5454 "https://suncoastoutdoor.net/wp-cron.php?doing_wp_cron=1625257959.6682159900665283203125" "WordPress/5.7.2; https://suncoastoutdoor.net"
144.91.97.162 - - [02/Jul/2021:16:32:39 -0400] "GET /wp-login.php HTTP/1.1" 200 7224 "-" "Mozilla/5.0 (X11; Ubuntu; Linux x86_64; rv:62.0) Gecko/20100101 Firefox/62.0"
144.91.97.162 - - [02/Jul/2021:16:32:40 -0400] "POST /wp-login.php HTTP/1.1" 200 7348 "-" "Mozilla/5.0 (X11; Ubuntu; Linux x86_64; rv:62.0) Gecko/20100101 Firefox/62.0"
144.91.97.162 - - [02/Jul/2021:16:32:41 -0400] "GET /wp-login.php HTTP/1.1" 200 7224 "-" "Mozilla/5.0 (X11; Ubuntu; Linux x86_64; rv:62.0) Gecko/20100101 Firefox/62.0"
144.91.97.162 - - [02/Jul/2021:16:32:42 -0400] "POST /wp-login.php HTTP/1.1" 200 7325 "-" "Mozilla/5.0 (X11; Ubuntu; Linux x86_64; rv:62.0) Gecko/20100101 Firefox/62.0"
144.91.97.162 - - [02/Jul/2021:16:32:43 -0400] "POST /xmlrpc.php HTTP/1.1" 200 4979 "-" "Mozilla/5.0 (X11; Ubuntu; Linux x86_64; rv:62.0) Gecko/20100101 Firefox/62.0"
204.48.19.85 - - [02/Jul/2021:16:34:28 -0400] "POST /wp-cron.php?doing_wp_cron=1625258068.7597529888153076171875 HTTP/1.1" 200 5438 "https://suncoastoutdoor.net/wp-cron.php?doing_wp_cron=1625258068.7597529888153076171875" "WordPress/5.7.2; https://suncoastoutdoor.net"
54.36.148.69 - - [02/Jul/2021:16:34:28 -0400] "GET / HTTP/1.1" 200 22686 "-" "Mozilla/5.0 (compatible; AhrefsBot/7.0; +http://ahrefs.com/robot/)"
204.48.19.85 - - [02/Jul/2021:16:46:32 -0400] "POST /wp-cron.php?doing_wp_cron=1625258792.1438460350036621093750 HTTP/1.1" 200 5438 "https://suncoastoutdoor.net/wp-cron.php?doing_wp_cron=1625258792.1438460350036621093750" "WordPress/5.7.2; https://suncoastoutdoor.net"
142.93.105.158 - - [02/Jul/2021:16:46:31 -0400] "POST /wp-login.php HTTP/1.1" 200 8053 "-" "Mozilla/5.0 (Windows NT 6.1; WOW64) AppleWebKit/537.36 (KHTML, like Gecko) Chrome/47.0.2526.111 Safari/537.36"
204.48.19.85 - - [02/Jul/2021:16:52:22 -0400] "POST /wp-cron.php?doing_wp_cron=1625259142.4663510322570800781250 HTTP/1.1" 200 5422 "https://suncoastoutdoor.net/wp-cron.php?doing_wp_cron=1625259142.4663510322570800781250" "WordPress/5.7.2; https://suncoastoutdoor.net"
45.119.212.93 - - [02/Jul/2021:16:52:22 -0400] "GET /wp-login.php HTTP/1.1" 200 7224 "-" "Mozilla/5.0 (X11; Ubuntu; Linux x86_64; rv:62.0) Gecko/20100101 Firefox/62.0"
45.119.212.93 - - [02/Jul/2021:16:52:23 -0400] "POST /wp-login.php HTTP/1.1" 200 7348 "-" "Mozilla/5.0 (X11; Ubuntu; Linux x86_64; rv:62.0) Gecko/20100101 Firefox/62.0"
45.119.212.93 - - [02/Jul/2021:16:52:25 -0400] "GET /wp-login.php HTTP/1.1" 200 7224 "-" "Mozilla/5.0 (X11; Ubuntu; Linux x86_64; rv:62.0) Gecko/20100101 Firefox/62.0"
45.119.212.93 - - [02/Jul/2021:16:52:26 -0400] "POST /wp-login.php HTTP/1.1" 200 7325 "-" "Mozilla/5.0 (X11; Ubuntu; Linux x86_64; rv:62.0) Gecko/20100101 Firefox/62.0"
45.119.212.93 - - [02/Jul/2021:16:52:28 -0400] "POST /xmlrpc.php HTTP/1.1" 200 4979 "-" "Mozilla/5.0 (X11; Ubuntu; Linux x86_64; rv:62.0) Gecko/20100101 Firefox/62.0"
204.48.19.85 - - [02/Jul/2021:16:54:12 -0400] "POST /wp-cron.php?doing_wp_cron=1625259252.9842870235443115234375 HTTP/1.1" 200 5438 "https://suncoastoutdoor.net/wp-cron.php?doing_wp_cron=1625259252.9842870235443115234375" "WordPress/5.7.2; https://suncoastoutdoor.net"
111.231.107.30 - - [02/Jul/2021:16:54:12 -0400] "POST /wp-login.php HTTP/1.1" 200 8051 "-" "Mozilla/5.0 (Windows NT 6.1) AppleWebKit/537.36 (KHTML, like Gecko) Chrome/80.0.3987.132 Safari/537.36"
152.67.108.11 - - [02/Jul/2021:16:54:46 -0400] "POST /wp-login.php HTTP/1.1" 200 8051 "-" "Mozilla/5.0 (Windows NT 6.3; Win64; x64) AppleWebKit/537.36 (KHTML, like Gecko) Chrome/77.0.3865.90 Safari/537.36"
204.48.19.85 - - [02/Jul/2021:17:11:54 -0400] "POST /wp-cron.php?doing_wp_cron=1625260314.1187748908996582031250 HTTP/1.1" 200 5422 "https://suncoastoutdoor.net/wp-cron.php?doing_wp_cron=1625260314.1187748908996582031250" "WordPress/5.7.2; https://suncoastoutdoor.net"
93.113.111.193 - - [02/Jul/2021:17:11:53 -0400] "GET /wp-login.php HTTP/1.1" 200 7224 "-" "Mozilla/5.0 (X11; Ubuntu; Linux x86_64; rv:62.0) Gecko/20100101 Firefox/62.0"
93.113.111.193 - - [02/Jul/2021:17:11:54 -0400] "POST /wp-login.php HTTP/1.1" 200 7348 "-" "Mozilla/5.0 (X11; Ubuntu; Linux x86_64; rv:62.0) Gecko/20100101 Firefox/62.0"
93.113.111.193 - - [02/Jul/2021:17:11:55 -0400] "GET /wp-login.php HTTP/1.1" 200 7224 "-" "Mozilla/5.0 (X11; Ubuntu; Linux x86_64; rv:62.0) Gecko/20100101 Firefox/62.0"
93.113.111.193 - - [02/Jul/2021:17:11:56 -0400] "POST /wp-login.php HTTP/1.1" 200 7325 "-" "Mozilla/5.0 (X11; Ubuntu; Linux x86_64; rv:62.0) Gecko/20100101 Firefox/62.0"
93.113.111.193 - - [02/Jul/2021:17:11:57 -0400] "POST /xmlrpc.php HTTP/1.1" 200 4979 "-" "Mozilla/5.0 (X11; Ubuntu; Linux x86_64; rv:62.0) Gecko/20100101 Firefox/62.0"
204.48.19.85 - - [02/Jul/2021:17:29:55 -0400] "POST /wp-cron.php?doing_wp_cron=1625261395.8156530857086181640625 HTTP/1.1" 200 5438 "https://suncoastoutdoor.net/wp-cron.php?doing_wp_cron=1625261395.8156530857086181640625" "WordPress/5.7.2; https://suncoastoutdoor.net"
91.194.91.202 - - [02/Jul/2021:17:29:55 -0400] "POST /wp-login.php HTTP/1.1" 200 8053 "-" "Mozilla/5.0 (Windows NT 6.3; Win64; x64) AppleWebKit/537.36 (KHTML, like Gecko) Chrome/79.0.3945.88 Safari/537.36"
204.48.19.85 - - [02/Jul/2021:17:32:32 -0400] "POST /wp-cron.php?doing_wp_cron=1625261552.0691680908203125000000 HTTP/1.1" 200 5438 "https://suncoastoutdoor.net/wp-cron.php?doing_wp_cron=1625261552.0691680908203125000000" "WordPress/5.7.2; https://suncoastoutdoor.net"
8.129.20.30 - - [02/Jul/2021:17:32:31 -0400] "GET /wp-login.php HTTP/1.1" 200 7224 "-" "Mozilla/5.0 (X11; Ubuntu; Linux x86_64; rv:62.0) Gecko/20100101 Firefox/62.0"
8.129.20.30 - - [02/Jul/2021:17:32:33 -0400] "POST /wp-login.php HTTP/1.1" 200 7348 "-" "Mozilla/5.0 (X11; Ubuntu; Linux x86_64; rv:62.0) Gecko/20100101 Firefox/62.0"
8.129.20.30 - - [02/Jul/2021:17:32:35 -0400] "GET /wp-login.php HTTP/1.1" 200 7224 "-" "Mozilla/5.0 (X11; Ubuntu; Linux x86_64; rv:62.0) Gecko/20100101 Firefox/62.0"
8.129.20.30 - - [02/Jul/2021:17:32:37 -0400] "POST /wp-login.php HTTP/1.1" 200 7325 "-" "Mozilla/5.0 (X11; Ubuntu; Linux x86_64; rv:62.0) Gecko/20100101 Firefox/62.0"
8.129.20.30 - - [02/Jul/2021:17:32:38 -0400] "POST /xmlrpc.php HTTP/1.1" 200 4979 "-" "Mozilla/5.0 (X11; Ubuntu; Linux x86_64; rv:62.0) Gecko/20100101 Firefox/62.0"
204.48.19.85 - - [02/Jul/2021:17:43:29 -0400] "POST /wp-cron.php?doing_wp_cron=1625262209.9314689636230468750000 HTTP/1.1" 200 5438 "https://suncoastoutdoor.net/wp-cron.php?doing_wp_cron=1625262209.9314689636230468750000" "WordPress/5.7.2; https://suncoastoutdoor.net"
93.115.79.6 - - [02/Jul/2021:17:43:29 -0400] "POST /wp-login.php HTTP/1.1" 200 8051 "-" "Mozilla/5.0 (Windows NT 6.1; WOW64) AppleWebKit/537.36 (KHTML, like Gecko) Chrome/47.0.2526.111 Safari/537.36"
204.48.19.85 - - [02/Jul/2021:17:48:17 -0400] "POST /wp-cron.php?doing_wp_cron=1625262497.1112849712371826171875 HTTP/1.1" 200 5454 "https://suncoastoutdoor.net/wp-cron.php?doing_wp_cron=1625262497.1112849712371826171875" "WordPress/5.7.2; https://suncoastoutdoor.net"
202.189.180.66 - - [02/Jul/2021:17:48:16 -0400] "POST /wp-login.php HTTP/1.1" 200 8053 "-" "Mozilla/5.0 (Windows NT 6.1) AppleWebKit/537.36 (KHTML, like Gecko) Chrome/70.0.3538.102 Safari/537.36"
204.48.19.85 - - [02/Jul/2021:17:53:27 -0400] "POST /wp-cron.php?doing_wp_cron=1625262807.4289638996124267578125 HTTP/1.1" 200 5454 "https://suncoastoutdoor.net/wp-cron.php?doing_wp_cron=1625262807.4289638996124267578125" "WordPress/5.7.2; https://suncoastoutdoor.net"
14.200.1.238 - - [02/Jul/2021:17:53:26 -0400] "GET /wp-login.php HTTP/1.1" 200 7224 "-" "Mozilla/5.0 (X11; Ubuntu; Linux x86_64; rv:62.0) Gecko/20100101 Firefox/62.0"
14.200.1.238 - - [02/Jul/2021:17:53:28 -0400] "POST /wp-login.php HTTP/1.1" 200 7348 "-" "Mozilla/5.0 (X11; Ubuntu; Linux x86_64; rv:62.0) Gecko/20100101 Firefox/62.0"
14.200.1.238 - - [02/Jul/2021:17:53:30 -0400] "GET /wp-login.php HTTP/1.1" 200 7224 "-" "Mozilla/5.0 (X11; Ubuntu; Linux x86_64; rv:62.0) Gecko/20100101 Firefox/62.0"
