204.48.19.85 - - [06/Jul/2021:00:18:27 -0400] "POST /wp-cron.php?doing_wp_cron=1625545107.1255030632019042968750 HTTP/1.1" 200 6261 "https://suncoastoutdoor.net/wp-cron.php?doing_wp_cron=1625545107.1255030632019042968750" "WordPress/5.7.2; https://suncoastoutdoor.net"
213.136.93.171 - - [06/Jul/2021:00:18:26 -0400] "GET /wp-login.php HTTP/1.1" 200 8032 "-" "Mozilla/5.0 (X11; Ubuntu; Linux x86_64; rv:62.0) Gecko/20100101 Firefox/62.0"
213.136.93.171 - - [06/Jul/2021:00:18:28 -0400] "POST /wp-login.php HTTP/1.1" 200 8156 "-" "Mozilla/5.0 (X11; Ubuntu; Linux x86_64; rv:62.0) Gecko/20100101 Firefox/62.0"
213.136.93.171 - - [06/Jul/2021:00:18:28 -0400] "GET /wp-login.php HTTP/1.1" 200 8032 "-" "Mozilla/5.0 (X11; Ubuntu; Linux x86_64; rv:62.0) Gecko/20100101 Firefox/62.0"
213.136.93.171 - - [06/Jul/2021:00:18:29 -0400] "POST /wp-login.php HTTP/1.1" 200 8158 "-" "Mozilla/5.0 (X11; Ubuntu; Linux x86_64; rv:62.0) Gecko/20100101 Firefox/62.0"
213.136.93.171 - - [06/Jul/2021:00:18:30 -0400] "POST /xmlrpc.php HTTP/1.1" 200 5786 "-" "Mozilla/5.0 (X11; Ubuntu; Linux x86_64; rv:62.0) Gecko/20100101 Firefox/62.0"
188.166.233.252 - - [06/Jul/2021:00:37:54 -0400] "GET /wp-login.php HTTP/1.1" 200 8032 "-" "Mozilla/5.0 (X11; Ubuntu; Linux x86_64; rv:62.0) Gecko/20100101 Firefox/62.0"
204.48.19.85 - - [06/Jul/2021:00:37:54 -0400] "POST /wp-cron.php?doing_wp_cron=1625546274.8322689533233642578125 HTTP/1.1" 200 6245 "https://suncoastoutdoor.net/wp-cron.php?doing_wp_cron=1625546274.8322689533233642578125" "WordPress/5.7.2; https://suncoastoutdoor.net"
188.166.233.252 - - [06/Jul/2021:00:37:56 -0400] "POST /wp-login.php HTTP/1.1" 200 8156 "-" "Mozilla/5.0 (X11; Ubuntu; Linux x86_64; rv:62.0) Gecko/20100101 Firefox/62.0"
188.166.233.252 - - [06/Jul/2021:00:37:58 -0400] "GET /wp-login.php HTTP/1.1" 200 8032 "-" "Mozilla/5.0 (X11; Ubuntu; Linux x86_64; rv:62.0) Gecko/20100101 Firefox/62.0"
188.166.233.252 - - [06/Jul/2021:00:37:59 -0400] "POST /wp-login.php HTTP/1.1" 200 8158 "-" "Mozilla/5.0 (X11; Ubuntu; Linux x86_64; rv:62.0) Gecko/20100101 Firefox/62.0"
188.166.233.252 - - [06/Jul/2021:00:38:01 -0400] "POST /xmlrpc.php HTTP/1.1" 200 5786 "-" "Mozilla/5.0 (X11; Ubuntu; Linux x86_64; rv:62.0) Gecko/20100101 Firefox/62.0"
204.48.19.85 - - [06/Jul/2021:00:59:45 -0400] "POST /wp-cron.php?doing_wp_cron=1625547585.1685690879821777343750 HTTP/1.1" 200 6261 "https://suncoastoutdoor.net/wp-cron.php?doing_wp_cron=1625547585.1685690879821777343750" "WordPress/5.7.2; https://suncoastoutdoor.net"
45.119.84.149 - - [06/Jul/2021:00:59:44 -0400] "GET /wp-login.php HTTP/1.1" 200 8032 "-" "Mozilla/5.0 (X11; Ubuntu; Linux x86_64; rv:62.0) Gecko/20100101 Firefox/62.0"
45.119.84.149 - - [06/Jul/2021:00:59:46 -0400] "POST /wp-login.php HTTP/1.1" 200 8156 "-" "Mozilla/5.0 (X11; Ubuntu; Linux x86_64; rv:62.0) Gecko/20100101 Firefox/62.0"
204.48.19.85 - - [06/Jul/2021:00:59:49 -0400] "POST /wp-cron.php?doing_wp_cron=1625547589.1693100929260253906250 HTTP/1.1" 200 6245 "https://suncoastoutdoor.net/wp-cron.php?doing_wp_cron=1625547589.1693100929260253906250" "WordPress/5.7.2; https://suncoastoutdoor.net"
45.119.84.149 - - [06/Jul/2021:00:59:48 -0400] "GET /wp-login.php HTTP/1.1" 200 8032 "-" "Mozilla/5.0 (X11; Ubuntu; Linux x86_64; rv:62.0) Gecko/20100101 Firefox/62.0"
45.119.84.149 - - [06/Jul/2021:00:59:50 -0400] "POST /wp-login.php HTTP/1.1" 200 8134 "-" "Mozilla/5.0 (X11; Ubuntu; Linux x86_64; rv:62.0) Gecko/20100101 Firefox/62.0"
45.119.84.149 - - [06/Jul/2021:00:59:52 -0400] "POST /xmlrpc.php HTTP/1.1" 200 5786 "-" "Mozilla/5.0 (X11; Ubuntu; Linux x86_64; rv:62.0) Gecko/20100101 Firefox/62.0"
204.48.19.85 - - [06/Jul/2021:01:20:44 -0400] "POST /wp-cron.php?doing_wp_cron=1625548844.8654150962829589843750 HTTP/1.1" 200 6229 "https://suncoastoutdoor.net/wp-cron.php?doing_wp_cron=1625548844.8654150962829589843750" "WordPress/5.7.2; https://suncoastoutdoor.net"
47.114.3.188 - - [06/Jul/2021:01:20:44 -0400] "GET /wp-login.php HTTP/1.1" 200 8032 "-" "Mozilla/5.0 (X11; Ubuntu; Linux x86_64; rv:62.0) Gecko/20100101 Firefox/62.0"
47.114.3.188 - - [06/Jul/2021:01:20:46 -0400] "POST /wp-login.php HTTP/1.1" 200 8156 "-" "Mozilla/5.0 (X11; Ubuntu; Linux x86_64; rv:62.0) Gecko/20100101 Firefox/62.0"
204.48.19.85 - - [06/Jul/2021:01:20:49 -0400] "POST /wp-cron.php?doing_wp_cron=1625548849.0630850791931152343750 HTTP/1.1" 200 6261 "https://suncoastoutdoor.net/wp-cron.php?doing_wp_cron=1625548849.0630850791931152343750" "WordPress/5.7.2; https://suncoastoutdoor.net"
47.114.3.188 - - [06/Jul/2021:01:20:48 -0400] "GET /wp-login.php HTTP/1.1" 200 8032 "-" "Mozilla/5.0 (X11; Ubuntu; Linux x86_64; rv:62.0) Gecko/20100101 Firefox/62.0"
47.114.3.188 - - [06/Jul/2021:01:20:50 -0400] "POST /wp-login.php HTTP/1.1" 200 8134 "-" "Mozilla/5.0 (X11; Ubuntu; Linux x86_64; rv:62.0) Gecko/20100101 Firefox/62.0"
47.114.3.188 - - [06/Jul/2021:01:20:52 -0400] "POST /xmlrpc.php HTTP/1.1" 200 5786 "-" "Mozilla/5.0 (X11; Ubuntu; Linux x86_64; rv:62.0) Gecko/20100101 Firefox/62.0"
204.48.19.85 - - [06/Jul/2021:01:43:13 -0400] "POST /wp-cron.php?doing_wp_cron=1625550193.3822710514068603515625 HTTP/1.1" 200 6229 "https://suncoastoutdoor.net/wp-cron.php?doing_wp_cron=1625550193.3822710514068603515625" "WordPress/5.7.2; https://suncoastoutdoor.net"
95.216.161.194 - - [06/Jul/2021:01:43:12 -0400] "GET /wp-login.php HTTP/1.1" 200 8032 "-" "Mozilla/5.0 (X11; Ubuntu; Linux x86_64; rv:62.0) Gecko/20100101 Firefox/62.0"
95.216.161.194 - - [06/Jul/2021:01:43:14 -0400] "POST /wp-login.php HTTP/1.1" 200 8156 "-" "Mozilla/5.0 (X11; Ubuntu; Linux x86_64; rv:62.0) Gecko/20100101 Firefox/62.0"
95.216.161.194 - - [06/Jul/2021:01:43:15 -0400] "GET /wp-login.php HTTP/1.1" 200 8032 "-" "Mozilla/5.0 (X11; Ubuntu; Linux x86_64; rv:62.0) Gecko/20100101 Firefox/62.0"
95.216.161.194 - - [06/Jul/2021:01:43:16 -0400] "POST /wp-login.php HTTP/1.1" 200 8134 "-" "Mozilla/5.0 (X11; Ubuntu; Linux x86_64; rv:62.0) Gecko/20100101 Firefox/62.0"
95.216.161.194 - - [06/Jul/2021:01:43:16 -0400] "POST /xmlrpc.php HTTP/1.1" 200 5786 "-" "Mozilla/5.0 (X11; Ubuntu; Linux x86_64; rv:62.0) Gecko/20100101 Firefox/62.0"
204.48.19.85 - - [06/Jul/2021:02:05:24 -0400] "POST /wp-cron.php?doing_wp_cron=1625551524.5895490646362304687500 HTTP/1.1" 200 6245 "https://suncoastoutdoor.net/wp-cron.php?doing_wp_cron=1625551524.5895490646362304687500" "WordPress/5.7.2; https://suncoastoutdoor.net"
212.227.89.27 - - [06/Jul/2021:02:05:23 -0400] "GET /wp-login.php HTTP/1.1" 200 8032 "-" "Mozilla/5.0 (X11; Ubuntu; Linux x86_64; rv:62.0) Gecko/20100101 Firefox/62.0"
212.227.89.27 - - [06/Jul/2021:02:05:25 -0400] "POST /wp-login.php HTTP/1.1" 200 8156 "-" "Mozilla/5.0 (X11; Ubuntu; Linux x86_64; rv:62.0) Gecko/20100101 Firefox/62.0"
212.227.89.27 - - [06/Jul/2021:02:05:26 -0400] "GET /wp-login.php HTTP/1.1" 200 8032 "-" "Mozilla/5.0 (X11; Ubuntu; Linux x86_64; rv:62.0) Gecko/20100101 Firefox/62.0"
212.227.89.27 - - [06/Jul/2021:02:05:27 -0400] "POST /wp-login.php HTTP/1.1" 200 8134 "-" "Mozilla/5.0 (X11; Ubuntu; Linux x86_64; rv:62.0) Gecko/20100101 Firefox/62.0"
212.227.89.27 - - [06/Jul/2021:02:05:28 -0400] "POST /xmlrpc.php HTTP/1.1" 200 5786 "-" "Mozilla/5.0 (X11; Ubuntu; Linux x86_64; rv:62.0) Gecko/20100101 Firefox/62.0"
204.48.19.85 - - [06/Jul/2021:02:28:54 -0400] "POST /wp-cron.php?doing_wp_cron=1625552934.3683609962463378906250 HTTP/1.1" 200 6261 "https://suncoastoutdoor.net/wp-cron.php?doing_wp_cron=1625552934.3683609962463378906250" "WordPress/5.7.2; https://suncoastoutdoor.net"
5.189.186.123 - - [06/Jul/2021:02:28:53 -0400] "GET /wp-login.php HTTP/1.1" 200 8032 "-" "Mozilla/5.0 (X11; Ubuntu; Linux x86_64; rv:62.0) Gecko/20100101 Firefox/62.0"
5.189.186.123 - - [06/Jul/2021:02:28:55 -0400] "POST /wp-login.php HTTP/1.1" 200 8156 "-" "Mozilla/5.0 (X11; Ubuntu; Linux x86_64; rv:62.0) Gecko/20100101 Firefox/62.0"
5.189.186.123 - - [06/Jul/2021:02:28:56 -0400] "GET /wp-login.php HTTP/1.1" 200 8032 "-" "Mozilla/5.0 (X11; Ubuntu; Linux x86_64; rv:62.0) Gecko/20100101 Firefox/62.0"
5.189.186.123 - - [06/Jul/2021:02:28:57 -0400] "POST /wp-login.php HTTP/1.1" 200 8134 "-" "Mozilla/5.0 (X11; Ubuntu; Linux x86_64; rv:62.0) Gecko/20100101 Firefox/62.0"
5.189.186.123 - - [06/Jul/2021:02:28:59 -0400] "POST /xmlrpc.php HTTP/1.1" 200 5786 "-" "Mozilla/5.0 (X11; Ubuntu; Linux x86_64; rv:62.0) Gecko/20100101 Firefox/62.0"
204.48.19.85 - - [06/Jul/2021:02:50:36 -0400] "POST /wp-cron.php?doing_wp_cron=1625554236.5454490184783935546875 HTTP/1.1" 200 6245 "https://suncoastoutdoor.net/wp-cron.php?doing_wp_cron=1625554236.5454490184783935546875" "WordPress/5.7.2; https://suncoastoutdoor.net"
93.113.111.153 - - [06/Jul/2021:02:50:36 -0400] "GET /wp-login.php HTTP/1.1" 200 8032 "-" "Mozilla/5.0 (X11; Ubuntu; Linux x86_64; rv:62.0) Gecko/20100101 Firefox/62.0"
93.113.111.153 - - [06/Jul/2021:02:50:37 -0400] "POST /wp-login.php HTTP/1.1" 200 8156 "-" "Mozilla/5.0 (X11; Ubuntu; Linux x86_64; rv:62.0) Gecko/20100101 Firefox/62.0"
93.113.111.153 - - [06/Jul/2021:02:50:38 -0400] "GET /wp-login.php HTTP/1.1" 200 8032 "-" "Mozilla/5.0 (X11; Ubuntu; Linux x86_64; rv:62.0) Gecko/20100101 Firefox/62.0"
93.113.111.153 - - [06/Jul/2021:02:50:38 -0400] "POST /wp-login.php HTTP/1.1" 200 8134 "-" "Mozilla/5.0 (X11; Ubuntu; Linux x86_64; rv:62.0) Gecko/20100101 Firefox/62.0"
93.113.111.153 - - [06/Jul/2021:02:50:39 -0400] "POST /xmlrpc.php HTTP/1.1" 200 5786 "-" "Mozilla/5.0 (X11; Ubuntu; Linux x86_64; rv:62.0) Gecko/20100101 Firefox/62.0"
89.47.58.158 - - [06/Jul/2021:03:11:52 -0400] "GET /wp-login.php HTTP/1.1" 200 8032 "-" "Mozilla/5.0 (X11; Ubuntu; Linux x86_64; rv:62.0) Gecko/20100101 Firefox/62.0"
204.48.19.85 - - [06/Jul/2021:03:11:53 -0400] "POST /wp-cron.php?doing_wp_cron=1625555513.6827020645141601562500 HTTP/1.1" 200 6261 "https://suncoastoutdoor.net/wp-cron.php?doing_wp_cron=1625555513.6827020645141601562500" "WordPress/5.7.2; https://suncoastoutdoor.net"
89.47.58.158 - - [06/Jul/2021:03:11:54 -0400] "POST /wp-login.php HTTP/1.1" 200 8156 "-" "Mozilla/5.0 (X11; Ubuntu; Linux x86_64; rv:62.0) Gecko/20100101 Firefox/62.0"
89.47.58.158 - - [06/Jul/2021:03:11:55 -0400] "GET /wp-login.php HTTP/1.1" 200 8032 "-" "Mozilla/5.0 (X11; Ubuntu; Linux x86_64; rv:62.0) Gecko/20100101 Firefox/62.0"
89.47.58.158 - - [06/Jul/2021:03:11:56 -0400] "POST /wp-login.php HTTP/1.1" 200 8134 "-" "Mozilla/5.0 (X11; Ubuntu; Linux x86_64; rv:62.0) Gecko/20100101 Firefox/62.0"
89.47.58.158 - - [06/Jul/2021:03:11:57 -0400] "POST /xmlrpc.php HTTP/1.1" 200 5786 "-" "Mozilla/5.0 (X11; Ubuntu; Linux x86_64; rv:62.0) Gecko/20100101 Firefox/62.0"
194.233.68.194 - - [06/Jul/2021:03:17:23 -0400] "GET /wp-login.php HTTP/1.1" 301 573 "-" "Mozilla/5.0 (X11; Ubuntu; Linux x86_64; rv:62.0) Gecko/20100101 Firefox/62.0"
204.48.19.85 - - [06/Jul/2021:03:17:25 -0400] "POST /wp-cron.php?doing_wp_cron=1625555845.0717899799346923828125 HTTP/1.1" 200 6245 "https://suncoastoutdoor.net/wp-cron.php?doing_wp_cron=1625555845.0717899799346923828125" "WordPress/5.7.2; https://suncoastoutdoor.net"
194.233.68.194 - - [06/Jul/2021:03:17:24 -0400] "GET /wp-login.php HTTP/1.1" 200 8032 "http://suncoastoutdoor.net/wp-login.php" "Mozilla/5.0 (X11; Ubuntu; Linux x86_64; rv:62.0) Gecko/20100101 Firefox/62.0"
194.233.68.194 - - [06/Jul/2021:03:17:26 -0400] "GET ///?author=1 HTTP/1.1" 301 567 "-" "Mozilla/5.0 (X11; Ubuntu; Linux x86_64; rv:62.0) Gecko/20100101 Firefox/62.0"
194.233.68.194 - - [06/Jul/2021:03:17:26 -0400] "GET /?author=1 HTTP/1.1" 301 5616 "http://suncoastoutdoor.net///?author=1" "Mozilla/5.0 (X11; Ubuntu; Linux x86_64; rv:62.0) Gecko/20100101 Firefox/62.0"
194.233.68.194 - - [06/Jul/2021:03:17:28 -0400] "GET /index.php/author/root/ HTTP/1.1" 200 16847 "https://suncoastoutdoor.net/?author=1" "Mozilla/5.0 (X11; Ubuntu; Linux x86_64; rv:62.0) Gecko/20100101 Firefox/62.0"
194.233.68.194 - - [06/Jul/2021:03:17:29 -0400] "GET ///wp-json/wp/v2/users/ HTTP/1.1" 301 589 "-" "Mozilla/5.0 (X11; Ubuntu; Linux x86_64; rv:62.0) Gecko/20100101 Firefox/62.0"
194.233.68.194 - - [06/Jul/2021:03:17:30 -0400] "GET /wp-json/wp/v2/users/ HTTP/1.1" 404 5809 "http://suncoastoutdoor.net///wp-json/wp/v2/users/" "Mozilla/5.0 (X11; Ubuntu; Linux x86_64; rv:62.0) Gecko/20100101 Firefox/62.0"
194.233.68.194 - - [06/Jul/2021:03:17:30 -0400] "GET ///?author=2 HTTP/1.1" 301 567 "-" "Mozilla/5.0 (X11; Ubuntu; Linux x86_64; rv:62.0) Gecko/20100101 Firefox/62.0"
194.233.68.194 - - [06/Jul/2021:03:17:31 -0400] "GET /?author=2 HTTP/1.1" 200 16852 "http://suncoastoutdoor.net///?author=2" "Mozilla/5.0 (X11; Ubuntu; Linux x86_64; rv:62.0) Gecko/20100101 Firefox/62.0"
194.233.68.194 - - [06/Jul/2021:03:17:32 -0400] "GET ///?author=3 HTTP/1.1" 301 567 "-" "Mozilla/5.0 (X11; Ubuntu; Linux x86_64; rv:62.0) Gecko/20100101 Firefox/62.0"
194.233.68.194 - - [06/Jul/2021:03:17:33 -0400] "GET /?author=3 HTTP/1.1" 404 52252 "http://suncoastoutdoor.net///?author=3" "Mozilla/5.0 (X11; Ubuntu; Linux x86_64; rv:62.0) Gecko/20100101 Firefox/62.0"
204.48.19.85 - - [06/Jul/2021:03:30:46 -0400] "POST /wp-cron.php?doing_wp_cron=1625556646.8952798843383789062500 HTTP/1.1" 200 6261 "https://suncoastoutdoor.net/wp-cron.php?doing_wp_cron=1625556646.8952798843383789062500" "WordPress/5.7.2; https://suncoastoutdoor.net"
161.35.27.209 - - [06/Jul/2021:03:30:46 -0400] "GET /wp-login.php HTTP/1.1" 200 8032 "-" "Mozilla/5.0 (X11; Ubuntu; Linux x86_64; rv:62.0) Gecko/20100101 Firefox/62.0"
204.48.19.85 - - [06/Jul/2021:03:30:48 -0400] "POST /wp-cron.php?doing_wp_cron=1625556648.3720951080322265625000 HTTP/1.1" 200 6229 "https://suncoastoutdoor.net/wp-cron.php?doing_wp_cron=1625556648.3720951080322265625000" "WordPress/5.7.2; https://suncoastoutdoor.net"
161.35.27.209 - - [06/Jul/2021:03:30:47 -0400] "POST /wp-login.php HTTP/1.1" 200 8156 "-" "Mozilla/5.0 (X11; Ubuntu; Linux x86_64; rv:62.0) Gecko/20100101 Firefox/62.0"
161.35.27.209 - - [06/Jul/2021:03:30:49 -0400] "GET /wp-login.php HTTP/1.1" 200 8032 "-" "Mozilla/5.0 (X11; Ubuntu; Linux x86_64; rv:62.0) Gecko/20100101 Firefox/62.0"
161.35.27.209 - - [06/Jul/2021:03:30:50 -0400] "POST /wp-login.php HTTP/1.1" 200 8134 "-" "Mozilla/5.0 (X11; Ubuntu; Linux x86_64; rv:62.0) Gecko/20100101 Firefox/62.0"
161.35.27.209 - - [06/Jul/2021:03:30:51 -0400] "POST /xmlrpc.php HTTP/1.1" 200 5786 "-" "Mozilla/5.0 (X11; Ubuntu; Linux x86_64; rv:62.0) Gecko/20100101 Firefox/62.0"
204.48.19.85 - - [06/Jul/2021:03:48:52 -0400] "POST /wp-cron.php?doing_wp_cron=1625557732.3641669750213623046875 HTTP/1.1" 200 6261 "https://suncoastoutdoor.net/wp-cron.php?doing_wp_cron=1625557732.3641669750213623046875" "WordPress/5.7.2; https://suncoastoutdoor.net"
65.2.132.49 - - [06/Jul/2021:03:48:51 -0400] "GET /wp-login.php HTTP/1.1" 200 8032 "-" "Mozilla/5.0 (X11; Ubuntu; Linux x86_64; rv:62.0) Gecko/20100101 Firefox/62.0"
65.2.132.49 - - [06/Jul/2021:03:48:53 -0400] "POST /wp-login.php HTTP/1.1" 200 8156 "-" "Mozilla/5.0 (X11; Ubuntu; Linux x86_64; rv:62.0) Gecko/20100101 Firefox/62.0"
65.2.132.49 - - [06/Jul/2021:03:48:55 -0400] "GET /wp-login.php HTTP/1.1" 200 8032 "-" "Mozilla/5.0 (X11; Ubuntu; Linux x86_64; rv:62.0) Gecko/20100101 Firefox/62.0"
65.2.132.49 - - [06/Jul/2021:03:48:57 -0400] "POST /wp-login.php HTTP/1.1" 200 8134 "-" "Mozilla/5.0 (X11; Ubuntu; Linux x86_64; rv:62.0) Gecko/20100101 Firefox/62.0"
65.2.132.49 - - [06/Jul/2021:03:48:58 -0400] "POST /xmlrpc.php HTTP/1.1" 200 5786 "-" "Mozilla/5.0 (X11; Ubuntu; Linux x86_64; rv:62.0) Gecko/20100101 Firefox/62.0"
204.48.19.85 - - [06/Jul/2021:04:07:25 -0400] "POST /wp-cron.php?doing_wp_cron=1625558845.4274690151214599609375 HTTP/1.1" 200 6245 "https://suncoastoutdoor.net/wp-cron.php?doing_wp_cron=1625558845.4274690151214599609375" "WordPress/5.7.2; https://suncoastoutdoor.net"
173.236.169.240 - - [06/Jul/2021:04:07:24 -0400] "GET /wp-login.php HTTP/1.1" 200 8032 "-" "Mozilla/5.0 (X11; Ubuntu; Linux x86_64; rv:62.0) Gecko/20100101 Firefox/62.0"
173.236.169.240 - - [06/Jul/2021:04:07:25 -0400] "POST /wp-login.php HTTP/1.1" 200 8156 "-" "Mozilla/5.0 (X11; Ubuntu; Linux x86_64; rv:62.0) Gecko/20100101 Firefox/62.0"
173.236.169.240 - - [06/Jul/2021:04:07:26 -0400] "GET /wp-login.php HTTP/1.1" 200 8032 "-" "Mozilla/5.0 (X11; Ubuntu; Linux x86_64; rv:62.0) Gecko/20100101 Firefox/62.0"
173.236.169.240 - - [06/Jul/2021:04:07:27 -0400] "POST /wp-login.php HTTP/1.1" 200 8134 "-" "Mozilla/5.0 (X11; Ubuntu; Linux x86_64; rv:62.0) Gecko/20100101 Firefox/62.0"
173.236.169.240 - - [06/Jul/2021:04:07:27 -0400] "POST /xmlrpc.php HTTP/1.1" 200 5786 "-" "Mozilla/5.0 (X11; Ubuntu; Linux x86_64; rv:62.0) Gecko/20100101 Firefox/62.0"
204.48.19.85 - - [06/Jul/2021:04:26:54 -0400] "POST /wp-cron.php?doing_wp_cron=1625560014.1659851074218750000000 HTTP/1.1" 200 6229 "https://suncoastoutdoor.net/wp-cron.php?doing_wp_cron=1625560014.1659851074218750000000" "WordPress/5.7.2; https://suncoastoutdoor.net"
139.162.239.166 - - [06/Jul/2021:04:26:53 -0400] "GET /wp-login.php HTTP/1.1" 200 8032 "-" "Mozilla/5.0 (X11; Ubuntu; Linux x86_64; rv:62.0) Gecko/20100101 Firefox/62.0"
139.162.239.166 - - [06/Jul/2021:04:26:55 -0400] "POST /wp-login.php HTTP/1.1" 200 8156 "-" "Mozilla/5.0 (X11; Ubuntu; Linux x86_64; rv:62.0) Gecko/20100101 Firefox/62.0"
139.162.239.166 - - [06/Jul/2021:04:26:56 -0400] "GET /wp-login.php HTTP/1.1" 200 8032 "-" "Mozilla/5.0 (X11; Ubuntu; Linux x86_64; rv:62.0) Gecko/20100101 Firefox/62.0"
139.162.239.166 - - [06/Jul/2021:04:26:56 -0400] "POST /wp-login.php HTTP/1.1" 200 8134 "-" "Mozilla/5.0 (X11; Ubuntu; Linux x86_64; rv:62.0) Gecko/20100101 Firefox/62.0"
139.162.239.166 - - [06/Jul/2021:04:26:57 -0400] "POST /xmlrpc.php HTTP/1.1" 200 5786 "-" "Mozilla/5.0 (X11; Ubuntu; Linux x86_64; rv:62.0) Gecko/20100101 Firefox/62.0"
204.48.19.85 - - [06/Jul/2021:04:48:06 -0400] "POST /wp-cron.php?doing_wp_cron=1625561286.9860939979553222656250 HTTP/1.1" 200 6229 "https://suncoastoutdoor.net/wp-cron.php?doing_wp_cron=1625561286.9860939979553222656250" "WordPress/5.7.2; https://suncoastoutdoor.net"
61.111.129.36 - - [06/Jul/2021:04:48:06 -0400] "GET /wp-login.php HTTP/1.1" 200 8032 "-" "Mozilla/5.0 (X11; Ubuntu; Linux x86_64; rv:62.0) Gecko/20100101 Firefox/62.0"
61.111.129.36 - - [06/Jul/2021:04:48:08 -0400] "POST /wp-login.php HTTP/1.1" 200 8156 "-" "Mozilla/5.0 (X11; Ubuntu; Linux x86_64; rv:62.0) Gecko/20100101 Firefox/62.0"
61.111.129.36 - - [06/Jul/2021:04:48:09 -0400] "GET /wp-login.php HTTP/1.1" 200 8032 "-" "Mozilla/5.0 (X11; Ubuntu; Linux x86_64; rv:62.0) Gecko/20100101 Firefox/62.0"
61.111.129.36 - - [06/Jul/2021:04:48:11 -0400] "POST /wp-login.php HTTP/1.1" 200 8134 "-" "Mozilla/5.0 (X11; Ubuntu; Linux x86_64; rv:62.0) Gecko/20100101 Firefox/62.0"
61.111.129.36 - - [06/Jul/2021:04:48:12 -0400] "POST /xmlrpc.php HTTP/1.1" 200 5786 "-" "Mozilla/5.0 (X11; Ubuntu; Linux x86_64; rv:62.0) Gecko/20100101 Firefox/62.0"
195.201.172.76 - - [06/Jul/2021:04:54:54 -0400] "GET /wp-login.php HTTP/1.1" 301 573 "-" "Mozilla/5.0 (X11; Ubuntu; Linux x86_64; rv:62.0) Gecko/20100101 Firefox/62.0"
204.48.19.85 - - [06/Jul/2021:04:54:55 -0400] "POST /wp-cron.php?doing_wp_cron=1625561695.6099460124969482421875 HTTP/1.1" 200 6245 "https://suncoastoutdoor.net/wp-cron.php?doing_wp_cron=1625561695.6099460124969482421875" "WordPress/5.7.2; https://suncoastoutdoor.net"
195.201.172.76 - - [06/Jul/2021:04:54:55 -0400] "GET /wp-login.php HTTP/1.1" 200 8032 "http://suncoastoutdoor.net/wp-login.php" "Mozilla/5.0 (X11; Ubuntu; Linux x86_64; rv:62.0) Gecko/20100101 Firefox/62.0"
195.201.172.76 - - [06/Jul/2021:04:54:56 -0400] "GET ///?author=1 HTTP/1.1" 301 567 "-" "Mozilla/5.0 (X11; Ubuntu; Linux x86_64; rv:62.0) Gecko/20100101 Firefox/62.0"
195.201.172.76 - - [06/Jul/2021:04:54:56 -0400] "GET /?author=1 HTTP/1.1" 301 5616 "http://suncoastoutdoor.net///?author=1" "Mozilla/5.0 (X11; Ubuntu; Linux x86_64; rv:62.0) Gecko/20100101 Firefox/62.0"
195.201.172.76 - - [06/Jul/2021:04:54:57 -0400] "GET /index.php/author/root/ HTTP/1.1" 200 16849 "https://suncoastoutdoor.net/?author=1" "Mozilla/5.0 (X11; Ubuntu; Linux x86_64; rv:62.0) Gecko/20100101 Firefox/62.0"
195.201.172.76 - - [06/Jul/2021:04:54:58 -0400] "GET ///wp-json/wp/v2/users/ HTTP/1.1" 301 589 "-" "Mozilla/5.0 (X11; Ubuntu; Linux x86_64; rv:62.0) Gecko/20100101 Firefox/62.0"
195.201.172.76 - - [06/Jul/2021:04:54:58 -0400] "GET /wp-json/wp/v2/users/ HTTP/1.1" 404 5809 "http://suncoastoutdoor.net///wp-json/wp/v2/users/" "Mozilla/5.0 (X11; Ubuntu; Linux x86_64; rv:62.0) Gecko/20100101 Firefox/62.0"
195.201.172.76 - - [06/Jul/2021:04:54:58 -0400] "GET ///?author=2 HTTP/1.1" 301 567 "-" "Mozilla/5.0 (X11; Ubuntu; Linux x86_64; rv:62.0) Gecko/20100101 Firefox/62.0"
195.201.172.76 - - [06/Jul/2021:04:54:59 -0400] "GET /?author=2 HTTP/1.1" 200 16854 "http://suncoastoutdoor.net///?author=2" "Mozilla/5.0 (X11; Ubuntu; Linux x86_64; rv:62.0) Gecko/20100101 Firefox/62.0"
195.201.172.76 - - [06/Jul/2021:04:54:59 -0400] "GET ///?author=3 HTTP/1.1" 301 567 "-" "Mozilla/5.0 (X11; Ubuntu; Linux x86_64; rv:62.0) Gecko/20100101 Firefox/62.0"
195.201.172.76 - - [06/Jul/2021:04:55:00 -0400] "GET /?author=3 HTTP/1.1" 404 52188 "http://suncoastoutdoor.net///?author=3" "Mozilla/5.0 (X11; Ubuntu; Linux x86_64; rv:62.0) Gecko/20100101 Firefox/62.0"
204.48.19.85 - - [06/Jul/2021:05:09:26 -0400] "POST /wp-cron.php?doing_wp_cron=1625562566.0432500839233398437500 HTTP/1.1" 200 6229 "https://suncoastoutdoor.net/wp-cron.php?doing_wp_cron=1625562566.0432500839233398437500" "WordPress/5.7.2; https://suncoastoutdoor.net"
132.148.130.78 - - [06/Jul/2021:05:09:25 -0400] "GET /wp-login.php HTTP/1.1" 200 8032 "-" "Mozilla/5.0 (X11; Ubuntu; Linux x86_64; rv:62.0) Gecko/20100101 Firefox/62.0"
132.148.130.78 - - [06/Jul/2021:05:09:26 -0400] "POST /wp-login.php HTTP/1.1" 200 8156 "-" "Mozilla/5.0 (X11; Ubuntu; Linux x86_64; rv:62.0) Gecko/20100101 Firefox/62.0"
132.148.130.78 - - [06/Jul/2021:05:09:27 -0400] "GET /wp-login.php HTTP/1.1" 200 8032 "-" "Mozilla/5.0 (X11; Ubuntu; Linux x86_64; rv:62.0) Gecko/20100101 Firefox/62.0"
132.148.130.78 - - [06/Jul/2021:05:09:28 -0400] "POST /wp-login.php HTTP/1.1" 200 8134 "-" "Mozilla/5.0 (X11; Ubuntu; Linux x86_64; rv:62.0) Gecko/20100101 Firefox/62.0"
132.148.130.78 - - [06/Jul/2021:05:09:29 -0400] "POST /xmlrpc.php HTTP/1.1" 200 5786 "-" "Mozilla/5.0 (X11; Ubuntu; Linux x86_64; rv:62.0) Gecko/20100101 Firefox/62.0"
204.48.19.85 - - [06/Jul/2021:05:32:16 -0400] "POST /wp-cron.php?doing_wp_cron=1625563936.8539729118347167968750 HTTP/1.1" 200 6261 "https://suncoastoutdoor.net/wp-cron.php?doing_wp_cron=1625563936.8539729118347167968750" "WordPress/5.7.2; https://suncoastoutdoor.net"
128.199.249.213 - - [06/Jul/2021:05:32:16 -0400] "GET /wp-login.php HTTP/1.1" 200 8032 "-" "Mozilla/5.0 (X11; Ubuntu; Linux x86_64; rv:62.0) Gecko/20100101 Firefox/62.0"
128.199.249.213 - - [06/Jul/2021:05:32:18 -0400] "POST /wp-login.php HTTP/1.1" 200 8156 "-" "Mozilla/5.0 (X11; Ubuntu; Linux x86_64; rv:62.0) Gecko/20100101 Firefox/62.0"
128.199.249.213 - - [06/Jul/2021:05:32:24 -0400] "GET /wp-login.php HTTP/1.1" 200 8032 "-" "Mozilla/5.0 (X11; Ubuntu; Linux x86_64; rv:62.0) Gecko/20100101 Firefox/62.0"
128.199.249.213 - - [06/Jul/2021:05:32:31 -0400] "POST /wp-login.php HTTP/1.1" 200 8134 "-" "Mozilla/5.0 (X11; Ubuntu; Linux x86_64; rv:62.0) Gecko/20100101 Firefox/62.0"
128.199.249.213 - - [06/Jul/2021:05:32:33 -0400] "POST /xmlrpc.php HTTP/1.1" 200 5786 "-" "Mozilla/5.0 (X11; Ubuntu; Linux x86_64; rv:62.0) Gecko/20100101 Firefox/62.0"
68.183.130.128 - - [06/Jul/2021:05:42:15 -0400] "GET /.env HTTP/1.1" 301 594 "-" "Mozilla/5.0 (X11; Linux x86_64) AppleWebKit/537.36 (KHTML, like Gecko) Chrome/81.0.4044.129 Safari/537.36"
68.183.130.128 - - [06/Jul/2021:05:42:15 -0400] "POST / HTTP/1.1" 301 586 "-" "Mozilla/5.0 (X11; Linux x86_64) AppleWebKit/537.36 (KHTML, like Gecko) Chrome/81.0.4044.129 Safari/537.36"
204.48.19.85 - - [06/Jul/2021:05:53:15 -0400] "POST /wp-cron.php?doing_wp_cron=1625565195.6647291183471679687500 HTTP/1.1" 200 6245 "https://suncoastoutdoor.net/wp-cron.php?doing_wp_cron=1625565195.6647291183471679687500" "WordPress/5.7.2; https://suncoastoutdoor.net"
212.227.89.27 - - [06/Jul/2021:05:53:15 -0400] "GET /wp-login.php HTTP/1.1" 200 8032 "-" "Mozilla/5.0 (X11; Ubuntu; Linux x86_64; rv:62.0) Gecko/20100101 Firefox/62.0"
212.227.89.27 - - [06/Jul/2021:05:53:16 -0400] "POST /wp-login.php HTTP/1.1" 200 8156 "-" "Mozilla/5.0 (X11; Ubuntu; Linux x86_64; rv:62.0) Gecko/20100101 Firefox/62.0"
212.227.89.27 - - [06/Jul/2021:05:53:17 -0400] "GET /wp-login.php HTTP/1.1" 200 8032 "-" "Mozilla/5.0 (X11; Ubuntu; Linux x86_64; rv:62.0) Gecko/20100101 Firefox/62.0"
212.227.89.27 - - [06/Jul/2021:05:53:18 -0400] "POST /wp-login.php HTTP/1.1" 200 8134 "-" "Mozilla/5.0 (X11; Ubuntu; Linux x86_64; rv:62.0) Gecko/20100101 Firefox/62.0"
212.227.89.27 - - [06/Jul/2021:05:53:19 -0400] "POST /xmlrpc.php HTTP/1.1" 200 5786 "-" "Mozilla/5.0 (X11; Ubuntu; Linux x86_64; rv:62.0) Gecko/20100101 Firefox/62.0"
204.48.19.85 - - [06/Jul/2021:06:17:09 -0400] "POST /wp-cron.php?doing_wp_cron=1625566629.5422539710998535156250 HTTP/1.1" 200 6245 "https://suncoastoutdoor.net/wp-cron.php?doing_wp_cron=1625566629.5422539710998535156250" "WordPress/5.7.2; https://suncoastoutdoor.net"
61.111.129.36 - - [06/Jul/2021:06:17:09 -0400] "GET /wp-login.php HTTP/1.1" 200 8032 "-" "Mozilla/5.0 (X11; Ubuntu; Linux x86_64; rv:62.0) Gecko/20100101 Firefox/62.0"
61.111.129.36 - - [06/Jul/2021:06:17:10 -0400] "POST /wp-login.php HTTP/1.1" 200 8156 "-" "Mozilla/5.0 (X11; Ubuntu; Linux x86_64; rv:62.0) Gecko/20100101 Firefox/62.0"
61.111.129.36 - - [06/Jul/2021:06:17:12 -0400] "GET /wp-login.php HTTP/1.1" 200 8032 "-" "Mozilla/5.0 (X11; Ubuntu; Linux x86_64; rv:62.0) Gecko/20100101 Firefox/62.0"
61.111.129.36 - - [06/Jul/2021:06:17:13 -0400] "POST /wp-login.php HTTP/1.1" 200 8134 "-" "Mozilla/5.0 (X11; Ubuntu; Linux x86_64; rv:62.0) Gecko/20100101 Firefox/62.0"
61.111.129.36 - - [06/Jul/2021:06:17:14 -0400] "POST /xmlrpc.php HTTP/1.1" 200 5786 "-" "Mozilla/5.0 (X11; Ubuntu; Linux x86_64; rv:62.0) Gecko/20100101 Firefox/62.0"
204.48.19.85 - - [06/Jul/2021:06:39:31 -0400] "POST /wp-cron.php?doing_wp_cron=1625567971.7077090740203857421875 HTTP/1.1" 200 6245 "https://suncoastoutdoor.net/wp-cron.php?doing_wp_cron=1625567971.7077090740203857421875" "WordPress/5.7.2; https://suncoastoutdoor.net"
184.168.126.206 - - [06/Jul/2021:06:39:30 -0400] "GET /wp-login.php HTTP/1.1" 200 8032 "-" "Mozilla/5.0 (X11; Ubuntu; Linux x86_64; rv:62.0) Gecko/20100101 Firefox/62.0"
184.168.126.206 - - [06/Jul/2021:06:39:33 -0400] "POST /wp-login.php HTTP/1.1" 200 8156 "-" "Mozilla/5.0 (X11; Ubuntu; Linux x86_64; rv:62.0) Gecko/20100101 Firefox/62.0"
184.168.126.206 - - [06/Jul/2021:06:39:34 -0400] "GET /wp-login.php HTTP/1.1" 200 8032 "-" "Mozilla/5.0 (X11; Ubuntu; Linux x86_64; rv:62.0) Gecko/20100101 Firefox/62.0"
184.168.126.206 - - [06/Jul/2021:06:39:36 -0400] "POST /wp-login.php HTTP/1.1" 200 8134 "-" "Mozilla/5.0 (X11; Ubuntu; Linux x86_64; rv:62.0) Gecko/20100101 Firefox/62.0"
184.168.126.206 - - [06/Jul/2021:06:39:37 -0400] "POST /xmlrpc.php HTTP/1.1" 200 5786 "-" "Mozilla/5.0 (X11; Ubuntu; Linux x86_64; rv:62.0) Gecko/20100101 Firefox/62.0"
68.183.130.128 - - [06/Jul/2021:06:45:33 -0400] "GET /.env HTTP/1.1" 301 606 "-" "Mozilla/5.0 (X11; Linux x86_64) AppleWebKit/537.36 (KHTML, like Gecko) Chrome/81.0.4044.129 Safari/537.36"
68.183.130.128 - - [06/Jul/2021:06:45:33 -0400] "POST / HTTP/1.1" 301 598 "-" "Mozilla/5.0 (X11; Linux x86_64) AppleWebKit/537.36 (KHTML, like Gecko) Chrome/81.0.4044.129 Safari/537.36"
204.48.19.85 - - [06/Jul/2021:06:56:19 -0400] "POST /wp-cron.php?doing_wp_cron=1625568979.4956009387969970703125 HTTP/1.1" 200 6245 "https://suncoastoutdoor.net/wp-cron.php?doing_wp_cron=1625568979.4956009387969970703125" "WordPress/5.7.2; https://suncoastoutdoor.net"
54.36.148.193 - - [06/Jul/2021:06:56:19 -0400] "GET /index.php/author/root/ HTTP/1.1" 200 17540 "-" "Mozilla/5.0 (compatible; AhrefsBot/7.0; +http://ahrefs.com/robot/)"
204.48.19.85 - - [06/Jul/2021:07:02:09 -0400] "POST /wp-cron.php?doing_wp_cron=1625569329.9464669227600097656250 HTTP/1.1" 200 6229 "https://suncoastoutdoor.net/wp-cron.php?doing_wp_cron=1625569329.9464669227600097656250" "WordPress/5.7.2; https://suncoastoutdoor.net"
78.142.210.210 - - [06/Jul/2021:07:02:09 -0400] "GET /wp-login.php HTTP/1.1" 200 8032 "-" "Mozilla/5.0 (X11; Ubuntu; Linux x86_64; rv:62.0) Gecko/20100101 Firefox/62.0"
78.142.210.210 - - [06/Jul/2021:07:02:11 -0400] "POST /wp-login.php HTTP/1.1" 200 8156 "-" "Mozilla/5.0 (X11; Ubuntu; Linux x86_64; rv:62.0) Gecko/20100101 Firefox/62.0"
78.142.210.210 - - [06/Jul/2021:07:02:12 -0400] "GET /wp-login.php HTTP/1.1" 200 8032 "-" "Mozilla/5.0 (X11; Ubuntu; Linux x86_64; rv:62.0) Gecko/20100101 Firefox/62.0"
78.142.210.210 - - [06/Jul/2021:07:02:13 -0400] "POST /wp-login.php HTTP/1.1" 200 8134 "-" "Mozilla/5.0 (X11; Ubuntu; Linux x86_64; rv:62.0) Gecko/20100101 Firefox/62.0"
78.142.210.210 - - [06/Jul/2021:07:02:14 -0400] "POST /xmlrpc.php HTTP/1.1" 200 5786 "-" "Mozilla/5.0 (X11; Ubuntu; Linux x86_64; rv:62.0) Gecko/20100101 Firefox/62.0"
204.48.19.85 - - [06/Jul/2021:07:27:29 -0400] "POST /wp-cron.php?doing_wp_cron=1625570849.2726900577545166015625 HTTP/1.1" 200 6229 "https://suncoastoutdoor.net/wp-cron.php?doing_wp_cron=1625570849.2726900577545166015625" "WordPress/5.7.2; https://suncoastoutdoor.net"
64.227.53.63 - - [06/Jul/2021:07:27:28 -0400] "GET /wp-login.php HTTP/1.1" 200 8032 "-" "Mozilla/5.0 (X11; Ubuntu; Linux x86_64; rv:62.0) Gecko/20100101 Firefox/62.0"
64.227.53.63 - - [06/Jul/2021:07:27:30 -0400] "POST /wp-login.php HTTP/1.1" 200 8156 "-" "Mozilla/5.0 (X11; Ubuntu; Linux x86_64; rv:62.0) Gecko/20100101 Firefox/62.0"
64.227.53.63 - - [06/Jul/2021:07:27:35 -0400] "GET /wp-login.php HTTP/1.1" 200 8032 "-" "Mozilla/5.0 (X11; Ubuntu; Linux x86_64; rv:62.0) Gecko/20100101 Firefox/62.0"
64.227.53.63 - - [06/Jul/2021:07:27:36 -0400] "POST /wp-login.php HTTP/1.1" 200 8134 "-" "Mozilla/5.0 (X11; Ubuntu; Linux x86_64; rv:62.0) Gecko/20100101 Firefox/62.0"
64.227.53.63 - - [06/Jul/2021:07:27:42 -0400] "POST /xmlrpc.php HTTP/1.1" 200 5786 "-" "Mozilla/5.0 (X11; Ubuntu; Linux x86_64; rv:62.0) Gecko/20100101 Firefox/62.0"
204.48.19.85 - - [06/Jul/2021:07:51:54 -0400] "POST /wp-cron.php?doing_wp_cron=1625572314.9623460769653320312500 HTTP/1.1" 200 6245 "https://suncoastoutdoor.net/wp-cron.php?doing_wp_cron=1625572314.9623460769653320312500" "WordPress/5.7.2; https://suncoastoutdoor.net"
195.224.117.82 - - [06/Jul/2021:07:51:54 -0400] "GET /wp-login.php HTTP/1.1" 200 8032 "-" "Mozilla/5.0 (X11; Ubuntu; Linux x86_64; rv:62.0) Gecko/20100101 Firefox/62.0"
195.224.117.82 - - [06/Jul/2021:07:52:00 -0400] "POST /wp-login.php HTTP/1.1" 200 8156 "-" "Mozilla/5.0 (X11; Ubuntu; Linux x86_64; rv:62.0) Gecko/20100101 Firefox/62.0"
195.224.117.82 - - [06/Jul/2021:07:52:01 -0400] "GET /wp-login.php HTTP/1.1" 200 8032 "-" "Mozilla/5.0 (X11; Ubuntu; Linux x86_64; rv:62.0) Gecko/20100101 Firefox/62.0"
195.224.117.82 - - [06/Jul/2021:07:52:03 -0400] "POST /wp-login.php HTTP/1.1" 200 8158 "-" "Mozilla/5.0 (X11; Ubuntu; Linux x86_64; rv:62.0) Gecko/20100101 Firefox/62.0"
195.224.117.82 - - [06/Jul/2021:07:52:04 -0400] "POST /xmlrpc.php HTTP/1.1" 200 5786 "-" "Mozilla/5.0 (X11; Ubuntu; Linux x86_64; rv:62.0) Gecko/20100101 Firefox/62.0"
204.48.19.85 - - [06/Jul/2021:07:58:18 -0400] "POST /wp-cron.php?doing_wp_cron=1625572698.5541028976440429687500 HTTP/1.1" 200 6245 "https://suncoastoutdoor.net/wp-cron.php?doing_wp_cron=1625572698.5541028976440429687500" "WordPress/5.7.2; https://suncoastoutdoor.net"
40.77.167.74 - - [06/Jul/2021:07:58:18 -0400] "GET / HTTP/1.1" 200 23087 "-" "Mozilla/5.0 (compatible; bingbot/2.0; +http://www.bing.com/bingbot.htm)"
40.77.190.60 - - [06/Jul/2021:07:58:20 -0400] "GET /wp-content/uploads/fusion-styles/4bed2601c1542c7ae83796428eec82cc.min.css?ver=3.2.1 HTTP/1.1" 200 1215270 "-" "Mozilla/5.0 (Windows NT 6.1; WOW64) AppleWebKit/534+ (KHTML, like Gecko) BingPreview/1.0b"
40.77.190.2 - - [06/Jul/2021:07:58:20 -0400] "GET /wp-includes/js/jquery/jquery-migrate.min.js?ver=3.3.2 HTTP/1.1" 200 17170 "-" "Mozilla/5.0 (Windows NT 6.1; WOW64) AppleWebKit/534+ (KHTML, like Gecko) BingPreview/1.0b"
40.77.188.9 - - [06/Jul/2021:07:58:20 -0400] "GET /wp-includes/js/jquery/jquery.min.js?ver=3.5.1 HTTP/1.1" 200 95588 "-" "Mozilla/5.0 (Windows NT 6.1; WOW64) AppleWebKit/534+ (KHTML, like Gecko) BingPreview/1.0b"
40.77.190.179 - - [06/Jul/2021:07:58:20 -0400] "GET /wp-content/plugins/revslider/public/assets/css/rs6.css?ver=6.3.3 HTTP/1.1" 200 66308 "-" "Mozilla/5.0 (Windows NT 6.1; WOW64) AppleWebKit/534+ (KHTML, like Gecko) BingPreview/1.0b"
40.77.188.9 - - [06/Jul/2021:07:58:20 -0400] "GET /wp-content/plugins/revslider/public/assets/js/rs6.min.js?ver=6.3.3 HTTP/1.1" 200 341337 "-" "Mozilla/5.0 (Windows NT 6.1; WOW64) AppleWebKit/534+ (KHTML, like Gecko) BingPreview/1.0b"
40.77.190.191 - - [06/Jul/2021:07:58:20 -0400] "GET /wp-content/plugins/revslider/public/assets/js/rbtools.min.js?ver=6.3.3 HTTP/1.1" 200 127873 "-" "Mozilla/5.0 (Windows NT 6.1; WOW64) AppleWebKit/534+ (KHTML, like Gecko) BingPreview/1.0b"
40.77.190.179 - - [06/Jul/2021:07:58:21 -0400] "GET /wp-includes/css/dist/block-library/style.min.css?ver=5.7.2 HTTP/1.1" 200 64190 "-" "Mozilla/5.0 (Windows NT 6.1; WOW64) AppleWebKit/534+ (KHTML, like Gecko) BingPreview/1.0b"
40.77.188.205 - - [06/Jul/2021:07:58:21 -0400] "GET /wp-includes/css/dist/block-library/theme.min.css?ver=5.7.2 HTTP/1.1" 200 8644 "-" "Mozilla/5.0 (Windows NT 6.1; WOW64) AppleWebKit/534+ (KHTML, like Gecko) BingPreview/1.0b"
40.77.190.179 - - [06/Jul/2021:07:58:21 -0400] "GET /wp-includes/js/dist/i18n.min.js?ver=db9a9a37da262883343e941c3731bc67 HTTP/1.1" 200 16112 "-" "Mozilla/5.0 (Windows NT 6.1; WOW64) AppleWebKit/534+ (KHTML, like Gecko) BingPreview/1.0b"
40.77.190.60 - - [06/Jul/2021:07:58:21 -0400] "GET /wp-includes/js/dist/vendor/lodash.min.js?ver=4.17.19 HTTP/1.1" 200 78868 "-" "Mozilla/5.0 (Windows NT 6.1; WOW64) AppleWebKit/534+ (KHTML, like Gecko) BingPreview/1.0b"
40.77.190.191 - - [06/Jul/2021:07:58:21 -0400] "GET /wp-includes/js/dist/vendor/wp-polyfill.min.js?ver=7.4.4 HTTP/1.1" 200 105431 "-" "Mozilla/5.0 (Windows NT 6.1; WOW64) AppleWebKit/534+ (KHTML, like Gecko) BingPreview/1.0b"
40.77.190.179 - - [06/Jul/2021:07:58:21 -0400] "GET /wp-includes/js/dist/url.min.js?ver=0ac7e0472c46121366e7ce07244be1ac HTTP/1.1" 200 14565 "-" "Mozilla/5.0 (Windows NT 6.1; WOW64) AppleWebKit/534+ (KHTML, like Gecko) BingPreview/1.0b"
40.77.188.28 - - [06/Jul/2021:07:58:21 -0400] "GET /wp-includes/js/dist/hooks.min.js?ver=50e23bed88bcb9e6e14023e9961698c1 HTTP/1.1" 200 12882 "-" "Mozilla/5.0 (Windows NT 6.1; WOW64) AppleWebKit/534+ (KHTML, like Gecko) BingPreview/1.0b"
40.77.188.205 - - [06/Jul/2021:07:58:21 -0400] "GET /wp-includes/js/dist/api-fetch.min.js?ver=a783d1f442d2abefc7d6dbd156a44561 HTTP/1.1" 200 18358 "-" "Mozilla/5.0 (Windows NT 6.1; WOW64) AppleWebKit/534+ (KHTML, like Gecko) BingPreview/1.0b"
40.77.188.205 - - [06/Jul/2021:07:58:21 -0400] "GET /wp-content/plugins/contact-form-7/includes/js/index.js?ver=5.4 HTTP/1.1" 200 16892 "-" "Mozilla/5.0 (Windows NT 6.1; WOW64) AppleWebKit/534+ (KHTML, like Gecko) BingPreview/1.0b"
40.77.190.191 - - [06/Jul/2021:07:58:22 -0400] "GET /wp-content/themes/Avada/includes/lib/assets/min/js/library/cssua.js?ver=2.1.28 HTTP/1.1" 200 9288 "-" "Mozilla/5.0 (Windows NT 6.1; WOW64) AppleWebKit/534+ (KHTML, like Gecko) BingPreview/1.0b"
40.77.189.246 - - [06/Jul/2021:07:58:22 -0400] "GET /wp-includes/js/wp-embed.min.js?ver=5.7.2 HTTP/1.1" 200 7341 "-" "Mozilla/5.0 (Windows NT 6.1; WOW64) AppleWebKit/534+ (KHTML, like Gecko) BingPreview/1.0b"
40.77.190.60 - - [06/Jul/2021:07:58:22 -0400] "GET /wp-content/plugins/fusion-builder/assets/js/min/general/fusion-column-bg-image.js?ver=1 HTTP/1.1" 200 8165 "-" "Mozilla/5.0 (Windows NT 6.1; WOW64) AppleWebKit/534+ (KHTML, like Gecko) BingPreview/1.0b"
40.77.190.191 - - [06/Jul/2021:07:58:22 -0400] "GET /wp-content/themes/Avada/includes/lib/assets/min/js/general/fusion.js?ver=3.2.1 HTTP/1.1" 200 9450 "-" "Mozilla/5.0 (Windows NT 6.1; WOW64) AppleWebKit/534+ (KHTML, like Gecko) BingPreview/1.0b"
40.77.190.2 - - [06/Jul/2021:07:58:22 -0400] "GET /wp-content/themes/Avada/includes/lib/assets/min/js/library/jquery.waypoints.js?ver=2.0.3 HTTP/1.1" 200 14778 "-" "Mozilla/5.0 (Windows NT 6.1; WOW64) AppleWebKit/534+ (KHTML, like Gecko) BingPreview/1.0b"
40.77.190.60 - - [06/Jul/2021:07:58:22 -0400] "GET /wp-content/themes/Avada/includes/lib/assets/min/js/library/jquery.requestAnimationFrame.js?ver=1 HTTP/1.1" 200 6609 "-" "Mozilla/5.0 (Windows NT 6.1; WOW64) AppleWebKit/534+ (KHTML, like Gecko) BingPreview/1.0b"
40.77.188.117 - - [06/Jul/2021:07:58:22 -0400] "GET /wp-content/themes/Avada/includes/lib/assets/min/js/library/bootstrap.tooltip.js?ver=3.3.5 HTTP/1.1" 200 16808 "-" "Mozilla/5.0 (Windows NT 6.1; WOW64) AppleWebKit/534+ (KHTML, like Gecko) BingPreview/1.0b"
40.77.190.60 - - [06/Jul/2021:07:58:22 -0400] "GET /wp-content/themes/Avada/includes/lib/assets/min/js/library/jquery.easing.js?ver=1.3 HTTP/1.1" 200 8227 "-" "Mozilla/5.0 (Windows NT 6.1; WOW64) AppleWebKit/534+ (KHTML, like Gecko) BingPreview/1.0b"
40.77.190.2 - - [06/Jul/2021:07:58:22 -0400] "GET /wp-content/themes/Avada/includes/lib/assets/min/js/library/jquery.fitvids.js?ver=1.1 HTTP/1.1" 200 7711 "-" "Mozilla/5.0 (Windows NT 6.1; WOW64) AppleWebKit/534+ (KHTML, like Gecko) BingPreview/1.0b"
40.77.188.28 - - [06/Jul/2021:07:58:22 -0400] "GET /wp-content/themes/Avada/includes/lib/assets/min/js/library/jquery.hoverflow.js?ver=1 HTTP/1.1" 200 6561 "-" "Mozilla/5.0 (Windows NT 6.1; WOW64) AppleWebKit/534+ (KHTML, like Gecko) BingPreview/1.0b"
40.77.189.246 - - [06/Jul/2021:07:58:22 -0400] "GET /wp-content/themes/Avada/includes/lib/assets/min/js/library/jquery.flexslider.js?ver=2.7.2 HTTP/1.1" 200 28310 "-" "Mozilla/5.0 (Windows NT 6.1; WOW64) AppleWebKit/534+ (KHTML, like Gecko) BingPreview/1.0b"
40.77.188.9 - - [06/Jul/2021:07:58:22 -0400] "GET /wp-content/themes/Avada/includes/lib/assets/min/js/library/jquery.mousewheel.js?ver=3.0.6 HTTP/1.1" 200 8548 "-" "Mozilla/5.0 (Windows NT 6.1; WOW64) AppleWebKit/534+ (KHTML, like Gecko) BingPreview/1.0b"
40.77.188.28 - - [06/Jul/2021:07:58:22 -0400] "GET /wp-content/themes/Avada/includes/lib/assets/min/js/library/jquery.placeholder.js?ver=2.0.7 HTTP/1.1" 200 8120 "-" "Mozilla/5.0 (Windows NT 6.1; WOW64) AppleWebKit/534+ (KHTML, like Gecko) BingPreview/1.0b"
40.77.190.2 - - [06/Jul/2021:07:58:22 -0400] "GET /wp-content/themes/Avada/includes/lib/assets/min/js/library/jquery.ilightbox.js?ver=2.2.3 HTTP/1.1" 200 88385 "-" "Mozilla/5.0 (Windows NT 6.1; WOW64) AppleWebKit/534+ (KHTML, like Gecko) BingPreview/1.0b"
40.77.188.28 - - [06/Jul/2021:07:58:22 -0400] "GET /wp-content/themes/Avada/includes/lib/assets/min/js/library/jquery.fade.js?ver=1 HTTP/1.1" 200 7077 "-" "Mozilla/5.0 (Windows NT 6.1; WOW64) AppleWebKit/534+ (KHTML, like Gecko) BingPreview/1.0b"
40.77.189.246 - - [06/Jul/2021:07:58:23 -0400] "GET /wp-content/themes/Avada/includes/lib/assets/min/js/general/fusion-equal-heights.js?ver=1 HTTP/1.1" 200 7332 "-" "Mozilla/5.0 (Windows NT 6.1; WOW64) AppleWebKit/534+ (KHTML, like Gecko) BingPreview/1.0b"
40.77.188.205 - - [06/Jul/2021:07:58:23 -0400] "GET /wp-content/themes/Avada/includes/lib/assets/min/js/library/fusion-parallax.js?ver=1 HTTP/1.1" 200 17950 "-" "Mozilla/5.0 (Windows NT 6.1; WOW64) AppleWebKit/534+ (KHTML, like Gecko) BingPreview/1.0b"
40.77.190.179 - - [06/Jul/2021:07:58:23 -0400] "GET /wp-content/themes/Avada/includes/lib/assets/min/js/library/fusion-video-general.js?ver=1 HTTP/1.1" 200 12748 "-" "Mozilla/5.0 (Windows NT 6.1; WOW64) AppleWebKit/534+ (KHTML, like Gecko) BingPreview/1.0b"
40.77.188.9 - - [06/Jul/2021:07:58:23 -0400] "GET /wp-content/themes/Avada/includes/lib/assets/min/js/library/fusion-video-bg.js?ver=1 HTTP/1.1" 200 11398 "-" "Mozilla/5.0 (Windows NT 6.1; WOW64) AppleWebKit/534+ (KHTML, like Gecko) BingPreview/1.0b"
40.77.188.28 - - [06/Jul/2021:07:58:23 -0400] "GET /wp-content/themes/Avada/includes/lib/assets/min/js/general/fusion-lightbox.js?ver=1 HTTP/1.1" 200 13224 "-" "Mozilla/5.0 (Windows NT 6.1; WOW64) AppleWebKit/534+ (KHTML, like Gecko) BingPreview/1.0b"
40.77.190.2 - - [06/Jul/2021:07:58:23 -0400] "GET /wp-content/themes/Avada/includes/lib/assets/min/js/general/fusion-tooltip.js?ver=1 HTTP/1.1" 200 7622 "-" "Mozilla/5.0 (Windows NT 6.1; WOW64) AppleWebKit/534+ (KHTML, like Gecko) BingPreview/1.0b"
40.77.190.191 - - [06/Jul/2021:07:58:23 -0400] "GET /wp-content/themes/Avada/includes/lib/assets/min/js/general/fusion-waypoints.js?ver=1 HTTP/1.1" 200 6417 "-" "Mozilla/5.0 (Windows NT 6.1; WOW64) AppleWebKit/534+ (KHTML, like Gecko) BingPreview/1.0b"
40.77.190.2 - - [06/Jul/2021:07:58:23 -0400] "GET /wp-content/themes/Avada/includes/lib/assets/min/js/library/jquery.sticky-kit.js?ver=1.1.2 HTTP/1.1" 200 11751 "-" "Mozilla/5.0 (Windows NT 6.1; WOW64) AppleWebKit/534+ (KHTML, like Gecko) BingPreview/1.0b"
40.77.188.28 - - [06/Jul/2021:07:58:23 -0400] "GET /wp-content/themes/Avada/includes/lib/assets/min/js/general/fusion-sharing-box.js?ver=1 HTTP/1.1" 200 6834 "-" "Mozilla/5.0 (Windows NT 6.1; WOW64) AppleWebKit/534+ (KHTML, like Gecko) BingPreview/1.0b"
40.77.190.191 - - [06/Jul/2021:07:58:23 -0400] "GET /wp-content/themes/Avada/includes/lib/assets/min/js/library/vimeoPlayer.js?ver=2.2.1 HTTP/1.1" 200 22548 "-" "Mozilla/5.0 (Windows NT 6.1; WOW64) AppleWebKit/534+ (KHTML, like Gecko) BingPreview/1.0b"
40.77.188.28 - - [06/Jul/2021:07:58:23 -0400] "GET /wp-content/themes/Avada/assets/min/js/general/avada-skip-link-focus-fix.js?ver=7.2.1 HTTP/1.1" 200 6239 "-" "Mozilla/5.0 (Windows NT 6.1; WOW64) AppleWebKit/534+ (KHTML, like Gecko) BingPreview/1.0b"
40.77.188.117 - - [06/Jul/2021:07:58:23 -0400] "GET /wp-content/themes/Avada/assets/min/js/general/avada-quantity.js?ver=7.2.1 HTTP/1.1" 200 7792 "-" "Mozilla/5.0 (Windows NT 6.1; WOW64) AppleWebKit/534+ (KHTML, like Gecko) BingPreview/1.0b"
40.77.189.246 - - [06/Jul/2021:07:58:23 -0400] "GET /wp-content/themes/Avada/assets/min/js/general/avada-select.js?ver=7.2.1 HTTP/1.1" 200 6596 "-" "Mozilla/5.0 (Windows NT 6.1; WOW64) AppleWebKit/534+ (KHTML, like Gecko) BingPreview/1.0b"
40.77.188.9 - - [06/Jul/2021:07:58:23 -0400] "GET /wp-content/themes/Avada/assets/min/js/general/avada-general-footer.js?ver=7.2.1 HTTP/1.1" 200 6327 "-" "Mozilla/5.0 (Windows NT 6.1; WOW64) AppleWebKit/534+ (KHTML, like Gecko) BingPreview/1.0b"
40.77.190.179 - - [06/Jul/2021:07:58:23 -0400] "GET /wp-content/themes/Avada/assets/min/js/library/bootstrap.scrollspy.js?ver=3.3.2 HTTP/1.1" 200 8653 "-" "Mozilla/5.0 (Windows NT 6.1; WOW64) AppleWebKit/534+ (KHTML, like Gecko) BingPreview/1.0b"
40.77.190.60 - - [06/Jul/2021:07:58:23 -0400] "GET /wp-content/themes/Avada/assets/min/js/general/avada-tabs-widget.js?ver=7.2.1 HTTP/1.1" 200 6412 "-" "Mozilla/5.0 (Windows NT 6.1; WOW64) AppleWebKit/534+ (KHTML, like Gecko) BingPreview/1.0b"
40.77.188.117 - - [06/Jul/2021:07:58:23 -0400] "GET /wp-content/themes/Avada/assets/min/js/general/avada-rev-styles.js?ver=7.2.1 HTTP/1.1" 200 8718 "-" "Mozilla/5.0 (Windows NT 6.1; WOW64) AppleWebKit/534+ (KHTML, like Gecko) BingPreview/1.0b"
40.77.190.60 - - [06/Jul/2021:07:58:24 -0400] "GET /wp-content/themes/Avada/assets/min/js/general/avada-live-search.js?ver=7.2.1 HTTP/1.1" 200 9006 "-" "Mozilla/5.0 (Windows NT 6.1; WOW64) AppleWebKit/534+ (KHTML, like Gecko) BingPreview/1.0b"
40.77.190.191 - - [06/Jul/2021:07:58:24 -0400] "GET /wp-content/themes/Avada/assets/min/js/general/avada-contact-form-7.js?ver=7.2.1 HTTP/1.1" 200 7490 "-" "Mozilla/5.0 (Windows NT 6.1; WOW64) AppleWebKit/534+ (KHTML, like Gecko) BingPreview/1.0b"
40.77.188.205 - - [06/Jul/2021:07:58:24 -0400] "GET /wp-content/themes/Avada/includes/lib/assets/min/js/general/fusion-alert.js?ver=5.7.2 HTTP/1.1" 200 6174 "-" "Mozilla/5.0 (Windows NT 6.1; WOW64) AppleWebKit/534+ (KHTML, like Gecko) BingPreview/1.0b"
40.77.190.60 - - [06/Jul/2021:07:58:24 -0400] "GET /wp-content/themes/Avada/includes/lib/assets/min/js/general/fusion-button.js?ver=5.7.2 HTTP/1.1" 200 6149 "-" "Mozilla/5.0 (Windows NT 6.1; WOW64) AppleWebKit/534+ (KHTML, like Gecko) BingPreview/1.0b"
40.77.190.2 - - [06/Jul/2021:07:58:24 -0400] "GET /wp-content/plugins/fusion-builder/assets/js/min/library/jquery.textillate.js?ver=2.0 HTTP/1.1" 200 11891 "-" "Mozilla/5.0 (Windows NT 6.1; WOW64) AppleWebKit/534+ (KHTML, like Gecko) BingPreview/1.0b"
40.77.188.28 - - [06/Jul/2021:07:58:24 -0400] "GET /wp-content/themes/Avada/includes/lib/assets/min/js/general/fusion-flexslider.js?ver=5.7.2 HTTP/1.1" 200 11779 "-" "Mozilla/5.0 (Windows NT 6.1; WOW64) AppleWebKit/534+ (KHTML, like Gecko) BingPreview/1.0b"
40.77.190.2 - - [06/Jul/2021:07:58:24 -0400] "GET /wp-content/plugins/fusion-builder/assets/js/min/general/fusion-title.js?ver=5.7.2 HTTP/1.1" 200 9823 "-" "Mozilla/5.0 (Windows NT 6.1; WOW64) AppleWebKit/534+ (KHTML, like Gecko) BingPreview/1.0b"
40.77.190.191 - - [06/Jul/2021:07:58:24 -0400] "GET /wp-content/plugins/fusion-builder/assets/js/min/general/fusion-container.js?ver=1 HTTP/1.1" 200 21779 "-" "Mozilla/5.0 (Windows NT 6.1; WOW64) AppleWebKit/534+ (KHTML, like Gecko) BingPreview/1.0b"
40.77.188.103 - - [06/Jul/2021:07:58:24 -0400] "GET /wp-content/themes/Avada/assets/min/js/general/avada-drop-down.js?ver=7.2.1 HTTP/1.1" 200 11784 "-" "Mozilla/5.0 (Windows NT 6.1; WOW64) AppleWebKit/534+ (KHTML, like Gecko) BingPreview/1.0b"
40.77.188.205 - - [06/Jul/2021:07:58:24 -0400] "GET /wp-content/plugins/fusion-builder/assets/js/min/general/fusion-animations.js?ver=5.7.2 HTTP/1.1" 200 7557 "-" "Mozilla/5.0 (Windows NT 6.1; WOW64) AppleWebKit/534+ (KHTML, like Gecko) BingPreview/1.0b"
40.77.189.199 - - [06/Jul/2021:07:58:24 -0400] "GET /wp-content/themes/Avada/assets/min/js/general/avada-to-top.js?ver=7.2.1 HTTP/1.1" 200 6927 "-" "Mozilla/5.0 (Windows NT 6.1; WOW64) AppleWebKit/534+ (KHTML, like Gecko) BingPreview/1.0b"
40.77.188.103 - - [06/Jul/2021:07:58:24 -0400] "GET /wp-content/themes/Avada/assets/min/js/general/avada-menu.js?ver=7.2.1 HTTP/1.1" 200 46021 "-" "Mozilla/5.0 (Windows NT 6.1; WOW64) AppleWebKit/534+ (KHTML, like Gecko) BingPreview/1.0b"
40.77.189.2 - - [06/Jul/2021:07:58:24 -0400] "GET /wp-content/themes/Avada/assets/min/js/general/avada-header.js?ver=7.2.1 HTTP/1.1" 200 39215 "-" "Mozilla/5.0 (Windows NT 6.1; WOW64) AppleWebKit/534+ (KHTML, like Gecko) BingPreview/1.0b"
40.77.188.205 - - [06/Jul/2021:07:58:25 -0400] "GET /wp-content/themes/Avada/assets/min/js/general/avada-scrollspy.js?ver=7.2.1 HTTP/1.1" 200 6675 "-" "Mozilla/5.0 (Windows NT 6.1; WOW64) AppleWebKit/534+ (KHTML, like Gecko) BingPreview/1.0b"
40.77.189.113 - - [06/Jul/2021:07:58:25 -0400] "GET /wp-content/themes/Avada/includes/lib/assets/min/js/general/fusion-responsive-typography.js?ver=1 HTTP/1.1" 200 9519 "-" "Mozilla/5.0 (Windows NT 6.1; WOW64) AppleWebKit/534+ (KHTML, like Gecko) BingPreview/1.0b"
40.77.189.246 - - [06/Jul/2021:07:58:25 -0400] "GET /wp-content/themes/Avada/assets/min/js/general/avada-sidebars.js?ver=7.2.1 HTTP/1.1" 200 9513 "-" "Mozilla/5.0 (Windows NT 6.1; WOW64) AppleWebKit/534+ (KHTML, like Gecko) BingPreview/1.0b"
157.55.39.169 - - [06/Jul/2021:07:58:25 -0400] "GET /robots.txt HTTP/1.1" 301 606 "-" "Mozilla/5.0 (compatible; bingbot/2.0; +http://www.bing.com/bingbot.htm)"
40.77.189.2 - - [06/Jul/2021:07:58:25 -0400] "GET /wp-content/themes/Avada/includes/lib/assets/min/js/general/fusion-scroll-to-anchor.js?ver=1 HTTP/1.1" 200 11457 "-" "Mozilla/5.0 (Windows NT 6.1; WOW64) AppleWebKit/534+ (KHTML, like Gecko) BingPreview/1.0b"
40.77.188.205 - - [06/Jul/2021:07:58:25 -0400] "GET /wp-content/themes/Avada/includes/lib/assets/min/js/general/fusion-general-global.js?ver=1 HTTP/1.1" 200 6397 "-" "Mozilla/5.0 (Windows NT 6.1; WOW64) AppleWebKit/534+ (KHTML, like Gecko) BingPreview/1.0b"
40.77.189.113 - - [06/Jul/2021:07:58:25 -0400] "GET /wp-content/plugins/fusion-core/js/min/fusion-vertical-menu-widget.js?ver=5.2.1 HTTP/1.1" 200 7831 "-" "Mozilla/5.0 (Windows NT 6.1; WOW64) AppleWebKit/534+ (KHTML, like Gecko) BingPreview/1.0b"
40.77.188.205 - - [06/Jul/2021:07:58:25 -0400] "GET /wp-content/plugins/fusion-builder/assets/js/min/general/fusion-video.js?ver=1 HTTP/1.1" 200 8013 "-" "Mozilla/5.0 (Windows NT 6.1; WOW64) AppleWebKit/534+ (KHTML, like Gecko) BingPreview/1.0b"
40.77.188.117 - - [06/Jul/2021:07:58:25 -0400] "GET /wp-includes/js/wp-emoji-release.min.js?ver=5.7.2 HTTP/1.1" 200 20175 "-" "Mozilla/5.0 (Windows NT 6.1; WOW64) AppleWebKit/534+ (KHTML, like Gecko) BingPreview/1.0b"
157.55.39.169 - - [06/Jul/2021:07:58:25 -0400] "GET /robots.txt HTTP/1.1" 404 6092 "-" "Mozilla/5.0 (compatible; bingbot/2.0; +http://www.bing.com/bingbot.htm)"
40.77.189.2 - - [06/Jul/2021:07:58:25 -0400] "GET /wp-content/plugins/fusion-builder/assets/js/min/general/fusion-column.js?ver=1 HTTP/1.1" 200 11014 "-" "Mozilla/5.0 (Windows NT 6.1; WOW64) AppleWebKit/534+ (KHTML, like Gecko) BingPreview/1.0b"
40.77.189.216 - - [06/Jul/2021:07:58:26 -0400] "GET /wp-content/uploads/fusion-gfonts/KFOmCnqEu92Fr1Mu4mxMKTU1Kg.woff HTTP/1.1" 301 714 "-" "Mozilla/5.0 (Windows NT 6.1; WOW64) AppleWebKit/534+ (KHTML, like Gecko) BingPreview/1.0b"
40.77.189.91 - - [06/Jul/2021:07:58:26 -0400] "GET /wp-content/uploads/fusion-gfonts/KFOlCnqEu92Fr1MmYUtfBBc-AMP6lQ.woff HTTP/1.1" 301 722 "-" "Mozilla/5.0 (Windows NT 6.1; WOW64) AppleWebKit/534+ (KHTML, like Gecko) BingPreview/1.0b"
40.77.189.90 - - [06/Jul/2021:07:58:26 -0400] "GET /wp-content/uploads/fusion-gfonts/KFOlCnqEu92Fr1MmWUlfBBc-AMP6lQ.woff HTTP/1.1" 301 722 "-" "Mozilla/5.0 (Windows NT 6.1; WOW64) AppleWebKit/534+ (KHTML, like Gecko) BingPreview/1.0b"
40.77.189.113 - - [06/Jul/2021:07:58:26 -0400] "GET /wp-content/themes/Avada/includes/lib/assets/fonts/fontawesome/webfonts/fa-solid-900.woff2 HTTP/1.1" 200 86300 "-" "Mozilla/5.0 (Windows NT 6.1; WOW64) AppleWebKit/534+ (KHTML, like Gecko) BingPreview/1.0b"
