174.198.33.63 - - [11/Jul/2021:18:44:33 -0400] "GET /wp-content/themes/Avada/includes/lib/assets/min/js/library/modernizr.js?ver=3.3.1 HTTP/1.1" 200 5503 "https://suncoastoutdoor.net/" "Mozilla/5.0 (iPhone; CPU iPhone OS 14_6 like Mac OS X) AppleWebKit/605.1.15 (KHTML, like Gecko) Version/14.1.1 Mobile/15E148 Safari/604.1"
174.198.33.63 - - [11/Jul/2021:18:44:33 -0400] "GET /wp-content/themes/Avada/includes/lib/assets/min/js/library/cssua.js?ver=2.1.28 HTTP/1.1" 200 1870 "https://suncoastoutdoor.net/" "Mozilla/5.0 (iPhone; CPU iPhone OS 14_6 like Mac OS X) AppleWebKit/605.1.15 (KHTML, like Gecko) Version/14.1.1 Mobile/15E148 Safari/604.1"
174.198.33.63 - - [11/Jul/2021:18:44:33 -0400] "GET /wp-content/plugins/fusion-builder/assets/js/min/general/fusion-column-bg-image.js?ver=1 HTTP/1.1" 200 1129 "https://suncoastoutdoor.net/" "Mozilla/5.0 (iPhone; CPU iPhone OS 14_6 like Mac OS X) AppleWebKit/605.1.15 (KHTML, like Gecko) Version/14.1.1 Mobile/15E148 Safari/604.1"
174.198.33.63 - - [11/Jul/2021:18:44:33 -0400] "GET /wp-content/themes/Avada/includes/lib/assets/min/js/general/fusion.js?ver=3.2.1 HTTP/1.1" 200 1665 "https://suncoastoutdoor.net/" "Mozilla/5.0 (iPhone; CPU iPhone OS 14_6 like Mac OS X) AppleWebKit/605.1.15 (KHTML, like Gecko) Version/14.1.1 Mobile/15E148 Safari/604.1"
174.198.33.63 - - [11/Jul/2021:18:44:33 -0400] "GET /wp-content/themes/Avada/includes/lib/assets/min/js/library/bootstrap.tooltip.js?ver=3.3.5 HTTP/1.1" 200 4248 "https://suncoastoutdoor.net/" "Mozilla/5.0 (iPhone; CPU iPhone OS 14_6 like Mac OS X) AppleWebKit/605.1.15 (KHTML, like Gecko) Version/14.1.1 Mobile/15E148 Safari/604.1"
174.198.33.63 - - [11/Jul/2021:18:44:33 -0400] "GET /wp-content/themes/Avada/includes/lib/assets/min/js/library/jquery.requestAnimationFrame.js?ver=1 HTTP/1.1" 200 708 "https://suncoastoutdoor.net/" "Mozilla/5.0 (iPhone; CPU iPhone OS 14_6 like Mac OS X) AppleWebKit/605.1.15 (KHTML, like Gecko) Version/14.1.1 Mobile/15E148 Safari/604.1"
174.198.33.63 - - [11/Jul/2021:18:44:33 -0400] "GET /wp-content/themes/Avada/includes/lib/assets/min/js/library/jquery.waypoints.js?ver=2.0.3 HTTP/1.1" 200 3023 "https://suncoastoutdoor.net/" "Mozilla/5.0 (iPhone; CPU iPhone OS 14_6 like Mac OS X) AppleWebKit/605.1.15 (KHTML, like Gecko) Version/14.1.1 Mobile/15E148 Safari/604.1"
174.198.33.63 - - [11/Jul/2021:18:44:33 -0400] "GET /wp-content/themes/Avada/includes/lib/assets/min/js/library/jquery.easing.js?ver=1.3 HTTP/1.1" 200 1121 "https://suncoastoutdoor.net/" "Mozilla/5.0 (iPhone; CPU iPhone OS 14_6 like Mac OS X) AppleWebKit/605.1.15 (KHTML, like Gecko) Version/14.1.1 Mobile/15E148 Safari/604.1"
174.198.33.63 - - [11/Jul/2021:18:44:33 -0400] "GET /wp-content/themes/Avada/includes/lib/assets/min/js/library/jquery.fitvids.js?ver=1.1 HTTP/1.1" 200 1159 "https://suncoastoutdoor.net/" "Mozilla/5.0 (iPhone; CPU iPhone OS 14_6 like Mac OS X) AppleWebKit/605.1.15 (KHTML, like Gecko) Version/14.1.1 Mobile/15E148 Safari/604.1"
174.198.33.63 - - [11/Jul/2021:18:44:33 -0400] "GET /wp-content/themes/Avada/includes/lib/assets/min/js/library/jquery.hoverintent.js?ver=1 HTTP/1.1" 200 826 "https://suncoastoutdoor.net/" "Mozilla/5.0 (iPhone; CPU iPhone OS 14_6 like Mac OS X) AppleWebKit/605.1.15 (KHTML, like Gecko) Version/14.1.1 Mobile/15E148 Safari/604.1"
174.198.33.63 - - [11/Jul/2021:18:44:33 -0400] "GET /wp-content/themes/Avada/includes/lib/assets/min/js/library/jquery.hoverflow.js?ver=1 HTTP/1.1" 200 705 "https://suncoastoutdoor.net/" "Mozilla/5.0 (iPhone; CPU iPhone OS 14_6 like Mac OS X) AppleWebKit/605.1.15 (KHTML, like Gecko) Version/14.1.1 Mobile/15E148 Safari/604.1"
174.198.33.63 - - [11/Jul/2021:18:44:33 -0400] "GET /wp-content/themes/Avada/includes/lib/assets/min/js/library/jquery.flexslider.js?ver=2.7.2 HTTP/1.1" 200 6815 "https://suncoastoutdoor.net/" "Mozilla/5.0 (iPhone; CPU iPhone OS 14_6 like Mac OS X) AppleWebKit/605.1.15 (KHTML, like Gecko) Version/14.1.1 Mobile/15E148 Safari/604.1"
174.198.33.63 - - [11/Jul/2021:18:44:33 -0400] "GET /wp-content/themes/Avada/includes/lib/assets/min/js/library/jquery.ilightbox.js?ver=2.2.3 HTTP/1.1" 200 25650 "https://suncoastoutdoor.net/" "Mozilla/5.0 (iPhone; CPU iPhone OS 14_6 like Mac OS X) AppleWebKit/605.1.15 (KHTML, like Gecko) Version/14.1.1 Mobile/15E148 Safari/604.1"
174.198.33.63 - - [11/Jul/2021:18:44:33 -0400] "GET /wp-content/uploads/2018/06/avada-movers-request-quote-background.jpg HTTP/1.1" 301 722 "https://suncoastoutdoor.net/" "Mozilla/5.0 (iPhone; CPU iPhone OS 14_6 like Mac OS X) AppleWebKit/605.1.15 (KHTML, like Gecko) Version/14.1.1 Mobile/15E148 Safari/604.1"
174.198.33.63 - - [11/Jul/2021:18:44:33 -0400] "GET /wp-content/uploads/2020/10/billboard_background.jpg HTTP/1.1" 301 688 "https://suncoastoutdoor.net/" "Mozilla/5.0 (iPhone; CPU iPhone OS 14_6 like Mac OS X) AppleWebKit/605.1.15 (KHTML, like Gecko) Version/14.1.1 Mobile/15E148 Safari/604.1"
174.198.33.63 - - [11/Jul/2021:18:44:33 -0400] "GET /wp-content/uploads/2018/06/avada-movers-top-container-background.jpg HTTP/1.1" 301 722 "https://suncoastoutdoor.net/" "Mozilla/5.0 (iPhone; CPU iPhone OS 14_6 like Mac OS X) AppleWebKit/605.1.15 (KHTML, like Gecko) Version/14.1.1 Mobile/15E148 Safari/604.1"
174.198.33.63 - - [11/Jul/2021:18:44:33 -0400] "GET /wp-content/themes/Avada/includes/lib/assets/min/js/library/jquery.fade.js?ver=1 HTTP/1.1" 200 808 "https://suncoastoutdoor.net/" "Mozilla/5.0 (iPhone; CPU iPhone OS 14_6 like Mac OS X) AppleWebKit/605.1.15 (KHTML, like Gecko) Version/14.1.1 Mobile/15E148 Safari/604.1"
174.198.33.63 - - [11/Jul/2021:18:44:33 -0400] "GET /wp-content/themes/Avada/includes/lib/assets/min/js/library/jquery.mousewheel.js?ver=3.0.6 HTTP/1.1" 200 1500 "https://suncoastoutdoor.net/" "Mozilla/5.0 (iPhone; CPU iPhone OS 14_6 like Mac OS X) AppleWebKit/605.1.15 (KHTML, like Gecko) Version/14.1.1 Mobile/15E148 Safari/604.1"
174.198.33.63 - - [11/Jul/2021:18:44:33 -0400] "GET /wp-content/themes/Avada/includes/lib/assets/min/js/library/jquery.placeholder.js?ver=2.0.7 HTTP/1.1" 200 1220 "https://suncoastoutdoor.net/" "Mozilla/5.0 (iPhone; CPU iPhone OS 14_6 like Mac OS X) AppleWebKit/605.1.15 (KHTML, like Gecko) Version/14.1.1 Mobile/15E148 Safari/604.1"
174.198.33.63 - - [11/Jul/2021:18:44:33 -0400] "GET /wp-content/themes/Avada/includes/lib/assets/min/js/general/fusion-equal-heights.js?ver=1 HTTP/1.1" 200 992 "https://suncoastoutdoor.net/" "Mozilla/5.0 (iPhone; CPU iPhone OS 14_6 like Mac OS X) AppleWebKit/605.1.15 (KHTML, like Gecko) Version/14.1.1 Mobile/15E148 Safari/604.1"
174.198.33.63 - - [11/Jul/2021:18:44:33 -0400] "GET /wp-content/themes/Avada/includes/lib/assets/min/js/library/fusion-video-bg.js?ver=1 HTTP/1.1" 200 2405 "https://suncoastoutdoor.net/" "Mozilla/5.0 (iPhone; CPU iPhone OS 14_6 like Mac OS X) AppleWebKit/605.1.15 (KHTML, like Gecko) Version/14.1.1 Mobile/15E148 Safari/604.1"
174.198.33.63 - - [11/Jul/2021:18:44:33 -0400] "GET /wp-content/themes/Avada/includes/lib/assets/min/js/library/fusion-parallax.js?ver=1 HTTP/1.1" 200 3272 "https://suncoastoutdoor.net/" "Mozilla/5.0 (iPhone; CPU iPhone OS 14_6 like Mac OS X) AppleWebKit/605.1.15 (KHTML, like Gecko) Version/14.1.1 Mobile/15E148 Safari/604.1"
174.198.33.63 - - [11/Jul/2021:18:44:33 -0400] "GET /wp-content/themes/Avada/includes/lib/assets/min/js/library/fusion-video-general.js?ver=1 HTTP/1.1" 200 2389 "https://suncoastoutdoor.net/" "Mozilla/5.0 (iPhone; CPU iPhone OS 14_6 like Mac OS X) AppleWebKit/605.1.15 (KHTML, like Gecko) Version/14.1.1 Mobile/15E148 Safari/604.1"
174.198.33.63 - - [11/Jul/2021:18:44:33 -0400] "GET /wp-content/themes/Avada/includes/lib/assets/min/js/general/fusion-waypoints.js?ver=1 HTTP/1.1" 200 658 "https://suncoastoutdoor.net/" "Mozilla/5.0 (iPhone; CPU iPhone OS 14_6 like Mac OS X) AppleWebKit/605.1.15 (KHTML, like Gecko) Version/14.1.1 Mobile/15E148 Safari/604.1"
174.198.33.63 - - [11/Jul/2021:18:44:33 -0400] "GET /wp-content/themes/Avada/includes/lib/assets/min/js/general/fusion-sharing-box.js?ver=1 HTTP/1.1" 200 718 "https://suncoastoutdoor.net/" "Mozilla/5.0 (iPhone; CPU iPhone OS 14_6 like Mac OS X) AppleWebKit/605.1.15 (KHTML, like Gecko) Version/14.1.1 Mobile/15E148 Safari/604.1"
174.198.33.63 - - [11/Jul/2021:18:44:33 -0400] "GET /wp-content/themes/Avada/includes/lib/assets/min/js/general/fusion-tooltip.js?ver=1 HTTP/1.1" 200 864 "https://suncoastoutdoor.net/" "Mozilla/5.0 (iPhone; CPU iPhone OS 14_6 like Mac OS X) AppleWebKit/605.1.15 (KHTML, like Gecko) Version/14.1.1 Mobile/15E148 Safari/604.1"
174.198.33.63 - - [11/Jul/2021:18:44:33 -0400] "GET /wp-content/themes/Avada/includes/lib/assets/min/js/general/fusion-lightbox.js?ver=1 HTTP/1.1" 200 2534 "https://suncoastoutdoor.net/" "Mozilla/5.0 (iPhone; CPU iPhone OS 14_6 like Mac OS X) AppleWebKit/605.1.15 (KHTML, like Gecko) Version/14.1.1 Mobile/15E148 Safari/604.1"
174.198.33.63 - - [11/Jul/2021:18:44:33 -0400] "GET /wp-content/themes/Avada/includes/lib/assets/min/js/library/jquery.sticky-kit.js?ver=1.1.2 HTTP/1.1" 200 2364 "https://suncoastoutdoor.net/" "Mozilla/5.0 (iPhone; CPU iPhone OS 14_6 like Mac OS X) AppleWebKit/605.1.15 (KHTML, like Gecko) Version/14.1.1 Mobile/15E148 Safari/604.1"
174.198.33.63 - - [11/Jul/2021:18:44:33 -0400] "GET /wp-content/themes/Avada/assets/min/js/general/avada-skip-link-focus-fix.js?ver=7.2.1 HTTP/1.1" 200 613 "https://suncoastoutdoor.net/" "Mozilla/5.0 (iPhone; CPU iPhone OS 14_6 like Mac OS X) AppleWebKit/605.1.15 (KHTML, like Gecko) Version/14.1.1 Mobile/15E148 Safari/604.1"
174.198.33.63 - - [11/Jul/2021:18:44:33 -0400] "GET /wp-content/themes/Avada/assets/min/js/library/bootstrap.scrollspy.js?ver=3.3.2 HTTP/1.1" 200 1437 "https://suncoastoutdoor.net/" "Mozilla/5.0 (iPhone; CPU iPhone OS 14_6 like Mac OS X) AppleWebKit/605.1.15 (KHTML, like Gecko) Version/14.1.1 Mobile/15E148 Safari/604.1"
174.198.33.63 - - [11/Jul/2021:18:44:33 -0400] "GET /wp-content/themes/Avada/assets/min/js/general/avada-general-footer.js?ver=7.2.1 HTTP/1.1" 200 589 "https://suncoastoutdoor.net/" "Mozilla/5.0 (iPhone; CPU iPhone OS 14_6 like Mac OS X) AppleWebKit/605.1.15 (KHTML, like Gecko) Version/14.1.1 Mobile/15E148 Safari/604.1"
174.198.33.63 - - [11/Jul/2021:18:44:33 -0400] "GET /wp-content/themes/Avada/includes/lib/assets/min/js/library/vimeoPlayer.js?ver=2.2.1 HTTP/1.1" 200 5736 "https://suncoastoutdoor.net/" "Mozilla/5.0 (iPhone; CPU iPhone OS 14_6 like Mac OS X) AppleWebKit/605.1.15 (KHTML, like Gecko) Version/14.1.1 Mobile/15E148 Safari/604.1"
174.198.33.63 - - [11/Jul/2021:18:44:33 -0400] "GET /wp-content/themes/Avada/assets/min/js/general/avada-select.js?ver=7.2.1 HTTP/1.1" 200 683 "https://suncoastoutdoor.net/" "Mozilla/5.0 (iPhone; CPU iPhone OS 14_6 like Mac OS X) AppleWebKit/605.1.15 (KHTML, like Gecko) Version/14.1.1 Mobile/15E148 Safari/604.1"
174.198.33.63 - - [11/Jul/2021:18:44:33 -0400] "GET /wp-content/themes/Avada/assets/min/js/general/avada-quantity.js?ver=7.2.1 HTTP/1.1" 200 1133 "https://suncoastoutdoor.net/" "Mozilla/5.0 (iPhone; CPU iPhone OS 14_6 like Mac OS X) AppleWebKit/605.1.15 (KHTML, like Gecko) Version/14.1.1 Mobile/15E148 Safari/604.1"
174.198.33.63 - - [11/Jul/2021:18:44:33 -0400] "GET /wp-content/themes/Avada/assets/min/js/general/avada-tabs-widget.js?ver=7.2.1 HTTP/1.1" 200 630 "https://suncoastoutdoor.net/" "Mozilla/5.0 (iPhone; CPU iPhone OS 14_6 like Mac OS X) AppleWebKit/605.1.15 (KHTML, like Gecko) Version/14.1.1 Mobile/15E148 Safari/604.1"
174.198.33.63 - - [11/Jul/2021:18:44:33 -0400] "GET /wp-content/themes/Avada/assets/min/js/general/avada-rev-styles.js?ver=7.2.1 HTTP/1.1" 200 983 "https://suncoastoutdoor.net/" "Mozilla/5.0 (iPhone; CPU iPhone OS 14_6 like Mac OS X) AppleWebKit/605.1.15 (KHTML, like Gecko) Version/14.1.1 Mobile/15E148 Safari/604.1"
174.198.33.63 - - [11/Jul/2021:18:44:33 -0400] "GET /wp-content/themes/Avada/assets/min/js/general/avada-contact-form-7.js?ver=7.2.1 HTTP/1.1" 200 928 "https://suncoastoutdoor.net/" "Mozilla/5.0 (iPhone; CPU iPhone OS 14_6 like Mac OS X) AppleWebKit/605.1.15 (KHTML, like Gecko) Version/14.1.1 Mobile/15E148 Safari/604.1"
174.198.33.63 - - [11/Jul/2021:18:44:33 -0400] "GET /wp-content/themes/Avada/assets/min/js/general/avada-live-search.js?ver=7.2.1 HTTP/1.1" 200 1411 "https://suncoastoutdoor.net/" "Mozilla/5.0 (iPhone; CPU iPhone OS 14_6 like Mac OS X) AppleWebKit/605.1.15 (KHTML, like Gecko) Version/14.1.1 Mobile/15E148 Safari/604.1"
174.198.33.63 - - [11/Jul/2021:18:44:33 -0400] "GET /wp-content/themes/Avada/includes/lib/assets/min/js/general/fusion-alert.js?ver=5.7.2 HTTP/1.1" 200 566 "https://suncoastoutdoor.net/" "Mozilla/5.0 (iPhone; CPU iPhone OS 14_6 like Mac OS X) AppleWebKit/605.1.15 (KHTML, like Gecko) Version/14.1.1 Mobile/15E148 Safari/604.1"
174.198.33.63 - - [11/Jul/2021:18:44:33 -0400] "GET /wp-content/themes/Avada/includes/lib/assets/min/js/general/fusion-flexslider.js?ver=5.7.2 HTTP/1.1" 200 1679 "https://suncoastoutdoor.net/" "Mozilla/5.0 (iPhone; CPU iPhone OS 14_6 like Mac OS X) AppleWebKit/605.1.15 (KHTML, like Gecko) Version/14.1.1 Mobile/15E148 Safari/604.1"
174.198.33.63 - - [11/Jul/2021:18:44:33 -0400] "GET /wp-content/plugins/fusion-builder/assets/js/min/library/jquery.textillate.js?ver=2.0 HTTP/1.1" 200 2587 "https://suncoastoutdoor.net/" "Mozilla/5.0 (iPhone; CPU iPhone OS 14_6 like Mac OS X) AppleWebKit/605.1.15 (KHTML, like Gecko) Version/14.1.1 Mobile/15E148 Safari/604.1"
174.198.33.63 - - [11/Jul/2021:18:44:33 -0400] "GET /wp-content/themes/Avada/includes/lib/assets/min/js/general/fusion-button.js?ver=5.7.2 HTTP/1.1" 200 544 "https://suncoastoutdoor.net/" "Mozilla/5.0 (iPhone; CPU iPhone OS 14_6 like Mac OS X) AppleWebKit/605.1.15 (KHTML, like Gecko) Version/14.1.1 Mobile/15E148 Safari/604.1"
174.198.33.63 - - [11/Jul/2021:18:44:33 -0400] "GET /wp-content/plugins/fusion-builder/assets/js/min/general/fusion-title.js?ver=5.7.2 HTTP/1.1" 200 1950 "https://suncoastoutdoor.net/" "Mozilla/5.0 (iPhone; CPU iPhone OS 14_6 like Mac OS X) AppleWebKit/605.1.15 (KHTML, like Gecko) Version/14.1.1 Mobile/15E148 Safari/604.1"
174.198.33.63 - - [11/Jul/2021:18:44:33 -0400] "GET /wp-content/plugins/fusion-builder/assets/js/min/general/fusion-animations.js?ver=5.7.2 HTTP/1.1" 200 989 "https://suncoastoutdoor.net/" "Mozilla/5.0 (iPhone; CPU iPhone OS 14_6 like Mac OS X) AppleWebKit/605.1.15 (KHTML, like Gecko) Version/14.1.1 Mobile/15E148 Safari/604.1"
174.198.33.63 - - [11/Jul/2021:18:44:33 -0400] "GET /wp-content/plugins/fusion-builder/assets/js/min/general/fusion-container.js?ver=1 HTTP/1.1" 200 3455 "https://suncoastoutdoor.net/" "Mozilla/5.0 (iPhone; CPU iPhone OS 14_6 like Mac OS X) AppleWebKit/605.1.15 (KHTML, like Gecko) Version/14.1.1 Mobile/15E148 Safari/604.1"
174.198.33.63 - - [11/Jul/2021:18:44:33 -0400] "GET /wp-content/themes/Avada/assets/min/js/general/avada-drop-down.js?ver=7.2.1 HTTP/1.1" 200 1480 "https://suncoastoutdoor.net/" "Mozilla/5.0 (iPhone; CPU iPhone OS 14_6 like Mac OS X) AppleWebKit/605.1.15 (KHTML, like Gecko) Version/14.1.1 Mobile/15E148 Safari/604.1"
174.198.33.63 - - [11/Jul/2021:18:44:33 -0400] "GET /wp-content/themes/Avada/assets/min/js/general/avada-to-top.js?ver=7.2.1 HTTP/1.1" 200 831 "https://suncoastoutdoor.net/" "Mozilla/5.0 (iPhone; CPU iPhone OS 14_6 like Mac OS X) AppleWebKit/605.1.15 (KHTML, like Gecko) Version/14.1.1 Mobile/15E148 Safari/604.1"
174.198.33.63 - - [11/Jul/2021:18:44:33 -0400] "GET /wp-content/themes/Avada/assets/min/js/general/avada-header.js?ver=7.2.1 HTTP/1.1" 200 4530 "https://suncoastoutdoor.net/" "Mozilla/5.0 (iPhone; CPU iPhone OS 14_6 like Mac OS X) AppleWebKit/605.1.15 (KHTML, like Gecko) Version/14.1.1 Mobile/15E148 Safari/604.1"
174.198.33.63 - - [11/Jul/2021:18:44:33 -0400] "GET /wp-content/themes/Avada/assets/min/js/general/avada-sidebars.js?ver=7.2.1 HTTP/1.1" 200 1202 "https://suncoastoutdoor.net/" "Mozilla/5.0 (iPhone; CPU iPhone OS 14_6 like Mac OS X) AppleWebKit/605.1.15 (KHTML, like Gecko) Version/14.1.1 Mobile/15E148 Safari/604.1"
174.198.33.63 - - [11/Jul/2021:18:44:33 -0400] "GET /wp-content/themes/Avada/assets/min/js/general/avada-menu.js?ver=7.2.1 HTTP/1.1" 200 7273 "https://suncoastoutdoor.net/" "Mozilla/5.0 (iPhone; CPU iPhone OS 14_6 like Mac OS X) AppleWebKit/605.1.15 (KHTML, like Gecko) Version/14.1.1 Mobile/15E148 Safari/604.1"
174.198.33.63 - - [11/Jul/2021:18:44:33 -0400] "GET /wp-content/themes/Avada/assets/min/js/general/avada-scrollspy.js?ver=7.2.1 HTTP/1.1" 200 702 "https://suncoastoutdoor.net/" "Mozilla/5.0 (iPhone; CPU iPhone OS 14_6 like Mac OS X) AppleWebKit/605.1.15 (KHTML, like Gecko) Version/14.1.1 Mobile/15E148 Safari/604.1"
174.198.33.63 - - [11/Jul/2021:18:44:33 -0400] "GET /wp-content/themes/Avada/includes/lib/assets/min/js/general/fusion-responsive-typography.js?ver=1 HTTP/1.1" 200 1440 "https://suncoastoutdoor.net/" "Mozilla/5.0 (iPhone; CPU iPhone OS 14_6 like Mac OS X) AppleWebKit/605.1.15 (KHTML, like Gecko) Version/14.1.1 Mobile/15E148 Safari/604.1"
174.198.33.63 - - [11/Jul/2021:18:44:33 -0400] "GET /wp-content/themes/Avada/includes/lib/assets/min/js/general/fusion-general-global.js?ver=1 HTTP/1.1" 200 616 "https://suncoastoutdoor.net/" "Mozilla/5.0 (iPhone; CPU iPhone OS 14_6 like Mac OS X) AppleWebKit/605.1.15 (KHTML, like Gecko) Version/14.1.1 Mobile/15E148 Safari/604.1"
174.198.33.63 - - [11/Jul/2021:18:44:33 -0400] "GET /wp-content/themes/Avada/includes/lib/assets/min/js/general/fusion-scroll-to-anchor.js?ver=1 HTTP/1.1" 200 2139 "https://suncoastoutdoor.net/" "Mozilla/5.0 (iPhone; CPU iPhone OS 14_6 like Mac OS X) AppleWebKit/605.1.15 (KHTML, like Gecko) Version/14.1.1 Mobile/15E148 Safari/604.1"
174.198.33.63 - - [11/Jul/2021:18:44:33 -0400] "GET /wp-content/plugins/fusion-builder/assets/js/min/general/fusion-video.js?ver=1 HTTP/1.1" 200 1046 "https://suncoastoutdoor.net/" "Mozilla/5.0 (iPhone; CPU iPhone OS 14_6 like Mac OS X) AppleWebKit/605.1.15 (KHTML, like Gecko) Version/14.1.1 Mobile/15E148 Safari/604.1"
174.198.33.63 - - [11/Jul/2021:18:44:33 -0400] "GET /wp-content/plugins/fusion-core/js/min/fusion-vertical-menu-widget.js?ver=5.2.1 HTTP/1.1" 200 832 "https://suncoastoutdoor.net/" "Mozilla/5.0 (iPhone; CPU iPhone OS 14_6 like Mac OS X) AppleWebKit/605.1.15 (KHTML, like Gecko) Version/14.1.1 Mobile/15E148 Safari/604.1"
174.198.33.63 - - [11/Jul/2021:18:44:33 -0400] "GET /wp-content/plugins/fusion-builder/assets/js/min/general/fusion-column.js?ver=1 HTTP/1.1" 200 1294 "https://suncoastoutdoor.net/" "Mozilla/5.0 (iPhone; CPU iPhone OS 14_6 like Mac OS X) AppleWebKit/605.1.15 (KHTML, like Gecko) Version/14.1.1 Mobile/15E148 Safari/604.1"
174.198.33.63 - - [11/Jul/2021:18:44:33 -0400] "GET /wp-content/themes/Avada/includes/lib/assets/fonts/fontawesome/webfonts/fa-solid-900.woff2 HTTP/1.1" 200 80693 "https://suncoastoutdoor.net/" "Mozilla/5.0 (iPhone; CPU iPhone OS 14_6 like Mac OS X) AppleWebKit/605.1.15 (KHTML, like Gecko) Version/14.1.1 Mobile/15E148 Safari/604.1"
174.198.33.63 - - [11/Jul/2021:18:44:33 -0400] "GET /wp-includes/js/wp-emoji-release.min.js?ver=5.7.2 HTTP/1.1" 200 5079 "https://suncoastoutdoor.net/" "Mozilla/5.0 (iPhone; CPU iPhone OS 14_6 like Mac OS X) AppleWebKit/605.1.15 (KHTML, like Gecko) Version/14.1.1 Mobile/15E148 Safari/604.1"
174.198.33.63 - - [11/Jul/2021:18:44:33 -0400] "GET /wp-content/themes/Avada/includes/lib/assets/fonts/fontawesome/webfonts/fa-regular-400.woff2 HTTP/1.1" 200 13916 "https://suncoastoutdoor.net/" "Mozilla/5.0 (iPhone; CPU iPhone OS 14_6 like Mac OS X) AppleWebKit/605.1.15 (KHTML, like Gecko) Version/14.1.1 Mobile/15E148 Safari/604.1"
174.198.33.63 - - [11/Jul/2021:18:44:33 -0400] "GET /wp-content/themes/Avada/includes/lib/assets/fonts/icomoon/icomoon.woff HTTP/1.1" 200 21261 "https://suncoastoutdoor.net/" "Mozilla/5.0 (iPhone; CPU iPhone OS 14_6 like Mac OS X) AppleWebKit/605.1.15 (KHTML, like Gecko) Version/14.1.1 Mobile/15E148 Safari/604.1"
174.198.33.63 - - [11/Jul/2021:18:44:33 -0400] "GET /wp-content/uploads/2020/10/logo_transparent-600x148.png HTTP/1.1" 200 55819 "https://suncoastoutdoor.net/" "Mozilla/5.0 (iPhone; CPU iPhone OS 14_6 like Mac OS X) AppleWebKit/605.1.15 (KHTML, like Gecko) Version/14.1.1 Mobile/15E148 Safari/604.1"
174.198.33.63 - - [11/Jul/2021:18:44:33 -0400] "GET /wp-content/uploads/2020/10/billboard_slide2-1200x618.jpg HTTP/1.1" 200 136221 "https://suncoastoutdoor.net/" "Mozilla/5.0 (iPhone; CPU iPhone OS 14_6 like Mac OS X) AppleWebKit/605.1.15 (KHTML, like Gecko) Version/14.1.1 Mobile/15E148 Safari/604.1"
174.198.33.63 - - [11/Jul/2021:18:44:33 -0400] "GET /wp-content/uploads/2020/10/billboard_slide4-1200x612.jpg HTTP/1.1" 200 117138 "https://suncoastoutdoor.net/" "Mozilla/5.0 (iPhone; CPU iPhone OS 14_6 like Mac OS X) AppleWebKit/605.1.15 (KHTML, like Gecko) Version/14.1.1 Mobile/15E148 Safari/604.1"
174.198.33.63 - - [11/Jul/2021:18:44:33 -0400] "GET /wp-content/uploads/2020/10/billboard_slide5-1200x610.jpg HTTP/1.1" 200 109467 "https://suncoastoutdoor.net/" "Mozilla/5.0 (iPhone; CPU iPhone OS 14_6 like Mac OS X) AppleWebKit/605.1.15 (KHTML, like Gecko) Version/14.1.1 Mobile/15E148 Safari/604.1"
174.198.33.63 - - [11/Jul/2021:18:44:33 -0400] "GET /wp-content/uploads/2020/10/billboard_slide1-1200x607.jpg HTTP/1.1" 200 99696 "https://suncoastoutdoor.net/" "Mozilla/5.0 (iPhone; CPU iPhone OS 14_6 like Mac OS X) AppleWebKit/605.1.15 (KHTML, like Gecko) Version/14.1.1 Mobile/15E148 Safari/604.1"
174.198.33.63 - - [11/Jul/2021:18:44:33 -0400] "GET /wp-content/uploads/2020/10/billboard_slide3-1200x613.jpg HTTP/1.1" 200 121749 "https://suncoastoutdoor.net/" "Mozilla/5.0 (iPhone; CPU iPhone OS 14_6 like Mac OS X) AppleWebKit/605.1.15 (KHTML, like Gecko) Version/14.1.1 Mobile/15E148 Safari/604.1"
174.198.33.63 - - [11/Jul/2021:18:44:33 -0400] "GET /wp-content/uploads/2020/10/SuncoastOutdoorAdvertising_Creative_Guidelines-1200x1163.png HTTP/1.1" 200 540210 "https://suncoastoutdoor.net/" "Mozilla/5.0 (iPhone; CPU iPhone OS 14_6 like Mac OS X) AppleWebKit/605.1.15 (KHTML, like Gecko) Version/14.1.1 Mobile/15E148 Safari/604.1"
174.198.33.63 - - [11/Jul/2021:18:44:33 -0400] "GET /wp-content/uploads/2020/10/billboard_slide2-scaled.jpg HTTP/1.1" 200 466042 "https://suncoastoutdoor.net/" "Mozilla/5.0 (iPhone; CPU iPhone OS 14_6 like Mac OS X) AppleWebKit/605.1.15 (KHTML, like Gecko) Version/14.1.1 Mobile/15E148 Safari/604.1"
174.198.33.63 - - [11/Jul/2021:18:44:33 -0400] "GET /wp-content/uploads/2020/10/billboard_slide1-scaled.jpg HTTP/1.1" 200 348841 "https://suncoastoutdoor.net/" "Mozilla/5.0 (iPhone; CPU iPhone OS 14_6 like Mac OS X) AppleWebKit/605.1.15 (KHTML, like Gecko) Version/14.1.1 Mobile/15E148 Safari/604.1"
174.198.33.63 - - [11/Jul/2021:18:44:34 -0400] "GET /wp-content/uploads/2020/10/billboard_slide5-scaled.jpg HTTP/1.1" 200 349761 "https://suncoastoutdoor.net/" "Mozilla/5.0 (iPhone; CPU iPhone OS 14_6 like Mac OS X) AppleWebKit/605.1.15 (KHTML, like Gecko) Version/14.1.1 Mobile/15E148 Safari/604.1"
174.198.33.63 - - [11/Jul/2021:18:44:34 -0400] "GET /wp-content/uploads/2020/10/billboard_slide4-scaled.jpg HTTP/1.1" 200 372305 "https://suncoastoutdoor.net/" "Mozilla/5.0 (iPhone; CPU iPhone OS 14_6 like Mac OS X) AppleWebKit/605.1.15 (KHTML, like Gecko) Version/14.1.1 Mobile/15E148 Safari/604.1"
174.198.33.63 - - [11/Jul/2021:18:44:34 -0400] "GET /wp-content/uploads/2018/06/avada-movers-top-container-background.jpg HTTP/1.1" 200 730 "https://suncoastoutdoor.net/" "Mozilla/5.0 (iPhone; CPU iPhone OS 14_6 like Mac OS X) AppleWebKit/605.1.15 (KHTML, like Gecko) Version/14.1.1 Mobile/15E148 Safari/604.1"
174.198.33.63 - - [11/Jul/2021:18:44:34 -0400] "GET /wp-content/uploads/2020/10/billboard_slide3-scaled.jpg HTTP/1.1" 200 414501 "https://suncoastoutdoor.net/" "Mozilla/5.0 (iPhone; CPU iPhone OS 14_6 like Mac OS X) AppleWebKit/605.1.15 (KHTML, like Gecko) Version/14.1.1 Mobile/15E148 Safari/604.1"
174.198.33.63 - - [11/Jul/2021:18:44:34 -0400] "GET /wp-content/uploads/2018/06/avada-movers-request-quote-background.jpg HTTP/1.1" 200 202346 "https://suncoastoutdoor.net/" "Mozilla/5.0 (iPhone; CPU iPhone OS 14_6 like Mac OS X) AppleWebKit/605.1.15 (KHTML, like Gecko) Version/14.1.1 Mobile/15E148 Safari/604.1"
174.198.33.63 - - [11/Jul/2021:18:44:34 -0400] "GET /wp-content/uploads/2020/10/billboard_background.jpg HTTP/1.1" 200 1299412 "https://suncoastoutdoor.net/" "Mozilla/5.0 (iPhone; CPU iPhone OS 14_6 like Mac OS X) AppleWebKit/605.1.15 (KHTML, like Gecko) Version/14.1.1 Mobile/15E148 Safari/604.1"
174.198.33.63 - - [11/Jul/2021:18:44:34 -0400] "GET /wp-content/uploads/2020/10/SuncoastOutdoorAdvertising_Creative_Guidelines.png HTTP/1.1" 200 853794 "https://suncoastoutdoor.net/" "Mozilla/5.0 (iPhone; CPU iPhone OS 14_6 like Mac OS X) AppleWebKit/605.1.15 (KHTML, like Gecko) Version/14.1.1 Mobile/15E148 Safari/604.1"
174.198.33.63 - - [11/Jul/2021:18:44:34 -0400] "GET /wp-content/uploads/2020/10/suncoastoutdoor_favicon.png HTTP/1.1" 200 9567 "https://suncoastoutdoor.net/" "Mozilla/5.0 (iPhone; CPU iPhone OS 14_6 like Mac OS X) AppleWebKit/605.1.15 (KHTML, like Gecko) Version/14.1.1 Mobile/15E148 Safari/604.1"
204.48.19.85 - - [11/Jul/2021:18:45:27 -0400] "POST /wp-cron.php?doing_wp_cron=1626043527.7069699764251708984375 HTTP/1.1" 200 6261 "https://suncoastoutdoor.net/wp-cron.php?doing_wp_cron=1626043527.7069699764251708984375" "WordPress/5.7.2; https://suncoastoutdoor.net"
174.198.33.63 - - [11/Jul/2021:18:45:27 -0400] "GET /index.php/contact/ HTTP/1.1" 200 19931 "-" "Mozilla/5.0 (iPhone; CPU iPhone OS 14_6 like Mac OS X) AppleWebKit/605.1.15 (KHTML, like Gecko) Version/14.1.1 Mobile/15E148 Safari/604.1"
174.198.33.63 - - [11/Jul/2021:18:45:28 -0400] "GET /wp-content/uploads/fusion-styles/c43563917968368f5a00c2100fe13d27.min.css?ver=3.2.1 HTTP/1.1" 200 143753 "https://suncoastoutdoor.net/index.php/contact/" "Mozilla/5.0 (iPhone; CPU iPhone OS 14_6 like Mac OS X) AppleWebKit/605.1.15 (KHTML, like Gecko) Version/14.1.1 Mobile/15E148 Safari/604.1"
204.48.19.85 - - [11/Jul/2021:18:47:09 -0400] "POST /wp-cron.php?doing_wp_cron=1626043629.9692599773406982421875 HTTP/1.1" 200 6261 "https://suncoastoutdoor.net/wp-cron.php?doing_wp_cron=1626043629.9692599773406982421875" "WordPress/5.7.2; https://suncoastoutdoor.net"
174.198.33.63 - - [11/Jul/2021:18:47:09 -0400] "POST /index.php/wp-json/contact-form-7/v1/contact-forms/2732/feedback?_locale=user HTTP/1.1" 200 6984 "https://suncoastoutdoor.net/index.php/contact/" "Mozilla/5.0 (iPhone; CPU iPhone OS 14_6 like Mac OS X) AppleWebKit/605.1.15 (KHTML, like Gecko) Version/14.1.1 Mobile/15E148 Safari/604.1"
174.198.33.63 - - [11/Jul/2021:18:47:10 -0400] "GET /index.php/wp-json/contact-form-7/v1/contact-forms/2732/refill?_locale=user HTTP/1.1" 200 592 "https://suncoastoutdoor.net/index.php/contact/" "Mozilla/5.0 (iPhone; CPU iPhone OS 14_6 like Mac OS X) AppleWebKit/605.1.15 (KHTML, like Gecko) Version/14.1.1 Mobile/15E148 Safari/604.1"
204.48.19.85 - - [11/Jul/2021:18:49:36 -0400] "POST /wp-cron.php?doing_wp_cron=1626043776.9460239410400390625000 HTTP/1.1" 200 6229 "https://suncoastoutdoor.net/wp-cron.php?doing_wp_cron=1626043776.9460239410400390625000" "WordPress/5.7.2; https://suncoastoutdoor.net"
174.198.33.63 - - [11/Jul/2021:18:49:36 -0400] "GET / HTTP/1.1" 200 23548 "https://suncoastoutdoor.net/index.php/contact/" "Mozilla/5.0 (iPhone; CPU iPhone OS 14_6 like Mac OS X) AppleWebKit/605.1.15 (KHTML, like Gecko) Version/14.1.1 Mobile/15E148 Safari/604.1"
204.48.19.85 - - [11/Jul/2021:18:53:20 -0400] "POST /wp-cron.php?doing_wp_cron=1626044000.5527539253234863281250 HTTP/1.1" 200 6245 "https://suncoastoutdoor.net/wp-cron.php?doing_wp_cron=1626044000.5527539253234863281250" "WordPress/5.7.2; https://suncoastoutdoor.net"
47.243.14.124 - - [11/Jul/2021:18:53:20 -0400] "POST /wp-login.php HTTP/1.1" 200 8860 "-" "Mozilla/5.0 (Windows NT 6.1) AppleWebKit/537.36 (KHTML, like Gecko) Chrome/80.0.3987.132 Safari/537.36"
91.134.248.192 - - [11/Jul/2021:18:53:46 -0400] "POST /wp-login.php HTTP/1.1" 200 8858 "-" "Mozilla/5.0 (Windows NT 6.1; WOW64) AppleWebKit/537.36 (KHTML, like Gecko) Chrome/63.0.3239.132 Safari/537.36"
204.48.19.85 - - [11/Jul/2021:19:07:42 -0400] "POST /wp-cron.php?doing_wp_cron=1626044862.4715900421142578125000 HTTP/1.1" 200 6261 "https://suncoastoutdoor.net/wp-cron.php?doing_wp_cron=1626044862.4715900421142578125000" "WordPress/5.7.2; https://suncoastoutdoor.net"
93.236.81.110 - - [11/Jul/2021:19:07:41 -0400] "POST /wp-login.php HTTP/1.1" 200 8860 "-" "Mozilla/5.0 (Windows NT 10.0; WOW64) AppleWebKit/537.36 (KHTML, like Gecko) Chrome/79.0.3945.130 Safari/537.36"
204.48.19.85 - - [11/Jul/2021:19:08:03 -0400] "POST /wp-cron.php?doing_wp_cron=1626044883.8372139930725097656250 HTTP/1.1" 200 6245 "https://suncoastoutdoor.net/wp-cron.php?doing_wp_cron=1626044883.8372139930725097656250" "WordPress/5.7.2; https://suncoastoutdoor.net"
58.177.156.100 - - [11/Jul/2021:19:08:03 -0400] "POST /wp-login.php HTTP/1.1" 200 8858 "-" "Mozilla/5.0 (Windows NT 10.0; Win64; x64) AppleWebKit/537.36 (KHTML, like Gecko) Chrome/64.0.3282.140 Safari/537.36"
204.48.19.85 - - [11/Jul/2021:19:12:53 -0400] "POST /wp-cron.php?doing_wp_cron=1626045173.4842140674591064453125 HTTP/1.1" 200 6245 "https://suncoastoutdoor.net/wp-cron.php?doing_wp_cron=1626045173.4842140674591064453125" "WordPress/5.7.2; https://suncoastoutdoor.net"
107.150.52.194 - - [11/Jul/2021:19:12:53 -0400] "GET /wp-login.php HTTP/1.1" 200 13769 "-" "Mozilla/5.0 (Macintosh; Intel Mac OS X 10_9_0) AppleWebKit/537.36 (KHTML, like Gecko) Chrome/36.0.1985.125 Safari/537.36"
107.150.52.194 - - [11/Jul/2021:19:12:53 -0400] "POST /wp-login.php HTTP/1.1" 200 8947 "-" "Mozilla/5.0 (Macintosh; Intel Mac OS X 10_9_0) AppleWebKit/537.36 (KHTML, like Gecko) Chrome/36.0.1985.125 Safari/537.36"
204.48.19.85 - - [11/Jul/2021:19:15:17 -0400] "POST /wp-cron.php?doing_wp_cron=1626045317.2025749683380126953125 HTTP/1.1" 200 6261 "https://suncoastoutdoor.net/wp-cron.php?doing_wp_cron=1626045317.2025749683380126953125" "WordPress/5.7.2; https://suncoastoutdoor.net"
192.151.145.142 - - [11/Jul/2021:19:15:16 -0400] "GET /wp-login.php HTTP/1.1" 200 13769 "-" "Mozilla/5.0 (iPad; CPU OS 7_1_2 like Mac OS X) AppleWebKit/537.51.2 (KHTML, like Gecko) Version/7.0 Mobile/11D257 Safari/9537.53"
192.151.145.142 - - [11/Jul/2021:19:15:17 -0400] "POST /wp-login.php HTTP/1.1" 200 8947 "-" "Mozilla/5.0 (iPad; CPU OS 7_1_2 like Mac OS X) AppleWebKit/537.51.2 (KHTML, like Gecko) Version/7.0 Mobile/11D257 Safari/9537.53"
204.48.19.85 - - [11/Jul/2021:19:21:26 -0400] "POST /wp-cron.php?doing_wp_cron=1626045686.2632889747619628906250 HTTP/1.1" 200 6229 "https://suncoastoutdoor.net/wp-cron.php?doing_wp_cron=1626045686.2632889747619628906250" "WordPress/5.7.2; https://suncoastoutdoor.net"
85.14.240.146 - - [11/Jul/2021:19:21:25 -0400] "POST /wp-login.php HTTP/1.1" 200 8860 "-" "Mozilla/5.0 (Windows NT 6.1; WOW64) AppleWebKit/537.36 (KHTML, like Gecko) Chrome/47.0.2526.111 Safari/537.36"
85.14.240.146 - - [11/Jul/2021:19:21:51 -0400] "POST /wp-login.php HTTP/1.1" 200 8858 "-" "Mozilla/5.0 (Windows NT 10.0; Win64; x64) AppleWebKit/537.36 (KHTML, like Gecko) Chrome/60.0.3112.101 Safari/537.36"
204.48.19.85 - - [11/Jul/2021:19:26:44 -0400] "POST /wp-cron.php?doing_wp_cron=1626046004.1843988895416259765625 HTTP/1.1" 200 6229 "https://suncoastoutdoor.net/wp-cron.php?doing_wp_cron=1626046004.1843988895416259765625" "WordPress/5.7.2; https://suncoastoutdoor.net"
208.110.85.70 - - [11/Jul/2021:19:26:43 -0400] "GET /wp-login.php HTTP/1.1" 200 13769 "-" "Mozilla/5.0 (iPhone; CPU iPhone OS 7_1_2 like Mac OS X) AppleWebKit/537.51.2 (KHTML, like Gecko) Version/7.0 Mobile/11D257 Safari/9537.53"
20.186.27.63 - - [11/Jul/2021:19:29:32 -0400] "GET /wp-login.php HTTP/1.1" 301 585 "-" "Mozilla/5.0 (X11; Ubuntu; Linux x86_64; rv:62.0) Gecko/20100101 Firefox/62.0"
204.48.19.85 - - [11/Jul/2021:19:29:33 -0400] "POST /wp-cron.php?doing_wp_cron=1626046173.0341351032257080078125 HTTP/1.1" 200 6245 "https://suncoastoutdoor.net/wp-cron.php?doing_wp_cron=1626046173.0341351032257080078125" "WordPress/5.7.2; https://suncoastoutdoor.net"
20.186.27.63 - - [11/Jul/2021:19:29:32 -0400] "GET /wp-login.php HTTP/1.1" 200 8031 "http://www.suncoastoutdoor.net/wp-login.php" "Mozilla/5.0 (X11; Ubuntu; Linux x86_64; rv:62.0) Gecko/20100101 Firefox/62.0"
20.186.27.63 - - [11/Jul/2021:19:29:33 -0400] "GET ///?author=1 HTTP/1.1" 301 579 "-" "Mozilla/5.0 (X11; Ubuntu; Linux x86_64; rv:62.0) Gecko/20100101 Firefox/62.0"
20.186.27.63 - - [11/Jul/2021:19:29:33 -0400] "GET /?author=1 HTTP/1.1" 301 5616 "http://www.suncoastoutdoor.net///?author=1" "Mozilla/5.0 (X11; Ubuntu; Linux x86_64; rv:62.0) Gecko/20100101 Firefox/62.0"
20.186.27.63 - - [11/Jul/2021:19:29:34 -0400] "GET /index.php/author/root/ HTTP/1.1" 200 16854 "https://www.suncoastoutdoor.net/?author=1" "Mozilla/5.0 (X11; Ubuntu; Linux x86_64; rv:62.0) Gecko/20100101 Firefox/62.0"
20.186.27.63 - - [11/Jul/2021:19:29:35 -0400] "GET ///wp-json/wp/v2/users/ HTTP/1.1" 301 601 "-" "Mozilla/5.0 (X11; Ubuntu; Linux x86_64; rv:62.0) Gecko/20100101 Firefox/62.0"
20.186.27.63 - - [11/Jul/2021:19:29:35 -0400] "GET /wp-json/wp/v2/users/ HTTP/1.1" 404 5813 "http://www.suncoastoutdoor.net///wp-json/wp/v2/users/" "Mozilla/5.0 (X11; Ubuntu; Linux x86_64; rv:62.0) Gecko/20100101 Firefox/62.0"
20.186.27.63 - - [11/Jul/2021:19:29:35 -0400] "GET ///?author=2 HTTP/1.1" 301 579 "-" "Mozilla/5.0 (X11; Ubuntu; Linux x86_64; rv:62.0) Gecko/20100101 Firefox/62.0"
20.186.27.63 - - [11/Jul/2021:19:29:35 -0400] "GET /?author=2 HTTP/1.1" 301 5603 "http://www.suncoastoutdoor.net///?author=2" "Mozilla/5.0 (X11; Ubuntu; Linux x86_64; rv:62.0) Gecko/20100101 Firefox/62.0"
20.186.27.63 - - [11/Jul/2021:19:29:35 -0400] "GET /?author=2 HTTP/1.1" 200 16848 "https://www.suncoastoutdoor.net/?author=2" "Mozilla/5.0 (X11; Ubuntu; Linux x86_64; rv:62.0) Gecko/20100101 Firefox/62.0"
20.186.27.63 - - [11/Jul/2021:19:29:36 -0400] "GET ///?author=3 HTTP/1.1" 301 579 "-" "Mozilla/5.0 (X11; Ubuntu; Linux x86_64; rv:62.0) Gecko/20100101 Firefox/62.0"
20.186.27.63 - - [11/Jul/2021:19:29:36 -0400] "GET /?author=3 HTTP/1.1" 301 5696 "http://www.suncoastoutdoor.net///?author=3" "Mozilla/5.0 (X11; Ubuntu; Linux x86_64; rv:62.0) Gecko/20100101 Firefox/62.0"
20.186.27.63 - - [11/Jul/2021:19:29:36 -0400] "GET /?author=3 HTTP/1.1" 404 24387 "https://www.suncoastoutdoor.net/?author=3" "Mozilla/5.0 (X11; Ubuntu; Linux x86_64; rv:62.0) Gecko/20100101 Firefox/62.0"
204.48.19.85 - - [11/Jul/2021:19:35:18 -0400] "POST /wp-cron.php?doing_wp_cron=1626046518.3077349662780761718750 HTTP/1.1" 200 6245 "https://suncoastoutdoor.net/wp-cron.php?doing_wp_cron=1626046518.3077349662780761718750" "WordPress/5.7.2; https://suncoastoutdoor.net"
104.131.210.58 - - [11/Jul/2021:19:35:17 -0400] "POST /wp-login.php HTTP/1.1" 200 8860 "-" "Mozilla/5.0 (Windows NT 10.0; WOW64) AppleWebKit/537.36 (KHTML, like Gecko) Chrome/46.0.2490.80 Safari/537.36"
149.28.138.100 - - [11/Jul/2021:19:35:45 -0400] "POST /wp-login.php HTTP/1.1" 200 8858 "-" "Mozilla/5.0 (Windows NT 10.0; WOW64) AppleWebKit/537.36 (KHTML, like Gecko) Chrome/79.0.3945.130 Safari/537.36"
204.48.19.85 - - [11/Jul/2021:19:40:53 -0400] "POST /wp-cron.php?doing_wp_cron=1626046853.8509650230407714843750 HTTP/1.1" 200 6261 "https://suncoastoutdoor.net/wp-cron.php?doing_wp_cron=1626046853.8509650230407714843750" "WordPress/5.7.2; https://suncoastoutdoor.net"
198.204.240.246 - - [11/Jul/2021:19:40:53 -0400] "GET /wp-login.php HTTP/1.1" 200 13769 "-" "Mozilla/5.0 (Windows NT 6.3; WOW64) AppleWebKit/537.36 (KHTML, like Gecko) Chrome/36.0.1985.143 Safari/537.36"
198.204.240.246 - - [11/Jul/2021:19:40:54 -0400] "POST /wp-login.php HTTP/1.1" 200 8947 "-" "Mozilla/5.0 (Windows NT 6.3; WOW64) AppleWebKit/537.36 (KHTML, like Gecko) Chrome/36.0.1985.143 Safari/537.36"
204.48.19.85 - - [11/Jul/2021:19:43:28 -0400] "POST /wp-cron.php?doing_wp_cron=1626047008.8395609855651855468750 HTTP/1.1" 200 6261 "https://suncoastoutdoor.net/wp-cron.php?doing_wp_cron=1626047008.8395609855651855468750" "WordPress/5.7.2; https://suncoastoutdoor.net"
198.204.234.253 - - [11/Jul/2021:19:43:28 -0400] "GET /wp-login.php HTTP/1.1" 200 13769 "-" "Mozilla/5.0 (Windows NT 6.1; WOW64; rv:31.0) Gecko/20100101 Firefox/31.0"
198.204.234.253 - - [11/Jul/2021:19:43:29 -0400] "POST /wp-login.php HTTP/1.1" 200 8933 "-" "Mozilla/5.0 (Windows NT 6.1; WOW64; rv:31.0) Gecko/20100101 Firefox/31.0"
204.48.19.85 - - [11/Jul/2021:19:49:21 -0400] "POST /wp-cron.php?doing_wp_cron=1626047361.0296359062194824218750 HTTP/1.1" 200 6245 "https://suncoastoutdoor.net/wp-cron.php?doing_wp_cron=1626047361.0296359062194824218750" "WordPress/5.7.2; https://suncoastoutdoor.net"
95.217.201.199 - - [11/Jul/2021:19:49:20 -0400] "POST /wp-login.php HTTP/1.1" 200 8860 "-" "Mozilla/5.0 (Windows NT 5.1) AppleWebKit/537.36 (KHTML, like Gecko) Chrome/47.0.2526.106 Safari/537.36"
182.93.24.226 - - [11/Jul/2021:19:49:49 -0400] "POST /wp-login.php HTTP/1.1" 200 8858 "-" "Mozilla/5.0 (Windows NT 6.1; WOW64) AppleWebKit/537.36 (KHTML, like Gecko) Chrome/41.0.2272.101 Safari/537.36"
204.48.19.85 - - [11/Jul/2021:20:02:59 -0400] "POST /wp-cron.php?doing_wp_cron=1626048179.8778970241546630859375 HTTP/1.1" 200 6261 "https://suncoastoutdoor.net/wp-cron.php?doing_wp_cron=1626048179.8778970241546630859375" "WordPress/5.7.2; https://suncoastoutdoor.net"
51.15.27.8 - - [11/Jul/2021:20:02:59 -0400] "POST /wp-login.php HTTP/1.1" 200 8860 "-" "Mozilla/5.0 (Windows NT 6.1) AppleWebKit/537.36 (KHTML, like Gecko) Chrome/63.0.3239.84 Safari/537.36"
194.147.142.41 - - [11/Jul/2021:20:03:24 -0400] "POST /wp-login.php HTTP/1.1" 200 8859 "-" "Mozilla/5.0 (Windows NT 6.1; Win64; x64) AppleWebKit/537.36 (KHTML, like Gecko) Chrome/55.0.2883.87 Safari/537.36"
204.48.19.85 - - [11/Jul/2021:20:08:43 -0400] "POST /wp-cron.php?doing_wp_cron=1626048523.5380530357360839843750 HTTP/1.1" 200 6261 "https://suncoastoutdoor.net/wp-cron.php?doing_wp_cron=1626048523.5380530357360839843750" "WordPress/5.7.2; https://suncoastoutdoor.net"
142.54.181.61 - - [11/Jul/2021:20:08:42 -0400] "GET /wp-login.php HTTP/1.1" 200 13769 "-" "Mozilla/5.0 (Macintosh; Intel Mac OS X 10_8_5) AppleWebKit/537.77.4 (KHTML, like Gecko) Version/6.1.5 Safari/537.77.4"
142.54.181.61 - - [11/Jul/2021:20:08:44 -0400] "POST /wp-login.php HTTP/1.1" 200 8947 "-" "Mozilla/5.0 (Macintosh; Intel Mac OS X 10_8_5) AppleWebKit/537.77.4 (KHTML, like Gecko) Version/6.1.5 Safari/537.77.4"
3.236.24.12 - - [11/Jul/2021:20:15:16 -0400] "GET / HTTP/1.1" 301 586 "-" "Mozilla/5.0 (Macintosh; Intel Mac OS X 10_15_0) AppleWebKit/537.36 (KHTML, like Gecko) Chrome/78.0.3904.87 Safari/537.36"
204.48.19.85 - - [11/Jul/2021:20:15:17 -0400] "POST /wp-cron.php?doing_wp_cron=1626048917.4233069419860839843750 HTTP/1.1" 200 6229 "https://suncoastoutdoor.net/wp-cron.php?doing_wp_cron=1626048917.4233069419860839843750" "WordPress/5.7.2; https://suncoastoutdoor.net"
3.236.24.12 - - [11/Jul/2021:20:15:16 -0400] "GET / HTTP/1.1" 200 23513 "-" "Mozilla/5.0 (Macintosh; Intel Mac OS X 10_15_0) AppleWebKit/537.36 (KHTML, like Gecko) Chrome/78.0.3904.87 Safari/537.36"
204.48.19.85 - - [11/Jul/2021:20:16:57 -0400] "POST /wp-cron.php?doing_wp_cron=1626049017.0408189296722412109375 HTTP/1.1" 200 6245 "https://suncoastoutdoor.net/wp-cron.php?doing_wp_cron=1626049017.0408189296722412109375" "WordPress/5.7.2; https://suncoastoutdoor.net"
69.163.224.107 - - [11/Jul/2021:20:16:56 -0400] "POST /wp-login.php HTTP/1.1" 200 8860 "-" "Mozilla/5.0 (Windows NT 6.1; Win64; x64) AppleWebKit/537.36 (KHTML, like Gecko) Chrome/78.0.3904.97 Safari/537.36"
192.151.145.142 - - [11/Jul/2021:20:17:17 -0400] "GET /wp-login.php HTTP/1.1" 200 13769 "-" "Mozilla/5.0 (Macintosh; Intel Mac OS X 10_9_3) AppleWebKit/537.75.14 (KHTML, like Gecko) Version/7.0.3 Safari/537.75.14"
192.151.145.142 - - [11/Jul/2021:20:17:17 -0400] "POST /wp-login.php HTTP/1.1" 200 8947 "-" "Mozilla/5.0 (Macintosh; Intel Mac OS X 10_9_3) AppleWebKit/537.75.14 (KHTML, like Gecko) Version/7.0.3 Safari/537.75.14"
34.87.135.115 - - [11/Jul/2021:20:17:30 -0400] "POST /wp-login.php HTTP/1.1" 200 8859 "-" "Mozilla/5.0 (Windows NT 6.1; Win64; x64) AppleWebKit/537.36 (KHTML, like Gecko) Chrome/80.0.3987.106 Safari/537.36"
204.48.19.85 - - [11/Jul/2021:20:30:42 -0400] "POST /wp-cron.php?doing_wp_cron=1626049842.0727550983428955078125 HTTP/1.1" 200 6245 "https://suncoastoutdoor.net/wp-cron.php?doing_wp_cron=1626049842.0727550983428955078125" "WordPress/5.7.2; https://suncoastoutdoor.net"
148.251.78.109 - - [11/Jul/2021:20:30:41 -0400] "POST /wp-login.php HTTP/1.1" 200 8860 "-" "Mozilla/5.0 (Windows NT 6.1; Win64; x64) AppleWebKit/537.36 (KHTML, like Gecko) Chrome/78.0.3904.97 Safari/537.36"
204.48.19.85 - - [11/Jul/2021:20:44:44 -0400] "POST /wp-cron.php?doing_wp_cron=1626050684.8564870357513427734375 HTTP/1.1" 200 6261 "https://suncoastoutdoor.net/wp-cron.php?doing_wp_cron=1626050684.8564870357513427734375" "WordPress/5.7.2; https://suncoastoutdoor.net"
118.25.72.104 - - [11/Jul/2021:20:44:44 -0400] "POST /wp-login.php HTTP/1.1" 200 8860 "-" "Mozilla/5.0 (Windows NT 6.1) AppleWebKit/537.36 (KHTML, like Gecko) Chrome/58.0.3029.110 Safari/537.36"
204.48.19.85 - - [11/Jul/2021:20:45:11 -0400] "POST /wp-cron.php?doing_wp_cron=1626050711.9368689060211181640625 HTTP/1.1" 200 6261 "https://suncoastoutdoor.net/wp-cron.php?doing_wp_cron=1626050711.9368689060211181640625" "WordPress/5.7.2; https://suncoastoutdoor.net"
47.241.15.39 - - [11/Jul/2021:20:45:11 -0400] "POST /wp-login.php HTTP/1.1" 200 8859 "-" "Mozilla/5.0 (Windows NT 10.0; Win64; x64) AppleWebKit/537.36 (KHTML, like Gecko) Chrome/66.0.3359.117 Safari/537.36"
204.48.19.85 - - [11/Jul/2021:20:47:53 -0400] "POST /wp-cron.php?doing_wp_cron=1626050873.4551630020141601562500 HTTP/1.1" 200 6245 "https://suncoastoutdoor.net/wp-cron.php?doing_wp_cron=1626050873.4551630020141601562500" "WordPress/5.7.2; https://suncoastoutdoor.net"
192.151.145.142 - - [11/Jul/2021:20:47:52 -0400] "GET /wp-login.php HTTP/1.1" 200 13769 "-" "Mozilla/5.0 (Macintosh; Intel Mac OS X 10.9; rv:30.0) Gecko/20100101 Firefox/30.0"
192.151.145.142 - - [11/Jul/2021:20:47:53 -0400] "POST /wp-login.php HTTP/1.1" 200 8947 "-" "Mozilla/5.0 (Macintosh; Intel Mac OS X 10.9; rv:30.0) Gecko/20100101 Firefox/30.0"
204.48.19.85 - - [11/Jul/2021:20:58:22 -0400] "POST /wp-cron.php?doing_wp_cron=1626051502.4668359756469726562500 HTTP/1.1" 200 6245 "https://suncoastoutdoor.net/wp-cron.php?doing_wp_cron=1626051502.4668359756469726562500" "WordPress/5.7.2; https://suncoastoutdoor.net"
198.204.234.253 - - [11/Jul/2021:20:58:22 -0400] "GET /wp-login.php HTTP/1.1" 200 13769 "-" "Mozilla/5.0 (Windows NT 6.1; WOW64) AppleWebKit/537.36 (KHTML, like Gecko) Chrome/35.0.1916.153 Safari/537.36"
198.204.234.253 - - [11/Jul/2021:20:58:23 -0400] "POST /wp-login.php HTTP/1.1" 200 8929 "-" "Mozilla/5.0 (Windows NT 6.1; WOW64) AppleWebKit/537.36 (KHTML, like Gecko) Chrome/35.0.1916.153 Safari/537.36"
92.204.134.226 - - [11/Jul/2021:20:58:51 -0400] "POST /wp-login.php HTTP/1.1" 200 8860 "-" "Mozilla/5.0 (Windows NT 6.1; Win64; x64) AppleWebKit/537.36 (KHTML, like Gecko) Chrome/60.0.3112.113 Safari/537.36"
204.48.19.85 - - [11/Jul/2021:20:59:20 -0400] "POST /wp-cron.php?doing_wp_cron=1626051560.2119469642639160156250 HTTP/1.1" 200 6261 "https://suncoastoutdoor.net/wp-cron.php?doing_wp_cron=1626051560.2119469642639160156250" "WordPress/5.7.2; https://suncoastoutdoor.net"
203.205.21.168 - - [11/Jul/2021:20:59:19 -0400] "POST /wp-login.php HTTP/1.1" 200 8859 "-" "Mozilla/5.0 (Windows NT 6.1; Win64; x64) AppleWebKit/537.36 (KHTML, like Gecko) Chrome/80.0.3987.106 Safari/537.36"
157.55.39.169 - - [11/Jul/2021:21:03:15 -0400] "GET /robots.txt HTTP/1.1" 301 606 "-" "Mozilla/5.0 (compatible; bingbot/2.0; +http://www.bing.com/bingbot.htm)"
157.55.39.169 - - [11/Jul/2021:21:03:16 -0400] "GET /robots.txt HTTP/1.1" 404 6092 "-" "Mozilla/5.0 (compatible; bingbot/2.0; +http://www.bing.com/bingbot.htm)"
40.77.167.74 - - [11/Jul/2021:21:03:21 -0400] "GET / HTTP/1.1" 301 586 "-" "Mozilla/5.0 (compatible; bingbot/2.0; +http://www.bing.com/bingbot.htm)"
204.48.19.85 - - [11/Jul/2021:21:07:23 -0400] "POST /wp-cron.php?doing_wp_cron=1626052043.8020000457763671875000 HTTP/1.1" 200 6245 "https://suncoastoutdoor.net/wp-cron.php?doing_wp_cron=1626052043.8020000457763671875000" "WordPress/5.7.2; https://suncoastoutdoor.net"
107.150.52.194 - - [11/Jul/2021:21:07:23 -0400] "GET /wp-login.php HTTP/1.1" 200 13769 "-" "Mozilla/5.0 (Macintosh; Intel Mac OS X 10.7; rv:31.0) Gecko/20100101 Firefox/31.0"
107.150.52.194 - - [11/Jul/2021:21:07:24 -0400] "POST /wp-login.php HTTP/1.1" 200 8947 "-" "Mozilla/5.0 (Macintosh; Intel Mac OS X 10.7; rv:31.0) Gecko/20100101 Firefox/31.0"
204.48.19.85 - - [11/Jul/2021:21:13:13 -0400] "POST /wp-cron.php?doing_wp_cron=1626052393.3897349834442138671875 HTTP/1.1" 200 6229 "https://suncoastoutdoor.net/wp-cron.php?doing_wp_cron=1626052393.3897349834442138671875" "WordPress/5.7.2; https://suncoastoutdoor.net"
173.236.136.5 - - [11/Jul/2021:21:13:12 -0400] "POST /wp-login.php HTTP/1.1" 200 8860 "-" "Mozilla/5.0 (Windows NT 6.1) AppleWebKit/537.36 (KHTML, like Gecko) Chrome/59.0.3071.115 Safari/537.36"
204.48.19.85 - - [11/Jul/2021:21:25:39 -0400] "POST /wp-cron.php?doing_wp_cron=1626053139.2272500991821289062500 HTTP/1.1" 200 6245 "https://suncoastoutdoor.net/wp-cron.php?doing_wp_cron=1626053139.2272500991821289062500" "WordPress/5.7.2; https://suncoastoutdoor.net"
142.54.181.61 - - [11/Jul/2021:21:25:33 -0400] "GET /wp-login.php HTTP/1.1" 200 13769 "-" "Mozilla/5.0 (Macintosh; Intel Mac OS X 10.9; rv:30.0) Gecko/20100101 Firefox/30.0"
142.54.181.61 - - [11/Jul/2021:21:25:39 -0400] "POST /wp-login.php HTTP/1.1" 200 8947 "-" "Mozilla/5.0 (Macintosh; Intel Mac OS X 10.9; rv:30.0) Gecko/20100101 Firefox/30.0"
204.48.19.85 - - [11/Jul/2021:21:27:24 -0400] "POST /wp-cron.php?doing_wp_cron=1626053244.6052999496459960937500 HTTP/1.1" 200 6245 "https://suncoastoutdoor.net/wp-cron.php?doing_wp_cron=1626053244.6052999496459960937500" "WordPress/5.7.2; https://suncoastoutdoor.net"
202.61.241.232 - - [11/Jul/2021:21:27:24 -0400] "POST /wp-login.php HTTP/1.1" 200 8860 "-" "Mozilla/5.0 (Windows NT 6.1; WOW64) AppleWebKit/537.36 (KHTML, like Gecko) Chrome/32.0.1700.107 Safari/537.36"
176.119.210.163 - - [11/Jul/2021:21:27:50 -0400] "POST /wp-login.php HTTP/1.1" 200 8859 "-" "Mozilla/5.0 (Windows NT 6.1) AppleWebKit/537.36 (KHTML, like Gecko) Chrome/80.0.3987.149 Safari/537.36"
163.172.7.97 - - [11/Jul/2021:21:30:07 -0400] "HEAD /Archive.zip HTTP/1.1" 404 5536 "-" "Mozilla/5.0 (Windows NT 10.0; Win64; x64) AppleWebKit/537.36 (KHTML, like Gecko) Chrome/60.0.3112.113 Safari/537.36"
190.107.177.250 - - [11/Jul/2021:21:30:07 -0400] "HEAD /site.zip HTTP/1.1" 404 6219 "-" "Mozilla/5.0 (Windows NT 10.0; Win64; x64) AppleWebKit/537.36 (KHTML, like Gecko) Chrome/60.0.3112.113 Safari/537.36"
198.71.239.40 - - [11/Jul/2021:21:30:22 -0400] "HEAD /wp-config.php~ HTTP/1.1" 404 5536 "-" "Mozilla/5.0 (Windows NT 10.0; Win64; x64) AppleWebKit/537.36 (KHTML, like Gecko) Chrome/60.0.3112.113 Safari/537.36"
62.210.185.4 - - [11/Jul/2021:21:30:31 -0400] "HEAD /well-known.zip HTTP/1.1" 404 5536 "-" "Mozilla/5.0 (Windows NT 10.0; Win64; x64) AppleWebKit/537.36 (KHTML, like Gecko) Chrome/60.0.3112.113 Safari/537.36"
184.168.193.97 - - [11/Jul/2021:21:31:03 -0400] "HEAD /wp-config.php.resetwp_bak HTTP/1.1" 404 5536 "-" "Mozilla/5.0 (Windows NT 10.0; Win64; x64) AppleWebKit/537.36 (KHTML, like Gecko) Chrome/60.0.3112.113 Safari/537.36"
185.132.125.82 - - [11/Jul/2021:21:31:13 -0400] "HEAD /wp-config.php.orig HTTP/1.1" 404 5551 "-" "Mozilla/5.0 (Windows NT 10.0; Win64; x64) AppleWebKit/537.36 (KHTML, like Gecko) Chrome/60.0.3112.113 Safari/537.36"
104.248.81.46 - - [11/Jul/2021:21:31:21 -0400] "HEAD /wp-config HTTP/1.1" 404 5536 "-" "Mozilla/5.0 (Windows NT 10.0; Win64; x64) AppleWebKit/537.36 (KHTML, like Gecko) Chrome/60.0.3112.113 Safari/537.36"
198.71.238.4 - - [11/Jul/2021:21:32:43 -0400] "HEAD /cgi-bin.zip HTTP/1.1" 404 5536 "-" "Mozilla/5.0 (Windows NT 10.0; Win64; x64) AppleWebKit/537.36 (KHTML, like Gecko) Chrome/60.0.3112.113 Safari/537.36"
159.89.139.149 - - [11/Jul/2021:21:33:08 -0400] "HEAD /suncoastoutdoor.net.zip HTTP/1.1" 404 5551 "-" "Mozilla/5.0 (Windows NT 10.0; Win64; x64) AppleWebKit/537.36 (KHTML, like Gecko) Chrome/60.0.3112.113 Safari/537.36"
198.204.234.253 - - [11/Jul/2021:21:35:39 -0400] "GET /wp-login.php HTTP/1.1" 200 13769 "-" "Mozilla/5.0 (Macintosh; Intel Mac OS X 10_7_5) AppleWebKit/537.36 (KHTML, like Gecko) Chrome/36.0.1985.125 Safari/537.36"
198.204.234.253 - - [11/Jul/2021:21:35:45 -0400] "POST /wp-login.php HTTP/1.1" 200 8947 "-" "Mozilla/5.0 (Macintosh; Intel Mac OS X 10_7_5) AppleWebKit/537.36 (KHTML, like Gecko) Chrome/36.0.1985.125 Safari/537.36"
204.48.19.85 - - [11/Jul/2021:21:41:26 -0400] "POST /wp-cron.php?doing_wp_cron=1626054086.3696808815002441406250 HTTP/1.1" 200 6261 "https://suncoastoutdoor.net/wp-cron.php?doing_wp_cron=1626054086.3696808815002441406250" "WordPress/5.7.2; https://suncoastoutdoor.net"
103.233.0.218 - - [11/Jul/2021:21:41:25 -0400] "POST /wp-login.php HTTP/1.1" 200 8860 "-" "Mozilla/5.0 (Windows NT 6.1; Win64; x64) AppleWebKit/537.36 (KHTML, like Gecko) Chrome/81.0.4044.122 Safari/537.36"
203.205.21.168 - - [11/Jul/2021:21:41:54 -0400] "POST /wp-login.php HTTP/1.1" 200 8859 "-" "Mozilla/5.0 (Windows NT 6.1; WOW64) AppleWebKit/537.36 (KHTML, like Gecko) Chrome/41.0.2272.101 Safari/537.36"
204.48.19.85 - - [11/Jul/2021:21:55:53 -0400] "POST /wp-cron.php?doing_wp_cron=1626054953.8533120155334472656250 HTTP/1.1" 200 6245 "https://suncoastoutdoor.net/wp-cron.php?doing_wp_cron=1626054953.8533120155334472656250" "WordPress/5.7.2; https://suncoastoutdoor.net"
143.110.211.27 - - [11/Jul/2021:21:55:53 -0400] "POST /wp-login.php HTTP/1.1" 200 8860 "-" "Mozilla/5.0 (Windows NT 6.1; WOW64) AppleWebKit/537.36 (KHTML, like Gecko) Chrome/46.0.2490.86 Safari/537.36"
