[Thu Jul 08 00:19:36.945207 2021] [php7:error] [pid 28561] [client 27.147.202.214:7047] script '/var/www/html/vb.warframetools.com/ad.php' not found or unable to stat, referer: https://vb.warframetools.com/
[Thu Jul 08 00:19:36.950979 2021] [php7:error] [pid 28883] [client 27.147.202.214:7059] script '/var/www/html/vb.warframetools.com/adminer-4.3.1-mysql-en.php' not found or unable to stat, referer: https://vb.warframetools.com/
[Thu Jul 08 00:19:36.968380 2021] [php7:error] [pid 28787] [client 27.147.202.214:7051] script '/var/www/html/vb.warframetools.com/adminer-4.2.5-mysql-en.php' not found or unable to stat, referer: https://vb.warframetools.com/
[Thu Jul 08 00:19:38.003547 2021] [php7:error] [pid 28953] [client 27.147.202.214:7071] script '/var/www/html/vb.warframetools.com/adminer-4.6.0-mysql-en.php' not found or unable to stat, referer: https://vb.warframetools.com/
[Thu Jul 08 00:19:38.003958 2021] [php7:error] [pid 28952] [client 27.147.202.214:7075] script '/var/www/html/vb.warframetools.com/adminer-4.6.1-mysql-en.php' not found or unable to stat, referer: https://vb.warframetools.com/
[Thu Jul 08 00:19:38.021241 2021] [php7:error] [pid 28918] [client 27.147.202.214:7073] script '/var/www/html/vb.warframetools.com/adminer-4.6.1.php' not found or unable to stat, referer: https://vb.warframetools.com/
[Thu Jul 08 00:19:38.355990 2021] [php7:error] [pid 28756] [client 27.147.202.214:7046] script '/var/www/html/vb.warframetools.com/ad.php' not found or unable to stat, referer: https://vb.warframetools.com/
[Thu Jul 08 00:19:38.398835 2021] [php7:error] [pid 28951] [client 27.147.202.214:7056] script '/var/www/html/vb.warframetools.com/adminer-4.3.0-mysql.php' not found or unable to stat, referer: https://vb.warframetools.com/
[Thu Jul 08 00:19:38.766452 2021] [http:error] [pid 28020] [client 27.147.202.214:7100] AH02430: Response header 'Location' value of 'https://vb.warframetools.com/\n.example.com' contains invalid characters, aborting request
[Thu Jul 08 00:19:38.988301 2021] [php7:error] [pid 28956] [client 27.147.202.214:7062] script '/var/www/html/vb.warframetools.com/adminer-4.4.0-en.php' not found or unable to stat, referer: https://vb.warframetools.com/
[Thu Jul 08 00:19:39.005767 2021] [php7:error] [pid 28957] [client 27.147.202.214:7053] script '/var/www/html/vb.warframetools.com/adminer-4.3.0.php' not found or unable to stat, referer: https://vb.warframetools.com/
[Thu Jul 08 00:19:39.010785 2021] [php7:error] [pid 28955] [client 27.147.202.214:7080] script '/var/www/html/vb.warframetools.com/adminer-4.6.2-mysql.php' not found or unable to stat, referer: https://vb.warframetools.com/
[Thu Jul 08 00:19:39.405020 2021] [php7:error] [pid 28020] [client 27.147.202.214:7057] script '/var/www/html/vb.warframetools.com/adminer-4.3.1.php' not found or unable to stat, referer: https://vb.warframetools.com/
[Thu Jul 08 00:19:39.554597 2021] [php7:error] [pid 28788] [client 27.147.202.214:7064] script '/var/www/html/vb.warframetools.com/adminer-4.4.0-mysql.php' not found or unable to stat, referer: https://vb.warframetools.com/
[Thu Jul 08 00:19:40.048922 2021] [php7:error] [pid 28964] [client 27.147.202.214:7074] script '/var/www/html/vb.warframetools.com/adminer-4.6.1-en.php' not found or unable to stat, referer: https://vb.warframetools.com/
[Thu Jul 08 00:19:40.436508 2021] [php7:error] [pid 28960] [client 27.147.202.214:7072] script '/var/www/html/vb.warframetools.com/adminer-4.6.0-mysql.php' not found or unable to stat, referer: https://vb.warframetools.com/
[Thu Jul 08 00:19:40.646159 2021] [php7:error] [pid 28959] [client 27.147.202.214:7052] script '/var/www/html/vb.warframetools.com/adminer-4.2.5-mysql.php' not found or unable to stat, referer: https://vb.warframetools.com/
[Thu Jul 08 00:19:41.086280 2021] [php7:error] [pid 28971] [client 27.147.202.214:7045] script '/var/www/html/vb.warframetools.com/adminer.php' not found or unable to stat, referer: https://vb.warframetools.com/
[Thu Jul 08 00:19:41.113725 2021] [php7:error] [pid 28975] [client 27.147.202.214:7077] script '/var/www/html/vb.warframetools.com/adminer-4.6.2.php' not found or unable to stat, referer: https://vb.warframetools.com/
[Thu Jul 08 00:19:41.113932 2021] [php7:error] [pid 28980] [client 27.147.202.214:7058] script '/var/www/html/vb.warframetools.com/adminer-4.3.1-en.php' not found or unable to stat, referer: https://vb.warframetools.com/
[Thu Jul 08 00:19:41.117409 2021] [php7:error] [pid 28976] [client 27.147.202.214:7079] script '/var/www/html/vb.warframetools.com/adminer-4.6.2-mysql-en.php' not found or unable to stat, referer: https://vb.warframetools.com/
[Thu Jul 08 00:19:41.354355 2021] [php7:error] [pid 28958] [client 27.147.202.214:7063] script '/var/www/html/vb.warframetools.com/adminer-4.4.0-mysql-en.php' not found or unable to stat, referer: https://vb.warframetools.com/
[Thu Jul 08 00:19:41.354990 2021] [php7:error] [pid 28961] [client 27.147.202.214:7054] script '/var/www/html/vb.warframetools.com/adminer-4.3.0-en.php' not found or unable to stat, referer: https://vb.warframetools.com/
[Thu Jul 08 00:19:41.511477 2021] [php7:error] [pid 28963] [client 27.147.202.214:7049] script '/var/www/html/vb.warframetools.com/adminer-4.2.5.php' not found or unable to stat, referer: https://vb.warframetools.com/
[Thu Jul 08 00:19:41.540385 2021] [php7:error] [pid 28977] [client 27.147.202.214:7048] script '/var/www/html/vb.warframetools.com/Adminer.php' not found or unable to stat, referer: https://vb.warframetools.com/
[Thu Jul 08 00:19:41.723729 2021] [php7:error] [pid 28981] [client 27.147.202.214:7066] script '/var/www/html/vb.warframetools.com/adminer-4.5.0-en.php' not found or unable to stat, referer: https://vb.warframetools.com/
[Thu Jul 08 00:19:42.064550 2021] [php7:error] [pid 28989] [client 27.147.202.214:7076] script '/var/www/html/vb.warframetools.com/adminer-4.6.1-mysql.php' not found or unable to stat, referer: https://vb.warframetools.com/
[Thu Jul 08 00:19:42.073781 2021] [php7:error] [pid 28990] [client 27.147.202.214:7098] script '/var/www/html/vb.warframetools.com/bitrix_server_test.php' not found or unable to stat
[Thu Jul 08 00:19:42.136663 2021] [php7:error] [pid 28972] [client 27.147.202.214:7070] script '/var/www/html/vb.warframetools.com/adminer-4.6.0-en.php' not found or unable to stat, referer: https://vb.warframetools.com/
[Thu Jul 08 00:19:42.161440 2021] [php7:error] [pid 28973] [client 27.147.202.214:7061] script '/var/www/html/vb.warframetools.com/adminer-4.4.0.php' not found or unable to stat, referer: https://vb.warframetools.com/
[Thu Jul 08 00:19:42.348361 2021] [php7:error] [pid 28979] [client 27.147.202.214:7068] script '/var/www/html/vb.warframetools.com/adminer-4.5.0-mysql.php' not found or unable to stat, referer: https://vb.warframetools.com/
[Thu Jul 08 00:19:42.509362 2021] [php7:error] [pid 28974] [client 27.147.202.214:7050] script '/var/www/html/vb.warframetools.com/adminer-4.2.5-en.php' not found or unable to stat, referer: https://vb.warframetools.com/
[Thu Jul 08 00:19:42.533124 2021] [php7:error] [pid 29014] [client 27.147.202.214:7060] script '/var/www/html/vb.warframetools.com/adminer-4.3.1-mysql.php' not found or unable to stat, referer: https://vb.warframetools.com/
[Thu Jul 08 00:19:42.560389 2021] [php7:error] [pid 28983] [client 27.147.202.214:7065] script '/var/www/html/vb.warframetools.com/adminer-4.5.0.php' not found or unable to stat, referer: https://vb.warframetools.com/
[Thu Jul 08 00:19:42.738528 2021] [php7:error] [pid 29001] [client 27.147.202.214:7069] script '/var/www/html/vb.warframetools.com/adminer-4.6.0.php' not found or unable to stat, referer: https://vb.warframetools.com/
[Thu Jul 08 00:19:43.014893 2021] [core:error] [pid 28959] [client 27.147.202.214:7052] AH00126: Invalid URI in request GET /static/../../../../../../../../../../../etc/shells HTTP/1.1
[Thu Jul 08 00:19:43.219264 2021] [php7:error] [pid 29015] [client 27.147.202.214:7043] script '/var/www/html/vb.warframetools.com/_adminer.php' not found or unable to stat, referer: https://vb.warframetools.com/
[Thu Jul 08 00:19:43.346182 2021] [php7:error] [pid 28995] [client 27.147.202.214:7078] script '/var/www/html/vb.warframetools.com/adminer-4.6.2-en.php' not found or unable to stat, referer: https://vb.warframetools.com/
[Thu Jul 08 00:19:43.374560 2021] [php7:error] [pid 28590] [client 27.147.202.214:7055] script '/var/www/html/vb.warframetools.com/adminer-4.3.0-mysql-en.php' not found or unable to stat, referer: https://vb.warframetools.com/
[Thu Jul 08 00:19:43.533452 2021] [php7:error] [pid 29002] [client 27.147.202.214:7042] script '/var/www/html/vb.warframetools.com/opcache.php' not found or unable to stat
[Thu Jul 08 00:19:43.620649 2021] [php7:error] [pid 29015] [client 27.147.202.214:7043] script '/var/www/html/vb.warframetools.com/index.php' not found or unable to stat
[Thu Jul 08 00:19:43.677609 2021] [php7:error] [pid 29013] [client 27.147.202.214:7067] script '/var/www/html/vb.warframetools.com/adminer-4.5.0-mysql-en.php' not found or unable to stat, referer: https://vb.warframetools.com/
[Thu Jul 08 00:19:43.752245 2021] [php7:error] [pid 28961] [client 27.147.202.214:7054] script '/var/www/html/vb.warframetools.com/opcache.php' not found or unable to stat
[Thu Jul 08 00:19:44.246330 2021] [php7:error] [pid 29015] [client 27.147.202.214:7043] script '/var/www/html/vb.warframetools.com/index.php' not found or unable to stat
[Thu Jul 08 00:19:44.328159 2021] [core:error] [pid 28977] [client 27.147.202.214:7048] AH00126: Invalid URI in request GET /%2e%2e/index.js HTTP/1.1
[Thu Jul 08 00:19:44.666249 2021] [core:error] [pid 28961] [client 27.147.202.214:7054] AH00126: Invalid URI in request GET /%2e%2e/debug.js HTTP/1.1
[Thu Jul 08 00:19:44.963450 2021] [core:error] [pid 28974] [client 27.147.202.214:7050] AH00126: Invalid URI in request GET /%2e%2e/release.js HTTP/1.1
[Thu Jul 08 00:19:47.483271 2021] [authz_core:error] [pid 29015] [client 27.147.202.214:7043] AH01630: client denied by server configuration: /var/www/html/vb.warframetools.com/server-status
[Thu Jul 08 00:19:47.581956 2021] [core:error] [pid 29014] [client 27.147.202.214:7060] AH00126: Invalid URI in request GET @uri1.hit7320308290bf84a.group.bxss.me/ HTTP/1.1
[Thu Jul 08 00:19:47.981007 2021] [php7:error] [pid 28909] [client 27.147.202.214:6880] script '/var/www/html/vb.warframetools.com/coredumpcheck.php' not found or unable to stat
[Thu Jul 08 00:19:48.342463 2021] [http:error] [pid 29016] [client 27.147.202.214:2994] AH02430: Response header 'Location' value of 'https://vb.warframetools.com/\r\nheadername: headervalue' contains invalid characters, aborting request
[Thu Jul 08 00:19:48.403890 2021] [core:error] [pid 28996] [client 27.147.202.214:7106] AH00126: Invalid URI in request GET .uri3.hit7320308290bf84a.group.bxss.me/ HTTP/1.1
[Thu Jul 08 00:19:49.538329 2021] [http:error] [pid 28918] [client 27.147.202.214:3290] AH02430: Response header 'Location' value of 'https://vb.warframetools.com/\r\theadername: headervalue' contains invalid characters, aborting request
[Thu Jul 08 00:19:49.923700 2021] [php7:error] [pid 28954] [client 27.147.202.214:3331] script '/var/www/html/vb.warframetools.com/loader-wizard.php' not found or unable to stat
[Thu Jul 08 00:19:50.114177 2021] [http:error] [pid 28977] [client 27.147.202.214:3370] AH02430: Response header 'Location' value of 'https://vb.warframetools.com/\nheadername: headervalue' contains invalid characters, aborting request
[Thu Jul 08 00:19:50.736452 2021] [http:error] [pid 28974] [client 27.147.202.214:3409] AH02430: Response header 'Location' value of 'https://vb.warframetools.com/\rheadername: headervalue' contains invalid characters, aborting request
[Thu Jul 08 00:19:51.019047 2021] [http:error] [pid 28756] [client 27.147.202.214:3402] AH02430: Response header 'Location' value of 'https://vb.warframetools.com/~\r\nheadername: headervalue' contains invalid characters, aborting request
[Thu Jul 08 00:19:52.659731 2021] [core:error] [pid 29013] [client 27.147.202.214:7067] AH00126: Invalid URI in request GET @bxss.me/rpb.png HTTP/1.1
[Thu Jul 08 00:19:52.852353 2021] [authz_core:error] [pid 28995] [client 27.147.202.214:7078] AH01630: client denied by server configuration: /var/www/html/vb.warframetools.com/server-status
[Thu Jul 08 00:19:54.522935 2021] [core:error] [pid 28990] [client 27.147.202.214:3601] AH00126: Invalid URI in request GET /sdk/../../../../../../../../../../../../../etc/passwd HTTP/1.1
[Thu Jul 08 00:19:55.039664 2021] [core:error] [pid 29005] [client 27.147.202.214:3609] AH00126: Invalid URI in request GET /../../../../../../../../z/../../../../../../../../../etc/shells HTTP/1.1
[Thu Jul 08 00:19:55.117117 2021] [php7:error] [pid 28973] [client 27.147.202.214:3640] script '/var/www/html/vb.warframetools.com/uha61dgnabrx.php' not found or unable to stat, referer: https://vb.warframetools.com/
[Thu Jul 08 00:19:56.378983 2021] [php7:error] [pid 28985] [client 27.147.202.214:3653] script '/var/www/html/vb.warframetools.com/index.php' not found or unable to stat
[Thu Jul 08 00:19:56.667802 2021] [php7:error] [pid 28917] [client 27.147.202.214:6978] script '/var/www/html/vb.warframetools.com/index.php' not found or unable to stat
[Thu Jul 08 00:20:00.278830 2021] [php7:error] [pid 28984] [client 27.147.202.214:3539] script '/usr/share/apache2/icons/j920ekd0fd2h.php' not found or unable to stat, referer: https://vb.warframetools.com/
[Thu Jul 08 00:20:00.279809 2021] [autoindex:error] [pid 28956] [client 27.147.202.214:3294] AH01276: Cannot serve directory /usr/share/apache2/icons/: No matching DirectoryIndex (index.html,index.cgi,index.pl,index.php,index.xhtml,index.htm) found, and server-generated directory index forbidden by Options directive, referer: https://vb.warframetools.com/
[Thu Jul 08 00:20:00.488500 2021] [autoindex:error] [pid 28995] [client 27.147.202.214:7078] AH01276: Cannot serve directory /usr/share/apache2/icons/: No matching DirectoryIndex (index.html,index.cgi,index.pl,index.php,index.xhtml,index.htm) found, and server-generated directory index forbidden by Options directive
[Thu Jul 08 00:20:00.492556 2021] [autoindex:error] [pid 29001] [client 27.147.202.214:3656] AH01276: Cannot serve directory /usr/share/apache2/icons/: No matching DirectoryIndex (index.html,index.cgi,index.pl,index.php,index.xhtml,index.htm) found, and server-generated directory index forbidden by Options directive
[Thu Jul 08 00:20:00.492923 2021] [autoindex:error] [pid 28992] [client 27.147.202.214:3655] AH01276: Cannot serve directory /usr/share/apache2/icons/: No matching DirectoryIndex (index.html,index.cgi,index.pl,index.php,index.xhtml,index.htm) found, and server-generated directory index forbidden by Options directive
[Thu Jul 08 00:20:00.780107 2021] [php7:error] [pid 28992] [client 27.147.202.214:3655] script '/var/www/html/vb.warframetools.com/app_dev.php' not found or unable to stat
[Thu Jul 08 00:20:00.869458 2021] [autoindex:error] [pid 28787] [client 27.147.202.214:3654] AH01276: Cannot serve directory /usr/share/apache2/icons/: No matching DirectoryIndex (index.html,index.cgi,index.pl,index.php,index.xhtml,index.htm) found, and server-generated directory index forbidden by Options directive
[Thu Jul 08 00:20:00.888610 2021] [autoindex:error] [pid 28957] [client 27.147.202.214:5350] AH01276: Cannot serve directory /usr/share/apache2/icons/: No matching DirectoryIndex (index.html,index.cgi,index.pl,index.php,index.xhtml,index.htm) found, and server-generated directory index forbidden by Options directive
[Thu Jul 08 00:20:00.985760 2021] [autoindex:error] [pid 28985] [client 27.147.202.214:3653] AH01276: Cannot serve directory /usr/share/apache2/icons/: No matching DirectoryIndex (index.html,index.cgi,index.pl,index.php,index.xhtml,index.htm) found, and server-generated directory index forbidden by Options directive
[Thu Jul 08 00:20:01.057422 2021] [core:error] [pid 28990] [client 27.147.202.214:5364] AH00126: Invalid URI in request GET /icons/../../../../../../../../z/../../../../../../../../../etc/shells HTTP/1.1
[Thu Jul 08 00:20:01.063141 2021] [autoindex:error] [pid 28020] [client 27.147.202.214:3657] AH01276: Cannot serve directory /usr/share/apache2/icons/: No matching DirectoryIndex (index.html,index.cgi,index.pl,index.php,index.xhtml,index.htm) found, and server-generated directory index forbidden by Options directive
[Thu Jul 08 00:20:01.072285 2021] [autoindex:error] [pid 28992] [client 27.147.202.214:3655] AH01276: Cannot serve directory /usr/share/apache2/icons/: No matching DirectoryIndex (index.html,index.cgi,index.pl,index.php,index.xhtml,index.htm) found, and server-generated directory index forbidden by Options directive, referer: https://vb.warframetools.com/
[Thu Jul 08 00:20:01.095053 2021] [autoindex:error] [pid 29001] [client 27.147.202.214:3656] AH01276: Cannot serve directory /usr/share/apache2/icons/: No matching DirectoryIndex (index.html,index.cgi,index.pl,index.php,index.xhtml,index.htm) found, and server-generated directory index forbidden by Options directive, referer: https://vb.warframetools.com/
[Thu Jul 08 00:20:01.418657 2021] [php7:error] [pid 28978] [client 27.147.202.214:3652] script '/var/www/html/vb.warframetools.com/apc.php' not found or unable to stat
[Thu Jul 08 00:20:01.469904 2021] [authz_core:error] [pid 28951] [client 27.147.202.214:3642] AH01630: client denied by server configuration: /var/www/html/vb.warframetools.com/.htaccess
[Thu Jul 08 00:20:01.923435 2021] [autoindex:error] [pid 28985] [client 27.147.202.214:3653] AH01276: Cannot serve directory /usr/share/apache2/icons/: No matching DirectoryIndex (index.html,index.cgi,index.pl,index.php,index.xhtml,index.htm) found, and server-generated directory index forbidden by Options directive
[Thu Jul 08 00:20:01.976534 2021] [php7:error] [pid 28991] [client 27.147.202.214:5363] script '/var/www/html/vb.warframetools.com/v86MDFdN.php' not found or unable to stat
[Thu Jul 08 00:20:02.019961 2021] [php7:error] [pid 28995] [client 27.147.202.214:7078] script '/var/www/html/vb.warframetools.com/phpinfo.php' not found or unable to stat
[Thu Jul 08 00:20:02.078445 2021] [php7:error] [pid 28951] [client 27.147.202.214:3642] script '/var/www/html/vb.warframetools.com/r57shell.php' not found or unable to stat
[Thu Jul 08 00:20:02.088007 2021] [php7:error] [pid 28972] [client 27.147.202.214:3641] script '/var/www/html/vb.warframetools.com/webadmin.php' not found or unable to stat
[Thu Jul 08 00:20:02.277247 2021] [php7:error] [pid 28957] [client 27.147.202.214:5350] script '/var/www/html/vb.warframetools.com/db.php' not found or unable to stat
[Thu Jul 08 00:20:02.388450 2021] [php7:error] [pid 28951] [client 27.147.202.214:3642] script '/var/www/html/vb.warframetools.com/r57.php' not found or unable to stat
[Thu Jul 08 00:20:02.606367 2021] [php7:error] [pid 28995] [client 27.147.202.214:7078] script '/var/www/html/vb.warframetools.com/pi.php' not found or unable to stat
[Thu Jul 08 00:20:02.685426 2021] [core:error] [pid 29000] [client 27.147.202.214:3651] AH00126: Invalid URI in request GET /icons//../../../../../../../../etc/passwd HTTP/1.1
[Thu Jul 08 00:20:02.694363 2021] [php7:error] [pid 29014] [client 27.147.202.214:3650] script '/var/www/html/vb.warframetools.com/r58.php' not found or unable to stat
[Thu Jul 08 00:20:02.856294 2021] [php7:error] [pid 28992] [client 27.147.202.214:3655] script '/var/www/html/vb.warframetools.com/xmlrpc.php' not found or unable to stat
[Thu Jul 08 00:20:02.889603 2021] [php7:error] [pid 28957] [client 27.147.202.214:5350] script '/var/www/html/vb.warframetools.com/conf.php' not found or unable to stat
[Thu Jul 08 00:20:02.993321 2021] [php7:error] [pid 29014] [client 27.147.202.214:3650] script '/var/www/html/vb.warframetools.com/c99shell.php' not found or unable to stat
[Thu Jul 08 00:20:03.192132 2021] [php7:error] [pid 28995] [client 27.147.202.214:7078] script '/var/www/html/vb.warframetools.com/php.php' not found or unable to stat
[Thu Jul 08 00:20:03.282064 2021] [core:error] [pid 28986] [client 27.147.202.214:3639] AH00126: Invalid URI in request GET /icons//../../../../../../../../windows/win.ini HTTP/1.1
[Thu Jul 08 00:20:03.285676 2021] [php7:error] [pid 29014] [client 27.147.202.214:3650] script '/var/www/html/vb.warframetools.com/c99.php' not found or unable to stat
[Thu Jul 08 00:20:03.490000 2021] [php7:error] [pid 28995] [client 27.147.202.214:7078] script '/var/www/html/vb.warframetools.com/i.php' not found or unable to stat
[Thu Jul 08 00:20:03.491426 2021] [php7:error] [pid 28981] [client 27.147.202.214:5351] script '/var/www/html/vb.warframetools.com/settings.php' not found or unable to stat
[Thu Jul 08 00:20:03.576760 2021] [php7:error] [pid 29014] [client 27.147.202.214:3650] script '/var/www/html/vb.warframetools.com/nstview.php' not found or unable to stat
[Thu Jul 08 00:20:03.773161 2021] [php7:error] [pid 28995] [client 27.147.202.214:7078] script '/var/www/html/vb.warframetools.com/test.php' not found or unable to stat
[Thu Jul 08 00:20:03.865942 2021] [php7:error] [pid 29014] [client 27.147.202.214:3650] script '/var/www/html/vb.warframetools.com/nst.php' not found or unable to stat
[Thu Jul 08 00:20:04.012947 2021] [php7:error] [pid 28992] [client 27.147.202.214:3655] script '/var/www/html/vb.warframetools.com/index.php' not found or unable to stat
[Thu Jul 08 00:20:04.056560 2021] [php7:error] [pid 28995] [client 27.147.202.214:7078] script '/var/www/html/vb.warframetools.com/temp.php' not found or unable to stat
[Thu Jul 08 00:20:04.085815 2021] [php7:error] [pid 28973] [client 27.147.202.214:3640] script '/var/www/html/vb.warframetools.com/config.php' not found or unable to stat
[Thu Jul 08 00:20:04.160246 2021] [php7:error] [pid 29014] [client 27.147.202.214:3650] script '/var/www/html/vb.warframetools.com/rst.php' not found or unable to stat
[Thu Jul 08 00:20:04.369610 2021] [php7:error] [pid 28995] [client 27.147.202.214:7078] script '/var/www/html/vb.warframetools.com/info.php' not found or unable to stat
[Thu Jul 08 00:20:04.474411 2021] [php7:error] [pid 29014] [client 27.147.202.214:3650] script '/var/www/html/vb.warframetools.com/r57eng.php' not found or unable to stat
[Thu Jul 08 00:20:04.499172 2021] [core:error] [pid 29001] [client 27.147.202.214:3656] AH00126: Invalid URI in request GET /icons//../../../../../../../../boot.ini HTTP/1.1
[Thu Jul 08 00:20:04.696333 2021] [php7:error] [pid 28995] [client 27.147.202.214:7078] script '/var/www/html/vb.warframetools.com/config.inc.php' not found or unable to stat
[Thu Jul 08 00:20:04.763500 2021] [php7:error] [pid 29014] [client 27.147.202.214:3650] script '/var/www/html/vb.warframetools.com/shell.php' not found or unable to stat
[Thu Jul 08 00:20:04.978975 2021] [php7:error] [pid 28995] [client 27.147.202.214:7078] script '/var/www/html/vb.warframetools.com/localconfig.php' not found or unable to stat
[Thu Jul 08 00:20:05.053356 2021] [php7:error] [pid 28988] [client 27.147.202.214:5352] script '/var/www/html/vb.warframetools.com/dra.php' not found or unable to stat
[Thu Jul 08 00:20:05.350262 2021] [php7:error] [pid 28988] [client 27.147.202.214:5352] script '/var/www/html/vb.warframetools.com/r.php' not found or unable to stat
[Thu Jul 08 00:20:05.427791 2021] [php7:error] [pid 28985] [client 27.147.202.214:3653] script '/var/www/html/vb.warframetools.com/xmlrpc.php' not found or unable to stat
[Thu Jul 08 00:20:05.548071 2021] [php7:error] [pid 28995] [client 27.147.202.214:7078] script '/var/www/html/vb.warframetools.com/configuration.php' not found or unable to stat
[Thu Jul 08 00:20:05.649029 2021] [php7:error] [pid 28988] [client 27.147.202.214:5352] script '/var/www/html/vb.warframetools.com/lol.php' not found or unable to stat
[Thu Jul 08 00:20:05.749099 2021] [autoindex:error] [pid 28992] [client 27.147.202.214:3655] AH01276: Cannot serve directory /usr/share/apache2/icons/: No matching DirectoryIndex (index.html,index.cgi,index.pl,index.php,index.xhtml,index.htm) found, and server-generated directory index forbidden by Options directive
[Thu Jul 08 00:20:05.749479 2021] [autoindex:error] [pid 28972] [client 27.147.202.214:3641] AH01276: Cannot serve directory /usr/share/apache2/icons/: No matching DirectoryIndex (index.html,index.cgi,index.pl,index.php,index.xhtml,index.htm) found, and server-generated directory index forbidden by Options directive
[Thu Jul 08 00:20:05.965631 2021] [php7:error] [pid 28988] [client 27.147.202.214:5352] script '/var/www/html/vb.warframetools.com/zehir.php' not found or unable to stat
[Thu Jul 08 00:20:06.047354 2021] [php7:error] [pid 28985] [client 27.147.202.214:3653] script '/var/www/html/vb.warframetools.com/xmlrpc.php' not found or unable to stat
[Thu Jul 08 00:20:06.130037 2021] [php7:error] [pid 28995] [client 27.147.202.214:7078] script '/var/www/html/vb.warframetools.com/settings.inc.php' not found or unable to stat
[Thu Jul 08 00:20:06.263169 2021] [php7:error] [pid 28988] [client 27.147.202.214:5352] script '/var/www/html/vb.warframetools.com/c-h.v2.php' not found or unable to stat
[Thu Jul 08 00:20:06.413324 2021] [php7:error] [pid 28995] [client 27.147.202.214:7078] script '/var/www/html/vb.warframetools.com/global.inc.php' not found or unable to stat
[Thu Jul 08 00:20:06.561920 2021] [php7:error] [pid 28988] [client 27.147.202.214:5352] script '/var/www/html/vb.warframetools.com/php-backdoor.php' not found or unable to stat
[Thu Jul 08 00:20:06.664661 2021] [php7:error] [pid 28985] [client 27.147.202.214:3653] script '/var/www/html/vb.warframetools.com/xmlrpc.php' not found or unable to stat
[Thu Jul 08 00:20:06.696919 2021] [php7:error] [pid 28995] [client 27.147.202.214:7078] script '/var/www/html/vb.warframetools.com/database.php' not found or unable to stat
[Thu Jul 08 00:20:06.864292 2021] [php7:error] [pid 28988] [client 27.147.202.214:5352] script '/var/www/html/vb.warframetools.com/simple-backdoor.php' not found or unable to stat
[Thu Jul 08 00:20:07.278411 2021] [php7:error] [pid 28995] [client 27.147.202.214:7078] script '/var/www/html/vb.warframetools.com/database.inc.php' not found or unable to stat
[Thu Jul 08 00:20:07.303449 2021] [php7:error] [pid 28985] [client 27.147.202.214:3653] script '/var/www/html/vb.warframetools.com/xmlrpc.php' not found or unable to stat
[Thu Jul 08 00:20:07.455939 2021] [core:error] [pid 28787] [client 27.147.202.214:3654] AH00126: Invalid URI in request GET /icons//%2e%2e/%2e%2e/%2e%2e/%2e%2e/%2e%2e/%2e%2e/%2e%2e/%2e%2e/etc/passwd HTTP/1.1
[Thu Jul 08 00:20:07.756049 2021] [core:error] [pid 28992] [client 27.147.202.214:3655] AH00126: Invalid URI in request GET /icons//%2e%2e/%2e%2e/%2e%2e/%2e%2e/%2e%2e/%2e%2e/%2e%2e/%2e%2e/windows/win.ini HTTP/1.1
[Thu Jul 08 00:20:07.943201 2021] [php7:error] [pid 28981] [client 27.147.202.214:5351] script '/var/www/html/vb.warframetools.com/soap.php' not found or unable to stat
[Thu Jul 08 00:20:08.033323 2021] [php7:error] [pid 29015] [client 27.147.202.214:7043] script '/var/www/html/vb.warframetools.com/phpThumb.php' not found or unable to stat
[Thu Jul 08 00:20:08.633087 2021] [php7:error] [pid 28981] [client 27.147.202.214:5351] script '/var/www/html/vb.warframetools.com/soap.php' not found or unable to stat
[Thu Jul 08 00:20:08.813297 2021] [php7:error] [pid 28909] [client 27.147.202.214:6880] script '/var/www/html/vb.warframetools.com/login.php' not found or unable to stat
[Thu Jul 08 00:20:09.259366 2021] [php7:error] [pid 28981] [client 27.147.202.214:5351] script '/var/www/html/vb.warframetools.com/soap.php' not found or unable to stat
[Thu Jul 08 00:20:09.899042 2021] [php7:error] [pid 28981] [client 27.147.202.214:5351] script '/var/www/html/vb.warframetools.com/soap.php' not found or unable to stat
[Thu Jul 08 00:20:10.570608 2021] [php7:error] [pid 28981] [client 27.147.202.214:5351] script '/var/www/html/vb.warframetools.com/xmlrpc-server.php' not found or unable to stat
[Thu Jul 08 00:20:11.217969 2021] [php7:error] [pid 28981] [client 27.147.202.214:5351] script '/var/www/html/vb.warframetools.com/xmlrpc-server.php' not found or unable to stat
[Thu Jul 08 00:20:11.851731 2021] [php7:error] [pid 28981] [client 27.147.202.214:5351] script '/var/www/html/vb.warframetools.com/xmlrpc-server.php' not found or unable to stat
[Thu Jul 08 00:20:12.472330 2021] [php7:error] [pid 28981] [client 27.147.202.214:5351] script '/var/www/html/vb.warframetools.com/xmlrpc-server.php' not found or unable to stat
[Thu Jul 08 00:20:13.096913 2021] [php7:error] [pid 28020] [client 27.147.202.214:3657] script '/var/www/html/vb.warframetools.com/xmlrpc_server.php' not found or unable to stat
[Thu Jul 08 00:20:13.699830 2021] [php7:error] [pid 28020] [client 27.147.202.214:3657] script '/var/www/html/vb.warframetools.com/xmlrpc_server.php' not found or unable to stat
[Thu Jul 08 00:20:14.297852 2021] [php7:error] [pid 28020] [client 27.147.202.214:3657] script '/var/www/html/vb.warframetools.com/xmlrpc_server.php' not found or unable to stat
[Thu Jul 08 00:20:14.846470 2021] [core:error] [pid 29015] (36)File name too long: [client 27.147.202.214:7043] AH00036: access to /icons/%c0%ae%c0%ae%c0%af%c0%ae%c0%ae%c0%af%c0%ae%c0%ae%c0%af%c0%ae%c0%ae%c0%af%c0%ae%c0%ae%c0%af%c0%ae%c0%ae%c0%af%c0%ae%c0%ae%c0%af%c0%ae%c0%ae%c0%af%c0%ae%c0%ae%c0%af%c0%ae%c0%ae%c0%af%c0%ae%c0%ae%c0%af%c0%ae%c0%ae%c0%af%c0%ae%c0%ae%c0%af%c0%ae%c0%ae%c0%af%c0%ae%c0%ae%c0%af%c0%ae%c0%ae%c0%af/etc/passwd failed (filesystem path '/usr/share/apache2/icons/%c0%ae%c0%ae%c0%af%c0%ae%c0%ae%c0%af%c0%ae%c0%ae%c0%af%c0%ae%c0%ae%c0%af%c0%ae%c0%ae%c0%af%c0%ae%c0%ae%c0%af%c0%ae%c0%ae%c0%af%c0%ae%c0%ae%c0%af%c0%ae%c0%ae%c0%af%c0%ae%c0%ae%c0%af%c0%ae%c0%ae%c0%af%c0%ae%c0%ae%c0%af%c0%ae%c0%ae%c0%af%c0%ae%c0%ae%c0%af%c0%ae%c0%ae%c0%af%c0%ae%c0%ae%c0%af')
[Thu Jul 08 00:20:14.899081 2021] [php7:error] [pid 28020] [client 27.147.202.214:3657] script '/var/www/html/vb.warframetools.com/xmlrpc_server.php' not found or unable to stat
[Thu Jul 08 00:20:17.279756 2021] [authz_core:error] [pid 28187] [client 27.147.202.214:3658] AH01630: client denied by server configuration: /var/www/html/vb.warframetools.com/.htaccess~
[Thu Jul 08 00:20:17.567982 2021] [authz_core:error] [pid 28187] [client 27.147.202.214:3658] AH01630: client denied by server configuration: /var/www/html/vb.warframetools.com/.htaccess.old
[Thu Jul 08 00:20:17.857279 2021] [authz_core:error] [pid 28187] [client 27.147.202.214:3658] AH01630: client denied by server configuration: /var/www/html/vb.warframetools.com/.htaccess.save
[Thu Jul 08 00:20:29.074397 2021] [core:error] [pid 28981] [client 27.147.202.214:5351] AH00126: Invalid URI in request GET /icons//AAAAAAAAAAAAAAAAAAAAAAAAAAAAAAAAAAAAAAAAAAAAAAAAAAAAAAAAAAAAAAAAAAAAAAAAAAAAAAAAAAAAAAAAAAAAAAAAAAAAAAAAAAAAAAAAAAAAAAAAAAAAAAAAAAAAAAAAAAAAAAAAAAAAAAAAAAAAAAAAAAAAAAAAAAAAAAAAAAAAAAAAAAAAAAAAAAAAAAAAAAAAAAAAAAAAAAAAAAAAAAAAAAAAAAAAAAAAAAAAAAAAAAAAAAAAAAAAAAAAAAAAAAAAAAAAAAAAAAAAAAAAAAAAAAAAAAAAAAAAAAAAAAAAAAAAAAAAAAAAAAAAAAAAAAAAAAAAAAAAAAAAAAAAAAAAAAAAAAAAAAAAAAAAAAAAAAAAAAAAAAAAAAAAAAAAAAAAAAAAAAAAAAAAAAAAAAAAAAAAAAAAAAAAAAAAAAAAAAAAAAAAAAAAAAAAAAAAAAAAAAAAAAAAAAAAAAAAAAAAAAAAAAAAAAAAAAAAAAAAAAAAAAAAAAAAAAAAAAAAAAAAAAAAAAAAAAAAAAAAAAAAAAAAAAAAAAAAAAAAAAAAAAAAAAAAAAAAAAAAAAAAAAAAAAAAAAAAAAAAAAAAAAAAAAAAAAAAAAAAAAAAAAAAAAAAAAAAAAAAAAAAAAAAAAAAAAAAAAAAAAAAAAAAAAAAAAAAAAAAAAAAAAAAAAAAAAAAAAAAAAAAAAAAAAAAAAAAAAAAAAAAAAAAAAAAAAAAAAAAAAAAAAAAAAAAAAAAAAAAAAAAAAAAAAAAAAAAAAAAAAAAAAAAAAAAAAAAAAAAAAAAAAAAAAAAAAAAAAAAAAAAAAAAAAAAAAAAAAAAAAAAAAAAAAAAAAAAAAAAAAAAAAAAAAAAAAAAAAAAAAAAAAAAAAAAAAAAAAAAAAAAAAAAAAAAAAAAAAAAAAAAAAAAAAAAAAAAAAAAAAAAAAAAAAAAAAAAAAAAAAAAAAAAAAAAAAAAAAAAAAAAAAAAAAAAAAAAAAAAAAAAAAAAAAAAAAAAAAAAAAAAAA/../../../../../../../../etc/passwd HTTP/1.1
[Thu Jul 08 00:20:29.951201 2021] [core:error] [pid 28909] [client 27.147.202.214:4264] AH00126: Invalid URI in request GET /icons//AAAAAAAAAAAAAAAAAAAAAAAAAAAAAAAAAAAAAAAAAAAAAAAAAAAAAAAAAAAAAAAAAAAAAAAAAAAAAAAAAAAAAAAAAAAAAAAAAAAAAAAAAAAAAAAAAAAAAAAAAAAAAAAAAAAAAAAAAAAAAAAAAAAAAAAAAAAAAAAAAAAAAAAAAAAAAAAAAAAAAAAAAAAAAAAAAAAAAAAAAAAAAAAAAAAAAAAAAAAAAAAAAAAAAAAAAAAAAAAAAAAAAAAAAAAAAAAAAAAAAAAAAAAAAAAAAAAAAAAAAAAAAAAAAAAAAAAAAAAAAAAAAAAAAAAAAAAAAAAAAAAAAAAAAAAAAAAAAAAAAAAAAAAAAAAAAAAAAAAAAAAAAAAAAAAAAAAAAAAAAAAAAAAAAAAAAAAAAAAAAAAAAAAAAAAAAAAAAAAAAAAAAAAAAAAAAAAAAAAAAAAAAAAAAAAAAAAAAAAAAAAAAAAAAAAAAAAAAAAAAAAAAAAAAAAAAAAAAAAAAAAAAAAAAAAAAAAAAAAAAAAAAAAAAAAAAAAAAAAAAAAAAAAAAAAAAAAAAAAAAAAAAAAAAAAAAAAAAAAAAAAAAAAAAAAAAAAAAAAAAAAAAAAAAAAAAAAAAAAAAAAAAAAAAAAAAAAAAAAAAAAAAAAAAAAAAAAAAAAAAAAAAAAAAAAAAAAAAAAAAAAAAAAAAAAAAAAAAAAAAAAAAAAAAAAAAAAAAAAAAAAAAAAAAAAAAAAAAAAAAAAAAAAAAAAAAAAAAAAAAAAAAAAAAAAAAAAAAAAAAAAAAAAAAAAAAAAAAAAAAAAAAAAAAAAAAAAAAAAAAAAAAAAAAAAAAAAAAAAAAAAAAAAAAAAAAAAAAAAAAAAAAAAAAAAAAAAAAAAAAAAAAAAAAAAAAAAAAAAAAAAAAAAAAAAAAAAAAAAAAAAAAAAAAAAAAAAAAAAAAAAAAAAAAAAAAAAAAAAAAAAAAAAAAAAAAAAAAAAAAAAAAAAAAAAAAAAAAAAAAAAAAAAAAAAAAAAAAAAAAAAAAA/../../../../../../../../windows/win.ini HTTP/1.1
[Thu Jul 08 00:20:30.285692 2021] [php7:error] [pid 28020] [client 27.147.202.214:3657] script '/var/www/html/vb.warframetools.com/index.php' not found or unable to stat
[Thu Jul 08 00:20:30.885629 2021] [php7:error] [pid 28020] [client 27.147.202.214:3657] script '/var/www/html/vb.warframetools.com/index.php' not found or unable to stat
[Thu Jul 08 00:20:31.486413 2021] [php7:error] [pid 28020] [client 27.147.202.214:3657] script '/var/www/html/vb.warframetools.com/index.php' not found or unable to stat
[Thu Jul 08 00:20:32.085431 2021] [php7:error] [pid 28020] [client 27.147.202.214:3657] script '/var/www/html/vb.warframetools.com/index.php' not found or unable to stat
[Thu Jul 08 00:20:33.124347 2021] [core:error] [pid 29019] [client 27.147.202.214:4279] AH00126: Invalid URI in request GET /icons//........................................................................../../../../../../../../etc/passwd HTTP/1.1
[Thu Jul 08 00:20:33.984766 2021] [core:error] [pid 28961] [client 27.147.202.214:4990] AH00126: Invalid URI in request GET /icons//........................................................................../../../../../../../../windows/win.ini HTTP/1.1
[Thu Jul 08 00:20:41.322400 2021] [core:error] [pid 29013] [client 27.147.202.214:5072] AH00126: Invalid URI in request GET /icons//././././././././././././././././././././././././././././././././././././././././././././././././././././././././././././././././././././././././././././././././././././././././././././././././././././././././././././././././././././././././././././././././././././././././././././././././././././././../../../../../../../../etc/passwd HTTP/1.1
[Thu Jul 08 00:20:42.243114 2021] [core:error] [pid 28981] [client 27.147.202.214:1653] AH00126: Invalid URI in request GET /icons//././././././././././././././././././././././././././././././././././././././././././././././././././././././././././././././././././././././././././././././././././././././././././././././././././././././././././././././././././././././././././././././././././././././././././././././././././././././../../../../../../../../windows/win.ini HTTP/1.1
[Thu Jul 08 00:20:44.026539 2021] [core:error] [pid 28020] [client 27.147.202.214:1710] AH00126: Invalid URI in request GET /icons//../../../../../../../../etc/passwd%C0%80.jsp HTTP/1.1
[Thu Jul 08 00:20:45.208629 2021] [core:error] [pid 28972] [client 27.147.202.214:1818] AH00126: Invalid URI in request GET /icons//../../../../../../../../windows/win.ini%C0%80.jsp HTTP/1.1
[Thu Jul 08 00:20:49.221573 2021] [core:error] [pid 28926] [client 27.147.202.214:4983] AH00126: Invalid URI in request GET /icons//../../../WEB-INF/web.xml? HTTP/1.1
[Thu Jul 08 00:20:49.794756 2021] [core:error] [pid 28957] [client 27.147.202.214:1913] AH00126: Invalid URI in request GET /icons//../../../WEB-INF/web.xml%C0%80.jsp HTTP/1.1
[Thu Jul 08 00:20:53.349410 2021] [core:error] [pid 28020] [client 27.147.202.214:2266] AH00126: Invalid URI in request GET /icons/../../Gemfile HTTP/1.1
[Thu Jul 08 00:20:54.196326 2021] [core:error] [pid 29013] [client 27.147.202.214:2609] AH00126: Invalid URI in request GET /icons/../../web.config HTTP/1.1
[Thu Jul 08 00:20:55.044376 2021] [core:error] [pid 28926] [client 27.147.202.214:2704] AH00126: Invalid URI in request GET /icons/../../package.json HTTP/1.1
[Thu Jul 08 00:20:55.962682 2021] [core:error] [pid 28957] [client 27.147.202.214:2791] AH00126: Invalid URI in request GET /icons/../../package-lock.json HTTP/1.1
[Thu Jul 08 00:20:58.083474 2021] [core:error] [pid 28973] [client 27.147.202.214:2879] AH00126: Invalid URI in request GET /icons/../../../Gemfile HTTP/1.1
[Thu Jul 08 00:20:58.985354 2021] [core:error] [pid 29013] [client 27.147.202.214:3080] AH00126: Invalid URI in request GET /icons/../../../web.config HTTP/1.1
[Thu Jul 08 00:20:59.920631 2021] [core:error] [pid 28926] [client 27.147.202.214:3179] AH00126: Invalid URI in request GET /icons/../../../package.json HTTP/1.1
[Thu Jul 08 00:21:00.855981 2021] [core:error] [pid 29015] [client 27.147.202.214:10734] AH00126: Invalid URI in request GET /icons/../../../package-lock.json HTTP/1.1
[Thu Jul 08 00:21:02.992357 2021] [core:error] [pid 28973] [client 27.147.202.214:8606] AH00126: Invalid URI in request GET /icons/../../../../Gemfile HTTP/1.1
[Thu Jul 08 00:21:03.896126 2021] [core:error] [pid 28974] [client 27.147.202.214:3874] AH00126: Invalid URI in request GET /icons/../../../../web.config HTTP/1.1
[Thu Jul 08 00:21:04.802901 2021] [core:error] [pid 28020] [client 27.147.202.214:3964] AH00126: Invalid URI in request GET /icons/../../../../package.json HTTP/1.1
[Thu Jul 08 00:21:05.676094 2021] [core:error] [pid 28926] [client 27.147.202.214:4055] AH00126: Invalid URI in request GET /icons/../../../../package-lock.json HTTP/1.1
[Thu Jul 08 00:21:14.558258 2021] [core:error] [pid 29221] [client 27.147.202.214:4197] AH00126: Invalid URI in request GET /icons/../../../../../Gemfile HTTP/1.1
[Thu Jul 08 00:21:15.501404 2021] [core:error] [pid 29224] [client 27.147.202.214:3677] AH00126: Invalid URI in request GET /icons/../../../../../web.config HTTP/1.1
[Thu Jul 08 00:21:16.431707 2021] [core:error] [pid 28974] [client 27.147.202.214:3797] AH00126: Invalid URI in request GET /icons/../../../../../package.json HTTP/1.1
[Thu Jul 08 00:21:17.377504 2021] [core:error] [pid 29219] [client 27.147.202.214:3866] AH00126: Invalid URI in request GET /icons/../../../../../package-lock.json HTTP/1.1
[Thu Jul 08 00:25:46.903613 2021] [autoindex:error] [pid 29427] [client 27.147.202.214:3967] AH01276: Cannot serve directory /usr/share/apache2/icons/: No matching DirectoryIndex (index.html,index.cgi,index.pl,index.php,index.xhtml,index.htm) found, and server-generated directory index forbidden by Options directive, referer: https://vb.warframetools.com/
[Thu Jul 08 00:25:47.250789 2021] [php7:error] [pid 29427] [client 27.147.202.214:3967] script '/var/www/html/vb.warframetools.com/index.php' not found or unable to stat
[Thu Jul 08 00:25:47.561430 2021] [php7:error] [pid 29427] [client 27.147.202.214:3967] script '/var/www/html/vb.warframetools.com/index.php' not found or unable to stat
[Thu Jul 08 00:25:48.020423 2021] [autoindex:error] [pid 29557] [client 27.147.202.214:4116] AH01276: Cannot serve directory /usr/share/apache2/icons/: No matching DirectoryIndex (index.html,index.cgi,index.pl,index.php,index.xhtml,index.htm) found, and server-generated directory index forbidden by Options directive, referer: http://hitddrxecnmab.bxss.me/
[Thu Jul 08 00:25:48.446059 2021] [autoindex:error] [pid 29680] [client 27.147.202.214:4120] AH01276: Cannot serve directory /usr/share/apache2/icons/: No matching DirectoryIndex (index.html,index.cgi,index.pl,index.php,index.xhtml,index.htm) found, and server-generated directory index forbidden by Options directive, referer: '"
[Thu Jul 08 00:25:48.526018 2021] [autoindex:error] [pid 29676] [client 27.147.202.214:3966] AH01276: Cannot serve directory /usr/share/apache2/icons/: No matching DirectoryIndex (index.html,index.cgi,index.pl,index.php,index.xhtml,index.htm) found, and server-generated directory index forbidden by Options directive, referer: https://www.google.com/search?hl=en&q=testing
[Thu Jul 08 00:25:48.628856 2021] [autoindex:error] [pid 29648] [client 27.147.202.214:4105] AH01276: Cannot serve directory /usr/share/apache2/icons/: No matching DirectoryIndex (index.html,index.cgi,index.pl,index.php,index.xhtml,index.htm) found, and server-generated directory index forbidden by Options directive, referer: https://www.google.com/search?hl=en&q=testing<esi:include src="http://bxss.me/rpb.png"/>
[Thu Jul 08 00:25:48.761427 2021] [autoindex:error] [pid 29680] [client 27.147.202.214:4120] AH01276: Cannot serve directory /usr/share/apache2/icons/: No matching DirectoryIndex (index.html,index.cgi,index.pl,index.php,index.xhtml,index.htm) found, and server-generated directory index forbidden by Options directive, referer: <!--
[Thu Jul 08 00:25:49.035214 2021] [autoindex:error] [pid 29701] [client 27.147.202.214:4107] AH01276: Cannot serve directory /usr/share/apache2/icons/: No matching DirectoryIndex (index.html,index.cgi,index.pl,index.php,index.xhtml,index.htm) found, and server-generated directory index forbidden by Options directive, referer: https://vb.warframetools.com/
[Thu Jul 08 00:25:49.077361 2021] [autoindex:error] [pid 29680] [client 27.147.202.214:4120] AH01276: Cannot serve directory /usr/share/apache2/icons/: No matching DirectoryIndex (index.html,index.cgi,index.pl,index.php,index.xhtml,index.htm) found, and server-generated directory index forbidden by Options directive, referer: https://www.google.com/search?hl=en&q=testing
[Thu Jul 08 00:25:49.258419 2021] [autoindex:error] [pid 28787] [client 27.147.202.214:4108] AH01276: Cannot serve directory /usr/share/apache2/icons/: No matching DirectoryIndex (index.html,index.cgi,index.pl,index.php,index.xhtml,index.htm) found, and server-generated directory index forbidden by Options directive, referer: )
[Thu Jul 08 00:25:49.345990 2021] [autoindex:error] [pid 29666] [client 27.147.202.214:3965] AH01276: Cannot serve directory /usr/share/apache2/icons/: No matching DirectoryIndex (index.html,index.cgi,index.pl,index.php,index.xhtml,index.htm) found, and server-generated directory index forbidden by Options directive
[Thu Jul 08 00:25:49.358368 2021] [autoindex:error] [pid 29701] [client 27.147.202.214:4107] AH01276: Cannot serve directory /usr/share/apache2/icons/: No matching DirectoryIndex (index.html,index.cgi,index.pl,index.php,index.xhtml,index.htm) found, and server-generated directory index forbidden by Options directive, referer: 12345'"\\'\\");|]*%00{%0d%0a<%00>%bf%27'\xf0\x9f\x92\xa1
[Thu Jul 08 00:25:49.460080 2021] [autoindex:error] [pid 29358] [client 27.147.202.214:4118] AH01276: Cannot serve directory /usr/share/apache2/icons/: No matching DirectoryIndex (index.html,index.cgi,index.pl,index.php,index.xhtml,index.htm) found, and server-generated directory index forbidden by Options directive, referer: '.gethostbyname(lc('hitpb'.'dkhzpchr28ad9.bxss.me.')).'A'.chr(67).chr(hex('58')).chr(100).chr(66).chr(121).chr(85).'
[Thu Jul 08 00:25:49.509729 2021] [autoindex:error] [pid 29531] [client 27.147.202.214:4117] AH01276: Cannot serve directory /usr/share/apache2/icons/: No matching DirectoryIndex (index.html,index.cgi,index.pl,index.php,index.xhtml,index.htm) found, and server-generated directory index forbidden by Options directive, referer: 1K2xaYO
[Thu Jul 08 00:25:49.568734 2021] [autoindex:error] [pid 28787] [client 27.147.202.214:4108] AH01276: Cannot serve directory /usr/share/apache2/icons/: No matching DirectoryIndex (index.html,index.cgi,index.pl,index.php,index.xhtml,index.htm) found, and server-generated directory index forbidden by Options directive, referer: !(()&&!|*|*|
[Thu Jul 08 00:25:49.631153 2021] [autoindex:error] [pid 29716] [client 27.147.202.214:4119] AH01276: Cannot serve directory /usr/share/apache2/icons/: No matching DirectoryIndex (index.html,index.cgi,index.pl,index.php,index.xhtml,index.htm) found, and server-generated directory index forbidden by Options directive, referer: )))))))))))))))))))))))))))))))))))))))))))))))))))))))))))))))))))))
[Thu Jul 08 00:25:49.677629 2021] [autoindex:error] [pid 29557] [client 27.147.202.214:4116] AH01276: Cannot serve directory /usr/share/apache2/icons/: No matching DirectoryIndex (index.html,index.cgi,index.pl,index.php,index.xhtml,index.htm) found, and server-generated directory index forbidden by Options directive, referer: https://www.google.com/search?hl=en&q=testing
[Thu Jul 08 00:25:49.774600 2021] [autoindex:error] [pid 29323] [client 27.147.202.214:4115] AH01276: Cannot serve directory /usr/share/apache2/icons/: No matching DirectoryIndex (index.html,index.cgi,index.pl,index.php,index.xhtml,index.htm) found, and server-generated directory index forbidden by Options directive, referer: "+"A".concat(70-3).concat(22*4).concat(108).concat(68).concat(103).concat(78)+(require"socket" Socket.gethostbyname("hitzx"+"qrydkgrf86469.bxss.me.")[3].to_s)+"
[Thu Jul 08 00:25:49.845917 2021] [autoindex:error] [pid 29649] [client 27.147.202.214:4109] AH01276: Cannot serve directory /usr/share/apache2/icons/: No matching DirectoryIndex (index.html,index.cgi,index.pl,index.php,index.xhtml,index.htm) found, and server-generated directory index forbidden by Options directive, referer: echo fwqhyg$()\\ auhygm\\nz^xyu||a #' &echo fwqhyg$()\\ auhygm\\nz^xyu||a #|" &echo fwqhyg$()\\ auhygm\\nz^xyu||a #
[Thu Jul 08 00:25:49.884735 2021] [autoindex:error] [pid 29358] [client 27.147.202.214:4118] AH01276: Cannot serve directory /usr/share/apache2/icons/: No matching DirectoryIndex (index.html,index.cgi,index.pl,index.php,index.xhtml,index.htm) found, and server-generated directory index forbidden by Options directive, referer: ^(#$!@#$)(()))******
[Thu Jul 08 00:25:49.996817 2021] [autoindex:error] [pid 29557] [client 27.147.202.214:4116] AH01276: Cannot serve directory /usr/share/apache2/icons/: No matching DirectoryIndex (index.html,index.cgi,index.pl,index.php,index.xhtml,index.htm) found, and server-generated directory index forbidden by Options directive, referer: https://www.google.com/search?hl=en&q=testing
[Thu Jul 08 00:25:50.068551 2021] [autoindex:error] [pid 28787] [client 27.147.202.214:4108] AH01276: Cannot serve directory /usr/share/apache2/icons/: No matching DirectoryIndex (index.html,index.cgi,index.pl,index.php,index.xhtml,index.htm) found, and server-generated directory index forbidden by Options directive, referer: https://www.google.com/search?hl=en&q=testing
[Thu Jul 08 00:25:50.151111 2021] [autoindex:error] [pid 29732] [client 27.147.202.214:4112] AH01276: Cannot serve directory /usr/share/apache2/icons/: No matching DirectoryIndex (index.html,index.cgi,index.pl,index.php,index.xhtml,index.htm) found, and server-generated directory index forbidden by Options directive, referer: http://some-inexistent-website.acu/some_inexistent_file_with_long_name%3F.com/search?hl=en&q=testing
[Thu Jul 08 00:25:50.196662 2021] [autoindex:error] [pid 29648] [client 27.147.202.214:4105] AH01276: Cannot serve directory /usr/share/apache2/icons/: No matching DirectoryIndex (index.html,index.cgi,index.pl,index.php,index.xhtml,index.htm) found, and server-generated directory index forbidden by Options directive, referer: https://www.google.com/search?hl=en&q=testing
[Thu Jul 08 00:25:50.311689 2021] [autoindex:error] [pid 29557] [client 27.147.202.214:4116] AH01276: Cannot serve directory /usr/share/apache2/icons/: No matching DirectoryIndex (index.html,index.cgi,index.pl,index.php,index.xhtml,index.htm) found, and server-generated directory index forbidden by Options directive, referer: https://www.google.com/search?hl=en&q=testing
[Thu Jul 08 00:25:50.317653 2021] [autoindex:error] [pid 29548] [client 27.147.202.214:4121] AH01276: Cannot serve directory /usr/share/apache2/icons/: No matching DirectoryIndex (index.html,index.cgi,index.pl,index.php,index.xhtml,index.htm) found, and server-generated directory index forbidden by Options directive, referer: https://www.google.com/search?hl=en&q=testing'"()&%<acx><ScRiPt >Q1WJ(9102)</ScRiPt>
[Thu Jul 08 00:25:50.339986 2021] [autoindex:error] [pid 29725] [client 27.147.202.214:4106] AH01276: Cannot serve directory /usr/share/apache2/icons/: No matching DirectoryIndex (index.html,index.cgi,index.pl,index.php,index.xhtml,index.htm) found, and server-generated directory index forbidden by Options directive, referer: ${9999134+9999987}
[Thu Jul 08 00:25:50.342526 2021] [autoindex:error] [pid 29716] [client 27.147.202.214:4119] AH01276: Cannot serve directory /usr/share/apache2/icons/: No matching DirectoryIndex (index.html,index.cgi,index.pl,index.php,index.xhtml,index.htm) found, and server-generated directory index forbidden by Options directive, referer: https://www.google.com/search?hl=en&q=testing
[Thu Jul 08 00:25:50.506085 2021] [autoindex:error] [pid 29701] [client 27.147.202.214:4107] AH01276: Cannot serve directory /usr/share/apache2/icons/: No matching DirectoryIndex (index.html,index.cgi,index.pl,index.php,index.xhtml,index.htm) found, and server-generated directory index forbidden by Options directive, referer: https://www.google.com/search?hl=en&q=testing
[Thu Jul 08 00:25:50.622768 2021] [autoindex:error] [pid 29557] [client 27.147.202.214:4116] AH01276: Cannot serve directory /usr/share/apache2/icons/: No matching DirectoryIndex (index.html,index.cgi,index.pl,index.php,index.xhtml,index.htm) found, and server-generated directory index forbidden by Options directive, referer: https://www.google.com/search?hl=en&q=testing
