[Thu Jul 08 00:28:19.413626 2021] [autoindex:error] [pid 29847] [client 27.147.202.214:11997] AH01276: Cannot serve directory /usr/share/apache2/icons/: No matching DirectoryIndex (index.html,index.cgi,index.pl,index.php,index.xhtml,index.htm) found, and server-generated directory index forbidden by Options directive, referer: https://www.google.com/search?hl=en&q=testing
[Thu Jul 08 00:28:19.964158 2021] [autoindex:error] [pid 30198] [client 27.147.202.214:12007] AH01276: Cannot serve directory /usr/share/apache2/icons/: No matching DirectoryIndex (index.html,index.cgi,index.pl,index.php,index.xhtml,index.htm) found, and server-generated directory index forbidden by Options directive, referer: https://www.google.com/search?hl=en&q=testing
[Thu Jul 08 00:28:20.845573 2021] [autoindex:error] [pid 30206] [client 27.147.202.214:12008] AH01276: Cannot serve directory /usr/share/apache2/icons/: No matching DirectoryIndex (index.html,index.cgi,index.pl,index.php,index.xhtml,index.htm) found, and server-generated directory index forbidden by Options directive, referer: https://www.google.com/search?hl=en&q=testing
[Thu Jul 08 00:28:21.126592 2021] [autoindex:error] [pid 30200] [client 27.147.202.214:12004] AH01276: Cannot serve directory /usr/share/apache2/icons/: No matching DirectoryIndex (index.html,index.cgi,index.pl,index.php,index.xhtml,index.htm) found, and server-generated directory index forbidden by Options directive, referer: 0"XOR(if(now()=sysdate(),sleep(15),0))XOR"Z
[Thu Jul 08 00:28:21.132053 2021] [autoindex:error] [pid 30203] [client 27.147.202.214:12003] AH01276: Cannot serve directory /usr/share/apache2/icons/: No matching DirectoryIndex (index.html,index.cgi,index.pl,index.php,index.xhtml,index.htm) found, and server-generated directory index forbidden by Options directive, referer: https://www.google.com/search?hl=en&q=testing
[Thu Jul 08 00:28:21.417130 2021] [autoindex:error] [pid 30198] [client 27.147.202.214:12007] AH01276: Cannot serve directory /usr/share/apache2/icons/: No matching DirectoryIndex (index.html,index.cgi,index.pl,index.php,index.xhtml,index.htm) found, and server-generated directory index forbidden by Options directive, referer: https://www.google.com/search?hl=en&q=testing
[Thu Jul 08 00:28:21.760205 2021] [autoindex:error] [pid 30206] [client 27.147.202.214:12008] AH01276: Cannot serve directory /usr/share/apache2/icons/: No matching DirectoryIndex (index.html,index.cgi,index.pl,index.php,index.xhtml,index.htm) found, and server-generated directory index forbidden by Options directive, referer: https://www.google.com/search?hl=en&q=testing
[Thu Jul 08 00:28:22.325440 2021] [autoindex:error] [pid 30200] [client 27.147.202.214:12004] AH01276: Cannot serve directory /usr/share/apache2/icons/: No matching DirectoryIndex (index.html,index.cgi,index.pl,index.php,index.xhtml,index.htm) found, and server-generated directory index forbidden by Options directive, referer: https://www.google.com/search?hl=en&q=testing
[Thu Jul 08 00:28:22.837763 2021] [autoindex:error] [pid 30191] [client 27.147.202.214:12010] AH01276: Cannot serve directory /usr/share/apache2/icons/: No matching DirectoryIndex (index.html,index.cgi,index.pl,index.php,index.xhtml,index.htm) found, and server-generated directory index forbidden by Options directive, referer: (select(0)from(select(sleep(15)))v)/*'+(select(0)from(select(sleep(15)))v)+'"+(select(0)from(select(sleep(15)))v)+"*/
[Thu Jul 08 00:28:22.913804 2021] [autoindex:error] [pid 30200] [client 27.147.202.214:12004] AH01276: Cannot serve directory /usr/share/apache2/icons/: No matching DirectoryIndex (index.html,index.cgi,index.pl,index.php,index.xhtml,index.htm) found, and server-generated directory index forbidden by Options directive, referer: https://www.google.com/search?hl=en&q=testing
[Thu Jul 08 00:28:23.488450 2021] [autoindex:error] [pid 29888] [client 27.147.202.214:12011] AH01276: Cannot serve directory /usr/share/apache2/icons/: No matching DirectoryIndex (index.html,index.cgi,index.pl,index.php,index.xhtml,index.htm) found, and server-generated directory index forbidden by Options directive, referer: https://www.google.com/search?hl=en&q=testing
[Thu Jul 08 00:28:24.566272 2021] [autoindex:error] [pid 30191] [client 27.147.202.214:12010] AH01276: Cannot serve directory /usr/share/apache2/icons/: No matching DirectoryIndex (index.html,index.cgi,index.pl,index.php,index.xhtml,index.htm) found, and server-generated directory index forbidden by Options directive, referer: 1 waitfor delay '0:0:15' --
[Thu Jul 08 00:28:25.775811 2021] [autoindex:error] [pid 30206] [client 27.147.202.214:12008] AH01276: Cannot serve directory /usr/share/apache2/icons/: No matching DirectoryIndex (index.html,index.cgi,index.pl,index.php,index.xhtml,index.htm) found, and server-generated directory index forbidden by Options directive, referer: https://www.google.com/search?hl=en&q=testing
[Thu Jul 08 00:28:28.847799 2021] [autoindex:error] [pid 30199] [client 27.147.202.214:12001] AH01276: Cannot serve directory /usr/share/apache2/icons/: No matching DirectoryIndex (index.html,index.cgi,index.pl,index.php,index.xhtml,index.htm) found, and server-generated directory index forbidden by Options directive, referer: https://www.google.com/search?hl=en&q=testing
[Thu Jul 08 00:28:30.802868 2021] [php7:error] [pid 30204] [client 27.147.202.214:12006] script '/var/www/html/warframetools.com/app_dev.php' not found or unable to stat
[Thu Jul 08 00:28:33.069582 2021] [autoindex:error] [pid 30191] [client 27.147.202.214:12010] AH01276: Cannot serve directory /usr/share/apache2/icons/: No matching DirectoryIndex (index.html,index.cgi,index.pl,index.php,index.xhtml,index.htm) found, and server-generated directory index forbidden by Options directive, referer: qJ8Ohqha'; waitfor delay '0:0:15' --
[Thu Jul 08 00:28:42.630352 2021] [autoindex:error] [pid 30191] [client 27.147.202.214:12010] AH01276: Cannot serve directory /usr/share/apache2/icons/: No matching DirectoryIndex (index.html,index.cgi,index.pl,index.php,index.xhtml,index.htm) found, and server-generated directory index forbidden by Options directive, referer: iREGj7bp' OR 748=(SELECT 748 FROM PG_SLEEP(15))--
[Thu Jul 08 00:28:49.106242 2021] [autoindex:error] [pid 30203] [client 27.147.202.214:12003] AH01276: Cannot serve directory /usr/share/apache2/icons/: No matching DirectoryIndex (index.html,index.cgi,index.pl,index.php,index.xhtml,index.htm) found, and server-generated directory index forbidden by Options directive, referer: BX5UNGC4') OR 783=(SELECT 783 FROM PG_SLEEP(15))--
[Thu Jul 08 00:28:53.599783 2021] [autoindex:error] [pid 30204] [client 27.147.202.214:12006] AH01276: Cannot serve directory /usr/share/apache2/icons/: No matching DirectoryIndex (index.html,index.cgi,index.pl,index.php,index.xhtml,index.htm) found, and server-generated directory index forbidden by Options directive, referer: 3Se5sZv3')) OR 964=(SELECT 964 FROM PG_SLEEP(15))--
[Thu Jul 08 00:29:02.910329 2021] [autoindex:error] [pid 29872] [client 27.147.202.214:13046] AH01276: Cannot serve directory /usr/share/apache2/icons/: No matching DirectoryIndex (index.html,index.cgi,index.pl,index.php,index.xhtml,index.htm) found, and server-generated directory index forbidden by Options directive, referer: https://www.google.com/search?hl=en&q=testing'||DBMS_PIPE.RECEIVE_MESSAGE(CHR(98)||CHR(98)||CHR(98),15)||'
[Thu Jul 08 00:29:03.222514 2021] [autoindex:error] [pid 29965] [client 27.147.202.214:7057] AH01276: Cannot serve directory /usr/share/apache2/icons/: No matching DirectoryIndex (index.html,index.cgi,index.pl,index.php,index.xhtml,index.htm) found, and server-generated directory index forbidden by Options directive, referer: 1'"
[Thu Jul 08 00:29:04.378046 2021] [autoindex:error] [pid 30017] [client 27.147.202.214:5899] AH01276: Cannot serve directory /usr/share/apache2/icons/: No matching DirectoryIndex (index.html,index.cgi,index.pl,index.php,index.xhtml,index.htm) found, and server-generated directory index forbidden by Options directive, referer: 1 \xc0\xa7\xc0\xa2%2527%2522
[Thu Jul 08 00:29:04.697637 2021] [autoindex:error] [pid 30017] [client 27.147.202.214:5899] AH01276: Cannot serve directory /usr/share/apache2/icons/: No matching DirectoryIndex (index.html,index.cgi,index.pl,index.php,index.xhtml,index.htm) found, and server-generated directory index forbidden by Options directive, referer: @@qm5lx
[Thu Jul 08 00:29:11.959426 2021] [autoindex:error] [pid 29872] [client 27.147.202.214:13046] AH01276: Cannot serve directory /usr/share/apache2/icons/: No matching DirectoryIndex (index.html,index.cgi,index.pl,index.php,index.xhtml,index.htm) found, and server-generated directory index forbidden by Options directive, referer: https://www.google.com/search?hl=en&q=testing
[Thu Jul 08 00:29:20.348423 2021] [autoindex:error] [pid 30017] [client 27.147.202.214:5899] AH01276: Cannot serve directory /usr/share/apache2/icons/: No matching DirectoryIndex (index.html,index.cgi,index.pl,index.php,index.xhtml,index.htm) found, and server-generated directory index forbidden by Options directive, referer: https://www.google.com/search?hl=en&q=testing
[Thu Jul 08 00:29:28.574435 2021] [autoindex:error] [pid 29650] [client 27.147.202.214:12350] AH01276: Cannot serve directory /usr/share/apache2/icons/: No matching DirectoryIndex (index.html,index.cgi,index.pl,index.php,index.xhtml,index.htm) found, and server-generated directory index forbidden by Options directive, referer: https://www.google.com/search?hl=en&q=testing
[Thu Jul 08 00:29:29.457924 2021] [autoindex:error] [pid 30003] [client 27.147.202.214:5446] AH01276: Cannot serve directory /usr/share/apache2/icons/: No matching DirectoryIndex (index.html,index.cgi,index.pl,index.php,index.xhtml,index.htm) found, and server-generated directory index forbidden by Options directive, referer: https://www.google.com/search?hl=en&q=testing
[Thu Jul 08 00:29:29.779174 2021] [autoindex:error] [pid 29965] [client 27.147.202.214:7057] AH01276: Cannot serve directory /usr/share/apache2/icons/: No matching DirectoryIndex (index.html,index.cgi,index.pl,index.php,index.xhtml,index.htm) found, and server-generated directory index forbidden by Options directive, referer: https://www.google.com/search?hl=en&q=testing
[Thu Jul 08 00:29:30.100118 2021] [autoindex:error] [pid 29871] [client 27.147.202.214:3541] AH01276: Cannot serve directory /usr/share/apache2/icons/: No matching DirectoryIndex (index.html,index.cgi,index.pl,index.php,index.xhtml,index.htm) found, and server-generated directory index forbidden by Options directive, referer: https://www.google.com/search?hl=en&q=testing
[Thu Jul 08 00:29:30.417300 2021] [autoindex:error] [pid 29871] [client 27.147.202.214:3541] AH01276: Cannot serve directory /usr/share/apache2/icons/: No matching DirectoryIndex (index.html,index.cgi,index.pl,index.php,index.xhtml,index.htm) found, and server-generated directory index forbidden by Options directive, referer: https://www.google.com/search?hl=en&q=testing
[Thu Jul 08 00:29:30.737043 2021] [autoindex:error] [pid 29871] [client 27.147.202.214:3541] AH01276: Cannot serve directory /usr/share/apache2/icons/: No matching DirectoryIndex (index.html,index.cgi,index.pl,index.php,index.xhtml,index.htm) found, and server-generated directory index forbidden by Options directive, referer: https://www.google.com/search?hl=en&q=testing
[Thu Jul 08 00:29:38.497107 2021] [autoindex:error] [pid 29650] [client 27.147.202.214:12350] AH01276: Cannot serve directory /usr/share/apache2/icons/: No matching DirectoryIndex (index.html,index.cgi,index.pl,index.php,index.xhtml,index.htm) found, and server-generated directory index forbidden by Options directive, referer: https://www.google.com/search?hl=en&q=testing
[Thu Jul 08 00:29:44.807152 2021] [autoindex:error] [pid 29650] [client 27.147.202.214:12350] AH01276: Cannot serve directory /usr/share/apache2/icons/: No matching DirectoryIndex (index.html,index.cgi,index.pl,index.php,index.xhtml,index.htm) found, and server-generated directory index forbidden by Options directive, referer: https://www.google.com/search?hl=en&q=testing
[Thu Jul 08 00:29:51.929503 2021] [autoindex:error] [pid 30209] [client 27.147.202.214:5538] AH01276: Cannot serve directory /usr/share/apache2/icons/: No matching DirectoryIndex (index.html,index.cgi,index.pl,index.php,index.xhtml,index.htm) found, and server-generated directory index forbidden by Options directive, referer: https://www.google.com/search?hl=en&q=testing
[Thu Jul 08 00:30:01.938772 2021] [autoindex:error] [pid 30209] [client 27.147.202.214:5538] AH01276: Cannot serve directory /usr/share/apache2/icons/: No matching DirectoryIndex (index.html,index.cgi,index.pl,index.php,index.xhtml,index.htm) found, and server-generated directory index forbidden by Options directive, referer: https://www.google.com/search?hl=en&q=testing
[Thu Jul 08 00:30:09.386593 2021] [autoindex:error] [pid 29883] [client 27.147.202.214:5527] AH01276: Cannot serve directory /usr/share/apache2/icons/: No matching DirectoryIndex (index.html,index.cgi,index.pl,index.php,index.xhtml,index.htm) found, and server-generated directory index forbidden by Options directive, referer: https://www.google.com/search?hl=en&q=testing
[Thu Jul 08 00:30:15.558968 2021] [autoindex:error] [pid 30531] [client 27.147.202.214:5844] AH01276: Cannot serve directory /usr/share/apache2/icons/: No matching DirectoryIndex (index.html,index.cgi,index.pl,index.php,index.xhtml,index.htm) found, and server-generated directory index forbidden by Options directive, referer: https://www.google.com/search?hl=en&q=testing
[Thu Jul 08 00:30:23.476502 2021] [autoindex:error] [pid 30543] [client 27.147.202.214:5854] AH01276: Cannot serve directory /usr/share/apache2/icons/: No matching DirectoryIndex (index.html,index.cgi,index.pl,index.php,index.xhtml,index.htm) found, and server-generated directory index forbidden by Options directive, referer: https://www.google.com/search?hl=en&q=testing
[Thu Jul 08 00:30:31.232118 2021] [autoindex:error] [pid 30543] [client 27.147.202.214:5854] AH01276: Cannot serve directory /usr/share/apache2/icons/: No matching DirectoryIndex (index.html,index.cgi,index.pl,index.php,index.xhtml,index.htm) found, and server-generated directory index forbidden by Options directive, referer: https://www.google.com/search?hl=en&q=testing
[Thu Jul 08 00:30:37.164660 2021] [autoindex:error] [pid 30543] [client 27.147.202.214:5854] AH01276: Cannot serve directory /usr/share/apache2/icons/: No matching DirectoryIndex (index.html,index.cgi,index.pl,index.php,index.xhtml,index.htm) found, and server-generated directory index forbidden by Options directive, referer: https://www.google.com/search?hl=en&q=testing
[Thu Jul 08 00:30:42.863303 2021] [autoindex:error] [pid 30543] [client 27.147.202.214:5854] AH01276: Cannot serve directory /usr/share/apache2/icons/: No matching DirectoryIndex (index.html,index.cgi,index.pl,index.php,index.xhtml,index.htm) found, and server-generated directory index forbidden by Options directive, referer: https://www.google.com/search?hl=en&q=testing
[Thu Jul 08 00:30:43.163459 2021] [autoindex:error] [pid 30531] [client 27.147.202.214:5844] AH01276: Cannot serve directory /usr/share/apache2/icons/: No matching DirectoryIndex (index.html,index.cgi,index.pl,index.php,index.xhtml,index.htm) found, and server-generated directory index forbidden by Options directive, referer: https://www.google.com/search?hl=en&q=testing
[Thu Jul 08 00:30:43.480851 2021] [autoindex:error] [pid 30531] [client 27.147.202.214:5844] AH01276: Cannot serve directory /usr/share/apache2/icons/: No matching DirectoryIndex (index.html,index.cgi,index.pl,index.php,index.xhtml,index.htm) found, and server-generated directory index forbidden by Options directive, referer: https://www.google.com/search?hl=en&q=testing
[Thu Jul 08 00:30:43.796258 2021] [autoindex:error] [pid 30531] [client 27.147.202.214:5844] AH01276: Cannot serve directory /usr/share/apache2/icons/: No matching DirectoryIndex (index.html,index.cgi,index.pl,index.php,index.xhtml,index.htm) found, and server-generated directory index forbidden by Options directive, referer: https://www.google.com/search?hl=en&q=testing
[Thu Jul 08 00:30:51.558869 2021] [autoindex:error] [pid 30543] [client 27.147.202.214:5854] AH01276: Cannot serve directory /usr/share/apache2/icons/: No matching DirectoryIndex (index.html,index.cgi,index.pl,index.php,index.xhtml,index.htm) found, and server-generated directory index forbidden by Options directive, referer: https://www.google.com/search?hl=en&q=testing
[Thu Jul 08 00:30:58.718280 2021] [autoindex:error] [pid 30509] [client 27.147.202.214:2773] AH01276: Cannot serve directory /usr/share/apache2/icons/: No matching DirectoryIndex (index.html,index.cgi,index.pl,index.php,index.xhtml,index.htm) found, and server-generated directory index forbidden by Options directive, referer: https://www.google.com/search?hl=en&q=testing
[Thu Jul 08 00:31:05.839830 2021] [autoindex:error] [pid 30498] [client 27.147.202.214:10326] AH01276: Cannot serve directory /usr/share/apache2/icons/: No matching DirectoryIndex (index.html,index.cgi,index.pl,index.php,index.xhtml,index.htm) found, and server-generated directory index forbidden by Options directive, referer: https://www.google.com/search?hl=en&q=testing
[Thu Jul 08 00:31:07.238311 2021] [autoindex:error] [pid 30004] [client 27.147.202.214:10104] AH01276: Cannot serve directory /usr/share/apache2/icons/: No matching DirectoryIndex (index.html,index.cgi,index.pl,index.php,index.xhtml,index.htm) found, and server-generated directory index forbidden by Options directive, referer: https://www.google.com/search?hl=en&q=testing
[Thu Jul 08 00:31:07.564026 2021] [autoindex:error] [pid 30004] [client 27.147.202.214:10104] AH01276: Cannot serve directory /usr/share/apache2/icons/: No matching DirectoryIndex (index.html,index.cgi,index.pl,index.php,index.xhtml,index.htm) found, and server-generated directory index forbidden by Options directive, referer: https://www.google.com/search?hl=en&q=testing
[Thu Jul 08 00:31:07.874003 2021] [autoindex:error] [pid 30004] [client 27.147.202.214:10104] AH01276: Cannot serve directory /usr/share/apache2/icons/: No matching DirectoryIndex (index.html,index.cgi,index.pl,index.php,index.xhtml,index.htm) found, and server-generated directory index forbidden by Options directive, referer: https://www.google.com/search?hl=en&q=testing
[Thu Jul 08 00:31:08.195562 2021] [autoindex:error] [pid 30004] [client 27.147.202.214:10104] AH01276: Cannot serve directory /usr/share/apache2/icons/: No matching DirectoryIndex (index.html,index.cgi,index.pl,index.php,index.xhtml,index.htm) found, and server-generated directory index forbidden by Options directive, referer: https://www.google.com/search?hl=en&q=testing
[Thu Jul 08 00:31:08.483943 2021] [autoindex:error] [pid 30004] [client 27.147.202.214:10104] AH01276: Cannot serve directory /usr/share/apache2/icons/: No matching DirectoryIndex (index.html,index.cgi,index.pl,index.php,index.xhtml,index.htm) found, and server-generated directory index forbidden by Options directive, referer: https://www.google.com/search?hl=en&q=testing
[Thu Jul 08 00:31:16.610025 2021] [autoindex:error] [pid 30004] [client 27.147.202.214:10104] AH01276: Cannot serve directory /usr/share/apache2/icons/: No matching DirectoryIndex (index.html,index.cgi,index.pl,index.php,index.xhtml,index.htm) found, and server-generated directory index forbidden by Options directive, referer: https://www.google.com/search?hl=en&q=testing
[Thu Jul 08 00:31:24.563556 2021] [autoindex:error] [pid 30004] [client 27.147.202.214:10104] AH01276: Cannot serve directory /usr/share/apache2/icons/: No matching DirectoryIndex (index.html,index.cgi,index.pl,index.php,index.xhtml,index.htm) found, and server-generated directory index forbidden by Options directive, referer: https://www.google.com/search?hl=en&q=testing
[Thu Jul 08 00:31:30.530936 2021] [autoindex:error] [pid 30004] [client 27.147.202.214:10104] AH01276: Cannot serve directory /usr/share/apache2/icons/: No matching DirectoryIndex (index.html,index.cgi,index.pl,index.php,index.xhtml,index.htm) found, and server-generated directory index forbidden by Options directive, referer: https://www.google.com/search?hl=en&q=testing
[Thu Jul 08 00:31:36.451311 2021] [autoindex:error] [pid 30004] [client 27.147.202.214:10104] AH01276: Cannot serve directory /usr/share/apache2/icons/: No matching DirectoryIndex (index.html,index.cgi,index.pl,index.php,index.xhtml,index.htm) found, and server-generated directory index forbidden by Options directive, referer: https://www.google.com/search?hl=en&q=testing
[Thu Jul 08 00:31:42.976932 2021] [autoindex:error] [pid 30004] [client 27.147.202.214:10104] AH01276: Cannot serve directory /usr/share/apache2/icons/: No matching DirectoryIndex (index.html,index.cgi,index.pl,index.php,index.xhtml,index.htm) found, and server-generated directory index forbidden by Options directive, referer: https://www.google.com/search?hl=en&q=testing
[Thu Jul 08 00:31:49.740403 2021] [autoindex:error] [pid 30740] [client 27.147.202.214:9528] AH01276: Cannot serve directory /usr/share/apache2/icons/: No matching DirectoryIndex (index.html,index.cgi,index.pl,index.php,index.xhtml,index.htm) found, and server-generated directory index forbidden by Options directive, referer: https://www.google.com/search?hl=en&q=testing
[Thu Jul 08 00:31:56.890794 2021] [autoindex:error] [pid 30740] [client 27.147.202.214:9528] AH01276: Cannot serve directory /usr/share/apache2/icons/: No matching DirectoryIndex (index.html,index.cgi,index.pl,index.php,index.xhtml,index.htm) found, and server-generated directory index forbidden by Options directive, referer: https://www.google.com/search?hl=en&q=testing
[Thu Jul 08 00:32:13.431633 2021] [autoindex:error] [pid 30740] [client 27.147.202.214:9536] AH01276: Cannot serve directory /usr/share/apache2/icons/: No matching DirectoryIndex (index.html,index.cgi,index.pl,index.php,index.xhtml,index.htm) found, and server-generated directory index forbidden by Options directive, referer: https://www.google.com/search?hl=en&q=testing
[Thu Jul 08 00:32:18.073086 2021] [autoindex:error] [pid 30912] [client 27.147.202.214:11828] AH01276: Cannot serve directory /usr/share/apache2/icons/: No matching DirectoryIndex (index.html,index.cgi,index.pl,index.php,index.xhtml,index.htm) found, and server-generated directory index forbidden by Options directive, referer: https://www.google.com/search?hl=en&q=testing
[Thu Jul 08 00:32:24.852392 2021] [autoindex:error] [pid 29863] [client 27.147.202.214:10574] AH01276: Cannot serve directory /usr/share/apache2/icons/: No matching DirectoryIndex (index.html,index.cgi,index.pl,index.php,index.xhtml,index.htm) found, and server-generated directory index forbidden by Options directive, referer: https://www.google.com/search?hl=en&q=testing
[Thu Jul 08 00:32:25.171303 2021] [autoindex:error] [pid 30912] [client 27.147.202.214:11828] AH01276: Cannot serve directory /usr/share/apache2/icons/: No matching DirectoryIndex (index.html,index.cgi,index.pl,index.php,index.xhtml,index.htm) found, and server-generated directory index forbidden by Options directive, referer: https://www.google.com/search?hl=en&q=testing
[Thu Jul 08 00:32:25.482333 2021] [autoindex:error] [pid 30520] [client 27.147.202.214:11860] AH01276: Cannot serve directory /usr/share/apache2/icons/: No matching DirectoryIndex (index.html,index.cgi,index.pl,index.php,index.xhtml,index.htm) found, and server-generated directory index forbidden by Options directive, referer: https://www.google.com/search?hl=en&q=testing
[Thu Jul 08 00:32:25.808461 2021] [autoindex:error] [pid 30520] [client 27.147.202.214:11860] AH01276: Cannot serve directory /usr/share/apache2/icons/: No matching DirectoryIndex (index.html,index.cgi,index.pl,index.php,index.xhtml,index.htm) found, and server-generated directory index forbidden by Options directive, referer: https://www.google.com/search?hl=en&q=testing
[Thu Jul 08 00:59:38.741340 2021] [php7:error] [pid 4432] [client 144.76.67.25:54360] script '/var/www/html/warframetools.com/wfimageboard.php' not found or unable to stat
[Thu Jul 08 02:43:27.661623 2021] [http:error] [pid 17809] [client 27.147.202.214:9633] AH02430: Response header 'Location' value of 'https://www.warframetools.com/\n.example.com' contains invalid characters, aborting request
[Thu Jul 08 02:43:28.185533 2021] [php7:error] [pid 17639] [client 27.147.202.214:9639] script '/var/www/html/warframetools.com/ad.php' not found or unable to stat, referer: https://www.warframetools.com/
[Thu Jul 08 02:43:28.272129 2021] [php7:error] [pid 17809] [client 27.147.202.214:9638] script '/var/www/html/warframetools.com/ad.php' not found or unable to stat, referer: https://www.warframetools.com/
[Thu Jul 08 02:43:28.864638 2021] [php7:error] [pid 16532] [client 27.147.202.214:9643] script '/var/www/html/warframetools.com/adminer-4.2.5-mysql-en.php' not found or unable to stat, referer: https://www.warframetools.com/
[Thu Jul 08 02:43:28.938592 2021] [php7:error] [pid 17840] [client 27.147.202.214:9650] script '/var/www/html/warframetools.com/adminer-4.3.1-en.php' not found or unable to stat, referer: https://www.warframetools.com/
[Thu Jul 08 02:43:29.112974 2021] [php7:error] [pid 17699] [client 27.147.202.214:9661] script '/var/www/html/warframetools.com/adminer-4.6.0.php' not found or unable to stat, referer: https://www.warframetools.com/
[Thu Jul 08 02:43:29.493431 2021] [php7:error] [pid 17811] [client 27.147.202.214:9654] script '/var/www/html/warframetools.com/adminer-4.4.0-en.php' not found or unable to stat, referer: https://www.warframetools.com/
[Thu Jul 08 02:43:30.194593 2021] [php7:error] [pid 17849] [client 27.147.202.214:9656] script '/var/www/html/warframetools.com/adminer-4.4.0-mysql.php' not found or unable to stat, referer: https://www.warframetools.com/
[Thu Jul 08 02:43:30.543923 2021] [php7:error] [pid 17817] [client 27.147.202.214:9655] script '/var/www/html/warframetools.com/adminer-4.4.0-mysql-en.php' not found or unable to stat, referer: https://www.warframetools.com/
[Thu Jul 08 02:43:30.634004 2021] [php7:error] [pid 17858] [client 27.147.202.214:9651] script '/var/www/html/warframetools.com/adminer-4.3.1-mysql-en.php' not found or unable to stat, referer: https://www.warframetools.com/
[Thu Jul 08 02:43:30.748546 2021] [php7:error] [pid 17695] [client 27.147.202.214:9640] script '/var/www/html/warframetools.com/Adminer.php' not found or unable to stat, referer: https://www.warframetools.com/
[Thu Jul 08 02:43:30.803166 2021] [php7:error] [pid 17803] [client 27.147.202.214:9644] script '/var/www/html/warframetools.com/adminer-4.2.5-mysql.php' not found or unable to stat, referer: https://www.warframetools.com/
[Thu Jul 08 02:43:30.820422 2021] [php7:error] [pid 17862] [client 27.147.202.214:9636] script '/var/www/html/warframetools.com/_adminer.php' not found or unable to stat, referer: https://www.warframetools.com/
[Thu Jul 08 02:43:31.105932 2021] [php7:error] [pid 17614] [client 27.147.202.214:9646] script '/var/www/html/warframetools.com/adminer-4.3.0-en.php' not found or unable to stat, referer: https://www.warframetools.com/
[Thu Jul 08 02:43:31.159508 2021] [php7:error] [pid 17859] [client 27.147.202.214:9665] script '/var/www/html/warframetools.com/adminer-4.6.1.php' not found or unable to stat, referer: https://www.warframetools.com/
[Thu Jul 08 02:43:31.178776 2021] [php7:error] [pid 16511] [client 27.147.202.214:9642] script '/var/www/html/warframetools.com/adminer-4.2.5-en.php' not found or unable to stat, referer: https://www.warframetools.com/
[Thu Jul 08 02:43:31.180246 2021] [php7:error] [pid 17754] [client 27.147.202.214:9649] script '/var/www/html/warframetools.com/adminer-4.3.1.php' not found or unable to stat, referer: https://www.warframetools.com/
[Thu Jul 08 02:43:31.246665 2021] [php7:error] [pid 17861] [client 27.147.202.214:9641] script '/var/www/html/warframetools.com/adminer-4.2.5.php' not found or unable to stat, referer: https://www.warframetools.com/
[Thu Jul 08 02:43:31.349877 2021] [php7:error] [pid 17750] [client 27.147.202.214:9673] script '/var/www/html/warframetools.com/bitrix_server_test.php' not found or unable to stat
[Thu Jul 08 02:43:31.368629 2021] [php7:error] [pid 16518] [client 27.147.202.214:9666] script '/var/www/html/warframetools.com/adminer-4.6.1-en.php' not found or unable to stat, referer: https://www.warframetools.com/
[Thu Jul 08 02:43:31.414793 2021] [php7:error] [pid 17449] [client 27.147.202.214:9662] script '/var/www/html/warframetools.com/adminer-4.6.0-en.php' not found or unable to stat, referer: https://www.warframetools.com/
[Thu Jul 08 02:43:31.462525 2021] [core:error] [pid 17810] [client 27.147.202.214:9595] AH00126: Invalid URI in request GET /static/../../../../../../../../../../../etc/shells HTTP/1.1
[Thu Jul 08 02:43:31.481207 2021] [php7:error] [pid 17842] [client 27.147.202.214:9652] script '/var/www/html/warframetools.com/adminer-4.3.1-mysql.php' not found or unable to stat, referer: https://www.warframetools.com/
[Thu Jul 08 02:43:31.789177 2021] [php7:error] [pid 17864] [client 27.147.202.214:9653] script '/var/www/html/warframetools.com/adminer-4.4.0.php' not found or unable to stat, referer: https://www.warframetools.com/
[Thu Jul 08 02:43:31.820443 2021] [php7:error] [pid 17865] [client 27.147.202.214:9659] script '/var/www/html/warframetools.com/adminer-4.5.0-mysql-en.php' not found or unable to stat, referer: https://www.warframetools.com/
[Thu Jul 08 02:43:31.908819 2021] [php7:error] [pid 17867] [client 27.147.202.214:9670] script '/var/www/html/warframetools.com/adminer-4.6.2-en.php' not found or unable to stat, referer: https://www.warframetools.com/
[Thu Jul 08 02:43:31.928662 2021] [php7:error] [pid 17863] [client 27.147.202.214:9645] script '/var/www/html/warframetools.com/adminer-4.3.0.php' not found or unable to stat, referer: https://www.warframetools.com/
[Thu Jul 08 02:43:31.929381 2021] [php7:error] [pid 17866] [client 27.147.202.214:9672] script '/var/www/html/warframetools.com/adminer-4.6.2-mysql.php' not found or unable to stat, referer: https://www.warframetools.com/
[Thu Jul 08 02:43:32.013637 2021] [php7:error] [pid 17743] [client 27.147.202.214:9664] script '/var/www/html/warframetools.com/adminer-4.6.0-mysql.php' not found or unable to stat, referer: https://www.warframetools.com/
[Thu Jul 08 02:43:32.039142 2021] [php7:error] [pid 17868] [client 27.147.202.214:9647] script '/var/www/html/warframetools.com/adminer-4.3.0-mysql-en.php' not found or unable to stat, referer: https://www.warframetools.com/
[Thu Jul 08 02:43:32.097577 2021] [php7:error] [pid 17810] [client 27.147.202.214:9660] script '/var/www/html/warframetools.com/adminer-4.5.0-mysql.php' not found or unable to stat, referer: https://www.warframetools.com/
[Thu Jul 08 02:43:32.372800 2021] [php7:error] [pid 17869] [client 27.147.202.214:9658] script '/var/www/html/warframetools.com/adminer-4.5.0-en.php' not found or unable to stat, referer: https://www.warframetools.com/
[Thu Jul 08 02:43:32.664410 2021] [php7:error] [pid 17766] [client 27.147.202.214:9648] script '/var/www/html/warframetools.com/adminer-4.3.0-mysql.php' not found or unable to stat, referer: https://www.warframetools.com/
[Thu Jul 08 02:43:32.695903 2021] [php7:error] [pid 17847] [client 27.147.202.214:9625] script '/var/www/html/warframetools.com/opcache.php' not found or unable to stat
[Thu Jul 08 02:43:32.804813 2021] [php7:error] [pid 17102] [client 27.147.202.214:9620] script '/var/www/html/warframetools.com/opcache.php' not found or unable to stat
[Thu Jul 08 02:43:33.154258 2021] [php7:error] [pid 17862] [client 27.147.202.214:9636] script '/var/www/html/warframetools.com/adminer-4.6.1-mysql.php' not found or unable to stat, referer: https://www.warframetools.com/
[Thu Jul 08 02:43:33.530360 2021] [php7:error] [pid 17755] [client 27.147.202.214:9671] script '/var/www/html/warframetools.com/adminer-4.6.2-mysql-en.php' not found or unable to stat, referer: https://www.warframetools.com/
[Thu Jul 08 02:43:33.652662 2021] [php7:error] [pid 17880] [client 27.147.202.214:9663] script '/var/www/html/warframetools.com/adminer-4.6.0-mysql-en.php' not found or unable to stat, referer: https://www.warframetools.com/
[Thu Jul 08 02:43:33.666770 2021] [php7:error] [pid 17875] [client 27.147.202.214:9669] script '/var/www/html/warframetools.com/adminer-4.6.2.php' not found or unable to stat, referer: https://www.warframetools.com/
[Thu Jul 08 02:43:34.050835 2021] [core:error] [pid 17881] [client 27.147.202.214:9691] AH00126: Invalid URI in request GET /%2e%2e/index.js HTTP/1.1
[Thu Jul 08 02:43:35.395222 2021] [php7:error] [pid 17102] [client 27.147.202.214:9620] script '/var/www/html/warframetools.com/adminer-4.6.1-mysql-en.php' not found or unable to stat, referer: https://www.warframetools.com/
[Thu Jul 08 02:43:35.397651 2021] [php7:error] [pid 17353] [client 27.147.202.214:9632] script '/var/www/html/warframetools.com/adminer.php' not found or unable to stat, referer: https://www.warframetools.com/
[Thu Jul 08 02:43:36.009549 2021] [core:error] [pid 17841] [client 27.147.202.214:9630] AH00126: Invalid URI in request GET /%2e%2e/debug.js HTTP/1.1
[Thu Jul 08 02:43:36.301024 2021] [core:error] [pid 17353] [client 27.147.202.214:9632] AH00126: Invalid URI in request GET /%2e%2e/release.js HTTP/1.1
[Thu Jul 08 02:43:36.420646 2021] [php7:error] [pid 17873] [client 27.147.202.214:9657] script '/var/www/html/warframetools.com/adminer-4.5.0.php' not found or unable to stat, referer: https://www.warframetools.com/
[Thu Jul 08 02:43:37.800375 2021] [authz_core:error] [pid 17766] [client 27.147.202.214:9648] AH01630: client denied by server configuration: /var/www/html/warframetools.com/server-status
[Thu Jul 08 02:43:38.440192 2021] [php7:error] [pid 17880] [client 27.147.202.214:9663] script '/var/www/html/warframetools.com/coredumpcheck.php' not found or unable to stat
[Thu Jul 08 02:43:38.740151 2021] [http:error] [pid 17866] [client 27.147.202.214:7561] AH02430: Response header 'Location' value of 'https://www.warframetools.com/\r\nheadername: headervalue' contains invalid characters, aborting request
[Thu Jul 08 02:43:39.869775 2021] [http:error] [pid 17817] [client 27.147.202.214:7616] AH02430: Response header 'Location' value of 'https://www.warframetools.com/\r\theadername: headervalue' contains invalid characters, aborting request
[Thu Jul 08 02:43:40.458930 2021] [http:error] [pid 17882] [client 27.147.202.214:7636] AH02430: Response header 'Location' value of 'https://www.warframetools.com/\nheadername: headervalue' contains invalid characters, aborting request
[Thu Jul 08 02:43:40.902669 2021] [php7:error] [pid 17866] [client 27.147.202.214:7638] script '/var/www/html/warframetools.com/loader-wizard.php' not found or unable to stat
[Thu Jul 08 02:43:41.054138 2021] [http:error] [pid 17311] [client 27.147.202.214:7647] AH02430: Response header 'Location' value of 'https://www.warframetools.com/\rheadername: headervalue' contains invalid characters, aborting request
[Thu Jul 08 02:43:41.618633 2021] [http:error] [pid 17840] [client 27.147.202.214:7660] AH02430: Response header 'Location' value of 'https://www.warframetools.com/~\r\nheadername: headervalue' contains invalid characters, aborting request
[Thu Jul 08 02:43:44.540036 2021] [core:error] [pid 17873] [client 27.147.202.214:9657] AH00126: Invalid URI in request GET @bxss.me/rpb.png HTTP/1.1
[Thu Jul 08 02:43:45.579983 2021] [core:error] [pid 17840] [client 27.147.202.214:8170] AH00126: Invalid URI in request GET @uri1.hit9268042229a4f6d.group.bxss.me/ HTTP/1.1
[Thu Jul 08 02:43:45.905427 2021] [core:error] [pid 17809] [client 27.147.202.214:9638] AH00126: Invalid URI in request GET /sdk/../../../../../../../../../../../../../etc/passwd HTTP/1.1
[Thu Jul 08 02:43:46.999994 2021] [authz_core:error] [pid 17614] [client 27.147.202.214:8171] AH01630: client denied by server configuration: /var/www/html/warframetools.com/server-status
[Thu Jul 08 02:43:47.600009 2021] [php7:error] [pid 17844] [client 27.147.202.214:8268] script '/var/www/html/warframetools.com/7mzkztq9o87v.php' not found or unable to stat, referer: https://www.warframetools.com/
[Thu Jul 08 02:43:48.756226 2021] [core:error] [pid 17875] [client 27.147.202.214:9669] AH00126: Invalid URI in request GET /../../../../../../../../z/../../../../../../../../../etc/shells HTTP/1.1
[Thu Jul 08 02:43:48.812732 2021] [core:error] [pid 17614] [client 27.147.202.214:8171] AH00126: Invalid URI in request GET .uri3.hit9268042229a4f6d.group.bxss.me/ HTTP/1.1
[Thu Jul 08 02:43:59.147650 2021] [authz_core:error] [pid 17283] [client 27.147.202.214:4359] AH01630: client denied by server configuration: /var/www/html/warframetools.com/.htaccess
[Thu Jul 08 02:44:00.275346 2021] [php7:error] [pid 17283] [client 27.147.202.214:4359] script '/var/www/html/warframetools.com/webadmin.php' not found or unable to stat
[Thu Jul 08 02:44:00.495012 2021] [php7:error] [pid 17865] [client 27.147.202.214:14679] script '/var/www/html/warframetools.com/apc.php' not found or unable to stat
[Thu Jul 08 02:44:01.551282 2021] [php7:error] [pid 17283] [client 27.147.202.214:4359] script '/var/www/html/warframetools.com/r57shell.php' not found or unable to stat
[Thu Jul 08 02:44:02.377744 2021] [php7:error] [pid 17283] [client 27.147.202.214:4359] script '/var/www/html/warframetools.com/r57.php' not found or unable to stat
[Thu Jul 08 02:44:02.674615 2021] [php7:error] [pid 17283] [client 27.147.202.214:4359] script '/var/www/html/warframetools.com/r58.php' not found or unable to stat
[Thu Jul 08 02:44:02.964041 2021] [php7:error] [pid 17283] [client 27.147.202.214:4359] script '/var/www/html/warframetools.com/c99shell.php' not found or unable to stat
[Thu Jul 08 02:44:03.246151 2021] [php7:error] [pid 17283] [client 27.147.202.214:4359] script '/var/www/html/warframetools.com/c99.php' not found or unable to stat
[Thu Jul 08 02:44:03.533514 2021] [php7:error] [pid 17283] [client 27.147.202.214:4359] script '/var/www/html/warframetools.com/nstview.php' not found or unable to stat
[Thu Jul 08 02:44:03.819719 2021] [php7:error] [pid 17283] [client 27.147.202.214:4359] script '/var/www/html/warframetools.com/nst.php' not found or unable to stat
[Thu Jul 08 02:44:03.993823 2021] [php7:error] [pid 17840] [client 27.147.202.214:4352] script '/var/www/html/warframetools.com/phpinfo.php' not found or unable to stat
[Thu Jul 08 02:44:04.103034 2021] [php7:error] [pid 17283] [client 27.147.202.214:4359] script '/var/www/html/warframetools.com/rst.php' not found or unable to stat
[Thu Jul 08 02:44:04.392196 2021] [php7:error] [pid 17283] [client 27.147.202.214:4359] script '/var/www/html/warframetools.com/r57eng.php' not found or unable to stat
[Thu Jul 08 02:44:04.590100 2021] [php7:error] [pid 17840] [client 27.147.202.214:4352] script '/var/www/html/warframetools.com/pi.php' not found or unable to stat
[Thu Jul 08 02:44:04.703459 2021] [php7:error] [pid 17283] [client 27.147.202.214:4359] script '/var/www/html/warframetools.com/shell.php' not found or unable to stat
[Thu Jul 08 02:44:04.986567 2021] [php7:error] [pid 17283] [client 27.147.202.214:4359] script '/var/www/html/warframetools.com/dra.php' not found or unable to stat
[Thu Jul 08 02:44:05.158061 2021] [php7:error] [pid 17284] [client 27.147.202.214:14691] script '/var/www/html/warframetools.com/php.php' not found or unable to stat
[Thu Jul 08 02:44:05.269033 2021] [php7:error] [pid 17283] [client 27.147.202.214:4359] script '/var/www/html/warframetools.com/r.php' not found or unable to stat
[Thu Jul 08 02:44:05.445951 2021] [php7:error] [pid 17284] [client 27.147.202.214:14691] script '/var/www/html/warframetools.com/i.php' not found or unable to stat
[Thu Jul 08 02:44:05.565543 2021] [php7:error] [pid 17283] [client 27.147.202.214:4359] script '/var/www/html/warframetools.com/lol.php' not found or unable to stat
[Thu Jul 08 02:44:05.777548 2021] [php7:error] [pid 17284] [client 27.147.202.214:14691] script '/var/www/html/warframetools.com/test.php' not found or unable to stat
[Thu Jul 08 02:44:05.881277 2021] [php7:error] [pid 17283] [client 27.147.202.214:4359] script '/var/www/html/warframetools.com/zehir.php' not found or unable to stat
[Thu Jul 08 02:44:06.067725 2021] [php7:error] [pid 17284] [client 27.147.202.214:14691] script '/var/www/html/warframetools.com/temp.php' not found or unable to stat
[Thu Jul 08 02:44:06.167677 2021] [php7:error] [pid 17283] [client 27.147.202.214:4359] script '/var/www/html/warframetools.com/c-h.v2.php' not found or unable to stat
[Thu Jul 08 02:44:06.366426 2021] [php7:error] [pid 17284] [client 27.147.202.214:14691] script '/var/www/html/warframetools.com/info.php' not found or unable to stat
[Thu Jul 08 02:44:06.456239 2021] [php7:error] [pid 17283] [client 27.147.202.214:4359] script '/var/www/html/warframetools.com/php-backdoor.php' not found or unable to stat
[Thu Jul 08 02:44:06.755747 2021] [php7:error] [pid 17283] [client 27.147.202.214:4359] script '/var/www/html/warframetools.com/simple-backdoor.php' not found or unable to stat
[Thu Jul 08 02:44:18.644156 2021] [authz_core:error] [pid 17903] [client 27.147.202.214:4351] AH01630: client denied by server configuration: /var/www/html/warframetools.com/.htaccess~
[Thu Jul 08 02:44:18.937265 2021] [authz_core:error] [pid 17903] [client 27.147.202.214:4351] AH01630: client denied by server configuration: /var/www/html/warframetools.com/.htaccess.old
[Thu Jul 08 02:44:19.229492 2021] [authz_core:error] [pid 17903] [client 27.147.202.214:4351] AH01630: client denied by server configuration: /var/www/html/warframetools.com/.htaccess.save
[Thu Jul 08 02:44:40.784335 2021] [php7:error] [pid 17837] [client 27.147.202.214:2525] script '/var/www/html/warframetools.com/css/nh2pwfc46gm6.php' not found or unable to stat, referer: https://www.warframetools.com/
[Thu Jul 08 02:44:41.800099 2021] [php7:error] [pid 17614] [client 27.147.202.214:2532] script '/var/www/html/warframetools.com/app_dev.php' not found or unable to stat
[Thu Jul 08 02:44:42.107288 2021] [php7:error] [pid 17614] [client 27.147.202.214:2532] script '/var/www/html/warframetools.com/qacWv7QZ.php' not found or unable to stat
[Thu Jul 08 02:44:42.384026 2021] [php7:error] [pid 17614] [client 27.147.202.214:2532] script '/var/www/html/warframetools.com/db.php' not found or unable to stat
[Thu Jul 08 02:44:43.008479 2021] [php7:error] [pid 17614] [client 27.147.202.214:2532] script '/var/www/html/warframetools.com/conf.php' not found or unable to stat
[Thu Jul 08 02:44:43.593092 2021] [php7:error] [pid 17614] [client 27.147.202.214:2532] script '/var/www/html/warframetools.com/settings.php' not found or unable to stat
[Thu Jul 08 02:44:43.715771 2021] [core:error] [pid 17921] [client 27.147.202.214:2526] AH00126: Invalid URI in request GET /js//../../../../../../../../etc/passwd HTTP/1.1
[Thu Jul 08 02:44:43.955756 2021] [core:error] [pid 17841] [client 27.147.202.214:2522] AH00126: Invalid URI in request GET /css/../../../../../../../../z/../../../../../../../../../etc/shells HTTP/1.1
[Thu Jul 08 02:44:44.153144 2021] [php7:error] [pid 17614] [client 27.147.202.214:2532] script '/var/www/html/warframetools.com/config.php' not found or unable to stat
[Thu Jul 08 02:44:44.427759 2021] [php7:error] [pid 17724] [client 27.147.202.214:2523] script '/var/www/html/warframetools.com/xmlrpc.php' not found or unable to stat
[Thu Jul 08 02:44:44.787990 2021] [php7:error] [pid 17970] [client 27.147.202.214:2514] script '/var/www/html/warframetools.com/js/vs5sy4sulh5q.php' not found or unable to stat, referer: https://www.warframetools.com/
[Thu Jul 08 02:44:45.089305 2021] [core:error] [pid 17160] [client 27.147.202.214:2528] AH00126: Invalid URI in request GET /js//../../../../../../../../windows/win.ini HTTP/1.1
[Thu Jul 08 02:44:45.513063 2021] [core:error] [pid 17984] [client 27.147.202.214:2543] AH00126: Invalid URI in request GET /js//../../../../../../../../etc/passwd HTTP/1.1
[Thu Jul 08 02:44:45.799364 2021] [php7:error] [pid 17981] [client 27.147.202.214:2539] script '/var/www/html/warframetools.com/config.inc.php' not found or unable to stat
[Thu Jul 08 02:44:45.800234 2021] [php7:error] [pid 17968] [client 27.147.202.214:2542] script '/var/www/html/warframetools.com/xmlrpc.php' not found or unable to stat
[Thu Jul 08 02:44:46.098180 2021] [core:error] [pid 17614] [client 27.147.202.214:2532] AH00126: Invalid URI in request GET /js//../../../../../../../../windows/win.ini HTTP/1.1
[Thu Jul 08 02:44:46.104305 2021] [php7:error] [pid 17981] [client 27.147.202.214:2539] script '/var/www/html/warframetools.com/localconfig.php' not found or unable to stat
[Thu Jul 08 02:44:46.353244 2021] [core:error] [pid 17845] [client 27.147.202.214:2541] AH00126: Invalid URI in request GET /js//../../../../../../../../boot.ini HTTP/1.1
[Thu Jul 08 02:44:46.667617 2021] [core:error] [pid 17881] [client 27.147.202.214:2516] AH00126: Invalid URI in request GET /js//../../../../../../../../etc/passwd HTTP/1.1
[Thu Jul 08 02:44:46.734563 2021] [php7:error] [pid 17978] [client 27.147.202.214:2518] script '/var/www/html/warframetools.com/configuration.php' not found or unable to stat
[Thu Jul 08 02:44:47.003786 2021] [php7:error] [pid 17614] [client 27.147.202.214:2549] script '/var/www/html/warframetools.com/xmlrpc.php' not found or unable to stat
[Thu Jul 08 02:44:47.057859 2021] [php7:error] [pid 17973] [client 27.147.202.214:2521] script '/var/www/html/warframetools.com/xmlrpc.php' not found or unable to stat
[Thu Jul 08 02:44:47.258809 2021] [core:error] [pid 17986] [client 27.147.202.214:2547] AH00126: Invalid URI in request GET /js//../../../../../../../../windows/win.ini HTTP/1.1
[Thu Jul 08 02:44:47.312406 2021] [php7:error] [pid 17966] [client 27.147.202.214:2520] script '/var/www/html/warframetools.com/settings.inc.php' not found or unable to stat
[Thu Jul 08 02:44:47.317628 2021] [core:error] [pid 17981] [client 27.147.202.214:2539] AH00126: Invalid URI in request GET /js//../../../../../../../../boot.ini HTTP/1.1
[Thu Jul 08 02:44:47.585580 2021] [php7:error] [pid 17966] [client 27.147.202.214:2520] script '/var/www/html/warframetools.com/global.inc.php' not found or unable to stat
[Thu Jul 08 02:44:47.688182 2021] [php7:error] [pid 17973] [client 27.147.202.214:2521] script '/var/www/html/warframetools.com/xmlrpc.php' not found or unable to stat
[Thu Jul 08 02:44:47.880858 2021] [php7:error] [pid 17966] [client 27.147.202.214:2520] script '/var/www/html/warframetools.com/database.php' not found or unable to stat
[Thu Jul 08 02:44:48.001006 2021] [deflate:error] [pid 17977] [client 27.147.202.214:2537] AH01383: unable to init Zlib: deflateInit2 returned -4: URL /js/jquery.parallax.js, referer: https://www.warframetools.com/
[Thu Jul 08 02:44:48.023065 2021] [core:error] [pid 17921] [client 27.147.202.214:2529] AH00126: Invalid URI in request GET /js//../../../../../../../../etc/passwd HTTP/1.1
[Thu Jul 08 02:44:48.159250 2021] [php7:error] [pid 17903] [client 27.147.202.214:4351] script '/var/www/html/warframetools.com/xmlrpc.php' not found or unable to stat
[Thu Jul 08 02:44:48.311157 2021] [php7:error] [pid 17973] [client 27.147.202.214:2521] script '/var/www/html/warframetools.com/xmlrpc.php' not found or unable to stat
[Thu Jul 08 02:44:48.428106 2021] [core:error] [pid 17991] [client 27.147.202.214:2534] AH00126: Invalid URI in request GET /js//../../../../../../../../boot.ini HTTP/1.1
[Thu Jul 08 02:44:48.438891 2021] [php7:error] [pid 17966] [client 27.147.202.214:2520] script '/var/www/html/warframetools.com/database.inc.php' not found or unable to stat
[Thu Jul 08 02:44:48.771513 2021] [core:error] [pid 17972] [client 27.147.202.214:2512] AH00126: Invalid URI in request GET /js/../../../../../../../../z/../../../../../../../../../etc/shells HTTP/1.1
[Thu Jul 08 02:44:49.011801 2021] [php7:error] [pid 17973] [client 27.147.202.214:2521] script '/var/www/html/warframetools.com/xmlrpc.php' not found or unable to stat
[Thu Jul 08 02:44:49.282948 2021] [core:error] [pid 17847] [client 27.147.202.214:2515] AH00126: Invalid URI in request GET /js//../../../../../../../../windows/win.ini HTTP/1.1
[Thu Jul 08 02:44:49.291129 2021] [core:error] [pid 17649] [client 27.147.202.214:2527] AH00126: Invalid URI in request GET /js//%2e%2e/%2e%2e/%2e%2e/%2e%2e/%2e%2e/%2e%2e/%2e%2e/%2e%2e/etc/passwd HTTP/1.1
[Thu Jul 08 02:44:49.581201 2021] [core:error] [pid 17181] [client 27.147.202.214:2509] AH00126: Invalid URI in request GET /js//%2e%2e/%2e%2e/%2e%2e/%2e%2e/%2e%2e/%2e%2e/%2e%2e/%2e%2e/windows/win.ini HTTP/1.1
[Thu Jul 08 02:44:49.635572 2021] [php7:error] [pid 17973] [client 27.147.202.214:2521] script '/var/www/html/warframetools.com/soap.php' not found or unable to stat
[Thu Jul 08 02:44:49.824453 2021] [php7:error] [pid 17837] [client 27.147.202.214:2525] script '/var/www/html/warframetools.com/js/apc.php' not found or unable to stat
[Thu Jul 08 02:44:50.191759 2021] [php7:error] [pid 17974] [client 27.147.202.214:2544] script '/var/www/html/warframetools.com/phpThumb.php' not found or unable to stat
[Thu Jul 08 02:44:50.277319 2021] [php7:error] [pid 17979] [client 27.147.202.214:2530] script '/var/www/html/warframetools.com/soap.php' not found or unable to stat
[Thu Jul 08 02:44:50.378728 2021] [core:error] [pid 17978] [client 27.147.202.214:2518] AH00126: Invalid URI in request GET /js//%2e%2e/%2e%2e/%2e%2e/%2e%2e/%2e%2e/%2e%2e/%2e%2e/%2e%2e/etc/passwd HTTP/1.1
[Thu Jul 08 02:44:50.480872 2021] [core:error] [pid 17160] [client 27.147.202.214:2540] AH00126: Invalid URI in request GET /js//../../../../../../../../boot.ini HTTP/1.1
