[Thu Jul 08 00:19:47.569436 2021] [php7:error] [pid 28787] [client 144.76.67.25:35090] script '/var/www/html/warframetools.com/wfimageboard.php' not found or unable to stat
[Thu Jul 08 00:21:05.726986 2021] [php7:error] [pid 28995] [client 27.147.202.214:4070] script '/var/www/html/warframetools.com/ad.php' not found or unable to stat, referer: https://warframetools.com/
[Thu Jul 08 00:21:05.735578 2021] [php7:error] [pid 28020] [client 27.147.202.214:4103] script '/var/www/html/warframetools.com/adminer-4.6.1-mysql.php' not found or unable to stat, referer: https://warframetools.com/
[Thu Jul 08 00:21:05.937550 2021] [http:error] [pid 28971] [client 27.147.202.214:4110] AH02430: Response header 'Location' value of 'https://warframetools.com/\n.example.com' contains invalid characters, aborting request
[Thu Jul 08 00:21:06.213846 2021] [php7:error] [pid 29160] [client 27.147.202.214:4069] script '/var/www/html/warframetools.com/ad.php' not found or unable to stat, referer: https://warframetools.com/
[Thu Jul 08 00:21:07.231969 2021] [php7:error] [pid 29162] [client 27.147.202.214:4077] script '/var/www/html/warframetools.com/adminer-4.3.0.php' not found or unable to stat, referer: https://warframetools.com/
[Thu Jul 08 00:21:08.225622 2021] [php7:error] [pid 29168] [client 27.147.202.214:4072] script '/var/www/html/warframetools.com/adminer-4.2.5.php' not found or unable to stat, referer: https://warframetools.com/
[Thu Jul 08 00:21:08.237410 2021] [php7:error] [pid 29169] [client 27.147.202.214:4097] script '/var/www/html/warframetools.com/adminer-4.6.0-mysql-en.php' not found or unable to stat, referer: https://warframetools.com/
[Thu Jul 08 00:21:08.238389 2021] [php7:error] [pid 29171] [client 27.147.202.214:4068] script '/var/www/html/warframetools.com/adminer.php' not found or unable to stat, referer: https://warframetools.com/
[Thu Jul 08 00:21:08.241167 2021] [php7:error] [pid 29170] [client 27.147.202.214:4093] script '/var/www/html/warframetools.com/adminer-4.5.0-mysql-en.php' not found or unable to stat, referer: https://warframetools.com/
[Thu Jul 08 00:21:09.249977 2021] [php7:error] [pid 29175] [client 27.147.202.214:4081] script '/var/www/html/warframetools.com/adminer-4.3.1.php' not found or unable to stat, referer: https://warframetools.com/
[Thu Jul 08 00:21:09.264165 2021] [php7:error] [pid 29174] [client 27.147.202.214:4096] script '/var/www/html/warframetools.com/adminer-4.6.0-en.php' not found or unable to stat, referer: https://warframetools.com/
[Thu Jul 08 00:21:09.281310 2021] [php7:error] [pid 29178] [client 27.147.202.214:4076] script '/var/www/html/warframetools.com/adminer-4.2.5-mysql.php' not found or unable to stat, referer: https://warframetools.com/
[Thu Jul 08 00:21:09.291352 2021] [php7:error] [pid 29177] [client 27.147.202.214:4094] script '/var/www/html/warframetools.com/adminer-4.5.0-mysql.php' not found or unable to stat, referer: https://warframetools.com/
[Thu Jul 08 00:21:10.267239 2021] [php7:error] [pid 29186] [client 27.147.202.214:4089] script '/var/www/html/warframetools.com/adminer-4.5.0.php' not found or unable to stat, referer: https://warframetools.com/
[Thu Jul 08 00:21:10.271800 2021] [php7:error] [pid 29187] [client 27.147.202.214:4067] script '/var/www/html/warframetools.com/_adminer.php' not found or unable to stat, referer: https://warframetools.com/
[Thu Jul 08 00:21:10.280199 2021] [php7:error] [pid 29189] [client 27.147.202.214:4091] script '/var/www/html/warframetools.com/adminer-4.5.0-en.php' not found or unable to stat, referer: https://warframetools.com/
[Thu Jul 08 00:21:10.342048 2021] [php7:error] [pid 29176] [client 27.147.202.214:4087] script '/var/www/html/warframetools.com/adminer-4.4.0-mysql-en.php' not found or unable to stat, referer: https://warframetools.com/
[Thu Jul 08 00:21:10.370686 2021] [php7:error] [pid 29181] [client 27.147.202.214:4106] script '/var/www/html/warframetools.com/adminer-4.6.2-mysql-en.php' not found or unable to stat, referer: https://warframetools.com/
[Thu Jul 08 00:21:10.597545 2021] [php7:error] [pid 29179] [client 27.147.202.214:4071] script '/var/www/html/warframetools.com/Adminer.php' not found or unable to stat, referer: https://warframetools.com/
[Thu Jul 08 00:21:10.668445 2021] [php7:error] [pid 29185] [client 27.147.202.214:4080] script '/var/www/html/warframetools.com/adminer-4.3.0-mysql.php' not found or unable to stat, referer: https://warframetools.com/
[Thu Jul 08 00:21:10.672547 2021] [php7:error] [pid 29190] [client 27.147.202.214:4078] script '/var/www/html/warframetools.com/adminer-4.3.0-en.php' not found or unable to stat, referer: https://warframetools.com/
[Thu Jul 08 00:21:10.677460 2021] [php7:error] [pid 29188] [client 27.147.202.214:4085] script '/var/www/html/warframetools.com/adminer-4.4.0.php' not found or unable to stat, referer: https://warframetools.com/
[Thu Jul 08 00:21:10.722621 2021] [php7:error] [pid 29199] [client 27.147.202.214:4074] script '/var/www/html/warframetools.com/adminer-4.2.5-mysql-en.php' not found or unable to stat, referer: https://warframetools.com/
[Thu Jul 08 00:21:10.907918 2021] [php7:error] [pid 29195] [client 27.147.202.214:4088] script '/var/www/html/warframetools.com/adminer-4.4.0-mysql.php' not found or unable to stat, referer: https://warframetools.com/
[Thu Jul 08 00:21:10.931500 2021] [php7:error] [pid 29012] [client 27.147.202.214:4083] script '/var/www/html/warframetools.com/adminer-4.3.1-mysql-en.php' not found or unable to stat, referer: https://warframetools.com/
[Thu Jul 08 00:21:11.158762 2021] [core:error] [pid 28919] [client 27.147.202.214:3835] AH00126: Invalid URI in request GET /static/../../../../../../../../../../../etc/shells HTTP/1.1
[Thu Jul 08 00:21:11.353458 2021] [php7:error] [pid 29204] [client 27.147.202.214:4079] script '/var/www/html/warframetools.com/adminer-4.3.0-mysql-en.php' not found or unable to stat, referer: https://warframetools.com/
[Thu Jul 08 00:21:11.409152 2021] [php7:error] [pid 29191] [client 27.147.202.214:4107] script '/var/www/html/warframetools.com/adminer-4.6.2-mysql.php' not found or unable to stat, referer: https://warframetools.com/
[Thu Jul 08 00:21:11.546656 2021] [php7:error] [pid 29184] [client 27.147.202.214:4095] script '/var/www/html/warframetools.com/adminer-4.6.0.php' not found or unable to stat, referer: https://warframetools.com/
[Thu Jul 08 00:21:11.561030 2021] [php7:error] [pid 29196] [client 27.147.202.214:4105] script '/var/www/html/warframetools.com/adminer-4.6.2-en.php' not found or unable to stat, referer: https://warframetools.com/
[Thu Jul 08 00:21:11.565906 2021] [php7:error] [pid 29197] [client 27.147.202.214:4082] script '/var/www/html/warframetools.com/adminer-4.3.1-en.php' not found or unable to stat, referer: https://warframetools.com/
[Thu Jul 08 00:21:11.607207 2021] [php7:error] [pid 29193] [client 27.147.202.214:4104] script '/var/www/html/warframetools.com/adminer-4.6.2.php' not found or unable to stat, referer: https://warframetools.com/
[Thu Jul 08 00:21:11.611822 2021] [php7:error] [pid 29192] [client 27.147.202.214:4086] script '/var/www/html/warframetools.com/adminer-4.4.0-en.php' not found or unable to stat, referer: https://warframetools.com/
[Thu Jul 08 00:21:11.619135 2021] [php7:error] [pid 29194] [client 27.147.202.214:4073] script '/var/www/html/warframetools.com/adminer-4.2.5-en.php' not found or unable to stat, referer: https://warframetools.com/
[Thu Jul 08 00:21:11.675265 2021] [php7:error] [pid 29198] [client 27.147.202.214:4084] script '/var/www/html/warframetools.com/adminer-4.3.1-mysql.php' not found or unable to stat, referer: https://warframetools.com/
[Thu Jul 08 00:21:11.748176 2021] [php7:error] [pid 29203] [client 27.147.202.214:4098] script '/var/www/html/warframetools.com/adminer-4.6.0-mysql.php' not found or unable to stat, referer: https://warframetools.com/
[Thu Jul 08 00:21:11.762026 2021] [php7:error] [pid 29215] [client 27.147.202.214:4101] script '/var/www/html/warframetools.com/adminer-4.6.1-mysql-en.php' not found or unable to stat, referer: https://warframetools.com/
[Thu Jul 08 00:21:11.982845 2021] [php7:error] [pid 29210] [client 27.147.202.214:4131] script '/var/www/html/warframetools.com/bitrix_server_test.php' not found or unable to stat
[Thu Jul 08 00:21:12.269109 2021] [php7:error] [pid 29171] [client 27.147.202.214:4068] script '/var/www/html/warframetools.com/opcache.php' not found or unable to stat
[Thu Jul 08 00:21:12.555597 2021] [php7:error] [pid 29187] [client 27.147.202.214:4067] script '/var/www/html/warframetools.com/opcache.php' not found or unable to stat
[Thu Jul 08 00:21:12.845333 2021] [php7:error] [pid 29212] [client 27.147.202.214:4099] script '/var/www/html/warframetools.com/adminer-4.6.1.php' not found or unable to stat, referer: https://warframetools.com/
[Thu Jul 08 00:21:12.895228 2021] [php7:error] [pid 29214] [client 27.147.202.214:4100] script '/var/www/html/warframetools.com/adminer-4.6.1-en.php' not found or unable to stat, referer: https://warframetools.com/
[Thu Jul 08 00:21:13.215830 2021] [core:error] [pid 29199] [client 27.147.202.214:4074] AH00126: Invalid URI in request GET /%2e%2e/index.js HTTP/1.1
[Thu Jul 08 00:21:13.532870 2021] [core:error] [pid 29185] [client 27.147.202.214:4080] AH00126: Invalid URI in request GET /%2e%2e/debug.js HTTP/1.1
[Thu Jul 08 00:21:13.849484 2021] [core:error] [pid 29171] [client 27.147.202.214:4068] AH00126: Invalid URI in request GET /%2e%2e/release.js HTTP/1.1
[Thu Jul 08 00:21:15.133149 2021] [core:error] [pid 29200] [client 27.147.202.214:4059] AH00126: Invalid URI in request GET @uri1.hit479687706216222.group.bxss.me/ HTTP/1.1
[Thu Jul 08 00:21:15.767228 2021] [core:error] [pid 29197] [client 27.147.202.214:4082] AH00126: Invalid URI in request GET .uri3.hit479687706216222.group.bxss.me/ HTTP/1.1
[Thu Jul 08 00:21:16.660498 2021] [authz_core:error] [pid 29194] [client 27.147.202.214:4073] AH01630: client denied by server configuration: /var/www/html/warframetools.com/server-status
[Thu Jul 08 00:21:16.817483 2021] [php7:error] [pid 29212] [client 27.147.202.214:4099] script '/var/www/html/warframetools.com/coredumpcheck.php' not found or unable to stat
[Thu Jul 08 00:21:17.157434 2021] [http:error] [pid 28926] [client 27.147.202.214:4126] AH02430: Response header 'Location' value of 'https://warframetools.com/\r\nheadername: headervalue' contains invalid characters, aborting request
[Thu Jul 08 00:21:18.251378 2021] [php7:error] [pid 28981] [client 27.147.202.214:3722] script '/var/www/html/warframetools.com/loader-wizard.php' not found or unable to stat
[Thu Jul 08 00:21:18.331101 2021] [http:error] [pid 29177] [client 27.147.202.214:3926] AH02430: Response header 'Location' value of 'https://warframetools.com/\r\theadername: headervalue' contains invalid characters, aborting request
[Thu Jul 08 00:21:18.954084 2021] [http:error] [pid 29180] [client 27.147.202.214:4053] AH02430: Response header 'Location' value of 'https://warframetools.com/\nheadername: headervalue' contains invalid characters, aborting request
[Thu Jul 08 00:21:19.551840 2021] [http:error] [pid 29160] [client 27.147.202.214:4106] AH02430: Response header 'Location' value of 'https://warframetools.com/\rheadername: headervalue' contains invalid characters, aborting request
[Thu Jul 08 00:21:20.173051 2021] [http:error] [pid 29181] [client 27.147.202.214:4149] AH02430: Response header 'Location' value of 'https://warframetools.com/~\r\nheadername: headervalue' contains invalid characters, aborting request
[Thu Jul 08 00:21:22.069674 2021] [authz_core:error] [pid 29015] [client 27.147.202.214:4060] AH01630: client denied by server configuration: /var/www/html/warframetools.com/server-status
[Thu Jul 08 00:21:22.689954 2021] [core:error] [pid 28995] [client 27.147.202.214:6909] AH00126: Invalid URI in request GET @bxss.me/rpb.png HTTP/1.1
[Thu Jul 08 00:21:22.981877 2021] [core:error] [pid 29184] [client 27.147.202.214:14353] AH00126: Invalid URI in request GET /sdk/../../../../../../../../../../../../../etc/passwd HTTP/1.1
[Thu Jul 08 00:21:24.132938 2021] [core:error] [pid 29193] [client 27.147.202.214:6887] AH00126: Invalid URI in request GET /../../../../../../../../z/../../../../../../../../../etc/shells HTTP/1.1
[Thu Jul 08 00:21:27.747755 2021] [php7:error] [pid 29228] [client 27.147.202.214:3373] script '/var/www/html/warframetools.com/cynkohjtg7k4.php' not found or unable to stat, referer: https://warframetools.com/
[Thu Jul 08 00:21:32.520131 2021] [authz_core:error] [pid 29228] [client 27.147.202.214:3373] AH01630: client denied by server configuration: /var/www/html/warframetools.com/.htaccess
[Thu Jul 08 00:21:33.894226 2021] [php7:error] [pid 29194] [client 27.147.202.214:4073] script '/var/www/html/warframetools.com/r57shell.php' not found or unable to stat
[Thu Jul 08 00:21:34.227207 2021] [php7:error] [pid 29015] [client 27.147.202.214:4060] script '/var/www/html/warframetools.com/r57.php' not found or unable to stat
[Thu Jul 08 00:21:34.535657 2021] [php7:error] [pid 29015] [client 27.147.202.214:4060] script '/var/www/html/warframetools.com/r58.php' not found or unable to stat
[Thu Jul 08 00:21:34.846849 2021] [php7:error] [pid 29015] [client 27.147.202.214:4060] script '/var/www/html/warframetools.com/c99shell.php' not found or unable to stat
[Thu Jul 08 00:21:34.954625 2021] [php7:error] [pid 29192] [client 27.147.202.214:4086] script '/var/www/html/warframetools.com/webadmin.php' not found or unable to stat
[Thu Jul 08 00:21:35.156867 2021] [php7:error] [pid 29015] [client 27.147.202.214:4060] script '/var/www/html/warframetools.com/c99.php' not found or unable to stat
[Thu Jul 08 00:21:35.454085 2021] [php7:error] [pid 29015] [client 27.147.202.214:4060] script '/var/www/html/warframetools.com/nstview.php' not found or unable to stat
[Thu Jul 08 00:21:35.737857 2021] [php7:error] [pid 29015] [client 27.147.202.214:4060] script '/var/www/html/warframetools.com/nst.php' not found or unable to stat
[Thu Jul 08 00:21:36.033154 2021] [php7:error] [pid 29015] [client 27.147.202.214:4060] script '/var/www/html/warframetools.com/rst.php' not found or unable to stat
[Thu Jul 08 00:21:36.186123 2021] [php7:error] [pid 28187] [client 27.147.202.214:10488] script '/var/www/html/warframetools.com/phpinfo.php' not found or unable to stat
[Thu Jul 08 00:21:36.333783 2021] [php7:error] [pid 29015] [client 27.147.202.214:4060] script '/var/www/html/warframetools.com/r57eng.php' not found or unable to stat
[Thu Jul 08 00:21:36.639239 2021] [php7:error] [pid 29015] [client 27.147.202.214:4060] script '/var/www/html/warframetools.com/shell.php' not found or unable to stat
[Thu Jul 08 00:21:36.828994 2021] [php7:error] [pid 29194] [client 27.147.202.214:4073] script '/var/www/html/warframetools.com/pi.php' not found or unable to stat
[Thu Jul 08 00:21:36.848664 2021] [php7:error] [pid 29196] [client 27.147.202.214:3443] script '/var/www/html/warframetools.com/apc.php' not found or unable to stat
[Thu Jul 08 00:21:36.940168 2021] [php7:error] [pid 29015] [client 27.147.202.214:4060] script '/var/www/html/warframetools.com/dra.php' not found or unable to stat
[Thu Jul 08 00:21:37.212347 2021] [php7:error] [pid 29015] [client 27.147.202.214:4060] script '/var/www/html/warframetools.com/r.php' not found or unable to stat
[Thu Jul 08 00:21:37.467804 2021] [php7:error] [pid 29194] [client 27.147.202.214:4073] script '/var/www/html/warframetools.com/php.php' not found or unable to stat
[Thu Jul 08 00:21:37.501689 2021] [php7:error] [pid 29015] [client 27.147.202.214:4060] script '/var/www/html/warframetools.com/lol.php' not found or unable to stat
[Thu Jul 08 00:21:37.786072 2021] [php7:error] [pid 29015] [client 27.147.202.214:4060] script '/var/www/html/warframetools.com/zehir.php' not found or unable to stat
[Thu Jul 08 00:21:37.786504 2021] [php7:error] [pid 28981] [client 27.147.202.214:3722] script '/var/www/html/warframetools.com/i.php' not found or unable to stat
[Thu Jul 08 00:21:38.079695 2021] [php7:error] [pid 29015] [client 27.147.202.214:4060] script '/var/www/html/warframetools.com/c-h.v2.php' not found or unable to stat
[Thu Jul 08 00:21:38.104299 2021] [php7:error] [pid 28981] [client 27.147.202.214:3722] script '/var/www/html/warframetools.com/test.php' not found or unable to stat
[Thu Jul 08 00:21:38.364042 2021] [php7:error] [pid 29015] [client 27.147.202.214:4060] script '/var/www/html/warframetools.com/php-backdoor.php' not found or unable to stat
[Thu Jul 08 00:21:38.412465 2021] [php7:error] [pid 28981] [client 27.147.202.214:3722] script '/var/www/html/warframetools.com/temp.php' not found or unable to stat
[Thu Jul 08 00:21:38.662644 2021] [php7:error] [pid 29015] [client 27.147.202.214:4060] script '/var/www/html/warframetools.com/simple-backdoor.php' not found or unable to stat
[Thu Jul 08 00:21:38.731588 2021] [php7:error] [pid 28981] [client 27.147.202.214:3722] script '/var/www/html/warframetools.com/info.php' not found or unable to stat
[Thu Jul 08 00:21:53.583521 2021] [authz_core:error] [pid 29168] [client 27.147.202.214:4072] AH01630: client denied by server configuration: /var/www/html/warframetools.com/.htaccess~
[Thu Jul 08 00:21:53.890238 2021] [authz_core:error] [pid 29168] [client 27.147.202.214:4072] AH01630: client denied by server configuration: /var/www/html/warframetools.com/.htaccess.old
[Thu Jul 08 00:21:54.191895 2021] [authz_core:error] [pid 29168] [client 27.147.202.214:4072] AH01630: client denied by server configuration: /var/www/html/warframetools.com/.htaccess.save
[Thu Jul 08 00:22:13.778411 2021] [php7:error] [pid 29303] [client 27.147.202.214:1111] script '/var/www/html/warframetools.com/Ljjd4xI0.php' not found or unable to stat
[Thu Jul 08 00:22:13.810864 2021] [php7:error] [pid 28883] [client 27.147.202.214:1121] script '/var/www/html/warframetools.com/app_dev.php' not found or unable to stat
[Thu Jul 08 00:22:14.084773 2021] [php7:error] [pid 29303] [client 27.147.202.214:1111] script '/var/www/html/warframetools.com/db.php' not found or unable to stat
[Thu Jul 08 00:22:15.398122 2021] [php7:error] [pid 28961] [client 27.147.202.214:1102] script '/var/www/html/warframetools.com/css/2ibjdvx3nn7h.php' not found or unable to stat, referer: https://warframetools.com/
[Thu Jul 08 00:22:15.519524 2021] [php7:error] [pid 29303] [client 27.147.202.214:1111] script '/var/www/html/warframetools.com/conf.php' not found or unable to stat
[Thu Jul 08 00:22:15.715486 2021] [core:error] [pid 29197] [client 27.147.202.214:1109] AH00126: Invalid URI in request GET /css/../../../../../../../../z/../../../../../../../../../etc/shells HTTP/1.1
[Thu Jul 08 00:22:15.968329 2021] [core:error] [pid 29313] [client 27.147.202.214:1115] AH00126: Invalid URI in request GET /js//../../../../../../../../etc/passwd HTTP/1.1
[Thu Jul 08 00:22:16.160882 2021] [php7:error] [pid 29303] [client 27.147.202.214:1111] script '/var/www/html/warframetools.com/settings.php' not found or unable to stat
[Thu Jul 08 00:22:16.372518 2021] [php7:error] [pid 29194] [client 27.147.202.214:1103] script '/var/www/html/warframetools.com/xmlrpc.php' not found or unable to stat
[Thu Jul 08 00:22:16.656473 2021] [php7:error] [pid 29210] [client 27.147.202.214:1095] script '/var/www/html/warframetools.com/js/q5tos6e3nx0p.php' not found or unable to stat, referer: https://warframetools.com/
[Thu Jul 08 00:22:16.799943 2021] [php7:error] [pid 29303] [client 27.147.202.214:1111] script '/var/www/html/warframetools.com/config.php' not found or unable to stat
[Thu Jul 08 00:22:17.426474 2021] [php7:error] [pid 28787] [client 27.147.202.214:1113] script '/var/www/html/warframetools.com/config.inc.php' not found or unable to stat
[Thu Jul 08 00:22:17.639160 2021] [core:error] [pid 29322] [client 27.147.202.214:1110] AH00126: Invalid URI in request GET /js//../../../../../../../../etc/passwd HTTP/1.1
[Thu Jul 08 00:22:17.726324 2021] [php7:error] [pid 28787] [client 27.147.202.214:1113] script '/var/www/html/warframetools.com/localconfig.php' not found or unable to stat
[Thu Jul 08 00:22:17.895768 2021] [php7:error] [pid 28883] [client 27.147.202.214:1121] script '/var/www/html/warframetools.com/xmlrpc.php' not found or unable to stat
[Thu Jul 08 00:22:18.297140 2021] [core:error] [pid 29318] [client 27.147.202.214:1119] AH00126: Invalid URI in request GET /js//../../../../../../../../windows/win.ini HTTP/1.1
[Thu Jul 08 00:22:18.366818 2021] [php7:error] [pid 29325] [client 27.147.202.214:1123] script '/var/www/html/warframetools.com/configuration.php' not found or unable to stat
[Thu Jul 08 00:22:18.431047 2021] [core:error] [pid 29337] [client 27.147.202.214:1106] AH00126: Invalid URI in request GET /js//../../../../../../../../etc/passwd HTTP/1.1
[Thu Jul 08 00:22:18.849027 2021] [php7:error] [pid 29324] [client 27.147.202.214:1096] script '/var/www/html/warframetools.com/xmlrpc.php' not found or unable to stat
[Thu Jul 08 00:22:18.988469 2021] [core:error] [pid 29194] [client 27.147.202.214:1103] AH00126: Invalid URI in request GET /js//../../../../../../../../windows/win.ini HTTP/1.1
[Thu Jul 08 00:22:19.028049 2021] [php7:error] [pid 29325] [client 27.147.202.214:1123] script '/var/www/html/warframetools.com/settings.inc.php' not found or unable to stat
[Thu Jul 08 00:22:19.083691 2021] [core:error] [pid 29344] [client 27.147.202.214:4462] AH00126: Invalid URI in request GET /js//../../../../../../../../windows/win.ini HTTP/1.1
[Thu Jul 08 00:22:19.223276 2021] [php7:error] [pid 29338] [client 27.147.202.214:4465] script '/var/www/html/warframetools.com/xmlrpc.php' not found or unable to stat
[Thu Jul 08 00:22:19.364976 2021] [php7:error] [pid 29325] [client 27.147.202.214:1123] script '/var/www/html/warframetools.com/global.inc.php' not found or unable to stat
[Thu Jul 08 00:22:19.595477 2021] [core:error] [pid 28187] [client 27.147.202.214:1118] AH00126: Invalid URI in request GET /js//../../../../../../../../boot.ini HTTP/1.1
[Thu Jul 08 00:22:19.682534 2021] [php7:error] [pid 29325] [client 27.147.202.214:1123] script '/var/www/html/warframetools.com/database.php' not found or unable to stat
[Thu Jul 08 00:22:19.906960 2021] [core:error] [pid 29331] [client 27.147.202.214:1138] AH00126: Invalid URI in request GET /js//../../../../../../../../etc/passwd HTTP/1.1
[Thu Jul 08 00:22:19.928374 2021] [php7:error] [pid 29338] [client 27.147.202.214:4465] script '/var/www/html/warframetools.com/xmlrpc.php' not found or unable to stat
[Thu Jul 08 00:22:20.273176 2021] [core:error] [pid 28985] [client 27.147.202.214:1094] AH00126: Invalid URI in request GET /js//../../../../../../../../boot.ini HTTP/1.1
[Thu Jul 08 00:22:20.325519 2021] [php7:error] [pid 29303] [client 27.147.202.214:1111] script '/var/www/html/warframetools.com/xmlrpc.php' not found or unable to stat
[Thu Jul 08 00:22:20.336524 2021] [php7:error] [pid 29325] [client 27.147.202.214:1123] script '/var/www/html/warframetools.com/database.inc.php' not found or unable to stat
[Thu Jul 08 00:22:20.543154 2021] [core:error] [pid 29302] [client 27.147.202.214:1116] AH00126: Invalid URI in request GET /js//../../../../../../../../windows/win.ini HTTP/1.1
[Thu Jul 08 00:22:20.591479 2021] [php7:error] [pid 29338] [client 27.147.202.214:4465] script '/var/www/html/warframetools.com/xmlrpc.php' not found or unable to stat
[Thu Jul 08 00:22:20.936650 2021] [core:error] [pid 29216] [client 27.147.202.214:1090] AH00126: Invalid URI in request GET /js//../../../../../../../../etc/passwd HTTP/1.1
[Thu Jul 08 00:22:21.264349 2021] [php7:error] [pid 29338] [client 27.147.202.214:4465] script '/var/www/html/warframetools.com/xmlrpc.php' not found or unable to stat
[Thu Jul 08 00:22:21.501357 2021] [php7:error] [pid 29340] [client 27.147.202.214:4464] script '/var/www/html/warframetools.com/phpThumb.php' not found or unable to stat
[Thu Jul 08 00:22:21.841378 2021] [core:error] [pid 29192] [client 27.147.202.214:1093] AH00126: Invalid URI in request GET /js//../../../../../../../../boot.ini HTTP/1.1
[Thu Jul 08 00:22:22.037715 2021] [php7:error] [pid 29338] [client 27.147.202.214:4465] script '/var/www/html/warframetools.com/soap.php' not found or unable to stat
[Thu Jul 08 00:22:22.729015 2021] [php7:error] [pid 29338] [client 27.147.202.214:4465] script '/var/www/html/warframetools.com/soap.php' not found or unable to stat
[Thu Jul 08 00:22:22.985743 2021] [core:error] [pid 29330] [client 27.147.202.214:1098] AH00126: Invalid URI in request GET /js//../../../../../../../../windows/win.ini HTTP/1.1
[Thu Jul 08 00:22:23.073539 2021] [core:error] [pid 28787] [client 27.147.202.214:1113] AH00126: Invalid URI in request GET /js//../../../../../../../../boot.ini HTTP/1.1
[Thu Jul 08 00:22:23.392293 2021] [php7:error] [pid 29338] [client 27.147.202.214:4465] script '/var/www/html/warframetools.com/soap.php' not found or unable to stat
[Thu Jul 08 00:22:24.021047 2021] [core:error] [pid 29197] [client 27.147.202.214:1117] AH00126: Invalid URI in request GET /js//../../../../../../../../etc/passwd HTTP/1.1
[Thu Jul 08 00:22:24.052379 2021] [core:error] [pid 29320] [client 27.147.202.214:1120] AH00126: Invalid URI in request GET /js//%2e%2e/%2e%2e/%2e%2e/%2e%2e/%2e%2e/%2e%2e/%2e%2e/%2e%2e/etc/passwd HTTP/1.1
[Thu Jul 08 00:22:24.078530 2021] [php7:error] [pid 29338] [client 27.147.202.214:4465] script '/var/www/html/warframetools.com/soap.php' not found or unable to stat
[Thu Jul 08 00:22:24.378905 2021] [core:error] [pid 29310] [client 27.147.202.214:1088] AH00126: Invalid URI in request GET /js//%2e%2e/%2e%2e/%2e%2e/%2e%2e/%2e%2e/%2e%2e/%2e%2e/%2e%2e/windows/win.ini HTTP/1.1
[Thu Jul 08 00:22:24.580877 2021] [core:error] [pid 29336] [client 27.147.202.214:1114] AH00126: Invalid URI in request GET /js//%2e%2e/%2e%2e/%2e%2e/%2e%2e/%2e%2e/%2e%2e/%2e%2e/%2e%2e/etc/passwd HTTP/1.1
[Thu Jul 08 00:22:24.739522 2021] [php7:error] [pid 29338] [client 27.147.202.214:4465] script '/var/www/html/warframetools.com/xmlrpc-server.php' not found or unable to stat
[Thu Jul 08 00:22:24.966108 2021] [core:error] [pid 29210] [client 27.147.202.214:1095] AH00126: Invalid URI in request GET /js//../../../../../../../../boot.ini HTTP/1.1
[Thu Jul 08 00:22:25.409892 2021] [php7:error] [pid 29338] [client 27.147.202.214:4465] script '/var/www/html/warframetools.com/xmlrpc-server.php' not found or unable to stat
[Thu Jul 08 00:22:25.555942 2021] [core:error] [pid 29362] [client 27.147.202.214:7090] AH00126: Invalid URI in request GET /js//%2e%2e/%2e%2e/%2e%2e/%2e%2e/%2e%2e/%2e%2e/%2e%2e/%2e%2e/windows/win.ini HTTP/1.1
[Thu Jul 08 00:22:25.641867 2021] [core:error] [pid 28961] [client 27.147.202.214:1102] AH00126: Invalid URI in request GET /js//%2e%2e/%2e%2e/%2e%2e/%2e%2e/%2e%2e/%2e%2e/%2e%2e/%2e%2e/etc/passwd HTTP/1.1
[Thu Jul 08 00:22:26.093390 2021] [php7:error] [pid 29338] [client 27.147.202.214:4465] script '/var/www/html/warframetools.com/xmlrpc-server.php' not found or unable to stat
[Thu Jul 08 00:22:26.766630 2021] [php7:error] [pid 29338] [client 27.147.202.214:4465] script '/var/www/html/warframetools.com/xmlrpc-server.php' not found or unable to stat
[Thu Jul 08 00:22:27.051363 2021] [core:error] [pid 29370] [client 27.147.202.214:7036] AH00126: Invalid URI in request GET /js//%2e%2e/%2e%2e/%2e%2e/%2e%2e/%2e%2e/%2e%2e/%2e%2e/%2e%2e/windows/win.ini HTTP/1.1
[Thu Jul 08 00:22:27.442753 2021] [php7:error] [pid 29338] [client 27.147.202.214:4465] script '/var/www/html/warframetools.com/xmlrpc_server.php' not found or unable to stat
[Thu Jul 08 00:22:27.834394 2021] [core:error] [pid 29369] [client 27.147.202.214:7040] AH00126: Invalid URI in request GET /js//%2e%2e/%2e%2e/%2e%2e/%2e%2e/%2e%2e/%2e%2e/%2e%2e/%2e%2e/etc/passwd HTTP/1.1
[Thu Jul 08 00:22:28.083224 2021] [php7:error] [pid 29338] [client 27.147.202.214:4465] script '/var/www/html/warframetools.com/xmlrpc_server.php' not found or unable to stat
[Thu Jul 08 00:22:28.154365 2021] [core:error] [pid 29371] [client 27.147.202.214:7033] AH00126: Invalid URI in request GET /js//%2e%2e/%2e%2e/%2e%2e/%2e%2e/%2e%2e/%2e%2e/%2e%2e/%2e%2e/windows/win.ini HTTP/1.1
[Thu Jul 08 00:22:28.419440 2021] [core:error] [pid 29358] [client 27.147.202.214:7079] AH00126: Invalid URI in request GET /js//../../../../../../../../windows/win.ini HTTP/1.1
[Thu Jul 08 00:22:28.729969 2021] [php7:error] [pid 29338] [client 27.147.202.214:4465] script '/var/www/html/warframetools.com/xmlrpc_server.php' not found or unable to stat
[Thu Jul 08 00:22:29.021959 2021] [php7:error] [pid 29317] [client 27.147.202.214:1125] script '/var/www/html/warframetools.com/login.php' not found or unable to stat
[Thu Jul 08 00:22:29.378977 2021] [php7:error] [pid 29338] [client 27.147.202.214:4465] script '/var/www/html/warframetools.com/xmlrpc_server.php' not found or unable to stat
[Thu Jul 08 00:22:29.582604 2021] [core:error] [pid 29364] [client 27.147.202.214:7236] AH00126: Invalid URI in request GET /js//%2e%2e/%2e%2e/%2e%2e/%2e%2e/%2e%2e/%2e%2e/%2e%2e/%2e%2e/etc/passwd HTTP/1.1
[Thu Jul 08 00:22:29.828997 2021] [core:error] [pid 28187] [client 27.147.202.214:6032] AH00126: Invalid URI in request GET /css//../../../../../../../../etc/passwd HTTP/1.1
[Thu Jul 08 00:22:30.811996 2021] [core:error] [pid 29194] [client 27.147.202.214:6000] AH00126: Invalid URI in request GET /js//../../../../../../../../boot.ini HTTP/1.1
[Thu Jul 08 00:22:30.966433 2021] [core:error] [pid 29229] [client 27.147.202.214:6099] AH00126: Invalid URI in request GET /js//%2e%2e/%2e%2e/%2e%2e/%2e%2e/%2e%2e/%2e%2e/%2e%2e/%2e%2e/windows/win.ini HTTP/1.1
[Thu Jul 08 00:22:31.525167 2021] [php7:error] [pid 29339] [client 27.147.202.214:4466] script '/var/www/html/warframetools.com/restserver.php' not found or unable to stat
[Thu Jul 08 00:22:31.966503 2021] [core:error] [pid 29192] [client 27.147.202.214:6125] AH00126: Invalid URI in request GET /css//../../../../../../../../windows/win.ini HTTP/1.1
[Thu Jul 08 00:22:33.207268 2021] [core:error] [pid 29322] [client 27.147.202.214:7205] AH00126: Invalid URI in request GET /css//../../../../../../../../boot.ini HTTP/1.1
[Thu Jul 08 00:22:33.238977 2021] [authz_core:error] [pid 29347] [client 27.147.202.214:6022] AH01630: client denied by server configuration: /var/www/html/warframetools.com/css/.htaccess
[Thu Jul 08 00:22:33.374482 2021] [php7:error] [pid 28788] [client 27.147.202.214:6097] script '/var/www/html/warframetools.com/css/apc.php' not found or unable to stat
[Thu Jul 08 00:22:33.856369 2021] [php7:error] [pid 29320] [client 27.147.202.214:4314] script '/var/www/html/warframetools.com/css/phpinfo.php' not found or unable to stat
[Thu Jul 08 00:22:34.147917 2021] [core:error] [pid 29363] (36)File name too long: [client 27.147.202.214:7088] AH00036: access to /js/%c0%ae%c0%ae%c0%af%c0%ae%c0%ae%c0%af%c0%ae%c0%ae%c0%af%c0%ae%c0%ae%c0%af%c0%ae%c0%ae%c0%af%c0%ae%c0%ae%c0%af%c0%ae%c0%ae%c0%af%c0%ae%c0%ae%c0%af%c0%ae%c0%ae%c0%af%c0%ae%c0%ae%c0%af%c0%ae%c0%ae%c0%af%c0%ae%c0%ae%c0%af%c0%ae%c0%ae%c0%af%c0%ae%c0%ae%c0%af%c0%ae%c0%ae%c0%af%c0%ae%c0%ae%c0%af/etc/passwd failed (filesystem path '/var/www/html/warframetools.com/js/%c0%ae%c0%ae%c0%af%c0%ae%c0%ae%c0%af%c0%ae%c0%ae%c0%af%c0%ae%c0%ae%c0%af%c0%ae%c0%ae%c0%af%c0%ae%c0%ae%c0%af%c0%ae%c0%ae%c0%af%c0%ae%c0%ae%c0%af%c0%ae%c0%ae%c0%af%c0%ae%c0%ae%c0%af%c0%ae%c0%ae%c0%af%c0%ae%c0%ae%c0%af%c0%ae%c0%ae%c0%af%c0%ae%c0%ae%c0%af%c0%ae%c0%ae%c0%af%c0%ae%c0%ae%c0%af')
[Thu Jul 08 00:22:34.412286 2021] [php7:error] [pid 29347] [client 27.147.202.214:6022] script '/var/www/html/warframetools.com/css/r57shell.php' not found or unable to stat
[Thu Jul 08 00:22:34.628878 2021] [php7:error] [pid 28883] [client 27.147.202.214:1121] script '/var/www/html/warframetools.com/css/webadmin.php' not found or unable to stat
[Thu Jul 08 00:22:34.736628 2021] [php7:error] [pid 29347] [client 27.147.202.214:6022] script '/var/www/html/warframetools.com/css/r57.php' not found or unable to stat
[Thu Jul 08 00:22:34.848100 2021] [core:error] [pid 29367] [client 27.147.202.214:6153] AH00126: Invalid URI in request GET /css//../../../../../../../../etc/passwd HTTP/1.1
[Thu Jul 08 00:22:35.053755 2021] [php7:error] [pid 29334] [client 27.147.202.214:1082] script '/var/www/html/warframetools.com/css/r58.php' not found or unable to stat
[Thu Jul 08 00:22:35.165445 2021] [php7:error] [pid 29320] [client 27.147.202.214:4314] script '/var/www/html/warframetools.com/css/pi.php' not found or unable to stat
[Thu Jul 08 00:22:35.373267 2021] [php7:error] [pid 29334] [client 27.147.202.214:1082] script '/var/www/html/warframetools.com/css/c99shell.php' not found or unable to stat
[Thu Jul 08 00:22:35.501931 2021] [core:error] [pid 29320] [client 27.147.202.214:4314] AH00126: Invalid URI in request GET /css//../../../../../../../../windows/win.ini HTTP/1.1
[Thu Jul 08 00:22:35.684836 2021] [php7:error] [pid 29341] [client 27.147.202.214:4463] script '/var/www/html/warframetools.com/css/c99.php' not found or unable to stat
[Thu Jul 08 00:22:35.803465 2021] [php7:error] [pid 29324] [client 27.147.202.214:1096] script '/var/www/html/warframetools.com/css/php.php' not found or unable to stat
[Thu Jul 08 00:22:36.002707 2021] [core:error] [pid 29363] [client 27.147.202.214:7088] AH00126: Invalid URI in request GET /js//../../../../../../../../etc/passwd HTTP/1.1
[Thu Jul 08 00:22:36.053119 2021] [core:error] [pid 29352] [client 27.147.202.214:6024] AH00126: Invalid URI in request GET /js//%2e%2e/%2e%2e/%2e%2e/%2e%2e/%2e%2e/%2e%2e/%2e%2e/%2e%2e/etc/passwd HTTP/1.1
[Thu Jul 08 00:22:36.115451 2021] [php7:error] [pid 29324] [client 27.147.202.214:1096] script '/var/www/html/warframetools.com/css/i.php' not found or unable to stat
[Thu Jul 08 00:22:36.204304 2021] [core:error] [pid 29340] (36)File name too long: [client 27.147.202.214:4464] AH00036: access to /js/%c0%ae%c0%ae%c0%af%c0%ae%c0%ae%c0%af%c0%ae%c0%ae%c0%af%c0%ae%c0%ae%c0%af%c0%ae%c0%ae%c0%af%c0%ae%c0%ae%c0%af%c0%ae%c0%ae%c0%af%c0%ae%c0%ae%c0%af%c0%ae%c0%ae%c0%af%c0%ae%c0%ae%c0%af%c0%ae%c0%ae%c0%af%c0%ae%c0%ae%c0%af%c0%ae%c0%ae%c0%af%c0%ae%c0%ae%c0%af%c0%ae%c0%ae%c0%af%c0%ae%c0%ae%c0%af/etc/passwd failed (filesystem path '/var/www/html/warframetools.com/js/%c0%ae%c0%ae%c0%af%c0%ae%c0%ae%c0%af%c0%ae%c0%ae%c0%af%c0%ae%c0%ae%c0%af%c0%ae%c0%ae%c0%af%c0%ae%c0%ae%c0%af%c0%ae%c0%ae%c0%af%c0%ae%c0%ae%c0%af%c0%ae%c0%ae%c0%af%c0%ae%c0%ae%c0%af%c0%ae%c0%ae%c0%af%c0%ae%c0%ae%c0%af%c0%ae%c0%ae%c0%af%c0%ae%c0%ae%c0%af%c0%ae%c0%ae%c0%af%c0%ae%c0%ae%c0%af')
[Thu Jul 08 00:22:36.379610 2021] [core:error] [pid 29334] [client 27.147.202.214:1082] AH00126: Invalid URI in request GET /js//%2e%2e/%2e%2e/%2e%2e/%2e%2e/%2e%2e/%2e%2e/%2e%2e/%2e%2e/windows/win.ini HTTP/1.1
[Thu Jul 08 00:22:36.443683 2021] [php7:error] [pid 29324] [client 27.147.202.214:1096] script '/var/www/html/warframetools.com/css/test.php' not found or unable to stat
[Thu Jul 08 00:22:36.556088 2021] [php7:error] [pid 29341] [client 27.147.202.214:4463] script '/var/www/html/warframetools.com/css/nstview.php' not found or unable to stat
[Thu Jul 08 00:22:36.576279 2021] [core:error] [pid 28787] [client 27.147.202.214:6145] AH00126: Invalid URI in request GET /js/../../../../../../../../z/../../../../../../../../../etc/shells HTTP/1.1
[Thu Jul 08 00:22:36.630747 2021] [core:error] [pid 29370] [client 27.147.202.214:3943] AH00126: Invalid URI in request GET /js//../../../../../../../../windows/win.ini HTTP/1.1
[Thu Jul 08 00:22:36.768109 2021] [php7:error] [pid 29324] [client 27.147.202.214:1096] script '/var/www/html/warframetools.com/css/temp.php' not found or unable to stat
[Thu Jul 08 00:22:36.880304 2021] [php7:error] [pid 29341] [client 27.147.202.214:4463] script '/var/www/html/warframetools.com/css/nst.php' not found or unable to stat
[Thu Jul 08 00:22:37.095587 2021] [php7:error] [pid 29324] [client 27.147.202.214:1096] script '/var/www/html/warframetools.com/css/info.php' not found or unable to stat
[Thu Jul 08 00:22:37.191099 2021] [php7:error] [pid 29341] [client 27.147.202.214:4463] script '/var/www/html/warframetools.com/css/rst.php' not found or unable to stat
[Thu Jul 08 00:22:37.430863 2021] [core:error] [pid 29324] [client 27.147.202.214:1096] AH00126: Invalid URI in request GET /css//../../../../../../../../boot.ini HTTP/1.1
[Thu Jul 08 00:22:37.576869 2021] [core:error] [pid 29333] (36)File name too long: [client 27.147.202.214:1112] AH00036: access to /js/%c0%ae%c0%ae%c0%af%c0%ae%c0%ae%c0%af%c0%ae%c0%ae%c0%af%c0%ae%c0%ae%c0%af%c0%ae%c0%ae%c0%af%c0%ae%c0%ae%c0%af%c0%ae%c0%ae%c0%af%c0%ae%c0%ae%c0%af%c0%ae%c0%ae%c0%af%c0%ae%c0%ae%c0%af%c0%ae%c0%ae%c0%af%c0%ae%c0%ae%c0%af%c0%ae%c0%ae%c0%af%c0%ae%c0%ae%c0%af%c0%ae%c0%ae%c0%af%c0%ae%c0%ae%c0%af/etc/passwd failed (filesystem path '/var/www/html/warframetools.com/js/%c0%ae%c0%ae%c0%af%c0%ae%c0%ae%c0%af%c0%ae%c0%ae%c0%af%c0%ae%c0%ae%c0%af%c0%ae%c0%ae%c0%af%c0%ae%c0%ae%c0%af%c0%ae%c0%ae%c0%af%c0%ae%c0%ae%c0%af%c0%ae%c0%ae%c0%af%c0%ae%c0%ae%c0%af%c0%ae%c0%ae%c0%af%c0%ae%c0%ae%c0%af%c0%ae%c0%ae%c0%af%c0%ae%c0%ae%c0%af%c0%ae%c0%ae%c0%af%c0%ae%c0%ae%c0%af')
[Thu Jul 08 00:22:37.763281 2021] [php7:error] [pid 29366] [client 27.147.202.214:6105] script '/var/www/html/warframetools.com/js/apc.php' not found or unable to stat
[Thu Jul 08 00:22:37.847268 2021] [core:error] [pid 29210] [client 27.147.202.214:4367] AH00126: Invalid URI in request GET /css//%2e%2e/%2e%2e/%2e%2e/%2e%2e/%2e%2e/%2e%2e/%2e%2e/%2e%2e/etc/passwd HTTP/1.1
[Thu Jul 08 00:22:38.066230 2021] [php7:error] [pid 29341] [client 27.147.202.214:4463] script '/var/www/html/warframetools.com/css/r57eng.php' not found or unable to stat
[Thu Jul 08 00:22:38.175469 2021] [core:error] [pid 29331] [client 27.147.202.214:6048] AH00126: Invalid URI in request GET /css//%2e%2e/%2e%2e/%2e%2e/%2e%2e/%2e%2e/%2e%2e/%2e%2e/%2e%2e/windows/win.ini HTTP/1.1
[Thu Jul 08 00:22:38.376787 2021] [php7:error] [pid 29341] [client 27.147.202.214:4463] script '/var/www/html/warframetools.com/css/shell.php' not found or unable to stat
[Thu Jul 08 00:22:38.693711 2021] [php7:error] [pid 29341] [client 27.147.202.214:4463] script '/var/www/html/warframetools.com/css/dra.php' not found or unable to stat
[Thu Jul 08 00:22:39.015829 2021] [php7:error] [pid 29341] [client 27.147.202.214:4463] script '/var/www/html/warframetools.com/css/r.php' not found or unable to stat
[Thu Jul 08 00:22:39.256474 2021] [authz_core:error] [pid 29174] [client 27.147.202.214:3981] AH01630: client denied by server configuration: /var/www/html/warframetools.com/js/.htaccess
[Thu Jul 08 00:22:39.339251 2021] [php7:error] [pid 29341] [client 27.147.202.214:4463] script '/var/www/html/warframetools.com/css/lol.php' not found or unable to stat
[Thu Jul 08 00:22:39.382300 2021] [php7:error] [pid 29317] [client 27.147.202.214:1125] script '/var/www/html/warframetools.com/js/phpinfo.php' not found or unable to stat
[Thu Jul 08 00:22:39.410215 2021] [core:error] [pid 28883] (36)File name too long: [client 27.147.202.214:1121] AH00036: access to /js/%c0%ae%c0%ae%c0%af%c0%ae%c0%ae%c0%af%c0%ae%c0%ae%c0%af%c0%ae%c0%ae%c0%af%c0%ae%c0%ae%c0%af%c0%ae%c0%ae%c0%af%c0%ae%c0%ae%c0%af%c0%ae%c0%ae%c0%af%c0%ae%c0%ae%c0%af%c0%ae%c0%ae%c0%af%c0%ae%c0%ae%c0%af%c0%ae%c0%ae%c0%af%c0%ae%c0%ae%c0%af%c0%ae%c0%ae%c0%af%c0%ae%c0%ae%c0%af%c0%ae%c0%ae%c0%af/etc/passwd failed (filesystem path '/var/www/html/warframetools.com/js/%c0%ae%c0%ae%c0%af%c0%ae%c0%ae%c0%af%c0%ae%c0%ae%c0%af%c0%ae%c0%ae%c0%af%c0%ae%c0%ae%c0%af%c0%ae%c0%ae%c0%af%c0%ae%c0%ae%c0%af%c0%ae%c0%ae%c0%af%c0%ae%c0%ae%c0%af%c0%ae%c0%ae%c0%af%c0%ae%c0%ae%c0%af%c0%ae%c0%ae%c0%af%c0%ae%c0%ae%c0%af%c0%ae%c0%ae%c0%af%c0%ae%c0%ae%c0%af%c0%ae%c0%ae%c0%af')
[Thu Jul 08 00:22:39.505540 2021] [core:error] [pid 29204] [client 27.147.202.214:7296] AH00126: Invalid URI in request GET /js//../../../../../../../../boot.ini HTTP/1.1
[Thu Jul 08 00:22:39.584862 2021] [core:error] [pid 29174] [client 27.147.202.214:3981] AH00126: Invalid URI in request GET /css//../../../../../../../../etc/passwd HTTP/1.1
[Thu Jul 08 00:22:39.650834 2021] [php7:error] [pid 29341] [client 27.147.202.214:4463] script '/var/www/html/warframetools.com/css/zehir.php' not found or unable to stat
[Thu Jul 08 00:22:39.795491 2021] [core:error] [pid 28788] [client 27.147.202.214:6097] AH00126: Invalid URI in request GET /css//../../../../../../../../etc/passwd HTTP/1.1
[Thu Jul 08 00:22:39.977915 2021] [php7:error] [pid 29341] [client 27.147.202.214:4463] script '/var/www/html/warframetools.com/css/c-h.v2.php' not found or unable to stat
[Thu Jul 08 00:22:40.286895 2021] [php7:error] [pid 29019] [client 27.147.202.214:7274] script '/var/www/html/warframetools.com/css/php-backdoor.php' not found or unable to stat
[Thu Jul 08 00:22:40.510387 2021] [php7:error] [pid 29317] [client 27.147.202.214:1125] script '/var/www/html/warframetools.com/js/pi.php' not found or unable to stat
[Thu Jul 08 00:22:40.594910 2021] [php7:error] [pid 29019] [client 27.147.202.214:7274] script '/var/www/html/warframetools.com/css/simple-backdoor.php' not found or unable to stat
[Thu Jul 08 00:22:40.815154 2021] [core:error] [pid 29334] [client 27.147.202.214:4128] AH00126: Invalid URI in request GET /css//../../../../../../../../windows/win.ini HTTP/1.1
[Thu Jul 08 00:22:41.107090 2021] [core:error] [pid 29324] [client 27.147.202.214:4142] AH00126: Invalid URI in request GET /css//../../../../../../../../windows/win.ini HTTP/1.1
[Thu Jul 08 00:22:41.129689 2021] [php7:error] [pid 29317] [client 27.147.202.214:1125] script '/var/www/html/warframetools.com/js/php.php' not found or unable to stat
[Thu Jul 08 00:22:41.162944 2021] [php7:error] [pid 29318] [client 27.147.202.214:7208] script '/var/www/html/warframetools.com/js/r57shell.php' not found or unable to stat
[Thu Jul 08 00:22:41.240658 2021] [core:error] [pid 29302] [client 27.147.202.214:6023] AH00126: Invalid URI in request GET /css//%2e%2e/%2e%2e/%2e%2e/%2e%2e/%2e%2e/%2e%2e/%2e%2e/%2e%2e/etc/passwd HTTP/1.1
[Thu Jul 08 00:22:41.397034 2021] [php7:error] [pid 29310] [client 27.147.202.214:4343] script '/var/www/html/warframetools.com/js/webadmin.php' not found or unable to stat
[Thu Jul 08 00:22:41.428546 2021] [php7:error] [pid 29317] [client 27.147.202.214:1125] script '/var/www/html/warframetools.com/js/i.php' not found or unable to stat
[Thu Jul 08 00:22:41.480013 2021] [php7:error] [pid 29318] [client 27.147.202.214:7208] script '/var/www/html/warframetools.com/js/r57.php' not found or unable to stat
[Thu Jul 08 00:22:41.551808 2021] [core:error] [pid 29019] [client 27.147.202.214:7274] AH00126: Invalid URI in request GET /css//%2e%2e/%2e%2e/%2e%2e/%2e%2e/%2e%2e/%2e%2e/%2e%2e/%2e%2e/windows/win.ini HTTP/1.1
[Thu Jul 08 00:22:41.722178 2021] [php7:error] [pid 29317] [client 27.147.202.214:1125] script '/var/www/html/warframetools.com/js/test.php' not found or unable to stat
[Thu Jul 08 00:22:41.774013 2021] [php7:error] [pid 29318] [client 27.147.202.214:7208] script '/var/www/html/warframetools.com/js/r58.php' not found or unable to stat
[Thu Jul 08 00:22:41.947231 2021] [core:error] [pid 29326] (36)File name too long: [client 27.147.202.214:4044] AH00036: access to /js/%c0%ae%c0%ae%c0%af%c0%ae%c0%ae%c0%af%c0%ae%c0%ae%c0%af%c0%ae%c0%ae%c0%af%c0%ae%c0%ae%c0%af%c0%ae%c0%ae%c0%af%c0%ae%c0%ae%c0%af%c0%ae%c0%ae%c0%af%c0%ae%c0%ae%c0%af%c0%ae%c0%ae%c0%af%c0%ae%c0%ae%c0%af%c0%ae%c0%ae%c0%af%c0%ae%c0%ae%c0%af%c0%ae%c0%ae%c0%af%c0%ae%c0%ae%c0%af%c0%ae%c0%ae%c0%af/etc/passwd failed (filesystem path '/var/www/html/warframetools.com/js/%c0%ae%c0%ae%c0%af%c0%ae%c0%ae%c0%af%c0%ae%c0%ae%c0%af%c0%ae%c0%ae%c0%af%c0%ae%c0%ae%c0%af%c0%ae%c0%ae%c0%af%c0%ae%c0%ae%c0%af%c0%ae%c0%ae%c0%af%c0%ae%c0%ae%c0%af%c0%ae%c0%ae%c0%af%c0%ae%c0%ae%c0%af%c0%ae%c0%ae%c0%af%c0%ae%c0%ae%c0%af%c0%ae%c0%ae%c0%af%c0%ae%c0%ae%c0%af%c0%ae%c0%ae%c0%af')
[Thu Jul 08 00:22:42.035646 2021] [php7:error] [pid 29210] [client 27.147.202.214:4176] script '/var/www/html/warframetools.com/js/temp.php' not found or unable to stat
[Thu Jul 08 00:22:42.097224 2021] [php7:error] [pid 29318] [client 27.147.202.214:7208] script '/var/www/html/warframetools.com/js/c99shell.php' not found or unable to stat
[Thu Jul 08 00:22:42.210986 2021] [core:error] [pid 29341] [client 27.147.202.214:4463] AH00126: Invalid URI in request GET /images/../../../../../../../../z/../../../../../../../../../etc/shells HTTP/1.1
[Thu Jul 08 00:22:42.356948 2021] [php7:error] [pid 29210] [client 27.147.202.214:4176] script '/var/www/html/warframetools.com/js/info.php' not found or unable to stat
[Thu Jul 08 00:22:42.409021 2021] [php7:error] [pid 29218] [client 27.147.202.214:6072] script '/var/www/html/warframetools.com/js/c99.php' not found or unable to stat
[Thu Jul 08 00:22:42.724670 2021] [core:error] [pid 29318] [client 27.147.202.214:7208] AH00126: Invalid URI in request GET /css//../../../../../../../../boot.ini HTTP/1.1
[Thu Jul 08 00:22:42.728802 2021] [php7:error] [pid 29218] [client 27.147.202.214:6072] script '/var/www/html/warframetools.com/js/nstview.php' not found or unable to stat
[Thu Jul 08 00:22:42.733624 2021] [core:error] [pid 29340] [client 27.147.202.214:6705] AH00126: Invalid URI in request GET /js//%2e%2e/%2e%2e/%2e%2e/%2e%2e/%2e%2e/%2e%2e/%2e%2e/%2e%2e/etc/passwd HTTP/1.1
[Thu Jul 08 00:22:43.060915 2021] [php7:error] [pid 29218] [client 27.147.202.214:6072] script '/var/www/html/warframetools.com/js/nst.php' not found or unable to stat
[Thu Jul 08 00:22:43.392257 2021] [php7:error] [pid 29218] [client 27.147.202.214:6072] script '/var/www/html/warframetools.com/js/rst.php' not found or unable to stat
[Thu Jul 08 00:22:43.489091 2021] [core:error] [pid 29369] [client 27.147.202.214:4072] AH00126: Invalid URI in request GET /js//%2e%2e/%2e%2e/%2e%2e/%2e%2e/%2e%2e/%2e%2e/%2e%2e/%2e%2e/windows/win.ini HTTP/1.1
[Thu Jul 08 00:22:43.724747 2021] [php7:error] [pid 29210] [client 27.147.202.214:4176] script '/var/www/html/warframetools.com/js/r57eng.php' not found or unable to stat
[Thu Jul 08 00:22:44.033782 2021] [php7:error] [pid 29417] [client 27.147.202.214:6746] script '/var/www/html/warframetools.com/js/shell.php' not found or unable to stat
[Thu Jul 08 00:22:44.266916 2021] [php7:error] [pid 28926] [client 27.147.202.214:6740] script '/var/www/html/warframetools.com/images/qk5fv8w7vq03.php' not found or unable to stat, referer: https://warframetools.com/
[Thu Jul 08 00:22:44.365855 2021] [php7:error] [pid 29417] [client 27.147.202.214:6746] script '/var/www/html/warframetools.com/js/dra.php' not found or unable to stat
[Thu Jul 08 00:22:44.655027 2021] [php7:error] [pid 29417] [client 27.147.202.214:6746] script '/var/www/html/warframetools.com/js/r.php' not found or unable to stat
[Thu Jul 08 00:22:44.951563 2021] [php7:error] [pid 29417] [client 27.147.202.214:6746] script '/var/www/html/warframetools.com/js/lol.php' not found or unable to stat
[Thu Jul 08 00:22:45.036365 2021] [core:error] [pid 29302] [client 27.147.202.214:6730] AH00126: Invalid URI in request GET /css//../../../../../../../../boot.ini HTTP/1.1
[Thu Jul 08 00:22:45.277014 2021] [php7:error] [pid 29417] [client 27.147.202.214:6746] script '/var/www/html/warframetools.com/js/zehir.php' not found or unable to stat
[Thu Jul 08 00:22:45.588639 2021] [php7:error] [pid 29417] [client 27.147.202.214:6746] script '/var/www/html/warframetools.com/js/c-h.v2.php' not found or unable to stat
[Thu Jul 08 00:22:45.881507 2021] [php7:error] [pid 29417] [client 27.147.202.214:6746] script '/var/www/html/warframetools.com/js/php-backdoor.php' not found or unable to stat
[Thu Jul 08 00:22:46.198912 2021] [php7:error] [pid 29417] [client 27.147.202.214:6746] script '/var/www/html/warframetools.com/js/simple-backdoor.php' not found or unable to stat
[Thu Jul 08 00:22:46.256522 2021] [php7:error] [pid 29341] [client 27.147.202.214:6745] script '/var/www/html/warframetools.com/moaYOHk5.php' not found or unable to stat, referer: https://warframetools.com/
[Thu Jul 08 00:22:46.552662 2021] [php7:error] [pid 29314] [client 27.147.202.214:1108] script '/var/www/html/warframetools.com/WFimageboard' AND 2*3*8=6*8 AND 'HcIc'='HcIc.php' not found or unable to stat, referer: https://warframetools.com/
[Thu Jul 08 00:22:46.746006 2021] [core:error] [pid 29319] (36)File name too long: [client 27.147.202.214:1124] AH00036: access to /js/%c0%ae%c0%ae%c0%af%c0%ae%c0%ae%c0%af%c0%ae%c0%ae%c0%af%c0%ae%c0%ae%c0%af%c0%ae%c0%ae%c0%af%c0%ae%c0%ae%c0%af%c0%ae%c0%ae%c0%af%c0%ae%c0%ae%c0%af%c0%ae%c0%ae%c0%af%c0%ae%c0%ae%c0%af%c0%ae%c0%ae%c0%af%c0%ae%c0%ae%c0%af%c0%ae%c0%ae%c0%af%c0%ae%c0%ae%c0%af%c0%ae%c0%ae%c0%af%c0%ae%c0%ae%c0%af/etc/passwd failed (filesystem path '/var/www/html/warframetools.com/js/%c0%ae%c0%ae%c0%af%c0%ae%c0%ae%c0%af%c0%ae%c0%ae%c0%af%c0%ae%c0%ae%c0%af%c0%ae%c0%ae%c0%af%c0%ae%c0%ae%c0%af%c0%ae%c0%ae%c0%af%c0%ae%c0%ae%c0%af%c0%ae%c0%ae%c0%af%c0%ae%c0%ae%c0%af%c0%ae%c0%ae%c0%af%c0%ae%c0%ae%c0%af%c0%ae%c0%ae%c0%af%c0%ae%c0%ae%c0%af%c0%ae%c0%ae%c0%af%c0%ae%c0%ae%c0%af')
[Thu Jul 08 00:22:46.877919 2021] [php7:error] [pid 29225] [client 27.147.202.214:6716] script '/var/www/html/warframetools.com/WFimageboard" AND 2*3*8=6*8 AND "Kzga"="Kzga.php' not found or unable to stat, referer: https://warframetools.com/
[Thu Jul 08 00:22:47.196187 2021] [php7:error] [pid 29225] [client 27.147.202.214:6716] script '/var/www/html/warframetools.com/WFimageboard%' AND 2*3*8=6*8 AND 'hcHE'!='hcHE%.php' not found or unable to stat, referer: https://warframetools.com/
[Thu Jul 08 00:22:47.522215 2021] [php7:error] [pid 29333] [client 27.147.202.214:1112] script '/var/www/html/warframetools.com/-1 OR 2+460-460-1=0+0+0+1.php' not found or unable to stat, referer: https://warframetools.com/
[Thu Jul 08 00:22:47.836368 2021] [php7:error] [pid 29359] [client 27.147.202.214:6739] script '/var/www/html/warframetools.com/-1 OR 3+460-460-1=0+0+0+1.php' not found or unable to stat, referer: https://warframetools.com/
