[Thu Jul 08 00:26:35.822929 2021] [http:error] [pid 29647] [client 27.147.202.214:1940] AH02430: Response header 'Location' value of 'https://wiki.justinbodnar.com/\n.example.com' contains invalid characters, aborting request
[Thu Jul 08 00:26:36.181178 2021] [php7:error] [pid 29687] [client 27.147.202.214:1918] script '/var/www/html/wiki.justinbodnar.com/adminer-4.6.0-mysql-en.php' not found or unable to stat, referer: https://wiki.justinbodnar.com/
[Thu Jul 08 00:26:36.284136 2021] [php7:error] [pid 29819] [client 27.147.202.214:1916] script '/var/www/html/wiki.justinbodnar.com/adminer-4.6.0.php' not found or unable to stat, referer: https://wiki.justinbodnar.com/
[Thu Jul 08 00:26:36.452500 2021] [php7:error] [pid 29775] [client 27.147.202.214:1913] script '/var/www/html/wiki.justinbodnar.com/adminer-4.5.0-mysql-en.php' not found or unable to stat, referer: https://wiki.justinbodnar.com/
[Thu Jul 08 00:26:36.636486 2021] [php7:error] [pid 29607] [client 27.147.202.214:1894] script '/var/www/html/wiki.justinbodnar.com/adminer-4.2.5-mysql-en.php' not found or unable to stat, referer: https://wiki.justinbodnar.com/
[Thu Jul 08 00:26:36.645188 2021] [php7:error] [pid 29695] [client 27.147.202.214:1895] script '/var/www/html/wiki.justinbodnar.com/adminer-4.2.5-mysql.php' not found or unable to stat, referer: https://wiki.justinbodnar.com/
[Thu Jul 08 00:26:36.656441 2021] [php7:error] [pid 29708] [client 27.147.202.214:1891] script '/var/www/html/wiki.justinbodnar.com/Adminer.php' not found or unable to stat, referer: https://wiki.justinbodnar.com/
[Thu Jul 08 00:26:36.666084 2021] [php7:error] [pid 29697] [client 27.147.202.214:1893] script '/var/www/html/wiki.justinbodnar.com/adminer-4.2.5-en.php' not found or unable to stat, referer: https://wiki.justinbodnar.com/
[Thu Jul 08 00:26:36.677453 2021] [php7:error] [pid 29780] [client 27.147.202.214:1888] script '/var/www/html/wiki.justinbodnar.com/adminer.php' not found or unable to stat, referer: https://wiki.justinbodnar.com/
[Thu Jul 08 00:26:36.764281 2021] [php7:error] [pid 29732] [client 27.147.202.214:1897] script '/var/www/html/wiki.justinbodnar.com/adminer-4.3.0-en.php' not found or unable to stat, referer: https://wiki.justinbodnar.com/
[Thu Jul 08 00:26:36.920532 2021] [php7:error] [pid 29672] [client 27.147.202.214:1926] script '/var/www/html/wiki.justinbodnar.com/adminer-4.6.2-en.php' not found or unable to stat, referer: https://wiki.justinbodnar.com/
[Thu Jul 08 00:26:37.054937 2021] [php7:error] [pid 29771] [client 27.147.202.214:1908] script '/var/www/html/wiki.justinbodnar.com/adminer-4.4.0-mysql-en.php' not found or unable to stat, referer: https://wiki.justinbodnar.com/
[Thu Jul 08 00:26:37.110820 2021] [php7:error] [pid 29711] [client 27.147.202.214:1909] script '/var/www/html/wiki.justinbodnar.com/adminer-4.4.0-mysql.php' not found or unable to stat, referer: https://wiki.justinbodnar.com/
[Thu Jul 08 00:26:37.195227 2021] [php7:error] [pid 29686] [client 27.147.202.214:1910] script '/var/www/html/wiki.justinbodnar.com/adminer-4.5.0.php' not found or unable to stat, referer: https://wiki.justinbodnar.com/
[Thu Jul 08 00:26:37.211543 2021] [php7:error] [pid 29678] [client 27.147.202.214:1903] script '/var/www/html/wiki.justinbodnar.com/adminer-4.3.1-mysql-en.php' not found or unable to stat, referer: https://wiki.justinbodnar.com/
[Thu Jul 08 00:26:37.223184 2021] [php7:error] [pid 29722] [client 27.147.202.214:1887] script '/var/www/html/wiki.justinbodnar.com/_adminer.php' not found or unable to stat, referer: https://wiki.justinbodnar.com/
[Thu Jul 08 00:26:37.253625 2021] [php7:error] [pid 29531] [client 27.147.202.214:1902] script '/var/www/html/wiki.justinbodnar.com/adminer-4.3.1-en.php' not found or unable to stat, referer: https://wiki.justinbodnar.com/
[Thu Jul 08 00:26:37.440097 2021] [php7:error] [pid 29721] [client 27.147.202.214:1919] script '/var/www/html/wiki.justinbodnar.com/adminer-4.6.0-mysql.php' not found or unable to stat, referer: https://wiki.justinbodnar.com/
[Thu Jul 08 00:26:37.445724 2021] [php7:error] [pid 29527] [client 27.147.202.214:1917] script '/var/www/html/wiki.justinbodnar.com/adminer-4.6.0-en.php' not found or unable to stat, referer: https://wiki.justinbodnar.com/
[Thu Jul 08 00:26:37.459321 2021] [php7:error] [pid 29358] [client 27.147.202.214:1904] script '/var/www/html/wiki.justinbodnar.com/adminer-4.3.1-mysql.php' not found or unable to stat, referer: https://wiki.justinbodnar.com/
[Thu Jul 08 00:26:37.703589 2021] [php7:error] [pid 29821] [client 27.147.202.214:1928] script '/var/www/html/wiki.justinbodnar.com/adminer-4.6.2-mysql-en.php' not found or unable to stat, referer: https://wiki.justinbodnar.com/
[Thu Jul 08 00:26:37.708746 2021] [php7:error] [pid 29820] [client 27.147.202.214:1896] script '/var/www/html/wiki.justinbodnar.com/adminer-4.3.0.php' not found or unable to stat, referer: https://wiki.justinbodnar.com/
[Thu Jul 08 00:26:37.709883 2021] [php7:error] [pid 29679] [client 27.147.202.214:1883] script '/var/www/html/wiki.justinbodnar.com/bitrix_server_test.php' not found or unable to stat
[Thu Jul 08 00:26:37.916098 2021] [php7:error] [pid 29669] [client 27.147.202.214:1890] script '/var/www/html/wiki.justinbodnar.com/ad.php' not found or unable to stat, referer: https://wiki.justinbodnar.com/
[Thu Jul 08 00:26:38.243166 2021] [php7:error] [pid 29557] [client 27.147.202.214:1901] script '/var/www/html/wiki.justinbodnar.com/adminer-4.3.1.php' not found or unable to stat, referer: https://wiki.justinbodnar.com/
[Thu Jul 08 00:26:38.327432 2021] [php7:error] [pid 29823] [client 27.147.202.214:1907] script '/var/www/html/wiki.justinbodnar.com/adminer-4.4.0-en.php' not found or unable to stat, referer: https://wiki.justinbodnar.com/
[Thu Jul 08 00:26:38.674814 2021] [php7:error] [pid 29719] [client 27.147.202.214:1923] script '/var/www/html/wiki.justinbodnar.com/adminer-4.6.1-mysql-en.php' not found or unable to stat, referer: https://wiki.justinbodnar.com/
[Thu Jul 08 00:26:38.738091 2021] [php7:error] [pid 29825] [client 27.147.202.214:1898] script '/var/www/html/wiki.justinbodnar.com/adminer-4.3.0-mysql-en.php' not found or unable to stat, referer: https://wiki.justinbodnar.com/
[Thu Jul 08 00:26:39.263412 2021] [negotiation:error] [pid 29659] [client 27.147.202.214:2848] AH00687: Negotiation: discovered file(s) matching request: /var/www/html/wiki.justinbodnar.com/api (None could be negotiated).
[Thu Jul 08 00:26:39.457980 2021] [php7:error] [pid 29649] [client 27.147.202.214:1925] script '/var/www/html/wiki.justinbodnar.com/adminer-4.6.2.php' not found or unable to stat, referer: https://wiki.justinbodnar.com/
[Thu Jul 08 00:26:39.669653 2021] [php7:error] [pid 29192] [client 27.147.202.214:1911] script '/var/www/html/wiki.justinbodnar.com/adminer-4.5.0-en.php' not found or unable to stat, referer: https://wiki.justinbodnar.com/
[Thu Jul 08 00:26:39.950536 2021] [php7:error] [pid 29589] [client 27.147.202.214:1921] script '/var/www/html/wiki.justinbodnar.com/adminer-4.6.1-en.php' not found or unable to stat, referer: https://wiki.justinbodnar.com/
[Thu Jul 08 00:26:40.293878 2021] [negotiation:error] [pid 29722] [client 27.147.202.214:1887] AH00687: Negotiation: discovered file(s) matching request: /var/www/html/wiki.justinbodnar.com/api (None could be negotiated)., referer: https://wiki.justinbodnar.com/
[Thu Jul 08 00:26:40.297339 2021] [negotiation:error] [pid 29780] [client 27.147.202.214:1888] AH00687: Negotiation: discovered file(s) matching request: /var/www/html/wiki.justinbodnar.com/api (None could be negotiated)., referer: https://wiki.justinbodnar.com/
[Thu Jul 08 00:26:40.297542 2021] [negotiation:error] [pid 29647] [client 27.147.202.214:1886] AH00687: Negotiation: discovered file(s) matching request: /var/www/html/wiki.justinbodnar.com/api (None could be negotiated)., referer: https://wiki.justinbodnar.com/
[Thu Jul 08 00:26:40.298962 2021] [negotiation:error] [pid 29669] [client 27.147.202.214:1890] AH00687: Negotiation: discovered file(s) matching request: /var/www/html/wiki.justinbodnar.com/api (None could be negotiated)., referer: https://wiki.justinbodnar.com/
[Thu Jul 08 00:26:40.314952 2021] [php7:error] [pid 29652] [client 27.147.202.214:1889] script '/var/www/html/wiki.justinbodnar.com/ad.php' not found or unable to stat, referer: https://wiki.justinbodnar.com/
[Thu Jul 08 00:26:40.399248 2021] [php7:error] [pid 29643] [client 27.147.202.214:1892] script '/var/www/html/wiki.justinbodnar.com/adminer-4.2.5.php' not found or unable to stat, referer: https://wiki.justinbodnar.com/
[Thu Jul 08 00:26:40.430700 2021] [php7:error] [pid 29651] [client 27.147.202.214:1899] script '/var/www/html/wiki.justinbodnar.com/adminer-4.3.0-mysql.php' not found or unable to stat, referer: https://wiki.justinbodnar.com/
[Thu Jul 08 00:26:40.601731 2021] [core:error] [pid 29640] [client 27.147.202.214:2847] AH00126: Invalid URI in request GET /static/../../../../../../../../../../../etc/shells HTTP/1.1
[Thu Jul 08 00:26:40.602370 2021] [php7:error] [pid 29828] [client 27.147.202.214:1914] script '/var/www/html/wiki.justinbodnar.com/adminer-4.5.0-mysql.php' not found or unable to stat, referer: https://wiki.justinbodnar.com/
[Thu Jul 08 00:26:40.769795 2021] [php7:error] [pid 29829] [client 27.147.202.214:1924] script '/var/www/html/wiki.justinbodnar.com/adminer-4.6.1-mysql.php' not found or unable to stat, referer: https://wiki.justinbodnar.com/
[Thu Jul 08 00:26:41.340293 2021] [php7:error] [pid 29827] [client 27.147.202.214:1906] script '/var/www/html/wiki.justinbodnar.com/adminer-4.4.0.php' not found or unable to stat, referer: https://wiki.justinbodnar.com/
[Thu Jul 08 00:26:41.515516 2021] [php7:error] [pid 29826] [client 27.147.202.214:1929] script '/var/www/html/wiki.justinbodnar.com/adminer-4.6.2-mysql.php' not found or unable to stat, referer: https://wiki.justinbodnar.com/
[Thu Jul 08 00:26:41.537406 2021] [php7:error] [pid 29659] [client 27.147.202.214:2848] script '/var/www/html/wiki.justinbodnar.com/opcache.php' not found or unable to stat
[Thu Jul 08 00:26:41.821970 2021] [php7:error] [pid 29679] [client 27.147.202.214:1883] script '/var/www/html/wiki.justinbodnar.com/opcache.php' not found or unable to stat
[Thu Jul 08 00:26:42.434619 2021] [php7:error] [pid 29677] [client 27.147.202.214:1920] script '/var/www/html/wiki.justinbodnar.com/adminer-4.6.1.php' not found or unable to stat, referer: https://wiki.justinbodnar.com/
[Thu Jul 08 00:26:42.465166 2021] [access_compat:error] [pid 29679] [client 27.147.202.214:1883] AH01797: client denied by server configuration: /var/www/html/wiki.justinbodnar.com/vendor/amnuts
[Thu Jul 08 00:26:43.433678 2021] [core:error] [pid 29647] [client 27.147.202.214:1886] AH00126: Invalid URI in request GET /%2e%2e/index.js HTTP/1.1
[Thu Jul 08 00:26:43.744387 2021] [core:error] [pid 29669] [client 27.147.202.214:1890] AH00126: Invalid URI in request GET /%2e%2e/debug.js HTTP/1.1
[Thu Jul 08 00:26:44.070088 2021] [core:error] [pid 29192] [client 27.147.202.214:1911] AH00126: Invalid URI in request GET /%2e%2e/release.js HTTP/1.1
[Thu Jul 08 00:26:46.339059 2021] [core:error] [pid 29651] [client 27.147.202.214:1899] AH00126: Invalid URI in request GET @uri1.hit029101953599352.group.bxss.me/ HTTP/1.1
[Thu Jul 08 00:26:47.296798 2021] [core:error] [pid 29844] [client 27.147.202.214:1960] AH00126: Invalid URI in request GET .uri3.hit029101953599352.group.bxss.me/ HTTP/1.1
[Thu Jul 08 00:26:48.902885 2021] [php7:error] [pid 29647] [client 27.147.202.214:2376] script '/var/www/html/wiki.justinbodnar.com/coredumpcheck.php' not found or unable to stat
[Thu Jul 08 00:26:48.966240 2021] [http:error] [pid 29876] [client 27.147.202.214:2385] AH02430: Response header 'Location' value of 'https://wiki.justinbodnar.com/\r\nheadername: headervalue' contains invalid characters, aborting request
[Thu Jul 08 00:26:49.591451 2021] [authz_core:error] [pid 29872] [client 27.147.202.214:2378] AH01630: client denied by server configuration: /var/www/html/wiki.justinbodnar.com/server-status
[Thu Jul 08 00:26:50.109067 2021] [php7:error] [pid 29826] [client 27.147.202.214:1929] script '/var/www/html/wiki.justinbodnar.com/loader-wizard.php' not found or unable to stat
[Thu Jul 08 00:26:50.112481 2021] [http:error] [pid 29719] [client 27.147.202.214:2380] AH02430: Response header 'Location' value of 'https://wiki.justinbodnar.com/\r\theadername: headervalue' contains invalid characters, aborting request
[Thu Jul 08 00:26:50.732669 2021] [http:error] [pid 29531] [client 27.147.202.214:11032] AH02430: Response header 'Location' value of 'https://wiki.justinbodnar.com/\nheadername: headervalue' contains invalid characters, aborting request
[Thu Jul 08 00:26:51.342609 2021] [http:error] [pid 29858] [client 27.147.202.214:11065] AH02430: Response header 'Location' value of 'https://wiki.justinbodnar.com/\rheadername: headervalue' contains invalid characters, aborting request
[Thu Jul 08 00:26:51.794744 2021] [negotiation:error] [pid 29826] [client 27.147.202.214:1929] AH00687: Negotiation: discovered file(s) matching request: /var/www/html/wiki.justinbodnar.com/api (None could be negotiated).
[Thu Jul 08 00:26:51.968735 2021] [http:error] [pid 29864] [client 27.147.202.214:11095] AH02430: Response header 'Location' value of 'https://wiki.justinbodnar.com/~\r\nheadername: headervalue' contains invalid characters, aborting request
[Thu Jul 08 00:26:53.340479 2021] [negotiation:error] [pid 29824] [client 27.147.202.214:2239] AH00687: Negotiation: discovered file(s) matching request: /var/www/html/wiki.justinbodnar.com/api (None could be negotiated).
[Thu Jul 08 00:26:53.718860 2021] [access_compat:error] [pid 29691] [client 27.147.202.214:2469] AH01797: client denied by server configuration: /var/www/html/wiki.justinbodnar.com/vendor/phpunit
[Thu Jul 08 00:26:54.424670 2021] [authz_core:error] [pid 29612] [client 27.147.202.214:2444] AH01630: client denied by server configuration: /var/www/html/wiki.justinbodnar.com/server-status
[Thu Jul 08 00:26:54.575033 2021] [core:error] [pid 29654] [client 27.147.202.214:1881] AH00126: Invalid URI in request GET @bxss.me/rpb.png HTTP/1.1
[Thu Jul 08 00:26:55.850480 2021] [core:error] [pid 29687] [client 27.147.202.214:13129] AH00126: Invalid URI in request GET /sdk/../../../../../../../../../../../../../etc/passwd HTTP/1.1
[Thu Jul 08 00:26:57.414250 2021] [core:error] [pid 29830] [client 27.147.202.214:4037] AH00126: Invalid URI in request GET /../../../../../../../../z/../../../../../../../../../etc/shells HTTP/1.1
[Thu Jul 08 00:26:58.234599 2021] [php7:error] [pid 29697] [client 27.147.202.214:4066] script '/var/www/html/wiki.justinbodnar.com/w2seih3oi97b.php' not found or unable to stat, referer: https://wiki.justinbodnar.com/
[Thu Jul 08 00:27:10.751134 2021] [authz_core:error] [pid 29557] [client 27.147.202.214:10506] AH01630: client denied by server configuration: /var/www/html/wiki.justinbodnar.com/.htaccess
[Thu Jul 08 00:27:10.886776 2021] [php7:error] [pid 29650] [client 27.147.202.214:4078] script '/var/www/html/wiki.justinbodnar.com/apc.php' not found or unable to stat
[Thu Jul 08 00:27:11.888700 2021] [php7:error] [pid 29650] [client 27.147.202.214:4078] script '/var/www/html/wiki.justinbodnar.com/webadmin.php' not found or unable to stat
[Thu Jul 08 00:27:11.900008 2021] [php7:error] [pid 29652] [client 27.147.202.214:4077] script '/var/www/html/wiki.justinbodnar.com/phpinfo.php' not found or unable to stat
[Thu Jul 08 00:27:13.025123 2021] [php7:error] [pid 29652] [client 27.147.202.214:4077] script '/var/www/html/wiki.justinbodnar.com/pi.php' not found or unable to stat
[Thu Jul 08 00:27:13.642428 2021] [php7:error] [pid 29652] [client 27.147.202.214:4077] script '/var/www/html/wiki.justinbodnar.com/php.php' not found or unable to stat
[Thu Jul 08 00:27:13.957409 2021] [php7:error] [pid 29652] [client 27.147.202.214:4077] script '/var/www/html/wiki.justinbodnar.com/i.php' not found or unable to stat
[Thu Jul 08 00:27:14.535848 2021] [php7:error] [pid 29819] [client 27.147.202.214:4074] script '/var/www/html/wiki.justinbodnar.com/r57shell.php' not found or unable to stat
[Thu Jul 08 00:27:14.771497 2021] [php7:error] [pid 29652] [client 27.147.202.214:4077] script '/var/www/html/wiki.justinbodnar.com/test.php' not found or unable to stat
[Thu Jul 08 00:27:14.862052 2021] [php7:error] [pid 29819] [client 27.147.202.214:4074] script '/var/www/html/wiki.justinbodnar.com/r57.php' not found or unable to stat
[Thu Jul 08 00:27:15.077331 2021] [php7:error] [pid 29652] [client 27.147.202.214:4077] script '/var/www/html/wiki.justinbodnar.com/temp.php' not found or unable to stat
[Thu Jul 08 00:27:15.180531 2021] [php7:error] [pid 29819] [client 27.147.202.214:4074] script '/var/www/html/wiki.justinbodnar.com/r58.php' not found or unable to stat
[Thu Jul 08 00:27:15.373884 2021] [php7:error] [pid 29652] [client 27.147.202.214:4077] script '/var/www/html/wiki.justinbodnar.com/info.php' not found or unable to stat
[Thu Jul 08 00:27:15.502714 2021] [php7:error] [pid 29819] [client 27.147.202.214:4074] script '/var/www/html/wiki.justinbodnar.com/c99shell.php' not found or unable to stat
[Thu Jul 08 00:27:15.796093 2021] [php7:error] [pid 29872] [client 27.147.202.214:4076] script '/var/www/html/wiki.justinbodnar.com/c99.php' not found or unable to stat
[Thu Jul 08 00:27:16.083119 2021] [php7:error] [pid 29872] [client 27.147.202.214:4076] script '/var/www/html/wiki.justinbodnar.com/nstview.php' not found or unable to stat
[Thu Jul 08 00:27:16.387790 2021] [php7:error] [pid 29872] [client 27.147.202.214:4076] script '/var/www/html/wiki.justinbodnar.com/nst.php' not found or unable to stat
[Thu Jul 08 00:27:16.692051 2021] [php7:error] [pid 29872] [client 27.147.202.214:4076] script '/var/www/html/wiki.justinbodnar.com/rst.php' not found or unable to stat
[Thu Jul 08 00:27:16.998860 2021] [php7:error] [pid 29872] [client 27.147.202.214:4076] script '/var/www/html/wiki.justinbodnar.com/r57eng.php' not found or unable to stat
[Thu Jul 08 00:27:17.304472 2021] [php7:error] [pid 29872] [client 27.147.202.214:4076] script '/var/www/html/wiki.justinbodnar.com/shell.php' not found or unable to stat
[Thu Jul 08 00:27:17.596575 2021] [php7:error] [pid 29652] [client 27.147.202.214:4077] script '/var/www/html/wiki.justinbodnar.com/dra.php' not found or unable to stat
[Thu Jul 08 00:27:17.880508 2021] [php7:error] [pid 29652] [client 27.147.202.214:4077] script '/var/www/html/wiki.justinbodnar.com/r.php' not found or unable to stat
[Thu Jul 08 00:27:18.186317 2021] [php7:error] [pid 29652] [client 27.147.202.214:4077] script '/var/www/html/wiki.justinbodnar.com/lol.php' not found or unable to stat
[Thu Jul 08 00:27:18.494856 2021] [php7:error] [pid 29650] [client 27.147.202.214:4078] script '/var/www/html/wiki.justinbodnar.com/zehir.php' not found or unable to stat
[Thu Jul 08 00:27:18.796507 2021] [php7:error] [pid 29650] [client 27.147.202.214:4078] script '/var/www/html/wiki.justinbodnar.com/c-h.v2.php' not found or unable to stat
[Thu Jul 08 00:27:19.113222 2021] [php7:error] [pid 29650] [client 27.147.202.214:4078] script '/var/www/html/wiki.justinbodnar.com/php-backdoor.php' not found or unable to stat
[Thu Jul 08 00:27:19.423788 2021] [php7:error] [pid 29650] [client 27.147.202.214:4078] script '/var/www/html/wiki.justinbodnar.com/simple-backdoor.php' not found or unable to stat
[Thu Jul 08 00:27:36.697134 2021] [authz_core:error] [pid 29643] [client 27.147.202.214:1892] AH01630: client denied by server configuration: /var/www/html/wiki.justinbodnar.com/.htaccess~
[Thu Jul 08 00:27:36.992047 2021] [authz_core:error] [pid 29643] [client 27.147.202.214:1892] AH01630: client denied by server configuration: /var/www/html/wiki.justinbodnar.com/.htaccess.old
[Thu Jul 08 00:27:37.396077 2021] [negotiation:error] [pid 29192] [client 27.147.202.214:2918] AH00687: Negotiation: discovered file(s) matching request: /var/www/html/wiki.justinbodnar.com/api (None could be negotiated).
[Thu Jul 08 00:27:37.901616 2021] [authz_core:error] [pid 29959] [client 27.147.202.214:2952] AH01630: client denied by server configuration: /var/www/html/wiki.justinbodnar.com/.htaccess.save
[Thu Jul 08 00:27:38.113756 2021] [php7:error] [pid 29680] [client 27.147.202.214:2924] script '/var/www/html/wiki.justinbodnar.com/app_dev.php' not found or unable to stat
[Thu Jul 08 00:27:46.933603 2021] [php7:error] [pid 29680] [client 27.147.202.214:2924] script '/var/www/html/wiki.justinbodnar.com/login.php' not found or unable to stat
[Thu Jul 08 00:28:52.533446 2021] [php7:error] [pid 30191] [client 27.147.202.214:10433] script '/var/www/html/wiki.justinbodnar.com/resources/vlgijkuolua3.php' not found or unable to stat, referer: https://wiki.justinbodnar.com/
[Thu Jul 08 00:28:57.558620 2021] [core:error] [pid 29995] [client 27.147.202.214:12217] AH00126: Invalid URI in request GET /resources/../../../../../../../../z/../../../../../../../../../etc/shells HTTP/1.1
[Thu Jul 08 00:29:01.877475 2021] [php7:error] [pid 30035] [client 27.147.202.214:10567] script '/var/www/html/wiki.justinbodnar.com/resources/r57shell.php' not found or unable to stat
[Thu Jul 08 00:29:02.203761 2021] [php7:error] [pid 30035] [client 27.147.202.214:10567] script '/var/www/html/wiki.justinbodnar.com/resources/r57.php' not found or unable to stat
[Thu Jul 08 00:29:02.510688 2021] [php7:error] [pid 30035] [client 27.147.202.214:10567] script '/var/www/html/wiki.justinbodnar.com/resources/r58.php' not found or unable to stat
[Thu Jul 08 00:29:02.737215 2021] [php7:error] [pid 30037] [client 27.147.202.214:10575] script '/var/www/html/wiki.justinbodnar.com/resources/webadmin.php' not found or unable to stat
[Thu Jul 08 00:29:02.833967 2021] [php7:error] [pid 29863] [client 27.147.202.214:10443] script '/var/www/html/wiki.justinbodnar.com/resources/c99shell.php' not found or unable to stat
[Thu Jul 08 00:29:03.148134 2021] [php7:error] [pid 29863] [client 27.147.202.214:10443] script '/var/www/html/wiki.justinbodnar.com/resources/c99.php' not found or unable to stat
[Thu Jul 08 00:29:04.047883 2021] [php7:error] [pid 29863] [client 27.147.202.214:10443] script '/var/www/html/wiki.justinbodnar.com/resources/nstview.php' not found or unable to stat
[Thu Jul 08 00:29:04.370127 2021] [php7:error] [pid 29863] [client 27.147.202.214:10443] script '/var/www/html/wiki.justinbodnar.com/resources/nst.php' not found or unable to stat
[Thu Jul 08 00:29:04.693467 2021] [php7:error] [pid 29863] [client 27.147.202.214:10443] script '/var/www/html/wiki.justinbodnar.com/resources/rst.php' not found or unable to stat
[Thu Jul 08 00:29:04.999622 2021] [php7:error] [pid 29863] [client 27.147.202.214:10443] script '/var/www/html/wiki.justinbodnar.com/resources/r57eng.php' not found or unable to stat
[Thu Jul 08 00:29:05.313288 2021] [php7:error] [pid 29863] [client 27.147.202.214:10443] script '/var/www/html/wiki.justinbodnar.com/resources/shell.php' not found or unable to stat
[Thu Jul 08 00:29:06.166699 2021] [php7:error] [pid 29863] [client 27.147.202.214:10443] script '/var/www/html/wiki.justinbodnar.com/resources/dra.php' not found or unable to stat
[Thu Jul 08 00:29:06.482754 2021] [php7:error] [pid 29863] [client 27.147.202.214:10443] script '/var/www/html/wiki.justinbodnar.com/resources/r.php' not found or unable to stat
[Thu Jul 08 00:29:06.801341 2021] [php7:error] [pid 29557] [client 27.147.202.214:10667] script '/var/www/html/wiki.justinbodnar.com/resources/lol.php' not found or unable to stat
[Thu Jul 08 00:29:07.110269 2021] [php7:error] [pid 29557] [client 27.147.202.214:10667] script '/var/www/html/wiki.justinbodnar.com/resources/zehir.php' not found or unable to stat
[Thu Jul 08 00:29:07.392232 2021] [php7:error] [pid 29650] [client 27.147.202.214:7311] script '/var/www/html/wiki.justinbodnar.com/resources/lib/sbl2o2k5ibzu.php' not found or unable to stat, referer: https://wiki.justinbodnar.com/
[Thu Jul 08 00:29:07.411532 2021] [php7:error] [pid 29557] [client 27.147.202.214:10667] script '/var/www/html/wiki.justinbodnar.com/resources/c-h.v2.php' not found or unable to stat
[Thu Jul 08 00:29:07.732337 2021] [php7:error] [pid 29557] [client 27.147.202.214:10667] script '/var/www/html/wiki.justinbodnar.com/resources/php-backdoor.php' not found or unable to stat
[Thu Jul 08 00:29:08.038873 2021] [php7:error] [pid 29557] [client 27.147.202.214:10667] script '/var/www/html/wiki.justinbodnar.com/resources/simple-backdoor.php' not found or unable to stat
[Thu Jul 08 00:29:12.237299 2021] [php7:error] [pid 29963] [client 27.147.202.214:13392] script '/var/www/html/wiki.justinbodnar.com/resources/lib/html5shiv/jpmogw5j8aqx.php' not found or unable to stat, referer: https://wiki.justinbodnar.com/
[Thu Jul 08 00:29:16.651009 2021] [php7:error] [pid 29771] [client 27.147.202.214:10563] script '/var/www/html/wiki.justinbodnar.com/resources/apc.php' not found or unable to stat
[Thu Jul 08 00:29:18.571159 2021] [authz_core:error] [pid 29992] [client 27.147.202.214:10565] AH01630: client denied by server configuration: /var/www/html/wiki.justinbodnar.com/resources/.htaccess
[Thu Jul 08 00:29:19.457813 2021] [php7:error] [pid 30029] [client 27.147.202.214:13804] script '/var/www/html/wiki.justinbodnar.com/resources/phpinfo.php' not found or unable to stat
[Thu Jul 08 00:29:20.074831 2021] [php7:error] [pid 30029] [client 27.147.202.214:13804] script '/var/www/html/wiki.justinbodnar.com/resources/pi.php' not found or unable to stat
[Thu Jul 08 00:29:20.379795 2021] [php7:error] [pid 30219] [client 27.147.202.214:13793] script '/var/www/html/wiki.justinbodnar.com/resources/lib/apc.php' not found or unable to stat
[Thu Jul 08 00:29:20.700356 2021] [php7:error] [pid 30029] [client 27.147.202.214:13804] script '/var/www/html/wiki.justinbodnar.com/resources/php.php' not found or unable to stat
[Thu Jul 08 00:29:21.028649 2021] [php7:error] [pid 30219] [client 27.147.202.214:13793] script '/var/www/html/wiki.justinbodnar.com/resources/i.php' not found or unable to stat
[Thu Jul 08 00:29:21.336056 2021] [php7:error] [pid 30219] [client 27.147.202.214:13793] script '/var/www/html/wiki.justinbodnar.com/resources/test.php' not found or unable to stat
[Thu Jul 08 00:29:21.645807 2021] [php7:error] [pid 30219] [client 27.147.202.214:13793] script '/var/www/html/wiki.justinbodnar.com/resources/temp.php' not found or unable to stat
[Thu Jul 08 00:29:21.948733 2021] [php7:error] [pid 30191] [client 27.147.202.214:10433] script '/var/www/html/wiki.justinbodnar.com/resources/info.php' not found or unable to stat
[Thu Jul 08 00:29:22.277452 2021] [authz_core:error] [pid 30191] [client 27.147.202.214:10433] AH01630: client denied by server configuration: /var/www/html/wiki.justinbodnar.com/resources/lib/.htaccess
[Thu Jul 08 00:29:23.090029 2021] [php7:error] [pid 30026] [client 27.147.202.214:10561] script '/var/www/html/wiki.justinbodnar.com/resources/lib/phpinfo.php' not found or unable to stat
[Thu Jul 08 00:29:23.563410 2021] [php7:error] [pid 30025] [client 27.147.202.214:10569] script '/var/www/html/wiki.justinbodnar.com/resources/lib/r57shell.php' not found or unable to stat
[Thu Jul 08 00:29:23.616843 2021] [php7:error] [pid 30220] [client 27.147.202.214:10431] script '/var/www/html/wiki.justinbodnar.com/resources/lib/webadmin.php' not found or unable to stat
[Thu Jul 08 00:29:23.710710 2021] [php7:error] [pid 30026] [client 27.147.202.214:10561] script '/var/www/html/wiki.justinbodnar.com/resources/lib/pi.php' not found or unable to stat
[Thu Jul 08 00:29:23.882196 2021] [php7:error] [pid 30025] [client 27.147.202.214:10569] script '/var/www/html/wiki.justinbodnar.com/resources/lib/r57.php' not found or unable to stat
[Thu Jul 08 00:29:24.200165 2021] [php7:error] [pid 30025] [client 27.147.202.214:10569] script '/var/www/html/wiki.justinbodnar.com/resources/lib/r58.php' not found or unable to stat
[Thu Jul 08 00:29:24.251602 2021] [php7:error] [pid 29612] [client 27.147.202.214:13662] script '/var/www/html/wiki.justinbodnar.com/resources/lib/html5shiv/apc.php' not found or unable to stat
[Thu Jul 08 00:29:24.355303 2021] [php7:error] [pid 29721] [client 27.147.202.214:13792] script '/var/www/html/wiki.justinbodnar.com/resources/lib/php.php' not found or unable to stat
[Thu Jul 08 00:29:24.512059 2021] [php7:error] [pid 30025] [client 27.147.202.214:10569] script '/var/www/html/wiki.justinbodnar.com/resources/lib/c99shell.php' not found or unable to stat
[Thu Jul 08 00:29:24.680726 2021] [php7:error] [pid 29721] [client 27.147.202.214:13792] script '/var/www/html/wiki.justinbodnar.com/resources/lib/i.php' not found or unable to stat
[Thu Jul 08 00:29:24.838253 2021] [php7:error] [pid 30025] [client 27.147.202.214:10569] script '/var/www/html/wiki.justinbodnar.com/resources/lib/c99.php' not found or unable to stat
[Thu Jul 08 00:29:25.001750 2021] [php7:error] [pid 29721] [client 27.147.202.214:13792] script '/var/www/html/wiki.justinbodnar.com/resources/lib/test.php' not found or unable to stat
[Thu Jul 08 00:29:25.153515 2021] [php7:error] [pid 30025] [client 27.147.202.214:10569] script '/var/www/html/wiki.justinbodnar.com/resources/lib/nstview.php' not found or unable to stat
[Thu Jul 08 00:29:25.316340 2021] [php7:error] [pid 29721] [client 27.147.202.214:13792] script '/var/www/html/wiki.justinbodnar.com/resources/lib/temp.php' not found or unable to stat
[Thu Jul 08 00:29:25.434567 2021] [php7:error] [pid 30025] [client 27.147.202.214:10569] script '/var/www/html/wiki.justinbodnar.com/resources/lib/nst.php' not found or unable to stat
[Thu Jul 08 00:29:25.639119 2021] [php7:error] [pid 29721] [client 27.147.202.214:13792] script '/var/www/html/wiki.justinbodnar.com/resources/lib/info.php' not found or unable to stat
[Thu Jul 08 00:29:25.749866 2021] [php7:error] [pid 30025] [client 27.147.202.214:10569] script '/var/www/html/wiki.justinbodnar.com/resources/lib/rst.php' not found or unable to stat
[Thu Jul 08 00:29:26.048599 2021] [php7:error] [pid 30025] [client 27.147.202.214:10569] script '/var/www/html/wiki.justinbodnar.com/resources/lib/r57eng.php' not found or unable to stat
[Thu Jul 08 00:29:26.355650 2021] [php7:error] [pid 30191] [client 27.147.202.214:10433] script '/var/www/html/wiki.justinbodnar.com/resources/lib/shell.php' not found or unable to stat
[Thu Jul 08 00:29:26.519454 2021] [php7:error] [pid 29721] [client 27.147.202.214:13792] script '/var/www/html/wiki.justinbodnar.com/VSXySc4m.php' not found or unable to stat
[Thu Jul 08 00:29:26.650490 2021] [php7:error] [pid 30191] [client 27.147.202.214:10433] script '/var/www/html/wiki.justinbodnar.com/resources/lib/dra.php' not found or unable to stat
[Thu Jul 08 00:29:26.823449 2021] [php7:error] [pid 29721] [client 27.147.202.214:13792] script '/var/www/html/wiki.justinbodnar.com/db.php' not found or unable to stat
[Thu Jul 08 00:29:27.456556 2021] [php7:error] [pid 29721] [client 27.147.202.214:13792] script '/var/www/html/wiki.justinbodnar.com/conf.php' not found or unable to stat
[Thu Jul 08 00:29:27.502718 2021] [php7:error] [pid 30191] [client 27.147.202.214:10433] script '/var/www/html/wiki.justinbodnar.com/resources/lib/r.php' not found or unable to stat
[Thu Jul 08 00:29:27.837250 2021] [php7:error] [pid 30191] [client 27.147.202.214:10433] script '/var/www/html/wiki.justinbodnar.com/resources/lib/lol.php' not found or unable to stat
[Thu Jul 08 00:29:28.076854 2021] [access_compat:error] [pid 30034] [client 27.147.202.214:10560] AH01797: client denied by server configuration: /var/www/html/wiki.justinbodnar.com/includes/ofc
[Thu Jul 08 00:29:28.087764 2021] [php7:error] [pid 29721] [client 27.147.202.214:13792] script '/var/www/html/wiki.justinbodnar.com/settings.php' not found or unable to stat
[Thu Jul 08 00:29:28.680714 2021] [php7:error] [pid 30191] [client 27.147.202.214:10433] script '/var/www/html/wiki.justinbodnar.com/resources/lib/zehir.php' not found or unable to stat
[Thu Jul 08 00:29:28.736065 2021] [php7:error] [pid 29721] [client 27.147.202.214:13792] script '/var/www/html/wiki.justinbodnar.com/config.php' not found or unable to stat
[Thu Jul 08 00:29:28.996367 2021] [php7:error] [pid 30191] [client 27.147.202.214:10433] script '/var/www/html/wiki.justinbodnar.com/resources/lib/c-h.v2.php' not found or unable to stat
[Thu Jul 08 00:29:29.316787 2021] [php7:error] [pid 30191] [client 27.147.202.214:10433] script '/var/www/html/wiki.justinbodnar.com/resources/lib/php-backdoor.php' not found or unable to stat
[Thu Jul 08 00:29:29.373966 2021] [php7:error] [pid 29721] [client 27.147.202.214:13792] script '/var/www/html/wiki.justinbodnar.com/config.inc.php' not found or unable to stat
[Thu Jul 08 00:29:29.630807 2021] [php7:error] [pid 30191] [client 27.147.202.214:10433] script '/var/www/html/wiki.justinbodnar.com/resources/lib/simple-backdoor.php' not found or unable to stat
[Thu Jul 08 00:29:29.686021 2021] [php7:error] [pid 29721] [client 27.147.202.214:13792] script '/var/www/html/wiki.justinbodnar.com/localconfig.php' not found or unable to stat
[Thu Jul 08 00:29:29.914602 2021] [php7:error] [pid 29725] [client 27.147.202.214:13790] script '/var/www/html/wiki.justinbodnar.com/xmlrpc.php' not found or unable to stat
[Thu Jul 08 00:29:30.326850 2021] [php7:error] [pid 29721] [client 27.147.202.214:13792] script '/var/www/html/wiki.justinbodnar.com/configuration.php' not found or unable to stat
[Thu Jul 08 00:29:31.015928 2021] [authz_core:error] [pid 30220] [client 27.147.202.214:10431] AH01630: client denied by server configuration: /var/www/html/wiki.justinbodnar.com/resources/lib/html5shiv/.htaccess
[Thu Jul 08 00:29:31.230968 2021] [negotiation:error] [pid 29725] [client 27.147.202.214:13790] AH00687: Negotiation: discovered file(s) matching request: /var/www/html/wiki.justinbodnar.com/api (None could be negotiated).
[Thu Jul 08 00:29:31.501628 2021] [php7:error] [pid 29879] [client 27.147.202.214:9085] script '/var/www/html/wiki.justinbodnar.com/settings.inc.php' not found or unable to stat
[Thu Jul 08 00:29:31.822245 2021] [php7:error] [pid 29879] [client 27.147.202.214:9085] script '/var/www/html/wiki.justinbodnar.com/global.inc.php' not found or unable to stat
[Thu Jul 08 00:29:32.145323 2021] [php7:error] [pid 29879] [client 27.147.202.214:9085] script '/var/www/html/wiki.justinbodnar.com/database.php' not found or unable to stat
[Thu Jul 08 00:29:32.422062 2021] [negotiation:error] [pid 29612] [client 27.147.202.214:13662] AH00687: Negotiation: discovered file(s) matching request: /var/www/html/wiki.justinbodnar.com/thumb (None could be negotiated).
[Thu Jul 08 00:29:32.461490 2021] [php7:error] [pid 30026] [client 27.147.202.214:10561] script '/var/www/html/wiki.justinbodnar.com/resources/lib/html5shiv/phpinfo.php' not found or unable to stat
[Thu Jul 08 00:29:32.790823 2021] [php7:error] [pid 29879] [client 27.147.202.214:9085] script '/var/www/html/wiki.justinbodnar.com/database.inc.php' not found or unable to stat
[Thu Jul 08 00:29:33.088680 2021] [php7:error] [pid 30026] [client 27.147.202.214:10561] script '/var/www/html/wiki.justinbodnar.com/resources/lib/html5shiv/pi.php' not found or unable to stat
[Thu Jul 08 00:29:33.158859 2021] [php7:error] [pid 30191] [client 27.147.202.214:10433] script '/var/www/html/wiki.justinbodnar.com/xmlrpc.php' not found or unable to stat
[Thu Jul 08 00:29:33.705380 2021] [php7:error] [pid 30034] [client 27.147.202.214:10560] script '/var/www/html/wiki.justinbodnar.com/resources/lib/html5shiv/php.php' not found or unable to stat
[Thu Jul 08 00:29:33.797431 2021] [php7:error] [pid 29879] [client 27.147.202.214:9085] script '/var/www/html/wiki.justinbodnar.com/resources/lib/html5shiv/r57shell.php' not found or unable to stat
[Thu Jul 08 00:29:33.821594 2021] [php7:error] [pid 30191] [client 27.147.202.214:10433] script '/var/www/html/wiki.justinbodnar.com/xmlrpc.php' not found or unable to stat
[Thu Jul 08 00:29:33.853441 2021] [php7:error] [pid 30220] [client 27.147.202.214:10431] script '/var/www/html/wiki.justinbodnar.com/resources/lib/html5shiv/webadmin.php' not found or unable to stat
[Thu Jul 08 00:29:34.018159 2021] [php7:error] [pid 30034] [client 27.147.202.214:10560] script '/var/www/html/wiki.justinbodnar.com/resources/lib/html5shiv/i.php' not found or unable to stat
[Thu Jul 08 00:29:34.339571 2021] [php7:error] [pid 30034] [client 27.147.202.214:10560] script '/var/www/html/wiki.justinbodnar.com/resources/lib/html5shiv/test.php' not found or unable to stat
[Thu Jul 08 00:29:34.654263 2021] [php7:error] [pid 30034] [client 27.147.202.214:10560] script '/var/www/html/wiki.justinbodnar.com/resources/lib/html5shiv/temp.php' not found or unable to stat
[Thu Jul 08 00:29:34.663479 2021] [php7:error] [pid 29879] [client 27.147.202.214:9085] script '/var/www/html/wiki.justinbodnar.com/resources/lib/html5shiv/r57.php' not found or unable to stat
[Thu Jul 08 00:29:34.926050 2021] [access_compat:error] [pid 29721] [client 27.147.202.214:13792] AH01797: client denied by server configuration: /var/www/html/wiki.justinbodnar.com/includes/js
[Thu Jul 08 00:29:34.984154 2021] [php7:error] [pid 30191] [client 27.147.202.214:10433] script '/var/www/html/wiki.justinbodnar.com/xmlrpc.php' not found or unable to stat
[Thu Jul 08 00:29:34.989263 2021] [php7:error] [pid 29879] [client 27.147.202.214:9085] script '/var/www/html/wiki.justinbodnar.com/resources/lib/html5shiv/r58.php' not found or unable to stat
[Thu Jul 08 00:29:35.314942 2021] [php7:error] [pid 29879] [client 27.147.202.214:9085] script '/var/www/html/wiki.justinbodnar.com/resources/lib/html5shiv/c99shell.php' not found or unable to stat
[Thu Jul 08 00:29:35.498327 2021] [php7:error] [pid 30220] [client 27.147.202.214:10431] script '/var/www/html/wiki.justinbodnar.com/resources/lib/html5shiv/info.php' not found or unable to stat
[Thu Jul 08 00:29:35.568302 2021] [php7:error] [pid 29951] [client 27.147.202.214:10430] script '/var/www/html/wiki.justinbodnar.com/phpThumb.php' not found or unable to stat
[Thu Jul 08 00:29:35.624084 2021] [php7:error] [pid 30191] [client 27.147.202.214:10433] script '/var/www/html/wiki.justinbodnar.com/xmlrpc.php' not found or unable to stat
[Thu Jul 08 00:29:35.639718 2021] [php7:error] [pid 29879] [client 27.147.202.214:9085] script '/var/www/html/wiki.justinbodnar.com/resources/lib/html5shiv/c99.php' not found or unable to stat
[Thu Jul 08 00:29:36.209574 2021] [php7:error] [pid 30411] [client 27.147.202.214:13588] script '/var/www/html/wiki.justinbodnar.com/skins/2398u8ozg5j7.php' not found or unable to stat, referer: https://wiki.justinbodnar.com/
[Thu Jul 08 00:29:36.264992 2021] [php7:error] [pid 30191] [client 27.147.202.214:10433] script '/var/www/html/wiki.justinbodnar.com/soap.php' not found or unable to stat
[Thu Jul 08 00:29:36.489929 2021] [authz_core:error] [pid 30219] [client 27.147.202.214:13793] AH01630: client denied by server configuration: /var/www/html/wiki.justinbodnar.com/resources/.htaccess~
[Thu Jul 08 00:29:36.689216 2021] [php7:error] [pid 30026] [client 27.147.202.214:10561] script '/var/www/html/wiki.justinbodnar.com/resources/lib/html5shiv/nstview.php' not found or unable to stat
[Thu Jul 08 00:29:36.804290 2021] [authz_core:error] [pid 30219] [client 27.147.202.214:13793] AH01630: client denied by server configuration: /var/www/html/wiki.justinbodnar.com/resources/.htaccess.old
[Thu Jul 08 00:29:36.843356 2021] [core:error] [pid 29725] [client 27.147.202.214:13790] AH00126: Invalid URI in request GET /skins/../../../../../../../../z/../../../../../../../../../etc/shells HTTP/1.1
[Thu Jul 08 00:29:36.889853 2021] [php7:error] [pid 30191] [client 27.147.202.214:10433] script '/var/www/html/wiki.justinbodnar.com/soap.php' not found or unable to stat
[Thu Jul 08 00:29:36.995710 2021] [php7:error] [pid 30026] [client 27.147.202.214:10561] script '/var/www/html/wiki.justinbodnar.com/resources/lib/html5shiv/nst.php' not found or unable to stat
[Thu Jul 08 00:29:37.116586 2021] [authz_core:error] [pid 30219] [client 27.147.202.214:13793] AH01630: client denied by server configuration: /var/www/html/wiki.justinbodnar.com/resources/.htaccess.save
[Thu Jul 08 00:29:37.144904 2021] [access_compat:error] [pid 29721] [client 27.147.202.214:13792] AH01797: client denied by server configuration: /var/www/html/wiki.justinbodnar.com/includes/tiny_mce
[Thu Jul 08 00:29:37.312489 2021] [php7:error] [pid 30026] [client 27.147.202.214:10561] script '/var/www/html/wiki.justinbodnar.com/resources/lib/html5shiv/rst.php' not found or unable to stat
[Thu Jul 08 00:29:37.461117 2021] [access_compat:error] [pid 29721] [client 27.147.202.214:13792] AH01797: client denied by server configuration: /var/www/html/wiki.justinbodnar.com/includes/tinymce
[Thu Jul 08 00:29:37.539772 2021] [php7:error] [pid 30191] [client 27.147.202.214:10433] script '/var/www/html/wiki.justinbodnar.com/soap.php' not found or unable to stat
[Thu Jul 08 00:29:37.621512 2021] [php7:error] [pid 30026] [client 27.147.202.214:10561] script '/var/www/html/wiki.justinbodnar.com/resources/lib/html5shiv/r57eng.php' not found or unable to stat
[Thu Jul 08 00:29:37.942922 2021] [php7:error] [pid 30220] [client 27.147.202.214:10431] script '/var/www/html/wiki.justinbodnar.com/resources/lib/html5shiv/shell.php' not found or unable to stat
[Thu Jul 08 00:29:38.171726 2021] [php7:error] [pid 30191] [client 27.147.202.214:10433] script '/var/www/html/wiki.justinbodnar.com/soap.php' not found or unable to stat
[Thu Jul 08 00:29:38.261389 2021] [php7:error] [pid 30220] [client 27.147.202.214:10431] script '/var/www/html/wiki.justinbodnar.com/resources/lib/html5shiv/dra.php' not found or unable to stat
[Thu Jul 08 00:29:38.582084 2021] [php7:error] [pid 30220] [client 27.147.202.214:10431] script '/var/www/html/wiki.justinbodnar.com/resources/lib/html5shiv/r.php' not found or unable to stat
[Thu Jul 08 00:29:38.822216 2021] [php7:error] [pid 30191] [client 27.147.202.214:10433] script '/var/www/html/wiki.justinbodnar.com/xmlrpc-server.php' not found or unable to stat
[Thu Jul 08 00:29:38.893002 2021] [php7:error] [pid 30220] [client 27.147.202.214:10431] script '/var/www/html/wiki.justinbodnar.com/resources/lib/html5shiv/lol.php' not found or unable to stat
[Thu Jul 08 00:29:39.205579 2021] [php7:error] [pid 30220] [client 27.147.202.214:10431] script '/var/www/html/wiki.justinbodnar.com/resources/lib/html5shiv/zehir.php' not found or unable to stat
[Thu Jul 08 00:29:39.410143 2021] [php7:error] [pid 29683] [client 27.147.202.214:13789] script '/var/www/html/wiki.justinbodnar.com/skins/Vector/8g0j0svngd4l.php' not found or unable to stat, referer: https://wiki.justinbodnar.com/
[Thu Jul 08 00:29:39.448001 2021] [php7:error] [pid 30191] [client 27.147.202.214:10433] script '/var/www/html/wiki.justinbodnar.com/xmlrpc-server.php' not found or unable to stat
[Thu Jul 08 00:29:39.514600 2021] [php7:error] [pid 30029] [client 27.147.202.214:13804] script '/var/www/html/wiki.justinbodnar.com/resources/lib/html5shiv/c-h.v2.php' not found or unable to stat
[Thu Jul 08 00:29:39.836290 2021] [php7:error] [pid 30029] [client 27.147.202.214:13804] script '/var/www/html/wiki.justinbodnar.com/resources/lib/html5shiv/php-backdoor.php' not found or unable to stat
[Thu Jul 08 00:29:39.873820 2021] [php7:error] [pid 30199] [client 27.147.202.214:13646] script '/var/www/html/wiki.justinbodnar.com/skins/Vector/resources/zim94oikggws.php' not found or unable to stat, referer: https://wiki.justinbodnar.com/
[Thu Jul 08 00:29:40.073087 2021] [php7:error] [pid 30222] [client 27.147.202.214:13661] script '/var/www/html/wiki.justinbodnar.com/xmlrpc-server.php' not found or unable to stat
[Thu Jul 08 00:29:40.145168 2021] [php7:error] [pid 30029] [client 27.147.202.214:13804] script '/var/www/html/wiki.justinbodnar.com/resources/lib/html5shiv/simple-backdoor.php' not found or unable to stat
[Thu Jul 08 00:29:40.382459 2021] [php7:error] [pid 29548] [client 27.147.202.214:13592] script '/var/www/html/wiki.justinbodnar.com/skins/Vector/resources/skins.vector.styles/r0zygbvmqng5.php' not found or unable to stat, referer: https://wiki.justinbodnar.com/
[Thu Jul 08 00:29:40.498404 2021] [authz_core:error] [pid 29612] [client 27.147.202.214:13662] AH01630: client denied by server configuration: /var/www/html/wiki.justinbodnar.com/resources/lib/.htaccess~
[Thu Jul 08 00:29:40.717735 2021] [php7:error] [pid 29548] [client 27.147.202.214:13592] script '/var/www/html/wiki.justinbodnar.com/skins/Vector/resources/skins.vector.styles/images/8iufr792vycy.php' not found or unable to stat, referer: https://wiki.justinbodnar.com/
[Thu Jul 08 00:29:40.735903 2021] [php7:error] [pid 30222] [client 27.147.202.214:13661] script '/var/www/html/wiki.justinbodnar.com/xmlrpc-server.php' not found or unable to stat
[Thu Jul 08 00:29:40.815024 2021] [authz_core:error] [pid 29612] [client 27.147.202.214:13662] AH01630: client denied by server configuration: /var/www/html/wiki.justinbodnar.com/resources/lib/.htaccess.old
[Thu Jul 08 00:29:41.148390 2021] [authz_core:error] [pid 29612] [client 27.147.202.214:13662] AH01630: client denied by server configuration: /var/www/html/wiki.justinbodnar.com/resources/lib/.htaccess.save
[Thu Jul 08 00:29:41.405186 2021] [php7:error] [pid 30222] [client 27.147.202.214:13661] script '/var/www/html/wiki.justinbodnar.com/xmlrpc_server.php' not found or unable to stat
[Thu Jul 08 00:29:41.410629 2021] [php7:error] [pid 30219] [client 27.147.202.214:13793] script '/var/www/html/wiki.justinbodnar.com/skins/Vector/apc.php' not found or unable to stat
[Thu Jul 08 00:29:41.732764 2021] [authz_core:error] [pid 30029] [client 27.147.202.214:13804] AH01630: client denied by server configuration: /var/www/html/wiki.justinbodnar.com/skins/Vector/.htaccess
[Thu Jul 08 00:29:42.080647 2021] [php7:error] [pid 30222] [client 27.147.202.214:13661] script '/var/www/html/wiki.justinbodnar.com/xmlrpc_server.php' not found or unable to stat
[Thu Jul 08 00:29:42.225674 2021] [php7:error] [pid 30199] [client 27.147.202.214:13646] script '/var/www/html/wiki.justinbodnar.com/skins/Vector/phpinfo.php' not found or unable to stat
[Thu Jul 08 00:29:42.458378 2021] [php7:error] [pid 29995] [client 27.147.202.214:13649] script '/var/www/html/wiki.justinbodnar.com/skins/Vector/r57shell.php' not found or unable to stat
[Thu Jul 08 00:29:42.751179 2021] [php7:error] [pid 30222] [client 27.147.202.214:13661] script '/var/www/html/wiki.justinbodnar.com/xmlrpc_server.php' not found or unable to stat
[Thu Jul 08 00:29:42.776996 2021] [php7:error] [pid 30203] [client 27.147.202.214:13648] script '/var/www/html/wiki.justinbodnar.com/skins/Vector/r57.php' not found or unable to stat
[Thu Jul 08 00:29:42.782699 2021] [php7:error] [pid 29995] [client 27.147.202.214:13649] script '/var/www/html/wiki.justinbodnar.com/skins/Vector/resources/apc.php' not found or unable to stat
[Thu Jul 08 00:29:43.097626 2021] [php7:error] [pid 30203] [client 27.147.202.214:13648] script '/var/www/html/wiki.justinbodnar.com/skins/Vector/r58.php' not found or unable to stat
[Thu Jul 08 00:29:43.214902 2021] [authz_core:error] [pid 29951] [client 27.147.202.214:10430] AH01630: client denied by server configuration: /var/www/html/wiki.justinbodnar.com/resources/lib/html5shiv/.htaccess~
[Thu Jul 08 00:29:43.251145 2021] [php7:error] [pid 29651] [client 27.147.202.214:13651] script '/var/www/html/wiki.justinbodnar.com/skins/Vector/webadmin.php' not found or unable to stat
[Thu Jul 08 00:29:43.410033 2021] [php7:error] [pid 30203] [client 27.147.202.214:13648] script '/var/www/html/wiki.justinbodnar.com/skins/Vector/c99shell.php' not found or unable to stat
[Thu Jul 08 00:29:43.420318 2021] [php7:error] [pid 30222] [client 27.147.202.214:13661] script '/var/www/html/wiki.justinbodnar.com/xmlrpc_server.php' not found or unable to stat
[Thu Jul 08 00:29:43.557662 2021] [php7:error] [pid 30199] [client 27.147.202.214:13646] script '/var/www/html/wiki.justinbodnar.com/skins/Vector/pi.php' not found or unable to stat
[Thu Jul 08 00:29:43.711722 2021] [php7:error] [pid 30203] [client 27.147.202.214:13648] script '/var/www/html/wiki.justinbodnar.com/skins/Vector/c99.php' not found or unable to stat
[Thu Jul 08 00:29:44.032804 2021] [php7:error] [pid 30203] [client 27.147.202.214:13648] script '/var/www/html/wiki.justinbodnar.com/skins/Vector/nstview.php' not found or unable to stat
[Thu Jul 08 00:29:44.081571 2021] [authz_core:error] [pid 29951] [client 27.147.202.214:10430] AH01630: client denied by server configuration: /var/www/html/wiki.justinbodnar.com/resources/lib/html5shiv/.htaccess.old
[Thu Jul 08 00:29:44.154986 2021] [authz_core:error] [pid 29992] [client 27.147.202.214:10565] AH01630: client denied by server configuration: /var/www/html/wiki.justinbodnar.com/skins/Vector/resources/.htaccess
[Thu Jul 08 00:29:44.205717 2021] [php7:error] [pid 29683] [client 27.147.202.214:13789] script '/var/www/html/wiki.justinbodnar.com/skins/Vector/php.php' not found or unable to stat
[Thu Jul 08 00:29:44.346534 2021] [php7:error] [pid 30203] [client 27.147.202.214:13648] script '/var/www/html/wiki.justinbodnar.com/skins/Vector/nst.php' not found or unable to stat
[Thu Jul 08 00:29:44.516393 2021] [php7:error] [pid 29683] [client 27.147.202.214:13789] script '/var/www/html/wiki.justinbodnar.com/skins/Vector/i.php' not found or unable to stat
[Thu Jul 08 00:29:44.836783 2021] [php7:error] [pid 29722] [client 27.147.202.214:13647] script '/var/www/html/wiki.justinbodnar.com/skins/Vector/test.php' not found or unable to stat
[Thu Jul 08 00:29:44.939074 2021] [authz_core:error] [pid 29951] [client 27.147.202.214:10430] AH01630: client denied by server configuration: /var/www/html/wiki.justinbodnar.com/resources/lib/html5shiv/.htaccess.save
[Thu Jul 08 00:29:45.002375 2021] [php7:error] [pid 29874] [client 27.147.202.214:13650] script '/var/www/html/wiki.justinbodnar.com/skins/Vector/resources/phpinfo.php' not found or unable to stat
